2018-06-30 02:59:26.965 13571 DEBUG neutron.db.quota.driver [req-6c2a2ca0-5049-44de-90ba-fe2c35194bc2 4e72ad8ceb8f47a28db5a4b3551f9335 007e7f1ed2554995b505b934dd328646 - default default] Resources subnetpool have unlimited quota limit. It is not required to calculate headroom  make_reservation /usr/lib/python2.7/site-packages/neutron/db/quota/driver.py:223
2018-06-30 02:59:26.979 13571 DEBUG neutron.quota.resource [req-6c2a2ca0-5049-44de-90ba-fe2c35194bc2 4e72ad8ceb8f47a28db5a4b3551f9335 007e7f1ed2554995b505b934dd328646 - default default] Usage tracker for resource:floatingip and tenant:1e0e2ae7c47a4f1c882e18b7645eb9ea is out of sync, need to count used quota count_used /usr/lib/python2.7/site-packages/neutron/quota/resource.py:274
2018-06-30 02:59:26.995 13571 DEBUG neutron.quota.resource [req-6c2a2ca0-5049-44de-90ba-fe2c35194bc2 4e72ad8ceb8f47a28db5a4b3551f9335 007e7f1ed2554995b505b934dd328646 - default default] Quota usage for floatingip was recalculated. Used quota:0. count_used /usr/lib/python2.7/site-packages/neutron/quota/resource.py:293
2018-06-30 02:59:27.025 13571 DEBUG neutron.db.quota.driver [req-6c2a2ca0-5049-44de-90ba-fe2c35194bc2 4e72ad8ceb8f47a28db5a4b3551f9335 007e7f1ed2554995b505b934dd328646 - default default] Attempting to reserve 1 items for resource floatingip. Total usage: 0; quota limit: 50; headroom:50 make_reservation /usr/lib/python2.7/site-packages/neutron/db/quota/driver.py:255
2018-06-30 02:59:27.527 13571 DEBUG neutron_lib.callbacks.manager [req-6c2a2ca0-5049-44de-90ba-fe2c35194bc2 4e72ad8ceb8f47a28db5a4b3551f9335 007e7f1ed2554995b505b934dd328646 - default default] Notify callbacks ['neutron.plugins.ml2.plugin.Ml2Plugin._ensure_default_security_group_handler--9223372036854336920'] for port, before_create _notify_loop /usr/lib/python2.7/site-packages/neutron_lib/callbacks/manager.py:167
2018-06-30 02:59:28.601 13571 DEBUG neutron.db.db_base_plugin_common [req-6c2a2ca0-5049-44de-90ba-fe2c35194bc2 4e72ad8ceb8f47a28db5a4b3551f9335 007e7f1ed2554995b505b934dd328646 - default default] Allocated IP 172.24.4.16 (27d015bc-8cdc-4cb5-ad0f-6c388c7b7d5e/13c1b0d0-0ad2-44d1-9c10-321cd0119f52/ad3cd89e-f80c-49e0-be33-29d20e90ff48) _store_ip_allocation /usr/lib/python2.7/site-packages/neutron/db/db_base_plugin_common.py:122
2018-06-30 02:59:29.196 13580 DEBUG neutron_lib.callbacks.manager [req-07b0e8c2-72fc-43f0-9cd8-56f3e53bf00a - - - - -] Notify callbacks ['neutron.services.segments.db._update_segment_host_mapping_for_agent-8792486249010'] for agent, after_update _notify_loop /usr/lib/python2.7/site-packages/neutron_lib/callbacks/manager.py:167
2018-06-30 02:59:29.203 13571 DEBUG neutron_lib.callbacks.manager [req-6c2a2ca0-5049-44de-90ba-fe2c35194bc2 4e72ad8ceb8f47a28db5a4b3551f9335 007e7f1ed2554995b505b934dd328646 - default default] Notify callbacks [] for port, precommit_create _notify_loop /usr/lib/python2.7/site-packages/neutron_lib/callbacks/manager.py:167
2018-06-30 02:59:29.207 13578 DEBUG neutron_lib.callbacks.manager [req-79204d01-6039-478b-bfa8-cd566b365b0d - - - - -] Notify callbacks ['neutron.services.segments.db._update_segment_host_mapping_for_agent-8792486249010'] for agent, after_update _notify_loop /usr/lib/python2.7/site-packages/neutron_lib/callbacks/manager.py:167
2018-06-30 02:59:29.439 13571 DEBUG neutron_lib.callbacks.manager [req-6c2a2ca0-5049-44de-90ba-fe2c35194bc2 4e72ad8ceb8f47a28db5a4b3551f9335 007e7f1ed2554995b505b934dd328646 - default default] Notify callbacks ['neutron.plugins.ml2.ovo_rpc._ObjectChangeHandler.handle_event-33018914', 'neutron.api.rpc.agentnotifiers.dhcp_rpc_agent_api.DhcpAgentNotifyAPI._native_event_send_dhcp_notification-32880147', 'neutron.db.l3_dvrscheduler_db._notify_l3_agent_new_port-8792485886378', 'neutron.plugins.ml2.plugin.Ml2Plugin.notify_sg_on_port_change-438997'] for port, after_create _notify_loop /usr/lib/python2.7/site-packages/neutron_lib/callbacks/manager.py:167
2018-06-30 02:59:29.474 13571 DEBUG oslo_concurrency.lockutils [-] Lock "event-dispatch" acquired by "neutron.plugins.ml2.ovo_rpc.dispatch_events" :: waited 0.002s inner /usr/lib/python2.7/site-packages/oslo_concurrency/lockutils.py:270
2018-06-30 02:59:29.920 13581 DEBUG neutron_lib.callbacks.manager [req-a65d4370-0e1d-4e4d-8af1-a3ed371d2889 - - - - -] Notify callbacks ['neutron.services.segments.db._update_segment_host_mapping_for_agent-8792486249010'] for agent, after_update _notify_loop /usr/lib/python2.7/site-packages/neutron_lib/callbacks/manager.py:167
2018-06-30 02:59:30.705 13571 DEBUG neutron.api.rpc.handlers.resources_rpc [req-6c2a2ca0-5049-44de-90ba-fe2c35194bc2 4e72ad8ceb8f47a28db5a4b3551f9335 007e7f1ed2554995b505b934dd328646 - - -] neutron.api.rpc.handlers.resources_rpc.ResourcesPushRpcApi method push called with arguments (<neutron_lib.context.Context object at 0x7ff28ef6fb10>, [Port(admin_state_up=True,allowed_address_pairs=[],binding=PortBinding,binding_levels=[],created_at=2018-06-30T00:59:28Z,data_plane_status=<?>,description='',device_id='PENDING',device_owner='network:floatingip',dhcp_options=[],distributed_binding=None,dns=None,fixed_ips=[IPAllocation],id=ad3cd89e-f80c-49e0-be33-29d20e90ff48,mac_address=fa:16:3e:ad:77:8c,name='',network_id=27d015bc-8cdc-4cb5-ad0f-6c388c7b7d5e,project_id='',qos_policy_id=None,revision_number=3,security=PortSecurity(ad3cd89e-f80c-49e0-be33-29d20e90ff48),security_group_ids=set([]),status='N/A',updated_at=2018-06-30T00:59:29Z)], 'updated') {} wrapper /usr/lib/python2.7/site-packages/oslo_log/helpers.py:66
2018-06-30 02:59:30.804 13571 DEBUG neutron.api.rpc.callbacks.version_manager [req-6c2a2ca0-5049-44de-90ba-fe2c35194bc2 4e72ad8ceb8f47a28db5a4b3551f9335 007e7f1ed2554995b505b934dd328646 - - -] Version for resource type Subnet changed None to 1.0 on consumer Open vSwitch agent@localhost.localdomain _set_version /usr/lib/python2.7/site-packages/neutron/api/rpc/callbacks/version_manager.py:119
2018-06-30 02:59:30.805 13571 DEBUG neutron.api.rpc.callbacks.version_manager [req-6c2a2ca0-5049-44de-90ba-fe2c35194bc2 4e72ad8ceb8f47a28db5a4b3551f9335 007e7f1ed2554995b505b934dd328646 - - -] Version for resource type Network changed None to 1.0 on consumer Open vSwitch agent@localhost.localdomain _set_version /usr/lib/python2.7/site-packages/neutron/api/rpc/callbacks/version_manager.py:119
2018-06-30 02:59:30.806 13571 DEBUG neutron.api.rpc.callbacks.version_manager [req-6c2a2ca0-5049-44de-90ba-fe2c35194bc2 4e72ad8ceb8f47a28db5a4b3551f9335 007e7f1ed2554995b505b934dd328646 - - -] Version for resource type SubPort changed None to 1.0 on consumer Open vSwitch agent@localhost.localdomain _set_version /usr/lib/python2.7/site-packages/neutron/api/rpc/callbacks/version_manager.py:119
2018-06-30 02:59:30.806 13571 DEBUG neutron.api.rpc.callbacks.version_manager [req-6c2a2ca0-5049-44de-90ba-fe2c35194bc2 4e72ad8ceb8f47a28db5a4b3551f9335 007e7f1ed2554995b505b934dd328646 - - -] Version for resource type SecurityGroup changed None to 1.0 on consumer Open vSwitch agent@localhost.localdomain _set_version /usr/lib/python2.7/site-packages/neutron/api/rpc/callbacks/version_manager.py:119
2018-06-30 02:59:30.807 13571 DEBUG neutron.api.rpc.callbacks.version_manager [req-6c2a2ca0-5049-44de-90ba-fe2c35194bc2 4e72ad8ceb8f47a28db5a4b3551f9335 007e7f1ed2554995b505b934dd328646 - - -] Version for resource type SecurityGroupRule changed None to 1.0 on consumer Open vSwitch agent@localhost.localdomain _set_version /usr/lib/python2.7/site-packages/neutron/api/rpc/callbacks/version_manager.py:119
2018-06-30 02:59:30.807 13571 DEBUG neutron.api.rpc.callbacks.version_manager [req-6c2a2ca0-5049-44de-90ba-fe2c35194bc2 4e72ad8ceb8f47a28db5a4b3551f9335 007e7f1ed2554995b505b934dd328646 - - -] Version for resource type Trunk changed None to 1.1 on consumer Open vSwitch agent@localhost.localdomain _set_version /usr/lib/python2.7/site-packages/neutron/api/rpc/callbacks/version_manager.py:119
2018-06-30 02:59:30.809 13571 DEBUG neutron.api.rpc.callbacks.version_manager [req-6c2a2ca0-5049-44de-90ba-fe2c35194bc2 4e72ad8ceb8f47a28db5a4b3551f9335 007e7f1ed2554995b505b934dd328646 - - -] Version for resource type QosPolicy changed None to 1.6 on consumer Open vSwitch agent@localhost.localdomain _set_version /usr/lib/python2.7/site-packages/neutron/api/rpc/callbacks/version_manager.py:119
2018-06-30 02:59:30.816 13571 DEBUG neutron.api.rpc.callbacks.version_manager [req-6c2a2ca0-5049-44de-90ba-fe2c35194bc2 4e72ad8ceb8f47a28db5a4b3551f9335 007e7f1ed2554995b505b934dd328646 - - -] Version for resource type Port changed None to 1.1 on consumer Open vSwitch agent@localhost.localdomain _set_version /usr/lib/python2.7/site-packages/neutron/api/rpc/callbacks/version_manager.py:119
2018-06-30 02:59:30.817 13571 DEBUG neutron.api.rpc.callbacks.version_manager [req-6c2a2ca0-5049-44de-90ba-fe2c35194bc2 4e72ad8ceb8f47a28db5a4b3551f9335 007e7f1ed2554995b505b934dd328646 - - -] Version for resource type Log changed None to 1.0 on consumer Open vSwitch agent@localhost.localdomain _set_version /usr/lib/python2.7/site-packages/neutron/api/rpc/callbacks/version_manager.py:119
2018-06-30 02:59:30.821 13571 DEBUG neutron.api.rpc.callbacks.version_manager [req-6c2a2ca0-5049-44de-90ba-fe2c35194bc2 4e72ad8ceb8f47a28db5a4b3551f9335 007e7f1ed2554995b505b934dd328646 - - -] Tracked resource versions report:
pushed versions:
{   'Log': set(['1.0']),
    'Network': set(['1.0']),
    'Port': set(['1.1']),
    'QosPolicy': set(['1.6']),
    'SecurityGroup': set(['1.0']),
    'SecurityGroupRule': set(['1.0']),
    'SubPort': set(['1.0']),
    'Subnet': set(['1.0']),
    'Trunk': set(['1.1'])}

consumer versions:
{   DHCP agent@localhost.localdomain: {   },
    L3 agent@localhost.localdomain: {   },
    Metadata agent@localhost.localdomain: {   },
    Metering agent@localhost.localdomain: {   },
    Open vSwitch agent@localhost.localdomain: {   u'Log': u'1.0',
                                                  u'Network': u'1.0',
                                                  u'Port': u'1.1',
                                                  u'QosPolicy': u'1.6',
                                                  u'SecurityGroup': u'1.0',
                                                  u'SecurityGroupRule': u'1.0',
                                                  u'SubPort': u'1.0',
                                                  u'Subnet': u'1.0',
                                                  u'Trunk': u'1.1'}}
 report /usr/lib/python2.7/site-packages/neutron/api/rpc/callbacks/version_manager.py:178
2018-06-30 02:59:31.264 13571 DEBUG neutron.scheduler.dhcp_agent_scheduler [req-6c2a2ca0-5049-44de-90ba-fe2c35194bc2 4e72ad8ceb8f47a28db5a4b3551f9335 007e7f1ed2554995b505b934dd328646 - default default] Network 27d015bc-8cdc-4cb5-ad0f-6c388c7b7d5e is already hosted by enough agents. _get_dhcp_agents_hosting_network /usr/lib/python2.7/site-packages/neutron/scheduler/dhcp_agent_scheduler.py:243
2018-06-30 02:59:31.275 13571 DEBUG oslo_concurrency.lockutils [req-6c2a2ca0-5049-44de-90ba-fe2c35194bc2 4e72ad8ceb8f47a28db5a4b3551f9335 007e7f1ed2554995b505b934dd328646 - - -] Lock "event-dispatch" released by "neutron.plugins.ml2.ovo_rpc.dispatch_events" :: held 1.803s inner /usr/lib/python2.7/site-packages/oslo_concurrency/lockutils.py:282
2018-06-30 02:59:31.324 13571 INFO neutron.wsgi [req-484a424e-bc46-4a27-ac8d-57078307b243 05c51704eb6041e88c7ea0d14415a0f2 4340e242277144a39aad7507a87ea19b - default default] 10.0.20.23 "GET /v2.0/ports?device_id=847f1077-283c-4ad9-a17a-4f3b415b788a HTTP/1.1" status: 200  len: 1123 time: 0.7933002
2018-06-30 02:59:31.326 13571 DEBUG neutron.db.l3_dvrscheduler_db [req-6c2a2ca0-5049-44de-90ba-fe2c35194bc2 4e72ad8ceb8f47a28db5a4b3551f9335 007e7f1ed2554995b505b934dd328646 - default default] Received port after_create _notify_l3_agent_new_port /usr/lib/python2.7/site-packages/neutron/db/l3_dvrscheduler_db.py:392
2018-06-30 02:59:31.424 13582 DEBUG neutron_lib.callbacks.manager [req-35277337-9e2f-4eff-902d-de75df486057 - - - - -] Notify callbacks ['neutron.services.segments.db._update_segment_host_mapping_for_agent-8792486249010'] for agent, after_update _notify_loop /usr/lib/python2.7/site-packages/neutron_lib/callbacks/manager.py:167
2018-06-30 02:59:31.489 13571 DEBUG neutron_lib.callbacks.manager [req-6c2a2ca0-5049-44de-90ba-fe2c35194bc2 4e72ad8ceb8f47a28db5a4b3551f9335 007e7f1ed2554995b505b934dd328646 - default default] Notify callbacks ['neutron.plugins.ml2.plugin.Ml2Plugin._ensure_default_security_group_handler--9223372036854336920'] for port, before_update _notify_loop /usr/lib/python2.7/site-packages/neutron_lib/callbacks/manager.py:167
2018-06-30 02:59:32.030 13571 INFO neutron.wsgi [req-49ab7c7b-d190-4a87-b868-e718d1b1120c 05c51704eb6041e88c7ea0d14415a0f2 4340e242277144a39aad7507a87ea19b - default default] 10.0.20.23 "GET /v2.0/security-groups?id=b50869ca-9005-4f59-84d9-2815359b5a25 HTTP/1.1" status: 200  len: 2118 time: 0.6919222
2018-06-30 02:59:32.054 13571 DEBUG neutron_lib.callbacks.manager [req-6c2a2ca0-5049-44de-90ba-fe2c35194bc2 4e72ad8ceb8f47a28db5a4b3551f9335 007e7f1ed2554995b505b934dd328646 - default default] Notify callbacks [] for port, precommit_update _notify_loop /usr/lib/python2.7/site-packages/neutron_lib/callbacks/manager.py:167
2018-06-30 02:59:32.081 13571 DEBUG neutron_lib.callbacks.manager [req-6c2a2ca0-5049-44de-90ba-fe2c35194bc2 4e72ad8ceb8f47a28db5a4b3551f9335 007e7f1ed2554995b505b934dd328646 - default default] Notify callbacks ['neutron.plugins.ml2.ovo_rpc._ObjectChangeHandler.handle_event-33018914', 'neutron.db.l3_dvrscheduler_db._notify_l3_agent_port_update-8792485886393', 'neutron.api.rpc.agentnotifiers.dhcp_rpc_agent_api.DhcpAgentNotifyAPI._native_event_send_dhcp_notification-32880147', 'neutron.db.l3_hascheduler_db._notify_l3_agent_ha_port_update--9223363244368888820', 'neutron.plugins.ml2.plugin.Ml2Plugin.notify_sg_on_port_change-438997'] for port, after_update _notify_loop /usr/lib/python2.7/site-packages/neutron_lib/callbacks/manager.py:167
2018-06-30 02:59:32.126 13571 DEBUG oslo_concurrency.lockutils [-] Lock "event-dispatch" acquired by "neutron.plugins.ml2.ovo_rpc.dispatch_events" :: waited 0.000s inner /usr/lib/python2.7/site-packages/oslo_concurrency/lockutils.py:270
2018-06-30 02:59:32.411 13571 DEBUG neutron.api.rpc.handlers.resources_rpc [req-6c2a2ca0-5049-44de-90ba-fe2c35194bc2 4e72ad8ceb8f47a28db5a4b3551f9335 007e7f1ed2554995b505b934dd328646 - - -] neutron.api.rpc.handlers.resources_rpc.ResourcesPushRpcApi method push called with arguments (<neutron_lib.context.Context object at 0x7ff28f934c50>, [Port(admin_state_up=True,allowed_address_pairs=[],binding=PortBinding,binding_levels=[],created_at=2018-06-30T00:59:28Z,data_plane_status=<?>,description='',device_id='f2577ff7-a759-420f-8071-5118d9a50538',device_owner='network:floatingip',dhcp_options=[],distributed_binding=None,dns=None,fixed_ips=[IPAllocation],id=ad3cd89e-f80c-49e0-be33-29d20e90ff48,mac_address=fa:16:3e:ad:77:8c,name='',network_id=27d015bc-8cdc-4cb5-ad0f-6c388c7b7d5e,project_id='',qos_policy_id=None,revision_number=4,security=PortSecurity(ad3cd89e-f80c-49e0-be33-29d20e90ff48),security_group_ids=set([]),status='N/A',updated_at=2018-06-30T00:59:31Z)], 'updated') {} wrapper /usr/lib/python2.7/site-packages/oslo_log/helpers.py:66
2018-06-30 02:59:32.435 13571 DEBUG oslo_concurrency.lockutils [req-6c2a2ca0-5049-44de-90ba-fe2c35194bc2 4e72ad8ceb8f47a28db5a4b3551f9335 007e7f1ed2554995b505b934dd328646 - - -] Lock "event-dispatch" released by "neutron.plugins.ml2.ovo_rpc.dispatch_events" :: held 0.309s inner /usr/lib/python2.7/site-packages/oslo_concurrency/lockutils.py:282
2018-06-30 02:59:32.522 13571 DEBUG neutron_lib.callbacks.manager [req-6c2a2ca0-5049-44de-90ba-fe2c35194bc2 4e72ad8ceb8f47a28db5a4b3551f9335 007e7f1ed2554995b505b934dd328646 - default default] Notify callbacks ['neutron.services.l3_router.l3_router_plugin.L3RouterPlugin._create_dvr_floating_gw_port-33062356'] for floatingip, after_update _notify_loop /usr/lib/python2.7/site-packages/neutron_lib/callbacks/manager.py:167
2018-06-30 02:59:32.565 13573 DEBUG neutron.wsgi [-] (13573) accepted ('10.0.20.23', 56350) server /usr/lib/python2.7/site-packages/eventlet/wsgi.py:883
2018-06-30 02:59:32.593 13571 DEBUG neutron.quota.resource [req-6c2a2ca0-5049-44de-90ba-fe2c35194bc2 4e72ad8ceb8f47a28db5a4b3551f9335 007e7f1ed2554995b505b934dd328646 - default default] Persisted dirty status for tenant:1e0e2ae7c47a4f1c882e18b7645eb9ea on resource:floatingip mark_dirty /usr/lib/python2.7/site-packages/neutron/quota/resource.py:207
2018-06-30 02:59:32.603 13571 DEBUG neutron.quota.resource [req-6c2a2ca0-5049-44de-90ba-fe2c35194bc2 4e72ad8ceb8f47a28db5a4b3551f9335 007e7f1ed2554995b505b934dd328646 - default default] Persisted dirty status for tenant: on resource:port mark_dirty /usr/lib/python2.7/site-packages/neutron/quota/resource.py:207
2018-06-30 02:59:32.631 13571 DEBUG neutron_lib.callbacks.manager [req-6c2a2ca0-5049-44de-90ba-fe2c35194bc2 4e72ad8ceb8f47a28db5a4b3551f9335 007e7f1ed2554995b505b934dd328646 - default default] Notify callbacks ['neutron.notifiers.nova.Notifier._send_nova_notification--9223372036854712624'] for floatingip, before_response _notify_loop /usr/lib/python2.7/site-packages/neutron_lib/callbacks/manager.py:167
2018-06-30 02:59:32.632 13571 INFO neutron.wsgi [req-6c2a2ca0-5049-44de-90ba-fe2c35194bc2 4e72ad8ceb8f47a28db5a4b3551f9335 007e7f1ed2554995b505b934dd328646 - default default] 10.0.20.23 "POST /v2.0/floatingips HTTP/1.1" status: 201  len: 675 time: 5.8263400
2018-06-30 02:59:33.112 13573 INFO neutron.wsgi [req-37c940cf-ddaa-4d8a-8e96-995fc5d5eedf 72eef6c8af39495084702b0217df08d6 4340e242277144a39aad7507a87ea19b - default default] 10.0.20.23 "GET /v2.0/ports?device_id=847f1077-283c-4ad9-a17a-4f3b415b788a HTTP/1.1" status: 200  len: 1123 time: 0.5408280
2018-06-30 02:59:33.281 13573 INFO neutron.wsgi [req-71921b31-5196-41ed-b852-461462d5ed6e 72eef6c8af39495084702b0217df08d6 4340e242277144a39aad7507a87ea19b - default default] 10.0.20.23 "GET /v2.0/security-groups?id=b50869ca-9005-4f59-84d9-2815359b5a25 HTTP/1.1" status: 200  len: 2118 time: 0.1117690
2018-06-30 02:59:36.467 13579 DEBUG neutron_lib.callbacks.manager [req-4282af23-c1db-450a-bab7-aa42be8b03b1 - - - - -] Notify callbacks ['neutron.services.segments.db._update_segment_host_mapping_for_agent-8792486249010'] for agent, after_update _notify_loop /usr/lib/python2.7/site-packages/neutron_lib/callbacks/manager.py:167
2018-06-30 02:59:36.548 13573 DEBUG neutron.wsgi [-] (13573) accepted ('10.0.20.23', 56378) server /usr/lib/python2.7/site-packages/eventlet/wsgi.py:883
2018-06-30 02:59:37.021 13573 INFO neutron.wsgi [req-ef099ed2-5f99-48b3-9cc7-a86efba8e570 72eef6c8af39495084702b0217df08d6 4340e242277144a39aad7507a87ea19b - default default] 10.0.20.23 "GET /v2.0/ports?device_id=847f1077-283c-4ad9-a17a-4f3b415b788a HTTP/1.1" status: 200  len: 1123 time: 0.4717550
2018-06-30 02:59:37.193 13573 INFO neutron.wsgi [req-5a8de806-a51a-42ba-a48e-f888997e3e03 72eef6c8af39495084702b0217df08d6 4340e242277144a39aad7507a87ea19b - default default] 10.0.20.23 "GET /v2.0/security-groups?id=b50869ca-9005-4f59-84d9-2815359b5a25 HTTP/1.1" status: 200  len: 2118 time: 0.1103752
2018-06-30 02:59:41.256 13571 DEBUG neutron.wsgi [-] (13571) accepted ('10.0.20.23', 56422) server /usr/lib/python2.7/site-packages/eventlet/wsgi.py:883
2018-06-30 02:59:41.932 13571 INFO neutron.wsgi [req-b1b03a22-05d9-4e3e-b8e0-1fdb27e8f0f4 72eef6c8af39495084702b0217df08d6 4340e242277144a39aad7507a87ea19b - default default] 10.0.20.23 "GET /v2.0/ports?device_id=847f1077-283c-4ad9-a17a-4f3b415b788a HTTP/1.1" status: 200  len: 1123 time: 0.6683660
2018-06-30 02:59:42.146 13571 INFO neutron.wsgi [req-6af065fe-83c5-488a-90d0-1de5a4c05d11 72eef6c8af39495084702b0217df08d6 4340e242277144a39aad7507a87ea19b - default default] 10.0.20.23 "GET /v2.0/security-groups?id=b50869ca-9005-4f59-84d9-2815359b5a25 HTTP/1.1" status: 200  len: 2118 time: 0.1374421
2018-06-30 02:59:43.925 13587 DEBUG neutron.db.agents_db [req-5a6a6824-a01f-4f08-96be-b89d1ac5b1ce - - - - -] Agent healthcheck: found 5 active agents agent_health_check /usr/lib/python2.7/site-packages/neutron/db/agents_db.py:281
2018-06-30 02:59:44.066 13571 DEBUG neutron.wsgi [-] (13571) accepted ('10.0.20.23', 56440) server /usr/lib/python2.7/site-packages/eventlet/wsgi.py:883
2018-06-30 02:59:44.679 13571 INFO neutron.wsgi [req-e3ffcd3e-f5bb-4f9e-84eb-dedad06e043c 72eef6c8af39495084702b0217df08d6 4340e242277144a39aad7507a87ea19b - default default] 10.0.20.23 "GET /v2.0/ports?device_id=847f1077-283c-4ad9-a17a-4f3b415b788a HTTP/1.1" status: 200  len: 1123 time: 0.6111791
2018-06-30 02:59:44.754 13575 INFO neutron.wsgi [req-47c9ab4f-73de-492e-b596-eca6c6558023 72eef6c8af39495084702b0217df08d6 4340e242277144a39aad7507a87ea19b - default default] 10.0.20.23 "GET /v2.0/ports?tenant_id=007e7f1ed2554995b505b934dd328646&device_id=f14c2b46-9095-4307-a38c-260473ea3ec3 HTTP/1.1" status: 200  len: 1125 time: 0.1197770
2018-06-30 02:59:44.840 13571 INFO neutron.wsgi [req-91167cad-5eb4-4b3c-9f96-ffc4f5e5b0dd 72eef6c8af39495084702b0217df08d6 4340e242277144a39aad7507a87ea19b - default default] 10.0.20.23 "GET /v2.0/security-groups?id=b50869ca-9005-4f59-84d9-2815359b5a25 HTTP/1.1" status: 200  len: 2118 time: 0.1081569
2018-06-30 02:59:44.955 13575 DEBUG neutron.pecan_wsgi.hooks.policy_enforcement [req-443f22fb-f662-483f-a7b7-b0fdf2f61f24 72eef6c8af39495084702b0217df08d6 4340e242277144a39aad7507a87ea19b - default default] Attributes excluded by policy engine: [u'vlan_transparent'] _exclude_attributes_by_policy /usr/lib/python2.7/site-packages/neutron/pecan_wsgi/hooks/policy_enforcement.py:256
2018-06-30 02:59:44.958 13575 INFO neutron.wsgi [req-443f22fb-f662-483f-a7b7-b0fdf2f61f24 72eef6c8af39495084702b0217df08d6 4340e242277144a39aad7507a87ea19b - default default] 10.0.20.23 "GET /v2.0/networks?id=27d015bc-8cdc-4cb5-ad0f-6c388c7b7d5e HTTP/1.1" status: 200  len: 888 time: 0.2005320
2018-06-30 02:59:45.019 13575 INFO neutron.wsgi [req-0e4866b7-69a4-4cc8-bd27-9193246d950d 72eef6c8af39495084702b0217df08d6 4340e242277144a39aad7507a87ea19b - default default] 10.0.20.23 "GET /v2.0/floatingips?fixed_ip_address=172.24.4.12&port_id=3bcb5505-8394-4288-9cf1-f80fb69834e3 HTTP/1.1" status: 200  len: 217 time: 0.0541611
2018-06-30 02:59:45.219 13575 DEBUG neutron.pecan_wsgi.hooks.policy_enforcement [req-c18f148b-ee11-444d-84cc-3cf024cc9a69 72eef6c8af39495084702b0217df08d6 4340e242277144a39aad7507a87ea19b - default default] Attributes excluded by policy engine: [u'shared'] _exclude_attributes_by_policy /usr/lib/python2.7/site-packages/neutron/pecan_wsgi/hooks/policy_enforcement.py:256
2018-06-30 02:59:45.221 13575 INFO neutron.wsgi [req-c18f148b-ee11-444d-84cc-3cf024cc9a69 72eef6c8af39495084702b0217df08d6 4340e242277144a39aad7507a87ea19b - default default] 10.0.20.23 "GET /v2.0/subnets?id=13c1b0d0-0ad2-44d1-9c10-321cd0119f52 HTTP/1.1" status: 200  len: 819 time: 0.1880810
2018-06-30 02:59:45.323 13575 INFO neutron.wsgi [req-ff28b90f-9e56-46bd-a924-b196f41aa4e9 72eef6c8af39495084702b0217df08d6 4340e242277144a39aad7507a87ea19b - default default] 10.0.20.23 "GET /v2.0/ports?network_id=27d015bc-8cdc-4cb5-ad0f-6c388c7b7d5e&device_owner=network%3Adhcp HTTP/1.1" status: 200  len: 210 time: 0.0924420
2018-06-30 02:59:45.946 13571 INFO neutron.wsgi [req-32c3020a-81fe-4f96-b614-d8a20ac2b8e1 282983440a234c56a5294547025ab8c3 1e0e2ae7c47a4f1c882e18b7645eb9ea - 0558f2093c5e4bfcae2376143a68982f 0558f2093c5e4bfcae2376143a68982f] 10.0.20.23 "GET /v2.0/ports?device_id=847f1077-283c-4ad9-a17a-4f3b415b788a HTTP/1.1" status: 200  len: 1123 time: 0.6734381
2018-06-30 02:59:46.172 13571 INFO neutron.wsgi [req-c98cfcb8-1f97-4984-bece-0e31287cadff 282983440a234c56a5294547025ab8c3 1e0e2ae7c47a4f1c882e18b7645eb9ea - 0558f2093c5e4bfcae2376143a68982f 0558f2093c5e4bfcae2376143a68982f] 10.0.20.23 "GET /v2.0/security-groups?id=b50869ca-9005-4f59-84d9-2815359b5a25 HTTP/1.1" status: 200  len: 2118 time: 0.2182100
2018-06-30 02:59:46.458 13571 INFO neutron.wsgi [req-26eb1b64-21ba-40fd-8f36-bc79ffb22322 282983440a234c56a5294547025ab8c3 1e0e2ae7c47a4f1c882e18b7645eb9ea - 0558f2093c5e4bfcae2376143a68982f 0558f2093c5e4bfcae2376143a68982f] 10.0.20.23 "GET /v2.0/ports?device_owner=compute%3Anova&device_id=847f1077-283c-4ad9-a17a-4f3b415b788a HTTP/1.1" status: 200  len: 1123 time: 0.1064820
2018-06-30 02:59:46.512 13571 DEBUG neutron.quota.resource [req-803eff28-dfa1-43ea-ad6b-f1f95a4ead08 282983440a234c56a5294547025ab8c3 1e0e2ae7c47a4f1c882e18b7645eb9ea - 0558f2093c5e4bfcae2376143a68982f 0558f2093c5e4bfcae2376143a68982f] Synchronizing usage tracker for tenant:1e0e2ae7c47a4f1c882e18b7645eb9ea on resource:floatingip resync /usr/lib/python2.7/site-packages/neutron/quota/resource.py:245
2018-06-30 02:59:46.569 13571 DEBUG neutron.quota.resource [req-803eff28-dfa1-43ea-ad6b-f1f95a4ead08 282983440a234c56a5294547025ab8c3 1e0e2ae7c47a4f1c882e18b7645eb9ea - 0558f2093c5e4bfcae2376143a68982f 0558f2093c5e4bfcae2376143a68982f] Unset dirty status for tenant:1e0e2ae7c47a4f1c882e18b7645eb9ea on resource:floatingip _resync /usr/lib/python2.7/site-packages/neutron/quota/resource.py:237
2018-06-30 02:59:46.571 13571 INFO neutron.wsgi [req-803eff28-dfa1-43ea-ad6b-f1f95a4ead08 282983440a234c56a5294547025ab8c3 1e0e2ae7c47a4f1c882e18b7645eb9ea - 0558f2093c5e4bfcae2376143a68982f 0558f2093c5e4bfcae2376143a68982f] 10.0.20.23 "GET /v2.0/floatingips?floating_ip_address=172.24.4.16 HTTP/1.1" status: 200  len: 673 time: 0.1068962
2018-06-30 02:59:46.604 13571 DEBUG neutron.api.v2.base [req-7ad0ef29-d9a9-4702-aa46-4bc1f6f117d6 282983440a234c56a5294547025ab8c3 1e0e2ae7c47a4f1c882e18b7645eb9ea - 0558f2093c5e4bfcae2376143a68982f 0558f2093c5e4bfcae2376143a68982f] Request body: {u'floatingip': {u'fixed_ip_address': u'11.84.1.5', u'port_id': u'f68df1b6-84ee-4ade-9a64-653a01115a86'}} prepare_request_body /usr/lib/python2.7/site-packages/neutron/api/v2/base.py:695
2018-06-30 02:59:46.897 13571 DEBUG neutron_lib.callbacks.manager [req-7ad0ef29-d9a9-4702-aa46-4bc1f6f117d6 282983440a234c56a5294547025ab8c3 1e0e2ae7c47a4f1c882e18b7645eb9ea - 0558f2093c5e4bfcae2376143a68982f 0558f2093c5e4bfcae2376143a68982f] Notify callbacks ['neutron.services.l3_router.l3_router_plugin.L3RouterPlugin._create_dvr_floating_gw_port-33062356'] for floatingip, after_update _notify_loop /usr/lib/python2.7/site-packages/neutron_lib/callbacks/manager.py:167
2018-06-30 02:59:47.487 13577 DEBUG neutron.wsgi [-] (13577) accepted ('10.0.20.23', 56474) server /usr/lib/python2.7/site-packages/eventlet/wsgi.py:883
2018-06-30 02:59:47.705 13571 DEBUG neutron.scheduler.l3_agent_scheduler [req-7ad0ef29-d9a9-4702-aa46-4bc1f6f117d6 282983440a234c56a5294547025ab8c3 1e0e2ae7c47a4f1c882e18b7645eb9ea - 0558f2093c5e4bfcae2376143a68982f 0558f2093c5e4bfcae2376143a68982f] Router e93524df-5c84-4557-9cdd-7fd149d25ea4 has already been hosted by L3 agent f3b2a706-18d3-46f7-853e-b527dfd7fad6 _get_candidates /usr/lib/python2.7/site-packages/neutron/scheduler/l3_agent_scheduler.py:141
2018-06-30 02:59:47.908 13571 DEBUG neutron.api.rpc.agentnotifiers.l3_rpc_agent_api [req-7ad0ef29-d9a9-4702-aa46-4bc1f6f117d6 282983440a234c56a5294547025ab8c3 1e0e2ae7c47a4f1c882e18b7645eb9ea - 0558f2093c5e4bfcae2376143a68982f 0558f2093c5e4bfcae2376143a68982f] Notify agent at l3_agent.localhost.localdomain the message routers_updated _agent_notification /usr/lib/python2.7/site-packages/neutron/api/rpc/agentnotifiers/l3_rpc_agent_api.py:69
2018-06-30 02:59:47.928 13571 DEBUG neutron_lib.callbacks.manager [req-7ad0ef29-d9a9-4702-aa46-4bc1f6f117d6 282983440a234c56a5294547025ab8c3 1e0e2ae7c47a4f1c882e18b7645eb9ea - 0558f2093c5e4bfcae2376143a68982f 0558f2093c5e4bfcae2376143a68982f] Notify callbacks ['neutron.notifiers.nova.Notifier._send_nova_notification--9223372036854712624'] for floatingip, before_response _notify_loop /usr/lib/python2.7/site-packages/neutron_lib/callbacks/manager.py:167
2018-06-30 02:59:47.952 13580 DEBUG neutron.db.l3_hamode_db [req-fd6cad77-a55f-4674-894b-0e9196575348 - - - - -] neutron.services.l3_router.l3_router_plugin.L3RouterPlugin method get_ha_sync_data_for_host called with arguments (<neutron_lib.context.Context object at 0x7ff28f463450>, u'localhost.localdomain', <neutron.db.models.agent.Agent[object at 7ff28f463790] {id=u'f3b2a706-18d3-46f7-853e-b527dfd7fad6', agent_type=u'L3 agent', binary=u'neutron-l3-agent', topic=u'l3_agent', host=u'localhost.localdomain', availability_zone=u'nova', admin_state_up=True, created_at=datetime.datetime(2018, 6, 20, 16, 53, 37), started_at=datetime.datetime(2018, 6, 30, 0, 42, 31), heartbeat_timestamp=datetime.datetime(2018, 6, 30, 0, 59, 31), description=None, configurations=u'{"agent_mode": "legacy", "gateway_external_network_id": "", "handle_internal_only_routers": true, "routers": 3, "interfaces": 3, "floating_ips": 0, "interface_driver": "neutron.agent.linux.interface.OVSInterfaceDriver", "log_agent_heartbeats": false, "external_network_bridge": "", "ex_gw_ports": 3}', resource_versions=None, load=0}>) {'active': True, 'router_ids': ['e93524df-5c84-4557-9cdd-7fd149d25ea4']} wrapper /usr/lib/python2.7/site-packages/oslo_log/helpers.py:66
2018-06-30 02:59:47.997 13571 INFO neutron.wsgi [req-7ad0ef29-d9a9-4702-aa46-4bc1f6f117d6 282983440a234c56a5294547025ab8c3 1e0e2ae7c47a4f1c882e18b7645eb9ea - 0558f2093c5e4bfcae2376143a68982f 0558f2093c5e4bfcae2376143a68982f] 10.0.20.23 "PUT /v2.0/floatingips/f2577ff7-a759-420f-8071-5118d9a50538 HTTP/1.1" status: 200  len: 745 time: 1.4186890
2018-06-30 02:59:47.999 13571 DEBUG oslo_concurrency.lockutils [-] Lock "notifier-c5c33653-df01-4ea7-8642-9279633a323e" acquired by "neutron.notifiers.batch_notifier.synced_send" :: waited 0.000s inner /usr/lib/python2.7/site-packages/oslo_concurrency/lockutils.py:270
2018-06-30 02:59:47.999 13571 DEBUG neutron.notifiers.nova [-] Sending events: [{'tag': u'f68df1b6-84ee-4ade-9a64-653a01115a86', 'name': 'network-changed', 'server_uuid': u'847f1077-283c-4ad9-a17a-4f3b415b788a'}] send_events /usr/lib/python2.7/site-packages/neutron/notifiers/nova.py:242
2018-06-30 02:59:48.191 13577 INFO neutron.wsgi [req-b3d76326-0d96-4093-a7e4-07edfe002393 72eef6c8af39495084702b0217df08d6 4340e242277144a39aad7507a87ea19b - default default] 10.0.20.23 "GET /v2.0/ports?device_id=847f1077-283c-4ad9-a17a-4f3b415b788a HTTP/1.1" status: 200  len: 1123 time: 0.6990600
2018-06-30 02:59:48.362 13577 INFO neutron.wsgi [req-6de41cc2-e4c4-45c2-b4ee-b9439d2cecc4 72eef6c8af39495084702b0217df08d6 4340e242277144a39aad7507a87ea19b - default default] 10.0.20.23 "GET /v2.0/security-groups?id=b50869ca-9005-4f59-84d9-2815359b5a25 HTTP/1.1" status: 200  len: 2118 time: 0.1339202
2018-06-30 02:59:48.719 13580 DEBUG neutron.db.l3_hamode_db [req-fd6cad77-a55f-4674-894b-0e9196575348 - - - - -] neutron.services.l3_router.l3_router_plugin.L3RouterPlugin method _process_sync_ha_data called with arguments (<neutron_lib.context.Context object at 0x7ff28f463450>, [{'status': u'ACTIVE', '_interfaces': [{'status': u'ACTIVE', 'subnets': [{'dns_nameservers': [u'8.8.4.4'], 'ipv6_ra_mode': None, 'gateway_ip': u'11.84.1.1', 'cidr': u'11.84.1.0/24', 'id': u'60c92c45-389e-4dba-9fca-a574ef82d6a9', 'subnetpool_id': None}], 'binding:host_id': u'localhost.localdomain', 'description': u'', 'allowed_address_pairs': [], 'tags': [], 'extra_dhcp_opts': [], 'updated_at': '2018-06-30T00:58:11Z', 'device_owner': u'network:router_interface', 'revision_number': 7, 'port_security_enabled': False, 'binding:profile': {}, 'mtu': 1450, 'fixed_ips': [{'subnet_id': u'60c92c45-389e-4dba-9fca-a574ef82d6a9', 'prefixlen': 24, 'ip_address': u'11.84.1.1'}], 'id': u'84b42b23-a9fd-4379-89d4-6fa892053d34', 'security_groups': [], 'device_id': u'e93524df-5c84-4557-9cdd-7fd149d25ea4', 'name': u'', 'admin_state_up': True, 'network_id': u'316a508c-779c-4fb7-9451-cabecebdb34f', 'tenant_id': u'1e0e2ae7c47a4f1c882e18b7645eb9ea', 'binding:vif_details': {u'port_filter': True, u'datapath_type': u'system', u'ovs_hybrid_plug': True}, 'address_scopes': {4: None, 6: None}, 'binding:vnic_type': u'normal', 'binding:vif_type': u'ovs', 'mac_address': u'fa:16:3e:19:fd:8c', 'project_id': u'1e0e2ae7c47a4f1c882e18b7645eb9ea', 'extra_subnets': [], 'created_at': '2018-06-30T00:58:03Z'}], 'enable_snat': True, 'ha_vr_id': 0, 'description': u'', 'tags': [], 'gw_port': {'status': u'ACTIVE', 'subnets': [{'dns_nameservers': [], 'ipv6_ra_mode': None, 'gateway_ip': u'172.24.4.1', 'cidr': u'172.24.4.0/24', 'id': u'13c1b0d0-0ad2-44d1-9c10-321cd0119f52', 'subnetpool_id': None}], 'binding:host_id': u'localhost.localdomain', 'description': u'', 'allowed_address_pairs': [], 'tags': [], 'extra_dhcp_opts': [], 'updated_at': '2018-06-30T00:58:23Z', 'device_owner': u'network:router_gateway', 'revision_number': 6, 'port_security_enabled': False, 'binding:profile': {}, 'mtu': 1500, 'fixed_ips': [{'subnet_id': u'13c1b0d0-0ad2-44d1-9c10-321cd0119f52', 'prefixlen': 24, 'ip_address': u'172.24.4.8'}], 'id': u'9ac5badc-d529-4944-9746-1ec2d61626c8', 'security_groups': [], 'device_id': u'e93524df-5c84-4557-9cdd-7fd149d25ea4', 'name': u'', 'admin_state_up': True, 'network_id': u'27d015bc-8cdc-4cb5-ad0f-6c388c7b7d5e', 'tenant_id': u'', 'binding:vif_details': {u'port_filter': True, u'datapath_type': u'system', u'ovs_hybrid_plug': True}, 'address_scopes': {4: None, 6: None}, 'binding:vnic_type': u'normal', 'binding:vif_type': u'ovs', 'mac_address': u'fa:16:3e:69:b0:94', 'project_id': u'', 'extra_subnets': [], 'created_at': '2018-06-30T00:58:15Z'}, 'updated_at': '2018-06-30T00:58:17Z', 'revision_number': 4, 'ha': False, 'id': u'e93524df-5c84-4557-9cdd-7fd149d25ea4', 'gw_port_host': u'localhost.localdomain', 'external_gateway_info': {'network_id': u'27d015bc-8cdc-4cb5-ad0f-6c388c7b7d5e', 'enable_snat': True, 'external_fixed_ips': [{'subnet_id': u'13c1b0d0-0ad2-44d1-9c10-321cd0119f52', 'ip_address': u'172.24.4.8'}]}, 'availability_zone_hints': [], 'availability_zones': [u'nova'], 'name': u'tempest-router-1530320112', 'gw_port_id': u'9ac5badc-d529-4944-9746-1ec2d61626c8', 'admin_state_up': True, 'tenant_id': u'1e0e2ae7c47a4f1c882e18b7645eb9ea', 'created_at': '2018-06-30T00:57:45Z', 'distributed': False, 'flavor_id': None, 'routes': [], 'project_id': u'1e0e2ae7c47a4f1c882e18b7645eb9ea', '_floatingips': [{'router_id': u'e93524df-5c84-4557-9cdd-7fd149d25ea4', 'status': u'DOWN', 'description': u'', 'tags': [], 'updated_at': '2018-06-30T00:59:46Z', 'dns_domain': '', 'floating_network_id': u'27d015bc-8cdc-4cb5-ad0f-6c388c7b7d5e', 'fixed_ip_address': u'11.84.1.5', 'floating_ip_address': u'172.24.4.16', 'revision_number': 1, 'port_id': u'f68df1b6-84ee-4ade-9a64-653a01115a86', 'id': u'f2577ff7-a759-420f-8071-5118d9a50538', 'dns_name': '', 'created_at': '2018-06-30T00:59:31Z', 'tenant_id': u'1e0e2ae7c47a4f1c882e18b7645eb9ea', 'fixed_ip_address_scope': None, 'project_id': u'1e0e2ae7c47a4f1c882e18b7645eb9ea'}]}], u'localhost.localdomain', False) {} wrapper /usr/lib/python2.7/site-packages/oslo_log/helpers.py:66
2018-06-30 02:59:48.733 13580 DEBUG neutron.api.rpc.handlers.l3_rpc [req-fd6cad77-a55f-4674-894b-0e9196575348 - - - - -] Checking router: e93524df-5c84-4557-9cdd-7fd149d25ea4 for host: localhost.localdomain _ensure_host_set_on_ports /usr/lib/python2.7/site-packages/neutron/api/rpc/handlers/l3_rpc.py:135
2018-06-30 02:59:49.076 13571 DEBUG novaclient.v2.client [-] REQ: curl -g -i -X POST http://10.0.20.23:8774/v2.1/4340e242277144a39aad7507a87ea19b/os-server-external-events -H "User-Agent: python-novaclient" -H "Content-Type: application/json" -H "Accept: application/json" -H "X-OpenStack-Nova-API-Version: 2.1" -H "X-Auth-Token: {SHA1}3b58994264689f4d663219c4041645ac525fbba2" -d '{"events": [{"tag": "f68df1b6-84ee-4ade-9a64-653a01115a86", "name": "network-changed", "server_uuid": "847f1077-283c-4ad9-a17a-4f3b415b788a"}]}' _http_log_request /usr/lib/python2.7/site-packages/keystoneauth1/session.py:375
2018-06-30 02:59:49.377 13587 DEBUG neutron.api.rpc.handlers.l3_rpc [req-0465a3d0-624b-4232-aeb3-579c34c20240 - - - - -] New status for floating IP f2577ff7-a759-420f-8071-5118d9a50538: ACTIVE update_floatingip_statuses /usr/lib/python2.7/site-packages/neutron/api/rpc/handlers/l3_rpc.py:252
2018-06-30 02:59:50.141 13571 INFO neutron.wsgi [req-e3cab201-dfd5-4001-9ad0-7c9aead7524a 72eef6c8af39495084702b0217df08d6 4340e242277144a39aad7507a87ea19b - default default] 10.0.20.23 "GET /v2.0/ports?tenant_id=1e0e2ae7c47a4f1c882e18b7645eb9ea&device_id=847f1077-283c-4ad9-a17a-4f3b415b788a HTTP/1.1" status: 200  len: 1123 time: 1.0042250
2018-06-30 02:59:50.421 13571 DEBUG novaclient.v2.client [-] RESP: [200] Content-Length: 179 Content-Type: application/json Openstack-Api-Version: compute 2.1 X-Openstack-Nova-Api-Version: 2.1 Vary: OpenStack-API-Version, X-OpenStack-Nova-API-Version X-Openstack-Request-Id: req-b8806a52-0e18-41ed-b2d5-138240d7336a X-Compute-Request-Id: req-b8806a52-0e18-41ed-b2d5-138240d7336a Date: Sat, 30 Jun 2018 00:59:50 GMT Connection: keep-alive 
RESP BODY: {"events": [{"status": "completed", "tag": "f68df1b6-84ee-4ade-9a64-653a01115a86", "name": "network-changed", "server_uuid": "847f1077-283c-4ad9-a17a-4f3b415b788a", "code": 200}]}
 _http_log_response /usr/lib/python2.7/site-packages/keystoneauth1/session.py:423
2018-06-30 02:59:50.422 13571 DEBUG novaclient.v2.client [-] POST call to compute for http://10.0.20.23:8774/v2.1/4340e242277144a39aad7507a87ea19b/os-server-external-events used request id req-b8806a52-0e18-41ed-b2d5-138240d7336a request /usr/lib/python2.7/site-packages/keystoneauth1/session.py:727
2018-06-30 02:59:50.438 13571 INFO neutron.notifiers.nova [-] Nova event response: {u'status': u'completed', u'tag': u'f68df1b6-84ee-4ade-9a64-653a01115a86', u'name': u'network-changed', u'server_uuid': u'847f1077-283c-4ad9-a17a-4f3b415b788a', u'code': 200}
2018-06-30 02:59:50.603 13575 INFO neutron.wsgi [req-3e654fa0-a042-4702-8bf9-474096cc6b7e 72eef6c8af39495084702b0217df08d6 4340e242277144a39aad7507a87ea19b - default default] 10.0.20.23 "GET /v2.0/ports?tenant_id=1e0e2ae7c47a4f1c882e18b7645eb9ea&device_id=847f1077-283c-4ad9-a17a-4f3b415b788a HTTP/1.1" status: 200  len: 1123 time: 0.1750839
2018-06-30 02:59:50.666 13571 DEBUG neutron.pecan_wsgi.hooks.policy_enforcement [req-10e8ed9a-9116-4f72-bf65-4a5f163f1de8 72eef6c8af39495084702b0217df08d6 4340e242277144a39aad7507a87ea19b - default default] Attributes excluded by policy engine: [u'vlan_transparent'] _exclude_attributes_by_policy /usr/lib/python2.7/site-packages/neutron/pecan_wsgi/hooks/policy_enforcement.py:256
2018-06-30 02:59:50.669 13571 INFO neutron.wsgi [req-10e8ed9a-9116-4f72-bf65-4a5f163f1de8 72eef6c8af39495084702b0217df08d6 4340e242277144a39aad7507a87ea19b - default default] 10.0.20.23 "GET /v2.0/networks?id=316a508c-779c-4fb7-9451-cabecebdb34f HTTP/1.1" status: 200  len: 885 time: 0.3093929
2018-06-30 02:59:50.721 13571 INFO neutron.wsgi [req-0db4759c-44d0-4d4f-9123-839c73a4c8bf 72eef6c8af39495084702b0217df08d6 4340e242277144a39aad7507a87ea19b - default default] 10.0.20.23 "GET /v2.0/floatingips?fixed_ip_address=11.84.1.5&port_id=f68df1b6-84ee-4ade-9a64-653a01115a86 HTTP/1.1" status: 200  len: 750 time: 0.0379770
2018-06-30 02:59:50.872 13571 DEBUG neutron.pecan_wsgi.hooks.policy_enforcement [req-4769f8dc-1140-4df4-96f7-9f1b6e4759e6 72eef6c8af39495084702b0217df08d6 4340e242277144a39aad7507a87ea19b - default default] Attributes excluded by policy engine: [u'shared'] _exclude_attributes_by_policy /usr/lib/python2.7/site-packages/neutron/pecan_wsgi/hooks/policy_enforcement.py:256
2018-06-30 02:59:50.877 13571 INFO neutron.wsgi [req-4769f8dc-1140-4df4-96f7-9f1b6e4759e6 72eef6c8af39495084702b0217df08d6 4340e242277144a39aad7507a87ea19b - default default] 10.0.20.23 "GET /v2.0/subnets?id=60c92c45-389e-4dba-9fca-a574ef82d6a9 HTTP/1.1" status: 200  len: 843 time: 0.1509049
2018-06-30 02:59:51.026 13571 INFO neutron.wsgi [req-5f40ce79-130d-49df-97f8-1f5c35fab5f2 72eef6c8af39495084702b0217df08d6 4340e242277144a39aad7507a87ea19b - default default] 10.0.20.23 "GET /v2.0/ports?network_id=316a508c-779c-4fb7-9451-cabecebdb34f&device_owner=network%3Adhcp HTTP/1.1" status: 200  len: 1127 time: 0.1430540
2018-06-30 02:59:51.099 13575 DEBUG neutron.pecan_wsgi.hooks.policy_enforcement [req-a483b436-acbb-4e78-8ff1-02ad7ddaa4b5 72eef6c8af39495084702b0217df08d6 4340e242277144a39aad7507a87ea19b - default default] Attributes excluded by policy engine: [u'vlan_transparent'] _exclude_attributes_by_policy /usr/lib/python2.7/site-packages/neutron/pecan_wsgi/hooks/policy_enforcement.py:256
2018-06-30 02:59:51.101 13575 INFO neutron.wsgi [req-a483b436-acbb-4e78-8ff1-02ad7ddaa4b5 72eef6c8af39495084702b0217df08d6 4340e242277144a39aad7507a87ea19b - default default] 10.0.20.23 "GET /v2.0/networks?id=316a508c-779c-4fb7-9451-cabecebdb34f HTTP/1.1" status: 200  len: 885 time: 0.4908109
2018-06-30 02:59:51.150 13575 INFO neutron.wsgi [req-fae2cded-0d20-4bce-b37c-fe10097eacf9 72eef6c8af39495084702b0217df08d6 4340e242277144a39aad7507a87ea19b - default default] 10.0.20.23 "GET /v2.0/floatingips?fixed_ip_address=11.84.1.5&port_id=f68df1b6-84ee-4ade-9a64-653a01115a86 HTTP/1.1" status: 200  len: 750 time: 0.0400469
2018-06-30 02:59:51.274 13575 DEBUG neutron.pecan_wsgi.hooks.policy_enforcement [req-90507212-2438-4b01-90a7-71fd223852dc 72eef6c8af39495084702b0217df08d6 4340e242277144a39aad7507a87ea19b - default default] Attributes excluded by policy engine: [u'shared'] _exclude_attributes_by_policy /usr/lib/python2.7/site-packages/neutron/pecan_wsgi/hooks/policy_enforcement.py:256
2018-06-30 02:59:51.278 13575 INFO neutron.wsgi [req-90507212-2438-4b01-90a7-71fd223852dc 72eef6c8af39495084702b0217df08d6 4340e242277144a39aad7507a87ea19b - default default] 10.0.20.23 "GET /v2.0/subnets?id=60c92c45-389e-4dba-9fca-a574ef82d6a9 HTTP/1.1" status: 200  len: 843 time: 0.1225870
2018-06-30 02:59:51.389 13575 INFO neutron.wsgi [req-539d7b54-934c-450d-935e-63437ed6dc9c 72eef6c8af39495084702b0217df08d6 4340e242277144a39aad7507a87ea19b - default default] 10.0.20.23 "GET /v2.0/ports?network_id=316a508c-779c-4fb7-9451-cabecebdb34f&device_owner=network%3Adhcp HTTP/1.1" status: 200  len: 1127 time: 0.1049521
2018-06-30 02:59:52.439 13571 DEBUG oslo_concurrency.lockutils [-] Lock "notifier-c5c33653-df01-4ea7-8642-9279633a323e" released by "neutron.notifiers.batch_notifier.synced_send" :: held 4.441s inner /usr/lib/python2.7/site-packages/oslo_concurrency/lockutils.py:282
2018-06-30 02:59:53.151 13577 DEBUG neutron.wsgi [-] (13577) accepted ('10.0.20.23', 56536) server /usr/lib/python2.7/site-packages/eventlet/wsgi.py:883
2018-06-30 02:59:53.790 13577 INFO neutron.wsgi [req-827f578e-3fb2-4ae2-a6a0-dbc3e07b21d8 72eef6c8af39495084702b0217df08d6 4340e242277144a39aad7507a87ea19b - default default] 10.0.20.23 "GET /v2.0/ports?device_id=847f1077-283c-4ad9-a17a-4f3b415b788a HTTP/1.1" status: 200  len: 1123 time: 0.6374080
2018-06-30 02:59:53.932 13577 INFO neutron.wsgi [req-b1128a9a-6b42-4194-bd20-f6bf430723a4 72eef6c8af39495084702b0217df08d6 4340e242277144a39aad7507a87ea19b - default default] 10.0.20.23 "GET /v2.0/security-groups?id=b50869ca-9005-4f59-84d9-2815359b5a25 HTTP/1.1" status: 200  len: 2118 time: 0.0918679
2018-06-30 02:59:59.159 13583 DEBUG neutron_lib.callbacks.manager [req-07b0e8c2-72fc-43f0-9cd8-56f3e53bf00a - - - - -] Notify callbacks ['neutron.services.segments.db._update_segment_host_mapping_for_agent-8792486249010'] for agent, after_update _notify_loop /usr/lib/python2.7/site-packages/neutron_lib/callbacks/manager.py:167
2018-06-30 02:59:59.177 13584 DEBUG neutron_lib.callbacks.manager [req-79204d01-6039-478b-bfa8-cd566b365b0d - - - - -] Notify callbacks ['neutron.services.segments.db._update_segment_host_mapping_for_agent-8792486249010'] for agent, after_update _notify_loop /usr/lib/python2.7/site-packages/neutron_lib/callbacks/manager.py:167
2018-06-30 02:59:59.865 13585 DEBUG neutron_lib.callbacks.manager [req-a65d4370-0e1d-4e4d-8af1-a3ed371d2889 - - - - -] Notify callbacks ['neutron.services.segments.db._update_segment_host_mapping_for_agent-8792486249010'] for agent, after_update _notify_loop /usr/lib/python2.7/site-packages/neutron_lib/callbacks/manager.py:167
2018-06-30 03:00:01.409 13586 DEBUG neutron_lib.callbacks.manager [req-c8386a9a-64ab-429e-a033-eb0a1f96eab2 - - - - -] Notify callbacks ['neutron.services.segments.db._update_segment_host_mapping_for_agent-8792486249010'] for agent, after_update _notify_loop /usr/lib/python2.7/site-packages/neutron_lib/callbacks/manager.py:167
2018-06-30 03:00:01.944 13573 INFO neutron.wsgi [req-80f27ea1-e461-421b-8905-33a20299a0b6 282983440a234c56a5294547025ab8c3 1e0e2ae7c47a4f1c882e18b7645eb9ea - 0558f2093c5e4bfcae2376143a68982f 0558f2093c5e4bfcae2376143a68982f] 10.0.20.23 "GET /v2.0/ports?device_id=847f1077-283c-4ad9-a17a-4f3b415b788a HTTP/1.1" status: 200  len: 1123 time: 0.6845100
2018-06-30 03:00:02.147 13573 INFO neutron.wsgi [req-b58841f7-d514-4a14-98bf-f1d8aaa2428b 282983440a234c56a5294547025ab8c3 1e0e2ae7c47a4f1c882e18b7645eb9ea - 0558f2093c5e4bfcae2376143a68982f 0558f2093c5e4bfcae2376143a68982f] 10.0.20.23 "GET /v2.0/security-groups?id=b50869ca-9005-4f59-84d9-2815359b5a25 HTTP/1.1" status: 200  len: 2118 time: 0.1951251
2018-06-30 03:00:06.466 13580 DEBUG neutron_lib.callbacks.manager [req-7c5f6da1-cee5-485e-9e27-1c8d8de283d6 - - - - -] Notify callbacks ['neutron.services.segments.db._update_segment_host_mapping_for_agent-8792486249010'] for agent, after_update _notify_loop /usr/lib/python2.7/site-packages/neutron_lib/callbacks/manager.py:167
2018-06-30 03:00:20.952 13587 DEBUG neutron.db.agents_db [req-5a6a6824-a01f-4f08-96be-b89d1ac5b1ce - - - - -] Agent healthcheck: found 5 active agents agent_health_check /usr/lib/python2.7/site-packages/neutron/db/agents_db.py:281
2018-06-30 03:00:22.052 13573 INFO neutron.wsgi [req-bea7b712-8410-458c-8e65-fcee7bbe9a8a 282983440a234c56a5294547025ab8c3 1e0e2ae7c47a4f1c882e18b7645eb9ea - 0558f2093c5e4bfcae2376143a68982f 0558f2093c5e4bfcae2376143a68982f] 10.0.20.23 "GET /v2.0/ports?device_id=847f1077-283c-4ad9-a17a-4f3b415b788a HTTP/1.1" status: 200  len: 1123 time: 1.6016510
2018-06-30 03:00:22.233 13573 INFO neutron.wsgi [req-a3cff4d7-4810-4e71-b770-1bc265917303 282983440a234c56a5294547025ab8c3 1e0e2ae7c47a4f1c882e18b7645eb9ea - 0558f2093c5e4bfcae2376143a68982f 0558f2093c5e4bfcae2376143a68982f] 10.0.20.23 "GET /v2.0/security-groups?id=b50869ca-9005-4f59-84d9-2815359b5a25 HTTP/1.1" status: 200  len: 2118 time: 0.1726849
2018-06-30 03:00:29.171 13578 DEBUG neutron_lib.callbacks.manager [req-07b0e8c2-72fc-43f0-9cd8-56f3e53bf00a - - - - -] Notify callbacks ['neutron.services.segments.db._update_segment_host_mapping_for_agent-8792486249010'] for agent, after_update _notify_loop /usr/lib/python2.7/site-packages/neutron_lib/callbacks/manager.py:167
2018-06-30 03:00:29.172 13581 DEBUG neutron_lib.callbacks.manager [req-79204d01-6039-478b-bfa8-cd566b365b0d - - - - -] Notify callbacks ['neutron.services.segments.db._update_segment_host_mapping_for_agent-8792486249010'] for agent, after_update _notify_loop /usr/lib/python2.7/site-packages/neutron_lib/callbacks/manager.py:167
2018-06-30 03:00:29.862 13582 DEBUG neutron_lib.callbacks.manager [req-a65d4370-0e1d-4e4d-8af1-a3ed371d2889 - - - - -] Notify callbacks ['neutron.services.segments.db._update_segment_host_mapping_for_agent-8792486249010'] for agent, after_update _notify_loop /usr/lib/python2.7/site-packages/neutron_lib/callbacks/manager.py:167
2018-06-30 03:00:31.421 13579 DEBUG neutron_lib.callbacks.manager [req-9a605d4b-9f48-4869-a099-05a2db932fd6 - - - - -] Notify callbacks ['neutron.services.segments.db._update_segment_host_mapping_for_agent-8792486249010'] for agent, after_update _notify_loop /usr/lib/python2.7/site-packages/neutron_lib/callbacks/manager.py:167
2018-06-30 03:00:36.478 13583 DEBUG neutron_lib.callbacks.manager [req-6e3e2654-c14f-448e-be7f-3aa1ded4fc67 - - - - -] Notify callbacks ['neutron.services.segments.db._update_segment_host_mapping_for_agent-8792486249010'] for agent, after_update _notify_loop /usr/lib/python2.7/site-packages/neutron_lib/callbacks/manager.py:167
2018-06-30 03:00:36.987 13575 INFO neutron.wsgi [req-5ce3aad2-bd0f-4892-9834-c2b602d01fb1 282983440a234c56a5294547025ab8c3 1e0e2ae7c47a4f1c882e18b7645eb9ea - 0558f2093c5e4bfcae2376143a68982f 0558f2093c5e4bfcae2376143a68982f] 10.0.20.23 "GET /v2.0/ports?device_id=847f1077-283c-4ad9-a17a-4f3b415b788a HTTP/1.1" status: 200  len: 1123 time: 0.8777962
2018-06-30 03:00:37.091 13575 INFO neutron.wsgi [req-35f6e87b-7c97-4ec5-8fcf-d26b0f81148f 282983440a234c56a5294547025ab8c3 1e0e2ae7c47a4f1c882e18b7645eb9ea - 0558f2093c5e4bfcae2376143a68982f 0558f2093c5e4bfcae2376143a68982f] 10.0.20.23 "GET /v2.0/security-groups?id=b50869ca-9005-4f59-84d9-2815359b5a25 HTTP/1.1" status: 200  len: 2118 time: 0.0991499
2018-06-30 03:00:44.755 13575 INFO neutron.wsgi [req-c8f73e27-7f6c-4e6b-96cf-6191ec3bd81e 72eef6c8af39495084702b0217df08d6 4340e242277144a39aad7507a87ea19b - default default] 10.0.20.23 "GET /v2.0/ports?tenant_id=1e0e2ae7c47a4f1c882e18b7645eb9ea&device_id=847f1077-283c-4ad9-a17a-4f3b415b788a HTTP/1.1" status: 200  len: 1123 time: 0.1358500
2018-06-30 03:00:45.008 13575 DEBUG neutron.pecan_wsgi.hooks.policy_enforcement [req-5b3e5be1-a49d-47dd-98c9-e374e5a4c4ca 72eef6c8af39495084702b0217df08d6 4340e242277144a39aad7507a87ea19b - default default] Attributes excluded by policy engine: [u'vlan_transparent'] _exclude_attributes_by_policy /usr/lib/python2.7/site-packages/neutron/pecan_wsgi/hooks/policy_enforcement.py:256
2018-06-30 03:00:45.011 13575 INFO neutron.wsgi [req-5b3e5be1-a49d-47dd-98c9-e374e5a4c4ca 72eef6c8af39495084702b0217df08d6 4340e242277144a39aad7507a87ea19b - default default] 10.0.20.23 "GET /v2.0/networks?id=316a508c-779c-4fb7-9451-cabecebdb34f HTTP/1.1" status: 200  len: 885 time: 0.2480109
