2018-06-28 05:23:44.718 23019 DEBUG neutron.plugins.ml2.db [req-8fefe5c9-70fe-4de1-b9ee-87e1933659f6 - - - - -] For port d3871558-0e91-494a-bcd2-227bd8e3c4b9, host localhost.localdomain, got binding levels [<neutron.plugins.ml2.models.PortBindingLevel[object at 7f3190540d10] {port_id=u'd3871558-0e91-494a-bcd2-227bd8e3c4b9', host=u'localhost.localdomain', level=0, driver=u'openvswitch', segment_id=u'd23c87b4-a570-4895-b556-bea7fb1324c7'}>] get_binding_levels /usr/lib/python2.7/site-packages/neutron/plugins/ml2/db.py:106
2018-06-28 05:23:44.730 23019 DEBUG neutron_lib.callbacks.manager [req-8fefe5c9-70fe-4de1-b9ee-87e1933659f6 - - - - -] Notify callbacks ['neutron.db.l3_dvrscheduler_db._notify_l3_agent_port_update--9223363296175948593', 'neutron.plugins.ml2.plugin.Ml2Plugin.notify_sg_on_port_change-438527', 'neutron.db.l3_hascheduler_db._notify_l3_agent_ha_port_update-8740678822435', 'neutron.api.rpc.agentnotifiers.dhcp_rpc_agent_api.DhcpAgentNotifyAPI._native_event_send_dhcp_notification--9223372036853226507', 'neutron.plugins.ml2.ovo_rpc._ObjectChangeHandler.handle_event-1693188'] for port, after_update _notify_loop /usr/lib/python2.7/site-packages/neutron_lib/callbacks/manager.py:167
2018-06-28 05:23:44.777 23019 DEBUG oslo_concurrency.lockutils [-] Lock "event-dispatch" acquired by "neutron.plugins.ml2.ovo_rpc.dispatch_events" :: waited 0.000s inner /usr/lib/python2.7/site-packages/oslo_concurrency/lockutils.py:270
2018-06-28 05:23:44.970 23019 DEBUG neutron.api.rpc.handlers.resources_rpc [req-8fefe5c9-70fe-4de1-b9ee-87e1933659f6 - - - - -] neutron.api.rpc.handlers.resources_rpc.ResourcesPushRpcApi method push called with arguments (<neutron_lib.context.Context object at 0x7f3190402dd0>, [Port(admin_state_up=True,allowed_address_pairs=[],binding=PortBinding,binding_levels=[PortBindingLevel],created_at=2018-06-28T03:23:29Z,data_plane_status=<?>,description='',device_id='53edfcc0-d2cd-4514-9ad7-33ec3be78828',device_owner='compute:nova',dhcp_options=[],distributed_binding=None,dns=None,fixed_ips=[IPAllocation],id=d3871558-0e91-494a-bcd2-227bd8e3c4b9,mac_address=fa:16:3e:7e:d6:83,name='',network_id=c61d7c71-74ec-49f4-86cc-ba17e5ebc11d,project_id='c3c8aa9773454abebc8ca426f7657a8f',qos_policy_id=None,revision_number=6,security=PortSecurity(d3871558-0e91-494a-bcd2-227bd8e3c4b9),security_group_ids=set([d59d663a-127f-4cbe-8942-a6ec17d731d7]),status='ACTIVE',updated_at=2018-06-28T03:23:44Z)], 'updated') {} wrapper /usr/lib/python2.7/site-packages/oslo_log/helpers.py:66
2018-06-28 05:23:44.990 23019 DEBUG oslo_concurrency.lockutils [req-8fefe5c9-70fe-4de1-b9ee-87e1933659f6 - - - - -] Lock "event-dispatch" released by "neutron.plugins.ml2.ovo_rpc.dispatch_events" :: held 0.213s inner /usr/lib/python2.7/site-packages/oslo_concurrency/lockutils.py:282
2018-06-28 05:23:45.751 23019 DEBUG novaclient.v2.client [-] REQ: curl -g -i -X POST http://10.0.20.26:8774/v2.1/0d772b180b3c41e2ae2eba61c236b149/os-server-external-events -H "User-Agent: python-novaclient" -H "Content-Type: application/json" -H "Accept: application/json" -H "X-OpenStack-Nova-API-Version: 2.1" -H "X-Auth-Token: {SHA1}f9433ea8dfdb4e4fee08ed7f65dfe559f64ec2d0" -d '{"events": [{"status": "completed", "tag": "d3871558-0e91-494a-bcd2-227bd8e3c4b9", "name": "network-vif-plugged", "server_uuid": "53edfcc0-d2cd-4514-9ad7-33ec3be78828"}]}' _http_log_request /usr/lib/python2.7/site-packages/keystoneauth1/session.py:375
2018-06-28 05:23:45.965 23018 DEBUG neutron.plugins.ml2.rpc [req-8fefe5c9-70fe-4de1-b9ee-87e1933659f6 - - - - -] Device d3871558-0e91-494a-bcd2-227bd8e3c4b9 up at agent ovs-agent-localhost.localdomain update_device_up /usr/lib/python2.7/site-packages/neutron/plugins/ml2/rpc.py:244
2018-06-28 05:23:46.107 23018 DEBUG neutron.db.provisioning_blocks [req-8fefe5c9-70fe-4de1-b9ee-87e1933659f6 - - - - -] Provisioning complete for port d3871558-0e91-494a-bcd2-227bd8e3c4b9 triggered by entity L2. provisioning_complete /usr/lib/python2.7/site-packages/neutron/db/provisioning_blocks.py:138
2018-06-28 05:23:46.108 23018 DEBUG neutron_lib.callbacks.manager [req-8fefe5c9-70fe-4de1-b9ee-87e1933659f6 - - - - -] Notify callbacks ['neutron.plugins.ml2.plugin.Ml2Plugin._port_provisioned-672718'] for port, provisioning_complete _notify_loop /usr/lib/python2.7/site-packages/neutron_lib/callbacks/manager.py:167
2018-06-28 05:23:46.670 23019 DEBUG novaclient.v2.client [-] RESP: [200] Content-Length: 183 Content-Type: application/json Openstack-Api-Version: compute 2.1 X-Openstack-Nova-Api-Version: 2.1 Vary: OpenStack-API-Version, X-OpenStack-Nova-API-Version X-Openstack-Request-Id: req-42ec712e-3816-4d08-a87a-1fd2a28bc07c X-Compute-Request-Id: req-42ec712e-3816-4d08-a87a-1fd2a28bc07c Date: Thu, 28 Jun 2018 03:23:46 GMT Connection: keep-alive 
RESP BODY: {"events": [{"status": "completed", "tag": "d3871558-0e91-494a-bcd2-227bd8e3c4b9", "name": "network-vif-plugged", "server_uuid": "53edfcc0-d2cd-4514-9ad7-33ec3be78828", "code": 200}]}
 _http_log_response /usr/lib/python2.7/site-packages/keystoneauth1/session.py:423
2018-06-28 05:23:46.670 23019 DEBUG novaclient.v2.client [-] POST call to compute for http://10.0.20.26:8774/v2.1/0d772b180b3c41e2ae2eba61c236b149/os-server-external-events used request id req-42ec712e-3816-4d08-a87a-1fd2a28bc07c request /usr/lib/python2.7/site-packages/keystoneauth1/session.py:727
2018-06-28 05:23:46.686 23019 INFO neutron.notifiers.nova [-] Nova event response: {u'status': u'completed', u'tag': u'd3871558-0e91-494a-bcd2-227bd8e3c4b9', u'name': u'network-vif-plugged', u'server_uuid': u'53edfcc0-d2cd-4514-9ad7-33ec3be78828', u'code': 200}
2018-06-28 05:23:48.687 23019 DEBUG oslo_concurrency.lockutils [-] Lock "notifier-286e7937-ac44-4f31-a58e-349fce3dac0c" released by "neutron.notifiers.batch_notifier.synced_send" :: held 3.978s inner /usr/lib/python2.7/site-packages/oslo_concurrency/lockutils.py:282
2018-06-28 05:23:56.736 23013 DEBUG neutron.wsgi [-] (23013) accepted ('10.0.20.26', 49940) server /usr/lib/python2.7/site-packages/eventlet/wsgi.py:883
2018-06-28 05:23:57.296 23013 WARNING keystonemiddleware.auth_token [-] A valid token was submitted as a service token, but it was not a valid service token. This is incorrect but backwards compatible behaviour. This will be removed in future releases.
2018-06-28 05:23:57.881 23013 INFO neutron.wsgi [req-3a89d5c1-6d83-4016-b672-18f2f8c36849 c186c7ddf7894753a22da5e7b95a6e22 c3c8aa9773454abebc8ca426f7657a8f - db936f766cde48c1898e872c96ca743f db936f766cde48c1898e872c96ca743f] 10.0.20.26 "GET /v2.0/ports?device_id=53edfcc0-d2cd-4514-9ad7-33ec3be78828 HTTP/1.1" status: 200  len: 1123 time: 1.1342719
2018-06-28 05:23:58.049 23013 INFO neutron.wsgi [req-92f0aab7-4879-4454-8643-bb41849550c5 c186c7ddf7894753a22da5e7b95a6e22 c3c8aa9773454abebc8ca426f7657a8f - db936f766cde48c1898e872c96ca743f db936f766cde48c1898e872c96ca743f] 10.0.20.26 "GET /v2.0/security-groups?id=d59d663a-127f-4cbe-8942-a6ec17d731d7 HTTP/1.1" status: 200  len: 2118 time: 0.1294808
2018-06-28 05:24:02.173 23020 DEBUG neutron_lib.callbacks.manager [req-0f495655-4c70-401b-9017-1820ce129823 - - - - -] Notify callbacks ['neutron.services.segments.db._update_segment_host_mapping_for_agent-8740679188304'] for agent, after_update _notify_loop /usr/lib/python2.7/site-packages/neutron_lib/callbacks/manager.py:167
2018-06-28 05:24:02.368 23018 DEBUG neutron_lib.callbacks.manager [req-09566513-2081-4698-957f-0e2ead14fbff - - - - -] Notify callbacks ['neutron.services.segments.db._update_segment_host_mapping_for_agent-8740679188304'] for agent, after_update _notify_loop /usr/lib/python2.7/site-packages/neutron_lib/callbacks/manager.py:167
2018-06-28 05:24:09.393 23026 DEBUG neutron_lib.callbacks.manager [req-4010da67-e1c3-4e71-bb7e-5fe71ea725e0 - - - - -] Notify callbacks ['neutron.services.segments.db._update_segment_host_mapping_for_agent-8740679188304'] for agent, after_update _notify_loop /usr/lib/python2.7/site-packages/neutron_lib/callbacks/manager.py:167
2018-06-28 05:24:10.653 23009 DEBUG neutron.wsgi [-] (23009) accepted ('10.0.20.26', 49966) server /usr/lib/python2.7/site-packages/eventlet/wsgi.py:883
2018-06-28 05:24:10.669 23009 INFO neutron.wsgi [-] 10.0.20.26 "GET / HTTP/1.1" status: 200  len: 252 time: 0.0095220
2018-06-28 05:24:10.678 23009 WARNING keystonemiddleware.auth_token [-] Using the in-process token cache is deprecated as of the 4.2.0 release and may be removed in the 5.0.0 release or the 'O' development cycle. The in-process cache causes inconsistent results and high memory usage. When the feature is removed the auth_token middleware will not cache tokens by default which may result in performance issues. It is recommended to use  memcache for the auth_token token cache by setting the memcached_servers option.
2018-06-28 05:24:11.035 23017 DEBUG neutron_lib.callbacks.manager [req-d3a41cd6-d649-4295-bb10-1be8e7cceb36 - - - - -] Notify callbacks ['neutron.services.segments.db._update_segment_host_mapping_for_agent-8740679188304'] for agent, after_update _notify_loop /usr/lib/python2.7/site-packages/neutron_lib/callbacks/manager.py:167
2018-06-28 05:24:11.969 23019 DEBUG neutron_lib.callbacks.manager [req-8fefe5c9-70fe-4de1-b9ee-87e1933659f6 - - - - -] Notify callbacks ['neutron.services.segments.db._update_segment_host_mapping_for_agent-8740679188304'] for agent, after_update _notify_loop /usr/lib/python2.7/site-packages/neutron_lib/callbacks/manager.py:167
2018-06-28 05:24:12.023 23009 DEBUG oslo_policy._cache_handler [req-fe3429ec-0f6f-46f3-8fae-97f2a602e400 95cf4ee261b740498c206cbae584ebbe 046e8009a8b544bfbe9ff50b26903464 - default default] Reloading cached file /etc/neutron/policy.json read_cached_file /usr/lib/python2.7/site-packages/oslo_policy/_cache_handler.py:40
2018-06-28 05:24:12.071 23009 DEBUG oslo_policy.policy [req-fe3429ec-0f6f-46f3-8fae-97f2a602e400 95cf4ee261b740498c206cbae584ebbe 046e8009a8b544bfbe9ff50b26903464 - default default] Reloaded policy file: /etc/neutron/policy.json _load_policy_file /usr/lib/python2.7/site-packages/oslo_policy/policy.py:681
2018-06-28 05:24:12.533 23009 INFO neutron.pecan_wsgi.hooks.translation [req-fe3429ec-0f6f-46f3-8fae-97f2a602e400 95cf4ee261b740498c206cbae584ebbe 046e8009a8b544bfbe9ff50b26903464 - default default] GET failed (client error): The resource could not be found.
2018-06-28 05:24:12.535 23009 INFO neutron.wsgi [req-fe3429ec-0f6f-46f3-8fae-97f2a602e400 95cf4ee261b740498c206cbae584ebbe 046e8009a8b544bfbe9ff50b26903464 - default default] 10.0.20.26 "GET /v2.0/networks/public HTTP/1.1" status: 404  len: 314 time: 1.8607159
2018-06-28 05:24:13.080 23009 DEBUG oslo_policy._cache_handler [req-514aa596-bb7e-44a0-a654-5c36db90694f 95cf4ee261b740498c206cbae584ebbe 046e8009a8b544bfbe9ff50b26903464 - default default] Reloading cached file /etc/neutron/policy.json read_cached_file /usr/lib/python2.7/site-packages/oslo_policy/_cache_handler.py:40
2018-06-28 05:24:13.102 23009 DEBUG oslo_policy.policy [req-514aa596-bb7e-44a0-a654-5c36db90694f 95cf4ee261b740498c206cbae584ebbe 046e8009a8b544bfbe9ff50b26903464 - default default] Reloaded policy file: /etc/neutron/policy.json _load_policy_file /usr/lib/python2.7/site-packages/oslo_policy/policy.py:681
2018-06-28 05:24:13.108 23009 DEBUG neutron.pecan_wsgi.hooks.policy_enforcement [req-514aa596-bb7e-44a0-a654-5c36db90694f 95cf4ee261b740498c206cbae584ebbe 046e8009a8b544bfbe9ff50b26903464 - default default] Attributes excluded by policy engine: [u'vlan_transparent'] _exclude_attributes_by_policy /usr/lib/python2.7/site-packages/neutron/pecan_wsgi/hooks/policy_enforcement.py:256
2018-06-28 05:24:13.109 23009 DEBUG neutron.pecan_wsgi.hooks.policy_enforcement [req-514aa596-bb7e-44a0-a654-5c36db90694f 95cf4ee261b740498c206cbae584ebbe 046e8009a8b544bfbe9ff50b26903464 - default default] Attributes excluded by policy engine: [u'vlan_transparent'] _exclude_attributes_by_policy /usr/lib/python2.7/site-packages/neutron/pecan_wsgi/hooks/policy_enforcement.py:256
2018-06-28 05:24:13.109 23009 DEBUG neutron.pecan_wsgi.hooks.policy_enforcement [req-514aa596-bb7e-44a0-a654-5c36db90694f 95cf4ee261b740498c206cbae584ebbe 046e8009a8b544bfbe9ff50b26903464 - default default] Attributes excluded by policy engine: [u'vlan_transparent'] _exclude_attributes_by_policy /usr/lib/python2.7/site-packages/neutron/pecan_wsgi/hooks/policy_enforcement.py:256
2018-06-28 05:24:13.112 23009 INFO neutron.wsgi [req-514aa596-bb7e-44a0-a654-5c36db90694f 95cf4ee261b740498c206cbae584ebbe 046e8009a8b544bfbe9ff50b26903464 - default default] 10.0.20.26 "GET /v2.0/networks HTTP/1.1" status: 200  len: 2214 time: 0.5719109
2018-06-28 05:24:13.747 23009 DEBUG neutron.api.v2.base [req-e97af303-c065-4164-80f8-c63fe49874bf 95cf4ee261b740498c206cbae584ebbe 046e8009a8b544bfbe9ff50b26903464 - default default] Request body: {u'floatingip': {u'floating_network_id': u'8fa9a212-be1e-480a-988d-8a3f899b6e3c', u'tenant_id': u'c3c8aa9773454abebc8ca426f7657a8f'}} prepare_request_body /usr/lib/python2.7/site-packages/neutron/api/v2/base.py:695
2018-06-28 05:24:13.750 23009 INFO neutron.quota [req-e97af303-c065-4164-80f8-c63fe49874bf 95cf4ee261b740498c206cbae584ebbe 046e8009a8b544bfbe9ff50b26903464 - default default] Loaded quota_driver: <neutron.db.quota.driver.DbQuotaDriver object at 0x7f3190791d10>.
2018-06-28 05:24:13.762 23009 DEBUG neutron.db.quota.driver [req-e97af303-c065-4164-80f8-c63fe49874bf 95cf4ee261b740498c206cbae584ebbe 046e8009a8b544bfbe9ff50b26903464 - default default] Resources subnetpool have unlimited quota limit. It is not required to calculate headroom  make_reservation /usr/lib/python2.7/site-packages/neutron/db/quota/driver.py:223
2018-06-28 05:24:13.771 23009 DEBUG neutron.quota.resource [req-e97af303-c065-4164-80f8-c63fe49874bf 95cf4ee261b740498c206cbae584ebbe 046e8009a8b544bfbe9ff50b26903464 - default default] Usage tracker for resource:floatingip and tenant:c3c8aa9773454abebc8ca426f7657a8f is out of sync, need to count used quota count_used /usr/lib/python2.7/site-packages/neutron/quota/resource.py:274
2018-06-28 05:24:13.788 23009 DEBUG neutron.quota.resource [req-e97af303-c065-4164-80f8-c63fe49874bf 95cf4ee261b740498c206cbae584ebbe 046e8009a8b544bfbe9ff50b26903464 - default default] Quota usage for floatingip was recalculated. Used quota:0. count_used /usr/lib/python2.7/site-packages/neutron/quota/resource.py:293
2018-06-28 05:24:13.804 23009 DEBUG neutron.db.quota.driver [req-e97af303-c065-4164-80f8-c63fe49874bf 95cf4ee261b740498c206cbae584ebbe 046e8009a8b544bfbe9ff50b26903464 - default default] Attempting to reserve 1 items for resource floatingip. Total usage: 0; quota limit: 50; headroom:50 make_reservation /usr/lib/python2.7/site-packages/neutron/db/quota/driver.py:255
2018-06-28 05:24:14.104 23009 DEBUG neutron_lib.callbacks.manager [req-e97af303-c065-4164-80f8-c63fe49874bf 95cf4ee261b740498c206cbae584ebbe 046e8009a8b544bfbe9ff50b26903464 - default default] Notify callbacks ['neutron.plugins.ml2.plugin.Ml2Plugin._ensure_default_security_group_handler--9223372036854337398'] for port, before_create _notify_loop /usr/lib/python2.7/site-packages/neutron_lib/callbacks/manager.py:167
2018-06-28 05:24:14.629 23009 DEBUG neutron.db.db_base_plugin_common [req-e97af303-c065-4164-80f8-c63fe49874bf 95cf4ee261b740498c206cbae584ebbe 046e8009a8b544bfbe9ff50b26903464 - default default] Allocated IP 172.24.4.11 (8fa9a212-be1e-480a-988d-8a3f899b6e3c/606cc7a3-2eae-4ba0-be88-1f3c9fd67e5e/2d4aeb81-d9c0-45f4-bbd2-0c2e8c808629) _store_ip_allocation /usr/lib/python2.7/site-packages/neutron/db/db_base_plugin_common.py:122
2018-06-28 05:24:14.861 23009 DEBUG neutron_lib.callbacks.manager [req-e97af303-c065-4164-80f8-c63fe49874bf 95cf4ee261b740498c206cbae584ebbe 046e8009a8b544bfbe9ff50b26903464 - default default] Notify callbacks [] for port, precommit_create _notify_loop /usr/lib/python2.7/site-packages/neutron_lib/callbacks/manager.py:167
2018-06-28 05:24:14.972 23009 DEBUG neutron_lib.callbacks.manager [req-e97af303-c065-4164-80f8-c63fe49874bf 95cf4ee261b740498c206cbae584ebbe 046e8009a8b544bfbe9ff50b26903464 - default default] Notify callbacks ['neutron.plugins.ml2.plugin.Ml2Plugin.notify_sg_on_port_change-438527', 'neutron.db.l3_dvrscheduler_db._notify_l3_agent_new_port--9223363296175948608', 'neutron.api.rpc.agentnotifiers.dhcp_rpc_agent_api.DhcpAgentNotifyAPI._native_event_send_dhcp_notification--9223372036853226507', 'neutron.plugins.ml2.ovo_rpc._ObjectChangeHandler.handle_event-1693188'] for port, after_create _notify_loop /usr/lib/python2.7/site-packages/neutron_lib/callbacks/manager.py:167
2018-06-28 05:24:14.974 23009 DEBUG neutron.db.l3_dvrscheduler_db [req-e97af303-c065-4164-80f8-c63fe49874bf 95cf4ee261b740498c206cbae584ebbe 046e8009a8b544bfbe9ff50b26903464 - default default] Received port after_create _notify_l3_agent_new_port /usr/lib/python2.7/site-packages/neutron/db/l3_dvrscheduler_db.py:392
2018-06-28 05:24:15.038 23011 DEBUG neutron.wsgi [-] (23011) accepted ('10.0.20.26', 49998) server /usr/lib/python2.7/site-packages/eventlet/wsgi.py:883
2018-06-28 05:24:15.221 23009 DEBUG neutron.scheduler.dhcp_agent_scheduler [req-e97af303-c065-4164-80f8-c63fe49874bf 95cf4ee261b740498c206cbae584ebbe 046e8009a8b544bfbe9ff50b26903464 - default default] Network 8fa9a212-be1e-480a-988d-8a3f899b6e3c is already hosted by enough agents. _get_dhcp_agents_hosting_network /usr/lib/python2.7/site-packages/neutron/scheduler/dhcp_agent_scheduler.py:243
2018-06-28 05:24:15.524 23009 DEBUG oslo_concurrency.lockutils [-] Lock "event-dispatch" acquired by "neutron.plugins.ml2.ovo_rpc.dispatch_events" :: waited 0.001s inner /usr/lib/python2.7/site-packages/oslo_concurrency/lockutils.py:270
2018-06-28 05:24:15.560 23011 INFO neutron.wsgi [req-de307689-57c6-4633-a86a-32f352833b9a 2381c87c24634e059255e904a45e06ef 0d772b180b3c41e2ae2eba61c236b149 - default default] 10.0.20.26 "GET /v2.0/ports?device_id=53edfcc0-d2cd-4514-9ad7-33ec3be78828 HTTP/1.1" status: 200  len: 1123 time: 0.5204220
2018-06-28 05:24:15.714 23009 DEBUG neutron.api.rpc.handlers.resources_rpc [req-e97af303-c065-4164-80f8-c63fe49874bf 95cf4ee261b740498c206cbae584ebbe 046e8009a8b544bfbe9ff50b26903464 - - -] neutron.api.rpc.handlers.resources_rpc.ResourcesPushRpcApi method push called with arguments (<neutron_lib.context.Context object at 0x7f318ff0d850>, [Port(admin_state_up=True,allowed_address_pairs=[],binding=PortBinding,binding_levels=[],created_at=2018-06-28T03:24:14Z,data_plane_status=<?>,description='',device_id='PENDING',device_owner='network:floatingip',dhcp_options=[],distributed_binding=None,dns=None,fixed_ips=[IPAllocation],id=2d4aeb81-d9c0-45f4-bbd2-0c2e8c808629,mac_address=fa:16:3e:08:30:74,name='',network_id=8fa9a212-be1e-480a-988d-8a3f899b6e3c,project_id='',qos_policy_id=None,revision_number=3,security=PortSecurity(2d4aeb81-d9c0-45f4-bbd2-0c2e8c808629),security_group_ids=set([]),status='N/A',updated_at=2018-06-28T03:24:14Z)], 'updated') {} wrapper /usr/lib/python2.7/site-packages/oslo_log/helpers.py:66
2018-06-28 05:24:15.736 23009 DEBUG neutron.api.rpc.callbacks.version_manager [req-e97af303-c065-4164-80f8-c63fe49874bf 95cf4ee261b740498c206cbae584ebbe 046e8009a8b544bfbe9ff50b26903464 - - -] Version for resource type Subnet changed None to 1.0 on consumer Open vSwitch agent@localhost.localdomain _set_version /usr/lib/python2.7/site-packages/neutron/api/rpc/callbacks/version_manager.py:119
2018-06-28 05:24:15.737 23009 DEBUG neutron.api.rpc.callbacks.version_manager [req-e97af303-c065-4164-80f8-c63fe49874bf 95cf4ee261b740498c206cbae584ebbe 046e8009a8b544bfbe9ff50b26903464 - - -] Version for resource type Network changed None to 1.0 on consumer Open vSwitch agent@localhost.localdomain _set_version /usr/lib/python2.7/site-packages/neutron/api/rpc/callbacks/version_manager.py:119
2018-06-28 05:24:15.738 23009 DEBUG neutron.api.rpc.callbacks.version_manager [req-e97af303-c065-4164-80f8-c63fe49874bf 95cf4ee261b740498c206cbae584ebbe 046e8009a8b544bfbe9ff50b26903464 - - -] Version for resource type SubPort changed None to 1.0 on consumer Open vSwitch agent@localhost.localdomain _set_version /usr/lib/python2.7/site-packages/neutron/api/rpc/callbacks/version_manager.py:119
2018-06-28 05:24:15.739 23009 DEBUG neutron.api.rpc.callbacks.version_manager [req-e97af303-c065-4164-80f8-c63fe49874bf 95cf4ee261b740498c206cbae584ebbe 046e8009a8b544bfbe9ff50b26903464 - - -] Version for resource type SecurityGroup changed None to 1.0 on consumer Open vSwitch agent@localhost.localdomain _set_version /usr/lib/python2.7/site-packages/neutron/api/rpc/callbacks/version_manager.py:119
2018-06-28 05:24:15.739 23009 DEBUG neutron.api.rpc.callbacks.version_manager [req-e97af303-c065-4164-80f8-c63fe49874bf 95cf4ee261b740498c206cbae584ebbe 046e8009a8b544bfbe9ff50b26903464 - - -] Version for resource type SecurityGroupRule changed None to 1.0 on consumer Open vSwitch agent@localhost.localdomain _set_version /usr/lib/python2.7/site-packages/neutron/api/rpc/callbacks/version_manager.py:119
2018-06-28 05:24:15.740 23009 DEBUG neutron.api.rpc.callbacks.version_manager [req-e97af303-c065-4164-80f8-c63fe49874bf 95cf4ee261b740498c206cbae584ebbe 046e8009a8b544bfbe9ff50b26903464 - - -] Version for resource type Trunk changed None to 1.1 on consumer Open vSwitch agent@localhost.localdomain _set_version /usr/lib/python2.7/site-packages/neutron/api/rpc/callbacks/version_manager.py:119
2018-06-28 05:24:15.740 23009 DEBUG neutron.api.rpc.callbacks.version_manager [req-e97af303-c065-4164-80f8-c63fe49874bf 95cf4ee261b740498c206cbae584ebbe 046e8009a8b544bfbe9ff50b26903464 - - -] Version for resource type QosPolicy changed None to 1.6 on consumer Open vSwitch agent@localhost.localdomain _set_version /usr/lib/python2.7/site-packages/neutron/api/rpc/callbacks/version_manager.py:119
2018-06-28 05:24:15.741 23009 DEBUG neutron.api.rpc.callbacks.version_manager [req-e97af303-c065-4164-80f8-c63fe49874bf 95cf4ee261b740498c206cbae584ebbe 046e8009a8b544bfbe9ff50b26903464 - - -] Version for resource type Port changed None to 1.1 on consumer Open vSwitch agent@localhost.localdomain _set_version /usr/lib/python2.7/site-packages/neutron/api/rpc/callbacks/version_manager.py:119
2018-06-28 05:24:15.741 23009 DEBUG neutron.api.rpc.callbacks.version_manager [req-e97af303-c065-4164-80f8-c63fe49874bf 95cf4ee261b740498c206cbae584ebbe 046e8009a8b544bfbe9ff50b26903464 - - -] Version for resource type Log changed None to 1.0 on consumer Open vSwitch agent@localhost.localdomain _set_version /usr/lib/python2.7/site-packages/neutron/api/rpc/callbacks/version_manager.py:119
2018-06-28 05:24:15.743 23009 DEBUG neutron.api.rpc.callbacks.version_manager [req-e97af303-c065-4164-80f8-c63fe49874bf 95cf4ee261b740498c206cbae584ebbe 046e8009a8b544bfbe9ff50b26903464 - - -] Tracked resource versions report:
pushed versions:
{   'Log': set(['1.0']),
    'Network': set(['1.0']),
    'Port': set(['1.1']),
    'QosPolicy': set(['1.6']),
    'SecurityGroup': set(['1.0']),
    'SecurityGroupRule': set(['1.0']),
    'SubPort': set(['1.0']),
    'Subnet': set(['1.0']),
    'Trunk': set(['1.1'])}

consumer versions:
{   DHCP agent@localhost.localdomain: {   },
    L3 agent@localhost.localdomain: {   },
    Metadata agent@localhost.localdomain: {   },
    Metering agent@localhost.localdomain: {   },
    Open vSwitch agent@localhost.localdomain: {   u'Log': u'1.0',
                                                  u'Network': u'1.0',
                                                  u'Port': u'1.1',
                                                  u'QosPolicy': u'1.6',
                                                  u'SecurityGroup': u'1.0',
                                                  u'SecurityGroupRule': u'1.0',
                                                  u'SubPort': u'1.0',
                                                  u'Subnet': u'1.0',
                                                  u'Trunk': u'1.1'}}
 report /usr/lib/python2.7/site-packages/neutron/api/rpc/callbacks/version_manager.py:178
2018-06-28 05:24:15.762 23009 DEBUG neutron_lib.callbacks.manager [req-e97af303-c065-4164-80f8-c63fe49874bf 95cf4ee261b740498c206cbae584ebbe 046e8009a8b544bfbe9ff50b26903464 - default default] Notify callbacks ['neutron.plugins.ml2.plugin.Ml2Plugin._ensure_default_security_group_handler--9223372036854337398'] for port, before_update _notify_loop /usr/lib/python2.7/site-packages/neutron_lib/callbacks/manager.py:167
2018-06-28 05:24:15.764 23011 INFO neutron.wsgi [req-6cc33f93-545f-4e96-9a9a-449944b92b4d 2381c87c24634e059255e904a45e06ef 0d772b180b3c41e2ae2eba61c236b149 - default default] 10.0.20.26 "GET /v2.0/security-groups?id=d59d663a-127f-4cbe-8942-a6ec17d731d7 HTTP/1.1" status: 200  len: 2118 time: 0.1522911
2018-06-28 05:24:15.778 23009 DEBUG oslo_concurrency.lockutils [req-e97af303-c065-4164-80f8-c63fe49874bf 95cf4ee261b740498c206cbae584ebbe 046e8009a8b544bfbe9ff50b26903464 - - -] Lock "event-dispatch" released by "neutron.plugins.ml2.ovo_rpc.dispatch_events" :: held 0.254s inner /usr/lib/python2.7/site-packages/oslo_concurrency/lockutils.py:282
2018-06-28 05:24:16.552 23009 DEBUG neutron_lib.callbacks.manager [req-e97af303-c065-4164-80f8-c63fe49874bf 95cf4ee261b740498c206cbae584ebbe 046e8009a8b544bfbe9ff50b26903464 - default default] Notify callbacks [] for port, precommit_update _notify_loop /usr/lib/python2.7/site-packages/neutron_lib/callbacks/manager.py:167
2018-06-28 05:24:16.572 23009 DEBUG neutron_lib.callbacks.manager [req-e97af303-c065-4164-80f8-c63fe49874bf 95cf4ee261b740498c206cbae584ebbe 046e8009a8b544bfbe9ff50b26903464 - default default] Notify callbacks ['neutron.db.l3_dvrscheduler_db._notify_l3_agent_port_update--9223363296175948593', 'neutron.plugins.ml2.plugin.Ml2Plugin.notify_sg_on_port_change-438527', 'neutron.db.l3_hascheduler_db._notify_l3_agent_ha_port_update-8740678822435', 'neutron.api.rpc.agentnotifiers.dhcp_rpc_agent_api.DhcpAgentNotifyAPI._native_event_send_dhcp_notification--9223372036853226507', 'neutron.plugins.ml2.ovo_rpc._ObjectChangeHandler.handle_event-1693188'] for port, after_update _notify_loop /usr/lib/python2.7/site-packages/neutron_lib/callbacks/manager.py:167
2018-06-28 05:24:16.756 23029 DEBUG neutron.db.agents_db [req-286d12b0-2db3-4368-938f-07f739bea29b - - - - -] Agent healthcheck: found 5 active agents agent_health_check /usr/lib/python2.7/site-packages/neutron/db/agents_db.py:281
2018-06-28 05:24:16.886 23009 DEBUG neutron_lib.callbacks.manager [req-e97af303-c065-4164-80f8-c63fe49874bf 95cf4ee261b740498c206cbae584ebbe 046e8009a8b544bfbe9ff50b26903464 - default default] Notify callbacks ['neutron.services.l3_router.l3_router_plugin.L3RouterPlugin._create_dvr_floating_gw_port--9223372036853170882'] for floatingip, after_update _notify_loop /usr/lib/python2.7/site-packages/neutron_lib/callbacks/manager.py:167
2018-06-28 05:24:16.897 23009 DEBUG oslo_concurrency.lockutils [-] Lock "event-dispatch" acquired by "neutron.plugins.ml2.ovo_rpc.dispatch_events" :: waited 0.000s inner /usr/lib/python2.7/site-packages/oslo_concurrency/lockutils.py:270
2018-06-28 05:24:17.043 23009 DEBUG neutron.quota.resource [req-e97af303-c065-4164-80f8-c63fe49874bf 95cf4ee261b740498c206cbae584ebbe 046e8009a8b544bfbe9ff50b26903464 - default default] Persisted dirty status for tenant:c3c8aa9773454abebc8ca426f7657a8f on resource:floatingip mark_dirty /usr/lib/python2.7/site-packages/neutron/quota/resource.py:207
2018-06-28 05:24:17.056 23009 DEBUG neutron.quota.resource [req-e97af303-c065-4164-80f8-c63fe49874bf 95cf4ee261b740498c206cbae584ebbe 046e8009a8b544bfbe9ff50b26903464 - default default] Persisted dirty status for tenant: on resource:port mark_dirty /usr/lib/python2.7/site-packages/neutron/quota/resource.py:207
2018-06-28 05:24:17.082 23009 DEBUG neutron.api.rpc.handlers.resources_rpc [req-e97af303-c065-4164-80f8-c63fe49874bf 95cf4ee261b740498c206cbae584ebbe 046e8009a8b544bfbe9ff50b26903464 - - -] neutron.api.rpc.handlers.resources_rpc.ResourcesPushRpcApi method push called with arguments (<neutron_lib.context.Context object at 0x7f31902ad490>, [Port(admin_state_up=True,allowed_address_pairs=[],binding=PortBinding,binding_levels=[],created_at=2018-06-28T03:24:14Z,data_plane_status=<?>,description='',device_id='f08cad52-8626-4c1c-bea7-4cc750ed0947',device_owner='network:floatingip',dhcp_options=[],distributed_binding=None,dns=None,fixed_ips=[IPAllocation],id=2d4aeb81-d9c0-45f4-bbd2-0c2e8c808629,mac_address=fa:16:3e:08:30:74,name='',network_id=8fa9a212-be1e-480a-988d-8a3f899b6e3c,project_id='',qos_policy_id=None,revision_number=4,security=PortSecurity(2d4aeb81-d9c0-45f4-bbd2-0c2e8c808629),security_group_ids=set([]),status='N/A',updated_at=2018-06-28T03:24:15Z)], 'updated') {} wrapper /usr/lib/python2.7/site-packages/oslo_log/helpers.py:66
2018-06-28 05:24:17.093 23009 DEBUG neutron_lib.callbacks.manager [req-e97af303-c065-4164-80f8-c63fe49874bf 95cf4ee261b740498c206cbae584ebbe 046e8009a8b544bfbe9ff50b26903464 - default default] Notify callbacks ['neutron.notifiers.nova.Notifier._send_nova_notification--9223372036854773838'] for floatingip, before_response _notify_loop /usr/lib/python2.7/site-packages/neutron_lib/callbacks/manager.py:167
2018-06-28 05:24:17.096 23009 INFO neutron.wsgi [req-e97af303-c065-4164-80f8-c63fe49874bf 95cf4ee261b740498c206cbae584ebbe 046e8009a8b544bfbe9ff50b26903464 - default default] 10.0.20.26 "POST /v2.0/floatingips HTTP/1.1" status: 201  len: 675 time: 3.4390299
2018-06-28 05:24:17.107 23009 DEBUG oslo_concurrency.lockutils [req-e97af303-c065-4164-80f8-c63fe49874bf 95cf4ee261b740498c206cbae584ebbe 046e8009a8b544bfbe9ff50b26903464 - - -] Lock "event-dispatch" released by "neutron.plugins.ml2.ovo_rpc.dispatch_events" :: held 0.211s inner /usr/lib/python2.7/site-packages/oslo_concurrency/lockutils.py:282
2018-06-28 05:24:19.290 23011 DEBUG neutron.wsgi [-] (23011) accepted ('10.0.20.26', 50034) server /usr/lib/python2.7/site-packages/eventlet/wsgi.py:883
2018-06-28 05:24:20.161 23011 INFO neutron.wsgi [req-ff530eae-fbcd-4531-8f2b-b51979018692 2381c87c24634e059255e904a45e06ef 0d772b180b3c41e2ae2eba61c236b149 - default default] 10.0.20.26 "GET /v2.0/ports?device_id=53edfcc0-d2cd-4514-9ad7-33ec3be78828 HTTP/1.1" status: 200  len: 1123 time: 0.8686359
2018-06-28 05:24:20.530 23011 INFO neutron.wsgi [req-b59f80cf-0dc8-4ee8-abf7-cb13ea911b05 2381c87c24634e059255e904a45e06ef 0d772b180b3c41e2ae2eba61c236b149 - default default] 10.0.20.26 "GET /v2.0/security-groups?id=d59d663a-127f-4cbe-8942-a6ec17d731d7 HTTP/1.1" status: 200  len: 2118 time: 0.1997402
2018-06-28 05:24:20.714 23011 INFO neutron.wsgi [req-8c1c04bb-31b8-4091-95ab-33d4c482797c 2381c87c24634e059255e904a45e06ef 0d772b180b3c41e2ae2eba61c236b149 - default default] 10.0.20.26 "GET /v2.0/ports?tenant_id=c3c8aa9773454abebc8ca426f7657a8f&device_id=53edfcc0-d2cd-4514-9ad7-33ec3be78828 HTTP/1.1" status: 200  len: 1123 time: 0.1461332
2018-06-28 05:24:21.021 23011 DEBUG neutron.pecan_wsgi.hooks.policy_enforcement [req-f2de7fd7-3d21-494a-868c-4b72cf5688fc 2381c87c24634e059255e904a45e06ef 0d772b180b3c41e2ae2eba61c236b149 - default default] Attributes excluded by policy engine: [u'vlan_transparent'] _exclude_attributes_by_policy /usr/lib/python2.7/site-packages/neutron/pecan_wsgi/hooks/policy_enforcement.py:256
2018-06-28 05:24:21.023 23011 INFO neutron.wsgi [req-f2de7fd7-3d21-494a-868c-4b72cf5688fc 2381c87c24634e059255e904a45e06ef 0d772b180b3c41e2ae2eba61c236b149 - default default] 10.0.20.26 "GET /v2.0/networks?id=c61d7c71-74ec-49f4-86cc-ba17e5ebc11d HTTP/1.1" status: 200  len: 885 time: 0.2991769
2018-06-28 05:24:21.087 23011 INFO neutron.wsgi [req-2b3564da-a7a0-488f-b1c3-485d92722c85 2381c87c24634e059255e904a45e06ef 0d772b180b3c41e2ae2eba61c236b149 - default default] 10.0.20.26 "GET /v2.0/floatingips?fixed_ip_address=11.95.1.7&port_id=d3871558-0e91-494a-bcd2-227bd8e3c4b9 HTTP/1.1" status: 200  len: 217 time: 0.0538340
2018-06-28 05:24:21.219 23011 DEBUG neutron.pecan_wsgi.hooks.policy_enforcement [req-0ac700f0-60e8-4ee4-b1d6-714ad69ac07d 2381c87c24634e059255e904a45e06ef 0d772b180b3c41e2ae2eba61c236b149 - default default] Attributes excluded by policy engine: [u'shared'] _exclude_attributes_by_policy /usr/lib/python2.7/site-packages/neutron/pecan_wsgi/hooks/policy_enforcement.py:256
2018-06-28 05:24:21.222 23011 INFO neutron.wsgi [req-0ac700f0-60e8-4ee4-b1d6-714ad69ac07d 2381c87c24634e059255e904a45e06ef 0d772b180b3c41e2ae2eba61c236b149 - default default] 10.0.20.26 "GET /v2.0/subnets?id=d3b79fc6-ce8c-4561-aad7-5e9101f027a4 HTTP/1.1" status: 200  len: 843 time: 0.1280458
2018-06-28 05:24:21.661 23011 INFO neutron.wsgi [req-63436a70-2fdc-4f9f-bc66-3ab59d50b976 2381c87c24634e059255e904a45e06ef 0d772b180b3c41e2ae2eba61c236b149 - default default] 10.0.20.26 "GET /v2.0/ports?network_id=c61d7c71-74ec-49f4-86cc-ba17e5ebc11d&device_owner=network%3Adhcp HTTP/1.1" status: 200  len: 1127 time: 0.4309680
2018-06-28 05:24:23.101 23016 DEBUG neutron.wsgi [-] (23016) accepted ('10.0.20.26', 51088) server /usr/lib/python2.7/site-packages/eventlet/wsgi.py:883
2018-06-28 05:24:23.687 23016 INFO neutron.wsgi [req-ec2b86c0-1ba8-4c20-abe7-fe67c0e4fbd8 2381c87c24634e059255e904a45e06ef 0d772b180b3c41e2ae2eba61c236b149 - default default] 10.0.20.26 "GET /v2.0/ports?device_id=53edfcc0-d2cd-4514-9ad7-33ec3be78828 HTTP/1.1" status: 200  len: 1123 time: 0.5836990
2018-06-28 05:24:23.850 23016 INFO neutron.wsgi [req-75faaf4c-c8a1-458b-9e94-e278e397ef20 2381c87c24634e059255e904a45e06ef 0d772b180b3c41e2ae2eba61c236b149 - default default] 10.0.20.26 "GET /v2.0/security-groups?id=d59d663a-127f-4cbe-8942-a6ec17d731d7 HTTP/1.1" status: 200  len: 2118 time: 0.1207170
2018-06-28 05:24:26.464 23011 DEBUG neutron.wsgi [-] (23011) accepted ('10.0.20.26', 51120) server /usr/lib/python2.7/site-packages/eventlet/wsgi.py:883
2018-06-28 05:24:27.072 23011 INFO neutron.wsgi [req-518d20fd-ab20-4284-be7f-dda96537c996 2381c87c24634e059255e904a45e06ef 0d772b180b3c41e2ae2eba61c236b149 - default default] 10.0.20.26 "GET /v2.0/ports?device_id=53edfcc0-d2cd-4514-9ad7-33ec3be78828 HTTP/1.1" status: 200  len: 1123 time: 0.6055310
2018-06-28 05:24:27.307 23011 INFO neutron.wsgi [req-564de4dc-3a3d-4cea-81cf-27bd1ae079ff 2381c87c24634e059255e904a45e06ef 0d772b180b3c41e2ae2eba61c236b149 - default default] 10.0.20.26 "GET /v2.0/security-groups?id=d59d663a-127f-4cbe-8942-a6ec17d731d7 HTTP/1.1" status: 200  len: 2118 time: 0.1651130
2018-06-28 05:24:31.304 23016 DEBUG neutron.wsgi [-] (23016) accepted ('10.0.20.26', 51180) server /usr/lib/python2.7/site-packages/eventlet/wsgi.py:883
2018-06-28 05:24:31.646 23011 DEBUG neutron.wsgi [-] (23011) accepted ('10.0.20.26', 51182) server /usr/lib/python2.7/site-packages/eventlet/wsgi.py:883
2018-06-28 05:24:31.824 23016 WARNING keystonemiddleware.auth_token [-] A valid token was submitted as a service token, but it was not a valid service token. This is incorrect but backwards compatible behaviour. This will be removed in future releases.
2018-06-28 05:24:32.116 23011 INFO neutron.wsgi [req-e679ef53-3c4f-4ffe-bce5-1f01e766e015 2381c87c24634e059255e904a45e06ef 0d772b180b3c41e2ae2eba61c236b149 - default default] 10.0.20.26 "GET /v2.0/ports?device_id=53edfcc0-d2cd-4514-9ad7-33ec3be78828 HTTP/1.1" status: 200  len: 1123 time: 0.4681370
2018-06-28 05:24:32.195 23021 DEBUG neutron_lib.callbacks.manager [req-001f1936-e9a0-47a5-bb6c-3ea84a57f02e - - - - -] Notify callbacks ['neutron.services.segments.db._update_segment_host_mapping_for_agent-8740679188304'] for agent, after_update _notify_loop /usr/lib/python2.7/site-packages/neutron_lib/callbacks/manager.py:167
2018-06-28 05:24:32.361 23011 INFO neutron.wsgi [req-562b2fe3-f529-4b6f-993f-3b90c934a78c 2381c87c24634e059255e904a45e06ef 0d772b180b3c41e2ae2eba61c236b149 - default default] 10.0.20.26 "GET /v2.0/security-groups?id=d59d663a-127f-4cbe-8942-a6ec17d731d7 HTTP/1.1" status: 200  len: 2118 time: 0.1791949
2018-06-28 05:24:32.377 23022 DEBUG neutron_lib.callbacks.manager [req-09566513-2081-4698-957f-0e2ead14fbff - - - - -] Notify callbacks ['neutron.services.segments.db._update_segment_host_mapping_for_agent-8740679188304'] for agent, after_update _notify_loop /usr/lib/python2.7/site-packages/neutron_lib/callbacks/manager.py:167
2018-06-28 05:24:32.622 23016 INFO neutron.wsgi [req-2d902361-bb8a-40f0-8291-1a95f6a74ba4 c186c7ddf7894753a22da5e7b95a6e22 c3c8aa9773454abebc8ca426f7657a8f - db936f766cde48c1898e872c96ca743f db936f766cde48c1898e872c96ca743f] 10.0.20.26 "GET /v2.0/ports?device_id=53edfcc0-d2cd-4514-9ad7-33ec3be78828 HTTP/1.1" status: 200  len: 1123 time: 1.3157129
2018-06-28 05:24:32.817 23016 INFO neutron.wsgi [req-85ac9a4b-2210-45c2-be1a-9143ae9df28a c186c7ddf7894753a22da5e7b95a6e22 c3c8aa9773454abebc8ca426f7657a8f - db936f766cde48c1898e872c96ca743f db936f766cde48c1898e872c96ca743f] 10.0.20.26 "GET /v2.0/security-groups?id=d59d663a-127f-4cbe-8942-a6ec17d731d7 HTTP/1.1" status: 200  len: 2118 time: 0.1380520
2018-06-28 05:24:33.201 23016 INFO neutron.wsgi [req-fbed2032-cdb3-4e38-b551-6f96e6921db6 c186c7ddf7894753a22da5e7b95a6e22 c3c8aa9773454abebc8ca426f7657a8f - db936f766cde48c1898e872c96ca743f db936f766cde48c1898e872c96ca743f] 10.0.20.26 "GET /v2.0/ports?device_owner=compute%3Anova&device_id=53edfcc0-d2cd-4514-9ad7-33ec3be78828 HTTP/1.1" status: 200  len: 1123 time: 0.1392360
2018-06-28 05:24:33.270 23016 INFO neutron.wsgi [req-6ad02351-c735-45d2-9550-f318843116b3 c186c7ddf7894753a22da5e7b95a6e22 c3c8aa9773454abebc8ca426f7657a8f - db936f766cde48c1898e872c96ca743f db936f766cde48c1898e872c96ca743f] 10.0.20.26 "GET /v2.0/floatingips?floating_ip_address=172.24.4.11 HTTP/1.1" status: 200  len: 673 time: 0.0604119
2018-06-28 05:24:33.400 23016 DEBUG neutron.api.v2.base [req-2c064819-ab6e-4a85-8fe3-0147e7e6f4bf c186c7ddf7894753a22da5e7b95a6e22 c3c8aa9773454abebc8ca426f7657a8f - db936f766cde48c1898e872c96ca743f db936f766cde48c1898e872c96ca743f] Request body: {u'floatingip': {u'fixed_ip_address': u'11.95.1.7', u'port_id': u'd3871558-0e91-494a-bcd2-227bd8e3c4b9'}} prepare_request_body /usr/lib/python2.7/site-packages/neutron/api/v2/base.py:695
2018-06-28 05:24:33.860 23016 DEBUG neutron_lib.callbacks.manager [req-2c064819-ab6e-4a85-8fe3-0147e7e6f4bf c186c7ddf7894753a22da5e7b95a6e22 c3c8aa9773454abebc8ca426f7657a8f - db936f766cde48c1898e872c96ca743f db936f766cde48c1898e872c96ca743f] Notify callbacks ['neutron.services.l3_router.l3_router_plugin.L3RouterPlugin._create_dvr_floating_gw_port--9223372036853170882'] for floatingip, after_update _notify_loop /usr/lib/python2.7/site-packages/neutron_lib/callbacks/manager.py:167
2018-06-28 05:24:34.612 23016 DEBUG neutron.scheduler.l3_agent_scheduler [req-2c064819-ab6e-4a85-8fe3-0147e7e6f4bf c186c7ddf7894753a22da5e7b95a6e22 c3c8aa9773454abebc8ca426f7657a8f - db936f766cde48c1898e872c96ca743f db936f766cde48c1898e872c96ca743f] Router 439db5f0-1820-4b6b-a8ea-a2239b628182 has already been hosted by L3 agent 7579a3a7-c911-4c20-8f69-3d18d2c83252 _get_candidates /usr/lib/python2.7/site-packages/neutron/scheduler/l3_agent_scheduler.py:141
2018-06-28 05:24:34.880 23016 DEBUG neutron.api.rpc.agentnotifiers.l3_rpc_agent_api [req-2c064819-ab6e-4a85-8fe3-0147e7e6f4bf c186c7ddf7894753a22da5e7b95a6e22 c3c8aa9773454abebc8ca426f7657a8f - db936f766cde48c1898e872c96ca743f db936f766cde48c1898e872c96ca743f] Notify agent at l3_agent.localhost.localdomain the message routers_updated _agent_notification /usr/lib/python2.7/site-packages/neutron/api/rpc/agentnotifiers/l3_rpc_agent_api.py:69
2018-06-28 05:24:35.327 23016 DEBUG neutron_lib.callbacks.manager [req-2c064819-ab6e-4a85-8fe3-0147e7e6f4bf c186c7ddf7894753a22da5e7b95a6e22 c3c8aa9773454abebc8ca426f7657a8f - db936f766cde48c1898e872c96ca743f db936f766cde48c1898e872c96ca743f] Notify callbacks ['neutron.notifiers.nova.Notifier._send_nova_notification--9223372036854773838'] for floatingip, before_response _notify_loop /usr/lib/python2.7/site-packages/neutron_lib/callbacks/manager.py:167
2018-06-28 05:24:35.354 23026 DEBUG neutron.db.l3_hamode_db [req-1cb4bbde-6295-4789-92ac-93312d5987ef - - - - -] neutron.services.l3_router.l3_router_plugin.L3RouterPlugin method get_ha_sync_data_for_host called with arguments (<neutron_lib.context.Context object at 0x7f31903a7fd0>, u'localhost.localdomain', <neutron.db.models.agent.Agent[object at 7f31904e5f50] {id=u'7579a3a7-c911-4c20-8f69-3d18d2c83252', agent_type=u'L3 agent', binary=u'neutron-l3-agent', topic=u'l3_agent', host=u'localhost.localdomain', availability_zone=u'nova', admin_state_up=True, created_at=datetime.datetime(2018, 6, 6, 18, 7, 18), started_at=datetime.datetime(2018, 6, 28, 3, 13, 11), heartbeat_timestamp=datetime.datetime(2018, 6, 28, 3, 24, 11), description=None, configurations=u'{"agent_mode": "legacy", "gateway_external_network_id": "", "handle_internal_only_routers": true, "routers": 2, "interfaces": 2, "floating_ips": 0, "interface_driver": "neutron.agent.linux.interface.OVSInterfaceDriver", "log_agent_heartbeats": false, "external_network_bridge": "", "ex_gw_ports": 2}', resource_versions=None, load=0}>) {'active': True, 'router_ids': ['439db5f0-1820-4b6b-a8ea-a2239b628182']} wrapper /usr/lib/python2.7/site-packages/oslo_log/helpers.py:66
2018-06-28 05:24:35.454 23016 INFO neutron.wsgi [req-2c064819-ab6e-4a85-8fe3-0147e7e6f4bf c186c7ddf7894753a22da5e7b95a6e22 c3c8aa9773454abebc8ca426f7657a8f - db936f766cde48c1898e872c96ca743f db936f766cde48c1898e872c96ca743f] 10.0.20.26 "PUT /v2.0/floatingips/f08cad52-8626-4c1c-bea7-4cc750ed0947 HTTP/1.1" status: 200  len: 745 time: 2.1730371
2018-06-28 05:24:35.456 23016 DEBUG oslo_concurrency.lockutils [-] Lock "notifier-286e7937-ac44-4f31-a58e-349fce3dac0c" acquired by "neutron.notifiers.batch_notifier.synced_send" :: waited 0.000s inner /usr/lib/python2.7/site-packages/oslo_concurrency/lockutils.py:270
2018-06-28 05:24:35.457 23016 DEBUG neutron.notifiers.nova [-] Sending events: [{'tag': u'd3871558-0e91-494a-bcd2-227bd8e3c4b9', 'name': 'network-changed', 'server_uuid': u'53edfcc0-d2cd-4514-9ad7-33ec3be78828'}] send_events /usr/lib/python2.7/site-packages/neutron/notifiers/nova.py:242
2018-06-28 05:24:36.080 23016 DEBUG neutron.wsgi [-] (23016) accepted ('10.0.20.26', 51228) server /usr/lib/python2.7/site-packages/eventlet/wsgi.py:883
2018-06-28 05:24:36.376 23026 DEBUG neutron.db.l3_hamode_db [req-1cb4bbde-6295-4789-92ac-93312d5987ef - - - - -] neutron.services.l3_router.l3_router_plugin.L3RouterPlugin method _process_sync_ha_data called with arguments (<neutron_lib.context.Context object at 0x7f31903a7fd0>, [{'status': u'ACTIVE', '_interfaces': [{'status': u'ACTIVE', 'subnets': [{'dns_nameservers': [u'8.8.4.4'], 'ipv6_ra_mode': None, 'gateway_ip': u'11.95.1.1', 'cidr': u'11.95.1.0/24', 'id': u'd3b79fc6-ce8c-4561-aad7-5e9101f027a4', 'subnetpool_id': None}], 'binding:host_id': u'localhost.localdomain', 'description': u'', 'allowed_address_pairs': [], 'tags': [], 'extra_dhcp_opts': [], 'updated_at': '2018-06-28T03:22:50Z', 'device_owner': u'network:router_interface', 'revision_number': 7, 'port_security_enabled': False, 'binding:profile': {}, 'mtu': 1450, 'fixed_ips': [{'subnet_id': u'd3b79fc6-ce8c-4561-aad7-5e9101f027a4', 'prefixlen': 24, 'ip_address': u'11.95.1.1'}], 'id': u'60b1c723-8610-4eb7-884a-a897027af0a3', 'security_groups': [], 'device_id': u'439db5f0-1820-4b6b-a8ea-a2239b628182', 'name': u'', 'admin_state_up': True, 'network_id': u'c61d7c71-74ec-49f4-86cc-ba17e5ebc11d', 'tenant_id': u'c3c8aa9773454abebc8ca426f7657a8f', 'binding:vif_details': {u'port_filter': True, u'datapath_type': u'system', u'ovs_hybrid_plug': True}, 'address_scopes': {4: None, 6: None}, 'binding:vnic_type': u'normal', 'binding:vif_type': u'ovs', 'mac_address': u'fa:16:3e:4d:e4:27', 'project_id': u'c3c8aa9773454abebc8ca426f7657a8f', 'extra_subnets': [], 'created_at': '2018-06-28T03:22:42Z'}], 'enable_snat': True, 'ha_vr_id': 0, 'description': u'', 'tags': [], 'gw_port': {'status': u'ACTIVE', 'subnets': [{'dns_nameservers': [], 'ipv6_ra_mode': None, 'gateway_ip': u'172.24.4.1', 'cidr': u'172.24.4.0/24', 'id': u'606cc7a3-2eae-4ba0-be88-1f3c9fd67e5e', 'subnetpool_id': None}], 'binding:host_id': u'localhost.localdomain', 'description': u'', 'allowed_address_pairs': [], 'tags': [], 'extra_dhcp_opts': [], 'updated_at': '2018-06-28T03:23:02Z', 'device_owner': u'network:router_gateway', 'revision_number': 6, 'port_security_enabled': False, 'binding:profile': {}, 'mtu': 1500, 'fixed_ips': [{'subnet_id': u'606cc7a3-2eae-4ba0-be88-1f3c9fd67e5e', 'prefixlen': 24, 'ip_address': u'172.24.4.3'}], 'id': u'7ccc97b7-7a38-426a-9f3c-825ef1f7faff', 'security_groups': [], 'device_id': u'439db5f0-1820-4b6b-a8ea-a2239b628182', 'name': u'', 'admin_state_up': True, 'network_id': u'8fa9a212-be1e-480a-988d-8a3f899b6e3c', 'tenant_id': u'', 'binding:vif_details': {u'port_filter': True, u'datapath_type': u'system', u'ovs_hybrid_plug': True}, 'address_scopes': {4: None, 6: None}, 'binding:vnic_type': u'normal', 'binding:vif_type': u'ovs', 'mac_address': u'fa:16:3e:1d:14:1f', 'project_id': u'', 'extra_subnets': [], 'created_at': '2018-06-28T03:22:55Z'}, 'updated_at': '2018-06-28T03:22:57Z', 'revision_number': 4, 'ha': False, 'id': u'439db5f0-1820-4b6b-a8ea-a2239b628182', 'gw_port_host': u'localhost.localdomain', 'external_gateway_info': {'network_id': u'8fa9a212-be1e-480a-988d-8a3f899b6e3c', 'enable_snat': True, 'external_fixed_ips': [{'subnet_id': u'606cc7a3-2eae-4ba0-be88-1f3c9fd67e5e', 'ip_address': u'172.24.4.3'}]}, 'availability_zone_hints': [], 'availability_zones': [u'nova'], 'name': u'tempest-router-1530155951', 'gw_port_id': u'7ccc97b7-7a38-426a-9f3c-825ef1f7faff', 'admin_state_up': True, 'tenant_id': u'c3c8aa9773454abebc8ca426f7657a8f', 'created_at': '2018-06-28T03:22:20Z', 'distributed': False, 'flavor_id': None, 'routes': [], 'project_id': u'c3c8aa9773454abebc8ca426f7657a8f', '_floatingips': [{'router_id': u'439db5f0-1820-4b6b-a8ea-a2239b628182', 'status': u'DOWN', 'description': u'', 'tags': [], 'updated_at': '2018-06-28T03:24:33Z', 'dns_domain': '', 'floating_network_id': u'8fa9a212-be1e-480a-988d-8a3f899b6e3c', 'fixed_ip_address': u'11.95.1.7', 'floating_ip_address': u'172.24.4.11', 'revision_number': 1, 'port_id': u'd3871558-0e91-494a-bcd2-227bd8e3c4b9', 'id': u'f08cad52-8626-4c1c-bea7-4cc750ed0947', 'dns_name': '', 'created_at': '2018-06-28T03:24:15Z', 'tenant_id': u'c3c8aa9773454abebc8ca426f7657a8f', 'fixed_ip_address_scope': None, 'project_id': u'c3c8aa9773454abebc8ca426f7657a8f'}]}], u'localhost.localdomain', False) {} wrapper /usr/lib/python2.7/site-packages/oslo_log/helpers.py:66
2018-06-28 05:24:36.392 23026 DEBUG neutron.api.rpc.handlers.l3_rpc [req-1cb4bbde-6295-4789-92ac-93312d5987ef - - - - -] Checking router: 439db5f0-1820-4b6b-a8ea-a2239b628182 for host: localhost.localdomain _ensure_host_set_on_ports /usr/lib/python2.7/site-packages/neutron/api/rpc/handlers/l3_rpc.py:135
2018-06-28 05:24:36.778 23020 DEBUG neutron.api.rpc.handlers.l3_rpc [req-301cbc48-509e-4e8a-a277-02a44eeb9115 - - - - -] New status for floating IP f08cad52-8626-4c1c-bea7-4cc750ed0947: ACTIVE update_floatingip_statuses /usr/lib/python2.7/site-packages/neutron/api/rpc/handlers/l3_rpc.py:252
2018-06-28 05:24:37.278 23016 DEBUG novaclient.v2.client [-] REQ: curl -g -i -X POST http://10.0.20.26:8774/v2.1/0d772b180b3c41e2ae2eba61c236b149/os-server-external-events -H "User-Agent: python-novaclient" -H "Content-Type: application/json" -H "Accept: application/json" -H "X-OpenStack-Nova-API-Version: 2.1" -H "X-Auth-Token: {SHA1}15199bd109f4d12caa4f29e745d6d65d7a60ae0e" -d '{"events": [{"tag": "d3871558-0e91-494a-bcd2-227bd8e3c4b9", "name": "network-changed", "server_uuid": "53edfcc0-d2cd-4514-9ad7-33ec3be78828"}]}' _http_log_request /usr/lib/python2.7/site-packages/keystoneauth1/session.py:375
2018-06-28 05:24:37.369 23016 INFO neutron.wsgi [req-e0d02cca-6b9d-4c2f-ab65-9b5f16b388d5 2381c87c24634e059255e904a45e06ef 0d772b180b3c41e2ae2eba61c236b149 - default default] 10.0.20.26 "GET /v2.0/ports?tenant_id=c3c8aa9773454abebc8ca426f7657a8f&device_id=53edfcc0-d2cd-4514-9ad7-33ec3be78828 HTTP/1.1" status: 200  len: 1123 time: 0.7116120
2018-06-28 05:24:37.880 23016 INFO neutron.wsgi [req-a52b5e8a-b169-4158-9bab-7b7d76f40a77 2381c87c24634e059255e904a45e06ef 0d772b180b3c41e2ae2eba61c236b149 - default default] 10.0.20.26 "GET /v2.0/ports?device_id=53edfcc0-d2cd-4514-9ad7-33ec3be78828 HTTP/1.1" status: 200  len: 1123 time: 1.7978740
2018-06-28 05:24:38.148 23016 DEBUG neutron.pecan_wsgi.hooks.policy_enforcement [req-1dd35560-3cb0-4c7d-b2fc-f405a18cfad3 2381c87c24634e059255e904a45e06ef 0d772b180b3c41e2ae2eba61c236b149 - default default] Attributes excluded by policy engine: [u'vlan_transparent'] _exclude_attributes_by_policy /usr/lib/python2.7/site-packages/neutron/pecan_wsgi/hooks/policy_enforcement.py:256
2018-06-28 05:24:38.154 23016 INFO neutron.wsgi [req-1dd35560-3cb0-4c7d-b2fc-f405a18cfad3 2381c87c24634e059255e904a45e06ef 0d772b180b3c41e2ae2eba61c236b149 - default default] 10.0.20.26 "GET /v2.0/networks?id=c61d7c71-74ec-49f4-86cc-ba17e5ebc11d HTTP/1.1" status: 200  len: 885 time: 0.7745571
2018-06-28 05:24:38.292 23016 INFO neutron.wsgi [req-d8bcdba9-a8cd-4bbc-b4c4-89f6bcb4eeec 2381c87c24634e059255e904a45e06ef 0d772b180b3c41e2ae2eba61c236b149 - default default] 10.0.20.26 "GET /v2.0/security-groups?id=d59d663a-127f-4cbe-8942-a6ec17d731d7 HTTP/1.1" status: 200  len: 2118 time: 0.3142500
2018-06-28 05:24:38.523 23016 DEBUG novaclient.v2.client [-] RESP: [200] Content-Length: 179 Content-Type: application/json Openstack-Api-Version: compute 2.1 X-Openstack-Nova-Api-Version: 2.1 Vary: OpenStack-API-Version, X-OpenStack-Nova-API-Version X-Openstack-Request-Id: req-0346950f-5ecb-4caa-a92a-63b9e90b988e X-Compute-Request-Id: req-0346950f-5ecb-4caa-a92a-63b9e90b988e Date: Thu, 28 Jun 2018 03:24:38 GMT Connection: keep-alive 
RESP BODY: {"events": [{"status": "completed", "tag": "d3871558-0e91-494a-bcd2-227bd8e3c4b9", "name": "network-changed", "server_uuid": "53edfcc0-d2cd-4514-9ad7-33ec3be78828", "code": 200}]}
 _http_log_response /usr/lib/python2.7/site-packages/keystoneauth1/session.py:423
