2018-06-27 01:24:44.183 28725 DEBUG neutron.plugins.ml2.rpc [req-e2c49504-537d-42e1-9837-e5d0c5a1cf40 - - - - -] Device 9eebf1a4-e783-4883-9a43-ad1aad08d720 not bound to the agent host localhost.localdomain update_device_down /usr/lib/python2.7/site-packages/neutron/plugins/ml2/rpc.py:221
2018-06-27 01:24:44.612 28722 DEBUG neutron_lib.callbacks.manager [req-4c7e7c14-afac-4cbe-8060-3dffa2bd5b44 - - - - -] Notify callbacks ['neutron.services.segments.db._update_segment_host_mapping_for_agent-8755516982834'] for agent, after_update _notify_loop /usr/lib/python2.7/site-packages/neutron_lib/callbacks/manager.py:167
2018-06-27 01:24:45.188 28703 DEBUG neutron_lib.callbacks.manager [req-e2c49504-537d-42e1-9837-e5d0c5a1cf40 - - - - -] Notify callbacks ['neutron.services.segments.db._update_segment_host_mapping_for_agent-8755516982834'] for agent, after_update _notify_loop /usr/lib/python2.7/site-packages/neutron_lib/callbacks/manager.py:167
2018-06-27 01:24:50.705 28664 DEBUG neutron.wsgi [-] (28664) accepted ('10.0.20.22', 45282) server /usr/lib/python2.7/site-packages/eventlet/wsgi.py:883
2018-06-27 01:24:50.714 28664 INFO neutron.wsgi [-] 10.0.20.22 "GET / HTTP/1.1" status: 200  len: 252 time: 0.0031421
2018-06-27 01:24:51.360 28664 INFO neutron.api.v2.resource [req-ff174ee0-3e65-4c7b-b018-7f625d57151f 41f81b51431f44bd96d368d9b49cd4bd 688c18a1c85f4751b329806136ced2ee - default default] show failed (client error): The resource could not be found.
2018-06-27 01:24:51.362 28664 INFO neutron.wsgi [req-ff174ee0-3e65-4c7b-b018-7f625d57151f 41f81b51431f44bd96d368d9b49cd4bd 688c18a1c85f4751b329806136ced2ee - default default] 10.0.20.22 "GET /v2.0/routers/tempest-router-1530054792 HTTP/1.1" status: 404  len: 334 time: 0.6442280
2018-06-27 01:24:51.561 28664 INFO neutron.wsgi [req-0ce66898-a12e-441f-93c8-e77d5f8823e9 41f81b51431f44bd96d368d9b49cd4bd 688c18a1c85f4751b329806136ced2ee - default default] 10.0.20.22 "GET /v2.0/routers HTTP/1.1" status: 200  len: 1411 time: 0.1899321
2018-06-27 01:24:51.716 28664 DEBUG neutron_lib.callbacks.manager [req-7241651c-fe1d-40c6-978c-d59bfc52a4fc 41f81b51431f44bd96d368d9b49cd4bd 688c18a1c85f4751b329806136ced2ee - default default] Notify callbacks [] for router, before_delete _notify_loop /usr/lib/python2.7/site-packages/neutron_lib/callbacks/manager.py:167
2018-06-27 01:24:51.992 28664 DEBUG neutron_lib.callbacks.manager [req-7241651c-fe1d-40c6-978c-d59bfc52a4fc 41f81b51431f44bd96d368d9b49cd4bd 688c18a1c85f4751b329806136ced2ee - default default] Notify callbacks ['neutron.services.l3_router.service_providers.driver_controller.DriverController._clear_router_provider--9223372036854661531', 'neutron.services.l3_router.l3_router_plugin.L3RouterPlugin._release_router_vr_id-541379'] for router, precommit_delete _notify_loop /usr/lib/python2.7/site-packages/neutron_lib/callbacks/manager.py:167
2018-06-27 01:24:52.229 28664 DEBUG neutron_lib.callbacks.manager [req-7241651c-fe1d-40c6-978c-d59bfc52a4fc 41f81b51431f44bd96d368d9b49cd4bd 688c18a1c85f4751b329806136ced2ee - default default] Notify callbacks ['neutron.services.l3_router.l3_router_plugin.L3RouterPlugin._cleanup_ha_network-540934'] for router, after_delete _notify_loop /usr/lib/python2.7/site-packages/neutron_lib/callbacks/manager.py:167
2018-06-27 01:24:52.231 28664 DEBUG neutron.api.rpc.agentnotifiers.l3_rpc_agent_api [req-7241651c-fe1d-40c6-978c-d59bfc52a4fc 41f81b51431f44bd96d368d9b49cd4bd 688c18a1c85f4751b329806136ced2ee - default default] Fanout notify agent at l3_agent the message router_deleted on router be452b75-35e8-43eb-b93d-0faee1cc45fb _notification_fanout /usr/lib/python2.7/site-packages/neutron/api/rpc/agentnotifiers/l3_rpc_agent_api.py:118
2018-06-27 01:24:52.282 28664 DEBUG neutron.quota.resource [req-7241651c-fe1d-40c6-978c-d59bfc52a4fc 41f81b51431f44bd96d368d9b49cd4bd 688c18a1c85f4751b329806136ced2ee - default default] Persisted dirty status for tenant:ae669f606c4a4e4c826343accf968462 on resource:router mark_dirty /usr/lib/python2.7/site-packages/neutron/quota/resource.py:207
2018-06-27 01:24:52.307 28664 DEBUG neutron_lib.callbacks.manager [req-7241651c-fe1d-40c6-978c-d59bfc52a4fc 41f81b51431f44bd96d368d9b49cd4bd 688c18a1c85f4751b329806136ced2ee - default default] Notify callbacks [] for router, before_response _notify_loop /usr/lib/python2.7/site-packages/neutron_lib/callbacks/manager.py:167
2018-06-27 01:24:52.309 28664 INFO neutron.wsgi [req-7241651c-fe1d-40c6-978c-d59bfc52a4fc 41f81b51431f44bd96d368d9b49cd4bd 688c18a1c85f4751b329806136ced2ee - default default] 10.0.20.22 "DELETE /v2.0/routers/be452b75-35e8-43eb-b93d-0faee1cc45fb HTTP/1.1" status: 204  len: 173 time: 0.7420061
2018-06-27 01:24:52.703 28710 DEBUG neutron_lib.callbacks.manager [req-30537a03-82b3-456b-8319-c2ea73320c31 - - - - -] Notify callbacks ['neutron.services.segments.db._update_segment_host_mapping_for_agent-8755516982834'] for agent, after_update _notify_loop /usr/lib/python2.7/site-packages/neutron_lib/callbacks/manager.py:167
2018-06-27 01:24:52.757 28699 DEBUG neutron_lib.callbacks.manager [req-527c6a35-aece-4400-a83c-36cde9cb51cb - - - - -] Notify callbacks ['neutron.services.segments.db._update_segment_host_mapping_for_agent-8755516982834'] for agent, after_update _notify_loop /usr/lib/python2.7/site-packages/neutron_lib/callbacks/manager.py:167
2018-06-27 01:24:52.757 28666 INFO neutron.wsgi [req-5a3e922e-5908-47a2-9678-0e8eb1e9693d 8d51c6595f7b4b648f3775454a985b0c e3731f8202904eebb3e6658e91a6b0b5 - default default] 10.0.20.22 "GET /v2.0/ports?tenant_id=688c18a1c85f4751b329806136ced2ee&device_id=06deffa3-c274-4da5-a3ab-17f1d4e0a067 HTTP/1.1" status: 200  len: 1124 time: 0.1737871
2018-06-27 01:24:52.846 28729 DEBUG neutron.db.agents_db [req-621518ec-b71d-4ad7-b66c-e9f939c33098 - - - - -] Agent healthcheck: found 5 active agents agent_health_check /usr/lib/python2.7/site-packages/neutron/db/agents_db.py:281
2018-06-27 01:24:53.019 28666 DEBUG neutron.pecan_wsgi.hooks.policy_enforcement [req-07a90ec2-b29b-41a6-a3a0-e55914097821 8d51c6595f7b4b648f3775454a985b0c e3731f8202904eebb3e6658e91a6b0b5 - default default] Attributes excluded by policy engine: [u'vlan_transparent'] _exclude_attributes_by_policy /usr/lib/python2.7/site-packages/neutron/pecan_wsgi/hooks/policy_enforcement.py:256
2018-06-27 01:24:53.022 28666 INFO neutron.wsgi [req-07a90ec2-b29b-41a6-a3a0-e55914097821 8d51c6595f7b4b648f3775454a985b0c e3731f8202904eebb3e6658e91a6b0b5 - default default] 10.0.20.22 "GET /v2.0/networks?id=2ce34dd7-df32-4a77-980f-3c1215fa4847 HTTP/1.1" status: 200  len: 888 time: 0.2579310
2018-06-27 01:24:53.072 28666 INFO neutron.wsgi [req-69814f61-17cf-46a7-931e-e85f29a8fa1b 8d51c6595f7b4b648f3775454a985b0c e3731f8202904eebb3e6658e91a6b0b5 - default default] 10.0.20.22 "GET /v2.0/floatingips?fixed_ip_address=172.24.4.3&port_id=34ae3945-8340-4ff1-9d1f-d0bdb80875f3 HTTP/1.1" status: 200  len: 217 time: 0.0446639
2018-06-27 01:24:53.218 28666 DEBUG neutron.pecan_wsgi.hooks.policy_enforcement [req-be5a41a4-2841-4d4b-bea0-0266fa8f9919 8d51c6595f7b4b648f3775454a985b0c e3731f8202904eebb3e6658e91a6b0b5 - default default] Attributes excluded by policy engine: [u'shared'] _exclude_attributes_by_policy /usr/lib/python2.7/site-packages/neutron/pecan_wsgi/hooks/policy_enforcement.py:256
2018-06-27 01:24:53.221 28666 INFO neutron.wsgi [req-be5a41a4-2841-4d4b-bea0-0266fa8f9919 8d51c6595f7b4b648f3775454a985b0c e3731f8202904eebb3e6658e91a6b0b5 - default default] 10.0.20.22 "GET /v2.0/subnets?id=482aeca8-a24a-4c41-a222-a086cb79ba31 HTTP/1.1" status: 200  len: 819 time: 0.1427310
2018-06-27 01:24:53.318 28666 INFO neutron.wsgi [req-b48d4fa4-7c1e-40ba-a02b-e95b7d4b816a 8d51c6595f7b4b648f3775454a985b0c e3731f8202904eebb3e6658e91a6b0b5 - default default] 10.0.20.22 "GET /v2.0/ports?network_id=2ce34dd7-df32-4a77-980f-3c1215fa4847&device_owner=network%3Adhcp HTTP/1.1" status: 200  len: 210 time: 0.0916109
2018-06-27 01:24:58.625 28670 DEBUG neutron.wsgi [-] (28670) accepted ('10.0.20.22', 45572) server /usr/lib/python2.7/site-packages/eventlet/wsgi.py:883
2018-06-27 01:24:58.628 28670 INFO neutron.wsgi [-] 10.0.20.22 "GET / HTTP/1.1" status: 200  len: 252 time: 0.0020459
2018-06-27 01:24:59.119 28670 INFO neutron.pecan_wsgi.hooks.translation [req-d11ed90e-3008-4e5f-946f-eea6ba3e4cf9 41f81b51431f44bd96d368d9b49cd4bd 688c18a1c85f4751b329806136ced2ee - default default] GET failed (client error): The resource could not be found.
2018-06-27 01:24:59.121 28670 INFO neutron.wsgi [req-d11ed90e-3008-4e5f-946f-eea6ba3e4cf9 41f81b51431f44bd96d368d9b49cd4bd 688c18a1c85f4751b329806136ced2ee - default default] 10.0.20.22 "GET /v2.0/networks/tempest-private-1530054792 HTTP/1.1" status: 404  len: 334 time: 0.4893029
2018-06-27 01:24:59.351 28670 DEBUG neutron.pecan_wsgi.hooks.policy_enforcement [req-d82e4d80-03f6-439f-bf00-13e5ed834ebb 41f81b51431f44bd96d368d9b49cd4bd 688c18a1c85f4751b329806136ced2ee - default default] Attributes excluded by policy engine: [u'vlan_transparent'] _exclude_attributes_by_policy /usr/lib/python2.7/site-packages/neutron/pecan_wsgi/hooks/policy_enforcement.py:256
2018-06-27 01:24:59.352 28670 DEBUG neutron.pecan_wsgi.hooks.policy_enforcement [req-d82e4d80-03f6-439f-bf00-13e5ed834ebb 41f81b51431f44bd96d368d9b49cd4bd 688c18a1c85f4751b329806136ced2ee - default default] Attributes excluded by policy engine: [u'vlan_transparent'] _exclude_attributes_by_policy /usr/lib/python2.7/site-packages/neutron/pecan_wsgi/hooks/policy_enforcement.py:256
2018-06-27 01:24:59.353 28670 DEBUG neutron.pecan_wsgi.hooks.policy_enforcement [req-d82e4d80-03f6-439f-bf00-13e5ed834ebb 41f81b51431f44bd96d368d9b49cd4bd 688c18a1c85f4751b329806136ced2ee - default default] Attributes excluded by policy engine: [u'vlan_transparent'] _exclude_attributes_by_policy /usr/lib/python2.7/site-packages/neutron/pecan_wsgi/hooks/policy_enforcement.py:256
2018-06-27 01:24:59.355 28670 INFO neutron.wsgi [req-d82e4d80-03f6-439f-bf00-13e5ed834ebb 41f81b51431f44bd96d368d9b49cd4bd 688c18a1c85f4751b329806136ced2ee - default default] 10.0.20.22 "GET /v2.0/networks HTTP/1.1" status: 200  len: 2214 time: 0.2285039
2018-06-27 01:24:59.484 28670 INFO neutron.wsgi [req-9a29ec7e-efd6-4dde-9a4e-95e645056059 41f81b51431f44bd96d368d9b49cd4bd 688c18a1c85f4751b329806136ced2ee - default default] 10.0.20.22 "GET /v2.0/ports?network_id=bd8f9f96-0f8d-46fc-b44d-1e6190f70982 HTTP/1.1" status: 200  len: 1128 time: 0.1219740
2018-06-27 01:25:06.835 28670 DEBUG neutron.wsgi [-] (28670) accepted ('10.0.20.22', 45862) server /usr/lib/python2.7/site-packages/eventlet/wsgi.py:883
2018-06-27 01:25:06.838 28670 INFO neutron.wsgi [-] 10.0.20.22 "GET / HTTP/1.1" status: 200  len: 252 time: 0.0013540
2018-06-27 01:25:07.365 28670 INFO neutron.wsgi [req-575c2b99-1f1e-42d4-8918-9db371fefe84 41f81b51431f44bd96d368d9b49cd4bd 688c18a1c85f4751b329806136ced2ee - default default] 10.0.20.22 "GET /v2.0/ports/4ce9d802-88fa-4b0b-8d13-ddd289407327 HTTP/1.1" status: 200  len: 1125 time: 0.5231740
2018-06-27 01:25:07.448 28670 DEBUG neutron.plugins.ml2.plugin [req-7f65f58a-c03f-4633-9955-0521fec21dc0 41f81b51431f44bd96d368d9b49cd4bd 688c18a1c85f4751b329806136ced2ee - default default] Deleting port 4ce9d802-88fa-4b0b-8d13-ddd289407327 _pre_delete_port /usr/lib/python2.7/site-packages/neutron/plugins/ml2/plugin.py:1488
2018-06-27 01:25:07.449 28670 DEBUG neutron_lib.callbacks.manager [req-7f65f58a-c03f-4633-9955-0521fec21dc0 41f81b51431f44bd96d368d9b49cd4bd 688c18a1c85f4751b329806136ced2ee - default default] Notify callbacks ['neutron.db.l3_db._prevent_l3_port_delete_callback-8755517182694'] for port, before_delete _notify_loop /usr/lib/python2.7/site-packages/neutron_lib/callbacks/manager.py:167
2018-06-27 01:25:07.976 28670 DEBUG neutron.plugins.ml2.db [req-7f65f58a-c03f-4633-9955-0521fec21dc0 41f81b51431f44bd96d368d9b49cd4bd 688c18a1c85f4751b329806136ced2ee - default default] For port 4ce9d802-88fa-4b0b-8d13-ddd289407327, host localhost.localdomain, got binding levels [<neutron.plugins.ml2.models.PortBindingLevel[object at 7f68d640c410] {port_id=u'4ce9d802-88fa-4b0b-8d13-ddd289407327', host=u'localhost.localdomain', level=0, driver=u'openvswitch', segment_id=u'50beaa28-2f9f-4c63-83b6-5fe113fa4408'}>] get_binding_levels /usr/lib/python2.7/site-packages/neutron/plugins/ml2/db.py:106
2018-06-27 01:25:08.022 28670 DEBUG neutron.plugins.ml2.plugin [req-7f65f58a-c03f-4633-9955-0521fec21dc0 41f81b51431f44bd96d368d9b49cd4bd 688c18a1c85f4751b329806136ced2ee - default default] Calling delete_port for 4ce9d802-88fa-4b0b-8d13-ddd289407327 owned by network:dhcp delete_port /usr/lib/python2.7/site-packages/neutron/plugins/ml2/plugin.py:1547
2018-06-27 01:25:08.335 28670 DEBUG neutron_lib.callbacks.manager [req-7f65f58a-c03f-4633-9955-0521fec21dc0 41f81b51431f44bd96d368d9b49cd4bd 688c18a1c85f4751b329806136ced2ee - default default] Notify callbacks ['neutron.plugins.ml2.ovo_rpc._ObjectChangeHandler.handle_event-743970', 'neutron.plugins.ml2.plugin.Ml2Plugin.notify_sg_on_port_change-16429781', 'neutron.db.l3_db._notify_routers_callback--9223363281337615168', 'neutron.db.l3_dvrscheduler_db._notify_port_delete--9223363281338155870', 'neutron.api.rpc.agentnotifiers.dhcp_rpc_agent_api.DhcpAgentNotifyAPI._native_event_send_dhcp_notification-702483'] for port, after_delete _notify_loop /usr/lib/python2.7/site-packages/neutron_lib/callbacks/manager.py:167
2018-06-27 01:25:08.341 28670 DEBUG oslo_concurrency.lockutils [-] Lock "event-dispatch" acquired by "neutron.plugins.ml2.ovo_rpc.dispatch_events" :: waited 0.000s inner /usr/lib/python2.7/site-packages/oslo_concurrency/lockutils.py:270
2018-06-27 01:25:08.493 28670 DEBUG neutron.api.rpc.handlers.resources_rpc [req-7f65f58a-c03f-4633-9955-0521fec21dc0 41f81b51431f44bd96d368d9b49cd4bd 688c18a1c85f4751b329806136ced2ee - - -] neutron.api.rpc.handlers.resources_rpc.ResourcesPushRpcApi method push called with arguments (<neutron_lib.context.Context object at 0x7f68d6ebe110>, [Port(admin_state_up=<?>,allowed_address_pairs=<?>,binding=<?>,binding_levels=<?>,created_at=<?>,data_plane_status=<?>,description=<?>,device_id=<?>,device_owner=<?>,dhcp_options=<?>,distributed_binding=<?>,dns=<?>,fixed_ips=<?>,id=4ce9d802-88fa-4b0b-8d13-ddd289407327,mac_address=<?>,name=<?>,network_id=<?>,project_id=<?>,qos_policy_id=None,revision_number=<?>,security=<?>,security_group_ids=None,status=<?>,updated_at=<?>)], 'deleted') {} wrapper /usr/lib/python2.7/site-packages/oslo_log/helpers.py:66
2018-06-27 01:25:08.525 28670 DEBUG oslo_concurrency.lockutils [req-7f65f58a-c03f-4633-9955-0521fec21dc0 41f81b51431f44bd96d368d9b49cd4bd 688c18a1c85f4751b329806136ced2ee - - -] Lock "event-dispatch" released by "neutron.plugins.ml2.ovo_rpc.dispatch_events" :: held 0.184s inner /usr/lib/python2.7/site-packages/oslo_concurrency/lockutils.py:282
2018-06-27 01:25:08.598 28670 DEBUG neutron.db.l3_dvrscheduler_db [req-7f65f58a-c03f-4633-9955-0521fec21dc0 41f81b51431f44bd96d368d9b49cd4bd 688c18a1c85f4751b329806136ced2ee - default default] No DVR routers for this DVR port 4ce9d802-88fa-4b0b-8d13-ddd289407327 on host localhost.localdomain get_dvr_routers_to_remove /usr/lib/python2.7/site-packages/neutron/db/l3_dvrscheduler_db.py:191
2018-06-27 01:25:08.846 28670 DEBUG neutron_lib.callbacks.manager [req-7f65f58a-c03f-4633-9955-0521fec21dc0 41f81b51431f44bd96d368d9b49cd4bd 688c18a1c85f4751b329806136ced2ee - default default] Notify callbacks ['neutron.notifiers.nova.Notifier._send_nova_notification--9223372036854743344', 'neutron.api.rpc.agentnotifiers.dhcp_rpc_agent_api.DhcpAgentNotifyAPI._send_dhcp_notification-702464'] for port, before_response _notify_loop /usr/lib/python2.7/site-packages/neutron_lib/callbacks/manager.py:167
2018-06-27 01:25:08.861 28670 DEBUG neutron.quota.resource [req-7f65f58a-c03f-4633-9955-0521fec21dc0 41f81b51431f44bd96d368d9b49cd4bd 688c18a1c85f4751b329806136ced2ee - default default] Persisted dirty status for tenant:ae669f606c4a4e4c826343accf968462 on resource:port mark_dirty /usr/lib/python2.7/site-packages/neutron/quota/resource.py:207
2018-06-27 01:25:08.865 28670 INFO neutron.wsgi [req-7f65f58a-c03f-4633-9955-0521fec21dc0 41f81b51431f44bd96d368d9b49cd4bd 688c18a1c85f4751b329806136ced2ee - default default] 10.0.20.22 "DELETE /v2.0/ports/4ce9d802-88fa-4b0b-8d13-ddd289407327 HTTP/1.1" status: 204  len: 173 time: 1.4940472
2018-06-27 01:25:08.950 28703 DEBUG neutron.api.rpc.handlers.dhcp_rpc [req-db745f66-bc75-450b-af5f-9934f0959b2b - - - - -] DHCP port deletion for bd8f9f96-0f8d-46fc-b44d-1e6190f70982 request from localhost.localdomain release_dhcp_port /usr/lib/python2.7/site-packages/neutron/api/rpc/handlers/dhcp_rpc.py:244
2018-06-27 01:25:10.097 28699 DEBUG neutron.plugins.ml2.rpc [req-e2c49504-537d-42e1-9837-e5d0c5a1cf40 - - - - -] Device 4ce9d802-88fa-4b0b-8d13-ddd289407327 no longer exists at agent ovs-agent-localhost.localdomain update_device_down /usr/lib/python2.7/site-packages/neutron/plugins/ml2/rpc.py:213
2018-06-27 01:25:10.151 28699 DEBUG neutron.plugins.ml2.plugin [req-e2c49504-537d-42e1-9837-e5d0c5a1cf40 - - - - -] No Port match for: 4ce9d802-88fa-4b0b-8d13-ddd289407327 port_bound_to_host /usr/lib/python2.7/site-packages/neutron/plugins/ml2/plugin.py:1806
2018-06-27 01:25:10.152 28699 DEBUG neutron.plugins.ml2.rpc [req-e2c49504-537d-42e1-9837-e5d0c5a1cf40 - - - - -] Device 4ce9d802-88fa-4b0b-8d13-ddd289407327 not bound to the agent host localhost.localdomain update_device_down /usr/lib/python2.7/site-packages/neutron/plugins/ml2/rpc.py:221
2018-06-27 01:25:13.945 28715 DEBUG neutron_lib.callbacks.manager [req-4a7459e0-ce06-4512-b492-68e6239f7b68 - - - - -] Notify callbacks ['neutron.services.segments.db._update_segment_host_mapping_for_agent-8755516982834'] for agent, after_update _notify_loop /usr/lib/python2.7/site-packages/neutron_lib/callbacks/manager.py:167
2018-06-27 01:25:14.155 28670 DEBUG neutron.wsgi [-] (28670) accepted ('10.0.20.22', 45892) server /usr/lib/python2.7/site-packages/eventlet/wsgi.py:883
2018-06-27 01:25:14.159 28670 INFO neutron.wsgi [-] 10.0.20.22 "GET / HTTP/1.1" status: 200  len: 252 time: 0.0017731
2018-06-27 01:25:14.357 28715 DEBUG neutron.api.rpc.handlers.dhcp_rpc [req-4f1b4118-e6c5-49c0-9c0b-151ddb5b2f32 - - - - -] get_active_networks_info from localhost.localdomain get_active_networks_info /usr/lib/python2.7/site-packages/neutron/api/rpc/handlers/dhcp_rpc.py:141
2018-06-27 01:25:14.607 28725 DEBUG neutron_lib.callbacks.manager [req-a644c658-8f75-4107-ab66-31fc1ca0ac96 - - - - -] Notify callbacks ['neutron.services.segments.db._update_segment_host_mapping_for_agent-8755516982834'] for agent, after_update _notify_loop /usr/lib/python2.7/site-packages/neutron_lib/callbacks/manager.py:167
2018-06-27 01:25:14.651 28670 INFO neutron.pecan_wsgi.hooks.translation [req-6c7439d3-1f4c-4653-bf5c-2982fcb30401 41f81b51431f44bd96d368d9b49cd4bd 688c18a1c85f4751b329806136ced2ee - default default] GET failed (client error): The resource could not be found.
2018-06-27 01:25:14.653 28670 INFO neutron.wsgi [req-6c7439d3-1f4c-4653-bf5c-2982fcb30401 41f81b51431f44bd96d368d9b49cd4bd 688c18a1c85f4751b329806136ced2ee - default default] 10.0.20.22 "GET /v2.0/networks/tempest-private-1530054792 HTTP/1.1" status: 404  len: 334 time: 0.4900570
2018-06-27 01:25:14.870 28670 DEBUG neutron.pecan_wsgi.hooks.policy_enforcement [req-5d37278c-b106-4da9-bfef-5fe0a84387d1 41f81b51431f44bd96d368d9b49cd4bd 688c18a1c85f4751b329806136ced2ee - default default] Attributes excluded by policy engine: [u'vlan_transparent'] _exclude_attributes_by_policy /usr/lib/python2.7/site-packages/neutron/pecan_wsgi/hooks/policy_enforcement.py:256
2018-06-27 01:25:14.871 28670 DEBUG neutron.pecan_wsgi.hooks.policy_enforcement [req-5d37278c-b106-4da9-bfef-5fe0a84387d1 41f81b51431f44bd96d368d9b49cd4bd 688c18a1c85f4751b329806136ced2ee - default default] Attributes excluded by policy engine: [u'vlan_transparent'] _exclude_attributes_by_policy /usr/lib/python2.7/site-packages/neutron/pecan_wsgi/hooks/policy_enforcement.py:256
2018-06-27 01:25:14.871 28670 DEBUG neutron.pecan_wsgi.hooks.policy_enforcement [req-5d37278c-b106-4da9-bfef-5fe0a84387d1 41f81b51431f44bd96d368d9b49cd4bd 688c18a1c85f4751b329806136ced2ee - default default] Attributes excluded by policy engine: [u'vlan_transparent'] _exclude_attributes_by_policy /usr/lib/python2.7/site-packages/neutron/pecan_wsgi/hooks/policy_enforcement.py:256
2018-06-27 01:25:14.873 28670 INFO neutron.wsgi [req-5d37278c-b106-4da9-bfef-5fe0a84387d1 41f81b51431f44bd96d368d9b49cd4bd 688c18a1c85f4751b329806136ced2ee - default default] 10.0.20.22 "GET /v2.0/networks HTTP/1.1" status: 200  len: 2214 time: 0.2144978
2018-06-27 01:25:14.932 28710 DEBUG neutron.api.rpc.handlers.dhcp_rpc [req-bc1c04fb-4c92-4416-baff-91edcd9742e2 - - - - -] Create dhcp port {u'port': {u'name': u'', u'admin_state_up': True, u'network_id': u'bd8f9f96-0f8d-46fc-b44d-1e6190f70982', u'tenant_id': u'ae669f606c4a4e4c826343accf968462', u'fixed_ips': [{u'subnet_id': u'1060a52c-a649-4eee-b7b5-e211e7e17049'}], u'device_id': u'dhcpcd8f5f9f-e3e8-569f-87ef-f03c6cfc29bc-bd8f9f96-0f8d-46fc-b44d-1e6190f70982'}} from localhost.localdomain. create_dhcp_port /usr/lib/python2.7/site-packages/neutron/api/rpc/handlers/dhcp_rpc.py:264
2018-06-27 01:25:14.934 28710 DEBUG neutron_lib.callbacks.manager [req-bc1c04fb-4c92-4416-baff-91edcd9742e2 - - - - -] Notify callbacks ['neutron.plugins.ml2.plugin.Ml2Plugin._ensure_default_security_group_handler--9223372036838346136'] for port, before_create _notify_loop /usr/lib/python2.7/site-packages/neutron_lib/callbacks/manager.py:167
2018-06-27 01:25:15.078 28670 DEBUG neutron_lib.callbacks.manager [req-3d2c692f-787c-4089-98b9-96bda2b6617e 41f81b51431f44bd96d368d9b49cd4bd 688c18a1c85f4751b329806136ced2ee - default default] Notify callbacks ['neutron.plugins.ml2.plugin.Ml2Plugin._before_network_delete_handler--9223372036838317788'] for network, before_delete _notify_loop /usr/lib/python2.7/site-packages/neutron_lib/callbacks/manager.py:167
2018-06-27 01:25:15.183 28728 DEBUG neutron_lib.callbacks.manager [req-e2c49504-537d-42e1-9837-e5d0c5a1cf40 - - - - -] Notify callbacks ['neutron.services.segments.db._update_segment_host_mapping_for_agent-8755516982834'] for agent, after_update _notify_loop /usr/lib/python2.7/site-packages/neutron_lib/callbacks/manager.py:167
2018-06-27 01:25:15.202 28670 DEBUG neutron.db.db_base_plugin_v2 [req-3d2c692f-787c-4089-98b9-96bda2b6617e 41f81b51431f44bd96d368d9b49cd4bd 688c18a1c85f4751b329806136ced2ee - default default] Deleting subnet 1060a52c-a649-4eee-b7b5-e211e7e17049 delete_subnet /usr/lib/python2.7/site-packages/neutron/db/db_base_plugin_v2.py:1022
2018-06-27 01:25:15.203 28670 DEBUG neutron_lib.callbacks.manager [req-3d2c692f-787c-4089-98b9-96bda2b6617e 41f81b51431f44bd96d368d9b49cd4bd 688c18a1c85f4751b329806136ced2ee - default default] Notify callbacks [] for subnet, before_delete _notify_loop /usr/lib/python2.7/site-packages/neutron_lib/callbacks/manager.py:167
2018-06-27 01:25:15.417 28670 DEBUG neutron_lib.callbacks.manager [req-3d2c692f-787c-4089-98b9-96bda2b6617e 41f81b51431f44bd96d368d9b49cd4bd 688c18a1c85f4751b329806136ced2ee - default default] Notify callbacks ['neutron.plugins.ml2.plugin.Ml2Plugin._subnet_delete_precommit_handler-16767603'] for subnet, precommit_delete _notify_loop /usr/lib/python2.7/site-packages/neutron_lib/callbacks/manager.py:167
2018-06-27 01:25:15.475 28710 DEBUG neutron.db.db_base_plugin_common [req-bc1c04fb-4c92-4416-baff-91edcd9742e2 - - - - -] Allocated IP 11.118.1.2 (bd8f9f96-0f8d-46fc-b44d-1e6190f70982/1060a52c-a649-4eee-b7b5-e211e7e17049/2b5d81d4-a1c1-42f8-b58f-e382f5e5e976) _store_ip_allocation /usr/lib/python2.7/site-packages/neutron/db/db_base_plugin_common.py:122
2018-06-27 01:25:16.411 28710 DEBUG neutron_lib.callbacks.manager [req-bc1c04fb-4c92-4416-baff-91edcd9742e2 - - - - -] Notify callbacks [] for port, precommit_create _notify_loop /usr/lib/python2.7/site-packages/neutron_lib/callbacks/manager.py:167
2018-06-27 01:25:16.431 28710 DEBUG neutron.db.provisioning_blocks [req-bc1c04fb-4c92-4416-baff-91edcd9742e2 - - - - -] Transition to ACTIVE for port object 2b5d81d4-a1c1-42f8-b58f-e382f5e5e976 will not be triggered until provisioned by entity L2. add_provisioning_component /usr/lib/python2.7/site-packages/neutron/db/provisioning_blocks.py:73
2018-06-27 01:25:16.471 28710 DEBUG neutron.db.provisioning_blocks [req-bc1c04fb-4c92-4416-baff-91edcd9742e2 - - - - -] Transition to ACTIVE for port object 2b5d81d4-a1c1-42f8-b58f-e382f5e5e976 will not be triggered until provisioned by entity DHCP. add_provisioning_component /usr/lib/python2.7/site-packages/neutron/db/provisioning_blocks.py:73
2018-06-27 01:25:16.480 28710 DEBUG neutron_lib.callbacks.manager [req-bc1c04fb-4c92-4416-baff-91edcd9742e2 - - - - -] Notify callbacks ['neutron.plugins.ml2.ovo_rpc._ObjectChangeHandler.handle_event-743970', 'neutron.plugins.ml2.plugin.Ml2Plugin.notify_sg_on_port_change-16429781', 'neutron.db.l3_dvrscheduler_db._notify_l3_agent_new_port-8755516619931', 'neutron.api.rpc.agentnotifiers.dhcp_rpc_agent_api.DhcpAgentNotifyAPI._native_event_send_dhcp_notification-702483'] for port, after_create _notify_loop /usr/lib/python2.7/site-packages/neutron_lib/callbacks/manager.py:167
2018-06-27 01:25:16.482 28710 DEBUG oslo_concurrency.lockutils [-] Lock "event-dispatch" acquired by "neutron.plugins.ml2.ovo_rpc.dispatch_events" :: waited 0.000s inner /usr/lib/python2.7/site-packages/oslo_concurrency/lockutils.py:270
2018-06-27 01:25:16.560 28670 DEBUG neutron_lib.callbacks.manager [req-3d2c692f-787c-4089-98b9-96bda2b6617e 41f81b51431f44bd96d368d9b49cd4bd 688c18a1c85f4751b329806136ced2ee - default default] Notify callbacks ['neutron.plugins.ml2.plugin.Ml2Plugin._subnet_delete_after_delete_handler--9223372036838008216', 'neutron.plugins.ml2.ovo_rpc._ObjectChangeHandler.handle_event-743954', 'neutron.api.rpc.agentnotifiers.dhcp_rpc_agent_api.DhcpAgentNotifyAPI._native_event_send_dhcp_notification-702483'] for subnet, after_delete _notify_loop /usr/lib/python2.7/site-packages/neutron_lib/callbacks/manager.py:167
2018-06-27 01:25:16.584 28670 DEBUG oslo_concurrency.lockutils [-] Lock "event-dispatch" acquired by "neutron.plugins.ml2.ovo_rpc.dispatch_events" :: waited 0.000s inner /usr/lib/python2.7/site-packages/oslo_concurrency/lockutils.py:270
2018-06-27 01:25:16.707 28670 DEBUG neutron.api.rpc.handlers.resources_rpc [req-3d2c692f-787c-4089-98b9-96bda2b6617e 41f81b51431f44bd96d368d9b49cd4bd 688c18a1c85f4751b329806136ced2ee - - -] neutron.api.rpc.handlers.resources_rpc.ResourcesPushRpcApi method push called with arguments (<neutron_lib.context.Context object at 0x7f68d65270d0>, [Subnet(allocation_pools=<?>,cidr=<?>,created_at=<?>,description=<?>,dns_nameservers=<?>,enable_dhcp=<?>,gateway_ip=<?>,host_routes=<?>,id=1060a52c-a649-4eee-b7b5-e211e7e17049,ip_version=<?>,ipv6_address_mode=<?>,ipv6_ra_mode=<?>,name=<?>,network_id=<?>,project_id=<?>,revision_number=<?>,segment_id=<?>,service_types=<?>,shared=<?>,subnetpool_id=<?>,updated_at=<?>)], 'deleted') {} wrapper /usr/lib/python2.7/site-packages/oslo_log/helpers.py:66
2018-06-27 01:25:16.731 28670 DEBUG oslo_concurrency.lockutils [req-3d2c692f-787c-4089-98b9-96bda2b6617e 41f81b51431f44bd96d368d9b49cd4bd 688c18a1c85f4751b329806136ced2ee - - -] Lock "event-dispatch" released by "neutron.plugins.ml2.ovo_rpc.dispatch_events" :: held 0.147s inner /usr/lib/python2.7/site-packages/oslo_concurrency/lockutils.py:282
2018-06-27 01:25:16.883 28710 DEBUG neutron.db.l3_dvrscheduler_db [req-bc1c04fb-4c92-4416-baff-91edcd9742e2 - - - - -] Received port after_create _notify_l3_agent_new_port /usr/lib/python2.7/site-packages/neutron/db/l3_dvrscheduler_db.py:392
2018-06-27 01:25:16.951 28670 DEBUG neutron_lib.callbacks.manager [req-3d2c692f-787c-4089-98b9-96bda2b6617e 41f81b51431f44bd96d368d9b49cd4bd 688c18a1c85f4751b329806136ced2ee - default default] Notify callbacks ['neutron.services.segments.db._delete_segments_for_network-8755516982849', 'neutron.plugins.ml2.plugin.Ml2Plugin._network_delete_precommit_handler-16768439'] for network, precommit_delete _notify_loop /usr/lib/python2.7/site-packages/neutron_lib/callbacks/manager.py:167
2018-06-27 01:25:16.953 28670 DEBUG neutron_lib.callbacks.manager [req-3d2c692f-787c-4089-98b9-96bda2b6617e 41f81b51431f44bd96d368d9b49cd4bd 688c18a1c85f4751b329806136ced2ee - default default] Subscribe: <bound method Plugin._prevent_segment_delete_with_subnet_associated of <neutron.services.segments.plugin.Plugin object at 0x7f68d643b490>> segment before_delete subscribe /usr/lib/python2.7/site-packages/neutron_lib/callbacks/manager.py:41
2018-06-27 01:25:16.954 28670 DEBUG neutron_lib.callbacks.manager [req-3d2c692f-787c-4089-98b9-96bda2b6617e 41f81b51431f44bd96d368d9b49cd4bd 688c18a1c85f4751b329806136ced2ee - default default] Subscribe: <bound method NovaSegmentNotifier._notify_host_addition_to_aggregate of <neutron.services.segments.plugin.NovaSegmentNotifier object at 0x7f68d6c16cd0>> segment_host_mapping after_create subscribe /usr/lib/python2.7/site-packages/neutron_lib/callbacks/manager.py:41
2018-06-27 01:25:16.956 28670 DEBUG neutron_lib.callbacks.manager [req-3d2c692f-787c-4089-98b9-96bda2b6617e 41f81b51431f44bd96d368d9b49cd4bd 688c18a1c85f4751b329806136ced2ee - default default] Subscribe: <bound method NovaSegmentNotifier._notify_port_created_or_deleted of <neutron.services.segments.plugin.NovaSegmentNotifier object at 0x7f68d6c16cd0>> port after_create subscribe /usr/lib/python2.7/site-packages/neutron_lib/callbacks/manager.py:41
2018-06-27 01:25:16.957 28670 DEBUG neutron_lib.callbacks.manager [req-3d2c692f-787c-4089-98b9-96bda2b6617e 41f81b51431f44bd96d368d9b49cd4bd 688c18a1c85f4751b329806136ced2ee - default default] Subscribe: <bound method NovaSegmentNotifier._notify_port_created_or_deleted of <neutron.services.segments.plugin.NovaSegmentNotifier object at 0x7f68d6c16cd0>> port after_delete subscribe /usr/lib/python2.7/site-packages/neutron_lib/callbacks/manager.py:41
2018-06-27 01:25:16.957 28670 DEBUG neutron_lib.callbacks.manager [req-3d2c692f-787c-4089-98b9-96bda2b6617e 41f81b51431f44bd96d368d9b49cd4bd 688c18a1c85f4751b329806136ced2ee - default default] Subscribe: <bound method NovaSegmentNotifier._notify_port_updated of <neutron.services.segments.plugin.NovaSegmentNotifier object at 0x7f68d6c16cd0>> port after_update subscribe /usr/lib/python2.7/site-packages/neutron_lib/callbacks/manager.py:41
2018-06-27 01:25:16.958 28670 DEBUG neutron_lib.callbacks.manager [req-3d2c692f-787c-4089-98b9-96bda2b6617e 41f81b51431f44bd96d368d9b49cd4bd 688c18a1c85f4751b329806136ced2ee - default default] Subscribe: <bound method NovaSegmentNotifier._notify_subnet_created of <neutron.services.segments.plugin.NovaSegmentNotifier object at 0x7f68d6c16cd0>> subnet after_create subscribe /usr/lib/python2.7/site-packages/neutron_lib/callbacks/manager.py:41
2018-06-27 01:25:16.959 28670 DEBUG neutron_lib.callbacks.manager [req-3d2c692f-787c-4089-98b9-96bda2b6617e 41f81b51431f44bd96d368d9b49cd4bd 688c18a1c85f4751b329806136ced2ee - default default] Subscribe: <bound method NovaSegmentNotifier._notify_subnet_deleted of <neutron.services.segments.plugin.NovaSegmentNotifier object at 0x7f68d6c16cd0>> subnet after_delete subscribe /usr/lib/python2.7/site-packages/neutron_lib/callbacks/manager.py:41
2018-06-27 01:25:16.959 28670 DEBUG neutron_lib.callbacks.manager [req-3d2c692f-787c-4089-98b9-96bda2b6617e 41f81b51431f44bd96d368d9b49cd4bd 688c18a1c85f4751b329806136ced2ee - default default] Subscribe: <bound method NovaSegmentNotifier._notify_subnet_updated of <neutron.services.segments.plugin.NovaSegmentNotifier object at 0x7f68d6c16cd0>> subnet after_update subscribe /usr/lib/python2.7/site-packages/neutron_lib/callbacks/manager.py:41
2018-06-27 01:25:16.968 28710 DEBUG neutron.api.rpc.handlers.resources_rpc [req-bc1c04fb-4c92-4416-baff-91edcd9742e2 - - - - -] neutron.api.rpc.handlers.resources_rpc.ResourcesPushRpcApi method push called with arguments (<neutron_lib.context.Context object at 0x7f68d6712a10>, [Port(admin_state_up=True,allowed_address_pairs=[],binding=PortBinding,binding_levels=[],created_at=2018-06-26T23:25:15Z,data_plane_status=<?>,description='',device_id='dhcpcd8f5f9f-e3e8-569f-87ef-f03c6cfc29bc-bd8f9f96-0f8d-46fc-b44d-1e6190f70982',device_owner='network:dhcp',dhcp_options=[],distributed_binding=None,dns=None,fixed_ips=[],id=2b5d81d4-a1c1-42f8-b58f-e382f5e5e976,mac_address=fa:16:3e:b7:dd:c2,name='',network_id=bd8f9f96-0f8d-46fc-b44d-1e6190f70982,project_id='ae669f606c4a4e4c826343accf968462',qos_policy_id=None,revision_number=3,security=PortSecurity(2b5d81d4-a1c1-42f8-b58f-e382f5e5e976),security_group_ids=set([]),status='DOWN',updated_at=2018-06-26T23:25:16Z)], 'updated') {} wrapper /usr/lib/python2.7/site-packages/oslo_log/helpers.py:66
2018-06-27 01:25:17.028 28710 DEBUG neutron.api.rpc.callbacks.version_manager [req-bc1c04fb-4c92-4416-baff-91edcd9742e2 - - - - -] Version for resource type Subnet changed None to 1.0 on consumer Open vSwitch agent@localhost.localdomain _set_version /usr/lib/python2.7/site-packages/neutron/api/rpc/callbacks/version_manager.py:119
2018-06-27 01:25:17.029 28710 DEBUG neutron.api.rpc.callbacks.version_manager [req-bc1c04fb-4c92-4416-baff-91edcd9742e2 - - - - -] Version for resource type Network changed None to 1.0 on consumer Open vSwitch agent@localhost.localdomain _set_version /usr/lib/python2.7/site-packages/neutron/api/rpc/callbacks/version_manager.py:119
2018-06-27 01:25:17.030 28710 DEBUG neutron.api.rpc.callbacks.version_manager [req-bc1c04fb-4c92-4416-baff-91edcd9742e2 - - - - -] Version for resource type SubPort changed None to 1.0 on consumer Open vSwitch agent@localhost.localdomain _set_version /usr/lib/python2.7/site-packages/neutron/api/rpc/callbacks/version_manager.py:119
2018-06-27 01:25:17.030 28710 DEBUG neutron.api.rpc.callbacks.version_manager [req-bc1c04fb-4c92-4416-baff-91edcd9742e2 - - - - -] Version for resource type SecurityGroup changed None to 1.0 on consumer Open vSwitch agent@localhost.localdomain _set_version /usr/lib/python2.7/site-packages/neutron/api/rpc/callbacks/version_manager.py:119
2018-06-27 01:25:17.032 28710 DEBUG neutron.api.rpc.callbacks.version_manager [req-bc1c04fb-4c92-4416-baff-91edcd9742e2 - - - - -] Version for resource type SecurityGroupRule changed None to 1.0 on consumer Open vSwitch agent@localhost.localdomain _set_version /usr/lib/python2.7/site-packages/neutron/api/rpc/callbacks/version_manager.py:119
2018-06-27 01:25:17.033 28710 DEBUG neutron.api.rpc.callbacks.version_manager [req-bc1c04fb-4c92-4416-baff-91edcd9742e2 - - - - -] Version for resource type Trunk changed None to 1.1 on consumer Open vSwitch agent@localhost.localdomain _set_version /usr/lib/python2.7/site-packages/neutron/api/rpc/callbacks/version_manager.py:119
2018-06-27 01:25:17.034 28710 DEBUG neutron.api.rpc.callbacks.version_manager [req-bc1c04fb-4c92-4416-baff-91edcd9742e2 - - - - -] Version for resource type QosPolicy changed None to 1.6 on consumer Open vSwitch agent@localhost.localdomain _set_version /usr/lib/python2.7/site-packages/neutron/api/rpc/callbacks/version_manager.py:119
2018-06-27 01:25:17.035 28710 DEBUG neutron.api.rpc.callbacks.version_manager [req-bc1c04fb-4c92-4416-baff-91edcd9742e2 - - - - -] Version for resource type Port changed None to 1.1 on consumer Open vSwitch agent@localhost.localdomain _set_version /usr/lib/python2.7/site-packages/neutron/api/rpc/callbacks/version_manager.py:119
2018-06-27 01:25:17.037 28710 DEBUG neutron.api.rpc.callbacks.version_manager [req-bc1c04fb-4c92-4416-baff-91edcd9742e2 - - - - -] Version for resource type Log changed None to 1.0 on consumer Open vSwitch agent@localhost.localdomain _set_version /usr/lib/python2.7/site-packages/neutron/api/rpc/callbacks/version_manager.py:119
2018-06-27 01:25:17.039 28710 DEBUG neutron.api.rpc.callbacks.version_manager [req-bc1c04fb-4c92-4416-baff-91edcd9742e2 - - - - -] Tracked resource versions report:
pushed versions:
{   'Log': set(['1.0']),
    'Network': set(['1.0']),
    'Port': set(['1.1']),
    'QosPolicy': set(['1.6']),
    'SecurityGroup': set(['1.0']),
    'SecurityGroupRule': set(['1.0']),
    'SubPort': set(['1.0']),
    'Subnet': set(['1.0']),
    'Trunk': set(['1.1'])}

consumer versions:
{   DHCP agent@localhost.localdomain: {   },
    L3 agent@localhost.localdomain: {   },
    Metadata agent@localhost.localdomain: {   },
    Metering agent@localhost.localdomain: {   },
    Open vSwitch agent@localhost.localdomain: {   u'Log': u'1.0',
                                                  u'Network': u'1.0',
                                                  u'Port': u'1.1',
                                                  u'QosPolicy': u'1.6',
                                                  u'SecurityGroup': u'1.0',
                                                  u'SecurityGroupRule': u'1.0',
                                                  u'SubPort': u'1.0',
                                                  u'Subnet': u'1.0',
                                                  u'Trunk': u'1.1'}}
 report /usr/lib/python2.7/site-packages/neutron/api/rpc/callbacks/version_manager.py:178
2018-06-27 01:25:17.125 28670 DEBUG neutron.services.segments.db [req-3d2c692f-787c-4089-98b9-96bda2b6617e 41f81b51431f44bd96d368d9b49cd4bd 688c18a1c85f4751b329806136ced2ee - default default] neutron.services.segments.plugin.Plugin method get_segments called with arguments (<neutron_lib.context.Context object at 0x7f68d65270d0>,) {'filters': {'network_id': [u'bd8f9f96-0f8d-46fc-b44d-1e6190f70982']}} wrapper /usr/lib/python2.7/site-packages/oslo_log/helpers.py:66
2018-06-27 01:25:17.148 28710 DEBUG oslo_concurrency.lockutils [req-bc1c04fb-4c92-4416-baff-91edcd9742e2 - - - - -] Lock "event-dispatch" released by "neutron.plugins.ml2.ovo_rpc.dispatch_events" :: held 0.666s inner /usr/lib/python2.7/site-packages/oslo_concurrency/lockutils.py:282
2018-06-27 01:25:17.152 28670 DEBUG neutron.services.segments.db [req-3d2c692f-787c-4089-98b9-96bda2b6617e 41f81b51431f44bd96d368d9b49cd4bd 688c18a1c85f4751b329806136ced2ee - default default] neutron.services.segments.plugin.Plugin method delete_segment called with arguments (<neutron_lib.context.Context object at 0x7f68d65270d0>, '50beaa28-2f9f-4c63-83b6-5fe113fa4408') {'for_net_delete': True} wrapper /usr/lib/python2.7/site-packages/oslo_log/helpers.py:66
2018-06-27 01:25:17.154 28670 DEBUG neutron.services.segments.db [req-3d2c692f-787c-4089-98b9-96bda2b6617e 41f81b51431f44bd96d368d9b49cd4bd 688c18a1c85f4751b329806136ced2ee - default default] neutron.services.segments.plugin.Plugin method get_segment called with arguments (<neutron_lib.context.Context object at 0x7f68d65270d0>, '50beaa28-2f9f-4c63-83b6-5fe113fa4408') {} wrapper /usr/lib/python2.7/site-packages/oslo_log/helpers.py:66
2018-06-27 01:25:17.179 28670 DEBUG neutron_lib.callbacks.manager [req-3d2c692f-787c-4089-98b9-96bda2b6617e 41f81b51431f44bd96d368d9b49cd4bd 688c18a1c85f4751b329806136ced2ee - default default] Notify callbacks ['neutron.plugins.ml2.db._prevent_segment_delete_with_port_bound--9223363281337558592', 'neutron.services.segments.plugin.Plugin._prevent_segment_delete_with_subnet_associated-2028003'] for segment, before_delete _notify_loop /usr/lib/python2.7/site-packages/neutron_lib/callbacks/manager.py:167
2018-06-27 01:25:17.242 28670 DEBUG neutron_lib.callbacks.manager [req-3d2c692f-787c-4089-98b9-96bda2b6617e 41f81b51431f44bd96d368d9b49cd4bd 688c18a1c85f4751b329806136ced2ee - default default] Notify callbacks ['neutron.plugins.ml2.plugin.Ml2Plugin._handle_segment_change--9223372036838010452'] for segment, precommit_delete _notify_loop /usr/lib/python2.7/site-packages/neutron_lib/callbacks/manager.py:167
2018-06-27 01:25:17.249 28670 DEBUG neutron.plugins.ml2.drivers.type_tunnel [req-3d2c692f-787c-4089-98b9-96bda2b6617e 41f81b51431f44bd96d368d9b49cd4bd 688c18a1c85f4751b329806136ced2ee - default default] Releasing vxlan tunnel 85 to pool release_segment /usr/lib/python2.7/site-packages/neutron/plugins/ml2/drivers/type_tunnel.py:322
2018-06-27 01:25:17.263 28710 DEBUG neutron.scheduler.dhcp_agent_scheduler [req-bc1c04fb-4c92-4416-baff-91edcd9742e2 - - - - -] Network bd8f9f96-0f8d-46fc-b44d-1e6190f70982 is already hosted by enough agents. _get_dhcp_agents_hosting_network /usr/lib/python2.7/site-packages/neutron/scheduler/dhcp_agent_scheduler.py:243
2018-06-27 01:25:17.327 28710 DEBUG neutron.plugins.ml2.managers [req-bc1c04fb-4c92-4416-baff-91edcd9742e2 - - - - -] Attempting to bind port 2b5d81d4-a1c1-42f8-b58f-e382f5e5e976 on host localhost.localdomain for vnic_type normal with profile  bind_port /usr/lib/python2.7/site-packages/neutron/plugins/ml2/managers.py:744
2018-06-27 01:25:17.328 28710 DEBUG neutron.plugins.ml2.managers [req-bc1c04fb-4c92-4416-baff-91edcd9742e2 - - - - -] Attempting to bind port 2b5d81d4-a1c1-42f8-b58f-e382f5e5e976 on host localhost.localdomain at level 0 using segments [{'network_id': 'bd8f9f96-0f8d-46fc-b44d-1e6190f70982', 'segmentation_id': 85, 'physical_network': None, 'id': '50beaa28-2f9f-4c63-83b6-5fe113fa4408', 'network_type': u'vxlan'}] _bind_port_level /usr/lib/python2.7/site-packages/neutron/plugins/ml2/managers.py:765
2018-06-27 01:25:17.328 28710 DEBUG neutron.plugins.ml2.drivers.mech_agent [req-bc1c04fb-4c92-4416-baff-91edcd9742e2 - - - - -] Attempting to bind port 2b5d81d4-a1c1-42f8-b58f-e382f5e5e976 on network bd8f9f96-0f8d-46fc-b44d-1e6190f70982 bind_port /usr/lib/python2.7/site-packages/neutron/plugins/ml2/drivers/mech_agent.py:88
2018-06-27 01:25:17.339 28710 DEBUG neutron.plugins.ml2.drivers.mech_agent [req-bc1c04fb-4c92-4416-baff-91edcd9742e2 - - - - -] Checking agent: {'binary': u'neutron-openvswitch-agent', 'description': None, 'admin_state_up': True, 'heartbeat_timestamp': datetime.datetime(2018, 6, 26, 23, 25, 15), 'availability_zone': None, 'alive': True, 'topic': u'N/A', 'host': u'localhost.localdomain', 'agent_type': u'Open vSwitch agent', 'resource_versions': {u'Subnet': u'1.0', u'Network': u'1.0', u'SubPort': u'1.0', u'SecurityGroup': u'1.0', u'SecurityGroupRule': u'1.0', u'Trunk': u'1.1', u'QosPolicy': u'1.6', u'Port': u'1.1', u'Log': u'1.0'}, 'created_at': datetime.datetime(2018, 6, 20, 16, 53, 52), 'started_at': datetime.datetime(2018, 6, 26, 23, 6, 45), 'id': u'2f99efde-013e-433c-8369-4972f419515a', 'configurations': {u'ovs_hybrid_plug': True, u'in_distributed_mode': False, u'datapath_type': u'system', u'vhostuser_socket_dir': u'/var/run/openvswitch', u'tunneling_ip': u'10.0.20.22', u'arp_responder_enabled': False, u'devices': 0, u'ovs_capabilities': {u'datapath_types': [u'netdev', u'system'], u'iface_types': [u'geneve', u'gre', u'internal', u'lisp', u'patch', u'stt', u'system', u'tap', u'vxlan']}, u'log_agent_heartbeats': False, u'l2_population': False, u'tunnel_types': [u'vxlan'], u'extensions': [], u'enable_distributed_routing': False, u'bridge_mappings': {u'extnet': u'br-ex'}}} bind_port /usr/lib/python2.7/site-packages/neutron/plugins/ml2/drivers/mech_agent.py:104
2018-06-27 01:25:17.347 28710 DEBUG neutron.plugins.ml2.drivers.mech_agent [req-bc1c04fb-4c92-4416-baff-91edcd9742e2 - - - - -] Checking segment: {'network_id': 'bd8f9f96-0f8d-46fc-b44d-1e6190f70982', 'segmentation_id': 85, 'physical_network': None, 'id': '50beaa28-2f9f-4c63-83b6-5fe113fa4408', 'network_type': u'vxlan'} for mappings: {u'extnet': u'br-ex'} with network types: [u'vxlan', 'local', 'flat', 'vlan'] check_segment_for_agent /usr/lib/python2.7/site-packages/neutron/plugins/ml2/drivers/mech_agent.py:237
2018-06-27 01:25:17.348 28710 DEBUG neutron_lib.callbacks.manager [req-bc1c04fb-4c92-4416-baff-91edcd9742e2 - - - - -] Notify callbacks [] for ovs_bridge_name, before_read _notify_loop /usr/lib/python2.7/site-packages/neutron_lib/callbacks/manager.py:167
2018-06-27 01:25:17.349 28710 DEBUG neutron.plugins.ml2.drivers.mech_agent [req-bc1c04fb-4c92-4416-baff-91edcd9742e2 - - - - -] Bound using segment: {'network_id': 'bd8f9f96-0f8d-46fc-b44d-1e6190f70982', 'segmentation_id': 85, 'physical_network': None, 'id': '50beaa28-2f9f-4c63-83b6-5fe113fa4408', 'network_type': u'vxlan'} bind_port /usr/lib/python2.7/site-packages/neutron/plugins/ml2/drivers/mech_agent.py:109
2018-06-27 01:25:17.351 28710 DEBUG neutron.plugins.ml2.managers [req-bc1c04fb-4c92-4416-baff-91edcd9742e2 - - - - -] Bound port: 2b5d81d4-a1c1-42f8-b58f-e382f5e5e976, host: localhost.localdomain, vif_type: ovs, vif_details: {"port_filter": true, "datapath_type": "system", "ovs_hybrid_plug": true}, binding_levels: [{'bound_driver': 'openvswitch', 'bound_segment': {'network_id': 'bd8f9f96-0f8d-46fc-b44d-1e6190f70982', 'segmentation_id': 85, 'physical_network': None, 'id': '50beaa28-2f9f-4c63-83b6-5fe113fa4408', 'network_type': u'vxlan'}}] _bind_port_level /usr/lib/python2.7/site-packages/neutron/plugins/ml2/managers.py:813
2018-06-27 01:25:17.352 28710 DEBUG neutron_lib.callbacks.manager [req-bc1c04fb-4c92-4416-baff-91edcd9742e2 - - - - -] Notify callbacks ['neutron.plugins.ml2.plugin.Ml2Plugin._ensure_default_security_group_handler--9223372036838346136'] for port, before_update _notify_loop /usr/lib/python2.7/site-packages/neutron_lib/callbacks/manager.py:167
2018-06-27 01:25:17.550 28710 DEBUG neutron.plugins.ml2.db [req-bc1c04fb-4c92-4416-baff-91edcd9742e2 - - - - -] For port 2b5d81d4-a1c1-42f8-b58f-e382f5e5e976, host localhost.localdomain, cleared binding levels clear_binding_levels /usr/lib/python2.7/site-packages/neutron/plugins/ml2/db.py:119
2018-06-27 01:25:17.555 28710 DEBUG neutron.plugins.ml2.db [req-bc1c04fb-4c92-4416-baff-91edcd9742e2 - - - - -] For port 2b5d81d4-a1c1-42f8-b58f-e382f5e5e976, host localhost.localdomain, set binding levels [<neutron.plugins.ml2.driver_context.InstanceSnapshot object at 0x7f68d6f07fd0>] set_binding_levels /usr/lib/python2.7/site-packages/neutron/plugins/ml2/db.py:90
2018-06-27 01:25:17.777 28670 DEBUG neutron.plugins.ml2.managers [req-3d2c692f-787c-4089-98b9-96bda2b6617e 41f81b51431f44bd96d368d9b49cd4bd 688c18a1c85f4751b329806136ced2ee - default default] Network bd8f9f96-0f8d-46fc-b44d-1e6190f70982 has no segments _extend_network_dict_provider /usr/lib/python2.7/site-packages/neutron/plugins/ml2/managers.py:165
2018-06-27 01:25:17.794 28670 DEBUG neutron_lib.callbacks.manager [req-3d2c692f-787c-4089-98b9-96bda2b6617e 41f81b51431f44bd96d368d9b49cd4bd 688c18a1c85f4751b329806136ced2ee - default default] Notify callbacks ['neutron.plugins.ml2.plugin.Ml2Plugin._handle_segment_change--9223372036838010452'] for segment, after_delete _notify_loop /usr/lib/python2.7/site-packages/neutron_lib/callbacks/manager.py:167
2018-06-27 01:25:18.105 28670 DEBUG neutron.plugins.ml2.managers [req-3d2c692f-787c-4089-98b9-96bda2b6617e 41f81b51431f44bd96d368d9b49cd4bd 688c18a1c85f4751b329806136ced2ee - default default] Network bd8f9f96-0f8d-46fc-b44d-1e6190f70982 has no segments _extend_network_dict_provider /usr/lib/python2.7/site-packages/neutron/plugins/ml2/managers.py:165
2018-06-27 01:25:18.280 28670 DEBUG neutron.plugins.ml2.managers [req-3d2c692f-787c-4089-98b9-96bda2b6617e 41f81b51431f44bd96d368d9b49cd4bd 688c18a1c85f4751b329806136ced2ee - default default] Network bd8f9f96-0f8d-46fc-b44d-1e6190f70982 has no segments _extend_network_dict_provider /usr/lib/python2.7/site-packages/neutron/plugins/ml2/managers.py:165
2018-06-27 01:25:18.513 28670 DEBUG neutron.db.api [req-3d2c692f-787c-4089-98b9-96bda2b6617e 41f81b51431f44bd96d368d9b49cd4bd 688c18a1c85f4751b329806136ced2ee - default default] Retry wrapper got retriable exception:  wrapped /usr/lib/python2.7/site-packages/neutron/db/api.py:128
2018-06-27 01:25:18.514 28670 DEBUG oslo_db.api [req-3d2c692f-787c-4089-98b9-96bda2b6617e 41f81b51431f44bd96d368d9b49cd4bd 688c18a1c85f4751b329806136ced2ee - default default] Performing DB retry for function neutron.db.db_base_plugin_v2.delete_network wrapper /usr/lib/python2.7/site-packages/oslo_db/api.py:152
2018-06-27 01:25:18.530 28710 DEBUG neutron_lib.callbacks.manager [req-bc1c04fb-4c92-4416-baff-91edcd9742e2 - - - - -] Notify callbacks ['neutron.plugins.ml2.ovo_rpc._ObjectChangeHandler.handle_event-743970', 'neutron.plugins.ml2.plugin.Ml2Plugin.notify_sg_on_port_change-16429781', 'neutron.db.l3_dvrscheduler_db._notify_l3_agent_port_update-8755516619946', 'neutron.db.l3_hascheduler_db._notify_l3_agent_ha_port_update-8755516620021', 'neutron.api.rpc.agentnotifiers.dhcp_rpc_agent_api.DhcpAgentNotifyAPI._native_event_send_dhcp_notification-702483'] for port, after_update _notify_loop /usr/lib/python2.7/site-packages/neutron_lib/callbacks/manager.py:167
2018-06-27 01:25:18.534 28710 DEBUG oslo_concurrency.lockutils [-] Lock "event-dispatch" acquired by "neutron.plugins.ml2.ovo_rpc.dispatch_events" :: waited 0.000s inner /usr/lib/python2.7/site-packages/oslo_concurrency/lockutils.py:270
2018-06-27 01:25:18.615 28670 DEBUG neutron_lib.callbacks.manager [req-3d2c692f-787c-4089-98b9-96bda2b6617e 41f81b51431f44bd96d368d9b49cd4bd 688c18a1c85f4751b329806136ced2ee - default default] Notify callbacks ['neutron.plugins.ml2.plugin.Ml2Plugin._before_network_delete_handler--9223372036838317788'] for network, before_delete _notify_loop /usr/lib/python2.7/site-packages/neutron_lib/callbacks/manager.py:167
2018-06-27 01:25:18.649 28670 DEBUG neutron.plugins.ml2.plugin [req-3d2c692f-787c-4089-98b9-96bda2b6617e 41f81b51431f44bd96d368d9b49cd4bd 688c18a1c85f4751b329806136ced2ee - default default] Deleting port 2b5d81d4-a1c1-42f8-b58f-e382f5e5e976 _pre_delete_port /usr/lib/python2.7/site-packages/neutron/plugins/ml2/plugin.py:1488
2018-06-27 01:25:18.650 28670 DEBUG neutron_lib.callbacks.manager [req-3d2c692f-787c-4089-98b9-96bda2b6617e 41f81b51431f44bd96d368d9b49cd4bd 688c18a1c85f4751b329806136ced2ee - default default] Notify callbacks ['neutron.db.l3_db._prevent_l3_port_delete_callback-8755517182694'] for port, before_delete _notify_loop /usr/lib/python2.7/site-packages/neutron_lib/callbacks/manager.py:167
