2018-06-30 05:29:19.851 2220 DEBUG neutron_lib.callbacks.manager [req-3a88018a-51eb-4737-861c-e4465d7e59cc - - - - -] Notify callbacks ['neutron.services.segments.db._update_segment_host_mapping_for_agent-8769552271666'] for agent, after_update _notify_loop /usr/lib/python2.7/site-packages/neutron_lib/callbacks/manager.py:167
2018-06-30 05:29:19.912 2224 DEBUG neutron_lib.callbacks.manager [req-e1b8cf6e-621f-4369-ab8f-f260c99e2957 - - - - -] Notify callbacks ['neutron.services.segments.db._update_segment_host_mapping_for_agent-8769552271666'] for agent, after_update _notify_loop /usr/lib/python2.7/site-packages/neutron_lib/callbacks/manager.py:167
2018-06-30 05:29:19.948 2222 DEBUG neutron_lib.callbacks.manager [req-88c4df72-a2f6-41fd-b484-21365b2e0897 - - - - -] Notify callbacks ['neutron.services.segments.db._update_segment_host_mapping_for_agent-8769552271666'] for agent, after_update _notify_loop /usr/lib/python2.7/site-packages/neutron_lib/callbacks/manager.py:167
2018-06-30 05:29:19.994 2225 DEBUG neutron_lib.callbacks.manager [req-b32b89b2-a7d2-46a0-9f05-6680fda33089 - - - - -] Notify callbacks ['neutron.services.segments.db._update_segment_host_mapping_for_agent-8769552271666'] for agent, after_update _notify_loop /usr/lib/python2.7/site-packages/neutron_lib/callbacks/manager.py:167
2018-06-30 05:29:21.015 2226 DEBUG neutron_lib.callbacks.manager [req-f0363081-530b-4475-a886-086cc79e0ff7 - - - - -] Notify callbacks ['neutron.services.segments.db._update_segment_host_mapping_for_agent-8769552271666'] for agent, after_update _notify_loop /usr/lib/python2.7/site-packages/neutron_lib/callbacks/manager.py:167
2018-06-30 05:29:23.264 2238 DEBUG neutron.db.agents_db [req-7483098f-a9a6-446d-8259-50548bdf6e40 - - - - -] Agent healthcheck: found 5 active agents agent_health_check /usr/lib/python2.7/site-packages/neutron/db/agents_db.py:281
2018-06-30 05:29:29.277 2212 DEBUG neutron.wsgi [-] (2212) accepted ('10.0.20.22', 54464) server /usr/lib/python2.7/site-packages/eventlet/wsgi.py:883
2018-06-30 05:29:29.282 2212 INFO neutron.wsgi [-] 10.0.20.22 "GET / HTTP/1.1" status: 200  len: 252 time: 0.0033050
2018-06-30 05:29:29.859 2212 DEBUG neutron.pecan_wsgi.hooks.policy_enforcement [req-6565a755-b571-4e2f-b8a1-0cb19bdcf9d8 6518b42575e544feaf197e71dd28dbfe eab93be463e7484ebcf66c312de991ba - ee0fc57d5a474228b59d6623b0fe1ea6 ee0fc57d5a474228b59d6623b0fe1ea6] Attributes excluded by policy engine: [u'shared'] _exclude_attributes_by_policy /usr/lib/python2.7/site-packages/neutron/pecan_wsgi/hooks/policy_enforcement.py:256
2018-06-30 05:29:29.860 2212 DEBUG neutron.pecan_wsgi.hooks.policy_enforcement [req-6565a755-b571-4e2f-b8a1-0cb19bdcf9d8 6518b42575e544feaf197e71dd28dbfe eab93be463e7484ebcf66c312de991ba - ee0fc57d5a474228b59d6623b0fe1ea6 ee0fc57d5a474228b59d6623b0fe1ea6] Attributes excluded by policy engine: [u'shared'] _exclude_attributes_by_policy /usr/lib/python2.7/site-packages/neutron/pecan_wsgi/hooks/policy_enforcement.py:256
2018-06-30 05:29:29.863 2212 INFO neutron.wsgi [req-6565a755-b571-4e2f-b8a1-0cb19bdcf9d8 6518b42575e544feaf197e71dd28dbfe eab93be463e7484ebcf66c312de991ba - ee0fc57d5a474228b59d6623b0fe1ea6 ee0fc57d5a474228b59d6623b0fe1ea6] 10.0.20.22 "GET /v2.0/subnets HTTP/1.1" status: 200  len: 1419 time: 0.5751710
2018-06-30 05:29:49.670 2234 DEBUG neutron_lib.callbacks.manager [req-3a88018a-51eb-4737-861c-e4465d7e59cc - - - - -] Notify callbacks ['neutron.services.segments.db._update_segment_host_mapping_for_agent-8769552271666'] for agent, after_update _notify_loop /usr/lib/python2.7/site-packages/neutron_lib/callbacks/manager.py:167
2018-06-30 05:29:49.877 2219 DEBUG neutron_lib.callbacks.manager [req-e1b8cf6e-621f-4369-ab8f-f260c99e2957 - - - - -] Notify callbacks ['neutron.services.segments.db._update_segment_host_mapping_for_agent-8769552271666'] for agent, after_update _notify_loop /usr/lib/python2.7/site-packages/neutron_lib/callbacks/manager.py:167
2018-06-30 05:29:49.981 2223 DEBUG neutron_lib.callbacks.manager [req-88c4df72-a2f6-41fd-b484-21365b2e0897 - - - - -] Notify callbacks ['neutron.services.segments.db._update_segment_host_mapping_for_agent-8769552271666'] for agent, after_update _notify_loop /usr/lib/python2.7/site-packages/neutron_lib/callbacks/manager.py:167
2018-06-30 05:29:50.202 2231 DEBUG neutron_lib.callbacks.manager [req-05e14fe5-b53e-43d3-84d3-2cc3dd5e92d5 - - - - -] Notify callbacks ['neutron.services.segments.db._update_segment_host_mapping_for_agent-8769552271666'] for agent, after_update _notify_loop /usr/lib/python2.7/site-packages/neutron_lib/callbacks/manager.py:167
2018-06-30 05:29:51.029 2220 DEBUG neutron_lib.callbacks.manager [req-17d558b8-8bc5-4e22-ae6f-d802aaeaead2 - - - - -] Notify callbacks ['neutron.services.segments.db._update_segment_host_mapping_for_agent-8769552271666'] for agent, after_update _notify_loop /usr/lib/python2.7/site-packages/neutron_lib/callbacks/manager.py:167
2018-06-30 05:29:53.092 2215 INFO neutron.wsgi [req-1aaf0830-e4d4-4c45-a9b0-00c38f0611c3 8d51c6595f7b4b648f3775454a985b0c e3731f8202904eebb3e6658e91a6b0b5 - default default] 10.0.20.22 "GET /v2.0/ports?tenant_id=688c18a1c85f4751b329806136ced2ee&device_id=06deffa3-c274-4da5-a3ab-17f1d4e0a067 HTTP/1.1" status: 200  len: 1124 time: 0.1362300
2018-06-30 05:29:53.313 2215 DEBUG neutron.pecan_wsgi.hooks.policy_enforcement [req-fafe5ba4-3176-491e-b9d9-3483d72e6800 8d51c6595f7b4b648f3775454a985b0c e3731f8202904eebb3e6658e91a6b0b5 - default default] Attributes excluded by policy engine: [u'vlan_transparent'] _exclude_attributes_by_policy /usr/lib/python2.7/site-packages/neutron/pecan_wsgi/hooks/policy_enforcement.py:256
2018-06-30 05:29:53.315 2215 INFO neutron.wsgi [req-fafe5ba4-3176-491e-b9d9-3483d72e6800 8d51c6595f7b4b648f3775454a985b0c e3731f8202904eebb3e6658e91a6b0b5 - default default] 10.0.20.22 "GET /v2.0/networks?id=2ce34dd7-df32-4a77-980f-3c1215fa4847 HTTP/1.1" status: 200  len: 888 time: 0.2172129
2018-06-30 05:29:53.358 2215 INFO neutron.wsgi [req-4404ed01-a09b-4a62-81d1-a828f99b35da 8d51c6595f7b4b648f3775454a985b0c e3731f8202904eebb3e6658e91a6b0b5 - default default] 10.0.20.22 "GET /v2.0/floatingips?fixed_ip_address=172.24.4.3&port_id=34ae3945-8340-4ff1-9d1f-d0bdb80875f3 HTTP/1.1" status: 200  len: 217 time: 0.0377970
2018-06-30 05:29:53.489 2215 DEBUG neutron.pecan_wsgi.hooks.policy_enforcement [req-db67d885-1b71-478a-935c-b5f42381eb61 8d51c6595f7b4b648f3775454a985b0c e3731f8202904eebb3e6658e91a6b0b5 - default default] Attributes excluded by policy engine: [u'shared'] _exclude_attributes_by_policy /usr/lib/python2.7/site-packages/neutron/pecan_wsgi/hooks/policy_enforcement.py:256
2018-06-30 05:29:53.491 2215 INFO neutron.wsgi [req-db67d885-1b71-478a-935c-b5f42381eb61 8d51c6595f7b4b648f3775454a985b0c e3731f8202904eebb3e6658e91a6b0b5 - default default] 10.0.20.22 "GET /v2.0/subnets?id=482aeca8-a24a-4c41-a222-a086cb79ba31 HTTP/1.1" status: 200  len: 819 time: 0.1278501
2018-06-30 05:29:53.561 2215 INFO neutron.wsgi [req-347ace3b-6b04-4694-b97c-3e510f210021 8d51c6595f7b4b648f3775454a985b0c e3731f8202904eebb3e6658e91a6b0b5 - default default] 10.0.20.22 "GET /v2.0/ports?network_id=2ce34dd7-df32-4a77-980f-3c1215fa4847&device_owner=network%3Adhcp HTTP/1.1" status: 200  len: 210 time: 0.0642018
2018-06-30 05:30:00.277 2238 DEBUG neutron.db.agents_db [req-7483098f-a9a6-446d-8259-50548bdf6e40 - - - - -] Agent healthcheck: found 5 active agents agent_health_check /usr/lib/python2.7/site-packages/neutron/db/agents_db.py:281
2018-06-30 05:30:12.304 2212 DEBUG neutron.wsgi [-] (2212) accepted ('10.0.20.22', 54582) server /usr/lib/python2.7/site-packages/eventlet/wsgi.py:883
2018-06-30 05:30:12.308 2212 INFO neutron.wsgi [-] 10.0.20.22 "GET / HTTP/1.1" status: 200  len: 252 time: 0.0019541
2018-06-30 05:30:12.843 2212 DEBUG neutron.api.v2.base [req-0d8b8e90-013c-40bd-8352-155ce87b7a86 6518b42575e544feaf197e71dd28dbfe eab93be463e7484ebcf66c312de991ba - ee0fc57d5a474228b59d6623b0fe1ea6 ee0fc57d5a474228b59d6623b0fe1ea6] Request body: {u'security_group': {u'name': u'tempest-SECURITY_GROUP_SAMPLE-1530329333', u'description': u'tempest-SECURITY_GROUP_SAMPLE-1530329333'}} prepare_request_body /usr/lib/python2.7/site-packages/neutron/api/v2/base.py:695
2018-06-30 05:30:12.844 2212 INFO neutron.quota [req-0d8b8e90-013c-40bd-8352-155ce87b7a86 6518b42575e544feaf197e71dd28dbfe eab93be463e7484ebcf66c312de991ba - ee0fc57d5a474228b59d6623b0fe1ea6 ee0fc57d5a474228b59d6623b0fe1ea6] Loaded quota_driver: <neutron.db.quota.driver.DbQuotaDriver object at 0x7f9d202025d0>.
2018-06-30 05:30:12.858 2212 DEBUG neutron.db.quota.driver [req-0d8b8e90-013c-40bd-8352-155ce87b7a86 6518b42575e544feaf197e71dd28dbfe eab93be463e7484ebcf66c312de991ba - ee0fc57d5a474228b59d6623b0fe1ea6 ee0fc57d5a474228b59d6623b0fe1ea6] Resources subnetpool have unlimited quota limit. It is not required to calculate headroom  make_reservation /usr/lib/python2.7/site-packages/neutron/db/quota/driver.py:223
2018-06-30 05:30:12.869 2212 DEBUG neutron.quota.resource [req-0d8b8e90-013c-40bd-8352-155ce87b7a86 6518b42575e544feaf197e71dd28dbfe eab93be463e7484ebcf66c312de991ba - ee0fc57d5a474228b59d6623b0fe1ea6 ee0fc57d5a474228b59d6623b0fe1ea6] Usage tracker for resource:security_group and tenant:eab93be463e7484ebcf66c312de991ba is out of sync, need to count used quota count_used /usr/lib/python2.7/site-packages/neutron/quota/resource.py:274
2018-06-30 05:30:12.879 2212 DEBUG neutron.quota.resource [req-0d8b8e90-013c-40bd-8352-155ce87b7a86 6518b42575e544feaf197e71dd28dbfe eab93be463e7484ebcf66c312de991ba - ee0fc57d5a474228b59d6623b0fe1ea6 ee0fc57d5a474228b59d6623b0fe1ea6] Quota usage for security_group was recalculated. Used quota:0. count_used /usr/lib/python2.7/site-packages/neutron/quota/resource.py:293
2018-06-30 05:30:12.893 2212 DEBUG neutron.db.quota.driver [req-0d8b8e90-013c-40bd-8352-155ce87b7a86 6518b42575e544feaf197e71dd28dbfe eab93be463e7484ebcf66c312de991ba - ee0fc57d5a474228b59d6623b0fe1ea6 ee0fc57d5a474228b59d6623b0fe1ea6] Attempting to reserve 1 items for resource security_group. Total usage: 0; quota limit: 10; headroom:10 make_reservation /usr/lib/python2.7/site-packages/neutron/db/quota/driver.py:255
2018-06-30 05:30:12.972 2212 DEBUG neutron_lib.callbacks.manager [req-0d8b8e90-013c-40bd-8352-155ce87b7a86 6518b42575e544feaf197e71dd28dbfe eab93be463e7484ebcf66c312de991ba - ee0fc57d5a474228b59d6623b0fe1ea6 ee0fc57d5a474228b59d6623b0fe1ea6] Notify callbacks [] for security_group, before_create _notify_loop /usr/lib/python2.7/site-packages/neutron_lib/callbacks/manager.py:167
2018-06-30 05:30:13.002 2212 DEBUG neutron_lib.callbacks.manager [req-0d8b8e90-013c-40bd-8352-155ce87b7a86 6518b42575e544feaf197e71dd28dbfe eab93be463e7484ebcf66c312de991ba - ee0fc57d5a474228b59d6623b0fe1ea6 ee0fc57d5a474228b59d6623b0fe1ea6] Notify callbacks [] for security_group, before_create _notify_loop /usr/lib/python2.7/site-packages/neutron_lib/callbacks/manager.py:167
2018-06-30 05:30:13.353 2212 DEBUG neutron_lib.callbacks.manager [req-0d8b8e90-013c-40bd-8352-155ce87b7a86 6518b42575e544feaf197e71dd28dbfe eab93be463e7484ebcf66c312de991ba - ee0fc57d5a474228b59d6623b0fe1ea6 ee0fc57d5a474228b59d6623b0fe1ea6] Notify callbacks [] for security_group, precommit_create _notify_loop /usr/lib/python2.7/site-packages/neutron_lib/callbacks/manager.py:167
2018-06-30 05:30:13.382 2212 DEBUG neutron_lib.callbacks.manager [req-0d8b8e90-013c-40bd-8352-155ce87b7a86 6518b42575e544feaf197e71dd28dbfe eab93be463e7484ebcf66c312de991ba - ee0fc57d5a474228b59d6623b0fe1ea6 ee0fc57d5a474228b59d6623b0fe1ea6] Notify callbacks ['neutron.plugins.ml2.ovo_rpc._ObjectChangeHandler.handle_event-611562'] for security_group, after_create _notify_loop /usr/lib/python2.7/site-packages/neutron_lib/callbacks/manager.py:167
2018-06-30 05:30:13.389 2212 DEBUG oslo_concurrency.lockutils [-] Lock "event-dispatch" acquired by "neutron.plugins.ml2.ovo_rpc.dispatch_events" :: waited 0.000s inner /usr/lib/python2.7/site-packages/oslo_concurrency/lockutils.py:270
2018-06-30 05:30:13.529 2212 DEBUG neutron.api.rpc.handlers.resources_rpc [req-0d8b8e90-013c-40bd-8352-155ce87b7a86 6518b42575e544feaf197e71dd28dbfe eab93be463e7484ebcf66c312de991ba - - -] neutron.api.rpc.handlers.resources_rpc.ResourcesPushRpcApi method push called with arguments (<neutron_lib.context.Context object at 0x7f9d20055850>, [SecurityGroup(created_at=2018-06-30T03:30:13Z,description='Gruppo di sicurezza predefinito',id=bb20fff8-06c4-49c3-9e51-8b28707538ef,is_default=True,name='default',project_id='eab93be463e7484ebcf66c312de991ba',revision_number=4,rules=[SecurityGroupRule(26395a7c-fabf-4492-845a-8520f6c16fe5),SecurityGroupRule(662ef214-90dc-4d30-b0c3-83a953e807d5),SecurityGroupRule(ab005296-4eab-4f6f-b392-8a3f8cb3913a),SecurityGroupRule(e79b3b8f-1f24-46cb-b56b-f3377c384b3e)],updated_at=2018-06-30T03:30:13Z)], 'updated') {} wrapper /usr/lib/python2.7/site-packages/oslo_log/helpers.py:66
2018-06-30 05:30:13.570 2212 DEBUG neutron.api.rpc.callbacks.version_manager [req-0d8b8e90-013c-40bd-8352-155ce87b7a86 6518b42575e544feaf197e71dd28dbfe eab93be463e7484ebcf66c312de991ba - - -] Version for resource type Subnet changed None to 1.0 on consumer Open vSwitch agent@localhost.localdomain _set_version /usr/lib/python2.7/site-packages/neutron/api/rpc/callbacks/version_manager.py:119
2018-06-30 05:30:13.570 2212 DEBUG neutron.api.rpc.callbacks.version_manager [req-0d8b8e90-013c-40bd-8352-155ce87b7a86 6518b42575e544feaf197e71dd28dbfe eab93be463e7484ebcf66c312de991ba - - -] Version for resource type Network changed None to 1.0 on consumer Open vSwitch agent@localhost.localdomain _set_version /usr/lib/python2.7/site-packages/neutron/api/rpc/callbacks/version_manager.py:119
2018-06-30 05:30:13.571 2212 DEBUG neutron.api.rpc.callbacks.version_manager [req-0d8b8e90-013c-40bd-8352-155ce87b7a86 6518b42575e544feaf197e71dd28dbfe eab93be463e7484ebcf66c312de991ba - - -] Version for resource type SubPort changed None to 1.0 on consumer Open vSwitch agent@localhost.localdomain _set_version /usr/lib/python2.7/site-packages/neutron/api/rpc/callbacks/version_manager.py:119
2018-06-30 05:30:13.572 2212 DEBUG neutron.api.rpc.callbacks.version_manager [req-0d8b8e90-013c-40bd-8352-155ce87b7a86 6518b42575e544feaf197e71dd28dbfe eab93be463e7484ebcf66c312de991ba - - -] Version for resource type SecurityGroup changed None to 1.0 on consumer Open vSwitch agent@localhost.localdomain _set_version /usr/lib/python2.7/site-packages/neutron/api/rpc/callbacks/version_manager.py:119
2018-06-30 05:30:13.572 2212 DEBUG neutron.api.rpc.callbacks.version_manager [req-0d8b8e90-013c-40bd-8352-155ce87b7a86 6518b42575e544feaf197e71dd28dbfe eab93be463e7484ebcf66c312de991ba - - -] Version for resource type SecurityGroupRule changed None to 1.0 on consumer Open vSwitch agent@localhost.localdomain _set_version /usr/lib/python2.7/site-packages/neutron/api/rpc/callbacks/version_manager.py:119
2018-06-30 05:30:13.573 2212 DEBUG neutron.api.rpc.callbacks.version_manager [req-0d8b8e90-013c-40bd-8352-155ce87b7a86 6518b42575e544feaf197e71dd28dbfe eab93be463e7484ebcf66c312de991ba - - -] Version for resource type Trunk changed None to 1.1 on consumer Open vSwitch agent@localhost.localdomain _set_version /usr/lib/python2.7/site-packages/neutron/api/rpc/callbacks/version_manager.py:119
2018-06-30 05:30:13.574 2212 DEBUG neutron.api.rpc.callbacks.version_manager [req-0d8b8e90-013c-40bd-8352-155ce87b7a86 6518b42575e544feaf197e71dd28dbfe eab93be463e7484ebcf66c312de991ba - - -] Version for resource type QosPolicy changed None to 1.6 on consumer Open vSwitch agent@localhost.localdomain _set_version /usr/lib/python2.7/site-packages/neutron/api/rpc/callbacks/version_manager.py:119
2018-06-30 05:30:13.574 2212 DEBUG neutron.api.rpc.callbacks.version_manager [req-0d8b8e90-013c-40bd-8352-155ce87b7a86 6518b42575e544feaf197e71dd28dbfe eab93be463e7484ebcf66c312de991ba - - -] Version for resource type Port changed None to 1.1 on consumer Open vSwitch agent@localhost.localdomain _set_version /usr/lib/python2.7/site-packages/neutron/api/rpc/callbacks/version_manager.py:119
2018-06-30 05:30:13.583 2212 DEBUG neutron.api.rpc.callbacks.version_manager [req-0d8b8e90-013c-40bd-8352-155ce87b7a86 6518b42575e544feaf197e71dd28dbfe eab93be463e7484ebcf66c312de991ba - - -] Version for resource type Log changed None to 1.0 on consumer Open vSwitch agent@localhost.localdomain _set_version /usr/lib/python2.7/site-packages/neutron/api/rpc/callbacks/version_manager.py:119
2018-06-30 05:30:13.587 2212 DEBUG neutron.api.rpc.callbacks.version_manager [req-0d8b8e90-013c-40bd-8352-155ce87b7a86 6518b42575e544feaf197e71dd28dbfe eab93be463e7484ebcf66c312de991ba - - -] Tracked resource versions report:
pushed versions:
{   'Log': set(['1.0']),
    'Network': set(['1.0']),
    'Port': set(['1.1']),
    'QosPolicy': set(['1.6']),
    'SecurityGroup': set(['1.0']),
    'SecurityGroupRule': set(['1.0']),
    'SubPort': set(['1.0']),
    'Subnet': set(['1.0']),
    'Trunk': set(['1.1'])}

consumer versions:
{   DHCP agent@localhost.localdomain: {   },
    L3 agent@localhost.localdomain: {   },
    Metadata agent@localhost.localdomain: {   },
    Metering agent@localhost.localdomain: {   },
    Open vSwitch agent@localhost.localdomain: {   u'Log': u'1.0',
                                                  u'Network': u'1.0',
                                                  u'Port': u'1.1',
                                                  u'QosPolicy': u'1.6',
                                                  u'SecurityGroup': u'1.0',
                                                  u'SecurityGroupRule': u'1.0',
                                                  u'SubPort': u'1.0',
                                                  u'Subnet': u'1.0',
                                                  u'Trunk': u'1.1'}}
 report /usr/lib/python2.7/site-packages/neutron/api/rpc/callbacks/version_manager.py:178
2018-06-30 05:30:13.913 2212 DEBUG oslo_concurrency.lockutils [req-0d8b8e90-013c-40bd-8352-155ce87b7a86 6518b42575e544feaf197e71dd28dbfe eab93be463e7484ebcf66c312de991ba - - -] Lock "event-dispatch" released by "neutron.plugins.ml2.ovo_rpc.dispatch_events" :: held 0.524s inner /usr/lib/python2.7/site-packages/oslo_concurrency/lockutils.py:282
2018-06-30 05:30:13.999 2212 DEBUG neutron_lib.callbacks.manager [req-0d8b8e90-013c-40bd-8352-155ce87b7a86 6518b42575e544feaf197e71dd28dbfe eab93be463e7484ebcf66c312de991ba - ee0fc57d5a474228b59d6623b0fe1ea6 ee0fc57d5a474228b59d6623b0fe1ea6] Notify callbacks [] for security_group, precommit_create _notify_loop /usr/lib/python2.7/site-packages/neutron_lib/callbacks/manager.py:167
2018-06-30 05:30:14.011 2212 DEBUG neutron_lib.callbacks.manager [req-0d8b8e90-013c-40bd-8352-155ce87b7a86 6518b42575e544feaf197e71dd28dbfe eab93be463e7484ebcf66c312de991ba - ee0fc57d5a474228b59d6623b0fe1ea6 ee0fc57d5a474228b59d6623b0fe1ea6] Notify callbacks ['neutron.plugins.ml2.ovo_rpc._ObjectChangeHandler.handle_event-611562'] for security_group, after_create _notify_loop /usr/lib/python2.7/site-packages/neutron_lib/callbacks/manager.py:167
2018-06-30 05:30:14.018 2212 DEBUG oslo_concurrency.lockutils [-] Lock "event-dispatch" acquired by "neutron.plugins.ml2.ovo_rpc.dispatch_events" :: waited 0.000s inner /usr/lib/python2.7/site-packages/oslo_concurrency/lockutils.py:270
2018-06-30 05:30:14.077 2212 DEBUG neutron.quota.resource [req-0d8b8e90-013c-40bd-8352-155ce87b7a86 6518b42575e544feaf197e71dd28dbfe eab93be463e7484ebcf66c312de991ba - ee0fc57d5a474228b59d6623b0fe1ea6 ee0fc57d5a474228b59d6623b0fe1ea6] Persisted dirty status for tenant:eab93be463e7484ebcf66c312de991ba on resource:security_group_rule mark_dirty /usr/lib/python2.7/site-packages/neutron/quota/resource.py:207
2018-06-30 05:30:14.089 2212 DEBUG neutron.quota.resource [req-0d8b8e90-013c-40bd-8352-155ce87b7a86 6518b42575e544feaf197e71dd28dbfe eab93be463e7484ebcf66c312de991ba - ee0fc57d5a474228b59d6623b0fe1ea6 ee0fc57d5a474228b59d6623b0fe1ea6] Persisted dirty status for tenant:eab93be463e7484ebcf66c312de991ba on resource:security_group mark_dirty /usr/lib/python2.7/site-packages/neutron/quota/resource.py:207
2018-06-30 05:30:14.091 2212 DEBUG neutron.api.rpc.handlers.resources_rpc [req-0d8b8e90-013c-40bd-8352-155ce87b7a86 6518b42575e544feaf197e71dd28dbfe eab93be463e7484ebcf66c312de991ba - - -] neutron.api.rpc.handlers.resources_rpc.ResourcesPushRpcApi method push called with arguments (<neutron_lib.context.Context object at 0x7f9d1feed9d0>, [SecurityGroup(created_at=2018-06-30T03:30:13Z,description='tempest-SECURITY_GROUP_SAMPLE-1530329333',id=0a15e8c7-0b1d-473d-acd2-753769e7284c,is_default=False,name='tempest-SECURITY_GROUP_SAMPLE-1530329333',project_id='eab93be463e7484ebcf66c312de991ba',revision_number=2,rules=[SecurityGroupRule(231e7a20-4756-46d8-8637-039ce6a7422a),SecurityGroupRule(d056c6ef-6147-4f82-8d51-a48976f32645)],updated_at=2018-06-30T03:30:13Z)], 'updated') {} wrapper /usr/lib/python2.7/site-packages/oslo_log/helpers.py:66
2018-06-30 05:30:14.107 2212 DEBUG oslo_concurrency.lockutils [req-0d8b8e90-013c-40bd-8352-155ce87b7a86 6518b42575e544feaf197e71dd28dbfe eab93be463e7484ebcf66c312de991ba - - -] Lock "event-dispatch" released by "neutron.plugins.ml2.ovo_rpc.dispatch_events" :: held 0.088s inner /usr/lib/python2.7/site-packages/oslo_concurrency/lockutils.py:282
2018-06-30 05:30:14.108 2212 DEBUG neutron_lib.callbacks.manager [req-0d8b8e90-013c-40bd-8352-155ce87b7a86 6518b42575e544feaf197e71dd28dbfe eab93be463e7484ebcf66c312de991ba - ee0fc57d5a474228b59d6623b0fe1ea6 ee0fc57d5a474228b59d6623b0fe1ea6] Notify callbacks [] for security_group, before_response _notify_loop /usr/lib/python2.7/site-packages/neutron_lib/callbacks/manager.py:167
2018-06-30 05:30:14.110 2212 INFO neutron.wsgi [req-0d8b8e90-013c-40bd-8352-155ce87b7a86 6518b42575e544feaf197e71dd28dbfe eab93be463e7484ebcf66c312de991ba - ee0fc57d5a474228b59d6623b0fe1ea6 ee0fc57d5a474228b59d6623b0fe1ea6] 10.0.20.22 "POST /v2.0/security-groups HTTP/1.1" status: 201  len: 1617 time: 1.7982361
2018-06-30 05:30:19.711 2224 DEBUG neutron_lib.callbacks.manager [req-3a88018a-51eb-4737-861c-e4465d7e59cc - - - - -] Notify callbacks ['neutron.services.segments.db._update_segment_host_mapping_for_agent-8769552271666'] for agent, after_update _notify_loop /usr/lib/python2.7/site-packages/neutron_lib/callbacks/manager.py:167
2018-06-30 05:30:19.904 2222 DEBUG neutron_lib.callbacks.manager [req-e1b8cf6e-621f-4369-ab8f-f260c99e2957 - - - - -] Notify callbacks ['neutron.services.segments.db._update_segment_host_mapping_for_agent-8769552271666'] for agent, after_update _notify_loop /usr/lib/python2.7/site-packages/neutron_lib/callbacks/manager.py:167
2018-06-30 05:30:19.942 2225 DEBUG neutron_lib.callbacks.manager [req-88c4df72-a2f6-41fd-b484-21365b2e0897 - - - - -] Notify callbacks ['neutron.services.segments.db._update_segment_host_mapping_for_agent-8769552271666'] for agent, after_update _notify_loop /usr/lib/python2.7/site-packages/neutron_lib/callbacks/manager.py:167
2018-06-30 05:30:19.984 2226 DEBUG neutron_lib.callbacks.manager [req-ffdaa2f5-9257-4dee-a593-5977c7fd31e0 - - - - -] Notify callbacks ['neutron.services.segments.db._update_segment_host_mapping_for_agent-8769552271666'] for agent, after_update _notify_loop /usr/lib/python2.7/site-packages/neutron_lib/callbacks/manager.py:167
2018-06-30 05:30:21.020 2234 DEBUG neutron_lib.callbacks.manager [req-809cc183-5920-40b1-91c7-f6d002ce1bac - - - - -] Notify callbacks ['neutron.services.segments.db._update_segment_host_mapping_for_agent-8769552271666'] for agent, after_update _notify_loop /usr/lib/python2.7/site-packages/neutron_lib/callbacks/manager.py:167
2018-06-30 05:30:21.277 2211 DEBUG neutron.wsgi [-] (2211) accepted ('10.0.20.22', 55640) server /usr/lib/python2.7/site-packages/eventlet/wsgi.py:883
2018-06-30 05:30:21.293 2211 INFO neutron.wsgi [-] 10.0.20.22 "GET / HTTP/1.1" status: 200  len: 252 time: 0.0089040
2018-06-30 05:30:21.302 2211 WARNING keystonemiddleware.auth_token [-] Using the in-process token cache is deprecated as of the 4.2.0 release and may be removed in the 5.0.0 release or the 'O' development cycle. The in-process cache causes inconsistent results and high memory usage. When the feature is removed the auth_token middleware will not cache tokens by default which may result in performance issues. It is recommended to use  memcache for the auth_token token cache by setting the memcached_servers option.
2018-06-30 05:30:22.772 2211 DEBUG oslo_policy._cache_handler [req-b996a707-7d5c-4624-8653-09ebd3ebe1e4 6518b42575e544feaf197e71dd28dbfe eab93be463e7484ebcf66c312de991ba - ee0fc57d5a474228b59d6623b0fe1ea6 ee0fc57d5a474228b59d6623b0fe1ea6] Reloading cached file /etc/neutron/policy.json read_cached_file /usr/lib/python2.7/site-packages/oslo_policy/_cache_handler.py:40
2018-06-30 05:30:22.827 2211 DEBUG oslo_policy.policy [req-b996a707-7d5c-4624-8653-09ebd3ebe1e4 6518b42575e544feaf197e71dd28dbfe eab93be463e7484ebcf66c312de991ba - ee0fc57d5a474228b59d6623b0fe1ea6 ee0fc57d5a474228b59d6623b0fe1ea6] Reloaded policy file: /etc/neutron/policy.json _load_policy_file /usr/lib/python2.7/site-packages/oslo_policy/policy.py:681
2018-06-30 05:30:23.232 2211 DEBUG oslo_policy._cache_handler [req-b996a707-7d5c-4624-8653-09ebd3ebe1e4 6518b42575e544feaf197e71dd28dbfe eab93be463e7484ebcf66c312de991ba - ee0fc57d5a474228b59d6623b0fe1ea6 ee0fc57d5a474228b59d6623b0fe1ea6] Reloading cached file /etc/neutron/policy.json read_cached_file /usr/lib/python2.7/site-packages/oslo_policy/_cache_handler.py:40
2018-06-30 05:30:23.255 2211 DEBUG oslo_policy.policy [req-b996a707-7d5c-4624-8653-09ebd3ebe1e4 6518b42575e544feaf197e71dd28dbfe eab93be463e7484ebcf66c312de991ba - ee0fc57d5a474228b59d6623b0fe1ea6 ee0fc57d5a474228b59d6623b0fe1ea6] Reloaded policy file: /etc/neutron/policy.json _load_policy_file /usr/lib/python2.7/site-packages/oslo_policy/policy.py:681
2018-06-30 05:30:23.367 2211 INFO neutron.api.v2.resource [req-b996a707-7d5c-4624-8653-09ebd3ebe1e4 6518b42575e544feaf197e71dd28dbfe eab93be463e7484ebcf66c312de991ba - ee0fc57d5a474228b59d6623b0fe1ea6 ee0fc57d5a474228b59d6623b0fe1ea6] show failed (client error): The resource could not be found.
2018-06-30 05:30:23.370 2211 INFO neutron.wsgi [req-b996a707-7d5c-4624-8653-09ebd3ebe1e4 6518b42575e544feaf197e71dd28dbfe eab93be463e7484ebcf66c312de991ba - ee0fc57d5a474228b59d6623b0fe1ea6 ee0fc57d5a474228b59d6623b0fe1ea6] 10.0.20.22 "GET /v2.0/security-groups/tempest-SECURITY_GROUP_SAMPLE-1530329333 HTTP/1.1" status: 404  len: 360 time: 2.0722909
2018-06-30 05:30:23.594 2211 INFO neutron.wsgi [req-57368728-fe8d-4846-ae7e-5ff00e064301 6518b42575e544feaf197e71dd28dbfe eab93be463e7484ebcf66c312de991ba - ee0fc57d5a474228b59d6623b0fe1ea6 ee0fc57d5a474228b59d6623b0fe1ea6] 10.0.20.22 "GET /v2.0/security-groups HTTP/1.1" status: 200  len: 20672 time: 0.2184131
2018-06-30 05:30:23.683 2211 DEBUG neutron.api.v2.base [req-ace5eba9-9bb8-4fc5-8422-381e66017062 6518b42575e544feaf197e71dd28dbfe eab93be463e7484ebcf66c312de991ba - ee0fc57d5a474228b59d6623b0fe1ea6 ee0fc57d5a474228b59d6623b0fe1ea6] Request body: {u'security_group_rule': {u'direction': u'ingress', u'protocol': u'tcp', u'ethertype': u'IPv4', u'port_range_max': 22, u'security_group_id': u'0a15e8c7-0b1d-473d-acd2-753769e7284c', u'port_range_min': 22, u'remote_ip_prefix': u'0.0.0.0/0'}} prepare_request_body /usr/lib/python2.7/site-packages/neutron/api/v2/base.py:695
2018-06-30 05:30:23.686 2211 INFO neutron.quota [req-ace5eba9-9bb8-4fc5-8422-381e66017062 6518b42575e544feaf197e71dd28dbfe eab93be463e7484ebcf66c312de991ba - ee0fc57d5a474228b59d6623b0fe1ea6 ee0fc57d5a474228b59d6623b0fe1ea6] Loaded quota_driver: <neutron.db.quota.driver.DbQuotaDriver object at 0x7f9d1ff4eed0>.
2018-06-30 05:30:23.701 2211 DEBUG neutron.db.quota.driver [req-ace5eba9-9bb8-4fc5-8422-381e66017062 6518b42575e544feaf197e71dd28dbfe eab93be463e7484ebcf66c312de991ba - ee0fc57d5a474228b59d6623b0fe1ea6 ee0fc57d5a474228b59d6623b0fe1ea6] Resources subnetpool have unlimited quota limit. It is not required to calculate headroom  make_reservation /usr/lib/python2.7/site-packages/neutron/db/quota/driver.py:223
2018-06-30 05:30:23.712 2211 DEBUG neutron.quota.resource [req-ace5eba9-9bb8-4fc5-8422-381e66017062 6518b42575e544feaf197e71dd28dbfe eab93be463e7484ebcf66c312de991ba - ee0fc57d5a474228b59d6623b0fe1ea6 ee0fc57d5a474228b59d6623b0fe1ea6] Usage tracker for resource:security_group_rule and tenant:eab93be463e7484ebcf66c312de991ba is out of sync, need to count used quota count_used /usr/lib/python2.7/site-packages/neutron/quota/resource.py:274
2018-06-30 05:30:23.725 2211 DEBUG neutron.quota.resource [req-ace5eba9-9bb8-4fc5-8422-381e66017062 6518b42575e544feaf197e71dd28dbfe eab93be463e7484ebcf66c312de991ba - ee0fc57d5a474228b59d6623b0fe1ea6 ee0fc57d5a474228b59d6623b0fe1ea6] Quota usage for security_group_rule was recalculated. Used quota:6. count_used /usr/lib/python2.7/site-packages/neutron/quota/resource.py:293
2018-06-30 05:30:23.742 2211 DEBUG neutron.db.quota.driver [req-ace5eba9-9bb8-4fc5-8422-381e66017062 6518b42575e544feaf197e71dd28dbfe eab93be463e7484ebcf66c312de991ba - ee0fc57d5a474228b59d6623b0fe1ea6 ee0fc57d5a474228b59d6623b0fe1ea6] Attempting to reserve 1 items for resource security_group_rule. Total usage: 6; quota limit: 100; headroom:94 make_reservation /usr/lib/python2.7/site-packages/neutron/db/quota/driver.py:255
2018-06-30 05:30:24.114 2211 DEBUG neutron_lib.callbacks.manager [req-ace5eba9-9bb8-4fc5-8422-381e66017062 6518b42575e544feaf197e71dd28dbfe eab93be463e7484ebcf66c312de991ba - ee0fc57d5a474228b59d6623b0fe1ea6 ee0fc57d5a474228b59d6623b0fe1ea6] Notify callbacks [] for security_group_rule, before_create _notify_loop /usr/lib/python2.7/site-packages/neutron_lib/callbacks/manager.py:167
2018-06-30 05:30:24.222 2211 DEBUG neutron_lib.callbacks.manager [req-ace5eba9-9bb8-4fc5-8422-381e66017062 6518b42575e544feaf197e71dd28dbfe eab93be463e7484ebcf66c312de991ba - ee0fc57d5a474228b59d6623b0fe1ea6 ee0fc57d5a474228b59d6623b0fe1ea6] Notify callbacks [] for security_group_rule, precommit_create _notify_loop /usr/lib/python2.7/site-packages/neutron_lib/callbacks/manager.py:167
2018-06-30 05:30:24.234 2211 DEBUG neutron_lib.callbacks.manager [req-ace5eba9-9bb8-4fc5-8422-381e66017062 6518b42575e544feaf197e71dd28dbfe eab93be463e7484ebcf66c312de991ba - ee0fc57d5a474228b59d6623b0fe1ea6 ee0fc57d5a474228b59d6623b0fe1ea6] Notify callbacks ['neutron.plugins.ml2.ovo_rpc._ObjectChangeHandler.handle_event-611386'] for security_group_rule, after_create _notify_loop /usr/lib/python2.7/site-packages/neutron_lib/callbacks/manager.py:167
2018-06-30 05:30:24.564 2211 DEBUG oslo_concurrency.lockutils [-] Lock "event-dispatch" acquired by "neutron.plugins.ml2.ovo_rpc.dispatch_events" :: waited 0.000s inner /usr/lib/python2.7/site-packages/oslo_concurrency/lockutils.py:270
2018-06-30 05:30:24.592 2211 DEBUG neutron.api.rpc.handlers.resources_rpc [req-ace5eba9-9bb8-4fc5-8422-381e66017062 6518b42575e544feaf197e71dd28dbfe eab93be463e7484ebcf66c312de991ba - - -] neutron.api.rpc.handlers.resources_rpc.ResourcesPushRpcApi method push called with arguments (<neutron_lib.context.Context object at 0x7f9d1fd70dd0>, [SecurityGroupRule(created_at=2018-06-30T03:30:24Z,description='',direction='ingress',ethertype='IPv4',id=48180621-d35b-45f8-8a08-8e5beb62baa4,port_range_max=22,port_range_min=22,project_id='eab93be463e7484ebcf66c312de991ba',protocol='tcp',remote_group_id=<?>,remote_ip_prefix=0.0.0.0/0,revision_number=0,security_group_id=0a15e8c7-0b1d-473d-acd2-753769e7284c,updated_at=2018-06-30T03:30:24Z)], 'updated') {} wrapper /usr/lib/python2.7/site-packages/oslo_log/helpers.py:66
2018-06-30 05:30:24.608 2211 DEBUG neutron.api.rpc.callbacks.version_manager [req-ace5eba9-9bb8-4fc5-8422-381e66017062 6518b42575e544feaf197e71dd28dbfe eab93be463e7484ebcf66c312de991ba - - -] Version for resource type Subnet changed None to 1.0 on consumer Open vSwitch agent@localhost.localdomain _set_version /usr/lib/python2.7/site-packages/neutron/api/rpc/callbacks/version_manager.py:119
2018-06-30 05:30:24.609 2211 DEBUG neutron.api.rpc.callbacks.version_manager [req-ace5eba9-9bb8-4fc5-8422-381e66017062 6518b42575e544feaf197e71dd28dbfe eab93be463e7484ebcf66c312de991ba - - -] Version for resource type Network changed None to 1.0 on consumer Open vSwitch agent@localhost.localdomain _set_version /usr/lib/python2.7/site-packages/neutron/api/rpc/callbacks/version_manager.py:119
2018-06-30 05:30:24.610 2211 DEBUG neutron.api.rpc.callbacks.version_manager [req-ace5eba9-9bb8-4fc5-8422-381e66017062 6518b42575e544feaf197e71dd28dbfe eab93be463e7484ebcf66c312de991ba - - -] Version for resource type SubPort changed None to 1.0 on consumer Open vSwitch agent@localhost.localdomain _set_version /usr/lib/python2.7/site-packages/neutron/api/rpc/callbacks/version_manager.py:119
2018-06-30 05:30:24.610 2211 DEBUG neutron.api.rpc.callbacks.version_manager [req-ace5eba9-9bb8-4fc5-8422-381e66017062 6518b42575e544feaf197e71dd28dbfe eab93be463e7484ebcf66c312de991ba - - -] Version for resource type SecurityGroup changed None to 1.0 on consumer Open vSwitch agent@localhost.localdomain _set_version /usr/lib/python2.7/site-packages/neutron/api/rpc/callbacks/version_manager.py:119
2018-06-30 05:30:24.611 2211 DEBUG neutron.api.rpc.callbacks.version_manager [req-ace5eba9-9bb8-4fc5-8422-381e66017062 6518b42575e544feaf197e71dd28dbfe eab93be463e7484ebcf66c312de991ba - - -] Version for resource type SecurityGroupRule changed None to 1.0 on consumer Open vSwitch agent@localhost.localdomain _set_version /usr/lib/python2.7/site-packages/neutron/api/rpc/callbacks/version_manager.py:119
2018-06-30 05:30:24.612 2211 DEBUG neutron.api.rpc.callbacks.version_manager [req-ace5eba9-9bb8-4fc5-8422-381e66017062 6518b42575e544feaf197e71dd28dbfe eab93be463e7484ebcf66c312de991ba - - -] Version for resource type Trunk changed None to 1.1 on consumer Open vSwitch agent@localhost.localdomain _set_version /usr/lib/python2.7/site-packages/neutron/api/rpc/callbacks/version_manager.py:119
2018-06-30 05:30:24.612 2211 DEBUG neutron.api.rpc.callbacks.version_manager [req-ace5eba9-9bb8-4fc5-8422-381e66017062 6518b42575e544feaf197e71dd28dbfe eab93be463e7484ebcf66c312de991ba - - -] Version for resource type QosPolicy changed None to 1.6 on consumer Open vSwitch agent@localhost.localdomain _set_version /usr/lib/python2.7/site-packages/neutron/api/rpc/callbacks/version_manager.py:119
2018-06-30 05:30:24.613 2211 DEBUG neutron.api.rpc.callbacks.version_manager [req-ace5eba9-9bb8-4fc5-8422-381e66017062 6518b42575e544feaf197e71dd28dbfe eab93be463e7484ebcf66c312de991ba - - -] Version for resource type Port changed None to 1.1 on consumer Open vSwitch agent@localhost.localdomain _set_version /usr/lib/python2.7/site-packages/neutron/api/rpc/callbacks/version_manager.py:119
2018-06-30 05:30:24.614 2211 DEBUG neutron.api.rpc.callbacks.version_manager [req-ace5eba9-9bb8-4fc5-8422-381e66017062 6518b42575e544feaf197e71dd28dbfe eab93be463e7484ebcf66c312de991ba - - -] Version for resource type Log changed None to 1.0 on consumer Open vSwitch agent@localhost.localdomain _set_version /usr/lib/python2.7/site-packages/neutron/api/rpc/callbacks/version_manager.py:119
2018-06-30 05:30:24.616 2211 DEBUG neutron.api.rpc.callbacks.version_manager [req-ace5eba9-9bb8-4fc5-8422-381e66017062 6518b42575e544feaf197e71dd28dbfe eab93be463e7484ebcf66c312de991ba - - -] Tracked resource versions report:
pushed versions:
{   'Log': set(['1.0']),
    'Network': set(['1.0']),
    'Port': set(['1.1']),
    'QosPolicy': set(['1.6']),
    'SecurityGroup': set(['1.0']),
    'SecurityGroupRule': set(['1.0']),
    'SubPort': set(['1.0']),
    'Subnet': set(['1.0']),
    'Trunk': set(['1.1'])}

consumer versions:
{   DHCP agent@localhost.localdomain: {   },
    L3 agent@localhost.localdomain: {   },
    Metadata agent@localhost.localdomain: {   },
    Metering agent@localhost.localdomain: {   },
    Open vSwitch agent@localhost.localdomain: {   u'Log': u'1.0',
                                                  u'Network': u'1.0',
                                                  u'Port': u'1.1',
                                                  u'QosPolicy': u'1.6',
                                                  u'SecurityGroup': u'1.0',
                                                  u'SecurityGroupRule': u'1.0',
                                                  u'SubPort': u'1.0',
                                                  u'Subnet': u'1.0',
                                                  u'Trunk': u'1.1'}}
 report /usr/lib/python2.7/site-packages/neutron/api/rpc/callbacks/version_manager.py:178
2018-06-30 05:30:24.694 2211 DEBUG oslo_concurrency.lockutils [req-ace5eba9-9bb8-4fc5-8422-381e66017062 6518b42575e544feaf197e71dd28dbfe eab93be463e7484ebcf66c312de991ba - - -] Lock "event-dispatch" released by "neutron.plugins.ml2.ovo_rpc.dispatch_events" :: held 0.130s inner /usr/lib/python2.7/site-packages/oslo_concurrency/lockutils.py:282
2018-06-30 05:30:24.705 2211 DEBUG neutron.quota.resource [req-ace5eba9-9bb8-4fc5-8422-381e66017062 6518b42575e544feaf197e71dd28dbfe eab93be463e7484ebcf66c312de991ba - ee0fc57d5a474228b59d6623b0fe1ea6 ee0fc57d5a474228b59d6623b0fe1ea6] Persisted dirty status for tenant:eab93be463e7484ebcf66c312de991ba on resource:security_group_rule mark_dirty /usr/lib/python2.7/site-packages/neutron/quota/resource.py:207
2018-06-30 05:30:24.718 2211 DEBUG neutron_lib.callbacks.manager [req-ace5eba9-9bb8-4fc5-8422-381e66017062 6518b42575e544feaf197e71dd28dbfe eab93be463e7484ebcf66c312de991ba - ee0fc57d5a474228b59d6623b0fe1ea6 ee0fc57d5a474228b59d6623b0fe1ea6] Notify callbacks [] for security_group_rule, before_response _notify_loop /usr/lib/python2.7/site-packages/neutron_lib/callbacks/manager.py:167
2018-06-30 05:30:24.721 2211 INFO neutron.wsgi [req-ace5eba9-9bb8-4fc5-8422-381e66017062 6518b42575e544feaf197e71dd28dbfe eab93be463e7484ebcf66c312de991ba - ee0fc57d5a474228b59d6623b0fe1ea6 ee0fc57d5a474228b59d6623b0fe1ea6] 10.0.20.22 "POST /v2.0/security-group-rules HTTP/1.1" status: 201  len: 718 time: 1.1128349
2018-06-30 05:30:31.384 2218 DEBUG neutron.wsgi [-] (2218) accepted ('10.0.20.22', 55662) server /usr/lib/python2.7/site-packages/eventlet/wsgi.py:883
2018-06-30 05:30:31.394 2218 INFO neutron.wsgi [-] 10.0.20.22 "GET / HTTP/1.1" status: 200  len: 252 time: 0.0038030
2018-06-30 05:30:32.082 2218 INFO neutron.wsgi [req-21a9dfd8-6537-43bf-87a5-55e8010c865b 6518b42575e544feaf197e71dd28dbfe eab93be463e7484ebcf66c312de991ba - ee0fc57d5a474228b59d6623b0fe1ea6 ee0fc57d5a474228b59d6623b0fe1ea6] 10.0.20.22 "GET /v2.0/security-groups HTTP/1.1" status: 200  len: 21175 time: 0.6837740
2018-06-30 05:30:37.272 2238 DEBUG neutron.db.agents_db [req-7483098f-a9a6-446d-8259-50548bdf6e40 - - - - -] Agent healthcheck: found 5 active agents agent_health_check /usr/lib/python2.7/site-packages/neutron/db/agents_db.py:281
2018-06-30 05:30:40.874 2218 DEBUG neutron.wsgi [-] (2218) accepted ('10.0.20.22', 55706) server /usr/lib/python2.7/site-packages/eventlet/wsgi.py:883
2018-06-30 05:30:40.877 2218 INFO neutron.wsgi [-] 10.0.20.22 "GET / HTTP/1.1" status: 200  len: 252 time: 0.0018871
2018-06-30 05:30:41.015 2215 INFO neutron.wsgi [req-89360dd8-742a-4c0a-8f02-94152d2aab94 8d51c6595f7b4b648f3775454a985b0c e3731f8202904eebb3e6658e91a6b0b5 - default default] 10.0.20.22 "GET /v2.0/ports?tenant_id=688c18a1c85f4751b329806136ced2ee&device_id=06deffa3-c274-4da5-a3ab-17f1d4e0a067 HTTP/1.1" status: 200  len: 1124 time: 0.1367929
2018-06-30 05:30:41.557 2218 INFO neutron.pecan_wsgi.hooks.translation [req-807b41c0-b81d-45ee-ad6e-695b185475ab 41f81b51431f44bd96d368d9b49cd4bd 688c18a1c85f4751b329806136ced2ee - default default] GET failed (client error): The resource could not be found.
2018-06-30 05:30:41.559 2218 INFO neutron.wsgi [req-807b41c0-b81d-45ee-ad6e-695b185475ab 41f81b51431f44bd96d368d9b49cd4bd 688c18a1c85f4751b329806136ced2ee - default default] 10.0.20.22 "GET /v2.0/networks/public HTTP/1.1" status: 404  len: 314 time: 0.6776490
2018-06-30 05:30:41.730 2215 DEBUG neutron.pecan_wsgi.hooks.policy_enforcement [req-5ef770a0-ea02-4c2a-a93f-442e0eb455cf 8d51c6595f7b4b648f3775454a985b0c e3731f8202904eebb3e6658e91a6b0b5 - default default] Attributes excluded by policy engine: [u'vlan_transparent'] _exclude_attributes_by_policy /usr/lib/python2.7/site-packages/neutron/pecan_wsgi/hooks/policy_enforcement.py:256
2018-06-30 05:30:41.732 2215 INFO neutron.wsgi [req-5ef770a0-ea02-4c2a-a93f-442e0eb455cf 8d51c6595f7b4b648f3775454a985b0c e3731f8202904eebb3e6658e91a6b0b5 - default default] 10.0.20.22 "GET /v2.0/networks?id=2ce34dd7-df32-4a77-980f-3c1215fa4847 HTTP/1.1" status: 200  len: 888 time: 0.7109609
2018-06-30 05:30:41.783 2215 INFO neutron.wsgi [req-087e8a6a-3e4a-4375-9dda-1522e77be743 8d51c6595f7b4b648f3775454a985b0c e3731f8202904eebb3e6658e91a6b0b5 - default default] 10.0.20.22 "GET /v2.0/floatingips?fixed_ip_address=172.24.4.3&port_id=34ae3945-8340-4ff1-9d1f-d0bdb80875f3 HTTP/1.1" status: 200  len: 217 time: 0.0406139
2018-06-30 05:30:41.878 2218 DEBUG neutron.pecan_wsgi.hooks.policy_enforcement [req-55c2efbb-2b3d-4ad0-994b-4c4e50462458 41f81b51431f44bd96d368d9b49cd4bd 688c18a1c85f4751b329806136ced2ee - default default] Attributes excluded by policy engine: [u'vlan_transparent'] _exclude_attributes_by_policy /usr/lib/python2.7/site-packages/neutron/pecan_wsgi/hooks/policy_enforcement.py:256
2018-06-30 05:30:41.880 2218 DEBUG neutron.pecan_wsgi.hooks.policy_enforcement [req-55c2efbb-2b3d-4ad0-994b-4c4e50462458 41f81b51431f44bd96d368d9b49cd4bd 688c18a1c85f4751b329806136ced2ee - default default] Attributes excluded by policy engine: [u'vlan_transparent'] _exclude_attributes_by_policy /usr/lib/python2.7/site-packages/neutron/pecan_wsgi/hooks/policy_enforcement.py:256
2018-06-30 05:30:41.883 2218 INFO neutron.wsgi [req-55c2efbb-2b3d-4ad0-994b-4c4e50462458 41f81b51431f44bd96d368d9b49cd4bd 688c18a1c85f4751b329806136ced2ee - default default] 10.0.20.22 "GET /v2.0/networks HTTP/1.1" status: 200  len: 1542 time: 0.3182900
2018-06-30 05:30:41.927 2215 DEBUG neutron.pecan_wsgi.hooks.policy_enforcement [req-901400d7-19bc-4547-baff-17611cf44582 8d51c6595f7b4b648f3775454a985b0c e3731f8202904eebb3e6658e91a6b0b5 - default default] Attributes excluded by policy engine: [u'shared'] _exclude_attributes_by_policy /usr/lib/python2.7/site-packages/neutron/pecan_wsgi/hooks/policy_enforcement.py:256
2018-06-30 05:30:41.930 2215 INFO neutron.wsgi [req-901400d7-19bc-4547-baff-17611cf44582 8d51c6595f7b4b648f3775454a985b0c e3731f8202904eebb3e6658e91a6b0b5 - default default] 10.0.20.22 "GET /v2.0/subnets?id=482aeca8-a24a-4c41-a222-a086cb79ba31 HTTP/1.1" status: 200  len: 819 time: 0.1394689
2018-06-30 05:30:42.028 2215 INFO neutron.wsgi [req-3b8648a7-c543-4662-8d1b-66c9195ebda3 8d51c6595f7b4b648f3775454a985b0c e3731f8202904eebb3e6658e91a6b0b5 - default default] 10.0.20.22 "GET /v2.0/ports?network_id=2ce34dd7-df32-4a77-980f-3c1215fa4847&device_owner=network%3Adhcp HTTP/1.1" status: 200  len: 210 time: 0.0915179
2018-06-30 05:30:49.059 2215 DEBUG neutron.wsgi [-] (2215) accepted ('10.0.20.22', 55714) server /usr/lib/python2.7/site-packages/eventlet/wsgi.py:883
2018-06-30 05:30:49.064 2215 INFO neutron.wsgi [-] 10.0.20.22 "GET / HTTP/1.1" status: 200  len: 252 time: 0.0025160
2018-06-30 05:30:49.654 2215 DEBUG neutron.api.v2.base [req-9c69d77d-dabe-48fd-a58b-0cfc2b12bbc1 6518b42575e544feaf197e71dd28dbfe eab93be463e7484ebcf66c312de991ba - ee0fc57d5a474228b59d6623b0fe1ea6 ee0fc57d5a474228b59d6623b0fe1ea6] Request body: {u'network': {u'name': u'tempest-private-1530329333', u'admin_state_up': True}} prepare_request_body /usr/lib/python2.7/site-packages/neutron/api/v2/base.py:695
2018-06-30 05:30:49.660 2215 INFO neutron.quota [req-9c69d77d-dabe-48fd-a58b-0cfc2b12bbc1 6518b42575e544feaf197e71dd28dbfe eab93be463e7484ebcf66c312de991ba - ee0fc57d5a474228b59d6623b0fe1ea6 ee0fc57d5a474228b59d6623b0fe1ea6] Loaded quota_driver: <neutron.db.quota.driver.DbQuotaDriver object at 0x7f9d1f8d2150>.
2018-06-30 05:30:49.680 2215 DEBUG neutron.db.quota.driver [req-9c69d77d-dabe-48fd-a58b-0cfc2b12bbc1 6518b42575e544feaf197e71dd28dbfe eab93be463e7484ebcf66c312de991ba - ee0fc57d5a474228b59d6623b0fe1ea6 ee0fc57d5a474228b59d6623b0fe1ea6] Resources subnetpool have unlimited quota limit. It is not required to calculate headroom  make_reservation /usr/lib/python2.7/site-packages/neutron/db/quota/driver.py:223
2018-06-30 05:30:49.691 2219 DEBUG neutron_lib.callbacks.manager [req-3a88018a-51eb-4737-861c-e4465d7e59cc - - - - -] Notify callbacks ['neutron.services.segments.db._update_segment_host_mapping_for_agent-8769552271666'] for agent, after_update _notify_loop /usr/lib/python2.7/site-packages/neutron_lib/callbacks/manager.py:167
2018-06-30 05:30:49.698 2215 DEBUG neutron.quota.resource [req-9c69d77d-dabe-48fd-a58b-0cfc2b12bbc1 6518b42575e544feaf197e71dd28dbfe eab93be463e7484ebcf66c312de991ba - ee0fc57d5a474228b59d6623b0fe1ea6 ee0fc57d5a474228b59d6623b0fe1ea6] Usage tracker for resource:network and tenant:eab93be463e7484ebcf66c312de991ba is out of sync, need to count used quota count_used /usr/lib/python2.7/site-packages/neutron/quota/resource.py:274
2018-06-30 05:30:49.719 2215 DEBUG neutron.quota.resource [req-9c69d77d-dabe-48fd-a58b-0cfc2b12bbc1 6518b42575e544feaf197e71dd28dbfe eab93be463e7484ebcf66c312de991ba - ee0fc57d5a474228b59d6623b0fe1ea6 ee0fc57d5a474228b59d6623b0fe1ea6] Quota usage for network was recalculated. Used quota:0. count_used /usr/lib/python2.7/site-packages/neutron/quota/resource.py:293
2018-06-30 05:30:49.732 2215 DEBUG neutron.db.quota.driver [req-9c69d77d-dabe-48fd-a58b-0cfc2b12bbc1 6518b42575e544feaf197e71dd28dbfe eab93be463e7484ebcf66c312de991ba - ee0fc57d5a474228b59d6623b0fe1ea6 ee0fc57d5a474228b59d6623b0fe1ea6] Attempting to reserve 1 items for resource network. Total usage: 0; quota limit: 100; headroom:100 make_reservation /usr/lib/python2.7/site-packages/neutron/db/quota/driver.py:255
2018-06-30 05:30:49.791 2215 DEBUG neutron.pecan_wsgi.hooks.quota_enforcement [req-9c69d77d-dabe-48fd-a58b-0cfc2b12bbc1 6518b42575e544feaf197e71dd28dbfe eab93be463e7484ebcf66c312de991ba - ee0fc57d5a474228b59d6623b0fe1ea6 ee0fc57d5a474228b59d6623b0fe1ea6] Made reservation on behalf of eab93be463e7484ebcf66c312de991ba for: {'network': 1} before /usr/lib/python2.7/site-packages/neutron/pecan_wsgi/hooks/quota_enforcement.py:55
2018-06-30 05:30:49.851 2215 DEBUG neutron_lib.callbacks.manager [req-9c69d77d-dabe-48fd-a58b-0cfc2b12bbc1 6518b42575e544feaf197e71dd28dbfe eab93be463e7484ebcf66c312de991ba - ee0fc57d5a474228b59d6623b0fe1ea6 ee0fc57d5a474228b59d6623b0fe1ea6] Notify callbacks ['neutron.plugins.ml2.plugin.Ml2Plugin._ensure_default_security_group_handler--9223372036854264216'] for network, before_create _notify_loop /usr/lib/python2.7/site-packages/neutron_lib/callbacks/manager.py:167
2018-06-30 05:30:49.895 2223 DEBUG neutron_lib.callbacks.manager [req-e1b8cf6e-621f-4369-ab8f-f260c99e2957 - - - - -] Notify callbacks ['neutron.services.segments.db._update_segment_host_mapping_for_agent-8769552271666'] for agent, after_update _notify_loop /usr/lib/python2.7/site-packages/neutron_lib/callbacks/manager.py:167
2018-06-30 05:30:49.906 2231 DEBUG neutron_lib.callbacks.manager [req-88c4df72-a2f6-41fd-b484-21365b2e0897 - - - - -] Notify callbacks ['neutron.services.segments.db._update_segment_host_mapping_for_agent-8769552271666'] for agent, after_update _notify_loop /usr/lib/python2.7/site-packages/neutron_lib/callbacks/manager.py:167
2018-06-30 05:30:49.956 2215 DEBUG neutron.plugins.ml2.drivers.helpers [req-9c69d77d-dabe-48fd-a58b-0cfc2b12bbc1 6518b42575e544feaf197e71dd28dbfe eab93be463e7484ebcf66c312de991ba - ee0fc57d5a474228b59d6623b0fe1ea6 ee0fc57d5a474228b59d6623b0fe1ea6] vxlan segment allocate from pool started with {'vxlan_vni': 16}  allocate_partially_specified_segment /usr/lib/python2.7/site-packages/neutron/plugins/ml2/drivers/helpers.py:157
2018-06-30 05:30:49.965 2215 DEBUG neutron.plugins.ml2.drivers.helpers [req-9c69d77d-dabe-48fd-a58b-0cfc2b12bbc1 6518b42575e544feaf197e71dd28dbfe eab93be463e7484ebcf66c312de991ba - ee0fc57d5a474228b59d6623b0fe1ea6 ee0fc57d5a474228b59d6623b0fe1ea6] vxlan segment allocate from pool success with {'vxlan_vni': 16}  allocate_partially_specified_segment /usr/lib/python2.7/site-packages/neutron/plugins/ml2/drivers/helpers.py:165
2018-06-30 05:30:49.976 2220 DEBUG neutron_lib.callbacks.manager [req-99e1b707-9532-4cae-96a2-01dfc84421dd - - - - -] Notify callbacks ['neutron.services.segments.db._update_segment_host_mapping_for_agent-8769552271666'] for agent, after_update _notify_loop /usr/lib/python2.7/site-packages/neutron_lib/callbacks/manager.py:167
2018-06-30 05:30:50.003 2215 DEBUG neutron_lib.callbacks.manager [req-9c69d77d-dabe-48fd-a58b-0cfc2b12bbc1 6518b42575e544feaf197e71dd28dbfe eab93be463e7484ebcf66c312de991ba - ee0fc57d5a474228b59d6623b0fe1ea6 ee0fc57d5a474228b59d6623b0fe1ea6] Notify callbacks ['neutron.services.segments.db._add_segment_host_mapping_for_segment--9223363267302504135', 'neutron.plugins.ml2.plugin.Ml2Plugin._handle_segment_change--9223372036853010516'] for segment, precommit_create _notify_loop /usr/lib/python2.7/site-packages/neutron_lib/callbacks/manager.py:167
2018-06-30 05:30:50.005 2215 INFO neutron.db.segments_db [req-9c69d77d-dabe-48fd-a58b-0cfc2b12bbc1 6518b42575e544feaf197e71dd28dbfe eab93be463e7484ebcf66c312de991ba - ee0fc57d5a474228b59d6623b0fe1ea6 ee0fc57d5a474228b59d6623b0fe1ea6] Added segment 41474e52-8517-46c8-b674-9138dd1f1601 of type vxlan for network 5f790841-ca32-4223-8b17-1400aea8b4fa
