2018-06-30 05:36:21.051 2222 DEBUG neutron_lib.callbacks.manager [req-99abb645-23e7-4dca-8f48-ce909bbd5e95 - - - - -] Notify callbacks ['neutron.services.segments.db._update_segment_host_mapping_for_agent-8769552271666'] for agent, after_update _notify_loop /usr/lib/python2.7/site-packages/neutron_lib/callbacks/manager.py:167
2018-06-30 05:36:21.420 2218 INFO neutron.wsgi [req-eb90ece2-6433-47cf-a4f7-97d226caac5c 8d51c6595f7b4b648f3775454a985b0c e3731f8202904eebb3e6658e91a6b0b5 - default default] 10.0.20.22 "GET /v2.0/ports?device_id=d8df5a2c-6175-4ecc-b668-38dc0219ed94 HTTP/1.1" status: 200  len: 1124 time: 0.1240160
2018-06-30 05:36:21.551 2218 INFO neutron.wsgi [req-b1752c6e-c2cf-41a5-9a16-bba194b4a2bd 8d51c6595f7b4b648f3775454a985b0c e3731f8202904eebb3e6658e91a6b0b5 - default default] 10.0.20.22 "GET /v2.0/security-groups?id=0a15e8c7-0b1d-473d-acd2-753769e7284c HTTP/1.1" status: 200  len: 2118 time: 0.1247540
2018-06-30 05:36:23.810 2215 DEBUG neutron.wsgi [-] (2215) accepted ('10.0.20.22', 35130) server /usr/lib/python2.7/site-packages/eventlet/wsgi.py:883
2018-06-30 05:36:24.414 2215 INFO neutron.wsgi [req-f790fb02-f106-46a5-8475-10937a0214d2 8d51c6595f7b4b648f3775454a985b0c e3731f8202904eebb3e6658e91a6b0b5 - default default] 10.0.20.22 "GET /v2.0/ports?device_id=d8df5a2c-6175-4ecc-b668-38dc0219ed94 HTTP/1.1" status: 200  len: 1124 time: 0.6030028
2018-06-30 05:36:24.610 2215 INFO neutron.wsgi [req-6b249961-ed27-4a55-bbd9-8b7a9ff3b9b4 8d51c6595f7b4b648f3775454a985b0c e3731f8202904eebb3e6658e91a6b0b5 - default default] 10.0.20.22 "GET /v2.0/security-groups?id=0a15e8c7-0b1d-473d-acd2-753769e7284c HTTP/1.1" status: 200  len: 2118 time: 0.1701379
2018-06-30 05:36:26.748 2218 INFO neutron.wsgi [req-a7630040-63b7-4eee-b5c3-56616249f2ac 8d51c6595f7b4b648f3775454a985b0c e3731f8202904eebb3e6658e91a6b0b5 - default default] 10.0.20.22 "GET /v2.0/ports?device_id=d8df5a2c-6175-4ecc-b668-38dc0219ed94 HTTP/1.1" status: 200  len: 1124 time: 0.1273870
2018-06-30 05:36:26.873 2218 INFO neutron.wsgi [req-d15e7c9d-cd98-4b52-b49b-5f8c362bbe5f 8d51c6595f7b4b648f3775454a985b0c e3731f8202904eebb3e6658e91a6b0b5 - default default] 10.0.20.22 "GET /v2.0/security-groups?id=0a15e8c7-0b1d-473d-acd2-753769e7284c HTTP/1.1" status: 200  len: 2118 time: 0.1186230
2018-06-30 05:36:28.435 2218 INFO neutron.wsgi [req-f6e8c111-279b-4341-a6ce-4dd122821592 8d51c6595f7b4b648f3775454a985b0c e3731f8202904eebb3e6658e91a6b0b5 - default default] 10.0.20.22 "GET /v2.0/ports?device_id=d8df5a2c-6175-4ecc-b668-38dc0219ed94 HTTP/1.1" status: 200  len: 1124 time: 0.1414812
2018-06-30 05:36:28.576 2218 INFO neutron.wsgi [req-e35e24b8-b8aa-4ac8-b5b7-77a66d522895 8d51c6595f7b4b648f3775454a985b0c e3731f8202904eebb3e6658e91a6b0b5 - default default] 10.0.20.22 "GET /v2.0/security-groups?id=0a15e8c7-0b1d-473d-acd2-753769e7284c HTTP/1.1" status: 200  len: 2118 time: 0.1324739
2018-06-30 05:36:29.742 2218 INFO neutron.wsgi [req-c8671d7d-d004-48f6-bf8a-d1490c2ea4e7 8d51c6595f7b4b648f3775454a985b0c e3731f8202904eebb3e6658e91a6b0b5 - default default] 10.0.20.22 "GET /v2.0/ports?device_id=d8df5a2c-6175-4ecc-b668-38dc0219ed94 HTTP/1.1" status: 200  len: 1124 time: 0.1423161
2018-06-30 05:36:29.859 2218 INFO neutron.wsgi [req-2f85e91e-8e81-4402-93e3-46c23a07a5de 8d51c6595f7b4b648f3775454a985b0c e3731f8202904eebb3e6658e91a6b0b5 - default default] 10.0.20.22 "GET /v2.0/security-groups?id=0a15e8c7-0b1d-473d-acd2-753769e7284c HTTP/1.1" status: 200  len: 2118 time: 0.1116998
2018-06-30 05:36:40.772 2215 INFO neutron.wsgi [req-28db3b7b-8940-4a7d-afad-d39657700c03 8d51c6595f7b4b648f3775454a985b0c e3731f8202904eebb3e6658e91a6b0b5 - default default] 10.0.20.22 "GET /v2.0/ports?tenant_id=eab93be463e7484ebcf66c312de991ba&device_id=d8df5a2c-6175-4ecc-b668-38dc0219ed94 HTTP/1.1" status: 200  len: 1124 time: 0.1736240
2018-06-30 05:36:41.699 2215 DEBUG neutron.pecan_wsgi.hooks.policy_enforcement [req-e0d25f39-23e6-4489-a426-beb81bc97227 8d51c6595f7b4b648f3775454a985b0c e3731f8202904eebb3e6658e91a6b0b5 - default default] Attributes excluded by policy engine: [u'vlan_transparent'] _exclude_attributes_by_policy /usr/lib/python2.7/site-packages/neutron/pecan_wsgi/hooks/policy_enforcement.py:256
2018-06-30 05:36:41.702 2215 INFO neutron.wsgi [req-e0d25f39-23e6-4489-a426-beb81bc97227 8d51c6595f7b4b648f3775454a985b0c e3731f8202904eebb3e6658e91a6b0b5 - default default] 10.0.20.22 "GET /v2.0/networks?id=5f790841-ca32-4223-8b17-1400aea8b4fa HTTP/1.1" status: 200  len: 885 time: 0.9239922
2018-06-30 05:36:41.761 2215 INFO neutron.wsgi [req-082be34b-01b2-4a70-abec-e0920a5fe2a7 8d51c6595f7b4b648f3775454a985b0c e3731f8202904eebb3e6658e91a6b0b5 - default default] 10.0.20.22 "GET /v2.0/floatingips?fixed_ip_address=11.12.1.12&port_id=836db005-b413-4788-abfc-b83aaeb191be HTTP/1.1" status: 200  len: 750 time: 0.0504110
2018-06-30 05:36:41.932 2215 DEBUG neutron.pecan_wsgi.hooks.policy_enforcement [req-9ba7007f-b0bd-4bd2-a1c5-87895c96b493 8d51c6595f7b4b648f3775454a985b0c e3731f8202904eebb3e6658e91a6b0b5 - default default] Attributes excluded by policy engine: [u'shared'] _exclude_attributes_by_policy /usr/lib/python2.7/site-packages/neutron/pecan_wsgi/hooks/policy_enforcement.py:256
2018-06-30 05:36:41.934 2215 INFO neutron.wsgi [req-9ba7007f-b0bd-4bd2-a1c5-87895c96b493 8d51c6595f7b4b648f3775454a985b0c e3731f8202904eebb3e6658e91a6b0b5 - default default] 10.0.20.22 "GET /v2.0/subnets?id=99aa843d-9d3d-46fe-861d-82345c19e18d HTTP/1.1" status: 200  len: 843 time: 0.1625371
2018-06-30 05:36:42.143 2215 INFO neutron.wsgi [req-9bd6d021-3ba3-4009-8b1d-a25eedd62f79 8d51c6595f7b4b648f3775454a985b0c e3731f8202904eebb3e6658e91a6b0b5 - default default] 10.0.20.22 "GET /v2.0/ports?network_id=5f790841-ca32-4223-8b17-1400aea8b4fa&device_owner=network%3Adhcp HTTP/1.1" status: 200  len: 1127 time: 0.2030079
2018-06-30 05:36:47.346 2238 DEBUG neutron.db.agents_db [req-7483098f-a9a6-446d-8259-50548bdf6e40 - - - - -] Agent healthcheck: found 5 active agents agent_health_check /usr/lib/python2.7/site-packages/neutron/db/agents_db.py:281
2018-06-30 05:36:49.670 2225 DEBUG neutron_lib.callbacks.manager [req-3a88018a-51eb-4737-861c-e4465d7e59cc - - - - -] Notify callbacks ['neutron.services.segments.db._update_segment_host_mapping_for_agent-8769552271666'] for agent, after_update _notify_loop /usr/lib/python2.7/site-packages/neutron_lib/callbacks/manager.py:167
2018-06-30 05:36:49.911 2226 DEBUG neutron_lib.callbacks.manager [req-88c4df72-a2f6-41fd-b484-21365b2e0897 - - - - -] Notify callbacks ['neutron.services.segments.db._update_segment_host_mapping_for_agent-8769552271666'] for agent, after_update _notify_loop /usr/lib/python2.7/site-packages/neutron_lib/callbacks/manager.py:167
2018-06-30 05:36:49.928 2234 DEBUG neutron_lib.callbacks.manager [req-e1b8cf6e-621f-4369-ab8f-f260c99e2957 - - - - -] Notify callbacks ['neutron.services.segments.db._update_segment_host_mapping_for_agent-8769552271666'] for agent, after_update _notify_loop /usr/lib/python2.7/site-packages/neutron_lib/callbacks/manager.py:167
2018-06-30 05:36:49.980 2219 DEBUG neutron_lib.callbacks.manager [req-a6865d1e-cb34-43eb-8f9a-43b4d68227ad - - - - -] Notify callbacks ['neutron.services.segments.db._update_segment_host_mapping_for_agent-8769552271666'] for agent, after_update _notify_loop /usr/lib/python2.7/site-packages/neutron_lib/callbacks/manager.py:167
2018-06-30 05:36:51.027 2223 DEBUG neutron_lib.callbacks.manager [req-e325c1b6-d10c-46d2-8c68-3118bd3e6d45 - - - - -] Notify callbacks ['neutron.services.segments.db._update_segment_host_mapping_for_agent-8769552271666'] for agent, after_update _notify_loop /usr/lib/python2.7/site-packages/neutron_lib/callbacks/manager.py:167
2018-06-30 05:36:56.885 2215 DEBUG neutron.wsgi [-] (2215) accepted ('10.0.20.22', 35250) server /usr/lib/python2.7/site-packages/eventlet/wsgi.py:883
2018-06-30 05:36:56.900 2215 INFO neutron.wsgi [-] 10.0.20.22 "GET / HTTP/1.1" status: 200  len: 252 time: 0.0114112
2018-06-30 05:36:57.557 2215 INFO neutron.api.v2.resource [req-ee5c0104-d5e3-4f52-b6d2-fdd2ac4edd9f 6518b42575e544feaf197e71dd28dbfe eab93be463e7484ebcf66c312de991ba - ee0fc57d5a474228b59d6623b0fe1ea6 ee0fc57d5a474228b59d6623b0fe1ea6] show failed (client error): The resource could not be found.
2018-06-30 05:36:57.560 2215 INFO neutron.wsgi [req-ee5c0104-d5e3-4f52-b6d2-fdd2ac4edd9f 6518b42575e544feaf197e71dd28dbfe eab93be463e7484ebcf66c312de991ba - ee0fc57d5a474228b59d6623b0fe1ea6 ee0fc57d5a474228b59d6623b0fe1ea6] 10.0.20.22 "GET /v2.0/floatingips/172.24.4.6 HTTP/1.1" status: 404  len: 325 time: 0.6519740
2018-06-30 05:36:57.633 2215 INFO neutron.wsgi [req-70931cb0-7e24-4869-bbbc-37e47bf81e6d 6518b42575e544feaf197e71dd28dbfe eab93be463e7484ebcf66c312de991ba - ee0fc57d5a474228b59d6623b0fe1ea6 ee0fc57d5a474228b59d6623b0fe1ea6] 10.0.20.22 "GET /v2.0/floatingips HTTP/1.1" status: 200  len: 1207 time: 0.0622449
2018-06-30 05:36:57.747 2215 DEBUG neutron.plugins.ml2.plugin [req-354d6bce-2a88-46bb-ba20-df360d5889ce 6518b42575e544feaf197e71dd28dbfe eab93be463e7484ebcf66c312de991ba - ee0fc57d5a474228b59d6623b0fe1ea6 ee0fc57d5a474228b59d6623b0fe1ea6] Deleting port 2a5c55f7-2da1-44f6-90fe-6522d1ad7a94 _pre_delete_port /usr/lib/python2.7/site-packages/neutron/plugins/ml2/plugin.py:1488
2018-06-30 05:36:57.748 2215 DEBUG neutron_lib.callbacks.manager [req-354d6bce-2a88-46bb-ba20-df360d5889ce 6518b42575e544feaf197e71dd28dbfe eab93be463e7484ebcf66c312de991ba - ee0fc57d5a474228b59d6623b0fe1ea6 ee0fc57d5a474228b59d6623b0fe1ea6] Notify callbacks ['neutron.db.l3_db._prevent_l3_port_delete_callback-8769552471526'] for port, before_delete _notify_loop /usr/lib/python2.7/site-packages/neutron_lib/callbacks/manager.py:167
2018-06-30 05:36:58.110 2215 DEBUG neutron.plugins.ml2.plugin [req-354d6bce-2a88-46bb-ba20-df360d5889ce 6518b42575e544feaf197e71dd28dbfe eab93be463e7484ebcf66c312de991ba - ee0fc57d5a474228b59d6623b0fe1ea6 ee0fc57d5a474228b59d6623b0fe1ea6] Calling delete_port for 2a5c55f7-2da1-44f6-90fe-6522d1ad7a94 owned by network:floatingip delete_port /usr/lib/python2.7/site-packages/neutron/plugins/ml2/plugin.py:1547
2018-06-30 05:36:58.445 2215 DEBUG neutron_lib.callbacks.manager [req-354d6bce-2a88-46bb-ba20-df360d5889ce 6518b42575e544feaf197e71dd28dbfe eab93be463e7484ebcf66c312de991ba - ee0fc57d5a474228b59d6623b0fe1ea6 ee0fc57d5a474228b59d6623b0fe1ea6] Notify callbacks ['neutron.db.l3_db._notify_routers_callback--9223363267302326336', 'neutron.plugins.ml2.plugin.Ml2Plugin.notify_sg_on_port_change-511701', 'neutron.plugins.ml2.ovo_rpc._ObjectChangeHandler.handle_event-611362', 'neutron.api.rpc.agentnotifiers.dhcp_rpc_agent_api.DhcpAgentNotifyAPI._native_event_send_dhcp_notification-1553939', 'neutron.db.l3_dvrscheduler_db._notify_port_delete-8769551908823'] for port, after_delete _notify_loop /usr/lib/python2.7/site-packages/neutron_lib/callbacks/manager.py:167
2018-06-30 05:36:58.471 2215 DEBUG oslo_concurrency.lockutils [-] Lock "event-dispatch" acquired by "neutron.plugins.ml2.ovo_rpc.dispatch_events" :: waited 0.000s inner /usr/lib/python2.7/site-packages/oslo_concurrency/lockutils.py:270
2018-06-30 05:36:58.607 2215 DEBUG neutron.api.rpc.handlers.resources_rpc [req-354d6bce-2a88-46bb-ba20-df360d5889ce 6518b42575e544feaf197e71dd28dbfe eab93be463e7484ebcf66c312de991ba - - -] neutron.api.rpc.handlers.resources_rpc.ResourcesPushRpcApi method push called with arguments (<neutron_lib.context.Context object at 0x7f9d1f5e59d0>, [Port(admin_state_up=<?>,allowed_address_pairs=<?>,binding=<?>,binding_levels=<?>,created_at=<?>,data_plane_status=<?>,description=<?>,device_id=<?>,device_owner=<?>,dhcp_options=<?>,distributed_binding=<?>,dns=<?>,fixed_ips=<?>,id=2a5c55f7-2da1-44f6-90fe-6522d1ad7a94,mac_address=<?>,name=<?>,network_id=<?>,project_id=<?>,qos_policy_id=None,revision_number=<?>,security=<?>,security_group_ids=None,status=<?>,updated_at=<?>)], 'deleted') {} wrapper /usr/lib/python2.7/site-packages/oslo_log/helpers.py:66
2018-06-30 05:36:58.626 2215 DEBUG neutron.api.rpc.callbacks.version_manager [req-354d6bce-2a88-46bb-ba20-df360d5889ce 6518b42575e544feaf197e71dd28dbfe eab93be463e7484ebcf66c312de991ba - - -] Version for resource type Subnet changed None to 1.0 on consumer Open vSwitch agent@localhost.localdomain _set_version /usr/lib/python2.7/site-packages/neutron/api/rpc/callbacks/version_manager.py:119
2018-06-30 05:36:58.627 2215 DEBUG neutron.api.rpc.callbacks.version_manager [req-354d6bce-2a88-46bb-ba20-df360d5889ce 6518b42575e544feaf197e71dd28dbfe eab93be463e7484ebcf66c312de991ba - - -] Version for resource type Network changed None to 1.0 on consumer Open vSwitch agent@localhost.localdomain _set_version /usr/lib/python2.7/site-packages/neutron/api/rpc/callbacks/version_manager.py:119
2018-06-30 05:36:58.627 2215 DEBUG neutron.api.rpc.callbacks.version_manager [req-354d6bce-2a88-46bb-ba20-df360d5889ce 6518b42575e544feaf197e71dd28dbfe eab93be463e7484ebcf66c312de991ba - - -] Version for resource type SubPort changed None to 1.0 on consumer Open vSwitch agent@localhost.localdomain _set_version /usr/lib/python2.7/site-packages/neutron/api/rpc/callbacks/version_manager.py:119
2018-06-30 05:36:58.628 2215 DEBUG neutron.api.rpc.callbacks.version_manager [req-354d6bce-2a88-46bb-ba20-df360d5889ce 6518b42575e544feaf197e71dd28dbfe eab93be463e7484ebcf66c312de991ba - - -] Version for resource type SecurityGroup changed None to 1.0 on consumer Open vSwitch agent@localhost.localdomain _set_version /usr/lib/python2.7/site-packages/neutron/api/rpc/callbacks/version_manager.py:119
2018-06-30 05:36:58.628 2215 DEBUG neutron.api.rpc.callbacks.version_manager [req-354d6bce-2a88-46bb-ba20-df360d5889ce 6518b42575e544feaf197e71dd28dbfe eab93be463e7484ebcf66c312de991ba - - -] Version for resource type SecurityGroupRule changed None to 1.0 on consumer Open vSwitch agent@localhost.localdomain _set_version /usr/lib/python2.7/site-packages/neutron/api/rpc/callbacks/version_manager.py:119
2018-06-30 05:36:58.628 2215 DEBUG neutron.api.rpc.callbacks.version_manager [req-354d6bce-2a88-46bb-ba20-df360d5889ce 6518b42575e544feaf197e71dd28dbfe eab93be463e7484ebcf66c312de991ba - - -] Version for resource type Trunk changed None to 1.1 on consumer Open vSwitch agent@localhost.localdomain _set_version /usr/lib/python2.7/site-packages/neutron/api/rpc/callbacks/version_manager.py:119
2018-06-30 05:36:58.629 2215 DEBUG neutron.api.rpc.callbacks.version_manager [req-354d6bce-2a88-46bb-ba20-df360d5889ce 6518b42575e544feaf197e71dd28dbfe eab93be463e7484ebcf66c312de991ba - - -] Version for resource type QosPolicy changed None to 1.6 on consumer Open vSwitch agent@localhost.localdomain _set_version /usr/lib/python2.7/site-packages/neutron/api/rpc/callbacks/version_manager.py:119
2018-06-30 05:36:58.629 2215 DEBUG neutron.api.rpc.callbacks.version_manager [req-354d6bce-2a88-46bb-ba20-df360d5889ce 6518b42575e544feaf197e71dd28dbfe eab93be463e7484ebcf66c312de991ba - - -] Version for resource type Port changed None to 1.1 on consumer Open vSwitch agent@localhost.localdomain _set_version /usr/lib/python2.7/site-packages/neutron/api/rpc/callbacks/version_manager.py:119
2018-06-30 05:36:58.629 2215 DEBUG neutron.api.rpc.callbacks.version_manager [req-354d6bce-2a88-46bb-ba20-df360d5889ce 6518b42575e544feaf197e71dd28dbfe eab93be463e7484ebcf66c312de991ba - - -] Version for resource type Log changed None to 1.0 on consumer Open vSwitch agent@localhost.localdomain _set_version /usr/lib/python2.7/site-packages/neutron/api/rpc/callbacks/version_manager.py:119
2018-06-30 05:36:58.668 2215 DEBUG oslo_concurrency.lockutils [req-354d6bce-2a88-46bb-ba20-df360d5889ce 6518b42575e544feaf197e71dd28dbfe eab93be463e7484ebcf66c312de991ba - - -] Lock "event-dispatch" released by "neutron.plugins.ml2.ovo_rpc.dispatch_events" :: held 0.198s inner /usr/lib/python2.7/site-packages/oslo_concurrency/lockutils.py:282
2018-06-30 05:36:59.230 2215 DEBUG neutron.scheduler.l3_agent_scheduler [req-354d6bce-2a88-46bb-ba20-df360d5889ce 6518b42575e544feaf197e71dd28dbfe eab93be463e7484ebcf66c312de991ba - ee0fc57d5a474228b59d6623b0fe1ea6 ee0fc57d5a474228b59d6623b0fe1ea6] Router 4a1d542b-9d83-473a-986b-2072b7619aa0 has already been hosted by L3 agent 02b9079f-1e37-44d1-b612-ac2f663faf90 _get_candidates /usr/lib/python2.7/site-packages/neutron/scheduler/l3_agent_scheduler.py:141
2018-06-30 05:36:59.450 2215 DEBUG neutron.api.rpc.agentnotifiers.l3_rpc_agent_api [req-354d6bce-2a88-46bb-ba20-df360d5889ce 6518b42575e544feaf197e71dd28dbfe eab93be463e7484ebcf66c312de991ba - ee0fc57d5a474228b59d6623b0fe1ea6 ee0fc57d5a474228b59d6623b0fe1ea6] Notify agent at l3_agent.localhost.localdomain the message routers_updated _agent_notification /usr/lib/python2.7/site-packages/neutron/api/rpc/agentnotifiers/l3_rpc_agent_api.py:69
2018-06-30 05:36:59.489 2215 DEBUG neutron.quota.resource [req-354d6bce-2a88-46bb-ba20-df360d5889ce 6518b42575e544feaf197e71dd28dbfe eab93be463e7484ebcf66c312de991ba - ee0fc57d5a474228b59d6623b0fe1ea6 ee0fc57d5a474228b59d6623b0fe1ea6] Persisted dirty status for tenant:eab93be463e7484ebcf66c312de991ba on resource:floatingip mark_dirty /usr/lib/python2.7/site-packages/neutron/quota/resource.py:207
2018-06-30 05:36:59.505 2226 DEBUG neutron.db.l3_hamode_db [req-99963a71-d129-42db-a89b-4b5c45f70dd6 - - - - -] neutron.services.l3_router.l3_router_plugin.L3RouterPlugin method get_ha_sync_data_for_host called with arguments (<neutron_lib.context.Context object at 0x7f9d1f9e5210>, u'localhost.localdomain', <neutron.db.models.agent.Agent[object at 7f9d1fa86550] {id=u'02b9079f-1e37-44d1-b612-ac2f663faf90', agent_type=u'L3 agent', binary=u'neutron-l3-agent', topic=u'l3_agent', host=u'localhost.localdomain', availability_zone=u'nova', admin_state_up=True, created_at=datetime.datetime(2018, 6, 20, 16, 53, 44), started_at=datetime.datetime(2018, 6, 30, 3, 22, 51), heartbeat_timestamp=datetime.datetime(2018, 6, 30, 3, 36, 51), description=None, configurations=u'{"agent_mode": "legacy", "gateway_external_network_id": "", "handle_internal_only_routers": true, "routers": 2, "interfaces": 2, "floating_ips": 1, "interface_driver": "neutron.agent.linux.interface.OVSInterfaceDriver", "log_agent_heartbeats": false, "external_network_bridge": "", "ex_gw_ports": 2}', resource_versions=None, load=0}>) {'active': True, 'router_ids': ['4a1d542b-9d83-473a-986b-2072b7619aa0']} wrapper /usr/lib/python2.7/site-packages/oslo_log/helpers.py:66
2018-06-30 05:36:59.508 2215 DEBUG neutron.quota.resource [req-354d6bce-2a88-46bb-ba20-df360d5889ce 6518b42575e544feaf197e71dd28dbfe eab93be463e7484ebcf66c312de991ba - ee0fc57d5a474228b59d6623b0fe1ea6 ee0fc57d5a474228b59d6623b0fe1ea6] Persisted dirty status for tenant: on resource:port mark_dirty /usr/lib/python2.7/site-packages/neutron/quota/resource.py:207
2018-06-30 05:36:59.514 2215 DEBUG neutron_lib.callbacks.manager [req-354d6bce-2a88-46bb-ba20-df360d5889ce 6518b42575e544feaf197e71dd28dbfe eab93be463e7484ebcf66c312de991ba - ee0fc57d5a474228b59d6623b0fe1ea6 ee0fc57d5a474228b59d6623b0fe1ea6] Notify callbacks ['neutron.notifiers.nova.Notifier._send_nova_notification--9223372036854746416'] for floatingip, before_response _notify_loop /usr/lib/python2.7/site-packages/neutron_lib/callbacks/manager.py:167
2018-06-30 05:36:59.616 2215 INFO neutron.wsgi [req-354d6bce-2a88-46bb-ba20-df360d5889ce 6518b42575e544feaf197e71dd28dbfe eab93be463e7484ebcf66c312de991ba - ee0fc57d5a474228b59d6623b0fe1ea6 ee0fc57d5a474228b59d6623b0fe1ea6] 10.0.20.22 "DELETE /v2.0/floatingips/71edc88c-fed2-4487-9dfc-88125740f0bd HTTP/1.1" status: 204  len: 173 time: 1.9758770
2018-06-30 05:36:59.619 2215 DEBUG oslo_concurrency.lockutils [-] Lock "notifier-5cd4442e-6ac3-4212-adfe-cd535be17aca" acquired by "neutron.notifiers.batch_notifier.synced_send" :: waited 0.000s inner /usr/lib/python2.7/site-packages/oslo_concurrency/lockutils.py:270
2018-06-30 05:36:59.619 2215 DEBUG neutron.notifiers.nova [-] Sending events: [{'tag': u'836db005-b413-4788-abfc-b83aaeb191be', 'name': 'network-changed', 'server_uuid': u'd8df5a2c-6175-4ecc-b668-38dc0219ed94'}] send_events /usr/lib/python2.7/site-packages/neutron/notifiers/nova.py:242
2018-06-30 05:36:59.624 2215 DEBUG novaclient.v2.client [-] REQ: curl -g -i -X POST http://10.0.20.22:8774/v2.1/e3731f8202904eebb3e6658e91a6b0b5/os-server-external-events -H "User-Agent: python-novaclient" -H "Content-Type: application/json" -H "Accept: application/json" -H "X-OpenStack-Nova-API-Version: 2.1" -H "X-Auth-Token: {SHA1}73329ca31755250bfa568597ab37b975bedeb406" -d '{"events": [{"tag": "836db005-b413-4788-abfc-b83aaeb191be", "name": "network-changed", "server_uuid": "d8df5a2c-6175-4ecc-b668-38dc0219ed94"}]}' _http_log_request /usr/lib/python2.7/site-packages/keystoneauth1/session.py:375
2018-06-30 05:36:59.814 2215 DEBUG novaclient.v2.client [-] RESP: [200] Content-Length: 179 Content-Type: application/json Openstack-Api-Version: compute 2.1 X-Openstack-Nova-Api-Version: 2.1 Vary: OpenStack-API-Version, X-OpenStack-Nova-API-Version X-Openstack-Request-Id: req-c60e83ee-797d-4ec1-ba2a-3e2d6e321ca4 X-Compute-Request-Id: req-c60e83ee-797d-4ec1-ba2a-3e2d6e321ca4 Date: Sat, 30 Jun 2018 03:36:59 GMT Connection: keep-alive 
RESP BODY: {"events": [{"status": "completed", "tag": "836db005-b413-4788-abfc-b83aaeb191be", "name": "network-changed", "server_uuid": "d8df5a2c-6175-4ecc-b668-38dc0219ed94", "code": 200}]}
 _http_log_response /usr/lib/python2.7/site-packages/keystoneauth1/session.py:423
2018-06-30 05:36:59.815 2215 DEBUG novaclient.v2.client [-] POST call to compute for http://10.0.20.22:8774/v2.1/e3731f8202904eebb3e6658e91a6b0b5/os-server-external-events used request id req-c60e83ee-797d-4ec1-ba2a-3e2d6e321ca4 request /usr/lib/python2.7/site-packages/keystoneauth1/session.py:727
2018-06-30 05:36:59.821 2215 INFO neutron.notifiers.nova [-] Nova event response: {u'status': u'completed', u'tag': u'836db005-b413-4788-abfc-b83aaeb191be', u'name': u'network-changed', u'server_uuid': u'd8df5a2c-6175-4ecc-b668-38dc0219ed94', u'code': 200}
2018-06-30 05:37:00.181 2226 DEBUG neutron.db.l3_hamode_db [req-99963a71-d129-42db-a89b-4b5c45f70dd6 - - - - -] neutron.services.l3_router.l3_router_plugin.L3RouterPlugin method _process_sync_ha_data called with arguments (<neutron_lib.context.Context object at 0x7f9d1f9e5210>, [{'status': u'ACTIVE', '_interfaces': [{'status': u'ACTIVE', 'subnets': [{'dns_nameservers': [u'8.8.4.4'], 'ipv6_ra_mode': None, 'gateway_ip': u'11.12.1.1', 'cidr': u'11.12.1.0/24', 'id': u'99aa843d-9d3d-46fe-861d-82345c19e18d', 'subnetpool_id': None}], 'binding:host_id': u'localhost.localdomain', 'description': u'', 'allowed_address_pairs': [], 'tags': [], 'extra_dhcp_opts': [], 'updated_at': '2018-06-30T03:31:52Z', 'device_owner': u'network:router_interface', 'revision_number': 7, 'port_security_enabled': False, 'binding:profile': {}, 'mtu': 1450, 'fixed_ips': [{'subnet_id': u'99aa843d-9d3d-46fe-861d-82345c19e18d', 'prefixlen': 24, 'ip_address': u'11.12.1.1'}], 'id': u'b58b272a-3852-4656-920a-2a0ffe223ab8', 'security_groups': [], 'device_id': u'4a1d542b-9d83-473a-986b-2072b7619aa0', 'name': u'', 'admin_state_up': True, 'network_id': u'5f790841-ca32-4223-8b17-1400aea8b4fa', 'tenant_id': u'eab93be463e7484ebcf66c312de991ba', 'binding:vif_details': {u'port_filter': True, u'datapath_type': u'system', u'ovs_hybrid_plug': True}, 'address_scopes': {4: None, 6: None}, 'binding:vnic_type': u'normal', 'binding:vif_type': u'ovs', 'mac_address': u'fa:16:3e:35:e7:dd', 'project_id': u'eab93be463e7484ebcf66c312de991ba', 'extra_subnets': [], 'created_at': '2018-06-30T03:31:44Z'}], 'enable_snat': True, 'ha_vr_id': 0, 'description': u'', 'tags': [], 'gw_port': {'status': u'ACTIVE', 'subnets': [{'dns_nameservers': [], 'ipv6_ra_mode': None, 'gateway_ip': u'172.24.4.1', 'cidr': u'172.24.4.0/24', 'id': u'482aeca8-a24a-4c41-a222-a086cb79ba31', 'subnetpool_id': None}], 'binding:host_id': u'localhost.localdomain', 'description': u'', 'allowed_address_pairs': [], 'tags': [], 'extra_dhcp_opts': [], 'updated_at': '2018-06-30T03:32:06Z', 'device_owner': u'network:router_gateway', 'revision_number': 6, 'port_security_enabled': False, 'binding:profile': {}, 'mtu': 1500, 'fixed_ips': [{'subnet_id': u'482aeca8-a24a-4c41-a222-a086cb79ba31', 'prefixlen': 24, 'ip_address': u'172.24.4.4'}], 'id': u'a67728b1-a24e-44c7-b323-e62db738c1a4', 'security_groups': [], 'device_id': u'4a1d542b-9d83-473a-986b-2072b7619aa0', 'name': u'', 'admin_state_up': True, 'network_id': u'2ce34dd7-df32-4a77-980f-3c1215fa4847', 'tenant_id': u'', 'binding:vif_details': {u'port_filter': True, u'datapath_type': u'system', u'ovs_hybrid_plug': True}, 'address_scopes': {4: None, 6: None}, 'binding:vnic_type': u'normal', 'binding:vif_type': u'ovs', 'mac_address': u'fa:16:3e:69:af:4e', 'project_id': u'', 'extra_subnets': [], 'created_at': '2018-06-30T03:31:57Z'}, 'updated_at': '2018-06-30T03:31:59Z', 'revision_number': 4, 'ha': False, 'id': u'4a1d542b-9d83-473a-986b-2072b7619aa0', 'gw_port_host': u'localhost.localdomain', 'external_gateway_info': {'network_id': u'2ce34dd7-df32-4a77-980f-3c1215fa4847', 'enable_snat': True, 'external_fixed_ips': [{'subnet_id': u'482aeca8-a24a-4c41-a222-a086cb79ba31', 'ip_address': u'172.24.4.4'}]}, 'availability_zone_hints': [], 'availability_zones': [u'nova'], 'name': u'tempest-router-1530329333', 'gw_port_id': u'a67728b1-a24e-44c7-b323-e62db738c1a4', 'admin_state_up': True, 'tenant_id': u'eab93be463e7484ebcf66c312de991ba', 'created_at': '2018-06-30T03:31:27Z', 'distributed': False, 'flavor_id': None, 'routes': [], 'project_id': u'eab93be463e7484ebcf66c312de991ba'}], u'localhost.localdomain', False) {} wrapper /usr/lib/python2.7/site-packages/oslo_log/helpers.py:66
2018-06-30 05:37:00.190 2226 DEBUG neutron.api.rpc.handlers.l3_rpc [req-99963a71-d129-42db-a89b-4b5c45f70dd6 - - - - -] Checking router: 4a1d542b-9d83-473a-986b-2072b7619aa0 for host: localhost.localdomain _ensure_host_set_on_ports /usr/lib/python2.7/site-packages/neutron/api/rpc/handlers/l3_rpc.py:135
2018-06-30 05:37:00.370 2238 DEBUG neutron.api.rpc.handlers.l3_rpc [req-b9ea108c-eabd-4500-adc9-1341edfe3988 - - - - -] New status for floating IP 71edc88c-fed2-4487-9dfc-88125740f0bd: DOWN update_floatingip_statuses /usr/lib/python2.7/site-packages/neutron/api/rpc/handlers/l3_rpc.py:252
2018-06-30 05:37:00.436 2215 INFO neutron.wsgi [req-95efef90-5910-44a0-a962-28c92f3dcb40 8d51c6595f7b4b648f3775454a985b0c e3731f8202904eebb3e6658e91a6b0b5 - default default] 10.0.20.22 "GET /v2.0/ports?tenant_id=eab93be463e7484ebcf66c312de991ba&device_id=d8df5a2c-6175-4ecc-b668-38dc0219ed94 HTTP/1.1" status: 200  len: 1124 time: 0.5817320
2018-06-30 05:37:00.662 2215 DEBUG neutron.pecan_wsgi.hooks.policy_enforcement [req-5fe8a331-7aa5-446c-a592-c9d6aca13c7c 8d51c6595f7b4b648f3775454a985b0c e3731f8202904eebb3e6658e91a6b0b5 - default default] Attributes excluded by policy engine: [u'vlan_transparent'] _exclude_attributes_by_policy /usr/lib/python2.7/site-packages/neutron/pecan_wsgi/hooks/policy_enforcement.py:256
2018-06-30 05:37:00.664 2215 INFO neutron.wsgi [req-5fe8a331-7aa5-446c-a592-c9d6aca13c7c 8d51c6595f7b4b648f3775454a985b0c e3731f8202904eebb3e6658e91a6b0b5 - default default] 10.0.20.22 "GET /v2.0/networks?id=5f790841-ca32-4223-8b17-1400aea8b4fa HTTP/1.1" status: 200  len: 885 time: 0.2170470
2018-06-30 05:37:00.696 2215 INFO neutron.wsgi [req-08275073-2d42-4fe9-b582-d0aa40803abf 8d51c6595f7b4b648f3775454a985b0c e3731f8202904eebb3e6658e91a6b0b5 - default default] 10.0.20.22 "GET /v2.0/floatingips?fixed_ip_address=11.12.1.12&port_id=836db005-b413-4788-abfc-b83aaeb191be HTTP/1.1" status: 200  len: 217 time: 0.0283449
2018-06-30 05:37:00.822 2215 DEBUG neutron.pecan_wsgi.hooks.policy_enforcement [req-079bf526-83a9-4cc8-a9f7-65a28879c3d2 8d51c6595f7b4b648f3775454a985b0c e3731f8202904eebb3e6658e91a6b0b5 - default default] Attributes excluded by policy engine: [u'shared'] _exclude_attributes_by_policy /usr/lib/python2.7/site-packages/neutron/pecan_wsgi/hooks/policy_enforcement.py:256
2018-06-30 05:37:00.825 2215 INFO neutron.wsgi [req-079bf526-83a9-4cc8-a9f7-65a28879c3d2 8d51c6595f7b4b648f3775454a985b0c e3731f8202904eebb3e6658e91a6b0b5 - default default] 10.0.20.22 "GET /v2.0/subnets?id=99aa843d-9d3d-46fe-861d-82345c19e18d HTTP/1.1" status: 200  len: 843 time: 0.1236379
2018-06-30 05:37:01.174 2215 INFO neutron.wsgi [req-9a6bc1ca-b9e1-4fbd-840b-441de6e1eb4f 8d51c6595f7b4b648f3775454a985b0c e3731f8202904eebb3e6658e91a6b0b5 - default default] 10.0.20.22 "GET /v2.0/ports?network_id=5f790841-ca32-4223-8b17-1400aea8b4fa&device_owner=network%3Adhcp HTTP/1.1" status: 200  len: 1127 time: 0.3419871
2018-06-30 05:37:01.824 2215 DEBUG oslo_concurrency.lockutils [-] Lock "notifier-5cd4442e-6ac3-4212-adfe-cd535be17aca" released by "neutron.notifiers.batch_notifier.synced_send" :: held 2.204s inner /usr/lib/python2.7/site-packages/oslo_concurrency/lockutils.py:282
2018-06-30 05:37:08.219 2218 INFO neutron.wsgi [req-4a532106-860a-438d-980f-cf2cc6f5b7a9 41f81b51431f44bd96d368d9b49cd4bd 688c18a1c85f4751b329806136ced2ee - default default] 10.0.20.22 "GET /v2.0/ports?device_id=d8df5a2c-6175-4ecc-b668-38dc0219ed94&device_id=06deffa3-c274-4da5-a3ab-17f1d4e0a067 HTTP/1.1" status: 200  len: 2039 time: 1.4189429
2018-06-30 05:37:08.381 2218 INFO neutron.wsgi [req-10897def-3781-4490-b02d-a3c3d949c8ef 41f81b51431f44bd96d368d9b49cd4bd 688c18a1c85f4751b329806136ced2ee - default default] 10.0.20.22 "GET /v2.0/security-groups?id=3d7318ba-b35d-415e-b134-9b3d312b3daf&id=0a15e8c7-0b1d-473d-acd2-753769e7284c HTTP/1.1" status: 200  len: 4540 time: 0.1540689
2018-06-30 05:37:17.167 2218 INFO neutron.wsgi [req-27fb2171-9481-4199-bc2d-e30b3d557314 41f81b51431f44bd96d368d9b49cd4bd 688c18a1c85f4751b329806136ced2ee - default default] 10.0.20.22 "GET /v2.0/ports?device_id=d8df5a2c-6175-4ecc-b668-38dc0219ed94 HTTP/1.1" status: 200  len: 1124 time: 1.1936538
2018-06-30 05:37:17.299 2218 INFO neutron.wsgi [req-69c50c30-0229-49de-96f7-e40a6d58e6ea 41f81b51431f44bd96d368d9b49cd4bd 688c18a1c85f4751b329806136ced2ee - default default] 10.0.20.22 "GET /v2.0/security-groups?id=0a15e8c7-0b1d-473d-acd2-753769e7284c HTTP/1.1" status: 200  len: 2118 time: 0.1246719
2018-06-30 05:37:19.757 2231 DEBUG neutron_lib.callbacks.manager [req-3a88018a-51eb-4737-861c-e4465d7e59cc - - - - -] Notify callbacks ['neutron.services.segments.db._update_segment_host_mapping_for_agent-8769552271666'] for agent, after_update _notify_loop /usr/lib/python2.7/site-packages/neutron_lib/callbacks/manager.py:167
2018-06-30 05:37:20.079 2224 DEBUG neutron_lib.callbacks.manager [req-e1b8cf6e-621f-4369-ab8f-f260c99e2957 - - - - -] Notify callbacks ['neutron.services.segments.db._update_segment_host_mapping_for_agent-8769552271666'] for agent, after_update _notify_loop /usr/lib/python2.7/site-packages/neutron_lib/callbacks/manager.py:167
2018-06-30 05:37:20.098 2220 DEBUG neutron_lib.callbacks.manager [req-88c4df72-a2f6-41fd-b484-21365b2e0897 - - - - -] Notify callbacks ['neutron.services.segments.db._update_segment_host_mapping_for_agent-8769552271666'] for agent, after_update _notify_loop /usr/lib/python2.7/site-packages/neutron_lib/callbacks/manager.py:167
2018-06-30 05:37:20.133 2222 DEBUG neutron_lib.callbacks.manager [req-5075e176-eb7d-43e8-8c09-928214744615 - - - - -] Notify callbacks ['neutron.services.segments.db._update_segment_host_mapping_for_agent-8769552271666'] for agent, after_update _notify_loop /usr/lib/python2.7/site-packages/neutron_lib/callbacks/manager.py:167
2018-06-30 05:37:20.237 2219 DEBUG neutron.plugins.ml2.rpc [req-3a88018a-51eb-4737-861c-e4465d7e59cc - - - - -] Device 836db005-b413-4788-abfc-b83aaeb191be no longer exists at agent ovs-agent-localhost.localdomain update_device_down /usr/lib/python2.7/site-packages/neutron/plugins/ml2/rpc.py:213
2018-06-30 05:37:20.488 2219 DEBUG neutron_lib.callbacks.manager [req-3a88018a-51eb-4737-861c-e4465d7e59cc - - - - -] Notify callbacks ['neutron.plugins.ml2.plugin.Ml2Plugin._ensure_default_security_group_handler--9223372036854264216'] for port, before_update _notify_loop /usr/lib/python2.7/site-packages/neutron_lib/callbacks/manager.py:167
2018-06-30 05:37:20.610 2219 DEBUG oslo_concurrency.lockutils [-] Lock "notifier-5cd4442e-6ac3-4212-adfe-cd535be17aca" acquired by "neutron.notifiers.batch_notifier.synced_send" :: waited 0.000s inner /usr/lib/python2.7/site-packages/oslo_concurrency/lockutils.py:270
2018-06-30 05:37:20.610 2219 DEBUG neutron.notifiers.nova [-] Sending events: [{'status': 'completed', 'tag': u'836db005-b413-4788-abfc-b83aaeb191be', 'name': 'network-vif-unplugged', 'server_uuid': u'd8df5a2c-6175-4ecc-b668-38dc0219ed94'}] send_events /usr/lib/python2.7/site-packages/neutron/notifiers/nova.py:242
2018-06-30 05:37:20.646 2219 DEBUG neutron.plugins.ml2.db [req-3a88018a-51eb-4737-861c-e4465d7e59cc - - - - -] For port 836db005-b413-4788-abfc-b83aaeb191be, host localhost.localdomain, got binding levels [<neutron.plugins.ml2.models.PortBindingLevel[object at 7f9d1fe81890] {port_id=u'836db005-b413-4788-abfc-b83aaeb191be', host=u'localhost.localdomain', level=0, driver=u'openvswitch', segment_id=u'41474e52-8517-46c8-b674-9138dd1f1601'}>] get_binding_levels /usr/lib/python2.7/site-packages/neutron/plugins/ml2/db.py:106
2018-06-30 05:37:20.685 2219 DEBUG neutron_lib.callbacks.manager [req-3a88018a-51eb-4737-861c-e4465d7e59cc - - - - -] Notify callbacks ['neutron.db.l3_dvrscheduler_db._notify_l3_agent_port_update--9223363267302866978', 'neutron.plugins.ml2.plugin.Ml2Plugin.notify_sg_on_port_change-511701', 'neutron.plugins.ml2.ovo_rpc._ObjectChangeHandler.handle_event-611362', 'neutron.api.rpc.agentnotifiers.dhcp_rpc_agent_api.DhcpAgentNotifyAPI._native_event_send_dhcp_notification-1553939', 'neutron.db.l3_hascheduler_db._notify_l3_agent_ha_port_update-8769551909426'] for port, after_update _notify_loop /usr/lib/python2.7/site-packages/neutron_lib/callbacks/manager.py:167
2018-06-30 05:37:20.731 2219 DEBUG oslo_concurrency.lockutils [-] Lock "event-dispatch" acquired by "neutron.plugins.ml2.ovo_rpc.dispatch_events" :: waited 0.000s inner /usr/lib/python2.7/site-packages/oslo_concurrency/lockutils.py:270
2018-06-30 05:37:21.096 2219 DEBUG neutron.api.rpc.handlers.resources_rpc [req-3a88018a-51eb-4737-861c-e4465d7e59cc - - - - -] neutron.api.rpc.handlers.resources_rpc.ResourcesPushRpcApi method push called with arguments (<neutron_lib.context.Context object at 0x7f9d1fe53b10>, [Port(admin_state_up=True,allowed_address_pairs=[],binding=PortBinding,binding_levels=[PortBindingLevel],created_at=2018-06-30T03:32:24Z,data_plane_status=<?>,description='',device_id='d8df5a2c-6175-4ecc-b668-38dc0219ed94',device_owner='compute:nova',dhcp_options=[],distributed_binding=None,dns=None,fixed_ips=[IPAllocation],id=836db005-b413-4788-abfc-b83aaeb191be,mac_address=fa:16:3e:0c:67:57,name='',network_id=5f790841-ca32-4223-8b17-1400aea8b4fa,project_id='eab93be463e7484ebcf66c312de991ba',qos_policy_id=None,revision_number=9,security=PortSecurity(836db005-b413-4788-abfc-b83aaeb191be),security_group_ids=set([0a15e8c7-0b1d-473d-acd2-753769e7284c]),status='DOWN',updated_at=2018-06-30T03:37:20Z)], 'updated') {} wrapper /usr/lib/python2.7/site-packages/oslo_log/helpers.py:66
2018-06-30 05:37:21.137 2219 DEBUG neutron.api.rpc.callbacks.version_manager [req-3a88018a-51eb-4737-861c-e4465d7e59cc - - - - -] Version for resource type Subnet changed None to 1.0 on consumer Open vSwitch agent@localhost.localdomain _set_version /usr/lib/python2.7/site-packages/neutron/api/rpc/callbacks/version_manager.py:119
2018-06-30 05:37:21.146 2219 DEBUG neutron.api.rpc.callbacks.version_manager [req-3a88018a-51eb-4737-861c-e4465d7e59cc - - - - -] Version for resource type Network changed None to 1.0 on consumer Open vSwitch agent@localhost.localdomain _set_version /usr/lib/python2.7/site-packages/neutron/api/rpc/callbacks/version_manager.py:119
2018-06-30 05:37:21.147 2219 DEBUG neutron.api.rpc.callbacks.version_manager [req-3a88018a-51eb-4737-861c-e4465d7e59cc - - - - -] Version for resource type SubPort changed None to 1.0 on consumer Open vSwitch agent@localhost.localdomain _set_version /usr/lib/python2.7/site-packages/neutron/api/rpc/callbacks/version_manager.py:119
2018-06-30 05:37:21.148 2219 DEBUG neutron.api.rpc.callbacks.version_manager [req-3a88018a-51eb-4737-861c-e4465d7e59cc - - - - -] Version for resource type SecurityGroup changed None to 1.0 on consumer Open vSwitch agent@localhost.localdomain _set_version /usr/lib/python2.7/site-packages/neutron/api/rpc/callbacks/version_manager.py:119
2018-06-30 05:37:21.149 2219 DEBUG neutron.api.rpc.callbacks.version_manager [req-3a88018a-51eb-4737-861c-e4465d7e59cc - - - - -] Version for resource type SecurityGroupRule changed None to 1.0 on consumer Open vSwitch agent@localhost.localdomain _set_version /usr/lib/python2.7/site-packages/neutron/api/rpc/callbacks/version_manager.py:119
2018-06-30 05:37:21.150 2219 DEBUG neutron.api.rpc.callbacks.version_manager [req-3a88018a-51eb-4737-861c-e4465d7e59cc - - - - -] Version for resource type Trunk changed None to 1.1 on consumer Open vSwitch agent@localhost.localdomain _set_version /usr/lib/python2.7/site-packages/neutron/api/rpc/callbacks/version_manager.py:119
2018-06-30 05:37:21.151 2219 DEBUG neutron.api.rpc.callbacks.version_manager [req-3a88018a-51eb-4737-861c-e4465d7e59cc - - - - -] Version for resource type QosPolicy changed None to 1.6 on consumer Open vSwitch agent@localhost.localdomain _set_version /usr/lib/python2.7/site-packages/neutron/api/rpc/callbacks/version_manager.py:119
2018-06-30 05:37:21.152 2219 DEBUG neutron.api.rpc.callbacks.version_manager [req-3a88018a-51eb-4737-861c-e4465d7e59cc - - - - -] Version for resource type Port changed None to 1.1 on consumer Open vSwitch agent@localhost.localdomain _set_version /usr/lib/python2.7/site-packages/neutron/api/rpc/callbacks/version_manager.py:119
2018-06-30 05:37:21.153 2219 DEBUG neutron.api.rpc.callbacks.version_manager [req-3a88018a-51eb-4737-861c-e4465d7e59cc - - - - -] Version for resource type Log changed None to 1.0 on consumer Open vSwitch agent@localhost.localdomain _set_version /usr/lib/python2.7/site-packages/neutron/api/rpc/callbacks/version_manager.py:119
2018-06-30 05:37:21.157 2225 DEBUG neutron_lib.callbacks.manager [req-76015893-834d-45fe-9cb1-9fc1c328bb6b - - - - -] Notify callbacks ['neutron.services.segments.db._update_segment_host_mapping_for_agent-8769552271666'] for agent, after_update _notify_loop /usr/lib/python2.7/site-packages/neutron_lib/callbacks/manager.py:167
2018-06-30 05:37:21.174 2219 DEBUG oslo_concurrency.lockutils [req-3a88018a-51eb-4737-861c-e4465d7e59cc - - - - -] Lock "event-dispatch" released by "neutron.plugins.ml2.ovo_rpc.dispatch_events" :: held 0.442s inner /usr/lib/python2.7/site-packages/oslo_concurrency/lockutils.py:282
2018-06-30 05:37:21.880 2215 INFO neutron.wsgi [req-da80a520-f138-472e-8334-6ef3ca6aa268 41f81b51431f44bd96d368d9b49cd4bd 688c18a1c85f4751b329806136ced2ee - default default] 10.0.20.22 "GET /v2.0/ports?device_id=d8df5a2c-6175-4ecc-b668-38dc0219ed94 HTTP/1.1" status: 200  len: 1122 time: 0.7954679
2018-06-30 05:37:22.034 2215 DEBUG neutron.plugins.ml2.plugin [req-f6bc19fe-37e6-410c-94f1-ff7a32722f12 41f81b51431f44bd96d368d9b49cd4bd 688c18a1c85f4751b329806136ced2ee - default default] Deleting port 836db005-b413-4788-abfc-b83aaeb191be _pre_delete_port /usr/lib/python2.7/site-packages/neutron/plugins/ml2/plugin.py:1488
2018-06-30 05:37:22.034 2215 DEBUG neutron_lib.callbacks.manager [req-f6bc19fe-37e6-410c-94f1-ff7a32722f12 41f81b51431f44bd96d368d9b49cd4bd 688c18a1c85f4751b329806136ced2ee - default default] Notify callbacks ['neutron.db.l3_db._prevent_l3_port_delete_callback-8769552471526'] for port, before_delete _notify_loop /usr/lib/python2.7/site-packages/neutron_lib/callbacks/manager.py:167
2018-06-30 05:37:22.412 2219 DEBUG novaclient.v2.client [-] REQ: curl -g -i -X POST http://10.0.20.22:8774/v2.1/e3731f8202904eebb3e6658e91a6b0b5/os-server-external-events -H "User-Agent: python-novaclient" -H "Content-Type: application/json" -H "Accept: application/json" -H "X-OpenStack-Nova-API-Version: 2.1" -H "X-Auth-Token: {SHA1}d4925f4d5214b202f7b1b56fb2c390d260eee493" -d '{"events": [{"status": "completed", "tag": "836db005-b413-4788-abfc-b83aaeb191be", "name": "network-vif-unplugged", "server_uuid": "d8df5a2c-6175-4ecc-b668-38dc0219ed94"}]}' _http_log_request /usr/lib/python2.7/site-packages/keystoneauth1/session.py:375
2018-06-30 05:37:22.429 2215 DEBUG neutron.plugins.ml2.db [req-f6bc19fe-37e6-410c-94f1-ff7a32722f12 41f81b51431f44bd96d368d9b49cd4bd 688c18a1c85f4751b329806136ced2ee - default default] For port 836db005-b413-4788-abfc-b83aaeb191be, host localhost.localdomain, got binding levels [<neutron.plugins.ml2.models.PortBindingLevel[object at 7f9d1f8f0f90] {port_id=u'836db005-b413-4788-abfc-b83aaeb191be', host=u'localhost.localdomain', level=0, driver=u'openvswitch', segment_id=u'41474e52-8517-46c8-b674-9138dd1f1601'}>] get_binding_levels /usr/lib/python2.7/site-packages/neutron/plugins/ml2/db.py:106
2018-06-30 05:37:22.460 2215 DEBUG neutron.plugins.ml2.plugin [req-f6bc19fe-37e6-410c-94f1-ff7a32722f12 41f81b51431f44bd96d368d9b49cd4bd 688c18a1c85f4751b329806136ced2ee - default default] Calling delete_port for 836db005-b413-4788-abfc-b83aaeb191be owned by compute:nova delete_port /usr/lib/python2.7/site-packages/neutron/plugins/ml2/plugin.py:1547
2018-06-30 05:37:22.682 2215 DEBUG neutron_lib.callbacks.manager [req-f6bc19fe-37e6-410c-94f1-ff7a32722f12 41f81b51431f44bd96d368d9b49cd4bd 688c18a1c85f4751b329806136ced2ee - default default] Notify callbacks ['neutron.db.l3_db._notify_routers_callback--9223363267302326336', 'neutron.plugins.ml2.plugin.Ml2Plugin.notify_sg_on_port_change-511701', 'neutron.plugins.ml2.ovo_rpc._ObjectChangeHandler.handle_event-611362', 'neutron.api.rpc.agentnotifiers.dhcp_rpc_agent_api.DhcpAgentNotifyAPI._native_event_send_dhcp_notification-1553939', 'neutron.db.l3_dvrscheduler_db._notify_port_delete-8769551908823'] for port, after_delete _notify_loop /usr/lib/python2.7/site-packages/neutron_lib/callbacks/manager.py:167
2018-06-30 05:37:22.717 2215 DEBUG oslo_concurrency.lockutils [-] Lock "event-dispatch" acquired by "neutron.plugins.ml2.ovo_rpc.dispatch_events" :: waited 0.000s inner /usr/lib/python2.7/site-packages/oslo_concurrency/lockutils.py:270
2018-06-30 05:37:22.838 2215 DEBUG neutron.api.rpc.handlers.resources_rpc [req-f6bc19fe-37e6-410c-94f1-ff7a32722f12 41f81b51431f44bd96d368d9b49cd4bd 688c18a1c85f4751b329806136ced2ee - - -] neutron.api.rpc.handlers.resources_rpc.ResourcesPushRpcApi method push called with arguments (<neutron_lib.context.Context object at 0x7f9d1ff775d0>, [Port(admin_state_up=<?>,allowed_address_pairs=<?>,binding=<?>,binding_levels=<?>,created_at=<?>,data_plane_status=<?>,description=<?>,device_id=<?>,device_owner=<?>,dhcp_options=<?>,distributed_binding=<?>,dns=<?>,fixed_ips=<?>,id=836db005-b413-4788-abfc-b83aaeb191be,mac_address=<?>,name=<?>,network_id=<?>,project_id=<?>,qos_policy_id=None,revision_number=<?>,security=<?>,security_group_ids=None,status=<?>,updated_at=<?>)], 'deleted') {} wrapper /usr/lib/python2.7/site-packages/oslo_log/helpers.py:66
2018-06-30 05:37:22.866 2215 DEBUG oslo_concurrency.lockutils [req-f6bc19fe-37e6-410c-94f1-ff7a32722f12 41f81b51431f44bd96d368d9b49cd4bd 688c18a1c85f4751b329806136ced2ee - - -] Lock "event-dispatch" released by "neutron.plugins.ml2.ovo_rpc.dispatch_events" :: held 0.149s inner /usr/lib/python2.7/site-packages/oslo_concurrency/lockutils.py:282
2018-06-30 05:37:23.095 2215 DEBUG neutron.db.l3_dvrscheduler_db [req-f6bc19fe-37e6-410c-94f1-ff7a32722f12 41f81b51431f44bd96d368d9b49cd4bd 688c18a1c85f4751b329806136ced2ee - default default] No DVR routers for this DVR port 836db005-b413-4788-abfc-b83aaeb191be on host localhost.localdomain get_dvr_routers_to_remove /usr/lib/python2.7/site-packages/neutron/db/l3_dvrscheduler_db.py:191
2018-06-30 05:37:23.113 2215 DEBUG neutron_lib.callbacks.manager [req-f6bc19fe-37e6-410c-94f1-ff7a32722f12 41f81b51431f44bd96d368d9b49cd4bd 688c18a1c85f4751b329806136ced2ee - default default] Notify callbacks ['neutron.notifiers.nova.Notifier._send_nova_notification--9223372036854746416'] for port, before_response _notify_loop /usr/lib/python2.7/site-packages/neutron_lib/callbacks/manager.py:167
2018-06-30 05:37:23.116 2215 DEBUG oslo_concurrency.lockutils [-] Lock "notifier-5cd4442e-6ac3-4212-adfe-cd535be17aca" acquired by "neutron.notifiers.batch_notifier.synced_send" :: waited 0.000s inner /usr/lib/python2.7/site-packages/oslo_concurrency/lockutils.py:270
2018-06-30 05:37:23.117 2215 DEBUG neutron.notifiers.nova [-] Sending events: [{'tag': u'836db005-b413-4788-abfc-b83aaeb191be', 'name': 'network-vif-deleted', 'server_uuid': u'd8df5a2c-6175-4ecc-b668-38dc0219ed94'}] send_events /usr/lib/python2.7/site-packages/neutron/notifiers/nova.py:242
2018-06-30 05:37:23.119 2215 DEBUG novaclient.v2.client [-] REQ: curl -g -i -X POST http://10.0.20.22:8774/v2.1/e3731f8202904eebb3e6658e91a6b0b5/os-server-external-events -H "User-Agent: python-novaclient" -H "Content-Type: application/json" -H "Accept: application/json" -H "X-OpenStack-Nova-API-Version: 2.1" -H "X-Auth-Token: {SHA1}73329ca31755250bfa568597ab37b975bedeb406" -d '{"events": [{"tag": "836db005-b413-4788-abfc-b83aaeb191be", "name": "network-vif-deleted", "server_uuid": "d8df5a2c-6175-4ecc-b668-38dc0219ed94"}]}' _http_log_request /usr/lib/python2.7/site-packages/keystoneauth1/session.py:375
2018-06-30 05:37:23.130 2215 DEBUG neutron.quota.resource [req-f6bc19fe-37e6-410c-94f1-ff7a32722f12 41f81b51431f44bd96d368d9b49cd4bd 688c18a1c85f4751b329806136ced2ee - default default] Persisted dirty status for tenant:eab93be463e7484ebcf66c312de991ba on resource:port mark_dirty /usr/lib/python2.7/site-packages/neutron/quota/resource.py:207
2018-06-30 05:37:23.134 2215 INFO neutron.wsgi [req-f6bc19fe-37e6-410c-94f1-ff7a32722f12 41f81b51431f44bd96d368d9b49cd4bd 688c18a1c85f4751b329806136ced2ee - default default] 10.0.20.22 "DELETE /v2.0/ports/836db005-b413-4788-abfc-b83aaeb191be HTTP/1.1" status: 204  len: 173 time: 1.2501240
2018-06-30 05:37:23.231 2219 DEBUG novaclient.v2.client [-] RESP: [200] Content-Length: 185 Content-Type: application/json Openstack-Api-Version: compute 2.1 X-Openstack-Nova-Api-Version: 2.1 Vary: OpenStack-API-Version, X-OpenStack-Nova-API-Version X-Openstack-Request-Id: req-ffd16d2f-caf0-4f16-8a25-cea7e77b7574 X-Compute-Request-Id: req-ffd16d2f-caf0-4f16-8a25-cea7e77b7574 Date: Sat, 30 Jun 2018 03:37:23 GMT Connection: keep-alive 
RESP BODY: {"events": [{"status": "completed", "tag": "836db005-b413-4788-abfc-b83aaeb191be", "name": "network-vif-unplugged", "server_uuid": "d8df5a2c-6175-4ecc-b668-38dc0219ed94", "code": 200}]}
 _http_log_response /usr/lib/python2.7/site-packages/keystoneauth1/session.py:423
2018-06-30 05:37:23.232 2219 DEBUG novaclient.v2.client [-] POST call to compute for http://10.0.20.22:8774/v2.1/e3731f8202904eebb3e6658e91a6b0b5/os-server-external-events used request id req-ffd16d2f-caf0-4f16-8a25-cea7e77b7574 request /usr/lib/python2.7/site-packages/keystoneauth1/session.py:727
2018-06-30 05:37:23.241 2219 INFO neutron.notifiers.nova [-] Nova event response: {u'status': u'completed', u'tag': u'836db005-b413-4788-abfc-b83aaeb191be', u'name': u'network-vif-unplugged', u'server_uuid': u'd8df5a2c-6175-4ecc-b668-38dc0219ed94', u'code': 200}
2018-06-30 05:37:23.241 2215 DEBUG novaclient.v2.client [-] RESP: [200] Content-Length: 183 Content-Type: application/json Openstack-Api-Version: compute 2.1 X-Openstack-Nova-Api-Version: 2.1 Vary: OpenStack-API-Version, X-OpenStack-Nova-API-Version X-Openstack-Request-Id: req-a68a0d3a-4266-41ad-8eaf-0a25d90bfc13 X-Compute-Request-Id: req-a68a0d3a-4266-41ad-8eaf-0a25d90bfc13 Date: Sat, 30 Jun 2018 03:37:23 GMT Connection: keep-alive 
RESP BODY: {"events": [{"status": "completed", "tag": "836db005-b413-4788-abfc-b83aaeb191be", "name": "network-vif-deleted", "server_uuid": "d8df5a2c-6175-4ecc-b668-38dc0219ed94", "code": 200}]}
 _http_log_response /usr/lib/python2.7/site-packages/keystoneauth1/session.py:423
2018-06-30 05:37:23.242 2215 DEBUG novaclient.v2.client [-] POST call to compute for http://10.0.20.22:8774/v2.1/e3731f8202904eebb3e6658e91a6b0b5/os-server-external-events used request id req-a68a0d3a-4266-41ad-8eaf-0a25d90bfc13 request /usr/lib/python2.7/site-packages/keystoneauth1/session.py:727
2018-06-30 05:37:23.252 2215 INFO neutron.notifiers.nova [-] Nova event response: {u'status': u'completed', u'tag': u'836db005-b413-4788-abfc-b83aaeb191be', u'name': u'network-vif-deleted', u'server_uuid': u'd8df5a2c-6175-4ecc-b668-38dc0219ed94', u'code': 200}
2018-06-30 05:37:24.350 2238 DEBUG neutron.db.agents_db [req-7483098f-a9a6-446d-8259-50548bdf6e40 - - - - -] Agent healthcheck: found 5 active agents agent_health_check /usr/lib/python2.7/site-packages/neutron/db/agents_db.py:281
2018-06-30 05:37:25.244 2219 DEBUG oslo_concurrency.lockutils [-] Lock "notifier-5cd4442e-6ac3-4212-adfe-cd535be17aca" released by "neutron.notifiers.batch_notifier.synced_send" :: held 4.634s inner /usr/lib/python2.7/site-packages/oslo_concurrency/lockutils.py:282
2018-06-30 05:37:25.254 2215 DEBUG oslo_concurrency.lockutils [-] Lock "notifier-5cd4442e-6ac3-4212-adfe-cd535be17aca" released by "neutron.notifiers.batch_notifier.synced_send" :: held 2.137s inner /usr/lib/python2.7/site-packages/oslo_concurrency/lockutils.py:282
2018-06-30 05:37:39.493 2215 INFO neutron.wsgi [req-4062a2c6-de93-410b-9868-754779b17e68 8d51c6595f7b4b648f3775454a985b0c e3731f8202904eebb3e6658e91a6b0b5 - default default] 10.0.20.22 "GET /v2.0/ports?tenant_id=688c18a1c85f4751b329806136ced2ee&device_id=06deffa3-c274-4da5-a3ab-17f1d4e0a067 HTTP/1.1" status: 200  len: 1124 time: 0.1229351
