2018-06-27 00:36:08.009 8369 DEBUG neutron.db.l3_hamode_db [req-bb3d827b-7c6b-4c51-8d0f-516c6ac32c63 - - - - -] neutron.services.l3_router.l3_router_plugin.L3RouterPlugin method _process_sync_ha_data called with arguments (<neutron_lib.context.Context object at 0x7f1b0c620a10>, [{'status': u'ACTIVE', '_interfaces': [{'status': u'ACTIVE', 'subnets': [{'dns_nameservers': [u'8.8.4.4'], 'ipv6_ra_mode': None, 'gateway_ip': u'11.200.1.1', 'cidr': u'11.200.1.0/24', 'id': u'7363f7ca-4e8c-4ae4-ae6d-4bc970299b94', 'subnetpool_id': None}], 'binding:host_id': u'localhost.localdomain', 'description': u'', 'allowed_address_pairs': [], 'tags': [], 'extra_dhcp_opts': [], 'updated_at': '2018-06-26T22:34:47Z', 'device_owner': u'network:router_interface', 'revision_number': 7, 'port_security_enabled': False, 'binding:profile': {}, 'mtu': 1450, 'fixed_ips': [{'subnet_id': u'7363f7ca-4e8c-4ae4-ae6d-4bc970299b94', 'prefixlen': 24, 'ip_address': u'11.200.1.1'}], 'id': u'2ffbbf2a-18bf-4284-a60a-3f53741c2d2d', 'security_groups': [], 'device_id': u'a860480e-d984-4f49-a07b-0563928eda4a', 'name': u'', 'admin_state_up': True, 'network_id': u'36499677-91df-49af-94aa-a9d7d1cb9c51', 'tenant_id': u'7e2105236e774bbea58d93eb79a0aedb', 'binding:vif_details': {u'port_filter': True, u'datapath_type': u'system', u'ovs_hybrid_plug': True}, 'address_scopes': {4: None, 6: None}, 'binding:vnic_type': u'normal', 'binding:vif_type': u'ovs', 'mac_address': u'fa:16:3e:74:d0:1a', 'project_id': u'7e2105236e774bbea58d93eb79a0aedb', 'extra_subnets': [], 'created_at': '2018-06-26T22:34:38Z'}], 'enable_snat': True, 'ha_vr_id': 0, 'description': u'', 'tags': [], 'gw_port': {'status': u'ACTIVE', 'subnets': [{'dns_nameservers': [], 'ipv6_ra_mode': None, 'gateway_ip': u'172.24.4.1', 'cidr': u'172.24.4.0/24', 'id': u'482aeca8-a24a-4c41-a222-a086cb79ba31', 'subnetpool_id': None}], 'binding:host_id': u'localhost.localdomain', 'description': u'', 'allowed_address_pairs': [], 'tags': [], 'extra_dhcp_opts': [], 'updated_at': '2018-06-26T22:34:58Z', 'device_owner': u'network:router_gateway', 'revision_number': 6, 'port_security_enabled': False, 'binding:profile': {}, 'mtu': 1500, 'fixed_ips': [{'subnet_id': u'482aeca8-a24a-4c41-a222-a086cb79ba31', 'prefixlen': 24, 'ip_address': u'172.24.4.8'}], 'id': u'341ab27b-e312-4ce1-9bd5-e8ca665d6b84', 'security_groups': [], 'device_id': u'a860480e-d984-4f49-a07b-0563928eda4a', 'name': u'', 'admin_state_up': True, 'network_id': u'2ce34dd7-df32-4a77-980f-3c1215fa4847', 'tenant_id': u'', 'binding:vif_details': {u'port_filter': True, u'datapath_type': u'system', u'ovs_hybrid_plug': True}, 'address_scopes': {4: None, 6: None}, 'binding:vnic_type': u'normal', 'binding:vif_type': u'ovs', 'mac_address': u'fa:16:3e:49:f8:f7', 'project_id': u'', 'extra_subnets': [], 'created_at': '2018-06-26T22:34:51Z'}, 'updated_at': '2018-06-26T22:34:53Z', 'revision_number': 3, 'ha': False, 'id': u'a860480e-d984-4f49-a07b-0563928eda4a', 'gw_port_host': u'localhost.localdomain', 'external_gateway_info': {'network_id': u'2ce34dd7-df32-4a77-980f-3c1215fa4847', 'enable_snat': True, 'external_fixed_ips': [{'subnet_id': u'482aeca8-a24a-4c41-a222-a086cb79ba31', 'ip_address': u'172.24.4.8'}]}, 'availability_zone_hints': [], 'availability_zones': [u'nova'], 'name': u'tempest-router-1530052309', 'gw_port_id': u'341ab27b-e312-4ce1-9bd5-e8ca665d6b84', 'admin_state_up': True, 'tenant_id': u'7e2105236e774bbea58d93eb79a0aedb', 'created_at': '2018-06-26T22:34:21Z', 'distributed': False, 'flavor_id': None, 'routes': [], 'project_id': u'7e2105236e774bbea58d93eb79a0aedb', '_floatingips': [{'router_id': u'a860480e-d984-4f49-a07b-0563928eda4a', 'status': u'DOWN', 'description': u'', 'tags': [], 'updated_at': '2018-06-26T22:36:04Z', 'dns_domain': '', 'floating_network_id': u'2ce34dd7-df32-4a77-980f-3c1215fa4847', 'fixed_ip_address': u'11.200.1.8', 'floating_ip_address': u'172.24.4.10', 'revision_number': 1, 'port_id': u'1389f12e-fe8a-489d-8fd2-f1ec049e6f91', 'id': u'f9de83ba-f359-4df9-9ba6-444b60699da0', 'dns_name': '', 'created_at': '2018-06-26T22:35:45Z', 'tenant_id': u'7e2105236e774bbea58d93eb79a0aedb', 'fixed_ip_address_scope': None, 'project_id': u'7e2105236e774bbea58d93eb79a0aedb'}]}], u'localhost.localdomain', False) {} wrapper /usr/lib/python2.7/site-packages/oslo_log/helpers.py:66
2018-06-27 00:36:08.021 8369 DEBUG neutron.api.rpc.handlers.l3_rpc [req-bb3d827b-7c6b-4c51-8d0f-516c6ac32c63 - - - - -] Checking router: a860480e-d984-4f49-a07b-0563928eda4a for host: localhost.localdomain _ensure_host_set_on_ports /usr/lib/python2.7/site-packages/neutron/api/rpc/handlers/l3_rpc.py:135
2018-06-27 00:36:08.656 8356 DEBUG novaclient.v2.client [-] REQ: curl -g -i -X POST http://10.0.20.22:8774/v2.1/e3731f8202904eebb3e6658e91a6b0b5/os-server-external-events -H "User-Agent: python-novaclient" -H "Content-Type: application/json" -H "Accept: application/json" -H "X-OpenStack-Nova-API-Version: 2.1" -H "X-Auth-Token: {SHA1}62167f72c6beac18da3b9ebb79d7438db4ed0f1e" -d '{"events": [{"tag": "1389f12e-fe8a-489d-8fd2-f1ec049e6f91", "name": "network-changed", "server_uuid": "8d314b55-288b-4cb3-82d4-29606c37351d"}]}' _http_log_request /usr/lib/python2.7/site-packages/keystoneauth1/session.py:375
2018-06-27 00:36:08.685 8372 DEBUG neutron.api.rpc.handlers.l3_rpc [req-f4a219b1-4de9-498c-9c16-c2a28e9b35ea - - - - -] New status for floating IP f9de83ba-f359-4df9-9ba6-444b60699da0: ACTIVE update_floatingip_statuses /usr/lib/python2.7/site-packages/neutron/api/rpc/handlers/l3_rpc.py:252
2018-06-27 00:36:09.350 8355 DEBUG neutron.wsgi [-] (8355) accepted ('10.0.20.22', 34914) server /usr/lib/python2.7/site-packages/eventlet/wsgi.py:883
2018-06-27 00:36:09.809 8356 INFO neutron.wsgi [req-cada024e-fa4e-4732-8657-6bead8e82a16 8d51c6595f7b4b648f3775454a985b0c e3731f8202904eebb3e6658e91a6b0b5 - default default] 10.0.20.22 "GET /v2.0/ports?tenant_id=7e2105236e774bbea58d93eb79a0aedb&device_id=8d314b55-288b-4cb3-82d4-29606c37351d HTTP/1.1" status: 200  len: 1124 time: 1.1248770
2018-06-27 00:36:10.200 8356 DEBUG neutron.pecan_wsgi.hooks.policy_enforcement [req-7409bf01-671b-43f1-8048-fd5044f5861e 8d51c6595f7b4b648f3775454a985b0c e3731f8202904eebb3e6658e91a6b0b5 - default default] Attributes excluded by policy engine: [u'vlan_transparent'] _exclude_attributes_by_policy /usr/lib/python2.7/site-packages/neutron/pecan_wsgi/hooks/policy_enforcement.py:256
2018-06-27 00:36:10.203 8356 INFO neutron.wsgi [req-7409bf01-671b-43f1-8048-fd5044f5861e 8d51c6595f7b4b648f3775454a985b0c e3731f8202904eebb3e6658e91a6b0b5 - default default] 10.0.20.22 "GET /v2.0/networks?id=36499677-91df-49af-94aa-a9d7d1cb9c51 HTTP/1.1" status: 200  len: 885 time: 0.3888972
2018-06-27 00:36:10.327 8356 INFO neutron.wsgi [req-e72edd8e-c899-4986-a9d8-b39ce27c4dfa 8d51c6595f7b4b648f3775454a985b0c e3731f8202904eebb3e6658e91a6b0b5 - default default] 10.0.20.22 "GET /v2.0/floatingips?fixed_ip_address=11.200.1.8&port_id=1389f12e-fe8a-489d-8fd2-f1ec049e6f91 HTTP/1.1" status: 200  len: 751 time: 0.1134851
2018-06-27 00:36:10.437 8355 INFO neutron.wsgi [req-d278bd81-32eb-4061-8626-e8140b350ffe 8d51c6595f7b4b648f3775454a985b0c e3731f8202904eebb3e6658e91a6b0b5 - default default] 10.0.20.22 "GET /v2.0/ports?device_id=8d314b55-288b-4cb3-82d4-29606c37351d HTTP/1.1" status: 200  len: 1124 time: 1.0837579
2018-06-27 00:36:10.553 8356 DEBUG neutron.pecan_wsgi.hooks.policy_enforcement [req-53d05264-af8b-4d74-a60f-d97ed928dae8 8d51c6595f7b4b648f3775454a985b0c e3731f8202904eebb3e6658e91a6b0b5 - default default] Attributes excluded by policy engine: [u'shared'] _exclude_attributes_by_policy /usr/lib/python2.7/site-packages/neutron/pecan_wsgi/hooks/policy_enforcement.py:256
2018-06-27 00:36:10.557 8356 INFO neutron.wsgi [req-53d05264-af8b-4d74-a60f-d97ed928dae8 8d51c6595f7b4b648f3775454a985b0c e3731f8202904eebb3e6658e91a6b0b5 - default default] 10.0.20.22 "GET /v2.0/subnets?id=7363f7ca-4e8c-4ae4-ae6d-4bc970299b94 HTTP/1.1" status: 200  len: 847 time: 0.2219369
2018-06-27 00:36:10.707 8355 INFO neutron.wsgi [req-0ebeeb4d-2c16-4830-b89d-681b8c263ab1 8d51c6595f7b4b648f3775454a985b0c e3731f8202904eebb3e6658e91a6b0b5 - default default] 10.0.20.22 "GET /v2.0/security-groups?id=decec42c-501f-4484-9917-fd8bb162cf45 HTTP/1.1" status: 200  len: 2118 time: 0.1868432
2018-06-27 00:36:10.729 8356 INFO neutron.wsgi [req-691313bb-a604-4bd4-895d-ac09979d9c3c 8d51c6595f7b4b648f3775454a985b0c e3731f8202904eebb3e6658e91a6b0b5 - default default] 10.0.20.22 "GET /v2.0/ports?network_id=36499677-91df-49af-94aa-a9d7d1cb9c51&device_owner=network%3Adhcp HTTP/1.1" status: 200  len: 1128 time: 0.1622951
2018-06-27 00:36:11.153 8360 DEBUG neutron.wsgi [-] (8360) accepted ('10.0.20.22', 34926) server /usr/lib/python2.7/site-packages/eventlet/wsgi.py:883
2018-06-27 00:36:11.891 8356 DEBUG novaclient.v2.client [-] RESP: [200] Content-Length: 179 Content-Type: application/json Openstack-Api-Version: compute 2.1 X-Openstack-Nova-Api-Version: 2.1 Vary: OpenStack-API-Version, X-OpenStack-Nova-API-Version X-Openstack-Request-Id: req-943bdaa3-a67b-489a-933b-09b13a8a1697 X-Compute-Request-Id: req-943bdaa3-a67b-489a-933b-09b13a8a1697 Date: Tue, 26 Jun 2018 22:36:11 GMT Connection: keep-alive 
RESP BODY: {"events": [{"status": "completed", "tag": "1389f12e-fe8a-489d-8fd2-f1ec049e6f91", "name": "network-changed", "server_uuid": "8d314b55-288b-4cb3-82d4-29606c37351d", "code": 200}]}
 _http_log_response /usr/lib/python2.7/site-packages/keystoneauth1/session.py:423
2018-06-27 00:36:11.892 8356 DEBUG novaclient.v2.client [-] POST call to compute for http://10.0.20.22:8774/v2.1/e3731f8202904eebb3e6658e91a6b0b5/os-server-external-events used request id req-943bdaa3-a67b-489a-933b-09b13a8a1697 request /usr/lib/python2.7/site-packages/keystoneauth1/session.py:727
2018-06-27 00:36:11.901 8356 INFO neutron.notifiers.nova [-] Nova event response: {u'status': u'completed', u'tag': u'1389f12e-fe8a-489d-8fd2-f1ec049e6f91', u'name': u'network-changed', u'server_uuid': u'8d314b55-288b-4cb3-82d4-29606c37351d', u'code': 200}
2018-06-27 00:36:12.049 8360 INFO neutron.wsgi [req-8eed563d-69e4-4d08-a480-215563dcf43d d8fe1b202c50442793f2cb1692fe986e e3731f8202904eebb3e6658e91a6b0b5 - default default] 10.0.20.22 "GET /v2.0/ports?device_id=8d314b55-288b-4cb3-82d4-29606c37351d HTTP/1.1" status: 200  len: 1124 time: 0.8927021
2018-06-27 00:36:12.110 8363 INFO neutron.wsgi [req-e08f03c5-ad0c-4c0b-8ca3-58a3225d9973 8d51c6595f7b4b648f3775454a985b0c e3731f8202904eebb3e6658e91a6b0b5 - default default] 10.0.20.22 "GET /v2.0/ports?tenant_id=7e2105236e774bbea58d93eb79a0aedb&device_id=8d314b55-288b-4cb3-82d4-29606c37351d HTTP/1.1" status: 200  len: 1124 time: 0.1890929
2018-06-27 00:36:12.199 8373 DEBUG neutron_lib.callbacks.manager [req-40129326-141a-41d6-95ea-b6b89ce693ba - - - - -] Notify callbacks ['neutron.services.segments.db._update_segment_host_mapping_for_agent-8734635333426'] for agent, after_update _notify_loop /usr/lib/python2.7/site-packages/neutron_lib/callbacks/manager.py:167
2018-06-27 00:36:12.245 8360 INFO neutron.wsgi [req-b0824573-3abf-4228-a356-3c7f574cd78e d8fe1b202c50442793f2cb1692fe986e e3731f8202904eebb3e6658e91a6b0b5 - default default] 10.0.20.22 "GET /v2.0/security-groups?id=decec42c-501f-4484-9917-fd8bb162cf45 HTTP/1.1" status: 200  len: 2118 time: 0.1405900
2018-06-27 00:36:12.372 8363 DEBUG neutron.pecan_wsgi.hooks.policy_enforcement [req-848a9fed-6238-4b18-ace3-587a3d7d2354 8d51c6595f7b4b648f3775454a985b0c e3731f8202904eebb3e6658e91a6b0b5 - default default] Attributes excluded by policy engine: [u'vlan_transparent'] _exclude_attributes_by_policy /usr/lib/python2.7/site-packages/neutron/pecan_wsgi/hooks/policy_enforcement.py:256
2018-06-27 00:36:12.375 8363 INFO neutron.wsgi [req-848a9fed-6238-4b18-ace3-587a3d7d2354 8d51c6595f7b4b648f3775454a985b0c e3731f8202904eebb3e6658e91a6b0b5 - default default] 10.0.20.22 "GET /v2.0/networks?id=36499677-91df-49af-94aa-a9d7d1cb9c51 HTTP/1.1" status: 200  len: 885 time: 0.2589960
2018-06-27 00:36:12.440 8363 INFO neutron.wsgi [req-0e44e287-bd41-4f10-aa80-6b112d797a91 8d51c6595f7b4b648f3775454a985b0c e3731f8202904eebb3e6658e91a6b0b5 - default default] 10.0.20.22 "GET /v2.0/floatingips?fixed_ip_address=11.200.1.8&port_id=1389f12e-fe8a-489d-8fd2-f1ec049e6f91 HTTP/1.1" status: 200  len: 751 time: 0.0591750
2018-06-27 00:36:12.590 8363 DEBUG neutron.pecan_wsgi.hooks.policy_enforcement [req-4ed943d2-5666-45c6-9bf1-c60f7d54ecc3 8d51c6595f7b4b648f3775454a985b0c e3731f8202904eebb3e6658e91a6b0b5 - default default] Attributes excluded by policy engine: [u'shared'] _exclude_attributes_by_policy /usr/lib/python2.7/site-packages/neutron/pecan_wsgi/hooks/policy_enforcement.py:256
2018-06-27 00:36:12.596 8363 INFO neutron.wsgi [req-4ed943d2-5666-45c6-9bf1-c60f7d54ecc3 8d51c6595f7b4b648f3775454a985b0c e3731f8202904eebb3e6658e91a6b0b5 - default default] 10.0.20.22 "GET /v2.0/subnets?id=7363f7ca-4e8c-4ae4-ae6d-4bc970299b94 HTTP/1.1" status: 200  len: 847 time: 0.1478810
2018-06-27 00:36:12.791 8363 INFO neutron.wsgi [req-069f8840-d7c1-45ff-ace8-bf21f5849cd5 8d51c6595f7b4b648f3775454a985b0c e3731f8202904eebb3e6658e91a6b0b5 - default default] 10.0.20.22 "GET /v2.0/ports?network_id=36499677-91df-49af-94aa-a9d7d1cb9c51&device_owner=network%3Adhcp HTTP/1.1" status: 200  len: 1128 time: 0.1883819
2018-06-27 00:36:13.230 8355 DEBUG neutron.wsgi [-] (8355) accepted ('10.0.20.22', 34962) server /usr/lib/python2.7/site-packages/eventlet/wsgi.py:883
2018-06-27 00:36:13.844 8355 INFO neutron.wsgi [req-aee86c23-0289-421d-9d44-4508339f97e2 8d51c6595f7b4b648f3775454a985b0c e3731f8202904eebb3e6658e91a6b0b5 - default default] 10.0.20.22 "GET /v2.0/ports?device_id=8d314b55-288b-4cb3-82d4-29606c37351d HTTP/1.1" status: 200  len: 1124 time: 0.6120420
2018-06-27 00:36:13.902 8356 DEBUG oslo_concurrency.lockutils [-] Lock "notifier-923569c4-7215-4531-b52f-499ec26036d8" released by "neutron.notifiers.batch_notifier.synced_send" :: held 6.862s inner /usr/lib/python2.7/site-packages/oslo_concurrency/lockutils.py:282
2018-06-27 00:36:13.980 8355 INFO neutron.wsgi [req-89cf529e-451b-4e86-8021-c9717d2061a1 8d51c6595f7b4b648f3775454a985b0c e3731f8202904eebb3e6658e91a6b0b5 - default default] 10.0.20.22 "GET /v2.0/security-groups?id=decec42c-501f-4484-9917-fd8bb162cf45 HTTP/1.1" status: 200  len: 2118 time: 0.1064129
2018-06-27 00:36:16.318 8367 DEBUG neutron_lib.callbacks.manager [req-55ef9a95-ee9d-41bb-b255-ad999a1a1978 - - - - -] Notify callbacks ['neutron.services.segments.db._update_segment_host_mapping_for_agent-8734635333426'] for agent, after_update _notify_loop /usr/lib/python2.7/site-packages/neutron_lib/callbacks/manager.py:167
2018-06-27 00:36:16.813 8363 DEBUG neutron.wsgi [-] (8363) accepted ('10.0.20.22', 34984) server /usr/lib/python2.7/site-packages/eventlet/wsgi.py:883
2018-06-27 00:36:17.431 8363 INFO neutron.wsgi [req-c049832f-889d-48ce-a4e4-ad793ee0575e 8d51c6595f7b4b648f3775454a985b0c e3731f8202904eebb3e6658e91a6b0b5 - default default] 10.0.20.22 "GET /v2.0/ports?device_id=8d314b55-288b-4cb3-82d4-29606c37351d HTTP/1.1" status: 200  len: 1124 time: 0.6163111
2018-06-27 00:36:17.608 8363 INFO neutron.wsgi [req-48f3eb2d-5364-4d22-b1cd-b865fbe9104e 8d51c6595f7b4b648f3775454a985b0c e3731f8202904eebb3e6658e91a6b0b5 - default default] 10.0.20.22 "GET /v2.0/security-groups?id=decec42c-501f-4484-9917-fd8bb162cf45 HTTP/1.1" status: 200  len: 2118 time: 0.1192229
2018-06-27 00:36:20.488 8363 DEBUG neutron.wsgi [-] (8363) accepted ('10.0.20.22', 35014) server /usr/lib/python2.7/site-packages/eventlet/wsgi.py:883
2018-06-27 00:36:21.117 8363 INFO neutron.wsgi [req-b780fb33-bf94-46dd-b068-bc3f98cb67fb 8d51c6595f7b4b648f3775454a985b0c e3731f8202904eebb3e6658e91a6b0b5 - default default] 10.0.20.22 "GET /v2.0/ports?device_id=8d314b55-288b-4cb3-82d4-29606c37351d HTTP/1.1" status: 200  len: 1124 time: 0.6272948
2018-06-27 00:36:21.307 8363 INFO neutron.wsgi [req-5f542eea-c08c-413f-a06b-316561e384c7 8d51c6595f7b4b648f3775454a985b0c e3731f8202904eebb3e6658e91a6b0b5 - default default] 10.0.20.22 "GET /v2.0/security-groups?id=decec42c-501f-4484-9917-fd8bb162cf45 HTTP/1.1" status: 200  len: 2118 time: 0.1220632
2018-06-27 00:36:22.109 8360 INFO neutron.wsgi [req-8c593bf2-5275-4515-87b9-33572cc1faee a17d9180b6c74b32b823ab3709bdd460 7e2105236e774bbea58d93eb79a0aedb - ea8f113dcbc84958b380d176b98f8887 ea8f113dcbc84958b380d176b98f8887] 10.0.20.22 "GET /v2.0/ports?device_id=8d314b55-288b-4cb3-82d4-29606c37351d HTTP/1.1" status: 200  len: 1124 time: 0.4116251
2018-06-27 00:36:22.213 8360 INFO neutron.wsgi [req-f1cfa719-e4c3-45c3-8900-adcf9b402536 a17d9180b6c74b32b823ab3709bdd460 7e2105236e774bbea58d93eb79a0aedb - ea8f113dcbc84958b380d176b98f8887 ea8f113dcbc84958b380d176b98f8887] 10.0.20.22 "GET /v2.0/security-groups?id=decec42c-501f-4484-9917-fd8bb162cf45 HTTP/1.1" status: 200  len: 2118 time: 0.0971940
2018-06-27 00:36:23.701 8360 INFO neutron.wsgi [req-86c19933-a5a8-4307-8d94-d81876333d30 8d51c6595f7b4b648f3775454a985b0c e3731f8202904eebb3e6658e91a6b0b5 - default default] 10.0.20.22 "GET /v2.0/ports?device_id=8d314b55-288b-4cb3-82d4-29606c37351d HTTP/1.1" status: 200  len: 1124 time: 0.1215072
2018-06-27 00:36:23.843 8360 INFO neutron.wsgi [req-a98aaa80-d9b1-4c0d-a281-12b1f6f30925 8d51c6595f7b4b648f3775454a985b0c e3731f8202904eebb3e6658e91a6b0b5 - default default] 10.0.20.22 "GET /v2.0/security-groups?id=decec42c-501f-4484-9917-fd8bb162cf45 HTTP/1.1" status: 200  len: 2118 time: 0.1350319
2018-06-27 00:36:34.492 8363 INFO neutron.wsgi [req-a8345596-186f-4315-b995-ad04d48f4483 8d51c6595f7b4b648f3775454a985b0c e3731f8202904eebb3e6658e91a6b0b5 - default default] 10.0.20.22 "GET /v2.0/ports?tenant_id=7e2105236e774bbea58d93eb79a0aedb&device_id=8d314b55-288b-4cb3-82d4-29606c37351d HTTP/1.1" status: 200  len: 1124 time: 0.1298130
2018-06-27 00:36:35.009 8363 DEBUG neutron.pecan_wsgi.hooks.policy_enforcement [req-43c27c6b-8229-4657-a3c6-2edca45dd914 8d51c6595f7b4b648f3775454a985b0c e3731f8202904eebb3e6658e91a6b0b5 - default default] Attributes excluded by policy engine: [u'vlan_transparent'] _exclude_attributes_by_policy /usr/lib/python2.7/site-packages/neutron/pecan_wsgi/hooks/policy_enforcement.py:256
2018-06-27 00:36:35.012 8363 INFO neutron.wsgi [req-43c27c6b-8229-4657-a3c6-2edca45dd914 8d51c6595f7b4b648f3775454a985b0c e3731f8202904eebb3e6658e91a6b0b5 - default default] 10.0.20.22 "GET /v2.0/networks?id=36499677-91df-49af-94aa-a9d7d1cb9c51 HTTP/1.1" status: 200  len: 885 time: 0.5115819
2018-06-27 00:36:35.072 8363 INFO neutron.wsgi [req-504bb2d9-1b24-4436-9fa9-dddb6aa05d9c 8d51c6595f7b4b648f3775454a985b0c e3731f8202904eebb3e6658e91a6b0b5 - default default] 10.0.20.22 "GET /v2.0/floatingips?fixed_ip_address=11.200.1.8&port_id=1389f12e-fe8a-489d-8fd2-f1ec049e6f91 HTTP/1.1" status: 200  len: 751 time: 0.0529940
2018-06-27 00:36:35.223 8363 DEBUG neutron.pecan_wsgi.hooks.policy_enforcement [req-2a42d3b9-e228-4e21-992d-e931da073001 8d51c6595f7b4b648f3775454a985b0c e3731f8202904eebb3e6658e91a6b0b5 - default default] Attributes excluded by policy engine: [u'shared'] _exclude_attributes_by_policy /usr/lib/python2.7/site-packages/neutron/pecan_wsgi/hooks/policy_enforcement.py:256
2018-06-27 00:36:35.226 8363 INFO neutron.wsgi [req-2a42d3b9-e228-4e21-992d-e931da073001 8d51c6595f7b4b648f3775454a985b0c e3731f8202904eebb3e6658e91a6b0b5 - default default] 10.0.20.22 "GET /v2.0/subnets?id=7363f7ca-4e8c-4ae4-ae6d-4bc970299b94 HTTP/1.1" status: 200  len: 847 time: 0.1480110
2018-06-27 00:36:35.360 8363 INFO neutron.wsgi [req-a5820c7b-e709-446c-8e82-f9e0fb009670 8d51c6595f7b4b648f3775454a985b0c e3731f8202904eebb3e6658e91a6b0b5 - default default] 10.0.20.22 "GET /v2.0/ports?network_id=36499677-91df-49af-94aa-a9d7d1cb9c51&device_owner=network%3Adhcp HTTP/1.1" status: 200  len: 1128 time: 0.1230562
2018-06-27 00:36:37.786 8371 DEBUG neutron_lib.callbacks.manager [req-f4208524-a0b9-4d01-951c-5a1088de7260 - - - - -] Notify callbacks ['neutron.services.segments.db._update_segment_host_mapping_for_agent-8734635333426'] for agent, after_update _notify_loop /usr/lib/python2.7/site-packages/neutron_lib/callbacks/manager.py:167
2018-06-27 00:36:37.796 8377 DEBUG neutron_lib.callbacks.manager [req-c4ed8890-db0e-46d6-8f3f-5f3d1e558f4f - - - - -] Notify callbacks ['neutron.services.segments.db._update_segment_host_mapping_for_agent-8734635333426'] for agent, after_update _notify_loop /usr/lib/python2.7/site-packages/neutron_lib/callbacks/manager.py:167
2018-06-27 00:36:37.948 8370 DEBUG neutron_lib.callbacks.manager [req-195e34da-ee1e-497f-a965-e17ecce9aea9 - - - - -] Notify callbacks ['neutron.services.segments.db._update_segment_host_mapping_for_agent-8734635333426'] for agent, after_update _notify_loop /usr/lib/python2.7/site-packages/neutron_lib/callbacks/manager.py:167
2018-06-27 00:36:42.105 8379 DEBUG neutron.db.agents_db [req-c96e005a-cb0a-4b16-90e6-1b5d3e782067 - - - - -] Agent healthcheck: found 5 active agents agent_health_check /usr/lib/python2.7/site-packages/neutron/db/agents_db.py:281
2018-06-27 00:36:42.202 8369 DEBUG neutron_lib.callbacks.manager [req-59830de3-49dd-449e-ab1c-8f651befb684 - - - - -] Notify callbacks ['neutron.services.segments.db._update_segment_host_mapping_for_agent-8734635333426'] for agent, after_update _notify_loop /usr/lib/python2.7/site-packages/neutron_lib/callbacks/manager.py:167
2018-06-27 00:36:44.859 8361 DEBUG neutron.wsgi [-] (8361) accepted ('10.0.20.22', 35674) server /usr/lib/python2.7/site-packages/eventlet/wsgi.py:883
2018-06-27 00:36:45.367 8361 WARNING keystonemiddleware.auth_token [-] A valid token was submitted as a service token, but it was not a valid service token. This is incorrect but backwards compatible behaviour. This will be removed in future releases.
2018-06-27 00:36:46.095 8361 INFO neutron.wsgi [req-57f98867-2c92-45c4-aedd-3a78111e9515 a17d9180b6c74b32b823ab3709bdd460 7e2105236e774bbea58d93eb79a0aedb - ea8f113dcbc84958b380d176b98f8887 ea8f113dcbc84958b380d176b98f8887] 10.0.20.22 "GET /v2.0/ports?device_id=8d314b55-288b-4cb3-82d4-29606c37351d HTTP/1.1" status: 200  len: 1124 time: 1.2307720
2018-06-27 00:36:46.369 8372 DEBUG neutron_lib.callbacks.manager [req-55ef9a95-ee9d-41bb-b255-ad999a1a1978 - - - - -] Notify callbacks ['neutron.services.segments.db._update_segment_host_mapping_for_agent-8734635333426'] for agent, after_update _notify_loop /usr/lib/python2.7/site-packages/neutron_lib/callbacks/manager.py:167
2018-06-27 00:36:46.401 8361 INFO neutron.wsgi [req-278744f4-3fc8-43b9-86ed-a6fe4d6f425e a17d9180b6c74b32b823ab3709bdd460 7e2105236e774bbea58d93eb79a0aedb - ea8f113dcbc84958b380d176b98f8887 ea8f113dcbc84958b380d176b98f8887] 10.0.20.22 "GET /v2.0/security-groups?id=decec42c-501f-4484-9917-fd8bb162cf45 HTTP/1.1" status: 200  len: 2118 time: 0.2505322
2018-06-27 00:37:00.150 8361 INFO neutron.wsgi [req-f4ab01a5-2a13-487e-a600-3c96d1ca47b3 a17d9180b6c74b32b823ab3709bdd460 7e2105236e774bbea58d93eb79a0aedb - ea8f113dcbc84958b380d176b98f8887 ea8f113dcbc84958b380d176b98f8887] 10.0.20.22 "GET /v2.0/ports?device_id=8d314b55-288b-4cb3-82d4-29606c37351d HTTP/1.1" status: 200  len: 1124 time: 0.5665419
2018-06-27 00:37:00.259 8361 INFO neutron.wsgi [req-b4f0fc0e-4529-4672-9a4c-3395f0b92fc4 a17d9180b6c74b32b823ab3709bdd460 7e2105236e774bbea58d93eb79a0aedb - ea8f113dcbc84958b380d176b98f8887 ea8f113dcbc84958b380d176b98f8887] 10.0.20.22 "GET /v2.0/security-groups?id=decec42c-501f-4484-9917-fd8bb162cf45 HTTP/1.1" status: 200  len: 2118 time: 0.1036310
2018-06-27 00:37:07.805 8376 DEBUG neutron_lib.callbacks.manager [req-04fa5075-4f03-44f4-9387-127c4bfbcf01 - - - - -] Notify callbacks ['neutron.services.segments.db._update_segment_host_mapping_for_agent-8734635333426'] for agent, after_update _notify_loop /usr/lib/python2.7/site-packages/neutron_lib/callbacks/manager.py:167
2018-06-27 00:37:07.829 8375 DEBUG neutron_lib.callbacks.manager [req-f4208524-a0b9-4d01-951c-5a1088de7260 - - - - -] Notify callbacks ['neutron.services.segments.db._update_segment_host_mapping_for_agent-8734635333426'] for agent, after_update _notify_loop /usr/lib/python2.7/site-packages/neutron_lib/callbacks/manager.py:167
2018-06-27 00:37:07.947 8373 DEBUG neutron_lib.callbacks.manager [req-195e34da-ee1e-497f-a965-e17ecce9aea9 - - - - -] Notify callbacks ['neutron.services.segments.db._update_segment_host_mapping_for_agent-8734635333426'] for agent, after_update _notify_loop /usr/lib/python2.7/site-packages/neutron_lib/callbacks/manager.py:167
2018-06-27 00:37:12.185 8367 DEBUG neutron_lib.callbacks.manager [req-11a7d56b-6266-4960-8e98-0316ddd39a60 - - - - -] Notify callbacks ['neutron.services.segments.db._update_segment_host_mapping_for_agent-8734635333426'] for agent, after_update _notify_loop /usr/lib/python2.7/site-packages/neutron_lib/callbacks/manager.py:167
2018-06-27 00:37:13.197 8361 INFO neutron.wsgi [req-9d1af049-93d1-4e6b-b132-518372a4d1ae a17d9180b6c74b32b823ab3709bdd460 7e2105236e774bbea58d93eb79a0aedb - ea8f113dcbc84958b380d176b98f8887 ea8f113dcbc84958b380d176b98f8887] 10.0.20.22 "GET /v2.0/ports?device_id=8d314b55-288b-4cb3-82d4-29606c37351d HTTP/1.1" status: 200  len: 1124 time: 0.5187471
2018-06-27 00:37:13.336 8361 INFO neutron.wsgi [req-ecf58da1-8e97-404a-8e28-054a55ea99d5 a17d9180b6c74b32b823ab3709bdd460 7e2105236e774bbea58d93eb79a0aedb - ea8f113dcbc84958b380d176b98f8887 ea8f113dcbc84958b380d176b98f8887] 10.0.20.22 "GET /v2.0/security-groups?id=decec42c-501f-4484-9917-fd8bb162cf45 HTTP/1.1" status: 200  len: 2118 time: 0.1316090
2018-06-27 00:37:16.309 8377 DEBUG neutron_lib.callbacks.manager [req-55ef9a95-ee9d-41bb-b255-ad999a1a1978 - - - - -] Notify callbacks ['neutron.services.segments.db._update_segment_host_mapping_for_agent-8734635333426'] for agent, after_update _notify_loop /usr/lib/python2.7/site-packages/neutron_lib/callbacks/manager.py:167
2018-06-27 00:37:19.086 8379 DEBUG neutron.db.agents_db [req-c96e005a-cb0a-4b16-90e6-1b5d3e782067 - - - - -] Agent healthcheck: found 5 active agents agent_health_check /usr/lib/python2.7/site-packages/neutron/db/agents_db.py:281
2018-06-27 00:37:21.234 8360 INFO neutron.wsgi [req-55166c63-5781-41ce-952a-9703201360b6 a17d9180b6c74b32b823ab3709bdd460 7e2105236e774bbea58d93eb79a0aedb - ea8f113dcbc84958b380d176b98f8887 ea8f113dcbc84958b380d176b98f8887] 10.0.20.22 "GET /v2.0/ports?device_id=8d314b55-288b-4cb3-82d4-29606c37351d HTTP/1.1" status: 200  len: 1124 time: 0.3826978
2018-06-27 00:37:21.353 8360 INFO neutron.wsgi [req-0d5d7ebc-4efd-47cb-a0bb-49da7af47e45 a17d9180b6c74b32b823ab3709bdd460 7e2105236e774bbea58d93eb79a0aedb - ea8f113dcbc84958b380d176b98f8887 ea8f113dcbc84958b380d176b98f8887] 10.0.20.22 "GET /v2.0/security-groups?id=decec42c-501f-4484-9917-fd8bb162cf45 HTTP/1.1" status: 200  len: 2118 time: 0.1125300
2018-06-27 00:37:34.281 8360 INFO neutron.wsgi [req-e8fb8302-c5d3-4f23-ad30-1628c2f42b4d a17d9180b6c74b32b823ab3709bdd460 7e2105236e774bbea58d93eb79a0aedb - ea8f113dcbc84958b380d176b98f8887 ea8f113dcbc84958b380d176b98f8887] 10.0.20.22 "GET /v2.0/ports?device_id=8d314b55-288b-4cb3-82d4-29606c37351d HTTP/1.1" status: 200  len: 1124 time: 1.0331869
2018-06-27 00:37:34.492 8360 INFO neutron.wsgi [req-5bb054b2-4610-496d-9d72-b6bc788c9166 a17d9180b6c74b32b823ab3709bdd460 7e2105236e774bbea58d93eb79a0aedb - ea8f113dcbc84958b380d176b98f8887 ea8f113dcbc84958b380d176b98f8887] 10.0.20.22 "GET /v2.0/security-groups?id=decec42c-501f-4484-9917-fd8bb162cf45 HTTP/1.1" status: 200  len: 2118 time: 0.2015710
2018-06-27 00:37:34.567 8363 INFO neutron.wsgi [req-3a7b89e9-1644-45d9-8f8a-11f65f2c52b1 8d51c6595f7b4b648f3775454a985b0c e3731f8202904eebb3e6658e91a6b0b5 - default default] 10.0.20.22 "GET /v2.0/ports?tenant_id=688c18a1c85f4751b329806136ced2ee&device_id=06deffa3-c274-4da5-a3ab-17f1d4e0a067 HTTP/1.1" status: 200  len: 1124 time: 1.0286078
2018-06-27 00:37:34.833 8363 DEBUG neutron.pecan_wsgi.hooks.policy_enforcement [req-c9f93d97-b275-4c7c-bc45-b818db5f2958 8d51c6595f7b4b648f3775454a985b0c e3731f8202904eebb3e6658e91a6b0b5 - default default] Attributes excluded by policy engine: [u'vlan_transparent'] _exclude_attributes_by_policy /usr/lib/python2.7/site-packages/neutron/pecan_wsgi/hooks/policy_enforcement.py:256
2018-06-27 00:37:34.835 8363 INFO neutron.wsgi [req-c9f93d97-b275-4c7c-bc45-b818db5f2958 8d51c6595f7b4b648f3775454a985b0c e3731f8202904eebb3e6658e91a6b0b5 - default default] 10.0.20.22 "GET /v2.0/networks?id=2ce34dd7-df32-4a77-980f-3c1215fa4847 HTTP/1.1" status: 200  len: 888 time: 0.2565510
2018-06-27 00:37:34.887 8363 INFO neutron.wsgi [req-3507b8f4-71b9-43e9-ac3c-f80811a333af 8d51c6595f7b4b648f3775454a985b0c e3731f8202904eebb3e6658e91a6b0b5 - default default] 10.0.20.22 "GET /v2.0/floatingips?fixed_ip_address=172.24.4.3&port_id=34ae3945-8340-4ff1-9d1f-d0bdb80875f3 HTTP/1.1" status: 200  len: 217 time: 0.0450740
2018-06-27 00:37:35.044 8363 DEBUG neutron.pecan_wsgi.hooks.policy_enforcement [req-a69f8cad-0fca-43a4-b6e4-a8b88b367e17 8d51c6595f7b4b648f3775454a985b0c e3731f8202904eebb3e6658e91a6b0b5 - default default] Attributes excluded by policy engine: [u'shared'] _exclude_attributes_by_policy /usr/lib/python2.7/site-packages/neutron/pecan_wsgi/hooks/policy_enforcement.py:256
2018-06-27 00:37:35.047 8363 INFO neutron.wsgi [req-a69f8cad-0fca-43a4-b6e4-a8b88b367e17 8d51c6595f7b4b648f3775454a985b0c e3731f8202904eebb3e6658e91a6b0b5 - default default] 10.0.20.22 "GET /v2.0/subnets?id=482aeca8-a24a-4c41-a222-a086cb79ba31 HTTP/1.1" status: 200  len: 819 time: 0.1507149
2018-06-27 00:37:35.138 8363 INFO neutron.wsgi [req-0ec40459-a772-4c6f-a87e-a094b9ad5e8f 8d51c6595f7b4b648f3775454a985b0c e3731f8202904eebb3e6658e91a6b0b5 - default default] 10.0.20.22 "GET /v2.0/ports?network_id=2ce34dd7-df32-4a77-980f-3c1215fa4847&device_owner=network%3Adhcp HTTP/1.1" status: 200  len: 210 time: 0.0834532
2018-06-27 00:37:37.778 8371 DEBUG neutron_lib.callbacks.manager [req-f4208524-a0b9-4d01-951c-5a1088de7260 - - - - -] Notify callbacks ['neutron.services.segments.db._update_segment_host_mapping_for_agent-8734635333426'] for agent, after_update _notify_loop /usr/lib/python2.7/site-packages/neutron_lib/callbacks/manager.py:167
2018-06-27 00:37:37.781 8370 DEBUG neutron_lib.callbacks.manager [req-b533a610-2600-47b1-bf5b-4b25b22dfa56 - - - - -] Notify callbacks ['neutron.services.segments.db._update_segment_host_mapping_for_agent-8734635333426'] for agent, after_update _notify_loop /usr/lib/python2.7/site-packages/neutron_lib/callbacks/manager.py:167
2018-06-27 00:37:37.932 8369 DEBUG neutron_lib.callbacks.manager [req-195e34da-ee1e-497f-a965-e17ecce9aea9 - - - - -] Notify callbacks ['neutron.services.segments.db._update_segment_host_mapping_for_agent-8734635333426'] for agent, after_update _notify_loop /usr/lib/python2.7/site-packages/neutron_lib/callbacks/manager.py:167
2018-06-27 00:37:42.192 8372 DEBUG neutron_lib.callbacks.manager [req-b82a9f5c-0e77-4e59-b4c6-a9645a8e82f1 - - - - -] Notify callbacks ['neutron.services.segments.db._update_segment_host_mapping_for_agent-8734635333426'] for agent, after_update _notify_loop /usr/lib/python2.7/site-packages/neutron_lib/callbacks/manager.py:167
2018-06-27 00:37:46.109 8360 INFO neutron.wsgi [req-2ee85bfe-74d4-4801-bd96-7d1071ba5adc a17d9180b6c74b32b823ab3709bdd460 7e2105236e774bbea58d93eb79a0aedb - ea8f113dcbc84958b380d176b98f8887 ea8f113dcbc84958b380d176b98f8887] 10.0.20.22 "GET /v2.0/ports?device_id=8d314b55-288b-4cb3-82d4-29606c37351d HTTP/1.1" status: 200  len: 1124 time: 0.5599458
2018-06-27 00:37:46.239 8360 INFO neutron.wsgi [req-cdfbf8b5-a24b-49fc-b7e9-434569c46148 a17d9180b6c74b32b823ab3709bdd460 7e2105236e774bbea58d93eb79a0aedb - ea8f113dcbc84958b380d176b98f8887 ea8f113dcbc84958b380d176b98f8887] 10.0.20.22 "GET /v2.0/security-groups?id=decec42c-501f-4484-9917-fd8bb162cf45 HTTP/1.1" status: 200  len: 2118 time: 0.1209972
2018-06-27 00:37:46.323 8376 DEBUG neutron_lib.callbacks.manager [req-55ef9a95-ee9d-41bb-b255-ad999a1a1978 - - - - -] Notify callbacks ['neutron.services.segments.db._update_segment_host_mapping_for_agent-8734635333426'] for agent, after_update _notify_loop /usr/lib/python2.7/site-packages/neutron_lib/callbacks/manager.py:167
2018-06-27 00:37:56.088 8379 DEBUG neutron.db.agents_db [req-c96e005a-cb0a-4b16-90e6-1b5d3e782067 - - - - -] Agent healthcheck: found 5 active agents agent_health_check /usr/lib/python2.7/site-packages/neutron/db/agents_db.py:281
2018-06-27 00:38:01.094 8360 INFO neutron.wsgi [req-265dd561-eddc-4c10-96a7-5e77137b4a45 a17d9180b6c74b32b823ab3709bdd460 7e2105236e774bbea58d93eb79a0aedb - ea8f113dcbc84958b380d176b98f8887 ea8f113dcbc84958b380d176b98f8887] 10.0.20.22 "GET /v2.0/ports?device_id=8d314b55-288b-4cb3-82d4-29606c37351d HTTP/1.1" status: 200  len: 1124 time: 0.5315888
2018-06-27 00:38:01.220 8360 INFO neutron.wsgi [req-be11ef81-e8c6-431f-87d0-3c59fcf6349f a17d9180b6c74b32b823ab3709bdd460 7e2105236e774bbea58d93eb79a0aedb - ea8f113dcbc84958b380d176b98f8887 ea8f113dcbc84958b380d176b98f8887] 10.0.20.22 "GET /v2.0/security-groups?id=decec42c-501f-4484-9917-fd8bb162cf45 HTTP/1.1" status: 200  len: 2118 time: 0.1203151
2018-06-27 00:38:07.787 8375 DEBUG neutron_lib.callbacks.manager [req-f4208524-a0b9-4d01-951c-5a1088de7260 - - - - -] Notify callbacks ['neutron.services.segments.db._update_segment_host_mapping_for_agent-8734635333426'] for agent, after_update _notify_loop /usr/lib/python2.7/site-packages/neutron_lib/callbacks/manager.py:167
2018-06-27 00:38:07.792 8373 DEBUG neutron_lib.callbacks.manager [req-9bd51224-6149-4c36-ab59-880a98bbf50d - - - - -] Notify callbacks ['neutron.services.segments.db._update_segment_host_mapping_for_agent-8734635333426'] for agent, after_update _notify_loop /usr/lib/python2.7/site-packages/neutron_lib/callbacks/manager.py:167
2018-06-27 00:38:07.937 8367 DEBUG neutron_lib.callbacks.manager [req-195e34da-ee1e-497f-a965-e17ecce9aea9 - - - - -] Notify callbacks ['neutron.services.segments.db._update_segment_host_mapping_for_agent-8734635333426'] for agent, after_update _notify_loop /usr/lib/python2.7/site-packages/neutron_lib/callbacks/manager.py:167
2018-06-27 00:38:12.170 8377 DEBUG neutron_lib.callbacks.manager [req-72692981-de8d-4db4-9c9a-3d88a4c480c1 - - - - -] Notify callbacks ['neutron.services.segments.db._update_segment_host_mapping_for_agent-8734635333426'] for agent, after_update _notify_loop /usr/lib/python2.7/site-packages/neutron_lib/callbacks/manager.py:167
2018-06-27 00:38:13.510 8360 INFO neutron.wsgi [req-9c397dca-2032-4729-8925-7f3c02a5dc8f a17d9180b6c74b32b823ab3709bdd460 7e2105236e774bbea58d93eb79a0aedb - ea8f113dcbc84958b380d176b98f8887 ea8f113dcbc84958b380d176b98f8887] 10.0.20.22 "GET /v2.0/ports?device_id=8d314b55-288b-4cb3-82d4-29606c37351d HTTP/1.1" status: 200  len: 1124 time: 0.5660031
2018-06-27 00:38:13.638 8360 INFO neutron.wsgi [req-a9445866-410e-4f74-96f9-c6e34393f036 a17d9180b6c74b32b823ab3709bdd460 7e2105236e774bbea58d93eb79a0aedb - ea8f113dcbc84958b380d176b98f8887 ea8f113dcbc84958b380d176b98f8887] 10.0.20.22 "GET /v2.0/security-groups?id=decec42c-501f-4484-9917-fd8bb162cf45 HTTP/1.1" status: 200  len: 2118 time: 0.1201689
2018-06-27 00:38:14.674 8363 INFO neutron.wsgi [req-aae262a2-b92c-42db-8b7c-33787ff8bbb9 8d51c6595f7b4b648f3775454a985b0c e3731f8202904eebb3e6658e91a6b0b5 - default default] 10.0.20.22 "GET /v2.0/ports?tenant_id=7e2105236e774bbea58d93eb79a0aedb&device_id=8d314b55-288b-4cb3-82d4-29606c37351d HTTP/1.1" status: 200  len: 1124 time: 0.1629910
2018-06-27 00:38:14.943 8363 DEBUG neutron.pecan_wsgi.hooks.policy_enforcement [req-53c1c86b-916f-48a7-b5d2-d25156143a91 8d51c6595f7b4b648f3775454a985b0c e3731f8202904eebb3e6658e91a6b0b5 - default default] Attributes excluded by policy engine: [u'vlan_transparent'] _exclude_attributes_by_policy /usr/lib/python2.7/site-packages/neutron/pecan_wsgi/hooks/policy_enforcement.py:256
2018-06-27 00:38:14.946 8363 INFO neutron.wsgi [req-53c1c86b-916f-48a7-b5d2-d25156143a91 8d51c6595f7b4b648f3775454a985b0c e3731f8202904eebb3e6658e91a6b0b5 - default default] 10.0.20.22 "GET /v2.0/networks?id=36499677-91df-49af-94aa-a9d7d1cb9c51 HTTP/1.1" status: 200  len: 885 time: 0.2665989
2018-06-27 00:38:15.011 8363 INFO neutron.wsgi [req-2f65754e-fab1-40ca-9018-87d11943e96c 8d51c6595f7b4b648f3775454a985b0c e3731f8202904eebb3e6658e91a6b0b5 - default default] 10.0.20.22 "GET /v2.0/floatingips?fixed_ip_address=11.200.1.8&port_id=1389f12e-fe8a-489d-8fd2-f1ec049e6f91 HTTP/1.1" status: 200  len: 751 time: 0.0531600
2018-06-27 00:38:15.155 8363 DEBUG neutron.pecan_wsgi.hooks.policy_enforcement [req-0283dd07-5f4e-4254-80e4-f83381c83ff5 8d51c6595f7b4b648f3775454a985b0c e3731f8202904eebb3e6658e91a6b0b5 - default default] Attributes excluded by policy engine: [u'shared'] _exclude_attributes_by_policy /usr/lib/python2.7/site-packages/neutron/pecan_wsgi/hooks/policy_enforcement.py:256
2018-06-27 00:38:15.157 8363 INFO neutron.wsgi [req-0283dd07-5f4e-4254-80e4-f83381c83ff5 8d51c6595f7b4b648f3775454a985b0c e3731f8202904eebb3e6658e91a6b0b5 - default default] 10.0.20.22 "GET /v2.0/subnets?id=7363f7ca-4e8c-4ae4-ae6d-4bc970299b94 HTTP/1.1" status: 200  len: 847 time: 0.1402080
2018-06-27 00:38:15.319 8363 INFO neutron.wsgi [req-c28cd3fb-6ff5-4564-bd98-fbb9af63b16a 8d51c6595f7b4b648f3775454a985b0c e3731f8202904eebb3e6658e91a6b0b5 - default default] 10.0.20.22 "GET /v2.0/ports?network_id=36499677-91df-49af-94aa-a9d7d1cb9c51&device_owner=network%3Adhcp HTTP/1.1" status: 200  len: 1128 time: 0.1525722
2018-06-27 00:38:16.372 8371 DEBUG neutron_lib.callbacks.manager [req-55ef9a95-ee9d-41bb-b255-ad999a1a1978 - - - - -] Notify callbacks ['neutron.services.segments.db._update_segment_host_mapping_for_agent-8734635333426'] for agent, after_update _notify_loop /usr/lib/python2.7/site-packages/neutron_lib/callbacks/manager.py:167
2018-06-27 00:38:18.702 8373 DEBUG neutron.plugins.ml2.rpc [req-55ef9a95-ee9d-41bb-b255-ad999a1a1978 - - - - -] Device 1389f12e-fe8a-489d-8fd2-f1ec049e6f91 no longer exists at agent ovs-agent-localhost.localdomain update_device_down /usr/lib/python2.7/site-packages/neutron/plugins/ml2/rpc.py:213
2018-06-27 00:38:18.897 8373 DEBUG neutron_lib.callbacks.manager [req-55ef9a95-ee9d-41bb-b255-ad999a1a1978 - - - - -] Notify callbacks ['neutron.plugins.ml2.plugin.Ml2Plugin._ensure_default_security_group_handler--9223372036850888088'] for port, before_update _notify_loop /usr/lib/python2.7/site-packages/neutron_lib/callbacks/manager.py:167
2018-06-27 00:38:19.042 8373 DEBUG oslo_concurrency.lockutils [-] Lock "notifier-923569c4-7215-4531-b52f-499ec26036d8" acquired by "neutron.notifiers.batch_notifier.synced_send" :: waited 0.000s inner /usr/lib/python2.7/site-packages/oslo_concurrency/lockutils.py:270
2018-06-27 00:38:19.043 8373 DEBUG neutron.notifiers.nova [-] Sending events: [{'status': 'completed', 'tag': u'1389f12e-fe8a-489d-8fd2-f1ec049e6f91', 'name': 'network-vif-unplugged', 'server_uuid': u'8d314b55-288b-4cb3-82d4-29606c37351d'}] send_events /usr/lib/python2.7/site-packages/neutron/notifiers/nova.py:242
2018-06-27 00:38:19.080 8373 DEBUG neutron.plugins.ml2.db [req-55ef9a95-ee9d-41bb-b255-ad999a1a1978 - - - - -] For port 1389f12e-fe8a-489d-8fd2-f1ec049e6f91, host localhost.localdomain, got binding levels [<neutron.plugins.ml2.models.PortBindingLevel[object at 7f1b0c7310d0] {port_id=u'1389f12e-fe8a-489d-8fd2-f1ec049e6f91', host=u'localhost.localdomain', level=0, driver=u'openvswitch', segment_id=u'5a180536-b779-4e16-b936-b897822ac879'}>] get_binding_levels /usr/lib/python2.7/site-packages/neutron/plugins/ml2/db.py:106
2018-06-27 00:38:19.092 8373 DEBUG neutron_lib.callbacks.manager [req-55ef9a95-ee9d-41bb-b255-ad999a1a1978 - - - - -] Notify callbacks ['neutron.db.l3_hascheduler_db._notify_l3_agent_ha_port_update--9223363302219804645', 'neutron.plugins.ml2.plugin.Ml2Plugin.notify_sg_on_port_change-3887829', 'neutron.db.l3_dvrscheduler_db._notify_l3_agent_port_update-8734634970568', 'neutron.plugins.ml2.ovo_rpc._ObjectChangeHandler.handle_event-638754', 'neutron.api.rpc.agentnotifiers.dhcp_rpc_agent_api.DhcpAgentNotifyAPI._native_event_send_dhcp_notification-776467'] for port, after_update _notify_loop /usr/lib/python2.7/site-packages/neutron_lib/callbacks/manager.py:167
2018-06-27 00:38:19.516 8373 DEBUG oslo_concurrency.lockutils [-] Lock "event-dispatch" acquired by "neutron.plugins.ml2.ovo_rpc.dispatch_events" :: waited 0.000s inner /usr/lib/python2.7/site-packages/oslo_concurrency/lockutils.py:270
2018-06-27 00:38:19.649 8373 DEBUG neutron.api.rpc.handlers.resources_rpc [req-55ef9a95-ee9d-41bb-b255-ad999a1a1978 - - - - -] neutron.api.rpc.handlers.resources_rpc.ResourcesPushRpcApi method push called with arguments (<neutron_lib.context.Context object at 0x7f1b0c66f9d0>, [Port(admin_state_up=True,allowed_address_pairs=[],binding=PortBinding,binding_levels=[PortBindingLevel],created_at=2018-06-26T22:35:18Z,data_plane_status=<?>,description='',device_id='8d314b55-288b-4cb3-82d4-29606c37351d',device_owner='compute:nova',dhcp_options=[],distributed_binding=None,dns=None,fixed_ips=[IPAllocation],id=1389f12e-fe8a-489d-8fd2-f1ec049e6f91,mac_address=fa:16:3e:4c:36:64,name='',network_id=36499677-91df-49af-94aa-a9d7d1cb9c51,project_id='7e2105236e774bbea58d93eb79a0aedb',qos_policy_id=None,revision_number=7,security=PortSecurity(1389f12e-fe8a-489d-8fd2-f1ec049e6f91),security_group_ids=set([decec42c-501f-4484-9917-fd8bb162cf45]),status='DOWN',updated_at=2018-06-26T22:38:18Z)], 'updated') {} wrapper /usr/lib/python2.7/site-packages/oslo_log/helpers.py:66
2018-06-27 00:38:19.666 8373 DEBUG neutron.api.rpc.callbacks.version_manager [req-55ef9a95-ee9d-41bb-b255-ad999a1a1978 - - - - -] Version for resource type Subnet changed None to 1.0 on consumer Open vSwitch agent@localhost.localdomain _set_version /usr/lib/python2.7/site-packages/neutron/api/rpc/callbacks/version_manager.py:119
2018-06-27 00:38:19.667 8373 DEBUG neutron.api.rpc.callbacks.version_manager [req-55ef9a95-ee9d-41bb-b255-ad999a1a1978 - - - - -] Version for resource type Network changed None to 1.0 on consumer Open vSwitch agent@localhost.localdomain _set_version /usr/lib/python2.7/site-packages/neutron/api/rpc/callbacks/version_manager.py:119
2018-06-27 00:38:19.668 8373 DEBUG neutron.api.rpc.callbacks.version_manager [req-55ef9a95-ee9d-41bb-b255-ad999a1a1978 - - - - -] Version for resource type SubPort changed None to 1.0 on consumer Open vSwitch agent@localhost.localdomain _set_version /usr/lib/python2.7/site-packages/neutron/api/rpc/callbacks/version_manager.py:119
2018-06-27 00:38:19.669 8373 DEBUG neutron.api.rpc.callbacks.version_manager [req-55ef9a95-ee9d-41bb-b255-ad999a1a1978 - - - - -] Version for resource type SecurityGroup changed None to 1.0 on consumer Open vSwitch agent@localhost.localdomain _set_version /usr/lib/python2.7/site-packages/neutron/api/rpc/callbacks/version_manager.py:119
2018-06-27 00:38:19.669 8373 DEBUG neutron.api.rpc.callbacks.version_manager [req-55ef9a95-ee9d-41bb-b255-ad999a1a1978 - - - - -] Version for resource type SecurityGroupRule changed None to 1.0 on consumer Open vSwitch agent@localhost.localdomain _set_version /usr/lib/python2.7/site-packages/neutron/api/rpc/callbacks/version_manager.py:119
2018-06-27 00:38:19.670 8373 DEBUG neutron.api.rpc.callbacks.version_manager [req-55ef9a95-ee9d-41bb-b255-ad999a1a1978 - - - - -] Version for resource type Trunk changed None to 1.1 on consumer Open vSwitch agent@localhost.localdomain _set_version /usr/lib/python2.7/site-packages/neutron/api/rpc/callbacks/version_manager.py:119
2018-06-27 00:38:19.671 8373 DEBUG neutron.api.rpc.callbacks.version_manager [req-55ef9a95-ee9d-41bb-b255-ad999a1a1978 - - - - -] Version for resource type QosPolicy changed None to 1.6 on consumer Open vSwitch agent@localhost.localdomain _set_version /usr/lib/python2.7/site-packages/neutron/api/rpc/callbacks/version_manager.py:119
2018-06-27 00:38:19.671 8373 DEBUG neutron.api.rpc.callbacks.version_manager [req-55ef9a95-ee9d-41bb-b255-ad999a1a1978 - - - - -] Version for resource type Port changed None to 1.1 on consumer Open vSwitch agent@localhost.localdomain _set_version /usr/lib/python2.7/site-packages/neutron/api/rpc/callbacks/version_manager.py:119
2018-06-27 00:38:19.672 8373 DEBUG neutron.api.rpc.callbacks.version_manager [req-55ef9a95-ee9d-41bb-b255-ad999a1a1978 - - - - -] Version for resource type Log changed None to 1.0 on consumer Open vSwitch agent@localhost.localdomain _set_version /usr/lib/python2.7/site-packages/neutron/api/rpc/callbacks/version_manager.py:119
2018-06-27 00:38:19.675 8373 DEBUG neutron.api.rpc.callbacks.version_manager [req-55ef9a95-ee9d-41bb-b255-ad999a1a1978 - - - - -] Tracked resource versions report:
pushed versions:
{   'Log': set(['1.0']),
    'Network': set(['1.0']),
    'Port': set(['1.1']),
    'QosPolicy': set(['1.6']),
    'SecurityGroup': set(['1.0']),
    'SecurityGroupRule': set(['1.0']),
    'SubPort': set(['1.0']),
    'Subnet': set(['1.0']),
    'Trunk': set(['1.1'])}

consumer versions:
{   DHCP agent@localhost.localdomain: {   },
    L3 agent@localhost.localdomain: {   },
    Metadata agent@localhost.localdomain: {   },
    Metering agent@localhost.localdomain: {   },
    Open vSwitch agent@localhost.localdomain: {   u'Log': u'1.0',
                                                  u'Network': u'1.0',
                                                  u'Port': u'1.1',
                                                  u'QosPolicy': u'1.6',
                                                  u'SecurityGroup': u'1.0',
                                                  u'SecurityGroupRule': u'1.0',
                                                  u'SubPort': u'1.0',
                                                  u'Subnet': u'1.0',
                                                  u'Trunk': u'1.1'}}
 report /usr/lib/python2.7/site-packages/neutron/api/rpc/callbacks/version_manager.py:178
2018-06-27 00:38:19.697 8373 DEBUG oslo_concurrency.lockutils [req-55ef9a95-ee9d-41bb-b255-ad999a1a1978 - - - - -] Lock "event-dispatch" released by "neutron.plugins.ml2.ovo_rpc.dispatch_events" :: held 0.181s inner /usr/lib/python2.7/site-packages/oslo_concurrency/lockutils.py:282
2018-06-27 00:38:20.348 8373 DEBUG novaclient.v2.client [-] REQ: curl -g -i -X POST http://10.0.20.22:8774/v2.1/e3731f8202904eebb3e6658e91a6b0b5/os-server-external-events -H "User-Agent: python-novaclient" -H "Content-Type: application/json" -H "Accept: application/json" -H "X-OpenStack-Nova-API-Version: 2.1" -H "X-Auth-Token: {SHA1}284890d9f6d6712e446ee39c76449234370a9192" -d '{"events": [{"status": "completed", "tag": "1389f12e-fe8a-489d-8fd2-f1ec049e6f91", "name": "network-vif-unplugged", "server_uuid": "8d314b55-288b-4cb3-82d4-29606c37351d"}]}' _http_log_request /usr/lib/python2.7/site-packages/keystoneauth1/session.py:375
2018-06-27 00:38:21.412 8373 DEBUG novaclient.v2.client [-] RESP: [200] Content-Length: 185 Content-Type: application/json Openstack-Api-Version: compute 2.1 X-Openstack-Nova-Api-Version: 2.1 Vary: OpenStack-API-Version, X-OpenStack-Nova-API-Version X-Openstack-Request-Id: req-85dc11b8-8ee5-4a95-96db-deabe7421bf7 X-Compute-Request-Id: req-85dc11b8-8ee5-4a95-96db-deabe7421bf7 Date: Tue, 26 Jun 2018 22:38:21 GMT Connection: keep-alive 
RESP BODY: {"events": [{"status": "completed", "tag": "1389f12e-fe8a-489d-8fd2-f1ec049e6f91", "name": "network-vif-unplugged", "server_uuid": "8d314b55-288b-4cb3-82d4-29606c37351d", "code": 200}]}
 _http_log_response /usr/lib/python2.7/site-packages/keystoneauth1/session.py:423
2018-06-27 00:38:21.415 8373 DEBUG novaclient.v2.client [-] POST call to compute for http://10.0.20.22:8774/v2.1/e3731f8202904eebb3e6658e91a6b0b5/os-server-external-events used request id req-85dc11b8-8ee5-4a95-96db-deabe7421bf7 request /usr/lib/python2.7/site-packages/keystoneauth1/session.py:727
2018-06-27 00:38:21.421 8373 INFO neutron.notifiers.nova [-] Nova event response: {u'status': u'completed', u'tag': u'1389f12e-fe8a-489d-8fd2-f1ec049e6f91', u'name': u'network-vif-unplugged', u'server_uuid': u'8d314b55-288b-4cb3-82d4-29606c37351d', u'code': 200}
2018-06-27 00:38:21.929 8360 INFO neutron.wsgi [req-38f0486a-3462-429e-9ab5-d1a064fc64f4 a17d9180b6c74b32b823ab3709bdd460 7e2105236e774bbea58d93eb79a0aedb - ea8f113dcbc84958b380d176b98f8887 ea8f113dcbc84958b380d176b98f8887] 10.0.20.22 "GET /v2.0/ports?device_id=8d314b55-288b-4cb3-82d4-29606c37351d HTTP/1.1" status: 200  len: 1122 time: 0.5325010
2018-06-27 00:38:22.058 8360 INFO neutron.wsgi [req-68988382-df00-42e1-8244-411006482b84 a17d9180b6c74b32b823ab3709bdd460 7e2105236e774bbea58d93eb79a0aedb - ea8f113dcbc84958b380d176b98f8887 ea8f113dcbc84958b380d176b98f8887] 10.0.20.22 "GET /v2.0/security-groups?id=decec42c-501f-4484-9917-fd8bb162cf45 HTTP/1.1" status: 200  len: 2118 time: 0.1233771
2018-06-27 00:38:23.421 8373 DEBUG oslo_concurrency.lockutils [-] Lock "notifier-923569c4-7215-4531-b52f-499ec26036d8" released by "neutron.notifiers.batch_notifier.synced_send" :: held 4.380s inner /usr/lib/python2.7/site-packages/oslo_concurrency/lockutils.py:282
2018-06-27 00:38:30.704 8361 DEBUG neutron.wsgi [-] (8361) accepted ('10.0.20.22', 37818) server /usr/lib/python2.7/site-packages/eventlet/wsgi.py:883
2018-06-27 00:38:31.696 8361 INFO neutron.wsgi [req-11c99186-1953-4780-8a96-e76f26207073 a17d9180b6c74b32b823ab3709bdd460 7e2105236e774bbea58d93eb79a0aedb - ea8f113dcbc84958b380d176b98f8887 ea8f113dcbc84958b380d176b98f8887] 10.0.20.22 "GET /v2.0/ports?device_id=8d314b55-288b-4cb3-82d4-29606c37351d HTTP/1.1" status: 200  len: 1122 time: 0.9892890
2018-06-27 00:38:31.859 8361 INFO neutron.wsgi [req-160ce66f-5d3a-4c9f-89c6-7ad5a466af26 a17d9180b6c74b32b823ab3709bdd460 7e2105236e774bbea58d93eb79a0aedb - ea8f113dcbc84958b380d176b98f8887 ea8f113dcbc84958b380d176b98f8887] 10.0.20.22 "GET /v2.0/security-groups?id=decec42c-501f-4484-9917-fd8bb162cf45 HTTP/1.1" status: 200  len: 2118 time: 0.1203399
2018-06-27 00:38:33.119 8379 DEBUG neutron.db.agents_db [req-c96e005a-cb0a-4b16-90e6-1b5d3e782067 - - - - -] Agent healthcheck: found 5 active agents agent_health_check /usr/lib/python2.7/site-packages/neutron/db/agents_db.py:281
