2018-09-28 18:19:14.961 6093 DEBUG nova.api.openstack.wsgi [req-65bf822a-510a-4361-9cc1-0d6cfb355184 85ce3f2b89a0447896de15a5fd4d586b e6839c621ef44b85bd9067dfa15b247f - 3787aec53a9c4e63a0576839ed38726b 3787aec53a9c4e63a0576839ed38726b] Calling method '<bound method ServersController.show of <nova.api.openstack.compute.servers.ServersController object at 0x7f09ddc1b9d0>>' _process_stack /usr/lib/python2.7/site-packages/nova/api/openstack/wsgi.py:612
2018-09-28 18:19:14.962 6093 DEBUG nova.compute.api [req-65bf822a-510a-4361-9cc1-0d6cfb355184 85ce3f2b89a0447896de15a5fd4d586b e6839c621ef44b85bd9067dfa15b247f - 3787aec53a9c4e63a0576839ed38726b 3787aec53a9c4e63a0576839ed38726b] [instance: 5e400364-ac51-492e-8ec7-aa5c9272612e] Fetching instance by UUID get /usr/lib/python2.7/site-packages/nova/compute/api.py:2324
2018-09-28 18:19:15.581 6103 DEBUG nova.api.openstack.wsgi [req-3a5d6528-6dfd-406c-89d9-42ab89b21239 26dec8243f6c4398bc7dd6ef297ca5bc 007b5c587a144e49a50c9008f27cd2bd - default default] Action: 'create', calling method: <bound method ServerExternalEventsController.create of <nova.api.openstack.compute.server_external_events.ServerExternalEventsController object at 0x7f09ddecb810>>, body: {"events": [{"status": "completed", "tag": "c0100295-b72f-4c66-b582-3b1a4149a3da", "name": "network-vif-plugged", "server_uuid": "5e400364-ac51-492e-8ec7-aa5c9272612e"}]} _process_stack /usr/lib/python2.7/site-packages/nova/api/openstack/wsgi.py:609
2018-09-28 18:19:15.604 6103 DEBUG oslo_concurrency.lockutils [req-3a5d6528-6dfd-406c-89d9-42ab89b21239 26dec8243f6c4398bc7dd6ef297ca5bc 007b5c587a144e49a50c9008f27cd2bd - default default] Lock "67252e7f-1b17-4ebb-bf9b-a60e066d5ace" acquired by "nova.context.get_or_set_cached_cell_and_set_connections" :: waited 0.000s inner /usr/lib/python2.7/site-packages/oslo_concurrency/lockutils.py:270
2018-09-28 18:19:15.607 6103 DEBUG oslo_concurrency.lockutils [req-3a5d6528-6dfd-406c-89d9-42ab89b21239 26dec8243f6c4398bc7dd6ef297ca5bc 007b5c587a144e49a50c9008f27cd2bd - default default] Lock "67252e7f-1b17-4ebb-bf9b-a60e066d5ace" released by "nova.context.get_or_set_cached_cell_and_set_connections" :: held 0.003s inner /usr/lib/python2.7/site-packages/oslo_concurrency/lockutils.py:282
2018-09-28 18:19:15.634 6093 DEBUG oslo_concurrency.lockutils [req-65bf822a-510a-4361-9cc1-0d6cfb355184 85ce3f2b89a0447896de15a5fd4d586b e6839c621ef44b85bd9067dfa15b247f - 3787aec53a9c4e63a0576839ed38726b 3787aec53a9c4e63a0576839ed38726b] Lock "67252e7f-1b17-4ebb-bf9b-a60e066d5ace" acquired by "nova.context.get_or_set_cached_cell_and_set_connections" :: waited 0.000s inner /usr/lib/python2.7/site-packages/oslo_concurrency/lockutils.py:270
2018-09-28 18:19:15.635 6093 DEBUG oslo_concurrency.lockutils [req-65bf822a-510a-4361-9cc1-0d6cfb355184 85ce3f2b89a0447896de15a5fd4d586b e6839c621ef44b85bd9067dfa15b247f - 3787aec53a9c4e63a0576839ed38726b 3787aec53a9c4e63a0576839ed38726b] Lock "67252e7f-1b17-4ebb-bf9b-a60e066d5ace" released by "nova.context.get_or_set_cached_cell_and_set_connections" :: held 0.001s inner /usr/lib/python2.7/site-packages/oslo_concurrency/lockutils.py:282
2018-09-28 18:19:15.641 6103 INFO nova.api.openstack.compute.server_external_events [req-3a5d6528-6dfd-406c-89d9-42ab89b21239 26dec8243f6c4398bc7dd6ef297ca5bc 007b5c587a144e49a50c9008f27cd2bd - default default] Creating event network-vif-plugged:c0100295-b72f-4c66-b582-3b1a4149a3da for instance 5e400364-ac51-492e-8ec7-aa5c9272612e on localhost.localdomain
2018-09-28 18:19:15.662 6103 INFO nova.osapi_compute.wsgi.server [req-3a5d6528-6dfd-406c-89d9-42ab89b21239 26dec8243f6c4398bc7dd6ef297ca5bc 007b5c587a144e49a50c9008f27cd2bd - default default] 10.0.20.22 "POST /v2.1/007b5c587a144e49a50c9008f27cd2bd/os-server-external-events HTTP/1.1" status: 200 len: 582 time: 0.7508829
2018-09-28 18:19:15.815 6093 DEBUG nova.objects.instance [req-65bf822a-510a-4361-9cc1-0d6cfb355184 85ce3f2b89a0447896de15a5fd4d586b e6839c621ef44b85bd9067dfa15b247f - 3787aec53a9c4e63a0576839ed38726b 3787aec53a9c4e63a0576839ed38726b] Lazy-loading 'services' on Instance uuid 5e400364-ac51-492e-8ec7-aa5c9272612e obj_load_attr /usr/lib/python2.7/site-packages/nova/objects/instance.py:1049
2018-09-28 18:19:15.939 6093 DEBUG nova.policy [req-65bf822a-510a-4361-9cc1-0d6cfb355184 85ce3f2b89a0447896de15a5fd4d586b e6839c621ef44b85bd9067dfa15b247f - 3787aec53a9c4e63a0576839ed38726b 3787aec53a9c4e63a0576839ed38726b] Policy check for os_compute_api:os-hide-server-addresses failed with credentials {'service_roles': [], 'user_id': u'85ce3f2b89a0447896de15a5fd4d586b', 'roles': [u'admin'], 'user_domain_id': u'3787aec53a9c4e63a0576839ed38726b', 'service_project_id': None, 'service_user_id': None, 'service_user_domain_id': None, 'service_project_domain_id': None, 'is_admin_project': True, 'is_admin': True, 'project_id': u'e6839c621ef44b85bd9067dfa15b247f', 'project_domain_id': u'3787aec53a9c4e63a0576839ed38726b'} authorize /usr/lib/python2.7/site-packages/nova/policy.py:168
2018-09-28 18:19:17.753 6093 INFO nova.osapi_compute.wsgi.server [req-65bf822a-510a-4361-9cc1-0d6cfb355184 85ce3f2b89a0447896de15a5fd4d586b e6839c621ef44b85bd9067dfa15b247f - 3787aec53a9c4e63a0576839ed38726b 3787aec53a9c4e63a0576839ed38726b] 10.0.20.22 "GET /v2.1/e6839c621ef44b85bd9067dfa15b247f/servers/5e400364-ac51-492e-8ec7-aa5c9272612e HTTP/1.1" status: 200 len: 2582 time: 2.7971239
2018-09-28 18:19:26.589 6107 DEBUG nova.osapi_compute.wsgi.server [req-3e0f5658-667e-4e2d-b848-c91d79dfd8cf f875a10b07be43c197ef478066dc3a8e 007b5c587a144e49a50c9008f27cd2bd - default default] (6107) accepted ('10.0.20.22', 45516) server /usr/lib/python2.7/site-packages/eventlet/wsgi.py:883
2018-09-28 18:19:26.967 6107 INFO nova.osapi_compute.wsgi.server [req-569353d3-744e-40d4-b5fb-ebd63fdb1d3d 85ce3f2b89a0447896de15a5fd4d586b e6839c621ef44b85bd9067dfa15b247f - 3787aec53a9c4e63a0576839ed38726b 3787aec53a9c4e63a0576839ed38726b] 10.0.20.22 "GET /v2.1/e6839c621ef44b85bd9067dfa15b247f HTTP/1.1" status: 404 len: 382 time: 0.3757489
2018-09-28 18:19:26.982 6107 DEBUG nova.api.openstack.wsgi [req-fa6eca2c-b860-4dd6-b707-a45aa7404886 85ce3f2b89a0447896de15a5fd4d586b e6839c621ef44b85bd9067dfa15b247f - 3787aec53a9c4e63a0576839ed38726b 3787aec53a9c4e63a0576839ed38726b] Calling method '<bound method VersionsController.show of <nova.api.openstack.compute.versionsV21.VersionsController object at 0x7f09de0f94d0>>' _process_stack /usr/lib/python2.7/site-packages/nova/api/openstack/wsgi.py:612
2018-09-28 18:19:26.984 6107 INFO nova.osapi_compute.wsgi.server [req-fa6eca2c-b860-4dd6-b707-a45aa7404886 85ce3f2b89a0447896de15a5fd4d586b e6839c621ef44b85bd9067dfa15b247f - 3787aec53a9c4e63a0576839ed38726b 3787aec53a9c4e63a0576839ed38726b] 10.0.20.22 "GET /v2.1/ HTTP/1.1" status: 200 len: 783 time: 0.0081289
2018-09-28 18:19:27.246 6107 DEBUG nova.api.openstack.wsgi [req-1bb6d9e7-659b-4a9a-ae88-8662ac995467 85ce3f2b89a0447896de15a5fd4d586b e6839c621ef44b85bd9067dfa15b247f - 3787aec53a9c4e63a0576839ed38726b 3787aec53a9c4e63a0576839ed38726b] Calling method '<bound method ServersController.index of <nova.api.openstack.compute.servers.ServersController object at 0x7f09ddd43550>>' _process_stack /usr/lib/python2.7/site-packages/nova/api/openstack/wsgi.py:612
2018-09-28 18:19:27.248 6107 DEBUG nova.compute.api [req-1bb6d9e7-659b-4a9a-ae88-8662ac995467 85ce3f2b89a0447896de15a5fd4d586b e6839c621ef44b85bd9067dfa15b247f - 3787aec53a9c4e63a0576839ed38726b 3787aec53a9c4e63a0576839ed38726b] Searching by: {'deleted': False, 'project_id': u'e6839c621ef44b85bd9067dfa15b247f', u'name': u'tempest-INSTANCE_SAMPLE-1538172936'} get_all /usr/lib/python2.7/site-packages/nova/compute/api.py:2356
2018-09-28 18:19:27.262 6107 DEBUG oslo_concurrency.lockutils [req-1bb6d9e7-659b-4a9a-ae88-8662ac995467 85ce3f2b89a0447896de15a5fd4d586b e6839c621ef44b85bd9067dfa15b247f - 3787aec53a9c4e63a0576839ed38726b 3787aec53a9c4e63a0576839ed38726b] Lock "00000000-0000-0000-0000-000000000000" acquired by "nova.context.get_or_set_cached_cell_and_set_connections" :: waited 0.000s inner /usr/lib/python2.7/site-packages/oslo_concurrency/lockutils.py:270
2018-09-28 18:19:27.263 6107 DEBUG oslo_concurrency.lockutils [req-1bb6d9e7-659b-4a9a-ae88-8662ac995467 85ce3f2b89a0447896de15a5fd4d586b e6839c621ef44b85bd9067dfa15b247f - 3787aec53a9c4e63a0576839ed38726b 3787aec53a9c4e63a0576839ed38726b] Lock "00000000-0000-0000-0000-000000000000" released by "nova.context.get_or_set_cached_cell_and_set_connections" :: held 0.001s inner /usr/lib/python2.7/site-packages/oslo_concurrency/lockutils.py:282
2018-09-28 18:19:27.336 6107 DEBUG nova.compute.api [req-1bb6d9e7-659b-4a9a-ae88-8662ac995467 85ce3f2b89a0447896de15a5fd4d586b e6839c621ef44b85bd9067dfa15b247f - 3787aec53a9c4e63a0576839ed38726b 3787aec53a9c4e63a0576839ed38726b] Skipping already-collected cell0 list _get_instances_by_filters_all_cells /usr/lib/python2.7/site-packages/nova/compute/api.py:2556
2018-09-28 18:19:27.337 6107 DEBUG nova.compute.api [req-1bb6d9e7-659b-4a9a-ae88-8662ac995467 85ce3f2b89a0447896de15a5fd4d586b e6839c621ef44b85bd9067dfa15b247f - 3787aec53a9c4e63a0576839ed38726b 3787aec53a9c4e63a0576839ed38726b] Listing 1000 instances in cell 67252e7f-1b17-4ebb-bf9b-a60e066d5ace(default) _get_instances_by_filters_all_cells /usr/lib/python2.7/site-packages/nova/compute/api.py:2559
2018-09-28 18:19:27.338 6107 DEBUG oslo_concurrency.lockutils [req-1bb6d9e7-659b-4a9a-ae88-8662ac995467 85ce3f2b89a0447896de15a5fd4d586b e6839c621ef44b85bd9067dfa15b247f - 3787aec53a9c4e63a0576839ed38726b 3787aec53a9c4e63a0576839ed38726b] Lock "67252e7f-1b17-4ebb-bf9b-a60e066d5ace" acquired by "nova.context.get_or_set_cached_cell_and_set_connections" :: waited 0.000s inner /usr/lib/python2.7/site-packages/oslo_concurrency/lockutils.py:270
2018-09-28 18:19:27.339 6107 DEBUG oslo_concurrency.lockutils [req-1bb6d9e7-659b-4a9a-ae88-8662ac995467 85ce3f2b89a0447896de15a5fd4d586b e6839c621ef44b85bd9067dfa15b247f - 3787aec53a9c4e63a0576839ed38726b 3787aec53a9c4e63a0576839ed38726b] Lock "67252e7f-1b17-4ebb-bf9b-a60e066d5ace" released by "nova.context.get_or_set_cached_cell_and_set_connections" :: held 0.001s inner /usr/lib/python2.7/site-packages/oslo_concurrency/lockutils.py:282
2018-09-28 18:19:27.423 6107 INFO nova.osapi_compute.wsgi.server [req-1bb6d9e7-659b-4a9a-ae88-8662ac995467 85ce3f2b89a0447896de15a5fd4d586b e6839c621ef44b85bd9067dfa15b247f - 3787aec53a9c4e63a0576839ed38726b 3787aec53a9c4e63a0576839ed38726b] 10.0.20.22 "GET /v2.1/e6839c621ef44b85bd9067dfa15b247f/servers?name=tempest-INSTANCE_SAMPLE-1538172936 HTTP/1.1" status: 200 len: 786 time: 0.1820290
2018-09-28 18:19:27.445 6107 DEBUG nova.api.openstack.wsgi [req-b2bed928-9c8d-4b19-8d7e-70eb2fda2c82 85ce3f2b89a0447896de15a5fd4d586b e6839c621ef44b85bd9067dfa15b247f - 3787aec53a9c4e63a0576839ed38726b 3787aec53a9c4e63a0576839ed38726b] Calling method '<bound method ServersController.show of <nova.api.openstack.compute.servers.ServersController object at 0x7f09ddc1b9d0>>' _process_stack /usr/lib/python2.7/site-packages/nova/api/openstack/wsgi.py:612
2018-09-28 18:19:27.447 6107 DEBUG nova.compute.api [req-b2bed928-9c8d-4b19-8d7e-70eb2fda2c82 85ce3f2b89a0447896de15a5fd4d586b e6839c621ef44b85bd9067dfa15b247f - 3787aec53a9c4e63a0576839ed38726b 3787aec53a9c4e63a0576839ed38726b] [instance: 5e400364-ac51-492e-8ec7-aa5c9272612e] Fetching instance by UUID get /usr/lib/python2.7/site-packages/nova/compute/api.py:2324
2018-09-28 18:19:27.458 6107 DEBUG oslo_concurrency.lockutils [req-b2bed928-9c8d-4b19-8d7e-70eb2fda2c82 85ce3f2b89a0447896de15a5fd4d586b e6839c621ef44b85bd9067dfa15b247f - 3787aec53a9c4e63a0576839ed38726b 3787aec53a9c4e63a0576839ed38726b] Lock "67252e7f-1b17-4ebb-bf9b-a60e066d5ace" acquired by "nova.context.get_or_set_cached_cell_and_set_connections" :: waited 0.000s inner /usr/lib/python2.7/site-packages/oslo_concurrency/lockutils.py:270
2018-09-28 18:19:27.459 6107 DEBUG oslo_concurrency.lockutils [req-b2bed928-9c8d-4b19-8d7e-70eb2fda2c82 85ce3f2b89a0447896de15a5fd4d586b e6839c621ef44b85bd9067dfa15b247f - 3787aec53a9c4e63a0576839ed38726b 3787aec53a9c4e63a0576839ed38726b] Lock "67252e7f-1b17-4ebb-bf9b-a60e066d5ace" released by "nova.context.get_or_set_cached_cell_and_set_connections" :: held 0.001s inner /usr/lib/python2.7/site-packages/oslo_concurrency/lockutils.py:282
2018-09-28 18:19:27.571 6107 DEBUG nova.objects.instance [req-b2bed928-9c8d-4b19-8d7e-70eb2fda2c82 85ce3f2b89a0447896de15a5fd4d586b e6839c621ef44b85bd9067dfa15b247f - 3787aec53a9c4e63a0576839ed38726b 3787aec53a9c4e63a0576839ed38726b] Lazy-loading 'services' on Instance uuid 5e400364-ac51-492e-8ec7-aa5c9272612e obj_load_attr /usr/lib/python2.7/site-packages/nova/objects/instance.py:1049
2018-09-28 18:19:27.666 6107 DEBUG nova.policy [req-b2bed928-9c8d-4b19-8d7e-70eb2fda2c82 85ce3f2b89a0447896de15a5fd4d586b e6839c621ef44b85bd9067dfa15b247f - 3787aec53a9c4e63a0576839ed38726b 3787aec53a9c4e63a0576839ed38726b] Policy check for os_compute_api:os-hide-server-addresses failed with credentials {'service_roles': [], 'user_id': u'85ce3f2b89a0447896de15a5fd4d586b', 'roles': [u'admin'], 'user_domain_id': u'3787aec53a9c4e63a0576839ed38726b', 'service_project_id': None, 'service_user_id': None, 'service_user_domain_id': None, 'service_project_domain_id': None, 'is_admin_project': True, 'is_admin': True, 'project_id': u'e6839c621ef44b85bd9067dfa15b247f', 'project_domain_id': u'3787aec53a9c4e63a0576839ed38726b'} authorize /usr/lib/python2.7/site-packages/nova/policy.py:168
2018-09-28 18:19:28.320 6107 INFO nova.osapi_compute.wsgi.server [req-b2bed928-9c8d-4b19-8d7e-70eb2fda2c82 85ce3f2b89a0447896de15a5fd4d586b e6839c621ef44b85bd9067dfa15b247f - 3787aec53a9c4e63a0576839ed38726b 3787aec53a9c4e63a0576839ed38726b] 10.0.20.22 "GET /v2.1/e6839c621ef44b85bd9067dfa15b247f/servers/5e400364-ac51-492e-8ec7-aa5c9272612e HTTP/1.1" status: 200 len: 2599 time: 0.8822410
2018-09-28 18:19:43.110 6132 DEBUG nova.metadata.wsgi.server [req-a24d5084-c65d-47ef-950c-394555782c2a - - - - -] (6132) accepted ('10.0.20.22', 43850) server /usr/lib/python2.7/site-packages/eventlet/wsgi.py:883
2018-09-28 18:19:43.178 6132 DEBUG oslo_db.sqlalchemy.engines [req-a24d5084-c65d-47ef-950c-394555782c2a - - - - -] MySQL server mode set to STRICT_TRANS_TABLES,STRICT_ALL_TABLES,NO_ZERO_IN_DATE,NO_ZERO_DATE,ERROR_FOR_DIVISION_BY_ZERO,TRADITIONAL,NO_AUTO_CREATE_USER,NO_ENGINE_SUBSTITUTION _check_effective_sql_mode /usr/lib/python2.7/site-packages/oslo_db/sqlalchemy/engines.py:285
2018-09-28 18:19:43.233 6132 DEBUG oslo_concurrency.lockutils [req-57eee0b8-c862-45e7-9777-50a19fa42336 - - - - -] Lock "67252e7f-1b17-4ebb-bf9b-a60e066d5ace" acquired by "nova.context.get_or_set_cached_cell_and_set_connections" :: waited 0.000s inner /usr/lib/python2.7/site-packages/oslo_concurrency/lockutils.py:270
2018-09-28 18:19:43.242 6132 DEBUG oslo_concurrency.lockutils [req-57eee0b8-c862-45e7-9777-50a19fa42336 - - - - -] Lock "67252e7f-1b17-4ebb-bf9b-a60e066d5ace" released by "nova.context.get_or_set_cached_cell_and_set_connections" :: held 0.009s inner /usr/lib/python2.7/site-packages/oslo_concurrency/lockutils.py:282
2018-09-28 18:19:43.271 6132 DEBUG oslo_db.sqlalchemy.engines [req-57eee0b8-c862-45e7-9777-50a19fa42336 - - - - -] MySQL server mode set to STRICT_TRANS_TABLES,STRICT_ALL_TABLES,NO_ZERO_IN_DATE,NO_ZERO_DATE,ERROR_FOR_DIVISION_BY_ZERO,TRADITIONAL,NO_AUTO_CREATE_USER,NO_ENGINE_SUBSTITUTION _check_effective_sql_mode /usr/lib/python2.7/site-packages/oslo_db/sqlalchemy/engines.py:285
2018-09-28 18:19:46.358 6132 WARNING oslo_config.cfg [req-57eee0b8-c862-45e7-9777-50a19fa42336 - - - - -] Option "dhcp_domain" from group "DEFAULT" is deprecated for removal (
nova-network is deprecated, as are any related configuration options.
).  Its value may be silently ignored in the future.
2018-09-28 18:19:46.362 6132 INFO nova.metadata.wsgi.server [req-57eee0b8-c862-45e7-9777-50a19fa42336 - - - - -] 11.201.1.8,10.0.20.22 "GET /2009-04-04/meta-data/instance-id HTTP/1.1" status: 200 len: 127 time: 3.2376199
2018-09-28 18:19:47.120 6132 DEBUG nova.metadata.wsgi.server [req-57eee0b8-c862-45e7-9777-50a19fa42336 - - - - -] (6132) accepted ('10.0.20.22', 43888) server /usr/lib/python2.7/site-packages/eventlet/wsgi.py:883
2018-09-28 18:19:47.122 6132 DEBUG nova.api.metadata.handler [req-57eee0b8-c862-45e7-9777-50a19fa42336 - - - - -] Using cached metadata for instance 5e400364-ac51-492e-8ec7-aa5c9272612e get_metadata_by_instance_id /usr/lib/python2.7/site-packages/nova/api/metadata/handler.py:78
2018-09-28 18:19:47.124 6132 INFO nova.metadata.wsgi.server [req-57eee0b8-c862-45e7-9777-50a19fa42336 - - - - -] 11.201.1.8,10.0.20.22 "GET /2009-04-04/meta-data/public-keys HTTP/1.1" status: 200 len: 152 time: 0.0021050
2018-09-28 18:19:47.278 6121 DEBUG nova.metadata.wsgi.server [req-a24d5084-c65d-47ef-950c-394555782c2a - - - - -] (6121) accepted ('10.0.20.22', 43890) server /usr/lib/python2.7/site-packages/eventlet/wsgi.py:883
2018-09-28 18:19:47.355 6121 DEBUG oslo_db.sqlalchemy.engines [req-a24d5084-c65d-47ef-950c-394555782c2a - - - - -] MySQL server mode set to STRICT_TRANS_TABLES,STRICT_ALL_TABLES,NO_ZERO_IN_DATE,NO_ZERO_DATE,ERROR_FOR_DIVISION_BY_ZERO,TRADITIONAL,NO_AUTO_CREATE_USER,NO_ENGINE_SUBSTITUTION _check_effective_sql_mode /usr/lib/python2.7/site-packages/oslo_db/sqlalchemy/engines.py:285
2018-09-28 18:19:47.416 6121 DEBUG oslo_concurrency.lockutils [req-1772129d-fe40-4313-8aa7-bd22f3febe8c - - - - -] Lock "67252e7f-1b17-4ebb-bf9b-a60e066d5ace" acquired by "nova.context.get_or_set_cached_cell_and_set_connections" :: waited 0.000s inner /usr/lib/python2.7/site-packages/oslo_concurrency/lockutils.py:270
2018-09-28 18:19:47.425 6121 DEBUG oslo_concurrency.lockutils [req-1772129d-fe40-4313-8aa7-bd22f3febe8c - - - - -] Lock "67252e7f-1b17-4ebb-bf9b-a60e066d5ace" released by "nova.context.get_or_set_cached_cell_and_set_connections" :: held 0.009s inner /usr/lib/python2.7/site-packages/oslo_concurrency/lockutils.py:282
2018-09-28 18:19:47.440 6121 DEBUG oslo_db.sqlalchemy.engines [req-1772129d-fe40-4313-8aa7-bd22f3febe8c - - - - -] MySQL server mode set to STRICT_TRANS_TABLES,STRICT_ALL_TABLES,NO_ZERO_IN_DATE,NO_ZERO_DATE,ERROR_FOR_DIVISION_BY_ZERO,TRADITIONAL,NO_AUTO_CREATE_USER,NO_ENGINE_SUBSTITUTION _check_effective_sql_mode /usr/lib/python2.7/site-packages/oslo_db/sqlalchemy/engines.py:285
2018-09-28 18:19:49.195 6121 WARNING oslo_config.cfg [req-1772129d-fe40-4313-8aa7-bd22f3febe8c - - - - -] Option "dhcp_domain" from group "DEFAULT" is deprecated for removal (
nova-network is deprecated, as are any related configuration options.
).  Its value may be silently ignored in the future.
2018-09-28 18:19:49.197 6121 INFO nova.metadata.wsgi.server [req-1772129d-fe40-4313-8aa7-bd22f3febe8c - - - - -] 11.201.1.8,10.0.20.22 "GET /2009-04-04/meta-data/public-keys/0/openssh-key HTTP/1.1" status: 200 len: 526 time: 1.8970160
2018-09-28 18:19:49.422 6118 DEBUG nova.metadata.wsgi.server [req-a24d5084-c65d-47ef-950c-394555782c2a - - - - -] (6118) accepted ('10.0.20.22', 43900) server /usr/lib/python2.7/site-packages/eventlet/wsgi.py:883
2018-09-28 18:19:49.514 6118 DEBUG oslo_db.sqlalchemy.engines [req-a24d5084-c65d-47ef-950c-394555782c2a - - - - -] MySQL server mode set to STRICT_TRANS_TABLES,STRICT_ALL_TABLES,NO_ZERO_IN_DATE,NO_ZERO_DATE,ERROR_FOR_DIVISION_BY_ZERO,TRADITIONAL,NO_AUTO_CREATE_USER,NO_ENGINE_SUBSTITUTION _check_effective_sql_mode /usr/lib/python2.7/site-packages/oslo_db/sqlalchemy/engines.py:285
2018-09-28 18:19:49.606 6118 DEBUG oslo_concurrency.lockutils [req-55216d5b-0867-4822-9c30-3813d6b6e1f0 - - - - -] Lock "67252e7f-1b17-4ebb-bf9b-a60e066d5ace" acquired by "nova.context.get_or_set_cached_cell_and_set_connections" :: waited 0.001s inner /usr/lib/python2.7/site-packages/oslo_concurrency/lockutils.py:270
2018-09-28 18:19:49.614 6118 DEBUG oslo_concurrency.lockutils [req-55216d5b-0867-4822-9c30-3813d6b6e1f0 - - - - -] Lock "67252e7f-1b17-4ebb-bf9b-a60e066d5ace" released by "nova.context.get_or_set_cached_cell_and_set_connections" :: held 0.008s inner /usr/lib/python2.7/site-packages/oslo_concurrency/lockutils.py:282
2018-09-28 18:19:49.644 6118 DEBUG oslo_db.sqlalchemy.engines [req-55216d5b-0867-4822-9c30-3813d6b6e1f0 - - - - -] MySQL server mode set to STRICT_TRANS_TABLES,STRICT_ALL_TABLES,NO_ZERO_IN_DATE,NO_ZERO_DATE,ERROR_FOR_DIVISION_BY_ZERO,TRADITIONAL,NO_AUTO_CREATE_USER,NO_ENGINE_SUBSTITUTION _check_effective_sql_mode /usr/lib/python2.7/site-packages/oslo_db/sqlalchemy/engines.py:285
2018-09-28 18:19:51.636 6118 WARNING oslo_config.cfg [req-55216d5b-0867-4822-9c30-3813d6b6e1f0 - - - - -] Option "dhcp_domain" from group "DEFAULT" is deprecated for removal (
nova-network is deprecated, as are any related configuration options.
).  Its value may be silently ignored in the future.
2018-09-28 18:19:51.639 6118 INFO nova.metadata.wsgi.server [req-55216d5b-0867-4822-9c30-3813d6b6e1f0 - - - - -] 11.201.1.8,10.0.20.22 "GET /2009-04-04/meta-data/instance-id HTTP/1.1" status: 200 len: 127 time: 2.2071500
2018-09-28 18:19:52.751 6121 DEBUG nova.metadata.wsgi.server [req-1772129d-fe40-4313-8aa7-bd22f3febe8c - - - - -] (6121) accepted ('10.0.20.22', 43920) server /usr/lib/python2.7/site-packages/eventlet/wsgi.py:883
2018-09-28 18:19:52.753 6121 DEBUG nova.api.metadata.handler [req-1772129d-fe40-4313-8aa7-bd22f3febe8c - - - - -] Using cached metadata for instance 5e400364-ac51-492e-8ec7-aa5c9272612e get_metadata_by_instance_id /usr/lib/python2.7/site-packages/nova/api/metadata/handler.py:78
2018-09-28 18:19:52.755 6121 INFO nova.metadata.wsgi.server [req-1772129d-fe40-4313-8aa7-bd22f3febe8c - - - - -] 11.201.1.8,10.0.20.22 "GET /2009-04-04/meta-data/ami-launch-index HTTP/1.1" status: 200 len: 117 time: 0.0015199
2018-09-28 18:19:52.943 6118 DEBUG nova.metadata.wsgi.server [req-55216d5b-0867-4822-9c30-3813d6b6e1f0 - - - - -] (6118) accepted ('10.0.20.22', 43922) server /usr/lib/python2.7/site-packages/eventlet/wsgi.py:883
2018-09-28 18:19:52.945 6118 DEBUG nova.api.metadata.handler [req-55216d5b-0867-4822-9c30-3813d6b6e1f0 - - - - -] Using cached metadata for instance 5e400364-ac51-492e-8ec7-aa5c9272612e get_metadata_by_instance_id /usr/lib/python2.7/site-packages/nova/api/metadata/handler.py:78
2018-09-28 18:19:52.946 6118 INFO nova.metadata.wsgi.server [req-55216d5b-0867-4822-9c30-3813d6b6e1f0 - - - - -] 11.201.1.8,10.0.20.22 "GET /2009-04-04/meta-data/instance-type HTTP/1.1" status: 200 len: 123 time: 0.0014679
2018-09-28 18:19:53.654 6107 DEBUG nova.osapi_compute.wsgi.server [req-b2bed928-9c8d-4b19-8d7e-70eb2fda2c82 85ce3f2b89a0447896de15a5fd4d586b e6839c621ef44b85bd9067dfa15b247f - 3787aec53a9c4e63a0576839ed38726b 3787aec53a9c4e63a0576839ed38726b] (6107) accepted ('10.0.20.22', 45650) server /usr/lib/python2.7/site-packages/eventlet/wsgi.py:883
2018-09-28 18:19:53.704 6118 DEBUG nova.metadata.wsgi.server [req-55216d5b-0867-4822-9c30-3813d6b6e1f0 - - - - -] (6118) accepted ('10.0.20.22', 43936) server /usr/lib/python2.7/site-packages/eventlet/wsgi.py:883
2018-09-28 18:19:53.706 6118 DEBUG nova.api.metadata.handler [req-55216d5b-0867-4822-9c30-3813d6b6e1f0 - - - - -] Using cached metadata for instance 5e400364-ac51-492e-8ec7-aa5c9272612e get_metadata_by_instance_id /usr/lib/python2.7/site-packages/nova/api/metadata/handler.py:78
2018-09-28 18:19:53.709 6118 INFO nova.metadata.wsgi.server [req-55216d5b-0867-4822-9c30-3813d6b6e1f0 - - - - -] 11.201.1.8,10.0.20.22 "GET /2009-04-04/meta-data/local-ipv4 HTTP/1.1" status: 200 len: 127 time: 0.0028031
2018-09-28 18:19:54.001 6107 DEBUG nova.api.openstack.wsgi [req-dd579105-d088-4554-b9bf-e476728521a5 85ce3f2b89a0447896de15a5fd4d586b e6839c621ef44b85bd9067dfa15b247f - 3787aec53a9c4e63a0576839ed38726b 3787aec53a9c4e63a0576839ed38726b] Calling method '<bound method ServersController.show of <nova.api.openstack.compute.servers.ServersController object at 0x7f09ddc1b9d0>>' _process_stack /usr/lib/python2.7/site-packages/nova/api/openstack/wsgi.py:612
2018-09-28 18:19:54.002 6107 DEBUG nova.compute.api [req-dd579105-d088-4554-b9bf-e476728521a5 85ce3f2b89a0447896de15a5fd4d586b e6839c621ef44b85bd9067dfa15b247f - 3787aec53a9c4e63a0576839ed38726b 3787aec53a9c4e63a0576839ed38726b] Failed to fetch instance by id tempest-INSTANCE_SAMPLE-1538172936 get /usr/lib/python2.7/site-packages/nova/compute/api.py:2329
2018-09-28 18:19:54.003 6107 INFO nova.api.openstack.wsgi [req-dd579105-d088-4554-b9bf-e476728521a5 85ce3f2b89a0447896de15a5fd4d586b e6839c621ef44b85bd9067dfa15b247f - 3787aec53a9c4e63a0576839ed38726b 3787aec53a9c4e63a0576839ed38726b] HTTP exception thrown: Instance tempest-INSTANCE_SAMPLE-1538172936 could not be found.
2018-09-28 18:19:54.004 6107 DEBUG nova.api.openstack.wsgi [req-dd579105-d088-4554-b9bf-e476728521a5 85ce3f2b89a0447896de15a5fd4d586b e6839c621ef44b85bd9067dfa15b247f - 3787aec53a9c4e63a0576839ed38726b 3787aec53a9c4e63a0576839ed38726b] Returning 404 to user: Instance tempest-INSTANCE_SAMPLE-1538172936 could not be found. __call__ /usr/lib/python2.7/site-packages/nova/api/openstack/wsgi.py:1029
2018-09-28 18:19:54.006 6107 INFO nova.osapi_compute.wsgi.server [req-dd579105-d088-4554-b9bf-e476728521a5 85ce3f2b89a0447896de15a5fd4d586b e6839c621ef44b85bd9067dfa15b247f - 3787aec53a9c4e63a0576839ed38726b 3787aec53a9c4e63a0576839ed38726b] 10.0.20.22 "GET /v2.1/e6839c621ef44b85bd9067dfa15b247f/servers/tempest-INSTANCE_SAMPLE-1538172936 HTTP/1.1" status: 404 len: 530 time: 0.3494060
2018-09-28 18:19:54.029 6107 DEBUG nova.api.openstack.wsgi [req-64e5f14a-48df-47fa-bf5d-2538b1a63ca4 85ce3f2b89a0447896de15a5fd4d586b e6839c621ef44b85bd9067dfa15b247f - 3787aec53a9c4e63a0576839ed38726b 3787aec53a9c4e63a0576839ed38726b] Calling method '<bound method ServersController.index of <nova.api.openstack.compute.servers.ServersController object at 0x7f09ddd43550>>' _process_stack /usr/lib/python2.7/site-packages/nova/api/openstack/wsgi.py:612
2018-09-28 18:19:54.031 6107 DEBUG nova.compute.api [req-64e5f14a-48df-47fa-bf5d-2538b1a63ca4 85ce3f2b89a0447896de15a5fd4d586b e6839c621ef44b85bd9067dfa15b247f - 3787aec53a9c4e63a0576839ed38726b 3787aec53a9c4e63a0576839ed38726b] Searching by: {'deleted': False, 'project_id': u'e6839c621ef44b85bd9067dfa15b247f', u'name': u'tempest-INSTANCE_SAMPLE-1538172936'} get_all /usr/lib/python2.7/site-packages/nova/compute/api.py:2356
2018-09-28 18:19:54.047 6107 DEBUG oslo_concurrency.lockutils [req-64e5f14a-48df-47fa-bf5d-2538b1a63ca4 85ce3f2b89a0447896de15a5fd4d586b e6839c621ef44b85bd9067dfa15b247f - 3787aec53a9c4e63a0576839ed38726b 3787aec53a9c4e63a0576839ed38726b] Lock "00000000-0000-0000-0000-000000000000" acquired by "nova.context.get_or_set_cached_cell_and_set_connections" :: waited 0.000s inner /usr/lib/python2.7/site-packages/oslo_concurrency/lockutils.py:270
2018-09-28 18:19:54.048 6107 DEBUG oslo_concurrency.lockutils [req-64e5f14a-48df-47fa-bf5d-2538b1a63ca4 85ce3f2b89a0447896de15a5fd4d586b e6839c621ef44b85bd9067dfa15b247f - 3787aec53a9c4e63a0576839ed38726b 3787aec53a9c4e63a0576839ed38726b] Lock "00000000-0000-0000-0000-000000000000" released by "nova.context.get_or_set_cached_cell_and_set_connections" :: held 0.001s inner /usr/lib/python2.7/site-packages/oslo_concurrency/lockutils.py:282
2018-09-28 18:19:54.101 6107 DEBUG nova.compute.api [req-64e5f14a-48df-47fa-bf5d-2538b1a63ca4 85ce3f2b89a0447896de15a5fd4d586b e6839c621ef44b85bd9067dfa15b247f - 3787aec53a9c4e63a0576839ed38726b 3787aec53a9c4e63a0576839ed38726b] Skipping already-collected cell0 list _get_instances_by_filters_all_cells /usr/lib/python2.7/site-packages/nova/compute/api.py:2556
2018-09-28 18:19:54.100 6128 DEBUG nova.metadata.wsgi.server [req-a24d5084-c65d-47ef-950c-394555782c2a - - - - -] (6128) accepted ('10.0.20.22', 43944) server /usr/lib/python2.7/site-packages/eventlet/wsgi.py:883
2018-09-28 18:19:54.102 6107 DEBUG nova.compute.api [req-64e5f14a-48df-47fa-bf5d-2538b1a63ca4 85ce3f2b89a0447896de15a5fd4d586b e6839c621ef44b85bd9067dfa15b247f - 3787aec53a9c4e63a0576839ed38726b 3787aec53a9c4e63a0576839ed38726b] Listing 1000 instances in cell 67252e7f-1b17-4ebb-bf9b-a60e066d5ace(default) _get_instances_by_filters_all_cells /usr/lib/python2.7/site-packages/nova/compute/api.py:2559
2018-09-28 18:19:54.103 6107 DEBUG oslo_concurrency.lockutils [req-64e5f14a-48df-47fa-bf5d-2538b1a63ca4 85ce3f2b89a0447896de15a5fd4d586b e6839c621ef44b85bd9067dfa15b247f - 3787aec53a9c4e63a0576839ed38726b 3787aec53a9c4e63a0576839ed38726b] Lock "67252e7f-1b17-4ebb-bf9b-a60e066d5ace" acquired by "nova.context.get_or_set_cached_cell_and_set_connections" :: waited 0.000s inner /usr/lib/python2.7/site-packages/oslo_concurrency/lockutils.py:270
2018-09-28 18:19:54.104 6107 DEBUG oslo_concurrency.lockutils [req-64e5f14a-48df-47fa-bf5d-2538b1a63ca4 85ce3f2b89a0447896de15a5fd4d586b e6839c621ef44b85bd9067dfa15b247f - 3787aec53a9c4e63a0576839ed38726b 3787aec53a9c4e63a0576839ed38726b] Lock "67252e7f-1b17-4ebb-bf9b-a60e066d5ace" released by "nova.context.get_or_set_cached_cell_and_set_connections" :: held 0.001s inner /usr/lib/python2.7/site-packages/oslo_concurrency/lockutils.py:282
2018-09-28 18:19:54.191 6107 INFO nova.osapi_compute.wsgi.server [req-64e5f14a-48df-47fa-bf5d-2538b1a63ca4 85ce3f2b89a0447896de15a5fd4d586b e6839c621ef44b85bd9067dfa15b247f - 3787aec53a9c4e63a0576839ed38726b 3787aec53a9c4e63a0576839ed38726b] 10.0.20.22 "GET /v2.1/e6839c621ef44b85bd9067dfa15b247f/servers?name=tempest-INSTANCE_SAMPLE-1538172936 HTTP/1.1" status: 200 len: 784 time: 0.1683369
2018-09-28 18:19:54.193 6128 DEBUG oslo_db.sqlalchemy.engines [req-a24d5084-c65d-47ef-950c-394555782c2a - - - - -] MySQL server mode set to STRICT_TRANS_TABLES,STRICT_ALL_TABLES,NO_ZERO_IN_DATE,NO_ZERO_DATE,ERROR_FOR_DIVISION_BY_ZERO,TRADITIONAL,NO_AUTO_CREATE_USER,NO_ENGINE_SUBSTITUTION _check_effective_sql_mode /usr/lib/python2.7/site-packages/oslo_db/sqlalchemy/engines.py:285
2018-09-28 18:19:54.212 6107 DEBUG nova.api.openstack.wsgi [req-fb29b0df-6e9b-42ec-b4a5-3a9a0fda4115 85ce3f2b89a0447896de15a5fd4d586b e6839c621ef44b85bd9067dfa15b247f - 3787aec53a9c4e63a0576839ed38726b 3787aec53a9c4e63a0576839ed38726b] Calling method '<bound method ServersController.show of <nova.api.openstack.compute.servers.ServersController object at 0x7f09ddc1b9d0>>' _process_stack /usr/lib/python2.7/site-packages/nova/api/openstack/wsgi.py:612
2018-09-28 18:19:54.213 6107 DEBUG nova.compute.api [req-fb29b0df-6e9b-42ec-b4a5-3a9a0fda4115 85ce3f2b89a0447896de15a5fd4d586b e6839c621ef44b85bd9067dfa15b247f - 3787aec53a9c4e63a0576839ed38726b 3787aec53a9c4e63a0576839ed38726b] [instance: 5e400364-ac51-492e-8ec7-aa5c9272612e] Fetching instance by UUID get /usr/lib/python2.7/site-packages/nova/compute/api.py:2324
2018-09-28 18:19:54.227 6107 DEBUG oslo_concurrency.lockutils [req-fb29b0df-6e9b-42ec-b4a5-3a9a0fda4115 85ce3f2b89a0447896de15a5fd4d586b e6839c621ef44b85bd9067dfa15b247f - 3787aec53a9c4e63a0576839ed38726b 3787aec53a9c4e63a0576839ed38726b] Lock "67252e7f-1b17-4ebb-bf9b-a60e066d5ace" acquired by "nova.context.get_or_set_cached_cell_and_set_connections" :: waited 0.000s inner /usr/lib/python2.7/site-packages/oslo_concurrency/lockutils.py:270
2018-09-28 18:19:54.228 6107 DEBUG oslo_concurrency.lockutils [req-fb29b0df-6e9b-42ec-b4a5-3a9a0fda4115 85ce3f2b89a0447896de15a5fd4d586b e6839c621ef44b85bd9067dfa15b247f - 3787aec53a9c4e63a0576839ed38726b 3787aec53a9c4e63a0576839ed38726b] Lock "67252e7f-1b17-4ebb-bf9b-a60e066d5ace" released by "nova.context.get_or_set_cached_cell_and_set_connections" :: held 0.001s inner /usr/lib/python2.7/site-packages/oslo_concurrency/lockutils.py:282
2018-09-28 18:19:54.247 6128 DEBUG oslo_concurrency.lockutils [req-9dac9ddf-6f46-4c9b-a31e-fc42f332b4ff - - - - -] Lock "67252e7f-1b17-4ebb-bf9b-a60e066d5ace" acquired by "nova.context.get_or_set_cached_cell_and_set_connections" :: waited 0.000s inner /usr/lib/python2.7/site-packages/oslo_concurrency/lockutils.py:270
2018-09-28 18:19:54.258 6128 DEBUG oslo_concurrency.lockutils [req-9dac9ddf-6f46-4c9b-a31e-fc42f332b4ff - - - - -] Lock "67252e7f-1b17-4ebb-bf9b-a60e066d5ace" released by "nova.context.get_or_set_cached_cell_and_set_connections" :: held 0.011s inner /usr/lib/python2.7/site-packages/oslo_concurrency/lockutils.py:282
2018-09-28 18:19:54.278 6128 DEBUG oslo_db.sqlalchemy.engines [req-9dac9ddf-6f46-4c9b-a31e-fc42f332b4ff - - - - -] MySQL server mode set to STRICT_TRANS_TABLES,STRICT_ALL_TABLES,NO_ZERO_IN_DATE,NO_ZERO_DATE,ERROR_FOR_DIVISION_BY_ZERO,TRADITIONAL,NO_AUTO_CREATE_USER,NO_ENGINE_SUBSTITUTION _check_effective_sql_mode /usr/lib/python2.7/site-packages/oslo_db/sqlalchemy/engines.py:285
2018-09-28 18:19:54.353 6107 DEBUG nova.policy [req-fb29b0df-6e9b-42ec-b4a5-3a9a0fda4115 85ce3f2b89a0447896de15a5fd4d586b e6839c621ef44b85bd9067dfa15b247f - 3787aec53a9c4e63a0576839ed38726b 3787aec53a9c4e63a0576839ed38726b] Policy check for os_compute_api:os-hide-server-addresses failed with credentials {'service_roles': [], 'user_id': u'85ce3f2b89a0447896de15a5fd4d586b', 'roles': [u'admin'], 'user_domain_id': u'3787aec53a9c4e63a0576839ed38726b', 'service_project_id': None, 'service_user_id': None, 'service_user_domain_id': None, 'service_project_domain_id': None, 'is_admin_project': True, 'is_admin': True, 'project_id': u'e6839c621ef44b85bd9067dfa15b247f', 'project_domain_id': u'3787aec53a9c4e63a0576839ed38726b'} authorize /usr/lib/python2.7/site-packages/nova/policy.py:168
2018-09-28 18:19:54.985 6107 INFO nova.osapi_compute.wsgi.server [req-fb29b0df-6e9b-42ec-b4a5-3a9a0fda4115 85ce3f2b89a0447896de15a5fd4d586b e6839c621ef44b85bd9067dfa15b247f - 3787aec53a9c4e63a0576839ed38726b 3787aec53a9c4e63a0576839ed38726b] 10.0.20.22 "GET /v2.1/e6839c621ef44b85bd9067dfa15b247f/servers/5e400364-ac51-492e-8ec7-aa5c9272612e HTTP/1.1" status: 200 len: 2206 time: 0.7794220
2018-09-28 18:19:55.004 6107 DEBUG nova.api.openstack.wsgi [req-e6f5c7b9-d2e0-4d64-973b-f16e3447b346 85ce3f2b89a0447896de15a5fd4d586b e6839c621ef44b85bd9067dfa15b247f - 3787aec53a9c4e63a0576839ed38726b 3787aec53a9c4e63a0576839ed38726b] Action: 'action', calling method: <function version_select at 0x7f09ddc6db18>, body: {"addFloatingIp": {"address": "172.24.4.13"}} _process_stack /usr/lib/python2.7/site-packages/nova/api/openstack/wsgi.py:609
2018-09-28 18:19:55.007 6107 DEBUG nova.compute.api [req-e6f5c7b9-d2e0-4d64-973b-f16e3447b346 85ce3f2b89a0447896de15a5fd4d586b e6839c621ef44b85bd9067dfa15b247f - 3787aec53a9c4e63a0576839ed38726b 3787aec53a9c4e63a0576839ed38726b] [instance: 5e400364-ac51-492e-8ec7-aa5c9272612e] Fetching instance by UUID get /usr/lib/python2.7/site-packages/nova/compute/api.py:2324
2018-09-28 18:19:55.018 6107 DEBUG oslo_concurrency.lockutils [req-e6f5c7b9-d2e0-4d64-973b-f16e3447b346 85ce3f2b89a0447896de15a5fd4d586b e6839c621ef44b85bd9067dfa15b247f - 3787aec53a9c4e63a0576839ed38726b 3787aec53a9c4e63a0576839ed38726b] Lock "67252e7f-1b17-4ebb-bf9b-a60e066d5ace" acquired by "nova.context.get_or_set_cached_cell_and_set_connections" :: waited 0.000s inner /usr/lib/python2.7/site-packages/oslo_concurrency/lockutils.py:270
2018-09-28 18:19:55.019 6107 DEBUG oslo_concurrency.lockutils [req-e6f5c7b9-d2e0-4d64-973b-f16e3447b346 85ce3f2b89a0447896de15a5fd4d586b e6839c621ef44b85bd9067dfa15b247f - 3787aec53a9c4e63a0576839ed38726b 3787aec53a9c4e63a0576839ed38726b] Lock "67252e7f-1b17-4ebb-bf9b-a60e066d5ace" released by "nova.context.get_or_set_cached_cell_and_set_connections" :: held 0.001s inner /usr/lib/python2.7/site-packages/oslo_concurrency/lockutils.py:282
2018-09-28 18:19:55.078 6107 DEBUG oslo_concurrency.lockutils [req-e6f5c7b9-d2e0-4d64-973b-f16e3447b346 85ce3f2b89a0447896de15a5fd4d586b e6839c621ef44b85bd9067dfa15b247f - 3787aec53a9c4e63a0576839ed38726b 3787aec53a9c4e63a0576839ed38726b] Acquired semaphore "refresh_cache-5e400364-ac51-492e-8ec7-aa5c9272612e" lock /usr/lib/python2.7/site-packages/oslo_concurrency/lockutils.py:212
2018-09-28 18:19:56.279 6107 DEBUG nova.network.neutronv2.api [req-e6f5c7b9-d2e0-4d64-973b-f16e3447b346 85ce3f2b89a0447896de15a5fd4d586b e6839c621ef44b85bd9067dfa15b247f - 3787aec53a9c4e63a0576839ed38726b 3787aec53a9c4e63a0576839ed38726b] [instance: 5e400364-ac51-492e-8ec7-aa5c9272612e] _get_instance_nw_info() _get_instance_nw_info /usr/lib/python2.7/site-packages/nova/network/neutronv2/api.py:1315
2018-09-28 18:19:57.155 6095 DEBUG nova.osapi_compute.wsgi.server [req-a24d5084-c65d-47ef-950c-394555782c2a - - - - -] (6095) accepted ('10.0.20.22', 45694) server /usr/lib/python2.7/site-packages/eventlet/wsgi.py:883
2018-09-28 18:19:57.177 6095 WARNING keystonemiddleware.auth_token [req-a24d5084-c65d-47ef-950c-394555782c2a - - - - -] Using the in-process token cache is deprecated as of the 4.2.0 release and may be removed in the 5.0.0 release or the 'O' development cycle. The in-process cache causes inconsistent results and high memory usage. When the feature is removed the auth_token middleware will not cache tokens by default which may result in performance issues. It is recommended to use  memcache for the auth_token token cache by setting the memcached_servers option.
2018-09-28 18:19:57.540 6128 WARNING oslo_config.cfg [req-9dac9ddf-6f46-4c9b-a31e-fc42f332b4ff - - - - -] Option "dhcp_domain" from group "DEFAULT" is deprecated for removal (
nova-network is deprecated, as are any related configuration options.
).  Its value may be silently ignored in the future.
2018-09-28 18:19:57.544 6128 INFO nova.metadata.wsgi.server [req-9dac9ddf-6f46-4c9b-a31e-fc42f332b4ff - - - - -] 11.201.1.8,10.0.20.22 "GET /2009-04-04/meta-data/public-ipv4 HTTP/1.1" status: 200 len: 116 time: 3.4362888
2018-09-28 18:19:57.844 6118 DEBUG nova.metadata.wsgi.server [req-55216d5b-0867-4822-9c30-3813d6b6e1f0 - - - - -] (6118) accepted ('10.0.20.22', 43980) server /usr/lib/python2.7/site-packages/eventlet/wsgi.py:883
2018-09-28 18:19:57.848 6118 DEBUG nova.api.metadata.handler [req-55216d5b-0867-4822-9c30-3813d6b6e1f0 - - - - -] Using cached metadata for instance 5e400364-ac51-492e-8ec7-aa5c9272612e get_metadata_by_instance_id /usr/lib/python2.7/site-packages/nova/api/metadata/handler.py:78
2018-09-28 18:19:57.850 6118 INFO nova.metadata.wsgi.server [req-55216d5b-0867-4822-9c30-3813d6b6e1f0 - - - - -] 11.201.1.8,10.0.20.22 "GET /2009-04-04/meta-data/hostname HTTP/1.1" status: 200 len: 161 time: 0.0028520
2018-09-28 18:19:58.215 6107 DEBUG nova.network.base_api [req-e6f5c7b9-d2e0-4d64-973b-f16e3447b346 85ce3f2b89a0447896de15a5fd4d586b e6839c621ef44b85bd9067dfa15b247f - 3787aec53a9c4e63a0576839ed38726b 3787aec53a9c4e63a0576839ed38726b] [instance: 5e400364-ac51-492e-8ec7-aa5c9272612e] Updating instance_info_cache with network_info: [{"profile": {}, "ovs_interfaceid": "c0100295-b72f-4c66-b582-3b1a4149a3da", "preserve_on_delete": false, "network": {"bridge": "br-int", "subnets": [{"ips": [{"meta": {}, "version": 4, "type": "fixed", "floating_ips": [{"meta": {}, "version": 4, "type": "floating", "address": "172.24.4.13"}], "address": "11.201.1.8"}], "version": 4, "meta": {"dhcp_server": "11.201.1.2"}, "dns": [{"meta": {}, "version": 4, "type": "dns", "address": "8.8.4.4"}], "routes": [], "cidr": "11.201.1.0/24", "gateway": {"meta": {}, "version": 4, "type": "gateway", "address": "11.201.1.1"}}], "meta": {"injected": false, "tenant_id": "e6839c621ef44b85bd9067dfa15b247f", "mtu": 1450}, "id": "e2cde461-56fe-4b8c-8e52-5c7b68ed5f43", "label": "tempest-private-1538172936"}, "devname": "tapc0100295-b7", "vnic_type": "normal", "qbh_params": null, "meta": {}, "details": {"port_filter": true, "datapath_type": "system", "ovs_hybrid_plug": true}, "address": "fa:16:3e:08:6e:96", "active": true, "type": "ovs", "id": "c0100295-b72f-4c66-b582-3b1a4149a3da", "qbg_params": null}] update_instance_cache_with_nw_info /usr/lib/python2.7/site-packages/nova/network/base_api.py:48
2018-09-28 18:19:58.263 6107 DEBUG oslo_concurrency.lockutils [req-e6f5c7b9-d2e0-4d64-973b-f16e3447b346 85ce3f2b89a0447896de15a5fd4d586b e6839c621ef44b85bd9067dfa15b247f - 3787aec53a9c4e63a0576839ed38726b 3787aec53a9c4e63a0576839ed38726b] Releasing semaphore "refresh_cache-5e400364-ac51-492e-8ec7-aa5c9272612e" lock /usr/lib/python2.7/site-packages/oslo_concurrency/lockutils.py:225
2018-09-28 18:19:58.267 6107 INFO nova.osapi_compute.wsgi.server [req-e6f5c7b9-d2e0-4d64-973b-f16e3447b346 85ce3f2b89a0447896de15a5fd4d586b e6839c621ef44b85bd9067dfa15b247f - 3787aec53a9c4e63a0576839ed38726b 3787aec53a9c4e63a0576839ed38726b] 10.0.20.22 "POST /v2.1/e6839c621ef44b85bd9067dfa15b247f/servers/5e400364-ac51-492e-8ec7-aa5c9272612e/action HTTP/1.1" status: 202 len: 411 time: 3.2688529
2018-09-28 18:19:58.867 6118 DEBUG nova.metadata.wsgi.server [req-55216d5b-0867-4822-9c30-3813d6b6e1f0 - - - - -] (6118) accepted ('10.0.20.22', 43992) server /usr/lib/python2.7/site-packages/eventlet/wsgi.py:883
2018-09-28 18:19:58.870 6118 DEBUG nova.api.metadata.handler [req-55216d5b-0867-4822-9c30-3813d6b6e1f0 - - - - -] Using cached metadata for instance 5e400364-ac51-492e-8ec7-aa5c9272612e get_metadata_by_instance_id /usr/lib/python2.7/site-packages/nova/api/metadata/handler.py:78
2018-09-28 18:19:58.871 6118 INFO nova.metadata.wsgi.server [req-55216d5b-0867-4822-9c30-3813d6b6e1f0 - - - - -] 11.201.1.8,10.0.20.22 "GET /2009-04-04/meta-data/local-hostname HTTP/1.1" status: 200 len: 161 time: 0.0023048
2018-09-28 18:19:59.020 6095 DEBUG nova.api.openstack.wsgi [req-86d19c27-1f9a-4ebb-b063-4da451d686ca 26dec8243f6c4398bc7dd6ef297ca5bc 007b5c587a144e49a50c9008f27cd2bd - default default] Action: 'create', calling method: <bound method ServerExternalEventsController.create of <nova.api.openstack.compute.server_external_events.ServerExternalEventsController object at 0x7f09ddecb810>>, body: {"events": [{"tag": "c0100295-b72f-4c66-b582-3b1a4149a3da", "name": "network-changed", "server_uuid": "5e400364-ac51-492e-8ec7-aa5c9272612e"}]} _process_stack /usr/lib/python2.7/site-packages/nova/api/openstack/wsgi.py:609
2018-09-28 18:19:59.069 6095 DEBUG oslo_db.sqlalchemy.engines [req-86d19c27-1f9a-4ebb-b063-4da451d686ca 26dec8243f6c4398bc7dd6ef297ca5bc 007b5c587a144e49a50c9008f27cd2bd - default default] MySQL server mode set to STRICT_TRANS_TABLES,STRICT_ALL_TABLES,NO_ZERO_IN_DATE,NO_ZERO_DATE,ERROR_FOR_DIVISION_BY_ZERO,TRADITIONAL,NO_AUTO_CREATE_USER,NO_ENGINE_SUBSTITUTION _check_effective_sql_mode /usr/lib/python2.7/site-packages/oslo_db/sqlalchemy/engines.py:285
2018-09-28 18:19:59.109 6095 DEBUG oslo_concurrency.lockutils [req-86d19c27-1f9a-4ebb-b063-4da451d686ca 26dec8243f6c4398bc7dd6ef297ca5bc 007b5c587a144e49a50c9008f27cd2bd - default default] Lock "67252e7f-1b17-4ebb-bf9b-a60e066d5ace" acquired by "nova.context.get_or_set_cached_cell_and_set_connections" :: waited 0.000s inner /usr/lib/python2.7/site-packages/oslo_concurrency/lockutils.py:270
2018-09-28 18:19:59.122 6095 DEBUG oslo_concurrency.lockutils [req-86d19c27-1f9a-4ebb-b063-4da451d686ca 26dec8243f6c4398bc7dd6ef297ca5bc 007b5c587a144e49a50c9008f27cd2bd - default default] Lock "67252e7f-1b17-4ebb-bf9b-a60e066d5ace" released by "nova.context.get_or_set_cached_cell_and_set_connections" :: held 0.013s inner /usr/lib/python2.7/site-packages/oslo_concurrency/lockutils.py:282
2018-09-28 18:19:59.154 6095 DEBUG oslo_db.sqlalchemy.engines [req-86d19c27-1f9a-4ebb-b063-4da451d686ca 26dec8243f6c4398bc7dd6ef297ca5bc 007b5c587a144e49a50c9008f27cd2bd - default default] MySQL server mode set to STRICT_TRANS_TABLES,STRICT_ALL_TABLES,NO_ZERO_IN_DATE,NO_ZERO_DATE,ERROR_FOR_DIVISION_BY_ZERO,TRADITIONAL,NO_AUTO_CREATE_USER,NO_ENGINE_SUBSTITUTION _check_effective_sql_mode /usr/lib/python2.7/site-packages/oslo_db/sqlalchemy/engines.py:285
2018-09-28 18:19:59.207 6095 INFO nova.api.openstack.compute.server_external_events [req-86d19c27-1f9a-4ebb-b063-4da451d686ca 26dec8243f6c4398bc7dd6ef297ca5bc 007b5c587a144e49a50c9008f27cd2bd - default default] Creating event network-changed:c0100295-b72f-4c66-b582-3b1a4149a3da for instance 5e400364-ac51-492e-8ec7-aa5c9272612e on localhost.localdomain
2018-09-28 18:19:59.407 6095 INFO nova.osapi_compute.wsgi.server [req-86d19c27-1f9a-4ebb-b063-4da451d686ca 26dec8243f6c4398bc7dd6ef297ca5bc 007b5c587a144e49a50c9008f27cd2bd - default default] 10.0.20.22 "POST /v2.1/007b5c587a144e49a50c9008f27cd2bd/os-server-external-events HTTP/1.1" status: 200 len: 578 time: 2.2443030
2018-09-28 18:19:59.663 6118 DEBUG nova.metadata.wsgi.server [req-55216d5b-0867-4822-9c30-3813d6b6e1f0 - - - - -] (6118) accepted ('10.0.20.22', 44014) server /usr/lib/python2.7/site-packages/eventlet/wsgi.py:883
2018-09-28 18:19:59.665 6118 DEBUG nova.api.metadata.handler [req-55216d5b-0867-4822-9c30-3813d6b6e1f0 - - - - -] Using cached metadata for instance 5e400364-ac51-492e-8ec7-aa5c9272612e get_metadata_by_instance_id /usr/lib/python2.7/site-packages/nova/api/metadata/handler.py:78
2018-09-28 18:19:59.668 6118 INFO nova.metadata.wsgi.server [req-55216d5b-0867-4822-9c30-3813d6b6e1f0 - - - - -] 11.201.1.8,10.0.20.22 "GET /2009-04-04/user-data HTTP/1.1" status: 404 len: 176 time: 0.0030639
2018-09-28 18:19:59.867 6118 DEBUG nova.metadata.wsgi.server [req-55216d5b-0867-4822-9c30-3813d6b6e1f0 - - - - -] (6118) accepted ('10.0.20.22', 44016) server /usr/lib/python2.7/site-packages/eventlet/wsgi.py:883
2018-09-28 18:19:59.869 6118 DEBUG nova.api.metadata.handler [req-55216d5b-0867-4822-9c30-3813d6b6e1f0 - - - - -] Using cached metadata for instance 5e400364-ac51-492e-8ec7-aa5c9272612e get_metadata_by_instance_id /usr/lib/python2.7/site-packages/nova/api/metadata/handler.py:78
2018-09-28 18:19:59.870 6118 INFO nova.metadata.wsgi.server [req-55216d5b-0867-4822-9c30-3813d6b6e1f0 - - - - -] 11.201.1.8,10.0.20.22 "GET /2009-04-04/meta-data/block-device-mapping HTTP/1.1" status: 200 len: 124 time: 0.0013630
2018-09-28 18:20:00.040 6118 DEBUG nova.metadata.wsgi.server [req-55216d5b-0867-4822-9c30-3813d6b6e1f0 - - - - -] (6118) accepted ('10.0.20.22', 44018) server /usr/lib/python2.7/site-packages/eventlet/wsgi.py:883
2018-09-28 18:20:00.041 6118 DEBUG nova.api.metadata.handler [req-55216d5b-0867-4822-9c30-3813d6b6e1f0 - - - - -] Using cached metadata for instance 5e400364-ac51-492e-8ec7-aa5c9272612e get_metadata_by_instance_id /usr/lib/python2.7/site-packages/nova/api/metadata/handler.py:78
2018-09-28 18:20:00.042 6118 INFO nova.metadata.wsgi.server [req-55216d5b-0867-4822-9c30-3813d6b6e1f0 - - - - -] 11.201.1.8,10.0.20.22 "GET /2009-04-04/meta-data/block-device-mapping/ami HTTP/1.1" status: 200 len: 119 time: 0.0011959
2018-09-28 18:20:00.271 6128 DEBUG nova.metadata.wsgi.server [req-9dac9ddf-6f46-4c9b-a31e-fc42f332b4ff - - - - -] (6128) accepted ('10.0.20.22', 44022) server /usr/lib/python2.7/site-packages/eventlet/wsgi.py:883
2018-09-28 18:20:00.280 6128 DEBUG nova.api.metadata.handler [req-9dac9ddf-6f46-4c9b-a31e-fc42f332b4ff - - - - -] Using cached metadata for instance 5e400364-ac51-492e-8ec7-aa5c9272612e get_metadata_by_instance_id /usr/lib/python2.7/site-packages/nova/api/metadata/handler.py:78
2018-09-28 18:20:00.282 6128 INFO nova.metadata.wsgi.server [req-9dac9ddf-6f46-4c9b-a31e-fc42f332b4ff - - - - -] 11.201.1.8,10.0.20.22 "GET /2009-04-04/meta-data/block-device-mapping/root HTTP/1.1" status: 200 len: 124 time: 0.0036609
2018-09-28 18:20:00.852 6121 DEBUG nova.metadata.wsgi.server [req-1772129d-fe40-4313-8aa7-bd22f3febe8c - - - - -] (6121) accepted ('10.0.20.22', 44028) server /usr/lib/python2.7/site-packages/eventlet/wsgi.py:883
2018-09-28 18:20:00.855 6121 DEBUG nova.api.metadata.handler [req-1772129d-fe40-4313-8aa7-bd22f3febe8c - - - - -] Using cached metadata for instance 5e400364-ac51-492e-8ec7-aa5c9272612e get_metadata_by_instance_id /usr/lib/python2.7/site-packages/nova/api/metadata/handler.py:78
2018-09-28 18:20:00.857 6121 INFO nova.metadata.wsgi.server [req-1772129d-fe40-4313-8aa7-bd22f3febe8c - - - - -] 11.201.1.8,10.0.20.22 "GET /2009-04-04/meta-data/public-hostname HTTP/1.1" status: 200 len: 161 time: 0.0026269
2018-09-28 18:20:01.459 6125 DEBUG nova.metadata.wsgi.server [req-a24d5084-c65d-47ef-950c-394555782c2a - - - - -] (6125) accepted ('10.0.20.22', 44034) server /usr/lib/python2.7/site-packages/eventlet/wsgi.py:883
2018-09-28 18:20:01.538 6125 DEBUG oslo_db.sqlalchemy.engines [req-a24d5084-c65d-47ef-950c-394555782c2a - - - - -] MySQL server mode set to STRICT_TRANS_TABLES,STRICT_ALL_TABLES,NO_ZERO_IN_DATE,NO_ZERO_DATE,ERROR_FOR_DIVISION_BY_ZERO,TRADITIONAL,NO_AUTO_CREATE_USER,NO_ENGINE_SUBSTITUTION _check_effective_sql_mode /usr/lib/python2.7/site-packages/oslo_db/sqlalchemy/engines.py:285
2018-09-28 18:20:01.627 6125 DEBUG oslo_concurrency.lockutils [req-633e607b-eb69-48ef-b8e5-f98df3803da6 - - - - -] Lock "67252e7f-1b17-4ebb-bf9b-a60e066d5ace" acquired by "nova.context.get_or_set_cached_cell_and_set_connections" :: waited 0.000s inner /usr/lib/python2.7/site-packages/oslo_concurrency/lockutils.py:270
2018-09-28 18:20:01.651 6125 DEBUG oslo_concurrency.lockutils [req-633e607b-eb69-48ef-b8e5-f98df3803da6 - - - - -] Lock "67252e7f-1b17-4ebb-bf9b-a60e066d5ace" released by "nova.context.get_or_set_cached_cell_and_set_connections" :: held 0.024s inner /usr/lib/python2.7/site-packages/oslo_concurrency/lockutils.py:282
2018-09-28 18:20:01.686 6125 DEBUG oslo_db.sqlalchemy.engines [req-633e607b-eb69-48ef-b8e5-f98df3803da6 - - - - -] MySQL server mode set to STRICT_TRANS_TABLES,STRICT_ALL_TABLES,NO_ZERO_IN_DATE,NO_ZERO_DATE,ERROR_FOR_DIVISION_BY_ZERO,TRADITIONAL,NO_AUTO_CREATE_USER,NO_ENGINE_SUBSTITUTION _check_effective_sql_mode /usr/lib/python2.7/site-packages/oslo_db/sqlalchemy/engines.py:285
2018-09-28 18:20:03.705 6125 WARNING oslo_config.cfg [req-633e607b-eb69-48ef-b8e5-f98df3803da6 - - - - -] Option "dhcp_domain" from group "DEFAULT" is deprecated for removal (
nova-network is deprecated, as are any related configuration options.
).  Its value may be silently ignored in the future.
2018-09-28 18:20:03.709 6125 INFO nova.metadata.wsgi.server [req-633e607b-eb69-48ef-b8e5-f98df3803da6 - - - - -] 11.201.1.8,10.0.20.22 "GET /2009-04-04/meta-data/placement/availability-zone HTTP/1.1" status: 200 len: 120 time: 2.2357600
