2018-09-29 01:11:06.580 2548 DEBUG neutron.pecan_wsgi.hooks.policy_enforcement [req-ac5614f2-c404-4140-945f-f1ebce25257b 84b85dc3831841e999b63e4879e07725 8961986b09aa454c91f8843d75e99a17 - default default] Attributes excluded by policy engine: [u'vlan_transparent'] _exclude_attributes_by_policy /usr/lib/python2.7/site-packages/neutron/pecan_wsgi/hooks/policy_enforcement.py:256
2018-09-29 01:11:06.582 2548 INFO neutron.wsgi [req-ac5614f2-c404-4140-945f-f1ebce25257b 84b85dc3831841e999b63e4879e07725 8961986b09aa454c91f8843d75e99a17 - default default] 10.0.20.27 "GET /v2.0/networks?id=f33a12f2-6181-4426-bf72-7b3410029c1c HTTP/1.1" status: 200  len: 885 time: 0.4499090
2018-09-29 01:11:06.628 2548 INFO neutron.wsgi [req-65baf329-c014-4ffc-8c18-6f985f26124c 84b85dc3831841e999b63e4879e07725 8961986b09aa454c91f8843d75e99a17 - default default] 10.0.20.27 "GET /v2.0/floatingips?fixed_ip_address=11.11.1.3&port_id=2b3a60b8-0dd1-47e5-ade4-82e80de4e604 HTTP/1.1" status: 200  len: 750 time: 0.0391772
2018-09-29 01:11:06.777 2548 DEBUG neutron.pecan_wsgi.hooks.policy_enforcement [req-84b3670b-27da-413a-a487-95fd58456c06 84b85dc3831841e999b63e4879e07725 8961986b09aa454c91f8843d75e99a17 - default default] Attributes excluded by policy engine: [u'shared'] _exclude_attributes_by_policy /usr/lib/python2.7/site-packages/neutron/pecan_wsgi/hooks/policy_enforcement.py:256
2018-09-29 01:11:06.780 2548 INFO neutron.wsgi [req-84b3670b-27da-413a-a487-95fd58456c06 84b85dc3831841e999b63e4879e07725 8961986b09aa454c91f8843d75e99a17 - default default] 10.0.20.27 "GET /v2.0/subnets?id=a42c4c2e-3199-45bc-b2f7-9b0aa65ec395 HTTP/1.1" status: 200  len: 843 time: 0.1393511
2018-09-29 01:11:06.886 2548 INFO neutron.wsgi [req-ee9cf64f-ed35-4add-8521-7b39e4896fe7 84b85dc3831841e999b63e4879e07725 8961986b09aa454c91f8843d75e99a17 - default default] 10.0.20.27 "GET /v2.0/ports?network_id=f33a12f2-6181-4426-bf72-7b3410029c1c&device_owner=network%3Adhcp HTTP/1.1" status: 200  len: 1127 time: 0.0990760
2018-09-29 01:11:09.417 2553 DEBUG neutron_lib.callbacks.manager [req-12f252e9-c8f5-47de-97e3-f75d405186ba - - - - -] Notify callbacks ['neutron.services.segments.db._update_segment_host_mapping_for_agent-8777768524714'] for agent, after_update _notify_loop /usr/lib/python2.7/site-packages/neutron_lib/callbacks/manager.py:167
2018-09-29 01:11:09.430 2552 DEBUG neutron_lib.callbacks.manager [req-bb307b4b-f8fb-4e04-a870-9394d3dfff26 - - - - -] Notify callbacks ['neutron.services.segments.db._update_segment_host_mapping_for_agent-8777768524714'] for agent, after_update _notify_loop /usr/lib/python2.7/site-packages/neutron_lib/callbacks/manager.py:167
2018-09-29 01:11:09.462 2557 DEBUG neutron_lib.callbacks.manager [req-a4aa320d-0397-46f1-9b8b-13e69faf3ed3 - - - - -] Notify callbacks ['neutron.services.segments.db._update_segment_host_mapping_for_agent-8777768524714'] for agent, after_update _notify_loop /usr/lib/python2.7/site-packages/neutron_lib/callbacks/manager.py:167
2018-09-29 01:11:16.414 2551 DEBUG neutron_lib.callbacks.manager [req-3aaf9ca9-bd7e-4a5f-bbe1-5916192942b1 - - - - -] Notify callbacks ['neutron.services.segments.db._update_segment_host_mapping_for_agent-8777768524714'] for agent, after_update _notify_loop /usr/lib/python2.7/site-packages/neutron_lib/callbacks/manager.py:167
2018-09-29 01:11:20.141 2542 INFO neutron.wsgi [req-da80f290-8209-4542-bbb5-da89161c7c3d 106d3364e83242f1b616535fe6901cbb 65191f795ad643a8973b96e970e0a037 - c05d24b125484b8ea391f52662851fdf c05d24b125484b8ea391f52662851fdf] 10.0.20.27 "GET /v2.0/ports?device_id=4d15add6-9a19-4420-b0ef-6b9e6ef14997 HTTP/1.1" status: 200  len: 1123 time: 0.7155671
2018-09-29 01:11:20.283 2542 INFO neutron.wsgi [req-164121c4-4422-45a2-8028-ca1736406c26 106d3364e83242f1b616535fe6901cbb 65191f795ad643a8973b96e970e0a037 - c05d24b125484b8ea391f52662851fdf c05d24b125484b8ea391f52662851fdf] 10.0.20.27 "GET /v2.0/security-groups?id=d5844138-3b82-4b59-949f-8d9dbdb7a71a HTTP/1.1" status: 200  len: 2118 time: 0.1329479
2018-09-29 01:11:25.245 2550 DEBUG neutron_lib.callbacks.manager [req-47d0b382-4cf0-4619-b322-8d3b6cbffe37 - - - - -] Notify callbacks ['neutron.services.segments.db._update_segment_host_mapping_for_agent-8777768524714'] for agent, after_update _notify_loop /usr/lib/python2.7/site-packages/neutron_lib/callbacks/manager.py:167
2018-09-29 01:11:32.802 2548 INFO neutron.wsgi [req-2260174b-814f-430d-aeab-067645532da8 106d3364e83242f1b616535fe6901cbb 65191f795ad643a8973b96e970e0a037 - c05d24b125484b8ea391f52662851fdf c05d24b125484b8ea391f52662851fdf] 10.0.20.27 "GET /v2.0/ports?device_id=4d15add6-9a19-4420-b0ef-6b9e6ef14997 HTTP/1.1" status: 200  len: 1123 time: 0.7768400
2018-09-29 01:11:32.946 2548 INFO neutron.wsgi [req-ef2c63f0-56bd-47dd-86ea-c4b9aa6f407d 106d3364e83242f1b616535fe6901cbb 65191f795ad643a8973b96e970e0a037 - c05d24b125484b8ea391f52662851fdf c05d24b125484b8ea391f52662851fdf] 10.0.20.27 "GET /v2.0/security-groups?id=d5844138-3b82-4b59-949f-8d9dbdb7a71a HTTP/1.1" status: 200  len: 2118 time: 0.1363299
2018-09-29 01:11:33.979 2548 INFO neutron.wsgi [req-3113da49-a93f-4ae2-b617-49ca194f4bb6 84b85dc3831841e999b63e4879e07725 8961986b09aa454c91f8843d75e99a17 - default default] 10.0.20.27 "GET /v2.0/ports?tenant_id=65191f795ad643a8973b96e970e0a037&device_id=4d15add6-9a19-4420-b0ef-6b9e6ef14997 HTTP/1.1" status: 200  len: 1123 time: 0.1936932
2018-09-29 01:11:34.267 2548 DEBUG neutron.pecan_wsgi.hooks.policy_enforcement [req-95c8752b-f47b-4775-a7a2-f99b9a5e5d99 84b85dc3831841e999b63e4879e07725 8961986b09aa454c91f8843d75e99a17 - default default] Attributes excluded by policy engine: [u'vlan_transparent'] _exclude_attributes_by_policy /usr/lib/python2.7/site-packages/neutron/pecan_wsgi/hooks/policy_enforcement.py:256
2018-09-29 01:11:34.270 2548 INFO neutron.wsgi [req-95c8752b-f47b-4775-a7a2-f99b9a5e5d99 84b85dc3831841e999b63e4879e07725 8961986b09aa454c91f8843d75e99a17 - default default] 10.0.20.27 "GET /v2.0/networks?id=f33a12f2-6181-4426-bf72-7b3410029c1c HTTP/1.1" status: 200  len: 885 time: 0.2824211
2018-09-29 01:11:34.312 2548 INFO neutron.wsgi [req-60d1d070-712b-43fc-8f2d-1c1664b830d4 84b85dc3831841e999b63e4879e07725 8961986b09aa454c91f8843d75e99a17 - default default] 10.0.20.27 "GET /v2.0/floatingips?fixed_ip_address=11.11.1.3&port_id=2b3a60b8-0dd1-47e5-ade4-82e80de4e604 HTTP/1.1" status: 200  len: 750 time: 0.0355489
2018-09-29 01:11:34.441 2548 DEBUG neutron.pecan_wsgi.hooks.policy_enforcement [req-571fca19-e4dd-4560-894a-e30c92095d31 84b85dc3831841e999b63e4879e07725 8961986b09aa454c91f8843d75e99a17 - default default] Attributes excluded by policy engine: [u'shared'] _exclude_attributes_by_policy /usr/lib/python2.7/site-packages/neutron/pecan_wsgi/hooks/policy_enforcement.py:256
2018-09-29 01:11:34.444 2548 INFO neutron.wsgi [req-571fca19-e4dd-4560-894a-e30c92095d31 84b85dc3831841e999b63e4879e07725 8961986b09aa454c91f8843d75e99a17 - default default] 10.0.20.27 "GET /v2.0/subnets?id=a42c4c2e-3199-45bc-b2f7-9b0aa65ec395 HTTP/1.1" status: 200  len: 843 time: 0.1254661
2018-09-29 01:11:34.579 2548 INFO neutron.wsgi [req-e51dcedd-b13a-47a6-bddd-14d9d3e1d95b 84b85dc3831841e999b63e4879e07725 8961986b09aa454c91f8843d75e99a17 - default default] 10.0.20.27 "GET /v2.0/ports?network_id=f33a12f2-6181-4426-bf72-7b3410029c1c&device_owner=network%3Adhcp HTTP/1.1" status: 200  len: 1127 time: 0.1274521
2018-09-29 01:11:35.146 2558 DEBUG neutron.db.agents_db [req-a0568bbd-5668-41af-86dd-f0ccc8a0e012 - - - - -] Agent healthcheck: found 5 active agents agent_health_check /usr/lib/python2.7/site-packages/neutron/db/agents_db.py:281
2018-09-29 01:11:36.308 2552 DEBUG neutron.plugins.ml2.rpc [req-3aaf9ca9-bd7e-4a5f-bbe1-5916192942b1 - - - - -] Device 2b3a60b8-0dd1-47e5-ade4-82e80de4e604 no longer exists at agent ovs-agent-localhost.localdomain update_device_down /usr/lib/python2.7/site-packages/neutron/plugins/ml2/rpc.py:213
2018-09-29 01:11:36.532 2552 DEBUG neutron_lib.callbacks.manager [req-3aaf9ca9-bd7e-4a5f-bbe1-5916192942b1 - - - - -] Notify callbacks ['neutron.plugins.ml2.plugin.Ml2Plugin._ensure_default_security_group_handler-1820467'] for port, before_update _notify_loop /usr/lib/python2.7/site-packages/neutron_lib/callbacks/manager.py:167
2018-09-29 01:11:36.629 2552 DEBUG oslo_concurrency.lockutils [-] Lock "notifier-a76caaa0-958e-46ed-943b-7720f24158ef" acquired by "neutron.notifiers.batch_notifier.synced_send" :: waited 0.000s inner /usr/lib/python2.7/site-packages/oslo_concurrency/lockutils.py:270
2018-09-29 01:11:36.630 2552 DEBUG neutron.notifiers.nova [-] Sending events: [{'status': 'completed', 'tag': u'2b3a60b8-0dd1-47e5-ade4-82e80de4e604', 'name': 'network-vif-unplugged', 'server_uuid': u'4d15add6-9a19-4420-b0ef-6b9e6ef14997'}] send_events /usr/lib/python2.7/site-packages/neutron/notifiers/nova.py:242
2018-09-29 01:11:36.638 2552 DEBUG neutron.plugins.ml2.db [req-3aaf9ca9-bd7e-4a5f-bbe1-5916192942b1 - - - - -] For port 2b3a60b8-0dd1-47e5-ade4-82e80de4e604, host localhost.localdomain, got binding levels [<neutron.plugins.ml2.models.PortBindingLevel[object at 7fbbbb7f0250] {port_id=u'2b3a60b8-0dd1-47e5-ade4-82e80de4e604', host=u'localhost.localdomain', level=0, driver=u'openvswitch', segment_id=u'ce9d1b90-28f4-4083-8d74-8aed9d0e371d'}>] get_binding_levels /usr/lib/python2.7/site-packages/neutron/plugins/ml2/db.py:106
2018-09-29 01:11:36.652 2552 DEBUG neutron_lib.callbacks.manager [req-3aaf9ca9-bd7e-4a5f-bbe1-5916192942b1 - - - - -] Notify callbacks ['neutron.api.rpc.agentnotifiers.dhcp_rpc_agent_api.DhcpAgentNotifyAPI._native_event_send_dhcp_notification-680874', 'neutron.plugins.ml2.ovo_rpc._ObjectChangeHandler.handle_event--9223372036854205534', 'neutron.plugins.ml2.plugin.Ml2Plugin.notify_sg_on_port_change-1819540', 'neutron.db.l3_dvrscheduler_db._notify_l3_agent_port_update-8777768161977', 'neutron.db.l3_hascheduler_db._notify_l3_agent_ha_port_update--9223363259086612980'] for port, after_update _notify_loop /usr/lib/python2.7/site-packages/neutron_lib/callbacks/manager.py:167
2018-09-29 01:11:36.666 2552 DEBUG oslo_concurrency.lockutils [-] Lock "event-dispatch" acquired by "neutron.plugins.ml2.ovo_rpc.dispatch_events" :: waited 0.000s inner /usr/lib/python2.7/site-packages/oslo_concurrency/lockutils.py:270
2018-09-29 01:11:36.819 2552 DEBUG neutron.api.rpc.handlers.resources_rpc [req-3aaf9ca9-bd7e-4a5f-bbe1-5916192942b1 - - - - -] neutron.api.rpc.handlers.resources_rpc.ResourcesPushRpcApi method push called with arguments (<neutron_lib.context.Context object at 0x7fbbbb8a4d50>, [Port(admin_state_up=True,allowed_address_pairs=[],binding=PortBinding,binding_levels=[PortBindingLevel],created_at=2018-09-29T05:08:28Z,data_plane_status=<?>,description='',device_id='4d15add6-9a19-4420-b0ef-6b9e6ef14997',device_owner='compute:nova',dhcp_options=[],distributed_binding=None,dns=None,fixed_ips=[IPAllocation],id=2b3a60b8-0dd1-47e5-ade4-82e80de4e604,mac_address=fa:16:3e:93:43:a9,name='',network_id=f33a12f2-6181-4426-bf72-7b3410029c1c,project_id='65191f795ad643a8973b96e970e0a037',qos_policy_id=None,revision_number=7,security=PortSecurity(2b3a60b8-0dd1-47e5-ade4-82e80de4e604),security_group_ids=set([d5844138-3b82-4b59-949f-8d9dbdb7a71a]),status='DOWN',updated_at=2018-09-29T05:11:36Z)], 'updated') {} wrapper /usr/lib/python2.7/site-packages/oslo_log/helpers.py:66
2018-09-29 01:11:36.831 2552 DEBUG neutron.api.rpc.callbacks.version_manager [req-3aaf9ca9-bd7e-4a5f-bbe1-5916192942b1 - - - - -] Version for resource type Subnet changed None to 1.0 on consumer Open vSwitch agent@localhost.localdomain _set_version /usr/lib/python2.7/site-packages/neutron/api/rpc/callbacks/version_manager.py:119
2018-09-29 01:11:36.832 2552 DEBUG neutron.api.rpc.callbacks.version_manager [req-3aaf9ca9-bd7e-4a5f-bbe1-5916192942b1 - - - - -] Version for resource type Network changed None to 1.0 on consumer Open vSwitch agent@localhost.localdomain _set_version /usr/lib/python2.7/site-packages/neutron/api/rpc/callbacks/version_manager.py:119
2018-09-29 01:11:36.833 2552 DEBUG neutron.api.rpc.callbacks.version_manager [req-3aaf9ca9-bd7e-4a5f-bbe1-5916192942b1 - - - - -] Version for resource type SubPort changed None to 1.0 on consumer Open vSwitch agent@localhost.localdomain _set_version /usr/lib/python2.7/site-packages/neutron/api/rpc/callbacks/version_manager.py:119
2018-09-29 01:11:36.833 2552 DEBUG neutron.api.rpc.callbacks.version_manager [req-3aaf9ca9-bd7e-4a5f-bbe1-5916192942b1 - - - - -] Version for resource type SecurityGroup changed None to 1.0 on consumer Open vSwitch agent@localhost.localdomain _set_version /usr/lib/python2.7/site-packages/neutron/api/rpc/callbacks/version_manager.py:119
2018-09-29 01:11:36.834 2552 DEBUG neutron.api.rpc.callbacks.version_manager [req-3aaf9ca9-bd7e-4a5f-bbe1-5916192942b1 - - - - -] Version for resource type SecurityGroupRule changed None to 1.0 on consumer Open vSwitch agent@localhost.localdomain _set_version /usr/lib/python2.7/site-packages/neutron/api/rpc/callbacks/version_manager.py:119
2018-09-29 01:11:36.835 2552 DEBUG neutron.api.rpc.callbacks.version_manager [req-3aaf9ca9-bd7e-4a5f-bbe1-5916192942b1 - - - - -] Version for resource type Trunk changed None to 1.1 on consumer Open vSwitch agent@localhost.localdomain _set_version /usr/lib/python2.7/site-packages/neutron/api/rpc/callbacks/version_manager.py:119
2018-09-29 01:11:36.835 2552 DEBUG neutron.api.rpc.callbacks.version_manager [req-3aaf9ca9-bd7e-4a5f-bbe1-5916192942b1 - - - - -] Version for resource type QosPolicy changed None to 1.6 on consumer Open vSwitch agent@localhost.localdomain _set_version /usr/lib/python2.7/site-packages/neutron/api/rpc/callbacks/version_manager.py:119
2018-09-29 01:11:36.836 2552 DEBUG neutron.api.rpc.callbacks.version_manager [req-3aaf9ca9-bd7e-4a5f-bbe1-5916192942b1 - - - - -] Version for resource type Port changed None to 1.1 on consumer Open vSwitch agent@localhost.localdomain _set_version /usr/lib/python2.7/site-packages/neutron/api/rpc/callbacks/version_manager.py:119
2018-09-29 01:11:36.837 2552 DEBUG neutron.api.rpc.callbacks.version_manager [req-3aaf9ca9-bd7e-4a5f-bbe1-5916192942b1 - - - - -] Version for resource type Log changed None to 1.0 on consumer Open vSwitch agent@localhost.localdomain _set_version /usr/lib/python2.7/site-packages/neutron/api/rpc/callbacks/version_manager.py:119
2018-09-29 01:11:36.857 2552 DEBUG oslo_concurrency.lockutils [req-3aaf9ca9-bd7e-4a5f-bbe1-5916192942b1 - - - - -] Lock "event-dispatch" released by "neutron.plugins.ml2.ovo_rpc.dispatch_events" :: held 0.191s inner /usr/lib/python2.7/site-packages/oslo_concurrency/lockutils.py:282
2018-09-29 01:11:37.557 2552 DEBUG novaclient.v2.client [-] REQ: curl -g -i -X POST http://10.0.20.27:8774/v2.1/8961986b09aa454c91f8843d75e99a17/os-server-external-events -H "User-Agent: python-novaclient" -H "Content-Type: application/json" -H "Accept: application/json" -H "X-OpenStack-Nova-API-Version: 2.1" -H "X-Auth-Token: {SHA1}7572059246a655806d54e61a9482da97b59fc3b7" -d '{"events": [{"status": "completed", "tag": "2b3a60b8-0dd1-47e5-ade4-82e80de4e604", "name": "network-vif-unplugged", "server_uuid": "4d15add6-9a19-4420-b0ef-6b9e6ef14997"}]}' _http_log_request /usr/lib/python2.7/site-packages/keystoneauth1/session.py:375
2018-09-29 01:11:38.001 2552 DEBUG novaclient.v2.client [-] RESP: [200] Content-Length: 185 Content-Type: application/json Openstack-Api-Version: compute 2.1 X-Openstack-Nova-Api-Version: 2.1 Vary: OpenStack-API-Version, X-OpenStack-Nova-API-Version X-Openstack-Request-Id: req-21457683-0a48-49ac-9456-8e9f7feac988 X-Compute-Request-Id: req-21457683-0a48-49ac-9456-8e9f7feac988 Date: Sat, 29 Sep 2018 05:11:37 GMT Connection: keep-alive 
RESP BODY: {"events": [{"status": "completed", "tag": "2b3a60b8-0dd1-47e5-ade4-82e80de4e604", "name": "network-vif-unplugged", "server_uuid": "4d15add6-9a19-4420-b0ef-6b9e6ef14997", "code": 200}]}
 _http_log_response /usr/lib/python2.7/site-packages/keystoneauth1/session.py:423
2018-09-29 01:11:38.001 2552 DEBUG novaclient.v2.client [-] POST call to compute for http://10.0.20.27:8774/v2.1/8961986b09aa454c91f8843d75e99a17/os-server-external-events used request id req-21457683-0a48-49ac-9456-8e9f7feac988 request /usr/lib/python2.7/site-packages/keystoneauth1/session.py:727
2018-09-29 01:11:38.008 2552 INFO neutron.notifiers.nova [-] Nova event response: {u'status': u'completed', u'tag': u'2b3a60b8-0dd1-47e5-ade4-82e80de4e604', u'name': u'network-vif-unplugged', u'server_uuid': u'4d15add6-9a19-4420-b0ef-6b9e6ef14997', u'code': 200}
2018-09-29 01:11:39.399 2556 DEBUG neutron_lib.callbacks.manager [req-bb307b4b-f8fb-4e04-a870-9394d3dfff26 - - - - -] Notify callbacks ['neutron.services.segments.db._update_segment_host_mapping_for_agent-8777768524714'] for agent, after_update _notify_loop /usr/lib/python2.7/site-packages/neutron_lib/callbacks/manager.py:167
2018-09-29 01:11:39.402 2549 DEBUG neutron_lib.callbacks.manager [req-baac5bd7-a3de-42f7-abd1-f98e195e1d56 - - - - -] Notify callbacks ['neutron.services.segments.db._update_segment_host_mapping_for_agent-8777768524714'] for agent, after_update _notify_loop /usr/lib/python2.7/site-packages/neutron_lib/callbacks/manager.py:167
2018-09-29 01:11:39.448 2555 DEBUG neutron_lib.callbacks.manager [req-a4aa320d-0397-46f1-9b8b-13e69faf3ed3 - - - - -] Notify callbacks ['neutron.services.segments.db._update_segment_host_mapping_for_agent-8777768524714'] for agent, after_update _notify_loop /usr/lib/python2.7/site-packages/neutron_lib/callbacks/manager.py:167
2018-09-29 01:11:40.009 2552 DEBUG oslo_concurrency.lockutils [-] Lock "notifier-a76caaa0-958e-46ed-943b-7720f24158ef" released by "neutron.notifiers.batch_notifier.synced_send" :: held 3.380s inner /usr/lib/python2.7/site-packages/oslo_concurrency/lockutils.py:282
2018-09-29 01:11:41.155 2548 INFO neutron.wsgi [req-df033f2a-aa64-45a1-97b4-2c9a54baceef 106d3364e83242f1b616535fe6901cbb 65191f795ad643a8973b96e970e0a037 - c05d24b125484b8ea391f52662851fdf c05d24b125484b8ea391f52662851fdf] 10.0.20.27 "GET /v2.0/ports?device_id=4d15add6-9a19-4420-b0ef-6b9e6ef14997 HTTP/1.1" status: 200  len: 1121 time: 0.5959570
2018-09-29 01:11:41.297 2548 INFO neutron.wsgi [req-12f9bcac-5faa-4fa5-bba0-e10165a0583e 106d3364e83242f1b616535fe6901cbb 65191f795ad643a8973b96e970e0a037 - c05d24b125484b8ea391f52662851fdf c05d24b125484b8ea391f52662851fdf] 10.0.20.27 "GET /v2.0/security-groups?id=d5844138-3b82-4b59-949f-8d9dbdb7a71a HTTP/1.1" status: 200  len: 2118 time: 0.1354280
2018-09-29 01:11:44.551 2555 DEBUG neutron.plugins.ml2.rpc [req-3aaf9ca9-bd7e-4a5f-bbe1-5916192942b1 - - - - -] Device 2b3a60b8-0dd1-47e5-ade4-82e80de4e604 up at agent ovs-agent-localhost.localdomain update_device_up /usr/lib/python2.7/site-packages/neutron/plugins/ml2/rpc.py:244
2018-09-29 01:11:44.767 2555 DEBUG neutron.db.provisioning_blocks [req-3aaf9ca9-bd7e-4a5f-bbe1-5916192942b1 - - - - -] Provisioning complete for port 2b3a60b8-0dd1-47e5-ade4-82e80de4e604 triggered by entity L2. provisioning_complete /usr/lib/python2.7/site-packages/neutron/db/provisioning_blocks.py:138
2018-09-29 01:11:44.769 2555 DEBUG neutron_lib.callbacks.manager [req-3aaf9ca9-bd7e-4a5f-bbe1-5916192942b1 - - - - -] Notify callbacks ['neutron.plugins.ml2.plugin.Ml2Plugin._port_provisioned--9223372036853271828'] for port, provisioning_complete _notify_loop /usr/lib/python2.7/site-packages/neutron_lib/callbacks/manager.py:167
2018-09-29 01:11:44.995 2555 DEBUG neutron_lib.callbacks.manager [req-3aaf9ca9-bd7e-4a5f-bbe1-5916192942b1 - - - - -] Notify callbacks ['neutron.plugins.ml2.plugin.Ml2Plugin._ensure_default_security_group_handler-1820467'] for port, before_update _notify_loop /usr/lib/python2.7/site-packages/neutron_lib/callbacks/manager.py:167
2018-09-29 01:11:45.109 2555 DEBUG neutron.plugins.ml2.db [req-3aaf9ca9-bd7e-4a5f-bbe1-5916192942b1 - - - - -] For port 2b3a60b8-0dd1-47e5-ade4-82e80de4e604, host localhost.localdomain, got binding levels [<neutron.plugins.ml2.models.PortBindingLevel[object at 7fbbbb80fad0] {port_id=u'2b3a60b8-0dd1-47e5-ade4-82e80de4e604', host=u'localhost.localdomain', level=0, driver=u'openvswitch', segment_id=u'ce9d1b90-28f4-4083-8d74-8aed9d0e371d'}>] get_binding_levels /usr/lib/python2.7/site-packages/neutron/plugins/ml2/db.py:106
2018-09-29 01:11:45.113 2555 DEBUG oslo_concurrency.lockutils [-] Lock "notifier-a76caaa0-958e-46ed-943b-7720f24158ef" acquired by "neutron.notifiers.batch_notifier.synced_send" :: waited 0.000s inner /usr/lib/python2.7/site-packages/oslo_concurrency/lockutils.py:270
2018-09-29 01:11:45.115 2555 DEBUG neutron.notifiers.nova [-] Sending events: [{'status': 'completed', 'tag': u'2b3a60b8-0dd1-47e5-ade4-82e80de4e604', 'name': 'network-vif-plugged', 'server_uuid': u'4d15add6-9a19-4420-b0ef-6b9e6ef14997'}] send_events /usr/lib/python2.7/site-packages/neutron/notifiers/nova.py:242
2018-09-29 01:11:45.127 2555 DEBUG novaclient.v2.client [-] REQ: curl -g -i -X POST http://10.0.20.27:8774/v2.1/8961986b09aa454c91f8843d75e99a17/os-server-external-events -H "User-Agent: python-novaclient" -H "Content-Type: application/json" -H "Accept: application/json" -H "X-OpenStack-Nova-API-Version: 2.1" -H "X-Auth-Token: {SHA1}26bdffb153773a9360af767bcc1792c723dc5327" -d '{"events": [{"status": "completed", "tag": "2b3a60b8-0dd1-47e5-ade4-82e80de4e604", "name": "network-vif-plugged", "server_uuid": "4d15add6-9a19-4420-b0ef-6b9e6ef14997"}]}' _http_log_request /usr/lib/python2.7/site-packages/keystoneauth1/session.py:375
2018-09-29 01:11:45.137 2555 DEBUG neutron_lib.callbacks.manager [req-3aaf9ca9-bd7e-4a5f-bbe1-5916192942b1 - - - - -] Notify callbacks ['neutron.api.rpc.agentnotifiers.dhcp_rpc_agent_api.DhcpAgentNotifyAPI._native_event_send_dhcp_notification-680874', 'neutron.plugins.ml2.ovo_rpc._ObjectChangeHandler.handle_event--9223372036854205534', 'neutron.plugins.ml2.plugin.Ml2Plugin.notify_sg_on_port_change-1819540', 'neutron.db.l3_dvrscheduler_db._notify_l3_agent_port_update-8777768161977', 'neutron.db.l3_hascheduler_db._notify_l3_agent_ha_port_update--9223363259086612980'] for port, after_update _notify_loop /usr/lib/python2.7/site-packages/neutron_lib/callbacks/manager.py:167
2018-09-29 01:11:45.153 2555 DEBUG oslo_concurrency.lockutils [-] Lock "event-dispatch" acquired by "neutron.plugins.ml2.ovo_rpc.dispatch_events" :: waited 0.000s inner /usr/lib/python2.7/site-packages/oslo_concurrency/lockutils.py:270
2018-09-29 01:11:45.361 2555 DEBUG neutron.api.rpc.handlers.resources_rpc [req-3aaf9ca9-bd7e-4a5f-bbe1-5916192942b1 - - - - -] neutron.api.rpc.handlers.resources_rpc.ResourcesPushRpcApi method push called with arguments (<neutron_lib.context.Context object at 0x7fbbbbafd490>, [Port(admin_state_up=True,allowed_address_pairs=[],binding=PortBinding,binding_levels=[PortBindingLevel],created_at=2018-09-29T05:08:28Z,data_plane_status=<?>,description='',device_id='4d15add6-9a19-4420-b0ef-6b9e6ef14997',device_owner='compute:nova',dhcp_options=[],distributed_binding=None,dns=None,fixed_ips=[IPAllocation],id=2b3a60b8-0dd1-47e5-ade4-82e80de4e604,mac_address=fa:16:3e:93:43:a9,name='',network_id=f33a12f2-6181-4426-bf72-7b3410029c1c,project_id='65191f795ad643a8973b96e970e0a037',qos_policy_id=None,revision_number=8,security=PortSecurity(2b3a60b8-0dd1-47e5-ade4-82e80de4e604),security_group_ids=set([d5844138-3b82-4b59-949f-8d9dbdb7a71a]),status='ACTIVE',updated_at=2018-09-29T05:11:45Z)], 'updated') {} wrapper /usr/lib/python2.7/site-packages/oslo_log/helpers.py:66
2018-09-29 01:11:45.376 2555 DEBUG neutron.api.rpc.callbacks.version_manager [req-3aaf9ca9-bd7e-4a5f-bbe1-5916192942b1 - - - - -] Version for resource type Subnet changed None to 1.0 on consumer Open vSwitch agent@localhost.localdomain _set_version /usr/lib/python2.7/site-packages/neutron/api/rpc/callbacks/version_manager.py:119
2018-09-29 01:11:45.377 2555 DEBUG neutron.api.rpc.callbacks.version_manager [req-3aaf9ca9-bd7e-4a5f-bbe1-5916192942b1 - - - - -] Version for resource type Network changed None to 1.0 on consumer Open vSwitch agent@localhost.localdomain _set_version /usr/lib/python2.7/site-packages/neutron/api/rpc/callbacks/version_manager.py:119
2018-09-29 01:11:45.378 2555 DEBUG neutron.api.rpc.callbacks.version_manager [req-3aaf9ca9-bd7e-4a5f-bbe1-5916192942b1 - - - - -] Version for resource type SubPort changed None to 1.0 on consumer Open vSwitch agent@localhost.localdomain _set_version /usr/lib/python2.7/site-packages/neutron/api/rpc/callbacks/version_manager.py:119
2018-09-29 01:11:45.378 2555 DEBUG neutron.api.rpc.callbacks.version_manager [req-3aaf9ca9-bd7e-4a5f-bbe1-5916192942b1 - - - - -] Version for resource type SecurityGroup changed None to 1.0 on consumer Open vSwitch agent@localhost.localdomain _set_version /usr/lib/python2.7/site-packages/neutron/api/rpc/callbacks/version_manager.py:119
2018-09-29 01:11:45.379 2555 DEBUG neutron.api.rpc.callbacks.version_manager [req-3aaf9ca9-bd7e-4a5f-bbe1-5916192942b1 - - - - -] Version for resource type SecurityGroupRule changed None to 1.0 on consumer Open vSwitch agent@localhost.localdomain _set_version /usr/lib/python2.7/site-packages/neutron/api/rpc/callbacks/version_manager.py:119
2018-09-29 01:11:45.380 2555 DEBUG neutron.api.rpc.callbacks.version_manager [req-3aaf9ca9-bd7e-4a5f-bbe1-5916192942b1 - - - - -] Version for resource type Trunk changed None to 1.1 on consumer Open vSwitch agent@localhost.localdomain _set_version /usr/lib/python2.7/site-packages/neutron/api/rpc/callbacks/version_manager.py:119
2018-09-29 01:11:45.381 2555 DEBUG neutron.api.rpc.callbacks.version_manager [req-3aaf9ca9-bd7e-4a5f-bbe1-5916192942b1 - - - - -] Version for resource type QosPolicy changed None to 1.6 on consumer Open vSwitch agent@localhost.localdomain _set_version /usr/lib/python2.7/site-packages/neutron/api/rpc/callbacks/version_manager.py:119
2018-09-29 01:11:45.382 2555 DEBUG neutron.api.rpc.callbacks.version_manager [req-3aaf9ca9-bd7e-4a5f-bbe1-5916192942b1 - - - - -] Version for resource type Port changed None to 1.1 on consumer Open vSwitch agent@localhost.localdomain _set_version /usr/lib/python2.7/site-packages/neutron/api/rpc/callbacks/version_manager.py:119
2018-09-29 01:11:45.383 2555 DEBUG neutron.api.rpc.callbacks.version_manager [req-3aaf9ca9-bd7e-4a5f-bbe1-5916192942b1 - - - - -] Version for resource type Log changed None to 1.0 on consumer Open vSwitch agent@localhost.localdomain _set_version /usr/lib/python2.7/site-packages/neutron/api/rpc/callbacks/version_manager.py:119
2018-09-29 01:11:45.404 2555 DEBUG oslo_concurrency.lockutils [req-3aaf9ca9-bd7e-4a5f-bbe1-5916192942b1 - - - - -] Lock "event-dispatch" released by "neutron.plugins.ml2.ovo_rpc.dispatch_events" :: held 0.251s inner /usr/lib/python2.7/site-packages/oslo_concurrency/lockutils.py:282
2018-09-29 01:11:45.553 2555 DEBUG novaclient.v2.client [-] RESP: [200] Content-Length: 183 Content-Type: application/json Openstack-Api-Version: compute 2.1 X-Openstack-Nova-Api-Version: 2.1 Vary: OpenStack-API-Version, X-OpenStack-Nova-API-Version X-Openstack-Request-Id: req-d84d1e47-ac82-4781-8550-000821fd6c44 X-Compute-Request-Id: req-d84d1e47-ac82-4781-8550-000821fd6c44 Date: Sat, 29 Sep 2018 05:11:45 GMT Connection: keep-alive 
RESP BODY: {"events": [{"status": "completed", "tag": "2b3a60b8-0dd1-47e5-ade4-82e80de4e604", "name": "network-vif-plugged", "server_uuid": "4d15add6-9a19-4420-b0ef-6b9e6ef14997", "code": 200}]}
 _http_log_response /usr/lib/python2.7/site-packages/keystoneauth1/session.py:423
2018-09-29 01:11:45.554 2555 DEBUG novaclient.v2.client [-] POST call to compute for http://10.0.20.27:8774/v2.1/8961986b09aa454c91f8843d75e99a17/os-server-external-events used request id req-d84d1e47-ac82-4781-8550-000821fd6c44 request /usr/lib/python2.7/site-packages/keystoneauth1/session.py:727
2018-09-29 01:11:45.562 2555 INFO neutron.notifiers.nova [-] Nova event response: {u'status': u'completed', u'tag': u'2b3a60b8-0dd1-47e5-ade4-82e80de4e604', u'name': u'network-vif-plugged', u'server_uuid': u'4d15add6-9a19-4420-b0ef-6b9e6ef14997', u'code': 200}
2018-09-29 01:11:46.338 2556 DEBUG neutron.plugins.ml2.rpc [req-3aaf9ca9-bd7e-4a5f-bbe1-5916192942b1 - - - - -] Device 2b3a60b8-0dd1-47e5-ade4-82e80de4e604 up at agent ovs-agent-localhost.localdomain update_device_up /usr/lib/python2.7/site-packages/neutron/plugins/ml2/rpc.py:244
2018-09-29 01:11:46.427 2554 DEBUG neutron_lib.callbacks.manager [req-3aaf9ca9-bd7e-4a5f-bbe1-5916192942b1 - - - - -] Notify callbacks ['neutron.services.segments.db._update_segment_host_mapping_for_agent-8777768524714'] for agent, after_update _notify_loop /usr/lib/python2.7/site-packages/neutron_lib/callbacks/manager.py:167
2018-09-29 01:11:46.515 2556 DEBUG neutron.db.provisioning_blocks [req-3aaf9ca9-bd7e-4a5f-bbe1-5916192942b1 - - - - -] Provisioning complete for port 2b3a60b8-0dd1-47e5-ade4-82e80de4e604 triggered by entity L2. provisioning_complete /usr/lib/python2.7/site-packages/neutron/db/provisioning_blocks.py:138
2018-09-29 01:11:46.517 2556 DEBUG neutron_lib.callbacks.manager [req-3aaf9ca9-bd7e-4a5f-bbe1-5916192942b1 - - - - -] Notify callbacks ['neutron.plugins.ml2.plugin.Ml2Plugin._port_provisioned--9223372036853271828'] for port, provisioning_complete _notify_loop /usr/lib/python2.7/site-packages/neutron_lib/callbacks/manager.py:167
2018-09-29 01:11:47.564 2555 DEBUG oslo_concurrency.lockutils [-] Lock "notifier-a76caaa0-958e-46ed-943b-7720f24158ef" released by "neutron.notifiers.batch_notifier.synced_send" :: held 2.450s inner /usr/lib/python2.7/site-packages/oslo_concurrency/lockutils.py:282
2018-09-29 01:11:53.585 2542 INFO neutron.wsgi [req-0371210d-d513-47bd-9931-9cde9c80f24c 106d3364e83242f1b616535fe6901cbb 65191f795ad643a8973b96e970e0a037 - c05d24b125484b8ea391f52662851fdf c05d24b125484b8ea391f52662851fdf] 10.0.20.27 "GET /v2.0/ports?device_id=4d15add6-9a19-4420-b0ef-6b9e6ef14997 HTTP/1.1" status: 200  len: 1123 time: 1.2083471
2018-09-29 01:11:53.733 2542 INFO neutron.wsgi [req-50579e08-7273-426a-9bbb-0d737db8a78a 106d3364e83242f1b616535fe6901cbb 65191f795ad643a8973b96e970e0a037 - c05d24b125484b8ea391f52662851fdf c05d24b125484b8ea391f52662851fdf] 10.0.20.27 "GET /v2.0/security-groups?id=d5844138-3b82-4b59-949f-8d9dbdb7a71a HTTP/1.1" status: 200  len: 2118 time: 0.1408641
2018-09-29 01:11:55.244 2552 DEBUG neutron_lib.callbacks.manager [req-1529e344-da47-43d0-8219-3dc37e61fe7c - - - - -] Notify callbacks ['neutron.services.segments.db._update_segment_host_mapping_for_agent-8777768524714'] for agent, after_update _notify_loop /usr/lib/python2.7/site-packages/neutron_lib/callbacks/manager.py:167
2018-09-29 01:12:08.142 2548 INFO neutron.wsgi [req-e0cd04c7-7795-43f7-b23b-20eb63950df4 84b85dc3831841e999b63e4879e07725 8961986b09aa454c91f8843d75e99a17 - default default] 10.0.20.27 "GET /v2.0/ports?tenant_id=65191f795ad643a8973b96e970e0a037&device_id=4d15add6-9a19-4420-b0ef-6b9e6ef14997 HTTP/1.1" status: 200  len: 1123 time: 0.1422410
2018-09-29 01:12:08.367 2548 DEBUG neutron.pecan_wsgi.hooks.policy_enforcement [req-d017612a-5a38-4925-8482-d5ed22a31a9f 84b85dc3831841e999b63e4879e07725 8961986b09aa454c91f8843d75e99a17 - default default] Attributes excluded by policy engine: [u'vlan_transparent'] _exclude_attributes_by_policy /usr/lib/python2.7/site-packages/neutron/pecan_wsgi/hooks/policy_enforcement.py:256
2018-09-29 01:12:08.370 2548 INFO neutron.wsgi [req-d017612a-5a38-4925-8482-d5ed22a31a9f 84b85dc3831841e999b63e4879e07725 8961986b09aa454c91f8843d75e99a17 - default default] 10.0.20.27 "GET /v2.0/networks?id=f33a12f2-6181-4426-bf72-7b3410029c1c HTTP/1.1" status: 200  len: 885 time: 0.2204452
2018-09-29 01:12:08.408 2548 INFO neutron.wsgi [req-1c15974c-8fef-4b53-a0c0-696cfdb100d1 84b85dc3831841e999b63e4879e07725 8961986b09aa454c91f8843d75e99a17 - default default] 10.0.20.27 "GET /v2.0/floatingips?fixed_ip_address=11.11.1.3&port_id=2b3a60b8-0dd1-47e5-ade4-82e80de4e604 HTTP/1.1" status: 200  len: 750 time: 0.0327451
2018-09-29 01:12:08.539 2548 DEBUG neutron.pecan_wsgi.hooks.policy_enforcement [req-389cf3db-8514-42a1-8b22-9ce42b6bd944 84b85dc3831841e999b63e4879e07725 8961986b09aa454c91f8843d75e99a17 - default default] Attributes excluded by policy engine: [u'shared'] _exclude_attributes_by_policy /usr/lib/python2.7/site-packages/neutron/pecan_wsgi/hooks/policy_enforcement.py:256
2018-09-29 01:12:08.541 2548 INFO neutron.wsgi [req-389cf3db-8514-42a1-8b22-9ce42b6bd944 84b85dc3831841e999b63e4879e07725 8961986b09aa454c91f8843d75e99a17 - default default] 10.0.20.27 "GET /v2.0/subnets?id=a42c4c2e-3199-45bc-b2f7-9b0aa65ec395 HTTP/1.1" status: 200  len: 843 time: 0.1272671
2018-09-29 01:12:08.669 2548 INFO neutron.wsgi [req-0f59d8f1-9e7d-4cff-a491-49195e6b3eaa 84b85dc3831841e999b63e4879e07725 8961986b09aa454c91f8843d75e99a17 - default default] 10.0.20.27 "GET /v2.0/ports?network_id=f33a12f2-6181-4426-bf72-7b3410029c1c&device_owner=network%3Adhcp HTTP/1.1" status: 200  len: 1127 time: 0.1216071
2018-09-29 01:12:09.385 2557 DEBUG neutron_lib.callbacks.manager [req-027d3d3b-ca34-4816-8e25-e618b79f9c98 - - - - -] Notify callbacks ['neutron.services.segments.db._update_segment_host_mapping_for_agent-8777768524714'] for agent, after_update _notify_loop /usr/lib/python2.7/site-packages/neutron_lib/callbacks/manager.py:167
2018-09-29 01:12:09.388 2553 DEBUG neutron_lib.callbacks.manager [req-bb307b4b-f8fb-4e04-a870-9394d3dfff26 - - - - -] Notify callbacks ['neutron.services.segments.db._update_segment_host_mapping_for_agent-8777768524714'] for agent, after_update _notify_loop /usr/lib/python2.7/site-packages/neutron_lib/callbacks/manager.py:167
2018-09-29 01:12:09.432 2551 DEBUG neutron_lib.callbacks.manager [req-a4aa320d-0397-46f1-9b8b-13e69faf3ed3 - - - - -] Notify callbacks ['neutron.services.segments.db._update_segment_host_mapping_for_agent-8777768524714'] for agent, after_update _notify_loop /usr/lib/python2.7/site-packages/neutron_lib/callbacks/manager.py:167
2018-09-29 01:12:12.142 2558 DEBUG neutron.db.agents_db [req-a0568bbd-5668-41af-86dd-f0ccc8a0e012 - - - - -] Agent healthcheck: found 5 active agents agent_health_check /usr/lib/python2.7/site-packages/neutron/db/agents_db.py:281
2018-09-29 01:12:13.199 2545 INFO neutron.wsgi [req-f6b8e941-dbad-4685-9bd0-561e41a51cb9 84b85dc3831841e999b63e4879e07725 8961986b09aa454c91f8843d75e99a17 - default default] 10.0.20.27 "GET /v2.0/ports?device_id=4d15add6-9a19-4420-b0ef-6b9e6ef14997 HTTP/1.1" status: 200  len: 1123 time: 0.1682429
2018-09-29 01:12:13.387 2545 INFO neutron.wsgi [req-a4acb0d8-03d4-4446-88be-eefac7eb5c54 84b85dc3831841e999b63e4879e07725 8961986b09aa454c91f8843d75e99a17 - default default] 10.0.20.27 "GET /v2.0/security-groups?id=d5844138-3b82-4b59-949f-8d9dbdb7a71a HTTP/1.1" status: 200  len: 2118 time: 0.1753590
2018-09-29 01:12:16.423 2550 DEBUG neutron_lib.callbacks.manager [req-3aaf9ca9-bd7e-4a5f-bbe1-5916192942b1 - - - - -] Notify callbacks ['neutron.services.segments.db._update_segment_host_mapping_for_agent-8777768524714'] for agent, after_update _notify_loop /usr/lib/python2.7/site-packages/neutron_lib/callbacks/manager.py:167
2018-09-29 01:12:16.563 2546 INFO neutron.wsgi [req-04f66028-d402-41cf-b888-fafd6d464851 84b85dc3831841e999b63e4879e07725 8961986b09aa454c91f8843d75e99a17 - default default] 10.0.20.27 "GET /v2.0/ports?device_id=4d15add6-9a19-4420-b0ef-6b9e6ef14997 HTTP/1.1" status: 200  len: 1123 time: 1.3128910
2018-09-29 01:12:16.802 2546 INFO neutron.wsgi [req-4e2bcd9f-35e8-4e20-ab2b-821b1df4d807 84b85dc3831841e999b63e4879e07725 8961986b09aa454c91f8843d75e99a17 - default default] 10.0.20.27 "GET /v2.0/security-groups?id=d5844138-3b82-4b59-949f-8d9dbdb7a71a HTTP/1.1" status: 200  len: 2118 time: 0.2268839
2018-09-29 01:12:18.422 2544 INFO neutron.wsgi [req-b9d8d5e6-6570-484b-8a59-e43869aad0f2 84b85dc3831841e999b63e4879e07725 8961986b09aa454c91f8843d75e99a17 - default default] 10.0.20.27 "GET /v2.0/ports?device_id=4d15add6-9a19-4420-b0ef-6b9e6ef14997 HTTP/1.1" status: 200  len: 1123 time: 0.1203830
2018-09-29 01:12:18.521 2544 INFO neutron.wsgi [req-d4f68807-1c76-4f5d-9d6f-81d751e46ac3 84b85dc3831841e999b63e4879e07725 8961986b09aa454c91f8843d75e99a17 - default default] 10.0.20.27 "GET /v2.0/security-groups?id=d5844138-3b82-4b59-949f-8d9dbdb7a71a HTTP/1.1" status: 200  len: 2118 time: 0.0936282
2018-09-29 01:12:19.257 2546 INFO neutron.wsgi [req-ddcbc47f-23ef-43d6-9508-20f882f94dd4 84b85dc3831841e999b63e4879e07725 8961986b09aa454c91f8843d75e99a17 - default default] 10.0.20.27 "GET /v2.0/ports?device_id=4d15add6-9a19-4420-b0ef-6b9e6ef14997 HTTP/1.1" status: 200  len: 1123 time: 0.1532681
2018-09-29 01:12:19.402 2546 INFO neutron.wsgi [req-016ccc30-bd95-4623-b451-461b1d2c3971 84b85dc3831841e999b63e4879e07725 8961986b09aa454c91f8843d75e99a17 - default default] 10.0.20.27 "GET /v2.0/security-groups?id=d5844138-3b82-4b59-949f-8d9dbdb7a71a HTTP/1.1" status: 200  len: 2118 time: 0.1361921
2018-09-29 01:12:20.558 2544 INFO neutron.wsgi [req-2afb38ca-29ee-4965-a0f5-ae7a62bf7172 84b85dc3831841e999b63e4879e07725 8961986b09aa454c91f8843d75e99a17 - default default] 10.0.20.27 "GET /v2.0/ports?device_id=4d15add6-9a19-4420-b0ef-6b9e6ef14997 HTTP/1.1" status: 200  len: 1123 time: 0.1253719
2018-09-29 01:12:20.662 2544 INFO neutron.wsgi [req-585938fb-3df1-43f6-8123-d56ca3e9f7cb 84b85dc3831841e999b63e4879e07725 8961986b09aa454c91f8843d75e99a17 - default default] 10.0.20.27 "GET /v2.0/security-groups?id=d5844138-3b82-4b59-949f-8d9dbdb7a71a HTTP/1.1" status: 200  len: 2118 time: 0.0950580
2018-09-29 01:12:23.455 2543 INFO neutron.wsgi [req-e4ad1b11-b75b-4d0f-8dd1-c40ab402ef63 84b85dc3831841e999b63e4879e07725 8961986b09aa454c91f8843d75e99a17 - default default] 10.0.20.27 "GET /v2.0/ports?device_id=4d15add6-9a19-4420-b0ef-6b9e6ef14997 HTTP/1.1" status: 200  len: 1123 time: 0.1742530
2018-09-29 01:12:23.623 2543 INFO neutron.wsgi [req-2b52850d-9fc2-4af3-b772-40c92e6ea512 84b85dc3831841e999b63e4879e07725 8961986b09aa454c91f8843d75e99a17 - default default] 10.0.20.27 "GET /v2.0/security-groups?id=d5844138-3b82-4b59-949f-8d9dbdb7a71a HTTP/1.1" status: 200  len: 2118 time: 0.1611521
2018-09-29 01:12:25.234 2556 DEBUG neutron_lib.callbacks.manager [req-233b469a-280f-481c-8ca2-3ed9bcafd343 - - - - -] Notify callbacks ['neutron.services.segments.db._update_segment_host_mapping_for_agent-8777768524714'] for agent, after_update _notify_loop /usr/lib/python2.7/site-packages/neutron_lib/callbacks/manager.py:167
2018-09-29 01:12:39.406 2555 DEBUG neutron_lib.callbacks.manager [req-535bccfa-41bd-4101-a058-b6f156064b88 - - - - -] Notify callbacks ['neutron.services.segments.db._update_segment_host_mapping_for_agent-8777768524714'] for agent, after_update _notify_loop /usr/lib/python2.7/site-packages/neutron_lib/callbacks/manager.py:167
2018-09-29 01:12:39.415 2549 DEBUG neutron_lib.callbacks.manager [req-bb307b4b-f8fb-4e04-a870-9394d3dfff26 - - - - -] Notify callbacks ['neutron.services.segments.db._update_segment_host_mapping_for_agent-8777768524714'] for agent, after_update _notify_loop /usr/lib/python2.7/site-packages/neutron_lib/callbacks/manager.py:167
2018-09-29 01:12:39.442 2554 DEBUG neutron_lib.callbacks.manager [req-a4aa320d-0397-46f1-9b8b-13e69faf3ed3 - - - - -] Notify callbacks ['neutron.services.segments.db._update_segment_host_mapping_for_agent-8777768524714'] for agent, after_update _notify_loop /usr/lib/python2.7/site-packages/neutron_lib/callbacks/manager.py:167
2018-09-29 01:12:46.444 2552 DEBUG neutron_lib.callbacks.manager [req-3aaf9ca9-bd7e-4a5f-bbe1-5916192942b1 - - - - -] Notify callbacks ['neutron.services.segments.db._update_segment_host_mapping_for_agent-8777768524714'] for agent, after_update _notify_loop /usr/lib/python2.7/site-packages/neutron_lib/callbacks/manager.py:167
2018-09-29 01:12:49.145 2558 DEBUG neutron.db.agents_db [req-a0568bbd-5668-41af-86dd-f0ccc8a0e012 - - - - -] Agent healthcheck: found 5 active agents agent_health_check /usr/lib/python2.7/site-packages/neutron/db/agents_db.py:281
2018-09-29 01:12:51.601 2546 DEBUG neutron.wsgi [-] (2546) accepted ('10.0.20.27', 60496) server /usr/lib/python2.7/site-packages/eventlet/wsgi.py:883
2018-09-29 01:12:51.606 2546 INFO neutron.wsgi [-] 10.0.20.27 "GET / HTTP/1.1" status: 200  len: 252 time: 0.0022559
2018-09-29 01:12:52.262 2546 INFO neutron.api.v2.resource [req-9b96620e-c5bc-45bb-bae9-98e97ac0f178 106d3364e83242f1b616535fe6901cbb 65191f795ad643a8973b96e970e0a037 - c05d24b125484b8ea391f52662851fdf c05d24b125484b8ea391f52662851fdf] show failed (client error): The resource could not be found.
2018-09-29 01:12:52.266 2546 INFO neutron.wsgi [req-9b96620e-c5bc-45bb-bae9-98e97ac0f178 106d3364e83242f1b616535fe6901cbb 65191f795ad643a8973b96e970e0a037 - c05d24b125484b8ea391f52662851fdf c05d24b125484b8ea391f52662851fdf] 10.0.20.27 "GET /v2.0/floatingips/172.24.4.12 HTTP/1.1" status: 404  len: 325 time: 0.6505260
2018-09-29 01:12:52.318 2546 INFO neutron.wsgi [req-08da7408-782d-4254-8058-32b1210c7029 106d3364e83242f1b616535fe6901cbb 65191f795ad643a8973b96e970e0a037 - c05d24b125484b8ea391f52662851fdf c05d24b125484b8ea391f52662851fdf] 10.0.20.27 "GET /v2.0/floatingips HTTP/1.1" status: 200  len: 1207 time: 0.0433781
2018-09-29 01:12:52.445 2546 DEBUG neutron.plugins.ml2.plugin [req-a7d89825-db72-4f8e-969e-93ab948a4b70 106d3364e83242f1b616535fe6901cbb 65191f795ad643a8973b96e970e0a037 - c05d24b125484b8ea391f52662851fdf c05d24b125484b8ea391f52662851fdf] Deleting port 5729b99e-0785-4e5c-ac6a-acf5269c56e4 _pre_delete_port /usr/lib/python2.7/site-packages/neutron/plugins/ml2/plugin.py:1488
2018-09-29 01:12:52.447 2546 DEBUG neutron_lib.callbacks.manager [req-a7d89825-db72-4f8e-969e-93ab948a4b70 106d3364e83242f1b616535fe6901cbb 65191f795ad643a8973b96e970e0a037 - c05d24b125484b8ea391f52662851fdf c05d24b125484b8ea391f52662851fdf] Notify callbacks ['neutron.db.l3_db._prevent_l3_port_delete_callback--9223363259086047130'] for port, before_delete _notify_loop /usr/lib/python2.7/site-packages/neutron_lib/callbacks/manager.py:167
2018-09-29 01:12:52.856 2546 DEBUG neutron.plugins.ml2.plugin [req-a7d89825-db72-4f8e-969e-93ab948a4b70 106d3364e83242f1b616535fe6901cbb 65191f795ad643a8973b96e970e0a037 - c05d24b125484b8ea391f52662851fdf c05d24b125484b8ea391f52662851fdf] Calling delete_port for 5729b99e-0785-4e5c-ac6a-acf5269c56e4 owned by network:floatingip delete_port /usr/lib/python2.7/site-packages/neutron/plugins/ml2/plugin.py:1547
2018-09-29 01:12:53.204 2546 DEBUG neutron_lib.callbacks.manager [req-a7d89825-db72-4f8e-969e-93ab948a4b70 106d3364e83242f1b616535fe6901cbb 65191f795ad643a8973b96e970e0a037 - c05d24b125484b8ea391f52662851fdf c05d24b125484b8ea391f52662851fdf] Notify callbacks ['neutron.api.rpc.agentnotifiers.dhcp_rpc_agent_api.DhcpAgentNotifyAPI._native_event_send_dhcp_notification-680874', 'neutron.plugins.ml2.ovo_rpc._ObjectChangeHandler.handle_event--9223372036854205534', 'neutron.db.l3_db._notify_routers_callback-8777768702273', 'neutron.plugins.ml2.plugin.Ml2Plugin.notify_sg_on_port_change-1819540', 'neutron.db.l3_dvrscheduler_db._notify_port_delete--9223363259086613839'] for port, after_delete _notify_loop /usr/lib/python2.7/site-packages/neutron_lib/callbacks/manager.py:167
2018-09-29 01:12:53.539 2546 DEBUG oslo_concurrency.lockutils [-] Lock "event-dispatch" acquired by "neutron.plugins.ml2.ovo_rpc.dispatch_events" :: waited 0.000s inner /usr/lib/python2.7/site-packages/oslo_concurrency/lockutils.py:270
2018-09-29 01:12:53.631 2546 DEBUG neutron.api.rpc.handlers.resources_rpc [req-a7d89825-db72-4f8e-969e-93ab948a4b70 106d3364e83242f1b616535fe6901cbb 65191f795ad643a8973b96e970e0a037 - - -] neutron.api.rpc.handlers.resources_rpc.ResourcesPushRpcApi method push called with arguments (<neutron_lib.context.Context object at 0x7fbbbb075150>, [Port(admin_state_up=<?>,allowed_address_pairs=<?>,binding=<?>,binding_levels=<?>,created_at=<?>,data_plane_status=<?>,description=<?>,device_id=<?>,device_owner=<?>,dhcp_options=<?>,distributed_binding=<?>,dns=<?>,fixed_ips=<?>,id=5729b99e-0785-4e5c-ac6a-acf5269c56e4,mac_address=<?>,name=<?>,network_id=<?>,project_id=<?>,qos_policy_id=None,revision_number=<?>,security=<?>,security_group_ids=None,status=<?>,updated_at=<?>)], 'deleted') {} wrapper /usr/lib/python2.7/site-packages/oslo_log/helpers.py:66
2018-09-29 01:12:53.669 2546 DEBUG neutron.api.rpc.callbacks.version_manager [req-a7d89825-db72-4f8e-969e-93ab948a4b70 106d3364e83242f1b616535fe6901cbb 65191f795ad643a8973b96e970e0a037 - - -] Version for resource type Subnet changed None to 1.0 on consumer Open vSwitch agent@localhost.localdomain _set_version /usr/lib/python2.7/site-packages/neutron/api/rpc/callbacks/version_manager.py:119
2018-09-29 01:12:53.670 2546 DEBUG neutron.api.rpc.callbacks.version_manager [req-a7d89825-db72-4f8e-969e-93ab948a4b70 106d3364e83242f1b616535fe6901cbb 65191f795ad643a8973b96e970e0a037 - - -] Version for resource type Network changed None to 1.0 on consumer Open vSwitch agent@localhost.localdomain _set_version /usr/lib/python2.7/site-packages/neutron/api/rpc/callbacks/version_manager.py:119
2018-09-29 01:12:53.670 2546 DEBUG neutron.api.rpc.callbacks.version_manager [req-a7d89825-db72-4f8e-969e-93ab948a4b70 106d3364e83242f1b616535fe6901cbb 65191f795ad643a8973b96e970e0a037 - - -] Version for resource type SubPort changed None to 1.0 on consumer Open vSwitch agent@localhost.localdomain _set_version /usr/lib/python2.7/site-packages/neutron/api/rpc/callbacks/version_manager.py:119
2018-09-29 01:12:53.671 2546 DEBUG neutron.api.rpc.callbacks.version_manager [req-a7d89825-db72-4f8e-969e-93ab948a4b70 106d3364e83242f1b616535fe6901cbb 65191f795ad643a8973b96e970e0a037 - - -] Version for resource type SecurityGroup changed None to 1.0 on consumer Open vSwitch agent@localhost.localdomain _set_version /usr/lib/python2.7/site-packages/neutron/api/rpc/callbacks/version_manager.py:119
2018-09-29 01:12:53.672 2546 DEBUG neutron.api.rpc.callbacks.version_manager [req-a7d89825-db72-4f8e-969e-93ab948a4b70 106d3364e83242f1b616535fe6901cbb 65191f795ad643a8973b96e970e0a037 - - -] Version for resource type SecurityGroupRule changed None to 1.0 on consumer Open vSwitch agent@localhost.localdomain _set_version /usr/lib/python2.7/site-packages/neutron/api/rpc/callbacks/version_manager.py:119
2018-09-29 01:12:53.673 2546 DEBUG neutron.api.rpc.callbacks.version_manager [req-a7d89825-db72-4f8e-969e-93ab948a4b70 106d3364e83242f1b616535fe6901cbb 65191f795ad643a8973b96e970e0a037 - - -] Version for resource type Trunk changed None to 1.1 on consumer Open vSwitch agent@localhost.localdomain _set_version /usr/lib/python2.7/site-packages/neutron/api/rpc/callbacks/version_manager.py:119
2018-09-29 01:12:53.673 2546 DEBUG neutron.api.rpc.callbacks.version_manager [req-a7d89825-db72-4f8e-969e-93ab948a4b70 106d3364e83242f1b616535fe6901cbb 65191f795ad643a8973b96e970e0a037 - - -] Version for resource type QosPolicy changed None to 1.6 on consumer Open vSwitch agent@localhost.localdomain _set_version /usr/lib/python2.7/site-packages/neutron/api/rpc/callbacks/version_manager.py:119
2018-09-29 01:12:53.674 2546 DEBUG neutron.api.rpc.callbacks.version_manager [req-a7d89825-db72-4f8e-969e-93ab948a4b70 106d3364e83242f1b616535fe6901cbb 65191f795ad643a8973b96e970e0a037 - - -] Version for resource type Port changed None to 1.1 on consumer Open vSwitch agent@localhost.localdomain _set_version /usr/lib/python2.7/site-packages/neutron/api/rpc/callbacks/version_manager.py:119
2018-09-29 01:12:53.675 2546 DEBUG neutron.api.rpc.callbacks.version_manager [req-a7d89825-db72-4f8e-969e-93ab948a4b70 106d3364e83242f1b616535fe6901cbb 65191f795ad643a8973b96e970e0a037 - - -] Version for resource type Log changed None to 1.0 on consumer Open vSwitch agent@localhost.localdomain _set_version /usr/lib/python2.7/site-packages/neutron/api/rpc/callbacks/version_manager.py:119
2018-09-29 01:12:53.782 2546 DEBUG oslo_concurrency.lockutils [req-a7d89825-db72-4f8e-969e-93ab948a4b70 106d3364e83242f1b616535fe6901cbb 65191f795ad643a8973b96e970e0a037 - - -] Lock "event-dispatch" released by "neutron.plugins.ml2.ovo_rpc.dispatch_events" :: held 0.244s inner /usr/lib/python2.7/site-packages/oslo_concurrency/lockutils.py:282
2018-09-29 01:12:54.165 2546 DEBUG neutron.scheduler.l3_agent_scheduler [req-a7d89825-db72-4f8e-969e-93ab948a4b70 106d3364e83242f1b616535fe6901cbb 65191f795ad643a8973b96e970e0a037 - c05d24b125484b8ea391f52662851fdf c05d24b125484b8ea391f52662851fdf] Router d17382f2-ce65-4ee3-92c1-d19df28c610e has already been hosted by L3 agent 29a64cb9-0d57-4a7f-90f1-107df85f1431 _get_candidates /usr/lib/python2.7/site-packages/neutron/scheduler/l3_agent_scheduler.py:141
2018-09-29 01:12:54.425 2546 DEBUG neutron.api.rpc.agentnotifiers.l3_rpc_agent_api [req-a7d89825-db72-4f8e-969e-93ab948a4b70 106d3364e83242f1b616535fe6901cbb 65191f795ad643a8973b96e970e0a037 - c05d24b125484b8ea391f52662851fdf c05d24b125484b8ea391f52662851fdf] Notify agent at l3_agent.localhost.localdomain the message routers_updated _agent_notification /usr/lib/python2.7/site-packages/neutron/api/rpc/agentnotifiers/l3_rpc_agent_api.py:69
2018-09-29 01:12:54.452 2546 DEBUG neutron.quota.resource [req-a7d89825-db72-4f8e-969e-93ab948a4b70 106d3364e83242f1b616535fe6901cbb 65191f795ad643a8973b96e970e0a037 - c05d24b125484b8ea391f52662851fdf c05d24b125484b8ea391f52662851fdf] Persisted dirty status for tenant:65191f795ad643a8973b96e970e0a037 on resource:floatingip mark_dirty /usr/lib/python2.7/site-packages/neutron/quota/resource.py:207
2018-09-29 01:12:54.463 2546 DEBUG neutron.quota.resource [req-a7d89825-db72-4f8e-969e-93ab948a4b70 106d3364e83242f1b616535fe6901cbb 65191f795ad643a8973b96e970e0a037 - c05d24b125484b8ea391f52662851fdf c05d24b125484b8ea391f52662851fdf] Persisted dirty status for tenant: on resource:port mark_dirty /usr/lib/python2.7/site-packages/neutron/quota/resource.py:207
