2018-09-13 04:38:40.725 25757 DEBUG neutron_lib.callbacks.manager [req-d9689d70-e462-4b44-8957-aa0979996d58 - - - - -] Notify callbacks ['neutron.services.segments.db._update_segment_host_mapping_for_agent-8740348027683'] for agent, after_update _notify_loop /usr/lib/python2.7/site-packages/neutron_lib/callbacks/manager.py:167
2018-09-13 04:38:40.753 25764 DEBUG neutron_lib.callbacks.manager [req-249d4202-7cab-48d1-96d7-20157194b982 - - - - -] Notify callbacks ['neutron.services.segments.db._update_segment_host_mapping_for_agent-8740348027683'] for agent, after_update _notify_loop /usr/lib/python2.7/site-packages/neutron_lib/callbacks/manager.py:167
2018-09-13 04:38:40.786 25758 DEBUG neutron_lib.callbacks.manager [req-02ed48b0-372e-46c2-9056-14348cbd938f - - - - -] Notify callbacks ['neutron.services.segments.db._update_segment_host_mapping_for_agent-8740348027683'] for agent, after_update _notify_loop /usr/lib/python2.7/site-packages/neutron_lib/callbacks/manager.py:167
2018-09-13 04:38:41.480 25760 DEBUG neutron_lib.callbacks.manager [req-ca6edd56-b3f5-450d-9d23-765b90fdbecd - - - - -] Notify callbacks ['neutron.services.segments.db._update_segment_host_mapping_for_agent-8740348027683'] for agent, after_update _notify_loop /usr/lib/python2.7/site-packages/neutron_lib/callbacks/manager.py:167
2018-09-13 04:38:51.956 25756 DEBUG neutron_lib.callbacks.manager [req-637d2c5e-0785-474b-9131-9aabbb6513a9 - - - - -] Notify callbacks ['neutron.services.segments.db._update_segment_host_mapping_for_agent-8740348027683'] for agent, after_update _notify_loop /usr/lib/python2.7/site-packages/neutron_lib/callbacks/manager.py:167
2018-09-13 04:38:59.607 25765 DEBUG neutron.db.agents_db [req-909ee466-44a3-4e4a-9fbf-aa991f2e8aef - - - - -] Agent healthcheck: found 5 active agents agent_health_check /usr/lib/python2.7/site-packages/neutron/db/agents_db.py:281
2018-09-13 04:39:10.734 25759 DEBUG neutron_lib.callbacks.manager [req-b6706e09-324c-4d36-adc9-a582e98879e2 - - - - -] Notify callbacks ['neutron.services.segments.db._update_segment_host_mapping_for_agent-8740348027683'] for agent, after_update _notify_loop /usr/lib/python2.7/site-packages/neutron_lib/callbacks/manager.py:167
2018-09-13 04:39:10.748 25762 DEBUG neutron_lib.callbacks.manager [req-249d4202-7cab-48d1-96d7-20157194b982 - - - - -] Notify callbacks ['neutron.services.segments.db._update_segment_host_mapping_for_agent-8740348027683'] for agent, after_update _notify_loop /usr/lib/python2.7/site-packages/neutron_lib/callbacks/manager.py:167
2018-09-13 04:39:10.780 25761 DEBUG neutron_lib.callbacks.manager [req-02ed48b0-372e-46c2-9056-14348cbd938f - - - - -] Notify callbacks ['neutron.services.segments.db._update_segment_host_mapping_for_agent-8740348027683'] for agent, after_update _notify_loop /usr/lib/python2.7/site-packages/neutron_lib/callbacks/manager.py:167
2018-09-13 04:39:11.456 25763 DEBUG neutron_lib.callbacks.manager [req-b9494ea5-71a8-4df1-93ea-c99d34845887 - - - - -] Notify callbacks ['neutron.services.segments.db._update_segment_host_mapping_for_agent-8740348027683'] for agent, after_update _notify_loop /usr/lib/python2.7/site-packages/neutron_lib/callbacks/manager.py:167
2018-09-13 04:39:21.199 25750 DEBUG neutron.wsgi [-] (25750) accepted ('10.0.20.20', 60876) server /usr/lib/python2.7/site-packages/eventlet/wsgi.py:883
2018-09-13 04:39:21.211 25750 INFO neutron.wsgi [-] 10.0.20.20 "GET / HTTP/1.1" status: 200  len: 252 time: 0.0075390
2018-09-13 04:39:21.964 25757 DEBUG neutron_lib.callbacks.manager [req-637d2c5e-0785-474b-9131-9aabbb6513a9 - - - - -] Notify callbacks ['neutron.services.segments.db._update_segment_host_mapping_for_agent-8740348027683'] for agent, after_update _notify_loop /usr/lib/python2.7/site-packages/neutron_lib/callbacks/manager.py:167
2018-09-13 04:39:22.052 25750 DEBUG neutron.pecan_wsgi.hooks.policy_enforcement [req-a46106ec-a92d-4fc1-af53-403f1dd572c1 b55d80005ad94a3bb30bf9230ae0c2e9 4e6f6f82e90b4174b795d7bcd10c8690 - b308789975254b55877bf824ec6c2bfc b308789975254b55877bf824ec6c2bfc] Attributes excluded by policy engine: [u'shared'] _exclude_attributes_by_policy /usr/lib/python2.7/site-packages/neutron/pecan_wsgi/hooks/policy_enforcement.py:256
2018-09-13 04:39:22.054 25750 DEBUG neutron.pecan_wsgi.hooks.policy_enforcement [req-a46106ec-a92d-4fc1-af53-403f1dd572c1 b55d80005ad94a3bb30bf9230ae0c2e9 4e6f6f82e90b4174b795d7bcd10c8690 - b308789975254b55877bf824ec6c2bfc b308789975254b55877bf824ec6c2bfc] Attributes excluded by policy engine: [u'shared'] _exclude_attributes_by_policy /usr/lib/python2.7/site-packages/neutron/pecan_wsgi/hooks/policy_enforcement.py:256
2018-09-13 04:39:22.055 25750 DEBUG neutron.pecan_wsgi.hooks.policy_enforcement [req-a46106ec-a92d-4fc1-af53-403f1dd572c1 b55d80005ad94a3bb30bf9230ae0c2e9 4e6f6f82e90b4174b795d7bcd10c8690 - b308789975254b55877bf824ec6c2bfc b308789975254b55877bf824ec6c2bfc] Attributes excluded by policy engine: [u'shared'] _exclude_attributes_by_policy /usr/lib/python2.7/site-packages/neutron/pecan_wsgi/hooks/policy_enforcement.py:256
2018-09-13 04:39:22.060 25750 INFO neutron.wsgi [req-a46106ec-a92d-4fc1-af53-403f1dd572c1 b55d80005ad94a3bb30bf9230ae0c2e9 4e6f6f82e90b4174b795d7bcd10c8690 - b308789975254b55877bf824ec6c2bfc b308789975254b55877bf824ec6c2bfc] 10.0.20.20 "GET /v2.0/subnets HTTP/1.1" status: 200  len: 2050 time: 0.8399060
2018-09-13 04:39:36.619 25765 DEBUG neutron.db.agents_db [req-909ee466-44a3-4e4a-9fbf-aa991f2e8aef - - - - -] Agent healthcheck: found 5 active agents agent_health_check /usr/lib/python2.7/site-packages/neutron/db/agents_db.py:281
2018-09-13 04:39:40.737 25764 DEBUG neutron_lib.callbacks.manager [req-38a120dd-4a16-4cda-93ce-3dfd533cffc9 - - - - -] Notify callbacks ['neutron.services.segments.db._update_segment_host_mapping_for_agent-8740348027683'] for agent, after_update _notify_loop /usr/lib/python2.7/site-packages/neutron_lib/callbacks/manager.py:167
2018-09-13 04:39:40.760 25758 DEBUG neutron_lib.callbacks.manager [req-249d4202-7cab-48d1-96d7-20157194b982 - - - - -] Notify callbacks ['neutron.services.segments.db._update_segment_host_mapping_for_agent-8740348027683'] for agent, after_update _notify_loop /usr/lib/python2.7/site-packages/neutron_lib/callbacks/manager.py:167
2018-09-13 04:39:40.800 25760 DEBUG neutron_lib.callbacks.manager [req-02ed48b0-372e-46c2-9056-14348cbd938f - - - - -] Notify callbacks ['neutron.services.segments.db._update_segment_host_mapping_for_agent-8740348027683'] for agent, after_update _notify_loop /usr/lib/python2.7/site-packages/neutron_lib/callbacks/manager.py:167
2018-09-13 04:39:41.476 25756 DEBUG neutron_lib.callbacks.manager [req-fa3a0c87-4fa9-4489-95ec-a4a5ab7ef8b8 - - - - -] Notify callbacks ['neutron.services.segments.db._update_segment_host_mapping_for_agent-8740348027683'] for agent, after_update _notify_loop /usr/lib/python2.7/site-packages/neutron_lib/callbacks/manager.py:167
2018-09-13 04:39:51.948 25759 DEBUG neutron_lib.callbacks.manager [req-637d2c5e-0785-474b-9131-9aabbb6513a9 - - - - -] Notify callbacks ['neutron.services.segments.db._update_segment_host_mapping_for_agent-8740348027683'] for agent, after_update _notify_loop /usr/lib/python2.7/site-packages/neutron_lib/callbacks/manager.py:167
2018-09-13 04:40:10.729 25762 DEBUG neutron_lib.callbacks.manager [req-2c644661-5a5a-4e52-a764-84eb71b5c4e3 - - - - -] Notify callbacks ['neutron.services.segments.db._update_segment_host_mapping_for_agent-8740348027683'] for agent, after_update _notify_loop /usr/lib/python2.7/site-packages/neutron_lib/callbacks/manager.py:167
2018-09-13 04:40:10.749 25761 DEBUG neutron_lib.callbacks.manager [req-249d4202-7cab-48d1-96d7-20157194b982 - - - - -] Notify callbacks ['neutron.services.segments.db._update_segment_host_mapping_for_agent-8740348027683'] for agent, after_update _notify_loop /usr/lib/python2.7/site-packages/neutron_lib/callbacks/manager.py:167
2018-09-13 04:40:10.783 25763 DEBUG neutron_lib.callbacks.manager [req-02ed48b0-372e-46c2-9056-14348cbd938f - - - - -] Notify callbacks ['neutron.services.segments.db._update_segment_host_mapping_for_agent-8740348027683'] for agent, after_update _notify_loop /usr/lib/python2.7/site-packages/neutron_lib/callbacks/manager.py:167
2018-09-13 04:40:11.464 25757 DEBUG neutron_lib.callbacks.manager [req-179b7b4f-c81c-43ca-b7bb-6cabc76fd218 - - - - -] Notify callbacks ['neutron.services.segments.db._update_segment_host_mapping_for_agent-8740348027683'] for agent, after_update _notify_loop /usr/lib/python2.7/site-packages/neutron_lib/callbacks/manager.py:167
2018-09-13 04:40:13.620 25765 DEBUG neutron.db.agents_db [req-909ee466-44a3-4e4a-9fbf-aa991f2e8aef - - - - -] Agent healthcheck: found 5 active agents agent_health_check /usr/lib/python2.7/site-packages/neutron/db/agents_db.py:281
2018-09-13 04:40:17.180 25761 DEBUG neutron.plugins.ml2.rpc [req-249d4202-7cab-48d1-96d7-20157194b982 - - - - -] Device 34088d24-cf11-4193-bc55-1f6b27d2e57b no longer exists at agent ovs-agent-localhost.localdomain update_device_down /usr/lib/python2.7/site-packages/neutron/plugins/ml2/rpc.py:213
2018-09-13 04:40:19.365 25755 INFO neutron.wsgi [req-219651b7-4cb7-45fb-a4f1-25aaddf0da30 c30edd7970dd42edbebddc4464beaddd a237166953424c589b6298de26550250 - 0e9184d83b224daa9fba5b4a4b5e67b8 0e9184d83b224daa9fba5b4a4b5e67b8] 10.0.20.20 "GET /v2.0/ports?device_id=82e31d4f-398c-4aa2-8e80-6a174a8191ac HTTP/1.1" status: 200  len: 1121 time: 0.7607222
2018-09-13 04:40:19.507 25755 DEBUG neutron.plugins.ml2.plugin [req-5e05d0b9-7b82-49b2-9746-273eb4c33012 c30edd7970dd42edbebddc4464beaddd a237166953424c589b6298de26550250 - 0e9184d83b224daa9fba5b4a4b5e67b8 0e9184d83b224daa9fba5b4a4b5e67b8] Deleting port 34088d24-cf11-4193-bc55-1f6b27d2e57b _pre_delete_port /usr/lib/python2.7/site-packages/neutron/plugins/ml2/plugin.py:1488
2018-09-13 04:40:19.508 25755 DEBUG neutron_lib.callbacks.manager [req-5e05d0b9-7b82-49b2-9746-273eb4c33012 c30edd7970dd42edbebddc4464beaddd a237166953424c589b6298de26550250 - 0e9184d83b224daa9fba5b4a4b5e67b8 0e9184d83b224daa9fba5b4a4b5e67b8] Notify callbacks ['neutron.db.l3_db._prevent_l3_port_delete_callback--9223363296506713363'] for port, before_delete _notify_loop /usr/lib/python2.7/site-packages/neutron_lib/callbacks/manager.py:167
2018-09-13 04:40:19.945 25753 DEBUG neutron.wsgi [-] (25753) accepted ('10.0.20.20', 33738) server /usr/lib/python2.7/site-packages/eventlet/wsgi.py:883
2018-09-13 04:40:19.953 25753 INFO neutron.wsgi [-] 10.0.20.20 "GET / HTTP/1.1" status: 200  len: 252 time: 0.0057509
2018-09-13 04:40:20.053 25755 DEBUG neutron.plugins.ml2.db [req-5e05d0b9-7b82-49b2-9746-273eb4c33012 c30edd7970dd42edbebddc4464beaddd a237166953424c589b6298de26550250 - 0e9184d83b224daa9fba5b4a4b5e67b8 0e9184d83b224daa9fba5b4a4b5e67b8] For port 34088d24-cf11-4193-bc55-1f6b27d2e57b, host localhost.localdomain, got binding levels [<neutron.plugins.ml2.models.PortBindingLevel[object at 7f3054281c90] {port_id=u'34088d24-cf11-4193-bc55-1f6b27d2e57b', host=u'localhost.localdomain', level=0, driver=u'openvswitch', segment_id=u'5072bd85-2b6f-42fc-9c6e-2d7d40d51c7c'}>] get_binding_levels /usr/lib/python2.7/site-packages/neutron/plugins/ml2/db.py:106
2018-09-13 04:40:20.121 25755 DEBUG neutron.plugins.ml2.plugin [req-5e05d0b9-7b82-49b2-9746-273eb4c33012 c30edd7970dd42edbebddc4464beaddd a237166953424c589b6298de26550250 - 0e9184d83b224daa9fba5b4a4b5e67b8 0e9184d83b224daa9fba5b4a4b5e67b8] Calling delete_port for 34088d24-cf11-4193-bc55-1f6b27d2e57b owned by compute:nova delete_port /usr/lib/python2.7/site-packages/neutron/plugins/ml2/plugin.py:1547
2018-09-13 04:40:20.510 25755 DEBUG neutron_lib.callbacks.manager [req-5e05d0b9-7b82-49b2-9746-273eb4c33012 c30edd7970dd42edbebddc4464beaddd a237166953424c589b6298de26550250 - 0e9184d83b224daa9fba5b4a4b5e67b8 0e9184d83b224daa9fba5b4a4b5e67b8] Notify callbacks ['neutron.plugins.ml2.ovo_rpc._ObjectChangeHandler.handle_event--9223372036853142821', 'neutron.db.l3_db._notify_routers_callback-8740348073416', 'neutron.db.l3_dvrscheduler_db._notify_port_delete-8740347486740', 'neutron.plugins.ml2.plugin.Ml2Plugin.notify_sg_on_port_change-3847838', 'neutron.api.rpc.agentnotifiers.dhcp_rpc_agent_api.DhcpAgentNotifyAPI._native_event_send_dhcp_notification-1319624'] for port, after_delete _notify_loop /usr/lib/python2.7/site-packages/neutron_lib/callbacks/manager.py:167
2018-09-13 04:40:20.519 25755 DEBUG oslo_concurrency.lockutils [-] Lock "event-dispatch" acquired by "neutron.plugins.ml2.ovo_rpc.dispatch_events" :: waited 0.000s inner /usr/lib/python2.7/site-packages/oslo_concurrency/lockutils.py:270
2018-09-13 04:40:20.686 25753 DEBUG neutron.api.v2.base [req-b0fead91-8b02-40be-8fb0-dbd75122e159 b55d80005ad94a3bb30bf9230ae0c2e9 4e6f6f82e90b4174b795d7bcd10c8690 - b308789975254b55877bf824ec6c2bfc b308789975254b55877bf824ec6c2bfc] Request body: {u'security_group': {u'name': u'tempest-SECURITY_GROUP_SAMPLE-1536827910', u'description': u'tempest-SECURITY_GROUP_SAMPLE-1536827910'}} prepare_request_body /usr/lib/python2.7/site-packages/neutron/api/v2/base.py:695
2018-09-13 04:40:20.704 25753 DEBUG neutron.db.quota.driver [req-b0fead91-8b02-40be-8fb0-dbd75122e159 b55d80005ad94a3bb30bf9230ae0c2e9 4e6f6f82e90b4174b795d7bcd10c8690 - b308789975254b55877bf824ec6c2bfc b308789975254b55877bf824ec6c2bfc] Resources subnetpool have unlimited quota limit. It is not required to calculate headroom  make_reservation /usr/lib/python2.7/site-packages/neutron/db/quota/driver.py:223
2018-09-13 04:40:20.718 25753 DEBUG neutron.quota.resource [req-b0fead91-8b02-40be-8fb0-dbd75122e159 b55d80005ad94a3bb30bf9230ae0c2e9 4e6f6f82e90b4174b795d7bcd10c8690 - b308789975254b55877bf824ec6c2bfc b308789975254b55877bf824ec6c2bfc] Usage tracker for resource:security_group and tenant:4e6f6f82e90b4174b795d7bcd10c8690 is out of sync, need to count used quota count_used /usr/lib/python2.7/site-packages/neutron/quota/resource.py:274
2018-09-13 04:40:20.734 25753 DEBUG neutron.quota.resource [req-b0fead91-8b02-40be-8fb0-dbd75122e159 b55d80005ad94a3bb30bf9230ae0c2e9 4e6f6f82e90b4174b795d7bcd10c8690 - b308789975254b55877bf824ec6c2bfc b308789975254b55877bf824ec6c2bfc] Quota usage for security_group was recalculated. Used quota:0. count_used /usr/lib/python2.7/site-packages/neutron/quota/resource.py:293
2018-09-13 04:40:20.752 25753 DEBUG neutron.db.quota.driver [req-b0fead91-8b02-40be-8fb0-dbd75122e159 b55d80005ad94a3bb30bf9230ae0c2e9 4e6f6f82e90b4174b795d7bcd10c8690 - b308789975254b55877bf824ec6c2bfc b308789975254b55877bf824ec6c2bfc] Attempting to reserve 1 items for resource security_group. Total usage: 0; quota limit: 10; headroom:10 make_reservation /usr/lib/python2.7/site-packages/neutron/db/quota/driver.py:255
2018-09-13 04:40:20.779 25755 DEBUG neutron.api.rpc.handlers.resources_rpc [req-5e05d0b9-7b82-49b2-9746-273eb4c33012 c30edd7970dd42edbebddc4464beaddd a237166953424c589b6298de26550250 - - -] neutron.api.rpc.handlers.resources_rpc.ResourcesPushRpcApi method push called with arguments (<neutron_lib.context.Context object at 0x7f3053c52c50>, [Port(admin_state_up=<?>,allowed_address_pairs=<?>,binding=<?>,binding_levels=<?>,created_at=<?>,data_plane_status=<?>,description=<?>,device_id=<?>,device_owner=<?>,dhcp_options=<?>,distributed_binding=<?>,dns=<?>,fixed_ips=<?>,id=34088d24-cf11-4193-bc55-1f6b27d2e57b,mac_address=<?>,name=<?>,network_id=<?>,project_id=<?>,qos_policy_id=None,revision_number=<?>,security=<?>,security_group_ids=None,status=<?>,updated_at=<?>)], 'deleted') {} wrapper /usr/lib/python2.7/site-packages/oslo_log/helpers.py:66
2018-09-13 04:40:20.803 25755 DEBUG neutron.api.rpc.callbacks.version_manager [req-5e05d0b9-7b82-49b2-9746-273eb4c33012 c30edd7970dd42edbebddc4464beaddd a237166953424c589b6298de26550250 - - -] Version for resource type Subnet changed None to 1.0 on consumer Open vSwitch agent@localhost.localdomain _set_version /usr/lib/python2.7/site-packages/neutron/api/rpc/callbacks/version_manager.py:119
2018-09-13 04:40:20.804 25755 DEBUG neutron.api.rpc.callbacks.version_manager [req-5e05d0b9-7b82-49b2-9746-273eb4c33012 c30edd7970dd42edbebddc4464beaddd a237166953424c589b6298de26550250 - - -] Version for resource type Network changed None to 1.0 on consumer Open vSwitch agent@localhost.localdomain _set_version /usr/lib/python2.7/site-packages/neutron/api/rpc/callbacks/version_manager.py:119
2018-09-13 04:40:20.809 25753 DEBUG neutron_lib.callbacks.manager [req-b0fead91-8b02-40be-8fb0-dbd75122e159 b55d80005ad94a3bb30bf9230ae0c2e9 4e6f6f82e90b4174b795d7bcd10c8690 - b308789975254b55877bf824ec6c2bfc b308789975254b55877bf824ec6c2bfc] Notify callbacks [] for security_group, before_create _notify_loop /usr/lib/python2.7/site-packages/neutron_lib/callbacks/manager.py:167
2018-09-13 04:40:20.810 25755 DEBUG neutron.api.rpc.callbacks.version_manager [req-5e05d0b9-7b82-49b2-9746-273eb4c33012 c30edd7970dd42edbebddc4464beaddd a237166953424c589b6298de26550250 - - -] Version for resource type SubPort changed None to 1.0 on consumer Open vSwitch agent@localhost.localdomain _set_version /usr/lib/python2.7/site-packages/neutron/api/rpc/callbacks/version_manager.py:119
2018-09-13 04:40:20.811 25755 DEBUG neutron.api.rpc.callbacks.version_manager [req-5e05d0b9-7b82-49b2-9746-273eb4c33012 c30edd7970dd42edbebddc4464beaddd a237166953424c589b6298de26550250 - - -] Version for resource type SecurityGroup changed None to 1.0 on consumer Open vSwitch agent@localhost.localdomain _set_version /usr/lib/python2.7/site-packages/neutron/api/rpc/callbacks/version_manager.py:119
2018-09-13 04:40:20.812 25755 DEBUG neutron.api.rpc.callbacks.version_manager [req-5e05d0b9-7b82-49b2-9746-273eb4c33012 c30edd7970dd42edbebddc4464beaddd a237166953424c589b6298de26550250 - - -] Version for resource type SecurityGroupRule changed None to 1.0 on consumer Open vSwitch agent@localhost.localdomain _set_version /usr/lib/python2.7/site-packages/neutron/api/rpc/callbacks/version_manager.py:119
2018-09-13 04:40:20.813 25755 DEBUG neutron.api.rpc.callbacks.version_manager [req-5e05d0b9-7b82-49b2-9746-273eb4c33012 c30edd7970dd42edbebddc4464beaddd a237166953424c589b6298de26550250 - - -] Version for resource type Trunk changed None to 1.1 on consumer Open vSwitch agent@localhost.localdomain _set_version /usr/lib/python2.7/site-packages/neutron/api/rpc/callbacks/version_manager.py:119
2018-09-13 04:40:20.814 25755 DEBUG neutron.api.rpc.callbacks.version_manager [req-5e05d0b9-7b82-49b2-9746-273eb4c33012 c30edd7970dd42edbebddc4464beaddd a237166953424c589b6298de26550250 - - -] Version for resource type QosPolicy changed None to 1.6 on consumer Open vSwitch agent@localhost.localdomain _set_version /usr/lib/python2.7/site-packages/neutron/api/rpc/callbacks/version_manager.py:119
2018-09-13 04:40:20.815 25755 DEBUG neutron.api.rpc.callbacks.version_manager [req-5e05d0b9-7b82-49b2-9746-273eb4c33012 c30edd7970dd42edbebddc4464beaddd a237166953424c589b6298de26550250 - - -] Version for resource type Port changed None to 1.1 on consumer Open vSwitch agent@localhost.localdomain _set_version /usr/lib/python2.7/site-packages/neutron/api/rpc/callbacks/version_manager.py:119
2018-09-13 04:40:20.816 25755 DEBUG neutron.api.rpc.callbacks.version_manager [req-5e05d0b9-7b82-49b2-9746-273eb4c33012 c30edd7970dd42edbebddc4464beaddd a237166953424c589b6298de26550250 - - -] Version for resource type Log changed None to 1.0 on consumer Open vSwitch agent@localhost.localdomain _set_version /usr/lib/python2.7/site-packages/neutron/api/rpc/callbacks/version_manager.py:119
2018-09-13 04:40:20.837 25755 DEBUG oslo_concurrency.lockutils [req-5e05d0b9-7b82-49b2-9746-273eb4c33012 c30edd7970dd42edbebddc4464beaddd a237166953424c589b6298de26550250 - - -] Lock "event-dispatch" released by "neutron.plugins.ml2.ovo_rpc.dispatch_events" :: held 0.319s inner /usr/lib/python2.7/site-packages/oslo_concurrency/lockutils.py:282
2018-09-13 04:40:20.847 25753 DEBUG neutron_lib.callbacks.manager [req-b0fead91-8b02-40be-8fb0-dbd75122e159 b55d80005ad94a3bb30bf9230ae0c2e9 4e6f6f82e90b4174b795d7bcd10c8690 - b308789975254b55877bf824ec6c2bfc b308789975254b55877bf824ec6c2bfc] Notify callbacks [] for security_group, before_create _notify_loop /usr/lib/python2.7/site-packages/neutron_lib/callbacks/manager.py:167
2018-09-13 04:40:20.964 25755 DEBUG neutron.scheduler.l3_agent_scheduler [req-5e05d0b9-7b82-49b2-9746-273eb4c33012 c30edd7970dd42edbebddc4464beaddd a237166953424c589b6298de26550250 - 0e9184d83b224daa9fba5b4a4b5e67b8 0e9184d83b224daa9fba5b4a4b5e67b8] Router 179885e7-3c40-4eab-b502-d0f458c392a1 has already been hosted by L3 agent dc541052-a402-4423-8a23-121d937110f6 _get_candidates /usr/lib/python2.7/site-packages/neutron/scheduler/l3_agent_scheduler.py:141
2018-09-13 04:40:21.327 25753 DEBUG neutron_lib.callbacks.manager [req-b0fead91-8b02-40be-8fb0-dbd75122e159 b55d80005ad94a3bb30bf9230ae0c2e9 4e6f6f82e90b4174b795d7bcd10c8690 - b308789975254b55877bf824ec6c2bfc b308789975254b55877bf824ec6c2bfc] Notify callbacks [] for security_group, precommit_create _notify_loop /usr/lib/python2.7/site-packages/neutron_lib/callbacks/manager.py:167
2018-09-13 04:40:21.335 25753 DEBUG neutron_lib.callbacks.manager [req-b0fead91-8b02-40be-8fb0-dbd75122e159 b55d80005ad94a3bb30bf9230ae0c2e9 4e6f6f82e90b4174b795d7bcd10c8690 - b308789975254b55877bf824ec6c2bfc b308789975254b55877bf824ec6c2bfc] Notify callbacks ['neutron.plugins.ml2.ovo_rpc._ObjectChangeHandler.handle_event--9223372036853142893'] for security_group, after_create _notify_loop /usr/lib/python2.7/site-packages/neutron_lib/callbacks/manager.py:167
2018-09-13 04:40:21.347 25753 DEBUG oslo_concurrency.lockutils [-] Lock "event-dispatch" acquired by "neutron.plugins.ml2.ovo_rpc.dispatch_events" :: waited 0.000s inner /usr/lib/python2.7/site-packages/oslo_concurrency/lockutils.py:270
2018-09-13 04:40:21.448 25753 DEBUG neutron.api.rpc.handlers.resources_rpc [req-b0fead91-8b02-40be-8fb0-dbd75122e159 b55d80005ad94a3bb30bf9230ae0c2e9 4e6f6f82e90b4174b795d7bcd10c8690 - - -] neutron.api.rpc.handlers.resources_rpc.ResourcesPushRpcApi method push called with arguments (<neutron_lib.context.Context object at 0x7f30541f7190>, [SecurityGroup(created_at=2018-09-13T08:40:20Z,description='Default security group',id=d16138bb-b282-4b5a-80c3-c6370a9cf362,is_default=True,name='default',project_id='4e6f6f82e90b4174b795d7bcd10c8690',revision_number=4,rules=[SecurityGroupRule(44e3a281-266b-4259-bd3d-1f5b0d20b558),SecurityGroupRule(68bd00f6-f483-4716-8553-dad2380eefd3),SecurityGroupRule(a088a9a9-e30d-4f12-8432-f7519d841f16),SecurityGroupRule(b056fac6-871c-421f-a588-683f71ed8bfd)],updated_at=2018-09-13T08:40:21Z)], 'updated') {} wrapper /usr/lib/python2.7/site-packages/oslo_log/helpers.py:66
2018-09-13 04:40:21.507 25753 DEBUG neutron.api.rpc.callbacks.version_manager [req-b0fead91-8b02-40be-8fb0-dbd75122e159 b55d80005ad94a3bb30bf9230ae0c2e9 4e6f6f82e90b4174b795d7bcd10c8690 - - -] Version for resource type Subnet changed None to 1.0 on consumer Open vSwitch agent@localhost.localdomain _set_version /usr/lib/python2.7/site-packages/neutron/api/rpc/callbacks/version_manager.py:119
2018-09-13 04:40:21.508 25753 DEBUG neutron.api.rpc.callbacks.version_manager [req-b0fead91-8b02-40be-8fb0-dbd75122e159 b55d80005ad94a3bb30bf9230ae0c2e9 4e6f6f82e90b4174b795d7bcd10c8690 - - -] Version for resource type Network changed None to 1.0 on consumer Open vSwitch agent@localhost.localdomain _set_version /usr/lib/python2.7/site-packages/neutron/api/rpc/callbacks/version_manager.py:119
2018-09-13 04:40:21.509 25753 DEBUG neutron.api.rpc.callbacks.version_manager [req-b0fead91-8b02-40be-8fb0-dbd75122e159 b55d80005ad94a3bb30bf9230ae0c2e9 4e6f6f82e90b4174b795d7bcd10c8690 - - -] Version for resource type SubPort changed None to 1.0 on consumer Open vSwitch agent@localhost.localdomain _set_version /usr/lib/python2.7/site-packages/neutron/api/rpc/callbacks/version_manager.py:119
2018-09-13 04:40:21.511 25753 DEBUG neutron.api.rpc.callbacks.version_manager [req-b0fead91-8b02-40be-8fb0-dbd75122e159 b55d80005ad94a3bb30bf9230ae0c2e9 4e6f6f82e90b4174b795d7bcd10c8690 - - -] Version for resource type SecurityGroup changed None to 1.0 on consumer Open vSwitch agent@localhost.localdomain _set_version /usr/lib/python2.7/site-packages/neutron/api/rpc/callbacks/version_manager.py:119
2018-09-13 04:40:21.512 25753 DEBUG neutron.api.rpc.callbacks.version_manager [req-b0fead91-8b02-40be-8fb0-dbd75122e159 b55d80005ad94a3bb30bf9230ae0c2e9 4e6f6f82e90b4174b795d7bcd10c8690 - - -] Version for resource type SecurityGroupRule changed None to 1.0 on consumer Open vSwitch agent@localhost.localdomain _set_version /usr/lib/python2.7/site-packages/neutron/api/rpc/callbacks/version_manager.py:119
2018-09-13 04:40:21.513 25753 DEBUG neutron.api.rpc.callbacks.version_manager [req-b0fead91-8b02-40be-8fb0-dbd75122e159 b55d80005ad94a3bb30bf9230ae0c2e9 4e6f6f82e90b4174b795d7bcd10c8690 - - -] Version for resource type Trunk changed None to 1.1 on consumer Open vSwitch agent@localhost.localdomain _set_version /usr/lib/python2.7/site-packages/neutron/api/rpc/callbacks/version_manager.py:119
2018-09-13 04:40:21.514 25753 DEBUG neutron.api.rpc.callbacks.version_manager [req-b0fead91-8b02-40be-8fb0-dbd75122e159 b55d80005ad94a3bb30bf9230ae0c2e9 4e6f6f82e90b4174b795d7bcd10c8690 - - -] Version for resource type QosPolicy changed None to 1.6 on consumer Open vSwitch agent@localhost.localdomain _set_version /usr/lib/python2.7/site-packages/neutron/api/rpc/callbacks/version_manager.py:119
2018-09-13 04:40:21.515 25753 DEBUG neutron.api.rpc.callbacks.version_manager [req-b0fead91-8b02-40be-8fb0-dbd75122e159 b55d80005ad94a3bb30bf9230ae0c2e9 4e6f6f82e90b4174b795d7bcd10c8690 - - -] Version for resource type Port changed None to 1.1 on consumer Open vSwitch agent@localhost.localdomain _set_version /usr/lib/python2.7/site-packages/neutron/api/rpc/callbacks/version_manager.py:119
2018-09-13 04:40:21.516 25753 DEBUG neutron.api.rpc.callbacks.version_manager [req-b0fead91-8b02-40be-8fb0-dbd75122e159 b55d80005ad94a3bb30bf9230ae0c2e9 4e6f6f82e90b4174b795d7bcd10c8690 - - -] Version for resource type Log changed None to 1.0 on consumer Open vSwitch agent@localhost.localdomain _set_version /usr/lib/python2.7/site-packages/neutron/api/rpc/callbacks/version_manager.py:119
2018-09-13 04:40:21.560 25753 DEBUG oslo_concurrency.lockutils [req-b0fead91-8b02-40be-8fb0-dbd75122e159 b55d80005ad94a3bb30bf9230ae0c2e9 4e6f6f82e90b4174b795d7bcd10c8690 - - -] Lock "event-dispatch" released by "neutron.plugins.ml2.ovo_rpc.dispatch_events" :: held 0.213s inner /usr/lib/python2.7/site-packages/oslo_concurrency/lockutils.py:282
2018-09-13 04:40:21.657 25755 DEBUG neutron.api.rpc.agentnotifiers.l3_rpc_agent_api [req-5e05d0b9-7b82-49b2-9746-273eb4c33012 c30edd7970dd42edbebddc4464beaddd a237166953424c589b6298de26550250 - 0e9184d83b224daa9fba5b4a4b5e67b8 0e9184d83b224daa9fba5b4a4b5e67b8] Notify agent at l3_agent.localhost.localdomain the message routers_updated _agent_notification /usr/lib/python2.7/site-packages/neutron/api/rpc/agentnotifiers/l3_rpc_agent_api.py:69
2018-09-13 04:40:21.739 25763 DEBUG neutron.db.l3_hamode_db [req-6cf30e16-dfc6-47ad-b19b-0f4453bdbbf3 - - - - -] neutron.services.l3_router.l3_router_plugin.L3RouterPlugin method get_ha_sync_data_for_host called with arguments (<neutron_lib.context.Context object at 0x7f30548bad50>, u'localhost.localdomain', <neutron.db.models.agent.Agent[object at 7f30545ba8d0] {id=u'dc541052-a402-4423-8a23-121d937110f6', agent_type=u'L3 agent', binary=u'neutron-l3-agent', topic=u'l3_agent', host=u'localhost.localdomain', availability_zone=u'nova', admin_state_up=True, created_at=datetime.datetime(2018, 8, 30, 12, 16, 29), started_at=datetime.datetime(2018, 9, 13, 8, 24, 11), heartbeat_timestamp=datetime.datetime(2018, 9, 13, 8, 40, 11), description=None, configurations=u'{"agent_mode": "legacy", "gateway_external_network_id": "", "handle_internal_only_routers": true, "routers": 2, "interfaces": 2, "floating_ips": 1, "interface_driver": "neutron.agent.linux.interface.OVSInterfaceDriver", "log_agent_heartbeats": false, "external_network_bridge": "", "ex_gw_ports": 2}', resource_versions=None, load=0}>) {'active': True, 'router_ids': ['179885e7-3c40-4eab-b502-d0f458c392a1']} wrapper /usr/lib/python2.7/site-packages/oslo_log/helpers.py:66
2018-09-13 04:40:21.794 25753 DEBUG neutron_lib.callbacks.manager [req-b0fead91-8b02-40be-8fb0-dbd75122e159 b55d80005ad94a3bb30bf9230ae0c2e9 4e6f6f82e90b4174b795d7bcd10c8690 - b308789975254b55877bf824ec6c2bfc b308789975254b55877bf824ec6c2bfc] Notify callbacks [] for security_group, precommit_create _notify_loop /usr/lib/python2.7/site-packages/neutron_lib/callbacks/manager.py:167
2018-09-13 04:40:21.816 25753 DEBUG neutron_lib.callbacks.manager [req-b0fead91-8b02-40be-8fb0-dbd75122e159 b55d80005ad94a3bb30bf9230ae0c2e9 4e6f6f82e90b4174b795d7bcd10c8690 - b308789975254b55877bf824ec6c2bfc b308789975254b55877bf824ec6c2bfc] Notify callbacks ['neutron.plugins.ml2.ovo_rpc._ObjectChangeHandler.handle_event--9223372036853142893'] for security_group, after_create _notify_loop /usr/lib/python2.7/site-packages/neutron_lib/callbacks/manager.py:167
2018-09-13 04:40:21.835 25753 DEBUG oslo_concurrency.lockutils [-] Lock "event-dispatch" acquired by "neutron.plugins.ml2.ovo_rpc.dispatch_events" :: waited 0.000s inner /usr/lib/python2.7/site-packages/oslo_concurrency/lockutils.py:270
2018-09-13 04:40:21.841 25755 DEBUG neutron.db.l3_dvrscheduler_db [req-5e05d0b9-7b82-49b2-9746-273eb4c33012 c30edd7970dd42edbebddc4464beaddd a237166953424c589b6298de26550250 - 0e9184d83b224daa9fba5b4a4b5e67b8 0e9184d83b224daa9fba5b4a4b5e67b8] No DVR routers for this DVR port 34088d24-cf11-4193-bc55-1f6b27d2e57b on host localhost.localdomain get_dvr_routers_to_remove /usr/lib/python2.7/site-packages/neutron/db/l3_dvrscheduler_db.py:191
2018-09-13 04:40:21.919 25753 DEBUG neutron.quota.resource [req-b0fead91-8b02-40be-8fb0-dbd75122e159 b55d80005ad94a3bb30bf9230ae0c2e9 4e6f6f82e90b4174b795d7bcd10c8690 - b308789975254b55877bf824ec6c2bfc b308789975254b55877bf824ec6c2bfc] Persisted dirty status for tenant:4e6f6f82e90b4174b795d7bcd10c8690 on resource:security_group_rule mark_dirty /usr/lib/python2.7/site-packages/neutron/quota/resource.py:207
2018-09-13 04:40:21.944 25753 DEBUG neutron.quota.resource [req-b0fead91-8b02-40be-8fb0-dbd75122e159 b55d80005ad94a3bb30bf9230ae0c2e9 4e6f6f82e90b4174b795d7bcd10c8690 - b308789975254b55877bf824ec6c2bfc b308789975254b55877bf824ec6c2bfc] Persisted dirty status for tenant:4e6f6f82e90b4174b795d7bcd10c8690 on resource:security_group mark_dirty /usr/lib/python2.7/site-packages/neutron/quota/resource.py:207
2018-09-13 04:40:21.958 25764 DEBUG neutron_lib.callbacks.manager [req-637d2c5e-0785-474b-9131-9aabbb6513a9 - - - - -] Notify callbacks ['neutron.services.segments.db._update_segment_host_mapping_for_agent-8740348027683'] for agent, after_update _notify_loop /usr/lib/python2.7/site-packages/neutron_lib/callbacks/manager.py:167
2018-09-13 04:40:21.964 25753 DEBUG neutron.api.rpc.handlers.resources_rpc [req-b0fead91-8b02-40be-8fb0-dbd75122e159 b55d80005ad94a3bb30bf9230ae0c2e9 4e6f6f82e90b4174b795d7bcd10c8690 - - -] neutron.api.rpc.handlers.resources_rpc.ResourcesPushRpcApi method push called with arguments (<neutron_lib.context.Context object at 0x7f30540e6450>, [SecurityGroup(created_at=2018-09-13T08:40:21Z,description='tempest-SECURITY_GROUP_SAMPLE-1536827910',id=679c5a47-4cde-4bf6-b24c-df3e43e6ccc0,is_default=False,name='tempest-SECURITY_GROUP_SAMPLE-1536827910',project_id='4e6f6f82e90b4174b795d7bcd10c8690',revision_number=2,rules=[SecurityGroupRule(73a327e7-5e08-4904-b992-5d2057f4a001),SecurityGroupRule(b972cd31-4eb1-4192-94c2-ac5646d85f39)],updated_at=2018-09-13T08:40:21Z)], 'updated') {} wrapper /usr/lib/python2.7/site-packages/oslo_log/helpers.py:66
2018-09-13 04:40:21.973 25753 DEBUG oslo_concurrency.lockutils [req-b0fead91-8b02-40be-8fb0-dbd75122e159 b55d80005ad94a3bb30bf9230ae0c2e9 4e6f6f82e90b4174b795d7bcd10c8690 - - -] Lock "event-dispatch" released by "neutron.plugins.ml2.ovo_rpc.dispatch_events" :: held 0.138s inner /usr/lib/python2.7/site-packages/oslo_concurrency/lockutils.py:282
2018-09-13 04:40:21.980 25753 DEBUG neutron_lib.callbacks.manager [req-b0fead91-8b02-40be-8fb0-dbd75122e159 b55d80005ad94a3bb30bf9230ae0c2e9 4e6f6f82e90b4174b795d7bcd10c8690 - b308789975254b55877bf824ec6c2bfc b308789975254b55877bf824ec6c2bfc] Notify callbacks [] for security_group, before_response _notify_loop /usr/lib/python2.7/site-packages/neutron_lib/callbacks/manager.py:167
2018-09-13 04:40:21.985 25753 INFO neutron.wsgi [req-b0fead91-8b02-40be-8fb0-dbd75122e159 b55d80005ad94a3bb30bf9230ae0c2e9 4e6f6f82e90b4174b795d7bcd10c8690 - b308789975254b55877bf824ec6c2bfc b308789975254b55877bf824ec6c2bfc] 10.0.20.20 "POST /v2.0/security-groups HTTP/1.1" status: 201  len: 1617 time: 2.0234799
2018-09-13 04:40:22.277 25755 DEBUG neutron_lib.callbacks.manager [req-5e05d0b9-7b82-49b2-9746-273eb4c33012 c30edd7970dd42edbebddc4464beaddd a237166953424c589b6298de26550250 - 0e9184d83b224daa9fba5b4a4b5e67b8 0e9184d83b224daa9fba5b4a4b5e67b8] Notify callbacks ['neutron.notifiers.nova.Notifier._send_nova_notification--9223372036854773895'] for port, before_response _notify_loop /usr/lib/python2.7/site-packages/neutron_lib/callbacks/manager.py:167
2018-09-13 04:40:22.282 25755 DEBUG oslo_concurrency.lockutils [-] Lock "notifier-dcbcd565-e130-4b6c-9b61-500da8d7f66e" acquired by "neutron.notifiers.batch_notifier.synced_send" :: waited 0.000s inner /usr/lib/python2.7/site-packages/oslo_concurrency/lockutils.py:270
2018-09-13 04:40:22.283 25755 DEBUG neutron.notifiers.nova [-] Sending events: [{'tag': u'34088d24-cf11-4193-bc55-1f6b27d2e57b', 'name': 'network-vif-deleted', 'server_uuid': u'82e31d4f-398c-4aa2-8e80-6a174a8191ac'}] send_events /usr/lib/python2.7/site-packages/neutron/notifiers/nova.py:242
2018-09-13 04:40:22.289 25755 DEBUG novaclient.v2.client [-] REQ: curl -g -i -X POST http://10.0.20.20:8774/v2.1/4eeeddb45ad446a68ed4de7bd550932a/os-server-external-events -H "User-Agent: python-novaclient" -H "Content-Type: application/json" -H "Accept: application/json" -H "X-OpenStack-Nova-API-Version: 2.1" -H "X-Auth-Token: {SHA1}b8b351e1ba14d187120e64324cbfa10e266e3537" -d '{"events": [{"tag": "34088d24-cf11-4193-bc55-1f6b27d2e57b", "name": "network-vif-deleted", "server_uuid": "82e31d4f-398c-4aa2-8e80-6a174a8191ac"}]}' _http_log_request /usr/lib/python2.7/site-packages/keystoneauth1/session.py:375
2018-09-13 04:40:22.324 25755 DEBUG neutron.quota.resource [req-5e05d0b9-7b82-49b2-9746-273eb4c33012 c30edd7970dd42edbebddc4464beaddd a237166953424c589b6298de26550250 - 0e9184d83b224daa9fba5b4a4b5e67b8 0e9184d83b224daa9fba5b4a4b5e67b8] Persisted dirty status for tenant:a237166953424c589b6298de26550250 on resource:port mark_dirty /usr/lib/python2.7/site-packages/neutron/quota/resource.py:207
2018-09-13 04:40:22.353 25755 INFO neutron.wsgi [req-5e05d0b9-7b82-49b2-9746-273eb4c33012 c30edd7970dd42edbebddc4464beaddd a237166953424c589b6298de26550250 - 0e9184d83b224daa9fba5b4a4b5e67b8 0e9184d83b224daa9fba5b4a4b5e67b8] 10.0.20.20 "DELETE /v2.0/ports/34088d24-cf11-4193-bc55-1f6b27d2e57b HTTP/1.1" status: 204  len: 173 time: 2.9778180
2018-09-13 04:40:22.895 25763 DEBUG neutron.db.l3_hamode_db [req-6cf30e16-dfc6-47ad-b19b-0f4453bdbbf3 - - - - -] neutron.services.l3_router.l3_router_plugin.L3RouterPlugin method _process_sync_ha_data called with arguments (<neutron_lib.context.Context object at 0x7f30548bad50>, [{'status': u'ACTIVE', '_interfaces': [{'status': u'DOWN', 'subnets': [{'dns_nameservers': [u'8.8.4.4'], 'ipv6_ra_mode': None, 'gateway_ip': u'11.37.1.1', 'cidr': u'11.37.1.0/24', 'id': u'f4384839-0cb7-4409-9ffd-081cf9dda3e4', 'subnetpool_id': None}], 'binding:host_id': u'localhost.localdomain', 'description': u'', 'allowed_address_pairs': [], 'tags': [], 'extra_dhcp_opts': [], 'updated_at': '2018-09-13T08:34:22Z', 'device_owner': u'network:router_interface', 'revision_number': 6, 'port_security_enabled': False, 'binding:profile': {}, 'mtu': 1450, 'fixed_ips': [{'subnet_id': u'f4384839-0cb7-4409-9ffd-081cf9dda3e4', 'prefixlen': 24, 'ip_address': u'11.37.1.1'}], 'id': u'742fff62-88ea-43e2-b870-23a280e08d59', 'security_groups': [], 'device_id': u'179885e7-3c40-4eab-b502-d0f458c392a1', 'name': u'', 'admin_state_up': True, 'network_id': u'8827b91f-d5d5-4134-a0fc-9681f77cf269', 'tenant_id': u'a237166953424c589b6298de26550250', 'binding:vif_details': {u'port_filter': True, u'datapath_type': u'system', u'ovs_hybrid_plug': True}, 'address_scopes': {4: None, 6: None}, 'binding:vnic_type': u'normal', 'binding:vif_type': u'ovs', 'mac_address': u'fa:16:3e:89:aa:5f', 'project_id': u'a237166953424c589b6298de26550250', 'extra_subnets': [], 'created_at': '2018-09-13T08:34:14Z'}], 'enable_snat': True, 'ha_vr_id': 0, 'description': u'', 'tags': [], 'gw_port': {'status': u'ACTIVE', 'subnets': [{'dns_nameservers': [], 'ipv6_ra_mode': None, 'gateway_ip': u'172.24.4.1', 'cidr': u'172.24.4.0/24', 'id': u'5f4e1ac0-b77f-4630-ace6-541a6f9c266c', 'subnetpool_id': None}], 'binding:host_id': u'localhost.localdomain', 'description': u'', 'allowed_address_pairs': [], 'tags': [], 'extra_dhcp_opts': [], 'updated_at': '2018-09-13T08:34:41Z', 'device_owner': u'network:router_gateway', 'revision_number': 6, 'port_security_enabled': False, 'binding:profile': {}, 'mtu': 1500, 'fixed_ips': [{'subnet_id': u'5f4e1ac0-b77f-4630-ace6-541a6f9c266c', 'prefixlen': 24, 'ip_address': u'172.24.4.9'}], 'id': u'11d0af92-5291-4dd9-8836-d0ac0d1175ee', 'security_groups': [], 'device_id': u'179885e7-3c40-4eab-b502-d0f458c392a1', 'name': u'', 'admin_state_up': True, 'network_id': u'bcf73fc2-8df6-4f12-801c-ef4abf269c73', 'tenant_id': u'', 'binding:vif_details': {u'port_filter': True, u'datapath_type': u'system', u'ovs_hybrid_plug': True}, 'address_scopes': {4: None, 6: None}, 'binding:vnic_type': u'normal', 'binding:vif_type': u'ovs', 'mac_address': u'fa:16:3e:24:bf:98', 'project_id': u'', 'extra_subnets': [], 'created_at': '2018-09-13T08:34:33Z'}, 'updated_at': '2018-09-13T08:34:35Z', 'revision_number': 4, 'ha': False, 'id': u'179885e7-3c40-4eab-b502-d0f458c392a1', 'gw_port_host': u'localhost.localdomain', 'external_gateway_info': {'network_id': u'bcf73fc2-8df6-4f12-801c-ef4abf269c73', 'enable_snat': True, 'external_fixed_ips': [{'subnet_id': u'5f4e1ac0-b77f-4630-ace6-541a6f9c266c', 'ip_address': u'172.24.4.9'}]}, 'availability_zone_hints': [], 'availability_zones': [u'nova'], 'name': u'tempest-router-1536827442', 'gw_port_id': u'11d0af92-5291-4dd9-8836-d0ac0d1175ee', 'admin_state_up': True, 'tenant_id': u'a237166953424c589b6298de26550250', 'created_at': '2018-09-13T08:33:50Z', 'distributed': False, 'flavor_id': None, 'routes': [], 'project_id': u'a237166953424c589b6298de26550250'}], u'localhost.localdomain', False) {} wrapper /usr/lib/python2.7/site-packages/oslo_log/helpers.py:66
2018-09-13 04:40:22.911 25763 DEBUG neutron.api.rpc.handlers.l3_rpc [req-6cf30e16-dfc6-47ad-b19b-0f4453bdbbf3 - - - - -] Checking router: 179885e7-3c40-4eab-b502-d0f458c392a1 for host: localhost.localdomain _ensure_host_set_on_ports /usr/lib/python2.7/site-packages/neutron/api/rpc/handlers/l3_rpc.py:135
2018-09-13 04:40:23.147 25755 DEBUG novaclient.v2.client [-] RESP: [404] Openstack-Api-Version: compute 2.1 X-Openstack-Nova-Api-Version: 2.1 Vary: OpenStack-API-Version, X-OpenStack-Nova-API-Version Content-Type: application/json; charset=UTF-8 Content-Length: 78 X-Openstack-Request-Id: req-6ba61797-aea8-4781-a471-edc881ba5b41 X-Compute-Request-Id: req-6ba61797-aea8-4781-a471-edc881ba5b41 Date: Thu, 13 Sep 2018 08:40:23 GMT Connection: keep-alive 
RESP BODY: {"itemNotFound": {"message": "No instances found for any event", "code": 404}}
 _http_log_response /usr/lib/python2.7/site-packages/keystoneauth1/session.py:423
2018-09-13 04:40:23.148 25755 DEBUG novaclient.v2.client [-] POST call to compute for http://10.0.20.20:8774/v2.1/4eeeddb45ad446a68ed4de7bd550932a/os-server-external-events used request id req-6ba61797-aea8-4781-a471-edc881ba5b41 request /usr/lib/python2.7/site-packages/keystoneauth1/session.py:727
2018-09-13 04:40:23.149 25755 DEBUG neutron.notifiers.nova [-] Nova returned NotFound for event: [{'tag': u'34088d24-cf11-4193-bc55-1f6b27d2e57b', 'name': 'network-vif-deleted', 'server_uuid': u'82e31d4f-398c-4aa2-8e80-6a174a8191ac'}] send_events /usr/lib/python2.7/site-packages/neutron/notifiers/nova.py:248
2018-09-13 04:40:23.198 25765 DEBUG neutron.api.rpc.handlers.l3_rpc [req-91b6caf2-6f53-4c3e-a935-afdd05f342c3 - - - - -] New status for floating IP 37bc10b2-a29c-4b9b-8108-363aaa6909cf: DOWN update_floatingip_statuses /usr/lib/python2.7/site-packages/neutron/api/rpc/handlers/l3_rpc.py:252
2018-09-13 04:40:25.152 25755 DEBUG oslo_concurrency.lockutils [-] Lock "notifier-dcbcd565-e130-4b6c-9b61-500da8d7f66e" released by "neutron.notifiers.batch_notifier.synced_send" :: held 2.870s inner /usr/lib/python2.7/site-packages/oslo_concurrency/lockutils.py:282
2018-09-13 04:40:31.117 25753 DEBUG neutron.wsgi [-] (25753) accepted ('10.0.20.20', 33750) server /usr/lib/python2.7/site-packages/eventlet/wsgi.py:883
2018-09-13 04:40:31.124 25753 INFO neutron.wsgi [-] 10.0.20.20 "GET / HTTP/1.1" status: 200  len: 252 time: 0.0037460
2018-09-13 04:40:32.193 25753 INFO neutron.api.v2.resource [req-d971aac5-af96-43c8-9830-55907675ba6d b55d80005ad94a3bb30bf9230ae0c2e9 4e6f6f82e90b4174b795d7bcd10c8690 - b308789975254b55877bf824ec6c2bfc b308789975254b55877bf824ec6c2bfc] show failed (client error): The resource could not be found.
2018-09-13 04:40:32.196 25753 INFO neutron.wsgi [req-d971aac5-af96-43c8-9830-55907675ba6d b55d80005ad94a3bb30bf9230ae0c2e9 4e6f6f82e90b4174b795d7bcd10c8690 - b308789975254b55877bf824ec6c2bfc b308789975254b55877bf824ec6c2bfc] 10.0.20.20 "GET /v2.0/security-groups/tempest-SECURITY_GROUP_SAMPLE-1536827910 HTTP/1.1" status: 404  len: 356 time: 1.0632279
2018-09-13 04:40:32.581 25753 DEBUG neutron.quota.resource [req-f726cc32-5457-4479-84c5-7f66584364c2 b55d80005ad94a3bb30bf9230ae0c2e9 4e6f6f82e90b4174b795d7bcd10c8690 - b308789975254b55877bf824ec6c2bfc b308789975254b55877bf824ec6c2bfc] Synchronizing usage tracker for tenant:4e6f6f82e90b4174b795d7bcd10c8690 on resource:security_group resync /usr/lib/python2.7/site-packages/neutron/quota/resource.py:245
2018-09-13 04:40:32.662 25753 DEBUG neutron.quota.resource [req-f726cc32-5457-4479-84c5-7f66584364c2 b55d80005ad94a3bb30bf9230ae0c2e9 4e6f6f82e90b4174b795d7bcd10c8690 - b308789975254b55877bf824ec6c2bfc b308789975254b55877bf824ec6c2bfc] Unset dirty status for tenant:4e6f6f82e90b4174b795d7bcd10c8690 on resource:security_group _resync /usr/lib/python2.7/site-packages/neutron/quota/resource.py:237
2018-09-13 04:40:32.667 25753 INFO neutron.wsgi [req-f726cc32-5457-4479-84c5-7f66584364c2 b55d80005ad94a3bb30bf9230ae0c2e9 4e6f6f82e90b4174b795d7bcd10c8690 - b308789975254b55877bf824ec6c2bfc b308789975254b55877bf824ec6c2bfc] 10.0.20.20 "GET /v2.0/security-groups HTTP/1.1" status: 200  len: 44214 time: 0.4613280
2018-09-13 04:40:32.737 25753 DEBUG neutron.api.v2.base [req-e961a0d6-a990-4f16-a7a3-b0e177ec7a26 b55d80005ad94a3bb30bf9230ae0c2e9 4e6f6f82e90b4174b795d7bcd10c8690 - b308789975254b55877bf824ec6c2bfc b308789975254b55877bf824ec6c2bfc] Request body: {u'security_group_rule': {u'direction': u'ingress', u'protocol': u'tcp', u'ethertype': u'IPv4', u'port_range_max': 22, u'security_group_id': u'679c5a47-4cde-4bf6-b24c-df3e43e6ccc0', u'port_range_min': 22, u'remote_ip_prefix': u'0.0.0.0/0'}} prepare_request_body /usr/lib/python2.7/site-packages/neutron/api/v2/base.py:695
2018-09-13 04:40:32.746 25753 DEBUG neutron.db.quota.driver [req-e961a0d6-a990-4f16-a7a3-b0e177ec7a26 b55d80005ad94a3bb30bf9230ae0c2e9 4e6f6f82e90b4174b795d7bcd10c8690 - b308789975254b55877bf824ec6c2bfc b308789975254b55877bf824ec6c2bfc] Resources subnetpool have unlimited quota limit. It is not required to calculate headroom  make_reservation /usr/lib/python2.7/site-packages/neutron/db/quota/driver.py:223
2018-09-13 04:40:32.755 25753 DEBUG neutron.quota.resource [req-e961a0d6-a990-4f16-a7a3-b0e177ec7a26 b55d80005ad94a3bb30bf9230ae0c2e9 4e6f6f82e90b4174b795d7bcd10c8690 - b308789975254b55877bf824ec6c2bfc b308789975254b55877bf824ec6c2bfc] Usage tracker for resource:security_group_rule and tenant:4e6f6f82e90b4174b795d7bcd10c8690 is out of sync, need to count used quota count_used /usr/lib/python2.7/site-packages/neutron/quota/resource.py:274
2018-09-13 04:40:32.773 25753 DEBUG neutron.quota.resource [req-e961a0d6-a990-4f16-a7a3-b0e177ec7a26 b55d80005ad94a3bb30bf9230ae0c2e9 4e6f6f82e90b4174b795d7bcd10c8690 - b308789975254b55877bf824ec6c2bfc b308789975254b55877bf824ec6c2bfc] Quota usage for security_group_rule was recalculated. Used quota:6. count_used /usr/lib/python2.7/site-packages/neutron/quota/resource.py:293
2018-09-13 04:40:32.790 25753 DEBUG neutron.db.quota.driver [req-e961a0d6-a990-4f16-a7a3-b0e177ec7a26 b55d80005ad94a3bb30bf9230ae0c2e9 4e6f6f82e90b4174b795d7bcd10c8690 - b308789975254b55877bf824ec6c2bfc b308789975254b55877bf824ec6c2bfc] Attempting to reserve 1 items for resource security_group_rule. Total usage: 6; quota limit: 100; headroom:94 make_reservation /usr/lib/python2.7/site-packages/neutron/db/quota/driver.py:255
2018-09-13 04:40:32.927 25753 DEBUG neutron_lib.callbacks.manager [req-e961a0d6-a990-4f16-a7a3-b0e177ec7a26 b55d80005ad94a3bb30bf9230ae0c2e9 4e6f6f82e90b4174b795d7bcd10c8690 - b308789975254b55877bf824ec6c2bfc b308789975254b55877bf824ec6c2bfc] Notify callbacks [] for security_group_rule, before_create _notify_loop /usr/lib/python2.7/site-packages/neutron_lib/callbacks/manager.py:167
2018-09-13 04:40:33.056 25753 DEBUG neutron_lib.callbacks.manager [req-e961a0d6-a990-4f16-a7a3-b0e177ec7a26 b55d80005ad94a3bb30bf9230ae0c2e9 4e6f6f82e90b4174b795d7bcd10c8690 - b308789975254b55877bf824ec6c2bfc b308789975254b55877bf824ec6c2bfc] Notify callbacks [] for security_group_rule, precommit_create _notify_loop /usr/lib/python2.7/site-packages/neutron_lib/callbacks/manager.py:167
2018-09-13 04:40:33.065 25753 DEBUG neutron_lib.callbacks.manager [req-e961a0d6-a990-4f16-a7a3-b0e177ec7a26 b55d80005ad94a3bb30bf9230ae0c2e9 4e6f6f82e90b4174b795d7bcd10c8690 - b308789975254b55877bf824ec6c2bfc b308789975254b55877bf824ec6c2bfc] Notify callbacks ['neutron.plugins.ml2.ovo_rpc._ObjectChangeHandler.handle_event--9223372036853142845'] for security_group_rule, after_create _notify_loop /usr/lib/python2.7/site-packages/neutron_lib/callbacks/manager.py:167
2018-09-13 04:40:33.071 25753 DEBUG oslo_concurrency.lockutils [-] Lock "event-dispatch" acquired by "neutron.plugins.ml2.ovo_rpc.dispatch_events" :: waited 0.000s inner /usr/lib/python2.7/site-packages/oslo_concurrency/lockutils.py:270
2018-09-13 04:40:33.112 25753 DEBUG neutron.api.rpc.handlers.resources_rpc [req-e961a0d6-a990-4f16-a7a3-b0e177ec7a26 b55d80005ad94a3bb30bf9230ae0c2e9 4e6f6f82e90b4174b795d7bcd10c8690 - - -] neutron.api.rpc.handlers.resources_rpc.ResourcesPushRpcApi method push called with arguments (<neutron_lib.context.Context object at 0x7f305474b0d0>, [SecurityGroupRule(created_at=2018-09-13T08:40:33Z,description='',direction='ingress',ethertype='IPv4',id=8ea40658-b49c-4ee7-a486-22d408f5cbd9,port_range_max=22,port_range_min=22,project_id='4e6f6f82e90b4174b795d7bcd10c8690',protocol='tcp',remote_group_id=<?>,remote_ip_prefix=0.0.0.0/0,revision_number=0,security_group_id=679c5a47-4cde-4bf6-b24c-df3e43e6ccc0,updated_at=2018-09-13T08:40:33Z)], 'updated') {} wrapper /usr/lib/python2.7/site-packages/oslo_log/helpers.py:66
2018-09-13 04:40:33.120 25753 DEBUG oslo_concurrency.lockutils [req-e961a0d6-a990-4f16-a7a3-b0e177ec7a26 b55d80005ad94a3bb30bf9230ae0c2e9 4e6f6f82e90b4174b795d7bcd10c8690 - - -] Lock "event-dispatch" released by "neutron.plugins.ml2.ovo_rpc.dispatch_events" :: held 0.049s inner /usr/lib/python2.7/site-packages/oslo_concurrency/lockutils.py:282
2018-09-13 04:40:33.132 25753 DEBUG neutron.quota.resource [req-e961a0d6-a990-4f16-a7a3-b0e177ec7a26 b55d80005ad94a3bb30bf9230ae0c2e9 4e6f6f82e90b4174b795d7bcd10c8690 - b308789975254b55877bf824ec6c2bfc b308789975254b55877bf824ec6c2bfc] Persisted dirty status for tenant:4e6f6f82e90b4174b795d7bcd10c8690 on resource:security_group_rule mark_dirty /usr/lib/python2.7/site-packages/neutron/quota/resource.py:207
2018-09-13 04:40:33.145 25753 DEBUG neutron_lib.callbacks.manager [req-e961a0d6-a990-4f16-a7a3-b0e177ec7a26 b55d80005ad94a3bb30bf9230ae0c2e9 4e6f6f82e90b4174b795d7bcd10c8690 - b308789975254b55877bf824ec6c2bfc b308789975254b55877bf824ec6c2bfc] Notify callbacks [] for security_group_rule, before_response _notify_loop /usr/lib/python2.7/site-packages/neutron_lib/callbacks/manager.py:167
2018-09-13 04:40:33.149 25753 INFO neutron.wsgi [req-e961a0d6-a990-4f16-a7a3-b0e177ec7a26 b55d80005ad94a3bb30bf9230ae0c2e9 4e6f6f82e90b4174b795d7bcd10c8690 - b308789975254b55877bf824ec6c2bfc b308789975254b55877bf824ec6c2bfc] 10.0.20.20 "POST /v2.0/security-group-rules HTTP/1.1" status: 201  len: 718 time: 0.4223530
2018-09-13 04:40:40.738 25758 DEBUG neutron_lib.callbacks.manager [req-fe2c9d45-09da-400c-bed2-54dc94e97ade - - - - -] Notify callbacks ['neutron.services.segments.db._update_segment_host_mapping_for_agent-8740348027683'] for agent, after_update _notify_loop /usr/lib/python2.7/site-packages/neutron_lib/callbacks/manager.py:167
2018-09-13 04:40:40.756 25760 DEBUG neutron_lib.callbacks.manager [req-249d4202-7cab-48d1-96d7-20157194b982 - - - - -] Notify callbacks ['neutron.services.segments.db._update_segment_host_mapping_for_agent-8740348027683'] for agent, after_update _notify_loop /usr/lib/python2.7/site-packages/neutron_lib/callbacks/manager.py:167
2018-09-13 04:40:40.784 25756 DEBUG neutron_lib.callbacks.manager [req-02ed48b0-372e-46c2-9056-14348cbd938f - - - - -] Notify callbacks ['neutron.services.segments.db._update_segment_host_mapping_for_agent-8740348027683'] for agent, after_update _notify_loop /usr/lib/python2.7/site-packages/neutron_lib/callbacks/manager.py:167
