2018-09-28 22:50:38.675 20684 DEBUG neutron.scheduler.l3_agent_scheduler [req-48fd7411-532c-4397-b46c-cdbdd42292cf 198ce144b3cf446eb4ff440ea331dc5d 82e6af1fa1d145d2b86af30c2873cc97 - d77c9ef7ab6c480f9630969adcc18021 d77c9ef7ab6c480f9630969adcc18021] Router 4c6ba9bf-09fd-418c-87e5-ca431081945c has already been hosted by L3 agent bbe33573-c700-4200-b44f-d2ad03ddf329 _get_candidates /usr/lib/python2.7/site-packages/neutron/scheduler/l3_agent_scheduler.py:141
2018-09-28 22:50:38.843 20684 DEBUG neutron.api.rpc.agentnotifiers.l3_rpc_agent_api [req-48fd7411-532c-4397-b46c-cdbdd42292cf 198ce144b3cf446eb4ff440ea331dc5d 82e6af1fa1d145d2b86af30c2873cc97 - d77c9ef7ab6c480f9630969adcc18021 d77c9ef7ab6c480f9630969adcc18021] Notify agent at l3_agent.localhost.localdomain the message routers_updated _agent_notification /usr/lib/python2.7/site-packages/neutron/api/rpc/agentnotifiers/l3_rpc_agent_api.py:69
2018-09-28 22:50:39.121 20684 DEBUG neutron_lib.callbacks.manager [req-48fd7411-532c-4397-b46c-cdbdd42292cf 198ce144b3cf446eb4ff440ea331dc5d 82e6af1fa1d145d2b86af30c2873cc97 - d77c9ef7ab6c480f9630969adcc18021 d77c9ef7ab6c480f9630969adcc18021] Notify callbacks ['neutron.notifiers.nova.Notifier._send_nova_notification--9223372036854743780'] for floatingip, before_response _notify_loop /usr/lib/python2.7/site-packages/neutron_lib/callbacks/manager.py:167
2018-09-28 22:50:39.143 20695 DEBUG neutron.db.l3_hamode_db [req-84e4c460-c5f7-4f85-b6ca-6dec27a683ba - - - - -] neutron.services.l3_router.l3_router_plugin.L3RouterPlugin method get_ha_sync_data_for_host called with arguments (<neutron_lib.context.Context object at 0x7f7f47597d90>, u'localhost.localdomain', <neutron.db.models.agent.Agent[object at 7f7f477818d0] {id=u'bbe33573-c700-4200-b44f-d2ad03ddf329', agent_type=u'L3 agent', binary=u'neutron-l3-agent', topic=u'l3_agent', host=u'localhost.localdomain', availability_zone=u'nova', admin_state_up=True, created_at=datetime.datetime(2018, 9, 12, 22, 23, 13), started_at=datetime.datetime(2018, 9, 29, 2, 41, 36), heartbeat_timestamp=datetime.datetime(2018, 9, 29, 2, 50, 36), description=None, configurations=u'{"agent_mode": "legacy", "gateway_external_network_id": "", "handle_internal_only_routers": true, "routers": 2, "interfaces": 2, "floating_ips": 0, "interface_driver": "neutron.agent.linux.interface.OVSInterfaceDriver", "log_agent_heartbeats": false, "external_network_bridge": "", "ex_gw_ports": 2}', resource_versions=None, load=0}>) {'active': True, 'router_ids': ['4c6ba9bf-09fd-418c-87e5-ca431081945c']} wrapper /usr/lib/python2.7/site-packages/oslo_log/helpers.py:66
2018-09-28 22:50:39.189 20684 INFO neutron.wsgi [req-48fd7411-532c-4397-b46c-cdbdd42292cf 198ce144b3cf446eb4ff440ea331dc5d 82e6af1fa1d145d2b86af30c2873cc97 - d77c9ef7ab6c480f9630969adcc18021 d77c9ef7ab6c480f9630969adcc18021] 10.0.20.22 "PUT /v2.0/floatingips/d5fa97dc-d6d8-4d2d-9819-04d7cc5e9143 HTTP/1.1" status: 200  len: 745 time: 1.4184930
2018-09-28 22:50:39.191 20684 DEBUG oslo_concurrency.lockutils [-] Lock "notifier-9abe7438-5a9d-4eb2-975e-1f33104ce896" acquired by "neutron.notifiers.batch_notifier.synced_send" :: waited 0.000s inner /usr/lib/python2.7/site-packages/oslo_concurrency/lockutils.py:270
2018-09-28 22:50:39.191 20684 DEBUG neutron.notifiers.nova [-] Sending events: [{'tag': u'59993adc-ad8d-40c6-ae94-ac26bfb2472f', 'name': 'network-changed', 'server_uuid': u'b61c3de3-0287-4a3f-81e0-2581aa69b0aa'}] send_events /usr/lib/python2.7/site-packages/neutron/notifiers/nova.py:242
2018-09-28 22:50:39.896 20695 DEBUG neutron.db.l3_hamode_db [req-84e4c460-c5f7-4f85-b6ca-6dec27a683ba - - - - -] neutron.services.l3_router.l3_router_plugin.L3RouterPlugin method _process_sync_ha_data called with arguments (<neutron_lib.context.Context object at 0x7f7f47597d90>, [{'status': u'ACTIVE', '_interfaces': [{'status': u'ACTIVE', 'subnets': [{'dns_nameservers': [u'8.8.4.4'], 'ipv6_ra_mode': None, 'gateway_ip': u'11.205.1.1', 'cidr': u'11.205.1.0/24', 'id': u'2c513797-1b74-4b9e-8f4d-ccbfbbdc35e5', 'subnetpool_id': None}], 'binding:host_id': u'localhost.localdomain', 'description': u'', 'allowed_address_pairs': [], 'tags': [], 'extra_dhcp_opts': [], 'updated_at': '2018-09-29T02:49:07Z', 'device_owner': u'network:router_interface', 'revision_number': 7, 'port_security_enabled': False, 'binding:profile': {}, 'mtu': 1450, 'fixed_ips': [{'subnet_id': u'2c513797-1b74-4b9e-8f4d-ccbfbbdc35e5', 'prefixlen': 24, 'ip_address': u'11.205.1.1'}], 'id': u'b632be8d-7ab1-41ba-90c3-7af3514ddc63', 'security_groups': [], 'device_id': u'4c6ba9bf-09fd-418c-87e5-ca431081945c', 'name': u'', 'admin_state_up': True, 'network_id': u'610ca53d-deab-42cf-99c9-2f5198d871ae', 'tenant_id': u'82e6af1fa1d145d2b86af30c2873cc97', 'binding:vif_details': {u'port_filter': True, u'datapath_type': u'system', u'ovs_hybrid_plug': True}, 'address_scopes': {4: None, 6: None}, 'binding:vnic_type': u'normal', 'binding:vif_type': u'ovs', 'mac_address': u'fa:16:3e:cd:29:05', 'project_id': u'82e6af1fa1d145d2b86af30c2873cc97', 'extra_subnets': [], 'created_at': '2018-09-29T02:48:59Z'}], 'enable_snat': True, 'ha_vr_id': 0, 'description': u'', 'tags': [], 'gw_port': {'status': u'ACTIVE', 'subnets': [{'dns_nameservers': [], 'ipv6_ra_mode': None, 'gateway_ip': u'172.24.4.1', 'cidr': u'172.24.4.0/24', 'id': u'6852f693-9617-43cb-89eb-377974cd9510', 'subnetpool_id': None}], 'binding:host_id': u'localhost.localdomain', 'description': u'', 'allowed_address_pairs': [], 'tags': [], 'extra_dhcp_opts': [], 'updated_at': '2018-09-29T02:49:17Z', 'device_owner': u'network:router_gateway', 'revision_number': 6, 'port_security_enabled': False, 'binding:profile': {}, 'mtu': 1500, 'fixed_ips': [{'subnet_id': u'6852f693-9617-43cb-89eb-377974cd9510', 'prefixlen': 24, 'ip_address': u'172.24.4.3'}], 'id': u'a0e76d35-2386-472c-961d-ac4a58228a7b', 'security_groups': [], 'device_id': u'4c6ba9bf-09fd-418c-87e5-ca431081945c', 'name': u'', 'admin_state_up': True, 'network_id': u'9619842c-a15f-4600-bdce-bfe274d454b0', 'tenant_id': u'', 'binding:vif_details': {u'port_filter': True, u'datapath_type': u'system', u'ovs_hybrid_plug': True}, 'address_scopes': {4: None, 6: None}, 'binding:vnic_type': u'normal', 'binding:vif_type': u'ovs', 'mac_address': u'fa:16:3e:20:81:e5', 'project_id': u'', 'extra_subnets': [], 'created_at': '2018-09-29T02:49:11Z'}, 'updated_at': '2018-09-29T02:49:12Z', 'revision_number': 4, 'ha': False, 'id': u'4c6ba9bf-09fd-418c-87e5-ca431081945c', 'gw_port_host': u'localhost.localdomain', 'external_gateway_info': {'network_id': u'9619842c-a15f-4600-bdce-bfe274d454b0', 'enable_snat': True, 'external_fixed_ips': [{'subnet_id': u'6852f693-9617-43cb-89eb-377974cd9510', 'ip_address': u'172.24.4.3'}]}, 'availability_zone_hints': [], 'availability_zones': [u'nova'], 'name': u'tempest-router-1538189160', 'gw_port_id': u'a0e76d35-2386-472c-961d-ac4a58228a7b', 'admin_state_up': True, 'tenant_id': u'82e6af1fa1d145d2b86af30c2873cc97', 'created_at': '2018-09-29T02:48:42Z', 'distributed': False, 'flavor_id': None, 'routes': [], 'project_id': u'82e6af1fa1d145d2b86af30c2873cc97', '_floatingips': [{'router_id': u'4c6ba9bf-09fd-418c-87e5-ca431081945c', 'status': u'DOWN', 'description': u'', 'tags': [], 'updated_at': '2018-09-29T02:50:38Z', 'dns_domain': '', 'floating_network_id': u'9619842c-a15f-4600-bdce-bfe274d454b0', 'fixed_ip_address': u'11.205.1.3', 'floating_ip_address': u'172.24.4.7', 'revision_number': 1, 'port_id': u'59993adc-ad8d-40c6-ae94-ac26bfb2472f', 'id': u'd5fa97dc-d6d8-4d2d-9819-04d7cc5e9143', 'dns_name': '', 'created_at': '2018-09-29T02:50:21Z', 'tenant_id': u'82e6af1fa1d145d2b86af30c2873cc97', 'fixed_ip_address_scope': None, 'project_id': u'82e6af1fa1d145d2b86af30c2873cc97'}]}], u'localhost.localdomain', False) {} wrapper /usr/lib/python2.7/site-packages/oslo_log/helpers.py:66
2018-09-28 22:50:39.906 20695 DEBUG neutron.api.rpc.handlers.l3_rpc [req-84e4c460-c5f7-4f85-b6ca-6dec27a683ba - - - - -] Checking router: 4c6ba9bf-09fd-418c-87e5-ca431081945c for host: localhost.localdomain _ensure_host_set_on_ports /usr/lib/python2.7/site-packages/neutron/api/rpc/handlers/l3_rpc.py:135
2018-09-28 22:50:40.074 20684 DEBUG novaclient.v2.client [-] REQ: curl -g -i -X POST http://10.0.20.22:8774/v2.1/007b5c587a144e49a50c9008f27cd2bd/os-server-external-events -H "User-Agent: python-novaclient" -H "Content-Type: application/json" -H "Accept: application/json" -H "X-OpenStack-Nova-API-Version: 2.1" -H "X-Auth-Token: {SHA1}4d01400565c1f11e5833940b220353e12895636e" -d '{"events": [{"tag": "59993adc-ad8d-40c6-ae94-ac26bfb2472f", "name": "network-changed", "server_uuid": "b61c3de3-0287-4a3f-81e0-2581aa69b0aa"}]}' _http_log_request /usr/lib/python2.7/site-packages/keystoneauth1/session.py:375
2018-09-28 22:50:40.268 20697 DEBUG neutron.api.rpc.handlers.l3_rpc [req-fc184100-d4ce-4ae1-ac21-49f948db996c - - - - -] New status for floating IP d5fa97dc-d6d8-4d2d-9819-04d7cc5e9143: ACTIVE update_floatingip_statuses /usr/lib/python2.7/site-packages/neutron/api/rpc/handlers/l3_rpc.py:252
2018-09-28 22:50:40.647 20684 INFO neutron.wsgi [req-bdad2b08-1b84-4c4f-afe0-c268145da7d7 d1138ec1c77349f9b95c6580aab47cb8 007b5c587a144e49a50c9008f27cd2bd - default default] 10.0.20.22 "GET /v2.0/ports?tenant_id=82e6af1fa1d145d2b86af30c2873cc97&device_id=b61c3de3-0287-4a3f-81e0-2581aa69b0aa HTTP/1.1" status: 200  len: 1124 time: 0.5254099
2018-09-28 22:50:40.788 20684 DEBUG novaclient.v2.client [-] RESP: [200] Content-Length: 179 Content-Type: application/json Openstack-Api-Version: compute 2.1 X-Openstack-Nova-Api-Version: 2.1 Vary: OpenStack-API-Version, X-OpenStack-Nova-API-Version X-Openstack-Request-Id: req-5b71bca2-3038-4473-9f69-d697b1f106b9 X-Compute-Request-Id: req-5b71bca2-3038-4473-9f69-d697b1f106b9 Date: Sat, 29 Sep 2018 02:50:40 GMT Connection: keep-alive 
RESP BODY: {"events": [{"status": "completed", "tag": "59993adc-ad8d-40c6-ae94-ac26bfb2472f", "name": "network-changed", "server_uuid": "b61c3de3-0287-4a3f-81e0-2581aa69b0aa", "code": 200}]}
 _http_log_response /usr/lib/python2.7/site-packages/keystoneauth1/session.py:423
2018-09-28 22:50:40.789 20684 DEBUG novaclient.v2.client [-] POST call to compute for http://10.0.20.22:8774/v2.1/007b5c587a144e49a50c9008f27cd2bd/os-server-external-events used request id req-5b71bca2-3038-4473-9f69-d697b1f106b9 request /usr/lib/python2.7/site-packages/keystoneauth1/session.py:727
2018-09-28 22:50:40.798 20684 INFO neutron.notifiers.nova [-] Nova event response: {u'status': u'completed', u'tag': u'59993adc-ad8d-40c6-ae94-ac26bfb2472f', u'name': u'network-changed', u'server_uuid': u'b61c3de3-0287-4a3f-81e0-2581aa69b0aa', u'code': 200}
2018-09-28 22:50:40.939 20687 INFO neutron.wsgi [req-517f26dc-48e9-4075-a70b-66e79997c11e d1138ec1c77349f9b95c6580aab47cb8 007b5c587a144e49a50c9008f27cd2bd - default default] 10.0.20.22 "GET /v2.0/ports?tenant_id=82e6af1fa1d145d2b86af30c2873cc97&device_id=b61c3de3-0287-4a3f-81e0-2581aa69b0aa HTTP/1.1" status: 200  len: 1124 time: 0.1109970
2018-09-28 22:50:40.984 20684 DEBUG neutron.pecan_wsgi.hooks.policy_enforcement [req-2dface8b-d0a5-4aa7-9786-d44ff7848459 d1138ec1c77349f9b95c6580aab47cb8 007b5c587a144e49a50c9008f27cd2bd - default default] Attributes excluded by policy engine: [u'vlan_transparent'] _exclude_attributes_by_policy /usr/lib/python2.7/site-packages/neutron/pecan_wsgi/hooks/policy_enforcement.py:256
2018-09-28 22:50:40.987 20684 INFO neutron.wsgi [req-2dface8b-d0a5-4aa7-9786-d44ff7848459 d1138ec1c77349f9b95c6580aab47cb8 007b5c587a144e49a50c9008f27cd2bd - default default] 10.0.20.22 "GET /v2.0/networks?id=610ca53d-deab-42cf-99c9-2f5198d871ae HTTP/1.1" status: 200  len: 885 time: 0.2371089
2018-09-28 22:50:41.021 20684 INFO neutron.wsgi [req-43f6b7ff-f1e9-486a-b3b3-d27cefc805cf d1138ec1c77349f9b95c6580aab47cb8 007b5c587a144e49a50c9008f27cd2bd - default default] 10.0.20.22 "GET /v2.0/floatingips?fixed_ip_address=11.205.1.3&port_id=59993adc-ad8d-40c6-ae94-ac26bfb2472f HTTP/1.1" status: 200  len: 750 time: 0.0281901
2018-09-28 22:50:41.131 20687 DEBUG neutron.pecan_wsgi.hooks.policy_enforcement [req-4c1e253c-7e2e-496b-9a2b-820ea7dbce67 d1138ec1c77349f9b95c6580aab47cb8 007b5c587a144e49a50c9008f27cd2bd - default default] Attributes excluded by policy engine: [u'vlan_transparent'] _exclude_attributes_by_policy /usr/lib/python2.7/site-packages/neutron/pecan_wsgi/hooks/policy_enforcement.py:256
2018-09-28 22:50:41.133 20687 INFO neutron.wsgi [req-4c1e253c-7e2e-496b-9a2b-820ea7dbce67 d1138ec1c77349f9b95c6580aab47cb8 007b5c587a144e49a50c9008f27cd2bd - default default] 10.0.20.22 "GET /v2.0/networks?id=610ca53d-deab-42cf-99c9-2f5198d871ae HTTP/1.1" status: 200  len: 885 time: 0.1857259
2018-09-28 22:50:41.143 20684 DEBUG neutron.pecan_wsgi.hooks.policy_enforcement [req-102fd30d-eba3-4ce0-8e9b-1c41ebe7b230 d1138ec1c77349f9b95c6580aab47cb8 007b5c587a144e49a50c9008f27cd2bd - default default] Attributes excluded by policy engine: [u'shared'] _exclude_attributes_by_policy /usr/lib/python2.7/site-packages/neutron/pecan_wsgi/hooks/policy_enforcement.py:256
2018-09-28 22:50:41.145 20684 INFO neutron.wsgi [req-102fd30d-eba3-4ce0-8e9b-1c41ebe7b230 d1138ec1c77349f9b95c6580aab47cb8 007b5c587a144e49a50c9008f27cd2bd - default default] 10.0.20.22 "GET /v2.0/subnets?id=2c513797-1b74-4b9e-8f4d-ccbfbbdc35e5 HTTP/1.1" status: 200  len: 847 time: 0.1165421
2018-09-28 22:50:41.172 20687 INFO neutron.wsgi [req-55ee7f75-ab87-4bc4-9199-2c5d681c6bae d1138ec1c77349f9b95c6580aab47cb8 007b5c587a144e49a50c9008f27cd2bd - default default] 10.0.20.22 "GET /v2.0/floatingips?fixed_ip_address=11.205.1.3&port_id=59993adc-ad8d-40c6-ae94-ac26bfb2472f HTTP/1.1" status: 200  len: 750 time: 0.0349340
2018-09-28 22:50:41.261 20684 INFO neutron.wsgi [req-f4030f37-e6d8-4014-bb01-bb729d378df6 d1138ec1c77349f9b95c6580aab47cb8 007b5c587a144e49a50c9008f27cd2bd - default default] 10.0.20.22 "GET /v2.0/ports?network_id=610ca53d-deab-42cf-99c9-2f5198d871ae&device_owner=network%3Adhcp HTTP/1.1" status: 200  len: 1128 time: 0.1096630
2018-09-28 22:50:41.295 20687 DEBUG neutron.pecan_wsgi.hooks.policy_enforcement [req-ada1f5ed-cd65-4bcc-8245-951edce149ce d1138ec1c77349f9b95c6580aab47cb8 007b5c587a144e49a50c9008f27cd2bd - default default] Attributes excluded by policy engine: [u'shared'] _exclude_attributes_by_policy /usr/lib/python2.7/site-packages/neutron/pecan_wsgi/hooks/policy_enforcement.py:256
2018-09-28 22:50:41.299 20687 INFO neutron.wsgi [req-ada1f5ed-cd65-4bcc-8245-951edce149ce d1138ec1c77349f9b95c6580aab47cb8 007b5c587a144e49a50c9008f27cd2bd - default default] 10.0.20.22 "GET /v2.0/subnets?id=2c513797-1b74-4b9e-8f4d-ccbfbbdc35e5 HTTP/1.1" status: 200  len: 847 time: 0.1170239
2018-09-28 22:50:41.401 20687 INFO neutron.wsgi [req-8521a8aa-e3ed-4d82-b487-8285375d85a6 d1138ec1c77349f9b95c6580aab47cb8 007b5c587a144e49a50c9008f27cd2bd - default default] 10.0.20.22 "GET /v2.0/ports?network_id=610ca53d-deab-42cf-99c9-2f5198d871ae&device_owner=network%3Adhcp HTTP/1.1" status: 200  len: 1128 time: 0.0966499
2018-09-28 22:50:42.799 20684 DEBUG oslo_concurrency.lockutils [-] Lock "notifier-9abe7438-5a9d-4eb2-975e-1f33104ce896" released by "neutron.notifiers.batch_notifier.synced_send" :: held 3.609s inner /usr/lib/python2.7/site-packages/oslo_concurrency/lockutils.py:282
2018-09-28 22:50:48.932 20698 DEBUG neutron_lib.callbacks.manager [req-0fd5966a-9c6c-4977-b46a-cdb00e1dea3b - - - - -] Notify callbacks ['neutron.services.segments.db._update_segment_host_mapping_for_agent-8761540724394'] for agent, after_update _notify_loop /usr/lib/python2.7/site-packages/neutron_lib/callbacks/manager.py:167
2018-09-28 22:50:52.188 20684 INFO neutron.wsgi [req-402d6c7b-6de5-45ad-8189-7f7e41b1950e 198ce144b3cf446eb4ff440ea331dc5d 82e6af1fa1d145d2b86af30c2873cc97 - d77c9ef7ab6c480f9630969adcc18021 d77c9ef7ab6c480f9630969adcc18021] 10.0.20.22 "GET /v2.0/ports?device_id=b61c3de3-0287-4a3f-81e0-2581aa69b0aa HTTP/1.1" status: 200  len: 1124 time: 0.7379830
2018-09-28 22:50:52.321 20684 INFO neutron.wsgi [req-135f7de9-d6c8-48b7-a426-8bebac01c32a 198ce144b3cf446eb4ff440ea331dc5d 82e6af1fa1d145d2b86af30c2873cc97 - d77c9ef7ab6c480f9630969adcc18021 d77c9ef7ab6c480f9630969adcc18021] 10.0.20.22 "GET /v2.0/security-groups?id=9e2fbbc9-eadc-4568-84d2-ccdd110f9a50 HTTP/1.1" status: 200  len: 2118 time: 0.1274359
2018-09-28 22:50:59.115 20687 INFO neutron.wsgi [req-1c73cf0a-084e-4acc-8fcc-179b1c139acd d1138ec1c77349f9b95c6580aab47cb8 007b5c587a144e49a50c9008f27cd2bd - default default] 10.0.20.22 "GET /v2.0/ports?tenant_id=82e6af1fa1d145d2b86af30c2873cc97&device_id=b61c3de3-0287-4a3f-81e0-2581aa69b0aa HTTP/1.1" status: 200  len: 1124 time: 0.1861060
2018-09-28 22:50:59.593 20687 DEBUG neutron.pecan_wsgi.hooks.policy_enforcement [req-bdbf9f38-d4a1-45b6-86f2-f222bc9bf3b1 d1138ec1c77349f9b95c6580aab47cb8 007b5c587a144e49a50c9008f27cd2bd - default default] Attributes excluded by policy engine: [u'vlan_transparent'] _exclude_attributes_by_policy /usr/lib/python2.7/site-packages/neutron/pecan_wsgi/hooks/policy_enforcement.py:256
2018-09-28 22:50:59.598 20687 INFO neutron.wsgi [req-bdbf9f38-d4a1-45b6-86f2-f222bc9bf3b1 d1138ec1c77349f9b95c6580aab47cb8 007b5c587a144e49a50c9008f27cd2bd - default default] 10.0.20.22 "GET /v2.0/networks?id=610ca53d-deab-42cf-99c9-2f5198d871ae HTTP/1.1" status: 200  len: 885 time: 0.4681671
2018-09-28 22:50:59.637 20687 INFO neutron.wsgi [req-925bbd23-68db-4dc4-af4a-32c5643e82b2 d1138ec1c77349f9b95c6580aab47cb8 007b5c587a144e49a50c9008f27cd2bd - default default] 10.0.20.22 "GET /v2.0/floatingips?fixed_ip_address=11.205.1.3&port_id=59993adc-ad8d-40c6-ae94-ac26bfb2472f HTTP/1.1" status: 200  len: 750 time: 0.0341771
2018-09-28 22:50:59.735 20687 DEBUG neutron.pecan_wsgi.hooks.policy_enforcement [req-9d68cca4-fbe5-4891-8378-9c86aaa067a6 d1138ec1c77349f9b95c6580aab47cb8 007b5c587a144e49a50c9008f27cd2bd - default default] Attributes excluded by policy engine: [u'shared'] _exclude_attributes_by_policy /usr/lib/python2.7/site-packages/neutron/pecan_wsgi/hooks/policy_enforcement.py:256
2018-09-28 22:50:59.738 20687 INFO neutron.wsgi [req-9d68cca4-fbe5-4891-8378-9c86aaa067a6 d1138ec1c77349f9b95c6580aab47cb8 007b5c587a144e49a50c9008f27cd2bd - default default] 10.0.20.22 "GET /v2.0/subnets?id=2c513797-1b74-4b9e-8f4d-ccbfbbdc35e5 HTTP/1.1" status: 200  len: 847 time: 0.0975978
2018-09-28 22:50:59.832 20687 INFO neutron.wsgi [req-df4fc8b1-0dd9-41f4-877e-4109cbc3ffcc d1138ec1c77349f9b95c6580aab47cb8 007b5c587a144e49a50c9008f27cd2bd - default default] 10.0.20.22 "GET /v2.0/ports?network_id=610ca53d-deab-42cf-99c9-2f5198d871ae&device_owner=network%3Adhcp HTTP/1.1" status: 200  len: 1128 time: 0.0888391
2018-09-28 22:51:02.966 20701 DEBUG neutron.db.agents_db [req-347cc35d-098d-4c38-87ef-d78124a9997c - - - - -] Agent healthcheck: found 5 active agents agent_health_check /usr/lib/python2.7/site-packages/neutron/db/agents_db.py:281
2018-09-28 22:51:06.892 20697 DEBUG neutron_lib.callbacks.manager [req-ca698018-3334-4af0-a168-a896939eedcb - - - - -] Notify callbacks ['neutron.services.segments.db._update_segment_host_mapping_for_agent-8761540724394'] for agent, after_update _notify_loop /usr/lib/python2.7/site-packages/neutron_lib/callbacks/manager.py:167
2018-09-28 22:51:06.898 20699 DEBUG neutron_lib.callbacks.manager [req-10ba256b-117b-4bd4-bfaf-4470c4f935fd - - - - -] Notify callbacks ['neutron.services.segments.db._update_segment_host_mapping_for_agent-8761540724394'] for agent, after_update _notify_loop /usr/lib/python2.7/site-packages/neutron_lib/callbacks/manager.py:167
2018-09-28 22:51:06.946 20700 DEBUG neutron_lib.callbacks.manager [req-14d6b75d-b93d-4a67-8bf1-886cbd3e0aa4 - - - - -] Notify callbacks ['neutron.services.segments.db._update_segment_host_mapping_for_agent-8761540724394'] for agent, after_update _notify_loop /usr/lib/python2.7/site-packages/neutron_lib/callbacks/manager.py:167
2018-09-28 22:51:08.092 20693 DEBUG neutron_lib.callbacks.manager [req-63d8c59a-2d58-419a-9ede-e1de42a8fa18 - - - - -] Notify callbacks ['neutron.services.segments.db._update_segment_host_mapping_for_agent-8761540724394'] for agent, after_update _notify_loop /usr/lib/python2.7/site-packages/neutron_lib/callbacks/manager.py:167
2018-09-28 22:51:12.288 20689 INFO neutron.wsgi [req-c68aaddc-5d96-4ef6-814a-1aa28b78177d 198ce144b3cf446eb4ff440ea331dc5d 82e6af1fa1d145d2b86af30c2873cc97 - d77c9ef7ab6c480f9630969adcc18021 d77c9ef7ab6c480f9630969adcc18021] 10.0.20.22 "GET /v2.0/ports?device_id=b61c3de3-0287-4a3f-81e0-2581aa69b0aa HTTP/1.1" status: 200  len: 1124 time: 0.5711279
2018-09-28 22:51:12.423 20689 INFO neutron.wsgi [req-78df8b3c-7a5a-4ba5-b632-40a308b6a867 198ce144b3cf446eb4ff440ea331dc5d 82e6af1fa1d145d2b86af30c2873cc97 - d77c9ef7ab6c480f9630969adcc18021 d77c9ef7ab6c480f9630969adcc18021] 10.0.20.22 "GET /v2.0/security-groups?id=9e2fbbc9-eadc-4568-84d2-ccdd110f9a50 HTTP/1.1" status: 200  len: 2118 time: 0.1287580
2018-09-28 22:51:18.938 20692 DEBUG neutron_lib.callbacks.manager [req-0fd5966a-9c6c-4977-b46a-cdb00e1dea3b - - - - -] Notify callbacks ['neutron.services.segments.db._update_segment_host_mapping_for_agent-8761540724394'] for agent, after_update _notify_loop /usr/lib/python2.7/site-packages/neutron_lib/callbacks/manager.py:167
2018-09-28 22:51:24.339 20689 INFO neutron.wsgi [req-726608f0-9725-4ab7-9040-d16ff60e344a 198ce144b3cf446eb4ff440ea331dc5d 82e6af1fa1d145d2b86af30c2873cc97 - d77c9ef7ab6c480f9630969adcc18021 d77c9ef7ab6c480f9630969adcc18021] 10.0.20.22 "GET /v2.0/ports?device_id=b61c3de3-0287-4a3f-81e0-2581aa69b0aa HTTP/1.1" status: 200  len: 1124 time: 0.4818060
2018-09-28 22:51:24.453 20689 INFO neutron.wsgi [req-7f3ff887-d751-4fb9-b9c0-7de375f65817 198ce144b3cf446eb4ff440ea331dc5d 82e6af1fa1d145d2b86af30c2873cc97 - d77c9ef7ab6c480f9630969adcc18021 d77c9ef7ab6c480f9630969adcc18021] 10.0.20.22 "GET /v2.0/security-groups?id=9e2fbbc9-eadc-4568-84d2-ccdd110f9a50 HTTP/1.1" status: 200  len: 2118 time: 0.1041720
2018-09-28 22:51:36.696 20696 DEBUG neutron_lib.callbacks.manager [req-c9e947d9-643c-47f1-80d7-bcc9ee8b3257 - - - - -] Notify callbacks ['neutron.services.segments.db._update_segment_host_mapping_for_agent-8761540724394'] for agent, after_update _notify_loop /usr/lib/python2.7/site-packages/neutron_lib/callbacks/manager.py:167
2018-09-28 22:51:36.802 20694 DEBUG neutron_lib.callbacks.manager [req-ca698018-3334-4af0-a168-a896939eedcb - - - - -] Notify callbacks ['neutron.services.segments.db._update_segment_host_mapping_for_agent-8761540724394'] for agent, after_update _notify_loop /usr/lib/python2.7/site-packages/neutron_lib/callbacks/manager.py:167
2018-09-28 22:51:36.806 20695 DEBUG neutron_lib.callbacks.manager [req-63d8c59a-2d58-419a-9ede-e1de42a8fa18 - - - - -] Notify callbacks ['neutron.services.segments.db._update_segment_host_mapping_for_agent-8761540724394'] for agent, after_update _notify_loop /usr/lib/python2.7/site-packages/neutron_lib/callbacks/manager.py:167
2018-09-28 22:51:36.863 20698 DEBUG neutron_lib.callbacks.manager [req-eb3cc2f8-f5d1-4a4d-8a13-7ff1dad1eeab - - - - -] Notify callbacks ['neutron.services.segments.db._update_segment_host_mapping_for_agent-8761540724394'] for agent, after_update _notify_loop /usr/lib/python2.7/site-packages/neutron_lib/callbacks/manager.py:167
2018-09-28 22:51:37.564 20689 INFO neutron.wsgi [req-222cfdfb-7f2c-4b43-8346-40c467b6a099 198ce144b3cf446eb4ff440ea331dc5d 82e6af1fa1d145d2b86af30c2873cc97 - d77c9ef7ab6c480f9630969adcc18021 d77c9ef7ab6c480f9630969adcc18021] 10.0.20.22 "GET /v2.0/ports?device_id=b61c3de3-0287-4a3f-81e0-2581aa69b0aa HTTP/1.1" status: 200  len: 1124 time: 0.7529030
2018-09-28 22:51:37.689 20689 INFO neutron.wsgi [req-011fb972-f72a-482f-b5c3-06e05157f03d 198ce144b3cf446eb4ff440ea331dc5d 82e6af1fa1d145d2b86af30c2873cc97 - d77c9ef7ab6c480f9630969adcc18021 d77c9ef7ab6c480f9630969adcc18021] 10.0.20.22 "GET /v2.0/security-groups?id=9e2fbbc9-eadc-4568-84d2-ccdd110f9a50 HTTP/1.1" status: 200  len: 2118 time: 0.1155519
2018-09-28 22:51:39.965 20701 DEBUG neutron.db.agents_db [req-347cc35d-098d-4c38-87ef-d78124a9997c - - - - -] Agent healthcheck: found 5 active agents agent_health_check /usr/lib/python2.7/site-packages/neutron/db/agents_db.py:281
2018-09-28 22:51:44.782 20689 INFO neutron.wsgi [req-149c075e-693b-4f1a-bab0-84a84fffa03d 198ce144b3cf446eb4ff440ea331dc5d 82e6af1fa1d145d2b86af30c2873cc97 - d77c9ef7ab6c480f9630969adcc18021 d77c9ef7ab6c480f9630969adcc18021] 10.0.20.22 "GET /v2.0/ports?device_id=b61c3de3-0287-4a3f-81e0-2581aa69b0aa HTTP/1.1" status: 200  len: 1124 time: 0.4387171
2018-09-28 22:51:44.880 20689 INFO neutron.wsgi [req-6dc22805-85f5-4ebc-ae0f-50d3550b72c0 198ce144b3cf446eb4ff440ea331dc5d 82e6af1fa1d145d2b86af30c2873cc97 - d77c9ef7ab6c480f9630969adcc18021 d77c9ef7ab6c480f9630969adcc18021] 10.0.20.22 "GET /v2.0/security-groups?id=9e2fbbc9-eadc-4568-84d2-ccdd110f9a50 HTTP/1.1" status: 200  len: 2118 time: 0.0932450
2018-09-28 22:51:48.920 20699 DEBUG neutron_lib.callbacks.manager [req-0fd5966a-9c6c-4977-b46a-cdb00e1dea3b - - - - -] Notify callbacks ['neutron.services.segments.db._update_segment_host_mapping_for_agent-8761540724394'] for agent, after_update _notify_loop /usr/lib/python2.7/site-packages/neutron_lib/callbacks/manager.py:167
2018-09-28 22:51:54.935 20684 INFO neutron.wsgi [req-bfcd9603-1a42-4393-b2c1-6f16ecf48cff 198ce144b3cf446eb4ff440ea331dc5d 82e6af1fa1d145d2b86af30c2873cc97 - d77c9ef7ab6c480f9630969adcc18021 d77c9ef7ab6c480f9630969adcc18021] 10.0.20.22 "GET /v2.0/ports?device_id=b61c3de3-0287-4a3f-81e0-2581aa69b0aa HTTP/1.1" status: 200  len: 1124 time: 0.4691470
2018-09-28 22:51:55.032 20684 INFO neutron.wsgi [req-5798d345-3e2f-4f96-8c90-4f6efdd76660 198ce144b3cf446eb4ff440ea331dc5d 82e6af1fa1d145d2b86af30c2873cc97 - d77c9ef7ab6c480f9630969adcc18021 d77c9ef7ab6c480f9630969adcc18021] 10.0.20.22 "GET /v2.0/security-groups?id=9e2fbbc9-eadc-4568-84d2-ccdd110f9a50 HTTP/1.1" status: 200  len: 2118 time: 0.0907681
2018-09-28 22:52:00.971 20687 INFO neutron.wsgi [req-de7d8361-3c07-4adc-b183-e60473704a1e d1138ec1c77349f9b95c6580aab47cb8 007b5c587a144e49a50c9008f27cd2bd - default default] 10.0.20.22 "GET /v2.0/ports?tenant_id=82e6af1fa1d145d2b86af30c2873cc97&device_id=b61c3de3-0287-4a3f-81e0-2581aa69b0aa HTTP/1.1" status: 200  len: 1124 time: 0.1146550
2018-09-28 22:52:01.199 20687 DEBUG neutron.pecan_wsgi.hooks.policy_enforcement [req-96de8cd2-eb17-4656-a3a3-cb04cb50e304 d1138ec1c77349f9b95c6580aab47cb8 007b5c587a144e49a50c9008f27cd2bd - default default] Attributes excluded by policy engine: [u'vlan_transparent'] _exclude_attributes_by_policy /usr/lib/python2.7/site-packages/neutron/pecan_wsgi/hooks/policy_enforcement.py:256
2018-09-28 22:52:01.201 20687 INFO neutron.wsgi [req-96de8cd2-eb17-4656-a3a3-cb04cb50e304 d1138ec1c77349f9b95c6580aab47cb8 007b5c587a144e49a50c9008f27cd2bd - default default] 10.0.20.22 "GET /v2.0/networks?id=610ca53d-deab-42cf-99c9-2f5198d871ae HTTP/1.1" status: 200  len: 885 time: 0.2253771
2018-09-28 22:52:01.237 20687 INFO neutron.wsgi [req-cf7cf6fd-0e3a-4d3d-b003-d8baa7b359e5 d1138ec1c77349f9b95c6580aab47cb8 007b5c587a144e49a50c9008f27cd2bd - default default] 10.0.20.22 "GET /v2.0/floatingips?fixed_ip_address=11.205.1.3&port_id=59993adc-ad8d-40c6-ae94-ac26bfb2472f HTTP/1.1" status: 200  len: 750 time: 0.0301380
2018-09-28 22:52:01.328 20687 DEBUG neutron.pecan_wsgi.hooks.policy_enforcement [req-6b5bb5a2-78cb-4650-9f08-19ffe194924c d1138ec1c77349f9b95c6580aab47cb8 007b5c587a144e49a50c9008f27cd2bd - default default] Attributes excluded by policy engine: [u'shared'] _exclude_attributes_by_policy /usr/lib/python2.7/site-packages/neutron/pecan_wsgi/hooks/policy_enforcement.py:256
2018-09-28 22:52:01.330 20687 INFO neutron.wsgi [req-6b5bb5a2-78cb-4650-9f08-19ffe194924c d1138ec1c77349f9b95c6580aab47cb8 007b5c587a144e49a50c9008f27cd2bd - default default] 10.0.20.22 "GET /v2.0/subnets?id=2c513797-1b74-4b9e-8f4d-ccbfbbdc35e5 HTTP/1.1" status: 200  len: 847 time: 0.0882390
2018-09-28 22:52:01.421 20687 INFO neutron.wsgi [req-c9bfdf07-3240-433a-b235-a7116d01ef6e d1138ec1c77349f9b95c6580aab47cb8 007b5c587a144e49a50c9008f27cd2bd - default default] 10.0.20.22 "GET /v2.0/ports?network_id=610ca53d-deab-42cf-99c9-2f5198d871ae&device_owner=network%3Adhcp HTTP/1.1" status: 200  len: 1128 time: 0.0862451
2018-09-28 22:52:04.982 20685 INFO neutron.wsgi [req-376dae6e-fa86-40f5-91bc-4911bc6a2fbf 198ce144b3cf446eb4ff440ea331dc5d 82e6af1fa1d145d2b86af30c2873cc97 - d77c9ef7ab6c480f9630969adcc18021 d77c9ef7ab6c480f9630969adcc18021] 10.0.20.22 "GET /v2.0/ports?device_id=b61c3de3-0287-4a3f-81e0-2581aa69b0aa HTTP/1.1" status: 200  len: 1124 time: 1.0734901
2018-09-28 22:52:05.190 20685 INFO neutron.wsgi [req-cb101672-e4e0-4bab-bcb0-b1f0e81e4f86 198ce144b3cf446eb4ff440ea331dc5d 82e6af1fa1d145d2b86af30c2873cc97 - d77c9ef7ab6c480f9630969adcc18021 d77c9ef7ab6c480f9630969adcc18021] 10.0.20.22 "GET /v2.0/security-groups?id=9e2fbbc9-eadc-4568-84d2-ccdd110f9a50 HTTP/1.1" status: 200  len: 2118 time: 0.1996500
2018-09-28 22:52:06.818 20697 DEBUG neutron_lib.callbacks.manager [req-b6af0f87-1213-4b4f-ac28-2adc9ae4f084 - - - - -] Notify callbacks ['neutron.services.segments.db._update_segment_host_mapping_for_agent-8761540724394'] for agent, after_update _notify_loop /usr/lib/python2.7/site-packages/neutron_lib/callbacks/manager.py:167
2018-09-28 22:52:06.888 20693 DEBUG neutron_lib.callbacks.manager [req-ca698018-3334-4af0-a168-a896939eedcb - - - - -] Notify callbacks ['neutron.services.segments.db._update_segment_host_mapping_for_agent-8761540724394'] for agent, after_update _notify_loop /usr/lib/python2.7/site-packages/neutron_lib/callbacks/manager.py:167
2018-09-28 22:52:06.924 20700 DEBUG neutron_lib.callbacks.manager [req-63d8c59a-2d58-419a-9ede-e1de42a8fa18 - - - - -] Notify callbacks ['neutron.services.segments.db._update_segment_host_mapping_for_agent-8761540724394'] for agent, after_update _notify_loop /usr/lib/python2.7/site-packages/neutron_lib/callbacks/manager.py:167
2018-09-28 22:52:06.937 20692 DEBUG neutron_lib.callbacks.manager [req-7ccec8c2-9d40-4837-ac87-54eeebf3e77b - - - - -] Notify callbacks ['neutron.services.segments.db._update_segment_host_mapping_for_agent-8761540724394'] for agent, after_update _notify_loop /usr/lib/python2.7/site-packages/neutron_lib/callbacks/manager.py:167
2018-09-28 22:52:16.962 20701 DEBUG neutron.db.agents_db [req-347cc35d-098d-4c38-87ef-d78124a9997c - - - - -] Agent healthcheck: found 5 active agents agent_health_check /usr/lib/python2.7/site-packages/neutron/db/agents_db.py:281
2018-09-28 22:52:18.912 20696 DEBUG neutron_lib.callbacks.manager [req-0fd5966a-9c6c-4977-b46a-cdb00e1dea3b - - - - -] Notify callbacks ['neutron.services.segments.db._update_segment_host_mapping_for_agent-8761540724394'] for agent, after_update _notify_loop /usr/lib/python2.7/site-packages/neutron_lib/callbacks/manager.py:167
2018-09-28 22:52:19.364 20684 DEBUG neutron.wsgi [-] (20684) accepted ('10.0.20.22', 40032) server /usr/lib/python2.7/site-packages/eventlet/wsgi.py:883
2018-09-28 22:52:20.402 20684 INFO neutron.wsgi [req-ae9db4dd-a6a7-4e6f-9d50-6419624729fb 198ce144b3cf446eb4ff440ea331dc5d 82e6af1fa1d145d2b86af30c2873cc97 - d77c9ef7ab6c480f9630969adcc18021 d77c9ef7ab6c480f9630969adcc18021] 10.0.20.22 "GET /v2.0/ports?device_id=b61c3de3-0287-4a3f-81e0-2581aa69b0aa HTTP/1.1" status: 200  len: 1124 time: 1.0359418
2018-09-28 22:52:20.702 20684 INFO neutron.wsgi [req-bc97c234-f738-4eda-bc7a-75687ca04660 198ce144b3cf446eb4ff440ea331dc5d 82e6af1fa1d145d2b86af30c2873cc97 - d77c9ef7ab6c480f9630969adcc18021 d77c9ef7ab6c480f9630969adcc18021] 10.0.20.22 "GET /v2.0/security-groups?id=9e2fbbc9-eadc-4568-84d2-ccdd110f9a50 HTTP/1.1" status: 200  len: 2118 time: 0.2936990
2018-09-28 22:52:31.685 20685 INFO neutron.wsgi [req-9b524a6f-fef2-4e8c-9aa7-37441960a669 198ce144b3cf446eb4ff440ea331dc5d 82e6af1fa1d145d2b86af30c2873cc97 - d77c9ef7ab6c480f9630969adcc18021 d77c9ef7ab6c480f9630969adcc18021] 10.0.20.22 "GET /v2.0/ports?device_id=b61c3de3-0287-4a3f-81e0-2581aa69b0aa HTTP/1.1" status: 200  len: 1124 time: 1.0183589
2018-09-28 22:52:31.790 20685 INFO neutron.wsgi [req-ed938a41-e09c-4986-b315-03333c11a822 198ce144b3cf446eb4ff440ea331dc5d 82e6af1fa1d145d2b86af30c2873cc97 - d77c9ef7ab6c480f9630969adcc18021 d77c9ef7ab6c480f9630969adcc18021] 10.0.20.22 "GET /v2.0/security-groups?id=9e2fbbc9-eadc-4568-84d2-ccdd110f9a50 HTTP/1.1" status: 200  len: 2118 time: 0.1012549
2018-09-28 22:52:32.451 20687 INFO neutron.wsgi [req-f805b2c8-a089-42b7-a5fe-0f5adaf71dcc d1138ec1c77349f9b95c6580aab47cb8 007b5c587a144e49a50c9008f27cd2bd - default default] 10.0.20.22 "GET /v2.0/ports?tenant_id=82e6af1fa1d145d2b86af30c2873cc97&device_id=b61c3de3-0287-4a3f-81e0-2581aa69b0aa HTTP/1.1" status: 200  len: 1124 time: 0.1315441
2018-09-28 22:52:32.924 20687 DEBUG neutron.pecan_wsgi.hooks.policy_enforcement [req-52484005-c0ef-4de0-801e-81ebdd032918 d1138ec1c77349f9b95c6580aab47cb8 007b5c587a144e49a50c9008f27cd2bd - default default] Attributes excluded by policy engine: [u'vlan_transparent'] _exclude_attributes_by_policy /usr/lib/python2.7/site-packages/neutron/pecan_wsgi/hooks/policy_enforcement.py:256
2018-09-28 22:52:32.927 20687 INFO neutron.wsgi [req-52484005-c0ef-4de0-801e-81ebdd032918 d1138ec1c77349f9b95c6580aab47cb8 007b5c587a144e49a50c9008f27cd2bd - default default] 10.0.20.22 "GET /v2.0/networks?id=610ca53d-deab-42cf-99c9-2f5198d871ae HTTP/1.1" status: 200  len: 885 time: 0.4697731
2018-09-28 22:52:32.957 20687 INFO neutron.wsgi [req-02acd4d6-edd8-4799-aade-ee0d10c49592 d1138ec1c77349f9b95c6580aab47cb8 007b5c587a144e49a50c9008f27cd2bd - default default] 10.0.20.22 "GET /v2.0/floatingips?fixed_ip_address=11.205.1.3&port_id=59993adc-ad8d-40c6-ae94-ac26bfb2472f HTTP/1.1" status: 200  len: 750 time: 0.0245540
2018-09-28 22:52:33.061 20687 DEBUG neutron.pecan_wsgi.hooks.policy_enforcement [req-31315bf0-c763-4af0-b87a-93214e539fbc d1138ec1c77349f9b95c6580aab47cb8 007b5c587a144e49a50c9008f27cd2bd - default default] Attributes excluded by policy engine: [u'shared'] _exclude_attributes_by_policy /usr/lib/python2.7/site-packages/neutron/pecan_wsgi/hooks/policy_enforcement.py:256
2018-09-28 22:52:33.063 20687 INFO neutron.wsgi [req-31315bf0-c763-4af0-b87a-93214e539fbc d1138ec1c77349f9b95c6580aab47cb8 007b5c587a144e49a50c9008f27cd2bd - default default] 10.0.20.22 "GET /v2.0/subnets?id=2c513797-1b74-4b9e-8f4d-ccbfbbdc35e5 HTTP/1.1" status: 200  len: 847 time: 0.1009731
2018-09-28 22:52:33.155 20687 INFO neutron.wsgi [req-9b6761c6-405c-42ac-9eed-53931077bf25 d1138ec1c77349f9b95c6580aab47cb8 007b5c587a144e49a50c9008f27cd2bd - default default] 10.0.20.22 "GET /v2.0/ports?network_id=610ca53d-deab-42cf-99c9-2f5198d871ae&device_owner=network%3Adhcp HTTP/1.1" status: 200  len: 1128 time: 0.0871630
2018-09-28 22:52:35.616 20696 DEBUG neutron.plugins.ml2.rpc [req-0fd5966a-9c6c-4977-b46a-cdb00e1dea3b - - - - -] Device 59993adc-ad8d-40c6-ae94-ac26bfb2472f no longer exists at agent ovs-agent-localhost.localdomain update_device_down /usr/lib/python2.7/site-packages/neutron/plugins/ml2/rpc.py:213
2018-09-28 22:52:35.789 20696 DEBUG neutron_lib.callbacks.manager [req-0fd5966a-9c6c-4977-b46a-cdb00e1dea3b - - - - -] Notify callbacks ['neutron.plugins.ml2.plugin.Ml2Plugin._ensure_default_security_group_handler-344127'] for port, before_update _notify_loop /usr/lib/python2.7/site-packages/neutron_lib/callbacks/manager.py:167
2018-09-28 22:52:35.866 20696 DEBUG oslo_concurrency.lockutils [-] Lock "notifier-9abe7438-5a9d-4eb2-975e-1f33104ce896" acquired by "neutron.notifiers.batch_notifier.synced_send" :: waited 0.000s inner /usr/lib/python2.7/site-packages/oslo_concurrency/lockutils.py:270
2018-09-28 22:52:35.866 20696 DEBUG neutron.notifiers.nova [-] Sending events: [{'status': 'completed', 'tag': u'59993adc-ad8d-40c6-ae94-ac26bfb2472f', 'name': 'network-vif-unplugged', 'server_uuid': u'b61c3de3-0287-4a3f-81e0-2581aa69b0aa'}] send_events /usr/lib/python2.7/site-packages/neutron/notifiers/nova.py:242
2018-09-28 22:52:35.875 20696 DEBUG neutron.plugins.ml2.db [req-0fd5966a-9c6c-4977-b46a-cdb00e1dea3b - - - - -] For port 59993adc-ad8d-40c6-ae94-ac26bfb2472f, host localhost.localdomain, got binding levels [<neutron.plugins.ml2.models.PortBindingLevel[object at 7f7f47494650] {port_id=u'59993adc-ad8d-40c6-ae94-ac26bfb2472f', host=u'localhost.localdomain', level=0, driver=u'openvswitch', segment_id=u'317f7816-2294-4090-a256-1145097b273c'}>] get_binding_levels /usr/lib/python2.7/site-packages/neutron/plugins/ml2/db.py:106
2018-09-28 22:52:35.896 20696 DEBUG neutron_lib.callbacks.manager [req-0fd5966a-9c6c-4977-b46a-cdb00e1dea3b - - - - -] Notify callbacks ['neutron.plugins.ml2.plugin.Ml2Plugin.notify_sg_on_port_change-343192', 'neutron.db.l3_dvrscheduler_db._notify_l3_agent_port_update--9223363275314412879', 'neutron.plugins.ml2.ovo_rpc._ObjectChangeHandler.handle_event--9223372036854161758', 'neutron.db.l3_hascheduler_db._notify_l3_agent_ha_port_update-8761540363781', 'neutron.api.rpc.agentnotifiers.dhcp_rpc_agent_api.DhcpAgentNotifyAPI._native_event_send_dhcp_notification-699818'] for port, after_update _notify_loop /usr/lib/python2.7/site-packages/neutron_lib/callbacks/manager.py:167
2018-09-28 22:52:35.918 20696 DEBUG oslo_concurrency.lockutils [-] Lock "event-dispatch" acquired by "neutron.plugins.ml2.ovo_rpc.dispatch_events" :: waited 0.000s inner /usr/lib/python2.7/site-packages/oslo_concurrency/lockutils.py:270
2018-09-28 22:52:36.046 20696 DEBUG neutron.api.rpc.handlers.resources_rpc [req-0fd5966a-9c6c-4977-b46a-cdb00e1dea3b - - - - -] neutron.api.rpc.handlers.resources_rpc.ResourcesPushRpcApi method push called with arguments (<neutron_lib.context.Context object at 0x7f7f47490c90>, [Port(admin_state_up=True,allowed_address_pairs=[],binding=PortBinding,binding_levels=[PortBindingLevel],created_at=2018-09-29T02:49:35Z,data_plane_status=<?>,description='',device_id='b61c3de3-0287-4a3f-81e0-2581aa69b0aa',device_owner='compute:nova',dhcp_options=[],distributed_binding=None,dns=None,fixed_ips=[IPAllocation],id=59993adc-ad8d-40c6-ae94-ac26bfb2472f,mac_address=fa:16:3e:10:84:a2,name='',network_id=610ca53d-deab-42cf-99c9-2f5198d871ae,project_id='82e6af1fa1d145d2b86af30c2873cc97',qos_policy_id=None,revision_number=7,security=PortSecurity(59993adc-ad8d-40c6-ae94-ac26bfb2472f),security_group_ids=set([9e2fbbc9-eadc-4568-84d2-ccdd110f9a50]),status='DOWN',updated_at=2018-09-29T02:52:35Z)], 'updated') {} wrapper /usr/lib/python2.7/site-packages/oslo_log/helpers.py:66
2018-09-28 22:52:36.060 20696 DEBUG neutron.api.rpc.callbacks.version_manager [req-0fd5966a-9c6c-4977-b46a-cdb00e1dea3b - - - - -] Version for resource type Subnet changed None to 1.0 on consumer Open vSwitch agent@localhost.localdomain _set_version /usr/lib/python2.7/site-packages/neutron/api/rpc/callbacks/version_manager.py:119
2018-09-28 22:52:36.061 20696 DEBUG neutron.api.rpc.callbacks.version_manager [req-0fd5966a-9c6c-4977-b46a-cdb00e1dea3b - - - - -] Version for resource type Network changed None to 1.0 on consumer Open vSwitch agent@localhost.localdomain _set_version /usr/lib/python2.7/site-packages/neutron/api/rpc/callbacks/version_manager.py:119
2018-09-28 22:52:36.062 20696 DEBUG neutron.api.rpc.callbacks.version_manager [req-0fd5966a-9c6c-4977-b46a-cdb00e1dea3b - - - - -] Version for resource type SubPort changed None to 1.0 on consumer Open vSwitch agent@localhost.localdomain _set_version /usr/lib/python2.7/site-packages/neutron/api/rpc/callbacks/version_manager.py:119
2018-09-28 22:52:36.063 20696 DEBUG neutron.api.rpc.callbacks.version_manager [req-0fd5966a-9c6c-4977-b46a-cdb00e1dea3b - - - - -] Version for resource type SecurityGroup changed None to 1.0 on consumer Open vSwitch agent@localhost.localdomain _set_version /usr/lib/python2.7/site-packages/neutron/api/rpc/callbacks/version_manager.py:119
2018-09-28 22:52:36.063 20696 DEBUG neutron.api.rpc.callbacks.version_manager [req-0fd5966a-9c6c-4977-b46a-cdb00e1dea3b - - - - -] Version for resource type SecurityGroupRule changed None to 1.0 on consumer Open vSwitch agent@localhost.localdomain _set_version /usr/lib/python2.7/site-packages/neutron/api/rpc/callbacks/version_manager.py:119
2018-09-28 22:52:36.065 20696 DEBUG neutron.api.rpc.callbacks.version_manager [req-0fd5966a-9c6c-4977-b46a-cdb00e1dea3b - - - - -] Version for resource type Trunk changed None to 1.1 on consumer Open vSwitch agent@localhost.localdomain _set_version /usr/lib/python2.7/site-packages/neutron/api/rpc/callbacks/version_manager.py:119
2018-09-28 22:52:36.065 20696 DEBUG neutron.api.rpc.callbacks.version_manager [req-0fd5966a-9c6c-4977-b46a-cdb00e1dea3b - - - - -] Version for resource type QosPolicy changed None to 1.6 on consumer Open vSwitch agent@localhost.localdomain _set_version /usr/lib/python2.7/site-packages/neutron/api/rpc/callbacks/version_manager.py:119
2018-09-28 22:52:36.067 20696 DEBUG neutron.api.rpc.callbacks.version_manager [req-0fd5966a-9c6c-4977-b46a-cdb00e1dea3b - - - - -] Version for resource type Port changed None to 1.1 on consumer Open vSwitch agent@localhost.localdomain _set_version /usr/lib/python2.7/site-packages/neutron/api/rpc/callbacks/version_manager.py:119
2018-09-28 22:52:36.067 20696 DEBUG neutron.api.rpc.callbacks.version_manager [req-0fd5966a-9c6c-4977-b46a-cdb00e1dea3b - - - - -] Version for resource type Log changed None to 1.0 on consumer Open vSwitch agent@localhost.localdomain _set_version /usr/lib/python2.7/site-packages/neutron/api/rpc/callbacks/version_manager.py:119
2018-09-28 22:52:36.089 20696 DEBUG oslo_concurrency.lockutils [req-0fd5966a-9c6c-4977-b46a-cdb00e1dea3b - - - - -] Lock "event-dispatch" released by "neutron.plugins.ml2.ovo_rpc.dispatch_events" :: held 0.171s inner /usr/lib/python2.7/site-packages/oslo_concurrency/lockutils.py:282
2018-09-28 22:52:36.692 20694 DEBUG neutron_lib.callbacks.manager [req-2c94667c-ab3b-491c-afdc-d58d882cdb1d - - - - -] Notify callbacks ['neutron.services.segments.db._update_segment_host_mapping_for_agent-8761540724394'] for agent, after_update _notify_loop /usr/lib/python2.7/site-packages/neutron_lib/callbacks/manager.py:167
2018-09-28 22:52:36.752 20696 DEBUG novaclient.v2.client [-] REQ: curl -g -i -X POST http://10.0.20.22:8774/v2.1/007b5c587a144e49a50c9008f27cd2bd/os-server-external-events -H "User-Agent: python-novaclient" -H "Content-Type: application/json" -H "Accept: application/json" -H "X-OpenStack-Nova-API-Version: 2.1" -H "X-Auth-Token: {SHA1}56a32e2367b0e67a9027df37f21d03171354ae27" -d '{"events": [{"status": "completed", "tag": "59993adc-ad8d-40c6-ae94-ac26bfb2472f", "name": "network-vif-unplugged", "server_uuid": "b61c3de3-0287-4a3f-81e0-2581aa69b0aa"}]}' _http_log_request /usr/lib/python2.7/site-packages/keystoneauth1/session.py:375
2018-09-28 22:52:36.790 20695 DEBUG neutron_lib.callbacks.manager [req-ca698018-3334-4af0-a168-a896939eedcb - - - - -] Notify callbacks ['neutron.services.segments.db._update_segment_host_mapping_for_agent-8761540724394'] for agent, after_update _notify_loop /usr/lib/python2.7/site-packages/neutron_lib/callbacks/manager.py:167
2018-09-28 22:52:36.795 20698 DEBUG neutron_lib.callbacks.manager [req-63d8c59a-2d58-419a-9ede-e1de42a8fa18 - - - - -] Notify callbacks ['neutron.services.segments.db._update_segment_host_mapping_for_agent-8761540724394'] for agent, after_update _notify_loop /usr/lib/python2.7/site-packages/neutron_lib/callbacks/manager.py:167
2018-09-28 22:52:36.848 20699 DEBUG neutron_lib.callbacks.manager [req-8213e041-3a9f-4911-af61-24b353fa889b - - - - -] Notify callbacks ['neutron.services.segments.db._update_segment_host_mapping_for_agent-8761540724394'] for agent, after_update _notify_loop /usr/lib/python2.7/site-packages/neutron_lib/callbacks/manager.py:167
2018-09-28 22:52:37.253 20696 DEBUG novaclient.v2.client [-] RESP: [200] Content-Length: 185 Content-Type: application/json Openstack-Api-Version: compute 2.1 X-Openstack-Nova-Api-Version: 2.1 Vary: OpenStack-API-Version, X-OpenStack-Nova-API-Version X-Openstack-Request-Id: req-76a04e80-51fc-47f8-a99c-08fe4f1544d5 X-Compute-Request-Id: req-76a04e80-51fc-47f8-a99c-08fe4f1544d5 Date: Sat, 29 Sep 2018 02:52:37 GMT Connection: keep-alive 
RESP BODY: {"events": [{"status": "completed", "tag": "59993adc-ad8d-40c6-ae94-ac26bfb2472f", "name": "network-vif-unplugged", "server_uuid": "b61c3de3-0287-4a3f-81e0-2581aa69b0aa", "code": 200}]}
 _http_log_response /usr/lib/python2.7/site-packages/keystoneauth1/session.py:423
2018-09-28 22:52:37.254 20696 DEBUG novaclient.v2.client [-] POST call to compute for http://10.0.20.22:8774/v2.1/007b5c587a144e49a50c9008f27cd2bd/os-server-external-events used request id req-76a04e80-51fc-47f8-a99c-08fe4f1544d5 request /usr/lib/python2.7/site-packages/keystoneauth1/session.py:727
2018-09-28 22:52:37.262 20696 INFO neutron.notifiers.nova [-] Nova event response: {u'status': u'completed', u'tag': u'59993adc-ad8d-40c6-ae94-ac26bfb2472f', u'name': u'network-vif-unplugged', u'server_uuid': u'b61c3de3-0287-4a3f-81e0-2581aa69b0aa', u'code': 200}
2018-09-28 22:52:38.817 20685 INFO neutron.wsgi [req-e7a7145f-7b5a-4de1-9ada-ff3ded5e25ec 198ce144b3cf446eb4ff440ea331dc5d 82e6af1fa1d145d2b86af30c2873cc97 - d77c9ef7ab6c480f9630969adcc18021 d77c9ef7ab6c480f9630969adcc18021] 10.0.20.22 "GET /v2.0/ports?device_id=b61c3de3-0287-4a3f-81e0-2581aa69b0aa HTTP/1.1" status: 200  len: 1122 time: 0.5375259
2018-09-28 22:52:38.933 20685 INFO neutron.wsgi [req-f507bb15-a005-4fa3-a538-affda3a517ae 198ce144b3cf446eb4ff440ea331dc5d 82e6af1fa1d145d2b86af30c2873cc97 - d77c9ef7ab6c480f9630969adcc18021 d77c9ef7ab6c480f9630969adcc18021] 10.0.20.22 "GET /v2.0/security-groups?id=9e2fbbc9-eadc-4568-84d2-ccdd110f9a50 HTTP/1.1" status: 200  len: 2118 time: 0.1109500
2018-09-28 22:52:39.263 20696 DEBUG oslo_concurrency.lockutils [-] Lock "notifier-9abe7438-5a9d-4eb2-975e-1f33104ce896" released by "neutron.notifiers.batch_notifier.synced_send" :: held 3.397s inner /usr/lib/python2.7/site-packages/oslo_concurrency/lockutils.py:282
2018-09-28 22:52:43.699 20698 DEBUG neutron.plugins.ml2.rpc [req-0fd5966a-9c6c-4977-b46a-cdb00e1dea3b - - - - -] Device 59993adc-ad8d-40c6-ae94-ac26bfb2472f up at agent ovs-agent-localhost.localdomain update_device_up /usr/lib/python2.7/site-packages/neutron/plugins/ml2/rpc.py:244
2018-09-28 22:52:43.830 20698 DEBUG neutron.db.provisioning_blocks [req-0fd5966a-9c6c-4977-b46a-cdb00e1dea3b - - - - -] Provisioning complete for port 59993adc-ad8d-40c6-ae94-ac26bfb2472f triggered by entity L2. provisioning_complete /usr/lib/python2.7/site-packages/neutron/db/provisioning_blocks.py:138
2018-09-28 22:52:43.831 20698 DEBUG neutron_lib.callbacks.manager [req-0fd5966a-9c6c-4977-b46a-cdb00e1dea3b - - - - -] Notify callbacks ['neutron.plugins.ml2.plugin.Ml2Plugin._port_provisioned--9223372036854108448'] for port, provisioning_complete _notify_loop /usr/lib/python2.7/site-packages/neutron_lib/callbacks/manager.py:167
2018-09-28 22:52:44.044 20698 DEBUG neutron_lib.callbacks.manager [req-0fd5966a-9c6c-4977-b46a-cdb00e1dea3b - - - - -] Notify callbacks ['neutron.plugins.ml2.plugin.Ml2Plugin._ensure_default_security_group_handler-344127'] for port, before_update _notify_loop /usr/lib/python2.7/site-packages/neutron_lib/callbacks/manager.py:167
2018-09-28 22:52:44.135 20698 DEBUG oslo_concurrency.lockutils [-] Lock "notifier-9abe7438-5a9d-4eb2-975e-1f33104ce896" acquired by "neutron.notifiers.batch_notifier.synced_send" :: waited 0.000s inner /usr/lib/python2.7/site-packages/oslo_concurrency/lockutils.py:270
2018-09-28 22:52:44.136 20698 DEBUG neutron.notifiers.nova [-] Sending events: [{'status': 'completed', 'tag': u'59993adc-ad8d-40c6-ae94-ac26bfb2472f', 'name': 'network-vif-plugged', 'server_uuid': u'b61c3de3-0287-4a3f-81e0-2581aa69b0aa'}] send_events /usr/lib/python2.7/site-packages/neutron/notifiers/nova.py:242
2018-09-28 22:52:44.145 20698 DEBUG neutron.plugins.ml2.db [req-0fd5966a-9c6c-4977-b46a-cdb00e1dea3b - - - - -] For port 59993adc-ad8d-40c6-ae94-ac26bfb2472f, host localhost.localdomain, got binding levels [<neutron.plugins.ml2.models.PortBindingLevel[object at 7f7f473aba10] {port_id=u'59993adc-ad8d-40c6-ae94-ac26bfb2472f', host=u'localhost.localdomain', level=0, driver=u'openvswitch', segment_id=u'317f7816-2294-4090-a256-1145097b273c'}>] get_binding_levels /usr/lib/python2.7/site-packages/neutron/plugins/ml2/db.py:106
2018-09-28 22:52:44.167 20698 DEBUG neutron_lib.callbacks.manager [req-0fd5966a-9c6c-4977-b46a-cdb00e1dea3b - - - - -] Notify callbacks ['neutron.plugins.ml2.plugin.Ml2Plugin.notify_sg_on_port_change-343192', 'neutron.db.l3_dvrscheduler_db._notify_l3_agent_port_update--9223363275314412879', 'neutron.plugins.ml2.ovo_rpc._ObjectChangeHandler.handle_event--9223372036854161758', 'neutron.db.l3_hascheduler_db._notify_l3_agent_ha_port_update-8761540363781', 'neutron.api.rpc.agentnotifiers.dhcp_rpc_agent_api.DhcpAgentNotifyAPI._native_event_send_dhcp_notification-699818'] for port, after_update _notify_loop /usr/lib/python2.7/site-packages/neutron_lib/callbacks/manager.py:167
2018-09-28 22:52:44.206 20698 DEBUG oslo_concurrency.lockutils [-] Lock "event-dispatch" acquired by "neutron.plugins.ml2.ovo_rpc.dispatch_events" :: waited 0.000s inner /usr/lib/python2.7/site-packages/oslo_concurrency/lockutils.py:270
