2018-06-29 01:22:12.455 24659 DEBUG neutron_lib.callbacks.manager [req-cb1b560a-ed52-4b0d-9e3b-2229f65cad03 c5cd6ef06ce14dd690705b39bb3f1552 2776224a461d4a01833ab75847b98330 - default default] Notify callbacks ['neutron.plugins.ml2.db._prevent_segment_delete_with_port_bound--9223363299316085794', 'neutron.services.segments.plugin.Plugin._prevent_segment_delete_with_subnet_associated-2545533'] for segment, before_delete _notify_loop /usr/lib/python2.7/site-packages/neutron_lib/callbacks/manager.py:167
2018-06-29 01:22:12.509 24659 DEBUG neutron_lib.callbacks.manager [req-cb1b560a-ed52-4b0d-9e3b-2229f65cad03 c5cd6ef06ce14dd690705b39bb3f1552 2776224a461d4a01833ab75847b98330 - default default] Notify callbacks ['neutron.plugins.ml2.plugin.Ml2Plugin._handle_segment_change--9223372036854065194'] for segment, precommit_delete _notify_loop /usr/lib/python2.7/site-packages/neutron_lib/callbacks/manager.py:167
2018-06-29 01:22:12.513 24659 DEBUG neutron.plugins.ml2.drivers.type_tunnel [req-cb1b560a-ed52-4b0d-9e3b-2229f65cad03 c5cd6ef06ce14dd690705b39bb3f1552 2776224a461d4a01833ab75847b98330 - default default] Releasing vxlan tunnel 41 to pool release_segment /usr/lib/python2.7/site-packages/neutron/plugins/ml2/drivers/type_tunnel.py:322
2018-06-29 01:22:12.862 24659 DEBUG neutron.plugins.ml2.managers [req-cb1b560a-ed52-4b0d-9e3b-2229f65cad03 c5cd6ef06ce14dd690705b39bb3f1552 2776224a461d4a01833ab75847b98330 - default default] Network 29319ddd-a521-4cb8-9e2f-91f1e2a37eb5 has no segments _extend_network_dict_provider /usr/lib/python2.7/site-packages/neutron/plugins/ml2/managers.py:165
2018-06-29 01:22:12.885 24659 DEBUG neutron_lib.callbacks.manager [req-cb1b560a-ed52-4b0d-9e3b-2229f65cad03 c5cd6ef06ce14dd690705b39bb3f1552 2776224a461d4a01833ab75847b98330 - default default] Notify callbacks ['neutron.plugins.ml2.plugin.Ml2Plugin._handle_segment_change--9223372036854065194'] for segment, after_delete _notify_loop /usr/lib/python2.7/site-packages/neutron_lib/callbacks/manager.py:167
2018-06-29 01:22:13.269 24659 DEBUG neutron.plugins.ml2.managers [req-cb1b560a-ed52-4b0d-9e3b-2229f65cad03 c5cd6ef06ce14dd690705b39bb3f1552 2776224a461d4a01833ab75847b98330 - default default] Network 29319ddd-a521-4cb8-9e2f-91f1e2a37eb5 has no segments _extend_network_dict_provider /usr/lib/python2.7/site-packages/neutron/plugins/ml2/managers.py:165
2018-06-29 01:22:13.517 24659 DEBUG neutron_lib.callbacks.manager [req-cb1b560a-ed52-4b0d-9e3b-2229f65cad03 c5cd6ef06ce14dd690705b39bb3f1552 2776224a461d4a01833ab75847b98330 - default default] Notify callbacks ['neutron.plugins.ml2.ovo_rpc._ObjectChangeHandler.handle_event-3764332', 'neutron.plugins.ml2.plugin.Ml2Plugin._network_delete_after_delete_handler--9223372036854070570', 'neutron.api.rpc.agentnotifiers.dhcp_rpc_agent_api.DhcpAgentNotifyAPI._native_event_send_dhcp_notification--9223372036850598903'] for network, after_delete _notify_loop /usr/lib/python2.7/site-packages/neutron_lib/callbacks/manager.py:167
2018-06-29 01:22:13.532 24659 DEBUG oslo_concurrency.lockutils [-] Lock "event-dispatch" acquired by "neutron.plugins.ml2.ovo_rpc.dispatch_events" :: waited 0.000s inner /usr/lib/python2.7/site-packages/oslo_concurrency/lockutils.py:270
2018-06-29 01:22:13.597 24659 DEBUG neutron.api.rpc.handlers.resources_rpc [req-cb1b560a-ed52-4b0d-9e3b-2229f65cad03 c5cd6ef06ce14dd690705b39bb3f1552 2776224a461d4a01833ab75847b98330 - - -] neutron.api.rpc.handlers.resources_rpc.ResourcesPushRpcApi method push called with arguments (<neutron_lib.context.Context object at 0x7f25dc6e6650>, [Network(admin_state_up=<?>,availability_zone_hints=<?>,created_at=<?>,description=<?>,dns_domain=<?>,id=29319ddd-a521-4cb8-9e2f-91f1e2a37eb5,mtu=<?>,name=<?>,project_id=<?>,qos_policy_id=None,revision_number=<?>,security=<?>,segments=<?>,shared=False,status=<?>,updated_at=<?>,vlan_transparent=<?>)], 'deleted') {} wrapper /usr/lib/python2.7/site-packages/oslo_log/helpers.py:66
2018-06-29 01:22:13.624 24659 DEBUG neutron_lib.callbacks.manager [req-cb1b560a-ed52-4b0d-9e3b-2229f65cad03 c5cd6ef06ce14dd690705b39bb3f1552 2776224a461d4a01833ab75847b98330 - default default] Notify callbacks ['neutron.api.rpc.agentnotifiers.dhcp_rpc_agent_api.DhcpAgentNotifyAPI._send_dhcp_notification--9223372036850598882'] for network, before_response _notify_loop /usr/lib/python2.7/site-packages/neutron_lib/callbacks/manager.py:167
2018-06-29 01:22:13.630 24659 DEBUG oslo_concurrency.lockutils [req-cb1b560a-ed52-4b0d-9e3b-2229f65cad03 c5cd6ef06ce14dd690705b39bb3f1552 2776224a461d4a01833ab75847b98330 - - -] Lock "event-dispatch" released by "neutron.plugins.ml2.ovo_rpc.dispatch_events" :: held 0.098s inner /usr/lib/python2.7/site-packages/oslo_concurrency/lockutils.py:282
2018-06-29 01:22:13.659 24659 DEBUG neutron.quota.resource [req-cb1b560a-ed52-4b0d-9e3b-2229f65cad03 c5cd6ef06ce14dd690705b39bb3f1552 2776224a461d4a01833ab75847b98330 - default default] Persisted dirty status for tenant:0337278f48ec48b38d4b4bcd01fd7efa on resource:subnet mark_dirty /usr/lib/python2.7/site-packages/neutron/quota/resource.py:207
2018-06-29 01:22:13.667 24659 DEBUG neutron.quota.resource [req-cb1b560a-ed52-4b0d-9e3b-2229f65cad03 c5cd6ef06ce14dd690705b39bb3f1552 2776224a461d4a01833ab75847b98330 - default default] Persisted dirty status for tenant:0337278f48ec48b38d4b4bcd01fd7efa on resource:network mark_dirty /usr/lib/python2.7/site-packages/neutron/quota/resource.py:207
2018-06-29 01:22:13.687 24659 INFO neutron.wsgi [req-cb1b560a-ed52-4b0d-9e3b-2229f65cad03 c5cd6ef06ce14dd690705b39bb3f1552 2776224a461d4a01833ab75847b98330 - default default] 10.0.20.28 "DELETE /v2.0/networks/29319ddd-a521-4cb8-9e2f-91f1e2a37eb5 HTTP/1.1" status: 204  len: 173 time: 4.2892199
2018-06-29 01:22:18.464 24670 DEBUG neutron_lib.callbacks.manager [req-203c2b48-a18b-4e2b-b389-0d6f2dd3e209 - - - - -] Notify callbacks ['neutron.services.segments.db._update_segment_host_mapping_for_agent-8737538455888'] for agent, after_update _notify_loop /usr/lib/python2.7/site-packages/neutron_lib/callbacks/manager.py:167
2018-06-29 01:22:19.242 24668 DEBUG neutron_lib.callbacks.manager [req-ddecd919-8b28-481f-8b4d-2e501f33bb3c - - - - -] Notify callbacks ['neutron.services.segments.db._update_segment_host_mapping_for_agent-8737538455888'] for agent, after_update _notify_loop /usr/lib/python2.7/site-packages/neutron_lib/callbacks/manager.py:167
2018-06-29 01:22:21.671 24671 DEBUG neutron_lib.callbacks.manager [req-02ce2ef3-d5f1-4507-bcb2-58ada7511cda - - - - -] Notify callbacks ['neutron.services.segments.db._update_segment_host_mapping_for_agent-8737538455888'] for agent, after_update _notify_loop /usr/lib/python2.7/site-packages/neutron_lib/callbacks/manager.py:167
2018-06-29 01:22:22.355 24661 DEBUG neutron.wsgi [-] (24661) accepted ('10.0.20.28', 42402) server /usr/lib/python2.7/site-packages/eventlet/wsgi.py:883
2018-06-29 01:22:22.362 24661 INFO neutron.wsgi [-] 10.0.20.28 "GET / HTTP/1.1" status: 200  len: 252 time: 0.0036349
2018-06-29 01:22:22.852 24661 INFO neutron.api.v2.resource [req-b6ad9790-5397-42f1-a85b-c8696aad9a37 c5cd6ef06ce14dd690705b39bb3f1552 2776224a461d4a01833ab75847b98330 - default default] show failed (client error): The resource could not be found.
2018-06-29 01:22:22.856 24661 INFO neutron.wsgi [req-b6ad9790-5397-42f1-a85b-c8696aad9a37 c5cd6ef06ce14dd690705b39bb3f1552 2776224a461d4a01833ab75847b98330 - default default] 10.0.20.28 "GET /v2.0/security-groups/tempest-SECURITY_GROUP_SAMPLE-1530227563 HTTP/1.1" status: 404  len: 360 time: 0.4873629
2018-06-29 01:22:23.147 24661 INFO neutron.wsgi [req-7a00a3b6-960d-41b6-ae3a-7f2a16f69133 c5cd6ef06ce14dd690705b39bb3f1552 2776224a461d4a01833ab75847b98330 - default default] 10.0.20.28 "GET /v2.0/security-groups HTTP/1.1" status: 200  len: 23597 time: 0.2841220
2018-06-29 01:22:23.337 24661 DEBUG neutron_lib.callbacks.manager [req-3e42faca-0085-4d94-947b-01401a1e599d c5cd6ef06ce14dd690705b39bb3f1552 2776224a461d4a01833ab75847b98330 - default default] Notify callbacks [] for security_group, before_delete _notify_loop /usr/lib/python2.7/site-packages/neutron_lib/callbacks/manager.py:167
2018-06-29 01:22:23.384 24661 DEBUG neutron_lib.callbacks.manager [req-3e42faca-0085-4d94-947b-01401a1e599d c5cd6ef06ce14dd690705b39bb3f1552 2776224a461d4a01833ab75847b98330 - default default] Notify callbacks [] for security_group, precommit_delete _notify_loop /usr/lib/python2.7/site-packages/neutron_lib/callbacks/manager.py:167
2018-06-29 01:22:23.487 24661 DEBUG neutron_lib.callbacks.manager [req-3e42faca-0085-4d94-947b-01401a1e599d c5cd6ef06ce14dd690705b39bb3f1552 2776224a461d4a01833ab75847b98330 - default default] Notify callbacks ['neutron.plugins.ml2.ovo_rpc._ObjectChangeHandler.handle_event-3764428'] for security_group, after_delete _notify_loop /usr/lib/python2.7/site-packages/neutron_lib/callbacks/manager.py:167
2018-06-29 01:22:23.500 24661 DEBUG oslo_concurrency.lockutils [-] Lock "event-dispatch" acquired by "neutron.plugins.ml2.ovo_rpc.dispatch_events" :: waited 0.001s inner /usr/lib/python2.7/site-packages/oslo_concurrency/lockutils.py:270
2018-06-29 01:22:23.529 24661 DEBUG neutron.quota.resource [req-3e42faca-0085-4d94-947b-01401a1e599d c5cd6ef06ce14dd690705b39bb3f1552 2776224a461d4a01833ab75847b98330 - default default] Persisted dirty status for tenant:0337278f48ec48b38d4b4bcd01fd7efa on resource:security_group_rule mark_dirty /usr/lib/python2.7/site-packages/neutron/quota/resource.py:207
2018-06-29 01:22:23.551 24661 DEBUG neutron.api.rpc.handlers.resources_rpc [req-3e42faca-0085-4d94-947b-01401a1e599d c5cd6ef06ce14dd690705b39bb3f1552 2776224a461d4a01833ab75847b98330 - - -] neutron.api.rpc.handlers.resources_rpc.ResourcesPushRpcApi method push called with arguments (<neutron_lib.context.Context object at 0x7f25dc775b50>, [SecurityGroup(created_at=<?>,description=<?>,id=08daacdc-0b7c-406b-ac26-997398cbb0b4,is_default=False,name=<?>,project_id=<?>,revision_number=<?>,rules=<?>,updated_at=<?>)], 'deleted') {} wrapper /usr/lib/python2.7/site-packages/oslo_log/helpers.py:66
2018-06-29 01:22:23.564 24661 DEBUG neutron.quota.resource [req-3e42faca-0085-4d94-947b-01401a1e599d c5cd6ef06ce14dd690705b39bb3f1552 2776224a461d4a01833ab75847b98330 - default default] Persisted dirty status for tenant:0337278f48ec48b38d4b4bcd01fd7efa on resource:security_group mark_dirty /usr/lib/python2.7/site-packages/neutron/quota/resource.py:207
2018-06-29 01:22:23.576 24661 DEBUG neutron.api.rpc.callbacks.version_manager [req-3e42faca-0085-4d94-947b-01401a1e599d c5cd6ef06ce14dd690705b39bb3f1552 2776224a461d4a01833ab75847b98330 - - -] Version for resource type Subnet changed None to 1.0 on consumer Open vSwitch agent@localhost.localdomain _set_version /usr/lib/python2.7/site-packages/neutron/api/rpc/callbacks/version_manager.py:119
2018-06-29 01:22:23.578 24661 DEBUG neutron.api.rpc.callbacks.version_manager [req-3e42faca-0085-4d94-947b-01401a1e599d c5cd6ef06ce14dd690705b39bb3f1552 2776224a461d4a01833ab75847b98330 - - -] Version for resource type Network changed None to 1.0 on consumer Open vSwitch agent@localhost.localdomain _set_version /usr/lib/python2.7/site-packages/neutron/api/rpc/callbacks/version_manager.py:119
2018-06-29 01:22:23.579 24661 DEBUG neutron.api.rpc.callbacks.version_manager [req-3e42faca-0085-4d94-947b-01401a1e599d c5cd6ef06ce14dd690705b39bb3f1552 2776224a461d4a01833ab75847b98330 - - -] Version for resource type SubPort changed None to 1.0 on consumer Open vSwitch agent@localhost.localdomain _set_version /usr/lib/python2.7/site-packages/neutron/api/rpc/callbacks/version_manager.py:119
2018-06-29 01:22:23.580 24661 DEBUG neutron.api.rpc.callbacks.version_manager [req-3e42faca-0085-4d94-947b-01401a1e599d c5cd6ef06ce14dd690705b39bb3f1552 2776224a461d4a01833ab75847b98330 - - -] Version for resource type SecurityGroup changed None to 1.0 on consumer Open vSwitch agent@localhost.localdomain _set_version /usr/lib/python2.7/site-packages/neutron/api/rpc/callbacks/version_manager.py:119
2018-06-29 01:22:23.581 24661 DEBUG neutron.api.rpc.callbacks.version_manager [req-3e42faca-0085-4d94-947b-01401a1e599d c5cd6ef06ce14dd690705b39bb3f1552 2776224a461d4a01833ab75847b98330 - - -] Version for resource type SecurityGroupRule changed None to 1.0 on consumer Open vSwitch agent@localhost.localdomain _set_version /usr/lib/python2.7/site-packages/neutron/api/rpc/callbacks/version_manager.py:119
2018-06-29 01:22:23.583 24661 DEBUG neutron.api.rpc.callbacks.version_manager [req-3e42faca-0085-4d94-947b-01401a1e599d c5cd6ef06ce14dd690705b39bb3f1552 2776224a461d4a01833ab75847b98330 - - -] Version for resource type Trunk changed None to 1.1 on consumer Open vSwitch agent@localhost.localdomain _set_version /usr/lib/python2.7/site-packages/neutron/api/rpc/callbacks/version_manager.py:119
2018-06-29 01:22:23.584 24661 DEBUG neutron.api.rpc.callbacks.version_manager [req-3e42faca-0085-4d94-947b-01401a1e599d c5cd6ef06ce14dd690705b39bb3f1552 2776224a461d4a01833ab75847b98330 - - -] Version for resource type QosPolicy changed None to 1.6 on consumer Open vSwitch agent@localhost.localdomain _set_version /usr/lib/python2.7/site-packages/neutron/api/rpc/callbacks/version_manager.py:119
2018-06-29 01:22:23.585 24661 DEBUG neutron.api.rpc.callbacks.version_manager [req-3e42faca-0085-4d94-947b-01401a1e599d c5cd6ef06ce14dd690705b39bb3f1552 2776224a461d4a01833ab75847b98330 - - -] Version for resource type Port changed None to 1.1 on consumer Open vSwitch agent@localhost.localdomain _set_version /usr/lib/python2.7/site-packages/neutron/api/rpc/callbacks/version_manager.py:119
2018-06-29 01:22:23.586 24661 DEBUG neutron.api.rpc.callbacks.version_manager [req-3e42faca-0085-4d94-947b-01401a1e599d c5cd6ef06ce14dd690705b39bb3f1552 2776224a461d4a01833ab75847b98330 - - -] Version for resource type Log changed None to 1.0 on consumer Open vSwitch agent@localhost.localdomain _set_version /usr/lib/python2.7/site-packages/neutron/api/rpc/callbacks/version_manager.py:119
2018-06-29 01:22:23.606 24661 DEBUG neutron_lib.callbacks.manager [req-3e42faca-0085-4d94-947b-01401a1e599d c5cd6ef06ce14dd690705b39bb3f1552 2776224a461d4a01833ab75847b98330 - default default] Notify callbacks [] for security_group, before_response _notify_loop /usr/lib/python2.7/site-packages/neutron_lib/callbacks/manager.py:167
2018-06-29 01:22:23.610 24661 INFO neutron.wsgi [req-3e42faca-0085-4d94-947b-01401a1e599d c5cd6ef06ce14dd690705b39bb3f1552 2776224a461d4a01833ab75847b98330 - default default] 10.0.20.28 "DELETE /v2.0/security-groups/08daacdc-0b7c-406b-ac26-997398cbb0b4 HTTP/1.1" status: 204  len: 173 time: 0.4465749
2018-06-29 01:22:23.626 24661 DEBUG oslo_concurrency.lockutils [req-3e42faca-0085-4d94-947b-01401a1e599d c5cd6ef06ce14dd690705b39bb3f1552 2776224a461d4a01833ab75847b98330 - - -] Lock "event-dispatch" released by "neutron.plugins.ml2.ovo_rpc.dispatch_events" :: held 0.126s inner /usr/lib/python2.7/site-packages/oslo_concurrency/lockutils.py:282
2018-06-29 01:22:25.132 24664 DEBUG neutron_lib.callbacks.manager [req-2b095ffa-d45f-4855-ae84-830e3a81faae - - - - -] Notify callbacks ['neutron.services.segments.db._update_segment_host_mapping_for_agent-8737538455888'] for agent, after_update _notify_loop /usr/lib/python2.7/site-packages/neutron_lib/callbacks/manager.py:167
2018-06-29 01:22:25.864 24669 DEBUG neutron.api.rpc.handlers.dhcp_rpc [req-8dc1a6cd-c8c2-4fef-8a2d-5252468073e2 - - - - -] get_active_networks_info from localhost.localdomain get_active_networks_info /usr/lib/python2.7/site-packages/neutron/api/rpc/handlers/dhcp_rpc.py:141
2018-06-29 01:22:31.224 24673 DEBUG neutron.db.agents_db [req-5535debb-fa68-441a-a4c6-3cd325df9081 - - - - -] Agent healthcheck: found 5 active agents agent_health_check /usr/lib/python2.7/site-packages/neutron/db/agents_db.py:281
2018-06-29 01:22:40.371 24666 DEBUG neutron_lib.callbacks.manager [req-8234acbc-fa59-499a-b530-5d402ca0a103 - - - - -] Notify callbacks ['neutron.services.segments.db._update_segment_host_mapping_for_agent-8737538455888'] for agent, after_update _notify_loop /usr/lib/python2.7/site-packages/neutron_lib/callbacks/manager.py:167
2018-06-29 01:22:48.458 24667 DEBUG neutron_lib.callbacks.manager [req-203c2b48-a18b-4e2b-b389-0d6f2dd3e209 - - - - -] Notify callbacks ['neutron.services.segments.db._update_segment_host_mapping_for_agent-8737538455888'] for agent, after_update _notify_loop /usr/lib/python2.7/site-packages/neutron_lib/callbacks/manager.py:167
2018-06-29 01:22:49.259 24665 DEBUG neutron_lib.callbacks.manager [req-9f1bc7d0-891f-4250-a4f0-5ec14db3a2b8 - - - - -] Notify callbacks ['neutron.services.segments.db._update_segment_host_mapping_for_agent-8737538455888'] for agent, after_update _notify_loop /usr/lib/python2.7/site-packages/neutron_lib/callbacks/manager.py:167
2018-06-29 01:22:51.685 24672 DEBUG neutron_lib.callbacks.manager [req-02ce2ef3-d5f1-4507-bcb2-58ada7511cda - - - - -] Notify callbacks ['neutron.services.segments.db._update_segment_host_mapping_for_agent-8737538455888'] for agent, after_update _notify_loop /usr/lib/python2.7/site-packages/neutron_lib/callbacks/manager.py:167
2018-06-29 01:22:55.109 24669 DEBUG neutron_lib.callbacks.manager [req-ca1af9f0-f3e3-4e7a-800d-a20e7bb35d51 - - - - -] Notify callbacks ['neutron.services.segments.db._update_segment_host_mapping_for_agent-8737538455888'] for agent, after_update _notify_loop /usr/lib/python2.7/site-packages/neutron_lib/callbacks/manager.py:167
2018-06-29 01:23:08.226 24673 DEBUG neutron.db.agents_db [req-5535debb-fa68-441a-a4c6-3cd325df9081 - - - - -] Agent healthcheck: found 5 active agents agent_health_check /usr/lib/python2.7/site-packages/neutron/db/agents_db.py:281
2018-06-29 01:23:10.371 24670 DEBUG neutron_lib.callbacks.manager [req-8234acbc-fa59-499a-b530-5d402ca0a103 - - - - -] Notify callbacks ['neutron.services.segments.db._update_segment_host_mapping_for_agent-8737538455888'] for agent, after_update _notify_loop /usr/lib/python2.7/site-packages/neutron_lib/callbacks/manager.py:167
2018-06-29 01:23:18.452 24668 DEBUG neutron_lib.callbacks.manager [req-203c2b48-a18b-4e2b-b389-0d6f2dd3e209 - - - - -] Notify callbacks ['neutron.services.segments.db._update_segment_host_mapping_for_agent-8737538455888'] for agent, after_update _notify_loop /usr/lib/python2.7/site-packages/neutron_lib/callbacks/manager.py:167
2018-06-29 01:23:19.250 24671 DEBUG neutron_lib.callbacks.manager [req-3491060e-04e9-4b30-85c5-1e809cec5c9f - - - - -] Notify callbacks ['neutron.services.segments.db._update_segment_host_mapping_for_agent-8737538455888'] for agent, after_update _notify_loop /usr/lib/python2.7/site-packages/neutron_lib/callbacks/manager.py:167
2018-06-29 01:23:21.671 24664 DEBUG neutron_lib.callbacks.manager [req-02ce2ef3-d5f1-4507-bcb2-58ada7511cda - - - - -] Notify callbacks ['neutron.services.segments.db._update_segment_host_mapping_for_agent-8737538455888'] for agent, after_update _notify_loop /usr/lib/python2.7/site-packages/neutron_lib/callbacks/manager.py:167
2018-06-29 01:23:25.099 24666 DEBUG neutron_lib.callbacks.manager [req-ba297471-3170-4ca2-ae6a-d097253bd714 - - - - -] Notify callbacks ['neutron.services.segments.db._update_segment_host_mapping_for_agent-8737538455888'] for agent, after_update _notify_loop /usr/lib/python2.7/site-packages/neutron_lib/callbacks/manager.py:167
2018-06-29 01:23:40.381 24667 DEBUG neutron_lib.callbacks.manager [req-8234acbc-fa59-499a-b530-5d402ca0a103 - - - - -] Notify callbacks ['neutron.services.segments.db._update_segment_host_mapping_for_agent-8737538455888'] for agent, after_update _notify_loop /usr/lib/python2.7/site-packages/neutron_lib/callbacks/manager.py:167
2018-06-29 01:23:45.241 24673 DEBUG neutron.db.agents_db [req-5535debb-fa68-441a-a4c6-3cd325df9081 - - - - -] Agent healthcheck: found 5 active agents agent_health_check /usr/lib/python2.7/site-packages/neutron/db/agents_db.py:281
2018-06-29 01:23:48.454 24665 DEBUG neutron_lib.callbacks.manager [req-203c2b48-a18b-4e2b-b389-0d6f2dd3e209 - - - - -] Notify callbacks ['neutron.services.segments.db._update_segment_host_mapping_for_agent-8737538455888'] for agent, after_update _notify_loop /usr/lib/python2.7/site-packages/neutron_lib/callbacks/manager.py:167
2018-06-29 01:23:49.242 24672 DEBUG neutron_lib.callbacks.manager [req-3dbbc5c4-b52e-4f9d-b40e-c5884b495927 - - - - -] Notify callbacks ['neutron.services.segments.db._update_segment_host_mapping_for_agent-8737538455888'] for agent, after_update _notify_loop /usr/lib/python2.7/site-packages/neutron_lib/callbacks/manager.py:167
2018-06-29 01:23:51.670 24669 DEBUG neutron_lib.callbacks.manager [req-02ce2ef3-d5f1-4507-bcb2-58ada7511cda - - - - -] Notify callbacks ['neutron.services.segments.db._update_segment_host_mapping_for_agent-8737538455888'] for agent, after_update _notify_loop /usr/lib/python2.7/site-packages/neutron_lib/callbacks/manager.py:167
2018-06-29 01:23:55.102 24670 DEBUG neutron_lib.callbacks.manager [req-d920b9ad-31d4-47d9-bc40-c2edbfc5b3a2 - - - - -] Notify callbacks ['neutron.services.segments.db._update_segment_host_mapping_for_agent-8737538455888'] for agent, after_update _notify_loop /usr/lib/python2.7/site-packages/neutron_lib/callbacks/manager.py:167
2018-06-29 01:24:10.369 24668 DEBUG neutron_lib.callbacks.manager [req-8234acbc-fa59-499a-b530-5d402ca0a103 - - - - -] Notify callbacks ['neutron.services.segments.db._update_segment_host_mapping_for_agent-8737538455888'] for agent, after_update _notify_loop /usr/lib/python2.7/site-packages/neutron_lib/callbacks/manager.py:167
2018-06-29 01:24:18.447 24671 DEBUG neutron_lib.callbacks.manager [req-203c2b48-a18b-4e2b-b389-0d6f2dd3e209 - - - - -] Notify callbacks ['neutron.services.segments.db._update_segment_host_mapping_for_agent-8737538455888'] for agent, after_update _notify_loop /usr/lib/python2.7/site-packages/neutron_lib/callbacks/manager.py:167
2018-06-29 01:24:19.246 24664 DEBUG neutron_lib.callbacks.manager [req-116824e5-60e6-47be-b203-dcc9290bb802 - - - - -] Notify callbacks ['neutron.services.segments.db._update_segment_host_mapping_for_agent-8737538455888'] for agent, after_update _notify_loop /usr/lib/python2.7/site-packages/neutron_lib/callbacks/manager.py:167
2018-06-29 01:24:21.693 24666 DEBUG neutron_lib.callbacks.manager [req-02ce2ef3-d5f1-4507-bcb2-58ada7511cda - - - - -] Notify callbacks ['neutron.services.segments.db._update_segment_host_mapping_for_agent-8737538455888'] for agent, after_update _notify_loop /usr/lib/python2.7/site-packages/neutron_lib/callbacks/manager.py:167
2018-06-29 01:24:22.251 24673 DEBUG neutron.db.agents_db [req-5535debb-fa68-441a-a4c6-3cd325df9081 - - - - -] Agent healthcheck: found 5 active agents agent_health_check /usr/lib/python2.7/site-packages/neutron/db/agents_db.py:281
2018-06-29 01:24:25.105 24667 DEBUG neutron_lib.callbacks.manager [req-6e2670bc-d394-4f13-9122-3d4b643e2da8 - - - - -] Notify callbacks ['neutron.services.segments.db._update_segment_host_mapping_for_agent-8737538455888'] for agent, after_update _notify_loop /usr/lib/python2.7/site-packages/neutron_lib/callbacks/manager.py:167
2018-06-29 01:24:40.366 24665 DEBUG neutron_lib.callbacks.manager [req-8234acbc-fa59-499a-b530-5d402ca0a103 - - - - -] Notify callbacks ['neutron.services.segments.db._update_segment_host_mapping_for_agent-8737538455888'] for agent, after_update _notify_loop /usr/lib/python2.7/site-packages/neutron_lib/callbacks/manager.py:167
2018-06-29 01:24:48.460 24672 DEBUG neutron_lib.callbacks.manager [req-203c2b48-a18b-4e2b-b389-0d6f2dd3e209 - - - - -] Notify callbacks ['neutron.services.segments.db._update_segment_host_mapping_for_agent-8737538455888'] for agent, after_update _notify_loop /usr/lib/python2.7/site-packages/neutron_lib/callbacks/manager.py:167
2018-06-29 01:24:49.230 24669 DEBUG neutron_lib.callbacks.manager [req-6754a729-d9e8-474a-b686-a695f976fc10 - - - - -] Notify callbacks ['neutron.services.segments.db._update_segment_host_mapping_for_agent-8737538455888'] for agent, after_update _notify_loop /usr/lib/python2.7/site-packages/neutron_lib/callbacks/manager.py:167
2018-06-29 01:24:51.688 24670 DEBUG neutron_lib.callbacks.manager [req-02ce2ef3-d5f1-4507-bcb2-58ada7511cda - - - - -] Notify callbacks ['neutron.services.segments.db._update_segment_host_mapping_for_agent-8737538455888'] for agent, after_update _notify_loop /usr/lib/python2.7/site-packages/neutron_lib/callbacks/manager.py:167
2018-06-29 01:24:55.101 24668 DEBUG neutron_lib.callbacks.manager [req-8fbfc5d6-0faa-4928-8194-a2ba067d088b - - - - -] Notify callbacks ['neutron.services.segments.db._update_segment_host_mapping_for_agent-8737538455888'] for agent, after_update _notify_loop /usr/lib/python2.7/site-packages/neutron_lib/callbacks/manager.py:167
2018-06-29 01:24:59.239 24673 DEBUG neutron.db.agents_db [req-5535debb-fa68-441a-a4c6-3cd325df9081 - - - - -] Agent healthcheck: found 5 active agents agent_health_check /usr/lib/python2.7/site-packages/neutron/db/agents_db.py:281
2018-06-29 01:25:10.378 24671 DEBUG neutron_lib.callbacks.manager [req-8234acbc-fa59-499a-b530-5d402ca0a103 - - - - -] Notify callbacks ['neutron.services.segments.db._update_segment_host_mapping_for_agent-8737538455888'] for agent, after_update _notify_loop /usr/lib/python2.7/site-packages/neutron_lib/callbacks/manager.py:167
2018-06-29 01:25:18.474 24664 DEBUG neutron_lib.callbacks.manager [req-203c2b48-a18b-4e2b-b389-0d6f2dd3e209 - - - - -] Notify callbacks ['neutron.services.segments.db._update_segment_host_mapping_for_agent-8737538455888'] for agent, after_update _notify_loop /usr/lib/python2.7/site-packages/neutron_lib/callbacks/manager.py:167
2018-06-29 01:25:19.229 24666 DEBUG neutron_lib.callbacks.manager [req-611e17b1-81af-403f-a9f3-1aad5d24c3ef - - - - -] Notify callbacks ['neutron.services.segments.db._update_segment_host_mapping_for_agent-8737538455888'] for agent, after_update _notify_loop /usr/lib/python2.7/site-packages/neutron_lib/callbacks/manager.py:167
2018-06-29 01:25:21.701 24667 DEBUG neutron_lib.callbacks.manager [req-02ce2ef3-d5f1-4507-bcb2-58ada7511cda - - - - -] Notify callbacks ['neutron.services.segments.db._update_segment_host_mapping_for_agent-8737538455888'] for agent, after_update _notify_loop /usr/lib/python2.7/site-packages/neutron_lib/callbacks/manager.py:167
2018-06-29 01:25:25.094 24665 DEBUG neutron_lib.callbacks.manager [req-c73f9d9e-dd89-4cf9-a0ee-e6e43a4284b3 - - - - -] Notify callbacks ['neutron.services.segments.db._update_segment_host_mapping_for_agent-8737538455888'] for agent, after_update _notify_loop /usr/lib/python2.7/site-packages/neutron_lib/callbacks/manager.py:167
2018-06-29 01:25:36.242 24673 DEBUG neutron.db.agents_db [req-5535debb-fa68-441a-a4c6-3cd325df9081 - - - - -] Agent healthcheck: found 5 active agents agent_health_check /usr/lib/python2.7/site-packages/neutron/db/agents_db.py:281
2018-06-29 01:25:40.370 24672 DEBUG neutron_lib.callbacks.manager [req-8234acbc-fa59-499a-b530-5d402ca0a103 - - - - -] Notify callbacks ['neutron.services.segments.db._update_segment_host_mapping_for_agent-8737538455888'] for agent, after_update _notify_loop /usr/lib/python2.7/site-packages/neutron_lib/callbacks/manager.py:167
2018-06-29 01:25:48.461 24669 DEBUG neutron_lib.callbacks.manager [req-203c2b48-a18b-4e2b-b389-0d6f2dd3e209 - - - - -] Notify callbacks ['neutron.services.segments.db._update_segment_host_mapping_for_agent-8737538455888'] for agent, after_update _notify_loop /usr/lib/python2.7/site-packages/neutron_lib/callbacks/manager.py:167
2018-06-29 01:25:49.233 24670 DEBUG neutron_lib.callbacks.manager [req-5c95cc3f-82e1-4554-b1bc-761008cf092f - - - - -] Notify callbacks ['neutron.services.segments.db._update_segment_host_mapping_for_agent-8737538455888'] for agent, after_update _notify_loop /usr/lib/python2.7/site-packages/neutron_lib/callbacks/manager.py:167
2018-06-29 01:25:51.695 24668 DEBUG neutron_lib.callbacks.manager [req-02ce2ef3-d5f1-4507-bcb2-58ada7511cda - - - - -] Notify callbacks ['neutron.services.segments.db._update_segment_host_mapping_for_agent-8737538455888'] for agent, after_update _notify_loop /usr/lib/python2.7/site-packages/neutron_lib/callbacks/manager.py:167
2018-06-29 01:25:55.092 24671 DEBUG neutron_lib.callbacks.manager [req-a0ee5030-b7db-4847-aff3-8386451bf4df - - - - -] Notify callbacks ['neutron.services.segments.db._update_segment_host_mapping_for_agent-8737538455888'] for agent, after_update _notify_loop /usr/lib/python2.7/site-packages/neutron_lib/callbacks/manager.py:167
2018-06-29 01:26:10.362 24664 DEBUG neutron_lib.callbacks.manager [req-8234acbc-fa59-499a-b530-5d402ca0a103 - - - - -] Notify callbacks ['neutron.services.segments.db._update_segment_host_mapping_for_agent-8737538455888'] for agent, after_update _notify_loop /usr/lib/python2.7/site-packages/neutron_lib/callbacks/manager.py:167
2018-06-29 01:26:13.255 24673 DEBUG neutron.db.agents_db [req-5535debb-fa68-441a-a4c6-3cd325df9081 - - - - -] Agent healthcheck: found 5 active agents agent_health_check /usr/lib/python2.7/site-packages/neutron/db/agents_db.py:281
2018-06-29 01:26:18.471 24666 DEBUG neutron_lib.callbacks.manager [req-203c2b48-a18b-4e2b-b389-0d6f2dd3e209 - - - - -] Notify callbacks ['neutron.services.segments.db._update_segment_host_mapping_for_agent-8737538455888'] for agent, after_update _notify_loop /usr/lib/python2.7/site-packages/neutron_lib/callbacks/manager.py:167
2018-06-29 01:26:19.258 24667 DEBUG neutron_lib.callbacks.manager [req-a040c594-f17b-469e-9b55-1bc814ac2046 - - - - -] Notify callbacks ['neutron.services.segments.db._update_segment_host_mapping_for_agent-8737538455888'] for agent, after_update _notify_loop /usr/lib/python2.7/site-packages/neutron_lib/callbacks/manager.py:167
2018-06-29 01:26:21.715 24665 DEBUG neutron_lib.callbacks.manager [req-02ce2ef3-d5f1-4507-bcb2-58ada7511cda - - - - -] Notify callbacks ['neutron.services.segments.db._update_segment_host_mapping_for_agent-8737538455888'] for agent, after_update _notify_loop /usr/lib/python2.7/site-packages/neutron_lib/callbacks/manager.py:167
2018-06-29 01:26:25.105 24672 DEBUG neutron_lib.callbacks.manager [req-d15f8ac3-8151-49b1-a460-90f5a3a34b00 - - - - -] Notify callbacks ['neutron.services.segments.db._update_segment_host_mapping_for_agent-8737538455888'] for agent, after_update _notify_loop /usr/lib/python2.7/site-packages/neutron_lib/callbacks/manager.py:167
2018-06-29 01:26:40.362 24669 DEBUG neutron_lib.callbacks.manager [req-8234acbc-fa59-499a-b530-5d402ca0a103 - - - - -] Notify callbacks ['neutron.services.segments.db._update_segment_host_mapping_for_agent-8737538455888'] for agent, after_update _notify_loop /usr/lib/python2.7/site-packages/neutron_lib/callbacks/manager.py:167
2018-06-29 01:26:48.455 24670 DEBUG neutron_lib.callbacks.manager [req-203c2b48-a18b-4e2b-b389-0d6f2dd3e209 - - - - -] Notify callbacks ['neutron.services.segments.db._update_segment_host_mapping_for_agent-8737538455888'] for agent, after_update _notify_loop /usr/lib/python2.7/site-packages/neutron_lib/callbacks/manager.py:167
2018-06-29 01:26:49.232 24668 DEBUG neutron_lib.callbacks.manager [req-a6f41aeb-3716-403f-90df-763625444a8a - - - - -] Notify callbacks ['neutron.services.segments.db._update_segment_host_mapping_for_agent-8737538455888'] for agent, after_update _notify_loop /usr/lib/python2.7/site-packages/neutron_lib/callbacks/manager.py:167
2018-06-29 01:26:50.263 24673 DEBUG neutron.db.agents_db [req-5535debb-fa68-441a-a4c6-3cd325df9081 - - - - -] Agent healthcheck: found 5 active agents agent_health_check /usr/lib/python2.7/site-packages/neutron/db/agents_db.py:281
2018-06-29 01:26:51.721 24671 DEBUG neutron_lib.callbacks.manager [req-02ce2ef3-d5f1-4507-bcb2-58ada7511cda - - - - -] Notify callbacks ['neutron.services.segments.db._update_segment_host_mapping_for_agent-8737538455888'] for agent, after_update _notify_loop /usr/lib/python2.7/site-packages/neutron_lib/callbacks/manager.py:167
2018-06-29 01:26:55.093 24664 DEBUG neutron_lib.callbacks.manager [req-467a9a92-2e37-41bd-9fcd-29916ee2cba3 - - - - -] Notify callbacks ['neutron.services.segments.db._update_segment_host_mapping_for_agent-8737538455888'] for agent, after_update _notify_loop /usr/lib/python2.7/site-packages/neutron_lib/callbacks/manager.py:167
2018-06-29 01:27:10.393 24666 DEBUG neutron_lib.callbacks.manager [req-8234acbc-fa59-499a-b530-5d402ca0a103 - - - - -] Notify callbacks ['neutron.services.segments.db._update_segment_host_mapping_for_agent-8737538455888'] for agent, after_update _notify_loop /usr/lib/python2.7/site-packages/neutron_lib/callbacks/manager.py:167
2018-06-29 01:27:18.472 24667 DEBUG neutron_lib.callbacks.manager [req-203c2b48-a18b-4e2b-b389-0d6f2dd3e209 - - - - -] Notify callbacks ['neutron.services.segments.db._update_segment_host_mapping_for_agent-8737538455888'] for agent, after_update _notify_loop /usr/lib/python2.7/site-packages/neutron_lib/callbacks/manager.py:167
2018-06-29 01:27:19.233 24665 DEBUG neutron_lib.callbacks.manager [req-ab96da35-c3bf-4acf-8e74-0fcbb008756c - - - - -] Notify callbacks ['neutron.services.segments.db._update_segment_host_mapping_for_agent-8737538455888'] for agent, after_update _notify_loop /usr/lib/python2.7/site-packages/neutron_lib/callbacks/manager.py:167
2018-06-29 01:27:21.716 24672 DEBUG neutron_lib.callbacks.manager [req-02ce2ef3-d5f1-4507-bcb2-58ada7511cda - - - - -] Notify callbacks ['neutron.services.segments.db._update_segment_host_mapping_for_agent-8737538455888'] for agent, after_update _notify_loop /usr/lib/python2.7/site-packages/neutron_lib/callbacks/manager.py:167
