2018-06-30 06:46:30.071 7938 DEBUG neutron.pecan_wsgi.hooks.policy_enforcement [req-55b86f64-3752-4096-9b4c-bdfaebafb365 8d51c6595f7b4b648f3775454a985b0c e3731f8202904eebb3e6658e91a6b0b5 - default default] Attributes excluded by policy engine: [u'shared'] _exclude_attributes_by_policy /usr/lib/python2.7/site-packages/neutron/pecan_wsgi/hooks/policy_enforcement.py:256
2018-06-30 06:46:30.074 7938 INFO neutron.wsgi [req-55b86f64-3752-4096-9b4c-bdfaebafb365 8d51c6595f7b4b648f3775454a985b0c e3731f8202904eebb3e6658e91a6b0b5 - default default] 10.0.20.22 "GET /v2.0/subnets?id=f08efaa0-732d-4eb7-a0f4-8893ce72f687 HTTP/1.1" status: 200  len: 847 time: 0.2037210
2018-06-30 06:46:30.159 7949 DEBUG neutron.plugins.ml2.rpc [req-dbe853b5-6196-4e0c-8de9-d738875a0cf7 - - - - -] Device eaad51ba-6afa-4dd8-8b60-b8fc47c92ef1 up at agent ovs-agent-localhost.localdomain update_device_up /usr/lib/python2.7/site-packages/neutron/plugins/ml2/rpc.py:244
2018-06-30 06:46:30.214 7949 DEBUG neutron_lib.callbacks.manager [req-c19dd9d2-3b06-4522-b231-b53fb3b10c61 - - - - -] Notify callbacks ['neutron.services.segments.db._update_segment_host_mapping_for_agent-8790043807538'] for agent, after_update _notify_loop /usr/lib/python2.7/site-packages/neutron_lib/callbacks/manager.py:167
2018-06-30 06:46:30.245 7938 INFO neutron.wsgi [req-f8bca4ee-07a2-4a39-bf5e-20bd4f46df17 8d51c6595f7b4b648f3775454a985b0c e3731f8202904eebb3e6658e91a6b0b5 - default default] 10.0.20.22 "GET /v2.0/ports?network_id=c988e9c3-9853-45ad-81b3-ae7ceb4535f6&device_owner=network%3Adhcp HTTP/1.1" status: 200  len: 1128 time: 0.1646609
2018-06-30 06:46:30.354 7949 DEBUG neutron.db.provisioning_blocks [req-dbe853b5-6196-4e0c-8de9-d738875a0cf7 - - - - -] Provisioning for port eaad51ba-6afa-4dd8-8b60-b8fc47c92ef1 completed by entity L2. provisioning_complete /usr/lib/python2.7/site-packages/neutron/db/provisioning_blocks.py:132
2018-06-30 06:46:30.367 7949 DEBUG neutron.db.provisioning_blocks [req-dbe853b5-6196-4e0c-8de9-d738875a0cf7 - - - - -] Provisioning complete for port eaad51ba-6afa-4dd8-8b60-b8fc47c92ef1 triggered by entity L2. provisioning_complete /usr/lib/python2.7/site-packages/neutron/db/provisioning_blocks.py:138
2018-06-30 06:46:30.369 7949 DEBUG neutron_lib.callbacks.manager [req-dbe853b5-6196-4e0c-8de9-d738875a0cf7 - - - - -] Notify callbacks ['neutron.plugins.ml2.plugin.Ml2Plugin._port_provisioned-705444'] for port, provisioning_complete _notify_loop /usr/lib/python2.7/site-packages/neutron_lib/callbacks/manager.py:167
2018-06-30 06:46:30.631 7949 DEBUG neutron_lib.callbacks.manager [req-dbe853b5-6196-4e0c-8de9-d738875a0cf7 - - - - -] Notify callbacks ['neutron.plugins.ml2.plugin.Ml2Plugin._ensure_default_security_group_handler--9223372036853738904'] for port, before_update _notify_loop /usr/lib/python2.7/site-packages/neutron_lib/callbacks/manager.py:167
2018-06-30 06:46:30.744 7949 DEBUG oslo_concurrency.lockutils [-] Lock "notifier-37af804d-a60c-4235-9a8e-0f09ade52b56" acquired by "neutron.notifiers.batch_notifier.synced_send" :: waited 0.000s inner /usr/lib/python2.7/site-packages/oslo_concurrency/lockutils.py:270
2018-06-30 06:46:30.744 7949 DEBUG neutron.notifiers.nova [-] Sending events: [{'status': 'completed', 'tag': u'eaad51ba-6afa-4dd8-8b60-b8fc47c92ef1', 'name': 'network-vif-plugged', 'server_uuid': u'9d7825d7-9b88-4ab4-b78c-2863bcb5ae26'}] send_events /usr/lib/python2.7/site-packages/neutron/notifiers/nova.py:242
2018-06-30 06:46:30.761 7949 DEBUG neutron.plugins.ml2.db [req-dbe853b5-6196-4e0c-8de9-d738875a0cf7 - - - - -] For port eaad51ba-6afa-4dd8-8b60-b8fc47c92ef1, host localhost.localdomain, got binding levels [<neutron.plugins.ml2.models.PortBindingLevel[object at 7fe975d2bbd0] {port_id=u'eaad51ba-6afa-4dd8-8b60-b8fc47c92ef1', host=u'localhost.localdomain', level=0, driver=u'openvswitch', segment_id=u'eadac8a1-18e2-439b-a125-790c2c1825f0'}>] get_binding_levels /usr/lib/python2.7/site-packages/neutron/plugins/ml2/db.py:106
2018-06-30 06:46:30.786 7949 DEBUG neutron_lib.callbacks.manager [req-dbe853b5-6196-4e0c-8de9-d738875a0cf7 - - - - -] Notify callbacks ['neutron.api.rpc.agentnotifiers.dhcp_rpc_agent_api.DhcpAgentNotifyAPI._native_event_send_dhcp_notification-1987615', 'neutron.plugins.ml2.plugin.Ml2Plugin.notify_sg_on_port_change-1037013', 'neutron.db.l3_hascheduler_db._notify_l3_agent_ha_port_update-8790043445539', 'neutron.db.l3_dvrscheduler_db._notify_l3_agent_port_update--9223363246811330865', 'neutron.plugins.ml2.ovo_rpc._ObjectChangeHandler.handle_event-1618470'] for port, after_update _notify_loop /usr/lib/python2.7/site-packages/neutron_lib/callbacks/manager.py:167
2018-06-30 06:46:30.816 7949 DEBUG oslo_concurrency.lockutils [-] Lock "event-dispatch" acquired by "neutron.plugins.ml2.ovo_rpc.dispatch_events" :: waited 0.000s inner /usr/lib/python2.7/site-packages/oslo_concurrency/lockutils.py:270
2018-06-30 06:46:31.011 7949 DEBUG neutron.api.rpc.handlers.resources_rpc [req-dbe853b5-6196-4e0c-8de9-d738875a0cf7 - - - - -] neutron.api.rpc.handlers.resources_rpc.ResourcesPushRpcApi method push called with arguments (<neutron_lib.context.Context object at 0x7fe97616cf50>, [Port(admin_state_up=True,allowed_address_pairs=[],binding=PortBinding,binding_levels=[PortBindingLevel],created_at=2018-06-30T04:46:20Z,data_plane_status=<?>,description='',device_id='9d7825d7-9b88-4ab4-b78c-2863bcb5ae26',device_owner='compute:nova',dhcp_options=[],distributed_binding=None,dns=None,fixed_ips=[IPAllocation],id=eaad51ba-6afa-4dd8-8b60-b8fc47c92ef1,mac_address=fa:16:3e:db:63:75,name='',network_id=c988e9c3-9853-45ad-81b3-ae7ceb4535f6,project_id='a08900af71b04bb8a532d2c788cdd07a',qos_policy_id=None,revision_number=6,security=PortSecurity(eaad51ba-6afa-4dd8-8b60-b8fc47c92ef1),security_group_ids=set([4665163d-e98f-46ee-840c-019daa14fca8]),status='ACTIVE',updated_at=2018-06-30T04:46:30Z)], 'updated') {} wrapper /usr/lib/python2.7/site-packages/oslo_log/helpers.py:66
2018-06-30 06:46:31.031 7949 DEBUG oslo_concurrency.lockutils [req-dbe853b5-6196-4e0c-8de9-d738875a0cf7 - - - - -] Lock "event-dispatch" released by "neutron.plugins.ml2.ovo_rpc.dispatch_events" :: held 0.215s inner /usr/lib/python2.7/site-packages/oslo_concurrency/lockutils.py:282
2018-06-30 06:46:31.144 7938 DEBUG oslo_concurrency.lockutils [-] Lock "notifier-37af804d-a60c-4235-9a8e-0f09ade52b56" released by "neutron.notifiers.batch_notifier.synced_send" :: held 4.654s inner /usr/lib/python2.7/site-packages/oslo_concurrency/lockutils.py:282
2018-06-30 06:46:31.913 7951 DEBUG neutron.plugins.ml2.rpc [req-dbe853b5-6196-4e0c-8de9-d738875a0cf7 - - - - -] Device eaad51ba-6afa-4dd8-8b60-b8fc47c92ef1 up at agent ovs-agent-localhost.localdomain update_device_up /usr/lib/python2.7/site-packages/neutron/plugins/ml2/rpc.py:244
2018-06-30 06:46:31.970 7949 DEBUG novaclient.v2.client [-] REQ: curl -g -i -X POST http://10.0.20.22:8774/v2.1/e3731f8202904eebb3e6658e91a6b0b5/os-server-external-events -H "User-Agent: python-novaclient" -H "Content-Type: application/json" -H "Accept: application/json" -H "X-OpenStack-Nova-API-Version: 2.1" -H "X-Auth-Token: {SHA1}ced21853d08d0bae181918a9cdae2035089005c6" -d '{"events": [{"status": "completed", "tag": "eaad51ba-6afa-4dd8-8b60-b8fc47c92ef1", "name": "network-vif-plugged", "server_uuid": "9d7825d7-9b88-4ab4-b78c-2863bcb5ae26"}]}' _http_log_request /usr/lib/python2.7/site-packages/keystoneauth1/session.py:375
2018-06-30 06:46:32.065 7951 DEBUG neutron.db.provisioning_blocks [req-dbe853b5-6196-4e0c-8de9-d738875a0cf7 - - - - -] Provisioning complete for port eaad51ba-6afa-4dd8-8b60-b8fc47c92ef1 triggered by entity L2. provisioning_complete /usr/lib/python2.7/site-packages/neutron/db/provisioning_blocks.py:138
2018-06-30 06:46:32.066 7951 DEBUG neutron_lib.callbacks.manager [req-dbe853b5-6196-4e0c-8de9-d738875a0cf7 - - - - -] Notify callbacks ['neutron.plugins.ml2.plugin.Ml2Plugin._port_provisioned-705444'] for port, provisioning_complete _notify_loop /usr/lib/python2.7/site-packages/neutron_lib/callbacks/manager.py:167
2018-06-30 06:46:32.530 7949 DEBUG novaclient.v2.client [-] RESP: [200] Content-Length: 183 Content-Type: application/json Openstack-Api-Version: compute 2.1 X-Openstack-Nova-Api-Version: 2.1 Vary: OpenStack-API-Version, X-OpenStack-Nova-API-Version X-Openstack-Request-Id: req-1b9b5c44-3efc-4021-88ce-42dc04e4fc1f X-Compute-Request-Id: req-1b9b5c44-3efc-4021-88ce-42dc04e4fc1f Date: Sat, 30 Jun 2018 04:46:32 GMT Connection: keep-alive 
RESP BODY: {"events": [{"status": "completed", "tag": "eaad51ba-6afa-4dd8-8b60-b8fc47c92ef1", "name": "network-vif-plugged", "server_uuid": "9d7825d7-9b88-4ab4-b78c-2863bcb5ae26", "code": 200}]}
 _http_log_response /usr/lib/python2.7/site-packages/keystoneauth1/session.py:423
2018-06-30 06:46:32.530 7949 DEBUG novaclient.v2.client [-] POST call to compute for http://10.0.20.22:8774/v2.1/e3731f8202904eebb3e6658e91a6b0b5/os-server-external-events used request id req-1b9b5c44-3efc-4021-88ce-42dc04e4fc1f request /usr/lib/python2.7/site-packages/keystoneauth1/session.py:727
2018-06-30 06:46:32.552 7949 INFO neutron.notifiers.nova [-] Nova event response: {u'status': u'completed', u'tag': u'eaad51ba-6afa-4dd8-8b60-b8fc47c92ef1', u'name': u'network-vif-plugged', u'server_uuid': u'9d7825d7-9b88-4ab4-b78c-2863bcb5ae26', u'code': 200}
2018-06-30 06:46:33.425 7942 DEBUG neutron.wsgi [-] (7942) accepted ('10.0.20.22', 53708) server /usr/lib/python2.7/site-packages/eventlet/wsgi.py:883
2018-06-30 06:46:34.015 7942 WARNING keystonemiddleware.auth_token [-] A valid token was submitted as a service token, but it was not a valid service token. This is incorrect but backwards compatible behaviour. This will be removed in future releases.
2018-06-30 06:46:34.448 7946 DEBUG neutron_lib.callbacks.manager [req-3317f61c-0fd8-443a-abc9-58b27a4f6e08 - - - - -] Notify callbacks ['neutron.services.segments.db._update_segment_host_mapping_for_agent-8790043807538'] for agent, after_update _notify_loop /usr/lib/python2.7/site-packages/neutron_lib/callbacks/manager.py:167
2018-06-30 06:46:34.555 7949 DEBUG oslo_concurrency.lockutils [-] Lock "notifier-37af804d-a60c-4235-9a8e-0f09ade52b56" released by "neutron.notifiers.batch_notifier.synced_send" :: held 3.812s inner /usr/lib/python2.7/site-packages/oslo_concurrency/lockutils.py:282
2018-06-30 06:46:34.729 7942 DEBUG neutron.quota.resource [req-69ef5975-169f-4bbc-9bf0-a5d45a95547c 0bfaf08f94e54d9c8ac70d6e23fc8b2e a08900af71b04bb8a532d2c788cdd07a - 78194a14f19b4bf380b992f7c3a98414 78194a14f19b4bf380b992f7c3a98414] Synchronizing usage tracker for tenant:a08900af71b04bb8a532d2c788cdd07a on resource:port resync /usr/lib/python2.7/site-packages/neutron/quota/resource.py:245
2018-06-30 06:46:34.802 7942 DEBUG neutron.quota.resource [req-69ef5975-169f-4bbc-9bf0-a5d45a95547c 0bfaf08f94e54d9c8ac70d6e23fc8b2e a08900af71b04bb8a532d2c788cdd07a - 78194a14f19b4bf380b992f7c3a98414 78194a14f19b4bf380b992f7c3a98414] Unset dirty status for tenant:a08900af71b04bb8a532d2c788cdd07a on resource:port _resync /usr/lib/python2.7/site-packages/neutron/quota/resource.py:237
2018-06-30 06:46:34.803 7942 INFO neutron.wsgi [req-69ef5975-169f-4bbc-9bf0-a5d45a95547c 0bfaf08f94e54d9c8ac70d6e23fc8b2e a08900af71b04bb8a532d2c788cdd07a - 78194a14f19b4bf380b992f7c3a98414 78194a14f19b4bf380b992f7c3a98414] 10.0.20.22 "GET /v2.0/ports?device_id=9d7825d7-9b88-4ab4-b78c-2863bcb5ae26 HTTP/1.1" status: 200  len: 1124 time: 1.3662829
2018-06-30 06:46:35.009 7942 INFO neutron.wsgi [req-cd9784c5-3663-4f00-9546-5b0b3fd8fb76 0bfaf08f94e54d9c8ac70d6e23fc8b2e a08900af71b04bb8a532d2c788cdd07a - 78194a14f19b4bf380b992f7c3a98414 78194a14f19b4bf380b992f7c3a98414] 10.0.20.22 "GET /v2.0/security-groups?id=4665163d-e98f-46ee-840c-019daa14fca8 HTTP/1.1" status: 200  len: 2118 time: 0.1659582
2018-06-30 06:46:35.702 7947 DEBUG neutron_lib.callbacks.manager [req-89b4f9a4-9c77-44c2-ba36-78849a09bba5 - - - - -] Notify callbacks ['neutron.services.segments.db._update_segment_host_mapping_for_agent-8790043807538'] for agent, after_update _notify_loop /usr/lib/python2.7/site-packages/neutron_lib/callbacks/manager.py:167
2018-06-30 06:46:47.232 7939 DEBUG neutron.wsgi [-] (7939) accepted ('10.0.20.22', 53734) server /usr/lib/python2.7/site-packages/eventlet/wsgi.py:883
2018-06-30 06:46:47.235 7939 INFO neutron.wsgi [-] 10.0.20.22 "GET / HTTP/1.1" status: 200  len: 252 time: 0.0020089
2018-06-30 06:46:47.995 7939 INFO neutron.pecan_wsgi.hooks.translation [req-a1151c33-e035-4ac2-8657-97f10ac18b76 41f81b51431f44bd96d368d9b49cd4bd 688c18a1c85f4751b329806136ced2ee - default default] GET failed (client error): The resource could not be found.
2018-06-30 06:46:47.999 7939 INFO neutron.wsgi [req-a1151c33-e035-4ac2-8657-97f10ac18b76 41f81b51431f44bd96d368d9b49cd4bd 688c18a1c85f4751b329806136ced2ee - default default] 10.0.20.22 "GET /v2.0/networks/public HTTP/1.1" status: 404  len: 314 time: 0.7549031
2018-06-30 06:46:48.264 7939 DEBUG neutron.pecan_wsgi.hooks.policy_enforcement [req-0a7ca997-d1d4-4c3b-a629-273909fe3348 41f81b51431f44bd96d368d9b49cd4bd 688c18a1c85f4751b329806136ced2ee - default default] Attributes excluded by policy engine: [u'vlan_transparent'] _exclude_attributes_by_policy /usr/lib/python2.7/site-packages/neutron/pecan_wsgi/hooks/policy_enforcement.py:256
2018-06-30 06:46:48.265 7939 DEBUG neutron.pecan_wsgi.hooks.policy_enforcement [req-0a7ca997-d1d4-4c3b-a629-273909fe3348 41f81b51431f44bd96d368d9b49cd4bd 688c18a1c85f4751b329806136ced2ee - default default] Attributes excluded by policy engine: [u'vlan_transparent'] _exclude_attributes_by_policy /usr/lib/python2.7/site-packages/neutron/pecan_wsgi/hooks/policy_enforcement.py:256
2018-06-30 06:46:48.266 7939 DEBUG neutron.pecan_wsgi.hooks.policy_enforcement [req-0a7ca997-d1d4-4c3b-a629-273909fe3348 41f81b51431f44bd96d368d9b49cd4bd 688c18a1c85f4751b329806136ced2ee - default default] Attributes excluded by policy engine: [u'vlan_transparent'] _exclude_attributes_by_policy /usr/lib/python2.7/site-packages/neutron/pecan_wsgi/hooks/policy_enforcement.py:256
2018-06-30 06:46:48.268 7939 INFO neutron.wsgi [req-0a7ca997-d1d4-4c3b-a629-273909fe3348 41f81b51431f44bd96d368d9b49cd4bd 688c18a1c85f4751b329806136ced2ee - default default] 10.0.20.22 "GET /v2.0/networks HTTP/1.1" status: 200  len: 2214 time: 0.2641101
2018-06-30 06:46:48.782 7939 DEBUG neutron.api.v2.base [req-e0b5667e-2939-412d-8557-c562a6471767 41f81b51431f44bd96d368d9b49cd4bd 688c18a1c85f4751b329806136ced2ee - default default] Request body: {u'floatingip': {u'floating_network_id': u'2ce34dd7-df32-4a77-980f-3c1215fa4847', u'tenant_id': u'a08900af71b04bb8a532d2c788cdd07a'}} prepare_request_body /usr/lib/python2.7/site-packages/neutron/api/v2/base.py:695
2018-06-30 06:46:48.789 7939 DEBUG neutron.db.quota.driver [req-e0b5667e-2939-412d-8557-c562a6471767 41f81b51431f44bd96d368d9b49cd4bd 688c18a1c85f4751b329806136ced2ee - default default] Resources subnetpool have unlimited quota limit. It is not required to calculate headroom  make_reservation /usr/lib/python2.7/site-packages/neutron/db/quota/driver.py:223
2018-06-30 06:46:48.797 7939 DEBUG neutron.quota.resource [req-e0b5667e-2939-412d-8557-c562a6471767 41f81b51431f44bd96d368d9b49cd4bd 688c18a1c85f4751b329806136ced2ee - default default] Usage tracker for resource:floatingip and tenant:a08900af71b04bb8a532d2c788cdd07a is out of sync, need to count used quota count_used /usr/lib/python2.7/site-packages/neutron/quota/resource.py:274
2018-06-30 06:46:48.835 7939 DEBUG neutron.quota.resource [req-e0b5667e-2939-412d-8557-c562a6471767 41f81b51431f44bd96d368d9b49cd4bd 688c18a1c85f4751b329806136ced2ee - default default] Quota usage for floatingip was recalculated. Used quota:0. count_used /usr/lib/python2.7/site-packages/neutron/quota/resource.py:293
2018-06-30 06:46:48.846 7939 DEBUG neutron.db.quota.driver [req-e0b5667e-2939-412d-8557-c562a6471767 41f81b51431f44bd96d368d9b49cd4bd 688c18a1c85f4751b329806136ced2ee - default default] Attempting to reserve 1 items for resource floatingip. Total usage: 0; quota limit: 50; headroom:50 make_reservation /usr/lib/python2.7/site-packages/neutron/db/quota/driver.py:255
2018-06-30 06:46:49.084 7939 DEBUG neutron_lib.callbacks.manager [req-e0b5667e-2939-412d-8557-c562a6471767 41f81b51431f44bd96d368d9b49cd4bd 688c18a1c85f4751b329806136ced2ee - default default] Notify callbacks ['neutron.plugins.ml2.plugin.Ml2Plugin._ensure_default_security_group_handler--9223372036853738904'] for port, before_create _notify_loop /usr/lib/python2.7/site-packages/neutron_lib/callbacks/manager.py:167
2018-06-30 06:46:49.662 7939 DEBUG neutron.db.db_base_plugin_common [req-e0b5667e-2939-412d-8557-c562a6471767 41f81b51431f44bd96d368d9b49cd4bd 688c18a1c85f4751b329806136ced2ee - default default] Allocated IP 172.24.4.12 (2ce34dd7-df32-4a77-980f-3c1215fa4847/482aeca8-a24a-4c41-a222-a086cb79ba31/4b997563-dcf0-4b46-b569-00c426c3d002) _store_ip_allocation /usr/lib/python2.7/site-packages/neutron/db/db_base_plugin_common.py:122
2018-06-30 06:46:49.980 7939 DEBUG neutron_lib.callbacks.manager [req-e0b5667e-2939-412d-8557-c562a6471767 41f81b51431f44bd96d368d9b49cd4bd 688c18a1c85f4751b329806136ced2ee - default default] Notify callbacks [] for port, precommit_create _notify_loop /usr/lib/python2.7/site-packages/neutron_lib/callbacks/manager.py:167
2018-06-30 06:46:50.121 7939 DEBUG neutron_lib.callbacks.manager [req-e0b5667e-2939-412d-8557-c562a6471767 41f81b51431f44bd96d368d9b49cd4bd 688c18a1c85f4751b329806136ced2ee - default default] Notify callbacks ['neutron.api.rpc.agentnotifiers.dhcp_rpc_agent_api.DhcpAgentNotifyAPI._native_event_send_dhcp_notification-1987615', 'neutron.plugins.ml2.plugin.Ml2Plugin.notify_sg_on_port_change-1037013', 'neutron.db.l3_dvrscheduler_db._notify_l3_agent_new_port--9223363246811330880', 'neutron.plugins.ml2.ovo_rpc._ObjectChangeHandler.handle_event-1618470'] for port, after_create _notify_loop /usr/lib/python2.7/site-packages/neutron_lib/callbacks/manager.py:167
2018-06-30 06:46:50.412 7939 DEBUG neutron.scheduler.dhcp_agent_scheduler [req-e0b5667e-2939-412d-8557-c562a6471767 41f81b51431f44bd96d368d9b49cd4bd 688c18a1c85f4751b329806136ced2ee - default default] Network 2ce34dd7-df32-4a77-980f-3c1215fa4847 is already hosted by enough agents. _get_dhcp_agents_hosting_network /usr/lib/python2.7/site-packages/neutron/scheduler/dhcp_agent_scheduler.py:243
2018-06-30 06:46:50.451 7939 DEBUG neutron.db.l3_dvrscheduler_db [req-e0b5667e-2939-412d-8557-c562a6471767 41f81b51431f44bd96d368d9b49cd4bd 688c18a1c85f4751b329806136ced2ee - default default] Received port after_create _notify_l3_agent_new_port /usr/lib/python2.7/site-packages/neutron/db/l3_dvrscheduler_db.py:392
2018-06-30 06:46:50.460 7939 DEBUG oslo_concurrency.lockutils [-] Lock "event-dispatch" acquired by "neutron.plugins.ml2.ovo_rpc.dispatch_events" :: waited 0.000s inner /usr/lib/python2.7/site-packages/oslo_concurrency/lockutils.py:270
2018-06-30 06:46:50.722 7939 DEBUG neutron.api.rpc.handlers.resources_rpc [req-e0b5667e-2939-412d-8557-c562a6471767 41f81b51431f44bd96d368d9b49cd4bd 688c18a1c85f4751b329806136ced2ee - - -] neutron.api.rpc.handlers.resources_rpc.ResourcesPushRpcApi method push called with arguments (<neutron_lib.context.Context object at 0x7fe975a0cb10>, [Port(admin_state_up=True,allowed_address_pairs=[],binding=PortBinding,binding_levels=[],created_at=2018-06-30T04:46:49Z,data_plane_status=<?>,description='',device_id='PENDING',device_owner='network:floatingip',dhcp_options=[],distributed_binding=None,dns=None,fixed_ips=[IPAllocation],id=4b997563-dcf0-4b46-b569-00c426c3d002,mac_address=fa:16:3e:2b:ff:a2,name='',network_id=2ce34dd7-df32-4a77-980f-3c1215fa4847,project_id='',qos_policy_id=None,revision_number=3,security=PortSecurity(4b997563-dcf0-4b46-b569-00c426c3d002),security_group_ids=set([]),status='N/A',updated_at=2018-06-30T04:46:49Z)], 'updated') {} wrapper /usr/lib/python2.7/site-packages/oslo_log/helpers.py:66
2018-06-30 06:46:50.761 7939 DEBUG neutron.api.rpc.callbacks.version_manager [req-e0b5667e-2939-412d-8557-c562a6471767 41f81b51431f44bd96d368d9b49cd4bd 688c18a1c85f4751b329806136ced2ee - - -] Version for resource type Subnet changed None to 1.0 on consumer Open vSwitch agent@localhost.localdomain _set_version /usr/lib/python2.7/site-packages/neutron/api/rpc/callbacks/version_manager.py:119
2018-06-30 06:46:50.762 7939 DEBUG neutron.api.rpc.callbacks.version_manager [req-e0b5667e-2939-412d-8557-c562a6471767 41f81b51431f44bd96d368d9b49cd4bd 688c18a1c85f4751b329806136ced2ee - - -] Version for resource type Network changed None to 1.0 on consumer Open vSwitch agent@localhost.localdomain _set_version /usr/lib/python2.7/site-packages/neutron/api/rpc/callbacks/version_manager.py:119
2018-06-30 06:46:50.763 7939 DEBUG neutron.api.rpc.callbacks.version_manager [req-e0b5667e-2939-412d-8557-c562a6471767 41f81b51431f44bd96d368d9b49cd4bd 688c18a1c85f4751b329806136ced2ee - - -] Version for resource type SubPort changed None to 1.0 on consumer Open vSwitch agent@localhost.localdomain _set_version /usr/lib/python2.7/site-packages/neutron/api/rpc/callbacks/version_manager.py:119
2018-06-30 06:46:50.763 7939 DEBUG neutron.api.rpc.callbacks.version_manager [req-e0b5667e-2939-412d-8557-c562a6471767 41f81b51431f44bd96d368d9b49cd4bd 688c18a1c85f4751b329806136ced2ee - - -] Version for resource type SecurityGroup changed None to 1.0 on consumer Open vSwitch agent@localhost.localdomain _set_version /usr/lib/python2.7/site-packages/neutron/api/rpc/callbacks/version_manager.py:119
2018-06-30 06:46:50.764 7939 DEBUG neutron.api.rpc.callbacks.version_manager [req-e0b5667e-2939-412d-8557-c562a6471767 41f81b51431f44bd96d368d9b49cd4bd 688c18a1c85f4751b329806136ced2ee - - -] Version for resource type SecurityGroupRule changed None to 1.0 on consumer Open vSwitch agent@localhost.localdomain _set_version /usr/lib/python2.7/site-packages/neutron/api/rpc/callbacks/version_manager.py:119
2018-06-30 06:46:50.765 7939 DEBUG neutron.api.rpc.callbacks.version_manager [req-e0b5667e-2939-412d-8557-c562a6471767 41f81b51431f44bd96d368d9b49cd4bd 688c18a1c85f4751b329806136ced2ee - - -] Version for resource type Trunk changed None to 1.1 on consumer Open vSwitch agent@localhost.localdomain _set_version /usr/lib/python2.7/site-packages/neutron/api/rpc/callbacks/version_manager.py:119
2018-06-30 06:46:50.765 7939 DEBUG neutron.api.rpc.callbacks.version_manager [req-e0b5667e-2939-412d-8557-c562a6471767 41f81b51431f44bd96d368d9b49cd4bd 688c18a1c85f4751b329806136ced2ee - - -] Version for resource type QosPolicy changed None to 1.6 on consumer Open vSwitch agent@localhost.localdomain _set_version /usr/lib/python2.7/site-packages/neutron/api/rpc/callbacks/version_manager.py:119
2018-06-30 06:46:50.766 7939 DEBUG neutron.api.rpc.callbacks.version_manager [req-e0b5667e-2939-412d-8557-c562a6471767 41f81b51431f44bd96d368d9b49cd4bd 688c18a1c85f4751b329806136ced2ee - - -] Version for resource type Port changed None to 1.1 on consumer Open vSwitch agent@localhost.localdomain _set_version /usr/lib/python2.7/site-packages/neutron/api/rpc/callbacks/version_manager.py:119
2018-06-30 06:46:50.766 7939 DEBUG neutron.api.rpc.callbacks.version_manager [req-e0b5667e-2939-412d-8557-c562a6471767 41f81b51431f44bd96d368d9b49cd4bd 688c18a1c85f4751b329806136ced2ee - - -] Version for resource type Log changed None to 1.0 on consumer Open vSwitch agent@localhost.localdomain _set_version /usr/lib/python2.7/site-packages/neutron/api/rpc/callbacks/version_manager.py:119
2018-06-30 06:46:50.788 7939 DEBUG neutron_lib.callbacks.manager [req-e0b5667e-2939-412d-8557-c562a6471767 41f81b51431f44bd96d368d9b49cd4bd 688c18a1c85f4751b329806136ced2ee - default default] Notify callbacks ['neutron.plugins.ml2.plugin.Ml2Plugin._ensure_default_security_group_handler--9223372036853738904'] for port, before_update _notify_loop /usr/lib/python2.7/site-packages/neutron_lib/callbacks/manager.py:167
2018-06-30 06:46:51.185 7939 DEBUG oslo_concurrency.lockutils [req-e0b5667e-2939-412d-8557-c562a6471767 41f81b51431f44bd96d368d9b49cd4bd 688c18a1c85f4751b329806136ced2ee - - -] Lock "event-dispatch" released by "neutron.plugins.ml2.ovo_rpc.dispatch_events" :: held 0.725s inner /usr/lib/python2.7/site-packages/oslo_concurrency/lockutils.py:282
2018-06-30 06:46:51.709 7939 DEBUG neutron_lib.callbacks.manager [req-e0b5667e-2939-412d-8557-c562a6471767 41f81b51431f44bd96d368d9b49cd4bd 688c18a1c85f4751b329806136ced2ee - default default] Notify callbacks [] for port, precommit_update _notify_loop /usr/lib/python2.7/site-packages/neutron_lib/callbacks/manager.py:167
2018-06-30 06:46:51.718 7939 DEBUG neutron_lib.callbacks.manager [req-e0b5667e-2939-412d-8557-c562a6471767 41f81b51431f44bd96d368d9b49cd4bd 688c18a1c85f4751b329806136ced2ee - default default] Notify callbacks ['neutron.api.rpc.agentnotifiers.dhcp_rpc_agent_api.DhcpAgentNotifyAPI._native_event_send_dhcp_notification-1987615', 'neutron.plugins.ml2.plugin.Ml2Plugin.notify_sg_on_port_change-1037013', 'neutron.db.l3_hascheduler_db._notify_l3_agent_ha_port_update-8790043445539', 'neutron.db.l3_dvrscheduler_db._notify_l3_agent_port_update--9223363246811330865', 'neutron.plugins.ml2.ovo_rpc._ObjectChangeHandler.handle_event-1618470'] for port, after_update _notify_loop /usr/lib/python2.7/site-packages/neutron_lib/callbacks/manager.py:167
2018-06-30 06:46:51.958 7939 DEBUG neutron_lib.callbacks.manager [req-e0b5667e-2939-412d-8557-c562a6471767 41f81b51431f44bd96d368d9b49cd4bd 688c18a1c85f4751b329806136ced2ee - default default] Notify callbacks ['neutron.services.l3_router.l3_router_plugin.L3RouterPlugin._create_dvr_floating_gw_port-1578704'] for floatingip, after_update _notify_loop /usr/lib/python2.7/site-packages/neutron_lib/callbacks/manager.py:167
2018-06-30 06:46:51.964 7939 DEBUG oslo_concurrency.lockutils [-] Lock "event-dispatch" acquired by "neutron.plugins.ml2.ovo_rpc.dispatch_events" :: waited 0.000s inner /usr/lib/python2.7/site-packages/oslo_concurrency/lockutils.py:270
2018-06-30 06:46:52.086 7939 DEBUG neutron.quota.resource [req-e0b5667e-2939-412d-8557-c562a6471767 41f81b51431f44bd96d368d9b49cd4bd 688c18a1c85f4751b329806136ced2ee - default default] Persisted dirty status for tenant:a08900af71b04bb8a532d2c788cdd07a on resource:floatingip mark_dirty /usr/lib/python2.7/site-packages/neutron/quota/resource.py:207
2018-06-30 06:46:52.096 7939 DEBUG neutron.quota.resource [req-e0b5667e-2939-412d-8557-c562a6471767 41f81b51431f44bd96d368d9b49cd4bd 688c18a1c85f4751b329806136ced2ee - default default] Persisted dirty status for tenant: on resource:port mark_dirty /usr/lib/python2.7/site-packages/neutron/quota/resource.py:207
2018-06-30 06:46:52.120 7939 DEBUG neutron.api.rpc.handlers.resources_rpc [req-e0b5667e-2939-412d-8557-c562a6471767 41f81b51431f44bd96d368d9b49cd4bd 688c18a1c85f4751b329806136ced2ee - - -] neutron.api.rpc.handlers.resources_rpc.ResourcesPushRpcApi method push called with arguments (<neutron_lib.context.Context object at 0x7fe975e36650>, [Port(admin_state_up=True,allowed_address_pairs=[],binding=PortBinding,binding_levels=[],created_at=2018-06-30T04:46:49Z,data_plane_status=<?>,description='',device_id='3bd01260-fa94-4172-ade6-8a9b9c947a37',device_owner='network:floatingip',dhcp_options=[],distributed_binding=None,dns=None,fixed_ips=[IPAllocation],id=4b997563-dcf0-4b46-b569-00c426c3d002,mac_address=fa:16:3e:2b:ff:a2,name='',network_id=2ce34dd7-df32-4a77-980f-3c1215fa4847,project_id='',qos_policy_id=None,revision_number=4,security=PortSecurity(4b997563-dcf0-4b46-b569-00c426c3d002),security_group_ids=set([]),status='N/A',updated_at=2018-06-30T04:46:51Z)], 'updated') {} wrapper /usr/lib/python2.7/site-packages/oslo_log/helpers.py:66
2018-06-30 06:46:52.126 7939 DEBUG neutron_lib.callbacks.manager [req-e0b5667e-2939-412d-8557-c562a6471767 41f81b51431f44bd96d368d9b49cd4bd 688c18a1c85f4751b329806136ced2ee - default default] Notify callbacks ['neutron.notifiers.nova.Notifier._send_nova_notification--9223372036854772016'] for floatingip, before_response _notify_loop /usr/lib/python2.7/site-packages/neutron_lib/callbacks/manager.py:167
2018-06-30 06:46:52.127 7939 INFO neutron.wsgi [req-e0b5667e-2939-412d-8557-c562a6471767 41f81b51431f44bd96d368d9b49cd4bd 688c18a1c85f4751b329806136ced2ee - default default] 10.0.20.22 "POST /v2.0/floatingips HTTP/1.1" status: 201  len: 675 time: 3.3589740
2018-06-30 06:46:52.137 7939 DEBUG oslo_concurrency.lockutils [req-e0b5667e-2939-412d-8557-c562a6471767 41f81b51431f44bd96d368d9b49cd4bd 688c18a1c85f4751b329806136ced2ee - - -] Lock "event-dispatch" released by "neutron.plugins.ml2.ovo_rpc.dispatch_events" :: held 0.173s inner /usr/lib/python2.7/site-packages/oslo_concurrency/lockutils.py:282
2018-06-30 06:46:58.435 7951 DEBUG neutron_lib.callbacks.manager [req-26ff62f7-c4cf-4218-9ae3-5f0a90c6e3ef - - - - -] Notify callbacks ['neutron.services.segments.db._update_segment_host_mapping_for_agent-8790043807538'] for agent, after_update _notify_loop /usr/lib/python2.7/site-packages/neutron_lib/callbacks/manager.py:167
2018-06-30 06:46:59.421 7955 DEBUG neutron_lib.callbacks.manager [req-dbe853b5-6196-4e0c-8de9-d738875a0cf7 - - - - -] Notify callbacks ['neutron.services.segments.db._update_segment_host_mapping_for_agent-8790043807538'] for agent, after_update _notify_loop /usr/lib/python2.7/site-packages/neutron_lib/callbacks/manager.py:167
2018-06-30 06:47:00.173 7950 DEBUG neutron_lib.callbacks.manager [req-e39f057c-c9de-4c84-b7b0-664a70dafa14 - - - - -] Notify callbacks ['neutron.services.segments.db._update_segment_host_mapping_for_agent-8790043807538'] for agent, after_update _notify_loop /usr/lib/python2.7/site-packages/neutron_lib/callbacks/manager.py:167
2018-06-30 06:47:00.943 7956 DEBUG neutron.db.agents_db [req-946474f6-f534-460d-b4c5-0d691487366d - - - - -] Agent healthcheck: found 5 active agents agent_health_check /usr/lib/python2.7/site-packages/neutron/db/agents_db.py:281
2018-06-30 06:47:01.652 7938 INFO neutron.wsgi [req-88003979-fe2d-4cae-838e-90d29a6a5c02 8d51c6595f7b4b648f3775454a985b0c e3731f8202904eebb3e6658e91a6b0b5 - default default] 10.0.20.22 "GET /v2.0/ports?tenant_id=688c18a1c85f4751b329806136ced2ee&device_id=06deffa3-c274-4da5-a3ab-17f1d4e0a067 HTTP/1.1" status: 200  len: 1124 time: 0.2691891
2018-06-30 06:47:02.194 7938 DEBUG neutron.pecan_wsgi.hooks.policy_enforcement [req-5d9400ee-c77f-4d3b-8f23-ebd2cb88e3dc 8d51c6595f7b4b648f3775454a985b0c e3731f8202904eebb3e6658e91a6b0b5 - default default] Attributes excluded by policy engine: [u'vlan_transparent'] _exclude_attributes_by_policy /usr/lib/python2.7/site-packages/neutron/pecan_wsgi/hooks/policy_enforcement.py:256
2018-06-30 06:47:02.197 7938 INFO neutron.wsgi [req-5d9400ee-c77f-4d3b-8f23-ebd2cb88e3dc 8d51c6595f7b4b648f3775454a985b0c e3731f8202904eebb3e6658e91a6b0b5 - default default] 10.0.20.22 "GET /v2.0/networks?id=2ce34dd7-df32-4a77-980f-3c1215fa4847 HTTP/1.1" status: 200  len: 888 time: 0.5288270
2018-06-30 06:47:02.285 7938 INFO neutron.wsgi [req-c53f1616-be08-449e-9fd7-0ce1ca033a4a 8d51c6595f7b4b648f3775454a985b0c e3731f8202904eebb3e6658e91a6b0b5 - default default] 10.0.20.22 "GET /v2.0/floatingips?fixed_ip_address=172.24.4.3&port_id=34ae3945-8340-4ff1-9d1f-d0bdb80875f3 HTTP/1.1" status: 200  len: 217 time: 0.0686028
2018-06-30 06:47:02.567 7938 DEBUG neutron.pecan_wsgi.hooks.policy_enforcement [req-f397e06c-8269-4a19-9c0f-cf6dc2059ee5 8d51c6595f7b4b648f3775454a985b0c e3731f8202904eebb3e6658e91a6b0b5 - default default] Attributes excluded by policy engine: [u'shared'] _exclude_attributes_by_policy /usr/lib/python2.7/site-packages/neutron/pecan_wsgi/hooks/policy_enforcement.py:256
2018-06-30 06:47:02.572 7938 INFO neutron.wsgi [req-f397e06c-8269-4a19-9c0f-cf6dc2059ee5 8d51c6595f7b4b648f3775454a985b0c e3731f8202904eebb3e6658e91a6b0b5 - default default] 10.0.20.22 "GET /v2.0/subnets?id=482aeca8-a24a-4c41-a222-a086cb79ba31 HTTP/1.1" status: 200  len: 819 time: 0.2637439
2018-06-30 06:47:02.708 7938 INFO neutron.wsgi [req-9adea889-c082-4799-afae-a9641808348e 8d51c6595f7b4b648f3775454a985b0c e3731f8202904eebb3e6658e91a6b0b5 - default default] 10.0.20.22 "GET /v2.0/ports?network_id=2ce34dd7-df32-4a77-980f-3c1215fa4847&device_owner=network%3Adhcp HTTP/1.1" status: 200  len: 210 time: 0.1165760
2018-06-30 06:47:04.523 7948 DEBUG neutron_lib.callbacks.manager [req-3317f61c-0fd8-443a-abc9-58b27a4f6e08 - - - - -] Notify callbacks ['neutron.services.segments.db._update_segment_host_mapping_for_agent-8790043807538'] for agent, after_update _notify_loop /usr/lib/python2.7/site-packages/neutron_lib/callbacks/manager.py:167
2018-06-30 06:47:05.758 7953 DEBUG neutron_lib.callbacks.manager [req-59d99b41-ad93-4d58-9941-5f7ff4fe94e1 - - - - -] Notify callbacks ['neutron.services.segments.db._update_segment_host_mapping_for_agent-8790043807538'] for agent, after_update _notify_loop /usr/lib/python2.7/site-packages/neutron_lib/callbacks/manager.py:167
2018-06-30 06:47:06.656 7942 INFO neutron.wsgi [req-5ea95b4e-7ec7-4eb6-8ad3-a2af5d07ddc8 0bfaf08f94e54d9c8ac70d6e23fc8b2e a08900af71b04bb8a532d2c788cdd07a - 78194a14f19b4bf380b992f7c3a98414 78194a14f19b4bf380b992f7c3a98414] 10.0.20.22 "GET /v2.0/ports?device_id=9d7825d7-9b88-4ab4-b78c-2863bcb5ae26 HTTP/1.1" status: 200  len: 1124 time: 0.8317521
2018-06-30 06:47:06.908 7942 INFO neutron.wsgi [req-dd07d169-bba1-4881-8407-38df084f178e 0bfaf08f94e54d9c8ac70d6e23fc8b2e a08900af71b04bb8a532d2c788cdd07a - 78194a14f19b4bf380b992f7c3a98414 78194a14f19b4bf380b992f7c3a98414] 10.0.20.22 "GET /v2.0/security-groups?id=4665163d-e98f-46ee-840c-019daa14fca8 HTTP/1.1" status: 200  len: 2118 time: 0.2417240
2018-06-30 06:47:07.289 7942 INFO neutron.wsgi [req-1f06b001-cff2-4723-9deb-f17a75dca29b 0bfaf08f94e54d9c8ac70d6e23fc8b2e a08900af71b04bb8a532d2c788cdd07a - 78194a14f19b4bf380b992f7c3a98414 78194a14f19b4bf380b992f7c3a98414] 10.0.20.22 "GET /v2.0/ports?device_owner=compute%3Anova&device_id=9d7825d7-9b88-4ab4-b78c-2863bcb5ae26 HTTP/1.1" status: 200  len: 1124 time: 0.1847811
2018-06-30 06:47:07.399 7942 INFO neutron.wsgi [req-770983cb-74e4-49fc-906b-ac7f6b6527d2 0bfaf08f94e54d9c8ac70d6e23fc8b2e a08900af71b04bb8a532d2c788cdd07a - 78194a14f19b4bf380b992f7c3a98414 78194a14f19b4bf380b992f7c3a98414] 10.0.20.22 "GET /v2.0/floatingips?floating_ip_address=172.24.4.12 HTTP/1.1" status: 200  len: 673 time: 0.1014359
2018-06-30 06:47:07.450 7942 DEBUG neutron.api.v2.base [req-70fb3ece-1490-413a-bd8a-6471523f2d1f 0bfaf08f94e54d9c8ac70d6e23fc8b2e a08900af71b04bb8a532d2c788cdd07a - 78194a14f19b4bf380b992f7c3a98414 78194a14f19b4bf380b992f7c3a98414] Request body: {u'floatingip': {u'fixed_ip_address': u'11.139.1.6', u'port_id': u'eaad51ba-6afa-4dd8-8b60-b8fc47c92ef1'}} prepare_request_body /usr/lib/python2.7/site-packages/neutron/api/v2/base.py:695
2018-06-30 06:47:08.053 7942 DEBUG neutron_lib.callbacks.manager [req-70fb3ece-1490-413a-bd8a-6471523f2d1f 0bfaf08f94e54d9c8ac70d6e23fc8b2e a08900af71b04bb8a532d2c788cdd07a - 78194a14f19b4bf380b992f7c3a98414 78194a14f19b4bf380b992f7c3a98414] Notify callbacks ['neutron.services.l3_router.l3_router_plugin.L3RouterPlugin._create_dvr_floating_gw_port-1578704'] for floatingip, after_update _notify_loop /usr/lib/python2.7/site-packages/neutron_lib/callbacks/manager.py:167
2018-06-30 06:47:09.123 7942 DEBUG neutron.scheduler.l3_agent_scheduler [req-70fb3ece-1490-413a-bd8a-6471523f2d1f 0bfaf08f94e54d9c8ac70d6e23fc8b2e a08900af71b04bb8a532d2c788cdd07a - 78194a14f19b4bf380b992f7c3a98414 78194a14f19b4bf380b992f7c3a98414] Router 9dc58a54-753e-46b8-b720-dea8029947e8 has already been hosted by L3 agent 02b9079f-1e37-44d1-b612-ac2f663faf90 _get_candidates /usr/lib/python2.7/site-packages/neutron/scheduler/l3_agent_scheduler.py:141
2018-06-30 06:47:09.136 7939 DEBUG neutron.wsgi [-] (7939) accepted ('10.0.20.22', 53820) server /usr/lib/python2.7/site-packages/eventlet/wsgi.py:883
2018-06-30 06:47:09.376 7942 DEBUG neutron.api.rpc.agentnotifiers.l3_rpc_agent_api [req-70fb3ece-1490-413a-bd8a-6471523f2d1f 0bfaf08f94e54d9c8ac70d6e23fc8b2e a08900af71b04bb8a532d2c788cdd07a - 78194a14f19b4bf380b992f7c3a98414 78194a14f19b4bf380b992f7c3a98414] Notify agent at l3_agent.localhost.localdomain the message routers_updated _agent_notification /usr/lib/python2.7/site-packages/neutron/api/rpc/agentnotifiers/l3_rpc_agent_api.py:69
2018-06-30 06:47:09.409 7942 DEBUG neutron_lib.callbacks.manager [req-70fb3ece-1490-413a-bd8a-6471523f2d1f 0bfaf08f94e54d9c8ac70d6e23fc8b2e a08900af71b04bb8a532d2c788cdd07a - 78194a14f19b4bf380b992f7c3a98414 78194a14f19b4bf380b992f7c3a98414] Notify callbacks ['neutron.notifiers.nova.Notifier._send_nova_notification--9223372036854772016'] for floatingip, before_response _notify_loop /usr/lib/python2.7/site-packages/neutron_lib/callbacks/manager.py:167
2018-06-30 06:47:09.435 7950 DEBUG neutron.db.l3_hamode_db [req-718edd39-3bcf-4a5c-b2cc-daf390240bdf - - - - -] neutron.services.l3_router.l3_router_plugin.L3RouterPlugin method get_ha_sync_data_for_host called with arguments (<neutron_lib.context.Context object at 0x7fe975f4c090>, u'localhost.localdomain', <neutron.db.models.agent.Agent[object at 7fe9760079d0] {id=u'02b9079f-1e37-44d1-b612-ac2f663faf90', agent_type=u'L3 agent', binary=u'neutron-l3-agent', topic=u'l3_agent', host=u'localhost.localdomain', availability_zone=u'nova', admin_state_up=True, created_at=datetime.datetime(2018, 6, 20, 16, 53, 44), started_at=datetime.datetime(2018, 6, 30, 4, 36), heartbeat_timestamp=datetime.datetime(2018, 6, 30, 4, 47), description=None, configurations=u'{"agent_mode": "legacy", "gateway_external_network_id": "", "handle_internal_only_routers": true, "routers": 2, "interfaces": 2, "floating_ips": 0, "interface_driver": "neutron.agent.linux.interface.OVSInterfaceDriver", "log_agent_heartbeats": false, "external_network_bridge": "", "ex_gw_ports": 2}', resource_versions=None, load=0}>) {'active': True, 'router_ids': ['9dc58a54-753e-46b8-b720-dea8029947e8']} wrapper /usr/lib/python2.7/site-packages/oslo_log/helpers.py:66
2018-06-30 06:47:09.496 7942 INFO neutron.wsgi [req-70fb3ece-1490-413a-bd8a-6471523f2d1f 0bfaf08f94e54d9c8ac70d6e23fc8b2e a08900af71b04bb8a532d2c788cdd07a - 78194a14f19b4bf380b992f7c3a98414 78194a14f19b4bf380b992f7c3a98414] 10.0.20.22 "PUT /v2.0/floatingips/3bd01260-fa94-4172-ade6-8a9b9c947a37 HTTP/1.1" status: 200  len: 746 time: 2.0893469
2018-06-30 06:47:09.500 7942 DEBUG oslo_concurrency.lockutils [-] Lock "notifier-37af804d-a60c-4235-9a8e-0f09ade52b56" acquired by "neutron.notifiers.batch_notifier.synced_send" :: waited 0.000s inner /usr/lib/python2.7/site-packages/oslo_concurrency/lockutils.py:270
2018-06-30 06:47:09.501 7942 DEBUG neutron.notifiers.nova [-] Sending events: [{'tag': u'eaad51ba-6afa-4dd8-8b60-b8fc47c92ef1', 'name': 'network-changed', 'server_uuid': u'9d7825d7-9b88-4ab4-b78c-2863bcb5ae26'}] send_events /usr/lib/python2.7/site-packages/neutron/notifiers/nova.py:242
2018-06-30 06:47:09.675 7939 INFO neutron.wsgi [req-bc3e34b7-d05d-4960-a24b-e26c98e87f97 8d51c6595f7b4b648f3775454a985b0c e3731f8202904eebb3e6658e91a6b0b5 - default default] 10.0.20.22 "GET /v2.0/ports?device_id=9d7825d7-9b88-4ab4-b78c-2863bcb5ae26 HTTP/1.1" status: 200  len: 1124 time: 0.5369909
2018-06-30 06:47:09.926 7939 INFO neutron.wsgi [req-e6d71cbc-5dec-4a80-9be4-15acb3720824 8d51c6595f7b4b648f3775454a985b0c e3731f8202904eebb3e6658e91a6b0b5 - default default] 10.0.20.22 "GET /v2.0/security-groups?id=4665163d-e98f-46ee-840c-019daa14fca8 HTTP/1.1" status: 200  len: 2118 time: 0.2022469
2018-06-30 06:47:10.362 7950 DEBUG neutron.db.l3_hamode_db [req-718edd39-3bcf-4a5c-b2cc-daf390240bdf - - - - -] neutron.services.l3_router.l3_router_plugin.L3RouterPlugin method _process_sync_ha_data called with arguments (<neutron_lib.context.Context object at 0x7fe975f4c090>, [{'status': u'ACTIVE', '_interfaces': [{'status': u'ACTIVE', 'subnets': [{'dns_nameservers': [u'8.8.4.4'], 'ipv6_ra_mode': None, 'gateway_ip': u'11.139.1.1', 'cidr': u'11.139.1.0/24', 'id': u'f08efaa0-732d-4eb7-a0f4-8893ce72f687', 'subnetpool_id': None}], 'binding:host_id': u'localhost.localdomain', 'description': u'', 'allowed_address_pairs': [], 'tags': [], 'extra_dhcp_opts': [], 'updated_at': '2018-06-30T04:45:46Z', 'device_owner': u'network:router_interface', 'revision_number': 7, 'port_security_enabled': False, 'binding:profile': {}, 'mtu': 1450, 'fixed_ips': [{'subnet_id': u'f08efaa0-732d-4eb7-a0f4-8893ce72f687', 'prefixlen': 24, 'ip_address': u'11.139.1.1'}], 'id': u'b4002a33-7e28-439d-907c-830834e59cf1', 'security_groups': [], 'device_id': u'9dc58a54-753e-46b8-b720-dea8029947e8', 'name': u'', 'admin_state_up': True, 'network_id': u'c988e9c3-9853-45ad-81b3-ae7ceb4535f6', 'tenant_id': u'a08900af71b04bb8a532d2c788cdd07a', 'binding:vif_details': {u'port_filter': True, u'datapath_type': u'system', u'ovs_hybrid_plug': True}, 'address_scopes': {4: None, 6: None}, 'binding:vnic_type': u'normal', 'binding:vif_type': u'ovs', 'mac_address': u'fa:16:3e:1a:c2:f6', 'project_id': u'a08900af71b04bb8a532d2c788cdd07a', 'extra_subnets': [], 'created_at': '2018-06-30T04:45:38Z'}], 'enable_snat': True, 'ha_vr_id': 0, 'description': u'', 'tags': [], 'gw_port': {'status': u'ACTIVE', 'subnets': [{'dns_nameservers': [], 'ipv6_ra_mode': None, 'gateway_ip': u'172.24.4.1', 'cidr': u'172.24.4.0/24', 'id': u'482aeca8-a24a-4c41-a222-a086cb79ba31', 'subnetpool_id': None}], 'binding:host_id': u'localhost.localdomain', 'description': u'', 'allowed_address_pairs': [], 'tags': [], 'extra_dhcp_opts': [], 'updated_at': '2018-06-30T04:45:56Z', 'device_owner': u'network:router_gateway', 'revision_number': 6, 'port_security_enabled': False, 'binding:profile': {}, 'mtu': 1500, 'fixed_ips': [{'subnet_id': u'482aeca8-a24a-4c41-a222-a086cb79ba31', 'prefixlen': 24, 'ip_address': u'172.24.4.2'}], 'id': u'bed57328-9f3f-4fa3-b00a-b20db3de01cc', 'security_groups': [], 'device_id': u'9dc58a54-753e-46b8-b720-dea8029947e8', 'name': u'', 'admin_state_up': True, 'network_id': u'2ce34dd7-df32-4a77-980f-3c1215fa4847', 'tenant_id': u'', 'binding:vif_details': {u'port_filter': True, u'datapath_type': u'system', u'ovs_hybrid_plug': True}, 'address_scopes': {4: None, 6: None}, 'binding:vnic_type': u'normal', 'binding:vif_type': u'ovs', 'mac_address': u'fa:16:3e:e0:28:20', 'project_id': u'', 'extra_subnets': [], 'created_at': '2018-06-30T04:45:49Z'}, 'updated_at': '2018-06-30T04:45:51Z', 'revision_number': 4, 'ha': False, 'id': u'9dc58a54-753e-46b8-b720-dea8029947e8', 'gw_port_host': u'localhost.localdomain', 'external_gateway_info': {'network_id': u'2ce34dd7-df32-4a77-980f-3c1215fa4847', 'enable_snat': True, 'external_fixed_ips': [{'subnet_id': u'482aeca8-a24a-4c41-a222-a086cb79ba31', 'ip_address': u'172.24.4.2'}]}, 'availability_zone_hints': [], 'availability_zones': [u'nova'], 'name': u'tempest-router-1530333774', 'gw_port_id': u'bed57328-9f3f-4fa3-b00a-b20db3de01cc', 'admin_state_up': True, 'tenant_id': u'a08900af71b04bb8a532d2c788cdd07a', 'created_at': '2018-06-30T04:45:18Z', 'distributed': False, 'flavor_id': None, 'routes': [], 'project_id': u'a08900af71b04bb8a532d2c788cdd07a', '_floatingips': [{'router_id': u'9dc58a54-753e-46b8-b720-dea8029947e8', 'status': u'DOWN', 'description': u'', 'tags': [], 'updated_at': '2018-06-30T04:47:08Z', 'dns_domain': '', 'floating_network_id': u'2ce34dd7-df32-4a77-980f-3c1215fa4847', 'fixed_ip_address': u'11.139.1.6', 'floating_ip_address': u'172.24.4.12', 'revision_number': 1, 'port_id': u'eaad51ba-6afa-4dd8-8b60-b8fc47c92ef1', 'id': u'3bd01260-fa94-4172-ade6-8a9b9c947a37', 'dns_name': '', 'created_at': '2018-06-30T04:46:50Z', 'tenant_id': u'a08900af71b04bb8a532d2c788cdd07a', 'fixed_ip_address_scope': None, 'project_id': u'a08900af71b04bb8a532d2c788cdd07a'}]}], u'localhost.localdomain', False) {} wrapper /usr/lib/python2.7/site-packages/oslo_log/helpers.py:66
2018-06-30 06:47:10.375 7950 DEBUG neutron.api.rpc.handlers.l3_rpc [req-718edd39-3bcf-4a5c-b2cc-daf390240bdf - - - - -] Checking router: 9dc58a54-753e-46b8-b720-dea8029947e8 for host: localhost.localdomain _ensure_host_set_on_ports /usr/lib/python2.7/site-packages/neutron/api/rpc/handlers/l3_rpc.py:135
2018-06-30 06:47:10.565 7942 DEBUG novaclient.v2.client [-] REQ: curl -g -i -X POST http://10.0.20.22:8774/v2.1/e3731f8202904eebb3e6658e91a6b0b5/os-server-external-events -H "User-Agent: python-novaclient" -H "Content-Type: application/json" -H "Accept: application/json" -H "X-OpenStack-Nova-API-Version: 2.1" -H "X-Auth-Token: {SHA1}21ceb31e2e2583d0939c93a3d979d521164fa089" -d '{"events": [{"tag": "eaad51ba-6afa-4dd8-8b60-b8fc47c92ef1", "name": "network-changed", "server_uuid": "9d7825d7-9b88-4ab4-b78c-2863bcb5ae26"}]}' _http_log_request /usr/lib/python2.7/site-packages/keystoneauth1/session.py:375
2018-06-30 06:47:10.791 7954 DEBUG neutron.api.rpc.handlers.l3_rpc [req-615b196b-a87f-41c0-8e9f-75860379a20f - - - - -] New status for floating IP 3bd01260-fa94-4172-ade6-8a9b9c947a37: ACTIVE update_floatingip_statuses /usr/lib/python2.7/site-packages/neutron/api/rpc/handlers/l3_rpc.py:252
2018-06-30 06:47:11.420 7942 INFO neutron.wsgi [req-959e78d5-d776-4545-b9d5-e16839cd8293 8d51c6595f7b4b648f3775454a985b0c e3731f8202904eebb3e6658e91a6b0b5 - default default] 10.0.20.22 "GET /v2.0/ports?tenant_id=a08900af71b04bb8a532d2c788cdd07a&device_id=9d7825d7-9b88-4ab4-b78c-2863bcb5ae26 HTTP/1.1" status: 200  len: 1124 time: 0.7168031
2018-06-30 06:47:11.794 7942 DEBUG novaclient.v2.client [-] RESP: [200] Content-Length: 179 Content-Type: application/json Openstack-Api-Version: compute 2.1 X-Openstack-Nova-Api-Version: 2.1 Vary: OpenStack-API-Version, X-OpenStack-Nova-API-Version X-Openstack-Request-Id: req-3d507cf4-4e8b-494c-af69-99a2da6ff361 X-Compute-Request-Id: req-3d507cf4-4e8b-494c-af69-99a2da6ff361 Date: Sat, 30 Jun 2018 04:47:11 GMT Connection: keep-alive 
RESP BODY: {"events": [{"status": "completed", "tag": "eaad51ba-6afa-4dd8-8b60-b8fc47c92ef1", "name": "network-changed", "server_uuid": "9d7825d7-9b88-4ab4-b78c-2863bcb5ae26", "code": 200}]}
 _http_log_response /usr/lib/python2.7/site-packages/keystoneauth1/session.py:423
2018-06-30 06:47:11.794 7942 DEBUG novaclient.v2.client [-] POST call to compute for http://10.0.20.22:8774/v2.1/e3731f8202904eebb3e6658e91a6b0b5/os-server-external-events used request id req-3d507cf4-4e8b-494c-af69-99a2da6ff361 request /usr/lib/python2.7/site-packages/keystoneauth1/session.py:727
2018-06-30 06:47:11.813 7942 INFO neutron.notifiers.nova [-] Nova event response: {u'status': u'completed', u'tag': u'eaad51ba-6afa-4dd8-8b60-b8fc47c92ef1', u'name': u'network-changed', u'server_uuid': u'9d7825d7-9b88-4ab4-b78c-2863bcb5ae26', u'code': 200}
2018-06-30 06:47:11.819 7942 DEBUG neutron.pecan_wsgi.hooks.policy_enforcement [req-327673ff-4647-44c8-bc7f-740e3e87e06d 8d51c6595f7b4b648f3775454a985b0c e3731f8202904eebb3e6658e91a6b0b5 - default default] Attributes excluded by policy engine: [u'vlan_transparent'] _exclude_attributes_by_policy /usr/lib/python2.7/site-packages/neutron/pecan_wsgi/hooks/policy_enforcement.py:256
2018-06-30 06:47:11.823 7942 INFO neutron.wsgi [req-327673ff-4647-44c8-bc7f-740e3e87e06d 8d51c6595f7b4b648f3775454a985b0c e3731f8202904eebb3e6658e91a6b0b5 - default default] 10.0.20.22 "GET /v2.0/networks?id=c988e9c3-9853-45ad-81b3-ae7ceb4535f6 HTTP/1.1" status: 200  len: 885 time: 0.3952019
2018-06-30 06:47:11.884 7942 INFO neutron.wsgi [req-1af9ff9b-d17e-4e85-81e1-edc42dc2e81e 8d51c6595f7b4b648f3775454a985b0c e3731f8202904eebb3e6658e91a6b0b5 - default default] 10.0.20.22 "GET /v2.0/floatingips?fixed_ip_address=11.139.1.6&port_id=eaad51ba-6afa-4dd8-8b60-b8fc47c92ef1 HTTP/1.1" status: 200  len: 751 time: 0.0560300
2018-06-30 06:47:11.967 7938 INFO neutron.wsgi [req-31c37ab0-8a67-4750-bb63-85ffb8febd29 8d51c6595f7b4b648f3775454a985b0c e3731f8202904eebb3e6658e91a6b0b5 - default default] 10.0.20.22 "GET /v2.0/ports?tenant_id=a08900af71b04bb8a532d2c788cdd07a&device_id=9d7825d7-9b88-4ab4-b78c-2863bcb5ae26 HTTP/1.1" status: 200  len: 1124 time: 0.1390910
2018-06-30 06:47:12.044 7942 DEBUG neutron.pecan_wsgi.hooks.policy_enforcement [req-31cc6001-ebfb-4236-8043-06e9fa0373fa 8d51c6595f7b4b648f3775454a985b0c e3731f8202904eebb3e6658e91a6b0b5 - default default] Attributes excluded by policy engine: [u'shared'] _exclude_attributes_by_policy /usr/lib/python2.7/site-packages/neutron/pecan_wsgi/hooks/policy_enforcement.py:256
2018-06-30 06:47:12.047 7942 INFO neutron.wsgi [req-31cc6001-ebfb-4236-8043-06e9fa0373fa 8d51c6595f7b4b648f3775454a985b0c e3731f8202904eebb3e6658e91a6b0b5 - default default] 10.0.20.22 "GET /v2.0/subnets?id=f08efaa0-732d-4eb7-a0f4-8893ce72f687 HTTP/1.1" status: 200  len: 847 time: 0.1532600
2018-06-30 06:47:12.205 7942 INFO neutron.wsgi [req-765d1834-743e-496c-94fb-ead6e4662ef4 8d51c6595f7b4b648f3775454a985b0c e3731f8202904eebb3e6658e91a6b0b5 - default default] 10.0.20.22 "GET /v2.0/ports?network_id=c988e9c3-9853-45ad-81b3-ae7ceb4535f6&device_owner=network%3Adhcp HTTP/1.1" status: 200  len: 1128 time: 0.1509261
2018-06-30 06:47:12.649 7938 DEBUG neutron.pecan_wsgi.hooks.policy_enforcement [req-1fc09925-742f-45d3-9eec-e7702bbbd8ec 8d51c6595f7b4b648f3775454a985b0c e3731f8202904eebb3e6658e91a6b0b5 - default default] Attributes excluded by policy engine: [u'vlan_transparent'] _exclude_attributes_by_policy /usr/lib/python2.7/site-packages/neutron/pecan_wsgi/hooks/policy_enforcement.py:256
2018-06-30 06:47:12.657 7938 INFO neutron.wsgi [req-1fc09925-742f-45d3-9eec-e7702bbbd8ec 8d51c6595f7b4b648f3775454a985b0c e3731f8202904eebb3e6658e91a6b0b5 - default default] 10.0.20.22 "GET /v2.0/networks?id=c988e9c3-9853-45ad-81b3-ae7ceb4535f6 HTTP/1.1" status: 200  len: 885 time: 0.6840129
2018-06-30 06:47:12.716 7938 INFO neutron.wsgi [req-b2896ada-8cec-4bba-94b7-b06b46a5dd22 8d51c6595f7b4b648f3775454a985b0c e3731f8202904eebb3e6658e91a6b0b5 - default default] 10.0.20.22 "GET /v2.0/floatingips?fixed_ip_address=11.139.1.6&port_id=eaad51ba-6afa-4dd8-8b60-b8fc47c92ef1 HTTP/1.1" status: 200  len: 751 time: 0.0576990
