2018-06-28 20:20:05.251 17308 DEBUG neutron.notifiers.nova [-] Sending events: [{'tag': u'ff870573-63cb-4804-acc7-3912a6976968', 'name': 'network-changed', 'server_uuid': u'f0c90eae-c273-4cd0-b995-8173f244d585'}] send_events /usr/lib/python2.7/site-packages/neutron/notifiers/nova.py:242
2018-06-28 20:20:05.800 17317 DEBUG neutron_lib.callbacks.manager [req-50645afa-62a1-4458-bbc1-b70252dae687 - - - - -] Notify callbacks ['neutron.services.segments.db._update_segment_host_mapping_for_agent-8727634984016'] for agent, after_update _notify_loop /usr/lib/python2.7/site-packages/neutron_lib/callbacks/manager.py:167
2018-06-28 20:20:05.969 17320 DEBUG neutron.db.l3_hamode_db [req-01c49c5c-aab9-4aa7-8e41-df5ca238791c - - - - -] neutron.services.l3_router.l3_router_plugin.L3RouterPlugin method _process_sync_ha_data called with arguments (<neutron_lib.context.Context object at 0x7f00f83e5690>, [{'status': u'ACTIVE', '_interfaces': [{'status': u'ACTIVE', 'subnets': [{'dns_nameservers': [u'8.8.4.4'], 'ipv6_ra_mode': None, 'gateway_ip': u'11.109.1.1', 'cidr': u'11.109.1.0/24', 'id': u'e23a3a3b-fbfb-4774-85dd-b5b377da0d29', 'subnetpool_id': None}], 'binding:host_id': u'localhost.localdomain', 'description': u'', 'allowed_address_pairs': [], 'tags': [], 'extra_dhcp_opts': [], 'updated_at': '2018-06-28T18:15:32Z', 'device_owner': u'network:router_interface', 'revision_number': 7, 'port_security_enabled': False, 'binding:profile': {}, 'mtu': 1450, 'fixed_ips': [{'subnet_id': u'e23a3a3b-fbfb-4774-85dd-b5b377da0d29', 'prefixlen': 24, 'ip_address': u'11.109.1.1'}], 'id': u'd1be3645-fe8b-4b51-877c-0076962eaa60', 'security_groups': [], 'device_id': u'39378dc7-5b21-448f-9a51-2b76edc4b9f0', 'name': u'', 'admin_state_up': True, 'network_id': u'6832068c-959c-410e-aee5-8173332018da', 'tenant_id': u'6f092460bc8347d098cbb6c742fd789a', 'binding:vif_details': {u'port_filter': True, u'datapath_type': u'system', u'ovs_hybrid_plug': True}, 'address_scopes': {4: None, 6: None}, 'binding:vnic_type': u'normal', 'binding:vif_type': u'ovs', 'mac_address': u'fa:16:3e:5b:8e:f3', 'project_id': u'6f092460bc8347d098cbb6c742fd789a', 'extra_subnets': [], 'created_at': '2018-06-28T18:15:22Z'}], 'enable_snat': True, 'ha_vr_id': 0, 'description': u'', 'tags': [], 'gw_port': {'status': u'ACTIVE', 'subnets': [{'dns_nameservers': [], 'ipv6_ra_mode': None, 'gateway_ip': u'172.24.4.1', 'cidr': u'172.24.4.0/24', 'id': u'42338adf-2e51-4eed-8e47-1b2f9d84cf85', 'subnetpool_id': None}], 'binding:host_id': u'localhost.localdomain', 'description': u'', 'allowed_address_pairs': [], 'tags': [], 'extra_dhcp_opts': [], 'updated_at': '2018-06-28T18:15:44Z', 'device_owner': u'network:router_gateway', 'revision_number': 6, 'port_security_enabled': False, 'binding:profile': {}, 'mtu': 1500, 'fixed_ips': [{'subnet_id': u'42338adf-2e51-4eed-8e47-1b2f9d84cf85', 'prefixlen': 24, 'ip_address': u'172.24.4.4'}], 'id': u'fc7fe733-4cc0-4c3b-9e6e-9fe31c3cae22', 'security_groups': [], 'device_id': u'39378dc7-5b21-448f-9a51-2b76edc4b9f0', 'name': u'', 'admin_state_up': True, 'network_id': u'badfb9c1-1612-4b74-9d18-206aaffd3895', 'tenant_id': u'', 'binding:vif_details': {u'port_filter': True, u'datapath_type': u'system', u'ovs_hybrid_plug': True}, 'address_scopes': {4: None, 6: None}, 'binding:vnic_type': u'normal', 'binding:vif_type': u'ovs', 'mac_address': u'fa:16:3e:66:a4:ad', 'project_id': u'', 'extra_subnets': [], 'created_at': '2018-06-28T18:15:37Z'}, 'updated_at': '2018-06-28T18:15:38Z', 'revision_number': 4, 'ha': False, 'id': u'39378dc7-5b21-448f-9a51-2b76edc4b9f0', 'gw_port_host': u'localhost.localdomain', 'external_gateway_info': {'network_id': u'badfb9c1-1612-4b74-9d18-206aaffd3895', 'enable_snat': True, 'external_fixed_ips': [{'subnet_id': u'42338adf-2e51-4eed-8e47-1b2f9d84cf85', 'ip_address': u'172.24.4.4'}]}, 'availability_zone_hints': [], 'availability_zones': [u'nova'], 'name': u'tempest-router-1530209531', 'gw_port_id': u'fc7fe733-4cc0-4c3b-9e6e-9fe31c3cae22', 'admin_state_up': True, 'tenant_id': u'6f092460bc8347d098cbb6c742fd789a', 'created_at': '2018-06-28T18:15:02Z', 'distributed': False, 'flavor_id': None, 'routes': [], 'project_id': u'6f092460bc8347d098cbb6c742fd789a'}], u'localhost.localdomain', False) {} wrapper /usr/lib/python2.7/site-packages/oslo_log/helpers.py:66
2018-06-28 20:20:05.985 17320 DEBUG neutron.api.rpc.handlers.l3_rpc [req-01c49c5c-aab9-4aa7-8e41-df5ca238791c - - - - -] Checking router: 39378dc7-5b21-448f-9a51-2b76edc4b9f0 for host: localhost.localdomain _ensure_host_set_on_ports /usr/lib/python2.7/site-packages/neutron/api/rpc/handlers/l3_rpc.py:135
2018-06-28 20:20:06.187 17324 DEBUG neutron.api.rpc.handlers.l3_rpc [req-49b87679-663f-4a5e-96ad-20b16f928711 - - - - -] New status for floating IP 7e0eafe0-3ea6-409c-84db-d4d49cebe791: DOWN update_floatingip_statuses /usr/lib/python2.7/site-packages/neutron/api/rpc/handlers/l3_rpc.py:252
2018-06-28 20:20:06.264 17308 DEBUG novaclient.v2.client [-] REQ: curl -g -i -X POST http://10.0.20.46:8774/v2.1/0ca3103c90a24980adf86a98ed1a7af3/os-server-external-events -H "User-Agent: python-novaclient" -H "Content-Type: application/json" -H "Accept: application/json" -H "X-OpenStack-Nova-API-Version: 2.1" -H "X-Auth-Token: {SHA1}2163d952c558728d96e7b924cb5128bcc58999e4" -d '{"events": [{"tag": "ff870573-63cb-4804-acc7-3912a6976968", "name": "network-changed", "server_uuid": "f0c90eae-c273-4cd0-b995-8173f244d585"}]}' _http_log_request /usr/lib/python2.7/site-packages/keystoneauth1/session.py:375
2018-06-28 20:20:06.929 17308 DEBUG novaclient.v2.client [-] RESP: [200] Content-Length: 179 Content-Type: application/json Openstack-Api-Version: compute 2.1 X-Openstack-Nova-Api-Version: 2.1 Vary: OpenStack-API-Version, X-OpenStack-Nova-API-Version X-Openstack-Request-Id: req-b7047a36-0dbe-4272-b7d0-90bd4caddfd3 X-Compute-Request-Id: req-b7047a36-0dbe-4272-b7d0-90bd4caddfd3 Date: Thu, 28 Jun 2018 18:20:06 GMT Connection: keep-alive 
RESP BODY: {"events": [{"status": "completed", "tag": "ff870573-63cb-4804-acc7-3912a6976968", "name": "network-changed", "server_uuid": "f0c90eae-c273-4cd0-b995-8173f244d585", "code": 200}]}
 _http_log_response /usr/lib/python2.7/site-packages/keystoneauth1/session.py:423
2018-06-28 20:20:06.929 17308 DEBUG novaclient.v2.client [-] POST call to compute for http://10.0.20.46:8774/v2.1/0ca3103c90a24980adf86a98ed1a7af3/os-server-external-events used request id req-b7047a36-0dbe-4272-b7d0-90bd4caddfd3 request /usr/lib/python2.7/site-packages/keystoneauth1/session.py:727
2018-06-28 20:20:06.942 17308 INFO neutron.notifiers.nova [-] Nova event response: {u'status': u'completed', u'tag': u'ff870573-63cb-4804-acc7-3912a6976968', u'name': u'network-changed', u'server_uuid': u'f0c90eae-c273-4cd0-b995-8173f244d585', u'code': 200}
2018-06-28 20:20:07.105 17309 INFO neutron.wsgi [req-12709929-02b7-4a48-adfc-8e7d03b54c43 655ab8e67d8e4ca680268ee96a43ee95 0ca3103c90a24980adf86a98ed1a7af3 - default default] 10.0.20.46 "GET /v2.0/ports?tenant_id=6f092460bc8347d098cbb6c742fd789a&device_id=f0c90eae-c273-4cd0-b995-8173f244d585 HTTP/1.1" status: 200  len: 1124 time: 0.1468599
2018-06-28 20:20:07.359 17309 DEBUG neutron.pecan_wsgi.hooks.policy_enforcement [req-e758b80a-b22b-4e40-bcb3-d7373b277913 655ab8e67d8e4ca680268ee96a43ee95 0ca3103c90a24980adf86a98ed1a7af3 - default default] Attributes excluded by policy engine: [u'vlan_transparent'] _exclude_attributes_by_policy /usr/lib/python2.7/site-packages/neutron/pecan_wsgi/hooks/policy_enforcement.py:256
2018-06-28 20:20:07.359 17328 DEBUG neutron.db.agents_db [req-bec5e814-fa32-47ce-bf2f-f532210dbb66 - - - - -] Agent healthcheck: found 5 active agents agent_health_check /usr/lib/python2.7/site-packages/neutron/db/agents_db.py:281
2018-06-28 20:20:07.362 17309 INFO neutron.wsgi [req-e758b80a-b22b-4e40-bcb3-d7373b277913 655ab8e67d8e4ca680268ee96a43ee95 0ca3103c90a24980adf86a98ed1a7af3 - default default] 10.0.20.46 "GET /v2.0/networks?id=6832068c-959c-410e-aee5-8173332018da HTTP/1.1" status: 200  len: 885 time: 0.2491760
2018-06-28 20:20:07.409 17309 INFO neutron.wsgi [req-5316059e-c298-43ca-91e2-d262ce7fb807 655ab8e67d8e4ca680268ee96a43ee95 0ca3103c90a24980adf86a98ed1a7af3 - default default] 10.0.20.46 "GET /v2.0/floatingips?fixed_ip_address=11.109.1.6&port_id=ff870573-63cb-4804-acc7-3912a6976968 HTTP/1.1" status: 200  len: 217 time: 0.0416598
2018-06-28 20:20:07.530 17309 DEBUG neutron.pecan_wsgi.hooks.policy_enforcement [req-be5dae47-355a-49e5-b83b-720b8d964aeb 655ab8e67d8e4ca680268ee96a43ee95 0ca3103c90a24980adf86a98ed1a7af3 - default default] Attributes excluded by policy engine: [u'shared'] _exclude_attributes_by_policy /usr/lib/python2.7/site-packages/neutron/pecan_wsgi/hooks/policy_enforcement.py:256
2018-06-28 20:20:07.533 17309 INFO neutron.wsgi [req-be5dae47-355a-49e5-b83b-720b8d964aeb 655ab8e67d8e4ca680268ee96a43ee95 0ca3103c90a24980adf86a98ed1a7af3 - default default] 10.0.20.46 "GET /v2.0/subnets?id=e23a3a3b-fbfb-4774-85dd-b5b377da0d29 HTTP/1.1" status: 200  len: 847 time: 0.1156850
2018-06-28 20:20:07.633 17309 INFO neutron.wsgi [req-cb6f8996-d913-4f46-81b8-dd7339392e68 655ab8e67d8e4ca680268ee96a43ee95 0ca3103c90a24980adf86a98ed1a7af3 - default default] 10.0.20.46 "GET /v2.0/ports?network_id=6832068c-959c-410e-aee5-8173332018da&device_owner=network%3Adhcp HTTP/1.1" status: 200  len: 1128 time: 0.0935829
2018-06-28 20:20:08.944 17308 DEBUG oslo_concurrency.lockutils [-] Lock "notifier-242b2d07-12ad-4afe-96ed-7569fa154160" released by "neutron.notifiers.batch_notifier.synced_send" :: held 3.693s inner /usr/lib/python2.7/site-packages/oslo_concurrency/lockutils.py:282
2018-06-28 20:20:10.775 17319 DEBUG neutron_lib.callbacks.manager [req-ce6b4cd7-3fe0-49b1-af58-56b665c52c43 - - - - -] Notify callbacks ['neutron.services.segments.db._update_segment_host_mapping_for_agent-8727634984016'] for agent, after_update _notify_loop /usr/lib/python2.7/site-packages/neutron_lib/callbacks/manager.py:167
2018-06-28 20:20:12.956 17309 INFO neutron.wsgi [req-ee996284-9f4e-42af-a01e-7f5500495559 6dc66ca5b9b04acabc59bdf6487de4e0 71ea52d094344aa8ab5e0e5b41870b26 - default default] 10.0.20.46 "GET /v2.0/ports?device_id=f0c90eae-c273-4cd0-b995-8173f244d585 HTTP/1.1" status: 200  len: 1124 time: 0.6809921
2018-06-28 20:20:13.137 17309 INFO neutron.wsgi [req-09ced0c3-ae74-4325-9ce0-5597bf33d602 6dc66ca5b9b04acabc59bdf6487de4e0 71ea52d094344aa8ab5e0e5b41870b26 - default default] 10.0.20.46 "GET /v2.0/security-groups?id=727b9a4a-1fbc-495c-944d-cab768b2cdbe HTTP/1.1" status: 200  len: 2118 time: 0.1712208
2018-06-28 20:20:22.018 17308 INFO neutron.wsgi [req-7c3a0bd6-000c-4fde-a22e-6300f407ac17 6dc66ca5b9b04acabc59bdf6487de4e0 71ea52d094344aa8ab5e0e5b41870b26 - default default] 10.0.20.46 "GET /v2.0/ports?device_id=f0c90eae-c273-4cd0-b995-8173f244d585 HTTP/1.1" status: 200  len: 1124 time: 0.7601070
2018-06-28 20:20:22.179 17308 INFO neutron.wsgi [req-c89fb489-b4bb-42e8-9864-6d1ce80db63d 6dc66ca5b9b04acabc59bdf6487de4e0 71ea52d094344aa8ab5e0e5b41870b26 - default default] 10.0.20.46 "GET /v2.0/security-groups?id=727b9a4a-1fbc-495c-944d-cab768b2cdbe HTTP/1.1" status: 200  len: 2118 time: 0.1505291
2018-06-28 20:20:24.124 17320 DEBUG neutron.plugins.ml2.rpc [req-ce6b4cd7-3fe0-49b1-af58-56b665c52c43 - - - - -] Device ff870573-63cb-4804-acc7-3912a6976968 no longer exists at agent ovs-agent-localhost.localdomain update_device_down /usr/lib/python2.7/site-packages/neutron/plugins/ml2/rpc.py:213
2018-06-28 20:20:24.725 17320 DEBUG neutron_lib.callbacks.manager [req-ce6b4cd7-3fe0-49b1-af58-56b665c52c43 - - - - -] Notify callbacks ['neutron.plugins.ml2.plugin.Ml2Plugin._ensure_default_security_group_handler--9223372036854402934'] for port, before_update _notify_loop /usr/lib/python2.7/site-packages/neutron_lib/callbacks/manager.py:167
2018-06-28 20:20:24.770 17309 INFO neutron.wsgi [req-af1efb1c-e032-4966-80fc-abe1ae227af0 6dc66ca5b9b04acabc59bdf6487de4e0 71ea52d094344aa8ab5e0e5b41870b26 - default default] 10.0.20.46 "GET /v2.0/ports?device_id=f0c90eae-c273-4cd0-b995-8173f244d585 HTTP/1.1" status: 200  len: 1124 time: 0.5973680
2018-06-28 20:20:24.824 17320 DEBUG oslo_concurrency.lockutils [-] Lock "notifier-242b2d07-12ad-4afe-96ed-7569fa154160" acquired by "neutron.notifiers.batch_notifier.synced_send" :: waited 0.000s inner /usr/lib/python2.7/site-packages/oslo_concurrency/lockutils.py:270
2018-06-28 20:20:24.825 17320 DEBUG neutron.notifiers.nova [-] Sending events: [{'status': 'completed', 'tag': u'ff870573-63cb-4804-acc7-3912a6976968', 'name': 'network-vif-unplugged', 'server_uuid': u'f0c90eae-c273-4cd0-b995-8173f244d585'}] send_events /usr/lib/python2.7/site-packages/neutron/notifiers/nova.py:242
2018-06-28 20:20:24.833 17320 DEBUG novaclient.v2.client [-] REQ: curl -g -i -X POST http://10.0.20.46:8774/v2.1/0ca3103c90a24980adf86a98ed1a7af3/os-server-external-events -H "User-Agent: python-novaclient" -H "Content-Type: application/json" -H "Accept: application/json" -H "X-OpenStack-Nova-API-Version: 2.1" -H "X-Auth-Token: {SHA1}d5eda402a24ac7947dccc7e97636d59121137f63" -d '{"events": [{"status": "completed", "tag": "ff870573-63cb-4804-acc7-3912a6976968", "name": "network-vif-unplugged", "server_uuid": "f0c90eae-c273-4cd0-b995-8173f244d585"}]}' _http_log_request /usr/lib/python2.7/site-packages/keystoneauth1/session.py:375
2018-06-28 20:20:24.839 17320 DEBUG neutron.plugins.ml2.db [req-ce6b4cd7-3fe0-49b1-af58-56b665c52c43 - - - - -] For port ff870573-63cb-4804-acc7-3912a6976968, host localhost.localdomain, got binding levels [<neutron.plugins.ml2.models.PortBindingLevel[object at 7f00f8903a50] {port_id=u'ff870573-63cb-4804-acc7-3912a6976968', host=u'localhost.localdomain', level=0, driver=u'openvswitch', segment_id=u'6224c3ac-4517-4e02-b757-e240493f9621'}>] get_binding_levels /usr/lib/python2.7/site-packages/neutron/plugins/ml2/db.py:106
2018-06-28 20:20:24.874 17320 DEBUG neutron_lib.callbacks.manager [req-ce6b4cd7-3fe0-49b1-af58-56b665c52c43 - - - - -] Notify callbacks ['neutron.plugins.ml2.ovo_rpc._ObjectChangeHandler.handle_event-1528324', 'neutron.plugins.ml2.plugin.Ml2Plugin.notify_sg_on_port_change-372991', 'neutron.api.rpc.agentnotifiers.dhcp_rpc_agent_api.DhcpAgentNotifyAPI._native_event_send_dhcp_notification--9223372036853350923', 'neutron.db.l3_dvrscheduler_db._notify_l3_agent_port_update-8727634622920', 'neutron.db.l3_hascheduler_db._notify_l3_agent_ha_port_update--9223363309220152549'] for port, after_update _notify_loop /usr/lib/python2.7/site-packages/neutron_lib/callbacks/manager.py:167
2018-06-28 20:20:24.883 17320 DEBUG oslo_concurrency.lockutils [-] Lock "event-dispatch" acquired by "neutron.plugins.ml2.ovo_rpc.dispatch_events" :: waited 0.000s inner /usr/lib/python2.7/site-packages/oslo_concurrency/lockutils.py:270
2018-06-28 20:20:25.051 17320 DEBUG neutron.api.rpc.handlers.resources_rpc [req-ce6b4cd7-3fe0-49b1-af58-56b665c52c43 - - - - -] neutron.api.rpc.handlers.resources_rpc.ResourcesPushRpcApi method push called with arguments (<neutron_lib.context.Context object at 0x7f00f8775cd0>, [Port(admin_state_up=True,allowed_address_pairs=[],binding=PortBinding,binding_levels=[PortBindingLevel],created_at=2018-06-28T18:16:02Z,data_plane_status=<?>,description='',device_id='f0c90eae-c273-4cd0-b995-8173f244d585',device_owner='compute:nova',dhcp_options=[],distributed_binding=None,dns=None,fixed_ips=[IPAllocation],id=ff870573-63cb-4804-acc7-3912a6976968,mac_address=fa:16:3e:b6:e3:f4,name='',network_id=6832068c-959c-410e-aee5-8173332018da,project_id='6f092460bc8347d098cbb6c742fd789a',qos_policy_id=None,revision_number=9,security=PortSecurity(ff870573-63cb-4804-acc7-3912a6976968),security_group_ids=set([727b9a4a-1fbc-495c-944d-cab768b2cdbe]),status='DOWN',updated_at=2018-06-28T18:20:24Z)], 'updated') {} wrapper /usr/lib/python2.7/site-packages/oslo_log/helpers.py:66
2018-06-28 20:20:25.068 17320 DEBUG neutron.api.rpc.callbacks.version_manager [req-ce6b4cd7-3fe0-49b1-af58-56b665c52c43 - - - - -] Version for resource type Subnet changed None to 1.0 on consumer Open vSwitch agent@localhost.localdomain _set_version /usr/lib/python2.7/site-packages/neutron/api/rpc/callbacks/version_manager.py:119
2018-06-28 20:20:25.069 17320 DEBUG neutron.api.rpc.callbacks.version_manager [req-ce6b4cd7-3fe0-49b1-af58-56b665c52c43 - - - - -] Version for resource type Network changed None to 1.0 on consumer Open vSwitch agent@localhost.localdomain _set_version /usr/lib/python2.7/site-packages/neutron/api/rpc/callbacks/version_manager.py:119
2018-06-28 20:20:25.070 17320 DEBUG neutron.api.rpc.callbacks.version_manager [req-ce6b4cd7-3fe0-49b1-af58-56b665c52c43 - - - - -] Version for resource type SubPort changed None to 1.0 on consumer Open vSwitch agent@localhost.localdomain _set_version /usr/lib/python2.7/site-packages/neutron/api/rpc/callbacks/version_manager.py:119
2018-06-28 20:20:25.070 17320 DEBUG neutron.api.rpc.callbacks.version_manager [req-ce6b4cd7-3fe0-49b1-af58-56b665c52c43 - - - - -] Version for resource type SecurityGroup changed None to 1.0 on consumer Open vSwitch agent@localhost.localdomain _set_version /usr/lib/python2.7/site-packages/neutron/api/rpc/callbacks/version_manager.py:119
2018-06-28 20:20:25.071 17320 DEBUG neutron.api.rpc.callbacks.version_manager [req-ce6b4cd7-3fe0-49b1-af58-56b665c52c43 - - - - -] Version for resource type SecurityGroupRule changed None to 1.0 on consumer Open vSwitch agent@localhost.localdomain _set_version /usr/lib/python2.7/site-packages/neutron/api/rpc/callbacks/version_manager.py:119
2018-06-28 20:20:25.072 17320 DEBUG neutron.api.rpc.callbacks.version_manager [req-ce6b4cd7-3fe0-49b1-af58-56b665c52c43 - - - - -] Version for resource type Trunk changed None to 1.1 on consumer Open vSwitch agent@localhost.localdomain _set_version /usr/lib/python2.7/site-packages/neutron/api/rpc/callbacks/version_manager.py:119
2018-06-28 20:20:25.073 17320 DEBUG neutron.api.rpc.callbacks.version_manager [req-ce6b4cd7-3fe0-49b1-af58-56b665c52c43 - - - - -] Version for resource type QosPolicy changed None to 1.6 on consumer Open vSwitch agent@localhost.localdomain _set_version /usr/lib/python2.7/site-packages/neutron/api/rpc/callbacks/version_manager.py:119
2018-06-28 20:20:25.073 17320 DEBUG neutron.api.rpc.callbacks.version_manager [req-ce6b4cd7-3fe0-49b1-af58-56b665c52c43 - - - - -] Version for resource type Port changed None to 1.1 on consumer Open vSwitch agent@localhost.localdomain _set_version /usr/lib/python2.7/site-packages/neutron/api/rpc/callbacks/version_manager.py:119
2018-06-28 20:20:25.074 17320 DEBUG neutron.api.rpc.callbacks.version_manager [req-ce6b4cd7-3fe0-49b1-af58-56b665c52c43 - - - - -] Version for resource type Log changed None to 1.0 on consumer Open vSwitch agent@localhost.localdomain _set_version /usr/lib/python2.7/site-packages/neutron/api/rpc/callbacks/version_manager.py:119
2018-06-28 20:20:25.091 17320 DEBUG oslo_concurrency.lockutils [req-ce6b4cd7-3fe0-49b1-af58-56b665c52c43 - - - - -] Lock "event-dispatch" released by "neutron.plugins.ml2.ovo_rpc.dispatch_events" :: held 0.208s inner /usr/lib/python2.7/site-packages/oslo_concurrency/lockutils.py:282
2018-06-28 20:20:25.175 17309 DEBUG neutron.plugins.ml2.plugin [req-bcb505c0-5966-44ea-8de7-b9d8c0338265 6dc66ca5b9b04acabc59bdf6487de4e0 71ea52d094344aa8ab5e0e5b41870b26 - default default] Deleting port ff870573-63cb-4804-acc7-3912a6976968 _pre_delete_port /usr/lib/python2.7/site-packages/neutron/plugins/ml2/plugin.py:1488
2018-06-28 20:20:25.177 17309 DEBUG neutron_lib.callbacks.manager [req-bcb505c0-5966-44ea-8de7-b9d8c0338265 6dc66ca5b9b04acabc59bdf6487de4e0 71ea52d094344aa8ab5e0e5b41870b26 - default default] Notify callbacks ['neutron.db.l3_db._prevent_l3_port_delete_callback--9223363309219584500'] for port, before_delete _notify_loop /usr/lib/python2.7/site-packages/neutron_lib/callbacks/manager.py:167
2018-06-28 20:20:25.642 17309 DEBUG neutron.plugins.ml2.db [req-bcb505c0-5966-44ea-8de7-b9d8c0338265 6dc66ca5b9b04acabc59bdf6487de4e0 71ea52d094344aa8ab5e0e5b41870b26 - default default] For port ff870573-63cb-4804-acc7-3912a6976968, host localhost.localdomain, got binding levels [<neutron.plugins.ml2.models.PortBindingLevel[object at 7f00f7dcfa50] {port_id=u'ff870573-63cb-4804-acc7-3912a6976968', host=u'localhost.localdomain', level=0, driver=u'openvswitch', segment_id=u'6224c3ac-4517-4e02-b757-e240493f9621'}>] get_binding_levels /usr/lib/python2.7/site-packages/neutron/plugins/ml2/db.py:106
2018-06-28 20:20:25.685 17309 DEBUG neutron.plugins.ml2.plugin [req-bcb505c0-5966-44ea-8de7-b9d8c0338265 6dc66ca5b9b04acabc59bdf6487de4e0 71ea52d094344aa8ab5e0e5b41870b26 - default default] Calling delete_port for ff870573-63cb-4804-acc7-3912a6976968 owned by compute:nova delete_port /usr/lib/python2.7/site-packages/neutron/plugins/ml2/plugin.py:1547
2018-06-28 20:20:25.840 17320 DEBUG novaclient.v2.client [-] RESP: [200] Content-Length: 185 Content-Type: application/json Openstack-Api-Version: compute 2.1 X-Openstack-Nova-Api-Version: 2.1 Vary: OpenStack-API-Version, X-OpenStack-Nova-API-Version X-Openstack-Request-Id: req-c7459825-ce3f-4d48-bb87-1539ff31dbef X-Compute-Request-Id: req-c7459825-ce3f-4d48-bb87-1539ff31dbef Date: Thu, 28 Jun 2018 18:20:25 GMT Connection: keep-alive 
RESP BODY: {"events": [{"status": "completed", "tag": "ff870573-63cb-4804-acc7-3912a6976968", "name": "network-vif-unplugged", "server_uuid": "f0c90eae-c273-4cd0-b995-8173f244d585", "code": 200}]}
 _http_log_response /usr/lib/python2.7/site-packages/keystoneauth1/session.py:423
2018-06-28 20:20:25.841 17320 DEBUG novaclient.v2.client [-] POST call to compute for http://10.0.20.46:8774/v2.1/0ca3103c90a24980adf86a98ed1a7af3/os-server-external-events used request id req-c7459825-ce3f-4d48-bb87-1539ff31dbef request /usr/lib/python2.7/site-packages/keystoneauth1/session.py:727
2018-06-28 20:20:25.848 17320 INFO neutron.notifiers.nova [-] Nova event response: {u'status': u'completed', u'tag': u'ff870573-63cb-4804-acc7-3912a6976968', u'name': u'network-vif-unplugged', u'server_uuid': u'f0c90eae-c273-4cd0-b995-8173f244d585', u'code': 200}
2018-06-28 20:20:25.995 17309 DEBUG neutron_lib.callbacks.manager [req-bcb505c0-5966-44ea-8de7-b9d8c0338265 6dc66ca5b9b04acabc59bdf6487de4e0 71ea52d094344aa8ab5e0e5b41870b26 - default default] Notify callbacks ['neutron.plugins.ml2.ovo_rpc._ObjectChangeHandler.handle_event-1528324', 'neutron.db.l3_db._notify_routers_callback--9223363309219613218', 'neutron.plugins.ml2.plugin.Ml2Plugin.notify_sg_on_port_change-372991', 'neutron.api.rpc.agentnotifiers.dhcp_rpc_agent_api.DhcpAgentNotifyAPI._native_event_send_dhcp_notification--9223372036853350923', 'neutron.db.l3_dvrscheduler_db._notify_port_delete--9223363309220152896'] for port, after_delete _notify_loop /usr/lib/python2.7/site-packages/neutron_lib/callbacks/manager.py:167
2018-06-28 20:20:26.006 17309 DEBUG oslo_concurrency.lockutils [-] Lock "event-dispatch" acquired by "neutron.plugins.ml2.ovo_rpc.dispatch_events" :: waited 0.000s inner /usr/lib/python2.7/site-packages/oslo_concurrency/lockutils.py:270
2018-06-28 20:20:26.076 17309 DEBUG neutron.api.rpc.handlers.resources_rpc [req-bcb505c0-5966-44ea-8de7-b9d8c0338265 6dc66ca5b9b04acabc59bdf6487de4e0 71ea52d094344aa8ab5e0e5b41870b26 - - -] neutron.api.rpc.handlers.resources_rpc.ResourcesPushRpcApi method push called with arguments (<neutron_lib.context.Context object at 0x7f00f7dcf4d0>, [Port(admin_state_up=<?>,allowed_address_pairs=<?>,binding=<?>,binding_levels=<?>,created_at=<?>,data_plane_status=<?>,description=<?>,device_id=<?>,device_owner=<?>,dhcp_options=<?>,distributed_binding=<?>,dns=<?>,fixed_ips=<?>,id=ff870573-63cb-4804-acc7-3912a6976968,mac_address=<?>,name=<?>,network_id=<?>,project_id=<?>,qos_policy_id=None,revision_number=<?>,security=<?>,security_group_ids=None,status=<?>,updated_at=<?>)], 'deleted') {} wrapper /usr/lib/python2.7/site-packages/oslo_log/helpers.py:66
2018-06-28 20:20:26.172 17309 DEBUG neutron.api.rpc.callbacks.version_manager [req-bcb505c0-5966-44ea-8de7-b9d8c0338265 6dc66ca5b9b04acabc59bdf6487de4e0 71ea52d094344aa8ab5e0e5b41870b26 - - -] Version for resource type Subnet changed None to 1.0 on consumer Open vSwitch agent@localhost.localdomain _set_version /usr/lib/python2.7/site-packages/neutron/api/rpc/callbacks/version_manager.py:119
2018-06-28 20:20:26.173 17309 DEBUG neutron.api.rpc.callbacks.version_manager [req-bcb505c0-5966-44ea-8de7-b9d8c0338265 6dc66ca5b9b04acabc59bdf6487de4e0 71ea52d094344aa8ab5e0e5b41870b26 - - -] Version for resource type Network changed None to 1.0 on consumer Open vSwitch agent@localhost.localdomain _set_version /usr/lib/python2.7/site-packages/neutron/api/rpc/callbacks/version_manager.py:119
2018-06-28 20:20:26.174 17309 DEBUG neutron.api.rpc.callbacks.version_manager [req-bcb505c0-5966-44ea-8de7-b9d8c0338265 6dc66ca5b9b04acabc59bdf6487de4e0 71ea52d094344aa8ab5e0e5b41870b26 - - -] Version for resource type SubPort changed None to 1.0 on consumer Open vSwitch agent@localhost.localdomain _set_version /usr/lib/python2.7/site-packages/neutron/api/rpc/callbacks/version_manager.py:119
2018-06-28 20:20:26.174 17309 DEBUG neutron.api.rpc.callbacks.version_manager [req-bcb505c0-5966-44ea-8de7-b9d8c0338265 6dc66ca5b9b04acabc59bdf6487de4e0 71ea52d094344aa8ab5e0e5b41870b26 - - -] Version for resource type SecurityGroup changed None to 1.0 on consumer Open vSwitch agent@localhost.localdomain _set_version /usr/lib/python2.7/site-packages/neutron/api/rpc/callbacks/version_manager.py:119
2018-06-28 20:20:26.175 17309 DEBUG neutron.api.rpc.callbacks.version_manager [req-bcb505c0-5966-44ea-8de7-b9d8c0338265 6dc66ca5b9b04acabc59bdf6487de4e0 71ea52d094344aa8ab5e0e5b41870b26 - - -] Version for resource type SecurityGroupRule changed None to 1.0 on consumer Open vSwitch agent@localhost.localdomain _set_version /usr/lib/python2.7/site-packages/neutron/api/rpc/callbacks/version_manager.py:119
2018-06-28 20:20:26.175 17309 DEBUG neutron.api.rpc.callbacks.version_manager [req-bcb505c0-5966-44ea-8de7-b9d8c0338265 6dc66ca5b9b04acabc59bdf6487de4e0 71ea52d094344aa8ab5e0e5b41870b26 - - -] Version for resource type Trunk changed None to 1.1 on consumer Open vSwitch agent@localhost.localdomain _set_version /usr/lib/python2.7/site-packages/neutron/api/rpc/callbacks/version_manager.py:119
2018-06-28 20:20:26.175 17309 DEBUG neutron.api.rpc.callbacks.version_manager [req-bcb505c0-5966-44ea-8de7-b9d8c0338265 6dc66ca5b9b04acabc59bdf6487de4e0 71ea52d094344aa8ab5e0e5b41870b26 - - -] Version for resource type QosPolicy changed None to 1.6 on consumer Open vSwitch agent@localhost.localdomain _set_version /usr/lib/python2.7/site-packages/neutron/api/rpc/callbacks/version_manager.py:119
2018-06-28 20:20:26.176 17309 DEBUG neutron.api.rpc.callbacks.version_manager [req-bcb505c0-5966-44ea-8de7-b9d8c0338265 6dc66ca5b9b04acabc59bdf6487de4e0 71ea52d094344aa8ab5e0e5b41870b26 - - -] Version for resource type Port changed None to 1.1 on consumer Open vSwitch agent@localhost.localdomain _set_version /usr/lib/python2.7/site-packages/neutron/api/rpc/callbacks/version_manager.py:119
2018-06-28 20:20:26.176 17309 DEBUG neutron.api.rpc.callbacks.version_manager [req-bcb505c0-5966-44ea-8de7-b9d8c0338265 6dc66ca5b9b04acabc59bdf6487de4e0 71ea52d094344aa8ab5e0e5b41870b26 - - -] Version for resource type Log changed None to 1.0 on consumer Open vSwitch agent@localhost.localdomain _set_version /usr/lib/python2.7/site-packages/neutron/api/rpc/callbacks/version_manager.py:119
2018-06-28 20:20:26.201 17309 DEBUG oslo_concurrency.lockutils [req-bcb505c0-5966-44ea-8de7-b9d8c0338265 6dc66ca5b9b04acabc59bdf6487de4e0 71ea52d094344aa8ab5e0e5b41870b26 - - -] Lock "event-dispatch" released by "neutron.plugins.ml2.ovo_rpc.dispatch_events" :: held 0.195s inner /usr/lib/python2.7/site-packages/oslo_concurrency/lockutils.py:282
2018-06-28 20:20:26.470 17309 DEBUG neutron.db.l3_dvrscheduler_db [req-bcb505c0-5966-44ea-8de7-b9d8c0338265 6dc66ca5b9b04acabc59bdf6487de4e0 71ea52d094344aa8ab5e0e5b41870b26 - default default] No DVR routers for this DVR port ff870573-63cb-4804-acc7-3912a6976968 on host localhost.localdomain get_dvr_routers_to_remove /usr/lib/python2.7/site-packages/neutron/db/l3_dvrscheduler_db.py:191
2018-06-28 20:20:26.492 17309 DEBUG neutron_lib.callbacks.manager [req-bcb505c0-5966-44ea-8de7-b9d8c0338265 6dc66ca5b9b04acabc59bdf6487de4e0 71ea52d094344aa8ab5e0e5b41870b26 - default default] Notify callbacks ['neutron.notifiers.nova.Notifier._send_nova_notification--9223372036854773326'] for port, before_response _notify_loop /usr/lib/python2.7/site-packages/neutron_lib/callbacks/manager.py:167
2018-06-28 20:20:26.495 17309 DEBUG oslo_concurrency.lockutils [-] Lock "notifier-242b2d07-12ad-4afe-96ed-7569fa154160" acquired by "neutron.notifiers.batch_notifier.synced_send" :: waited 0.000s inner /usr/lib/python2.7/site-packages/oslo_concurrency/lockutils.py:270
2018-06-28 20:20:26.495 17309 DEBUG neutron.notifiers.nova [-] Sending events: [{'tag': u'ff870573-63cb-4804-acc7-3912a6976968', 'name': 'network-vif-deleted', 'server_uuid': u'f0c90eae-c273-4cd0-b995-8173f244d585'}] send_events /usr/lib/python2.7/site-packages/neutron/notifiers/nova.py:242
2018-06-28 20:20:26.500 17309 DEBUG novaclient.v2.client [-] REQ: curl -g -i -X POST http://10.0.20.46:8774/v2.1/0ca3103c90a24980adf86a98ed1a7af3/os-server-external-events -H "User-Agent: python-novaclient" -H "Content-Type: application/json" -H "Accept: application/json" -H "X-OpenStack-Nova-API-Version: 2.1" -H "X-Auth-Token: {SHA1}eccf170b3c27f56379694048ff838e6720f3b243" -d '{"events": [{"tag": "ff870573-63cb-4804-acc7-3912a6976968", "name": "network-vif-deleted", "server_uuid": "f0c90eae-c273-4cd0-b995-8173f244d585"}]}' _http_log_request /usr/lib/python2.7/site-packages/keystoneauth1/session.py:375
2018-06-28 20:20:26.517 17309 DEBUG neutron.quota.resource [req-bcb505c0-5966-44ea-8de7-b9d8c0338265 6dc66ca5b9b04acabc59bdf6487de4e0 71ea52d094344aa8ab5e0e5b41870b26 - default default] Persisted dirty status for tenant:6f092460bc8347d098cbb6c742fd789a on resource:port mark_dirty /usr/lib/python2.7/site-packages/neutron/quota/resource.py:207
2018-06-28 20:20:26.527 17309 INFO neutron.wsgi [req-bcb505c0-5966-44ea-8de7-b9d8c0338265 6dc66ca5b9b04acabc59bdf6487de4e0 71ea52d094344aa8ab5e0e5b41870b26 - default default] 10.0.20.46 "DELETE /v2.0/ports/ff870573-63cb-4804-acc7-3912a6976968 HTTP/1.1" status: 204  len: 173 time: 1.7501929
2018-06-28 20:20:26.633 17309 DEBUG novaclient.v2.client [-] RESP: [200] Content-Length: 183 Content-Type: application/json Openstack-Api-Version: compute 2.1 X-Openstack-Nova-Api-Version: 2.1 Vary: OpenStack-API-Version, X-OpenStack-Nova-API-Version X-Openstack-Request-Id: req-a5bf6195-e4db-4a00-ad0f-a9f498fa004b X-Compute-Request-Id: req-a5bf6195-e4db-4a00-ad0f-a9f498fa004b Date: Thu, 28 Jun 2018 18:20:26 GMT Connection: keep-alive 
RESP BODY: {"events": [{"status": "completed", "tag": "ff870573-63cb-4804-acc7-3912a6976968", "name": "network-vif-deleted", "server_uuid": "f0c90eae-c273-4cd0-b995-8173f244d585", "code": 200}]}
 _http_log_response /usr/lib/python2.7/site-packages/keystoneauth1/session.py:423
2018-06-28 20:20:26.634 17309 DEBUG novaclient.v2.client [-] POST call to compute for http://10.0.20.46:8774/v2.1/0ca3103c90a24980adf86a98ed1a7af3/os-server-external-events used request id req-a5bf6195-e4db-4a00-ad0f-a9f498fa004b request /usr/lib/python2.7/site-packages/keystoneauth1/session.py:727
2018-06-28 20:20:26.642 17309 INFO neutron.notifiers.nova [-] Nova event response: {u'status': u'completed', u'tag': u'ff870573-63cb-4804-acc7-3912a6976968', u'name': u'network-vif-deleted', u'server_uuid': u'f0c90eae-c273-4cd0-b995-8173f244d585', u'code': 200}
2018-06-28 20:20:27.849 17320 DEBUG oslo_concurrency.lockutils [-] Lock "notifier-242b2d07-12ad-4afe-96ed-7569fa154160" released by "neutron.notifiers.batch_notifier.synced_send" :: held 3.025s inner /usr/lib/python2.7/site-packages/oslo_concurrency/lockutils.py:282
2018-06-28 20:20:28.643 17309 DEBUG oslo_concurrency.lockutils [-] Lock "notifier-242b2d07-12ad-4afe-96ed-7569fa154160" released by "neutron.notifiers.batch_notifier.synced_send" :: held 2.148s inner /usr/lib/python2.7/site-packages/oslo_concurrency/lockutils.py:282
2018-06-28 20:20:34.780 17323 DEBUG neutron_lib.callbacks.manager [req-912ca64a-eded-490f-bdfb-5ec070c627d1 - - - - -] Notify callbacks ['neutron.services.segments.db._update_segment_host_mapping_for_agent-8727634984016'] for agent, after_update _notify_loop /usr/lib/python2.7/site-packages/neutron_lib/callbacks/manager.py:167
2018-06-28 20:20:34.815 17325 DEBUG neutron_lib.callbacks.manager [req-132bb3d5-38a2-43b1-bdc6-c0bc8757f6f0 - - - - -] Notify callbacks ['neutron.services.segments.db._update_segment_host_mapping_for_agent-8727634984016'] for agent, after_update _notify_loop /usr/lib/python2.7/site-packages/neutron_lib/callbacks/manager.py:167
2018-06-28 20:20:34.932 17327 DEBUG neutron_lib.callbacks.manager [req-aef78d78-e230-4d3d-b4b6-f029d4c15c75 - - - - -] Notify callbacks ['neutron.services.segments.db._update_segment_host_mapping_for_agent-8727634984016'] for agent, after_update _notify_loop /usr/lib/python2.7/site-packages/neutron_lib/callbacks/manager.py:167
2018-06-28 20:20:35.803 17320 DEBUG neutron_lib.callbacks.manager [req-a5c05668-2a02-4f10-be14-3654f5b97714 - - - - -] Notify callbacks ['neutron.services.segments.db._update_segment_host_mapping_for_agent-8727634984016'] for agent, after_update _notify_loop /usr/lib/python2.7/site-packages/neutron_lib/callbacks/manager.py:167
2018-06-28 20:20:40.767 17322 DEBUG neutron_lib.callbacks.manager [req-ce6b4cd7-3fe0-49b1-af58-56b665c52c43 - - - - -] Notify callbacks ['neutron.services.segments.db._update_segment_host_mapping_for_agent-8727634984016'] for agent, after_update _notify_loop /usr/lib/python2.7/site-packages/neutron_lib/callbacks/manager.py:167
2018-06-28 20:20:44.368 17328 DEBUG neutron.db.agents_db [req-bec5e814-fa32-47ce-bf2f-f532210dbb66 - - - - -] Agent healthcheck: found 5 active agents agent_health_check /usr/lib/python2.7/site-packages/neutron/db/agents_db.py:281
2018-06-28 20:20:59.211 17309 DEBUG neutron.wsgi [-] (17309) accepted ('10.0.20.46', 37086) server /usr/lib/python2.7/site-packages/eventlet/wsgi.py:883
2018-06-28 20:20:59.218 17309 INFO neutron.wsgi [-] 10.0.20.46 "GET / HTTP/1.1" status: 200  len: 252 time: 0.0041311
2018-06-28 20:20:59.747 17309 INFO neutron.api.v2.resource [req-bef5c530-db7e-4e4f-8669-b93532e6af09 6dc66ca5b9b04acabc59bdf6487de4e0 71ea52d094344aa8ab5e0e5b41870b26 - default default] show failed (client error): The resource could not be found.
2018-06-28 20:20:59.750 17309 INFO neutron.wsgi [req-bef5c530-db7e-4e4f-8669-b93532e6af09 6dc66ca5b9b04acabc59bdf6487de4e0 71ea52d094344aa8ab5e0e5b41870b26 - default default] 10.0.20.46 "GET /v2.0/routers/tempest-router-1530209531 HTTP/1.1" status: 404  len: 334 time: 0.5246460
2018-06-28 20:20:59.982 17309 INFO neutron.wsgi [req-60ae67b6-7a9e-46ac-a465-7bcfb2cc3985 6dc66ca5b9b04acabc59bdf6487de4e0 71ea52d094344aa8ab5e0e5b41870b26 - default default] 10.0.20.46 "GET /v2.0/routers HTTP/1.1" status: 200  len: 1589 time: 0.2226579
2018-06-28 20:21:00.014 17309 DEBUG neutron.api.v2.base [req-0dd9785f-b150-481e-874c-6c1945418f3d 6dc66ca5b9b04acabc59bdf6487de4e0 71ea52d094344aa8ab5e0e5b41870b26 - default default] Request body: {u'router': {u'external_gateway_info': {}}} prepare_request_body /usr/lib/python2.7/site-packages/neutron/api/v2/base.py:695
2018-06-28 20:21:00.538 17309 DEBUG neutron_lib.callbacks.manager [req-0dd9785f-b150-481e-874c-6c1945418f3d 6dc66ca5b9b04acabc59bdf6487de4e0 71ea52d094344aa8ab5e0e5b41870b26 - default default] Notify callbacks [] for router_gateway, before_delete _notify_loop /usr/lib/python2.7/site-packages/neutron_lib/callbacks/manager.py:167
2018-06-28 20:21:00.566 17309 DEBUG neutron.plugins.ml2.plugin [req-0dd9785f-b150-481e-874c-6c1945418f3d 6dc66ca5b9b04acabc59bdf6487de4e0 71ea52d094344aa8ab5e0e5b41870b26 - default default] Deleting port fc7fe733-4cc0-4c3b-9e6e-9fe31c3cae22 _pre_delete_port /usr/lib/python2.7/site-packages/neutron/plugins/ml2/plugin.py:1488
2018-06-28 20:21:00.567 17309 DEBUG neutron_lib.callbacks.manager [req-0dd9785f-b150-481e-874c-6c1945418f3d 6dc66ca5b9b04acabc59bdf6487de4e0 71ea52d094344aa8ab5e0e5b41870b26 - default default] Notify callbacks ['neutron.db.l3_db._prevent_l3_port_delete_callback--9223363309219584500'] for port, before_delete _notify_loop /usr/lib/python2.7/site-packages/neutron_lib/callbacks/manager.py:167
2018-06-28 20:21:01.060 17309 DEBUG neutron.plugins.ml2.db [req-0dd9785f-b150-481e-874c-6c1945418f3d 6dc66ca5b9b04acabc59bdf6487de4e0 71ea52d094344aa8ab5e0e5b41870b26 - default default] For port fc7fe733-4cc0-4c3b-9e6e-9fe31c3cae22, host localhost.localdomain, got binding levels [<neutron.plugins.ml2.models.PortBindingLevel[object at 7f00f7d35510] {port_id=u'fc7fe733-4cc0-4c3b-9e6e-9fe31c3cae22', host=u'localhost.localdomain', level=0, driver=u'openvswitch', segment_id=u'f5207eeb-3af3-4f1e-97e7-b25e653a66b9'}>] get_binding_levels /usr/lib/python2.7/site-packages/neutron/plugins/ml2/db.py:106
2018-06-28 20:21:01.106 17309 DEBUG neutron.plugins.ml2.plugin [req-0dd9785f-b150-481e-874c-6c1945418f3d 6dc66ca5b9b04acabc59bdf6487de4e0 71ea52d094344aa8ab5e0e5b41870b26 - default default] Calling delete_port for fc7fe733-4cc0-4c3b-9e6e-9fe31c3cae22 owned by network:router_gateway delete_port /usr/lib/python2.7/site-packages/neutron/plugins/ml2/plugin.py:1547
2018-06-28 20:21:01.670 17309 DEBUG neutron_lib.callbacks.manager [req-0dd9785f-b150-481e-874c-6c1945418f3d 6dc66ca5b9b04acabc59bdf6487de4e0 71ea52d094344aa8ab5e0e5b41870b26 - default default] Notify callbacks ['neutron.plugins.ml2.ovo_rpc._ObjectChangeHandler.handle_event-1528324', 'neutron.db.l3_db._notify_routers_callback--9223363309219613218', 'neutron.plugins.ml2.plugin.Ml2Plugin.notify_sg_on_port_change-372991', 'neutron.api.rpc.agentnotifiers.dhcp_rpc_agent_api.DhcpAgentNotifyAPI._native_event_send_dhcp_notification--9223372036853350923', 'neutron.db.l3_dvrscheduler_db._notify_port_delete--9223363309220152896'] for port, after_delete _notify_loop /usr/lib/python2.7/site-packages/neutron_lib/callbacks/manager.py:167
2018-06-28 20:21:01.705 17309 DEBUG oslo_concurrency.lockutils [-] Lock "event-dispatch" acquired by "neutron.plugins.ml2.ovo_rpc.dispatch_events" :: waited 0.000s inner /usr/lib/python2.7/site-packages/oslo_concurrency/lockutils.py:270
2018-06-28 20:21:01.868 17309 DEBUG neutron.api.rpc.handlers.resources_rpc [req-0dd9785f-b150-481e-874c-6c1945418f3d 6dc66ca5b9b04acabc59bdf6487de4e0 71ea52d094344aa8ab5e0e5b41870b26 - - -] neutron.api.rpc.handlers.resources_rpc.ResourcesPushRpcApi method push called with arguments (<neutron_lib.context.Context object at 0x7f00f7d43f50>, [Port(admin_state_up=<?>,allowed_address_pairs=<?>,binding=<?>,binding_levels=<?>,created_at=<?>,data_plane_status=<?>,description=<?>,device_id=<?>,device_owner=<?>,dhcp_options=<?>,distributed_binding=<?>,dns=<?>,fixed_ips=<?>,id=fc7fe733-4cc0-4c3b-9e6e-9fe31c3cae22,mac_address=<?>,name=<?>,network_id=<?>,project_id=<?>,qos_policy_id=None,revision_number=<?>,security=<?>,security_group_ids=None,status=<?>,updated_at=<?>)], 'deleted') {} wrapper /usr/lib/python2.7/site-packages/oslo_log/helpers.py:66
2018-06-28 20:21:01.921 17309 DEBUG oslo_concurrency.lockutils [req-0dd9785f-b150-481e-874c-6c1945418f3d 6dc66ca5b9b04acabc59bdf6487de4e0 71ea52d094344aa8ab5e0e5b41870b26 - - -] Lock "event-dispatch" released by "neutron.plugins.ml2.ovo_rpc.dispatch_events" :: held 0.217s inner /usr/lib/python2.7/site-packages/oslo_concurrency/lockutils.py:282
2018-06-28 20:21:02.209 17309 DEBUG neutron_lib.callbacks.manager [req-0dd9785f-b150-481e-874c-6c1945418f3d 6dc66ca5b9b04acabc59bdf6487de4e0 71ea52d094344aa8ab5e0e5b41870b26 - default default] Notify callbacks ['neutron.services.l3_router.l3_router_plugin.L3RouterPlugin._delete_dvr_internal_ports-1569824'] for router_gateway, after_delete _notify_loop /usr/lib/python2.7/site-packages/neutron_lib/callbacks/manager.py:167
2018-06-28 20:21:02.348 17309 DEBUG neutron_lib.callbacks.manager [req-0dd9785f-b150-481e-874c-6c1945418f3d 6dc66ca5b9b04acabc59bdf6487de4e0 71ea52d094344aa8ab5e0e5b41870b26 - default default] Notify callbacks ['neutron.services.l3_router.l3_router_plugin.L3RouterPlugin._validate_migration--9223372036853203786', 'neutron.services.l3_router.service_providers.driver_controller.DriverController._update_router_provider-48975', 'neutron.services.l3_router.l3_router_plugin.L3RouterPlugin._handle_distributed_migration--9223372036853205270'] for router, precommit_update _notify_loop /usr/lib/python2.7/site-packages/neutron_lib/callbacks/manager.py:167
2018-06-28 20:21:02.355 17309 DEBUG neutron_lib.callbacks.manager [req-0dd9785f-b150-481e-874c-6c1945418f3d 6dc66ca5b9b04acabc59bdf6487de4e0 71ea52d094344aa8ab5e0e5b41870b26 - default default] Notify callbacks ['neutron.services.l3_router.l3_router_plugin.L3RouterPlugin._create_snat_interfaces_after_change--9223372036853205253', 'neutron.services.l3_router.l3_router_plugin.L3RouterPlugin._reconfigure_ha_resources-1572009', 'neutron.services.l3_router.l3_router_plugin.L3RouterPlugin._delete_snat_interfaces_after_change-1570546'] for router, after_update _notify_loop /usr/lib/python2.7/site-packages/neutron_lib/callbacks/manager.py:167
2018-06-28 20:21:02.535 17309 DEBUG neutron.scheduler.l3_agent_scheduler [req-0dd9785f-b150-481e-874c-6c1945418f3d 6dc66ca5b9b04acabc59bdf6487de4e0 71ea52d094344aa8ab5e0e5b41870b26 - default default] Router 39378dc7-5b21-448f-9a51-2b76edc4b9f0 has already been hosted by L3 agent 60219d81-8e5e-4233-80e1-4b550fb5711a _get_candidates /usr/lib/python2.7/site-packages/neutron/scheduler/l3_agent_scheduler.py:141
2018-06-28 20:21:02.689 17309 DEBUG neutron.api.rpc.agentnotifiers.l3_rpc_agent_api [req-0dd9785f-b150-481e-874c-6c1945418f3d 6dc66ca5b9b04acabc59bdf6487de4e0 71ea52d094344aa8ab5e0e5b41870b26 - default default] Notify agent at l3_agent.localhost.localdomain the message routers_updated _agent_notification /usr/lib/python2.7/site-packages/neutron/api/rpc/agentnotifiers/l3_rpc_agent_api.py:69
2018-06-28 20:21:02.717 17309 DEBUG neutron.quota.resource [req-0dd9785f-b150-481e-874c-6c1945418f3d 6dc66ca5b9b04acabc59bdf6487de4e0 71ea52d094344aa8ab5e0e5b41870b26 - default default] Persisted dirty status for tenant: on resource:port mark_dirty /usr/lib/python2.7/site-packages/neutron/quota/resource.py:207
2018-06-28 20:21:02.723 17309 DEBUG neutron_lib.callbacks.manager [req-0dd9785f-b150-481e-874c-6c1945418f3d 6dc66ca5b9b04acabc59bdf6487de4e0 71ea52d094344aa8ab5e0e5b41870b26 - default default] Notify callbacks [] for router, before_response _notify_loop /usr/lib/python2.7/site-packages/neutron_lib/callbacks/manager.py:167
2018-06-28 20:21:02.726 17309 INFO neutron.wsgi [req-0dd9785f-b150-481e-874c-6c1945418f3d 6dc66ca5b9b04acabc59bdf6487de4e0 71ea52d094344aa8ab5e0e5b41870b26 - default default] 10.0.20.46 "PUT /v2.0/routers/39378dc7-5b21-448f-9a51-2b76edc4b9f0 HTTP/1.1" status: 200  len: 728 time: 2.7357810
2018-06-28 20:21:02.754 17328 DEBUG neutron.db.l3_hamode_db [req-caa4b662-3eb5-463f-9070-c170859566f6 - - - - -] neutron.services.l3_router.l3_router_plugin.L3RouterPlugin method get_ha_sync_data_for_host called with arguments (<neutron_lib.context.Context object at 0x7f00f867ed50>, u'localhost.localdomain', <neutron.db.models.agent.Agent[object at 7f00f86b9a90] {id=u'60219d81-8e5e-4233-80e1-4b550fb5711a', agent_type=u'L3 agent', binary=u'neutron-l3-agent', topic=u'l3_agent', host=u'localhost.localdomain', availability_zone=u'nova', admin_state_up=True, created_at=datetime.datetime(2018, 6, 6, 18, 12, 54), started_at=datetime.datetime(2018, 6, 28, 17, 54, 5), heartbeat_timestamp=datetime.datetime(2018, 6, 28, 18, 20, 35), description=None, configurations=u'{"agent_mode": "legacy", "gateway_external_network_id": "", "handle_internal_only_routers": true, "routers": 2, "interfaces": 2, "floating_ips": 0, "interface_driver": "neutron.agent.linux.interface.OVSInterfaceDriver", "log_agent_heartbeats": false, "external_network_bridge": "", "ex_gw_ports": 2}', resource_versions=None, load=0}>) {'active': True, 'router_ids': ['39378dc7-5b21-448f-9a51-2b76edc4b9f0']} wrapper /usr/lib/python2.7/site-packages/oslo_log/helpers.py:66
2018-06-28 20:21:03.560 17328 DEBUG neutron.db.l3_hamode_db [req-caa4b662-3eb5-463f-9070-c170859566f6 - - - - -] neutron.services.l3_router.l3_router_plugin.L3RouterPlugin method _process_sync_ha_data called with arguments (<neutron_lib.context.Context object at 0x7f00f867ed50>, [{'status': u'ACTIVE', '_interfaces': [{'status': u'ACTIVE', 'subnets': [{'dns_nameservers': [u'8.8.4.4'], 'ipv6_ra_mode': None, 'gateway_ip': u'11.109.1.1', 'cidr': u'11.109.1.0/24', 'id': u'e23a3a3b-fbfb-4774-85dd-b5b377da0d29', 'subnetpool_id': None}], 'binding:host_id': u'localhost.localdomain', 'description': u'', 'allowed_address_pairs': [], 'tags': [], 'extra_dhcp_opts': [], 'updated_at': '2018-06-28T18:15:32Z', 'device_owner': u'network:router_interface', 'revision_number': 7, 'port_security_enabled': False, 'binding:profile': {}, 'mtu': 1450, 'fixed_ips': [{'subnet_id': u'e23a3a3b-fbfb-4774-85dd-b5b377da0d29', 'prefixlen': 24, 'ip_address': u'11.109.1.1'}], 'id': u'd1be3645-fe8b-4b51-877c-0076962eaa60', 'security_groups': [], 'device_id': u'39378dc7-5b21-448f-9a51-2b76edc4b9f0', 'name': u'', 'admin_state_up': True, 'network_id': u'6832068c-959c-410e-aee5-8173332018da', 'tenant_id': u'6f092460bc8347d098cbb6c742fd789a', 'binding:vif_details': {u'port_filter': True, u'datapath_type': u'system', u'ovs_hybrid_plug': True}, 'address_scopes': {4: None, 6: None}, 'binding:vnic_type': u'normal', 'binding:vif_type': u'ovs', 'mac_address': u'fa:16:3e:5b:8e:f3', 'project_id': u'6f092460bc8347d098cbb6c742fd789a', 'extra_subnets': [], 'created_at': '2018-06-28T18:15:22Z'}], 'ha_vr_id': 0, 'description': u'', 'tags': [], 'updated_at': '2018-06-28T18:21:01Z', 'revision_number': 7, 'ha': False, 'id': u'39378dc7-5b21-448f-9a51-2b76edc4b9f0', 'external_gateway_info': None, 'availability_zone_hints': [], 'availability_zones': [u'nova'], 'name': u'tempest-router-1530209531', 'gw_port_id': None, 'admin_state_up': True, 'tenant_id': u'6f092460bc8347d098cbb6c742fd789a', 'created_at': '2018-06-28T18:15:02Z', 'distributed': False, 'flavor_id': None, 'routes': [], 'project_id': u'6f092460bc8347d098cbb6c742fd789a'}], u'localhost.localdomain', False) {} wrapper /usr/lib/python2.7/site-packages/oslo_log/helpers.py:66
2018-06-28 20:21:03.578 17328 DEBUG neutron.api.rpc.handlers.l3_rpc [req-caa4b662-3eb5-463f-9070-c170859566f6 - - - - -] Checking router: 39378dc7-5b21-448f-9a51-2b76edc4b9f0 for host: localhost.localdomain _ensure_host_set_on_ports /usr/lib/python2.7/site-packages/neutron/api/rpc/handlers/l3_rpc.py:135
2018-06-28 20:21:04.011 17322 DEBUG neutron.plugins.ml2.rpc [req-ce6b4cd7-3fe0-49b1-af58-56b665c52c43 - - - - -] Device fc7fe733-4cc0-4c3b-9e6e-9fe31c3cae22 no longer exists at agent ovs-agent-localhost.localdomain update_device_down /usr/lib/python2.7/site-packages/neutron/plugins/ml2/rpc.py:213
2018-06-28 20:21:04.088 17322 DEBUG neutron.plugins.ml2.plugin [req-ce6b4cd7-3fe0-49b1-af58-56b665c52c43 - - - - -] No Port match for: fc7fe733-4cc0-4c3b-9e6e-9fe31c3cae22 port_bound_to_host /usr/lib/python2.7/site-packages/neutron/plugins/ml2/plugin.py:1806
2018-06-28 20:21:04.089 17322 DEBUG neutron.plugins.ml2.rpc [req-ce6b4cd7-3fe0-49b1-af58-56b665c52c43 - - - - -] Device fc7fe733-4cc0-4c3b-9e6e-9fe31c3cae22 not bound to the agent host localhost.localdomain update_device_down /usr/lib/python2.7/site-packages/neutron/plugins/ml2/rpc.py:221
2018-06-28 20:21:04.786 17324 DEBUG neutron_lib.callbacks.manager [req-912ca64a-eded-490f-bdfb-5ec070c627d1 - - - - -] Notify callbacks ['neutron.services.segments.db._update_segment_host_mapping_for_agent-8727634984016'] for agent, after_update _notify_loop /usr/lib/python2.7/site-packages/neutron_lib/callbacks/manager.py:167
2018-06-28 20:21:04.816 17318 DEBUG neutron_lib.callbacks.manager [req-f427c9fc-9b8e-4480-8b47-1dfa229b87fd - - - - -] Notify callbacks ['neutron.services.segments.db._update_segment_host_mapping_for_agent-8727634984016'] for agent, after_update _notify_loop /usr/lib/python2.7/site-packages/neutron_lib/callbacks/manager.py:167
2018-06-28 20:21:04.924 17317 DEBUG neutron_lib.callbacks.manager [req-aef78d78-e230-4d3d-b4b6-f029d4c15c75 - - - - -] Notify callbacks ['neutron.services.segments.db._update_segment_host_mapping_for_agent-8727634984016'] for agent, after_update _notify_loop /usr/lib/python2.7/site-packages/neutron_lib/callbacks/manager.py:167
2018-06-28 20:21:05.791 17319 DEBUG neutron_lib.callbacks.manager [req-0a03080a-9c2c-4733-8714-49f1c52c7f4d - - - - -] Notify callbacks ['neutron.services.segments.db._update_segment_host_mapping_for_agent-8727634984016'] for agent, after_update _notify_loop /usr/lib/python2.7/site-packages/neutron_lib/callbacks/manager.py:167
2018-06-28 20:21:08.873 17307 DEBUG neutron.wsgi [-] (17307) accepted ('10.0.20.46', 37130) server /usr/lib/python2.7/site-packages/eventlet/wsgi.py:883
2018-06-28 20:21:08.883 17307 INFO neutron.wsgi [-] 10.0.20.46 "GET / HTTP/1.1" status: 200  len: 252 time: 0.0062470
2018-06-28 20:21:08.945 17310 INFO neutron.wsgi [req-b474d4c8-5e63-438a-927b-20f3fe132e00 d473e455e3b24776a524d2ea47d6e072 0ca3103c90a24980adf86a98ed1a7af3 - default default] 10.0.20.46 "GET /v2.0/ports?device_id=f0c90eae-c273-4cd0-b995-8173f244d585 HTTP/1.1" status: 200  len: 210 time: 0.0870049
2018-06-28 20:21:09.502 17307 INFO neutron.api.v2.resource [req-cb56cf38-3a41-428d-b441-e2105534eb7b 6dc66ca5b9b04acabc59bdf6487de4e0 71ea52d094344aa8ab5e0e5b41870b26 - default default] show failed (client error): The resource could not be found.
