2018-06-28 20:16:29.330 17308 DEBUG neutron.api.rpc.handlers.resources_rpc [req-8ee4ae1c-b5d1-4bf8-b4c7-0deb6648af7d 6dc66ca5b9b04acabc59bdf6487de4e0 71ea52d094344aa8ab5e0e5b41870b26 - - -] neutron.api.rpc.handlers.resources_rpc.ResourcesPushRpcApi method push called with arguments (<neutron_lib.context.Context object at 0x7f00f7b80310>, [Port(admin_state_up=True,allowed_address_pairs=[],binding=PortBinding,binding_levels=[],created_at=2018-06-28T18:16:28Z,data_plane_status=<?>,description='',device_id='PENDING',device_owner='network:floatingip',dhcp_options=[],distributed_binding=None,dns=None,fixed_ips=[IPAllocation],id=fc20b632-c701-428b-b516-c5554cabc57f,mac_address=fa:16:3e:3d:7a:fd,name='',network_id=badfb9c1-1612-4b74-9d18-206aaffd3895,project_id='',qos_policy_id=None,revision_number=3,security=PortSecurity(fc20b632-c701-428b-b516-c5554cabc57f),security_group_ids=set([]),status='N/A',updated_at=2018-06-28T18:16:28Z)], 'updated') {} wrapper /usr/lib/python2.7/site-packages/oslo_log/helpers.py:66
2018-06-28 20:16:29.361 17308 DEBUG oslo_concurrency.lockutils [req-8ee4ae1c-b5d1-4bf8-b4c7-0deb6648af7d 6dc66ca5b9b04acabc59bdf6487de4e0 71ea52d094344aa8ab5e0e5b41870b26 - - -] Lock "event-dispatch" released by "neutron.plugins.ml2.ovo_rpc.dispatch_events" :: held 0.298s inner /usr/lib/python2.7/site-packages/oslo_concurrency/lockutils.py:282
2018-06-28 20:16:29.678 17308 DEBUG neutron.scheduler.dhcp_agent_scheduler [req-8ee4ae1c-b5d1-4bf8-b4c7-0deb6648af7d 6dc66ca5b9b04acabc59bdf6487de4e0 71ea52d094344aa8ab5e0e5b41870b26 - default default] Network badfb9c1-1612-4b74-9d18-206aaffd3895 is already hosted by enough agents. _get_dhcp_agents_hosting_network /usr/lib/python2.7/site-packages/neutron/scheduler/dhcp_agent_scheduler.py:243
2018-06-28 20:16:29.706 17308 DEBUG neutron.db.l3_dvrscheduler_db [req-8ee4ae1c-b5d1-4bf8-b4c7-0deb6648af7d 6dc66ca5b9b04acabc59bdf6487de4e0 71ea52d094344aa8ab5e0e5b41870b26 - default default] Received port after_create _notify_l3_agent_new_port /usr/lib/python2.7/site-packages/neutron/db/l3_dvrscheduler_db.py:392
2018-06-28 20:16:29.892 17308 DEBUG neutron_lib.callbacks.manager [req-8ee4ae1c-b5d1-4bf8-b4c7-0deb6648af7d 6dc66ca5b9b04acabc59bdf6487de4e0 71ea52d094344aa8ab5e0e5b41870b26 - default default] Notify callbacks ['neutron.plugins.ml2.plugin.Ml2Plugin._ensure_default_security_group_handler--9223372036854402934'] for port, before_update _notify_loop /usr/lib/python2.7/site-packages/neutron_lib/callbacks/manager.py:167
2018-06-28 20:16:30.425 17308 DEBUG neutron_lib.callbacks.manager [req-8ee4ae1c-b5d1-4bf8-b4c7-0deb6648af7d 6dc66ca5b9b04acabc59bdf6487de4e0 71ea52d094344aa8ab5e0e5b41870b26 - default default] Notify callbacks [] for port, precommit_update _notify_loop /usr/lib/python2.7/site-packages/neutron_lib/callbacks/manager.py:167
2018-06-28 20:16:30.438 17308 DEBUG neutron_lib.callbacks.manager [req-8ee4ae1c-b5d1-4bf8-b4c7-0deb6648af7d 6dc66ca5b9b04acabc59bdf6487de4e0 71ea52d094344aa8ab5e0e5b41870b26 - default default] Notify callbacks ['neutron.plugins.ml2.ovo_rpc._ObjectChangeHandler.handle_event-1528324', 'neutron.plugins.ml2.plugin.Ml2Plugin.notify_sg_on_port_change-372991', 'neutron.api.rpc.agentnotifiers.dhcp_rpc_agent_api.DhcpAgentNotifyAPI._native_event_send_dhcp_notification--9223372036853350923', 'neutron.db.l3_dvrscheduler_db._notify_l3_agent_port_update-8727634622920', 'neutron.db.l3_hascheduler_db._notify_l3_agent_ha_port_update--9223363309220152549'] for port, after_update _notify_loop /usr/lib/python2.7/site-packages/neutron_lib/callbacks/manager.py:167
2018-06-28 20:16:30.463 17308 DEBUG oslo_concurrency.lockutils [-] Lock "event-dispatch" acquired by "neutron.plugins.ml2.ovo_rpc.dispatch_events" :: waited 0.000s inner /usr/lib/python2.7/site-packages/oslo_concurrency/lockutils.py:270
2018-06-28 20:16:30.712 17308 DEBUG neutron.api.rpc.handlers.resources_rpc [req-8ee4ae1c-b5d1-4bf8-b4c7-0deb6648af7d 6dc66ca5b9b04acabc59bdf6487de4e0 71ea52d094344aa8ab5e0e5b41870b26 - - -] neutron.api.rpc.handlers.resources_rpc.ResourcesPushRpcApi method push called with arguments (<neutron_lib.context.Context object at 0x7f00f8686810>, [Port(admin_state_up=True,allowed_address_pairs=[],binding=PortBinding,binding_levels=[],created_at=2018-06-28T18:16:28Z,data_plane_status=<?>,description='',device_id='7e0eafe0-3ea6-409c-84db-d4d49cebe791',device_owner='network:floatingip',dhcp_options=[],distributed_binding=None,dns=None,fixed_ips=[IPAllocation],id=fc20b632-c701-428b-b516-c5554cabc57f,mac_address=fa:16:3e:3d:7a:fd,name='',network_id=badfb9c1-1612-4b74-9d18-206aaffd3895,project_id='',qos_policy_id=None,revision_number=4,security=PortSecurity(fc20b632-c701-428b-b516-c5554cabc57f),security_group_ids=set([]),status='N/A',updated_at=2018-06-28T18:16:30Z)], 'updated') {} wrapper /usr/lib/python2.7/site-packages/oslo_log/helpers.py:66
2018-06-28 20:16:30.776 17308 DEBUG oslo_concurrency.lockutils [req-8ee4ae1c-b5d1-4bf8-b4c7-0deb6648af7d 6dc66ca5b9b04acabc59bdf6487de4e0 71ea52d094344aa8ab5e0e5b41870b26 - - -] Lock "event-dispatch" released by "neutron.plugins.ml2.ovo_rpc.dispatch_events" :: held 0.313s inner /usr/lib/python2.7/site-packages/oslo_concurrency/lockutils.py:282
2018-06-28 20:16:30.825 17308 DEBUG neutron_lib.callbacks.manager [req-8ee4ae1c-b5d1-4bf8-b4c7-0deb6648af7d 6dc66ca5b9b04acabc59bdf6487de4e0 71ea52d094344aa8ab5e0e5b41870b26 - default default] Notify callbacks ['neutron.services.l3_router.l3_router_plugin.L3RouterPlugin._create_dvr_floating_gw_port--9223372036853205954'] for floatingip, after_update _notify_loop /usr/lib/python2.7/site-packages/neutron_lib/callbacks/manager.py:167
2018-06-28 20:16:30.882 17308 DEBUG neutron.quota.resource [req-8ee4ae1c-b5d1-4bf8-b4c7-0deb6648af7d 6dc66ca5b9b04acabc59bdf6487de4e0 71ea52d094344aa8ab5e0e5b41870b26 - default default] Persisted dirty status for tenant:6f092460bc8347d098cbb6c742fd789a on resource:floatingip mark_dirty /usr/lib/python2.7/site-packages/neutron/quota/resource.py:207
2018-06-28 20:16:30.890 17308 DEBUG neutron.quota.resource [req-8ee4ae1c-b5d1-4bf8-b4c7-0deb6648af7d 6dc66ca5b9b04acabc59bdf6487de4e0 71ea52d094344aa8ab5e0e5b41870b26 - default default] Persisted dirty status for tenant: on resource:port mark_dirty /usr/lib/python2.7/site-packages/neutron/quota/resource.py:207
2018-06-28 20:16:30.914 17308 DEBUG neutron_lib.callbacks.manager [req-8ee4ae1c-b5d1-4bf8-b4c7-0deb6648af7d 6dc66ca5b9b04acabc59bdf6487de4e0 71ea52d094344aa8ab5e0e5b41870b26 - default default] Notify callbacks ['neutron.notifiers.nova.Notifier._send_nova_notification--9223372036854773326'] for floatingip, before_response _notify_loop /usr/lib/python2.7/site-packages/neutron_lib/callbacks/manager.py:167
2018-06-28 20:16:30.916 17308 INFO neutron.wsgi [req-8ee4ae1c-b5d1-4bf8-b4c7-0deb6648af7d 6dc66ca5b9b04acabc59bdf6487de4e0 71ea52d094344aa8ab5e0e5b41870b26 - default default] 10.0.20.46 "POST /v2.0/floatingips HTTP/1.1" status: 201  len: 675 time: 3.2205660
2018-06-28 20:16:34.789 17324 DEBUG neutron_lib.callbacks.manager [req-912ca64a-eded-490f-bdfb-5ec070c627d1 - - - - -] Notify callbacks ['neutron.services.segments.db._update_segment_host_mapping_for_agent-8727634984016'] for agent, after_update _notify_loop /usr/lib/python2.7/site-packages/neutron_lib/callbacks/manager.py:167
2018-06-28 20:16:34.806 17318 DEBUG neutron_lib.callbacks.manager [req-a2651279-f87d-48b3-a5a3-0a1abebaf465 - - - - -] Notify callbacks ['neutron.services.segments.db._update_segment_host_mapping_for_agent-8727634984016'] for agent, after_update _notify_loop /usr/lib/python2.7/site-packages/neutron_lib/callbacks/manager.py:167
2018-06-28 20:16:34.924 17317 DEBUG neutron_lib.callbacks.manager [req-aef78d78-e230-4d3d-b4b6-f029d4c15c75 - - - - -] Notify callbacks ['neutron.services.segments.db._update_segment_host_mapping_for_agent-8727634984016'] for agent, after_update _notify_loop /usr/lib/python2.7/site-packages/neutron_lib/callbacks/manager.py:167
2018-06-28 20:16:35.801 17319 DEBUG neutron_lib.callbacks.manager [req-9da8c507-b4e5-4940-acf3-7015084773ac - - - - -] Notify callbacks ['neutron.services.segments.db._update_segment_host_mapping_for_agent-8727634984016'] for agent, after_update _notify_loop /usr/lib/python2.7/site-packages/neutron_lib/callbacks/manager.py:167
2018-06-28 20:16:40.762 17323 DEBUG neutron_lib.callbacks.manager [req-ce6b4cd7-3fe0-49b1-af58-56b665c52c43 - - - - -] Notify callbacks ['neutron.services.segments.db._update_segment_host_mapping_for_agent-8727634984016'] for agent, after_update _notify_loop /usr/lib/python2.7/site-packages/neutron_lib/callbacks/manager.py:167
2018-06-28 20:16:44.440 17310 DEBUG neutron.quota.resource [req-f05c9ce8-bb18-4703-b43c-0f7a387d19d1 21c6d76341b6494d9d5702c050d608a1 6f092460bc8347d098cbb6c742fd789a - 80a9ece2a69d4ab19de0b1b5c948e806 80a9ece2a69d4ab19de0b1b5c948e806] Synchronizing usage tracker for tenant:6f092460bc8347d098cbb6c742fd789a on resource:port resync /usr/lib/python2.7/site-packages/neutron/quota/resource.py:245
2018-06-28 20:16:44.514 17310 DEBUG neutron.quota.resource [req-f05c9ce8-bb18-4703-b43c-0f7a387d19d1 21c6d76341b6494d9d5702c050d608a1 6f092460bc8347d098cbb6c742fd789a - 80a9ece2a69d4ab19de0b1b5c948e806 80a9ece2a69d4ab19de0b1b5c948e806] Unset dirty status for tenant:6f092460bc8347d098cbb6c742fd789a on resource:port _resync /usr/lib/python2.7/site-packages/neutron/quota/resource.py:237
2018-06-28 20:16:44.516 17310 INFO neutron.wsgi [req-f05c9ce8-bb18-4703-b43c-0f7a387d19d1 21c6d76341b6494d9d5702c050d608a1 6f092460bc8347d098cbb6c742fd789a - 80a9ece2a69d4ab19de0b1b5c948e806 80a9ece2a69d4ab19de0b1b5c948e806] 10.0.20.46 "GET /v2.0/ports?device_id=f0c90eae-c273-4cd0-b995-8173f244d585 HTTP/1.1" status: 200  len: 1124 time: 1.1282411
2018-06-28 20:16:44.646 17310 INFO neutron.wsgi [req-dea074ce-2c00-49da-8f1b-1ea34d153608 21c6d76341b6494d9d5702c050d608a1 6f092460bc8347d098cbb6c742fd789a - 80a9ece2a69d4ab19de0b1b5c948e806 80a9ece2a69d4ab19de0b1b5c948e806] 10.0.20.46 "GET /v2.0/security-groups?id=727b9a4a-1fbc-495c-944d-cab768b2cdbe HTTP/1.1" status: 200  len: 2118 time: 0.1216791
2018-06-28 20:16:44.782 17312 INFO neutron.wsgi [req-13d41ab9-a403-42b4-b675-f881b24ed9a5 655ab8e67d8e4ca680268ee96a43ee95 0ca3103c90a24980adf86a98ed1a7af3 - default default] 10.0.20.46 "GET /v2.0/ports?device_id=f0c90eae-c273-4cd0-b995-8173f244d585 HTTP/1.1" status: 200  len: 1124 time: 0.5991960
2018-06-28 20:16:44.926 17312 INFO neutron.wsgi [req-ae9bae0f-e0a7-4d43-98e0-599c8713d6f8 655ab8e67d8e4ca680268ee96a43ee95 0ca3103c90a24980adf86a98ed1a7af3 - default default] 10.0.20.46 "GET /v2.0/security-groups?id=727b9a4a-1fbc-495c-944d-cab768b2cdbe HTTP/1.1" status: 200  len: 2118 time: 0.1342938
2018-06-28 20:16:44.969 17310 INFO neutron.wsgi [req-c877e8e5-9f3d-4a92-b023-231589dbfa55 21c6d76341b6494d9d5702c050d608a1 6f092460bc8347d098cbb6c742fd789a - 80a9ece2a69d4ab19de0b1b5c948e806 80a9ece2a69d4ab19de0b1b5c948e806] 10.0.20.46 "GET /v2.0/ports?device_owner=compute%3Anova&device_id=f0c90eae-c273-4cd0-b995-8173f244d585 HTTP/1.1" status: 200  len: 1124 time: 0.1633050
2018-06-28 20:16:45.025 17310 INFO neutron.wsgi [req-f3418179-b23e-4207-91be-f34fd1565c3b 21c6d76341b6494d9d5702c050d608a1 6f092460bc8347d098cbb6c742fd789a - 80a9ece2a69d4ab19de0b1b5c948e806 80a9ece2a69d4ab19de0b1b5c948e806] 10.0.20.46 "GET /v2.0/floatingips?floating_ip_address=172.24.4.11 HTTP/1.1" status: 200  len: 673 time: 0.0480950
2018-06-28 20:16:45.065 17310 DEBUG neutron.api.v2.base [req-08263c76-3110-404e-a332-5b1408c11275 21c6d76341b6494d9d5702c050d608a1 6f092460bc8347d098cbb6c742fd789a - 80a9ece2a69d4ab19de0b1b5c948e806 80a9ece2a69d4ab19de0b1b5c948e806] Request body: {u'floatingip': {u'fixed_ip_address': u'11.109.1.6', u'port_id': u'ff870573-63cb-4804-acc7-3912a6976968'}} prepare_request_body /usr/lib/python2.7/site-packages/neutron/api/v2/base.py:695
2018-06-28 20:16:45.463 17310 DEBUG neutron_lib.callbacks.manager [req-08263c76-3110-404e-a332-5b1408c11275 21c6d76341b6494d9d5702c050d608a1 6f092460bc8347d098cbb6c742fd789a - 80a9ece2a69d4ab19de0b1b5c948e806 80a9ece2a69d4ab19de0b1b5c948e806] Notify callbacks ['neutron.services.l3_router.l3_router_plugin.L3RouterPlugin._create_dvr_floating_gw_port--9223372036853205954'] for floatingip, after_update _notify_loop /usr/lib/python2.7/site-packages/neutron_lib/callbacks/manager.py:167
2018-06-28 20:16:46.180 17310 DEBUG neutron.scheduler.l3_agent_scheduler [req-08263c76-3110-404e-a332-5b1408c11275 21c6d76341b6494d9d5702c050d608a1 6f092460bc8347d098cbb6c742fd789a - 80a9ece2a69d4ab19de0b1b5c948e806 80a9ece2a69d4ab19de0b1b5c948e806] Router 39378dc7-5b21-448f-9a51-2b76edc4b9f0 has already been hosted by L3 agent 60219d81-8e5e-4233-80e1-4b550fb5711a _get_candidates /usr/lib/python2.7/site-packages/neutron/scheduler/l3_agent_scheduler.py:141
2018-06-28 20:16:46.475 17310 DEBUG neutron.api.rpc.agentnotifiers.l3_rpc_agent_api [req-08263c76-3110-404e-a332-5b1408c11275 21c6d76341b6494d9d5702c050d608a1 6f092460bc8347d098cbb6c742fd789a - 80a9ece2a69d4ab19de0b1b5c948e806 80a9ece2a69d4ab19de0b1b5c948e806] Notify agent at l3_agent.localhost.localdomain the message routers_updated _agent_notification /usr/lib/python2.7/site-packages/neutron/api/rpc/agentnotifiers/l3_rpc_agent_api.py:69
2018-06-28 20:16:46.514 17310 DEBUG neutron_lib.callbacks.manager [req-08263c76-3110-404e-a332-5b1408c11275 21c6d76341b6494d9d5702c050d608a1 6f092460bc8347d098cbb6c742fd789a - 80a9ece2a69d4ab19de0b1b5c948e806 80a9ece2a69d4ab19de0b1b5c948e806] Notify callbacks ['neutron.notifiers.nova.Notifier._send_nova_notification--9223372036854773326'] for floatingip, before_response _notify_loop /usr/lib/python2.7/site-packages/neutron_lib/callbacks/manager.py:167
2018-06-28 20:16:46.548 17322 DEBUG neutron.db.l3_hamode_db [req-31793136-29da-44c7-b38d-7cdcb16f7293 - - - - -] neutron.services.l3_router.l3_router_plugin.L3RouterPlugin method get_ha_sync_data_for_host called with arguments (<neutron_lib.context.Context object at 0x7f00f83d9bd0>, u'localhost.localdomain', <neutron.db.models.agent.Agent[object at 7f00f83d4850] {id=u'60219d81-8e5e-4233-80e1-4b550fb5711a', agent_type=u'L3 agent', binary=u'neutron-l3-agent', topic=u'l3_agent', host=u'localhost.localdomain', availability_zone=u'nova', admin_state_up=True, created_at=datetime.datetime(2018, 6, 6, 18, 12, 54), started_at=datetime.datetime(2018, 6, 28, 17, 54, 5), heartbeat_timestamp=datetime.datetime(2018, 6, 28, 18, 16, 35), description=None, configurations=u'{"agent_mode": "legacy", "gateway_external_network_id": "", "handle_internal_only_routers": true, "routers": 2, "interfaces": 2, "floating_ips": 0, "interface_driver": "neutron.agent.linux.interface.OVSInterfaceDriver", "log_agent_heartbeats": false, "external_network_bridge": "", "ex_gw_ports": 2}', resource_versions=None, load=0}>) {'active': True, 'router_ids': ['39378dc7-5b21-448f-9a51-2b76edc4b9f0']} wrapper /usr/lib/python2.7/site-packages/oslo_log/helpers.py:66
2018-06-28 20:16:46.657 17310 INFO neutron.wsgi [req-08263c76-3110-404e-a332-5b1408c11275 21c6d76341b6494d9d5702c050d608a1 6f092460bc8347d098cbb6c742fd789a - 80a9ece2a69d4ab19de0b1b5c948e806 80a9ece2a69d4ab19de0b1b5c948e806] 10.0.20.46 "PUT /v2.0/floatingips/7e0eafe0-3ea6-409c-84db-d4d49cebe791 HTTP/1.1" status: 200  len: 746 time: 1.6251640
2018-06-28 20:16:46.658 17315 INFO neutron.wsgi [req-9ed1c738-8ddb-4113-b47c-03cc2d1c384d 655ab8e67d8e4ca680268ee96a43ee95 0ca3103c90a24980adf86a98ed1a7af3 - default default] 10.0.20.46 "GET /v2.0/ports?device_id=f0c90eae-c273-4cd0-b995-8173f244d585 HTTP/1.1" status: 200  len: 1124 time: 0.8470070
2018-06-28 20:16:46.659 17310 DEBUG oslo_concurrency.lockutils [-] Lock "notifier-242b2d07-12ad-4afe-96ed-7569fa154160" acquired by "neutron.notifiers.batch_notifier.synced_send" :: waited 0.000s inner /usr/lib/python2.7/site-packages/oslo_concurrency/lockutils.py:270
2018-06-28 20:16:46.660 17310 DEBUG neutron.notifiers.nova [-] Sending events: [{'tag': u'ff870573-63cb-4804-acc7-3912a6976968', 'name': 'network-changed', 'server_uuid': u'f0c90eae-c273-4cd0-b995-8173f244d585'}] send_events /usr/lib/python2.7/site-packages/neutron/notifiers/nova.py:242
2018-06-28 20:16:46.862 17315 INFO neutron.wsgi [req-d6ca37ee-9a66-44dd-b9a6-d037ed330d3c 655ab8e67d8e4ca680268ee96a43ee95 0ca3103c90a24980adf86a98ed1a7af3 - default default] 10.0.20.46 "GET /v2.0/security-groups?id=727b9a4a-1fbc-495c-944d-cab768b2cdbe HTTP/1.1" status: 200  len: 2118 time: 0.1920319
2018-06-28 20:16:47.856 17310 DEBUG novaclient.v2.client [-] REQ: curl -g -i -X POST http://10.0.20.46:8774/v2.1/0ca3103c90a24980adf86a98ed1a7af3/os-server-external-events -H "User-Agent: python-novaclient" -H "Content-Type: application/json" -H "Accept: application/json" -H "X-OpenStack-Nova-API-Version: 2.1" -H "X-Auth-Token: {SHA1}3520280fe9664763ee3fe97d2d6dc3c7fc990eda" -d '{"events": [{"tag": "ff870573-63cb-4804-acc7-3912a6976968", "name": "network-changed", "server_uuid": "f0c90eae-c273-4cd0-b995-8173f244d585"}]}' _http_log_request /usr/lib/python2.7/site-packages/keystoneauth1/session.py:375
2018-06-28 20:16:47.972 17322 DEBUG neutron.db.l3_hamode_db [req-31793136-29da-44c7-b38d-7cdcb16f7293 - - - - -] neutron.services.l3_router.l3_router_plugin.L3RouterPlugin method _process_sync_ha_data called with arguments (<neutron_lib.context.Context object at 0x7f00f83d9bd0>, [{'status': u'ACTIVE', '_interfaces': [{'status': u'ACTIVE', 'subnets': [{'dns_nameservers': [u'8.8.4.4'], 'ipv6_ra_mode': None, 'gateway_ip': u'11.109.1.1', 'cidr': u'11.109.1.0/24', 'id': u'e23a3a3b-fbfb-4774-85dd-b5b377da0d29', 'subnetpool_id': None}], 'binding:host_id': u'localhost.localdomain', 'description': u'', 'allowed_address_pairs': [], 'tags': [], 'extra_dhcp_opts': [], 'updated_at': '2018-06-28T18:15:32Z', 'device_owner': u'network:router_interface', 'revision_number': 7, 'port_security_enabled': False, 'binding:profile': {}, 'mtu': 1450, 'fixed_ips': [{'subnet_id': u'e23a3a3b-fbfb-4774-85dd-b5b377da0d29', 'prefixlen': 24, 'ip_address': u'11.109.1.1'}], 'id': u'd1be3645-fe8b-4b51-877c-0076962eaa60', 'security_groups': [], 'device_id': u'39378dc7-5b21-448f-9a51-2b76edc4b9f0', 'name': u'', 'admin_state_up': True, 'network_id': u'6832068c-959c-410e-aee5-8173332018da', 'tenant_id': u'6f092460bc8347d098cbb6c742fd789a', 'binding:vif_details': {u'port_filter': True, u'datapath_type': u'system', u'ovs_hybrid_plug': True}, 'address_scopes': {4: None, 6: None}, 'binding:vnic_type': u'normal', 'binding:vif_type': u'ovs', 'mac_address': u'fa:16:3e:5b:8e:f3', 'project_id': u'6f092460bc8347d098cbb6c742fd789a', 'extra_subnets': [], 'created_at': '2018-06-28T18:15:22Z'}], 'enable_snat': True, 'ha_vr_id': 0, 'description': u'', 'tags': [], 'gw_port': {'status': u'ACTIVE', 'subnets': [{'dns_nameservers': [], 'ipv6_ra_mode': None, 'gateway_ip': u'172.24.4.1', 'cidr': u'172.24.4.0/24', 'id': u'42338adf-2e51-4eed-8e47-1b2f9d84cf85', 'subnetpool_id': None}], 'binding:host_id': u'localhost.localdomain', 'description': u'', 'allowed_address_pairs': [], 'tags': [], 'extra_dhcp_opts': [], 'updated_at': '2018-06-28T18:15:44Z', 'device_owner': u'network:router_gateway', 'revision_number': 6, 'port_security_enabled': False, 'binding:profile': {}, 'mtu': 1500, 'fixed_ips': [{'subnet_id': u'42338adf-2e51-4eed-8e47-1b2f9d84cf85', 'prefixlen': 24, 'ip_address': u'172.24.4.4'}], 'id': u'fc7fe733-4cc0-4c3b-9e6e-9fe31c3cae22', 'security_groups': [], 'device_id': u'39378dc7-5b21-448f-9a51-2b76edc4b9f0', 'name': u'', 'admin_state_up': True, 'network_id': u'badfb9c1-1612-4b74-9d18-206aaffd3895', 'tenant_id': u'', 'binding:vif_details': {u'port_filter': True, u'datapath_type': u'system', u'ovs_hybrid_plug': True}, 'address_scopes': {4: None, 6: None}, 'binding:vnic_type': u'normal', 'binding:vif_type': u'ovs', 'mac_address': u'fa:16:3e:66:a4:ad', 'project_id': u'', 'extra_subnets': [], 'created_at': '2018-06-28T18:15:37Z'}, 'updated_at': '2018-06-28T18:15:38Z', 'revision_number': 4, 'ha': False, 'id': u'39378dc7-5b21-448f-9a51-2b76edc4b9f0', 'gw_port_host': u'localhost.localdomain', 'external_gateway_info': {'network_id': u'badfb9c1-1612-4b74-9d18-206aaffd3895', 'enable_snat': True, 'external_fixed_ips': [{'subnet_id': u'42338adf-2e51-4eed-8e47-1b2f9d84cf85', 'ip_address': u'172.24.4.4'}]}, 'availability_zone_hints': [], 'availability_zones': [u'nova'], 'name': u'tempest-router-1530209531', 'gw_port_id': u'fc7fe733-4cc0-4c3b-9e6e-9fe31c3cae22', 'admin_state_up': True, 'tenant_id': u'6f092460bc8347d098cbb6c742fd789a', 'created_at': '2018-06-28T18:15:02Z', 'distributed': False, 'flavor_id': None, 'routes': [], 'project_id': u'6f092460bc8347d098cbb6c742fd789a', '_floatingips': [{'router_id': u'39378dc7-5b21-448f-9a51-2b76edc4b9f0', 'status': u'DOWN', 'description': u'', 'tags': [], 'updated_at': '2018-06-28T18:16:45Z', 'dns_domain': '', 'floating_network_id': u'badfb9c1-1612-4b74-9d18-206aaffd3895', 'fixed_ip_address': u'11.109.1.6', 'floating_ip_address': u'172.24.4.11', 'revision_number': 1, 'port_id': u'ff870573-63cb-4804-acc7-3912a6976968', 'id': u'7e0eafe0-3ea6-409c-84db-d4d49cebe791', 'dns_name': '', 'created_at': '2018-06-28T18:16:29Z', 'tenant_id': u'6f092460bc8347d098cbb6c742fd789a', 'fixed_ip_address_scope': None, 'project_id': u'6f092460bc8347d098cbb6c742fd789a'}]}], u'localhost.localdomain', False) {} wrapper /usr/lib/python2.7/site-packages/oslo_log/helpers.py:66
2018-06-28 20:16:47.983 17322 DEBUG neutron.api.rpc.handlers.l3_rpc [req-31793136-29da-44c7-b38d-7cdcb16f7293 - - - - -] Checking router: 39378dc7-5b21-448f-9a51-2b76edc4b9f0 for host: localhost.localdomain _ensure_host_set_on_ports /usr/lib/python2.7/site-packages/neutron/api/rpc/handlers/l3_rpc.py:135
2018-06-28 20:16:48.345 17325 DEBUG neutron.api.rpc.handlers.l3_rpc [req-7458f3a2-15f4-4460-9612-5376ced6a9bd - - - - -] New status for floating IP 7e0eafe0-3ea6-409c-84db-d4d49cebe791: ACTIVE update_floatingip_statuses /usr/lib/python2.7/site-packages/neutron/api/rpc/handlers/l3_rpc.py:252
2018-06-28 20:16:48.540 17307 INFO neutron.wsgi [req-a2d7e9e5-ad85-4840-968e-f373fdcbb136 655ab8e67d8e4ca680268ee96a43ee95 0ca3103c90a24980adf86a98ed1a7af3 - default default] 10.0.20.46 "GET /v2.0/ports?device_id=f0c90eae-c273-4cd0-b995-8173f244d585 HTTP/1.1" status: 200  len: 1124 time: 0.7278531
2018-06-28 20:16:48.662 17310 INFO neutron.wsgi [req-005e3ff4-a56c-4f7b-8505-973575e1745d 655ab8e67d8e4ca680268ee96a43ee95 0ca3103c90a24980adf86a98ed1a7af3 - default default] 10.0.20.46 "GET /v2.0/ports?tenant_id=6f092460bc8347d098cbb6c742fd789a&device_id=f0c90eae-c273-4cd0-b995-8173f244d585 HTTP/1.1" status: 200  len: 1124 time: 0.7367721
2018-06-28 20:16:48.673 17307 INFO neutron.wsgi [req-46aa650a-cc7e-4b87-8141-2a416f5d8fbb 655ab8e67d8e4ca680268ee96a43ee95 0ca3103c90a24980adf86a98ed1a7af3 - default default] 10.0.20.46 "GET /v2.0/security-groups?id=727b9a4a-1fbc-495c-944d-cab768b2cdbe HTTP/1.1" status: 200  len: 2118 time: 0.1234081
2018-06-28 20:16:48.865 17310 DEBUG novaclient.v2.client [-] RESP: [200] Content-Length: 179 Content-Type: application/json Openstack-Api-Version: compute 2.1 X-Openstack-Nova-Api-Version: 2.1 Vary: OpenStack-API-Version, X-OpenStack-Nova-API-Version X-Openstack-Request-Id: req-33ab989f-0fce-44ed-a1a7-aa984ffd6196 X-Compute-Request-Id: req-33ab989f-0fce-44ed-a1a7-aa984ffd6196 Date: Thu, 28 Jun 2018 18:16:48 GMT Connection: keep-alive 
RESP BODY: {"events": [{"status": "completed", "tag": "ff870573-63cb-4804-acc7-3912a6976968", "name": "network-changed", "server_uuid": "f0c90eae-c273-4cd0-b995-8173f244d585", "code": 200}]}
 _http_log_response /usr/lib/python2.7/site-packages/keystoneauth1/session.py:423
2018-06-28 20:16:48.866 17310 DEBUG novaclient.v2.client [-] POST call to compute for http://10.0.20.46:8774/v2.1/0ca3103c90a24980adf86a98ed1a7af3/os-server-external-events used request id req-33ab989f-0fce-44ed-a1a7-aa984ffd6196 request /usr/lib/python2.7/site-packages/keystoneauth1/session.py:727
2018-06-28 20:16:48.880 17310 INFO neutron.notifiers.nova [-] Nova event response: {u'status': u'completed', u'tag': u'ff870573-63cb-4804-acc7-3912a6976968', u'name': u'network-changed', u'server_uuid': u'f0c90eae-c273-4cd0-b995-8173f244d585', u'code': 200}
2018-06-28 20:16:48.919 17310 DEBUG neutron.pecan_wsgi.hooks.policy_enforcement [req-7099ad9e-3f64-4291-9267-54a3b5491742 655ab8e67d8e4ca680268ee96a43ee95 0ca3103c90a24980adf86a98ed1a7af3 - default default] Attributes excluded by policy engine: [u'vlan_transparent'] _exclude_attributes_by_policy /usr/lib/python2.7/site-packages/neutron/pecan_wsgi/hooks/policy_enforcement.py:256
2018-06-28 20:16:48.922 17310 INFO neutron.wsgi [req-7099ad9e-3f64-4291-9267-54a3b5491742 655ab8e67d8e4ca680268ee96a43ee95 0ca3103c90a24980adf86a98ed1a7af3 - default default] 10.0.20.46 "GET /v2.0/networks?id=6832068c-959c-410e-aee5-8173332018da HTTP/1.1" status: 200  len: 885 time: 0.2525811
2018-06-28 20:16:48.961 17310 INFO neutron.wsgi [req-52d6dc3c-4807-4103-b0ce-ed1694ff392b 655ab8e67d8e4ca680268ee96a43ee95 0ca3103c90a24980adf86a98ed1a7af3 - default default] 10.0.20.46 "GET /v2.0/floatingips?fixed_ip_address=11.109.1.6&port_id=ff870573-63cb-4804-acc7-3912a6976968 HTTP/1.1" status: 200  len: 751 time: 0.0334010
2018-06-28 20:16:48.991 17309 INFO neutron.wsgi [req-a01cfab4-fc55-4de8-9470-890743e8d2a6 655ab8e67d8e4ca680268ee96a43ee95 0ca3103c90a24980adf86a98ed1a7af3 - default default] 10.0.20.46 "GET /v2.0/ports?tenant_id=6f092460bc8347d098cbb6c742fd789a&device_id=f0c90eae-c273-4cd0-b995-8173f244d585 HTTP/1.1" status: 200  len: 1124 time: 0.1097488
2018-06-28 20:16:49.076 17310 DEBUG neutron.pecan_wsgi.hooks.policy_enforcement [req-926199fd-b10a-4813-90a6-78e6d55dcdb3 655ab8e67d8e4ca680268ee96a43ee95 0ca3103c90a24980adf86a98ed1a7af3 - default default] Attributes excluded by policy engine: [u'shared'] _exclude_attributes_by_policy /usr/lib/python2.7/site-packages/neutron/pecan_wsgi/hooks/policy_enforcement.py:256
2018-06-28 20:16:49.078 17310 INFO neutron.wsgi [req-926199fd-b10a-4813-90a6-78e6d55dcdb3 655ab8e67d8e4ca680268ee96a43ee95 0ca3103c90a24980adf86a98ed1a7af3 - default default] 10.0.20.46 "GET /v2.0/subnets?id=e23a3a3b-fbfb-4774-85dd-b5b377da0d29 HTTP/1.1" status: 200  len: 847 time: 0.1107378
2018-06-28 20:16:49.184 17309 DEBUG neutron.pecan_wsgi.hooks.policy_enforcement [req-984439d6-cdca-435f-b2a9-e3e3935ce833 655ab8e67d8e4ca680268ee96a43ee95 0ca3103c90a24980adf86a98ed1a7af3 - default default] Attributes excluded by policy engine: [u'vlan_transparent'] _exclude_attributes_by_policy /usr/lib/python2.7/site-packages/neutron/pecan_wsgi/hooks/policy_enforcement.py:256
2018-06-28 20:16:49.186 17309 INFO neutron.wsgi [req-984439d6-cdca-435f-b2a9-e3e3935ce833 655ab8e67d8e4ca680268ee96a43ee95 0ca3103c90a24980adf86a98ed1a7af3 - default default] 10.0.20.46 "GET /v2.0/networks?id=6832068c-959c-410e-aee5-8173332018da HTTP/1.1" status: 200  len: 885 time: 0.1874368
2018-06-28 20:16:49.203 17310 INFO neutron.wsgi [req-f112c501-1466-4293-ae60-ab9ca1f4d6e4 655ab8e67d8e4ca680268ee96a43ee95 0ca3103c90a24980adf86a98ed1a7af3 - default default] 10.0.20.46 "GET /v2.0/ports?network_id=6832068c-959c-410e-aee5-8173332018da&device_owner=network%3Adhcp HTTP/1.1" status: 200  len: 1128 time: 0.1190479
2018-06-28 20:16:49.233 17309 INFO neutron.wsgi [req-df800470-0a4a-4c40-986e-d6da3103905c 655ab8e67d8e4ca680268ee96a43ee95 0ca3103c90a24980adf86a98ed1a7af3 - default default] 10.0.20.46 "GET /v2.0/floatingips?fixed_ip_address=11.109.1.6&port_id=ff870573-63cb-4804-acc7-3912a6976968 HTTP/1.1" status: 200  len: 751 time: 0.0411730
2018-06-28 20:16:49.394 17309 DEBUG neutron.pecan_wsgi.hooks.policy_enforcement [req-f54b813f-70d6-41b2-aca1-af4626ec774b 655ab8e67d8e4ca680268ee96a43ee95 0ca3103c90a24980adf86a98ed1a7af3 - default default] Attributes excluded by policy engine: [u'shared'] _exclude_attributes_by_policy /usr/lib/python2.7/site-packages/neutron/pecan_wsgi/hooks/policy_enforcement.py:256
2018-06-28 20:16:49.397 17309 INFO neutron.wsgi [req-f54b813f-70d6-41b2-aca1-af4626ec774b 655ab8e67d8e4ca680268ee96a43ee95 0ca3103c90a24980adf86a98ed1a7af3 - default default] 10.0.20.46 "GET /v2.0/subnets?id=e23a3a3b-fbfb-4774-85dd-b5b377da0d29 HTTP/1.1" status: 200  len: 847 time: 0.1573648
2018-06-28 20:16:49.505 17309 INFO neutron.wsgi [req-5825da1c-511e-4421-9e09-f12b8b26c4de 655ab8e67d8e4ca680268ee96a43ee95 0ca3103c90a24980adf86a98ed1a7af3 - default default] 10.0.20.46 "GET /v2.0/ports?network_id=6832068c-959c-410e-aee5-8173332018da&device_owner=network%3Adhcp HTTP/1.1" status: 200  len: 1128 time: 0.1033909
2018-06-28 20:16:50.461 17310 INFO neutron.wsgi [req-a73fb7b4-9796-4f96-bae0-a324ffce9a96 655ab8e67d8e4ca680268ee96a43ee95 0ca3103c90a24980adf86a98ed1a7af3 - default default] 10.0.20.46 "GET /v2.0/ports?device_id=f0c90eae-c273-4cd0-b995-8173f244d585 HTTP/1.1" status: 200  len: 1124 time: 0.4502420
2018-06-28 20:16:50.588 17310 INFO neutron.wsgi [req-6a4ee760-2fcc-461e-8d70-72f2dee9ab29 655ab8e67d8e4ca680268ee96a43ee95 0ca3103c90a24980adf86a98ed1a7af3 - default default] 10.0.20.46 "GET /v2.0/security-groups?id=727b9a4a-1fbc-495c-944d-cab768b2cdbe HTTP/1.1" status: 200  len: 2118 time: 0.1202569
2018-06-28 20:16:50.881 17310 DEBUG oslo_concurrency.lockutils [-] Lock "notifier-242b2d07-12ad-4afe-96ed-7569fa154160" released by "neutron.notifiers.batch_notifier.synced_send" :: held 4.221s inner /usr/lib/python2.7/site-packages/oslo_concurrency/lockutils.py:282
2018-06-28 20:16:54.440 17315 INFO neutron.wsgi [req-c6898030-46e2-457d-a695-eaebfd0e4d6f 655ab8e67d8e4ca680268ee96a43ee95 0ca3103c90a24980adf86a98ed1a7af3 - default default] 10.0.20.46 "GET /v2.0/ports?device_id=f0c90eae-c273-4cd0-b995-8173f244d585 HTTP/1.1" status: 200  len: 1124 time: 0.4794421
2018-06-28 20:16:54.598 17315 INFO neutron.wsgi [req-172c048f-f559-4de9-87f0-6f8599f902b3 655ab8e67d8e4ca680268ee96a43ee95 0ca3103c90a24980adf86a98ed1a7af3 - default default] 10.0.20.46 "GET /v2.0/security-groups?id=727b9a4a-1fbc-495c-944d-cab768b2cdbe HTTP/1.1" status: 200  len: 2118 time: 0.1455150
2018-06-28 20:16:58.923 17309 INFO neutron.wsgi [req-aeea041e-68e4-4012-9f94-fca95533f530 655ab8e67d8e4ca680268ee96a43ee95 0ca3103c90a24980adf86a98ed1a7af3 - default default] 10.0.20.46 "GET /v2.0/ports?tenant_id=6f092460bc8347d098cbb6c742fd789a&device_id=f0c90eae-c273-4cd0-b995-8173f244d585 HTTP/1.1" status: 200  len: 1124 time: 0.1448810
2018-06-28 20:16:59.147 17309 DEBUG neutron.pecan_wsgi.hooks.policy_enforcement [req-6217b643-c8d4-4e28-b2bd-71f867801484 655ab8e67d8e4ca680268ee96a43ee95 0ca3103c90a24980adf86a98ed1a7af3 - default default] Attributes excluded by policy engine: [u'vlan_transparent'] _exclude_attributes_by_policy /usr/lib/python2.7/site-packages/neutron/pecan_wsgi/hooks/policy_enforcement.py:256
2018-06-28 20:16:59.149 17309 INFO neutron.wsgi [req-6217b643-c8d4-4e28-b2bd-71f867801484 655ab8e67d8e4ca680268ee96a43ee95 0ca3103c90a24980adf86a98ed1a7af3 - default default] 10.0.20.46 "GET /v2.0/networks?id=6832068c-959c-410e-aee5-8173332018da HTTP/1.1" status: 200  len: 885 time: 0.2183890
2018-06-28 20:16:59.204 17309 INFO neutron.wsgi [req-82fa840c-ad31-4505-be62-b0eca47323cf 655ab8e67d8e4ca680268ee96a43ee95 0ca3103c90a24980adf86a98ed1a7af3 - default default] 10.0.20.46 "GET /v2.0/floatingips?fixed_ip_address=11.109.1.6&port_id=ff870573-63cb-4804-acc7-3912a6976968 HTTP/1.1" status: 200  len: 751 time: 0.0475130
2018-06-28 20:16:59.357 17309 DEBUG neutron.pecan_wsgi.hooks.policy_enforcement [req-da2dc59a-3ac5-4b39-9bdb-062ef7303b14 655ab8e67d8e4ca680268ee96a43ee95 0ca3103c90a24980adf86a98ed1a7af3 - default default] Attributes excluded by policy engine: [u'shared'] _exclude_attributes_by_policy /usr/lib/python2.7/site-packages/neutron/pecan_wsgi/hooks/policy_enforcement.py:256
2018-06-28 20:16:59.361 17309 INFO neutron.wsgi [req-da2dc59a-3ac5-4b39-9bdb-062ef7303b14 655ab8e67d8e4ca680268ee96a43ee95 0ca3103c90a24980adf86a98ed1a7af3 - default default] 10.0.20.46 "GET /v2.0/subnets?id=e23a3a3b-fbfb-4774-85dd-b5b377da0d29 HTTP/1.1" status: 200  len: 847 time: 0.1492200
2018-06-28 20:16:59.492 17309 INFO neutron.wsgi [req-114e7fd4-2379-4767-8edc-3656251d26fe 655ab8e67d8e4ca680268ee96a43ee95 0ca3103c90a24980adf86a98ed1a7af3 - default default] 10.0.20.46 "GET /v2.0/ports?network_id=6832068c-959c-410e-aee5-8173332018da&device_owner=network%3Adhcp HTTP/1.1" status: 200  len: 1128 time: 0.1235728
2018-06-28 20:17:00.575 17310 INFO neutron.wsgi [req-7041537d-fad9-43f9-9d5e-b99d2a9f327d 21c6d76341b6494d9d5702c050d608a1 6f092460bc8347d098cbb6c742fd789a - 80a9ece2a69d4ab19de0b1b5c948e806 80a9ece2a69d4ab19de0b1b5c948e806] 10.0.20.46 "GET /v2.0/ports?device_id=f0c90eae-c273-4cd0-b995-8173f244d585 HTTP/1.1" status: 200  len: 1124 time: 0.5124750
2018-06-28 20:17:00.702 17310 INFO neutron.wsgi [req-6ad412b2-f502-4d9e-9c77-2b7cc566ce28 21c6d76341b6494d9d5702c050d608a1 6f092460bc8347d098cbb6c742fd789a - 80a9ece2a69d4ab19de0b1b5c948e806 80a9ece2a69d4ab19de0b1b5c948e806] 10.0.20.46 "GET /v2.0/security-groups?id=727b9a4a-1fbc-495c-944d-cab768b2cdbe HTTP/1.1" status: 200  len: 2118 time: 0.1215000
2018-06-28 20:17:02.350 17328 DEBUG neutron.db.agents_db [req-bec5e814-fa32-47ce-bf2f-f532210dbb66 - - - - -] Agent healthcheck: found 5 active agents agent_health_check /usr/lib/python2.7/site-packages/neutron/db/agents_db.py:281
2018-06-28 20:17:04.781 17325 DEBUG neutron_lib.callbacks.manager [req-912ca64a-eded-490f-bdfb-5ec070c627d1 - - - - -] Notify callbacks ['neutron.services.segments.db._update_segment_host_mapping_for_agent-8727634984016'] for agent, after_update _notify_loop /usr/lib/python2.7/site-packages/neutron_lib/callbacks/manager.py:167
2018-06-28 20:17:04.821 17327 DEBUG neutron_lib.callbacks.manager [req-cf4636a5-53cf-4533-976c-9c48041aeb8c - - - - -] Notify callbacks ['neutron.services.segments.db._update_segment_host_mapping_for_agent-8727634984016'] for agent, after_update _notify_loop /usr/lib/python2.7/site-packages/neutron_lib/callbacks/manager.py:167
2018-06-28 20:17:04.920 17320 DEBUG neutron_lib.callbacks.manager [req-aef78d78-e230-4d3d-b4b6-f029d4c15c75 - - - - -] Notify callbacks ['neutron.services.segments.db._update_segment_host_mapping_for_agent-8727634984016'] for agent, after_update _notify_loop /usr/lib/python2.7/site-packages/neutron_lib/callbacks/manager.py:167
2018-06-28 20:17:05.771 17322 DEBUG neutron_lib.callbacks.manager [req-5c675cb7-9424-4c95-868f-1f5875cef4cf - - - - -] Notify callbacks ['neutron.services.segments.db._update_segment_host_mapping_for_agent-8727634984016'] for agent, after_update _notify_loop /usr/lib/python2.7/site-packages/neutron_lib/callbacks/manager.py:167
2018-06-28 20:17:10.752 17324 DEBUG neutron_lib.callbacks.manager [req-ce6b4cd7-3fe0-49b1-af58-56b665c52c43 - - - - -] Notify callbacks ['neutron.services.segments.db._update_segment_host_mapping_for_agent-8727634984016'] for agent, after_update _notify_loop /usr/lib/python2.7/site-packages/neutron_lib/callbacks/manager.py:167
2018-06-28 20:17:18.980 17310 INFO neutron.wsgi [req-4237c312-a325-40aa-b83a-c0508c66fa06 21c6d76341b6494d9d5702c050d608a1 6f092460bc8347d098cbb6c742fd789a - 80a9ece2a69d4ab19de0b1b5c948e806 80a9ece2a69d4ab19de0b1b5c948e806] 10.0.20.46 "GET /v2.0/ports?device_id=f0c90eae-c273-4cd0-b995-8173f244d585 HTTP/1.1" status: 200  len: 1124 time: 0.4584630
2018-06-28 20:17:19.069 17310 INFO neutron.wsgi [req-3fd2ada3-2c57-4398-85bd-c41cdad73b5a 21c6d76341b6494d9d5702c050d608a1 6f092460bc8347d098cbb6c742fd789a - 80a9ece2a69d4ab19de0b1b5c948e806 80a9ece2a69d4ab19de0b1b5c948e806] 10.0.20.46 "GET /v2.0/security-groups?id=727b9a4a-1fbc-495c-944d-cab768b2cdbe HTTP/1.1" status: 200  len: 2118 time: 0.0839150
2018-06-28 20:17:31.015 17310 INFO neutron.wsgi [req-4d637c32-5c6e-4ff6-befc-5495344030e6 21c6d76341b6494d9d5702c050d608a1 6f092460bc8347d098cbb6c742fd789a - 80a9ece2a69d4ab19de0b1b5c948e806 80a9ece2a69d4ab19de0b1b5c948e806] 10.0.20.46 "GET /v2.0/ports?device_id=f0c90eae-c273-4cd0-b995-8173f244d585 HTTP/1.1" status: 200  len: 1124 time: 0.9760690
2018-06-28 20:17:31.136 17310 INFO neutron.wsgi [req-32085843-0dc1-4940-9d2a-73b5b466a742 21c6d76341b6494d9d5702c050d608a1 6f092460bc8347d098cbb6c742fd789a - 80a9ece2a69d4ab19de0b1b5c948e806 80a9ece2a69d4ab19de0b1b5c948e806] 10.0.20.46 "GET /v2.0/security-groups?id=727b9a4a-1fbc-495c-944d-cab768b2cdbe HTTP/1.1" status: 200  len: 2118 time: 0.1152310
2018-06-28 20:17:34.775 17318 DEBUG neutron_lib.callbacks.manager [req-912ca64a-eded-490f-bdfb-5ec070c627d1 - - - - -] Notify callbacks ['neutron.services.segments.db._update_segment_host_mapping_for_agent-8727634984016'] for agent, after_update _notify_loop /usr/lib/python2.7/site-packages/neutron_lib/callbacks/manager.py:167
2018-06-28 20:17:34.805 17317 DEBUG neutron_lib.callbacks.manager [req-555cd357-a1dc-4def-a961-1ada0017f231 - - - - -] Notify callbacks ['neutron.services.segments.db._update_segment_host_mapping_for_agent-8727634984016'] for agent, after_update _notify_loop /usr/lib/python2.7/site-packages/neutron_lib/callbacks/manager.py:167
2018-06-28 20:17:34.926 17319 DEBUG neutron_lib.callbacks.manager [req-aef78d78-e230-4d3d-b4b6-f029d4c15c75 - - - - -] Notify callbacks ['neutron.services.segments.db._update_segment_host_mapping_for_agent-8727634984016'] for agent, after_update _notify_loop /usr/lib/python2.7/site-packages/neutron_lib/callbacks/manager.py:167
2018-06-28 20:17:35.805 17323 DEBUG neutron_lib.callbacks.manager [req-cca06404-1ce2-4208-b70f-0e3aa4810dae - - - - -] Notify callbacks ['neutron.services.segments.db._update_segment_host_mapping_for_agent-8727634984016'] for agent, after_update _notify_loop /usr/lib/python2.7/site-packages/neutron_lib/callbacks/manager.py:167
2018-06-28 20:17:39.353 17328 DEBUG neutron.db.agents_db [req-bec5e814-fa32-47ce-bf2f-f532210dbb66 - - - - -] Agent healthcheck: found 5 active agents agent_health_check /usr/lib/python2.7/site-packages/neutron/db/agents_db.py:281
2018-06-28 20:17:40.751 17325 DEBUG neutron_lib.callbacks.manager [req-ce6b4cd7-3fe0-49b1-af58-56b665c52c43 - - - - -] Notify callbacks ['neutron.services.segments.db._update_segment_host_mapping_for_agent-8727634984016'] for agent, after_update _notify_loop /usr/lib/python2.7/site-packages/neutron_lib/callbacks/manager.py:167
2018-06-28 20:17:48.574 17310 INFO neutron.wsgi [req-0791d9de-0be6-4086-844b-3f0e0e7f0bc0 21c6d76341b6494d9d5702c050d608a1 6f092460bc8347d098cbb6c742fd789a - 80a9ece2a69d4ab19de0b1b5c948e806 80a9ece2a69d4ab19de0b1b5c948e806] 10.0.20.46 "GET /v2.0/ports?device_id=f0c90eae-c273-4cd0-b995-8173f244d585 HTTP/1.1" status: 200  len: 1124 time: 1.0612378
2018-06-28 20:17:48.729 17310 INFO neutron.wsgi [req-c7516144-477a-4424-8da4-ffeee7be29e2 21c6d76341b6494d9d5702c050d608a1 6f092460bc8347d098cbb6c742fd789a - 80a9ece2a69d4ab19de0b1b5c948e806 80a9ece2a69d4ab19de0b1b5c948e806] 10.0.20.46 "GET /v2.0/security-groups?id=727b9a4a-1fbc-495c-944d-cab768b2cdbe HTTP/1.1" status: 200  len: 2118 time: 0.1442630
2018-06-28 20:17:58.968 17309 INFO neutron.wsgi [req-5bab896c-c18a-4fa4-bbca-3ac0a694bad1 655ab8e67d8e4ca680268ee96a43ee95 0ca3103c90a24980adf86a98ed1a7af3 - default default] 10.0.20.46 "GET /v2.0/ports?tenant_id=6f092460bc8347d098cbb6c742fd789a&device_id=f0c90eae-c273-4cd0-b995-8173f244d585 HTTP/1.1" status: 200  len: 1124 time: 0.1442330
2018-06-28 20:17:59.515 17309 DEBUG neutron.pecan_wsgi.hooks.policy_enforcement [req-9ea88d13-4c67-4f4a-bdae-b5cbbfaa9211 655ab8e67d8e4ca680268ee96a43ee95 0ca3103c90a24980adf86a98ed1a7af3 - default default] Attributes excluded by policy engine: [u'vlan_transparent'] _exclude_attributes_by_policy /usr/lib/python2.7/site-packages/neutron/pecan_wsgi/hooks/policy_enforcement.py:256
2018-06-28 20:17:59.517 17309 INFO neutron.wsgi [req-9ea88d13-4c67-4f4a-bdae-b5cbbfaa9211 655ab8e67d8e4ca680268ee96a43ee95 0ca3103c90a24980adf86a98ed1a7af3 - default default] 10.0.20.46 "GET /v2.0/networks?id=6832068c-959c-410e-aee5-8173332018da HTTP/1.1" status: 200  len: 885 time: 0.5428321
2018-06-28 20:17:59.575 17309 INFO neutron.wsgi [req-a7b8703b-be14-4e9c-87e2-40eca7b64ab9 655ab8e67d8e4ca680268ee96a43ee95 0ca3103c90a24980adf86a98ed1a7af3 - default default] 10.0.20.46 "GET /v2.0/floatingips?fixed_ip_address=11.109.1.6&port_id=ff870573-63cb-4804-acc7-3912a6976968 HTTP/1.1" status: 200  len: 751 time: 0.0485189
2018-06-28 20:17:59.606 17308 DEBUG neutron.wsgi [-] (17308) accepted ('10.0.20.46', 33338) server /usr/lib/python2.7/site-packages/eventlet/wsgi.py:883
2018-06-28 20:17:59.735 17309 DEBUG neutron.pecan_wsgi.hooks.policy_enforcement [req-a34e8fd5-e9ea-49d4-9922-16c2ec0c684e 655ab8e67d8e4ca680268ee96a43ee95 0ca3103c90a24980adf86a98ed1a7af3 - default default] Attributes excluded by policy engine: [u'shared'] _exclude_attributes_by_policy /usr/lib/python2.7/site-packages/neutron/pecan_wsgi/hooks/policy_enforcement.py:256
2018-06-28 20:17:59.738 17309 INFO neutron.wsgi [req-a34e8fd5-e9ea-49d4-9922-16c2ec0c684e 655ab8e67d8e4ca680268ee96a43ee95 0ca3103c90a24980adf86a98ed1a7af3 - default default] 10.0.20.46 "GET /v2.0/subnets?id=e23a3a3b-fbfb-4774-85dd-b5b377da0d29 HTTP/1.1" status: 200  len: 847 time: 0.1559451
2018-06-28 20:17:59.885 17309 INFO neutron.wsgi [req-7876796f-9b25-4be8-b502-7d6eb3053e7b 655ab8e67d8e4ca680268ee96a43ee95 0ca3103c90a24980adf86a98ed1a7af3 - default default] 10.0.20.46 "GET /v2.0/ports?network_id=6832068c-959c-410e-aee5-8173332018da&device_owner=network%3Adhcp HTTP/1.1" status: 200  len: 1128 time: 0.1387501
2018-06-28 20:18:00.122 17308 WARNING keystonemiddleware.auth_token [-] A valid token was submitted as a service token, but it was not a valid service token. This is incorrect but backwards compatible behaviour. This will be removed in future releases.
2018-06-28 20:18:00.620 17308 INFO neutron.wsgi [req-6acb9ccb-4e73-449d-aa76-36f4fa1e4e91 21c6d76341b6494d9d5702c050d608a1 6f092460bc8347d098cbb6c742fd789a - 80a9ece2a69d4ab19de0b1b5c948e806 80a9ece2a69d4ab19de0b1b5c948e806] 10.0.20.46 "GET /v2.0/ports?device_id=f0c90eae-c273-4cd0-b995-8173f244d585 HTTP/1.1" status: 200  len: 1124 time: 1.0109069
2018-06-28 20:18:00.745 17308 INFO neutron.wsgi [req-3071d7f5-c287-4e10-816d-64d13ccf387c 21c6d76341b6494d9d5702c050d608a1 6f092460bc8347d098cbb6c742fd789a - 80a9ece2a69d4ab19de0b1b5c948e806 80a9ece2a69d4ab19de0b1b5c948e806] 10.0.20.46 "GET /v2.0/security-groups?id=727b9a4a-1fbc-495c-944d-cab768b2cdbe HTTP/1.1" status: 200  len: 2118 time: 0.1006610
2018-06-28 20:18:04.773 17327 DEBUG neutron_lib.callbacks.manager [req-912ca64a-eded-490f-bdfb-5ec070c627d1 - - - - -] Notify callbacks ['neutron.services.segments.db._update_segment_host_mapping_for_agent-8727634984016'] for agent, after_update _notify_loop /usr/lib/python2.7/site-packages/neutron_lib/callbacks/manager.py:167
2018-06-28 20:18:04.814 17320 DEBUG neutron_lib.callbacks.manager [req-682b7c2d-dd48-4d7c-8601-0ef50a3310d3 - - - - -] Notify callbacks ['neutron.services.segments.db._update_segment_host_mapping_for_agent-8727634984016'] for agent, after_update _notify_loop /usr/lib/python2.7/site-packages/neutron_lib/callbacks/manager.py:167
2018-06-28 20:18:04.924 17322 DEBUG neutron_lib.callbacks.manager [req-aef78d78-e230-4d3d-b4b6-f029d4c15c75 - - - - -] Notify callbacks ['neutron.services.segments.db._update_segment_host_mapping_for_agent-8727634984016'] for agent, after_update _notify_loop /usr/lib/python2.7/site-packages/neutron_lib/callbacks/manager.py:167
2018-06-28 20:18:05.775 17324 DEBUG neutron_lib.callbacks.manager [req-13bf604a-9d90-4c3d-ade3-d505c96d161c - - - - -] Notify callbacks ['neutron.services.segments.db._update_segment_host_mapping_for_agent-8727634984016'] for agent, after_update _notify_loop /usr/lib/python2.7/site-packages/neutron_lib/callbacks/manager.py:167
2018-06-28 20:18:10.749 17318 DEBUG neutron_lib.callbacks.manager [req-ce6b4cd7-3fe0-49b1-af58-56b665c52c43 - - - - -] Notify callbacks ['neutron.services.segments.db._update_segment_host_mapping_for_agent-8727634984016'] for agent, after_update _notify_loop /usr/lib/python2.7/site-packages/neutron_lib/callbacks/manager.py:167
2018-06-28 20:18:13.379 17310 INFO neutron.wsgi [req-308b5c31-5ae2-4e27-a4da-997740daf1aa 21c6d76341b6494d9d5702c050d608a1 6f092460bc8347d098cbb6c742fd789a - 80a9ece2a69d4ab19de0b1b5c948e806 80a9ece2a69d4ab19de0b1b5c948e806] 10.0.20.46 "GET /v2.0/ports?device_id=f0c90eae-c273-4cd0-b995-8173f244d585 HTTP/1.1" status: 200  len: 1124 time: 0.7073109
2018-06-28 20:18:13.562 17310 INFO neutron.wsgi [req-13847ef9-842c-4634-b503-619fcacc4144 21c6d76341b6494d9d5702c050d608a1 6f092460bc8347d098cbb6c742fd789a - 80a9ece2a69d4ab19de0b1b5c948e806 80a9ece2a69d4ab19de0b1b5c948e806] 10.0.20.46 "GET /v2.0/security-groups?id=727b9a4a-1fbc-495c-944d-cab768b2cdbe HTTP/1.1" status: 200  len: 2118 time: 0.1587801
2018-06-28 20:18:16.354 17328 DEBUG neutron.db.agents_db [req-bec5e814-fa32-47ce-bf2f-f532210dbb66 - - - - -] Agent healthcheck: found 5 active agents agent_health_check /usr/lib/python2.7/site-packages/neutron/db/agents_db.py:281
2018-06-28 20:18:27.733 17310 INFO neutron.wsgi [req-e38a0952-e93d-4f6b-935a-d40ffc6382b5 21c6d76341b6494d9d5702c050d608a1 6f092460bc8347d098cbb6c742fd789a - 80a9ece2a69d4ab19de0b1b5c948e806 80a9ece2a69d4ab19de0b1b5c948e806] 10.0.20.46 "GET /v2.0/ports?device_id=f0c90eae-c273-4cd0-b995-8173f244d585 HTTP/1.1" status: 200  len: 1124 time: 0.7145259
2018-06-28 20:18:27.887 17310 INFO neutron.wsgi [req-ec6698b6-fb64-4110-a76a-8a6873dcf561 21c6d76341b6494d9d5702c050d608a1 6f092460bc8347d098cbb6c742fd789a - 80a9ece2a69d4ab19de0b1b5c948e806 80a9ece2a69d4ab19de0b1b5c948e806] 10.0.20.46 "GET /v2.0/security-groups?id=727b9a4a-1fbc-495c-944d-cab768b2cdbe HTTP/1.1" status: 200  len: 2118 time: 0.1458690
2018-06-28 20:18:34.775 17317 DEBUG neutron_lib.callbacks.manager [req-912ca64a-eded-490f-bdfb-5ec070c627d1 - - - - -] Notify callbacks ['neutron.services.segments.db._update_segment_host_mapping_for_agent-8727634984016'] for agent, after_update _notify_loop /usr/lib/python2.7/site-packages/neutron_lib/callbacks/manager.py:167
2018-06-28 20:18:34.816 17319 DEBUG neutron_lib.callbacks.manager [req-1420d2e1-563d-4cb1-aa5a-ab24dc9b15c1 - - - - -] Notify callbacks ['neutron.services.segments.db._update_segment_host_mapping_for_agent-8727634984016'] for agent, after_update _notify_loop /usr/lib/python2.7/site-packages/neutron_lib/callbacks/manager.py:167
2018-06-28 20:18:34.904 17323 DEBUG neutron_lib.callbacks.manager [req-aef78d78-e230-4d3d-b4b6-f029d4c15c75 - - - - -] Notify callbacks ['neutron.services.segments.db._update_segment_host_mapping_for_agent-8727634984016'] for agent, after_update _notify_loop /usr/lib/python2.7/site-packages/neutron_lib/callbacks/manager.py:167
2018-06-28 20:18:35.778 17325 DEBUG neutron_lib.callbacks.manager [req-028fa359-605e-46f4-902d-338bd43aa44a - - - - -] Notify callbacks ['neutron.services.segments.db._update_segment_host_mapping_for_agent-8727634984016'] for agent, after_update _notify_loop /usr/lib/python2.7/site-packages/neutron_lib/callbacks/manager.py:167
2018-06-28 20:18:40.781 17327 DEBUG neutron_lib.callbacks.manager [req-ce6b4cd7-3fe0-49b1-af58-56b665c52c43 - - - - -] Notify callbacks ['neutron.services.segments.db._update_segment_host_mapping_for_agent-8727634984016'] for agent, after_update _notify_loop /usr/lib/python2.7/site-packages/neutron_lib/callbacks/manager.py:167
2018-06-28 20:18:43.009 17309 DEBUG neutron.quota.resource [req-0e5a74a8-5f64-4091-86bd-7ce26d15654a 21c6d76341b6494d9d5702c050d608a1 6f092460bc8347d098cbb6c742fd789a - 80a9ece2a69d4ab19de0b1b5c948e806 80a9ece2a69d4ab19de0b1b5c948e806] Synchronizing usage tracker for tenant:6f092460bc8347d098cbb6c742fd789a on resource:port resync /usr/lib/python2.7/site-packages/neutron/quota/resource.py:245
2018-06-28 20:18:43.055 17309 DEBUG neutron.quota.resource [req-0e5a74a8-5f64-4091-86bd-7ce26d15654a 21c6d76341b6494d9d5702c050d608a1 6f092460bc8347d098cbb6c742fd789a - 80a9ece2a69d4ab19de0b1b5c948e806 80a9ece2a69d4ab19de0b1b5c948e806] Unset dirty status for tenant:6f092460bc8347d098cbb6c742fd789a on resource:port _resync /usr/lib/python2.7/site-packages/neutron/quota/resource.py:237
2018-06-28 20:18:43.058 17309 INFO neutron.wsgi [req-0e5a74a8-5f64-4091-86bd-7ce26d15654a 21c6d76341b6494d9d5702c050d608a1 6f092460bc8347d098cbb6c742fd789a - 80a9ece2a69d4ab19de0b1b5c948e806 80a9ece2a69d4ab19de0b1b5c948e806] 10.0.20.46 "GET /v2.0/ports?device_id=f0c90eae-c273-4cd0-b995-8173f244d585 HTTP/1.1" status: 200  len: 1124 time: 1.3507330
2018-06-28 20:18:43.239 17309 INFO neutron.wsgi [req-469b6a42-5a74-4bef-9c1c-ec3a5e18602c 21c6d76341b6494d9d5702c050d608a1 6f092460bc8347d098cbb6c742fd789a - 80a9ece2a69d4ab19de0b1b5c948e806 80a9ece2a69d4ab19de0b1b5c948e806] 10.0.20.46 "GET /v2.0/security-groups?id=727b9a4a-1fbc-495c-944d-cab768b2cdbe HTTP/1.1" status: 200  len: 2118 time: 0.1706650
2018-06-28 20:18:53.352 17328 DEBUG neutron.db.agents_db [req-bec5e814-fa32-47ce-bf2f-f532210dbb66 - - - - -] Agent healthcheck: found 5 active agents agent_health_check /usr/lib/python2.7/site-packages/neutron/db/agents_db.py:281
2018-06-28 20:18:57.130 17309 INFO neutron.wsgi [req-e9537510-2c75-489a-96fc-5c7bcf71ac20 21c6d76341b6494d9d5702c050d608a1 6f092460bc8347d098cbb6c742fd789a - 80a9ece2a69d4ab19de0b1b5c948e806 80a9ece2a69d4ab19de0b1b5c948e806] 10.0.20.46 "GET /v2.0/ports?device_id=f0c90eae-c273-4cd0-b995-8173f244d585 HTTP/1.1" status: 200  len: 1124 time: 0.5950749
2018-06-28 20:18:57.268 17309 INFO neutron.wsgi [req-cf7181a3-5dbb-49f3-a2af-6b5e889cbd27 21c6d76341b6494d9d5702c050d608a1 6f092460bc8347d098cbb6c742fd789a - 80a9ece2a69d4ab19de0b1b5c948e806 80a9ece2a69d4ab19de0b1b5c948e806] 10.0.20.46 "GET /v2.0/security-groups?id=727b9a4a-1fbc-495c-944d-cab768b2cdbe HTTP/1.1" status: 200  len: 2118 time: 0.1328139
2018-06-28 20:18:58.043 17309 INFO neutron.wsgi [req-2f99fb74-1465-4f16-b91a-aab62aa08f77 655ab8e67d8e4ca680268ee96a43ee95 0ca3103c90a24980adf86a98ed1a7af3 - default default] 10.0.20.46 "GET /v2.0/ports?tenant_id=6f092460bc8347d098cbb6c742fd789a&device_id=f0c90eae-c273-4cd0-b995-8173f244d585 HTTP/1.1" status: 200  len: 1124 time: 0.1475821
