2018-06-30 09:09:06.550 28790 DEBUG neutron_lib.callbacks.manager [req-0b2324fc-0e40-4dce-ba42-54ed44259206 - - - - -] Notify callbacks ['neutron.plugins.ml2.plugin.Ml2Plugin._port_provisioned-1806484'] for port, provisioning_complete _notify_loop /usr/lib/python2.7/site-packages/neutron_lib/callbacks/manager.py:167
2018-06-30 09:09:06.765 28790 DEBUG neutron_lib.callbacks.manager [req-0b2324fc-0e40-4dce-ba42-54ed44259206 - - - - -] Notify callbacks ['neutron.plugins.ml2.plugin.Ml2Plugin._ensure_default_security_group_handler--9223372036854357160'] for port, before_update _notify_loop /usr/lib/python2.7/site-packages/neutron_lib/callbacks/manager.py:167
2018-06-30 09:09:06.896 28790 DEBUG neutron.plugins.ml2.db [req-0b2324fc-0e40-4dce-ba42-54ed44259206 - - - - -] For port d9876396-43fc-4790-9ce5-32e9b0946f2c, host localhost.localdomain, got binding levels [<neutron.plugins.ml2.models.PortBindingLevel[object at 7fecf7b78150] {port_id=u'd9876396-43fc-4790-9ce5-32e9b0946f2c', host=u'localhost.localdomain', level=0, driver=u'openvswitch', segment_id=u'069f3d0f-6d61-4a3c-8c9c-7dc22af961bf'}>] get_binding_levels /usr/lib/python2.7/site-packages/neutron/plugins/ml2/db.py:106
2018-06-30 09:09:06.924 28790 DEBUG neutron_lib.callbacks.manager [req-0b2324fc-0e40-4dce-ba42-54ed44259206 - - - - -] Notify callbacks ['neutron.db.l3_dvrscheduler_db._notify_l3_agent_port_update-8790984816027', 'neutron.db.l3_hascheduler_db._notify_l3_agent_ha_port_update-8790984816102', 'neutron.api.rpc.agentnotifiers.dhcp_rpc_agent_api.DhcpAgentNotifyAPI._native_event_send_dhcp_notification-1484819', 'neutron.plugins.ml2.plugin.Ml2Plugin.notify_sg_on_port_change-418789', 'neutron.plugins.ml2.ovo_rpc._ObjectChangeHandler.handle_event-543522'] for port, after_update _notify_loop /usr/lib/python2.7/site-packages/neutron_lib/callbacks/manager.py:167
2018-06-30 09:09:06.928 28790 DEBUG oslo_concurrency.lockutils [-] Lock "event-dispatch" acquired by "neutron.plugins.ml2.ovo_rpc.dispatch_events" :: waited 0.000s inner /usr/lib/python2.7/site-packages/oslo_concurrency/lockutils.py:270
2018-06-30 09:09:07.107 28790 DEBUG neutron.api.rpc.handlers.resources_rpc [req-0b2324fc-0e40-4dce-ba42-54ed44259206 - - - - -] neutron.api.rpc.handlers.resources_rpc.ResourcesPushRpcApi method push called with arguments (<neutron_lib.context.Context object at 0x7fecf7b91e50>, [Port(admin_state_up=True,allowed_address_pairs=[],binding=PortBinding,binding_levels=[PortBindingLevel],created_at=2018-06-30T07:08:59Z,data_plane_status=<?>,description='',device_id='63c1a435-8a62-4607-b2e1-c7e46b003a4a',device_owner='network:router_gateway',dhcp_options=[],distributed_binding=None,dns=None,fixed_ips=[IPAllocation],id=d9876396-43fc-4790-9ce5-32e9b0946f2c,mac_address=fa:16:3e:35:2c:23,name='',network_id=65a63b5d-4ab6-4a89-8fc5-4ab4c578efe5,project_id='',qos_policy_id=None,revision_number=6,security=PortSecurity(d9876396-43fc-4790-9ce5-32e9b0946f2c),security_group_ids=set([]),status='ACTIVE',updated_at=2018-06-30T07:09:06Z)], 'updated') {} wrapper /usr/lib/python2.7/site-packages/oslo_log/helpers.py:66
2018-06-30 09:09:07.129 28790 DEBUG oslo_concurrency.lockutils [req-0b2324fc-0e40-4dce-ba42-54ed44259206 - - - - -] Lock "event-dispatch" released by "neutron.plugins.ml2.ovo_rpc.dispatch_events" :: held 0.200s inner /usr/lib/python2.7/site-packages/oslo_concurrency/lockutils.py:282
2018-06-30 09:09:08.222 28799 DEBUG neutron.db.agents_db [req-136601ec-185f-4a79-8d82-db98467c54d6 - - - - -] Agent healthcheck: found 5 active agents agent_health_check /usr/lib/python2.7/site-packages/neutron/db/agents_db.py:281
2018-06-30 09:09:08.282 28794 DEBUG neutron.plugins.ml2.rpc [req-0b2324fc-0e40-4dce-ba42-54ed44259206 - - - - -] Device d9876396-43fc-4790-9ce5-32e9b0946f2c up at agent ovs-agent-localhost.localdomain update_device_up /usr/lib/python2.7/site-packages/neutron/plugins/ml2/rpc.py:244
2018-06-30 09:09:08.386 28787 DEBUG neutron_lib.callbacks.manager [req-3246fd41-2166-4d1c-b2d3-a8f10aec4b72 - - - - -] Notify callbacks ['neutron.services.segments.db._update_segment_host_mapping_for_agent-8790985178674'] for agent, after_update _notify_loop /usr/lib/python2.7/site-packages/neutron_lib/callbacks/manager.py:167
2018-06-30 09:09:08.405 28794 DEBUG neutron.db.provisioning_blocks [req-0b2324fc-0e40-4dce-ba42-54ed44259206 - - - - -] Provisioning complete for port d9876396-43fc-4790-9ce5-32e9b0946f2c triggered by entity L2. provisioning_complete /usr/lib/python2.7/site-packages/neutron/db/provisioning_blocks.py:138
2018-06-30 09:09:08.406 28794 DEBUG neutron_lib.callbacks.manager [req-0b2324fc-0e40-4dce-ba42-54ed44259206 - - - - -] Notify callbacks ['neutron.plugins.ml2.plugin.Ml2Plugin._port_provisioned-1806484'] for port, provisioning_complete _notify_loop /usr/lib/python2.7/site-packages/neutron_lib/callbacks/manager.py:167
2018-06-30 09:09:11.527 28782 DEBUG neutron.wsgi [-] (28782) accepted ('10.0.20.21', 41090) server /usr/lib/python2.7/site-packages/eventlet/wsgi.py:883
2018-06-30 09:09:11.532 28782 INFO neutron.wsgi [-] 10.0.20.21 "GET / HTTP/1.1" status: 200  len: 252 time: 0.0021970
2018-06-30 09:09:12.035 28782 INFO neutron.pecan_wsgi.hooks.translation [req-350b8b62-8985-443f-8c2f-5b084dfd0d39 ad9a3c89a9e64e548d760c490d5a235a e7f728599a3f4ef986040f38104bd9d8 - bed55ec5599c464fb7d18ce2ff3d3aa4 bed55ec5599c464fb7d18ce2ff3d3aa4] GET failed (client error): The resource could not be found.
2018-06-30 09:09:12.037 28782 INFO neutron.wsgi [req-350b8b62-8985-443f-8c2f-5b084dfd0d39 ad9a3c89a9e64e548d760c490d5a235a e7f728599a3f4ef986040f38104bd9d8 - bed55ec5599c464fb7d18ce2ff3d3aa4 bed55ec5599c464fb7d18ce2ff3d3aa4] 10.0.20.21 "GET /v2.0/networks/tempest-private-1530342365 HTTP/1.1" status: 404  len: 334 time: 0.4997571
2018-06-30 09:09:12.283 28782 DEBUG neutron.pecan_wsgi.hooks.policy_enforcement [req-0e8d7abd-1e96-4792-ae00-cd85ae2f5fef ad9a3c89a9e64e548d760c490d5a235a e7f728599a3f4ef986040f38104bd9d8 - bed55ec5599c464fb7d18ce2ff3d3aa4 bed55ec5599c464fb7d18ce2ff3d3aa4] Attributes excluded by policy engine: [u'vlan_transparent'] _exclude_attributes_by_policy /usr/lib/python2.7/site-packages/neutron/pecan_wsgi/hooks/policy_enforcement.py:256
2018-06-30 09:09:12.284 28782 DEBUG neutron.pecan_wsgi.hooks.policy_enforcement [req-0e8d7abd-1e96-4792-ae00-cd85ae2f5fef ad9a3c89a9e64e548d760c490d5a235a e7f728599a3f4ef986040f38104bd9d8 - bed55ec5599c464fb7d18ce2ff3d3aa4 bed55ec5599c464fb7d18ce2ff3d3aa4] Attributes excluded by policy engine: [u'vlan_transparent'] _exclude_attributes_by_policy /usr/lib/python2.7/site-packages/neutron/pecan_wsgi/hooks/policy_enforcement.py:256
2018-06-30 09:09:12.285 28782 DEBUG neutron.pecan_wsgi.hooks.policy_enforcement [req-0e8d7abd-1e96-4792-ae00-cd85ae2f5fef ad9a3c89a9e64e548d760c490d5a235a e7f728599a3f4ef986040f38104bd9d8 - bed55ec5599c464fb7d18ce2ff3d3aa4 bed55ec5599c464fb7d18ce2ff3d3aa4] Attributes excluded by policy engine: [u'vlan_transparent'] _exclude_attributes_by_policy /usr/lib/python2.7/site-packages/neutron/pecan_wsgi/hooks/policy_enforcement.py:256
2018-06-30 09:09:12.287 28782 INFO neutron.wsgi [req-0e8d7abd-1e96-4792-ae00-cd85ae2f5fef ad9a3c89a9e64e548d760c490d5a235a e7f728599a3f4ef986040f38104bd9d8 - bed55ec5599c464fb7d18ce2ff3d3aa4 bed55ec5599c464fb7d18ce2ff3d3aa4] 10.0.20.21 "GET /v2.0/networks HTTP/1.1" status: 200  len: 2214 time: 0.2442510
2018-06-30 09:09:12.327 28782 INFO neutron.api.v2.resource [req-0217623f-6df4-4549-987f-8b60363e96e5 ad9a3c89a9e64e548d760c490d5a235a e7f728599a3f4ef986040f38104bd9d8 - bed55ec5599c464fb7d18ce2ff3d3aa4 bed55ec5599c464fb7d18ce2ff3d3aa4] show failed (client error): The resource could not be found.
2018-06-30 09:09:12.329 28782 INFO neutron.wsgi [req-0217623f-6df4-4549-987f-8b60363e96e5 ad9a3c89a9e64e548d760c490d5a235a e7f728599a3f4ef986040f38104bd9d8 - bed55ec5599c464fb7d18ce2ff3d3aa4 bed55ec5599c464fb7d18ce2ff3d3aa4] 10.0.20.21 "GET /v2.0/security-groups/tempest-SECURITY_GROUP_SAMPLE-1530342365 HTTP/1.1" status: 404  len: 360 time: 0.0262458
2018-06-30 09:09:12.462 28782 INFO neutron.wsgi [req-ec6d8263-072b-4b8c-be57-9c3b92d4335c ad9a3c89a9e64e548d760c490d5a235a e7f728599a3f4ef986040f38104bd9d8 - bed55ec5599c464fb7d18ce2ff3d3aa4 bed55ec5599c464fb7d18ce2ff3d3aa4] 10.0.20.21 "GET /v2.0/security-groups HTTP/1.1" status: 200  len: 21175 time: 0.1289761
2018-06-30 09:09:14.556 28776 DEBUG neutron.wsgi [-] (28776) accepted ('10.0.20.21', 41104) server /usr/lib/python2.7/site-packages/eventlet/wsgi.py:883
2018-06-30 09:09:14.564 28776 WARNING keystonemiddleware.auth_token [-] Using the in-process token cache is deprecated as of the 4.2.0 release and may be removed in the 5.0.0 release or the 'O' development cycle. The in-process cache causes inconsistent results and high memory usage. When the feature is removed the auth_token middleware will not cache tokens by default which may result in performance issues. It is recommended to use  memcache for the auth_token token cache by setting the memcached_servers option.
2018-06-30 09:09:15.854 28776 WARNING keystonemiddleware.auth_token [-] A valid token was submitted as a service token, but it was not a valid service token. This is incorrect but backwards compatible behaviour. This will be removed in future releases.
2018-06-30 09:09:16.233 28776 DEBUG oslo_policy._cache_handler [req-a4e897cf-e8b3-47ea-a6fd-3ad01c94ad0f ad9a3c89a9e64e548d760c490d5a235a e7f728599a3f4ef986040f38104bd9d8 - bed55ec5599c464fb7d18ce2ff3d3aa4 bed55ec5599c464fb7d18ce2ff3d3aa4] Reloading cached file /etc/neutron/policy.json read_cached_file /usr/lib/python2.7/site-packages/oslo_policy/_cache_handler.py:40
2018-06-30 09:09:16.257 28776 DEBUG oslo_policy.policy [req-a4e897cf-e8b3-47ea-a6fd-3ad01c94ad0f ad9a3c89a9e64e548d760c490d5a235a e7f728599a3f4ef986040f38104bd9d8 - bed55ec5599c464fb7d18ce2ff3d3aa4 bed55ec5599c464fb7d18ce2ff3d3aa4] Reloaded policy file: /etc/neutron/policy.json _load_policy_file /usr/lib/python2.7/site-packages/oslo_policy/policy.py:681
2018-06-30 09:09:16.540 28776 DEBUG oslo_policy._cache_handler [req-a4e897cf-e8b3-47ea-a6fd-3ad01c94ad0f ad9a3c89a9e64e548d760c490d5a235a e7f728599a3f4ef986040f38104bd9d8 - bed55ec5599c464fb7d18ce2ff3d3aa4 bed55ec5599c464fb7d18ce2ff3d3aa4] Reloading cached file /etc/neutron/policy.json read_cached_file /usr/lib/python2.7/site-packages/oslo_policy/_cache_handler.py:40
2018-06-30 09:09:16.557 28776 DEBUG oslo_policy.policy [req-a4e897cf-e8b3-47ea-a6fd-3ad01c94ad0f ad9a3c89a9e64e548d760c490d5a235a e7f728599a3f4ef986040f38104bd9d8 - bed55ec5599c464fb7d18ce2ff3d3aa4 bed55ec5599c464fb7d18ce2ff3d3aa4] Reloaded policy file: /etc/neutron/policy.json _load_policy_file /usr/lib/python2.7/site-packages/oslo_policy/policy.py:681
2018-06-30 09:09:16.712 28776 INFO neutron.wsgi [req-a4e897cf-e8b3-47ea-a6fd-3ad01c94ad0f ad9a3c89a9e64e548d760c490d5a235a e7f728599a3f4ef986040f38104bd9d8 - bed55ec5599c464fb7d18ce2ff3d3aa4 bed55ec5599c464fb7d18ce2ff3d3aa4] 10.0.20.21 "GET /v2.0/security-groups?fields=id&id=6a1946ce-481a-45b5-895b-7d330903ca87 HTTP/1.1" status: 200  len: 267 time: 2.1519401
2018-06-30 09:09:16.790 28776 INFO neutron.wsgi [req-cba92b20-1b22-46a7-9b16-3191e8826bad ad9a3c89a9e64e548d760c490d5a235a e7f728599a3f4ef986040f38104bd9d8 - bed55ec5599c464fb7d18ce2ff3d3aa4 bed55ec5599c464fb7d18ce2ff3d3aa4] 10.0.20.21 "GET /v2.0/security-groups/6a1946ce-481a-45b5-895b-7d330903ca87 HTTP/1.1" status: 200  len: 2115 time: 0.0727620
2018-06-30 09:09:17.377 28776 DEBUG neutron.pecan_wsgi.hooks.policy_enforcement [req-65d9a182-1496-470c-82dd-f339bfc21501 ad9a3c89a9e64e548d760c490d5a235a e7f728599a3f4ef986040f38104bd9d8 - bed55ec5599c464fb7d18ce2ff3d3aa4 bed55ec5599c464fb7d18ce2ff3d3aa4] Attributes excluded by policy engine: [u'vlan_transparent'] _exclude_attributes_by_policy /usr/lib/python2.7/site-packages/neutron/pecan_wsgi/hooks/policy_enforcement.py:256
2018-06-30 09:09:17.380 28776 INFO neutron.wsgi [req-65d9a182-1496-470c-82dd-f339bfc21501 ad9a3c89a9e64e548d760c490d5a235a e7f728599a3f4ef986040f38104bd9d8 - bed55ec5599c464fb7d18ce2ff3d3aa4 bed55ec5599c464fb7d18ce2ff3d3aa4] 10.0.20.21 "GET /v2.0/networks?id=29909f49-9a7d-4400-a5aa-c3a78960bb6e HTTP/1.1" status: 200  len: 885 time: 0.5827250
2018-06-30 09:09:17.417 28776 INFO neutron.wsgi [req-b5c9fcac-2cad-4b53-ab25-deed3c3bd804 ad9a3c89a9e64e548d760c490d5a235a e7f728599a3f4ef986040f38104bd9d8 - bed55ec5599c464fb7d18ce2ff3d3aa4 bed55ec5599c464fb7d18ce2ff3d3aa4] 10.0.20.21 "GET /v2.0/quotas/e7f728599a3f4ef986040f38104bd9d8 HTTP/1.1" status: 200  len: 373 time: 0.0312212
2018-06-30 09:09:17.609 28776 INFO neutron.wsgi [req-805be542-555c-472b-92f6-8e472c9300e3 ad9a3c89a9e64e548d760c490d5a235a e7f728599a3f4ef986040f38104bd9d8 - bed55ec5599c464fb7d18ce2ff3d3aa4 bed55ec5599c464fb7d18ce2ff3d3aa4] 10.0.20.21 "GET /v2.0/ports?fields=id&tenant_id=e7f728599a3f4ef986040f38104bd9d8 HTTP/1.1" status: 200  len: 302 time: 0.1854620
2018-06-30 09:09:18.812 28776 INFO neutron.wsgi [req-72c2c96b-42fc-427f-8a9f-6ba0c2a9d799 ad9a3c89a9e64e548d760c490d5a235a e7f728599a3f4ef986040f38104bd9d8 - bed55ec5599c464fb7d18ce2ff3d3aa4 bed55ec5599c464fb7d18ce2ff3d3aa4] 10.0.20.21 "GET /v2.0/ports?device_id=d1ec37dd-1277-4fd9-9052-7c37793724e2 HTTP/1.1" status: 200  len: 210 time: 0.0835180
2018-06-30 09:09:24.381 28778 INFO neutron.wsgi [req-ab5a334c-83f5-447c-96e3-fab28c60bffa ad9a3c89a9e64e548d760c490d5a235a e7f728599a3f4ef986040f38104bd9d8 - bed55ec5599c464fb7d18ce2ff3d3aa4 bed55ec5599c464fb7d18ce2ff3d3aa4] 10.0.20.21 "GET /v2.0/ports?device_id=d1ec37dd-1277-4fd9-9052-7c37793724e2 HTTP/1.1" status: 200  len: 210 time: 0.2956641
2018-06-30 09:09:24.409 28778 DEBUG neutron.wsgi [req-8f74acc5-387b-4ff0-ab00-2c5d496c34b0 ad9a3c89a9e64e548d760c490d5a235a e7f728599a3f4ef986040f38104bd9d8 - bed55ec5599c464fb7d18ce2ff3d3aa4 bed55ec5599c464fb7d18ce2ff3d3aa4] http://10.0.20.21:9696/v2.0/extensions returned with HTTP 200 __call__ /usr/lib/python2.7/site-packages/neutron/wsgi.py:715
2018-06-30 09:09:24.410 28778 INFO neutron.wsgi [req-8f74acc5-387b-4ff0-ab00-2c5d496c34b0 ad9a3c89a9e64e548d760c490d5a235a e7f728599a3f4ef986040f38104bd9d8 - bed55ec5599c464fb7d18ce2ff3d3aa4 bed55ec5599c464fb7d18ce2ff3d3aa4] 10.0.20.21 "GET /v2.0/extensions HTTP/1.1" status: 200  len: 8566 time: 0.0199609
2018-06-30 09:09:26.080 28776 INFO neutron.wsgi [req-4be15125-9256-4b1a-a2e6-4a4f2055256d ad9a3c89a9e64e548d760c490d5a235a e7f728599a3f4ef986040f38104bd9d8 - bed55ec5599c464fb7d18ce2ff3d3aa4 bed55ec5599c464fb7d18ce2ff3d3aa4] 10.0.20.21 "GET /v2.0/ports?device_id=d1ec37dd-1277-4fd9-9052-7c37793724e2 HTTP/1.1" status: 200  len: 210 time: 0.5882080
2018-06-30 09:09:26.620 28778 INFO neutron.wsgi [req-5c67d82c-917c-47ec-9faa-deb8b847f914 59f963f90a0940d0a0321d158c75bc86 6ce4dd91709c441d9f1b40034ea03af4 - default default] 10.0.20.21 "GET /v2.0/ports?tenant_id=f4a570c942f04ee3b556f3e6756b5a50&device_id=fbe9921b-01af-42ef-a506-f7a67f25f76a HTTP/1.1" status: 200  len: 1125 time: 0.4299340
2018-06-30 09:09:26.896 28778 DEBUG neutron.pecan_wsgi.hooks.policy_enforcement [req-2111d482-86fe-4382-9576-9a1b9966fdfb 59f963f90a0940d0a0321d158c75bc86 6ce4dd91709c441d9f1b40034ea03af4 - default default] Attributes excluded by policy engine: [u'vlan_transparent'] _exclude_attributes_by_policy /usr/lib/python2.7/site-packages/neutron/pecan_wsgi/hooks/policy_enforcement.py:256
2018-06-30 09:09:26.899 28778 INFO neutron.wsgi [req-2111d482-86fe-4382-9576-9a1b9966fdfb 59f963f90a0940d0a0321d158c75bc86 6ce4dd91709c441d9f1b40034ea03af4 - default default] 10.0.20.21 "GET /v2.0/networks?id=65a63b5d-4ab6-4a89-8fc5-4ab4c578efe5 HTTP/1.1" status: 200  len: 888 time: 0.2658870
2018-06-30 09:09:26.933 28778 INFO neutron.wsgi [req-00d6bda1-d6c9-4608-87e2-dcbf2087700f 59f963f90a0940d0a0321d158c75bc86 6ce4dd91709c441d9f1b40034ea03af4 - default default] 10.0.20.21 "GET /v2.0/floatingips?fixed_ip_address=172.24.4.11&port_id=de636301-2b4d-4580-966c-2174f43d6448 HTTP/1.1" status: 200  len: 217 time: 0.0281219
2018-06-30 09:09:27.072 28778 DEBUG neutron.pecan_wsgi.hooks.policy_enforcement [req-a0d24797-02c0-472e-a76d-fb8388b17f3c 59f963f90a0940d0a0321d158c75bc86 6ce4dd91709c441d9f1b40034ea03af4 - default default] Attributes excluded by policy engine: [u'shared'] _exclude_attributes_by_policy /usr/lib/python2.7/site-packages/neutron/pecan_wsgi/hooks/policy_enforcement.py:256
2018-06-30 09:09:27.076 28778 INFO neutron.wsgi [req-a0d24797-02c0-472e-a76d-fb8388b17f3c 59f963f90a0940d0a0321d158c75bc86 6ce4dd91709c441d9f1b40034ea03af4 - default default] 10.0.20.21 "GET /v2.0/subnets?id=0db29b77-dce9-468d-9f4c-d777953f217f HTTP/1.1" status: 200  len: 819 time: 0.1378379
2018-06-30 09:09:27.145 28778 INFO neutron.wsgi [req-f465f51e-c779-4749-b9e4-7f8d28dc759b 59f963f90a0940d0a0321d158c75bc86 6ce4dd91709c441d9f1b40034ea03af4 - default default] 10.0.20.21 "GET /v2.0/ports?network_id=65a63b5d-4ab6-4a89-8fc5-4ab4c578efe5&device_owner=network%3Adhcp HTTP/1.1" status: 200  len: 210 time: 0.0623281
2018-06-30 09:09:29.420 28786 DEBUG neutron_lib.callbacks.manager [req-0b2324fc-0e40-4dce-ba42-54ed44259206 - - - - -] Notify callbacks ['neutron.services.segments.db._update_segment_host_mapping_for_agent-8790985178674'] for agent, after_update _notify_loop /usr/lib/python2.7/site-packages/neutron_lib/callbacks/manager.py:167
2018-06-30 09:09:33.242 28788 DEBUG neutron_lib.callbacks.manager [req-d643c321-8953-4e8c-aa0a-8f8d3fe7bcdf - - - - -] Notify callbacks ['neutron.services.segments.db._update_segment_host_mapping_for_agent-8790985178674'] for agent, after_update _notify_loop /usr/lib/python2.7/site-packages/neutron_lib/callbacks/manager.py:167
2018-06-30 09:09:33.287 28785 DEBUG neutron_lib.callbacks.manager [req-c349730e-2d1c-4b7e-8cc4-6c32e0e7bced - - - - -] Notify callbacks ['neutron.services.segments.db._update_segment_host_mapping_for_agent-8790985178674'] for agent, after_update _notify_loop /usr/lib/python2.7/site-packages/neutron_lib/callbacks/manager.py:167
2018-06-30 09:09:35.175 28784 DEBUG neutron_lib.callbacks.manager [req-c253fc86-7838-4567-978d-d73051543a49 - - - - -] Notify callbacks ['neutron.services.segments.db._update_segment_host_mapping_for_agent-8790985178674'] for agent, after_update _notify_loop /usr/lib/python2.7/site-packages/neutron_lib/callbacks/manager.py:167
2018-06-30 09:09:35.589 28776 INFO neutron.wsgi [req-10afd1bf-9bdc-48bd-a113-500d0fbd66ff ad9a3c89a9e64e548d760c490d5a235a e7f728599a3f4ef986040f38104bd9d8 - bed55ec5599c464fb7d18ce2ff3d3aa4 bed55ec5599c464fb7d18ce2ff3d3aa4] 10.0.20.21 "GET /v2.0/ports?device_id=d1ec37dd-1277-4fd9-9052-7c37793724e2 HTTP/1.1" status: 200  len: 210 time: 0.4704640
2018-06-30 09:09:38.375 28793 DEBUG neutron_lib.callbacks.manager [req-3246fd41-2166-4d1c-b2d3-a8f10aec4b72 - - - - -] Notify callbacks ['neutron.services.segments.db._update_segment_host_mapping_for_agent-8790985178674'] for agent, after_update _notify_loop /usr/lib/python2.7/site-packages/neutron_lib/callbacks/manager.py:167
2018-06-30 09:09:45.225 28799 DEBUG neutron.db.agents_db [req-136601ec-185f-4a79-8d82-db98467c54d6 - - - - -] Agent healthcheck: found 5 active agents agent_health_check /usr/lib/python2.7/site-packages/neutron/db/agents_db.py:281
2018-06-30 09:09:46.856 28776 INFO neutron.wsgi [req-2c82dda6-6590-4624-863b-6308ec021cf8 ad9a3c89a9e64e548d760c490d5a235a e7f728599a3f4ef986040f38104bd9d8 - bed55ec5599c464fb7d18ce2ff3d3aa4 bed55ec5599c464fb7d18ce2ff3d3aa4] 10.0.20.21 "GET /v2.0/ports?device_id=d1ec37dd-1277-4fd9-9052-7c37793724e2 HTTP/1.1" status: 200  len: 210 time: 0.5999951
2018-06-30 09:09:59.421 28794 DEBUG neutron_lib.callbacks.manager [req-0b2324fc-0e40-4dce-ba42-54ed44259206 - - - - -] Notify callbacks ['neutron.services.segments.db._update_segment_host_mapping_for_agent-8790985178674'] for agent, after_update _notify_loop /usr/lib/python2.7/site-packages/neutron_lib/callbacks/manager.py:167
2018-06-30 09:10:00.601 28781 DEBUG neutron.quota.resource [req-d373e8da-dba1-4705-80e4-e352fc0b42e9 ad9a3c89a9e64e548d760c490d5a235a e7f728599a3f4ef986040f38104bd9d8 - bed55ec5599c464fb7d18ce2ff3d3aa4 bed55ec5599c464fb7d18ce2ff3d3aa4] Synchronizing usage tracker for tenant:e7f728599a3f4ef986040f38104bd9d8 on resource:port resync /usr/lib/python2.7/site-packages/neutron/quota/resource.py:245
2018-06-30 09:10:00.656 28781 DEBUG neutron.quota.resource [req-d373e8da-dba1-4705-80e4-e352fc0b42e9 ad9a3c89a9e64e548d760c490d5a235a e7f728599a3f4ef986040f38104bd9d8 - bed55ec5599c464fb7d18ce2ff3d3aa4 bed55ec5599c464fb7d18ce2ff3d3aa4] Unset dirty status for tenant:e7f728599a3f4ef986040f38104bd9d8 on resource:port _resync /usr/lib/python2.7/site-packages/neutron/quota/resource.py:237
2018-06-30 09:10:00.658 28781 INFO neutron.wsgi [req-d373e8da-dba1-4705-80e4-e352fc0b42e9 ad9a3c89a9e64e548d760c490d5a235a e7f728599a3f4ef986040f38104bd9d8 - bed55ec5599c464fb7d18ce2ff3d3aa4 bed55ec5599c464fb7d18ce2ff3d3aa4] 10.0.20.21 "GET /v2.0/ports?device_id=d1ec37dd-1277-4fd9-9052-7c37793724e2 HTTP/1.1" status: 200  len: 210 time: 1.1310649
2018-06-30 09:10:03.266 28790 DEBUG neutron_lib.callbacks.manager [req-d643c321-8953-4e8c-aa0a-8f8d3fe7bcdf - - - - -] Notify callbacks ['neutron.services.segments.db._update_segment_host_mapping_for_agent-8790985178674'] for agent, after_update _notify_loop /usr/lib/python2.7/site-packages/neutron_lib/callbacks/manager.py:167
2018-06-30 09:10:03.300 28798 DEBUG neutron_lib.callbacks.manager [req-7058cae3-007e-437a-a186-28a7fdb52bbe - - - - -] Notify callbacks ['neutron.services.segments.db._update_segment_host_mapping_for_agent-8790985178674'] for agent, after_update _notify_loop /usr/lib/python2.7/site-packages/neutron_lib/callbacks/manager.py:167
2018-06-30 09:10:05.157 28787 DEBUG neutron_lib.callbacks.manager [req-aae45666-2112-4f98-bb6a-b42fe3d377d5 - - - - -] Notify callbacks ['neutron.services.segments.db._update_segment_host_mapping_for_agent-8790985178674'] for agent, after_update _notify_loop /usr/lib/python2.7/site-packages/neutron_lib/callbacks/manager.py:167
2018-06-30 09:10:08.431 28786 DEBUG neutron_lib.callbacks.manager [req-3246fd41-2166-4d1c-b2d3-a8f10aec4b72 - - - - -] Notify callbacks ['neutron.services.segments.db._update_segment_host_mapping_for_agent-8790985178674'] for agent, after_update _notify_loop /usr/lib/python2.7/site-packages/neutron_lib/callbacks/manager.py:167
2018-06-30 09:10:17.819 28776 INFO neutron.wsgi [req-26379504-e39a-49c1-86c2-1d68865c5160 ad9a3c89a9e64e548d760c490d5a235a e7f728599a3f4ef986040f38104bd9d8 - bed55ec5599c464fb7d18ce2ff3d3aa4 bed55ec5599c464fb7d18ce2ff3d3aa4] 10.0.20.21 "GET /v2.0/ports?device_id=d1ec37dd-1277-4fd9-9052-7c37793724e2 HTTP/1.1" status: 200  len: 210 time: 0.4836290
2018-06-30 09:10:22.227 28799 DEBUG neutron.db.agents_db [req-136601ec-185f-4a79-8d82-db98467c54d6 - - - - -] Agent healthcheck: found 5 active agents agent_health_check /usr/lib/python2.7/site-packages/neutron/db/agents_db.py:281
2018-06-30 09:10:29.127 28778 INFO neutron.wsgi [req-281b77ea-debf-4555-a582-f15c583d218c 59f963f90a0940d0a0321d158c75bc86 6ce4dd91709c441d9f1b40034ea03af4 - default default] 10.0.20.21 "GET /v2.0/ports?tenant_id=f4a570c942f04ee3b556f3e6756b5a50&device_id=fbe9921b-01af-42ef-a506-f7a67f25f76a HTTP/1.1" status: 200  len: 1125 time: 0.1097591
2018-06-30 09:10:29.365 28778 DEBUG neutron.pecan_wsgi.hooks.policy_enforcement [req-152fed69-4da8-4f92-9922-fd8d5af6f3ee 59f963f90a0940d0a0321d158c75bc86 6ce4dd91709c441d9f1b40034ea03af4 - default default] Attributes excluded by policy engine: [u'vlan_transparent'] _exclude_attributes_by_policy /usr/lib/python2.7/site-packages/neutron/pecan_wsgi/hooks/policy_enforcement.py:256
2018-06-30 09:10:29.368 28778 INFO neutron.wsgi [req-152fed69-4da8-4f92-9922-fd8d5af6f3ee 59f963f90a0940d0a0321d158c75bc86 6ce4dd91709c441d9f1b40034ea03af4 - default default] 10.0.20.21 "GET /v2.0/networks?id=65a63b5d-4ab6-4a89-8fc5-4ab4c578efe5 HTTP/1.1" status: 200  len: 888 time: 0.2355239
2018-06-30 09:10:29.412 28778 INFO neutron.wsgi [req-ce7891b5-66d9-4383-b32e-32b74a5e91c2 59f963f90a0940d0a0321d158c75bc86 6ce4dd91709c441d9f1b40034ea03af4 - default default] 10.0.20.21 "GET /v2.0/floatingips?fixed_ip_address=172.24.4.11&port_id=de636301-2b4d-4580-966c-2174f43d6448 HTTP/1.1" status: 200  len: 217 time: 0.0391850
2018-06-30 09:10:29.420 28788 DEBUG neutron_lib.callbacks.manager [req-0b2324fc-0e40-4dce-ba42-54ed44259206 - - - - -] Notify callbacks ['neutron.services.segments.db._update_segment_host_mapping_for_agent-8790985178674'] for agent, after_update _notify_loop /usr/lib/python2.7/site-packages/neutron_lib/callbacks/manager.py:167
2018-06-30 09:10:29.551 28778 DEBUG neutron.pecan_wsgi.hooks.policy_enforcement [req-e76de937-ae30-496d-b993-a23c5117df8c 59f963f90a0940d0a0321d158c75bc86 6ce4dd91709c441d9f1b40034ea03af4 - default default] Attributes excluded by policy engine: [u'shared'] _exclude_attributes_by_policy /usr/lib/python2.7/site-packages/neutron/pecan_wsgi/hooks/policy_enforcement.py:256
2018-06-30 09:10:29.554 28778 INFO neutron.wsgi [req-e76de937-ae30-496d-b993-a23c5117df8c 59f963f90a0940d0a0321d158c75bc86 6ce4dd91709c441d9f1b40034ea03af4 - default default] 10.0.20.21 "GET /v2.0/subnets?id=0db29b77-dce9-468d-9f4c-d777953f217f HTTP/1.1" status: 200  len: 819 time: 0.1356909
2018-06-30 09:10:29.638 28778 INFO neutron.wsgi [req-4495305d-8f28-4eb9-ab54-b71b15bf5f66 59f963f90a0940d0a0321d158c75bc86 6ce4dd91709c441d9f1b40034ea03af4 - default default] 10.0.20.21 "GET /v2.0/ports?network_id=65a63b5d-4ab6-4a89-8fc5-4ab4c578efe5&device_owner=network%3Adhcp HTTP/1.1" status: 200  len: 210 time: 0.0776701
2018-06-30 09:10:33.256 28785 DEBUG neutron_lib.callbacks.manager [req-d643c321-8953-4e8c-aa0a-8f8d3fe7bcdf - - - - -] Notify callbacks ['neutron.services.segments.db._update_segment_host_mapping_for_agent-8790985178674'] for agent, after_update _notify_loop /usr/lib/python2.7/site-packages/neutron_lib/callbacks/manager.py:167
2018-06-30 09:10:33.299 28784 DEBUG neutron_lib.callbacks.manager [req-1f58e7bb-6331-4456-9632-98a9c927c81f - - - - -] Notify callbacks ['neutron.services.segments.db._update_segment_host_mapping_for_agent-8790985178674'] for agent, after_update _notify_loop /usr/lib/python2.7/site-packages/neutron_lib/callbacks/manager.py:167
2018-06-30 09:10:33.586 28783 DEBUG neutron.wsgi [-] (28783) accepted ('10.0.20.21', 42458) server /usr/lib/python2.7/site-packages/eventlet/wsgi.py:883
2018-06-30 09:10:33.590 28783 INFO neutron.wsgi [-] 10.0.20.21 "GET / HTTP/1.1" status: 200  len: 252 time: 0.0022810
2018-06-30 09:10:34.036 28783 INFO neutron.pecan_wsgi.hooks.translation [req-7f719f26-ccf8-4720-ad8c-78e6590dd1cb 5feafc9ff48747df82912c2055bf7429 f4a570c942f04ee3b556f3e6756b5a50 - default default] GET failed (client error): The resource could not be found.
2018-06-30 09:10:34.038 28783 INFO neutron.wsgi [req-7f719f26-ccf8-4720-ad8c-78e6590dd1cb 5feafc9ff48747df82912c2055bf7429 f4a570c942f04ee3b556f3e6756b5a50 - default default] 10.0.20.21 "GET /v2.0/networks/public HTTP/1.1" status: 404  len: 314 time: 0.4432731
2018-06-30 09:10:34.295 28783 DEBUG neutron.pecan_wsgi.hooks.policy_enforcement [req-89304448-7af9-4c5c-8b46-7721b837afec 5feafc9ff48747df82912c2055bf7429 f4a570c942f04ee3b556f3e6756b5a50 - default default] Attributes excluded by policy engine: [u'vlan_transparent'] _exclude_attributes_by_policy /usr/lib/python2.7/site-packages/neutron/pecan_wsgi/hooks/policy_enforcement.py:256
2018-06-30 09:10:34.296 28783 DEBUG neutron.pecan_wsgi.hooks.policy_enforcement [req-89304448-7af9-4c5c-8b46-7721b837afec 5feafc9ff48747df82912c2055bf7429 f4a570c942f04ee3b556f3e6756b5a50 - default default] Attributes excluded by policy engine: [u'vlan_transparent'] _exclude_attributes_by_policy /usr/lib/python2.7/site-packages/neutron/pecan_wsgi/hooks/policy_enforcement.py:256
2018-06-30 09:10:34.297 28783 DEBUG neutron.pecan_wsgi.hooks.policy_enforcement [req-89304448-7af9-4c5c-8b46-7721b837afec 5feafc9ff48747df82912c2055bf7429 f4a570c942f04ee3b556f3e6756b5a50 - default default] Attributes excluded by policy engine: [u'vlan_transparent'] _exclude_attributes_by_policy /usr/lib/python2.7/site-packages/neutron/pecan_wsgi/hooks/policy_enforcement.py:256
2018-06-30 09:10:34.299 28783 INFO neutron.wsgi [req-89304448-7af9-4c5c-8b46-7721b837afec 5feafc9ff48747df82912c2055bf7429 f4a570c942f04ee3b556f3e6756b5a50 - default default] 10.0.20.21 "GET /v2.0/networks HTTP/1.1" status: 200  len: 2214 time: 0.2562020
2018-06-30 09:10:34.857 28783 DEBUG neutron.api.v2.base [req-ea6268f2-0a8d-4164-bd31-380c68842886 5feafc9ff48747df82912c2055bf7429 f4a570c942f04ee3b556f3e6756b5a50 - default default] Request body: {u'floatingip': {u'floating_network_id': u'65a63b5d-4ab6-4a89-8fc5-4ab4c578efe5', u'tenant_id': u'e7f728599a3f4ef986040f38104bd9d8'}} prepare_request_body /usr/lib/python2.7/site-packages/neutron/api/v2/base.py:695
2018-06-30 09:10:34.858 28783 INFO neutron.quota [req-ea6268f2-0a8d-4164-bd31-380c68842886 5feafc9ff48747df82912c2055bf7429 f4a570c942f04ee3b556f3e6756b5a50 - default default] Loaded quota_driver: <neutron.db.quota.driver.DbQuotaDriver object at 0x7fecf7de52d0>.
2018-06-30 09:10:34.869 28783 DEBUG neutron.db.quota.driver [req-ea6268f2-0a8d-4164-bd31-380c68842886 5feafc9ff48747df82912c2055bf7429 f4a570c942f04ee3b556f3e6756b5a50 - default default] Resources subnetpool have unlimited quota limit. It is not required to calculate headroom  make_reservation /usr/lib/python2.7/site-packages/neutron/db/quota/driver.py:223
2018-06-30 09:10:34.881 28783 DEBUG neutron.quota.resource [req-ea6268f2-0a8d-4164-bd31-380c68842886 5feafc9ff48747df82912c2055bf7429 f4a570c942f04ee3b556f3e6756b5a50 - default default] Usage tracker for resource:floatingip and tenant:e7f728599a3f4ef986040f38104bd9d8 is out of sync, need to count used quota count_used /usr/lib/python2.7/site-packages/neutron/quota/resource.py:274
2018-06-30 09:10:34.896 28783 DEBUG neutron.quota.resource [req-ea6268f2-0a8d-4164-bd31-380c68842886 5feafc9ff48747df82912c2055bf7429 f4a570c942f04ee3b556f3e6756b5a50 - default default] Quota usage for floatingip was recalculated. Used quota:0. count_used /usr/lib/python2.7/site-packages/neutron/quota/resource.py:293
2018-06-30 09:10:34.909 28783 DEBUG neutron.db.quota.driver [req-ea6268f2-0a8d-4164-bd31-380c68842886 5feafc9ff48747df82912c2055bf7429 f4a570c942f04ee3b556f3e6756b5a50 - default default] Attempting to reserve 1 items for resource floatingip. Total usage: 0; quota limit: 50; headroom:50 make_reservation /usr/lib/python2.7/site-packages/neutron/db/quota/driver.py:255
2018-06-30 09:10:35.169 28793 DEBUG neutron_lib.callbacks.manager [req-a341de37-a859-4f21-8681-e52e6145dfcf - - - - -] Notify callbacks ['neutron.services.segments.db._update_segment_host_mapping_for_agent-8790985178674'] for agent, after_update _notify_loop /usr/lib/python2.7/site-packages/neutron_lib/callbacks/manager.py:167
2018-06-30 09:10:35.187 28783 DEBUG neutron_lib.callbacks.manager [req-ea6268f2-0a8d-4164-bd31-380c68842886 5feafc9ff48747df82912c2055bf7429 f4a570c942f04ee3b556f3e6756b5a50 - default default] Notify callbacks ['neutron.plugins.ml2.plugin.Ml2Plugin._ensure_default_security_group_handler--9223372036854357160'] for port, before_create _notify_loop /usr/lib/python2.7/site-packages/neutron_lib/callbacks/manager.py:167
2018-06-30 09:10:35.731 28783 DEBUG neutron.db.db_base_plugin_common [req-ea6268f2-0a8d-4164-bd31-380c68842886 5feafc9ff48747df82912c2055bf7429 f4a570c942f04ee3b556f3e6756b5a50 - default default] Allocated IP 172.24.4.15 (65a63b5d-4ab6-4a89-8fc5-4ab4c578efe5/0db29b77-dce9-468d-9f4c-d777953f217f/a7f62ce8-c6d2-43f9-b422-0ba1a3015c5c) _store_ip_allocation /usr/lib/python2.7/site-packages/neutron/db/db_base_plugin_common.py:122
2018-06-30 09:10:36.064 28783 DEBUG neutron_lib.callbacks.manager [req-ea6268f2-0a8d-4164-bd31-380c68842886 5feafc9ff48747df82912c2055bf7429 f4a570c942f04ee3b556f3e6756b5a50 - default default] Notify callbacks [] for port, precommit_create _notify_loop /usr/lib/python2.7/site-packages/neutron_lib/callbacks/manager.py:167
2018-06-30 09:10:36.164 28783 DEBUG neutron_lib.callbacks.manager [req-ea6268f2-0a8d-4164-bd31-380c68842886 5feafc9ff48747df82912c2055bf7429 f4a570c942f04ee3b556f3e6756b5a50 - default default] Notify callbacks ['neutron.db.l3_dvrscheduler_db._notify_l3_agent_new_port-8790984816012', 'neutron.api.rpc.agentnotifiers.dhcp_rpc_agent_api.DhcpAgentNotifyAPI._native_event_send_dhcp_notification-1484819', 'neutron.plugins.ml2.plugin.Ml2Plugin.notify_sg_on_port_change-418789', 'neutron.plugins.ml2.ovo_rpc._ObjectChangeHandler.handle_event-543522'] for port, after_create _notify_loop /usr/lib/python2.7/site-packages/neutron_lib/callbacks/manager.py:167
2018-06-30 09:10:36.165 28783 DEBUG neutron.db.l3_dvrscheduler_db [req-ea6268f2-0a8d-4164-bd31-380c68842886 5feafc9ff48747df82912c2055bf7429 f4a570c942f04ee3b556f3e6756b5a50 - default default] Received port after_create _notify_l3_agent_new_port /usr/lib/python2.7/site-packages/neutron/db/l3_dvrscheduler_db.py:392
2018-06-30 09:10:36.377 28783 DEBUG neutron.scheduler.dhcp_agent_scheduler [req-ea6268f2-0a8d-4164-bd31-380c68842886 5feafc9ff48747df82912c2055bf7429 f4a570c942f04ee3b556f3e6756b5a50 - default default] Network 65a63b5d-4ab6-4a89-8fc5-4ab4c578efe5 is already hosted by enough agents. _get_dhcp_agents_hosting_network /usr/lib/python2.7/site-packages/neutron/scheduler/dhcp_agent_scheduler.py:243
2018-06-30 09:10:36.670 28783 DEBUG oslo_concurrency.lockutils [-] Lock "event-dispatch" acquired by "neutron.plugins.ml2.ovo_rpc.dispatch_events" :: waited 0.000s inner /usr/lib/python2.7/site-packages/oslo_concurrency/lockutils.py:270
2018-06-30 09:10:36.823 28783 DEBUG neutron.api.rpc.handlers.resources_rpc [req-ea6268f2-0a8d-4164-bd31-380c68842886 5feafc9ff48747df82912c2055bf7429 f4a570c942f04ee3b556f3e6756b5a50 - - -] neutron.api.rpc.handlers.resources_rpc.ResourcesPushRpcApi method push called with arguments (<neutron_lib.context.Context object at 0x7fecf76c8cd0>, [Port(admin_state_up=True,allowed_address_pairs=[],binding=PortBinding,binding_levels=[],created_at=2018-06-30T07:10:35Z,data_plane_status=<?>,description='',device_id='PENDING',device_owner='network:floatingip',dhcp_options=[],distributed_binding=None,dns=None,fixed_ips=[IPAllocation],id=a7f62ce8-c6d2-43f9-b422-0ba1a3015c5c,mac_address=fa:16:3e:3a:84:ec,name='',network_id=65a63b5d-4ab6-4a89-8fc5-4ab4c578efe5,project_id='',qos_policy_id=None,revision_number=3,security=PortSecurity(a7f62ce8-c6d2-43f9-b422-0ba1a3015c5c),security_group_ids=set([]),status='N/A',updated_at=2018-06-30T07:10:36Z)], 'updated') {} wrapper /usr/lib/python2.7/site-packages/oslo_log/helpers.py:66
2018-06-30 09:10:36.841 28783 DEBUG neutron.api.rpc.callbacks.version_manager [req-ea6268f2-0a8d-4164-bd31-380c68842886 5feafc9ff48747df82912c2055bf7429 f4a570c942f04ee3b556f3e6756b5a50 - - -] Version for resource type Subnet changed None to 1.0 on consumer Open vSwitch agent@localhost.localdomain _set_version /usr/lib/python2.7/site-packages/neutron/api/rpc/callbacks/version_manager.py:119
2018-06-30 09:10:36.841 28783 DEBUG neutron.api.rpc.callbacks.version_manager [req-ea6268f2-0a8d-4164-bd31-380c68842886 5feafc9ff48747df82912c2055bf7429 f4a570c942f04ee3b556f3e6756b5a50 - - -] Version for resource type Network changed None to 1.0 on consumer Open vSwitch agent@localhost.localdomain _set_version /usr/lib/python2.7/site-packages/neutron/api/rpc/callbacks/version_manager.py:119
2018-06-30 09:10:36.842 28783 DEBUG neutron.api.rpc.callbacks.version_manager [req-ea6268f2-0a8d-4164-bd31-380c68842886 5feafc9ff48747df82912c2055bf7429 f4a570c942f04ee3b556f3e6756b5a50 - - -] Version for resource type SubPort changed None to 1.0 on consumer Open vSwitch agent@localhost.localdomain _set_version /usr/lib/python2.7/site-packages/neutron/api/rpc/callbacks/version_manager.py:119
2018-06-30 09:10:36.843 28783 DEBUG neutron.api.rpc.callbacks.version_manager [req-ea6268f2-0a8d-4164-bd31-380c68842886 5feafc9ff48747df82912c2055bf7429 f4a570c942f04ee3b556f3e6756b5a50 - - -] Version for resource type SecurityGroup changed None to 1.0 on consumer Open vSwitch agent@localhost.localdomain _set_version /usr/lib/python2.7/site-packages/neutron/api/rpc/callbacks/version_manager.py:119
2018-06-30 09:10:36.843 28783 DEBUG neutron.api.rpc.callbacks.version_manager [req-ea6268f2-0a8d-4164-bd31-380c68842886 5feafc9ff48747df82912c2055bf7429 f4a570c942f04ee3b556f3e6756b5a50 - - -] Version for resource type SecurityGroupRule changed None to 1.0 on consumer Open vSwitch agent@localhost.localdomain _set_version /usr/lib/python2.7/site-packages/neutron/api/rpc/callbacks/version_manager.py:119
2018-06-30 09:10:36.844 28783 DEBUG neutron.api.rpc.callbacks.version_manager [req-ea6268f2-0a8d-4164-bd31-380c68842886 5feafc9ff48747df82912c2055bf7429 f4a570c942f04ee3b556f3e6756b5a50 - - -] Version for resource type Trunk changed None to 1.1 on consumer Open vSwitch agent@localhost.localdomain _set_version /usr/lib/python2.7/site-packages/neutron/api/rpc/callbacks/version_manager.py:119
2018-06-30 09:10:36.844 28783 DEBUG neutron.api.rpc.callbacks.version_manager [req-ea6268f2-0a8d-4164-bd31-380c68842886 5feafc9ff48747df82912c2055bf7429 f4a570c942f04ee3b556f3e6756b5a50 - - -] Version for resource type QosPolicy changed None to 1.6 on consumer Open vSwitch agent@localhost.localdomain _set_version /usr/lib/python2.7/site-packages/neutron/api/rpc/callbacks/version_manager.py:119
2018-06-30 09:10:36.845 28783 DEBUG neutron.api.rpc.callbacks.version_manager [req-ea6268f2-0a8d-4164-bd31-380c68842886 5feafc9ff48747df82912c2055bf7429 f4a570c942f04ee3b556f3e6756b5a50 - - -] Version for resource type Port changed None to 1.1 on consumer Open vSwitch agent@localhost.localdomain _set_version /usr/lib/python2.7/site-packages/neutron/api/rpc/callbacks/version_manager.py:119
2018-06-30 09:10:36.845 28783 DEBUG neutron.api.rpc.callbacks.version_manager [req-ea6268f2-0a8d-4164-bd31-380c68842886 5feafc9ff48747df82912c2055bf7429 f4a570c942f04ee3b556f3e6756b5a50 - - -] Version for resource type Log changed None to 1.0 on consumer Open vSwitch agent@localhost.localdomain _set_version /usr/lib/python2.7/site-packages/neutron/api/rpc/callbacks/version_manager.py:119
2018-06-30 09:10:36.847 28783 DEBUG neutron.api.rpc.callbacks.version_manager [req-ea6268f2-0a8d-4164-bd31-380c68842886 5feafc9ff48747df82912c2055bf7429 f4a570c942f04ee3b556f3e6756b5a50 - - -] Tracked resource versions report:
pushed versions:
{   'Log': set(['1.0']),
    'Network': set(['1.0']),
    'Port': set(['1.1']),
    'QosPolicy': set(['1.6']),
    'SecurityGroup': set(['1.0']),
    'SecurityGroupRule': set(['1.0']),
    'SubPort': set(['1.0']),
    'Subnet': set(['1.0']),
    'Trunk': set(['1.1'])}

consumer versions:
{   DHCP agent@localhost.localdomain: {   },
    L3 agent@localhost.localdomain: {   },
    Metadata agent@localhost.localdomain: {   },
    Metering agent@localhost.localdomain: {   },
    Open vSwitch agent@localhost.localdomain: {   u'Log': u'1.0',
                                                  u'Network': u'1.0',
                                                  u'Port': u'1.1',
                                                  u'QosPolicy': u'1.6',
                                                  u'SecurityGroup': u'1.0',
                                                  u'SecurityGroupRule': u'1.0',
                                                  u'SubPort': u'1.0',
                                                  u'Subnet': u'1.0',
                                                  u'Trunk': u'1.1'}}
 report /usr/lib/python2.7/site-packages/neutron/api/rpc/callbacks/version_manager.py:178
2018-06-30 09:10:36.855 28783 DEBUG neutron_lib.callbacks.manager [req-ea6268f2-0a8d-4164-bd31-380c68842886 5feafc9ff48747df82912c2055bf7429 f4a570c942f04ee3b556f3e6756b5a50 - default default] Notify callbacks ['neutron.plugins.ml2.plugin.Ml2Plugin._ensure_default_security_group_handler--9223372036854357160'] for port, before_update _notify_loop /usr/lib/python2.7/site-packages/neutron_lib/callbacks/manager.py:167
2018-06-30 09:10:36.898 28783 DEBUG oslo_concurrency.lockutils [req-ea6268f2-0a8d-4164-bd31-380c68842886 5feafc9ff48747df82912c2055bf7429 f4a570c942f04ee3b556f3e6756b5a50 - - -] Lock "event-dispatch" released by "neutron.plugins.ml2.ovo_rpc.dispatch_events" :: held 0.228s inner /usr/lib/python2.7/site-packages/oslo_concurrency/lockutils.py:282
2018-06-30 09:10:37.443 28783 DEBUG neutron_lib.callbacks.manager [req-ea6268f2-0a8d-4164-bd31-380c68842886 5feafc9ff48747df82912c2055bf7429 f4a570c942f04ee3b556f3e6756b5a50 - default default] Notify callbacks [] for port, precommit_update _notify_loop /usr/lib/python2.7/site-packages/neutron_lib/callbacks/manager.py:167
2018-06-30 09:10:37.451 28783 DEBUG neutron_lib.callbacks.manager [req-ea6268f2-0a8d-4164-bd31-380c68842886 5feafc9ff48747df82912c2055bf7429 f4a570c942f04ee3b556f3e6756b5a50 - default default] Notify callbacks ['neutron.db.l3_dvrscheduler_db._notify_l3_agent_port_update-8790984816027', 'neutron.db.l3_hascheduler_db._notify_l3_agent_ha_port_update-8790984816102', 'neutron.api.rpc.agentnotifiers.dhcp_rpc_agent_api.DhcpAgentNotifyAPI._native_event_send_dhcp_notification-1484819', 'neutron.plugins.ml2.plugin.Ml2Plugin.notify_sg_on_port_change-418789', 'neutron.plugins.ml2.ovo_rpc._ObjectChangeHandler.handle_event-543522'] for port, after_update _notify_loop /usr/lib/python2.7/site-packages/neutron_lib/callbacks/manager.py:167
2018-06-30 09:10:37.663 28783 DEBUG neutron_lib.callbacks.manager [req-ea6268f2-0a8d-4164-bd31-380c68842886 5feafc9ff48747df82912c2055bf7429 f4a570c942f04ee3b556f3e6756b5a50 - default default] Notify callbacks ['neutron.services.l3_router.l3_router_plugin.L3RouterPlugin._create_dvr_floating_gw_port-553936'] for floatingip, after_update _notify_loop /usr/lib/python2.7/site-packages/neutron_lib/callbacks/manager.py:167
2018-06-30 09:10:37.668 28783 DEBUG oslo_concurrency.lockutils [-] Lock "event-dispatch" acquired by "neutron.plugins.ml2.ovo_rpc.dispatch_events" :: waited 0.000s inner /usr/lib/python2.7/site-packages/oslo_concurrency/lockutils.py:270
2018-06-30 09:10:37.778 28783 DEBUG neutron.quota.resource [req-ea6268f2-0a8d-4164-bd31-380c68842886 5feafc9ff48747df82912c2055bf7429 f4a570c942f04ee3b556f3e6756b5a50 - default default] Persisted dirty status for tenant:e7f728599a3f4ef986040f38104bd9d8 on resource:floatingip mark_dirty /usr/lib/python2.7/site-packages/neutron/quota/resource.py:207
2018-06-30 09:10:37.786 28783 DEBUG neutron.quota.resource [req-ea6268f2-0a8d-4164-bd31-380c68842886 5feafc9ff48747df82912c2055bf7429 f4a570c942f04ee3b556f3e6756b5a50 - default default] Persisted dirty status for tenant: on resource:port mark_dirty /usr/lib/python2.7/site-packages/neutron/quota/resource.py:207
2018-06-30 09:10:37.804 28783 DEBUG neutron_lib.callbacks.manager [req-ea6268f2-0a8d-4164-bd31-380c68842886 5feafc9ff48747df82912c2055bf7429 f4a570c942f04ee3b556f3e6756b5a50 - default default] Notify callbacks ['neutron.notifiers.nova.Notifier._send_nova_notification--9223372036854775492'] for floatingip, before_response _notify_loop /usr/lib/python2.7/site-packages/neutron_lib/callbacks/manager.py:167
2018-06-30 09:10:37.806 28783 INFO neutron.wsgi [req-ea6268f2-0a8d-4164-bd31-380c68842886 5feafc9ff48747df82912c2055bf7429 f4a570c942f04ee3b556f3e6756b5a50 - default default] 10.0.20.21 "POST /v2.0/floatingips HTTP/1.1" status: 201  len: 675 time: 3.0203950
2018-06-30 09:10:37.810 28783 DEBUG neutron.api.rpc.handlers.resources_rpc [req-ea6268f2-0a8d-4164-bd31-380c68842886 5feafc9ff48747df82912c2055bf7429 f4a570c942f04ee3b556f3e6756b5a50 - - -] neutron.api.rpc.handlers.resources_rpc.ResourcesPushRpcApi method push called with arguments (<neutron_lib.context.Context object at 0x7fecf7ad9750>, [Port(admin_state_up=True,allowed_address_pairs=[],binding=PortBinding,binding_levels=[],created_at=2018-06-30T07:10:35Z,data_plane_status=<?>,description='',device_id='3a7f4ea2-d982-4527-9346-9d21f288dd12',device_owner='network:floatingip',dhcp_options=[],distributed_binding=None,dns=None,fixed_ips=[IPAllocation],id=a7f62ce8-c6d2-43f9-b422-0ba1a3015c5c,mac_address=fa:16:3e:3a:84:ec,name='',network_id=65a63b5d-4ab6-4a89-8fc5-4ab4c578efe5,project_id='',qos_policy_id=None,revision_number=4,security=PortSecurity(a7f62ce8-c6d2-43f9-b422-0ba1a3015c5c),security_group_ids=set([]),status='N/A',updated_at=2018-06-30T07:10:37Z)], 'updated') {} wrapper /usr/lib/python2.7/site-packages/oslo_log/helpers.py:66
2018-06-30 09:10:37.827 28783 DEBUG oslo_concurrency.lockutils [req-ea6268f2-0a8d-4164-bd31-380c68842886 5feafc9ff48747df82912c2055bf7429 f4a570c942f04ee3b556f3e6756b5a50 - - -] Lock "event-dispatch" released by "neutron.plugins.ml2.ovo_rpc.dispatch_events" :: held 0.159s inner /usr/lib/python2.7/site-packages/oslo_concurrency/lockutils.py:282
2018-06-30 09:10:38.381 28794 DEBUG neutron_lib.callbacks.manager [req-3246fd41-2166-4d1c-b2d3-a8f10aec4b72 - - - - -] Notify callbacks ['neutron.services.segments.db._update_segment_host_mapping_for_agent-8790985178674'] for agent, after_update _notify_loop /usr/lib/python2.7/site-packages/neutron_lib/callbacks/manager.py:167
2018-06-30 09:10:44.537 28783 DEBUG neutron.wsgi [-] (28783) accepted ('10.0.20.21', 42490) server /usr/lib/python2.7/site-packages/eventlet/wsgi.py:883
2018-06-30 09:10:44.966 28783 WARNING keystonemiddleware.auth_token [-] A valid token was submitted as a service token, but it was not a valid service token. This is incorrect but backwards compatible behaviour. This will be removed in future releases.
2018-06-30 09:10:45.456 28783 INFO neutron.wsgi [req-e332d445-67be-4962-9385-247350ce18e5 b5c7d57bbd1a48d5a86a8095ce57bfd4 6ce4dd91709c441d9f1b40034ea03af4 - default default] 10.0.20.21 "GET /v2.0/ports?device_id=d1ec37dd-1277-4fd9-9052-7c37793724e2 HTTP/1.1" status: 200  len: 210 time: 0.9173701
2018-06-30 09:10:48.989 28776 INFO neutron.wsgi [req-c8d072d9-84a7-4a1d-9cec-7b55bea18144 ad9a3c89a9e64e548d760c490d5a235a e7f728599a3f4ef986040f38104bd9d8 - bed55ec5599c464fb7d18ce2ff3d3aa4 bed55ec5599c464fb7d18ce2ff3d3aa4] 10.0.20.21 "GET /v2.0/ports?device_id=d1ec37dd-1277-4fd9-9052-7c37793724e2 HTTP/1.1" status: 200  len: 210 time: 0.4163260
2018-06-30 09:10:59.227 28799 DEBUG neutron.db.agents_db [req-136601ec-185f-4a79-8d82-db98467c54d6 - - - - -] Agent healthcheck: found 5 active agents agent_health_check /usr/lib/python2.7/site-packages/neutron/db/agents_db.py:281
2018-06-30 09:10:59.404 28790 DEBUG neutron_lib.callbacks.manager [req-0b2324fc-0e40-4dce-ba42-54ed44259206 - - - - -] Notify callbacks ['neutron.services.segments.db._update_segment_host_mapping_for_agent-8790985178674'] for agent, after_update _notify_loop /usr/lib/python2.7/site-packages/neutron_lib/callbacks/manager.py:167
2018-06-30 09:10:59.455 28776 INFO neutron.wsgi [req-222ed5ee-b79b-4e08-9996-02c6731672bb ad9a3c89a9e64e548d760c490d5a235a e7f728599a3f4ef986040f38104bd9d8 - bed55ec5599c464fb7d18ce2ff3d3aa4 bed55ec5599c464fb7d18ce2ff3d3aa4] 10.0.20.21 "GET /v2.0/ports?device_id=d1ec37dd-1277-4fd9-9052-7c37793724e2 HTTP/1.1" status: 200  len: 210 time: 0.4717741
2018-06-30 09:11:03.255 28798 DEBUG neutron_lib.callbacks.manager [req-d643c321-8953-4e8c-aa0a-8f8d3fe7bcdf - - - - -] Notify callbacks ['neutron.services.segments.db._update_segment_host_mapping_for_agent-8790985178674'] for agent, after_update _notify_loop /usr/lib/python2.7/site-packages/neutron_lib/callbacks/manager.py:167
2018-06-30 09:11:03.307 28787 DEBUG neutron_lib.callbacks.manager [req-434a2c29-b27c-4860-bf29-9c38276de306 - - - - -] Notify callbacks ['neutron.services.segments.db._update_segment_host_mapping_for_agent-8790985178674'] for agent, after_update _notify_loop /usr/lib/python2.7/site-packages/neutron_lib/callbacks/manager.py:167
2018-06-30 09:11:05.178 28786 DEBUG neutron_lib.callbacks.manager [req-757e8ed0-67f4-410d-abb8-15e3e0a07837 - - - - -] Notify callbacks ['neutron.services.segments.db._update_segment_host_mapping_for_agent-8790985178674'] for agent, after_update _notify_loop /usr/lib/python2.7/site-packages/neutron_lib/callbacks/manager.py:167
2018-06-30 09:11:08.398 28788 DEBUG neutron_lib.callbacks.manager [req-3246fd41-2166-4d1c-b2d3-a8f10aec4b72 - - - - -] Notify callbacks ['neutron.services.segments.db._update_segment_host_mapping_for_agent-8790985178674'] for agent, after_update _notify_loop /usr/lib/python2.7/site-packages/neutron_lib/callbacks/manager.py:167
2018-06-30 09:11:18.937 28776 INFO neutron.wsgi [req-78392330-3e6d-4df5-979b-f056ed50cd1b ad9a3c89a9e64e548d760c490d5a235a e7f728599a3f4ef986040f38104bd9d8 - bed55ec5599c464fb7d18ce2ff3d3aa4 bed55ec5599c464fb7d18ce2ff3d3aa4] 10.0.20.21 "GET /v2.0/ports?device_id=d1ec37dd-1277-4fd9-9052-7c37793724e2 HTTP/1.1" status: 200  len: 210 time: 0.4488211
2018-06-30 09:11:29.226 28778 INFO neutron.wsgi [req-42999b7c-d9d0-45d4-b979-eb5f7560045c 59f963f90a0940d0a0321d158c75bc86 6ce4dd91709c441d9f1b40034ea03af4 - default default] 10.0.20.21 "GET /v2.0/ports?tenant_id=f4a570c942f04ee3b556f3e6756b5a50&device_id=fbe9921b-01af-42ef-a506-f7a67f25f76a HTTP/1.1" status: 200  len: 1125 time: 0.1306081
2018-06-30 09:11:29.424 28785 DEBUG neutron_lib.callbacks.manager [req-0b2324fc-0e40-4dce-ba42-54ed44259206 - - - - -] Notify callbacks ['neutron.services.segments.db._update_segment_host_mapping_for_agent-8790985178674'] for agent, after_update _notify_loop /usr/lib/python2.7/site-packages/neutron_lib/callbacks/manager.py:167
2018-06-30 09:11:29.506 28778 DEBUG neutron.pecan_wsgi.hooks.policy_enforcement [req-1c8e88e4-b77a-42f8-b2a1-20b155356c6d 59f963f90a0940d0a0321d158c75bc86 6ce4dd91709c441d9f1b40034ea03af4 - default default] Attributes excluded by policy engine: [u'vlan_transparent'] _exclude_attributes_by_policy /usr/lib/python2.7/site-packages/neutron/pecan_wsgi/hooks/policy_enforcement.py:256
