2018-06-30 00:18:33.927 2429 DEBUG neutron.db.agents_db [req-4df26ffd-6e1a-45d4-8ed0-c6494c7b83db - - - - -] Agent healthcheck: found 5 active agents agent_health_check /usr/lib/python2.7/site-packages/neutron/db/agents_db.py:281
2018-06-30 00:18:34.700 2419 DEBUG neutron_lib.callbacks.manager [req-ecd9172d-1b48-4488-b37e-098947911c18 - - - - -] Notify callbacks ['neutron.services.segments.db._update_segment_host_mapping_for_agent-8767172022066'] for agent, after_update _notify_loop /usr/lib/python2.7/site-packages/neutron_lib/callbacks/manager.py:167
2018-06-30 00:18:34.820 2413 DEBUG neutron_lib.callbacks.manager [req-9d8bff47-23c4-4058-a5fa-d0c2251aff89 - - - - -] Notify callbacks ['neutron.services.segments.db._update_segment_host_mapping_for_agent-8767172022066'] for agent, after_update _notify_loop /usr/lib/python2.7/site-packages/neutron_lib/callbacks/manager.py:167
2018-06-30 00:18:34.989 2422 DEBUG neutron_lib.callbacks.manager [req-39146d5d-1741-4cc4-8c20-9456fde41d94 - - - - -] Notify callbacks ['neutron.services.segments.db._update_segment_host_mapping_for_agent-8767172022066'] for agent, after_update _notify_loop /usr/lib/python2.7/site-packages/neutron_lib/callbacks/manager.py:167
2018-06-30 00:18:36.192 2424 DEBUG neutron_lib.callbacks.manager [req-73664bc1-77a0-4597-9533-146eb86d1432 - - - - -] Notify callbacks ['neutron.services.segments.db._update_segment_host_mapping_for_agent-8767172022066'] for agent, after_update _notify_loop /usr/lib/python2.7/site-packages/neutron_lib/callbacks/manager.py:167
2018-06-30 00:18:56.969 2425 DEBUG neutron_lib.callbacks.manager [req-e3ae0e1b-010c-4e70-a6da-540de38af638 - - - - -] Notify callbacks ['neutron.services.segments.db._update_segment_host_mapping_for_agent-8767172022066'] for agent, after_update _notify_loop /usr/lib/python2.7/site-packages/neutron_lib/callbacks/manager.py:167
2018-06-30 00:19:04.725 2428 DEBUG neutron_lib.callbacks.manager [req-ecd9172d-1b48-4488-b37e-098947911c18 - - - - -] Notify callbacks ['neutron.services.segments.db._update_segment_host_mapping_for_agent-8767172022066'] for agent, after_update _notify_loop /usr/lib/python2.7/site-packages/neutron_lib/callbacks/manager.py:167
2018-06-30 00:19:04.848 2417 DEBUG neutron_lib.callbacks.manager [req-9d8bff47-23c4-4058-a5fa-d0c2251aff89 - - - - -] Notify callbacks ['neutron.services.segments.db._update_segment_host_mapping_for_agent-8767172022066'] for agent, after_update _notify_loop /usr/lib/python2.7/site-packages/neutron_lib/callbacks/manager.py:167
2018-06-30 00:19:05.006 2412 DEBUG neutron_lib.callbacks.manager [req-f82f3d76-a3d6-42fd-adef-bae6801df0e6 - - - - -] Notify callbacks ['neutron.services.segments.db._update_segment_host_mapping_for_agent-8767172022066'] for agent, after_update _notify_loop /usr/lib/python2.7/site-packages/neutron_lib/callbacks/manager.py:167
2018-06-30 00:19:06.200 2420 DEBUG neutron_lib.callbacks.manager [req-7655b78e-3efb-42ae-b27e-a4e8f42bbe1c - - - - -] Notify callbacks ['neutron.services.segments.db._update_segment_host_mapping_for_agent-8767172022066'] for agent, after_update _notify_loop /usr/lib/python2.7/site-packages/neutron_lib/callbacks/manager.py:167
2018-06-30 00:19:08.306 2404 DEBUG neutron.wsgi [-] (2404) accepted ('10.0.20.22', 57716) server /usr/lib/python2.7/site-packages/eventlet/wsgi.py:883
2018-06-30 00:19:08.330 2404 INFO neutron.wsgi [-] 10.0.20.22 "GET / HTTP/1.1" status: 200  len: 252 time: 0.0168519
2018-06-30 00:19:08.342 2404 WARNING keystonemiddleware.auth_token [-] Using the in-process token cache is deprecated as of the 4.2.0 release and may be removed in the 5.0.0 release or the 'O' development cycle. The in-process cache causes inconsistent results and high memory usage. When the feature is removed the auth_token middleware will not cache tokens by default which may result in performance issues. It is recommended to use  memcache for the auth_token token cache by setting the memcached_servers option.
2018-06-30 00:19:08.835 2408 INFO neutron.wsgi [req-ad152670-c9b2-439e-864c-7d55d0c0672b 8d51c6595f7b4b648f3775454a985b0c e3731f8202904eebb3e6658e91a6b0b5 - default default] 10.0.20.22 "GET /v2.0/ports?tenant_id=688c18a1c85f4751b329806136ced2ee&device_id=06deffa3-c274-4da5-a3ab-17f1d4e0a067 HTTP/1.1" status: 200  len: 1124 time: 0.1523838
2018-06-30 00:19:09.389 2408 DEBUG neutron.pecan_wsgi.hooks.policy_enforcement [req-961a7330-1327-4d13-9af4-56a01d929834 8d51c6595f7b4b648f3775454a985b0c e3731f8202904eebb3e6658e91a6b0b5 - default default] Attributes excluded by policy engine: [u'vlan_transparent'] _exclude_attributes_by_policy /usr/lib/python2.7/site-packages/neutron/pecan_wsgi/hooks/policy_enforcement.py:256
2018-06-30 00:19:09.393 2408 INFO neutron.wsgi [req-961a7330-1327-4d13-9af4-56a01d929834 8d51c6595f7b4b648f3775454a985b0c e3731f8202904eebb3e6658e91a6b0b5 - default default] 10.0.20.22 "GET /v2.0/networks?id=2ce34dd7-df32-4a77-980f-3c1215fa4847 HTTP/1.1" status: 200  len: 888 time: 0.5497682
2018-06-30 00:19:09.450 2408 INFO neutron.wsgi [req-c3e61725-a89c-4525-b7ee-f8f7fafd2423 8d51c6595f7b4b648f3775454a985b0c e3731f8202904eebb3e6658e91a6b0b5 - default default] 10.0.20.22 "GET /v2.0/floatingips?fixed_ip_address=172.24.4.3&port_id=34ae3945-8340-4ff1-9d1f-d0bdb80875f3 HTTP/1.1" status: 200  len: 217 time: 0.0516119
2018-06-30 00:19:09.614 2408 DEBUG neutron.pecan_wsgi.hooks.policy_enforcement [req-7adffa05-4dde-474c-a0c2-834cbc3740f5 8d51c6595f7b4b648f3775454a985b0c e3731f8202904eebb3e6658e91a6b0b5 - default default] Attributes excluded by policy engine: [u'shared'] _exclude_attributes_by_policy /usr/lib/python2.7/site-packages/neutron/pecan_wsgi/hooks/policy_enforcement.py:256
2018-06-30 00:19:09.617 2408 INFO neutron.wsgi [req-7adffa05-4dde-474c-a0c2-834cbc3740f5 8d51c6595f7b4b648f3775454a985b0c e3731f8202904eebb3e6658e91a6b0b5 - default default] 10.0.20.22 "GET /v2.0/subnets?id=482aeca8-a24a-4c41-a222-a086cb79ba31 HTTP/1.1" status: 200  len: 819 time: 0.1598291
2018-06-30 00:19:09.713 2408 INFO neutron.wsgi [req-33b503aa-325c-4d70-ad3c-4cdb084faca4 8d51c6595f7b4b648f3775454a985b0c e3731f8202904eebb3e6658e91a6b0b5 - default default] 10.0.20.22 "GET /v2.0/ports?network_id=2ce34dd7-df32-4a77-980f-3c1215fa4847&device_owner=network%3Adhcp HTTP/1.1" status: 200  len: 210 time: 0.0875709
2018-06-30 00:19:09.919 2404 DEBUG oslo_policy._cache_handler [req-81860e3f-53b3-4580-87fb-08001f34b9c2 116b76bf7ebc4a5eacdfdf6c59dfeb01 079d4984db794628ab6ae1e02088c266 - 258339f66f414d13b4a59bcb4aaae6a1 258339f66f414d13b4a59bcb4aaae6a1] Reloading cached file /etc/neutron/policy.json read_cached_file /usr/lib/python2.7/site-packages/oslo_policy/_cache_handler.py:40
2018-06-30 00:19:09.960 2404 DEBUG oslo_policy.policy [req-81860e3f-53b3-4580-87fb-08001f34b9c2 116b76bf7ebc4a5eacdfdf6c59dfeb01 079d4984db794628ab6ae1e02088c266 - 258339f66f414d13b4a59bcb4aaae6a1 258339f66f414d13b4a59bcb4aaae6a1] Reloaded policy file: /etc/neutron/policy.json _load_policy_file /usr/lib/python2.7/site-packages/oslo_policy/policy.py:681
2018-06-30 00:19:10.555 2404 DEBUG oslo_policy._cache_handler [req-81860e3f-53b3-4580-87fb-08001f34b9c2 116b76bf7ebc4a5eacdfdf6c59dfeb01 079d4984db794628ab6ae1e02088c266 - 258339f66f414d13b4a59bcb4aaae6a1 258339f66f414d13b4a59bcb4aaae6a1] Reloading cached file /etc/neutron/policy.json read_cached_file /usr/lib/python2.7/site-packages/oslo_policy/_cache_handler.py:40
2018-06-30 00:19:10.575 2404 DEBUG oslo_policy.policy [req-81860e3f-53b3-4580-87fb-08001f34b9c2 116b76bf7ebc4a5eacdfdf6c59dfeb01 079d4984db794628ab6ae1e02088c266 - 258339f66f414d13b4a59bcb4aaae6a1 258339f66f414d13b4a59bcb4aaae6a1] Reloaded policy file: /etc/neutron/policy.json _load_policy_file /usr/lib/python2.7/site-packages/oslo_policy/policy.py:681
2018-06-30 00:19:10.580 2404 DEBUG neutron.pecan_wsgi.hooks.policy_enforcement [req-81860e3f-53b3-4580-87fb-08001f34b9c2 116b76bf7ebc4a5eacdfdf6c59dfeb01 079d4984db794628ab6ae1e02088c266 - 258339f66f414d13b4a59bcb4aaae6a1 258339f66f414d13b4a59bcb4aaae6a1] Attributes excluded by policy engine: [u'shared'] _exclude_attributes_by_policy /usr/lib/python2.7/site-packages/neutron/pecan_wsgi/hooks/policy_enforcement.py:256
2018-06-30 00:19:10.581 2404 DEBUG neutron.pecan_wsgi.hooks.policy_enforcement [req-81860e3f-53b3-4580-87fb-08001f34b9c2 116b76bf7ebc4a5eacdfdf6c59dfeb01 079d4984db794628ab6ae1e02088c266 - 258339f66f414d13b4a59bcb4aaae6a1 258339f66f414d13b4a59bcb4aaae6a1] Attributes excluded by policy engine: [u'shared'] _exclude_attributes_by_policy /usr/lib/python2.7/site-packages/neutron/pecan_wsgi/hooks/policy_enforcement.py:256
2018-06-30 00:19:10.583 2404 INFO neutron.wsgi [req-81860e3f-53b3-4580-87fb-08001f34b9c2 116b76bf7ebc4a5eacdfdf6c59dfeb01 079d4984db794628ab6ae1e02088c266 - 258339f66f414d13b4a59bcb4aaae6a1 258339f66f414d13b4a59bcb4aaae6a1] 10.0.20.22 "GET /v2.0/subnets HTTP/1.1" status: 200  len: 1419 time: 2.2473781
2018-06-30 00:19:10.928 2429 DEBUG neutron.db.agents_db [req-4df26ffd-6e1a-45d4-8ed0-c6494c7b83db - - - - -] Agent healthcheck: found 5 active agents agent_health_check /usr/lib/python2.7/site-packages/neutron/db/agents_db.py:281
2018-06-30 00:19:26.961 2419 DEBUG neutron_lib.callbacks.manager [req-e3ae0e1b-010c-4e70-a6da-540de38af638 - - - - -] Notify callbacks ['neutron.services.segments.db._update_segment_host_mapping_for_agent-8767172022066'] for agent, after_update _notify_loop /usr/lib/python2.7/site-packages/neutron_lib/callbacks/manager.py:167
2018-06-30 00:19:34.698 2413 DEBUG neutron_lib.callbacks.manager [req-ecd9172d-1b48-4488-b37e-098947911c18 - - - - -] Notify callbacks ['neutron.services.segments.db._update_segment_host_mapping_for_agent-8767172022066'] for agent, after_update _notify_loop /usr/lib/python2.7/site-packages/neutron_lib/callbacks/manager.py:167
2018-06-30 00:19:34.994 2424 DEBUG neutron_lib.callbacks.manager [req-8389b4c7-89c6-4609-b46a-7ca66ec04459 - - - - -] Notify callbacks ['neutron.services.segments.db._update_segment_host_mapping_for_agent-8767172022066'] for agent, after_update _notify_loop /usr/lib/python2.7/site-packages/neutron_lib/callbacks/manager.py:167
2018-06-30 00:19:35.105 2422 DEBUG neutron_lib.callbacks.manager [req-9d8bff47-23c4-4058-a5fa-d0c2251aff89 - - - - -] Notify callbacks ['neutron.services.segments.db._update_segment_host_mapping_for_agent-8767172022066'] for agent, after_update _notify_loop /usr/lib/python2.7/site-packages/neutron_lib/callbacks/manager.py:167
2018-06-30 00:19:36.185 2425 DEBUG neutron_lib.callbacks.manager [req-6f34aa89-f38a-4990-b1b8-39f1dc96cbbc - - - - -] Notify callbacks ['neutron.services.segments.db._update_segment_host_mapping_for_agent-8767172022066'] for agent, after_update _notify_loop /usr/lib/python2.7/site-packages/neutron_lib/callbacks/manager.py:167
2018-06-30 00:19:47.928 2429 DEBUG neutron.db.agents_db [req-4df26ffd-6e1a-45d4-8ed0-c6494c7b83db - - - - -] Agent healthcheck: found 5 active agents agent_health_check /usr/lib/python2.7/site-packages/neutron/db/agents_db.py:281
2018-06-30 00:19:52.675 2404 DEBUG neutron.wsgi [-] (2404) accepted ('10.0.20.22', 58834) server /usr/lib/python2.7/site-packages/eventlet/wsgi.py:883
2018-06-30 00:19:52.681 2404 INFO neutron.wsgi [-] 10.0.20.22 "GET / HTTP/1.1" status: 200  len: 252 time: 0.0023971
2018-06-30 00:19:53.232 2404 DEBUG neutron.api.v2.base [req-e6aecaf7-415b-41d7-9d32-f6ab89a9226a 116b76bf7ebc4a5eacdfdf6c59dfeb01 079d4984db794628ab6ae1e02088c266 - 258339f66f414d13b4a59bcb4aaae6a1 258339f66f414d13b4a59bcb4aaae6a1] Request body: {u'security_group': {u'name': u'tempest-SECURITY_GROUP_SAMPLE-1530310712', u'description': u'tempest-SECURITY_GROUP_SAMPLE-1530310712'}} prepare_request_body /usr/lib/python2.7/site-packages/neutron/api/v2/base.py:695
2018-06-30 00:19:53.234 2404 INFO neutron.quota [req-e6aecaf7-415b-41d7-9d32-f6ab89a9226a 116b76bf7ebc4a5eacdfdf6c59dfeb01 079d4984db794628ab6ae1e02088c266 - 258339f66f414d13b4a59bcb4aaae6a1 258339f66f414d13b4a59bcb4aaae6a1] Loaded quota_driver: <neutron.db.quota.driver.DbQuotaDriver object at 0x7f9441ffb450>.
2018-06-30 00:19:53.246 2404 DEBUG neutron.db.quota.driver [req-e6aecaf7-415b-41d7-9d32-f6ab89a9226a 116b76bf7ebc4a5eacdfdf6c59dfeb01 079d4984db794628ab6ae1e02088c266 - 258339f66f414d13b4a59bcb4aaae6a1 258339f66f414d13b4a59bcb4aaae6a1] Resources subnetpool have unlimited quota limit. It is not required to calculate headroom  make_reservation /usr/lib/python2.7/site-packages/neutron/db/quota/driver.py:223
2018-06-30 00:19:53.258 2404 DEBUG neutron.quota.resource [req-e6aecaf7-415b-41d7-9d32-f6ab89a9226a 116b76bf7ebc4a5eacdfdf6c59dfeb01 079d4984db794628ab6ae1e02088c266 - 258339f66f414d13b4a59bcb4aaae6a1 258339f66f414d13b4a59bcb4aaae6a1] Usage tracker for resource:security_group and tenant:079d4984db794628ab6ae1e02088c266 is out of sync, need to count used quota count_used /usr/lib/python2.7/site-packages/neutron/quota/resource.py:274
2018-06-30 00:19:53.270 2404 DEBUG neutron.quota.resource [req-e6aecaf7-415b-41d7-9d32-f6ab89a9226a 116b76bf7ebc4a5eacdfdf6c59dfeb01 079d4984db794628ab6ae1e02088c266 - 258339f66f414d13b4a59bcb4aaae6a1 258339f66f414d13b4a59bcb4aaae6a1] Quota usage for security_group was recalculated. Used quota:0. count_used /usr/lib/python2.7/site-packages/neutron/quota/resource.py:293
2018-06-30 00:19:53.292 2404 DEBUG neutron.db.quota.driver [req-e6aecaf7-415b-41d7-9d32-f6ab89a9226a 116b76bf7ebc4a5eacdfdf6c59dfeb01 079d4984db794628ab6ae1e02088c266 - 258339f66f414d13b4a59bcb4aaae6a1 258339f66f414d13b4a59bcb4aaae6a1] Attempting to reserve 1 items for resource security_group. Total usage: 0; quota limit: 10; headroom:10 make_reservation /usr/lib/python2.7/site-packages/neutron/db/quota/driver.py:255
2018-06-30 00:19:53.352 2404 DEBUG neutron_lib.callbacks.manager [req-e6aecaf7-415b-41d7-9d32-f6ab89a9226a 116b76bf7ebc4a5eacdfdf6c59dfeb01 079d4984db794628ab6ae1e02088c266 - 258339f66f414d13b4a59bcb4aaae6a1 258339f66f414d13b4a59bcb4aaae6a1] Notify callbacks [] for security_group, before_create _notify_loop /usr/lib/python2.7/site-packages/neutron_lib/callbacks/manager.py:167
2018-06-30 00:19:53.383 2404 DEBUG neutron_lib.callbacks.manager [req-e6aecaf7-415b-41d7-9d32-f6ab89a9226a 116b76bf7ebc4a5eacdfdf6c59dfeb01 079d4984db794628ab6ae1e02088c266 - 258339f66f414d13b4a59bcb4aaae6a1 258339f66f414d13b4a59bcb4aaae6a1] Notify callbacks [] for security_group, before_create _notify_loop /usr/lib/python2.7/site-packages/neutron_lib/callbacks/manager.py:167
2018-06-30 00:19:54.016 2404 DEBUG neutron_lib.callbacks.manager [req-e6aecaf7-415b-41d7-9d32-f6ab89a9226a 116b76bf7ebc4a5eacdfdf6c59dfeb01 079d4984db794628ab6ae1e02088c266 - 258339f66f414d13b4a59bcb4aaae6a1 258339f66f414d13b4a59bcb4aaae6a1] Notify callbacks [] for security_group, precommit_create _notify_loop /usr/lib/python2.7/site-packages/neutron_lib/callbacks/manager.py:167
2018-06-30 00:19:54.027 2404 DEBUG neutron_lib.callbacks.manager [req-e6aecaf7-415b-41d7-9d32-f6ab89a9226a 116b76bf7ebc4a5eacdfdf6c59dfeb01 079d4984db794628ab6ae1e02088c266 - 258339f66f414d13b4a59bcb4aaae6a1 258339f66f414d13b4a59bcb4aaae6a1] Notify callbacks ['neutron.plugins.ml2.ovo_rpc._ObjectChangeHandler.handle_event-577518'] for security_group, after_create _notify_loop /usr/lib/python2.7/site-packages/neutron_lib/callbacks/manager.py:167
2018-06-30 00:19:54.034 2404 DEBUG oslo_concurrency.lockutils [-] Lock "event-dispatch" acquired by "neutron.plugins.ml2.ovo_rpc.dispatch_events" :: waited 0.000s inner /usr/lib/python2.7/site-packages/oslo_concurrency/lockutils.py:270
2018-06-30 00:19:54.142 2404 DEBUG neutron.api.rpc.handlers.resources_rpc [req-e6aecaf7-415b-41d7-9d32-f6ab89a9226a 116b76bf7ebc4a5eacdfdf6c59dfeb01 079d4984db794628ab6ae1e02088c266 - - -] neutron.api.rpc.handlers.resources_rpc.ResourcesPushRpcApi method push called with arguments (<neutron_lib.context.Context object at 0x7f944211b690>, [SecurityGroup(created_at=2018-06-29T22:19:53Z,description='Gruppo di sicurezza predefinito',id=e2ab1fac-edc9-4f7f-8f9e-66bab287ac4d,is_default=True,name='default',project_id='079d4984db794628ab6ae1e02088c266',revision_number=4,rules=[SecurityGroupRule(009d332f-9f4a-4f22-afa8-c781adae71ff),SecurityGroupRule(05b82d74-6fe5-47c6-9bde-4cd9db399784),SecurityGroupRule(0fdf9ece-f85c-48ac-814b-03a8d2f2038d),SecurityGroupRule(a5adbf03-3b35-4c32-8899-ca2249d525cf)],updated_at=2018-06-29T22:19:53Z)], 'updated') {} wrapper /usr/lib/python2.7/site-packages/oslo_log/helpers.py:66
2018-06-30 00:19:54.164 2404 DEBUG neutron.api.rpc.callbacks.version_manager [req-e6aecaf7-415b-41d7-9d32-f6ab89a9226a 116b76bf7ebc4a5eacdfdf6c59dfeb01 079d4984db794628ab6ae1e02088c266 - - -] Version for resource type Subnet changed None to 1.0 on consumer Open vSwitch agent@localhost.localdomain _set_version /usr/lib/python2.7/site-packages/neutron/api/rpc/callbacks/version_manager.py:119
2018-06-30 00:19:54.165 2404 DEBUG neutron.api.rpc.callbacks.version_manager [req-e6aecaf7-415b-41d7-9d32-f6ab89a9226a 116b76bf7ebc4a5eacdfdf6c59dfeb01 079d4984db794628ab6ae1e02088c266 - - -] Version for resource type Network changed None to 1.0 on consumer Open vSwitch agent@localhost.localdomain _set_version /usr/lib/python2.7/site-packages/neutron/api/rpc/callbacks/version_manager.py:119
2018-06-30 00:19:54.166 2404 DEBUG neutron.api.rpc.callbacks.version_manager [req-e6aecaf7-415b-41d7-9d32-f6ab89a9226a 116b76bf7ebc4a5eacdfdf6c59dfeb01 079d4984db794628ab6ae1e02088c266 - - -] Version for resource type SubPort changed None to 1.0 on consumer Open vSwitch agent@localhost.localdomain _set_version /usr/lib/python2.7/site-packages/neutron/api/rpc/callbacks/version_manager.py:119
2018-06-30 00:19:54.167 2404 DEBUG neutron.api.rpc.callbacks.version_manager [req-e6aecaf7-415b-41d7-9d32-f6ab89a9226a 116b76bf7ebc4a5eacdfdf6c59dfeb01 079d4984db794628ab6ae1e02088c266 - - -] Version for resource type SecurityGroup changed None to 1.0 on consumer Open vSwitch agent@localhost.localdomain _set_version /usr/lib/python2.7/site-packages/neutron/api/rpc/callbacks/version_manager.py:119
2018-06-30 00:19:54.167 2404 DEBUG neutron.api.rpc.callbacks.version_manager [req-e6aecaf7-415b-41d7-9d32-f6ab89a9226a 116b76bf7ebc4a5eacdfdf6c59dfeb01 079d4984db794628ab6ae1e02088c266 - - -] Version for resource type SecurityGroupRule changed None to 1.0 on consumer Open vSwitch agent@localhost.localdomain _set_version /usr/lib/python2.7/site-packages/neutron/api/rpc/callbacks/version_manager.py:119
2018-06-30 00:19:54.168 2404 DEBUG neutron.api.rpc.callbacks.version_manager [req-e6aecaf7-415b-41d7-9d32-f6ab89a9226a 116b76bf7ebc4a5eacdfdf6c59dfeb01 079d4984db794628ab6ae1e02088c266 - - -] Version for resource type Trunk changed None to 1.1 on consumer Open vSwitch agent@localhost.localdomain _set_version /usr/lib/python2.7/site-packages/neutron/api/rpc/callbacks/version_manager.py:119
2018-06-30 00:19:54.168 2404 DEBUG neutron.api.rpc.callbacks.version_manager [req-e6aecaf7-415b-41d7-9d32-f6ab89a9226a 116b76bf7ebc4a5eacdfdf6c59dfeb01 079d4984db794628ab6ae1e02088c266 - - -] Version for resource type QosPolicy changed None to 1.6 on consumer Open vSwitch agent@localhost.localdomain _set_version /usr/lib/python2.7/site-packages/neutron/api/rpc/callbacks/version_manager.py:119
2018-06-30 00:19:54.169 2404 DEBUG neutron.api.rpc.callbacks.version_manager [req-e6aecaf7-415b-41d7-9d32-f6ab89a9226a 116b76bf7ebc4a5eacdfdf6c59dfeb01 079d4984db794628ab6ae1e02088c266 - - -] Version for resource type Port changed None to 1.1 on consumer Open vSwitch agent@localhost.localdomain _set_version /usr/lib/python2.7/site-packages/neutron/api/rpc/callbacks/version_manager.py:119
2018-06-30 00:19:54.170 2404 DEBUG neutron.api.rpc.callbacks.version_manager [req-e6aecaf7-415b-41d7-9d32-f6ab89a9226a 116b76bf7ebc4a5eacdfdf6c59dfeb01 079d4984db794628ab6ae1e02088c266 - - -] Version for resource type Log changed None to 1.0 on consumer Open vSwitch agent@localhost.localdomain _set_version /usr/lib/python2.7/site-packages/neutron/api/rpc/callbacks/version_manager.py:119
2018-06-30 00:19:54.172 2404 DEBUG neutron.api.rpc.callbacks.version_manager [req-e6aecaf7-415b-41d7-9d32-f6ab89a9226a 116b76bf7ebc4a5eacdfdf6c59dfeb01 079d4984db794628ab6ae1e02088c266 - - -] Tracked resource versions report:
pushed versions:
{   'Log': set(['1.0']),
    'Network': set(['1.0']),
    'Port': set(['1.1']),
    'QosPolicy': set(['1.6']),
    'SecurityGroup': set(['1.0']),
    'SecurityGroupRule': set(['1.0']),
    'SubPort': set(['1.0']),
    'Subnet': set(['1.0']),
    'Trunk': set(['1.1'])}

consumer versions:
{   DHCP agent@localhost.localdomain: {   },
    L3 agent@localhost.localdomain: {   },
    Metadata agent@localhost.localdomain: {   },
    Metering agent@localhost.localdomain: {   },
    Open vSwitch agent@localhost.localdomain: {   u'Log': u'1.0',
                                                  u'Network': u'1.0',
                                                  u'Port': u'1.1',
                                                  u'QosPolicy': u'1.6',
                                                  u'SecurityGroup': u'1.0',
                                                  u'SecurityGroupRule': u'1.0',
                                                  u'SubPort': u'1.0',
                                                  u'Subnet': u'1.0',
                                                  u'Trunk': u'1.1'}}
 report /usr/lib/python2.7/site-packages/neutron/api/rpc/callbacks/version_manager.py:178
2018-06-30 00:19:54.451 2408 INFO neutron.wsgi [req-e993dcae-0783-4081-8642-8ba67f4e6783 8d51c6595f7b4b648f3775454a985b0c e3731f8202904eebb3e6658e91a6b0b5 - default default] 10.0.20.22 "GET /v2.0/ports?tenant_id=688c18a1c85f4751b329806136ced2ee&device_id=06deffa3-c274-4da5-a3ab-17f1d4e0a067 HTTP/1.1" status: 200  len: 1124 time: 0.1075270
2018-06-30 00:19:54.504 2404 DEBUG oslo_concurrency.lockutils [req-e6aecaf7-415b-41d7-9d32-f6ab89a9226a 116b76bf7ebc4a5eacdfdf6c59dfeb01 079d4984db794628ab6ae1e02088c266 - - -] Lock "event-dispatch" released by "neutron.plugins.ml2.ovo_rpc.dispatch_events" :: held 0.470s inner /usr/lib/python2.7/site-packages/oslo_concurrency/lockutils.py:282
2018-06-30 00:19:54.582 2404 DEBUG neutron_lib.callbacks.manager [req-e6aecaf7-415b-41d7-9d32-f6ab89a9226a 116b76bf7ebc4a5eacdfdf6c59dfeb01 079d4984db794628ab6ae1e02088c266 - 258339f66f414d13b4a59bcb4aaae6a1 258339f66f414d13b4a59bcb4aaae6a1] Notify callbacks [] for security_group, precommit_create _notify_loop /usr/lib/python2.7/site-packages/neutron_lib/callbacks/manager.py:167
2018-06-30 00:19:54.594 2404 DEBUG neutron_lib.callbacks.manager [req-e6aecaf7-415b-41d7-9d32-f6ab89a9226a 116b76bf7ebc4a5eacdfdf6c59dfeb01 079d4984db794628ab6ae1e02088c266 - 258339f66f414d13b4a59bcb4aaae6a1 258339f66f414d13b4a59bcb4aaae6a1] Notify callbacks ['neutron.plugins.ml2.ovo_rpc._ObjectChangeHandler.handle_event-577518'] for security_group, after_create _notify_loop /usr/lib/python2.7/site-packages/neutron_lib/callbacks/manager.py:167
2018-06-30 00:19:54.600 2404 DEBUG oslo_concurrency.lockutils [-] Lock "event-dispatch" acquired by "neutron.plugins.ml2.ovo_rpc.dispatch_events" :: waited 0.000s inner /usr/lib/python2.7/site-packages/oslo_concurrency/lockutils.py:270
2018-06-30 00:19:54.657 2404 DEBUG neutron.quota.resource [req-e6aecaf7-415b-41d7-9d32-f6ab89a9226a 116b76bf7ebc4a5eacdfdf6c59dfeb01 079d4984db794628ab6ae1e02088c266 - 258339f66f414d13b4a59bcb4aaae6a1 258339f66f414d13b4a59bcb4aaae6a1] Persisted dirty status for tenant:079d4984db794628ab6ae1e02088c266 on resource:security_group_rule mark_dirty /usr/lib/python2.7/site-packages/neutron/quota/resource.py:207
2018-06-30 00:19:54.670 2404 DEBUG neutron.quota.resource [req-e6aecaf7-415b-41d7-9d32-f6ab89a9226a 116b76bf7ebc4a5eacdfdf6c59dfeb01 079d4984db794628ab6ae1e02088c266 - 258339f66f414d13b4a59bcb4aaae6a1 258339f66f414d13b4a59bcb4aaae6a1] Persisted dirty status for tenant:079d4984db794628ab6ae1e02088c266 on resource:security_group mark_dirty /usr/lib/python2.7/site-packages/neutron/quota/resource.py:207
2018-06-30 00:19:54.673 2404 DEBUG neutron.api.rpc.handlers.resources_rpc [req-e6aecaf7-415b-41d7-9d32-f6ab89a9226a 116b76bf7ebc4a5eacdfdf6c59dfeb01 079d4984db794628ab6ae1e02088c266 - - -] neutron.api.rpc.handlers.resources_rpc.ResourcesPushRpcApi method push called with arguments (<neutron_lib.context.Context object at 0x7f9441d97950>, [SecurityGroup(created_at=2018-06-29T22:19:54Z,description='tempest-SECURITY_GROUP_SAMPLE-1530310712',id=bd06b408-ae43-4986-ad16-4695e6ae3cdb,is_default=False,name='tempest-SECURITY_GROUP_SAMPLE-1530310712',project_id='079d4984db794628ab6ae1e02088c266',revision_number=2,rules=[SecurityGroupRule(05142d73-8421-4a13-85e3-b0b97ca99848),SecurityGroupRule(1682f4f1-11da-47dc-a7b6-422104a70f36)],updated_at=2018-06-29T22:19:54Z)], 'updated') {} wrapper /usr/lib/python2.7/site-packages/oslo_log/helpers.py:66
2018-06-30 00:19:54.683 2408 DEBUG neutron.pecan_wsgi.hooks.policy_enforcement [req-30e1af25-fd1d-4bf4-9854-94c695352bd1 8d51c6595f7b4b648f3775454a985b0c e3731f8202904eebb3e6658e91a6b0b5 - default default] Attributes excluded by policy engine: [u'vlan_transparent'] _exclude_attributes_by_policy /usr/lib/python2.7/site-packages/neutron/pecan_wsgi/hooks/policy_enforcement.py:256
2018-06-30 00:19:54.685 2408 INFO neutron.wsgi [req-30e1af25-fd1d-4bf4-9854-94c695352bd1 8d51c6595f7b4b648f3775454a985b0c e3731f8202904eebb3e6658e91a6b0b5 - default default] 10.0.20.22 "GET /v2.0/networks?id=2ce34dd7-df32-4a77-980f-3c1215fa4847 HTTP/1.1" status: 200  len: 888 time: 0.2281799
2018-06-30 00:19:54.692 2404 DEBUG neutron_lib.callbacks.manager [req-e6aecaf7-415b-41d7-9d32-f6ab89a9226a 116b76bf7ebc4a5eacdfdf6c59dfeb01 079d4984db794628ab6ae1e02088c266 - 258339f66f414d13b4a59bcb4aaae6a1 258339f66f414d13b4a59bcb4aaae6a1] Notify callbacks [] for security_group, before_response _notify_loop /usr/lib/python2.7/site-packages/neutron_lib/callbacks/manager.py:167
2018-06-30 00:19:54.694 2404 INFO neutron.wsgi [req-e6aecaf7-415b-41d7-9d32-f6ab89a9226a 116b76bf7ebc4a5eacdfdf6c59dfeb01 079d4984db794628ab6ae1e02088c266 - 258339f66f414d13b4a59bcb4aaae6a1 258339f66f414d13b4a59bcb4aaae6a1] 10.0.20.22 "POST /v2.0/security-groups HTTP/1.1" status: 201  len: 1617 time: 2.0075791
2018-06-30 00:19:54.696 2404 DEBUG oslo_concurrency.lockutils [req-e6aecaf7-415b-41d7-9d32-f6ab89a9226a 116b76bf7ebc4a5eacdfdf6c59dfeb01 079d4984db794628ab6ae1e02088c266 - - -] Lock "event-dispatch" released by "neutron.plugins.ml2.ovo_rpc.dispatch_events" :: held 0.095s inner /usr/lib/python2.7/site-packages/oslo_concurrency/lockutils.py:282
2018-06-30 00:19:54.723 2408 INFO neutron.wsgi [req-be05a828-e1b4-4ef9-91dd-5af1cf81e383 8d51c6595f7b4b648f3775454a985b0c e3731f8202904eebb3e6658e91a6b0b5 - default default] 10.0.20.22 "GET /v2.0/floatingips?fixed_ip_address=172.24.4.3&port_id=34ae3945-8340-4ff1-9d1f-d0bdb80875f3 HTTP/1.1" status: 200  len: 217 time: 0.0326219
2018-06-30 00:19:54.851 2408 DEBUG neutron.pecan_wsgi.hooks.policy_enforcement [req-a5b8a2ba-7a39-4a9a-9654-44423a52b652 8d51c6595f7b4b648f3775454a985b0c e3731f8202904eebb3e6658e91a6b0b5 - default default] Attributes excluded by policy engine: [u'shared'] _exclude_attributes_by_policy /usr/lib/python2.7/site-packages/neutron/pecan_wsgi/hooks/policy_enforcement.py:256
2018-06-30 00:19:54.853 2408 INFO neutron.wsgi [req-a5b8a2ba-7a39-4a9a-9654-44423a52b652 8d51c6595f7b4b648f3775454a985b0c e3731f8202904eebb3e6658e91a6b0b5 - default default] 10.0.20.22 "GET /v2.0/subnets?id=482aeca8-a24a-4c41-a222-a086cb79ba31 HTTP/1.1" status: 200  len: 819 time: 0.1245801
2018-06-30 00:19:54.924 2408 INFO neutron.wsgi [req-022151a9-a332-4e06-a803-f765794c9265 8d51c6595f7b4b648f3775454a985b0c e3731f8202904eebb3e6658e91a6b0b5 - default default] 10.0.20.22 "GET /v2.0/ports?network_id=2ce34dd7-df32-4a77-980f-3c1215fa4847&device_owner=network%3Adhcp HTTP/1.1" status: 200  len: 210 time: 0.0642841
2018-06-30 00:19:56.976 2428 DEBUG neutron_lib.callbacks.manager [req-e3ae0e1b-010c-4e70-a6da-540de38af638 - - - - -] Notify callbacks ['neutron.services.segments.db._update_segment_host_mapping_for_agent-8767172022066'] for agent, after_update _notify_loop /usr/lib/python2.7/site-packages/neutron_lib/callbacks/manager.py:167
2018-06-30 00:20:00.595 2400 DEBUG neutron.wsgi [-] (2400) accepted ('10.0.20.22', 58882) server /usr/lib/python2.7/site-packages/eventlet/wsgi.py:883
2018-06-30 00:20:00.600 2400 INFO neutron.wsgi [-] 10.0.20.22 "GET / HTTP/1.1" status: 200  len: 252 time: 0.0024359
2018-06-30 00:20:01.000 2400 INFO neutron.api.v2.resource [req-8fd864da-fec2-4db6-9ccb-8db24b78ce34 116b76bf7ebc4a5eacdfdf6c59dfeb01 079d4984db794628ab6ae1e02088c266 - 258339f66f414d13b4a59bcb4aaae6a1 258339f66f414d13b4a59bcb4aaae6a1] show failed (client error): The resource could not be found.
2018-06-30 00:20:01.002 2400 INFO neutron.wsgi [req-8fd864da-fec2-4db6-9ccb-8db24b78ce34 116b76bf7ebc4a5eacdfdf6c59dfeb01 079d4984db794628ab6ae1e02088c266 - 258339f66f414d13b4a59bcb4aaae6a1 258339f66f414d13b4a59bcb4aaae6a1] 10.0.20.22 "GET /v2.0/security-groups/tempest-SECURITY_GROUP_SAMPLE-1530310712 HTTP/1.1" status: 404  len: 360 time: 0.3981440
2018-06-30 00:20:01.191 2400 INFO neutron.wsgi [req-edc73047-6f32-46be-bcbc-717e1261da74 116b76bf7ebc4a5eacdfdf6c59dfeb01 079d4984db794628ab6ae1e02088c266 - 258339f66f414d13b4a59bcb4aaae6a1 258339f66f414d13b4a59bcb4aaae6a1] 10.0.20.22 "GET /v2.0/security-groups HTTP/1.1" status: 200  len: 20672 time: 0.1831081
2018-06-30 00:20:01.263 2400 DEBUG neutron.api.v2.base [req-f9c4c413-da17-4105-8842-f5bf1715d192 116b76bf7ebc4a5eacdfdf6c59dfeb01 079d4984db794628ab6ae1e02088c266 - 258339f66f414d13b4a59bcb4aaae6a1 258339f66f414d13b4a59bcb4aaae6a1] Request body: {u'security_group_rule': {u'direction': u'ingress', u'protocol': u'tcp', u'ethertype': u'IPv4', u'port_range_max': 22, u'security_group_id': u'bd06b408-ae43-4986-ad16-4695e6ae3cdb', u'port_range_min': 22, u'remote_ip_prefix': u'0.0.0.0/0'}} prepare_request_body /usr/lib/python2.7/site-packages/neutron/api/v2/base.py:695
2018-06-30 00:20:01.265 2400 INFO neutron.quota [req-f9c4c413-da17-4105-8842-f5bf1715d192 116b76bf7ebc4a5eacdfdf6c59dfeb01 079d4984db794628ab6ae1e02088c266 - 258339f66f414d13b4a59bcb4aaae6a1 258339f66f414d13b4a59bcb4aaae6a1] Loaded quota_driver: <neutron.db.quota.driver.DbQuotaDriver object at 0x7f9441fa22d0>.
2018-06-30 00:20:01.275 2400 DEBUG neutron.db.quota.driver [req-f9c4c413-da17-4105-8842-f5bf1715d192 116b76bf7ebc4a5eacdfdf6c59dfeb01 079d4984db794628ab6ae1e02088c266 - 258339f66f414d13b4a59bcb4aaae6a1 258339f66f414d13b4a59bcb4aaae6a1] Resources subnetpool have unlimited quota limit. It is not required to calculate headroom  make_reservation /usr/lib/python2.7/site-packages/neutron/db/quota/driver.py:223
2018-06-30 00:20:01.284 2400 DEBUG neutron.quota.resource [req-f9c4c413-da17-4105-8842-f5bf1715d192 116b76bf7ebc4a5eacdfdf6c59dfeb01 079d4984db794628ab6ae1e02088c266 - 258339f66f414d13b4a59bcb4aaae6a1 258339f66f414d13b4a59bcb4aaae6a1] Usage tracker for resource:security_group_rule and tenant:079d4984db794628ab6ae1e02088c266 is out of sync, need to count used quota count_used /usr/lib/python2.7/site-packages/neutron/quota/resource.py:274
2018-06-30 00:20:01.295 2400 DEBUG neutron.quota.resource [req-f9c4c413-da17-4105-8842-f5bf1715d192 116b76bf7ebc4a5eacdfdf6c59dfeb01 079d4984db794628ab6ae1e02088c266 - 258339f66f414d13b4a59bcb4aaae6a1 258339f66f414d13b4a59bcb4aaae6a1] Quota usage for security_group_rule was recalculated. Used quota:6. count_used /usr/lib/python2.7/site-packages/neutron/quota/resource.py:293
2018-06-30 00:20:01.306 2400 DEBUG neutron.db.quota.driver [req-f9c4c413-da17-4105-8842-f5bf1715d192 116b76bf7ebc4a5eacdfdf6c59dfeb01 079d4984db794628ab6ae1e02088c266 - 258339f66f414d13b4a59bcb4aaae6a1 258339f66f414d13b4a59bcb4aaae6a1] Attempting to reserve 1 items for resource security_group_rule. Total usage: 6; quota limit: 100; headroom:94 make_reservation /usr/lib/python2.7/site-packages/neutron/db/quota/driver.py:255
2018-06-30 00:20:01.415 2400 DEBUG neutron_lib.callbacks.manager [req-f9c4c413-da17-4105-8842-f5bf1715d192 116b76bf7ebc4a5eacdfdf6c59dfeb01 079d4984db794628ab6ae1e02088c266 - 258339f66f414d13b4a59bcb4aaae6a1 258339f66f414d13b4a59bcb4aaae6a1] Notify callbacks [] for security_group_rule, before_create _notify_loop /usr/lib/python2.7/site-packages/neutron_lib/callbacks/manager.py:167
2018-06-30 00:20:01.522 2400 DEBUG neutron_lib.callbacks.manager [req-f9c4c413-da17-4105-8842-f5bf1715d192 116b76bf7ebc4a5eacdfdf6c59dfeb01 079d4984db794628ab6ae1e02088c266 - 258339f66f414d13b4a59bcb4aaae6a1 258339f66f414d13b4a59bcb4aaae6a1] Notify callbacks [] for security_group_rule, precommit_create _notify_loop /usr/lib/python2.7/site-packages/neutron_lib/callbacks/manager.py:167
2018-06-30 00:20:01.541 2400 DEBUG neutron_lib.callbacks.manager [req-f9c4c413-da17-4105-8842-f5bf1715d192 116b76bf7ebc4a5eacdfdf6c59dfeb01 079d4984db794628ab6ae1e02088c266 - 258339f66f414d13b4a59bcb4aaae6a1 258339f66f414d13b4a59bcb4aaae6a1] Notify callbacks ['neutron.plugins.ml2.ovo_rpc._ObjectChangeHandler.handle_event-577342'] for security_group_rule, after_create _notify_loop /usr/lib/python2.7/site-packages/neutron_lib/callbacks/manager.py:167
2018-06-30 00:20:02.037 2400 DEBUG oslo_concurrency.lockutils [-] Lock "event-dispatch" acquired by "neutron.plugins.ml2.ovo_rpc.dispatch_events" :: waited 0.000s inner /usr/lib/python2.7/site-packages/oslo_concurrency/lockutils.py:270
2018-06-30 00:20:02.071 2400 DEBUG neutron.api.rpc.handlers.resources_rpc [req-f9c4c413-da17-4105-8842-f5bf1715d192 116b76bf7ebc4a5eacdfdf6c59dfeb01 079d4984db794628ab6ae1e02088c266 - - -] neutron.api.rpc.handlers.resources_rpc.ResourcesPushRpcApi method push called with arguments (<neutron_lib.context.Context object at 0x7f9441cfdc50>, [SecurityGroupRule(created_at=2018-06-29T22:20:01Z,description='',direction='ingress',ethertype='IPv4',id=02a9a7a8-6c3b-471e-86a8-c02f52436a69,port_range_max=22,port_range_min=22,project_id='079d4984db794628ab6ae1e02088c266',protocol='tcp',remote_group_id=<?>,remote_ip_prefix=0.0.0.0/0,revision_number=0,security_group_id=bd06b408-ae43-4986-ad16-4695e6ae3cdb,updated_at=2018-06-29T22:20:01Z)], 'updated') {} wrapper /usr/lib/python2.7/site-packages/oslo_log/helpers.py:66
2018-06-30 00:20:02.090 2400 DEBUG neutron.api.rpc.callbacks.version_manager [req-f9c4c413-da17-4105-8842-f5bf1715d192 116b76bf7ebc4a5eacdfdf6c59dfeb01 079d4984db794628ab6ae1e02088c266 - - -] Version for resource type Subnet changed None to 1.0 on consumer Open vSwitch agent@localhost.localdomain _set_version /usr/lib/python2.7/site-packages/neutron/api/rpc/callbacks/version_manager.py:119
2018-06-30 00:20:02.091 2400 DEBUG neutron.api.rpc.callbacks.version_manager [req-f9c4c413-da17-4105-8842-f5bf1715d192 116b76bf7ebc4a5eacdfdf6c59dfeb01 079d4984db794628ab6ae1e02088c266 - - -] Version for resource type Network changed None to 1.0 on consumer Open vSwitch agent@localhost.localdomain _set_version /usr/lib/python2.7/site-packages/neutron/api/rpc/callbacks/version_manager.py:119
2018-06-30 00:20:02.092 2400 DEBUG neutron.api.rpc.callbacks.version_manager [req-f9c4c413-da17-4105-8842-f5bf1715d192 116b76bf7ebc4a5eacdfdf6c59dfeb01 079d4984db794628ab6ae1e02088c266 - - -] Version for resource type SubPort changed None to 1.0 on consumer Open vSwitch agent@localhost.localdomain _set_version /usr/lib/python2.7/site-packages/neutron/api/rpc/callbacks/version_manager.py:119
2018-06-30 00:20:02.092 2400 DEBUG neutron.api.rpc.callbacks.version_manager [req-f9c4c413-da17-4105-8842-f5bf1715d192 116b76bf7ebc4a5eacdfdf6c59dfeb01 079d4984db794628ab6ae1e02088c266 - - -] Version for resource type SecurityGroup changed None to 1.0 on consumer Open vSwitch agent@localhost.localdomain _set_version /usr/lib/python2.7/site-packages/neutron/api/rpc/callbacks/version_manager.py:119
2018-06-30 00:20:02.093 2400 DEBUG neutron.api.rpc.callbacks.version_manager [req-f9c4c413-da17-4105-8842-f5bf1715d192 116b76bf7ebc4a5eacdfdf6c59dfeb01 079d4984db794628ab6ae1e02088c266 - - -] Version for resource type SecurityGroupRule changed None to 1.0 on consumer Open vSwitch agent@localhost.localdomain _set_version /usr/lib/python2.7/site-packages/neutron/api/rpc/callbacks/version_manager.py:119
2018-06-30 00:20:02.094 2400 DEBUG neutron.api.rpc.callbacks.version_manager [req-f9c4c413-da17-4105-8842-f5bf1715d192 116b76bf7ebc4a5eacdfdf6c59dfeb01 079d4984db794628ab6ae1e02088c266 - - -] Version for resource type Trunk changed None to 1.1 on consumer Open vSwitch agent@localhost.localdomain _set_version /usr/lib/python2.7/site-packages/neutron/api/rpc/callbacks/version_manager.py:119
2018-06-30 00:20:02.094 2400 DEBUG neutron.api.rpc.callbacks.version_manager [req-f9c4c413-da17-4105-8842-f5bf1715d192 116b76bf7ebc4a5eacdfdf6c59dfeb01 079d4984db794628ab6ae1e02088c266 - - -] Version for resource type QosPolicy changed None to 1.6 on consumer Open vSwitch agent@localhost.localdomain _set_version /usr/lib/python2.7/site-packages/neutron/api/rpc/callbacks/version_manager.py:119
2018-06-30 00:20:02.095 2400 DEBUG neutron.api.rpc.callbacks.version_manager [req-f9c4c413-da17-4105-8842-f5bf1715d192 116b76bf7ebc4a5eacdfdf6c59dfeb01 079d4984db794628ab6ae1e02088c266 - - -] Version for resource type Port changed None to 1.1 on consumer Open vSwitch agent@localhost.localdomain _set_version /usr/lib/python2.7/site-packages/neutron/api/rpc/callbacks/version_manager.py:119
2018-06-30 00:20:02.096 2400 DEBUG neutron.api.rpc.callbacks.version_manager [req-f9c4c413-da17-4105-8842-f5bf1715d192 116b76bf7ebc4a5eacdfdf6c59dfeb01 079d4984db794628ab6ae1e02088c266 - - -] Version for resource type Log changed None to 1.0 on consumer Open vSwitch agent@localhost.localdomain _set_version /usr/lib/python2.7/site-packages/neutron/api/rpc/callbacks/version_manager.py:119
2018-06-30 00:20:02.098 2400 DEBUG neutron.api.rpc.callbacks.version_manager [req-f9c4c413-da17-4105-8842-f5bf1715d192 116b76bf7ebc4a5eacdfdf6c59dfeb01 079d4984db794628ab6ae1e02088c266 - - -] Tracked resource versions report:
pushed versions:
{   'Log': set(['1.0']),
    'Network': set(['1.0']),
    'Port': set(['1.1']),
    'QosPolicy': set(['1.6']),
    'SecurityGroup': set(['1.0']),
    'SecurityGroupRule': set(['1.0']),
    'SubPort': set(['1.0']),
    'Subnet': set(['1.0']),
    'Trunk': set(['1.1'])}

consumer versions:
{   DHCP agent@localhost.localdomain: {   },
    L3 agent@localhost.localdomain: {   },
    Metadata agent@localhost.localdomain: {   },
    Metering agent@localhost.localdomain: {   },
    Open vSwitch agent@localhost.localdomain: {   u'Log': u'1.0',
                                                  u'Network': u'1.0',
                                                  u'Port': u'1.1',
                                                  u'QosPolicy': u'1.6',
                                                  u'SecurityGroup': u'1.0',
                                                  u'SecurityGroupRule': u'1.0',
                                                  u'SubPort': u'1.0',
                                                  u'Subnet': u'1.0',
                                                  u'Trunk': u'1.1'}}
 report /usr/lib/python2.7/site-packages/neutron/api/rpc/callbacks/version_manager.py:178
2018-06-30 00:20:02.186 2400 DEBUG neutron.quota.resource [req-f9c4c413-da17-4105-8842-f5bf1715d192 116b76bf7ebc4a5eacdfdf6c59dfeb01 079d4984db794628ab6ae1e02088c266 - 258339f66f414d13b4a59bcb4aaae6a1 258339f66f414d13b4a59bcb4aaae6a1] Persisted dirty status for tenant:079d4984db794628ab6ae1e02088c266 on resource:security_group_rule mark_dirty /usr/lib/python2.7/site-packages/neutron/quota/resource.py:207
2018-06-30 00:20:02.197 2400 DEBUG oslo_concurrency.lockutils [req-f9c4c413-da17-4105-8842-f5bf1715d192 116b76bf7ebc4a5eacdfdf6c59dfeb01 079d4984db794628ab6ae1e02088c266 - - -] Lock "event-dispatch" released by "neutron.plugins.ml2.ovo_rpc.dispatch_events" :: held 0.159s inner /usr/lib/python2.7/site-packages/oslo_concurrency/lockutils.py:282
2018-06-30 00:20:02.223 2400 DEBUG neutron_lib.callbacks.manager [req-f9c4c413-da17-4105-8842-f5bf1715d192 116b76bf7ebc4a5eacdfdf6c59dfeb01 079d4984db794628ab6ae1e02088c266 - 258339f66f414d13b4a59bcb4aaae6a1 258339f66f414d13b4a59bcb4aaae6a1] Notify callbacks [] for security_group_rule, before_response _notify_loop /usr/lib/python2.7/site-packages/neutron_lib/callbacks/manager.py:167
2018-06-30 00:20:02.225 2400 INFO neutron.wsgi [req-f9c4c413-da17-4105-8842-f5bf1715d192 116b76bf7ebc4a5eacdfdf6c59dfeb01 079d4984db794628ab6ae1e02088c266 - 258339f66f414d13b4a59bcb4aaae6a1 258339f66f414d13b4a59bcb4aaae6a1] 10.0.20.22 "POST /v2.0/security-group-rules HTTP/1.1" status: 201  len: 718 time: 1.0251551
2018-06-30 00:20:04.723 2417 DEBUG neutron_lib.callbacks.manager [req-ecd9172d-1b48-4488-b37e-098947911c18 - - - - -] Notify callbacks ['neutron.services.segments.db._update_segment_host_mapping_for_agent-8767172022066'] for agent, after_update _notify_loop /usr/lib/python2.7/site-packages/neutron_lib/callbacks/manager.py:167
2018-06-30 00:20:04.834 2412 DEBUG neutron_lib.callbacks.manager [req-9d8bff47-23c4-4058-a5fa-d0c2251aff89 - - - - -] Notify callbacks ['neutron.services.segments.db._update_segment_host_mapping_for_agent-8767172022066'] for agent, after_update _notify_loop /usr/lib/python2.7/site-packages/neutron_lib/callbacks/manager.py:167
2018-06-30 00:20:05.017 2420 DEBUG neutron_lib.callbacks.manager [req-cf846724-1b0a-4515-8893-be08832a40ab - - - - -] Notify callbacks ['neutron.services.segments.db._update_segment_host_mapping_for_agent-8767172022066'] for agent, after_update _notify_loop /usr/lib/python2.7/site-packages/neutron_lib/callbacks/manager.py:167
2018-06-30 00:20:06.201 2419 DEBUG neutron_lib.callbacks.manager [req-b14abf06-4b9a-4b41-b2cb-f70a4f5fc1fd - - - - -] Notify callbacks ['neutron.services.segments.db._update_segment_host_mapping_for_agent-8767172022066'] for agent, after_update _notify_loop /usr/lib/python2.7/site-packages/neutron_lib/callbacks/manager.py:167
2018-06-30 00:20:09.242 2406 DEBUG neutron.wsgi [-] (2406) accepted ('10.0.20.22', 58912) server /usr/lib/python2.7/site-packages/eventlet/wsgi.py:883
2018-06-30 00:20:09.247 2406 INFO neutron.wsgi [-] 10.0.20.22 "GET / HTTP/1.1" status: 200  len: 252 time: 0.0020170
2018-06-30 00:20:09.863 2406 INFO neutron.wsgi [req-e0d91d7a-bb2e-43be-bc9a-d61aada5ded8 116b76bf7ebc4a5eacdfdf6c59dfeb01 079d4984db794628ab6ae1e02088c266 - 258339f66f414d13b4a59bcb4aaae6a1 258339f66f414d13b4a59bcb4aaae6a1] 10.0.20.22 "GET /v2.0/security-groups HTTP/1.1" status: 200  len: 21175 time: 0.6122210
2018-06-30 00:20:17.936 2406 DEBUG neutron.wsgi [-] (2406) accepted ('10.0.20.22', 59948) server /usr/lib/python2.7/site-packages/eventlet/wsgi.py:883
2018-06-30 00:20:17.939 2406 INFO neutron.wsgi [-] 10.0.20.22 "GET / HTTP/1.1" status: 200  len: 252 time: 0.0013990
2018-06-30 00:20:18.247 2406 INFO neutron.pecan_wsgi.hooks.translation [req-95eeacf2-4678-4f41-b5b9-41ead4a5be42 41f81b51431f44bd96d368d9b49cd4bd 688c18a1c85f4751b329806136ced2ee - default default] GET failed (client error): The resource could not be found.
2018-06-30 00:20:18.249 2406 INFO neutron.wsgi [req-95eeacf2-4678-4f41-b5b9-41ead4a5be42 41f81b51431f44bd96d368d9b49cd4bd 688c18a1c85f4751b329806136ced2ee - default default] 10.0.20.22 "GET /v2.0/networks/public HTTP/1.1" status: 404  len: 314 time: 0.3053761
2018-06-30 00:20:18.452 2406 DEBUG neutron.pecan_wsgi.hooks.policy_enforcement [req-4a8bd45a-3a2f-473c-9d22-ecab77d892b1 41f81b51431f44bd96d368d9b49cd4bd 688c18a1c85f4751b329806136ced2ee - default default] Attributes excluded by policy engine: [u'vlan_transparent'] _exclude_attributes_by_policy /usr/lib/python2.7/site-packages/neutron/pecan_wsgi/hooks/policy_enforcement.py:256
2018-06-30 00:20:18.453 2406 DEBUG neutron.pecan_wsgi.hooks.policy_enforcement [req-4a8bd45a-3a2f-473c-9d22-ecab77d892b1 41f81b51431f44bd96d368d9b49cd4bd 688c18a1c85f4751b329806136ced2ee - default default] Attributes excluded by policy engine: [u'vlan_transparent'] _exclude_attributes_by_policy /usr/lib/python2.7/site-packages/neutron/pecan_wsgi/hooks/policy_enforcement.py:256
2018-06-30 00:20:18.455 2406 INFO neutron.wsgi [req-4a8bd45a-3a2f-473c-9d22-ecab77d892b1 41f81b51431f44bd96d368d9b49cd4bd 688c18a1c85f4751b329806136ced2ee - default default] 10.0.20.22 "GET /v2.0/networks HTTP/1.1" status: 200  len: 1542 time: 0.2014790
2018-06-30 00:20:24.796 2406 DEBUG neutron.wsgi [-] (2406) accepted ('10.0.20.22', 59956) server /usr/lib/python2.7/site-packages/eventlet/wsgi.py:883
2018-06-30 00:20:24.799 2406 INFO neutron.wsgi [-] 10.0.20.22 "GET / HTTP/1.1" status: 200  len: 252 time: 0.0015240
2018-06-30 00:20:24.931 2429 DEBUG neutron.db.agents_db [req-4df26ffd-6e1a-45d4-8ed0-c6494c7b83db - - - - -] Agent healthcheck: found 5 active agents agent_health_check /usr/lib/python2.7/site-packages/neutron/db/agents_db.py:281
2018-06-30 00:20:25.236 2406 DEBUG neutron.api.v2.base [req-b8078b49-c2a4-4c10-952b-bd3d5f46776b 116b76bf7ebc4a5eacdfdf6c59dfeb01 079d4984db794628ab6ae1e02088c266 - 258339f66f414d13b4a59bcb4aaae6a1 258339f66f414d13b4a59bcb4aaae6a1] Request body: {u'network': {u'name': u'tempest-private-1530310712', u'admin_state_up': True}} prepare_request_body /usr/lib/python2.7/site-packages/neutron/api/v2/base.py:695
2018-06-30 00:20:25.238 2406 INFO neutron.quota [req-b8078b49-c2a4-4c10-952b-bd3d5f46776b 116b76bf7ebc4a5eacdfdf6c59dfeb01 079d4984db794628ab6ae1e02088c266 - 258339f66f414d13b4a59bcb4aaae6a1 258339f66f414d13b4a59bcb4aaae6a1] Loaded quota_driver: <neutron.db.quota.driver.DbQuotaDriver object at 0x7f9441bfc8d0>.
2018-06-30 00:20:25.248 2406 DEBUG neutron.db.quota.driver [req-b8078b49-c2a4-4c10-952b-bd3d5f46776b 116b76bf7ebc4a5eacdfdf6c59dfeb01 079d4984db794628ab6ae1e02088c266 - 258339f66f414d13b4a59bcb4aaae6a1 258339f66f414d13b4a59bcb4aaae6a1] Resources subnetpool have unlimited quota limit. It is not required to calculate headroom  make_reservation /usr/lib/python2.7/site-packages/neutron/db/quota/driver.py:223
2018-06-30 00:20:25.260 2406 DEBUG neutron.quota.resource [req-b8078b49-c2a4-4c10-952b-bd3d5f46776b 116b76bf7ebc4a5eacdfdf6c59dfeb01 079d4984db794628ab6ae1e02088c266 - 258339f66f414d13b4a59bcb4aaae6a1 258339f66f414d13b4a59bcb4aaae6a1] Usage tracker for resource:network and tenant:079d4984db794628ab6ae1e02088c266 is out of sync, need to count used quota count_used /usr/lib/python2.7/site-packages/neutron/quota/resource.py:274
2018-06-30 00:20:25.270 2406 DEBUG neutron.quota.resource [req-b8078b49-c2a4-4c10-952b-bd3d5f46776b 116b76bf7ebc4a5eacdfdf6c59dfeb01 079d4984db794628ab6ae1e02088c266 - 258339f66f414d13b4a59bcb4aaae6a1 258339f66f414d13b4a59bcb4aaae6a1] Quota usage for network was recalculated. Used quota:0. count_used /usr/lib/python2.7/site-packages/neutron/quota/resource.py:293
2018-06-30 00:20:25.283 2406 DEBUG neutron.db.quota.driver [req-b8078b49-c2a4-4c10-952b-bd3d5f46776b 116b76bf7ebc4a5eacdfdf6c59dfeb01 079d4984db794628ab6ae1e02088c266 - 258339f66f414d13b4a59bcb4aaae6a1 258339f66f414d13b4a59bcb4aaae6a1] Attempting to reserve 1 items for resource network. Total usage: 0; quota limit: 100; headroom:100 make_reservation /usr/lib/python2.7/site-packages/neutron/db/quota/driver.py:255
2018-06-30 00:20:25.341 2406 DEBUG neutron.pecan_wsgi.hooks.quota_enforcement [req-b8078b49-c2a4-4c10-952b-bd3d5f46776b 116b76bf7ebc4a5eacdfdf6c59dfeb01 079d4984db794628ab6ae1e02088c266 - 258339f66f414d13b4a59bcb4aaae6a1 258339f66f414d13b4a59bcb4aaae6a1] Made reservation on behalf of 079d4984db794628ab6ae1e02088c266 for: {'network': 1} before /usr/lib/python2.7/site-packages/neutron/pecan_wsgi/hooks/quota_enforcement.py:55
2018-06-30 00:20:25.385 2406 DEBUG neutron_lib.callbacks.manager [req-b8078b49-c2a4-4c10-952b-bd3d5f46776b 116b76bf7ebc4a5eacdfdf6c59dfeb01 079d4984db794628ab6ae1e02088c266 - 258339f66f414d13b4a59bcb4aaae6a1 258339f66f414d13b4a59bcb4aaae6a1] Notify callbacks ['neutron.plugins.ml2.plugin.Ml2Plugin._ensure_default_security_group_handler--9223372036854295960'] for network, before_create _notify_loop /usr/lib/python2.7/site-packages/neutron_lib/callbacks/manager.py:167
2018-06-30 00:20:25.467 2406 DEBUG neutron.plugins.ml2.drivers.helpers [req-b8078b49-c2a4-4c10-952b-bd3d5f46776b 116b76bf7ebc4a5eacdfdf6c59dfeb01 079d4984db794628ab6ae1e02088c266 - 258339f66f414d13b4a59bcb4aaae6a1 258339f66f414d13b4a59bcb4aaae6a1] vxlan segment allocate from pool started with {'vxlan_vni': 37}  allocate_partially_specified_segment /usr/lib/python2.7/site-packages/neutron/plugins/ml2/drivers/helpers.py:157
2018-06-30 00:20:25.474 2406 DEBUG neutron.plugins.ml2.drivers.helpers [req-b8078b49-c2a4-4c10-952b-bd3d5f46776b 116b76bf7ebc4a5eacdfdf6c59dfeb01 079d4984db794628ab6ae1e02088c266 - 258339f66f414d13b4a59bcb4aaae6a1 258339f66f414d13b4a59bcb4aaae6a1] vxlan segment allocate from pool success with {'vxlan_vni': 37}  allocate_partially_specified_segment /usr/lib/python2.7/site-packages/neutron/plugins/ml2/drivers/helpers.py:165
2018-06-30 00:20:25.500 2406 DEBUG neutron_lib.callbacks.manager [req-b8078b49-c2a4-4c10-952b-bd3d5f46776b 116b76bf7ebc4a5eacdfdf6c59dfeb01 079d4984db794628ab6ae1e02088c266 - 258339f66f414d13b4a59bcb4aaae6a1 258339f66f414d13b4a59bcb4aaae6a1] Notify callbacks ['neutron.plugins.ml2.plugin.Ml2Plugin._handle_segment_change--9223372036853042260', 'neutron.services.segments.db._add_segment_host_mapping_for_segment--9223363269682753735'] for segment, precommit_create _notify_loop /usr/lib/python2.7/site-packages/neutron_lib/callbacks/manager.py:167
2018-06-30 00:20:25.501 2406 INFO neutron.db.segments_db [req-b8078b49-c2a4-4c10-952b-bd3d5f46776b 116b76bf7ebc4a5eacdfdf6c59dfeb01 079d4984db794628ab6ae1e02088c266 - 258339f66f414d13b4a59bcb4aaae6a1 258339f66f414d13b4a59bcb4aaae6a1] Added segment f9c4ef8c-fc70-4952-992a-355c18f718d8 of type vxlan for network 02d1adbd-d572-494a-b496-d0fbf69ad8a6
