2018-07-03 15:27:37.434 3816 DEBUG oslo_concurrency.lockutils [-] Lock "notifier-63eb378f-59d8-4685-acc2-92769134182b" acquired by "neutron.notifiers.batch_notifier.synced_send" :: waited 0.000s inner /usr/lib/python2.7/site-packages/oslo_concurrency/lockutils.py:270
2018-07-03 15:27:37.435 3816 DEBUG neutron.notifiers.nova [-] Sending events: [{'tag': u'cefe5efe-e4fb-49df-9df6-5c713b81342c', 'name': 'network-changed', 'server_uuid': u'18f3fcd4-b624-4310-aa7e-da0e3ec100a4'}] send_events /usr/lib/python2.7/site-packages/neutron/notifiers/nova.py:242
2018-07-03 15:27:37.456 3816 INFO neutron.wsgi [req-34c26f55-9c6f-4ebe-bd81-22fc0e6af9a8 59f963f90a0940d0a0321d158c75bc86 6ce4dd91709c441d9f1b40034ea03af4 - default default] 10.0.20.21 "PUT /v2.0/ports/cefe5efe-e4fb-49df-9df6-5c713b81342c HTTP/1.1" status: 200  len: 1119 time: 3.1262159
2018-07-03 15:27:37.482 3816 DEBUG neutron.api.rpc.handlers.resources_rpc [req-34c26f55-9c6f-4ebe-bd81-22fc0e6af9a8 59f963f90a0940d0a0321d158c75bc86 6ce4dd91709c441d9f1b40034ea03af4 - - -] neutron.api.rpc.handlers.resources_rpc.ResourcesPushRpcApi method push called with arguments (<neutron_lib.context.Context object at 0x7f3d540e9dd0>, [Port(admin_state_up=True,allowed_address_pairs=[],binding=PortBinding,binding_levels=[PortBindingLevel],created_at=2018-07-03T13:27:32Z,data_plane_status=<?>,description='',device_id='18f3fcd4-b624-4310-aa7e-da0e3ec100a4',device_owner='compute:nova',dhcp_options=[],distributed_binding=None,dns=None,fixed_ips=[IPAllocation],id=cefe5efe-e4fb-49df-9df6-5c713b81342c,mac_address=fa:16:3e:37:ee:8d,name='',network_id=791ed456-437d-4470-8af9-47a7aa2ec87a,project_id='8b9cac81cc87403e8ab22768d4b5e97e',qos_policy_id=None,revision_number=5,security=PortSecurity(cefe5efe-e4fb-49df-9df6-5c713b81342c),security_group_ids=set([20cb453e-fd58-4edf-8ad7-0a1f49ef7b48]),status='DOWN',updated_at=2018-07-03T13:27:36Z)], 'updated') {} wrapper /usr/lib/python2.7/site-packages/oslo_log/helpers.py:66
2018-07-03 15:27:37.502 3816 DEBUG oslo_concurrency.lockutils [req-34c26f55-9c6f-4ebe-bd81-22fc0e6af9a8 59f963f90a0940d0a0321d158c75bc86 6ce4dd91709c441d9f1b40034ea03af4 - - -] Lock "event-dispatch" released by "neutron.plugins.ml2.ovo_rpc.dispatch_events" :: held 0.217s inner /usr/lib/python2.7/site-packages/oslo_concurrency/lockutils.py:282
2018-07-03 15:27:37.858 3816 INFO neutron.wsgi [req-ba097cd6-f778-4ea1-a3df-11322b84c061 59f963f90a0940d0a0321d158c75bc86 6ce4dd91709c441d9f1b40034ea03af4 - default default] 10.0.20.21 "GET /v2.0/ports?tenant_id=8b9cac81cc87403e8ab22768d4b5e97e&device_id=18f3fcd4-b624-4310-aa7e-da0e3ec100a4 HTTP/1.1" status: 200  len: 1122 time: 0.2214758
2018-07-03 15:27:37.951 3816 INFO neutron.wsgi [req-98b6b868-71ba-4999-9b8a-4f226c4d4078 59f963f90a0940d0a0321d158c75bc86 6ce4dd91709c441d9f1b40034ea03af4 - default default] 10.0.20.21 "GET /v2.0/floatingips?fixed_ip_address=11.251.1.3&port_id=cefe5efe-e4fb-49df-9df6-5c713b81342c HTTP/1.1" status: 200  len: 217 time: 0.0801520
2018-07-03 15:27:38.139 3816 DEBUG neutron.pecan_wsgi.hooks.policy_enforcement [req-22eb0ceb-4827-4ad5-b27c-a8bc03048063 59f963f90a0940d0a0321d158c75bc86 6ce4dd91709c441d9f1b40034ea03af4 - default default] Attributes excluded by policy engine: [u'shared'] _exclude_attributes_by_policy /usr/lib/python2.7/site-packages/neutron/pecan_wsgi/hooks/policy_enforcement.py:256
2018-07-03 15:27:38.148 3816 INFO neutron.wsgi [req-22eb0ceb-4827-4ad5-b27c-a8bc03048063 59f963f90a0940d0a0321d158c75bc86 6ce4dd91709c441d9f1b40034ea03af4 - default default] 10.0.20.21 "GET /v2.0/subnets?id=586beafd-8305-48e7-94fc-b0e8711d2350 HTTP/1.1" status: 200  len: 847 time: 0.1799400
2018-07-03 15:27:38.326 3816 INFO neutron.wsgi [req-01a527bd-b156-45a7-b841-70fd8ed624c9 59f963f90a0940d0a0321d158c75bc86 6ce4dd91709c441d9f1b40034ea03af4 - default default] 10.0.20.21 "GET /v2.0/ports?network_id=791ed456-437d-4470-8af9-47a7aa2ec87a&device_owner=network%3Adhcp HTTP/1.1" status: 200  len: 1128 time: 0.1691129
2018-07-03 15:27:38.570 3816 DEBUG novaclient.v2.client [-] REQ: curl -g -i -X POST http://10.0.20.21:8774/v2.1/6ce4dd91709c441d9f1b40034ea03af4/os-server-external-events -H "User-Agent: python-novaclient" -H "Content-Type: application/json" -H "Accept: application/json" -H "X-OpenStack-Nova-API-Version: 2.1" -H "X-Auth-Token: {SHA1}860a6d5c298dcda1b65d83041a65b9425bec2500" -d '{"events": [{"tag": "cefe5efe-e4fb-49df-9df6-5c713b81342c", "name": "network-changed", "server_uuid": "18f3fcd4-b624-4310-aa7e-da0e3ec100a4"}]}' _http_log_request /usr/lib/python2.7/site-packages/keystoneauth1/session.py:375
2018-07-03 15:27:40.333 3828 DEBUG neutron.db.agents_db [req-d108e22f-f31e-4d51-bfbf-0aefe0a26083 - - - - -] Agent healthcheck: found 5 active agents agent_health_check /usr/lib/python2.7/site-packages/neutron/db/agents_db.py:281
2018-07-03 15:27:41.419 3818 DEBUG neutron.plugins.ml2.rpc [req-cfc4633f-27a5-438f-b3ba-aea464fcd4be - - - - -] Device cefe5efe-e4fb-49df-9df6-5c713b81342c up at agent ovs-agent-localhost.localdomain update_device_up /usr/lib/python2.7/site-packages/neutron/plugins/ml2/rpc.py:244
2018-07-03 15:27:41.585 3818 DEBUG neutron.db.provisioning_blocks [req-cfc4633f-27a5-438f-b3ba-aea464fcd4be - - - - -] Provisioning for port cefe5efe-e4fb-49df-9df6-5c713b81342c completed by entity L2. provisioning_complete /usr/lib/python2.7/site-packages/neutron/db/provisioning_blocks.py:132
2018-07-03 15:27:41.601 3818 DEBUG neutron.db.provisioning_blocks [req-cfc4633f-27a5-438f-b3ba-aea464fcd4be - - - - -] Provisioning complete for port cefe5efe-e4fb-49df-9df6-5c713b81342c triggered by entity L2. provisioning_complete /usr/lib/python2.7/site-packages/neutron/db/provisioning_blocks.py:138
2018-07-03 15:27:41.602 3818 DEBUG neutron_lib.callbacks.manager [req-cfc4633f-27a5-438f-b3ba-aea464fcd4be - - - - -] Notify callbacks ['neutron.plugins.ml2.plugin.Ml2Plugin._port_provisioned-888980'] for port, provisioning_complete _notify_loop /usr/lib/python2.7/site-packages/neutron_lib/callbacks/manager.py:167
2018-07-03 15:27:41.658 3821 DEBUG neutron_lib.callbacks.manager [req-cfc4633f-27a5-438f-b3ba-aea464fcd4be - - - - -] Notify callbacks ['neutron.services.segments.db._update_segment_host_mapping_for_agent-8743836417586'] for agent, after_update _notify_loop /usr/lib/python2.7/site-packages/neutron_lib/callbacks/manager.py:167
2018-07-03 15:27:41.817 3816 DEBUG novaclient.v2.client [-] RESP: [200] Content-Length: 179 Content-Type: application/json Openstack-Api-Version: compute 2.1 X-Openstack-Nova-Api-Version: 2.1 Vary: OpenStack-API-Version, X-OpenStack-Nova-API-Version X-Openstack-Request-Id: req-1324da72-816b-40c2-8c39-5d8db3ac9715 X-Compute-Request-Id: req-1324da72-816b-40c2-8c39-5d8db3ac9715 Date: Tue, 03 Jul 2018 13:27:41 GMT Connection: keep-alive 
RESP BODY: {"events": [{"status": "completed", "tag": "cefe5efe-e4fb-49df-9df6-5c713b81342c", "name": "network-changed", "server_uuid": "18f3fcd4-b624-4310-aa7e-da0e3ec100a4", "code": 200}]}
 _http_log_response /usr/lib/python2.7/site-packages/keystoneauth1/session.py:423
2018-07-03 15:27:41.818 3816 DEBUG novaclient.v2.client [-] POST call to compute for http://10.0.20.21:8774/v2.1/6ce4dd91709c441d9f1b40034ea03af4/os-server-external-events used request id req-1324da72-816b-40c2-8c39-5d8db3ac9715 request /usr/lib/python2.7/site-packages/keystoneauth1/session.py:727
2018-07-03 15:27:41.831 3816 INFO neutron.notifiers.nova [-] Nova event response: {u'status': u'completed', u'tag': u'cefe5efe-e4fb-49df-9df6-5c713b81342c', u'name': u'network-changed', u'server_uuid': u'18f3fcd4-b624-4310-aa7e-da0e3ec100a4', u'code': 200}
2018-07-03 15:27:41.838 3818 DEBUG neutron_lib.callbacks.manager [req-cfc4633f-27a5-438f-b3ba-aea464fcd4be - - - - -] Notify callbacks ['neutron.plugins.ml2.plugin.Ml2Plugin._ensure_default_security_group_handler--9223372036854354600'] for port, before_update _notify_loop /usr/lib/python2.7/site-packages/neutron_lib/callbacks/manager.py:167
2018-07-03 15:27:41.940 3818 DEBUG oslo_concurrency.lockutils [-] Lock "notifier-63eb378f-59d8-4685-acc2-92769134182b" acquired by "neutron.notifiers.batch_notifier.synced_send" :: waited 0.000s inner /usr/lib/python2.7/site-packages/oslo_concurrency/lockutils.py:270
2018-07-03 15:27:41.941 3818 DEBUG neutron.notifiers.nova [-] Sending events: [{'status': 'completed', 'tag': u'cefe5efe-e4fb-49df-9df6-5c713b81342c', 'name': 'network-vif-plugged', 'server_uuid': u'18f3fcd4-b624-4310-aa7e-da0e3ec100a4'}] send_events /usr/lib/python2.7/site-packages/neutron/notifiers/nova.py:242
2018-07-03 15:27:41.954 3818 DEBUG neutron.plugins.ml2.db [req-cfc4633f-27a5-438f-b3ba-aea464fcd4be - - - - -] For port cefe5efe-e4fb-49df-9df6-5c713b81342c, host localhost.localdomain, got binding levels [<neutron.plugins.ml2.models.PortBindingLevel[object at 7f3d530cacd0] {port_id=u'cefe5efe-e4fb-49df-9df6-5c713b81342c', host=u'localhost.localdomain', level=0, driver=u'openvswitch', segment_id=u'421c9770-ae37-4b37-aca0-fc671b2da80f'}>] get_binding_levels /usr/lib/python2.7/site-packages/neutron/plugins/ml2/db.py:106
2018-07-03 15:27:41.969 3818 DEBUG neutron_lib.callbacks.manager [req-cfc4633f-27a5-438f-b3ba-aea464fcd4be - - - - -] Notify callbacks ['neutron.api.rpc.agentnotifiers.dhcp_rpc_agent_api.DhcpAgentNotifyAPI._native_event_send_dhcp_notification-7777043', 'neutron.db.l3_dvrscheduler_db._notify_l3_agent_port_update--9223363293018720802', 'neutron.plugins.ml2.ovo_rpc._ObjectChangeHandler.handle_event-7917346', 'neutron.db.l3_hascheduler_db._notify_l3_agent_ha_port_update-8743836055858', 'neutron.plugins.ml2.plugin.Ml2Plugin.notify_sg_on_port_change-421349'] for port, after_update _notify_loop /usr/lib/python2.7/site-packages/neutron_lib/callbacks/manager.py:167
2018-07-03 15:27:41.979 3818 DEBUG oslo_concurrency.lockutils [-] Lock "event-dispatch" acquired by "neutron.plugins.ml2.ovo_rpc.dispatch_events" :: waited 0.000s inner /usr/lib/python2.7/site-packages/oslo_concurrency/lockutils.py:270
2018-07-03 15:27:42.044 3816 INFO neutron.wsgi [req-a3e911a3-5470-4e80-9106-a1fb2f03cd2d 59f963f90a0940d0a0321d158c75bc86 6ce4dd91709c441d9f1b40034ea03af4 - default default] 10.0.20.21 "GET /v2.0/ports?tenant_id=8b9cac81cc87403e8ab22768d4b5e97e&device_id=18f3fcd4-b624-4310-aa7e-da0e3ec100a4 HTTP/1.1" status: 200  len: 1124 time: 0.1601989
2018-07-03 15:27:42.164 3818 DEBUG neutron.api.rpc.handlers.resources_rpc [req-cfc4633f-27a5-438f-b3ba-aea464fcd4be - - - - -] neutron.api.rpc.handlers.resources_rpc.ResourcesPushRpcApi method push called with arguments (<neutron_lib.context.Context object at 0x7f3d532f5a50>, [Port(admin_state_up=True,allowed_address_pairs=[],binding=PortBinding,binding_levels=[PortBindingLevel],created_at=2018-07-03T13:27:32Z,data_plane_status=<?>,description='',device_id='18f3fcd4-b624-4310-aa7e-da0e3ec100a4',device_owner='compute:nova',dhcp_options=[],distributed_binding=None,dns=None,fixed_ips=[IPAllocation],id=cefe5efe-e4fb-49df-9df6-5c713b81342c,mac_address=fa:16:3e:37:ee:8d,name='',network_id=791ed456-437d-4470-8af9-47a7aa2ec87a,project_id='8b9cac81cc87403e8ab22768d4b5e97e',qos_policy_id=None,revision_number=6,security=PortSecurity(cefe5efe-e4fb-49df-9df6-5c713b81342c),security_group_ids=set([20cb453e-fd58-4edf-8ad7-0a1f49ef7b48]),status='ACTIVE',updated_at=2018-07-03T13:27:41Z)], 'updated') {} wrapper /usr/lib/python2.7/site-packages/oslo_log/helpers.py:66
2018-07-03 15:27:42.183 3818 DEBUG oslo_concurrency.lockutils [req-cfc4633f-27a5-438f-b3ba-aea464fcd4be - - - - -] Lock "event-dispatch" released by "neutron.plugins.ml2.ovo_rpc.dispatch_events" :: held 0.204s inner /usr/lib/python2.7/site-packages/oslo_concurrency/lockutils.py:282
2018-07-03 15:27:42.348 3816 DEBUG neutron.pecan_wsgi.hooks.policy_enforcement [req-f314f900-09a8-4aaa-9e04-63f2a2c4ab4e 59f963f90a0940d0a0321d158c75bc86 6ce4dd91709c441d9f1b40034ea03af4 - default default] Attributes excluded by policy engine: [u'vlan_transparent'] _exclude_attributes_by_policy /usr/lib/python2.7/site-packages/neutron/pecan_wsgi/hooks/policy_enforcement.py:256
2018-07-03 15:27:42.352 3816 INFO neutron.wsgi [req-f314f900-09a8-4aaa-9e04-63f2a2c4ab4e 59f963f90a0940d0a0321d158c75bc86 6ce4dd91709c441d9f1b40034ea03af4 - default default] 10.0.20.21 "GET /v2.0/networks?id=791ed456-437d-4470-8af9-47a7aa2ec87a HTTP/1.1" status: 200  len: 885 time: 0.3068171
2018-07-03 15:27:42.407 3816 INFO neutron.wsgi [req-c834be18-7bc8-42d5-a286-6bfb78a9975d 59f963f90a0940d0a0321d158c75bc86 6ce4dd91709c441d9f1b40034ea03af4 - default default] 10.0.20.21 "GET /v2.0/floatingips?fixed_ip_address=11.251.1.3&port_id=cefe5efe-e4fb-49df-9df6-5c713b81342c HTTP/1.1" status: 200  len: 217 time: 0.0466290
2018-07-03 15:27:42.568 3816 DEBUG neutron.pecan_wsgi.hooks.policy_enforcement [req-f4148865-6559-4048-b13e-6f6b6866b0c7 59f963f90a0940d0a0321d158c75bc86 6ce4dd91709c441d9f1b40034ea03af4 - default default] Attributes excluded by policy engine: [u'shared'] _exclude_attributes_by_policy /usr/lib/python2.7/site-packages/neutron/pecan_wsgi/hooks/policy_enforcement.py:256
2018-07-03 15:27:42.574 3816 INFO neutron.wsgi [req-f4148865-6559-4048-b13e-6f6b6866b0c7 59f963f90a0940d0a0321d158c75bc86 6ce4dd91709c441d9f1b40034ea03af4 - default default] 10.0.20.21 "GET /v2.0/subnets?id=586beafd-8305-48e7-94fc-b0e8711d2350 HTTP/1.1" status: 200  len: 847 time: 0.1592391
2018-07-03 15:27:42.762 3816 INFO neutron.wsgi [req-04796eda-51b7-4837-a475-6fb2180601c7 59f963f90a0940d0a0321d158c75bc86 6ce4dd91709c441d9f1b40034ea03af4 - default default] 10.0.20.21 "GET /v2.0/ports?network_id=791ed456-437d-4470-8af9-47a7aa2ec87a&device_owner=network%3Adhcp HTTP/1.1" status: 200  len: 1128 time: 0.1724980
2018-07-03 15:27:43.061 3818 DEBUG novaclient.v2.client [-] REQ: curl -g -i -X POST http://10.0.20.21:8774/v2.1/6ce4dd91709c441d9f1b40034ea03af4/os-server-external-events -H "User-Agent: python-novaclient" -H "Content-Type: application/json" -H "Accept: application/json" -H "X-OpenStack-Nova-API-Version: 2.1" -H "X-Auth-Token: {SHA1}26c0d781fe916a135c4811f153043f5b263b22c2" -d '{"events": [{"status": "completed", "tag": "cefe5efe-e4fb-49df-9df6-5c713b81342c", "name": "network-vif-plugged", "server_uuid": "18f3fcd4-b624-4310-aa7e-da0e3ec100a4"}]}' _http_log_request /usr/lib/python2.7/site-packages/keystoneauth1/session.py:375
2018-07-03 15:27:43.220 3820 DEBUG neutron.plugins.ml2.rpc [req-cfc4633f-27a5-438f-b3ba-aea464fcd4be - - - - -] Device cefe5efe-e4fb-49df-9df6-5c713b81342c up at agent ovs-agent-localhost.localdomain update_device_up /usr/lib/python2.7/site-packages/neutron/plugins/ml2/rpc.py:244
2018-07-03 15:27:43.518 3820 DEBUG neutron.db.provisioning_blocks [req-cfc4633f-27a5-438f-b3ba-aea464fcd4be - - - - -] Provisioning complete for port cefe5efe-e4fb-49df-9df6-5c713b81342c triggered by entity L2. provisioning_complete /usr/lib/python2.7/site-packages/neutron/db/provisioning_blocks.py:138
2018-07-03 15:27:43.522 3820 DEBUG neutron_lib.callbacks.manager [req-cfc4633f-27a5-438f-b3ba-aea464fcd4be - - - - -] Notify callbacks ['neutron.plugins.ml2.plugin.Ml2Plugin._port_provisioned-888980'] for port, provisioning_complete _notify_loop /usr/lib/python2.7/site-packages/neutron_lib/callbacks/manager.py:167
2018-07-03 15:27:43.834 3816 DEBUG oslo_concurrency.lockutils [-] Lock "notifier-63eb378f-59d8-4685-acc2-92769134182b" released by "neutron.notifiers.batch_notifier.synced_send" :: held 6.399s inner /usr/lib/python2.7/site-packages/oslo_concurrency/lockutils.py:282
2018-07-03 15:27:44.071 3812 DEBUG neutron.wsgi [-] (3812) accepted ('10.0.20.21', 34940) server /usr/lib/python2.7/site-packages/eventlet/wsgi.py:883
2018-07-03 15:27:44.687 3818 DEBUG novaclient.v2.client [-] RESP: [200] Content-Length: 183 Content-Type: application/json Openstack-Api-Version: compute 2.1 X-Openstack-Nova-Api-Version: 2.1 Vary: OpenStack-API-Version, X-OpenStack-Nova-API-Version X-Openstack-Request-Id: req-1566f979-00a7-4a25-8be4-0b19d265b5b7 X-Compute-Request-Id: req-1566f979-00a7-4a25-8be4-0b19d265b5b7 Date: Tue, 03 Jul 2018 13:27:44 GMT Connection: keep-alive 
RESP BODY: {"events": [{"status": "completed", "tag": "cefe5efe-e4fb-49df-9df6-5c713b81342c", "name": "network-vif-plugged", "server_uuid": "18f3fcd4-b624-4310-aa7e-da0e3ec100a4", "code": 200}]}
 _http_log_response /usr/lib/python2.7/site-packages/keystoneauth1/session.py:423
2018-07-03 15:27:44.688 3818 DEBUG novaclient.v2.client [-] POST call to compute for http://10.0.20.21:8774/v2.1/6ce4dd91709c441d9f1b40034ea03af4/os-server-external-events used request id req-1566f979-00a7-4a25-8be4-0b19d265b5b7 request /usr/lib/python2.7/site-packages/keystoneauth1/session.py:727
2018-07-03 15:27:44.697 3818 INFO neutron.notifiers.nova [-] Nova event response: {u'status': u'completed', u'tag': u'cefe5efe-e4fb-49df-9df6-5c713b81342c', u'name': u'network-vif-plugged', u'server_uuid': u'18f3fcd4-b624-4310-aa7e-da0e3ec100a4', u'code': 200}
2018-07-03 15:27:44.955 3812 WARNING keystonemiddleware.auth_token [-] A valid token was submitted as a service token, but it was not a valid service token. This is incorrect but backwards compatible behaviour. This will be removed in future releases.
2018-07-03 15:27:46.111 3812 DEBUG neutron.quota.resource [req-94df5ce8-663d-4d55-a1b6-794c29ffbb6c 18e95b3c347d46fc9dc57e8e6891b711 8b9cac81cc87403e8ab22768d4b5e97e - 40c526a6aabf41a4a2eeb730f129b87a 40c526a6aabf41a4a2eeb730f129b87a] Synchronizing usage tracker for tenant:8b9cac81cc87403e8ab22768d4b5e97e on resource:port resync /usr/lib/python2.7/site-packages/neutron/quota/resource.py:245
2018-07-03 15:27:46.205 3812 DEBUG neutron.quota.resource [req-94df5ce8-663d-4d55-a1b6-794c29ffbb6c 18e95b3c347d46fc9dc57e8e6891b711 8b9cac81cc87403e8ab22768d4b5e97e - 40c526a6aabf41a4a2eeb730f129b87a 40c526a6aabf41a4a2eeb730f129b87a] Unset dirty status for tenant:8b9cac81cc87403e8ab22768d4b5e97e on resource:port _resync /usr/lib/python2.7/site-packages/neutron/quota/resource.py:237
2018-07-03 15:27:46.210 3812 INFO neutron.wsgi [req-94df5ce8-663d-4d55-a1b6-794c29ffbb6c 18e95b3c347d46fc9dc57e8e6891b711 8b9cac81cc87403e8ab22768d4b5e97e - 40c526a6aabf41a4a2eeb730f129b87a 40c526a6aabf41a4a2eeb730f129b87a] 10.0.20.21 "GET /v2.0/ports?device_id=18f3fcd4-b624-4310-aa7e-da0e3ec100a4 HTTP/1.1" status: 200  len: 1124 time: 2.1356521
2018-07-03 15:27:46.480 3812 INFO neutron.wsgi [req-67dc6e5f-cd05-46e5-be5d-aa434f655380 18e95b3c347d46fc9dc57e8e6891b711 8b9cac81cc87403e8ab22768d4b5e97e - 40c526a6aabf41a4a2eeb730f129b87a 40c526a6aabf41a4a2eeb730f129b87a] 10.0.20.21 "GET /v2.0/security-groups?id=20cb453e-fd58-4edf-8ad7-0a1f49ef7b48 HTTP/1.1" status: 200  len: 2118 time: 0.2070642
2018-07-03 15:27:46.706 3818 DEBUG oslo_concurrency.lockutils [-] Lock "notifier-63eb378f-59d8-4685-acc2-92769134182b" released by "neutron.notifiers.batch_notifier.synced_send" :: held 4.766s inner /usr/lib/python2.7/site-packages/oslo_concurrency/lockutils.py:282
2018-07-03 15:27:51.790 3820 DEBUG neutron_lib.callbacks.manager [req-43830045-bfb8-47b8-8585-6f6bc65abec9 - - - - -] Notify callbacks ['neutron.services.segments.db._update_segment_host_mapping_for_agent-8743836417586'] for agent, after_update _notify_loop /usr/lib/python2.7/site-packages/neutron_lib/callbacks/manager.py:167
2018-07-03 15:27:51.866 3817 DEBUG neutron_lib.callbacks.manager [req-f102f591-24f3-48f0-b2e1-eb9b3af5799f - - - - -] Notify callbacks ['neutron.services.segments.db._update_segment_host_mapping_for_agent-8743836417586'] for agent, after_update _notify_loop /usr/lib/python2.7/site-packages/neutron_lib/callbacks/manager.py:167
2018-07-03 15:27:51.934 3825 DEBUG neutron_lib.callbacks.manager [req-ea5abf15-764b-4fda-9b6d-114c9c3a5379 - - - - -] Notify callbacks ['neutron.services.segments.db._update_segment_host_mapping_for_agent-8743836417586'] for agent, after_update _notify_loop /usr/lib/python2.7/site-packages/neutron_lib/callbacks/manager.py:167
2018-07-03 15:27:53.768 3824 DEBUG neutron_lib.callbacks.manager [req-4cd83753-7626-4b61-9798-353454e79116 - - - - -] Notify callbacks ['neutron.services.segments.db._update_segment_host_mapping_for_agent-8743836417586'] for agent, after_update _notify_loop /usr/lib/python2.7/site-packages/neutron_lib/callbacks/manager.py:167
2018-07-03 15:27:59.580 3813 DEBUG neutron.wsgi [-] (3813) accepted ('10.0.20.21', 35326) server /usr/lib/python2.7/site-packages/eventlet/wsgi.py:883
2018-07-03 15:28:00.134 3813 WARNING keystonemiddleware.auth_token [-] A valid token was submitted as a service token, but it was not a valid service token. This is incorrect but backwards compatible behaviour. This will be removed in future releases.
2018-07-03 15:28:00.827 3813 INFO neutron.wsgi [req-ff5b2a13-5394-4623-86ce-f1af00ca0637 18e95b3c347d46fc9dc57e8e6891b711 8b9cac81cc87403e8ab22768d4b5e97e - 40c526a6aabf41a4a2eeb730f129b87a 40c526a6aabf41a4a2eeb730f129b87a] 10.0.20.21 "GET /v2.0/ports?device_id=18f3fcd4-b624-4310-aa7e-da0e3ec100a4 HTTP/1.1" status: 200  len: 1124 time: 1.2461300
2018-07-03 15:28:00.999 3813 INFO neutron.wsgi [req-28278991-0c20-4b19-beea-34c9f40f5744 18e95b3c347d46fc9dc57e8e6891b711 8b9cac81cc87403e8ab22768d4b5e97e - 40c526a6aabf41a4a2eeb730f129b87a 40c526a6aabf41a4a2eeb730f129b87a] 10.0.20.21 "GET /v2.0/security-groups?id=20cb453e-fd58-4edf-8ad7-0a1f49ef7b48 HTTP/1.1" status: 200  len: 2118 time: 0.1359329
2018-07-03 15:28:10.969 3816 INFO neutron.wsgi [req-26bb30f9-dcbb-481c-9ba9-bd96b3f66c8a 59f963f90a0940d0a0321d158c75bc86 6ce4dd91709c441d9f1b40034ea03af4 - default default] 10.0.20.21 "GET /v2.0/ports?tenant_id=f4a570c942f04ee3b556f3e6756b5a50&device_id=fbe9921b-01af-42ef-a506-f7a67f25f76a HTTP/1.1" status: 200  len: 1125 time: 0.2192891
2018-07-03 15:28:11.342 3816 DEBUG neutron.pecan_wsgi.hooks.policy_enforcement [req-0536e28d-7db1-4640-997a-8e202682ba51 59f963f90a0940d0a0321d158c75bc86 6ce4dd91709c441d9f1b40034ea03af4 - default default] Attributes excluded by policy engine: [u'vlan_transparent'] _exclude_attributes_by_policy /usr/lib/python2.7/site-packages/neutron/pecan_wsgi/hooks/policy_enforcement.py:256
2018-07-03 15:28:11.346 3816 INFO neutron.wsgi [req-0536e28d-7db1-4640-997a-8e202682ba51 59f963f90a0940d0a0321d158c75bc86 6ce4dd91709c441d9f1b40034ea03af4 - default default] 10.0.20.21 "GET /v2.0/networks?id=65a63b5d-4ab6-4a89-8fc5-4ab4c578efe5 HTTP/1.1" status: 200  len: 888 time: 0.3691299
2018-07-03 15:28:11.398 3816 INFO neutron.wsgi [req-b5c4042c-c176-44a9-8ee9-b7e57a46a137 59f963f90a0940d0a0321d158c75bc86 6ce4dd91709c441d9f1b40034ea03af4 - default default] 10.0.20.21 "GET /v2.0/floatingips?fixed_ip_address=172.24.4.11&port_id=de636301-2b4d-4580-966c-2174f43d6448 HTTP/1.1" status: 200  len: 217 time: 0.0439250
2018-07-03 15:28:11.613 3816 DEBUG neutron.pecan_wsgi.hooks.policy_enforcement [req-492af820-4905-4123-b1d5-3a90f3c65293 59f963f90a0940d0a0321d158c75bc86 6ce4dd91709c441d9f1b40034ea03af4 - default default] Attributes excluded by policy engine: [u'shared'] _exclude_attributes_by_policy /usr/lib/python2.7/site-packages/neutron/pecan_wsgi/hooks/policy_enforcement.py:256
2018-07-03 15:28:11.617 3816 INFO neutron.wsgi [req-492af820-4905-4123-b1d5-3a90f3c65293 59f963f90a0940d0a0321d158c75bc86 6ce4dd91709c441d9f1b40034ea03af4 - default default] 10.0.20.21 "GET /v2.0/subnets?id=0db29b77-dce9-468d-9f4c-d777953f217f HTTP/1.1" status: 200  len: 819 time: 0.2131379
2018-07-03 15:28:11.664 3818 DEBUG neutron_lib.callbacks.manager [req-cfc4633f-27a5-438f-b3ba-aea464fcd4be - - - - -] Notify callbacks ['neutron.services.segments.db._update_segment_host_mapping_for_agent-8743836417586'] for agent, after_update _notify_loop /usr/lib/python2.7/site-packages/neutron_lib/callbacks/manager.py:167
2018-07-03 15:28:11.711 3816 INFO neutron.wsgi [req-fe437b37-ca7c-4d2a-8f69-16b160678bdf 59f963f90a0940d0a0321d158c75bc86 6ce4dd91709c441d9f1b40034ea03af4 - default default] 10.0.20.21 "GET /v2.0/ports?network_id=65a63b5d-4ab6-4a89-8fc5-4ab4c578efe5&device_owner=network%3Adhcp HTTP/1.1" status: 200  len: 210 time: 0.0852602
2018-07-03 15:28:14.222 3810 DEBUG neutron.wsgi [-] (3810) accepted ('10.0.20.21', 35382) server /usr/lib/python2.7/site-packages/eventlet/wsgi.py:883
2018-07-03 15:28:14.989 3810 WARNING keystonemiddleware.auth_token [-] A valid token was submitted as a service token, but it was not a valid service token. This is incorrect but backwards compatible behaviour. This will be removed in future releases.
2018-07-03 15:28:15.469 3811 DEBUG neutron.wsgi [-] (3811) accepted ('10.0.20.21', 35390) server /usr/lib/python2.7/site-packages/eventlet/wsgi.py:883
2018-07-03 15:28:15.473 3811 INFO neutron.wsgi [-] 10.0.20.21 "GET / HTTP/1.1" status: 200  len: 252 time: 0.0025620
2018-07-03 15:28:15.839 3810 INFO neutron.wsgi [req-87068a34-fdfe-4ee4-87e5-c6991272d02e b5c7d57bbd1a48d5a86a8095ce57bfd4 6ce4dd91709c441d9f1b40034ea03af4 - default default] 10.0.20.21 "GET /v2.0/ports?device_id=18f3fcd4-b624-4310-aa7e-da0e3ec100a4 HTTP/1.1" status: 200  len: 1124 time: 1.6058741
2018-07-03 15:28:16.052 3810 INFO neutron.wsgi [req-4c3dff63-02ae-4c41-babd-594936be82b1 b5c7d57bbd1a48d5a86a8095ce57bfd4 6ce4dd91709c441d9f1b40034ea03af4 - default default] 10.0.20.21 "GET /v2.0/security-groups?id=20cb453e-fd58-4edf-8ad7-0a1f49ef7b48 HTTP/1.1" status: 200  len: 2118 time: 0.1721151
2018-07-03 15:28:16.228 3811 INFO neutron.pecan_wsgi.hooks.translation [req-ba9ed3b7-fd68-48e3-8ecb-7ecd1e4e47b6 5feafc9ff48747df82912c2055bf7429 f4a570c942f04ee3b556f3e6756b5a50 - default default] GET failed (client error): The resource could not be found.
2018-07-03 15:28:16.230 3811 INFO neutron.wsgi [req-ba9ed3b7-fd68-48e3-8ecb-7ecd1e4e47b6 5feafc9ff48747df82912c2055bf7429 f4a570c942f04ee3b556f3e6756b5a50 - default default] 10.0.20.21 "GET /v2.0/networks/public HTTP/1.1" status: 404  len: 314 time: 0.7507200
2018-07-03 15:28:17.242 3811 DEBUG neutron.pecan_wsgi.hooks.policy_enforcement [req-c74172f6-395e-4a0b-be8c-0006d65e5c79 5feafc9ff48747df82912c2055bf7429 f4a570c942f04ee3b556f3e6756b5a50 - default default] Attributes excluded by policy engine: [u'vlan_transparent'] _exclude_attributes_by_policy /usr/lib/python2.7/site-packages/neutron/pecan_wsgi/hooks/policy_enforcement.py:256
2018-07-03 15:28:17.243 3811 DEBUG neutron.pecan_wsgi.hooks.policy_enforcement [req-c74172f6-395e-4a0b-be8c-0006d65e5c79 5feafc9ff48747df82912c2055bf7429 f4a570c942f04ee3b556f3e6756b5a50 - default default] Attributes excluded by policy engine: [u'vlan_transparent'] _exclude_attributes_by_policy /usr/lib/python2.7/site-packages/neutron/pecan_wsgi/hooks/policy_enforcement.py:256
2018-07-03 15:28:17.249 3811 DEBUG neutron.pecan_wsgi.hooks.policy_enforcement [req-c74172f6-395e-4a0b-be8c-0006d65e5c79 5feafc9ff48747df82912c2055bf7429 f4a570c942f04ee3b556f3e6756b5a50 - default default] Attributes excluded by policy engine: [u'vlan_transparent'] _exclude_attributes_by_policy /usr/lib/python2.7/site-packages/neutron/pecan_wsgi/hooks/policy_enforcement.py:256
2018-07-03 15:28:17.252 3811 INFO neutron.wsgi [req-c74172f6-395e-4a0b-be8c-0006d65e5c79 5feafc9ff48747df82912c2055bf7429 f4a570c942f04ee3b556f3e6756b5a50 - default default] 10.0.20.21 "GET /v2.0/networks HTTP/1.1" status: 200  len: 2214 time: 1.0139990
2018-07-03 15:28:17.337 3828 DEBUG neutron.db.agents_db [req-d108e22f-f31e-4d51-bfbf-0aefe0a26083 - - - - -] Agent healthcheck: found 5 active agents agent_health_check /usr/lib/python2.7/site-packages/neutron/db/agents_db.py:281
2018-07-03 15:28:18.191 3811 DEBUG neutron.api.v2.base [req-d59eda1e-6086-422c-9f52-fd2affdbee1e 5feafc9ff48747df82912c2055bf7429 f4a570c942f04ee3b556f3e6756b5a50 - default default] Request body: {u'floatingip': {u'floating_network_id': u'65a63b5d-4ab6-4a89-8fc5-4ab4c578efe5', u'tenant_id': u'8b9cac81cc87403e8ab22768d4b5e97e'}} prepare_request_body /usr/lib/python2.7/site-packages/neutron/api/v2/base.py:695
2018-07-03 15:28:18.209 3811 DEBUG neutron.db.quota.driver [req-d59eda1e-6086-422c-9f52-fd2affdbee1e 5feafc9ff48747df82912c2055bf7429 f4a570c942f04ee3b556f3e6756b5a50 - default default] Resources subnetpool have unlimited quota limit. It is not required to calculate headroom  make_reservation /usr/lib/python2.7/site-packages/neutron/db/quota/driver.py:223
2018-07-03 15:28:18.218 3811 DEBUG neutron.quota.resource [req-d59eda1e-6086-422c-9f52-fd2affdbee1e 5feafc9ff48747df82912c2055bf7429 f4a570c942f04ee3b556f3e6756b5a50 - default default] Usage tracker for resource:floatingip and tenant:8b9cac81cc87403e8ab22768d4b5e97e is out of sync, need to count used quota count_used /usr/lib/python2.7/site-packages/neutron/quota/resource.py:274
2018-07-03 15:28:18.243 3811 DEBUG neutron.quota.resource [req-d59eda1e-6086-422c-9f52-fd2affdbee1e 5feafc9ff48747df82912c2055bf7429 f4a570c942f04ee3b556f3e6756b5a50 - default default] Quota usage for floatingip was recalculated. Used quota:0. count_used /usr/lib/python2.7/site-packages/neutron/quota/resource.py:293
2018-07-03 15:28:18.256 3811 DEBUG neutron.db.quota.driver [req-d59eda1e-6086-422c-9f52-fd2affdbee1e 5feafc9ff48747df82912c2055bf7429 f4a570c942f04ee3b556f3e6756b5a50 - default default] Attempting to reserve 1 items for resource floatingip. Total usage: 0; quota limit: 50; headroom:50 make_reservation /usr/lib/python2.7/site-packages/neutron/db/quota/driver.py:255
2018-07-03 15:28:18.832 3811 DEBUG neutron_lib.callbacks.manager [req-d59eda1e-6086-422c-9f52-fd2affdbee1e 5feafc9ff48747df82912c2055bf7429 f4a570c942f04ee3b556f3e6756b5a50 - default default] Notify callbacks ['neutron.plugins.ml2.plugin.Ml2Plugin._ensure_default_security_group_handler--9223372036854354600'] for port, before_create _notify_loop /usr/lib/python2.7/site-packages/neutron_lib/callbacks/manager.py:167
2018-07-03 15:28:19.736 3811 DEBUG neutron.db.db_base_plugin_common [req-d59eda1e-6086-422c-9f52-fd2affdbee1e 5feafc9ff48747df82912c2055bf7429 f4a570c942f04ee3b556f3e6756b5a50 - default default] Allocated IP 172.24.4.8 (65a63b5d-4ab6-4a89-8fc5-4ab4c578efe5/0db29b77-dce9-468d-9f4c-d777953f217f/9fa94fa0-77c6-463c-b363-af8b1c245348) _store_ip_allocation /usr/lib/python2.7/site-packages/neutron/db/db_base_plugin_common.py:122
2018-07-03 15:28:20.215 3811 DEBUG neutron_lib.callbacks.manager [req-d59eda1e-6086-422c-9f52-fd2affdbee1e 5feafc9ff48747df82912c2055bf7429 f4a570c942f04ee3b556f3e6756b5a50 - default default] Notify callbacks [] for port, precommit_create _notify_loop /usr/lib/python2.7/site-packages/neutron_lib/callbacks/manager.py:167
2018-07-03 15:28:20.366 3811 DEBUG neutron_lib.callbacks.manager [req-d59eda1e-6086-422c-9f52-fd2affdbee1e 5feafc9ff48747df82912c2055bf7429 f4a570c942f04ee3b556f3e6756b5a50 - default default] Notify callbacks ['neutron.db.l3_dvrscheduler_db._notify_l3_agent_new_port--9223363293018720817', 'neutron.api.rpc.agentnotifiers.dhcp_rpc_agent_api.DhcpAgentNotifyAPI._native_event_send_dhcp_notification-7777043', 'neutron.plugins.ml2.ovo_rpc._ObjectChangeHandler.handle_event-7917346', 'neutron.plugins.ml2.plugin.Ml2Plugin.notify_sg_on_port_change-421349'] for port, after_create _notify_loop /usr/lib/python2.7/site-packages/neutron_lib/callbacks/manager.py:167
2018-07-03 15:28:20.367 3811 DEBUG neutron.db.l3_dvrscheduler_db [req-d59eda1e-6086-422c-9f52-fd2affdbee1e 5feafc9ff48747df82912c2055bf7429 f4a570c942f04ee3b556f3e6756b5a50 - default default] Received port after_create _notify_l3_agent_new_port /usr/lib/python2.7/site-packages/neutron/db/l3_dvrscheduler_db.py:392
2018-07-03 15:28:20.686 3811 DEBUG neutron.scheduler.dhcp_agent_scheduler [req-d59eda1e-6086-422c-9f52-fd2affdbee1e 5feafc9ff48747df82912c2055bf7429 f4a570c942f04ee3b556f3e6756b5a50 - default default] Network 65a63b5d-4ab6-4a89-8fc5-4ab4c578efe5 is already hosted by enough agents. _get_dhcp_agents_hosting_network /usr/lib/python2.7/site-packages/neutron/scheduler/dhcp_agent_scheduler.py:243
2018-07-03 15:28:20.756 3811 DEBUG oslo_concurrency.lockutils [-] Lock "event-dispatch" acquired by "neutron.plugins.ml2.ovo_rpc.dispatch_events" :: waited 0.000s inner /usr/lib/python2.7/site-packages/oslo_concurrency/lockutils.py:270
2018-07-03 15:28:20.920 3811 DEBUG neutron.api.rpc.handlers.resources_rpc [req-d59eda1e-6086-422c-9f52-fd2affdbee1e 5feafc9ff48747df82912c2055bf7429 f4a570c942f04ee3b556f3e6756b5a50 - - -] neutron.api.rpc.handlers.resources_rpc.ResourcesPushRpcApi method push called with arguments (<neutron_lib.context.Context object at 0x7f3d52f3fb90>, [Port(admin_state_up=True,allowed_address_pairs=[],binding=PortBinding,binding_levels=[],created_at=2018-07-03T13:28:19Z,data_plane_status=<?>,description='',device_id='PENDING',device_owner='network:floatingip',dhcp_options=[],distributed_binding=None,dns=None,fixed_ips=[IPAllocation],id=9fa94fa0-77c6-463c-b363-af8b1c245348,mac_address=fa:16:3e:4f:db:ac,name='',network_id=65a63b5d-4ab6-4a89-8fc5-4ab4c578efe5,project_id='',qos_policy_id=None,revision_number=3,security=PortSecurity(9fa94fa0-77c6-463c-b363-af8b1c245348),security_group_ids=set([]),status='N/A',updated_at=2018-07-03T13:28:20Z)], 'updated') {} wrapper /usr/lib/python2.7/site-packages/oslo_log/helpers.py:66
2018-07-03 15:28:21.013 3811 DEBUG neutron.api.rpc.callbacks.version_manager [req-d59eda1e-6086-422c-9f52-fd2affdbee1e 5feafc9ff48747df82912c2055bf7429 f4a570c942f04ee3b556f3e6756b5a50 - - -] Version for resource type Subnet changed None to 1.0 on consumer Open vSwitch agent@localhost.localdomain _set_version /usr/lib/python2.7/site-packages/neutron/api/rpc/callbacks/version_manager.py:119
2018-07-03 15:28:21.014 3811 DEBUG neutron.api.rpc.callbacks.version_manager [req-d59eda1e-6086-422c-9f52-fd2affdbee1e 5feafc9ff48747df82912c2055bf7429 f4a570c942f04ee3b556f3e6756b5a50 - - -] Version for resource type Network changed None to 1.0 on consumer Open vSwitch agent@localhost.localdomain _set_version /usr/lib/python2.7/site-packages/neutron/api/rpc/callbacks/version_manager.py:119
2018-07-03 15:28:21.015 3811 DEBUG neutron.api.rpc.callbacks.version_manager [req-d59eda1e-6086-422c-9f52-fd2affdbee1e 5feafc9ff48747df82912c2055bf7429 f4a570c942f04ee3b556f3e6756b5a50 - - -] Version for resource type SubPort changed None to 1.0 on consumer Open vSwitch agent@localhost.localdomain _set_version /usr/lib/python2.7/site-packages/neutron/api/rpc/callbacks/version_manager.py:119
2018-07-03 15:28:21.015 3811 DEBUG neutron.api.rpc.callbacks.version_manager [req-d59eda1e-6086-422c-9f52-fd2affdbee1e 5feafc9ff48747df82912c2055bf7429 f4a570c942f04ee3b556f3e6756b5a50 - - -] Version for resource type SecurityGroup changed None to 1.0 on consumer Open vSwitch agent@localhost.localdomain _set_version /usr/lib/python2.7/site-packages/neutron/api/rpc/callbacks/version_manager.py:119
2018-07-03 15:28:21.016 3811 DEBUG neutron.api.rpc.callbacks.version_manager [req-d59eda1e-6086-422c-9f52-fd2affdbee1e 5feafc9ff48747df82912c2055bf7429 f4a570c942f04ee3b556f3e6756b5a50 - - -] Version for resource type SecurityGroupRule changed None to 1.0 on consumer Open vSwitch agent@localhost.localdomain _set_version /usr/lib/python2.7/site-packages/neutron/api/rpc/callbacks/version_manager.py:119
2018-07-03 15:28:21.017 3811 DEBUG neutron.api.rpc.callbacks.version_manager [req-d59eda1e-6086-422c-9f52-fd2affdbee1e 5feafc9ff48747df82912c2055bf7429 f4a570c942f04ee3b556f3e6756b5a50 - - -] Version for resource type Trunk changed None to 1.1 on consumer Open vSwitch agent@localhost.localdomain _set_version /usr/lib/python2.7/site-packages/neutron/api/rpc/callbacks/version_manager.py:119
2018-07-03 15:28:21.017 3811 DEBUG neutron.api.rpc.callbacks.version_manager [req-d59eda1e-6086-422c-9f52-fd2affdbee1e 5feafc9ff48747df82912c2055bf7429 f4a570c942f04ee3b556f3e6756b5a50 - - -] Version for resource type QosPolicy changed None to 1.6 on consumer Open vSwitch agent@localhost.localdomain _set_version /usr/lib/python2.7/site-packages/neutron/api/rpc/callbacks/version_manager.py:119
2018-07-03 15:28:21.018 3811 DEBUG neutron.api.rpc.callbacks.version_manager [req-d59eda1e-6086-422c-9f52-fd2affdbee1e 5feafc9ff48747df82912c2055bf7429 f4a570c942f04ee3b556f3e6756b5a50 - - -] Version for resource type Port changed None to 1.1 on consumer Open vSwitch agent@localhost.localdomain _set_version /usr/lib/python2.7/site-packages/neutron/api/rpc/callbacks/version_manager.py:119
2018-07-03 15:28:21.019 3811 DEBUG neutron.api.rpc.callbacks.version_manager [req-d59eda1e-6086-422c-9f52-fd2affdbee1e 5feafc9ff48747df82912c2055bf7429 f4a570c942f04ee3b556f3e6756b5a50 - - -] Version for resource type Log changed None to 1.0 on consumer Open vSwitch agent@localhost.localdomain _set_version /usr/lib/python2.7/site-packages/neutron/api/rpc/callbacks/version_manager.py:119
2018-07-03 15:28:21.066 3811 DEBUG oslo_concurrency.lockutils [req-d59eda1e-6086-422c-9f52-fd2affdbee1e 5feafc9ff48747df82912c2055bf7429 f4a570c942f04ee3b556f3e6756b5a50 - - -] Lock "event-dispatch" released by "neutron.plugins.ml2.ovo_rpc.dispatch_events" :: held 0.310s inner /usr/lib/python2.7/site-packages/oslo_concurrency/lockutils.py:282
2018-07-03 15:28:21.082 3811 DEBUG neutron_lib.callbacks.manager [req-d59eda1e-6086-422c-9f52-fd2affdbee1e 5feafc9ff48747df82912c2055bf7429 f4a570c942f04ee3b556f3e6756b5a50 - default default] Notify callbacks ['neutron.plugins.ml2.plugin.Ml2Plugin._ensure_default_security_group_handler--9223372036854354600'] for port, before_update _notify_loop /usr/lib/python2.7/site-packages/neutron_lib/callbacks/manager.py:167
2018-07-03 15:28:21.868 3826 DEBUG neutron_lib.callbacks.manager [req-985bca7d-d886-4c94-ac1d-114413eac295 - - - - -] Notify callbacks ['neutron.services.segments.db._update_segment_host_mapping_for_agent-8743836417586'] for agent, after_update _notify_loop /usr/lib/python2.7/site-packages/neutron_lib/callbacks/manager.py:167
2018-07-03 15:28:21.921 3811 DEBUG neutron_lib.callbacks.manager [req-d59eda1e-6086-422c-9f52-fd2affdbee1e 5feafc9ff48747df82912c2055bf7429 f4a570c942f04ee3b556f3e6756b5a50 - default default] Notify callbacks [] for port, precommit_update _notify_loop /usr/lib/python2.7/site-packages/neutron_lib/callbacks/manager.py:167
2018-07-03 15:28:22.005 3811 DEBUG neutron_lib.callbacks.manager [req-d59eda1e-6086-422c-9f52-fd2affdbee1e 5feafc9ff48747df82912c2055bf7429 f4a570c942f04ee3b556f3e6756b5a50 - default default] Notify callbacks ['neutron.api.rpc.agentnotifiers.dhcp_rpc_agent_api.DhcpAgentNotifyAPI._native_event_send_dhcp_notification-7777043', 'neutron.db.l3_dvrscheduler_db._notify_l3_agent_port_update--9223363293018720802', 'neutron.plugins.ml2.ovo_rpc._ObjectChangeHandler.handle_event-7917346', 'neutron.db.l3_hascheduler_db._notify_l3_agent_ha_port_update-8743836055858', 'neutron.plugins.ml2.plugin.Ml2Plugin.notify_sg_on_port_change-421349'] for port, after_update _notify_loop /usr/lib/python2.7/site-packages/neutron_lib/callbacks/manager.py:167
2018-07-03 15:28:22.073 3819 DEBUG neutron_lib.callbacks.manager [req-f102f591-24f3-48f0-b2e1-eb9b3af5799f - - - - -] Notify callbacks ['neutron.services.segments.db._update_segment_host_mapping_for_agent-8743836417586'] for agent, after_update _notify_loop /usr/lib/python2.7/site-packages/neutron_lib/callbacks/manager.py:167
2018-07-03 15:28:22.078 3823 DEBUG neutron_lib.callbacks.manager [req-ea5abf15-764b-4fda-9b6d-114c9c3a5379 - - - - -] Notify callbacks ['neutron.services.segments.db._update_segment_host_mapping_for_agent-8743836417586'] for agent, after_update _notify_loop /usr/lib/python2.7/site-packages/neutron_lib/callbacks/manager.py:167
2018-07-03 15:28:23.076 3811 DEBUG neutron_lib.callbacks.manager [req-d59eda1e-6086-422c-9f52-fd2affdbee1e 5feafc9ff48747df82912c2055bf7429 f4a570c942f04ee3b556f3e6756b5a50 - default default] Notify callbacks ['neutron.services.l3_router.l3_router_plugin.L3RouterPlugin._create_dvr_floating_gw_port-7894992'] for floatingip, after_update _notify_loop /usr/lib/python2.7/site-packages/neutron_lib/callbacks/manager.py:167
2018-07-03 15:28:23.083 3811 DEBUG oslo_concurrency.lockutils [-] Lock "event-dispatch" acquired by "neutron.plugins.ml2.ovo_rpc.dispatch_events" :: waited 0.000s inner /usr/lib/python2.7/site-packages/oslo_concurrency/lockutils.py:270
2018-07-03 15:28:23.226 3811 DEBUG neutron.quota.resource [req-d59eda1e-6086-422c-9f52-fd2affdbee1e 5feafc9ff48747df82912c2055bf7429 f4a570c942f04ee3b556f3e6756b5a50 - default default] Persisted dirty status for tenant:8b9cac81cc87403e8ab22768d4b5e97e on resource:floatingip mark_dirty /usr/lib/python2.7/site-packages/neutron/quota/resource.py:207
2018-07-03 15:28:23.235 3811 DEBUG neutron.quota.resource [req-d59eda1e-6086-422c-9f52-fd2affdbee1e 5feafc9ff48747df82912c2055bf7429 f4a570c942f04ee3b556f3e6756b5a50 - default default] Persisted dirty status for tenant: on resource:port mark_dirty /usr/lib/python2.7/site-packages/neutron/quota/resource.py:207
2018-07-03 15:28:23.269 3811 DEBUG neutron_lib.callbacks.manager [req-d59eda1e-6086-422c-9f52-fd2affdbee1e 5feafc9ff48747df82912c2055bf7429 f4a570c942f04ee3b556f3e6756b5a50 - default default] Notify callbacks ['neutron.notifiers.nova.Notifier._send_nova_notification--9223372036854774980'] for floatingip, before_response _notify_loop /usr/lib/python2.7/site-packages/neutron_lib/callbacks/manager.py:167
2018-07-03 15:28:23.273 3811 INFO neutron.wsgi [req-d59eda1e-6086-422c-9f52-fd2affdbee1e 5feafc9ff48747df82912c2055bf7429 f4a570c942f04ee3b556f3e6756b5a50 - default default] 10.0.20.21 "POST /v2.0/floatingips HTTP/1.1" status: 201  len: 674 time: 5.1411450
2018-07-03 15:28:23.275 3811 DEBUG neutron.api.rpc.handlers.resources_rpc [req-d59eda1e-6086-422c-9f52-fd2affdbee1e 5feafc9ff48747df82912c2055bf7429 f4a570c942f04ee3b556f3e6756b5a50 - - -] neutron.api.rpc.handlers.resources_rpc.ResourcesPushRpcApi method push called with arguments (<neutron_lib.context.Context object at 0x7f3d53095850>, [Port(admin_state_up=True,allowed_address_pairs=[],binding=PortBinding,binding_levels=[],created_at=2018-07-03T13:28:19Z,data_plane_status=<?>,description='',device_id='9a24a0da-c167-48e9-95ce-ce7b741873e7',device_owner='network:floatingip',dhcp_options=[],distributed_binding=None,dns=None,fixed_ips=[IPAllocation],id=9fa94fa0-77c6-463c-b363-af8b1c245348,mac_address=fa:16:3e:4f:db:ac,name='',network_id=65a63b5d-4ab6-4a89-8fc5-4ab4c578efe5,project_id='',qos_policy_id=None,revision_number=4,security=PortSecurity(9fa94fa0-77c6-463c-b363-af8b1c245348),security_group_ids=set([]),status='N/A',updated_at=2018-07-03T13:28:21Z)], 'updated') {} wrapper /usr/lib/python2.7/site-packages/oslo_log/helpers.py:66
2018-07-03 15:28:23.291 3811 DEBUG oslo_concurrency.lockutils [req-d59eda1e-6086-422c-9f52-fd2affdbee1e 5feafc9ff48747df82912c2055bf7429 f4a570c942f04ee3b556f3e6756b5a50 - - -] Lock "event-dispatch" released by "neutron.plugins.ml2.ovo_rpc.dispatch_events" :: held 0.208s inner /usr/lib/python2.7/site-packages/oslo_concurrency/lockutils.py:282
2018-07-03 15:28:23.780 3821 DEBUG neutron_lib.callbacks.manager [req-adfbc63c-f405-4bf7-9b4f-b98cebf3b6f5 - - - - -] Notify callbacks ['neutron.services.segments.db._update_segment_host_mapping_for_agent-8743836417586'] for agent, after_update _notify_loop /usr/lib/python2.7/site-packages/neutron_lib/callbacks/manager.py:167
2018-07-03 15:28:24.285 3812 DEBUG neutron.wsgi [-] (3812) accepted ('10.0.20.21', 35438) server /usr/lib/python2.7/site-packages/eventlet/wsgi.py:883
2018-07-03 15:28:24.953 3812 INFO neutron.wsgi [req-6826589b-56a7-4337-a869-df4ad3a8cd3c 59f963f90a0940d0a0321d158c75bc86 6ce4dd91709c441d9f1b40034ea03af4 - default default] 10.0.20.21 "GET /v2.0/ports?device_id=18f3fcd4-b624-4310-aa7e-da0e3ec100a4 HTTP/1.1" status: 200  len: 1124 time: 0.6667342
2018-07-03 15:28:25.119 3812 INFO neutron.wsgi [req-403e99fb-9641-485f-b6c7-2a77a47573a3 59f963f90a0940d0a0321d158c75bc86 6ce4dd91709c441d9f1b40034ea03af4 - default default] 10.0.20.21 "GET /v2.0/security-groups?id=20cb453e-fd58-4edf-8ad7-0a1f49ef7b48 HTTP/1.1" status: 200  len: 2118 time: 0.1328080
2018-07-03 15:28:28.225 3813 DEBUG neutron.wsgi [-] (3813) accepted ('10.0.20.21', 35466) server /usr/lib/python2.7/site-packages/eventlet/wsgi.py:883
2018-07-03 15:28:28.961 3813 INFO neutron.wsgi [req-1c67538c-119c-46ab-8d13-91ca01ae9120 59f963f90a0940d0a0321d158c75bc86 6ce4dd91709c441d9f1b40034ea03af4 - default default] 10.0.20.21 "GET /v2.0/ports?device_id=18f3fcd4-b624-4310-aa7e-da0e3ec100a4 HTTP/1.1" status: 200  len: 1124 time: 0.7338002
2018-07-03 15:28:29.219 3813 INFO neutron.wsgi [req-106e79c5-2a8a-4a30-96d1-adabf00dd4b9 59f963f90a0940d0a0321d158c75bc86 6ce4dd91709c441d9f1b40034ea03af4 - default default] 10.0.20.21 "GET /v2.0/security-groups?id=20cb453e-fd58-4edf-8ad7-0a1f49ef7b48 HTTP/1.1" status: 200  len: 2118 time: 0.1479371
2018-07-03 15:28:35.367 3813 DEBUG neutron.wsgi [-] (3813) accepted ('10.0.20.21', 35528) server /usr/lib/python2.7/site-packages/eventlet/wsgi.py:883
2018-07-03 15:28:35.866 3813 INFO neutron.wsgi [req-b5e12699-944a-4277-ba07-58ea8c5296d7 59f963f90a0940d0a0321d158c75bc86 6ce4dd91709c441d9f1b40034ea03af4 - default default] 10.0.20.21 "GET /v2.0/ports?device_id=18f3fcd4-b624-4310-aa7e-da0e3ec100a4 HTTP/1.1" status: 200  len: 1124 time: 0.4973471
2018-07-03 15:28:36.262 3813 INFO neutron.wsgi [req-ba3e6990-019a-41ef-9247-3ab215301de1 59f963f90a0940d0a0321d158c75bc86 6ce4dd91709c441d9f1b40034ea03af4 - default default] 10.0.20.21 "GET /v2.0/security-groups?id=20cb453e-fd58-4edf-8ad7-0a1f49ef7b48 HTTP/1.1" status: 200  len: 2118 time: 0.2173111
2018-07-03 15:28:36.299 3813 INFO neutron.wsgi [req-373108a3-3c8c-4c1f-8424-394403a8d8c6 18e95b3c347d46fc9dc57e8e6891b711 8b9cac81cc87403e8ab22768d4b5e97e - 40c526a6aabf41a4a2eeb730f129b87a 40c526a6aabf41a4a2eeb730f129b87a] 10.0.20.21 "GET /v2.0/ports?device_id=18f3fcd4-b624-4310-aa7e-da0e3ec100a4 HTTP/1.1" status: 200  len: 1124 time: 0.8250220
2018-07-03 15:28:36.444 3813 INFO neutron.wsgi [req-c2127a81-5ebe-434f-b663-cd2e1eb92a4a 18e95b3c347d46fc9dc57e8e6891b711 8b9cac81cc87403e8ab22768d4b5e97e - 40c526a6aabf41a4a2eeb730f129b87a 40c526a6aabf41a4a2eeb730f129b87a] 10.0.20.21 "GET /v2.0/security-groups?id=20cb453e-fd58-4edf-8ad7-0a1f49ef7b48 HTTP/1.1" status: 200  len: 2118 time: 0.1360500
2018-07-03 15:28:36.726 3813 INFO neutron.wsgi [req-bbfbeb0b-513d-4750-86d5-10541a1b6ad1 18e95b3c347d46fc9dc57e8e6891b711 8b9cac81cc87403e8ab22768d4b5e97e - 40c526a6aabf41a4a2eeb730f129b87a 40c526a6aabf41a4a2eeb730f129b87a] 10.0.20.21 "GET /v2.0/ports?device_owner=compute%3Anova&device_id=18f3fcd4-b624-4310-aa7e-da0e3ec100a4 HTTP/1.1" status: 200  len: 1124 time: 0.1298079
2018-07-03 15:28:36.790 3813 INFO neutron.wsgi [req-4465d016-b431-4d92-b5a0-ff4a8c524a5d 18e95b3c347d46fc9dc57e8e6891b711 8b9cac81cc87403e8ab22768d4b5e97e - 40c526a6aabf41a4a2eeb730f129b87a 40c526a6aabf41a4a2eeb730f129b87a] 10.0.20.21 "GET /v2.0/floatingips?floating_ip_address=172.24.4.8 HTTP/1.1" status: 200  len: 672 time: 0.0551310
2018-07-03 15:28:36.900 3813 DEBUG neutron.api.v2.base [req-6b20fc3d-e753-4c23-b5d6-b81ff06f234f 18e95b3c347d46fc9dc57e8e6891b711 8b9cac81cc87403e8ab22768d4b5e97e - 40c526a6aabf41a4a2eeb730f129b87a 40c526a6aabf41a4a2eeb730f129b87a] Request body: {u'floatingip': {u'fixed_ip_address': u'11.251.1.3', u'port_id': u'cefe5efe-e4fb-49df-9df6-5c713b81342c'}} prepare_request_body /usr/lib/python2.7/site-packages/neutron/api/v2/base.py:695
2018-07-03 15:28:37.299 3813 DEBUG neutron_lib.callbacks.manager [req-6b20fc3d-e753-4c23-b5d6-b81ff06f234f 18e95b3c347d46fc9dc57e8e6891b711 8b9cac81cc87403e8ab22768d4b5e97e - 40c526a6aabf41a4a2eeb730f129b87a 40c526a6aabf41a4a2eeb730f129b87a] Notify callbacks ['neutron.services.l3_router.l3_router_plugin.L3RouterPlugin._create_dvr_floating_gw_port-7894992'] for floatingip, after_update _notify_loop /usr/lib/python2.7/site-packages/neutron_lib/callbacks/manager.py:167
2018-07-03 15:28:38.149 3813 DEBUG neutron.scheduler.l3_agent_scheduler [req-6b20fc3d-e753-4c23-b5d6-b81ff06f234f 18e95b3c347d46fc9dc57e8e6891b711 8b9cac81cc87403e8ab22768d4b5e97e - 40c526a6aabf41a4a2eeb730f129b87a 40c526a6aabf41a4a2eeb730f129b87a] Router 69b42ae1-eaaa-4f10-9d77-9362399fc549 has already been hosted by L3 agent cfdb8a89-94f7-4ca8-9906-759cfbdcba36 _get_candidates /usr/lib/python2.7/site-packages/neutron/scheduler/l3_agent_scheduler.py:141
2018-07-03 15:28:38.361 3813 DEBUG neutron.api.rpc.agentnotifiers.l3_rpc_agent_api [req-6b20fc3d-e753-4c23-b5d6-b81ff06f234f 18e95b3c347d46fc9dc57e8e6891b711 8b9cac81cc87403e8ab22768d4b5e97e - 40c526a6aabf41a4a2eeb730f129b87a 40c526a6aabf41a4a2eeb730f129b87a] Notify agent at l3_agent.localhost.localdomain the message routers_updated _agent_notification /usr/lib/python2.7/site-packages/neutron/api/rpc/agentnotifiers/l3_rpc_agent_api.py:69
2018-07-03 15:28:38.419 3810 DEBUG neutron.wsgi [-] (3810) accepted ('10.0.20.21', 35552) server /usr/lib/python2.7/site-packages/eventlet/wsgi.py:883
2018-07-03 15:28:38.719 3813 DEBUG neutron_lib.callbacks.manager [req-6b20fc3d-e753-4c23-b5d6-b81ff06f234f 18e95b3c347d46fc9dc57e8e6891b711 8b9cac81cc87403e8ab22768d4b5e97e - 40c526a6aabf41a4a2eeb730f129b87a 40c526a6aabf41a4a2eeb730f129b87a] Notify callbacks ['neutron.notifiers.nova.Notifier._send_nova_notification--9223372036854774980'] for floatingip, before_response _notify_loop /usr/lib/python2.7/site-packages/neutron_lib/callbacks/manager.py:167
