2018-07-03 15:30:51.249 3817 DEBUG neutron.api.rpc.handlers.resources_rpc [req-cfc4633f-27a5-438f-b3ba-aea464fcd4be - - - - -] neutron.api.rpc.handlers.resources_rpc.ResourcesPushRpcApi method push called with arguments (<neutron_lib.context.Context object at 0x7f3d52fbff50>, [Port(admin_state_up=True,allowed_address_pairs=[],binding=PortBinding,binding_levels=[PortBindingLevel],created_at=2018-07-03T13:27:32Z,data_plane_status=<?>,description='',device_id='18f3fcd4-b624-4310-aa7e-da0e3ec100a4',device_owner='compute:nova',dhcp_options=[],distributed_binding=None,dns=None,fixed_ips=[IPAllocation],id=cefe5efe-e4fb-49df-9df6-5c713b81342c,mac_address=fa:16:3e:37:ee:8d,name='',network_id=791ed456-437d-4470-8af9-47a7aa2ec87a,project_id='8b9cac81cc87403e8ab22768d4b5e97e',qos_policy_id=None,revision_number=8,security=PortSecurity(cefe5efe-e4fb-49df-9df6-5c713b81342c),security_group_ids=set([20cb453e-fd58-4edf-8ad7-0a1f49ef7b48]),status='ACTIVE',updated_at=2018-07-03T13:30:49Z)], 'updated') {} wrapper /usr/lib/python2.7/site-packages/oslo_log/helpers.py:66
2018-07-03 15:30:51.270 3817 DEBUG neutron.api.rpc.callbacks.version_manager [req-cfc4633f-27a5-438f-b3ba-aea464fcd4be - - - - -] Version for resource type Subnet changed None to 1.0 on consumer Open vSwitch agent@localhost.localdomain _set_version /usr/lib/python2.7/site-packages/neutron/api/rpc/callbacks/version_manager.py:119
2018-07-03 15:30:51.271 3817 DEBUG neutron.api.rpc.callbacks.version_manager [req-cfc4633f-27a5-438f-b3ba-aea464fcd4be - - - - -] Version for resource type Network changed None to 1.0 on consumer Open vSwitch agent@localhost.localdomain _set_version /usr/lib/python2.7/site-packages/neutron/api/rpc/callbacks/version_manager.py:119
2018-07-03 15:30:51.272 3817 DEBUG neutron.api.rpc.callbacks.version_manager [req-cfc4633f-27a5-438f-b3ba-aea464fcd4be - - - - -] Version for resource type SubPort changed None to 1.0 on consumer Open vSwitch agent@localhost.localdomain _set_version /usr/lib/python2.7/site-packages/neutron/api/rpc/callbacks/version_manager.py:119
2018-07-03 15:30:51.272 3817 DEBUG neutron.api.rpc.callbacks.version_manager [req-cfc4633f-27a5-438f-b3ba-aea464fcd4be - - - - -] Version for resource type SecurityGroup changed None to 1.0 on consumer Open vSwitch agent@localhost.localdomain _set_version /usr/lib/python2.7/site-packages/neutron/api/rpc/callbacks/version_manager.py:119
2018-07-03 15:30:51.273 3817 DEBUG neutron.api.rpc.callbacks.version_manager [req-cfc4633f-27a5-438f-b3ba-aea464fcd4be - - - - -] Version for resource type SecurityGroupRule changed None to 1.0 on consumer Open vSwitch agent@localhost.localdomain _set_version /usr/lib/python2.7/site-packages/neutron/api/rpc/callbacks/version_manager.py:119
2018-07-03 15:30:51.274 3817 DEBUG neutron.api.rpc.callbacks.version_manager [req-cfc4633f-27a5-438f-b3ba-aea464fcd4be - - - - -] Version for resource type Trunk changed None to 1.1 on consumer Open vSwitch agent@localhost.localdomain _set_version /usr/lib/python2.7/site-packages/neutron/api/rpc/callbacks/version_manager.py:119
2018-07-03 15:30:51.274 3817 DEBUG neutron.api.rpc.callbacks.version_manager [req-cfc4633f-27a5-438f-b3ba-aea464fcd4be - - - - -] Version for resource type QosPolicy changed None to 1.6 on consumer Open vSwitch agent@localhost.localdomain _set_version /usr/lib/python2.7/site-packages/neutron/api/rpc/callbacks/version_manager.py:119
2018-07-03 15:30:51.275 3817 DEBUG neutron.api.rpc.callbacks.version_manager [req-cfc4633f-27a5-438f-b3ba-aea464fcd4be - - - - -] Version for resource type Port changed None to 1.1 on consumer Open vSwitch agent@localhost.localdomain _set_version /usr/lib/python2.7/site-packages/neutron/api/rpc/callbacks/version_manager.py:119
2018-07-03 15:30:51.275 3817 DEBUG neutron.api.rpc.callbacks.version_manager [req-cfc4633f-27a5-438f-b3ba-aea464fcd4be - - - - -] Version for resource type Log changed None to 1.0 on consumer Open vSwitch agent@localhost.localdomain _set_version /usr/lib/python2.7/site-packages/neutron/api/rpc/callbacks/version_manager.py:119
2018-07-03 15:30:51.294 3817 DEBUG oslo_concurrency.lockutils [req-cfc4633f-27a5-438f-b3ba-aea464fcd4be - - - - -] Lock "event-dispatch" released by "neutron.plugins.ml2.ovo_rpc.dispatch_events" :: held 1.243s inner /usr/lib/python2.7/site-packages/oslo_concurrency/lockutils.py:282
2018-07-03 15:30:51.576 3821 DEBUG neutron.plugins.ml2.rpc [req-cfc4633f-27a5-438f-b3ba-aea464fcd4be - - - - -] Device cefe5efe-e4fb-49df-9df6-5c713b81342c up at agent ovs-agent-localhost.localdomain update_device_up /usr/lib/python2.7/site-packages/neutron/plugins/ml2/rpc.py:244
2018-07-03 15:30:51.598 3817 DEBUG novaclient.v2.client [-] REQ: curl -g -i -X POST http://10.0.20.21:8774/v2.1/6ce4dd91709c441d9f1b40034ea03af4/os-server-external-events -H "User-Agent: python-novaclient" -H "Content-Type: application/json" -H "Accept: application/json" -H "X-OpenStack-Nova-API-Version: 2.1" -H "X-Auth-Token: {SHA1}ed8e0d2a5b89195d06d1cf28178d5bce0d49c0e8" -d '{"events": [{"status": "completed", "tag": "cefe5efe-e4fb-49df-9df6-5c713b81342c", "name": "network-vif-plugged", "server_uuid": "18f3fcd4-b624-4310-aa7e-da0e3ec100a4"}]}' _http_log_request /usr/lib/python2.7/site-packages/keystoneauth1/session.py:375
2018-07-03 15:30:51.755 3821 DEBUG neutron.db.provisioning_blocks [req-cfc4633f-27a5-438f-b3ba-aea464fcd4be - - - - -] Provisioning complete for port cefe5efe-e4fb-49df-9df6-5c713b81342c triggered by entity L2. provisioning_complete /usr/lib/python2.7/site-packages/neutron/db/provisioning_blocks.py:138
2018-07-03 15:30:51.756 3821 DEBUG neutron_lib.callbacks.manager [req-cfc4633f-27a5-438f-b3ba-aea464fcd4be - - - - -] Notify callbacks ['neutron.plugins.ml2.plugin.Ml2Plugin._port_provisioned-888980'] for port, provisioning_complete _notify_loop /usr/lib/python2.7/site-packages/neutron_lib/callbacks/manager.py:167
2018-07-03 15:30:51.840 3824 DEBUG neutron_lib.callbacks.manager [req-37fbf6b7-2f16-448c-98d1-2ac5ab28ed57 - - - - -] Notify callbacks ['neutron.services.segments.db._update_segment_host_mapping_for_agent-8743836417586'] for agent, after_update _notify_loop /usr/lib/python2.7/site-packages/neutron_lib/callbacks/manager.py:167
2018-07-03 15:30:51.983 3818 DEBUG neutron_lib.callbacks.manager [req-f102f591-24f3-48f0-b2e1-eb9b3af5799f - - - - -] Notify callbacks ['neutron.services.segments.db._update_segment_host_mapping_for_agent-8743836417586'] for agent, after_update _notify_loop /usr/lib/python2.7/site-packages/neutron_lib/callbacks/manager.py:167
2018-07-03 15:30:52.066 3826 DEBUG neutron_lib.callbacks.manager [req-ea5abf15-764b-4fda-9b6d-114c9c3a5379 - - - - -] Notify callbacks ['neutron.services.segments.db._update_segment_host_mapping_for_agent-8743836417586'] for agent, after_update _notify_loop /usr/lib/python2.7/site-packages/neutron_lib/callbacks/manager.py:167
2018-07-03 15:30:52.668 3817 DEBUG novaclient.v2.client [-] RESP: [200] Content-Length: 183 Content-Type: application/json Openstack-Api-Version: compute 2.1 X-Openstack-Nova-Api-Version: 2.1 Vary: OpenStack-API-Version, X-OpenStack-Nova-API-Version X-Openstack-Request-Id: req-0ea1615b-a097-4174-90c4-fdb4a6db01f2 X-Compute-Request-Id: req-0ea1615b-a097-4174-90c4-fdb4a6db01f2 Date: Tue, 03 Jul 2018 13:30:52 GMT Connection: keep-alive 
RESP BODY: {"events": [{"status": "completed", "tag": "cefe5efe-e4fb-49df-9df6-5c713b81342c", "name": "network-vif-plugged", "server_uuid": "18f3fcd4-b624-4310-aa7e-da0e3ec100a4", "code": 200}]}
 _http_log_response /usr/lib/python2.7/site-packages/keystoneauth1/session.py:423
2018-07-03 15:30:52.669 3817 DEBUG novaclient.v2.client [-] POST call to compute for http://10.0.20.21:8774/v2.1/6ce4dd91709c441d9f1b40034ea03af4/os-server-external-events used request id req-0ea1615b-a097-4174-90c4-fdb4a6db01f2 request /usr/lib/python2.7/site-packages/keystoneauth1/session.py:727
2018-07-03 15:30:52.681 3817 INFO neutron.notifiers.nova [-] Nova event response: {u'status': u'completed', u'tag': u'cefe5efe-e4fb-49df-9df6-5c713b81342c', u'name': u'network-vif-plugged', u'server_uuid': u'18f3fcd4-b624-4310-aa7e-da0e3ec100a4', u'code': 200}
2018-07-03 15:30:53.761 3819 DEBUG neutron_lib.callbacks.manager [req-46359ff0-85b1-4726-a588-1c0d5b44e73e - - - - -] Notify callbacks ['neutron.services.segments.db._update_segment_host_mapping_for_agent-8743836417586'] for agent, after_update _notify_loop /usr/lib/python2.7/site-packages/neutron_lib/callbacks/manager.py:167
2018-07-03 15:30:54.685 3817 DEBUG oslo_concurrency.lockutils [-] Lock "notifier-63eb378f-59d8-4685-acc2-92769134182b" released by "neutron.notifiers.batch_notifier.synced_send" :: held 4.742s inner /usr/lib/python2.7/site-packages/oslo_concurrency/lockutils.py:282
2018-07-03 15:30:58.427 3810 INFO neutron.wsgi [req-11bbc1f4-4dda-42ae-a805-c1f868da3387 18e95b3c347d46fc9dc57e8e6891b711 8b9cac81cc87403e8ab22768d4b5e97e - 40c526a6aabf41a4a2eeb730f129b87a 40c526a6aabf41a4a2eeb730f129b87a] 10.0.20.21 "GET /v2.0/ports?device_id=18f3fcd4-b624-4310-aa7e-da0e3ec100a4 HTTP/1.1" status: 200  len: 1124 time: 0.5544660
2018-07-03 15:30:58.552 3810 INFO neutron.wsgi [req-6299b417-fefe-41cd-bc07-346e44425136 18e95b3c347d46fc9dc57e8e6891b711 8b9cac81cc87403e8ab22768d4b5e97e - 40c526a6aabf41a4a2eeb730f129b87a 40c526a6aabf41a4a2eeb730f129b87a] 10.0.20.21 "GET /v2.0/security-groups?id=20cb453e-fd58-4edf-8ad7-0a1f49ef7b48 HTTP/1.1" status: 200  len: 2118 time: 0.1181281
2018-07-03 15:31:09.128 3816 INFO neutron.wsgi [req-c559027f-f3c1-4312-a9bf-ba98dcfb2dd8 59f963f90a0940d0a0321d158c75bc86 6ce4dd91709c441d9f1b40034ea03af4 - default default] 10.0.20.21 "GET /v2.0/ports?tenant_id=8b9cac81cc87403e8ab22768d4b5e97e&device_id=18f3fcd4-b624-4310-aa7e-da0e3ec100a4 HTTP/1.1" status: 200  len: 1124 time: 0.1447880
2018-07-03 15:31:09.339 3816 DEBUG neutron.pecan_wsgi.hooks.policy_enforcement [req-1c1b425e-6c40-41ea-bd79-7788a5dd1f4a 59f963f90a0940d0a0321d158c75bc86 6ce4dd91709c441d9f1b40034ea03af4 - default default] Attributes excluded by policy engine: [u'vlan_transparent'] _exclude_attributes_by_policy /usr/lib/python2.7/site-packages/neutron/pecan_wsgi/hooks/policy_enforcement.py:256
2018-07-03 15:31:09.340 3816 INFO neutron.wsgi [req-1c1b425e-6c40-41ea-bd79-7788a5dd1f4a 59f963f90a0940d0a0321d158c75bc86 6ce4dd91709c441d9f1b40034ea03af4 - default default] 10.0.20.21 "GET /v2.0/networks?id=791ed456-437d-4470-8af9-47a7aa2ec87a HTTP/1.1" status: 200  len: 885 time: 0.2059939
2018-07-03 15:31:09.381 3816 INFO neutron.wsgi [req-143afc6b-30d1-42b9-a5d7-7dcd60bbb393 59f963f90a0940d0a0321d158c75bc86 6ce4dd91709c441d9f1b40034ea03af4 - default default] 10.0.20.21 "GET /v2.0/floatingips?fixed_ip_address=11.251.1.3&port_id=cefe5efe-e4fb-49df-9df6-5c713b81342c HTTP/1.1" status: 200  len: 750 time: 0.0339391
2018-07-03 15:31:09.495 3816 DEBUG neutron.pecan_wsgi.hooks.policy_enforcement [req-9f77114b-9956-4bd9-afb5-59818392f8bb 59f963f90a0940d0a0321d158c75bc86 6ce4dd91709c441d9f1b40034ea03af4 - default default] Attributes excluded by policy engine: [u'shared'] _exclude_attributes_by_policy /usr/lib/python2.7/site-packages/neutron/pecan_wsgi/hooks/policy_enforcement.py:256
2018-07-03 15:31:09.498 3816 INFO neutron.wsgi [req-9f77114b-9956-4bd9-afb5-59818392f8bb 59f963f90a0940d0a0321d158c75bc86 6ce4dd91709c441d9f1b40034ea03af4 - default default] 10.0.20.21 "GET /v2.0/subnets?id=586beafd-8305-48e7-94fc-b0e8711d2350 HTTP/1.1" status: 200  len: 847 time: 0.1093190
2018-07-03 15:31:09.615 3816 INFO neutron.wsgi [req-ec1e5935-b642-4aed-a4d6-e0c355c87c44 59f963f90a0940d0a0321d158c75bc86 6ce4dd91709c441d9f1b40034ea03af4 - default default] 10.0.20.21 "GET /v2.0/ports?network_id=791ed456-437d-4470-8af9-47a7aa2ec87a&device_owner=network%3Adhcp HTTP/1.1" status: 200  len: 1128 time: 0.1124549
2018-07-03 15:31:11.645 3823 DEBUG neutron_lib.callbacks.manager [req-cfc4633f-27a5-438f-b3ba-aea464fcd4be - - - - -] Notify callbacks ['neutron.services.segments.db._update_segment_host_mapping_for_agent-8743836417586'] for agent, after_update _notify_loop /usr/lib/python2.7/site-packages/neutron_lib/callbacks/manager.py:167
2018-07-03 15:31:14.266 3813 INFO neutron.wsgi [req-94bc9e52-5448-42aa-adc2-1830b96e3692 59f963f90a0940d0a0321d158c75bc86 6ce4dd91709c441d9f1b40034ea03af4 - default default] 10.0.20.21 "GET /v2.0/ports?device_id=18f3fcd4-b624-4310-aa7e-da0e3ec100a4 HTTP/1.1" status: 200  len: 1124 time: 0.1041620
2018-07-03 15:31:14.363 3813 INFO neutron.wsgi [req-ccb64999-7882-4559-bdf4-cb392d5b18a3 59f963f90a0940d0a0321d158c75bc86 6ce4dd91709c441d9f1b40034ea03af4 - default default] 10.0.20.21 "GET /v2.0/security-groups?id=20cb453e-fd58-4edf-8ad7-0a1f49ef7b48 HTTP/1.1" status: 200  len: 2118 time: 0.0910649
2018-07-03 15:31:16.668 3811 DEBUG neutron.wsgi [-] (3811) accepted ('10.0.20.21', 39242) server /usr/lib/python2.7/site-packages/eventlet/wsgi.py:883
2018-07-03 15:31:17.080 3811 INFO neutron.wsgi [req-4222e46d-8aed-45b6-bf9a-4d557882998c 59f963f90a0940d0a0321d158c75bc86 6ce4dd91709c441d9f1b40034ea03af4 - default default] 10.0.20.21 "GET /v2.0/ports?device_id=18f3fcd4-b624-4310-aa7e-da0e3ec100a4 HTTP/1.1" status: 200  len: 1124 time: 0.4105849
2018-07-03 15:31:17.191 3811 INFO neutron.wsgi [req-d2b3d79e-79a5-4b76-aa74-f2ec38daa501 59f963f90a0940d0a0321d158c75bc86 6ce4dd91709c441d9f1b40034ea03af4 - default default] 10.0.20.21 "GET /v2.0/security-groups?id=20cb453e-fd58-4edf-8ad7-0a1f49ef7b48 HTTP/1.1" status: 200  len: 2118 time: 0.0890479
2018-07-03 15:31:20.021 3811 DEBUG neutron.wsgi [-] (3811) accepted ('10.0.20.21', 39264) server /usr/lib/python2.7/site-packages/eventlet/wsgi.py:883
2018-07-03 15:31:20.481 3811 INFO neutron.wsgi [req-c4e5622b-e020-4209-8c3d-3c22cd0a0a57 59f963f90a0940d0a0321d158c75bc86 6ce4dd91709c441d9f1b40034ea03af4 - default default] 10.0.20.21 "GET /v2.0/ports?device_id=18f3fcd4-b624-4310-aa7e-da0e3ec100a4 HTTP/1.1" status: 200  len: 1124 time: 0.4563210
2018-07-03 15:31:20.654 3811 INFO neutron.wsgi [req-3d2d02d6-4e2c-4bdf-a1a3-7026b90cdf73 59f963f90a0940d0a0321d158c75bc86 6ce4dd91709c441d9f1b40034ea03af4 - default default] 10.0.20.21 "GET /v2.0/security-groups?id=20cb453e-fd58-4edf-8ad7-0a1f49ef7b48 HTTP/1.1" status: 200  len: 2118 time: 0.1410320
2018-07-03 15:31:21.237 3810 INFO neutron.wsgi [req-8de22662-85cd-4bd2-8d06-591e93cb7447 59f963f90a0940d0a0321d158c75bc86 6ce4dd91709c441d9f1b40034ea03af4 - default default] 10.0.20.21 "GET /v2.0/ports?device_id=18f3fcd4-b624-4310-aa7e-da0e3ec100a4 HTTP/1.1" status: 200  len: 1124 time: 0.1307230
2018-07-03 15:31:21.373 3810 INFO neutron.wsgi [req-842171f1-9269-49c9-a92a-882f812677d6 59f963f90a0940d0a0321d158c75bc86 6ce4dd91709c441d9f1b40034ea03af4 - default default] 10.0.20.21 "GET /v2.0/security-groups?id=20cb453e-fd58-4edf-8ad7-0a1f49ef7b48 HTTP/1.1" status: 200  len: 2118 time: 0.1299541
2018-07-03 15:31:21.812 3821 DEBUG neutron_lib.callbacks.manager [req-94290b67-e0d6-4870-916a-0919cc390e4b - - - - -] Notify callbacks ['neutron.services.segments.db._update_segment_host_mapping_for_agent-8743836417586'] for agent, after_update _notify_loop /usr/lib/python2.7/site-packages/neutron_lib/callbacks/manager.py:167
2018-07-03 15:31:21.885 3820 DEBUG neutron_lib.callbacks.manager [req-f102f591-24f3-48f0-b2e1-eb9b3af5799f - - - - -] Notify callbacks ['neutron.services.segments.db._update_segment_host_mapping_for_agent-8743836417586'] for agent, after_update _notify_loop /usr/lib/python2.7/site-packages/neutron_lib/callbacks/manager.py:167
2018-07-03 15:31:21.949 3817 DEBUG neutron_lib.callbacks.manager [req-ea5abf15-764b-4fda-9b6d-114c9c3a5379 - - - - -] Notify callbacks ['neutron.services.segments.db._update_segment_host_mapping_for_agent-8743836417586'] for agent, after_update _notify_loop /usr/lib/python2.7/site-packages/neutron_lib/callbacks/manager.py:167
2018-07-03 15:31:22.357 3828 DEBUG neutron.db.agents_db [req-d108e22f-f31e-4d51-bfbf-0aefe0a26083 - - - - -] Agent healthcheck: found 5 active agents agent_health_check /usr/lib/python2.7/site-packages/neutron/db/agents_db.py:281
2018-07-03 15:31:23.759 3825 DEBUG neutron_lib.callbacks.manager [req-98f059c1-8a39-4146-bf8e-f7403861be7c - - - - -] Notify callbacks ['neutron.services.segments.db._update_segment_host_mapping_for_agent-8743836417586'] for agent, after_update _notify_loop /usr/lib/python2.7/site-packages/neutron_lib/callbacks/manager.py:167
2018-07-03 15:31:24.763 3811 DEBUG neutron.wsgi [-] (3811) accepted ('10.0.20.21', 39314) server /usr/lib/python2.7/site-packages/eventlet/wsgi.py:883
2018-07-03 15:31:25.244 3811 INFO neutron.wsgi [req-09e8646f-aaad-4215-807e-15176236f846 59f963f90a0940d0a0321d158c75bc86 6ce4dd91709c441d9f1b40034ea03af4 - default default] 10.0.20.21 "GET /v2.0/ports?device_id=18f3fcd4-b624-4310-aa7e-da0e3ec100a4 HTTP/1.1" status: 200  len: 1124 time: 0.4786119
2018-07-03 15:31:25.358 3811 INFO neutron.wsgi [req-4645df27-2025-4dc3-b509-e68b6b880fca 59f963f90a0940d0a0321d158c75bc86 6ce4dd91709c441d9f1b40034ea03af4 - default default] 10.0.20.21 "GET /v2.0/security-groups?id=20cb453e-fd58-4edf-8ad7-0a1f49ef7b48 HTTP/1.1" status: 200  len: 2118 time: 0.0911820
2018-07-03 15:31:26.868 3812 INFO neutron.wsgi [req-ff4b9931-dfe8-4865-9b2b-c8d28adec7e1 59f963f90a0940d0a0321d158c75bc86 6ce4dd91709c441d9f1b40034ea03af4 - default default] 10.0.20.21 "GET /v2.0/ports?device_id=18f3fcd4-b624-4310-aa7e-da0e3ec100a4 HTTP/1.1" status: 200  len: 1124 time: 0.1436000
2018-07-03 15:31:27.029 3812 INFO neutron.wsgi [req-7be05745-0a93-45c5-abe3-b025d04f5c72 59f963f90a0940d0a0321d158c75bc86 6ce4dd91709c441d9f1b40034ea03af4 - default default] 10.0.20.21 "GET /v2.0/security-groups?id=20cb453e-fd58-4edf-8ad7-0a1f49ef7b48 HTTP/1.1" status: 200  len: 2118 time: 0.1529970
2018-07-03 15:31:41.653 3824 DEBUG neutron_lib.callbacks.manager [req-cfc4633f-27a5-438f-b3ba-aea464fcd4be - - - - -] Notify callbacks ['neutron.services.segments.db._update_segment_host_mapping_for_agent-8743836417586'] for agent, after_update _notify_loop /usr/lib/python2.7/site-packages/neutron_lib/callbacks/manager.py:167
2018-07-03 15:31:45.657 3810 DEBUG neutron.wsgi [-] (3810) accepted ('10.0.20.21', 40390) server /usr/lib/python2.7/site-packages/eventlet/wsgi.py:883
2018-07-03 15:31:45.661 3810 INFO neutron.wsgi [-] 10.0.20.21 "GET / HTTP/1.1" status: 200  len: 252 time: 0.0021930
2018-07-03 15:31:45.972 3810 INFO neutron.api.v2.resource [req-f95fb1a2-9609-421b-a504-8c68be50148f 18e95b3c347d46fc9dc57e8e6891b711 8b9cac81cc87403e8ab22768d4b5e97e - 40c526a6aabf41a4a2eeb730f129b87a 40c526a6aabf41a4a2eeb730f129b87a] show failed (client error): The resource could not be found.
2018-07-03 15:31:45.974 3810 INFO neutron.wsgi [req-f95fb1a2-9609-421b-a504-8c68be50148f 18e95b3c347d46fc9dc57e8e6891b711 8b9cac81cc87403e8ab22768d4b5e97e - 40c526a6aabf41a4a2eeb730f129b87a 40c526a6aabf41a4a2eeb730f129b87a] 10.0.20.21 "GET /v2.0/floatingips/172.24.4.8 HTTP/1.1" status: 404  len: 325 time: 0.3088830
2018-07-03 15:31:46.024 3810 INFO neutron.wsgi [req-435dd09f-3e86-4699-9436-855904e8e8d2 18e95b3c347d46fc9dc57e8e6891b711 8b9cac81cc87403e8ab22768d4b5e97e - 40c526a6aabf41a4a2eeb730f129b87a 40c526a6aabf41a4a2eeb730f129b87a] 10.0.20.21 "GET /v2.0/floatingips HTTP/1.1" status: 200  len: 1207 time: 0.0452869
2018-07-03 15:31:46.096 3810 DEBUG neutron.plugins.ml2.plugin [req-1b2cffb1-6432-4015-91e9-c63529348ccf 18e95b3c347d46fc9dc57e8e6891b711 8b9cac81cc87403e8ab22768d4b5e97e - 40c526a6aabf41a4a2eeb730f129b87a 40c526a6aabf41a4a2eeb730f129b87a] Deleting port 9fa94fa0-77c6-463c-b363-af8b1c245348 _pre_delete_port /usr/lib/python2.7/site-packages/neutron/plugins/ml2/plugin.py:1488
2018-07-03 15:31:46.097 3810 DEBUG neutron_lib.callbacks.manager [req-1b2cffb1-6432-4015-91e9-c63529348ccf 18e95b3c347d46fc9dc57e8e6891b711 8b9cac81cc87403e8ab22768d4b5e97e - 40c526a6aabf41a4a2eeb730f129b87a 40c526a6aabf41a4a2eeb730f129b87a] Notify callbacks ['neutron.db.l3_db._prevent_l3_port_delete_callback-8743836617958'] for port, before_delete _notify_loop /usr/lib/python2.7/site-packages/neutron_lib/callbacks/manager.py:167
2018-07-03 15:31:46.487 3810 DEBUG neutron.plugins.ml2.plugin [req-1b2cffb1-6432-4015-91e9-c63529348ccf 18e95b3c347d46fc9dc57e8e6891b711 8b9cac81cc87403e8ab22768d4b5e97e - 40c526a6aabf41a4a2eeb730f129b87a 40c526a6aabf41a4a2eeb730f129b87a] Calling delete_port for 9fa94fa0-77c6-463c-b363-af8b1c245348 owned by network:floatingip delete_port /usr/lib/python2.7/site-packages/neutron/plugins/ml2/plugin.py:1547
2018-07-03 15:31:46.931 3810 DEBUG neutron_lib.callbacks.manager [req-1b2cffb1-6432-4015-91e9-c63529348ccf 18e95b3c347d46fc9dc57e8e6891b711 8b9cac81cc87403e8ab22768d4b5e97e - 40c526a6aabf41a4a2eeb730f129b87a 40c526a6aabf41a4a2eeb730f129b87a] Notify callbacks ['neutron.api.rpc.agentnotifiers.dhcp_rpc_agent_api.DhcpAgentNotifyAPI._native_event_send_dhcp_notification-7777043', 'neutron.db.l3_dvrscheduler_db._notify_port_delete-8743836054999', 'neutron.plugins.ml2.ovo_rpc._ObjectChangeHandler.handle_event-7917346', 'neutron.plugins.ml2.plugin.Ml2Plugin.notify_sg_on_port_change-421349', 'neutron.db.l3_db._notify_routers_callback--9223363293018180672'] for port, after_delete _notify_loop /usr/lib/python2.7/site-packages/neutron_lib/callbacks/manager.py:167
2018-07-03 15:31:47.282 3810 DEBUG oslo_concurrency.lockutils [-] Lock "event-dispatch" acquired by "neutron.plugins.ml2.ovo_rpc.dispatch_events" :: waited 0.000s inner /usr/lib/python2.7/site-packages/oslo_concurrency/lockutils.py:270
2018-07-03 15:31:47.446 3810 DEBUG neutron.api.rpc.handlers.resources_rpc [req-1b2cffb1-6432-4015-91e9-c63529348ccf 18e95b3c347d46fc9dc57e8e6891b711 8b9cac81cc87403e8ab22768d4b5e97e - - -] neutron.api.rpc.handlers.resources_rpc.ResourcesPushRpcApi method push called with arguments (<neutron_lib.context.Context object at 0x7f3d52f554d0>, [Port(admin_state_up=<?>,allowed_address_pairs=<?>,binding=<?>,binding_levels=<?>,created_at=<?>,data_plane_status=<?>,description=<?>,device_id=<?>,device_owner=<?>,dhcp_options=<?>,distributed_binding=<?>,dns=<?>,fixed_ips=<?>,id=9fa94fa0-77c6-463c-b363-af8b1c245348,mac_address=<?>,name=<?>,network_id=<?>,project_id=<?>,qos_policy_id=None,revision_number=<?>,security=<?>,security_group_ids=None,status=<?>,updated_at=<?>)], 'deleted') {} wrapper /usr/lib/python2.7/site-packages/oslo_log/helpers.py:66
2018-07-03 15:31:47.459 3810 DEBUG neutron.api.rpc.callbacks.version_manager [req-1b2cffb1-6432-4015-91e9-c63529348ccf 18e95b3c347d46fc9dc57e8e6891b711 8b9cac81cc87403e8ab22768d4b5e97e - - -] Version for resource type Subnet changed None to 1.0 on consumer Open vSwitch agent@localhost.localdomain _set_version /usr/lib/python2.7/site-packages/neutron/api/rpc/callbacks/version_manager.py:119
2018-07-03 15:31:47.460 3810 DEBUG neutron.api.rpc.callbacks.version_manager [req-1b2cffb1-6432-4015-91e9-c63529348ccf 18e95b3c347d46fc9dc57e8e6891b711 8b9cac81cc87403e8ab22768d4b5e97e - - -] Version for resource type Network changed None to 1.0 on consumer Open vSwitch agent@localhost.localdomain _set_version /usr/lib/python2.7/site-packages/neutron/api/rpc/callbacks/version_manager.py:119
2018-07-03 15:31:47.461 3810 DEBUG neutron.api.rpc.callbacks.version_manager [req-1b2cffb1-6432-4015-91e9-c63529348ccf 18e95b3c347d46fc9dc57e8e6891b711 8b9cac81cc87403e8ab22768d4b5e97e - - -] Version for resource type SubPort changed None to 1.0 on consumer Open vSwitch agent@localhost.localdomain _set_version /usr/lib/python2.7/site-packages/neutron/api/rpc/callbacks/version_manager.py:119
2018-07-03 15:31:47.461 3810 DEBUG neutron.api.rpc.callbacks.version_manager [req-1b2cffb1-6432-4015-91e9-c63529348ccf 18e95b3c347d46fc9dc57e8e6891b711 8b9cac81cc87403e8ab22768d4b5e97e - - -] Version for resource type SecurityGroup changed None to 1.0 on consumer Open vSwitch agent@localhost.localdomain _set_version /usr/lib/python2.7/site-packages/neutron/api/rpc/callbacks/version_manager.py:119
2018-07-03 15:31:47.462 3810 DEBUG neutron.api.rpc.callbacks.version_manager [req-1b2cffb1-6432-4015-91e9-c63529348ccf 18e95b3c347d46fc9dc57e8e6891b711 8b9cac81cc87403e8ab22768d4b5e97e - - -] Version for resource type SecurityGroupRule changed None to 1.0 on consumer Open vSwitch agent@localhost.localdomain _set_version /usr/lib/python2.7/site-packages/neutron/api/rpc/callbacks/version_manager.py:119
2018-07-03 15:31:47.463 3810 DEBUG neutron.api.rpc.callbacks.version_manager [req-1b2cffb1-6432-4015-91e9-c63529348ccf 18e95b3c347d46fc9dc57e8e6891b711 8b9cac81cc87403e8ab22768d4b5e97e - - -] Version for resource type Trunk changed None to 1.1 on consumer Open vSwitch agent@localhost.localdomain _set_version /usr/lib/python2.7/site-packages/neutron/api/rpc/callbacks/version_manager.py:119
2018-07-03 15:31:47.463 3810 DEBUG neutron.api.rpc.callbacks.version_manager [req-1b2cffb1-6432-4015-91e9-c63529348ccf 18e95b3c347d46fc9dc57e8e6891b711 8b9cac81cc87403e8ab22768d4b5e97e - - -] Version for resource type QosPolicy changed None to 1.6 on consumer Open vSwitch agent@localhost.localdomain _set_version /usr/lib/python2.7/site-packages/neutron/api/rpc/callbacks/version_manager.py:119
2018-07-03 15:31:47.464 3810 DEBUG neutron.api.rpc.callbacks.version_manager [req-1b2cffb1-6432-4015-91e9-c63529348ccf 18e95b3c347d46fc9dc57e8e6891b711 8b9cac81cc87403e8ab22768d4b5e97e - - -] Version for resource type Port changed None to 1.1 on consumer Open vSwitch agent@localhost.localdomain _set_version /usr/lib/python2.7/site-packages/neutron/api/rpc/callbacks/version_manager.py:119
2018-07-03 15:31:47.464 3810 DEBUG neutron.api.rpc.callbacks.version_manager [req-1b2cffb1-6432-4015-91e9-c63529348ccf 18e95b3c347d46fc9dc57e8e6891b711 8b9cac81cc87403e8ab22768d4b5e97e - - -] Version for resource type Log changed None to 1.0 on consumer Open vSwitch agent@localhost.localdomain _set_version /usr/lib/python2.7/site-packages/neutron/api/rpc/callbacks/version_manager.py:119
2018-07-03 15:31:47.515 3810 DEBUG oslo_concurrency.lockutils [req-1b2cffb1-6432-4015-91e9-c63529348ccf 18e95b3c347d46fc9dc57e8e6891b711 8b9cac81cc87403e8ab22768d4b5e97e - - -] Lock "event-dispatch" released by "neutron.plugins.ml2.ovo_rpc.dispatch_events" :: held 0.233s inner /usr/lib/python2.7/site-packages/oslo_concurrency/lockutils.py:282
2018-07-03 15:31:47.917 3810 DEBUG neutron.scheduler.l3_agent_scheduler [req-1b2cffb1-6432-4015-91e9-c63529348ccf 18e95b3c347d46fc9dc57e8e6891b711 8b9cac81cc87403e8ab22768d4b5e97e - 40c526a6aabf41a4a2eeb730f129b87a 40c526a6aabf41a4a2eeb730f129b87a] Router 69b42ae1-eaaa-4f10-9d77-9362399fc549 has already been hosted by L3 agent cfdb8a89-94f7-4ca8-9906-759cfbdcba36 _get_candidates /usr/lib/python2.7/site-packages/neutron/scheduler/l3_agent_scheduler.py:141
2018-07-03 15:31:48.065 3810 DEBUG neutron.api.rpc.agentnotifiers.l3_rpc_agent_api [req-1b2cffb1-6432-4015-91e9-c63529348ccf 18e95b3c347d46fc9dc57e8e6891b711 8b9cac81cc87403e8ab22768d4b5e97e - 40c526a6aabf41a4a2eeb730f129b87a 40c526a6aabf41a4a2eeb730f129b87a] Notify agent at l3_agent.localhost.localdomain the message routers_updated _agent_notification /usr/lib/python2.7/site-packages/neutron/api/rpc/agentnotifiers/l3_rpc_agent_api.py:69
2018-07-03 15:31:48.085 3810 DEBUG neutron.quota.resource [req-1b2cffb1-6432-4015-91e9-c63529348ccf 18e95b3c347d46fc9dc57e8e6891b711 8b9cac81cc87403e8ab22768d4b5e97e - 40c526a6aabf41a4a2eeb730f129b87a 40c526a6aabf41a4a2eeb730f129b87a] Persisted dirty status for tenant:8b9cac81cc87403e8ab22768d4b5e97e on resource:floatingip mark_dirty /usr/lib/python2.7/site-packages/neutron/quota/resource.py:207
2018-07-03 15:31:48.093 3810 DEBUG neutron.quota.resource [req-1b2cffb1-6432-4015-91e9-c63529348ccf 18e95b3c347d46fc9dc57e8e6891b711 8b9cac81cc87403e8ab22768d4b5e97e - 40c526a6aabf41a4a2eeb730f129b87a 40c526a6aabf41a4a2eeb730f129b87a] Persisted dirty status for tenant: on resource:port mark_dirty /usr/lib/python2.7/site-packages/neutron/quota/resource.py:207
2018-07-03 15:31:48.098 3810 DEBUG neutron_lib.callbacks.manager [req-1b2cffb1-6432-4015-91e9-c63529348ccf 18e95b3c347d46fc9dc57e8e6891b711 8b9cac81cc87403e8ab22768d4b5e97e - 40c526a6aabf41a4a2eeb730f129b87a 40c526a6aabf41a4a2eeb730f129b87a] Notify callbacks ['neutron.notifiers.nova.Notifier._send_nova_notification--9223372036854774980'] for floatingip, before_response _notify_loop /usr/lib/python2.7/site-packages/neutron_lib/callbacks/manager.py:167
2018-07-03 15:31:48.107 3825 DEBUG neutron.db.l3_hamode_db [req-5e95a72e-d9eb-4c3a-89ed-baeec8e50d51 - - - - -] neutron.services.l3_router.l3_router_plugin.L3RouterPlugin method get_ha_sync_data_for_host called with arguments (<neutron_lib.context.Context object at 0x7f3d5366afd0>, u'localhost.localdomain', <neutron.db.models.agent.Agent[object at 7f3d534f31d0] {id=u'cfdb8a89-94f7-4ca8-9906-759cfbdcba36', agent_type=u'L3 agent', binary=u'neutron-l3-agent', topic=u'l3_agent', host=u'localhost.localdomain', availability_zone=u'nova', admin_state_up=True, created_at=datetime.datetime(2018, 6, 20, 16, 52, 16), started_at=datetime.datetime(2018, 7, 3, 13, 17, 23), heartbeat_timestamp=datetime.datetime(2018, 7, 3, 13, 31, 23), description=None, configurations=u'{"agent_mode": "legacy", "gateway_external_network_id": "", "handle_internal_only_routers": true, "routers": 2, "interfaces": 2, "floating_ips": 1, "interface_driver": "neutron.agent.linux.interface.OVSInterfaceDriver", "log_agent_heartbeats": false, "external_network_bridge": "", "ex_gw_ports": 2}', resource_versions=None, load=0}>) {'active': True, 'router_ids': ['69b42ae1-eaaa-4f10-9d77-9362399fc549']} wrapper /usr/lib/python2.7/site-packages/oslo_log/helpers.py:66
2018-07-03 15:31:48.177 3810 INFO neutron.wsgi [req-1b2cffb1-6432-4015-91e9-c63529348ccf 18e95b3c347d46fc9dc57e8e6891b711 8b9cac81cc87403e8ab22768d4b5e97e - 40c526a6aabf41a4a2eeb730f129b87a 40c526a6aabf41a4a2eeb730f129b87a] 10.0.20.21 "DELETE /v2.0/floatingips/9a24a0da-c167-48e9-95ce-ce7b741873e7 HTTP/1.1" status: 204  len: 173 time: 2.1462951
2018-07-03 15:31:48.178 3810 DEBUG oslo_concurrency.lockutils [-] Lock "notifier-63eb378f-59d8-4685-acc2-92769134182b" acquired by "neutron.notifiers.batch_notifier.synced_send" :: waited 0.000s inner /usr/lib/python2.7/site-packages/oslo_concurrency/lockutils.py:270
2018-07-03 15:31:48.178 3810 DEBUG neutron.notifiers.nova [-] Sending events: [{'tag': u'cefe5efe-e4fb-49df-9df6-5c713b81342c', 'name': 'network-changed', 'server_uuid': u'18f3fcd4-b624-4310-aa7e-da0e3ec100a4'}] send_events /usr/lib/python2.7/site-packages/neutron/notifiers/nova.py:242
2018-07-03 15:31:48.618 3825 DEBUG neutron.db.l3_hamode_db [req-5e95a72e-d9eb-4c3a-89ed-baeec8e50d51 - - - - -] neutron.services.l3_router.l3_router_plugin.L3RouterPlugin method _process_sync_ha_data called with arguments (<neutron_lib.context.Context object at 0x7f3d5366afd0>, [{'status': u'ACTIVE', '_interfaces': [{'status': u'ACTIVE', 'subnets': [{'dns_nameservers': [u'8.8.4.4'], 'ipv6_ra_mode': None, 'gateway_ip': u'11.251.1.1', 'cidr': u'11.251.1.0/24', 'id': u'586beafd-8305-48e7-94fc-b0e8711d2350', 'subnetpool_id': None}], 'binding:host_id': u'localhost.localdomain', 'description': u'', 'allowed_address_pairs': [], 'tags': [], 'extra_dhcp_opts': [], 'updated_at': '2018-07-03T13:26:57Z', 'device_owner': u'network:router_interface', 'revision_number': 7, 'port_security_enabled': False, 'binding:profile': {}, 'mtu': 1450, 'fixed_ips': [{'subnet_id': u'586beafd-8305-48e7-94fc-b0e8711d2350', 'prefixlen': 24, 'ip_address': u'11.251.1.1'}], 'id': u'bf502966-c740-4a99-b46a-630d8a74eb7e', 'security_groups': [], 'device_id': u'69b42ae1-eaaa-4f10-9d77-9362399fc549', 'name': u'', 'admin_state_up': True, 'network_id': u'791ed456-437d-4470-8af9-47a7aa2ec87a', 'tenant_id': u'8b9cac81cc87403e8ab22768d4b5e97e', 'binding:vif_details': {u'port_filter': True, u'datapath_type': u'system', u'ovs_hybrid_plug': True}, 'address_scopes': {4: None, 6: None}, 'binding:vnic_type': u'normal', 'binding:vif_type': u'ovs', 'mac_address': u'fa:16:3e:ef:ca:a0', 'project_id': u'8b9cac81cc87403e8ab22768d4b5e97e', 'extra_subnets': [], 'created_at': '2018-07-03T13:26:49Z'}], 'enable_snat': True, 'ha_vr_id': 0, 'description': u'', 'tags': [], 'gw_port': {'status': u'ACTIVE', 'subnets': [{'dns_nameservers': [], 'ipv6_ra_mode': None, 'gateway_ip': u'172.24.4.1', 'cidr': u'172.24.4.0/24', 'id': u'0db29b77-dce9-468d-9f4c-d777953f217f', 'subnetpool_id': None}], 'binding:host_id': u'localhost.localdomain', 'description': u'', 'allowed_address_pairs': [], 'tags': [], 'extra_dhcp_opts': [], 'updated_at': '2018-07-03T13:27:13Z', 'device_owner': u'network:router_gateway', 'revision_number': 6, 'port_security_enabled': False, 'binding:profile': {}, 'mtu': 1500, 'fixed_ips': [{'subnet_id': u'0db29b77-dce9-468d-9f4c-d777953f217f', 'prefixlen': 24, 'ip_address': u'172.24.4.4'}], 'id': u'65e2af74-6f4b-43dd-a09b-d35fd75f0b81', 'security_groups': [], 'device_id': u'69b42ae1-eaaa-4f10-9d77-9362399fc549', 'name': u'', 'admin_state_up': True, 'network_id': u'65a63b5d-4ab6-4a89-8fc5-4ab4c578efe5', 'tenant_id': u'', 'binding:vif_details': {u'port_filter': True, u'datapath_type': u'system', u'ovs_hybrid_plug': True}, 'address_scopes': {4: None, 6: None}, 'binding:vnic_type': u'normal', 'binding:vif_type': u'ovs', 'mac_address': u'fa:16:3e:88:7a:b8', 'project_id': u'', 'extra_subnets': [], 'created_at': '2018-07-03T13:27:03Z'}, 'updated_at': '2018-07-03T13:27:05Z', 'revision_number': 3, 'ha': False, 'id': u'69b42ae1-eaaa-4f10-9d77-9362399fc549', 'gw_port_host': u'localhost.localdomain', 'external_gateway_info': {'network_id': u'65a63b5d-4ab6-4a89-8fc5-4ab4c578efe5', 'enable_snat': True, 'external_fixed_ips': [{'subnet_id': u'0db29b77-dce9-468d-9f4c-d777953f217f', 'ip_address': u'172.24.4.4'}]}, 'availability_zone_hints': [], 'availability_zones': [u'nova'], 'name': u'tempest-router-1530624233', 'gw_port_id': u'65e2af74-6f4b-43dd-a09b-d35fd75f0b81', 'admin_state_up': True, 'tenant_id': u'8b9cac81cc87403e8ab22768d4b5e97e', 'created_at': '2018-07-03T13:26:32Z', 'distributed': False, 'flavor_id': None, 'routes': [], 'project_id': u'8b9cac81cc87403e8ab22768d4b5e97e'}], u'localhost.localdomain', False) {} wrapper /usr/lib/python2.7/site-packages/oslo_log/helpers.py:66
2018-07-03 15:31:48.629 3825 DEBUG neutron.api.rpc.handlers.l3_rpc [req-5e95a72e-d9eb-4c3a-89ed-baeec8e50d51 - - - - -] Checking router: 69b42ae1-eaaa-4f10-9d77-9362399fc549 for host: localhost.localdomain _ensure_host_set_on_ports /usr/lib/python2.7/site-packages/neutron/api/rpc/handlers/l3_rpc.py:135
2018-07-03 15:31:48.822 3824 DEBUG neutron.api.rpc.handlers.l3_rpc [req-49773ca7-246a-4321-b74b-a5f271e45462 - - - - -] New status for floating IP 9a24a0da-c167-48e9-95ce-ce7b741873e7: DOWN update_floatingip_statuses /usr/lib/python2.7/site-packages/neutron/api/rpc/handlers/l3_rpc.py:252
2018-07-03 15:31:48.960 3810 DEBUG novaclient.v2.client [-] REQ: curl -g -i -X POST http://10.0.20.21:8774/v2.1/6ce4dd91709c441d9f1b40034ea03af4/os-server-external-events -H "User-Agent: python-novaclient" -H "Content-Type: application/json" -H "Accept: application/json" -H "X-OpenStack-Nova-API-Version: 2.1" -H "X-Auth-Token: {SHA1}c7b28c5e8e3aebe12d32f17c844981c90211dc97" -d '{"events": [{"tag": "cefe5efe-e4fb-49df-9df6-5c713b81342c", "name": "network-changed", "server_uuid": "18f3fcd4-b624-4310-aa7e-da0e3ec100a4"}]}' _http_log_request /usr/lib/python2.7/site-packages/keystoneauth1/session.py:375
2018-07-03 15:31:49.536 3810 DEBUG novaclient.v2.client [-] RESP: [200] Content-Length: 179 Content-Type: application/json Openstack-Api-Version: compute 2.1 X-Openstack-Nova-Api-Version: 2.1 Vary: OpenStack-API-Version, X-OpenStack-Nova-API-Version X-Openstack-Request-Id: req-6115e551-dccf-4aaa-9bc2-468427bd08f5 X-Compute-Request-Id: req-6115e551-dccf-4aaa-9bc2-468427bd08f5 Date: Tue, 03 Jul 2018 13:31:49 GMT Connection: keep-alive 
RESP BODY: {"events": [{"status": "completed", "tag": "cefe5efe-e4fb-49df-9df6-5c713b81342c", "name": "network-changed", "server_uuid": "18f3fcd4-b624-4310-aa7e-da0e3ec100a4", "code": 200}]}
 _http_log_response /usr/lib/python2.7/site-packages/keystoneauth1/session.py:423
2018-07-03 15:31:49.536 3810 DEBUG novaclient.v2.client [-] POST call to compute for http://10.0.20.21:8774/v2.1/6ce4dd91709c441d9f1b40034ea03af4/os-server-external-events used request id req-6115e551-dccf-4aaa-9bc2-468427bd08f5 request /usr/lib/python2.7/site-packages/keystoneauth1/session.py:727
2018-07-03 15:31:49.545 3810 INFO neutron.notifiers.nova [-] Nova event response: {u'status': u'completed', u'tag': u'cefe5efe-e4fb-49df-9df6-5c713b81342c', u'name': u'network-changed', u'server_uuid': u'18f3fcd4-b624-4310-aa7e-da0e3ec100a4', u'code': 200}
2018-07-03 15:31:49.974 3816 INFO neutron.wsgi [req-ed4b5914-67b2-49f3-a50a-2f33b15c2b6f 59f963f90a0940d0a0321d158c75bc86 6ce4dd91709c441d9f1b40034ea03af4 - default default] 10.0.20.21 "GET /v2.0/ports?tenant_id=8b9cac81cc87403e8ab22768d4b5e97e&device_id=18f3fcd4-b624-4310-aa7e-da0e3ec100a4 HTTP/1.1" status: 200  len: 1124 time: 0.4108899
2018-07-03 15:31:50.428 3816 DEBUG neutron.pecan_wsgi.hooks.policy_enforcement [req-42a7e0ed-3058-41ae-b24e-ec070c90c1cc 59f963f90a0940d0a0321d158c75bc86 6ce4dd91709c441d9f1b40034ea03af4 - default default] Attributes excluded by policy engine: [u'vlan_transparent'] _exclude_attributes_by_policy /usr/lib/python2.7/site-packages/neutron/pecan_wsgi/hooks/policy_enforcement.py:256
2018-07-03 15:31:50.431 3816 INFO neutron.wsgi [req-42a7e0ed-3058-41ae-b24e-ec070c90c1cc 59f963f90a0940d0a0321d158c75bc86 6ce4dd91709c441d9f1b40034ea03af4 - default default] 10.0.20.21 "GET /v2.0/networks?id=791ed456-437d-4470-8af9-47a7aa2ec87a HTTP/1.1" status: 200  len: 885 time: 0.4489632
2018-07-03 15:31:50.467 3816 INFO neutron.wsgi [req-7572d741-fb22-4baf-8071-78519a1c66e3 59f963f90a0940d0a0321d158c75bc86 6ce4dd91709c441d9f1b40034ea03af4 - default default] 10.0.20.21 "GET /v2.0/floatingips?fixed_ip_address=11.251.1.3&port_id=cefe5efe-e4fb-49df-9df6-5c713b81342c HTTP/1.1" status: 200  len: 217 time: 0.0306540
2018-07-03 15:31:50.628 3816 DEBUG neutron.pecan_wsgi.hooks.policy_enforcement [req-fd3b16a6-1f71-46ca-9e50-355257ddf51e 59f963f90a0940d0a0321d158c75bc86 6ce4dd91709c441d9f1b40034ea03af4 - default default] Attributes excluded by policy engine: [u'shared'] _exclude_attributes_by_policy /usr/lib/python2.7/site-packages/neutron/pecan_wsgi/hooks/policy_enforcement.py:256
2018-07-03 15:31:50.630 3816 INFO neutron.wsgi [req-fd3b16a6-1f71-46ca-9e50-355257ddf51e 59f963f90a0940d0a0321d158c75bc86 6ce4dd91709c441d9f1b40034ea03af4 - default default] 10.0.20.21 "GET /v2.0/subnets?id=586beafd-8305-48e7-94fc-b0e8711d2350 HTTP/1.1" status: 200  len: 847 time: 0.1552849
2018-07-03 15:31:50.782 3816 INFO neutron.wsgi [req-52a20665-2688-43af-8c6d-b5764f1bfcef 59f963f90a0940d0a0321d158c75bc86 6ce4dd91709c441d9f1b40034ea03af4 - default default] 10.0.20.21 "GET /v2.0/ports?network_id=791ed456-437d-4470-8af9-47a7aa2ec87a&device_owner=network%3Adhcp HTTP/1.1" status: 200  len: 1128 time: 0.1429031
2018-07-03 15:31:51.547 3810 DEBUG oslo_concurrency.lockutils [-] Lock "notifier-63eb378f-59d8-4685-acc2-92769134182b" released by "neutron.notifiers.batch_notifier.synced_send" :: held 3.369s inner /usr/lib/python2.7/site-packages/oslo_concurrency/lockutils.py:282
2018-07-03 15:31:51.794 3818 DEBUG neutron_lib.callbacks.manager [req-7beb35dc-9d12-4ef2-9ff6-8eace58ce601 - - - - -] Notify callbacks ['neutron.services.segments.db._update_segment_host_mapping_for_agent-8743836417586'] for agent, after_update _notify_loop /usr/lib/python2.7/site-packages/neutron_lib/callbacks/manager.py:167
2018-07-03 15:31:51.895 3826 DEBUG neutron_lib.callbacks.manager [req-f102f591-24f3-48f0-b2e1-eb9b3af5799f - - - - -] Notify callbacks ['neutron.services.segments.db._update_segment_host_mapping_for_agent-8743836417586'] for agent, after_update _notify_loop /usr/lib/python2.7/site-packages/neutron_lib/callbacks/manager.py:167
2018-07-03 15:31:51.938 3819 DEBUG neutron_lib.callbacks.manager [req-ea5abf15-764b-4fda-9b6d-114c9c3a5379 - - - - -] Notify callbacks ['neutron.services.segments.db._update_segment_host_mapping_for_agent-8743836417586'] for agent, after_update _notify_loop /usr/lib/python2.7/site-packages/neutron_lib/callbacks/manager.py:167
2018-07-03 15:31:53.765 3823 DEBUG neutron_lib.callbacks.manager [req-65ddbbb8-4a91-41aa-be73-1ed1393062a5 - - - - -] Notify callbacks ['neutron.services.segments.db._update_segment_host_mapping_for_agent-8743836417586'] for agent, after_update _notify_loop /usr/lib/python2.7/site-packages/neutron_lib/callbacks/manager.py:167
2018-07-03 15:31:54.035 3811 INFO neutron.wsgi [req-0a7be866-9888-48d0-abdf-514ed8cf0dc1 5feafc9ff48747df82912c2055bf7429 f4a570c942f04ee3b556f3e6756b5a50 - default default] 10.0.20.21 "GET /v2.0/ports?device_id=18f3fcd4-b624-4310-aa7e-da0e3ec100a4&device_id=fbe9921b-01af-42ef-a506-f7a67f25f76a HTTP/1.1" status: 200  len: 2040 time: 0.5836089
2018-07-03 15:31:54.174 3811 INFO neutron.wsgi [req-ff556614-9957-4e9b-b2f2-293a5124fe77 5feafc9ff48747df82912c2055bf7429 f4a570c942f04ee3b556f3e6756b5a50 - default default] 10.0.20.21 "GET /v2.0/security-groups?id=aecd0d18-fc25-4993-b6c0-a6551c7a3a02&id=20cb453e-fd58-4edf-8ad7-0a1f49ef7b48 HTTP/1.1" status: 200  len: 4540 time: 0.1323080
2018-07-03 15:31:59.352 3828 DEBUG neutron.db.agents_db [req-d108e22f-f31e-4d51-bfbf-0aefe0a26083 - - - - -] Agent healthcheck: found 5 active agents agent_health_check /usr/lib/python2.7/site-packages/neutron/db/agents_db.py:281
2018-07-03 15:31:59.944 3811 INFO neutron.wsgi [req-5a8b8e25-98a1-40ea-b91e-0d309b88bc1c 5feafc9ff48747df82912c2055bf7429 f4a570c942f04ee3b556f3e6756b5a50 - default default] 10.0.20.21 "GET /v2.0/ports?device_id=18f3fcd4-b624-4310-aa7e-da0e3ec100a4 HTTP/1.1" status: 200  len: 1124 time: 0.5340910
2018-07-03 15:32:00.054 3811 INFO neutron.wsgi [req-976ca1d5-44c7-49c5-8ad5-657724aefb52 5feafc9ff48747df82912c2055bf7429 f4a570c942f04ee3b556f3e6756b5a50 - default default] 10.0.20.21 "GET /v2.0/security-groups?id=20cb453e-fd58-4edf-8ad7-0a1f49ef7b48 HTTP/1.1" status: 200  len: 2118 time: 0.1040909
2018-07-03 15:32:01.643 3823 DEBUG neutron.plugins.ml2.rpc [req-cfc4633f-27a5-438f-b3ba-aea464fcd4be - - - - -] Device cefe5efe-e4fb-49df-9df6-5c713b81342c no longer exists at agent ovs-agent-localhost.localdomain update_device_down /usr/lib/python2.7/site-packages/neutron/plugins/ml2/rpc.py:213
2018-07-03 15:32:01.967 3823 DEBUG neutron_lib.callbacks.manager [req-cfc4633f-27a5-438f-b3ba-aea464fcd4be - - - - -] Notify callbacks ['neutron.plugins.ml2.plugin.Ml2Plugin._ensure_default_security_group_handler--9223372036854354600'] for port, before_update _notify_loop /usr/lib/python2.7/site-packages/neutron_lib/callbacks/manager.py:167
2018-07-03 15:32:02.094 3823 DEBUG oslo_concurrency.lockutils [-] Lock "notifier-63eb378f-59d8-4685-acc2-92769134182b" acquired by "neutron.notifiers.batch_notifier.synced_send" :: waited 0.000s inner /usr/lib/python2.7/site-packages/oslo_concurrency/lockutils.py:270
2018-07-03 15:32:02.094 3823 DEBUG neutron.notifiers.nova [-] Sending events: [{'status': 'completed', 'tag': u'cefe5efe-e4fb-49df-9df6-5c713b81342c', 'name': 'network-vif-unplugged', 'server_uuid': u'18f3fcd4-b624-4310-aa7e-da0e3ec100a4'}] send_events /usr/lib/python2.7/site-packages/neutron/notifiers/nova.py:242
2018-07-03 15:32:02.112 3823 DEBUG neutron.plugins.ml2.db [req-cfc4633f-27a5-438f-b3ba-aea464fcd4be - - - - -] For port cefe5efe-e4fb-49df-9df6-5c713b81342c, host localhost.localdomain, got binding levels [<neutron.plugins.ml2.models.PortBindingLevel[object at 7f3d536b41d0] {port_id=u'cefe5efe-e4fb-49df-9df6-5c713b81342c', host=u'localhost.localdomain', level=0, driver=u'openvswitch', segment_id=u'421c9770-ae37-4b37-aca0-fc671b2da80f'}>] get_binding_levels /usr/lib/python2.7/site-packages/neutron/plugins/ml2/db.py:106
2018-07-03 15:32:02.135 3823 DEBUG neutron_lib.callbacks.manager [req-cfc4633f-27a5-438f-b3ba-aea464fcd4be - - - - -] Notify callbacks ['neutron.api.rpc.agentnotifiers.dhcp_rpc_agent_api.DhcpAgentNotifyAPI._native_event_send_dhcp_notification-7777043', 'neutron.db.l3_dvrscheduler_db._notify_l3_agent_port_update--9223363293018720802', 'neutron.plugins.ml2.ovo_rpc._ObjectChangeHandler.handle_event-7917346', 'neutron.db.l3_hascheduler_db._notify_l3_agent_ha_port_update-8743836055858', 'neutron.plugins.ml2.plugin.Ml2Plugin.notify_sg_on_port_change-421349'] for port, after_update _notify_loop /usr/lib/python2.7/site-packages/neutron_lib/callbacks/manager.py:167
2018-07-03 15:32:02.158 3823 DEBUG oslo_concurrency.lockutils [-] Lock "event-dispatch" acquired by "neutron.plugins.ml2.ovo_rpc.dispatch_events" :: waited 0.000s inner /usr/lib/python2.7/site-packages/oslo_concurrency/lockutils.py:270
2018-07-03 15:32:02.361 3823 DEBUG neutron.api.rpc.handlers.resources_rpc [req-cfc4633f-27a5-438f-b3ba-aea464fcd4be - - - - -] neutron.api.rpc.handlers.resources_rpc.ResourcesPushRpcApi method push called with arguments (<neutron_lib.context.Context object at 0x7f3d53497910>, [Port(admin_state_up=True,allowed_address_pairs=[],binding=PortBinding,binding_levels=[PortBindingLevel],created_at=2018-07-03T13:27:32Z,data_plane_status=<?>,description='',device_id='18f3fcd4-b624-4310-aa7e-da0e3ec100a4',device_owner='compute:nova',dhcp_options=[],distributed_binding=None,dns=None,fixed_ips=[IPAllocation],id=cefe5efe-e4fb-49df-9df6-5c713b81342c,mac_address=fa:16:3e:37:ee:8d,name='',network_id=791ed456-437d-4470-8af9-47a7aa2ec87a,project_id='8b9cac81cc87403e8ab22768d4b5e97e',qos_policy_id=None,revision_number=9,security=PortSecurity(cefe5efe-e4fb-49df-9df6-5c713b81342c),security_group_ids=set([20cb453e-fd58-4edf-8ad7-0a1f49ef7b48]),status='DOWN',updated_at=2018-07-03T13:32:02Z)], 'updated') {} wrapper /usr/lib/python2.7/site-packages/oslo_log/helpers.py:66
2018-07-03 15:32:02.386 3823 DEBUG neutron.api.rpc.callbacks.version_manager [req-cfc4633f-27a5-438f-b3ba-aea464fcd4be - - - - -] Version for resource type Subnet changed None to 1.0 on consumer Open vSwitch agent@localhost.localdomain _set_version /usr/lib/python2.7/site-packages/neutron/api/rpc/callbacks/version_manager.py:119
2018-07-03 15:32:02.386 3823 DEBUG neutron.api.rpc.callbacks.version_manager [req-cfc4633f-27a5-438f-b3ba-aea464fcd4be - - - - -] Version for resource type Network changed None to 1.0 on consumer Open vSwitch agent@localhost.localdomain _set_version /usr/lib/python2.7/site-packages/neutron/api/rpc/callbacks/version_manager.py:119
2018-07-03 15:32:02.388 3823 DEBUG neutron.api.rpc.callbacks.version_manager [req-cfc4633f-27a5-438f-b3ba-aea464fcd4be - - - - -] Version for resource type SubPort changed None to 1.0 on consumer Open vSwitch agent@localhost.localdomain _set_version /usr/lib/python2.7/site-packages/neutron/api/rpc/callbacks/version_manager.py:119
2018-07-03 15:32:02.389 3823 DEBUG neutron.api.rpc.callbacks.version_manager [req-cfc4633f-27a5-438f-b3ba-aea464fcd4be - - - - -] Version for resource type SecurityGroup changed None to 1.0 on consumer Open vSwitch agent@localhost.localdomain _set_version /usr/lib/python2.7/site-packages/neutron/api/rpc/callbacks/version_manager.py:119
2018-07-03 15:32:02.390 3823 DEBUG neutron.api.rpc.callbacks.version_manager [req-cfc4633f-27a5-438f-b3ba-aea464fcd4be - - - - -] Version for resource type SecurityGroupRule changed None to 1.0 on consumer Open vSwitch agent@localhost.localdomain _set_version /usr/lib/python2.7/site-packages/neutron/api/rpc/callbacks/version_manager.py:119
2018-07-03 15:32:02.390 3823 DEBUG neutron.api.rpc.callbacks.version_manager [req-cfc4633f-27a5-438f-b3ba-aea464fcd4be - - - - -] Version for resource type Trunk changed None to 1.1 on consumer Open vSwitch agent@localhost.localdomain _set_version /usr/lib/python2.7/site-packages/neutron/api/rpc/callbacks/version_manager.py:119
2018-07-03 15:32:02.391 3823 DEBUG neutron.api.rpc.callbacks.version_manager [req-cfc4633f-27a5-438f-b3ba-aea464fcd4be - - - - -] Version for resource type QosPolicy changed None to 1.6 on consumer Open vSwitch agent@localhost.localdomain _set_version /usr/lib/python2.7/site-packages/neutron/api/rpc/callbacks/version_manager.py:119
2018-07-03 15:32:02.392 3823 DEBUG neutron.api.rpc.callbacks.version_manager [req-cfc4633f-27a5-438f-b3ba-aea464fcd4be - - - - -] Version for resource type Port changed None to 1.1 on consumer Open vSwitch agent@localhost.localdomain _set_version /usr/lib/python2.7/site-packages/neutron/api/rpc/callbacks/version_manager.py:119
2018-07-03 15:32:02.392 3823 DEBUG neutron.api.rpc.callbacks.version_manager [req-cfc4633f-27a5-438f-b3ba-aea464fcd4be - - - - -] Version for resource type Log changed None to 1.0 on consumer Open vSwitch agent@localhost.localdomain _set_version /usr/lib/python2.7/site-packages/neutron/api/rpc/callbacks/version_manager.py:119
2018-07-03 15:32:02.479 3823 DEBUG oslo_concurrency.lockutils [req-cfc4633f-27a5-438f-b3ba-aea464fcd4be - - - - -] Lock "event-dispatch" released by "neutron.plugins.ml2.ovo_rpc.dispatch_events" :: held 0.321s inner /usr/lib/python2.7/site-packages/oslo_concurrency/lockutils.py:282
2018-07-03 15:32:02.755 3816 INFO neutron.wsgi [req-27fb9835-d3b8-4d6e-8fbc-fd8ee288b05c 5feafc9ff48747df82912c2055bf7429 f4a570c942f04ee3b556f3e6756b5a50 - default default] 10.0.20.21 "GET /v2.0/ports?device_id=18f3fcd4-b624-4310-aa7e-da0e3ec100a4 HTTP/1.1" status: 200  len: 1122 time: 0.6920102
2018-07-03 15:32:02.950 3816 DEBUG neutron.plugins.ml2.plugin [req-14a9c6fe-89a8-4633-9938-bf194803e809 5feafc9ff48747df82912c2055bf7429 f4a570c942f04ee3b556f3e6756b5a50 - default default] Deleting port cefe5efe-e4fb-49df-9df6-5c713b81342c _pre_delete_port /usr/lib/python2.7/site-packages/neutron/plugins/ml2/plugin.py:1488
2018-07-03 15:32:02.951 3816 DEBUG neutron_lib.callbacks.manager [req-14a9c6fe-89a8-4633-9938-bf194803e809 5feafc9ff48747df82912c2055bf7429 f4a570c942f04ee3b556f3e6756b5a50 - default default] Notify callbacks ['neutron.db.l3_db._prevent_l3_port_delete_callback-8743836617958'] for port, before_delete _notify_loop /usr/lib/python2.7/site-packages/neutron_lib/callbacks/manager.py:167
