2018-09-29 06:41:52.807 15567 DEBUG neutron.api.rpc.callbacks.version_manager [req-eefca476-fdab-471b-bd53-a80e8cf5edf4 aade3447accb4ba6835bc5ec3454f5a6 892b3d52c94348d8a7355f6390963dca - - -] Version for resource type Subnet changed None to 1.0 on consumer Open vSwitch agent@localhost.localdomain _set_version /usr/lib/python2.7/site-packages/neutron/api/rpc/callbacks/version_manager.py:119
2018-09-29 06:41:52.807 15567 DEBUG neutron.api.rpc.callbacks.version_manager [req-eefca476-fdab-471b-bd53-a80e8cf5edf4 aade3447accb4ba6835bc5ec3454f5a6 892b3d52c94348d8a7355f6390963dca - - -] Version for resource type Network changed None to 1.0 on consumer Open vSwitch agent@localhost.localdomain _set_version /usr/lib/python2.7/site-packages/neutron/api/rpc/callbacks/version_manager.py:119
2018-09-29 06:41:52.808 15567 DEBUG neutron.api.rpc.callbacks.version_manager [req-eefca476-fdab-471b-bd53-a80e8cf5edf4 aade3447accb4ba6835bc5ec3454f5a6 892b3d52c94348d8a7355f6390963dca - - -] Version for resource type SubPort changed None to 1.0 on consumer Open vSwitch agent@localhost.localdomain _set_version /usr/lib/python2.7/site-packages/neutron/api/rpc/callbacks/version_manager.py:119
2018-09-29 06:41:52.808 15567 DEBUG neutron.api.rpc.callbacks.version_manager [req-eefca476-fdab-471b-bd53-a80e8cf5edf4 aade3447accb4ba6835bc5ec3454f5a6 892b3d52c94348d8a7355f6390963dca - - -] Version for resource type SecurityGroup changed None to 1.0 on consumer Open vSwitch agent@localhost.localdomain _set_version /usr/lib/python2.7/site-packages/neutron/api/rpc/callbacks/version_manager.py:119
2018-09-29 06:41:52.809 15567 DEBUG neutron.api.rpc.callbacks.version_manager [req-eefca476-fdab-471b-bd53-a80e8cf5edf4 aade3447accb4ba6835bc5ec3454f5a6 892b3d52c94348d8a7355f6390963dca - - -] Version for resource type SecurityGroupRule changed None to 1.0 on consumer Open vSwitch agent@localhost.localdomain _set_version /usr/lib/python2.7/site-packages/neutron/api/rpc/callbacks/version_manager.py:119
2018-09-29 06:41:52.809 15567 DEBUG neutron.api.rpc.callbacks.version_manager [req-eefca476-fdab-471b-bd53-a80e8cf5edf4 aade3447accb4ba6835bc5ec3454f5a6 892b3d52c94348d8a7355f6390963dca - - -] Version for resource type Trunk changed None to 1.1 on consumer Open vSwitch agent@localhost.localdomain _set_version /usr/lib/python2.7/site-packages/neutron/api/rpc/callbacks/version_manager.py:119
2018-09-29 06:41:52.810 15567 DEBUG neutron.api.rpc.callbacks.version_manager [req-eefca476-fdab-471b-bd53-a80e8cf5edf4 aade3447accb4ba6835bc5ec3454f5a6 892b3d52c94348d8a7355f6390963dca - - -] Version for resource type QosPolicy changed None to 1.6 on consumer Open vSwitch agent@localhost.localdomain _set_version /usr/lib/python2.7/site-packages/neutron/api/rpc/callbacks/version_manager.py:119
2018-09-29 06:41:52.810 15567 DEBUG neutron.api.rpc.callbacks.version_manager [req-eefca476-fdab-471b-bd53-a80e8cf5edf4 aade3447accb4ba6835bc5ec3454f5a6 892b3d52c94348d8a7355f6390963dca - - -] Version for resource type Port changed None to 1.1 on consumer Open vSwitch agent@localhost.localdomain _set_version /usr/lib/python2.7/site-packages/neutron/api/rpc/callbacks/version_manager.py:119
2018-09-29 06:41:52.810 15567 DEBUG neutron.api.rpc.callbacks.version_manager [req-eefca476-fdab-471b-bd53-a80e8cf5edf4 aade3447accb4ba6835bc5ec3454f5a6 892b3d52c94348d8a7355f6390963dca - - -] Version for resource type Log changed None to 1.0 on consumer Open vSwitch agent@localhost.localdomain _set_version /usr/lib/python2.7/site-packages/neutron/api/rpc/callbacks/version_manager.py:119
2018-09-29 06:41:52.832 15567 DEBUG oslo_concurrency.lockutils [req-eefca476-fdab-471b-bd53-a80e8cf5edf4 aade3447accb4ba6835bc5ec3454f5a6 892b3d52c94348d8a7355f6390963dca - - -] Lock "event-dispatch" released by "neutron.plugins.ml2.ovo_rpc.dispatch_events" :: held 0.178s inner /usr/lib/python2.7/site-packages/oslo_concurrency/lockutils.py:282
2018-09-29 06:41:52.840 15567 DEBUG neutron_lib.callbacks.manager [req-eefca476-fdab-471b-bd53-a80e8cf5edf4 aade3447accb4ba6835bc5ec3454f5a6 892b3d52c94348d8a7355f6390963dca - default default] Notify callbacks ['neutron.plugins.ml2.plugin.Ml2Plugin._ensure_default_security_group_handler-475199'] for port, before_update _notify_loop /usr/lib/python2.7/site-packages/neutron_lib/callbacks/manager.py:167
2018-09-29 06:41:53.234 15567 DEBUG neutron_lib.callbacks.manager [req-eefca476-fdab-471b-bd53-a80e8cf5edf4 aade3447accb4ba6835bc5ec3454f5a6 892b3d52c94348d8a7355f6390963dca - default default] Notify callbacks [] for port, precommit_update _notify_loop /usr/lib/python2.7/site-packages/neutron_lib/callbacks/manager.py:167
2018-09-29 06:41:53.244 15567 DEBUG neutron_lib.callbacks.manager [req-eefca476-fdab-471b-bd53-a80e8cf5edf4 aade3447accb4ba6835bc5ec3454f5a6 892b3d52c94348d8a7355f6390963dca - default default] Notify callbacks ['neutron.api.rpc.agentnotifiers.dhcp_rpc_agent_api.DhcpAgentNotifyAPI._native_event_send_dhcp_notification-7775658', 'neutron.db.l3_dvrscheduler_db._notify_l3_agent_port_update--9223363305182121762', 'neutron.db.l3_hascheduler_db._notify_l3_agent_ha_port_update-8731672654898', 'neutron.plugins.ml2.plugin.Ml2Plugin.notify_sg_on_port_change-482456', 'neutron.plugins.ml2.ovo_rpc._ObjectChangeHandler.handle_event--9223372036846947678'] for port, after_update _notify_loop /usr/lib/python2.7/site-packages/neutron_lib/callbacks/manager.py:167
2018-09-29 06:41:53.428 15567 DEBUG neutron_lib.callbacks.manager [req-eefca476-fdab-471b-bd53-a80e8cf5edf4 aade3447accb4ba6835bc5ec3454f5a6 892b3d52c94348d8a7355f6390963dca - default default] Notify callbacks ['neutron.services.l3_router.l3_router_plugin.L3RouterPlugin._create_dvr_floating_gw_port--9223372036854292268'] for floatingip, after_update _notify_loop /usr/lib/python2.7/site-packages/neutron_lib/callbacks/manager.py:167
2018-09-29 06:41:53.433 15567 DEBUG oslo_concurrency.lockutils [-] Lock "event-dispatch" acquired by "neutron.plugins.ml2.ovo_rpc.dispatch_events" :: waited 0.000s inner /usr/lib/python2.7/site-packages/oslo_concurrency/lockutils.py:270
2018-09-29 06:41:53.506 15567 DEBUG neutron.quota.resource [req-eefca476-fdab-471b-bd53-a80e8cf5edf4 aade3447accb4ba6835bc5ec3454f5a6 892b3d52c94348d8a7355f6390963dca - default default] Persisted dirty status for tenant:328d9c20237344e78c88b9d2d8788127 on resource:floatingip mark_dirty /usr/lib/python2.7/site-packages/neutron/quota/resource.py:207
2018-09-29 06:41:53.513 15567 DEBUG neutron.quota.resource [req-eefca476-fdab-471b-bd53-a80e8cf5edf4 aade3447accb4ba6835bc5ec3454f5a6 892b3d52c94348d8a7355f6390963dca - default default] Persisted dirty status for tenant: on resource:port mark_dirty /usr/lib/python2.7/site-packages/neutron/quota/resource.py:207
2018-09-29 06:41:53.529 15567 DEBUG neutron.api.rpc.handlers.resources_rpc [req-eefca476-fdab-471b-bd53-a80e8cf5edf4 aade3447accb4ba6835bc5ec3454f5a6 892b3d52c94348d8a7355f6390963dca - - -] neutron.api.rpc.handlers.resources_rpc.ResourcesPushRpcApi method push called with arguments (<neutron_lib.context.Context object at 0x7f1003332bd0>, [Port(admin_state_up=True,allowed_address_pairs=[],binding=PortBinding,binding_levels=[],created_at=2018-09-29T10:41:51Z,data_plane_status=<?>,description='',device_id='f7ab244b-d8bf-4eae-8e87-d718ce0f7915',device_owner='network:floatingip',dhcp_options=[],distributed_binding=None,dns=None,fixed_ips=[IPAllocation],id=ac95b0a7-859c-4771-a38e-e3c6c5e4ca5f,mac_address=fa:16:3e:21:43:12,name='',network_id=9619842c-a15f-4600-bdce-bfe274d454b0,project_id='',qos_policy_id=None,revision_number=4,security=PortSecurity(ac95b0a7-859c-4771-a38e-e3c6c5e4ca5f),security_group_ids=set([]),status='N/A',updated_at=2018-09-29T10:41:53Z)], 'updated') {} wrapper /usr/lib/python2.7/site-packages/oslo_log/helpers.py:66
2018-09-29 06:41:53.535 15567 DEBUG neutron_lib.callbacks.manager [req-eefca476-fdab-471b-bd53-a80e8cf5edf4 aade3447accb4ba6835bc5ec3454f5a6 892b3d52c94348d8a7355f6390963dca - default default] Notify callbacks ['neutron.notifiers.nova.Notifier._send_nova_notification--9223372036854774500'] for floatingip, before_response _notify_loop /usr/lib/python2.7/site-packages/neutron_lib/callbacks/manager.py:167
2018-09-29 06:41:53.536 15567 INFO neutron.wsgi [req-eefca476-fdab-471b-bd53-a80e8cf5edf4 aade3447accb4ba6835bc5ec3454f5a6 892b3d52c94348d8a7355f6390963dca - default default] 10.0.20.22 "POST /v2.0/floatingips HTTP/1.1" status: 201  len: 674 time: 2.5282359
2018-09-29 06:41:53.542 15567 DEBUG oslo_concurrency.lockutils [req-eefca476-fdab-471b-bd53-a80e8cf5edf4 aade3447accb4ba6835bc5ec3454f5a6 892b3d52c94348d8a7355f6390963dca - - -] Lock "event-dispatch" released by "neutron.plugins.ml2.ovo_rpc.dispatch_events" :: held 0.109s inner /usr/lib/python2.7/site-packages/oslo_concurrency/lockutils.py:282
2018-09-29 06:42:01.408 15570 INFO neutron.wsgi [req-3aa96bb2-60e4-4671-a357-ba0946375d50 d1138ec1c77349f9b95c6580aab47cb8 007b5c587a144e49a50c9008f27cd2bd - default default] 10.0.20.22 "GET /v2.0/ports?device_id=214ec30e-35fc-40a4-adc9-90f8a3ad9149 HTTP/1.1" status: 200  len: 1125 time: 0.7092099
2018-09-29 06:42:01.567 15570 INFO neutron.wsgi [req-694ed8d3-ce9d-4902-ad8e-67add102f1eb d1138ec1c77349f9b95c6580aab47cb8 007b5c587a144e49a50c9008f27cd2bd - default default] 10.0.20.22 "GET /v2.0/security-groups?id=84ff076c-4c46-49b3-9e1a-e527f0f6473f HTTP/1.1" status: 200  len: 2118 time: 0.1550059
2018-09-29 06:42:03.613 15570 INFO neutron.wsgi [req-cc93534d-81af-4c5e-b458-16eb714243cc d1138ec1c77349f9b95c6580aab47cb8 007b5c587a144e49a50c9008f27cd2bd - default default] 10.0.20.22 "GET /v2.0/ports?device_id=214ec30e-35fc-40a4-adc9-90f8a3ad9149 HTTP/1.1" status: 200  len: 1125 time: 0.9430850
2018-09-29 06:42:03.747 15570 INFO neutron.wsgi [req-6b283a0f-9379-4a7e-b2e9-37c172a5a251 d1138ec1c77349f9b95c6580aab47cb8 007b5c587a144e49a50c9008f27cd2bd - default default] 10.0.20.22 "GET /v2.0/security-groups?id=84ff076c-4c46-49b3-9e1a-e527f0f6473f HTTP/1.1" status: 200  len: 2118 time: 0.1184130
2018-09-29 06:42:03.896 15584 DEBUG neutron.db.agents_db [req-d2ab1dec-d2c4-43de-ae5f-a7c990c92358 - - - - -] Agent healthcheck: found 5 active agents agent_health_check /usr/lib/python2.7/site-packages/neutron/db/agents_db.py:281
2018-09-29 06:42:05.058 15571 INFO neutron.wsgi [req-4c0b7885-1341-49ef-b7da-d1e6752bf1e2 74f0418e69fb411d8aa113bda350e1a2 328d9c20237344e78c88b9d2d8788127 - 36635ce1b99d435dad7beacccde982bb 36635ce1b99d435dad7beacccde982bb] 10.0.20.22 "GET /v2.0/ports?device_id=214ec30e-35fc-40a4-adc9-90f8a3ad9149 HTTP/1.1" status: 200  len: 1125 time: 0.6329479
2018-09-29 06:42:05.186 15571 INFO neutron.wsgi [req-9e830480-a9d4-4c4b-a835-1be79cda1b57 74f0418e69fb411d8aa113bda350e1a2 328d9c20237344e78c88b9d2d8788127 - 36635ce1b99d435dad7beacccde982bb 36635ce1b99d435dad7beacccde982bb] 10.0.20.22 "GET /v2.0/security-groups?id=84ff076c-4c46-49b3-9e1a-e527f0f6473f HTTP/1.1" status: 200  len: 2118 time: 0.1224039
2018-09-29 06:42:05.508 15571 INFO neutron.wsgi [req-5b2dcaca-c44f-4ead-8de0-83acb681b38c 74f0418e69fb411d8aa113bda350e1a2 328d9c20237344e78c88b9d2d8788127 - 36635ce1b99d435dad7beacccde982bb 36635ce1b99d435dad7beacccde982bb] 10.0.20.22 "GET /v2.0/ports?device_owner=compute%3Anova&device_id=214ec30e-35fc-40a4-adc9-90f8a3ad9149 HTTP/1.1" status: 200  len: 1125 time: 0.1557260
2018-09-29 06:42:05.561 15571 INFO neutron.wsgi [req-aa4b98e8-4e7a-405a-9d6b-75834e81574b 74f0418e69fb411d8aa113bda350e1a2 328d9c20237344e78c88b9d2d8788127 - 36635ce1b99d435dad7beacccde982bb 36635ce1b99d435dad7beacccde982bb] 10.0.20.22 "GET /v2.0/floatingips?floating_ip_address=172.24.4.9 HTTP/1.1" status: 200  len: 672 time: 0.0468311
2018-09-29 06:42:05.584 15571 DEBUG neutron.api.v2.base [req-24b17488-2789-4ed9-8803-1493b5bc2463 74f0418e69fb411d8aa113bda350e1a2 328d9c20237344e78c88b9d2d8788127 - 36635ce1b99d435dad7beacccde982bb 36635ce1b99d435dad7beacccde982bb] Request body: {u'floatingip': {u'fixed_ip_address': u'11.109.1.10', u'port_id': u'be16d1d3-6fd7-47aa-bc0f-f4a61811852e'}} prepare_request_body /usr/lib/python2.7/site-packages/neutron/api/v2/base.py:695
2018-09-29 06:42:05.586 15570 INFO neutron.wsgi [req-4467a918-ef05-43ea-bdcc-853b3cc1fc95 d1138ec1c77349f9b95c6580aab47cb8 007b5c587a144e49a50c9008f27cd2bd - default default] 10.0.20.22 "GET /v2.0/ports?device_id=214ec30e-35fc-40a4-adc9-90f8a3ad9149 HTTP/1.1" status: 200  len: 1125 time: 0.4343741
2018-09-29 06:42:05.720 15570 INFO neutron.wsgi [req-0c14a20f-6a0e-40a9-bd13-189b9821ee1a d1138ec1c77349f9b95c6580aab47cb8 007b5c587a144e49a50c9008f27cd2bd - default default] 10.0.20.22 "GET /v2.0/security-groups?id=84ff076c-4c46-49b3-9e1a-e527f0f6473f HTTP/1.1" status: 200  len: 2118 time: 0.1255989
2018-09-29 06:42:05.968 15571 DEBUG neutron_lib.callbacks.manager [req-24b17488-2789-4ed9-8803-1493b5bc2463 74f0418e69fb411d8aa113bda350e1a2 328d9c20237344e78c88b9d2d8788127 - 36635ce1b99d435dad7beacccde982bb 36635ce1b99d435dad7beacccde982bb] Notify callbacks ['neutron.services.l3_router.l3_router_plugin.L3RouterPlugin._create_dvr_floating_gw_port--9223372036854292268'] for floatingip, after_update _notify_loop /usr/lib/python2.7/site-packages/neutron_lib/callbacks/manager.py:167
2018-09-29 06:42:06.761 15571 DEBUG neutron.scheduler.l3_agent_scheduler [req-24b17488-2789-4ed9-8803-1493b5bc2463 74f0418e69fb411d8aa113bda350e1a2 328d9c20237344e78c88b9d2d8788127 - 36635ce1b99d435dad7beacccde982bb 36635ce1b99d435dad7beacccde982bb] Router b9f61d0f-da6b-4e75-b40b-06699b83d7cf has already been hosted by L3 agent bbe33573-c700-4200-b44f-d2ad03ddf329 _get_candidates /usr/lib/python2.7/site-packages/neutron/scheduler/l3_agent_scheduler.py:141
2018-09-29 06:42:06.807 15570 INFO neutron.wsgi [req-cb58ddaa-8750-420b-960e-e015fa06b615 d1138ec1c77349f9b95c6580aab47cb8 007b5c587a144e49a50c9008f27cd2bd - default default] 10.0.20.22 "GET /v2.0/ports?device_id=214ec30e-35fc-40a4-adc9-90f8a3ad9149 HTTP/1.1" status: 200  len: 1125 time: 0.6089189
2018-09-29 06:42:06.913 15570 INFO neutron.wsgi [req-f3bc1b8a-728f-4202-aa28-8e84c3d73843 d1138ec1c77349f9b95c6580aab47cb8 007b5c587a144e49a50c9008f27cd2bd - default default] 10.0.20.22 "GET /v2.0/security-groups?id=84ff076c-4c46-49b3-9e1a-e527f0f6473f HTTP/1.1" status: 200  len: 2118 time: 0.1011431
2018-09-29 06:42:06.917 15571 DEBUG neutron.api.rpc.agentnotifiers.l3_rpc_agent_api [req-24b17488-2789-4ed9-8803-1493b5bc2463 74f0418e69fb411d8aa113bda350e1a2 328d9c20237344e78c88b9d2d8788127 - 36635ce1b99d435dad7beacccde982bb 36635ce1b99d435dad7beacccde982bb] Notify agent at l3_agent.localhost.localdomain the message routers_updated _agent_notification /usr/lib/python2.7/site-packages/neutron/api/rpc/agentnotifiers/l3_rpc_agent_api.py:69
2018-09-29 06:42:06.939 15571 DEBUG neutron_lib.callbacks.manager [req-24b17488-2789-4ed9-8803-1493b5bc2463 74f0418e69fb411d8aa113bda350e1a2 328d9c20237344e78c88b9d2d8788127 - 36635ce1b99d435dad7beacccde982bb 36635ce1b99d435dad7beacccde982bb] Notify callbacks ['neutron.notifiers.nova.Notifier._send_nova_notification--9223372036854774500'] for floatingip, before_response _notify_loop /usr/lib/python2.7/site-packages/neutron_lib/callbacks/manager.py:167
2018-09-29 06:42:06.963 15579 DEBUG neutron.db.l3_hamode_db [req-abb81362-8036-485d-92b1-aa30c9089d48 - - - - -] neutron.services.l3_router.l3_router_plugin.L3RouterPlugin method get_ha_sync_data_for_host called with arguments (<neutron_lib.context.Context object at 0x7f1002f33490>, u'localhost.localdomain', <neutron.db.models.agent.Agent[object at 7f100350b290] {id=u'bbe33573-c700-4200-b44f-d2ad03ddf329', agent_type=u'L3 agent', binary=u'neutron-l3-agent', topic=u'l3_agent', host=u'localhost.localdomain', availability_zone=u'nova', admin_state_up=True, created_at=datetime.datetime(2018, 9, 12, 22, 23, 13), started_at=datetime.datetime(2018, 9, 29, 10, 22, 44), heartbeat_timestamp=datetime.datetime(2018, 9, 29, 10, 41, 44), description=None, configurations=u'{"agent_mode": "legacy", "gateway_external_network_id": "", "handle_internal_only_routers": true, "routers": 2, "interfaces": 2, "floating_ips": 0, "interface_driver": "neutron.agent.linux.interface.OVSInterfaceDriver", "log_agent_heartbeats": false, "external_network_bridge": "", "ex_gw_ports": 2}', resource_versions=None, load=0}>) {'active': True, 'router_ids': ['b9f61d0f-da6b-4e75-b40b-06699b83d7cf']} wrapper /usr/lib/python2.7/site-packages/oslo_log/helpers.py:66
2018-09-29 06:42:06.987 15576 DEBUG neutron_lib.callbacks.manager [req-9b1cb266-3b5a-4d0f-9810-6511a7a29758 - - - - -] Notify callbacks ['neutron.services.segments.db._update_segment_host_mapping_for_agent-8731673015466'] for agent, after_update _notify_loop /usr/lib/python2.7/site-packages/neutron_lib/callbacks/manager.py:167
2018-09-29 06:42:07.010 15571 INFO neutron.wsgi [req-24b17488-2789-4ed9-8803-1493b5bc2463 74f0418e69fb411d8aa113bda350e1a2 328d9c20237344e78c88b9d2d8788127 - 36635ce1b99d435dad7beacccde982bb 36635ce1b99d435dad7beacccde982bb] 10.0.20.22 "PUT /v2.0/floatingips/f7ab244b-d8bf-4eae-8e87-d718ce0f7915 HTTP/1.1" status: 200  len: 746 time: 1.4414291
2018-09-29 06:42:07.011 15571 DEBUG oslo_concurrency.lockutils [-] Lock "notifier-2001b8ea-10c1-47d9-9738-8e9c6814ed34" acquired by "neutron.notifiers.batch_notifier.synced_send" :: waited 0.000s inner /usr/lib/python2.7/site-packages/oslo_concurrency/lockutils.py:270
2018-09-29 06:42:07.012 15571 DEBUG neutron.notifiers.nova [-] Sending events: [{'tag': u'be16d1d3-6fd7-47aa-bc0f-f4a61811852e', 'name': 'network-changed', 'server_uuid': u'214ec30e-35fc-40a4-adc9-90f8a3ad9149'}] send_events /usr/lib/python2.7/site-packages/neutron/notifiers/nova.py:242
2018-09-29 06:42:07.842 15579 DEBUG neutron.db.l3_hamode_db [req-abb81362-8036-485d-92b1-aa30c9089d48 - - - - -] neutron.services.l3_router.l3_router_plugin.L3RouterPlugin method _process_sync_ha_data called with arguments (<neutron_lib.context.Context object at 0x7f1002f33490>, [{'status': u'ACTIVE', '_interfaces': [{'status': u'ACTIVE', 'subnets': [{'dns_nameservers': [u'8.8.4.4'], 'ipv6_ra_mode': None, 'gateway_ip': u'11.109.1.1', 'cidr': u'11.109.1.0/24', 'id': u'a45419ca-93b1-4a6a-a2fd-88ad1406a9f4', 'subnetpool_id': None}], 'binding:host_id': u'localhost.localdomain', 'description': u'', 'allowed_address_pairs': [], 'tags': [], 'extra_dhcp_opts': [], 'updated_at': '2018-09-29T10:41:04Z', 'device_owner': u'network:router_interface', 'revision_number': 7, 'port_security_enabled': False, 'binding:profile': {}, 'mtu': 1450, 'fixed_ips': [{'subnet_id': u'a45419ca-93b1-4a6a-a2fd-88ad1406a9f4', 'prefixlen': 24, 'ip_address': u'11.109.1.1'}], 'id': u'6d748ec0-558d-48c6-bf32-a781e7ce3089', 'security_groups': [], 'device_id': u'b9f61d0f-da6b-4e75-b40b-06699b83d7cf', 'name': u'', 'admin_state_up': True, 'network_id': u'd4b862f6-a7b2-409f-a89b-f1a98017adf4', 'tenant_id': u'328d9c20237344e78c88b9d2d8788127', 'binding:vif_details': {u'port_filter': True, u'datapath_type': u'system', u'ovs_hybrid_plug': True}, 'address_scopes': {4: None, 6: None}, 'binding:vnic_type': u'normal', 'binding:vif_type': u'ovs', 'mac_address': u'fa:16:3e:0f:d4:2e', 'project_id': u'328d9c20237344e78c88b9d2d8788127', 'extra_subnets': [], 'created_at': '2018-09-29T10:40:57Z'}], 'enable_snat': True, 'ha_vr_id': 0, 'description': u'', 'tags': [], 'gw_port': {'status': u'ACTIVE', 'subnets': [{'dns_nameservers': [], 'ipv6_ra_mode': None, 'gateway_ip': u'172.24.4.1', 'cidr': u'172.24.4.0/24', 'id': u'6852f693-9617-43cb-89eb-377974cd9510', 'subnetpool_id': None}], 'binding:host_id': u'localhost.localdomain', 'description': u'', 'allowed_address_pairs': [], 'tags': [], 'extra_dhcp_opts': [], 'updated_at': '2018-09-29T10:41:14Z', 'device_owner': u'network:router_gateway', 'revision_number': 6, 'port_security_enabled': False, 'binding:profile': {}, 'mtu': 1500, 'fixed_ips': [{'subnet_id': u'6852f693-9617-43cb-89eb-377974cd9510', 'prefixlen': 24, 'ip_address': u'172.24.4.2'}], 'id': u'c2b040fa-6018-445e-acf3-28ff2bb9a61e', 'security_groups': [], 'device_id': u'b9f61d0f-da6b-4e75-b40b-06699b83d7cf', 'name': u'', 'admin_state_up': True, 'network_id': u'9619842c-a15f-4600-bdce-bfe274d454b0', 'tenant_id': u'', 'binding:vif_details': {u'port_filter': True, u'datapath_type': u'system', u'ovs_hybrid_plug': True}, 'address_scopes': {4: None, 6: None}, 'binding:vnic_type': u'normal', 'binding:vif_type': u'ovs', 'mac_address': u'fa:16:3e:6c:8e:53', 'project_id': u'', 'extra_subnets': [], 'created_at': '2018-09-29T10:41:10Z'}, 'updated_at': '2018-09-29T10:41:11Z', 'revision_number': 4, 'ha': False, 'id': u'b9f61d0f-da6b-4e75-b40b-06699b83d7cf', 'gw_port_host': u'localhost.localdomain', 'external_gateway_info': {'network_id': u'9619842c-a15f-4600-bdce-bfe274d454b0', 'enable_snat': True, 'external_fixed_ips': [{'subnet_id': u'6852f693-9617-43cb-89eb-377974cd9510', 'ip_address': u'172.24.4.2'}]}, 'availability_zone_hints': [], 'availability_zones': [u'nova'], 'name': u'tempest-router-1538217505', 'gw_port_id': u'c2b040fa-6018-445e-acf3-28ff2bb9a61e', 'admin_state_up': True, 'tenant_id': u'328d9c20237344e78c88b9d2d8788127', 'created_at': '2018-09-29T10:40:41Z', 'distributed': False, 'flavor_id': None, 'routes': [], 'project_id': u'328d9c20237344e78c88b9d2d8788127', '_floatingips': [{'router_id': u'b9f61d0f-da6b-4e75-b40b-06699b83d7cf', 'status': u'DOWN', 'description': u'', 'tags': [], 'updated_at': '2018-09-29T10:42:05Z', 'dns_domain': '', 'floating_network_id': u'9619842c-a15f-4600-bdce-bfe274d454b0', 'fixed_ip_address': u'11.109.1.10', 'floating_ip_address': u'172.24.4.9', 'revision_number': 1, 'port_id': u'be16d1d3-6fd7-47aa-bc0f-f4a61811852e', 'id': u'f7ab244b-d8bf-4eae-8e87-d718ce0f7915', 'dns_name': '', 'created_at': '2018-09-29T10:41:52Z', 'tenant_id': u'328d9c20237344e78c88b9d2d8788127', 'fixed_ip_address_scope': None, 'project_id': u'328d9c20237344e78c88b9d2d8788127'}]}], u'localhost.localdomain', False) {} wrapper /usr/lib/python2.7/site-packages/oslo_log/helpers.py:66
2018-09-29 06:42:07.852 15579 DEBUG neutron.api.rpc.handlers.l3_rpc [req-abb81362-8036-485d-92b1-aa30c9089d48 - - - - -] Checking router: b9f61d0f-da6b-4e75-b40b-06699b83d7cf for host: localhost.localdomain _ensure_host_set_on_ports /usr/lib/python2.7/site-packages/neutron/api/rpc/handlers/l3_rpc.py:135
2018-09-29 06:42:07.879 15571 DEBUG novaclient.v2.client [-] REQ: curl -g -i -X POST http://10.0.20.22:8774/v2.1/007b5c587a144e49a50c9008f27cd2bd/os-server-external-events -H "User-Agent: python-novaclient" -H "Content-Type: application/json" -H "Accept: application/json" -H "X-OpenStack-Nova-API-Version: 2.1" -H "X-Auth-Token: {SHA1}827d0dfe35e5cbed3293c0bd6fd201f9fc12f1e8" -d '{"events": [{"tag": "be16d1d3-6fd7-47aa-bc0f-f4a61811852e", "name": "network-changed", "server_uuid": "214ec30e-35fc-40a4-adc9-90f8a3ad9149"}]}' _http_log_request /usr/lib/python2.7/site-packages/keystoneauth1/session.py:375
2018-09-29 06:42:08.199 15576 DEBUG neutron.api.rpc.handlers.l3_rpc [req-97b16d79-7013-4b25-a391-e10eb1be61af - - - - -] New status for floating IP f7ab244b-d8bf-4eae-8e87-d718ce0f7915: ACTIVE update_floatingip_statuses /usr/lib/python2.7/site-packages/neutron/api/rpc/handlers/l3_rpc.py:252
2018-09-29 06:42:08.356 15571 INFO neutron.wsgi [req-2bf866e5-f63e-4d5c-8760-c1f89fbc3941 d1138ec1c77349f9b95c6580aab47cb8 007b5c587a144e49a50c9008f27cd2bd - default default] 10.0.20.22 "GET /v2.0/ports?tenant_id=328d9c20237344e78c88b9d2d8788127&device_id=214ec30e-35fc-40a4-adc9-90f8a3ad9149 HTTP/1.1" status: 200  len: 1125 time: 0.4465952
2018-09-29 06:42:08.497 15571 DEBUG novaclient.v2.client [-] RESP: [200] Content-Length: 179 Content-Type: application/json Openstack-Api-Version: compute 2.1 X-Openstack-Nova-Api-Version: 2.1 Vary: OpenStack-API-Version, X-OpenStack-Nova-API-Version X-Openstack-Request-Id: req-a791a31c-7205-41ae-97c9-90163d9a2048 X-Compute-Request-Id: req-a791a31c-7205-41ae-97c9-90163d9a2048 Date: Sat, 29 Sep 2018 10:42:08 GMT Connection: keep-alive 
RESP BODY: {"events": [{"status": "completed", "tag": "be16d1d3-6fd7-47aa-bc0f-f4a61811852e", "name": "network-changed", "server_uuid": "214ec30e-35fc-40a4-adc9-90f8a3ad9149", "code": 200}]}
 _http_log_response /usr/lib/python2.7/site-packages/keystoneauth1/session.py:423
2018-09-29 06:42:08.498 15571 DEBUG novaclient.v2.client [-] POST call to compute for http://10.0.20.22:8774/v2.1/007b5c587a144e49a50c9008f27cd2bd/os-server-external-events used request id req-a791a31c-7205-41ae-97c9-90163d9a2048 request /usr/lib/python2.7/site-packages/keystoneauth1/session.py:727
2018-09-29 06:42:08.511 15571 INFO neutron.notifiers.nova [-] Nova event response: {u'status': u'completed', u'tag': u'be16d1d3-6fd7-47aa-bc0f-f4a61811852e', u'name': u'network-changed', u'server_uuid': u'214ec30e-35fc-40a4-adc9-90f8a3ad9149', u'code': 200}
2018-09-29 06:42:08.635 15569 INFO neutron.wsgi [req-82618e37-012c-4312-8601-6828dec1c3dc d1138ec1c77349f9b95c6580aab47cb8 007b5c587a144e49a50c9008f27cd2bd - default default] 10.0.20.22 "GET /v2.0/ports?tenant_id=328d9c20237344e78c88b9d2d8788127&device_id=214ec30e-35fc-40a4-adc9-90f8a3ad9149 HTTP/1.1" status: 200  len: 1125 time: 0.1191330
2018-09-29 06:42:08.636 15571 DEBUG neutron.pecan_wsgi.hooks.policy_enforcement [req-e72f334b-2dad-4682-9245-08282a69bcda d1138ec1c77349f9b95c6580aab47cb8 007b5c587a144e49a50c9008f27cd2bd - default default] Attributes excluded by policy engine: [u'vlan_transparent'] _exclude_attributes_by_policy /usr/lib/python2.7/site-packages/neutron/pecan_wsgi/hooks/policy_enforcement.py:256
2018-09-29 06:42:08.638 15571 INFO neutron.wsgi [req-e72f334b-2dad-4682-9245-08282a69bcda d1138ec1c77349f9b95c6580aab47cb8 007b5c587a144e49a50c9008f27cd2bd - default default] 10.0.20.22 "GET /v2.0/networks?id=d4b862f6-a7b2-409f-a89b-f1a98017adf4 HTTP/1.1" status: 200  len: 885 time: 0.2752099
2018-09-29 06:42:08.677 15571 INFO neutron.wsgi [req-df845165-8b60-49a4-98a8-f6a5b80b324b d1138ec1c77349f9b95c6580aab47cb8 007b5c587a144e49a50c9008f27cd2bd - default default] 10.0.20.22 "GET /v2.0/floatingips?fixed_ip_address=11.109.1.10&port_id=be16d1d3-6fd7-47aa-bc0f-f4a61811852e HTTP/1.1" status: 200  len: 751 time: 0.0332930
2018-09-29 06:42:08.805 15571 DEBUG neutron.pecan_wsgi.hooks.policy_enforcement [req-ed792000-8935-484e-9749-0f9804e3ba0f d1138ec1c77349f9b95c6580aab47cb8 007b5c587a144e49a50c9008f27cd2bd - default default] Attributes excluded by policy engine: [u'shared'] _exclude_attributes_by_policy /usr/lib/python2.7/site-packages/neutron/pecan_wsgi/hooks/policy_enforcement.py:256
2018-09-29 06:42:08.807 15571 INFO neutron.wsgi [req-ed792000-8935-484e-9749-0f9804e3ba0f d1138ec1c77349f9b95c6580aab47cb8 007b5c587a144e49a50c9008f27cd2bd - default default] 10.0.20.22 "GET /v2.0/subnets?id=a45419ca-93b1-4a6a-a2fd-88ad1406a9f4 HTTP/1.1" status: 200  len: 847 time: 0.1227279
2018-09-29 06:42:08.835 15569 DEBUG neutron.pecan_wsgi.hooks.policy_enforcement [req-2e57ddcb-d747-4fd3-bb42-d7774e010d2b d1138ec1c77349f9b95c6580aab47cb8 007b5c587a144e49a50c9008f27cd2bd - default default] Attributes excluded by policy engine: [u'vlan_transparent'] _exclude_attributes_by_policy /usr/lib/python2.7/site-packages/neutron/pecan_wsgi/hooks/policy_enforcement.py:256
2018-09-29 06:42:08.840 15569 INFO neutron.wsgi [req-2e57ddcb-d747-4fd3-bb42-d7774e010d2b d1138ec1c77349f9b95c6580aab47cb8 007b5c587a144e49a50c9008f27cd2bd - default default] 10.0.20.22 "GET /v2.0/networks?id=d4b862f6-a7b2-409f-a89b-f1a98017adf4 HTTP/1.1" status: 200  len: 885 time: 0.1986191
2018-09-29 06:42:08.892 15569 INFO neutron.wsgi [req-16882ee2-dedf-46ec-a92d-970a2b086e6a d1138ec1c77349f9b95c6580aab47cb8 007b5c587a144e49a50c9008f27cd2bd - default default] 10.0.20.22 "GET /v2.0/floatingips?fixed_ip_address=11.109.1.10&port_id=be16d1d3-6fd7-47aa-bc0f-f4a61811852e HTTP/1.1" status: 200  len: 751 time: 0.0447140
2018-09-29 06:42:08.929 15571 INFO neutron.wsgi [req-433b4686-c1ab-4d06-8574-65bb9ae34c96 d1138ec1c77349f9b95c6580aab47cb8 007b5c587a144e49a50c9008f27cd2bd - default default] 10.0.20.22 "GET /v2.0/ports?network_id=d4b862f6-a7b2-409f-a89b-f1a98017adf4&device_owner=network%3Adhcp HTTP/1.1" status: 200  len: 1128 time: 0.1151202
2018-09-29 06:42:09.052 15569 DEBUG neutron.pecan_wsgi.hooks.policy_enforcement [req-9603b349-cd8e-49d8-bfd8-1421d1d86e1f d1138ec1c77349f9b95c6580aab47cb8 007b5c587a144e49a50c9008f27cd2bd - default default] Attributes excluded by policy engine: [u'shared'] _exclude_attributes_by_policy /usr/lib/python2.7/site-packages/neutron/pecan_wsgi/hooks/policy_enforcement.py:256
2018-09-29 06:42:09.056 15569 INFO neutron.wsgi [req-9603b349-cd8e-49d8-bfd8-1421d1d86e1f d1138ec1c77349f9b95c6580aab47cb8 007b5c587a144e49a50c9008f27cd2bd - default default] 10.0.20.22 "GET /v2.0/subnets?id=a45419ca-93b1-4a6a-a2fd-88ad1406a9f4 HTTP/1.1" status: 200  len: 847 time: 0.1554220
2018-09-29 06:42:09.211 15569 INFO neutron.wsgi [req-4b5a9e30-9ec9-432b-a8ba-af44a7838a48 d1138ec1c77349f9b95c6580aab47cb8 007b5c587a144e49a50c9008f27cd2bd - default default] 10.0.20.22 "GET /v2.0/ports?network_id=d4b862f6-a7b2-409f-a89b-f1a98017adf4&device_owner=network%3Adhcp HTTP/1.1" status: 200  len: 1128 time: 0.1467769
2018-09-29 06:42:10.513 15571 DEBUG oslo_concurrency.lockutils [-] Lock "notifier-2001b8ea-10c1-47d9-9738-8e9c6814ed34" released by "neutron.notifiers.batch_notifier.synced_send" :: held 3.502s inner /usr/lib/python2.7/site-packages/oslo_concurrency/lockutils.py:282
2018-09-29 06:42:13.189 15579 DEBUG neutron_lib.callbacks.manager [req-ee1ec24d-539c-40dc-ac0d-6c2fff59c989 - - - - -] Notify callbacks ['neutron.services.segments.db._update_segment_host_mapping_for_agent-8731673015466'] for agent, after_update _notify_loop /usr/lib/python2.7/site-packages/neutron_lib/callbacks/manager.py:167
2018-09-29 06:42:13.258 15580 DEBUG neutron_lib.callbacks.manager [req-cfcc7a74-7907-45f8-9294-467c00d700b9 - - - - -] Notify callbacks ['neutron.services.segments.db._update_segment_host_mapping_for_agent-8731673015466'] for agent, after_update _notify_loop /usr/lib/python2.7/site-packages/neutron_lib/callbacks/manager.py:167
2018-09-29 06:42:13.374 15582 DEBUG neutron_lib.callbacks.manager [req-20eceeaa-f97c-4f68-af48-c636f0828c1e - - - - -] Notify callbacks ['neutron.services.segments.db._update_segment_host_mapping_for_agent-8731673015466'] for agent, after_update _notify_loop /usr/lib/python2.7/site-packages/neutron_lib/callbacks/manager.py:167
2018-09-29 06:42:14.241 15581 DEBUG neutron_lib.callbacks.manager [req-45329075-e2c0-4d13-84d0-5f9089b8125a - - - - -] Notify callbacks ['neutron.services.segments.db._update_segment_host_mapping_for_agent-8731673015466'] for agent, after_update _notify_loop /usr/lib/python2.7/site-packages/neutron_lib/callbacks/manager.py:167
2018-09-29 06:42:18.713 15572 INFO neutron.wsgi [req-f09c52f2-fd61-4134-b562-70bad6818fcd 74f0418e69fb411d8aa113bda350e1a2 328d9c20237344e78c88b9d2d8788127 - 36635ce1b99d435dad7beacccde982bb 36635ce1b99d435dad7beacccde982bb] 10.0.20.22 "GET /v2.0/ports?device_id=214ec30e-35fc-40a4-adc9-90f8a3ad9149 HTTP/1.1" status: 200  len: 1125 time: 0.5110281
2018-09-29 06:42:18.822 15572 INFO neutron.wsgi [req-b1321fb2-5254-4077-b1aa-f4dea3c6256f 74f0418e69fb411d8aa113bda350e1a2 328d9c20237344e78c88b9d2d8788127 - 36635ce1b99d435dad7beacccde982bb 36635ce1b99d435dad7beacccde982bb] 10.0.20.22 "GET /v2.0/security-groups?id=84ff076c-4c46-49b3-9e1a-e527f0f6473f HTTP/1.1" status: 200  len: 2118 time: 0.1040571
2018-09-29 06:42:35.361 15570 INFO neutron.wsgi [req-a9013df5-1319-4b11-8e82-e9e98049e47f 74f0418e69fb411d8aa113bda350e1a2 328d9c20237344e78c88b9d2d8788127 - 36635ce1b99d435dad7beacccde982bb 36635ce1b99d435dad7beacccde982bb] 10.0.20.22 "GET /v2.0/ports?device_id=214ec30e-35fc-40a4-adc9-90f8a3ad9149 HTTP/1.1" status: 200  len: 1125 time: 0.7720749
2018-09-29 06:42:35.455 15570 INFO neutron.wsgi [req-f12e5f01-d743-4311-a91b-a23146fe8b18 74f0418e69fb411d8aa113bda350e1a2 328d9c20237344e78c88b9d2d8788127 - 36635ce1b99d435dad7beacccde982bb 36635ce1b99d435dad7beacccde982bb] 10.0.20.22 "GET /v2.0/security-groups?id=84ff076c-4c46-49b3-9e1a-e527f0f6473f HTTP/1.1" status: 200  len: 2118 time: 0.0876710
2018-09-29 06:42:37.209 15577 DEBUG neutron_lib.callbacks.manager [req-9b1cb266-3b5a-4d0f-9810-6511a7a29758 - - - - -] Notify callbacks ['neutron.services.segments.db._update_segment_host_mapping_for_agent-8731673015466'] for agent, after_update _notify_loop /usr/lib/python2.7/site-packages/neutron_lib/callbacks/manager.py:167
2018-09-29 06:42:40.892 15584 DEBUG neutron.db.agents_db [req-d2ab1dec-d2c4-43de-ae5f-a7c990c92358 - - - - -] Agent healthcheck: found 5 active agents agent_health_check /usr/lib/python2.7/site-packages/neutron/db/agents_db.py:281
2018-09-29 06:42:43.179 15583 DEBUG neutron_lib.callbacks.manager [req-26594ec9-3369-4827-a230-4da7aea38429 - - - - -] Notify callbacks ['neutron.services.segments.db._update_segment_host_mapping_for_agent-8731673015466'] for agent, after_update _notify_loop /usr/lib/python2.7/site-packages/neutron_lib/callbacks/manager.py:167
2018-09-29 06:42:43.245 15575 DEBUG neutron_lib.callbacks.manager [req-cfcc7a74-7907-45f8-9294-467c00d700b9 - - - - -] Notify callbacks ['neutron.services.segments.db._update_segment_host_mapping_for_agent-8731673015466'] for agent, after_update _notify_loop /usr/lib/python2.7/site-packages/neutron_lib/callbacks/manager.py:167
2018-09-29 06:42:43.378 15578 DEBUG neutron_lib.callbacks.manager [req-20eceeaa-f97c-4f68-af48-c636f0828c1e - - - - -] Notify callbacks ['neutron.services.segments.db._update_segment_host_mapping_for_agent-8731673015466'] for agent, after_update _notify_loop /usr/lib/python2.7/site-packages/neutron_lib/callbacks/manager.py:167
2018-09-29 06:42:44.260 15576 DEBUG neutron_lib.callbacks.manager [req-5c24561a-3ceb-45d9-91da-f7b14d088631 - - - - -] Notify callbacks ['neutron.services.segments.db._update_segment_host_mapping_for_agent-8731673015466'] for agent, after_update _notify_loop /usr/lib/python2.7/site-packages/neutron_lib/callbacks/manager.py:167
2018-09-29 06:42:45.227 15570 INFO neutron.wsgi [req-dd72dc90-ad22-42af-b8f0-b98923eb57f9 74f0418e69fb411d8aa113bda350e1a2 328d9c20237344e78c88b9d2d8788127 - 36635ce1b99d435dad7beacccde982bb 36635ce1b99d435dad7beacccde982bb] 10.0.20.22 "GET /v2.0/ports?device_id=214ec30e-35fc-40a4-adc9-90f8a3ad9149 HTTP/1.1" status: 200  len: 1125 time: 0.5406382
2018-09-29 06:42:45.337 15570 INFO neutron.wsgi [req-f8bbb2c7-ef70-4bae-95cc-bfaf648f0ae3 74f0418e69fb411d8aa113bda350e1a2 328d9c20237344e78c88b9d2d8788127 - 36635ce1b99d435dad7beacccde982bb 36635ce1b99d435dad7beacccde982bb] 10.0.20.22 "GET /v2.0/security-groups?id=84ff076c-4c46-49b3-9e1a-e527f0f6473f HTTP/1.1" status: 200  len: 2118 time: 0.1026449
2018-09-29 06:42:51.735 15569 INFO neutron.wsgi [req-a7e89bf8-9acf-432e-a7af-582bfd6e3c73 d1138ec1c77349f9b95c6580aab47cb8 007b5c587a144e49a50c9008f27cd2bd - default default] 10.0.20.22 "GET /v2.0/ports?tenant_id=328d9c20237344e78c88b9d2d8788127&device_id=214ec30e-35fc-40a4-adc9-90f8a3ad9149 HTTP/1.1" status: 200  len: 1125 time: 0.0989692
2018-09-29 06:42:51.958 15569 DEBUG neutron.pecan_wsgi.hooks.policy_enforcement [req-ba35e9af-68d9-421a-98e0-6e421bedda02 d1138ec1c77349f9b95c6580aab47cb8 007b5c587a144e49a50c9008f27cd2bd - default default] Attributes excluded by policy engine: [u'vlan_transparent'] _exclude_attributes_by_policy /usr/lib/python2.7/site-packages/neutron/pecan_wsgi/hooks/policy_enforcement.py:256
2018-09-29 06:42:51.961 15569 INFO neutron.wsgi [req-ba35e9af-68d9-421a-98e0-6e421bedda02 d1138ec1c77349f9b95c6580aab47cb8 007b5c587a144e49a50c9008f27cd2bd - default default] 10.0.20.22 "GET /v2.0/networks?id=d4b862f6-a7b2-409f-a89b-f1a98017adf4 HTTP/1.1" status: 200  len: 885 time: 0.2201829
2018-09-29 06:42:52.004 15569 INFO neutron.wsgi [req-50cfb404-6e00-4604-9cb4-f1219d6ad9e0 d1138ec1c77349f9b95c6580aab47cb8 007b5c587a144e49a50c9008f27cd2bd - default default] 10.0.20.22 "GET /v2.0/floatingips?fixed_ip_address=11.109.1.10&port_id=be16d1d3-6fd7-47aa-bc0f-f4a61811852e HTTP/1.1" status: 200  len: 751 time: 0.0375731
2018-09-29 06:42:52.124 15569 DEBUG neutron.pecan_wsgi.hooks.policy_enforcement [req-534b2e08-2d5f-4152-8067-d46a45a3b940 d1138ec1c77349f9b95c6580aab47cb8 007b5c587a144e49a50c9008f27cd2bd - default default] Attributes excluded by policy engine: [u'shared'] _exclude_attributes_by_policy /usr/lib/python2.7/site-packages/neutron/pecan_wsgi/hooks/policy_enforcement.py:256
2018-09-29 06:42:52.132 15569 INFO neutron.wsgi [req-534b2e08-2d5f-4152-8067-d46a45a3b940 d1138ec1c77349f9b95c6580aab47cb8 007b5c587a144e49a50c9008f27cd2bd - default default] 10.0.20.22 "GET /v2.0/subnets?id=a45419ca-93b1-4a6a-a2fd-88ad1406a9f4 HTTP/1.1" status: 200  len: 847 time: 0.1214070
2018-09-29 06:42:52.226 15569 INFO neutron.wsgi [req-f25afdc6-e919-41c2-b77b-1a7e21168759 d1138ec1c77349f9b95c6580aab47cb8 007b5c587a144e49a50c9008f27cd2bd - default default] 10.0.20.22 "GET /v2.0/ports?network_id=d4b862f6-a7b2-409f-a89b-f1a98017adf4&device_owner=network%3Adhcp HTTP/1.1" status: 200  len: 1128 time: 0.0857930
2018-09-29 06:42:56.973 15570 INFO neutron.wsgi [req-04f78de9-a88f-4329-8230-2f80420e9a97 74f0418e69fb411d8aa113bda350e1a2 328d9c20237344e78c88b9d2d8788127 - 36635ce1b99d435dad7beacccde982bb 36635ce1b99d435dad7beacccde982bb] 10.0.20.22 "GET /v2.0/ports?device_id=214ec30e-35fc-40a4-adc9-90f8a3ad9149 HTTP/1.1" status: 200  len: 1125 time: 0.4294159
2018-09-29 06:42:57.064 15570 INFO neutron.wsgi [req-919e82d8-08a0-4314-a1f5-cdad9c4d822c 74f0418e69fb411d8aa113bda350e1a2 328d9c20237344e78c88b9d2d8788127 - 36635ce1b99d435dad7beacccde982bb 36635ce1b99d435dad7beacccde982bb] 10.0.20.22 "GET /v2.0/security-groups?id=84ff076c-4c46-49b3-9e1a-e527f0f6473f HTTP/1.1" status: 200  len: 2118 time: 0.0845640
2018-09-29 06:43:05.389 15572 INFO neutron.wsgi [req-9cecfa99-db69-402c-87e4-81bc7cb3f0fb 74f0418e69fb411d8aa113bda350e1a2 328d9c20237344e78c88b9d2d8788127 - 36635ce1b99d435dad7beacccde982bb 36635ce1b99d435dad7beacccde982bb] 10.0.20.22 "GET /v2.0/ports?device_id=214ec30e-35fc-40a4-adc9-90f8a3ad9149 HTTP/1.1" status: 200  len: 1125 time: 0.7114899
2018-09-29 06:43:05.520 15572 INFO neutron.wsgi [req-8a7b91f6-c83a-4641-b17a-a8fa8219f51b 74f0418e69fb411d8aa113bda350e1a2 328d9c20237344e78c88b9d2d8788127 - 36635ce1b99d435dad7beacccde982bb 36635ce1b99d435dad7beacccde982bb] 10.0.20.22 "GET /v2.0/security-groups?id=84ff076c-4c46-49b3-9e1a-e527f0f6473f HTTP/1.1" status: 200  len: 2118 time: 0.1227272
2018-09-29 06:43:07.007 15579 DEBUG neutron_lib.callbacks.manager [req-9b1cb266-3b5a-4d0f-9810-6511a7a29758 - - - - -] Notify callbacks ['neutron.services.segments.db._update_segment_host_mapping_for_agent-8731673015466'] for agent, after_update _notify_loop /usr/lib/python2.7/site-packages/neutron_lib/callbacks/manager.py:167
2018-09-29 06:43:13.192 15580 DEBUG neutron_lib.callbacks.manager [req-dd14a836-9ba6-44a6-9038-f466f161c1e5 - - - - -] Notify callbacks ['neutron.services.segments.db._update_segment_host_mapping_for_agent-8731673015466'] for agent, after_update _notify_loop /usr/lib/python2.7/site-packages/neutron_lib/callbacks/manager.py:167
2018-09-29 06:43:13.264 15582 DEBUG neutron_lib.callbacks.manager [req-cfcc7a74-7907-45f8-9294-467c00d700b9 - - - - -] Notify callbacks ['neutron.services.segments.db._update_segment_host_mapping_for_agent-8731673015466'] for agent, after_update _notify_loop /usr/lib/python2.7/site-packages/neutron_lib/callbacks/manager.py:167
2018-09-29 06:43:13.388 15581 DEBUG neutron_lib.callbacks.manager [req-20eceeaa-f97c-4f68-af48-c636f0828c1e - - - - -] Notify callbacks ['neutron.services.segments.db._update_segment_host_mapping_for_agent-8731673015466'] for agent, after_update _notify_loop /usr/lib/python2.7/site-packages/neutron_lib/callbacks/manager.py:167
2018-09-29 06:43:14.239 15573 DEBUG neutron.wsgi [-] (15573) accepted ('10.0.20.22', 46442) server /usr/lib/python2.7/site-packages/eventlet/wsgi.py:883
2018-09-29 06:43:14.253 15577 DEBUG neutron_lib.callbacks.manager [req-69bb4a3f-228a-4611-854e-350969523973 - - - - -] Notify callbacks ['neutron.services.segments.db._update_segment_host_mapping_for_agent-8731673015466'] for agent, after_update _notify_loop /usr/lib/python2.7/site-packages/neutron_lib/callbacks/manager.py:167
2018-09-29 06:43:14.687 15573 WARNING keystonemiddleware.auth_token [-] A valid token was submitted as a service token, but it was not a valid service token. This is incorrect but backwards compatible behaviour. This will be removed in future releases.
2018-09-29 06:43:15.251 15573 INFO neutron.wsgi [req-c4d24c1b-7275-4e51-96d3-29838b96aef2 74f0418e69fb411d8aa113bda350e1a2 328d9c20237344e78c88b9d2d8788127 - 36635ce1b99d435dad7beacccde982bb 36635ce1b99d435dad7beacccde982bb] 10.0.20.22 "GET /v2.0/ports?device_id=214ec30e-35fc-40a4-adc9-90f8a3ad9149 HTTP/1.1" status: 200  len: 1125 time: 1.0098031
2018-09-29 06:43:15.346 15573 INFO neutron.wsgi [req-53554d76-0e6c-4d7a-9ff3-d41f4431c9f4 74f0418e69fb411d8aa113bda350e1a2 328d9c20237344e78c88b9d2d8788127 - 36635ce1b99d435dad7beacccde982bb 36635ce1b99d435dad7beacccde982bb] 10.0.20.22 "GET /v2.0/security-groups?id=84ff076c-4c46-49b3-9e1a-e527f0f6473f HTTP/1.1" status: 200  len: 2118 time: 0.0882471
2018-09-29 06:43:17.896 15584 DEBUG neutron.db.agents_db [req-d2ab1dec-d2c4-43de-ae5f-a7c990c92358 - - - - -] Agent healthcheck: found 5 active agents agent_health_check /usr/lib/python2.7/site-packages/neutron/db/agents_db.py:281
2018-09-29 06:43:24.976 15571 INFO neutron.wsgi [req-93d8d8ef-f365-4f9c-b30f-2d4e9c35034c 74f0418e69fb411d8aa113bda350e1a2 328d9c20237344e78c88b9d2d8788127 - 36635ce1b99d435dad7beacccde982bb 36635ce1b99d435dad7beacccde982bb] 10.0.20.22 "GET /v2.0/ports?device_id=214ec30e-35fc-40a4-adc9-90f8a3ad9149 HTTP/1.1" status: 200  len: 1125 time: 0.3611369
2018-09-29 06:43:25.071 15571 INFO neutron.wsgi [req-3919db0d-3dd4-4aa7-8256-61e5597a4397 74f0418e69fb411d8aa113bda350e1a2 328d9c20237344e78c88b9d2d8788127 - 36635ce1b99d435dad7beacccde982bb 36635ce1b99d435dad7beacccde982bb] 10.0.20.22 "GET /v2.0/security-groups?id=84ff076c-4c46-49b3-9e1a-e527f0f6473f HTTP/1.1" status: 200  len: 2118 time: 0.0885251
2018-09-29 06:43:25.203 15572 INFO neutron.wsgi [req-1a338af6-3f7f-496f-8655-b927e9a444d1 f875a10b07be43c197ef478066dc3a8e 007b5c587a144e49a50c9008f27cd2bd - default default] 10.0.20.22 "GET /v2.0/ports?device_id=214ec30e-35fc-40a4-adc9-90f8a3ad9149 HTTP/1.1" status: 200  len: 1125 time: 0.5420220
2018-09-29 06:43:25.298 15572 INFO neutron.wsgi [req-fc7b925c-49ae-49f5-862d-648eaa35d56b f875a10b07be43c197ef478066dc3a8e 007b5c587a144e49a50c9008f27cd2bd - default default] 10.0.20.22 "GET /v2.0/security-groups?id=84ff076c-4c46-49b3-9e1a-e527f0f6473f HTTP/1.1" status: 200  len: 2118 time: 0.0891860
2018-09-29 06:43:36.999 15583 DEBUG neutron_lib.callbacks.manager [req-9b1cb266-3b5a-4d0f-9810-6511a7a29758 - - - - -] Notify callbacks ['neutron.services.segments.db._update_segment_host_mapping_for_agent-8731673015466'] for agent, after_update _notify_loop /usr/lib/python2.7/site-packages/neutron_lib/callbacks/manager.py:167
2018-09-29 06:43:37.741 15570 INFO neutron.wsgi [req-9f0a5ecf-8ddf-43da-8473-c8f508396aaa 74f0418e69fb411d8aa113bda350e1a2 328d9c20237344e78c88b9d2d8788127 - 36635ce1b99d435dad7beacccde982bb 36635ce1b99d435dad7beacccde982bb] 10.0.20.22 "GET /v2.0/ports?device_id=214ec30e-35fc-40a4-adc9-90f8a3ad9149 HTTP/1.1" status: 200  len: 1125 time: 0.8905189
2018-09-29 06:43:37.845 15570 INFO neutron.wsgi [req-84126e30-0873-44f5-90dc-d195ae9295c9 74f0418e69fb411d8aa113bda350e1a2 328d9c20237344e78c88b9d2d8788127 - 36635ce1b99d435dad7beacccde982bb 36635ce1b99d435dad7beacccde982bb] 10.0.20.22 "GET /v2.0/security-groups?id=84ff076c-4c46-49b3-9e1a-e527f0f6473f HTTP/1.1" status: 200  len: 2118 time: 0.0989549
2018-09-29 06:43:43.187 15575 DEBUG neutron_lib.callbacks.manager [req-abdc0352-1986-4ba0-97c9-c2541bb6769f - - - - -] Notify callbacks ['neutron.services.segments.db._update_segment_host_mapping_for_agent-8731673015466'] for agent, after_update _notify_loop /usr/lib/python2.7/site-packages/neutron_lib/callbacks/manager.py:167
2018-09-29 06:43:43.257 15578 DEBUG neutron_lib.callbacks.manager [req-cfcc7a74-7907-45f8-9294-467c00d700b9 - - - - -] Notify callbacks ['neutron.services.segments.db._update_segment_host_mapping_for_agent-8731673015466'] for agent, after_update _notify_loop /usr/lib/python2.7/site-packages/neutron_lib/callbacks/manager.py:167
2018-09-29 06:43:43.374 15576 DEBUG neutron_lib.callbacks.manager [req-20eceeaa-f97c-4f68-af48-c636f0828c1e - - - - -] Notify callbacks ['neutron.services.segments.db._update_segment_host_mapping_for_agent-8731673015466'] for agent, after_update _notify_loop /usr/lib/python2.7/site-packages/neutron_lib/callbacks/manager.py:167
2018-09-29 06:43:44.258 15579 DEBUG neutron_lib.callbacks.manager [req-3bdcc015-ba8b-4bf7-9dfc-42f30996abef - - - - -] Notify callbacks ['neutron.services.segments.db._update_segment_host_mapping_for_agent-8731673015466'] for agent, after_update _notify_loop /usr/lib/python2.7/site-packages/neutron_lib/callbacks/manager.py:167
2018-09-29 06:43:47.837 15570 INFO neutron.wsgi [req-44a806bc-b1ee-4ae1-bc03-545276632832 74f0418e69fb411d8aa113bda350e1a2 328d9c20237344e78c88b9d2d8788127 - 36635ce1b99d435dad7beacccde982bb 36635ce1b99d435dad7beacccde982bb] 10.0.20.22 "GET /v2.0/ports?device_id=214ec30e-35fc-40a4-adc9-90f8a3ad9149 HTTP/1.1" status: 200  len: 1125 time: 0.5068960
2018-09-29 06:43:47.947 15570 INFO neutron.wsgi [req-1632164f-3e89-4b3f-9866-ae524cb5cafe 74f0418e69fb411d8aa113bda350e1a2 328d9c20237344e78c88b9d2d8788127 - 36635ce1b99d435dad7beacccde982bb 36635ce1b99d435dad7beacccde982bb] 10.0.20.22 "GET /v2.0/security-groups?id=84ff076c-4c46-49b3-9e1a-e527f0f6473f HTTP/1.1" status: 200  len: 2118 time: 0.1048651
2018-09-29 06:43:48.566 15569 INFO neutron.wsgi [req-c9a91d59-1144-41f7-9da0-2e462630f457 d1138ec1c77349f9b95c6580aab47cb8 007b5c587a144e49a50c9008f27cd2bd - default default] 10.0.20.22 "GET /v2.0/ports?tenant_id=328d9c20237344e78c88b9d2d8788127&device_id=214ec30e-35fc-40a4-adc9-90f8a3ad9149 HTTP/1.1" status: 200  len: 1125 time: 0.1110060
2018-09-29 06:43:48.746 15569 DEBUG neutron.pecan_wsgi.hooks.policy_enforcement [req-bcdd8120-2159-4bdc-bd31-b9fce24b269f d1138ec1c77349f9b95c6580aab47cb8 007b5c587a144e49a50c9008f27cd2bd - default default] Attributes excluded by policy engine: [u'vlan_transparent'] _exclude_attributes_by_policy /usr/lib/python2.7/site-packages/neutron/pecan_wsgi/hooks/policy_enforcement.py:256
2018-09-29 06:43:48.749 15569 INFO neutron.wsgi [req-bcdd8120-2159-4bdc-bd31-b9fce24b269f d1138ec1c77349f9b95c6580aab47cb8 007b5c587a144e49a50c9008f27cd2bd - default default] 10.0.20.22 "GET /v2.0/networks?id=d4b862f6-a7b2-409f-a89b-f1a98017adf4 HTTP/1.1" status: 200  len: 885 time: 0.1767440
2018-09-29 06:43:48.782 15569 INFO neutron.wsgi [req-12f58e73-6d8f-4d44-b3a2-06b8a947b7c4 d1138ec1c77349f9b95c6580aab47cb8 007b5c587a144e49a50c9008f27cd2bd - default default] 10.0.20.22 "GET /v2.0/floatingips?fixed_ip_address=11.109.1.10&port_id=be16d1d3-6fd7-47aa-bc0f-f4a61811852e HTTP/1.1" status: 200  len: 751 time: 0.0276308
2018-09-29 06:43:48.889 15569 DEBUG neutron.pecan_wsgi.hooks.policy_enforcement [req-c611137e-51bf-47a2-accd-b036f274b260 d1138ec1c77349f9b95c6580aab47cb8 007b5c587a144e49a50c9008f27cd2bd - default default] Attributes excluded by policy engine: [u'shared'] _exclude_attributes_by_policy /usr/lib/python2.7/site-packages/neutron/pecan_wsgi/hooks/policy_enforcement.py:256
2018-09-29 06:43:48.892 15569 INFO neutron.wsgi [req-c611137e-51bf-47a2-accd-b036f274b260 d1138ec1c77349f9b95c6580aab47cb8 007b5c587a144e49a50c9008f27cd2bd - default default] 10.0.20.22 "GET /v2.0/subnets?id=a45419ca-93b1-4a6a-a2fd-88ad1406a9f4 HTTP/1.1" status: 200  len: 847 time: 0.1034620
2018-09-29 06:43:48.993 15569 INFO neutron.wsgi [req-c42be906-01d5-4846-831f-6f7e96716a60 d1138ec1c77349f9b95c6580aab47cb8 007b5c587a144e49a50c9008f27cd2bd - default default] 10.0.20.22 "GET /v2.0/ports?network_id=d4b862f6-a7b2-409f-a89b-f1a98017adf4&device_owner=network%3Adhcp HTTP/1.1" status: 200  len: 1128 time: 0.0948310
2018-09-29 06:43:50.585 15575 DEBUG neutron.plugins.ml2.rpc [req-9b1cb266-3b5a-4d0f-9810-6511a7a29758 - - - - -] Device be16d1d3-6fd7-47aa-bc0f-f4a61811852e no longer exists at agent ovs-agent-localhost.localdomain update_device_down /usr/lib/python2.7/site-packages/neutron/plugins/ml2/rpc.py:213
2018-09-29 06:43:50.735 15575 DEBUG neutron_lib.callbacks.manager [req-9b1cb266-3b5a-4d0f-9810-6511a7a29758 - - - - -] Notify callbacks ['neutron.plugins.ml2.plugin.Ml2Plugin._ensure_default_security_group_handler-475199'] for port, before_update _notify_loop /usr/lib/python2.7/site-packages/neutron_lib/callbacks/manager.py:167
2018-09-29 06:43:50.791 15575 DEBUG oslo_concurrency.lockutils [-] Lock "notifier-2001b8ea-10c1-47d9-9738-8e9c6814ed34" acquired by "neutron.notifiers.batch_notifier.synced_send" :: waited 0.000s inner /usr/lib/python2.7/site-packages/oslo_concurrency/lockutils.py:270
2018-09-29 06:43:50.792 15575 DEBUG neutron.notifiers.nova [-] Sending events: [{'status': 'completed', 'tag': u'be16d1d3-6fd7-47aa-bc0f-f4a61811852e', 'name': 'network-vif-unplugged', 'server_uuid': u'214ec30e-35fc-40a4-adc9-90f8a3ad9149'}] send_events /usr/lib/python2.7/site-packages/neutron/notifiers/nova.py:242
2018-09-29 06:43:50.797 15575 DEBUG novaclient.v2.client [-] REQ: curl -g -i -X POST http://10.0.20.22:8774/v2.1/007b5c587a144e49a50c9008f27cd2bd/os-server-external-events -H "User-Agent: python-novaclient" -H "Content-Type: application/json" -H "Accept: application/json" -H "X-OpenStack-Nova-API-Version: 2.1" -H "X-Auth-Token: {SHA1}c872af085ceba07cb9606f978d67a15ca9b8348a" -d '{"events": [{"status": "completed", "tag": "be16d1d3-6fd7-47aa-bc0f-f4a61811852e", "name": "network-vif-unplugged", "server_uuid": "214ec30e-35fc-40a4-adc9-90f8a3ad9149"}]}' _http_log_request /usr/lib/python2.7/site-packages/keystoneauth1/session.py:375
