2018-09-28 17:38:06.354 9272 DEBUG oslo_concurrency.lockutils [req-04eb95de-5609-4ff6-ac03-8842b97874fe - - - - -] Lock "event-dispatch" released by "neutron.plugins.ml2.ovo_rpc.dispatch_events" :: held 0.246s inner /usr/lib/python2.7/site-packages/oslo_concurrency/lockutils.py:282
2018-09-28 17:38:07.648 9272 DEBUG novaclient.v2.client [-] REQ: curl -g -i -X POST http://10.0.20.44:8774/v2.1/0370d8fb50704220a0d8021f0cc9d2d1/os-server-external-events -H "User-Agent: python-novaclient" -H "Content-Type: application/json" -H "Accept: application/json" -H "X-OpenStack-Nova-API-Version: 2.1" -H "X-Auth-Token: {SHA1}94762f6aa11b7a92c34ecac4b0a6820fe4fa9805" -d '{"events": [{"status": "completed", "tag": "fcbec8f9-1825-431e-9051-ccd468b3dd4f", "name": "network-vif-plugged", "server_uuid": "5d7b28d2-38ca-49ef-adea-278c0cf65cae"}]}' _http_log_request /usr/lib/python2.7/site-packages/keystoneauth1/session.py:375
2018-09-28 17:38:08.595 9273 DEBUG neutron.plugins.ml2.rpc [req-04eb95de-5609-4ff6-ac03-8842b97874fe - - - - -] Device fcbec8f9-1825-431e-9051-ccd468b3dd4f up at agent ovs-agent-localhost.localdomain update_device_up /usr/lib/python2.7/site-packages/neutron/plugins/ml2/rpc.py:244
2018-09-28 17:38:08.779 9273 DEBUG neutron.db.provisioning_blocks [req-04eb95de-5609-4ff6-ac03-8842b97874fe - - - - -] Provisioning complete for port fcbec8f9-1825-431e-9051-ccd468b3dd4f triggered by entity L2. provisioning_complete /usr/lib/python2.7/site-packages/neutron/db/provisioning_blocks.py:138
2018-09-28 17:38:08.780 9273 DEBUG neutron_lib.callbacks.manager [req-04eb95de-5609-4ff6-ac03-8842b97874fe - - - - -] Notify callbacks ['neutron.plugins.ml2.plugin.Ml2Plugin._port_provisioned--9223372036853043980'] for port, provisioning_complete _notify_loop /usr/lib/python2.7/site-packages/neutron_lib/callbacks/manager.py:167
2018-09-28 17:38:10.456 9262 DEBUG neutron.wsgi [-] (9262) accepted ('10.0.20.44', 33470) server /usr/lib/python2.7/site-packages/eventlet/wsgi.py:883
2018-09-28 17:38:11.051 9262 WARNING keystonemiddleware.auth_token [-] A valid token was submitted as a service token, but it was not a valid service token. This is incorrect but backwards compatible behaviour. This will be removed in future releases.
2018-09-28 17:38:11.560 9272 DEBUG novaclient.v2.client [-] RESP: [200] Content-Length: 183 Content-Type: application/json Openstack-Api-Version: compute 2.1 X-Openstack-Nova-Api-Version: 2.1 Vary: OpenStack-API-Version, X-OpenStack-Nova-API-Version X-Openstack-Request-Id: req-b842202a-9df5-449a-aa3c-b2e29c3b4197 X-Compute-Request-Id: req-b842202a-9df5-449a-aa3c-b2e29c3b4197 Date: Fri, 28 Sep 2018 21:38:11 GMT Connection: keep-alive 
RESP BODY: {"events": [{"status": "completed", "tag": "fcbec8f9-1825-431e-9051-ccd468b3dd4f", "name": "network-vif-plugged", "server_uuid": "5d7b28d2-38ca-49ef-adea-278c0cf65cae", "code": 200}]}
 _http_log_response /usr/lib/python2.7/site-packages/keystoneauth1/session.py:423
2018-09-28 17:38:11.562 9272 DEBUG novaclient.v2.client [-] POST call to compute for http://10.0.20.44:8774/v2.1/0370d8fb50704220a0d8021f0cc9d2d1/os-server-external-events used request id req-b842202a-9df5-449a-aa3c-b2e29c3b4197 request /usr/lib/python2.7/site-packages/keystoneauth1/session.py:727
2018-09-28 17:38:11.572 9272 INFO neutron.notifiers.nova [-] Nova event response: {u'status': u'completed', u'tag': u'fcbec8f9-1825-431e-9051-ccd468b3dd4f', u'name': u'network-vif-plugged', u'server_uuid': u'5d7b28d2-38ca-49ef-adea-278c0cf65cae', u'code': 200}
2018-09-28 17:38:12.072 9262 INFO neutron.wsgi [req-8557ead9-2026-4491-b727-09041f72c8f2 8cc3e6921cc141b49fb00e5c54a54854 14d4e5f8ee6449b6b7500d40350843ac - a676911e8dfd432c84129086e63c43eb a676911e8dfd432c84129086e63c43eb] 10.0.20.44 "GET /v2.0/ports?device_id=5d7b28d2-38ca-49ef-adea-278c0cf65cae HTTP/1.1" status: 200  len: 1124 time: 1.6140230
2018-09-28 17:38:12.245 9262 INFO neutron.wsgi [req-e54e689b-4507-4869-a1e0-b53fc9dce04b 8cc3e6921cc141b49fb00e5c54a54854 14d4e5f8ee6449b6b7500d40350843ac - a676911e8dfd432c84129086e63c43eb a676911e8dfd432c84129086e63c43eb] 10.0.20.44 "GET /v2.0/security-groups?id=0ccae6f3-e8ef-4fb0-b7f6-3a26df4d5090 HTTP/1.1" status: 200  len: 2118 time: 0.1614780
2018-09-28 17:38:12.431 9281 DEBUG neutron.db.agents_db [req-3812fb09-1f38-45b6-8ffb-995f3d535abe - - - - -] Agent healthcheck: found 5 active agents agent_health_check /usr/lib/python2.7/site-packages/neutron/db/agents_db.py:281
2018-09-28 17:38:13.574 9272 DEBUG oslo_concurrency.lockutils [-] Lock "notifier-2ee6a144-fa59-4b32-b391-925619f43807" released by "neutron.notifiers.batch_notifier.synced_send" :: held 7.620s inner /usr/lib/python2.7/site-packages/oslo_concurrency/lockutils.py:282
2018-09-28 17:38:24.867 9266 DEBUG neutron.quota.resource [req-1a427462-d351-45dd-8813-4ff21cef05d7 8cc3e6921cc141b49fb00e5c54a54854 14d4e5f8ee6449b6b7500d40350843ac - a676911e8dfd432c84129086e63c43eb a676911e8dfd432c84129086e63c43eb] Synchronizing usage tracker for tenant:14d4e5f8ee6449b6b7500d40350843ac on resource:port resync /usr/lib/python2.7/site-packages/neutron/quota/resource.py:245
2018-09-28 17:38:24.986 9266 DEBUG neutron.quota.resource [req-1a427462-d351-45dd-8813-4ff21cef05d7 8cc3e6921cc141b49fb00e5c54a54854 14d4e5f8ee6449b6b7500d40350843ac - a676911e8dfd432c84129086e63c43eb a676911e8dfd432c84129086e63c43eb] Unset dirty status for tenant:14d4e5f8ee6449b6b7500d40350843ac on resource:port _resync /usr/lib/python2.7/site-packages/neutron/quota/resource.py:237
2018-09-28 17:38:24.990 9266 INFO neutron.wsgi [req-1a427462-d351-45dd-8813-4ff21cef05d7 8cc3e6921cc141b49fb00e5c54a54854 14d4e5f8ee6449b6b7500d40350843ac - a676911e8dfd432c84129086e63c43eb a676911e8dfd432c84129086e63c43eb] 10.0.20.44 "GET /v2.0/ports?device_id=5d7b28d2-38ca-49ef-adea-278c0cf65cae HTTP/1.1" status: 200  len: 1124 time: 0.8665380
2018-09-28 17:38:25.129 9266 INFO neutron.wsgi [req-fd920a76-327c-42b9-aaa5-6cc1bdf37396 8cc3e6921cc141b49fb00e5c54a54854 14d4e5f8ee6449b6b7500d40350843ac - a676911e8dfd432c84129086e63c43eb a676911e8dfd432c84129086e63c43eb] 10.0.20.44 "GET /v2.0/security-groups?id=0ccae6f3-e8ef-4fb0-b7f6-3a26df4d5090 HTTP/1.1" status: 200  len: 2118 time: 0.1333330
2018-09-28 17:38:29.959 9272 DEBUG neutron_lib.callbacks.manager [req-19c14a5c-fc24-4906-9ea9-0cb708eb4194 - - - - -] Notify callbacks ['neutron.services.segments.db._update_segment_host_mapping_for_agent-8792824391082'] for agent, after_update _notify_loop /usr/lib/python2.7/site-packages/neutron_lib/callbacks/manager.py:167
2018-09-28 17:38:30.033 9278 DEBUG neutron_lib.callbacks.manager [req-f9cb8b6e-3bdb-4cac-baf5-acf9ca4104a8 - - - - -] Notify callbacks ['neutron.services.segments.db._update_segment_host_mapping_for_agent-8792824391082'] for agent, after_update _notify_loop /usr/lib/python2.7/site-packages/neutron_lib/callbacks/manager.py:167
2018-09-28 17:38:30.095 9273 DEBUG neutron_lib.callbacks.manager [req-97527600-7ff3-472c-981c-12cd892ca9f7 - - - - -] Notify callbacks ['neutron.services.segments.db._update_segment_host_mapping_for_agent-8792824391082'] for agent, after_update _notify_loop /usr/lib/python2.7/site-packages/neutron_lib/callbacks/manager.py:167
2018-09-28 17:38:30.916 9277 DEBUG neutron_lib.callbacks.manager [req-04eb95de-5609-4ff6-ac03-8842b97874fe - - - - -] Notify callbacks ['neutron.services.segments.db._update_segment_host_mapping_for_agent-8792824391082'] for agent, after_update _notify_loop /usr/lib/python2.7/site-packages/neutron_lib/callbacks/manager.py:167
2018-09-28 17:38:31.560 9268 DEBUG neutron_lib.callbacks.manager [req-06270682-b5de-4eae-bdf4-ee63cd1bb5aa - - - - -] Notify callbacks ['neutron.services.segments.db._update_segment_host_mapping_for_agent-8792824391082'] for agent, after_update _notify_loop /usr/lib/python2.7/site-packages/neutron_lib/callbacks/manager.py:167
2018-09-28 17:38:38.087 9262 DEBUG neutron.wsgi [-] (9262) accepted ('10.0.20.44', 34588) server /usr/lib/python2.7/site-packages/eventlet/wsgi.py:883
2018-09-28 17:38:38.091 9262 INFO neutron.wsgi [-] 10.0.20.44 "GET / HTTP/1.1" status: 200  len: 252 time: 0.0017939
2018-09-28 17:38:38.669 9262 INFO neutron.pecan_wsgi.hooks.translation [req-590dfdf5-2464-413e-a5c6-4295476aca94 5f679608b1404146800f9342acb17105 f0f98ade863c408ca03c04c01b2db460 - default default] GET failed (client error): The resource could not be found.
2018-09-28 17:38:38.671 9262 INFO neutron.wsgi [req-590dfdf5-2464-413e-a5c6-4295476aca94 5f679608b1404146800f9342acb17105 f0f98ade863c408ca03c04c01b2db460 - default default] 10.0.20.44 "GET /v2.0/networks/public HTTP/1.1" status: 404  len: 314 time: 0.5743101
2018-09-28 17:38:38.960 9262 DEBUG neutron.pecan_wsgi.hooks.policy_enforcement [req-b6c425db-b5cd-41a5-961d-28fe64e50107 5f679608b1404146800f9342acb17105 f0f98ade863c408ca03c04c01b2db460 - default default] Attributes excluded by policy engine: [u'vlan_transparent'] _exclude_attributes_by_policy /usr/lib/python2.7/site-packages/neutron/pecan_wsgi/hooks/policy_enforcement.py:256
2018-09-28 17:38:38.962 9262 DEBUG neutron.pecan_wsgi.hooks.policy_enforcement [req-b6c425db-b5cd-41a5-961d-28fe64e50107 5f679608b1404146800f9342acb17105 f0f98ade863c408ca03c04c01b2db460 - default default] Attributes excluded by policy engine: [u'vlan_transparent'] _exclude_attributes_by_policy /usr/lib/python2.7/site-packages/neutron/pecan_wsgi/hooks/policy_enforcement.py:256
2018-09-28 17:38:38.963 9262 DEBUG neutron.pecan_wsgi.hooks.policy_enforcement [req-b6c425db-b5cd-41a5-961d-28fe64e50107 5f679608b1404146800f9342acb17105 f0f98ade863c408ca03c04c01b2db460 - default default] Attributes excluded by policy engine: [u'vlan_transparent'] _exclude_attributes_by_policy /usr/lib/python2.7/site-packages/neutron/pecan_wsgi/hooks/policy_enforcement.py:256
2018-09-28 17:38:38.965 9262 INFO neutron.wsgi [req-b6c425db-b5cd-41a5-961d-28fe64e50107 5f679608b1404146800f9342acb17105 f0f98ade863c408ca03c04c01b2db460 - default default] 10.0.20.44 "GET /v2.0/networks HTTP/1.1" status: 200  len: 2214 time: 0.2871981
2018-09-28 17:38:39.551 9262 DEBUG neutron.api.v2.base [req-0293eef5-17ab-4a5d-b373-f1d8caa6de1a 5f679608b1404146800f9342acb17105 f0f98ade863c408ca03c04c01b2db460 - default default] Request body: {u'floatingip': {u'floating_network_id': u'e37315f5-198b-4568-ae90-a700192fc268', u'tenant_id': u'14d4e5f8ee6449b6b7500d40350843ac'}} prepare_request_body /usr/lib/python2.7/site-packages/neutron/api/v2/base.py:695
2018-09-28 17:38:39.562 9262 DEBUG neutron.db.quota.driver [req-0293eef5-17ab-4a5d-b373-f1d8caa6de1a 5f679608b1404146800f9342acb17105 f0f98ade863c408ca03c04c01b2db460 - default default] Resources subnetpool have unlimited quota limit. It is not required to calculate headroom  make_reservation /usr/lib/python2.7/site-packages/neutron/db/quota/driver.py:223
2018-09-28 17:38:39.573 9262 DEBUG neutron.quota.resource [req-0293eef5-17ab-4a5d-b373-f1d8caa6de1a 5f679608b1404146800f9342acb17105 f0f98ade863c408ca03c04c01b2db460 - default default] Usage tracker for resource:floatingip and tenant:14d4e5f8ee6449b6b7500d40350843ac is out of sync, need to count used quota count_used /usr/lib/python2.7/site-packages/neutron/quota/resource.py:274
2018-09-28 17:38:39.601 9262 DEBUG neutron.quota.resource [req-0293eef5-17ab-4a5d-b373-f1d8caa6de1a 5f679608b1404146800f9342acb17105 f0f98ade863c408ca03c04c01b2db460 - default default] Quota usage for floatingip was recalculated. Used quota:0. count_used /usr/lib/python2.7/site-packages/neutron/quota/resource.py:293
2018-09-28 17:38:39.623 9262 DEBUG neutron.db.quota.driver [req-0293eef5-17ab-4a5d-b373-f1d8caa6de1a 5f679608b1404146800f9342acb17105 f0f98ade863c408ca03c04c01b2db460 - default default] Attempting to reserve 1 items for resource floatingip. Total usage: 0; quota limit: 50; headroom:50 make_reservation /usr/lib/python2.7/site-packages/neutron/db/quota/driver.py:255
2018-09-28 17:38:39.925 9262 DEBUG neutron_lib.callbacks.manager [req-0293eef5-17ab-4a5d-b373-f1d8caa6de1a 5f679608b1404146800f9342acb17105 f0f98ade863c408ca03c04c01b2db460 - default default] Notify callbacks ['neutron.plugins.ml2.plugin.Ml2Plugin._ensure_default_security_group_handler-475435'] for port, before_create _notify_loop /usr/lib/python2.7/site-packages/neutron_lib/callbacks/manager.py:167
2018-09-28 17:38:40.917 9262 DEBUG neutron.db.db_base_plugin_common [req-0293eef5-17ab-4a5d-b373-f1d8caa6de1a 5f679608b1404146800f9342acb17105 f0f98ade863c408ca03c04c01b2db460 - default default] Allocated IP 172.24.4.10 (e37315f5-198b-4568-ae90-a700192fc268/9bf5d7dd-fc7a-4dce-8dc4-b99d0c6a4b85/ceed32e9-b829-4b3c-8ada-b437cb60f189) _store_ip_allocation /usr/lib/python2.7/site-packages/neutron/db/db_base_plugin_common.py:122
2018-09-28 17:38:41.228 9262 DEBUG neutron_lib.callbacks.manager [req-0293eef5-17ab-4a5d-b373-f1d8caa6de1a 5f679608b1404146800f9342acb17105 f0f98ade863c408ca03c04c01b2db460 - default default] Notify callbacks [] for port, precommit_create _notify_loop /usr/lib/python2.7/site-packages/neutron_lib/callbacks/manager.py:167
2018-09-28 17:38:41.333 9262 DEBUG neutron_lib.callbacks.manager [req-0293eef5-17ab-4a5d-b373-f1d8caa6de1a 5f679608b1404146800f9342acb17105 f0f98ade863c408ca03c04c01b2db460 - default default] Notify callbacks ['neutron.db.l3_dvrscheduler_db._notify_l3_agent_new_port--9223363244030746959', 'neutron.api.rpc.agentnotifiers.dhcp_rpc_agent_api.DhcpAgentNotifyAPI._native_event_send_dhcp_notification-1501786', 'neutron.plugins.ml2.plugin.Ml2Plugin.notify_sg_on_port_change-490636', 'neutron.plugins.ml2.ovo_rpc._ObjectChangeHandler.handle_event--9223372036853247578'] for port, after_create _notify_loop /usr/lib/python2.7/site-packages/neutron_lib/callbacks/manager.py:167
2018-09-28 17:38:41.335 9262 DEBUG neutron.db.l3_dvrscheduler_db [req-0293eef5-17ab-4a5d-b373-f1d8caa6de1a 5f679608b1404146800f9342acb17105 f0f98ade863c408ca03c04c01b2db460 - default default] Received port after_create _notify_l3_agent_new_port /usr/lib/python2.7/site-packages/neutron/db/l3_dvrscheduler_db.py:392
2018-09-28 17:38:41.585 9262 DEBUG neutron.scheduler.dhcp_agent_scheduler [req-0293eef5-17ab-4a5d-b373-f1d8caa6de1a 5f679608b1404146800f9342acb17105 f0f98ade863c408ca03c04c01b2db460 - default default] Network e37315f5-198b-4568-ae90-a700192fc268 is already hosted by enough agents. _get_dhcp_agents_hosting_network /usr/lib/python2.7/site-packages/neutron/scheduler/dhcp_agent_scheduler.py:243
2018-09-28 17:38:41.624 9262 DEBUG oslo_concurrency.lockutils [-] Lock "event-dispatch" acquired by "neutron.plugins.ml2.ovo_rpc.dispatch_events" :: waited 0.000s inner /usr/lib/python2.7/site-packages/oslo_concurrency/lockutils.py:270
2018-09-28 17:38:41.735 9262 DEBUG neutron.api.rpc.handlers.resources_rpc [req-0293eef5-17ab-4a5d-b373-f1d8caa6de1a 5f679608b1404146800f9342acb17105 f0f98ade863c408ca03c04c01b2db460 - - -] neutron.api.rpc.handlers.resources_rpc.ResourcesPushRpcApi method push called with arguments (<neutron_lib.context.Context object at 0x7ff3d1af7c90>, [Port(admin_state_up=True,allowed_address_pairs=[],binding=PortBinding,binding_levels=[],created_at=2018-09-28T21:38:40Z,data_plane_status=<?>,description='',device_id='PENDING',device_owner='network:floatingip',dhcp_options=[],distributed_binding=None,dns=None,fixed_ips=[IPAllocation],id=ceed32e9-b829-4b3c-8ada-b437cb60f189,mac_address=fa:16:3e:cb:ef:ca,name='',network_id=e37315f5-198b-4568-ae90-a700192fc268,project_id='',qos_policy_id=None,revision_number=3,security=PortSecurity(ceed32e9-b829-4b3c-8ada-b437cb60f189),security_group_ids=set([]),status='N/A',updated_at=2018-09-28T21:38:41Z)], 'updated') {} wrapper /usr/lib/python2.7/site-packages/oslo_log/helpers.py:66
2018-09-28 17:38:41.790 9262 DEBUG neutron.api.rpc.callbacks.version_manager [req-0293eef5-17ab-4a5d-b373-f1d8caa6de1a 5f679608b1404146800f9342acb17105 f0f98ade863c408ca03c04c01b2db460 - - -] Version for resource type Subnet changed None to 1.0 on consumer Open vSwitch agent@localhost.localdomain _set_version /usr/lib/python2.7/site-packages/neutron/api/rpc/callbacks/version_manager.py:119
2018-09-28 17:38:41.791 9262 DEBUG neutron.api.rpc.callbacks.version_manager [req-0293eef5-17ab-4a5d-b373-f1d8caa6de1a 5f679608b1404146800f9342acb17105 f0f98ade863c408ca03c04c01b2db460 - - -] Version for resource type Network changed None to 1.0 on consumer Open vSwitch agent@localhost.localdomain _set_version /usr/lib/python2.7/site-packages/neutron/api/rpc/callbacks/version_manager.py:119
2018-09-28 17:38:41.791 9262 DEBUG neutron.api.rpc.callbacks.version_manager [req-0293eef5-17ab-4a5d-b373-f1d8caa6de1a 5f679608b1404146800f9342acb17105 f0f98ade863c408ca03c04c01b2db460 - - -] Version for resource type SubPort changed None to 1.0 on consumer Open vSwitch agent@localhost.localdomain _set_version /usr/lib/python2.7/site-packages/neutron/api/rpc/callbacks/version_manager.py:119
2018-09-28 17:38:41.792 9262 DEBUG neutron.api.rpc.callbacks.version_manager [req-0293eef5-17ab-4a5d-b373-f1d8caa6de1a 5f679608b1404146800f9342acb17105 f0f98ade863c408ca03c04c01b2db460 - - -] Version for resource type SecurityGroup changed None to 1.0 on consumer Open vSwitch agent@localhost.localdomain _set_version /usr/lib/python2.7/site-packages/neutron/api/rpc/callbacks/version_manager.py:119
2018-09-28 17:38:41.793 9262 DEBUG neutron.api.rpc.callbacks.version_manager [req-0293eef5-17ab-4a5d-b373-f1d8caa6de1a 5f679608b1404146800f9342acb17105 f0f98ade863c408ca03c04c01b2db460 - - -] Version for resource type SecurityGroupRule changed None to 1.0 on consumer Open vSwitch agent@localhost.localdomain _set_version /usr/lib/python2.7/site-packages/neutron/api/rpc/callbacks/version_manager.py:119
2018-09-28 17:38:41.793 9262 DEBUG neutron.api.rpc.callbacks.version_manager [req-0293eef5-17ab-4a5d-b373-f1d8caa6de1a 5f679608b1404146800f9342acb17105 f0f98ade863c408ca03c04c01b2db460 - - -] Version for resource type Trunk changed None to 1.1 on consumer Open vSwitch agent@localhost.localdomain _set_version /usr/lib/python2.7/site-packages/neutron/api/rpc/callbacks/version_manager.py:119
2018-09-28 17:38:41.794 9262 DEBUG neutron.api.rpc.callbacks.version_manager [req-0293eef5-17ab-4a5d-b373-f1d8caa6de1a 5f679608b1404146800f9342acb17105 f0f98ade863c408ca03c04c01b2db460 - - -] Version for resource type QosPolicy changed None to 1.6 on consumer Open vSwitch agent@localhost.localdomain _set_version /usr/lib/python2.7/site-packages/neutron/api/rpc/callbacks/version_manager.py:119
2018-09-28 17:38:41.795 9262 DEBUG neutron.api.rpc.callbacks.version_manager [req-0293eef5-17ab-4a5d-b373-f1d8caa6de1a 5f679608b1404146800f9342acb17105 f0f98ade863c408ca03c04c01b2db460 - - -] Version for resource type Port changed None to 1.1 on consumer Open vSwitch agent@localhost.localdomain _set_version /usr/lib/python2.7/site-packages/neutron/api/rpc/callbacks/version_manager.py:119
2018-09-28 17:38:41.795 9262 DEBUG neutron.api.rpc.callbacks.version_manager [req-0293eef5-17ab-4a5d-b373-f1d8caa6de1a 5f679608b1404146800f9342acb17105 f0f98ade863c408ca03c04c01b2db460 - - -] Version for resource type Log changed None to 1.0 on consumer Open vSwitch agent@localhost.localdomain _set_version /usr/lib/python2.7/site-packages/neutron/api/rpc/callbacks/version_manager.py:119
2018-09-28 17:38:41.840 9262 DEBUG oslo_concurrency.lockutils [req-0293eef5-17ab-4a5d-b373-f1d8caa6de1a 5f679608b1404146800f9342acb17105 f0f98ade863c408ca03c04c01b2db460 - - -] Lock "event-dispatch" released by "neutron.plugins.ml2.ovo_rpc.dispatch_events" :: held 0.215s inner /usr/lib/python2.7/site-packages/oslo_concurrency/lockutils.py:282
2018-09-28 17:38:41.861 9262 DEBUG neutron_lib.callbacks.manager [req-0293eef5-17ab-4a5d-b373-f1d8caa6de1a 5f679608b1404146800f9342acb17105 f0f98ade863c408ca03c04c01b2db460 - default default] Notify callbacks ['neutron.plugins.ml2.plugin.Ml2Plugin._ensure_default_security_group_handler-475435'] for port, before_update _notify_loop /usr/lib/python2.7/site-packages/neutron_lib/callbacks/manager.py:167
2018-09-28 17:38:42.339 9266 INFO neutron.wsgi [req-e05ddd8e-6eea-4b9b-a642-c76b1c37e8ed 5a42c245a9524d2690645093ae1ed2ea 0370d8fb50704220a0d8021f0cc9d2d1 - default default] 10.0.20.44 "GET /v2.0/ports?tenant_id=14d4e5f8ee6449b6b7500d40350843ac&device_id=5d7b28d2-38ca-49ef-adea-278c0cf65cae HTTP/1.1" status: 200  len: 1124 time: 0.1385369
2018-09-28 17:38:42.397 9262 DEBUG neutron_lib.callbacks.manager [req-0293eef5-17ab-4a5d-b373-f1d8caa6de1a 5f679608b1404146800f9342acb17105 f0f98ade863c408ca03c04c01b2db460 - default default] Notify callbacks [] for port, precommit_update _notify_loop /usr/lib/python2.7/site-packages/neutron_lib/callbacks/manager.py:167
2018-09-28 17:38:42.427 9262 DEBUG neutron_lib.callbacks.manager [req-0293eef5-17ab-4a5d-b373-f1d8caa6de1a 5f679608b1404146800f9342acb17105 f0f98ade863c408ca03c04c01b2db460 - default default] Notify callbacks ['neutron.api.rpc.agentnotifiers.dhcp_rpc_agent_api.DhcpAgentNotifyAPI._native_event_send_dhcp_notification-1501786', 'neutron.db.l3_hascheduler_db._notify_l3_agent_ha_port_update-8792824029716', 'neutron.plugins.ml2.plugin.Ml2Plugin.notify_sg_on_port_change-490636', 'neutron.db.l3_dvrscheduler_db._notify_l3_agent_port_update--9223363244030746944', 'neutron.plugins.ml2.ovo_rpc._ObjectChangeHandler.handle_event--9223372036853247578'] for port, after_update _notify_loop /usr/lib/python2.7/site-packages/neutron_lib/callbacks/manager.py:167
2018-09-28 17:38:42.639 9266 DEBUG neutron.pecan_wsgi.hooks.policy_enforcement [req-d1b04319-bcdd-45fc-84d1-543dba829a76 5a42c245a9524d2690645093ae1ed2ea 0370d8fb50704220a0d8021f0cc9d2d1 - default default] Attributes excluded by policy engine: [u'vlan_transparent'] _exclude_attributes_by_policy /usr/lib/python2.7/site-packages/neutron/pecan_wsgi/hooks/policy_enforcement.py:256
2018-09-28 17:38:42.642 9266 INFO neutron.wsgi [req-d1b04319-bcdd-45fc-84d1-543dba829a76 5a42c245a9524d2690645093ae1ed2ea 0370d8fb50704220a0d8021f0cc9d2d1 - default default] 10.0.20.44 "GET /v2.0/networks?id=17eda704-9096-402f-b9bf-fcf5c2611f8b HTTP/1.1" status: 200  len: 885 time: 0.2893360
2018-09-28 17:38:42.693 9266 INFO neutron.wsgi [req-9cddde03-2a49-4dfd-94a9-a4b58e3d15ea 5a42c245a9524d2690645093ae1ed2ea 0370d8fb50704220a0d8021f0cc9d2d1 - default default] 10.0.20.44 "GET /v2.0/floatingips?fixed_ip_address=11.218.1.8&port_id=fcbec8f9-1825-431e-9051-ccd468b3dd4f HTTP/1.1" status: 200  len: 217 time: 0.0347950
2018-09-28 17:38:42.731 9262 DEBUG neutron_lib.callbacks.manager [req-0293eef5-17ab-4a5d-b373-f1d8caa6de1a 5f679608b1404146800f9342acb17105 f0f98ade863c408ca03c04c01b2db460 - default default] Notify callbacks ['neutron.services.l3_router.l3_router_plugin.L3RouterPlugin._create_dvr_floating_gw_port--9223372036854323284'] for floatingip, after_update _notify_loop /usr/lib/python2.7/site-packages/neutron_lib/callbacks/manager.py:167
2018-09-28 17:38:42.736 9262 DEBUG oslo_concurrency.lockutils [-] Lock "event-dispatch" acquired by "neutron.plugins.ml2.ovo_rpc.dispatch_events" :: waited 0.000s inner /usr/lib/python2.7/site-packages/oslo_concurrency/lockutils.py:270
2018-09-28 17:38:42.853 9262 DEBUG neutron.quota.resource [req-0293eef5-17ab-4a5d-b373-f1d8caa6de1a 5f679608b1404146800f9342acb17105 f0f98ade863c408ca03c04c01b2db460 - default default] Persisted dirty status for tenant:14d4e5f8ee6449b6b7500d40350843ac on resource:floatingip mark_dirty /usr/lib/python2.7/site-packages/neutron/quota/resource.py:207
2018-09-28 17:38:42.862 9266 DEBUG neutron.pecan_wsgi.hooks.policy_enforcement [req-d24e00dd-ae8d-4f16-91c3-d03a7a1a6970 5a42c245a9524d2690645093ae1ed2ea 0370d8fb50704220a0d8021f0cc9d2d1 - default default] Attributes excluded by policy engine: [u'shared'] _exclude_attributes_by_policy /usr/lib/python2.7/site-packages/neutron/pecan_wsgi/hooks/policy_enforcement.py:256
2018-09-28 17:38:42.863 9262 DEBUG neutron.quota.resource [req-0293eef5-17ab-4a5d-b373-f1d8caa6de1a 5f679608b1404146800f9342acb17105 f0f98ade863c408ca03c04c01b2db460 - default default] Persisted dirty status for tenant: on resource:port mark_dirty /usr/lib/python2.7/site-packages/neutron/quota/resource.py:207
2018-09-28 17:38:42.865 9266 INFO neutron.wsgi [req-d24e00dd-ae8d-4f16-91c3-d03a7a1a6970 5a42c245a9524d2690645093ae1ed2ea 0370d8fb50704220a0d8021f0cc9d2d1 - default default] 10.0.20.44 "GET /v2.0/subnets?id=3a7c4359-33b9-4ee0-9429-c60caab4b986 HTTP/1.1" status: 200  len: 847 time: 0.1651270
2018-09-28 17:38:42.886 9262 DEBUG neutron.api.rpc.handlers.resources_rpc [req-0293eef5-17ab-4a5d-b373-f1d8caa6de1a 5f679608b1404146800f9342acb17105 f0f98ade863c408ca03c04c01b2db460 - - -] neutron.api.rpc.handlers.resources_rpc.ResourcesPushRpcApi method push called with arguments (<neutron_lib.context.Context object at 0x7ff3d17aef50>, [Port(admin_state_up=True,allowed_address_pairs=[],binding=PortBinding,binding_levels=[],created_at=2018-09-28T21:38:40Z,data_plane_status=<?>,description='',device_id='2bae56c4-e215-4ef8-a9c2-300d681d09b7',device_owner='network:floatingip',dhcp_options=[],distributed_binding=None,dns=None,fixed_ips=[IPAllocation],id=ceed32e9-b829-4b3c-8ada-b437cb60f189,mac_address=fa:16:3e:cb:ef:ca,name='',network_id=e37315f5-198b-4568-ae90-a700192fc268,project_id='',qos_policy_id=None,revision_number=4,security=PortSecurity(ceed32e9-b829-4b3c-8ada-b437cb60f189),security_group_ids=set([]),status='N/A',updated_at=2018-09-28T21:38:42Z)], 'updated') {} wrapper /usr/lib/python2.7/site-packages/oslo_log/helpers.py:66
2018-09-28 17:38:42.893 9262 DEBUG neutron_lib.callbacks.manager [req-0293eef5-17ab-4a5d-b373-f1d8caa6de1a 5f679608b1404146800f9342acb17105 f0f98ade863c408ca03c04c01b2db460 - default default] Notify callbacks ['neutron.notifiers.nova.Notifier._send_nova_notification--9223372036854760428'] for floatingip, before_response _notify_loop /usr/lib/python2.7/site-packages/neutron_lib/callbacks/manager.py:167
2018-09-28 17:38:42.896 9262 INFO neutron.wsgi [req-0293eef5-17ab-4a5d-b373-f1d8caa6de1a 5f679608b1404146800f9342acb17105 f0f98ade863c408ca03c04c01b2db460 - default default] 10.0.20.44 "POST /v2.0/floatingips HTTP/1.1" status: 201  len: 675 time: 3.3555722
2018-09-28 17:38:42.906 9262 DEBUG oslo_concurrency.lockutils [req-0293eef5-17ab-4a5d-b373-f1d8caa6de1a 5f679608b1404146800f9342acb17105 f0f98ade863c408ca03c04c01b2db460 - - -] Lock "event-dispatch" released by "neutron.plugins.ml2.ovo_rpc.dispatch_events" :: held 0.170s inner /usr/lib/python2.7/site-packages/oslo_concurrency/lockutils.py:282
2018-09-28 17:38:43.011 9266 INFO neutron.wsgi [req-2a605d5a-2889-48f1-ada2-77b55544e76f 5a42c245a9524d2690645093ae1ed2ea 0370d8fb50704220a0d8021f0cc9d2d1 - default default] 10.0.20.44 "GET /v2.0/ports?network_id=17eda704-9096-402f-b9bf-fcf5c2611f8b&device_owner=network%3Adhcp HTTP/1.1" status: 200  len: 1128 time: 0.1393371
2018-09-28 17:38:44.441 9261 INFO neutron.wsgi [req-c605d289-1940-4063-ab49-059f214421f7 4958c46b15dc4921a119e21a9e4bcfa1 0370d8fb50704220a0d8021f0cc9d2d1 - default default] 10.0.20.44 "GET /v2.0/ports?device_id=5d7b28d2-38ca-49ef-adea-278c0cf65cae HTTP/1.1" status: 200  len: 1124 time: 0.8485861
2018-09-28 17:38:44.561 9261 INFO neutron.wsgi [req-1677327a-ffe6-49ac-bdce-7f2117baf391 4958c46b15dc4921a119e21a9e4bcfa1 0370d8fb50704220a0d8021f0cc9d2d1 - default default] 10.0.20.44 "GET /v2.0/security-groups?id=0ccae6f3-e8ef-4fb0-b7f6-3a26df4d5090 HTTP/1.1" status: 200  len: 2118 time: 0.1137280
2018-09-28 17:38:46.160 9266 DEBUG neutron.wsgi [-] (9266) accepted ('10.0.20.44', 34636) server /usr/lib/python2.7/site-packages/eventlet/wsgi.py:883
2018-09-28 17:38:46.726 9266 INFO neutron.wsgi [req-a00ae473-7cfe-4c44-860a-364d01da8d70 5a42c245a9524d2690645093ae1ed2ea 0370d8fb50704220a0d8021f0cc9d2d1 - default default] 10.0.20.44 "GET /v2.0/ports?device_id=5d7b28d2-38ca-49ef-adea-278c0cf65cae HTTP/1.1" status: 200  len: 1124 time: 0.5643291
2018-09-28 17:38:46.852 9266 INFO neutron.wsgi [req-ab509668-32e9-48fd-934f-519f0d4a4d13 5a42c245a9524d2690645093ae1ed2ea 0370d8fb50704220a0d8021f0cc9d2d1 - default default] 10.0.20.44 "GET /v2.0/security-groups?id=0ccae6f3-e8ef-4fb0-b7f6-3a26df4d5090 HTTP/1.1" status: 200  len: 2118 time: 0.1142151
2018-09-28 17:38:49.425 9281 DEBUG neutron.db.agents_db [req-3812fb09-1f38-45b6-8ffb-995f3d535abe - - - - -] Agent healthcheck: found 5 active agents agent_health_check /usr/lib/python2.7/site-packages/neutron/db/agents_db.py:281
2018-09-28 17:38:49.519 9266 DEBUG neutron.wsgi [-] (9266) accepted ('10.0.20.44', 34700) server /usr/lib/python2.7/site-packages/eventlet/wsgi.py:883
2018-09-28 17:38:49.883 9266 DEBUG neutron.wsgi [-] (9266) accepted ('10.0.20.44', 34702) server /usr/lib/python2.7/site-packages/eventlet/wsgi.py:883
2018-09-28 17:38:50.445 9266 INFO neutron.wsgi [req-a8d80b06-13fa-4c2e-8b47-1986406c1a3a 5a42c245a9524d2690645093ae1ed2ea 0370d8fb50704220a0d8021f0cc9d2d1 - default default] 10.0.20.44 "GET /v2.0/ports?device_id=5d7b28d2-38ca-49ef-adea-278c0cf65cae HTTP/1.1" status: 200  len: 1124 time: 0.9241071
2018-09-28 17:38:50.635 9266 INFO neutron.wsgi [req-77f6111f-6762-4230-91dd-371e68b4666a 5a42c245a9524d2690645093ae1ed2ea 0370d8fb50704220a0d8021f0cc9d2d1 - default default] 10.0.20.44 "GET /v2.0/security-groups?id=0ccae6f3-e8ef-4fb0-b7f6-3a26df4d5090 HTTP/1.1" status: 200  len: 2118 time: 0.1699729
2018-09-28 17:38:51.540 9266 INFO neutron.wsgi [req-97b78091-baa9-4e02-82a4-49ba1f899cd1 4958c46b15dc4921a119e21a9e4bcfa1 0370d8fb50704220a0d8021f0cc9d2d1 - default default] 10.0.20.44 "GET /v2.0/ports?device_id=5d7b28d2-38ca-49ef-adea-278c0cf65cae HTTP/1.1" status: 200  len: 1124 time: 1.6544569
2018-09-28 17:38:51.673 9266 INFO neutron.wsgi [req-555ee904-d462-4968-a803-33db8ae42464 4958c46b15dc4921a119e21a9e4bcfa1 0370d8fb50704220a0d8021f0cc9d2d1 - default default] 10.0.20.44 "GET /v2.0/security-groups?id=0ccae6f3-e8ef-4fb0-b7f6-3a26df4d5090 HTTP/1.1" status: 200  len: 2118 time: 0.1235030
2018-09-28 17:38:52.414 9264 DEBUG neutron.wsgi [-] (9264) accepted ('10.0.20.44', 34736) server /usr/lib/python2.7/site-packages/eventlet/wsgi.py:883
2018-09-28 17:38:52.426 9264 WARNING keystonemiddleware.auth_token [-] Using the in-process token cache is deprecated as of the 4.2.0 release and may be removed in the 5.0.0 release or the 'O' development cycle. The in-process cache causes inconsistent results and high memory usage. When the feature is removed the auth_token middleware will not cache tokens by default which may result in performance issues. It is recommended to use  memcache for the auth_token token cache by setting the memcached_servers option.
2018-09-28 17:38:54.020 9264 DEBUG oslo_policy._cache_handler [req-dd2891fb-cf1a-467a-92a5-50ddc96a3d71 5a42c245a9524d2690645093ae1ed2ea 0370d8fb50704220a0d8021f0cc9d2d1 - default default] Reloading cached file /etc/neutron/policy.json read_cached_file /usr/lib/python2.7/site-packages/oslo_policy/_cache_handler.py:40
2018-09-28 17:38:54.091 9264 DEBUG oslo_policy.policy [req-dd2891fb-cf1a-467a-92a5-50ddc96a3d71 5a42c245a9524d2690645093ae1ed2ea 0370d8fb50704220a0d8021f0cc9d2d1 - default default] Reloaded policy file: /etc/neutron/policy.json _load_policy_file /usr/lib/python2.7/site-packages/oslo_policy/policy.py:685
2018-09-28 17:38:54.897 9264 DEBUG oslo_policy._cache_handler [req-dd2891fb-cf1a-467a-92a5-50ddc96a3d71 5a42c245a9524d2690645093ae1ed2ea 0370d8fb50704220a0d8021f0cc9d2d1 - default default] Reloading cached file /etc/neutron/policy.json read_cached_file /usr/lib/python2.7/site-packages/oslo_policy/_cache_handler.py:40
2018-09-28 17:38:54.922 9264 DEBUG oslo_policy.policy [req-dd2891fb-cf1a-467a-92a5-50ddc96a3d71 5a42c245a9524d2690645093ae1ed2ea 0370d8fb50704220a0d8021f0cc9d2d1 - default default] Reloaded policy file: /etc/neutron/policy.json _load_policy_file /usr/lib/python2.7/site-packages/oslo_policy/policy.py:685
2018-09-28 17:38:54.933 9264 INFO neutron.wsgi [req-dd2891fb-cf1a-467a-92a5-50ddc96a3d71 5a42c245a9524d2690645093ae1ed2ea 0370d8fb50704220a0d8021f0cc9d2d1 - default default] 10.0.20.44 "GET /v2.0/ports?device_id=5d7b28d2-38ca-49ef-adea-278c0cf65cae HTTP/1.1" status: 200  len: 1124 time: 2.5124800
2018-09-28 17:38:55.504 9264 INFO neutron.wsgi [req-eae96c0f-e95d-4bba-89a0-59844a925204 5a42c245a9524d2690645093ae1ed2ea 0370d8fb50704220a0d8021f0cc9d2d1 - default default] 10.0.20.44 "GET /v2.0/security-groups?id=0ccae6f3-e8ef-4fb0-b7f6-3a26df4d5090 HTTP/1.1" status: 200  len: 2118 time: 0.5604751
2018-09-28 17:38:56.378 9259 DEBUG neutron.wsgi [-] (9259) accepted ('10.0.20.44', 34758) server /usr/lib/python2.7/site-packages/eventlet/wsgi.py:883
2018-09-28 17:38:56.394 9259 WARNING keystonemiddleware.auth_token [-] Using the in-process token cache is deprecated as of the 4.2.0 release and may be removed in the 5.0.0 release or the 'O' development cycle. The in-process cache causes inconsistent results and high memory usage. When the feature is removed the auth_token middleware will not cache tokens by default which may result in performance issues. It is recommended to use  memcache for the auth_token token cache by setting the memcached_servers option.
2018-09-28 17:38:57.704 9259 DEBUG neutron.wsgi [-] (9259) accepted ('10.0.20.44', 34768) server /usr/lib/python2.7/site-packages/eventlet/wsgi.py:883
2018-09-28 17:38:57.936 9259 WARNING keystonemiddleware.auth_token [-] A valid token was submitted as a service token, but it was not a valid service token. This is incorrect but backwards compatible behaviour. This will be removed in future releases.
2018-09-28 17:38:58.131 9259 DEBUG oslo_policy._cache_handler [req-84bc5cd9-3c30-437f-a7ad-0c840f8df2a0 5a42c245a9524d2690645093ae1ed2ea 0370d8fb50704220a0d8021f0cc9d2d1 - default default] Reloading cached file /etc/neutron/policy.json read_cached_file /usr/lib/python2.7/site-packages/oslo_policy/_cache_handler.py:40
2018-09-28 17:38:58.219 9259 DEBUG oslo_policy.policy [req-84bc5cd9-3c30-437f-a7ad-0c840f8df2a0 5a42c245a9524d2690645093ae1ed2ea 0370d8fb50704220a0d8021f0cc9d2d1 - default default] Reloaded policy file: /etc/neutron/policy.json _load_policy_file /usr/lib/python2.7/site-packages/oslo_policy/policy.py:685
2018-09-28 17:38:59.419 9259 DEBUG oslo_policy._cache_handler [req-eb58952e-51e7-4414-a0b0-b77d46fc9926 8cc3e6921cc141b49fb00e5c54a54854 14d4e5f8ee6449b6b7500d40350843ac - a676911e8dfd432c84129086e63c43eb a676911e8dfd432c84129086e63c43eb] Reloading cached file /etc/neutron/policy.json read_cached_file /usr/lib/python2.7/site-packages/oslo_policy/_cache_handler.py:40
2018-09-28 17:38:59.446 9259 DEBUG oslo_policy.policy [req-eb58952e-51e7-4414-a0b0-b77d46fc9926 8cc3e6921cc141b49fb00e5c54a54854 14d4e5f8ee6449b6b7500d40350843ac - a676911e8dfd432c84129086e63c43eb a676911e8dfd432c84129086e63c43eb] Reloaded policy file: /etc/neutron/policy.json _load_policy_file /usr/lib/python2.7/site-packages/oslo_policy/policy.py:685
2018-09-28 17:38:59.456 9259 INFO neutron.wsgi [req-eb58952e-51e7-4414-a0b0-b77d46fc9926 8cc3e6921cc141b49fb00e5c54a54854 14d4e5f8ee6449b6b7500d40350843ac - a676911e8dfd432c84129086e63c43eb a676911e8dfd432c84129086e63c43eb] 10.0.20.44 "GET /v2.0/ports?device_id=5d7b28d2-38ca-49ef-adea-278c0cf65cae HTTP/1.1" status: 200  len: 1124 time: 3.0698760
2018-09-28 17:38:59.461 9259 INFO neutron.wsgi [req-84bc5cd9-3c30-437f-a7ad-0c840f8df2a0 5a42c245a9524d2690645093ae1ed2ea 0370d8fb50704220a0d8021f0cc9d2d1 - default default] 10.0.20.44 "GET /v2.0/ports?device_id=5d7b28d2-38ca-49ef-adea-278c0cf65cae HTTP/1.1" status: 200  len: 1124 time: 1.7491500
2018-09-28 17:38:59.681 9259 INFO neutron.wsgi [req-e1192201-34d2-4af6-9734-6032d5466202 5a42c245a9524d2690645093ae1ed2ea 0370d8fb50704220a0d8021f0cc9d2d1 - default default] 10.0.20.44 "GET /v2.0/security-groups?id=0ccae6f3-e8ef-4fb0-b7f6-3a26df4d5090 HTTP/1.1" status: 200  len: 2118 time: 0.1926200
2018-09-28 17:38:59.684 9259 INFO neutron.wsgi [req-64fccf36-224b-47b7-a34f-cce755f4b325 8cc3e6921cc141b49fb00e5c54a54854 14d4e5f8ee6449b6b7500d40350843ac - a676911e8dfd432c84129086e63c43eb a676911e8dfd432c84129086e63c43eb] 10.0.20.44 "GET /v2.0/security-groups?id=0ccae6f3-e8ef-4fb0-b7f6-3a26df4d5090 HTTP/1.1" status: 200  len: 2118 time: 0.2216220
2018-09-28 17:38:59.935 9274 DEBUG neutron_lib.callbacks.manager [req-e0b6d6e5-3473-4bda-ae28-a27166eee108 - - - - -] Notify callbacks ['neutron.services.segments.db._update_segment_host_mapping_for_agent-8792824391082'] for agent, after_update _notify_loop /usr/lib/python2.7/site-packages/neutron_lib/callbacks/manager.py:167
2018-09-28 17:38:59.952 9259 INFO neutron.wsgi [req-af712a90-674b-402c-ae89-1941758922ac 8cc3e6921cc141b49fb00e5c54a54854 14d4e5f8ee6449b6b7500d40350843ac - a676911e8dfd432c84129086e63c43eb a676911e8dfd432c84129086e63c43eb] 10.0.20.44 "GET /v2.0/ports?device_owner=compute%3Anova&device_id=5d7b28d2-38ca-49ef-adea-278c0cf65cae HTTP/1.1" status: 200  len: 1124 time: 0.1214929
2018-09-28 17:39:00.009 9259 INFO neutron.wsgi [req-da57c011-db67-4922-8d3b-4cba9d2d1a3c 8cc3e6921cc141b49fb00e5c54a54854 14d4e5f8ee6449b6b7500d40350843ac - a676911e8dfd432c84129086e63c43eb a676911e8dfd432c84129086e63c43eb] 10.0.20.44 "GET /v2.0/floatingips?floating_ip_address=172.24.4.10 HTTP/1.1" status: 200  len: 673 time: 0.0495579
2018-09-28 17:39:00.009 9269 DEBUG neutron_lib.callbacks.manager [req-f9cb8b6e-3bdb-4cac-baf5-acf9ca4104a8 - - - - -] Notify callbacks ['neutron.services.segments.db._update_segment_host_mapping_for_agent-8792824391082'] for agent, after_update _notify_loop /usr/lib/python2.7/site-packages/neutron_lib/callbacks/manager.py:167
2018-09-28 17:39:00.066 9275 DEBUG neutron_lib.callbacks.manager [req-97527600-7ff3-472c-981c-12cd892ca9f7 - - - - -] Notify callbacks ['neutron.services.segments.db._update_segment_host_mapping_for_agent-8792824391082'] for agent, after_update _notify_loop /usr/lib/python2.7/site-packages/neutron_lib/callbacks/manager.py:167
2018-09-28 17:39:00.090 9259 DEBUG neutron.api.v2.base [req-eca773cd-1d23-42d1-94f9-0176a995d7d0 8cc3e6921cc141b49fb00e5c54a54854 14d4e5f8ee6449b6b7500d40350843ac - a676911e8dfd432c84129086e63c43eb a676911e8dfd432c84129086e63c43eb] Request body: {u'floatingip': {u'fixed_ip_address': u'11.218.1.8', u'port_id': u'fcbec8f9-1825-431e-9051-ccd468b3dd4f'}} prepare_request_body /usr/lib/python2.7/site-packages/neutron/api/v2/base.py:695
2018-09-28 17:39:00.472 9259 DEBUG neutron_lib.callbacks.manager [req-eca773cd-1d23-42d1-94f9-0176a995d7d0 8cc3e6921cc141b49fb00e5c54a54854 14d4e5f8ee6449b6b7500d40350843ac - a676911e8dfd432c84129086e63c43eb a676911e8dfd432c84129086e63c43eb] Notify callbacks ['neutron.services.l3_router.l3_router_plugin.L3RouterPlugin._create_dvr_floating_gw_port--9223372036854323284'] for floatingip, after_update _notify_loop /usr/lib/python2.7/site-packages/neutron_lib/callbacks/manager.py:167
2018-09-28 17:39:00.910 9279 DEBUG neutron_lib.callbacks.manager [req-04eb95de-5609-4ff6-ac03-8842b97874fe - - - - -] Notify callbacks ['neutron.services.segments.db._update_segment_host_mapping_for_agent-8792824391082'] for agent, after_update _notify_loop /usr/lib/python2.7/site-packages/neutron_lib/callbacks/manager.py:167
2018-09-28 17:39:01.022 9259 DEBUG neutron.scheduler.l3_agent_scheduler [req-eca773cd-1d23-42d1-94f9-0176a995d7d0 8cc3e6921cc141b49fb00e5c54a54854 14d4e5f8ee6449b6b7500d40350843ac - a676911e8dfd432c84129086e63c43eb a676911e8dfd432c84129086e63c43eb] Router 611404ca-d47c-4a3b-a0ac-f12d811692f8 has already been hosted by L3 agent d45b0704-9896-49d5-b686-351109329370 _get_candidates /usr/lib/python2.7/site-packages/neutron/scheduler/l3_agent_scheduler.py:141
2018-09-28 17:39:01.186 9259 DEBUG neutron.api.rpc.agentnotifiers.l3_rpc_agent_api [req-eca773cd-1d23-42d1-94f9-0176a995d7d0 8cc3e6921cc141b49fb00e5c54a54854 14d4e5f8ee6449b6b7500d40350843ac - a676911e8dfd432c84129086e63c43eb a676911e8dfd432c84129086e63c43eb] Notify agent at l3_agent.localhost.localdomain the message routers_updated _agent_notification /usr/lib/python2.7/site-packages/neutron/api/rpc/agentnotifiers/l3_rpc_agent_api.py:69
2018-09-28 17:39:01.547 9272 DEBUG neutron_lib.callbacks.manager [req-b2ccfca8-8592-49f8-949f-57dc44752ef0 - - - - -] Notify callbacks ['neutron.services.segments.db._update_segment_host_mapping_for_agent-8792824391082'] for agent, after_update _notify_loop /usr/lib/python2.7/site-packages/neutron_lib/callbacks/manager.py:167
2018-09-28 17:39:01.565 9259 DEBUG neutron_lib.callbacks.manager [req-eca773cd-1d23-42d1-94f9-0176a995d7d0 8cc3e6921cc141b49fb00e5c54a54854 14d4e5f8ee6449b6b7500d40350843ac - a676911e8dfd432c84129086e63c43eb a676911e8dfd432c84129086e63c43eb] Notify callbacks ['neutron.notifiers.nova.Notifier._send_nova_notification--9223372036854760428'] for floatingip, before_response _notify_loop /usr/lib/python2.7/site-packages/neutron_lib/callbacks/manager.py:167
2018-09-28 17:39:01.591 9273 DEBUG neutron.db.l3_hamode_db [req-15d153e0-80ce-4f75-830c-40a16e329936 - - - - -] neutron.services.l3_router.l3_router_plugin.L3RouterPlugin method get_ha_sync_data_for_host called with arguments (<neutron_lib.context.Context object at 0x7ff3d1c63ad0>, u'localhost.localdomain', <neutron.db.models.agent.Agent[object at 7ff3d1fc2590] {id=u'd45b0704-9896-49d5-b686-351109329370', agent_type=u'L3 agent', binary=u'neutron-l3-agent', topic=u'l3_agent', host=u'localhost.localdomain', availability_zone=u'nova', admin_state_up=True, created_at=datetime.datetime(2018, 9, 12, 22, 28, 54), started_at=datetime.datetime(2018, 9, 28, 21, 28, 1), heartbeat_timestamp=datetime.datetime(2018, 9, 28, 21, 39, 1), description=None, configurations=u'{"agent_mode": "legacy", "gateway_external_network_id": "", "handle_internal_only_routers": true, "routers": 2, "interfaces": 2, "floating_ips": 0, "interface_driver": "neutron.agent.linux.interface.OVSInterfaceDriver", "log_agent_heartbeats": false, "external_network_bridge": "", "ex_gw_ports": 2}', resource_versions=None, load=0}>) {'active': True, 'router_ids': ['611404ca-d47c-4a3b-a0ac-f12d811692f8']} wrapper /usr/lib/python2.7/site-packages/oslo_log/helpers.py:66
2018-09-28 17:39:01.667 9259 INFO neutron.wsgi [req-eca773cd-1d23-42d1-94f9-0176a995d7d0 8cc3e6921cc141b49fb00e5c54a54854 14d4e5f8ee6449b6b7500d40350843ac - a676911e8dfd432c84129086e63c43eb a676911e8dfd432c84129086e63c43eb] 10.0.20.44 "PUT /v2.0/floatingips/2bae56c4-e215-4ef8-a9c2-300d681d09b7 HTTP/1.1" status: 200  len: 746 time: 1.6502769
2018-09-28 17:39:01.668 9259 DEBUG oslo_concurrency.lockutils [-] Lock "notifier-2ee6a144-fa59-4b32-b391-925619f43807" acquired by "neutron.notifiers.batch_notifier.synced_send" :: waited 0.000s inner /usr/lib/python2.7/site-packages/oslo_concurrency/lockutils.py:270
2018-09-28 17:39:01.669 9259 DEBUG neutron.notifiers.nova [-] Sending events: [{'tag': u'fcbec8f9-1825-431e-9051-ccd468b3dd4f', 'name': 'network-changed', 'server_uuid': u'5d7b28d2-38ca-49ef-adea-278c0cf65cae'}] send_events /usr/lib/python2.7/site-packages/neutron/notifiers/nova.py:242
2018-09-28 17:39:02.604 9273 DEBUG neutron.db.l3_hamode_db [req-15d153e0-80ce-4f75-830c-40a16e329936 - - - - -] neutron.services.l3_router.l3_router_plugin.L3RouterPlugin method _process_sync_ha_data called with arguments (<neutron_lib.context.Context object at 0x7ff3d1c63ad0>, [{'status': u'ACTIVE', '_interfaces': [{'status': u'ACTIVE', 'subnets': [{'dns_nameservers': [u'8.8.4.4'], 'ipv6_ra_mode': None, 'gateway_ip': u'11.218.1.1', 'cidr': u'11.218.1.0/24', 'id': u'3a7c4359-33b9-4ee0-9429-c60caab4b986', 'subnetpool_id': None}], 'binding:host_id': u'localhost.localdomain', 'description': u'', 'allowed_address_pairs': [], 'tags': [], 'extra_dhcp_opts': [], 'updated_at': '2018-09-28T21:37:16Z', 'device_owner': u'network:router_interface', 'revision_number': 7, 'port_security_enabled': False, 'binding:profile': {}, 'mtu': 1450, 'fixed_ips': [{'subnet_id': u'3a7c4359-33b9-4ee0-9429-c60caab4b986', 'prefixlen': 24, 'ip_address': u'11.218.1.1'}], 'id': u'f0f9a349-6b7b-488e-a34c-b7b97445dd8f', 'security_groups': [], 'device_id': u'611404ca-d47c-4a3b-a0ac-f12d811692f8', 'name': u'', 'admin_state_up': True, 'network_id': u'17eda704-9096-402f-b9bf-fcf5c2611f8b', 'tenant_id': u'14d4e5f8ee6449b6b7500d40350843ac', 'binding:vif_details': {u'port_filter': True, u'datapath_type': u'system', u'ovs_hybrid_plug': True}, 'address_scopes': {4: None, 6: None}, 'binding:vnic_type': u'normal', 'binding:vif_type': u'ovs', 'mac_address': u'fa:16:3e:5f:18:e5', 'project_id': u'14d4e5f8ee6449b6b7500d40350843ac', 'extra_subnets': [], 'created_at': '2018-09-28T21:37:08Z'}], 'enable_snat': True, 'ha_vr_id': 0, 'description': u'', 'tags': [], 'gw_port': {'status': u'ACTIVE', 'subnets': [{'dns_nameservers': [], 'ipv6_ra_mode': None, 'gateway_ip': u'172.24.4.1', 'cidr': u'172.24.4.0/24', 'id': u'9bf5d7dd-fc7a-4dce-8dc4-b99d0c6a4b85', 'subnetpool_id': None}], 'binding:host_id': u'localhost.localdomain', 'description': u'', 'allowed_address_pairs': [], 'tags': [], 'extra_dhcp_opts': [], 'updated_at': '2018-09-28T21:37:30Z', 'device_owner': u'network:router_gateway', 'revision_number': 6, 'port_security_enabled': False, 'binding:profile': {}, 'mtu': 1500, 'fixed_ips': [{'subnet_id': u'9bf5d7dd-fc7a-4dce-8dc4-b99d0c6a4b85', 'prefixlen': 24, 'ip_address': u'172.24.4.7'}], 'id': u'9bd0b2af-41c4-41f6-9c1c-93be06853de2', 'security_groups': [], 'device_id': u'611404ca-d47c-4a3b-a0ac-f12d811692f8', 'name': u'', 'admin_state_up': True, 'network_id': u'e37315f5-198b-4568-ae90-a700192fc268', 'tenant_id': u'', 'binding:vif_details': {u'port_filter': True, u'datapath_type': u'system', u'ovs_hybrid_plug': True}, 'address_scopes': {4: None, 6: None}, 'binding:vnic_type': u'normal', 'binding:vif_type': u'ovs', 'mac_address': u'fa:16:3e:6e:fa:8d', 'project_id': u'', 'extra_subnets': [], 'created_at': '2018-09-28T21:37:23Z'}, 'updated_at': '2018-09-28T21:37:25Z', 'revision_number': 4, 'ha': False, 'id': u'611404ca-d47c-4a3b-a0ac-f12d811692f8', 'gw_port_host': u'localhost.localdomain', 'external_gateway_info': {'network_id': u'e37315f5-198b-4568-ae90-a700192fc268', 'enable_snat': True, 'external_fixed_ips': [{'subnet_id': u'9bf5d7dd-fc7a-4dce-8dc4-b99d0c6a4b85', 'ip_address': u'172.24.4.7'}]}, 'availability_zone_hints': [], 'availability_zones': [u'nova'], 'name': u'tempest-router-1538170452', 'gw_port_id': u'9bd0b2af-41c4-41f6-9c1c-93be06853de2', 'admin_state_up': True, 'tenant_id': u'14d4e5f8ee6449b6b7500d40350843ac', 'created_at': '2018-09-28T21:36:50Z', 'distributed': False, 'flavor_id': None, 'routes': [], 'project_id': u'14d4e5f8ee6449b6b7500d40350843ac', '_floatingips': [{'router_id': u'611404ca-d47c-4a3b-a0ac-f12d811692f8', 'status': u'DOWN', 'description': u'', 'tags': [], 'updated_at': '2018-09-28T21:39:00Z', 'dns_domain': '', 'floating_network_id': u'e37315f5-198b-4568-ae90-a700192fc268', 'fixed_ip_address': u'11.218.1.8', 'floating_ip_address': u'172.24.4.10', 'revision_number': 1, 'port_id': u'fcbec8f9-1825-431e-9051-ccd468b3dd4f', 'id': u'2bae56c4-e215-4ef8-a9c2-300d681d09b7', 'dns_name': '', 'created_at': '2018-09-28T21:38:41Z', 'tenant_id': u'14d4e5f8ee6449b6b7500d40350843ac', 'fixed_ip_address_scope': None, 'project_id': u'14d4e5f8ee6449b6b7500d40350843ac'}]}], u'localhost.localdomain', False) {} wrapper /usr/lib/python2.7/site-packages/oslo_log/helpers.py:66
2018-09-28 17:39:02.615 9273 DEBUG neutron.api.rpc.handlers.l3_rpc [req-15d153e0-80ce-4f75-830c-40a16e329936 - - - - -] Checking router: 611404ca-d47c-4a3b-a0ac-f12d811692f8 for host: localhost.localdomain _ensure_host_set_on_ports /usr/lib/python2.7/site-packages/neutron/api/rpc/handlers/l3_rpc.py:135
2018-09-28 17:39:03.210 9278 DEBUG neutron.api.rpc.handlers.l3_rpc [req-f8f05f77-1a1c-4d94-ad25-ccbf3e02ebaa - - - - -] New status for floating IP 2bae56c4-e215-4ef8-a9c2-300d681d09b7: ACTIVE update_floatingip_statuses /usr/lib/python2.7/site-packages/neutron/api/rpc/handlers/l3_rpc.py:252
2018-09-28 17:39:03.549 9259 DEBUG novaclient.v2.client [-] REQ: curl -g -i -X POST http://10.0.20.44:8774/v2.1/0370d8fb50704220a0d8021f0cc9d2d1/os-server-external-events -H "User-Agent: python-novaclient" -H "Content-Type: application/json" -H "Accept: application/json" -H "X-OpenStack-Nova-API-Version: 2.1" -H "X-Auth-Token: {SHA1}68fa4672ceb4232bd7447ab5e231fb3e1f669a36" -d '{"events": [{"tag": "fcbec8f9-1825-431e-9051-ccd468b3dd4f", "name": "network-changed", "server_uuid": "5d7b28d2-38ca-49ef-adea-278c0cf65cae"}]}' _http_log_request /usr/lib/python2.7/site-packages/keystoneauth1/session.py:375
2018-09-28 17:39:04.441 9259 DEBUG novaclient.v2.client [-] RESP: [200] Content-Length: 179 Content-Type: application/json Openstack-Api-Version: compute 2.1 X-Openstack-Nova-Api-Version: 2.1 Vary: OpenStack-API-Version, X-OpenStack-Nova-API-Version X-Openstack-Request-Id: req-17aef317-f902-4692-b283-90a559db99f5 X-Compute-Request-Id: req-17aef317-f902-4692-b283-90a559db99f5 Date: Fri, 28 Sep 2018 21:39:04 GMT Connection: keep-alive 
RESP BODY: {"events": [{"status": "completed", "tag": "fcbec8f9-1825-431e-9051-ccd468b3dd4f", "name": "network-changed", "server_uuid": "5d7b28d2-38ca-49ef-adea-278c0cf65cae", "code": 200}]}
 _http_log_response /usr/lib/python2.7/site-packages/keystoneauth1/session.py:423
2018-09-28 17:39:04.442 9259 DEBUG novaclient.v2.client [-] POST call to compute for http://10.0.20.44:8774/v2.1/0370d8fb50704220a0d8021f0cc9d2d1/os-server-external-events used request id req-17aef317-f902-4692-b283-90a559db99f5 request /usr/lib/python2.7/site-packages/keystoneauth1/session.py:727
2018-09-28 17:39:04.457 9259 INFO neutron.wsgi [req-dc758700-92f7-4dcc-80dc-8d8f682ec11b 5a42c245a9524d2690645093ae1ed2ea 0370d8fb50704220a0d8021f0cc9d2d1 - default default] 10.0.20.44 "GET /v2.0/ports?tenant_id=14d4e5f8ee6449b6b7500d40350843ac&device_id=5d7b28d2-38ca-49ef-adea-278c0cf65cae HTTP/1.1" status: 200  len: 1124 time: 0.9552422
2018-09-28 17:39:04.464 9259 INFO neutron.notifiers.nova [-] Nova event response: {u'status': u'completed', u'tag': u'fcbec8f9-1825-431e-9051-ccd468b3dd4f', u'name': u'network-changed', u'server_uuid': u'5d7b28d2-38ca-49ef-adea-278c0cf65cae', u'code': 200}
