2018-09-28 16:40:50.880 21919 DEBUG oslo_concurrency.lockutils [req-b82867ea-239a-4fd9-ad48-eaf81a022e75 be2d6396e37f4e0990dae20cbae92a07 5bcd004b32534bd284e7ba97bf8be8e9 - f20ad5bb4ec34ada9470006865220d1b f20ad5bb4ec34ada9470006865220d1b] Lock "b4cf805b-f6f1-4a21-9579-857adb7abc84" released by "nova.context.get_or_set_cached_cell_and_set_connections" :: held 0.001s inner /usr/lib/python2.7/site-packages/oslo_concurrency/lockutils.py:282
2018-09-28 16:40:51.020 21919 DEBUG nova.objects.instance [req-b82867ea-239a-4fd9-ad48-eaf81a022e75 be2d6396e37f4e0990dae20cbae92a07 5bcd004b32534bd284e7ba97bf8be8e9 - f20ad5bb4ec34ada9470006865220d1b f20ad5bb4ec34ada9470006865220d1b] Lazy-loading 'services' on Instance uuid 7ec2af3f-7e92-4f06-8596-e9ac608442a1 obj_load_attr /usr/lib/python2.7/site-packages/nova/objects/instance.py:1049
2018-09-28 16:40:51.151 21919 DEBUG nova.policy [req-b82867ea-239a-4fd9-ad48-eaf81a022e75 be2d6396e37f4e0990dae20cbae92a07 5bcd004b32534bd284e7ba97bf8be8e9 - f20ad5bb4ec34ada9470006865220d1b f20ad5bb4ec34ada9470006865220d1b] Policy check for os_compute_api:os-hide-server-addresses failed with credentials {'service_roles': [], 'user_id': u'be2d6396e37f4e0990dae20cbae92a07', 'roles': [u'admin'], 'user_domain_id': u'f20ad5bb4ec34ada9470006865220d1b', 'service_project_id': None, 'service_user_id': None, 'service_user_domain_id': None, 'service_project_domain_id': None, 'is_admin_project': True, 'is_admin': True, 'project_id': u'5bcd004b32534bd284e7ba97bf8be8e9', 'project_domain_id': u'f20ad5bb4ec34ada9470006865220d1b'} authorize /usr/lib/python2.7/site-packages/nova/policy.py:168
2018-09-28 16:40:52.125 21919 INFO nova.osapi_compute.wsgi.server [req-b82867ea-239a-4fd9-ad48-eaf81a022e75 be2d6396e37f4e0990dae20cbae92a07 5bcd004b32534bd284e7ba97bf8be8e9 - f20ad5bb4ec34ada9470006865220d1b f20ad5bb4ec34ada9470006865220d1b] 10.0.20.27 "GET /v2.1/5bcd004b32534bd284e7ba97bf8be8e9/servers/7ec2af3f-7e92-4f06-8596-e9ac608442a1 HTTP/1.1" status: 200 len: 2599 time: 1.2807260
2018-09-28 16:41:21.523 21912 DEBUG nova.osapi_compute.wsgi.server [req-36d2f24b-3871-49ce-b6de-eed90d7e8c65 fa392e292d9542d2b93923e429daa51b 6fb7fed9903f4367bea67981d0c3a9c0 - d7980c8785cd47e2bb58b44220bb5eac d7980c8785cd47e2bb58b44220bb5eac] (21912) accepted ('10.0.20.27', 58894) server /usr/lib/python2.7/site-packages/eventlet/wsgi.py:883
2018-09-28 16:41:21.552 21927 DEBUG nova.metadata.wsgi.server [req-a29bdb15-d8b3-4a4f-ac5e-0af571e9d7fd - - - - -] (21927) accepted ('10.0.20.27', 43274) server /usr/lib/python2.7/site-packages/eventlet/wsgi.py:883
2018-09-28 16:41:21.587 21927 DEBUG oslo_concurrency.lockutils [req-d82e2df0-bceb-46e6-9f36-14bf8ce9a2fd - - - - -] Lock "b4cf805b-f6f1-4a21-9579-857adb7abc84" acquired by "nova.context.get_or_set_cached_cell_and_set_connections" :: waited 0.000s inner /usr/lib/python2.7/site-packages/oslo_concurrency/lockutils.py:270
2018-09-28 16:41:21.589 21927 DEBUG oslo_concurrency.lockutils [req-d82e2df0-bceb-46e6-9f36-14bf8ce9a2fd - - - - -] Lock "b4cf805b-f6f1-4a21-9579-857adb7abc84" released by "nova.context.get_or_set_cached_cell_and_set_connections" :: held 0.002s inner /usr/lib/python2.7/site-packages/oslo_concurrency/lockutils.py:282
2018-09-28 16:41:22.227 21912 DEBUG nova.api.openstack.wsgi [req-ea7ded58-0cfe-412b-8be7-4fd2b76bd84d be2d6396e37f4e0990dae20cbae92a07 5bcd004b32534bd284e7ba97bf8be8e9 - f20ad5bb4ec34ada9470006865220d1b f20ad5bb4ec34ada9470006865220d1b] Calling method '<bound method ServersController.show of <nova.api.openstack.compute.servers.ServersController object at 0x7f80a68fd990>>' _process_stack /usr/lib/python2.7/site-packages/nova/api/openstack/wsgi.py:612
2018-09-28 16:41:22.231 21912 DEBUG nova.compute.api [req-ea7ded58-0cfe-412b-8be7-4fd2b76bd84d be2d6396e37f4e0990dae20cbae92a07 5bcd004b32534bd284e7ba97bf8be8e9 - f20ad5bb4ec34ada9470006865220d1b f20ad5bb4ec34ada9470006865220d1b] Failed to fetch instance by id tempest-INSTANCE_SAMPLE-1538166999 get /usr/lib/python2.7/site-packages/nova/compute/api.py:2329
2018-09-28 16:41:22.233 21912 INFO nova.api.openstack.wsgi [req-ea7ded58-0cfe-412b-8be7-4fd2b76bd84d be2d6396e37f4e0990dae20cbae92a07 5bcd004b32534bd284e7ba97bf8be8e9 - f20ad5bb4ec34ada9470006865220d1b f20ad5bb4ec34ada9470006865220d1b] HTTP exception thrown: Instance tempest-INSTANCE_SAMPLE-1538166999 could not be found.
2018-09-28 16:41:22.235 21912 DEBUG nova.api.openstack.wsgi [req-ea7ded58-0cfe-412b-8be7-4fd2b76bd84d be2d6396e37f4e0990dae20cbae92a07 5bcd004b32534bd284e7ba97bf8be8e9 - f20ad5bb4ec34ada9470006865220d1b f20ad5bb4ec34ada9470006865220d1b] Returning 404 to user: Instance tempest-INSTANCE_SAMPLE-1538166999 could not be found. __call__ /usr/lib/python2.7/site-packages/nova/api/openstack/wsgi.py:1029
2018-09-28 16:41:22.238 21912 INFO nova.osapi_compute.wsgi.server [req-ea7ded58-0cfe-412b-8be7-4fd2b76bd84d be2d6396e37f4e0990dae20cbae92a07 5bcd004b32534bd284e7ba97bf8be8e9 - f20ad5bb4ec34ada9470006865220d1b f20ad5bb4ec34ada9470006865220d1b] 10.0.20.27 "GET /v2.1/5bcd004b32534bd284e7ba97bf8be8e9/servers/tempest-INSTANCE_SAMPLE-1538166999 HTTP/1.1" status: 404 len: 530 time: 0.7086210
2018-09-28 16:41:22.273 21912 DEBUG nova.api.openstack.wsgi [req-5cf71c63-5c81-4f2b-96e4-357387c30ca9 be2d6396e37f4e0990dae20cbae92a07 5bcd004b32534bd284e7ba97bf8be8e9 - f20ad5bb4ec34ada9470006865220d1b f20ad5bb4ec34ada9470006865220d1b] Calling method '<bound method ServersController.index of <nova.api.openstack.compute.servers.ServersController object at 0x7f80a6a26510>>' _process_stack /usr/lib/python2.7/site-packages/nova/api/openstack/wsgi.py:612
2018-09-28 16:41:22.278 21912 DEBUG nova.compute.api [req-5cf71c63-5c81-4f2b-96e4-357387c30ca9 be2d6396e37f4e0990dae20cbae92a07 5bcd004b32534bd284e7ba97bf8be8e9 - f20ad5bb4ec34ada9470006865220d1b f20ad5bb4ec34ada9470006865220d1b] Searching by: {'deleted': False, 'project_id': u'5bcd004b32534bd284e7ba97bf8be8e9', u'name': u'tempest-INSTANCE_SAMPLE-1538166999'} get_all /usr/lib/python2.7/site-packages/nova/compute/api.py:2356
2018-09-28 16:41:22.306 21912 DEBUG oslo_concurrency.lockutils [req-5cf71c63-5c81-4f2b-96e4-357387c30ca9 be2d6396e37f4e0990dae20cbae92a07 5bcd004b32534bd284e7ba97bf8be8e9 - f20ad5bb4ec34ada9470006865220d1b f20ad5bb4ec34ada9470006865220d1b] Lock "00000000-0000-0000-0000-000000000000" acquired by "nova.context.get_or_set_cached_cell_and_set_connections" :: waited 0.000s inner /usr/lib/python2.7/site-packages/oslo_concurrency/lockutils.py:270
2018-09-28 16:41:22.308 21912 DEBUG oslo_concurrency.lockutils [req-5cf71c63-5c81-4f2b-96e4-357387c30ca9 be2d6396e37f4e0990dae20cbae92a07 5bcd004b32534bd284e7ba97bf8be8e9 - f20ad5bb4ec34ada9470006865220d1b f20ad5bb4ec34ada9470006865220d1b] Lock "00000000-0000-0000-0000-000000000000" released by "nova.context.get_or_set_cached_cell_and_set_connections" :: held 0.002s inner /usr/lib/python2.7/site-packages/oslo_concurrency/lockutils.py:282
2018-09-28 16:41:22.397 21912 DEBUG nova.compute.api [req-5cf71c63-5c81-4f2b-96e4-357387c30ca9 be2d6396e37f4e0990dae20cbae92a07 5bcd004b32534bd284e7ba97bf8be8e9 - f20ad5bb4ec34ada9470006865220d1b f20ad5bb4ec34ada9470006865220d1b] Skipping already-collected cell0 list _get_instances_by_filters_all_cells /usr/lib/python2.7/site-packages/nova/compute/api.py:2556
2018-09-28 16:41:22.398 21912 DEBUG nova.compute.api [req-5cf71c63-5c81-4f2b-96e4-357387c30ca9 be2d6396e37f4e0990dae20cbae92a07 5bcd004b32534bd284e7ba97bf8be8e9 - f20ad5bb4ec34ada9470006865220d1b f20ad5bb4ec34ada9470006865220d1b] Listing 1000 instances in cell b4cf805b-f6f1-4a21-9579-857adb7abc84(default) _get_instances_by_filters_all_cells /usr/lib/python2.7/site-packages/nova/compute/api.py:2559
2018-09-28 16:41:22.399 21912 DEBUG oslo_concurrency.lockutils [req-5cf71c63-5c81-4f2b-96e4-357387c30ca9 be2d6396e37f4e0990dae20cbae92a07 5bcd004b32534bd284e7ba97bf8be8e9 - f20ad5bb4ec34ada9470006865220d1b f20ad5bb4ec34ada9470006865220d1b] Lock "b4cf805b-f6f1-4a21-9579-857adb7abc84" acquired by "nova.context.get_or_set_cached_cell_and_set_connections" :: waited 0.000s inner /usr/lib/python2.7/site-packages/oslo_concurrency/lockutils.py:270
2018-09-28 16:41:22.400 21912 DEBUG oslo_concurrency.lockutils [req-5cf71c63-5c81-4f2b-96e4-357387c30ca9 be2d6396e37f4e0990dae20cbae92a07 5bcd004b32534bd284e7ba97bf8be8e9 - f20ad5bb4ec34ada9470006865220d1b f20ad5bb4ec34ada9470006865220d1b] Lock "b4cf805b-f6f1-4a21-9579-857adb7abc84" released by "nova.context.get_or_set_cached_cell_and_set_connections" :: held 0.001s inner /usr/lib/python2.7/site-packages/oslo_concurrency/lockutils.py:282
2018-09-28 16:41:22.500 21912 INFO nova.osapi_compute.wsgi.server [req-5cf71c63-5c81-4f2b-96e4-357387c30ca9 be2d6396e37f4e0990dae20cbae92a07 5bcd004b32534bd284e7ba97bf8be8e9 - f20ad5bb4ec34ada9470006865220d1b f20ad5bb4ec34ada9470006865220d1b] 10.0.20.27 "GET /v2.1/5bcd004b32534bd284e7ba97bf8be8e9/servers?name=tempest-INSTANCE_SAMPLE-1538166999 HTTP/1.1" status: 200 len: 784 time: 0.2371240
2018-09-28 16:41:22.536 21912 DEBUG nova.api.openstack.wsgi [req-7325bdc3-a12d-4619-aa45-4f6cca6f94f9 be2d6396e37f4e0990dae20cbae92a07 5bcd004b32534bd284e7ba97bf8be8e9 - f20ad5bb4ec34ada9470006865220d1b f20ad5bb4ec34ada9470006865220d1b] Calling method '<bound method ServersController.show of <nova.api.openstack.compute.servers.ServersController object at 0x7f80a68fd990>>' _process_stack /usr/lib/python2.7/site-packages/nova/api/openstack/wsgi.py:612
2018-09-28 16:41:22.539 21912 DEBUG nova.compute.api [req-7325bdc3-a12d-4619-aa45-4f6cca6f94f9 be2d6396e37f4e0990dae20cbae92a07 5bcd004b32534bd284e7ba97bf8be8e9 - f20ad5bb4ec34ada9470006865220d1b f20ad5bb4ec34ada9470006865220d1b] [instance: 7ec2af3f-7e92-4f06-8596-e9ac608442a1] Fetching instance by UUID get /usr/lib/python2.7/site-packages/nova/compute/api.py:2324
2018-09-28 16:41:22.569 21912 DEBUG oslo_concurrency.lockutils [req-7325bdc3-a12d-4619-aa45-4f6cca6f94f9 be2d6396e37f4e0990dae20cbae92a07 5bcd004b32534bd284e7ba97bf8be8e9 - f20ad5bb4ec34ada9470006865220d1b f20ad5bb4ec34ada9470006865220d1b] Lock "b4cf805b-f6f1-4a21-9579-857adb7abc84" acquired by "nova.context.get_or_set_cached_cell_and_set_connections" :: waited 0.000s inner /usr/lib/python2.7/site-packages/oslo_concurrency/lockutils.py:270
2018-09-28 16:41:22.571 21912 DEBUG oslo_concurrency.lockutils [req-7325bdc3-a12d-4619-aa45-4f6cca6f94f9 be2d6396e37f4e0990dae20cbae92a07 5bcd004b32534bd284e7ba97bf8be8e9 - f20ad5bb4ec34ada9470006865220d1b f20ad5bb4ec34ada9470006865220d1b] Lock "b4cf805b-f6f1-4a21-9579-857adb7abc84" released by "nova.context.get_or_set_cached_cell_and_set_connections" :: held 0.001s inner /usr/lib/python2.7/site-packages/oslo_concurrency/lockutils.py:282
2018-09-28 16:41:22.758 21912 DEBUG nova.policy [req-7325bdc3-a12d-4619-aa45-4f6cca6f94f9 be2d6396e37f4e0990dae20cbae92a07 5bcd004b32534bd284e7ba97bf8be8e9 - f20ad5bb4ec34ada9470006865220d1b f20ad5bb4ec34ada9470006865220d1b] Policy check for os_compute_api:os-hide-server-addresses failed with credentials {'service_roles': [], 'user_id': u'be2d6396e37f4e0990dae20cbae92a07', 'roles': [u'admin'], 'user_domain_id': u'f20ad5bb4ec34ada9470006865220d1b', 'service_project_id': None, 'service_user_id': None, 'service_user_domain_id': None, 'service_project_domain_id': None, 'is_admin_project': True, 'is_admin': True, 'project_id': u'5bcd004b32534bd284e7ba97bf8be8e9', 'project_domain_id': u'f20ad5bb4ec34ada9470006865220d1b'} authorize /usr/lib/python2.7/site-packages/nova/policy.py:168
2018-09-28 16:41:22.829 21927 INFO nova.metadata.wsgi.server [req-d82e2df0-bceb-46e6-9f36-14bf8ce9a2fd - - - - -] 11.160.1.7,10.0.20.27 "GET /2009-04-04/meta-data/instance-id HTTP/1.1" status: 200 len: 127 time: 1.2686892
2018-09-28 16:41:23.761 21932 DEBUG nova.metadata.wsgi.server [req-7fdb5904-6b3b-4e95-bed9-2277644fb5bd - - - - -] (21932) accepted ('10.0.20.27', 43286) server /usr/lib/python2.7/site-packages/eventlet/wsgi.py:883
2018-09-28 16:41:23.796 21932 DEBUG oslo_concurrency.lockutils [req-2a6a80ab-aa67-422b-a2ab-0ce1cd7a0c46 - - - - -] Lock "b4cf805b-f6f1-4a21-9579-857adb7abc84" acquired by "nova.context.get_or_set_cached_cell_and_set_connections" :: waited 0.001s inner /usr/lib/python2.7/site-packages/oslo_concurrency/lockutils.py:270
2018-09-28 16:41:23.797 21932 DEBUG oslo_concurrency.lockutils [req-2a6a80ab-aa67-422b-a2ab-0ce1cd7a0c46 - - - - -] Lock "b4cf805b-f6f1-4a21-9579-857adb7abc84" released by "nova.context.get_or_set_cached_cell_and_set_connections" :: held 0.002s inner /usr/lib/python2.7/site-packages/oslo_concurrency/lockutils.py:282
2018-09-28 16:41:24.277 21912 INFO nova.osapi_compute.wsgi.server [req-7325bdc3-a12d-4619-aa45-4f6cca6f94f9 be2d6396e37f4e0990dae20cbae92a07 5bcd004b32534bd284e7ba97bf8be8e9 - f20ad5bb4ec34ada9470006865220d1b f20ad5bb4ec34ada9470006865220d1b] 10.0.20.27 "GET /v2.1/5bcd004b32534bd284e7ba97bf8be8e9/servers/7ec2af3f-7e92-4f06-8596-e9ac608442a1 HTTP/1.1" status: 200 len: 2206 time: 1.7498381
2018-09-28 16:41:24.314 21912 DEBUG nova.api.openstack.wsgi [req-f8c4a744-4b28-4bfc-8a1f-0049b9000164 be2d6396e37f4e0990dae20cbae92a07 5bcd004b32534bd284e7ba97bf8be8e9 - f20ad5bb4ec34ada9470006865220d1b f20ad5bb4ec34ada9470006865220d1b] Action: 'action', calling method: <function version_select at 0x7f80a694fb18>, body: {"addFloatingIp": {"address": "172.24.4.10"}} _process_stack /usr/lib/python2.7/site-packages/nova/api/openstack/wsgi.py:609
2018-09-28 16:41:24.318 21912 DEBUG nova.compute.api [req-f8c4a744-4b28-4bfc-8a1f-0049b9000164 be2d6396e37f4e0990dae20cbae92a07 5bcd004b32534bd284e7ba97bf8be8e9 - f20ad5bb4ec34ada9470006865220d1b f20ad5bb4ec34ada9470006865220d1b] [instance: 7ec2af3f-7e92-4f06-8596-e9ac608442a1] Fetching instance by UUID get /usr/lib/python2.7/site-packages/nova/compute/api.py:2324
2018-09-28 16:41:24.336 21912 DEBUG oslo_concurrency.lockutils [req-f8c4a744-4b28-4bfc-8a1f-0049b9000164 be2d6396e37f4e0990dae20cbae92a07 5bcd004b32534bd284e7ba97bf8be8e9 - f20ad5bb4ec34ada9470006865220d1b f20ad5bb4ec34ada9470006865220d1b] Lock "b4cf805b-f6f1-4a21-9579-857adb7abc84" acquired by "nova.context.get_or_set_cached_cell_and_set_connections" :: waited 0.000s inner /usr/lib/python2.7/site-packages/oslo_concurrency/lockutils.py:270
2018-09-28 16:41:24.337 21912 DEBUG oslo_concurrency.lockutils [req-f8c4a744-4b28-4bfc-8a1f-0049b9000164 be2d6396e37f4e0990dae20cbae92a07 5bcd004b32534bd284e7ba97bf8be8e9 - f20ad5bb4ec34ada9470006865220d1b f20ad5bb4ec34ada9470006865220d1b] Lock "b4cf805b-f6f1-4a21-9579-857adb7abc84" released by "nova.context.get_or_set_cached_cell_and_set_connections" :: held 0.001s inner /usr/lib/python2.7/site-packages/oslo_concurrency/lockutils.py:282
2018-09-28 16:41:24.431 21912 DEBUG oslo_concurrency.lockutils [req-f8c4a744-4b28-4bfc-8a1f-0049b9000164 be2d6396e37f4e0990dae20cbae92a07 5bcd004b32534bd284e7ba97bf8be8e9 - f20ad5bb4ec34ada9470006865220d1b f20ad5bb4ec34ada9470006865220d1b] Acquired semaphore "refresh_cache-7ec2af3f-7e92-4f06-8596-e9ac608442a1" lock /usr/lib/python2.7/site-packages/oslo_concurrency/lockutils.py:212
2018-09-28 16:41:25.174 21932 INFO nova.metadata.wsgi.server [req-2a6a80ab-aa67-422b-a2ab-0ce1cd7a0c46 - - - - -] 11.160.1.7,10.0.20.27 "GET /2009-04-04/meta-data/public-keys HTTP/1.1" status: 200 len: 152 time: 1.4090071
2018-09-28 16:41:25.871 21927 DEBUG nova.metadata.wsgi.server [req-d82e2df0-bceb-46e6-9f36-14bf8ce9a2fd - - - - -] (21927) accepted ('10.0.20.27', 43296) server /usr/lib/python2.7/site-packages/eventlet/wsgi.py:883
2018-09-28 16:41:25.876 21927 DEBUG nova.api.metadata.handler [req-d82e2df0-bceb-46e6-9f36-14bf8ce9a2fd - - - - -] Using cached metadata for instance 7ec2af3f-7e92-4f06-8596-e9ac608442a1 get_metadata_by_instance_id /usr/lib/python2.7/site-packages/nova/api/metadata/handler.py:78
2018-09-28 16:41:25.878 21927 INFO nova.metadata.wsgi.server [req-d82e2df0-bceb-46e6-9f36-14bf8ce9a2fd - - - - -] 11.160.1.7,10.0.20.27 "GET /2009-04-04/meta-data/public-keys/0/openssh-key HTTP/1.1" status: 200 len: 526 time: 0.0039601
2018-09-28 16:41:26.618 21925 DEBUG nova.metadata.wsgi.server [req-714d4933-24fe-4db0-8b6f-38207de79add - - - - -] (21925) accepted ('10.0.20.27', 43306) server /usr/lib/python2.7/site-packages/eventlet/wsgi.py:883
2018-09-28 16:41:26.663 21925 DEBUG oslo_concurrency.lockutils [req-9a103c87-76ad-4b8d-bbbb-dd57321c1500 - - - - -] Lock "b4cf805b-f6f1-4a21-9579-857adb7abc84" acquired by "nova.context.get_or_set_cached_cell_and_set_connections" :: waited 0.002s inner /usr/lib/python2.7/site-packages/oslo_concurrency/lockutils.py:270
2018-09-28 16:41:26.666 21925 DEBUG oslo_concurrency.lockutils [req-9a103c87-76ad-4b8d-bbbb-dd57321c1500 - - - - -] Lock "b4cf805b-f6f1-4a21-9579-857adb7abc84" released by "nova.context.get_or_set_cached_cell_and_set_connections" :: held 0.003s inner /usr/lib/python2.7/site-packages/oslo_concurrency/lockutils.py:282
2018-09-28 16:41:26.694 21912 DEBUG nova.network.neutronv2.api [req-f8c4a744-4b28-4bfc-8a1f-0049b9000164 be2d6396e37f4e0990dae20cbae92a07 5bcd004b32534bd284e7ba97bf8be8e9 - f20ad5bb4ec34ada9470006865220d1b f20ad5bb4ec34ada9470006865220d1b] [instance: 7ec2af3f-7e92-4f06-8596-e9ac608442a1] _get_instance_nw_info() _get_instance_nw_info /usr/lib/python2.7/site-packages/nova/network/neutronv2/api.py:1315
2018-09-28 16:41:26.714 21919 DEBUG nova.api.openstack.wsgi [req-7303c584-54b4-425c-9d7f-0fec6df82414 188c109c57d64c60913702830ccfec0b 8961986b09aa454c91f8843d75e99a17 - default default] Action: 'create', calling method: <bound method ServerExternalEventsController.create of <nova.api.openstack.compute.server_external_events.ServerExternalEventsController object at 0x7f80a6bad7d0>>, body: {"events": [{"tag": "967fa762-1b80-4ebb-9e53-d3e238303eca", "name": "network-changed", "server_uuid": "7ec2af3f-7e92-4f06-8596-e9ac608442a1"}]} _process_stack /usr/lib/python2.7/site-packages/nova/api/openstack/wsgi.py:609
2018-09-28 16:41:26.747 21919 DEBUG oslo_concurrency.lockutils [req-7303c584-54b4-425c-9d7f-0fec6df82414 188c109c57d64c60913702830ccfec0b 8961986b09aa454c91f8843d75e99a17 - default default] Lock "b4cf805b-f6f1-4a21-9579-857adb7abc84" acquired by "nova.context.get_or_set_cached_cell_and_set_connections" :: waited 0.000s inner /usr/lib/python2.7/site-packages/oslo_concurrency/lockutils.py:270
2018-09-28 16:41:26.749 21919 DEBUG oslo_concurrency.lockutils [req-7303c584-54b4-425c-9d7f-0fec6df82414 188c109c57d64c60913702830ccfec0b 8961986b09aa454c91f8843d75e99a17 - default default] Lock "b4cf805b-f6f1-4a21-9579-857adb7abc84" released by "nova.context.get_or_set_cached_cell_and_set_connections" :: held 0.002s inner /usr/lib/python2.7/site-packages/oslo_concurrency/lockutils.py:282
2018-09-28 16:41:26.797 21919 INFO nova.api.openstack.compute.server_external_events [req-7303c584-54b4-425c-9d7f-0fec6df82414 188c109c57d64c60913702830ccfec0b 8961986b09aa454c91f8843d75e99a17 - default default] Creating event network-changed:967fa762-1b80-4ebb-9e53-d3e238303eca for instance 7ec2af3f-7e92-4f06-8596-e9ac608442a1 on localhost.localdomain
2018-09-28 16:41:26.841 21919 INFO nova.osapi_compute.wsgi.server [req-7303c584-54b4-425c-9d7f-0fec6df82414 188c109c57d64c60913702830ccfec0b 8961986b09aa454c91f8843d75e99a17 - default default] 10.0.20.27 "POST /v2.1/8961986b09aa454c91f8843d75e99a17/os-server-external-events HTTP/1.1" status: 200 len: 578 time: 0.1392019
2018-09-28 16:41:27.829 21925 INFO nova.metadata.wsgi.server [req-9a103c87-76ad-4b8d-bbbb-dd57321c1500 - - - - -] 11.160.1.7,10.0.20.27 "GET /2009-04-04/meta-data/instance-id HTTP/1.1" status: 200 len: 127 time: 1.2066960
2018-09-28 16:41:28.366 21925 DEBUG nova.metadata.wsgi.server [req-9a103c87-76ad-4b8d-bbbb-dd57321c1500 - - - - -] (21925) accepted ('10.0.20.27', 43326) server /usr/lib/python2.7/site-packages/eventlet/wsgi.py:883
2018-09-28 16:41:28.368 21925 DEBUG nova.api.metadata.handler [req-9a103c87-76ad-4b8d-bbbb-dd57321c1500 - - - - -] Using cached metadata for instance 7ec2af3f-7e92-4f06-8596-e9ac608442a1 get_metadata_by_instance_id /usr/lib/python2.7/site-packages/nova/api/metadata/handler.py:78
2018-09-28 16:41:28.370 21925 INFO nova.metadata.wsgi.server [req-9a103c87-76ad-4b8d-bbbb-dd57321c1500 - - - - -] 11.160.1.7,10.0.20.27 "GET /2009-04-04/meta-data/ami-launch-index HTTP/1.1" status: 200 len: 117 time: 0.0018139
2018-09-28 16:41:28.978 21930 DEBUG nova.metadata.wsgi.server [req-a27ff6f8-f2d1-411e-a2cb-56bf4b701667 - - - - -] (21930) accepted ('10.0.20.27', 43332) server /usr/lib/python2.7/site-packages/eventlet/wsgi.py:883
2018-09-28 16:41:29.013 21930 DEBUG oslo_concurrency.lockutils [req-0db3eee5-b713-4d53-87a5-dab031dd7dcf - - - - -] Lock "b4cf805b-f6f1-4a21-9579-857adb7abc84" acquired by "nova.context.get_or_set_cached_cell_and_set_connections" :: waited 0.000s inner /usr/lib/python2.7/site-packages/oslo_concurrency/lockutils.py:270
2018-09-28 16:41:29.015 21930 DEBUG oslo_concurrency.lockutils [req-0db3eee5-b713-4d53-87a5-dab031dd7dcf - - - - -] Lock "b4cf805b-f6f1-4a21-9579-857adb7abc84" released by "nova.context.get_or_set_cached_cell_and_set_connections" :: held 0.002s inner /usr/lib/python2.7/site-packages/oslo_concurrency/lockutils.py:282
2018-09-28 16:41:29.134 21912 DEBUG nova.network.base_api [req-f8c4a744-4b28-4bfc-8a1f-0049b9000164 be2d6396e37f4e0990dae20cbae92a07 5bcd004b32534bd284e7ba97bf8be8e9 - f20ad5bb4ec34ada9470006865220d1b f20ad5bb4ec34ada9470006865220d1b] [instance: 7ec2af3f-7e92-4f06-8596-e9ac608442a1] Updating instance_info_cache with network_info: [{"profile": {}, "ovs_interfaceid": "967fa762-1b80-4ebb-9e53-d3e238303eca", "preserve_on_delete": false, "network": {"bridge": "br-int", "subnets": [{"ips": [{"meta": {}, "version": 4, "type": "fixed", "floating_ips": [{"meta": {}, "version": 4, "type": "floating", "address": "172.24.4.10"}], "address": "11.160.1.7"}], "version": 4, "meta": {"dhcp_server": "11.160.1.2"}, "dns": [{"meta": {}, "version": 4, "type": "dns", "address": "8.8.4.4"}], "routes": [], "cidr": "11.160.1.0/24", "gateway": {"meta": {}, "version": 4, "type": "gateway", "address": "11.160.1.1"}}], "meta": {"injected": false, "tenant_id": "5bcd004b32534bd284e7ba97bf8be8e9", "mtu": 1450}, "id": "8ab58664-b682-4208-9a62-1257870aa8a1", "label": "tempest-private-1538166999"}, "devname": "tap967fa762-1b", "vnic_type": "normal", "qbh_params": null, "meta": {}, "details": {"port_filter": true, "datapath_type": "system", "ovs_hybrid_plug": true}, "address": "fa:16:3e:fc:a3:29", "active": true, "type": "ovs", "id": "967fa762-1b80-4ebb-9e53-d3e238303eca", "qbg_params": null}] update_instance_cache_with_nw_info /usr/lib/python2.7/site-packages/nova/network/base_api.py:48
2018-09-28 16:41:29.157 21912 DEBUG oslo_concurrency.lockutils [req-f8c4a744-4b28-4bfc-8a1f-0049b9000164 be2d6396e37f4e0990dae20cbae92a07 5bcd004b32534bd284e7ba97bf8be8e9 - f20ad5bb4ec34ada9470006865220d1b f20ad5bb4ec34ada9470006865220d1b] Releasing semaphore "refresh_cache-7ec2af3f-7e92-4f06-8596-e9ac608442a1" lock /usr/lib/python2.7/site-packages/oslo_concurrency/lockutils.py:225
2018-09-28 16:41:29.162 21912 INFO nova.osapi_compute.wsgi.server [req-f8c4a744-4b28-4bfc-8a1f-0049b9000164 be2d6396e37f4e0990dae20cbae92a07 5bcd004b32534bd284e7ba97bf8be8e9 - f20ad5bb4ec34ada9470006865220d1b f20ad5bb4ec34ada9470006865220d1b] 10.0.20.27 "POST /v2.1/5bcd004b32534bd284e7ba97bf8be8e9/servers/7ec2af3f-7e92-4f06-8596-e9ac608442a1/action HTTP/1.1" status: 202 len: 411 time: 4.8626039
2018-09-28 16:41:30.205 21930 INFO nova.metadata.wsgi.server [req-0db3eee5-b713-4d53-87a5-dab031dd7dcf - - - - -] 11.160.1.7,10.0.20.27 "GET /2009-04-04/meta-data/instance-type HTTP/1.1" status: 200 len: 123 time: 1.2198601
2018-09-28 16:41:30.620 21930 DEBUG nova.metadata.wsgi.server [req-0db3eee5-b713-4d53-87a5-dab031dd7dcf - - - - -] (21930) accepted ('10.0.20.27', 43344) server /usr/lib/python2.7/site-packages/eventlet/wsgi.py:883
2018-09-28 16:41:30.623 21930 DEBUG nova.api.metadata.handler [req-0db3eee5-b713-4d53-87a5-dab031dd7dcf - - - - -] Using cached metadata for instance 7ec2af3f-7e92-4f06-8596-e9ac608442a1 get_metadata_by_instance_id /usr/lib/python2.7/site-packages/nova/api/metadata/handler.py:78
2018-09-28 16:41:30.625 21930 INFO nova.metadata.wsgi.server [req-0db3eee5-b713-4d53-87a5-dab031dd7dcf - - - - -] 11.160.1.7,10.0.20.27 "GET /2009-04-04/meta-data/local-ipv4 HTTP/1.1" status: 200 len: 127 time: 0.0024550
2018-09-28 16:41:30.960 21925 DEBUG nova.metadata.wsgi.server [req-9a103c87-76ad-4b8d-bbbb-dd57321c1500 - - - - -] (21925) accepted ('10.0.20.27', 43346) server /usr/lib/python2.7/site-packages/eventlet/wsgi.py:883
2018-09-28 16:41:30.962 21925 DEBUG nova.api.metadata.handler [req-9a103c87-76ad-4b8d-bbbb-dd57321c1500 - - - - -] Using cached metadata for instance 7ec2af3f-7e92-4f06-8596-e9ac608442a1 get_metadata_by_instance_id /usr/lib/python2.7/site-packages/nova/api/metadata/handler.py:78
2018-09-28 16:41:30.964 21925 INFO nova.metadata.wsgi.server [req-9a103c87-76ad-4b8d-bbbb-dd57321c1500 - - - - -] 11.160.1.7,10.0.20.27 "GET /2009-04-04/meta-data/public-ipv4 HTTP/1.1" status: 200 len: 116 time: 0.0021169
2018-09-28 16:41:31.315 21926 DEBUG nova.metadata.wsgi.server [req-65dd9566-58fe-4ce9-88ed-55af8b651074 - - - - -] (21926) accepted ('10.0.20.27', 43352) server /usr/lib/python2.7/site-packages/eventlet/wsgi.py:883
2018-09-28 16:41:31.382 21926 DEBUG oslo_db.sqlalchemy.engines [req-65dd9566-58fe-4ce9-88ed-55af8b651074 - - - - -] MySQL server mode set to STRICT_TRANS_TABLES,STRICT_ALL_TABLES,NO_ZERO_IN_DATE,NO_ZERO_DATE,ERROR_FOR_DIVISION_BY_ZERO,TRADITIONAL,NO_AUTO_CREATE_USER,NO_ENGINE_SUBSTITUTION _check_effective_sql_mode /usr/lib/python2.7/site-packages/oslo_db/sqlalchemy/engines.py:285
2018-09-28 16:41:31.464 21926 DEBUG oslo_concurrency.lockutils [req-dc70187e-b9f5-4977-b818-40cad04db25e - - - - -] Lock "b4cf805b-f6f1-4a21-9579-857adb7abc84" acquired by "nova.context.get_or_set_cached_cell_and_set_connections" :: waited 0.001s inner /usr/lib/python2.7/site-packages/oslo_concurrency/lockutils.py:270
2018-09-28 16:41:31.478 21926 DEBUG oslo_concurrency.lockutils [req-dc70187e-b9f5-4977-b818-40cad04db25e - - - - -] Lock "b4cf805b-f6f1-4a21-9579-857adb7abc84" released by "nova.context.get_or_set_cached_cell_and_set_connections" :: held 0.014s inner /usr/lib/python2.7/site-packages/oslo_concurrency/lockutils.py:282
2018-09-28 16:41:31.521 21926 DEBUG oslo_db.sqlalchemy.engines [req-dc70187e-b9f5-4977-b818-40cad04db25e - - - - -] MySQL server mode set to STRICT_TRANS_TABLES,STRICT_ALL_TABLES,NO_ZERO_IN_DATE,NO_ZERO_DATE,ERROR_FOR_DIVISION_BY_ZERO,TRADITIONAL,NO_AUTO_CREATE_USER,NO_ENGINE_SUBSTITUTION _check_effective_sql_mode /usr/lib/python2.7/site-packages/oslo_db/sqlalchemy/engines.py:285
2018-09-28 16:41:33.793 21926 WARNING oslo_config.cfg [req-dc70187e-b9f5-4977-b818-40cad04db25e - - - - -] Option "dhcp_domain" from group "DEFAULT" is deprecated for removal (
nova-network is deprecated, as are any related configuration options.
).  Its value may be silently ignored in the future.
2018-09-28 16:41:33.797 21926 INFO nova.metadata.wsgi.server [req-dc70187e-b9f5-4977-b818-40cad04db25e - - - - -] 11.160.1.7,10.0.20.27 "GET /2009-04-04/meta-data/hostname HTTP/1.1" status: 200 len: 161 time: 2.4730330
2018-09-28 16:41:34.543 21927 DEBUG nova.metadata.wsgi.server [req-d82e2df0-bceb-46e6-9f36-14bf8ce9a2fd - - - - -] (21927) accepted ('10.0.20.27', 43366) server /usr/lib/python2.7/site-packages/eventlet/wsgi.py:883
2018-09-28 16:41:34.547 21927 DEBUG nova.api.metadata.handler [req-d82e2df0-bceb-46e6-9f36-14bf8ce9a2fd - - - - -] Using cached metadata for instance 7ec2af3f-7e92-4f06-8596-e9ac608442a1 get_metadata_by_instance_id /usr/lib/python2.7/site-packages/nova/api/metadata/handler.py:78
2018-09-28 16:41:34.549 21927 INFO nova.metadata.wsgi.server [req-d82e2df0-bceb-46e6-9f36-14bf8ce9a2fd - - - - -] 11.160.1.7,10.0.20.27 "GET /2009-04-04/meta-data/local-hostname HTTP/1.1" status: 200 len: 161 time: 0.0033090
2018-09-28 16:41:35.225 21936 DEBUG nova.metadata.wsgi.server [req-65dd9566-58fe-4ce9-88ed-55af8b651074 - - - - -] (21936) accepted ('10.0.20.27', 43372) server /usr/lib/python2.7/site-packages/eventlet/wsgi.py:883
2018-09-28 16:41:35.296 21936 DEBUG oslo_db.sqlalchemy.engines [req-65dd9566-58fe-4ce9-88ed-55af8b651074 - - - - -] MySQL server mode set to STRICT_TRANS_TABLES,STRICT_ALL_TABLES,NO_ZERO_IN_DATE,NO_ZERO_DATE,ERROR_FOR_DIVISION_BY_ZERO,TRADITIONAL,NO_AUTO_CREATE_USER,NO_ENGINE_SUBSTITUTION _check_effective_sql_mode /usr/lib/python2.7/site-packages/oslo_db/sqlalchemy/engines.py:285
2018-09-28 16:41:35.355 21936 DEBUG oslo_concurrency.lockutils [req-a6f94c6a-99f0-438a-b664-57b35fe53400 - - - - -] Lock "b4cf805b-f6f1-4a21-9579-857adb7abc84" acquired by "nova.context.get_or_set_cached_cell_and_set_connections" :: waited 0.000s inner /usr/lib/python2.7/site-packages/oslo_concurrency/lockutils.py:270
2018-09-28 16:41:35.364 21936 DEBUG oslo_concurrency.lockutils [req-a6f94c6a-99f0-438a-b664-57b35fe53400 - - - - -] Lock "b4cf805b-f6f1-4a21-9579-857adb7abc84" released by "nova.context.get_or_set_cached_cell_and_set_connections" :: held 0.010s inner /usr/lib/python2.7/site-packages/oslo_concurrency/lockutils.py:282
2018-09-28 16:41:35.396 21936 DEBUG oslo_db.sqlalchemy.engines [req-a6f94c6a-99f0-438a-b664-57b35fe53400 - - - - -] MySQL server mode set to STRICT_TRANS_TABLES,STRICT_ALL_TABLES,NO_ZERO_IN_DATE,NO_ZERO_DATE,ERROR_FOR_DIVISION_BY_ZERO,TRADITIONAL,NO_AUTO_CREATE_USER,NO_ENGINE_SUBSTITUTION _check_effective_sql_mode /usr/lib/python2.7/site-packages/oslo_db/sqlalchemy/engines.py:285
2018-09-28 16:41:37.835 21936 WARNING oslo_config.cfg [req-a6f94c6a-99f0-438a-b664-57b35fe53400 - - - - -] Option "dhcp_domain" from group "DEFAULT" is deprecated for removal (
nova-network is deprecated, as are any related configuration options.
).  Its value may be silently ignored in the future.
2018-09-28 16:41:37.839 21936 INFO nova.metadata.wsgi.server [req-a6f94c6a-99f0-438a-b664-57b35fe53400 - - - - -] 11.160.1.7,10.0.20.27 "GET /2009-04-04/user-data HTTP/1.1" status: 404 len: 176 time: 2.6048560
2018-09-28 16:41:38.498 21926 DEBUG nova.metadata.wsgi.server [req-dc70187e-b9f5-4977-b818-40cad04db25e - - - - -] (21926) accepted ('10.0.20.27', 43390) server /usr/lib/python2.7/site-packages/eventlet/wsgi.py:883
2018-09-28 16:41:38.502 21926 DEBUG nova.api.metadata.handler [req-dc70187e-b9f5-4977-b818-40cad04db25e - - - - -] Using cached metadata for instance 7ec2af3f-7e92-4f06-8596-e9ac608442a1 get_metadata_by_instance_id /usr/lib/python2.7/site-packages/nova/api/metadata/handler.py:78
2018-09-28 16:41:38.504 21926 INFO nova.metadata.wsgi.server [req-dc70187e-b9f5-4977-b818-40cad04db25e - - - - -] 11.160.1.7,10.0.20.27 "GET /2009-04-04/meta-data/block-device-mapping HTTP/1.1" status: 200 len: 124 time: 0.0032940
2018-09-28 16:41:39.139 21930 DEBUG nova.metadata.wsgi.server [req-0db3eee5-b713-4d53-87a5-dab031dd7dcf - - - - -] (21930) accepted ('10.0.20.27', 43556) server /usr/lib/python2.7/site-packages/eventlet/wsgi.py:883
2018-09-28 16:41:39.147 21930 DEBUG nova.api.metadata.handler [req-0db3eee5-b713-4d53-87a5-dab031dd7dcf - - - - -] Using cached metadata for instance 7ec2af3f-7e92-4f06-8596-e9ac608442a1 get_metadata_by_instance_id /usr/lib/python2.7/site-packages/nova/api/metadata/handler.py:78
2018-09-28 16:41:39.152 21930 INFO nova.metadata.wsgi.server [req-0db3eee5-b713-4d53-87a5-dab031dd7dcf - - - - -] 11.160.1.7,10.0.20.27 "GET /2009-04-04/meta-data/block-device-mapping/ami HTTP/1.1" status: 200 len: 119 time: 0.0072849
2018-09-28 16:41:39.414 21926 DEBUG nova.metadata.wsgi.server [req-dc70187e-b9f5-4977-b818-40cad04db25e - - - - -] (21926) accepted ('10.0.20.27', 43790) server /usr/lib/python2.7/site-packages/eventlet/wsgi.py:883
2018-09-28 16:41:39.416 21926 DEBUG nova.api.metadata.handler [req-dc70187e-b9f5-4977-b818-40cad04db25e - - - - -] Using cached metadata for instance 7ec2af3f-7e92-4f06-8596-e9ac608442a1 get_metadata_by_instance_id /usr/lib/python2.7/site-packages/nova/api/metadata/handler.py:78
2018-09-28 16:41:39.418 21926 INFO nova.metadata.wsgi.server [req-dc70187e-b9f5-4977-b818-40cad04db25e - - - - -] 11.160.1.7,10.0.20.27 "GET /2009-04-04/meta-data/block-device-mapping/root HTTP/1.1" status: 200 len: 124 time: 0.0017781
2018-09-28 16:41:39.641 21919 DEBUG nova.osapi_compute.wsgi.server [req-7303c584-54b4-425c-9d7f-0fec6df82414 188c109c57d64c60913702830ccfec0b 8961986b09aa454c91f8843d75e99a17 - default default] (21919) accepted ('10.0.20.27', 59622) server /usr/lib/python2.7/site-packages/eventlet/wsgi.py:883
2018-09-28 16:41:40.327 21919 INFO nova.osapi_compute.wsgi.server [req-aec67519-4649-4257-88fc-5b8b4b178f1e be2d6396e37f4e0990dae20cbae92a07 5bcd004b32534bd284e7ba97bf8be8e9 - f20ad5bb4ec34ada9470006865220d1b f20ad5bb4ec34ada9470006865220d1b] 10.0.20.27 "GET /v2.1/5bcd004b32534bd284e7ba97bf8be8e9 HTTP/1.1" status: 404 len: 382 time: 0.6821320
2018-09-28 16:41:40.346 21919 DEBUG nova.api.openstack.wsgi [req-a2b3bcad-41a6-4c73-aed8-7f3004ec58a1 be2d6396e37f4e0990dae20cbae92a07 5bcd004b32534bd284e7ba97bf8be8e9 - f20ad5bb4ec34ada9470006865220d1b f20ad5bb4ec34ada9470006865220d1b] Calling method '<bound method VersionsController.show of <nova.api.openstack.compute.versionsV21.VersionsController object at 0x7f80a6ddd490>>' _process_stack /usr/lib/python2.7/site-packages/nova/api/openstack/wsgi.py:612
2018-09-28 16:41:40.348 21919 INFO nova.osapi_compute.wsgi.server [req-a2b3bcad-41a6-4c73-aed8-7f3004ec58a1 be2d6396e37f4e0990dae20cbae92a07 5bcd004b32534bd284e7ba97bf8be8e9 - f20ad5bb4ec34ada9470006865220d1b f20ad5bb4ec34ada9470006865220d1b] 10.0.20.27 "GET /v2.1/ HTTP/1.1" status: 200 len: 783 time: 0.0076890
2018-09-28 16:41:40.704 21919 DEBUG nova.api.openstack.wsgi [req-cebbc94e-2adf-426c-891c-907bcba5a238 be2d6396e37f4e0990dae20cbae92a07 5bcd004b32534bd284e7ba97bf8be8e9 - f20ad5bb4ec34ada9470006865220d1b f20ad5bb4ec34ada9470006865220d1b] Calling method '<bound method ServersController.detail of <nova.api.openstack.compute.servers.ServersController object at 0x7f80a69dd650>>' _process_stack /usr/lib/python2.7/site-packages/nova/api/openstack/wsgi.py:612
2018-09-28 16:41:40.707 21919 DEBUG nova.compute.api [req-cebbc94e-2adf-426c-891c-907bcba5a238 be2d6396e37f4e0990dae20cbae92a07 5bcd004b32534bd284e7ba97bf8be8e9 - f20ad5bb4ec34ada9470006865220d1b f20ad5bb4ec34ada9470006865220d1b] Searching by: {'deleted': False, 'project_id': u'5bcd004b32534bd284e7ba97bf8be8e9'} get_all /usr/lib/python2.7/site-packages/nova/compute/api.py:2356
2018-09-28 16:41:40.718 21919 DEBUG oslo_concurrency.lockutils [req-cebbc94e-2adf-426c-891c-907bcba5a238 be2d6396e37f4e0990dae20cbae92a07 5bcd004b32534bd284e7ba97bf8be8e9 - f20ad5bb4ec34ada9470006865220d1b f20ad5bb4ec34ada9470006865220d1b] Lock "00000000-0000-0000-0000-000000000000" acquired by "nova.context.get_or_set_cached_cell_and_set_connections" :: waited 0.000s inner /usr/lib/python2.7/site-packages/oslo_concurrency/lockutils.py:270
2018-09-28 16:41:40.719 21919 DEBUG oslo_concurrency.lockutils [req-cebbc94e-2adf-426c-891c-907bcba5a238 be2d6396e37f4e0990dae20cbae92a07 5bcd004b32534bd284e7ba97bf8be8e9 - f20ad5bb4ec34ada9470006865220d1b f20ad5bb4ec34ada9470006865220d1b] Lock "00000000-0000-0000-0000-000000000000" released by "nova.context.get_or_set_cached_cell_and_set_connections" :: held 0.001s inner /usr/lib/python2.7/site-packages/oslo_concurrency/lockutils.py:282
2018-09-28 16:41:40.741 21930 DEBUG nova.metadata.wsgi.server [req-0db3eee5-b713-4d53-87a5-dab031dd7dcf - - - - -] (21930) accepted ('10.0.20.27', 44442) server /usr/lib/python2.7/site-packages/eventlet/wsgi.py:883
2018-09-28 16:41:40.743 21930 DEBUG nova.api.metadata.handler [req-0db3eee5-b713-4d53-87a5-dab031dd7dcf - - - - -] Using cached metadata for instance 7ec2af3f-7e92-4f06-8596-e9ac608442a1 get_metadata_by_instance_id /usr/lib/python2.7/site-packages/nova/api/metadata/handler.py:78
2018-09-28 16:41:40.744 21930 INFO nova.metadata.wsgi.server [req-0db3eee5-b713-4d53-87a5-dab031dd7dcf - - - - -] 11.160.1.7,10.0.20.27 "GET /2009-04-04/meta-data/public-hostname HTTP/1.1" status: 200 len: 161 time: 0.0016658
2018-09-28 16:41:40.797 21919 DEBUG nova.compute.api [req-cebbc94e-2adf-426c-891c-907bcba5a238 be2d6396e37f4e0990dae20cbae92a07 5bcd004b32534bd284e7ba97bf8be8e9 - f20ad5bb4ec34ada9470006865220d1b f20ad5bb4ec34ada9470006865220d1b] Skipping already-collected cell0 list _get_instances_by_filters_all_cells /usr/lib/python2.7/site-packages/nova/compute/api.py:2556
2018-09-28 16:41:40.798 21919 DEBUG nova.compute.api [req-cebbc94e-2adf-426c-891c-907bcba5a238 be2d6396e37f4e0990dae20cbae92a07 5bcd004b32534bd284e7ba97bf8be8e9 - f20ad5bb4ec34ada9470006865220d1b f20ad5bb4ec34ada9470006865220d1b] Listing 1000 instances in cell b4cf805b-f6f1-4a21-9579-857adb7abc84(default) _get_instances_by_filters_all_cells /usr/lib/python2.7/site-packages/nova/compute/api.py:2559
2018-09-28 16:41:40.800 21919 DEBUG oslo_concurrency.lockutils [req-cebbc94e-2adf-426c-891c-907bcba5a238 be2d6396e37f4e0990dae20cbae92a07 5bcd004b32534bd284e7ba97bf8be8e9 - f20ad5bb4ec34ada9470006865220d1b f20ad5bb4ec34ada9470006865220d1b] Lock "b4cf805b-f6f1-4a21-9579-857adb7abc84" acquired by "nova.context.get_or_set_cached_cell_and_set_connections" :: waited 0.001s inner /usr/lib/python2.7/site-packages/oslo_concurrency/lockutils.py:270
2018-09-28 16:41:40.801 21919 DEBUG oslo_concurrency.lockutils [req-cebbc94e-2adf-426c-891c-907bcba5a238 be2d6396e37f4e0990dae20cbae92a07 5bcd004b32534bd284e7ba97bf8be8e9 - f20ad5bb4ec34ada9470006865220d1b f20ad5bb4ec34ada9470006865220d1b] Lock "b4cf805b-f6f1-4a21-9579-857adb7abc84" released by "nova.context.get_or_set_cached_cell_and_set_connections" :: held 0.001s inner /usr/lib/python2.7/site-packages/oslo_concurrency/lockutils.py:282
2018-09-28 16:41:40.931 21919 DEBUG oslo_concurrency.lockutils [req-cebbc94e-2adf-426c-891c-907bcba5a238 be2d6396e37f4e0990dae20cbae92a07 5bcd004b32534bd284e7ba97bf8be8e9 - f20ad5bb4ec34ada9470006865220d1b f20ad5bb4ec34ada9470006865220d1b] Lock "b4cf805b-f6f1-4a21-9579-857adb7abc84" acquired by "nova.context.get_or_set_cached_cell_and_set_connections" :: waited 0.000s inner /usr/lib/python2.7/site-packages/oslo_concurrency/lockutils.py:270
2018-09-28 16:41:40.932 21919 DEBUG oslo_concurrency.lockutils [req-cebbc94e-2adf-426c-891c-907bcba5a238 be2d6396e37f4e0990dae20cbae92a07 5bcd004b32534bd284e7ba97bf8be8e9 - f20ad5bb4ec34ada9470006865220d1b f20ad5bb4ec34ada9470006865220d1b] Lock "b4cf805b-f6f1-4a21-9579-857adb7abc84" released by "nova.context.get_or_set_cached_cell_and_set_connections" :: held 0.001s inner /usr/lib/python2.7/site-packages/oslo_concurrency/lockutils.py:282
2018-09-28 16:41:40.942 21919 DEBUG nova.policy [req-cebbc94e-2adf-426c-891c-907bcba5a238 be2d6396e37f4e0990dae20cbae92a07 5bcd004b32534bd284e7ba97bf8be8e9 - f20ad5bb4ec34ada9470006865220d1b f20ad5bb4ec34ada9470006865220d1b] Policy check for os_compute_api:os-hide-server-addresses failed with credentials {'service_roles': [], 'user_id': u'be2d6396e37f4e0990dae20cbae92a07', 'roles': [u'admin'], 'user_domain_id': u'f20ad5bb4ec34ada9470006865220d1b', 'service_project_id': None, 'service_user_id': None, 'service_user_domain_id': None, 'service_project_domain_id': None, 'is_admin_project': True, 'is_admin': True, 'project_id': u'5bcd004b32534bd284e7ba97bf8be8e9', 'project_domain_id': u'f20ad5bb4ec34ada9470006865220d1b'} authorize /usr/lib/python2.7/site-packages/nova/policy.py:168
2018-09-28 16:41:40.973 21927 DEBUG nova.metadata.wsgi.server [req-d82e2df0-bceb-46e6-9f36-14bf8ce9a2fd - - - - -] (21927) accepted ('10.0.20.27', 44446) server /usr/lib/python2.7/site-packages/eventlet/wsgi.py:883
2018-09-28 16:41:40.987 21927 DEBUG oslo_concurrency.lockutils [req-c735989a-2eb2-4cce-889d-cdfdc517eb3e - - - - -] Lock "b4cf805b-f6f1-4a21-9579-857adb7abc84" acquired by "nova.context.get_or_set_cached_cell_and_set_connections" :: waited 0.000s inner /usr/lib/python2.7/site-packages/oslo_concurrency/lockutils.py:270
2018-09-28 16:41:40.988 21927 DEBUG oslo_concurrency.lockutils [req-c735989a-2eb2-4cce-889d-cdfdc517eb3e - - - - -] Lock "b4cf805b-f6f1-4a21-9579-857adb7abc84" released by "nova.context.get_or_set_cached_cell_and_set_connections" :: held 0.001s inner /usr/lib/python2.7/site-packages/oslo_concurrency/lockutils.py:282
2018-09-28 16:41:41.354 21927 INFO nova.metadata.wsgi.server [req-c735989a-2eb2-4cce-889d-cdfdc517eb3e - - - - -] 11.160.1.7,10.0.20.27 "GET /2009-04-04/meta-data/placement/availability-zone HTTP/1.1" status: 200 len: 120 time: 0.3790469
2018-09-28 16:41:41.430 21919 INFO nova.osapi_compute.wsgi.server [req-cebbc94e-2adf-426c-891c-907bcba5a238 be2d6396e37f4e0990dae20cbae92a07 5bcd004b32534bd284e7ba97bf8be8e9 - f20ad5bb4ec34ada9470006865220d1b f20ad5bb4ec34ada9470006865220d1b] 10.0.20.27 "GET /v2.1/5bcd004b32534bd284e7ba97bf8be8e9/servers/detail HTTP/1.1" status: 200 len: 2720 time: 0.7329650
2018-09-28 16:42:02.572 21919 DEBUG nova.osapi_compute.wsgi.server [req-cebbc94e-2adf-426c-891c-907bcba5a238 be2d6396e37f4e0990dae20cbae92a07 5bcd004b32534bd284e7ba97bf8be8e9 - f20ad5bb4ec34ada9470006865220d1b f20ad5bb4ec34ada9470006865220d1b] (21919) accepted ('10.0.20.27', 60178) server /usr/lib/python2.7/site-packages/eventlet/wsgi.py:883
2018-09-28 16:42:03.026 21919 DEBUG nova.api.openstack.wsgi [req-3b4aa5e1-37f8-4ff4-9bd1-c7b89b8c58b9 be2d6396e37f4e0990dae20cbae92a07 5bcd004b32534bd284e7ba97bf8be8e9 - f20ad5bb4ec34ada9470006865220d1b f20ad5bb4ec34ada9470006865220d1b] Calling method '<bound method ServersController.detail of <nova.api.openstack.compute.servers.ServersController object at 0x7f80a69dd650>>' _process_stack /usr/lib/python2.7/site-packages/nova/api/openstack/wsgi.py:612
2018-09-28 16:42:03.028 21919 DEBUG nova.compute.api [req-3b4aa5e1-37f8-4ff4-9bd1-c7b89b8c58b9 be2d6396e37f4e0990dae20cbae92a07 5bcd004b32534bd284e7ba97bf8be8e9 - f20ad5bb4ec34ada9470006865220d1b f20ad5bb4ec34ada9470006865220d1b] Searching by: {'deleted': False, 'project_id': u'5bcd004b32534bd284e7ba97bf8be8e9'} get_all /usr/lib/python2.7/site-packages/nova/compute/api.py:2356
2018-09-28 16:42:03.043 21919 DEBUG oslo_concurrency.lockutils [req-3b4aa5e1-37f8-4ff4-9bd1-c7b89b8c58b9 be2d6396e37f4e0990dae20cbae92a07 5bcd004b32534bd284e7ba97bf8be8e9 - f20ad5bb4ec34ada9470006865220d1b f20ad5bb4ec34ada9470006865220d1b] Lock "00000000-0000-0000-0000-000000000000" acquired by "nova.context.get_or_set_cached_cell_and_set_connections" :: waited 0.000s inner /usr/lib/python2.7/site-packages/oslo_concurrency/lockutils.py:270
2018-09-28 16:42:03.044 21919 DEBUG oslo_concurrency.lockutils [req-3b4aa5e1-37f8-4ff4-9bd1-c7b89b8c58b9 be2d6396e37f4e0990dae20cbae92a07 5bcd004b32534bd284e7ba97bf8be8e9 - f20ad5bb4ec34ada9470006865220d1b f20ad5bb4ec34ada9470006865220d1b] Lock "00000000-0000-0000-0000-000000000000" released by "nova.context.get_or_set_cached_cell_and_set_connections" :: held 0.001s inner /usr/lib/python2.7/site-packages/oslo_concurrency/lockutils.py:282
2018-09-28 16:42:03.107 21919 DEBUG nova.compute.api [req-3b4aa5e1-37f8-4ff4-9bd1-c7b89b8c58b9 be2d6396e37f4e0990dae20cbae92a07 5bcd004b32534bd284e7ba97bf8be8e9 - f20ad5bb4ec34ada9470006865220d1b f20ad5bb4ec34ada9470006865220d1b] Skipping already-collected cell0 list _get_instances_by_filters_all_cells /usr/lib/python2.7/site-packages/nova/compute/api.py:2556
2018-09-28 16:42:03.108 21919 DEBUG nova.compute.api [req-3b4aa5e1-37f8-4ff4-9bd1-c7b89b8c58b9 be2d6396e37f4e0990dae20cbae92a07 5bcd004b32534bd284e7ba97bf8be8e9 - f20ad5bb4ec34ada9470006865220d1b f20ad5bb4ec34ada9470006865220d1b] Listing 1000 instances in cell b4cf805b-f6f1-4a21-9579-857adb7abc84(default) _get_instances_by_filters_all_cells /usr/lib/python2.7/site-packages/nova/compute/api.py:2559
2018-09-28 16:42:03.109 21919 DEBUG oslo_concurrency.lockutils [req-3b4aa5e1-37f8-4ff4-9bd1-c7b89b8c58b9 be2d6396e37f4e0990dae20cbae92a07 5bcd004b32534bd284e7ba97bf8be8e9 - f20ad5bb4ec34ada9470006865220d1b f20ad5bb4ec34ada9470006865220d1b] Lock "b4cf805b-f6f1-4a21-9579-857adb7abc84" acquired by "nova.context.get_or_set_cached_cell_and_set_connections" :: waited 0.000s inner /usr/lib/python2.7/site-packages/oslo_concurrency/lockutils.py:270
2018-09-28 16:42:03.109 21919 DEBUG oslo_concurrency.lockutils [req-3b4aa5e1-37f8-4ff4-9bd1-c7b89b8c58b9 be2d6396e37f4e0990dae20cbae92a07 5bcd004b32534bd284e7ba97bf8be8e9 - f20ad5bb4ec34ada9470006865220d1b f20ad5bb4ec34ada9470006865220d1b] Lock "b4cf805b-f6f1-4a21-9579-857adb7abc84" released by "nova.context.get_or_set_cached_cell_and_set_connections" :: held 0.001s inner /usr/lib/python2.7/site-packages/oslo_concurrency/lockutils.py:282
2018-09-28 16:42:03.221 21919 DEBUG oslo_concurrency.lockutils [req-3b4aa5e1-37f8-4ff4-9bd1-c7b89b8c58b9 be2d6396e37f4e0990dae20cbae92a07 5bcd004b32534bd284e7ba97bf8be8e9 - f20ad5bb4ec34ada9470006865220d1b f20ad5bb4ec34ada9470006865220d1b] Lock "b4cf805b-f6f1-4a21-9579-857adb7abc84" acquired by "nova.context.get_or_set_cached_cell_and_set_connections" :: waited 0.000s inner /usr/lib/python2.7/site-packages/oslo_concurrency/lockutils.py:270
2018-09-28 16:42:03.221 21919 DEBUG oslo_concurrency.lockutils [req-3b4aa5e1-37f8-4ff4-9bd1-c7b89b8c58b9 be2d6396e37f4e0990dae20cbae92a07 5bcd004b32534bd284e7ba97bf8be8e9 - f20ad5bb4ec34ada9470006865220d1b f20ad5bb4ec34ada9470006865220d1b] Lock "b4cf805b-f6f1-4a21-9579-857adb7abc84" released by "nova.context.get_or_set_cached_cell_and_set_connections" :: held 0.001s inner /usr/lib/python2.7/site-packages/oslo_concurrency/lockutils.py:282
2018-09-28 16:42:03.238 21919 DEBUG nova.policy [req-3b4aa5e1-37f8-4ff4-9bd1-c7b89b8c58b9 be2d6396e37f4e0990dae20cbae92a07 5bcd004b32534bd284e7ba97bf8be8e9 - f20ad5bb4ec34ada9470006865220d1b f20ad5bb4ec34ada9470006865220d1b] Policy check for os_compute_api:os-hide-server-addresses failed with credentials {'service_roles': [], 'user_id': u'be2d6396e37f4e0990dae20cbae92a07', 'roles': [u'admin'], 'user_domain_id': u'f20ad5bb4ec34ada9470006865220d1b', 'service_project_id': None, 'service_user_id': None, 'service_user_domain_id': None, 'service_project_domain_id': None, 'is_admin_project': True, 'is_admin': True, 'project_id': u'5bcd004b32534bd284e7ba97bf8be8e9', 'project_domain_id': u'f20ad5bb4ec34ada9470006865220d1b'} authorize /usr/lib/python2.7/site-packages/nova/policy.py:168
2018-09-28 16:42:03.771 21919 INFO nova.osapi_compute.wsgi.server [req-3b4aa5e1-37f8-4ff4-9bd1-c7b89b8c58b9 be2d6396e37f4e0990dae20cbae92a07 5bcd004b32534bd284e7ba97bf8be8e9 - f20ad5bb4ec34ada9470006865220d1b f20ad5bb4ec34ada9470006865220d1b] 10.0.20.27 "GET /v2.1/5bcd004b32534bd284e7ba97bf8be8e9/servers/detail HTTP/1.1" status: 200 len: 2327 time: 1.1961288
2018-09-28 16:42:17.229 21912 DEBUG nova.osapi_compute.wsgi.server [req-f8c4a744-4b28-4bfc-8a1f-0049b9000164 be2d6396e37f4e0990dae20cbae92a07 5bcd004b32534bd284e7ba97bf8be8e9 - f20ad5bb4ec34ada9470006865220d1b f20ad5bb4ec34ada9470006865220d1b] (21912) accepted ('10.0.20.27', 60204) server /usr/lib/python2.7/site-packages/eventlet/wsgi.py:883
2018-09-28 16:42:17.805 21912 DEBUG nova.api.openstack.wsgi [req-9b6f5c75-47d8-4e1a-9bc5-d11cc37b50aa be2d6396e37f4e0990dae20cbae92a07 5bcd004b32534bd284e7ba97bf8be8e9 - f20ad5bb4ec34ada9470006865220d1b f20ad5bb4ec34ada9470006865220d1b] Calling method '<bound method ServersController.detail of <nova.api.openstack.compute.servers.ServersController object at 0x7f80a69dd650>>' _process_stack /usr/lib/python2.7/site-packages/nova/api/openstack/wsgi.py:612
2018-09-28 16:42:17.809 21912 DEBUG nova.compute.api [req-9b6f5c75-47d8-4e1a-9bc5-d11cc37b50aa be2d6396e37f4e0990dae20cbae92a07 5bcd004b32534bd284e7ba97bf8be8e9 - f20ad5bb4ec34ada9470006865220d1b f20ad5bb4ec34ada9470006865220d1b] Searching by: {'deleted': False, 'project_id': u'5bcd004b32534bd284e7ba97bf8be8e9'} get_all /usr/lib/python2.7/site-packages/nova/compute/api.py:2356
2018-09-28 16:42:17.833 21912 DEBUG oslo_concurrency.lockutils [req-9b6f5c75-47d8-4e1a-9bc5-d11cc37b50aa be2d6396e37f4e0990dae20cbae92a07 5bcd004b32534bd284e7ba97bf8be8e9 - f20ad5bb4ec34ada9470006865220d1b f20ad5bb4ec34ada9470006865220d1b] Lock "00000000-0000-0000-0000-000000000000" acquired by "nova.context.get_or_set_cached_cell_and_set_connections" :: waited 0.000s inner /usr/lib/python2.7/site-packages/oslo_concurrency/lockutils.py:270
2018-09-28 16:42:17.835 21912 DEBUG oslo_concurrency.lockutils [req-9b6f5c75-47d8-4e1a-9bc5-d11cc37b50aa be2d6396e37f4e0990dae20cbae92a07 5bcd004b32534bd284e7ba97bf8be8e9 - f20ad5bb4ec34ada9470006865220d1b f20ad5bb4ec34ada9470006865220d1b] Lock "00000000-0000-0000-0000-000000000000" released by "nova.context.get_or_set_cached_cell_and_set_connections" :: held 0.002s inner /usr/lib/python2.7/site-packages/oslo_concurrency/lockutils.py:282
2018-09-28 16:42:17.929 21912 DEBUG nova.compute.api [req-9b6f5c75-47d8-4e1a-9bc5-d11cc37b50aa be2d6396e37f4e0990dae20cbae92a07 5bcd004b32534bd284e7ba97bf8be8e9 - f20ad5bb4ec34ada9470006865220d1b f20ad5bb4ec34ada9470006865220d1b] Skipping already-collected cell0 list _get_instances_by_filters_all_cells /usr/lib/python2.7/site-packages/nova/compute/api.py:2556
2018-09-28 16:42:17.930 21912 DEBUG nova.compute.api [req-9b6f5c75-47d8-4e1a-9bc5-d11cc37b50aa be2d6396e37f4e0990dae20cbae92a07 5bcd004b32534bd284e7ba97bf8be8e9 - f20ad5bb4ec34ada9470006865220d1b f20ad5bb4ec34ada9470006865220d1b] Listing 1000 instances in cell b4cf805b-f6f1-4a21-9579-857adb7abc84(default) _get_instances_by_filters_all_cells /usr/lib/python2.7/site-packages/nova/compute/api.py:2559
2018-09-28 16:42:17.931 21912 DEBUG oslo_concurrency.lockutils [req-9b6f5c75-47d8-4e1a-9bc5-d11cc37b50aa be2d6396e37f4e0990dae20cbae92a07 5bcd004b32534bd284e7ba97bf8be8e9 - f20ad5bb4ec34ada9470006865220d1b f20ad5bb4ec34ada9470006865220d1b] Lock "b4cf805b-f6f1-4a21-9579-857adb7abc84" acquired by "nova.context.get_or_set_cached_cell_and_set_connections" :: waited 0.000s inner /usr/lib/python2.7/site-packages/oslo_concurrency/lockutils.py:270
