2018-09-29 17:02:06.698 32338 DEBUG novaclient.v2.client [-] POST call to compute for http://10.0.20.26:8774/v2.1/e169fa6db0c147f283ae7c6a936117f3/os-server-external-events used request id req-5b81e2c3-51ac-4d9a-bf5e-d7b65b9f5433 request /usr/lib/python2.7/site-packages/keystoneauth1/session.py:727
2018-09-29 17:02:06.721 32338 INFO neutron.notifiers.nova [-] Nova event response: {u'status': u'completed', u'tag': u'c5acbc90-5d3c-4e90-944e-4f89dceaad22', u'name': u'network-vif-plugged', u'server_uuid': u'c38c53b4-39e8-44ae-b4ce-80c8c2861872', u'code': 200}
2018-09-29 17:02:08.723 32338 DEBUG oslo_concurrency.lockutils [-] Lock "notifier-3e767a13-ac25-420a-995a-160cd4806bca" released by "neutron.notifiers.batch_notifier.synced_send" :: held 4.389s inner /usr/lib/python2.7/site-packages/oslo_concurrency/lockutils.py:282
2018-09-29 17:02:10.836 32333 DEBUG neutron.wsgi [-] (32333) accepted ('10.0.20.26', 46196) server /usr/lib/python2.7/site-packages/eventlet/wsgi.py:883
2018-09-29 17:02:12.020 32333 INFO neutron.wsgi [req-c4f28945-0075-4c65-b785-1d4d311fe2c8 878c7badd2a0473abe839245e7104e1c 07fe8165e0f64d40b7e7ede19f45d6fb - 7af636a945d34a898d2f68c9857e0e50 7af636a945d34a898d2f68c9857e0e50] 10.0.20.26 "GET /v2.0/ports?device_id=c38c53b4-39e8-44ae-b4ce-80c8c2861872 HTTP/1.1" status: 200  len: 1124 time: 1.1812930
2018-09-29 17:02:12.155 32333 INFO neutron.wsgi [req-df9784f7-99e2-4580-b110-7a3b57bb7717 878c7badd2a0473abe839245e7104e1c 07fe8165e0f64d40b7e7ede19f45d6fb - 7af636a945d34a898d2f68c9857e0e50 7af636a945d34a898d2f68c9857e0e50] 10.0.20.26 "GET /v2.0/security-groups?id=019b5798-9c39-4653-888f-60e0e632c459 HTTP/1.1" status: 200  len: 2118 time: 0.1280329
2018-09-29 17:02:17.058 32341 DEBUG neutron_lib.callbacks.manager [req-fd69a845-4c77-4221-b516-3285e7232e27 - - - - -] Notify callbacks ['neutron.services.segments.db._update_segment_host_mapping_for_agent-8768661312426'] for agent, after_update _notify_loop /usr/lib/python2.7/site-packages/neutron_lib/callbacks/manager.py:167
2018-09-29 17:02:23.049 32332 DEBUG neutron.wsgi [-] (32332) accepted ('10.0.20.26', 46238) server /usr/lib/python2.7/site-packages/eventlet/wsgi.py:883
2018-09-29 17:02:23.056 32332 INFO neutron.wsgi [-] 10.0.20.26 "GET / HTTP/1.1" status: 200  len: 252 time: 0.0052569
2018-09-29 17:02:23.701 32332 INFO neutron.pecan_wsgi.hooks.translation [req-2e3d347f-e592-45ad-a573-cbeda8480abd 81ed535ca88f461e8769becabf682408 67a7d8c970184497ad868e5ea6aa33b6 - default default] GET failed (client error): The resource could not be found.
2018-09-29 17:02:23.704 32332 INFO neutron.wsgi [req-2e3d347f-e592-45ad-a573-cbeda8480abd 81ed535ca88f461e8769becabf682408 67a7d8c970184497ad868e5ea6aa33b6 - default default] 10.0.20.26 "GET /v2.0/networks/public HTTP/1.1" status: 404  len: 314 time: 0.6411359
2018-09-29 17:02:24.003 32332 DEBUG neutron.pecan_wsgi.hooks.policy_enforcement [req-319375f4-56de-4ae4-b76f-b308591ab238 81ed535ca88f461e8769becabf682408 67a7d8c970184497ad868e5ea6aa33b6 - default default] Attributes excluded by policy engine: [u'vlan_transparent'] _exclude_attributes_by_policy /usr/lib/python2.7/site-packages/neutron/pecan_wsgi/hooks/policy_enforcement.py:256
2018-09-29 17:02:24.004 32332 DEBUG neutron.pecan_wsgi.hooks.policy_enforcement [req-319375f4-56de-4ae4-b76f-b308591ab238 81ed535ca88f461e8769becabf682408 67a7d8c970184497ad868e5ea6aa33b6 - default default] Attributes excluded by policy engine: [u'vlan_transparent'] _exclude_attributes_by_policy /usr/lib/python2.7/site-packages/neutron/pecan_wsgi/hooks/policy_enforcement.py:256
2018-09-29 17:02:24.005 32332 DEBUG neutron.pecan_wsgi.hooks.policy_enforcement [req-319375f4-56de-4ae4-b76f-b308591ab238 81ed535ca88f461e8769becabf682408 67a7d8c970184497ad868e5ea6aa33b6 - default default] Attributes excluded by policy engine: [u'vlan_transparent'] _exclude_attributes_by_policy /usr/lib/python2.7/site-packages/neutron/pecan_wsgi/hooks/policy_enforcement.py:256
2018-09-29 17:02:24.008 32332 INFO neutron.wsgi [req-319375f4-56de-4ae4-b76f-b308591ab238 81ed535ca88f461e8769becabf682408 67a7d8c970184497ad868e5ea6aa33b6 - default default] 10.0.20.26 "GET /v2.0/networks HTTP/1.1" status: 200  len: 2214 time: 0.2977629
2018-09-29 17:02:24.675 32343 DEBUG neutron.db.agents_db [req-77494baa-40f7-4252-8ece-a20069001b5c - - - - -] Agent healthcheck: found 5 active agents agent_health_check /usr/lib/python2.7/site-packages/neutron/db/agents_db.py:281
2018-09-29 17:02:24.727 32332 DEBUG neutron.api.v2.base [req-e2b01f39-6997-4392-9531-0afab987d28e 81ed535ca88f461e8769becabf682408 67a7d8c970184497ad868e5ea6aa33b6 - default default] Request body: {u'floatingip': {u'floating_network_id': u'2050c613-9c50-45e4-b9c6-2203ec7994e3', u'tenant_id': u'07fe8165e0f64d40b7e7ede19f45d6fb'}} prepare_request_body /usr/lib/python2.7/site-packages/neutron/api/v2/base.py:695
2018-09-29 17:02:24.731 32332 INFO neutron.quota [req-e2b01f39-6997-4392-9531-0afab987d28e 81ed535ca88f461e8769becabf682408 67a7d8c970184497ad868e5ea6aa33b6 - default default] Loaded quota_driver: <neutron.db.quota.driver.DbQuotaDriver object at 0x7f99ce21ecd0>.
2018-09-29 17:02:24.747 32332 DEBUG neutron.db.quota.driver [req-e2b01f39-6997-4392-9531-0afab987d28e 81ed535ca88f461e8769becabf682408 67a7d8c970184497ad868e5ea6aa33b6 - default default] Resources subnetpool have unlimited quota limit. It is not required to calculate headroom  make_reservation /usr/lib/python2.7/site-packages/neutron/db/quota/driver.py:223
2018-09-29 17:02:24.782 32332 DEBUG neutron.quota.resource [req-e2b01f39-6997-4392-9531-0afab987d28e 81ed535ca88f461e8769becabf682408 67a7d8c970184497ad868e5ea6aa33b6 - default default] Usage tracker for resource:floatingip and tenant:07fe8165e0f64d40b7e7ede19f45d6fb is out of sync, need to count used quota count_used /usr/lib/python2.7/site-packages/neutron/quota/resource.py:274
2018-09-29 17:02:24.812 32332 DEBUG neutron.quota.resource [req-e2b01f39-6997-4392-9531-0afab987d28e 81ed535ca88f461e8769becabf682408 67a7d8c970184497ad868e5ea6aa33b6 - default default] Quota usage for floatingip was recalculated. Used quota:0. count_used /usr/lib/python2.7/site-packages/neutron/quota/resource.py:293
2018-09-29 17:02:24.842 32332 DEBUG neutron.db.quota.driver [req-e2b01f39-6997-4392-9531-0afab987d28e 81ed535ca88f461e8769becabf682408 67a7d8c970184497ad868e5ea6aa33b6 - default default] Attempting to reserve 1 items for resource floatingip. Total usage: 0; quota limit: 50; headroom:50 make_reservation /usr/lib/python2.7/site-packages/neutron/db/quota/driver.py:255
2018-09-29 17:02:25.167 32338 DEBUG neutron_lib.callbacks.manager [req-f0eb6449-e10b-4a80-9ae9-cb0ce20a2adb - - - - -] Notify callbacks ['neutron.services.segments.db._update_segment_host_mapping_for_agent-8768661312426'] for agent, after_update _notify_loop /usr/lib/python2.7/site-packages/neutron_lib/callbacks/manager.py:167
2018-09-29 17:02:25.423 32332 DEBUG neutron_lib.callbacks.manager [req-e2b01f39-6997-4392-9531-0afab987d28e 81ed535ca88f461e8769becabf682408 67a7d8c970184497ad868e5ea6aa33b6 - default default] Notify callbacks ['neutron.plugins.ml2.plugin.Ml2Plugin._ensure_default_security_group_handler-901171'] for port, before_create _notify_loop /usr/lib/python2.7/site-packages/neutron_lib/callbacks/manager.py:167
2018-09-29 17:02:26.042 32339 DEBUG neutron_lib.callbacks.manager [req-fb82f558-0f5f-42de-bc97-789b7849b146 - - - - -] Notify callbacks ['neutron.services.segments.db._update_segment_host_mapping_for_agent-8768661312426'] for agent, after_update _notify_loop /usr/lib/python2.7/site-packages/neutron_lib/callbacks/manager.py:167
2018-09-29 17:02:26.079 32332 DEBUG neutron.db.db_base_plugin_common [req-e2b01f39-6997-4392-9531-0afab987d28e 81ed535ca88f461e8769becabf682408 67a7d8c970184497ad868e5ea6aa33b6 - default default] Allocated IP 172.24.4.3 (2050c613-9c50-45e4-b9c6-2203ec7994e3/fb0bfeb3-1f6d-48f2-94af-fd43cd976e0b/67d57ab6-0184-4581-8135-4c8262f949eb) _store_ip_allocation /usr/lib/python2.7/site-packages/neutron/db/db_base_plugin_common.py:122
2018-09-29 17:02:26.446 32332 DEBUG neutron_lib.callbacks.manager [req-e2b01f39-6997-4392-9531-0afab987d28e 81ed535ca88f461e8769becabf682408 67a7d8c970184497ad868e5ea6aa33b6 - default default] Notify callbacks [] for port, precommit_create _notify_loop /usr/lib/python2.7/site-packages/neutron_lib/callbacks/manager.py:167
2018-09-29 17:02:26.557 32332 DEBUG neutron_lib.callbacks.manager [req-e2b01f39-6997-4392-9531-0afab987d28e 81ed535ca88f461e8769becabf682408 67a7d8c970184497ad868e5ea6aa33b6 - default default] Notify callbacks ['neutron.plugins.ml2.plugin.Ml2Plugin.notify_sg_on_port_change-902292', 'neutron.db.l3_dvrscheduler_db._notify_l3_agent_new_port--9223363268193825856', 'neutron.plugins.ml2.ovo_rpc._ObjectChangeHandler.handle_event--9223372036853155934', 'neutron.api.rpc.agentnotifiers.dhcp_rpc_agent_api.DhcpAgentNotifyAPI._native_event_send_dhcp_notification-1728938'] for port, after_create _notify_loop /usr/lib/python2.7/site-packages/neutron_lib/callbacks/manager.py:167
2018-09-29 17:02:26.558 32332 DEBUG neutron.db.l3_dvrscheduler_db [req-e2b01f39-6997-4392-9531-0afab987d28e 81ed535ca88f461e8769becabf682408 67a7d8c970184497ad868e5ea6aa33b6 - default default] Received port after_create _notify_l3_agent_new_port /usr/lib/python2.7/site-packages/neutron/db/l3_dvrscheduler_db.py:392
2018-09-29 17:02:26.592 32332 DEBUG oslo_concurrency.lockutils [-] Lock "event-dispatch" acquired by "neutron.plugins.ml2.ovo_rpc.dispatch_events" :: waited 0.000s inner /usr/lib/python2.7/site-packages/oslo_concurrency/lockutils.py:270
2018-09-29 17:02:26.819 32332 DEBUG neutron.api.rpc.handlers.resources_rpc [req-e2b01f39-6997-4392-9531-0afab987d28e 81ed535ca88f461e8769becabf682408 67a7d8c970184497ad868e5ea6aa33b6 - - -] neutron.api.rpc.handlers.resources_rpc.ResourcesPushRpcApi method push called with arguments (<neutron_lib.context.Context object at 0x7f99cdcd4a50>, [Port(admin_state_up=True,allowed_address_pairs=[],binding=PortBinding,binding_levels=[],created_at=2018-09-29T21:02:25Z,data_plane_status=<?>,description='',device_id='PENDING',device_owner='network:floatingip',dhcp_options=[],distributed_binding=None,dns=None,fixed_ips=[IPAllocation],id=67d57ab6-0184-4581-8135-4c8262f949eb,mac_address=fa:16:3e:e3:9f:cd,name='',network_id=2050c613-9c50-45e4-b9c6-2203ec7994e3,project_id='',qos_policy_id=None,revision_number=3,security=PortSecurity(67d57ab6-0184-4581-8135-4c8262f949eb),security_group_ids=set([]),status='N/A',updated_at=2018-09-29T21:02:26Z)], 'updated') {} wrapper /usr/lib/python2.7/site-packages/oslo_log/helpers.py:66
2018-09-29 17:02:26.858 32332 DEBUG neutron.api.rpc.callbacks.version_manager [req-e2b01f39-6997-4392-9531-0afab987d28e 81ed535ca88f461e8769becabf682408 67a7d8c970184497ad868e5ea6aa33b6 - - -] Version for resource type Subnet changed None to 1.0 on consumer Open vSwitch agent@localhost.localdomain _set_version /usr/lib/python2.7/site-packages/neutron/api/rpc/callbacks/version_manager.py:119
2018-09-29 17:02:26.859 32332 DEBUG neutron.api.rpc.callbacks.version_manager [req-e2b01f39-6997-4392-9531-0afab987d28e 81ed535ca88f461e8769becabf682408 67a7d8c970184497ad868e5ea6aa33b6 - - -] Version for resource type Network changed None to 1.0 on consumer Open vSwitch agent@localhost.localdomain _set_version /usr/lib/python2.7/site-packages/neutron/api/rpc/callbacks/version_manager.py:119
2018-09-29 17:02:26.860 32332 DEBUG neutron.api.rpc.callbacks.version_manager [req-e2b01f39-6997-4392-9531-0afab987d28e 81ed535ca88f461e8769becabf682408 67a7d8c970184497ad868e5ea6aa33b6 - - -] Version for resource type SubPort changed None to 1.0 on consumer Open vSwitch agent@localhost.localdomain _set_version /usr/lib/python2.7/site-packages/neutron/api/rpc/callbacks/version_manager.py:119
2018-09-29 17:02:26.860 32332 DEBUG neutron.api.rpc.callbacks.version_manager [req-e2b01f39-6997-4392-9531-0afab987d28e 81ed535ca88f461e8769becabf682408 67a7d8c970184497ad868e5ea6aa33b6 - - -] Version for resource type SecurityGroup changed None to 1.0 on consumer Open vSwitch agent@localhost.localdomain _set_version /usr/lib/python2.7/site-packages/neutron/api/rpc/callbacks/version_manager.py:119
2018-09-29 17:02:26.861 32332 DEBUG neutron.api.rpc.callbacks.version_manager [req-e2b01f39-6997-4392-9531-0afab987d28e 81ed535ca88f461e8769becabf682408 67a7d8c970184497ad868e5ea6aa33b6 - - -] Version for resource type SecurityGroupRule changed None to 1.0 on consumer Open vSwitch agent@localhost.localdomain _set_version /usr/lib/python2.7/site-packages/neutron/api/rpc/callbacks/version_manager.py:119
2018-09-29 17:02:26.862 32332 DEBUG neutron.api.rpc.callbacks.version_manager [req-e2b01f39-6997-4392-9531-0afab987d28e 81ed535ca88f461e8769becabf682408 67a7d8c970184497ad868e5ea6aa33b6 - - -] Version for resource type Trunk changed None to 1.1 on consumer Open vSwitch agent@localhost.localdomain _set_version /usr/lib/python2.7/site-packages/neutron/api/rpc/callbacks/version_manager.py:119
2018-09-29 17:02:26.862 32332 DEBUG neutron.api.rpc.callbacks.version_manager [req-e2b01f39-6997-4392-9531-0afab987d28e 81ed535ca88f461e8769becabf682408 67a7d8c970184497ad868e5ea6aa33b6 - - -] Version for resource type QosPolicy changed None to 1.6 on consumer Open vSwitch agent@localhost.localdomain _set_version /usr/lib/python2.7/site-packages/neutron/api/rpc/callbacks/version_manager.py:119
2018-09-29 17:02:26.863 32332 DEBUG neutron.api.rpc.callbacks.version_manager [req-e2b01f39-6997-4392-9531-0afab987d28e 81ed535ca88f461e8769becabf682408 67a7d8c970184497ad868e5ea6aa33b6 - - -] Version for resource type Port changed None to 1.1 on consumer Open vSwitch agent@localhost.localdomain _set_version /usr/lib/python2.7/site-packages/neutron/api/rpc/callbacks/version_manager.py:119
2018-09-29 17:02:26.864 32332 DEBUG neutron.api.rpc.callbacks.version_manager [req-e2b01f39-6997-4392-9531-0afab987d28e 81ed535ca88f461e8769becabf682408 67a7d8c970184497ad868e5ea6aa33b6 - - -] Version for resource type Log changed None to 1.0 on consumer Open vSwitch agent@localhost.localdomain _set_version /usr/lib/python2.7/site-packages/neutron/api/rpc/callbacks/version_manager.py:119
2018-09-29 17:02:26.867 32332 DEBUG neutron.api.rpc.callbacks.version_manager [req-e2b01f39-6997-4392-9531-0afab987d28e 81ed535ca88f461e8769becabf682408 67a7d8c970184497ad868e5ea6aa33b6 - - -] Tracked resource versions report:
pushed versions:
{   'Log': set(['1.0']),
    'Network': set(['1.0']),
    'Port': set(['1.1']),
    'QosPolicy': set(['1.6']),
    'SecurityGroup': set(['1.0']),
    'SecurityGroupRule': set(['1.0']),
    'SubPort': set(['1.0']),
    'Subnet': set(['1.0']),
    'Trunk': set(['1.1'])}

consumer versions:
{   DHCP agent@localhost.localdomain: {   },
    L3 agent@localhost.localdomain: {   },
    Metadata agent@localhost.localdomain: {   },
    Metering agent@localhost.localdomain: {   },
    Open vSwitch agent@localhost.localdomain: {   u'Log': u'1.0',
                                                  u'Network': u'1.0',
                                                  u'Port': u'1.1',
                                                  u'QosPolicy': u'1.6',
                                                  u'SecurityGroup': u'1.0',
                                                  u'SecurityGroupRule': u'1.0',
                                                  u'SubPort': u'1.0',
                                                  u'Subnet': u'1.0',
                                                  u'Trunk': u'1.1'}}
 report /usr/lib/python2.7/site-packages/neutron/api/rpc/callbacks/version_manager.py:178
2018-09-29 17:02:27.351 32332 DEBUG neutron.scheduler.dhcp_agent_scheduler [req-e2b01f39-6997-4392-9531-0afab987d28e 81ed535ca88f461e8769becabf682408 67a7d8c970184497ad868e5ea6aa33b6 - default default] Network 2050c613-9c50-45e4-b9c6-2203ec7994e3 is already hosted by enough agents. _get_dhcp_agents_hosting_network /usr/lib/python2.7/site-packages/neutron/scheduler/dhcp_agent_scheduler.py:243
2018-09-29 17:02:27.413 32332 DEBUG oslo_concurrency.lockutils [req-e2b01f39-6997-4392-9531-0afab987d28e 81ed535ca88f461e8769becabf682408 67a7d8c970184497ad868e5ea6aa33b6 - - -] Lock "event-dispatch" released by "neutron.plugins.ml2.ovo_rpc.dispatch_events" :: held 0.821s inner /usr/lib/python2.7/site-packages/oslo_concurrency/lockutils.py:282
2018-09-29 17:02:27.521 32336 DEBUG neutron_lib.callbacks.manager [req-a2e2f533-f6f8-4d80-b21c-76cc28365bbe - - - - -] Notify callbacks ['neutron.services.segments.db._update_segment_host_mapping_for_agent-8768661312426'] for agent, after_update _notify_loop /usr/lib/python2.7/site-packages/neutron_lib/callbacks/manager.py:167
2018-09-29 17:02:27.894 32332 DEBUG neutron_lib.callbacks.manager [req-e2b01f39-6997-4392-9531-0afab987d28e 81ed535ca88f461e8769becabf682408 67a7d8c970184497ad868e5ea6aa33b6 - default default] Notify callbacks ['neutron.plugins.ml2.plugin.Ml2Plugin._ensure_default_security_group_handler-901171'] for port, before_update _notify_loop /usr/lib/python2.7/site-packages/neutron_lib/callbacks/manager.py:167
2018-09-29 17:02:28.427 32332 DEBUG neutron_lib.callbacks.manager [req-e2b01f39-6997-4392-9531-0afab987d28e 81ed535ca88f461e8769becabf682408 67a7d8c970184497ad868e5ea6aa33b6 - default default] Notify callbacks [] for port, precommit_update _notify_loop /usr/lib/python2.7/site-packages/neutron_lib/callbacks/manager.py:167
2018-09-29 17:02:28.437 32332 DEBUG neutron_lib.callbacks.manager [req-e2b01f39-6997-4392-9531-0afab987d28e 81ed535ca88f461e8769becabf682408 67a7d8c970184497ad868e5ea6aa33b6 - default default] Notify callbacks ['neutron.db.l3_dvrscheduler_db._notify_l3_agent_port_update--9223363268193825841', 'neutron.db.l3_hascheduler_db._notify_l3_agent_ha_port_update-8768660950563', 'neutron.plugins.ml2.plugin.Ml2Plugin.notify_sg_on_port_change-902292', 'neutron.plugins.ml2.ovo_rpc._ObjectChangeHandler.handle_event--9223372036853155934', 'neutron.api.rpc.agentnotifiers.dhcp_rpc_agent_api.DhcpAgentNotifyAPI._native_event_send_dhcp_notification-1728938'] for port, after_update _notify_loop /usr/lib/python2.7/site-packages/neutron_lib/callbacks/manager.py:167
2018-09-29 17:02:28.463 32332 DEBUG oslo_concurrency.lockutils [-] Lock "event-dispatch" acquired by "neutron.plugins.ml2.ovo_rpc.dispatch_events" :: waited 0.000s inner /usr/lib/python2.7/site-packages/oslo_concurrency/lockutils.py:270
2018-09-29 17:02:28.697 32332 DEBUG neutron.api.rpc.handlers.resources_rpc [req-e2b01f39-6997-4392-9531-0afab987d28e 81ed535ca88f461e8769becabf682408 67a7d8c970184497ad868e5ea6aa33b6 - - -] neutron.api.rpc.handlers.resources_rpc.ResourcesPushRpcApi method push called with arguments (<neutron_lib.context.Context object at 0x7f99cded3790>, [Port(admin_state_up=True,allowed_address_pairs=[],binding=PortBinding,binding_levels=[],created_at=2018-09-29T21:02:25Z,data_plane_status=<?>,description='',device_id='0df43a86-5599-4532-ad35-c9bef6328066',device_owner='network:floatingip',dhcp_options=[],distributed_binding=None,dns=None,fixed_ips=[IPAllocation],id=67d57ab6-0184-4581-8135-4c8262f949eb,mac_address=fa:16:3e:e3:9f:cd,name='',network_id=2050c613-9c50-45e4-b9c6-2203ec7994e3,project_id='',qos_policy_id=None,revision_number=4,security=PortSecurity(67d57ab6-0184-4581-8135-4c8262f949eb),security_group_ids=set([]),status='N/A',updated_at=2018-09-29T21:02:28Z)], 'updated') {} wrapper /usr/lib/python2.7/site-packages/oslo_log/helpers.py:66
2018-09-29 17:02:28.745 32332 DEBUG oslo_concurrency.lockutils [req-e2b01f39-6997-4392-9531-0afab987d28e 81ed535ca88f461e8769becabf682408 67a7d8c970184497ad868e5ea6aa33b6 - - -] Lock "event-dispatch" released by "neutron.plugins.ml2.ovo_rpc.dispatch_events" :: held 0.282s inner /usr/lib/python2.7/site-packages/oslo_concurrency/lockutils.py:282
2018-09-29 17:02:28.790 32332 DEBUG neutron_lib.callbacks.manager [req-e2b01f39-6997-4392-9531-0afab987d28e 81ed535ca88f461e8769becabf682408 67a7d8c970184497ad868e5ea6aa33b6 - default default] Notify callbacks ['neutron.services.l3_router.l3_router_plugin.L3RouterPlugin._create_dvr_floating_gw_port--9223372036853195436'] for floatingip, after_update _notify_loop /usr/lib/python2.7/site-packages/neutron_lib/callbacks/manager.py:167
2018-09-29 17:02:28.817 32332 DEBUG neutron.quota.resource [req-e2b01f39-6997-4392-9531-0afab987d28e 81ed535ca88f461e8769becabf682408 67a7d8c970184497ad868e5ea6aa33b6 - default default] Persisted dirty status for tenant:07fe8165e0f64d40b7e7ede19f45d6fb on resource:floatingip mark_dirty /usr/lib/python2.7/site-packages/neutron/quota/resource.py:207
2018-09-29 17:02:28.822 32332 DEBUG neutron.quota.resource [req-e2b01f39-6997-4392-9531-0afab987d28e 81ed535ca88f461e8769becabf682408 67a7d8c970184497ad868e5ea6aa33b6 - default default] Persisted dirty status for tenant: on resource:port mark_dirty /usr/lib/python2.7/site-packages/neutron/quota/resource.py:207
2018-09-29 17:02:28.839 32332 DEBUG neutron_lib.callbacks.manager [req-e2b01f39-6997-4392-9531-0afab987d28e 81ed535ca88f461e8769becabf682408 67a7d8c970184497ad868e5ea6aa33b6 - default default] Notify callbacks ['neutron.notifiers.nova.Notifier._send_nova_notification--9223372036854773992'] for floatingip, before_response _notify_loop /usr/lib/python2.7/site-packages/neutron_lib/callbacks/manager.py:167
2018-09-29 17:02:28.841 32332 INFO neutron.wsgi [req-e2b01f39-6997-4392-9531-0afab987d28e 81ed535ca88f461e8769becabf682408 67a7d8c970184497ad868e5ea6aa33b6 - default default] 10.0.20.26 "POST /v2.0/floatingips HTTP/1.1" status: 201  len: 674 time: 4.1810880
2018-09-29 17:02:32.738 32334 DEBUG neutron_lib.callbacks.manager [req-cb0795cf-092a-49a5-9d5c-82edb8b661ee - - - - -] Notify callbacks ['neutron.services.segments.db._update_segment_host_mapping_for_agent-8768661312426'] for agent, after_update _notify_loop /usr/lib/python2.7/site-packages/neutron_lib/callbacks/manager.py:167
2018-09-29 17:02:39.652 32333 DEBUG neutron.wsgi [-] (32333) accepted ('10.0.20.26', 46300) server /usr/lib/python2.7/site-packages/eventlet/wsgi.py:883
2018-09-29 17:02:40.291 32333 INFO neutron.wsgi [req-b4b161d9-7750-4dc0-a80a-91524802bba5 385405652b74463ca36119e213a84b2c e169fa6db0c147f283ae7c6a936117f3 - default default] 10.0.20.26 "GET /v2.0/ports?device_id=c38c53b4-39e8-44ae-b4ce-80c8c2861872 HTTP/1.1" status: 200  len: 1124 time: 0.6368902
2018-09-29 17:02:40.417 32333 INFO neutron.wsgi [req-a0f010b0-8867-45a1-9b6b-c75041e53aee 385405652b74463ca36119e213a84b2c e169fa6db0c147f283ae7c6a936117f3 - default default] 10.0.20.26 "GET /v2.0/security-groups?id=019b5798-9c39-4653-888f-60e0e632c459 HTTP/1.1" status: 200  len: 2118 time: 0.1164379
2018-09-29 17:02:41.279 32326 INFO neutron.wsgi [req-7f4a0988-3558-46ac-afbd-2abc80783a5f 878c7badd2a0473abe839245e7104e1c 07fe8165e0f64d40b7e7ede19f45d6fb - 7af636a945d34a898d2f68c9857e0e50 7af636a945d34a898d2f68c9857e0e50] 10.0.20.26 "GET /v2.0/ports?device_id=c38c53b4-39e8-44ae-b4ce-80c8c2861872 HTTP/1.1" status: 200  len: 1124 time: 0.5854890
2018-09-29 17:02:41.411 32326 INFO neutron.wsgi [req-29fa4600-b759-4fe1-8147-a19fc887306f 878c7badd2a0473abe839245e7104e1c 07fe8165e0f64d40b7e7ede19f45d6fb - 7af636a945d34a898d2f68c9857e0e50 7af636a945d34a898d2f68c9857e0e50] 10.0.20.26 "GET /v2.0/security-groups?id=019b5798-9c39-4653-888f-60e0e632c459 HTTP/1.1" status: 200  len: 2118 time: 0.1249840
2018-09-29 17:02:41.662 32326 INFO neutron.wsgi [req-dd1a3fd8-aac7-485e-8d24-0ceead49b7aa 878c7badd2a0473abe839245e7104e1c 07fe8165e0f64d40b7e7ede19f45d6fb - 7af636a945d34a898d2f68c9857e0e50 7af636a945d34a898d2f68c9857e0e50] 10.0.20.26 "GET /v2.0/ports?device_owner=compute%3Anova&device_id=c38c53b4-39e8-44ae-b4ce-80c8c2861872 HTTP/1.1" status: 200  len: 1124 time: 0.1091530
2018-09-29 17:02:41.712 32326 INFO neutron.wsgi [req-7094d151-3a6c-48ba-94a4-ca0481a656af 878c7badd2a0473abe839245e7104e1c 07fe8165e0f64d40b7e7ede19f45d6fb - 7af636a945d34a898d2f68c9857e0e50 7af636a945d34a898d2f68c9857e0e50] 10.0.20.26 "GET /v2.0/floatingips?floating_ip_address=172.24.4.3 HTTP/1.1" status: 200  len: 672 time: 0.0419819
2018-09-29 17:02:41.771 32326 DEBUG neutron.api.v2.base [req-0cf0c6bf-06ce-47d8-8ad8-1763371e42e3 878c7badd2a0473abe839245e7104e1c 07fe8165e0f64d40b7e7ede19f45d6fb - 7af636a945d34a898d2f68c9857e0e50 7af636a945d34a898d2f68c9857e0e50] Request body: {u'floatingip': {u'fixed_ip_address': u'11.250.1.5', u'port_id': u'c5acbc90-5d3c-4e90-944e-4f89dceaad22'}} prepare_request_body /usr/lib/python2.7/site-packages/neutron/api/v2/base.py:695
2018-09-29 17:02:41.906 32330 DEBUG neutron.wsgi [-] (32330) accepted ('10.0.20.26', 46334) server /usr/lib/python2.7/site-packages/eventlet/wsgi.py:883
2018-09-29 17:02:42.159 32326 DEBUG neutron_lib.callbacks.manager [req-0cf0c6bf-06ce-47d8-8ad8-1763371e42e3 878c7badd2a0473abe839245e7104e1c 07fe8165e0f64d40b7e7ede19f45d6fb - 7af636a945d34a898d2f68c9857e0e50 7af636a945d34a898d2f68c9857e0e50] Notify callbacks ['neutron.services.l3_router.l3_router_plugin.L3RouterPlugin._create_dvr_floating_gw_port--9223372036853195436'] for floatingip, after_update _notify_loop /usr/lib/python2.7/site-packages/neutron_lib/callbacks/manager.py:167
2018-09-29 17:02:42.558 32330 INFO neutron.wsgi [req-4605167d-0091-4e4b-887b-89f0633ff2f4 385405652b74463ca36119e213a84b2c e169fa6db0c147f283ae7c6a936117f3 - default default] 10.0.20.26 "GET /v2.0/ports?device_id=c38c53b4-39e8-44ae-b4ce-80c8c2861872 HTTP/1.1" status: 200  len: 1124 time: 0.6494882
2018-09-29 17:02:42.713 32330 INFO neutron.wsgi [req-439a6ee9-c830-45cb-b230-27a6ce31ee44 385405652b74463ca36119e213a84b2c e169fa6db0c147f283ae7c6a936117f3 - default default] 10.0.20.26 "GET /v2.0/security-groups?id=019b5798-9c39-4653-888f-60e0e632c459 HTTP/1.1" status: 200  len: 2118 time: 0.1420681
2018-09-29 17:02:42.811 32326 DEBUG neutron.scheduler.l3_agent_scheduler [req-0cf0c6bf-06ce-47d8-8ad8-1763371e42e3 878c7badd2a0473abe839245e7104e1c 07fe8165e0f64d40b7e7ede19f45d6fb - 7af636a945d34a898d2f68c9857e0e50 7af636a945d34a898d2f68c9857e0e50] Router d434cc9c-fc97-4ff1-b3f1-a7c558becf09 has already been hosted by L3 agent 7f84737c-d202-4304-8c5a-a5c3498d9450 _get_candidates /usr/lib/python2.7/site-packages/neutron/scheduler/l3_agent_scheduler.py:141
2018-09-29 17:02:43.080 32326 DEBUG neutron.api.rpc.agentnotifiers.l3_rpc_agent_api [req-0cf0c6bf-06ce-47d8-8ad8-1763371e42e3 878c7badd2a0473abe839245e7104e1c 07fe8165e0f64d40b7e7ede19f45d6fb - 7af636a945d34a898d2f68c9857e0e50 7af636a945d34a898d2f68c9857e0e50] Notify agent at l3_agent.localhost.localdomain the message routers_updated _agent_notification /usr/lib/python2.7/site-packages/neutron/api/rpc/agentnotifiers/l3_rpc_agent_api.py:69
2018-09-29 17:02:43.490 32326 DEBUG neutron_lib.callbacks.manager [req-0cf0c6bf-06ce-47d8-8ad8-1763371e42e3 878c7badd2a0473abe839245e7104e1c 07fe8165e0f64d40b7e7ede19f45d6fb - 7af636a945d34a898d2f68c9857e0e50 7af636a945d34a898d2f68c9857e0e50] Notify callbacks ['neutron.notifiers.nova.Notifier._send_nova_notification--9223372036854773992'] for floatingip, before_response _notify_loop /usr/lib/python2.7/site-packages/neutron_lib/callbacks/manager.py:167
2018-09-29 17:02:43.538 32334 DEBUG neutron.db.l3_hamode_db [req-6e788753-600c-452f-b828-770e98bc8317 - - - - -] neutron.services.l3_router.l3_router_plugin.L3RouterPlugin method get_ha_sync_data_for_host called with arguments (<neutron_lib.context.Context object at 0x7f99ce30dd90>, u'localhost.localdomain', <neutron.db.models.agent.Agent[object at 7f99cdfa8690] {id=u'7f84737c-d202-4304-8c5a-a5c3498d9450', agent_type=u'L3 agent', binary=u'neutron-l3-agent', topic=u'l3_agent', host=u'localhost.localdomain', availability_zone=u'nova', admin_state_up=True, created_at=datetime.datetime(2018, 9, 11, 22, 51, 15), started_at=datetime.datetime(2018, 9, 29, 20, 50, 56), heartbeat_timestamp=datetime.datetime(2018, 9, 29, 21, 2, 26), description=None, configurations=u'{"agent_mode": "legacy", "gateway_external_network_id": "", "handle_internal_only_routers": true, "routers": 2, "interfaces": 2, "floating_ips": 0, "interface_driver": "neutron.agent.linux.interface.OVSInterfaceDriver", "log_agent_heartbeats": false, "external_network_bridge": "", "ex_gw_ports": 2}', resource_versions=None, load=0}>) {'active': True, 'router_ids': ['d434cc9c-fc97-4ff1-b3f1-a7c558becf09']} wrapper /usr/lib/python2.7/site-packages/oslo_log/helpers.py:66
2018-09-29 17:02:43.621 32326 INFO neutron.wsgi [req-0cf0c6bf-06ce-47d8-8ad8-1763371e42e3 878c7badd2a0473abe839245e7104e1c 07fe8165e0f64d40b7e7ede19f45d6fb - 7af636a945d34a898d2f68c9857e0e50 7af636a945d34a898d2f68c9857e0e50] 10.0.20.26 "PUT /v2.0/floatingips/0df43a86-5599-4532-ad35-c9bef6328066 HTTP/1.1" status: 200  len: 745 time: 1.9040940
2018-09-29 17:02:43.622 32326 DEBUG oslo_concurrency.lockutils [-] Lock "notifier-3e767a13-ac25-420a-995a-160cd4806bca" acquired by "neutron.notifiers.batch_notifier.synced_send" :: waited 0.000s inner /usr/lib/python2.7/site-packages/oslo_concurrency/lockutils.py:270
2018-09-29 17:02:43.623 32326 DEBUG neutron.notifiers.nova [-] Sending events: [{'tag': u'c5acbc90-5d3c-4e90-944e-4f89dceaad22', 'name': 'network-changed', 'server_uuid': u'c38c53b4-39e8-44ae-b4ce-80c8c2861872'}] send_events /usr/lib/python2.7/site-packages/neutron/notifiers/nova.py:242
2018-09-29 17:02:45.047 32326 DEBUG novaclient.v2.client [-] REQ: curl -g -i -X POST http://10.0.20.26:8774/v2.1/e169fa6db0c147f283ae7c6a936117f3/os-server-external-events -H "User-Agent: python-novaclient" -H "Content-Type: application/json" -H "Accept: application/json" -H "X-OpenStack-Nova-API-Version: 2.1" -H "X-Auth-Token: {SHA1}5587a8dd4a58c799f9744fdbc7f45b4d59ad6b62" -d '{"events": [{"tag": "c5acbc90-5d3c-4e90-944e-4f89dceaad22", "name": "network-changed", "server_uuid": "c38c53b4-39e8-44ae-b4ce-80c8c2861872"}]}' _http_log_request /usr/lib/python2.7/site-packages/keystoneauth1/session.py:375
2018-09-29 17:02:45.417 32334 DEBUG neutron.db.l3_hamode_db [req-6e788753-600c-452f-b828-770e98bc8317 - - - - -] neutron.services.l3_router.l3_router_plugin.L3RouterPlugin method _process_sync_ha_data called with arguments (<neutron_lib.context.Context object at 0x7f99ce30dd90>, [{'status': u'ACTIVE', '_interfaces': [{'status': u'ACTIVE', 'subnets': [{'dns_nameservers': [u'8.8.4.4'], 'ipv6_ra_mode': None, 'gateway_ip': u'11.250.1.1', 'cidr': u'11.250.1.0/24', 'id': u'396f50c5-e9f4-4a4f-917e-2af22cd3e228', 'subnetpool_id': None}], 'binding:host_id': u'localhost.localdomain', 'description': u'', 'allowed_address_pairs': [], 'tags': [], 'extra_dhcp_opts': [], 'updated_at': '2018-09-29T21:01:21Z', 'device_owner': u'network:router_interface', 'revision_number': 7, 'port_security_enabled': False, 'binding:profile': {}, 'mtu': 1450, 'fixed_ips': [{'subnet_id': u'396f50c5-e9f4-4a4f-917e-2af22cd3e228', 'prefixlen': 24, 'ip_address': u'11.250.1.1'}], 'id': u'bdb61af0-788e-44ac-a9db-23029615a2d0', 'security_groups': [], 'device_id': u'd434cc9c-fc97-4ff1-b3f1-a7c558becf09', 'name': u'', 'admin_state_up': True, 'network_id': u'0ad4ccb1-5df3-4330-9b53-233c9bf26d1e', 'tenant_id': u'07fe8165e0f64d40b7e7ede19f45d6fb', 'binding:vif_details': {u'port_filter': True, u'datapath_type': u'system', u'ovs_hybrid_plug': True}, 'address_scopes': {4: None, 6: None}, 'binding:vnic_type': u'normal', 'binding:vif_type': u'ovs', 'mac_address': u'fa:16:3e:83:a2:2a', 'project_id': u'07fe8165e0f64d40b7e7ede19f45d6fb', 'extra_subnets': [], 'created_at': '2018-09-29T21:01:14Z'}], 'enable_snat': True, 'ha_vr_id': 0, 'description': u'', 'tags': [], 'gw_port': {'status': u'ACTIVE', 'subnets': [{'dns_nameservers': [], 'ipv6_ra_mode': None, 'gateway_ip': u'172.24.4.1', 'cidr': u'172.24.4.0/24', 'id': u'fb0bfeb3-1f6d-48f2-94af-fd43cd976e0b', 'subnetpool_id': None}], 'binding:host_id': u'localhost.localdomain', 'description': u'', 'allowed_address_pairs': [], 'tags': [], 'extra_dhcp_opts': [], 'updated_at': '2018-09-29T21:01:33Z', 'device_owner': u'network:router_gateway', 'revision_number': 6, 'port_security_enabled': False, 'binding:profile': {}, 'mtu': 1500, 'fixed_ips': [{'subnet_id': u'fb0bfeb3-1f6d-48f2-94af-fd43cd976e0b', 'prefixlen': 24, 'ip_address': u'172.24.4.7'}], 'id': u'9de5174e-82e7-430b-9060-2ce13496debe', 'security_groups': [], 'device_id': u'd434cc9c-fc97-4ff1-b3f1-a7c558becf09', 'name': u'', 'admin_state_up': True, 'network_id': u'2050c613-9c50-45e4-b9c6-2203ec7994e3', 'tenant_id': u'', 'binding:vif_details': {u'port_filter': True, u'datapath_type': u'system', u'ovs_hybrid_plug': True}, 'address_scopes': {4: None, 6: None}, 'binding:vnic_type': u'normal', 'binding:vif_type': u'ovs', 'mac_address': u'fa:16:3e:5f:77:49', 'project_id': u'', 'extra_subnets': [], 'created_at': '2018-09-29T21:01:27Z'}, 'updated_at': '2018-09-29T21:01:29Z', 'revision_number': 4, 'ha': False, 'id': u'd434cc9c-fc97-4ff1-b3f1-a7c558becf09', 'gw_port_host': u'localhost.localdomain', 'external_gateway_info': {'network_id': u'2050c613-9c50-45e4-b9c6-2203ec7994e3', 'enable_snat': True, 'external_fixed_ips': [{'subnet_id': u'fb0bfeb3-1f6d-48f2-94af-fd43cd976e0b', 'ip_address': u'172.24.4.7'}]}, 'availability_zone_hints': [], 'availability_zones': [u'nova'], 'name': u'tempest-router-1538254715', 'gw_port_id': u'9de5174e-82e7-430b-9060-2ce13496debe', 'admin_state_up': True, 'tenant_id': u'07fe8165e0f64d40b7e7ede19f45d6fb', 'created_at': '2018-09-29T21:00:55Z', 'distributed': False, 'flavor_id': None, 'routes': [], 'project_id': u'07fe8165e0f64d40b7e7ede19f45d6fb', '_floatingips': [{'router_id': u'd434cc9c-fc97-4ff1-b3f1-a7c558becf09', 'status': u'DOWN', 'description': u'', 'tags': [], 'updated_at': '2018-09-29T21:02:42Z', 'dns_domain': '', 'floating_network_id': u'2050c613-9c50-45e4-b9c6-2203ec7994e3', 'fixed_ip_address': u'11.250.1.5', 'floating_ip_address': u'172.24.4.3', 'revision_number': 1, 'port_id': u'c5acbc90-5d3c-4e90-944e-4f89dceaad22', 'id': u'0df43a86-5599-4532-ad35-c9bef6328066', 'dns_name': '', 'created_at': '2018-09-29T21:02:27Z', 'tenant_id': u'07fe8165e0f64d40b7e7ede19f45d6fb', 'fixed_ip_address_scope': None, 'project_id': u'07fe8165e0f64d40b7e7ede19f45d6fb'}]}], u'localhost.localdomain', False) {} wrapper /usr/lib/python2.7/site-packages/oslo_log/helpers.py:66
2018-09-29 17:02:45.430 32334 DEBUG neutron.api.rpc.handlers.l3_rpc [req-6e788753-600c-452f-b828-770e98bc8317 - - - - -] Checking router: d434cc9c-fc97-4ff1-b3f1-a7c558becf09 for host: localhost.localdomain _ensure_host_set_on_ports /usr/lib/python2.7/site-packages/neutron/api/rpc/handlers/l3_rpc.py:135
2018-09-29 17:02:45.811 32339 DEBUG neutron.api.rpc.handlers.l3_rpc [req-37c5540a-8e65-4163-a5aa-4be8fdc568a6 - - - - -] New status for floating IP 0df43a86-5599-4532-ad35-c9bef6328066: ACTIVE update_floatingip_statuses /usr/lib/python2.7/site-packages/neutron/api/rpc/handlers/l3_rpc.py:252
2018-09-29 17:02:45.971 32326 DEBUG novaclient.v2.client [-] RESP: [200] Content-Length: 179 Content-Type: application/json Openstack-Api-Version: compute 2.1 X-Openstack-Nova-Api-Version: 2.1 Vary: OpenStack-API-Version, X-OpenStack-Nova-API-Version X-Openstack-Request-Id: req-4ab40f81-f3f9-4a5a-8b7e-71bdc9daca3c X-Compute-Request-Id: req-4ab40f81-f3f9-4a5a-8b7e-71bdc9daca3c Date: Sat, 29 Sep 2018 21:02:45 GMT Connection: keep-alive 
RESP BODY: {"events": [{"status": "completed", "tag": "c5acbc90-5d3c-4e90-944e-4f89dceaad22", "name": "network-changed", "server_uuid": "c38c53b4-39e8-44ae-b4ce-80c8c2861872", "code": 200}]}
 _http_log_response /usr/lib/python2.7/site-packages/keystoneauth1/session.py:423
2018-09-29 17:02:45.972 32326 DEBUG novaclient.v2.client [-] POST call to compute for http://10.0.20.26:8774/v2.1/e169fa6db0c147f283ae7c6a936117f3/os-server-external-events used request id req-4ab40f81-f3f9-4a5a-8b7e-71bdc9daca3c request /usr/lib/python2.7/site-packages/keystoneauth1/session.py:727
2018-09-29 17:02:45.982 32326 INFO neutron.notifiers.nova [-] Nova event response: {u'status': u'completed', u'tag': u'c5acbc90-5d3c-4e90-944e-4f89dceaad22', u'name': u'network-changed', u'server_uuid': u'c38c53b4-39e8-44ae-b4ce-80c8c2861872', u'code': 200}
2018-09-29 17:02:46.204 32331 INFO neutron.wsgi [req-29581db7-6155-46cf-aa75-2f0dcf0256f2 385405652b74463ca36119e213a84b2c e169fa6db0c147f283ae7c6a936117f3 - default default] 10.0.20.26 "GET /v2.0/ports?tenant_id=07fe8165e0f64d40b7e7ede19f45d6fb&device_id=c38c53b4-39e8-44ae-b4ce-80c8c2861872 HTTP/1.1" status: 200  len: 1124 time: 0.1711321
2018-09-29 17:02:46.268 32329 DEBUG neutron.wsgi [-] (32329) accepted ('10.0.20.26', 46400) server /usr/lib/python2.7/site-packages/eventlet/wsgi.py:883
2018-09-29 17:02:46.396 32326 INFO neutron.wsgi [req-1f7ab406-37c0-4456-93a1-80e354eeb002 385405652b74463ca36119e213a84b2c e169fa6db0c147f283ae7c6a936117f3 - default default] 10.0.20.26 "GET /v2.0/ports?tenant_id=07fe8165e0f64d40b7e7ede19f45d6fb&device_id=c38c53b4-39e8-44ae-b4ce-80c8c2861872 HTTP/1.1" status: 200  len: 1124 time: 0.7835329
2018-09-29 17:02:46.506 32331 DEBUG neutron.pecan_wsgi.hooks.policy_enforcement [req-93796650-098a-4b09-85db-2fe263a9cdd6 385405652b74463ca36119e213a84b2c e169fa6db0c147f283ae7c6a936117f3 - default default] Attributes excluded by policy engine: [u'vlan_transparent'] _exclude_attributes_by_policy /usr/lib/python2.7/site-packages/neutron/pecan_wsgi/hooks/policy_enforcement.py:256
2018-09-29 17:02:46.510 32331 INFO neutron.wsgi [req-93796650-098a-4b09-85db-2fe263a9cdd6 385405652b74463ca36119e213a84b2c e169fa6db0c147f283ae7c6a936117f3 - default default] 10.0.20.26 "GET /v2.0/networks?id=0ad4ccb1-5df3-4330-9b53-233c9bf26d1e HTTP/1.1" status: 200  len: 885 time: 0.2903600
2018-09-29 17:02:46.554 32331 INFO neutron.wsgi [req-55f765d5-3e4c-4ab7-bcfe-ec47be4cee51 385405652b74463ca36119e213a84b2c e169fa6db0c147f283ae7c6a936117f3 - default default] 10.0.20.26 "GET /v2.0/floatingips?fixed_ip_address=11.250.1.5&port_id=c5acbc90-5d3c-4e90-944e-4f89dceaad22 HTTP/1.1" status: 200  len: 750 time: 0.0369160
2018-09-29 17:02:46.651 32326 DEBUG neutron.pecan_wsgi.hooks.policy_enforcement [req-eb75e24d-17f9-490a-b003-c608e1765635 385405652b74463ca36119e213a84b2c e169fa6db0c147f283ae7c6a936117f3 - default default] Attributes excluded by policy engine: [u'vlan_transparent'] _exclude_attributes_by_policy /usr/lib/python2.7/site-packages/neutron/pecan_wsgi/hooks/policy_enforcement.py:256
2018-09-29 17:02:46.654 32326 INFO neutron.wsgi [req-eb75e24d-17f9-490a-b003-c608e1765635 385405652b74463ca36119e213a84b2c e169fa6db0c147f283ae7c6a936117f3 - default default] 10.0.20.26 "GET /v2.0/networks?id=0ad4ccb1-5df3-4330-9b53-233c9bf26d1e HTTP/1.1" status: 200  len: 885 time: 0.2485292
2018-09-29 17:02:46.696 32331 DEBUG neutron.pecan_wsgi.hooks.policy_enforcement [req-b8933538-b0c8-43f3-88bc-b10f261888a0 385405652b74463ca36119e213a84b2c e169fa6db0c147f283ae7c6a936117f3 - default default] Attributes excluded by policy engine: [u'shared'] _exclude_attributes_by_policy /usr/lib/python2.7/site-packages/neutron/pecan_wsgi/hooks/policy_enforcement.py:256
2018-09-29 17:02:46.698 32331 INFO neutron.wsgi [req-b8933538-b0c8-43f3-88bc-b10f261888a0 385405652b74463ca36119e213a84b2c e169fa6db0c147f283ae7c6a936117f3 - default default] 10.0.20.26 "GET /v2.0/subnets?id=396f50c5-e9f4-4a4f-917e-2af22cd3e228 HTTP/1.1" status: 200  len: 847 time: 0.1356740
2018-09-29 17:02:46.717 32326 INFO neutron.wsgi [req-17ddcc38-a99b-445f-8da0-ebd3b2f39065 385405652b74463ca36119e213a84b2c e169fa6db0c147f283ae7c6a936117f3 - default default] 10.0.20.26 "GET /v2.0/floatingips?fixed_ip_address=11.250.1.5&port_id=c5acbc90-5d3c-4e90-944e-4f89dceaad22 HTTP/1.1" status: 200  len: 750 time: 0.0538311
2018-09-29 17:02:46.832 32331 INFO neutron.wsgi [req-caa7e5ce-31ba-44a2-a61d-507e1dbde62f 385405652b74463ca36119e213a84b2c e169fa6db0c147f283ae7c6a936117f3 - default default] 10.0.20.26 "GET /v2.0/ports?network_id=0ad4ccb1-5df3-4330-9b53-233c9bf26d1e&device_owner=network%3Adhcp HTTP/1.1" status: 200  len: 1128 time: 0.1280978
2018-09-29 17:02:46.869 32326 DEBUG neutron.pecan_wsgi.hooks.policy_enforcement [req-4fab4b44-e584-4d6c-afe9-f6adcd9eb7b7 385405652b74463ca36119e213a84b2c e169fa6db0c147f283ae7c6a936117f3 - default default] Attributes excluded by policy engine: [u'shared'] _exclude_attributes_by_policy /usr/lib/python2.7/site-packages/neutron/pecan_wsgi/hooks/policy_enforcement.py:256
2018-09-29 17:02:46.871 32326 INFO neutron.wsgi [req-4fab4b44-e584-4d6c-afe9-f6adcd9eb7b7 385405652b74463ca36119e213a84b2c e169fa6db0c147f283ae7c6a936117f3 - default default] 10.0.20.26 "GET /v2.0/subnets?id=396f50c5-e9f4-4a4f-917e-2af22cd3e228 HTTP/1.1" status: 200  len: 847 time: 0.1474841
2018-09-29 17:02:46.933 32329 INFO neutron.wsgi [req-11697e40-0081-4ceb-88ae-e2d87dce27d9 385405652b74463ca36119e213a84b2c e169fa6db0c147f283ae7c6a936117f3 - default default] 10.0.20.26 "GET /v2.0/ports?device_id=c38c53b4-39e8-44ae-b4ce-80c8c2861872 HTTP/1.1" status: 200  len: 1124 time: 0.6629090
2018-09-29 17:02:47.011 32326 INFO neutron.wsgi [req-55e55613-4648-41be-ab26-24b99f6625a7 385405652b74463ca36119e213a84b2c e169fa6db0c147f283ae7c6a936117f3 - default default] 10.0.20.26 "GET /v2.0/ports?network_id=0ad4ccb1-5df3-4330-9b53-233c9bf26d1e&device_owner=network%3Adhcp HTTP/1.1" status: 200  len: 1128 time: 0.1316881
2018-09-29 17:02:47.055 32329 INFO neutron.wsgi [req-ba9a1e34-aed3-4fed-af25-a6be96b64fc8 385405652b74463ca36119e213a84b2c e169fa6db0c147f283ae7c6a936117f3 - default default] 10.0.20.26 "GET /v2.0/security-groups?id=019b5798-9c39-4653-888f-60e0e632c459 HTTP/1.1" status: 200  len: 2118 time: 0.1130321
2018-09-29 17:02:47.065 32342 DEBUG neutron_lib.callbacks.manager [req-fd69a845-4c77-4221-b516-3285e7232e27 - - - - -] Notify callbacks ['neutron.services.segments.db._update_segment_host_mapping_for_agent-8768661312426'] for agent, after_update _notify_loop /usr/lib/python2.7/site-packages/neutron_lib/callbacks/manager.py:167
2018-09-29 17:02:47.193 32331 INFO neutron.wsgi [req-5630467b-62f2-4a14-8d17-1b11cb01f6c6 385405652b74463ca36119e213a84b2c e169fa6db0c147f283ae7c6a936117f3 - default default] 10.0.20.26 "GET /v2.0/ports?tenant_id=07fe8165e0f64d40b7e7ede19f45d6fb&device_id=c38c53b4-39e8-44ae-b4ce-80c8c2861872 HTTP/1.1" status: 200  len: 1124 time: 0.1333029
2018-09-29 17:02:47.414 32331 DEBUG neutron.pecan_wsgi.hooks.policy_enforcement [req-1e418ffa-cdd2-4a13-82c3-21df73837afa 385405652b74463ca36119e213a84b2c e169fa6db0c147f283ae7c6a936117f3 - default default] Attributes excluded by policy engine: [u'vlan_transparent'] _exclude_attributes_by_policy /usr/lib/python2.7/site-packages/neutron/pecan_wsgi/hooks/policy_enforcement.py:256
2018-09-29 17:02:47.416 32331 INFO neutron.wsgi [req-1e418ffa-cdd2-4a13-82c3-21df73837afa 385405652b74463ca36119e213a84b2c e169fa6db0c147f283ae7c6a936117f3 - default default] 10.0.20.26 "GET /v2.0/networks?id=0ad4ccb1-5df3-4330-9b53-233c9bf26d1e HTTP/1.1" status: 200  len: 885 time: 0.2127740
2018-09-29 17:02:47.462 32331 INFO neutron.wsgi [req-e134139f-f20b-4419-9e55-383882719772 385405652b74463ca36119e213a84b2c e169fa6db0c147f283ae7c6a936117f3 - default default] 10.0.20.26 "GET /v2.0/floatingips?fixed_ip_address=11.250.1.5&port_id=c5acbc90-5d3c-4e90-944e-4f89dceaad22 HTTP/1.1" status: 200  len: 750 time: 0.0394180
2018-09-29 17:02:47.638 32331 DEBUG neutron.pecan_wsgi.hooks.policy_enforcement [req-cef796e0-9fba-4b09-9edb-f160040421b2 385405652b74463ca36119e213a84b2c e169fa6db0c147f283ae7c6a936117f3 - default default] Attributes excluded by policy engine: [u'shared'] _exclude_attributes_by_policy /usr/lib/python2.7/site-packages/neutron/pecan_wsgi/hooks/policy_enforcement.py:256
2018-09-29 17:02:47.641 32331 INFO neutron.wsgi [req-cef796e0-9fba-4b09-9edb-f160040421b2 385405652b74463ca36119e213a84b2c e169fa6db0c147f283ae7c6a936117f3 - default default] 10.0.20.26 "GET /v2.0/subnets?id=396f50c5-e9f4-4a4f-917e-2af22cd3e228 HTTP/1.1" status: 200  len: 847 time: 0.1698370
2018-09-29 17:02:47.770 32331 INFO neutron.wsgi [req-87cf48e3-64c8-4d5e-9748-9af9cf82be63 385405652b74463ca36119e213a84b2c e169fa6db0c147f283ae7c6a936117f3 - default default] 10.0.20.26 "GET /v2.0/ports?network_id=0ad4ccb1-5df3-4330-9b53-233c9bf26d1e&device_owner=network%3Adhcp HTTP/1.1" status: 200  len: 1128 time: 0.1227880
2018-09-29 17:02:47.986 32326 DEBUG oslo_concurrency.lockutils [-] Lock "notifier-3e767a13-ac25-420a-995a-160cd4806bca" released by "neutron.notifiers.batch_notifier.synced_send" :: held 4.364s inner /usr/lib/python2.7/site-packages/oslo_concurrency/lockutils.py:282
2018-09-29 17:02:49.560 32329 DEBUG neutron.wsgi [-] (32329) accepted ('10.0.20.26', 46440) server /usr/lib/python2.7/site-packages/eventlet/wsgi.py:883
2018-09-29 17:02:50.260 32329 INFO neutron.wsgi [req-86be53d5-fd29-4e04-86e0-3d644175c393 385405652b74463ca36119e213a84b2c e169fa6db0c147f283ae7c6a936117f3 - default default] 10.0.20.26 "GET /v2.0/ports?device_id=c38c53b4-39e8-44ae-b4ce-80c8c2861872 HTTP/1.1" status: 200  len: 1124 time: 0.6985371
2018-09-29 17:02:50.370 32329 INFO neutron.wsgi [req-950848e8-2d71-4c4f-93a5-fe6c93a7bc19 385405652b74463ca36119e213a84b2c e169fa6db0c147f283ae7c6a936117f3 - default default] 10.0.20.26 "GET /v2.0/security-groups?id=019b5798-9c39-4653-888f-60e0e632c459 HTTP/1.1" status: 200  len: 2118 time: 0.1012311
2018-09-29 17:02:53.799 32329 DEBUG neutron.wsgi [-] (32329) accepted ('10.0.20.26', 47314) server /usr/lib/python2.7/site-packages/eventlet/wsgi.py:883
2018-09-29 17:02:54.337 32329 INFO neutron.wsgi [req-37c560e7-6b43-4b86-941e-6c63280e0baf 385405652b74463ca36119e213a84b2c e169fa6db0c147f283ae7c6a936117f3 - default default] 10.0.20.26 "GET /v2.0/ports?device_id=c38c53b4-39e8-44ae-b4ce-80c8c2861872 HTTP/1.1" status: 200  len: 1124 time: 0.5358789
2018-09-29 17:02:54.487 32329 INFO neutron.wsgi [req-3b571332-2316-48ff-b2c1-9ad1133f52e7 385405652b74463ca36119e213a84b2c e169fa6db0c147f283ae7c6a936117f3 - default default] 10.0.20.26 "GET /v2.0/security-groups?id=019b5798-9c39-4653-888f-60e0e632c459 HTTP/1.1" status: 200  len: 2118 time: 0.1422861
2018-09-29 17:02:55.146 32337 DEBUG neutron_lib.callbacks.manager [req-f0eb6449-e10b-4a80-9ae9-cb0ce20a2adb - - - - -] Notify callbacks ['neutron.services.segments.db._update_segment_host_mapping_for_agent-8768661312426'] for agent, after_update _notify_loop /usr/lib/python2.7/site-packages/neutron_lib/callbacks/manager.py:167
2018-09-29 17:02:55.632 32333 INFO neutron.wsgi [req-1a97a795-ee7b-47d0-8ead-85c7764464d3 385405652b74463ca36119e213a84b2c e169fa6db0c147f283ae7c6a936117f3 - default default] 10.0.20.26 "GET /v2.0/ports?device_id=c38c53b4-39e8-44ae-b4ce-80c8c2861872 HTTP/1.1" status: 200  len: 1124 time: 0.1474140
2018-09-29 17:02:55.757 32333 INFO neutron.wsgi [req-602583d4-7d60-4a83-b4ba-57b0fe09eb27 385405652b74463ca36119e213a84b2c e169fa6db0c147f283ae7c6a936117f3 - default default] 10.0.20.26 "GET /v2.0/security-groups?id=019b5798-9c39-4653-888f-60e0e632c459 HTTP/1.1" status: 200  len: 2118 time: 0.1190591
2018-09-29 17:02:56.046 32340 DEBUG neutron_lib.callbacks.manager [req-6bb5473f-b2c0-47bb-8801-4949f94aa120 - - - - -] Notify callbacks ['neutron.services.segments.db._update_segment_host_mapping_for_agent-8768661312426'] for agent, after_update _notify_loop /usr/lib/python2.7/site-packages/neutron_lib/callbacks/manager.py:167
2018-09-29 17:02:57.522 32335 DEBUG neutron_lib.callbacks.manager [req-4de721c4-c0e6-4079-94d6-6479f70da3c7 - - - - -] Notify callbacks ['neutron.services.segments.db._update_segment_host_mapping_for_agent-8768661312426'] for agent, after_update _notify_loop /usr/lib/python2.7/site-packages/neutron_lib/callbacks/manager.py:167
2018-09-29 17:03:00.369 32329 DEBUG neutron.wsgi [-] (32329) accepted ('10.0.20.26', 47568) server /usr/lib/python2.7/site-packages/eventlet/wsgi.py:883
2018-09-29 17:03:00.654 32329 WARNING keystonemiddleware.auth_token [-] A valid token was submitted as a service token, but it was not a valid service token. This is incorrect but backwards compatible behaviour. This will be removed in future releases.
2018-09-29 17:03:00.935 32332 DEBUG neutron.wsgi [-] (32332) accepted ('10.0.20.26', 47570) server /usr/lib/python2.7/site-packages/eventlet/wsgi.py:883
2018-09-29 17:03:01.240 32329 DEBUG neutron.quota.resource [req-91ecabea-400e-42ca-b37e-8c0861e6c875 878c7badd2a0473abe839245e7104e1c 07fe8165e0f64d40b7e7ede19f45d6fb - 7af636a945d34a898d2f68c9857e0e50 7af636a945d34a898d2f68c9857e0e50] Synchronizing usage tracker for tenant:07fe8165e0f64d40b7e7ede19f45d6fb on resource:port resync /usr/lib/python2.7/site-packages/neutron/quota/resource.py:245
2018-09-29 17:03:01.324 32329 DEBUG neutron.quota.resource [req-91ecabea-400e-42ca-b37e-8c0861e6c875 878c7badd2a0473abe839245e7104e1c 07fe8165e0f64d40b7e7ede19f45d6fb - 7af636a945d34a898d2f68c9857e0e50 7af636a945d34a898d2f68c9857e0e50] Unset dirty status for tenant:07fe8165e0f64d40b7e7ede19f45d6fb on resource:port _resync /usr/lib/python2.7/site-packages/neutron/quota/resource.py:237
2018-09-29 17:03:01.327 32329 INFO neutron.wsgi [req-91ecabea-400e-42ca-b37e-8c0861e6c875 878c7badd2a0473abe839245e7104e1c 07fe8165e0f64d40b7e7ede19f45d6fb - 7af636a945d34a898d2f68c9857e0e50 7af636a945d34a898d2f68c9857e0e50] 10.0.20.26 "GET /v2.0/ports?device_id=c38c53b4-39e8-44ae-b4ce-80c8c2861872 HTTP/1.1" status: 200  len: 1124 time: 0.9565251
2018-09-29 17:03:01.392 32332 INFO neutron.wsgi [req-41848b8b-7bbf-4ade-823d-641b77158002 385405652b74463ca36119e213a84b2c e169fa6db0c147f283ae7c6a936117f3 - default default] 10.0.20.26 "GET /v2.0/ports?device_id=c38c53b4-39e8-44ae-b4ce-80c8c2861872 HTTP/1.1" status: 200  len: 1124 time: 0.4555819
2018-09-29 17:03:01.470 32329 INFO neutron.wsgi [req-06bebec3-98fa-4987-98b9-cf9f3acb18eb 878c7badd2a0473abe839245e7104e1c 07fe8165e0f64d40b7e7ede19f45d6fb - 7af636a945d34a898d2f68c9857e0e50 7af636a945d34a898d2f68c9857e0e50] 10.0.20.26 "GET /v2.0/security-groups?id=019b5798-9c39-4653-888f-60e0e632c459 HTTP/1.1" status: 200  len: 2118 time: 0.1355009
