2018-06-28 03:55:43.793 7319 DEBUG neutron.plugins.ml2.rpc [req-7d5aa0fd-82c4-4f69-a17c-45e87d7916bb - - - - -] Device f2d9b90e-df6c-4a29-b853-50d691f4669e up at agent ovs-agent-localhost.localdomain update_device_up /usr/lib/python2.7/site-packages/neutron/plugins/ml2/rpc.py:244
2018-06-28 03:55:43.794 7315 DEBUG novaclient.v2.client [-] REQ: curl -g -i -X POST http://10.0.20.27:8774/v2.1/3218dc7862004758b6a8f5b0cc5d6ad5/os-server-external-events -H "User-Agent: python-novaclient" -H "Content-Type: application/json" -H "Accept: application/json" -H "X-OpenStack-Nova-API-Version: 2.1" -H "X-Auth-Token: {SHA1}d60d7868c34e6ffadb670e350c79ad0e196e4419" -d '{"events": [{"status": "completed", "tag": "f2d9b90e-df6c-4a29-b853-50d691f4669e", "name": "network-vif-plugged", "server_uuid": "1c1880d5-2b1a-492a-89cf-e48d43f42af9"}]}' _http_log_request /usr/lib/python2.7/site-packages/keystoneauth1/session.py:375
2018-06-28 03:55:43.928 7319 DEBUG neutron.db.provisioning_blocks [req-7d5aa0fd-82c4-4f69-a17c-45e87d7916bb - - - - -] Provisioning complete for port f2d9b90e-df6c-4a29-b853-50d691f4669e triggered by entity L2. provisioning_complete /usr/lib/python2.7/site-packages/neutron/db/provisioning_blocks.py:138
2018-06-28 03:55:43.929 7319 DEBUG neutron_lib.callbacks.manager [req-7d5aa0fd-82c4-4f69-a17c-45e87d7916bb - - - - -] Notify callbacks ['neutron.plugins.ml2.plugin.Ml2Plugin._port_provisioned-934828'] for port, provisioning_complete _notify_loop /usr/lib/python2.7/site-packages/neutron_lib/callbacks/manager.py:167
2018-06-28 03:55:44.385 7315 DEBUG novaclient.v2.client [-] RESP: [200] Content-Length: 183 Content-Type: application/json Openstack-Api-Version: compute 2.1 X-Openstack-Nova-Api-Version: 2.1 Vary: OpenStack-API-Version, X-OpenStack-Nova-API-Version X-Openstack-Request-Id: req-c0cfb7ec-0d56-4dee-9725-6a4a79f7c64c X-Compute-Request-Id: req-c0cfb7ec-0d56-4dee-9725-6a4a79f7c64c Date: Thu, 28 Jun 2018 01:55:44 GMT Connection: keep-alive 
RESP BODY: {"events": [{"status": "completed", "tag": "f2d9b90e-df6c-4a29-b853-50d691f4669e", "name": "network-vif-plugged", "server_uuid": "1c1880d5-2b1a-492a-89cf-e48d43f42af9", "code": 200}]}
 _http_log_response /usr/lib/python2.7/site-packages/keystoneauth1/session.py:423
2018-06-28 03:55:44.386 7315 DEBUG novaclient.v2.client [-] POST call to compute for http://10.0.20.27:8774/v2.1/3218dc7862004758b6a8f5b0cc5d6ad5/os-server-external-events used request id req-c0cfb7ec-0d56-4dee-9725-6a4a79f7c64c request /usr/lib/python2.7/site-packages/keystoneauth1/session.py:727
2018-06-28 03:55:44.395 7315 INFO neutron.notifiers.nova [-] Nova event response: {u'status': u'completed', u'tag': u'f2d9b90e-df6c-4a29-b853-50d691f4669e', u'name': u'network-vif-plugged', u'server_uuid': u'1c1880d5-2b1a-492a-89cf-e48d43f42af9', u'code': 200}
2018-06-28 03:55:44.640 7307 DEBUG neutron.wsgi [-] (7307) accepted ('10.0.20.27', 51576) server /usr/lib/python2.7/site-packages/eventlet/wsgi.py:883
2018-06-28 03:55:45.929 7307 INFO neutron.wsgi [req-4a6c959f-c6e2-4d5b-b7d0-0b6223fd1d0c 60f2ca42473647d4be2ffeb60a9c5bde 5190a6bbc3d44d1b9b89bd1bb2a94de0 - aa5ce64bc98047b9ba0aeb0c66704785 aa5ce64bc98047b9ba0aeb0c66704785] 10.0.20.27 "GET /v2.0/ports?device_id=1c1880d5-2b1a-492a-89cf-e48d43f42af9 HTTP/1.1" status: 200  len: 1124 time: 1.2855961
2018-06-28 03:55:46.124 7307 INFO neutron.wsgi [req-c2aa56fd-5740-4cde-89b1-66048fefeb3b 60f2ca42473647d4be2ffeb60a9c5bde 5190a6bbc3d44d1b9b89bd1bb2a94de0 - aa5ce64bc98047b9ba0aeb0c66704785 aa5ce64bc98047b9ba0aeb0c66704785] 10.0.20.27 "GET /v2.0/security-groups?id=b47a370e-667d-4816-bc8e-10634abeae43 HTTP/1.1" status: 200  len: 2118 time: 0.1589220
2018-06-28 03:55:46.396 7315 DEBUG oslo_concurrency.lockutils [-] Lock "notifier-a4061c98-a577-423a-9fd5-64e89994c3bd" released by "neutron.notifiers.batch_notifier.synced_send" :: held 4.041s inner /usr/lib/python2.7/site-packages/oslo_concurrency/lockutils.py:282
2018-06-28 03:55:47.093 7315 DEBUG neutron_lib.callbacks.manager [req-57571f9e-c5ff-44bf-a2df-f8dd297763b4 - - - - -] Notify callbacks ['neutron.services.segments.db._update_segment_host_mapping_for_agent-8759065940018'] for agent, after_update _notify_loop /usr/lib/python2.7/site-packages/neutron_lib/callbacks/manager.py:167
2018-06-28 03:55:59.545 7302 DEBUG neutron.wsgi [-] (7302) accepted ('10.0.20.27', 51638) server /usr/lib/python2.7/site-packages/eventlet/wsgi.py:883
2018-06-28 03:55:59.560 7302 WARNING keystonemiddleware.auth_token [-] Using the in-process token cache is deprecated as of the 4.2.0 release and may be removed in the 5.0.0 release or the 'O' development cycle. The in-process cache causes inconsistent results and high memory usage. When the feature is removed the auth_token middleware will not cache tokens by default which may result in performance issues. It is recommended to use  memcache for the auth_token token cache by setting the memcached_servers option.
2018-06-28 03:55:59.680 7320 DEBUG neutron_lib.callbacks.manager [req-7d5aa0fd-82c4-4f69-a17c-45e87d7916bb - - - - -] Notify callbacks ['neutron.services.segments.db._update_segment_host_mapping_for_agent-8759065940018'] for agent, after_update _notify_loop /usr/lib/python2.7/site-packages/neutron_lib/callbacks/manager.py:167
2018-06-28 03:55:59.711 7319 DEBUG neutron_lib.callbacks.manager [req-df288ca8-9b05-4938-80e7-28d3c9b78ac1 - - - - -] Notify callbacks ['neutron.services.segments.db._update_segment_host_mapping_for_agent-8759065940018'] for agent, after_update _notify_loop /usr/lib/python2.7/site-packages/neutron_lib/callbacks/manager.py:167
2018-06-28 03:55:59.726 7314 DEBUG neutron_lib.callbacks.manager [req-096ebd58-7e80-4f53-b474-4a4fe9cd4905 - - - - -] Notify callbacks ['neutron.services.segments.db._update_segment_host_mapping_for_agent-8759065940018'] for agent, after_update _notify_loop /usr/lib/python2.7/site-packages/neutron_lib/callbacks/manager.py:167
2018-06-28 03:55:59.736 7318 DEBUG neutron_lib.callbacks.manager [req-397cce61-9c8d-4ff8-a077-35d0592aee98 - - - - -] Notify callbacks ['neutron.services.segments.db._update_segment_host_mapping_for_agent-8759065940018'] for agent, after_update _notify_loop /usr/lib/python2.7/site-packages/neutron_lib/callbacks/manager.py:167
2018-06-28 03:55:59.856 7307 INFO neutron.wsgi [req-442d6240-8031-4752-84cf-43b8d9028ba1 479e046780fe410b9faee29c0cb53b35 3218dc7862004758b6a8f5b0cc5d6ad5 - default default] 10.0.20.27 "GET /v2.0/ports?tenant_id=5190a6bbc3d44d1b9b89bd1bb2a94de0&device_id=1c1880d5-2b1a-492a-89cf-e48d43f42af9 HTTP/1.1" status: 200  len: 1124 time: 0.1944790
2018-06-28 03:56:00.152 7307 DEBUG neutron.pecan_wsgi.hooks.policy_enforcement [req-23d22218-4a88-4f11-a48d-eb608f6c939d 479e046780fe410b9faee29c0cb53b35 3218dc7862004758b6a8f5b0cc5d6ad5 - default default] Attributes excluded by policy engine: [u'vlan_transparent'] _exclude_attributes_by_policy /usr/lib/python2.7/site-packages/neutron/pecan_wsgi/hooks/policy_enforcement.py:256
2018-06-28 03:56:00.154 7307 INFO neutron.wsgi [req-23d22218-4a88-4f11-a48d-eb608f6c939d 479e046780fe410b9faee29c0cb53b35 3218dc7862004758b6a8f5b0cc5d6ad5 - default default] 10.0.20.27 "GET /v2.0/networks?id=65046eb9-f8e1-49cd-a2f0-c861fe9b5f8f HTTP/1.1" status: 200  len: 885 time: 0.2895410
2018-06-28 03:56:00.208 7307 INFO neutron.wsgi [req-ac420bad-b49a-43c9-8ecd-1c45963a3cdd 479e046780fe410b9faee29c0cb53b35 3218dc7862004758b6a8f5b0cc5d6ad5 - default default] 10.0.20.27 "GET /v2.0/floatingips?fixed_ip_address=11.96.1.11&port_id=f2d9b90e-df6c-4a29-b853-50d691f4669e HTTP/1.1" status: 200  len: 217 time: 0.0443699
2018-06-28 03:56:00.392 7307 DEBUG neutron.pecan_wsgi.hooks.policy_enforcement [req-2be9bda0-849a-49da-a8cf-0e60eadf5a50 479e046780fe410b9faee29c0cb53b35 3218dc7862004758b6a8f5b0cc5d6ad5 - default default] Attributes excluded by policy engine: [u'shared'] _exclude_attributes_by_policy /usr/lib/python2.7/site-packages/neutron/pecan_wsgi/hooks/policy_enforcement.py:256
2018-06-28 03:56:00.395 7307 INFO neutron.wsgi [req-2be9bda0-849a-49da-a8cf-0e60eadf5a50 479e046780fe410b9faee29c0cb53b35 3218dc7862004758b6a8f5b0cc5d6ad5 - default default] 10.0.20.27 "GET /v2.0/subnets?id=73be016f-5697-4fb5-8524-ce2ac2366e34 HTTP/1.1" status: 200  len: 843 time: 0.1789570
2018-06-28 03:56:00.560 7307 INFO neutron.wsgi [req-e42da31a-9dff-400a-ba52-619a17b36bb7 479e046780fe410b9faee29c0cb53b35 3218dc7862004758b6a8f5b0cc5d6ad5 - default default] 10.0.20.27 "GET /v2.0/ports?network_id=65046eb9-f8e1-49cd-a2f0-c861fe9b5f8f&device_owner=network%3Adhcp HTTP/1.1" status: 200  len: 1127 time: 0.1536040
2018-06-28 03:56:01.213 7302 WARNING keystonemiddleware.auth_token [-] A valid token was submitted as a service token, but it was not a valid service token. This is incorrect but backwards compatible behaviour. This will be removed in future releases.
2018-06-28 03:56:01.895 7302 DEBUG oslo_policy._cache_handler [req-b840da8c-d04d-4615-b80a-157503aebe3a 60f2ca42473647d4be2ffeb60a9c5bde 5190a6bbc3d44d1b9b89bd1bb2a94de0 - aa5ce64bc98047b9ba0aeb0c66704785 aa5ce64bc98047b9ba0aeb0c66704785] Reloading cached file /etc/neutron/policy.json read_cached_file /usr/lib/python2.7/site-packages/oslo_policy/_cache_handler.py:40
2018-06-28 03:56:01.956 7302 DEBUG oslo_policy.policy [req-b840da8c-d04d-4615-b80a-157503aebe3a 60f2ca42473647d4be2ffeb60a9c5bde 5190a6bbc3d44d1b9b89bd1bb2a94de0 - aa5ce64bc98047b9ba0aeb0c66704785 aa5ce64bc98047b9ba0aeb0c66704785] Reloaded policy file: /etc/neutron/policy.json _load_policy_file /usr/lib/python2.7/site-packages/oslo_policy/policy.py:681
2018-06-28 03:56:02.862 7302 DEBUG oslo_policy._cache_handler [req-b840da8c-d04d-4615-b80a-157503aebe3a 60f2ca42473647d4be2ffeb60a9c5bde 5190a6bbc3d44d1b9b89bd1bb2a94de0 - aa5ce64bc98047b9ba0aeb0c66704785 aa5ce64bc98047b9ba0aeb0c66704785] Reloading cached file /etc/neutron/policy.json read_cached_file /usr/lib/python2.7/site-packages/oslo_policy/_cache_handler.py:40
2018-06-28 03:56:02.901 7302 DEBUG oslo_policy.policy [req-b840da8c-d04d-4615-b80a-157503aebe3a 60f2ca42473647d4be2ffeb60a9c5bde 5190a6bbc3d44d1b9b89bd1bb2a94de0 - aa5ce64bc98047b9ba0aeb0c66704785 aa5ce64bc98047b9ba0aeb0c66704785] Reloaded policy file: /etc/neutron/policy.json _load_policy_file /usr/lib/python2.7/site-packages/oslo_policy/policy.py:681
2018-06-28 03:56:02.915 7302 INFO neutron.wsgi [req-b840da8c-d04d-4615-b80a-157503aebe3a 60f2ca42473647d4be2ffeb60a9c5bde 5190a6bbc3d44d1b9b89bd1bb2a94de0 - aa5ce64bc98047b9ba0aeb0c66704785 aa5ce64bc98047b9ba0aeb0c66704785] 10.0.20.27 "GET /v2.0/ports?device_id=1c1880d5-2b1a-492a-89cf-e48d43f42af9 HTTP/1.1" status: 200  len: 1124 time: 3.3640401
2018-06-28 03:56:03.470 7302 INFO neutron.wsgi [req-e1d31652-4a14-452e-9bb2-6b67e81732b7 60f2ca42473647d4be2ffeb60a9c5bde 5190a6bbc3d44d1b9b89bd1bb2a94de0 - aa5ce64bc98047b9ba0aeb0c66704785 aa5ce64bc98047b9ba0aeb0c66704785] 10.0.20.27 "GET /v2.0/security-groups?id=b47a370e-667d-4816-bc8e-10634abeae43 HTTP/1.1" status: 200  len: 2118 time: 0.5176799
2018-06-28 03:56:12.401 7321 DEBUG neutron.db.agents_db [req-78e2193d-74e0-4ad1-9b52-b2c936ac60d2 - - - - -] Agent healthcheck: found 5 active agents agent_health_check /usr/lib/python2.7/site-packages/neutron/db/agents_db.py:281
2018-06-28 03:56:17.121 7310 DEBUG neutron_lib.callbacks.manager [req-c9e0feae-13f2-4cf5-8628-149d0d938793 - - - - -] Notify callbacks ['neutron.services.segments.db._update_segment_host_mapping_for_agent-8759065940018'] for agent, after_update _notify_loop /usr/lib/python2.7/site-packages/neutron_lib/callbacks/manager.py:167
2018-06-28 03:56:18.441 7307 DEBUG neutron.wsgi [-] (7307) accepted ('10.0.20.27', 52766) server /usr/lib/python2.7/site-packages/eventlet/wsgi.py:883
2018-06-28 03:56:18.446 7307 INFO neutron.wsgi [-] 10.0.20.27 "GET / HTTP/1.1" status: 200  len: 252 time: 0.0024922
2018-06-28 03:56:19.181 7307 INFO neutron.pecan_wsgi.hooks.translation [req-27e6a00f-bcf8-4cfc-b2cb-d656c57d29bf 48ab82a30a8f41a1a784b8bc09bc487a 5528f1fe5f894ddba5fb2776fb82674e - default default] GET failed (client error): The resource could not be found.
2018-06-28 03:56:19.184 7307 INFO neutron.wsgi [req-27e6a00f-bcf8-4cfc-b2cb-d656c57d29bf 48ab82a30a8f41a1a784b8bc09bc487a 5528f1fe5f894ddba5fb2776fb82674e - default default] 10.0.20.27 "GET /v2.0/networks/public HTTP/1.1" status: 404  len: 314 time: 0.7320168
2018-06-28 03:56:19.596 7307 DEBUG neutron.pecan_wsgi.hooks.policy_enforcement [req-48a8bdeb-c211-4e29-88cb-a2c321a58870 48ab82a30a8f41a1a784b8bc09bc487a 5528f1fe5f894ddba5fb2776fb82674e - default default] Attributes excluded by policy engine: [u'vlan_transparent'] _exclude_attributes_by_policy /usr/lib/python2.7/site-packages/neutron/pecan_wsgi/hooks/policy_enforcement.py:256
2018-06-28 03:56:19.598 7307 DEBUG neutron.pecan_wsgi.hooks.policy_enforcement [req-48a8bdeb-c211-4e29-88cb-a2c321a58870 48ab82a30a8f41a1a784b8bc09bc487a 5528f1fe5f894ddba5fb2776fb82674e - default default] Attributes excluded by policy engine: [u'vlan_transparent'] _exclude_attributes_by_policy /usr/lib/python2.7/site-packages/neutron/pecan_wsgi/hooks/policy_enforcement.py:256
2018-06-28 03:56:19.599 7307 DEBUG neutron.pecan_wsgi.hooks.policy_enforcement [req-48a8bdeb-c211-4e29-88cb-a2c321a58870 48ab82a30a8f41a1a784b8bc09bc487a 5528f1fe5f894ddba5fb2776fb82674e - default default] Attributes excluded by policy engine: [u'vlan_transparent'] _exclude_attributes_by_policy /usr/lib/python2.7/site-packages/neutron/pecan_wsgi/hooks/policy_enforcement.py:256
2018-06-28 03:56:19.603 7307 INFO neutron.wsgi [req-48a8bdeb-c211-4e29-88cb-a2c321a58870 48ab82a30a8f41a1a784b8bc09bc487a 5528f1fe5f894ddba5fb2776fb82674e - default default] 10.0.20.27 "GET /v2.0/networks HTTP/1.1" status: 200  len: 2214 time: 0.4101071
2018-06-28 03:56:19.790 7306 DEBUG neutron.wsgi [-] (7306) accepted ('10.0.20.27', 52774) server /usr/lib/python2.7/site-packages/eventlet/wsgi.py:883
2018-06-28 03:56:20.492 7307 DEBUG neutron.api.v2.base [req-557709bb-d0ee-4e22-abae-f5138c92c4a1 48ab82a30a8f41a1a784b8bc09bc487a 5528f1fe5f894ddba5fb2776fb82674e - default default] Request body: {u'floatingip': {u'floating_network_id': u'6ca5b7c5-23c0-4771-ad3c-ae15aacd634c', u'tenant_id': u'5190a6bbc3d44d1b9b89bd1bb2a94de0'}} prepare_request_body /usr/lib/python2.7/site-packages/neutron/api/v2/base.py:695
2018-06-28 03:56:20.508 7307 DEBUG neutron.db.quota.driver [req-557709bb-d0ee-4e22-abae-f5138c92c4a1 48ab82a30a8f41a1a784b8bc09bc487a 5528f1fe5f894ddba5fb2776fb82674e - default default] Resources subnetpool have unlimited quota limit. It is not required to calculate headroom  make_reservation /usr/lib/python2.7/site-packages/neutron/db/quota/driver.py:223
2018-06-28 03:56:20.516 7307 DEBUG neutron.quota.resource [req-557709bb-d0ee-4e22-abae-f5138c92c4a1 48ab82a30a8f41a1a784b8bc09bc487a 5528f1fe5f894ddba5fb2776fb82674e - default default] Usage tracker for resource:floatingip and tenant:5190a6bbc3d44d1b9b89bd1bb2a94de0 is out of sync, need to count used quota count_used /usr/lib/python2.7/site-packages/neutron/quota/resource.py:274
2018-06-28 03:56:20.535 7307 DEBUG neutron.quota.resource [req-557709bb-d0ee-4e22-abae-f5138c92c4a1 48ab82a30a8f41a1a784b8bc09bc487a 5528f1fe5f894ddba5fb2776fb82674e - default default] Quota usage for floatingip was recalculated. Used quota:0. count_used /usr/lib/python2.7/site-packages/neutron/quota/resource.py:293
2018-06-28 03:56:20.549 7307 DEBUG neutron.db.quota.driver [req-557709bb-d0ee-4e22-abae-f5138c92c4a1 48ab82a30a8f41a1a784b8bc09bc487a 5528f1fe5f894ddba5fb2776fb82674e - default default] Attempting to reserve 1 items for resource floatingip. Total usage: 0; quota limit: 50; headroom:50 make_reservation /usr/lib/python2.7/site-packages/neutron/db/quota/driver.py:255
2018-06-28 03:56:20.602 7306 INFO neutron.wsgi [req-1655045d-12d4-4898-a73d-f53233133fa4 479e046780fe410b9faee29c0cb53b35 3218dc7862004758b6a8f5b0cc5d6ad5 - default default] 10.0.20.27 "GET /v2.0/ports?device_id=1c1880d5-2b1a-492a-89cf-e48d43f42af9 HTTP/1.1" status: 200  len: 1124 time: 0.8096602
2018-06-28 03:56:20.821 7306 INFO neutron.wsgi [req-5c4ba5f9-231b-4e4d-b65d-d8903e52e827 479e046780fe410b9faee29c0cb53b35 3218dc7862004758b6a8f5b0cc5d6ad5 - default default] 10.0.20.27 "GET /v2.0/security-groups?id=b47a370e-667d-4816-bc8e-10634abeae43 HTTP/1.1" status: 200  len: 2118 time: 0.1854341
2018-06-28 03:56:20.894 7307 DEBUG neutron_lib.callbacks.manager [req-557709bb-d0ee-4e22-abae-f5138c92c4a1 48ab82a30a8f41a1a784b8bc09bc487a 5528f1fe5f894ddba5fb2776fb82674e - default default] Notify callbacks ['neutron.plugins.ml2.plugin.Ml2Plugin._ensure_default_security_group_handler--9223372036854427040'] for port, before_create _notify_loop /usr/lib/python2.7/site-packages/neutron_lib/callbacks/manager.py:167
2018-06-28 03:56:21.693 7307 DEBUG neutron.db.db_base_plugin_common [req-557709bb-d0ee-4e22-abae-f5138c92c4a1 48ab82a30a8f41a1a784b8bc09bc487a 5528f1fe5f894ddba5fb2776fb82674e - default default] Allocated IP 172.24.4.4 (6ca5b7c5-23c0-4771-ad3c-ae15aacd634c/ac2387df-a63d-4d9b-ad90-008a8600e0e1/4f4db0cd-accf-4ede-ac20-907338f40023) _store_ip_allocation /usr/lib/python2.7/site-packages/neutron/db/db_base_plugin_common.py:122
2018-06-28 03:56:22.386 7307 DEBUG neutron_lib.callbacks.manager [req-557709bb-d0ee-4e22-abae-f5138c92c4a1 48ab82a30a8f41a1a784b8bc09bc487a 5528f1fe5f894ddba5fb2776fb82674e - default default] Notify callbacks [] for port, precommit_create _notify_loop /usr/lib/python2.7/site-packages/neutron_lib/callbacks/manager.py:167
2018-06-28 03:56:22.484 7307 DEBUG neutron_lib.callbacks.manager [req-557709bb-d0ee-4e22-abae-f5138c92c4a1 48ab82a30a8f41a1a784b8bc09bc487a 5528f1fe5f894ddba5fb2776fb82674e - default default] Notify callbacks ['neutron.plugins.ml2.plugin.Ml2Plugin.notify_sg_on_port_change-348893', 'neutron.db.l3_dvrscheduler_db._notify_l3_agent_new_port-8759065578892', 'neutron.api.rpc.agentnotifiers.dhcp_rpc_agent_api.DhcpAgentNotifyAPI._native_event_send_dhcp_notification-32954911', 'neutron.plugins.ml2.ovo_rpc._ObjectChangeHandler.handle_event-33077030'] for port, after_create _notify_loop /usr/lib/python2.7/site-packages/neutron_lib/callbacks/manager.py:167
2018-06-28 03:56:22.485 7307 DEBUG neutron.db.l3_dvrscheduler_db [req-557709bb-d0ee-4e22-abae-f5138c92c4a1 48ab82a30a8f41a1a784b8bc09bc487a 5528f1fe5f894ddba5fb2776fb82674e - default default] Received port after_create _notify_l3_agent_new_port /usr/lib/python2.7/site-packages/neutron/db/l3_dvrscheduler_db.py:392
2018-06-28 03:56:22.795 7307 DEBUG neutron.scheduler.dhcp_agent_scheduler [req-557709bb-d0ee-4e22-abae-f5138c92c4a1 48ab82a30a8f41a1a784b8bc09bc487a 5528f1fe5f894ddba5fb2776fb82674e - default default] Network 6ca5b7c5-23c0-4771-ad3c-ae15aacd634c is already hosted by enough agents. _get_dhcp_agents_hosting_network /usr/lib/python2.7/site-packages/neutron/scheduler/dhcp_agent_scheduler.py:243
2018-06-28 03:56:22.826 7307 DEBUG oslo_concurrency.lockutils [-] Lock "event-dispatch" acquired by "neutron.plugins.ml2.ovo_rpc.dispatch_events" :: waited 0.000s inner /usr/lib/python2.7/site-packages/oslo_concurrency/lockutils.py:270
2018-06-28 03:56:22.980 7307 DEBUG neutron.api.rpc.handlers.resources_rpc [req-557709bb-d0ee-4e22-abae-f5138c92c4a1 48ab82a30a8f41a1a784b8bc09bc487a 5528f1fe5f894ddba5fb2776fb82674e - - -] neutron.api.rpc.handlers.resources_rpc.ResourcesPushRpcApi method push called with arguments (<neutron_lib.context.Context object at 0x7f760ed5c350>, [Port(admin_state_up=True,allowed_address_pairs=[],binding=PortBinding,binding_levels=[],created_at=2018-06-28T01:56:21Z,data_plane_status=<?>,description='',device_id='PENDING',device_owner='network:floatingip',dhcp_options=[],distributed_binding=None,dns=None,fixed_ips=[IPAllocation],id=4f4db0cd-accf-4ede-ac20-907338f40023,mac_address=fa:16:3e:6c:9a:b9,name='',network_id=6ca5b7c5-23c0-4771-ad3c-ae15aacd634c,project_id='',qos_policy_id=None,revision_number=3,security=PortSecurity(4f4db0cd-accf-4ede-ac20-907338f40023),security_group_ids=set([]),status='N/A',updated_at=2018-06-28T01:56:22Z)], 'updated') {} wrapper /usr/lib/python2.7/site-packages/oslo_log/helpers.py:66
2018-06-28 03:56:23.000 7307 DEBUG neutron.api.rpc.callbacks.version_manager [req-557709bb-d0ee-4e22-abae-f5138c92c4a1 48ab82a30a8f41a1a784b8bc09bc487a 5528f1fe5f894ddba5fb2776fb82674e - - -] Version for resource type Subnet changed None to 1.0 on consumer Open vSwitch agent@localhost.localdomain _set_version /usr/lib/python2.7/site-packages/neutron/api/rpc/callbacks/version_manager.py:119
2018-06-28 03:56:23.000 7307 DEBUG neutron.api.rpc.callbacks.version_manager [req-557709bb-d0ee-4e22-abae-f5138c92c4a1 48ab82a30a8f41a1a784b8bc09bc487a 5528f1fe5f894ddba5fb2776fb82674e - - -] Version for resource type Network changed None to 1.0 on consumer Open vSwitch agent@localhost.localdomain _set_version /usr/lib/python2.7/site-packages/neutron/api/rpc/callbacks/version_manager.py:119
2018-06-28 03:56:23.002 7307 DEBUG neutron.api.rpc.callbacks.version_manager [req-557709bb-d0ee-4e22-abae-f5138c92c4a1 48ab82a30a8f41a1a784b8bc09bc487a 5528f1fe5f894ddba5fb2776fb82674e - - -] Version for resource type SubPort changed None to 1.0 on consumer Open vSwitch agent@localhost.localdomain _set_version /usr/lib/python2.7/site-packages/neutron/api/rpc/callbacks/version_manager.py:119
2018-06-28 03:56:23.002 7307 DEBUG neutron.api.rpc.callbacks.version_manager [req-557709bb-d0ee-4e22-abae-f5138c92c4a1 48ab82a30a8f41a1a784b8bc09bc487a 5528f1fe5f894ddba5fb2776fb82674e - - -] Version for resource type SecurityGroup changed None to 1.0 on consumer Open vSwitch agent@localhost.localdomain _set_version /usr/lib/python2.7/site-packages/neutron/api/rpc/callbacks/version_manager.py:119
2018-06-28 03:56:23.003 7307 DEBUG neutron.api.rpc.callbacks.version_manager [req-557709bb-d0ee-4e22-abae-f5138c92c4a1 48ab82a30a8f41a1a784b8bc09bc487a 5528f1fe5f894ddba5fb2776fb82674e - - -] Version for resource type SecurityGroupRule changed None to 1.0 on consumer Open vSwitch agent@localhost.localdomain _set_version /usr/lib/python2.7/site-packages/neutron/api/rpc/callbacks/version_manager.py:119
2018-06-28 03:56:23.004 7307 DEBUG neutron.api.rpc.callbacks.version_manager [req-557709bb-d0ee-4e22-abae-f5138c92c4a1 48ab82a30a8f41a1a784b8bc09bc487a 5528f1fe5f894ddba5fb2776fb82674e - - -] Version for resource type Trunk changed None to 1.1 on consumer Open vSwitch agent@localhost.localdomain _set_version /usr/lib/python2.7/site-packages/neutron/api/rpc/callbacks/version_manager.py:119
2018-06-28 03:56:23.005 7307 DEBUG neutron.api.rpc.callbacks.version_manager [req-557709bb-d0ee-4e22-abae-f5138c92c4a1 48ab82a30a8f41a1a784b8bc09bc487a 5528f1fe5f894ddba5fb2776fb82674e - - -] Version for resource type QosPolicy changed None to 1.6 on consumer Open vSwitch agent@localhost.localdomain _set_version /usr/lib/python2.7/site-packages/neutron/api/rpc/callbacks/version_manager.py:119
2018-06-28 03:56:23.006 7307 DEBUG neutron.api.rpc.callbacks.version_manager [req-557709bb-d0ee-4e22-abae-f5138c92c4a1 48ab82a30a8f41a1a784b8bc09bc487a 5528f1fe5f894ddba5fb2776fb82674e - - -] Version for resource type Port changed None to 1.1 on consumer Open vSwitch agent@localhost.localdomain _set_version /usr/lib/python2.7/site-packages/neutron/api/rpc/callbacks/version_manager.py:119
2018-06-28 03:56:23.006 7307 DEBUG neutron.api.rpc.callbacks.version_manager [req-557709bb-d0ee-4e22-abae-f5138c92c4a1 48ab82a30a8f41a1a784b8bc09bc487a 5528f1fe5f894ddba5fb2776fb82674e - - -] Version for resource type Log changed None to 1.0 on consumer Open vSwitch agent@localhost.localdomain _set_version /usr/lib/python2.7/site-packages/neutron/api/rpc/callbacks/version_manager.py:119
2018-06-28 03:56:23.094 7307 DEBUG oslo_concurrency.lockutils [req-557709bb-d0ee-4e22-abae-f5138c92c4a1 48ab82a30a8f41a1a784b8bc09bc487a 5528f1fe5f894ddba5fb2776fb82674e - - -] Lock "event-dispatch" released by "neutron.plugins.ml2.ovo_rpc.dispatch_events" :: held 0.268s inner /usr/lib/python2.7/site-packages/oslo_concurrency/lockutils.py:282
2018-06-28 03:56:23.155 7307 DEBUG neutron_lib.callbacks.manager [req-557709bb-d0ee-4e22-abae-f5138c92c4a1 48ab82a30a8f41a1a784b8bc09bc487a 5528f1fe5f894ddba5fb2776fb82674e - default default] Notify callbacks ['neutron.plugins.ml2.plugin.Ml2Plugin._ensure_default_security_group_handler--9223372036854427040'] for port, before_update _notify_loop /usr/lib/python2.7/site-packages/neutron_lib/callbacks/manager.py:167
2018-06-28 03:56:23.675 7307 DEBUG neutron_lib.callbacks.manager [req-557709bb-d0ee-4e22-abae-f5138c92c4a1 48ab82a30a8f41a1a784b8bc09bc487a 5528f1fe5f894ddba5fb2776fb82674e - default default] Notify callbacks [] for port, precommit_update _notify_loop /usr/lib/python2.7/site-packages/neutron_lib/callbacks/manager.py:167
2018-06-28 03:56:23.698 7307 DEBUG neutron_lib.callbacks.manager [req-557709bb-d0ee-4e22-abae-f5138c92c4a1 48ab82a30a8f41a1a784b8bc09bc487a 5528f1fe5f894ddba5fb2776fb82674e - default default] Notify callbacks ['neutron.plugins.ml2.plugin.Ml2Plugin.notify_sg_on_port_change-348893', 'neutron.db.l3_hascheduler_db._notify_l3_agent_ha_port_update-8759065578982', 'neutron.db.l3_dvrscheduler_db._notify_l3_agent_port_update-8759065578907', 'neutron.api.rpc.agentnotifiers.dhcp_rpc_agent_api.DhcpAgentNotifyAPI._native_event_send_dhcp_notification-32954911', 'neutron.plugins.ml2.ovo_rpc._ObjectChangeHandler.handle_event-33077030'] for port, after_update _notify_loop /usr/lib/python2.7/site-packages/neutron_lib/callbacks/manager.py:167
2018-06-28 03:56:23.962 7307 DEBUG neutron_lib.callbacks.manager [req-557709bb-d0ee-4e22-abae-f5138c92c4a1 48ab82a30a8f41a1a784b8bc09bc487a 5528f1fe5f894ddba5fb2776fb82674e - default default] Notify callbacks ['neutron.services.l3_router.l3_router_plugin.L3RouterPlugin._create_dvr_floating_gw_port-33038288'] for floatingip, after_update _notify_loop /usr/lib/python2.7/site-packages/neutron_lib/callbacks/manager.py:167
2018-06-28 03:56:23.968 7307 DEBUG oslo_concurrency.lockutils [-] Lock "event-dispatch" acquired by "neutron.plugins.ml2.ovo_rpc.dispatch_events" :: waited 0.000s inner /usr/lib/python2.7/site-packages/oslo_concurrency/lockutils.py:270
2018-06-28 03:56:24.060 7307 DEBUG neutron.quota.resource [req-557709bb-d0ee-4e22-abae-f5138c92c4a1 48ab82a30a8f41a1a784b8bc09bc487a 5528f1fe5f894ddba5fb2776fb82674e - default default] Persisted dirty status for tenant:5190a6bbc3d44d1b9b89bd1bb2a94de0 on resource:floatingip mark_dirty /usr/lib/python2.7/site-packages/neutron/quota/resource.py:207
2018-06-28 03:56:24.068 7307 DEBUG neutron.quota.resource [req-557709bb-d0ee-4e22-abae-f5138c92c4a1 48ab82a30a8f41a1a784b8bc09bc487a 5528f1fe5f894ddba5fb2776fb82674e - default default] Persisted dirty status for tenant: on resource:port mark_dirty /usr/lib/python2.7/site-packages/neutron/quota/resource.py:207
2018-06-28 03:56:24.076 7307 DEBUG neutron.api.rpc.handlers.resources_rpc [req-557709bb-d0ee-4e22-abae-f5138c92c4a1 48ab82a30a8f41a1a784b8bc09bc487a 5528f1fe5f894ddba5fb2776fb82674e - - -] neutron.api.rpc.handlers.resources_rpc.ResourcesPushRpcApi method push called with arguments (<neutron_lib.context.Context object at 0x7f760f476550>, [Port(admin_state_up=True,allowed_address_pairs=[],binding=PortBinding,binding_levels=[],created_at=2018-06-28T01:56:21Z,data_plane_status=<?>,description='',device_id='0c6a8425-6c23-4a04-92ba-2f3684939681',device_owner='network:floatingip',dhcp_options=[],distributed_binding=None,dns=None,fixed_ips=[IPAllocation],id=4f4db0cd-accf-4ede-ac20-907338f40023,mac_address=fa:16:3e:6c:9a:b9,name='',network_id=6ca5b7c5-23c0-4771-ad3c-ae15aacd634c,project_id='',qos_policy_id=None,revision_number=4,security=PortSecurity(4f4db0cd-accf-4ede-ac20-907338f40023),security_group_ids=set([]),status='N/A',updated_at=2018-06-28T01:56:23Z)], 'updated') {} wrapper /usr/lib/python2.7/site-packages/oslo_log/helpers.py:66
2018-06-28 03:56:24.096 7307 DEBUG oslo_concurrency.lockutils [req-557709bb-d0ee-4e22-abae-f5138c92c4a1 48ab82a30a8f41a1a784b8bc09bc487a 5528f1fe5f894ddba5fb2776fb82674e - - -] Lock "event-dispatch" released by "neutron.plugins.ml2.ovo_rpc.dispatch_events" :: held 0.128s inner /usr/lib/python2.7/site-packages/oslo_concurrency/lockutils.py:282
2018-06-28 03:56:24.098 7307 DEBUG neutron_lib.callbacks.manager [req-557709bb-d0ee-4e22-abae-f5138c92c4a1 48ab82a30a8f41a1a784b8bc09bc487a 5528f1fe5f894ddba5fb2776fb82674e - default default] Notify callbacks ['neutron.notifiers.nova.Notifier._send_nova_notification--9223372036854771240'] for floatingip, before_response _notify_loop /usr/lib/python2.7/site-packages/neutron_lib/callbacks/manager.py:167
2018-06-28 03:56:24.099 7307 INFO neutron.wsgi [req-557709bb-d0ee-4e22-abae-f5138c92c4a1 48ab82a30a8f41a1a784b8bc09bc487a 5528f1fe5f894ddba5fb2776fb82674e - default default] 10.0.20.27 "POST /v2.0/floatingips HTTP/1.1" status: 201  len: 674 time: 3.6374402
2018-06-28 03:56:24.416 7306 DEBUG neutron.wsgi [-] (7306) accepted ('10.0.20.27', 52806) server /usr/lib/python2.7/site-packages/eventlet/wsgi.py:883
2018-06-28 03:56:25.114 7306 INFO neutron.wsgi [req-123d530a-a159-4b75-91b6-16955787134c 479e046780fe410b9faee29c0cb53b35 3218dc7862004758b6a8f5b0cc5d6ad5 - default default] 10.0.20.27 "GET /v2.0/ports?device_id=1c1880d5-2b1a-492a-89cf-e48d43f42af9 HTTP/1.1" status: 200  len: 1124 time: 0.6962531
2018-06-28 03:56:25.316 7306 INFO neutron.wsgi [req-d5d862b2-051a-4680-9127-f47a73ec79b1 479e046780fe410b9faee29c0cb53b35 3218dc7862004758b6a8f5b0cc5d6ad5 - default default] 10.0.20.27 "GET /v2.0/security-groups?id=b47a370e-667d-4816-bc8e-10634abeae43 HTTP/1.1" status: 200  len: 2118 time: 0.1631970
2018-06-28 03:56:29.653 7311 DEBUG neutron_lib.callbacks.manager [req-7d5aa0fd-82c4-4f69-a17c-45e87d7916bb - - - - -] Notify callbacks ['neutron.services.segments.db._update_segment_host_mapping_for_agent-8759065940018'] for agent, after_update _notify_loop /usr/lib/python2.7/site-packages/neutron_lib/callbacks/manager.py:167
2018-06-28 03:56:29.689 7317 DEBUG neutron_lib.callbacks.manager [req-096ebd58-7e80-4f53-b474-4a4fe9cd4905 - - - - -] Notify callbacks ['neutron.services.segments.db._update_segment_host_mapping_for_agent-8759065940018'] for agent, after_update _notify_loop /usr/lib/python2.7/site-packages/neutron_lib/callbacks/manager.py:167
2018-06-28 03:56:29.695 7312 DEBUG neutron_lib.callbacks.manager [req-df288ca8-9b05-4938-80e7-28d3c9b78ac1 - - - - -] Notify callbacks ['neutron.services.segments.db._update_segment_host_mapping_for_agent-8759065940018'] for agent, after_update _notify_loop /usr/lib/python2.7/site-packages/neutron_lib/callbacks/manager.py:167
2018-06-28 03:56:29.720 7315 DEBUG neutron_lib.callbacks.manager [req-2631e733-e453-4484-91ed-d20ef0b10622 - - - - -] Notify callbacks ['neutron.services.segments.db._update_segment_host_mapping_for_agent-8759065940018'] for agent, after_update _notify_loop /usr/lib/python2.7/site-packages/neutron_lib/callbacks/manager.py:167
2018-06-28 03:56:30.436 7306 DEBUG neutron.wsgi [-] (7306) accepted ('10.0.20.27', 52858) server /usr/lib/python2.7/site-packages/eventlet/wsgi.py:883
2018-06-28 03:56:31.143 7306 INFO neutron.wsgi [req-abca48ee-5467-4df8-b425-615f200ae095 479e046780fe410b9faee29c0cb53b35 3218dc7862004758b6a8f5b0cc5d6ad5 - default default] 10.0.20.27 "GET /v2.0/ports?device_id=1c1880d5-2b1a-492a-89cf-e48d43f42af9 HTTP/1.1" status: 200  len: 1124 time: 0.7043419
2018-06-28 03:56:31.323 7306 INFO neutron.wsgi [req-5157149e-0223-4375-a31c-6d8956c27bf9 479e046780fe410b9faee29c0cb53b35 3218dc7862004758b6a8f5b0cc5d6ad5 - default default] 10.0.20.27 "GET /v2.0/security-groups?id=b47a370e-667d-4816-bc8e-10634abeae43 HTTP/1.1" status: 200  len: 2118 time: 0.1378222
2018-06-28 03:56:33.947 7306 DEBUG neutron.wsgi [-] (7306) accepted ('10.0.20.27', 52880) server /usr/lib/python2.7/site-packages/eventlet/wsgi.py:883
2018-06-28 03:56:34.656 7306 INFO neutron.wsgi [req-49e8695d-0445-4f62-bb26-30f7ddfc7027 479e046780fe410b9faee29c0cb53b35 3218dc7862004758b6a8f5b0cc5d6ad5 - default default] 10.0.20.27 "GET /v2.0/ports?device_id=1c1880d5-2b1a-492a-89cf-e48d43f42af9 HTTP/1.1" status: 200  len: 1124 time: 0.7074518
2018-06-28 03:56:34.813 7306 INFO neutron.wsgi [req-df3deec4-9c69-418e-8a46-98c7898f2818 479e046780fe410b9faee29c0cb53b35 3218dc7862004758b6a8f5b0cc5d6ad5 - default default] 10.0.20.27 "GET /v2.0/security-groups?id=b47a370e-667d-4816-bc8e-10634abeae43 HTTP/1.1" status: 200  len: 2118 time: 0.1210110
2018-06-28 03:56:38.461 7302 INFO neutron.wsgi [req-2c4a2f41-2547-4c4b-9357-813817c1ca04 60f2ca42473647d4be2ffeb60a9c5bde 5190a6bbc3d44d1b9b89bd1bb2a94de0 - aa5ce64bc98047b9ba0aeb0c66704785 aa5ce64bc98047b9ba0aeb0c66704785] 10.0.20.27 "GET /v2.0/ports?device_id=1c1880d5-2b1a-492a-89cf-e48d43f42af9 HTTP/1.1" status: 200  len: 1124 time: 0.7625952
2018-06-28 03:56:38.624 7302 INFO neutron.wsgi [req-a4d7681a-38a6-41b3-bcc9-532ded81d1fb 60f2ca42473647d4be2ffeb60a9c5bde 5190a6bbc3d44d1b9b89bd1bb2a94de0 - aa5ce64bc98047b9ba0aeb0c66704785 aa5ce64bc98047b9ba0aeb0c66704785] 10.0.20.27 "GET /v2.0/security-groups?id=b47a370e-667d-4816-bc8e-10634abeae43 HTTP/1.1" status: 200  len: 2118 time: 0.1541269
2018-06-28 03:56:38.962 7302 INFO neutron.wsgi [req-9ea71795-bd33-4b74-b3f1-2fe3f8e958d6 60f2ca42473647d4be2ffeb60a9c5bde 5190a6bbc3d44d1b9b89bd1bb2a94de0 - aa5ce64bc98047b9ba0aeb0c66704785 aa5ce64bc98047b9ba0aeb0c66704785] 10.0.20.27 "GET /v2.0/ports?device_owner=compute%3Anova&device_id=1c1880d5-2b1a-492a-89cf-e48d43f42af9 HTTP/1.1" status: 200  len: 1124 time: 0.1469610
2018-06-28 03:56:39.034 7302 INFO neutron.wsgi [req-245e6ac6-536a-458e-82ff-4c4ee693b059 60f2ca42473647d4be2ffeb60a9c5bde 5190a6bbc3d44d1b9b89bd1bb2a94de0 - aa5ce64bc98047b9ba0aeb0c66704785 aa5ce64bc98047b9ba0aeb0c66704785] 10.0.20.27 "GET /v2.0/floatingips?floating_ip_address=172.24.4.4 HTTP/1.1" status: 200  len: 672 time: 0.0630040
2018-06-28 03:56:39.178 7302 DEBUG neutron.api.v2.base [req-a9086bac-a38a-432e-a50f-48c39ee1b022 60f2ca42473647d4be2ffeb60a9c5bde 5190a6bbc3d44d1b9b89bd1bb2a94de0 - aa5ce64bc98047b9ba0aeb0c66704785 aa5ce64bc98047b9ba0aeb0c66704785] Request body: {u'floatingip': {u'fixed_ip_address': u'11.96.1.11', u'port_id': u'f2d9b90e-df6c-4a29-b853-50d691f4669e'}} prepare_request_body /usr/lib/python2.7/site-packages/neutron/api/v2/base.py:695
2018-06-28 03:56:39.648 7302 DEBUG neutron_lib.callbacks.manager [req-a9086bac-a38a-432e-a50f-48c39ee1b022 60f2ca42473647d4be2ffeb60a9c5bde 5190a6bbc3d44d1b9b89bd1bb2a94de0 - aa5ce64bc98047b9ba0aeb0c66704785 aa5ce64bc98047b9ba0aeb0c66704785] Notify callbacks ['neutron.services.l3_router.l3_router_plugin.L3RouterPlugin._create_dvr_floating_gw_port-33038288'] for floatingip, after_update _notify_loop /usr/lib/python2.7/site-packages/neutron_lib/callbacks/manager.py:167
2018-06-28 03:56:40.324 7302 DEBUG neutron.scheduler.l3_agent_scheduler [req-a9086bac-a38a-432e-a50f-48c39ee1b022 60f2ca42473647d4be2ffeb60a9c5bde 5190a6bbc3d44d1b9b89bd1bb2a94de0 - aa5ce64bc98047b9ba0aeb0c66704785 aa5ce64bc98047b9ba0aeb0c66704785] Router bee8c6c4-3437-4bd8-9a48-ac0834e86b3b has already been hosted by L3 agent 8a7f04c5-f50c-4882-a215-ed76ffaf1adf _get_candidates /usr/lib/python2.7/site-packages/neutron/scheduler/l3_agent_scheduler.py:141
2018-06-28 03:56:40.540 7302 DEBUG neutron.api.rpc.agentnotifiers.l3_rpc_agent_api [req-a9086bac-a38a-432e-a50f-48c39ee1b022 60f2ca42473647d4be2ffeb60a9c5bde 5190a6bbc3d44d1b9b89bd1bb2a94de0 - aa5ce64bc98047b9ba0aeb0c66704785 aa5ce64bc98047b9ba0aeb0c66704785] Notify agent at l3_agent.localhost.localdomain the message routers_updated _agent_notification /usr/lib/python2.7/site-packages/neutron/api/rpc/agentnotifiers/l3_rpc_agent_api.py:69
2018-06-28 03:56:40.890 7302 DEBUG neutron_lib.callbacks.manager [req-a9086bac-a38a-432e-a50f-48c39ee1b022 60f2ca42473647d4be2ffeb60a9c5bde 5190a6bbc3d44d1b9b89bd1bb2a94de0 - aa5ce64bc98047b9ba0aeb0c66704785 aa5ce64bc98047b9ba0aeb0c66704785] Notify callbacks ['neutron.notifiers.nova.Notifier._send_nova_notification--9223372036854771240'] for floatingip, before_response _notify_loop /usr/lib/python2.7/site-packages/neutron_lib/callbacks/manager.py:167
2018-06-28 03:56:40.915 7318 DEBUG neutron.db.l3_hamode_db [req-2dcdc182-56c8-4465-a4a7-31e53c580e21 - - - - -] neutron.services.l3_router.l3_router_plugin.L3RouterPlugin method get_ha_sync_data_for_host called with arguments (<neutron_lib.context.Context object at 0x7f760f260d90>, u'localhost.localdomain', <neutron.db.models.agent.Agent[object at 7f760f370210] {id=u'8a7f04c5-f50c-4882-a215-ed76ffaf1adf', agent_type=u'L3 agent', binary=u'neutron-l3-agent', topic=u'l3_agent', host=u'localhost.localdomain', availability_zone=u'nova', admin_state_up=True, created_at=datetime.datetime(2018, 6, 7, 12, 44, 57), started_at=datetime.datetime(2018, 6, 28, 1, 44, 47), heartbeat_timestamp=datetime.datetime(2018, 6, 28, 1, 56, 17), description=None, configurations=u'{"agent_mode": "legacy", "gateway_external_network_id": "", "handle_internal_only_routers": true, "routers": 2, "interfaces": 2, "floating_ips": 0, "interface_driver": "neutron.agent.linux.interface.OVSInterfaceDriver", "log_agent_heartbeats": false, "external_network_bridge": "", "ex_gw_ports": 2}', resource_versions=None, load=0}>) {'active': True, 'router_ids': ['bee8c6c4-3437-4bd8-9a48-ac0834e86b3b']} wrapper /usr/lib/python2.7/site-packages/oslo_log/helpers.py:66
2018-06-28 03:56:40.993 7302 INFO neutron.wsgi [req-a9086bac-a38a-432e-a50f-48c39ee1b022 60f2ca42473647d4be2ffeb60a9c5bde 5190a6bbc3d44d1b9b89bd1bb2a94de0 - aa5ce64bc98047b9ba0aeb0c66704785 aa5ce64bc98047b9ba0aeb0c66704785] 10.0.20.27 "PUT /v2.0/floatingips/0c6a8425-6c23-4a04-92ba-2f3684939681 HTTP/1.1" status: 200  len: 745 time: 1.9492331
2018-06-28 03:56:40.994 7302 DEBUG oslo_concurrency.lockutils [-] Lock "notifier-a4061c98-a577-423a-9fd5-64e89994c3bd" acquired by "neutron.notifiers.batch_notifier.synced_send" :: waited 0.000s inner /usr/lib/python2.7/site-packages/oslo_concurrency/lockutils.py:270
2018-06-28 03:56:40.995 7302 DEBUG neutron.notifiers.nova [-] Sending events: [{'tag': u'f2d9b90e-df6c-4a29-b853-50d691f4669e', 'name': 'network-changed', 'server_uuid': u'1c1880d5-2b1a-492a-89cf-e48d43f42af9'}] send_events /usr/lib/python2.7/site-packages/neutron/notifiers/nova.py:242
2018-06-28 03:56:41.778 7318 DEBUG neutron.db.l3_hamode_db [req-2dcdc182-56c8-4465-a4a7-31e53c580e21 - - - - -] neutron.services.l3_router.l3_router_plugin.L3RouterPlugin method _process_sync_ha_data called with arguments (<neutron_lib.context.Context object at 0x7f760f260d90>, [{'status': u'ACTIVE', '_interfaces': [{'status': u'ACTIVE', 'subnets': [{'dns_nameservers': [u'8.8.4.4'], 'ipv6_ra_mode': None, 'gateway_ip': u'11.96.1.1', 'cidr': u'11.96.1.0/24', 'id': u'73be016f-5697-4fb5-8524-ce2ac2366e34', 'subnetpool_id': None}], 'binding:host_id': u'localhost.localdomain', 'description': u'', 'allowed_address_pairs': [], 'tags': [], 'extra_dhcp_opts': [], 'updated_at': '2018-06-28T01:54:56Z', 'device_owner': u'network:router_interface', 'revision_number': 7, 'port_security_enabled': False, 'binding:profile': {}, 'mtu': 1450, 'fixed_ips': [{'subnet_id': u'73be016f-5697-4fb5-8524-ce2ac2366e34', 'prefixlen': 24, 'ip_address': u'11.96.1.1'}], 'id': u'e4ca5b25-eace-4b1a-a04c-c89c8ec65751', 'security_groups': [], 'device_id': u'bee8c6c4-3437-4bd8-9a48-ac0834e86b3b', 'name': u'', 'admin_state_up': True, 'network_id': u'65046eb9-f8e1-49cd-a2f0-c861fe9b5f8f', 'tenant_id': u'5190a6bbc3d44d1b9b89bd1bb2a94de0', 'binding:vif_details': {u'port_filter': True, u'datapath_type': u'system', u'ovs_hybrid_plug': True}, 'address_scopes': {4: None, 6: None}, 'binding:vnic_type': u'normal', 'binding:vif_type': u'ovs', 'mac_address': u'fa:16:3e:95:53:5f', 'project_id': u'5190a6bbc3d44d1b9b89bd1bb2a94de0', 'extra_subnets': [], 'created_at': '2018-06-28T01:54:47Z'}], 'enable_snat': True, 'ha_vr_id': 0, 'description': u'', 'tags': [], 'gw_port': {'status': u'ACTIVE', 'subnets': [{'dns_nameservers': [], 'ipv6_ra_mode': None, 'gateway_ip': u'172.24.4.1', 'cidr': u'172.24.4.0/24', 'id': u'ac2387df-a63d-4d9b-ad90-008a8600e0e1', 'subnetpool_id': None}], 'binding:host_id': u'localhost.localdomain', 'description': u'', 'allowed_address_pairs': [], 'tags': [], 'extra_dhcp_opts': [], 'updated_at': '2018-06-28T01:55:10Z', 'device_owner': u'network:router_gateway', 'revision_number': 6, 'port_security_enabled': False, 'binding:profile': {}, 'mtu': 1500, 'fixed_ips': [{'subnet_id': u'ac2387df-a63d-4d9b-ad90-008a8600e0e1', 'prefixlen': 24, 'ip_address': u'172.24.4.5'}], 'id': u'a92fe4be-7425-459d-b23a-0fc5ababc8b1', 'security_groups': [], 'device_id': u'bee8c6c4-3437-4bd8-9a48-ac0834e86b3b', 'name': u'', 'admin_state_up': True, 'network_id': u'6ca5b7c5-23c0-4771-ad3c-ae15aacd634c', 'tenant_id': u'', 'binding:vif_details': {u'port_filter': True, u'datapath_type': u'system', u'ovs_hybrid_plug': True}, 'address_scopes': {4: None, 6: None}, 'binding:vnic_type': u'normal', 'binding:vif_type': u'ovs', 'mac_address': u'fa:16:3e:11:27:2f', 'project_id': u'', 'extra_subnets': [], 'created_at': '2018-06-28T01:55:02Z'}, 'updated_at': '2018-06-28T01:55:04Z', 'revision_number': 3, 'ha': False, 'id': u'bee8c6c4-3437-4bd8-9a48-ac0834e86b3b', 'gw_port_host': u'localhost.localdomain', 'external_gateway_info': {'network_id': u'6ca5b7c5-23c0-4771-ad3c-ae15aacd634c', 'enable_snat': True, 'external_fixed_ips': [{'subnet_id': u'ac2387df-a63d-4d9b-ad90-008a8600e0e1', 'ip_address': u'172.24.4.5'}]}, 'availability_zone_hints': [], 'availability_zones': [u'nova'], 'name': u'tempest-router-1530150682', 'gw_port_id': u'a92fe4be-7425-459d-b23a-0fc5ababc8b1', 'admin_state_up': True, 'tenant_id': u'5190a6bbc3d44d1b9b89bd1bb2a94de0', 'created_at': '2018-06-28T01:54:26Z', 'distributed': False, 'flavor_id': None, 'routes': [], 'project_id': u'5190a6bbc3d44d1b9b89bd1bb2a94de0', '_floatingips': [{'router_id': u'bee8c6c4-3437-4bd8-9a48-ac0834e86b3b', 'status': u'DOWN', 'description': u'', 'tags': [], 'updated_at': '2018-06-28T01:56:39Z', 'dns_domain': '', 'floating_network_id': u'6ca5b7c5-23c0-4771-ad3c-ae15aacd634c', 'fixed_ip_address': u'11.96.1.11', 'floating_ip_address': u'172.24.4.4', 'revision_number': 1, 'port_id': u'f2d9b90e-df6c-4a29-b853-50d691f4669e', 'id': u'0c6a8425-6c23-4a04-92ba-2f3684939681', 'dns_name': '', 'created_at': '2018-06-28T01:56:22Z', 'tenant_id': u'5190a6bbc3d44d1b9b89bd1bb2a94de0', 'fixed_ip_address_scope': None, 'project_id': u'5190a6bbc3d44d1b9b89bd1bb2a94de0'}]}], u'localhost.localdomain', False) {} wrapper /usr/lib/python2.7/site-packages/oslo_log/helpers.py:66
2018-06-28 03:56:41.792 7318 DEBUG neutron.api.rpc.handlers.l3_rpc [req-2dcdc182-56c8-4465-a4a7-31e53c580e21 - - - - -] Checking router: bee8c6c4-3437-4bd8-9a48-ac0834e86b3b for host: localhost.localdomain _ensure_host_set_on_ports /usr/lib/python2.7/site-packages/neutron/api/rpc/handlers/l3_rpc.py:135
2018-06-28 03:56:42.209 7312 DEBUG neutron.api.rpc.handlers.l3_rpc [req-c22a252e-e7f9-4740-8787-1d98ead74c76 - - - - -] New status for floating IP 0c6a8425-6c23-4a04-92ba-2f3684939681: ACTIVE update_floatingip_statuses /usr/lib/python2.7/site-packages/neutron/api/rpc/handlers/l3_rpc.py:252
2018-06-28 03:56:42.223 7302 DEBUG novaclient.v2.client [-] REQ: curl -g -i -X POST http://10.0.20.27:8774/v2.1/3218dc7862004758b6a8f5b0cc5d6ad5/os-server-external-events -H "User-Agent: python-novaclient" -H "Content-Type: application/json" -H "Accept: application/json" -H "X-OpenStack-Nova-API-Version: 2.1" -H "X-Auth-Token: {SHA1}2f82b173db34e3b457bf60e4772633bda93053e0" -d '{"events": [{"tag": "f2d9b90e-df6c-4a29-b853-50d691f4669e", "name": "network-changed", "server_uuid": "1c1880d5-2b1a-492a-89cf-e48d43f42af9"}]}' _http_log_request /usr/lib/python2.7/site-packages/keystoneauth1/session.py:375
2018-06-28 03:56:43.076 7302 INFO neutron.wsgi [req-6837b3b1-cbbc-422e-a910-77699221e060 479e046780fe410b9faee29c0cb53b35 3218dc7862004758b6a8f5b0cc5d6ad5 - default default] 10.0.20.27 "GET /v2.0/ports?tenant_id=5190a6bbc3d44d1b9b89bd1bb2a94de0&device_id=1c1880d5-2b1a-492a-89cf-e48d43f42af9 HTTP/1.1" status: 200  len: 1124 time: 0.7571809
2018-06-28 03:56:43.307 7302 DEBUG novaclient.v2.client [-] RESP: [200] Content-Length: 179 Content-Type: application/json Openstack-Api-Version: compute 2.1 X-Openstack-Nova-Api-Version: 2.1 Vary: OpenStack-API-Version, X-OpenStack-Nova-API-Version X-Openstack-Request-Id: req-e9e57ac2-47b4-48e1-b6c9-bd0e39c5fc5e X-Compute-Request-Id: req-e9e57ac2-47b4-48e1-b6c9-bd0e39c5fc5e Date: Thu, 28 Jun 2018 01:56:43 GMT Connection: keep-alive 
RESP BODY: {"events": [{"status": "completed", "tag": "f2d9b90e-df6c-4a29-b853-50d691f4669e", "name": "network-changed", "server_uuid": "1c1880d5-2b1a-492a-89cf-e48d43f42af9", "code": 200}]}
 _http_log_response /usr/lib/python2.7/site-packages/keystoneauth1/session.py:423
2018-06-28 03:56:43.308 7302 DEBUG novaclient.v2.client [-] POST call to compute for http://10.0.20.27:8774/v2.1/3218dc7862004758b6a8f5b0cc5d6ad5/os-server-external-events used request id req-e9e57ac2-47b4-48e1-b6c9-bd0e39c5fc5e request /usr/lib/python2.7/site-packages/keystoneauth1/session.py:727
2018-06-28 03:56:43.328 7302 INFO neutron.notifiers.nova [-] Nova event response: {u'status': u'completed', u'tag': u'f2d9b90e-df6c-4a29-b853-50d691f4669e', u'name': u'network-changed', u'server_uuid': u'1c1880d5-2b1a-492a-89cf-e48d43f42af9', u'code': 200}
2018-06-28 03:56:43.512 7307 INFO neutron.wsgi [req-7664deef-b8ea-44ed-a4ea-edc1b1f08e4c 479e046780fe410b9faee29c0cb53b35 3218dc7862004758b6a8f5b0cc5d6ad5 - default default] 10.0.20.27 "GET /v2.0/ports?tenant_id=5190a6bbc3d44d1b9b89bd1bb2a94de0&device_id=1c1880d5-2b1a-492a-89cf-e48d43f42af9 HTTP/1.1" status: 200  len: 1124 time: 0.2318819
2018-06-28 03:56:43.682 7302 DEBUG neutron.pecan_wsgi.hooks.policy_enforcement [req-cd6eb743-10a7-4e8b-99aa-c25412e8b41f 479e046780fe410b9faee29c0cb53b35 3218dc7862004758b6a8f5b0cc5d6ad5 - default default] Attributes excluded by policy engine: [u'vlan_transparent'] _exclude_attributes_by_policy /usr/lib/python2.7/site-packages/neutron/pecan_wsgi/hooks/policy_enforcement.py:256
2018-06-28 03:56:43.685 7302 INFO neutron.wsgi [req-cd6eb743-10a7-4e8b-99aa-c25412e8b41f 479e046780fe410b9faee29c0cb53b35 3218dc7862004758b6a8f5b0cc5d6ad5 - default default] 10.0.20.27 "GET /v2.0/networks?id=65046eb9-f8e1-49cd-a2f0-c861fe9b5f8f HTTP/1.1" status: 200  len: 885 time: 0.5273240
2018-06-28 03:56:43.752 7302 INFO neutron.wsgi [req-de2a8b24-4235-4e57-aaf1-c0510c2ee33b 479e046780fe410b9faee29c0cb53b35 3218dc7862004758b6a8f5b0cc5d6ad5 - default default] 10.0.20.27 "GET /v2.0/floatingips?fixed_ip_address=11.96.1.11&port_id=f2d9b90e-df6c-4a29-b853-50d691f4669e HTTP/1.1" status: 200  len: 750 time: 0.0579281
2018-06-28 03:56:43.836 7307 DEBUG neutron.pecan_wsgi.hooks.policy_enforcement [req-78f6843e-a670-4ac7-9379-c8b59d6144bd 479e046780fe410b9faee29c0cb53b35 3218dc7862004758b6a8f5b0cc5d6ad5 - default default] Attributes excluded by policy engine: [u'vlan_transparent'] _exclude_attributes_by_policy /usr/lib/python2.7/site-packages/neutron/pecan_wsgi/hooks/policy_enforcement.py:256
2018-06-28 03:56:43.839 7307 INFO neutron.wsgi [req-78f6843e-a670-4ac7-9379-c8b59d6144bd 479e046780fe410b9faee29c0cb53b35 3218dc7862004758b6a8f5b0cc5d6ad5 - default default] 10.0.20.27 "GET /v2.0/networks?id=65046eb9-f8e1-49cd-a2f0-c861fe9b5f8f HTTP/1.1" status: 200  len: 885 time: 0.3169031
2018-06-28 03:56:43.911 7307 INFO neutron.wsgi [req-61a741ea-9041-407d-88c8-ba1242282c61 479e046780fe410b9faee29c0cb53b35 3218dc7862004758b6a8f5b0cc5d6ad5 - default default] 10.0.20.27 "GET /v2.0/floatingips?fixed_ip_address=11.96.1.11&port_id=f2d9b90e-df6c-4a29-b853-50d691f4669e HTTP/1.1" status: 200  len: 750 time: 0.0628831
2018-06-28 03:56:43.958 7302 DEBUG neutron.pecan_wsgi.hooks.policy_enforcement [req-95c60be0-36ab-424d-9e1a-aae018484a0e 479e046780fe410b9faee29c0cb53b35 3218dc7862004758b6a8f5b0cc5d6ad5 - default default] Attributes excluded by policy engine: [u'shared'] _exclude_attributes_by_policy /usr/lib/python2.7/site-packages/neutron/pecan_wsgi/hooks/policy_enforcement.py:256
2018-06-28 03:56:43.961 7302 INFO neutron.wsgi [req-95c60be0-36ab-424d-9e1a-aae018484a0e 479e046780fe410b9faee29c0cb53b35 3218dc7862004758b6a8f5b0cc5d6ad5 - default default] 10.0.20.27 "GET /v2.0/subnets?id=73be016f-5697-4fb5-8524-ce2ac2366e34 HTTP/1.1" status: 200  len: 843 time: 0.2015901
2018-06-28 03:56:44.060 7307 DEBUG neutron.pecan_wsgi.hooks.policy_enforcement [req-aa1e7618-9843-4795-80c9-9c4ed0245f78 479e046780fe410b9faee29c0cb53b35 3218dc7862004758b6a8f5b0cc5d6ad5 - default default] Attributes excluded by policy engine: [u'shared'] _exclude_attributes_by_policy /usr/lib/python2.7/site-packages/neutron/pecan_wsgi/hooks/policy_enforcement.py:256
2018-06-28 03:56:44.063 7307 INFO neutron.wsgi [req-aa1e7618-9843-4795-80c9-9c4ed0245f78 479e046780fe410b9faee29c0cb53b35 3218dc7862004758b6a8f5b0cc5d6ad5 - default default] 10.0.20.27 "GET /v2.0/subnets?id=73be016f-5697-4fb5-8524-ce2ac2366e34 HTTP/1.1" status: 200  len: 843 time: 0.1434798
2018-06-28 03:56:44.094 7302 INFO neutron.wsgi [req-fca49a31-e971-435b-abfb-699c8965a88d 479e046780fe410b9faee29c0cb53b35 3218dc7862004758b6a8f5b0cc5d6ad5 - default default] 10.0.20.27 "GET /v2.0/ports?network_id=65046eb9-f8e1-49cd-a2f0-c861fe9b5f8f&device_owner=network%3Adhcp HTTP/1.1" status: 200  len: 1127 time: 0.1254151
2018-06-28 03:56:44.223 7307 INFO neutron.wsgi [req-7fd78c33-e014-4f63-9ffd-1f73c338f22d 479e046780fe410b9faee29c0cb53b35 3218dc7862004758b6a8f5b0cc5d6ad5 - default default] 10.0.20.27 "GET /v2.0/ports?network_id=65046eb9-f8e1-49cd-a2f0-c861fe9b5f8f&device_owner=network%3Adhcp HTTP/1.1" status: 200  len: 1127 time: 0.1505880
2018-06-28 03:56:45.330 7302 DEBUG oslo_concurrency.lockutils [-] Lock "notifier-a4061c98-a577-423a-9fd5-64e89994c3bd" released by "neutron.notifiers.batch_notifier.synced_send" :: held 4.336s inner /usr/lib/python2.7/site-packages/oslo_concurrency/lockutils.py:282
