2018-06-28 23:31:16.912 30970 DEBUG oslo_concurrency.lockutils [-] Lock "notifier-92e9ad11-ab7c-4cb7-9f26-fcc3b2b57589" acquired by "neutron.notifiers.batch_notifier.synced_send" :: waited 0.000s inner /usr/lib/python2.7/site-packages/oslo_concurrency/lockutils.py:270
2018-06-28 23:31:16.912 30970 DEBUG neutron.notifiers.nova [-] Sending events: [{'status': 'completed', 'tag': u'5749a101-1f12-4a61-8798-01dc1eed2d61', 'name': 'network-vif-plugged', 'server_uuid': u'0f03a52e-877d-4158-86e4-f09635265da8'}] send_events /usr/lib/python2.7/site-packages/neutron/notifiers/nova.py:242
2018-06-28 23:31:16.945 30970 DEBUG neutron_lib.callbacks.manager [req-864f2f8b-df85-47b9-95ca-1f7d23ebae01 - - - - -] Notify callbacks ['neutron.plugins.ml2.plugin.Ml2Plugin.notify_sg_on_port_change-742121', 'neutron.plugins.ml2.ovo_rpc._ObjectChangeHandler.handle_event-1691686', 'neutron.db.l3_hascheduler_db._notify_l3_agent_ha_port_update-8728573675043', 'neutron.db.l3_dvrscheduler_db._notify_l3_agent_port_update--9223363308281101361', 'neutron.api.rpc.agentnotifiers.dhcp_rpc_agent_api.DhcpAgentNotifyAPI._native_event_send_dhcp_notification-1813535'] for port, after_update _notify_loop /usr/lib/python2.7/site-packages/neutron_lib/callbacks/manager.py:167
2018-06-28 23:31:16.982 30970 DEBUG oslo_concurrency.lockutils [-] Lock "event-dispatch" acquired by "neutron.plugins.ml2.ovo_rpc.dispatch_events" :: waited 0.000s inner /usr/lib/python2.7/site-packages/oslo_concurrency/lockutils.py:270
2018-06-28 23:31:17.156 30970 DEBUG neutron.api.rpc.handlers.resources_rpc [req-864f2f8b-df85-47b9-95ca-1f7d23ebae01 - - - - -] neutron.api.rpc.handlers.resources_rpc.ResourcesPushRpcApi method push called with arguments (<neutron_lib.context.Context object at 0x7f04782ae390>, [Port(admin_state_up=True,allowed_address_pairs=[],binding=PortBinding,binding_levels=[PortBindingLevel],created_at=2018-06-28T21:27:42Z,data_plane_status=<?>,description='',device_id='0f03a52e-877d-4158-86e4-f09635265da8',device_owner='compute:nova',dhcp_options=[],distributed_binding=None,dns=None,fixed_ips=[IPAllocation],id=5749a101-1f12-4a61-8798-01dc1eed2d61,mac_address=fa:16:3e:e9:fe:5b,name='',network_id=6ca1e5f6-2f76-4284-ad3f-4d04c0e80021,project_id='ab296c99282942cf8364cf2d40841c9c',qos_policy_id=None,revision_number=8,security=PortSecurity(5749a101-1f12-4a61-8798-01dc1eed2d61),security_group_ids=set([62831b6d-8b8a-4951-b2a1-a3780a8ce2fd]),status='ACTIVE',updated_at=2018-06-28T21:31:16Z)], 'updated') {} wrapper /usr/lib/python2.7/site-packages/oslo_log/helpers.py:66
2018-06-28 23:31:17.171 30970 DEBUG neutron.api.rpc.callbacks.version_manager [req-864f2f8b-df85-47b9-95ca-1f7d23ebae01 - - - - -] Version for resource type Subnet changed None to 1.0 on consumer Open vSwitch agent@localhost.localdomain _set_version /usr/lib/python2.7/site-packages/neutron/api/rpc/callbacks/version_manager.py:119
2018-06-28 23:31:17.172 30970 DEBUG neutron.api.rpc.callbacks.version_manager [req-864f2f8b-df85-47b9-95ca-1f7d23ebae01 - - - - -] Version for resource type Network changed None to 1.0 on consumer Open vSwitch agent@localhost.localdomain _set_version /usr/lib/python2.7/site-packages/neutron/api/rpc/callbacks/version_manager.py:119
2018-06-28 23:31:17.173 30970 DEBUG neutron.api.rpc.callbacks.version_manager [req-864f2f8b-df85-47b9-95ca-1f7d23ebae01 - - - - -] Version for resource type SubPort changed None to 1.0 on consumer Open vSwitch agent@localhost.localdomain _set_version /usr/lib/python2.7/site-packages/neutron/api/rpc/callbacks/version_manager.py:119
2018-06-28 23:31:17.174 30970 DEBUG neutron.api.rpc.callbacks.version_manager [req-864f2f8b-df85-47b9-95ca-1f7d23ebae01 - - - - -] Version for resource type SecurityGroup changed None to 1.0 on consumer Open vSwitch agent@localhost.localdomain _set_version /usr/lib/python2.7/site-packages/neutron/api/rpc/callbacks/version_manager.py:119
2018-06-28 23:31:17.174 30970 DEBUG neutron.api.rpc.callbacks.version_manager [req-864f2f8b-df85-47b9-95ca-1f7d23ebae01 - - - - -] Version for resource type SecurityGroupRule changed None to 1.0 on consumer Open vSwitch agent@localhost.localdomain _set_version /usr/lib/python2.7/site-packages/neutron/api/rpc/callbacks/version_manager.py:119
2018-06-28 23:31:17.175 30970 DEBUG neutron.api.rpc.callbacks.version_manager [req-864f2f8b-df85-47b9-95ca-1f7d23ebae01 - - - - -] Version for resource type Trunk changed None to 1.1 on consumer Open vSwitch agent@localhost.localdomain _set_version /usr/lib/python2.7/site-packages/neutron/api/rpc/callbacks/version_manager.py:119
2018-06-28 23:31:17.176 30970 DEBUG neutron.api.rpc.callbacks.version_manager [req-864f2f8b-df85-47b9-95ca-1f7d23ebae01 - - - - -] Version for resource type QosPolicy changed None to 1.6 on consumer Open vSwitch agent@localhost.localdomain _set_version /usr/lib/python2.7/site-packages/neutron/api/rpc/callbacks/version_manager.py:119
2018-06-28 23:31:17.177 30970 DEBUG neutron.api.rpc.callbacks.version_manager [req-864f2f8b-df85-47b9-95ca-1f7d23ebae01 - - - - -] Version for resource type Port changed None to 1.1 on consumer Open vSwitch agent@localhost.localdomain _set_version /usr/lib/python2.7/site-packages/neutron/api/rpc/callbacks/version_manager.py:119
2018-06-28 23:31:17.178 30970 DEBUG neutron.api.rpc.callbacks.version_manager [req-864f2f8b-df85-47b9-95ca-1f7d23ebae01 - - - - -] Version for resource type Log changed None to 1.0 on consumer Open vSwitch agent@localhost.localdomain _set_version /usr/lib/python2.7/site-packages/neutron/api/rpc/callbacks/version_manager.py:119
2018-06-28 23:31:17.200 30970 DEBUG oslo_concurrency.lockutils [req-864f2f8b-df85-47b9-95ca-1f7d23ebae01 - - - - -] Lock "event-dispatch" released by "neutron.plugins.ml2.ovo_rpc.dispatch_events" :: held 0.218s inner /usr/lib/python2.7/site-packages/oslo_concurrency/lockutils.py:282
2018-06-28 23:31:17.941 30969 DEBUG oslo_concurrency.lockutils [-] Lock "notifier-92e9ad11-ab7c-4cb7-9f26-fcc3b2b57589" released by "neutron.notifiers.batch_notifier.synced_send" :: held 5.467s inner /usr/lib/python2.7/site-packages/oslo_concurrency/lockutils.py:282
2018-06-28 23:31:18.049 30970 DEBUG novaclient.v2.client [-] REQ: curl -g -i -X POST http://10.0.20.21:8774/v2.1/6ce4dd91709c441d9f1b40034ea03af4/os-server-external-events -H "User-Agent: python-novaclient" -H "Content-Type: application/json" -H "Accept: application/json" -H "X-OpenStack-Nova-API-Version: 2.1" -H "X-Auth-Token: {SHA1}8ec397f31d7a055a74691d98eaba3c4cba3e4c0e" -d '{"events": [{"status": "completed", "tag": "5749a101-1f12-4a61-8798-01dc1eed2d61", "name": "network-vif-plugged", "server_uuid": "0f03a52e-877d-4158-86e4-f09635265da8"}]}' _http_log_request /usr/lib/python2.7/site-packages/keystoneauth1/session.py:375
2018-06-28 23:31:18.510 30972 DEBUG neutron.plugins.ml2.rpc [req-864f2f8b-df85-47b9-95ca-1f7d23ebae01 - - - - -] Device 5749a101-1f12-4a61-8798-01dc1eed2d61 up at agent ovs-agent-localhost.localdomain update_device_up /usr/lib/python2.7/site-packages/neutron/plugins/ml2/rpc.py:244
2018-06-28 23:31:18.916 30972 DEBUG neutron.db.provisioning_blocks [req-864f2f8b-df85-47b9-95ca-1f7d23ebae01 - - - - -] Provisioning complete for port 5749a101-1f12-4a61-8798-01dc1eed2d61 triggered by entity L2. provisioning_complete /usr/lib/python2.7/site-packages/neutron/db/provisioning_blocks.py:138
2018-06-28 23:31:18.917 30972 DEBUG neutron_lib.callbacks.manager [req-864f2f8b-df85-47b9-95ca-1f7d23ebae01 - - - - -] Notify callbacks ['neutron.plugins.ml2.plugin.Ml2Plugin._port_provisioned-1459096'] for port, provisioning_complete _notify_loop /usr/lib/python2.7/site-packages/neutron_lib/callbacks/manager.py:167
2018-06-28 23:31:19.650 30970 DEBUG novaclient.v2.client [-] RESP: [200] Content-Length: 183 Content-Type: application/json Openstack-Api-Version: compute 2.1 X-Openstack-Nova-Api-Version: 2.1 Vary: OpenStack-API-Version, X-OpenStack-Nova-API-Version X-Openstack-Request-Id: req-132ee3a4-5627-42e4-87ab-30f089caf5b4 X-Compute-Request-Id: req-132ee3a4-5627-42e4-87ab-30f089caf5b4 Date: Thu, 28 Jun 2018 21:31:19 GMT Connection: keep-alive 
RESP BODY: {"events": [{"status": "completed", "tag": "5749a101-1f12-4a61-8798-01dc1eed2d61", "name": "network-vif-plugged", "server_uuid": "0f03a52e-877d-4158-86e4-f09635265da8", "code": 200}]}
 _http_log_response /usr/lib/python2.7/site-packages/keystoneauth1/session.py:423
2018-06-28 23:31:19.650 30970 DEBUG novaclient.v2.client [-] POST call to compute for http://10.0.20.21:8774/v2.1/6ce4dd91709c441d9f1b40034ea03af4/os-server-external-events used request id req-132ee3a4-5627-42e4-87ab-30f089caf5b4 request /usr/lib/python2.7/site-packages/keystoneauth1/session.py:727
2018-06-28 23:31:19.656 30970 INFO neutron.notifiers.nova [-] Nova event response: {u'status': u'completed', u'tag': u'5749a101-1f12-4a61-8798-01dc1eed2d61', u'name': u'network-vif-plugged', u'server_uuid': u'0f03a52e-877d-4158-86e4-f09635265da8', u'code': 200}
2018-06-28 23:31:21.658 30970 DEBUG oslo_concurrency.lockutils [-] Lock "notifier-92e9ad11-ab7c-4cb7-9f26-fcc3b2b57589" released by "neutron.notifiers.batch_notifier.synced_send" :: held 4.746s inner /usr/lib/python2.7/site-packages/oslo_concurrency/lockutils.py:282
2018-06-28 23:31:28.139 30977 DEBUG neutron.db.agents_db [req-544c8f8d-e340-4f30-bf8d-5a3dcfa7bf0d - - - - -] Agent healthcheck: found 5 active agents agent_health_check /usr/lib/python2.7/site-packages/neutron/db/agents_db.py:281
2018-06-28 23:31:28.297 30969 DEBUG neutron_lib.callbacks.manager [req-864f2f8b-df85-47b9-95ca-1f7d23ebae01 - - - - -] Notify callbacks ['neutron.services.segments.db._update_segment_host_mapping_for_agent-8728574036786'] for agent, after_update _notify_loop /usr/lib/python2.7/site-packages/neutron_lib/callbacks/manager.py:167
2018-06-28 23:31:29.198 30961 DEBUG neutron.wsgi [-] (30961) accepted ('10.0.20.21', 37886) server /usr/lib/python2.7/site-packages/eventlet/wsgi.py:883
2018-06-28 23:31:31.360 30961 INFO neutron.wsgi [req-9febab89-be69-47c4-9f01-9022067272fd 0d8653241623423292243c5ac3b35217 ab296c99282942cf8364cf2d40841c9c - 68d808fb338e4cba901a2ed49cc74ae7 68d808fb338e4cba901a2ed49cc74ae7] 10.0.20.21 "GET /v2.0/ports?device_id=0f03a52e-877d-4158-86e4-f09635265da8 HTTP/1.1" status: 200  len: 1123 time: 2.1557779
2018-06-28 23:31:31.525 30961 INFO neutron.wsgi [req-58f230a5-f4ce-46bb-8fb7-2049d77128e0 0d8653241623423292243c5ac3b35217 ab296c99282942cf8364cf2d40841c9c - 68d808fb338e4cba901a2ed49cc74ae7 68d808fb338e4cba901a2ed49cc74ae7] 10.0.20.21 "GET /v2.0/security-groups?id=62831b6d-8b8a-4951-b2a1-a3780a8ce2fd HTTP/1.1" status: 200  len: 2118 time: 0.1314020
2018-06-28 23:31:34.882 30972 DEBUG neutron_lib.callbacks.manager [req-fc2c65c6-ce83-4f38-bcbb-654e5a5d11bb - - - - -] Notify callbacks ['neutron.services.segments.db._update_segment_host_mapping_for_agent-8728574036786'] for agent, after_update _notify_loop /usr/lib/python2.7/site-packages/neutron_lib/callbacks/manager.py:167
2018-06-28 23:31:34.923 30962 DEBUG neutron_lib.callbacks.manager [req-8a22a740-1073-4a01-a000-9ec6eed5bbcb - - - - -] Notify callbacks ['neutron.services.segments.db._update_segment_host_mapping_for_agent-8728574036786'] for agent, after_update _notify_loop /usr/lib/python2.7/site-packages/neutron_lib/callbacks/manager.py:167
2018-06-28 23:31:34.956 30964 DEBUG neutron_lib.callbacks.manager [req-02a024ac-16fd-477e-bb38-d59e42fc7e67 - - - - -] Notify callbacks ['neutron.services.segments.db._update_segment_host_mapping_for_agent-8728574036786'] for agent, after_update _notify_loop /usr/lib/python2.7/site-packages/neutron_lib/callbacks/manager.py:167
2018-06-28 23:31:36.666 30973 DEBUG neutron_lib.callbacks.manager [req-0cd23b46-775d-465e-80a8-579b3ca71547 - - - - -] Notify callbacks ['neutron.services.segments.db._update_segment_host_mapping_for_agent-8728574036786'] for agent, after_update _notify_loop /usr/lib/python2.7/site-packages/neutron_lib/callbacks/manager.py:167
2018-06-28 23:31:43.519 30961 INFO neutron.wsgi [req-9b9f8aa6-8261-4214-8bb2-7d3bcce40042 59f963f90a0940d0a0321d158c75bc86 6ce4dd91709c441d9f1b40034ea03af4 - default default] 10.0.20.21 "GET /v2.0/ports?tenant_id=ab296c99282942cf8364cf2d40841c9c&device_id=0f03a52e-877d-4158-86e4-f09635265da8 HTTP/1.1" status: 200  len: 1123 time: 0.1244619
2018-06-28 23:31:44.125 30961 DEBUG neutron.pecan_wsgi.hooks.policy_enforcement [req-77615e34-ec8c-4a66-9c92-631e4d096d3c 59f963f90a0940d0a0321d158c75bc86 6ce4dd91709c441d9f1b40034ea03af4 - default default] Attributes excluded by policy engine: [u'vlan_transparent'] _exclude_attributes_by_policy /usr/lib/python2.7/site-packages/neutron/pecan_wsgi/hooks/policy_enforcement.py:256
2018-06-28 23:31:44.128 30961 INFO neutron.wsgi [req-77615e34-ec8c-4a66-9c92-631e4d096d3c 59f963f90a0940d0a0321d158c75bc86 6ce4dd91709c441d9f1b40034ea03af4 - default default] 10.0.20.21 "GET /v2.0/networks?id=6ca1e5f6-2f76-4284-ad3f-4d04c0e80021 HTTP/1.1" status: 200  len: 885 time: 0.6024721
2018-06-28 23:31:44.191 30961 INFO neutron.wsgi [req-c333c6ef-0336-4e8c-aa2a-184f71c0062e 59f963f90a0940d0a0321d158c75bc86 6ce4dd91709c441d9f1b40034ea03af4 - default default] 10.0.20.21 "GET /v2.0/floatingips?fixed_ip_address=11.52.1.7&port_id=5749a101-1f12-4a61-8798-01dc1eed2d61 HTTP/1.1" status: 200  len: 750 time: 0.0550320
2018-06-28 23:31:44.335 30961 DEBUG neutron.pecan_wsgi.hooks.policy_enforcement [req-bf1ee026-93d2-45dd-8abd-cfc90f6c7acf 59f963f90a0940d0a0321d158c75bc86 6ce4dd91709c441d9f1b40034ea03af4 - default default] Attributes excluded by policy engine: [u'shared'] _exclude_attributes_by_policy /usr/lib/python2.7/site-packages/neutron/pecan_wsgi/hooks/policy_enforcement.py:256
2018-06-28 23:31:44.338 30961 INFO neutron.wsgi [req-bf1ee026-93d2-45dd-8abd-cfc90f6c7acf 59f963f90a0940d0a0321d158c75bc86 6ce4dd91709c441d9f1b40034ea03af4 - default default] 10.0.20.21 "GET /v2.0/subnets?id=082a673c-5c62-40bf-93ab-3c1fd9ce11f5 HTTP/1.1" status: 200  len: 843 time: 0.1409440
2018-06-28 23:31:44.480 30961 INFO neutron.wsgi [req-c636cb6d-f27e-43fe-9dcd-08d4b9e62565 59f963f90a0940d0a0321d158c75bc86 6ce4dd91709c441d9f1b40034ea03af4 - default default] 10.0.20.21 "GET /v2.0/ports?network_id=6ca1e5f6-2f76-4284-ad3f-4d04c0e80021&device_owner=network%3Adhcp HTTP/1.1" status: 200  len: 1127 time: 0.1334419
2018-06-28 23:31:45.392 30961 INFO neutron.wsgi [req-8a77c68c-e6d9-4b24-9102-bcec64538712 59f963f90a0940d0a0321d158c75bc86 6ce4dd91709c441d9f1b40034ea03af4 - default default] 10.0.20.21 "GET /v2.0/ports?device_id=0f03a52e-877d-4158-86e4-f09635265da8 HTTP/1.1" status: 200  len: 1123 time: 0.1360991
2018-06-28 23:31:45.545 30961 INFO neutron.wsgi [req-c6315883-fc8c-4424-bf51-56c30c99bb1c 59f963f90a0940d0a0321d158c75bc86 6ce4dd91709c441d9f1b40034ea03af4 - default default] 10.0.20.21 "GET /v2.0/security-groups?id=62831b6d-8b8a-4951-b2a1-a3780a8ce2fd HTTP/1.1" status: 200  len: 2118 time: 0.1440880
2018-06-28 23:31:46.486 30961 INFO neutron.wsgi [req-c413709f-d94e-4855-b29d-92a612023045 59f963f90a0940d0a0321d158c75bc86 6ce4dd91709c441d9f1b40034ea03af4 - default default] 10.0.20.21 "GET /v2.0/ports?device_id=0f03a52e-877d-4158-86e4-f09635265da8 HTTP/1.1" status: 200  len: 1123 time: 0.0890820
2018-06-28 23:31:46.591 30961 INFO neutron.wsgi [req-082f7209-21d8-4463-b1c6-b45310e98103 59f963f90a0940d0a0321d158c75bc86 6ce4dd91709c441d9f1b40034ea03af4 - default default] 10.0.20.21 "GET /v2.0/security-groups?id=62831b6d-8b8a-4951-b2a1-a3780a8ce2fd HTTP/1.1" status: 200  len: 2118 time: 0.0989640
2018-06-28 23:31:47.068 30953 INFO neutron.wsgi [req-a4a3ea3c-503b-487c-a720-035b85c31f36 59f963f90a0940d0a0321d158c75bc86 6ce4dd91709c441d9f1b40034ea03af4 - default default] 10.0.20.21 "GET /v2.0/ports?device_id=0f03a52e-877d-4158-86e4-f09635265da8 HTTP/1.1" status: 200  len: 1123 time: 0.1419749
2018-06-28 23:31:47.252 30953 INFO neutron.wsgi [req-c09846c3-5009-475f-aeff-6e90d97bcc20 59f963f90a0940d0a0321d158c75bc86 6ce4dd91709c441d9f1b40034ea03af4 - default default] 10.0.20.21 "GET /v2.0/security-groups?id=62831b6d-8b8a-4951-b2a1-a3780a8ce2fd HTTP/1.1" status: 200  len: 2118 time: 0.1742010
2018-06-28 23:31:49.369 30953 INFO neutron.wsgi [req-7df0a9e0-d63c-415d-bbe0-dbb414df6c52 59f963f90a0940d0a0321d158c75bc86 6ce4dd91709c441d9f1b40034ea03af4 - default default] 10.0.20.21 "GET /v2.0/ports?device_id=0f03a52e-877d-4158-86e4-f09635265da8 HTTP/1.1" status: 200  len: 1123 time: 0.1188622
2018-06-28 23:31:49.459 30953 INFO neutron.wsgi [req-b3645e55-9e4a-483e-b93d-b0692855965a 59f963f90a0940d0a0321d158c75bc86 6ce4dd91709c441d9f1b40034ea03af4 - default default] 10.0.20.21 "GET /v2.0/security-groups?id=62831b6d-8b8a-4951-b2a1-a3780a8ce2fd HTTP/1.1" status: 200  len: 2118 time: 0.0854149
2018-06-28 23:31:51.226 30953 DEBUG neutron.wsgi [-] (30953) accepted ('10.0.20.21', 37992) server /usr/lib/python2.7/site-packages/eventlet/wsgi.py:883
2018-06-28 23:31:51.745 30953 INFO neutron.wsgi [req-70c7a70b-785d-4e36-aee2-b1e4ca6d1ae4 59f963f90a0940d0a0321d158c75bc86 6ce4dd91709c441d9f1b40034ea03af4 - default default] 10.0.20.21 "GET /v2.0/ports?device_id=0f03a52e-877d-4158-86e4-f09635265da8 HTTP/1.1" status: 200  len: 1123 time: 0.5173471
2018-06-28 23:31:51.872 30953 INFO neutron.wsgi [req-00f77f59-1c61-4848-ba3c-b06386b751e1 59f963f90a0940d0a0321d158c75bc86 6ce4dd91709c441d9f1b40034ea03af4 - default default] 10.0.20.21 "GET /v2.0/security-groups?id=62831b6d-8b8a-4951-b2a1-a3780a8ce2fd HTTP/1.1" status: 200  len: 2118 time: 0.0986798
2018-06-28 23:31:58.224 30965 DEBUG neutron_lib.callbacks.manager [req-864f2f8b-df85-47b9-95ca-1f7d23ebae01 - - - - -] Notify callbacks ['neutron.services.segments.db._update_segment_host_mapping_for_agent-8728574036786'] for agent, after_update _notify_loop /usr/lib/python2.7/site-packages/neutron_lib/callbacks/manager.py:167
2018-06-28 23:32:04.872 30963 DEBUG neutron_lib.callbacks.manager [req-073a14d8-05e2-456c-bd6b-d929a242d601 - - - - -] Notify callbacks ['neutron.services.segments.db._update_segment_host_mapping_for_agent-8728574036786'] for agent, after_update _notify_loop /usr/lib/python2.7/site-packages/neutron_lib/callbacks/manager.py:167
2018-06-28 23:32:04.908 30970 DEBUG neutron_lib.callbacks.manager [req-8a22a740-1073-4a01-a000-9ec6eed5bbcb - - - - -] Notify callbacks ['neutron.services.segments.db._update_segment_host_mapping_for_agent-8728574036786'] for agent, after_update _notify_loop /usr/lib/python2.7/site-packages/neutron_lib/callbacks/manager.py:167
2018-06-28 23:32:04.981 30967 DEBUG neutron_lib.callbacks.manager [req-02a024ac-16fd-477e-bb38-d59e42fc7e67 - - - - -] Notify callbacks ['neutron.services.segments.db._update_segment_host_mapping_for_agent-8728574036786'] for agent, after_update _notify_loop /usr/lib/python2.7/site-packages/neutron_lib/callbacks/manager.py:167
2018-06-28 23:32:05.092 30977 DEBUG neutron.db.agents_db [req-544c8f8d-e340-4f30-bf8d-5a3dcfa7bf0d - - - - -] Agent healthcheck: found 5 active agents agent_health_check /usr/lib/python2.7/site-packages/neutron/db/agents_db.py:281
2018-06-28 23:32:06.690 30969 DEBUG neutron_lib.callbacks.manager [req-f8e159a7-8336-45f6-a1ac-3ce8c6cb5fdf - - - - -] Notify callbacks ['neutron.services.segments.db._update_segment_host_mapping_for_agent-8728574036786'] for agent, after_update _notify_loop /usr/lib/python2.7/site-packages/neutron_lib/callbacks/manager.py:167
2018-06-28 23:32:19.981 30953 DEBUG neutron.wsgi [-] (30953) accepted ('10.0.20.21', 39094) server /usr/lib/python2.7/site-packages/eventlet/wsgi.py:883
2018-06-28 23:32:19.984 30953 INFO neutron.wsgi [-] 10.0.20.21 "GET / HTTP/1.1" status: 200  len: 252 time: 0.0018101
2018-06-28 23:32:20.418 30953 INFO neutron.api.v2.resource [req-b1f31db8-2ccc-4c88-bc27-1863bb61997f 0d8653241623423292243c5ac3b35217 ab296c99282942cf8364cf2d40841c9c - 68d808fb338e4cba901a2ed49cc74ae7 68d808fb338e4cba901a2ed49cc74ae7] show failed (client error): The resource could not be found.
2018-06-28 23:32:20.420 30953 INFO neutron.wsgi [req-b1f31db8-2ccc-4c88-bc27-1863bb61997f 0d8653241623423292243c5ac3b35217 ab296c99282942cf8364cf2d40841c9c - 68d808fb338e4cba901a2ed49cc74ae7 68d808fb338e4cba901a2ed49cc74ae7] 10.0.20.21 "GET /v2.0/floatingips/172.24.4.15 HTTP/1.1" status: 404  len: 326 time: 0.4297590
2018-06-28 23:32:20.468 30953 INFO neutron.wsgi [req-1529b3b3-931f-43a4-833d-a621fe6ac612 0d8653241623423292243c5ac3b35217 ab296c99282942cf8364cf2d40841c9c - 68d808fb338e4cba901a2ed49cc74ae7 68d808fb338e4cba901a2ed49cc74ae7] 10.0.20.21 "GET /v2.0/floatingips HTTP/1.1" status: 200  len: 1207 time: 0.0421820
2018-06-28 23:32:20.577 30953 DEBUG neutron.plugins.ml2.plugin [req-dc78bf45-1cef-41b1-9085-ba4a1f9899dd 0d8653241623423292243c5ac3b35217 ab296c99282942cf8364cf2d40841c9c - 68d808fb338e4cba901a2ed49cc74ae7 68d808fb338e4cba901a2ed49cc74ae7] Deleting port d5a491f3-7eae-49e5-8da8-21d7ddec5244 _pre_delete_port /usr/lib/python2.7/site-packages/neutron/plugins/ml2/plugin.py:1488
2018-06-28 23:32:20.578 30953 DEBUG neutron_lib.callbacks.manager [req-dc78bf45-1cef-41b1-9085-ba4a1f9899dd 0d8653241623423292243c5ac3b35217 ab296c99282942cf8364cf2d40841c9c - 68d808fb338e4cba901a2ed49cc74ae7 68d808fb338e4cba901a2ed49cc74ae7] Notify callbacks ['neutron.db.l3_db._prevent_l3_port_delete_callback-8728574236646'] for port, before_delete _notify_loop /usr/lib/python2.7/site-packages/neutron_lib/callbacks/manager.py:167
2018-06-28 23:32:20.951 30953 DEBUG neutron.plugins.ml2.plugin [req-dc78bf45-1cef-41b1-9085-ba4a1f9899dd 0d8653241623423292243c5ac3b35217 ab296c99282942cf8364cf2d40841c9c - 68d808fb338e4cba901a2ed49cc74ae7 68d808fb338e4cba901a2ed49cc74ae7] Calling delete_port for d5a491f3-7eae-49e5-8da8-21d7ddec5244 owned by network:floatingip delete_port /usr/lib/python2.7/site-packages/neutron/plugins/ml2/plugin.py:1547
2018-06-28 23:32:21.295 30953 DEBUG neutron_lib.callbacks.manager [req-dc78bf45-1cef-41b1-9085-ba4a1f9899dd 0d8653241623423292243c5ac3b35217 ab296c99282942cf8364cf2d40841c9c - 68d808fb338e4cba901a2ed49cc74ae7 68d808fb338e4cba901a2ed49cc74ae7] Notify callbacks ['neutron.plugins.ml2.plugin.Ml2Plugin.notify_sg_on_port_change-742121', 'neutron.plugins.ml2.ovo_rpc._ObjectChangeHandler.handle_event-1691686', 'neutron.db.l3_dvrscheduler_db._notify_port_delete-8728573674440', 'neutron.db.l3_db._notify_routers_callback--9223363308280561216', 'neutron.api.rpc.agentnotifiers.dhcp_rpc_agent_api.DhcpAgentNotifyAPI._native_event_send_dhcp_notification-1813535'] for port, after_delete _notify_loop /usr/lib/python2.7/site-packages/neutron_lib/callbacks/manager.py:167
2018-06-28 23:32:21.337 30953 DEBUG oslo_concurrency.lockutils [-] Lock "event-dispatch" acquired by "neutron.plugins.ml2.ovo_rpc.dispatch_events" :: waited 0.000s inner /usr/lib/python2.7/site-packages/oslo_concurrency/lockutils.py:270
2018-06-28 23:32:21.522 30953 DEBUG neutron.api.rpc.handlers.resources_rpc [req-dc78bf45-1cef-41b1-9085-ba4a1f9899dd 0d8653241623423292243c5ac3b35217 ab296c99282942cf8364cf2d40841c9c - - -] neutron.api.rpc.handlers.resources_rpc.ResourcesPushRpcApi method push called with arguments (<neutron_lib.context.Context object at 0x7f0477b30c90>, [Port(admin_state_up=<?>,allowed_address_pairs=<?>,binding=<?>,binding_levels=<?>,created_at=<?>,data_plane_status=<?>,description=<?>,device_id=<?>,device_owner=<?>,dhcp_options=<?>,distributed_binding=<?>,dns=<?>,fixed_ips=<?>,id=d5a491f3-7eae-49e5-8da8-21d7ddec5244,mac_address=<?>,name=<?>,network_id=<?>,project_id=<?>,qos_policy_id=None,revision_number=<?>,security=<?>,security_group_ids=None,status=<?>,updated_at=<?>)], 'deleted') {} wrapper /usr/lib/python2.7/site-packages/oslo_log/helpers.py:66
2018-06-28 23:32:21.547 30953 DEBUG neutron.api.rpc.callbacks.version_manager [req-dc78bf45-1cef-41b1-9085-ba4a1f9899dd 0d8653241623423292243c5ac3b35217 ab296c99282942cf8364cf2d40841c9c - - -] Version for resource type Subnet changed None to 1.0 on consumer Open vSwitch agent@localhost.localdomain _set_version /usr/lib/python2.7/site-packages/neutron/api/rpc/callbacks/version_manager.py:119
2018-06-28 23:32:21.547 30953 DEBUG neutron.api.rpc.callbacks.version_manager [req-dc78bf45-1cef-41b1-9085-ba4a1f9899dd 0d8653241623423292243c5ac3b35217 ab296c99282942cf8364cf2d40841c9c - - -] Version for resource type Network changed None to 1.0 on consumer Open vSwitch agent@localhost.localdomain _set_version /usr/lib/python2.7/site-packages/neutron/api/rpc/callbacks/version_manager.py:119
2018-06-28 23:32:21.548 30953 DEBUG neutron.api.rpc.callbacks.version_manager [req-dc78bf45-1cef-41b1-9085-ba4a1f9899dd 0d8653241623423292243c5ac3b35217 ab296c99282942cf8364cf2d40841c9c - - -] Version for resource type SubPort changed None to 1.0 on consumer Open vSwitch agent@localhost.localdomain _set_version /usr/lib/python2.7/site-packages/neutron/api/rpc/callbacks/version_manager.py:119
2018-06-28 23:32:21.549 30953 DEBUG neutron.api.rpc.callbacks.version_manager [req-dc78bf45-1cef-41b1-9085-ba4a1f9899dd 0d8653241623423292243c5ac3b35217 ab296c99282942cf8364cf2d40841c9c - - -] Version for resource type SecurityGroup changed None to 1.0 on consumer Open vSwitch agent@localhost.localdomain _set_version /usr/lib/python2.7/site-packages/neutron/api/rpc/callbacks/version_manager.py:119
2018-06-28 23:32:21.549 30953 DEBUG neutron.api.rpc.callbacks.version_manager [req-dc78bf45-1cef-41b1-9085-ba4a1f9899dd 0d8653241623423292243c5ac3b35217 ab296c99282942cf8364cf2d40841c9c - - -] Version for resource type SecurityGroupRule changed None to 1.0 on consumer Open vSwitch agent@localhost.localdomain _set_version /usr/lib/python2.7/site-packages/neutron/api/rpc/callbacks/version_manager.py:119
2018-06-28 23:32:21.550 30953 DEBUG neutron.api.rpc.callbacks.version_manager [req-dc78bf45-1cef-41b1-9085-ba4a1f9899dd 0d8653241623423292243c5ac3b35217 ab296c99282942cf8364cf2d40841c9c - - -] Version for resource type Trunk changed None to 1.1 on consumer Open vSwitch agent@localhost.localdomain _set_version /usr/lib/python2.7/site-packages/neutron/api/rpc/callbacks/version_manager.py:119
2018-06-28 23:32:21.551 30953 DEBUG neutron.api.rpc.callbacks.version_manager [req-dc78bf45-1cef-41b1-9085-ba4a1f9899dd 0d8653241623423292243c5ac3b35217 ab296c99282942cf8364cf2d40841c9c - - -] Version for resource type QosPolicy changed None to 1.6 on consumer Open vSwitch agent@localhost.localdomain _set_version /usr/lib/python2.7/site-packages/neutron/api/rpc/callbacks/version_manager.py:119
2018-06-28 23:32:21.551 30953 DEBUG neutron.api.rpc.callbacks.version_manager [req-dc78bf45-1cef-41b1-9085-ba4a1f9899dd 0d8653241623423292243c5ac3b35217 ab296c99282942cf8364cf2d40841c9c - - -] Version for resource type Port changed None to 1.1 on consumer Open vSwitch agent@localhost.localdomain _set_version /usr/lib/python2.7/site-packages/neutron/api/rpc/callbacks/version_manager.py:119
2018-06-28 23:32:21.552 30953 DEBUG neutron.api.rpc.callbacks.version_manager [req-dc78bf45-1cef-41b1-9085-ba4a1f9899dd 0d8653241623423292243c5ac3b35217 ab296c99282942cf8364cf2d40841c9c - - -] Version for resource type Log changed None to 1.0 on consumer Open vSwitch agent@localhost.localdomain _set_version /usr/lib/python2.7/site-packages/neutron/api/rpc/callbacks/version_manager.py:119
2018-06-28 23:32:21.554 30953 DEBUG neutron.api.rpc.callbacks.version_manager [req-dc78bf45-1cef-41b1-9085-ba4a1f9899dd 0d8653241623423292243c5ac3b35217 ab296c99282942cf8364cf2d40841c9c - - -] Tracked resource versions report:
pushed versions:
{   'Log': set(['1.0']),
    'Network': set(['1.0']),
    'Port': set(['1.1']),
    'QosPolicy': set(['1.6']),
    'SecurityGroup': set(['1.0']),
    'SecurityGroupRule': set(['1.0']),
    'SubPort': set(['1.0']),
    'Subnet': set(['1.0']),
    'Trunk': set(['1.1'])}

consumer versions:
{   DHCP agent@localhost.localdomain: {   },
    L3 agent@localhost.localdomain: {   },
    Metadata agent@localhost.localdomain: {   },
    Metering agent@localhost.localdomain: {   },
    Open vSwitch agent@localhost.localdomain: {   u'Log': u'1.0',
                                                  u'Network': u'1.0',
                                                  u'Port': u'1.1',
                                                  u'QosPolicy': u'1.6',
                                                  u'SecurityGroup': u'1.0',
                                                  u'SecurityGroupRule': u'1.0',
                                                  u'SubPort': u'1.0',
                                                  u'Subnet': u'1.0',
                                                  u'Trunk': u'1.1'}}
 report /usr/lib/python2.7/site-packages/neutron/api/rpc/callbacks/version_manager.py:178
2018-06-28 23:32:21.935 30953 DEBUG oslo_concurrency.lockutils [req-dc78bf45-1cef-41b1-9085-ba4a1f9899dd 0d8653241623423292243c5ac3b35217 ab296c99282942cf8364cf2d40841c9c - - -] Lock "event-dispatch" released by "neutron.plugins.ml2.ovo_rpc.dispatch_events" :: held 0.598s inner /usr/lib/python2.7/site-packages/oslo_concurrency/lockutils.py:282
2018-06-28 23:32:22.513 30953 DEBUG neutron.scheduler.l3_agent_scheduler [req-dc78bf45-1cef-41b1-9085-ba4a1f9899dd 0d8653241623423292243c5ac3b35217 ab296c99282942cf8364cf2d40841c9c - 68d808fb338e4cba901a2ed49cc74ae7 68d808fb338e4cba901a2ed49cc74ae7] Router 3f6e1c5f-15c9-4e08-869e-76131d20fbb1 has already been hosted by L3 agent cfdb8a89-94f7-4ca8-9906-759cfbdcba36 _get_candidates /usr/lib/python2.7/site-packages/neutron/scheduler/l3_agent_scheduler.py:141
2018-06-28 23:32:22.671 30953 DEBUG neutron.api.rpc.agentnotifiers.l3_rpc_agent_api [req-dc78bf45-1cef-41b1-9085-ba4a1f9899dd 0d8653241623423292243c5ac3b35217 ab296c99282942cf8364cf2d40841c9c - 68d808fb338e4cba901a2ed49cc74ae7 68d808fb338e4cba901a2ed49cc74ae7] Notify agent at l3_agent.localhost.localdomain the message routers_updated _agent_notification /usr/lib/python2.7/site-packages/neutron/api/rpc/agentnotifiers/l3_rpc_agent_api.py:69
2018-06-28 23:32:22.703 30953 DEBUG neutron.quota.resource [req-dc78bf45-1cef-41b1-9085-ba4a1f9899dd 0d8653241623423292243c5ac3b35217 ab296c99282942cf8364cf2d40841c9c - 68d808fb338e4cba901a2ed49cc74ae7 68d808fb338e4cba901a2ed49cc74ae7] Persisted dirty status for tenant:ab296c99282942cf8364cf2d40841c9c on resource:floatingip mark_dirty /usr/lib/python2.7/site-packages/neutron/quota/resource.py:207
2018-06-28 23:32:22.712 30953 DEBUG neutron.quota.resource [req-dc78bf45-1cef-41b1-9085-ba4a1f9899dd 0d8653241623423292243c5ac3b35217 ab296c99282942cf8364cf2d40841c9c - 68d808fb338e4cba901a2ed49cc74ae7 68d808fb338e4cba901a2ed49cc74ae7] Persisted dirty status for tenant: on resource:port mark_dirty /usr/lib/python2.7/site-packages/neutron/quota/resource.py:207
2018-06-28 23:32:22.718 30953 DEBUG neutron_lib.callbacks.manager [req-dc78bf45-1cef-41b1-9085-ba4a1f9899dd 0d8653241623423292243c5ac3b35217 ab296c99282942cf8364cf2d40841c9c - 68d808fb338e4cba901a2ed49cc74ae7 68d808fb338e4cba901a2ed49cc74ae7] Notify callbacks ['neutron.notifiers.nova.Notifier._send_nova_notification--9223372036854713900'] for floatingip, before_response _notify_loop /usr/lib/python2.7/site-packages/neutron_lib/callbacks/manager.py:167
2018-06-28 23:32:22.737 30965 DEBUG neutron.db.l3_hamode_db [req-f0204491-d94f-42ab-8af9-c777876d9271 - - - - -] neutron.services.l3_router.l3_router_plugin.L3RouterPlugin method get_ha_sync_data_for_host called with arguments (<neutron_lib.context.Context object at 0x7f0477afffd0>, u'localhost.localdomain', <neutron.db.models.agent.Agent[object at 7f0477b9a710] {id=u'cfdb8a89-94f7-4ca8-9906-759cfbdcba36', agent_type=u'L3 agent', binary=u'neutron-l3-agent', topic=u'l3_agent', host=u'localhost.localdomain', availability_zone=u'nova', admin_state_up=True, created_at=datetime.datetime(2018, 6, 20, 16, 52, 16), started_at=datetime.datetime(2018, 6, 28, 21, 18, 6), heartbeat_timestamp=datetime.datetime(2018, 6, 28, 21, 32, 6), description=None, configurations=u'{"agent_mode": "legacy", "gateway_external_network_id": "", "handle_internal_only_routers": true, "routers": 2, "interfaces": 2, "floating_ips": 1, "interface_driver": "neutron.agent.linux.interface.OVSInterfaceDriver", "log_agent_heartbeats": false, "external_network_bridge": "", "ex_gw_ports": 2}', resource_versions=None, load=0}>) {'active': True, 'router_ids': ['3f6e1c5f-15c9-4e08-869e-76131d20fbb1']} wrapper /usr/lib/python2.7/site-packages/oslo_log/helpers.py:66
2018-06-28 23:32:22.793 30953 INFO neutron.wsgi [req-dc78bf45-1cef-41b1-9085-ba4a1f9899dd 0d8653241623423292243c5ac3b35217 ab296c99282942cf8364cf2d40841c9c - 68d808fb338e4cba901a2ed49cc74ae7 68d808fb338e4cba901a2ed49cc74ae7] 10.0.20.21 "DELETE /v2.0/floatingips/fce00736-95ee-43a2-bd7e-189ab0b3d962 HTTP/1.1" status: 204  len: 173 time: 2.3196189
2018-06-28 23:32:22.794 30953 DEBUG oslo_concurrency.lockutils [-] Lock "notifier-92e9ad11-ab7c-4cb7-9f26-fcc3b2b57589" acquired by "neutron.notifiers.batch_notifier.synced_send" :: waited 0.000s inner /usr/lib/python2.7/site-packages/oslo_concurrency/lockutils.py:270
2018-06-28 23:32:22.794 30953 DEBUG neutron.notifiers.nova [-] Sending events: [{'tag': u'5749a101-1f12-4a61-8798-01dc1eed2d61', 'name': 'network-changed', 'server_uuid': u'0f03a52e-877d-4158-86e4-f09635265da8'}] send_events /usr/lib/python2.7/site-packages/neutron/notifiers/nova.py:242
2018-06-28 23:32:23.709 30953 DEBUG novaclient.v2.client [-] REQ: curl -g -i -X POST http://10.0.20.21:8774/v2.1/6ce4dd91709c441d9f1b40034ea03af4/os-server-external-events -H "User-Agent: python-novaclient" -H "Content-Type: application/json" -H "Accept: application/json" -H "X-OpenStack-Nova-API-Version: 2.1" -H "X-Auth-Token: {SHA1}879e7aeec4b57b732f0417f3eb4b81c788c7a650" -d '{"events": [{"tag": "5749a101-1f12-4a61-8798-01dc1eed2d61", "name": "network-changed", "server_uuid": "0f03a52e-877d-4158-86e4-f09635265da8"}]}' _http_log_request /usr/lib/python2.7/site-packages/keystoneauth1/session.py:375
2018-06-28 23:32:24.015 30965 DEBUG neutron.db.l3_hamode_db [req-f0204491-d94f-42ab-8af9-c777876d9271 - - - - -] neutron.services.l3_router.l3_router_plugin.L3RouterPlugin method _process_sync_ha_data called with arguments (<neutron_lib.context.Context object at 0x7f0477afffd0>, [{'status': u'ACTIVE', '_interfaces': [{'status': u'ACTIVE', 'subnets': [{'dns_nameservers': [u'8.8.4.4'], 'ipv6_ra_mode': None, 'gateway_ip': u'11.52.1.1', 'cidr': u'11.52.1.0/24', 'id': u'082a673c-5c62-40bf-93ab-3c1fd9ce11f5', 'subnetpool_id': None}], 'binding:host_id': u'localhost.localdomain', 'description': u'', 'allowed_address_pairs': [], 'tags': [], 'extra_dhcp_opts': [], 'updated_at': '2018-06-28T21:27:10Z', 'device_owner': u'network:router_interface', 'revision_number': 7, 'port_security_enabled': False, 'binding:profile': {}, 'mtu': 1450, 'fixed_ips': [{'subnet_id': u'082a673c-5c62-40bf-93ab-3c1fd9ce11f5', 'prefixlen': 24, 'ip_address': u'11.52.1.1'}], 'id': u'2d953e08-c9f8-4914-a1fd-9fed5903833b', 'security_groups': [], 'device_id': u'3f6e1c5f-15c9-4e08-869e-76131d20fbb1', 'name': u'', 'admin_state_up': True, 'network_id': u'6ca1e5f6-2f76-4284-ad3f-4d04c0e80021', 'tenant_id': u'ab296c99282942cf8364cf2d40841c9c', 'binding:vif_details': {u'port_filter': True, u'datapath_type': u'system', u'ovs_hybrid_plug': True}, 'address_scopes': {4: None, 6: None}, 'binding:vnic_type': u'normal', 'binding:vif_type': u'ovs', 'mac_address': u'fa:16:3e:a8:27:25', 'project_id': u'ab296c99282942cf8364cf2d40841c9c', 'extra_subnets': [], 'created_at': '2018-06-28T21:27:02Z'}], 'enable_snat': True, 'ha_vr_id': 0, 'description': u'', 'tags': [], 'gw_port': {'status': u'ACTIVE', 'subnets': [{'dns_nameservers': [], 'ipv6_ra_mode': None, 'gateway_ip': u'172.24.4.1', 'cidr': u'172.24.4.0/24', 'id': u'0db29b77-dce9-468d-9f4c-d777953f217f', 'subnetpool_id': None}], 'binding:host_id': u'localhost.localdomain', 'description': u'', 'allowed_address_pairs': [], 'tags': [], 'extra_dhcp_opts': [], 'updated_at': '2018-06-28T21:27:24Z', 'device_owner': u'network:router_gateway', 'revision_number': 6, 'port_security_enabled': False, 'binding:profile': {}, 'mtu': 1500, 'fixed_ips': [{'subnet_id': u'0db29b77-dce9-468d-9f4c-d777953f217f', 'prefixlen': 24, 'ip_address': u'172.24.4.8'}], 'id': u'9d8ab9ac-f75e-4204-92a0-c5c2d69d8be7', 'security_groups': [], 'device_id': u'3f6e1c5f-15c9-4e08-869e-76131d20fbb1', 'name': u'', 'admin_state_up': True, 'network_id': u'65a63b5d-4ab6-4a89-8fc5-4ab4c578efe5', 'tenant_id': u'', 'binding:vif_details': {u'port_filter': True, u'datapath_type': u'system', u'ovs_hybrid_plug': True}, 'address_scopes': {4: None, 6: None}, 'binding:vnic_type': u'normal', 'binding:vif_type': u'ovs', 'mac_address': u'fa:16:3e:af:4c:d7', 'project_id': u'', 'extra_subnets': [], 'created_at': '2018-06-28T21:27:16Z'}, 'updated_at': '2018-06-28T21:27:18Z', 'revision_number': 4, 'ha': False, 'id': u'3f6e1c5f-15c9-4e08-869e-76131d20fbb1', 'gw_port_host': u'localhost.localdomain', 'external_gateway_info': {'network_id': u'65a63b5d-4ab6-4a89-8fc5-4ab4c578efe5', 'enable_snat': True, 'external_fixed_ips': [{'subnet_id': u'0db29b77-dce9-468d-9f4c-d777953f217f', 'ip_address': u'172.24.4.8'}]}, 'availability_zone_hints': [], 'availability_zones': [u'nova'], 'name': u'tempest-router-1530221056', 'gw_port_id': u'9d8ab9ac-f75e-4204-92a0-c5c2d69d8be7', 'admin_state_up': True, 'tenant_id': u'ab296c99282942cf8364cf2d40841c9c', 'created_at': '2018-06-28T21:26:43Z', 'distributed': False, 'flavor_id': None, 'routes': [], 'project_id': u'ab296c99282942cf8364cf2d40841c9c'}], u'localhost.localdomain', False) {} wrapper /usr/lib/python2.7/site-packages/oslo_log/helpers.py:66
2018-06-28 23:32:24.034 30965 DEBUG neutron.api.rpc.handlers.l3_rpc [req-f0204491-d94f-42ab-8af9-c777876d9271 - - - - -] Checking router: 3f6e1c5f-15c9-4e08-869e-76131d20fbb1 for host: localhost.localdomain _ensure_host_set_on_ports /usr/lib/python2.7/site-packages/neutron/api/rpc/handlers/l3_rpc.py:135
2018-06-28 23:32:24.231 30977 DEBUG neutron.api.rpc.handlers.l3_rpc [req-4577c9f9-8657-44d0-828b-20b0b9b9d731 - - - - -] New status for floating IP fce00736-95ee-43a2-bd7e-189ab0b3d962: DOWN update_floatingip_statuses /usr/lib/python2.7/site-packages/neutron/api/rpc/handlers/l3_rpc.py:252
2018-06-28 23:32:24.331 30953 DEBUG novaclient.v2.client [-] RESP: [200] Content-Length: 179 Content-Type: application/json Openstack-Api-Version: compute 2.1 X-Openstack-Nova-Api-Version: 2.1 Vary: OpenStack-API-Version, X-OpenStack-Nova-API-Version X-Openstack-Request-Id: req-b8a3be2f-00ce-422d-80ca-c9a51e4b6ee4 X-Compute-Request-Id: req-b8a3be2f-00ce-422d-80ca-c9a51e4b6ee4 Date: Thu, 28 Jun 2018 21:32:24 GMT Connection: keep-alive 
RESP BODY: {"events": [{"status": "completed", "tag": "5749a101-1f12-4a61-8798-01dc1eed2d61", "name": "network-changed", "server_uuid": "0f03a52e-877d-4158-86e4-f09635265da8", "code": 200}]}
 _http_log_response /usr/lib/python2.7/site-packages/keystoneauth1/session.py:423
2018-06-28 23:32:24.333 30953 DEBUG novaclient.v2.client [-] POST call to compute for http://10.0.20.21:8774/v2.1/6ce4dd91709c441d9f1b40034ea03af4/os-server-external-events used request id req-b8a3be2f-00ce-422d-80ca-c9a51e4b6ee4 request /usr/lib/python2.7/site-packages/keystoneauth1/session.py:727
2018-06-28 23:32:24.340 30953 INFO neutron.notifiers.nova [-] Nova event response: {u'status': u'completed', u'tag': u'5749a101-1f12-4a61-8798-01dc1eed2d61', u'name': u'network-changed', u'server_uuid': u'0f03a52e-877d-4158-86e4-f09635265da8', u'code': 200}
2018-06-28 23:32:24.487 30961 INFO neutron.wsgi [req-f525c76d-8e79-4c48-ad3e-5684548b7506 59f963f90a0940d0a0321d158c75bc86 6ce4dd91709c441d9f1b40034ea03af4 - default default] 10.0.20.21 "GET /v2.0/ports?tenant_id=ab296c99282942cf8364cf2d40841c9c&device_id=0f03a52e-877d-4158-86e4-f09635265da8 HTTP/1.1" status: 200  len: 1123 time: 0.1155210
2018-06-28 23:32:24.693 30961 DEBUG neutron.pecan_wsgi.hooks.policy_enforcement [req-d122b3b6-bbbc-450a-8b97-ba9c2c396ac8 59f963f90a0940d0a0321d158c75bc86 6ce4dd91709c441d9f1b40034ea03af4 - default default] Attributes excluded by policy engine: [u'vlan_transparent'] _exclude_attributes_by_policy /usr/lib/python2.7/site-packages/neutron/pecan_wsgi/hooks/policy_enforcement.py:256
2018-06-28 23:32:24.696 30961 INFO neutron.wsgi [req-d122b3b6-bbbc-450a-8b97-ba9c2c396ac8 59f963f90a0940d0a0321d158c75bc86 6ce4dd91709c441d9f1b40034ea03af4 - default default] 10.0.20.21 "GET /v2.0/networks?id=6ca1e5f6-2f76-4284-ad3f-4d04c0e80021 HTTP/1.1" status: 200  len: 885 time: 0.2027881
2018-06-28 23:32:24.730 30961 INFO neutron.wsgi [req-a04dacd8-8337-4c21-9ce0-0b71713374d8 59f963f90a0940d0a0321d158c75bc86 6ce4dd91709c441d9f1b40034ea03af4 - default default] 10.0.20.21 "GET /v2.0/floatingips?fixed_ip_address=11.52.1.7&port_id=5749a101-1f12-4a61-8798-01dc1eed2d61 HTTP/1.1" status: 200  len: 217 time: 0.0293951
2018-06-28 23:32:24.836 30961 DEBUG neutron.pecan_wsgi.hooks.policy_enforcement [req-9a965c20-7d4b-4b57-b325-b3ded4dfb922 59f963f90a0940d0a0321d158c75bc86 6ce4dd91709c441d9f1b40034ea03af4 - default default] Attributes excluded by policy engine: [u'shared'] _exclude_attributes_by_policy /usr/lib/python2.7/site-packages/neutron/pecan_wsgi/hooks/policy_enforcement.py:256
2018-06-28 23:32:24.838 30961 INFO neutron.wsgi [req-9a965c20-7d4b-4b57-b325-b3ded4dfb922 59f963f90a0940d0a0321d158c75bc86 6ce4dd91709c441d9f1b40034ea03af4 - default default] 10.0.20.21 "GET /v2.0/subnets?id=082a673c-5c62-40bf-93ab-3c1fd9ce11f5 HTTP/1.1" status: 200  len: 843 time: 0.1029611
2018-06-28 23:32:24.943 30961 INFO neutron.wsgi [req-c96e3e6d-cb4a-465b-be5f-801347e90d3b 59f963f90a0940d0a0321d158c75bc86 6ce4dd91709c441d9f1b40034ea03af4 - default default] 10.0.20.21 "GET /v2.0/ports?network_id=6ca1e5f6-2f76-4284-ad3f-4d04c0e80021&device_owner=network%3Adhcp HTTP/1.1" status: 200  len: 1127 time: 0.0993099
2018-06-28 23:32:26.341 30953 DEBUG oslo_concurrency.lockutils [-] Lock "notifier-92e9ad11-ab7c-4cb7-9f26-fcc3b2b57589" released by "neutron.notifiers.batch_notifier.synced_send" :: held 3.547s inner /usr/lib/python2.7/site-packages/oslo_concurrency/lockutils.py:282
2018-06-28 23:32:28.233 30972 DEBUG neutron_lib.callbacks.manager [req-864f2f8b-df85-47b9-95ca-1f7d23ebae01 - - - - -] Notify callbacks ['neutron.services.segments.db._update_segment_host_mapping_for_agent-8728574036786'] for agent, after_update _notify_loop /usr/lib/python2.7/site-packages/neutron_lib/callbacks/manager.py:167
2018-06-28 23:32:28.924 30957 INFO neutron.wsgi [req-85f21c6a-f850-43c3-8931-1c5014fada77 5feafc9ff48747df82912c2055bf7429 f4a570c942f04ee3b556f3e6756b5a50 - default default] 10.0.20.21 "GET /v2.0/ports?device_id=0f03a52e-877d-4158-86e4-f09635265da8&device_id=fbe9921b-01af-42ef-a506-f7a67f25f76a HTTP/1.1" status: 200  len: 2039 time: 0.6568580
2018-06-28 23:32:29.047 30957 INFO neutron.wsgi [req-63afe2e7-621b-468d-a3c9-c9b520ec4243 5feafc9ff48747df82912c2055bf7429 f4a570c942f04ee3b556f3e6756b5a50 - default default] 10.0.20.21 "GET /v2.0/security-groups?id=62831b6d-8b8a-4951-b2a1-a3780a8ce2fd&id=aecd0d18-fc25-4993-b6c0-a6551c7a3a02 HTTP/1.1" status: 200  len: 4540 time: 0.1175721
2018-06-28 23:32:34.879 30962 DEBUG neutron_lib.callbacks.manager [req-3159a65e-34d1-4d81-985c-36bfd6740be6 - - - - -] Notify callbacks ['neutron.services.segments.db._update_segment_host_mapping_for_agent-8728574036786'] for agent, after_update _notify_loop /usr/lib/python2.7/site-packages/neutron_lib/callbacks/manager.py:167
2018-06-28 23:32:34.902 30964 DEBUG neutron_lib.callbacks.manager [req-8a22a740-1073-4a01-a000-9ec6eed5bbcb - - - - -] Notify callbacks ['neutron.services.segments.db._update_segment_host_mapping_for_agent-8728574036786'] for agent, after_update _notify_loop /usr/lib/python2.7/site-packages/neutron_lib/callbacks/manager.py:167
2018-06-28 23:32:34.962 30973 DEBUG neutron_lib.callbacks.manager [req-02a024ac-16fd-477e-bb38-d59e42fc7e67 - - - - -] Notify callbacks ['neutron.services.segments.db._update_segment_host_mapping_for_agent-8728574036786'] for agent, after_update _notify_loop /usr/lib/python2.7/site-packages/neutron_lib/callbacks/manager.py:167
2018-06-28 23:32:35.410 30957 INFO neutron.wsgi [req-7288adac-f8bb-45e4-aab6-e5f4f92e7b23 5feafc9ff48747df82912c2055bf7429 f4a570c942f04ee3b556f3e6756b5a50 - default default] 10.0.20.21 "GET /v2.0/ports?device_id=0f03a52e-877d-4158-86e4-f09635265da8 HTTP/1.1" status: 200  len: 1123 time: 0.5440421
2018-06-28 23:32:35.532 30957 INFO neutron.wsgi [req-9474a52a-94e0-4f93-b8ee-43a72e8d4228 5feafc9ff48747df82912c2055bf7429 f4a570c942f04ee3b556f3e6756b5a50 - default default] 10.0.20.21 "GET /v2.0/security-groups?id=62831b6d-8b8a-4951-b2a1-a3780a8ce2fd HTTP/1.1" status: 200  len: 2118 time: 0.1157269
2018-06-28 23:32:36.697 30965 DEBUG neutron_lib.callbacks.manager [req-175934b4-cd59-4e3f-9515-64a927dc0531 - - - - -] Notify callbacks ['neutron.services.segments.db._update_segment_host_mapping_for_agent-8728574036786'] for agent, after_update _notify_loop /usr/lib/python2.7/site-packages/neutron_lib/callbacks/manager.py:167
2018-06-28 23:32:38.081 30961 INFO neutron.wsgi [req-0d276624-fdab-46c9-8f79-7c6e3ea93f04 5feafc9ff48747df82912c2055bf7429 f4a570c942f04ee3b556f3e6756b5a50 - default default] 10.0.20.21 "GET /v2.0/ports?device_id=0f03a52e-877d-4158-86e4-f09635265da8 HTTP/1.1" status: 200  len: 1123 time: 0.7743261
2018-06-28 23:32:38.205 30961 DEBUG neutron.plugins.ml2.plugin [req-7b9c8cb5-4c06-4afc-bbf8-19769b8b7ca1 5feafc9ff48747df82912c2055bf7429 f4a570c942f04ee3b556f3e6756b5a50 - default default] Deleting port 5749a101-1f12-4a61-8798-01dc1eed2d61 _pre_delete_port /usr/lib/python2.7/site-packages/neutron/plugins/ml2/plugin.py:1488
2018-06-28 23:32:38.206 30961 DEBUG neutron_lib.callbacks.manager [req-7b9c8cb5-4c06-4afc-bbf8-19769b8b7ca1 5feafc9ff48747df82912c2055bf7429 f4a570c942f04ee3b556f3e6756b5a50 - default default] Notify callbacks ['neutron.db.l3_db._prevent_l3_port_delete_callback-8728574236646'] for port, before_delete _notify_loop /usr/lib/python2.7/site-packages/neutron_lib/callbacks/manager.py:167
2018-06-28 23:32:38.354 30962 DEBUG neutron.plugins.ml2.rpc [req-864f2f8b-df85-47b9-95ca-1f7d23ebae01 - - - - -] Device 5749a101-1f12-4a61-8798-01dc1eed2d61 no longer exists at agent ovs-agent-localhost.localdomain update_device_down /usr/lib/python2.7/site-packages/neutron/plugins/ml2/rpc.py:213
2018-06-28 23:32:38.592 30962 DEBUG neutron_lib.callbacks.manager [req-864f2f8b-df85-47b9-95ca-1f7d23ebae01 - - - - -] Notify callbacks ['neutron.plugins.ml2.plugin.Ml2Plugin._ensure_default_security_group_handler--9223372036854033836'] for port, before_update _notify_loop /usr/lib/python2.7/site-packages/neutron_lib/callbacks/manager.py:167
2018-06-28 23:32:38.684 30961 DEBUG neutron.plugins.ml2.db [req-7b9c8cb5-4c06-4afc-bbf8-19769b8b7ca1 5feafc9ff48747df82912c2055bf7429 f4a570c942f04ee3b556f3e6756b5a50 - default default] For port 5749a101-1f12-4a61-8798-01dc1eed2d61, host localhost.localdomain, got binding levels [<neutron.plugins.ml2.models.PortBindingLevel[object at 7f047819fb50] {port_id=u'5749a101-1f12-4a61-8798-01dc1eed2d61', host=u'localhost.localdomain', level=0, driver=u'openvswitch', segment_id=u'95011941-793b-4dfa-9f19-400bf1f74181'}>] get_binding_levels /usr/lib/python2.7/site-packages/neutron/plugins/ml2/db.py:106
2018-06-28 23:32:38.738 30962 DEBUG oslo_concurrency.lockutils [-] Lock "notifier-92e9ad11-ab7c-4cb7-9f26-fcc3b2b57589" acquired by "neutron.notifiers.batch_notifier.synced_send" :: waited 0.000s inner /usr/lib/python2.7/site-packages/oslo_concurrency/lockutils.py:270
2018-06-28 23:32:38.743 30962 DEBUG neutron.notifiers.nova [-] Sending events: [{'status': 'completed', 'tag': u'5749a101-1f12-4a61-8798-01dc1eed2d61', 'name': 'network-vif-unplugged', 'server_uuid': u'0f03a52e-877d-4158-86e4-f09635265da8'}] send_events /usr/lib/python2.7/site-packages/neutron/notifiers/nova.py:242
2018-06-28 23:32:38.758 30961 DEBUG neutron.plugins.ml2.plugin [req-7b9c8cb5-4c06-4afc-bbf8-19769b8b7ca1 5feafc9ff48747df82912c2055bf7429 f4a570c942f04ee3b556f3e6756b5a50 - default default] Calling delete_port for 5749a101-1f12-4a61-8798-01dc1eed2d61 owned by compute:nova delete_port /usr/lib/python2.7/site-packages/neutron/plugins/ml2/plugin.py:1547
2018-06-28 23:32:38.778 30962 DEBUG neutron.plugins.ml2.db [req-864f2f8b-df85-47b9-95ca-1f7d23ebae01 - - - - -] For port 5749a101-1f12-4a61-8798-01dc1eed2d61, host localhost.localdomain, got binding levels [<neutron.plugins.ml2.models.PortBindingLevel[object at 7f0477dbb750] {port_id=u'5749a101-1f12-4a61-8798-01dc1eed2d61', host=u'localhost.localdomain', level=0, driver=u'openvswitch', segment_id=u'95011941-793b-4dfa-9f19-400bf1f74181'}>] get_binding_levels /usr/lib/python2.7/site-packages/neutron/plugins/ml2/db.py:106
2018-06-28 23:32:38.790 30962 DEBUG neutron_lib.callbacks.manager [req-864f2f8b-df85-47b9-95ca-1f7d23ebae01 - - - - -] Notify callbacks ['neutron.plugins.ml2.plugin.Ml2Plugin.notify_sg_on_port_change-742121', 'neutron.plugins.ml2.ovo_rpc._ObjectChangeHandler.handle_event-1691686', 'neutron.db.l3_hascheduler_db._notify_l3_agent_ha_port_update-8728573675043', 'neutron.db.l3_dvrscheduler_db._notify_l3_agent_port_update--9223363308281101361', 'neutron.api.rpc.agentnotifiers.dhcp_rpc_agent_api.DhcpAgentNotifyAPI._native_event_send_dhcp_notification-1813535'] for port, after_update _notify_loop /usr/lib/python2.7/site-packages/neutron_lib/callbacks/manager.py:167
2018-06-28 23:32:38.834 30962 DEBUG oslo_concurrency.lockutils [-] Lock "event-dispatch" acquired by "neutron.plugins.ml2.ovo_rpc.dispatch_events" :: waited 0.000s inner /usr/lib/python2.7/site-packages/oslo_concurrency/lockutils.py:270
2018-06-28 23:32:38.961 30961 DEBUG neutron.db.api [req-7b9c8cb5-4c06-4afc-bbf8-19769b8b7ca1 5feafc9ff48747df82912c2055bf7429 f4a570c942f04ee3b556f3e6756b5a50 - default default] Retry wrapper got retriable exception: DELETE statement on table 'standardattributes' expected to delete 1 row(s); 0 were matched.  Please set confirm_deleted_rows=False within the mapper configuration to prevent this warning. wrapped /usr/lib/python2.7/site-packages/neutron/db/api.py:128
