2018-06-27 00:25:43.620 30449 DEBUG neutron.api.rpc.callbacks.version_manager [req-1597c67b-78b5-479c-975b-722b9d7a37bc 48ab82a30a8f41a1a784b8bc09bc487a 5528f1fe5f894ddba5fb2776fb82674e - - -] Version for resource type Subnet changed None to 1.0 on consumer Open vSwitch agent@localhost.localdomain _set_version /usr/lib/python2.7/site-packages/neutron/api/rpc/callbacks/version_manager.py:119
2018-06-27 00:25:43.621 30449 DEBUG neutron.api.rpc.callbacks.version_manager [req-1597c67b-78b5-479c-975b-722b9d7a37bc 48ab82a30a8f41a1a784b8bc09bc487a 5528f1fe5f894ddba5fb2776fb82674e - - -] Version for resource type Network changed None to 1.0 on consumer Open vSwitch agent@localhost.localdomain _set_version /usr/lib/python2.7/site-packages/neutron/api/rpc/callbacks/version_manager.py:119
2018-06-27 00:25:43.621 30449 DEBUG neutron.api.rpc.callbacks.version_manager [req-1597c67b-78b5-479c-975b-722b9d7a37bc 48ab82a30a8f41a1a784b8bc09bc487a 5528f1fe5f894ddba5fb2776fb82674e - - -] Version for resource type SubPort changed None to 1.0 on consumer Open vSwitch agent@localhost.localdomain _set_version /usr/lib/python2.7/site-packages/neutron/api/rpc/callbacks/version_manager.py:119
2018-06-27 00:25:43.622 30449 DEBUG neutron.api.rpc.callbacks.version_manager [req-1597c67b-78b5-479c-975b-722b9d7a37bc 48ab82a30a8f41a1a784b8bc09bc487a 5528f1fe5f894ddba5fb2776fb82674e - - -] Version for resource type SecurityGroup changed None to 1.0 on consumer Open vSwitch agent@localhost.localdomain _set_version /usr/lib/python2.7/site-packages/neutron/api/rpc/callbacks/version_manager.py:119
2018-06-27 00:25:43.623 30449 DEBUG neutron.api.rpc.callbacks.version_manager [req-1597c67b-78b5-479c-975b-722b9d7a37bc 48ab82a30a8f41a1a784b8bc09bc487a 5528f1fe5f894ddba5fb2776fb82674e - - -] Version for resource type SecurityGroupRule changed None to 1.0 on consumer Open vSwitch agent@localhost.localdomain _set_version /usr/lib/python2.7/site-packages/neutron/api/rpc/callbacks/version_manager.py:119
2018-06-27 00:25:43.624 30449 DEBUG neutron.api.rpc.callbacks.version_manager [req-1597c67b-78b5-479c-975b-722b9d7a37bc 48ab82a30a8f41a1a784b8bc09bc487a 5528f1fe5f894ddba5fb2776fb82674e - - -] Version for resource type Trunk changed None to 1.1 on consumer Open vSwitch agent@localhost.localdomain _set_version /usr/lib/python2.7/site-packages/neutron/api/rpc/callbacks/version_manager.py:119
2018-06-27 00:25:43.624 30449 DEBUG neutron.api.rpc.callbacks.version_manager [req-1597c67b-78b5-479c-975b-722b9d7a37bc 48ab82a30a8f41a1a784b8bc09bc487a 5528f1fe5f894ddba5fb2776fb82674e - - -] Version for resource type QosPolicy changed None to 1.6 on consumer Open vSwitch agent@localhost.localdomain _set_version /usr/lib/python2.7/site-packages/neutron/api/rpc/callbacks/version_manager.py:119
2018-06-27 00:25:43.625 30449 DEBUG neutron.api.rpc.callbacks.version_manager [req-1597c67b-78b5-479c-975b-722b9d7a37bc 48ab82a30a8f41a1a784b8bc09bc487a 5528f1fe5f894ddba5fb2776fb82674e - - -] Version for resource type Port changed None to 1.1 on consumer Open vSwitch agent@localhost.localdomain _set_version /usr/lib/python2.7/site-packages/neutron/api/rpc/callbacks/version_manager.py:119
2018-06-27 00:25:43.626 30449 DEBUG neutron.api.rpc.callbacks.version_manager [req-1597c67b-78b5-479c-975b-722b9d7a37bc 48ab82a30a8f41a1a784b8bc09bc487a 5528f1fe5f894ddba5fb2776fb82674e - - -] Version for resource type Log changed None to 1.0 on consumer Open vSwitch agent@localhost.localdomain _set_version /usr/lib/python2.7/site-packages/neutron/api/rpc/callbacks/version_manager.py:119
2018-06-27 00:25:43.675 30449 DEBUG oslo_concurrency.lockutils [req-1597c67b-78b5-479c-975b-722b9d7a37bc 48ab82a30a8f41a1a784b8bc09bc487a 5528f1fe5f894ddba5fb2776fb82674e - - -] Lock "event-dispatch" released by "neutron.plugins.ml2.ovo_rpc.dispatch_events" :: held 0.365s inner /usr/lib/python2.7/site-packages/oslo_concurrency/lockutils.py:282
2018-06-27 00:25:43.721 30449 DEBUG neutron.scheduler.dhcp_agent_scheduler [req-1597c67b-78b5-479c-975b-722b9d7a37bc 48ab82a30a8f41a1a784b8bc09bc487a 5528f1fe5f894ddba5fb2776fb82674e - default default] Network 6ca5b7c5-23c0-4771-ad3c-ae15aacd634c is already hosted by enough agents. _get_dhcp_agents_hosting_network /usr/lib/python2.7/site-packages/neutron/scheduler/dhcp_agent_scheduler.py:243
2018-06-27 00:25:43.972 30449 DEBUG neutron_lib.callbacks.manager [req-1597c67b-78b5-479c-975b-722b9d7a37bc 48ab82a30a8f41a1a784b8bc09bc487a 5528f1fe5f894ddba5fb2776fb82674e - default default] Notify callbacks ['neutron.plugins.ml2.plugin.Ml2Plugin._ensure_default_security_group_handler--9223372036854320544'] for port, before_update _notify_loop /usr/lib/python2.7/site-packages/neutron_lib/callbacks/manager.py:167
2018-06-27 00:25:44.563 30449 DEBUG neutron_lib.callbacks.manager [req-1597c67b-78b5-479c-975b-722b9d7a37bc 48ab82a30a8f41a1a784b8bc09bc487a 5528f1fe5f894ddba5fb2776fb82674e - default default] Notify callbacks [] for port, precommit_update _notify_loop /usr/lib/python2.7/site-packages/neutron_lib/callbacks/manager.py:167
2018-06-27 00:25:44.571 30449 DEBUG neutron_lib.callbacks.manager [req-1597c67b-78b5-479c-975b-722b9d7a37bc 48ab82a30a8f41a1a784b8bc09bc487a 5528f1fe5f894ddba5fb2776fb82674e - default default] Notify callbacks ['neutron.plugins.ml2.plugin.Ml2Plugin.notify_sg_on_port_change-455389', 'neutron.plugins.ml2.ovo_rpc._ObjectChangeHandler.handle_event-1564198', 'neutron.db.l3_dvrscheduler_db._notify_l3_agent_port_update--9223363282762506078', 'neutron.api.rpc.agentnotifiers.dhcp_rpc_agent_api.DhcpAgentNotifyAPI._native_event_send_dhcp_notification-1473823', 'neutron.db.l3_hascheduler_db._notify_l3_agent_ha_port_update--9223363282762506003'] for port, after_update _notify_loop /usr/lib/python2.7/site-packages/neutron_lib/callbacks/manager.py:167
2018-06-27 00:25:44.605 30449 DEBUG oslo_concurrency.lockutils [-] Lock "event-dispatch" acquired by "neutron.plugins.ml2.ovo_rpc.dispatch_events" :: waited 0.000s inner /usr/lib/python2.7/site-packages/oslo_concurrency/lockutils.py:270
2018-06-27 00:25:44.912 30449 DEBUG neutron.api.rpc.handlers.resources_rpc [req-1597c67b-78b5-479c-975b-722b9d7a37bc 48ab82a30a8f41a1a784b8bc09bc487a 5528f1fe5f894ddba5fb2776fb82674e - - -] neutron.api.rpc.handlers.resources_rpc.ResourcesPushRpcApi method push called with arguments (<neutron_lib.context.Context object at 0x7f63880a7810>, [Port(admin_state_up=True,allowed_address_pairs=[],binding=PortBinding,binding_levels=[],created_at=2018-06-26T22:25:42Z,data_plane_status=<?>,description='',device_id='9c319e78-8bed-4ad2-af1d-c85feeb8e7e9',device_owner='network:floatingip',dhcp_options=[],distributed_binding=None,dns=None,fixed_ips=[IPAllocation],id=0dd55146-d9ba-42f9-a7f4-841e71fd7a8b,mac_address=fa:16:3e:04:fd:2d,name='',network_id=6ca5b7c5-23c0-4771-ad3c-ae15aacd634c,project_id='',qos_policy_id=None,revision_number=4,security=PortSecurity(0dd55146-d9ba-42f9-a7f4-841e71fd7a8b),security_group_ids=set([]),status='N/A',updated_at=2018-06-26T22:25:44Z)], 'updated') {} wrapper /usr/lib/python2.7/site-packages/oslo_log/helpers.py:66
2018-06-27 00:25:44.942 30449 DEBUG oslo_concurrency.lockutils [req-1597c67b-78b5-479c-975b-722b9d7a37bc 48ab82a30a8f41a1a784b8bc09bc487a 5528f1fe5f894ddba5fb2776fb82674e - - -] Lock "event-dispatch" released by "neutron.plugins.ml2.ovo_rpc.dispatch_events" :: held 0.337s inner /usr/lib/python2.7/site-packages/oslo_concurrency/lockutils.py:282
2018-06-27 00:25:45.020 30449 DEBUG neutron_lib.callbacks.manager [req-1597c67b-78b5-479c-975b-722b9d7a37bc 48ab82a30a8f41a1a784b8bc09bc487a 5528f1fe5f894ddba5fb2776fb82674e - default default] Notify callbacks ['neutron.services.l3_router.l3_router_plugin.L3RouterPlugin._create_dvr_floating_gw_port-1586640'] for floatingip, after_update _notify_loop /usr/lib/python2.7/site-packages/neutron_lib/callbacks/manager.py:167
2018-06-27 00:25:45.099 30449 DEBUG neutron.quota.resource [req-1597c67b-78b5-479c-975b-722b9d7a37bc 48ab82a30a8f41a1a784b8bc09bc487a 5528f1fe5f894ddba5fb2776fb82674e - default default] Persisted dirty status for tenant:bc0e7fed3645451cacc5e7bb974b5ad4 on resource:floatingip mark_dirty /usr/lib/python2.7/site-packages/neutron/quota/resource.py:207
2018-06-27 00:25:45.109 30449 DEBUG neutron.quota.resource [req-1597c67b-78b5-479c-975b-722b9d7a37bc 48ab82a30a8f41a1a784b8bc09bc487a 5528f1fe5f894ddba5fb2776fb82674e - default default] Persisted dirty status for tenant: on resource:port mark_dirty /usr/lib/python2.7/site-packages/neutron/quota/resource.py:207
2018-06-27 00:25:45.138 30449 DEBUG neutron_lib.callbacks.manager [req-1597c67b-78b5-479c-975b-722b9d7a37bc 48ab82a30a8f41a1a784b8bc09bc487a 5528f1fe5f894ddba5fb2776fb82674e - default default] Notify callbacks ['neutron.notifiers.nova.Notifier._send_nova_notification--9223372036854759464'] for floatingip, before_response _notify_loop /usr/lib/python2.7/site-packages/neutron_lib/callbacks/manager.py:167
2018-06-27 00:25:45.141 30449 INFO neutron.wsgi [req-1597c67b-78b5-479c-975b-722b9d7a37bc 48ab82a30a8f41a1a784b8bc09bc487a 5528f1fe5f894ddba5fb2776fb82674e - default default] 10.0.20.27 "POST /v2.0/floatingips HTTP/1.1" status: 201  len: 674 time: 4.0536299
2018-06-27 00:25:48.195 30461 DEBUG neutron.db.agents_db [req-3fd9ae71-5514-4863-a29e-cbb57c752294 - - - - -] Agent healthcheck: found 5 active agents agent_health_check /usr/lib/python2.7/site-packages/neutron/db/agents_db.py:281
2018-06-27 00:25:53.781 30445 INFO neutron.wsgi [req-eb669c9a-2e14-46c8-abc2-7863b35c02aa 479e046780fe410b9faee29c0cb53b35 3218dc7862004758b6a8f5b0cc5d6ad5 - default default] 10.0.20.27 "GET /v2.0/ports?tenant_id=bc0e7fed3645451cacc5e7bb974b5ad4&device_id=ebe10d2c-c61f-48eb-a349-9ed6e23af6c5 HTTP/1.1" status: 200  len: 1124 time: 0.1554921
2018-06-27 00:25:54.030 30445 DEBUG neutron.pecan_wsgi.hooks.policy_enforcement [req-9510cefb-2f87-4fdf-8a62-de4e9a4992d4 479e046780fe410b9faee29c0cb53b35 3218dc7862004758b6a8f5b0cc5d6ad5 - default default] Attributes excluded by policy engine: [u'vlan_transparent'] _exclude_attributes_by_policy /usr/lib/python2.7/site-packages/neutron/pecan_wsgi/hooks/policy_enforcement.py:256
2018-06-27 00:25:54.033 30445 INFO neutron.wsgi [req-9510cefb-2f87-4fdf-8a62-de4e9a4992d4 479e046780fe410b9faee29c0cb53b35 3218dc7862004758b6a8f5b0cc5d6ad5 - default default] 10.0.20.27 "GET /v2.0/networks?id=7f03cf4c-4bf1-488a-b679-d924afde4df7 HTTP/1.1" status: 200  len: 885 time: 0.2444530
2018-06-27 00:25:54.082 30445 INFO neutron.wsgi [req-7be60a34-bdd6-4618-a30f-4bab3bbab170 479e046780fe410b9faee29c0cb53b35 3218dc7862004758b6a8f5b0cc5d6ad5 - default default] 10.0.20.27 "GET /v2.0/floatingips?fixed_ip_address=11.188.1.9&port_id=3e9fd392-a615-415e-8870-70b286612619 HTTP/1.1" status: 200  len: 217 time: 0.0425210
2018-06-27 00:25:54.223 30445 DEBUG neutron.pecan_wsgi.hooks.policy_enforcement [req-350e5771-6dfb-4eb0-b044-93e8e752d492 479e046780fe410b9faee29c0cb53b35 3218dc7862004758b6a8f5b0cc5d6ad5 - default default] Attributes excluded by policy engine: [u'shared'] _exclude_attributes_by_policy /usr/lib/python2.7/site-packages/neutron/pecan_wsgi/hooks/policy_enforcement.py:256
2018-06-27 00:25:54.226 30445 INFO neutron.wsgi [req-350e5771-6dfb-4eb0-b044-93e8e752d492 479e046780fe410b9faee29c0cb53b35 3218dc7862004758b6a8f5b0cc5d6ad5 - default default] 10.0.20.27 "GET /v2.0/subnets?id=95dee484-9c2d-4482-827f-6b2b0e924830 HTTP/1.1" status: 200  len: 847 time: 0.1383560
2018-06-27 00:25:54.333 30445 INFO neutron.wsgi [req-66f08a81-41d6-47ea-a479-fbb73015f9d4 479e046780fe410b9faee29c0cb53b35 3218dc7862004758b6a8f5b0cc5d6ad5 - default default] 10.0.20.27 "GET /v2.0/ports?network_id=7f03cf4c-4bf1-488a-b679-d924afde4df7&device_owner=network%3Adhcp HTTP/1.1" status: 200  len: 1128 time: 0.0997500
2018-06-27 00:25:56.545 30448 INFO neutron.wsgi [req-f858975a-7da1-4aed-8319-f0bc330bcf25 479e046780fe410b9faee29c0cb53b35 3218dc7862004758b6a8f5b0cc5d6ad5 - default default] 10.0.20.27 "GET /v2.0/ports?device_id=ebe10d2c-c61f-48eb-a349-9ed6e23af6c5 HTTP/1.1" status: 200  len: 1124 time: 0.6982012
2018-06-27 00:25:56.685 30448 INFO neutron.wsgi [req-ad424457-f2d3-4f54-b08a-b1c8ad31ced6 479e046780fe410b9faee29c0cb53b35 3218dc7862004758b6a8f5b0cc5d6ad5 - default default] 10.0.20.27 "GET /v2.0/security-groups?id=b322f3ee-e3c0-48d6-88d3-77c2c2a23c0f HTTP/1.1" status: 200  len: 2118 time: 0.1333661
2018-06-27 00:25:57.947 30445 INFO neutron.wsgi [req-4ac61b19-b884-4557-84a0-4a511ff2aad6 610c52fba3fc4a1d8d29eaed153e76cb bc0e7fed3645451cacc5e7bb974b5ad4 - e24285751d3a4f6295bac9abfe1e7204 e24285751d3a4f6295bac9abfe1e7204] 10.0.20.27 "GET /v2.0/ports?device_id=ebe10d2c-c61f-48eb-a349-9ed6e23af6c5 HTTP/1.1" status: 200  len: 1124 time: 0.6493490
2018-06-27 00:25:58.234 30444 INFO neutron.wsgi [req-37522886-dd2f-4291-95d0-5923ed63d8b9 479e046780fe410b9faee29c0cb53b35 3218dc7862004758b6a8f5b0cc5d6ad5 - default default] 10.0.20.27 "GET /v2.0/ports?device_id=ebe10d2c-c61f-48eb-a349-9ed6e23af6c5 HTTP/1.1" status: 200  len: 1124 time: 0.5275230
2018-06-27 00:25:58.353 30445 INFO neutron.wsgi [req-723409ba-33ec-49a5-89df-1058554da9af 610c52fba3fc4a1d8d29eaed153e76cb bc0e7fed3645451cacc5e7bb974b5ad4 - e24285751d3a4f6295bac9abfe1e7204 e24285751d3a4f6295bac9abfe1e7204] 10.0.20.27 "GET /v2.0/security-groups?id=b322f3ee-e3c0-48d6-88d3-77c2c2a23c0f HTTP/1.1" status: 200  len: 2118 time: 0.3987401
2018-06-27 00:25:58.390 30444 INFO neutron.wsgi [req-8c23fba1-b16f-4ff1-a35a-05d602bc1fca 479e046780fe410b9faee29c0cb53b35 3218dc7862004758b6a8f5b0cc5d6ad5 - default default] 10.0.20.27 "GET /v2.0/security-groups?id=b322f3ee-e3c0-48d6-88d3-77c2c2a23c0f HTTP/1.1" status: 200  len: 2118 time: 0.1467831
2018-06-27 00:25:58.709 30445 INFO neutron.wsgi [req-b81b846e-97ab-4ac3-9e42-fa79b307ee16 610c52fba3fc4a1d8d29eaed153e76cb bc0e7fed3645451cacc5e7bb974b5ad4 - e24285751d3a4f6295bac9abfe1e7204 e24285751d3a4f6295bac9abfe1e7204] 10.0.20.27 "GET /v2.0/ports?device_owner=compute%3Anova&device_id=ebe10d2c-c61f-48eb-a349-9ed6e23af6c5 HTTP/1.1" status: 200  len: 1124 time: 0.1623290
2018-06-27 00:25:58.772 30445 INFO neutron.wsgi [req-098f8561-f620-4805-b8d4-a44a93387b4b 610c52fba3fc4a1d8d29eaed153e76cb bc0e7fed3645451cacc5e7bb974b5ad4 - e24285751d3a4f6295bac9abfe1e7204 e24285751d3a4f6295bac9abfe1e7204] 10.0.20.27 "GET /v2.0/floatingips?floating_ip_address=172.24.4.9 HTTP/1.1" status: 200  len: 672 time: 0.0545080
2018-06-27 00:25:58.810 30445 DEBUG neutron.api.v2.base [req-74352279-bde7-46b8-8838-546f83dd4682 610c52fba3fc4a1d8d29eaed153e76cb bc0e7fed3645451cacc5e7bb974b5ad4 - e24285751d3a4f6295bac9abfe1e7204 e24285751d3a4f6295bac9abfe1e7204] Request body: {u'floatingip': {u'fixed_ip_address': u'11.188.1.9', u'port_id': u'3e9fd392-a615-415e-8870-70b286612619'}} prepare_request_body /usr/lib/python2.7/site-packages/neutron/api/v2/base.py:695
2018-06-27 00:25:59.184 30445 DEBUG neutron_lib.callbacks.manager [req-74352279-bde7-46b8-8838-546f83dd4682 610c52fba3fc4a1d8d29eaed153e76cb bc0e7fed3645451cacc5e7bb974b5ad4 - e24285751d3a4f6295bac9abfe1e7204 e24285751d3a4f6295bac9abfe1e7204] Notify callbacks ['neutron.services.l3_router.l3_router_plugin.L3RouterPlugin._create_dvr_floating_gw_port-1586640'] for floatingip, after_update _notify_loop /usr/lib/python2.7/site-packages/neutron_lib/callbacks/manager.py:167
2018-06-27 00:25:59.460 30459 DEBUG neutron_lib.callbacks.manager [req-1fa53390-ea77-48dd-94ab-656e483f9883 - - - - -] Notify callbacks ['neutron.services.segments.db._update_segment_host_mapping_for_agent-8754092630834'] for agent, after_update _notify_loop /usr/lib/python2.7/site-packages/neutron_lib/callbacks/manager.py:167
2018-06-27 00:25:59.494 30454 DEBUG neutron_lib.callbacks.manager [req-9d06a2d0-e7ef-44b9-b3e1-c9a2ccaa77dd - - - - -] Notify callbacks ['neutron.services.segments.db._update_segment_host_mapping_for_agent-8754092630834'] for agent, after_update _notify_loop /usr/lib/python2.7/site-packages/neutron_lib/callbacks/manager.py:167
2018-06-27 00:25:59.684 30453 DEBUG neutron_lib.callbacks.manager [req-c8a02cc4-6c75-4f28-97a6-6a3c0272e6c7 - - - - -] Notify callbacks ['neutron.services.segments.db._update_segment_host_mapping_for_agent-8754092630834'] for agent, after_update _notify_loop /usr/lib/python2.7/site-packages/neutron_lib/callbacks/manager.py:167
2018-06-27 00:25:59.686 30446 INFO neutron.wsgi [req-a42bef47-9071-4cf8-bbed-934e006e4485 479e046780fe410b9faee29c0cb53b35 3218dc7862004758b6a8f5b0cc5d6ad5 - default default] 10.0.20.27 "GET /v2.0/ports?device_id=ebe10d2c-c61f-48eb-a349-9ed6e23af6c5 HTTP/1.1" status: 200  len: 1124 time: 0.6952090
2018-06-27 00:25:59.831 30446 INFO neutron.wsgi [req-4c277177-a485-44c2-930a-3f784fb41332 479e046780fe410b9faee29c0cb53b35 3218dc7862004758b6a8f5b0cc5d6ad5 - default default] 10.0.20.27 "GET /v2.0/security-groups?id=b322f3ee-e3c0-48d6-88d3-77c2c2a23c0f HTTP/1.1" status: 200  len: 2118 time: 0.1349041
2018-06-27 00:25:59.847 30445 DEBUG neutron.scheduler.l3_agent_scheduler [req-74352279-bde7-46b8-8838-546f83dd4682 610c52fba3fc4a1d8d29eaed153e76cb bc0e7fed3645451cacc5e7bb974b5ad4 - e24285751d3a4f6295bac9abfe1e7204 e24285751d3a4f6295bac9abfe1e7204] Router 484437e3-1410-4434-9c7b-5689b92d2817 has already been hosted by L3 agent 8a7f04c5-f50c-4882-a215-ed76ffaf1adf _get_candidates /usr/lib/python2.7/site-packages/neutron/scheduler/l3_agent_scheduler.py:141
2018-06-27 00:26:00.098 30445 DEBUG neutron.api.rpc.agentnotifiers.l3_rpc_agent_api [req-74352279-bde7-46b8-8838-546f83dd4682 610c52fba3fc4a1d8d29eaed153e76cb bc0e7fed3645451cacc5e7bb974b5ad4 - e24285751d3a4f6295bac9abfe1e7204 e24285751d3a4f6295bac9abfe1e7204] Notify agent at l3_agent.localhost.localdomain the message routers_updated _agent_notification /usr/lib/python2.7/site-packages/neutron/api/rpc/agentnotifiers/l3_rpc_agent_api.py:69
2018-06-27 00:26:00.144 30445 DEBUG neutron_lib.callbacks.manager [req-74352279-bde7-46b8-8838-546f83dd4682 610c52fba3fc4a1d8d29eaed153e76cb bc0e7fed3645451cacc5e7bb974b5ad4 - e24285751d3a4f6295bac9abfe1e7204 e24285751d3a4f6295bac9abfe1e7204] Notify callbacks ['neutron.notifiers.nova.Notifier._send_nova_notification--9223372036854759464'] for floatingip, before_response _notify_loop /usr/lib/python2.7/site-packages/neutron_lib/callbacks/manager.py:167
2018-06-27 00:26:00.186 30459 DEBUG neutron.db.l3_hamode_db [req-b5cfd6a7-92df-4f70-82e1-ff82bc605bfe - - - - -] neutron.services.l3_router.l3_router_plugin.L3RouterPlugin method get_ha_sync_data_for_host called with arguments (<neutron_lib.context.Context object at 0x7f63886604d0>, u'localhost.localdomain', <neutron.db.models.agent.Agent[object at 7f6388577b10] {id=u'8a7f04c5-f50c-4882-a215-ed76ffaf1adf', agent_type=u'L3 agent', binary=u'neutron-l3-agent', topic=u'l3_agent', host=u'localhost.localdomain', availability_zone=u'nova', admin_state_up=True, created_at=datetime.datetime(2018, 6, 7, 12, 44, 57), started_at=datetime.datetime(2018, 6, 26, 22, 2, 36), heartbeat_timestamp=datetime.datetime(2018, 6, 26, 22, 25, 36), description=None, configurations=u'{"agent_mode": "legacy", "gateway_external_network_id": "", "handle_internal_only_routers": true, "routers": 2, "interfaces": 2, "floating_ips": 0, "interface_driver": "neutron.agent.linux.interface.OVSInterfaceDriver", "log_agent_heartbeats": false, "external_network_bridge": "", "ex_gw_ports": 2}', resource_versions=None, load=0}>) {'active': True, 'router_ids': ['484437e3-1410-4434-9c7b-5689b92d2817']} wrapper /usr/lib/python2.7/site-packages/oslo_log/helpers.py:66
2018-06-27 00:26:00.279 30445 INFO neutron.wsgi [req-74352279-bde7-46b8-8838-546f83dd4682 610c52fba3fc4a1d8d29eaed153e76cb bc0e7fed3645451cacc5e7bb974b5ad4 - e24285751d3a4f6295bac9abfe1e7204 e24285751d3a4f6295bac9abfe1e7204] 10.0.20.27 "PUT /v2.0/floatingips/9c319e78-8bed-4ad2-af1d-c85feeb8e7e9 HTTP/1.1" status: 200  len: 745 time: 1.4957030
2018-06-27 00:26:00.281 30445 DEBUG oslo_concurrency.lockutils [-] Lock "notifier-7a1c3e68-06d5-41d2-a827-3003448b33ee" acquired by "neutron.notifiers.batch_notifier.synced_send" :: waited 0.000s inner /usr/lib/python2.7/site-packages/oslo_concurrency/lockutils.py:270
2018-06-27 00:26:00.282 30445 DEBUG neutron.notifiers.nova [-] Sending events: [{'tag': u'3e9fd392-a615-415e-8870-70b286612619', 'name': 'network-changed', 'server_uuid': u'ebe10d2c-c61f-48eb-a349-9ed6e23af6c5'}] send_events /usr/lib/python2.7/site-packages/neutron/notifiers/nova.py:242
2018-06-27 00:26:00.290 30445 DEBUG novaclient.v2.client [-] REQ: curl -g -i -X POST http://10.0.20.27:8774/v2.1/3218dc7862004758b6a8f5b0cc5d6ad5/os-server-external-events -H "User-Agent: python-novaclient" -H "Content-Type: application/json" -H "Accept: application/json" -H "X-OpenStack-Nova-API-Version: 2.1" -H "X-Auth-Token: {SHA1}b622ff766ff5afc027a500ca2b594136621d62e2" -d '{"events": [{"tag": "3e9fd392-a615-415e-8870-70b286612619", "name": "network-changed", "server_uuid": "ebe10d2c-c61f-48eb-a349-9ed6e23af6c5"}]}' _http_log_request /usr/lib/python2.7/site-packages/keystoneauth1/session.py:375
2018-06-27 00:26:00.452 30445 DEBUG novaclient.v2.client [-] RESP: [200] Content-Length: 179 Content-Type: application/json Openstack-Api-Version: compute 2.1 X-Openstack-Nova-Api-Version: 2.1 Vary: OpenStack-API-Version, X-OpenStack-Nova-API-Version X-Openstack-Request-Id: req-c7265a4c-3dcc-40d6-8aba-45bc18249267 X-Compute-Request-Id: req-c7265a4c-3dcc-40d6-8aba-45bc18249267 Date: Tue, 26 Jun 2018 22:26:00 GMT Connection: keep-alive 
RESP BODY: {"events": [{"status": "completed", "tag": "3e9fd392-a615-415e-8870-70b286612619", "name": "network-changed", "server_uuid": "ebe10d2c-c61f-48eb-a349-9ed6e23af6c5", "code": 200}]}
 _http_log_response /usr/lib/python2.7/site-packages/keystoneauth1/session.py:423
2018-06-27 00:26:00.453 30445 DEBUG novaclient.v2.client [-] POST call to compute for http://10.0.20.27:8774/v2.1/3218dc7862004758b6a8f5b0cc5d6ad5/os-server-external-events used request id req-c7265a4c-3dcc-40d6-8aba-45bc18249267 request /usr/lib/python2.7/site-packages/keystoneauth1/session.py:727
2018-06-27 00:26:00.466 30445 INFO neutron.notifiers.nova [-] Nova event response: {u'status': u'completed', u'tag': u'3e9fd392-a615-415e-8870-70b286612619', u'name': u'network-changed', u'server_uuid': u'ebe10d2c-c61f-48eb-a349-9ed6e23af6c5', u'code': 200}
2018-06-27 00:26:00.739 30445 INFO neutron.wsgi [req-7af27eb1-7133-4721-bad0-0fe2ee1b1074 479e046780fe410b9faee29c0cb53b35 3218dc7862004758b6a8f5b0cc5d6ad5 - default default] 10.0.20.27 "GET /v2.0/ports?tenant_id=bc0e7fed3645451cacc5e7bb974b5ad4&device_id=ebe10d2c-c61f-48eb-a349-9ed6e23af6c5 HTTP/1.1" status: 200  len: 1124 time: 0.2253790
2018-06-27 00:26:01.145 30445 DEBUG neutron.pecan_wsgi.hooks.policy_enforcement [req-659c5073-19f7-48fa-acb4-672f28d76d65 479e046780fe410b9faee29c0cb53b35 3218dc7862004758b6a8f5b0cc5d6ad5 - default default] Attributes excluded by policy engine: [u'vlan_transparent'] _exclude_attributes_by_policy /usr/lib/python2.7/site-packages/neutron/pecan_wsgi/hooks/policy_enforcement.py:256
2018-06-27 00:26:01.149 30445 INFO neutron.wsgi [req-659c5073-19f7-48fa-acb4-672f28d76d65 479e046780fe410b9faee29c0cb53b35 3218dc7862004758b6a8f5b0cc5d6ad5 - default default] 10.0.20.27 "GET /v2.0/networks?id=7f03cf4c-4bf1-488a-b679-d924afde4df7 HTTP/1.1" status: 200  len: 885 time: 0.3977079
2018-06-27 00:26:01.233 30459 DEBUG neutron.db.l3_hamode_db [req-b5cfd6a7-92df-4f70-82e1-ff82bc605bfe - - - - -] neutron.services.l3_router.l3_router_plugin.L3RouterPlugin method _process_sync_ha_data called with arguments (<neutron_lib.context.Context object at 0x7f63886604d0>, [{'status': u'ACTIVE', '_interfaces': [{'status': u'ACTIVE', 'subnets': [{'dns_nameservers': [u'8.8.4.4'], 'ipv6_ra_mode': None, 'gateway_ip': u'11.188.1.1', 'cidr': u'11.188.1.0/24', 'id': u'95dee484-9c2d-4482-827f-6b2b0e924830', 'subnetpool_id': None}], 'binding:host_id': u'localhost.localdomain', 'description': u'', 'allowed_address_pairs': [], 'tags': [], 'extra_dhcp_opts': [], 'updated_at': '2018-06-26T22:24:39Z', 'device_owner': u'network:router_interface', 'revision_number': 7, 'port_security_enabled': False, 'binding:profile': {}, 'mtu': 1450, 'fixed_ips': [{'subnet_id': u'95dee484-9c2d-4482-827f-6b2b0e924830', 'prefixlen': 24, 'ip_address': u'11.188.1.1'}], 'id': u'b4210b69-0640-4f2b-a368-81c04dff3426', 'security_groups': [], 'device_id': u'484437e3-1410-4434-9c7b-5689b92d2817', 'name': u'', 'admin_state_up': True, 'network_id': u'7f03cf4c-4bf1-488a-b679-d924afde4df7', 'tenant_id': u'bc0e7fed3645451cacc5e7bb974b5ad4', 'binding:vif_details': {u'port_filter': True, u'datapath_type': u'system', u'ovs_hybrid_plug': True}, 'address_scopes': {4: None, 6: None}, 'binding:vnic_type': u'normal', 'binding:vif_type': u'ovs', 'mac_address': u'fa:16:3e:f4:10:97', 'project_id': u'bc0e7fed3645451cacc5e7bb974b5ad4', 'extra_subnets': [], 'created_at': '2018-06-26T22:24:30Z'}], 'enable_snat': True, 'ha_vr_id': 0, 'description': u'', 'tags': [], 'gw_port': {'status': u'ACTIVE', 'subnets': [{'dns_nameservers': [], 'ipv6_ra_mode': None, 'gateway_ip': u'172.24.4.1', 'cidr': u'172.24.4.0/24', 'id': u'ac2387df-a63d-4d9b-ad90-008a8600e0e1', 'subnetpool_id': None}], 'binding:host_id': u'localhost.localdomain', 'description': u'', 'allowed_address_pairs': [], 'tags': [], 'extra_dhcp_opts': [], 'updated_at': '2018-06-26T22:24:53Z', 'device_owner': u'network:router_gateway', 'revision_number': 6, 'port_security_enabled': False, 'binding:profile': {}, 'mtu': 1500, 'fixed_ips': [{'subnet_id': u'ac2387df-a63d-4d9b-ad90-008a8600e0e1', 'prefixlen': 24, 'ip_address': u'172.24.4.5'}], 'id': u'ee1e1fbd-b7a9-4cf9-90f3-10dad1faf948', 'security_groups': [], 'device_id': u'484437e3-1410-4434-9c7b-5689b92d2817', 'name': u'', 'admin_state_up': True, 'network_id': u'6ca5b7c5-23c0-4771-ad3c-ae15aacd634c', 'tenant_id': u'', 'binding:vif_details': {u'port_filter': True, u'datapath_type': u'system', u'ovs_hybrid_plug': True}, 'address_scopes': {4: None, 6: None}, 'binding:vnic_type': u'normal', 'binding:vif_type': u'ovs', 'mac_address': u'fa:16:3e:41:01:a2', 'project_id': u'', 'extra_subnets': [], 'created_at': '2018-06-26T22:24:45Z'}, 'updated_at': '2018-06-26T22:24:46Z', 'revision_number': 4, 'ha': False, 'id': u'484437e3-1410-4434-9c7b-5689b92d2817', 'gw_port_host': u'localhost.localdomain', 'external_gateway_info': {'network_id': u'6ca5b7c5-23c0-4771-ad3c-ae15aacd634c', 'enable_snat': True, 'external_fixed_ips': [{'subnet_id': u'ac2387df-a63d-4d9b-ad90-008a8600e0e1', 'ip_address': u'172.24.4.5'}]}, 'availability_zone_hints': [], 'availability_zones': [u'nova'], 'name': u'tempest-router-1530051683', 'gw_port_id': u'ee1e1fbd-b7a9-4cf9-90f3-10dad1faf948', 'admin_state_up': True, 'tenant_id': u'bc0e7fed3645451cacc5e7bb974b5ad4', 'created_at': '2018-06-26T22:24:07Z', 'distributed': False, 'flavor_id': None, 'routes': [], 'project_id': u'bc0e7fed3645451cacc5e7bb974b5ad4', '_floatingips': [{'router_id': u'484437e3-1410-4434-9c7b-5689b92d2817', 'status': u'DOWN', 'description': u'', 'tags': [], 'updated_at': '2018-06-26T22:25:59Z', 'dns_domain': '', 'floating_network_id': u'6ca5b7c5-23c0-4771-ad3c-ae15aacd634c', 'fixed_ip_address': u'11.188.1.9', 'floating_ip_address': u'172.24.4.9', 'revision_number': 1, 'port_id': u'3e9fd392-a615-415e-8870-70b286612619', 'id': u'9c319e78-8bed-4ad2-af1d-c85feeb8e7e9', 'dns_name': '', 'created_at': '2018-06-26T22:25:43Z', 'tenant_id': u'bc0e7fed3645451cacc5e7bb974b5ad4', 'fixed_ip_address_scope': None, 'project_id': u'bc0e7fed3645451cacc5e7bb974b5ad4'}]}], u'localhost.localdomain', False) {} wrapper /usr/lib/python2.7/site-packages/oslo_log/helpers.py:66
2018-06-27 00:26:01.239 30445 INFO neutron.wsgi [req-7113145f-c86f-4422-825f-e542e32f9999 479e046780fe410b9faee29c0cb53b35 3218dc7862004758b6a8f5b0cc5d6ad5 - default default] 10.0.20.27 "GET /v2.0/floatingips?fixed_ip_address=11.188.1.9&port_id=3e9fd392-a615-415e-8870-70b286612619 HTTP/1.1" status: 200  len: 748 time: 0.0785339
2018-06-27 00:26:01.244 30459 DEBUG neutron.api.rpc.handlers.l3_rpc [req-b5cfd6a7-92df-4f70-82e1-ff82bc605bfe - - - - -] Checking router: 484437e3-1410-4434-9c7b-5689b92d2817 for host: localhost.localdomain _ensure_host_set_on_ports /usr/lib/python2.7/site-packages/neutron/api/rpc/handlers/l3_rpc.py:135
2018-06-27 00:26:01.487 30445 DEBUG neutron.pecan_wsgi.hooks.policy_enforcement [req-b524511e-4402-4e74-a6b6-09b259f66c5b 479e046780fe410b9faee29c0cb53b35 3218dc7862004758b6a8f5b0cc5d6ad5 - default default] Attributes excluded by policy engine: [u'shared'] _exclude_attributes_by_policy /usr/lib/python2.7/site-packages/neutron/pecan_wsgi/hooks/policy_enforcement.py:256
2018-06-27 00:26:01.490 30445 INFO neutron.wsgi [req-b524511e-4402-4e74-a6b6-09b259f66c5b 479e046780fe410b9faee29c0cb53b35 3218dc7862004758b6a8f5b0cc5d6ad5 - default default] 10.0.20.27 "GET /v2.0/subnets?id=95dee484-9c2d-4482-827f-6b2b0e924830 HTTP/1.1" status: 200  len: 847 time: 0.2404921
2018-06-27 00:26:01.656 30445 INFO neutron.wsgi [req-28ae708d-3459-4769-9f55-ef3f17f86ec6 479e046780fe410b9faee29c0cb53b35 3218dc7862004758b6a8f5b0cc5d6ad5 - default default] 10.0.20.27 "GET /v2.0/ports?network_id=7f03cf4c-4bf1-488a-b679-d924afde4df7&device_owner=network%3Adhcp HTTP/1.1" status: 200  len: 1128 time: 0.1575582
2018-06-27 00:26:01.661 30453 DEBUG neutron.api.rpc.handlers.l3_rpc [req-44821629-4b3e-48be-bbee-b720e2eb3b50 - - - - -] New status for floating IP 9c319e78-8bed-4ad2-af1d-c85feeb8e7e9: ACTIVE update_floatingip_statuses /usr/lib/python2.7/site-packages/neutron/api/rpc/handlers/l3_rpc.py:252
2018-06-27 00:26:02.107 30444 INFO neutron.wsgi [req-e293055a-28ec-45ef-8b60-3b58e10e6a54 479e046780fe410b9faee29c0cb53b35 3218dc7862004758b6a8f5b0cc5d6ad5 - default default] 10.0.20.27 "GET /v2.0/ports?device_id=ebe10d2c-c61f-48eb-a349-9ed6e23af6c5 HTTP/1.1" status: 200  len: 1124 time: 0.5777609
2018-06-27 00:26:02.236 30444 INFO neutron.wsgi [req-a44943b0-369e-49a6-8af8-43df635cac3a 479e046780fe410b9faee29c0cb53b35 3218dc7862004758b6a8f5b0cc5d6ad5 - default default] 10.0.20.27 "GET /v2.0/security-groups?id=b322f3ee-e3c0-48d6-88d3-77c2c2a23c0f HTTP/1.1" status: 200  len: 2118 time: 0.1213131
2018-06-27 00:26:02.243 30445 INFO neutron.wsgi [req-63b64d99-b51a-4ffb-a002-d8dadd79b185 479e046780fe410b9faee29c0cb53b35 3218dc7862004758b6a8f5b0cc5d6ad5 - default default] 10.0.20.27 "GET /v2.0/ports?tenant_id=bc0e7fed3645451cacc5e7bb974b5ad4&device_id=ebe10d2c-c61f-48eb-a349-9ed6e23af6c5 HTTP/1.1" status: 200  len: 1124 time: 0.6135740
2018-06-27 00:26:02.492 30445 DEBUG oslo_concurrency.lockutils [-] Lock "notifier-7a1c3e68-06d5-41d2-a827-3003448b33ee" released by "neutron.notifiers.batch_notifier.synced_send" :: held 2.211s inner /usr/lib/python2.7/site-packages/oslo_concurrency/lockutils.py:282
2018-06-27 00:26:02.517 30445 DEBUG neutron.pecan_wsgi.hooks.policy_enforcement [req-558e39ca-b44b-4238-89b6-28542031423c 479e046780fe410b9faee29c0cb53b35 3218dc7862004758b6a8f5b0cc5d6ad5 - default default] Attributes excluded by policy engine: [u'vlan_transparent'] _exclude_attributes_by_policy /usr/lib/python2.7/site-packages/neutron/pecan_wsgi/hooks/policy_enforcement.py:256
2018-06-27 00:26:02.522 30445 INFO neutron.wsgi [req-558e39ca-b44b-4238-89b6-28542031423c 479e046780fe410b9faee29c0cb53b35 3218dc7862004758b6a8f5b0cc5d6ad5 - default default] 10.0.20.27 "GET /v2.0/networks?id=7f03cf4c-4bf1-488a-b679-d924afde4df7 HTTP/1.1" status: 200  len: 885 time: 0.2718010
2018-06-27 00:26:02.575 30445 INFO neutron.wsgi [req-67adcc04-e7a8-46b3-bafa-b3d2c0f866bd 479e046780fe410b9faee29c0cb53b35 3218dc7862004758b6a8f5b0cc5d6ad5 - default default] 10.0.20.27 "GET /v2.0/floatingips?fixed_ip_address=11.188.1.9&port_id=3e9fd392-a615-415e-8870-70b286612619 HTTP/1.1" status: 200  len: 750 time: 0.0467482
2018-06-27 00:26:02.751 30445 DEBUG neutron.pecan_wsgi.hooks.policy_enforcement [req-b03929f7-11ce-4bb8-b8b1-ba85490ba3fd 479e046780fe410b9faee29c0cb53b35 3218dc7862004758b6a8f5b0cc5d6ad5 - default default] Attributes excluded by policy engine: [u'shared'] _exclude_attributes_by_policy /usr/lib/python2.7/site-packages/neutron/pecan_wsgi/hooks/policy_enforcement.py:256
2018-06-27 00:26:02.753 30445 INFO neutron.wsgi [req-b03929f7-11ce-4bb8-b8b1-ba85490ba3fd 479e046780fe410b9faee29c0cb53b35 3218dc7862004758b6a8f5b0cc5d6ad5 - default default] 10.0.20.27 "GET /v2.0/subnets?id=95dee484-9c2d-4482-827f-6b2b0e924830 HTTP/1.1" status: 200  len: 847 time: 0.1682839
2018-06-27 00:26:02.914 30445 INFO neutron.wsgi [req-a15b4907-af5d-4e56-a0a3-cada897f0897 479e046780fe410b9faee29c0cb53b35 3218dc7862004758b6a8f5b0cc5d6ad5 - default default] 10.0.20.27 "GET /v2.0/ports?network_id=7f03cf4c-4bf1-488a-b679-d924afde4df7&device_owner=network%3Adhcp HTTP/1.1" status: 200  len: 1128 time: 0.1528120
2018-06-27 00:26:04.328 30458 DEBUG neutron_lib.callbacks.manager [req-23ddb574-7ab7-44e2-a01a-cbde263e3ede - - - - -] Notify callbacks ['neutron.services.segments.db._update_segment_host_mapping_for_agent-8754092630834'] for agent, after_update _notify_loop /usr/lib/python2.7/site-packages/neutron_lib/callbacks/manager.py:167
2018-06-27 00:26:06.183 30456 DEBUG neutron_lib.callbacks.manager [req-8bbf5edd-cc53-4309-ae8e-9bc90d032461 - - - - -] Notify callbacks ['neutron.services.segments.db._update_segment_host_mapping_for_agent-8754092630834'] for agent, after_update _notify_loop /usr/lib/python2.7/site-packages/neutron_lib/callbacks/manager.py:167
2018-06-27 00:26:08.165 30443 INFO neutron.wsgi [req-570ae6e3-a8ca-4870-b6cc-ccbd5c317451 479e046780fe410b9faee29c0cb53b35 3218dc7862004758b6a8f5b0cc5d6ad5 - default default] 10.0.20.27 "GET /v2.0/ports?device_id=ebe10d2c-c61f-48eb-a349-9ed6e23af6c5 HTTP/1.1" status: 200  len: 1124 time: 0.6549282
2018-06-27 00:26:08.297 30443 INFO neutron.wsgi [req-4e25ca41-3c78-4064-a66a-60ebe78a6a68 479e046780fe410b9faee29c0cb53b35 3218dc7862004758b6a8f5b0cc5d6ad5 - default default] 10.0.20.27 "GET /v2.0/security-groups?id=b322f3ee-e3c0-48d6-88d3-77c2c2a23c0f HTTP/1.1" status: 200  len: 2118 time: 0.1240659
2018-06-27 00:26:15.132 30448 INFO neutron.wsgi [req-5273ee80-277d-44a5-8db9-3c3df8324c89 610c52fba3fc4a1d8d29eaed153e76cb bc0e7fed3645451cacc5e7bb974b5ad4 - e24285751d3a4f6295bac9abfe1e7204 e24285751d3a4f6295bac9abfe1e7204] 10.0.20.27 "GET /v2.0/ports?device_id=ebe10d2c-c61f-48eb-a349-9ed6e23af6c5 HTTP/1.1" status: 200  len: 1124 time: 0.7242160
2018-06-27 00:26:15.296 30448 INFO neutron.wsgi [req-23d6fe1a-4a95-4e27-858e-03dd4a1abc55 610c52fba3fc4a1d8d29eaed153e76cb bc0e7fed3645451cacc5e7bb974b5ad4 - e24285751d3a4f6295bac9abfe1e7204 e24285751d3a4f6295bac9abfe1e7204] 10.0.20.27 "GET /v2.0/security-groups?id=b322f3ee-e3c0-48d6-88d3-77c2c2a23c0f HTTP/1.1" status: 200  len: 2118 time: 0.1574371
2018-06-27 00:26:25.200 30461 DEBUG neutron.db.agents_db [req-3fd9ae71-5514-4863-a29e-cbb57c752294 - - - - -] Agent healthcheck: found 5 active agents agent_health_check /usr/lib/python2.7/site-packages/neutron/db/agents_db.py:281
2018-06-27 00:26:29.477 30451 DEBUG neutron_lib.callbacks.manager [req-59e26f75-4b65-4ec6-8334-ce28dc324bf8 - - - - -] Notify callbacks ['neutron.services.segments.db._update_segment_host_mapping_for_agent-8754092630834'] for agent, after_update _notify_loop /usr/lib/python2.7/site-packages/neutron_lib/callbacks/manager.py:167
2018-06-27 00:26:29.504 30452 DEBUG neutron_lib.callbacks.manager [req-9d06a2d0-e7ef-44b9-b3e1-c9a2ccaa77dd - - - - -] Notify callbacks ['neutron.services.segments.db._update_segment_host_mapping_for_agent-8754092630834'] for agent, after_update _notify_loop /usr/lib/python2.7/site-packages/neutron_lib/callbacks/manager.py:167
2018-06-27 00:26:29.682 30460 DEBUG neutron_lib.callbacks.manager [req-c8a02cc4-6c75-4f28-97a6-6a3c0272e6c7 - - - - -] Notify callbacks ['neutron.services.segments.db._update_segment_host_mapping_for_agent-8754092630834'] for agent, after_update _notify_loop /usr/lib/python2.7/site-packages/neutron_lib/callbacks/manager.py:167
2018-06-27 00:26:34.335 30455 DEBUG neutron_lib.callbacks.manager [req-23ddb574-7ab7-44e2-a01a-cbde263e3ede - - - - -] Notify callbacks ['neutron.services.segments.db._update_segment_host_mapping_for_agent-8754092630834'] for agent, after_update _notify_loop /usr/lib/python2.7/site-packages/neutron_lib/callbacks/manager.py:167
2018-06-27 00:26:36.193 30459 DEBUG neutron_lib.callbacks.manager [req-999e1ea7-0408-4768-8484-023a123c4d89 - - - - -] Notify callbacks ['neutron.services.segments.db._update_segment_host_mapping_for_agent-8754092630834'] for agent, after_update _notify_loop /usr/lib/python2.7/site-packages/neutron_lib/callbacks/manager.py:167
2018-06-27 00:26:37.110 30448 INFO neutron.wsgi [req-769653c0-c9cf-49fe-aeaa-9f0374da9fd0 610c52fba3fc4a1d8d29eaed153e76cb bc0e7fed3645451cacc5e7bb974b5ad4 - e24285751d3a4f6295bac9abfe1e7204 e24285751d3a4f6295bac9abfe1e7204] 10.0.20.27 "GET /v2.0/ports?device_id=ebe10d2c-c61f-48eb-a349-9ed6e23af6c5 HTTP/1.1" status: 200  len: 1124 time: 1.2953801
2018-06-27 00:26:37.264 30448 INFO neutron.wsgi [req-333cef53-0b39-41bd-98d3-6283a89d8732 610c52fba3fc4a1d8d29eaed153e76cb bc0e7fed3645451cacc5e7bb974b5ad4 - e24285751d3a4f6295bac9abfe1e7204 e24285751d3a4f6295bac9abfe1e7204] 10.0.20.27 "GET /v2.0/security-groups?id=b322f3ee-e3c0-48d6-88d3-77c2c2a23c0f HTTP/1.1" status: 200  len: 2118 time: 0.1470690
2018-06-27 00:26:52.117 30443 DEBUG neutron.wsgi [-] (30443) accepted ('10.0.20.27', 38484) server /usr/lib/python2.7/site-packages/eventlet/wsgi.py:883
2018-06-27 00:26:52.424 30443 WARNING keystonemiddleware.auth_token [-] A valid token was submitted as a service token, but it was not a valid service token. This is incorrect but backwards compatible behaviour. This will be removed in future releases.
2018-06-27 00:26:53.101 30443 INFO neutron.wsgi [req-ee53b64e-be44-47e2-830f-a15dfb50de82 610c52fba3fc4a1d8d29eaed153e76cb bc0e7fed3645451cacc5e7bb974b5ad4 - e24285751d3a4f6295bac9abfe1e7204 e24285751d3a4f6295bac9abfe1e7204] 10.0.20.27 "GET /v2.0/ports?device_id=ebe10d2c-c61f-48eb-a349-9ed6e23af6c5 HTTP/1.1" status: 200  len: 1124 time: 0.9817851
2018-06-27 00:26:53.273 30443 INFO neutron.wsgi [req-2e41fbed-6f81-4197-80a0-73a88f0c276e 610c52fba3fc4a1d8d29eaed153e76cb bc0e7fed3645451cacc5e7bb974b5ad4 - e24285751d3a4f6295bac9abfe1e7204 e24285751d3a4f6295bac9abfe1e7204] 10.0.20.27 "GET /v2.0/security-groups?id=b322f3ee-e3c0-48d6-88d3-77c2c2a23c0f HTTP/1.1" status: 200  len: 2118 time: 0.1409602
2018-06-27 00:26:54.809 30445 INFO neutron.wsgi [req-bb8ece37-a6c4-4916-8754-24cbe2c9b4f2 479e046780fe410b9faee29c0cb53b35 3218dc7862004758b6a8f5b0cc5d6ad5 - default default] 10.0.20.27 "GET /v2.0/ports?tenant_id=bc0e7fed3645451cacc5e7bb974b5ad4&device_id=ebe10d2c-c61f-48eb-a349-9ed6e23af6c5 HTTP/1.1" status: 200  len: 1124 time: 0.1561029
2018-06-27 00:26:55.337 30445 DEBUG neutron.pecan_wsgi.hooks.policy_enforcement [req-e3b6f680-c6d3-488c-bc0a-086c406431a4 479e046780fe410b9faee29c0cb53b35 3218dc7862004758b6a8f5b0cc5d6ad5 - default default] Attributes excluded by policy engine: [u'vlan_transparent'] _exclude_attributes_by_policy /usr/lib/python2.7/site-packages/neutron/pecan_wsgi/hooks/policy_enforcement.py:256
2018-06-27 00:26:55.342 30445 INFO neutron.wsgi [req-e3b6f680-c6d3-488c-bc0a-086c406431a4 479e046780fe410b9faee29c0cb53b35 3218dc7862004758b6a8f5b0cc5d6ad5 - default default] 10.0.20.27 "GET /v2.0/networks?id=7f03cf4c-4bf1-488a-b679-d924afde4df7 HTTP/1.1" status: 200  len: 885 time: 0.5242920
2018-06-27 00:26:55.396 30445 INFO neutron.wsgi [req-7a42f73f-c315-428d-b743-00027283c39a 479e046780fe410b9faee29c0cb53b35 3218dc7862004758b6a8f5b0cc5d6ad5 - default default] 10.0.20.27 "GET /v2.0/floatingips?fixed_ip_address=11.188.1.9&port_id=3e9fd392-a615-415e-8870-70b286612619 HTTP/1.1" status: 200  len: 750 time: 0.0470710
2018-06-27 00:26:55.570 30445 DEBUG neutron.pecan_wsgi.hooks.policy_enforcement [req-ed059958-64f1-40e4-acf6-bfb0f5204ab1 479e046780fe410b9faee29c0cb53b35 3218dc7862004758b6a8f5b0cc5d6ad5 - default default] Attributes excluded by policy engine: [u'shared'] _exclude_attributes_by_policy /usr/lib/python2.7/site-packages/neutron/pecan_wsgi/hooks/policy_enforcement.py:256
2018-06-27 00:26:55.573 30445 INFO neutron.wsgi [req-ed059958-64f1-40e4-acf6-bfb0f5204ab1 479e046780fe410b9faee29c0cb53b35 3218dc7862004758b6a8f5b0cc5d6ad5 - default default] 10.0.20.27 "GET /v2.0/subnets?id=95dee484-9c2d-4482-827f-6b2b0e924830 HTTP/1.1" status: 200  len: 847 time: 0.1677530
2018-06-27 00:26:55.752 30445 INFO neutron.wsgi [req-11b278c3-5b49-4b28-950c-a97f356f96ab 479e046780fe410b9faee29c0cb53b35 3218dc7862004758b6a8f5b0cc5d6ad5 - default default] 10.0.20.27 "GET /v2.0/ports?network_id=7f03cf4c-4bf1-488a-b679-d924afde4df7&device_owner=network%3Adhcp HTTP/1.1" status: 200  len: 1128 time: 0.1652250
2018-06-27 00:26:59.477 30454 DEBUG neutron_lib.callbacks.manager [req-4a882ed0-e894-4cfd-99ff-fde453521173 - - - - -] Notify callbacks ['neutron.services.segments.db._update_segment_host_mapping_for_agent-8754092630834'] for agent, after_update _notify_loop /usr/lib/python2.7/site-packages/neutron_lib/callbacks/manager.py:167
2018-06-27 00:26:59.507 30453 DEBUG neutron_lib.callbacks.manager [req-9d06a2d0-e7ef-44b9-b3e1-c9a2ccaa77dd - - - - -] Notify callbacks ['neutron.services.segments.db._update_segment_host_mapping_for_agent-8754092630834'] for agent, after_update _notify_loop /usr/lib/python2.7/site-packages/neutron_lib/callbacks/manager.py:167
2018-06-27 00:26:59.682 30458 DEBUG neutron_lib.callbacks.manager [req-c8a02cc4-6c75-4f28-97a6-6a3c0272e6c7 - - - - -] Notify callbacks ['neutron.services.segments.db._update_segment_host_mapping_for_agent-8754092630834'] for agent, after_update _notify_loop /usr/lib/python2.7/site-packages/neutron_lib/callbacks/manager.py:167
2018-06-27 00:27:02.205 30461 DEBUG neutron.db.agents_db [req-3fd9ae71-5514-4863-a29e-cbb57c752294 - - - - -] Agent healthcheck: found 5 active agents agent_health_check /usr/lib/python2.7/site-packages/neutron/db/agents_db.py:281
2018-06-27 00:27:04.335 30456 DEBUG neutron_lib.callbacks.manager [req-23ddb574-7ab7-44e2-a01a-cbde263e3ede - - - - -] Notify callbacks ['neutron.services.segments.db._update_segment_host_mapping_for_agent-8754092630834'] for agent, after_update _notify_loop /usr/lib/python2.7/site-packages/neutron_lib/callbacks/manager.py:167
2018-06-27 00:27:06.173 30451 DEBUG neutron_lib.callbacks.manager [req-f7ae4e7e-c397-4f08-a49f-92c7a7535bc0 - - - - -] Notify callbacks ['neutron.services.segments.db._update_segment_host_mapping_for_agent-8754092630834'] for agent, after_update _notify_loop /usr/lib/python2.7/site-packages/neutron_lib/callbacks/manager.py:167
2018-06-27 00:27:09.780 30448 INFO neutron.wsgi [req-209802a5-5c63-44fe-8af2-2577a1ab25b3 610c52fba3fc4a1d8d29eaed153e76cb bc0e7fed3645451cacc5e7bb974b5ad4 - e24285751d3a4f6295bac9abfe1e7204 e24285751d3a4f6295bac9abfe1e7204] 10.0.20.27 "GET /v2.0/ports?device_id=ebe10d2c-c61f-48eb-a349-9ed6e23af6c5 HTTP/1.1" status: 200  len: 1124 time: 0.9162030
2018-06-27 00:27:09.957 30448 INFO neutron.wsgi [req-7cd367fc-5f76-4d42-9c59-4358637f322b 610c52fba3fc4a1d8d29eaed153e76cb bc0e7fed3645451cacc5e7bb974b5ad4 - e24285751d3a4f6295bac9abfe1e7204 e24285751d3a4f6295bac9abfe1e7204] 10.0.20.27 "GET /v2.0/security-groups?id=b322f3ee-e3c0-48d6-88d3-77c2c2a23c0f HTTP/1.1" status: 200  len: 2118 time: 0.1689250
2018-06-27 00:27:20.214 30448 INFO neutron.wsgi [req-87c65a15-10f3-43d6-babf-2fe7c0051412 610c52fba3fc4a1d8d29eaed153e76cb bc0e7fed3645451cacc5e7bb974b5ad4 - e24285751d3a4f6295bac9abfe1e7204 e24285751d3a4f6295bac9abfe1e7204] 10.0.20.27 "GET /v2.0/ports?device_id=ebe10d2c-c61f-48eb-a349-9ed6e23af6c5 HTTP/1.1" status: 200  len: 1124 time: 0.8141811
2018-06-27 00:27:20.428 30448 INFO neutron.wsgi [req-41c167a9-b5eb-49ed-a77a-ad54bb1c1b49 610c52fba3fc4a1d8d29eaed153e76cb bc0e7fed3645451cacc5e7bb974b5ad4 - e24285751d3a4f6295bac9abfe1e7204 e24285751d3a4f6295bac9abfe1e7204] 10.0.20.27 "GET /v2.0/security-groups?id=b322f3ee-e3c0-48d6-88d3-77c2c2a23c0f HTTP/1.1" status: 200  len: 2118 time: 0.2063341
2018-06-27 00:27:29.478 30452 DEBUG neutron_lib.callbacks.manager [req-7711a4b6-e612-41b1-91fa-2cab6d32b170 - - - - -] Notify callbacks ['neutron.services.segments.db._update_segment_host_mapping_for_agent-8754092630834'] for agent, after_update _notify_loop /usr/lib/python2.7/site-packages/neutron_lib/callbacks/manager.py:167
2018-06-27 00:27:29.503 30460 DEBUG neutron_lib.callbacks.manager [req-9d06a2d0-e7ef-44b9-b3e1-c9a2ccaa77dd - - - - -] Notify callbacks ['neutron.services.segments.db._update_segment_host_mapping_for_agent-8754092630834'] for agent, after_update _notify_loop /usr/lib/python2.7/site-packages/neutron_lib/callbacks/manager.py:167
2018-06-27 00:27:29.687 30455 DEBUG neutron_lib.callbacks.manager [req-c8a02cc4-6c75-4f28-97a6-6a3c0272e6c7 - - - - -] Notify callbacks ['neutron.services.segments.db._update_segment_host_mapping_for_agent-8754092630834'] for agent, after_update _notify_loop /usr/lib/python2.7/site-packages/neutron_lib/callbacks/manager.py:167
2018-06-27 00:27:33.329 30448 INFO neutron.wsgi [req-6c252b1a-2eed-4546-aa1e-174943444db0 610c52fba3fc4a1d8d29eaed153e76cb bc0e7fed3645451cacc5e7bb974b5ad4 - e24285751d3a4f6295bac9abfe1e7204 e24285751d3a4f6295bac9abfe1e7204] 10.0.20.27 "GET /v2.0/ports?device_id=ebe10d2c-c61f-48eb-a349-9ed6e23af6c5 HTTP/1.1" status: 200  len: 1124 time: 0.7239971
2018-06-27 00:27:33.441 30448 INFO neutron.wsgi [req-196ec52a-ba18-415c-97e2-c09c0a35855c 610c52fba3fc4a1d8d29eaed153e76cb bc0e7fed3645451cacc5e7bb974b5ad4 - e24285751d3a4f6295bac9abfe1e7204 e24285751d3a4f6295bac9abfe1e7204] 10.0.20.27 "GET /v2.0/security-groups?id=b322f3ee-e3c0-48d6-88d3-77c2c2a23c0f HTTP/1.1" status: 200  len: 2118 time: 0.0999279
2018-06-27 00:27:34.327 30459 DEBUG neutron_lib.callbacks.manager [req-23ddb574-7ab7-44e2-a01a-cbde263e3ede - - - - -] Notify callbacks ['neutron.services.segments.db._update_segment_host_mapping_for_agent-8754092630834'] for agent, after_update _notify_loop /usr/lib/python2.7/site-packages/neutron_lib/callbacks/manager.py:167
2018-06-27 00:27:36.181 30454 DEBUG neutron_lib.callbacks.manager [req-c1df9dde-a9a2-4579-a774-c8d4ee5b1f4c - - - - -] Notify callbacks ['neutron.services.segments.db._update_segment_host_mapping_for_agent-8754092630834'] for agent, after_update _notify_loop /usr/lib/python2.7/site-packages/neutron_lib/callbacks/manager.py:167
2018-06-27 00:27:39.190 30461 DEBUG neutron.db.agents_db [req-3fd9ae71-5514-4863-a29e-cbb57c752294 - - - - -] Agent healthcheck: found 5 active agents agent_health_check /usr/lib/python2.7/site-packages/neutron/db/agents_db.py:281
2018-06-27 00:27:46.400 30448 INFO neutron.wsgi [req-3f4011f1-7f76-4882-95b0-5d23fd6822f9 610c52fba3fc4a1d8d29eaed153e76cb bc0e7fed3645451cacc5e7bb974b5ad4 - e24285751d3a4f6295bac9abfe1e7204 e24285751d3a4f6295bac9abfe1e7204] 10.0.20.27 "GET /v2.0/ports?device_id=ebe10d2c-c61f-48eb-a349-9ed6e23af6c5 HTTP/1.1" status: 200  len: 1124 time: 0.7128091
2018-06-27 00:27:46.544 30448 INFO neutron.wsgi [req-230e210e-c0fe-4107-bcce-616db7997a21 610c52fba3fc4a1d8d29eaed153e76cb bc0e7fed3645451cacc5e7bb974b5ad4 - e24285751d3a4f6295bac9abfe1e7204 e24285751d3a4f6295bac9abfe1e7204] 10.0.20.27 "GET /v2.0/security-groups?id=b322f3ee-e3c0-48d6-88d3-77c2c2a23c0f HTTP/1.1" status: 200  len: 2118 time: 0.1363311
2018-06-27 00:27:54.876 30445 INFO neutron.wsgi [req-1b2352d7-7212-4cd4-a728-93eff56c3ebf 479e046780fe410b9faee29c0cb53b35 3218dc7862004758b6a8f5b0cc5d6ad5 - default default] 10.0.20.27 "GET /v2.0/ports?tenant_id=bc0e7fed3645451cacc5e7bb974b5ad4&device_id=ebe10d2c-c61f-48eb-a349-9ed6e23af6c5 HTTP/1.1" status: 200  len: 1124 time: 0.1418982
2018-06-27 00:27:55.157 30445 DEBUG neutron.pecan_wsgi.hooks.policy_enforcement [req-0f0a5a5f-4524-44b9-a38d-fadd55548863 479e046780fe410b9faee29c0cb53b35 3218dc7862004758b6a8f5b0cc5d6ad5 - default default] Attributes excluded by policy engine: [u'vlan_transparent'] _exclude_attributes_by_policy /usr/lib/python2.7/site-packages/neutron/pecan_wsgi/hooks/policy_enforcement.py:256
2018-06-27 00:27:55.160 30445 INFO neutron.wsgi [req-0f0a5a5f-4524-44b9-a38d-fadd55548863 479e046780fe410b9faee29c0cb53b35 3218dc7862004758b6a8f5b0cc5d6ad5 - default default] 10.0.20.27 "GET /v2.0/networks?id=7f03cf4c-4bf1-488a-b679-d924afde4df7 HTTP/1.1" status: 200  len: 885 time: 0.2763979
2018-06-27 00:27:55.210 30445 INFO neutron.wsgi [req-b504047f-e2f4-4723-88df-06474b5b186b 479e046780fe410b9faee29c0cb53b35 3218dc7862004758b6a8f5b0cc5d6ad5 - default default] 10.0.20.27 "GET /v2.0/floatingips?fixed_ip_address=11.188.1.9&port_id=3e9fd392-a615-415e-8870-70b286612619 HTTP/1.1" status: 200  len: 750 time: 0.0410368
2018-06-27 00:27:55.379 30445 DEBUG neutron.pecan_wsgi.hooks.policy_enforcement [req-b8911aca-5241-40ef-9bd4-870c98d60521 479e046780fe410b9faee29c0cb53b35 3218dc7862004758b6a8f5b0cc5d6ad5 - default default] Attributes excluded by policy engine: [u'shared'] _exclude_attributes_by_policy /usr/lib/python2.7/site-packages/neutron/pecan_wsgi/hooks/policy_enforcement.py:256
2018-06-27 00:27:55.382 30445 INFO neutron.wsgi [req-b8911aca-5241-40ef-9bd4-870c98d60521 479e046780fe410b9faee29c0cb53b35 3218dc7862004758b6a8f5b0cc5d6ad5 - default default] 10.0.20.27 "GET /v2.0/subnets?id=95dee484-9c2d-4482-827f-6b2b0e924830 HTTP/1.1" status: 200  len: 847 time: 0.1639712
2018-06-27 00:27:55.530 30445 INFO neutron.wsgi [req-3ac79407-b181-48f7-9826-3e20ef809635 479e046780fe410b9faee29c0cb53b35 3218dc7862004758b6a8f5b0cc5d6ad5 - default default] 10.0.20.27 "GET /v2.0/ports?network_id=7f03cf4c-4bf1-488a-b679-d924afde4df7&device_owner=network%3Adhcp HTTP/1.1" status: 200  len: 1128 time: 0.1394942
2018-06-27 00:27:59.481 30453 DEBUG neutron_lib.callbacks.manager [req-9c2e1b7e-4e8d-4e1b-8391-b0bc18829a0e - - - - -] Notify callbacks ['neutron.services.segments.db._update_segment_host_mapping_for_agent-8754092630834'] for agent, after_update _notify_loop /usr/lib/python2.7/site-packages/neutron_lib/callbacks/manager.py:167
