2018-09-13 18:06:07.943 20979 INFO neutron.wsgi [req-bc8f9cdd-832a-4d78-9e51-f6dcdb2768d4 0509a4af4ae04f458ff6255b643a48c1 a6274edd06114a55b9dc116852780190 - default default] 10.0.20.24 "GET /v2.0/ports?device_id=ad40ada3-cbef-4068-93c8-e895ab10a0c8 HTTP/1.1" status: 200  len: 1122 time: 0.7248120
2018-09-13 18:06:08.137 20979 INFO neutron.wsgi [req-3a2b80da-b2d0-42af-862c-c6cf44f7dd3c 0509a4af4ae04f458ff6255b643a48c1 a6274edd06114a55b9dc116852780190 - default default] 10.0.20.24 "GET /v2.0/security-groups?id=7eb83bec-e045-4c22-adaf-92dbe3a20c4c HTTP/1.1" status: 200  len: 2118 time: 0.1846039
2018-09-13 18:06:08.449 20984 DEBUG neutron_lib.callbacks.manager [req-ab660a93-1d5c-4d67-8cf7-b386c6e70108 - - - - -] Notify callbacks ['neutron.plugins.ml2.plugin.Ml2Plugin._ensure_default_security_group_handler--9223372036850630393'] for port, before_update _notify_loop /usr/lib/python2.7/site-packages/neutron_lib/callbacks/manager.py:167
2018-09-13 18:06:08.562 20982 DEBUG novaclient.v2.client [-] RESP: [200] Content-Length: 185 Content-Type: application/json Openstack-Api-Version: compute 2.1 X-Openstack-Nova-Api-Version: 2.1 Vary: OpenStack-API-Version, X-OpenStack-Nova-API-Version X-Openstack-Request-Id: req-180b68f8-312f-474f-aaad-06e747fb4126 X-Compute-Request-Id: req-180b68f8-312f-474f-aaad-06e747fb4126 Date: Thu, 13 Sep 2018 22:06:08 GMT Connection: keep-alive 
RESP BODY: {"events": [{"status": "completed", "tag": "1d032da5-083e-4398-8bfe-b4a8dd89c124", "name": "network-vif-unplugged", "server_uuid": "ad40ada3-cbef-4068-93c8-e895ab10a0c8", "code": 200}]}
 _http_log_response /usr/lib/python2.7/site-packages/keystoneauth1/session.py:423
2018-09-13 18:06:08.564 20982 DEBUG novaclient.v2.client [-] POST call to compute for http://10.0.20.24:8774/v2.1/a6274edd06114a55b9dc116852780190/os-server-external-events used request id req-180b68f8-312f-474f-aaad-06e747fb4126 request /usr/lib/python2.7/site-packages/keystoneauth1/session.py:727
2018-09-13 18:06:08.579 20982 INFO neutron.notifiers.nova [-] Nova event response: {u'status': u'completed', u'tag': u'1d032da5-083e-4398-8bfe-b4a8dd89c124', u'name': u'network-vif-unplugged', u'server_uuid': u'ad40ada3-cbef-4068-93c8-e895ab10a0c8', u'code': 200}
2018-09-13 18:06:08.581 20984 DEBUG oslo_concurrency.lockutils [-] Lock "notifier-642abad9-4971-4901-901f-302f257cfb03" acquired by "neutron.notifiers.batch_notifier.synced_send" :: waited 0.000s inner /usr/lib/python2.7/site-packages/oslo_concurrency/lockutils.py:270
2018-09-13 18:06:08.582 20984 DEBUG neutron.notifiers.nova [-] Sending events: [{'status': 'completed', 'tag': u'1d032da5-083e-4398-8bfe-b4a8dd89c124', 'name': 'network-vif-plugged', 'server_uuid': u'ad40ada3-cbef-4068-93c8-e895ab10a0c8'}] send_events /usr/lib/python2.7/site-packages/neutron/notifiers/nova.py:242
2018-09-13 18:06:08.598 20984 DEBUG neutron.plugins.ml2.db [req-ab660a93-1d5c-4d67-8cf7-b386c6e70108 - - - - -] For port 1d032da5-083e-4398-8bfe-b4a8dd89c124, host localhost.localdomain, got binding levels [<neutron.plugins.ml2.models.PortBindingLevel[object at 7f7f5c4714d0] {port_id=u'1d032da5-083e-4398-8bfe-b4a8dd89c124', host=u'localhost.localdomain', level=0, driver=u'openvswitch', segment_id=u'61e80ad9-839b-4ec9-9ec9-320c9df74c21'}>] get_binding_levels /usr/lib/python2.7/site-packages/neutron/plugins/ml2/db.py:106
2018-09-13 18:06:08.628 20984 DEBUG neutron_lib.callbacks.manager [req-ab660a93-1d5c-4d67-8cf7-b386c6e70108 - - - - -] Notify callbacks ['neutron.api.rpc.agentnotifiers.dhcp_rpc_agent_api.DhcpAgentNotifyAPI._native_event_send_dhcp_notification--9223372036853976658', 'neutron.db.l3_dvrscheduler_db._notify_l3_agent_port_update-8761562409763', 'neutron.db.l3_hascheduler_db._notify_l3_agent_ha_port_update-8761562409838', 'neutron.plugins.ml2.plugin.Ml2Plugin.notify_sg_on_port_change--9223372036850629920', 'neutron.plugins.ml2.ovo_rpc._ObjectChangeHandler.handle_event-589173'] for port, after_update _notify_loop /usr/lib/python2.7/site-packages/neutron_lib/callbacks/manager.py:167
2018-09-13 18:06:08.977 20984 DEBUG oslo_concurrency.lockutils [-] Lock "event-dispatch" acquired by "neutron.plugins.ml2.ovo_rpc.dispatch_events" :: waited 0.000s inner /usr/lib/python2.7/site-packages/oslo_concurrency/lockutils.py:270
2018-09-13 18:06:09.129 20984 DEBUG neutron.api.rpc.handlers.resources_rpc [req-ab660a93-1d5c-4d67-8cf7-b386c6e70108 - - - - -] neutron.api.rpc.handlers.resources_rpc.ResourcesPushRpcApi method push called with arguments (<neutron_lib.context.Context object at 0x7f7f5c2de8d0>, [Port(admin_state_up=True,allowed_address_pairs=[],binding=PortBinding,binding_levels=[PortBindingLevel],created_at=2018-09-13T22:02:11Z,data_plane_status=<?>,description='',device_id='ad40ada3-cbef-4068-93c8-e895ab10a0c8',device_owner='compute:nova',dhcp_options=[],distributed_binding=None,dns=None,fixed_ips=[IPAllocation],id=1d032da5-083e-4398-8bfe-b4a8dd89c124,mac_address=fa:16:3e:7d:4f:e9,name='',network_id=f36d6ab7-4c78-4171-a5b6-4a16a1768e4a,project_id='74779345672c44d2a1b268c36f83c926',qos_policy_id=None,revision_number=8,security=PortSecurity(1d032da5-083e-4398-8bfe-b4a8dd89c124),security_group_ids=set([7eb83bec-e045-4c22-adaf-92dbe3a20c4c]),status='ACTIVE',updated_at=2018-09-13T22:06:08Z)], 'updated') {} wrapper /usr/lib/python2.7/site-packages/oslo_log/helpers.py:66
2018-09-13 18:06:09.146 20984 DEBUG neutron.api.rpc.callbacks.version_manager [req-ab660a93-1d5c-4d67-8cf7-b386c6e70108 - - - - -] Version for resource type Subnet changed None to 1.0 on consumer Open vSwitch agent@localhost.localdomain _set_version /usr/lib/python2.7/site-packages/neutron/api/rpc/callbacks/version_manager.py:119
2018-09-13 18:06:09.147 20984 DEBUG neutron.api.rpc.callbacks.version_manager [req-ab660a93-1d5c-4d67-8cf7-b386c6e70108 - - - - -] Version for resource type Network changed None to 1.0 on consumer Open vSwitch agent@localhost.localdomain _set_version /usr/lib/python2.7/site-packages/neutron/api/rpc/callbacks/version_manager.py:119
2018-09-13 18:06:09.148 20984 DEBUG neutron.api.rpc.callbacks.version_manager [req-ab660a93-1d5c-4d67-8cf7-b386c6e70108 - - - - -] Version for resource type SubPort changed None to 1.0 on consumer Open vSwitch agent@localhost.localdomain _set_version /usr/lib/python2.7/site-packages/neutron/api/rpc/callbacks/version_manager.py:119
2018-09-13 18:06:09.149 20984 DEBUG neutron.api.rpc.callbacks.version_manager [req-ab660a93-1d5c-4d67-8cf7-b386c6e70108 - - - - -] Version for resource type SecurityGroup changed None to 1.0 on consumer Open vSwitch agent@localhost.localdomain _set_version /usr/lib/python2.7/site-packages/neutron/api/rpc/callbacks/version_manager.py:119
2018-09-13 18:06:09.149 20984 DEBUG neutron.api.rpc.callbacks.version_manager [req-ab660a93-1d5c-4d67-8cf7-b386c6e70108 - - - - -] Version for resource type SecurityGroupRule changed None to 1.0 on consumer Open vSwitch agent@localhost.localdomain _set_version /usr/lib/python2.7/site-packages/neutron/api/rpc/callbacks/version_manager.py:119
2018-09-13 18:06:09.150 20984 DEBUG neutron.api.rpc.callbacks.version_manager [req-ab660a93-1d5c-4d67-8cf7-b386c6e70108 - - - - -] Version for resource type Trunk changed None to 1.1 on consumer Open vSwitch agent@localhost.localdomain _set_version /usr/lib/python2.7/site-packages/neutron/api/rpc/callbacks/version_manager.py:119
2018-09-13 18:06:09.151 20984 DEBUG neutron.api.rpc.callbacks.version_manager [req-ab660a93-1d5c-4d67-8cf7-b386c6e70108 - - - - -] Version for resource type QosPolicy changed None to 1.6 on consumer Open vSwitch agent@localhost.localdomain _set_version /usr/lib/python2.7/site-packages/neutron/api/rpc/callbacks/version_manager.py:119
2018-09-13 18:06:09.152 20984 DEBUG neutron.api.rpc.callbacks.version_manager [req-ab660a93-1d5c-4d67-8cf7-b386c6e70108 - - - - -] Version for resource type Port changed None to 1.1 on consumer Open vSwitch agent@localhost.localdomain _set_version /usr/lib/python2.7/site-packages/neutron/api/rpc/callbacks/version_manager.py:119
2018-09-13 18:06:09.152 20984 DEBUG neutron.api.rpc.callbacks.version_manager [req-ab660a93-1d5c-4d67-8cf7-b386c6e70108 - - - - -] Version for resource type Log changed None to 1.0 on consumer Open vSwitch agent@localhost.localdomain _set_version /usr/lib/python2.7/site-packages/neutron/api/rpc/callbacks/version_manager.py:119
2018-09-13 18:06:09.154 20984 DEBUG neutron.api.rpc.callbacks.version_manager [req-ab660a93-1d5c-4d67-8cf7-b386c6e70108 - - - - -] Tracked resource versions report:
pushed versions:
{   'Log': set(['1.0']),
    'Network': set(['1.0']),
    'Port': set(['1.1']),
    'QosPolicy': set(['1.6']),
    'SecurityGroup': set(['1.0']),
    'SecurityGroupRule': set(['1.0']),
    'SubPort': set(['1.0']),
    'Subnet': set(['1.0']),
    'Trunk': set(['1.1'])}

consumer versions:
{   DHCP agent@localhost.localdomain: {   },
    L3 agent@localhost.localdomain: {   },
    Metadata agent@localhost.localdomain: {   },
    Metering agent@localhost.localdomain: {   },
    Open vSwitch agent@localhost.localdomain: {   u'Log': u'1.0',
                                                  u'Network': u'1.0',
                                                  u'Port': u'1.1',
                                                  u'QosPolicy': u'1.6',
                                                  u'SecurityGroup': u'1.0',
                                                  u'SecurityGroupRule': u'1.0',
                                                  u'SubPort': u'1.0',
                                                  u'Subnet': u'1.0',
                                                  u'Trunk': u'1.1'}}
 report /usr/lib/python2.7/site-packages/neutron/api/rpc/callbacks/version_manager.py:178
2018-09-13 18:06:09.167 20980 DEBUG neutron.wsgi [-] (20980) accepted ('10.0.20.24', 41346) server /usr/lib/python2.7/site-packages/eventlet/wsgi.py:883
2018-09-13 18:06:09.184 20984 DEBUG oslo_concurrency.lockutils [req-ab660a93-1d5c-4d67-8cf7-b386c6e70108 - - - - -] Lock "event-dispatch" released by "neutron.plugins.ml2.ovo_rpc.dispatch_events" :: held 0.207s inner /usr/lib/python2.7/site-packages/oslo_concurrency/lockutils.py:282
2018-09-13 18:06:09.688 20984 DEBUG novaclient.v2.client [-] REQ: curl -g -i -X POST http://10.0.20.24:8774/v2.1/a6274edd06114a55b9dc116852780190/os-server-external-events -H "User-Agent: python-novaclient" -H "Content-Type: application/json" -H "Accept: application/json" -H "X-OpenStack-Nova-API-Version: 2.1" -H "X-Auth-Token: {SHA1}248c2f4b4e9180de25e8a42c24f3bf9004e0e20f" -d '{"events": [{"status": "completed", "tag": "1d032da5-083e-4398-8bfe-b4a8dd89c124", "name": "network-vif-plugged", "server_uuid": "ad40ada3-cbef-4068-93c8-e895ab10a0c8"}]}' _http_log_request /usr/lib/python2.7/site-packages/keystoneauth1/session.py:375
2018-09-13 18:06:09.698 20985 DEBUG neutron.plugins.ml2.rpc [req-ab660a93-1d5c-4d67-8cf7-b386c6e70108 - - - - -] Device 1d032da5-083e-4398-8bfe-b4a8dd89c124 up at agent ovs-agent-localhost.localdomain update_device_up /usr/lib/python2.7/site-packages/neutron/plugins/ml2/rpc.py:244
2018-09-13 18:06:09.857 20985 DEBUG neutron.db.provisioning_blocks [req-ab660a93-1d5c-4d67-8cf7-b386c6e70108 - - - - -] Provisioning complete for port 1d032da5-083e-4398-8bfe-b4a8dd89c124 triggered by entity L2. provisioning_complete /usr/lib/python2.7/site-packages/neutron/db/provisioning_blocks.py:138
2018-09-13 18:06:09.858 20985 DEBUG neutron_lib.callbacks.manager [req-ab660a93-1d5c-4d67-8cf7-b386c6e70108 - - - - -] Notify callbacks ['neutron.plugins.ml2.plugin.Ml2Plugin._port_provisioned--9223372036851352554'] for port, provisioning_complete _notify_loop /usr/lib/python2.7/site-packages/neutron_lib/callbacks/manager.py:167
2018-09-13 18:06:10.392 20994 DEBUG neutron.db.agents_db [req-8389fef3-0f2b-4e67-8bc2-8357d24162a2 - - - - -] Agent healthcheck: found 5 active agents agent_health_check /usr/lib/python2.7/site-packages/neutron/db/agents_db.py:281
2018-09-13 18:06:10.411 20984 DEBUG novaclient.v2.client [-] RESP: [200] Content-Length: 183 Content-Type: application/json Openstack-Api-Version: compute 2.1 X-Openstack-Nova-Api-Version: 2.1 Vary: OpenStack-API-Version, X-OpenStack-Nova-API-Version X-Openstack-Request-Id: req-e43c924e-b0f8-4a2d-aa0e-944d1373a4c0 X-Compute-Request-Id: req-e43c924e-b0f8-4a2d-aa0e-944d1373a4c0 Date: Thu, 13 Sep 2018 22:06:10 GMT Connection: keep-alive 
RESP BODY: {"events": [{"status": "completed", "tag": "1d032da5-083e-4398-8bfe-b4a8dd89c124", "name": "network-vif-plugged", "server_uuid": "ad40ada3-cbef-4068-93c8-e895ab10a0c8", "code": 200}]}
 _http_log_response /usr/lib/python2.7/site-packages/keystoneauth1/session.py:423
2018-09-13 18:06:10.412 20984 DEBUG novaclient.v2.client [-] POST call to compute for http://10.0.20.24:8774/v2.1/a6274edd06114a55b9dc116852780190/os-server-external-events used request id req-e43c924e-b0f8-4a2d-aa0e-944d1373a4c0 request /usr/lib/python2.7/site-packages/keystoneauth1/session.py:727
2018-09-13 18:06:10.431 20984 INFO neutron.notifiers.nova [-] Nova event response: {u'status': u'completed', u'tag': u'1d032da5-083e-4398-8bfe-b4a8dd89c124', u'name': u'network-vif-plugged', u'server_uuid': u'ad40ada3-cbef-4068-93c8-e895ab10a0c8', u'code': 200}
2018-09-13 18:06:10.581 20982 DEBUG oslo_concurrency.lockutils [-] Lock "notifier-642abad9-4971-4901-901f-302f257cfb03" released by "neutron.notifiers.batch_notifier.synced_send" :: held 6.738s inner /usr/lib/python2.7/site-packages/oslo_concurrency/lockutils.py:282
2018-09-13 18:06:10.759 20980 INFO neutron.wsgi [req-3ccd44a1-2754-4df5-a336-245b15711c90 6a34cf5629cc4d0b8f56319b908d71fc 74779345672c44d2a1b268c36f83c926 - fa4582d592d64110ab45fee858027c1c fa4582d592d64110ab45fee858027c1c] 10.0.20.24 "GET /v2.0/ports?device_id=ad40ada3-cbef-4068-93c8-e895ab10a0c8 HTTP/1.1" status: 200  len: 1124 time: 1.5901430
2018-09-13 18:06:10.890 20980 INFO neutron.wsgi [req-325157cb-7791-44ec-a562-64707f05ac15 6a34cf5629cc4d0b8f56319b908d71fc 74779345672c44d2a1b268c36f83c926 - fa4582d592d64110ab45fee858027c1c fa4582d592d64110ab45fee858027c1c] 10.0.20.24 "GET /v2.0/security-groups?id=7eb83bec-e045-4c22-adaf-92dbe3a20c4c HTTP/1.1" status: 200  len: 2118 time: 0.1239831
2018-09-13 18:06:12.433 20984 DEBUG oslo_concurrency.lockutils [-] Lock "notifier-642abad9-4971-4901-901f-302f257cfb03" released by "neutron.notifiers.batch_notifier.synced_send" :: held 3.852s inner /usr/lib/python2.7/site-packages/oslo_concurrency/lockutils.py:282
2018-09-13 18:06:13.771 20990 DEBUG neutron_lib.callbacks.manager [req-5c09157c-42e8-4e50-832b-58697d61697e - - - - -] Notify callbacks ['neutron.services.segments.db._update_segment_host_mapping_for_agent--9223363275292002232'] for agent, after_update _notify_loop /usr/lib/python2.7/site-packages/neutron_lib/callbacks/manager.py:167
2018-09-13 18:06:13.808 20993 DEBUG neutron_lib.callbacks.manager [req-308c17dd-2655-482a-a6ba-a82bfa1f958c - - - - -] Notify callbacks ['neutron.services.segments.db._update_segment_host_mapping_for_agent--9223363275292002232'] for agent, after_update _notify_loop /usr/lib/python2.7/site-packages/neutron_lib/callbacks/manager.py:167
2018-09-13 18:06:13.896 20985 DEBUG neutron_lib.callbacks.manager [req-cd0c7866-e44d-4066-a3fa-b09309102a1d - - - - -] Notify callbacks ['neutron.services.segments.db._update_segment_host_mapping_for_agent--9223363275292002232'] for agent, after_update _notify_loop /usr/lib/python2.7/site-packages/neutron_lib/callbacks/manager.py:167
2018-09-13 18:06:16.900 20983 DEBUG neutron_lib.callbacks.manager [req-ab660a93-1d5c-4d67-8cf7-b386c6e70108 - - - - -] Notify callbacks ['neutron.services.segments.db._update_segment_host_mapping_for_agent--9223363275292002232'] for agent, after_update _notify_loop /usr/lib/python2.7/site-packages/neutron_lib/callbacks/manager.py:167
2018-09-13 18:06:35.467 20982 DEBUG neutron_lib.callbacks.manager [req-42b22b29-e889-4efb-ab3d-b7e84394d334 - - - - -] Notify callbacks ['neutron.services.segments.db._update_segment_host_mapping_for_agent--9223363275292002232'] for agent, after_update _notify_loop /usr/lib/python2.7/site-packages/neutron_lib/callbacks/manager.py:167
2018-09-13 18:06:41.666 20980 INFO neutron.wsgi [req-596ce66f-61a7-4206-9092-2588f2703111 392423df3617489b9a4259e561d5ba29 a6274edd06114a55b9dc116852780190 - default default] 10.0.20.24 "GET /v2.0/ports?device_id=ad40ada3-cbef-4068-93c8-e895ab10a0c8 HTTP/1.1" status: 200  len: 1124 time: 0.1747222
2018-09-13 18:06:41.841 20980 INFO neutron.wsgi [req-8133d672-1992-49d3-96d4-a45b6bff922d 392423df3617489b9a4259e561d5ba29 a6274edd06114a55b9dc116852780190 - default default] 10.0.20.24 "GET /v2.0/security-groups?id=7eb83bec-e045-4c22-adaf-92dbe3a20c4c HTTP/1.1" status: 200  len: 2118 time: 0.1587110
2018-09-13 18:06:43.353 20981 INFO neutron.wsgi [req-21c95dd7-d893-4847-8000-e43282d8e614 392423df3617489b9a4259e561d5ba29 a6274edd06114a55b9dc116852780190 - default default] 10.0.20.24 "GET /v2.0/ports?device_id=ad40ada3-cbef-4068-93c8-e895ab10a0c8 HTTP/1.1" status: 200  len: 1124 time: 0.4908650
2018-09-13 18:06:43.526 20981 INFO neutron.wsgi [req-d64a4f8d-2fe3-409d-b064-706a950e209f 392423df3617489b9a4259e561d5ba29 a6274edd06114a55b9dc116852780190 - default default] 10.0.20.24 "GET /v2.0/security-groups?id=7eb83bec-e045-4c22-adaf-92dbe3a20c4c HTTP/1.1" status: 200  len: 2118 time: 0.1634991
2018-09-13 18:06:43.814 20989 DEBUG neutron_lib.callbacks.manager [req-53120714-8bf5-412c-841a-3864c1c20e67 - - - - -] Notify callbacks ['neutron.services.segments.db._update_segment_host_mapping_for_agent--9223363275292002232'] for agent, after_update _notify_loop /usr/lib/python2.7/site-packages/neutron_lib/callbacks/manager.py:167
2018-09-13 18:06:43.859 20987 DEBUG neutron_lib.callbacks.manager [req-308c17dd-2655-482a-a6ba-a82bfa1f958c - - - - -] Notify callbacks ['neutron.services.segments.db._update_segment_host_mapping_for_agent--9223363275292002232'] for agent, after_update _notify_loop /usr/lib/python2.7/site-packages/neutron_lib/callbacks/manager.py:167
2018-09-13 18:06:43.916 20986 DEBUG neutron_lib.callbacks.manager [req-cd0c7866-e44d-4066-a3fa-b09309102a1d - - - - -] Notify callbacks ['neutron.services.segments.db._update_segment_host_mapping_for_agent--9223363275292002232'] for agent, after_update _notify_loop /usr/lib/python2.7/site-packages/neutron_lib/callbacks/manager.py:167
2018-09-13 18:06:44.787 20981 INFO neutron.wsgi [req-12598c17-6e6f-4b8e-a005-04b1d5f974d3 392423df3617489b9a4259e561d5ba29 a6274edd06114a55b9dc116852780190 - default default] 10.0.20.24 "GET /v2.0/ports?device_id=ad40ada3-cbef-4068-93c8-e895ab10a0c8 HTTP/1.1" status: 200  len: 1124 time: 0.1825089
2018-09-13 18:06:44.970 20981 INFO neutron.wsgi [req-45f233ec-b7a9-4ac5-b367-487e9c125890 392423df3617489b9a4259e561d5ba29 a6274edd06114a55b9dc116852780190 - default default] 10.0.20.24 "GET /v2.0/security-groups?id=7eb83bec-e045-4c22-adaf-92dbe3a20c4c HTTP/1.1" status: 200  len: 2118 time: 0.1738291
2018-09-13 18:06:46.902 20984 DEBUG neutron_lib.callbacks.manager [req-ab660a93-1d5c-4d67-8cf7-b386c6e70108 - - - - -] Notify callbacks ['neutron.services.segments.db._update_segment_host_mapping_for_agent--9223363275292002232'] for agent, after_update _notify_loop /usr/lib/python2.7/site-packages/neutron_lib/callbacks/manager.py:167
2018-09-13 18:06:47.291 20980 DEBUG neutron.wsgi [-] (20980) accepted ('10.0.20.24', 42512) server /usr/lib/python2.7/site-packages/eventlet/wsgi.py:883
2018-09-13 18:06:47.388 20994 DEBUG neutron.db.agents_db [req-8389fef3-0f2b-4e67-8bc2-8357d24162a2 - - - - -] Agent healthcheck: found 5 active agents agent_health_check /usr/lib/python2.7/site-packages/neutron/db/agents_db.py:281
2018-09-13 18:06:48.093 20980 INFO neutron.wsgi [req-3007190b-57b4-47cb-9097-a7f9c2ceeb67 392423df3617489b9a4259e561d5ba29 a6274edd06114a55b9dc116852780190 - default default] 10.0.20.24 "GET /v2.0/ports?device_id=ad40ada3-cbef-4068-93c8-e895ab10a0c8 HTTP/1.1" status: 200  len: 1124 time: 0.8007061
2018-09-13 18:06:48.242 20980 INFO neutron.wsgi [req-1788694c-7839-496e-9a67-fcce3b101d42 392423df3617489b9a4259e561d5ba29 a6274edd06114a55b9dc116852780190 - default default] 10.0.20.24 "GET /v2.0/security-groups?id=7eb83bec-e045-4c22-adaf-92dbe3a20c4c HTTP/1.1" status: 200  len: 2118 time: 0.1356750
2018-09-13 18:06:51.491 20976 INFO neutron.wsgi [req-3487be7b-074d-4ee3-b8b1-1981029d7382 392423df3617489b9a4259e561d5ba29 a6274edd06114a55b9dc116852780190 - default default] 10.0.20.24 "GET /v2.0/ports?device_id=ad40ada3-cbef-4068-93c8-e895ab10a0c8 HTTP/1.1" status: 200  len: 1124 time: 0.2316620
2018-09-13 18:06:51.645 20976 INFO neutron.wsgi [req-6ea791d1-22f4-4aa0-8f59-02de51061ca8 392423df3617489b9a4259e561d5ba29 a6274edd06114a55b9dc116852780190 - default default] 10.0.20.24 "GET /v2.0/security-groups?id=7eb83bec-e045-4c22-adaf-92dbe3a20c4c HTTP/1.1" status: 200  len: 2118 time: 0.1448081
2018-09-13 18:06:53.717 20976 INFO neutron.wsgi [req-0cd567c2-a201-4c4d-9bc3-96adb9707eae 392423df3617489b9a4259e561d5ba29 a6274edd06114a55b9dc116852780190 - default default] 10.0.20.24 "GET /v2.0/ports?device_id=ad40ada3-cbef-4068-93c8-e895ab10a0c8 HTTP/1.1" status: 200  len: 1124 time: 0.1533351
2018-09-13 18:06:53.872 20976 INFO neutron.wsgi [req-af5c3687-1f1d-472b-8591-8d271b622382 392423df3617489b9a4259e561d5ba29 a6274edd06114a55b9dc116852780190 - default default] 10.0.20.24 "GET /v2.0/security-groups?id=7eb83bec-e045-4c22-adaf-92dbe3a20c4c HTTP/1.1" status: 200  len: 2118 time: 0.1473191
2018-09-13 18:06:58.845 20981 INFO neutron.wsgi [req-0953674e-c9d8-4aa7-931e-0e3d8c4bd428 392423df3617489b9a4259e561d5ba29 a6274edd06114a55b9dc116852780190 - default default] 10.0.20.24 "GET /v2.0/ports?tenant_id=74779345672c44d2a1b268c36f83c926&device_id=ad40ada3-cbef-4068-93c8-e895ab10a0c8 HTTP/1.1" status: 200  len: 1124 time: 0.1307349
2018-09-13 18:06:59.144 20981 DEBUG neutron.pecan_wsgi.hooks.policy_enforcement [req-dc2337c6-5929-4584-9e28-549fc54cc76b 392423df3617489b9a4259e561d5ba29 a6274edd06114a55b9dc116852780190 - default default] Attributes excluded by policy engine: [u'vlan_transparent'] _exclude_attributes_by_policy /usr/lib/python2.7/site-packages/neutron/pecan_wsgi/hooks/policy_enforcement.py:256
2018-09-13 18:06:59.148 20981 INFO neutron.wsgi [req-dc2337c6-5929-4584-9e28-549fc54cc76b 392423df3617489b9a4259e561d5ba29 a6274edd06114a55b9dc116852780190 - default default] 10.0.20.24 "GET /v2.0/networks?id=f36d6ab7-4c78-4171-a5b6-4a16a1768e4a HTTP/1.1" status: 200  len: 885 time: 0.2939341
2018-09-13 18:06:59.205 20981 INFO neutron.wsgi [req-3a339cf4-aacc-448d-83d7-df7eceb9c8ae 392423df3617489b9a4259e561d5ba29 a6274edd06114a55b9dc116852780190 - default default] 10.0.20.24 "GET /v2.0/floatingips?fixed_ip_address=11.78.1.10&port_id=1d032da5-083e-4398-8bfe-b4a8dd89c124 HTTP/1.1" status: 200  len: 750 time: 0.0483160
2018-09-13 18:06:59.341 20981 DEBUG neutron.pecan_wsgi.hooks.policy_enforcement [req-4f87dbf4-b879-4a0c-b9b5-2c113008574f 392423df3617489b9a4259e561d5ba29 a6274edd06114a55b9dc116852780190 - default default] Attributes excluded by policy engine: [u'shared'] _exclude_attributes_by_policy /usr/lib/python2.7/site-packages/neutron/pecan_wsgi/hooks/policy_enforcement.py:256
2018-09-13 18:06:59.344 20981 INFO neutron.wsgi [req-4f87dbf4-b879-4a0c-b9b5-2c113008574f 392423df3617489b9a4259e561d5ba29 a6274edd06114a55b9dc116852780190 - default default] 10.0.20.24 "GET /v2.0/subnets?id=186887fb-94be-4d51-a3ac-0e72f34b7162 HTTP/1.1" status: 200  len: 843 time: 0.1296759
2018-09-13 18:06:59.480 20981 INFO neutron.wsgi [req-e867d155-ffbe-4009-9c78-f5464a85cc32 392423df3617489b9a4259e561d5ba29 a6274edd06114a55b9dc116852780190 - default default] 10.0.20.24 "GET /v2.0/ports?network_id=f36d6ab7-4c78-4171-a5b6-4a16a1768e4a&device_owner=network%3Adhcp HTTP/1.1" status: 200  len: 1127 time: 0.1288860
2018-09-13 18:07:05.467 20990 DEBUG neutron_lib.callbacks.manager [req-63a96119-133a-4e59-820e-6f9920d15a5f - - - - -] Notify callbacks ['neutron.services.segments.db._update_segment_host_mapping_for_agent--9223363275292002232'] for agent, after_update _notify_loop /usr/lib/python2.7/site-packages/neutron_lib/callbacks/manager.py:167
2018-09-13 18:07:07.356 20979 INFO neutron.wsgi [req-5265d98a-2aa2-4cbf-ba6c-f8e8ae16ff37 0509a4af4ae04f458ff6255b643a48c1 a6274edd06114a55b9dc116852780190 - default default] 10.0.20.24 "GET /v2.0/ports?device_id=ad40ada3-cbef-4068-93c8-e895ab10a0c8 HTTP/1.1" status: 200  len: 1124 time: 1.4207082
2018-09-13 18:07:07.511 20979 INFO neutron.wsgi [req-26793247-f72e-4384-91ab-0d8c48f12901 0509a4af4ae04f458ff6255b643a48c1 a6274edd06114a55b9dc116852780190 - default default] 10.0.20.24 "GET /v2.0/security-groups?id=7eb83bec-e045-4c22-adaf-92dbe3a20c4c HTTP/1.1" status: 200  len: 2118 time: 0.1472611
2018-09-13 18:07:13.769 20993 DEBUG neutron_lib.callbacks.manager [req-f7abf03f-2f72-40ad-a0a0-5bc89950bad7 - - - - -] Notify callbacks ['neutron.services.segments.db._update_segment_host_mapping_for_agent--9223363275292002232'] for agent, after_update _notify_loop /usr/lib/python2.7/site-packages/neutron_lib/callbacks/manager.py:167
2018-09-13 18:07:13.798 20985 DEBUG neutron_lib.callbacks.manager [req-308c17dd-2655-482a-a6ba-a82bfa1f958c - - - - -] Notify callbacks ['neutron.services.segments.db._update_segment_host_mapping_for_agent--9223363275292002232'] for agent, after_update _notify_loop /usr/lib/python2.7/site-packages/neutron_lib/callbacks/manager.py:167
2018-09-13 18:07:13.910 20983 DEBUG neutron_lib.callbacks.manager [req-cd0c7866-e44d-4066-a3fa-b09309102a1d - - - - -] Notify callbacks ['neutron.services.segments.db._update_segment_host_mapping_for_agent--9223363275292002232'] for agent, after_update _notify_loop /usr/lib/python2.7/site-packages/neutron_lib/callbacks/manager.py:167
2018-09-13 18:07:16.875 20982 DEBUG neutron_lib.callbacks.manager [req-ab660a93-1d5c-4d67-8cf7-b386c6e70108 - - - - -] Notify callbacks ['neutron.services.segments.db._update_segment_host_mapping_for_agent--9223363275292002232'] for agent, after_update _notify_loop /usr/lib/python2.7/site-packages/neutron_lib/callbacks/manager.py:167
2018-09-13 18:07:24.383 20994 DEBUG neutron.db.agents_db [req-8389fef3-0f2b-4e67-8bc2-8357d24162a2 - - - - -] Agent healthcheck: found 5 active agents agent_health_check /usr/lib/python2.7/site-packages/neutron/db/agents_db.py:281
2018-09-13 18:07:24.945 20980 DEBUG neutron.wsgi [-] (20980) accepted ('10.0.20.24', 42742) server /usr/lib/python2.7/site-packages/eventlet/wsgi.py:883
2018-09-13 18:07:24.950 20980 INFO neutron.wsgi [-] 10.0.20.24 "GET / HTTP/1.1" status: 200  len: 252 time: 0.0032699
2018-09-13 18:07:25.442 20980 INFO neutron.api.v2.resource [req-a667ccb7-a99f-4d64-bf40-15fca21584af 6a34cf5629cc4d0b8f56319b908d71fc 74779345672c44d2a1b268c36f83c926 - fa4582d592d64110ab45fee858027c1c fa4582d592d64110ab45fee858027c1c] show failed (client error): The resource could not be found.
2018-09-13 18:07:25.444 20980 INFO neutron.wsgi [req-a667ccb7-a99f-4d64-bf40-15fca21584af 6a34cf5629cc4d0b8f56319b908d71fc 74779345672c44d2a1b268c36f83c926 - fa4582d592d64110ab45fee858027c1c fa4582d592d64110ab45fee858027c1c] 10.0.20.24 "GET /v2.0/floatingips/172.24.4.3 HTTP/1.1" status: 404  len: 324 time: 0.4880500
2018-09-13 18:07:25.484 20980 INFO neutron.wsgi [req-145de0c4-8236-480f-9d80-12befa5cb018 6a34cf5629cc4d0b8f56319b908d71fc 74779345672c44d2a1b268c36f83c926 - fa4582d592d64110ab45fee858027c1c fa4582d592d64110ab45fee858027c1c] 10.0.20.24 "GET /v2.0/floatingips HTTP/1.1" status: 200  len: 1208 time: 0.0309401
2018-09-13 18:07:25.643 20980 DEBUG neutron.plugins.ml2.plugin [req-5beaec58-ec41-437f-a0b2-e830e9072675 6a34cf5629cc4d0b8f56319b908d71fc 74779345672c44d2a1b268c36f83c926 - fa4582d592d64110ab45fee858027c1c fa4582d592d64110ab45fee858027c1c] Deleting port 1741e3c6-b94d-41af-8791-9532d6d0b9f9 _pre_delete_port /usr/lib/python2.7/site-packages/neutron/plugins/ml2/plugin.py:1488
2018-09-13 18:07:25.644 20980 DEBUG neutron_lib.callbacks.manager [req-5beaec58-ec41-437f-a0b2-e830e9072675 6a34cf5629cc4d0b8f56319b908d71fc 74779345672c44d2a1b268c36f83c926 - fa4582d592d64110ab45fee858027c1c fa4582d592d64110ab45fee858027c1c] Notify callbacks ['neutron.db.l3_db._prevent_l3_port_delete_callback--9223363275291795429'] for port, before_delete _notify_loop /usr/lib/python2.7/site-packages/neutron_lib/callbacks/manager.py:167
2018-09-13 18:07:26.164 20980 DEBUG neutron.plugins.ml2.plugin [req-5beaec58-ec41-437f-a0b2-e830e9072675 6a34cf5629cc4d0b8f56319b908d71fc 74779345672c44d2a1b268c36f83c926 - fa4582d592d64110ab45fee858027c1c fa4582d592d64110ab45fee858027c1c] Calling delete_port for 1741e3c6-b94d-41af-8791-9532d6d0b9f9 owned by network:floatingip delete_port /usr/lib/python2.7/site-packages/neutron/plugins/ml2/plugin.py:1547
2018-09-13 18:07:26.624 20980 DEBUG neutron_lib.callbacks.manager [req-5beaec58-ec41-437f-a0b2-e830e9072675 6a34cf5629cc4d0b8f56319b908d71fc 74779345672c44d2a1b268c36f83c926 - fa4582d592d64110ab45fee858027c1c fa4582d592d64110ab45fee858027c1c] Notify callbacks ['neutron.api.rpc.agentnotifiers.dhcp_rpc_agent_api.DhcpAgentNotifyAPI._native_event_send_dhcp_notification--9223372036853976658', 'neutron.db.l3_db._notify_routers_callback-8761562983895', 'neutron.db.l3_dvrscheduler_db._notify_port_delete--9223363275292366053', 'neutron.plugins.ml2.plugin.Ml2Plugin.notify_sg_on_port_change--9223372036850629920', 'neutron.plugins.ml2.ovo_rpc._ObjectChangeHandler.handle_event-589173'] for port, after_delete _notify_loop /usr/lib/python2.7/site-packages/neutron_lib/callbacks/manager.py:167
2018-09-13 18:07:27.243 20980 DEBUG oslo_concurrency.lockutils [-] Lock "event-dispatch" acquired by "neutron.plugins.ml2.ovo_rpc.dispatch_events" :: waited 0.000s inner /usr/lib/python2.7/site-packages/oslo_concurrency/lockutils.py:270
2018-09-13 18:07:27.350 20980 DEBUG neutron.api.rpc.handlers.resources_rpc [req-5beaec58-ec41-437f-a0b2-e830e9072675 6a34cf5629cc4d0b8f56319b908d71fc 74779345672c44d2a1b268c36f83c926 - - -] neutron.api.rpc.handlers.resources_rpc.ResourcesPushRpcApi method push called with arguments (<neutron_lib.context.Context object at 0x7f7f5c0cef50>, [Port(admin_state_up=<?>,allowed_address_pairs=<?>,binding=<?>,binding_levels=<?>,created_at=<?>,data_plane_status=<?>,description=<?>,device_id=<?>,device_owner=<?>,dhcp_options=<?>,distributed_binding=<?>,dns=<?>,fixed_ips=<?>,id=1741e3c6-b94d-41af-8791-9532d6d0b9f9,mac_address=<?>,name=<?>,network_id=<?>,project_id=<?>,qos_policy_id=None,revision_number=<?>,security=<?>,security_group_ids=None,status=<?>,updated_at=<?>)], 'deleted') {} wrapper /usr/lib/python2.7/site-packages/oslo_log/helpers.py:66
2018-09-13 18:07:27.485 20980 DEBUG neutron.api.rpc.callbacks.version_manager [req-5beaec58-ec41-437f-a0b2-e830e9072675 6a34cf5629cc4d0b8f56319b908d71fc 74779345672c44d2a1b268c36f83c926 - - -] Version for resource type Subnet changed None to 1.0 on consumer Open vSwitch agent@localhost.localdomain _set_version /usr/lib/python2.7/site-packages/neutron/api/rpc/callbacks/version_manager.py:119
2018-09-13 18:07:27.486 20980 DEBUG neutron.api.rpc.callbacks.version_manager [req-5beaec58-ec41-437f-a0b2-e830e9072675 6a34cf5629cc4d0b8f56319b908d71fc 74779345672c44d2a1b268c36f83c926 - - -] Version for resource type Network changed None to 1.0 on consumer Open vSwitch agent@localhost.localdomain _set_version /usr/lib/python2.7/site-packages/neutron/api/rpc/callbacks/version_manager.py:119
2018-09-13 18:07:27.487 20980 DEBUG neutron.api.rpc.callbacks.version_manager [req-5beaec58-ec41-437f-a0b2-e830e9072675 6a34cf5629cc4d0b8f56319b908d71fc 74779345672c44d2a1b268c36f83c926 - - -] Version for resource type SubPort changed None to 1.0 on consumer Open vSwitch agent@localhost.localdomain _set_version /usr/lib/python2.7/site-packages/neutron/api/rpc/callbacks/version_manager.py:119
2018-09-13 18:07:27.488 20980 DEBUG neutron.api.rpc.callbacks.version_manager [req-5beaec58-ec41-437f-a0b2-e830e9072675 6a34cf5629cc4d0b8f56319b908d71fc 74779345672c44d2a1b268c36f83c926 - - -] Version for resource type SecurityGroup changed None to 1.0 on consumer Open vSwitch agent@localhost.localdomain _set_version /usr/lib/python2.7/site-packages/neutron/api/rpc/callbacks/version_manager.py:119
2018-09-13 18:07:27.489 20980 DEBUG neutron.api.rpc.callbacks.version_manager [req-5beaec58-ec41-437f-a0b2-e830e9072675 6a34cf5629cc4d0b8f56319b908d71fc 74779345672c44d2a1b268c36f83c926 - - -] Version for resource type SecurityGroupRule changed None to 1.0 on consumer Open vSwitch agent@localhost.localdomain _set_version /usr/lib/python2.7/site-packages/neutron/api/rpc/callbacks/version_manager.py:119
2018-09-13 18:07:27.489 20980 DEBUG neutron.api.rpc.callbacks.version_manager [req-5beaec58-ec41-437f-a0b2-e830e9072675 6a34cf5629cc4d0b8f56319b908d71fc 74779345672c44d2a1b268c36f83c926 - - -] Version for resource type Trunk changed None to 1.1 on consumer Open vSwitch agent@localhost.localdomain _set_version /usr/lib/python2.7/site-packages/neutron/api/rpc/callbacks/version_manager.py:119
2018-09-13 18:07:27.490 20980 DEBUG neutron.api.rpc.callbacks.version_manager [req-5beaec58-ec41-437f-a0b2-e830e9072675 6a34cf5629cc4d0b8f56319b908d71fc 74779345672c44d2a1b268c36f83c926 - - -] Version for resource type QosPolicy changed None to 1.6 on consumer Open vSwitch agent@localhost.localdomain _set_version /usr/lib/python2.7/site-packages/neutron/api/rpc/callbacks/version_manager.py:119
2018-09-13 18:07:27.491 20980 DEBUG neutron.api.rpc.callbacks.version_manager [req-5beaec58-ec41-437f-a0b2-e830e9072675 6a34cf5629cc4d0b8f56319b908d71fc 74779345672c44d2a1b268c36f83c926 - - -] Version for resource type Port changed None to 1.1 on consumer Open vSwitch agent@localhost.localdomain _set_version /usr/lib/python2.7/site-packages/neutron/api/rpc/callbacks/version_manager.py:119
2018-09-13 18:07:27.492 20980 DEBUG neutron.api.rpc.callbacks.version_manager [req-5beaec58-ec41-437f-a0b2-e830e9072675 6a34cf5629cc4d0b8f56319b908d71fc 74779345672c44d2a1b268c36f83c926 - - -] Version for resource type Log changed None to 1.0 on consumer Open vSwitch agent@localhost.localdomain _set_version /usr/lib/python2.7/site-packages/neutron/api/rpc/callbacks/version_manager.py:119
2018-09-13 18:07:27.494 20980 DEBUG neutron.api.rpc.callbacks.version_manager [req-5beaec58-ec41-437f-a0b2-e830e9072675 6a34cf5629cc4d0b8f56319b908d71fc 74779345672c44d2a1b268c36f83c926 - - -] Tracked resource versions report:
pushed versions:
{   'Log': set(['1.0']),
    'Network': set(['1.0']),
    'Port': set(['1.1']),
    'QosPolicy': set(['1.6']),
    'SecurityGroup': set(['1.0']),
    'SecurityGroupRule': set(['1.0']),
    'SubPort': set(['1.0']),
    'Subnet': set(['1.0']),
    'Trunk': set(['1.1'])}

consumer versions:
{   DHCP agent@localhost.localdomain: {   },
    L3 agent@localhost.localdomain: {   },
    Metadata agent@localhost.localdomain: {   },
    Metering agent@localhost.localdomain: {   },
    Open vSwitch agent@localhost.localdomain: {   u'Log': u'1.0',
                                                  u'Network': u'1.0',
                                                  u'Port': u'1.1',
                                                  u'QosPolicy': u'1.6',
                                                  u'SecurityGroup': u'1.0',
                                                  u'SecurityGroupRule': u'1.0',
                                                  u'SubPort': u'1.0',
                                                  u'Subnet': u'1.0',
                                                  u'Trunk': u'1.1'}}
 report /usr/lib/python2.7/site-packages/neutron/api/rpc/callbacks/version_manager.py:178
2018-09-13 18:07:27.553 20980 DEBUG oslo_concurrency.lockutils [req-5beaec58-ec41-437f-a0b2-e830e9072675 6a34cf5629cc4d0b8f56319b908d71fc 74779345672c44d2a1b268c36f83c926 - - -] Lock "event-dispatch" released by "neutron.plugins.ml2.ovo_rpc.dispatch_events" :: held 0.310s inner /usr/lib/python2.7/site-packages/oslo_concurrency/lockutils.py:282
2018-09-13 18:07:28.057 20980 DEBUG neutron.scheduler.l3_agent_scheduler [req-5beaec58-ec41-437f-a0b2-e830e9072675 6a34cf5629cc4d0b8f56319b908d71fc 74779345672c44d2a1b268c36f83c926 - fa4582d592d64110ab45fee858027c1c fa4582d592d64110ab45fee858027c1c] Router 013687f8-3eac-4c42-a454-37655cb94540 has already been hosted by L3 agent 5abc080c-2542-43f1-8f39-0dc47ee4ff99 _get_candidates /usr/lib/python2.7/site-packages/neutron/scheduler/l3_agent_scheduler.py:141
2018-09-13 18:07:28.330 20980 DEBUG neutron.api.rpc.agentnotifiers.l3_rpc_agent_api [req-5beaec58-ec41-437f-a0b2-e830e9072675 6a34cf5629cc4d0b8f56319b908d71fc 74779345672c44d2a1b268c36f83c926 - fa4582d592d64110ab45fee858027c1c fa4582d592d64110ab45fee858027c1c] Notify agent at l3_agent.localhost.localdomain the message routers_updated _agent_notification /usr/lib/python2.7/site-packages/neutron/api/rpc/agentnotifiers/l3_rpc_agent_api.py:69
2018-09-13 18:07:28.381 20980 DEBUG neutron.quota.resource [req-5beaec58-ec41-437f-a0b2-e830e9072675 6a34cf5629cc4d0b8f56319b908d71fc 74779345672c44d2a1b268c36f83c926 - fa4582d592d64110ab45fee858027c1c fa4582d592d64110ab45fee858027c1c] Persisted dirty status for tenant:74779345672c44d2a1b268c36f83c926 on resource:floatingip mark_dirty /usr/lib/python2.7/site-packages/neutron/quota/resource.py:207
2018-09-13 18:07:28.396 20980 DEBUG neutron.quota.resource [req-5beaec58-ec41-437f-a0b2-e830e9072675 6a34cf5629cc4d0b8f56319b908d71fc 74779345672c44d2a1b268c36f83c926 - fa4582d592d64110ab45fee858027c1c fa4582d592d64110ab45fee858027c1c] Persisted dirty status for tenant: on resource:port mark_dirty /usr/lib/python2.7/site-packages/neutron/quota/resource.py:207
2018-09-13 18:07:28.403 20990 DEBUG neutron.db.l3_hamode_db [req-22036241-5e00-45aa-be55-80dce33f0416 - - - - -] neutron.services.l3_router.l3_router_plugin.L3RouterPlugin method get_ha_sync_data_for_host called with arguments (<neutron_lib.context.Context object at 0x7f7f5c4b5090>, u'localhost.localdomain', <neutron.db.models.agent.Agent[object at 7f7f5c534d90] {id=u'5abc080c-2542-43f1-8f39-0dc47ee4ff99', agent_type=u'L3 agent', binary=u'neutron-l3-agent', topic=u'l3_agent', host=u'localhost.localdomain', availability_zone=u'nova', admin_state_up=True, created_at=datetime.datetime(2018, 9, 12, 22, 29, 15), started_at=datetime.datetime(2018, 9, 13, 21, 51, 5), heartbeat_timestamp=datetime.datetime(2018, 9, 13, 22, 7, 5), description=None, configurations=u'{"agent_mode": "legacy", "gateway_external_network_id": "", "handle_internal_only_routers": true, "routers": 2, "interfaces": 2, "floating_ips": 1, "interface_driver": "neutron.agent.linux.interface.OVSInterfaceDriver", "log_agent_heartbeats": false, "external_network_bridge": "", "ex_gw_ports": 2}', resource_versions=None, load=0}>) {'active': True, 'router_ids': ['013687f8-3eac-4c42-a454-37655cb94540']} wrapper /usr/lib/python2.7/site-packages/oslo_log/helpers.py:66
2018-09-13 18:07:28.405 20980 DEBUG neutron_lib.callbacks.manager [req-5beaec58-ec41-437f-a0b2-e830e9072675 6a34cf5629cc4d0b8f56319b908d71fc 74779345672c44d2a1b268c36f83c926 - fa4582d592d64110ab45fee858027c1c fa4582d592d64110ab45fee858027c1c] Notify callbacks ['neutron.notifiers.nova.Notifier._send_nova_notification-232794'] for floatingip, before_response _notify_loop /usr/lib/python2.7/site-packages/neutron_lib/callbacks/manager.py:167
2018-09-13 18:07:28.540 20980 INFO neutron.wsgi [req-5beaec58-ec41-437f-a0b2-e830e9072675 6a34cf5629cc4d0b8f56319b908d71fc 74779345672c44d2a1b268c36f83c926 - fa4582d592d64110ab45fee858027c1c fa4582d592d64110ab45fee858027c1c] 10.0.20.24 "DELETE /v2.0/floatingips/e22fb1a1-3ca9-4c0a-b55f-e82d2356db21 HTTP/1.1" status: 204  len: 173 time: 3.0457530
2018-09-13 18:07:28.542 20980 DEBUG oslo_concurrency.lockutils [-] Lock "notifier-642abad9-4971-4901-901f-302f257cfb03" acquired by "neutron.notifiers.batch_notifier.synced_send" :: waited 0.000s inner /usr/lib/python2.7/site-packages/oslo_concurrency/lockutils.py:270
2018-09-13 18:07:28.543 20980 DEBUG neutron.notifiers.nova [-] Sending events: [{'tag': u'1d032da5-083e-4398-8bfe-b4a8dd89c124', 'name': 'network-changed', 'server_uuid': u'ad40ada3-cbef-4068-93c8-e895ab10a0c8'}] send_events /usr/lib/python2.7/site-packages/neutron/notifiers/nova.py:242
2018-09-13 18:07:30.018 20980 DEBUG novaclient.v2.client [-] REQ: curl -g -i -X POST http://10.0.20.24:8774/v2.1/a6274edd06114a55b9dc116852780190/os-server-external-events -H "User-Agent: python-novaclient" -H "Content-Type: application/json" -H "Accept: application/json" -H "X-OpenStack-Nova-API-Version: 2.1" -H "X-Auth-Token: {SHA1}cbdedc22393e28c99c0244051a4ce8d598509540" -d '{"events": [{"tag": "1d032da5-083e-4398-8bfe-b4a8dd89c124", "name": "network-changed", "server_uuid": "ad40ada3-cbef-4068-93c8-e895ab10a0c8"}]}' _http_log_request /usr/lib/python2.7/site-packages/keystoneauth1/session.py:375
2018-09-13 18:07:30.043 20990 DEBUG neutron.db.l3_hamode_db [req-22036241-5e00-45aa-be55-80dce33f0416 - - - - -] neutron.services.l3_router.l3_router_plugin.L3RouterPlugin method _process_sync_ha_data called with arguments (<neutron_lib.context.Context object at 0x7f7f5c4b5090>, [{'status': u'ACTIVE', '_interfaces': [{'status': u'ACTIVE', 'subnets': [{'dns_nameservers': [u'8.8.4.4'], 'ipv6_ra_mode': None, 'gateway_ip': u'11.78.1.1', 'cidr': u'11.78.1.0/24', 'id': u'186887fb-94be-4d51-a3ac-0e72f34b7162', 'subnetpool_id': None}], 'binding:host_id': u'localhost.localdomain', 'description': u'', 'allowed_address_pairs': [], 'tags': [], 'extra_dhcp_opts': [], 'updated_at': '2018-09-13T22:01:33Z', 'device_owner': u'network:router_interface', 'revision_number': 7, 'port_security_enabled': False, 'binding:profile': {}, 'mtu': 1450, 'fixed_ips': [{'subnet_id': u'186887fb-94be-4d51-a3ac-0e72f34b7162', 'prefixlen': 24, 'ip_address': u'11.78.1.1'}], 'id': u'282dae2e-400b-4f36-b496-ff9ba2ed114f', 'security_groups': [], 'device_id': u'013687f8-3eac-4c42-a454-37655cb94540', 'name': u'', 'admin_state_up': True, 'network_id': u'f36d6ab7-4c78-4171-a5b6-4a16a1768e4a', 'tenant_id': u'74779345672c44d2a1b268c36f83c926', 'binding:vif_details': {u'port_filter': True, u'datapath_type': u'system', u'ovs_hybrid_plug': True}, 'address_scopes': {4: None, 6: None}, 'binding:vnic_type': u'normal', 'binding:vif_type': u'ovs', 'mac_address': u'fa:16:3e:ac:11:55', 'project_id': u'74779345672c44d2a1b268c36f83c926', 'extra_subnets': [], 'created_at': '2018-09-13T22:01:23Z'}], 'enable_snat': True, 'ha_vr_id': 0, 'description': u'', 'tags': [], 'gw_port': {'status': u'ACTIVE', 'subnets': [{'dns_nameservers': [], 'ipv6_ra_mode': None, 'gateway_ip': u'172.24.4.1', 'cidr': u'172.24.4.0/24', 'id': u'b8522e6e-dd32-47d0-940c-b0479a41e5ff', 'subnetpool_id': None}], 'binding:host_id': u'localhost.localdomain', 'description': u'', 'allowed_address_pairs': [], 'tags': [], 'extra_dhcp_opts': [], 'updated_at': '2018-09-13T22:01:49Z', 'device_owner': u'network:router_gateway', 'revision_number': 6, 'port_security_enabled': False, 'binding:profile': {}, 'mtu': 1500, 'fixed_ips': [{'subnet_id': u'b8522e6e-dd32-47d0-940c-b0479a41e5ff', 'prefixlen': 24, 'ip_address': u'172.24.4.5'}], 'id': u'e4ade3eb-a3bd-4683-acb5-7da2c8489f3f', 'security_groups': [], 'device_id': u'013687f8-3eac-4c42-a454-37655cb94540', 'name': u'', 'admin_state_up': True, 'network_id': u'98cf6b49-91c1-422d-a1ec-9d49628670a5', 'tenant_id': u'', 'binding:vif_details': {u'port_filter': True, u'datapath_type': u'system', u'ovs_hybrid_plug': True}, 'address_scopes': {4: None, 6: None}, 'binding:vnic_type': u'normal', 'binding:vif_type': u'ovs', 'mac_address': u'fa:16:3e:6c:81:c6', 'project_id': u'', 'extra_subnets': [], 'created_at': '2018-09-13T22:01:40Z'}, 'updated_at': '2018-09-13T22:01:42Z', 'revision_number': 4, 'ha': False, 'id': u'013687f8-3eac-4c42-a454-37655cb94540', 'gw_port_host': u'localhost.localdomain', 'external_gateway_info': {'network_id': u'98cf6b49-91c1-422d-a1ec-9d49628670a5', 'enable_snat': True, 'external_fixed_ips': [{'subnet_id': u'b8522e6e-dd32-47d0-940c-b0479a41e5ff', 'ip_address': u'172.24.4.5'}]}, 'availability_zone_hints': [], 'availability_zones': [u'nova'], 'name': u'tempest-router-1536875860', 'gw_port_id': u'e4ade3eb-a3bd-4683-acb5-7da2c8489f3f', 'admin_state_up': True, 'tenant_id': u'74779345672c44d2a1b268c36f83c926', 'created_at': '2018-09-13T22:00:56Z', 'distributed': False, 'flavor_id': None, 'routes': [], 'project_id': u'74779345672c44d2a1b268c36f83c926'}], u'localhost.localdomain', False) {} wrapper /usr/lib/python2.7/site-packages/oslo_log/helpers.py:66
2018-09-13 18:07:30.061 20990 DEBUG neutron.api.rpc.handlers.l3_rpc [req-22036241-5e00-45aa-be55-80dce33f0416 - - - - -] Checking router: 013687f8-3eac-4c42-a454-37655cb94540 for host: localhost.localdomain _ensure_host_set_on_ports /usr/lib/python2.7/site-packages/neutron/api/rpc/handlers/l3_rpc.py:135
2018-09-13 18:07:30.335 20983 DEBUG neutron.api.rpc.handlers.l3_rpc [req-79acb219-d62f-469b-9cd5-1fddeff7da94 - - - - -] New status for floating IP e22fb1a1-3ca9-4c0a-b55f-e82d2356db21: DOWN update_floatingip_statuses /usr/lib/python2.7/site-packages/neutron/api/rpc/handlers/l3_rpc.py:252
2018-09-13 18:07:31.212 20980 DEBUG novaclient.v2.client [-] RESP: [200] Content-Length: 179 Content-Type: application/json Openstack-Api-Version: compute 2.1 X-Openstack-Nova-Api-Version: 2.1 Vary: OpenStack-API-Version, X-OpenStack-Nova-API-Version X-Openstack-Request-Id: req-78589719-ae15-4426-839b-1310af001bb4 X-Compute-Request-Id: req-78589719-ae15-4426-839b-1310af001bb4 Date: Thu, 13 Sep 2018 22:07:31 GMT Connection: keep-alive 
RESP BODY: {"events": [{"status": "completed", "tag": "1d032da5-083e-4398-8bfe-b4a8dd89c124", "name": "network-changed", "server_uuid": "ad40ada3-cbef-4068-93c8-e895ab10a0c8", "code": 200}]}
 _http_log_response /usr/lib/python2.7/site-packages/keystoneauth1/session.py:423
2018-09-13 18:07:31.213 20980 DEBUG novaclient.v2.client [-] POST call to compute for http://10.0.20.24:8774/v2.1/a6274edd06114a55b9dc116852780190/os-server-external-events used request id req-78589719-ae15-4426-839b-1310af001bb4 request /usr/lib/python2.7/site-packages/keystoneauth1/session.py:727
2018-09-13 18:07:31.235 20980 INFO neutron.notifiers.nova [-] Nova event response: {u'status': u'completed', u'tag': u'1d032da5-083e-4398-8bfe-b4a8dd89c124', u'name': u'network-changed', u'server_uuid': u'ad40ada3-cbef-4068-93c8-e895ab10a0c8', u'code': 200}
2018-09-13 18:07:32.784 20981 INFO neutron.wsgi [req-e1ba03aa-46d9-4f26-842b-d9d4f1aa1aca 392423df3617489b9a4259e561d5ba29 a6274edd06114a55b9dc116852780190 - default default] 10.0.20.24 "GET /v2.0/ports?tenant_id=74779345672c44d2a1b268c36f83c926&device_id=ad40ada3-cbef-4068-93c8-e895ab10a0c8 HTTP/1.1" status: 200  len: 1124 time: 1.5097630
2018-09-13 18:07:33.098 20981 DEBUG neutron.pecan_wsgi.hooks.policy_enforcement [req-532ce63f-7917-4e2c-b5f3-5ba8c7831a86 392423df3617489b9a4259e561d5ba29 a6274edd06114a55b9dc116852780190 - default default] Attributes excluded by policy engine: [u'vlan_transparent'] _exclude_attributes_by_policy /usr/lib/python2.7/site-packages/neutron/pecan_wsgi/hooks/policy_enforcement.py:256
2018-09-13 18:07:33.102 20981 INFO neutron.wsgi [req-532ce63f-7917-4e2c-b5f3-5ba8c7831a86 392423df3617489b9a4259e561d5ba29 a6274edd06114a55b9dc116852780190 - default default] 10.0.20.24 "GET /v2.0/networks?id=f36d6ab7-4c78-4171-a5b6-4a16a1768e4a HTTP/1.1" status: 200  len: 885 time: 0.3098938
2018-09-13 18:07:33.154 20981 INFO neutron.wsgi [req-6524978a-a5b9-458f-9e3b-ca162f21c7c6 392423df3617489b9a4259e561d5ba29 a6274edd06114a55b9dc116852780190 - default default] 10.0.20.24 "GET /v2.0/floatingips?fixed_ip_address=11.78.1.10&port_id=1d032da5-083e-4398-8bfe-b4a8dd89c124 HTTP/1.1" status: 200  len: 217 time: 0.0415540
2018-09-13 18:07:33.238 20980 DEBUG oslo_concurrency.lockutils [-] Lock "notifier-642abad9-4971-4901-901f-302f257cfb03" released by "neutron.notifiers.batch_notifier.synced_send" :: held 4.695s inner /usr/lib/python2.7/site-packages/oslo_concurrency/lockutils.py:282
2018-09-13 18:07:33.322 20981 DEBUG neutron.pecan_wsgi.hooks.policy_enforcement [req-6ce8c6e4-d45d-491c-b74a-0fb0753c8bea 392423df3617489b9a4259e561d5ba29 a6274edd06114a55b9dc116852780190 - default default] Attributes excluded by policy engine: [u'shared'] _exclude_attributes_by_policy /usr/lib/python2.7/site-packages/neutron/pecan_wsgi/hooks/policy_enforcement.py:256
2018-09-13 18:07:33.327 20981 INFO neutron.wsgi [req-6ce8c6e4-d45d-491c-b74a-0fb0753c8bea 392423df3617489b9a4259e561d5ba29 a6274edd06114a55b9dc116852780190 - default default] 10.0.20.24 "GET /v2.0/subnets?id=186887fb-94be-4d51-a3ac-0e72f34b7162 HTTP/1.1" status: 200  len: 843 time: 0.1624379
2018-09-13 18:07:33.477 20981 INFO neutron.wsgi [req-1ffe5fba-e491-43db-b4e8-9e450110674b 392423df3617489b9a4259e561d5ba29 a6274edd06114a55b9dc116852780190 - default default] 10.0.20.24 "GET /v2.0/ports?network_id=f36d6ab7-4c78-4171-a5b6-4a16a1768e4a&device_owner=network%3Adhcp HTTP/1.1" status: 200  len: 1127 time: 0.1420951
2018-09-13 18:07:35.867 20989 DEBUG neutron_lib.callbacks.manager [req-3e74e297-4b0e-41ac-9a51-f3b668d0fd93 - - - - -] Notify callbacks ['neutron.services.segments.db._update_segment_host_mapping_for_agent--9223363275292002232'] for agent, after_update _notify_loop /usr/lib/python2.7/site-packages/neutron_lib/callbacks/manager.py:167
2018-09-13 18:07:38.301 20980 DEBUG neutron.wsgi [-] (20980) accepted ('10.0.20.24', 43860) server /usr/lib/python2.7/site-packages/eventlet/wsgi.py:883
2018-09-13 18:07:39.703 20980 INFO neutron.wsgi [req-b05d7b45-8138-4c92-bc34-290e2772e675 02e248cd8f0843eea56830a54be7a7df 194f3e7e9006484dbd7057072756dcfb - default default] 10.0.20.24 "GET /v2.0/ports?device_id=ad40ada3-cbef-4068-93c8-e895ab10a0c8 HTTP/1.1" status: 200  len: 1124 time: 1.4001369
