2018-06-26 05:25:25.540 16059 DEBUG neutron.quota.resource [req-606cec95-4efd-4eef-9cd1-3558212e331c 95cf4ee261b740498c206cbae584ebbe 046e8009a8b544bfbe9ff50b26903464 - default default] Quota usage for floatingip was recalculated. Used quota:0. count_used /usr/lib/python2.7/site-packages/neutron/quota/resource.py:293
2018-06-26 05:25:25.551 16059 DEBUG neutron.db.quota.driver [req-606cec95-4efd-4eef-9cd1-3558212e331c 95cf4ee261b740498c206cbae584ebbe 046e8009a8b544bfbe9ff50b26903464 - default default] Attempting to reserve 1 items for resource floatingip. Total usage: 0; quota limit: 50; headroom:50 make_reservation /usr/lib/python2.7/site-packages/neutron/db/quota/driver.py:255
2018-06-26 05:25:25.840 16059 DEBUG neutron_lib.callbacks.manager [req-606cec95-4efd-4eef-9cd1-3558212e331c 95cf4ee261b740498c206cbae584ebbe 046e8009a8b544bfbe9ff50b26903464 - default default] Notify callbacks ['neutron.plugins.ml2.plugin.Ml2Plugin._ensure_default_security_group_handler--9223372036854337398'] for port, before_create _notify_loop /usr/lib/python2.7/site-packages/neutron_lib/callbacks/manager.py:167
2018-06-26 05:25:26.343 16059 DEBUG neutron.db.db_base_plugin_common [req-606cec95-4efd-4eef-9cd1-3558212e331c 95cf4ee261b740498c206cbae584ebbe 046e8009a8b544bfbe9ff50b26903464 - default default] Allocated IP 172.24.4.2 (8fa9a212-be1e-480a-988d-8a3f899b6e3c/606cc7a3-2eae-4ba0-be88-1f3c9fd67e5e/4c7b0849-ef5b-46d7-bd29-22113d48ab5b) _store_ip_allocation /usr/lib/python2.7/site-packages/neutron/db/db_base_plugin_common.py:122
2018-06-26 05:25:26.674 16059 DEBUG neutron_lib.callbacks.manager [req-606cec95-4efd-4eef-9cd1-3558212e331c 95cf4ee261b740498c206cbae584ebbe 046e8009a8b544bfbe9ff50b26903464 - default default] Notify callbacks [] for port, precommit_create _notify_loop /usr/lib/python2.7/site-packages/neutron_lib/callbacks/manager.py:167
2018-06-26 05:25:26.773 16059 DEBUG neutron_lib.callbacks.manager [req-606cec95-4efd-4eef-9cd1-3558212e331c 95cf4ee261b740498c206cbae584ebbe 046e8009a8b544bfbe9ff50b26903464 - default default] Notify callbacks ['neutron.api.rpc.agentnotifiers.dhcp_rpc_agent_api.DhcpAgentNotifyAPI._native_event_send_dhcp_notification--9223372036838540295', 'neutron.db.l3_dvrscheduler_db._notify_l3_agent_new_port-8733672765143', 'neutron.plugins.ml2.plugin.Ml2Plugin.notify_sg_on_port_change-438527', 'neutron.plugins.ml2.ovo_rpc._ObjectChangeHandler.handle_event-643072', 'neutron.services.segments.plugin.NovaSegmentNotifier._notify_port_created_or_deleted-1658243'] for port, after_create _notify_loop /usr/lib/python2.7/site-packages/neutron_lib/callbacks/manager.py:167
2018-06-26 05:25:27.059 16059 DEBUG neutron.scheduler.dhcp_agent_scheduler [req-606cec95-4efd-4eef-9cd1-3558212e331c 95cf4ee261b740498c206cbae584ebbe 046e8009a8b544bfbe9ff50b26903464 - default default] Network 8fa9a212-be1e-480a-988d-8a3f899b6e3c is already hosted by enough agents. _get_dhcp_agents_hosting_network /usr/lib/python2.7/site-packages/neutron/scheduler/dhcp_agent_scheduler.py:243
2018-06-26 05:25:27.088 16059 DEBUG neutron.db.l3_dvrscheduler_db [req-606cec95-4efd-4eef-9cd1-3558212e331c 95cf4ee261b740498c206cbae584ebbe 046e8009a8b544bfbe9ff50b26903464 - default default] Received port after_create _notify_l3_agent_new_port /usr/lib/python2.7/site-packages/neutron/db/l3_dvrscheduler_db.py:392
2018-06-26 05:25:27.124 16059 DEBUG oslo_concurrency.lockutils [-] Lock "event-dispatch" acquired by "neutron.plugins.ml2.ovo_rpc.dispatch_events" :: waited 0.000s inner /usr/lib/python2.7/site-packages/oslo_concurrency/lockutils.py:270
2018-06-26 05:25:27.241 16059 DEBUG neutron.api.rpc.handlers.resources_rpc [req-606cec95-4efd-4eef-9cd1-3558212e331c 95cf4ee261b740498c206cbae584ebbe 046e8009a8b544bfbe9ff50b26903464 - - -] neutron.api.rpc.handlers.resources_rpc.ResourcesPushRpcApi method push called with arguments (<neutron_lib.context.Context object at 0x7f177633d2d0>, [Port(admin_state_up=True,allowed_address_pairs=[],binding=PortBinding,binding_levels=[],created_at=2018-06-26T03:25:26Z,data_plane_status=<?>,description='',device_id='PENDING',device_owner='network:floatingip',dhcp_options=[],distributed_binding=None,dns=None,fixed_ips=[IPAllocation],id=4c7b0849-ef5b-46d7-bd29-22113d48ab5b,mac_address=fa:16:3e:bb:b0:f9,name='',network_id=8fa9a212-be1e-480a-988d-8a3f899b6e3c,project_id='',qos_policy_id=None,revision_number=3,security=PortSecurity(4c7b0849-ef5b-46d7-bd29-22113d48ab5b),security_group_ids=set([]),status='N/A',updated_at=2018-06-26T03:25:26Z)], 'updated') {} wrapper /usr/lib/python2.7/site-packages/oslo_log/helpers.py:66
2018-06-26 05:25:27.259 16059 DEBUG neutron.api.rpc.callbacks.version_manager [req-606cec95-4efd-4eef-9cd1-3558212e331c 95cf4ee261b740498c206cbae584ebbe 046e8009a8b544bfbe9ff50b26903464 - - -] Version for resource type Subnet changed None to 1.0 on consumer Open vSwitch agent@localhost.localdomain _set_version /usr/lib/python2.7/site-packages/neutron/api/rpc/callbacks/version_manager.py:119
2018-06-26 05:25:27.260 16059 DEBUG neutron.api.rpc.callbacks.version_manager [req-606cec95-4efd-4eef-9cd1-3558212e331c 95cf4ee261b740498c206cbae584ebbe 046e8009a8b544bfbe9ff50b26903464 - - -] Version for resource type Network changed None to 1.0 on consumer Open vSwitch agent@localhost.localdomain _set_version /usr/lib/python2.7/site-packages/neutron/api/rpc/callbacks/version_manager.py:119
2018-06-26 05:25:27.260 16059 DEBUG neutron.api.rpc.callbacks.version_manager [req-606cec95-4efd-4eef-9cd1-3558212e331c 95cf4ee261b740498c206cbae584ebbe 046e8009a8b544bfbe9ff50b26903464 - - -] Version for resource type SubPort changed None to 1.0 on consumer Open vSwitch agent@localhost.localdomain _set_version /usr/lib/python2.7/site-packages/neutron/api/rpc/callbacks/version_manager.py:119
2018-06-26 05:25:27.261 16059 DEBUG neutron.api.rpc.callbacks.version_manager [req-606cec95-4efd-4eef-9cd1-3558212e331c 95cf4ee261b740498c206cbae584ebbe 046e8009a8b544bfbe9ff50b26903464 - - -] Version for resource type SecurityGroup changed None to 1.0 on consumer Open vSwitch agent@localhost.localdomain _set_version /usr/lib/python2.7/site-packages/neutron/api/rpc/callbacks/version_manager.py:119
2018-06-26 05:25:27.262 16059 DEBUG neutron.api.rpc.callbacks.version_manager [req-606cec95-4efd-4eef-9cd1-3558212e331c 95cf4ee261b740498c206cbae584ebbe 046e8009a8b544bfbe9ff50b26903464 - - -] Version for resource type SecurityGroupRule changed None to 1.0 on consumer Open vSwitch agent@localhost.localdomain _set_version /usr/lib/python2.7/site-packages/neutron/api/rpc/callbacks/version_manager.py:119
2018-06-26 05:25:27.262 16059 DEBUG neutron.api.rpc.callbacks.version_manager [req-606cec95-4efd-4eef-9cd1-3558212e331c 95cf4ee261b740498c206cbae584ebbe 046e8009a8b544bfbe9ff50b26903464 - - -] Version for resource type Trunk changed None to 1.1 on consumer Open vSwitch agent@localhost.localdomain _set_version /usr/lib/python2.7/site-packages/neutron/api/rpc/callbacks/version_manager.py:119
2018-06-26 05:25:27.263 16059 DEBUG neutron.api.rpc.callbacks.version_manager [req-606cec95-4efd-4eef-9cd1-3558212e331c 95cf4ee261b740498c206cbae584ebbe 046e8009a8b544bfbe9ff50b26903464 - - -] Version for resource type QosPolicy changed None to 1.6 on consumer Open vSwitch agent@localhost.localdomain _set_version /usr/lib/python2.7/site-packages/neutron/api/rpc/callbacks/version_manager.py:119
2018-06-26 05:25:27.264 16059 DEBUG neutron.api.rpc.callbacks.version_manager [req-606cec95-4efd-4eef-9cd1-3558212e331c 95cf4ee261b740498c206cbae584ebbe 046e8009a8b544bfbe9ff50b26903464 - - -] Version for resource type Port changed None to 1.1 on consumer Open vSwitch agent@localhost.localdomain _set_version /usr/lib/python2.7/site-packages/neutron/api/rpc/callbacks/version_manager.py:119
2018-06-26 05:25:27.265 16059 DEBUG neutron.api.rpc.callbacks.version_manager [req-606cec95-4efd-4eef-9cd1-3558212e331c 95cf4ee261b740498c206cbae584ebbe 046e8009a8b544bfbe9ff50b26903464 - - -] Version for resource type Log changed None to 1.0 on consumer Open vSwitch agent@localhost.localdomain _set_version /usr/lib/python2.7/site-packages/neutron/api/rpc/callbacks/version_manager.py:119
2018-06-26 05:25:27.509 16059 DEBUG oslo_concurrency.lockutils [req-606cec95-4efd-4eef-9cd1-3558212e331c 95cf4ee261b740498c206cbae584ebbe 046e8009a8b544bfbe9ff50b26903464 - - -] Lock "event-dispatch" released by "neutron.plugins.ml2.ovo_rpc.dispatch_events" :: held 0.384s inner /usr/lib/python2.7/site-packages/oslo_concurrency/lockutils.py:282
2018-06-26 05:25:27.666 16059 DEBUG neutron_lib.callbacks.manager [req-606cec95-4efd-4eef-9cd1-3558212e331c 95cf4ee261b740498c206cbae584ebbe 046e8009a8b544bfbe9ff50b26903464 - default default] Notify callbacks ['neutron.plugins.ml2.plugin.Ml2Plugin._ensure_default_security_group_handler--9223372036854337398'] for port, before_update _notify_loop /usr/lib/python2.7/site-packages/neutron_lib/callbacks/manager.py:167
2018-06-26 05:25:28.150 16059 DEBUG neutron_lib.callbacks.manager [req-606cec95-4efd-4eef-9cd1-3558212e331c 95cf4ee261b740498c206cbae584ebbe 046e8009a8b544bfbe9ff50b26903464 - default default] Notify callbacks [] for port, precommit_update _notify_loop /usr/lib/python2.7/site-packages/neutron_lib/callbacks/manager.py:167
2018-06-26 05:25:28.164 16059 DEBUG neutron_lib.callbacks.manager [req-606cec95-4efd-4eef-9cd1-3558212e331c 95cf4ee261b740498c206cbae584ebbe 046e8009a8b544bfbe9ff50b26903464 - default default] Notify callbacks ['neutron.plugins.ml2.plugin.Ml2Plugin.notify_sg_on_port_change-438527', 'neutron.db.l3_hascheduler_db._notify_l3_agent_ha_port_update--9223363303182015943', 'neutron.api.rpc.agentnotifiers.dhcp_rpc_agent_api.DhcpAgentNotifyAPI._native_event_send_dhcp_notification--9223372036838540295', 'neutron.db.l3_dvrscheduler_db._notify_l3_agent_port_update-8733672765158', 'neutron.services.segments.plugin.NovaSegmentNotifier._notify_port_updated--9223372036853117544', 'neutron.plugins.ml2.ovo_rpc._ObjectChangeHandler.handle_event-643072'] for port, after_update _notify_loop /usr/lib/python2.7/site-packages/neutron_lib/callbacks/manager.py:167
2018-06-26 05:25:28.537 16059 DEBUG neutron_lib.callbacks.manager [req-606cec95-4efd-4eef-9cd1-3558212e331c 95cf4ee261b740498c206cbae584ebbe 046e8009a8b544bfbe9ff50b26903464 - default default] Notify callbacks ['neutron.services.l3_router.l3_router_plugin.L3RouterPlugin._create_dvr_floating_gw_port--9223372036854221254'] for floatingip, after_update _notify_loop /usr/lib/python2.7/site-packages/neutron_lib/callbacks/manager.py:167
2018-06-26 05:25:28.544 16059 DEBUG oslo_concurrency.lockutils [-] Lock "event-dispatch" acquired by "neutron.plugins.ml2.ovo_rpc.dispatch_events" :: waited 0.000s inner /usr/lib/python2.7/site-packages/oslo_concurrency/lockutils.py:270
2018-06-26 05:25:28.722 16059 DEBUG neutron.quota.resource [req-606cec95-4efd-4eef-9cd1-3558212e331c 95cf4ee261b740498c206cbae584ebbe 046e8009a8b544bfbe9ff50b26903464 - default default] Persisted dirty status for tenant:e1ca5ae892e948bdbc66a5378241c409 on resource:floatingip mark_dirty /usr/lib/python2.7/site-packages/neutron/quota/resource.py:207
2018-06-26 05:25:28.729 16059 DEBUG neutron.quota.resource [req-606cec95-4efd-4eef-9cd1-3558212e331c 95cf4ee261b740498c206cbae584ebbe 046e8009a8b544bfbe9ff50b26903464 - default default] Persisted dirty status for tenant: on resource:port mark_dirty /usr/lib/python2.7/site-packages/neutron/quota/resource.py:207
2018-06-26 05:25:28.742 16059 DEBUG neutron.api.rpc.handlers.resources_rpc [req-606cec95-4efd-4eef-9cd1-3558212e331c 95cf4ee261b740498c206cbae584ebbe 046e8009a8b544bfbe9ff50b26903464 - - -] neutron.api.rpc.handlers.resources_rpc.ResourcesPushRpcApi method push called with arguments (<neutron_lib.context.Context object at 0x7f1776a37490>, [Port(admin_state_up=True,allowed_address_pairs=[],binding=PortBinding,binding_levels=[],created_at=2018-06-26T03:25:26Z,data_plane_status=<?>,description='',device_id='881935fe-4ba9-4ee4-8311-fe04336a9732',device_owner='network:floatingip',dhcp_options=[],distributed_binding=None,dns=None,fixed_ips=[IPAllocation],id=4c7b0849-ef5b-46d7-bd29-22113d48ab5b,mac_address=fa:16:3e:bb:b0:f9,name='',network_id=8fa9a212-be1e-480a-988d-8a3f899b6e3c,project_id='',qos_policy_id=None,revision_number=4,security=PortSecurity(4c7b0849-ef5b-46d7-bd29-22113d48ab5b),security_group_ids=set([]),status='N/A',updated_at=2018-06-26T03:25:27Z)], 'updated') {} wrapper /usr/lib/python2.7/site-packages/oslo_log/helpers.py:66
2018-06-26 05:25:28.757 16059 DEBUG oslo_concurrency.lockutils [req-606cec95-4efd-4eef-9cd1-3558212e331c 95cf4ee261b740498c206cbae584ebbe 046e8009a8b544bfbe9ff50b26903464 - - -] Lock "event-dispatch" released by "neutron.plugins.ml2.ovo_rpc.dispatch_events" :: held 0.213s inner /usr/lib/python2.7/site-packages/oslo_concurrency/lockutils.py:282
2018-06-26 05:25:28.772 16059 DEBUG neutron_lib.callbacks.manager [req-606cec95-4efd-4eef-9cd1-3558212e331c 95cf4ee261b740498c206cbae584ebbe 046e8009a8b544bfbe9ff50b26903464 - default default] Notify callbacks ['neutron.notifiers.nova.Notifier._send_nova_notification--9223372036854773326'] for floatingip, before_response _notify_loop /usr/lib/python2.7/site-packages/neutron_lib/callbacks/manager.py:167
2018-06-26 05:25:28.775 16059 INFO neutron.wsgi [req-606cec95-4efd-4eef-9cd1-3558212e331c 95cf4ee261b740498c206cbae584ebbe 046e8009a8b544bfbe9ff50b26903464 - default default] 10.0.20.26 "POST /v2.0/floatingips HTTP/1.1" status: 201  len: 674 time: 3.2849860
2018-06-26 05:25:32.646 16078 DEBUG neutron_lib.callbacks.manager [req-3b242b05-fc32-4a52-aaaa-afdaf88efd21 - - - - -] Notify callbacks ['neutron.services.segments.db._update_segment_host_mapping_for_agent-8733673126480'] for agent, after_update _notify_loop /usr/lib/python2.7/site-packages/neutron_lib/callbacks/manager.py:167
2018-06-26 05:25:32.783 16080 DEBUG neutron_lib.callbacks.manager [req-422bdc08-4581-4930-9fd1-dd21d44a6ad9 - - - - -] Notify callbacks ['neutron.services.segments.db._update_segment_host_mapping_for_agent-8733673126480'] for agent, after_update _notify_loop /usr/lib/python2.7/site-packages/neutron_lib/callbacks/manager.py:167
2018-06-26 05:25:33.064 16077 DEBUG neutron_lib.callbacks.manager [req-2441ca1b-2136-4d7f-b84d-a4fe5e90ff3e - - - - -] Notify callbacks ['neutron.services.segments.db._update_segment_host_mapping_for_agent-8733673126480'] for agent, after_update _notify_loop /usr/lib/python2.7/site-packages/neutron_lib/callbacks/manager.py:167
2018-06-26 05:25:34.730 16073 DEBUG neutron_lib.callbacks.manager [req-41ff6954-ae09-4504-965f-4bf03360f968 - - - - -] Notify callbacks ['neutron.services.segments.db._update_segment_host_mapping_for_agent-8733673126480'] for agent, after_update _notify_loop /usr/lib/python2.7/site-packages/neutron_lib/callbacks/manager.py:167
2018-06-26 05:25:34.852 16076 DEBUG neutron_lib.callbacks.manager [req-845a5aa0-6d42-475f-a680-fb2eb8225a41 - - - - -] Notify callbacks ['neutron.services.segments.db._update_segment_host_mapping_for_agent-8733673126480'] for agent, after_update _notify_loop /usr/lib/python2.7/site-packages/neutron_lib/callbacks/manager.py:167
2018-06-26 05:25:41.266 16067 INFO neutron.wsgi [req-0801157b-322b-46a7-b348-b8cae916718a 850167e6f68b43f5b13a8f2392e1674f e1ca5ae892e948bdbc66a5378241c409 - 6df0f956090a4bd48ee33e00d6f84dc3 6df0f956090a4bd48ee33e00d6f84dc3] 10.0.20.26 "GET /v2.0/ports?device_id=57ce85d9-6976-486f-bde3-16a427c058c9 HTTP/1.1" status: 200  len: 1124 time: 0.7259879
2018-06-26 05:25:41.407 16067 INFO neutron.wsgi [req-bdd45264-ebf7-420a-b8fd-5f50f8a4e1c7 850167e6f68b43f5b13a8f2392e1674f e1ca5ae892e948bdbc66a5378241c409 - 6df0f956090a4bd48ee33e00d6f84dc3 6df0f956090a4bd48ee33e00d6f84dc3] 10.0.20.26 "GET /v2.0/security-groups?id=e4f16b27-b325-4130-88dc-949debafb8a5 HTTP/1.1" status: 200  len: 2118 time: 0.1336179
2018-06-26 05:25:41.719 16067 INFO neutron.wsgi [req-ddcdad84-0081-4f85-bd23-9e8c19d559a0 850167e6f68b43f5b13a8f2392e1674f e1ca5ae892e948bdbc66a5378241c409 - 6df0f956090a4bd48ee33e00d6f84dc3 6df0f956090a4bd48ee33e00d6f84dc3] 10.0.20.26 "GET /v2.0/ports?device_owner=compute%3Anova&device_id=57ce85d9-6976-486f-bde3-16a427c058c9 HTTP/1.1" status: 200  len: 1124 time: 0.1512830
2018-06-26 05:25:41.788 16067 INFO neutron.wsgi [req-54e2cf23-c1c8-4f78-a935-adf13105e281 850167e6f68b43f5b13a8f2392e1674f e1ca5ae892e948bdbc66a5378241c409 - 6df0f956090a4bd48ee33e00d6f84dc3 6df0f956090a4bd48ee33e00d6f84dc3] 10.0.20.26 "GET /v2.0/floatingips?floating_ip_address=172.24.4.2 HTTP/1.1" status: 200  len: 672 time: 0.0603230
2018-06-26 05:25:41.817 16067 DEBUG neutron.api.v2.base [req-439a3947-18e5-43d8-9a40-233ce2ecc3ea 850167e6f68b43f5b13a8f2392e1674f e1ca5ae892e948bdbc66a5378241c409 - 6df0f956090a4bd48ee33e00d6f84dc3 6df0f956090a4bd48ee33e00d6f84dc3] Request body: {u'floatingip': {u'fixed_ip_address': u'11.194.1.4', u'port_id': u'a6dc975a-2cfe-4dfc-895c-0c1f84e7e4d5'}} prepare_request_body /usr/lib/python2.7/site-packages/neutron/api/v2/base.py:695
2018-06-26 05:25:41.993 16069 INFO neutron.wsgi [req-82bdb5af-e577-4279-8d7b-5628378c827d 2381c87c24634e059255e904a45e06ef 0d772b180b3c41e2ae2eba61c236b149 - default default] 10.0.20.26 "GET /v2.0/ports?device_id=57ce85d9-6976-486f-bde3-16a427c058c9 HTTP/1.1" status: 200  len: 1124 time: 0.6575480
2018-06-26 05:25:42.165 16069 INFO neutron.wsgi [req-6e697961-ebc4-406d-ae1f-33b3a9b67b5c 2381c87c24634e059255e904a45e06ef 0d772b180b3c41e2ae2eba61c236b149 - default default] 10.0.20.26 "GET /v2.0/security-groups?id=e4f16b27-b325-4130-88dc-949debafb8a5 HTTP/1.1" status: 200  len: 2118 time: 0.1644061
2018-06-26 05:25:42.229 16067 DEBUG neutron_lib.callbacks.manager [req-439a3947-18e5-43d8-9a40-233ce2ecc3ea 850167e6f68b43f5b13a8f2392e1674f e1ca5ae892e948bdbc66a5378241c409 - 6df0f956090a4bd48ee33e00d6f84dc3 6df0f956090a4bd48ee33e00d6f84dc3] Notify callbacks ['neutron.services.l3_router.l3_router_plugin.L3RouterPlugin._create_dvr_floating_gw_port--9223372036854221254'] for floatingip, after_update _notify_loop /usr/lib/python2.7/site-packages/neutron_lib/callbacks/manager.py:167
2018-06-26 05:25:42.835 16067 DEBUG neutron.scheduler.l3_agent_scheduler [req-439a3947-18e5-43d8-9a40-233ce2ecc3ea 850167e6f68b43f5b13a8f2392e1674f e1ca5ae892e948bdbc66a5378241c409 - 6df0f956090a4bd48ee33e00d6f84dc3 6df0f956090a4bd48ee33e00d6f84dc3] Router baf806f6-a23e-42fa-9f1f-a3f3ee8f0c40 has already been hosted by L3 agent 7579a3a7-c911-4c20-8f69-3d18d2c83252 _get_candidates /usr/lib/python2.7/site-packages/neutron/scheduler/l3_agent_scheduler.py:141
2018-06-26 05:25:43.359 16067 DEBUG neutron.api.rpc.agentnotifiers.l3_rpc_agent_api [req-439a3947-18e5-43d8-9a40-233ce2ecc3ea 850167e6f68b43f5b13a8f2392e1674f e1ca5ae892e948bdbc66a5378241c409 - 6df0f956090a4bd48ee33e00d6f84dc3 6df0f956090a4bd48ee33e00d6f84dc3] Notify agent at l3_agent.localhost.localdomain the message routers_updated _agent_notification /usr/lib/python2.7/site-packages/neutron/api/rpc/agentnotifiers/l3_rpc_agent_api.py:69
2018-06-26 05:25:43.384 16067 DEBUG neutron_lib.callbacks.manager [req-439a3947-18e5-43d8-9a40-233ce2ecc3ea 850167e6f68b43f5b13a8f2392e1674f e1ca5ae892e948bdbc66a5378241c409 - 6df0f956090a4bd48ee33e00d6f84dc3 6df0f956090a4bd48ee33e00d6f84dc3] Notify callbacks ['neutron.notifiers.nova.Notifier._send_nova_notification--9223372036854773326'] for floatingip, before_response _notify_loop /usr/lib/python2.7/site-packages/neutron_lib/callbacks/manager.py:167
2018-06-26 05:25:43.414 16080 DEBUG neutron.db.l3_hamode_db [req-d5d4f7a3-6b74-498b-891c-7a868c50ff8d - - - - -] neutron.services.l3_router.l3_router_plugin.L3RouterPlugin method get_ha_sync_data_for_host called with arguments (<neutron_lib.context.Context object at 0x7f17768b05d0>, u'localhost.localdomain', <neutron.db.models.agent.Agent[object at 7f17767dd350] {id=u'7579a3a7-c911-4c20-8f69-3d18d2c83252', agent_type=u'L3 agent', binary=u'neutron-l3-agent', topic=u'l3_agent', host=u'localhost.localdomain', availability_zone=u'nova', admin_state_up=True, created_at=datetime.datetime(2018, 6, 6, 18, 7, 18), started_at=datetime.datetime(2018, 6, 26, 3, 5, 5), heartbeat_timestamp=datetime.datetime(2018, 6, 26, 3, 25, 34), description=None, configurations=u'{"agent_mode": "legacy", "gateway_external_network_id": "", "handle_internal_only_routers": true, "routers": 2, "interfaces": 2, "floating_ips": 0, "interface_driver": "neutron.agent.linux.interface.OVSInterfaceDriver", "log_agent_heartbeats": false, "external_network_bridge": "", "ex_gw_ports": 2}', resource_versions=None, load=0}>) {'active': True, 'router_ids': ['baf806f6-a23e-42fa-9f1f-a3f3ee8f0c40']} wrapper /usr/lib/python2.7/site-packages/oslo_log/helpers.py:66
2018-06-26 05:25:43.473 16067 INFO neutron.wsgi [req-439a3947-18e5-43d8-9a40-233ce2ecc3ea 850167e6f68b43f5b13a8f2392e1674f e1ca5ae892e948bdbc66a5378241c409 - 6df0f956090a4bd48ee33e00d6f84dc3 6df0f956090a4bd48ee33e00d6f84dc3] 10.0.20.26 "PUT /v2.0/floatingips/881935fe-4ba9-4ee4-8311-fe04336a9732 HTTP/1.1" status: 200  len: 745 time: 1.6799221
2018-06-26 05:25:43.475 16067 DEBUG oslo_concurrency.lockutils [-] Lock "notifier-578a260f-41a2-447c-bbb5-31b355b1b597" acquired by "neutron.notifiers.batch_notifier.synced_send" :: waited 0.000s inner /usr/lib/python2.7/site-packages/oslo_concurrency/lockutils.py:270
2018-06-26 05:25:43.475 16067 DEBUG neutron.notifiers.nova [-] Sending events: [{'tag': u'a6dc975a-2cfe-4dfc-895c-0c1f84e7e4d5', 'name': 'network-changed', 'server_uuid': u'57ce85d9-6976-486f-bde3-16a427c058c9'}] send_events /usr/lib/python2.7/site-packages/neutron/notifiers/nova.py:242
2018-06-26 05:25:44.141 16069 INFO neutron.wsgi [req-3e291dbb-ad34-409d-9f6b-9798d7a794b7 2381c87c24634e059255e904a45e06ef 0d772b180b3c41e2ae2eba61c236b149 - default default] 10.0.20.26 "GET /v2.0/ports?device_id=57ce85d9-6976-486f-bde3-16a427c058c9 HTTP/1.1" status: 200  len: 1124 time: 0.8965321
2018-06-26 05:25:44.369 16069 INFO neutron.wsgi [req-609714c5-472a-4943-b0fb-b69fd895e11a 2381c87c24634e059255e904a45e06ef 0d772b180b3c41e2ae2eba61c236b149 - default default] 10.0.20.26 "GET /v2.0/security-groups?id=e4f16b27-b325-4130-88dc-949debafb8a5 HTTP/1.1" status: 200  len: 2118 time: 0.2135739
2018-06-26 05:25:44.944 16080 DEBUG neutron.db.l3_hamode_db [req-d5d4f7a3-6b74-498b-891c-7a868c50ff8d - - - - -] neutron.services.l3_router.l3_router_plugin.L3RouterPlugin method _process_sync_ha_data called with arguments (<neutron_lib.context.Context object at 0x7f17768b05d0>, [{'status': u'ACTIVE', '_interfaces': [{'status': u'ACTIVE', 'subnets': [{'dns_nameservers': [u'8.8.4.4'], 'ipv6_ra_mode': None, 'gateway_ip': u'11.194.1.1', 'cidr': u'11.194.1.0/24', 'id': u'97befc12-0df9-4e10-b488-3db0905559dd', 'subnetpool_id': None}], 'binding:host_id': u'localhost.localdomain', 'description': u'', 'allowed_address_pairs': [], 'tags': [], 'extra_dhcp_opts': [], 'updated_at': '2018-06-26T03:24:32Z', 'device_owner': u'network:router_interface', 'revision_number': 7, 'port_security_enabled': False, 'binding:profile': {}, 'mtu': 1450, 'fixed_ips': [{'subnet_id': u'97befc12-0df9-4e10-b488-3db0905559dd', 'prefixlen': 24, 'ip_address': u'11.194.1.1'}], 'id': u'9482ba5a-9e16-4062-9538-5b9b2860b1e4', 'security_groups': [], 'device_id': u'baf806f6-a23e-42fa-9f1f-a3f3ee8f0c40', 'name': u'', 'admin_state_up': True, 'network_id': u'5235640b-91db-49aa-9f3e-88fe054921d0', 'tenant_id': u'e1ca5ae892e948bdbc66a5378241c409', 'binding:vif_details': {u'port_filter': True, u'datapath_type': u'system', u'ovs_hybrid_plug': True}, 'address_scopes': {4: None, 6: None}, 'binding:vnic_type': u'normal', 'binding:vif_type': u'ovs', 'mac_address': u'fa:16:3e:a4:d5:73', 'project_id': u'e1ca5ae892e948bdbc66a5378241c409', 'extra_subnets': [], 'created_at': '2018-06-26T03:24:24Z'}], 'enable_snat': True, 'ha_vr_id': 0, 'description': u'', 'tags': [], 'gw_port': {'status': u'ACTIVE', 'subnets': [{'dns_nameservers': [], 'ipv6_ra_mode': None, 'gateway_ip': u'172.24.4.1', 'cidr': u'172.24.4.0/24', 'id': u'606cc7a3-2eae-4ba0-be88-1f3c9fd67e5e', 'subnetpool_id': None}], 'binding:host_id': u'localhost.localdomain', 'description': u'', 'allowed_address_pairs': [], 'tags': [], 'extra_dhcp_opts': [], 'updated_at': '2018-06-26T03:24:42Z', 'device_owner': u'network:router_gateway', 'revision_number': 6, 'port_security_enabled': False, 'binding:profile': {}, 'mtu': 1500, 'fixed_ips': [{'subnet_id': u'606cc7a3-2eae-4ba0-be88-1f3c9fd67e5e', 'prefixlen': 24, 'ip_address': u'172.24.4.3'}], 'id': u'16843b5b-2258-490e-8ef2-0b77d85e5689', 'security_groups': [], 'device_id': u'baf806f6-a23e-42fa-9f1f-a3f3ee8f0c40', 'name': u'', 'admin_state_up': True, 'network_id': u'8fa9a212-be1e-480a-988d-8a3f899b6e3c', 'tenant_id': u'', 'binding:vif_details': {u'port_filter': True, u'datapath_type': u'system', u'ovs_hybrid_plug': True}, 'address_scopes': {4: None, 6: None}, 'binding:vnic_type': u'normal', 'binding:vif_type': u'ovs', 'mac_address': u'fa:16:3e:68:1d:b0', 'project_id': u'', 'extra_subnets': [], 'created_at': '2018-06-26T03:24:36Z'}, 'updated_at': '2018-06-26T03:24:37Z', 'revision_number': 4, 'ha': False, 'id': u'baf806f6-a23e-42fa-9f1f-a3f3ee8f0c40', 'gw_port_host': u'localhost.localdomain', 'external_gateway_info': {'network_id': u'8fa9a212-be1e-480a-988d-8a3f899b6e3c', 'enable_snat': True, 'external_fixed_ips': [{'subnet_id': u'606cc7a3-2eae-4ba0-be88-1f3c9fd67e5e', 'ip_address': u'172.24.4.3'}]}, 'availability_zone_hints': [], 'availability_zones': [u'nova'], 'name': u'tempest-router-1529983304', 'gw_port_id': u'16843b5b-2258-490e-8ef2-0b77d85e5689', 'admin_state_up': True, 'tenant_id': u'e1ca5ae892e948bdbc66a5378241c409', 'created_at': '2018-06-26T03:24:06Z', 'distributed': False, 'flavor_id': None, 'routes': [], 'project_id': u'e1ca5ae892e948bdbc66a5378241c409', '_floatingips': [{'router_id': u'baf806f6-a23e-42fa-9f1f-a3f3ee8f0c40', 'status': u'DOWN', 'description': u'', 'tags': [], 'updated_at': '2018-06-26T03:25:42Z', 'dns_domain': '', 'floating_network_id': u'8fa9a212-be1e-480a-988d-8a3f899b6e3c', 'fixed_ip_address': u'11.194.1.4', 'floating_ip_address': u'172.24.4.2', 'revision_number': 1, 'port_id': u'a6dc975a-2cfe-4dfc-895c-0c1f84e7e4d5', 'id': u'881935fe-4ba9-4ee4-8311-fe04336a9732', 'dns_name': '', 'created_at': '2018-06-26T03:25:27Z', 'tenant_id': u'e1ca5ae892e948bdbc66a5378241c409', 'fixed_ip_address_scope': None, 'project_id': u'e1ca5ae892e948bdbc66a5378241c409'}]}], u'localhost.localdomain', False) {} wrapper /usr/lib/python2.7/site-packages/oslo_log/helpers.py:66
2018-06-26 05:25:44.971 16080 DEBUG neutron.api.rpc.handlers.l3_rpc [req-d5d4f7a3-6b74-498b-891c-7a868c50ff8d - - - - -] Checking router: baf806f6-a23e-42fa-9f1f-a3f3ee8f0c40 for host: localhost.localdomain _ensure_host_set_on_ports /usr/lib/python2.7/site-packages/neutron/api/rpc/handlers/l3_rpc.py:135
2018-06-26 05:25:45.623 16067 DEBUG novaclient.v2.client [-] REQ: curl -g -i -X POST http://10.0.20.26:8774/v2.1/0d772b180b3c41e2ae2eba61c236b149/os-server-external-events -H "User-Agent: python-novaclient" -H "Content-Type: application/json" -H "Accept: application/json" -H "X-OpenStack-Nova-API-Version: 2.1" -H "X-Auth-Token: {SHA1}665e58754ecd09ce949e612b2c4485a874b66123" -d '{"events": [{"tag": "a6dc975a-2cfe-4dfc-895c-0c1f84e7e4d5", "name": "network-changed", "server_uuid": "57ce85d9-6976-486f-bde3-16a427c058c9"}]}' _http_log_request /usr/lib/python2.7/site-packages/keystoneauth1/session.py:375
2018-06-26 05:25:45.797 16082 DEBUG neutron.db.agents_db [req-3a26f0c3-f11b-4dcc-9dd6-1111fe681716 - - - - -] Agent healthcheck: found 5 active agents agent_health_check /usr/lib/python2.7/site-packages/neutron/db/agents_db.py:281
2018-06-26 05:25:45.808 16078 DEBUG neutron.api.rpc.handlers.l3_rpc [req-04f001b2-edf8-49d2-b4bf-4b6b3dc4b06a - - - - -] New status for floating IP 881935fe-4ba9-4ee4-8311-fe04336a9732: ACTIVE update_floatingip_statuses /usr/lib/python2.7/site-packages/neutron/api/rpc/handlers/l3_rpc.py:252
2018-06-26 05:25:45.949 16067 INFO neutron.wsgi [req-e500844e-a012-40a8-8d17-ba0115271dae 2381c87c24634e059255e904a45e06ef 0d772b180b3c41e2ae2eba61c236b149 - default default] 10.0.20.26 "GET /v2.0/ports?tenant_id=e1ca5ae892e948bdbc66a5378241c409&device_id=57ce85d9-6976-486f-bde3-16a427c058c9 HTTP/1.1" status: 200  len: 1124 time: 1.1785572
2018-06-26 05:25:46.231 16067 DEBUG neutron.pecan_wsgi.hooks.policy_enforcement [req-9876241f-1885-41e3-beb5-eb1ef0cfcf6b 2381c87c24634e059255e904a45e06ef 0d772b180b3c41e2ae2eba61c236b149 - default default] Attributes excluded by policy engine: [u'vlan_transparent'] _exclude_attributes_by_policy /usr/lib/python2.7/site-packages/neutron/pecan_wsgi/hooks/policy_enforcement.py:256
2018-06-26 05:25:46.233 16067 INFO neutron.wsgi [req-9876241f-1885-41e3-beb5-eb1ef0cfcf6b 2381c87c24634e059255e904a45e06ef 0d772b180b3c41e2ae2eba61c236b149 - default default] 10.0.20.26 "GET /v2.0/networks?id=5235640b-91db-49aa-9f3e-88fe054921d0 HTTP/1.1" status: 200  len: 885 time: 0.2746201
2018-06-26 05:25:46.299 16067 INFO neutron.wsgi [req-2ada6f6a-32c4-42e9-afc2-e963741271e0 2381c87c24634e059255e904a45e06ef 0d772b180b3c41e2ae2eba61c236b149 - default default] 10.0.20.26 "GET /v2.0/floatingips?fixed_ip_address=11.194.1.4&port_id=a6dc975a-2cfe-4dfc-895c-0c1f84e7e4d5 HTTP/1.1" status: 200  len: 750 time: 0.0595372
2018-06-26 05:25:46.529 16067 DEBUG neutron.pecan_wsgi.hooks.policy_enforcement [req-085ade14-c1f9-41d0-9b8b-890a53ac3103 2381c87c24634e059255e904a45e06ef 0d772b180b3c41e2ae2eba61c236b149 - default default] Attributes excluded by policy engine: [u'shared'] _exclude_attributes_by_policy /usr/lib/python2.7/site-packages/neutron/pecan_wsgi/hooks/policy_enforcement.py:256
2018-06-26 05:25:46.532 16067 INFO neutron.wsgi [req-085ade14-c1f9-41d0-9b8b-890a53ac3103 2381c87c24634e059255e904a45e06ef 0d772b180b3c41e2ae2eba61c236b149 - default default] 10.0.20.26 "GET /v2.0/subnets?id=97befc12-0df9-4e10-b488-3db0905559dd HTTP/1.1" status: 200  len: 847 time: 0.2270739
2018-06-26 05:25:46.707 16067 INFO neutron.wsgi [req-67b914e9-5abf-4885-a577-1c74211d708c 2381c87c24634e059255e904a45e06ef 0d772b180b3c41e2ae2eba61c236b149 - default default] 10.0.20.26 "GET /v2.0/ports?network_id=5235640b-91db-49aa-9f3e-88fe054921d0&device_owner=network%3Adhcp HTTP/1.1" status: 200  len: 1128 time: 0.1625221
2018-06-26 05:25:47.027 16067 DEBUG novaclient.v2.client [-] RESP: [200] Content-Length: 179 Content-Type: application/json Openstack-Api-Version: compute 2.1 X-Openstack-Nova-Api-Version: 2.1 Vary: OpenStack-API-Version, X-OpenStack-Nova-API-Version X-Openstack-Request-Id: req-e6bfd7c6-3898-4c6a-a4ac-5fbfbaedb2ed X-Compute-Request-Id: req-e6bfd7c6-3898-4c6a-a4ac-5fbfbaedb2ed Date: Tue, 26 Jun 2018 03:25:46 GMT Connection: keep-alive 
RESP BODY: {"events": [{"status": "completed", "tag": "a6dc975a-2cfe-4dfc-895c-0c1f84e7e4d5", "name": "network-changed", "server_uuid": "57ce85d9-6976-486f-bde3-16a427c058c9", "code": 200}]}
 _http_log_response /usr/lib/python2.7/site-packages/keystoneauth1/session.py:423
2018-06-26 05:25:47.027 16067 DEBUG novaclient.v2.client [-] POST call to compute for http://10.0.20.26:8774/v2.1/0d772b180b3c41e2ae2eba61c236b149/os-server-external-events used request id req-e6bfd7c6-3898-4c6a-a4ac-5fbfbaedb2ed request /usr/lib/python2.7/site-packages/keystoneauth1/session.py:727
2018-06-26 05:25:47.037 16067 INFO neutron.notifiers.nova [-] Nova event response: {u'status': u'completed', u'tag': u'a6dc975a-2cfe-4dfc-895c-0c1f84e7e4d5', u'name': u'network-changed', u'server_uuid': u'57ce85d9-6976-486f-bde3-16a427c058c9', u'code': 200}
2018-06-26 05:25:47.169 16059 INFO neutron.wsgi [req-f276b073-bc7b-43ff-b2da-b7e709eff677 2381c87c24634e059255e904a45e06ef 0d772b180b3c41e2ae2eba61c236b149 - default default] 10.0.20.26 "GET /v2.0/ports?tenant_id=e1ca5ae892e948bdbc66a5378241c409&device_id=57ce85d9-6976-486f-bde3-16a427c058c9 HTTP/1.1" status: 200  len: 1124 time: 0.1554542
2018-06-26 05:25:47.438 16059 DEBUG neutron.pecan_wsgi.hooks.policy_enforcement [req-1fab7bc8-0b04-4b58-8264-97c74f887264 2381c87c24634e059255e904a45e06ef 0d772b180b3c41e2ae2eba61c236b149 - default default] Attributes excluded by policy engine: [u'vlan_transparent'] _exclude_attributes_by_policy /usr/lib/python2.7/site-packages/neutron/pecan_wsgi/hooks/policy_enforcement.py:256
2018-06-26 05:25:47.442 16059 INFO neutron.wsgi [req-1fab7bc8-0b04-4b58-8264-97c74f887264 2381c87c24634e059255e904a45e06ef 0d772b180b3c41e2ae2eba61c236b149 - default default] 10.0.20.26 "GET /v2.0/networks?id=5235640b-91db-49aa-9f3e-88fe054921d0 HTTP/1.1" status: 200  len: 885 time: 0.2652321
2018-06-26 05:25:47.502 16059 INFO neutron.wsgi [req-16e2a5e8-04ec-4987-8ef8-9ed0dd6c92ad 2381c87c24634e059255e904a45e06ef 0d772b180b3c41e2ae2eba61c236b149 - default default] 10.0.20.26 "GET /v2.0/floatingips?fixed_ip_address=11.194.1.4&port_id=a6dc975a-2cfe-4dfc-895c-0c1f84e7e4d5 HTTP/1.1" status: 200  len: 750 time: 0.0543289
2018-06-26 05:25:47.584 16061 INFO neutron.wsgi [req-392b3c3d-9698-4109-b5f4-9ff098101d82 2381c87c24634e059255e904a45e06ef 0d772b180b3c41e2ae2eba61c236b149 - default default] 10.0.20.26 "GET /v2.0/ports?device_id=57ce85d9-6976-486f-bde3-16a427c058c9 HTTP/1.1" status: 200  len: 1124 time: 0.7253671
2018-06-26 05:25:47.686 16059 DEBUG neutron.pecan_wsgi.hooks.policy_enforcement [req-048ffa48-eeac-46cb-af9c-e2c8ef967337 2381c87c24634e059255e904a45e06ef 0d772b180b3c41e2ae2eba61c236b149 - default default] Attributes excluded by policy engine: [u'shared', u'segment_id'] _exclude_attributes_by_policy /usr/lib/python2.7/site-packages/neutron/pecan_wsgi/hooks/policy_enforcement.py:256
2018-06-26 05:25:47.689 16059 INFO neutron.wsgi [req-048ffa48-eeac-46cb-af9c-e2c8ef967337 2381c87c24634e059255e904a45e06ef 0d772b180b3c41e2ae2eba61c236b149 - default default] 10.0.20.26 "GET /v2.0/subnets?id=97befc12-0df9-4e10-b488-3db0905559dd HTTP/1.1" status: 200  len: 847 time: 0.1784811
2018-06-26 05:25:47.745 16061 INFO neutron.wsgi [req-4ed1cf78-ce0e-450f-abd8-13bbc6b42ac4 2381c87c24634e059255e904a45e06ef 0d772b180b3c41e2ae2eba61c236b149 - default default] 10.0.20.26 "GET /v2.0/security-groups?id=e4f16b27-b325-4130-88dc-949debafb8a5 HTTP/1.1" status: 200  len: 2118 time: 0.1529222
2018-06-26 05:25:47.851 16059 INFO neutron.wsgi [req-cd854824-2a41-49c1-8815-be08ad80a6f4 2381c87c24634e059255e904a45e06ef 0d772b180b3c41e2ae2eba61c236b149 - default default] 10.0.20.26 "GET /v2.0/ports?network_id=5235640b-91db-49aa-9f3e-88fe054921d0&device_owner=network%3Adhcp HTTP/1.1" status: 200  len: 1128 time: 0.1519370
2018-06-26 05:25:49.041 16067 DEBUG oslo_concurrency.lockutils [-] Lock "notifier-578a260f-41a2-447c-bbb5-31b355b1b597" released by "neutron.notifiers.batch_notifier.synced_send" :: held 5.566s inner /usr/lib/python2.7/site-packages/oslo_concurrency/lockutils.py:282
2018-06-26 05:25:49.188 16064 INFO neutron.wsgi [req-80faed34-923d-49af-bef1-65a1d0281d13 2381c87c24634e059255e904a45e06ef 0d772b180b3c41e2ae2eba61c236b149 - default default] 10.0.20.26 "GET /v2.0/ports?device_id=57ce85d9-6976-486f-bde3-16a427c058c9 HTTP/1.1" status: 200  len: 1124 time: 0.6680410
2018-06-26 05:25:49.312 16064 INFO neutron.wsgi [req-877d33ce-c593-48dc-8931-9fe4d685370d 2381c87c24634e059255e904a45e06ef 0d772b180b3c41e2ae2eba61c236b149 - default default] 10.0.20.26 "GET /v2.0/security-groups?id=e4f16b27-b325-4130-88dc-949debafb8a5 HTTP/1.1" status: 200  len: 2118 time: 0.1177959
2018-06-26 05:25:51.123 16066 INFO neutron.wsgi [req-8271d8ad-66ca-4709-bc1c-45a13287c396 2381c87c24634e059255e904a45e06ef 0d772b180b3c41e2ae2eba61c236b149 - default default] 10.0.20.26 "GET /v2.0/ports?device_id=57ce85d9-6976-486f-bde3-16a427c058c9 HTTP/1.1" status: 200  len: 1124 time: 0.5761039
2018-06-26 05:25:51.255 16066 INFO neutron.wsgi [req-dcdfbd4f-554b-479b-a024-471ebdd40036 2381c87c24634e059255e904a45e06ef 0d772b180b3c41e2ae2eba61c236b149 - default default] 10.0.20.26 "GET /v2.0/security-groups?id=e4f16b27-b325-4130-88dc-949debafb8a5 HTTP/1.1" status: 200  len: 2118 time: 0.1280341
2018-06-26 05:25:58.065 16067 INFO neutron.wsgi [req-5a3c239f-4642-4fa4-9284-4f1efedd1ed5 850167e6f68b43f5b13a8f2392e1674f e1ca5ae892e948bdbc66a5378241c409 - 6df0f956090a4bd48ee33e00d6f84dc3 6df0f956090a4bd48ee33e00d6f84dc3] 10.0.20.26 "GET /v2.0/ports?device_id=57ce85d9-6976-486f-bde3-16a427c058c9 HTTP/1.1" status: 200  len: 1124 time: 0.6726780
2018-06-26 05:25:58.208 16067 INFO neutron.wsgi [req-2e594715-aee0-43a8-a18d-3d109fa586a0 850167e6f68b43f5b13a8f2392e1674f e1ca5ae892e948bdbc66a5378241c409 - 6df0f956090a4bd48ee33e00d6f84dc3 6df0f956090a4bd48ee33e00d6f84dc3] 10.0.20.26 "GET /v2.0/security-groups?id=e4f16b27-b325-4130-88dc-949debafb8a5 HTTP/1.1" status: 200  len: 2118 time: 0.1361420
2018-06-26 05:26:02.669 16072 DEBUG neutron_lib.callbacks.manager [req-3b242b05-fc32-4a52-aaaa-afdaf88efd21 - - - - -] Notify callbacks ['neutron.services.segments.db._update_segment_host_mapping_for_agent-8733673126480'] for agent, after_update _notify_loop /usr/lib/python2.7/site-packages/neutron_lib/callbacks/manager.py:167
2018-06-26 05:26:02.852 16081 DEBUG neutron_lib.callbacks.manager [req-c4bfa389-6d63-4684-8575-530be63dd710 - - - - -] Notify callbacks ['neutron.services.segments.db._update_segment_host_mapping_for_agent-8733673126480'] for agent, after_update _notify_loop /usr/lib/python2.7/site-packages/neutron_lib/callbacks/manager.py:167
2018-06-26 05:26:03.105 16071 DEBUG neutron_lib.callbacks.manager [req-2441ca1b-2136-4d7f-b84d-a4fe5e90ff3e - - - - -] Notify callbacks ['neutron.services.segments.db._update_segment_host_mapping_for_agent-8733673126480'] for agent, after_update _notify_loop /usr/lib/python2.7/site-packages/neutron_lib/callbacks/manager.py:167
2018-06-26 05:26:04.751 16074 DEBUG neutron_lib.callbacks.manager [req-41ff6954-ae09-4504-965f-4bf03360f968 - - - - -] Notify callbacks ['neutron.services.segments.db._update_segment_host_mapping_for_agent-8733673126480'] for agent, after_update _notify_loop /usr/lib/python2.7/site-packages/neutron_lib/callbacks/manager.py:167
2018-06-26 05:26:04.863 16078 DEBUG neutron_lib.callbacks.manager [req-814da649-3de5-4d59-bb1f-a72ebeb7d32a - - - - -] Notify callbacks ['neutron.services.segments.db._update_segment_host_mapping_for_agent-8733673126480'] for agent, after_update _notify_loop /usr/lib/python2.7/site-packages/neutron_lib/callbacks/manager.py:167
2018-06-26 05:26:04.985 16059 INFO neutron.wsgi [req-78b1d469-e390-49d7-b9d9-d2881dfe44fb 2381c87c24634e059255e904a45e06ef 0d772b180b3c41e2ae2eba61c236b149 - default default] 10.0.20.26 "GET /v2.0/ports?tenant_id=5b6c14ee8c9c4f52b367279c85719835&device_id=c7839124-f5e8-4dac-a2eb-becff999b1db HTTP/1.1" status: 200  len: 210 time: 0.1169448
2018-06-26 05:26:05.076 16059 INFO neutron.wsgi [req-071e1c32-a901-4640-ad6b-2ed6fd3ffedf 2381c87c24634e059255e904a45e06ef 0d772b180b3c41e2ae2eba61c236b149 - default default] 10.0.20.26 "GET /v2.0/networks?tenant_id=5b6c14ee8c9c4f52b367279c85719835&shared=False HTTP/1.1" status: 200  len: 213 time: 0.0808449
2018-06-26 05:26:05.145 16059 INFO neutron.wsgi [req-83b13ae1-9799-4101-a1e6-3165839610d2 2381c87c24634e059255e904a45e06ef 0d772b180b3c41e2ae2eba61c236b149 - default default] 10.0.20.26 "GET /v2.0/networks?shared=True HTTP/1.1" status: 200  len: 213 time: 0.0619678
2018-06-26 05:26:22.795 16082 DEBUG neutron.db.agents_db [req-3a26f0c3-f11b-4dcc-9dd6-1111fe681716 - - - - -] Agent healthcheck: found 5 active agents agent_health_check /usr/lib/python2.7/site-packages/neutron/db/agents_db.py:281
2018-06-26 05:26:22.972 16067 INFO neutron.wsgi [req-cf1a16b6-0546-49dc-bd1f-492615846aea 850167e6f68b43f5b13a8f2392e1674f e1ca5ae892e948bdbc66a5378241c409 - 6df0f956090a4bd48ee33e00d6f84dc3 6df0f956090a4bd48ee33e00d6f84dc3] 10.0.20.26 "GET /v2.0/ports?device_id=57ce85d9-6976-486f-bde3-16a427c058c9 HTTP/1.1" status: 200  len: 1124 time: 0.8764961
2018-06-26 05:26:23.128 16067 INFO neutron.wsgi [req-a8e64b91-fbdb-4e5e-b71f-854aa78758ce 850167e6f68b43f5b13a8f2392e1674f e1ca5ae892e948bdbc66a5378241c409 - 6df0f956090a4bd48ee33e00d6f84dc3 6df0f956090a4bd48ee33e00d6f84dc3] 10.0.20.26 "GET /v2.0/security-groups?id=e4f16b27-b325-4130-88dc-949debafb8a5 HTTP/1.1" status: 200  len: 2118 time: 0.1495671
2018-06-26 05:26:32.647 16080 DEBUG neutron_lib.callbacks.manager [req-3b242b05-fc32-4a52-aaaa-afdaf88efd21 - - - - -] Notify callbacks ['neutron.services.segments.db._update_segment_host_mapping_for_agent-8733673126480'] for agent, after_update _notify_loop /usr/lib/python2.7/site-packages/neutron_lib/callbacks/manager.py:167
2018-06-26 05:26:32.783 16077 DEBUG neutron_lib.callbacks.manager [req-c363464f-ad7b-48ca-92b1-1ef2a6098799 - - - - -] Notify callbacks ['neutron.services.segments.db._update_segment_host_mapping_for_agent-8733673126480'] for agent, after_update _notify_loop /usr/lib/python2.7/site-packages/neutron_lib/callbacks/manager.py:167
2018-06-26 05:26:33.054 16073 DEBUG neutron_lib.callbacks.manager [req-2441ca1b-2136-4d7f-b84d-a4fe5e90ff3e - - - - -] Notify callbacks ['neutron.services.segments.db._update_segment_host_mapping_for_agent-8733673126480'] for agent, after_update _notify_loop /usr/lib/python2.7/site-packages/neutron_lib/callbacks/manager.py:167
2018-06-26 05:26:33.410 16063 INFO neutron.wsgi [req-12a12074-16aa-44ca-992a-c1292845af84 850167e6f68b43f5b13a8f2392e1674f e1ca5ae892e948bdbc66a5378241c409 - 6df0f956090a4bd48ee33e00d6f84dc3 6df0f956090a4bd48ee33e00d6f84dc3] 10.0.20.26 "GET /v2.0/ports?device_id=57ce85d9-6976-486f-bde3-16a427c058c9 HTTP/1.1" status: 200  len: 1124 time: 0.7436678
2018-06-26 05:26:33.532 16063 INFO neutron.wsgi [req-bfa18db4-d687-403b-ac67-7c5b75ca9f8b 850167e6f68b43f5b13a8f2392e1674f e1ca5ae892e948bdbc66a5378241c409 - 6df0f956090a4bd48ee33e00d6f84dc3 6df0f956090a4bd48ee33e00d6f84dc3] 10.0.20.26 "GET /v2.0/security-groups?id=e4f16b27-b325-4130-88dc-949debafb8a5 HTTP/1.1" status: 200  len: 2118 time: 0.1149220
2018-06-26 05:26:34.729 16076 DEBUG neutron_lib.callbacks.manager [req-41ff6954-ae09-4504-965f-4bf03360f968 - - - - -] Notify callbacks ['neutron.services.segments.db._update_segment_host_mapping_for_agent-8733673126480'] for agent, after_update _notify_loop /usr/lib/python2.7/site-packages/neutron_lib/callbacks/manager.py:167
2018-06-26 05:26:34.843 16072 DEBUG neutron_lib.callbacks.manager [req-66f3db77-1d30-45bd-a991-c2750df8d555 - - - - -] Notify callbacks ['neutron.services.segments.db._update_segment_host_mapping_for_agent-8733673126480'] for agent, after_update _notify_loop /usr/lib/python2.7/site-packages/neutron_lib/callbacks/manager.py:167
2018-06-26 05:26:45.944 16063 INFO neutron.wsgi [req-ed03644e-5c2b-4b8e-bf00-d5925f5c5120 850167e6f68b43f5b13a8f2392e1674f e1ca5ae892e948bdbc66a5378241c409 - 6df0f956090a4bd48ee33e00d6f84dc3 6df0f956090a4bd48ee33e00d6f84dc3] 10.0.20.26 "GET /v2.0/ports?device_id=57ce85d9-6976-486f-bde3-16a427c058c9 HTTP/1.1" status: 200  len: 1124 time: 0.4840200
2018-06-26 05:26:46.058 16063 INFO neutron.wsgi [req-a5f81ae5-d6c2-42dc-a7ba-2ea02ca193b0 850167e6f68b43f5b13a8f2392e1674f e1ca5ae892e948bdbc66a5378241c409 - 6df0f956090a4bd48ee33e00d6f84dc3 6df0f956090a4bd48ee33e00d6f84dc3] 10.0.20.26 "GET /v2.0/security-groups?id=e4f16b27-b325-4130-88dc-949debafb8a5 HTTP/1.1" status: 200  len: 2118 time: 0.1083999
2018-06-26 05:26:54.341 16063 INFO neutron.wsgi [req-43bcabdb-3071-4735-9dca-11e0862e3e2e 850167e6f68b43f5b13a8f2392e1674f e1ca5ae892e948bdbc66a5378241c409 - 6df0f956090a4bd48ee33e00d6f84dc3 6df0f956090a4bd48ee33e00d6f84dc3] 10.0.20.26 "GET /v2.0/ports?device_id=57ce85d9-6976-486f-bde3-16a427c058c9 HTTP/1.1" status: 200  len: 1124 time: 0.5645969
2018-06-26 05:26:54.479 16063 INFO neutron.wsgi [req-ae6f0d95-c44d-482b-b035-64b7964e5e1d 850167e6f68b43f5b13a8f2392e1674f e1ca5ae892e948bdbc66a5378241c409 - 6df0f956090a4bd48ee33e00d6f84dc3 6df0f956090a4bd48ee33e00d6f84dc3] 10.0.20.26 "GET /v2.0/security-groups?id=e4f16b27-b325-4130-88dc-949debafb8a5 HTTP/1.1" status: 200  len: 2118 time: 0.1308692
2018-06-26 05:26:59.787 16082 DEBUG neutron.db.agents_db [req-3a26f0c3-f11b-4dcc-9dd6-1111fe681716 - - - - -] Agent healthcheck: found 5 active agents agent_health_check /usr/lib/python2.7/site-packages/neutron/db/agents_db.py:281
2018-06-26 05:27:02.668 16081 DEBUG neutron_lib.callbacks.manager [req-3b242b05-fc32-4a52-aaaa-afdaf88efd21 - - - - -] Notify callbacks ['neutron.services.segments.db._update_segment_host_mapping_for_agent-8733673126480'] for agent, after_update _notify_loop /usr/lib/python2.7/site-packages/neutron_lib/callbacks/manager.py:167
2018-06-26 05:27:02.811 16071 DEBUG neutron_lib.callbacks.manager [req-230972bd-2521-4edf-aa66-bd749ca1693d - - - - -] Notify callbacks ['neutron.services.segments.db._update_segment_host_mapping_for_agent-8733673126480'] for agent, after_update _notify_loop /usr/lib/python2.7/site-packages/neutron_lib/callbacks/manager.py:167
2018-06-26 05:27:03.093 16074 DEBUG neutron_lib.callbacks.manager [req-2441ca1b-2136-4d7f-b84d-a4fe5e90ff3e - - - - -] Notify callbacks ['neutron.services.segments.db._update_segment_host_mapping_for_agent-8733673126480'] for agent, after_update _notify_loop /usr/lib/python2.7/site-packages/neutron_lib/callbacks/manager.py:167
2018-06-26 05:27:04.741 16078 DEBUG neutron_lib.callbacks.manager [req-41ff6954-ae09-4504-965f-4bf03360f968 - - - - -] Notify callbacks ['neutron.services.segments.db._update_segment_host_mapping_for_agent-8733673126480'] for agent, after_update _notify_loop /usr/lib/python2.7/site-packages/neutron_lib/callbacks/manager.py:167
2018-06-26 05:27:04.857 16080 DEBUG neutron_lib.callbacks.manager [req-fa2a83e0-7518-43b9-b868-b39a5a7fef22 - - - - -] Notify callbacks ['neutron.services.segments.db._update_segment_host_mapping_for_agent-8733673126480'] for agent, after_update _notify_loop /usr/lib/python2.7/site-packages/neutron_lib/callbacks/manager.py:167
2018-06-26 05:27:07.125 16059 INFO neutron.wsgi [req-584ed11a-a08a-4c51-ab85-d2f039060772 2381c87c24634e059255e904a45e06ef 0d772b180b3c41e2ae2eba61c236b149 - default default] 10.0.20.26 "GET /v2.0/ports?tenant_id=e1ca5ae892e948bdbc66a5378241c409&device_id=57ce85d9-6976-486f-bde3-16a427c058c9 HTTP/1.1" status: 200  len: 1124 time: 0.2660451
2018-06-26 05:27:07.493 16059 DEBUG neutron.pecan_wsgi.hooks.policy_enforcement [req-cc367a95-b51a-4187-b8cb-1f1862c947ae 2381c87c24634e059255e904a45e06ef 0d772b180b3c41e2ae2eba61c236b149 - default default] Attributes excluded by policy engine: [u'vlan_transparent'] _exclude_attributes_by_policy /usr/lib/python2.7/site-packages/neutron/pecan_wsgi/hooks/policy_enforcement.py:256
2018-06-26 05:27:07.495 16059 INFO neutron.wsgi [req-cc367a95-b51a-4187-b8cb-1f1862c947ae 2381c87c24634e059255e904a45e06ef 0d772b180b3c41e2ae2eba61c236b149 - default default] 10.0.20.26 "GET /v2.0/networks?id=5235640b-91db-49aa-9f3e-88fe054921d0 HTTP/1.1" status: 200  len: 885 time: 0.3587649
2018-06-26 05:27:07.570 16059 INFO neutron.wsgi [req-8f7cae7f-30f9-45e3-b0d7-93afc4ab8f1b 2381c87c24634e059255e904a45e06ef 0d772b180b3c41e2ae2eba61c236b149 - default default] 10.0.20.26 "GET /v2.0/floatingips?fixed_ip_address=11.194.1.4&port_id=a6dc975a-2cfe-4dfc-895c-0c1f84e7e4d5 HTTP/1.1" status: 200  len: 750 time: 0.0642200
2018-06-26 05:27:07.754 16059 DEBUG neutron.pecan_wsgi.hooks.policy_enforcement [req-98873f5f-bdc0-46b7-a314-82394e6f9e16 2381c87c24634e059255e904a45e06ef 0d772b180b3c41e2ae2eba61c236b149 - default default] Attributes excluded by policy engine: [u'shared', u'segment_id'] _exclude_attributes_by_policy /usr/lib/python2.7/site-packages/neutron/pecan_wsgi/hooks/policy_enforcement.py:256
2018-06-26 05:27:07.758 16059 INFO neutron.wsgi [req-98873f5f-bdc0-46b7-a314-82394e6f9e16 2381c87c24634e059255e904a45e06ef 0d772b180b3c41e2ae2eba61c236b149 - default default] 10.0.20.26 "GET /v2.0/subnets?id=97befc12-0df9-4e10-b488-3db0905559dd HTTP/1.1" status: 200  len: 847 time: 0.1787181
2018-06-26 05:27:07.936 16059 INFO neutron.wsgi [req-d328f00a-9e3e-4434-9fdb-f7a624340000 2381c87c24634e059255e904a45e06ef 0d772b180b3c41e2ae2eba61c236b149 - default default] 10.0.20.26 "GET /v2.0/ports?network_id=5235640b-91db-49aa-9f3e-88fe054921d0&device_owner=network%3Adhcp HTTP/1.1" status: 200  len: 1128 time: 0.1676970
2018-06-26 05:27:08.220 16068 INFO neutron.wsgi [req-5c09ffeb-a88b-47b6-9893-f08cd3ccd241 850167e6f68b43f5b13a8f2392e1674f e1ca5ae892e948bdbc66a5378241c409 - 6df0f956090a4bd48ee33e00d6f84dc3 6df0f956090a4bd48ee33e00d6f84dc3] 10.0.20.26 "GET /v2.0/ports?device_id=57ce85d9-6976-486f-bde3-16a427c058c9 HTTP/1.1" status: 200  len: 1124 time: 0.8831000
2018-06-26 05:27:08.395 16068 INFO neutron.wsgi [req-29d0d209-4521-496d-8c73-69e7d7e04aba 850167e6f68b43f5b13a8f2392e1674f e1ca5ae892e948bdbc66a5378241c409 - 6df0f956090a4bd48ee33e00d6f84dc3 6df0f956090a4bd48ee33e00d6f84dc3] 10.0.20.26 "GET /v2.0/security-groups?id=e4f16b27-b325-4130-88dc-949debafb8a5 HTTP/1.1" status: 200  len: 2118 time: 0.1694260
2018-06-26 05:27:18.586 16063 INFO neutron.wsgi [req-b266bbc3-059b-4f06-893f-66f8b2cd1d8d 850167e6f68b43f5b13a8f2392e1674f e1ca5ae892e948bdbc66a5378241c409 - 6df0f956090a4bd48ee33e00d6f84dc3 6df0f956090a4bd48ee33e00d6f84dc3] 10.0.20.26 "GET /v2.0/ports?device_id=57ce85d9-6976-486f-bde3-16a427c058c9 HTTP/1.1" status: 200  len: 1124 time: 0.5696809
2018-06-26 05:27:18.713 16063 INFO neutron.wsgi [req-aaeb0495-4bcf-48ef-9644-f5090ea5e100 850167e6f68b43f5b13a8f2392e1674f e1ca5ae892e948bdbc66a5378241c409 - 6df0f956090a4bd48ee33e00d6f84dc3 6df0f956090a4bd48ee33e00d6f84dc3] 10.0.20.26 "GET /v2.0/security-groups?id=e4f16b27-b325-4130-88dc-949debafb8a5 HTTP/1.1" status: 200  len: 2118 time: 0.1206520
2018-06-26 05:27:30.920 16063 INFO neutron.wsgi [req-fc1827c6-2192-4e9f-846a-37556455a72f 850167e6f68b43f5b13a8f2392e1674f e1ca5ae892e948bdbc66a5378241c409 - 6df0f956090a4bd48ee33e00d6f84dc3 6df0f956090a4bd48ee33e00d6f84dc3] 10.0.20.26 "GET /v2.0/ports?device_id=57ce85d9-6976-486f-bde3-16a427c058c9 HTTP/1.1" status: 200  len: 1124 time: 0.8535321
