2018-06-28 15:31:34.228 3925 DEBUG neutron.db.provisioning_blocks [req-314f3293-43d4-4a80-abab-dee12254ffb9 - - - - -] Provisioning for port 711f02fb-e9bb-46b4-8085-a7e3da541b39 completed by entity L2. provisioning_complete /usr/lib/python2.7/site-packages/neutron/db/provisioning_blocks.py:132
2018-06-28 15:31:34.239 3925 DEBUG neutron.db.provisioning_blocks [req-314f3293-43d4-4a80-abab-dee12254ffb9 - - - - -] Provisioning complete for port 711f02fb-e9bb-46b4-8085-a7e3da541b39 triggered by entity L2. provisioning_complete /usr/lib/python2.7/site-packages/neutron/db/provisioning_blocks.py:138
2018-06-28 15:31:34.240 3925 DEBUG neutron_lib.callbacks.manager [req-314f3293-43d4-4a80-abab-dee12254ffb9 - - - - -] Notify callbacks ['neutron.plugins.ml2.plugin.Ml2Plugin._port_provisioned-1428880'] for port, provisioning_complete _notify_loop /usr/lib/python2.7/site-packages/neutron_lib/callbacks/manager.py:167
2018-06-28 15:31:34.504 3925 DEBUG neutron_lib.callbacks.manager [req-314f3293-43d4-4a80-abab-dee12254ffb9 - - - - -] Notify callbacks ['neutron.plugins.ml2.plugin.Ml2Plugin._ensure_default_security_group_handler--9223372036853794212'] for port, before_update _notify_loop /usr/lib/python2.7/site-packages/neutron_lib/callbacks/manager.py:167
2018-06-28 15:31:34.510 3905 INFO neutron.wsgi [req-05e28713-dfb8-4f4f-9f87-60754b08d018 72eef6c8af39495084702b0217df08d6 4340e242277144a39aad7507a87ea19b - default default] 10.0.20.23 "GET /v2.0/ports?tenant_id=d85ec4591e404551ac24ea179f7d1cce&device_id=4858f66c-c98a-4cfb-9e54-a9914ab5767f HTTP/1.1" status: 200  len: 1122 time: 0.2118740
2018-06-28 15:31:34.611 3925 DEBUG oslo_concurrency.lockutils [-] Lock "notifier-ef597f4c-b44e-41d0-a48c-44bdf869d9a6" acquired by "neutron.notifiers.batch_notifier.synced_send" :: waited 0.000s inner /usr/lib/python2.7/site-packages/oslo_concurrency/lockutils.py:270
2018-06-28 15:31:34.611 3925 DEBUG neutron.notifiers.nova [-] Sending events: [{'status': 'completed', 'tag': u'711f02fb-e9bb-46b4-8085-a7e3da541b39', 'name': 'network-vif-plugged', 'server_uuid': u'4858f66c-c98a-4cfb-9e54-a9914ab5767f'}] send_events /usr/lib/python2.7/site-packages/neutron/notifiers/nova.py:242
2018-06-28 15:31:34.625 3925 DEBUG neutron.plugins.ml2.db [req-314f3293-43d4-4a80-abab-dee12254ffb9 - - - - -] For port 711f02fb-e9bb-46b4-8085-a7e3da541b39, host localhost.localdomain, got binding levels [<neutron.plugins.ml2.models.PortBindingLevel[object at 7f36d21ff990] {port_id=u'711f02fb-e9bb-46b4-8085-a7e3da541b39', host=u'localhost.localdomain', level=0, driver=u'openvswitch', segment_id=u'd92e9092-62c6-4df6-8f1b-8814d17a99e6'}>] get_binding_levels /usr/lib/python2.7/site-packages/neutron/plugins/ml2/db.py:106
2018-06-28 15:31:34.673 3925 DEBUG neutron_lib.callbacks.manager [req-314f3293-43d4-4a80-abab-dee12254ffb9 - - - - -] Notify callbacks ['neutron.api.rpc.agentnotifiers.dhcp_rpc_agent_api.DhcpAgentNotifyAPI._native_event_send_dhcp_notification-1998091', 'neutron.db.l3_hascheduler_db._notify_l3_agent_ha_port_update-8742089940500', 'neutron.plugins.ml2.ovo_rpc._ObjectChangeHandler.handle_event-1593898', 'neutron.plugins.ml2.plugin.Ml2Plugin.notify_sg_on_port_change-981729', 'neutron.db.l3_dvrscheduler_db._notify_l3_agent_port_update--9223363294764835904'] for port, after_update _notify_loop /usr/lib/python2.7/site-packages/neutron_lib/callbacks/manager.py:167
2018-06-28 15:31:34.688 3925 DEBUG oslo_concurrency.lockutils [-] Lock "event-dispatch" acquired by "neutron.plugins.ml2.ovo_rpc.dispatch_events" :: waited 0.000s inner /usr/lib/python2.7/site-packages/oslo_concurrency/lockutils.py:270
2018-06-28 15:31:34.943 3925 DEBUG neutron.api.rpc.handlers.resources_rpc [req-314f3293-43d4-4a80-abab-dee12254ffb9 - - - - -] neutron.api.rpc.handlers.resources_rpc.ResourcesPushRpcApi method push called with arguments (<neutron_lib.context.Context object at 0x7f36d226f210>, [Port(admin_state_up=True,allowed_address_pairs=[],binding=PortBinding,binding_levels=[PortBindingLevel],created_at=2018-06-28T13:31:26Z,data_plane_status=<?>,description='',device_id='4858f66c-c98a-4cfb-9e54-a9914ab5767f',device_owner='compute:nova',dhcp_options=[],distributed_binding=None,dns=None,fixed_ips=[IPAllocation],id=711f02fb-e9bb-46b4-8085-a7e3da541b39,mac_address=fa:16:3e:9c:97:b3,name='',network_id=c1196363-1c42-43a2-a918-15d4146e2dd5,project_id='d85ec4591e404551ac24ea179f7d1cce',qos_policy_id=None,revision_number=6,security=PortSecurity(711f02fb-e9bb-46b4-8085-a7e3da541b39),security_group_ids=set([68e37ecf-2964-4a9f-b404-17a7414c2c14]),status='ACTIVE',updated_at=2018-06-28T13:31:34Z)], 'updated') {} wrapper /usr/lib/python2.7/site-packages/oslo_log/helpers.py:66
2018-06-28 15:31:34.967 3905 DEBUG neutron.pecan_wsgi.hooks.policy_enforcement [req-f3cfcc87-f178-441e-9323-c0fb22c42d6c 72eef6c8af39495084702b0217df08d6 4340e242277144a39aad7507a87ea19b - default default] Attributes excluded by policy engine: [u'vlan_transparent'] _exclude_attributes_by_policy /usr/lib/python2.7/site-packages/neutron/pecan_wsgi/hooks/policy_enforcement.py:256
2018-06-28 15:31:34.968 3925 DEBUG oslo_concurrency.lockutils [req-314f3293-43d4-4a80-abab-dee12254ffb9 - - - - -] Lock "event-dispatch" released by "neutron.plugins.ml2.ovo_rpc.dispatch_events" :: held 0.280s inner /usr/lib/python2.7/site-packages/oslo_concurrency/lockutils.py:282
2018-06-28 15:31:34.972 3905 INFO neutron.wsgi [req-f3cfcc87-f178-441e-9323-c0fb22c42d6c 72eef6c8af39495084702b0217df08d6 4340e242277144a39aad7507a87ea19b - default default] 10.0.20.23 "GET /v2.0/networks?id=c1196363-1c42-43a2-a918-15d4146e2dd5 HTTP/1.1" status: 200  len: 885 time: 0.4539461
2018-06-28 15:31:35.030 3905 INFO neutron.wsgi [req-81280aa6-d427-4332-ac3b-31d4bc6166ec 72eef6c8af39495084702b0217df08d6 4340e242277144a39aad7507a87ea19b - default default] 10.0.20.23 "GET /v2.0/floatingips?fixed_ip_address=11.110.1.7&port_id=711f02fb-e9bb-46b4-8085-a7e3da541b39 HTTP/1.1" status: 200  len: 217 time: 0.0493512
2018-06-28 15:31:35.211 3905 DEBUG neutron.pecan_wsgi.hooks.policy_enforcement [req-adba5193-f585-4fb6-b030-6924713444a1 72eef6c8af39495084702b0217df08d6 4340e242277144a39aad7507a87ea19b - default default] Attributes excluded by policy engine: [u'shared'] _exclude_attributes_by_policy /usr/lib/python2.7/site-packages/neutron/pecan_wsgi/hooks/policy_enforcement.py:256
2018-06-28 15:31:35.214 3905 INFO neutron.wsgi [req-adba5193-f585-4fb6-b030-6924713444a1 72eef6c8af39495084702b0217df08d6 4340e242277144a39aad7507a87ea19b - default default] 10.0.20.23 "GET /v2.0/subnets?id=1e238a73-a5ed-4285-8239-b566e09cbe52 HTTP/1.1" status: 200  len: 847 time: 0.1728590
2018-06-28 15:31:35.387 3905 INFO neutron.wsgi [req-8068a39b-7f26-4b58-82c2-271b98e8445f 72eef6c8af39495084702b0217df08d6 4340e242277144a39aad7507a87ea19b - default default] 10.0.20.23 "GET /v2.0/ports?network_id=c1196363-1c42-43a2-a918-15d4146e2dd5&device_owner=network%3Adhcp HTTP/1.1" status: 200  len: 1128 time: 0.1600349
2018-06-28 15:31:35.709 3927 DEBUG neutron.plugins.ml2.rpc [req-314f3293-43d4-4a80-abab-dee12254ffb9 - - - - -] Device 711f02fb-e9bb-46b4-8085-a7e3da541b39 up at agent ovs-agent-localhost.localdomain update_device_up /usr/lib/python2.7/site-packages/neutron/plugins/ml2/rpc.py:244
2018-06-28 15:31:35.720 3925 DEBUG novaclient.v2.client [-] REQ: curl -g -i -X POST http://10.0.20.23:8774/v2.1/4340e242277144a39aad7507a87ea19b/os-server-external-events -H "User-Agent: python-novaclient" -H "Content-Type: application/json" -H "Accept: application/json" -H "X-OpenStack-Nova-API-Version: 2.1" -H "X-Auth-Token: {SHA1}5fbdbf217bf869eee5a8e750a407607c013f255b" -d '{"events": [{"status": "completed", "tag": "711f02fb-e9bb-46b4-8085-a7e3da541b39", "name": "network-vif-plugged", "server_uuid": "4858f66c-c98a-4cfb-9e54-a9914ab5767f"}]}' _http_log_request /usr/lib/python2.7/site-packages/keystoneauth1/session.py:375
2018-06-28 15:31:35.851 3927 DEBUG neutron.db.provisioning_blocks [req-314f3293-43d4-4a80-abab-dee12254ffb9 - - - - -] Provisioning complete for port 711f02fb-e9bb-46b4-8085-a7e3da541b39 triggered by entity L2. provisioning_complete /usr/lib/python2.7/site-packages/neutron/db/provisioning_blocks.py:138
2018-06-28 15:31:35.852 3927 DEBUG neutron_lib.callbacks.manager [req-314f3293-43d4-4a80-abab-dee12254ffb9 - - - - -] Notify callbacks ['neutron.plugins.ml2.plugin.Ml2Plugin._port_provisioned-1428880'] for port, provisioning_complete _notify_loop /usr/lib/python2.7/site-packages/neutron_lib/callbacks/manager.py:167
2018-06-28 15:31:36.115 3905 DEBUG oslo_concurrency.lockutils [-] Lock "notifier-ef597f4c-b44e-41d0-a48c-44bdf869d9a6" released by "neutron.notifiers.batch_notifier.synced_send" :: held 4.111s inner /usr/lib/python2.7/site-packages/oslo_concurrency/lockutils.py:282
2018-06-28 15:31:38.390 3925 DEBUG novaclient.v2.client [-] RESP: [200] Content-Length: 183 Content-Type: application/json Openstack-Api-Version: compute 2.1 X-Openstack-Nova-Api-Version: 2.1 Vary: OpenStack-API-Version, X-OpenStack-Nova-API-Version X-Openstack-Request-Id: req-f4db497e-8b57-43f0-af73-2e651c105435 X-Compute-Request-Id: req-f4db497e-8b57-43f0-af73-2e651c105435 Date: Thu, 28 Jun 2018 13:31:38 GMT Connection: keep-alive 
RESP BODY: {"events": [{"status": "completed", "tag": "711f02fb-e9bb-46b4-8085-a7e3da541b39", "name": "network-vif-plugged", "server_uuid": "4858f66c-c98a-4cfb-9e54-a9914ab5767f", "code": 200}]}
 _http_log_response /usr/lib/python2.7/site-packages/keystoneauth1/session.py:423
2018-06-28 15:31:38.390 3925 DEBUG novaclient.v2.client [-] POST call to compute for http://10.0.20.23:8774/v2.1/4340e242277144a39aad7507a87ea19b/os-server-external-events used request id req-f4db497e-8b57-43f0-af73-2e651c105435 request /usr/lib/python2.7/site-packages/keystoneauth1/session.py:727
2018-06-28 15:31:38.406 3925 INFO neutron.notifiers.nova [-] Nova event response: {u'status': u'completed', u'tag': u'711f02fb-e9bb-46b4-8085-a7e3da541b39', u'name': u'network-vif-plugged', u'server_uuid': u'4858f66c-c98a-4cfb-9e54-a9914ab5767f', u'code': 200}
2018-06-28 15:31:39.217 3905 DEBUG neutron.quota.resource [req-ad467c86-66ed-4266-8674-590a71e3a103 21aaa5ea967744848aa5a1d26948d8c1 d85ec4591e404551ac24ea179f7d1cce - 25bf4ac9c17841ab8a54034f9f28e70c 25bf4ac9c17841ab8a54034f9f28e70c] Synchronizing usage tracker for tenant:d85ec4591e404551ac24ea179f7d1cce on resource:port resync /usr/lib/python2.7/site-packages/neutron/quota/resource.py:245
2018-06-28 15:31:39.266 3905 DEBUG neutron.quota.resource [req-ad467c86-66ed-4266-8674-590a71e3a103 21aaa5ea967744848aa5a1d26948d8c1 d85ec4591e404551ac24ea179f7d1cce - 25bf4ac9c17841ab8a54034f9f28e70c 25bf4ac9c17841ab8a54034f9f28e70c] Unset dirty status for tenant:d85ec4591e404551ac24ea179f7d1cce on resource:port _resync /usr/lib/python2.7/site-packages/neutron/quota/resource.py:237
2018-06-28 15:31:39.268 3905 INFO neutron.wsgi [req-ad467c86-66ed-4266-8674-590a71e3a103 21aaa5ea967744848aa5a1d26948d8c1 d85ec4591e404551ac24ea179f7d1cce - 25bf4ac9c17841ab8a54034f9f28e70c 25bf4ac9c17841ab8a54034f9f28e70c] 10.0.20.23 "GET /v2.0/ports?device_id=4858f66c-c98a-4cfb-9e54-a9914ab5767f HTTP/1.1" status: 200  len: 1124 time: 0.2033858
2018-06-28 15:31:39.406 3905 DEBUG neutron.plugins.ml2.plugin [req-db30f76b-055a-4667-bc93-7ae9e3a0de24 21aaa5ea967744848aa5a1d26948d8c1 d85ec4591e404551ac24ea179f7d1cce - 25bf4ac9c17841ab8a54034f9f28e70c 25bf4ac9c17841ab8a54034f9f28e70c] Deleting port 711f02fb-e9bb-46b4-8085-a7e3da541b39 _pre_delete_port /usr/lib/python2.7/site-packages/neutron/plugins/ml2/plugin.py:1488
2018-06-28 15:31:39.407 3905 DEBUG neutron_lib.callbacks.manager [req-db30f76b-055a-4667-bc93-7ae9e3a0de24 21aaa5ea967744848aa5a1d26948d8c1 d85ec4591e404551ac24ea179f7d1cce - 25bf4ac9c17841ab8a54034f9f28e70c 25bf4ac9c17841ab8a54034f9f28e70c] Notify callbacks ['neutron.db.l3_db._prevent_l3_port_delete_callback-8742090502630'] for port, before_delete _notify_loop /usr/lib/python2.7/site-packages/neutron_lib/callbacks/manager.py:167
2018-06-28 15:31:39.681 3909 DEBUG neutron.wsgi [-] (3909) accepted ('10.0.20.23', 45126) server /usr/lib/python2.7/site-packages/eventlet/wsgi.py:883
2018-06-28 15:31:39.720 3909 WARNING keystonemiddleware.auth_token [-] Using the in-process token cache is deprecated as of the 4.2.0 release and may be removed in the 5.0.0 release or the 'O' development cycle. The in-process cache causes inconsistent results and high memory usage. When the feature is removed the auth_token middleware will not cache tokens by default which may result in performance issues. It is recommended to use  memcache for the auth_token token cache by setting the memcached_servers option.
2018-06-28 15:31:39.919 3905 DEBUG neutron.plugins.ml2.db [req-db30f76b-055a-4667-bc93-7ae9e3a0de24 21aaa5ea967744848aa5a1d26948d8c1 d85ec4591e404551ac24ea179f7d1cce - 25bf4ac9c17841ab8a54034f9f28e70c 25bf4ac9c17841ab8a54034f9f28e70c] For port 711f02fb-e9bb-46b4-8085-a7e3da541b39, host localhost.localdomain, got binding levels [<neutron.plugins.ml2.models.PortBindingLevel[object at 7f36d1fda950] {port_id=u'711f02fb-e9bb-46b4-8085-a7e3da541b39', host=u'localhost.localdomain', level=0, driver=u'openvswitch', segment_id=u'd92e9092-62c6-4df6-8f1b-8814d17a99e6'}>] get_binding_levels /usr/lib/python2.7/site-packages/neutron/plugins/ml2/db.py:106
2018-06-28 15:31:39.968 3905 DEBUG neutron.plugins.ml2.plugin [req-db30f76b-055a-4667-bc93-7ae9e3a0de24 21aaa5ea967744848aa5a1d26948d8c1 d85ec4591e404551ac24ea179f7d1cce - 25bf4ac9c17841ab8a54034f9f28e70c 25bf4ac9c17841ab8a54034f9f28e70c] Calling delete_port for 711f02fb-e9bb-46b4-8085-a7e3da541b39 owned by compute:nova delete_port /usr/lib/python2.7/site-packages/neutron/plugins/ml2/plugin.py:1547
2018-06-28 15:31:40.404 3905 DEBUG neutron_lib.callbacks.manager [req-db30f76b-055a-4667-bc93-7ae9e3a0de24 21aaa5ea967744848aa5a1d26948d8c1 d85ec4591e404551ac24ea179f7d1cce - 25bf4ac9c17841ab8a54034f9f28e70c 25bf4ac9c17841ab8a54034f9f28e70c] Notify callbacks ['neutron.api.rpc.agentnotifiers.dhcp_rpc_agent_api.DhcpAgentNotifyAPI._native_event_send_dhcp_notification-1998091', 'neutron.plugins.ml2.ovo_rpc._ObjectChangeHandler.handle_event-1593898', 'neutron.plugins.ml2.plugin.Ml2Plugin.notify_sg_on_port_change-981729', 'neutron.db.l3_dvrscheduler_db._notify_port_delete-8742089939897', 'neutron.db.l3_db._notify_routers_callback--9223363294764296000'] for port, after_delete _notify_loop /usr/lib/python2.7/site-packages/neutron_lib/callbacks/manager.py:167
2018-06-28 15:31:40.409 3925 DEBUG oslo_concurrency.lockutils [-] Lock "notifier-ef597f4c-b44e-41d0-a48c-44bdf869d9a6" released by "neutron.notifiers.batch_notifier.synced_send" :: held 5.798s inner /usr/lib/python2.7/site-packages/oslo_concurrency/lockutils.py:282
2018-06-28 15:31:40.793 3905 DEBUG oslo_concurrency.lockutils [-] Lock "event-dispatch" acquired by "neutron.plugins.ml2.ovo_rpc.dispatch_events" :: waited 0.001s inner /usr/lib/python2.7/site-packages/oslo_concurrency/lockutils.py:270
2018-06-28 15:31:40.928 3905 DEBUG neutron.api.rpc.handlers.resources_rpc [req-db30f76b-055a-4667-bc93-7ae9e3a0de24 21aaa5ea967744848aa5a1d26948d8c1 d85ec4591e404551ac24ea179f7d1cce - - -] neutron.api.rpc.handlers.resources_rpc.ResourcesPushRpcApi method push called with arguments (<neutron_lib.context.Context object at 0x7f36d17b3090>, [Port(admin_state_up=<?>,allowed_address_pairs=<?>,binding=<?>,binding_levels=<?>,created_at=<?>,data_plane_status=<?>,description=<?>,device_id=<?>,device_owner=<?>,dhcp_options=<?>,distributed_binding=<?>,dns=<?>,fixed_ips=<?>,id=711f02fb-e9bb-46b4-8085-a7e3da541b39,mac_address=<?>,name=<?>,network_id=<?>,project_id=<?>,qos_policy_id=None,revision_number=<?>,security=<?>,security_group_ids=None,status=<?>,updated_at=<?>)], 'deleted') {} wrapper /usr/lib/python2.7/site-packages/oslo_log/helpers.py:66
2018-06-28 15:31:40.964 3905 DEBUG oslo_concurrency.lockutils [req-db30f76b-055a-4667-bc93-7ae9e3a0de24 21aaa5ea967744848aa5a1d26948d8c1 d85ec4591e404551ac24ea179f7d1cce - - -] Lock "event-dispatch" released by "neutron.plugins.ml2.ovo_rpc.dispatch_events" :: held 0.171s inner /usr/lib/python2.7/site-packages/oslo_concurrency/lockutils.py:282
2018-06-28 15:31:41.030 3905 DEBUG neutron.db.l3_dvrscheduler_db [req-db30f76b-055a-4667-bc93-7ae9e3a0de24 21aaa5ea967744848aa5a1d26948d8c1 d85ec4591e404551ac24ea179f7d1cce - 25bf4ac9c17841ab8a54034f9f28e70c 25bf4ac9c17841ab8a54034f9f28e70c] No DVR routers for this DVR port 711f02fb-e9bb-46b4-8085-a7e3da541b39 on host localhost.localdomain get_dvr_routers_to_remove /usr/lib/python2.7/site-packages/neutron/db/l3_dvrscheduler_db.py:191
2018-06-28 15:31:41.057 3905 DEBUG neutron_lib.callbacks.manager [req-db30f76b-055a-4667-bc93-7ae9e3a0de24 21aaa5ea967744848aa5a1d26948d8c1 d85ec4591e404551ac24ea179f7d1cce - 25bf4ac9c17841ab8a54034f9f28e70c 25bf4ac9c17841ab8a54034f9f28e70c] Notify callbacks ['neutron.notifiers.nova.Notifier._send_nova_notification--9223372036854763324'] for port, before_response _notify_loop /usr/lib/python2.7/site-packages/neutron_lib/callbacks/manager.py:167
2018-06-28 15:31:41.067 3905 DEBUG oslo_concurrency.lockutils [-] Lock "notifier-ef597f4c-b44e-41d0-a48c-44bdf869d9a6" acquired by "neutron.notifiers.batch_notifier.synced_send" :: waited 0.000s inner /usr/lib/python2.7/site-packages/oslo_concurrency/lockutils.py:270
2018-06-28 15:31:41.068 3905 DEBUG neutron.notifiers.nova [-] Sending events: [{'tag': u'711f02fb-e9bb-46b4-8085-a7e3da541b39', 'name': 'network-vif-deleted', 'server_uuid': u'4858f66c-c98a-4cfb-9e54-a9914ab5767f'}] send_events /usr/lib/python2.7/site-packages/neutron/notifiers/nova.py:242
2018-06-28 15:31:41.073 3905 DEBUG novaclient.v2.client [-] REQ: curl -g -i -X POST http://10.0.20.23:8774/v2.1/4340e242277144a39aad7507a87ea19b/os-server-external-events -H "User-Agent: python-novaclient" -H "Content-Type: application/json" -H "Accept: application/json" -H "X-OpenStack-Nova-API-Version: 2.1" -H "X-Auth-Token: {SHA1}a4aca819e444d59a86246f706f471da4bb11af2b" -d '{"events": [{"tag": "711f02fb-e9bb-46b4-8085-a7e3da541b39", "name": "network-vif-deleted", "server_uuid": "4858f66c-c98a-4cfb-9e54-a9914ab5767f"}]}' _http_log_request /usr/lib/python2.7/site-packages/keystoneauth1/session.py:375
2018-06-28 15:31:41.114 3905 DEBUG neutron.quota.resource [req-db30f76b-055a-4667-bc93-7ae9e3a0de24 21aaa5ea967744848aa5a1d26948d8c1 d85ec4591e404551ac24ea179f7d1cce - 25bf4ac9c17841ab8a54034f9f28e70c 25bf4ac9c17841ab8a54034f9f28e70c] Persisted dirty status for tenant:d85ec4591e404551ac24ea179f7d1cce on resource:port mark_dirty /usr/lib/python2.7/site-packages/neutron/quota/resource.py:207
2018-06-28 15:31:41.148 3905 INFO neutron.wsgi [req-db30f76b-055a-4667-bc93-7ae9e3a0de24 21aaa5ea967744848aa5a1d26948d8c1 d85ec4591e404551ac24ea179f7d1cce - 25bf4ac9c17841ab8a54034f9f28e70c 25bf4ac9c17841ab8a54034f9f28e70c] 10.0.20.23 "DELETE /v2.0/ports/711f02fb-e9bb-46b4-8085-a7e3da541b39 HTTP/1.1" status: 204  len: 173 time: 1.8669641
2018-06-28 15:31:41.191 3905 DEBUG novaclient.v2.client [-] RESP: [200] Content-Length: 183 Content-Type: application/json Openstack-Api-Version: compute 2.1 X-Openstack-Nova-Api-Version: 2.1 Vary: OpenStack-API-Version, X-OpenStack-Nova-API-Version X-Openstack-Request-Id: req-78e4679b-0855-4249-b022-b8414ada158e X-Compute-Request-Id: req-78e4679b-0855-4249-b022-b8414ada158e Date: Thu, 28 Jun 2018 13:31:41 GMT Connection: keep-alive 
RESP BODY: {"events": [{"status": "completed", "tag": "711f02fb-e9bb-46b4-8085-a7e3da541b39", "name": "network-vif-deleted", "server_uuid": "4858f66c-c98a-4cfb-9e54-a9914ab5767f", "code": 200}]}
 _http_log_response /usr/lib/python2.7/site-packages/keystoneauth1/session.py:423
2018-06-28 15:31:41.192 3905 DEBUG novaclient.v2.client [-] POST call to compute for http://10.0.20.23:8774/v2.1/4340e242277144a39aad7507a87ea19b/os-server-external-events used request id req-78e4679b-0855-4249-b022-b8414ada158e request /usr/lib/python2.7/site-packages/keystoneauth1/session.py:727
2018-06-28 15:31:41.201 3905 INFO neutron.notifiers.nova [-] Nova event response: {u'status': u'completed', u'tag': u'711f02fb-e9bb-46b4-8085-a7e3da541b39', u'name': u'network-vif-deleted', u'server_uuid': u'4858f66c-c98a-4cfb-9e54-a9914ab5767f', u'code': 200}
2018-06-28 15:31:41.659 3909 WARNING keystonemiddleware.auth_token [-] A valid token was submitted as a service token, but it was not a valid service token. This is incorrect but backwards compatible behaviour. This will be removed in future releases.
2018-06-28 15:31:42.366 3909 DEBUG oslo_policy._cache_handler [req-b57da38f-ee3f-48ce-8294-8fc5d77fd7ac 21aaa5ea967744848aa5a1d26948d8c1 d85ec4591e404551ac24ea179f7d1cce - 25bf4ac9c17841ab8a54034f9f28e70c 25bf4ac9c17841ab8a54034f9f28e70c] Reloading cached file /etc/neutron/policy.json read_cached_file /usr/lib/python2.7/site-packages/oslo_policy/_cache_handler.py:40
2018-06-28 15:31:42.415 3909 DEBUG oslo_policy.policy [req-b57da38f-ee3f-48ce-8294-8fc5d77fd7ac 21aaa5ea967744848aa5a1d26948d8c1 d85ec4591e404551ac24ea179f7d1cce - 25bf4ac9c17841ab8a54034f9f28e70c 25bf4ac9c17841ab8a54034f9f28e70c] Reloaded policy file: /etc/neutron/policy.json _load_policy_file /usr/lib/python2.7/site-packages/oslo_policy/policy.py:681
2018-06-28 15:31:43.121 3909 DEBUG oslo_policy._cache_handler [req-b57da38f-ee3f-48ce-8294-8fc5d77fd7ac 21aaa5ea967744848aa5a1d26948d8c1 d85ec4591e404551ac24ea179f7d1cce - 25bf4ac9c17841ab8a54034f9f28e70c 25bf4ac9c17841ab8a54034f9f28e70c] Reloading cached file /etc/neutron/policy.json read_cached_file /usr/lib/python2.7/site-packages/oslo_policy/_cache_handler.py:40
2018-06-28 15:31:43.150 3909 DEBUG oslo_policy.policy [req-b57da38f-ee3f-48ce-8294-8fc5d77fd7ac 21aaa5ea967744848aa5a1d26948d8c1 d85ec4591e404551ac24ea179f7d1cce - 25bf4ac9c17841ab8a54034f9f28e70c 25bf4ac9c17841ab8a54034f9f28e70c] Reloaded policy file: /etc/neutron/policy.json _load_policy_file /usr/lib/python2.7/site-packages/oslo_policy/policy.py:681
2018-06-28 15:31:43.161 3909 INFO neutron.wsgi [req-b57da38f-ee3f-48ce-8294-8fc5d77fd7ac 21aaa5ea967744848aa5a1d26948d8c1 d85ec4591e404551ac24ea179f7d1cce - 25bf4ac9c17841ab8a54034f9f28e70c 25bf4ac9c17841ab8a54034f9f28e70c] 10.0.20.23 "GET /v2.0/ports?device_id=4858f66c-c98a-4cfb-9e54-a9914ab5767f HTTP/1.1" status: 200  len: 210 time: 3.4536469
2018-06-28 15:31:43.202 3905 DEBUG oslo_concurrency.lockutils [-] Lock "notifier-ef597f4c-b44e-41d0-a48c-44bdf869d9a6" released by "neutron.notifiers.batch_notifier.synced_send" :: held 2.135s inner /usr/lib/python2.7/site-packages/oslo_concurrency/lockutils.py:282
2018-06-28 15:31:43.649 3931 DEBUG neutron.plugins.ml2.rpc [req-314f3293-43d4-4a80-abab-dee12254ffb9 - - - - -] Device 711f02fb-e9bb-46b4-8085-a7e3da541b39 no longer exists at agent ovs-agent-localhost.localdomain update_device_down /usr/lib/python2.7/site-packages/neutron/plugins/ml2/rpc.py:213
2018-06-28 15:31:43.720 3931 DEBUG neutron.plugins.ml2.plugin [req-314f3293-43d4-4a80-abab-dee12254ffb9 - - - - -] No Port match for: 711f02fb-e9bb-46b4-8085-a7e3da541b39 port_bound_to_host /usr/lib/python2.7/site-packages/neutron/plugins/ml2/plugin.py:1806
2018-06-28 15:31:43.721 3931 DEBUG neutron.plugins.ml2.rpc [req-314f3293-43d4-4a80-abab-dee12254ffb9 - - - - -] Device 711f02fb-e9bb-46b4-8085-a7e3da541b39 not bound to the agent host localhost.localdomain update_device_down /usr/lib/python2.7/site-packages/neutron/plugins/ml2/rpc.py:221
2018-06-28 15:31:50.675 3931 DEBUG neutron_lib.callbacks.manager [req-04918d1f-40a4-4895-924f-53ddde3f4441 - - - - -] Notify callbacks ['neutron.services.segments.db._update_segment_host_mapping_for_agent-8742090302258'] for agent, after_update _notify_loop /usr/lib/python2.7/site-packages/neutron_lib/callbacks/manager.py:167
2018-06-28 15:31:50.689 3928 DEBUG neutron_lib.callbacks.manager [req-90658fe7-ece1-49df-909a-85e0f079bfeb - - - - -] Notify callbacks ['neutron.services.segments.db._update_segment_host_mapping_for_agent-8742090302258'] for agent, after_update _notify_loop /usr/lib/python2.7/site-packages/neutron_lib/callbacks/manager.py:167
2018-06-28 15:31:53.255 3936 DEBUG neutron_lib.callbacks.manager [req-4876fe16-709a-46da-8b47-8f151afd75bb - - - - -] Notify callbacks ['neutron.services.segments.db._update_segment_host_mapping_for_agent-8742090302258'] for agent, after_update _notify_loop /usr/lib/python2.7/site-packages/neutron_lib/callbacks/manager.py:167
2018-06-28 15:31:53.333 3923 DEBUG neutron_lib.callbacks.manager [req-41b6e9d7-d05f-4348-b911-575fce29af55 - - - - -] Notify callbacks ['neutron.services.segments.db._update_segment_host_mapping_for_agent-8742090302258'] for agent, after_update _notify_loop /usr/lib/python2.7/site-packages/neutron_lib/callbacks/manager.py:167
2018-06-28 15:31:55.205 3916 DEBUG neutron.wsgi [-] (3916) accepted ('10.0.20.23', 45858) server /usr/lib/python2.7/site-packages/eventlet/wsgi.py:883
2018-06-28 15:31:55.266 3916 INFO neutron.wsgi [-] 10.0.20.23 "GET / HTTP/1.1" status: 200  len: 252 time: 0.0162220
2018-06-28 15:31:56.201 3916 INFO neutron.pecan_wsgi.hooks.translation [req-e163060c-22a2-4969-b28a-44213334b1c3 4e72ad8ceb8f47a28db5a4b3551f9335 007e7f1ed2554995b505b934dd328646 - default default] GET failed (client error): The resource could not be found.
2018-06-28 15:31:56.203 3916 INFO neutron.wsgi [req-e163060c-22a2-4969-b28a-44213334b1c3 4e72ad8ceb8f47a28db5a4b3551f9335 007e7f1ed2554995b505b934dd328646 - default default] 10.0.20.23 "GET /v2.0/networks/public HTTP/1.1" status: 404  len: 314 time: 0.9270730
2018-06-28 15:31:56.513 3916 DEBUG neutron.pecan_wsgi.hooks.policy_enforcement [req-5e6b6269-5c1c-434e-8c75-ab9a09852cba 4e72ad8ceb8f47a28db5a4b3551f9335 007e7f1ed2554995b505b934dd328646 - default default] Attributes excluded by policy engine: [u'vlan_transparent'] _exclude_attributes_by_policy /usr/lib/python2.7/site-packages/neutron/pecan_wsgi/hooks/policy_enforcement.py:256
2018-06-28 15:31:56.514 3916 DEBUG neutron.pecan_wsgi.hooks.policy_enforcement [req-5e6b6269-5c1c-434e-8c75-ab9a09852cba 4e72ad8ceb8f47a28db5a4b3551f9335 007e7f1ed2554995b505b934dd328646 - default default] Attributes excluded by policy engine: [u'vlan_transparent'] _exclude_attributes_by_policy /usr/lib/python2.7/site-packages/neutron/pecan_wsgi/hooks/policy_enforcement.py:256
2018-06-28 15:31:56.515 3916 DEBUG neutron.pecan_wsgi.hooks.policy_enforcement [req-5e6b6269-5c1c-434e-8c75-ab9a09852cba 4e72ad8ceb8f47a28db5a4b3551f9335 007e7f1ed2554995b505b934dd328646 - default default] Attributes excluded by policy engine: [u'vlan_transparent'] _exclude_attributes_by_policy /usr/lib/python2.7/site-packages/neutron/pecan_wsgi/hooks/policy_enforcement.py:256
2018-06-28 15:31:56.518 3916 INFO neutron.wsgi [req-5e6b6269-5c1c-434e-8c75-ab9a09852cba 4e72ad8ceb8f47a28db5a4b3551f9335 007e7f1ed2554995b505b934dd328646 - default default] 10.0.20.23 "GET /v2.0/networks HTTP/1.1" status: 200  len: 2214 time: 0.3030891
2018-06-28 15:31:57.281 3916 DEBUG neutron.api.v2.base [req-6a5e6c00-470b-4f80-bab9-88d19c7c8d4c 4e72ad8ceb8f47a28db5a4b3551f9335 007e7f1ed2554995b505b934dd328646 - default default] Request body: {u'floatingip': {u'floating_network_id': u'27d015bc-8cdc-4cb5-ad0f-6c388c7b7d5e', u'tenant_id': u'd85ec4591e404551ac24ea179f7d1cce'}} prepare_request_body /usr/lib/python2.7/site-packages/neutron/api/v2/base.py:695
2018-06-28 15:31:57.289 3916 DEBUG neutron.db.quota.driver [req-6a5e6c00-470b-4f80-bab9-88d19c7c8d4c 4e72ad8ceb8f47a28db5a4b3551f9335 007e7f1ed2554995b505b934dd328646 - default default] Resources subnetpool have unlimited quota limit. It is not required to calculate headroom  make_reservation /usr/lib/python2.7/site-packages/neutron/db/quota/driver.py:223
2018-06-28 15:31:57.298 3916 DEBUG neutron.quota.resource [req-6a5e6c00-470b-4f80-bab9-88d19c7c8d4c 4e72ad8ceb8f47a28db5a4b3551f9335 007e7f1ed2554995b505b934dd328646 - default default] Usage tracker for resource:floatingip and tenant:d85ec4591e404551ac24ea179f7d1cce is out of sync, need to count used quota count_used /usr/lib/python2.7/site-packages/neutron/quota/resource.py:274
2018-06-28 15:31:57.315 3916 DEBUG neutron.quota.resource [req-6a5e6c00-470b-4f80-bab9-88d19c7c8d4c 4e72ad8ceb8f47a28db5a4b3551f9335 007e7f1ed2554995b505b934dd328646 - default default] Quota usage for floatingip was recalculated. Used quota:0. count_used /usr/lib/python2.7/site-packages/neutron/quota/resource.py:293
2018-06-28 15:31:57.330 3916 DEBUG neutron.db.quota.driver [req-6a5e6c00-470b-4f80-bab9-88d19c7c8d4c 4e72ad8ceb8f47a28db5a4b3551f9335 007e7f1ed2554995b505b934dd328646 - default default] Attempting to reserve 1 items for resource floatingip. Total usage: 0; quota limit: 50; headroom:50 make_reservation /usr/lib/python2.7/site-packages/neutron/db/quota/driver.py:255
2018-06-28 15:31:57.683 3916 DEBUG neutron_lib.callbacks.manager [req-6a5e6c00-470b-4f80-bab9-88d19c7c8d4c 4e72ad8ceb8f47a28db5a4b3551f9335 007e7f1ed2554995b505b934dd328646 - default default] Notify callbacks ['neutron.plugins.ml2.plugin.Ml2Plugin._ensure_default_security_group_handler--9223372036853794212'] for port, before_create _notify_loop /usr/lib/python2.7/site-packages/neutron_lib/callbacks/manager.py:167
2018-06-28 15:31:58.475 3916 DEBUG neutron.db.db_base_plugin_common [req-6a5e6c00-470b-4f80-bab9-88d19c7c8d4c 4e72ad8ceb8f47a28db5a4b3551f9335 007e7f1ed2554995b505b934dd328646 - default default] Allocated IP 172.24.4.9 (27d015bc-8cdc-4cb5-ad0f-6c388c7b7d5e/13c1b0d0-0ad2-44d1-9c10-321cd0119f52/1f44adeb-be9c-4763-a363-bd11c11442d6) _store_ip_allocation /usr/lib/python2.7/site-packages/neutron/db/db_base_plugin_common.py:122
2018-06-28 15:31:58.841 3916 DEBUG neutron_lib.callbacks.manager [req-6a5e6c00-470b-4f80-bab9-88d19c7c8d4c 4e72ad8ceb8f47a28db5a4b3551f9335 007e7f1ed2554995b505b934dd328646 - default default] Notify callbacks [] for port, precommit_create _notify_loop /usr/lib/python2.7/site-packages/neutron_lib/callbacks/manager.py:167
2018-06-28 15:31:58.968 3916 DEBUG neutron_lib.callbacks.manager [req-6a5e6c00-470b-4f80-bab9-88d19c7c8d4c 4e72ad8ceb8f47a28db5a4b3551f9335 007e7f1ed2554995b505b934dd328646 - default default] Notify callbacks ['neutron.api.rpc.agentnotifiers.dhcp_rpc_agent_api.DhcpAgentNotifyAPI._native_event_send_dhcp_notification-1998091', 'neutron.db.l3_dvrscheduler_db._notify_l3_agent_new_port--9223363294764835919', 'neutron.plugins.ml2.ovo_rpc._ObjectChangeHandler.handle_event-1593898', 'neutron.plugins.ml2.plugin.Ml2Plugin.notify_sg_on_port_change-981729'] for port, after_create _notify_loop /usr/lib/python2.7/site-packages/neutron_lib/callbacks/manager.py:167
2018-06-28 15:31:59.469 3916 DEBUG neutron.scheduler.dhcp_agent_scheduler [req-6a5e6c00-470b-4f80-bab9-88d19c7c8d4c 4e72ad8ceb8f47a28db5a4b3551f9335 007e7f1ed2554995b505b934dd328646 - default default] Network 27d015bc-8cdc-4cb5-ad0f-6c388c7b7d5e is already hosted by enough agents. _get_dhcp_agents_hosting_network /usr/lib/python2.7/site-packages/neutron/scheduler/dhcp_agent_scheduler.py:243
2018-06-28 15:31:59.512 3916 DEBUG neutron.db.l3_dvrscheduler_db [req-6a5e6c00-470b-4f80-bab9-88d19c7c8d4c 4e72ad8ceb8f47a28db5a4b3551f9335 007e7f1ed2554995b505b934dd328646 - default default] Received port after_create _notify_l3_agent_new_port /usr/lib/python2.7/site-packages/neutron/db/l3_dvrscheduler_db.py:392
2018-06-28 15:31:59.518 3916 DEBUG oslo_concurrency.lockutils [-] Lock "event-dispatch" acquired by "neutron.plugins.ml2.ovo_rpc.dispatch_events" :: waited 0.000s inner /usr/lib/python2.7/site-packages/oslo_concurrency/lockutils.py:270
2018-06-28 15:31:59.700 3916 DEBUG neutron.api.rpc.handlers.resources_rpc [req-6a5e6c00-470b-4f80-bab9-88d19c7c8d4c 4e72ad8ceb8f47a28db5a4b3551f9335 007e7f1ed2554995b505b934dd328646 - - -] neutron.api.rpc.handlers.resources_rpc.ResourcesPushRpcApi method push called with arguments (<neutron_lib.context.Context object at 0x7f36d1c6f9d0>, [Port(admin_state_up=True,allowed_address_pairs=[],binding=PortBinding,binding_levels=[],created_at=2018-06-28T13:31:58Z,data_plane_status=<?>,description='',device_id='PENDING',device_owner='network:floatingip',dhcp_options=[],distributed_binding=None,dns=None,fixed_ips=[IPAllocation],id=1f44adeb-be9c-4763-a363-bd11c11442d6,mac_address=fa:16:3e:96:54:fc,name='',network_id=27d015bc-8cdc-4cb5-ad0f-6c388c7b7d5e,project_id='',qos_policy_id=None,revision_number=3,security=PortSecurity(1f44adeb-be9c-4763-a363-bd11c11442d6),security_group_ids=set([]),status='N/A',updated_at=2018-06-28T13:31:58Z)], 'updated') {} wrapper /usr/lib/python2.7/site-packages/oslo_log/helpers.py:66
2018-06-28 15:31:59.724 3916 DEBUG neutron.api.rpc.callbacks.version_manager [req-6a5e6c00-470b-4f80-bab9-88d19c7c8d4c 4e72ad8ceb8f47a28db5a4b3551f9335 007e7f1ed2554995b505b934dd328646 - - -] Version for resource type Subnet changed None to 1.0 on consumer Open vSwitch agent@localhost.localdomain _set_version /usr/lib/python2.7/site-packages/neutron/api/rpc/callbacks/version_manager.py:119
2018-06-28 15:31:59.725 3916 DEBUG neutron.api.rpc.callbacks.version_manager [req-6a5e6c00-470b-4f80-bab9-88d19c7c8d4c 4e72ad8ceb8f47a28db5a4b3551f9335 007e7f1ed2554995b505b934dd328646 - - -] Version for resource type Network changed None to 1.0 on consumer Open vSwitch agent@localhost.localdomain _set_version /usr/lib/python2.7/site-packages/neutron/api/rpc/callbacks/version_manager.py:119
2018-06-28 15:31:59.726 3916 DEBUG neutron.api.rpc.callbacks.version_manager [req-6a5e6c00-470b-4f80-bab9-88d19c7c8d4c 4e72ad8ceb8f47a28db5a4b3551f9335 007e7f1ed2554995b505b934dd328646 - - -] Version for resource type SubPort changed None to 1.0 on consumer Open vSwitch agent@localhost.localdomain _set_version /usr/lib/python2.7/site-packages/neutron/api/rpc/callbacks/version_manager.py:119
2018-06-28 15:31:59.726 3916 DEBUG neutron.api.rpc.callbacks.version_manager [req-6a5e6c00-470b-4f80-bab9-88d19c7c8d4c 4e72ad8ceb8f47a28db5a4b3551f9335 007e7f1ed2554995b505b934dd328646 - - -] Version for resource type SecurityGroup changed None to 1.0 on consumer Open vSwitch agent@localhost.localdomain _set_version /usr/lib/python2.7/site-packages/neutron/api/rpc/callbacks/version_manager.py:119
2018-06-28 15:31:59.727 3916 DEBUG neutron.api.rpc.callbacks.version_manager [req-6a5e6c00-470b-4f80-bab9-88d19c7c8d4c 4e72ad8ceb8f47a28db5a4b3551f9335 007e7f1ed2554995b505b934dd328646 - - -] Version for resource type SecurityGroupRule changed None to 1.0 on consumer Open vSwitch agent@localhost.localdomain _set_version /usr/lib/python2.7/site-packages/neutron/api/rpc/callbacks/version_manager.py:119
2018-06-28 15:31:59.728 3916 DEBUG neutron.api.rpc.callbacks.version_manager [req-6a5e6c00-470b-4f80-bab9-88d19c7c8d4c 4e72ad8ceb8f47a28db5a4b3551f9335 007e7f1ed2554995b505b934dd328646 - - -] Version for resource type Trunk changed None to 1.1 on consumer Open vSwitch agent@localhost.localdomain _set_version /usr/lib/python2.7/site-packages/neutron/api/rpc/callbacks/version_manager.py:119
2018-06-28 15:31:59.728 3916 DEBUG neutron.api.rpc.callbacks.version_manager [req-6a5e6c00-470b-4f80-bab9-88d19c7c8d4c 4e72ad8ceb8f47a28db5a4b3551f9335 007e7f1ed2554995b505b934dd328646 - - -] Version for resource type QosPolicy changed None to 1.6 on consumer Open vSwitch agent@localhost.localdomain _set_version /usr/lib/python2.7/site-packages/neutron/api/rpc/callbacks/version_manager.py:119
2018-06-28 15:31:59.729 3916 DEBUG neutron.api.rpc.callbacks.version_manager [req-6a5e6c00-470b-4f80-bab9-88d19c7c8d4c 4e72ad8ceb8f47a28db5a4b3551f9335 007e7f1ed2554995b505b934dd328646 - - -] Version for resource type Port changed None to 1.1 on consumer Open vSwitch agent@localhost.localdomain _set_version /usr/lib/python2.7/site-packages/neutron/api/rpc/callbacks/version_manager.py:119
2018-06-28 15:31:59.729 3916 DEBUG neutron.api.rpc.callbacks.version_manager [req-6a5e6c00-470b-4f80-bab9-88d19c7c8d4c 4e72ad8ceb8f47a28db5a4b3551f9335 007e7f1ed2554995b505b934dd328646 - - -] Version for resource type Log changed None to 1.0 on consumer Open vSwitch agent@localhost.localdomain _set_version /usr/lib/python2.7/site-packages/neutron/api/rpc/callbacks/version_manager.py:119
2018-06-28 15:31:59.753 3916 DEBUG oslo_concurrency.lockutils [req-6a5e6c00-470b-4f80-bab9-88d19c7c8d4c 4e72ad8ceb8f47a28db5a4b3551f9335 007e7f1ed2554995b505b934dd328646 - - -] Lock "event-dispatch" released by "neutron.plugins.ml2.ovo_rpc.dispatch_events" :: held 0.235s inner /usr/lib/python2.7/site-packages/oslo_concurrency/lockutils.py:282
2018-06-28 15:31:59.762 3916 DEBUG neutron_lib.callbacks.manager [req-6a5e6c00-470b-4f80-bab9-88d19c7c8d4c 4e72ad8ceb8f47a28db5a4b3551f9335 007e7f1ed2554995b505b934dd328646 - default default] Notify callbacks ['neutron.plugins.ml2.plugin.Ml2Plugin._ensure_default_security_group_handler--9223372036853794212'] for port, before_update _notify_loop /usr/lib/python2.7/site-packages/neutron_lib/callbacks/manager.py:167
2018-06-28 15:32:00.333 3916 DEBUG neutron_lib.callbacks.manager [req-6a5e6c00-470b-4f80-bab9-88d19c7c8d4c 4e72ad8ceb8f47a28db5a4b3551f9335 007e7f1ed2554995b505b934dd328646 - default default] Notify callbacks [] for port, precommit_update _notify_loop /usr/lib/python2.7/site-packages/neutron_lib/callbacks/manager.py:167
2018-06-28 15:32:00.352 3916 DEBUG neutron_lib.callbacks.manager [req-6a5e6c00-470b-4f80-bab9-88d19c7c8d4c 4e72ad8ceb8f47a28db5a4b3551f9335 007e7f1ed2554995b505b934dd328646 - default default] Notify callbacks ['neutron.api.rpc.agentnotifiers.dhcp_rpc_agent_api.DhcpAgentNotifyAPI._native_event_send_dhcp_notification-1998091', 'neutron.db.l3_hascheduler_db._notify_l3_agent_ha_port_update-8742089940500', 'neutron.plugins.ml2.ovo_rpc._ObjectChangeHandler.handle_event-1593898', 'neutron.plugins.ml2.plugin.Ml2Plugin.notify_sg_on_port_change-981729', 'neutron.db.l3_dvrscheduler_db._notify_l3_agent_port_update--9223363294764835904'] for port, after_update _notify_loop /usr/lib/python2.7/site-packages/neutron_lib/callbacks/manager.py:167
2018-06-28 15:32:00.484 3925 DEBUG neutron_lib.callbacks.manager [req-314f3293-43d4-4a80-abab-dee12254ffb9 - - - - -] Notify callbacks ['neutron.services.segments.db._update_segment_host_mapping_for_agent-8742090302258'] for agent, after_update _notify_loop /usr/lib/python2.7/site-packages/neutron_lib/callbacks/manager.py:167
2018-06-28 15:32:00.622 3916 DEBUG neutron_lib.callbacks.manager [req-6a5e6c00-470b-4f80-bab9-88d19c7c8d4c 4e72ad8ceb8f47a28db5a4b3551f9335 007e7f1ed2554995b505b934dd328646 - default default] Notify callbacks ['neutron.services.l3_router.l3_router_plugin.L3RouterPlugin._create_dvr_floating_gw_port-1588968'] for floatingip, after_update _notify_loop /usr/lib/python2.7/site-packages/neutron_lib/callbacks/manager.py:167
2018-06-28 15:32:00.627 3916 DEBUG oslo_concurrency.lockutils [-] Lock "event-dispatch" acquired by "neutron.plugins.ml2.ovo_rpc.dispatch_events" :: waited 0.000s inner /usr/lib/python2.7/site-packages/oslo_concurrency/lockutils.py:270
2018-06-28 15:32:00.739 3916 DEBUG neutron.quota.resource [req-6a5e6c00-470b-4f80-bab9-88d19c7c8d4c 4e72ad8ceb8f47a28db5a4b3551f9335 007e7f1ed2554995b505b934dd328646 - default default] Persisted dirty status for tenant:d85ec4591e404551ac24ea179f7d1cce on resource:floatingip mark_dirty /usr/lib/python2.7/site-packages/neutron/quota/resource.py:207
2018-06-28 15:32:00.748 3916 DEBUG neutron.quota.resource [req-6a5e6c00-470b-4f80-bab9-88d19c7c8d4c 4e72ad8ceb8f47a28db5a4b3551f9335 007e7f1ed2554995b505b934dd328646 - default default] Persisted dirty status for tenant: on resource:port mark_dirty /usr/lib/python2.7/site-packages/neutron/quota/resource.py:207
2018-06-28 15:32:00.778 3916 DEBUG neutron_lib.callbacks.manager [req-6a5e6c00-470b-4f80-bab9-88d19c7c8d4c 4e72ad8ceb8f47a28db5a4b3551f9335 007e7f1ed2554995b505b934dd328646 - default default] Notify callbacks ['neutron.notifiers.nova.Notifier._send_nova_notification--9223372036854763324'] for floatingip, before_response _notify_loop /usr/lib/python2.7/site-packages/neutron_lib/callbacks/manager.py:167
2018-06-28 15:32:00.780 3916 INFO neutron.wsgi [req-6a5e6c00-470b-4f80-bab9-88d19c7c8d4c 4e72ad8ceb8f47a28db5a4b3551f9335 007e7f1ed2554995b505b934dd328646 - default default] 10.0.20.23 "POST /v2.0/floatingips HTTP/1.1" status: 201  len: 674 time: 3.5231609
2018-06-28 15:32:00.785 3916 DEBUG neutron.api.rpc.handlers.resources_rpc [req-6a5e6c00-470b-4f80-bab9-88d19c7c8d4c 4e72ad8ceb8f47a28db5a4b3551f9335 007e7f1ed2554995b505b934dd328646 - - -] neutron.api.rpc.handlers.resources_rpc.ResourcesPushRpcApi method push called with arguments (<neutron_lib.context.Context object at 0x7f36d2311ad0>, [Port(admin_state_up=True,allowed_address_pairs=[],binding=PortBinding,binding_levels=[],created_at=2018-06-28T13:31:58Z,data_plane_status=<?>,description='',device_id='d7c828a4-981b-40ac-89cd-e42fb2381596',device_owner='network:floatingip',dhcp_options=[],distributed_binding=None,dns=None,fixed_ips=[IPAllocation],id=1f44adeb-be9c-4763-a363-bd11c11442d6,mac_address=fa:16:3e:96:54:fc,name='',network_id=27d015bc-8cdc-4cb5-ad0f-6c388c7b7d5e,project_id='',qos_policy_id=None,revision_number=4,security=PortSecurity(1f44adeb-be9c-4763-a363-bd11c11442d6),security_group_ids=set([]),status='N/A',updated_at=2018-06-28T13:31:59Z)], 'updated') {} wrapper /usr/lib/python2.7/site-packages/oslo_log/helpers.py:66
2018-06-28 15:32:00.810 3916 DEBUG oslo_concurrency.lockutils [req-6a5e6c00-470b-4f80-bab9-88d19c7c8d4c 4e72ad8ceb8f47a28db5a4b3551f9335 007e7f1ed2554995b505b934dd328646 - - -] Lock "event-dispatch" released by "neutron.plugins.ml2.ovo_rpc.dispatch_events" :: held 0.183s inner /usr/lib/python2.7/site-packages/oslo_concurrency/lockutils.py:282
2018-06-28 15:32:05.442 3939 DEBUG neutron.db.agents_db [req-06d36e58-e3ad-435f-b397-8e29085628a5 - - - - -] Agent healthcheck: found 5 active agents agent_health_check /usr/lib/python2.7/site-packages/neutron/db/agents_db.py:281
2018-06-28 15:32:12.731 3905 INFO neutron.wsgi [req-e2f1b7f7-3f2d-405b-8251-7b7d2952abba 72eef6c8af39495084702b0217df08d6 4340e242277144a39aad7507a87ea19b - default default] 10.0.20.23 "GET /v2.0/ports?tenant_id=007e7f1ed2554995b505b934dd328646&device_id=f14c2b46-9095-4307-a38c-260473ea3ec3 HTTP/1.1" status: 200  len: 1125 time: 0.1208870
2018-06-28 15:32:13.272 3905 DEBUG neutron.pecan_wsgi.hooks.policy_enforcement [req-0c856b20-c611-481f-be44-64d6d9671a6b 72eef6c8af39495084702b0217df08d6 4340e242277144a39aad7507a87ea19b - default default] Attributes excluded by policy engine: [u'vlan_transparent'] _exclude_attributes_by_policy /usr/lib/python2.7/site-packages/neutron/pecan_wsgi/hooks/policy_enforcement.py:256
2018-06-28 15:32:13.275 3905 INFO neutron.wsgi [req-0c856b20-c611-481f-be44-64d6d9671a6b 72eef6c8af39495084702b0217df08d6 4340e242277144a39aad7507a87ea19b - default default] 10.0.20.23 "GET /v2.0/networks?id=27d015bc-8cdc-4cb5-ad0f-6c388c7b7d5e HTTP/1.1" status: 200  len: 888 time: 0.5340669
2018-06-28 15:32:13.314 3905 INFO neutron.wsgi [req-51e4f75f-ded3-45d3-bdae-dcc7387d7d6e 72eef6c8af39495084702b0217df08d6 4340e242277144a39aad7507a87ea19b - default default] 10.0.20.23 "GET /v2.0/floatingips?fixed_ip_address=172.24.4.12&port_id=3bcb5505-8394-4288-9cf1-f80fb69834e3 HTTP/1.1" status: 200  len: 217 time: 0.0342431
2018-06-28 15:32:13.467 3905 DEBUG neutron.pecan_wsgi.hooks.policy_enforcement [req-feb20e29-97d8-4bc8-b83d-bc33d6688c9d 72eef6c8af39495084702b0217df08d6 4340e242277144a39aad7507a87ea19b - default default] Attributes excluded by policy engine: [u'shared'] _exclude_attributes_by_policy /usr/lib/python2.7/site-packages/neutron/pecan_wsgi/hooks/policy_enforcement.py:256
2018-06-28 15:32:13.469 3905 INFO neutron.wsgi [req-feb20e29-97d8-4bc8-b83d-bc33d6688c9d 72eef6c8af39495084702b0217df08d6 4340e242277144a39aad7507a87ea19b - default default] 10.0.20.23 "GET /v2.0/subnets?id=13c1b0d0-0ad2-44d1-9c10-321cd0119f52 HTTP/1.1" status: 200  len: 819 time: 0.1485150
2018-06-28 15:32:13.571 3905 INFO neutron.wsgi [req-2a29288b-a4f9-4f51-97d1-c22069447588 72eef6c8af39495084702b0217df08d6 4340e242277144a39aad7507a87ea19b - default default] 10.0.20.23 "GET /v2.0/ports?network_id=27d015bc-8cdc-4cb5-ad0f-6c388c7b7d5e&device_owner=network%3Adhcp HTTP/1.1" status: 200  len: 210 time: 0.0917192
2018-06-28 15:32:13.610 3909 INFO neutron.wsgi [req-3a279efc-9acf-49cf-9d9b-af140a9354e0 21aaa5ea967744848aa5a1d26948d8c1 d85ec4591e404551ac24ea179f7d1cce - 25bf4ac9c17841ab8a54034f9f28e70c 25bf4ac9c17841ab8a54034f9f28e70c] 10.0.20.23 "GET /v2.0/ports?device_id=4858f66c-c98a-4cfb-9e54-a9914ab5767f HTTP/1.1" status: 200  len: 210 time: 0.5483031
2018-06-28 15:32:20.665 3927 DEBUG neutron_lib.callbacks.manager [req-04918d1f-40a4-4895-924f-53ddde3f4441 - - - - -] Notify callbacks ['neutron.services.segments.db._update_segment_host_mapping_for_agent-8742090302258'] for agent, after_update _notify_loop /usr/lib/python2.7/site-packages/neutron_lib/callbacks/manager.py:167
2018-06-28 15:32:20.681 3938 DEBUG neutron_lib.callbacks.manager [req-90658fe7-ece1-49df-909a-85e0f079bfeb - - - - -] Notify callbacks ['neutron.services.segments.db._update_segment_host_mapping_for_agent-8742090302258'] for agent, after_update _notify_loop /usr/lib/python2.7/site-packages/neutron_lib/callbacks/manager.py:167
2018-06-28 15:32:23.195 3932 DEBUG neutron_lib.callbacks.manager [req-351ee201-e654-4b7a-8bd1-bc3cd36e7aa2 - - - - -] Notify callbacks ['neutron.services.segments.db._update_segment_host_mapping_for_agent-8742090302258'] for agent, after_update _notify_loop /usr/lib/python2.7/site-packages/neutron_lib/callbacks/manager.py:167
2018-06-28 15:32:23.320 3933 DEBUG neutron_lib.callbacks.manager [req-f3793125-3e58-4d22-9fb3-aab71ca9b1da - - - - -] Notify callbacks ['neutron.services.segments.db._update_segment_host_mapping_for_agent-8742090302258'] for agent, after_update _notify_loop /usr/lib/python2.7/site-packages/neutron_lib/callbacks/manager.py:167
2018-06-28 15:32:24.656 3909 INFO neutron.wsgi [req-56129028-7912-45b4-a240-73e3f8440455 21aaa5ea967744848aa5a1d26948d8c1 d85ec4591e404551ac24ea179f7d1cce - 25bf4ac9c17841ab8a54034f9f28e70c 25bf4ac9c17841ab8a54034f9f28e70c] 10.0.20.23 "GET /v2.0/ports?device_id=4858f66c-c98a-4cfb-9e54-a9914ab5767f HTTP/1.1" status: 200  len: 210 time: 0.7812269
2018-06-28 15:32:30.490 3931 DEBUG neutron_lib.callbacks.manager [req-314f3293-43d4-4a80-abab-dee12254ffb9 - - - - -] Notify callbacks ['neutron.services.segments.db._update_segment_host_mapping_for_agent-8742090302258'] for agent, after_update _notify_loop /usr/lib/python2.7/site-packages/neutron_lib/callbacks/manager.py:167
2018-06-28 15:32:42.443 3939 DEBUG neutron.db.agents_db [req-06d36e58-e3ad-435f-b397-8e29085628a5 - - - - -] Agent healthcheck: found 5 active agents agent_health_check /usr/lib/python2.7/site-packages/neutron/db/agents_db.py:281
2018-06-28 15:32:48.459 3909 INFO neutron.wsgi [req-47dc49fd-4a5e-49de-96f1-b465ac1a2a9f 21aaa5ea967744848aa5a1d26948d8c1 d85ec4591e404551ac24ea179f7d1cce - 25bf4ac9c17841ab8a54034f9f28e70c 25bf4ac9c17841ab8a54034f9f28e70c] 10.0.20.23 "GET /v2.0/ports?device_id=4858f66c-c98a-4cfb-9e54-a9914ab5767f HTTP/1.1" status: 200  len: 210 time: 0.4974091
2018-06-28 15:32:51.065 3936 DEBUG neutron_lib.callbacks.manager [req-04918d1f-40a4-4895-924f-53ddde3f4441 - - - - -] Notify callbacks ['neutron.services.segments.db._update_segment_host_mapping_for_agent-8742090302258'] for agent, after_update _notify_loop /usr/lib/python2.7/site-packages/neutron_lib/callbacks/manager.py:167
2018-06-28 15:32:51.076 3928 DEBUG neutron_lib.callbacks.manager [req-90658fe7-ece1-49df-909a-85e0f079bfeb - - - - -] Notify callbacks ['neutron.services.segments.db._update_segment_host_mapping_for_agent-8742090302258'] for agent, after_update _notify_loop /usr/lib/python2.7/site-packages/neutron_lib/callbacks/manager.py:167
2018-06-28 15:32:53.234 3923 DEBUG neutron_lib.callbacks.manager [req-7c12149e-3863-42ea-9df2-82d7354280c9 - - - - -] Notify callbacks ['neutron.services.segments.db._update_segment_host_mapping_for_agent-8742090302258'] for agent, after_update _notify_loop /usr/lib/python2.7/site-packages/neutron_lib/callbacks/manager.py:167
2018-06-28 15:32:53.327 3925 DEBUG neutron_lib.callbacks.manager [req-7c8b1aa8-8f62-4759-8635-41c260777c45 - - - - -] Notify callbacks ['neutron.services.segments.db._update_segment_host_mapping_for_agent-8742090302258'] for agent, after_update _notify_loop /usr/lib/python2.7/site-packages/neutron_lib/callbacks/manager.py:167
2018-06-28 15:33:00.478 3927 DEBUG neutron_lib.callbacks.manager [req-314f3293-43d4-4a80-abab-dee12254ffb9 - - - - -] Notify callbacks ['neutron.services.segments.db._update_segment_host_mapping_for_agent-8742090302258'] for agent, after_update _notify_loop /usr/lib/python2.7/site-packages/neutron_lib/callbacks/manager.py:167
2018-06-28 15:33:02.762 3903 INFO neutron.wsgi [req-09d519e7-6242-4ce4-b7e7-c8bfd4ba161f 21aaa5ea967744848aa5a1d26948d8c1 d85ec4591e404551ac24ea179f7d1cce - 25bf4ac9c17841ab8a54034f9f28e70c 25bf4ac9c17841ab8a54034f9f28e70c] 10.0.20.23 "GET /v2.0/ports?device_id=4858f66c-c98a-4cfb-9e54-a9914ab5767f HTTP/1.1" status: 200  len: 210 time: 1.4759300
2018-06-28 15:33:13.145 3905 INFO neutron.wsgi [req-d54389e7-22e2-40da-87ae-419a4a081825 72eef6c8af39495084702b0217df08d6 4340e242277144a39aad7507a87ea19b - default default] 10.0.20.23 "GET /v2.0/ports?tenant_id=007e7f1ed2554995b505b934dd328646&device_id=f14c2b46-9095-4307-a38c-260473ea3ec3 HTTP/1.1" status: 200  len: 1125 time: 0.5368209
2018-06-28 15:33:13.345 3905 DEBUG neutron.pecan_wsgi.hooks.policy_enforcement [req-873c2729-fae1-44d7-82d5-bb7973cfd777 72eef6c8af39495084702b0217df08d6 4340e242277144a39aad7507a87ea19b - default default] Attributes excluded by policy engine: [u'vlan_transparent'] _exclude_attributes_by_policy /usr/lib/python2.7/site-packages/neutron/pecan_wsgi/hooks/policy_enforcement.py:256
