2018-06-27 21:37:01.174 27923 DEBUG neutron.pecan_wsgi.hooks.policy_enforcement [req-db3631ca-7672-40f5-876a-0307bfcd4b9b 2381c87c24634e059255e904a45e06ef 0d772b180b3c41e2ae2eba61c236b149 - default default] Attributes excluded by policy engine: [u'shared'] _exclude_attributes_by_policy /usr/lib/python2.7/site-packages/neutron/pecan_wsgi/hooks/policy_enforcement.py:256
2018-06-27 21:37:01.180 27923 INFO neutron.wsgi [req-db3631ca-7672-40f5-876a-0307bfcd4b9b 2381c87c24634e059255e904a45e06ef 0d772b180b3c41e2ae2eba61c236b149 - default default] 10.0.20.26 "GET /v2.0/subnets?id=4d12072f-f903-45c7-a59d-dae3f33dc32e HTTP/1.1" status: 200  len: 847 time: 0.1707220
2018-06-27 21:37:01.373 27923 INFO neutron.wsgi [req-8a51e8d3-7a3f-4b59-b151-c3dff1b23f1b 2381c87c24634e059255e904a45e06ef 0d772b180b3c41e2ae2eba61c236b149 - default default] 10.0.20.26 "GET /v2.0/ports?network_id=5bab6c8c-1a76-4550-9ba3-ef5b200721c1&device_owner=network%3Adhcp HTTP/1.1" status: 200  len: 1128 time: 0.1850841
2018-06-27 21:37:03.430 27931 INFO neutron.wsgi [req-1e5cde85-1474-40a9-a1e6-067d5062b8f7 6a13b80fcecb4592832e0d690de4c416 efd38261e51a4d0abbfff350674479a6 - 50d5c87e0ee84040b5f0e77593a5f5b8 50d5c87e0ee84040b5f0e77593a5f5b8] 10.0.20.26 "GET /v2.0/ports?device_id=6e8e1b79-feb4-4819-9895-87f5e9123b78 HTTP/1.1" status: 200  len: 1125 time: 0.7461619
2018-06-27 21:37:03.603 27931 INFO neutron.wsgi [req-e69b9cf6-6a9a-455d-a47f-faa2df85c9ea 6a13b80fcecb4592832e0d690de4c416 efd38261e51a4d0abbfff350674479a6 - 50d5c87e0ee84040b5f0e77593a5f5b8 50d5c87e0ee84040b5f0e77593a5f5b8] 10.0.20.26 "GET /v2.0/security-groups?id=acd2bbea-1fc4-4cc9-a2cc-e04139020f01 HTTP/1.1" status: 200  len: 2118 time: 0.1627181
2018-06-27 21:37:13.166 27952 DEBUG neutron_lib.callbacks.manager [req-1706f8be-4d05-4024-b7d6-3e743420fda7 - - - - -] Notify callbacks ['neutron.services.segments.db._update_segment_host_mapping_for_agent-8743666561616'] for agent, after_update _notify_loop /usr/lib/python2.7/site-packages/neutron_lib/callbacks/manager.py:167
2018-06-27 21:37:13.221 27949 DEBUG neutron_lib.callbacks.manager [req-9fc96a4d-f38b-402f-845d-84ce52d4027f - - - - -] Notify callbacks ['neutron.services.segments.db._update_segment_host_mapping_for_agent-8743666561616'] for agent, after_update _notify_loop /usr/lib/python2.7/site-packages/neutron_lib/callbacks/manager.py:167
2018-06-27 21:37:13.229 27953 DEBUG neutron_lib.callbacks.manager [req-13580a01-576b-4f7f-b156-139ff4f36a92 - - - - -] Notify callbacks ['neutron.services.segments.db._update_segment_host_mapping_for_agent-8743666561616'] for agent, after_update _notify_loop /usr/lib/python2.7/site-packages/neutron_lib/callbacks/manager.py:167
2018-06-27 21:37:14.733 27950 DEBUG neutron_lib.callbacks.manager [req-c5d183f1-1bf3-4586-8c4a-78215906284a - - - - -] Notify callbacks ['neutron.services.segments.db._update_segment_host_mapping_for_agent-8743666561616'] for agent, after_update _notify_loop /usr/lib/python2.7/site-packages/neutron_lib/callbacks/manager.py:167
2018-06-27 21:37:14.831 27957 DEBUG neutron_lib.callbacks.manager [req-beab93fc-f339-4a51-8f82-f3c9ff9ccf41 - - - - -] Notify callbacks ['neutron.services.segments.db._update_segment_host_mapping_for_agent-8743666561616'] for agent, after_update _notify_loop /usr/lib/python2.7/site-packages/neutron_lib/callbacks/manager.py:167
2018-06-27 21:37:18.838 27931 INFO neutron.wsgi [req-a2460912-3af9-4207-bb1e-03d7f9c5782d 34449420d71643ff9c143c132ecdb7b4 0d772b180b3c41e2ae2eba61c236b149 - default default] 10.0.20.26 "GET /v2.0/ports?device_id=6e8e1b79-feb4-4819-9895-87f5e9123b78 HTTP/1.1" status: 200  len: 1125 time: 0.7290230
2018-06-27 21:37:19.025 27931 INFO neutron.wsgi [req-44965b14-14e4-48eb-a150-0218d4e149b2 34449420d71643ff9c143c132ecdb7b4 0d772b180b3c41e2ae2eba61c236b149 - default default] 10.0.20.26 "GET /v2.0/security-groups?id=acd2bbea-1fc4-4cc9-a2cc-e04139020f01 HTTP/1.1" status: 200  len: 2118 time: 0.1792209
2018-06-27 21:37:19.207 27928 INFO neutron.wsgi [req-8e734507-d558-49b7-bbab-884a3f2d491a 6a13b80fcecb4592832e0d690de4c416 efd38261e51a4d0abbfff350674479a6 - 50d5c87e0ee84040b5f0e77593a5f5b8 50d5c87e0ee84040b5f0e77593a5f5b8] 10.0.20.26 "GET /v2.0/ports?device_id=6e8e1b79-feb4-4819-9895-87f5e9123b78 HTTP/1.1" status: 200  len: 1125 time: 0.7711601
2018-06-27 21:37:19.407 27928 INFO neutron.wsgi [req-e4a7e3ef-c5d2-4025-abc8-cfc5dfd63bc4 6a13b80fcecb4592832e0d690de4c416 efd38261e51a4d0abbfff350674479a6 - 50d5c87e0ee84040b5f0e77593a5f5b8 50d5c87e0ee84040b5f0e77593a5f5b8] 10.0.20.26 "GET /v2.0/security-groups?id=acd2bbea-1fc4-4cc9-a2cc-e04139020f01 HTTP/1.1" status: 200  len: 2118 time: 0.1908031
2018-06-27 21:37:30.393 27928 INFO neutron.wsgi [req-266e49c2-9885-4450-9a8a-bdb203be30de 6a13b80fcecb4592832e0d690de4c416 efd38261e51a4d0abbfff350674479a6 - 50d5c87e0ee84040b5f0e77593a5f5b8 50d5c87e0ee84040b5f0e77593a5f5b8] 10.0.20.26 "GET /v2.0/ports?device_id=6e8e1b79-feb4-4819-9895-87f5e9123b78 HTTP/1.1" status: 200  len: 1125 time: 0.8585289
2018-06-27 21:37:30.553 27928 INFO neutron.wsgi [req-eddd8b6a-a38e-439d-b077-7f528d518f52 6a13b80fcecb4592832e0d690de4c416 efd38261e51a4d0abbfff350674479a6 - 50d5c87e0ee84040b5f0e77593a5f5b8 50d5c87e0ee84040b5f0e77593a5f5b8] 10.0.20.26 "GET /v2.0/security-groups?id=acd2bbea-1fc4-4cc9-a2cc-e04139020f01 HTTP/1.1" status: 200  len: 2118 time: 0.1532269
2018-06-27 21:37:33.318 27958 DEBUG neutron.db.agents_db [req-5dcc1a11-cada-4282-ba5c-57704b096e8b - - - - -] Agent healthcheck: found 5 active agents agent_health_check /usr/lib/python2.7/site-packages/neutron/db/agents_db.py:281
2018-06-27 21:37:43.169 27955 DEBUG neutron_lib.callbacks.manager [req-9f6ab2d3-03dc-4a49-9527-cdfe6d5f416a - - - - -] Notify callbacks ['neutron.services.segments.db._update_segment_host_mapping_for_agent-8743666561616'] for agent, after_update _notify_loop /usr/lib/python2.7/site-packages/neutron_lib/callbacks/manager.py:167
2018-06-27 21:37:43.217 27947 DEBUG neutron_lib.callbacks.manager [req-9fc96a4d-f38b-402f-845d-84ce52d4027f - - - - -] Notify callbacks ['neutron.services.segments.db._update_segment_host_mapping_for_agent-8743666561616'] for agent, after_update _notify_loop /usr/lib/python2.7/site-packages/neutron_lib/callbacks/manager.py:167
2018-06-27 21:37:43.235 27948 DEBUG neutron_lib.callbacks.manager [req-13580a01-576b-4f7f-b156-139ff4f36a92 - - - - -] Notify callbacks ['neutron.services.segments.db._update_segment_host_mapping_for_agent-8743666561616'] for agent, after_update _notify_loop /usr/lib/python2.7/site-packages/neutron_lib/callbacks/manager.py:167
2018-06-27 21:37:44.723 27946 DEBUG neutron_lib.callbacks.manager [req-3eb269de-d198-4631-9dbd-c660f976bfdc - - - - -] Notify callbacks ['neutron.services.segments.db._update_segment_host_mapping_for_agent-8743666561616'] for agent, after_update _notify_loop /usr/lib/python2.7/site-packages/neutron_lib/callbacks/manager.py:167
2018-06-27 21:37:44.842 27952 DEBUG neutron_lib.callbacks.manager [req-beab93fc-f339-4a51-8f82-f3c9ff9ccf41 - - - - -] Notify callbacks ['neutron.services.segments.db._update_segment_host_mapping_for_agent-8743666561616'] for agent, after_update _notify_loop /usr/lib/python2.7/site-packages/neutron_lib/callbacks/manager.py:167
2018-06-27 21:37:47.257 27938 INFO neutron.wsgi [req-5f86ad7b-17d0-4b79-abdb-35c3f9bf0ef9 6a13b80fcecb4592832e0d690de4c416 efd38261e51a4d0abbfff350674479a6 - 50d5c87e0ee84040b5f0e77593a5f5b8 50d5c87e0ee84040b5f0e77593a5f5b8] 10.0.20.26 "GET /v2.0/ports?device_id=6e8e1b79-feb4-4819-9895-87f5e9123b78 HTTP/1.1" status: 200  len: 1125 time: 1.3865080
2018-06-27 21:37:47.435 27938 INFO neutron.wsgi [req-11b56cc2-b9a0-470d-acc2-dbb3d37c0244 6a13b80fcecb4592832e0d690de4c416 efd38261e51a4d0abbfff350674479a6 - 50d5c87e0ee84040b5f0e77593a5f5b8 50d5c87e0ee84040b5f0e77593a5f5b8] 10.0.20.26 "GET /v2.0/security-groups?id=acd2bbea-1fc4-4cc9-a2cc-e04139020f01 HTTP/1.1" status: 200  len: 2118 time: 0.1671591
2018-06-27 21:38:00.307 27938 INFO neutron.wsgi [req-e6991219-2754-4343-a9e4-7923bed543c5 6a13b80fcecb4592832e0d690de4c416 efd38261e51a4d0abbfff350674479a6 - 50d5c87e0ee84040b5f0e77593a5f5b8 50d5c87e0ee84040b5f0e77593a5f5b8] 10.0.20.26 "GET /v2.0/ports?device_id=6e8e1b79-feb4-4819-9895-87f5e9123b78 HTTP/1.1" status: 200  len: 1125 time: 0.8493948
2018-06-27 21:38:00.461 27938 INFO neutron.wsgi [req-73901cd3-dbdc-4b8c-9989-4fd0d4ae6be4 6a13b80fcecb4592832e0d690de4c416 efd38261e51a4d0abbfff350674479a6 - 50d5c87e0ee84040b5f0e77593a5f5b8 50d5c87e0ee84040b5f0e77593a5f5b8] 10.0.20.26 "GET /v2.0/security-groups?id=acd2bbea-1fc4-4cc9-a2cc-e04139020f01 HTTP/1.1" status: 200  len: 2118 time: 0.1445892
2018-06-27 21:38:00.715 27923 INFO neutron.wsgi [req-f4440032-6413-46c5-995c-09b1cb8e025f 2381c87c24634e059255e904a45e06ef 0d772b180b3c41e2ae2eba61c236b149 - default default] 10.0.20.26 "GET /v2.0/ports?tenant_id=efd38261e51a4d0abbfff350674479a6&device_id=6e8e1b79-feb4-4819-9895-87f5e9123b78 HTTP/1.1" status: 200  len: 1125 time: 0.2021770
2018-06-27 21:38:01.035 27923 DEBUG neutron.pecan_wsgi.hooks.policy_enforcement [req-c495bf37-5796-4528-a270-0e90c6e0f038 2381c87c24634e059255e904a45e06ef 0d772b180b3c41e2ae2eba61c236b149 - default default] Attributes excluded by policy engine: [u'vlan_transparent'] _exclude_attributes_by_policy /usr/lib/python2.7/site-packages/neutron/pecan_wsgi/hooks/policy_enforcement.py:256
2018-06-27 21:38:01.039 27923 INFO neutron.wsgi [req-c495bf37-5796-4528-a270-0e90c6e0f038 2381c87c24634e059255e904a45e06ef 0d772b180b3c41e2ae2eba61c236b149 - default default] 10.0.20.26 "GET /v2.0/networks?id=5bab6c8c-1a76-4550-9ba3-ef5b200721c1 HTTP/1.1" status: 200  len: 885 time: 0.3135259
2018-06-27 21:38:01.109 27923 INFO neutron.wsgi [req-2f03349b-6c2a-4a54-b630-23910381cc55 2381c87c24634e059255e904a45e06ef 0d772b180b3c41e2ae2eba61c236b149 - default default] 10.0.20.26 "GET /v2.0/floatingips?fixed_ip_address=11.229.1.12&port_id=bdbcba88-6f2a-4beb-8a93-98f3b2db4d9b HTTP/1.1" status: 200  len: 751 time: 0.0621870
2018-06-27 21:38:01.413 27923 DEBUG neutron.pecan_wsgi.hooks.policy_enforcement [req-697a7aae-255a-4e6b-a4d7-a3d4c0516ec2 2381c87c24634e059255e904a45e06ef 0d772b180b3c41e2ae2eba61c236b149 - default default] Attributes excluded by policy engine: [u'shared'] _exclude_attributes_by_policy /usr/lib/python2.7/site-packages/neutron/pecan_wsgi/hooks/policy_enforcement.py:256
2018-06-27 21:38:01.418 27923 INFO neutron.wsgi [req-697a7aae-255a-4e6b-a4d7-a3d4c0516ec2 2381c87c24634e059255e904a45e06ef 0d772b180b3c41e2ae2eba61c236b149 - default default] 10.0.20.26 "GET /v2.0/subnets?id=4d12072f-f903-45c7-a59d-dae3f33dc32e HTTP/1.1" status: 200  len: 847 time: 0.2962780
2018-06-27 21:38:01.622 27923 INFO neutron.wsgi [req-1f361fc4-157a-483d-bb91-c992293d0957 2381c87c24634e059255e904a45e06ef 0d772b180b3c41e2ae2eba61c236b149 - default default] 10.0.20.26 "GET /v2.0/ports?network_id=5bab6c8c-1a76-4550-9ba3-ef5b200721c1&device_owner=network%3Adhcp HTTP/1.1" status: 200  len: 1128 time: 0.1931210
2018-06-27 21:38:10.324 27958 DEBUG neutron.db.agents_db [req-5dcc1a11-cada-4282-ba5c-57704b096e8b - - - - -] Agent healthcheck: found 5 active agents agent_health_check /usr/lib/python2.7/site-packages/neutron/db/agents_db.py:281
2018-06-27 21:38:13.190 27949 DEBUG neutron_lib.callbacks.manager [req-1876ec87-8c25-4ab5-999a-53ac4e0ffdbd - - - - -] Notify callbacks ['neutron.services.segments.db._update_segment_host_mapping_for_agent-8743666561616'] for agent, after_update _notify_loop /usr/lib/python2.7/site-packages/neutron_lib/callbacks/manager.py:167
2018-06-27 21:38:13.210 27953 DEBUG neutron_lib.callbacks.manager [req-9fc96a4d-f38b-402f-845d-84ce52d4027f - - - - -] Notify callbacks ['neutron.services.segments.db._update_segment_host_mapping_for_agent-8743666561616'] for agent, after_update _notify_loop /usr/lib/python2.7/site-packages/neutron_lib/callbacks/manager.py:167
2018-06-27 21:38:13.248 27950 DEBUG neutron_lib.callbacks.manager [req-13580a01-576b-4f7f-b156-139ff4f36a92 - - - - -] Notify callbacks ['neutron.services.segments.db._update_segment_host_mapping_for_agent-8743666561616'] for agent, after_update _notify_loop /usr/lib/python2.7/site-packages/neutron_lib/callbacks/manager.py:167
2018-06-27 21:38:14.741 27957 DEBUG neutron_lib.callbacks.manager [req-96506304-6657-43b0-9f4d-f5eb1f623d2e - - - - -] Notify callbacks ['neutron.services.segments.db._update_segment_host_mapping_for_agent-8743666561616'] for agent, after_update _notify_loop /usr/lib/python2.7/site-packages/neutron_lib/callbacks/manager.py:167
2018-06-27 21:38:14.827 27955 DEBUG neutron_lib.callbacks.manager [req-beab93fc-f339-4a51-8f82-f3c9ff9ccf41 - - - - -] Notify callbacks ['neutron.services.segments.db._update_segment_host_mapping_for_agent-8743666561616'] for agent, after_update _notify_loop /usr/lib/python2.7/site-packages/neutron_lib/callbacks/manager.py:167
2018-06-27 21:38:15.731 27938 INFO neutron.wsgi [req-ce5efe51-1a10-495c-8de5-baa7f8593ebf 6a13b80fcecb4592832e0d690de4c416 efd38261e51a4d0abbfff350674479a6 - 50d5c87e0ee84040b5f0e77593a5f5b8 50d5c87e0ee84040b5f0e77593a5f5b8] 10.0.20.26 "GET /v2.0/ports?device_id=6e8e1b79-feb4-4819-9895-87f5e9123b78 HTTP/1.1" status: 200  len: 1125 time: 0.8466618
2018-06-27 21:38:15.881 27938 INFO neutron.wsgi [req-102cb3c0-5474-4850-a1b0-5a3d0eb72b55 6a13b80fcecb4592832e0d690de4c416 efd38261e51a4d0abbfff350674479a6 - 50d5c87e0ee84040b5f0e77593a5f5b8 50d5c87e0ee84040b5f0e77593a5f5b8] 10.0.20.26 "GET /v2.0/security-groups?id=acd2bbea-1fc4-4cc9-a2cc-e04139020f01 HTTP/1.1" status: 200  len: 2118 time: 0.1409841
2018-06-27 21:38:32.897 27931 INFO neutron.wsgi [req-bce3cc24-0581-41be-9232-0b6e5be59f15 6a13b80fcecb4592832e0d690de4c416 efd38261e51a4d0abbfff350674479a6 - 50d5c87e0ee84040b5f0e77593a5f5b8 50d5c87e0ee84040b5f0e77593a5f5b8] 10.0.20.26 "GET /v2.0/ports?device_id=6e8e1b79-feb4-4819-9895-87f5e9123b78 HTTP/1.1" status: 200  len: 1125 time: 0.8111520
2018-06-27 21:38:33.060 27931 INFO neutron.wsgi [req-3e0d92c8-2b92-4fc4-ac2d-36d2a289a6e4 6a13b80fcecb4592832e0d690de4c416 efd38261e51a4d0abbfff350674479a6 - 50d5c87e0ee84040b5f0e77593a5f5b8 50d5c87e0ee84040b5f0e77593a5f5b8] 10.0.20.26 "GET /v2.0/security-groups?id=acd2bbea-1fc4-4cc9-a2cc-e04139020f01 HTTP/1.1" status: 200  len: 2118 time: 0.1554432
2018-06-27 21:38:34.046 27923 INFO neutron.wsgi [req-341cc661-3752-49f7-808c-a6c5287f66db 2381c87c24634e059255e904a45e06ef 0d772b180b3c41e2ae2eba61c236b149 - default default] 10.0.20.26 "GET /v2.0/ports?tenant_id=efd38261e51a4d0abbfff350674479a6&device_id=6e8e1b79-feb4-4819-9895-87f5e9123b78 HTTP/1.1" status: 200  len: 1125 time: 0.1431010
2018-06-27 21:38:34.363 27923 DEBUG neutron.pecan_wsgi.hooks.policy_enforcement [req-267fc09a-50ac-4a62-9463-70c742e9d971 2381c87c24634e059255e904a45e06ef 0d772b180b3c41e2ae2eba61c236b149 - default default] Attributes excluded by policy engine: [u'vlan_transparent'] _exclude_attributes_by_policy /usr/lib/python2.7/site-packages/neutron/pecan_wsgi/hooks/policy_enforcement.py:256
2018-06-27 21:38:34.367 27923 INFO neutron.wsgi [req-267fc09a-50ac-4a62-9463-70c742e9d971 2381c87c24634e059255e904a45e06ef 0d772b180b3c41e2ae2eba61c236b149 - default default] 10.0.20.26 "GET /v2.0/networks?id=5bab6c8c-1a76-4550-9ba3-ef5b200721c1 HTTP/1.1" status: 200  len: 885 time: 0.3108339
2018-06-27 21:38:34.440 27923 INFO neutron.wsgi [req-5876df3e-170c-4d67-8d77-5a9393fd184e 2381c87c24634e059255e904a45e06ef 0d772b180b3c41e2ae2eba61c236b149 - default default] 10.0.20.26 "GET /v2.0/floatingips?fixed_ip_address=11.229.1.12&port_id=bdbcba88-6f2a-4beb-8a93-98f3b2db4d9b HTTP/1.1" status: 200  len: 751 time: 0.0648460
2018-06-27 21:38:34.625 27923 DEBUG neutron.pecan_wsgi.hooks.policy_enforcement [req-998da0d7-720b-406d-b08d-acf038ce845e 2381c87c24634e059255e904a45e06ef 0d772b180b3c41e2ae2eba61c236b149 - default default] Attributes excluded by policy engine: [u'shared'] _exclude_attributes_by_policy /usr/lib/python2.7/site-packages/neutron/pecan_wsgi/hooks/policy_enforcement.py:256
2018-06-27 21:38:34.628 27923 INFO neutron.wsgi [req-998da0d7-720b-406d-b08d-acf038ce845e 2381c87c24634e059255e904a45e06ef 0d772b180b3c41e2ae2eba61c236b149 - default default] 10.0.20.26 "GET /v2.0/subnets?id=4d12072f-f903-45c7-a59d-dae3f33dc32e HTTP/1.1" status: 200  len: 847 time: 0.1779370
2018-06-27 21:38:34.811 27923 INFO neutron.wsgi [req-88acce78-1fbd-4590-89b2-9a44cd78f0f6 2381c87c24634e059255e904a45e06ef 0d772b180b3c41e2ae2eba61c236b149 - default default] 10.0.20.26 "GET /v2.0/ports?network_id=5bab6c8c-1a76-4550-9ba3-ef5b200721c1&device_owner=network%3Adhcp HTTP/1.1" status: 200  len: 1128 time: 0.1729882
2018-06-27 21:38:36.741 27955 DEBUG neutron.plugins.ml2.rpc [req-beab93fc-f339-4a51-8f82-f3c9ff9ccf41 - - - - -] Device bdbcba88-6f2a-4beb-8a93-98f3b2db4d9b no longer exists at agent ovs-agent-localhost.localdomain update_device_down /usr/lib/python2.7/site-packages/neutron/plugins/ml2/rpc.py:213
2018-06-27 21:38:37.013 27955 DEBUG neutron_lib.callbacks.manager [req-beab93fc-f339-4a51-8f82-f3c9ff9ccf41 - - - - -] Notify callbacks ['neutron.plugins.ml2.plugin.Ml2Plugin._ensure_default_security_group_handler--9223372036854427510'] for port, before_update _notify_loop /usr/lib/python2.7/site-packages/neutron_lib/callbacks/manager.py:167
2018-06-27 21:38:37.103 27955 DEBUG oslo_concurrency.lockutils [-] Lock "notifier-5d9ede51-d9bc-4a79-8bdf-90255fe12a33" acquired by "neutron.notifiers.batch_notifier.synced_send" :: waited 0.000s inner /usr/lib/python2.7/site-packages/oslo_concurrency/lockutils.py:270
2018-06-27 21:38:37.104 27955 DEBUG neutron.notifiers.nova [-] Sending events: [{'status': 'completed', 'tag': u'bdbcba88-6f2a-4beb-8a93-98f3b2db4d9b', 'name': 'network-vif-unplugged', 'server_uuid': u'6e8e1b79-feb4-4819-9895-87f5e9123b78'}] send_events /usr/lib/python2.7/site-packages/neutron/notifiers/nova.py:242
2018-06-27 21:38:37.113 27955 DEBUG novaclient.v2.client [-] REQ: curl -g -i -X POST http://10.0.20.26:8774/v2.1/0d772b180b3c41e2ae2eba61c236b149/os-server-external-events -H "User-Agent: python-novaclient" -H "Content-Type: application/json" -H "Accept: application/json" -H "X-OpenStack-Nova-API-Version: 2.1" -H "X-Auth-Token: {SHA1}f75133bd576f9eac5abc4bb0654266466a79e7cb" -d '{"events": [{"status": "completed", "tag": "bdbcba88-6f2a-4beb-8a93-98f3b2db4d9b", "name": "network-vif-unplugged", "server_uuid": "6e8e1b79-feb4-4819-9895-87f5e9123b78"}]}' _http_log_request /usr/lib/python2.7/site-packages/keystoneauth1/session.py:375
2018-06-27 21:38:37.119 27955 DEBUG neutron.plugins.ml2.db [req-beab93fc-f339-4a51-8f82-f3c9ff9ccf41 - - - - -] For port bdbcba88-6f2a-4beb-8a93-98f3b2db4d9b, host localhost.localdomain, got binding levels [<neutron.plugins.ml2.models.PortBindingLevel[object at 7f3cb10d5690] {port_id=u'bdbcba88-6f2a-4beb-8a93-98f3b2db4d9b', host=u'localhost.localdomain', level=0, driver=u'openvswitch', segment_id=u'9e8e3c4a-10d9-4405-9c50-27758fde52f6'}>] get_binding_levels /usr/lib/python2.7/site-packages/neutron/plugins/ml2/db.py:106
2018-06-27 21:38:37.133 27955 DEBUG neutron_lib.callbacks.manager [req-beab93fc-f339-4a51-8f82-f3c9ff9ccf41 - - - - -] Notify callbacks ['neutron.api.rpc.agentnotifiers.dhcp_rpc_agent_api.DhcpAgentNotifyAPI._native_event_send_dhcp_notification--9223372036851192567', 'neutron.plugins.ml2.plugin.Ml2Plugin.notify_sg_on_port_change-348415', 'neutron.plugins.ml2.ovo_rpc._ObjectChangeHandler.handle_event-3767928', 'neutron.db.l3_hascheduler_db._notify_l3_agent_ha_port_update-8743666195747', 'neutron.db.l3_dvrscheduler_db._notify_l3_agent_port_update--9223363293188574769'] for port, after_update _notify_loop /usr/lib/python2.7/site-packages/neutron_lib/callbacks/manager.py:167
2018-06-27 21:38:37.168 27955 DEBUG oslo_concurrency.lockutils [-] Lock "event-dispatch" acquired by "neutron.plugins.ml2.ovo_rpc.dispatch_events" :: waited 0.000s inner /usr/lib/python2.7/site-packages/oslo_concurrency/lockutils.py:270
2018-06-27 21:38:37.278 27955 DEBUG novaclient.v2.client [-] RESP: [200] Content-Length: 185 Content-Type: application/json Openstack-Api-Version: compute 2.1 X-Openstack-Nova-Api-Version: 2.1 Vary: OpenStack-API-Version, X-OpenStack-Nova-API-Version X-Openstack-Request-Id: req-0acd0904-4907-4dea-b0e8-fbff67043529 X-Compute-Request-Id: req-0acd0904-4907-4dea-b0e8-fbff67043529 Date: Wed, 27 Jun 2018 19:38:37 GMT Connection: keep-alive 
RESP BODY: {"events": [{"status": "completed", "tag": "bdbcba88-6f2a-4beb-8a93-98f3b2db4d9b", "name": "network-vif-unplugged", "server_uuid": "6e8e1b79-feb4-4819-9895-87f5e9123b78", "code": 200}]}
 _http_log_response /usr/lib/python2.7/site-packages/keystoneauth1/session.py:423
2018-06-27 21:38:37.279 27955 DEBUG novaclient.v2.client [-] POST call to compute for http://10.0.20.26:8774/v2.1/0d772b180b3c41e2ae2eba61c236b149/os-server-external-events used request id req-0acd0904-4907-4dea-b0e8-fbff67043529 request /usr/lib/python2.7/site-packages/keystoneauth1/session.py:727
2018-06-27 21:38:37.303 27955 INFO neutron.notifiers.nova [-] Nova event response: {u'status': u'completed', u'tag': u'bdbcba88-6f2a-4beb-8a93-98f3b2db4d9b', u'name': u'network-vif-unplugged', u'server_uuid': u'6e8e1b79-feb4-4819-9895-87f5e9123b78', u'code': 200}
2018-06-27 21:38:37.371 27955 DEBUG neutron.api.rpc.handlers.resources_rpc [req-beab93fc-f339-4a51-8f82-f3c9ff9ccf41 - - - - -] neutron.api.rpc.handlers.resources_rpc.ResourcesPushRpcApi method push called with arguments (<neutron_lib.context.Context object at 0x7f3cb10d5050>, [Port(admin_state_up=True,allowed_address_pairs=[],binding=PortBinding,binding_levels=[PortBindingLevel],created_at=2018-06-27T19:35:17Z,data_plane_status=<?>,description='',device_id='6e8e1b79-feb4-4819-9895-87f5e9123b78',device_owner='compute:nova',dhcp_options=[],distributed_binding=None,dns=None,fixed_ips=[IPAllocation],id=bdbcba88-6f2a-4beb-8a93-98f3b2db4d9b,mac_address=fa:16:3e:ac:64:95,name='',network_id=5bab6c8c-1a76-4550-9ba3-ef5b200721c1,project_id='efd38261e51a4d0abbfff350674479a6',qos_policy_id=None,revision_number=7,security=PortSecurity(bdbcba88-6f2a-4beb-8a93-98f3b2db4d9b),security_group_ids=set([acd2bbea-1fc4-4cc9-a2cc-e04139020f01]),status='DOWN',updated_at=2018-06-27T19:38:37Z)], 'updated') {} wrapper /usr/lib/python2.7/site-packages/oslo_log/helpers.py:66
2018-06-27 21:38:37.394 27955 DEBUG neutron.api.rpc.callbacks.version_manager [req-beab93fc-f339-4a51-8f82-f3c9ff9ccf41 - - - - -] Version for resource type Subnet changed None to 1.0 on consumer Open vSwitch agent@localhost.localdomain _set_version /usr/lib/python2.7/site-packages/neutron/api/rpc/callbacks/version_manager.py:119
2018-06-27 21:38:37.395 27955 DEBUG neutron.api.rpc.callbacks.version_manager [req-beab93fc-f339-4a51-8f82-f3c9ff9ccf41 - - - - -] Version for resource type Network changed None to 1.0 on consumer Open vSwitch agent@localhost.localdomain _set_version /usr/lib/python2.7/site-packages/neutron/api/rpc/callbacks/version_manager.py:119
2018-06-27 21:38:37.396 27955 DEBUG neutron.api.rpc.callbacks.version_manager [req-beab93fc-f339-4a51-8f82-f3c9ff9ccf41 - - - - -] Version for resource type SubPort changed None to 1.0 on consumer Open vSwitch agent@localhost.localdomain _set_version /usr/lib/python2.7/site-packages/neutron/api/rpc/callbacks/version_manager.py:119
2018-06-27 21:38:37.397 27955 DEBUG neutron.api.rpc.callbacks.version_manager [req-beab93fc-f339-4a51-8f82-f3c9ff9ccf41 - - - - -] Version for resource type SecurityGroup changed None to 1.0 on consumer Open vSwitch agent@localhost.localdomain _set_version /usr/lib/python2.7/site-packages/neutron/api/rpc/callbacks/version_manager.py:119
2018-06-27 21:38:37.398 27955 DEBUG neutron.api.rpc.callbacks.version_manager [req-beab93fc-f339-4a51-8f82-f3c9ff9ccf41 - - - - -] Version for resource type SecurityGroupRule changed None to 1.0 on consumer Open vSwitch agent@localhost.localdomain _set_version /usr/lib/python2.7/site-packages/neutron/api/rpc/callbacks/version_manager.py:119
2018-06-27 21:38:37.399 27955 DEBUG neutron.api.rpc.callbacks.version_manager [req-beab93fc-f339-4a51-8f82-f3c9ff9ccf41 - - - - -] Version for resource type Trunk changed None to 1.1 on consumer Open vSwitch agent@localhost.localdomain _set_version /usr/lib/python2.7/site-packages/neutron/api/rpc/callbacks/version_manager.py:119
2018-06-27 21:38:37.399 27955 DEBUG neutron.api.rpc.callbacks.version_manager [req-beab93fc-f339-4a51-8f82-f3c9ff9ccf41 - - - - -] Version for resource type QosPolicy changed None to 1.6 on consumer Open vSwitch agent@localhost.localdomain _set_version /usr/lib/python2.7/site-packages/neutron/api/rpc/callbacks/version_manager.py:119
2018-06-27 21:38:37.400 27955 DEBUG neutron.api.rpc.callbacks.version_manager [req-beab93fc-f339-4a51-8f82-f3c9ff9ccf41 - - - - -] Version for resource type Port changed None to 1.1 on consumer Open vSwitch agent@localhost.localdomain _set_version /usr/lib/python2.7/site-packages/neutron/api/rpc/callbacks/version_manager.py:119
2018-06-27 21:38:37.401 27955 DEBUG neutron.api.rpc.callbacks.version_manager [req-beab93fc-f339-4a51-8f82-f3c9ff9ccf41 - - - - -] Version for resource type Log changed None to 1.0 on consumer Open vSwitch agent@localhost.localdomain _set_version /usr/lib/python2.7/site-packages/neutron/api/rpc/callbacks/version_manager.py:119
2018-06-27 21:38:37.424 27955 DEBUG oslo_concurrency.lockutils [req-beab93fc-f339-4a51-8f82-f3c9ff9ccf41 - - - - -] Lock "event-dispatch" released by "neutron.plugins.ml2.ovo_rpc.dispatch_events" :: held 0.255s inner /usr/lib/python2.7/site-packages/oslo_concurrency/lockutils.py:282
2018-06-27 21:38:39.310 27955 DEBUG oslo_concurrency.lockutils [-] Lock "notifier-5d9ede51-d9bc-4a79-8bdf-90255fe12a33" released by "neutron.notifiers.batch_notifier.synced_send" :: held 2.207s inner /usr/lib/python2.7/site-packages/oslo_concurrency/lockutils.py:282
2018-06-27 21:38:42.768 27928 INFO neutron.wsgi [req-efe1d2ed-a24d-4b2b-a00a-b772730f8d09 6a13b80fcecb4592832e0d690de4c416 efd38261e51a4d0abbfff350674479a6 - 50d5c87e0ee84040b5f0e77593a5f5b8 50d5c87e0ee84040b5f0e77593a5f5b8] 10.0.20.26 "GET /v2.0/ports?device_id=6e8e1b79-feb4-4819-9895-87f5e9123b78 HTTP/1.1" status: 200  len: 1123 time: 0.7720709
2018-06-27 21:38:42.964 27928 INFO neutron.wsgi [req-952fee9a-cc4a-466d-aa78-bc111bb9bc3b 6a13b80fcecb4592832e0d690de4c416 efd38261e51a4d0abbfff350674479a6 - 50d5c87e0ee84040b5f0e77593a5f5b8 50d5c87e0ee84040b5f0e77593a5f5b8] 10.0.20.26 "GET /v2.0/security-groups?id=acd2bbea-1fc4-4cc9-a2cc-e04139020f01 HTTP/1.1" status: 200  len: 2118 time: 0.1851001
2018-06-27 21:38:43.172 27947 DEBUG neutron_lib.callbacks.manager [req-44b6c039-36f6-44ef-80a7-be93111479a4 - - - - -] Notify callbacks ['neutron.services.segments.db._update_segment_host_mapping_for_agent-8743666561616'] for agent, after_update _notify_loop /usr/lib/python2.7/site-packages/neutron_lib/callbacks/manager.py:167
2018-06-27 21:38:43.216 27948 DEBUG neutron_lib.callbacks.manager [req-9fc96a4d-f38b-402f-845d-84ce52d4027f - - - - -] Notify callbacks ['neutron.services.segments.db._update_segment_host_mapping_for_agent-8743666561616'] for agent, after_update _notify_loop /usr/lib/python2.7/site-packages/neutron_lib/callbacks/manager.py:167
2018-06-27 21:38:43.250 27946 DEBUG neutron_lib.callbacks.manager [req-13580a01-576b-4f7f-b156-139ff4f36a92 - - - - -] Notify callbacks ['neutron.services.segments.db._update_segment_host_mapping_for_agent-8743666561616'] for agent, after_update _notify_loop /usr/lib/python2.7/site-packages/neutron_lib/callbacks/manager.py:167
2018-06-27 21:38:44.806 27952 DEBUG neutron_lib.callbacks.manager [req-214796b1-f02c-4e71-8d9c-f3437caa6b67 - - - - -] Notify callbacks ['neutron.services.segments.db._update_segment_host_mapping_for_agent-8743666561616'] for agent, after_update _notify_loop /usr/lib/python2.7/site-packages/neutron_lib/callbacks/manager.py:167
2018-06-27 21:38:44.867 27949 DEBUG neutron_lib.callbacks.manager [req-beab93fc-f339-4a51-8f82-f3c9ff9ccf41 - - - - -] Notify callbacks ['neutron.services.segments.db._update_segment_host_mapping_for_agent-8743666561616'] for agent, after_update _notify_loop /usr/lib/python2.7/site-packages/neutron_lib/callbacks/manager.py:167
2018-06-27 21:38:44.925 27946 DEBUG neutron.plugins.ml2.rpc [req-beab93fc-f339-4a51-8f82-f3c9ff9ccf41 - - - - -] Device bdbcba88-6f2a-4beb-8a93-98f3b2db4d9b up at agent ovs-agent-localhost.localdomain update_device_up /usr/lib/python2.7/site-packages/neutron/plugins/ml2/rpc.py:244
2018-06-27 21:38:45.175 27946 DEBUG neutron.db.provisioning_blocks [req-beab93fc-f339-4a51-8f82-f3c9ff9ccf41 - - - - -] Provisioning complete for port bdbcba88-6f2a-4beb-8a93-98f3b2db4d9b triggered by entity L2. provisioning_complete /usr/lib/python2.7/site-packages/neutron/db/provisioning_blocks.py:138
2018-06-27 21:38:45.176 27946 DEBUG neutron_lib.callbacks.manager [req-beab93fc-f339-4a51-8f82-f3c9ff9ccf41 - - - - -] Notify callbacks ['neutron.plugins.ml2.plugin.Ml2Plugin._port_provisioned-934350'] for port, provisioning_complete _notify_loop /usr/lib/python2.7/site-packages/neutron_lib/callbacks/manager.py:167
2018-06-27 21:38:45.552 27946 DEBUG neutron_lib.callbacks.manager [req-beab93fc-f339-4a51-8f82-f3c9ff9ccf41 - - - - -] Notify callbacks ['neutron.plugins.ml2.plugin.Ml2Plugin._ensure_default_security_group_handler--9223372036854427510'] for port, before_update _notify_loop /usr/lib/python2.7/site-packages/neutron_lib/callbacks/manager.py:167
2018-06-27 21:38:45.725 27946 DEBUG oslo_concurrency.lockutils [-] Lock "notifier-5d9ede51-d9bc-4a79-8bdf-90255fe12a33" acquired by "neutron.notifiers.batch_notifier.synced_send" :: waited 0.000s inner /usr/lib/python2.7/site-packages/oslo_concurrency/lockutils.py:270
2018-06-27 21:38:45.727 27946 DEBUG neutron.notifiers.nova [-] Sending events: [{'status': 'completed', 'tag': u'bdbcba88-6f2a-4beb-8a93-98f3b2db4d9b', 'name': 'network-vif-plugged', 'server_uuid': u'6e8e1b79-feb4-4819-9895-87f5e9123b78'}] send_events /usr/lib/python2.7/site-packages/neutron/notifiers/nova.py:242
2018-06-27 21:38:45.774 27946 DEBUG novaclient.v2.client [-] REQ: curl -g -i -X POST http://10.0.20.26:8774/v2.1/0d772b180b3c41e2ae2eba61c236b149/os-server-external-events -H "User-Agent: python-novaclient" -H "Content-Type: application/json" -H "Accept: application/json" -H "X-OpenStack-Nova-API-Version: 2.1" -H "X-Auth-Token: {SHA1}d695b5eca302b71b0e13cb530e4fb8a49646b85c" -d '{"events": [{"status": "completed", "tag": "bdbcba88-6f2a-4beb-8a93-98f3b2db4d9b", "name": "network-vif-plugged", "server_uuid": "6e8e1b79-feb4-4819-9895-87f5e9123b78"}]}' _http_log_request /usr/lib/python2.7/site-packages/keystoneauth1/session.py:375
2018-06-27 21:38:45.808 27946 DEBUG neutron.plugins.ml2.db [req-beab93fc-f339-4a51-8f82-f3c9ff9ccf41 - - - - -] For port bdbcba88-6f2a-4beb-8a93-98f3b2db4d9b, host localhost.localdomain, got binding levels [<neutron.plugins.ml2.models.PortBindingLevel[object at 7f3cb140a510] {port_id=u'bdbcba88-6f2a-4beb-8a93-98f3b2db4d9b', host=u'localhost.localdomain', level=0, driver=u'openvswitch', segment_id=u'9e8e3c4a-10d9-4405-9c50-27758fde52f6'}>] get_binding_levels /usr/lib/python2.7/site-packages/neutron/plugins/ml2/db.py:106
2018-06-27 21:38:45.823 27946 DEBUG neutron_lib.callbacks.manager [req-beab93fc-f339-4a51-8f82-f3c9ff9ccf41 - - - - -] Notify callbacks ['neutron.api.rpc.agentnotifiers.dhcp_rpc_agent_api.DhcpAgentNotifyAPI._native_event_send_dhcp_notification--9223372036851192567', 'neutron.plugins.ml2.plugin.Ml2Plugin.notify_sg_on_port_change-348415', 'neutron.plugins.ml2.ovo_rpc._ObjectChangeHandler.handle_event-3767928', 'neutron.db.l3_hascheduler_db._notify_l3_agent_ha_port_update-8743666195747', 'neutron.db.l3_dvrscheduler_db._notify_l3_agent_port_update--9223363293188574769'] for port, after_update _notify_loop /usr/lib/python2.7/site-packages/neutron_lib/callbacks/manager.py:167
2018-06-27 21:38:45.887 27946 DEBUG oslo_concurrency.lockutils [-] Lock "event-dispatch" acquired by "neutron.plugins.ml2.ovo_rpc.dispatch_events" :: waited 0.000s inner /usr/lib/python2.7/site-packages/oslo_concurrency/lockutils.py:270
2018-06-27 21:38:46.152 27946 DEBUG neutron.api.rpc.handlers.resources_rpc [req-beab93fc-f339-4a51-8f82-f3c9ff9ccf41 - - - - -] neutron.api.rpc.handlers.resources_rpc.ResourcesPushRpcApi method push called with arguments (<neutron_lib.context.Context object at 0x7f3cb13bd350>, [Port(admin_state_up=True,allowed_address_pairs=[],binding=PortBinding,binding_levels=[PortBindingLevel],created_at=2018-06-27T19:35:17Z,data_plane_status=<?>,description='',device_id='6e8e1b79-feb4-4819-9895-87f5e9123b78',device_owner='compute:nova',dhcp_options=[],distributed_binding=None,dns=None,fixed_ips=[IPAllocation],id=bdbcba88-6f2a-4beb-8a93-98f3b2db4d9b,mac_address=fa:16:3e:ac:64:95,name='',network_id=5bab6c8c-1a76-4550-9ba3-ef5b200721c1,project_id='efd38261e51a4d0abbfff350674479a6',qos_policy_id=None,revision_number=8,security=PortSecurity(bdbcba88-6f2a-4beb-8a93-98f3b2db4d9b),security_group_ids=set([acd2bbea-1fc4-4cc9-a2cc-e04139020f01]),status='ACTIVE',updated_at=2018-06-27T19:38:45Z)], 'updated') {} wrapper /usr/lib/python2.7/site-packages/oslo_log/helpers.py:66
2018-06-27 21:38:46.178 27946 DEBUG neutron.api.rpc.callbacks.version_manager [req-beab93fc-f339-4a51-8f82-f3c9ff9ccf41 - - - - -] Version for resource type Subnet changed None to 1.0 on consumer Open vSwitch agent@localhost.localdomain _set_version /usr/lib/python2.7/site-packages/neutron/api/rpc/callbacks/version_manager.py:119
2018-06-27 21:38:46.180 27946 DEBUG neutron.api.rpc.callbacks.version_manager [req-beab93fc-f339-4a51-8f82-f3c9ff9ccf41 - - - - -] Version for resource type Network changed None to 1.0 on consumer Open vSwitch agent@localhost.localdomain _set_version /usr/lib/python2.7/site-packages/neutron/api/rpc/callbacks/version_manager.py:119
2018-06-27 21:38:46.182 27946 DEBUG neutron.api.rpc.callbacks.version_manager [req-beab93fc-f339-4a51-8f82-f3c9ff9ccf41 - - - - -] Version for resource type SubPort changed None to 1.0 on consumer Open vSwitch agent@localhost.localdomain _set_version /usr/lib/python2.7/site-packages/neutron/api/rpc/callbacks/version_manager.py:119
2018-06-27 21:38:46.184 27946 DEBUG neutron.api.rpc.callbacks.version_manager [req-beab93fc-f339-4a51-8f82-f3c9ff9ccf41 - - - - -] Version for resource type SecurityGroup changed None to 1.0 on consumer Open vSwitch agent@localhost.localdomain _set_version /usr/lib/python2.7/site-packages/neutron/api/rpc/callbacks/version_manager.py:119
2018-06-27 21:38:46.185 27946 DEBUG neutron.api.rpc.callbacks.version_manager [req-beab93fc-f339-4a51-8f82-f3c9ff9ccf41 - - - - -] Version for resource type SecurityGroupRule changed None to 1.0 on consumer Open vSwitch agent@localhost.localdomain _set_version /usr/lib/python2.7/site-packages/neutron/api/rpc/callbacks/version_manager.py:119
2018-06-27 21:38:46.186 27946 DEBUG neutron.api.rpc.callbacks.version_manager [req-beab93fc-f339-4a51-8f82-f3c9ff9ccf41 - - - - -] Version for resource type Trunk changed None to 1.1 on consumer Open vSwitch agent@localhost.localdomain _set_version /usr/lib/python2.7/site-packages/neutron/api/rpc/callbacks/version_manager.py:119
2018-06-27 21:38:46.187 27946 DEBUG neutron.api.rpc.callbacks.version_manager [req-beab93fc-f339-4a51-8f82-f3c9ff9ccf41 - - - - -] Version for resource type QosPolicy changed None to 1.6 on consumer Open vSwitch agent@localhost.localdomain _set_version /usr/lib/python2.7/site-packages/neutron/api/rpc/callbacks/version_manager.py:119
2018-06-27 21:38:46.188 27946 DEBUG neutron.api.rpc.callbacks.version_manager [req-beab93fc-f339-4a51-8f82-f3c9ff9ccf41 - - - - -] Version for resource type Port changed None to 1.1 on consumer Open vSwitch agent@localhost.localdomain _set_version /usr/lib/python2.7/site-packages/neutron/api/rpc/callbacks/version_manager.py:119
2018-06-27 21:38:46.189 27946 DEBUG neutron.api.rpc.callbacks.version_manager [req-beab93fc-f339-4a51-8f82-f3c9ff9ccf41 - - - - -] Version for resource type Log changed None to 1.0 on consumer Open vSwitch agent@localhost.localdomain _set_version /usr/lib/python2.7/site-packages/neutron/api/rpc/callbacks/version_manager.py:119
2018-06-27 21:38:46.221 27946 DEBUG oslo_concurrency.lockutils [req-beab93fc-f339-4a51-8f82-f3c9ff9ccf41 - - - - -] Lock "event-dispatch" released by "neutron.plugins.ml2.ovo_rpc.dispatch_events" :: held 0.334s inner /usr/lib/python2.7/site-packages/oslo_concurrency/lockutils.py:282
2018-06-27 21:38:46.851 27947 DEBUG neutron.plugins.ml2.rpc [req-beab93fc-f339-4a51-8f82-f3c9ff9ccf41 - - - - -] Device bdbcba88-6f2a-4beb-8a93-98f3b2db4d9b up at agent ovs-agent-localhost.localdomain update_device_up /usr/lib/python2.7/site-packages/neutron/plugins/ml2/rpc.py:244
2018-06-27 21:38:46.914 27946 DEBUG novaclient.v2.client [-] RESP: [200] Content-Length: 183 Content-Type: application/json Openstack-Api-Version: compute 2.1 X-Openstack-Nova-Api-Version: 2.1 Vary: OpenStack-API-Version, X-OpenStack-Nova-API-Version X-Openstack-Request-Id: req-c0514bff-3339-430b-b5da-28f9c3ce6b62 X-Compute-Request-Id: req-c0514bff-3339-430b-b5da-28f9c3ce6b62 Date: Wed, 27 Jun 2018 19:38:46 GMT Connection: keep-alive 
RESP BODY: {"events": [{"status": "completed", "tag": "bdbcba88-6f2a-4beb-8a93-98f3b2db4d9b", "name": "network-vif-plugged", "server_uuid": "6e8e1b79-feb4-4819-9895-87f5e9123b78", "code": 200}]}
 _http_log_response /usr/lib/python2.7/site-packages/keystoneauth1/session.py:423
2018-06-27 21:38:46.914 27946 DEBUG novaclient.v2.client [-] POST call to compute for http://10.0.20.26:8774/v2.1/0d772b180b3c41e2ae2eba61c236b149/os-server-external-events used request id req-c0514bff-3339-430b-b5da-28f9c3ce6b62 request /usr/lib/python2.7/site-packages/keystoneauth1/session.py:727
2018-06-27 21:38:46.923 27946 INFO neutron.notifiers.nova [-] Nova event response: {u'status': u'completed', u'tag': u'bdbcba88-6f2a-4beb-8a93-98f3b2db4d9b', u'name': u'network-vif-plugged', u'server_uuid': u'6e8e1b79-feb4-4819-9895-87f5e9123b78', u'code': 200}
2018-06-27 21:38:47.032 27947 DEBUG neutron.db.provisioning_blocks [req-beab93fc-f339-4a51-8f82-f3c9ff9ccf41 - - - - -] Provisioning complete for port bdbcba88-6f2a-4beb-8a93-98f3b2db4d9b triggered by entity L2. provisioning_complete /usr/lib/python2.7/site-packages/neutron/db/provisioning_blocks.py:138
2018-06-27 21:38:47.033 27947 DEBUG neutron_lib.callbacks.manager [req-beab93fc-f339-4a51-8f82-f3c9ff9ccf41 - - - - -] Notify callbacks ['neutron.plugins.ml2.plugin.Ml2Plugin._port_provisioned-934350'] for port, provisioning_complete _notify_loop /usr/lib/python2.7/site-packages/neutron_lib/callbacks/manager.py:167
2018-06-27 21:38:47.321 27958 DEBUG neutron.db.agents_db [req-5dcc1a11-cada-4282-ba5c-57704b096e8b - - - - -] Agent healthcheck: found 5 active agents agent_health_check /usr/lib/python2.7/site-packages/neutron/db/agents_db.py:281
2018-06-27 21:38:48.924 27946 DEBUG oslo_concurrency.lockutils [-] Lock "notifier-5d9ede51-d9bc-4a79-8bdf-90255fe12a33" released by "neutron.notifiers.batch_notifier.synced_send" :: held 3.200s inner /usr/lib/python2.7/site-packages/oslo_concurrency/lockutils.py:282
2018-06-27 21:38:49.065 27922 DEBUG neutron.wsgi [req-6ed42e8e-63e4-4e5d-a936-c2728d343089 2381c87c24634e059255e904a45e06ef 0d772b180b3c41e2ae2eba61c236b149 - default default] (27922) timed out ('10.0.20.26', 39134) process_request /usr/lib/python2.7/site-packages/eventlet/wsgi.py:739
2018-06-27 21:38:54.636 27928 INFO neutron.wsgi [req-75ac20f9-0e8d-4dbc-850e-453cf7492580 6a13b80fcecb4592832e0d690de4c416 efd38261e51a4d0abbfff350674479a6 - 50d5c87e0ee84040b5f0e77593a5f5b8 50d5c87e0ee84040b5f0e77593a5f5b8] 10.0.20.26 "GET /v2.0/ports?device_id=6e8e1b79-feb4-4819-9895-87f5e9123b78 HTTP/1.1" status: 200  len: 1125 time: 0.6791630
2018-06-27 21:38:54.826 27928 INFO neutron.wsgi [req-0b0b13a7-7ec4-42a2-8142-a7a67808e2a7 6a13b80fcecb4592832e0d690de4c416 efd38261e51a4d0abbfff350674479a6 - 50d5c87e0ee84040b5f0e77593a5f5b8 50d5c87e0ee84040b5f0e77593a5f5b8] 10.0.20.26 "GET /v2.0/security-groups?id=acd2bbea-1fc4-4cc9-a2cc-e04139020f01 HTTP/1.1" status: 200  len: 2118 time: 0.1803529
2018-06-27 21:39:00.730 27923 INFO neutron.wsgi [req-c385cb40-a80a-470f-bbb0-96e9cb936f8e 2381c87c24634e059255e904a45e06ef 0d772b180b3c41e2ae2eba61c236b149 - default default] 10.0.20.26 "GET /v2.0/ports?tenant_id=efd38261e51a4d0abbfff350674479a6&device_id=6e8e1b79-feb4-4819-9895-87f5e9123b78 HTTP/1.1" status: 200  len: 1125 time: 0.1876619
2018-06-27 21:39:01.074 27923 DEBUG neutron.pecan_wsgi.hooks.policy_enforcement [req-d2dedbca-e1c9-4a12-9aa4-a09d34c09c13 2381c87c24634e059255e904a45e06ef 0d772b180b3c41e2ae2eba61c236b149 - default default] Attributes excluded by policy engine: [u'vlan_transparent'] _exclude_attributes_by_policy /usr/lib/python2.7/site-packages/neutron/pecan_wsgi/hooks/policy_enforcement.py:256
2018-06-27 21:39:01.079 27923 INFO neutron.wsgi [req-d2dedbca-e1c9-4a12-9aa4-a09d34c09c13 2381c87c24634e059255e904a45e06ef 0d772b180b3c41e2ae2eba61c236b149 - default default] 10.0.20.26 "GET /v2.0/networks?id=5bab6c8c-1a76-4550-9ba3-ef5b200721c1 HTTP/1.1" status: 200  len: 885 time: 0.3394082
2018-06-27 21:39:01.154 27923 INFO neutron.wsgi [req-49fdf7ef-7c6c-413c-8332-e09c6acbfaf7 2381c87c24634e059255e904a45e06ef 0d772b180b3c41e2ae2eba61c236b149 - default default] 10.0.20.26 "GET /v2.0/floatingips?fixed_ip_address=11.229.1.12&port_id=bdbcba88-6f2a-4beb-8a93-98f3b2db4d9b HTTP/1.1" status: 200  len: 751 time: 0.0631940
2018-06-27 21:39:01.291 27923 DEBUG neutron.pecan_wsgi.hooks.policy_enforcement [req-d10f0df1-8d95-4d6d-bcc2-05472e4c728e 2381c87c24634e059255e904a45e06ef 0d772b180b3c41e2ae2eba61c236b149 - default default] Attributes excluded by policy engine: [u'shared'] _exclude_attributes_by_policy /usr/lib/python2.7/site-packages/neutron/pecan_wsgi/hooks/policy_enforcement.py:256
2018-06-27 21:39:01.294 27923 INFO neutron.wsgi [req-d10f0df1-8d95-4d6d-bcc2-05472e4c728e 2381c87c24634e059255e904a45e06ef 0d772b180b3c41e2ae2eba61c236b149 - default default] 10.0.20.26 "GET /v2.0/subnets?id=4d12072f-f903-45c7-a59d-dae3f33dc32e HTTP/1.1" status: 200  len: 847 time: 0.1336329
2018-06-27 21:39:01.465 27923 INFO neutron.wsgi [req-626b57a0-ec8a-4e2b-91b8-2eb56a0e8998 2381c87c24634e059255e904a45e06ef 0d772b180b3c41e2ae2eba61c236b149 - default default] 10.0.20.26 "GET /v2.0/ports?network_id=5bab6c8c-1a76-4550-9ba3-ef5b200721c1&device_owner=network%3Adhcp HTTP/1.1" status: 200  len: 1128 time: 0.1660480
2018-06-27 21:39:13.159 27953 DEBUG neutron_lib.callbacks.manager [req-483bcfff-a6ac-4a63-b520-a65f304220d9 - - - - -] Notify callbacks ['neutron.services.segments.db._update_segment_host_mapping_for_agent-8743666561616'] for agent, after_update _notify_loop /usr/lib/python2.7/site-packages/neutron_lib/callbacks/manager.py:167
2018-06-27 21:39:13.197 27950 DEBUG neutron_lib.callbacks.manager [req-9fc96a4d-f38b-402f-845d-84ce52d4027f - - - - -] Notify callbacks ['neutron.services.segments.db._update_segment_host_mapping_for_agent-8743666561616'] for agent, after_update _notify_loop /usr/lib/python2.7/site-packages/neutron_lib/callbacks/manager.py:167
2018-06-27 21:39:13.247 27957 DEBUG neutron_lib.callbacks.manager [req-13580a01-576b-4f7f-b156-139ff4f36a92 - - - - -] Notify callbacks ['neutron.services.segments.db._update_segment_host_mapping_for_agent-8743666561616'] for agent, after_update _notify_loop /usr/lib/python2.7/site-packages/neutron_lib/callbacks/manager.py:167
2018-06-27 21:39:14.720 27955 DEBUG neutron_lib.callbacks.manager [req-98cb9b94-321b-4a92-8b14-a01d5092dc55 - - - - -] Notify callbacks ['neutron.services.segments.db._update_segment_host_mapping_for_agent-8743666561616'] for agent, after_update _notify_loop /usr/lib/python2.7/site-packages/neutron_lib/callbacks/manager.py:167
2018-06-27 21:39:14.815 27947 DEBUG neutron_lib.callbacks.manager [req-beab93fc-f339-4a51-8f82-f3c9ff9ccf41 - - - - -] Notify callbacks ['neutron.services.segments.db._update_segment_host_mapping_for_agent-8743666561616'] for agent, after_update _notify_loop /usr/lib/python2.7/site-packages/neutron_lib/callbacks/manager.py:167
2018-06-27 21:39:16.408 27938 INFO neutron.wsgi [req-192ec7f4-38ff-4db9-8206-c172f08da0f9 2381c87c24634e059255e904a45e06ef 0d772b180b3c41e2ae2eba61c236b149 - default default] 10.0.20.26 "GET /v2.0/ports?device_id=6e8e1b79-feb4-4819-9895-87f5e9123b78 HTTP/1.1" status: 200  len: 1125 time: 0.2055140
2018-06-27 21:39:16.610 27938 INFO neutron.wsgi [req-64a29c29-3b23-4dbf-aeba-c7f6c9950ce5 2381c87c24634e059255e904a45e06ef 0d772b180b3c41e2ae2eba61c236b149 - default default] 10.0.20.26 "GET /v2.0/security-groups?id=acd2bbea-1fc4-4cc9-a2cc-e04139020f01 HTTP/1.1" status: 200  len: 2118 time: 0.1931350
2018-06-27 21:39:19.523 27922 INFO neutron.wsgi [req-88d51bbf-0fa5-428d-9297-faba8c3b6ac5 2381c87c24634e059255e904a45e06ef 0d772b180b3c41e2ae2eba61c236b149 - default default] 10.0.20.26 "GET /v2.0/ports?device_id=6e8e1b79-feb4-4819-9895-87f5e9123b78 HTTP/1.1" status: 200  len: 1125 time: 0.1616142
2018-06-27 21:39:19.693 27922 INFO neutron.wsgi [req-43cd2e07-a5e5-4414-af96-59cc3a4bb547 2381c87c24634e059255e904a45e06ef 0d772b180b3c41e2ae2eba61c236b149 - default default] 10.0.20.26 "GET /v2.0/security-groups?id=acd2bbea-1fc4-4cc9-a2cc-e04139020f01 HTTP/1.1" status: 200  len: 2118 time: 0.1608841
2018-06-27 21:39:20.485 27945 INFO neutron.wsgi [req-9b02244b-c045-44e8-8934-240eda896d27 2381c87c24634e059255e904a45e06ef 0d772b180b3c41e2ae2eba61c236b149 - default default] 10.0.20.26 "GET /v2.0/ports?device_id=6e8e1b79-feb4-4819-9895-87f5e9123b78 HTTP/1.1" status: 200  len: 1125 time: 0.2104540
2018-06-27 21:39:20.674 27945 INFO neutron.wsgi [req-a4b2d1bc-fce8-4fa2-91ee-e00cc6c8ba1a 2381c87c24634e059255e904a45e06ef 0d772b180b3c41e2ae2eba61c236b149 - default default] 10.0.20.26 "GET /v2.0/security-groups?id=acd2bbea-1fc4-4cc9-a2cc-e04139020f01 HTTP/1.1" status: 200  len: 2118 time: 0.1802709
2018-06-27 21:39:22.609 27922 INFO neutron.wsgi [req-2dee81fe-d26b-440a-b500-c65548923742 2381c87c24634e059255e904a45e06ef 0d772b180b3c41e2ae2eba61c236b149 - default default] 10.0.20.26 "GET /v2.0/ports?device_id=6e8e1b79-feb4-4819-9895-87f5e9123b78 HTTP/1.1" status: 200  len: 1125 time: 1.1756148
2018-06-27 21:39:22.731 27922 INFO neutron.wsgi [req-2a918e5a-97fe-41ff-9aa6-30c8633816c7 2381c87c24634e059255e904a45e06ef 0d772b180b3c41e2ae2eba61c236b149 - default default] 10.0.20.26 "GET /v2.0/security-groups?id=acd2bbea-1fc4-4cc9-a2cc-e04139020f01 HTTP/1.1" status: 200  len: 2118 time: 0.1143930
2018-06-27 21:39:23.499 27945 DEBUG neutron.wsgi [-] (27945) accepted ('10.0.20.26', 58568) server /usr/lib/python2.7/site-packages/eventlet/wsgi.py:883
2018-06-27 21:39:24.211 27945 INFO neutron.wsgi [req-cbae6f95-d1d2-4264-a390-6a85102412a1 2381c87c24634e059255e904a45e06ef 0d772b180b3c41e2ae2eba61c236b149 - default default] 10.0.20.26 "GET /v2.0/ports?device_id=6e8e1b79-feb4-4819-9895-87f5e9123b78 HTTP/1.1" status: 200  len: 1125 time: 0.7099710
2018-06-27 21:39:24.329 27958 DEBUG neutron.db.agents_db [req-5dcc1a11-cada-4282-ba5c-57704b096e8b - - - - -] Agent healthcheck: found 5 active agents agent_health_check /usr/lib/python2.7/site-packages/neutron/db/agents_db.py:281
2018-06-27 21:39:24.336 27945 INFO neutron.wsgi [req-d04353cf-b82c-4f62-a05a-3e50a91c0b2c 2381c87c24634e059255e904a45e06ef 0d772b180b3c41e2ae2eba61c236b149 - default default] 10.0.20.26 "GET /v2.0/security-groups?id=acd2bbea-1fc4-4cc9-a2cc-e04139020f01 HTTP/1.1" status: 200  len: 2118 time: 0.1162031
2018-06-27 21:39:27.236 27945 INFO neutron.wsgi [req-577718a2-aa89-4218-98bc-307e9629550b 2381c87c24634e059255e904a45e06ef 0d772b180b3c41e2ae2eba61c236b149 - default default] 10.0.20.26 "GET /v2.0/ports?device_id=6e8e1b79-feb4-4819-9895-87f5e9123b78 HTTP/1.1" status: 200  len: 1125 time: 0.1913579
2018-06-27 21:39:27.386 27945 INFO neutron.wsgi [req-02cba31a-d6e7-455c-9492-4b49c2e5007f 2381c87c24634e059255e904a45e06ef 0d772b180b3c41e2ae2eba61c236b149 - default default] 10.0.20.26 "GET /v2.0/security-groups?id=acd2bbea-1fc4-4cc9-a2cc-e04139020f01 HTTP/1.1" status: 200  len: 2118 time: 0.1415911
2018-06-27 21:39:28.843 27923 INFO neutron.wsgi [req-71c145fe-f6e7-48dc-a459-2e35a19d25ae 2381c87c24634e059255e904a45e06ef 0d772b180b3c41e2ae2eba61c236b149 - default default] 10.0.20.26 "GET /v2.0/ports?device_id=6e8e1b79-feb4-4819-9895-87f5e9123b78 HTTP/1.1" status: 200  len: 1125 time: 0.1613290
2018-06-27 21:39:29.025 27923 INFO neutron.wsgi [req-86bf5363-87b9-41ab-bb77-2957b198370c 2381c87c24634e059255e904a45e06ef 0d772b180b3c41e2ae2eba61c236b149 - default default] 10.0.20.26 "GET /v2.0/security-groups?id=acd2bbea-1fc4-4cc9-a2cc-e04139020f01 HTTP/1.1" status: 200  len: 2118 time: 0.1720560
2018-06-27 21:39:43.166 27948 DEBUG neutron_lib.callbacks.manager [req-f7b28e8b-22f0-402e-bc28-286ec423929f - - - - -] Notify callbacks ['neutron.services.segments.db._update_segment_host_mapping_for_agent-8743666561616'] for agent, after_update _notify_loop /usr/lib/python2.7/site-packages/neutron_lib/callbacks/manager.py:167
2018-06-27 21:39:43.202 27946 DEBUG neutron_lib.callbacks.manager [req-9fc96a4d-f38b-402f-845d-84ce52d4027f - - - - -] Notify callbacks ['neutron.services.segments.db._update_segment_host_mapping_for_agent-8743666561616'] for agent, after_update _notify_loop /usr/lib/python2.7/site-packages/neutron_lib/callbacks/manager.py:167
2018-06-27 21:39:43.243 27952 DEBUG neutron_lib.callbacks.manager [req-13580a01-576b-4f7f-b156-139ff4f36a92 - - - - -] Notify callbacks ['neutron.services.segments.db._update_segment_host_mapping_for_agent-8743666561616'] for agent, after_update _notify_loop /usr/lib/python2.7/site-packages/neutron_lib/callbacks/manager.py:167
2018-06-27 21:39:44.716 27949 DEBUG neutron_lib.callbacks.manager [req-20fbcaca-9f4c-4659-9e5b-e651062f5308 - - - - -] Notify callbacks ['neutron.services.segments.db._update_segment_host_mapping_for_agent-8743666561616'] for agent, after_update _notify_loop /usr/lib/python2.7/site-packages/neutron_lib/callbacks/manager.py:167
