2018-06-27 02:10:26.582 16513 DEBUG neutron_lib.callbacks.manager [req-d003674f-f538-4078-9312-93bbf0250fa2 41f81b51431f44bd96d368d9b49cd4bd 688c18a1c85f4751b329806136ced2ee - default default] Notify callbacks ['neutron.plugins.ml2.plugin.Ml2Plugin._ensure_default_security_group_handler--9223372036852764056'] for port, before_create _notify_loop /usr/lib/python2.7/site-packages/neutron_lib/callbacks/manager.py:167
2018-06-27 02:10:27.345 16513 DEBUG neutron.db.db_base_plugin_common [req-d003674f-f538-4078-9312-93bbf0250fa2 41f81b51431f44bd96d368d9b49cd4bd 688c18a1c85f4751b329806136ced2ee - default default] Allocated IP 172.24.4.13 (2ce34dd7-df32-4a77-980f-3c1215fa4847/482aeca8-a24a-4c41-a222-a086cb79ba31/bbf80a24-d134-4523-b0fb-ee416eccaf90) _store_ip_allocation /usr/lib/python2.7/site-packages/neutron/db/db_base_plugin_common.py:122
2018-06-27 02:10:27.578 16513 DEBUG neutron_lib.callbacks.manager [req-d003674f-f538-4078-9312-93bbf0250fa2 41f81b51431f44bd96d368d9b49cd4bd 688c18a1c85f4751b329806136ced2ee - default default] Notify callbacks [] for port, precommit_create _notify_loop /usr/lib/python2.7/site-packages/neutron_lib/callbacks/manager.py:167
2018-06-27 02:10:27.677 16513 DEBUG neutron_lib.callbacks.manager [req-d003674f-f538-4078-9312-93bbf0250fa2 41f81b51431f44bd96d368d9b49cd4bd 688c18a1c85f4751b329806136ced2ee - default default] Notify callbacks ['neutron.plugins.ml2.plugin.Ml2Plugin.notify_sg_on_port_change-2011861', 'neutron.plugins.ml2.ovo_rpc._ObjectChangeHandler.handle_event-1002534', 'neutron.db.l3_dvrscheduler_db._notify_l3_agent_new_port-8777910924729', 'neutron.api.rpc.agentnotifiers.dhcp_rpc_agent_api.DhcpAgentNotifyAPI._native_event_send_dhcp_notification-961055'] for port, after_create _notify_loop /usr/lib/python2.7/site-packages/neutron_lib/callbacks/manager.py:167
2018-06-27 02:10:27.678 16513 DEBUG neutron.db.l3_dvrscheduler_db [req-d003674f-f538-4078-9312-93bbf0250fa2 41f81b51431f44bd96d368d9b49cd4bd 688c18a1c85f4751b329806136ced2ee - default default] Received port after_create _notify_l3_agent_new_port /usr/lib/python2.7/site-packages/neutron/db/l3_dvrscheduler_db.py:392
2018-06-27 02:10:27.696 16513 DEBUG oslo_concurrency.lockutils [-] Lock "event-dispatch" acquired by "neutron.plugins.ml2.ovo_rpc.dispatch_events" :: waited 0.000s inner /usr/lib/python2.7/site-packages/oslo_concurrency/lockutils.py:270
2018-06-27 02:10:27.920 16513 DEBUG neutron.api.rpc.handlers.resources_rpc [req-d003674f-f538-4078-9312-93bbf0250fa2 41f81b51431f44bd96d368d9b49cd4bd 688c18a1c85f4751b329806136ced2ee - - -] neutron.api.rpc.handlers.resources_rpc.ResourcesPushRpcApi method push called with arguments (<neutron_lib.context.Context object at 0x7fbc43b670d0>, [Port(admin_state_up=True,allowed_address_pairs=[],binding=PortBinding,binding_levels=[],created_at=2018-06-27T00:10:26Z,data_plane_status=<?>,description='',device_id='PENDING',device_owner='network:floatingip',dhcp_options=[],distributed_binding=None,dns=None,fixed_ips=[IPAllocation],id=bbf80a24-d134-4523-b0fb-ee416eccaf90,mac_address=fa:16:3e:bf:40:ef,name='',network_id=2ce34dd7-df32-4a77-980f-3c1215fa4847,project_id='',qos_policy_id=None,revision_number=3,security=PortSecurity(bbf80a24-d134-4523-b0fb-ee416eccaf90),security_group_ids=set([]),status='N/A',updated_at=2018-06-27T00:10:27Z)], 'updated') {} wrapper /usr/lib/python2.7/site-packages/oslo_log/helpers.py:66
2018-06-27 02:10:27.955 16513 DEBUG oslo_concurrency.lockutils [req-d003674f-f538-4078-9312-93bbf0250fa2 41f81b51431f44bd96d368d9b49cd4bd 688c18a1c85f4751b329806136ced2ee - - -] Lock "event-dispatch" released by "neutron.plugins.ml2.ovo_rpc.dispatch_events" :: held 0.259s inner /usr/lib/python2.7/site-packages/oslo_concurrency/lockutils.py:282
2018-06-27 02:10:27.993 16513 DEBUG neutron.scheduler.dhcp_agent_scheduler [req-d003674f-f538-4078-9312-93bbf0250fa2 41f81b51431f44bd96d368d9b49cd4bd 688c18a1c85f4751b329806136ced2ee - default default] Network 2ce34dd7-df32-4a77-980f-3c1215fa4847 is already hosted by enough agents. _get_dhcp_agents_hosting_network /usr/lib/python2.7/site-packages/neutron/scheduler/dhcp_agent_scheduler.py:243
2018-06-27 02:10:28.151 16513 DEBUG neutron_lib.callbacks.manager [req-d003674f-f538-4078-9312-93bbf0250fa2 41f81b51431f44bd96d368d9b49cd4bd 688c18a1c85f4751b329806136ced2ee - default default] Notify callbacks ['neutron.plugins.ml2.plugin.Ml2Plugin._ensure_default_security_group_handler--9223372036852764056'] for port, before_update _notify_loop /usr/lib/python2.7/site-packages/neutron_lib/callbacks/manager.py:167
2018-06-27 02:10:28.546 16513 DEBUG neutron_lib.callbacks.manager [req-d003674f-f538-4078-9312-93bbf0250fa2 41f81b51431f44bd96d368d9b49cd4bd 688c18a1c85f4751b329806136ced2ee - default default] Notify callbacks [] for port, precommit_update _notify_loop /usr/lib/python2.7/site-packages/neutron_lib/callbacks/manager.py:167
2018-06-27 02:10:28.610 16513 DEBUG neutron_lib.callbacks.manager [req-d003674f-f538-4078-9312-93bbf0250fa2 41f81b51431f44bd96d368d9b49cd4bd 688c18a1c85f4751b329806136ced2ee - default default] Notify callbacks ['neutron.db.l3_hascheduler_db._notify_l3_agent_ha_port_update--9223363258943850469', 'neutron.plugins.ml2.plugin.Ml2Plugin.notify_sg_on_port_change-2011861', 'neutron.plugins.ml2.ovo_rpc._ObjectChangeHandler.handle_event-1002534', 'neutron.api.rpc.agentnotifiers.dhcp_rpc_agent_api.DhcpAgentNotifyAPI._native_event_send_dhcp_notification-961055', 'neutron.db.l3_dvrscheduler_db._notify_l3_agent_port_update-8777910924744'] for port, after_update _notify_loop /usr/lib/python2.7/site-packages/neutron_lib/callbacks/manager.py:167
2018-06-27 02:10:28.639 16513 DEBUG oslo_concurrency.lockutils [-] Lock "event-dispatch" acquired by "neutron.plugins.ml2.ovo_rpc.dispatch_events" :: waited 0.000s inner /usr/lib/python2.7/site-packages/oslo_concurrency/lockutils.py:270
2018-06-27 02:10:28.903 16513 DEBUG neutron.api.rpc.handlers.resources_rpc [req-d003674f-f538-4078-9312-93bbf0250fa2 41f81b51431f44bd96d368d9b49cd4bd 688c18a1c85f4751b329806136ced2ee - - -] neutron.api.rpc.handlers.resources_rpc.ResourcesPushRpcApi method push called with arguments (<neutron_lib.context.Context object at 0x7fbc437a8e10>, [Port(admin_state_up=True,allowed_address_pairs=[],binding=PortBinding,binding_levels=[],created_at=2018-06-27T00:10:26Z,data_plane_status=<?>,description='',device_id='a82934ed-68ca-4339-aa82-b61941b49453',device_owner='network:floatingip',dhcp_options=[],distributed_binding=None,dns=None,fixed_ips=[IPAllocation],id=bbf80a24-d134-4523-b0fb-ee416eccaf90,mac_address=fa:16:3e:bf:40:ef,name='',network_id=2ce34dd7-df32-4a77-980f-3c1215fa4847,project_id='',qos_policy_id=None,revision_number=4,security=PortSecurity(bbf80a24-d134-4523-b0fb-ee416eccaf90),security_group_ids=set([]),status='N/A',updated_at=2018-06-27T00:10:28Z)], 'updated') {} wrapper /usr/lib/python2.7/site-packages/oslo_log/helpers.py:66
2018-06-27 02:10:28.941 16513 DEBUG oslo_concurrency.lockutils [req-d003674f-f538-4078-9312-93bbf0250fa2 41f81b51431f44bd96d368d9b49cd4bd 688c18a1c85f4751b329806136ced2ee - - -] Lock "event-dispatch" released by "neutron.plugins.ml2.ovo_rpc.dispatch_events" :: held 0.302s inner /usr/lib/python2.7/site-packages/oslo_concurrency/lockutils.py:282
2018-06-27 02:10:29.023 16513 DEBUG neutron_lib.callbacks.manager [req-d003674f-f538-4078-9312-93bbf0250fa2 41f81b51431f44bd96d368d9b49cd4bd 688c18a1c85f4751b329806136ced2ee - default default] Notify callbacks ['neutron.services.l3_router.l3_router_plugin.L3RouterPlugin._create_dvr_floating_gw_port-587728'] for floatingip, after_update _notify_loop /usr/lib/python2.7/site-packages/neutron_lib/callbacks/manager.py:167
2018-06-27 02:10:29.102 16513 DEBUG neutron.quota.resource [req-d003674f-f538-4078-9312-93bbf0250fa2 41f81b51431f44bd96d368d9b49cd4bd 688c18a1c85f4751b329806136ced2ee - default default] Persisted dirty status for tenant:be1291783d1b43d591abe6c4fca6e06d on resource:floatingip mark_dirty /usr/lib/python2.7/site-packages/neutron/quota/resource.py:207
2018-06-27 02:10:29.108 16513 DEBUG neutron.quota.resource [req-d003674f-f538-4078-9312-93bbf0250fa2 41f81b51431f44bd96d368d9b49cd4bd 688c18a1c85f4751b329806136ced2ee - default default] Persisted dirty status for tenant: on resource:port mark_dirty /usr/lib/python2.7/site-packages/neutron/quota/resource.py:207
2018-06-27 02:10:29.121 16513 DEBUG neutron_lib.callbacks.manager [req-d003674f-f538-4078-9312-93bbf0250fa2 41f81b51431f44bd96d368d9b49cd4bd 688c18a1c85f4751b329806136ced2ee - default default] Notify callbacks ['neutron.notifiers.nova.Notifier._send_nova_notification--9223372036854772016'] for floatingip, before_response _notify_loop /usr/lib/python2.7/site-packages/neutron_lib/callbacks/manager.py:167
2018-06-27 02:10:29.124 16513 INFO neutron.wsgi [req-d003674f-f538-4078-9312-93bbf0250fa2 41f81b51431f44bd96d368d9b49cd4bd 688c18a1c85f4751b329806136ced2ee - default default] 10.0.20.22 "POST /v2.0/floatingips HTTP/1.1" status: 201  len: 675 time: 2.8371630
2018-06-27 02:10:39.218 16514 INFO neutron.wsgi [req-1db82e00-fda6-454c-87a9-f57ab37253c9 8d51c6595f7b4b648f3775454a985b0c e3731f8202904eebb3e6658e91a6b0b5 - default default] 10.0.20.22 "GET /v2.0/ports?device_id=7a02610e-37aa-431f-baa8-e5e792024f31 HTTP/1.1" status: 200  len: 1124 time: 0.8567770
2018-06-27 02:10:39.363 16514 INFO neutron.wsgi [req-8304de7b-06ea-4c10-80b1-cca37d122dec 8d51c6595f7b4b648f3775454a985b0c e3731f8202904eebb3e6658e91a6b0b5 - default default] 10.0.20.22 "GET /v2.0/security-groups?id=7e7896e8-fe94-4811-9711-22cf630e1de6 HTTP/1.1" status: 200  len: 2118 time: 0.1307569
2018-06-27 02:10:40.910 16513 DEBUG neutron.quota.resource [req-f84ea3de-31e2-45f5-aa25-de5f78c358c8 6da8d97b1635453eb53fe13e90d5fa6e be1291783d1b43d591abe6c4fca6e06d - d4d9fc6389834b9dbff028716ebbf503 d4d9fc6389834b9dbff028716ebbf503] Synchronizing usage tracker for tenant:be1291783d1b43d591abe6c4fca6e06d on resource:port resync /usr/lib/python2.7/site-packages/neutron/quota/resource.py:245
2018-06-27 02:10:40.992 16513 DEBUG neutron.quota.resource [req-f84ea3de-31e2-45f5-aa25-de5f78c358c8 6da8d97b1635453eb53fe13e90d5fa6e be1291783d1b43d591abe6c4fca6e06d - d4d9fc6389834b9dbff028716ebbf503 d4d9fc6389834b9dbff028716ebbf503] Unset dirty status for tenant:be1291783d1b43d591abe6c4fca6e06d on resource:port _resync /usr/lib/python2.7/site-packages/neutron/quota/resource.py:237
2018-06-27 02:10:40.994 16513 INFO neutron.wsgi [req-f84ea3de-31e2-45f5-aa25-de5f78c358c8 6da8d97b1635453eb53fe13e90d5fa6e be1291783d1b43d591abe6c4fca6e06d - d4d9fc6389834b9dbff028716ebbf503 d4d9fc6389834b9dbff028716ebbf503] 10.0.20.22 "GET /v2.0/ports?device_id=7a02610e-37aa-431f-baa8-e5e792024f31 HTTP/1.1" status: 200  len: 1124 time: 0.7240651
2018-06-27 02:10:41.133 16513 INFO neutron.wsgi [req-b165fa17-143f-4578-9b89-649c73d60bde 6da8d97b1635453eb53fe13e90d5fa6e be1291783d1b43d591abe6c4fca6e06d - d4d9fc6389834b9dbff028716ebbf503 d4d9fc6389834b9dbff028716ebbf503] 10.0.20.22 "GET /v2.0/security-groups?id=7e7896e8-fe94-4811-9711-22cf630e1de6 HTTP/1.1" status: 200  len: 2118 time: 0.1223199
2018-06-27 02:10:41.480 16513 INFO neutron.wsgi [req-9c8a67f8-ecc8-4686-a878-def7af572ce7 6da8d97b1635453eb53fe13e90d5fa6e be1291783d1b43d591abe6c4fca6e06d - d4d9fc6389834b9dbff028716ebbf503 d4d9fc6389834b9dbff028716ebbf503] 10.0.20.22 "GET /v2.0/ports?device_owner=compute%3Anova&device_id=7a02610e-37aa-431f-baa8-e5e792024f31 HTTP/1.1" status: 200  len: 1124 time: 0.1583731
2018-06-27 02:10:41.544 16513 DEBUG neutron.quota.resource [req-cf98b1a5-ea38-4089-b9ef-190356da7513 6da8d97b1635453eb53fe13e90d5fa6e be1291783d1b43d591abe6c4fca6e06d - d4d9fc6389834b9dbff028716ebbf503 d4d9fc6389834b9dbff028716ebbf503] Synchronizing usage tracker for tenant:be1291783d1b43d591abe6c4fca6e06d on resource:floatingip resync /usr/lib/python2.7/site-packages/neutron/quota/resource.py:245
2018-06-27 02:10:41.601 16513 DEBUG neutron.quota.resource [req-cf98b1a5-ea38-4089-b9ef-190356da7513 6da8d97b1635453eb53fe13e90d5fa6e be1291783d1b43d591abe6c4fca6e06d - d4d9fc6389834b9dbff028716ebbf503 d4d9fc6389834b9dbff028716ebbf503] Unset dirty status for tenant:be1291783d1b43d591abe6c4fca6e06d on resource:floatingip _resync /usr/lib/python2.7/site-packages/neutron/quota/resource.py:237
2018-06-27 02:10:41.603 16513 INFO neutron.wsgi [req-cf98b1a5-ea38-4089-b9ef-190356da7513 6da8d97b1635453eb53fe13e90d5fa6e be1291783d1b43d591abe6c4fca6e06d - d4d9fc6389834b9dbff028716ebbf503 d4d9fc6389834b9dbff028716ebbf503] 10.0.20.22 "GET /v2.0/floatingips?floating_ip_address=172.24.4.13 HTTP/1.1" status: 200  len: 673 time: 0.1183288
2018-06-27 02:10:41.629 16513 DEBUG neutron.api.v2.base [req-05c57a5e-193c-4c8a-a2df-ab89942023db 6da8d97b1635453eb53fe13e90d5fa6e be1291783d1b43d591abe6c4fca6e06d - d4d9fc6389834b9dbff028716ebbf503 d4d9fc6389834b9dbff028716ebbf503] Request body: {u'floatingip': {u'fixed_ip_address': u'11.142.1.3', u'port_id': u'8c1fb85b-71a8-4e75-82e1-5c3488b716b6'}} prepare_request_body /usr/lib/python2.7/site-packages/neutron/api/v2/base.py:695
2018-06-27 02:10:41.962 16513 DEBUG neutron_lib.callbacks.manager [req-05c57a5e-193c-4c8a-a2df-ab89942023db 6da8d97b1635453eb53fe13e90d5fa6e be1291783d1b43d591abe6c4fca6e06d - d4d9fc6389834b9dbff028716ebbf503 d4d9fc6389834b9dbff028716ebbf503] Notify callbacks ['neutron.services.l3_router.l3_router_plugin.L3RouterPlugin._create_dvr_floating_gw_port-587728'] for floatingip, after_update _notify_loop /usr/lib/python2.7/site-packages/neutron_lib/callbacks/manager.py:167
2018-06-27 02:10:42.389 16510 INFO neutron.wsgi [req-630c7871-4098-49c9-9b03-4ce1ffa28dd7 8d51c6595f7b4b648f3775454a985b0c e3731f8202904eebb3e6658e91a6b0b5 - default default] 10.0.20.22 "GET /v2.0/ports?device_id=7a02610e-37aa-431f-baa8-e5e792024f31 HTTP/1.1" status: 200  len: 1124 time: 0.5179212
2018-06-27 02:10:42.492 16510 INFO neutron.wsgi [req-8c458a32-7a3b-46c7-9434-ed1c7cc788d1 8d51c6595f7b4b648f3775454a985b0c e3731f8202904eebb3e6658e91a6b0b5 - default default] 10.0.20.22 "GET /v2.0/security-groups?id=7e7896e8-fe94-4811-9711-22cf630e1de6 HTTP/1.1" status: 200  len: 2118 time: 0.0990820
2018-06-27 02:10:42.605 16513 DEBUG neutron.scheduler.l3_agent_scheduler [req-05c57a5e-193c-4c8a-a2df-ab89942023db 6da8d97b1635453eb53fe13e90d5fa6e be1291783d1b43d591abe6c4fca6e06d - d4d9fc6389834b9dbff028716ebbf503 d4d9fc6389834b9dbff028716ebbf503] Router a75303ef-803d-4974-bb29-68c029c3e1b9 has already been hosted by L3 agent 02b9079f-1e37-44d1-b612-ac2f663faf90 _get_candidates /usr/lib/python2.7/site-packages/neutron/scheduler/l3_agent_scheduler.py:141
2018-06-27 02:10:42.751 16513 DEBUG neutron.api.rpc.agentnotifiers.l3_rpc_agent_api [req-05c57a5e-193c-4c8a-a2df-ab89942023db 6da8d97b1635453eb53fe13e90d5fa6e be1291783d1b43d591abe6c4fca6e06d - d4d9fc6389834b9dbff028716ebbf503 d4d9fc6389834b9dbff028716ebbf503] Notify agent at l3_agent.localhost.localdomain the message routers_updated _agent_notification /usr/lib/python2.7/site-packages/neutron/api/rpc/agentnotifiers/l3_rpc_agent_api.py:69
2018-06-27 02:10:42.773 16513 DEBUG neutron_lib.callbacks.manager [req-05c57a5e-193c-4c8a-a2df-ab89942023db 6da8d97b1635453eb53fe13e90d5fa6e be1291783d1b43d591abe6c4fca6e06d - d4d9fc6389834b9dbff028716ebbf503 d4d9fc6389834b9dbff028716ebbf503] Notify callbacks ['neutron.notifiers.nova.Notifier._send_nova_notification--9223372036854772016'] for floatingip, before_response _notify_loop /usr/lib/python2.7/site-packages/neutron_lib/callbacks/manager.py:167
2018-06-27 02:10:42.800 16519 DEBUG neutron.db.l3_hamode_db [req-4c8a5754-c21b-431d-b261-f1cf19e50e36 - - - - -] neutron.services.l3_router.l3_router_plugin.L3RouterPlugin method get_ha_sync_data_for_host called with arguments (<neutron_lib.context.Context object at 0x7fbc43376b90>, u'localhost.localdomain', <neutron.db.models.agent.Agent[object at 7fbc4357a8d0] {id=u'02b9079f-1e37-44d1-b612-ac2f663faf90', agent_type=u'L3 agent', binary=u'neutron-l3-agent', topic=u'l3_agent', host=u'localhost.localdomain', availability_zone=u'nova', admin_state_up=True, created_at=datetime.datetime(2018, 6, 20, 16, 53, 44), started_at=datetime.datetime(2018, 6, 26, 23, 48, 14), heartbeat_timestamp=datetime.datetime(2018, 6, 27, 0, 10, 14), description=None, configurations=u'{"agent_mode": "legacy", "gateway_external_network_id": "", "handle_internal_only_routers": true, "routers": 2, "interfaces": 2, "floating_ips": 0, "interface_driver": "neutron.agent.linux.interface.OVSInterfaceDriver", "log_agent_heartbeats": false, "external_network_bridge": "", "ex_gw_ports": 2}', resource_versions=None, load=0}>) {'active': True, 'router_ids': ['a75303ef-803d-4974-bb29-68c029c3e1b9']} wrapper /usr/lib/python2.7/site-packages/oslo_log/helpers.py:66
2018-06-27 02:10:42.847 16513 INFO neutron.wsgi [req-05c57a5e-193c-4c8a-a2df-ab89942023db 6da8d97b1635453eb53fe13e90d5fa6e be1291783d1b43d591abe6c4fca6e06d - d4d9fc6389834b9dbff028716ebbf503 d4d9fc6389834b9dbff028716ebbf503] 10.0.20.22 "PUT /v2.0/floatingips/a82934ed-68ca-4339-aa82-b61941b49453 HTTP/1.1" status: 200  len: 746 time: 1.2386501
2018-06-27 02:10:42.848 16513 DEBUG oslo_concurrency.lockutils [-] Lock "notifier-cea4662a-153b-4a1b-b163-72014886392a" acquired by "neutron.notifiers.batch_notifier.synced_send" :: waited 0.000s inner /usr/lib/python2.7/site-packages/oslo_concurrency/lockutils.py:270
2018-06-27 02:10:42.848 16513 DEBUG neutron.notifiers.nova [-] Sending events: [{'tag': u'8c1fb85b-71a8-4e75-82e1-5c3488b716b6', 'name': 'network-changed', 'server_uuid': u'7a02610e-37aa-431f-baa8-e5e792024f31'}] send_events /usr/lib/python2.7/site-packages/neutron/notifiers/nova.py:242
2018-06-27 02:10:42.851 16513 DEBUG novaclient.v2.client [-] REQ: curl -g -i -X POST http://10.0.20.22:8774/v2.1/e3731f8202904eebb3e6658e91a6b0b5/os-server-external-events -H "User-Agent: python-novaclient" -H "Content-Type: application/json" -H "Accept: application/json" -H "X-OpenStack-Nova-API-Version: 2.1" -H "X-Auth-Token: {SHA1}1b516ed8357fbd2adbac590722027fa499f7d1b3" -d '{"events": [{"tag": "8c1fb85b-71a8-4e75-82e1-5c3488b716b6", "name": "network-changed", "server_uuid": "7a02610e-37aa-431f-baa8-e5e792024f31"}]}' _http_log_request /usr/lib/python2.7/site-packages/keystoneauth1/session.py:375
2018-06-27 02:10:42.904 16526 DEBUG neutron.db.agents_db [req-52edb959-5302-43da-8d3a-2f6e8bfcee1e - - - - -] Agent healthcheck: found 5 active agents agent_health_check /usr/lib/python2.7/site-packages/neutron/db/agents_db.py:281
2018-06-27 02:10:42.936 16513 DEBUG novaclient.v2.client [-] RESP: [200] Content-Length: 179 Content-Type: application/json Openstack-Api-Version: compute 2.1 X-Openstack-Nova-Api-Version: 2.1 Vary: OpenStack-API-Version, X-OpenStack-Nova-API-Version X-Openstack-Request-Id: req-9b7c8ad4-bed9-4031-ad0d-1e86b9a7e630 X-Compute-Request-Id: req-9b7c8ad4-bed9-4031-ad0d-1e86b9a7e630 Date: Wed, 27 Jun 2018 00:10:42 GMT Connection: keep-alive 
RESP BODY: {"events": [{"status": "completed", "tag": "8c1fb85b-71a8-4e75-82e1-5c3488b716b6", "name": "network-changed", "server_uuid": "7a02610e-37aa-431f-baa8-e5e792024f31", "code": 200}]}
 _http_log_response /usr/lib/python2.7/site-packages/keystoneauth1/session.py:423
2018-06-27 02:10:42.936 16513 DEBUG novaclient.v2.client [-] POST call to compute for http://10.0.20.22:8774/v2.1/e3731f8202904eebb3e6658e91a6b0b5/os-server-external-events used request id req-9b7c8ad4-bed9-4031-ad0d-1e86b9a7e630 request /usr/lib/python2.7/site-packages/keystoneauth1/session.py:727
2018-06-27 02:10:42.944 16513 INFO neutron.notifiers.nova [-] Nova event response: {u'status': u'completed', u'tag': u'8c1fb85b-71a8-4e75-82e1-5c3488b716b6', u'name': u'network-changed', u'server_uuid': u'7a02610e-37aa-431f-baa8-e5e792024f31', u'code': 200}
2018-06-27 02:10:43.088 16513 INFO neutron.wsgi [req-5538c016-10d8-431d-92ad-0f72fd51686f 8d51c6595f7b4b648f3775454a985b0c e3731f8202904eebb3e6658e91a6b0b5 - default default] 10.0.20.22 "GET /v2.0/ports?tenant_id=be1291783d1b43d591abe6c4fca6e06d&device_id=7a02610e-37aa-431f-baa8-e5e792024f31 HTTP/1.1" status: 200  len: 1124 time: 0.1118431
2018-06-27 02:10:43.349 16513 DEBUG neutron.pecan_wsgi.hooks.policy_enforcement [req-739ed554-f9be-45f7-b508-00a79c286fbe 8d51c6595f7b4b648f3775454a985b0c e3731f8202904eebb3e6658e91a6b0b5 - default default] Attributes excluded by policy engine: [u'vlan_transparent'] _exclude_attributes_by_policy /usr/lib/python2.7/site-packages/neutron/pecan_wsgi/hooks/policy_enforcement.py:256
2018-06-27 02:10:43.352 16513 INFO neutron.wsgi [req-739ed554-f9be-45f7-b508-00a79c286fbe 8d51c6595f7b4b648f3775454a985b0c e3731f8202904eebb3e6658e91a6b0b5 - default default] 10.0.20.22 "GET /v2.0/networks?id=6e7d0883-4c50-4164-ac94-15a35f5bf2e5 HTTP/1.1" status: 200  len: 885 time: 0.2580910
2018-06-27 02:10:43.389 16519 DEBUG neutron.db.l3_hamode_db [req-4c8a5754-c21b-431d-b261-f1cf19e50e36 - - - - -] neutron.services.l3_router.l3_router_plugin.L3RouterPlugin method _process_sync_ha_data called with arguments (<neutron_lib.context.Context object at 0x7fbc43376b90>, [{'status': u'ACTIVE', '_interfaces': [{'status': u'ACTIVE', 'subnets': [{'dns_nameservers': [u'8.8.4.4'], 'ipv6_ra_mode': None, 'gateway_ip': u'11.142.1.1', 'cidr': u'11.142.1.0/24', 'id': u'2ba231fa-8db1-4a21-84f7-b63efe5fc81b', 'subnetpool_id': None}], 'binding:host_id': u'localhost.localdomain', 'description': u'', 'allowed_address_pairs': [], 'tags': [], 'extra_dhcp_opts': [], 'updated_at': '2018-06-27T00:09:28Z', 'device_owner': u'network:router_interface', 'revision_number': 7, 'port_security_enabled': False, 'binding:profile': {}, 'mtu': 1450, 'fixed_ips': [{'subnet_id': u'2ba231fa-8db1-4a21-84f7-b63efe5fc81b', 'prefixlen': 24, 'ip_address': u'11.142.1.1'}], 'id': u'c49f6260-e97d-4b3a-94f4-23f57f002525', 'security_groups': [], 'device_id': u'a75303ef-803d-4974-bb29-68c029c3e1b9', 'name': u'', 'admin_state_up': True, 'network_id': u'6e7d0883-4c50-4164-ac94-15a35f5bf2e5', 'tenant_id': u'be1291783d1b43d591abe6c4fca6e06d', 'binding:vif_details': {u'port_filter': True, u'datapath_type': u'system', u'ovs_hybrid_plug': True}, 'address_scopes': {4: None, 6: None}, 'binding:vnic_type': u'normal', 'binding:vif_type': u'ovs', 'mac_address': u'fa:16:3e:8e:af:12', 'project_id': u'be1291783d1b43d591abe6c4fca6e06d', 'extra_subnets': [], 'created_at': '2018-06-27T00:09:20Z'}], 'enable_snat': True, 'ha_vr_id': 0, 'description': u'', 'tags': [], 'gw_port': {'status': u'ACTIVE', 'subnets': [{'dns_nameservers': [], 'ipv6_ra_mode': None, 'gateway_ip': u'172.24.4.1', 'cidr': u'172.24.4.0/24', 'id': u'482aeca8-a24a-4c41-a222-a086cb79ba31', 'subnetpool_id': None}], 'binding:host_id': u'localhost.localdomain', 'description': u'', 'allowed_address_pairs': [], 'tags': [], 'extra_dhcp_opts': [], 'updated_at': '2018-06-27T00:09:40Z', 'device_owner': u'network:router_gateway', 'revision_number': 6, 'port_security_enabled': False, 'binding:profile': {}, 'mtu': 1500, 'fixed_ips': [{'subnet_id': u'482aeca8-a24a-4c41-a222-a086cb79ba31', 'prefixlen': 24, 'ip_address': u'172.24.4.6'}], 'id': u'cd8ffa4a-b71a-46bb-bf89-5af5651b5b0c', 'security_groups': [], 'device_id': u'a75303ef-803d-4974-bb29-68c029c3e1b9', 'name': u'', 'admin_state_up': True, 'network_id': u'2ce34dd7-df32-4a77-980f-3c1215fa4847', 'tenant_id': u'', 'binding:vif_details': {u'port_filter': True, u'datapath_type': u'system', u'ovs_hybrid_plug': True}, 'address_scopes': {4: None, 6: None}, 'binding:vnic_type': u'normal', 'binding:vif_type': u'ovs', 'mac_address': u'fa:16:3e:4b:ee:dd', 'project_id': u'', 'extra_subnets': [], 'created_at': '2018-06-27T00:09:33Z'}, 'updated_at': '2018-06-27T00:09:34Z', 'revision_number': 3, 'ha': False, 'id': u'a75303ef-803d-4974-bb29-68c029c3e1b9', 'gw_port_host': u'localhost.localdomain', 'external_gateway_info': {'network_id': u'2ce34dd7-df32-4a77-980f-3c1215fa4847', 'enable_snat': True, 'external_fixed_ips': [{'subnet_id': u'482aeca8-a24a-4c41-a222-a086cb79ba31', 'ip_address': u'172.24.4.6'}]}, 'availability_zone_hints': [], 'availability_zones': [u'nova'], 'name': u'tempest-router-1530058011', 'gw_port_id': u'cd8ffa4a-b71a-46bb-bf89-5af5651b5b0c', 'admin_state_up': True, 'tenant_id': u'be1291783d1b43d591abe6c4fca6e06d', 'created_at': '2018-06-27T00:09:03Z', 'distributed': False, 'flavor_id': None, 'routes': [], 'project_id': u'be1291783d1b43d591abe6c4fca6e06d', '_floatingips': [{'router_id': u'a75303ef-803d-4974-bb29-68c029c3e1b9', 'status': u'DOWN', 'description': u'', 'tags': [], 'updated_at': '2018-06-27T00:10:41Z', 'dns_domain': '', 'floating_network_id': u'2ce34dd7-df32-4a77-980f-3c1215fa4847', 'fixed_ip_address': u'11.142.1.3', 'floating_ip_address': u'172.24.4.13', 'revision_number': 1, 'port_id': u'8c1fb85b-71a8-4e75-82e1-5c3488b716b6', 'id': u'a82934ed-68ca-4339-aa82-b61941b49453', 'dns_name': '', 'created_at': '2018-06-27T00:10:28Z', 'tenant_id': u'be1291783d1b43d591abe6c4fca6e06d', 'fixed_ip_address_scope': None, 'project_id': u'be1291783d1b43d591abe6c4fca6e06d'}]}], u'localhost.localdomain', False) {} wrapper /usr/lib/python2.7/site-packages/oslo_log/helpers.py:66
2018-06-27 02:10:43.396 16519 DEBUG neutron.api.rpc.handlers.l3_rpc [req-4c8a5754-c21b-431d-b261-f1cf19e50e36 - - - - -] Checking router: a75303ef-803d-4974-bb29-68c029c3e1b9 for host: localhost.localdomain _ensure_host_set_on_ports /usr/lib/python2.7/site-packages/neutron/api/rpc/handlers/l3_rpc.py:135
2018-06-27 02:10:43.407 16513 INFO neutron.wsgi [req-d67f9bf8-e463-4263-9af8-b2c640d7b3ed 8d51c6595f7b4b648f3775454a985b0c e3731f8202904eebb3e6658e91a6b0b5 - default default] 10.0.20.22 "GET /v2.0/floatingips?fixed_ip_address=11.142.1.3&port_id=8c1fb85b-71a8-4e75-82e1-5c3488b716b6 HTTP/1.1" status: 200  len: 749 time: 0.0498018
2018-06-27 02:10:43.572 16513 DEBUG neutron.pecan_wsgi.hooks.policy_enforcement [req-895ac1a0-a5a7-4c31-8597-f6375c1b86c6 8d51c6595f7b4b648f3775454a985b0c e3731f8202904eebb3e6658e91a6b0b5 - default default] Attributes excluded by policy engine: [u'shared'] _exclude_attributes_by_policy /usr/lib/python2.7/site-packages/neutron/pecan_wsgi/hooks/policy_enforcement.py:256
2018-06-27 02:10:43.574 16513 INFO neutron.wsgi [req-895ac1a0-a5a7-4c31-8597-f6375c1b86c6 8d51c6595f7b4b648f3775454a985b0c e3731f8202904eebb3e6658e91a6b0b5 - default default] 10.0.20.22 "GET /v2.0/subnets?id=2ba231fa-8db1-4a21-84f7-b63efe5fc81b HTTP/1.1" status: 200  len: 847 time: 0.1608081
2018-06-27 02:10:43.636 16518 DEBUG neutron_lib.callbacks.manager [req-13766d54-5fd6-4591-a5d7-68537a89f72c - - - - -] Notify callbacks ['neutron.services.segments.db._update_segment_host_mapping_for_agent-8777911287602'] for agent, after_update _notify_loop /usr/lib/python2.7/site-packages/neutron_lib/callbacks/manager.py:167
2018-06-27 02:10:43.717 16521 DEBUG neutron.api.rpc.handlers.l3_rpc [req-5b670314-5d96-4d45-ae3c-d50716055cc0 - - - - -] New status for floating IP a82934ed-68ca-4339-aa82-b61941b49453: ACTIVE update_floatingip_statuses /usr/lib/python2.7/site-packages/neutron/api/rpc/handlers/l3_rpc.py:252
2018-06-27 02:10:43.739 16513 INFO neutron.wsgi [req-1054c357-9161-4800-b099-760cbc516571 8d51c6595f7b4b648f3775454a985b0c e3731f8202904eebb3e6658e91a6b0b5 - default default] 10.0.20.22 "GET /v2.0/ports?network_id=6e7d0883-4c50-4164-ac94-15a35f5bf2e5&device_owner=network%3Adhcp HTTP/1.1" status: 200  len: 1128 time: 0.1574202
2018-06-27 02:10:44.323 16514 INFO neutron.wsgi [req-60a19891-4839-4252-8e4e-ec975948d000 8d51c6595f7b4b648f3775454a985b0c e3731f8202904eebb3e6658e91a6b0b5 - default default] 10.0.20.22 "GET /v2.0/ports?device_id=7a02610e-37aa-431f-baa8-e5e792024f31 HTTP/1.1" status: 200  len: 1124 time: 0.7113450
2018-06-27 02:10:44.468 16514 INFO neutron.wsgi [req-6b0bd2d7-42e0-4cb9-8723-bc408f714f32 8d51c6595f7b4b648f3775454a985b0c e3731f8202904eebb3e6658e91a6b0b5 - default default] 10.0.20.22 "GET /v2.0/security-groups?id=7e7896e8-fe94-4811-9711-22cf630e1de6 HTTP/1.1" status: 200  len: 2118 time: 0.1299510
2018-06-27 02:10:44.537 16513 INFO neutron.wsgi [req-1088faa7-bdf8-4e77-843b-676469841ae6 8d51c6595f7b4b648f3775454a985b0c e3731f8202904eebb3e6658e91a6b0b5 - default default] 10.0.20.22 "GET /v2.0/ports?tenant_id=be1291783d1b43d591abe6c4fca6e06d&device_id=7a02610e-37aa-431f-baa8-e5e792024f31 HTTP/1.1" status: 200  len: 1124 time: 0.7390831
2018-06-27 02:10:44.780 16520 DEBUG neutron_lib.callbacks.manager [req-44cbd39f-bfcc-475d-bd8c-6f2c24d6ecd8 - - - - -] Notify callbacks ['neutron.services.segments.db._update_segment_host_mapping_for_agent-8777911287602'] for agent, after_update _notify_loop /usr/lib/python2.7/site-packages/neutron_lib/callbacks/manager.py:167
2018-06-27 02:10:44.805 16513 DEBUG neutron.pecan_wsgi.hooks.policy_enforcement [req-e4001b0d-762e-40bb-9ac3-994c5fa113bf 8d51c6595f7b4b648f3775454a985b0c e3731f8202904eebb3e6658e91a6b0b5 - default default] Attributes excluded by policy engine: [u'vlan_transparent'] _exclude_attributes_by_policy /usr/lib/python2.7/site-packages/neutron/pecan_wsgi/hooks/policy_enforcement.py:256
2018-06-27 02:10:44.808 16513 INFO neutron.wsgi [req-e4001b0d-762e-40bb-9ac3-994c5fa113bf 8d51c6595f7b4b648f3775454a985b0c e3731f8202904eebb3e6658e91a6b0b5 - default default] 10.0.20.22 "GET /v2.0/networks?id=6e7d0883-4c50-4164-ac94-15a35f5bf2e5 HTTP/1.1" status: 200  len: 885 time: 0.2648799
2018-06-27 02:10:44.865 16513 INFO neutron.wsgi [req-d1ac9f81-df79-4cdd-8183-f189d5484f22 8d51c6595f7b4b648f3775454a985b0c e3731f8202904eebb3e6658e91a6b0b5 - default default] 10.0.20.22 "GET /v2.0/floatingips?fixed_ip_address=11.142.1.3&port_id=8c1fb85b-71a8-4e75-82e1-5c3488b716b6 HTTP/1.1" status: 200  len: 751 time: 0.0510640
2018-06-27 02:10:44.951 16513 DEBUG oslo_concurrency.lockutils [-] Lock "notifier-cea4662a-153b-4a1b-b163-72014886392a" released by "neutron.notifiers.batch_notifier.synced_send" :: held 2.103s inner /usr/lib/python2.7/site-packages/oslo_concurrency/lockutils.py:282
2018-06-27 02:10:45.012 16513 DEBUG neutron.pecan_wsgi.hooks.policy_enforcement [req-b9e1796f-25a3-4db3-a39d-3dd480440234 8d51c6595f7b4b648f3775454a985b0c e3731f8202904eebb3e6658e91a6b0b5 - default default] Attributes excluded by policy engine: [u'shared'] _exclude_attributes_by_policy /usr/lib/python2.7/site-packages/neutron/pecan_wsgi/hooks/policy_enforcement.py:256
2018-06-27 02:10:45.014 16513 INFO neutron.wsgi [req-b9e1796f-25a3-4db3-a39d-3dd480440234 8d51c6595f7b4b648f3775454a985b0c e3731f8202904eebb3e6658e91a6b0b5 - default default] 10.0.20.22 "GET /v2.0/subnets?id=2ba231fa-8db1-4a21-84f7-b63efe5fc81b HTTP/1.1" status: 200  len: 847 time: 0.1447408
2018-06-27 02:10:45.150 16513 INFO neutron.wsgi [req-7f52221d-b64c-4815-ab4f-c45b48514e8c 8d51c6595f7b4b648f3775454a985b0c e3731f8202904eebb3e6658e91a6b0b5 - default default] 10.0.20.22 "GET /v2.0/ports?network_id=6e7d0883-4c50-4164-ac94-15a35f5bf2e5&device_owner=network%3Adhcp HTTP/1.1" status: 200  len: 1128 time: 0.1267340
2018-06-27 02:10:45.680 16516 INFO neutron.wsgi [req-b070fb23-35bc-4768-be5a-385589d3bd75 8d51c6595f7b4b648f3775454a985b0c e3731f8202904eebb3e6658e91a6b0b5 - default default] 10.0.20.22 "GET /v2.0/ports?device_id=7a02610e-37aa-431f-baa8-e5e792024f31 HTTP/1.1" status: 200  len: 1124 time: 0.3785651
2018-06-27 02:10:45.807 16516 INFO neutron.wsgi [req-1bfc3ca0-f7a0-43ae-9b00-550132549ccd 8d51c6595f7b4b648f3775454a985b0c e3731f8202904eebb3e6658e91a6b0b5 - default default] 10.0.20.22 "GET /v2.0/security-groups?id=7e7896e8-fe94-4811-9711-22cf630e1de6 HTTP/1.1" status: 200  len: 2118 time: 0.1182201
2018-06-27 02:10:48.247 16513 DEBUG neutron.wsgi [-] (16513) accepted ('10.0.20.22', 55246) server /usr/lib/python2.7/site-packages/eventlet/wsgi.py:883
2018-06-27 02:10:48.986 16513 INFO neutron.wsgi [req-2ce8294b-29e5-4ad1-a830-f557bd99ef50 8d51c6595f7b4b648f3775454a985b0c e3731f8202904eebb3e6658e91a6b0b5 - default default] 10.0.20.22 "GET /v2.0/ports?device_id=7a02610e-37aa-431f-baa8-e5e792024f31 HTTP/1.1" status: 200  len: 1124 time: 0.7372870
2018-06-27 02:10:49.220 16513 INFO neutron.wsgi [req-3f328491-e1ea-4aee-997e-9625fd6a1633 8d51c6595f7b4b648f3775454a985b0c e3731f8202904eebb3e6658e91a6b0b5 - default default] 10.0.20.22 "GET /v2.0/security-groups?id=7e7896e8-fe94-4811-9711-22cf630e1de6 HTTP/1.1" status: 200  len: 2118 time: 0.1247978
2018-06-27 02:10:50.371 16523 DEBUG neutron_lib.callbacks.manager [req-e175ec42-00c0-4b42-92db-3ad980120ae6 - - - - -] Notify callbacks ['neutron.services.segments.db._update_segment_host_mapping_for_agent-8777911287602'] for agent, after_update _notify_loop /usr/lib/python2.7/site-packages/neutron_lib/callbacks/manager.py:167
2018-06-27 02:10:52.013 16519 DEBUG neutron_lib.callbacks.manager [req-767c882c-2023-4b19-8511-8a2f5f4206e4 - - - - -] Notify callbacks ['neutron.services.segments.db._update_segment_host_mapping_for_agent-8777911287602'] for agent, after_update _notify_loop /usr/lib/python2.7/site-packages/neutron_lib/callbacks/manager.py:167
2018-06-27 02:10:53.453 16524 DEBUG neutron_lib.callbacks.manager [req-86e691f7-aea1-4fe6-b3c2-a1fa05a08b37 - - - - -] Notify callbacks ['neutron.services.segments.db._update_segment_host_mapping_for_agent-8777911287602'] for agent, after_update _notify_loop /usr/lib/python2.7/site-packages/neutron_lib/callbacks/manager.py:167
2018-06-27 02:10:56.045 16509 INFO neutron.wsgi [req-054172c8-32da-4d66-9aec-f5e621b1bc3e 6da8d97b1635453eb53fe13e90d5fa6e be1291783d1b43d591abe6c4fca6e06d - d4d9fc6389834b9dbff028716ebbf503 d4d9fc6389834b9dbff028716ebbf503] 10.0.20.22 "GET /v2.0/ports?device_id=7a02610e-37aa-431f-baa8-e5e792024f31 HTTP/1.1" status: 200  len: 1124 time: 1.0628231
2018-06-27 02:10:56.184 16509 INFO neutron.wsgi [req-571d4474-3fcf-40ae-a093-718ba82c30df 6da8d97b1635453eb53fe13e90d5fa6e be1291783d1b43d591abe6c4fca6e06d - d4d9fc6389834b9dbff028716ebbf503 d4d9fc6389834b9dbff028716ebbf503] 10.0.20.22 "GET /v2.0/security-groups?id=7e7896e8-fe94-4811-9711-22cf630e1de6 HTTP/1.1" status: 200  len: 2118 time: 0.1329939
2018-06-27 02:11:13.164 16513 INFO neutron.wsgi [req-07bafdba-841f-4d1f-abc8-de6bccba9236 d8fe1b202c50442793f2cb1692fe986e e3731f8202904eebb3e6658e91a6b0b5 - default default] 10.0.20.22 "GET /v2.0/ports?device_id=7a02610e-37aa-431f-baa8-e5e792024f31 HTTP/1.1" status: 200  len: 1124 time: 1.3853860
2018-06-27 02:11:13.276 16513 INFO neutron.wsgi [req-2053284a-3f01-4331-a42a-beea5671af01 d8fe1b202c50442793f2cb1692fe986e e3731f8202904eebb3e6658e91a6b0b5 - default default] 10.0.20.22 "GET /v2.0/security-groups?id=7e7896e8-fe94-4811-9711-22cf630e1de6 HTTP/1.1" status: 200  len: 2118 time: 0.1021659
2018-06-27 02:11:13.623 16521 DEBUG neutron_lib.callbacks.manager [req-13766d54-5fd6-4591-a5d7-68537a89f72c - - - - -] Notify callbacks ['neutron.services.segments.db._update_segment_host_mapping_for_agent-8777911287602'] for agent, after_update _notify_loop /usr/lib/python2.7/site-packages/neutron_lib/callbacks/manager.py:167
2018-06-27 02:11:14.782 16522 DEBUG neutron_lib.callbacks.manager [req-9242eed9-6aa4-4a06-ba08-50d671a98895 - - - - -] Notify callbacks ['neutron.services.segments.db._update_segment_host_mapping_for_agent-8777911287602'] for agent, after_update _notify_loop /usr/lib/python2.7/site-packages/neutron_lib/callbacks/manager.py:167
2018-06-27 02:11:19.911 16526 DEBUG neutron.db.agents_db [req-52edb959-5302-43da-8d3a-2f6e8bfcee1e - - - - -] Agent healthcheck: found 5 active agents agent_health_check /usr/lib/python2.7/site-packages/neutron/db/agents_db.py:281
2018-06-27 02:11:20.363 16525 DEBUG neutron_lib.callbacks.manager [req-e175ec42-00c0-4b42-92db-3ad980120ae6 - - - - -] Notify callbacks ['neutron.services.segments.db._update_segment_host_mapping_for_agent-8777911287602'] for agent, after_update _notify_loop /usr/lib/python2.7/site-packages/neutron_lib/callbacks/manager.py:167
2018-06-27 02:11:21.437 16513 INFO neutron.wsgi [req-9d4f5e70-1b5b-42d8-aa93-87667dca730e 8d51c6595f7b4b648f3775454a985b0c e3731f8202904eebb3e6658e91a6b0b5 - default default] 10.0.20.22 "GET /v2.0/ports?tenant_id=be1291783d1b43d591abe6c4fca6e06d&device_id=7a02610e-37aa-431f-baa8-e5e792024f31 HTTP/1.1" status: 200  len: 1124 time: 0.1639779
2018-06-27 02:11:21.761 16510 INFO neutron.wsgi [req-629c272a-4754-48fa-b36c-0008766ef80c 6da8d97b1635453eb53fe13e90d5fa6e be1291783d1b43d591abe6c4fca6e06d - d4d9fc6389834b9dbff028716ebbf503 d4d9fc6389834b9dbff028716ebbf503] 10.0.20.22 "GET /v2.0/ports?device_id=7a02610e-37aa-431f-baa8-e5e792024f31 HTTP/1.1" status: 200  len: 1124 time: 0.4603291
2018-06-27 02:11:21.770 16513 DEBUG neutron.pecan_wsgi.hooks.policy_enforcement [req-4a600e07-6cc6-4250-90a3-322f5c353b33 8d51c6595f7b4b648f3775454a985b0c e3731f8202904eebb3e6658e91a6b0b5 - default default] Attributes excluded by policy engine: [u'vlan_transparent'] _exclude_attributes_by_policy /usr/lib/python2.7/site-packages/neutron/pecan_wsgi/hooks/policy_enforcement.py:256
2018-06-27 02:11:21.772 16513 INFO neutron.wsgi [req-4a600e07-6cc6-4250-90a3-322f5c353b33 8d51c6595f7b4b648f3775454a985b0c e3731f8202904eebb3e6658e91a6b0b5 - default default] 10.0.20.22 "GET /v2.0/networks?id=6e7d0883-4c50-4164-ac94-15a35f5bf2e5 HTTP/1.1" status: 200  len: 885 time: 0.3265610
2018-06-27 02:11:21.826 16513 INFO neutron.wsgi [req-78c4183b-d638-4fe3-a319-58339fca93a8 8d51c6595f7b4b648f3775454a985b0c e3731f8202904eebb3e6658e91a6b0b5 - default default] 10.0.20.22 "GET /v2.0/floatingips?fixed_ip_address=11.142.1.3&port_id=8c1fb85b-71a8-4e75-82e1-5c3488b716b6 HTTP/1.1" status: 200  len: 751 time: 0.0459430
2018-06-27 02:11:21.909 16510 INFO neutron.wsgi [req-4403c817-c327-4f10-b9e9-2160356c8f6c 6da8d97b1635453eb53fe13e90d5fa6e be1291783d1b43d591abe6c4fca6e06d - d4d9fc6389834b9dbff028716ebbf503 d4d9fc6389834b9dbff028716ebbf503] 10.0.20.22 "GET /v2.0/security-groups?id=7e7896e8-fe94-4811-9711-22cf630e1de6 HTTP/1.1" status: 200  len: 2118 time: 0.1382170
2018-06-27 02:11:21.997 16513 DEBUG neutron.pecan_wsgi.hooks.policy_enforcement [req-3716cda3-3c52-4131-aac1-41378e86bfb3 8d51c6595f7b4b648f3775454a985b0c e3731f8202904eebb3e6658e91a6b0b5 - default default] Attributes excluded by policy engine: [u'shared'] _exclude_attributes_by_policy /usr/lib/python2.7/site-packages/neutron/pecan_wsgi/hooks/policy_enforcement.py:256
2018-06-27 02:11:22.000 16513 INFO neutron.wsgi [req-3716cda3-3c52-4131-aac1-41378e86bfb3 8d51c6595f7b4b648f3775454a985b0c e3731f8202904eebb3e6658e91a6b0b5 - default default] 10.0.20.22 "GET /v2.0/subnets?id=2ba231fa-8db1-4a21-84f7-b63efe5fc81b HTTP/1.1" status: 200  len: 847 time: 0.1660759
2018-06-27 02:11:22.023 16517 DEBUG neutron_lib.callbacks.manager [req-767c882c-2023-4b19-8511-8a2f5f4206e4 - - - - -] Notify callbacks ['neutron.services.segments.db._update_segment_host_mapping_for_agent-8777911287602'] for agent, after_update _notify_loop /usr/lib/python2.7/site-packages/neutron_lib/callbacks/manager.py:167
2018-06-27 02:11:22.143 16513 INFO neutron.wsgi [req-70376e58-bc8a-4ac7-8388-904819e4d4eb 8d51c6595f7b4b648f3775454a985b0c e3731f8202904eebb3e6658e91a6b0b5 - default default] 10.0.20.22 "GET /v2.0/ports?network_id=6e7d0883-4c50-4164-ac94-15a35f5bf2e5&device_owner=network%3Adhcp HTTP/1.1" status: 200  len: 1128 time: 0.1306682
2018-06-27 02:11:23.463 16518 DEBUG neutron_lib.callbacks.manager [req-172e882d-18d7-4c2c-ab93-8fcaf2c76463 - - - - -] Notify callbacks ['neutron.services.segments.db._update_segment_host_mapping_for_agent-8777911287602'] for agent, after_update _notify_loop /usr/lib/python2.7/site-packages/neutron_lib/callbacks/manager.py:167
2018-06-27 02:11:34.674 16510 INFO neutron.wsgi [req-ff8d8dcd-9b07-4981-816f-e9a93832630f 6da8d97b1635453eb53fe13e90d5fa6e be1291783d1b43d591abe6c4fca6e06d - d4d9fc6389834b9dbff028716ebbf503 d4d9fc6389834b9dbff028716ebbf503] 10.0.20.22 "GET /v2.0/ports?device_id=7a02610e-37aa-431f-baa8-e5e792024f31 HTTP/1.1" status: 200  len: 1124 time: 0.7833400
2018-06-27 02:11:34.795 16510 INFO neutron.wsgi [req-5ebdb0b3-affd-4f23-a51e-3e689dc60f72 6da8d97b1635453eb53fe13e90d5fa6e be1291783d1b43d591abe6c4fca6e06d - d4d9fc6389834b9dbff028716ebbf503 d4d9fc6389834b9dbff028716ebbf503] 10.0.20.22 "GET /v2.0/security-groups?id=7e7896e8-fe94-4811-9711-22cf630e1de6 HTTP/1.1" status: 200  len: 2118 time: 0.1143420
2018-06-27 02:11:43.623 16520 DEBUG neutron_lib.callbacks.manager [req-13766d54-5fd6-4591-a5d7-68537a89f72c - - - - -] Notify callbacks ['neutron.services.segments.db._update_segment_host_mapping_for_agent-8777911287602'] for agent, after_update _notify_loop /usr/lib/python2.7/site-packages/neutron_lib/callbacks/manager.py:167
2018-06-27 02:11:44.788 16523 DEBUG neutron_lib.callbacks.manager [req-e92761a0-903d-4ac2-9a16-f48fbb1bc5df - - - - -] Notify callbacks ['neutron.services.segments.db._update_segment_host_mapping_for_agent-8777911287602'] for agent, after_update _notify_loop /usr/lib/python2.7/site-packages/neutron_lib/callbacks/manager.py:167
2018-06-27 02:11:47.692 16510 INFO neutron.wsgi [req-1b81d314-47c8-40ac-b2ce-396dc617627b 6da8d97b1635453eb53fe13e90d5fa6e be1291783d1b43d591abe6c4fca6e06d - d4d9fc6389834b9dbff028716ebbf503 d4d9fc6389834b9dbff028716ebbf503] 10.0.20.22 "GET /v2.0/ports?device_id=7a02610e-37aa-431f-baa8-e5e792024f31 HTTP/1.1" status: 200  len: 1124 time: 0.4132729
2018-06-27 02:11:47.778 16510 INFO neutron.wsgi [req-d0139b72-920b-4b5f-a7a6-5fd2b2c2962f 6da8d97b1635453eb53fe13e90d5fa6e be1291783d1b43d591abe6c4fca6e06d - d4d9fc6389834b9dbff028716ebbf503 d4d9fc6389834b9dbff028716ebbf503] 10.0.20.22 "GET /v2.0/security-groups?id=7e7896e8-fe94-4811-9711-22cf630e1de6 HTTP/1.1" status: 200  len: 2118 time: 0.0807540
2018-06-27 02:11:50.339 16519 DEBUG neutron_lib.callbacks.manager [req-e175ec42-00c0-4b42-92db-3ad980120ae6 - - - - -] Notify callbacks ['neutron.services.segments.db._update_segment_host_mapping_for_agent-8777911287602'] for agent, after_update _notify_loop /usr/lib/python2.7/site-packages/neutron_lib/callbacks/manager.py:167
2018-06-27 02:11:52.015 16524 DEBUG neutron_lib.callbacks.manager [req-767c882c-2023-4b19-8511-8a2f5f4206e4 - - - - -] Notify callbacks ['neutron.services.segments.db._update_segment_host_mapping_for_agent-8777911287602'] for agent, after_update _notify_loop /usr/lib/python2.7/site-packages/neutron_lib/callbacks/manager.py:167
2018-06-27 02:11:53.429 16521 DEBUG neutron_lib.callbacks.manager [req-b14a3512-bf32-4c7b-a76c-36f79462e49b - - - - -] Notify callbacks ['neutron.services.segments.db._update_segment_host_mapping_for_agent-8777911287602'] for agent, after_update _notify_loop /usr/lib/python2.7/site-packages/neutron_lib/callbacks/manager.py:167
2018-06-27 02:11:54.992 16510 INFO neutron.wsgi [req-c1cffe51-8655-41d1-9c31-7445465e949f 6da8d97b1635453eb53fe13e90d5fa6e be1291783d1b43d591abe6c4fca6e06d - d4d9fc6389834b9dbff028716ebbf503 d4d9fc6389834b9dbff028716ebbf503] 10.0.20.22 "GET /v2.0/ports?device_id=7a02610e-37aa-431f-baa8-e5e792024f31 HTTP/1.1" status: 200  len: 1124 time: 0.5513980
2018-06-27 02:11:55.086 16510 INFO neutron.wsgi [req-658dc930-c42c-476a-8459-5728f5991aff 6da8d97b1635453eb53fe13e90d5fa6e be1291783d1b43d591abe6c4fca6e06d - d4d9fc6389834b9dbff028716ebbf503 d4d9fc6389834b9dbff028716ebbf503] 10.0.20.22 "GET /v2.0/security-groups?id=7e7896e8-fe94-4811-9711-22cf630e1de6 HTTP/1.1" status: 200  len: 2118 time: 0.0871918
2018-06-27 02:11:56.902 16526 DEBUG neutron.db.agents_db [req-52edb959-5302-43da-8d3a-2f6e8bfcee1e - - - - -] Agent healthcheck: found 5 active agents agent_health_check /usr/lib/python2.7/site-packages/neutron/db/agents_db.py:281
2018-06-27 02:12:08.637 16509 INFO neutron.wsgi [req-f539093a-ce51-4644-af89-d05b584d287f 6da8d97b1635453eb53fe13e90d5fa6e be1291783d1b43d591abe6c4fca6e06d - d4d9fc6389834b9dbff028716ebbf503 d4d9fc6389834b9dbff028716ebbf503] 10.0.20.22 "GET /v2.0/ports?device_id=7a02610e-37aa-431f-baa8-e5e792024f31 HTTP/1.1" status: 200  len: 1124 time: 1.4489639
2018-06-27 02:12:08.812 16509 INFO neutron.wsgi [req-99bf344c-9692-4974-a90f-bac6d5d0971b 6da8d97b1635453eb53fe13e90d5fa6e be1291783d1b43d591abe6c4fca6e06d - d4d9fc6389834b9dbff028716ebbf503 d4d9fc6389834b9dbff028716ebbf503] 10.0.20.22 "GET /v2.0/security-groups?id=7e7896e8-fe94-4811-9711-22cf630e1de6 HTTP/1.1" status: 200  len: 2118 time: 0.1598330
2018-06-27 02:12:13.637 16522 DEBUG neutron_lib.callbacks.manager [req-13766d54-5fd6-4591-a5d7-68537a89f72c - - - - -] Notify callbacks ['neutron.services.segments.db._update_segment_host_mapping_for_agent-8777911287602'] for agent, after_update _notify_loop /usr/lib/python2.7/site-packages/neutron_lib/callbacks/manager.py:167
2018-06-27 02:12:14.789 16525 DEBUG neutron_lib.callbacks.manager [req-6b608031-14c1-4f87-b566-2df304300dfa - - - - -] Notify callbacks ['neutron.services.segments.db._update_segment_host_mapping_for_agent-8777911287602'] for agent, after_update _notify_loop /usr/lib/python2.7/site-packages/neutron_lib/callbacks/manager.py:167
2018-06-27 02:12:20.402 16509 DEBUG neutron.wsgi [-] (16509) accepted ('10.0.20.22', 57170) server /usr/lib/python2.7/site-packages/eventlet/wsgi.py:883
2018-06-27 02:12:20.407 16517 DEBUG neutron_lib.callbacks.manager [req-e175ec42-00c0-4b42-92db-3ad980120ae6 - - - - -] Notify callbacks ['neutron.services.segments.db._update_segment_host_mapping_for_agent-8777911287602'] for agent, after_update _notify_loop /usr/lib/python2.7/site-packages/neutron_lib/callbacks/manager.py:167
2018-06-27 02:12:21.678 16509 INFO neutron.wsgi [req-90241911-c7e3-4e90-91de-602b8eaeb2ba 6da8d97b1635453eb53fe13e90d5fa6e be1291783d1b43d591abe6c4fca6e06d - d4d9fc6389834b9dbff028716ebbf503 d4d9fc6389834b9dbff028716ebbf503] 10.0.20.22 "GET /v2.0/ports?device_id=7a02610e-37aa-431f-baa8-e5e792024f31 HTTP/1.1" status: 200  len: 1124 time: 1.2726421
2018-06-27 02:12:21.930 16509 INFO neutron.wsgi [req-8d583990-d143-4c0c-9852-c300b9f4adb3 6da8d97b1635453eb53fe13e90d5fa6e be1291783d1b43d591abe6c4fca6e06d - d4d9fc6389834b9dbff028716ebbf503 d4d9fc6389834b9dbff028716ebbf503] 10.0.20.22 "GET /v2.0/security-groups?id=7e7896e8-fe94-4811-9711-22cf630e1de6 HTTP/1.1" status: 200  len: 2118 time: 0.1633840
2018-06-27 02:12:21.946 16513 INFO neutron.wsgi [req-04a32e4c-69b4-47a4-80c8-8f6cf27a2539 8d51c6595f7b4b648f3775454a985b0c e3731f8202904eebb3e6658e91a6b0b5 - default default] 10.0.20.22 "GET /v2.0/ports?tenant_id=688c18a1c85f4751b329806136ced2ee&device_id=06deffa3-c274-4da5-a3ab-17f1d4e0a067 HTTP/1.1" status: 200  len: 1124 time: 0.1958179
2018-06-27 02:12:22.055 16518 DEBUG neutron_lib.callbacks.manager [req-767c882c-2023-4b19-8511-8a2f5f4206e4 - - - - -] Notify callbacks ['neutron.services.segments.db._update_segment_host_mapping_for_agent-8777911287602'] for agent, after_update _notify_loop /usr/lib/python2.7/site-packages/neutron_lib/callbacks/manager.py:167
2018-06-27 02:12:22.605 16513 DEBUG neutron.pecan_wsgi.hooks.policy_enforcement [req-61a7db9c-4990-4945-8f6a-fb1cb5c67516 8d51c6595f7b4b648f3775454a985b0c e3731f8202904eebb3e6658e91a6b0b5 - default default] Attributes excluded by policy engine: [u'vlan_transparent'] _exclude_attributes_by_policy /usr/lib/python2.7/site-packages/neutron/pecan_wsgi/hooks/policy_enforcement.py:256
2018-06-27 02:12:22.608 16513 INFO neutron.wsgi [req-61a7db9c-4990-4945-8f6a-fb1cb5c67516 8d51c6595f7b4b648f3775454a985b0c e3731f8202904eebb3e6658e91a6b0b5 - default default] 10.0.20.22 "GET /v2.0/networks?id=2ce34dd7-df32-4a77-980f-3c1215fa4847 HTTP/1.1" status: 200  len: 888 time: 0.6520131
2018-06-27 02:12:22.678 16513 INFO neutron.wsgi [req-28844ff0-44c6-4cbf-8e8d-7fe870de894e 8d51c6595f7b4b648f3775454a985b0c e3731f8202904eebb3e6658e91a6b0b5 - default default] 10.0.20.22 "GET /v2.0/floatingips?fixed_ip_address=172.24.4.3&port_id=34ae3945-8340-4ff1-9d1f-d0bdb80875f3 HTTP/1.1" status: 200  len: 217 time: 0.0626590
2018-06-27 02:12:22.845 16513 DEBUG neutron.pecan_wsgi.hooks.policy_enforcement [req-26e74a29-d954-4a63-a1ee-97bab5dd7792 8d51c6595f7b4b648f3775454a985b0c e3731f8202904eebb3e6658e91a6b0b5 - default default] Attributes excluded by policy engine: [u'shared'] _exclude_attributes_by_policy /usr/lib/python2.7/site-packages/neutron/pecan_wsgi/hooks/policy_enforcement.py:256
2018-06-27 02:12:22.850 16513 INFO neutron.wsgi [req-26e74a29-d954-4a63-a1ee-97bab5dd7792 8d51c6595f7b4b648f3775454a985b0c e3731f8202904eebb3e6658e91a6b0b5 - default default] 10.0.20.22 "GET /v2.0/subnets?id=482aeca8-a24a-4c41-a222-a086cb79ba31 HTTP/1.1" status: 200  len: 819 time: 0.1627018
2018-06-27 02:12:22.939 16513 INFO neutron.wsgi [req-58c355ac-3d9e-4e1b-b2fa-90705321ce29 8d51c6595f7b4b648f3775454a985b0c e3731f8202904eebb3e6658e91a6b0b5 - default default] 10.0.20.22 "GET /v2.0/ports?network_id=2ce34dd7-df32-4a77-980f-3c1215fa4847&device_owner=network%3Adhcp HTTP/1.1" status: 200  len: 210 time: 0.0793200
2018-06-27 02:12:23.444 16520 DEBUG neutron_lib.callbacks.manager [req-7c2d26c3-0033-4cb5-b237-a2207b80bca6 - - - - -] Notify callbacks ['neutron.services.segments.db._update_segment_host_mapping_for_agent-8777911287602'] for agent, after_update _notify_loop /usr/lib/python2.7/site-packages/neutron_lib/callbacks/manager.py:167
2018-06-27 02:12:33.906 16526 DEBUG neutron.db.agents_db [req-52edb959-5302-43da-8d3a-2f6e8bfcee1e - - - - -] Agent healthcheck: found 5 active agents agent_health_check /usr/lib/python2.7/site-packages/neutron/db/agents_db.py:281
2018-06-27 02:12:34.484 16509 INFO neutron.wsgi [req-e4867563-3e6b-4c4d-88ca-b076798a13a1 6da8d97b1635453eb53fe13e90d5fa6e be1291783d1b43d591abe6c4fca6e06d - d4d9fc6389834b9dbff028716ebbf503 d4d9fc6389834b9dbff028716ebbf503] 10.0.20.22 "GET /v2.0/ports?device_id=7a02610e-37aa-431f-baa8-e5e792024f31 HTTP/1.1" status: 200  len: 1124 time: 0.5197539
2018-06-27 02:12:34.600 16509 INFO neutron.wsgi [req-ad0db9c1-7236-4bd1-a16e-25c464baeff7 6da8d97b1635453eb53fe13e90d5fa6e be1291783d1b43d591abe6c4fca6e06d - d4d9fc6389834b9dbff028716ebbf503 d4d9fc6389834b9dbff028716ebbf503] 10.0.20.22 "GET /v2.0/security-groups?id=7e7896e8-fe94-4811-9711-22cf630e1de6 HTTP/1.1" status: 200  len: 2118 time: 0.1107869
