2018-09-29 07:32:08.655 19547 DEBUG neutron.api.rpc.handlers.resources_rpc [req-e1d49f15-779c-4af7-a530-c626899cb00b 81ed535ca88f461e8769becabf682408 67a7d8c970184497ad868e5ea6aa33b6 - - -] neutron.api.rpc.handlers.resources_rpc.ResourcesPushRpcApi method push called with arguments (<neutron_lib.context.Context object at 0x7f343cfa4510>, [Port(admin_state_up=True,allowed_address_pairs=[],binding=PortBinding,binding_levels=[],created_at=2018-09-29T11:32:05Z,data_plane_status=<?>,description='',device_id='c8e06808-7989-47ed-954d-56ee59e51033',device_owner='network:floatingip',dhcp_options=[],distributed_binding=None,dns=None,fixed_ips=[IPAllocation],id=47c56c6f-219a-4813-a0a4-09857bdef748,mac_address=fa:16:3e:6a:42:48,name='',network_id=2050c613-9c50-45e4-b9c6-2203ec7994e3,project_id='',qos_policy_id=None,revision_number=4,security=PortSecurity(47c56c6f-219a-4813-a0a4-09857bdef748),security_group_ids=set([]),status='N/A',updated_at=2018-09-29T11:32:07Z)], 'updated') {} wrapper /usr/lib/python2.7/site-packages/oslo_log/helpers.py:66
2018-09-29 07:32:08.683 19547 DEBUG oslo_concurrency.lockutils [req-e1d49f15-779c-4af7-a530-c626899cb00b 81ed535ca88f461e8769becabf682408 67a7d8c970184497ad868e5ea6aa33b6 - - -] Lock "event-dispatch" released by "neutron.plugins.ml2.ovo_rpc.dispatch_events" :: held 0.324s inner /usr/lib/python2.7/site-packages/oslo_concurrency/lockutils.py:282
2018-09-29 07:32:08.754 19547 DEBUG neutron_lib.callbacks.manager [req-e1d49f15-779c-4af7-a530-c626899cb00b 81ed535ca88f461e8769becabf682408 67a7d8c970184497ad868e5ea6aa33b6 - default default] Notify callbacks ['neutron.services.l3_router.l3_router_plugin.L3RouterPlugin._create_dvr_floating_gw_port--9223372036851082244'] for floatingip, after_update _notify_loop /usr/lib/python2.7/site-packages/neutron_lib/callbacks/manager.py:167
2018-09-29 07:32:08.787 19547 DEBUG neutron.quota.resource [req-e1d49f15-779c-4af7-a530-c626899cb00b 81ed535ca88f461e8769becabf682408 67a7d8c970184497ad868e5ea6aa33b6 - default default] Persisted dirty status for tenant:1b881f7b9f7c4cd78c6f218d40039258 on resource:floatingip mark_dirty /usr/lib/python2.7/site-packages/neutron/quota/resource.py:207
2018-09-29 07:32:08.793 19547 DEBUG neutron.quota.resource [req-e1d49f15-779c-4af7-a530-c626899cb00b 81ed535ca88f461e8769becabf682408 67a7d8c970184497ad868e5ea6aa33b6 - default default] Persisted dirty status for tenant: on resource:port mark_dirty /usr/lib/python2.7/site-packages/neutron/quota/resource.py:207
2018-09-29 07:32:08.814 19547 DEBUG neutron_lib.callbacks.manager [req-e1d49f15-779c-4af7-a530-c626899cb00b 81ed535ca88f461e8769becabf682408 67a7d8c970184497ad868e5ea6aa33b6 - default default] Notify callbacks ['neutron.notifiers.nova.Notifier._send_nova_notification--9223372036854772720'] for floatingip, before_response _notify_loop /usr/lib/python2.7/site-packages/neutron_lib/callbacks/manager.py:167
2018-09-29 07:32:08.816 19547 INFO neutron.wsgi [req-e1d49f15-779c-4af7-a530-c626899cb00b 81ed535ca88f461e8769becabf682408 67a7d8c970184497ad868e5ea6aa33b6 - default default] 10.0.20.26 "POST /v2.0/floatingips HTTP/1.1" status: 201  len: 675 time: 4.5730350
2018-09-29 07:32:10.348 19552 DEBUG neutron_lib.callbacks.manager [req-e2c854c2-d898-4721-b35f-cc54122759ed - - - - -] Notify callbacks ['neutron.services.segments.db._update_segment_host_mapping_for_agent-8741397254058'] for agent, after_update _notify_loop /usr/lib/python2.7/site-packages/neutron_lib/callbacks/manager.py:167
2018-09-29 07:32:15.344 19554 DEBUG neutron_lib.callbacks.manager [req-a9757ef3-715d-470b-98b9-a4c419bdd077 - - - - -] Notify callbacks ['neutron.services.segments.db._update_segment_host_mapping_for_agent-8741397254058'] for agent, after_update _notify_loop /usr/lib/python2.7/site-packages/neutron_lib/callbacks/manager.py:167
2018-09-29 07:32:15.921 19550 INFO neutron.wsgi [req-ef285b05-410a-446b-8d81-37ea9df4ecdc 385405652b74463ca36119e213a84b2c e169fa6db0c147f283ae7c6a936117f3 - default default] 10.0.20.26 "GET /v2.0/ports?tenant_id=1b881f7b9f7c4cd78c6f218d40039258&device_id=c2707e11-047d-439a-b5ea-bff17cbffd31 HTTP/1.1" status: 200  len: 1124 time: 0.1217091
2018-09-29 07:32:16.183 19550 DEBUG neutron.pecan_wsgi.hooks.policy_enforcement [req-de6361ca-a5ad-4707-bac7-9a205179597c 385405652b74463ca36119e213a84b2c e169fa6db0c147f283ae7c6a936117f3 - default default] Attributes excluded by policy engine: [u'vlan_transparent'] _exclude_attributes_by_policy /usr/lib/python2.7/site-packages/neutron/pecan_wsgi/hooks/policy_enforcement.py:256
2018-09-29 07:32:16.186 19550 INFO neutron.wsgi [req-de6361ca-a5ad-4707-bac7-9a205179597c 385405652b74463ca36119e213a84b2c e169fa6db0c147f283ae7c6a936117f3 - default default] 10.0.20.26 "GET /v2.0/networks?id=ac8dd984-b042-4ea7-b3f0-c2701ebe82b5 HTTP/1.1" status: 200  len: 885 time: 0.2569840
2018-09-29 07:32:16.223 19550 INFO neutron.wsgi [req-85465da2-812f-4ff8-a306-ff7d241c2d59 385405652b74463ca36119e213a84b2c e169fa6db0c147f283ae7c6a936117f3 - default default] 10.0.20.26 "GET /v2.0/floatingips?fixed_ip_address=11.61.1.11&port_id=b63111fc-1992-43be-87a2-63277784b95c HTTP/1.1" status: 200  len: 217 time: 0.0297470
2018-09-29 07:32:16.603 19550 DEBUG neutron.pecan_wsgi.hooks.policy_enforcement [req-b37f0ef3-3423-42b7-aea8-0871726037d8 385405652b74463ca36119e213a84b2c e169fa6db0c147f283ae7c6a936117f3 - default default] Attributes excluded by policy engine: [u'shared'] _exclude_attributes_by_policy /usr/lib/python2.7/site-packages/neutron/pecan_wsgi/hooks/policy_enforcement.py:256
2018-09-29 07:32:16.605 19550 INFO neutron.wsgi [req-b37f0ef3-3423-42b7-aea8-0871726037d8 385405652b74463ca36119e213a84b2c e169fa6db0c147f283ae7c6a936117f3 - default default] 10.0.20.26 "GET /v2.0/subnets?id=acd10f7b-9741-4434-9684-3c3da8163d0a HTTP/1.1" status: 200  len: 843 time: 0.3743761
2018-09-29 07:32:16.749 19550 INFO neutron.wsgi [req-634b107d-535f-4fa5-a70b-21773e290880 385405652b74463ca36119e213a84b2c e169fa6db0c147f283ae7c6a936117f3 - default default] 10.0.20.26 "GET /v2.0/ports?network_id=ac8dd984-b042-4ea7-b3f0-c2701ebe82b5&device_owner=network%3Adhcp HTTP/1.1" status: 200  len: 1127 time: 0.1362851
2018-09-29 07:32:17.352 19545 DEBUG neutron.wsgi [-] (19545) accepted ('10.0.20.26', 48022) server /usr/lib/python2.7/site-packages/eventlet/wsgi.py:883
2018-09-29 07:32:18.162 19545 INFO neutron.wsgi [req-c0766e1b-eda2-436b-9bdf-52c30a7ae3aa 385405652b74463ca36119e213a84b2c e169fa6db0c147f283ae7c6a936117f3 - default default] 10.0.20.26 "GET /v2.0/ports?device_id=c2707e11-047d-439a-b5ea-bff17cbffd31 HTTP/1.1" status: 200  len: 1124 time: 0.8078849
2018-09-29 07:32:18.301 19545 INFO neutron.wsgi [req-6e41d1ef-cd51-4eef-9b4e-7273dead8027 385405652b74463ca36119e213a84b2c e169fa6db0c147f283ae7c6a936117f3 - default default] 10.0.20.26 "GET /v2.0/security-groups?id=d0a7db52-e1d9-4202-a578-0909e87b9511 HTTP/1.1" status: 200  len: 2118 time: 0.1285920
2018-09-29 07:32:20.065 19548 INFO neutron.wsgi [req-33228dab-5cec-468f-9f81-17f7c5cb6d8c 385405652b74463ca36119e213a84b2c e169fa6db0c147f283ae7c6a936117f3 - default default] 10.0.20.26 "GET /v2.0/ports?device_id=c2707e11-047d-439a-b5ea-bff17cbffd31 HTTP/1.1" status: 200  len: 1124 time: 0.7549808
2018-09-29 07:32:20.268 19548 INFO neutron.wsgi [req-e74f79fb-a87d-4dbe-8db8-3f857ec1febd 385405652b74463ca36119e213a84b2c e169fa6db0c147f283ae7c6a936117f3 - default default] 10.0.20.26 "GET /v2.0/security-groups?id=d0a7db52-e1d9-4202-a578-0909e87b9511 HTTP/1.1" status: 200  len: 2118 time: 0.1746609
2018-09-29 07:32:21.395 19550 INFO neutron.wsgi [req-073e99c4-f67e-4670-b552-1125d166ae13 dfd96e1c91724d7690ea2731fdd634cf 1b881f7b9f7c4cd78c6f218d40039258 - 1999243276c345e2896a70ce545d18ac 1999243276c345e2896a70ce545d18ac] 10.0.20.26 "GET /v2.0/ports?device_id=c2707e11-047d-439a-b5ea-bff17cbffd31 HTTP/1.1" status: 200  len: 1124 time: 0.4800620
2018-09-29 07:32:21.529 19550 INFO neutron.wsgi [req-f18d7ccc-76fc-4a57-8d82-ca45f3c1fcd7 dfd96e1c91724d7690ea2731fdd634cf 1b881f7b9f7c4cd78c6f218d40039258 - 1999243276c345e2896a70ce545d18ac 1999243276c345e2896a70ce545d18ac] 10.0.20.26 "GET /v2.0/security-groups?id=d0a7db52-e1d9-4202-a578-0909e87b9511 HTTP/1.1" status: 200  len: 2118 time: 0.1269262
2018-09-29 07:32:21.803 19550 INFO neutron.wsgi [req-eba1e435-992b-4ed8-8e0e-00fcd02a9bfc dfd96e1c91724d7690ea2731fdd634cf 1b881f7b9f7c4cd78c6f218d40039258 - 1999243276c345e2896a70ce545d18ac 1999243276c345e2896a70ce545d18ac] 10.0.20.26 "GET /v2.0/ports?device_owner=compute%3Anova&device_id=c2707e11-047d-439a-b5ea-bff17cbffd31 HTTP/1.1" status: 200  len: 1124 time: 0.1152151
2018-09-29 07:32:21.855 19550 INFO neutron.wsgi [req-cba0b5f9-6efb-4785-96c6-97be4335cbe7 dfd96e1c91724d7690ea2731fdd634cf 1b881f7b9f7c4cd78c6f218d40039258 - 1999243276c345e2896a70ce545d18ac 1999243276c345e2896a70ce545d18ac] 10.0.20.26 "GET /v2.0/floatingips?floating_ip_address=172.24.4.14 HTTP/1.1" status: 200  len: 673 time: 0.0432270
2018-09-29 07:32:21.874 19550 DEBUG neutron.api.v2.base [req-8d05b6fb-882a-4659-824c-4bf93549c297 dfd96e1c91724d7690ea2731fdd634cf 1b881f7b9f7c4cd78c6f218d40039258 - 1999243276c345e2896a70ce545d18ac 1999243276c345e2896a70ce545d18ac] Request body: {u'floatingip': {u'fixed_ip_address': u'11.61.1.11', u'port_id': u'b63111fc-1992-43be-87a2-63277784b95c'}} prepare_request_body /usr/lib/python2.7/site-packages/neutron/api/v2/base.py:695
2018-09-29 07:32:22.257 19550 DEBUG neutron_lib.callbacks.manager [req-8d05b6fb-882a-4659-824c-4bf93549c297 dfd96e1c91724d7690ea2731fdd634cf 1b881f7b9f7c4cd78c6f218d40039258 - 1999243276c345e2896a70ce545d18ac 1999243276c345e2896a70ce545d18ac] Notify callbacks ['neutron.services.l3_router.l3_router_plugin.L3RouterPlugin._create_dvr_floating_gw_port--9223372036851082244'] for floatingip, after_update _notify_loop /usr/lib/python2.7/site-packages/neutron_lib/callbacks/manager.py:167
2018-09-29 07:32:22.818 19550 DEBUG neutron.scheduler.l3_agent_scheduler [req-8d05b6fb-882a-4659-824c-4bf93549c297 dfd96e1c91724d7690ea2731fdd634cf 1b881f7b9f7c4cd78c6f218d40039258 - 1999243276c345e2896a70ce545d18ac 1999243276c345e2896a70ce545d18ac] Router 38a82a44-bf51-49bd-b255-53f65098af78 has already been hosted by L3 agent 7f84737c-d202-4304-8c5a-a5c3498d9450 _get_candidates /usr/lib/python2.7/site-packages/neutron/scheduler/l3_agent_scheduler.py:141
2018-09-29 07:32:22.830 19543 DEBUG neutron.wsgi [-] (19543) accepted ('10.0.20.26', 48086) server /usr/lib/python2.7/site-packages/eventlet/wsgi.py:883
2018-09-29 07:32:23.031 19550 DEBUG neutron.api.rpc.agentnotifiers.l3_rpc_agent_api [req-8d05b6fb-882a-4659-824c-4bf93549c297 dfd96e1c91724d7690ea2731fdd634cf 1b881f7b9f7c4cd78c6f218d40039258 - 1999243276c345e2896a70ce545d18ac 1999243276c345e2896a70ce545d18ac] Notify agent at l3_agent.localhost.localdomain the message routers_updated _agent_notification /usr/lib/python2.7/site-packages/neutron/api/rpc/agentnotifiers/l3_rpc_agent_api.py:69
2018-09-29 07:32:23.064 19550 DEBUG neutron_lib.callbacks.manager [req-8d05b6fb-882a-4659-824c-4bf93549c297 dfd96e1c91724d7690ea2731fdd634cf 1b881f7b9f7c4cd78c6f218d40039258 - 1999243276c345e2896a70ce545d18ac 1999243276c345e2896a70ce545d18ac] Notify callbacks ['neutron.notifiers.nova.Notifier._send_nova_notification--9223372036854772720'] for floatingip, before_response _notify_loop /usr/lib/python2.7/site-packages/neutron_lib/callbacks/manager.py:167
2018-09-29 07:32:23.089 19562 DEBUG neutron.db.l3_hamode_db [req-afe59cd3-249a-481c-abff-67b275315d49 - - - - -] neutron.services.l3_router.l3_router_plugin.L3RouterPlugin method get_ha_sync_data_for_host called with arguments (<neutron_lib.context.Context object at 0x7f343d5698d0>, u'localhost.localdomain', <neutron.db.models.agent.Agent[object at 7f343d47ea10] {id=u'7f84737c-d202-4304-8c5a-a5c3498d9450', agent_type=u'L3 agent', binary=u'neutron-l3-agent', topic=u'l3_agent', host=u'localhost.localdomain', availability_zone=u'nova', admin_state_up=True, created_at=datetime.datetime(2018, 9, 11, 22, 51, 15), started_at=datetime.datetime(2018, 9, 29, 11, 11, 24), heartbeat_timestamp=datetime.datetime(2018, 9, 29, 11, 31, 54), description=None, configurations=u'{"agent_mode": "legacy", "gateway_external_network_id": "", "handle_internal_only_routers": true, "routers": 2, "interfaces": 2, "floating_ips": 0, "interface_driver": "neutron.agent.linux.interface.OVSInterfaceDriver", "log_agent_heartbeats": false, "external_network_bridge": "", "ex_gw_ports": 2}', resource_versions=None, load=0}>) {'active': True, 'router_ids': ['38a82a44-bf51-49bd-b255-53f65098af78']} wrapper /usr/lib/python2.7/site-packages/oslo_log/helpers.py:66
2018-09-29 07:32:23.162 19550 INFO neutron.wsgi [req-8d05b6fb-882a-4659-824c-4bf93549c297 dfd96e1c91724d7690ea2731fdd634cf 1b881f7b9f7c4cd78c6f218d40039258 - 1999243276c345e2896a70ce545d18ac 1999243276c345e2896a70ce545d18ac] 10.0.20.26 "PUT /v2.0/floatingips/c8e06808-7989-47ed-954d-56ee59e51033 HTTP/1.1" status: 200  len: 746 time: 1.2982452
2018-09-29 07:32:23.163 19550 DEBUG oslo_concurrency.lockutils [-] Lock "notifier-7b8db194-34fb-4df5-ac23-aafa59a77664" acquired by "neutron.notifiers.batch_notifier.synced_send" :: waited 0.000s inner /usr/lib/python2.7/site-packages/oslo_concurrency/lockutils.py:270
2018-09-29 07:32:23.164 19550 DEBUG neutron.notifiers.nova [-] Sending events: [{'tag': u'b63111fc-1992-43be-87a2-63277784b95c', 'name': 'network-changed', 'server_uuid': u'c2707e11-047d-439a-b5ea-bff17cbffd31'}] send_events /usr/lib/python2.7/site-packages/neutron/notifiers/nova.py:242
2018-09-29 07:32:23.171 19550 DEBUG novaclient.v2.client [-] REQ: curl -g -i -X POST http://10.0.20.26:8774/v2.1/e169fa6db0c147f283ae7c6a936117f3/os-server-external-events -H "User-Agent: python-novaclient" -H "Content-Type: application/json" -H "Accept: application/json" -H "X-OpenStack-Nova-API-Version: 2.1" -H "X-Auth-Token: {SHA1}cbe99ed477d99994975cb503f1baf18a9d29c31a" -d '{"events": [{"tag": "b63111fc-1992-43be-87a2-63277784b95c", "name": "network-changed", "server_uuid": "c2707e11-047d-439a-b5ea-bff17cbffd31"}]}' _http_log_request /usr/lib/python2.7/site-packages/keystoneauth1/session.py:375
2018-09-29 07:32:23.318 19550 DEBUG novaclient.v2.client [-] RESP: [200] Content-Length: 179 Content-Type: application/json Openstack-Api-Version: compute 2.1 X-Openstack-Nova-Api-Version: 2.1 Vary: OpenStack-API-Version, X-OpenStack-Nova-API-Version X-Openstack-Request-Id: req-b279ec28-8125-436f-af42-557d0b4080f0 X-Compute-Request-Id: req-b279ec28-8125-436f-af42-557d0b4080f0 Date: Sat, 29 Sep 2018 11:32:23 GMT Connection: keep-alive 
RESP BODY: {"events": [{"status": "completed", "tag": "b63111fc-1992-43be-87a2-63277784b95c", "name": "network-changed", "server_uuid": "c2707e11-047d-439a-b5ea-bff17cbffd31", "code": 200}]}
 _http_log_response /usr/lib/python2.7/site-packages/keystoneauth1/session.py:423
2018-09-29 07:32:23.319 19550 DEBUG novaclient.v2.client [-] POST call to compute for http://10.0.20.26:8774/v2.1/e169fa6db0c147f283ae7c6a936117f3/os-server-external-events used request id req-b279ec28-8125-436f-af42-557d0b4080f0 request /usr/lib/python2.7/site-packages/keystoneauth1/session.py:727
2018-09-29 07:32:23.327 19550 INFO neutron.notifiers.nova [-] Nova event response: {u'status': u'completed', u'tag': u'b63111fc-1992-43be-87a2-63277784b95c', u'name': u'network-changed', u'server_uuid': u'c2707e11-047d-439a-b5ea-bff17cbffd31', u'code': 200}
2018-09-29 07:32:23.611 19550 INFO neutron.wsgi [req-b7f47d2f-31a0-4a94-bab6-052dd4a6efc4 385405652b74463ca36119e213a84b2c e169fa6db0c147f283ae7c6a936117f3 - default default] 10.0.20.26 "GET /v2.0/ports?tenant_id=1b881f7b9f7c4cd78c6f218d40039258&device_id=c2707e11-047d-439a-b5ea-bff17cbffd31 HTTP/1.1" status: 200  len: 1124 time: 0.1992810
2018-09-29 07:32:23.671 19543 INFO neutron.wsgi [req-7e70dfbb-f972-4458-85a8-4735fd5547f2 385405652b74463ca36119e213a84b2c e169fa6db0c147f283ae7c6a936117f3 - default default] 10.0.20.26 "GET /v2.0/ports?device_id=c2707e11-047d-439a-b5ea-bff17cbffd31 HTTP/1.1" status: 200  len: 1124 time: 0.8397830
2018-09-29 07:32:23.837 19543 INFO neutron.wsgi [req-9e397fde-edbc-4c90-ae38-4756b9d1969a 385405652b74463ca36119e213a84b2c e169fa6db0c147f283ae7c6a936117f3 - default default] 10.0.20.26 "GET /v2.0/security-groups?id=d0a7db52-e1d9-4202-a578-0909e87b9511 HTTP/1.1" status: 200  len: 2118 time: 0.1539688
2018-09-29 07:32:23.896 19550 DEBUG neutron.pecan_wsgi.hooks.policy_enforcement [req-88578c07-973f-4bc8-bcf0-2f4a30b81d66 385405652b74463ca36119e213a84b2c e169fa6db0c147f283ae7c6a936117f3 - default default] Attributes excluded by policy engine: [u'vlan_transparent'] _exclude_attributes_by_policy /usr/lib/python2.7/site-packages/neutron/pecan_wsgi/hooks/policy_enforcement.py:256
2018-09-29 07:32:23.899 19550 INFO neutron.wsgi [req-88578c07-973f-4bc8-bcf0-2f4a30b81d66 385405652b74463ca36119e213a84b2c e169fa6db0c147f283ae7c6a936117f3 - default default] 10.0.20.26 "GET /v2.0/networks?id=ac8dd984-b042-4ea7-b3f0-c2701ebe82b5 HTTP/1.1" status: 200  len: 885 time: 0.2782481
2018-09-29 07:32:23.943 19550 INFO neutron.wsgi [req-cfae1ba8-4237-4c42-8b84-db1bf1d99d77 385405652b74463ca36119e213a84b2c e169fa6db0c147f283ae7c6a936117f3 - default default] 10.0.20.26 "GET /v2.0/floatingips?fixed_ip_address=11.61.1.11&port_id=b63111fc-1992-43be-87a2-63277784b95c HTTP/1.1" status: 200  len: 749 time: 0.0368180
2018-09-29 07:32:24.027 19562 DEBUG neutron.db.l3_hamode_db [req-afe59cd3-249a-481c-abff-67b275315d49 - - - - -] neutron.services.l3_router.l3_router_plugin.L3RouterPlugin method _process_sync_ha_data called with arguments (<neutron_lib.context.Context object at 0x7f343d5698d0>, [{'status': u'ACTIVE', '_interfaces': [{'status': u'ACTIVE', 'subnets': [{'dns_nameservers': [u'8.8.4.4'], 'ipv6_ra_mode': None, 'gateway_ip': u'11.61.1.1', 'cidr': u'11.61.1.0/24', 'id': u'acd10f7b-9741-4434-9684-3c3da8163d0a', 'subnetpool_id': None}], 'binding:host_id': u'localhost.localdomain', 'description': u'', 'allowed_address_pairs': [], 'tags': [], 'extra_dhcp_opts': [], 'updated_at': '2018-09-29T11:31:10Z', 'device_owner': u'network:router_interface', 'revision_number': 7, 'port_security_enabled': False, 'binding:profile': {}, 'mtu': 1450, 'fixed_ips': [{'subnet_id': u'acd10f7b-9741-4434-9684-3c3da8163d0a', 'prefixlen': 24, 'ip_address': u'11.61.1.1'}], 'id': u'e8a455b0-a822-4603-9457-48ae669d25cb', 'security_groups': [], 'device_id': u'38a82a44-bf51-49bd-b255-53f65098af78', 'name': u'', 'admin_state_up': True, 'network_id': u'ac8dd984-b042-4ea7-b3f0-c2701ebe82b5', 'tenant_id': u'1b881f7b9f7c4cd78c6f218d40039258', 'binding:vif_details': {u'port_filter': True, u'datapath_type': u'system', u'ovs_hybrid_plug': True}, 'address_scopes': {4: None, 6: None}, 'binding:vnic_type': u'normal', 'binding:vif_type': u'ovs', 'mac_address': u'fa:16:3e:5e:c7:43', 'project_id': u'1b881f7b9f7c4cd78c6f218d40039258', 'extra_subnets': [], 'created_at': '2018-09-29T11:31:01Z'}], 'enable_snat': True, 'ha_vr_id': 0, 'description': u'', 'tags': [], 'gw_port': {'status': u'ACTIVE', 'subnets': [{'dns_nameservers': [], 'ipv6_ra_mode': None, 'gateway_ip': u'172.24.4.1', 'cidr': u'172.24.4.0/24', 'id': u'fb0bfeb3-1f6d-48f2-94af-fd43cd976e0b', 'subnetpool_id': None}], 'binding:host_id': u'localhost.localdomain', 'description': u'', 'allowed_address_pairs': [], 'tags': [], 'extra_dhcp_opts': [], 'updated_at': '2018-09-29T11:31:22Z', 'device_owner': u'network:router_gateway', 'revision_number': 6, 'port_security_enabled': False, 'binding:profile': {}, 'mtu': 1500, 'fixed_ips': [{'subnet_id': u'fb0bfeb3-1f6d-48f2-94af-fd43cd976e0b', 'prefixlen': 24, 'ip_address': u'172.24.4.6'}], 'id': u'a875951f-8b4b-41b6-b20e-b6e2c108197c', 'security_groups': [], 'device_id': u'38a82a44-bf51-49bd-b255-53f65098af78', 'name': u'', 'admin_state_up': True, 'network_id': u'2050c613-9c50-45e4-b9c6-2203ec7994e3', 'tenant_id': u'', 'binding:vif_details': {u'port_filter': True, u'datapath_type': u'system', u'ovs_hybrid_plug': True}, 'address_scopes': {4: None, 6: None}, 'binding:vnic_type': u'normal', 'binding:vif_type': u'ovs', 'mac_address': u'fa:16:3e:08:35:96', 'project_id': u'', 'extra_subnets': [], 'created_at': '2018-09-29T11:31:14Z'}, 'updated_at': '2018-09-29T11:31:15Z', 'revision_number': 3, 'ha': False, 'id': u'38a82a44-bf51-49bd-b255-53f65098af78', 'gw_port_host': u'localhost.localdomain', 'external_gateway_info': {'network_id': u'2050c613-9c50-45e4-b9c6-2203ec7994e3', 'enable_snat': True, 'external_fixed_ips': [{'subnet_id': u'fb0bfeb3-1f6d-48f2-94af-fd43cd976e0b', 'ip_address': u'172.24.4.6'}]}, 'availability_zone_hints': [], 'availability_zones': [u'nova'], 'name': u'tempest-router-1538220498', 'gw_port_id': u'a875951f-8b4b-41b6-b20e-b6e2c108197c', 'admin_state_up': True, 'tenant_id': u'1b881f7b9f7c4cd78c6f218d40039258', 'created_at': '2018-09-29T11:30:42Z', 'distributed': False, 'flavor_id': None, 'routes': [], 'project_id': u'1b881f7b9f7c4cd78c6f218d40039258', '_floatingips': [{'router_id': u'38a82a44-bf51-49bd-b255-53f65098af78', 'status': u'DOWN', 'description': u'', 'tags': [], 'updated_at': '2018-09-29T11:32:22Z', 'dns_domain': '', 'floating_network_id': u'2050c613-9c50-45e4-b9c6-2203ec7994e3', 'fixed_ip_address': u'11.61.1.11', 'floating_ip_address': u'172.24.4.14', 'revision_number': 1, 'port_id': u'b63111fc-1992-43be-87a2-63277784b95c', 'id': u'c8e06808-7989-47ed-954d-56ee59e51033', 'dns_name': '', 'created_at': '2018-09-29T11:32:07Z', 'tenant_id': u'1b881f7b9f7c4cd78c6f218d40039258', 'fixed_ip_address_scope': None, 'project_id': u'1b881f7b9f7c4cd78c6f218d40039258'}]}], u'localhost.localdomain', False) {} wrapper /usr/lib/python2.7/site-packages/oslo_log/helpers.py:66
2018-09-29 07:32:24.039 19562 DEBUG neutron.api.rpc.handlers.l3_rpc [req-afe59cd3-249a-481c-abff-67b275315d49 - - - - -] Checking router: 38a82a44-bf51-49bd-b255-53f65098af78 for host: localhost.localdomain _ensure_host_set_on_ports /usr/lib/python2.7/site-packages/neutron/api/rpc/handlers/l3_rpc.py:135
2018-09-29 07:32:24.111 19550 DEBUG neutron.pecan_wsgi.hooks.policy_enforcement [req-222f2c84-972a-4bb4-807e-1c5697c89a44 385405652b74463ca36119e213a84b2c e169fa6db0c147f283ae7c6a936117f3 - default default] Attributes excluded by policy engine: [u'shared'] _exclude_attributes_by_policy /usr/lib/python2.7/site-packages/neutron/pecan_wsgi/hooks/policy_enforcement.py:256
2018-09-29 07:32:24.114 19550 INFO neutron.wsgi [req-222f2c84-972a-4bb4-807e-1c5697c89a44 385405652b74463ca36119e213a84b2c e169fa6db0c147f283ae7c6a936117f3 - default default] 10.0.20.26 "GET /v2.0/subnets?id=acd10f7b-9741-4434-9684-3c3da8163d0a HTTP/1.1" status: 200  len: 843 time: 0.1611090
2018-09-29 07:32:24.267 19550 INFO neutron.wsgi [req-b86feccc-6f8d-4708-96fc-f41200a02c3e 385405652b74463ca36119e213a84b2c e169fa6db0c147f283ae7c6a936117f3 - default default] 10.0.20.26 "GET /v2.0/ports?network_id=ac8dd984-b042-4ea7-b3f0-c2701ebe82b5&device_owner=network%3Adhcp HTTP/1.1" status: 200  len: 1127 time: 0.1426809
2018-09-29 07:32:24.452 19554 DEBUG neutron.api.rpc.handlers.l3_rpc [req-b5ab5bba-58ff-44ba-b5a2-87ca7f46704b - - - - -] New status for floating IP c8e06808-7989-47ed-954d-56ee59e51033: ACTIVE update_floatingip_statuses /usr/lib/python2.7/site-packages/neutron/api/rpc/handlers/l3_rpc.py:252
2018-09-29 07:32:24.580 19561 DEBUG neutron_lib.callbacks.manager [req-dbe5f3ba-148f-49c0-80d9-2e392b29344c - - - - -] Notify callbacks ['neutron.services.segments.db._update_segment_host_mapping_for_agent-8741397254058'] for agent, after_update _notify_loop /usr/lib/python2.7/site-packages/neutron_lib/callbacks/manager.py:167
2018-09-29 07:32:25.330 19550 DEBUG oslo_concurrency.lockutils [-] Lock "notifier-7b8db194-34fb-4df5-ac23-aafa59a77664" released by "neutron.notifiers.batch_notifier.synced_send" :: held 2.166s inner /usr/lib/python2.7/site-packages/oslo_concurrency/lockutils.py:282
2018-09-29 07:32:25.374 19550 INFO neutron.wsgi [req-9b111e03-c8b2-4cb0-ad5e-e23a28e4301b 385405652b74463ca36119e213a84b2c e169fa6db0c147f283ae7c6a936117f3 - default default] 10.0.20.26 "GET /v2.0/ports?tenant_id=1b881f7b9f7c4cd78c6f218d40039258&device_id=c2707e11-047d-439a-b5ea-bff17cbffd31 HTTP/1.1" status: 200  len: 1124 time: 0.8174531
2018-09-29 07:32:25.544 19555 DEBUG neutron_lib.callbacks.manager [req-3eccacfc-604e-4622-bd58-b94cc6376e60 - - - - -] Notify callbacks ['neutron.services.segments.db._update_segment_host_mapping_for_agent-8741397254058'] for agent, after_update _notify_loop /usr/lib/python2.7/site-packages/neutron_lib/callbacks/manager.py:167
2018-09-29 07:32:25.584 19556 DEBUG neutron_lib.callbacks.manager [req-f56ac814-8e66-4a14-9fc1-2318ebf1968c - - - - -] Notify callbacks ['neutron.services.segments.db._update_segment_host_mapping_for_agent-8741397254058'] for agent, after_update _notify_loop /usr/lib/python2.7/site-packages/neutron_lib/callbacks/manager.py:167
2018-09-29 07:32:25.768 19550 DEBUG neutron.pecan_wsgi.hooks.policy_enforcement [req-7f9377e7-2319-4538-b65d-a4222f2056e0 385405652b74463ca36119e213a84b2c e169fa6db0c147f283ae7c6a936117f3 - default default] Attributes excluded by policy engine: [u'vlan_transparent'] _exclude_attributes_by_policy /usr/lib/python2.7/site-packages/neutron/pecan_wsgi/hooks/policy_enforcement.py:256
2018-09-29 07:32:25.771 19550 INFO neutron.wsgi [req-7f9377e7-2319-4538-b65d-a4222f2056e0 385405652b74463ca36119e213a84b2c e169fa6db0c147f283ae7c6a936117f3 - default default] 10.0.20.26 "GET /v2.0/networks?id=ac8dd984-b042-4ea7-b3f0-c2701ebe82b5 HTTP/1.1" status: 200  len: 885 time: 0.3804169
2018-09-29 07:32:25.823 19550 INFO neutron.wsgi [req-1722c39d-594f-4af0-bfa0-f82e7a3e78e2 385405652b74463ca36119e213a84b2c e169fa6db0c147f283ae7c6a936117f3 - default default] 10.0.20.26 "GET /v2.0/floatingips?fixed_ip_address=11.61.1.11&port_id=b63111fc-1992-43be-87a2-63277784b95c HTTP/1.1" status: 200  len: 751 time: 0.0408120
2018-09-29 07:32:25.966 19550 DEBUG neutron.pecan_wsgi.hooks.policy_enforcement [req-b868871b-e518-44d4-84b3-2927af99c9d0 385405652b74463ca36119e213a84b2c e169fa6db0c147f283ae7c6a936117f3 - default default] Attributes excluded by policy engine: [u'shared'] _exclude_attributes_by_policy /usr/lib/python2.7/site-packages/neutron/pecan_wsgi/hooks/policy_enforcement.py:256
2018-09-29 07:32:25.968 19550 INFO neutron.wsgi [req-b868871b-e518-44d4-84b3-2927af99c9d0 385405652b74463ca36119e213a84b2c e169fa6db0c147f283ae7c6a936117f3 - default default] 10.0.20.26 "GET /v2.0/subnets?id=acd10f7b-9741-4434-9684-3c3da8163d0a HTTP/1.1" status: 200  len: 843 time: 0.1314449
2018-09-29 07:32:26.091 19550 INFO neutron.wsgi [req-e8196751-eda8-4691-95c3-ecf61ed1152c 385405652b74463ca36119e213a84b2c e169fa6db0c147f283ae7c6a936117f3 - default default] 10.0.20.26 "GET /v2.0/ports?network_id=ac8dd984-b042-4ea7-b3f0-c2701ebe82b5&device_owner=network%3Adhcp HTTP/1.1" status: 200  len: 1127 time: 0.1170859
2018-09-29 07:32:26.213 19546 INFO neutron.wsgi [req-787613e3-eed6-4fcb-acab-79ec6d01552b 385405652b74463ca36119e213a84b2c e169fa6db0c147f283ae7c6a936117f3 - default default] 10.0.20.26 "GET /v2.0/ports?device_id=c2707e11-047d-439a-b5ea-bff17cbffd31 HTTP/1.1" status: 200  len: 1124 time: 0.6437359
2018-09-29 07:32:26.322 19546 INFO neutron.wsgi [req-6595aaf9-aec0-470e-9b43-49aab0fa07aa 385405652b74463ca36119e213a84b2c e169fa6db0c147f283ae7c6a936117f3 - default default] 10.0.20.26 "GET /v2.0/security-groups?id=d0a7db52-e1d9-4202-a578-0909e87b9511 HTTP/1.1" status: 200  len: 2118 time: 0.0978110
2018-09-29 07:32:29.799 19549 INFO neutron.wsgi [req-71038b61-6587-4a79-9db9-5983bc433518 385405652b74463ca36119e213a84b2c e169fa6db0c147f283ae7c6a936117f3 - default default] 10.0.20.26 "GET /v2.0/ports?device_id=c2707e11-047d-439a-b5ea-bff17cbffd31 HTTP/1.1" status: 200  len: 1124 time: 0.5811310
2018-09-29 07:32:29.902 19549 INFO neutron.wsgi [req-8f9eea06-e736-4f9e-be7c-4e183e2af274 385405652b74463ca36119e213a84b2c e169fa6db0c147f283ae7c6a936117f3 - default default] 10.0.20.26 "GET /v2.0/security-groups?id=d0a7db52-e1d9-4202-a578-0909e87b9511 HTTP/1.1" status: 200  len: 2118 time: 0.0909071
2018-09-29 07:32:31.419 19548 INFO neutron.wsgi [req-547c6ec7-1f3a-4293-8211-9d0ec9cb6c6a 385405652b74463ca36119e213a84b2c e169fa6db0c147f283ae7c6a936117f3 - default default] 10.0.20.26 "GET /v2.0/ports?device_id=c2707e11-047d-439a-b5ea-bff17cbffd31 HTTP/1.1" status: 200  len: 1124 time: 0.7600820
2018-09-29 07:32:31.608 19548 INFO neutron.wsgi [req-d7a93562-8083-44d0-9a44-4becd8451b95 385405652b74463ca36119e213a84b2c e169fa6db0c147f283ae7c6a936117f3 - default default] 10.0.20.26 "GET /v2.0/security-groups?id=d0a7db52-e1d9-4202-a578-0909e87b9511 HTTP/1.1" status: 200  len: 2118 time: 0.1787961
2018-09-29 07:32:33.225 19562 DEBUG neutron.db.agents_db [req-5bd7d797-8d99-4005-9b59-038bd9b7ab6d - - - - -] Agent healthcheck: found 5 active agents agent_health_check /usr/lib/python2.7/site-packages/neutron/db/agents_db.py:281
2018-09-29 07:32:37.046 19550 INFO neutron.wsgi [req-04f5462c-5c8f-444f-aa79-363d6d922ab3 dfd96e1c91724d7690ea2731fdd634cf 1b881f7b9f7c4cd78c6f218d40039258 - 1999243276c345e2896a70ce545d18ac 1999243276c345e2896a70ce545d18ac] 10.0.20.26 "GET /v2.0/ports?device_id=c2707e11-047d-439a-b5ea-bff17cbffd31 HTTP/1.1" status: 200  len: 1124 time: 0.6131601
2018-09-29 07:32:37.185 19550 INFO neutron.wsgi [req-4a7f79a4-d2d9-4bb2-99b1-4e1d252874dc dfd96e1c91724d7690ea2731fdd634cf 1b881f7b9f7c4cd78c6f218d40039258 - 1999243276c345e2896a70ce545d18ac 1999243276c345e2896a70ce545d18ac] 10.0.20.26 "GET /v2.0/security-groups?id=d0a7db52-e1d9-4202-a578-0909e87b9511 HTTP/1.1" status: 200  len: 2118 time: 0.1299260
2018-09-29 07:32:40.352 19551 DEBUG neutron_lib.callbacks.manager [req-e2c854c2-d898-4721-b35f-cc54122759ed - - - - -] Notify callbacks ['neutron.services.segments.db._update_segment_host_mapping_for_agent-8741397254058'] for agent, after_update _notify_loop /usr/lib/python2.7/site-packages/neutron_lib/callbacks/manager.py:167
2018-09-29 07:32:45.342 19553 DEBUG neutron_lib.callbacks.manager [req-a9757ef3-715d-470b-98b9-a4c419bdd077 - - - - -] Notify callbacks ['neutron.services.segments.db._update_segment_host_mapping_for_agent-8741397254058'] for agent, after_update _notify_loop /usr/lib/python2.7/site-packages/neutron_lib/callbacks/manager.py:167
2018-09-29 07:32:54.592 19558 DEBUG neutron_lib.callbacks.manager [req-8c4217f0-cbf3-44c7-8a34-c92083b5f83a - - - - -] Notify callbacks ['neutron.services.segments.db._update_segment_host_mapping_for_agent-8741397254058'] for agent, after_update _notify_loop /usr/lib/python2.7/site-packages/neutron_lib/callbacks/manager.py:167
2018-09-29 07:32:55.517 19559 DEBUG neutron_lib.callbacks.manager [req-3eccacfc-604e-4622-bd58-b94cc6376e60 - - - - -] Notify callbacks ['neutron.services.segments.db._update_segment_host_mapping_for_agent-8741397254058'] for agent, after_update _notify_loop /usr/lib/python2.7/site-packages/neutron_lib/callbacks/manager.py:167
2018-09-29 07:32:55.568 19552 DEBUG neutron_lib.callbacks.manager [req-c0f3c135-2704-4807-995c-9763593c12dc - - - - -] Notify callbacks ['neutron.services.segments.db._update_segment_host_mapping_for_agent-8741397254058'] for agent, after_update _notify_loop /usr/lib/python2.7/site-packages/neutron_lib/callbacks/manager.py:167
2018-09-29 07:32:57.400 19550 INFO neutron.wsgi [req-f3aaa765-2240-421b-9b83-097cee0c620e dfd96e1c91724d7690ea2731fdd634cf 1b881f7b9f7c4cd78c6f218d40039258 - 1999243276c345e2896a70ce545d18ac 1999243276c345e2896a70ce545d18ac] 10.0.20.26 "GET /v2.0/ports?device_id=c2707e11-047d-439a-b5ea-bff17cbffd31 HTTP/1.1" status: 200  len: 1124 time: 0.7303410
2018-09-29 07:32:57.534 19550 INFO neutron.wsgi [req-ad99689b-3560-46ec-b0dd-e3bfb199cae0 dfd96e1c91724d7690ea2731fdd634cf 1b881f7b9f7c4cd78c6f218d40039258 - 1999243276c345e2896a70ce545d18ac 1999243276c345e2896a70ce545d18ac] 10.0.20.26 "GET /v2.0/security-groups?id=d0a7db52-e1d9-4202-a578-0909e87b9511 HTTP/1.1" status: 200  len: 2118 time: 0.1221690
2018-09-29 07:33:10.228 19562 DEBUG neutron.db.agents_db [req-5bd7d797-8d99-4005-9b59-038bd9b7ab6d - - - - -] Agent healthcheck: found 5 active agents agent_health_check /usr/lib/python2.7/site-packages/neutron/db/agents_db.py:281
2018-09-29 07:33:10.351 19554 DEBUG neutron_lib.callbacks.manager [req-e2c854c2-d898-4721-b35f-cc54122759ed - - - - -] Notify callbacks ['neutron.services.segments.db._update_segment_host_mapping_for_agent-8741397254058'] for agent, after_update _notify_loop /usr/lib/python2.7/site-packages/neutron_lib/callbacks/manager.py:167
2018-09-29 07:33:11.375 19550 INFO neutron.wsgi [req-55b0f020-5016-41ea-9b24-aa86f03bcdf1 dfd96e1c91724d7690ea2731fdd634cf 1b881f7b9f7c4cd78c6f218d40039258 - 1999243276c345e2896a70ce545d18ac 1999243276c345e2896a70ce545d18ac] 10.0.20.26 "GET /v2.0/ports?device_id=c2707e11-047d-439a-b5ea-bff17cbffd31 HTTP/1.1" status: 200  len: 1124 time: 0.6060510
2018-09-29 07:33:11.477 19550 INFO neutron.wsgi [req-7d84adc1-af9c-4e2a-92e7-30507a94659d dfd96e1c91724d7690ea2731fdd634cf 1b881f7b9f7c4cd78c6f218d40039258 - 1999243276c345e2896a70ce545d18ac 1999243276c345e2896a70ce545d18ac] 10.0.20.26 "GET /v2.0/security-groups?id=d0a7db52-e1d9-4202-a578-0909e87b9511 HTTP/1.1" status: 200  len: 2118 time: 0.0954840
2018-09-29 07:33:15.323 19561 DEBUG neutron_lib.callbacks.manager [req-a9757ef3-715d-470b-98b9-a4c419bdd077 - - - - -] Notify callbacks ['neutron.services.segments.db._update_segment_host_mapping_for_agent-8741397254058'] for agent, after_update _notify_loop /usr/lib/python2.7/site-packages/neutron_lib/callbacks/manager.py:167
2018-09-29 07:33:16.517 19550 INFO neutron.wsgi [req-e5d0852d-7100-4c0a-94a1-86b4ea20f514 385405652b74463ca36119e213a84b2c e169fa6db0c147f283ae7c6a936117f3 - default default] 10.0.20.26 "GET /v2.0/ports?tenant_id=1b881f7b9f7c4cd78c6f218d40039258&device_id=c2707e11-047d-439a-b5ea-bff17cbffd31 HTTP/1.1" status: 200  len: 1124 time: 0.1674070
2018-09-29 07:33:16.771 19550 DEBUG neutron.pecan_wsgi.hooks.policy_enforcement [req-9f34d08e-2a71-4ef2-9bc6-4a7ddf504e54 385405652b74463ca36119e213a84b2c e169fa6db0c147f283ae7c6a936117f3 - default default] Attributes excluded by policy engine: [u'vlan_transparent'] _exclude_attributes_by_policy /usr/lib/python2.7/site-packages/neutron/pecan_wsgi/hooks/policy_enforcement.py:256
2018-09-29 07:33:16.774 19550 INFO neutron.wsgi [req-9f34d08e-2a71-4ef2-9bc6-4a7ddf504e54 385405652b74463ca36119e213a84b2c e169fa6db0c147f283ae7c6a936117f3 - default default] 10.0.20.26 "GET /v2.0/networks?id=ac8dd984-b042-4ea7-b3f0-c2701ebe82b5 HTTP/1.1" status: 200  len: 885 time: 0.2409821
2018-09-29 07:33:16.815 19550 INFO neutron.wsgi [req-15a0ff7e-3d5b-4505-b342-860fe5d40c3b 385405652b74463ca36119e213a84b2c e169fa6db0c147f283ae7c6a936117f3 - default default] 10.0.20.26 "GET /v2.0/floatingips?fixed_ip_address=11.61.1.11&port_id=b63111fc-1992-43be-87a2-63277784b95c HTTP/1.1" status: 200  len: 751 time: 0.0352070
2018-09-29 07:33:16.935 19550 DEBUG neutron.pecan_wsgi.hooks.policy_enforcement [req-a0d70871-e14b-48f4-9adf-d32f7eb55d50 385405652b74463ca36119e213a84b2c e169fa6db0c147f283ae7c6a936117f3 - default default] Attributes excluded by policy engine: [u'shared'] _exclude_attributes_by_policy /usr/lib/python2.7/site-packages/neutron/pecan_wsgi/hooks/policy_enforcement.py:256
2018-09-29 07:33:16.937 19550 INFO neutron.wsgi [req-a0d70871-e14b-48f4-9adf-d32f7eb55d50 385405652b74463ca36119e213a84b2c e169fa6db0c147f283ae7c6a936117f3 - default default] 10.0.20.26 "GET /v2.0/subnets?id=acd10f7b-9741-4434-9684-3c3da8163d0a HTTP/1.1" status: 200  len: 843 time: 0.1147139
2018-09-29 07:33:17.057 19550 INFO neutron.wsgi [req-4a03cfc6-bbf3-4928-b023-038b269cd6f8 385405652b74463ca36119e213a84b2c e169fa6db0c147f283ae7c6a936117f3 - default default] 10.0.20.26 "GET /v2.0/ports?network_id=ac8dd984-b042-4ea7-b3f0-c2701ebe82b5&device_owner=network%3Adhcp HTTP/1.1" status: 200  len: 1127 time: 0.1126089
2018-09-29 07:33:24.091 19549 INFO neutron.wsgi [req-8814cd1f-118c-45c7-9787-98bee6d2ee64 dfd96e1c91724d7690ea2731fdd634cf 1b881f7b9f7c4cd78c6f218d40039258 - 1999243276c345e2896a70ce545d18ac 1999243276c345e2896a70ce545d18ac] 10.0.20.26 "GET /v2.0/ports?device_id=c2707e11-047d-439a-b5ea-bff17cbffd31 HTTP/1.1" status: 200  len: 1124 time: 1.0039160
2018-09-29 07:33:24.242 19549 INFO neutron.wsgi [req-3bc3d259-7f79-4162-ad63-ff9bdae3a4c0 dfd96e1c91724d7690ea2731fdd634cf 1b881f7b9f7c4cd78c6f218d40039258 - 1999243276c345e2896a70ce545d18ac 1999243276c345e2896a70ce545d18ac] 10.0.20.26 "GET /v2.0/security-groups?id=d0a7db52-e1d9-4202-a578-0909e87b9511 HTTP/1.1" status: 200  len: 2118 time: 0.1390100
2018-09-29 07:33:24.588 19555 DEBUG neutron_lib.callbacks.manager [req-735c52a0-7c0d-47d9-85d8-dd4a25048759 - - - - -] Notify callbacks ['neutron.services.segments.db._update_segment_host_mapping_for_agent-8741397254058'] for agent, after_update _notify_loop /usr/lib/python2.7/site-packages/neutron_lib/callbacks/manager.py:167
2018-09-29 07:33:25.530 19556 DEBUG neutron_lib.callbacks.manager [req-3eccacfc-604e-4622-bd58-b94cc6376e60 - - - - -] Notify callbacks ['neutron.services.segments.db._update_segment_host_mapping_for_agent-8741397254058'] for agent, after_update _notify_loop /usr/lib/python2.7/site-packages/neutron_lib/callbacks/manager.py:167
2018-09-29 07:33:25.566 19551 DEBUG neutron_lib.callbacks.manager [req-c520aad8-f95d-4b76-ba9e-8e08860c9926 - - - - -] Notify callbacks ['neutron.services.segments.db._update_segment_host_mapping_for_agent-8741397254058'] for agent, after_update _notify_loop /usr/lib/python2.7/site-packages/neutron_lib/callbacks/manager.py:167
2018-09-29 07:33:32.575 19549 INFO neutron.wsgi [req-3de26cf3-1110-467b-b173-e2a310f51bc5 dfd96e1c91724d7690ea2731fdd634cf 1b881f7b9f7c4cd78c6f218d40039258 - 1999243276c345e2896a70ce545d18ac 1999243276c345e2896a70ce545d18ac] 10.0.20.26 "GET /v2.0/ports?device_id=c2707e11-047d-439a-b5ea-bff17cbffd31 HTTP/1.1" status: 200  len: 1124 time: 0.5178430
2018-09-29 07:33:32.682 19549 INFO neutron.wsgi [req-6e11b1f2-d76b-4bd3-b97a-6582b8858e9a dfd96e1c91724d7690ea2731fdd634cf 1b881f7b9f7c4cd78c6f218d40039258 - 1999243276c345e2896a70ce545d18ac 1999243276c345e2896a70ce545d18ac] 10.0.20.26 "GET /v2.0/security-groups?id=d0a7db52-e1d9-4202-a578-0909e87b9511 HTTP/1.1" status: 200  len: 2118 time: 0.1011238
2018-09-29 07:33:40.344 19553 DEBUG neutron_lib.callbacks.manager [req-e2c854c2-d898-4721-b35f-cc54122759ed - - - - -] Notify callbacks ['neutron.services.segments.db._update_segment_host_mapping_for_agent-8741397254058'] for agent, after_update _notify_loop /usr/lib/python2.7/site-packages/neutron_lib/callbacks/manager.py:167
2018-09-29 07:33:44.262 19544 INFO neutron.wsgi [req-9cf8e164-5269-49e0-b2f8-f0e3410cbdaa dfd96e1c91724d7690ea2731fdd634cf 1b881f7b9f7c4cd78c6f218d40039258 - 1999243276c345e2896a70ce545d18ac 1999243276c345e2896a70ce545d18ac] 10.0.20.26 "GET /v2.0/ports?device_id=c2707e11-047d-439a-b5ea-bff17cbffd31 HTTP/1.1" status: 200  len: 1124 time: 0.6729472
2018-09-29 07:33:45.031 19544 INFO neutron.wsgi [req-c4221fdf-d46e-4acb-a941-908efefc0dff dfd96e1c91724d7690ea2731fdd634cf 1b881f7b9f7c4cd78c6f218d40039258 - 1999243276c345e2896a70ce545d18ac 1999243276c345e2896a70ce545d18ac] 10.0.20.26 "GET /v2.0/security-groups?id=d0a7db52-e1d9-4202-a578-0909e87b9511 HTTP/1.1" status: 200  len: 2118 time: 0.7622261
2018-09-29 07:33:45.356 19558 DEBUG neutron_lib.callbacks.manager [req-a9757ef3-715d-470b-98b9-a4c419bdd077 - - - - -] Notify callbacks ['neutron.services.segments.db._update_segment_host_mapping_for_agent-8741397254058'] for agent, after_update _notify_loop /usr/lib/python2.7/site-packages/neutron_lib/callbacks/manager.py:167
2018-09-29 07:33:47.237 19562 DEBUG neutron.db.agents_db [req-5bd7d797-8d99-4005-9b59-038bd9b7ab6d - - - - -] Agent healthcheck: found 5 active agents agent_health_check /usr/lib/python2.7/site-packages/neutron/db/agents_db.py:281
2018-09-29 07:33:54.588 19559 DEBUG neutron_lib.callbacks.manager [req-57b7f56d-71c1-4c84-a5c3-b9bd6325259d - - - - -] Notify callbacks ['neutron.services.segments.db._update_segment_host_mapping_for_agent-8741397254058'] for agent, after_update _notify_loop /usr/lib/python2.7/site-packages/neutron_lib/callbacks/manager.py:167
2018-09-29 07:33:55.530 19552 DEBUG neutron_lib.callbacks.manager [req-3eccacfc-604e-4622-bd58-b94cc6376e60 - - - - -] Notify callbacks ['neutron.services.segments.db._update_segment_host_mapping_for_agent-8741397254058'] for agent, after_update _notify_loop /usr/lib/python2.7/site-packages/neutron_lib/callbacks/manager.py:167
2018-09-29 07:33:55.568 19554 DEBUG neutron_lib.callbacks.manager [req-883d906b-5d0f-42a6-bc87-65fb3c80794c - - - - -] Notify callbacks ['neutron.services.segments.db._update_segment_host_mapping_for_agent-8741397254058'] for agent, after_update _notify_loop /usr/lib/python2.7/site-packages/neutron_lib/callbacks/manager.py:167
2018-09-29 07:33:56.731 19548 INFO neutron.wsgi [req-34415ea5-4f07-4527-9455-eea18e506361 dfd96e1c91724d7690ea2731fdd634cf 1b881f7b9f7c4cd78c6f218d40039258 - 1999243276c345e2896a70ce545d18ac 1999243276c345e2896a70ce545d18ac] 10.0.20.26 "GET /v2.0/ports?device_id=c2707e11-047d-439a-b5ea-bff17cbffd31 HTTP/1.1" status: 200  len: 1124 time: 1.1984379
2018-09-29 07:33:56.859 19548 INFO neutron.wsgi [req-2411dc75-ec24-42f4-a7c6-555c3d557fe8 dfd96e1c91724d7690ea2731fdd634cf 1b881f7b9f7c4cd78c6f218d40039258 - 1999243276c345e2896a70ce545d18ac 1999243276c345e2896a70ce545d18ac] 10.0.20.26 "GET /v2.0/security-groups?id=d0a7db52-e1d9-4202-a578-0909e87b9511 HTTP/1.1" status: 200  len: 2118 time: 0.1212821
2018-09-29 07:34:10.349 19561 DEBUG neutron_lib.callbacks.manager [req-e2c854c2-d898-4721-b35f-cc54122759ed - - - - -] Notify callbacks ['neutron.services.segments.db._update_segment_host_mapping_for_agent-8741397254058'] for agent, after_update _notify_loop /usr/lib/python2.7/site-packages/neutron_lib/callbacks/manager.py:167
2018-09-29 07:34:11.063 19549 INFO neutron.wsgi [req-0c63df08-77da-484d-aa02-b666b5979469 dfd96e1c91724d7690ea2731fdd634cf 1b881f7b9f7c4cd78c6f218d40039258 - 1999243276c345e2896a70ce545d18ac 1999243276c345e2896a70ce545d18ac] 10.0.20.26 "GET /v2.0/ports?device_id=c2707e11-047d-439a-b5ea-bff17cbffd31 HTTP/1.1" status: 200  len: 1124 time: 0.5879960
2018-09-29 07:34:11.183 19549 INFO neutron.wsgi [req-28199a32-63e6-458d-87de-252c448da7bf dfd96e1c91724d7690ea2731fdd634cf 1b881f7b9f7c4cd78c6f218d40039258 - 1999243276c345e2896a70ce545d18ac 1999243276c345e2896a70ce545d18ac] 10.0.20.26 "GET /v2.0/security-groups?id=d0a7db52-e1d9-4202-a578-0909e87b9511 HTTP/1.1" status: 200  len: 2118 time: 0.1132519
2018-09-29 07:34:15.326 19555 DEBUG neutron_lib.callbacks.manager [req-a9757ef3-715d-470b-98b9-a4c419bdd077 - - - - -] Notify callbacks ['neutron.services.segments.db._update_segment_host_mapping_for_agent-8741397254058'] for agent, after_update _notify_loop /usr/lib/python2.7/site-packages/neutron_lib/callbacks/manager.py:167
2018-09-29 07:34:15.864 19550 INFO neutron.wsgi [req-9a353fb0-25bd-4cd9-89b4-6d20fc2eff9e 385405652b74463ca36119e213a84b2c e169fa6db0c147f283ae7c6a936117f3 - default default] 10.0.20.26 "GET /v2.0/ports?tenant_id=1b881f7b9f7c4cd78c6f218d40039258&device_id=c2707e11-047d-439a-b5ea-bff17cbffd31 HTTP/1.1" status: 200  len: 1124 time: 0.1221640
2018-09-29 07:34:16.064 19550 DEBUG neutron.pecan_wsgi.hooks.policy_enforcement [req-40dba253-6746-4bb3-8862-b9539e11f5e0 385405652b74463ca36119e213a84b2c e169fa6db0c147f283ae7c6a936117f3 - default default] Attributes excluded by policy engine: [u'vlan_transparent'] _exclude_attributes_by_policy /usr/lib/python2.7/site-packages/neutron/pecan_wsgi/hooks/policy_enforcement.py:256
2018-09-29 07:34:16.066 19550 INFO neutron.wsgi [req-40dba253-6746-4bb3-8862-b9539e11f5e0 385405652b74463ca36119e213a84b2c e169fa6db0c147f283ae7c6a936117f3 - default default] 10.0.20.26 "GET /v2.0/networks?id=ac8dd984-b042-4ea7-b3f0-c2701ebe82b5 HTTP/1.1" status: 200  len: 885 time: 0.1958530
2018-09-29 07:34:16.108 19550 INFO neutron.wsgi [req-328623eb-1b03-4a42-aaef-01ce3e4177c8 385405652b74463ca36119e213a84b2c e169fa6db0c147f283ae7c6a936117f3 - default default] 10.0.20.26 "GET /v2.0/floatingips?fixed_ip_address=11.61.1.11&port_id=b63111fc-1992-43be-87a2-63277784b95c HTTP/1.1" status: 200  len: 751 time: 0.0361738
2018-09-29 07:34:16.238 19550 DEBUG neutron.pecan_wsgi.hooks.policy_enforcement [req-bed14ff8-17ca-4a25-bf69-fe56f8801577 385405652b74463ca36119e213a84b2c e169fa6db0c147f283ae7c6a936117f3 - default default] Attributes excluded by policy engine: [u'shared'] _exclude_attributes_by_policy /usr/lib/python2.7/site-packages/neutron/pecan_wsgi/hooks/policy_enforcement.py:256
2018-09-29 07:34:16.240 19550 INFO neutron.wsgi [req-bed14ff8-17ca-4a25-bf69-fe56f8801577 385405652b74463ca36119e213a84b2c e169fa6db0c147f283ae7c6a936117f3 - default default] 10.0.20.26 "GET /v2.0/subnets?id=acd10f7b-9741-4434-9684-3c3da8163d0a HTTP/1.1" status: 200  len: 843 time: 0.1240189
2018-09-29 07:34:16.350 19550 INFO neutron.wsgi [req-02e6a043-2fc1-457b-b6ac-feb9777f6280 385405652b74463ca36119e213a84b2c e169fa6db0c147f283ae7c6a936117f3 - default default] 10.0.20.26 "GET /v2.0/ports?network_id=ac8dd984-b042-4ea7-b3f0-c2701ebe82b5&device_owner=network%3Adhcp HTTP/1.1" status: 200  len: 1127 time: 0.1031380
2018-09-29 07:34:21.710 19549 INFO neutron.wsgi [req-53cfcdc7-d056-4297-a2f1-5eed8643bc9a dfd96e1c91724d7690ea2731fdd634cf 1b881f7b9f7c4cd78c6f218d40039258 - 1999243276c345e2896a70ce545d18ac 1999243276c345e2896a70ce545d18ac] 10.0.20.26 "GET /v2.0/ports?device_id=c2707e11-047d-439a-b5ea-bff17cbffd31 HTTP/1.1" status: 200  len: 1124 time: 0.5308499
2018-09-29 07:34:21.821 19549 INFO neutron.wsgi [req-a5f96280-5542-4749-a815-6a0620005a4d dfd96e1c91724d7690ea2731fdd634cf 1b881f7b9f7c4cd78c6f218d40039258 - 1999243276c345e2896a70ce545d18ac 1999243276c345e2896a70ce545d18ac] 10.0.20.26 "GET /v2.0/security-groups?id=d0a7db52-e1d9-4202-a578-0909e87b9511 HTTP/1.1" status: 200  len: 2118 time: 0.1055620
2018-09-29 07:34:22.511 19550 INFO neutron.wsgi [req-1804c1a8-9aac-4646-b36b-28224edb1dd5 385405652b74463ca36119e213a84b2c e169fa6db0c147f283ae7c6a936117f3 - default default] 10.0.20.26 "GET /v2.0/ports?tenant_id=1b881f7b9f7c4cd78c6f218d40039258&device_id=c2707e11-047d-439a-b5ea-bff17cbffd31 HTTP/1.1" status: 200  len: 1124 time: 0.1232991
2018-09-29 07:34:22.740 19550 DEBUG neutron.pecan_wsgi.hooks.policy_enforcement [req-5e9acf88-cc50-41db-8490-99bfedaeac83 385405652b74463ca36119e213a84b2c e169fa6db0c147f283ae7c6a936117f3 - default default] Attributes excluded by policy engine: [u'vlan_transparent'] _exclude_attributes_by_policy /usr/lib/python2.7/site-packages/neutron/pecan_wsgi/hooks/policy_enforcement.py:256
2018-09-29 07:34:22.746 19550 INFO neutron.wsgi [req-5e9acf88-cc50-41db-8490-99bfedaeac83 385405652b74463ca36119e213a84b2c e169fa6db0c147f283ae7c6a936117f3 - default default] 10.0.20.26 "GET /v2.0/networks?id=ac8dd984-b042-4ea7-b3f0-c2701ebe82b5 HTTP/1.1" status: 200  len: 885 time: 0.2262220
2018-09-29 07:34:22.805 19550 INFO neutron.wsgi [req-a50c032d-48cd-4468-b415-f48e4453c452 385405652b74463ca36119e213a84b2c e169fa6db0c147f283ae7c6a936117f3 - default default] 10.0.20.26 "GET /v2.0/floatingips?fixed_ip_address=11.61.1.11&port_id=b63111fc-1992-43be-87a2-63277784b95c HTTP/1.1" status: 200  len: 751 time: 0.0521002
2018-09-29 07:34:22.940 19550 DEBUG neutron.pecan_wsgi.hooks.policy_enforcement [req-0833ea99-9902-404f-b256-7a92b06476b4 385405652b74463ca36119e213a84b2c e169fa6db0c147f283ae7c6a936117f3 - default default] Attributes excluded by policy engine: [u'shared'] _exclude_attributes_by_policy /usr/lib/python2.7/site-packages/neutron/pecan_wsgi/hooks/policy_enforcement.py:256
2018-09-29 07:34:22.943 19550 INFO neutron.wsgi [req-0833ea99-9902-404f-b256-7a92b06476b4 385405652b74463ca36119e213a84b2c e169fa6db0c147f283ae7c6a936117f3 - default default] 10.0.20.26 "GET /v2.0/subnets?id=acd10f7b-9741-4434-9684-3c3da8163d0a HTTP/1.1" status: 200  len: 843 time: 0.1323452
2018-09-29 07:34:23.058 19550 INFO neutron.wsgi [req-5e80d2c7-ffba-4df2-9180-b7da592b818f 385405652b74463ca36119e213a84b2c e169fa6db0c147f283ae7c6a936117f3 - default default] 10.0.20.26 "GET /v2.0/ports?network_id=ac8dd984-b042-4ea7-b3f0-c2701ebe82b5&device_owner=network%3Adhcp HTTP/1.1" status: 200  len: 1127 time: 0.1086011
2018-09-29 07:34:24.252 19562 DEBUG neutron.db.agents_db [req-5bd7d797-8d99-4005-9b59-038bd9b7ab6d - - - - -] Agent healthcheck: found 5 active agents agent_health_check /usr/lib/python2.7/site-packages/neutron/db/agents_db.py:281
2018-09-29 07:34:24.590 19556 DEBUG neutron_lib.callbacks.manager [req-796f392e-8264-45d9-8bc9-67b05f2546eb - - - - -] Notify callbacks ['neutron.services.segments.db._update_segment_host_mapping_for_agent-8741397254058'] for agent, after_update _notify_loop /usr/lib/python2.7/site-packages/neutron_lib/callbacks/manager.py:167
2018-09-29 07:34:25.539 19551 DEBUG neutron_lib.callbacks.manager [req-3eccacfc-604e-4622-bd58-b94cc6376e60 - - - - -] Notify callbacks ['neutron.services.segments.db._update_segment_host_mapping_for_agent-8741397254058'] for agent, after_update _notify_loop /usr/lib/python2.7/site-packages/neutron_lib/callbacks/manager.py:167
2018-09-29 07:34:25.582 19553 DEBUG neutron_lib.callbacks.manager [req-4aa31aac-de36-4a44-8abb-3d3134f8579d - - - - -] Notify callbacks ['neutron.services.segments.db._update_segment_host_mapping_for_agent-8741397254058'] for agent, after_update _notify_loop /usr/lib/python2.7/site-packages/neutron_lib/callbacks/manager.py:167
2018-09-29 07:34:26.070 19559 DEBUG neutron.plugins.ml2.rpc [req-a9757ef3-715d-470b-98b9-a4c419bdd077 - - - - -] Device b63111fc-1992-43be-87a2-63277784b95c no longer exists at agent ovs-agent-localhost.localdomain update_device_down /usr/lib/python2.7/site-packages/neutron/plugins/ml2/rpc.py:213
