2018-09-29 12:43:41.416 8794 INFO neutron.wsgi [req-8195f876-82f1-4df7-bbb8-fece1645080b 6041b01c631d425d829cf96874ce50bf 671ea1986554476bbcaa620e00697d23 - default default] 10.0.20.25 "GET /v2.0/security-groups?id=126924ae-d4e4-4395-b42e-f3c430d7178b HTTP/1.1" status: 200  len: 2118 time: 0.1121480
2018-09-29 12:43:43.358 8799 INFO neutron.wsgi [req-fbd056f2-2117-4651-a323-cac685b1383d 6041b01c631d425d829cf96874ce50bf 671ea1986554476bbcaa620e00697d23 - default default] 10.0.20.25 "GET /v2.0/ports?device_id=c3d8bff6-6bd3-40ec-9ede-7b5326240952 HTTP/1.1" status: 200  len: 1124 time: 0.7134459
2018-09-29 12:43:43.533 8799 INFO neutron.wsgi [req-6ea1d74c-ebc4-4afc-a41a-8961c78e0783 6041b01c631d425d829cf96874ce50bf 671ea1986554476bbcaa620e00697d23 - default default] 10.0.20.25 "GET /v2.0/security-groups?id=126924ae-d4e4-4395-b42e-f3c430d7178b HTTP/1.1" status: 200  len: 2118 time: 0.1635659
2018-09-29 12:43:45.954 8799 INFO neutron.wsgi [req-c19c5b0b-4b88-48cb-89ff-86a9545b3f75 6041b01c631d425d829cf96874ce50bf 671ea1986554476bbcaa620e00697d23 - default default] 10.0.20.25 "GET /v2.0/ports?device_id=c3d8bff6-6bd3-40ec-9ede-7b5326240952 HTTP/1.1" status: 200  len: 1124 time: 0.8330898
2018-09-29 12:43:46.113 8799 INFO neutron.wsgi [req-6d16f085-9d49-4c21-8973-508c8e76e19d 6041b01c631d425d829cf96874ce50bf 671ea1986554476bbcaa620e00697d23 - default default] 10.0.20.25 "GET /v2.0/security-groups?id=126924ae-d4e4-4395-b42e-f3c430d7178b HTTP/1.1" status: 200  len: 2118 time: 0.1462932
2018-09-29 12:43:48.416 8810 DEBUG neutron_lib.callbacks.manager [req-c06928fe-9b6d-437d-8eeb-c5b36fbdb81d - - - - -] Notify callbacks ['neutron.services.segments.db._update_segment_host_mapping_for_agent-8750676344385'] for agent, after_update _notify_loop /usr/lib/python2.7/site-packages/neutron_lib/callbacks/manager.py:167
2018-09-29 12:43:48.988 8796 INFO neutron.wsgi [req-2a534397-b3ac-4d61-b174-6d8f63adef03 6041b01c631d425d829cf96874ce50bf 671ea1986554476bbcaa620e00697d23 - default default] 10.0.20.25 "GET /v2.0/ports?device_id=c3d8bff6-6bd3-40ec-9ede-7b5326240952 HTTP/1.1" status: 200  len: 1124 time: 0.1638451
2018-09-29 12:43:49.098 8796 INFO neutron.wsgi [req-fba7eef1-4cfb-40b0-a2f0-71d6385021b8 6041b01c631d425d829cf96874ce50bf 671ea1986554476bbcaa620e00697d23 - default default] 10.0.20.25 "GET /v2.0/security-groups?id=126924ae-d4e4-4395-b42e-f3c430d7178b HTTP/1.1" status: 200  len: 2118 time: 0.0960870
2018-09-29 12:43:49.189 8801 DEBUG neutron_lib.callbacks.manager [req-540382af-535d-4b7e-9aaf-fc001de6f793 - - - - -] Notify callbacks ['neutron.services.segments.db._update_segment_host_mapping_for_agent-8750676344385'] for agent, after_update _notify_loop /usr/lib/python2.7/site-packages/neutron_lib/callbacks/manager.py:167
2018-09-29 12:43:57.011 8803 DEBUG neutron_lib.callbacks.manager [req-e794dc3e-8650-4245-8d1b-c2c5d151ad89 - - - - -] Notify callbacks ['neutron.services.segments.db._update_segment_host_mapping_for_agent-8750676344385'] for agent, after_update _notify_loop /usr/lib/python2.7/site-packages/neutron_lib/callbacks/manager.py:167
2018-09-29 12:43:57.024 8812 DEBUG neutron.db.agents_db [req-368ccd3c-1913-40ae-82ae-41e0d42696e4 - - - - -] Agent healthcheck: found 5 active agents agent_health_check /usr/lib/python2.7/site-packages/neutron/db/agents_db.py:281
2018-09-29 12:43:57.816 8806 DEBUG neutron_lib.callbacks.manager [req-6a5d108f-8403-4aef-b0b4-c53feb9a7bd5 - - - - -] Notify callbacks ['neutron.services.segments.db._update_segment_host_mapping_for_agent-8750676344385'] for agent, after_update _notify_loop /usr/lib/python2.7/site-packages/neutron_lib/callbacks/manager.py:167
2018-09-29 12:44:05.067 8804 DEBUG neutron_lib.callbacks.manager [req-093e0ea5-8d7f-44b5-b364-97dcaf89ece2 - - - - -] Notify callbacks ['neutron.services.segments.db._update_segment_host_mapping_for_agent-8750676344385'] for agent, after_update _notify_loop /usr/lib/python2.7/site-packages/neutron_lib/callbacks/manager.py:167
2018-09-29 12:44:09.070 8794 INFO neutron.wsgi [req-172d88e4-74ce-44f5-87b8-e9588840ac9e 6041b01c631d425d829cf96874ce50bf 671ea1986554476bbcaa620e00697d23 - default default] 10.0.20.25 "GET /v2.0/ports?tenant_id=b7cb5a03bd1b45069394c794112dd4ee&device_id=fec64dc4-e0a6-4f42-9103-11836b0ea09e HTTP/1.1" status: 200  len: 1124 time: 0.1314962
2018-09-29 12:44:09.332 8794 DEBUG neutron.pecan_wsgi.hooks.policy_enforcement [req-af65015e-f9ca-4e58-9987-3e7125f0bc37 6041b01c631d425d829cf96874ce50bf 671ea1986554476bbcaa620e00697d23 - default default] Attributes excluded by policy engine: [u'vlan_transparent'] _exclude_attributes_by_policy /usr/lib/python2.7/site-packages/neutron/pecan_wsgi/hooks/policy_enforcement.py:256
2018-09-29 12:44:09.334 8794 INFO neutron.wsgi [req-af65015e-f9ca-4e58-9987-3e7125f0bc37 6041b01c631d425d829cf96874ce50bf 671ea1986554476bbcaa620e00697d23 - default default] 10.0.20.25 "GET /v2.0/networks?id=7bac259f-f8bd-4417-a9a9-0b5a8f0173c2 HTTP/1.1" status: 200  len: 885 time: 0.2590749
2018-09-29 12:44:09.385 8794 INFO neutron.wsgi [req-b8329399-e55f-4ac2-bac0-48cb3c9d8608 6041b01c631d425d829cf96874ce50bf 671ea1986554476bbcaa620e00697d23 - default default] 10.0.20.25 "GET /v2.0/floatingips?fixed_ip_address=11.40.1.11&port_id=a73554a0-d9d6-4009-828e-843dee47d454 HTTP/1.1" status: 200  len: 750 time: 0.0415242
2018-09-29 12:44:09.561 8794 DEBUG neutron.pecan_wsgi.hooks.policy_enforcement [req-60033845-a387-432d-b40b-43aed75f874b 6041b01c631d425d829cf96874ce50bf 671ea1986554476bbcaa620e00697d23 - default default] Attributes excluded by policy engine: [u'shared'] _exclude_attributes_by_policy /usr/lib/python2.7/site-packages/neutron/pecan_wsgi/hooks/policy_enforcement.py:256
2018-09-29 12:44:09.564 8794 INFO neutron.wsgi [req-60033845-a387-432d-b40b-43aed75f874b 6041b01c631d425d829cf96874ce50bf 671ea1986554476bbcaa620e00697d23 - default default] 10.0.20.25 "GET /v2.0/subnets?id=0746fdfa-90cb-4298-bac8-fc682910a9b6 HTTP/1.1" status: 200  len: 843 time: 0.1706390
2018-09-29 12:44:10.111 8794 INFO neutron.wsgi [req-2dff1ec6-c0b5-4e26-a313-4cfbbb5b4b70 6041b01c631d425d829cf96874ce50bf 671ea1986554476bbcaa620e00697d23 - default default] 10.0.20.25 "GET /v2.0/ports?network_id=7bac259f-f8bd-4417-a9a9-0b5a8f0173c2&device_owner=network%3Adhcp HTTP/1.1" status: 200  len: 1127 time: 0.5396409
2018-09-29 12:44:14.386 8790 DEBUG neutron.wsgi [-] (8790) accepted ('10.0.20.25', 41976) server /usr/lib/python2.7/site-packages/eventlet/wsgi.py:883
2018-09-29 12:44:14.394 8790 INFO neutron.wsgi [-] 10.0.20.25 "GET / HTTP/1.1" status: 200  len: 252 time: 0.0044231
2018-09-29 12:44:15.009 8790 INFO neutron.api.v2.resource [req-d982e623-ee1c-4b12-975c-ec1183a3e26e 31f7972edbe1496b86b7a6754f1d0946 4502fe3d5c61412388da363ae7c69ab3 - d60c8050f38040f2bcd8c169952b985b d60c8050f38040f2bcd8c169952b985b] show failed (client error): The resource could not be found.
2018-09-29 12:44:15.012 8790 INFO neutron.wsgi [req-d982e623-ee1c-4b12-975c-ec1183a3e26e 31f7972edbe1496b86b7a6754f1d0946 4502fe3d5c61412388da363ae7c69ab3 - d60c8050f38040f2bcd8c169952b985b d60c8050f38040f2bcd8c169952b985b] 10.0.20.25 "GET /v2.0/floatingips/172.24.4.9 HTTP/1.1" status: 404  len: 324 time: 0.6087680
2018-09-29 12:44:15.078 8790 INFO neutron.wsgi [req-6f97e7d8-f66c-4ff3-b1fb-0a974afee598 31f7972edbe1496b86b7a6754f1d0946 4502fe3d5c61412388da363ae7c69ab3 - d60c8050f38040f2bcd8c169952b985b d60c8050f38040f2bcd8c169952b985b] 10.0.20.25 "GET /v2.0/floatingips HTTP/1.1" status: 200  len: 1742 time: 0.0562780
2018-09-29 12:44:15.269 8790 DEBUG neutron.plugins.ml2.plugin [req-5bea49ee-dfdf-4b34-b4f5-32d1976491e4 31f7972edbe1496b86b7a6754f1d0946 4502fe3d5c61412388da363ae7c69ab3 - d60c8050f38040f2bcd8c169952b985b d60c8050f38040f2bcd8c169952b985b] Deleting port 949c2442-30f7-4514-8e6c-c08c2a25bb3a _pre_delete_port /usr/lib/python2.7/site-packages/neutron/plugins/ml2/plugin.py:1488
2018-09-29 12:44:15.271 8790 DEBUG neutron_lib.callbacks.manager [req-5bea49ee-dfdf-4b34-b4f5-32d1976491e4 31f7972edbe1496b86b7a6754f1d0946 4502fe3d5c61412388da363ae7c69ab3 - d60c8050f38040f2bcd8c169952b985b d60c8050f38040f2bcd8c169952b985b] Notify callbacks ['neutron.db.l3_db._prevent_l3_port_delete_callback-8750676543989'] for port, before_delete _notify_loop /usr/lib/python2.7/site-packages/neutron_lib/callbacks/manager.py:167
2018-09-29 12:44:15.813 8790 DEBUG neutron.plugins.ml2.plugin [req-5bea49ee-dfdf-4b34-b4f5-32d1976491e4 31f7972edbe1496b86b7a6754f1d0946 4502fe3d5c61412388da363ae7c69ab3 - d60c8050f38040f2bcd8c169952b985b d60c8050f38040f2bcd8c169952b985b] Calling delete_port for 949c2442-30f7-4514-8e6c-c08c2a25bb3a owned by network:floatingip delete_port /usr/lib/python2.7/site-packages/neutron/plugins/ml2/plugin.py:1547
2018-09-29 12:44:16.247 8790 DEBUG neutron_lib.callbacks.manager [req-5bea49ee-dfdf-4b34-b4f5-32d1976491e4 31f7972edbe1496b86b7a6754f1d0946 4502fe3d5c61412388da363ae7c69ab3 - d60c8050f38040f2bcd8c169952b985b d60c8050f38040f2bcd8c169952b985b] Notify callbacks ['neutron.db.l3_dvrscheduler_db._notify_port_delete--9223363286178794003', 'neutron.db.l3_db._notify_routers_callback--9223363286178254129', 'neutron.plugins.ml2.ovo_rpc._ObjectChangeHandler.handle_event-1635603', 'neutron.api.rpc.agentnotifiers.dhcp_rpc_agent_api.DhcpAgentNotifyAPI._native_event_send_dhcp_notification-1484714', 'neutron.plugins.ml2.plugin.Ml2Plugin.notify_sg_on_port_change-511128'] for port, after_delete _notify_loop /usr/lib/python2.7/site-packages/neutron_lib/callbacks/manager.py:167
2018-09-29 12:44:16.354 8790 DEBUG oslo_concurrency.lockutils [-] Lock "event-dispatch" acquired by "neutron.plugins.ml2.ovo_rpc.dispatch_events" :: waited 0.000s inner /usr/lib/python2.7/site-packages/oslo_concurrency/lockutils.py:270
2018-09-29 12:44:16.598 8790 DEBUG neutron.api.rpc.handlers.resources_rpc [req-5bea49ee-dfdf-4b34-b4f5-32d1976491e4 31f7972edbe1496b86b7a6754f1d0946 4502fe3d5c61412388da363ae7c69ab3 - - -] neutron.api.rpc.handlers.resources_rpc.ResourcesPushRpcApi method push called with arguments (<neutron_lib.context.Context object at 0x7f56ce244e10>, [Port(admin_state_up=<?>,allowed_address_pairs=<?>,binding=<?>,binding_levels=<?>,created_at=<?>,data_plane_status=<?>,description=<?>,device_id=<?>,device_owner=<?>,dhcp_options=<?>,distributed_binding=<?>,dns=<?>,fixed_ips=<?>,id=949c2442-30f7-4514-8e6c-c08c2a25bb3a,mac_address=<?>,name=<?>,network_id=<?>,project_id=<?>,qos_policy_id=None,revision_number=<?>,security=<?>,security_group_ids=None,status=<?>,updated_at=<?>)], 'deleted') {} wrapper /usr/lib/python2.7/site-packages/oslo_log/helpers.py:66
2018-09-29 12:44:16.656 8790 DEBUG neutron.api.rpc.callbacks.version_manager [req-5bea49ee-dfdf-4b34-b4f5-32d1976491e4 31f7972edbe1496b86b7a6754f1d0946 4502fe3d5c61412388da363ae7c69ab3 - - -] Version for resource type Subnet changed None to 1.0 on consumer Open vSwitch agent@localhost.localdomain _set_version /usr/lib/python2.7/site-packages/neutron/api/rpc/callbacks/version_manager.py:119
2018-09-29 12:44:16.657 8790 DEBUG neutron.api.rpc.callbacks.version_manager [req-5bea49ee-dfdf-4b34-b4f5-32d1976491e4 31f7972edbe1496b86b7a6754f1d0946 4502fe3d5c61412388da363ae7c69ab3 - - -] Version for resource type Network changed None to 1.0 on consumer Open vSwitch agent@localhost.localdomain _set_version /usr/lib/python2.7/site-packages/neutron/api/rpc/callbacks/version_manager.py:119
2018-09-29 12:44:16.658 8790 DEBUG neutron.api.rpc.callbacks.version_manager [req-5bea49ee-dfdf-4b34-b4f5-32d1976491e4 31f7972edbe1496b86b7a6754f1d0946 4502fe3d5c61412388da363ae7c69ab3 - - -] Version for resource type SubPort changed None to 1.0 on consumer Open vSwitch agent@localhost.localdomain _set_version /usr/lib/python2.7/site-packages/neutron/api/rpc/callbacks/version_manager.py:119
2018-09-29 12:44:16.658 8790 DEBUG neutron.api.rpc.callbacks.version_manager [req-5bea49ee-dfdf-4b34-b4f5-32d1976491e4 31f7972edbe1496b86b7a6754f1d0946 4502fe3d5c61412388da363ae7c69ab3 - - -] Version for resource type SecurityGroup changed None to 1.0 on consumer Open vSwitch agent@localhost.localdomain _set_version /usr/lib/python2.7/site-packages/neutron/api/rpc/callbacks/version_manager.py:119
2018-09-29 12:44:16.659 8790 DEBUG neutron.api.rpc.callbacks.version_manager [req-5bea49ee-dfdf-4b34-b4f5-32d1976491e4 31f7972edbe1496b86b7a6754f1d0946 4502fe3d5c61412388da363ae7c69ab3 - - -] Version for resource type SecurityGroupRule changed None to 1.0 on consumer Open vSwitch agent@localhost.localdomain _set_version /usr/lib/python2.7/site-packages/neutron/api/rpc/callbacks/version_manager.py:119
2018-09-29 12:44:16.660 8790 DEBUG neutron.api.rpc.callbacks.version_manager [req-5bea49ee-dfdf-4b34-b4f5-32d1976491e4 31f7972edbe1496b86b7a6754f1d0946 4502fe3d5c61412388da363ae7c69ab3 - - -] Version for resource type Trunk changed None to 1.1 on consumer Open vSwitch agent@localhost.localdomain _set_version /usr/lib/python2.7/site-packages/neutron/api/rpc/callbacks/version_manager.py:119
2018-09-29 12:44:16.661 8790 DEBUG neutron.api.rpc.callbacks.version_manager [req-5bea49ee-dfdf-4b34-b4f5-32d1976491e4 31f7972edbe1496b86b7a6754f1d0946 4502fe3d5c61412388da363ae7c69ab3 - - -] Version for resource type QosPolicy changed None to 1.6 on consumer Open vSwitch agent@localhost.localdomain _set_version /usr/lib/python2.7/site-packages/neutron/api/rpc/callbacks/version_manager.py:119
2018-09-29 12:44:16.662 8790 DEBUG neutron.api.rpc.callbacks.version_manager [req-5bea49ee-dfdf-4b34-b4f5-32d1976491e4 31f7972edbe1496b86b7a6754f1d0946 4502fe3d5c61412388da363ae7c69ab3 - - -] Version for resource type Port changed None to 1.1 on consumer Open vSwitch agent@localhost.localdomain _set_version /usr/lib/python2.7/site-packages/neutron/api/rpc/callbacks/version_manager.py:119
2018-09-29 12:44:16.663 8790 DEBUG neutron.api.rpc.callbacks.version_manager [req-5bea49ee-dfdf-4b34-b4f5-32d1976491e4 31f7972edbe1496b86b7a6754f1d0946 4502fe3d5c61412388da363ae7c69ab3 - - -] Version for resource type Log changed None to 1.0 on consumer Open vSwitch agent@localhost.localdomain _set_version /usr/lib/python2.7/site-packages/neutron/api/rpc/callbacks/version_manager.py:119
2018-09-29 12:44:16.668 8790 DEBUG neutron.api.rpc.callbacks.version_manager [req-5bea49ee-dfdf-4b34-b4f5-32d1976491e4 31f7972edbe1496b86b7a6754f1d0946 4502fe3d5c61412388da363ae7c69ab3 - - -] Tracked resource versions report:
pushed versions:
{   'Log': set(['1.0']),
    'Network': set(['1.0']),
    'Port': set(['1.1']),
    'QosPolicy': set(['1.6']),
    'SecurityGroup': set(['1.0']),
    'SecurityGroupRule': set(['1.0']),
    'SubPort': set(['1.0']),
    'Subnet': set(['1.0']),
    'Trunk': set(['1.1'])}

consumer versions:
{   DHCP agent@localhost.localdomain: {   },
    L3 agent@localhost.localdomain: {   },
    Metadata agent@localhost.localdomain: {   },
    Metering agent@localhost.localdomain: {   },
    Open vSwitch agent@localhost.localdomain: {   u'Log': u'1.0',
                                                  u'Network': u'1.0',
                                                  u'Port': u'1.1',
                                                  u'QosPolicy': u'1.6',
                                                  u'SecurityGroup': u'1.0',
                                                  u'SecurityGroupRule': u'1.0',
                                                  u'SubPort': u'1.0',
                                                  u'Subnet': u'1.0',
                                                  u'Trunk': u'1.1'}}
 report /usr/lib/python2.7/site-packages/neutron/api/rpc/callbacks/version_manager.py:178
2018-09-29 12:44:17.252 8790 DEBUG oslo_concurrency.lockutils [req-5bea49ee-dfdf-4b34-b4f5-32d1976491e4 31f7972edbe1496b86b7a6754f1d0946 4502fe3d5c61412388da363ae7c69ab3 - - -] Lock "event-dispatch" released by "neutron.plugins.ml2.ovo_rpc.dispatch_events" :: held 0.898s inner /usr/lib/python2.7/site-packages/oslo_concurrency/lockutils.py:282
2018-09-29 12:44:17.887 8790 DEBUG neutron.scheduler.l3_agent_scheduler [req-5bea49ee-dfdf-4b34-b4f5-32d1976491e4 31f7972edbe1496b86b7a6754f1d0946 4502fe3d5c61412388da363ae7c69ab3 - d60c8050f38040f2bcd8c169952b985b d60c8050f38040f2bcd8c169952b985b] Router 2975dca0-3535-4391-9676-72d8215f68dd has already been hosted by L3 agent 4ac0ebe3-010d-4960-b1cd-6ee5ff761291 _get_candidates /usr/lib/python2.7/site-packages/neutron/scheduler/l3_agent_scheduler.py:141
2018-09-29 12:44:18.383 8811 DEBUG neutron_lib.callbacks.manager [req-c06928fe-9b6d-437d-8eeb-c5b36fbdb81d - - - - -] Notify callbacks ['neutron.services.segments.db._update_segment_host_mapping_for_agent-8750676344385'] for agent, after_update _notify_loop /usr/lib/python2.7/site-packages/neutron_lib/callbacks/manager.py:167
2018-09-29 12:44:18.600 8790 DEBUG neutron.api.rpc.agentnotifiers.l3_rpc_agent_api [req-5bea49ee-dfdf-4b34-b4f5-32d1976491e4 31f7972edbe1496b86b7a6754f1d0946 4502fe3d5c61412388da363ae7c69ab3 - d60c8050f38040f2bcd8c169952b985b d60c8050f38040f2bcd8c169952b985b] Notify agent at l3_agent.localhost.localdomain the message routers_updated _agent_notification /usr/lib/python2.7/site-packages/neutron/api/rpc/agentnotifiers/l3_rpc_agent_api.py:69
2018-09-29 12:44:18.670 8790 DEBUG neutron.quota.resource [req-5bea49ee-dfdf-4b34-b4f5-32d1976491e4 31f7972edbe1496b86b7a6754f1d0946 4502fe3d5c61412388da363ae7c69ab3 - d60c8050f38040f2bcd8c169952b985b d60c8050f38040f2bcd8c169952b985b] Persisted dirty status for tenant:4502fe3d5c61412388da363ae7c69ab3 on resource:floatingip mark_dirty /usr/lib/python2.7/site-packages/neutron/quota/resource.py:207
2018-09-29 12:44:18.673 8804 DEBUG neutron.db.l3_hamode_db [req-2ba43445-d582-4c18-b19b-4214c6ccfc52 - - - - -] neutron.services.l3_router.l3_router_plugin.L3RouterPlugin method get_ha_sync_data_for_host called with arguments (<neutron_lib.context.Context object at 0x7f56ce5bacd0>, u'localhost.localdomain', <neutron.db.models.agent.Agent[object at 7f56ce5ba1d0] {id=u'4ac0ebe3-010d-4960-b1cd-6ee5ff761291', agent_type=u'L3 agent', binary=u'neutron-l3-agent', topic=u'l3_agent', host=u'localhost.localdomain', availability_zone=u'nova', admin_state_up=True, created_at=datetime.datetime(2018, 9, 11, 21, 26, 19), started_at=datetime.datetime(2018, 9, 29, 16, 23, 19), heartbeat_timestamp=datetime.datetime(2018, 9, 29, 16, 43, 49), description=None, configurations=u'{"agent_mode": "legacy", "gateway_external_network_id": "", "handle_internal_only_routers": true, "routers": 3, "interfaces": 3, "floating_ips": 2, "interface_driver": "neutron.agent.linux.interface.OVSInterfaceDriver", "log_agent_heartbeats": false, "external_network_bridge": "", "ex_gw_ports": 3}', resource_versions=None, load=0}>) {'active': True, 'router_ids': ['2975dca0-3535-4391-9676-72d8215f68dd']} wrapper /usr/lib/python2.7/site-packages/oslo_log/helpers.py:66
2018-09-29 12:44:18.692 8790 DEBUG neutron.quota.resource [req-5bea49ee-dfdf-4b34-b4f5-32d1976491e4 31f7972edbe1496b86b7a6754f1d0946 4502fe3d5c61412388da363ae7c69ab3 - d60c8050f38040f2bcd8c169952b985b d60c8050f38040f2bcd8c169952b985b] Persisted dirty status for tenant: on resource:port mark_dirty /usr/lib/python2.7/site-packages/neutron/quota/resource.py:207
2018-09-29 12:44:18.699 8790 DEBUG neutron_lib.callbacks.manager [req-5bea49ee-dfdf-4b34-b4f5-32d1976491e4 31f7972edbe1496b86b7a6754f1d0946 4502fe3d5c61412388da363ae7c69ab3 - d60c8050f38040f2bcd8c169952b985b d60c8050f38040f2bcd8c169952b985b] Notify callbacks ['neutron.notifiers.nova.Notifier._send_nova_notification-3011'] for floatingip, before_response _notify_loop /usr/lib/python2.7/site-packages/neutron_lib/callbacks/manager.py:167
2018-09-29 12:44:18.819 8790 INFO neutron.wsgi [req-5bea49ee-dfdf-4b34-b4f5-32d1976491e4 31f7972edbe1496b86b7a6754f1d0946 4502fe3d5c61412388da363ae7c69ab3 - d60c8050f38040f2bcd8c169952b985b d60c8050f38040f2bcd8c169952b985b] 10.0.20.25 "DELETE /v2.0/floatingips/10b9f630-1bb7-4c79-83d7-f77e244ee633 HTTP/1.1" status: 204  len: 173 time: 3.7297220
2018-09-29 12:44:18.822 8790 DEBUG oslo_concurrency.lockutils [-] Lock "notifier-39812e4d-5f6a-4e0c-b4da-1f3dbe987ef6" acquired by "neutron.notifiers.batch_notifier.synced_send" :: waited 0.000s inner /usr/lib/python2.7/site-packages/oslo_concurrency/lockutils.py:270
2018-09-29 12:44:18.823 8790 DEBUG neutron.notifiers.nova [-] Sending events: [{'tag': u'39e92f87-5c23-4850-a237-9590d46f7042', 'name': 'network-changed', 'server_uuid': u'c3d8bff6-6bd3-40ec-9ede-7b5326240952'}] send_events /usr/lib/python2.7/site-packages/neutron/notifiers/nova.py:242
2018-09-29 12:44:19.217 8809 DEBUG neutron_lib.callbacks.manager [req-9625e2a4-ff45-4698-a0aa-2353d8c1dc2a - - - - -] Notify callbacks ['neutron.services.segments.db._update_segment_host_mapping_for_agent-8750676344385'] for agent, after_update _notify_loop /usr/lib/python2.7/site-packages/neutron_lib/callbacks/manager.py:167
2018-09-29 12:44:19.581 8804 DEBUG neutron.db.l3_hamode_db [req-2ba43445-d582-4c18-b19b-4214c6ccfc52 - - - - -] neutron.services.l3_router.l3_router_plugin.L3RouterPlugin method _process_sync_ha_data called with arguments (<neutron_lib.context.Context object at 0x7f56ce5bacd0>, [{'status': u'ACTIVE', '_interfaces': [{'status': u'ACTIVE', 'subnets': [{'dns_nameservers': [u'8.8.4.4'], 'ipv6_ra_mode': None, 'gateway_ip': u'11.160.1.1', 'cidr': u'11.160.1.0/24', 'id': u'c85b3ad4-68e0-4f39-8d86-f06995d1ad1b', 'subnetpool_id': None}], 'binding:host_id': u'localhost.localdomain', 'description': u'', 'allowed_address_pairs': [], 'tags': [], 'extra_dhcp_opts': [], 'updated_at': '2018-09-29T16:39:06Z', 'device_owner': u'network:router_interface', 'revision_number': 7, 'port_security_enabled': False, 'binding:profile': {}, 'mtu': 1450, 'fixed_ips': [{'subnet_id': u'c85b3ad4-68e0-4f39-8d86-f06995d1ad1b', 'prefixlen': 24, 'ip_address': u'11.160.1.1'}], 'id': u'57b4a35c-cb3f-4167-8d35-34d007f75587', 'security_groups': [], 'device_id': u'2975dca0-3535-4391-9676-72d8215f68dd', 'name': u'', 'admin_state_up': True, 'network_id': u'f057d336-f0e3-416f-9df4-38ac6603fb8d', 'tenant_id': u'4502fe3d5c61412388da363ae7c69ab3', 'binding:vif_details': {u'port_filter': True, u'datapath_type': u'system', u'ovs_hybrid_plug': True}, 'address_scopes': {4: None, 6: None}, 'binding:vnic_type': u'normal', 'binding:vif_type': u'ovs', 'mac_address': u'fa:16:3e:1e:0f:1e', 'project_id': u'4502fe3d5c61412388da363ae7c69ab3', 'extra_subnets': [], 'created_at': '2018-09-29T16:38:57Z'}], 'enable_snat': True, 'ha_vr_id': 0, 'description': u'', 'tags': [], 'gw_port': {'status': u'ACTIVE', 'subnets': [{'dns_nameservers': [], 'ipv6_ra_mode': None, 'gateway_ip': u'172.24.4.1', 'cidr': u'172.24.4.0/24', 'id': u'a3f065d6-c694-4228-b2c0-49725a850924', 'subnetpool_id': None}], 'binding:host_id': u'localhost.localdomain', 'description': u'', 'allowed_address_pairs': [], 'tags': [], 'extra_dhcp_opts': [], 'updated_at': '2018-09-29T16:39:20Z', 'device_owner': u'network:router_gateway', 'revision_number': 6, 'port_security_enabled': False, 'binding:profile': {}, 'mtu': 1500, 'fixed_ips': [{'subnet_id': u'a3f065d6-c694-4228-b2c0-49725a850924', 'prefixlen': 24, 'ip_address': u'172.24.4.10'}], 'id': u'0ea4c1a5-f089-4f41-9525-3b6062dc3d96', 'security_groups': [], 'device_id': u'2975dca0-3535-4391-9676-72d8215f68dd', 'name': u'', 'admin_state_up': True, 'network_id': u'40fff4bc-a326-419b-b1c1-a7aa26b2d41a', 'tenant_id': u'', 'binding:vif_details': {u'port_filter': True, u'datapath_type': u'system', u'ovs_hybrid_plug': True}, 'address_scopes': {4: None, 6: None}, 'binding:vnic_type': u'normal', 'binding:vif_type': u'ovs', 'mac_address': u'fa:16:3e:b9:52:70', 'project_id': u'', 'extra_subnets': [], 'created_at': '2018-09-29T16:39:11Z'}, 'updated_at': '2018-09-29T16:39:12Z', 'revision_number': 4, 'ha': False, 'id': u'2975dca0-3535-4391-9676-72d8215f68dd', 'gw_port_host': u'localhost.localdomain', 'external_gateway_info': {'network_id': u'40fff4bc-a326-419b-b1c1-a7aa26b2d41a', 'enable_snat': True, 'external_fixed_ips': [{'subnet_id': u'a3f065d6-c694-4228-b2c0-49725a850924', 'ip_address': u'172.24.4.10'}]}, 'availability_zone_hints': [], 'availability_zones': [u'nova'], 'name': u'tempest-router-1538238941', 'gw_port_id': u'0ea4c1a5-f089-4f41-9525-3b6062dc3d96', 'admin_state_up': True, 'tenant_id': u'4502fe3d5c61412388da363ae7c69ab3', 'created_at': '2018-09-29T16:38:37Z', 'distributed': False, 'flavor_id': None, 'routes': [], 'project_id': u'4502fe3d5c61412388da363ae7c69ab3'}], u'localhost.localdomain', False) {} wrapper /usr/lib/python2.7/site-packages/oslo_log/helpers.py:66
2018-09-29 12:44:19.593 8804 DEBUG neutron.api.rpc.handlers.l3_rpc [req-2ba43445-d582-4c18-b19b-4214c6ccfc52 - - - - -] Checking router: 2975dca0-3535-4391-9676-72d8215f68dd for host: localhost.localdomain _ensure_host_set_on_ports /usr/lib/python2.7/site-packages/neutron/api/rpc/handlers/l3_rpc.py:135
2018-09-29 12:44:19.862 8806 DEBUG neutron.api.rpc.handlers.l3_rpc [req-a81af48d-09ea-4be4-a403-7a45f6f1fcba - - - - -] New status for floating IP 10b9f630-1bb7-4c79-83d7-f77e244ee633: DOWN update_floatingip_statuses /usr/lib/python2.7/site-packages/neutron/api/rpc/handlers/l3_rpc.py:252
2018-09-29 12:44:20.007 8790 DEBUG novaclient.v2.client [-] REQ: curl -g -i -X POST http://10.0.20.25:8774/v2.1/671ea1986554476bbcaa620e00697d23/os-server-external-events -H "User-Agent: python-novaclient" -H "Content-Type: application/json" -H "Accept: application/json" -H "X-OpenStack-Nova-API-Version: 2.1" -H "X-Auth-Token: {SHA1}aeaa7d07bd93d8df05adda33ca528990aa884f32" -d '{"events": [{"tag": "39e92f87-5c23-4850-a237-9590d46f7042", "name": "network-changed", "server_uuid": "c3d8bff6-6bd3-40ec-9ede-7b5326240952"}]}' _http_log_request /usr/lib/python2.7/site-packages/keystoneauth1/session.py:375
2018-09-29 12:44:20.616 8790 DEBUG novaclient.v2.client [-] RESP: [200] Content-Length: 179 Content-Type: application/json Openstack-Api-Version: compute 2.1 X-Openstack-Nova-Api-Version: 2.1 Vary: OpenStack-API-Version, X-OpenStack-Nova-API-Version X-Openstack-Request-Id: req-5e64c65f-e239-4d38-8518-7baf744d3c24 X-Compute-Request-Id: req-5e64c65f-e239-4d38-8518-7baf744d3c24 Date: Sat, 29 Sep 2018 16:44:20 GMT Connection: keep-alive 
RESP BODY: {"events": [{"status": "completed", "tag": "39e92f87-5c23-4850-a237-9590d46f7042", "name": "network-changed", "server_uuid": "c3d8bff6-6bd3-40ec-9ede-7b5326240952", "code": 200}]}
 _http_log_response /usr/lib/python2.7/site-packages/keystoneauth1/session.py:423
2018-09-29 12:44:20.617 8790 DEBUG novaclient.v2.client [-] POST call to compute for http://10.0.20.25:8774/v2.1/671ea1986554476bbcaa620e00697d23/os-server-external-events used request id req-5e64c65f-e239-4d38-8518-7baf744d3c24 request /usr/lib/python2.7/site-packages/keystoneauth1/session.py:727
2018-09-29 12:44:20.627 8790 INFO neutron.notifiers.nova [-] Nova event response: {u'status': u'completed', u'tag': u'39e92f87-5c23-4850-a237-9590d46f7042', u'name': u'network-changed', u'server_uuid': u'c3d8bff6-6bd3-40ec-9ede-7b5326240952', u'code': 200}
2018-09-29 12:44:20.811 8794 INFO neutron.wsgi [req-fb4f7fcc-0e0a-4970-b7ae-929286a40bfd 6041b01c631d425d829cf96874ce50bf 671ea1986554476bbcaa620e00697d23 - default default] 10.0.20.25 "GET /v2.0/ports?tenant_id=4502fe3d5c61412388da363ae7c69ab3&device_id=c3d8bff6-6bd3-40ec-9ede-7b5326240952 HTTP/1.1" status: 200  len: 1124 time: 0.1385782
2018-09-29 12:44:21.108 8794 DEBUG neutron.pecan_wsgi.hooks.policy_enforcement [req-faf1c644-1922-4238-9cbe-6be2daa58780 6041b01c631d425d829cf96874ce50bf 671ea1986554476bbcaa620e00697d23 - default default] Attributes excluded by policy engine: [u'vlan_transparent'] _exclude_attributes_by_policy /usr/lib/python2.7/site-packages/neutron/pecan_wsgi/hooks/policy_enforcement.py:256
2018-09-29 12:44:21.113 8794 INFO neutron.wsgi [req-faf1c644-1922-4238-9cbe-6be2daa58780 6041b01c631d425d829cf96874ce50bf 671ea1986554476bbcaa620e00697d23 - default default] 10.0.20.25 "GET /v2.0/networks?id=f057d336-f0e3-416f-9df4-38ac6603fb8d HTTP/1.1" status: 200  len: 885 time: 0.2944880
2018-09-29 12:44:21.154 8794 INFO neutron.wsgi [req-73fae248-289f-46bd-94b1-55b5af21c156 6041b01c631d425d829cf96874ce50bf 671ea1986554476bbcaa620e00697d23 - default default] 10.0.20.25 "GET /v2.0/floatingips?fixed_ip_address=11.160.1.4&port_id=39e92f87-5c23-4850-a237-9590d46f7042 HTTP/1.1" status: 200  len: 217 time: 0.0312810
2018-09-29 12:44:21.293 8794 DEBUG neutron.pecan_wsgi.hooks.policy_enforcement [req-d5cec6a7-20ec-4d2d-a327-d21da8b60851 6041b01c631d425d829cf96874ce50bf 671ea1986554476bbcaa620e00697d23 - default default] Attributes excluded by policy engine: [u'shared'] _exclude_attributes_by_policy /usr/lib/python2.7/site-packages/neutron/pecan_wsgi/hooks/policy_enforcement.py:256
2018-09-29 12:44:21.296 8794 INFO neutron.wsgi [req-d5cec6a7-20ec-4d2d-a327-d21da8b60851 6041b01c631d425d829cf96874ce50bf 671ea1986554476bbcaa620e00697d23 - default default] 10.0.20.25 "GET /v2.0/subnets?id=c85b3ad4-68e0-4f39-8d86-f06995d1ad1b HTTP/1.1" status: 200  len: 847 time: 0.1333559
2018-09-29 12:44:21.440 8794 INFO neutron.wsgi [req-3fcebb38-9489-459a-9efd-b7c84271eb45 6041b01c631d425d829cf96874ce50bf 671ea1986554476bbcaa620e00697d23 - default default] 10.0.20.25 "GET /v2.0/ports?network_id=f057d336-f0e3-416f-9df4-38ac6603fb8d&device_owner=network%3Adhcp HTTP/1.1" status: 200  len: 1128 time: 0.1377110
2018-09-29 12:44:22.628 8790 DEBUG oslo_concurrency.lockutils [-] Lock "notifier-39812e4d-5f6a-4e0c-b4da-1f3dbe987ef6" released by "neutron.notifiers.batch_notifier.synced_send" :: held 3.806s inner /usr/lib/python2.7/site-packages/oslo_concurrency/lockutils.py:282
2018-09-29 12:44:26.995 8792 INFO neutron.wsgi [req-2a732e55-2bd8-4710-ad22-a62eb28fd094 c6076d0e968d46daaf0fc5019a0f8a15 bd8a53962fd64ffeab7f2932b0e688c5 - default default] 10.0.20.25 "GET /v2.0/ports?device_id=c3d8bff6-6bd3-40ec-9ede-7b5326240952&device_id=fec64dc4-e0a6-4f42-9103-11836b0ea09e HTTP/1.1" status: 200  len: 2039 time: 0.7014501
2018-09-29 12:44:27.033 8808 DEBUG neutron_lib.callbacks.manager [req-e794dc3e-8650-4245-8d1b-c2c5d151ad89 - - - - -] Notify callbacks ['neutron.services.segments.db._update_segment_host_mapping_for_agent-8750676344385'] for agent, after_update _notify_loop /usr/lib/python2.7/site-packages/neutron_lib/callbacks/manager.py:167
2018-09-29 12:44:27.160 8792 INFO neutron.wsgi [req-adf22072-b1cc-43f8-a410-39f6301009ef c6076d0e968d46daaf0fc5019a0f8a15 bd8a53962fd64ffeab7f2932b0e688c5 - default default] 10.0.20.25 "GET /v2.0/security-groups?id=d2f2d6ff-c20d-4497-bdf2-1ed524015a1b&id=126924ae-d4e4-4395-b42e-f3c430d7178b HTTP/1.1" status: 200  len: 4015 time: 0.1567841
2018-09-29 12:44:27.807 8805 DEBUG neutron_lib.callbacks.manager [req-6710878f-11c0-49b3-bad0-cfc528a2aaaf - - - - -] Notify callbacks ['neutron.services.segments.db._update_segment_host_mapping_for_agent-8750676344385'] for agent, after_update _notify_loop /usr/lib/python2.7/site-packages/neutron_lib/callbacks/manager.py:167
2018-09-29 12:44:34.032 8812 DEBUG neutron.db.agents_db [req-368ccd3c-1913-40ae-82ae-41e0d42696e4 - - - - -] Agent healthcheck: found 5 active agents agent_health_check /usr/lib/python2.7/site-packages/neutron/db/agents_db.py:281
2018-09-29 12:44:35.087 8810 DEBUG neutron_lib.callbacks.manager [req-093e0ea5-8d7f-44b5-b364-97dcaf89ece2 - - - - -] Notify callbacks ['neutron.services.segments.db._update_segment_host_mapping_for_agent-8750676344385'] for agent, after_update _notify_loop /usr/lib/python2.7/site-packages/neutron_lib/callbacks/manager.py:167
2018-09-29 12:44:36.514 8790 INFO neutron.wsgi [req-4f646d28-0676-45e9-8c5d-669a808d1cc8 c6076d0e968d46daaf0fc5019a0f8a15 bd8a53962fd64ffeab7f2932b0e688c5 - default default] 10.0.20.25 "GET /v2.0/ports?device_id=c3d8bff6-6bd3-40ec-9ede-7b5326240952 HTTP/1.1" status: 200  len: 1124 time: 1.4934099
2018-09-29 12:44:36.658 8790 INFO neutron.wsgi [req-aa85a318-2bdd-42c9-bd11-b89cb7615b8f c6076d0e968d46daaf0fc5019a0f8a15 bd8a53962fd64ffeab7f2932b0e688c5 - default default] 10.0.20.25 "GET /v2.0/security-groups?id=126924ae-d4e4-4395-b42e-f3c430d7178b HTTP/1.1" status: 200  len: 2118 time: 0.1362541
2018-09-29 12:44:38.682 8805 DEBUG neutron.plugins.ml2.rpc [req-c06928fe-9b6d-437d-8eeb-c5b36fbdb81d - - - - -] Device 39e92f87-5c23-4850-a237-9590d46f7042 no longer exists at agent ovs-agent-localhost.localdomain update_device_down /usr/lib/python2.7/site-packages/neutron/plugins/ml2/rpc.py:213
2018-09-29 12:44:38.983 8805 DEBUG neutron_lib.callbacks.manager [req-c06928fe-9b6d-437d-8eeb-c5b36fbdb81d - - - - -] Notify callbacks ['neutron.plugins.ml2.plugin.Ml2Plugin._ensure_default_security_group_handler-507967'] for port, before_update _notify_loop /usr/lib/python2.7/site-packages/neutron_lib/callbacks/manager.py:167
2018-09-29 12:44:39.070 8805 DEBUG oslo_concurrency.lockutils [-] Lock "notifier-39812e4d-5f6a-4e0c-b4da-1f3dbe987ef6" acquired by "neutron.notifiers.batch_notifier.synced_send" :: waited 0.000s inner /usr/lib/python2.7/site-packages/oslo_concurrency/lockutils.py:270
2018-09-29 12:44:39.071 8805 DEBUG neutron.notifiers.nova [-] Sending events: [{'status': 'completed', 'tag': u'39e92f87-5c23-4850-a237-9590d46f7042', 'name': 'network-vif-unplugged', 'server_uuid': u'c3d8bff6-6bd3-40ec-9ede-7b5326240952'}] send_events /usr/lib/python2.7/site-packages/neutron/notifiers/nova.py:242
2018-09-29 12:44:39.082 8805 DEBUG neutron.plugins.ml2.db [req-c06928fe-9b6d-437d-8eeb-c5b36fbdb81d - - - - -] For port 39e92f87-5c23-4850-a237-9590d46f7042, host localhost.localdomain, got binding levels [<neutron.plugins.ml2.models.PortBindingLevel[object at 7f56cdff6310] {port_id=u'39e92f87-5c23-4850-a237-9590d46f7042', host=u'localhost.localdomain', level=0, driver=u'openvswitch', segment_id=u'46cb16d7-2e09-40f0-bbf4-10b19a69157f'}>] get_binding_levels /usr/lib/python2.7/site-packages/neutron/plugins/ml2/db.py:106
2018-09-29 12:44:39.114 8805 DEBUG neutron_lib.callbacks.manager [req-c06928fe-9b6d-437d-8eeb-c5b36fbdb81d - - - - -] Notify callbacks ['neutron.db.l3_hascheduler_db._notify_l3_agent_ha_port_update--9223363286178793144', 'neutron.plugins.ml2.ovo_rpc._ObjectChangeHandler.handle_event-1635603', 'neutron.db.l3_dvrscheduler_db._notify_l3_agent_port_update-8750675981813', 'neutron.api.rpc.agentnotifiers.dhcp_rpc_agent_api.DhcpAgentNotifyAPI._native_event_send_dhcp_notification-1484714', 'neutron.plugins.ml2.plugin.Ml2Plugin.notify_sg_on_port_change-511128'] for port, after_update _notify_loop /usr/lib/python2.7/site-packages/neutron_lib/callbacks/manager.py:167
2018-09-29 12:44:39.135 8805 DEBUG oslo_concurrency.lockutils [-] Lock "event-dispatch" acquired by "neutron.plugins.ml2.ovo_rpc.dispatch_events" :: waited 0.000s inner /usr/lib/python2.7/site-packages/oslo_concurrency/lockutils.py:270
2018-09-29 12:44:39.286 8805 DEBUG neutron.api.rpc.handlers.resources_rpc [req-c06928fe-9b6d-437d-8eeb-c5b36fbdb81d - - - - -] neutron.api.rpc.handlers.resources_rpc.ResourcesPushRpcApi method push called with arguments (<neutron_lib.context.Context object at 0x7f56ce003b10>, [Port(admin_state_up=True,allowed_address_pairs=[],binding=PortBinding,binding_levels=[PortBindingLevel],created_at=2018-09-29T16:39:35Z,data_plane_status=<?>,description='',device_id='c3d8bff6-6bd3-40ec-9ede-7b5326240952',device_owner='compute:nova',dhcp_options=[],distributed_binding=None,dns=None,fixed_ips=[IPAllocation],id=39e92f87-5c23-4850-a237-9590d46f7042,mac_address=fa:16:3e:7f:95:d1,name='',network_id=f057d336-f0e3-416f-9df4-38ac6603fb8d,project_id='4502fe3d5c61412388da363ae7c69ab3',qos_policy_id=None,revision_number=9,security=PortSecurity(39e92f87-5c23-4850-a237-9590d46f7042),security_group_ids=set([126924ae-d4e4-4395-b42e-f3c430d7178b]),status='DOWN',updated_at=2018-09-29T16:44:39Z)], 'updated') {} wrapper /usr/lib/python2.7/site-packages/oslo_log/helpers.py:66
2018-09-29 12:44:39.301 8805 DEBUG neutron.api.rpc.callbacks.version_manager [req-c06928fe-9b6d-437d-8eeb-c5b36fbdb81d - - - - -] Version for resource type Subnet changed None to 1.0 on consumer Open vSwitch agent@localhost.localdomain _set_version /usr/lib/python2.7/site-packages/neutron/api/rpc/callbacks/version_manager.py:119
2018-09-29 12:44:39.301 8805 DEBUG neutron.api.rpc.callbacks.version_manager [req-c06928fe-9b6d-437d-8eeb-c5b36fbdb81d - - - - -] Version for resource type Network changed None to 1.0 on consumer Open vSwitch agent@localhost.localdomain _set_version /usr/lib/python2.7/site-packages/neutron/api/rpc/callbacks/version_manager.py:119
2018-09-29 12:44:39.302 8805 DEBUG neutron.api.rpc.callbacks.version_manager [req-c06928fe-9b6d-437d-8eeb-c5b36fbdb81d - - - - -] Version for resource type SubPort changed None to 1.0 on consumer Open vSwitch agent@localhost.localdomain _set_version /usr/lib/python2.7/site-packages/neutron/api/rpc/callbacks/version_manager.py:119
2018-09-29 12:44:39.303 8805 DEBUG neutron.api.rpc.callbacks.version_manager [req-c06928fe-9b6d-437d-8eeb-c5b36fbdb81d - - - - -] Version for resource type SecurityGroup changed None to 1.0 on consumer Open vSwitch agent@localhost.localdomain _set_version /usr/lib/python2.7/site-packages/neutron/api/rpc/callbacks/version_manager.py:119
2018-09-29 12:44:39.303 8805 DEBUG neutron.api.rpc.callbacks.version_manager [req-c06928fe-9b6d-437d-8eeb-c5b36fbdb81d - - - - -] Version for resource type SecurityGroupRule changed None to 1.0 on consumer Open vSwitch agent@localhost.localdomain _set_version /usr/lib/python2.7/site-packages/neutron/api/rpc/callbacks/version_manager.py:119
2018-09-29 12:44:39.303 8805 DEBUG neutron.api.rpc.callbacks.version_manager [req-c06928fe-9b6d-437d-8eeb-c5b36fbdb81d - - - - -] Version for resource type Trunk changed None to 1.1 on consumer Open vSwitch agent@localhost.localdomain _set_version /usr/lib/python2.7/site-packages/neutron/api/rpc/callbacks/version_manager.py:119
2018-09-29 12:44:39.304 8805 DEBUG neutron.api.rpc.callbacks.version_manager [req-c06928fe-9b6d-437d-8eeb-c5b36fbdb81d - - - - -] Version for resource type QosPolicy changed None to 1.6 on consumer Open vSwitch agent@localhost.localdomain _set_version /usr/lib/python2.7/site-packages/neutron/api/rpc/callbacks/version_manager.py:119
2018-09-29 12:44:39.305 8805 DEBUG neutron.api.rpc.callbacks.version_manager [req-c06928fe-9b6d-437d-8eeb-c5b36fbdb81d - - - - -] Version for resource type Port changed None to 1.1 on consumer Open vSwitch agent@localhost.localdomain _set_version /usr/lib/python2.7/site-packages/neutron/api/rpc/callbacks/version_manager.py:119
2018-09-29 12:44:39.305 8805 DEBUG neutron.api.rpc.callbacks.version_manager [req-c06928fe-9b6d-437d-8eeb-c5b36fbdb81d - - - - -] Version for resource type Log changed None to 1.0 on consumer Open vSwitch agent@localhost.localdomain _set_version /usr/lib/python2.7/site-packages/neutron/api/rpc/callbacks/version_manager.py:119
2018-09-29 12:44:39.323 8805 DEBUG oslo_concurrency.lockutils [req-c06928fe-9b6d-437d-8eeb-c5b36fbdb81d - - - - -] Lock "event-dispatch" released by "neutron.plugins.ml2.ovo_rpc.dispatch_events" :: held 0.188s inner /usr/lib/python2.7/site-packages/oslo_concurrency/lockutils.py:282
2018-09-29 12:44:39.562 8794 INFO neutron.wsgi [req-2355c9bf-a60a-4c42-a3ff-5dcff96247ac c6076d0e968d46daaf0fc5019a0f8a15 bd8a53962fd64ffeab7f2932b0e688c5 - default default] 10.0.20.25 "GET /v2.0/ports?device_id=c3d8bff6-6bd3-40ec-9ede-7b5326240952 HTTP/1.1" status: 200  len: 1122 time: 0.6026750
2018-09-29 12:44:39.575 8794 DEBUG neutron.wsgi [req-092c78bf-4540-40fa-b2cc-2b73643d85f6 c6076d0e968d46daaf0fc5019a0f8a15 bd8a53962fd64ffeab7f2932b0e688c5 - default default] http://10.0.20.25:9696/v2.0/extensions returned with HTTP 200 __call__ /usr/lib/python2.7/site-packages/neutron/wsgi.py:715
2018-09-29 12:44:39.578 8794 INFO neutron.wsgi [req-092c78bf-4540-40fa-b2cc-2b73643d85f6 c6076d0e968d46daaf0fc5019a0f8a15 bd8a53962fd64ffeab7f2932b0e688c5 - default default] 10.0.20.25 "GET /v2.0/extensions HTTP/1.1" status: 200  len: 8548 time: 0.0090251
2018-09-29 12:44:39.686 8794 DEBUG neutron.plugins.ml2.plugin [req-e51c451c-c3b8-480e-8b67-503210b806fe c6076d0e968d46daaf0fc5019a0f8a15 bd8a53962fd64ffeab7f2932b0e688c5 - default default] Deleting port 39e92f87-5c23-4850-a237-9590d46f7042 _pre_delete_port /usr/lib/python2.7/site-packages/neutron/plugins/ml2/plugin.py:1488
2018-09-29 12:44:39.686 8794 DEBUG neutron_lib.callbacks.manager [req-e51c451c-c3b8-480e-8b67-503210b806fe c6076d0e968d46daaf0fc5019a0f8a15 bd8a53962fd64ffeab7f2932b0e688c5 - default default] Notify callbacks ['neutron.db.l3_db._prevent_l3_port_delete_callback-8750676543989'] for port, before_delete _notify_loop /usr/lib/python2.7/site-packages/neutron_lib/callbacks/manager.py:167
2018-09-29 12:44:40.025 8805 DEBUG novaclient.v2.client [-] REQ: curl -g -i -X POST http://10.0.20.25:8774/v2.1/671ea1986554476bbcaa620e00697d23/os-server-external-events -H "User-Agent: python-novaclient" -H "Content-Type: application/json" -H "Accept: application/json" -H "X-OpenStack-Nova-API-Version: 2.1" -H "X-Auth-Token: {SHA1}33c6bacf8a20fb31cbb371502563711784bb8b23" -d '{"events": [{"status": "completed", "tag": "39e92f87-5c23-4850-a237-9590d46f7042", "name": "network-vif-unplugged", "server_uuid": "c3d8bff6-6bd3-40ec-9ede-7b5326240952"}]}' _http_log_request /usr/lib/python2.7/site-packages/keystoneauth1/session.py:375
2018-09-29 12:44:40.039 8794 DEBUG neutron.plugins.ml2.db [req-e51c451c-c3b8-480e-8b67-503210b806fe c6076d0e968d46daaf0fc5019a0f8a15 bd8a53962fd64ffeab7f2932b0e688c5 - default default] For port 39e92f87-5c23-4850-a237-9590d46f7042, host localhost.localdomain, got binding levels [<neutron.plugins.ml2.models.PortBindingLevel[object at 7f56cdc6f150] {port_id=u'39e92f87-5c23-4850-a237-9590d46f7042', host=u'localhost.localdomain', level=0, driver=u'openvswitch', segment_id=u'46cb16d7-2e09-40f0-bbf4-10b19a69157f'}>] get_binding_levels /usr/lib/python2.7/site-packages/neutron/plugins/ml2/db.py:106
2018-09-29 12:44:40.088 8794 DEBUG neutron.plugins.ml2.plugin [req-e51c451c-c3b8-480e-8b67-503210b806fe c6076d0e968d46daaf0fc5019a0f8a15 bd8a53962fd64ffeab7f2932b0e688c5 - default default] Calling delete_port for 39e92f87-5c23-4850-a237-9590d46f7042 owned by compute:nova delete_port /usr/lib/python2.7/site-packages/neutron/plugins/ml2/plugin.py:1547
2018-09-29 12:44:40.419 8794 DEBUG neutron_lib.callbacks.manager [req-e51c451c-c3b8-480e-8b67-503210b806fe c6076d0e968d46daaf0fc5019a0f8a15 bd8a53962fd64ffeab7f2932b0e688c5 - default default] Notify callbacks ['neutron.db.l3_dvrscheduler_db._notify_port_delete--9223363286178794003', 'neutron.db.l3_db._notify_routers_callback--9223363286178254129', 'neutron.plugins.ml2.ovo_rpc._ObjectChangeHandler.handle_event-1635603', 'neutron.api.rpc.agentnotifiers.dhcp_rpc_agent_api.DhcpAgentNotifyAPI._native_event_send_dhcp_notification-1484714', 'neutron.plugins.ml2.plugin.Ml2Plugin.notify_sg_on_port_change-511128'] for port, after_delete _notify_loop /usr/lib/python2.7/site-packages/neutron_lib/callbacks/manager.py:167
2018-09-29 12:44:40.510 8794 DEBUG neutron.db.l3_dvrscheduler_db [req-e51c451c-c3b8-480e-8b67-503210b806fe c6076d0e968d46daaf0fc5019a0f8a15 bd8a53962fd64ffeab7f2932b0e688c5 - default default] No DVR routers for this DVR port 39e92f87-5c23-4850-a237-9590d46f7042 on host localhost.localdomain get_dvr_routers_to_remove /usr/lib/python2.7/site-packages/neutron/db/l3_dvrscheduler_db.py:191
2018-09-29 12:44:40.528 8794 DEBUG oslo_concurrency.lockutils [-] Lock "event-dispatch" acquired by "neutron.plugins.ml2.ovo_rpc.dispatch_events" :: waited 0.000s inner /usr/lib/python2.7/site-packages/oslo_concurrency/lockutils.py:270
2018-09-29 12:44:40.601 8794 DEBUG neutron.api.rpc.handlers.resources_rpc [req-e51c451c-c3b8-480e-8b67-503210b806fe c6076d0e968d46daaf0fc5019a0f8a15 bd8a53962fd64ffeab7f2932b0e688c5 - - -] neutron.api.rpc.handlers.resources_rpc.ResourcesPushRpcApi method push called with arguments (<neutron_lib.context.Context object at 0x7f56cdbd2650>, [Port(admin_state_up=<?>,allowed_address_pairs=<?>,binding=<?>,binding_levels=<?>,created_at=<?>,data_plane_status=<?>,description=<?>,device_id=<?>,device_owner=<?>,dhcp_options=<?>,distributed_binding=<?>,dns=<?>,fixed_ips=<?>,id=39e92f87-5c23-4850-a237-9590d46f7042,mac_address=<?>,name=<?>,network_id=<?>,project_id=<?>,qos_policy_id=None,revision_number=<?>,security=<?>,security_group_ids=None,status=<?>,updated_at=<?>)], 'deleted') {} wrapper /usr/lib/python2.7/site-packages/oslo_log/helpers.py:66
2018-09-29 12:44:40.613 8794 DEBUG neutron.api.rpc.callbacks.version_manager [req-e51c451c-c3b8-480e-8b67-503210b806fe c6076d0e968d46daaf0fc5019a0f8a15 bd8a53962fd64ffeab7f2932b0e688c5 - - -] Version for resource type Subnet changed None to 1.0 on consumer Open vSwitch agent@localhost.localdomain _set_version /usr/lib/python2.7/site-packages/neutron/api/rpc/callbacks/version_manager.py:119
2018-09-29 12:44:40.613 8794 DEBUG neutron.api.rpc.callbacks.version_manager [req-e51c451c-c3b8-480e-8b67-503210b806fe c6076d0e968d46daaf0fc5019a0f8a15 bd8a53962fd64ffeab7f2932b0e688c5 - - -] Version for resource type Network changed None to 1.0 on consumer Open vSwitch agent@localhost.localdomain _set_version /usr/lib/python2.7/site-packages/neutron/api/rpc/callbacks/version_manager.py:119
2018-09-29 12:44:40.614 8794 DEBUG neutron.api.rpc.callbacks.version_manager [req-e51c451c-c3b8-480e-8b67-503210b806fe c6076d0e968d46daaf0fc5019a0f8a15 bd8a53962fd64ffeab7f2932b0e688c5 - - -] Version for resource type SubPort changed None to 1.0 on consumer Open vSwitch agent@localhost.localdomain _set_version /usr/lib/python2.7/site-packages/neutron/api/rpc/callbacks/version_manager.py:119
2018-09-29 12:44:40.614 8794 DEBUG neutron.api.rpc.callbacks.version_manager [req-e51c451c-c3b8-480e-8b67-503210b806fe c6076d0e968d46daaf0fc5019a0f8a15 bd8a53962fd64ffeab7f2932b0e688c5 - - -] Version for resource type SecurityGroup changed None to 1.0 on consumer Open vSwitch agent@localhost.localdomain _set_version /usr/lib/python2.7/site-packages/neutron/api/rpc/callbacks/version_manager.py:119
2018-09-29 12:44:40.615 8794 DEBUG neutron.api.rpc.callbacks.version_manager [req-e51c451c-c3b8-480e-8b67-503210b806fe c6076d0e968d46daaf0fc5019a0f8a15 bd8a53962fd64ffeab7f2932b0e688c5 - - -] Version for resource type SecurityGroupRule changed None to 1.0 on consumer Open vSwitch agent@localhost.localdomain _set_version /usr/lib/python2.7/site-packages/neutron/api/rpc/callbacks/version_manager.py:119
2018-09-29 12:44:40.616 8794 DEBUG neutron.api.rpc.callbacks.version_manager [req-e51c451c-c3b8-480e-8b67-503210b806fe c6076d0e968d46daaf0fc5019a0f8a15 bd8a53962fd64ffeab7f2932b0e688c5 - - -] Version for resource type Trunk changed None to 1.1 on consumer Open vSwitch agent@localhost.localdomain _set_version /usr/lib/python2.7/site-packages/neutron/api/rpc/callbacks/version_manager.py:119
2018-09-29 12:44:40.616 8794 DEBUG neutron.api.rpc.callbacks.version_manager [req-e51c451c-c3b8-480e-8b67-503210b806fe c6076d0e968d46daaf0fc5019a0f8a15 bd8a53962fd64ffeab7f2932b0e688c5 - - -] Version for resource type QosPolicy changed None to 1.6 on consumer Open vSwitch agent@localhost.localdomain _set_version /usr/lib/python2.7/site-packages/neutron/api/rpc/callbacks/version_manager.py:119
2018-09-29 12:44:40.617 8794 DEBUG neutron.api.rpc.callbacks.version_manager [req-e51c451c-c3b8-480e-8b67-503210b806fe c6076d0e968d46daaf0fc5019a0f8a15 bd8a53962fd64ffeab7f2932b0e688c5 - - -] Version for resource type Port changed None to 1.1 on consumer Open vSwitch agent@localhost.localdomain _set_version /usr/lib/python2.7/site-packages/neutron/api/rpc/callbacks/version_manager.py:119
2018-09-29 12:44:40.617 8794 DEBUG neutron.api.rpc.callbacks.version_manager [req-e51c451c-c3b8-480e-8b67-503210b806fe c6076d0e968d46daaf0fc5019a0f8a15 bd8a53962fd64ffeab7f2932b0e688c5 - - -] Version for resource type Log changed None to 1.0 on consumer Open vSwitch agent@localhost.localdomain _set_version /usr/lib/python2.7/site-packages/neutron/api/rpc/callbacks/version_manager.py:119
2018-09-29 12:44:40.652 8805 DEBUG novaclient.v2.client [-] RESP: [200] Content-Length: 185 Content-Type: application/json Openstack-Api-Version: compute 2.1 X-Openstack-Nova-Api-Version: 2.1 Vary: OpenStack-API-Version, X-OpenStack-Nova-API-Version X-Openstack-Request-Id: req-4fb3aba5-73f2-4d8f-9491-7a4e40d3b214 X-Compute-Request-Id: req-4fb3aba5-73f2-4d8f-9491-7a4e40d3b214 Date: Sat, 29 Sep 2018 16:44:40 GMT Connection: keep-alive 
RESP BODY: {"events": [{"status": "completed", "tag": "39e92f87-5c23-4850-a237-9590d46f7042", "name": "network-vif-unplugged", "server_uuid": "c3d8bff6-6bd3-40ec-9ede-7b5326240952", "code": 200}]}
 _http_log_response /usr/lib/python2.7/site-packages/keystoneauth1/session.py:423
2018-09-29 12:44:40.653 8805 DEBUG novaclient.v2.client [-] POST call to compute for http://10.0.20.25:8774/v2.1/671ea1986554476bbcaa620e00697d23/os-server-external-events used request id req-4fb3aba5-73f2-4d8f-9491-7a4e40d3b214 request /usr/lib/python2.7/site-packages/keystoneauth1/session.py:727
2018-09-29 12:44:40.664 8805 INFO neutron.notifiers.nova [-] Nova event response: {u'status': u'completed', u'tag': u'39e92f87-5c23-4850-a237-9590d46f7042', u'name': u'network-vif-unplugged', u'server_uuid': u'c3d8bff6-6bd3-40ec-9ede-7b5326240952', u'code': 200}
2018-09-29 12:44:40.690 8794 DEBUG oslo_concurrency.lockutils [req-e51c451c-c3b8-480e-8b67-503210b806fe c6076d0e968d46daaf0fc5019a0f8a15 bd8a53962fd64ffeab7f2932b0e688c5 - - -] Lock "event-dispatch" released by "neutron.plugins.ml2.ovo_rpc.dispatch_events" :: held 0.161s inner /usr/lib/python2.7/site-packages/oslo_concurrency/lockutils.py:282
2018-09-29 12:44:40.791 8794 DEBUG neutron_lib.callbacks.manager [req-e51c451c-c3b8-480e-8b67-503210b806fe c6076d0e968d46daaf0fc5019a0f8a15 bd8a53962fd64ffeab7f2932b0e688c5 - default default] Notify callbacks ['neutron.notifiers.nova.Notifier._send_nova_notification-3011'] for port, before_response _notify_loop /usr/lib/python2.7/site-packages/neutron_lib/callbacks/manager.py:167
