2018-09-13 14:37:44.497 1092 INFO neutron.wsgi [req-c1929eb5-782b-4b8e-be0b-5026b31713b9 ccbcae050c044573af46cf8121f12edd 5a39162220464b648ae12ce3b3f546b1 - 2cefc9a79b064afb9a4d940e8c01a234 2cefc9a79b064afb9a4d940e8c01a234] 10.0.20.22 "GET /v2.0/security-groups?id=88c79c69-2a8a-4141-85a4-ba61e459ee93 HTTP/1.1" status: 200  len: 2118 time: 0.1428130
2018-09-13 14:37:44.620 1090 DEBUG oslo_concurrency.lockutils [-] Lock "notifier-e61d3d2a-f6a1-4e97-ab26-aa69339c6c71" released by "neutron.notifiers.batch_notifier.synced_send" :: held 4.559s inner /usr/lib/python2.7/site-packages/oslo_concurrency/lockutils.py:282
2018-09-13 14:37:44.742 1109 DEBUG novaclient.v2.client [-] REQ: curl -g -i -X POST http://10.0.20.22:8774/v2.1/007b5c587a144e49a50c9008f27cd2bd/os-server-external-events -H "User-Agent: python-novaclient" -H "Content-Type: application/json" -H "Accept: application/json" -H "X-OpenStack-Nova-API-Version: 2.1" -H "X-Auth-Token: {SHA1}33cb66fa031335803b04e32c9f45bf0d0bd1e9c2" -d '{"events": [{"status": "completed", "tag": "7c9c4578-4795-474f-986c-c6d28faae3de", "name": "network-vif-plugged", "server_uuid": "08043a1d-c5ab-4851-bccb-0bd474ff8163"}]}' _http_log_request /usr/lib/python2.7/site-packages/keystoneauth1/session.py:375
2018-09-13 14:37:45.039 1109 DEBUG novaclient.v2.client [-] RESP: [200] Content-Length: 183 Content-Type: application/json Openstack-Api-Version: compute 2.1 X-Openstack-Nova-Api-Version: 2.1 Vary: OpenStack-API-Version, X-OpenStack-Nova-API-Version X-Openstack-Request-Id: req-9a58705c-2735-4b95-8a6c-38af7feb0073 X-Compute-Request-Id: req-9a58705c-2735-4b95-8a6c-38af7feb0073 Date: Thu, 13 Sep 2018 18:37:45 GMT Connection: keep-alive 
RESP BODY: {"events": [{"status": "completed", "tag": "7c9c4578-4795-474f-986c-c6d28faae3de", "name": "network-vif-plugged", "server_uuid": "08043a1d-c5ab-4851-bccb-0bd474ff8163", "code": 200}]}
 _http_log_response /usr/lib/python2.7/site-packages/keystoneauth1/session.py:423
2018-09-13 14:37:45.040 1109 DEBUG novaclient.v2.client [-] POST call to compute for http://10.0.20.22:8774/v2.1/007b5c587a144e49a50c9008f27cd2bd/os-server-external-events used request id req-9a58705c-2735-4b95-8a6c-38af7feb0073 request /usr/lib/python2.7/site-packages/keystoneauth1/session.py:727
2018-09-13 14:37:45.041 1109 INFO neutron.notifiers.nova [-] Nova event response: {u'status': u'completed', u'tag': u'7c9c4578-4795-474f-986c-c6d28faae3de', u'name': u'network-vif-plugged', u'server_uuid': u'08043a1d-c5ab-4851-bccb-0bd474ff8163', u'code': 200}
2018-09-13 14:37:45.347 1105 DEBUG neutron.plugins.ml2.rpc [req-092878f0-1f1b-4137-875c-87a778aa6734 - - - - -] Device 7c9c4578-4795-474f-986c-c6d28faae3de up at agent ovs-agent-localhost.localdomain update_device_up /usr/lib/python2.7/site-packages/neutron/plugins/ml2/rpc.py:244
2018-09-13 14:37:45.466 1105 DEBUG neutron.db.provisioning_blocks [req-092878f0-1f1b-4137-875c-87a778aa6734 - - - - -] Provisioning complete for port 7c9c4578-4795-474f-986c-c6d28faae3de triggered by entity L2. provisioning_complete /usr/lib/python2.7/site-packages/neutron/db/provisioning_blocks.py:138
2018-09-13 14:37:45.467 1105 DEBUG neutron_lib.callbacks.manager [req-092878f0-1f1b-4137-875c-87a778aa6734 - - - - -] Notify callbacks ['neutron.plugins.ml2.plugin.Ml2Plugin._port_provisioned--9223372036847235071'] for port, provisioning_complete _notify_loop /usr/lib/python2.7/site-packages/neutron_lib/callbacks/manager.py:167
2018-09-13 14:37:47.042 1109 DEBUG oslo_concurrency.lockutils [-] Lock "notifier-e61d3d2a-f6a1-4e97-ab26-aa69339c6c71" released by "neutron.notifiers.batch_notifier.synced_send" :: held 3.101s inner /usr/lib/python2.7/site-packages/oslo_concurrency/lockutils.py:282
2018-09-13 14:37:47.400 1111 DEBUG neutron.db.agents_db [req-1465e669-8205-4905-8ce6-dadef8dcb8f1 - - - - -] Agent healthcheck: found 5 active agents agent_health_check /usr/lib/python2.7/site-packages/neutron/db/agents_db.py:281
2018-09-13 14:37:54.879 1090 DEBUG neutron.wsgi [-] (1090) accepted ('10.0.20.22', 50788) server /usr/lib/python2.7/site-packages/eventlet/wsgi.py:883
2018-09-13 14:37:55.277 1090 WARNING keystonemiddleware.auth_token [-] A valid token was submitted as a service token, but it was not a valid service token. This is incorrect but backwards compatible behaviour. This will be removed in future releases.
2018-09-13 14:37:55.605 1110 DEBUG neutron_lib.callbacks.manager [req-e42c65cd-ca90-4b0d-8ecd-6dc08e7d2052 - - - - -] Notify callbacks ['neutron.services.segments.db._update_segment_host_mapping_for_agent--9223363252610947015'] for agent, after_update _notify_loop /usr/lib/python2.7/site-packages/neutron_lib/callbacks/manager.py:167
2018-09-13 14:37:55.625 1100 DEBUG neutron_lib.callbacks.manager [req-66f58807-af6f-4787-a454-6b06709e482c - - - - -] Notify callbacks ['neutron.services.segments.db._update_segment_host_mapping_for_agent--9223363252610947015'] for agent, after_update _notify_loop /usr/lib/python2.7/site-packages/neutron_lib/callbacks/manager.py:167
2018-09-13 14:37:55.632 1090 DEBUG neutron.quota.resource [req-d6bbf9c0-08b5-46e4-8d8e-8769ca9c09bd ccbcae050c044573af46cf8121f12edd 5a39162220464b648ae12ce3b3f546b1 - 2cefc9a79b064afb9a4d940e8c01a234 2cefc9a79b064afb9a4d940e8c01a234] Synchronizing usage tracker for tenant:5a39162220464b648ae12ce3b3f546b1 on resource:port resync /usr/lib/python2.7/site-packages/neutron/quota/resource.py:245
2018-09-13 14:37:55.680 1090 DEBUG neutron.quota.resource [req-d6bbf9c0-08b5-46e4-8d8e-8769ca9c09bd ccbcae050c044573af46cf8121f12edd 5a39162220464b648ae12ce3b3f546b1 - 2cefc9a79b064afb9a4d940e8c01a234 2cefc9a79b064afb9a4d940e8c01a234] Unset dirty status for tenant:5a39162220464b648ae12ce3b3f546b1 on resource:port _resync /usr/lib/python2.7/site-packages/neutron/quota/resource.py:237
2018-09-13 14:37:55.682 1090 INFO neutron.wsgi [req-d6bbf9c0-08b5-46e4-8d8e-8769ca9c09bd ccbcae050c044573af46cf8121f12edd 5a39162220464b648ae12ce3b3f546b1 - 2cefc9a79b064afb9a4d940e8c01a234 2cefc9a79b064afb9a4d940e8c01a234] 10.0.20.22 "GET /v2.0/ports?device_id=08043a1d-c5ab-4851-bccb-0bd474ff8163 HTTP/1.1" status: 200  len: 1125 time: 0.8002961
2018-09-13 14:37:55.786 1090 INFO neutron.wsgi [req-f41d0f2a-c41b-48e6-88e2-a5a9b55a010f ccbcae050c044573af46cf8121f12edd 5a39162220464b648ae12ce3b3f546b1 - 2cefc9a79b064afb9a4d940e8c01a234 2cefc9a79b064afb9a4d940e8c01a234] 10.0.20.22 "GET /v2.0/security-groups?id=88c79c69-2a8a-4141-85a4-ba61e459ee93 HTTP/1.1" status: 200  len: 2118 time: 0.0964410
2018-09-13 14:37:56.236 1105 DEBUG neutron_lib.callbacks.manager [req-e6fe8fdb-5d6a-419e-bae0-1685e57464df - - - - -] Notify callbacks ['neutron.services.segments.db._update_segment_host_mapping_for_agent--9223363252610947015'] for agent, after_update _notify_loop /usr/lib/python2.7/site-packages/neutron_lib/callbacks/manager.py:167
2018-09-13 14:37:59.633 1106 DEBUG neutron_lib.callbacks.manager [req-c962e137-dc55-41c3-9a3c-50897829fcf0 - - - - -] Notify callbacks ['neutron.services.segments.db._update_segment_host_mapping_for_agent--9223363252610947015'] for agent, after_update _notify_loop /usr/lib/python2.7/site-packages/neutron_lib/callbacks/manager.py:167
2018-09-13 14:38:09.561 1090 DEBUG neutron.wsgi [-] (1090) accepted ('10.0.20.22', 51070) server /usr/lib/python2.7/site-packages/eventlet/wsgi.py:883
2018-09-13 14:38:09.566 1090 INFO neutron.wsgi [-] 10.0.20.22 "GET / HTTP/1.1" status: 200  len: 252 time: 0.0025609
2018-09-13 14:38:10.090 1090 INFO neutron.pecan_wsgi.hooks.translation [req-a5b9912c-1728-48d8-bb92-bfa416546ddd aade3447accb4ba6835bc5ec3454f5a6 892b3d52c94348d8a7355f6390963dca - default default] GET failed (client error): The resource could not be found.
2018-09-13 14:38:10.092 1090 INFO neutron.wsgi [req-a5b9912c-1728-48d8-bb92-bfa416546ddd aade3447accb4ba6835bc5ec3454f5a6 892b3d52c94348d8a7355f6390963dca - default default] 10.0.20.22 "GET /v2.0/networks/public HTTP/1.1" status: 404  len: 314 time: 0.5194650
2018-09-13 14:38:10.305 1090 DEBUG neutron.pecan_wsgi.hooks.policy_enforcement [req-9aea513a-6c0e-44f2-87c7-18dff72e00e0 aade3447accb4ba6835bc5ec3454f5a6 892b3d52c94348d8a7355f6390963dca - default default] Attributes excluded by policy engine: [u'vlan_transparent'] _exclude_attributes_by_policy /usr/lib/python2.7/site-packages/neutron/pecan_wsgi/hooks/policy_enforcement.py:256
2018-09-13 14:38:10.306 1090 DEBUG neutron.pecan_wsgi.hooks.policy_enforcement [req-9aea513a-6c0e-44f2-87c7-18dff72e00e0 aade3447accb4ba6835bc5ec3454f5a6 892b3d52c94348d8a7355f6390963dca - default default] Attributes excluded by policy engine: [u'vlan_transparent'] _exclude_attributes_by_policy /usr/lib/python2.7/site-packages/neutron/pecan_wsgi/hooks/policy_enforcement.py:256
2018-09-13 14:38:10.307 1090 DEBUG neutron.pecan_wsgi.hooks.policy_enforcement [req-9aea513a-6c0e-44f2-87c7-18dff72e00e0 aade3447accb4ba6835bc5ec3454f5a6 892b3d52c94348d8a7355f6390963dca - default default] Attributes excluded by policy engine: [u'vlan_transparent'] _exclude_attributes_by_policy /usr/lib/python2.7/site-packages/neutron/pecan_wsgi/hooks/policy_enforcement.py:256
2018-09-13 14:38:10.309 1090 INFO neutron.wsgi [req-9aea513a-6c0e-44f2-87c7-18dff72e00e0 aade3447accb4ba6835bc5ec3454f5a6 892b3d52c94348d8a7355f6390963dca - default default] 10.0.20.22 "GET /v2.0/networks HTTP/1.1" status: 200  len: 2214 time: 0.2113011
2018-09-13 14:38:10.812 1090 DEBUG neutron.api.v2.base [req-109299a2-90a3-478f-895e-9f7e973d6e09 aade3447accb4ba6835bc5ec3454f5a6 892b3d52c94348d8a7355f6390963dca - default default] Request body: {u'floatingip': {u'floating_network_id': u'9619842c-a15f-4600-bdce-bfe274d454b0', u'tenant_id': u'5a39162220464b648ae12ce3b3f546b1'}} prepare_request_body /usr/lib/python2.7/site-packages/neutron/api/v2/base.py:695
2018-09-13 14:38:10.822 1090 DEBUG neutron.db.quota.driver [req-109299a2-90a3-478f-895e-9f7e973d6e09 aade3447accb4ba6835bc5ec3454f5a6 892b3d52c94348d8a7355f6390963dca - default default] Resources subnetpool have unlimited quota limit. It is not required to calculate headroom  make_reservation /usr/lib/python2.7/site-packages/neutron/db/quota/driver.py:223
2018-09-13 14:38:10.827 1090 DEBUG neutron.quota.resource [req-109299a2-90a3-478f-895e-9f7e973d6e09 aade3447accb4ba6835bc5ec3454f5a6 892b3d52c94348d8a7355f6390963dca - default default] Usage tracker for resource:floatingip and tenant:5a39162220464b648ae12ce3b3f546b1 is out of sync, need to count used quota count_used /usr/lib/python2.7/site-packages/neutron/quota/resource.py:274
2018-09-13 14:38:10.850 1090 DEBUG neutron.quota.resource [req-109299a2-90a3-478f-895e-9f7e973d6e09 aade3447accb4ba6835bc5ec3454f5a6 892b3d52c94348d8a7355f6390963dca - default default] Quota usage for floatingip was recalculated. Used quota:0. count_used /usr/lib/python2.7/site-packages/neutron/quota/resource.py:293
2018-09-13 14:38:10.862 1090 DEBUG neutron.db.quota.driver [req-109299a2-90a3-478f-895e-9f7e973d6e09 aade3447accb4ba6835bc5ec3454f5a6 892b3d52c94348d8a7355f6390963dca - default default] Attempting to reserve 1 items for resource floatingip. Total usage: 0; quota limit: 50; headroom:50 make_reservation /usr/lib/python2.7/site-packages/neutron/db/quota/driver.py:255
2018-09-13 14:38:11.093 1090 DEBUG neutron_lib.callbacks.manager [req-109299a2-90a3-478f-895e-9f7e973d6e09 aade3447accb4ba6835bc5ec3454f5a6 892b3d52c94348d8a7355f6390963dca - default default] Notify callbacks ['neutron.plugins.ml2.plugin.Ml2Plugin._ensure_default_security_group_handler-527573'] for port, before_create _notify_loop /usr/lib/python2.7/site-packages/neutron_lib/callbacks/manager.py:167
2018-09-13 14:38:11.776 1090 DEBUG neutron.db.db_base_plugin_common [req-109299a2-90a3-478f-895e-9f7e973d6e09 aade3447accb4ba6835bc5ec3454f5a6 892b3d52c94348d8a7355f6390963dca - default default] Allocated IP 172.24.4.13 (9619842c-a15f-4600-bdce-bfe274d454b0/6852f693-9617-43cb-89eb-377974cd9510/441f9b32-e0ee-46e9-b49a-9e3b006b2329) _store_ip_allocation /usr/lib/python2.7/site-packages/neutron/db/db_base_plugin_common.py:122
2018-09-13 14:38:12.026 1090 DEBUG neutron_lib.callbacks.manager [req-109299a2-90a3-478f-895e-9f7e973d6e09 aade3447accb4ba6835bc5ec3454f5a6 892b3d52c94348d8a7355f6390963dca - default default] Notify callbacks [] for port, precommit_create _notify_loop /usr/lib/python2.7/site-packages/neutron_lib/callbacks/manager.py:167
2018-09-13 14:38:12.098 1090 DEBUG neutron_lib.callbacks.manager [req-109299a2-90a3-478f-895e-9f7e973d6e09 aade3447accb4ba6835bc5ec3454f5a6 892b3d52c94348d8a7355f6390963dca - default default] Notify callbacks ['neutron.plugins.ml2.plugin.Ml2Plugin.notify_sg_on_port_change-527505', 'neutron.plugins.ml2.ovo_rpc._ObjectChangeHandler.handle_event-628020', 'neutron.api.rpc.agentnotifiers.dhcp_rpc_agent_api.DhcpAgentNotifyAPI._native_event_send_dhcp_notification-7744167', 'neutron.db.l3_dvrscheduler_db._notify_l3_agent_new_port-8784243477283'] for port, after_create _notify_loop /usr/lib/python2.7/site-packages/neutron_lib/callbacks/manager.py:167
2018-09-13 14:38:12.116 1090 DEBUG oslo_concurrency.lockutils [-] Lock "event-dispatch" acquired by "neutron.plugins.ml2.ovo_rpc.dispatch_events" :: waited 0.000s inner /usr/lib/python2.7/site-packages/oslo_concurrency/lockutils.py:270
2018-09-13 14:38:12.343 1090 DEBUG neutron.api.rpc.handlers.resources_rpc [req-109299a2-90a3-478f-895e-9f7e973d6e09 aade3447accb4ba6835bc5ec3454f5a6 892b3d52c94348d8a7355f6390963dca - - -] neutron.api.rpc.handlers.resources_rpc.ResourcesPushRpcApi method push called with arguments (<neutron_lib.context.Context object at 0x7fd3dab2bc50>, [Port(admin_state_up=True,allowed_address_pairs=[],binding=PortBinding,binding_levels=[],created_at=2018-09-13T18:38:11Z,data_plane_status=<?>,description='',device_id='PENDING',device_owner='network:floatingip',dhcp_options=[],distributed_binding=None,dns=None,fixed_ips=[IPAllocation],id=441f9b32-e0ee-46e9-b49a-9e3b006b2329,mac_address=fa:16:3e:21:56:b3,name='',network_id=9619842c-a15f-4600-bdce-bfe274d454b0,project_id='',qos_policy_id=None,revision_number=3,security=PortSecurity(441f9b32-e0ee-46e9-b49a-9e3b006b2329),security_group_ids=set([]),status='N/A',updated_at=2018-09-13T18:38:11Z)], 'updated') {} wrapper /usr/lib/python2.7/site-packages/oslo_log/helpers.py:66
2018-09-13 14:38:12.355 1090 DEBUG oslo_concurrency.lockutils [req-109299a2-90a3-478f-895e-9f7e973d6e09 aade3447accb4ba6835bc5ec3454f5a6 892b3d52c94348d8a7355f6390963dca - - -] Lock "event-dispatch" released by "neutron.plugins.ml2.ovo_rpc.dispatch_events" :: held 0.238s inner /usr/lib/python2.7/site-packages/oslo_concurrency/lockutils.py:282
2018-09-13 14:38:12.411 1090 DEBUG neutron.scheduler.dhcp_agent_scheduler [req-109299a2-90a3-478f-895e-9f7e973d6e09 aade3447accb4ba6835bc5ec3454f5a6 892b3d52c94348d8a7355f6390963dca - default default] Network 9619842c-a15f-4600-bdce-bfe274d454b0 is already hosted by enough agents. _get_dhcp_agents_hosting_network /usr/lib/python2.7/site-packages/neutron/scheduler/dhcp_agent_scheduler.py:243
2018-09-13 14:38:12.416 1090 DEBUG neutron.db.l3_dvrscheduler_db [req-109299a2-90a3-478f-895e-9f7e973d6e09 aade3447accb4ba6835bc5ec3454f5a6 892b3d52c94348d8a7355f6390963dca - default default] Received port after_create _notify_l3_agent_new_port /usr/lib/python2.7/site-packages/neutron/db/l3_dvrscheduler_db.py:392
2018-09-13 14:38:12.520 1090 DEBUG neutron_lib.callbacks.manager [req-109299a2-90a3-478f-895e-9f7e973d6e09 aade3447accb4ba6835bc5ec3454f5a6 892b3d52c94348d8a7355f6390963dca - default default] Notify callbacks ['neutron.plugins.ml2.plugin.Ml2Plugin._ensure_default_security_group_handler-527573'] for port, before_update _notify_loop /usr/lib/python2.7/site-packages/neutron_lib/callbacks/manager.py:167
2018-09-13 14:38:12.837 1092 DEBUG neutron.wsgi [-] (1092) accepted ('10.0.20.22', 51342) server /usr/lib/python2.7/site-packages/eventlet/wsgi.py:883
2018-09-13 14:38:12.869 1099 DEBUG neutron_lib.callbacks.manager [req-092878f0-1f1b-4137-875c-87a778aa6734 - - - - -] Notify callbacks ['neutron.services.segments.db._update_segment_host_mapping_for_agent--9223363252610947015'] for agent, after_update _notify_loop /usr/lib/python2.7/site-packages/neutron_lib/callbacks/manager.py:167
2018-09-13 14:38:12.959 1090 DEBUG neutron_lib.callbacks.manager [req-109299a2-90a3-478f-895e-9f7e973d6e09 aade3447accb4ba6835bc5ec3454f5a6 892b3d52c94348d8a7355f6390963dca - default default] Notify callbacks [] for port, precommit_update _notify_loop /usr/lib/python2.7/site-packages/neutron_lib/callbacks/manager.py:167
2018-09-13 14:38:12.968 1090 DEBUG neutron_lib.callbacks.manager [req-109299a2-90a3-478f-895e-9f7e973d6e09 aade3447accb4ba6835bc5ec3454f5a6 892b3d52c94348d8a7355f6390963dca - default default] Notify callbacks ['neutron.plugins.ml2.plugin.Ml2Plugin.notify_sg_on_port_change-527505', 'neutron.plugins.ml2.ovo_rpc._ObjectChangeHandler.handle_event-628020', 'neutron.db.l3_hascheduler_db._notify_l3_agent_ha_port_update-8784243477373', 'neutron.api.rpc.agentnotifiers.dhcp_rpc_agent_api.DhcpAgentNotifyAPI._native_event_send_dhcp_notification-7744167', 'neutron.db.l3_dvrscheduler_db._notify_l3_agent_port_update-8784243477298'] for port, after_update _notify_loop /usr/lib/python2.7/site-packages/neutron_lib/callbacks/manager.py:167
2018-09-13 14:38:12.994 1090 DEBUG oslo_concurrency.lockutils [-] Lock "event-dispatch" acquired by "neutron.plugins.ml2.ovo_rpc.dispatch_events" :: waited 0.000s inner /usr/lib/python2.7/site-packages/oslo_concurrency/lockutils.py:270
2018-09-13 14:38:13.166 1090 DEBUG neutron.api.rpc.handlers.resources_rpc [req-109299a2-90a3-478f-895e-9f7e973d6e09 aade3447accb4ba6835bc5ec3454f5a6 892b3d52c94348d8a7355f6390963dca - - -] neutron.api.rpc.handlers.resources_rpc.ResourcesPushRpcApi method push called with arguments (<neutron_lib.context.Context object at 0x7fd3da7407d0>, [Port(admin_state_up=True,allowed_address_pairs=[],binding=PortBinding,binding_levels=[],created_at=2018-09-13T18:38:11Z,data_plane_status=<?>,description='',device_id='6908bae1-248b-444c-90cf-d15f3087f686',device_owner='network:floatingip',dhcp_options=[],distributed_binding=None,dns=None,fixed_ips=[IPAllocation],id=441f9b32-e0ee-46e9-b49a-9e3b006b2329,mac_address=fa:16:3e:21:56:b3,name='',network_id=9619842c-a15f-4600-bdce-bfe274d454b0,project_id='',qos_policy_id=None,revision_number=4,security=PortSecurity(441f9b32-e0ee-46e9-b49a-9e3b006b2329),security_group_ids=set([]),status='N/A',updated_at=2018-09-13T18:38:12Z)], 'updated') {} wrapper /usr/lib/python2.7/site-packages/oslo_log/helpers.py:66
2018-09-13 14:38:13.187 1090 DEBUG oslo_concurrency.lockutils [req-109299a2-90a3-478f-895e-9f7e973d6e09 aade3447accb4ba6835bc5ec3454f5a6 892b3d52c94348d8a7355f6390963dca - - -] Lock "event-dispatch" released by "neutron.plugins.ml2.ovo_rpc.dispatch_events" :: held 0.193s inner /usr/lib/python2.7/site-packages/oslo_concurrency/lockutils.py:282
2018-09-13 14:38:13.244 1090 DEBUG neutron_lib.callbacks.manager [req-109299a2-90a3-478f-895e-9f7e973d6e09 aade3447accb4ba6835bc5ec3454f5a6 892b3d52c94348d8a7355f6390963dca - default default] Notify callbacks ['neutron.services.l3_router.l3_router_plugin.L3RouterPlugin._create_dvr_floating_gw_port--9223372036854187538'] for floatingip, after_update _notify_loop /usr/lib/python2.7/site-packages/neutron_lib/callbacks/manager.py:167
2018-09-13 14:38:13.288 1090 DEBUG neutron.quota.resource [req-109299a2-90a3-478f-895e-9f7e973d6e09 aade3447accb4ba6835bc5ec3454f5a6 892b3d52c94348d8a7355f6390963dca - default default] Persisted dirty status for tenant:5a39162220464b648ae12ce3b3f546b1 on resource:floatingip mark_dirty /usr/lib/python2.7/site-packages/neutron/quota/resource.py:207
2018-09-13 14:38:13.294 1090 DEBUG neutron.quota.resource [req-109299a2-90a3-478f-895e-9f7e973d6e09 aade3447accb4ba6835bc5ec3454f5a6 892b3d52c94348d8a7355f6390963dca - default default] Persisted dirty status for tenant: on resource:port mark_dirty /usr/lib/python2.7/site-packages/neutron/quota/resource.py:207
2018-09-13 14:38:13.304 1090 DEBUG neutron_lib.callbacks.manager [req-109299a2-90a3-478f-895e-9f7e973d6e09 aade3447accb4ba6835bc5ec3454f5a6 892b3d52c94348d8a7355f6390963dca - default default] Notify callbacks ['neutron.notifiers.nova.Notifier._send_nova_notification--9223372036854727924'] for floatingip, before_response _notify_loop /usr/lib/python2.7/site-packages/neutron_lib/callbacks/manager.py:167
2018-09-13 14:38:13.306 1090 INFO neutron.wsgi [req-109299a2-90a3-478f-895e-9f7e973d6e09 aade3447accb4ba6835bc5ec3454f5a6 892b3d52c94348d8a7355f6390963dca - default default] 10.0.20.22 "POST /v2.0/floatingips HTTP/1.1" status: 201  len: 675 time: 2.5054162
2018-09-13 14:38:13.407 1092 INFO neutron.wsgi [req-657292af-e83b-4749-8014-32f01399bfd1 d1138ec1c77349f9b95c6580aab47cb8 007b5c587a144e49a50c9008f27cd2bd - default default] 10.0.20.22 "GET /v2.0/ports?device_id=08043a1d-c5ab-4851-bccb-0bd474ff8163 HTTP/1.1" status: 200  len: 1125 time: 0.5684230
2018-09-13 14:38:13.513 1092 INFO neutron.wsgi [req-aa10cf19-0ad2-452e-96b7-86b0d62496c3 d1138ec1c77349f9b95c6580aab47cb8 007b5c587a144e49a50c9008f27cd2bd - default default] 10.0.20.22 "GET /v2.0/security-groups?id=88c79c69-2a8a-4141-85a4-ba61e459ee93 HTTP/1.1" status: 200  len: 2118 time: 0.0996521
2018-09-13 14:38:14.953 1092 DEBUG neutron.wsgi [-] (1092) accepted ('10.0.20.22', 51354) server /usr/lib/python2.7/site-packages/eventlet/wsgi.py:883
2018-09-13 14:38:15.506 1092 INFO neutron.wsgi [req-38008923-e3ed-490c-8616-d335d4ae377a d1138ec1c77349f9b95c6580aab47cb8 007b5c587a144e49a50c9008f27cd2bd - default default] 10.0.20.22 "GET /v2.0/ports?device_id=08043a1d-c5ab-4851-bccb-0bd474ff8163 HTTP/1.1" status: 200  len: 1125 time: 0.5516989
2018-09-13 14:38:15.569 1090 INFO neutron.wsgi [req-8e76e2a7-ca84-435e-b59e-0d66ace59f3c d1138ec1c77349f9b95c6580aab47cb8 007b5c587a144e49a50c9008f27cd2bd - default default] 10.0.20.22 "GET /v2.0/ports?tenant_id=5a39162220464b648ae12ce3b3f546b1&device_id=08043a1d-c5ab-4851-bccb-0bd474ff8163 HTTP/1.1" status: 200  len: 1125 time: 0.1092000
2018-09-13 14:38:15.619 1092 INFO neutron.wsgi [req-388d6dd8-60cc-4903-aba1-a2d4f2d79dd8 d1138ec1c77349f9b95c6580aab47cb8 007b5c587a144e49a50c9008f27cd2bd - default default] 10.0.20.22 "GET /v2.0/security-groups?id=88c79c69-2a8a-4141-85a4-ba61e459ee93 HTTP/1.1" status: 200  len: 2118 time: 0.1056581
2018-09-13 14:38:16.003 1090 DEBUG neutron.pecan_wsgi.hooks.policy_enforcement [req-7bc185f8-9f3c-4ac7-9914-e79fe5c91780 d1138ec1c77349f9b95c6580aab47cb8 007b5c587a144e49a50c9008f27cd2bd - default default] Attributes excluded by policy engine: [u'vlan_transparent'] _exclude_attributes_by_policy /usr/lib/python2.7/site-packages/neutron/pecan_wsgi/hooks/policy_enforcement.py:256
2018-09-13 14:38:16.007 1090 INFO neutron.wsgi [req-7bc185f8-9f3c-4ac7-9914-e79fe5c91780 d1138ec1c77349f9b95c6580aab47cb8 007b5c587a144e49a50c9008f27cd2bd - default default] 10.0.20.22 "GET /v2.0/networks?id=a377e5a5-a013-4afb-be11-ea1323263b53 HTTP/1.1" status: 200  len: 885 time: 0.4295888
2018-09-13 14:38:16.041 1090 INFO neutron.wsgi [req-5b15f205-13c5-44c7-a6b1-10d2dd5408c7 d1138ec1c77349f9b95c6580aab47cb8 007b5c587a144e49a50c9008f27cd2bd - default default] 10.0.20.22 "GET /v2.0/floatingips?fixed_ip_address=11.202.1.10&port_id=7c9c4578-4795-474f-986c-c6d28faae3de HTTP/1.1" status: 200  len: 217 time: 0.0266240
2018-09-13 14:38:16.156 1090 DEBUG neutron.pecan_wsgi.hooks.policy_enforcement [req-4f055ab2-b126-40b5-8297-1d95e381c931 d1138ec1c77349f9b95c6580aab47cb8 007b5c587a144e49a50c9008f27cd2bd - default default] Attributes excluded by policy engine: [u'shared'] _exclude_attributes_by_policy /usr/lib/python2.7/site-packages/neutron/pecan_wsgi/hooks/policy_enforcement.py:256
2018-09-13 14:38:16.159 1090 INFO neutron.wsgi [req-4f055ab2-b126-40b5-8297-1d95e381c931 d1138ec1c77349f9b95c6580aab47cb8 007b5c587a144e49a50c9008f27cd2bd - default default] 10.0.20.22 "GET /v2.0/subnets?id=4a51d0f2-ccfc-4cb7-a2f8-eb2db4df79e1 HTTP/1.1" status: 200  len: 847 time: 0.1123171
2018-09-13 14:38:16.267 1090 INFO neutron.wsgi [req-1d0a8330-c6a4-4acc-80ee-831cd25ed082 d1138ec1c77349f9b95c6580aab47cb8 007b5c587a144e49a50c9008f27cd2bd - default default] 10.0.20.22 "GET /v2.0/ports?network_id=a377e5a5-a013-4afb-be11-ea1323263b53&device_owner=network%3Adhcp HTTP/1.1" status: 200  len: 1128 time: 0.1010129
2018-09-13 14:38:19.390 1092 DEBUG neutron.wsgi [-] (1092) accepted ('10.0.20.22', 51392) server /usr/lib/python2.7/site-packages/eventlet/wsgi.py:883
2018-09-13 14:38:19.907 1092 INFO neutron.wsgi [req-027de2ea-52bb-469b-882f-781559b185d4 d1138ec1c77349f9b95c6580aab47cb8 007b5c587a144e49a50c9008f27cd2bd - default default] 10.0.20.22 "GET /v2.0/ports?device_id=08043a1d-c5ab-4851-bccb-0bd474ff8163 HTTP/1.1" status: 200  len: 1125 time: 0.5144439
2018-09-13 14:38:20.004 1092 INFO neutron.wsgi [req-919ea08b-cf77-44bd-99cd-9564a24fc939 d1138ec1c77349f9b95c6580aab47cb8 007b5c587a144e49a50c9008f27cd2bd - default default] 10.0.20.22 "GET /v2.0/security-groups?id=88c79c69-2a8a-4141-85a4-ba61e459ee93 HTTP/1.1" status: 200  len: 2118 time: 0.0905581
2018-09-13 14:38:21.518 1092 DEBUG neutron.wsgi [-] (1092) accepted ('10.0.20.22', 51406) server /usr/lib/python2.7/site-packages/eventlet/wsgi.py:883
2018-09-13 14:38:22.003 1092 INFO neutron.wsgi [req-cde4de89-59cd-4416-8e4d-fdb13969a524 d1138ec1c77349f9b95c6580aab47cb8 007b5c587a144e49a50c9008f27cd2bd - default default] 10.0.20.22 "GET /v2.0/ports?device_id=08043a1d-c5ab-4851-bccb-0bd474ff8163 HTTP/1.1" status: 200  len: 1125 time: 0.4844420
2018-09-13 14:38:22.114 1092 INFO neutron.wsgi [req-d60d715a-9d79-4752-bccd-4d73e28df21c d1138ec1c77349f9b95c6580aab47cb8 007b5c587a144e49a50c9008f27cd2bd - default default] 10.0.20.22 "GET /v2.0/security-groups?id=88c79c69-2a8a-4141-85a4-ba61e459ee93 HTTP/1.1" status: 200  len: 2118 time: 0.1025910
2018-09-13 14:38:24.248 1093 DEBUG neutron.wsgi [-] (1093) accepted ('10.0.20.22', 51682) server /usr/lib/python2.7/site-packages/eventlet/wsgi.py:883
2018-09-13 14:38:24.413 1111 DEBUG neutron.db.agents_db [req-1465e669-8205-4905-8ce6-dadef8dcb8f1 - - - - -] Agent healthcheck: found 5 active agents agent_health_check /usr/lib/python2.7/site-packages/neutron/db/agents_db.py:281
2018-09-13 14:38:24.523 1090 INFO neutron.wsgi [req-8d747d38-d61f-4dc3-b09e-6cb11c7cacf9 ccbcae050c044573af46cf8121f12edd 5a39162220464b648ae12ce3b3f546b1 - 2cefc9a79b064afb9a4d940e8c01a234 2cefc9a79b064afb9a4d940e8c01a234] 10.0.20.22 "GET /v2.0/ports?device_id=08043a1d-c5ab-4851-bccb-0bd474ff8163 HTTP/1.1" status: 200  len: 1125 time: 0.4986839
2018-09-13 14:38:24.630 1090 INFO neutron.wsgi [req-4ae1b32b-6a11-4ca3-8c88-ad74bcbab01e ccbcae050c044573af46cf8121f12edd 5a39162220464b648ae12ce3b3f546b1 - 2cefc9a79b064afb9a4d940e8c01a234 2cefc9a79b064afb9a4d940e8c01a234] 10.0.20.22 "GET /v2.0/security-groups?id=88c79c69-2a8a-4141-85a4-ba61e459ee93 HTTP/1.1" status: 200  len: 2118 time: 0.1003909
2018-09-13 14:38:24.721 1093 INFO neutron.wsgi [req-55bf0506-d9af-447b-8168-7f46b33afabc d1138ec1c77349f9b95c6580aab47cb8 007b5c587a144e49a50c9008f27cd2bd - default default] 10.0.20.22 "GET /v2.0/ports?device_id=08043a1d-c5ab-4851-bccb-0bd474ff8163 HTTP/1.1" status: 200  len: 1125 time: 0.4696009
2018-09-13 14:38:24.808 1093 INFO neutron.wsgi [req-642b3be3-af3b-427d-9c39-d878a6ac9cab d1138ec1c77349f9b95c6580aab47cb8 007b5c587a144e49a50c9008f27cd2bd - default default] 10.0.20.22 "GET /v2.0/security-groups?id=88c79c69-2a8a-4141-85a4-ba61e459ee93 HTTP/1.1" status: 200  len: 2118 time: 0.0800481
2018-09-13 14:38:24.832 1090 INFO neutron.wsgi [req-145d1e36-1a70-4fdc-93d0-12ff257293df ccbcae050c044573af46cf8121f12edd 5a39162220464b648ae12ce3b3f546b1 - 2cefc9a79b064afb9a4d940e8c01a234 2cefc9a79b064afb9a4d940e8c01a234] 10.0.20.22 "GET /v2.0/ports?device_owner=compute%3Anova&device_id=08043a1d-c5ab-4851-bccb-0bd474ff8163 HTTP/1.1" status: 200  len: 1125 time: 0.1054971
2018-09-13 14:38:24.873 1090 DEBUG neutron.quota.resource [req-88933414-da5d-495d-90dd-03af68d27cdf ccbcae050c044573af46cf8121f12edd 5a39162220464b648ae12ce3b3f546b1 - 2cefc9a79b064afb9a4d940e8c01a234 2cefc9a79b064afb9a4d940e8c01a234] Synchronizing usage tracker for tenant:5a39162220464b648ae12ce3b3f546b1 on resource:floatingip resync /usr/lib/python2.7/site-packages/neutron/quota/resource.py:245
2018-09-13 14:38:24.916 1090 DEBUG neutron.quota.resource [req-88933414-da5d-495d-90dd-03af68d27cdf ccbcae050c044573af46cf8121f12edd 5a39162220464b648ae12ce3b3f546b1 - 2cefc9a79b064afb9a4d940e8c01a234 2cefc9a79b064afb9a4d940e8c01a234] Unset dirty status for tenant:5a39162220464b648ae12ce3b3f546b1 on resource:floatingip _resync /usr/lib/python2.7/site-packages/neutron/quota/resource.py:237
2018-09-13 14:38:24.919 1090 INFO neutron.wsgi [req-88933414-da5d-495d-90dd-03af68d27cdf ccbcae050c044573af46cf8121f12edd 5a39162220464b648ae12ce3b3f546b1 - 2cefc9a79b064afb9a4d940e8c01a234 2cefc9a79b064afb9a4d940e8c01a234] 10.0.20.22 "GET /v2.0/floatingips?floating_ip_address=172.24.4.13 HTTP/1.1" status: 200  len: 673 time: 0.0801921
2018-09-13 14:38:24.938 1090 DEBUG neutron.api.v2.base [req-fac4cfe6-a663-40ad-a532-327a8959a59e ccbcae050c044573af46cf8121f12edd 5a39162220464b648ae12ce3b3f546b1 - 2cefc9a79b064afb9a4d940e8c01a234 2cefc9a79b064afb9a4d940e8c01a234] Request body: {u'floatingip': {u'fixed_ip_address': u'11.202.1.10', u'port_id': u'7c9c4578-4795-474f-986c-c6d28faae3de'}} prepare_request_body /usr/lib/python2.7/site-packages/neutron/api/v2/base.py:695
2018-09-13 14:38:25.246 1090 DEBUG neutron_lib.callbacks.manager [req-fac4cfe6-a663-40ad-a532-327a8959a59e ccbcae050c044573af46cf8121f12edd 5a39162220464b648ae12ce3b3f546b1 - 2cefc9a79b064afb9a4d940e8c01a234 2cefc9a79b064afb9a4d940e8c01a234] Notify callbacks ['neutron.services.l3_router.l3_router_plugin.L3RouterPlugin._create_dvr_floating_gw_port--9223372036854187538'] for floatingip, after_update _notify_loop /usr/lib/python2.7/site-packages/neutron_lib/callbacks/manager.py:167
2018-09-13 14:38:25.591 1101 DEBUG neutron_lib.callbacks.manager [req-a3ec87d4-0258-4741-aed9-e394ed81c1de - - - - -] Notify callbacks ['neutron.services.segments.db._update_segment_host_mapping_for_agent--9223363252610947015'] for agent, after_update _notify_loop /usr/lib/python2.7/site-packages/neutron_lib/callbacks/manager.py:167
2018-09-13 14:38:25.622 1102 DEBUG neutron_lib.callbacks.manager [req-66f58807-af6f-4787-a454-6b06709e482c - - - - -] Notify callbacks ['neutron.services.segments.db._update_segment_host_mapping_for_agent--9223363252610947015'] for agent, after_update _notify_loop /usr/lib/python2.7/site-packages/neutron_lib/callbacks/manager.py:167
2018-09-13 14:38:25.766 1090 DEBUG neutron.scheduler.l3_agent_scheduler [req-fac4cfe6-a663-40ad-a532-327a8959a59e ccbcae050c044573af46cf8121f12edd 5a39162220464b648ae12ce3b3f546b1 - 2cefc9a79b064afb9a4d940e8c01a234 2cefc9a79b064afb9a4d940e8c01a234] Router 9a92d8f8-f6fc-4449-b516-1f54abe33ff6 has already been hosted by L3 agent bbe33573-c700-4200-b44f-d2ad03ddf329 _get_candidates /usr/lib/python2.7/site-packages/neutron/scheduler/l3_agent_scheduler.py:141
2018-09-13 14:38:25.940 1090 DEBUG neutron.api.rpc.agentnotifiers.l3_rpc_agent_api [req-fac4cfe6-a663-40ad-a532-327a8959a59e ccbcae050c044573af46cf8121f12edd 5a39162220464b648ae12ce3b3f546b1 - 2cefc9a79b064afb9a4d940e8c01a234 2cefc9a79b064afb9a4d940e8c01a234] Notify agent at l3_agent.localhost.localdomain the message routers_updated _agent_notification /usr/lib/python2.7/site-packages/neutron/api/rpc/agentnotifiers/l3_rpc_agent_api.py:69
2018-09-13 14:38:25.958 1090 DEBUG neutron_lib.callbacks.manager [req-fac4cfe6-a663-40ad-a532-327a8959a59e ccbcae050c044573af46cf8121f12edd 5a39162220464b648ae12ce3b3f546b1 - 2cefc9a79b064afb9a4d940e8c01a234 2cefc9a79b064afb9a4d940e8c01a234] Notify callbacks ['neutron.notifiers.nova.Notifier._send_nova_notification--9223372036854727924'] for floatingip, before_response _notify_loop /usr/lib/python2.7/site-packages/neutron_lib/callbacks/manager.py:167
2018-09-13 14:38:25.983 1100 DEBUG neutron.db.l3_hamode_db [req-94e05999-640d-4faa-84e6-8a62e1eb92a9 - - - - -] neutron.services.l3_router.l3_router_plugin.L3RouterPlugin method get_ha_sync_data_for_host called with arguments (<neutron_lib.context.Context object at 0x7fd3daec3c50>, u'localhost.localdomain', <neutron.db.models.agent.Agent[object at 7fd3daeee1d0] {id=u'bbe33573-c700-4200-b44f-d2ad03ddf329', agent_type=u'L3 agent', binary=u'neutron-l3-agent', topic=u'l3_agent', host=u'localhost.localdomain', availability_zone=u'nova', admin_state_up=True, created_at=datetime.datetime(2018, 9, 12, 22, 23, 13), started_at=datetime.datetime(2018, 9, 13, 18, 28, 26), heartbeat_timestamp=datetime.datetime(2018, 9, 13, 18, 37, 56), description=None, configurations=u'{"agent_mode": "legacy", "gateway_external_network_id": "", "handle_internal_only_routers": true, "routers": 2, "interfaces": 2, "floating_ips": 0, "interface_driver": "neutron.agent.linux.interface.OVSInterfaceDriver", "log_agent_heartbeats": false, "external_network_bridge": "", "ex_gw_ports": 2}', resource_versions=None, load=0}>) {'active': True, 'router_ids': ['9a92d8f8-f6fc-4449-b516-1f54abe33ff6']} wrapper /usr/lib/python2.7/site-packages/oslo_log/helpers.py:66
2018-09-13 14:38:26.038 1090 INFO neutron.wsgi [req-fac4cfe6-a663-40ad-a532-327a8959a59e ccbcae050c044573af46cf8121f12edd 5a39162220464b648ae12ce3b3f546b1 - 2cefc9a79b064afb9a4d940e8c01a234 2cefc9a79b064afb9a4d940e8c01a234] 10.0.20.22 "PUT /v2.0/floatingips/6908bae1-248b-444c-90cf-d15f3087f686 HTTP/1.1" status: 200  len: 747 time: 1.1109309
2018-09-13 14:38:26.040 1090 DEBUG oslo_concurrency.lockutils [-] Lock "notifier-e61d3d2a-f6a1-4e97-ab26-aa69339c6c71" acquired by "neutron.notifiers.batch_notifier.synced_send" :: waited 0.000s inner /usr/lib/python2.7/site-packages/oslo_concurrency/lockutils.py:270
2018-09-13 14:38:26.040 1090 DEBUG neutron.notifiers.nova [-] Sending events: [{'tag': u'7c9c4578-4795-474f-986c-c6d28faae3de', 'name': 'network-changed', 'server_uuid': u'08043a1d-c5ab-4851-bccb-0bd474ff8163'}] send_events /usr/lib/python2.7/site-packages/neutron/notifiers/nova.py:242
2018-09-13 14:38:26.047 1090 DEBUG novaclient.v2.client [-] REQ: curl -g -i -X POST http://10.0.20.22:8774/v2.1/007b5c587a144e49a50c9008f27cd2bd/os-server-external-events -H "User-Agent: python-novaclient" -H "Content-Type: application/json" -H "Accept: application/json" -H "X-OpenStack-Nova-API-Version: 2.1" -H "X-Auth-Token: {SHA1}f7e8c850d5291989cc93aca77855528368c732f8" -d '{"events": [{"tag": "7c9c4578-4795-474f-986c-c6d28faae3de", "name": "network-changed", "server_uuid": "08043a1d-c5ab-4851-bccb-0bd474ff8163"}]}' _http_log_request /usr/lib/python2.7/site-packages/keystoneauth1/session.py:375
2018-09-13 14:38:26.137 1090 DEBUG novaclient.v2.client [-] RESP: [200] Content-Length: 179 Content-Type: application/json Openstack-Api-Version: compute 2.1 X-Openstack-Nova-Api-Version: 2.1 Vary: OpenStack-API-Version, X-OpenStack-Nova-API-Version X-Openstack-Request-Id: req-95996949-2c3c-4058-8b3c-0abc580d6a90 X-Compute-Request-Id: req-95996949-2c3c-4058-8b3c-0abc580d6a90 Date: Thu, 13 Sep 2018 18:38:26 GMT Connection: keep-alive 
RESP BODY: {"events": [{"status": "completed", "tag": "7c9c4578-4795-474f-986c-c6d28faae3de", "name": "network-changed", "server_uuid": "08043a1d-c5ab-4851-bccb-0bd474ff8163", "code": 200}]}
 _http_log_response /usr/lib/python2.7/site-packages/keystoneauth1/session.py:423
2018-09-13 14:38:26.138 1090 DEBUG novaclient.v2.client [-] POST call to compute for http://10.0.20.22:8774/v2.1/007b5c587a144e49a50c9008f27cd2bd/os-server-external-events used request id req-95996949-2c3c-4058-8b3c-0abc580d6a90 request /usr/lib/python2.7/site-packages/keystoneauth1/session.py:727
2018-09-13 14:38:26.139 1090 INFO neutron.notifiers.nova [-] Nova event response: {u'status': u'completed', u'tag': u'7c9c4578-4795-474f-986c-c6d28faae3de', u'name': u'network-changed', u'server_uuid': u'08043a1d-c5ab-4851-bccb-0bd474ff8163', u'code': 200}
2018-09-13 14:38:26.252 1104 DEBUG neutron_lib.callbacks.manager [req-45c78811-c96f-4356-ab94-6e79bcd34ca6 - - - - -] Notify callbacks ['neutron.services.segments.db._update_segment_host_mapping_for_agent--9223363252610947015'] for agent, after_update _notify_loop /usr/lib/python2.7/site-packages/neutron_lib/callbacks/manager.py:167
2018-09-13 14:38:26.312 1090 INFO neutron.wsgi [req-c410fa93-1ed6-4f65-8044-94065ff3a29e d1138ec1c77349f9b95c6580aab47cb8 007b5c587a144e49a50c9008f27cd2bd - default default] 10.0.20.22 "GET /v2.0/ports?tenant_id=5a39162220464b648ae12ce3b3f546b1&device_id=08043a1d-c5ab-4851-bccb-0bd474ff8163 HTTP/1.1" status: 200  len: 1125 time: 0.1266329
2018-09-13 14:38:26.566 1090 DEBUG neutron.pecan_wsgi.hooks.policy_enforcement [req-df57b894-71e6-434b-981a-5e9d7251a7b9 d1138ec1c77349f9b95c6580aab47cb8 007b5c587a144e49a50c9008f27cd2bd - default default] Attributes excluded by policy engine: [u'vlan_transparent'] _exclude_attributes_by_policy /usr/lib/python2.7/site-packages/neutron/pecan_wsgi/hooks/policy_enforcement.py:256
2018-09-13 14:38:26.571 1090 INFO neutron.wsgi [req-df57b894-71e6-434b-981a-5e9d7251a7b9 d1138ec1c77349f9b95c6580aab47cb8 007b5c587a144e49a50c9008f27cd2bd - default default] 10.0.20.22 "GET /v2.0/networks?id=a377e5a5-a013-4afb-be11-ea1323263b53 HTTP/1.1" status: 200  len: 885 time: 0.2500129
2018-09-13 14:38:26.640 1090 INFO neutron.wsgi [req-8ccb7a6a-3cbf-4b12-aaff-5da0ff972516 d1138ec1c77349f9b95c6580aab47cb8 007b5c587a144e49a50c9008f27cd2bd - default default] 10.0.20.22 "GET /v2.0/floatingips?fixed_ip_address=11.202.1.10&port_id=7c9c4578-4795-474f-986c-c6d28faae3de HTTP/1.1" status: 200  len: 750 time: 0.0595498
2018-09-13 14:38:26.714 1100 DEBUG neutron.db.l3_hamode_db [req-94e05999-640d-4faa-84e6-8a62e1eb92a9 - - - - -] neutron.services.l3_router.l3_router_plugin.L3RouterPlugin method _process_sync_ha_data called with arguments (<neutron_lib.context.Context object at 0x7fd3daec3c50>, [{'status': u'ACTIVE', '_interfaces': [{'status': u'ACTIVE', 'subnets': [{'dns_nameservers': [u'8.8.4.4'], 'ipv6_ra_mode': None, 'gateway_ip': u'11.202.1.1', 'cidr': u'11.202.1.0/24', 'id': u'4a51d0f2-ccfc-4cb7-a2f8-eb2db4df79e1', 'subnetpool_id': None}], 'binding:host_id': u'localhost.localdomain', 'description': u'', 'allowed_address_pairs': [], 'tags': [], 'extra_dhcp_opts': [], 'updated_at': '2018-09-13T18:37:01Z', 'device_owner': u'network:router_interface', 'revision_number': 7, 'port_security_enabled': False, 'binding:profile': {}, 'mtu': 1450, 'fixed_ips': [{'subnet_id': u'4a51d0f2-ccfc-4cb7-a2f8-eb2db4df79e1', 'prefixlen': 24, 'ip_address': u'11.202.1.1'}], 'id': u'9702be3e-5c9a-4181-b26c-ffa2c98b9b9c', 'security_groups': [], 'device_id': u'9a92d8f8-f6fc-4449-b516-1f54abe33ff6', 'name': u'', 'admin_state_up': True, 'network_id': u'a377e5a5-a013-4afb-be11-ea1323263b53', 'tenant_id': u'5a39162220464b648ae12ce3b3f546b1', 'binding:vif_details': {u'port_filter': True, u'datapath_type': u'system', u'ovs_hybrid_plug': True}, 'address_scopes': {4: None, 6: None}, 'binding:vnic_type': u'normal', 'binding:vif_type': u'ovs', 'mac_address': u'fa:16:3e:40:ac:70', 'project_id': u'5a39162220464b648ae12ce3b3f546b1', 'extra_subnets': [], 'created_at': '2018-09-13T18:36:55Z'}], 'enable_snat': True, 'ha_vr_id': 0, 'description': u'', 'tags': [], 'gw_port': {'status': u'ACTIVE', 'subnets': [{'dns_nameservers': [], 'ipv6_ra_mode': None, 'gateway_ip': u'172.24.4.1', 'cidr': u'172.24.4.0/24', 'id': u'6852f693-9617-43cb-89eb-377974cd9510', 'subnetpool_id': None}], 'binding:host_id': u'localhost.localdomain', 'description': u'', 'allowed_address_pairs': [], 'tags': [], 'extra_dhcp_opts': [], 'updated_at': '2018-09-13T18:37:17Z', 'device_owner': u'network:router_gateway', 'revision_number': 6, 'port_security_enabled': False, 'binding:profile': {}, 'mtu': 1500, 'fixed_ips': [{'subnet_id': u'6852f693-9617-43cb-89eb-377974cd9510', 'prefixlen': 24, 'ip_address': u'172.24.4.6'}], 'id': u'164384b6-a2e0-40d3-bb25-563c0fb61696', 'security_groups': [], 'device_id': u'9a92d8f8-f6fc-4449-b516-1f54abe33ff6', 'name': u'', 'admin_state_up': True, 'network_id': u'9619842c-a15f-4600-bdce-bfe274d454b0', 'tenant_id': u'', 'binding:vif_details': {u'port_filter': True, u'datapath_type': u'system', u'ovs_hybrid_plug': True}, 'address_scopes': {4: None, 6: None}, 'binding:vnic_type': u'normal', 'binding:vif_type': u'ovs', 'mac_address': u'fa:16:3e:de:4e:14', 'project_id': u'', 'extra_subnets': [], 'created_at': '2018-09-13T18:37:10Z'}, 'updated_at': '2018-09-13T18:37:11Z', 'revision_number': 4, 'ha': False, 'id': u'9a92d8f8-f6fc-4449-b516-1f54abe33ff6', 'gw_port_host': u'localhost.localdomain', 'external_gateway_info': {'network_id': u'9619842c-a15f-4600-bdce-bfe274d454b0', 'enable_snat': True, 'external_fixed_ips': [{'subnet_id': u'6852f693-9617-43cb-89eb-377974cd9510', 'ip_address': u'172.24.4.6'}]}, 'availability_zone_hints': [], 'availability_zones': [u'nova'], 'name': u'tempest-router-1536863650', 'gw_port_id': u'164384b6-a2e0-40d3-bb25-563c0fb61696', 'admin_state_up': True, 'tenant_id': u'5a39162220464b648ae12ce3b3f546b1', 'created_at': '2018-09-13T18:36:36Z', 'distributed': False, 'flavor_id': None, 'routes': [], 'project_id': u'5a39162220464b648ae12ce3b3f546b1', '_floatingips': [{'router_id': u'9a92d8f8-f6fc-4449-b516-1f54abe33ff6', 'status': u'DOWN', 'description': u'', 'tags': [], 'updated_at': '2018-09-13T18:38:25Z', 'dns_domain': '', 'floating_network_id': u'9619842c-a15f-4600-bdce-bfe274d454b0', 'fixed_ip_address': u'11.202.1.10', 'floating_ip_address': u'172.24.4.13', 'revision_number': 1, 'port_id': u'7c9c4578-4795-474f-986c-c6d28faae3de', 'id': u'6908bae1-248b-444c-90cf-d15f3087f686', 'dns_name': '', 'created_at': '2018-09-13T18:38:12Z', 'tenant_id': u'5a39162220464b648ae12ce3b3f546b1', 'fixed_ip_address_scope': None, 'project_id': u'5a39162220464b648ae12ce3b3f546b1'}]}], u'localhost.localdomain', False) {} wrapper /usr/lib/python2.7/site-packages/oslo_log/helpers.py:66
2018-09-13 14:38:26.727 1100 DEBUG neutron.api.rpc.handlers.l3_rpc [req-94e05999-640d-4faa-84e6-8a62e1eb92a9 - - - - -] Checking router: 9a92d8f8-f6fc-4449-b516-1f54abe33ff6 for host: localhost.localdomain _ensure_host_set_on_ports /usr/lib/python2.7/site-packages/neutron/api/rpc/handlers/l3_rpc.py:135
2018-09-13 14:38:26.780 1090 DEBUG neutron.pecan_wsgi.hooks.policy_enforcement [req-e0a96a2a-24a0-4eba-90ef-15742d3b86fc d1138ec1c77349f9b95c6580aab47cb8 007b5c587a144e49a50c9008f27cd2bd - default default] Attributes excluded by policy engine: [u'shared'] _exclude_attributes_by_policy /usr/lib/python2.7/site-packages/neutron/pecan_wsgi/hooks/policy_enforcement.py:256
2018-09-13 14:38:26.783 1090 INFO neutron.wsgi [req-e0a96a2a-24a0-4eba-90ef-15742d3b86fc d1138ec1c77349f9b95c6580aab47cb8 007b5c587a144e49a50c9008f27cd2bd - default default] 10.0.20.22 "GET /v2.0/subnets?id=4a51d0f2-ccfc-4cb7-a2f8-eb2db4df79e1 HTTP/1.1" status: 200  len: 847 time: 0.1357741
2018-09-13 14:38:26.916 1090 INFO neutron.wsgi [req-3482a2c8-7e10-4941-9737-13390bdb53e3 d1138ec1c77349f9b95c6580aab47cb8 007b5c587a144e49a50c9008f27cd2bd - default default] 10.0.20.22 "GET /v2.0/ports?network_id=a377e5a5-a013-4afb-be11-ea1323263b53&device_owner=network%3Adhcp HTTP/1.1" status: 200  len: 1128 time: 0.1249740
2018-09-13 14:38:27.008 1093 DEBUG neutron.wsgi [-] (1093) accepted ('10.0.20.22', 51704) server /usr/lib/python2.7/site-packages/eventlet/wsgi.py:883
2018-09-13 14:38:27.105 1105 DEBUG neutron.api.rpc.handlers.l3_rpc [req-e4ac3d02-e1bf-4b82-ac45-1893d4fb3957 - - - - -] New status for floating IP 6908bae1-248b-444c-90cf-d15f3087f686: ACTIVE update_floatingip_statuses /usr/lib/python2.7/site-packages/neutron/api/rpc/handlers/l3_rpc.py:252
2018-09-13 14:38:27.419 1090 INFO neutron.wsgi [req-3b0e29d9-0d4c-46c4-a7cf-8a421898dd60 d1138ec1c77349f9b95c6580aab47cb8 007b5c587a144e49a50c9008f27cd2bd - default default] 10.0.20.22 "GET /v2.0/ports?tenant_id=5a39162220464b648ae12ce3b3f546b1&device_id=08043a1d-c5ab-4851-bccb-0bd474ff8163 HTTP/1.1" status: 200  len: 1125 time: 0.4558311
2018-09-13 14:38:27.653 1090 DEBUG neutron.pecan_wsgi.hooks.policy_enforcement [req-a4a0cc48-65d8-4d27-996b-b34e8399191a d1138ec1c77349f9b95c6580aab47cb8 007b5c587a144e49a50c9008f27cd2bd - default default] Attributes excluded by policy engine: [u'vlan_transparent'] _exclude_attributes_by_policy /usr/lib/python2.7/site-packages/neutron/pecan_wsgi/hooks/policy_enforcement.py:256
2018-09-13 14:38:27.656 1090 INFO neutron.wsgi [req-a4a0cc48-65d8-4d27-996b-b34e8399191a d1138ec1c77349f9b95c6580aab47cb8 007b5c587a144e49a50c9008f27cd2bd - default default] 10.0.20.22 "GET /v2.0/networks?id=a377e5a5-a013-4afb-be11-ea1323263b53 HTTP/1.1" status: 200  len: 885 time: 0.2299058
2018-09-13 14:38:27.672 1093 INFO neutron.wsgi [req-f0d18e31-bf94-4ac5-971e-dc440dc35462 d1138ec1c77349f9b95c6580aab47cb8 007b5c587a144e49a50c9008f27cd2bd - default default] 10.0.20.22 "GET /v2.0/ports?device_id=08043a1d-c5ab-4851-bccb-0bd474ff8163 HTTP/1.1" status: 200  len: 1125 time: 0.6620491
2018-09-13 14:38:27.699 1090 INFO neutron.wsgi [req-d154cb77-2bf0-4480-86a7-0228aa0a5aeb d1138ec1c77349f9b95c6580aab47cb8 007b5c587a144e49a50c9008f27cd2bd - default default] 10.0.20.22 "GET /v2.0/floatingips?fixed_ip_address=11.202.1.10&port_id=7c9c4578-4795-474f-986c-c6d28faae3de HTTP/1.1" status: 200  len: 752 time: 0.0329080
2018-09-13 14:38:27.795 1093 INFO neutron.wsgi [req-06858d44-700c-4e77-adfc-3aae888d77eb d1138ec1c77349f9b95c6580aab47cb8 007b5c587a144e49a50c9008f27cd2bd - default default] 10.0.20.22 "GET /v2.0/security-groups?id=88c79c69-2a8a-4141-85a4-ba61e459ee93 HTTP/1.1" status: 200  len: 2118 time: 0.1138408
2018-09-13 14:38:27.831 1090 DEBUG neutron.pecan_wsgi.hooks.policy_enforcement [req-aba86594-f3c6-468a-8e85-423d95459ad4 d1138ec1c77349f9b95c6580aab47cb8 007b5c587a144e49a50c9008f27cd2bd - default default] Attributes excluded by policy engine: [u'shared'] _exclude_attributes_by_policy /usr/lib/python2.7/site-packages/neutron/pecan_wsgi/hooks/policy_enforcement.py:256
2018-09-13 14:38:27.833 1090 INFO neutron.wsgi [req-aba86594-f3c6-468a-8e85-423d95459ad4 d1138ec1c77349f9b95c6580aab47cb8 007b5c587a144e49a50c9008f27cd2bd - default default] 10.0.20.22 "GET /v2.0/subnets?id=4a51d0f2-ccfc-4cb7-a2f8-eb2db4df79e1 HTTP/1.1" status: 200  len: 847 time: 0.1267431
2018-09-13 14:38:27.952 1090 INFO neutron.wsgi [req-f4189fff-f6d7-4151-be2a-31bb6d32c270 d1138ec1c77349f9b95c6580aab47cb8 007b5c587a144e49a50c9008f27cd2bd - default default] 10.0.20.22 "GET /v2.0/ports?network_id=a377e5a5-a013-4afb-be11-ea1323263b53&device_owner=network%3Adhcp HTTP/1.1" status: 200  len: 1128 time: 0.1123941
2018-09-13 14:38:28.141 1090 DEBUG oslo_concurrency.lockutils [-] Lock "notifier-e61d3d2a-f6a1-4e97-ab26-aa69339c6c71" released by "neutron.notifiers.batch_notifier.synced_send" :: held 2.102s inner /usr/lib/python2.7/site-packages/oslo_concurrency/lockutils.py:282
2018-09-13 14:38:29.620 1109 DEBUG neutron_lib.callbacks.manager [req-c962e137-dc55-41c3-9a3c-50897829fcf0 - - - - -] Notify callbacks ['neutron.services.segments.db._update_segment_host_mapping_for_agent--9223363252610947015'] for agent, after_update _notify_loop /usr/lib/python2.7/site-packages/neutron_lib/callbacks/manager.py:167
2018-09-13 14:38:39.232 1094 DEBUG neutron.wsgi [-] (1094) accepted ('10.0.20.22', 51986) server /usr/lib/python2.7/site-packages/eventlet/wsgi.py:883
2018-09-13 14:38:39.845 1094 INFO neutron.wsgi [req-57b36fc1-e9fc-4c20-a44e-30bd585ea4da ccbcae050c044573af46cf8121f12edd 5a39162220464b648ae12ce3b3f546b1 - 2cefc9a79b064afb9a4d940e8c01a234 2cefc9a79b064afb9a4d940e8c01a234] 10.0.20.22 "GET /v2.0/ports?device_id=08043a1d-c5ab-4851-bccb-0bd474ff8163 HTTP/1.1" status: 200  len: 1125 time: 0.6103601
2018-09-13 14:38:39.958 1094 INFO neutron.wsgi [req-e90a5ff6-f1e8-4a87-8d75-8614495c4854 ccbcae050c044573af46cf8121f12edd 5a39162220464b648ae12ce3b3f546b1 - 2cefc9a79b064afb9a4d940e8c01a234 2cefc9a79b064afb9a4d940e8c01a234] 10.0.20.22 "GET /v2.0/security-groups?id=88c79c69-2a8a-4141-85a4-ba61e459ee93 HTTP/1.1" status: 200  len: 2118 time: 0.1054502
2018-09-13 14:38:42.840 1110 DEBUG neutron_lib.callbacks.manager [req-092878f0-1f1b-4137-875c-87a778aa6734 - - - - -] Notify callbacks ['neutron.services.segments.db._update_segment_host_mapping_for_agent--9223363252610947015'] for agent, after_update _notify_loop /usr/lib/python2.7/site-packages/neutron_lib/callbacks/manager.py:167
2018-09-13 14:38:55.610 1100 DEBUG neutron_lib.callbacks.manager [req-0f7f6298-c1cb-4d38-ace0-02925e1ac8fb - - - - -] Notify callbacks ['neutron.services.segments.db._update_segment_host_mapping_for_agent--9223363252610947015'] for agent, after_update _notify_loop /usr/lib/python2.7/site-packages/neutron_lib/callbacks/manager.py:167
2018-09-13 14:38:55.633 1105 DEBUG neutron_lib.callbacks.manager [req-66f58807-af6f-4787-a454-6b06709e482c - - - - -] Notify callbacks ['neutron.services.segments.db._update_segment_host_mapping_for_agent--9223363252610947015'] for agent, after_update _notify_loop /usr/lib/python2.7/site-packages/neutron_lib/callbacks/manager.py:167
2018-09-13 14:38:56.236 1106 DEBUG neutron_lib.callbacks.manager [req-79b4f14e-c94f-4a0f-b1c9-974d2c1a581b - - - - -] Notify callbacks ['neutron.services.segments.db._update_segment_host_mapping_for_agent--9223363252610947015'] for agent, after_update _notify_loop /usr/lib/python2.7/site-packages/neutron_lib/callbacks/manager.py:167
2018-09-13 14:38:57.318 1092 INFO neutron.wsgi [req-14457b3c-738e-434b-b705-7bf478915f86 ccbcae050c044573af46cf8121f12edd 5a39162220464b648ae12ce3b3f546b1 - 2cefc9a79b064afb9a4d940e8c01a234 2cefc9a79b064afb9a4d940e8c01a234] 10.0.20.22 "GET /v2.0/ports?device_id=08043a1d-c5ab-4851-bccb-0bd474ff8163 HTTP/1.1" status: 200  len: 1125 time: 0.4867339
