2018-09-30 02:19:59.928 27434 DEBUG neutron.pecan_wsgi.hooks.policy_enforcement [req-7b7549a1-00f3-451d-8795-9d69c900f0f5 6041b01c631d425d829cf96874ce50bf 671ea1986554476bbcaa620e00697d23 - default default] Attributes excluded by policy engine: [u'vlan_transparent'] _exclude_attributes_by_policy /usr/lib/python2.7/site-packages/neutron/pecan_wsgi/hooks/policy_enforcement.py:256
2018-09-30 02:19:59.931 27434 INFO neutron.wsgi [req-7b7549a1-00f3-451d-8795-9d69c900f0f5 6041b01c631d425d829cf96874ce50bf 671ea1986554476bbcaa620e00697d23 - default default] 10.0.20.25 "GET /v2.0/networks?id=7fd5fc1a-da08-4367-af70-7c64d1d83591 HTTP/1.1" status: 200  len: 885 time: 0.2544959
2018-09-30 02:19:59.988 27434 INFO neutron.wsgi [req-647f05fb-d5cc-4b7b-8a81-fd8d757232bc 6041b01c631d425d829cf96874ce50bf 671ea1986554476bbcaa620e00697d23 - default default] 10.0.20.25 "GET /v2.0/floatingips?fixed_ip_address=11.183.1.9&port_id=ea4f8ba9-a9ee-4649-ad51-5bc0af7e4450 HTTP/1.1" status: 200  len: 217 time: 0.0455520
2018-09-30 02:20:00.016 27440 DEBUG neutron.db.l3_hamode_db [req-b8604d27-c593-4e9c-b478-294575aede92 - - - - -] neutron.services.l3_router.l3_router_plugin.L3RouterPlugin method _process_sync_ha_data called with arguments (<neutron_lib.context.Context object at 0x7f9c0f6b6f50>, [{'status': u'ACTIVE', '_interfaces': [{'status': u'ACTIVE', 'subnets': [{'dns_nameservers': [u'8.8.4.4'], 'ipv6_ra_mode': None, 'gateway_ip': u'11.183.1.1', 'cidr': u'11.183.1.0/24', 'id': u'8b11d080-1827-4288-b6dc-5f9b477b1885', 'subnetpool_id': None}], 'binding:host_id': u'localhost.localdomain', 'description': u'', 'allowed_address_pairs': [], 'tags': [], 'extra_dhcp_opts': [], 'updated_at': '2018-09-30T06:14:50Z', 'device_owner': u'network:router_interface', 'revision_number': 7, 'port_security_enabled': False, 'binding:profile': {}, 'mtu': 1450, 'fixed_ips': [{'subnet_id': u'8b11d080-1827-4288-b6dc-5f9b477b1885', 'prefixlen': 24, 'ip_address': u'11.183.1.1'}], 'id': u'1783c162-b2c0-4a8b-8b62-6f36e4a38035', 'security_groups': [], 'device_id': u'51d5fa09-2189-46ff-8fc4-a7e4a411fc3d', 'name': u'', 'admin_state_up': True, 'network_id': u'7fd5fc1a-da08-4367-af70-7c64d1d83591', 'tenant_id': u'358d880f7d184927868384ebb5cba72c', 'binding:vif_details': {u'port_filter': True, u'datapath_type': u'system', u'ovs_hybrid_plug': True}, 'address_scopes': {4: None, 6: None}, 'binding:vnic_type': u'normal', 'binding:vif_type': u'ovs', 'mac_address': u'fa:16:3e:2f:aa:46', 'project_id': u'358d880f7d184927868384ebb5cba72c', 'extra_subnets': [], 'created_at': '2018-09-30T06:14:40Z'}], 'enable_snat': True, 'ha_vr_id': 0, 'description': u'', 'tags': [], 'gw_port': {'status': u'ACTIVE', 'subnets': [{'dns_nameservers': [], 'ipv6_ra_mode': None, 'gateway_ip': u'172.24.4.1', 'cidr': u'172.24.4.0/24', 'id': u'a3f065d6-c694-4228-b2c0-49725a850924', 'subnetpool_id': None}], 'binding:host_id': u'localhost.localdomain', 'description': u'', 'allowed_address_pairs': [], 'tags': [], 'extra_dhcp_opts': [], 'updated_at': '2018-09-30T06:15:04Z', 'device_owner': u'network:router_gateway', 'revision_number': 6, 'port_security_enabled': False, 'binding:profile': {}, 'mtu': 1500, 'fixed_ips': [{'subnet_id': u'a3f065d6-c694-4228-b2c0-49725a850924', 'prefixlen': 24, 'ip_address': u'172.24.4.9'}], 'id': u'7abf50e6-5317-4055-8f17-41775703f205', 'security_groups': [], 'device_id': u'51d5fa09-2189-46ff-8fc4-a7e4a411fc3d', 'name': u'', 'admin_state_up': True, 'network_id': u'40fff4bc-a326-419b-b1c1-a7aa26b2d41a', 'tenant_id': u'', 'binding:vif_details': {u'port_filter': True, u'datapath_type': u'system', u'ovs_hybrid_plug': True}, 'address_scopes': {4: None, 6: None}, 'binding:vnic_type': u'normal', 'binding:vif_type': u'ovs', 'mac_address': u'fa:16:3e:ba:a5:14', 'project_id': u'', 'extra_subnets': [], 'created_at': '2018-09-30T06:14:55Z'}, 'updated_at': '2018-09-30T06:14:57Z', 'revision_number': 4, 'ha': False, 'id': u'51d5fa09-2189-46ff-8fc4-a7e4a411fc3d', 'gw_port_host': u'localhost.localdomain', 'external_gateway_info': {'network_id': u'40fff4bc-a326-419b-b1c1-a7aa26b2d41a', 'enable_snat': True, 'external_fixed_ips': [{'subnet_id': u'a3f065d6-c694-4228-b2c0-49725a850924', 'ip_address': u'172.24.4.9'}]}, 'availability_zone_hints': [], 'availability_zones': [u'nova'], 'name': u'tempest-router-1538287884', 'gw_port_id': u'7abf50e6-5317-4055-8f17-41775703f205', 'admin_state_up': True, 'tenant_id': u'358d880f7d184927868384ebb5cba72c', 'created_at': '2018-09-30T06:14:18Z', 'distributed': False, 'flavor_id': None, 'routes': [], 'project_id': u'358d880f7d184927868384ebb5cba72c'}], u'localhost.localdomain', False) {} wrapper /usr/lib/python2.7/site-packages/oslo_log/helpers.py:66
2018-09-30 02:20:00.034 27440 DEBUG neutron.api.rpc.handlers.l3_rpc [req-b8604d27-c593-4e9c-b478-294575aede92 - - - - -] Checking router: 51d5fa09-2189-46ff-8fc4-a7e4a411fc3d for host: localhost.localdomain _ensure_host_set_on_ports /usr/lib/python2.7/site-packages/neutron/api/rpc/handlers/l3_rpc.py:135
2018-09-30 02:20:00.290 27438 DEBUG neutron.api.rpc.handlers.l3_rpc [req-fcd90c37-e673-4968-ab68-fefb345638e4 - - - - -] New status for floating IP e42d96b1-165e-4602-bd13-8e4c031d638c: DOWN update_floatingip_statuses /usr/lib/python2.7/site-packages/neutron/api/rpc/handlers/l3_rpc.py:252
2018-09-30 02:20:00.458 27434 DEBUG neutron.pecan_wsgi.hooks.policy_enforcement [req-f1e97f1d-61f2-44f9-aecd-170df8e09949 6041b01c631d425d829cf96874ce50bf 671ea1986554476bbcaa620e00697d23 - default default] Attributes excluded by policy engine: [u'shared'] _exclude_attributes_by_policy /usr/lib/python2.7/site-packages/neutron/pecan_wsgi/hooks/policy_enforcement.py:256
2018-09-30 02:20:00.461 27434 INFO neutron.wsgi [req-f1e97f1d-61f2-44f9-aecd-170df8e09949 6041b01c631d425d829cf96874ce50bf 671ea1986554476bbcaa620e00697d23 - default default] 10.0.20.25 "GET /v2.0/subnets?id=8b11d080-1827-4288-b6dc-5f9b477b1885 HTTP/1.1" status: 200  len: 847 time: 0.4588759
2018-09-30 02:20:00.604 27434 INFO neutron.wsgi [req-3225a2e9-df4a-4d92-b262-0052070957e5 6041b01c631d425d829cf96874ce50bf 671ea1986554476bbcaa620e00697d23 - default default] 10.0.20.25 "GET /v2.0/ports?network_id=7fd5fc1a-da08-4367-af70-7c64d1d83591&device_owner=network%3Adhcp HTTP/1.1" status: 200  len: 1128 time: 0.1328580
2018-09-30 02:20:01.465 27433 DEBUG oslo_concurrency.lockutils [-] Lock "notifier-908307ef-b352-4eed-8912-f0f05090d517" released by "neutron.notifiers.batch_notifier.synced_send" :: held 2.152s inner /usr/lib/python2.7/site-packages/oslo_concurrency/lockutils.py:282
2018-09-30 02:20:04.050 27440 DEBUG neutron_lib.callbacks.manager [req-9189ce22-fc66-4657-b218-4ae2354d859f - - - - -] Notify callbacks ['neutron.services.segments.db._update_segment_host_mapping_for_agent-8769266918977'] for agent, after_update _notify_loop /usr/lib/python2.7/site-packages/neutron_lib/callbacks/manager.py:167
2018-09-30 02:20:04.134 27437 DEBUG neutron_lib.callbacks.manager [req-fe368829-1560-480d-bccb-4c5822c3438d - - - - -] Notify callbacks ['neutron.services.segments.db._update_segment_host_mapping_for_agent-8769266918977'] for agent, after_update _notify_loop /usr/lib/python2.7/site-packages/neutron_lib/callbacks/manager.py:167
2018-09-30 02:20:04.300 27441 DEBUG neutron_lib.callbacks.manager [req-49f35be5-dcd5-4a9e-87f9-f09ff6f491ef - - - - -] Notify callbacks ['neutron.services.segments.db._update_segment_host_mapping_for_agent-8769266918977'] for agent, after_update _notify_loop /usr/lib/python2.7/site-packages/neutron_lib/callbacks/manager.py:167
2018-09-30 02:20:05.298 27431 DEBUG neutron.wsgi [req-47e1fe2d-b3df-476f-a17a-7a5e2188b4c8 ade43c3bf26b47acb48f3000eac928f6 472c91f0e70d49b8969a38a9dc8d3b84 - d718a849df0242cf992cceadee8fff1f d718a849df0242cf992cceadee8fff1f] (27431) timed out ('10.0.20.25', 52224) process_request /usr/lib/python2.7/site-packages/eventlet/wsgi.py:739
2018-09-30 02:20:08.406 27433 INFO neutron.wsgi [req-5ba11504-e94c-4ddb-8103-b3a8babf1b24 c6076d0e968d46daaf0fc5019a0f8a15 bd8a53962fd64ffeab7f2932b0e688c5 - default default] 10.0.20.25 "GET /v2.0/ports?device_id=dff3fd48-7773-4f39-b912-293c4773a93b HTTP/1.1" status: 200  len: 1124 time: 0.9454970
2018-09-30 02:20:08.579 27433 INFO neutron.wsgi [req-15b78180-b9d8-4bd1-90c1-c47b2fd2a26c c6076d0e968d46daaf0fc5019a0f8a15 bd8a53962fd64ffeab7f2932b0e688c5 - default default] 10.0.20.25 "GET /v2.0/security-groups?id=65f59f3b-7f8e-4e2e-b2b6-180f2a76b2b9 HTTP/1.1" status: 200  len: 2118 time: 0.1642241
2018-09-30 02:20:09.894 27439 DEBUG neutron_lib.callbacks.manager [req-97ae5361-a6d7-4f17-944a-593d20c1bd73 - - - - -] Notify callbacks ['neutron.services.segments.db._update_segment_host_mapping_for_agent-8769266918977'] for agent, after_update _notify_loop /usr/lib/python2.7/site-packages/neutron_lib/callbacks/manager.py:167
2018-09-30 02:20:11.059 27447 DEBUG neutron.db.agents_db [req-04707561-0110-4f31-800e-55a31d93db47 - - - - -] Agent healthcheck: found 5 active agents agent_health_check /usr/lib/python2.7/site-packages/neutron/db/agents_db.py:281
2018-09-30 02:20:15.120 27434 INFO neutron.wsgi [req-86242dff-5b8d-4a89-8b50-dcb08593f77e 6041b01c631d425d829cf96874ce50bf 671ea1986554476bbcaa620e00697d23 - default default] 10.0.20.25 "GET /v2.0/ports?tenant_id=358d880f7d184927868384ebb5cba72c&device_id=dff3fd48-7773-4f39-b912-293c4773a93b HTTP/1.1" status: 200  len: 1124 time: 0.1730201
2018-09-30 02:20:15.401 27434 DEBUG neutron.pecan_wsgi.hooks.policy_enforcement [req-605f21cd-9b04-4166-87a1-62441a11c569 6041b01c631d425d829cf96874ce50bf 671ea1986554476bbcaa620e00697d23 - default default] Attributes excluded by policy engine: [u'vlan_transparent'] _exclude_attributes_by_policy /usr/lib/python2.7/site-packages/neutron/pecan_wsgi/hooks/policy_enforcement.py:256
2018-09-30 02:20:15.404 27434 INFO neutron.wsgi [req-605f21cd-9b04-4166-87a1-62441a11c569 6041b01c631d425d829cf96874ce50bf 671ea1986554476bbcaa620e00697d23 - default default] 10.0.20.25 "GET /v2.0/networks?id=7fd5fc1a-da08-4367-af70-7c64d1d83591 HTTP/1.1" status: 200  len: 885 time: 0.2765880
2018-09-30 02:20:15.452 27434 INFO neutron.wsgi [req-75245631-ae7a-473b-80cd-13dcfe77d367 6041b01c631d425d829cf96874ce50bf 671ea1986554476bbcaa620e00697d23 - default default] 10.0.20.25 "GET /v2.0/floatingips?fixed_ip_address=11.183.1.9&port_id=ea4f8ba9-a9ee-4649-ad51-5bc0af7e4450 HTTP/1.1" status: 200  len: 217 time: 0.0395200
2018-09-30 02:20:15.627 27434 DEBUG neutron.pecan_wsgi.hooks.policy_enforcement [req-f11ae395-9404-4464-abcb-932164ffe625 6041b01c631d425d829cf96874ce50bf 671ea1986554476bbcaa620e00697d23 - default default] Attributes excluded by policy engine: [u'shared'] _exclude_attributes_by_policy /usr/lib/python2.7/site-packages/neutron/pecan_wsgi/hooks/policy_enforcement.py:256
2018-09-30 02:20:15.631 27434 INFO neutron.wsgi [req-f11ae395-9404-4464-abcb-932164ffe625 6041b01c631d425d829cf96874ce50bf 671ea1986554476bbcaa620e00697d23 - default default] 10.0.20.25 "GET /v2.0/subnets?id=8b11d080-1827-4288-b6dc-5f9b477b1885 HTTP/1.1" status: 200  len: 847 time: 0.1708219
2018-09-30 02:20:15.791 27434 INFO neutron.wsgi [req-4572da43-b59b-45e0-9381-4121935a878c 6041b01c631d425d829cf96874ce50bf 671ea1986554476bbcaa620e00697d23 - default default] 10.0.20.25 "GET /v2.0/ports?network_id=7fd5fc1a-da08-4367-af70-7c64d1d83591&device_owner=network%3Adhcp HTTP/1.1" status: 200  len: 1128 time: 0.1489930
2018-09-30 02:20:17.269 27433 DEBUG neutron.wsgi [-] (27433) accepted ('10.0.20.25', 43618) server /usr/lib/python2.7/site-packages/eventlet/wsgi.py:883
2018-09-30 02:20:18.478 27433 INFO neutron.wsgi [req-cec5b1a3-83a2-4798-ba1c-063bf240235c c6076d0e968d46daaf0fc5019a0f8a15 bd8a53962fd64ffeab7f2932b0e688c5 - default default] 10.0.20.25 "GET /v2.0/ports?device_id=dff3fd48-7773-4f39-b912-293c4773a93b HTTP/1.1" status: 200  len: 1124 time: 1.2053101
2018-09-30 02:20:18.617 27433 INFO neutron.wsgi [req-457493b2-c184-48cb-bf14-bf33ca265e5e c6076d0e968d46daaf0fc5019a0f8a15 bd8a53962fd64ffeab7f2932b0e688c5 - default default] 10.0.20.25 "GET /v2.0/security-groups?id=65f59f3b-7f8e-4e2e-b2b6-180f2a76b2b9 HTTP/1.1" status: 200  len: 2118 time: 0.1300862
2018-09-30 02:20:21.372 27434 INFO neutron.wsgi [req-a525ee2a-cde0-4c62-826c-37efa1e0c741 c6076d0e968d46daaf0fc5019a0f8a15 bd8a53962fd64ffeab7f2932b0e688c5 - default default] 10.0.20.25 "GET /v2.0/ports?device_id=dff3fd48-7773-4f39-b912-293c4773a93b HTTP/1.1" status: 200  len: 1124 time: 0.6070280
2018-09-30 02:20:21.508 27434 DEBUG neutron.plugins.ml2.plugin [req-2084f053-3012-414c-b325-be12b7fb24d8 c6076d0e968d46daaf0fc5019a0f8a15 bd8a53962fd64ffeab7f2932b0e688c5 - default default] Deleting port ea4f8ba9-a9ee-4649-ad51-5bc0af7e4450 _pre_delete_port /usr/lib/python2.7/site-packages/neutron/plugins/ml2/plugin.py:1488
2018-09-30 02:20:21.509 27434 DEBUG neutron_lib.callbacks.manager [req-2084f053-3012-414c-b325-be12b7fb24d8 c6076d0e968d46daaf0fc5019a0f8a15 bd8a53962fd64ffeab7f2932b0e688c5 - default default] Notify callbacks ['neutron.db.l3_db._prevent_l3_port_delete_callback-8769267118581'] for port, before_delete _notify_loop /usr/lib/python2.7/site-packages/neutron_lib/callbacks/manager.py:167
2018-09-30 02:20:21.912 27434 DEBUG neutron.plugins.ml2.db [req-2084f053-3012-414c-b325-be12b7fb24d8 c6076d0e968d46daaf0fc5019a0f8a15 bd8a53962fd64ffeab7f2932b0e688c5 - default default] For port ea4f8ba9-a9ee-4649-ad51-5bc0af7e4450, host localhost.localdomain, got binding levels [<neutron.plugins.ml2.models.PortBindingLevel[object at 7f9c0fa96910] {port_id=u'ea4f8ba9-a9ee-4649-ad51-5bc0af7e4450', host=u'localhost.localdomain', level=0, driver=u'openvswitch', segment_id=u'c32f73d5-8cc7-4eb1-9eb3-7306c6d356ea'}>] get_binding_levels /usr/lib/python2.7/site-packages/neutron/plugins/ml2/db.py:106
2018-09-30 02:20:21.965 27434 DEBUG neutron.plugins.ml2.plugin [req-2084f053-3012-414c-b325-be12b7fb24d8 c6076d0e968d46daaf0fc5019a0f8a15 bd8a53962fd64ffeab7f2932b0e688c5 - default default] Calling delete_port for ea4f8ba9-a9ee-4649-ad51-5bc0af7e4450 owned by compute:nova delete_port /usr/lib/python2.7/site-packages/neutron/plugins/ml2/plugin.py:1547
2018-09-30 02:20:21.994 27436 DEBUG neutron.plugins.ml2.rpc [req-fe368829-1560-480d-bccb-4c5822c3438d - - - - -] Device ea4f8ba9-a9ee-4649-ad51-5bc0af7e4450 no longer exists at agent ovs-agent-localhost.localdomain update_device_down /usr/lib/python2.7/site-packages/neutron/plugins/ml2/rpc.py:213
2018-09-30 02:20:22.190 27436 DEBUG neutron_lib.callbacks.manager [req-fe368829-1560-480d-bccb-4c5822c3438d - - - - -] Notify callbacks ['neutron.plugins.ml2.plugin.Ml2Plugin._ensure_default_security_group_handler-1785919'] for port, before_update _notify_loop /usr/lib/python2.7/site-packages/neutron_lib/callbacks/manager.py:167
2018-09-30 02:20:22.314 27434 DEBUG neutron_lib.callbacks.manager [req-2084f053-3012-414c-b325-be12b7fb24d8 c6076d0e968d46daaf0fc5019a0f8a15 bd8a53962fd64ffeab7f2932b0e688c5 - default default] Notify callbacks ['neutron.api.rpc.agentnotifiers.dhcp_rpc_agent_api.DhcpAgentNotifyAPI._native_event_send_dhcp_notification-779942', 'neutron.plugins.ml2.plugin.Ml2Plugin.notify_sg_on_port_change-1801368', 'neutron.db.l3_db._notify_routers_callback--9223363267587679537', 'neutron.db.l3_dvrscheduler_db._notify_port_delete--9223363267588217844', 'neutron.plugins.ml2.ovo_rpc._ObjectChangeHandler.handle_event-611351'] for port, after_delete _notify_loop /usr/lib/python2.7/site-packages/neutron_lib/callbacks/manager.py:167
2018-09-30 02:20:22.768 27434 DEBUG neutron.db.l3_dvrscheduler_db [req-2084f053-3012-414c-b325-be12b7fb24d8 c6076d0e968d46daaf0fc5019a0f8a15 bd8a53962fd64ffeab7f2932b0e688c5 - default default] No DVR routers for this DVR port ea4f8ba9-a9ee-4649-ad51-5bc0af7e4450 on host localhost.localdomain get_dvr_routers_to_remove /usr/lib/python2.7/site-packages/neutron/db/l3_dvrscheduler_db.py:191
2018-09-30 02:20:22.781 27434 DEBUG oslo_concurrency.lockutils [-] Lock "event-dispatch" acquired by "neutron.plugins.ml2.ovo_rpc.dispatch_events" :: waited 0.000s inner /usr/lib/python2.7/site-packages/oslo_concurrency/lockutils.py:270
2018-09-30 02:20:22.877 27434 DEBUG neutron_lib.callbacks.manager [req-2084f053-3012-414c-b325-be12b7fb24d8 c6076d0e968d46daaf0fc5019a0f8a15 bd8a53962fd64ffeab7f2932b0e688c5 - default default] Notify callbacks ['neutron.notifiers.nova.Notifier._send_nova_notification-15299'] for port, before_response _notify_loop /usr/lib/python2.7/site-packages/neutron_lib/callbacks/manager.py:167
2018-09-30 02:20:22.881 27434 DEBUG oslo_concurrency.lockutils [-] Lock "notifier-908307ef-b352-4eed-8912-f0f05090d517" acquired by "neutron.notifiers.batch_notifier.synced_send" :: waited 0.000s inner /usr/lib/python2.7/site-packages/oslo_concurrency/lockutils.py:270
2018-09-30 02:20:22.882 27434 DEBUG neutron.notifiers.nova [-] Sending events: [{'tag': u'ea4f8ba9-a9ee-4649-ad51-5bc0af7e4450', 'name': 'network-vif-deleted', 'server_uuid': u'dff3fd48-7773-4f39-b912-293c4773a93b'}] send_events /usr/lib/python2.7/site-packages/neutron/notifiers/nova.py:242
2018-09-30 02:20:22.890 27434 DEBUG novaclient.v2.client [-] REQ: curl -g -i -X POST http://10.0.20.25:8774/v2.1/671ea1986554476bbcaa620e00697d23/os-server-external-events -H "User-Agent: python-novaclient" -H "Content-Type: application/json" -H "Accept: application/json" -H "X-OpenStack-Nova-API-Version: 2.1" -H "X-Auth-Token: {SHA1}cdf8d3e1d48e61ac410674021e59736fbed2ff87" -d '{"events": [{"tag": "ea4f8ba9-a9ee-4649-ad51-5bc0af7e4450", "name": "network-vif-deleted", "server_uuid": "dff3fd48-7773-4f39-b912-293c4773a93b"}]}' _http_log_request /usr/lib/python2.7/site-packages/keystoneauth1/session.py:375
2018-09-30 02:20:22.896 27434 DEBUG neutron.api.rpc.handlers.resources_rpc [req-2084f053-3012-414c-b325-be12b7fb24d8 c6076d0e968d46daaf0fc5019a0f8a15 bd8a53962fd64ffeab7f2932b0e688c5 - - -] neutron.api.rpc.handlers.resources_rpc.ResourcesPushRpcApi method push called with arguments (<neutron_lib.context.Context object at 0x7f9c0f5b9550>, [Port(admin_state_up=<?>,allowed_address_pairs=<?>,binding=<?>,binding_levels=<?>,created_at=<?>,data_plane_status=<?>,description=<?>,device_id=<?>,device_owner=<?>,dhcp_options=<?>,distributed_binding=<?>,dns=<?>,fixed_ips=<?>,id=ea4f8ba9-a9ee-4649-ad51-5bc0af7e4450,mac_address=<?>,name=<?>,network_id=<?>,project_id=<?>,qos_policy_id=None,revision_number=<?>,security=<?>,security_group_ids=None,status=<?>,updated_at=<?>)], 'deleted') {} wrapper /usr/lib/python2.7/site-packages/oslo_log/helpers.py:66
2018-09-30 02:20:22.913 27434 DEBUG neutron.quota.resource [req-2084f053-3012-414c-b325-be12b7fb24d8 c6076d0e968d46daaf0fc5019a0f8a15 bd8a53962fd64ffeab7f2932b0e688c5 - default default] Persisted dirty status for tenant:358d880f7d184927868384ebb5cba72c on resource:port mark_dirty /usr/lib/python2.7/site-packages/neutron/quota/resource.py:207
2018-09-30 02:20:22.916 27434 DEBUG neutron.api.rpc.callbacks.version_manager [req-2084f053-3012-414c-b325-be12b7fb24d8 c6076d0e968d46daaf0fc5019a0f8a15 bd8a53962fd64ffeab7f2932b0e688c5 - - -] Version for resource type Subnet changed None to 1.0 on consumer Open vSwitch agent@localhost.localdomain _set_version /usr/lib/python2.7/site-packages/neutron/api/rpc/callbacks/version_manager.py:119
2018-09-30 02:20:22.917 27434 DEBUG neutron.api.rpc.callbacks.version_manager [req-2084f053-3012-414c-b325-be12b7fb24d8 c6076d0e968d46daaf0fc5019a0f8a15 bd8a53962fd64ffeab7f2932b0e688c5 - - -] Version for resource type Network changed None to 1.0 on consumer Open vSwitch agent@localhost.localdomain _set_version /usr/lib/python2.7/site-packages/neutron/api/rpc/callbacks/version_manager.py:119
2018-09-30 02:20:22.917 27434 DEBUG neutron.api.rpc.callbacks.version_manager [req-2084f053-3012-414c-b325-be12b7fb24d8 c6076d0e968d46daaf0fc5019a0f8a15 bd8a53962fd64ffeab7f2932b0e688c5 - - -] Version for resource type SubPort changed None to 1.0 on consumer Open vSwitch agent@localhost.localdomain _set_version /usr/lib/python2.7/site-packages/neutron/api/rpc/callbacks/version_manager.py:119
2018-09-30 02:20:22.918 27434 DEBUG neutron.api.rpc.callbacks.version_manager [req-2084f053-3012-414c-b325-be12b7fb24d8 c6076d0e968d46daaf0fc5019a0f8a15 bd8a53962fd64ffeab7f2932b0e688c5 - - -] Version for resource type SecurityGroup changed None to 1.0 on consumer Open vSwitch agent@localhost.localdomain _set_version /usr/lib/python2.7/site-packages/neutron/api/rpc/callbacks/version_manager.py:119
2018-09-30 02:20:22.918 27434 DEBUG neutron.api.rpc.callbacks.version_manager [req-2084f053-3012-414c-b325-be12b7fb24d8 c6076d0e968d46daaf0fc5019a0f8a15 bd8a53962fd64ffeab7f2932b0e688c5 - - -] Version for resource type SecurityGroupRule changed None to 1.0 on consumer Open vSwitch agent@localhost.localdomain _set_version /usr/lib/python2.7/site-packages/neutron/api/rpc/callbacks/version_manager.py:119
2018-09-30 02:20:22.919 27434 DEBUG neutron.api.rpc.callbacks.version_manager [req-2084f053-3012-414c-b325-be12b7fb24d8 c6076d0e968d46daaf0fc5019a0f8a15 bd8a53962fd64ffeab7f2932b0e688c5 - - -] Version for resource type Trunk changed None to 1.1 on consumer Open vSwitch agent@localhost.localdomain _set_version /usr/lib/python2.7/site-packages/neutron/api/rpc/callbacks/version_manager.py:119
2018-09-30 02:20:22.920 27434 DEBUG neutron.api.rpc.callbacks.version_manager [req-2084f053-3012-414c-b325-be12b7fb24d8 c6076d0e968d46daaf0fc5019a0f8a15 bd8a53962fd64ffeab7f2932b0e688c5 - - -] Version for resource type QosPolicy changed None to 1.6 on consumer Open vSwitch agent@localhost.localdomain _set_version /usr/lib/python2.7/site-packages/neutron/api/rpc/callbacks/version_manager.py:119
2018-09-30 02:20:22.921 27434 DEBUG neutron.api.rpc.callbacks.version_manager [req-2084f053-3012-414c-b325-be12b7fb24d8 c6076d0e968d46daaf0fc5019a0f8a15 bd8a53962fd64ffeab7f2932b0e688c5 - - -] Version for resource type Port changed None to 1.1 on consumer Open vSwitch agent@localhost.localdomain _set_version /usr/lib/python2.7/site-packages/neutron/api/rpc/callbacks/version_manager.py:119
2018-09-30 02:20:22.921 27434 DEBUG neutron.api.rpc.callbacks.version_manager [req-2084f053-3012-414c-b325-be12b7fb24d8 c6076d0e968d46daaf0fc5019a0f8a15 bd8a53962fd64ffeab7f2932b0e688c5 - - -] Version for resource type Log changed None to 1.0 on consumer Open vSwitch agent@localhost.localdomain _set_version /usr/lib/python2.7/site-packages/neutron/api/rpc/callbacks/version_manager.py:119
2018-09-30 02:20:22.931 27434 INFO neutron.wsgi [req-2084f053-3012-414c-b325-be12b7fb24d8 c6076d0e968d46daaf0fc5019a0f8a15 bd8a53962fd64ffeab7f2932b0e688c5 - default default] 10.0.20.25 "DELETE /v2.0/ports/ea4f8ba9-a9ee-4649-ad51-5bc0af7e4450 HTTP/1.1" status: 204  len: 173 time: 1.5505400
2018-09-30 02:20:22.942 27434 DEBUG oslo_concurrency.lockutils [req-2084f053-3012-414c-b325-be12b7fb24d8 c6076d0e968d46daaf0fc5019a0f8a15 bd8a53962fd64ffeab7f2932b0e688c5 - - -] Lock "event-dispatch" released by "neutron.plugins.ml2.ovo_rpc.dispatch_events" :: held 0.160s inner /usr/lib/python2.7/site-packages/oslo_concurrency/lockutils.py:282
2018-09-30 02:20:23.048 27434 DEBUG novaclient.v2.client [-] RESP: [200] Content-Length: 183 Content-Type: application/json Openstack-Api-Version: compute 2.1 X-Openstack-Nova-Api-Version: 2.1 Vary: OpenStack-API-Version, X-OpenStack-Nova-API-Version X-Openstack-Request-Id: req-52f89235-9cec-4e46-9468-633cab355481 X-Compute-Request-Id: req-52f89235-9cec-4e46-9468-633cab355481 Date: Sun, 30 Sep 2018 06:20:23 GMT Connection: keep-alive 
RESP BODY: {"events": [{"status": "completed", "tag": "ea4f8ba9-a9ee-4649-ad51-5bc0af7e4450", "name": "network-vif-deleted", "server_uuid": "dff3fd48-7773-4f39-b912-293c4773a93b", "code": 200}]}
 _http_log_response /usr/lib/python2.7/site-packages/keystoneauth1/session.py:423
2018-09-30 02:20:23.049 27434 DEBUG novaclient.v2.client [-] POST call to compute for http://10.0.20.25:8774/v2.1/671ea1986554476bbcaa620e00697d23/os-server-external-events used request id req-52f89235-9cec-4e46-9468-633cab355481 request /usr/lib/python2.7/site-packages/keystoneauth1/session.py:727
2018-09-30 02:20:23.059 27434 INFO neutron.notifiers.nova [-] Nova event response: {u'status': u'completed', u'tag': u'ea4f8ba9-a9ee-4649-ad51-5bc0af7e4450', u'name': u'network-vif-deleted', u'server_uuid': u'dff3fd48-7773-4f39-b912-293c4773a93b', u'code': 200}
2018-09-30 02:20:24.721 27443 DEBUG neutron_lib.callbacks.manager [req-3bc5f24d-d1fa-414c-815b-abffaf3726f1 - - - - -] Notify callbacks ['neutron.services.segments.db._update_segment_host_mapping_for_agent-8769266918977'] for agent, after_update _notify_loop /usr/lib/python2.7/site-packages/neutron_lib/callbacks/manager.py:167
2018-09-30 02:20:25.062 27434 DEBUG oslo_concurrency.lockutils [-] Lock "notifier-908307ef-b352-4eed-8912-f0f05090d517" released by "neutron.notifiers.batch_notifier.synced_send" :: held 2.181s inner /usr/lib/python2.7/site-packages/oslo_concurrency/lockutils.py:282
2018-09-30 02:20:34.052 27438 DEBUG neutron_lib.callbacks.manager [req-af8dbfd9-b35b-467a-8e9f-0bb849ec042a - - - - -] Notify callbacks ['neutron.services.segments.db._update_segment_host_mapping_for_agent-8769266918977'] for agent, after_update _notify_loop /usr/lib/python2.7/site-packages/neutron_lib/callbacks/manager.py:167
2018-09-30 02:20:34.141 27436 DEBUG neutron_lib.callbacks.manager [req-fe368829-1560-480d-bccb-4c5822c3438d - - - - -] Notify callbacks ['neutron.services.segments.db._update_segment_host_mapping_for_agent-8769266918977'] for agent, after_update _notify_loop /usr/lib/python2.7/site-packages/neutron_lib/callbacks/manager.py:167
2018-09-30 02:20:34.302 27442 DEBUG neutron_lib.callbacks.manager [req-49f35be5-dcd5-4a9e-87f9-f09ff6f491ef - - - - -] Notify callbacks ['neutron.services.segments.db._update_segment_host_mapping_for_agent-8769266918977'] for agent, after_update _notify_loop /usr/lib/python2.7/site-packages/neutron_lib/callbacks/manager.py:167
2018-09-30 02:20:39.899 27445 DEBUG neutron_lib.callbacks.manager [req-97ae5361-a6d7-4f17-944a-593d20c1bd73 - - - - -] Notify callbacks ['neutron.services.segments.db._update_segment_host_mapping_for_agent-8769266918977'] for agent, after_update _notify_loop /usr/lib/python2.7/site-packages/neutron_lib/callbacks/manager.py:167
2018-09-30 02:20:48.053 27447 DEBUG neutron.db.agents_db [req-04707561-0110-4f31-800e-55a31d93db47 - - - - -] Agent healthcheck: found 5 active agents agent_health_check /usr/lib/python2.7/site-packages/neutron/db/agents_db.py:281
2018-09-30 02:20:54.740 27440 DEBUG neutron_lib.callbacks.manager [req-46e63304-fa4c-4f22-b611-897620632c6d - - - - -] Notify callbacks ['neutron.services.segments.db._update_segment_host_mapping_for_agent-8769266918977'] for agent, after_update _notify_loop /usr/lib/python2.7/site-packages/neutron_lib/callbacks/manager.py:167
2018-09-30 02:20:56.061 27431 DEBUG neutron.wsgi [-] (27431) accepted ('10.0.20.25', 44790) server /usr/lib/python2.7/site-packages/eventlet/wsgi.py:883
2018-09-30 02:20:56.068 27431 INFO neutron.wsgi [-] 10.0.20.25 "GET / HTTP/1.1" status: 200  len: 252 time: 0.0039840
2018-09-30 02:20:56.875 27431 INFO neutron.api.v2.resource [req-4d293462-7045-4f70-b8b6-ce55e4dadf40 c6076d0e968d46daaf0fc5019a0f8a15 bd8a53962fd64ffeab7f2932b0e688c5 - default default] show failed (client error): The resource could not be found.
2018-09-30 02:20:56.880 27431 INFO neutron.wsgi [req-4d293462-7045-4f70-b8b6-ce55e4dadf40 c6076d0e968d46daaf0fc5019a0f8a15 bd8a53962fd64ffeab7f2932b0e688c5 - default default] 10.0.20.25 "GET /v2.0/routers/tempest-router-1538287884 HTTP/1.1" status: 404  len: 330 time: 0.8034301
2018-09-30 02:20:57.120 27431 INFO neutron.wsgi [req-a48163e5-43d1-41b6-8cc7-5986842ccee1 c6076d0e968d46daaf0fc5019a0f8a15 bd8a53962fd64ffeab7f2932b0e688c5 - default default] 10.0.20.25 "GET /v2.0/routers HTTP/1.1" status: 200  len: 1590 time: 0.2316842
2018-09-30 02:20:57.153 27431 DEBUG neutron.api.v2.base [req-dfffe8ec-13cc-4a5c-833b-6704a7e0b872 c6076d0e968d46daaf0fc5019a0f8a15 bd8a53962fd64ffeab7f2932b0e688c5 - default default] Request body: {u'router': {u'external_gateway_info': {}}} prepare_request_body /usr/lib/python2.7/site-packages/neutron/api/v2/base.py:695
2018-09-30 02:20:57.812 27431 DEBUG neutron_lib.callbacks.manager [req-dfffe8ec-13cc-4a5c-833b-6704a7e0b872 c6076d0e968d46daaf0fc5019a0f8a15 bd8a53962fd64ffeab7f2932b0e688c5 - default default] Notify callbacks [] for router_gateway, before_delete _notify_loop /usr/lib/python2.7/site-packages/neutron_lib/callbacks/manager.py:167
2018-09-30 02:20:57.835 27431 DEBUG neutron.plugins.ml2.plugin [req-dfffe8ec-13cc-4a5c-833b-6704a7e0b872 c6076d0e968d46daaf0fc5019a0f8a15 bd8a53962fd64ffeab7f2932b0e688c5 - default default] Deleting port 7abf50e6-5317-4055-8f17-41775703f205 _pre_delete_port /usr/lib/python2.7/site-packages/neutron/plugins/ml2/plugin.py:1488
2018-09-30 02:20:57.838 27431 DEBUG neutron_lib.callbacks.manager [req-dfffe8ec-13cc-4a5c-833b-6704a7e0b872 c6076d0e968d46daaf0fc5019a0f8a15 bd8a53962fd64ffeab7f2932b0e688c5 - default default] Notify callbacks ['neutron.db.l3_db._prevent_l3_port_delete_callback-8769267118581'] for port, before_delete _notify_loop /usr/lib/python2.7/site-packages/neutron_lib/callbacks/manager.py:167
2018-09-30 02:20:58.178 27431 DEBUG neutron.plugins.ml2.db [req-dfffe8ec-13cc-4a5c-833b-6704a7e0b872 c6076d0e968d46daaf0fc5019a0f8a15 bd8a53962fd64ffeab7f2932b0e688c5 - default default] For port 7abf50e6-5317-4055-8f17-41775703f205, host localhost.localdomain, got binding levels [<neutron.plugins.ml2.models.PortBindingLevel[object at 7f9c0f375690] {port_id=u'7abf50e6-5317-4055-8f17-41775703f205', host=u'localhost.localdomain', level=0, driver=u'openvswitch', segment_id=u'3a630ec9-e786-4927-b735-70b8137d36a9'}>] get_binding_levels /usr/lib/python2.7/site-packages/neutron/plugins/ml2/db.py:106
2018-09-30 02:20:58.228 27431 DEBUG neutron.plugins.ml2.plugin [req-dfffe8ec-13cc-4a5c-833b-6704a7e0b872 c6076d0e968d46daaf0fc5019a0f8a15 bd8a53962fd64ffeab7f2932b0e688c5 - default default] Calling delete_port for 7abf50e6-5317-4055-8f17-41775703f205 owned by network:router_gateway delete_port /usr/lib/python2.7/site-packages/neutron/plugins/ml2/plugin.py:1547
2018-09-30 02:20:59.245 27431 DEBUG neutron_lib.callbacks.manager [req-dfffe8ec-13cc-4a5c-833b-6704a7e0b872 c6076d0e968d46daaf0fc5019a0f8a15 bd8a53962fd64ffeab7f2932b0e688c5 - default default] Notify callbacks ['neutron.api.rpc.agentnotifiers.dhcp_rpc_agent_api.DhcpAgentNotifyAPI._native_event_send_dhcp_notification-779942', 'neutron.db.l3_db._notify_routers_callback--9223363267587679537', 'neutron.plugins.ml2.plugin.Ml2Plugin.notify_sg_on_port_change-1801368', 'neutron.services.segments.plugin.NovaSegmentNotifier._notify_port_created_or_deleted-33439438', 'neutron.plugins.ml2.ovo_rpc._ObjectChangeHandler.handle_event-611351', 'neutron.db.l3_dvrscheduler_db._notify_port_delete--9223363267588217844'] for port, after_delete _notify_loop /usr/lib/python2.7/site-packages/neutron_lib/callbacks/manager.py:167
2018-09-30 02:20:59.802 27431 DEBUG oslo_concurrency.lockutils [-] Lock "event-dispatch" acquired by "neutron.plugins.ml2.ovo_rpc.dispatch_events" :: waited 0.000s inner /usr/lib/python2.7/site-packages/oslo_concurrency/lockutils.py:270
2018-09-30 02:20:59.905 27431 DEBUG neutron.api.rpc.handlers.resources_rpc [req-dfffe8ec-13cc-4a5c-833b-6704a7e0b872 c6076d0e968d46daaf0fc5019a0f8a15 bd8a53962fd64ffeab7f2932b0e688c5 - - -] neutron.api.rpc.handlers.resources_rpc.ResourcesPushRpcApi method push called with arguments (<neutron_lib.context.Context object at 0x7f9c0f4f7c90>, [Port(admin_state_up=<?>,allowed_address_pairs=<?>,binding=<?>,binding_levels=<?>,created_at=<?>,data_plane_status=<?>,description=<?>,device_id=<?>,device_owner=<?>,dhcp_options=<?>,distributed_binding=<?>,dns=<?>,fixed_ips=<?>,id=7abf50e6-5317-4055-8f17-41775703f205,mac_address=<?>,name=<?>,network_id=<?>,project_id=<?>,qos_policy_id=None,revision_number=<?>,security=<?>,security_group_ids=None,status=<?>,updated_at=<?>)], 'deleted') {} wrapper /usr/lib/python2.7/site-packages/oslo_log/helpers.py:66
2018-09-30 02:20:59.923 27431 DEBUG neutron_lib.callbacks.manager [req-dfffe8ec-13cc-4a5c-833b-6704a7e0b872 c6076d0e968d46daaf0fc5019a0f8a15 bd8a53962fd64ffeab7f2932b0e688c5 - default default] Notify callbacks ['neutron.services.l3_router.l3_router_plugin.L3RouterPlugin._delete_dvr_internal_ports--9223372036854236472'] for router_gateway, after_delete _notify_loop /usr/lib/python2.7/site-packages/neutron_lib/callbacks/manager.py:167
2018-09-30 02:21:00.023 27431 DEBUG neutron.api.rpc.callbacks.version_manager [req-dfffe8ec-13cc-4a5c-833b-6704a7e0b872 c6076d0e968d46daaf0fc5019a0f8a15 bd8a53962fd64ffeab7f2932b0e688c5 - - -] Version for resource type Subnet changed None to 1.0 on consumer Open vSwitch agent@localhost.localdomain _set_version /usr/lib/python2.7/site-packages/neutron/api/rpc/callbacks/version_manager.py:119
2018-09-30 02:21:00.024 27431 DEBUG neutron.api.rpc.callbacks.version_manager [req-dfffe8ec-13cc-4a5c-833b-6704a7e0b872 c6076d0e968d46daaf0fc5019a0f8a15 bd8a53962fd64ffeab7f2932b0e688c5 - - -] Version for resource type Network changed None to 1.0 on consumer Open vSwitch agent@localhost.localdomain _set_version /usr/lib/python2.7/site-packages/neutron/api/rpc/callbacks/version_manager.py:119
2018-09-30 02:21:00.024 27431 DEBUG neutron.api.rpc.callbacks.version_manager [req-dfffe8ec-13cc-4a5c-833b-6704a7e0b872 c6076d0e968d46daaf0fc5019a0f8a15 bd8a53962fd64ffeab7f2932b0e688c5 - - -] Version for resource type SubPort changed None to 1.0 on consumer Open vSwitch agent@localhost.localdomain _set_version /usr/lib/python2.7/site-packages/neutron/api/rpc/callbacks/version_manager.py:119
2018-09-30 02:21:00.025 27431 DEBUG neutron.api.rpc.callbacks.version_manager [req-dfffe8ec-13cc-4a5c-833b-6704a7e0b872 c6076d0e968d46daaf0fc5019a0f8a15 bd8a53962fd64ffeab7f2932b0e688c5 - - -] Version for resource type SecurityGroup changed None to 1.0 on consumer Open vSwitch agent@localhost.localdomain _set_version /usr/lib/python2.7/site-packages/neutron/api/rpc/callbacks/version_manager.py:119
2018-09-30 02:21:00.026 27431 DEBUG neutron.api.rpc.callbacks.version_manager [req-dfffe8ec-13cc-4a5c-833b-6704a7e0b872 c6076d0e968d46daaf0fc5019a0f8a15 bd8a53962fd64ffeab7f2932b0e688c5 - - -] Version for resource type SecurityGroupRule changed None to 1.0 on consumer Open vSwitch agent@localhost.localdomain _set_version /usr/lib/python2.7/site-packages/neutron/api/rpc/callbacks/version_manager.py:119
2018-09-30 02:21:00.027 27431 DEBUG neutron.api.rpc.callbacks.version_manager [req-dfffe8ec-13cc-4a5c-833b-6704a7e0b872 c6076d0e968d46daaf0fc5019a0f8a15 bd8a53962fd64ffeab7f2932b0e688c5 - - -] Version for resource type Trunk changed None to 1.1 on consumer Open vSwitch agent@localhost.localdomain _set_version /usr/lib/python2.7/site-packages/neutron/api/rpc/callbacks/version_manager.py:119
2018-09-30 02:21:00.028 27431 DEBUG neutron.api.rpc.callbacks.version_manager [req-dfffe8ec-13cc-4a5c-833b-6704a7e0b872 c6076d0e968d46daaf0fc5019a0f8a15 bd8a53962fd64ffeab7f2932b0e688c5 - - -] Version for resource type QosPolicy changed None to 1.6 on consumer Open vSwitch agent@localhost.localdomain _set_version /usr/lib/python2.7/site-packages/neutron/api/rpc/callbacks/version_manager.py:119
2018-09-30 02:21:00.029 27431 DEBUG neutron.api.rpc.callbacks.version_manager [req-dfffe8ec-13cc-4a5c-833b-6704a7e0b872 c6076d0e968d46daaf0fc5019a0f8a15 bd8a53962fd64ffeab7f2932b0e688c5 - - -] Version for resource type Port changed None to 1.1 on consumer Open vSwitch agent@localhost.localdomain _set_version /usr/lib/python2.7/site-packages/neutron/api/rpc/callbacks/version_manager.py:119
2018-09-30 02:21:00.030 27431 DEBUG neutron.api.rpc.callbacks.version_manager [req-dfffe8ec-13cc-4a5c-833b-6704a7e0b872 c6076d0e968d46daaf0fc5019a0f8a15 bd8a53962fd64ffeab7f2932b0e688c5 - - -] Version for resource type Log changed None to 1.0 on consumer Open vSwitch agent@localhost.localdomain _set_version /usr/lib/python2.7/site-packages/neutron/api/rpc/callbacks/version_manager.py:119
2018-09-30 02:21:00.080 27431 DEBUG oslo_concurrency.lockutils [req-dfffe8ec-13cc-4a5c-833b-6704a7e0b872 c6076d0e968d46daaf0fc5019a0f8a15 bd8a53962fd64ffeab7f2932b0e688c5 - - -] Lock "event-dispatch" released by "neutron.plugins.ml2.ovo_rpc.dispatch_events" :: held 0.278s inner /usr/lib/python2.7/site-packages/oslo_concurrency/lockutils.py:282
2018-09-30 02:21:00.089 27431 DEBUG neutron_lib.callbacks.manager [req-dfffe8ec-13cc-4a5c-833b-6704a7e0b872 c6076d0e968d46daaf0fc5019a0f8a15 bd8a53962fd64ffeab7f2932b0e688c5 - default default] Notify callbacks ['neutron.services.l3_router.service_providers.driver_controller.DriverController._update_router_provider--9223372036854716832', 'neutron.services.l3_router.l3_router_plugin.L3RouterPlugin._handle_distributed_migration--9223372036854236443', 'neutron.services.l3_router.l3_router_plugin.L3RouterPlugin._validate_migration--9223372036854132319'] for router, precommit_update _notify_loop /usr/lib/python2.7/site-packages/neutron_lib/callbacks/manager.py:167
2018-09-30 02:21:00.099 27431 DEBUG neutron_lib.callbacks.manager [req-dfffe8ec-13cc-4a5c-833b-6704a7e0b872 c6076d0e968d46daaf0fc5019a0f8a15 bd8a53962fd64ffeab7f2932b0e688c5 - default default] Notify callbacks ['neutron.services.l3_router.l3_router_plugin.L3RouterPlugin._reconfigure_ha_resources--9223372036854132452', 'neutron.services.l3_router.l3_router_plugin.L3RouterPlugin._delete_snat_interfaces_after_change-539373', 'neutron.services.l3_router.l3_router_plugin.L3RouterPlugin._create_snat_interfaces_after_change--9223372036854236438'] for router, after_update _notify_loop /usr/lib/python2.7/site-packages/neutron_lib/callbacks/manager.py:167
2018-09-30 02:21:00.280 27431 DEBUG neutron.scheduler.l3_agent_scheduler [req-dfffe8ec-13cc-4a5c-833b-6704a7e0b872 c6076d0e968d46daaf0fc5019a0f8a15 bd8a53962fd64ffeab7f2932b0e688c5 - default default] Router 51d5fa09-2189-46ff-8fc4-a7e4a411fc3d has already been hosted by L3 agent 4ac0ebe3-010d-4960-b1cd-6ee5ff761291 _get_candidates /usr/lib/python2.7/site-packages/neutron/scheduler/l3_agent_scheduler.py:141
2018-09-30 02:21:00.456 27431 DEBUG neutron.api.rpc.agentnotifiers.l3_rpc_agent_api [req-dfffe8ec-13cc-4a5c-833b-6704a7e0b872 c6076d0e968d46daaf0fc5019a0f8a15 bd8a53962fd64ffeab7f2932b0e688c5 - default default] Notify agent at l3_agent.localhost.localdomain the message routers_updated _agent_notification /usr/lib/python2.7/site-packages/neutron/api/rpc/agentnotifiers/l3_rpc_agent_api.py:69
2018-09-30 02:21:00.489 27431 DEBUG neutron.quota.resource [req-dfffe8ec-13cc-4a5c-833b-6704a7e0b872 c6076d0e968d46daaf0fc5019a0f8a15 bd8a53962fd64ffeab7f2932b0e688c5 - default default] Persisted dirty status for tenant: on resource:port mark_dirty /usr/lib/python2.7/site-packages/neutron/quota/resource.py:207
2018-09-30 02:21:00.497 27431 DEBUG neutron_lib.callbacks.manager [req-dfffe8ec-13cc-4a5c-833b-6704a7e0b872 c6076d0e968d46daaf0fc5019a0f8a15 bd8a53962fd64ffeab7f2932b0e688c5 - default default] Notify callbacks [] for router, before_response _notify_loop /usr/lib/python2.7/site-packages/neutron_lib/callbacks/manager.py:167
2018-09-30 02:21:00.501 27431 INFO neutron.wsgi [req-dfffe8ec-13cc-4a5c-833b-6704a7e0b872 c6076d0e968d46daaf0fc5019a0f8a15 bd8a53962fd64ffeab7f2932b0e688c5 - default default] 10.0.20.25 "PUT /v2.0/routers/51d5fa09-2189-46ff-8fc4-a7e4a411fc3d HTTP/1.1" status: 200  len: 728 time: 3.3698809
2018-09-30 02:21:00.511 27447 DEBUG neutron.db.l3_hamode_db [req-b0b41a01-c963-466a-8931-39ef2545132e - - - - -] neutron.services.l3_router.l3_router_plugin.L3RouterPlugin method get_ha_sync_data_for_host called with arguments (<neutron_lib.context.Context object at 0x7f9c0fca0350>, u'localhost.localdomain', <neutron.db.models.agent.Agent[object at 7f9c0fdd5410] {id=u'4ac0ebe3-010d-4960-b1cd-6ee5ff761291', agent_type=u'L3 agent', binary=u'neutron-l3-agent', topic=u'l3_agent', host=u'localhost.localdomain', availability_zone=u'nova', admin_state_up=True, created_at=datetime.datetime(2018, 9, 11, 21, 26, 19), started_at=datetime.datetime(2018, 9, 30, 5, 52, 24), heartbeat_timestamp=datetime.datetime(2018, 9, 30, 6, 20, 54), description=None, configurations=u'{"agent_mode": "legacy", "gateway_external_network_id": "", "handle_internal_only_routers": true, "routers": 2, "interfaces": 2, "floating_ips": 0, "interface_driver": "neutron.agent.linux.interface.OVSInterfaceDriver", "log_agent_heartbeats": false, "external_network_bridge": "", "ex_gw_ports": 2}', resource_versions=None, load=0}>) {'active': True, 'router_ids': ['51d5fa09-2189-46ff-8fc4-a7e4a411fc3d']} wrapper /usr/lib/python2.7/site-packages/oslo_log/helpers.py:66
2018-09-30 02:21:01.419 27447 DEBUG neutron.db.l3_hamode_db [req-b0b41a01-c963-466a-8931-39ef2545132e - - - - -] neutron.services.l3_router.l3_router_plugin.L3RouterPlugin method _process_sync_ha_data called with arguments (<neutron_lib.context.Context object at 0x7f9c0fca0350>, [{'status': u'ACTIVE', '_interfaces': [{'status': u'ACTIVE', 'subnets': [{'dns_nameservers': [u'8.8.4.4'], 'ipv6_ra_mode': None, 'gateway_ip': u'11.183.1.1', 'cidr': u'11.183.1.0/24', 'id': u'8b11d080-1827-4288-b6dc-5f9b477b1885', 'subnetpool_id': None}], 'binding:host_id': u'localhost.localdomain', 'description': u'', 'allowed_address_pairs': [], 'tags': [], 'extra_dhcp_opts': [], 'updated_at': '2018-09-30T06:14:50Z', 'device_owner': u'network:router_interface', 'revision_number': 7, 'port_security_enabled': False, 'binding:profile': {}, 'mtu': 1450, 'fixed_ips': [{'subnet_id': u'8b11d080-1827-4288-b6dc-5f9b477b1885', 'prefixlen': 24, 'ip_address': u'11.183.1.1'}], 'id': u'1783c162-b2c0-4a8b-8b62-6f36e4a38035', 'security_groups': [], 'device_id': u'51d5fa09-2189-46ff-8fc4-a7e4a411fc3d', 'name': u'', 'admin_state_up': True, 'network_id': u'7fd5fc1a-da08-4367-af70-7c64d1d83591', 'tenant_id': u'358d880f7d184927868384ebb5cba72c', 'binding:vif_details': {u'port_filter': True, u'datapath_type': u'system', u'ovs_hybrid_plug': True}, 'address_scopes': {4: None, 6: None}, 'binding:vnic_type': u'normal', 'binding:vif_type': u'ovs', 'mac_address': u'fa:16:3e:2f:aa:46', 'project_id': u'358d880f7d184927868384ebb5cba72c', 'extra_subnets': [], 'created_at': '2018-09-30T06:14:40Z'}], 'ha_vr_id': 0, 'description': u'', 'tags': [], 'updated_at': '2018-09-30T06:20:58Z', 'revision_number': 7, 'ha': False, 'id': u'51d5fa09-2189-46ff-8fc4-a7e4a411fc3d', 'external_gateway_info': None, 'availability_zone_hints': [], 'availability_zones': [u'nova'], 'name': u'tempest-router-1538287884', 'gw_port_id': None, 'admin_state_up': True, 'tenant_id': u'358d880f7d184927868384ebb5cba72c', 'created_at': '2018-09-30T06:14:18Z', 'distributed': False, 'flavor_id': None, 'routes': [], 'project_id': u'358d880f7d184927868384ebb5cba72c'}], u'localhost.localdomain', False) {} wrapper /usr/lib/python2.7/site-packages/oslo_log/helpers.py:66
2018-09-30 02:21:01.434 27447 DEBUG neutron.api.rpc.handlers.l3_rpc [req-b0b41a01-c963-466a-8931-39ef2545132e - - - - -] Checking router: 51d5fa09-2189-46ff-8fc4-a7e4a411fc3d for host: localhost.localdomain _ensure_host_set_on_ports /usr/lib/python2.7/site-packages/neutron/api/rpc/handlers/l3_rpc.py:135
2018-09-30 02:21:01.934 27442 DEBUG neutron.plugins.ml2.rpc [req-fe368829-1560-480d-bccb-4c5822c3438d - - - - -] Device 7abf50e6-5317-4055-8f17-41775703f205 no longer exists at agent ovs-agent-localhost.localdomain update_device_down /usr/lib/python2.7/site-packages/neutron/plugins/ml2/rpc.py:213
2018-09-30 02:21:02.022 27442 DEBUG neutron.plugins.ml2.plugin [req-fe368829-1560-480d-bccb-4c5822c3438d - - - - -] No Port match for: 7abf50e6-5317-4055-8f17-41775703f205 port_bound_to_host /usr/lib/python2.7/site-packages/neutron/plugins/ml2/plugin.py:1806
2018-09-30 02:21:02.024 27442 DEBUG neutron.plugins.ml2.rpc [req-fe368829-1560-480d-bccb-4c5822c3438d - - - - -] Device 7abf50e6-5317-4055-8f17-41775703f205 not bound to the agent host localhost.localdomain update_device_down /usr/lib/python2.7/site-packages/neutron/plugins/ml2/rpc.py:221
2018-09-30 02:21:04.069 27437 DEBUG neutron_lib.callbacks.manager [req-7e52992c-e903-4d80-b868-f6a2ac9d5016 - - - - -] Notify callbacks ['neutron.services.segments.db._update_segment_host_mapping_for_agent-8769266918977'] for agent, after_update _notify_loop /usr/lib/python2.7/site-packages/neutron_lib/callbacks/manager.py:167
2018-09-30 02:21:04.169 27441 DEBUG neutron_lib.callbacks.manager [req-fe368829-1560-480d-bccb-4c5822c3438d - - - - -] Notify callbacks ['neutron.services.segments.db._update_segment_host_mapping_for_agent-8769266918977'] for agent, after_update _notify_loop /usr/lib/python2.7/site-packages/neutron_lib/callbacks/manager.py:167
2018-09-30 02:21:04.305 27439 DEBUG neutron_lib.callbacks.manager [req-49f35be5-dcd5-4a9e-87f9-f09ff6f491ef - - - - -] Notify callbacks ['neutron.services.segments.db._update_segment_host_mapping_for_agent-8769266918977'] for agent, after_update _notify_loop /usr/lib/python2.7/site-packages/neutron_lib/callbacks/manager.py:167
2018-09-30 02:21:07.850 27428 DEBUG neutron.wsgi [-] (27428) accepted ('10.0.20.25', 44826) server /usr/lib/python2.7/site-packages/eventlet/wsgi.py:883
2018-09-30 02:21:07.856 27428 INFO neutron.wsgi [-] 10.0.20.25 "GET / HTTP/1.1" status: 200  len: 252 time: 0.0028119
2018-09-30 02:21:08.518 27428 INFO neutron.api.v2.resource [req-3e12f406-ab9e-40ba-83e5-8745faf6b7f2 c6076d0e968d46daaf0fc5019a0f8a15 bd8a53962fd64ffeab7f2932b0e688c5 - default default] show failed (client error): The resource could not be found.
2018-09-30 02:21:08.519 27428 INFO neutron.wsgi [req-3e12f406-ab9e-40ba-83e5-8745faf6b7f2 c6076d0e968d46daaf0fc5019a0f8a15 bd8a53962fd64ffeab7f2932b0e688c5 - default default] 10.0.20.25 "GET /v2.0/routers/tempest-router-1538287884 HTTP/1.1" status: 404  len: 330 time: 0.6597900
2018-09-30 02:21:09.157 27428 INFO neutron.wsgi [req-2f0f3591-c38c-422d-950f-a64be0972b1b c6076d0e968d46daaf0fc5019a0f8a15 bd8a53962fd64ffeab7f2932b0e688c5 - default default] 10.0.20.25 "GET /v2.0/routers HTTP/1.1" status: 200  len: 1412 time: 0.6274030
2018-09-30 02:21:09.316 27428 INFO neutron.wsgi [req-9abe7494-f5b3-4c62-8f77-de79f4dc7e98 c6076d0e968d46daaf0fc5019a0f8a15 bd8a53962fd64ffeab7f2932b0e688c5 - default default] 10.0.20.25 "GET /v2.0/ports?device_id=51d5fa09-2189-46ff-8fc4-a7e4a411fc3d HTTP/1.1" status: 200  len: 1099 time: 0.1475289
2018-09-30 02:21:09.905 27443 DEBUG neutron_lib.callbacks.manager [req-97ae5361-a6d7-4f17-944a-593d20c1bd73 - - - - -] Notify callbacks ['neutron.services.segments.db._update_segment_host_mapping_for_agent-8769266918977'] for agent, after_update _notify_loop /usr/lib/python2.7/site-packages/neutron_lib/callbacks/manager.py:167
2018-09-30 02:21:16.774 27429 DEBUG neutron.wsgi [-] (27429) accepted ('10.0.20.25', 44862) server /usr/lib/python2.7/site-packages/eventlet/wsgi.py:883
2018-09-30 02:21:16.781 27429 INFO neutron.wsgi [-] 10.0.20.25 "GET / HTTP/1.1" status: 200  len: 252 time: 0.0039160
2018-09-30 02:21:17.530 27429 INFO neutron.wsgi [req-2030edfd-f46b-4398-b714-3b5446e2cb3d c6076d0e968d46daaf0fc5019a0f8a15 bd8a53962fd64ffeab7f2932b0e688c5 - default default] 10.0.20.25 "GET /v2.0/ports/1783c162-b2c0-4a8b-8b62-6f36e4a38035 HTTP/1.1" status: 200  len: 1096 time: 0.7426949
2018-09-30 02:21:17.692 27429 INFO neutron.api.v2.resource [req-df903bfe-1edb-4cdd-bf0c-85d4d91b01f4 c6076d0e968d46daaf0fc5019a0f8a15 bd8a53962fd64ffeab7f2932b0e688c5 - default default] show failed (client error): The resource could not be found.
2018-09-30 02:21:17.695 27429 INFO neutron.wsgi [req-df903bfe-1edb-4cdd-bf0c-85d4d91b01f4 c6076d0e968d46daaf0fc5019a0f8a15 bd8a53962fd64ffeab7f2932b0e688c5 - default default] 10.0.20.25 "GET /v2.0/routers/tempest-router-1538287884 HTTP/1.1" status: 404  len: 330 time: 0.1548059
2018-09-30 02:21:17.962 27429 INFO neutron.wsgi [req-b779427e-9996-4c25-8289-9ce6afd3b3e4 c6076d0e968d46daaf0fc5019a0f8a15 bd8a53962fd64ffeab7f2932b0e688c5 - default default] 10.0.20.25 "GET /v2.0/routers HTTP/1.1" status: 200  len: 1412 time: 0.2559161
2018-09-30 02:21:19.374 27429 DEBUG neutron_lib.callbacks.manager [req-5b85526a-ef70-463c-a7ea-61312228ea20 c6076d0e968d46daaf0fc5019a0f8a15 bd8a53962fd64ffeab7f2932b0e688c5 - default default] Notify callbacks [] for router_interface, before_delete _notify_loop /usr/lib/python2.7/site-packages/neutron_lib/callbacks/manager.py:167
2018-09-30 02:21:19.546 27429 DEBUG neutron.plugins.ml2.plugin [req-5b85526a-ef70-463c-a7ea-61312228ea20 c6076d0e968d46daaf0fc5019a0f8a15 bd8a53962fd64ffeab7f2932b0e688c5 - default default] Deleting port 1783c162-b2c0-4a8b-8b62-6f36e4a38035 _pre_delete_port /usr/lib/python2.7/site-packages/neutron/plugins/ml2/plugin.py:1488
2018-09-30 02:21:19.547 27429 DEBUG neutron_lib.callbacks.manager [req-5b85526a-ef70-463c-a7ea-61312228ea20 c6076d0e968d46daaf0fc5019a0f8a15 bd8a53962fd64ffeab7f2932b0e688c5 - default default] Notify callbacks ['neutron.db.l3_db._prevent_l3_port_delete_callback-8769267118581'] for port, before_delete _notify_loop /usr/lib/python2.7/site-packages/neutron_lib/callbacks/manager.py:167
2018-09-30 02:21:19.840 27429 DEBUG neutron.plugins.ml2.db [req-5b85526a-ef70-463c-a7ea-61312228ea20 c6076d0e968d46daaf0fc5019a0f8a15 bd8a53962fd64ffeab7f2932b0e688c5 - default default] For port 1783c162-b2c0-4a8b-8b62-6f36e4a38035, host localhost.localdomain, got binding levels [<neutron.plugins.ml2.models.PortBindingLevel[object at 7f9c0fbf2b90] {port_id=u'1783c162-b2c0-4a8b-8b62-6f36e4a38035', host=u'localhost.localdomain', level=0, driver=u'openvswitch', segment_id=u'c32f73d5-8cc7-4eb1-9eb3-7306c6d356ea'}>] get_binding_levels /usr/lib/python2.7/site-packages/neutron/plugins/ml2/db.py:106
