2018-09-14 10:17:56.084 29460 DEBUG oslo_concurrency.lockutils [-] Lock "notifier-f755af50-ee80-4913-a82b-284028f4194b" acquired by "neutron.notifiers.batch_notifier.synced_send" :: waited 0.000s inner /usr/lib/python2.7/site-packages/oslo_concurrency/lockutils.py:270
2018-09-14 10:17:56.085 29460 DEBUG neutron.notifiers.nova [-] Sending events: [{'tag': u'f3f468d1-3e2d-4585-8545-8b96ae2642ca', 'name': 'network-vif-deleted', 'server_uuid': u'7e5d9aaf-ff17-411c-ba02-7c3fe2ee3ce7'}] send_events /usr/lib/python2.7/site-packages/neutron/notifiers/nova.py:242
2018-09-14 10:17:56.093 29460 DEBUG novaclient.v2.client [-] REQ: curl -g -i -X POST http://10.0.20.24:8774/v2.1/a6274edd06114a55b9dc116852780190/os-server-external-events -H "User-Agent: python-novaclient" -H "Content-Type: application/json" -H "Accept: application/json" -H "X-OpenStack-Nova-API-Version: 2.1" -H "X-Auth-Token: {SHA1}8ba60b68983f059d9eb65b02a1a51b9e650effd2" -d '{"events": [{"tag": "f3f468d1-3e2d-4585-8545-8b96ae2642ca", "name": "network-vif-deleted", "server_uuid": "7e5d9aaf-ff17-411c-ba02-7c3fe2ee3ce7"}]}' _http_log_request /usr/lib/python2.7/site-packages/keystoneauth1/session.py:375
2018-09-14 10:17:56.126 29460 DEBUG neutron.quota.resource [req-c776574e-5698-4961-a776-8b8a246d0817 70258d0001ae4d8d8352a85d988d546a 112bcbb5408e490dabb134d32ca904ab - 250217cc0ce94e47a84262602ad95ce0 250217cc0ce94e47a84262602ad95ce0] Persisted dirty status for tenant:112bcbb5408e490dabb134d32ca904ab on resource:port mark_dirty /usr/lib/python2.7/site-packages/neutron/quota/resource.py:207
2018-09-14 10:17:56.153 29460 INFO neutron.wsgi [req-c776574e-5698-4961-a776-8b8a246d0817 70258d0001ae4d8d8352a85d988d546a 112bcbb5408e490dabb134d32ca904ab - 250217cc0ce94e47a84262602ad95ce0 250217cc0ce94e47a84262602ad95ce0] 10.0.20.24 "DELETE /v2.0/ports/f3f468d1-3e2d-4585-8545-8b96ae2642ca HTTP/1.1" status: 204  len: 173 time: 1.7008109
2018-09-14 10:17:56.669 29460 DEBUG novaclient.v2.client [-] RESP: [404] Openstack-Api-Version: compute 2.1 X-Openstack-Nova-Api-Version: 2.1 Vary: OpenStack-API-Version, X-OpenStack-Nova-API-Version Content-Type: application/json; charset=UTF-8 Content-Length: 78 X-Openstack-Request-Id: req-aa3b3c4d-0ce3-4377-a445-527334711ddb X-Compute-Request-Id: req-aa3b3c4d-0ce3-4377-a445-527334711ddb Date: Fri, 14 Sep 2018 14:17:56 GMT Connection: keep-alive 
RESP BODY: {"itemNotFound": {"message": "No instances found for any event", "code": 404}}
 _http_log_response /usr/lib/python2.7/site-packages/keystoneauth1/session.py:423
2018-09-14 10:17:56.670 29460 DEBUG novaclient.v2.client [-] POST call to compute for http://10.0.20.24:8774/v2.1/a6274edd06114a55b9dc116852780190/os-server-external-events used request id req-aa3b3c4d-0ce3-4377-a445-527334711ddb request /usr/lib/python2.7/site-packages/keystoneauth1/session.py:727
2018-09-14 10:17:56.688 29460 DEBUG neutron.notifiers.nova [-] Nova returned NotFound for event: [{'tag': u'f3f468d1-3e2d-4585-8545-8b96ae2642ca', 'name': 'network-vif-deleted', 'server_uuid': u'7e5d9aaf-ff17-411c-ba02-7c3fe2ee3ce7'}] send_events /usr/lib/python2.7/site-packages/neutron/notifiers/nova.py:248
2018-09-14 10:17:57.071 29479 DEBUG neutron.db.agents_db [req-5ea63154-7280-4e04-8308-17ad51357a92 - - - - -] Agent healthcheck: found 5 active agents agent_health_check /usr/lib/python2.7/site-packages/neutron/db/agents_db.py:281
2018-09-14 10:17:57.484 29473 DEBUG neutron.plugins.ml2.rpc [req-f10bf59a-1d51-49d5-b0bf-920507ead5ea - - - - -] Device 7d7c3a23-6132-4c91-b016-c13ab88b7b2f no longer exists at agent ovs-agent-localhost.localdomain update_device_down /usr/lib/python2.7/site-packages/neutron/plugins/ml2/rpc.py:213
2018-09-14 10:17:57.888 29473 DEBUG neutron.plugins.ml2.rpc [req-f10bf59a-1d51-49d5-b0bf-920507ead5ea - - - - -] Device e5607ea2-85ef-4ab1-a5f9-d339fdf50b31 no longer exists at agent ovs-agent-localhost.localdomain update_device_down /usr/lib/python2.7/site-packages/neutron/plugins/ml2/rpc.py:213
2018-09-14 10:17:58.691 29460 DEBUG oslo_concurrency.lockutils [-] Lock "notifier-f755af50-ee80-4913-a82b-284028f4194b" released by "neutron.notifiers.batch_notifier.synced_send" :: held 2.606s inner /usr/lib/python2.7/site-packages/oslo_concurrency/lockutils.py:282
2018-09-14 10:17:59.261 29463 DEBUG neutron.wsgi [-] (29463) accepted ('10.0.20.24', 35082) server /usr/lib/python2.7/site-packages/eventlet/wsgi.py:883
2018-09-14 10:17:59.277 29463 WARNING keystonemiddleware.auth_token [-] Using the in-process token cache is deprecated as of the 4.2.0 release and may be removed in the 5.0.0 release or the 'O' development cycle. The in-process cache causes inconsistent results and high memory usage. When the feature is removed the auth_token middleware will not cache tokens by default which may result in performance issues. It is recommended to use  memcache for the auth_token token cache by setting the memcached_servers option.
2018-09-14 10:17:59.458 29476 DEBUG neutron.plugins.ml2.rpc [req-f10bf59a-1d51-49d5-b0bf-920507ead5ea - - - - -] Device 7d7c3a23-6132-4c91-b016-c13ab88b7b2f no longer exists at agent ovs-agent-localhost.localdomain update_device_down /usr/lib/python2.7/site-packages/neutron/plugins/ml2/rpc.py:213
2018-09-14 10:17:59.610 29476 DEBUG neutron.plugins.ml2.rpc [req-f10bf59a-1d51-49d5-b0bf-920507ead5ea - - - - -] Device e5607ea2-85ef-4ab1-a5f9-d339fdf50b31 no longer exists at agent ovs-agent-localhost.localdomain update_device_down /usr/lib/python2.7/site-packages/neutron/plugins/ml2/rpc.py:213
2018-09-14 10:18:00.388 29478 DEBUG neutron_lib.callbacks.manager [req-0f760e83-d631-4c2d-9f45-81b3c99d8869 - - - - -] Notify callbacks ['neutron.services.segments.db._update_segment_host_mapping_for_agent--9223363270561812679'] for agent, after_update _notify_loop /usr/lib/python2.7/site-packages/neutron_lib/callbacks/manager.py:167
2018-09-14 10:18:00.406 29472 DEBUG neutron_lib.callbacks.manager [req-22027205-b657-4b43-b618-35b6ebbc86b2 - - - - -] Notify callbacks ['neutron.services.segments.db._update_segment_host_mapping_for_agent--9223363270561812679'] for agent, after_update _notify_loop /usr/lib/python2.7/site-packages/neutron_lib/callbacks/manager.py:167
2018-09-14 10:18:01.191 29463 DEBUG oslo_policy._cache_handler [req-b80ad9e0-26d6-4f07-a848-ed87a223b542 70258d0001ae4d8d8352a85d988d546a 112bcbb5408e490dabb134d32ca904ab - 250217cc0ce94e47a84262602ad95ce0 250217cc0ce94e47a84262602ad95ce0] Reloading cached file /etc/neutron/policy.json read_cached_file /usr/lib/python2.7/site-packages/oslo_policy/_cache_handler.py:40
2018-09-14 10:18:01.244 29463 DEBUG oslo_policy.policy [req-b80ad9e0-26d6-4f07-a848-ed87a223b542 70258d0001ae4d8d8352a85d988d546a 112bcbb5408e490dabb134d32ca904ab - 250217cc0ce94e47a84262602ad95ce0 250217cc0ce94e47a84262602ad95ce0] Reloaded policy file: /etc/neutron/policy.json _load_policy_file /usr/lib/python2.7/site-packages/oslo_policy/policy.py:685
2018-09-14 10:18:01.452 29469 DEBUG neutron_lib.callbacks.manager [req-3c93392c-0627-4f02-8f13-cbd5e9ce9baf - - - - -] Notify callbacks ['neutron.services.segments.db._update_segment_host_mapping_for_agent--9223363270561812679'] for agent, after_update _notify_loop /usr/lib/python2.7/site-packages/neutron_lib/callbacks/manager.py:167
2018-09-14 10:18:01.504 29475 DEBUG neutron.plugins.ml2.rpc [req-f10bf59a-1d51-49d5-b0bf-920507ead5ea - - - - -] Device 7d7c3a23-6132-4c91-b016-c13ab88b7b2f no longer exists at agent ovs-agent-localhost.localdomain update_device_down /usr/lib/python2.7/site-packages/neutron/plugins/ml2/rpc.py:213
2018-09-14 10:18:01.770 29475 DEBUG neutron.plugins.ml2.rpc [req-f10bf59a-1d51-49d5-b0bf-920507ead5ea - - - - -] Device e5607ea2-85ef-4ab1-a5f9-d339fdf50b31 no longer exists at agent ovs-agent-localhost.localdomain update_device_down /usr/lib/python2.7/site-packages/neutron/plugins/ml2/rpc.py:213
2018-09-14 10:18:02.197 29463 DEBUG oslo_policy._cache_handler [req-b80ad9e0-26d6-4f07-a848-ed87a223b542 70258d0001ae4d8d8352a85d988d546a 112bcbb5408e490dabb134d32ca904ab - 250217cc0ce94e47a84262602ad95ce0 250217cc0ce94e47a84262602ad95ce0] Reloading cached file /etc/neutron/policy.json read_cached_file /usr/lib/python2.7/site-packages/oslo_policy/_cache_handler.py:40
2018-09-14 10:18:02.224 29463 DEBUG oslo_policy.policy [req-b80ad9e0-26d6-4f07-a848-ed87a223b542 70258d0001ae4d8d8352a85d988d546a 112bcbb5408e490dabb134d32ca904ab - 250217cc0ce94e47a84262602ad95ce0 250217cc0ce94e47a84262602ad95ce0] Reloaded policy file: /etc/neutron/policy.json _load_policy_file /usr/lib/python2.7/site-packages/oslo_policy/policy.py:685
2018-09-14 10:18:02.235 29463 INFO neutron.wsgi [req-b80ad9e0-26d6-4f07-a848-ed87a223b542 70258d0001ae4d8d8352a85d988d546a 112bcbb5408e490dabb134d32ca904ab - 250217cc0ce94e47a84262602ad95ce0 250217cc0ce94e47a84262602ad95ce0] 10.0.20.24 "GET /v2.0/ports?device_id=7e5d9aaf-ff17-411c-ba02-7c3fe2ee3ce7 HTTP/1.1" status: 200  len: 210 time: 2.9690521
2018-09-14 10:18:02.257 29463 DEBUG neutron.wsgi [req-0518d7cd-9c70-4da4-bf29-d56deb837c53 70258d0001ae4d8d8352a85d988d546a 112bcbb5408e490dabb134d32ca904ab - 250217cc0ce94e47a84262602ad95ce0 250217cc0ce94e47a84262602ad95ce0] http://10.0.20.24:9696/v2.0/extensions returned with HTTP 200 __call__ /usr/lib/python2.7/site-packages/neutron/wsgi.py:715
2018-09-14 10:18:02.259 29463 INFO neutron.wsgi [req-0518d7cd-9c70-4da4-bf29-d56deb837c53 70258d0001ae4d8d8352a85d988d546a 112bcbb5408e490dabb134d32ca904ab - 250217cc0ce94e47a84262602ad95ce0 250217cc0ce94e47a84262602ad95ce0] 10.0.20.24 "GET /v2.0/extensions HTTP/1.1" status: 200  len: 8548 time: 0.0114629
2018-09-14 10:18:02.899 29473 DEBUG neutron_lib.callbacks.manager [req-4e7ae32a-d8c5-43b0-91c1-0b590805ec81 - - - - -] Notify callbacks ['neutron.services.segments.db._update_segment_host_mapping_for_agent--9223363270561812679'] for agent, after_update _notify_loop /usr/lib/python2.7/site-packages/neutron_lib/callbacks/manager.py:167
2018-09-14 10:18:03.486 29477 DEBUG neutron.plugins.ml2.rpc [req-f10bf59a-1d51-49d5-b0bf-920507ead5ea - - - - -] Device 7d7c3a23-6132-4c91-b016-c13ab88b7b2f no longer exists at agent ovs-agent-localhost.localdomain update_device_down /usr/lib/python2.7/site-packages/neutron/plugins/ml2/rpc.py:213
2018-09-14 10:18:03.718 29477 DEBUG neutron.plugins.ml2.rpc [req-f10bf59a-1d51-49d5-b0bf-920507ead5ea - - - - -] Device e5607ea2-85ef-4ab1-a5f9-d339fdf50b31 no longer exists at agent ovs-agent-localhost.localdomain update_device_down /usr/lib/python2.7/site-packages/neutron/plugins/ml2/rpc.py:213
2018-09-14 10:18:05.470 29466 DEBUG neutron.plugins.ml2.rpc [req-f10bf59a-1d51-49d5-b0bf-920507ead5ea - - - - -] Device 7d7c3a23-6132-4c91-b016-c13ab88b7b2f no longer exists at agent ovs-agent-localhost.localdomain update_device_down /usr/lib/python2.7/site-packages/neutron/plugins/ml2/rpc.py:213
2018-09-14 10:18:06.287 29466 DEBUG neutron.plugins.ml2.rpc [req-f10bf59a-1d51-49d5-b0bf-920507ead5ea - - - - -] Device e5607ea2-85ef-4ab1-a5f9-d339fdf50b31 no longer exists at agent ovs-agent-localhost.localdomain update_device_down /usr/lib/python2.7/site-packages/neutron/plugins/ml2/rpc.py:213
2018-09-14 10:18:06.779 29458 DEBUG neutron.wsgi [-] (29458) accepted ('10.0.20.24', 35150) server /usr/lib/python2.7/site-packages/eventlet/wsgi.py:883
2018-09-14 10:18:07.372 29458 WARNING keystonemiddleware.auth_token [-] A valid token was submitted as a service token, but it was not a valid service token. This is incorrect but backwards compatible behaviour. This will be removed in future releases.
2018-09-14 10:18:07.484 29469 DEBUG neutron.plugins.ml2.rpc [req-f10bf59a-1d51-49d5-b0bf-920507ead5ea - - - - -] Device 7d7c3a23-6132-4c91-b016-c13ab88b7b2f no longer exists at agent ovs-agent-localhost.localdomain update_device_down /usr/lib/python2.7/site-packages/neutron/plugins/ml2/rpc.py:213
2018-09-14 10:18:07.661 29469 DEBUG neutron.plugins.ml2.rpc [req-f10bf59a-1d51-49d5-b0bf-920507ead5ea - - - - -] Device e5607ea2-85ef-4ab1-a5f9-d339fdf50b31 no longer exists at agent ovs-agent-localhost.localdomain update_device_down /usr/lib/python2.7/site-packages/neutron/plugins/ml2/rpc.py:213
2018-09-14 10:18:08.083 29458 INFO neutron.wsgi [req-0a4172c9-aa9f-455d-a17b-a29186cf9cad 70258d0001ae4d8d8352a85d988d546a 112bcbb5408e490dabb134d32ca904ab - 250217cc0ce94e47a84262602ad95ce0 250217cc0ce94e47a84262602ad95ce0] 10.0.20.24 "GET /v2.0/ports?device_id=7e5d9aaf-ff17-411c-ba02-7c3fe2ee3ce7 HTTP/1.1" status: 200  len: 210 time: 1.3019621
2018-09-14 10:18:09.495 29474 DEBUG neutron.plugins.ml2.rpc [req-f10bf59a-1d51-49d5-b0bf-920507ead5ea - - - - -] Device 7d7c3a23-6132-4c91-b016-c13ab88b7b2f no longer exists at agent ovs-agent-localhost.localdomain update_device_down /usr/lib/python2.7/site-packages/neutron/plugins/ml2/rpc.py:213
2018-09-14 10:18:09.753 29474 DEBUG neutron.plugins.ml2.rpc [req-f10bf59a-1d51-49d5-b0bf-920507ead5ea - - - - -] Device e5607ea2-85ef-4ab1-a5f9-d339fdf50b31 no longer exists at agent ovs-agent-localhost.localdomain update_device_down /usr/lib/python2.7/site-packages/neutron/plugins/ml2/rpc.py:213
2018-09-14 10:18:11.504 29472 DEBUG neutron.plugins.ml2.rpc [req-f10bf59a-1d51-49d5-b0bf-920507ead5ea - - - - -] Device 7d7c3a23-6132-4c91-b016-c13ab88b7b2f no longer exists at agent ovs-agent-localhost.localdomain update_device_down /usr/lib/python2.7/site-packages/neutron/plugins/ml2/rpc.py:213
2018-09-14 10:18:11.833 29472 DEBUG neutron.plugins.ml2.rpc [req-f10bf59a-1d51-49d5-b0bf-920507ead5ea - - - - -] Device e5607ea2-85ef-4ab1-a5f9-d339fdf50b31 no longer exists at agent ovs-agent-localhost.localdomain update_device_down /usr/lib/python2.7/site-packages/neutron/plugins/ml2/rpc.py:213
2018-09-14 10:18:12.946 29477 DEBUG neutron_lib.callbacks.manager [req-f10bf59a-1d51-49d5-b0bf-920507ead5ea - - - - -] Notify callbacks ['neutron.services.segments.db._update_segment_host_mapping_for_agent--9223363270561812679'] for agent, after_update _notify_loop /usr/lib/python2.7/site-packages/neutron_lib/callbacks/manager.py:167
2018-09-14 10:18:13.494 29473 DEBUG neutron.plugins.ml2.rpc [req-f10bf59a-1d51-49d5-b0bf-920507ead5ea - - - - -] Device 7d7c3a23-6132-4c91-b016-c13ab88b7b2f no longer exists at agent ovs-agent-localhost.localdomain update_device_down /usr/lib/python2.7/site-packages/neutron/plugins/ml2/rpc.py:213
2018-09-14 10:18:13.807 29473 DEBUG neutron.plugins.ml2.rpc [req-f10bf59a-1d51-49d5-b0bf-920507ead5ea - - - - -] Device e5607ea2-85ef-4ab1-a5f9-d339fdf50b31 no longer exists at agent ovs-agent-localhost.localdomain update_device_down /usr/lib/python2.7/site-packages/neutron/plugins/ml2/rpc.py:213
2018-09-14 10:18:15.489 29476 DEBUG neutron.plugins.ml2.rpc [req-f10bf59a-1d51-49d5-b0bf-920507ead5ea - - - - -] Device 7d7c3a23-6132-4c91-b016-c13ab88b7b2f no longer exists at agent ovs-agent-localhost.localdomain update_device_down /usr/lib/python2.7/site-packages/neutron/plugins/ml2/rpc.py:213
2018-09-14 10:18:15.704 29476 DEBUG neutron.plugins.ml2.rpc [req-f10bf59a-1d51-49d5-b0bf-920507ead5ea - - - - -] Device e5607ea2-85ef-4ab1-a5f9-d339fdf50b31 no longer exists at agent ovs-agent-localhost.localdomain update_device_down /usr/lib/python2.7/site-packages/neutron/plugins/ml2/rpc.py:213
2018-09-14 10:18:17.510 29475 DEBUG neutron.plugins.ml2.rpc [req-f10bf59a-1d51-49d5-b0bf-920507ead5ea - - - - -] Device 7d7c3a23-6132-4c91-b016-c13ab88b7b2f no longer exists at agent ovs-agent-localhost.localdomain update_device_down /usr/lib/python2.7/site-packages/neutron/plugins/ml2/rpc.py:213
2018-09-14 10:18:17.931 29475 DEBUG neutron.plugins.ml2.rpc [req-f10bf59a-1d51-49d5-b0bf-920507ead5ea - - - - -] Device e5607ea2-85ef-4ab1-a5f9-d339fdf50b31 no longer exists at agent ovs-agent-localhost.localdomain update_device_down /usr/lib/python2.7/site-packages/neutron/plugins/ml2/rpc.py:213
2018-09-14 10:18:19.504 29477 DEBUG neutron.plugins.ml2.rpc [req-f10bf59a-1d51-49d5-b0bf-920507ead5ea - - - - -] Device 7d7c3a23-6132-4c91-b016-c13ab88b7b2f no longer exists at agent ovs-agent-localhost.localdomain update_device_down /usr/lib/python2.7/site-packages/neutron/plugins/ml2/rpc.py:213
2018-09-14 10:18:20.189 29477 DEBUG neutron.plugins.ml2.rpc [req-f10bf59a-1d51-49d5-b0bf-920507ead5ea - - - - -] Device e5607ea2-85ef-4ab1-a5f9-d339fdf50b31 no longer exists at agent ovs-agent-localhost.localdomain update_device_down /usr/lib/python2.7/site-packages/neutron/plugins/ml2/rpc.py:213
2018-09-14 10:18:21.520 29466 DEBUG neutron.plugins.ml2.rpc [req-f10bf59a-1d51-49d5-b0bf-920507ead5ea - - - - -] Device 7d7c3a23-6132-4c91-b016-c13ab88b7b2f no longer exists at agent ovs-agent-localhost.localdomain update_device_down /usr/lib/python2.7/site-packages/neutron/plugins/ml2/rpc.py:213
2018-09-14 10:18:21.745 29466 DEBUG neutron.plugins.ml2.rpc [req-f10bf59a-1d51-49d5-b0bf-920507ead5ea - - - - -] Device e5607ea2-85ef-4ab1-a5f9-d339fdf50b31 no longer exists at agent ovs-agent-localhost.localdomain update_device_down /usr/lib/python2.7/site-packages/neutron/plugins/ml2/rpc.py:213
2018-09-14 10:18:23.497 29469 DEBUG neutron.plugins.ml2.rpc [req-f10bf59a-1d51-49d5-b0bf-920507ead5ea - - - - -] Device 7d7c3a23-6132-4c91-b016-c13ab88b7b2f no longer exists at agent ovs-agent-localhost.localdomain update_device_down /usr/lib/python2.7/site-packages/neutron/plugins/ml2/rpc.py:213
2018-09-14 10:18:23.582 29458 INFO neutron.wsgi [req-6381ecb8-0ec2-4ddd-901c-efdfe9e3c523 70258d0001ae4d8d8352a85d988d546a 112bcbb5408e490dabb134d32ca904ab - 250217cc0ce94e47a84262602ad95ce0 250217cc0ce94e47a84262602ad95ce0] 10.0.20.24 "GET /v2.0/ports?device_id=7e5d9aaf-ff17-411c-ba02-7c3fe2ee3ce7 HTTP/1.1" status: 200  len: 210 time: 0.5427091
2018-09-14 10:18:23.858 29469 DEBUG neutron.plugins.ml2.rpc [req-f10bf59a-1d51-49d5-b0bf-920507ead5ea - - - - -] Device e5607ea2-85ef-4ab1-a5f9-d339fdf50b31 no longer exists at agent ovs-agent-localhost.localdomain update_device_down /usr/lib/python2.7/site-packages/neutron/plugins/ml2/rpc.py:213
2018-09-14 10:18:25.488 29474 DEBUG neutron.plugins.ml2.rpc [req-f10bf59a-1d51-49d5-b0bf-920507ead5ea - - - - -] Device 7d7c3a23-6132-4c91-b016-c13ab88b7b2f no longer exists at agent ovs-agent-localhost.localdomain update_device_down /usr/lib/python2.7/site-packages/neutron/plugins/ml2/rpc.py:213
2018-09-14 10:18:25.697 29474 DEBUG neutron.plugins.ml2.rpc [req-f10bf59a-1d51-49d5-b0bf-920507ead5ea - - - - -] Device e5607ea2-85ef-4ab1-a5f9-d339fdf50b31 no longer exists at agent ovs-agent-localhost.localdomain update_device_down /usr/lib/python2.7/site-packages/neutron/plugins/ml2/rpc.py:213
2018-09-14 10:18:27.502 29472 DEBUG neutron.plugins.ml2.rpc [req-f10bf59a-1d51-49d5-b0bf-920507ead5ea - - - - -] Device 7d7c3a23-6132-4c91-b016-c13ab88b7b2f no longer exists at agent ovs-agent-localhost.localdomain update_device_down /usr/lib/python2.7/site-packages/neutron/plugins/ml2/rpc.py:213
2018-09-14 10:18:28.173 29472 DEBUG neutron.plugins.ml2.rpc [req-f10bf59a-1d51-49d5-b0bf-920507ead5ea - - - - -] Device e5607ea2-85ef-4ab1-a5f9-d339fdf50b31 no longer exists at agent ovs-agent-localhost.localdomain update_device_down /usr/lib/python2.7/site-packages/neutron/plugins/ml2/rpc.py:213
2018-09-14 10:18:29.522 29473 DEBUG neutron.plugins.ml2.rpc [req-f10bf59a-1d51-49d5-b0bf-920507ead5ea - - - - -] Device 7d7c3a23-6132-4c91-b016-c13ab88b7b2f no longer exists at agent ovs-agent-localhost.localdomain update_device_down /usr/lib/python2.7/site-packages/neutron/plugins/ml2/rpc.py:213
2018-09-14 10:18:29.806 29473 DEBUG neutron.plugins.ml2.rpc [req-f10bf59a-1d51-49d5-b0bf-920507ead5ea - - - - -] Device e5607ea2-85ef-4ab1-a5f9-d339fdf50b31 no longer exists at agent ovs-agent-localhost.localdomain update_device_down /usr/lib/python2.7/site-packages/neutron/plugins/ml2/rpc.py:213
2018-09-14 10:18:30.356 29475 DEBUG neutron_lib.callbacks.manager [req-19bad0ed-0db8-4c6e-b449-37b40ddcadd5 - - - - -] Notify callbacks ['neutron.services.segments.db._update_segment_host_mapping_for_agent--9223363270561812679'] for agent, after_update _notify_loop /usr/lib/python2.7/site-packages/neutron_lib/callbacks/manager.py:167
2018-09-14 10:18:30.378 29466 DEBUG neutron_lib.callbacks.manager [req-22027205-b657-4b43-b618-35b6ebbc86b2 - - - - -] Notify callbacks ['neutron.services.segments.db._update_segment_host_mapping_for_agent--9223363270561812679'] for agent, after_update _notify_loop /usr/lib/python2.7/site-packages/neutron_lib/callbacks/manager.py:167
2018-09-14 10:18:31.432 29476 DEBUG neutron_lib.callbacks.manager [req-ee409111-b180-405c-9ad9-b3bd58ddee6b - - - - -] Notify callbacks ['neutron.services.segments.db._update_segment_host_mapping_for_agent--9223363270561812679'] for agent, after_update _notify_loop /usr/lib/python2.7/site-packages/neutron_lib/callbacks/manager.py:167
2018-09-14 10:18:31.515 29476 DEBUG neutron.plugins.ml2.rpc [req-f10bf59a-1d51-49d5-b0bf-920507ead5ea - - - - -] Device 7d7c3a23-6132-4c91-b016-c13ab88b7b2f no longer exists at agent ovs-agent-localhost.localdomain update_device_down /usr/lib/python2.7/site-packages/neutron/plugins/ml2/rpc.py:213
2018-09-14 10:18:31.771 29476 DEBUG neutron.plugins.ml2.rpc [req-f10bf59a-1d51-49d5-b0bf-920507ead5ea - - - - -] Device e5607ea2-85ef-4ab1-a5f9-d339fdf50b31 no longer exists at agent ovs-agent-localhost.localdomain update_device_down /usr/lib/python2.7/site-packages/neutron/plugins/ml2/rpc.py:213
2018-09-14 10:18:32.856 29474 DEBUG neutron_lib.callbacks.manager [req-4e7ae32a-d8c5-43b0-91c1-0b590805ec81 - - - - -] Notify callbacks ['neutron.services.segments.db._update_segment_host_mapping_for_agent--9223363270561812679'] for agent, after_update _notify_loop /usr/lib/python2.7/site-packages/neutron_lib/callbacks/manager.py:167
2018-09-14 10:18:33.515 29475 DEBUG neutron.plugins.ml2.rpc [req-f10bf59a-1d51-49d5-b0bf-920507ead5ea - - - - -] Device 7d7c3a23-6132-4c91-b016-c13ab88b7b2f no longer exists at agent ovs-agent-localhost.localdomain update_device_down /usr/lib/python2.7/site-packages/neutron/plugins/ml2/rpc.py:213
2018-09-14 10:18:33.829 29475 DEBUG neutron.plugins.ml2.rpc [req-f10bf59a-1d51-49d5-b0bf-920507ead5ea - - - - -] Device e5607ea2-85ef-4ab1-a5f9-d339fdf50b31 no longer exists at agent ovs-agent-localhost.localdomain update_device_down /usr/lib/python2.7/site-packages/neutron/plugins/ml2/rpc.py:213
2018-09-14 10:18:34.072 29479 DEBUG neutron.db.agents_db [req-5ea63154-7280-4e04-8308-17ad51357a92 - - - - -] Agent healthcheck: found 5 active agents agent_health_check /usr/lib/python2.7/site-packages/neutron/db/agents_db.py:281
2018-09-14 10:18:35.517 29477 DEBUG neutron.plugins.ml2.rpc [req-f10bf59a-1d51-49d5-b0bf-920507ead5ea - - - - -] Device 7d7c3a23-6132-4c91-b016-c13ab88b7b2f no longer exists at agent ovs-agent-localhost.localdomain update_device_down /usr/lib/python2.7/site-packages/neutron/plugins/ml2/rpc.py:213
2018-09-14 10:18:35.809 29477 DEBUG neutron.plugins.ml2.rpc [req-f10bf59a-1d51-49d5-b0bf-920507ead5ea - - - - -] Device e5607ea2-85ef-4ab1-a5f9-d339fdf50b31 no longer exists at agent ovs-agent-localhost.localdomain update_device_down /usr/lib/python2.7/site-packages/neutron/plugins/ml2/rpc.py:213
2018-09-14 10:18:37.514 29466 DEBUG neutron.plugins.ml2.rpc [req-f10bf59a-1d51-49d5-b0bf-920507ead5ea - - - - -] Device 7d7c3a23-6132-4c91-b016-c13ab88b7b2f no longer exists at agent ovs-agent-localhost.localdomain update_device_down /usr/lib/python2.7/site-packages/neutron/plugins/ml2/rpc.py:213
2018-09-14 10:18:37.809 29466 DEBUG neutron.plugins.ml2.rpc [req-f10bf59a-1d51-49d5-b0bf-920507ead5ea - - - - -] Device e5607ea2-85ef-4ab1-a5f9-d339fdf50b31 no longer exists at agent ovs-agent-localhost.localdomain update_device_down /usr/lib/python2.7/site-packages/neutron/plugins/ml2/rpc.py:213
2018-09-14 10:18:39.518 29469 DEBUG neutron.plugins.ml2.rpc [req-f10bf59a-1d51-49d5-b0bf-920507ead5ea - - - - -] Device 7d7c3a23-6132-4c91-b016-c13ab88b7b2f no longer exists at agent ovs-agent-localhost.localdomain update_device_down /usr/lib/python2.7/site-packages/neutron/plugins/ml2/rpc.py:213
2018-09-14 10:18:39.770 29469 DEBUG neutron.plugins.ml2.rpc [req-f10bf59a-1d51-49d5-b0bf-920507ead5ea - - - - -] Device e5607ea2-85ef-4ab1-a5f9-d339fdf50b31 no longer exists at agent ovs-agent-localhost.localdomain update_device_down /usr/lib/python2.7/site-packages/neutron/plugins/ml2/rpc.py:213
2018-09-14 10:18:41.548 29474 DEBUG neutron.plugins.ml2.rpc [req-f10bf59a-1d51-49d5-b0bf-920507ead5ea - - - - -] Device 7d7c3a23-6132-4c91-b016-c13ab88b7b2f no longer exists at agent ovs-agent-localhost.localdomain update_device_down /usr/lib/python2.7/site-packages/neutron/plugins/ml2/rpc.py:213
2018-09-14 10:18:42.482 29460 DEBUG neutron.wsgi [-] (29460) accepted ('10.0.20.24', 36378) server /usr/lib/python2.7/site-packages/eventlet/wsgi.py:883
2018-09-14 10:18:42.635 29474 DEBUG neutron.plugins.ml2.rpc [req-f10bf59a-1d51-49d5-b0bf-920507ead5ea - - - - -] Device e5607ea2-85ef-4ab1-a5f9-d339fdf50b31 no longer exists at agent ovs-agent-localhost.localdomain update_device_down /usr/lib/python2.7/site-packages/neutron/plugins/ml2/rpc.py:213
2018-09-14 10:18:42.947 29478 DEBUG neutron_lib.callbacks.manager [req-f10bf59a-1d51-49d5-b0bf-920507ead5ea - - - - -] Notify callbacks ['neutron.services.segments.db._update_segment_host_mapping_for_agent--9223363270561812679'] for agent, after_update _notify_loop /usr/lib/python2.7/site-packages/neutron_lib/callbacks/manager.py:167
2018-09-14 10:18:43.506 29472 DEBUG neutron.plugins.ml2.rpc [req-f10bf59a-1d51-49d5-b0bf-920507ead5ea - - - - -] Device 7d7c3a23-6132-4c91-b016-c13ab88b7b2f no longer exists at agent ovs-agent-localhost.localdomain update_device_down /usr/lib/python2.7/site-packages/neutron/plugins/ml2/rpc.py:213
2018-09-14 10:18:43.705 29472 DEBUG neutron.plugins.ml2.rpc [req-f10bf59a-1d51-49d5-b0bf-920507ead5ea - - - - -] Device e5607ea2-85ef-4ab1-a5f9-d339fdf50b31 no longer exists at agent ovs-agent-localhost.localdomain update_device_down /usr/lib/python2.7/site-packages/neutron/plugins/ml2/rpc.py:213
2018-09-14 10:18:43.870 29460 DEBUG neutron.quota.resource [req-88ab26a3-692d-4b50-8aa1-57b50328ffa0 70258d0001ae4d8d8352a85d988d546a 112bcbb5408e490dabb134d32ca904ab - 250217cc0ce94e47a84262602ad95ce0 250217cc0ce94e47a84262602ad95ce0] Synchronizing usage tracker for tenant:112bcbb5408e490dabb134d32ca904ab on resource:port resync /usr/lib/python2.7/site-packages/neutron/quota/resource.py:245
2018-09-14 10:18:43.941 29460 DEBUG neutron.quota.resource [req-88ab26a3-692d-4b50-8aa1-57b50328ffa0 70258d0001ae4d8d8352a85d988d546a 112bcbb5408e490dabb134d32ca904ab - 250217cc0ce94e47a84262602ad95ce0 250217cc0ce94e47a84262602ad95ce0] Unset dirty status for tenant:112bcbb5408e490dabb134d32ca904ab on resource:port _resync /usr/lib/python2.7/site-packages/neutron/quota/resource.py:237
2018-09-14 10:18:43.945 29460 INFO neutron.wsgi [req-88ab26a3-692d-4b50-8aa1-57b50328ffa0 70258d0001ae4d8d8352a85d988d546a 112bcbb5408e490dabb134d32ca904ab - 250217cc0ce94e47a84262602ad95ce0 250217cc0ce94e47a84262602ad95ce0] 10.0.20.24 "GET /v2.0/ports?device_id=7e5d9aaf-ff17-411c-ba02-7c3fe2ee3ce7 HTTP/1.1" status: 200  len: 210 time: 1.4612091
2018-09-14 10:18:45.506 29473 DEBUG neutron.plugins.ml2.rpc [req-f10bf59a-1d51-49d5-b0bf-920507ead5ea - - - - -] Device 7d7c3a23-6132-4c91-b016-c13ab88b7b2f no longer exists at agent ovs-agent-localhost.localdomain update_device_down /usr/lib/python2.7/site-packages/neutron/plugins/ml2/rpc.py:213
2018-09-14 10:18:46.139 29473 DEBUG neutron.plugins.ml2.rpc [req-f10bf59a-1d51-49d5-b0bf-920507ead5ea - - - - -] Device e5607ea2-85ef-4ab1-a5f9-d339fdf50b31 no longer exists at agent ovs-agent-localhost.localdomain update_device_down /usr/lib/python2.7/site-packages/neutron/plugins/ml2/rpc.py:213
2018-09-14 10:18:47.519 29476 DEBUG neutron.plugins.ml2.rpc [req-f10bf59a-1d51-49d5-b0bf-920507ead5ea - - - - -] Device 7d7c3a23-6132-4c91-b016-c13ab88b7b2f no longer exists at agent ovs-agent-localhost.localdomain update_device_down /usr/lib/python2.7/site-packages/neutron/plugins/ml2/rpc.py:213
2018-09-14 10:18:47.759 29476 DEBUG neutron.plugins.ml2.rpc [req-f10bf59a-1d51-49d5-b0bf-920507ead5ea - - - - -] Device e5607ea2-85ef-4ab1-a5f9-d339fdf50b31 no longer exists at agent ovs-agent-localhost.localdomain update_device_down /usr/lib/python2.7/site-packages/neutron/plugins/ml2/rpc.py:213
2018-09-14 10:18:49.513 29475 DEBUG neutron.plugins.ml2.rpc [req-f10bf59a-1d51-49d5-b0bf-920507ead5ea - - - - -] Device 7d7c3a23-6132-4c91-b016-c13ab88b7b2f no longer exists at agent ovs-agent-localhost.localdomain update_device_down /usr/lib/python2.7/site-packages/neutron/plugins/ml2/rpc.py:213
2018-09-14 10:18:49.668 29475 DEBUG neutron.plugins.ml2.rpc [req-f10bf59a-1d51-49d5-b0bf-920507ead5ea - - - - -] Device e5607ea2-85ef-4ab1-a5f9-d339fdf50b31 no longer exists at agent ovs-agent-localhost.localdomain update_device_down /usr/lib/python2.7/site-packages/neutron/plugins/ml2/rpc.py:213
2018-09-14 10:18:51.525 29477 DEBUG neutron.plugins.ml2.rpc [req-f10bf59a-1d51-49d5-b0bf-920507ead5ea - - - - -] Device 7d7c3a23-6132-4c91-b016-c13ab88b7b2f no longer exists at agent ovs-agent-localhost.localdomain update_device_down /usr/lib/python2.7/site-packages/neutron/plugins/ml2/rpc.py:213
2018-09-14 10:18:51.793 29477 DEBUG neutron.plugins.ml2.rpc [req-f10bf59a-1d51-49d5-b0bf-920507ead5ea - - - - -] Device e5607ea2-85ef-4ab1-a5f9-d339fdf50b31 no longer exists at agent ovs-agent-localhost.localdomain update_device_down /usr/lib/python2.7/site-packages/neutron/plugins/ml2/rpc.py:213
2018-09-14 10:18:53.542 29466 DEBUG neutron.plugins.ml2.rpc [req-f10bf59a-1d51-49d5-b0bf-920507ead5ea - - - - -] Device 7d7c3a23-6132-4c91-b016-c13ab88b7b2f no longer exists at agent ovs-agent-localhost.localdomain update_device_down /usr/lib/python2.7/site-packages/neutron/plugins/ml2/rpc.py:213
2018-09-14 10:18:53.794 29466 DEBUG neutron.plugins.ml2.rpc [req-f10bf59a-1d51-49d5-b0bf-920507ead5ea - - - - -] Device e5607ea2-85ef-4ab1-a5f9-d339fdf50b31 no longer exists at agent ovs-agent-localhost.localdomain update_device_down /usr/lib/python2.7/site-packages/neutron/plugins/ml2/rpc.py:213
2018-09-14 10:18:55.547 29469 DEBUG neutron.plugins.ml2.rpc [req-f10bf59a-1d51-49d5-b0bf-920507ead5ea - - - - -] Device 7d7c3a23-6132-4c91-b016-c13ab88b7b2f no longer exists at agent ovs-agent-localhost.localdomain update_device_down /usr/lib/python2.7/site-packages/neutron/plugins/ml2/rpc.py:213
2018-09-14 10:18:55.808 29469 DEBUG neutron.plugins.ml2.rpc [req-f10bf59a-1d51-49d5-b0bf-920507ead5ea - - - - -] Device e5607ea2-85ef-4ab1-a5f9-d339fdf50b31 no longer exists at agent ovs-agent-localhost.localdomain update_device_down /usr/lib/python2.7/site-packages/neutron/plugins/ml2/rpc.py:213
2018-09-14 10:18:57.538 29474 DEBUG neutron.plugins.ml2.rpc [req-f10bf59a-1d51-49d5-b0bf-920507ead5ea - - - - -] Device 7d7c3a23-6132-4c91-b016-c13ab88b7b2f no longer exists at agent ovs-agent-localhost.localdomain update_device_down /usr/lib/python2.7/site-packages/neutron/plugins/ml2/rpc.py:213
2018-09-14 10:18:57.730 29474 DEBUG neutron.plugins.ml2.rpc [req-f10bf59a-1d51-49d5-b0bf-920507ead5ea - - - - -] Device e5607ea2-85ef-4ab1-a5f9-d339fdf50b31 no longer exists at agent ovs-agent-localhost.localdomain update_device_down /usr/lib/python2.7/site-packages/neutron/plugins/ml2/rpc.py:213
2018-09-14 10:18:59.525 29472 DEBUG neutron.plugins.ml2.rpc [req-f10bf59a-1d51-49d5-b0bf-920507ead5ea - - - - -] Device 7d7c3a23-6132-4c91-b016-c13ab88b7b2f no longer exists at agent ovs-agent-localhost.localdomain update_device_down /usr/lib/python2.7/site-packages/neutron/plugins/ml2/rpc.py:213
2018-09-14 10:18:59.796 29472 DEBUG neutron.plugins.ml2.rpc [req-f10bf59a-1d51-49d5-b0bf-920507ead5ea - - - - -] Device e5607ea2-85ef-4ab1-a5f9-d339fdf50b31 no longer exists at agent ovs-agent-localhost.localdomain update_device_down /usr/lib/python2.7/site-packages/neutron/plugins/ml2/rpc.py:213
2018-09-14 10:19:00.350 29472 DEBUG neutron_lib.callbacks.manager [req-6168e9ab-05ca-4726-8a97-8bfb77740941 - - - - -] Notify callbacks ['neutron.services.segments.db._update_segment_host_mapping_for_agent--9223363270561812679'] for agent, after_update _notify_loop /usr/lib/python2.7/site-packages/neutron_lib/callbacks/manager.py:167
2018-09-14 10:19:00.371 29469 DEBUG neutron_lib.callbacks.manager [req-22027205-b657-4b43-b618-35b6ebbc86b2 - - - - -] Notify callbacks ['neutron.services.segments.db._update_segment_host_mapping_for_agent--9223363270561812679'] for agent, after_update _notify_loop /usr/lib/python2.7/site-packages/neutron_lib/callbacks/manager.py:167
2018-09-14 10:19:01.446 29473 DEBUG neutron_lib.callbacks.manager [req-dfc016c5-b6ee-4825-9d3e-10060f89f073 - - - - -] Notify callbacks ['neutron.services.segments.db._update_segment_host_mapping_for_agent--9223363270561812679'] for agent, after_update _notify_loop /usr/lib/python2.7/site-packages/neutron_lib/callbacks/manager.py:167
2018-09-14 10:19:01.524 29473 DEBUG neutron.plugins.ml2.rpc [req-f10bf59a-1d51-49d5-b0bf-920507ead5ea - - - - -] Device 7d7c3a23-6132-4c91-b016-c13ab88b7b2f no longer exists at agent ovs-agent-localhost.localdomain update_device_down /usr/lib/python2.7/site-packages/neutron/plugins/ml2/rpc.py:213
2018-09-14 10:19:01.739 29473 DEBUG neutron.plugins.ml2.rpc [req-f10bf59a-1d51-49d5-b0bf-920507ead5ea - - - - -] Device e5607ea2-85ef-4ab1-a5f9-d339fdf50b31 no longer exists at agent ovs-agent-localhost.localdomain update_device_down /usr/lib/python2.7/site-packages/neutron/plugins/ml2/rpc.py:213
2018-09-14 10:19:02.862 29477 DEBUG neutron_lib.callbacks.manager [req-4e7ae32a-d8c5-43b0-91c1-0b590805ec81 - - - - -] Notify callbacks ['neutron.services.segments.db._update_segment_host_mapping_for_agent--9223363270561812679'] for agent, after_update _notify_loop /usr/lib/python2.7/site-packages/neutron_lib/callbacks/manager.py:167
2018-09-14 10:19:03.445 29463 DEBUG neutron.wsgi [-] (29463) accepted ('10.0.20.24', 36518) server /usr/lib/python2.7/site-packages/eventlet/wsgi.py:883
2018-09-14 10:19:03.452 29463 INFO neutron.wsgi [-] 10.0.20.24 "GET / HTTP/1.1" status: 200  len: 252 time: 0.0045600
2018-09-14 10:19:03.537 29476 DEBUG neutron.plugins.ml2.rpc [req-f10bf59a-1d51-49d5-b0bf-920507ead5ea - - - - -] Device 7d7c3a23-6132-4c91-b016-c13ab88b7b2f no longer exists at agent ovs-agent-localhost.localdomain update_device_down /usr/lib/python2.7/site-packages/neutron/plugins/ml2/rpc.py:213
2018-09-14 10:19:03.830 29476 DEBUG neutron.plugins.ml2.rpc [req-f10bf59a-1d51-49d5-b0bf-920507ead5ea - - - - -] Device e5607ea2-85ef-4ab1-a5f9-d339fdf50b31 no longer exists at agent ovs-agent-localhost.localdomain update_device_down /usr/lib/python2.7/site-packages/neutron/plugins/ml2/rpc.py:213
2018-09-14 10:19:04.191 29463 INFO neutron.pecan_wsgi.hooks.translation [req-a520983c-c8d2-48f4-9770-a92966b8dc18 02e248cd8f0843eea56830a54be7a7df 194f3e7e9006484dbd7057072756dcfb - default default] GET failed (client error): The resource could not be found.
2018-09-14 10:19:04.193 29463 INFO neutron.wsgi [req-a520983c-c8d2-48f4-9770-a92966b8dc18 02e248cd8f0843eea56830a54be7a7df 194f3e7e9006484dbd7057072756dcfb - default default] 10.0.20.24 "GET /v2.0/networks/public HTTP/1.1" status: 404  len: 314 time: 0.7328269
2018-09-14 10:19:04.912 29463 DEBUG neutron.pecan_wsgi.hooks.policy_enforcement [req-45d3ee2f-1f86-438e-a5a1-ce939bfc0be7 02e248cd8f0843eea56830a54be7a7df 194f3e7e9006484dbd7057072756dcfb - default default] Attributes excluded by policy engine: [u'vlan_transparent'] _exclude_attributes_by_policy /usr/lib/python2.7/site-packages/neutron/pecan_wsgi/hooks/policy_enforcement.py:256
2018-09-14 10:19:04.914 29463 DEBUG neutron.pecan_wsgi.hooks.policy_enforcement [req-45d3ee2f-1f86-438e-a5a1-ce939bfc0be7 02e248cd8f0843eea56830a54be7a7df 194f3e7e9006484dbd7057072756dcfb - default default] Attributes excluded by policy engine: [u'vlan_transparent'] _exclude_attributes_by_policy /usr/lib/python2.7/site-packages/neutron/pecan_wsgi/hooks/policy_enforcement.py:256
2018-09-14 10:19:04.914 29463 DEBUG neutron.pecan_wsgi.hooks.policy_enforcement [req-45d3ee2f-1f86-438e-a5a1-ce939bfc0be7 02e248cd8f0843eea56830a54be7a7df 194f3e7e9006484dbd7057072756dcfb - default default] Attributes excluded by policy engine: [u'vlan_transparent'] _exclude_attributes_by_policy /usr/lib/python2.7/site-packages/neutron/pecan_wsgi/hooks/policy_enforcement.py:256
2018-09-14 10:19:04.918 29463 INFO neutron.wsgi [req-45d3ee2f-1f86-438e-a5a1-ce939bfc0be7 02e248cd8f0843eea56830a54be7a7df 194f3e7e9006484dbd7057072756dcfb - default default] 10.0.20.24 "GET /v2.0/networks HTTP/1.1" status: 200  len: 2215 time: 0.7178991
2018-09-14 10:19:05.527 29475 DEBUG neutron.plugins.ml2.rpc [req-f10bf59a-1d51-49d5-b0bf-920507ead5ea - - - - -] Device 7d7c3a23-6132-4c91-b016-c13ab88b7b2f no longer exists at agent ovs-agent-localhost.localdomain update_device_down /usr/lib/python2.7/site-packages/neutron/plugins/ml2/rpc.py:213
2018-09-14 10:19:05.861 29475 DEBUG neutron.plugins.ml2.rpc [req-f10bf59a-1d51-49d5-b0bf-920507ead5ea - - - - -] Device e5607ea2-85ef-4ab1-a5f9-d339fdf50b31 no longer exists at agent ovs-agent-localhost.localdomain update_device_down /usr/lib/python2.7/site-packages/neutron/plugins/ml2/rpc.py:213
2018-09-14 10:19:05.877 29463 DEBUG neutron.api.v2.base [req-d569233d-4c26-4383-99a6-79c815226298 02e248cd8f0843eea56830a54be7a7df 194f3e7e9006484dbd7057072756dcfb - default default] Request body: {u'floatingip': {u'floating_network_id': u'98cf6b49-91c1-422d-a1ec-9d49628670a5', u'tenant_id': u'112bcbb5408e490dabb134d32ca904ab'}} prepare_request_body /usr/lib/python2.7/site-packages/neutron/api/v2/base.py:695
2018-09-14 10:19:05.880 29463 INFO neutron.quota [req-d569233d-4c26-4383-99a6-79c815226298 02e248cd8f0843eea56830a54be7a7df 194f3e7e9006484dbd7057072756dcfb - default default] Loaded quota_driver: <neutron.db.quota.driver.DbQuotaDriver object at 0x7f90fbbcddd0>.
2018-09-14 10:19:05.900 29463 DEBUG neutron.db.quota.driver [req-d569233d-4c26-4383-99a6-79c815226298 02e248cd8f0843eea56830a54be7a7df 194f3e7e9006484dbd7057072756dcfb - default default] Resources subnetpool have unlimited quota limit. It is not required to calculate headroom  make_reservation /usr/lib/python2.7/site-packages/neutron/db/quota/driver.py:223
2018-09-14 10:19:05.930 29463 DEBUG neutron.quota.resource [req-d569233d-4c26-4383-99a6-79c815226298 02e248cd8f0843eea56830a54be7a7df 194f3e7e9006484dbd7057072756dcfb - default default] Usage tracker for resource:floatingip and tenant:112bcbb5408e490dabb134d32ca904ab is out of sync, need to count used quota count_used /usr/lib/python2.7/site-packages/neutron/quota/resource.py:274
2018-09-14 10:19:05.962 29463 DEBUG neutron.quota.resource [req-d569233d-4c26-4383-99a6-79c815226298 02e248cd8f0843eea56830a54be7a7df 194f3e7e9006484dbd7057072756dcfb - default default] Quota usage for floatingip was recalculated. Used quota:0. count_used /usr/lib/python2.7/site-packages/neutron/quota/resource.py:293
2018-09-14 10:19:05.990 29463 DEBUG neutron.db.quota.driver [req-d569233d-4c26-4383-99a6-79c815226298 02e248cd8f0843eea56830a54be7a7df 194f3e7e9006484dbd7057072756dcfb - default default] Attempting to reserve 1 items for resource floatingip. Total usage: 0; quota limit: 50; headroom:50 make_reservation /usr/lib/python2.7/site-packages/neutron/db/quota/driver.py:255
2018-09-14 10:19:06.578 29463 DEBUG neutron_lib.callbacks.manager [req-d569233d-4c26-4383-99a6-79c815226298 02e248cd8f0843eea56830a54be7a7df 194f3e7e9006484dbd7057072756dcfb - default default] Notify callbacks ['neutron.plugins.ml2.plugin.Ml2Plugin._ensure_default_security_group_handler--9223372036852858617'] for port, before_create _notify_loop /usr/lib/python2.7/site-packages/neutron_lib/callbacks/manager.py:167
2018-09-14 10:19:07.342 29463 DEBUG neutron.db.db_base_plugin_common [req-d569233d-4c26-4383-99a6-79c815226298 02e248cd8f0843eea56830a54be7a7df 194f3e7e9006484dbd7057072756dcfb - default default] Allocated IP 172.24.4.4 (98cf6b49-91c1-422d-a1ec-9d49628670a5/b8522e6e-dd32-47d0-940c-b0479a41e5ff/9e265e4f-a25c-436a-8d4a-61df202696af) _store_ip_allocation /usr/lib/python2.7/site-packages/neutron/db/db_base_plugin_common.py:122
2018-09-14 10:19:07.517 29477 DEBUG neutron.plugins.ml2.rpc [req-f10bf59a-1d51-49d5-b0bf-920507ead5ea - - - - -] Device 7d7c3a23-6132-4c91-b016-c13ab88b7b2f no longer exists at agent ovs-agent-localhost.localdomain update_device_down /usr/lib/python2.7/site-packages/neutron/plugins/ml2/rpc.py:213
2018-09-14 10:19:07.735 29463 DEBUG neutron_lib.callbacks.manager [req-d569233d-4c26-4383-99a6-79c815226298 02e248cd8f0843eea56830a54be7a7df 194f3e7e9006484dbd7057072756dcfb - default default] Notify callbacks [] for port, precommit_create _notify_loop /usr/lib/python2.7/site-packages/neutron_lib/callbacks/manager.py:167
2018-09-14 10:19:07.778 29477 DEBUG neutron.plugins.ml2.rpc [req-f10bf59a-1d51-49d5-b0bf-920507ead5ea - - - - -] Device e5607ea2-85ef-4ab1-a5f9-d339fdf50b31 no longer exists at agent ovs-agent-localhost.localdomain update_device_down /usr/lib/python2.7/site-packages/neutron/plugins/ml2/rpc.py:213
2018-09-14 10:19:07.925 29463 DEBUG neutron_lib.callbacks.manager [req-d569233d-4c26-4383-99a6-79c815226298 02e248cd8f0843eea56830a54be7a7df 194f3e7e9006484dbd7057072756dcfb - default default] Notify callbacks ['neutron.plugins.ml2.ovo_rpc._ObjectChangeHandler.handle_event--9223372036854199013', 'neutron.plugins.ml2.plugin.Ml2Plugin.notify_sg_on_port_change--9223372036852850976', 'neutron.db.l3_dvrscheduler_db._notify_l3_agent_new_port--9223363270562174196', 'neutron.api.rpc.agentnotifiers.dhcp_rpc_agent_api.DhcpAgentNotifyAPI._native_event_send_dhcp_notification--9223372036853850206'] for port, after_create _notify_loop /usr/lib/python2.7/site-packages/neutron_lib/callbacks/manager.py:167
2018-09-14 10:19:07.926 29463 DEBUG neutron.db.l3_dvrscheduler_db [req-d569233d-4c26-4383-99a6-79c815226298 02e248cd8f0843eea56830a54be7a7df 194f3e7e9006484dbd7057072756dcfb - default default] Received port after_create _notify_l3_agent_new_port /usr/lib/python2.7/site-packages/neutron/db/l3_dvrscheduler_db.py:392
2018-09-14 10:19:07.962 29463 DEBUG oslo_concurrency.lockutils [-] Lock "event-dispatch" acquired by "neutron.plugins.ml2.ovo_rpc.dispatch_events" :: waited 0.000s inner /usr/lib/python2.7/site-packages/oslo_concurrency/lockutils.py:270
2018-09-14 10:19:08.339 29463 DEBUG neutron.api.rpc.handlers.resources_rpc [req-d569233d-4c26-4383-99a6-79c815226298 02e248cd8f0843eea56830a54be7a7df 194f3e7e9006484dbd7057072756dcfb - - -] neutron.api.rpc.handlers.resources_rpc.ResourcesPushRpcApi method push called with arguments (<neutron_lib.context.Context object at 0x7f90fb58f810>, [Port(admin_state_up=True,allowed_address_pairs=[],binding=PortBinding,binding_levels=[],created_at=2018-09-14T14:19:07Z,data_plane_status=<?>,description='',device_id='PENDING',device_owner='network:floatingip',dhcp_options=[],distributed_binding=None,dns=None,fixed_ips=[IPAllocation],id=9e265e4f-a25c-436a-8d4a-61df202696af,mac_address=fa:16:3e:c7:bd:fd,name='',network_id=98cf6b49-91c1-422d-a1ec-9d49628670a5,project_id='',qos_policy_id=None,revision_number=3,security=PortSecurity(9e265e4f-a25c-436a-8d4a-61df202696af),security_group_ids=set([]),status='N/A',updated_at=2018-09-14T14:19:07Z)], 'updated') {} wrapper /usr/lib/python2.7/site-packages/oslo_log/helpers.py:66
2018-09-14 10:19:08.370 29463 DEBUG neutron.api.rpc.callbacks.version_manager [req-d569233d-4c26-4383-99a6-79c815226298 02e248cd8f0843eea56830a54be7a7df 194f3e7e9006484dbd7057072756dcfb - - -] Version for resource type Subnet changed None to 1.0 on consumer Open vSwitch agent@localhost.localdomain _set_version /usr/lib/python2.7/site-packages/neutron/api/rpc/callbacks/version_manager.py:119
2018-09-14 10:19:08.372 29463 DEBUG neutron.api.rpc.callbacks.version_manager [req-d569233d-4c26-4383-99a6-79c815226298 02e248cd8f0843eea56830a54be7a7df 194f3e7e9006484dbd7057072756dcfb - - -] Version for resource type Network changed None to 1.0 on consumer Open vSwitch agent@localhost.localdomain _set_version /usr/lib/python2.7/site-packages/neutron/api/rpc/callbacks/version_manager.py:119
2018-09-14 10:19:08.372 29463 DEBUG neutron.api.rpc.callbacks.version_manager [req-d569233d-4c26-4383-99a6-79c815226298 02e248cd8f0843eea56830a54be7a7df 194f3e7e9006484dbd7057072756dcfb - - -] Version for resource type SubPort changed None to 1.0 on consumer Open vSwitch agent@localhost.localdomain _set_version /usr/lib/python2.7/site-packages/neutron/api/rpc/callbacks/version_manager.py:119
2018-09-14 10:19:08.373 29463 DEBUG neutron.api.rpc.callbacks.version_manager [req-d569233d-4c26-4383-99a6-79c815226298 02e248cd8f0843eea56830a54be7a7df 194f3e7e9006484dbd7057072756dcfb - - -] Version for resource type SecurityGroup changed None to 1.0 on consumer Open vSwitch agent@localhost.localdomain _set_version /usr/lib/python2.7/site-packages/neutron/api/rpc/callbacks/version_manager.py:119
2018-09-14 10:19:08.374 29463 DEBUG neutron.api.rpc.callbacks.version_manager [req-d569233d-4c26-4383-99a6-79c815226298 02e248cd8f0843eea56830a54be7a7df 194f3e7e9006484dbd7057072756dcfb - - -] Version for resource type SecurityGroupRule changed None to 1.0 on consumer Open vSwitch agent@localhost.localdomain _set_version /usr/lib/python2.7/site-packages/neutron/api/rpc/callbacks/version_manager.py:119
2018-09-14 10:19:08.375 29463 DEBUG neutron.api.rpc.callbacks.version_manager [req-d569233d-4c26-4383-99a6-79c815226298 02e248cd8f0843eea56830a54be7a7df 194f3e7e9006484dbd7057072756dcfb - - -] Version for resource type Trunk changed None to 1.1 on consumer Open vSwitch agent@localhost.localdomain _set_version /usr/lib/python2.7/site-packages/neutron/api/rpc/callbacks/version_manager.py:119
2018-09-14 10:19:08.376 29463 DEBUG neutron.api.rpc.callbacks.version_manager [req-d569233d-4c26-4383-99a6-79c815226298 02e248cd8f0843eea56830a54be7a7df 194f3e7e9006484dbd7057072756dcfb - - -] Version for resource type QosPolicy changed None to 1.6 on consumer Open vSwitch agent@localhost.localdomain _set_version /usr/lib/python2.7/site-packages/neutron/api/rpc/callbacks/version_manager.py:119
2018-09-14 10:19:08.377 29463 DEBUG neutron.api.rpc.callbacks.version_manager [req-d569233d-4c26-4383-99a6-79c815226298 02e248cd8f0843eea56830a54be7a7df 194f3e7e9006484dbd7057072756dcfb - - -] Version for resource type Port changed None to 1.1 on consumer Open vSwitch agent@localhost.localdomain _set_version /usr/lib/python2.7/site-packages/neutron/api/rpc/callbacks/version_manager.py:119
2018-09-14 10:19:08.378 29463 DEBUG neutron.api.rpc.callbacks.version_manager [req-d569233d-4c26-4383-99a6-79c815226298 02e248cd8f0843eea56830a54be7a7df 194f3e7e9006484dbd7057072756dcfb - - -] Version for resource type Log changed None to 1.0 on consumer Open vSwitch agent@localhost.localdomain _set_version /usr/lib/python2.7/site-packages/neutron/api/rpc/callbacks/version_manager.py:119
2018-09-14 10:19:08.381 29463 DEBUG neutron.api.rpc.callbacks.version_manager [req-d569233d-4c26-4383-99a6-79c815226298 02e248cd8f0843eea56830a54be7a7df 194f3e7e9006484dbd7057072756dcfb - - -] Tracked resource versions report:
pushed versions:
{   'Log': set(['1.0']),
    'Network': set(['1.0']),
    'Port': set(['1.1']),
    'QosPolicy': set(['1.6']),
    'SecurityGroup': set(['1.0']),
    'SecurityGroupRule': set(['1.0']),
    'SubPort': set(['1.0']),
    'Subnet': set(['1.0']),
    'Trunk': set(['1.1'])}

consumer versions:
{   DHCP agent@localhost.localdomain: {   },
    L3 agent@localhost.localdomain: {   },
    Metadata agent@localhost.localdomain: {   },
    Metering agent@localhost.localdomain: {   },
    Open vSwitch agent@localhost.localdomain: {   u'Log': u'1.0',
                                                  u'Network': u'1.0',
                                                  u'Port': u'1.1',
                                                  u'QosPolicy': u'1.6',
                                                  u'SecurityGroup': u'1.0',
                                                  u'SecurityGroupRule': u'1.0',
                                                  u'SubPort': u'1.0',
                                                  u'Subnet': u'1.0',
                                                  u'Trunk': u'1.1'}}
 report /usr/lib/python2.7/site-packages/neutron/api/rpc/callbacks/version_manager.py:178
2018-09-14 10:19:08.825 29463 DEBUG neutron.scheduler.dhcp_agent_scheduler [req-d569233d-4c26-4383-99a6-79c815226298 02e248cd8f0843eea56830a54be7a7df 194f3e7e9006484dbd7057072756dcfb - default default] Network 98cf6b49-91c1-422d-a1ec-9d49628670a5 is already hosted by enough agents. _get_dhcp_agents_hosting_network /usr/lib/python2.7/site-packages/neutron/scheduler/dhcp_agent_scheduler.py:243
2018-09-14 10:19:08.882 29463 DEBUG oslo_concurrency.lockutils [req-d569233d-4c26-4383-99a6-79c815226298 02e248cd8f0843eea56830a54be7a7df 194f3e7e9006484dbd7057072756dcfb - - -] Lock "event-dispatch" released by "neutron.plugins.ml2.ovo_rpc.dispatch_events" :: held 0.920s inner /usr/lib/python2.7/site-packages/oslo_concurrency/lockutils.py:282
2018-09-14 10:19:09.018 29463 DEBUG neutron_lib.callbacks.manager [req-d569233d-4c26-4383-99a6-79c815226298 02e248cd8f0843eea56830a54be7a7df 194f3e7e9006484dbd7057072756dcfb - default default] Notify callbacks ['neutron.plugins.ml2.plugin.Ml2Plugin._ensure_default_security_group_handler--9223372036852858617'] for port, before_update _notify_loop /usr/lib/python2.7/site-packages/neutron_lib/callbacks/manager.py:167
2018-09-14 10:19:09.530 29466 DEBUG neutron.plugins.ml2.rpc [req-f10bf59a-1d51-49d5-b0bf-920507ead5ea - - - - -] Device 7d7c3a23-6132-4c91-b016-c13ab88b7b2f no longer exists at agent ovs-agent-localhost.localdomain update_device_down /usr/lib/python2.7/site-packages/neutron/plugins/ml2/rpc.py:213
