2018-09-13 12:49:40.048 23525 INFO neutron.wsgi [req-adb54dc4-d5be-45af-847f-1be192a9e6b8 23e04251e35a4af8836d799cdbc6c009 4eeeddb45ad446a68ed4de7bd550932a - default default] 10.0.20.20 "GET /v2.0/ports?tenant_id=bfb08211da6f4f218cf7a65f00fdcbe0&device_id=bd477dc4-a6f6-4eb8-97f9-991b23d3a4ec HTTP/1.1" status: 200  len: 1124 time: 0.1750228
2018-09-13 12:49:40.376 23525 DEBUG neutron.pecan_wsgi.hooks.policy_enforcement [req-2cfc4318-bf58-4d95-97df-0adead7855c5 23e04251e35a4af8836d799cdbc6c009 4eeeddb45ad446a68ed4de7bd550932a - default default] Attributes excluded by policy engine: [u'vlan_transparent'] _exclude_attributes_by_policy /usr/lib/python2.7/site-packages/neutron/pecan_wsgi/hooks/policy_enforcement.py:256
2018-09-13 12:49:40.379 23525 INFO neutron.wsgi [req-2cfc4318-bf58-4d95-97df-0adead7855c5 23e04251e35a4af8836d799cdbc6c009 4eeeddb45ad446a68ed4de7bd550932a - default default] 10.0.20.20 "GET /v2.0/networks?id=1cc826bd-db46-4bfa-8f90-3775e3dce3b9 HTTP/1.1" status: 200  len: 885 time: 0.3218369
2018-09-13 12:49:40.440 23525 INFO neutron.wsgi [req-728ed986-194f-4563-a0a4-7b7f8e4debf2 23e04251e35a4af8836d799cdbc6c009 4eeeddb45ad446a68ed4de7bd550932a - default default] 10.0.20.20 "GET /v2.0/floatingips?fixed_ip_address=11.252.1.7&port_id=faf2067d-0f75-42b6-bd1c-1258d501ee13 HTTP/1.1" status: 200  len: 750 time: 0.0498030
2018-09-13 12:49:40.620 23525 DEBUG neutron.pecan_wsgi.hooks.policy_enforcement [req-e34db393-d8e0-4d37-b9ec-ff98ac87b9fa 23e04251e35a4af8836d799cdbc6c009 4eeeddb45ad446a68ed4de7bd550932a - default default] Attributes excluded by policy engine: [u'shared'] _exclude_attributes_by_policy /usr/lib/python2.7/site-packages/neutron/pecan_wsgi/hooks/policy_enforcement.py:256
2018-09-13 12:49:40.623 23525 INFO neutron.wsgi [req-e34db393-d8e0-4d37-b9ec-ff98ac87b9fa 23e04251e35a4af8836d799cdbc6c009 4eeeddb45ad446a68ed4de7bd550932a - default default] 10.0.20.20 "GET /v2.0/subnets?id=03ea168c-574c-41ce-8c50-144bc9b429c2 HTTP/1.1" status: 200  len: 847 time: 0.1734700
2018-09-13 12:49:40.798 23525 INFO neutron.wsgi [req-dff583d9-c10d-4915-9d9f-9d72ea6036fc 23e04251e35a4af8836d799cdbc6c009 4eeeddb45ad446a68ed4de7bd550932a - default default] 10.0.20.20 "GET /v2.0/ports?network_id=1cc826bd-db46-4bfa-8f90-3775e3dce3b9&device_owner=network%3Adhcp HTTP/1.1" status: 200  len: 1128 time: 0.1659958
2018-09-13 12:49:44.019 23532 DEBUG neutron_lib.callbacks.manager [req-5e8c1647-dedd-4a72-91a9-ac0555f200dc - - - - -] Notify callbacks ['neutron.services.segments.db._update_segment_host_mapping_for_agent--9223363252326059237'] for agent, after_update _notify_loop /usr/lib/python2.7/site-packages/neutron_lib/callbacks/manager.py:167
2018-09-13 12:49:44.057 23535 DEBUG neutron_lib.callbacks.manager [req-3ec239c9-7873-4de9-8320-60fe9b4962f6 - - - - -] Notify callbacks ['neutron.services.segments.db._update_segment_host_mapping_for_agent--9223363252326059237'] for agent, after_update _notify_loop /usr/lib/python2.7/site-packages/neutron_lib/callbacks/manager.py:167
2018-09-13 12:49:49.621 23530 DEBUG neutron_lib.callbacks.manager [req-1da52f67-8d37-44bf-8206-bc5bf8014627 - - - - -] Notify callbacks ['neutron.services.segments.db._update_segment_host_mapping_for_agent--9223363252326059237'] for agent, after_update _notify_loop /usr/lib/python2.7/site-packages/neutron_lib/callbacks/manager.py:167
2018-09-13 12:49:49.642 23533 DEBUG neutron_lib.callbacks.manager [req-be721558-70d5-4bd0-a691-a54abe7831ac - - - - -] Notify callbacks ['neutron.services.segments.db._update_segment_host_mapping_for_agent--9223363252326059237'] for agent, after_update _notify_loop /usr/lib/python2.7/site-packages/neutron_lib/callbacks/manager.py:167
2018-09-13 12:49:50.184 23539 DEBUG neutron_lib.callbacks.manager [req-9538678d-368a-43a3-b599-241f86769adc - - - - -] Notify callbacks ['neutron.services.segments.db._update_segment_host_mapping_for_agent--9223363252326059237'] for agent, after_update _notify_loop /usr/lib/python2.7/site-packages/neutron_lib/callbacks/manager.py:167
2018-09-13 12:49:51.710 23525 INFO neutron.wsgi [req-3afc4995-cb1c-484c-933e-b88d6ac07d39 f23274c65f83472d8f1e1bdd2cf0b3df bfb08211da6f4f218cf7a65f00fdcbe0 - 65b61c6dbedf4fe2a5ded1bebf09647c 65b61c6dbedf4fe2a5ded1bebf09647c] 10.0.20.20 "GET /v2.0/ports?device_id=bd477dc4-a6f6-4eb8-97f9-991b23d3a4ec HTTP/1.1" status: 200  len: 1124 time: 0.7600429
2018-09-13 12:49:51.880 23525 INFO neutron.wsgi [req-62963a31-021e-46f4-91e1-569c59afe241 f23274c65f83472d8f1e1bdd2cf0b3df bfb08211da6f4f218cf7a65f00fdcbe0 - 65b61c6dbedf4fe2a5ded1bebf09647c 65b61c6dbedf4fe2a5ded1bebf09647c] 10.0.20.20 "GET /v2.0/security-groups?id=40579642-265e-4971-9a42-f65b968b3bc1 HTTP/1.1" status: 200  len: 2118 time: 0.1577840
2018-09-13 12:49:52.973 23541 DEBUG neutron.db.agents_db [req-1e6be8b6-9e65-4540-b710-34898266bdd4 - - - - -] Agent healthcheck: found 5 active agents agent_health_check /usr/lib/python2.7/site-packages/neutron/db/agents_db.py:281
2018-09-13 12:50:08.772 23525 INFO neutron.wsgi [req-396f9abd-001e-45c8-8ef0-d7f66482b633 f23274c65f83472d8f1e1bdd2cf0b3df bfb08211da6f4f218cf7a65f00fdcbe0 - 65b61c6dbedf4fe2a5ded1bebf09647c 65b61c6dbedf4fe2a5ded1bebf09647c] 10.0.20.20 "GET /v2.0/ports?device_id=bd477dc4-a6f6-4eb8-97f9-991b23d3a4ec HTTP/1.1" status: 200  len: 1124 time: 0.7583392
2018-09-13 12:50:08.905 23525 INFO neutron.wsgi [req-e999ae86-d757-41a9-80ad-8bdf403d8e9c f23274c65f83472d8f1e1bdd2cf0b3df bfb08211da6f4f218cf7a65f00fdcbe0 - 65b61c6dbedf4fe2a5ded1bebf09647c 65b61c6dbedf4fe2a5ded1bebf09647c] 10.0.20.20 "GET /v2.0/security-groups?id=40579642-265e-4971-9a42-f65b968b3bc1 HTTP/1.1" status: 200  len: 2118 time: 0.1255050
2018-09-13 12:50:14.020 23538 DEBUG neutron_lib.callbacks.manager [req-5e8c1647-dedd-4a72-91a9-ac0555f200dc - - - - -] Notify callbacks ['neutron.services.segments.db._update_segment_host_mapping_for_agent--9223363252326059237'] for agent, after_update _notify_loop /usr/lib/python2.7/site-packages/neutron_lib/callbacks/manager.py:167
2018-09-13 12:50:14.056 23536 DEBUG neutron_lib.callbacks.manager [req-d5a3f844-db04-47c6-8aaa-f8298d90baca - - - - -] Notify callbacks ['neutron.services.segments.db._update_segment_host_mapping_for_agent--9223363252326059237'] for agent, after_update _notify_loop /usr/lib/python2.7/site-packages/neutron_lib/callbacks/manager.py:167
2018-09-13 12:50:19.608 23529 DEBUG neutron_lib.callbacks.manager [req-00c3516e-bc12-42a5-ae73-6b6eb0ff6430 - - - - -] Notify callbacks ['neutron.services.segments.db._update_segment_host_mapping_for_agent--9223363252326059237'] for agent, after_update _notify_loop /usr/lib/python2.7/site-packages/neutron_lib/callbacks/manager.py:167
2018-09-13 12:50:19.621 23540 DEBUG neutron_lib.callbacks.manager [req-be721558-70d5-4bd0-a691-a54abe7831ac - - - - -] Notify callbacks ['neutron.services.segments.db._update_segment_host_mapping_for_agent--9223363252326059237'] for agent, after_update _notify_loop /usr/lib/python2.7/site-packages/neutron_lib/callbacks/manager.py:167
2018-09-13 12:50:20.181 23532 DEBUG neutron_lib.callbacks.manager [req-9538678d-368a-43a3-b599-241f86769adc - - - - -] Notify callbacks ['neutron.services.segments.db._update_segment_host_mapping_for_agent--9223363252326059237'] for agent, after_update _notify_loop /usr/lib/python2.7/site-packages/neutron_lib/callbacks/manager.py:167
2018-09-13 12:50:20.796 23521 INFO neutron.wsgi [req-e885bbaa-bb3b-4e83-aeee-14a1226658f8 f23274c65f83472d8f1e1bdd2cf0b3df bfb08211da6f4f218cf7a65f00fdcbe0 - 65b61c6dbedf4fe2a5ded1bebf09647c 65b61c6dbedf4fe2a5ded1bebf09647c] 10.0.20.20 "GET /v2.0/ports?device_id=bd477dc4-a6f6-4eb8-97f9-991b23d3a4ec HTTP/1.1" status: 200  len: 1124 time: 0.8313801
2018-09-13 12:50:20.931 23521 INFO neutron.wsgi [req-b8bde517-67e8-4f72-b771-2f625a064170 f23274c65f83472d8f1e1bdd2cf0b3df bfb08211da6f4f218cf7a65f00fdcbe0 - 65b61c6dbedf4fe2a5ded1bebf09647c 65b61c6dbedf4fe2a5ded1bebf09647c] 10.0.20.20 "GET /v2.0/security-groups?id=40579642-265e-4971-9a42-f65b968b3bc1 HTTP/1.1" status: 200  len: 2118 time: 0.1231990
2018-09-13 12:50:29.974 23541 DEBUG neutron.db.agents_db [req-1e6be8b6-9e65-4540-b710-34898266bdd4 - - - - -] Agent healthcheck: found 5 active agents agent_health_check /usr/lib/python2.7/site-packages/neutron/db/agents_db.py:281
2018-09-13 12:50:37.134 23521 INFO neutron.wsgi [req-5436a3a7-ff2f-4e5b-a70f-d84f7f8c3e86 f23274c65f83472d8f1e1bdd2cf0b3df bfb08211da6f4f218cf7a65f00fdcbe0 - 65b61c6dbedf4fe2a5ded1bebf09647c 65b61c6dbedf4fe2a5ded1bebf09647c] 10.0.20.20 "GET /v2.0/ports?device_id=bd477dc4-a6f6-4eb8-97f9-991b23d3a4ec HTTP/1.1" status: 200  len: 1124 time: 1.2702501
2018-09-13 12:50:37.237 23521 INFO neutron.wsgi [req-2c6929df-7157-4037-be73-9c2cf9cdd1e9 f23274c65f83472d8f1e1bdd2cf0b3df bfb08211da6f4f218cf7a65f00fdcbe0 - 65b61c6dbedf4fe2a5ded1bebf09647c 65b61c6dbedf4fe2a5ded1bebf09647c] 10.0.20.20 "GET /v2.0/security-groups?id=40579642-265e-4971-9a42-f65b968b3bc1 HTTP/1.1" status: 200  len: 2118 time: 0.0962141
2018-09-13 12:50:39.969 23525 INFO neutron.wsgi [req-c61c85a4-fbb0-4046-a670-e68c6119f76a 23e04251e35a4af8836d799cdbc6c009 4eeeddb45ad446a68ed4de7bd550932a - default default] 10.0.20.20 "GET /v2.0/ports?tenant_id=bfb08211da6f4f218cf7a65f00fdcbe0&device_id=bd477dc4-a6f6-4eb8-97f9-991b23d3a4ec HTTP/1.1" status: 200  len: 1124 time: 0.1488810
2018-09-13 12:50:40.284 23525 DEBUG neutron.pecan_wsgi.hooks.policy_enforcement [req-831c9746-f6d6-452c-b527-9f4a8562248c 23e04251e35a4af8836d799cdbc6c009 4eeeddb45ad446a68ed4de7bd550932a - default default] Attributes excluded by policy engine: [u'vlan_transparent'] _exclude_attributes_by_policy /usr/lib/python2.7/site-packages/neutron/pecan_wsgi/hooks/policy_enforcement.py:256
2018-09-13 12:50:40.288 23525 INFO neutron.wsgi [req-831c9746-f6d6-452c-b527-9f4a8562248c 23e04251e35a4af8836d799cdbc6c009 4eeeddb45ad446a68ed4de7bd550932a - default default] 10.0.20.20 "GET /v2.0/networks?id=1cc826bd-db46-4bfa-8f90-3775e3dce3b9 HTTP/1.1" status: 200  len: 885 time: 0.3070481
2018-09-13 12:50:40.353 23525 INFO neutron.wsgi [req-3940c5a7-c7d2-4b49-b9ae-2120ee970b43 23e04251e35a4af8836d799cdbc6c009 4eeeddb45ad446a68ed4de7bd550932a - default default] 10.0.20.20 "GET /v2.0/floatingips?fixed_ip_address=11.252.1.7&port_id=faf2067d-0f75-42b6-bd1c-1258d501ee13 HTTP/1.1" status: 200  len: 750 time: 0.0559940
2018-09-13 12:50:40.548 23525 DEBUG neutron.pecan_wsgi.hooks.policy_enforcement [req-64b9dd16-1899-4ca6-a9b9-06dd221132ec 23e04251e35a4af8836d799cdbc6c009 4eeeddb45ad446a68ed4de7bd550932a - default default] Attributes excluded by policy engine: [u'shared'] _exclude_attributes_by_policy /usr/lib/python2.7/site-packages/neutron/pecan_wsgi/hooks/policy_enforcement.py:256
2018-09-13 12:50:40.552 23525 INFO neutron.wsgi [req-64b9dd16-1899-4ca6-a9b9-06dd221132ec 23e04251e35a4af8836d799cdbc6c009 4eeeddb45ad446a68ed4de7bd550932a - default default] 10.0.20.20 "GET /v2.0/subnets?id=03ea168c-574c-41ce-8c50-144bc9b429c2 HTTP/1.1" status: 200  len: 847 time: 0.1901112
2018-09-13 12:50:40.738 23525 INFO neutron.wsgi [req-a9c2a999-6a33-4ec5-9817-ff81cc403ddb 23e04251e35a4af8836d799cdbc6c009 4eeeddb45ad446a68ed4de7bd550932a - default default] 10.0.20.20 "GET /v2.0/ports?network_id=1cc826bd-db46-4bfa-8f90-3775e3dce3b9&device_owner=network%3Adhcp HTTP/1.1" status: 200  len: 1128 time: 0.1792729
2018-09-13 12:50:44.006 23535 DEBUG neutron_lib.callbacks.manager [req-5e8c1647-dedd-4a72-91a9-ac0555f200dc - - - - -] Notify callbacks ['neutron.services.segments.db._update_segment_host_mapping_for_agent--9223363252326059237'] for agent, after_update _notify_loop /usr/lib/python2.7/site-packages/neutron_lib/callbacks/manager.py:167
2018-09-13 12:50:44.047 23530 DEBUG neutron_lib.callbacks.manager [req-72a568ba-f427-4dd2-9aef-21befe511e5d - - - - -] Notify callbacks ['neutron.services.segments.db._update_segment_host_mapping_for_agent--9223363252326059237'] for agent, after_update _notify_loop /usr/lib/python2.7/site-packages/neutron_lib/callbacks/manager.py:167
2018-09-13 12:50:49.621 23539 DEBUG neutron_lib.callbacks.manager [req-2fd1652e-115c-4b91-aa35-c897dfdabb91 - - - - -] Notify callbacks ['neutron.services.segments.db._update_segment_host_mapping_for_agent--9223363252326059237'] for agent, after_update _notify_loop /usr/lib/python2.7/site-packages/neutron_lib/callbacks/manager.py:167
2018-09-13 12:50:49.626 23533 DEBUG neutron_lib.callbacks.manager [req-be721558-70d5-4bd0-a691-a54abe7831ac - - - - -] Notify callbacks ['neutron.services.segments.db._update_segment_host_mapping_for_agent--9223363252326059237'] for agent, after_update _notify_loop /usr/lib/python2.7/site-packages/neutron_lib/callbacks/manager.py:167
2018-09-13 12:50:50.179 23538 DEBUG neutron_lib.callbacks.manager [req-9538678d-368a-43a3-b599-241f86769adc - - - - -] Notify callbacks ['neutron.services.segments.db._update_segment_host_mapping_for_agent--9223363252326059237'] for agent, after_update _notify_loop /usr/lib/python2.7/site-packages/neutron_lib/callbacks/manager.py:167
2018-09-13 12:50:53.057 23521 INFO neutron.wsgi [req-fd0885fa-f92a-4cf0-9658-9fb97ce63abd f23274c65f83472d8f1e1bdd2cf0b3df bfb08211da6f4f218cf7a65f00fdcbe0 - 65b61c6dbedf4fe2a5ded1bebf09647c 65b61c6dbedf4fe2a5ded1bebf09647c] 10.0.20.20 "GET /v2.0/ports?device_id=bd477dc4-a6f6-4eb8-97f9-991b23d3a4ec HTTP/1.1" status: 200  len: 1124 time: 0.8337691
2018-09-13 12:50:53.248 23521 INFO neutron.wsgi [req-fc6136cc-f272-4a0c-b234-3c06da1c3900 f23274c65f83472d8f1e1bdd2cf0b3df bfb08211da6f4f218cf7a65f00fdcbe0 - 65b61c6dbedf4fe2a5ded1bebf09647c 65b61c6dbedf4fe2a5ded1bebf09647c] 10.0.20.20 "GET /v2.0/security-groups?id=40579642-265e-4971-9a42-f65b968b3bc1 HTTP/1.1" status: 200  len: 2118 time: 0.1803780
2018-09-13 12:51:06.972 23541 DEBUG neutron.db.agents_db [req-1e6be8b6-9e65-4540-b710-34898266bdd4 - - - - -] Agent healthcheck: found 5 active agents agent_health_check /usr/lib/python2.7/site-packages/neutron/db/agents_db.py:281
2018-09-13 12:51:07.496 23522 INFO neutron.wsgi [req-30fead18-c15f-4d2b-8bf9-ee3e97231ec7 f23274c65f83472d8f1e1bdd2cf0b3df bfb08211da6f4f218cf7a65f00fdcbe0 - 65b61c6dbedf4fe2a5ded1bebf09647c 65b61c6dbedf4fe2a5ded1bebf09647c] 10.0.20.20 "GET /v2.0/ports?device_id=bd477dc4-a6f6-4eb8-97f9-991b23d3a4ec HTTP/1.1" status: 200  len: 1124 time: 0.8099511
2018-09-13 12:51:07.658 23522 INFO neutron.wsgi [req-97c01d39-336d-49c4-9510-441e5c670729 f23274c65f83472d8f1e1bdd2cf0b3df bfb08211da6f4f218cf7a65f00fdcbe0 - 65b61c6dbedf4fe2a5ded1bebf09647c 65b61c6dbedf4fe2a5ded1bebf09647c] 10.0.20.20 "GET /v2.0/security-groups?id=40579642-265e-4971-9a42-f65b968b3bc1 HTTP/1.1" status: 200  len: 2118 time: 0.1491101
2018-09-13 12:51:14.019 23536 DEBUG neutron_lib.callbacks.manager [req-5e8c1647-dedd-4a72-91a9-ac0555f200dc - - - - -] Notify callbacks ['neutron.services.segments.db._update_segment_host_mapping_for_agent--9223363252326059237'] for agent, after_update _notify_loop /usr/lib/python2.7/site-packages/neutron_lib/callbacks/manager.py:167
2018-09-13 12:51:14.035 23529 DEBUG neutron_lib.callbacks.manager [req-8bbf2568-180b-4ef6-ab97-2bed059807c7 - - - - -] Notify callbacks ['neutron.services.segments.db._update_segment_host_mapping_for_agent--9223363252326059237'] for agent, after_update _notify_loop /usr/lib/python2.7/site-packages/neutron_lib/callbacks/manager.py:167
2018-09-13 12:51:19.627 23540 DEBUG neutron_lib.callbacks.manager [req-be721558-70d5-4bd0-a691-a54abe7831ac - - - - -] Notify callbacks ['neutron.services.segments.db._update_segment_host_mapping_for_agent--9223363252326059237'] for agent, after_update _notify_loop /usr/lib/python2.7/site-packages/neutron_lib/callbacks/manager.py:167
2018-09-13 12:51:19.642 23532 DEBUG neutron_lib.callbacks.manager [req-1eb41e8b-a56c-4a60-8c1b-6459491cee1e - - - - -] Notify callbacks ['neutron.services.segments.db._update_segment_host_mapping_for_agent--9223363252326059237'] for agent, after_update _notify_loop /usr/lib/python2.7/site-packages/neutron_lib/callbacks/manager.py:167
2018-09-13 12:51:20.163 23535 DEBUG neutron_lib.callbacks.manager [req-9538678d-368a-43a3-b599-241f86769adc - - - - -] Notify callbacks ['neutron.services.segments.db._update_segment_host_mapping_for_agent--9223363252326059237'] for agent, after_update _notify_loop /usr/lib/python2.7/site-packages/neutron_lib/callbacks/manager.py:167
2018-09-13 12:51:24.973 23521 INFO neutron.wsgi [req-5dff1777-ef9f-41cc-8bf8-51b193337135 f23274c65f83472d8f1e1bdd2cf0b3df bfb08211da6f4f218cf7a65f00fdcbe0 - 65b61c6dbedf4fe2a5ded1bebf09647c 65b61c6dbedf4fe2a5ded1bebf09647c] 10.0.20.20 "GET /v2.0/ports?device_id=bd477dc4-a6f6-4eb8-97f9-991b23d3a4ec HTTP/1.1" status: 200  len: 1124 time: 0.7433600
2018-09-13 12:51:25.135 23521 INFO neutron.wsgi [req-236f211e-f8b6-47af-aba1-aa6cbff53871 f23274c65f83472d8f1e1bdd2cf0b3df bfb08211da6f4f218cf7a65f00fdcbe0 - 65b61c6dbedf4fe2a5ded1bebf09647c 65b61c6dbedf4fe2a5ded1bebf09647c] 10.0.20.20 "GET /v2.0/security-groups?id=40579642-265e-4971-9a42-f65b968b3bc1 HTTP/1.1" status: 200  len: 2118 time: 0.1516950
2018-09-13 12:51:26.014 23525 INFO neutron.wsgi [req-1ad015a3-0abc-41f3-a02a-0db453e247a3 23e04251e35a4af8836d799cdbc6c009 4eeeddb45ad446a68ed4de7bd550932a - default default] 10.0.20.20 "GET /v2.0/ports?tenant_id=bfb08211da6f4f218cf7a65f00fdcbe0&device_id=bd477dc4-a6f6-4eb8-97f9-991b23d3a4ec HTTP/1.1" status: 200  len: 1124 time: 0.1501970
2018-09-13 12:51:26.323 23525 DEBUG neutron.pecan_wsgi.hooks.policy_enforcement [req-444b3d24-7ebb-45c2-b82d-164dfa34c61b 23e04251e35a4af8836d799cdbc6c009 4eeeddb45ad446a68ed4de7bd550932a - default default] Attributes excluded by policy engine: [u'vlan_transparent'] _exclude_attributes_by_policy /usr/lib/python2.7/site-packages/neutron/pecan_wsgi/hooks/policy_enforcement.py:256
2018-09-13 12:51:26.327 23525 INFO neutron.wsgi [req-444b3d24-7ebb-45c2-b82d-164dfa34c61b 23e04251e35a4af8836d799cdbc6c009 4eeeddb45ad446a68ed4de7bd550932a - default default] 10.0.20.20 "GET /v2.0/networks?id=1cc826bd-db46-4bfa-8f90-3775e3dce3b9 HTTP/1.1" status: 200  len: 885 time: 0.3023880
2018-09-13 12:51:26.400 23525 INFO neutron.wsgi [req-7e435cc3-939f-4dec-888b-33a16a9d1cbb 23e04251e35a4af8836d799cdbc6c009 4eeeddb45ad446a68ed4de7bd550932a - default default] 10.0.20.20 "GET /v2.0/floatingips?fixed_ip_address=11.252.1.7&port_id=faf2067d-0f75-42b6-bd1c-1258d501ee13 HTTP/1.1" status: 200  len: 750 time: 0.0633409
2018-09-13 12:51:26.586 23525 DEBUG neutron.pecan_wsgi.hooks.policy_enforcement [req-c9b6dba1-e47c-4d62-9730-3e3c06af7f64 23e04251e35a4af8836d799cdbc6c009 4eeeddb45ad446a68ed4de7bd550932a - default default] Attributes excluded by policy engine: [u'shared'] _exclude_attributes_by_policy /usr/lib/python2.7/site-packages/neutron/pecan_wsgi/hooks/policy_enforcement.py:256
2018-09-13 12:51:26.591 23525 INFO neutron.wsgi [req-c9b6dba1-e47c-4d62-9730-3e3c06af7f64 23e04251e35a4af8836d799cdbc6c009 4eeeddb45ad446a68ed4de7bd550932a - default default] 10.0.20.20 "GET /v2.0/subnets?id=03ea168c-574c-41ce-8c50-144bc9b429c2 HTTP/1.1" status: 200  len: 847 time: 0.1827421
2018-09-13 12:51:26.789 23525 INFO neutron.wsgi [req-b76844fb-ceaf-4afa-8b5e-780bd90cebc8 23e04251e35a4af8836d799cdbc6c009 4eeeddb45ad446a68ed4de7bd550932a - default default] 10.0.20.20 "GET /v2.0/ports?network_id=1cc826bd-db46-4bfa-8f90-3775e3dce3b9&device_owner=network%3Adhcp HTTP/1.1" status: 200  len: 1128 time: 0.1795771
2018-09-13 12:51:28.844 23530 DEBUG neutron.plugins.ml2.rpc [req-5e8c1647-dedd-4a72-91a9-ac0555f200dc - - - - -] Device faf2067d-0f75-42b6-bd1c-1258d501ee13 no longer exists at agent ovs-agent-localhost.localdomain update_device_down /usr/lib/python2.7/site-packages/neutron/plugins/ml2/rpc.py:213
2018-09-13 12:51:29.132 23530 DEBUG neutron_lib.callbacks.manager [req-5e8c1647-dedd-4a72-91a9-ac0555f200dc - - - - -] Notify callbacks ['neutron.plugins.ml2.plugin.Ml2Plugin._ensure_default_security_group_handler-7870797'] for port, before_update _notify_loop /usr/lib/python2.7/site-packages/neutron_lib/callbacks/manager.py:167
2018-09-13 12:51:29.258 23530 DEBUG oslo_concurrency.lockutils [-] Lock "notifier-f86b86f1-22ff-4f0b-a4a7-318259a35eb7" acquired by "neutron.notifiers.batch_notifier.synced_send" :: waited 0.001s inner /usr/lib/python2.7/site-packages/oslo_concurrency/lockutils.py:270
2018-09-13 12:51:29.262 23530 DEBUG neutron.notifiers.nova [-] Sending events: [{'status': 'completed', 'tag': u'faf2067d-0f75-42b6-bd1c-1258d501ee13', 'name': 'network-vif-unplugged', 'server_uuid': u'bd477dc4-a6f6-4eb8-97f9-991b23d3a4ec'}] send_events /usr/lib/python2.7/site-packages/neutron/notifiers/nova.py:242
2018-09-13 12:51:29.284 23530 DEBUG neutron.plugins.ml2.db [req-5e8c1647-dedd-4a72-91a9-ac0555f200dc - - - - -] For port faf2067d-0f75-42b6-bd1c-1258d501ee13, host localhost.localdomain, got binding levels [<neutron.plugins.ml2.models.PortBindingLevel[object at 7fd4ea313e10] {port_id=u'faf2067d-0f75-42b6-bd1c-1258d501ee13', host=u'localhost.localdomain', level=0, driver=u'openvswitch', segment_id=u'0d7f1080-3061-4c4c-a036-95fc7e644bcf'}>] get_binding_levels /usr/lib/python2.7/site-packages/neutron/plugins/ml2/db.py:106
2018-09-13 12:51:29.296 23530 DEBUG neutron_lib.callbacks.manager [req-5e8c1647-dedd-4a72-91a9-ac0555f200dc - - - - -] Notify callbacks ['neutron.db.l3_hascheduler_db._notify_l3_agent_ha_port_update--9223363252326616866', 'neutron.plugins.ml2.ovo_rpc._ObjectChangeHandler.handle_event-1679602', 'neutron.api.rpc.agentnotifiers.dhcp_rpc_agent_api.DhcpAgentNotifyAPI._native_event_send_dhcp_notification-1567904', 'neutron.db.l3_dvrscheduler_db._notify_l3_agent_port_update--9223363252326616941', 'neutron.plugins.ml2.plugin.Ml2Plugin.notify_sg_on_port_change--9223372036846905057'] for port, after_update _notify_loop /usr/lib/python2.7/site-packages/neutron_lib/callbacks/manager.py:167
2018-09-13 12:51:29.316 23530 DEBUG oslo_concurrency.lockutils [-] Lock "event-dispatch" acquired by "neutron.plugins.ml2.ovo_rpc.dispatch_events" :: waited 0.001s inner /usr/lib/python2.7/site-packages/oslo_concurrency/lockutils.py:270
2018-09-13 12:51:29.499 23530 DEBUG neutron.api.rpc.handlers.resources_rpc [req-5e8c1647-dedd-4a72-91a9-ac0555f200dc - - - - -] neutron.api.rpc.handlers.resources_rpc.ResourcesPushRpcApi method push called with arguments (<neutron_lib.context.Context object at 0x7fd4ea0dfd10>, [Port(admin_state_up=True,allowed_address_pairs=[],binding=PortBinding,binding_levels=[PortBindingLevel],created_at=2018-09-13T16:48:03Z,data_plane_status=<?>,description='',device_id='bd477dc4-a6f6-4eb8-97f9-991b23d3a4ec',device_owner='compute:nova',dhcp_options=[],distributed_binding=None,dns=None,fixed_ips=[IPAllocation],id=faf2067d-0f75-42b6-bd1c-1258d501ee13,mac_address=fa:16:3e:90:c5:90,name='',network_id=1cc826bd-db46-4bfa-8f90-3775e3dce3b9,project_id='bfb08211da6f4f218cf7a65f00fdcbe0',qos_policy_id=None,revision_number=7,security=PortSecurity(faf2067d-0f75-42b6-bd1c-1258d501ee13),security_group_ids=set([40579642-265e-4971-9a42-f65b968b3bc1]),status='DOWN',updated_at=2018-09-13T16:51:29Z)], 'updated') {} wrapper /usr/lib/python2.7/site-packages/oslo_log/helpers.py:66
2018-09-13 12:51:29.521 23530 DEBUG neutron.api.rpc.callbacks.version_manager [req-5e8c1647-dedd-4a72-91a9-ac0555f200dc - - - - -] Version for resource type Subnet changed None to 1.0 on consumer Open vSwitch agent@localhost.localdomain _set_version /usr/lib/python2.7/site-packages/neutron/api/rpc/callbacks/version_manager.py:119
2018-09-13 12:51:29.523 23530 DEBUG neutron.api.rpc.callbacks.version_manager [req-5e8c1647-dedd-4a72-91a9-ac0555f200dc - - - - -] Version for resource type Network changed None to 1.0 on consumer Open vSwitch agent@localhost.localdomain _set_version /usr/lib/python2.7/site-packages/neutron/api/rpc/callbacks/version_manager.py:119
2018-09-13 12:51:29.524 23530 DEBUG neutron.api.rpc.callbacks.version_manager [req-5e8c1647-dedd-4a72-91a9-ac0555f200dc - - - - -] Version for resource type SubPort changed None to 1.0 on consumer Open vSwitch agent@localhost.localdomain _set_version /usr/lib/python2.7/site-packages/neutron/api/rpc/callbacks/version_manager.py:119
2018-09-13 12:51:29.525 23530 DEBUG neutron.api.rpc.callbacks.version_manager [req-5e8c1647-dedd-4a72-91a9-ac0555f200dc - - - - -] Version for resource type SecurityGroup changed None to 1.0 on consumer Open vSwitch agent@localhost.localdomain _set_version /usr/lib/python2.7/site-packages/neutron/api/rpc/callbacks/version_manager.py:119
2018-09-13 12:51:29.526 23530 DEBUG neutron.api.rpc.callbacks.version_manager [req-5e8c1647-dedd-4a72-91a9-ac0555f200dc - - - - -] Version for resource type SecurityGroupRule changed None to 1.0 on consumer Open vSwitch agent@localhost.localdomain _set_version /usr/lib/python2.7/site-packages/neutron/api/rpc/callbacks/version_manager.py:119
2018-09-13 12:51:29.527 23530 DEBUG neutron.api.rpc.callbacks.version_manager [req-5e8c1647-dedd-4a72-91a9-ac0555f200dc - - - - -] Version for resource type Trunk changed None to 1.1 on consumer Open vSwitch agent@localhost.localdomain _set_version /usr/lib/python2.7/site-packages/neutron/api/rpc/callbacks/version_manager.py:119
2018-09-13 12:51:29.528 23530 DEBUG neutron.api.rpc.callbacks.version_manager [req-5e8c1647-dedd-4a72-91a9-ac0555f200dc - - - - -] Version for resource type QosPolicy changed None to 1.6 on consumer Open vSwitch agent@localhost.localdomain _set_version /usr/lib/python2.7/site-packages/neutron/api/rpc/callbacks/version_manager.py:119
2018-09-13 12:51:29.529 23530 DEBUG neutron.api.rpc.callbacks.version_manager [req-5e8c1647-dedd-4a72-91a9-ac0555f200dc - - - - -] Version for resource type Port changed None to 1.1 on consumer Open vSwitch agent@localhost.localdomain _set_version /usr/lib/python2.7/site-packages/neutron/api/rpc/callbacks/version_manager.py:119
2018-09-13 12:51:29.530 23530 DEBUG neutron.api.rpc.callbacks.version_manager [req-5e8c1647-dedd-4a72-91a9-ac0555f200dc - - - - -] Version for resource type Log changed None to 1.0 on consumer Open vSwitch agent@localhost.localdomain _set_version /usr/lib/python2.7/site-packages/neutron/api/rpc/callbacks/version_manager.py:119
2018-09-13 12:51:29.535 23530 DEBUG neutron.api.rpc.callbacks.version_manager [req-5e8c1647-dedd-4a72-91a9-ac0555f200dc - - - - -] Tracked resource versions report:
pushed versions:
{   'Log': set(['1.0']),
    'Network': set(['1.0']),
    'Port': set(['1.1']),
    'QosPolicy': set(['1.6']),
    'SecurityGroup': set(['1.0']),
    'SecurityGroupRule': set(['1.0']),
    'SubPort': set(['1.0']),
    'Subnet': set(['1.0']),
    'Trunk': set(['1.1'])}

consumer versions:
{   DHCP agent@localhost.localdomain: {   },
    L3 agent@localhost.localdomain: {   },
    Metadata agent@localhost.localdomain: {   },
    Metering agent@localhost.localdomain: {   },
    Open vSwitch agent@localhost.localdomain: {   u'Log': u'1.0',
                                                  u'Network': u'1.0',
                                                  u'Port': u'1.1',
                                                  u'QosPolicy': u'1.6',
                                                  u'SecurityGroup': u'1.0',
                                                  u'SecurityGroupRule': u'1.0',
                                                  u'SubPort': u'1.0',
                                                  u'Subnet': u'1.0',
                                                  u'Trunk': u'1.1'}}
 report /usr/lib/python2.7/site-packages/neutron/api/rpc/callbacks/version_manager.py:178
2018-09-13 12:51:29.547 23530 DEBUG oslo_concurrency.lockutils [req-5e8c1647-dedd-4a72-91a9-ac0555f200dc - - - - -] Lock "event-dispatch" released by "neutron.plugins.ml2.ovo_rpc.dispatch_events" :: held 0.232s inner /usr/lib/python2.7/site-packages/oslo_concurrency/lockutils.py:282
2018-09-13 12:51:30.764 23530 DEBUG novaclient.v2.client [-] REQ: curl -g -i -X POST http://10.0.20.20:8774/v2.1/4eeeddb45ad446a68ed4de7bd550932a/os-server-external-events -H "User-Agent: python-novaclient" -H "Content-Type: application/json" -H "Accept: application/json" -H "X-OpenStack-Nova-API-Version: 2.1" -H "X-Auth-Token: {SHA1}d8f2ab184dbc2820060fe1f39c9a8b3266df5eac" -d '{"events": [{"status": "completed", "tag": "faf2067d-0f75-42b6-bd1c-1258d501ee13", "name": "network-vif-unplugged", "server_uuid": "bd477dc4-a6f6-4eb8-97f9-991b23d3a4ec"}]}' _http_log_request /usr/lib/python2.7/site-packages/keystoneauth1/session.py:375
2018-09-13 12:51:31.445 23530 DEBUG novaclient.v2.client [-] RESP: [200] Content-Length: 185 Content-Type: application/json Openstack-Api-Version: compute 2.1 X-Openstack-Nova-Api-Version: 2.1 Vary: OpenStack-API-Version, X-OpenStack-Nova-API-Version X-Openstack-Request-Id: req-181f1af9-6199-47d3-b1d8-76c3aa90bece X-Compute-Request-Id: req-181f1af9-6199-47d3-b1d8-76c3aa90bece Date: Thu, 13 Sep 2018 16:51:31 GMT Connection: keep-alive 
RESP BODY: {"events": [{"status": "completed", "tag": "faf2067d-0f75-42b6-bd1c-1258d501ee13", "name": "network-vif-unplugged", "server_uuid": "bd477dc4-a6f6-4eb8-97f9-991b23d3a4ec", "code": 200}]}
 _http_log_response /usr/lib/python2.7/site-packages/keystoneauth1/session.py:423
2018-09-13 12:51:31.446 23530 DEBUG novaclient.v2.client [-] POST call to compute for http://10.0.20.20:8774/v2.1/4eeeddb45ad446a68ed4de7bd550932a/os-server-external-events used request id req-181f1af9-6199-47d3-b1d8-76c3aa90bece request /usr/lib/python2.7/site-packages/keystoneauth1/session.py:727
2018-09-13 12:51:31.448 23530 INFO neutron.notifiers.nova [-] Nova event response: {u'status': u'completed', u'tag': u'faf2067d-0f75-42b6-bd1c-1258d501ee13', u'name': u'network-vif-unplugged', u'server_uuid': u'bd477dc4-a6f6-4eb8-97f9-991b23d3a4ec', u'code': 200}
2018-09-13 12:51:33.450 23530 DEBUG oslo_concurrency.lockutils [-] Lock "notifier-f86b86f1-22ff-4f0b-a4a7-318259a35eb7" released by "neutron.notifiers.batch_notifier.synced_send" :: held 4.191s inner /usr/lib/python2.7/site-packages/oslo_concurrency/lockutils.py:282
2018-09-13 12:51:34.886 23535 DEBUG neutron.plugins.ml2.rpc [req-5e8c1647-dedd-4a72-91a9-ac0555f200dc - - - - -] Device faf2067d-0f75-42b6-bd1c-1258d501ee13 up at agent ovs-agent-localhost.localdomain update_device_up /usr/lib/python2.7/site-packages/neutron/plugins/ml2/rpc.py:244
2018-09-13 12:51:35.078 23535 DEBUG neutron.db.provisioning_blocks [req-5e8c1647-dedd-4a72-91a9-ac0555f200dc - - - - -] Provisioning complete for port faf2067d-0f75-42b6-bd1c-1258d501ee13 triggered by entity L2. provisioning_complete /usr/lib/python2.7/site-packages/neutron/db/provisioning_blocks.py:138
2018-09-13 12:51:35.079 23535 DEBUG neutron_lib.callbacks.manager [req-5e8c1647-dedd-4a72-91a9-ac0555f200dc - - - - -] Notify callbacks ['neutron.plugins.ml2.plugin.Ml2Plugin._port_provisioned--9223372036847231133'] for port, provisioning_complete _notify_loop /usr/lib/python2.7/site-packages/neutron_lib/callbacks/manager.py:167
2018-09-13 12:51:35.327 23525 INFO neutron.wsgi [req-2c4593cd-dc62-4653-92a1-886866bdaf2e f23274c65f83472d8f1e1bdd2cf0b3df bfb08211da6f4f218cf7a65f00fdcbe0 - 65b61c6dbedf4fe2a5ded1bebf09647c 65b61c6dbedf4fe2a5ded1bebf09647c] 10.0.20.20 "GET /v2.0/ports?device_id=bd477dc4-a6f6-4eb8-97f9-991b23d3a4ec HTTP/1.1" status: 200  len: 1122 time: 0.8392971
2018-09-13 12:51:35.340 23535 DEBUG neutron_lib.callbacks.manager [req-5e8c1647-dedd-4a72-91a9-ac0555f200dc - - - - -] Notify callbacks ['neutron.plugins.ml2.plugin.Ml2Plugin._ensure_default_security_group_handler-7870797'] for port, before_update _notify_loop /usr/lib/python2.7/site-packages/neutron_lib/callbacks/manager.py:167
2018-09-13 12:51:35.472 23535 DEBUG oslo_concurrency.lockutils [-] Lock "notifier-f86b86f1-22ff-4f0b-a4a7-318259a35eb7" acquired by "neutron.notifiers.batch_notifier.synced_send" :: waited 0.000s inner /usr/lib/python2.7/site-packages/oslo_concurrency/lockutils.py:270
2018-09-13 12:51:35.473 23535 DEBUG neutron.notifiers.nova [-] Sending events: [{'status': 'completed', 'tag': u'faf2067d-0f75-42b6-bd1c-1258d501ee13', 'name': 'network-vif-plugged', 'server_uuid': u'bd477dc4-a6f6-4eb8-97f9-991b23d3a4ec'}] send_events /usr/lib/python2.7/site-packages/neutron/notifiers/nova.py:242
2018-09-13 12:51:35.480 23535 DEBUG novaclient.v2.client [-] REQ: curl -g -i -X POST http://10.0.20.20:8774/v2.1/4eeeddb45ad446a68ed4de7bd550932a/os-server-external-events -H "User-Agent: python-novaclient" -H "Content-Type: application/json" -H "Accept: application/json" -H "X-OpenStack-Nova-API-Version: 2.1" -H "X-Auth-Token: {SHA1}05ec74943d4d1be6a6d39fc3152be39f3eab62d1" -d '{"events": [{"status": "completed", "tag": "faf2067d-0f75-42b6-bd1c-1258d501ee13", "name": "network-vif-plugged", "server_uuid": "bd477dc4-a6f6-4eb8-97f9-991b23d3a4ec"}]}' _http_log_request /usr/lib/python2.7/site-packages/keystoneauth1/session.py:375
2018-09-13 12:51:35.490 23535 DEBUG neutron.plugins.ml2.db [req-5e8c1647-dedd-4a72-91a9-ac0555f200dc - - - - -] For port faf2067d-0f75-42b6-bd1c-1258d501ee13, host localhost.localdomain, got binding levels [<neutron.plugins.ml2.models.PortBindingLevel[object at 7fd4ea2b9290] {port_id=u'faf2067d-0f75-42b6-bd1c-1258d501ee13', host=u'localhost.localdomain', level=0, driver=u'openvswitch', segment_id=u'0d7f1080-3061-4c4c-a036-95fc7e644bcf'}>] get_binding_levels /usr/lib/python2.7/site-packages/neutron/plugins/ml2/db.py:106
2018-09-13 12:51:35.508 23525 INFO neutron.wsgi [req-9728375f-08bf-4280-97a7-6a888f570ea2 f23274c65f83472d8f1e1bdd2cf0b3df bfb08211da6f4f218cf7a65f00fdcbe0 - 65b61c6dbedf4fe2a5ded1bebf09647c 65b61c6dbedf4fe2a5ded1bebf09647c] 10.0.20.20 "GET /v2.0/security-groups?id=40579642-265e-4971-9a42-f65b968b3bc1 HTTP/1.1" status: 200  len: 2118 time: 0.1731968
2018-09-13 12:51:35.509 23535 DEBUG neutron_lib.callbacks.manager [req-5e8c1647-dedd-4a72-91a9-ac0555f200dc - - - - -] Notify callbacks ['neutron.db.l3_hascheduler_db._notify_l3_agent_ha_port_update--9223363252326616866', 'neutron.plugins.ml2.ovo_rpc._ObjectChangeHandler.handle_event-1679602', 'neutron.api.rpc.agentnotifiers.dhcp_rpc_agent_api.DhcpAgentNotifyAPI._native_event_send_dhcp_notification-1567904', 'neutron.db.l3_dvrscheduler_db._notify_l3_agent_port_update--9223363252326616941', 'neutron.plugins.ml2.plugin.Ml2Plugin.notify_sg_on_port_change--9223372036846905057'] for port, after_update _notify_loop /usr/lib/python2.7/site-packages/neutron_lib/callbacks/manager.py:167
2018-09-13 12:51:35.517 23535 DEBUG oslo_concurrency.lockutils [-] Lock "event-dispatch" acquired by "neutron.plugins.ml2.ovo_rpc.dispatch_events" :: waited 0.001s inner /usr/lib/python2.7/site-packages/oslo_concurrency/lockutils.py:270
2018-09-13 12:51:35.750 23535 DEBUG neutron.api.rpc.handlers.resources_rpc [req-5e8c1647-dedd-4a72-91a9-ac0555f200dc - - - - -] neutron.api.rpc.handlers.resources_rpc.ResourcesPushRpcApi method push called with arguments (<neutron_lib.context.Context object at 0x7fd4ea2b9710>, [Port(admin_state_up=True,allowed_address_pairs=[],binding=PortBinding,binding_levels=[PortBindingLevel],created_at=2018-09-13T16:48:03Z,data_plane_status=<?>,description='',device_id='bd477dc4-a6f6-4eb8-97f9-991b23d3a4ec',device_owner='compute:nova',dhcp_options=[],distributed_binding=None,dns=None,fixed_ips=[IPAllocation],id=faf2067d-0f75-42b6-bd1c-1258d501ee13,mac_address=fa:16:3e:90:c5:90,name='',network_id=1cc826bd-db46-4bfa-8f90-3775e3dce3b9,project_id='bfb08211da6f4f218cf7a65f00fdcbe0',qos_policy_id=None,revision_number=8,security=PortSecurity(faf2067d-0f75-42b6-bd1c-1258d501ee13),security_group_ids=set([40579642-265e-4971-9a42-f65b968b3bc1]),status='ACTIVE',updated_at=2018-09-13T16:51:35Z)], 'updated') {} wrapper /usr/lib/python2.7/site-packages/oslo_log/helpers.py:66
2018-09-13 12:51:35.786 23535 DEBUG neutron.api.rpc.callbacks.version_manager [req-5e8c1647-dedd-4a72-91a9-ac0555f200dc - - - - -] Version for resource type Subnet changed None to 1.0 on consumer Open vSwitch agent@localhost.localdomain _set_version /usr/lib/python2.7/site-packages/neutron/api/rpc/callbacks/version_manager.py:119
2018-09-13 12:51:35.788 23535 DEBUG neutron.api.rpc.callbacks.version_manager [req-5e8c1647-dedd-4a72-91a9-ac0555f200dc - - - - -] Version for resource type Network changed None to 1.0 on consumer Open vSwitch agent@localhost.localdomain _set_version /usr/lib/python2.7/site-packages/neutron/api/rpc/callbacks/version_manager.py:119
2018-09-13 12:51:35.789 23535 DEBUG neutron.api.rpc.callbacks.version_manager [req-5e8c1647-dedd-4a72-91a9-ac0555f200dc - - - - -] Version for resource type SubPort changed None to 1.0 on consumer Open vSwitch agent@localhost.localdomain _set_version /usr/lib/python2.7/site-packages/neutron/api/rpc/callbacks/version_manager.py:119
2018-09-13 12:51:35.791 23535 DEBUG neutron.api.rpc.callbacks.version_manager [req-5e8c1647-dedd-4a72-91a9-ac0555f200dc - - - - -] Version for resource type SecurityGroup changed None to 1.0 on consumer Open vSwitch agent@localhost.localdomain _set_version /usr/lib/python2.7/site-packages/neutron/api/rpc/callbacks/version_manager.py:119
2018-09-13 12:51:35.792 23535 DEBUG neutron.api.rpc.callbacks.version_manager [req-5e8c1647-dedd-4a72-91a9-ac0555f200dc - - - - -] Version for resource type SecurityGroupRule changed None to 1.0 on consumer Open vSwitch agent@localhost.localdomain _set_version /usr/lib/python2.7/site-packages/neutron/api/rpc/callbacks/version_manager.py:119
2018-09-13 12:51:35.794 23535 DEBUG neutron.api.rpc.callbacks.version_manager [req-5e8c1647-dedd-4a72-91a9-ac0555f200dc - - - - -] Version for resource type Trunk changed None to 1.1 on consumer Open vSwitch agent@localhost.localdomain _set_version /usr/lib/python2.7/site-packages/neutron/api/rpc/callbacks/version_manager.py:119
2018-09-13 12:51:35.795 23535 DEBUG neutron.api.rpc.callbacks.version_manager [req-5e8c1647-dedd-4a72-91a9-ac0555f200dc - - - - -] Version for resource type QosPolicy changed None to 1.6 on consumer Open vSwitch agent@localhost.localdomain _set_version /usr/lib/python2.7/site-packages/neutron/api/rpc/callbacks/version_manager.py:119
2018-09-13 12:51:35.796 23535 DEBUG neutron.api.rpc.callbacks.version_manager [req-5e8c1647-dedd-4a72-91a9-ac0555f200dc - - - - -] Version for resource type Port changed None to 1.1 on consumer Open vSwitch agent@localhost.localdomain _set_version /usr/lib/python2.7/site-packages/neutron/api/rpc/callbacks/version_manager.py:119
2018-09-13 12:51:35.798 23535 DEBUG neutron.api.rpc.callbacks.version_manager [req-5e8c1647-dedd-4a72-91a9-ac0555f200dc - - - - -] Version for resource type Log changed None to 1.0 on consumer Open vSwitch agent@localhost.localdomain _set_version /usr/lib/python2.7/site-packages/neutron/api/rpc/callbacks/version_manager.py:119
2018-09-13 12:51:35.814 23535 DEBUG oslo_concurrency.lockutils [req-5e8c1647-dedd-4a72-91a9-ac0555f200dc - - - - -] Lock "event-dispatch" released by "neutron.plugins.ml2.ovo_rpc.dispatch_events" :: held 0.296s inner /usr/lib/python2.7/site-packages/oslo_concurrency/lockutils.py:282
2018-09-13 12:51:36.288 23535 DEBUG novaclient.v2.client [-] RESP: [200] Content-Length: 183 Content-Type: application/json Openstack-Api-Version: compute 2.1 X-Openstack-Nova-Api-Version: 2.1 Vary: OpenStack-API-Version, X-OpenStack-Nova-API-Version X-Openstack-Request-Id: req-48c9fbe0-71c2-4c77-8f5d-3acdf073b840 X-Compute-Request-Id: req-48c9fbe0-71c2-4c77-8f5d-3acdf073b840 Date: Thu, 13 Sep 2018 16:51:36 GMT Connection: keep-alive 
RESP BODY: {"events": [{"status": "completed", "tag": "faf2067d-0f75-42b6-bd1c-1258d501ee13", "name": "network-vif-plugged", "server_uuid": "bd477dc4-a6f6-4eb8-97f9-991b23d3a4ec", "code": 200}]}
 _http_log_response /usr/lib/python2.7/site-packages/keystoneauth1/session.py:423
2018-09-13 12:51:36.289 23535 DEBUG novaclient.v2.client [-] POST call to compute for http://10.0.20.20:8774/v2.1/4eeeddb45ad446a68ed4de7bd550932a/os-server-external-events used request id req-48c9fbe0-71c2-4c77-8f5d-3acdf073b840 request /usr/lib/python2.7/site-packages/keystoneauth1/session.py:727
2018-09-13 12:51:36.291 23535 INFO neutron.notifiers.nova [-] Nova event response: {u'status': u'completed', u'tag': u'faf2067d-0f75-42b6-bd1c-1258d501ee13', u'name': u'network-vif-plugged', u'server_uuid': u'bd477dc4-a6f6-4eb8-97f9-991b23d3a4ec', u'code': 200}
2018-09-13 12:51:36.784 23533 DEBUG neutron.plugins.ml2.rpc [req-5e8c1647-dedd-4a72-91a9-ac0555f200dc - - - - -] Device faf2067d-0f75-42b6-bd1c-1258d501ee13 up at agent ovs-agent-localhost.localdomain update_device_up /usr/lib/python2.7/site-packages/neutron/plugins/ml2/rpc.py:244
2018-09-13 12:51:36.926 23533 DEBUG neutron.db.provisioning_blocks [req-5e8c1647-dedd-4a72-91a9-ac0555f200dc - - - - -] Provisioning complete for port faf2067d-0f75-42b6-bd1c-1258d501ee13 triggered by entity L2. provisioning_complete /usr/lib/python2.7/site-packages/neutron/db/provisioning_blocks.py:138
2018-09-13 12:51:36.928 23533 DEBUG neutron_lib.callbacks.manager [req-5e8c1647-dedd-4a72-91a9-ac0555f200dc - - - - -] Notify callbacks ['neutron.plugins.ml2.plugin.Ml2Plugin._port_provisioned--9223372036847231133'] for port, provisioning_complete _notify_loop /usr/lib/python2.7/site-packages/neutron_lib/callbacks/manager.py:167
2018-09-13 12:51:38.292 23535 DEBUG oslo_concurrency.lockutils [-] Lock "notifier-f86b86f1-22ff-4f0b-a4a7-318259a35eb7" released by "neutron.notifiers.batch_notifier.synced_send" :: held 2.820s inner /usr/lib/python2.7/site-packages/oslo_concurrency/lockutils.py:282
2018-09-13 12:51:40.020 23525 INFO neutron.wsgi [req-4ae8dddd-8e94-490f-8243-4a819582c667 23e04251e35a4af8836d799cdbc6c009 4eeeddb45ad446a68ed4de7bd550932a - default default] 10.0.20.20 "GET /v2.0/ports?tenant_id=bfb08211da6f4f218cf7a65f00fdcbe0&device_id=bd477dc4-a6f6-4eb8-97f9-991b23d3a4ec HTTP/1.1" status: 200  len: 1124 time: 0.1648252
2018-09-13 12:51:40.724 23525 DEBUG neutron.pecan_wsgi.hooks.policy_enforcement [req-9e21e475-53fa-4f53-9d59-c881686f2fa7 23e04251e35a4af8836d799cdbc6c009 4eeeddb45ad446a68ed4de7bd550932a - default default] Attributes excluded by policy engine: [u'vlan_transparent'] _exclude_attributes_by_policy /usr/lib/python2.7/site-packages/neutron/pecan_wsgi/hooks/policy_enforcement.py:256
2018-09-13 12:51:40.727 23525 INFO neutron.wsgi [req-9e21e475-53fa-4f53-9d59-c881686f2fa7 23e04251e35a4af8836d799cdbc6c009 4eeeddb45ad446a68ed4de7bd550932a - default default] 10.0.20.20 "GET /v2.0/networks?id=1cc826bd-db46-4bfa-8f90-3775e3dce3b9 HTTP/1.1" status: 200  len: 885 time: 0.6977849
2018-09-13 12:51:40.775 23525 INFO neutron.wsgi [req-1bfaed89-80ad-47e0-be03-abda4f790b6e 23e04251e35a4af8836d799cdbc6c009 4eeeddb45ad446a68ed4de7bd550932a - default default] 10.0.20.20 "GET /v2.0/floatingips?fixed_ip_address=11.252.1.7&port_id=faf2067d-0f75-42b6-bd1c-1258d501ee13 HTTP/1.1" status: 200  len: 750 time: 0.0386040
2018-09-13 12:51:40.943 23525 DEBUG neutron.pecan_wsgi.hooks.policy_enforcement [req-9f007d12-99da-4bab-829f-36b7ce9ee22f 23e04251e35a4af8836d799cdbc6c009 4eeeddb45ad446a68ed4de7bd550932a - default default] Attributes excluded by policy engine: [u'shared'] _exclude_attributes_by_policy /usr/lib/python2.7/site-packages/neutron/pecan_wsgi/hooks/policy_enforcement.py:256
2018-09-13 12:51:40.947 23525 INFO neutron.wsgi [req-9f007d12-99da-4bab-829f-36b7ce9ee22f 23e04251e35a4af8836d799cdbc6c009 4eeeddb45ad446a68ed4de7bd550932a - default default] 10.0.20.20 "GET /v2.0/subnets?id=03ea168c-574c-41ce-8c50-144bc9b429c2 HTTP/1.1" status: 200  len: 847 time: 0.1616869
2018-09-13 12:51:41.102 23525 INFO neutron.wsgi [req-8d851b17-34df-422e-907f-16c45463f8d0 23e04251e35a4af8836d799cdbc6c009 4eeeddb45ad446a68ed4de7bd550932a - default default] 10.0.20.20 "GET /v2.0/ports?network_id=1cc826bd-db46-4bfa-8f90-3775e3dce3b9&device_owner=network%3Adhcp HTTP/1.1" status: 200  len: 1128 time: 0.1464100
2018-09-13 12:51:43.508 23525 INFO neutron.wsgi [req-94a155b5-a56a-4925-95d8-dd5635bf1822 55b191cca8cc468d8e5831144e357a76 4eeeddb45ad446a68ed4de7bd550932a - default default] 10.0.20.20 "GET /v2.0/ports?device_id=bd477dc4-a6f6-4eb8-97f9-991b23d3a4ec HTTP/1.1" status: 200  len: 1124 time: 0.8237240
2018-09-13 12:51:43.653 23525 INFO neutron.wsgi [req-a3604c08-b683-483f-a1ee-ad913fe7a776 55b191cca8cc468d8e5831144e357a76 4eeeddb45ad446a68ed4de7bd550932a - default default] 10.0.20.20 "GET /v2.0/security-groups?id=40579642-265e-4971-9a42-f65b968b3bc1 HTTP/1.1" status: 200  len: 2118 time: 0.1385522
2018-09-13 12:51:43.985 23541 DEBUG neutron.db.agents_db [req-1e6be8b6-9e65-4540-b710-34898266bdd4 - - - - -] Agent healthcheck: found 5 active agents agent_health_check /usr/lib/python2.7/site-packages/neutron/db/agents_db.py:281
2018-09-13 12:51:44.018 23530 DEBUG neutron_lib.callbacks.manager [req-5e8c1647-dedd-4a72-91a9-ac0555f200dc - - - - -] Notify callbacks ['neutron.services.segments.db._update_segment_host_mapping_for_agent--9223363252326059237'] for agent, after_update _notify_loop /usr/lib/python2.7/site-packages/neutron_lib/callbacks/manager.py:167
2018-09-13 12:51:44.051 23533 DEBUG neutron_lib.callbacks.manager [req-01fc9308-0c6a-4954-a4c1-ae0fa02a947a - - - - -] Notify callbacks ['neutron.services.segments.db._update_segment_host_mapping_for_agent--9223363252326059237'] for agent, after_update _notify_loop /usr/lib/python2.7/site-packages/neutron_lib/callbacks/manager.py:167
2018-09-13 12:51:44.230 23525 INFO neutron.wsgi [req-99a64bdd-216d-4650-a3e3-e3762f8bd806 55b191cca8cc468d8e5831144e357a76 4eeeddb45ad446a68ed4de7bd550932a - default default] 10.0.20.20 "GET /v2.0/ports?device_id=bd477dc4-a6f6-4eb8-97f9-991b23d3a4ec HTTP/1.1" status: 200  len: 1124 time: 0.6889162
2018-09-13 12:51:44.370 23525 INFO neutron.wsgi [req-07e2292c-d182-4b7c-a7bf-fc2375646d1e 55b191cca8cc468d8e5831144e357a76 4eeeddb45ad446a68ed4de7bd550932a - default default] 10.0.20.20 "GET /v2.0/security-groups?id=40579642-265e-4971-9a42-f65b968b3bc1 HTTP/1.1" status: 200  len: 2118 time: 0.1313019
2018-09-13 12:51:47.485 23521 INFO neutron.wsgi [req-9c7357ed-3347-4277-814f-96afa8958bc1 f23274c65f83472d8f1e1bdd2cf0b3df bfb08211da6f4f218cf7a65f00fdcbe0 - 65b61c6dbedf4fe2a5ded1bebf09647c 65b61c6dbedf4fe2a5ded1bebf09647c] 10.0.20.20 "GET /v2.0/ports?device_id=bd477dc4-a6f6-4eb8-97f9-991b23d3a4ec HTTP/1.1" status: 200  len: 1124 time: 0.9118760
2018-09-13 12:51:47.677 23521 INFO neutron.wsgi [req-1d585604-cf54-49ba-b635-b9332d656c18 f23274c65f83472d8f1e1bdd2cf0b3df bfb08211da6f4f218cf7a65f00fdcbe0 - 65b61c6dbedf4fe2a5ded1bebf09647c 65b61c6dbedf4fe2a5ded1bebf09647c] 10.0.20.20 "GET /v2.0/security-groups?id=40579642-265e-4971-9a42-f65b968b3bc1 HTTP/1.1" status: 200  len: 2118 time: 0.1796341
2018-09-13 12:51:49.629 23538 DEBUG neutron_lib.callbacks.manager [req-be721558-70d5-4bd0-a691-a54abe7831ac - - - - -] Notify callbacks ['neutron.services.segments.db._update_segment_host_mapping_for_agent--9223363252326059237'] for agent, after_update _notify_loop /usr/lib/python2.7/site-packages/neutron_lib/callbacks/manager.py:167
2018-09-13 12:51:49.649 23539 DEBUG neutron_lib.callbacks.manager [req-cd2c7fde-c5b6-4385-9a8a-822443306318 - - - - -] Notify callbacks ['neutron.services.segments.db._update_segment_host_mapping_for_agent--9223363252326059237'] for agent, after_update _notify_loop /usr/lib/python2.7/site-packages/neutron_lib/callbacks/manager.py:167
2018-09-13 12:51:50.185 23536 DEBUG neutron_lib.callbacks.manager [req-9538678d-368a-43a3-b599-241f86769adc - - - - -] Notify callbacks ['neutron.services.segments.db._update_segment_host_mapping_for_agent--9223363252326059237'] for agent, after_update _notify_loop /usr/lib/python2.7/site-packages/neutron_lib/callbacks/manager.py:167
2018-09-13 12:51:57.437 23525 DEBUG neutron.wsgi [req-e3756552-fee0-42be-9013-ae0548d11cd0 7be7e818fee945eeb9900b48edf34f61 0f1951eb898a41cfabfd699681ffcc74 - 34bb21fe475043eda0ceff8e8be585fe 34bb21fe475043eda0ceff8e8be585fe] (23525) timed out ('10.0.20.20', 34672) process_request /usr/lib/python2.7/site-packages/eventlet/wsgi.py:739
2018-09-13 12:52:09.645 23522 INFO neutron.wsgi [req-1b5219da-eb77-4004-956e-56b217bf40f6 23e04251e35a4af8836d799cdbc6c009 4eeeddb45ad446a68ed4de7bd550932a - default default] 10.0.20.20 "GET /v2.0/ports?device_id=bd477dc4-a6f6-4eb8-97f9-991b23d3a4ec HTTP/1.1" status: 200  len: 1124 time: 0.1604290
2018-09-13 12:52:09.804 23522 INFO neutron.wsgi [req-d0a5a439-cdcd-4716-8450-403c15e59582 23e04251e35a4af8836d799cdbc6c009 4eeeddb45ad446a68ed4de7bd550932a - default default] 10.0.20.20 "GET /v2.0/security-groups?id=40579642-265e-4971-9a42-f65b968b3bc1 HTTP/1.1" status: 200  len: 2118 time: 0.1470110
2018-09-13 12:52:11.807 23525 INFO neutron.wsgi [req-73c0e432-5ad5-44e1-b1f4-13abb16f9a28 23e04251e35a4af8836d799cdbc6c009 4eeeddb45ad446a68ed4de7bd550932a - default default] 10.0.20.20 "GET /v2.0/ports?device_id=bd477dc4-a6f6-4eb8-97f9-991b23d3a4ec HTTP/1.1" status: 200  len: 1124 time: 0.8134849
2018-09-13 12:52:11.975 23525 INFO neutron.wsgi [req-fac67be5-9bf7-4acf-9d04-ee9eb6673077 23e04251e35a4af8836d799cdbc6c009 4eeeddb45ad446a68ed4de7bd550932a - default default] 10.0.20.20 "GET /v2.0/security-groups?id=40579642-265e-4971-9a42-f65b968b3bc1 HTTP/1.1" status: 200  len: 2118 time: 0.1528661
2018-09-13 12:52:14.024 23529 DEBUG neutron_lib.callbacks.manager [req-5e8c1647-dedd-4a72-91a9-ac0555f200dc - - - - -] Notify callbacks ['neutron.services.segments.db._update_segment_host_mapping_for_agent--9223363252326059237'] for agent, after_update _notify_loop /usr/lib/python2.7/site-packages/neutron_lib/callbacks/manager.py:167
2018-09-13 12:52:14.034 23540 DEBUG neutron_lib.callbacks.manager [req-910a1594-9286-4096-9ab1-6ee29cf06f70 - - - - -] Notify callbacks ['neutron.services.segments.db._update_segment_host_mapping_for_agent--9223363252326059237'] for agent, after_update _notify_loop /usr/lib/python2.7/site-packages/neutron_lib/callbacks/manager.py:167
