2018-09-13 12:52:14.663 23525 INFO neutron.wsgi [req-3ab5e9e3-e923-4d21-a30f-aed14a332474 23e04251e35a4af8836d799cdbc6c009 4eeeddb45ad446a68ed4de7bd550932a - default default] 10.0.20.20 "GET /v2.0/ports?device_id=bd477dc4-a6f6-4eb8-97f9-991b23d3a4ec HTTP/1.1" status: 200  len: 1124 time: 0.1891260
2018-09-13 12:52:14.848 23525 INFO neutron.wsgi [req-957b0b91-0f10-4f72-8b6d-142cdb6f2a1c 23e04251e35a4af8836d799cdbc6c009 4eeeddb45ad446a68ed4de7bd550932a - default default] 10.0.20.20 "GET /v2.0/security-groups?id=40579642-265e-4971-9a42-f65b968b3bc1 HTTP/1.1" status: 200  len: 2118 time: 0.1729629
2018-09-13 12:52:18.267 23523 INFO neutron.wsgi [req-e76bb081-7fa9-4bad-81de-30fa9e891738 23e04251e35a4af8836d799cdbc6c009 4eeeddb45ad446a68ed4de7bd550932a - default default] 10.0.20.20 "GET /v2.0/ports?device_id=bd477dc4-a6f6-4eb8-97f9-991b23d3a4ec HTTP/1.1" status: 200  len: 1124 time: 0.1854210
2018-09-13 12:52:18.431 23523 INFO neutron.wsgi [req-79e4c7a2-8d45-45b2-9766-249226c4b3a3 23e04251e35a4af8836d799cdbc6c009 4eeeddb45ad446a68ed4de7bd550932a - default default] 10.0.20.20 "GET /v2.0/security-groups?id=40579642-265e-4971-9a42-f65b968b3bc1 HTTP/1.1" status: 200  len: 2118 time: 0.1469929
2018-09-13 12:52:19.638 23532 DEBUG neutron_lib.callbacks.manager [req-be721558-70d5-4bd0-a691-a54abe7831ac - - - - -] Notify callbacks ['neutron.services.segments.db._update_segment_host_mapping_for_agent--9223363252326059237'] for agent, after_update _notify_loop /usr/lib/python2.7/site-packages/neutron_lib/callbacks/manager.py:167
2018-09-13 12:52:19.645 23535 DEBUG neutron_lib.callbacks.manager [req-0c28199a-93d5-4626-8208-60cd3ddc6ed2 - - - - -] Notify callbacks ['neutron.services.segments.db._update_segment_host_mapping_for_agent--9223363252326059237'] for agent, after_update _notify_loop /usr/lib/python2.7/site-packages/neutron_lib/callbacks/manager.py:167
2018-09-13 12:52:20.153 23521 INFO neutron.wsgi [req-2ddfd1fd-5bc4-452c-b8d9-ed462f8469ba 23e04251e35a4af8836d799cdbc6c009 4eeeddb45ad446a68ed4de7bd550932a - default default] 10.0.20.20 "GET /v2.0/ports?device_id=bd477dc4-a6f6-4eb8-97f9-991b23d3a4ec HTTP/1.1" status: 200  len: 1124 time: 1.0293510
2018-09-13 12:52:20.201 23530 DEBUG neutron_lib.callbacks.manager [req-9538678d-368a-43a3-b599-241f86769adc - - - - -] Notify callbacks ['neutron.services.segments.db._update_segment_host_mapping_for_agent--9223363252326059237'] for agent, after_update _notify_loop /usr/lib/python2.7/site-packages/neutron_lib/callbacks/manager.py:167
2018-09-13 12:52:20.323 23521 INFO neutron.wsgi [req-5ef66287-70cc-4319-9c02-6c2c9707b46f 23e04251e35a4af8836d799cdbc6c009 4eeeddb45ad446a68ed4de7bd550932a - default default] 10.0.20.20 "GET /v2.0/security-groups?id=40579642-265e-4971-9a42-f65b968b3bc1 HTTP/1.1" status: 200  len: 2118 time: 0.1517441
2018-09-13 12:52:20.976 23541 DEBUG neutron.db.agents_db [req-1e6be8b6-9e65-4540-b710-34898266bdd4 - - - - -] Agent healthcheck: found 5 active agents agent_health_check /usr/lib/python2.7/site-packages/neutron/db/agents_db.py:281
2018-09-13 12:52:41.139 23525 INFO neutron.wsgi [req-0f08db08-5cea-4da0-8832-9e504c9c6bde 23e04251e35a4af8836d799cdbc6c009 4eeeddb45ad446a68ed4de7bd550932a - default default] 10.0.20.20 "GET /v2.0/ports?tenant_id=bfb08211da6f4f218cf7a65f00fdcbe0&device_id=bd477dc4-a6f6-4eb8-97f9-991b23d3a4ec HTTP/1.1" status: 200  len: 1124 time: 0.2322781
2018-09-13 12:52:41.482 23525 DEBUG neutron.pecan_wsgi.hooks.policy_enforcement [req-8b3fe863-844a-400b-9dab-569515bb471c 23e04251e35a4af8836d799cdbc6c009 4eeeddb45ad446a68ed4de7bd550932a - default default] Attributes excluded by policy engine: [u'vlan_transparent'] _exclude_attributes_by_policy /usr/lib/python2.7/site-packages/neutron/pecan_wsgi/hooks/policy_enforcement.py:256
2018-09-13 12:52:41.486 23525 INFO neutron.wsgi [req-8b3fe863-844a-400b-9dab-569515bb471c 23e04251e35a4af8836d799cdbc6c009 4eeeddb45ad446a68ed4de7bd550932a - default default] 10.0.20.20 "GET /v2.0/networks?id=1cc826bd-db46-4bfa-8f90-3775e3dce3b9 HTTP/1.1" status: 200  len: 885 time: 0.3353579
2018-09-13 12:52:41.553 23525 INFO neutron.wsgi [req-91587d42-5f40-4c29-8897-0a81ff7bca59 23e04251e35a4af8836d799cdbc6c009 4eeeddb45ad446a68ed4de7bd550932a - default default] 10.0.20.20 "GET /v2.0/floatingips?fixed_ip_address=11.252.1.7&port_id=faf2067d-0f75-42b6-bd1c-1258d501ee13 HTTP/1.1" status: 200  len: 750 time: 0.0569000
2018-09-13 12:52:41.767 23525 DEBUG neutron.pecan_wsgi.hooks.policy_enforcement [req-def25be1-397d-482a-a05b-156e57b41e89 23e04251e35a4af8836d799cdbc6c009 4eeeddb45ad446a68ed4de7bd550932a - default default] Attributes excluded by policy engine: [u'shared'] _exclude_attributes_by_policy /usr/lib/python2.7/site-packages/neutron/pecan_wsgi/hooks/policy_enforcement.py:256
2018-09-13 12:52:41.771 23525 INFO neutron.wsgi [req-def25be1-397d-482a-a05b-156e57b41e89 23e04251e35a4af8836d799cdbc6c009 4eeeddb45ad446a68ed4de7bd550932a - default default] 10.0.20.20 "GET /v2.0/subnets?id=03ea168c-574c-41ce-8c50-144bc9b429c2 HTTP/1.1" status: 200  len: 847 time: 0.2086520
2018-09-13 12:52:41.975 23525 INFO neutron.wsgi [req-922b0b39-876c-498e-b3fb-76c695be5538 23e04251e35a4af8836d799cdbc6c009 4eeeddb45ad446a68ed4de7bd550932a - default default] 10.0.20.20 "GET /v2.0/ports?network_id=1cc826bd-db46-4bfa-8f90-3775e3dce3b9&device_owner=network%3Adhcp HTTP/1.1" status: 200  len: 1128 time: 0.1906171
2018-09-13 12:52:44.011 23533 DEBUG neutron_lib.callbacks.manager [req-5e8c1647-dedd-4a72-91a9-ac0555f200dc - - - - -] Notify callbacks ['neutron.services.segments.db._update_segment_host_mapping_for_agent--9223363252326059237'] for agent, after_update _notify_loop /usr/lib/python2.7/site-packages/neutron_lib/callbacks/manager.py:167
2018-09-13 12:52:44.034 23539 DEBUG neutron_lib.callbacks.manager [req-c3f66e4f-904c-4d49-9a66-8302d10e9fdf - - - - -] Notify callbacks ['neutron.services.segments.db._update_segment_host_mapping_for_agent--9223363252326059237'] for agent, after_update _notify_loop /usr/lib/python2.7/site-packages/neutron_lib/callbacks/manager.py:167
2018-09-13 12:52:49.330 23522 DEBUG neutron.wsgi [-] (23522) accepted ('10.0.20.20', 54698) server /usr/lib/python2.7/site-packages/eventlet/wsgi.py:883
2018-09-13 12:52:49.336 23522 INFO neutron.wsgi [-] 10.0.20.20 "GET / HTTP/1.1" status: 200  len: 252 time: 0.0032690
2018-09-13 12:52:49.643 23538 DEBUG neutron_lib.callbacks.manager [req-be721558-70d5-4bd0-a691-a54abe7831ac - - - - -] Notify callbacks ['neutron.services.segments.db._update_segment_host_mapping_for_agent--9223363252326059237'] for agent, after_update _notify_loop /usr/lib/python2.7/site-packages/neutron_lib/callbacks/manager.py:167
2018-09-13 12:52:49.652 23536 DEBUG neutron_lib.callbacks.manager [req-58064a99-5055-4f3e-a464-db9ab7a7f1db - - - - -] Notify callbacks ['neutron.services.segments.db._update_segment_host_mapping_for_agent--9223363252326059237'] for agent, after_update _notify_loop /usr/lib/python2.7/site-packages/neutron_lib/callbacks/manager.py:167
2018-09-13 12:52:50.075 23522 INFO neutron.api.v2.resource [req-0f4b1138-e00d-481e-aeae-6074f5bc8413 f23274c65f83472d8f1e1bdd2cf0b3df bfb08211da6f4f218cf7a65f00fdcbe0 - 65b61c6dbedf4fe2a5ded1bebf09647c 65b61c6dbedf4fe2a5ded1bebf09647c] show failed (client error): The resource could not be found.
2018-09-13 12:52:50.078 23522 INFO neutron.wsgi [req-0f4b1138-e00d-481e-aeae-6074f5bc8413 f23274c65f83472d8f1e1bdd2cf0b3df bfb08211da6f4f218cf7a65f00fdcbe0 - 65b61c6dbedf4fe2a5ded1bebf09647c 65b61c6dbedf4fe2a5ded1bebf09647c] 10.0.20.20 "GET /v2.0/floatingips/172.24.4.3 HTTP/1.1" status: 404  len: 324 time: 0.7353311
2018-09-13 12:52:50.151 23522 INFO neutron.wsgi [req-a6a33347-5a23-4cb4-920e-2c5e1c444381 f23274c65f83472d8f1e1bdd2cf0b3df bfb08211da6f4f218cf7a65f00fdcbe0 - 65b61c6dbedf4fe2a5ded1bebf09647c 65b61c6dbedf4fe2a5ded1bebf09647c] 10.0.20.20 "GET /v2.0/floatingips HTTP/1.1" status: 200  len: 1663 time: 0.0614679
2018-09-13 12:52:50.186 23529 DEBUG neutron_lib.callbacks.manager [req-9538678d-368a-43a3-b599-241f86769adc - - - - -] Notify callbacks ['neutron.services.segments.db._update_segment_host_mapping_for_agent--9223363252326059237'] for agent, after_update _notify_loop /usr/lib/python2.7/site-packages/neutron_lib/callbacks/manager.py:167
2018-09-13 12:52:50.249 23522 DEBUG neutron.plugins.ml2.plugin [req-6ce311ef-9892-496d-a1e0-5f1822702a64 f23274c65f83472d8f1e1bdd2cf0b3df bfb08211da6f4f218cf7a65f00fdcbe0 - 65b61c6dbedf4fe2a5ded1bebf09647c 65b61c6dbedf4fe2a5ded1bebf09647c] Deleting port 78dd6983-c0de-4166-9dee-3752ed1ed833 _pre_delete_port /usr/lib/python2.7/site-packages/neutron/plugins/ml2/plugin.py:1488
2018-09-13 12:52:50.251 23522 DEBUG neutron_lib.callbacks.manager [req-6ce311ef-9892-496d-a1e0-5f1822702a64 f23274c65f83472d8f1e1bdd2cf0b3df bfb08211da6f4f218cf7a65f00fdcbe0 - 65b61c6dbedf4fe2a5ded1bebf09647c 65b61c6dbedf4fe2a5ded1bebf09647c] Notify callbacks ['neutron.db.l3_db._prevent_l3_port_delete_callback-8784528686822'] for port, before_delete _notify_loop /usr/lib/python2.7/site-packages/neutron_lib/callbacks/manager.py:167
2018-09-13 12:52:51.143 23522 DEBUG neutron.plugins.ml2.plugin [req-6ce311ef-9892-496d-a1e0-5f1822702a64 f23274c65f83472d8f1e1bdd2cf0b3df bfb08211da6f4f218cf7a65f00fdcbe0 - 65b61c6dbedf4fe2a5ded1bebf09647c 65b61c6dbedf4fe2a5ded1bebf09647c] Calling delete_port for 78dd6983-c0de-4166-9dee-3752ed1ed833 owned by network:floatingip delete_port /usr/lib/python2.7/site-packages/neutron/plugins/ml2/plugin.py:1547
2018-09-13 12:52:51.645 23522 DEBUG neutron_lib.callbacks.manager [req-6ce311ef-9892-496d-a1e0-5f1822702a64 f23274c65f83472d8f1e1bdd2cf0b3df bfb08211da6f4f218cf7a65f00fdcbe0 - 65b61c6dbedf4fe2a5ded1bebf09647c 65b61c6dbedf4fe2a5ded1bebf09647c] Notify callbacks ['neutron.api.rpc.agentnotifiers.dhcp_rpc_agent_api.DhcpAgentNotifyAPI._native_event_send_dhcp_notification-1567904', 'neutron.services.segments.plugin.NovaSegmentNotifier._notify_port_created_or_deleted--9223372036851691856', 'neutron.db.l3_db._notify_routers_callback--9223363252326079040', 'neutron.db.l3_dvrscheduler_db._notify_port_delete-8784528158860', 'neutron.plugins.ml2.plugin.Ml2Plugin.notify_sg_on_port_change--9223372036846905057', 'neutron.plugins.ml2.ovo_rpc._ObjectChangeHandler.handle_event-1679602'] for port, after_delete _notify_loop /usr/lib/python2.7/site-packages/neutron_lib/callbacks/manager.py:167
2018-09-13 12:52:52.254 23522 DEBUG oslo_concurrency.lockutils [-] Lock "event-dispatch" acquired by "neutron.plugins.ml2.ovo_rpc.dispatch_events" :: waited 0.000s inner /usr/lib/python2.7/site-packages/oslo_concurrency/lockutils.py:270
2018-09-13 12:52:52.484 23522 DEBUG neutron.api.rpc.handlers.resources_rpc [req-6ce311ef-9892-496d-a1e0-5f1822702a64 f23274c65f83472d8f1e1bdd2cf0b3df bfb08211da6f4f218cf7a65f00fdcbe0 - - -] neutron.api.rpc.handlers.resources_rpc.ResourcesPushRpcApi method push called with arguments (<neutron_lib.context.Context object at 0x7fd4eb109110>, [Port(admin_state_up=<?>,allowed_address_pairs=<?>,binding=<?>,binding_levels=<?>,created_at=<?>,data_plane_status=<?>,description=<?>,device_id=<?>,device_owner=<?>,dhcp_options=<?>,distributed_binding=<?>,dns=<?>,fixed_ips=<?>,id=78dd6983-c0de-4166-9dee-3752ed1ed833,mac_address=<?>,name=<?>,network_id=<?>,project_id=<?>,qos_policy_id=None,revision_number=<?>,security=<?>,security_group_ids=None,status=<?>,updated_at=<?>)], 'deleted') {} wrapper /usr/lib/python2.7/site-packages/oslo_log/helpers.py:66
2018-09-13 12:52:52.504 23522 DEBUG neutron.api.rpc.callbacks.version_manager [req-6ce311ef-9892-496d-a1e0-5f1822702a64 f23274c65f83472d8f1e1bdd2cf0b3df bfb08211da6f4f218cf7a65f00fdcbe0 - - -] Version for resource type Subnet changed None to 1.0 on consumer Open vSwitch agent@localhost.localdomain _set_version /usr/lib/python2.7/site-packages/neutron/api/rpc/callbacks/version_manager.py:119
2018-09-13 12:52:52.505 23522 DEBUG neutron.api.rpc.callbacks.version_manager [req-6ce311ef-9892-496d-a1e0-5f1822702a64 f23274c65f83472d8f1e1bdd2cf0b3df bfb08211da6f4f218cf7a65f00fdcbe0 - - -] Version for resource type Network changed None to 1.0 on consumer Open vSwitch agent@localhost.localdomain _set_version /usr/lib/python2.7/site-packages/neutron/api/rpc/callbacks/version_manager.py:119
2018-09-13 12:52:52.506 23522 DEBUG neutron.api.rpc.callbacks.version_manager [req-6ce311ef-9892-496d-a1e0-5f1822702a64 f23274c65f83472d8f1e1bdd2cf0b3df bfb08211da6f4f218cf7a65f00fdcbe0 - - -] Version for resource type SubPort changed None to 1.0 on consumer Open vSwitch agent@localhost.localdomain _set_version /usr/lib/python2.7/site-packages/neutron/api/rpc/callbacks/version_manager.py:119
2018-09-13 12:52:52.507 23522 DEBUG neutron.api.rpc.callbacks.version_manager [req-6ce311ef-9892-496d-a1e0-5f1822702a64 f23274c65f83472d8f1e1bdd2cf0b3df bfb08211da6f4f218cf7a65f00fdcbe0 - - -] Version for resource type SecurityGroup changed None to 1.0 on consumer Open vSwitch agent@localhost.localdomain _set_version /usr/lib/python2.7/site-packages/neutron/api/rpc/callbacks/version_manager.py:119
2018-09-13 12:52:52.508 23522 DEBUG neutron.api.rpc.callbacks.version_manager [req-6ce311ef-9892-496d-a1e0-5f1822702a64 f23274c65f83472d8f1e1bdd2cf0b3df bfb08211da6f4f218cf7a65f00fdcbe0 - - -] Version for resource type SecurityGroupRule changed None to 1.0 on consumer Open vSwitch agent@localhost.localdomain _set_version /usr/lib/python2.7/site-packages/neutron/api/rpc/callbacks/version_manager.py:119
2018-09-13 12:52:52.509 23522 DEBUG neutron.api.rpc.callbacks.version_manager [req-6ce311ef-9892-496d-a1e0-5f1822702a64 f23274c65f83472d8f1e1bdd2cf0b3df bfb08211da6f4f218cf7a65f00fdcbe0 - - -] Version for resource type Trunk changed None to 1.1 on consumer Open vSwitch agent@localhost.localdomain _set_version /usr/lib/python2.7/site-packages/neutron/api/rpc/callbacks/version_manager.py:119
2018-09-13 12:52:52.510 23522 DEBUG neutron.api.rpc.callbacks.version_manager [req-6ce311ef-9892-496d-a1e0-5f1822702a64 f23274c65f83472d8f1e1bdd2cf0b3df bfb08211da6f4f218cf7a65f00fdcbe0 - - -] Version for resource type QosPolicy changed None to 1.6 on consumer Open vSwitch agent@localhost.localdomain _set_version /usr/lib/python2.7/site-packages/neutron/api/rpc/callbacks/version_manager.py:119
2018-09-13 12:52:52.511 23522 DEBUG neutron.api.rpc.callbacks.version_manager [req-6ce311ef-9892-496d-a1e0-5f1822702a64 f23274c65f83472d8f1e1bdd2cf0b3df bfb08211da6f4f218cf7a65f00fdcbe0 - - -] Version for resource type Port changed None to 1.1 on consumer Open vSwitch agent@localhost.localdomain _set_version /usr/lib/python2.7/site-packages/neutron/api/rpc/callbacks/version_manager.py:119
2018-09-13 12:52:52.512 23522 DEBUG neutron.api.rpc.callbacks.version_manager [req-6ce311ef-9892-496d-a1e0-5f1822702a64 f23274c65f83472d8f1e1bdd2cf0b3df bfb08211da6f4f218cf7a65f00fdcbe0 - - -] Version for resource type Log changed None to 1.0 on consumer Open vSwitch agent@localhost.localdomain _set_version /usr/lib/python2.7/site-packages/neutron/api/rpc/callbacks/version_manager.py:119
2018-09-13 12:52:52.534 23522 DEBUG oslo_concurrency.lockutils [req-6ce311ef-9892-496d-a1e0-5f1822702a64 f23274c65f83472d8f1e1bdd2cf0b3df bfb08211da6f4f218cf7a65f00fdcbe0 - - -] Lock "event-dispatch" released by "neutron.plugins.ml2.ovo_rpc.dispatch_events" :: held 0.280s inner /usr/lib/python2.7/site-packages/oslo_concurrency/lockutils.py:282
2018-09-13 12:52:52.900 23522 DEBUG neutron.scheduler.l3_agent_scheduler [req-6ce311ef-9892-496d-a1e0-5f1822702a64 f23274c65f83472d8f1e1bdd2cf0b3df bfb08211da6f4f218cf7a65f00fdcbe0 - 65b61c6dbedf4fe2a5ded1bebf09647c 65b61c6dbedf4fe2a5ded1bebf09647c] Router 3a0e35c0-e48d-4bb3-802f-b9be041d2099 has already been hosted by L3 agent dc541052-a402-4423-8a23-121d937110f6 _get_candidates /usr/lib/python2.7/site-packages/neutron/scheduler/l3_agent_scheduler.py:141
2018-09-13 12:52:53.159 23522 DEBUG neutron.api.rpc.agentnotifiers.l3_rpc_agent_api [req-6ce311ef-9892-496d-a1e0-5f1822702a64 f23274c65f83472d8f1e1bdd2cf0b3df bfb08211da6f4f218cf7a65f00fdcbe0 - 65b61c6dbedf4fe2a5ded1bebf09647c 65b61c6dbedf4fe2a5ded1bebf09647c] Notify agent at l3_agent.localhost.localdomain the message routers_updated _agent_notification /usr/lib/python2.7/site-packages/neutron/api/rpc/agentnotifiers/l3_rpc_agent_api.py:69
2018-09-13 12:52:53.183 23522 DEBUG neutron.quota.resource [req-6ce311ef-9892-496d-a1e0-5f1822702a64 f23274c65f83472d8f1e1bdd2cf0b3df bfb08211da6f4f218cf7a65f00fdcbe0 - 65b61c6dbedf4fe2a5ded1bebf09647c 65b61c6dbedf4fe2a5ded1bebf09647c] Persisted dirty status for tenant:bfb08211da6f4f218cf7a65f00fdcbe0 on resource:floatingip mark_dirty /usr/lib/python2.7/site-packages/neutron/quota/resource.py:207
2018-09-13 12:52:53.201 23522 DEBUG neutron.quota.resource [req-6ce311ef-9892-496d-a1e0-5f1822702a64 f23274c65f83472d8f1e1bdd2cf0b3df bfb08211da6f4f218cf7a65f00fdcbe0 - 65b61c6dbedf4fe2a5ded1bebf09647c 65b61c6dbedf4fe2a5ded1bebf09647c] Persisted dirty status for tenant: on resource:port mark_dirty /usr/lib/python2.7/site-packages/neutron/quota/resource.py:207
2018-09-13 12:52:53.210 23522 DEBUG neutron_lib.callbacks.manager [req-6ce311ef-9892-496d-a1e0-5f1822702a64 f23274c65f83472d8f1e1bdd2cf0b3df bfb08211da6f4f218cf7a65f00fdcbe0 - 65b61c6dbedf4fe2a5ded1bebf09647c 65b61c6dbedf4fe2a5ded1bebf09647c] Notify callbacks ['neutron.notifiers.nova.Notifier._send_nova_notification-34404'] for floatingip, before_response _notify_loop /usr/lib/python2.7/site-packages/neutron_lib/callbacks/manager.py:167
2018-09-13 12:52:53.214 23538 DEBUG neutron.db.l3_hamode_db [req-51a93e30-e8d7-4cf0-a8ba-a135914fb6bd - - - - -] neutron.services.l3_router.l3_router_plugin.L3RouterPlugin method get_ha_sync_data_for_host called with arguments (<neutron_lib.context.Context object at 0x7fd4ea1ac3d0>, u'localhost.localdomain', <neutron.db.models.agent.Agent[object at 7fd4ea31b350] {id=u'dc541052-a402-4423-8a23-121d937110f6', agent_type=u'L3 agent', binary=u'neutron-l3-agent', topic=u'l3_agent', host=u'localhost.localdomain', availability_zone=u'nova', admin_state_up=True, created_at=datetime.datetime(2018, 8, 30, 12, 16, 29), started_at=datetime.datetime(2018, 9, 13, 16, 24, 19), heartbeat_timestamp=datetime.datetime(2018, 9, 13, 16, 52, 49), description=None, configurations=u'{"agent_mode": "legacy", "gateway_external_network_id": "", "handle_internal_only_routers": true, "routers": 2, "interfaces": 2, "floating_ips": 1, "interface_driver": "neutron.agent.linux.interface.OVSInterfaceDriver", "log_agent_heartbeats": false, "external_network_bridge": "", "ex_gw_ports": 2}', resource_versions=None, load=0}>) {'active': True, 'router_ids': ['3a0e35c0-e48d-4bb3-802f-b9be041d2099']} wrapper /usr/lib/python2.7/site-packages/oslo_log/helpers.py:66
2018-09-13 12:52:53.348 23522 INFO neutron.wsgi [req-6ce311ef-9892-496d-a1e0-5f1822702a64 f23274c65f83472d8f1e1bdd2cf0b3df bfb08211da6f4f218cf7a65f00fdcbe0 - 65b61c6dbedf4fe2a5ded1bebf09647c 65b61c6dbedf4fe2a5ded1bebf09647c] 10.0.20.20 "DELETE /v2.0/floatingips/c49a902e-6c42-48ec-a5cd-b488f841086b HTTP/1.1" status: 204  len: 173 time: 3.1843982
2018-09-13 12:52:53.351 23522 DEBUG oslo_concurrency.lockutils [-] Lock "notifier-f86b86f1-22ff-4f0b-a4a7-318259a35eb7" acquired by "neutron.notifiers.batch_notifier.synced_send" :: waited 0.000s inner /usr/lib/python2.7/site-packages/oslo_concurrency/lockutils.py:270
2018-09-13 12:52:53.352 23522 DEBUG neutron.notifiers.nova [-] Sending events: [{'tag': u'faf2067d-0f75-42b6-bd1c-1258d501ee13', 'name': 'network-changed', 'server_uuid': u'bd477dc4-a6f6-4eb8-97f9-991b23d3a4ec'}] send_events /usr/lib/python2.7/site-packages/neutron/notifiers/nova.py:242
2018-09-13 12:52:54.245 23538 DEBUG neutron.db.l3_hamode_db [req-51a93e30-e8d7-4cf0-a8ba-a135914fb6bd - - - - -] neutron.services.l3_router.l3_router_plugin.L3RouterPlugin method _process_sync_ha_data called with arguments (<neutron_lib.context.Context object at 0x7fd4ea1ac3d0>, [{'status': u'ACTIVE', '_interfaces': [{'status': u'ACTIVE', 'subnets': [{'dns_nameservers': [u'8.8.4.4'], 'ipv6_ra_mode': None, 'gateway_ip': u'11.252.1.1', 'cidr': u'11.252.1.0/24', 'id': u'03ea168c-574c-41ce-8c50-144bc9b429c2', 'subnetpool_id': None}], 'binding:host_id': u'localhost.localdomain', 'description': u'', 'allowed_address_pairs': [], 'tags': [], 'extra_dhcp_opts': [], 'updated_at': '2018-09-13T16:47:27Z', 'device_owner': u'network:router_interface', 'revision_number': 7, 'port_security_enabled': False, 'binding:profile': {}, 'mtu': 1450, 'fixed_ips': [{'subnet_id': u'03ea168c-574c-41ce-8c50-144bc9b429c2', 'prefixlen': 24, 'ip_address': u'11.252.1.1'}], 'id': u'2040caae-b84c-4909-a176-991496ab5c4c', 'security_groups': [], 'device_id': u'3a0e35c0-e48d-4bb3-802f-b9be041d2099', 'name': u'', 'admin_state_up': True, 'network_id': u'1cc826bd-db46-4bfa-8f90-3775e3dce3b9', 'tenant_id': u'bfb08211da6f4f218cf7a65f00fdcbe0', 'binding:vif_details': {u'port_filter': True, u'datapath_type': u'system', u'ovs_hybrid_plug': True}, 'address_scopes': {4: None, 6: None}, 'binding:vnic_type': u'normal', 'binding:vif_type': u'ovs', 'mac_address': u'fa:16:3e:fb:b1:a2', 'project_id': u'bfb08211da6f4f218cf7a65f00fdcbe0', 'extra_subnets': [], 'created_at': '2018-09-13T16:47:18Z'}], 'enable_snat': True, 'ha_vr_id': 0, 'description': u'', 'tags': [], 'gw_port': {'status': u'ACTIVE', 'subnets': [{'dns_nameservers': [], 'ipv6_ra_mode': None, 'gateway_ip': u'172.24.4.1', 'cidr': u'172.24.4.0/24', 'id': u'5f4e1ac0-b77f-4630-ace6-541a6f9c266c', 'subnetpool_id': None}], 'binding:host_id': u'localhost.localdomain', 'description': u'', 'allowed_address_pairs': [], 'tags': [], 'extra_dhcp_opts': [], 'updated_at': '2018-09-13T16:47:43Z', 'device_owner': u'network:router_gateway', 'revision_number': 6, 'port_security_enabled': False, 'binding:profile': {}, 'mtu': 1500, 'fixed_ips': [{'subnet_id': u'5f4e1ac0-b77f-4630-ace6-541a6f9c266c', 'prefixlen': 24, 'ip_address': u'172.24.4.11'}], 'id': u'390e89c4-3284-4bb2-aa37-4c91d1de896d', 'security_groups': [], 'device_id': u'3a0e35c0-e48d-4bb3-802f-b9be041d2099', 'name': u'', 'admin_state_up': True, 'network_id': u'bcf73fc2-8df6-4f12-801c-ef4abf269c73', 'tenant_id': u'', 'binding:vif_details': {u'port_filter': True, u'datapath_type': u'system', u'ovs_hybrid_plug': True}, 'address_scopes': {4: None, 6: None}, 'binding:vnic_type': u'normal', 'binding:vif_type': u'ovs', 'mac_address': u'fa:16:3e:c0:7f:dd', 'project_id': u'', 'extra_subnets': [], 'created_at': '2018-09-13T16:47:34Z'}, 'updated_at': '2018-09-13T16:47:36Z', 'revision_number': 4, 'ha': False, 'id': u'3a0e35c0-e48d-4bb3-802f-b9be041d2099', 'gw_port_host': u'localhost.localdomain', 'external_gateway_info': {'network_id': u'bcf73fc2-8df6-4f12-801c-ef4abf269c73', 'enable_snat': True, 'external_fixed_ips': [{'subnet_id': u'5f4e1ac0-b77f-4630-ace6-541a6f9c266c', 'ip_address': u'172.24.4.11'}]}, 'availability_zone_hints': [], 'availability_zones': [u'nova'], 'name': u'tempest-router-1536857017', 'gw_port_id': u'390e89c4-3284-4bb2-aa37-4c91d1de896d', 'admin_state_up': True, 'tenant_id': u'bfb08211da6f4f218cf7a65f00fdcbe0', 'created_at': '2018-09-13T16:46:54Z', 'distributed': False, 'flavor_id': None, 'routes': [], 'project_id': u'bfb08211da6f4f218cf7a65f00fdcbe0'}], u'localhost.localdomain', False) {} wrapper /usr/lib/python2.7/site-packages/oslo_log/helpers.py:66
2018-09-13 12:52:54.258 23538 DEBUG neutron.api.rpc.handlers.l3_rpc [req-51a93e30-e8d7-4cf0-a8ba-a135914fb6bd - - - - -] Checking router: 3a0e35c0-e48d-4bb3-802f-b9be041d2099 for host: localhost.localdomain _ensure_host_set_on_ports /usr/lib/python2.7/site-packages/neutron/api/rpc/handlers/l3_rpc.py:135
2018-09-13 12:52:54.514 23529 DEBUG neutron.api.rpc.handlers.l3_rpc [req-79d51f47-596d-4de7-ad5b-1f381935923e - - - - -] New status for floating IP c49a902e-6c42-48ec-a5cd-b488f841086b: DOWN update_floatingip_statuses /usr/lib/python2.7/site-packages/neutron/api/rpc/handlers/l3_rpc.py:252
2018-09-13 12:52:54.728 23522 DEBUG novaclient.v2.client [-] REQ: curl -g -i -X POST http://10.0.20.20:8774/v2.1/4eeeddb45ad446a68ed4de7bd550932a/os-server-external-events -H "User-Agent: python-novaclient" -H "Content-Type: application/json" -H "Accept: application/json" -H "X-OpenStack-Nova-API-Version: 2.1" -H "X-Auth-Token: {SHA1}9098d6891bc71ed4b228890e27ac648bfbb3b641" -d '{"events": [{"tag": "faf2067d-0f75-42b6-bd1c-1258d501ee13", "name": "network-changed", "server_uuid": "bd477dc4-a6f6-4eb8-97f9-991b23d3a4ec"}]}' _http_log_request /usr/lib/python2.7/site-packages/keystoneauth1/session.py:375
2018-09-13 12:52:55.503 23522 DEBUG novaclient.v2.client [-] RESP: [200] Content-Length: 179 Content-Type: application/json Openstack-Api-Version: compute 2.1 X-Openstack-Nova-Api-Version: 2.1 Vary: OpenStack-API-Version, X-OpenStack-Nova-API-Version X-Openstack-Request-Id: req-aaa65eb4-ce47-443d-86de-c1ac18ee4bf1 X-Compute-Request-Id: req-aaa65eb4-ce47-443d-86de-c1ac18ee4bf1 Date: Thu, 13 Sep 2018 16:52:55 GMT Connection: keep-alive 
RESP BODY: {"events": [{"status": "completed", "tag": "faf2067d-0f75-42b6-bd1c-1258d501ee13", "name": "network-changed", "server_uuid": "bd477dc4-a6f6-4eb8-97f9-991b23d3a4ec", "code": 200}]}
 _http_log_response /usr/lib/python2.7/site-packages/keystoneauth1/session.py:423
2018-09-13 12:52:55.504 23522 DEBUG novaclient.v2.client [-] POST call to compute for http://10.0.20.20:8774/v2.1/4eeeddb45ad446a68ed4de7bd550932a/os-server-external-events used request id req-aaa65eb4-ce47-443d-86de-c1ac18ee4bf1 request /usr/lib/python2.7/site-packages/keystoneauth1/session.py:727
2018-09-13 12:52:55.506 23522 INFO neutron.notifiers.nova [-] Nova event response: {u'status': u'completed', u'tag': u'faf2067d-0f75-42b6-bd1c-1258d501ee13', u'name': u'network-changed', u'server_uuid': u'bd477dc4-a6f6-4eb8-97f9-991b23d3a4ec', u'code': 200}
2018-09-13 12:52:55.747 23525 INFO neutron.wsgi [req-a7b21fdc-9173-4d8d-8709-fe70bba3fd07 23e04251e35a4af8836d799cdbc6c009 4eeeddb45ad446a68ed4de7bd550932a - default default] 10.0.20.20 "GET /v2.0/ports?tenant_id=bfb08211da6f4f218cf7a65f00fdcbe0&device_id=bd477dc4-a6f6-4eb8-97f9-991b23d3a4ec HTTP/1.1" status: 200  len: 1124 time: 0.1752079
2018-09-13 12:52:56.093 23525 DEBUG neutron.pecan_wsgi.hooks.policy_enforcement [req-71d920b4-272a-4244-bd89-574deed04c39 23e04251e35a4af8836d799cdbc6c009 4eeeddb45ad446a68ed4de7bd550932a - default default] Attributes excluded by policy engine: [u'vlan_transparent'] _exclude_attributes_by_policy /usr/lib/python2.7/site-packages/neutron/pecan_wsgi/hooks/policy_enforcement.py:256
2018-09-13 12:52:56.099 23525 INFO neutron.wsgi [req-71d920b4-272a-4244-bd89-574deed04c39 23e04251e35a4af8836d799cdbc6c009 4eeeddb45ad446a68ed4de7bd550932a - default default] 10.0.20.20 "GET /v2.0/networks?id=1cc826bd-db46-4bfa-8f90-3775e3dce3b9 HTTP/1.1" status: 200  len: 885 time: 0.3450720
2018-09-13 12:52:56.161 23525 INFO neutron.wsgi [req-c6a0cd8d-11f8-42b1-b1ff-429592135350 23e04251e35a4af8836d799cdbc6c009 4eeeddb45ad446a68ed4de7bd550932a - default default] 10.0.20.20 "GET /v2.0/floatingips?fixed_ip_address=11.252.1.7&port_id=faf2067d-0f75-42b6-bd1c-1258d501ee13 HTTP/1.1" status: 200  len: 217 time: 0.0484431
2018-09-13 12:52:56.409 23525 DEBUG neutron.pecan_wsgi.hooks.policy_enforcement [req-8542c4f7-af3e-404d-8c72-d10f09a58ca4 23e04251e35a4af8836d799cdbc6c009 4eeeddb45ad446a68ed4de7bd550932a - default default] Attributes excluded by policy engine: [u'shared'] _exclude_attributes_by_policy /usr/lib/python2.7/site-packages/neutron/pecan_wsgi/hooks/policy_enforcement.py:256
2018-09-13 12:52:56.414 23525 INFO neutron.wsgi [req-8542c4f7-af3e-404d-8c72-d10f09a58ca4 23e04251e35a4af8836d799cdbc6c009 4eeeddb45ad446a68ed4de7bd550932a - default default] 10.0.20.20 "GET /v2.0/subnets?id=03ea168c-574c-41ce-8c50-144bc9b429c2 HTTP/1.1" status: 200  len: 847 time: 0.2401431
2018-09-13 12:52:56.630 23525 INFO neutron.wsgi [req-c1b4cd07-ad23-49ff-9a8d-1c9192fa47c7 23e04251e35a4af8836d799cdbc6c009 4eeeddb45ad446a68ed4de7bd550932a - default default] 10.0.20.20 "GET /v2.0/ports?network_id=1cc826bd-db46-4bfa-8f90-3775e3dce3b9&device_owner=network%3Adhcp HTTP/1.1" status: 200  len: 1128 time: 0.2037709
2018-09-13 12:52:57.508 23522 DEBUG oslo_concurrency.lockutils [-] Lock "notifier-f86b86f1-22ff-4f0b-a4a7-318259a35eb7" released by "neutron.notifiers.batch_notifier.synced_send" :: held 4.157s inner /usr/lib/python2.7/site-packages/oslo_concurrency/lockutils.py:282
2018-09-13 12:52:57.978 23541 DEBUG neutron.db.agents_db [req-1e6be8b6-9e65-4540-b710-34898266bdd4 - - - - -] Agent healthcheck: found 5 active agents agent_health_check /usr/lib/python2.7/site-packages/neutron/db/agents_db.py:281
2018-09-13 12:53:01.318 23525 INFO neutron.wsgi [req-67e28886-606d-49a1-a9f9-55b9d0bef72d 6bce0e5766c84e1a98c3cb5ccb2e3772 4cff21d35d8b43b9a2a1ce042bb4f9f9 - default default] 10.0.20.20 "GET /v2.0/ports?device_id=bd477dc4-a6f6-4eb8-97f9-991b23d3a4ec HTTP/1.1" status: 200  len: 1124 time: 0.7800729
2018-09-13 12:53:01.467 23525 INFO neutron.wsgi [req-b15ed2a1-65c9-4809-995b-9b97eff8b564 6bce0e5766c84e1a98c3cb5ccb2e3772 4cff21d35d8b43b9a2a1ce042bb4f9f9 - default default] 10.0.20.20 "GET /v2.0/security-groups?id=40579642-265e-4971-9a42-f65b968b3bc1 HTTP/1.1" status: 200  len: 2118 time: 0.1435812
2018-09-13 12:53:09.328 23522 DEBUG neutron.wsgi [-] (23522) accepted ('10.0.20.20', 54732) server /usr/lib/python2.7/site-packages/eventlet/wsgi.py:883
2018-09-13 12:53:10.448 23522 INFO neutron.wsgi [req-48d9c1c0-57a6-4c2d-b488-f01d13825124 6bce0e5766c84e1a98c3cb5ccb2e3772 4cff21d35d8b43b9a2a1ce042bb4f9f9 - default default] 10.0.20.20 "GET /v2.0/ports?device_id=bd477dc4-a6f6-4eb8-97f9-991b23d3a4ec HTTP/1.1" status: 200  len: 1124 time: 1.1169422
2018-09-13 12:53:10.598 23522 INFO neutron.wsgi [req-68efb5ae-a35a-49a6-903b-0e188bebbf6d 6bce0e5766c84e1a98c3cb5ccb2e3772 4cff21d35d8b43b9a2a1ce042bb4f9f9 - default default] 10.0.20.20 "GET /v2.0/security-groups?id=40579642-265e-4971-9a42-f65b968b3bc1 HTTP/1.1" status: 200  len: 2118 time: 0.1417699
2018-09-13 12:53:12.991 23538 DEBUG neutron.plugins.ml2.rpc [req-5e8c1647-dedd-4a72-91a9-ac0555f200dc - - - - -] Device faf2067d-0f75-42b6-bd1c-1258d501ee13 no longer exists at agent ovs-agent-localhost.localdomain update_device_down /usr/lib/python2.7/site-packages/neutron/plugins/ml2/rpc.py:213
2018-09-13 12:53:13.356 23538 DEBUG neutron_lib.callbacks.manager [req-5e8c1647-dedd-4a72-91a9-ac0555f200dc - - - - -] Notify callbacks ['neutron.plugins.ml2.plugin.Ml2Plugin._ensure_default_security_group_handler-7870797'] for port, before_update _notify_loop /usr/lib/python2.7/site-packages/neutron_lib/callbacks/manager.py:167
2018-09-13 12:53:13.481 23538 DEBUG neutron.plugins.ml2.db [req-5e8c1647-dedd-4a72-91a9-ac0555f200dc - - - - -] For port faf2067d-0f75-42b6-bd1c-1258d501ee13, host localhost.localdomain, got binding levels [<neutron.plugins.ml2.models.PortBindingLevel[object at 7fd4ea3aa890] {port_id=u'faf2067d-0f75-42b6-bd1c-1258d501ee13', host=u'localhost.localdomain', level=0, driver=u'openvswitch', segment_id=u'0d7f1080-3061-4c4c-a036-95fc7e644bcf'}>] get_binding_levels /usr/lib/python2.7/site-packages/neutron/plugins/ml2/db.py:106
2018-09-13 12:53:13.487 23538 DEBUG oslo_concurrency.lockutils [-] Lock "notifier-f86b86f1-22ff-4f0b-a4a7-318259a35eb7" acquired by "neutron.notifiers.batch_notifier.synced_send" :: waited 0.000s inner /usr/lib/python2.7/site-packages/oslo_concurrency/lockutils.py:270
2018-09-13 12:53:13.489 23538 DEBUG neutron.notifiers.nova [-] Sending events: [{'status': 'completed', 'tag': u'faf2067d-0f75-42b6-bd1c-1258d501ee13', 'name': 'network-vif-unplugged', 'server_uuid': u'bd477dc4-a6f6-4eb8-97f9-991b23d3a4ec'}] send_events /usr/lib/python2.7/site-packages/neutron/notifiers/nova.py:242
2018-09-13 12:53:13.530 23538 DEBUG neutron_lib.callbacks.manager [req-5e8c1647-dedd-4a72-91a9-ac0555f200dc - - - - -] Notify callbacks ['neutron.db.l3_hascheduler_db._notify_l3_agent_ha_port_update--9223363252326616866', 'neutron.plugins.ml2.ovo_rpc._ObjectChangeHandler.handle_event-1679602', 'neutron.api.rpc.agentnotifiers.dhcp_rpc_agent_api.DhcpAgentNotifyAPI._native_event_send_dhcp_notification-1567904', 'neutron.db.l3_dvrscheduler_db._notify_l3_agent_port_update--9223363252326616941', 'neutron.plugins.ml2.plugin.Ml2Plugin.notify_sg_on_port_change--9223372036846905057'] for port, after_update _notify_loop /usr/lib/python2.7/site-packages/neutron_lib/callbacks/manager.py:167
2018-09-13 12:53:13.538 23538 DEBUG oslo_concurrency.lockutils [-] Lock "event-dispatch" acquired by "neutron.plugins.ml2.ovo_rpc.dispatch_events" :: waited 0.000s inner /usr/lib/python2.7/site-packages/oslo_concurrency/lockutils.py:270
2018-09-13 12:53:13.757 23538 DEBUG neutron.api.rpc.handlers.resources_rpc [req-5e8c1647-dedd-4a72-91a9-ac0555f200dc - - - - -] neutron.api.rpc.handlers.resources_rpc.ResourcesPushRpcApi method push called with arguments (<neutron_lib.context.Context object at 0x7fd4ea189c90>, [Port(admin_state_up=True,allowed_address_pairs=[],binding=PortBinding,binding_levels=[PortBindingLevel],created_at=2018-09-13T16:48:03Z,data_plane_status=<?>,description='',device_id='bd477dc4-a6f6-4eb8-97f9-991b23d3a4ec',device_owner='compute:nova',dhcp_options=[],distributed_binding=None,dns=None,fixed_ips=[IPAllocation],id=faf2067d-0f75-42b6-bd1c-1258d501ee13,mac_address=fa:16:3e:90:c5:90,name='',network_id=1cc826bd-db46-4bfa-8f90-3775e3dce3b9,project_id='bfb08211da6f4f218cf7a65f00fdcbe0',qos_policy_id=None,revision_number=9,security=PortSecurity(faf2067d-0f75-42b6-bd1c-1258d501ee13),security_group_ids=set([40579642-265e-4971-9a42-f65b968b3bc1]),status='DOWN',updated_at=2018-09-13T16:53:13Z)], 'updated') {} wrapper /usr/lib/python2.7/site-packages/oslo_log/helpers.py:66
2018-09-13 12:53:13.775 23538 DEBUG neutron.api.rpc.callbacks.version_manager [req-5e8c1647-dedd-4a72-91a9-ac0555f200dc - - - - -] Version for resource type Subnet changed None to 1.0 on consumer Open vSwitch agent@localhost.localdomain _set_version /usr/lib/python2.7/site-packages/neutron/api/rpc/callbacks/version_manager.py:119
2018-09-13 12:53:13.776 23538 DEBUG neutron.api.rpc.callbacks.version_manager [req-5e8c1647-dedd-4a72-91a9-ac0555f200dc - - - - -] Version for resource type Network changed None to 1.0 on consumer Open vSwitch agent@localhost.localdomain _set_version /usr/lib/python2.7/site-packages/neutron/api/rpc/callbacks/version_manager.py:119
2018-09-13 12:53:13.777 23538 DEBUG neutron.api.rpc.callbacks.version_manager [req-5e8c1647-dedd-4a72-91a9-ac0555f200dc - - - - -] Version for resource type SubPort changed None to 1.0 on consumer Open vSwitch agent@localhost.localdomain _set_version /usr/lib/python2.7/site-packages/neutron/api/rpc/callbacks/version_manager.py:119
2018-09-13 12:53:13.779 23538 DEBUG neutron.api.rpc.callbacks.version_manager [req-5e8c1647-dedd-4a72-91a9-ac0555f200dc - - - - -] Version for resource type SecurityGroup changed None to 1.0 on consumer Open vSwitch agent@localhost.localdomain _set_version /usr/lib/python2.7/site-packages/neutron/api/rpc/callbacks/version_manager.py:119
2018-09-13 12:53:13.780 23538 DEBUG neutron.api.rpc.callbacks.version_manager [req-5e8c1647-dedd-4a72-91a9-ac0555f200dc - - - - -] Version for resource type SecurityGroupRule changed None to 1.0 on consumer Open vSwitch agent@localhost.localdomain _set_version /usr/lib/python2.7/site-packages/neutron/api/rpc/callbacks/version_manager.py:119
2018-09-13 12:53:13.780 23538 DEBUG neutron.api.rpc.callbacks.version_manager [req-5e8c1647-dedd-4a72-91a9-ac0555f200dc - - - - -] Version for resource type Trunk changed None to 1.1 on consumer Open vSwitch agent@localhost.localdomain _set_version /usr/lib/python2.7/site-packages/neutron/api/rpc/callbacks/version_manager.py:119
2018-09-13 12:53:13.782 23538 DEBUG neutron.api.rpc.callbacks.version_manager [req-5e8c1647-dedd-4a72-91a9-ac0555f200dc - - - - -] Version for resource type QosPolicy changed None to 1.6 on consumer Open vSwitch agent@localhost.localdomain _set_version /usr/lib/python2.7/site-packages/neutron/api/rpc/callbacks/version_manager.py:119
2018-09-13 12:53:13.783 23538 DEBUG neutron.api.rpc.callbacks.version_manager [req-5e8c1647-dedd-4a72-91a9-ac0555f200dc - - - - -] Version for resource type Port changed None to 1.1 on consumer Open vSwitch agent@localhost.localdomain _set_version /usr/lib/python2.7/site-packages/neutron/api/rpc/callbacks/version_manager.py:119
2018-09-13 12:53:13.784 23538 DEBUG neutron.api.rpc.callbacks.version_manager [req-5e8c1647-dedd-4a72-91a9-ac0555f200dc - - - - -] Version for resource type Log changed None to 1.0 on consumer Open vSwitch agent@localhost.localdomain _set_version /usr/lib/python2.7/site-packages/neutron/api/rpc/callbacks/version_manager.py:119
2018-09-13 12:53:13.818 23538 DEBUG oslo_concurrency.lockutils [req-5e8c1647-dedd-4a72-91a9-ac0555f200dc - - - - -] Lock "event-dispatch" released by "neutron.plugins.ml2.ovo_rpc.dispatch_events" :: held 0.280s inner /usr/lib/python2.7/site-packages/oslo_concurrency/lockutils.py:282
2018-09-13 12:53:14.017 23540 DEBUG neutron_lib.callbacks.manager [req-5e8c1647-dedd-4a72-91a9-ac0555f200dc - - - - -] Notify callbacks ['neutron.services.segments.db._update_segment_host_mapping_for_agent--9223363252326059237'] for agent, after_update _notify_loop /usr/lib/python2.7/site-packages/neutron_lib/callbacks/manager.py:167
2018-09-13 12:53:14.052 23532 DEBUG neutron_lib.callbacks.manager [req-2d41fe8c-5e50-4eed-a676-a95c6221d474 - - - - -] Notify callbacks ['neutron.services.segments.db._update_segment_host_mapping_for_agent--9223363252326059237'] for agent, after_update _notify_loop /usr/lib/python2.7/site-packages/neutron_lib/callbacks/manager.py:167
2018-09-13 12:53:14.684 23525 INFO neutron.wsgi [req-3b0ba702-6ffa-48cf-90fe-a69fa92722f7 6bce0e5766c84e1a98c3cb5ccb2e3772 4cff21d35d8b43b9a2a1ce042bb4f9f9 - default default] 10.0.20.20 "GET /v2.0/ports?device_id=bd477dc4-a6f6-4eb8-97f9-991b23d3a4ec HTTP/1.1" status: 200  len: 1122 time: 0.9999950
2018-09-13 12:53:14.841 23525 DEBUG neutron.plugins.ml2.plugin [req-f0c09400-5e0c-49e9-b77d-094fbada0839 6bce0e5766c84e1a98c3cb5ccb2e3772 4cff21d35d8b43b9a2a1ce042bb4f9f9 - default default] Deleting port faf2067d-0f75-42b6-bd1c-1258d501ee13 _pre_delete_port /usr/lib/python2.7/site-packages/neutron/plugins/ml2/plugin.py:1488
2018-09-13 12:53:14.842 23525 DEBUG neutron_lib.callbacks.manager [req-f0c09400-5e0c-49e9-b77d-094fbada0839 6bce0e5766c84e1a98c3cb5ccb2e3772 4cff21d35d8b43b9a2a1ce042bb4f9f9 - default default] Notify callbacks ['neutron.db.l3_db._prevent_l3_port_delete_callback-8784528686822'] for port, before_delete _notify_loop /usr/lib/python2.7/site-packages/neutron_lib/callbacks/manager.py:167
2018-09-13 12:53:15.030 23538 DEBUG novaclient.v2.client [-] REQ: curl -g -i -X POST http://10.0.20.20:8774/v2.1/4eeeddb45ad446a68ed4de7bd550932a/os-server-external-events -H "User-Agent: python-novaclient" -H "Content-Type: application/json" -H "Accept: application/json" -H "X-OpenStack-Nova-API-Version: 2.1" -H "X-Auth-Token: {SHA1}270ad21005bb79588c716373a399aceef5e91ab3" -d '{"events": [{"status": "completed", "tag": "faf2067d-0f75-42b6-bd1c-1258d501ee13", "name": "network-vif-unplugged", "server_uuid": "bd477dc4-a6f6-4eb8-97f9-991b23d3a4ec"}]}' _http_log_request /usr/lib/python2.7/site-packages/keystoneauth1/session.py:375
2018-09-13 12:53:15.257 23525 DEBUG neutron.plugins.ml2.db [req-f0c09400-5e0c-49e9-b77d-094fbada0839 6bce0e5766c84e1a98c3cb5ccb2e3772 4cff21d35d8b43b9a2a1ce042bb4f9f9 - default default] For port faf2067d-0f75-42b6-bd1c-1258d501ee13, host localhost.localdomain, got binding levels [<neutron.plugins.ml2.models.PortBindingLevel[object at 7fd4e9e7ca90] {port_id=u'faf2067d-0f75-42b6-bd1c-1258d501ee13', host=u'localhost.localdomain', level=0, driver=u'openvswitch', segment_id=u'0d7f1080-3061-4c4c-a036-95fc7e644bcf'}>] get_binding_levels /usr/lib/python2.7/site-packages/neutron/plugins/ml2/db.py:106
2018-09-13 12:53:15.294 23525 DEBUG neutron.plugins.ml2.plugin [req-f0c09400-5e0c-49e9-b77d-094fbada0839 6bce0e5766c84e1a98c3cb5ccb2e3772 4cff21d35d8b43b9a2a1ce042bb4f9f9 - default default] Calling delete_port for faf2067d-0f75-42b6-bd1c-1258d501ee13 owned by compute:nova delete_port /usr/lib/python2.7/site-packages/neutron/plugins/ml2/plugin.py:1547
2018-09-13 12:53:15.406 23538 DEBUG novaclient.v2.client [-] RESP: [200] Content-Length: 185 Content-Type: application/json Openstack-Api-Version: compute 2.1 X-Openstack-Nova-Api-Version: 2.1 Vary: OpenStack-API-Version, X-OpenStack-Nova-API-Version X-Openstack-Request-Id: req-023d6773-f722-4490-854d-fac5c2393955 X-Compute-Request-Id: req-023d6773-f722-4490-854d-fac5c2393955 Date: Thu, 13 Sep 2018 16:53:15 GMT Connection: keep-alive 
RESP BODY: {"events": [{"status": "completed", "tag": "faf2067d-0f75-42b6-bd1c-1258d501ee13", "name": "network-vif-unplugged", "server_uuid": "bd477dc4-a6f6-4eb8-97f9-991b23d3a4ec", "code": 200}]}
 _http_log_response /usr/lib/python2.7/site-packages/keystoneauth1/session.py:423
2018-09-13 12:53:15.407 23538 DEBUG novaclient.v2.client [-] POST call to compute for http://10.0.20.20:8774/v2.1/4eeeddb45ad446a68ed4de7bd550932a/os-server-external-events used request id req-023d6773-f722-4490-854d-fac5c2393955 request /usr/lib/python2.7/site-packages/keystoneauth1/session.py:727
2018-09-13 12:53:15.408 23538 INFO neutron.notifiers.nova [-] Nova event response: {u'status': u'completed', u'tag': u'faf2067d-0f75-42b6-bd1c-1258d501ee13', u'name': u'network-vif-unplugged', u'server_uuid': u'bd477dc4-a6f6-4eb8-97f9-991b23d3a4ec', u'code': 200}
2018-09-13 12:53:15.849 23525 DEBUG neutron_lib.callbacks.manager [req-f0c09400-5e0c-49e9-b77d-094fbada0839 6bce0e5766c84e1a98c3cb5ccb2e3772 4cff21d35d8b43b9a2a1ce042bb4f9f9 - default default] Notify callbacks ['neutron.plugins.ml2.ovo_rpc._ObjectChangeHandler.handle_event-1679602', 'neutron.api.rpc.agentnotifiers.dhcp_rpc_agent_api.DhcpAgentNotifyAPI._native_event_send_dhcp_notification-1567904', 'neutron.db.l3_dvrscheduler_db._notify_port_delete-8784528158860', 'neutron.db.l3_db._notify_routers_callback--9223363252326079040', 'neutron.plugins.ml2.plugin.Ml2Plugin.notify_sg_on_port_change--9223372036846905057'] for port, after_delete _notify_loop /usr/lib/python2.7/site-packages/neutron_lib/callbacks/manager.py:167
2018-09-13 12:53:15.878 23525 DEBUG oslo_concurrency.lockutils [-] Lock "event-dispatch" acquired by "neutron.plugins.ml2.ovo_rpc.dispatch_events" :: waited 0.000s inner /usr/lib/python2.7/site-packages/oslo_concurrency/lockutils.py:270
2018-09-13 12:53:16.022 23525 DEBUG neutron.api.rpc.handlers.resources_rpc [req-f0c09400-5e0c-49e9-b77d-094fbada0839 6bce0e5766c84e1a98c3cb5ccb2e3772 4cff21d35d8b43b9a2a1ce042bb4f9f9 - - -] neutron.api.rpc.handlers.resources_rpc.ResourcesPushRpcApi method push called with arguments (<neutron_lib.context.Context object at 0x7fd4e9bc9610>, [Port(admin_state_up=<?>,allowed_address_pairs=<?>,binding=<?>,binding_levels=<?>,created_at=<?>,data_plane_status=<?>,description=<?>,device_id=<?>,device_owner=<?>,dhcp_options=<?>,distributed_binding=<?>,dns=<?>,fixed_ips=<?>,id=faf2067d-0f75-42b6-bd1c-1258d501ee13,mac_address=<?>,name=<?>,network_id=<?>,project_id=<?>,qos_policy_id=None,revision_number=<?>,security=<?>,security_group_ids=None,status=<?>,updated_at=<?>)], 'deleted') {} wrapper /usr/lib/python2.7/site-packages/oslo_log/helpers.py:66
2018-09-13 12:53:16.059 23525 DEBUG neutron.api.rpc.callbacks.version_manager [req-f0c09400-5e0c-49e9-b77d-094fbada0839 6bce0e5766c84e1a98c3cb5ccb2e3772 4cff21d35d8b43b9a2a1ce042bb4f9f9 - - -] Version for resource type Subnet changed None to 1.0 on consumer Open vSwitch agent@localhost.localdomain _set_version /usr/lib/python2.7/site-packages/neutron/api/rpc/callbacks/version_manager.py:119
2018-09-13 12:53:16.060 23525 DEBUG neutron.api.rpc.callbacks.version_manager [req-f0c09400-5e0c-49e9-b77d-094fbada0839 6bce0e5766c84e1a98c3cb5ccb2e3772 4cff21d35d8b43b9a2a1ce042bb4f9f9 - - -] Version for resource type Network changed None to 1.0 on consumer Open vSwitch agent@localhost.localdomain _set_version /usr/lib/python2.7/site-packages/neutron/api/rpc/callbacks/version_manager.py:119
2018-09-13 12:53:16.061 23525 DEBUG neutron.api.rpc.callbacks.version_manager [req-f0c09400-5e0c-49e9-b77d-094fbada0839 6bce0e5766c84e1a98c3cb5ccb2e3772 4cff21d35d8b43b9a2a1ce042bb4f9f9 - - -] Version for resource type SubPort changed None to 1.0 on consumer Open vSwitch agent@localhost.localdomain _set_version /usr/lib/python2.7/site-packages/neutron/api/rpc/callbacks/version_manager.py:119
2018-09-13 12:53:16.062 23525 DEBUG neutron.api.rpc.callbacks.version_manager [req-f0c09400-5e0c-49e9-b77d-094fbada0839 6bce0e5766c84e1a98c3cb5ccb2e3772 4cff21d35d8b43b9a2a1ce042bb4f9f9 - - -] Version for resource type SecurityGroup changed None to 1.0 on consumer Open vSwitch agent@localhost.localdomain _set_version /usr/lib/python2.7/site-packages/neutron/api/rpc/callbacks/version_manager.py:119
2018-09-13 12:53:16.063 23525 DEBUG neutron.api.rpc.callbacks.version_manager [req-f0c09400-5e0c-49e9-b77d-094fbada0839 6bce0e5766c84e1a98c3cb5ccb2e3772 4cff21d35d8b43b9a2a1ce042bb4f9f9 - - -] Version for resource type SecurityGroupRule changed None to 1.0 on consumer Open vSwitch agent@localhost.localdomain _set_version /usr/lib/python2.7/site-packages/neutron/api/rpc/callbacks/version_manager.py:119
2018-09-13 12:53:16.064 23525 DEBUG neutron.api.rpc.callbacks.version_manager [req-f0c09400-5e0c-49e9-b77d-094fbada0839 6bce0e5766c84e1a98c3cb5ccb2e3772 4cff21d35d8b43b9a2a1ce042bb4f9f9 - - -] Version for resource type Trunk changed None to 1.1 on consumer Open vSwitch agent@localhost.localdomain _set_version /usr/lib/python2.7/site-packages/neutron/api/rpc/callbacks/version_manager.py:119
2018-09-13 12:53:16.065 23525 DEBUG neutron.api.rpc.callbacks.version_manager [req-f0c09400-5e0c-49e9-b77d-094fbada0839 6bce0e5766c84e1a98c3cb5ccb2e3772 4cff21d35d8b43b9a2a1ce042bb4f9f9 - - -] Version for resource type QosPolicy changed None to 1.6 on consumer Open vSwitch agent@localhost.localdomain _set_version /usr/lib/python2.7/site-packages/neutron/api/rpc/callbacks/version_manager.py:119
2018-09-13 12:53:16.066 23525 DEBUG neutron.api.rpc.callbacks.version_manager [req-f0c09400-5e0c-49e9-b77d-094fbada0839 6bce0e5766c84e1a98c3cb5ccb2e3772 4cff21d35d8b43b9a2a1ce042bb4f9f9 - - -] Version for resource type Port changed None to 1.1 on consumer Open vSwitch agent@localhost.localdomain _set_version /usr/lib/python2.7/site-packages/neutron/api/rpc/callbacks/version_manager.py:119
2018-09-13 12:53:16.067 23525 DEBUG neutron.api.rpc.callbacks.version_manager [req-f0c09400-5e0c-49e9-b77d-094fbada0839 6bce0e5766c84e1a98c3cb5ccb2e3772 4cff21d35d8b43b9a2a1ce042bb4f9f9 - - -] Version for resource type Log changed None to 1.0 on consumer Open vSwitch agent@localhost.localdomain _set_version /usr/lib/python2.7/site-packages/neutron/api/rpc/callbacks/version_manager.py:119
2018-09-13 12:53:16.077 23525 DEBUG oslo_concurrency.lockutils [req-f0c09400-5e0c-49e9-b77d-094fbada0839 6bce0e5766c84e1a98c3cb5ccb2e3772 4cff21d35d8b43b9a2a1ce042bb4f9f9 - - -] Lock "event-dispatch" released by "neutron.plugins.ml2.ovo_rpc.dispatch_events" :: held 0.199s inner /usr/lib/python2.7/site-packages/oslo_concurrency/lockutils.py:282
2018-09-13 12:53:16.334 23525 DEBUG neutron.db.l3_dvrscheduler_db [req-f0c09400-5e0c-49e9-b77d-094fbada0839 6bce0e5766c84e1a98c3cb5ccb2e3772 4cff21d35d8b43b9a2a1ce042bb4f9f9 - default default] No DVR routers for this DVR port faf2067d-0f75-42b6-bd1c-1258d501ee13 on host localhost.localdomain get_dvr_routers_to_remove /usr/lib/python2.7/site-packages/neutron/db/l3_dvrscheduler_db.py:191
2018-09-13 12:53:16.345 23525 DEBUG neutron_lib.callbacks.manager [req-f0c09400-5e0c-49e9-b77d-094fbada0839 6bce0e5766c84e1a98c3cb5ccb2e3772 4cff21d35d8b43b9a2a1ce042bb4f9f9 - default default] Notify callbacks ['neutron.notifiers.nova.Notifier._send_nova_notification-34404'] for port, before_response _notify_loop /usr/lib/python2.7/site-packages/neutron_lib/callbacks/manager.py:167
2018-09-13 12:53:16.349 23525 DEBUG oslo_concurrency.lockutils [-] Lock "notifier-f86b86f1-22ff-4f0b-a4a7-318259a35eb7" acquired by "neutron.notifiers.batch_notifier.synced_send" :: waited 0.000s inner /usr/lib/python2.7/site-packages/oslo_concurrency/lockutils.py:270
2018-09-13 12:53:16.350 23525 DEBUG neutron.notifiers.nova [-] Sending events: [{'tag': u'faf2067d-0f75-42b6-bd1c-1258d501ee13', 'name': 'network-vif-deleted', 'server_uuid': u'bd477dc4-a6f6-4eb8-97f9-991b23d3a4ec'}] send_events /usr/lib/python2.7/site-packages/neutron/notifiers/nova.py:242
2018-09-13 12:53:16.355 23525 DEBUG novaclient.v2.client [-] REQ: curl -g -i -X POST http://10.0.20.20:8774/v2.1/4eeeddb45ad446a68ed4de7bd550932a/os-server-external-events -H "User-Agent: python-novaclient" -H "Content-Type: application/json" -H "Accept: application/json" -H "X-OpenStack-Nova-API-Version: 2.1" -H "X-Auth-Token: {SHA1}3dc357f1b3d5f9d144515948afa50248a2e845ac" -d '{"events": [{"tag": "faf2067d-0f75-42b6-bd1c-1258d501ee13", "name": "network-vif-deleted", "server_uuid": "bd477dc4-a6f6-4eb8-97f9-991b23d3a4ec"}]}' _http_log_request /usr/lib/python2.7/site-packages/keystoneauth1/session.py:375
2018-09-13 12:53:16.384 23525 DEBUG neutron.quota.resource [req-f0c09400-5e0c-49e9-b77d-094fbada0839 6bce0e5766c84e1a98c3cb5ccb2e3772 4cff21d35d8b43b9a2a1ce042bb4f9f9 - default default] Persisted dirty status for tenant:bfb08211da6f4f218cf7a65f00fdcbe0 on resource:port mark_dirty /usr/lib/python2.7/site-packages/neutron/quota/resource.py:207
2018-09-13 12:53:16.394 23525 INFO neutron.wsgi [req-f0c09400-5e0c-49e9-b77d-094fbada0839 6bce0e5766c84e1a98c3cb5ccb2e3772 4cff21d35d8b43b9a2a1ce042bb4f9f9 - default default] 10.0.20.20 "DELETE /v2.0/ports/faf2067d-0f75-42b6-bd1c-1258d501ee13 HTTP/1.1" status: 204  len: 173 time: 1.6952240
