2018-06-30 10:46:28.613 27323 DEBUG novaclient.v2.client [-] RESP: [200] Content-Length: 185 Content-Type: application/json Openstack-Api-Version: compute 2.1 X-Openstack-Nova-Api-Version: 2.1 Vary: OpenStack-API-Version, X-OpenStack-Nova-API-Version X-Openstack-Request-Id: req-4654b01d-2e76-40fa-bad7-cb8b107fcabb X-Compute-Request-Id: req-4654b01d-2e76-40fa-bad7-cb8b107fcabb Date: Sat, 30 Jun 2018 08:46:28 GMT Connection: keep-alive 
RESP BODY: {"events": [{"status": "completed", "tag": "762d843c-8541-421c-994c-f69e4910d4a6", "name": "network-vif-unplugged", "server_uuid": "ad53c37e-fc15-4712-b2b0-7a2f242be86a", "code": 200}]}
 _http_log_response /usr/lib/python2.7/site-packages/keystoneauth1/session.py:423
2018-06-30 10:46:28.614 27323 DEBUG novaclient.v2.client [-] POST call to compute for http://10.0.20.28:8774/v2.1/0756a888a15d4216915a13bf41cedcba/os-server-external-events used request id req-4654b01d-2e76-40fa-bad7-cb8b107fcabb request /usr/lib/python2.7/site-packages/keystoneauth1/session.py:727
2018-06-30 10:46:28.623 27323 INFO neutron.notifiers.nova [-] Nova event response: {u'status': u'completed', u'tag': u'762d843c-8541-421c-994c-f69e4910d4a6', u'name': u'network-vif-unplugged', u'server_uuid': u'ad53c37e-fc15-4712-b2b0-7a2f242be86a', u'code': 200}
2018-06-30 10:46:30.527 27311 INFO neutron.wsgi [req-f4b52ef0-e167-4263-8cac-574a3db05a4c fdd3646c58934d249fd45be09b93685b 0cb4a2ca088f4eed81719e1177b0f81d - 1353f5b31ced4de0b8870cd88b2804eb 1353f5b31ced4de0b8870cd88b2804eb] 10.0.20.28 "GET /v2.0/ports?device_id=ad53c37e-fc15-4712-b2b0-7a2f242be86a HTTP/1.1" status: 200  len: 1121 time: 0.5367599
2018-06-30 10:46:30.625 27323 DEBUG oslo_concurrency.lockutils [-] Lock "notifier-31f196b1-79e9-4fee-b585-cfb5ee7c0384" released by "neutron.notifiers.batch_notifier.synced_send" :: held 3.685s inner /usr/lib/python2.7/site-packages/oslo_concurrency/lockutils.py:282
2018-06-30 10:46:30.634 27311 INFO neutron.wsgi [req-1bb96b06-fa63-4211-827f-464b81542bdc fdd3646c58934d249fd45be09b93685b 0cb4a2ca088f4eed81719e1177b0f81d - 1353f5b31ced4de0b8870cd88b2804eb 1353f5b31ced4de0b8870cd88b2804eb] 10.0.20.28 "GET /v2.0/security-groups?id=ffd22d26-d605-4e66-951e-fd3d36af8b0d HTTP/1.1" status: 200  len: 2118 time: 0.1016979
2018-06-30 10:46:34.020 27313 INFO neutron.wsgi [req-1e4bf9fa-336b-4368-923b-597a78594d95 75fa4703edb245b7af4eedb4f8abb678 0756a888a15d4216915a13bf41cedcba - default default] 10.0.20.28 "GET /v2.0/ports?tenant_id=0cb4a2ca088f4eed81719e1177b0f81d&device_id=ad53c37e-fc15-4712-b2b0-7a2f242be86a HTTP/1.1" status: 200  len: 1121 time: 0.1646609
2018-06-30 10:46:34.338 27313 DEBUG neutron.pecan_wsgi.hooks.policy_enforcement [req-9d71c714-ca13-4206-97cb-b67069e19985 75fa4703edb245b7af4eedb4f8abb678 0756a888a15d4216915a13bf41cedcba - default default] Attributes excluded by policy engine: [u'vlan_transparent'] _exclude_attributes_by_policy /usr/lib/python2.7/site-packages/neutron/pecan_wsgi/hooks/policy_enforcement.py:256
2018-06-30 10:46:34.340 27313 INFO neutron.wsgi [req-9d71c714-ca13-4206-97cb-b67069e19985 75fa4703edb245b7af4eedb4f8abb678 0756a888a15d4216915a13bf41cedcba - default default] 10.0.20.28 "GET /v2.0/networks?id=7d652fde-730e-43b6-8b6c-bb0f922b7b41 HTTP/1.1" status: 200  len: 885 time: 0.3110318
2018-06-30 10:46:34.413 27313 INFO neutron.wsgi [req-6e3323ff-3a26-41c0-8807-d274aa002ca4 75fa4703edb245b7af4eedb4f8abb678 0756a888a15d4216915a13bf41cedcba - default default] 10.0.20.28 "GET /v2.0/floatingips?fixed_ip_address=11.42.1.6&port_id=762d843c-8541-421c-994c-f69e4910d4a6 HTTP/1.1" status: 200  len: 750 time: 0.0639338
2018-06-30 10:46:34.589 27313 DEBUG neutron.pecan_wsgi.hooks.policy_enforcement [req-c9789a06-c8e8-4cfe-91c3-1643a2ce14ae 75fa4703edb245b7af4eedb4f8abb678 0756a888a15d4216915a13bf41cedcba - default default] Attributes excluded by policy engine: [u'shared'] _exclude_attributes_by_policy /usr/lib/python2.7/site-packages/neutron/pecan_wsgi/hooks/policy_enforcement.py:256
2018-06-30 10:46:34.592 27313 INFO neutron.wsgi [req-c9789a06-c8e8-4cfe-91c3-1643a2ce14ae 75fa4703edb245b7af4eedb4f8abb678 0756a888a15d4216915a13bf41cedcba - default default] 10.0.20.28 "GET /v2.0/subnets?id=1a9cbeba-2b39-42f7-88d4-0738e24255ff HTTP/1.1" status: 200  len: 843 time: 0.1638041
2018-06-30 10:46:34.743 27313 INFO neutron.wsgi [req-5e0948fe-1a44-457f-a83c-ca002a4f99dc 75fa4703edb245b7af4eedb4f8abb678 0756a888a15d4216915a13bf41cedcba - default default] 10.0.20.28 "GET /v2.0/ports?network_id=7d652fde-730e-43b6-8b6c-bb0f922b7b41&device_owner=network%3Adhcp HTTP/1.1" status: 200  len: 1127 time: 0.1424758
2018-06-30 10:46:38.916 27331 DEBUG neutron.db.agents_db [req-8b0ce4e9-d472-4c3e-8ff9-c8d9ad27355f - - - - -] Agent healthcheck: found 5 active agents agent_health_check /usr/lib/python2.7/site-packages/neutron/db/agents_db.py:281
2018-06-30 10:46:40.313 27315 DEBUG neutron.wsgi [-] (27315) accepted ('10.0.20.28', 38076) server /usr/lib/python2.7/site-packages/eventlet/wsgi.py:883
2018-06-30 10:46:40.823 27315 WARNING keystonemiddleware.auth_token [-] A valid token was submitted as a service token, but it was not a valid service token. This is incorrect but backwards compatible behaviour. This will be removed in future releases.
2018-06-30 10:46:41.418 27315 INFO neutron.wsgi [req-d126a936-78e4-46e4-944e-fe75aada09c9 fdd3646c58934d249fd45be09b93685b 0cb4a2ca088f4eed81719e1177b0f81d - 1353f5b31ced4de0b8870cd88b2804eb 1353f5b31ced4de0b8870cd88b2804eb] 10.0.20.28 "GET /v2.0/ports?device_id=ad53c37e-fc15-4712-b2b0-7a2f242be86a HTTP/1.1" status: 200  len: 1121 time: 1.1029499
2018-06-30 10:46:41.553 27315 INFO neutron.wsgi [req-d1192503-4f73-4515-b1c2-3c0edf7d93da fdd3646c58934d249fd45be09b93685b 0cb4a2ca088f4eed81719e1177b0f81d - 1353f5b31ced4de0b8870cd88b2804eb 1353f5b31ced4de0b8870cd88b2804eb] 10.0.20.28 "GET /v2.0/security-groups?id=ffd22d26-d605-4e66-951e-fd3d36af8b0d HTTP/1.1" status: 200  len: 2118 time: 0.1099651
2018-06-30 10:46:42.990 27319 DEBUG neutron_lib.callbacks.manager [req-e88280b6-ee6e-48a2-8239-aec8bc1d87b6 - - - - -] Notify callbacks ['neutron.services.segments.db._update_segment_host_mapping_for_agent-8748397354064'] for agent, after_update _notify_loop /usr/lib/python2.7/site-packages/neutron_lib/callbacks/manager.py:167
2018-06-30 10:46:43.153 27325 DEBUG neutron_lib.callbacks.manager [req-9bb91dcc-79d1-4c77-a8ed-fd67d95b92b7 - - - - -] Notify callbacks ['neutron.services.segments.db._update_segment_host_mapping_for_agent-8748397354064'] for agent, after_update _notify_loop /usr/lib/python2.7/site-packages/neutron_lib/callbacks/manager.py:167
2018-06-30 10:46:43.241 27329 DEBUG neutron_lib.callbacks.manager [req-8be89005-a28c-4fa8-bfe1-377162b43b60 - - - - -] Notify callbacks ['neutron.services.segments.db._update_segment_host_mapping_for_agent-8748397354064'] for agent, after_update _notify_loop /usr/lib/python2.7/site-packages/neutron_lib/callbacks/manager.py:167
2018-06-30 10:46:45.012 27326 DEBUG neutron_lib.callbacks.manager [req-8e81f359-44f9-4476-a635-80036c24ccd5 - - - - -] Notify callbacks ['neutron.services.segments.db._update_segment_host_mapping_for_agent-8748397354064'] for agent, after_update _notify_loop /usr/lib/python2.7/site-packages/neutron_lib/callbacks/manager.py:167
2018-06-30 10:46:46.855 27320 DEBUG neutron_lib.callbacks.manager [req-0291f727-6567-4b9c-b64c-532f8c7bacde - - - - -] Notify callbacks ['neutron.services.segments.db._update_segment_host_mapping_for_agent-8748397354064'] for agent, after_update _notify_loop /usr/lib/python2.7/site-packages/neutron_lib/callbacks/manager.py:167
2018-06-30 10:46:54.635 27311 INFO neutron.wsgi [req-9725b331-cfc8-413a-a33a-710c64023f42 fdd3646c58934d249fd45be09b93685b 0cb4a2ca088f4eed81719e1177b0f81d - 1353f5b31ced4de0b8870cd88b2804eb 1353f5b31ced4de0b8870cd88b2804eb] 10.0.20.28 "GET /v2.0/ports?device_id=ad53c37e-fc15-4712-b2b0-7a2f242be86a HTTP/1.1" status: 200  len: 1121 time: 0.6643689
2018-06-30 10:46:54.797 27311 INFO neutron.wsgi [req-cd59565d-ae8b-408d-aa9c-65aa71ce6d3a fdd3646c58934d249fd45be09b93685b 0cb4a2ca088f4eed81719e1177b0f81d - 1353f5b31ced4de0b8870cd88b2804eb 1353f5b31ced4de0b8870cd88b2804eb] 10.0.20.28 "GET /v2.0/security-groups?id=ffd22d26-d605-4e66-951e-fd3d36af8b0d HTTP/1.1" status: 200  len: 2118 time: 0.1532030
2018-06-30 10:47:09.010 27315 INFO neutron.wsgi [req-3db22b0e-aad8-4174-bc31-75e21ca00f13 fdd3646c58934d249fd45be09b93685b 0cb4a2ca088f4eed81719e1177b0f81d - 1353f5b31ced4de0b8870cd88b2804eb 1353f5b31ced4de0b8870cd88b2804eb] 10.0.20.28 "GET /v2.0/ports?device_id=ad53c37e-fc15-4712-b2b0-7a2f242be86a HTTP/1.1" status: 200  len: 1121 time: 0.5113780
2018-06-30 10:47:09.099 27315 INFO neutron.wsgi [req-b7af58e0-8a29-41b2-8d13-f7296304e5d6 fdd3646c58934d249fd45be09b93685b 0cb4a2ca088f4eed81719e1177b0f81d - 1353f5b31ced4de0b8870cd88b2804eb 1353f5b31ced4de0b8870cd88b2804eb] 10.0.20.28 "GET /v2.0/security-groups?id=ffd22d26-d605-4e66-951e-fd3d36af8b0d HTTP/1.1" status: 200  len: 2118 time: 0.0841961
2018-06-30 10:47:12.998 27321 DEBUG neutron_lib.callbacks.manager [req-043ab07b-f97f-4f92-b8b1-6b1db331cd15 - - - - -] Notify callbacks ['neutron.services.segments.db._update_segment_host_mapping_for_agent-8748397354064'] for agent, after_update _notify_loop /usr/lib/python2.7/site-packages/neutron_lib/callbacks/manager.py:167
2018-06-30 10:47:13.105 27323 DEBUG neutron_lib.callbacks.manager [req-9bb91dcc-79d1-4c77-a8ed-fd67d95b92b7 - - - - -] Notify callbacks ['neutron.services.segments.db._update_segment_host_mapping_for_agent-8748397354064'] for agent, after_update _notify_loop /usr/lib/python2.7/site-packages/neutron_lib/callbacks/manager.py:167
2018-06-30 10:47:13.251 27324 DEBUG neutron_lib.callbacks.manager [req-8be89005-a28c-4fa8-bfe1-377162b43b60 - - - - -] Notify callbacks ['neutron.services.segments.db._update_segment_host_mapping_for_agent-8748397354064'] for agent, after_update _notify_loop /usr/lib/python2.7/site-packages/neutron_lib/callbacks/manager.py:167
2018-06-30 10:47:15.014 27330 DEBUG neutron_lib.callbacks.manager [req-1c093579-8ce5-445e-a3c6-be4a96142330 - - - - -] Notify callbacks ['neutron.services.segments.db._update_segment_host_mapping_for_agent-8748397354064'] for agent, after_update _notify_loop /usr/lib/python2.7/site-packages/neutron_lib/callbacks/manager.py:167
2018-06-30 10:47:15.910 27331 DEBUG neutron.db.agents_db [req-8b0ce4e9-d472-4c3e-8ff9-c8d9ad27355f - - - - -] Agent healthcheck: found 5 active agents agent_health_check /usr/lib/python2.7/site-packages/neutron/db/agents_db.py:281
2018-06-30 10:47:16.827 27319 DEBUG neutron_lib.callbacks.manager [req-0291f727-6567-4b9c-b64c-532f8c7bacde - - - - -] Notify callbacks ['neutron.services.segments.db._update_segment_host_mapping_for_agent-8748397354064'] for agent, after_update _notify_loop /usr/lib/python2.7/site-packages/neutron_lib/callbacks/manager.py:167
2018-06-30 10:47:24.397 27315 INFO neutron.wsgi [req-8b76f8b0-a151-4934-9b3b-10246c3f4f81 fdd3646c58934d249fd45be09b93685b 0cb4a2ca088f4eed81719e1177b0f81d - 1353f5b31ced4de0b8870cd88b2804eb 1353f5b31ced4de0b8870cd88b2804eb] 10.0.20.28 "GET /v2.0/ports?device_id=ad53c37e-fc15-4712-b2b0-7a2f242be86a HTTP/1.1" status: 200  len: 1121 time: 0.4842300
2018-06-30 10:47:24.539 27315 INFO neutron.wsgi [req-c53e1e3c-2baf-4d55-8454-12b8369ecf4c fdd3646c58934d249fd45be09b93685b 0cb4a2ca088f4eed81719e1177b0f81d - 1353f5b31ced4de0b8870cd88b2804eb 1353f5b31ced4de0b8870cd88b2804eb] 10.0.20.28 "GET /v2.0/security-groups?id=ffd22d26-d605-4e66-951e-fd3d36af8b0d HTTP/1.1" status: 200  len: 2118 time: 0.1354690
2018-06-30 10:47:34.901 27313 INFO neutron.wsgi [req-033aa16f-21ea-4a2b-91d2-43b03097b0a2 75fa4703edb245b7af4eedb4f8abb678 0756a888a15d4216915a13bf41cedcba - default default] 10.0.20.28 "GET /v2.0/ports?tenant_id=0cb4a2ca088f4eed81719e1177b0f81d&device_id=ad53c37e-fc15-4712-b2b0-7a2f242be86a HTTP/1.1" status: 200  len: 1121 time: 0.1364641
2018-06-30 10:47:35.171 27313 DEBUG neutron.pecan_wsgi.hooks.policy_enforcement [req-cdeadfde-5261-4533-a76a-bee3daca6147 75fa4703edb245b7af4eedb4f8abb678 0756a888a15d4216915a13bf41cedcba - default default] Attributes excluded by policy engine: [u'vlan_transparent'] _exclude_attributes_by_policy /usr/lib/python2.7/site-packages/neutron/pecan_wsgi/hooks/policy_enforcement.py:256
2018-06-30 10:47:35.174 27313 INFO neutron.wsgi [req-cdeadfde-5261-4533-a76a-bee3daca6147 75fa4703edb245b7af4eedb4f8abb678 0756a888a15d4216915a13bf41cedcba - default default] 10.0.20.28 "GET /v2.0/networks?id=7d652fde-730e-43b6-8b6c-bb0f922b7b41 HTTP/1.1" status: 200  len: 885 time: 0.2640750
2018-06-30 10:47:35.228 27313 INFO neutron.wsgi [req-cb98f3e1-eeef-446d-aefd-e145c4a54bb6 75fa4703edb245b7af4eedb4f8abb678 0756a888a15d4216915a13bf41cedcba - default default] 10.0.20.28 "GET /v2.0/floatingips?fixed_ip_address=11.42.1.6&port_id=762d843c-8541-421c-994c-f69e4910d4a6 HTTP/1.1" status: 200  len: 750 time: 0.0471392
2018-06-30 10:47:35.359 27313 DEBUG neutron.pecan_wsgi.hooks.policy_enforcement [req-d0ed56f6-f777-446a-8531-5ce5b327f2b1 75fa4703edb245b7af4eedb4f8abb678 0756a888a15d4216915a13bf41cedcba - default default] Attributes excluded by policy engine: [u'shared'] _exclude_attributes_by_policy /usr/lib/python2.7/site-packages/neutron/pecan_wsgi/hooks/policy_enforcement.py:256
2018-06-30 10:47:35.362 27313 INFO neutron.wsgi [req-d0ed56f6-f777-446a-8531-5ce5b327f2b1 75fa4703edb245b7af4eedb4f8abb678 0756a888a15d4216915a13bf41cedcba - default default] 10.0.20.28 "GET /v2.0/subnets?id=1a9cbeba-2b39-42f7-88d4-0738e24255ff HTTP/1.1" status: 200  len: 843 time: 0.1282909
2018-06-30 10:47:35.489 27313 INFO neutron.wsgi [req-dde14a2d-d189-47d2-8f2d-8f69a0949227 75fa4703edb245b7af4eedb4f8abb678 0756a888a15d4216915a13bf41cedcba - default default] 10.0.20.28 "GET /v2.0/ports?network_id=7d652fde-730e-43b6-8b6c-bb0f922b7b41&device_owner=network%3Adhcp HTTP/1.1" status: 200  len: 1127 time: 0.1218379
2018-06-30 10:47:42.998 27325 DEBUG neutron_lib.callbacks.manager [req-92011b23-0365-40be-87b8-0af4d3f1fe1a - - - - -] Notify callbacks ['neutron.services.segments.db._update_segment_host_mapping_for_agent-8748397354064'] for agent, after_update _notify_loop /usr/lib/python2.7/site-packages/neutron_lib/callbacks/manager.py:167
2018-06-30 10:47:43.087 27329 DEBUG neutron_lib.callbacks.manager [req-9bb91dcc-79d1-4c77-a8ed-fd67d95b92b7 - - - - -] Notify callbacks ['neutron.services.segments.db._update_segment_host_mapping_for_agent-8748397354064'] for agent, after_update _notify_loop /usr/lib/python2.7/site-packages/neutron_lib/callbacks/manager.py:167
2018-06-30 10:47:43.229 27326 DEBUG neutron_lib.callbacks.manager [req-8be89005-a28c-4fa8-bfe1-377162b43b60 - - - - -] Notify callbacks ['neutron.services.segments.db._update_segment_host_mapping_for_agent-8748397354064'] for agent, after_update _notify_loop /usr/lib/python2.7/site-packages/neutron_lib/callbacks/manager.py:167
2018-06-30 10:47:45.010 27320 DEBUG neutron_lib.callbacks.manager [req-63061014-7ef5-4c95-803e-0565c92395b6 - - - - -] Notify callbacks ['neutron.services.segments.db._update_segment_host_mapping_for_agent-8748397354064'] for agent, after_update _notify_loop /usr/lib/python2.7/site-packages/neutron_lib/callbacks/manager.py:167
2018-06-30 10:47:46.842 27321 DEBUG neutron_lib.callbacks.manager [req-0291f727-6567-4b9c-b64c-532f8c7bacde - - - - -] Notify callbacks ['neutron.services.segments.db._update_segment_host_mapping_for_agent-8748397354064'] for agent, after_update _notify_loop /usr/lib/python2.7/site-packages/neutron_lib/callbacks/manager.py:167
2018-06-30 10:47:52.915 27331 DEBUG neutron.db.agents_db [req-8b0ce4e9-d472-4c3e-8ff9-c8d9ad27355f - - - - -] Agent healthcheck: found 5 active agents agent_health_check /usr/lib/python2.7/site-packages/neutron/db/agents_db.py:281
2018-06-30 10:48:13.000 27323 DEBUG neutron_lib.callbacks.manager [req-56d802a7-ffeb-4c37-9886-d0c5d7a20b6a - - - - -] Notify callbacks ['neutron.services.segments.db._update_segment_host_mapping_for_agent-8748397354064'] for agent, after_update _notify_loop /usr/lib/python2.7/site-packages/neutron_lib/callbacks/manager.py:167
2018-06-30 10:48:13.081 27324 DEBUG neutron_lib.callbacks.manager [req-9bb91dcc-79d1-4c77-a8ed-fd67d95b92b7 - - - - -] Notify callbacks ['neutron.services.segments.db._update_segment_host_mapping_for_agent-8748397354064'] for agent, after_update _notify_loop /usr/lib/python2.7/site-packages/neutron_lib/callbacks/manager.py:167
2018-06-30 10:48:13.248 27330 DEBUG neutron_lib.callbacks.manager [req-8be89005-a28c-4fa8-bfe1-377162b43b60 - - - - -] Notify callbacks ['neutron.services.segments.db._update_segment_host_mapping_for_agent-8748397354064'] for agent, after_update _notify_loop /usr/lib/python2.7/site-packages/neutron_lib/callbacks/manager.py:167
2018-06-30 10:48:15.016 27319 DEBUG neutron_lib.callbacks.manager [req-078053d3-6967-43a8-995d-d3c4b44f7489 - - - - -] Notify callbacks ['neutron.services.segments.db._update_segment_host_mapping_for_agent-8748397354064'] for agent, after_update _notify_loop /usr/lib/python2.7/site-packages/neutron_lib/callbacks/manager.py:167
2018-06-30 10:48:16.855 27325 DEBUG neutron_lib.callbacks.manager [req-0291f727-6567-4b9c-b64c-532f8c7bacde - - - - -] Notify callbacks ['neutron.services.segments.db._update_segment_host_mapping_for_agent-8748397354064'] for agent, after_update _notify_loop /usr/lib/python2.7/site-packages/neutron_lib/callbacks/manager.py:167
2018-06-30 10:48:29.918 27331 DEBUG neutron.db.agents_db [req-8b0ce4e9-d472-4c3e-8ff9-c8d9ad27355f - - - - -] Agent healthcheck: found 5 active agents agent_health_check /usr/lib/python2.7/site-packages/neutron/db/agents_db.py:281
2018-06-30 10:48:36.347 27313 INFO neutron.wsgi [req-60554c19-76c1-4e21-821e-35dd8d54f363 75fa4703edb245b7af4eedb4f8abb678 0756a888a15d4216915a13bf41cedcba - default default] 10.0.20.28 "GET /v2.0/ports?tenant_id=0cb4a2ca088f4eed81719e1177b0f81d&device_id=ad53c37e-fc15-4712-b2b0-7a2f242be86a HTTP/1.1" status: 200  len: 1121 time: 0.6028149
2018-06-30 10:48:36.609 27313 DEBUG neutron.pecan_wsgi.hooks.policy_enforcement [req-c52ccdaa-22de-4871-bd97-7835c3f09bee 75fa4703edb245b7af4eedb4f8abb678 0756a888a15d4216915a13bf41cedcba - default default] Attributes excluded by policy engine: [u'vlan_transparent'] _exclude_attributes_by_policy /usr/lib/python2.7/site-packages/neutron/pecan_wsgi/hooks/policy_enforcement.py:256
2018-06-30 10:48:36.612 27313 INFO neutron.wsgi [req-c52ccdaa-22de-4871-bd97-7835c3f09bee 75fa4703edb245b7af4eedb4f8abb678 0756a888a15d4216915a13bf41cedcba - default default] 10.0.20.28 "GET /v2.0/networks?id=7d652fde-730e-43b6-8b6c-bb0f922b7b41 HTTP/1.1" status: 200  len: 885 time: 0.2582371
2018-06-30 10:48:36.673 27313 INFO neutron.wsgi [req-ba932256-cb3d-4348-905e-d1b25baa5fe6 75fa4703edb245b7af4eedb4f8abb678 0756a888a15d4216915a13bf41cedcba - default default] 10.0.20.28 "GET /v2.0/floatingips?fixed_ip_address=11.42.1.6&port_id=762d843c-8541-421c-994c-f69e4910d4a6 HTTP/1.1" status: 200  len: 750 time: 0.0553501
2018-06-30 10:48:36.791 27313 DEBUG neutron.pecan_wsgi.hooks.policy_enforcement [req-abbe64c2-7a61-4b5f-9662-9020a2cacd4f 75fa4703edb245b7af4eedb4f8abb678 0756a888a15d4216915a13bf41cedcba - default default] Attributes excluded by policy engine: [u'shared'] _exclude_attributes_by_policy /usr/lib/python2.7/site-packages/neutron/pecan_wsgi/hooks/policy_enforcement.py:256
2018-06-30 10:48:36.793 27313 INFO neutron.wsgi [req-abbe64c2-7a61-4b5f-9662-9020a2cacd4f 75fa4703edb245b7af4eedb4f8abb678 0756a888a15d4216915a13bf41cedcba - default default] 10.0.20.28 "GET /v2.0/subnets?id=1a9cbeba-2b39-42f7-88d4-0738e24255ff HTTP/1.1" status: 200  len: 843 time: 0.1143789
2018-06-30 10:48:36.914 27313 INFO neutron.wsgi [req-50ad7982-730f-4de9-8530-42ea67348afe 75fa4703edb245b7af4eedb4f8abb678 0756a888a15d4216915a13bf41cedcba - default default] 10.0.20.28 "GET /v2.0/ports?network_id=7d652fde-730e-43b6-8b6c-bb0f922b7b41&device_owner=network%3Adhcp HTTP/1.1" status: 200  len: 1127 time: 0.1153991
2018-06-30 10:48:42.995 27329 DEBUG neutron_lib.callbacks.manager [req-feb209ec-1b33-455a-b7c1-a89e82992718 - - - - -] Notify callbacks ['neutron.services.segments.db._update_segment_host_mapping_for_agent-8748397354064'] for agent, after_update _notify_loop /usr/lib/python2.7/site-packages/neutron_lib/callbacks/manager.py:167
2018-06-30 10:48:43.085 27326 DEBUG neutron_lib.callbacks.manager [req-9bb91dcc-79d1-4c77-a8ed-fd67d95b92b7 - - - - -] Notify callbacks ['neutron.services.segments.db._update_segment_host_mapping_for_agent-8748397354064'] for agent, after_update _notify_loop /usr/lib/python2.7/site-packages/neutron_lib/callbacks/manager.py:167
2018-06-30 10:48:43.242 27320 DEBUG neutron_lib.callbacks.manager [req-8be89005-a28c-4fa8-bfe1-377162b43b60 - - - - -] Notify callbacks ['neutron.services.segments.db._update_segment_host_mapping_for_agent-8748397354064'] for agent, after_update _notify_loop /usr/lib/python2.7/site-packages/neutron_lib/callbacks/manager.py:167
2018-06-30 10:48:45.005 27321 DEBUG neutron_lib.callbacks.manager [req-55e3d7af-00c8-4952-9142-c015e549c4eb - - - - -] Notify callbacks ['neutron.services.segments.db._update_segment_host_mapping_for_agent-8748397354064'] for agent, after_update _notify_loop /usr/lib/python2.7/site-packages/neutron_lib/callbacks/manager.py:167
2018-06-30 10:48:46.855 27323 DEBUG neutron_lib.callbacks.manager [req-0291f727-6567-4b9c-b64c-532f8c7bacde - - - - -] Notify callbacks ['neutron.services.segments.db._update_segment_host_mapping_for_agent-8748397354064'] for agent, after_update _notify_loop /usr/lib/python2.7/site-packages/neutron_lib/callbacks/manager.py:167
2018-06-30 10:49:06.924 27331 DEBUG neutron.db.agents_db [req-8b0ce4e9-d472-4c3e-8ff9-c8d9ad27355f - - - - -] Agent healthcheck: found 5 active agents agent_health_check /usr/lib/python2.7/site-packages/neutron/db/agents_db.py:281
2018-06-30 10:49:12.997 27324 DEBUG neutron_lib.callbacks.manager [req-87f1117f-9ab4-4463-9000-889f0e09a601 - - - - -] Notify callbacks ['neutron.services.segments.db._update_segment_host_mapping_for_agent-8748397354064'] for agent, after_update _notify_loop /usr/lib/python2.7/site-packages/neutron_lib/callbacks/manager.py:167
2018-06-30 10:49:13.094 27330 DEBUG neutron_lib.callbacks.manager [req-9bb91dcc-79d1-4c77-a8ed-fd67d95b92b7 - - - - -] Notify callbacks ['neutron.services.segments.db._update_segment_host_mapping_for_agent-8748397354064'] for agent, after_update _notify_loop /usr/lib/python2.7/site-packages/neutron_lib/callbacks/manager.py:167
2018-06-30 10:49:13.266 27319 DEBUG neutron_lib.callbacks.manager [req-8be89005-a28c-4fa8-bfe1-377162b43b60 - - - - -] Notify callbacks ['neutron.services.segments.db._update_segment_host_mapping_for_agent-8748397354064'] for agent, after_update _notify_loop /usr/lib/python2.7/site-packages/neutron_lib/callbacks/manager.py:167
2018-06-30 10:49:15.018 27325 DEBUG neutron_lib.callbacks.manager [req-866e1051-06f5-4db4-a64d-158b1d905023 - - - - -] Notify callbacks ['neutron.services.segments.db._update_segment_host_mapping_for_agent-8748397354064'] for agent, after_update _notify_loop /usr/lib/python2.7/site-packages/neutron_lib/callbacks/manager.py:167
2018-06-30 10:49:16.858 27329 DEBUG neutron_lib.callbacks.manager [req-0291f727-6567-4b9c-b64c-532f8c7bacde - - - - -] Notify callbacks ['neutron.services.segments.db._update_segment_host_mapping_for_agent-8748397354064'] for agent, after_update _notify_loop /usr/lib/python2.7/site-packages/neutron_lib/callbacks/manager.py:167
2018-06-30 10:49:37.866 27313 INFO neutron.wsgi [req-4c469b89-dc20-414c-a39f-197766f3c6bc 75fa4703edb245b7af4eedb4f8abb678 0756a888a15d4216915a13bf41cedcba - default default] 10.0.20.28 "GET /v2.0/ports?tenant_id=0cb4a2ca088f4eed81719e1177b0f81d&device_id=ad53c37e-fc15-4712-b2b0-7a2f242be86a HTTP/1.1" status: 200  len: 1121 time: 0.1276362
2018-06-30 10:49:38.160 27313 DEBUG neutron.pecan_wsgi.hooks.policy_enforcement [req-5891dac3-0405-42af-a8c3-62dac2dc9e2d 75fa4703edb245b7af4eedb4f8abb678 0756a888a15d4216915a13bf41cedcba - default default] Attributes excluded by policy engine: [u'vlan_transparent'] _exclude_attributes_by_policy /usr/lib/python2.7/site-packages/neutron/pecan_wsgi/hooks/policy_enforcement.py:256
2018-06-30 10:49:38.162 27313 INFO neutron.wsgi [req-5891dac3-0405-42af-a8c3-62dac2dc9e2d 75fa4703edb245b7af4eedb4f8abb678 0756a888a15d4216915a13bf41cedcba - default default] 10.0.20.28 "GET /v2.0/networks?id=7d652fde-730e-43b6-8b6c-bb0f922b7b41 HTTP/1.1" status: 200  len: 885 time: 0.2898619
2018-06-30 10:49:38.201 27313 INFO neutron.wsgi [req-5616a911-a2a4-4987-b9f1-26fa8d46e3b8 75fa4703edb245b7af4eedb4f8abb678 0756a888a15d4216915a13bf41cedcba - default default] 10.0.20.28 "GET /v2.0/floatingips?fixed_ip_address=11.42.1.6&port_id=762d843c-8541-421c-994c-f69e4910d4a6 HTTP/1.1" status: 200  len: 750 time: 0.0329850
2018-06-30 10:49:38.349 27313 DEBUG neutron.pecan_wsgi.hooks.policy_enforcement [req-db9057c2-1e17-47c7-93bb-f195fc2f7341 75fa4703edb245b7af4eedb4f8abb678 0756a888a15d4216915a13bf41cedcba - default default] Attributes excluded by policy engine: [u'shared'] _exclude_attributes_by_policy /usr/lib/python2.7/site-packages/neutron/pecan_wsgi/hooks/policy_enforcement.py:256
2018-06-30 10:49:38.352 27313 INFO neutron.wsgi [req-db9057c2-1e17-47c7-93bb-f195fc2f7341 75fa4703edb245b7af4eedb4f8abb678 0756a888a15d4216915a13bf41cedcba - default default] 10.0.20.28 "GET /v2.0/subnets?id=1a9cbeba-2b39-42f7-88d4-0738e24255ff HTTP/1.1" status: 200  len: 843 time: 0.1452689
2018-06-30 10:49:38.457 27313 INFO neutron.wsgi [req-f6255bcb-25d8-422c-91d0-7cc33836d0a2 75fa4703edb245b7af4eedb4f8abb678 0756a888a15d4216915a13bf41cedcba - default default] 10.0.20.28 "GET /v2.0/ports?network_id=7d652fde-730e-43b6-8b6c-bb0f922b7b41&device_owner=network%3Adhcp HTTP/1.1" status: 200  len: 1127 time: 0.0997410
2018-06-30 10:49:42.992 27326 DEBUG neutron_lib.callbacks.manager [req-5293c602-4985-46da-a79f-f425a1f387da - - - - -] Notify callbacks ['neutron.services.segments.db._update_segment_host_mapping_for_agent-8748397354064'] for agent, after_update _notify_loop /usr/lib/python2.7/site-packages/neutron_lib/callbacks/manager.py:167
2018-06-30 10:49:43.093 27320 DEBUG neutron_lib.callbacks.manager [req-9bb91dcc-79d1-4c77-a8ed-fd67d95b92b7 - - - - -] Notify callbacks ['neutron.services.segments.db._update_segment_host_mapping_for_agent-8748397354064'] for agent, after_update _notify_loop /usr/lib/python2.7/site-packages/neutron_lib/callbacks/manager.py:167
2018-06-30 10:49:43.256 27321 DEBUG neutron_lib.callbacks.manager [req-8be89005-a28c-4fa8-bfe1-377162b43b60 - - - - -] Notify callbacks ['neutron.services.segments.db._update_segment_host_mapping_for_agent-8748397354064'] for agent, after_update _notify_loop /usr/lib/python2.7/site-packages/neutron_lib/callbacks/manager.py:167
2018-06-30 10:49:43.927 27331 DEBUG neutron.db.agents_db [req-8b0ce4e9-d472-4c3e-8ff9-c8d9ad27355f - - - - -] Agent healthcheck: found 5 active agents agent_health_check /usr/lib/python2.7/site-packages/neutron/db/agents_db.py:281
2018-06-30 10:49:45.004 27323 DEBUG neutron_lib.callbacks.manager [req-ad6e8134-d4ae-44b3-86a3-4840e5713908 - - - - -] Notify callbacks ['neutron.services.segments.db._update_segment_host_mapping_for_agent-8748397354064'] for agent, after_update _notify_loop /usr/lib/python2.7/site-packages/neutron_lib/callbacks/manager.py:167
2018-06-30 10:49:46.845 27324 DEBUG neutron_lib.callbacks.manager [req-0291f727-6567-4b9c-b64c-532f8c7bacde - - - - -] Notify callbacks ['neutron.services.segments.db._update_segment_host_mapping_for_agent-8748397354064'] for agent, after_update _notify_loop /usr/lib/python2.7/site-packages/neutron_lib/callbacks/manager.py:167
2018-06-30 10:50:01.068 27310 INFO neutron.wsgi [req-5555ccf8-e73f-4300-a4be-f446d3393550 0d36523847b7437682a959abed3e6696 0756a888a15d4216915a13bf41cedcba - default default] 10.0.20.28 "GET /v2.0/ports?device_id=ad53c37e-fc15-4712-b2b0-7a2f242be86a HTTP/1.1" status: 200  len: 1121 time: 0.1214590
2018-06-30 10:50:01.698 27310 INFO neutron.wsgi [req-b7a0168b-32be-4d97-b99b-bcd2ebbd6731 0d36523847b7437682a959abed3e6696 0756a888a15d4216915a13bf41cedcba - default default] 10.0.20.28 "GET /v2.0/security-groups?id=ffd22d26-d605-4e66-951e-fd3d36af8b0d HTTP/1.1" status: 200  len: 2118 time: 0.6252789
2018-06-30 10:50:13.003 27330 DEBUG neutron_lib.callbacks.manager [req-3742c584-2037-4429-a972-11e0fd59c69f - - - - -] Notify callbacks ['neutron.services.segments.db._update_segment_host_mapping_for_agent-8748397354064'] for agent, after_update _notify_loop /usr/lib/python2.7/site-packages/neutron_lib/callbacks/manager.py:167
2018-06-30 10:50:13.101 27319 DEBUG neutron_lib.callbacks.manager [req-9bb91dcc-79d1-4c77-a8ed-fd67d95b92b7 - - - - -] Notify callbacks ['neutron.services.segments.db._update_segment_host_mapping_for_agent-8748397354064'] for agent, after_update _notify_loop /usr/lib/python2.7/site-packages/neutron_lib/callbacks/manager.py:167
2018-06-30 10:50:13.257 27325 DEBUG neutron_lib.callbacks.manager [req-8be89005-a28c-4fa8-bfe1-377162b43b60 - - - - -] Notify callbacks ['neutron.services.segments.db._update_segment_host_mapping_for_agent-8748397354064'] for agent, after_update _notify_loop /usr/lib/python2.7/site-packages/neutron_lib/callbacks/manager.py:167
2018-06-30 10:50:15.026 27329 DEBUG neutron_lib.callbacks.manager [req-3949c68d-95ef-4e5c-a1ea-5c7c67c0c351 - - - - -] Notify callbacks ['neutron.services.segments.db._update_segment_host_mapping_for_agent-8748397354064'] for agent, after_update _notify_loop /usr/lib/python2.7/site-packages/neutron_lib/callbacks/manager.py:167
2018-06-30 10:50:16.852 27326 DEBUG neutron_lib.callbacks.manager [req-0291f727-6567-4b9c-b64c-532f8c7bacde - - - - -] Notify callbacks ['neutron.services.segments.db._update_segment_host_mapping_for_agent-8748397354064'] for agent, after_update _notify_loop /usr/lib/python2.7/site-packages/neutron_lib/callbacks/manager.py:167
2018-06-30 10:50:17.554 27315 DEBUG neutron.wsgi [-] (27315) accepted ('10.0.20.28', 42536) server /usr/lib/python2.7/site-packages/eventlet/wsgi.py:883
2018-06-30 10:50:17.559 27315 INFO neutron.wsgi [-] 10.0.20.28 "GET / HTTP/1.1" status: 200  len: 252 time: 0.0023899
2018-06-30 10:50:17.827 27315 INFO neutron.api.v2.resource [req-cecb1e72-463a-4183-b2f9-ae498045dd1d fdd3646c58934d249fd45be09b93685b 0cb4a2ca088f4eed81719e1177b0f81d - 1353f5b31ced4de0b8870cd88b2804eb 1353f5b31ced4de0b8870cd88b2804eb] show failed (client error): The resource could not be found.
2018-06-30 10:50:17.828 27315 INFO neutron.wsgi [req-cecb1e72-463a-4183-b2f9-ae498045dd1d fdd3646c58934d249fd45be09b93685b 0cb4a2ca088f4eed81719e1177b0f81d - 1353f5b31ced4de0b8870cd88b2804eb 1353f5b31ced4de0b8870cd88b2804eb] 10.0.20.28 "GET /v2.0/floatingips/172.24.4.10 HTTP/1.1" status: 404  len: 326 time: 0.2658119
2018-06-30 10:50:17.870 27315 INFO neutron.wsgi [req-b7eb1d85-57c4-4c3e-b83f-a6c22e264920 fdd3646c58934d249fd45be09b93685b 0cb4a2ca088f4eed81719e1177b0f81d - 1353f5b31ced4de0b8870cd88b2804eb 1353f5b31ced4de0b8870cd88b2804eb] 10.0.20.28 "GET /v2.0/floatingips HTTP/1.1" status: 200  len: 750 time: 0.0360970
2018-06-30 10:50:17.935 27315 DEBUG neutron.plugins.ml2.plugin [req-52a7d158-f578-4b03-b3cc-e6ee48d59d46 fdd3646c58934d249fd45be09b93685b 0cb4a2ca088f4eed81719e1177b0f81d - 1353f5b31ced4de0b8870cd88b2804eb 1353f5b31ced4de0b8870cd88b2804eb] Deleting port ea9b2a3e-9238-4e2c-b6ca-0c503bea80c9 _pre_delete_port /usr/lib/python2.7/site-packages/neutron/plugins/ml2/plugin.py:1488
2018-06-30 10:50:17.936 27315 DEBUG neutron_lib.callbacks.manager [req-52a7d158-f578-4b03-b3cc-e6ee48d59d46 fdd3646c58934d249fd45be09b93685b 0cb4a2ca088f4eed81719e1177b0f81d - 1353f5b31ced4de0b8870cd88b2804eb 1353f5b31ced4de0b8870cd88b2804eb] Notify callbacks ['neutron.db.l3_db._prevent_l3_port_delete_callback--9223363288457214452'] for port, before_delete _notify_loop /usr/lib/python2.7/site-packages/neutron_lib/callbacks/manager.py:167
2018-06-30 10:50:18.219 27315 DEBUG neutron.plugins.ml2.plugin [req-52a7d158-f578-4b03-b3cc-e6ee48d59d46 fdd3646c58934d249fd45be09b93685b 0cb4a2ca088f4eed81719e1177b0f81d - 1353f5b31ced4de0b8870cd88b2804eb 1353f5b31ced4de0b8870cd88b2804eb] Calling delete_port for ea9b2a3e-9238-4e2c-b6ca-0c503bea80c9 owned by network:floatingip delete_port /usr/lib/python2.7/site-packages/neutron/plugins/ml2/plugin.py:1547
2018-06-30 10:50:18.591 27315 DEBUG neutron_lib.callbacks.manager [req-52a7d158-f578-4b03-b3cc-e6ee48d59d46 fdd3646c58934d249fd45be09b93685b 0cb4a2ca088f4eed81719e1177b0f81d - 1353f5b31ced4de0b8870cd88b2804eb 1353f5b31ced4de0b8870cd88b2804eb] Notify callbacks ['neutron.api.rpc.agentnotifiers.dhcp_rpc_agent_api.DhcpAgentNotifyAPI._native_event_send_dhcp_notification--9223372036850942471', 'neutron.db.l3_db._notify_routers_callback--9223363288457243170', 'neutron.plugins.ml2.ovo_rpc._ObjectChangeHandler.handle_event-3789312', 'neutron.plugins.ml2.plugin.Ml2Plugin.notify_sg_on_port_change-717055', 'neutron.db.l3_dvrscheduler_db._notify_port_delete-8748396993495'] for port, after_delete _notify_loop /usr/lib/python2.7/site-packages/neutron_lib/callbacks/manager.py:167
2018-06-30 10:50:18.861 27315 DEBUG oslo_concurrency.lockutils [-] Lock "event-dispatch" acquired by "neutron.plugins.ml2.ovo_rpc.dispatch_events" :: waited 0.000s inner /usr/lib/python2.7/site-packages/oslo_concurrency/lockutils.py:270
2018-06-30 10:50:18.965 27315 DEBUG neutron.api.rpc.handlers.resources_rpc [req-52a7d158-f578-4b03-b3cc-e6ee48d59d46 fdd3646c58934d249fd45be09b93685b 0cb4a2ca088f4eed81719e1177b0f81d - - -] neutron.api.rpc.handlers.resources_rpc.ResourcesPushRpcApi method push called with arguments (<neutron_lib.context.Context object at 0x7f4e508f4ad0>, [Port(admin_state_up=<?>,allowed_address_pairs=<?>,binding=<?>,binding_levels=<?>,created_at=<?>,data_plane_status=<?>,description=<?>,device_id=<?>,device_owner=<?>,dhcp_options=<?>,distributed_binding=<?>,dns=<?>,fixed_ips=<?>,id=ea9b2a3e-9238-4e2c-b6ca-0c503bea80c9,mac_address=<?>,name=<?>,network_id=<?>,project_id=<?>,qos_policy_id=None,revision_number=<?>,security=<?>,security_group_ids=None,status=<?>,updated_at=<?>)], 'deleted') {} wrapper /usr/lib/python2.7/site-packages/oslo_log/helpers.py:66
2018-06-30 10:50:18.993 27315 DEBUG neutron.api.rpc.callbacks.version_manager [req-52a7d158-f578-4b03-b3cc-e6ee48d59d46 fdd3646c58934d249fd45be09b93685b 0cb4a2ca088f4eed81719e1177b0f81d - - -] Version for resource type Subnet changed None to 1.0 on consumer Open vSwitch agent@localhost.localdomain _set_version /usr/lib/python2.7/site-packages/neutron/api/rpc/callbacks/version_manager.py:119
2018-06-30 10:50:18.994 27315 DEBUG neutron.api.rpc.callbacks.version_manager [req-52a7d158-f578-4b03-b3cc-e6ee48d59d46 fdd3646c58934d249fd45be09b93685b 0cb4a2ca088f4eed81719e1177b0f81d - - -] Version for resource type Network changed None to 1.0 on consumer Open vSwitch agent@localhost.localdomain _set_version /usr/lib/python2.7/site-packages/neutron/api/rpc/callbacks/version_manager.py:119
2018-06-30 10:50:18.995 27315 DEBUG neutron.api.rpc.callbacks.version_manager [req-52a7d158-f578-4b03-b3cc-e6ee48d59d46 fdd3646c58934d249fd45be09b93685b 0cb4a2ca088f4eed81719e1177b0f81d - - -] Version for resource type SubPort changed None to 1.0 on consumer Open vSwitch agent@localhost.localdomain _set_version /usr/lib/python2.7/site-packages/neutron/api/rpc/callbacks/version_manager.py:119
2018-06-30 10:50:18.995 27315 DEBUG neutron.api.rpc.callbacks.version_manager [req-52a7d158-f578-4b03-b3cc-e6ee48d59d46 fdd3646c58934d249fd45be09b93685b 0cb4a2ca088f4eed81719e1177b0f81d - - -] Version for resource type SecurityGroup changed None to 1.0 on consumer Open vSwitch agent@localhost.localdomain _set_version /usr/lib/python2.7/site-packages/neutron/api/rpc/callbacks/version_manager.py:119
2018-06-30 10:50:18.996 27315 DEBUG neutron.api.rpc.callbacks.version_manager [req-52a7d158-f578-4b03-b3cc-e6ee48d59d46 fdd3646c58934d249fd45be09b93685b 0cb4a2ca088f4eed81719e1177b0f81d - - -] Version for resource type SecurityGroupRule changed None to 1.0 on consumer Open vSwitch agent@localhost.localdomain _set_version /usr/lib/python2.7/site-packages/neutron/api/rpc/callbacks/version_manager.py:119
2018-06-30 10:50:18.997 27315 DEBUG neutron.api.rpc.callbacks.version_manager [req-52a7d158-f578-4b03-b3cc-e6ee48d59d46 fdd3646c58934d249fd45be09b93685b 0cb4a2ca088f4eed81719e1177b0f81d - - -] Version for resource type Trunk changed None to 1.1 on consumer Open vSwitch agent@localhost.localdomain _set_version /usr/lib/python2.7/site-packages/neutron/api/rpc/callbacks/version_manager.py:119
2018-06-30 10:50:18.998 27315 DEBUG neutron.api.rpc.callbacks.version_manager [req-52a7d158-f578-4b03-b3cc-e6ee48d59d46 fdd3646c58934d249fd45be09b93685b 0cb4a2ca088f4eed81719e1177b0f81d - - -] Version for resource type QosPolicy changed None to 1.6 on consumer Open vSwitch agent@localhost.localdomain _set_version /usr/lib/python2.7/site-packages/neutron/api/rpc/callbacks/version_manager.py:119
2018-06-30 10:50:18.999 27315 DEBUG neutron.api.rpc.callbacks.version_manager [req-52a7d158-f578-4b03-b3cc-e6ee48d59d46 fdd3646c58934d249fd45be09b93685b 0cb4a2ca088f4eed81719e1177b0f81d - - -] Version for resource type Port changed None to 1.1 on consumer Open vSwitch agent@localhost.localdomain _set_version /usr/lib/python2.7/site-packages/neutron/api/rpc/callbacks/version_manager.py:119
2018-06-30 10:50:19.000 27315 DEBUG neutron.api.rpc.callbacks.version_manager [req-52a7d158-f578-4b03-b3cc-e6ee48d59d46 fdd3646c58934d249fd45be09b93685b 0cb4a2ca088f4eed81719e1177b0f81d - - -] Version for resource type Log changed None to 1.0 on consumer Open vSwitch agent@localhost.localdomain _set_version /usr/lib/python2.7/site-packages/neutron/api/rpc/callbacks/version_manager.py:119
2018-06-30 10:50:19.402 27315 DEBUG oslo_concurrency.lockutils [req-52a7d158-f578-4b03-b3cc-e6ee48d59d46 fdd3646c58934d249fd45be09b93685b 0cb4a2ca088f4eed81719e1177b0f81d - - -] Lock "event-dispatch" released by "neutron.plugins.ml2.ovo_rpc.dispatch_events" :: held 0.540s inner /usr/lib/python2.7/site-packages/oslo_concurrency/lockutils.py:282
2018-06-30 10:50:19.617 27315 DEBUG neutron.scheduler.l3_agent_scheduler [req-52a7d158-f578-4b03-b3cc-e6ee48d59d46 fdd3646c58934d249fd45be09b93685b 0cb4a2ca088f4eed81719e1177b0f81d - 1353f5b31ced4de0b8870cd88b2804eb 1353f5b31ced4de0b8870cd88b2804eb] Router 8a37fc34-7f56-4637-9ecb-038bfbafbb0b has already been hosted by L3 agent 0aae51ef-d85a-4a28-8dba-d2795f82e408 _get_candidates /usr/lib/python2.7/site-packages/neutron/scheduler/l3_agent_scheduler.py:141
2018-06-30 10:50:19.780 27315 DEBUG neutron.api.rpc.agentnotifiers.l3_rpc_agent_api [req-52a7d158-f578-4b03-b3cc-e6ee48d59d46 fdd3646c58934d249fd45be09b93685b 0cb4a2ca088f4eed81719e1177b0f81d - 1353f5b31ced4de0b8870cd88b2804eb 1353f5b31ced4de0b8870cd88b2804eb] Notify agent at l3_agent.localhost.localdomain the message routers_updated _agent_notification /usr/lib/python2.7/site-packages/neutron/api/rpc/agentnotifiers/l3_rpc_agent_api.py:69
2018-06-30 10:50:19.812 27315 DEBUG neutron.quota.resource [req-52a7d158-f578-4b03-b3cc-e6ee48d59d46 fdd3646c58934d249fd45be09b93685b 0cb4a2ca088f4eed81719e1177b0f81d - 1353f5b31ced4de0b8870cd88b2804eb 1353f5b31ced4de0b8870cd88b2804eb] Persisted dirty status for tenant:0cb4a2ca088f4eed81719e1177b0f81d on resource:floatingip mark_dirty /usr/lib/python2.7/site-packages/neutron/quota/resource.py:207
2018-06-30 10:50:19.816 27326 DEBUG neutron.db.l3_hamode_db [req-88d6668b-7b7e-4b29-9bb1-e315de580f0f - - - - -] neutron.services.l3_router.l3_router_plugin.L3RouterPlugin method get_ha_sync_data_for_host called with arguments (<neutron_lib.context.Context object at 0x7f4e50926f90>, u'localhost.localdomain', <neutron.db.models.agent.Agent[object at 7f4e50c5bb50] {id=u'0aae51ef-d85a-4a28-8dba-d2795f82e408', agent_type=u'L3 agent', binary=u'neutron-l3-agent', topic=u'l3_agent', host=u'localhost.localdomain', availability_zone=u'nova', admin_state_up=True, created_at=datetime.datetime(2018, 6, 6, 18, 5, 37), started_at=datetime.datetime(2018, 6, 30, 8, 31, 45), heartbeat_timestamp=datetime.datetime(2018, 6, 30, 8, 50, 14), description=None, configurations=u'{"agent_mode": "legacy", "gateway_external_network_id": "", "handle_internal_only_routers": true, "routers": 2, "interfaces": 2, "floating_ips": 1, "interface_driver": "neutron.agent.linux.interface.OVSInterfaceDriver", "log_agent_heartbeats": false, "external_network_bridge": "", "ex_gw_ports": 2}', resource_versions=None, load=0}>) {'active': True, 'router_ids': ['8a37fc34-7f56-4637-9ecb-038bfbafbb0b']} wrapper /usr/lib/python2.7/site-packages/oslo_log/helpers.py:66
2018-06-30 10:50:19.838 27315 DEBUG neutron.quota.resource [req-52a7d158-f578-4b03-b3cc-e6ee48d59d46 fdd3646c58934d249fd45be09b93685b 0cb4a2ca088f4eed81719e1177b0f81d - 1353f5b31ced4de0b8870cd88b2804eb 1353f5b31ced4de0b8870cd88b2804eb] Persisted dirty status for tenant: on resource:port mark_dirty /usr/lib/python2.7/site-packages/neutron/quota/resource.py:207
2018-06-30 10:50:19.843 27315 DEBUG neutron_lib.callbacks.manager [req-52a7d158-f578-4b03-b3cc-e6ee48d59d46 fdd3646c58934d249fd45be09b93685b 0cb4a2ca088f4eed81719e1177b0f81d - 1353f5b31ced4de0b8870cd88b2804eb 1353f5b31ced4de0b8870cd88b2804eb] Notify callbacks ['neutron.notifiers.nova.Notifier._send_nova_notification--9223372036854773582'] for floatingip, before_response _notify_loop /usr/lib/python2.7/site-packages/neutron_lib/callbacks/manager.py:167
2018-06-30 10:50:19.908 27315 INFO neutron.wsgi [req-52a7d158-f578-4b03-b3cc-e6ee48d59d46 fdd3646c58934d249fd45be09b93685b 0cb4a2ca088f4eed81719e1177b0f81d - 1353f5b31ced4de0b8870cd88b2804eb 1353f5b31ced4de0b8870cd88b2804eb] 10.0.20.28 "DELETE /v2.0/floatingips/3098fc77-b505-47d0-aaa3-6e0760ae7736 HTTP/1.1" status: 204  len: 173 time: 2.0326169
2018-06-30 10:50:19.909 27315 DEBUG oslo_concurrency.lockutils [-] Lock "notifier-31f196b1-79e9-4fee-b585-cfb5ee7c0384" acquired by "neutron.notifiers.batch_notifier.synced_send" :: waited 0.000s inner /usr/lib/python2.7/site-packages/oslo_concurrency/lockutils.py:270
2018-06-30 10:50:19.910 27315 DEBUG neutron.notifiers.nova [-] Sending events: [{'tag': u'762d843c-8541-421c-994c-f69e4910d4a6', 'name': 'network-changed', 'server_uuid': u'ad53c37e-fc15-4712-b2b0-7a2f242be86a'}] send_events /usr/lib/python2.7/site-packages/neutron/notifiers/nova.py:242
2018-06-30 10:50:20.514 27326 DEBUG neutron.db.l3_hamode_db [req-88d6668b-7b7e-4b29-9bb1-e315de580f0f - - - - -] neutron.services.l3_router.l3_router_plugin.L3RouterPlugin method _process_sync_ha_data called with arguments (<neutron_lib.context.Context object at 0x7f4e50926f90>, [{'status': u'ACTIVE', '_interfaces': [{'status': u'ACTIVE', 'subnets': [{'dns_nameservers': [u'8.8.4.4'], 'ipv6_ra_mode': None, 'gateway_ip': u'11.42.1.1', 'cidr': u'11.42.1.0/24', 'id': u'1a9cbeba-2b39-42f7-88d4-0738e24255ff', 'subnetpool_id': None}], 'binding:host_id': u'localhost.localdomain', 'description': u'', 'allowed_address_pairs': [], 'tags': [], 'extra_dhcp_opts': [], 'updated_at': '2018-06-30T08:42:16Z', 'device_owner': u'network:router_interface', 'revision_number': 7, 'port_security_enabled': False, 'binding:profile': {}, 'mtu': 1450, 'fixed_ips': [{'subnet_id': u'1a9cbeba-2b39-42f7-88d4-0738e24255ff', 'prefixlen': 24, 'ip_address': u'11.42.1.1'}], 'id': u'a5720982-fc32-49c7-aca8-7ce510c0109e', 'security_groups': [], 'device_id': u'8a37fc34-7f56-4637-9ecb-038bfbafbb0b', 'name': u'', 'admin_state_up': True, 'network_id': u'7d652fde-730e-43b6-8b6c-bb0f922b7b41', 'tenant_id': u'0cb4a2ca088f4eed81719e1177b0f81d', 'binding:vif_details': {u'port_filter': True, u'datapath_type': u'system', u'ovs_hybrid_plug': True}, 'address_scopes': {4: None, 6: None}, 'binding:vnic_type': u'normal', 'binding:vif_type': u'ovs', 'mac_address': u'fa:16:3e:7a:6b:80', 'project_id': u'0cb4a2ca088f4eed81719e1177b0f81d', 'extra_subnets': [], 'created_at': '2018-06-30T08:42:08Z'}], 'enable_snat': True, 'ha_vr_id': 0, 'description': u'', 'tags': [], 'gw_port': {'status': u'ACTIVE', 'subnets': [{'dns_nameservers': [], 'ipv6_ra_mode': None, 'gateway_ip': u'172.24.4.1', 'cidr': u'172.24.4.0/24', 'id': u'b6e216ca-b0fd-4778-9cc1-3aadc17c208f', 'subnetpool_id': None}], 'binding:host_id': u'localhost.localdomain', 'description': u'', 'allowed_address_pairs': [], 'tags': [], 'extra_dhcp_opts': [], 'updated_at': '2018-06-30T08:42:28Z', 'device_owner': u'network:router_gateway', 'revision_number': 6, 'port_security_enabled': False, 'binding:profile': {}, 'mtu': 1500, 'fixed_ips': [{'subnet_id': u'b6e216ca-b0fd-4778-9cc1-3aadc17c208f', 'prefixlen': 24, 'ip_address': u'172.24.4.9'}], 'id': u'6548e026-4167-48d5-9512-313411012a61', 'security_groups': [], 'device_id': u'8a37fc34-7f56-4637-9ecb-038bfbafbb0b', 'name': u'', 'admin_state_up': True, 'network_id': u'3a89a4af-574f-492a-9eb4-eae63d51f625', 'tenant_id': u'', 'binding:vif_details': {u'port_filter': True, u'datapath_type': u'system', u'ovs_hybrid_plug': True}, 'address_scopes': {4: None, 6: None}, 'binding:vnic_type': u'normal', 'binding:vif_type': u'ovs', 'mac_address': u'fa:16:3e:10:7c:99', 'project_id': u'', 'extra_subnets': [], 'created_at': '2018-06-30T08:42:20Z'}, 'updated_at': '2018-06-30T08:42:22Z', 'revision_number': 4, 'ha': False, 'id': u'8a37fc34-7f56-4637-9ecb-038bfbafbb0b', 'gw_port_host': u'localhost.localdomain', 'external_gateway_info': {'network_id': u'3a89a4af-574f-492a-9eb4-eae63d51f625', 'enable_snat': True, 'external_fixed_ips': [{'subnet_id': u'b6e216ca-b0fd-4778-9cc1-3aadc17c208f', 'ip_address': u'172.24.4.9'}]}, 'availability_zone_hints': [], 'availability_zones': [u'nova'], 'name': u'tempest-router-1530347927', 'gw_port_id': u'6548e026-4167-48d5-9512-313411012a61', 'admin_state_up': True, 'tenant_id': u'0cb4a2ca088f4eed81719e1177b0f81d', 'created_at': '2018-06-30T08:41:49Z', 'distributed': False, 'flavor_id': None, 'routes': [], 'project_id': u'0cb4a2ca088f4eed81719e1177b0f81d'}], u'localhost.localdomain', False) {} wrapper /usr/lib/python2.7/site-packages/oslo_log/helpers.py:66
2018-06-30 10:50:20.524 27326 DEBUG neutron.api.rpc.handlers.l3_rpc [req-88d6668b-7b7e-4b29-9bb1-e315de580f0f - - - - -] Checking router: 8a37fc34-7f56-4637-9ecb-038bfbafbb0b for host: localhost.localdomain _ensure_host_set_on_ports /usr/lib/python2.7/site-packages/neutron/api/rpc/handlers/l3_rpc.py:135
2018-06-30 10:50:20.711 27331 DEBUG neutron.api.rpc.handlers.l3_rpc [req-dc85bcfc-8775-4f5d-9b8d-961084b2bbf3 - - - - -] New status for floating IP 3098fc77-b505-47d0-aaa3-6e0760ae7736: DOWN update_floatingip_statuses /usr/lib/python2.7/site-packages/neutron/api/rpc/handlers/l3_rpc.py:252
2018-06-30 10:50:20.762 27315 DEBUG novaclient.v2.client [-] REQ: curl -g -i -X POST http://10.0.20.28:8774/v2.1/0756a888a15d4216915a13bf41cedcba/os-server-external-events -H "User-Agent: python-novaclient" -H "Content-Type: application/json" -H "Accept: application/json" -H "X-OpenStack-Nova-API-Version: 2.1" -H "X-Auth-Token: {SHA1}59fc1779001dbab390e502824c65acffe395ec4d" -d '{"events": [{"tag": "762d843c-8541-421c-994c-f69e4910d4a6", "name": "network-changed", "server_uuid": "ad53c37e-fc15-4712-b2b0-7a2f242be86a"}]}' _http_log_request /usr/lib/python2.7/site-packages/keystoneauth1/session.py:375
2018-06-30 10:50:20.927 27331 DEBUG neutron.db.agents_db [req-8b0ce4e9-d472-4c3e-8ff9-c8d9ad27355f - - - - -] Agent healthcheck: found 5 active agents agent_health_check /usr/lib/python2.7/site-packages/neutron/db/agents_db.py:281
2018-06-30 10:50:21.475 27315 DEBUG novaclient.v2.client [-] RESP: [200] Content-Length: 179 Content-Type: application/json Openstack-Api-Version: compute 2.1 X-Openstack-Nova-Api-Version: 2.1 Vary: OpenStack-API-Version, X-OpenStack-Nova-API-Version X-Openstack-Request-Id: req-837a678a-3575-48b8-973c-ed6e703df36a X-Compute-Request-Id: req-837a678a-3575-48b8-973c-ed6e703df36a Date: Sat, 30 Jun 2018 08:50:21 GMT Connection: keep-alive 
RESP BODY: {"events": [{"status": "completed", "tag": "762d843c-8541-421c-994c-f69e4910d4a6", "name": "network-changed", "server_uuid": "ad53c37e-fc15-4712-b2b0-7a2f242be86a", "code": 200}]}
 _http_log_response /usr/lib/python2.7/site-packages/keystoneauth1/session.py:423
2018-06-30 10:50:21.476 27315 DEBUG novaclient.v2.client [-] POST call to compute for http://10.0.20.28:8774/v2.1/0756a888a15d4216915a13bf41cedcba/os-server-external-events used request id req-837a678a-3575-48b8-973c-ed6e703df36a request /usr/lib/python2.7/site-packages/keystoneauth1/session.py:727
2018-06-30 10:50:21.485 27315 INFO neutron.notifiers.nova [-] Nova event response: {u'status': u'completed', u'tag': u'762d843c-8541-421c-994c-f69e4910d4a6', u'name': u'network-changed', u'server_uuid': u'ad53c37e-fc15-4712-b2b0-7a2f242be86a', u'code': 200}
2018-06-30 10:50:21.602 27313 INFO neutron.wsgi [req-91b42f1d-f569-46d0-a496-46db038adedc 75fa4703edb245b7af4eedb4f8abb678 0756a888a15d4216915a13bf41cedcba - default default] 10.0.20.28 "GET /v2.0/ports?tenant_id=0cb4a2ca088f4eed81719e1177b0f81d&device_id=ad53c37e-fc15-4712-b2b0-7a2f242be86a HTTP/1.1" status: 200  len: 1121 time: 0.1059740
2018-06-30 10:50:22.065 27313 DEBUG neutron.pecan_wsgi.hooks.policy_enforcement [req-1e142b4a-e4f5-4444-b332-8a4d1ddaa99b 75fa4703edb245b7af4eedb4f8abb678 0756a888a15d4216915a13bf41cedcba - default default] Attributes excluded by policy engine: [u'vlan_transparent'] _exclude_attributes_by_policy /usr/lib/python2.7/site-packages/neutron/pecan_wsgi/hooks/policy_enforcement.py:256
2018-06-30 10:50:22.069 27313 INFO neutron.wsgi [req-1e142b4a-e4f5-4444-b332-8a4d1ddaa99b 75fa4703edb245b7af4eedb4f8abb678 0756a888a15d4216915a13bf41cedcba - default default] 10.0.20.28 "GET /v2.0/networks?id=7d652fde-730e-43b6-8b6c-bb0f922b7b41 HTTP/1.1" status: 200  len: 885 time: 0.4611499
