2018-06-30 04:29:46.057 8036 DEBUG neutron_lib.callbacks.manager [req-f034694e-6dd9-4a79-83a3-87a0e8c117ae - - - - -] Notify callbacks ['neutron.services.segments.db._update_segment_host_mapping_for_agent-8761431704882'] for agent, after_update _notify_loop /usr/lib/python2.7/site-packages/neutron_lib/callbacks/manager.py:167
2018-06-30 04:29:49.913 8037 DEBUG neutron_lib.callbacks.manager [req-1ea82e8c-fd0c-445b-9c8f-ed8b501b1d5f - - - - -] Notify callbacks ['neutron.services.segments.db._update_segment_host_mapping_for_agent-8761431704882'] for agent, after_update _notify_loop /usr/lib/python2.7/site-packages/neutron_lib/callbacks/manager.py:167
2018-06-30 04:29:50.593 8041 DEBUG neutron.db.agents_db [req-4ca802b4-f0de-49fb-adac-ebfb8bd0234e - - - - -] Agent healthcheck: found 5 active agents agent_health_check /usr/lib/python2.7/site-packages/neutron/db/agents_db.py:281
2018-06-30 04:29:51.752 8027 INFO neutron.wsgi [req-f826f7fd-0b73-4761-9391-7c8c60e973d6 db7e024eefa34f0d9525ad1ee1475527 910acf3b84b64f358e48f506530f7cb1 - default default] 10.0.20.25 "GET /v2.0/ports?tenant_id=ead43555ee054f7ca3ba8ba9689795b9&device_id=488bd4b5-bebc-4421-939d-6248e13e470c HTTP/1.1" status: 200  len: 1124 time: 0.1906981
2018-06-30 04:29:52.072 8027 DEBUG neutron.pecan_wsgi.hooks.policy_enforcement [req-48deab64-93ba-4a6e-969f-62a48e7a9e90 db7e024eefa34f0d9525ad1ee1475527 910acf3b84b64f358e48f506530f7cb1 - default default] Attributes excluded by policy engine: [u'vlan_transparent'] _exclude_attributes_by_policy /usr/lib/python2.7/site-packages/neutron/pecan_wsgi/hooks/policy_enforcement.py:256
2018-06-30 04:29:52.076 8027 INFO neutron.wsgi [req-48deab64-93ba-4a6e-969f-62a48e7a9e90 db7e024eefa34f0d9525ad1ee1475527 910acf3b84b64f358e48f506530f7cb1 - default default] 10.0.20.25 "GET /v2.0/networks?id=80ace80d-5081-4d8e-97c8-606a3c760ea5 HTTP/1.1" status: 200  len: 885 time: 0.3130691
2018-06-30 04:29:52.149 8027 INFO neutron.wsgi [req-fe2cf0cc-bc10-42cc-8f43-d9cb0fd1048f db7e024eefa34f0d9525ad1ee1475527 910acf3b84b64f358e48f506530f7cb1 - default default] 10.0.20.25 "GET /v2.0/floatingips?fixed_ip_address=11.217.1.5&port_id=81dda611-50bd-421b-8b31-9c26e76b4062 HTTP/1.1" status: 200  len: 750 time: 0.0636151
2018-06-30 04:29:52.388 8027 DEBUG neutron.pecan_wsgi.hooks.policy_enforcement [req-f9137d8c-7f93-4240-8258-29450953ce74 db7e024eefa34f0d9525ad1ee1475527 910acf3b84b64f358e48f506530f7cb1 - default default] Attributes excluded by policy engine: [u'shared'] _exclude_attributes_by_policy /usr/lib/python2.7/site-packages/neutron/pecan_wsgi/hooks/policy_enforcement.py:256
2018-06-30 04:29:52.393 8027 INFO neutron.wsgi [req-f9137d8c-7f93-4240-8258-29450953ce74 db7e024eefa34f0d9525ad1ee1475527 910acf3b84b64f358e48f506530f7cb1 - default default] 10.0.20.25 "GET /v2.0/subnets?id=d6088c43-7e9b-444e-a5cc-df0e449dc2c3 HTTP/1.1" status: 200  len: 847 time: 0.2304602
2018-06-30 04:29:52.616 8027 INFO neutron.wsgi [req-5a8b6e74-2c43-46ce-8d64-2e2ffbeeaa52 db7e024eefa34f0d9525ad1ee1475527 910acf3b84b64f358e48f506530f7cb1 - default default] 10.0.20.25 "GET /v2.0/ports?network_id=80ace80d-5081-4d8e-97c8-606a3c760ea5&device_owner=network%3Adhcp HTTP/1.1" status: 200  len: 1128 time: 0.2104549
2018-06-30 04:30:00.533 8024 INFO neutron.wsgi [req-72a3892c-d4c6-4f3a-b053-c112a7d46cf0 db7e024eefa34f0d9525ad1ee1475527 910acf3b84b64f358e48f506530f7cb1 - default default] 10.0.20.25 "GET /v2.0/ports?device_id=488bd4b5-bebc-4421-939d-6248e13e470c HTTP/1.1" status: 200  len: 1124 time: 0.1640122
2018-06-30 04:30:00.665 8024 INFO neutron.wsgi [req-58916667-c836-4d13-916d-39508fce7d04 db7e024eefa34f0d9525ad1ee1475527 910acf3b84b64f358e48f506530f7cb1 - default default] 10.0.20.25 "GET /v2.0/security-groups?id=436de122-4b73-4c75-9dc2-eb8ceb95c45e HTTP/1.1" status: 200  len: 2118 time: 0.1245520
2018-06-30 04:30:01.891 8024 INFO neutron.wsgi [req-7286e1ca-b246-4ee0-b3db-43c8eecee69d db7e024eefa34f0d9525ad1ee1475527 910acf3b84b64f358e48f506530f7cb1 - default default] 10.0.20.25 "GET /v2.0/ports?device_id=488bd4b5-bebc-4421-939d-6248e13e470c HTTP/1.1" status: 200  len: 1124 time: 0.2394681
2018-06-30 04:30:02.112 8024 INFO neutron.wsgi [req-53537bde-e31c-412b-831c-d09bb85b9eeb db7e024eefa34f0d9525ad1ee1475527 910acf3b84b64f358e48f506530f7cb1 - default default] 10.0.20.25 "GET /v2.0/security-groups?id=436de122-4b73-4c75-9dc2-eb8ceb95c45e HTTP/1.1" status: 200  len: 2118 time: 0.2070441
2018-06-30 04:30:04.147 8024 DEBUG neutron.wsgi [-] (8024) accepted ('10.0.20.25', 39876) server /usr/lib/python2.7/site-packages/eventlet/wsgi.py:883
2018-06-30 04:30:04.896 8024 INFO neutron.wsgi [req-1319ee6b-0dce-49bd-a29a-67cd5aef5f79 db7e024eefa34f0d9525ad1ee1475527 910acf3b84b64f358e48f506530f7cb1 - default default] 10.0.20.25 "GET /v2.0/ports?device_id=488bd4b5-bebc-4421-939d-6248e13e470c HTTP/1.1" status: 200  len: 1124 time: 0.7474451
2018-06-30 04:30:05.106 8024 INFO neutron.wsgi [req-d4da6cb7-b154-4403-bcfb-365c32e34685 db7e024eefa34f0d9525ad1ee1475527 910acf3b84b64f358e48f506530f7cb1 - default default] 10.0.20.25 "GET /v2.0/security-groups?id=436de122-4b73-4c75-9dc2-eb8ceb95c45e HTTP/1.1" status: 200  len: 2118 time: 0.1766200
2018-06-30 04:30:05.954 8038 DEBUG neutron_lib.callbacks.manager [req-b5d0c55e-eeb1-4468-af2e-51da9b2c2886 - - - - -] Notify callbacks ['neutron.services.segments.db._update_segment_host_mapping_for_agent-8761431704882'] for agent, after_update _notify_loop /usr/lib/python2.7/site-packages/neutron_lib/callbacks/manager.py:167
2018-06-30 04:30:06.026 8039 DEBUG neutron_lib.callbacks.manager [req-e1e024c8-6bb8-4f7b-ac66-f553c983210f - - - - -] Notify callbacks ['neutron.services.segments.db._update_segment_host_mapping_for_agent-8761431704882'] for agent, after_update _notify_loop /usr/lib/python2.7/site-packages/neutron_lib/callbacks/manager.py:167
2018-06-30 04:30:06.094 8040 DEBUG neutron_lib.callbacks.manager [req-bf507026-d58f-4e82-9b38-a3bf9957fa8e - - - - -] Notify callbacks ['neutron.services.segments.db._update_segment_host_mapping_for_agent-8761431704882'] for agent, after_update _notify_loop /usr/lib/python2.7/site-packages/neutron_lib/callbacks/manager.py:167
2018-06-30 04:30:06.250 8028 INFO neutron.wsgi [req-faca63d1-0ed0-4a5f-a10a-6fe4cec47985 db7e024eefa34f0d9525ad1ee1475527 910acf3b84b64f358e48f506530f7cb1 - default default] 10.0.20.25 "GET /v2.0/ports?device_id=488bd4b5-bebc-4421-939d-6248e13e470c HTTP/1.1" status: 200  len: 1124 time: 0.1195230
2018-06-30 04:30:06.382 8028 INFO neutron.wsgi [req-09b35b78-8817-47e8-b538-b59240a629b7 db7e024eefa34f0d9525ad1ee1475527 910acf3b84b64f358e48f506530f7cb1 - default default] 10.0.20.25 "GET /v2.0/security-groups?id=436de122-4b73-4c75-9dc2-eb8ceb95c45e HTTP/1.1" status: 200  len: 2118 time: 0.1235700
2018-06-30 04:30:06.940 8026 INFO neutron.wsgi [req-8550d7d3-8280-453e-843a-a606e8250093 db7e024eefa34f0d9525ad1ee1475527 910acf3b84b64f358e48f506530f7cb1 - default default] 10.0.20.25 "GET /v2.0/ports?device_id=488bd4b5-bebc-4421-939d-6248e13e470c HTTP/1.1" status: 200  len: 1124 time: 0.1355660
2018-06-30 04:30:07.083 8026 INFO neutron.wsgi [req-898aba00-84fe-44da-8782-5d7cd01d9ce4 db7e024eefa34f0d9525ad1ee1475527 910acf3b84b64f358e48f506530f7cb1 - default default] 10.0.20.25 "GET /v2.0/security-groups?id=436de122-4b73-4c75-9dc2-eb8ceb95c45e HTTP/1.1" status: 200  len: 2118 time: 0.1356840
2018-06-30 04:30:10.303 8024 INFO neutron.wsgi [req-c7575074-f799-46f7-9257-410919457ebd db7e024eefa34f0d9525ad1ee1475527 910acf3b84b64f358e48f506530f7cb1 - default default] 10.0.20.25 "GET /v2.0/ports?device_id=488bd4b5-bebc-4421-939d-6248e13e470c HTTP/1.1" status: 200  len: 1124 time: 0.1775520
2018-06-30 04:30:10.446 8024 INFO neutron.wsgi [req-26ba288b-3ba9-4f91-8a08-3da81188409b db7e024eefa34f0d9525ad1ee1475527 910acf3b84b64f358e48f506530f7cb1 - default default] 10.0.20.25 "GET /v2.0/security-groups?id=436de122-4b73-4c75-9dc2-eb8ceb95c45e HTTP/1.1" status: 200  len: 2118 time: 0.1346269
2018-06-30 04:30:16.062 8035 DEBUG neutron_lib.callbacks.manager [req-8e07b2e5-bf06-4f4d-8efc-ba3975a22094 - - - - -] Notify callbacks ['neutron.services.segments.db._update_segment_host_mapping_for_agent-8761431704882'] for agent, after_update _notify_loop /usr/lib/python2.7/site-packages/neutron_lib/callbacks/manager.py:167
2018-06-30 04:30:19.943 8033 DEBUG neutron_lib.callbacks.manager [req-1ea82e8c-fd0c-445b-9c8f-ed8b501b1d5f - - - - -] Notify callbacks ['neutron.services.segments.db._update_segment_host_mapping_for_agent-8761431704882'] for agent, after_update _notify_loop /usr/lib/python2.7/site-packages/neutron_lib/callbacks/manager.py:167
2018-06-30 04:30:27.606 8041 DEBUG neutron.db.agents_db [req-4ca802b4-f0de-49fb-adac-ebfb8bd0234e - - - - -] Agent healthcheck: found 5 active agents agent_health_check /usr/lib/python2.7/site-packages/neutron/db/agents_db.py:281
2018-06-30 04:30:35.946 8032 DEBUG neutron_lib.callbacks.manager [req-ec5a6f2e-e84d-4513-ae66-5222f16ee9e2 - - - - -] Notify callbacks ['neutron.services.segments.db._update_segment_host_mapping_for_agent-8761431704882'] for agent, after_update _notify_loop /usr/lib/python2.7/site-packages/neutron_lib/callbacks/manager.py:167
2018-06-30 04:30:36.009 8034 DEBUG neutron_lib.callbacks.manager [req-e1e024c8-6bb8-4f7b-ac66-f553c983210f - - - - -] Notify callbacks ['neutron.services.segments.db._update_segment_host_mapping_for_agent-8761431704882'] for agent, after_update _notify_loop /usr/lib/python2.7/site-packages/neutron_lib/callbacks/manager.py:167
2018-06-30 04:30:36.083 8036 DEBUG neutron_lib.callbacks.manager [req-bf507026-d58f-4e82-9b38-a3bf9957fa8e - - - - -] Notify callbacks ['neutron.services.segments.db._update_segment_host_mapping_for_agent-8761431704882'] for agent, after_update _notify_loop /usr/lib/python2.7/site-packages/neutron_lib/callbacks/manager.py:167
2018-06-30 04:30:39.047 8024 DEBUG neutron.wsgi [-] (8024) accepted ('10.0.20.25', 39990) server /usr/lib/python2.7/site-packages/eventlet/wsgi.py:883
2018-06-30 04:30:39.051 8024 INFO neutron.wsgi [-] 10.0.20.25 "GET / HTTP/1.1" status: 200  len: 252 time: 0.0019810
2018-06-30 04:30:39.626 8024 INFO neutron.api.v2.resource [req-caac8a25-2234-41c2-99f9-846a3e105578 a36a9c1fc73d434792953fbc5158439c ead43555ee054f7ca3ba8ba9689795b9 - 80650973b4ec44bfb9e5d52e3a4d35e9 80650973b4ec44bfb9e5d52e3a4d35e9] show failed (client error): The resource could not be found.
2018-06-30 04:30:39.628 8024 INFO neutron.wsgi [req-caac8a25-2234-41c2-99f9-846a3e105578 a36a9c1fc73d434792953fbc5158439c ead43555ee054f7ca3ba8ba9689795b9 - 80650973b4ec44bfb9e5d52e3a4d35e9 80650973b4ec44bfb9e5d52e3a4d35e9] 10.0.20.25 "GET /v2.0/floatingips/172.24.4.4 HTTP/1.1" status: 404  len: 325 time: 0.5712252
2018-06-30 04:30:39.687 8024 DEBUG neutron.quota.resource [req-085928da-d0a9-47f9-b69e-92b6d1ef9fc3 a36a9c1fc73d434792953fbc5158439c ead43555ee054f7ca3ba8ba9689795b9 - 80650973b4ec44bfb9e5d52e3a4d35e9 80650973b4ec44bfb9e5d52e3a4d35e9] Synchronizing usage tracker for tenant:ead43555ee054f7ca3ba8ba9689795b9 on resource:floatingip resync /usr/lib/python2.7/site-packages/neutron/quota/resource.py:245
2018-06-30 04:30:39.742 8024 DEBUG neutron.quota.resource [req-085928da-d0a9-47f9-b69e-92b6d1ef9fc3 a36a9c1fc73d434792953fbc5158439c ead43555ee054f7ca3ba8ba9689795b9 - 80650973b4ec44bfb9e5d52e3a4d35e9 80650973b4ec44bfb9e5d52e3a4d35e9] Unset dirty status for tenant:ead43555ee054f7ca3ba8ba9689795b9 on resource:floatingip _resync /usr/lib/python2.7/site-packages/neutron/quota/resource.py:237
2018-06-30 04:30:39.744 8024 INFO neutron.wsgi [req-085928da-d0a9-47f9-b69e-92b6d1ef9fc3 a36a9c1fc73d434792953fbc5158439c ead43555ee054f7ca3ba8ba9689795b9 - 80650973b4ec44bfb9e5d52e3a4d35e9 80650973b4ec44bfb9e5d52e3a4d35e9] 10.0.20.25 "GET /v2.0/floatingips HTTP/1.1" status: 200  len: 750 time: 0.1107190
2018-06-30 04:30:39.864 8024 DEBUG neutron.plugins.ml2.plugin [req-0d3a5952-1535-42e4-b6a4-c66bc2d644bc a36a9c1fc73d434792953fbc5158439c ead43555ee054f7ca3ba8ba9689795b9 - 80650973b4ec44bfb9e5d52e3a4d35e9 80650973b4ec44bfb9e5d52e3a4d35e9] Deleting port b715f60b-23f1-4cb0-9bc2-bc08af9ae517 _pre_delete_port /usr/lib/python2.7/site-packages/neutron/plugins/ml2/plugin.py:1488
2018-06-30 04:30:39.866 8024 DEBUG neutron_lib.callbacks.manager [req-0d3a5952-1535-42e4-b6a4-c66bc2d644bc a36a9c1fc73d434792953fbc5158439c ead43555ee054f7ca3ba8ba9689795b9 - 80650973b4ec44bfb9e5d52e3a4d35e9 80650973b4ec44bfb9e5d52e3a4d35e9] Notify callbacks ['neutron.db.l3_db._prevent_l3_port_delete_callback-8761431905766'] for port, before_delete _notify_loop /usr/lib/python2.7/site-packages/neutron_lib/callbacks/manager.py:167
2018-06-30 04:30:40.351 8024 DEBUG neutron.plugins.ml2.plugin [req-0d3a5952-1535-42e4-b6a4-c66bc2d644bc a36a9c1fc73d434792953fbc5158439c ead43555ee054f7ca3ba8ba9689795b9 - 80650973b4ec44bfb9e5d52e3a4d35e9 80650973b4ec44bfb9e5d52e3a4d35e9] Calling delete_port for b715f60b-23f1-4cb0-9bc2-bc08af9ae517 owned by network:floatingip delete_port /usr/lib/python2.7/site-packages/neutron/plugins/ml2/plugin.py:1547
2018-06-30 04:30:40.743 8024 DEBUG neutron_lib.callbacks.manager [req-0d3a5952-1535-42e4-b6a4-c66bc2d644bc a36a9c1fc73d434792953fbc5158439c ead43555ee054f7ca3ba8ba9689795b9 - 80650973b4ec44bfb9e5d52e3a4d35e9 80650973b4ec44bfb9e5d52e3a4d35e9] Notify callbacks ['neutron.plugins.ml2.plugin.Ml2Plugin.notify_sg_on_port_change-1822685', 'neutron.plugins.ml2.ovo_rpc._ObjectChangeHandler.handle_event-610850', 'neutron.db.l3_dvrscheduler_db._notify_port_delete-8761431343048', 'neutron.api.rpc.agentnotifiers.dhcp_rpc_agent_api.DhcpAgentNotifyAPI._native_event_send_dhcp_notification-767251', 'neutron.db.l3_db._notify_routers_callback--9223363275422892352'] for port, after_delete _notify_loop /usr/lib/python2.7/site-packages/neutron_lib/callbacks/manager.py:167
2018-06-30 04:30:40.793 8024 DEBUG oslo_concurrency.lockutils [-] Lock "event-dispatch" acquired by "neutron.plugins.ml2.ovo_rpc.dispatch_events" :: waited 0.000s inner /usr/lib/python2.7/site-packages/oslo_concurrency/lockutils.py:270
2018-06-30 04:30:40.925 8024 DEBUG neutron.api.rpc.handlers.resources_rpc [req-0d3a5952-1535-42e4-b6a4-c66bc2d644bc a36a9c1fc73d434792953fbc5158439c ead43555ee054f7ca3ba8ba9689795b9 - - -] neutron.api.rpc.handlers.resources_rpc.ResourcesPushRpcApi method push called with arguments (<neutron_lib.context.Context object at 0x7f7edf2ba2d0>, [Port(admin_state_up=<?>,allowed_address_pairs=<?>,binding=<?>,binding_levels=<?>,created_at=<?>,data_plane_status=<?>,description=<?>,device_id=<?>,device_owner=<?>,dhcp_options=<?>,distributed_binding=<?>,dns=<?>,fixed_ips=<?>,id=b715f60b-23f1-4cb0-9bc2-bc08af9ae517,mac_address=<?>,name=<?>,network_id=<?>,project_id=<?>,qos_policy_id=None,revision_number=<?>,security=<?>,security_group_ids=None,status=<?>,updated_at=<?>)], 'deleted') {} wrapper /usr/lib/python2.7/site-packages/oslo_log/helpers.py:66
2018-06-30 04:30:40.959 8024 DEBUG neutron.api.rpc.callbacks.version_manager [req-0d3a5952-1535-42e4-b6a4-c66bc2d644bc a36a9c1fc73d434792953fbc5158439c ead43555ee054f7ca3ba8ba9689795b9 - - -] Version for resource type Subnet changed None to 1.0 on consumer Open vSwitch agent@localhost.localdomain _set_version /usr/lib/python2.7/site-packages/neutron/api/rpc/callbacks/version_manager.py:119
2018-06-30 04:30:40.960 8024 DEBUG neutron.api.rpc.callbacks.version_manager [req-0d3a5952-1535-42e4-b6a4-c66bc2d644bc a36a9c1fc73d434792953fbc5158439c ead43555ee054f7ca3ba8ba9689795b9 - - -] Version for resource type Network changed None to 1.0 on consumer Open vSwitch agent@localhost.localdomain _set_version /usr/lib/python2.7/site-packages/neutron/api/rpc/callbacks/version_manager.py:119
2018-06-30 04:30:40.961 8024 DEBUG neutron.api.rpc.callbacks.version_manager [req-0d3a5952-1535-42e4-b6a4-c66bc2d644bc a36a9c1fc73d434792953fbc5158439c ead43555ee054f7ca3ba8ba9689795b9 - - -] Version for resource type SubPort changed None to 1.0 on consumer Open vSwitch agent@localhost.localdomain _set_version /usr/lib/python2.7/site-packages/neutron/api/rpc/callbacks/version_manager.py:119
2018-06-30 04:30:40.962 8024 DEBUG neutron.api.rpc.callbacks.version_manager [req-0d3a5952-1535-42e4-b6a4-c66bc2d644bc a36a9c1fc73d434792953fbc5158439c ead43555ee054f7ca3ba8ba9689795b9 - - -] Version for resource type SecurityGroup changed None to 1.0 on consumer Open vSwitch agent@localhost.localdomain _set_version /usr/lib/python2.7/site-packages/neutron/api/rpc/callbacks/version_manager.py:119
2018-06-30 04:30:40.962 8024 DEBUG neutron.api.rpc.callbacks.version_manager [req-0d3a5952-1535-42e4-b6a4-c66bc2d644bc a36a9c1fc73d434792953fbc5158439c ead43555ee054f7ca3ba8ba9689795b9 - - -] Version for resource type SecurityGroupRule changed None to 1.0 on consumer Open vSwitch agent@localhost.localdomain _set_version /usr/lib/python2.7/site-packages/neutron/api/rpc/callbacks/version_manager.py:119
2018-06-30 04:30:40.963 8024 DEBUG neutron.api.rpc.callbacks.version_manager [req-0d3a5952-1535-42e4-b6a4-c66bc2d644bc a36a9c1fc73d434792953fbc5158439c ead43555ee054f7ca3ba8ba9689795b9 - - -] Version for resource type Trunk changed None to 1.1 on consumer Open vSwitch agent@localhost.localdomain _set_version /usr/lib/python2.7/site-packages/neutron/api/rpc/callbacks/version_manager.py:119
2018-06-30 04:30:40.964 8024 DEBUG neutron.api.rpc.callbacks.version_manager [req-0d3a5952-1535-42e4-b6a4-c66bc2d644bc a36a9c1fc73d434792953fbc5158439c ead43555ee054f7ca3ba8ba9689795b9 - - -] Version for resource type QosPolicy changed None to 1.6 on consumer Open vSwitch agent@localhost.localdomain _set_version /usr/lib/python2.7/site-packages/neutron/api/rpc/callbacks/version_manager.py:119
2018-06-30 04:30:40.964 8024 DEBUG neutron.api.rpc.callbacks.version_manager [req-0d3a5952-1535-42e4-b6a4-c66bc2d644bc a36a9c1fc73d434792953fbc5158439c ead43555ee054f7ca3ba8ba9689795b9 - - -] Version for resource type Port changed None to 1.1 on consumer Open vSwitch agent@localhost.localdomain _set_version /usr/lib/python2.7/site-packages/neutron/api/rpc/callbacks/version_manager.py:119
2018-06-30 04:30:40.965 8024 DEBUG neutron.api.rpc.callbacks.version_manager [req-0d3a5952-1535-42e4-b6a4-c66bc2d644bc a36a9c1fc73d434792953fbc5158439c ead43555ee054f7ca3ba8ba9689795b9 - - -] Version for resource type Log changed None to 1.0 on consumer Open vSwitch agent@localhost.localdomain _set_version /usr/lib/python2.7/site-packages/neutron/api/rpc/callbacks/version_manager.py:119
2018-06-30 04:30:41.079 8024 DEBUG oslo_concurrency.lockutils [req-0d3a5952-1535-42e4-b6a4-c66bc2d644bc a36a9c1fc73d434792953fbc5158439c ead43555ee054f7ca3ba8ba9689795b9 - - -] Lock "event-dispatch" released by "neutron.plugins.ml2.ovo_rpc.dispatch_events" :: held 0.286s inner /usr/lib/python2.7/site-packages/oslo_concurrency/lockutils.py:282
2018-06-30 04:30:42.065 8024 DEBUG neutron.scheduler.l3_agent_scheduler [req-0d3a5952-1535-42e4-b6a4-c66bc2d644bc a36a9c1fc73d434792953fbc5158439c ead43555ee054f7ca3ba8ba9689795b9 - 80650973b4ec44bfb9e5d52e3a4d35e9 80650973b4ec44bfb9e5d52e3a4d35e9] Router 860516b5-c6f2-4909-927d-114492d77207 has already been hosted by L3 agent 9de63611-f1b0-4194-a76c-11d015d282db _get_candidates /usr/lib/python2.7/site-packages/neutron/scheduler/l3_agent_scheduler.py:141
2018-06-30 04:30:42.319 8024 DEBUG neutron.api.rpc.agentnotifiers.l3_rpc_agent_api [req-0d3a5952-1535-42e4-b6a4-c66bc2d644bc a36a9c1fc73d434792953fbc5158439c ead43555ee054f7ca3ba8ba9689795b9 - 80650973b4ec44bfb9e5d52e3a4d35e9 80650973b4ec44bfb9e5d52e3a4d35e9] Notify agent at l3_agent.localhost.localdomain the message routers_updated _agent_notification /usr/lib/python2.7/site-packages/neutron/api/rpc/agentnotifiers/l3_rpc_agent_api.py:69
2018-06-30 04:30:42.375 8024 DEBUG neutron.quota.resource [req-0d3a5952-1535-42e4-b6a4-c66bc2d644bc a36a9c1fc73d434792953fbc5158439c ead43555ee054f7ca3ba8ba9689795b9 - 80650973b4ec44bfb9e5d52e3a4d35e9 80650973b4ec44bfb9e5d52e3a4d35e9] Persisted dirty status for tenant:ead43555ee054f7ca3ba8ba9689795b9 on resource:floatingip mark_dirty /usr/lib/python2.7/site-packages/neutron/quota/resource.py:207
2018-06-30 04:30:42.397 8024 DEBUG neutron.quota.resource [req-0d3a5952-1535-42e4-b6a4-c66bc2d644bc a36a9c1fc73d434792953fbc5158439c ead43555ee054f7ca3ba8ba9689795b9 - 80650973b4ec44bfb9e5d52e3a4d35e9 80650973b4ec44bfb9e5d52e3a4d35e9] Persisted dirty status for tenant: on resource:port mark_dirty /usr/lib/python2.7/site-packages/neutron/quota/resource.py:207
2018-06-30 04:30:42.406 8024 DEBUG neutron_lib.callbacks.manager [req-0d3a5952-1535-42e4-b6a4-c66bc2d644bc a36a9c1fc73d434792953fbc5158439c ead43555ee054f7ca3ba8ba9689795b9 - 80650973b4ec44bfb9e5d52e3a4d35e9 80650973b4ec44bfb9e5d52e3a4d35e9] Notify callbacks ['neutron.notifiers.nova.Notifier._send_nova_notification--9223372036854746152'] for floatingip, before_response _notify_loop /usr/lib/python2.7/site-packages/neutron_lib/callbacks/manager.py:167
2018-06-30 04:30:42.572 8024 INFO neutron.wsgi [req-0d3a5952-1535-42e4-b6a4-c66bc2d644bc a36a9c1fc73d434792953fbc5158439c ead43555ee054f7ca3ba8ba9689795b9 - 80650973b4ec44bfb9e5d52e3a4d35e9 80650973b4ec44bfb9e5d52e3a4d35e9] 10.0.20.25 "DELETE /v2.0/floatingips/ae184429-7ef7-4ad5-996d-015f3317b413 HTTP/1.1" status: 204  len: 173 time: 2.8164139
2018-06-30 04:30:42.574 8024 DEBUG oslo_concurrency.lockutils [-] Lock "notifier-755f5d28-f065-49da-80f8-fb89c05b1cc7" acquired by "neutron.notifiers.batch_notifier.synced_send" :: waited 0.000s inner /usr/lib/python2.7/site-packages/oslo_concurrency/lockutils.py:270
2018-06-30 04:30:42.574 8024 DEBUG neutron.notifiers.nova [-] Sending events: [{'tag': u'81dda611-50bd-421b-8b31-9c26e76b4062', 'name': 'network-changed', 'server_uuid': u'488bd4b5-bebc-4421-939d-6248e13e470c'}] send_events /usr/lib/python2.7/site-packages/neutron/notifiers/nova.py:242
2018-06-30 04:30:42.760 8032 DEBUG neutron.db.l3_hamode_db [req-6beb10c5-7c09-412f-a8a4-e7cdc7af80e7 - - - - -] neutron.services.l3_router.l3_router_plugin.L3RouterPlugin method get_ha_sync_data_for_host called with arguments (<neutron_lib.context.Context object at 0x7f7ee00f8c50>, u'localhost.localdomain', <neutron.db.models.agent.Agent[object at 7f7edf27c7d0] {id=u'9de63611-f1b0-4194-a76c-11d015d282db', agent_type=u'L3 agent', binary=u'neutron-l3-agent', topic=u'l3_agent', host=u'localhost.localdomain', availability_zone=u'nova', admin_state_up=True, created_at=datetime.datetime(2018, 6, 7, 12, 43, 41), started_at=datetime.datetime(2018, 6, 30, 2, 15, 46), heartbeat_timestamp=datetime.datetime(2018, 6, 30, 2, 30, 16), description=None, configurations=u'{"agent_mode": "legacy", "gateway_external_network_id": "", "handle_internal_only_routers": true, "routers": 2, "interfaces": 2, "floating_ips": 1, "interface_driver": "neutron.agent.linux.interface.OVSInterfaceDriver", "log_agent_heartbeats": false, "external_network_bridge": "", "ex_gw_ports": 2}', resource_versions=None, load=0}>) {'active': True, 'router_ids': ['860516b5-c6f2-4909-927d-114492d77207']} wrapper /usr/lib/python2.7/site-packages/oslo_log/helpers.py:66
2018-06-30 04:30:43.535 8032 DEBUG neutron.db.l3_hamode_db [req-6beb10c5-7c09-412f-a8a4-e7cdc7af80e7 - - - - -] neutron.services.l3_router.l3_router_plugin.L3RouterPlugin method _process_sync_ha_data called with arguments (<neutron_lib.context.Context object at 0x7f7ee00f8c50>, [{'status': u'ACTIVE', '_interfaces': [{'status': u'ACTIVE', 'subnets': [{'dns_nameservers': [u'8.8.4.4'], 'ipv6_ra_mode': None, 'gateway_ip': u'11.217.1.1', 'cidr': u'11.217.1.0/24', 'id': u'd6088c43-7e9b-444e-a5cc-df0e449dc2c3', 'subnetpool_id': None}], 'binding:host_id': u'localhost.localdomain', 'description': u'', 'allowed_address_pairs': [], 'tags': [], 'extra_dhcp_opts': [], 'updated_at': '2018-06-30T02:25:14Z', 'device_owner': u'network:router_interface', 'revision_number': 7, 'port_security_enabled': False, 'binding:profile': {}, 'mtu': 1450, 'fixed_ips': [{'subnet_id': u'd6088c43-7e9b-444e-a5cc-df0e449dc2c3', 'prefixlen': 24, 'ip_address': u'11.217.1.1'}], 'id': u'55cb631d-ca2f-4d5f-aead-34fa73aa2113', 'security_groups': [], 'device_id': u'860516b5-c6f2-4909-927d-114492d77207', 'name': u'', 'admin_state_up': True, 'network_id': u'80ace80d-5081-4d8e-97c8-606a3c760ea5', 'tenant_id': u'ead43555ee054f7ca3ba8ba9689795b9', 'binding:vif_details': {u'port_filter': True, u'datapath_type': u'system', u'ovs_hybrid_plug': True}, 'address_scopes': {4: None, 6: None}, 'binding:vnic_type': u'normal', 'binding:vif_type': u'ovs', 'mac_address': u'fa:16:3e:bc:0d:e1', 'project_id': u'ead43555ee054f7ca3ba8ba9689795b9', 'extra_subnets': [], 'created_at': '2018-06-30T02:25:04Z'}], 'enable_snat': True, 'ha_vr_id': 0, 'description': u'', 'tags': [], 'gw_port': {'status': u'ACTIVE', 'subnets': [{'dns_nameservers': [], 'ipv6_ra_mode': None, 'gateway_ip': u'172.24.4.1', 'cidr': u'172.24.4.0/24', 'id': u'4c4b2f34-8d32-4a55-b583-46e460575449', 'subnetpool_id': None}], 'binding:host_id': u'localhost.localdomain', 'description': u'', 'allowed_address_pairs': [], 'tags': [], 'extra_dhcp_opts': [], 'updated_at': '2018-06-30T02:25:28Z', 'device_owner': u'network:router_gateway', 'revision_number': 6, 'port_security_enabled': False, 'binding:profile': {}, 'mtu': 1500, 'fixed_ips': [{'subnet_id': u'4c4b2f34-8d32-4a55-b583-46e460575449', 'prefixlen': 24, 'ip_address': u'172.24.4.9'}], 'id': u'486ea6c8-fd56-4fbc-9714-58f5afe88e3f', 'security_groups': [], 'device_id': u'860516b5-c6f2-4909-927d-114492d77207', 'name': u'', 'admin_state_up': True, 'network_id': u'bccef923-8280-488c-84aa-955d7841d8ff', 'tenant_id': u'', 'binding:vif_details': {u'port_filter': True, u'datapath_type': u'system', u'ovs_hybrid_plug': True}, 'address_scopes': {4: None, 6: None}, 'binding:vnic_type': u'normal', 'binding:vif_type': u'ovs', 'mac_address': u'fa:16:3e:57:fe:d6', 'project_id': u'', 'extra_subnets': [], 'created_at': '2018-06-30T02:25:19Z'}, 'updated_at': '2018-06-30T02:25:22Z', 'revision_number': 3, 'ha': False, 'id': u'860516b5-c6f2-4909-927d-114492d77207', 'gw_port_host': u'localhost.localdomain', 'external_gateway_info': {'network_id': u'bccef923-8280-488c-84aa-955d7841d8ff', 'enable_snat': True, 'external_fixed_ips': [{'subnet_id': u'4c4b2f34-8d32-4a55-b583-46e460575449', 'ip_address': u'172.24.4.9'}]}, 'availability_zone_hints': [], 'availability_zones': [u'nova'], 'name': u'tempest-router-1530325301', 'gw_port_id': u'486ea6c8-fd56-4fbc-9714-58f5afe88e3f', 'admin_state_up': True, 'tenant_id': u'ead43555ee054f7ca3ba8ba9689795b9', 'created_at': '2018-06-30T02:24:42Z', 'distributed': False, 'flavor_id': None, 'routes': [], 'project_id': u'ead43555ee054f7ca3ba8ba9689795b9'}], u'localhost.localdomain', False) {} wrapper /usr/lib/python2.7/site-packages/oslo_log/helpers.py:66
2018-06-30 04:30:43.546 8032 DEBUG neutron.api.rpc.handlers.l3_rpc [req-6beb10c5-7c09-412f-a8a4-e7cdc7af80e7 - - - - -] Checking router: 860516b5-c6f2-4909-927d-114492d77207 for host: localhost.localdomain _ensure_host_set_on_ports /usr/lib/python2.7/site-packages/neutron/api/rpc/handlers/l3_rpc.py:135
2018-06-30 04:30:43.602 8024 DEBUG novaclient.v2.client [-] REQ: curl -g -i -X POST http://10.0.20.25:8774/v2.1/910acf3b84b64f358e48f506530f7cb1/os-server-external-events -H "User-Agent: python-novaclient" -H "Content-Type: application/json" -H "Accept: application/json" -H "X-OpenStack-Nova-API-Version: 2.1" -H "X-Auth-Token: {SHA1}c0265934528499c1ce5bd455c4e40032fc8b6a08" -d '{"events": [{"tag": "81dda611-50bd-421b-8b31-9c26e76b4062", "name": "network-changed", "server_uuid": "488bd4b5-bebc-4421-939d-6248e13e470c"}]}' _http_log_request /usr/lib/python2.7/site-packages/keystoneauth1/session.py:375
2018-06-30 04:30:43.748 8041 DEBUG neutron.api.rpc.handlers.l3_rpc [req-dbdee01e-daeb-4ffc-9a0b-b396d89e15b2 - - - - -] New status for floating IP ae184429-7ef7-4ad5-996d-015f3317b413: DOWN update_floatingip_statuses /usr/lib/python2.7/site-packages/neutron/api/rpc/handlers/l3_rpc.py:252
2018-06-30 04:30:44.192 8024 DEBUG novaclient.v2.client [-] RESP: [200] Content-Length: 179 Content-Type: application/json Openstack-Api-Version: compute 2.1 X-Openstack-Nova-Api-Version: 2.1 Vary: OpenStack-API-Version, X-OpenStack-Nova-API-Version X-Openstack-Request-Id: req-a0040462-4aba-4c2e-aeec-8d240b1e31ff X-Compute-Request-Id: req-a0040462-4aba-4c2e-aeec-8d240b1e31ff Date: Sat, 30 Jun 2018 02:30:44 GMT Connection: keep-alive 
RESP BODY: {"events": [{"status": "completed", "tag": "81dda611-50bd-421b-8b31-9c26e76b4062", "name": "network-changed", "server_uuid": "488bd4b5-bebc-4421-939d-6248e13e470c", "code": 200}]}
 _http_log_response /usr/lib/python2.7/site-packages/keystoneauth1/session.py:423
2018-06-30 04:30:44.192 8024 DEBUG novaclient.v2.client [-] POST call to compute for http://10.0.20.25:8774/v2.1/910acf3b84b64f358e48f506530f7cb1/os-server-external-events used request id req-a0040462-4aba-4c2e-aeec-8d240b1e31ff request /usr/lib/python2.7/site-packages/keystoneauth1/session.py:727
2018-06-30 04:30:44.205 8024 INFO neutron.notifiers.nova [-] Nova event response: {u'status': u'completed', u'tag': u'81dda611-50bd-421b-8b31-9c26e76b4062', u'name': u'network-changed', u'server_uuid': u'488bd4b5-bebc-4421-939d-6248e13e470c', u'code': 200}
2018-06-30 04:30:44.368 8027 INFO neutron.wsgi [req-745b8f32-d3ed-4f95-907e-b257d5db6358 db7e024eefa34f0d9525ad1ee1475527 910acf3b84b64f358e48f506530f7cb1 - default default] 10.0.20.25 "GET /v2.0/ports?tenant_id=ead43555ee054f7ca3ba8ba9689795b9&device_id=488bd4b5-bebc-4421-939d-6248e13e470c HTTP/1.1" status: 200  len: 1124 time: 0.1342030
2018-06-30 04:30:44.722 8027 DEBUG neutron.pecan_wsgi.hooks.policy_enforcement [req-181b50a7-7457-44d7-b0ab-faed59a449ec db7e024eefa34f0d9525ad1ee1475527 910acf3b84b64f358e48f506530f7cb1 - default default] Attributes excluded by policy engine: [u'vlan_transparent'] _exclude_attributes_by_policy /usr/lib/python2.7/site-packages/neutron/pecan_wsgi/hooks/policy_enforcement.py:256
2018-06-30 04:30:44.726 8027 INFO neutron.wsgi [req-181b50a7-7457-44d7-b0ab-faed59a449ec db7e024eefa34f0d9525ad1ee1475527 910acf3b84b64f358e48f506530f7cb1 - default default] 10.0.20.25 "GET /v2.0/networks?id=80ace80d-5081-4d8e-97c8-606a3c760ea5 HTTP/1.1" status: 200  len: 885 time: 0.3492429
2018-06-30 04:30:44.793 8027 INFO neutron.wsgi [req-602218f6-5b88-42c3-8cd3-f6185d2b2e4d db7e024eefa34f0d9525ad1ee1475527 910acf3b84b64f358e48f506530f7cb1 - default default] 10.0.20.25 "GET /v2.0/floatingips?fixed_ip_address=11.217.1.5&port_id=81dda611-50bd-421b-8b31-9c26e76b4062 HTTP/1.1" status: 200  len: 217 time: 0.0587890
2018-06-30 04:30:44.987 8027 DEBUG neutron.pecan_wsgi.hooks.policy_enforcement [req-308c9398-8c8f-405b-9c07-011552d1902d db7e024eefa34f0d9525ad1ee1475527 910acf3b84b64f358e48f506530f7cb1 - default default] Attributes excluded by policy engine: [u'shared'] _exclude_attributes_by_policy /usr/lib/python2.7/site-packages/neutron/pecan_wsgi/hooks/policy_enforcement.py:256
2018-06-30 04:30:44.990 8027 INFO neutron.wsgi [req-308c9398-8c8f-405b-9c07-011552d1902d db7e024eefa34f0d9525ad1ee1475527 910acf3b84b64f358e48f506530f7cb1 - default default] 10.0.20.25 "GET /v2.0/subnets?id=d6088c43-7e9b-444e-a5cc-df0e449dc2c3 HTTP/1.1" status: 200  len: 847 time: 0.1878271
2018-06-30 04:30:45.130 8027 INFO neutron.wsgi [req-a142d6c2-ccc7-4b6d-82f6-316d99215ceb db7e024eefa34f0d9525ad1ee1475527 910acf3b84b64f358e48f506530f7cb1 - default default] 10.0.20.25 "GET /v2.0/ports?network_id=80ace80d-5081-4d8e-97c8-606a3c760ea5&device_owner=network%3Adhcp HTTP/1.1" status: 200  len: 1128 time: 0.1326079
2018-06-30 04:30:46.053 8037 DEBUG neutron_lib.callbacks.manager [req-7d1ba34e-ae46-4480-8f1a-c11050ea2960 - - - - -] Notify callbacks ['neutron.services.segments.db._update_segment_host_mapping_for_agent-8761431704882'] for agent, after_update _notify_loop /usr/lib/python2.7/site-packages/neutron_lib/callbacks/manager.py:167
2018-06-30 04:30:46.208 8024 DEBUG oslo_concurrency.lockutils [-] Lock "notifier-755f5d28-f065-49da-80f8-fb89c05b1cc7" released by "neutron.notifiers.batch_notifier.synced_send" :: held 3.634s inner /usr/lib/python2.7/site-packages/oslo_concurrency/lockutils.py:282
2018-06-30 04:30:48.322 8030 INFO neutron.wsgi [req-d2e8bdb6-6bec-4a61-9059-b7bee036712d 0508a2373b814911b1d6723f2f75b8cd 910acf3b84b64f358e48f506530f7cb1 - default default] 10.0.20.25 "GET /v2.0/ports?device_id=488bd4b5-bebc-4421-939d-6248e13e470c HTTP/1.1" status: 200  len: 1124 time: 0.1809561
2018-06-30 04:30:48.472 8030 INFO neutron.wsgi [req-abe7bbf5-64e4-476a-87eb-13f47181206e 0508a2373b814911b1d6723f2f75b8cd 910acf3b84b64f358e48f506530f7cb1 - default default] 10.0.20.25 "GET /v2.0/security-groups?id=436de122-4b73-4c75-9dc2-eb8ceb95c45e HTTP/1.1" status: 200  len: 2118 time: 0.1434340
2018-06-30 04:30:49.929 8038 DEBUG neutron_lib.callbacks.manager [req-1ea82e8c-fd0c-445b-9c8f-ed8b501b1d5f - - - - -] Notify callbacks ['neutron.services.segments.db._update_segment_host_mapping_for_agent-8761431704882'] for agent, after_update _notify_loop /usr/lib/python2.7/site-packages/neutron_lib/callbacks/manager.py:167
2018-06-30 04:30:52.048 8030 INFO neutron.wsgi [req-dbafb581-364e-4f08-b3c4-052e3f8fa711 82758ee9dbed4bdf919e32bc6135cc36 f7db0ec7eef2499fb14973cea9da1187 - default default] 10.0.20.25 "GET /v2.0/ports?device_id=488bd4b5-bebc-4421-939d-6248e13e470c HTTP/1.1" status: 200  len: 1124 time: 1.5492589
2018-06-30 04:30:52.220 8030 INFO neutron.wsgi [req-40c36e4d-c840-4190-9e2e-c0bf40cde3ec 82758ee9dbed4bdf919e32bc6135cc36 f7db0ec7eef2499fb14973cea9da1187 - default default] 10.0.20.25 "GET /v2.0/security-groups?id=436de122-4b73-4c75-9dc2-eb8ceb95c45e HTTP/1.1" status: 200  len: 2118 time: 0.1638322
2018-06-30 04:30:54.271 8027 INFO neutron.wsgi [req-58a18080-cad2-4298-ba9d-482312a20a90 db7e024eefa34f0d9525ad1ee1475527 910acf3b84b64f358e48f506530f7cb1 - default default] 10.0.20.25 "GET /v2.0/ports?tenant_id=ead43555ee054f7ca3ba8ba9689795b9&device_id=488bd4b5-bebc-4421-939d-6248e13e470c HTTP/1.1" status: 200  len: 1124 time: 0.7201619
2018-06-30 04:30:54.592 8027 DEBUG neutron.pecan_wsgi.hooks.policy_enforcement [req-ec5569d7-854b-4eb6-b990-7a0429956858 db7e024eefa34f0d9525ad1ee1475527 910acf3b84b64f358e48f506530f7cb1 - default default] Attributes excluded by policy engine: [u'vlan_transparent'] _exclude_attributes_by_policy /usr/lib/python2.7/site-packages/neutron/pecan_wsgi/hooks/policy_enforcement.py:256
2018-06-30 04:30:54.596 8027 INFO neutron.wsgi [req-ec5569d7-854b-4eb6-b990-7a0429956858 db7e024eefa34f0d9525ad1ee1475527 910acf3b84b64f358e48f506530f7cb1 - default default] 10.0.20.25 "GET /v2.0/networks?id=80ace80d-5081-4d8e-97c8-606a3c760ea5 HTTP/1.1" status: 200  len: 885 time: 0.3174860
2018-06-30 04:30:54.668 8027 INFO neutron.wsgi [req-f1f0b39c-be8e-4d8f-81e0-34c149c2f994 db7e024eefa34f0d9525ad1ee1475527 910acf3b84b64f358e48f506530f7cb1 - default default] 10.0.20.25 "GET /v2.0/floatingips?fixed_ip_address=11.217.1.5&port_id=81dda611-50bd-421b-8b31-9c26e76b4062 HTTP/1.1" status: 200  len: 217 time: 0.0601299
2018-06-30 04:30:54.864 8027 DEBUG neutron.pecan_wsgi.hooks.policy_enforcement [req-4c83bdad-991d-4ec4-9d3b-df1a57659791 db7e024eefa34f0d9525ad1ee1475527 910acf3b84b64f358e48f506530f7cb1 - default default] Attributes excluded by policy engine: [u'shared'] _exclude_attributes_by_policy /usr/lib/python2.7/site-packages/neutron/pecan_wsgi/hooks/policy_enforcement.py:256
2018-06-30 04:30:54.868 8027 INFO neutron.wsgi [req-4c83bdad-991d-4ec4-9d3b-df1a57659791 db7e024eefa34f0d9525ad1ee1475527 910acf3b84b64f358e48f506530f7cb1 - default default] 10.0.20.25 "GET /v2.0/subnets?id=d6088c43-7e9b-444e-a5cc-df0e449dc2c3 HTTP/1.1" status: 200  len: 847 time: 0.1884060
2018-06-30 04:30:55.027 8027 INFO neutron.wsgi [req-5ffbabf2-c6bb-46ab-bf6c-75912c029f2e db7e024eefa34f0d9525ad1ee1475527 910acf3b84b64f358e48f506530f7cb1 - default default] 10.0.20.25 "GET /v2.0/ports?network_id=80ace80d-5081-4d8e-97c8-606a3c760ea5&device_owner=network%3Adhcp HTTP/1.1" status: 200  len: 1128 time: 0.1503999
2018-06-30 04:31:01.630 8028 INFO neutron.wsgi [req-69b7c646-70c6-424f-874d-a48acaec2456 82758ee9dbed4bdf919e32bc6135cc36 f7db0ec7eef2499fb14973cea9da1187 - default default] 10.0.20.25 "GET /v2.0/ports?device_id=488bd4b5-bebc-4421-939d-6248e13e470c HTTP/1.1" status: 200  len: 1124 time: 0.8783531
2018-06-30 04:31:01.813 8028 INFO neutron.wsgi [req-3da31315-6a9e-41d1-ac5b-863507230633 82758ee9dbed4bdf919e32bc6135cc36 f7db0ec7eef2499fb14973cea9da1187 - default default] 10.0.20.25 "GET /v2.0/security-groups?id=436de122-4b73-4c75-9dc2-eb8ceb95c45e HTTP/1.1" status: 200  len: 2118 time: 0.1723049
2018-06-30 04:31:04.200 8037 DEBUG neutron.plugins.ml2.rpc [req-1ea82e8c-fd0c-445b-9c8f-ed8b501b1d5f - - - - -] Device 81dda611-50bd-421b-8b31-9c26e76b4062 no longer exists at agent ovs-agent-localhost.localdomain update_device_down /usr/lib/python2.7/site-packages/neutron/plugins/ml2/rpc.py:213
2018-06-30 04:31:04.384 8037 DEBUG neutron_lib.callbacks.manager [req-1ea82e8c-fd0c-445b-9c8f-ed8b501b1d5f - - - - -] Notify callbacks ['neutron.plugins.ml2.plugin.Ml2Plugin._ensure_default_security_group_handler--9223372036852953248'] for port, before_update _notify_loop /usr/lib/python2.7/site-packages/neutron_lib/callbacks/manager.py:167
2018-06-30 04:31:04.469 8037 DEBUG oslo_concurrency.lockutils [-] Lock "notifier-755f5d28-f065-49da-80f8-fb89c05b1cc7" acquired by "neutron.notifiers.batch_notifier.synced_send" :: waited 0.000s inner /usr/lib/python2.7/site-packages/oslo_concurrency/lockutils.py:270
2018-06-30 04:31:04.470 8037 DEBUG neutron.notifiers.nova [-] Sending events: [{'status': 'completed', 'tag': u'81dda611-50bd-421b-8b31-9c26e76b4062', 'name': 'network-vif-unplugged', 'server_uuid': u'488bd4b5-bebc-4421-939d-6248e13e470c'}] send_events /usr/lib/python2.7/site-packages/neutron/notifiers/nova.py:242
2018-06-30 04:31:04.484 8037 DEBUG neutron.plugins.ml2.db [req-1ea82e8c-fd0c-445b-9c8f-ed8b501b1d5f - - - - -] For port 81dda611-50bd-421b-8b31-9c26e76b4062, host localhost.localdomain, got binding levels [<neutron.plugins.ml2.models.PortBindingLevel[object at 7f7edf304c90] {port_id=u'81dda611-50bd-421b-8b31-9c26e76b4062', host=u'localhost.localdomain', level=0, driver=u'openvswitch', segment_id=u'd2f7284d-9c05-4c3d-a0ff-c1bcbeaf0164'}>] get_binding_levels /usr/lib/python2.7/site-packages/neutron/plugins/ml2/db.py:106
2018-06-30 04:31:04.501 8037 DEBUG neutron_lib.callbacks.manager [req-1ea82e8c-fd0c-445b-9c8f-ed8b501b1d5f - - - - -] Notify callbacks ['neutron.plugins.ml2.plugin.Ml2Plugin.notify_sg_on_port_change-1822685', 'neutron.plugins.ml2.ovo_rpc._ObjectChangeHandler.handle_event-610850', 'neutron.db.l3_hascheduler_db._notify_l3_agent_ha_port_update-8761431343651', 'neutron.api.rpc.agentnotifiers.dhcp_rpc_agent_api.DhcpAgentNotifyAPI._native_event_send_dhcp_notification-767251', 'neutron.db.l3_dvrscheduler_db._notify_l3_agent_port_update--9223363275423432753'] for port, after_update _notify_loop /usr/lib/python2.7/site-packages/neutron_lib/callbacks/manager.py:167
2018-06-30 04:31:04.530 8037 DEBUG oslo_concurrency.lockutils [-] Lock "event-dispatch" acquired by "neutron.plugins.ml2.ovo_rpc.dispatch_events" :: waited 0.000s inner /usr/lib/python2.7/site-packages/oslo_concurrency/lockutils.py:270
2018-06-30 04:31:04.606 8041 DEBUG neutron.db.agents_db [req-4ca802b4-f0de-49fb-adac-ebfb8bd0234e - - - - -] Agent healthcheck: found 5 active agents agent_health_check /usr/lib/python2.7/site-packages/neutron/db/agents_db.py:281
2018-06-30 04:31:04.668 8037 DEBUG neutron.api.rpc.handlers.resources_rpc [req-1ea82e8c-fd0c-445b-9c8f-ed8b501b1d5f - - - - -] neutron.api.rpc.handlers.resources_rpc.ResourcesPushRpcApi method push called with arguments (<neutron_lib.context.Context object at 0x7f7edf787590>, [Port(admin_state_up=True,allowed_address_pairs=[],binding=PortBinding,binding_levels=[PortBindingLevel],created_at=2018-06-30T02:25:49Z,data_plane_status=<?>,description='',device_id='488bd4b5-bebc-4421-939d-6248e13e470c',device_owner='compute:nova',dhcp_options=[],distributed_binding=None,dns=None,fixed_ips=[IPAllocation],id=81dda611-50bd-421b-8b31-9c26e76b4062,mac_address=fa:16:3e:a0:eb:9e,name='',network_id=80ace80d-5081-4d8e-97c8-606a3c760ea5,project_id='ead43555ee054f7ca3ba8ba9689795b9',qos_policy_id=None,revision_number=9,security=PortSecurity(81dda611-50bd-421b-8b31-9c26e76b4062),security_group_ids=set([436de122-4b73-4c75-9dc2-eb8ceb95c45e]),status='DOWN',updated_at=2018-06-30T02:31:04Z)], 'updated') {} wrapper /usr/lib/python2.7/site-packages/oslo_log/helpers.py:66
2018-06-30 04:31:04.683 8037 DEBUG neutron.api.rpc.callbacks.version_manager [req-1ea82e8c-fd0c-445b-9c8f-ed8b501b1d5f - - - - -] Version for resource type Subnet changed None to 1.0 on consumer Open vSwitch agent@localhost.localdomain _set_version /usr/lib/python2.7/site-packages/neutron/api/rpc/callbacks/version_manager.py:119
2018-06-30 04:31:04.684 8037 DEBUG neutron.api.rpc.callbacks.version_manager [req-1ea82e8c-fd0c-445b-9c8f-ed8b501b1d5f - - - - -] Version for resource type Network changed None to 1.0 on consumer Open vSwitch agent@localhost.localdomain _set_version /usr/lib/python2.7/site-packages/neutron/api/rpc/callbacks/version_manager.py:119
2018-06-30 04:31:04.685 8037 DEBUG neutron.api.rpc.callbacks.version_manager [req-1ea82e8c-fd0c-445b-9c8f-ed8b501b1d5f - - - - -] Version for resource type SubPort changed None to 1.0 on consumer Open vSwitch agent@localhost.localdomain _set_version /usr/lib/python2.7/site-packages/neutron/api/rpc/callbacks/version_manager.py:119
2018-06-30 04:31:04.686 8037 DEBUG neutron.api.rpc.callbacks.version_manager [req-1ea82e8c-fd0c-445b-9c8f-ed8b501b1d5f - - - - -] Version for resource type SecurityGroup changed None to 1.0 on consumer Open vSwitch agent@localhost.localdomain _set_version /usr/lib/python2.7/site-packages/neutron/api/rpc/callbacks/version_manager.py:119
2018-06-30 04:31:04.686 8037 DEBUG neutron.api.rpc.callbacks.version_manager [req-1ea82e8c-fd0c-445b-9c8f-ed8b501b1d5f - - - - -] Version for resource type SecurityGroupRule changed None to 1.0 on consumer Open vSwitch agent@localhost.localdomain _set_version /usr/lib/python2.7/site-packages/neutron/api/rpc/callbacks/version_manager.py:119
2018-06-30 04:31:04.687 8037 DEBUG neutron.api.rpc.callbacks.version_manager [req-1ea82e8c-fd0c-445b-9c8f-ed8b501b1d5f - - - - -] Version for resource type Trunk changed None to 1.1 on consumer Open vSwitch agent@localhost.localdomain _set_version /usr/lib/python2.7/site-packages/neutron/api/rpc/callbacks/version_manager.py:119
2018-06-30 04:31:04.688 8037 DEBUG neutron.api.rpc.callbacks.version_manager [req-1ea82e8c-fd0c-445b-9c8f-ed8b501b1d5f - - - - -] Version for resource type QosPolicy changed None to 1.6 on consumer Open vSwitch agent@localhost.localdomain _set_version /usr/lib/python2.7/site-packages/neutron/api/rpc/callbacks/version_manager.py:119
2018-06-30 04:31:04.689 8037 DEBUG neutron.api.rpc.callbacks.version_manager [req-1ea82e8c-fd0c-445b-9c8f-ed8b501b1d5f - - - - -] Version for resource type Port changed None to 1.1 on consumer Open vSwitch agent@localhost.localdomain _set_version /usr/lib/python2.7/site-packages/neutron/api/rpc/callbacks/version_manager.py:119
2018-06-30 04:31:04.690 8037 DEBUG neutron.api.rpc.callbacks.version_manager [req-1ea82e8c-fd0c-445b-9c8f-ed8b501b1d5f - - - - -] Version for resource type Log changed None to 1.0 on consumer Open vSwitch agent@localhost.localdomain _set_version /usr/lib/python2.7/site-packages/neutron/api/rpc/callbacks/version_manager.py:119
2018-06-30 04:31:04.714 8037 DEBUG oslo_concurrency.lockutils [req-1ea82e8c-fd0c-445b-9c8f-ed8b501b1d5f - - - - -] Lock "event-dispatch" released by "neutron.plugins.ml2.ovo_rpc.dispatch_events" :: held 0.184s inner /usr/lib/python2.7/site-packages/oslo_concurrency/lockutils.py:282
2018-06-30 04:31:05.377 8037 DEBUG novaclient.v2.client [-] REQ: curl -g -i -X POST http://10.0.20.25:8774/v2.1/910acf3b84b64f358e48f506530f7cb1/os-server-external-events -H "User-Agent: python-novaclient" -H "Content-Type: application/json" -H "Accept: application/json" -H "X-OpenStack-Nova-API-Version: 2.1" -H "X-Auth-Token: {SHA1}0af854b90142f42cc9d6f3c6d33aa3613649de2e" -d '{"events": [{"status": "completed", "tag": "81dda611-50bd-421b-8b31-9c26e76b4062", "name": "network-vif-unplugged", "server_uuid": "488bd4b5-bebc-4421-939d-6248e13e470c"}]}' _http_log_request /usr/lib/python2.7/site-packages/keystoneauth1/session.py:375
2018-06-30 04:31:05.960 8039 DEBUG neutron_lib.callbacks.manager [req-35e68664-99bc-4a26-aa40-f99b33a4306e - - - - -] Notify callbacks ['neutron.services.segments.db._update_segment_host_mapping_for_agent-8761431704882'] for agent, after_update _notify_loop /usr/lib/python2.7/site-packages/neutron_lib/callbacks/manager.py:167
2018-06-30 04:31:06.020 8040 DEBUG neutron_lib.callbacks.manager [req-e1e024c8-6bb8-4f7b-ac66-f553c983210f - - - - -] Notify callbacks ['neutron.services.segments.db._update_segment_host_mapping_for_agent-8761431704882'] for agent, after_update _notify_loop /usr/lib/python2.7/site-packages/neutron_lib/callbacks/manager.py:167
2018-06-30 04:31:06.057 8037 DEBUG novaclient.v2.client [-] RESP: [200] Content-Length: 185 Content-Type: application/json Openstack-Api-Version: compute 2.1 X-Openstack-Nova-Api-Version: 2.1 Vary: OpenStack-API-Version, X-OpenStack-Nova-API-Version X-Openstack-Request-Id: req-d39d5152-7122-43a4-88ce-3ab9f1e1ab59 X-Compute-Request-Id: req-d39d5152-7122-43a4-88ce-3ab9f1e1ab59 Date: Sat, 30 Jun 2018 02:31:06 GMT Connection: keep-alive 
RESP BODY: {"events": [{"status": "completed", "tag": "81dda611-50bd-421b-8b31-9c26e76b4062", "name": "network-vif-unplugged", "server_uuid": "488bd4b5-bebc-4421-939d-6248e13e470c", "code": 200}]}
 _http_log_response /usr/lib/python2.7/site-packages/keystoneauth1/session.py:423
2018-06-30 04:31:06.058 8037 DEBUG novaclient.v2.client [-] POST call to compute for http://10.0.20.25:8774/v2.1/910acf3b84b64f358e48f506530f7cb1/os-server-external-events used request id req-d39d5152-7122-43a4-88ce-3ab9f1e1ab59 request /usr/lib/python2.7/site-packages/keystoneauth1/session.py:727
2018-06-30 04:31:06.075 8037 INFO neutron.notifiers.nova [-] Nova event response: {u'status': u'completed', u'tag': u'81dda611-50bd-421b-8b31-9c26e76b4062', u'name': u'network-vif-unplugged', u'server_uuid': u'488bd4b5-bebc-4421-939d-6248e13e470c', u'code': 200}
2018-06-30 04:31:06.098 8035 DEBUG neutron_lib.callbacks.manager [req-bf507026-d58f-4e82-9b38-a3bf9957fa8e - - - - -] Notify callbacks ['neutron.services.segments.db._update_segment_host_mapping_for_agent-8761431704882'] for agent, after_update _notify_loop /usr/lib/python2.7/site-packages/neutron_lib/callbacks/manager.py:167
2018-06-30 04:31:06.734 8027 INFO neutron.wsgi [req-1994258d-a57a-4cf4-a5cc-5f550188fd5d 82758ee9dbed4bdf919e32bc6135cc36 f7db0ec7eef2499fb14973cea9da1187 - default default] 10.0.20.25 "GET /v2.0/ports?device_id=488bd4b5-bebc-4421-939d-6248e13e470c HTTP/1.1" status: 200  len: 1122 time: 0.6833410
2018-06-30 04:31:07.068 8027 DEBUG neutron.plugins.ml2.plugin [req-0c2291d0-08dc-4a8e-a87e-16199ed7f7fd 82758ee9dbed4bdf919e32bc6135cc36 f7db0ec7eef2499fb14973cea9da1187 - default default] Deleting port 81dda611-50bd-421b-8b31-9c26e76b4062 _pre_delete_port /usr/lib/python2.7/site-packages/neutron/plugins/ml2/plugin.py:1488
2018-06-30 04:31:07.069 8027 DEBUG neutron_lib.callbacks.manager [req-0c2291d0-08dc-4a8e-a87e-16199ed7f7fd 82758ee9dbed4bdf919e32bc6135cc36 f7db0ec7eef2499fb14973cea9da1187 - default default] Notify callbacks ['neutron.db.l3_db._prevent_l3_port_delete_callback-8761431905766'] for port, before_delete _notify_loop /usr/lib/python2.7/site-packages/neutron_lib/callbacks/manager.py:167
2018-06-30 04:31:07.378 8027 DEBUG neutron.plugins.ml2.db [req-0c2291d0-08dc-4a8e-a87e-16199ed7f7fd 82758ee9dbed4bdf919e32bc6135cc36 f7db0ec7eef2499fb14973cea9da1187 - default default] For port 81dda611-50bd-421b-8b31-9c26e76b4062, host localhost.localdomain, got binding levels [<neutron.plugins.ml2.models.PortBindingLevel[object at 7f7edf823f90] {port_id=u'81dda611-50bd-421b-8b31-9c26e76b4062', host=u'localhost.localdomain', level=0, driver=u'openvswitch', segment_id=u'd2f7284d-9c05-4c3d-a0ff-c1bcbeaf0164'}>] get_binding_levels /usr/lib/python2.7/site-packages/neutron/plugins/ml2/db.py:106
2018-06-30 04:31:07.427 8027 DEBUG neutron.plugins.ml2.plugin [req-0c2291d0-08dc-4a8e-a87e-16199ed7f7fd 82758ee9dbed4bdf919e32bc6135cc36 f7db0ec7eef2499fb14973cea9da1187 - default default] Calling delete_port for 81dda611-50bd-421b-8b31-9c26e76b4062 owned by compute:nova delete_port /usr/lib/python2.7/site-packages/neutron/plugins/ml2/plugin.py:1547
2018-06-30 04:31:07.951 8027 DEBUG neutron_lib.callbacks.manager [req-0c2291d0-08dc-4a8e-a87e-16199ed7f7fd 82758ee9dbed4bdf919e32bc6135cc36 f7db0ec7eef2499fb14973cea9da1187 - default default] Notify callbacks ['neutron.plugins.ml2.plugin.Ml2Plugin.notify_sg_on_port_change-1822685', 'neutron.plugins.ml2.ovo_rpc._ObjectChangeHandler.handle_event-610850', 'neutron.db.l3_dvrscheduler_db._notify_port_delete-8761431343048', 'neutron.api.rpc.agentnotifiers.dhcp_rpc_agent_api.DhcpAgentNotifyAPI._native_event_send_dhcp_notification-767251', 'neutron.db.l3_db._notify_routers_callback--9223363275422892352'] for port, after_delete _notify_loop /usr/lib/python2.7/site-packages/neutron_lib/callbacks/manager.py:167
2018-06-30 04:31:08.009 8027 DEBUG oslo_concurrency.lockutils [-] Lock "event-dispatch" acquired by "neutron.plugins.ml2.ovo_rpc.dispatch_events" :: waited 0.000s inner /usr/lib/python2.7/site-packages/oslo_concurrency/lockutils.py:270
2018-06-30 04:31:08.076 8037 DEBUG oslo_concurrency.lockutils [-] Lock "notifier-755f5d28-f065-49da-80f8-fb89c05b1cc7" released by "neutron.notifiers.batch_notifier.synced_send" :: held 3.607s inner /usr/lib/python2.7/site-packages/oslo_concurrency/lockutils.py:282
