2018-09-13 21:18:00.586 11423 DEBUG neutron.plugins.ml2.plugin [req-ed3d9a69-56bf-4611-b3e6-29b2b7a1dee3 - - - - -] No Port match for: 8ca5b127-5afe-42fc-93cc-c5a9e12c46b0 port_bound_to_host /usr/lib/python2.7/site-packages/neutron/plugins/ml2/plugin.py:1806
2018-09-13 21:18:00.587 11423 DEBUG neutron.plugins.ml2.rpc [req-ed3d9a69-56bf-4611-b3e6-29b2b7a1dee3 - - - - -] Device 8ca5b127-5afe-42fc-93cc-c5a9e12c46b0 not bound to the agent host localhost.localdomain update_device_down /usr/lib/python2.7/site-packages/neutron/plugins/ml2/rpc.py:221
2018-09-13 21:18:05.197 11413 DEBUG neutron.wsgi [-] (11413) accepted ('10.0.20.24', 39174) server /usr/lib/python2.7/site-packages/eventlet/wsgi.py:883
2018-09-13 21:18:05.209 11413 INFO neutron.wsgi [-] 10.0.20.24 "GET / HTTP/1.1" status: 200  len: 252 time: 0.0038970
2018-09-13 21:18:05.873 11413 INFO neutron.api.v2.resource [req-3e8fd2cd-3506-4ed6-97c5-2d8194f675cb 02e248cd8f0843eea56830a54be7a7df 194f3e7e9006484dbd7057072756dcfb - default default] show failed (client error): The resource could not be found.
2018-09-13 21:18:05.875 11413 INFO neutron.wsgi [req-3e8fd2cd-3506-4ed6-97c5-2d8194f675cb 02e248cd8f0843eea56830a54be7a7df 194f3e7e9006484dbd7057072756dcfb - default default] 10.0.20.24 "GET /v2.0/routers/tempest-router-1536887220 HTTP/1.1" status: 404  len: 330 time: 0.6597569
2018-09-13 21:18:06.043 11413 INFO neutron.wsgi [req-9bf90e6b-d28a-47e2-97bd-97546592c448 02e248cd8f0843eea56830a54be7a7df 194f3e7e9006484dbd7057072756dcfb - default default] 10.0.20.24 "GET /v2.0/routers HTTP/1.1" status: 200  len: 1411 time: 0.1635051
2018-09-13 21:18:06.624 11413 DEBUG neutron_lib.callbacks.manager [req-11ea4e16-c3a9-4de8-91f0-5a44c2840eb3 02e248cd8f0843eea56830a54be7a7df 194f3e7e9006484dbd7057072756dcfb - default default] Notify callbacks [] for router, before_delete _notify_loop /usr/lib/python2.7/site-packages/neutron_lib/callbacks/manager.py:167
2018-09-13 21:18:06.971 11413 DEBUG neutron_lib.callbacks.manager [req-11ea4e16-c3a9-4de8-91f0-5a44c2840eb3 02e248cd8f0843eea56830a54be7a7df 194f3e7e9006484dbd7057072756dcfb - default default] Notify callbacks ['neutron.services.l3_router.l3_router_plugin.L3RouterPlugin._release_router_vr_id--9223372036853201255', 'neutron.services.l3_router.service_providers.driver_controller.DriverController._clear_router_provider-44587'] for router, precommit_delete _notify_loop /usr/lib/python2.7/site-packages/neutron_lib/callbacks/manager.py:167
2018-09-13 21:18:07.229 11413 DEBUG neutron_lib.callbacks.manager [req-11ea4e16-c3a9-4de8-91f0-5a44c2840eb3 02e248cd8f0843eea56830a54be7a7df 194f3e7e9006484dbd7057072756dcfb - default default] Notify callbacks ['neutron.services.l3_router.l3_router_plugin.L3RouterPlugin._cleanup_ha_network-1574612'] for router, after_delete _notify_loop /usr/lib/python2.7/site-packages/neutron_lib/callbacks/manager.py:167
2018-09-13 21:18:07.232 11413 DEBUG neutron.api.rpc.agentnotifiers.l3_rpc_agent_api [req-11ea4e16-c3a9-4de8-91f0-5a44c2840eb3 02e248cd8f0843eea56830a54be7a7df 194f3e7e9006484dbd7057072756dcfb - default default] Fanout notify agent at l3_agent the message router_deleted on router 59068527-7aad-4f78-9f3b-71c3c7707e18 _notification_fanout /usr/lib/python2.7/site-packages/neutron/api/rpc/agentnotifiers/l3_rpc_agent_api.py:118
2018-09-13 21:18:07.294 11413 DEBUG neutron.quota.resource [req-11ea4e16-c3a9-4de8-91f0-5a44c2840eb3 02e248cd8f0843eea56830a54be7a7df 194f3e7e9006484dbd7057072756dcfb - default default] Persisted dirty status for tenant:a723869f2b9145cd90b4af9d3e709c78 on resource:router mark_dirty /usr/lib/python2.7/site-packages/neutron/quota/resource.py:207
2018-09-13 21:18:07.304 11413 DEBUG neutron_lib.callbacks.manager [req-11ea4e16-c3a9-4de8-91f0-5a44c2840eb3 02e248cd8f0843eea56830a54be7a7df 194f3e7e9006484dbd7057072756dcfb - default default] Notify callbacks [] for router, before_response _notify_loop /usr/lib/python2.7/site-packages/neutron_lib/callbacks/manager.py:167
2018-09-13 21:18:07.307 11413 INFO neutron.wsgi [req-11ea4e16-c3a9-4de8-91f0-5a44c2840eb3 02e248cd8f0843eea56830a54be7a7df 194f3e7e9006484dbd7057072756dcfb - default default] 10.0.20.24 "DELETE /v2.0/routers/59068527-7aad-4f78-9f3b-71c3c7707e18 HTTP/1.1" status: 204  len: 173 time: 1.2570858
2018-09-13 21:18:09.588 11424 DEBUG neutron_lib.callbacks.manager [req-ed3d9a69-56bf-4611-b3e6-29b2b7a1dee3 - - - - -] Notify callbacks ['neutron.services.segments.db._update_segment_host_mapping_for_agent-8753421350224'] for agent, after_update _notify_loop /usr/lib/python2.7/site-packages/neutron_lib/callbacks/manager.py:167
2018-09-13 21:18:14.275 11419 DEBUG neutron_lib.callbacks.manager [req-fb2ff368-5bba-4089-ab4a-57d4088201d6 - - - - -] Notify callbacks ['neutron.services.segments.db._update_segment_host_mapping_for_agent-8753421350224'] for agent, after_update _notify_loop /usr/lib/python2.7/site-packages/neutron_lib/callbacks/manager.py:167
2018-09-13 21:18:14.475 11427 DEBUG neutron_lib.callbacks.manager [req-4c4af6b3-f842-4eea-aa69-2d0bb1ae25f7 - - - - -] Notify callbacks ['neutron.services.segments.db._update_segment_host_mapping_for_agent-8753421350224'] for agent, after_update _notify_loop /usr/lib/python2.7/site-packages/neutron_lib/callbacks/manager.py:167
2018-09-13 21:18:16.043 11411 DEBUG neutron.wsgi [-] (11411) accepted ('10.0.20.24', 39252) server /usr/lib/python2.7/site-packages/eventlet/wsgi.py:883
2018-09-13 21:18:16.055 11411 INFO neutron.wsgi [-] 10.0.20.24 "GET / HTTP/1.1" status: 200  len: 252 time: 0.0071869
2018-09-13 21:18:16.734 11411 INFO neutron.pecan_wsgi.hooks.translation [req-5189ff86-366b-4fd9-ad7d-f93fa72d6bdf 02e248cd8f0843eea56830a54be7a7df 194f3e7e9006484dbd7057072756dcfb - default default] GET failed (client error): The resource could not be found.
2018-09-13 21:18:16.737 11411 INFO neutron.wsgi [req-5189ff86-366b-4fd9-ad7d-f93fa72d6bdf 02e248cd8f0843eea56830a54be7a7df 194f3e7e9006484dbd7057072756dcfb - default default] 10.0.20.24 "GET /v2.0/networks/tempest-private-1536887220 HTTP/1.1" status: 404  len: 334 time: 0.6697340
2018-09-13 21:18:17.068 11411 DEBUG neutron.pecan_wsgi.hooks.policy_enforcement [req-c24f2a06-b291-48bd-bad1-cc3f06c4f020 02e248cd8f0843eea56830a54be7a7df 194f3e7e9006484dbd7057072756dcfb - default default] Attributes excluded by policy engine: [u'vlan_transparent'] _exclude_attributes_by_policy /usr/lib/python2.7/site-packages/neutron/pecan_wsgi/hooks/policy_enforcement.py:256
2018-09-13 21:18:17.069 11411 DEBUG neutron.pecan_wsgi.hooks.policy_enforcement [req-c24f2a06-b291-48bd-bad1-cc3f06c4f020 02e248cd8f0843eea56830a54be7a7df 194f3e7e9006484dbd7057072756dcfb - default default] Attributes excluded by policy engine: [u'vlan_transparent'] _exclude_attributes_by_policy /usr/lib/python2.7/site-packages/neutron/pecan_wsgi/hooks/policy_enforcement.py:256
2018-09-13 21:18:17.070 11411 DEBUG neutron.pecan_wsgi.hooks.policy_enforcement [req-c24f2a06-b291-48bd-bad1-cc3f06c4f020 02e248cd8f0843eea56830a54be7a7df 194f3e7e9006484dbd7057072756dcfb - default default] Attributes excluded by policy engine: [u'vlan_transparent'] _exclude_attributes_by_policy /usr/lib/python2.7/site-packages/neutron/pecan_wsgi/hooks/policy_enforcement.py:256
2018-09-13 21:18:17.074 11411 INFO neutron.wsgi [req-c24f2a06-b291-48bd-bad1-cc3f06c4f020 02e248cd8f0843eea56830a54be7a7df 194f3e7e9006484dbd7057072756dcfb - default default] 10.0.20.24 "GET /v2.0/networks HTTP/1.1" status: 200  len: 2214 time: 0.3289509
2018-09-13 21:18:17.254 11411 INFO neutron.wsgi [req-0a412977-e608-4963-9111-f088cc3a35cb 02e248cd8f0843eea56830a54be7a7df 194f3e7e9006484dbd7057072756dcfb - default default] 10.0.20.24 "GET /v2.0/ports?network_id=44740112-7ef7-426b-a514-46b255f3cb0b HTTP/1.1" status: 200  len: 1128 time: 0.1680169
2018-09-13 21:18:19.775 11420 DEBUG neutron_lib.callbacks.manager [req-0047c335-8cce-4d25-88fb-f724f05afcc6 - - - - -] Notify callbacks ['neutron.services.segments.db._update_segment_host_mapping_for_agent-8753421350224'] for agent, after_update _notify_loop /usr/lib/python2.7/site-packages/neutron_lib/callbacks/manager.py:167
2018-09-13 21:18:24.981 11425 DEBUG neutron_lib.callbacks.manager [req-dda6532c-593a-4e7a-a9b6-00ed68a0ed4a - - - - -] Notify callbacks ['neutron.services.segments.db._update_segment_host_mapping_for_agent-8753421350224'] for agent, after_update _notify_loop /usr/lib/python2.7/site-packages/neutron_lib/callbacks/manager.py:167
2018-09-13 21:18:25.835 11413 DEBUG neutron.wsgi [-] (11413) accepted ('10.0.20.24', 39272) server /usr/lib/python2.7/site-packages/eventlet/wsgi.py:883
2018-09-13 21:18:25.839 11413 INFO neutron.wsgi [-] 10.0.20.24 "GET / HTTP/1.1" status: 200  len: 252 time: 0.0020089
2018-09-13 21:18:26.606 11413 INFO neutron.wsgi [req-9b0188cb-2fba-4c98-8e86-bbb2adac8d5e 02e248cd8f0843eea56830a54be7a7df 194f3e7e9006484dbd7057072756dcfb - default default] 10.0.20.24 "GET /v2.0/ports/8c135879-c745-4dd5-a5c4-482ca4d213f4 HTTP/1.1" status: 200  len: 1125 time: 0.7599990
2018-09-13 21:18:26.748 11413 DEBUG neutron.plugins.ml2.plugin [req-3b7c0ff2-15f2-4859-92d8-15a5b27db1d0 02e248cd8f0843eea56830a54be7a7df 194f3e7e9006484dbd7057072756dcfb - default default] Deleting port 8c135879-c745-4dd5-a5c4-482ca4d213f4 _pre_delete_port /usr/lib/python2.7/site-packages/neutron/plugins/ml2/plugin.py:1488
2018-09-13 21:18:26.749 11413 DEBUG neutron_lib.callbacks.manager [req-3b7c0ff2-15f2-4859-92d8-15a5b27db1d0 02e248cd8f0843eea56830a54be7a7df 194f3e7e9006484dbd7057072756dcfb - default default] Notify callbacks ['neutron.db.l3_db._prevent_l3_port_delete_callback--9223363283433219060'] for port, before_delete _notify_loop /usr/lib/python2.7/site-packages/neutron_lib/callbacks/manager.py:167
2018-09-13 21:18:27.273 11413 DEBUG neutron.plugins.ml2.db [req-3b7c0ff2-15f2-4859-92d8-15a5b27db1d0 02e248cd8f0843eea56830a54be7a7df 194f3e7e9006484dbd7057072756dcfb - default default] For port 8c135879-c745-4dd5-a5c4-482ca4d213f4, host localhost.localdomain, got binding levels [<neutron.plugins.ml2.models.PortBindingLevel[object at 7f61081edbd0] {port_id=u'8c135879-c745-4dd5-a5c4-482ca4d213f4', host=u'localhost.localdomain', level=0, driver=u'openvswitch', segment_id=u'4f23957b-8794-4ce2-9e5f-15324dcecc7b'}>] get_binding_levels /usr/lib/python2.7/site-packages/neutron/plugins/ml2/db.py:106
2018-09-13 21:18:27.317 11413 DEBUG neutron.plugins.ml2.plugin [req-3b7c0ff2-15f2-4859-92d8-15a5b27db1d0 02e248cd8f0843eea56830a54be7a7df 194f3e7e9006484dbd7057072756dcfb - default default] Calling delete_port for 8c135879-c745-4dd5-a5c4-482ca4d213f4 owned by network:dhcp delete_port /usr/lib/python2.7/site-packages/neutron/plugins/ml2/plugin.py:1547
2018-09-13 21:18:27.884 11413 DEBUG neutron_lib.callbacks.manager [req-3b7c0ff2-15f2-4859-92d8-15a5b27db1d0 02e248cd8f0843eea56830a54be7a7df 194f3e7e9006484dbd7057072756dcfb - default default] Notify callbacks ['neutron.db.l3_db._notify_routers_callback--9223363283433215522', 'neutron.plugins.ml2.plugin.Ml2Plugin.notify_sg_on_port_change--9223372036854332704', 'neutron.plugins.ml2.ovo_rpc._ObjectChangeHandler.handle_event-1736568', 'neutron.api.rpc.agentnotifiers.dhcp_rpc_agent_api.DhcpAgentNotifyAPI._native_event_send_dhcp_notification--9223372036853356974', 'neutron.db.l3_dvrscheduler_db._notify_port_delete-8753420987336'] for port, after_delete _notify_loop /usr/lib/python2.7/site-packages/neutron_lib/callbacks/manager.py:167
2018-09-13 21:18:27.970 11413 DEBUG oslo_concurrency.lockutils [-] Lock "event-dispatch" acquired by "neutron.plugins.ml2.ovo_rpc.dispatch_events" :: waited 0.000s inner /usr/lib/python2.7/site-packages/oslo_concurrency/lockutils.py:270
2018-09-13 21:18:28.069 11413 DEBUG neutron.api.rpc.handlers.resources_rpc [req-3b7c0ff2-15f2-4859-92d8-15a5b27db1d0 02e248cd8f0843eea56830a54be7a7df 194f3e7e9006484dbd7057072756dcfb - - -] neutron.api.rpc.handlers.resources_rpc.ResourcesPushRpcApi method push called with arguments (<neutron_lib.context.Context object at 0x7f6107e8edd0>, [Port(admin_state_up=<?>,allowed_address_pairs=<?>,binding=<?>,binding_levels=<?>,created_at=<?>,data_plane_status=<?>,description=<?>,device_id=<?>,device_owner=<?>,dhcp_options=<?>,distributed_binding=<?>,dns=<?>,fixed_ips=<?>,id=8c135879-c745-4dd5-a5c4-482ca4d213f4,mac_address=<?>,name=<?>,network_id=<?>,project_id=<?>,qos_policy_id=None,revision_number=<?>,security=<?>,security_group_ids=None,status=<?>,updated_at=<?>)], 'deleted') {} wrapper /usr/lib/python2.7/site-packages/oslo_log/helpers.py:66
2018-09-13 21:18:28.092 11413 DEBUG neutron.api.rpc.callbacks.version_manager [req-3b7c0ff2-15f2-4859-92d8-15a5b27db1d0 02e248cd8f0843eea56830a54be7a7df 194f3e7e9006484dbd7057072756dcfb - - -] Version for resource type Subnet changed None to 1.0 on consumer Open vSwitch agent@localhost.localdomain _set_version /usr/lib/python2.7/site-packages/neutron/api/rpc/callbacks/version_manager.py:119
2018-09-13 21:18:28.092 11413 DEBUG neutron.api.rpc.callbacks.version_manager [req-3b7c0ff2-15f2-4859-92d8-15a5b27db1d0 02e248cd8f0843eea56830a54be7a7df 194f3e7e9006484dbd7057072756dcfb - - -] Version for resource type Network changed None to 1.0 on consumer Open vSwitch agent@localhost.localdomain _set_version /usr/lib/python2.7/site-packages/neutron/api/rpc/callbacks/version_manager.py:119
2018-09-13 21:18:28.093 11413 DEBUG neutron.api.rpc.callbacks.version_manager [req-3b7c0ff2-15f2-4859-92d8-15a5b27db1d0 02e248cd8f0843eea56830a54be7a7df 194f3e7e9006484dbd7057072756dcfb - - -] Version for resource type SubPort changed None to 1.0 on consumer Open vSwitch agent@localhost.localdomain _set_version /usr/lib/python2.7/site-packages/neutron/api/rpc/callbacks/version_manager.py:119
2018-09-13 21:18:28.094 11413 DEBUG neutron.api.rpc.callbacks.version_manager [req-3b7c0ff2-15f2-4859-92d8-15a5b27db1d0 02e248cd8f0843eea56830a54be7a7df 194f3e7e9006484dbd7057072756dcfb - - -] Version for resource type SecurityGroup changed None to 1.0 on consumer Open vSwitch agent@localhost.localdomain _set_version /usr/lib/python2.7/site-packages/neutron/api/rpc/callbacks/version_manager.py:119
2018-09-13 21:18:28.094 11413 DEBUG neutron.api.rpc.callbacks.version_manager [req-3b7c0ff2-15f2-4859-92d8-15a5b27db1d0 02e248cd8f0843eea56830a54be7a7df 194f3e7e9006484dbd7057072756dcfb - - -] Version for resource type SecurityGroupRule changed None to 1.0 on consumer Open vSwitch agent@localhost.localdomain _set_version /usr/lib/python2.7/site-packages/neutron/api/rpc/callbacks/version_manager.py:119
2018-09-13 21:18:28.095 11413 DEBUG neutron.api.rpc.callbacks.version_manager [req-3b7c0ff2-15f2-4859-92d8-15a5b27db1d0 02e248cd8f0843eea56830a54be7a7df 194f3e7e9006484dbd7057072756dcfb - - -] Version for resource type Trunk changed None to 1.1 on consumer Open vSwitch agent@localhost.localdomain _set_version /usr/lib/python2.7/site-packages/neutron/api/rpc/callbacks/version_manager.py:119
2018-09-13 21:18:28.096 11413 DEBUG neutron.api.rpc.callbacks.version_manager [req-3b7c0ff2-15f2-4859-92d8-15a5b27db1d0 02e248cd8f0843eea56830a54be7a7df 194f3e7e9006484dbd7057072756dcfb - - -] Version for resource type QosPolicy changed None to 1.6 on consumer Open vSwitch agent@localhost.localdomain _set_version /usr/lib/python2.7/site-packages/neutron/api/rpc/callbacks/version_manager.py:119
2018-09-13 21:18:28.097 11413 DEBUG neutron.api.rpc.callbacks.version_manager [req-3b7c0ff2-15f2-4859-92d8-15a5b27db1d0 02e248cd8f0843eea56830a54be7a7df 194f3e7e9006484dbd7057072756dcfb - - -] Version for resource type Port changed None to 1.1 on consumer Open vSwitch agent@localhost.localdomain _set_version /usr/lib/python2.7/site-packages/neutron/api/rpc/callbacks/version_manager.py:119
2018-09-13 21:18:28.097 11413 DEBUG neutron.api.rpc.callbacks.version_manager [req-3b7c0ff2-15f2-4859-92d8-15a5b27db1d0 02e248cd8f0843eea56830a54be7a7df 194f3e7e9006484dbd7057072756dcfb - - -] Version for resource type Log changed None to 1.0 on consumer Open vSwitch agent@localhost.localdomain _set_version /usr/lib/python2.7/site-packages/neutron/api/rpc/callbacks/version_manager.py:119
2018-09-13 21:18:28.234 11413 DEBUG oslo_concurrency.lockutils [req-3b7c0ff2-15f2-4859-92d8-15a5b27db1d0 02e248cd8f0843eea56830a54be7a7df 194f3e7e9006484dbd7057072756dcfb - - -] Lock "event-dispatch" released by "neutron.plugins.ml2.ovo_rpc.dispatch_events" :: held 0.263s inner /usr/lib/python2.7/site-packages/oslo_concurrency/lockutils.py:282
2018-09-13 21:18:28.482 11426 DEBUG neutron.api.rpc.handlers.dhcp_rpc [req-9e4f16d4-300b-4ed9-b3c0-02f237140b1c - - - - -] DHCP port deletion for 44740112-7ef7-426b-a514-46b255f3cb0b request from localhost.localdomain release_dhcp_port /usr/lib/python2.7/site-packages/neutron/api/rpc/handlers/dhcp_rpc.py:246
2018-09-13 21:18:28.540 11413 DEBUG neutron.db.l3_dvrscheduler_db [req-3b7c0ff2-15f2-4859-92d8-15a5b27db1d0 02e248cd8f0843eea56830a54be7a7df 194f3e7e9006484dbd7057072756dcfb - default default] No DVR routers for this DVR port 8c135879-c745-4dd5-a5c4-482ca4d213f4 on host localhost.localdomain get_dvr_routers_to_remove /usr/lib/python2.7/site-packages/neutron/db/l3_dvrscheduler_db.py:191
2018-09-13 21:18:28.575 11413 DEBUG neutron_lib.callbacks.manager [req-3b7c0ff2-15f2-4859-92d8-15a5b27db1d0 02e248cd8f0843eea56830a54be7a7df 194f3e7e9006484dbd7057072756dcfb - default default] Notify callbacks ['neutron.notifiers.nova.Notifier._send_nova_notification-43424', 'neutron.api.rpc.agentnotifiers.dhcp_rpc_agent_api.DhcpAgentNotifyAPI._send_dhcp_notification--9223372036853356957'] for port, before_response _notify_loop /usr/lib/python2.7/site-packages/neutron_lib/callbacks/manager.py:167
2018-09-13 21:18:28.605 11413 DEBUG neutron.quota.resource [req-3b7c0ff2-15f2-4859-92d8-15a5b27db1d0 02e248cd8f0843eea56830a54be7a7df 194f3e7e9006484dbd7057072756dcfb - default default] Persisted dirty status for tenant:a723869f2b9145cd90b4af9d3e709c78 on resource:port mark_dirty /usr/lib/python2.7/site-packages/neutron/quota/resource.py:207
2018-09-13 21:18:28.609 11413 INFO neutron.wsgi [req-3b7c0ff2-15f2-4859-92d8-15a5b27db1d0 02e248cd8f0843eea56830a54be7a7df 194f3e7e9006484dbd7057072756dcfb - default default] 10.0.20.24 "DELETE /v2.0/ports/8c135879-c745-4dd5-a5c4-482ca4d213f4 HTTP/1.1" status: 204  len: 173 time: 1.9924428
2018-09-13 21:18:29.517 11428 DEBUG neutron.db.agents_db [req-23d0ce61-ef57-4f69-8674-1d14eaa62b73 - - - - -] Agent healthcheck: found 5 active agents agent_health_check /usr/lib/python2.7/site-packages/neutron/db/agents_db.py:281
2018-09-13 21:18:30.443 11421 DEBUG neutron.plugins.ml2.rpc [req-ed3d9a69-56bf-4611-b3e6-29b2b7a1dee3 - - - - -] Device 8c135879-c745-4dd5-a5c4-482ca4d213f4 no longer exists at agent ovs-agent-localhost.localdomain update_device_down /usr/lib/python2.7/site-packages/neutron/plugins/ml2/rpc.py:213
2018-09-13 21:18:30.530 11421 DEBUG neutron.plugins.ml2.plugin [req-ed3d9a69-56bf-4611-b3e6-29b2b7a1dee3 - - - - -] No Port match for: 8c135879-c745-4dd5-a5c4-482ca4d213f4 port_bound_to_host /usr/lib/python2.7/site-packages/neutron/plugins/ml2/plugin.py:1806
2018-09-13 21:18:30.531 11421 DEBUG neutron.plugins.ml2.rpc [req-ed3d9a69-56bf-4611-b3e6-29b2b7a1dee3 - - - - -] Device 8c135879-c745-4dd5-a5c4-482ca4d213f4 not bound to the agent host localhost.localdomain update_device_down /usr/lib/python2.7/site-packages/neutron/plugins/ml2/rpc.py:221
2018-09-13 21:18:37.042 11417 DEBUG neutron.wsgi [-] (11417) accepted ('10.0.20.24', 40332) server /usr/lib/python2.7/site-packages/eventlet/wsgi.py:883
2018-09-13 21:18:37.050 11417 INFO neutron.wsgi [-] 10.0.20.24 "GET / HTTP/1.1" status: 200  len: 252 time: 0.0043890
2018-09-13 21:18:37.848 11417 INFO neutron.pecan_wsgi.hooks.translation [req-f6bda453-7fdd-44c1-93ea-df1aa96ab5f3 02e248cd8f0843eea56830a54be7a7df 194f3e7e9006484dbd7057072756dcfb - default default] GET failed (client error): The resource could not be found.
2018-09-13 21:18:37.851 11417 INFO neutron.wsgi [req-f6bda453-7fdd-44c1-93ea-df1aa96ab5f3 02e248cd8f0843eea56830a54be7a7df 194f3e7e9006484dbd7057072756dcfb - default default] 10.0.20.24 "GET /v2.0/networks/tempest-private-1536887220 HTTP/1.1" status: 404  len: 334 time: 0.7940371
2018-09-13 21:18:38.241 11417 DEBUG neutron.pecan_wsgi.hooks.policy_enforcement [req-a2eb5968-6841-43f0-9093-4f29f666b3a7 02e248cd8f0843eea56830a54be7a7df 194f3e7e9006484dbd7057072756dcfb - default default] Attributes excluded by policy engine: [u'vlan_transparent'] _exclude_attributes_by_policy /usr/lib/python2.7/site-packages/neutron/pecan_wsgi/hooks/policy_enforcement.py:256
2018-09-13 21:18:38.242 11417 DEBUG neutron.pecan_wsgi.hooks.policy_enforcement [req-a2eb5968-6841-43f0-9093-4f29f666b3a7 02e248cd8f0843eea56830a54be7a7df 194f3e7e9006484dbd7057072756dcfb - default default] Attributes excluded by policy engine: [u'vlan_transparent'] _exclude_attributes_by_policy /usr/lib/python2.7/site-packages/neutron/pecan_wsgi/hooks/policy_enforcement.py:256
2018-09-13 21:18:38.244 11417 DEBUG neutron.pecan_wsgi.hooks.policy_enforcement [req-a2eb5968-6841-43f0-9093-4f29f666b3a7 02e248cd8f0843eea56830a54be7a7df 194f3e7e9006484dbd7057072756dcfb - default default] Attributes excluded by policy engine: [u'vlan_transparent'] _exclude_attributes_by_policy /usr/lib/python2.7/site-packages/neutron/pecan_wsgi/hooks/policy_enforcement.py:256
2018-09-13 21:18:38.247 11417 INFO neutron.wsgi [req-a2eb5968-6841-43f0-9093-4f29f666b3a7 02e248cd8f0843eea56830a54be7a7df 194f3e7e9006484dbd7057072756dcfb - default default] 10.0.20.24 "GET /v2.0/networks HTTP/1.1" status: 200  len: 2214 time: 0.3878138
2018-09-13 21:18:38.644 11417 DEBUG neutron_lib.callbacks.manager [req-f2c1f475-9779-4947-9149-91e32a3ee10b 02e248cd8f0843eea56830a54be7a7df 194f3e7e9006484dbd7057072756dcfb - default default] Notify callbacks ['neutron.plugins.ml2.plugin.Ml2Plugin._before_network_delete_handler--9223372036854129184'] for network, before_delete _notify_loop /usr/lib/python2.7/site-packages/neutron_lib/callbacks/manager.py:167
2018-09-13 21:18:38.855 11417 DEBUG neutron.db.db_base_plugin_v2 [req-f2c1f475-9779-4947-9149-91e32a3ee10b 02e248cd8f0843eea56830a54be7a7df 194f3e7e9006484dbd7057072756dcfb - default default] Deleting subnet cef5a08d-3864-4592-8a08-f00aa903affd delete_subnet /usr/lib/python2.7/site-packages/neutron/db/db_base_plugin_v2.py:1022
2018-09-13 21:18:38.856 11417 DEBUG neutron_lib.callbacks.manager [req-f2c1f475-9779-4947-9149-91e32a3ee10b 02e248cd8f0843eea56830a54be7a7df 194f3e7e9006484dbd7057072756dcfb - default default] Notify callbacks [] for subnet, before_delete _notify_loop /usr/lib/python2.7/site-packages/neutron_lib/callbacks/manager.py:167
2018-09-13 21:18:39.210 11417 DEBUG neutron_lib.callbacks.manager [req-f2c1f475-9779-4947-9149-91e32a3ee10b 02e248cd8f0843eea56830a54be7a7df 194f3e7e9006484dbd7057072756dcfb - default default] Notify callbacks ['neutron.plugins.ml2.plugin.Ml2Plugin._subnet_delete_precommit_handler-802645'] for subnet, precommit_delete _notify_loop /usr/lib/python2.7/site-packages/neutron_lib/callbacks/manager.py:167
2018-09-13 21:18:39.585 11422 DEBUG neutron_lib.callbacks.manager [req-ed3d9a69-56bf-4611-b3e6-29b2b7a1dee3 - - - - -] Notify callbacks ['neutron.services.segments.db._update_segment_host_mapping_for_agent-8753421350224'] for agent, after_update _notify_loop /usr/lib/python2.7/site-packages/neutron_lib/callbacks/manager.py:167
2018-09-13 21:18:40.340 11417 DEBUG neutron_lib.callbacks.manager [req-f2c1f475-9779-4947-9149-91e32a3ee10b 02e248cd8f0843eea56830a54be7a7df 194f3e7e9006484dbd7057072756dcfb - default default] Notify callbacks ['neutron.plugins.ml2.ovo_rpc._ObjectChangeHandler.handle_event-1736488', 'neutron.api.rpc.agentnotifiers.dhcp_rpc_agent_api.DhcpAgentNotifyAPI._native_event_send_dhcp_notification--9223372036853356974', 'neutron.plugins.ml2.plugin.Ml2Plugin._subnet_delete_after_delete_handler--9223372036853973174'] for subnet, after_delete _notify_loop /usr/lib/python2.7/site-packages/neutron_lib/callbacks/manager.py:167
2018-09-13 21:18:40.374 11417 DEBUG oslo_concurrency.lockutils [-] Lock "event-dispatch" acquired by "neutron.plugins.ml2.ovo_rpc.dispatch_events" :: waited 0.000s inner /usr/lib/python2.7/site-packages/oslo_concurrency/lockutils.py:270
2018-09-13 21:18:40.483 11417 DEBUG neutron.api.rpc.handlers.resources_rpc [req-f2c1f475-9779-4947-9149-91e32a3ee10b 02e248cd8f0843eea56830a54be7a7df 194f3e7e9006484dbd7057072756dcfb - - -] neutron.api.rpc.handlers.resources_rpc.ResourcesPushRpcApi method push called with arguments (<neutron_lib.context.Context object at 0x7f6107ebf790>, [Subnet(allocation_pools=<?>,cidr=<?>,created_at=<?>,description=<?>,dns_nameservers=<?>,enable_dhcp=<?>,gateway_ip=<?>,host_routes=<?>,id=cef5a08d-3864-4592-8a08-f00aa903affd,ip_version=<?>,ipv6_address_mode=<?>,ipv6_ra_mode=<?>,name=<?>,network_id=<?>,project_id=<?>,revision_number=<?>,segment_id=<?>,service_types=<?>,shared=<?>,subnetpool_id=<?>,updated_at=<?>)], 'deleted') {} wrapper /usr/lib/python2.7/site-packages/oslo_log/helpers.py:66
2018-09-13 21:18:40.639 11417 DEBUG neutron.api.rpc.callbacks.version_manager [req-f2c1f475-9779-4947-9149-91e32a3ee10b 02e248cd8f0843eea56830a54be7a7df 194f3e7e9006484dbd7057072756dcfb - - -] Version for resource type Subnet changed None to 1.0 on consumer Open vSwitch agent@localhost.localdomain _set_version /usr/lib/python2.7/site-packages/neutron/api/rpc/callbacks/version_manager.py:119
2018-09-13 21:18:40.640 11417 DEBUG neutron.api.rpc.callbacks.version_manager [req-f2c1f475-9779-4947-9149-91e32a3ee10b 02e248cd8f0843eea56830a54be7a7df 194f3e7e9006484dbd7057072756dcfb - - -] Version for resource type Network changed None to 1.0 on consumer Open vSwitch agent@localhost.localdomain _set_version /usr/lib/python2.7/site-packages/neutron/api/rpc/callbacks/version_manager.py:119
2018-09-13 21:18:40.641 11417 DEBUG neutron.api.rpc.callbacks.version_manager [req-f2c1f475-9779-4947-9149-91e32a3ee10b 02e248cd8f0843eea56830a54be7a7df 194f3e7e9006484dbd7057072756dcfb - - -] Version for resource type SubPort changed None to 1.0 on consumer Open vSwitch agent@localhost.localdomain _set_version /usr/lib/python2.7/site-packages/neutron/api/rpc/callbacks/version_manager.py:119
2018-09-13 21:18:40.642 11417 DEBUG neutron.api.rpc.callbacks.version_manager [req-f2c1f475-9779-4947-9149-91e32a3ee10b 02e248cd8f0843eea56830a54be7a7df 194f3e7e9006484dbd7057072756dcfb - - -] Version for resource type SecurityGroup changed None to 1.0 on consumer Open vSwitch agent@localhost.localdomain _set_version /usr/lib/python2.7/site-packages/neutron/api/rpc/callbacks/version_manager.py:119
2018-09-13 21:18:40.643 11417 DEBUG neutron.api.rpc.callbacks.version_manager [req-f2c1f475-9779-4947-9149-91e32a3ee10b 02e248cd8f0843eea56830a54be7a7df 194f3e7e9006484dbd7057072756dcfb - - -] Version for resource type SecurityGroupRule changed None to 1.0 on consumer Open vSwitch agent@localhost.localdomain _set_version /usr/lib/python2.7/site-packages/neutron/api/rpc/callbacks/version_manager.py:119
2018-09-13 21:18:40.644 11417 DEBUG neutron.api.rpc.callbacks.version_manager [req-f2c1f475-9779-4947-9149-91e32a3ee10b 02e248cd8f0843eea56830a54be7a7df 194f3e7e9006484dbd7057072756dcfb - - -] Version for resource type Trunk changed None to 1.1 on consumer Open vSwitch agent@localhost.localdomain _set_version /usr/lib/python2.7/site-packages/neutron/api/rpc/callbacks/version_manager.py:119
2018-09-13 21:18:40.644 11417 DEBUG neutron.api.rpc.callbacks.version_manager [req-f2c1f475-9779-4947-9149-91e32a3ee10b 02e248cd8f0843eea56830a54be7a7df 194f3e7e9006484dbd7057072756dcfb - - -] Version for resource type QosPolicy changed None to 1.6 on consumer Open vSwitch agent@localhost.localdomain _set_version /usr/lib/python2.7/site-packages/neutron/api/rpc/callbacks/version_manager.py:119
2018-09-13 21:18:40.646 11417 DEBUG neutron.api.rpc.callbacks.version_manager [req-f2c1f475-9779-4947-9149-91e32a3ee10b 02e248cd8f0843eea56830a54be7a7df 194f3e7e9006484dbd7057072756dcfb - - -] Version for resource type Port changed None to 1.1 on consumer Open vSwitch agent@localhost.localdomain _set_version /usr/lib/python2.7/site-packages/neutron/api/rpc/callbacks/version_manager.py:119
2018-09-13 21:18:40.647 11417 DEBUG neutron.api.rpc.callbacks.version_manager [req-f2c1f475-9779-4947-9149-91e32a3ee10b 02e248cd8f0843eea56830a54be7a7df 194f3e7e9006484dbd7057072756dcfb - - -] Version for resource type Log changed None to 1.0 on consumer Open vSwitch agent@localhost.localdomain _set_version /usr/lib/python2.7/site-packages/neutron/api/rpc/callbacks/version_manager.py:119
2018-09-13 21:18:40.741 11417 DEBUG oslo_concurrency.lockutils [req-f2c1f475-9779-4947-9149-91e32a3ee10b 02e248cd8f0843eea56830a54be7a7df 194f3e7e9006484dbd7057072756dcfb - - -] Lock "event-dispatch" released by "neutron.plugins.ml2.ovo_rpc.dispatch_events" :: held 0.367s inner /usr/lib/python2.7/site-packages/oslo_concurrency/lockutils.py:282
2018-09-13 21:18:40.794 11425 DEBUG neutron.api.rpc.handlers.dhcp_rpc [req-d6d9c029-2558-4309-8a33-81417c214202 - - - - -] Network 44740112-7ef7-426b-a514-46b255f3cb0b requested from localhost.localdomain get_network_info /usr/lib/python2.7/site-packages/neutron/api/rpc/handlers/dhcp_rpc.py:199
2018-09-13 21:18:40.993 11417 DEBUG neutron_lib.callbacks.manager [req-f2c1f475-9779-4947-9149-91e32a3ee10b 02e248cd8f0843eea56830a54be7a7df 194f3e7e9006484dbd7057072756dcfb - default default] Notify callbacks ['neutron.plugins.ml2.plugin.Ml2Plugin._network_delete_precommit_handler-801553', 'neutron.services.segments.db._delete_segments_for_network-8753421350239'] for network, precommit_delete _notify_loop /usr/lib/python2.7/site-packages/neutron_lib/callbacks/manager.py:167
2018-09-13 21:18:41.496 11417 DEBUG neutron_lib.callbacks.manager [req-f2c1f475-9779-4947-9149-91e32a3ee10b 02e248cd8f0843eea56830a54be7a7df 194f3e7e9006484dbd7057072756dcfb - default default] Subscribe: <bound method Plugin._prevent_segment_delete_with_subnet_associated of <neutron.services.segments.plugin.Plugin object at 0x7f610770ae10>> segment before_delete subscribe /usr/lib/python2.7/site-packages/neutron_lib/callbacks/manager.py:41
2018-09-13 21:18:41.520 11417 DEBUG neutron_lib.callbacks.manager [req-f2c1f475-9779-4947-9149-91e32a3ee10b 02e248cd8f0843eea56830a54be7a7df 194f3e7e9006484dbd7057072756dcfb - default default] Subscribe: <bound method NovaSegmentNotifier._notify_host_addition_to_aggregate of <neutron.services.segments.plugin.NovaSegmentNotifier object at 0x7f610787df50>> segment_host_mapping after_create subscribe /usr/lib/python2.7/site-packages/neutron_lib/callbacks/manager.py:41
2018-09-13 21:18:41.523 11417 DEBUG neutron_lib.callbacks.manager [req-f2c1f475-9779-4947-9149-91e32a3ee10b 02e248cd8f0843eea56830a54be7a7df 194f3e7e9006484dbd7057072756dcfb - default default] Subscribe: <bound method NovaSegmentNotifier._notify_port_created_or_deleted of <neutron.services.segments.plugin.NovaSegmentNotifier object at 0x7f610787df50>> port after_create subscribe /usr/lib/python2.7/site-packages/neutron_lib/callbacks/manager.py:41
2018-09-13 21:18:41.524 11417 DEBUG neutron_lib.callbacks.manager [req-f2c1f475-9779-4947-9149-91e32a3ee10b 02e248cd8f0843eea56830a54be7a7df 194f3e7e9006484dbd7057072756dcfb - default default] Subscribe: <bound method NovaSegmentNotifier._notify_port_created_or_deleted of <neutron.services.segments.plugin.NovaSegmentNotifier object at 0x7f610787df50>> port after_delete subscribe /usr/lib/python2.7/site-packages/neutron_lib/callbacks/manager.py:41
2018-09-13 21:18:41.525 11417 DEBUG neutron_lib.callbacks.manager [req-f2c1f475-9779-4947-9149-91e32a3ee10b 02e248cd8f0843eea56830a54be7a7df 194f3e7e9006484dbd7057072756dcfb - default default] Subscribe: <bound method NovaSegmentNotifier._notify_port_updated of <neutron.services.segments.plugin.NovaSegmentNotifier object at 0x7f610787df50>> port after_update subscribe /usr/lib/python2.7/site-packages/neutron_lib/callbacks/manager.py:41
2018-09-13 21:18:41.526 11417 DEBUG neutron_lib.callbacks.manager [req-f2c1f475-9779-4947-9149-91e32a3ee10b 02e248cd8f0843eea56830a54be7a7df 194f3e7e9006484dbd7057072756dcfb - default default] Subscribe: <bound method NovaSegmentNotifier._notify_subnet_created of <neutron.services.segments.plugin.NovaSegmentNotifier object at 0x7f610787df50>> subnet after_create subscribe /usr/lib/python2.7/site-packages/neutron_lib/callbacks/manager.py:41
2018-09-13 21:18:41.527 11417 DEBUG neutron_lib.callbacks.manager [req-f2c1f475-9779-4947-9149-91e32a3ee10b 02e248cd8f0843eea56830a54be7a7df 194f3e7e9006484dbd7057072756dcfb - default default] Subscribe: <bound method NovaSegmentNotifier._notify_subnet_deleted of <neutron.services.segments.plugin.NovaSegmentNotifier object at 0x7f610787df50>> subnet after_delete subscribe /usr/lib/python2.7/site-packages/neutron_lib/callbacks/manager.py:41
2018-09-13 21:18:41.527 11417 DEBUG neutron_lib.callbacks.manager [req-f2c1f475-9779-4947-9149-91e32a3ee10b 02e248cd8f0843eea56830a54be7a7df 194f3e7e9006484dbd7057072756dcfb - default default] Subscribe: <bound method NovaSegmentNotifier._notify_subnet_updated of <neutron.services.segments.plugin.NovaSegmentNotifier object at 0x7f610787df50>> subnet after_update subscribe /usr/lib/python2.7/site-packages/neutron_lib/callbacks/manager.py:41
2018-09-13 21:18:41.990 11417 DEBUG neutron.services.segments.db [req-f2c1f475-9779-4947-9149-91e32a3ee10b 02e248cd8f0843eea56830a54be7a7df 194f3e7e9006484dbd7057072756dcfb - default default] neutron.services.segments.plugin.Plugin method get_segments called with arguments (<neutron_lib.context.Context object at 0x7f610771e550>,) {'filters': {'network_id': [u'44740112-7ef7-426b-a514-46b255f3cb0b']}} wrapper /usr/lib/python2.7/site-packages/oslo_log/helpers.py:66
2018-09-13 21:18:42.034 11417 DEBUG neutron.services.segments.db [req-f2c1f475-9779-4947-9149-91e32a3ee10b 02e248cd8f0843eea56830a54be7a7df 194f3e7e9006484dbd7057072756dcfb - default default] neutron.services.segments.plugin.Plugin method delete_segment called with arguments (<neutron_lib.context.Context object at 0x7f610771e550>, '4f23957b-8794-4ce2-9e5f-15324dcecc7b') {'for_net_delete': True} wrapper /usr/lib/python2.7/site-packages/oslo_log/helpers.py:66
2018-09-13 21:18:42.036 11417 DEBUG neutron.services.segments.db [req-f2c1f475-9779-4947-9149-91e32a3ee10b 02e248cd8f0843eea56830a54be7a7df 194f3e7e9006484dbd7057072756dcfb - default default] neutron.services.segments.plugin.Plugin method get_segment called with arguments (<neutron_lib.context.Context object at 0x7f610771e550>, '4f23957b-8794-4ce2-9e5f-15324dcecc7b') {} wrapper /usr/lib/python2.7/site-packages/oslo_log/helpers.py:66
2018-09-13 21:18:42.071 11417 DEBUG neutron_lib.callbacks.manager [req-f2c1f475-9779-4947-9149-91e32a3ee10b 02e248cd8f0843eea56830a54be7a7df 194f3e7e9006484dbd7057072756dcfb - default default] Notify callbacks ['neutron.services.segments.plugin.Plugin._prevent_segment_delete_with_subnet_associated-15135017', 'neutron.plugins.ml2.db._prevent_segment_delete_with_port_bound-8753421717448'] for segment, before_delete _notify_loop /usr/lib/python2.7/site-packages/neutron_lib/callbacks/manager.py:167
2018-09-13 21:18:42.151 11417 DEBUG neutron_lib.callbacks.manager [req-f2c1f475-9779-4947-9149-91e32a3ee10b 02e248cd8f0843eea56830a54be7a7df 194f3e7e9006484dbd7057072756dcfb - default default] Notify callbacks ['neutron.plugins.ml2.plugin.Ml2Plugin._handle_segment_change--9223372036853976042'] for segment, precommit_delete _notify_loop /usr/lib/python2.7/site-packages/neutron_lib/callbacks/manager.py:167
2018-09-13 21:18:42.161 11417 DEBUG neutron.plugins.ml2.drivers.type_tunnel [req-f2c1f475-9779-4947-9149-91e32a3ee10b 02e248cd8f0843eea56830a54be7a7df 194f3e7e9006484dbd7057072756dcfb - default default] Releasing vxlan tunnel 91 to pool release_segment /usr/lib/python2.7/site-packages/neutron/plugins/ml2/drivers/type_tunnel.py:322
2018-09-13 21:18:42.591 11417 DEBUG neutron.plugins.ml2.managers [req-f2c1f475-9779-4947-9149-91e32a3ee10b 02e248cd8f0843eea56830a54be7a7df 194f3e7e9006484dbd7057072756dcfb - default default] Network 44740112-7ef7-426b-a514-46b255f3cb0b has no segments _extend_network_dict_provider /usr/lib/python2.7/site-packages/neutron/plugins/ml2/managers.py:144
2018-09-13 21:18:42.626 11417 DEBUG neutron_lib.callbacks.manager [req-f2c1f475-9779-4947-9149-91e32a3ee10b 02e248cd8f0843eea56830a54be7a7df 194f3e7e9006484dbd7057072756dcfb - default default] Notify callbacks ['neutron.plugins.ml2.plugin.Ml2Plugin._handle_segment_change--9223372036853976042'] for segment, after_delete _notify_loop /usr/lib/python2.7/site-packages/neutron_lib/callbacks/manager.py:167
2018-09-13 21:18:42.654 11424 DEBUG neutron.api.rpc.handlers.dhcp_rpc [req-984a968b-b16c-47b9-ab2b-e6da124d8a4f - - - - -] DHCP port deletion for 44740112-7ef7-426b-a514-46b255f3cb0b request from localhost.localdomain release_dhcp_port /usr/lib/python2.7/site-packages/neutron/api/rpc/handlers/dhcp_rpc.py:246
2018-09-13 21:18:43.078 11417 DEBUG neutron.plugins.ml2.managers [req-f2c1f475-9779-4947-9149-91e32a3ee10b 02e248cd8f0843eea56830a54be7a7df 194f3e7e9006484dbd7057072756dcfb - default default] Network 44740112-7ef7-426b-a514-46b255f3cb0b has no segments _extend_network_dict_provider /usr/lib/python2.7/site-packages/neutron/plugins/ml2/managers.py:144
2018-09-13 21:18:43.365 11417 DEBUG neutron_lib.callbacks.manager [req-f2c1f475-9779-4947-9149-91e32a3ee10b 02e248cd8f0843eea56830a54be7a7df 194f3e7e9006484dbd7057072756dcfb - default default] Notify callbacks ['neutron.plugins.ml2.ovo_rpc._ObjectChangeHandler.handle_event-1736544', 'neutron.plugins.ml2.plugin.Ml2Plugin._network_delete_after_delete_handler--9223372036853974250', 'neutron.api.rpc.agentnotifiers.dhcp_rpc_agent_api.DhcpAgentNotifyAPI._native_event_send_dhcp_notification--9223372036853356974'] for network, after_delete _notify_loop /usr/lib/python2.7/site-packages/neutron_lib/callbacks/manager.py:167
2018-09-13 21:18:43.379 11417 DEBUG oslo_concurrency.lockutils [-] Lock "event-dispatch" acquired by "neutron.plugins.ml2.ovo_rpc.dispatch_events" :: waited 0.000s inner /usr/lib/python2.7/site-packages/oslo_concurrency/lockutils.py:270
2018-09-13 21:18:43.436 11417 DEBUG neutron.api.rpc.handlers.resources_rpc [req-f2c1f475-9779-4947-9149-91e32a3ee10b 02e248cd8f0843eea56830a54be7a7df 194f3e7e9006484dbd7057072756dcfb - - -] neutron.api.rpc.handlers.resources_rpc.ResourcesPushRpcApi method push called with arguments (<neutron_lib.context.Context object at 0x7f610773cf10>, [Network(admin_state_up=<?>,availability_zone_hints=<?>,created_at=<?>,description=<?>,dns_domain=<?>,id=44740112-7ef7-426b-a514-46b255f3cb0b,mtu=<?>,name=<?>,project_id=<?>,qos_policy_id=None,revision_number=<?>,security=<?>,segments=<?>,shared=False,status=<?>,updated_at=<?>,vlan_transparent=<?>)], 'deleted') {} wrapper /usr/lib/python2.7/site-packages/oslo_log/helpers.py:66
2018-09-13 21:18:43.508 11417 DEBUG oslo_concurrency.lockutils [req-f2c1f475-9779-4947-9149-91e32a3ee10b 02e248cd8f0843eea56830a54be7a7df 194f3e7e9006484dbd7057072756dcfb - - -] Lock "event-dispatch" released by "neutron.plugins.ml2.ovo_rpc.dispatch_events" :: held 0.129s inner /usr/lib/python2.7/site-packages/oslo_concurrency/lockutils.py:282
2018-09-13 21:18:43.539 11417 DEBUG neutron_lib.callbacks.manager [req-f2c1f475-9779-4947-9149-91e32a3ee10b 02e248cd8f0843eea56830a54be7a7df 194f3e7e9006484dbd7057072756dcfb - default default] Notify callbacks ['neutron.api.rpc.agentnotifiers.dhcp_rpc_agent_api.DhcpAgentNotifyAPI._send_dhcp_notification--9223372036853356957'] for network, before_response _notify_loop /usr/lib/python2.7/site-packages/neutron_lib/callbacks/manager.py:167
2018-09-13 21:18:43.554 11417 DEBUG neutron.quota.resource [req-f2c1f475-9779-4947-9149-91e32a3ee10b 02e248cd8f0843eea56830a54be7a7df 194f3e7e9006484dbd7057072756dcfb - default default] Persisted dirty status for tenant:a723869f2b9145cd90b4af9d3e709c78 on resource:subnet mark_dirty /usr/lib/python2.7/site-packages/neutron/quota/resource.py:207
2018-09-13 21:18:43.562 11417 DEBUG neutron.quota.resource [req-f2c1f475-9779-4947-9149-91e32a3ee10b 02e248cd8f0843eea56830a54be7a7df 194f3e7e9006484dbd7057072756dcfb - default default] Persisted dirty status for tenant:a723869f2b9145cd90b4af9d3e709c78 on resource:network mark_dirty /usr/lib/python2.7/site-packages/neutron/quota/resource.py:207
2018-09-13 21:18:43.567 11417 INFO neutron.wsgi [req-f2c1f475-9779-4947-9149-91e32a3ee10b 02e248cd8f0843eea56830a54be7a7df 194f3e7e9006484dbd7057072756dcfb - default default] 10.0.20.24 "DELETE /v2.0/networks/44740112-7ef7-426b-a514-46b255f3cb0b HTTP/1.1" status: 204  len: 173 time: 5.3093071
2018-09-13 21:18:44.289 11423 DEBUG neutron_lib.callbacks.manager [req-fb2ff368-5bba-4089-ab4a-57d4088201d6 - - - - -] Notify callbacks ['neutron.services.segments.db._update_segment_host_mapping_for_agent-8753421350224'] for agent, after_update _notify_loop /usr/lib/python2.7/site-packages/neutron_lib/callbacks/manager.py:167
2018-09-13 21:18:44.499 11426 DEBUG neutron_lib.callbacks.manager [req-4c4af6b3-f842-4eea-aa69-2d0bb1ae25f7 - - - - -] Notify callbacks ['neutron.services.segments.db._update_segment_host_mapping_for_agent-8753421350224'] for agent, after_update _notify_loop /usr/lib/python2.7/site-packages/neutron_lib/callbacks/manager.py:167
2018-09-13 21:18:47.972 11422 DEBUG neutron.api.rpc.handlers.dhcp_rpc [req-01e4d47e-a2cf-4fca-9f4f-11a8caed4541 - - - - -] get_active_networks_info from localhost.localdomain get_active_networks_info /usr/lib/python2.7/site-packages/neutron/api/rpc/handlers/dhcp_rpc.py:141
2018-09-13 21:18:49.763 11421 DEBUG neutron_lib.callbacks.manager [req-7dd7cd36-e7ec-45c2-967d-0b1d91714a74 - - - - -] Notify callbacks ['neutron.services.segments.db._update_segment_host_mapping_for_agent-8753421350224'] for agent, after_update _notify_loop /usr/lib/python2.7/site-packages/neutron_lib/callbacks/manager.py:167
2018-09-13 21:18:53.362 11417 DEBUG neutron.wsgi [-] (11417) accepted ('10.0.20.24', 40398) server /usr/lib/python2.7/site-packages/eventlet/wsgi.py:883
2018-09-13 21:18:53.368 11417 INFO neutron.wsgi [-] 10.0.20.24 "GET / HTTP/1.1" status: 200  len: 252 time: 0.0034120
2018-09-13 21:18:54.106 11417 INFO neutron.api.v2.resource [req-45205d1c-f668-4d77-b314-c76593523dbc 02e248cd8f0843eea56830a54be7a7df 194f3e7e9006484dbd7057072756dcfb - default default] show failed (client error): The resource could not be found.
2018-09-13 21:18:54.108 11417 INFO neutron.wsgi [req-45205d1c-f668-4d77-b314-c76593523dbc 02e248cd8f0843eea56830a54be7a7df 194f3e7e9006484dbd7057072756dcfb - default default] 10.0.20.24 "GET /v2.0/security-groups/tempest-SECURITY_GROUP_SAMPLE-1536887220 HTTP/1.1" status: 404  len: 356 time: 0.7314610
2018-09-13 21:18:54.385 11417 INFO neutron.wsgi [req-9d127908-d5b0-493c-b96c-b56bb24dcb33 02e248cd8f0843eea56830a54be7a7df 194f3e7e9006484dbd7057072756dcfb - default default] 10.0.20.24 "GET /v2.0/security-groups HTTP/1.1" status: 200  len: 25413 time: 0.2679031
2018-09-13 21:18:54.596 11417 DEBUG neutron_lib.callbacks.manager [req-ad84a49f-f88d-409c-acd1-1722babe8f9a 02e248cd8f0843eea56830a54be7a7df 194f3e7e9006484dbd7057072756dcfb - default default] Notify callbacks [] for security_group, before_delete _notify_loop /usr/lib/python2.7/site-packages/neutron_lib/callbacks/manager.py:167
2018-09-13 21:18:54.668 11417 DEBUG neutron_lib.callbacks.manager [req-ad84a49f-f88d-409c-acd1-1722babe8f9a 02e248cd8f0843eea56830a54be7a7df 194f3e7e9006484dbd7057072756dcfb - default default] Notify callbacks [] for security_group, precommit_delete _notify_loop /usr/lib/python2.7/site-packages/neutron_lib/callbacks/manager.py:167
2018-09-13 21:18:54.834 11417 DEBUG neutron_lib.callbacks.manager [req-ad84a49f-f88d-409c-acd1-1722babe8f9a 02e248cd8f0843eea56830a54be7a7df 194f3e7e9006484dbd7057072756dcfb - default default] Notify callbacks ['neutron.plugins.ml2.ovo_rpc._ObjectChangeHandler.handle_event-1736640'] for security_group, after_delete _notify_loop /usr/lib/python2.7/site-packages/neutron_lib/callbacks/manager.py:167
2018-09-13 21:18:54.848 11417 DEBUG oslo_concurrency.lockutils [-] Lock "event-dispatch" acquired by "neutron.plugins.ml2.ovo_rpc.dispatch_events" :: waited 0.000s inner /usr/lib/python2.7/site-packages/oslo_concurrency/lockutils.py:270
2018-09-13 21:18:54.979 11424 DEBUG neutron_lib.callbacks.manager [req-19725bc5-fea5-4bc2-a05e-9ffabbda33b4 - - - - -] Notify callbacks ['neutron.services.segments.db._update_segment_host_mapping_for_agent-8753421350224'] for agent, after_update _notify_loop /usr/lib/python2.7/site-packages/neutron_lib/callbacks/manager.py:167
2018-09-13 21:18:55.243 11417 DEBUG neutron.quota.resource [req-ad84a49f-f88d-409c-acd1-1722babe8f9a 02e248cd8f0843eea56830a54be7a7df 194f3e7e9006484dbd7057072756dcfb - default default] Persisted dirty status for tenant:a723869f2b9145cd90b4af9d3e709c78 on resource:security_group_rule mark_dirty /usr/lib/python2.7/site-packages/neutron/quota/resource.py:207
2018-09-13 21:18:55.268 11417 DEBUG neutron.api.rpc.handlers.resources_rpc [req-ad84a49f-f88d-409c-acd1-1722babe8f9a 02e248cd8f0843eea56830a54be7a7df 194f3e7e9006484dbd7057072756dcfb - - -] neutron.api.rpc.handlers.resources_rpc.ResourcesPushRpcApi method push called with arguments (<neutron_lib.context.Context object at 0x7f610795be50>, [SecurityGroup(created_at=<?>,description=<?>,id=9aa068ac-70fd-4c75-bde1-84019b2435e4,is_default=False,name=<?>,project_id=<?>,revision_number=<?>,rules=<?>,updated_at=<?>)], 'deleted') {} wrapper /usr/lib/python2.7/site-packages/oslo_log/helpers.py:66
2018-09-13 21:18:55.323 11417 DEBUG neutron.quota.resource [req-ad84a49f-f88d-409c-acd1-1722babe8f9a 02e248cd8f0843eea56830a54be7a7df 194f3e7e9006484dbd7057072756dcfb - default default] Persisted dirty status for tenant:a723869f2b9145cd90b4af9d3e709c78 on resource:security_group mark_dirty /usr/lib/python2.7/site-packages/neutron/quota/resource.py:207
2018-09-13 21:18:55.329 11417 DEBUG oslo_concurrency.lockutils [req-ad84a49f-f88d-409c-acd1-1722babe8f9a 02e248cd8f0843eea56830a54be7a7df 194f3e7e9006484dbd7057072756dcfb - - -] Lock "event-dispatch" released by "neutron.plugins.ml2.ovo_rpc.dispatch_events" :: held 0.481s inner /usr/lib/python2.7/site-packages/oslo_concurrency/lockutils.py:282
2018-09-13 21:18:55.343 11417 DEBUG neutron_lib.callbacks.manager [req-ad84a49f-f88d-409c-acd1-1722babe8f9a 02e248cd8f0843eea56830a54be7a7df 194f3e7e9006484dbd7057072756dcfb - default default] Notify callbacks [] for security_group, before_response _notify_loop /usr/lib/python2.7/site-packages/neutron_lib/callbacks/manager.py:167
2018-09-13 21:18:55.346 11417 INFO neutron.wsgi [req-ad84a49f-f88d-409c-acd1-1722babe8f9a 02e248cd8f0843eea56830a54be7a7df 194f3e7e9006484dbd7057072756dcfb - default default] 10.0.20.24 "DELETE /v2.0/security-groups/9aa068ac-70fd-4c75-bde1-84019b2435e4 HTTP/1.1" status: 204  len: 173 time: 0.9419050
2018-09-13 21:19:06.525 11428 DEBUG neutron.db.agents_db [req-23d0ce61-ef57-4f69-8674-1d14eaa62b73 - - - - -] Agent healthcheck: found 5 active agents agent_health_check /usr/lib/python2.7/site-packages/neutron/db/agents_db.py:281
2018-09-13 21:19:09.597 11419 DEBUG neutron_lib.callbacks.manager [req-ed3d9a69-56bf-4611-b3e6-29b2b7a1dee3 - - - - -] Notify callbacks ['neutron.services.segments.db._update_segment_host_mapping_for_agent-8753421350224'] for agent, after_update _notify_loop /usr/lib/python2.7/site-packages/neutron_lib/callbacks/manager.py:167
2018-09-13 21:19:14.287 11427 DEBUG neutron_lib.callbacks.manager [req-fb2ff368-5bba-4089-ab4a-57d4088201d6 - - - - -] Notify callbacks ['neutron.services.segments.db._update_segment_host_mapping_for_agent-8753421350224'] for agent, after_update _notify_loop /usr/lib/python2.7/site-packages/neutron_lib/callbacks/manager.py:167
2018-09-13 21:19:14.504 11420 DEBUG neutron_lib.callbacks.manager [req-4c4af6b3-f842-4eea-aa69-2d0bb1ae25f7 - - - - -] Notify callbacks ['neutron.services.segments.db._update_segment_host_mapping_for_agent-8753421350224'] for agent, after_update _notify_loop /usr/lib/python2.7/site-packages/neutron_lib/callbacks/manager.py:167
2018-09-13 21:19:19.761 11425 DEBUG neutron_lib.callbacks.manager [req-3eb791c3-03d8-42d1-8c0c-5db17e76dfe3 - - - - -] Notify callbacks ['neutron.services.segments.db._update_segment_host_mapping_for_agent-8753421350224'] for agent, after_update _notify_loop /usr/lib/python2.7/site-packages/neutron_lib/callbacks/manager.py:167
2018-09-13 21:19:25.028 11422 DEBUG neutron_lib.callbacks.manager [req-45e6d10c-225f-4196-b32b-af480292221a - - - - -] Notify callbacks ['neutron.services.segments.db._update_segment_host_mapping_for_agent-8753421350224'] for agent, after_update _notify_loop /usr/lib/python2.7/site-packages/neutron_lib/callbacks/manager.py:167
2018-09-13 21:19:39.592 11423 DEBUG neutron_lib.callbacks.manager [req-ed3d9a69-56bf-4611-b3e6-29b2b7a1dee3 - - - - -] Notify callbacks ['neutron.services.segments.db._update_segment_host_mapping_for_agent-8753421350224'] for agent, after_update _notify_loop /usr/lib/python2.7/site-packages/neutron_lib/callbacks/manager.py:167
