2018-09-12 09:11:02.401 4350 DEBUG neutron.api.rpc.handlers.resources_rpc [req-f5d18719-8a30-4b06-b9e4-644b335f661a 6bce0e5766c84e1a98c3cb5ccb2e3772 4cff21d35d8b43b9a2a1ce042bb4f9f9 - - -] neutron.api.rpc.handlers.resources_rpc.ResourcesPushRpcApi method push called with arguments (<neutron_lib.context.Context object at 0x7fcca9ff91d0>, [Port(admin_state_up=True,allowed_address_pairs=[],binding=PortBinding,binding_levels=[],created_at=2018-09-12T13:11:01Z,data_plane_status=<?>,description='',device_id='PENDING',device_owner='network:floatingip',dhcp_options=[],distributed_binding=None,dns=None,fixed_ips=[IPAllocation],id=d0e502fb-4ee8-4b1d-871c-37204ed15ddc,mac_address=fa:16:3e:ca:a5:e8,name='',network_id=bcf73fc2-8df6-4f12-801c-ef4abf269c73,project_id='',qos_policy_id=None,revision_number=3,security=PortSecurity(d0e502fb-4ee8-4b1d-871c-37204ed15ddc),security_group_ids=set([]),status='N/A',updated_at=2018-09-12T13:11:01Z)], 'updated') {} wrapper /usr/lib/python2.7/site-packages/oslo_log/helpers.py:66
2018-09-12 09:11:02.442 4350 DEBUG neutron.api.rpc.callbacks.version_manager [req-f5d18719-8a30-4b06-b9e4-644b335f661a 6bce0e5766c84e1a98c3cb5ccb2e3772 4cff21d35d8b43b9a2a1ce042bb4f9f9 - - -] Version for resource type Subnet changed None to 1.0 on consumer Open vSwitch agent@localhost.localdomain _set_version /usr/lib/python2.7/site-packages/neutron/api/rpc/callbacks/version_manager.py:119
2018-09-12 09:11:02.443 4350 DEBUG neutron.api.rpc.callbacks.version_manager [req-f5d18719-8a30-4b06-b9e4-644b335f661a 6bce0e5766c84e1a98c3cb5ccb2e3772 4cff21d35d8b43b9a2a1ce042bb4f9f9 - - -] Version for resource type Network changed None to 1.0 on consumer Open vSwitch agent@localhost.localdomain _set_version /usr/lib/python2.7/site-packages/neutron/api/rpc/callbacks/version_manager.py:119
2018-09-12 09:11:02.444 4350 DEBUG neutron.api.rpc.callbacks.version_manager [req-f5d18719-8a30-4b06-b9e4-644b335f661a 6bce0e5766c84e1a98c3cb5ccb2e3772 4cff21d35d8b43b9a2a1ce042bb4f9f9 - - -] Version for resource type SubPort changed None to 1.0 on consumer Open vSwitch agent@localhost.localdomain _set_version /usr/lib/python2.7/site-packages/neutron/api/rpc/callbacks/version_manager.py:119
2018-09-12 09:11:02.445 4350 DEBUG neutron.api.rpc.callbacks.version_manager [req-f5d18719-8a30-4b06-b9e4-644b335f661a 6bce0e5766c84e1a98c3cb5ccb2e3772 4cff21d35d8b43b9a2a1ce042bb4f9f9 - - -] Version for resource type SecurityGroup changed None to 1.0 on consumer Open vSwitch agent@localhost.localdomain _set_version /usr/lib/python2.7/site-packages/neutron/api/rpc/callbacks/version_manager.py:119
2018-09-12 09:11:02.446 4350 DEBUG neutron.api.rpc.callbacks.version_manager [req-f5d18719-8a30-4b06-b9e4-644b335f661a 6bce0e5766c84e1a98c3cb5ccb2e3772 4cff21d35d8b43b9a2a1ce042bb4f9f9 - - -] Version for resource type SecurityGroupRule changed None to 1.0 on consumer Open vSwitch agent@localhost.localdomain _set_version /usr/lib/python2.7/site-packages/neutron/api/rpc/callbacks/version_manager.py:119
2018-09-12 09:11:02.447 4350 DEBUG neutron.api.rpc.callbacks.version_manager [req-f5d18719-8a30-4b06-b9e4-644b335f661a 6bce0e5766c84e1a98c3cb5ccb2e3772 4cff21d35d8b43b9a2a1ce042bb4f9f9 - - -] Version for resource type Trunk changed None to 1.1 on consumer Open vSwitch agent@localhost.localdomain _set_version /usr/lib/python2.7/site-packages/neutron/api/rpc/callbacks/version_manager.py:119
2018-09-12 09:11:02.448 4350 DEBUG neutron.api.rpc.callbacks.version_manager [req-f5d18719-8a30-4b06-b9e4-644b335f661a 6bce0e5766c84e1a98c3cb5ccb2e3772 4cff21d35d8b43b9a2a1ce042bb4f9f9 - - -] Version for resource type QosPolicy changed None to 1.6 on consumer Open vSwitch agent@localhost.localdomain _set_version /usr/lib/python2.7/site-packages/neutron/api/rpc/callbacks/version_manager.py:119
2018-09-12 09:11:02.449 4350 DEBUG neutron.api.rpc.callbacks.version_manager [req-f5d18719-8a30-4b06-b9e4-644b335f661a 6bce0e5766c84e1a98c3cb5ccb2e3772 4cff21d35d8b43b9a2a1ce042bb4f9f9 - - -] Version for resource type Port changed None to 1.1 on consumer Open vSwitch agent@localhost.localdomain _set_version /usr/lib/python2.7/site-packages/neutron/api/rpc/callbacks/version_manager.py:119
2018-09-12 09:11:02.450 4350 DEBUG neutron.api.rpc.callbacks.version_manager [req-f5d18719-8a30-4b06-b9e4-644b335f661a 6bce0e5766c84e1a98c3cb5ccb2e3772 4cff21d35d8b43b9a2a1ce042bb4f9f9 - - -] Version for resource type Log changed None to 1.0 on consumer Open vSwitch agent@localhost.localdomain _set_version /usr/lib/python2.7/site-packages/neutron/api/rpc/callbacks/version_manager.py:119
2018-09-12 09:11:02.470 4350 DEBUG oslo_concurrency.lockutils [req-f5d18719-8a30-4b06-b9e4-644b335f661a 6bce0e5766c84e1a98c3cb5ccb2e3772 4cff21d35d8b43b9a2a1ce042bb4f9f9 - - -] Lock "event-dispatch" released by "neutron.plugins.ml2.ovo_rpc.dispatch_events" :: held 0.430s inner /usr/lib/python2.7/site-packages/oslo_concurrency/lockutils.py:282
2018-09-12 09:11:02.552 4350 DEBUG neutron.scheduler.dhcp_agent_scheduler [req-f5d18719-8a30-4b06-b9e4-644b335f661a 6bce0e5766c84e1a98c3cb5ccb2e3772 4cff21d35d8b43b9a2a1ce042bb4f9f9 - default default] Network bcf73fc2-8df6-4f12-801c-ef4abf269c73 is already hosted by enough agents. _get_dhcp_agents_hosting_network /usr/lib/python2.7/site-packages/neutron/scheduler/dhcp_agent_scheduler.py:243
2018-09-12 09:11:02.784 4350 DEBUG neutron_lib.callbacks.manager [req-f5d18719-8a30-4b06-b9e4-644b335f661a 6bce0e5766c84e1a98c3cb5ccb2e3772 4cff21d35d8b43b9a2a1ce042bb4f9f9 - default default] Notify callbacks ['neutron.plugins.ml2.plugin.Ml2Plugin._ensure_default_security_group_handler-7878733'] for port, before_update _notify_loop /usr/lib/python2.7/site-packages/neutron_lib/callbacks/manager.py:167
2018-09-12 09:11:03.562 4350 DEBUG neutron_lib.callbacks.manager [req-f5d18719-8a30-4b06-b9e4-644b335f661a 6bce0e5766c84e1a98c3cb5ccb2e3772 4cff21d35d8b43b9a2a1ce042bb4f9f9 - default default] Notify callbacks [] for port, precommit_update _notify_loop /usr/lib/python2.7/site-packages/neutron_lib/callbacks/manager.py:167
2018-09-12 09:11:03.574 4350 DEBUG neutron_lib.callbacks.manager [req-f5d18719-8a30-4b06-b9e4-644b335f661a 6bce0e5766c84e1a98c3cb5ccb2e3772 4cff21d35d8b43b9a2a1ce042bb4f9f9 - default default] Notify callbacks ['neutron.db.l3_hascheduler_db._notify_l3_agent_ha_port_update-8782313706501', 'neutron.plugins.ml2.plugin.Ml2Plugin.notify_sg_on_port_change-7878665', 'neutron.db.l3_dvrscheduler_db._notify_l3_agent_port_update--9223363254541070671', 'neutron.plugins.ml2.ovo_rpc._ObjectChangeHandler.handle_event--9223372036854221777', 'neutron.api.rpc.agentnotifiers.dhcp_rpc_agent_api.DhcpAgentNotifyAPI._native_event_send_dhcp_notification-670255'] for port, after_update _notify_loop /usr/lib/python2.7/site-packages/neutron_lib/callbacks/manager.py:167
2018-09-12 09:11:03.609 4350 DEBUG oslo_concurrency.lockutils [-] Lock "event-dispatch" acquired by "neutron.plugins.ml2.ovo_rpc.dispatch_events" :: waited 0.000s inner /usr/lib/python2.7/site-packages/oslo_concurrency/lockutils.py:270
2018-09-12 09:11:03.891 4350 DEBUG neutron.api.rpc.handlers.resources_rpc [req-f5d18719-8a30-4b06-b9e4-644b335f661a 6bce0e5766c84e1a98c3cb5ccb2e3772 4cff21d35d8b43b9a2a1ce042bb4f9f9 - - -] neutron.api.rpc.handlers.resources_rpc.ResourcesPushRpcApi method push called with arguments (<neutron_lib.context.Context object at 0x7fccaa641410>, [Port(admin_state_up=True,allowed_address_pairs=[],binding=PortBinding,binding_levels=[],created_at=2018-09-12T13:11:01Z,data_plane_status=<?>,description='',device_id='058f0a39-f4dc-4a7b-9290-0187df95f869',device_owner='network:floatingip',dhcp_options=[],distributed_binding=None,dns=None,fixed_ips=[IPAllocation],id=d0e502fb-4ee8-4b1d-871c-37204ed15ddc,mac_address=fa:16:3e:ca:a5:e8,name='',network_id=bcf73fc2-8df6-4f12-801c-ef4abf269c73,project_id='',qos_policy_id=None,revision_number=4,security=PortSecurity(d0e502fb-4ee8-4b1d-871c-37204ed15ddc),security_group_ids=set([]),status='N/A',updated_at=2018-09-12T13:11:03Z)], 'updated') {} wrapper /usr/lib/python2.7/site-packages/oslo_log/helpers.py:66
2018-09-12 09:11:03.903 4350 DEBUG oslo_concurrency.lockutils [req-f5d18719-8a30-4b06-b9e4-644b335f661a 6bce0e5766c84e1a98c3cb5ccb2e3772 4cff21d35d8b43b9a2a1ce042bb4f9f9 - - -] Lock "event-dispatch" released by "neutron.plugins.ml2.ovo_rpc.dispatch_events" :: held 0.294s inner /usr/lib/python2.7/site-packages/oslo_concurrency/lockutils.py:282
2018-09-12 09:11:03.969 4350 DEBUG neutron_lib.callbacks.manager [req-f5d18719-8a30-4b06-b9e4-644b335f661a 6bce0e5766c84e1a98c3cb5ccb2e3772 4cff21d35d8b43b9a2a1ce042bb4f9f9 - default default] Notify callbacks ['neutron.services.l3_router.l3_router_plugin.L3RouterPlugin._create_dvr_floating_gw_port-551152'] for floatingip, after_update _notify_loop /usr/lib/python2.7/site-packages/neutron_lib/callbacks/manager.py:167
2018-09-12 09:11:04.040 4350 DEBUG neutron.quota.resource [req-f5d18719-8a30-4b06-b9e4-644b335f661a 6bce0e5766c84e1a98c3cb5ccb2e3772 4cff21d35d8b43b9a2a1ce042bb4f9f9 - default default] Persisted dirty status for tenant:439bc7d8fac048dba1f357801fefcf0a on resource:floatingip mark_dirty /usr/lib/python2.7/site-packages/neutron/quota/resource.py:207
2018-09-12 09:11:04.054 4350 DEBUG neutron.quota.resource [req-f5d18719-8a30-4b06-b9e4-644b335f661a 6bce0e5766c84e1a98c3cb5ccb2e3772 4cff21d35d8b43b9a2a1ce042bb4f9f9 - default default] Persisted dirty status for tenant: on resource:port mark_dirty /usr/lib/python2.7/site-packages/neutron/quota/resource.py:207
2018-09-12 09:11:04.084 4350 DEBUG neutron_lib.callbacks.manager [req-f5d18719-8a30-4b06-b9e4-644b335f661a 6bce0e5766c84e1a98c3cb5ccb2e3772 4cff21d35d8b43b9a2a1ce042bb4f9f9 - default default] Notify callbacks ['neutron.notifiers.nova.Notifier._send_nova_notification--9223372036854775001'] for floatingip, before_response _notify_loop /usr/lib/python2.7/site-packages/neutron_lib/callbacks/manager.py:167
2018-09-12 09:11:04.090 4350 INFO neutron.wsgi [req-f5d18719-8a30-4b06-b9e4-644b335f661a 6bce0e5766c84e1a98c3cb5ccb2e3772 4cff21d35d8b43b9a2a1ce042bb4f9f9 - default default] 10.0.20.20 "POST /v2.0/floatingips HTTP/1.1" status: 201  len: 675 time: 4.1035080
2018-09-12 09:11:07.004 4371 DEBUG neutron.db.agents_db [req-76c74d35-40c7-4690-a7ed-567eff5f33c4 - - - - -] Agent healthcheck: found 5 active agents agent_health_check /usr/lib/python2.7/site-packages/neutron/db/agents_db.py:281
2018-09-12 09:11:12.529 4363 DEBUG neutron_lib.callbacks.manager [req-a01705fc-a904-48cf-a5f6-997846a5328f - - - - -] Notify callbacks ['neutron.services.segments.db._update_segment_host_mapping_for_agent-8782314217507'] for agent, after_update _notify_loop /usr/lib/python2.7/site-packages/neutron_lib/callbacks/manager.py:167
2018-09-12 09:11:12.556 4369 DEBUG neutron_lib.callbacks.manager [req-55d826d8-79ea-4d88-8254-2f7d94b31800 - - - - -] Notify callbacks ['neutron.services.segments.db._update_segment_host_mapping_for_agent-8782314217507'] for agent, after_update _notify_loop /usr/lib/python2.7/site-packages/neutron_lib/callbacks/manager.py:167
2018-09-12 09:11:12.557 4358 DEBUG neutron_lib.callbacks.manager [req-cb00dad4-e5eb-4258-818d-a19b21881f4f - - - - -] Notify callbacks ['neutron.services.segments.db._update_segment_host_mapping_for_agent-8782314217507'] for agent, after_update _notify_loop /usr/lib/python2.7/site-packages/neutron_lib/callbacks/manager.py:167
2018-09-12 09:11:12.557 4359 DEBUG neutron_lib.callbacks.manager [req-d75cecf2-89f9-4609-9973-def206752cbc - - - - -] Notify callbacks ['neutron.services.segments.db._update_segment_host_mapping_for_agent-8782314217507'] for agent, after_update _notify_loop /usr/lib/python2.7/site-packages/neutron_lib/callbacks/manager.py:167
2018-09-12 09:11:15.800 4354 DEBUG neutron.wsgi [-] (4354) accepted ('10.0.20.20', 37840) server /usr/lib/python2.7/site-packages/eventlet/wsgi.py:883
2018-09-12 09:11:16.569 4354 INFO neutron.wsgi [req-3c102134-091d-46da-b661-7da860dcc929 23e04251e35a4af8836d799cdbc6c009 4eeeddb45ad446a68ed4de7bd550932a - default default] 10.0.20.20 "GET /v2.0/ports?device_id=c0e4ee34-c957-4fd9-aecf-b518aa1d214d HTTP/1.1" status: 200  len: 1124 time: 0.7652650
2018-09-12 09:11:16.715 4354 INFO neutron.wsgi [req-f912d5d2-36fa-4a55-a056-6a6c967e5427 23e04251e35a4af8836d799cdbc6c009 4eeeddb45ad446a68ed4de7bd550932a - default default] 10.0.20.20 "GET /v2.0/security-groups?id=e15788f4-44bc-4e17-be60-e4226d096ada HTTP/1.1" status: 200  len: 2118 time: 0.1374409
2018-09-12 09:11:18.930 4354 INFO neutron.wsgi [req-f88418c0-64ab-4ade-930d-cf1abc82af4f 6e71b2a14e594965b2a37443939bfe68 439bc7d8fac048dba1f357801fefcf0a - aae4724ce4804bf780edcdb1a1b47ef9 aae4724ce4804bf780edcdb1a1b47ef9] 10.0.20.20 "GET /v2.0/ports?device_id=c0e4ee34-c957-4fd9-aecf-b518aa1d214d HTTP/1.1" status: 200  len: 1124 time: 0.8175321
2018-09-12 09:11:19.070 4354 INFO neutron.wsgi [req-ed7b545e-a31d-4247-95ce-8f65123879ee 6e71b2a14e594965b2a37443939bfe68 439bc7d8fac048dba1f357801fefcf0a - aae4724ce4804bf780edcdb1a1b47ef9 aae4724ce4804bf780edcdb1a1b47ef9] 10.0.20.20 "GET /v2.0/security-groups?id=e15788f4-44bc-4e17-be60-e4226d096ada HTTP/1.1" status: 200  len: 2118 time: 0.1331630
2018-09-12 09:11:19.389 4354 INFO neutron.wsgi [req-5048ad07-cba6-4b6d-8558-2e1329c6e738 6e71b2a14e594965b2a37443939bfe68 439bc7d8fac048dba1f357801fefcf0a - aae4724ce4804bf780edcdb1a1b47ef9 aae4724ce4804bf780edcdb1a1b47ef9] 10.0.20.20 "GET /v2.0/ports?device_owner=compute%3Anova&device_id=c0e4ee34-c957-4fd9-aecf-b518aa1d214d HTTP/1.1" status: 200  len: 1124 time: 0.1684899
2018-09-12 09:11:19.443 4354 INFO neutron.wsgi [req-f8c75126-49c9-40de-9b44-785a0c2f183b 6e71b2a14e594965b2a37443939bfe68 439bc7d8fac048dba1f357801fefcf0a - aae4724ce4804bf780edcdb1a1b47ef9 aae4724ce4804bf780edcdb1a1b47ef9] 10.0.20.20 "GET /v2.0/floatingips?floating_ip_address=172.24.4.11 HTTP/1.1" status: 200  len: 673 time: 0.0461931
2018-09-12 09:11:19.467 4354 DEBUG neutron.api.v2.base [req-7e30c6d9-7f1c-4cfc-b024-88f2db5fc2ff 6e71b2a14e594965b2a37443939bfe68 439bc7d8fac048dba1f357801fefcf0a - aae4724ce4804bf780edcdb1a1b47ef9 aae4724ce4804bf780edcdb1a1b47ef9] Request body: {u'floatingip': {u'fixed_ip_address': u'11.243.1.9', u'port_id': u'eb944b9c-a2ea-4f3e-a241-d8fd68bb5c76'}} prepare_request_body /usr/lib/python2.7/site-packages/neutron/api/v2/base.py:695
2018-09-12 09:11:19.635 4356 DEBUG neutron.wsgi [-] (4356) accepted ('10.0.20.20', 37862) server /usr/lib/python2.7/site-packages/eventlet/wsgi.py:883
2018-09-12 09:11:19.890 4354 DEBUG neutron_lib.callbacks.manager [req-7e30c6d9-7f1c-4cfc-b024-88f2db5fc2ff 6e71b2a14e594965b2a37443939bfe68 439bc7d8fac048dba1f357801fefcf0a - aae4724ce4804bf780edcdb1a1b47ef9 aae4724ce4804bf780edcdb1a1b47ef9] Notify callbacks ['neutron.services.l3_router.l3_router_plugin.L3RouterPlugin._create_dvr_floating_gw_port-551152'] for floatingip, after_update _notify_loop /usr/lib/python2.7/site-packages/neutron_lib/callbacks/manager.py:167
2018-09-12 09:11:20.370 4356 INFO neutron.wsgi [req-9101ae5b-e86c-4bd0-806b-264c4aaf477e 23e04251e35a4af8836d799cdbc6c009 4eeeddb45ad446a68ed4de7bd550932a - default default] 10.0.20.20 "GET /v2.0/ports?device_id=c0e4ee34-c957-4fd9-aecf-b518aa1d214d HTTP/1.1" status: 200  len: 1124 time: 0.7311821
2018-09-12 09:11:20.571 4354 DEBUG neutron.scheduler.l3_agent_scheduler [req-7e30c6d9-7f1c-4cfc-b024-88f2db5fc2ff 6e71b2a14e594965b2a37443939bfe68 439bc7d8fac048dba1f357801fefcf0a - aae4724ce4804bf780edcdb1a1b47ef9 aae4724ce4804bf780edcdb1a1b47ef9] Router 04751e22-be79-48b3-a19b-240643a90b26 has already been hosted by L3 agent dc541052-a402-4423-8a23-121d937110f6 _get_candidates /usr/lib/python2.7/site-packages/neutron/scheduler/l3_agent_scheduler.py:141
2018-09-12 09:11:20.824 4354 DEBUG neutron.api.rpc.agentnotifiers.l3_rpc_agent_api [req-7e30c6d9-7f1c-4cfc-b024-88f2db5fc2ff 6e71b2a14e594965b2a37443939bfe68 439bc7d8fac048dba1f357801fefcf0a - aae4724ce4804bf780edcdb1a1b47ef9 aae4724ce4804bf780edcdb1a1b47ef9] Notify agent at l3_agent.localhost.localdomain the message routers_updated _agent_notification /usr/lib/python2.7/site-packages/neutron/api/rpc/agentnotifiers/l3_rpc_agent_api.py:69
2018-09-12 09:11:20.835 4354 DEBUG neutron_lib.callbacks.manager [req-7e30c6d9-7f1c-4cfc-b024-88f2db5fc2ff 6e71b2a14e594965b2a37443939bfe68 439bc7d8fac048dba1f357801fefcf0a - aae4724ce4804bf780edcdb1a1b47ef9 aae4724ce4804bf780edcdb1a1b47ef9] Notify callbacks ['neutron.notifiers.nova.Notifier._send_nova_notification--9223372036854775001'] for floatingip, before_response _notify_loop /usr/lib/python2.7/site-packages/neutron_lib/callbacks/manager.py:167
2018-09-12 09:11:20.873 4367 DEBUG neutron.db.l3_hamode_db [req-052f2212-19de-4658-821b-0105bcfc99db - - - - -] neutron.services.l3_router.l3_router_plugin.L3RouterPlugin method get_ha_sync_data_for_host called with arguments (<neutron_lib.context.Context object at 0x7fccaa84bbd0>, u'localhost.localdomain', <neutron.db.models.agent.Agent[object at 7fccaa867490] {id=u'dc541052-a402-4423-8a23-121d937110f6', agent_type=u'L3 agent', binary=u'neutron-l3-agent', topic=u'l3_agent', host=u'localhost.localdomain', availability_zone=u'nova', admin_state_up=True, created_at=datetime.datetime(2018, 8, 30, 12, 16, 29), started_at=datetime.datetime(2018, 9, 12, 12, 42, 56), heartbeat_timestamp=datetime.datetime(2018, 9, 12, 13, 10, 56), description=None, configurations=u'{"agent_mode": "legacy", "gateway_external_network_id": "", "handle_internal_only_routers": true, "routers": 2, "interfaces": 2, "floating_ips": 0, "interface_driver": "neutron.agent.linux.interface.OVSInterfaceDriver", "log_agent_heartbeats": false, "external_network_bridge": "", "ex_gw_ports": 2}', resource_versions=None, load=0}>) {'active': True, 'router_ids': ['04751e22-be79-48b3-a19b-240643a90b26']} wrapper /usr/lib/python2.7/site-packages/oslo_log/helpers.py:66
2018-09-12 09:11:20.936 4354 INFO neutron.wsgi [req-7e30c6d9-7f1c-4cfc-b024-88f2db5fc2ff 6e71b2a14e594965b2a37443939bfe68 439bc7d8fac048dba1f357801fefcf0a - aae4724ce4804bf780edcdb1a1b47ef9 aae4724ce4804bf780edcdb1a1b47ef9] 10.0.20.20 "PUT /v2.0/floatingips/058f0a39-f4dc-4a7b-9290-0187df95f869 HTTP/1.1" status: 200  len: 746 time: 1.4852600
2018-09-12 09:11:20.938 4354 DEBUG oslo_concurrency.lockutils [-] Lock "notifier-fc0a6261-2ef0-4e44-9e07-db73ea8db0ab" acquired by "neutron.notifiers.batch_notifier.synced_send" :: waited 0.000s inner /usr/lib/python2.7/site-packages/oslo_concurrency/lockutils.py:270
2018-09-12 09:11:20.939 4354 DEBUG neutron.notifiers.nova [-] Sending events: [{'tag': u'eb944b9c-a2ea-4f3e-a241-d8fd68bb5c76', 'name': 'network-changed', 'server_uuid': u'c0e4ee34-c957-4fd9-aecf-b518aa1d214d'}] send_events /usr/lib/python2.7/site-packages/neutron/notifiers/nova.py:242
2018-09-12 09:11:20.944 4354 DEBUG novaclient.v2.client [-] REQ: curl -g -i -X POST http://10.0.20.20:8774/v2.1/4eeeddb45ad446a68ed4de7bd550932a/os-server-external-events -H "User-Agent: python-novaclient" -H "Content-Type: application/json" -H "Accept: application/json" -H "X-OpenStack-Nova-API-Version: 2.1" -H "X-Auth-Token: {SHA1}b472ab74acf2a6bf6f32e0e82a827dfe3476c17c" -d '{"events": [{"tag": "eb944b9c-a2ea-4f3e-a241-d8fd68bb5c76", "name": "network-changed", "server_uuid": "c0e4ee34-c957-4fd9-aecf-b518aa1d214d"}]}' _http_log_request /usr/lib/python2.7/site-packages/keystoneauth1/session.py:375
2018-09-12 09:11:21.078 4354 DEBUG novaclient.v2.client [-] RESP: [200] Content-Length: 179 Content-Type: application/json Openstack-Api-Version: compute 2.1 X-Openstack-Nova-Api-Version: 2.1 Vary: OpenStack-API-Version, X-OpenStack-Nova-API-Version X-Openstack-Request-Id: req-d551f57f-1d91-47df-a45c-d051d8fdd5a1 X-Compute-Request-Id: req-d551f57f-1d91-47df-a45c-d051d8fdd5a1 Date: Wed, 12 Sep 2018 13:11:21 GMT Connection: keep-alive 
RESP BODY: {"events": [{"status": "completed", "tag": "eb944b9c-a2ea-4f3e-a241-d8fd68bb5c76", "name": "network-changed", "server_uuid": "c0e4ee34-c957-4fd9-aecf-b518aa1d214d", "code": 200}]}
 _http_log_response /usr/lib/python2.7/site-packages/keystoneauth1/session.py:423
2018-09-12 09:11:21.079 4354 DEBUG novaclient.v2.client [-] POST call to compute for http://10.0.20.20:8774/v2.1/4eeeddb45ad446a68ed4de7bd550932a/os-server-external-events used request id req-d551f57f-1d91-47df-a45c-d051d8fdd5a1 request /usr/lib/python2.7/site-packages/keystoneauth1/session.py:727
2018-09-12 09:11:21.080 4354 INFO neutron.notifiers.nova [-] Nova event response: {u'status': u'completed', u'tag': u'eb944b9c-a2ea-4f3e-a241-d8fd68bb5c76', u'name': u'network-changed', u'server_uuid': u'c0e4ee34-c957-4fd9-aecf-b518aa1d214d', u'code': 200}
2018-09-12 09:11:21.094 4356 INFO neutron.wsgi [req-848a3d3e-4a0c-45da-a94c-bf0e69838d35 23e04251e35a4af8836d799cdbc6c009 4eeeddb45ad446a68ed4de7bd550932a - default default] 10.0.20.20 "GET /v2.0/security-groups?id=e15788f4-44bc-4e17-be60-e4226d096ada HTTP/1.1" status: 200  len: 2118 time: 0.7140930
2018-09-12 09:11:21.333 4354 INFO neutron.wsgi [req-a70e3b9b-811e-4caa-9e0e-ebc761b2e8d8 23e04251e35a4af8836d799cdbc6c009 4eeeddb45ad446a68ed4de7bd550932a - default default] 10.0.20.20 "GET /v2.0/ports?tenant_id=439bc7d8fac048dba1f357801fefcf0a&device_id=c0e4ee34-c957-4fd9-aecf-b518aa1d214d HTTP/1.1" status: 200  len: 1124 time: 0.1865771
2018-09-12 09:11:21.950 4367 DEBUG neutron.db.l3_hamode_db [req-052f2212-19de-4658-821b-0105bcfc99db - - - - -] neutron.services.l3_router.l3_router_plugin.L3RouterPlugin method _process_sync_ha_data called with arguments (<neutron_lib.context.Context object at 0x7fccaa84bbd0>, [{'status': u'ACTIVE', '_interfaces': [{'status': u'ACTIVE', 'subnets': [{'dns_nameservers': [u'8.8.4.4'], 'ipv6_ra_mode': None, 'gateway_ip': u'11.243.1.1', 'cidr': u'11.243.1.0/24', 'id': u'5dd861ea-200e-42f4-bd4f-2da1bc850dc0', 'subnetpool_id': None}], 'binding:host_id': u'localhost.localdomain', 'description': u'', 'allowed_address_pairs': [], 'tags': [], 'extra_dhcp_opts': [], 'updated_at': '2018-09-12T13:09:53Z', 'device_owner': u'network:router_interface', 'revision_number': 7, 'port_security_enabled': False, 'binding:profile': {}, 'mtu': 1450, 'fixed_ips': [{'subnet_id': u'5dd861ea-200e-42f4-bd4f-2da1bc850dc0', 'prefixlen': 24, 'ip_address': u'11.243.1.1'}], 'id': u'0de2f156-0b52-46bf-b7e6-232a278cb586', 'security_groups': [], 'device_id': u'04751e22-be79-48b3-a19b-240643a90b26', 'name': u'', 'admin_state_up': True, 'network_id': u'0814c251-601b-4bb5-9a10-9f8eef0d1781', 'tenant_id': u'439bc7d8fac048dba1f357801fefcf0a', 'binding:vif_details': {u'port_filter': True, u'datapath_type': u'system', u'ovs_hybrid_plug': True}, 'address_scopes': {4: None, 6: None}, 'binding:vnic_type': u'normal', 'binding:vif_type': u'ovs', 'mac_address': u'fa:16:3e:a7:47:e1', 'project_id': u'439bc7d8fac048dba1f357801fefcf0a', 'extra_subnets': [], 'created_at': '2018-09-12T13:09:44Z'}], 'enable_snat': True, 'ha_vr_id': 0, 'description': u'', 'tags': [], 'gw_port': {'status': u'ACTIVE', 'subnets': [{'dns_nameservers': [], 'ipv6_ra_mode': None, 'gateway_ip': u'172.24.4.1', 'cidr': u'172.24.4.0/24', 'id': u'5f4e1ac0-b77f-4630-ace6-541a6f9c266c', 'subnetpool_id': None}], 'binding:host_id': u'localhost.localdomain', 'description': u'', 'allowed_address_pairs': [], 'tags': [], 'extra_dhcp_opts': [], 'updated_at': '2018-09-12T13:10:07Z', 'device_owner': u'network:router_gateway', 'revision_number': 6, 'port_security_enabled': False, 'binding:profile': {}, 'mtu': 1500, 'fixed_ips': [{'subnet_id': u'5f4e1ac0-b77f-4630-ace6-541a6f9c266c', 'prefixlen': 24, 'ip_address': u'172.24.4.3'}], 'id': u'644ba4ae-0f28-4f47-be30-495a25a754cc', 'security_groups': [], 'device_id': u'04751e22-be79-48b3-a19b-240643a90b26', 'name': u'', 'admin_state_up': True, 'network_id': u'bcf73fc2-8df6-4f12-801c-ef4abf269c73', 'tenant_id': u'', 'binding:vif_details': {u'port_filter': True, u'datapath_type': u'system', u'ovs_hybrid_plug': True}, 'address_scopes': {4: None, 6: None}, 'binding:vnic_type': u'normal', 'binding:vif_type': u'ovs', 'mac_address': u'fa:16:3e:c4:28:36', 'project_id': u'', 'extra_subnets': [], 'created_at': '2018-09-12T13:09:59Z'}, 'updated_at': '2018-09-12T13:10:01Z', 'revision_number': 4, 'ha': False, 'id': u'04751e22-be79-48b3-a19b-240643a90b26', 'gw_port_host': u'localhost.localdomain', 'external_gateway_info': {'network_id': u'bcf73fc2-8df6-4f12-801c-ef4abf269c73', 'enable_snat': True, 'external_fixed_ips': [{'subnet_id': u'5f4e1ac0-b77f-4630-ace6-541a6f9c266c', 'ip_address': u'172.24.4.3'}]}, 'availability_zone_hints': [], 'availability_zones': [u'nova'], 'name': u'tempest-router-1536757575', 'gw_port_id': u'644ba4ae-0f28-4f47-be30-495a25a754cc', 'admin_state_up': True, 'tenant_id': u'439bc7d8fac048dba1f357801fefcf0a', 'created_at': '2018-09-12T13:09:20Z', 'distributed': False, 'flavor_id': None, 'routes': [], 'project_id': u'439bc7d8fac048dba1f357801fefcf0a', '_floatingips': [{'router_id': u'04751e22-be79-48b3-a19b-240643a90b26', 'status': u'DOWN', 'description': u'', 'tags': [], 'updated_at': '2018-09-12T13:11:19Z', 'dns_domain': '', 'floating_network_id': u'bcf73fc2-8df6-4f12-801c-ef4abf269c73', 'fixed_ip_address': u'11.243.1.9', 'floating_ip_address': u'172.24.4.11', 'revision_number': 1, 'port_id': u'eb944b9c-a2ea-4f3e-a241-d8fd68bb5c76', 'id': u'058f0a39-f4dc-4a7b-9290-0187df95f869', 'dns_name': '', 'created_at': '2018-09-12T13:11:02Z', 'tenant_id': u'439bc7d8fac048dba1f357801fefcf0a', 'fixed_ip_address_scope': None, 'project_id': u'439bc7d8fac048dba1f357801fefcf0a'}]}], u'localhost.localdomain', False) {} wrapper /usr/lib/python2.7/site-packages/oslo_log/helpers.py:66
2018-09-12 09:11:21.963 4367 DEBUG neutron.api.rpc.handlers.l3_rpc [req-052f2212-19de-4658-821b-0105bcfc99db - - - - -] Checking router: 04751e22-be79-48b3-a19b-240643a90b26 for host: localhost.localdomain _ensure_host_set_on_ports /usr/lib/python2.7/site-packages/neutron/api/rpc/handlers/l3_rpc.py:135
2018-09-12 09:11:22.005 4354 DEBUG neutron.pecan_wsgi.hooks.policy_enforcement [req-384929fb-d9a0-4d89-8387-7f5ddd47165a 23e04251e35a4af8836d799cdbc6c009 4eeeddb45ad446a68ed4de7bd550932a - default default] Attributes excluded by policy engine: [u'vlan_transparent'] _exclude_attributes_by_policy /usr/lib/python2.7/site-packages/neutron/pecan_wsgi/hooks/policy_enforcement.py:256
2018-09-12 09:11:22.010 4354 INFO neutron.wsgi [req-384929fb-d9a0-4d89-8387-7f5ddd47165a 23e04251e35a4af8836d799cdbc6c009 4eeeddb45ad446a68ed4de7bd550932a - default default] 10.0.20.20 "GET /v2.0/networks?id=0814c251-601b-4bb5-9a10-9f8eef0d1781 HTTP/1.1" status: 200  len: 885 time: 0.6666028
2018-09-12 09:11:22.086 4354 INFO neutron.wsgi [req-03b53d4f-022c-4e08-8cb9-af67854f5b4a 23e04251e35a4af8836d799cdbc6c009 4eeeddb45ad446a68ed4de7bd550932a - default default] 10.0.20.20 "GET /v2.0/floatingips?fixed_ip_address=11.243.1.9&port_id=eb944b9c-a2ea-4f3e-a241-d8fd68bb5c76 HTTP/1.1" status: 200  len: 749 time: 0.0635500
2018-09-12 09:11:22.272 4354 DEBUG neutron.pecan_wsgi.hooks.policy_enforcement [req-189f5218-ef82-403b-b310-8cedf344b7dc 23e04251e35a4af8836d799cdbc6c009 4eeeddb45ad446a68ed4de7bd550932a - default default] Attributes excluded by policy engine: [u'shared'] _exclude_attributes_by_policy /usr/lib/python2.7/site-packages/neutron/pecan_wsgi/hooks/policy_enforcement.py:256
2018-09-12 09:11:22.275 4354 INFO neutron.wsgi [req-189f5218-ef82-403b-b310-8cedf344b7dc 23e04251e35a4af8836d799cdbc6c009 4eeeddb45ad446a68ed4de7bd550932a - default default] 10.0.20.20 "GET /v2.0/subnets?id=5dd861ea-200e-42f4-bd4f-2da1bc850dc0 HTTP/1.1" status: 200  len: 847 time: 0.1778939
2018-09-12 09:11:22.391 4365 DEBUG neutron.api.rpc.handlers.l3_rpc [req-3eb51298-cc55-40e1-949d-bff2e6728c62 - - - - -] New status for floating IP 058f0a39-f4dc-4a7b-9290-0187df95f869: ACTIVE update_floatingip_statuses /usr/lib/python2.7/site-packages/neutron/api/rpc/handlers/l3_rpc.py:252
2018-09-12 09:11:22.457 4354 INFO neutron.wsgi [req-33802e40-4c7e-4c45-82a6-2649fb17696d 23e04251e35a4af8836d799cdbc6c009 4eeeddb45ad446a68ed4de7bd550932a - default default] 10.0.20.20 "GET /v2.0/ports?network_id=0814c251-601b-4bb5-9a10-9f8eef0d1781&device_owner=network%3Adhcp HTTP/1.1" status: 200  len: 1128 time: 0.1695652
2018-09-12 09:11:23.082 4354 DEBUG oslo_concurrency.lockutils [-] Lock "notifier-fc0a6261-2ef0-4e44-9e07-db73ea8db0ab" released by "neutron.notifiers.batch_notifier.synced_send" :: held 2.144s inner /usr/lib/python2.7/site-packages/oslo_concurrency/lockutils.py:282
2018-09-12 09:11:23.114 4354 INFO neutron.wsgi [req-bdd747b8-89b0-4167-8861-7848f05d0eee 23e04251e35a4af8836d799cdbc6c009 4eeeddb45ad446a68ed4de7bd550932a - default default] 10.0.20.20 "GET /v2.0/ports?tenant_id=439bc7d8fac048dba1f357801fefcf0a&device_id=c0e4ee34-c957-4fd9-aecf-b518aa1d214d HTTP/1.1" status: 200  len: 1124 time: 0.7524559
2018-09-12 09:11:23.394 4354 DEBUG neutron.pecan_wsgi.hooks.policy_enforcement [req-69c514f4-4dea-4f1a-afd2-27c1a549fb54 23e04251e35a4af8836d799cdbc6c009 4eeeddb45ad446a68ed4de7bd550932a - default default] Attributes excluded by policy engine: [u'vlan_transparent'] _exclude_attributes_by_policy /usr/lib/python2.7/site-packages/neutron/pecan_wsgi/hooks/policy_enforcement.py:256
2018-09-12 09:11:23.397 4354 INFO neutron.wsgi [req-69c514f4-4dea-4f1a-afd2-27c1a549fb54 23e04251e35a4af8836d799cdbc6c009 4eeeddb45ad446a68ed4de7bd550932a - default default] 10.0.20.20 "GET /v2.0/networks?id=0814c251-601b-4bb5-9a10-9f8eef0d1781 HTTP/1.1" status: 200  len: 885 time: 0.2711542
2018-09-12 09:11:23.411 4356 DEBUG neutron.wsgi [-] (4356) accepted ('10.0.20.20', 37876) server /usr/lib/python2.7/site-packages/eventlet/wsgi.py:883
2018-09-12 09:11:23.461 4354 INFO neutron.wsgi [req-a0783791-d997-459c-8b10-22ec06e7f70b 23e04251e35a4af8836d799cdbc6c009 4eeeddb45ad446a68ed4de7bd550932a - default default] 10.0.20.20 "GET /v2.0/floatingips?fixed_ip_address=11.243.1.9&port_id=eb944b9c-a2ea-4f3e-a241-d8fd68bb5c76 HTTP/1.1" status: 200  len: 751 time: 0.0547152
2018-09-12 09:11:23.636 4354 DEBUG neutron.pecan_wsgi.hooks.policy_enforcement [req-dff2e930-642b-4ff7-97b4-4923ea4f37e2 23e04251e35a4af8836d799cdbc6c009 4eeeddb45ad446a68ed4de7bd550932a - default default] Attributes excluded by policy engine: [u'shared'] _exclude_attributes_by_policy /usr/lib/python2.7/site-packages/neutron/pecan_wsgi/hooks/policy_enforcement.py:256
2018-09-12 09:11:23.639 4354 INFO neutron.wsgi [req-dff2e930-642b-4ff7-97b4-4923ea4f37e2 23e04251e35a4af8836d799cdbc6c009 4eeeddb45ad446a68ed4de7bd550932a - default default] 10.0.20.20 "GET /v2.0/subnets?id=5dd861ea-200e-42f4-bd4f-2da1bc850dc0 HTTP/1.1" status: 200  len: 847 time: 0.1701758
2018-09-12 09:11:23.798 4354 INFO neutron.wsgi [req-aa74546f-2e0b-494b-9d57-069f1c877821 23e04251e35a4af8836d799cdbc6c009 4eeeddb45ad446a68ed4de7bd550932a - default default] 10.0.20.20 "GET /v2.0/ports?network_id=0814c251-601b-4bb5-9a10-9f8eef0d1781&device_owner=network%3Adhcp HTTP/1.1" status: 200  len: 1128 time: 0.1506240
2018-09-12 09:11:23.930 4356 INFO neutron.wsgi [req-17302326-a5aa-4737-a80f-c4d7ef839990 23e04251e35a4af8836d799cdbc6c009 4eeeddb45ad446a68ed4de7bd550932a - default default] 10.0.20.20 "GET /v2.0/ports?device_id=c0e4ee34-c957-4fd9-aecf-b518aa1d214d HTTP/1.1" status: 200  len: 1124 time: 0.5159330
2018-09-12 09:11:24.102 4356 INFO neutron.wsgi [req-6ba4aa2d-346f-4e3e-bcc2-dcca61418022 23e04251e35a4af8836d799cdbc6c009 4eeeddb45ad446a68ed4de7bd550932a - default default] 10.0.20.20 "GET /v2.0/security-groups?id=e15788f4-44bc-4e17-be60-e4226d096ada HTTP/1.1" status: 200  len: 2118 time: 0.1575761
2018-09-12 09:11:25.299 4354 INFO neutron.wsgi [req-cbc2d82b-743d-4974-8a32-b94da58ec3c7 23e04251e35a4af8836d799cdbc6c009 4eeeddb45ad446a68ed4de7bd550932a - default default] 10.0.20.20 "GET /v2.0/ports?tenant_id=439bc7d8fac048dba1f357801fefcf0a&device_id=c0e4ee34-c957-4fd9-aecf-b518aa1d214d HTTP/1.1" status: 200  len: 1124 time: 0.1514950
2018-09-12 09:11:25.624 4354 DEBUG neutron.pecan_wsgi.hooks.policy_enforcement [req-339055d4-86dc-4b18-94c2-9704a34dc4ce 23e04251e35a4af8836d799cdbc6c009 4eeeddb45ad446a68ed4de7bd550932a - default default] Attributes excluded by policy engine: [u'vlan_transparent'] _exclude_attributes_by_policy /usr/lib/python2.7/site-packages/neutron/pecan_wsgi/hooks/policy_enforcement.py:256
2018-09-12 09:11:25.629 4354 INFO neutron.wsgi [req-339055d4-86dc-4b18-94c2-9704a34dc4ce 23e04251e35a4af8836d799cdbc6c009 4eeeddb45ad446a68ed4de7bd550932a - default default] 10.0.20.20 "GET /v2.0/networks?id=0814c251-601b-4bb5-9a10-9f8eef0d1781 HTTP/1.1" status: 200  len: 885 time: 0.3181720
2018-09-12 09:11:25.719 4354 INFO neutron.wsgi [req-5a3e3022-69c1-4cae-8f0e-acf868c2c3ab 23e04251e35a4af8836d799cdbc6c009 4eeeddb45ad446a68ed4de7bd550932a - default default] 10.0.20.20 "GET /v2.0/floatingips?fixed_ip_address=11.243.1.9&port_id=eb944b9c-a2ea-4f3e-a241-d8fd68bb5c76 HTTP/1.1" status: 200  len: 751 time: 0.0809920
2018-09-12 09:11:25.923 4354 DEBUG neutron.pecan_wsgi.hooks.policy_enforcement [req-0c2e14e8-3501-45cc-b9f6-7b85b00daad1 23e04251e35a4af8836d799cdbc6c009 4eeeddb45ad446a68ed4de7bd550932a - default default] Attributes excluded by policy engine: [u'shared'] _exclude_attributes_by_policy /usr/lib/python2.7/site-packages/neutron/pecan_wsgi/hooks/policy_enforcement.py:256
2018-09-12 09:11:25.926 4354 INFO neutron.wsgi [req-0c2e14e8-3501-45cc-b9f6-7b85b00daad1 23e04251e35a4af8836d799cdbc6c009 4eeeddb45ad446a68ed4de7bd550932a - default default] 10.0.20.20 "GET /v2.0/subnets?id=5dd861ea-200e-42f4-bd4f-2da1bc850dc0 HTTP/1.1" status: 200  len: 847 time: 0.1912889
2018-09-12 09:11:26.086 4354 INFO neutron.wsgi [req-24dc3658-fe9a-42f1-af8b-4c65cd660af3 23e04251e35a4af8836d799cdbc6c009 4eeeddb45ad446a68ed4de7bd550932a - default default] 10.0.20.20 "GET /v2.0/ports?network_id=0814c251-601b-4bb5-9a10-9f8eef0d1781&device_owner=network%3Adhcp HTTP/1.1" status: 200  len: 1128 time: 0.1522789
2018-09-12 09:11:26.659 4365 DEBUG neutron_lib.callbacks.manager [req-96c2e7b2-bbf9-4083-8ceb-6e688e8c5fb5 - - - - -] Notify callbacks ['neutron.services.segments.db._update_segment_host_mapping_for_agent-8782314217507'] for agent, after_update _notify_loop /usr/lib/python2.7/site-packages/neutron_lib/callbacks/manager.py:167
2018-09-12 09:11:27.149 4353 DEBUG neutron.wsgi [-] (4353) accepted ('10.0.20.20', 37890) server /usr/lib/python2.7/site-packages/eventlet/wsgi.py:883
2018-09-12 09:11:27.881 4353 INFO neutron.wsgi [req-7cff5bb7-e95d-4675-9ade-a15ead35c0c0 23e04251e35a4af8836d799cdbc6c009 4eeeddb45ad446a68ed4de7bd550932a - default default] 10.0.20.20 "GET /v2.0/ports?device_id=c0e4ee34-c957-4fd9-aecf-b518aa1d214d HTTP/1.1" status: 200  len: 1124 time: 0.7286711
2018-09-12 09:11:28.032 4353 INFO neutron.wsgi [req-f3286c22-4e14-4153-963e-2a85eae9faaf 23e04251e35a4af8836d799cdbc6c009 4eeeddb45ad446a68ed4de7bd550932a - default default] 10.0.20.20 "GET /v2.0/security-groups?id=e15788f4-44bc-4e17-be60-e4226d096ada HTTP/1.1" status: 200  len: 2118 time: 0.1424739
2018-09-12 09:11:32.763 4354 INFO neutron.wsgi [req-231a0594-5f0c-48a6-ae03-9ba495e966d7 23e04251e35a4af8836d799cdbc6c009 4eeeddb45ad446a68ed4de7bd550932a - default default] 10.0.20.20 "GET /v2.0/ports?device_id=c0e4ee34-c957-4fd9-aecf-b518aa1d214d HTTP/1.1" status: 200  len: 1124 time: 0.1406450
2018-09-12 09:11:32.918 4354 INFO neutron.wsgi [req-3b442a9c-3d02-44c9-b299-13f9eff673f2 23e04251e35a4af8836d799cdbc6c009 4eeeddb45ad446a68ed4de7bd550932a - default default] 10.0.20.20 "GET /v2.0/security-groups?id=e15788f4-44bc-4e17-be60-e4226d096ada HTTP/1.1" status: 200  len: 2118 time: 0.1458552
2018-09-12 09:11:35.285 4353 DEBUG neutron.wsgi [-] (4353) accepted ('10.0.20.20', 37928) server /usr/lib/python2.7/site-packages/eventlet/wsgi.py:883
2018-09-12 09:11:35.968 4353 INFO neutron.wsgi [req-0d043fde-5d8b-4853-aaf9-1cca19332019 23e04251e35a4af8836d799cdbc6c009 4eeeddb45ad446a68ed4de7bd550932a - default default] 10.0.20.20 "GET /v2.0/ports?device_id=c0e4ee34-c957-4fd9-aecf-b518aa1d214d HTTP/1.1" status: 200  len: 1124 time: 0.6795421
2018-09-12 09:11:36.085 4353 INFO neutron.wsgi [req-e2ec0c69-a5a9-4e3b-a74b-f98d85a39cc5 23e04251e35a4af8836d799cdbc6c009 4eeeddb45ad446a68ed4de7bd550932a - default default] 10.0.20.20 "GET /v2.0/security-groups?id=e15788f4-44bc-4e17-be60-e4226d096ada HTTP/1.1" status: 200  len: 2118 time: 0.1045649
2018-09-12 09:11:36.432 4350 INFO neutron.wsgi [req-d7c233f3-033c-4e91-a278-cd3c89199008 6e71b2a14e594965b2a37443939bfe68 439bc7d8fac048dba1f357801fefcf0a - aae4724ce4804bf780edcdb1a1b47ef9 aae4724ce4804bf780edcdb1a1b47ef9] 10.0.20.20 "GET /v2.0/ports?device_id=c0e4ee34-c957-4fd9-aecf-b518aa1d214d HTTP/1.1" status: 200  len: 1124 time: 0.4356842
2018-09-12 09:11:36.566 4350 INFO neutron.wsgi [req-90a3b563-895e-4321-b623-9af4e599c65c 6e71b2a14e594965b2a37443939bfe68 439bc7d8fac048dba1f357801fefcf0a - aae4724ce4804bf780edcdb1a1b47ef9 aae4724ce4804bf780edcdb1a1b47ef9] 10.0.20.20 "GET /v2.0/security-groups?id=e15788f4-44bc-4e17-be60-e4226d096ada HTTP/1.1" status: 200  len: 2118 time: 0.1277990
2018-09-12 09:11:40.056 4351 INFO neutron.wsgi [req-84604077-b771-448e-b84a-e37c46a3da76 55b191cca8cc468d8e5831144e357a76 4eeeddb45ad446a68ed4de7bd550932a - default default] 10.0.20.20 "GET /v2.0/ports?device_id=c0e4ee34-c957-4fd9-aecf-b518aa1d214d HTTP/1.1" status: 200  len: 1124 time: 0.1388540
2018-09-12 09:11:40.179 4351 INFO neutron.wsgi [req-ab2b22ba-428e-4b7f-8e05-1227d0928a20 55b191cca8cc468d8e5831144e357a76 4eeeddb45ad446a68ed4de7bd550932a - default default] 10.0.20.20 "GET /v2.0/security-groups?id=e15788f4-44bc-4e17-be60-e4226d096ada HTTP/1.1" status: 200  len: 2118 time: 0.1123211
2018-09-12 09:11:42.064 4360 DEBUG neutron_lib.callbacks.manager [req-a01705fc-a904-48cf-a5f6-997846a5328f - - - - -] Notify callbacks ['neutron.services.segments.db._update_segment_host_mapping_for_agent-8782314217507'] for agent, after_update _notify_loop /usr/lib/python2.7/site-packages/neutron_lib/callbacks/manager.py:167
2018-09-12 09:11:42.404 4364 DEBUG neutron_lib.callbacks.manager [req-55d826d8-79ea-4d88-8254-2f7d94b31800 - - - - -] Notify callbacks ['neutron.services.segments.db._update_segment_host_mapping_for_agent-8782314217507'] for agent, after_update _notify_loop /usr/lib/python2.7/site-packages/neutron_lib/callbacks/manager.py:167
2018-09-12 09:11:42.422 4367 DEBUG neutron_lib.callbacks.manager [req-b674a23f-0ecf-44c3-b7a9-114d81b2a9a4 - - - - -] Notify callbacks ['neutron.services.segments.db._update_segment_host_mapping_for_agent-8782314217507'] for agent, after_update _notify_loop /usr/lib/python2.7/site-packages/neutron_lib/callbacks/manager.py:167
2018-09-12 09:11:42.501 4366 DEBUG neutron_lib.callbacks.manager [req-d75cecf2-89f9-4609-9973-def206752cbc - - - - -] Notify callbacks ['neutron.services.segments.db._update_segment_host_mapping_for_agent-8782314217507'] for agent, after_update _notify_loop /usr/lib/python2.7/site-packages/neutron_lib/callbacks/manager.py:167
2018-09-12 09:11:42.820 4351 INFO neutron.wsgi [req-c1c6bc29-46c0-4ec2-958c-e5b17e5a98ab 55b191cca8cc468d8e5831144e357a76 4eeeddb45ad446a68ed4de7bd550932a - default default] 10.0.20.20 "GET /v2.0/ports?device_id=c0e4ee34-c957-4fd9-aecf-b518aa1d214d HTTP/1.1" status: 200  len: 1124 time: 0.5616021
2018-09-12 09:11:43.015 4351 INFO neutron.wsgi [req-a11976ab-ada6-4e37-964b-7896218e19b0 55b191cca8cc468d8e5831144e357a76 4eeeddb45ad446a68ed4de7bd550932a - default default] 10.0.20.20 "GET /v2.0/security-groups?id=e15788f4-44bc-4e17-be60-e4226d096ada HTTP/1.1" status: 200  len: 2118 time: 0.1856279
2018-09-12 09:11:44.004 4371 DEBUG neutron.db.agents_db [req-76c74d35-40c7-4690-a7ed-567eff5f33c4 - - - - -] Agent healthcheck: found 5 active agents agent_health_check /usr/lib/python2.7/site-packages/neutron/db/agents_db.py:281
2018-09-12 09:11:56.656 4363 DEBUG neutron_lib.callbacks.manager [req-39a7ac33-dbf8-4388-a627-a44c6eef2725 - - - - -] Notify callbacks ['neutron.services.segments.db._update_segment_host_mapping_for_agent-8782314217507'] for agent, after_update _notify_loop /usr/lib/python2.7/site-packages/neutron_lib/callbacks/manager.py:167
2018-09-12 09:12:00.378 4351 INFO neutron.wsgi [req-18d838c0-ade9-49ec-89f4-6470d49149a7 6e71b2a14e594965b2a37443939bfe68 439bc7d8fac048dba1f357801fefcf0a - aae4724ce4804bf780edcdb1a1b47ef9 aae4724ce4804bf780edcdb1a1b47ef9] 10.0.20.20 "GET /v2.0/ports?device_id=c0e4ee34-c957-4fd9-aecf-b518aa1d214d HTTP/1.1" status: 200  len: 1124 time: 0.4485002
2018-09-12 09:12:00.517 4351 INFO neutron.wsgi [req-b2f71e6c-6c30-4d45-8871-738951499b8e 6e71b2a14e594965b2a37443939bfe68 439bc7d8fac048dba1f357801fefcf0a - aae4724ce4804bf780edcdb1a1b47ef9 aae4724ce4804bf780edcdb1a1b47ef9] 10.0.20.20 "GET /v2.0/security-groups?id=e15788f4-44bc-4e17-be60-e4226d096ada HTTP/1.1" status: 200  len: 2118 time: 0.1286211
2018-09-12 09:12:12.072 4369 DEBUG neutron_lib.callbacks.manager [req-a01705fc-a904-48cf-a5f6-997846a5328f - - - - -] Notify callbacks ['neutron.services.segments.db._update_segment_host_mapping_for_agent-8782314217507'] for agent, after_update _notify_loop /usr/lib/python2.7/site-packages/neutron_lib/callbacks/manager.py:167
2018-09-12 09:12:12.405 4358 DEBUG neutron_lib.callbacks.manager [req-55d826d8-79ea-4d88-8254-2f7d94b31800 - - - - -] Notify callbacks ['neutron.services.segments.db._update_segment_host_mapping_for_agent-8782314217507'] for agent, after_update _notify_loop /usr/lib/python2.7/site-packages/neutron_lib/callbacks/manager.py:167
2018-09-12 09:12:12.417 4359 DEBUG neutron_lib.callbacks.manager [req-78a04963-e45f-4dea-9a07-cb7c155a589f - - - - -] Notify callbacks ['neutron.services.segments.db._update_segment_host_mapping_for_agent-8782314217507'] for agent, after_update _notify_loop /usr/lib/python2.7/site-packages/neutron_lib/callbacks/manager.py:167
2018-09-12 09:12:12.515 4365 DEBUG neutron_lib.callbacks.manager [req-d75cecf2-89f9-4609-9973-def206752cbc - - - - -] Notify callbacks ['neutron.services.segments.db._update_segment_host_mapping_for_agent-8782314217507'] for agent, after_update _notify_loop /usr/lib/python2.7/site-packages/neutron_lib/callbacks/manager.py:167
2018-09-12 09:12:15.026 4357 INFO neutron.wsgi [req-f387fffb-4aec-4e3e-9c64-205e6058ddd3 6e71b2a14e594965b2a37443939bfe68 439bc7d8fac048dba1f357801fefcf0a - aae4724ce4804bf780edcdb1a1b47ef9 aae4724ce4804bf780edcdb1a1b47ef9] 10.0.20.20 "GET /v2.0/ports?device_id=c0e4ee34-c957-4fd9-aecf-b518aa1d214d HTTP/1.1" status: 200  len: 1124 time: 1.2029648
2018-09-12 09:12:15.191 4357 INFO neutron.wsgi [req-57273417-d10b-49b3-a6bc-95b7a3ed0966 6e71b2a14e594965b2a37443939bfe68 439bc7d8fac048dba1f357801fefcf0a - aae4724ce4804bf780edcdb1a1b47ef9 aae4724ce4804bf780edcdb1a1b47ef9] 10.0.20.20 "GET /v2.0/security-groups?id=e15788f4-44bc-4e17-be60-e4226d096ada HTTP/1.1" status: 200  len: 2118 time: 0.1533170
2018-09-12 09:12:18.023 4351 DEBUG neutron.wsgi [req-1f73945b-a5de-4d4f-beb2-0e6bc4b8fe96 4908d30772484af5acfd6cad53700efe 6287b822f8c7406996533abfc727d61f - c5dbbed93c98413faf15080e5843df48 c5dbbed93c98413faf15080e5843df48] (4351) timed out ('10.0.20.20', 47520) process_request /usr/lib/python2.7/site-packages/eventlet/wsgi.py:739
2018-09-12 09:12:21.011 4371 DEBUG neutron.db.agents_db [req-76c74d35-40c7-4690-a7ed-567eff5f33c4 - - - - -] Agent healthcheck: found 5 active agents agent_health_check /usr/lib/python2.7/site-packages/neutron/db/agents_db.py:281
2018-09-12 09:12:26.267 4354 INFO neutron.wsgi [req-4f0663bb-da23-4d03-9f2b-396164381aa2 23e04251e35a4af8836d799cdbc6c009 4eeeddb45ad446a68ed4de7bd550932a - default default] 10.0.20.20 "GET /v2.0/ports?tenant_id=439bc7d8fac048dba1f357801fefcf0a&device_id=c0e4ee34-c957-4fd9-aecf-b518aa1d214d HTTP/1.1" status: 200  len: 1124 time: 0.1367450
2018-09-12 09:12:26.533 4354 DEBUG neutron.pecan_wsgi.hooks.policy_enforcement [req-ded91efe-6140-45ed-9725-fbddbeaf9898 23e04251e35a4af8836d799cdbc6c009 4eeeddb45ad446a68ed4de7bd550932a - default default] Attributes excluded by policy engine: [u'vlan_transparent'] _exclude_attributes_by_policy /usr/lib/python2.7/site-packages/neutron/pecan_wsgi/hooks/policy_enforcement.py:256
2018-09-12 09:12:26.536 4354 INFO neutron.wsgi [req-ded91efe-6140-45ed-9725-fbddbeaf9898 23e04251e35a4af8836d799cdbc6c009 4eeeddb45ad446a68ed4de7bd550932a - default default] 10.0.20.20 "GET /v2.0/networks?id=0814c251-601b-4bb5-9a10-9f8eef0d1781 HTTP/1.1" status: 200  len: 885 time: 0.2605059
2018-09-12 09:12:26.589 4354 INFO neutron.wsgi [req-a2774e93-70d2-465e-b0f8-2b5143d9f052 23e04251e35a4af8836d799cdbc6c009 4eeeddb45ad446a68ed4de7bd550932a - default default] 10.0.20.20 "GET /v2.0/floatingips?fixed_ip_address=11.243.1.9&port_id=eb944b9c-a2ea-4f3e-a241-d8fd68bb5c76 HTTP/1.1" status: 200  len: 751 time: 0.0433669
2018-09-12 09:12:26.676 4360 DEBUG neutron_lib.callbacks.manager [req-5a29a298-95fb-4f1c-900d-39fcb05a2a75 - - - - -] Notify callbacks ['neutron.services.segments.db._update_segment_host_mapping_for_agent-8782314217507'] for agent, after_update _notify_loop /usr/lib/python2.7/site-packages/neutron_lib/callbacks/manager.py:167
2018-09-12 09:12:26.770 4354 DEBUG neutron.pecan_wsgi.hooks.policy_enforcement [req-da1f2d48-cee1-4de5-98b1-f1dd19701cec 23e04251e35a4af8836d799cdbc6c009 4eeeddb45ad446a68ed4de7bd550932a - default default] Attributes excluded by policy engine: [u'shared'] _exclude_attributes_by_policy /usr/lib/python2.7/site-packages/neutron/pecan_wsgi/hooks/policy_enforcement.py:256
2018-09-12 09:12:26.775 4354 INFO neutron.wsgi [req-da1f2d48-cee1-4de5-98b1-f1dd19701cec 23e04251e35a4af8836d799cdbc6c009 4eeeddb45ad446a68ed4de7bd550932a - default default] 10.0.20.20 "GET /v2.0/subnets?id=5dd861ea-200e-42f4-bd4f-2da1bc850dc0 HTTP/1.1" status: 200  len: 847 time: 0.1782260
2018-09-12 09:12:26.920 4354 INFO neutron.wsgi [req-2e29d1b7-6bed-49b4-82e2-6bff02291662 23e04251e35a4af8836d799cdbc6c009 4eeeddb45ad446a68ed4de7bd550932a - default default] 10.0.20.20 "GET /v2.0/ports?network_id=0814c251-601b-4bb5-9a10-9f8eef0d1781&device_owner=network%3Adhcp HTTP/1.1" status: 200  len: 1128 time: 0.1315069
2018-09-12 09:12:29.958 4357 INFO neutron.wsgi [req-bebb56b1-9d67-4e5a-9ac9-1265ab42cf8e 6e71b2a14e594965b2a37443939bfe68 439bc7d8fac048dba1f357801fefcf0a - aae4724ce4804bf780edcdb1a1b47ef9 aae4724ce4804bf780edcdb1a1b47ef9] 10.0.20.20 "GET /v2.0/ports?device_id=c0e4ee34-c957-4fd9-aecf-b518aa1d214d HTTP/1.1" status: 200  len: 1124 time: 0.8450789
2018-09-12 09:12:30.099 4357 INFO neutron.wsgi [req-33d0c896-956e-4785-abd9-07dddd9a9abc 6e71b2a14e594965b2a37443939bfe68 439bc7d8fac048dba1f357801fefcf0a - aae4724ce4804bf780edcdb1a1b47ef9 aae4724ce4804bf780edcdb1a1b47ef9] 10.0.20.20 "GET /v2.0/security-groups?id=e15788f4-44bc-4e17-be60-e4226d096ada HTTP/1.1" status: 200  len: 2118 time: 0.1321440
2018-09-12 09:12:42.051 4364 DEBUG neutron_lib.callbacks.manager [req-a01705fc-a904-48cf-a5f6-997846a5328f - - - - -] Notify callbacks ['neutron.services.segments.db._update_segment_host_mapping_for_agent-8782314217507'] for agent, after_update _notify_loop /usr/lib/python2.7/site-packages/neutron_lib/callbacks/manager.py:167
2018-09-12 09:12:42.389 4367 DEBUG neutron_lib.callbacks.manager [req-55d826d8-79ea-4d88-8254-2f7d94b31800 - - - - -] Notify callbacks ['neutron.services.segments.db._update_segment_host_mapping_for_agent-8782314217507'] for agent, after_update _notify_loop /usr/lib/python2.7/site-packages/neutron_lib/callbacks/manager.py:167
2018-09-12 09:12:42.392 4357 INFO neutron.wsgi [req-5e24ed9e-d777-4223-ac85-370933db691f 6e71b2a14e594965b2a37443939bfe68 439bc7d8fac048dba1f357801fefcf0a - aae4724ce4804bf780edcdb1a1b47ef9 aae4724ce4804bf780edcdb1a1b47ef9] 10.0.20.20 "GET /v2.0/ports?device_id=c0e4ee34-c957-4fd9-aecf-b518aa1d214d HTTP/1.1" status: 200  len: 1124 time: 0.7305019
2018-09-12 09:12:42.404 4366 DEBUG neutron_lib.callbacks.manager [req-7787d659-6b0b-4756-ab7b-5d3f037b3da5 - - - - -] Notify callbacks ['neutron.services.segments.db._update_segment_host_mapping_for_agent-8782314217507'] for agent, after_update _notify_loop /usr/lib/python2.7/site-packages/neutron_lib/callbacks/manager.py:167
2018-09-12 09:12:42.493 4363 DEBUG neutron_lib.callbacks.manager [req-d75cecf2-89f9-4609-9973-def206752cbc - - - - -] Notify callbacks ['neutron.services.segments.db._update_segment_host_mapping_for_agent-8782314217507'] for agent, after_update _notify_loop /usr/lib/python2.7/site-packages/neutron_lib/callbacks/manager.py:167
2018-09-12 09:12:42.521 4357 INFO neutron.wsgi [req-ce97564e-291c-49fe-93db-3b4dd89eb03a 6e71b2a14e594965b2a37443939bfe68 439bc7d8fac048dba1f357801fefcf0a - aae4724ce4804bf780edcdb1a1b47ef9 aae4724ce4804bf780edcdb1a1b47ef9] 10.0.20.20 "GET /v2.0/security-groups?id=e15788f4-44bc-4e17-be60-e4226d096ada HTTP/1.1" status: 200  len: 2118 time: 0.1186550
2018-09-12 09:12:54.678 4357 INFO neutron.wsgi [req-30c6b51e-7c97-41f0-b9fe-1f2e73e92be6 6e71b2a14e594965b2a37443939bfe68 439bc7d8fac048dba1f357801fefcf0a - aae4724ce4804bf780edcdb1a1b47ef9 aae4724ce4804bf780edcdb1a1b47ef9] 10.0.20.20 "GET /v2.0/ports?device_id=c0e4ee34-c957-4fd9-aecf-b518aa1d214d HTTP/1.1" status: 200  len: 1124 time: 0.7724249
2018-09-12 09:12:54.856 4357 INFO neutron.wsgi [req-4d80c6dc-c7c5-4286-b18a-376e7b962705 6e71b2a14e594965b2a37443939bfe68 439bc7d8fac048dba1f357801fefcf0a - aae4724ce4804bf780edcdb1a1b47ef9 aae4724ce4804bf780edcdb1a1b47ef9] 10.0.20.20 "GET /v2.0/security-groups?id=e15788f4-44bc-4e17-be60-e4226d096ada HTTP/1.1" status: 200  len: 2118 time: 0.1643660
2018-09-12 09:12:56.752 4369 DEBUG neutron_lib.callbacks.manager [req-b9a93d08-88c6-4a65-95d8-e98fdfaf0bb2 - - - - -] Notify callbacks ['neutron.services.segments.db._update_segment_host_mapping_for_agent-8782314217507'] for agent, after_update _notify_loop /usr/lib/python2.7/site-packages/neutron_lib/callbacks/manager.py:167
2018-09-12 09:12:58.014 4371 DEBUG neutron.db.agents_db [req-76c74d35-40c7-4690-a7ed-567eff5f33c4 - - - - -] Agent healthcheck: found 5 active agents agent_health_check /usr/lib/python2.7/site-packages/neutron/db/agents_db.py:281
