2018-06-26 17:49:16.242 18402 INFO neutron.api.v2.resource [req-46859c1b-bde7-4441-afb6-f7a60ba1723b d1ec4f2732e546908e81c43a1edee628 77eed12297bc4ea4986c0b511ee47435 - 0aaf7c7185a648419bbc656ab5ba2091 0aaf7c7185a648419bbc656ab5ba2091] show failed (client error): The resource could not be found.
2018-06-26 17:49:16.245 18402 INFO neutron.wsgi [req-46859c1b-bde7-4441-afb6-f7a60ba1723b d1ec4f2732e546908e81c43a1edee628 77eed12297bc4ea4986c0b511ee47435 - 0aaf7c7185a648419bbc656ab5ba2091 0aaf7c7185a648419bbc656ab5ba2091] 10.0.20.26 "GET /v2.0/floatingips/172.24.4.4 HTTP/1.1" status: 404  len: 325 time: 0.6810920
2018-06-26 17:49:16.307 18402 INFO neutron.wsgi [req-aa0f9eaf-e72e-4bcf-8d13-da56265d27e8 d1ec4f2732e546908e81c43a1edee628 77eed12297bc4ea4986c0b511ee47435 - 0aaf7c7185a648419bbc656ab5ba2091 0aaf7c7185a648419bbc656ab5ba2091] 10.0.20.26 "GET /v2.0/floatingips HTTP/1.1" status: 200  len: 1207 time: 0.0554080
2018-06-26 17:49:16.406 18402 DEBUG neutron.plugins.ml2.plugin [req-c051238a-cbfe-44fe-8e4d-d5b429e7db3b d1ec4f2732e546908e81c43a1edee628 77eed12297bc4ea4986c0b511ee47435 - 0aaf7c7185a648419bbc656ab5ba2091 0aaf7c7185a648419bbc656ab5ba2091] Deleting port 9d3071c3-19b7-4145-b122-d127882dd399 _pre_delete_port /usr/lib/python2.7/site-packages/neutron/plugins/ml2/plugin.py:1488
2018-06-26 17:49:16.407 18402 DEBUG neutron_lib.callbacks.manager [req-c051238a-cbfe-44fe-8e4d-d5b429e7db3b d1ec4f2732e546908e81c43a1edee628 77eed12297bc4ea4986c0b511ee47435 - 0aaf7c7185a648419bbc656ab5ba2091 0aaf7c7185a648419bbc656ab5ba2091] Notify callbacks ['neutron.db.l3_db._prevent_l3_port_delete_callback--9223363296965636596'] for port, before_delete _notify_loop /usr/lib/python2.7/site-packages/neutron_lib/callbacks/manager.py:167
2018-06-26 17:49:16.847 18402 DEBUG neutron.plugins.ml2.plugin [req-c051238a-cbfe-44fe-8e4d-d5b429e7db3b d1ec4f2732e546908e81c43a1edee628 77eed12297bc4ea4986c0b511ee47435 - 0aaf7c7185a648419bbc656ab5ba2091 0aaf7c7185a648419bbc656ab5ba2091] Calling delete_port for 9d3071c3-19b7-4145-b122-d127882dd399 owned by network:floatingip delete_port /usr/lib/python2.7/site-packages/neutron/plugins/ml2/plugin.py:1547
2018-06-26 17:49:16.936 18404 INFO neutron.wsgi [req-8b506751-7f0f-403d-9620-64b9a52c71be 34449420d71643ff9c143c132ecdb7b4 0d772b180b3c41e2ae2eba61c236b149 - default default] 10.0.20.26 "GET /v2.0/ports?device_id=9e04b9b6-33ca-494a-a576-8beac7eecb68 HTTP/1.1" status: 200  len: 1124 time: 0.8561289
2018-06-26 17:49:17.124 18404 INFO neutron.wsgi [req-93e6c5ee-fc94-43ee-8360-e2a58dca6afe 34449420d71643ff9c143c132ecdb7b4 0d772b180b3c41e2ae2eba61c236b149 - default default] 10.0.20.26 "GET /v2.0/security-groups?id=fe2edd1a-110c-4c3a-8ca3-ed4fbae81bda HTTP/1.1" status: 200  len: 2118 time: 0.1775179
2018-06-26 17:49:17.240 18402 DEBUG neutron_lib.callbacks.manager [req-c051238a-cbfe-44fe-8e4d-d5b429e7db3b d1ec4f2732e546908e81c43a1edee628 77eed12297bc4ea4986c0b511ee47435 - 0aaf7c7185a648419bbc656ab5ba2091 0aaf7c7185a648419bbc656ab5ba2091] Notify callbacks ['neutron.db.l3_db._notify_routers_callback--9223363296965665314', 'neutron.plugins.ml2.plugin.Ml2Plugin.notify_sg_on_port_change-66941183', 'neutron.plugins.ml2.ovo_rpc._ObjectChangeHandler.handle_event-610308', 'neutron.api.rpc.agentnotifiers.dhcp_rpc_agent_api.DhcpAgentNotifyAPI._native_event_send_dhcp_notification--9223372036854059019', 'neutron.db.l3_dvrscheduler_db._notify_port_delete--9223363296966204721'] for port, after_delete _notify_loop /usr/lib/python2.7/site-packages/neutron_lib/callbacks/manager.py:167
2018-06-26 17:49:17.241 18418 DEBUG neutron.db.agents_db [req-51741810-f947-4cdf-a1c9-223f4f7d3242 - - - - -] Agent healthcheck: found 5 active agents agent_health_check /usr/lib/python2.7/site-packages/neutron/db/agents_db.py:281
2018-06-26 17:49:17.275 18402 DEBUG oslo_concurrency.lockutils [-] Lock "event-dispatch" acquired by "neutron.plugins.ml2.ovo_rpc.dispatch_events" :: waited 0.000s inner /usr/lib/python2.7/site-packages/oslo_concurrency/lockutils.py:270
2018-06-26 17:49:17.463 18402 DEBUG neutron.api.rpc.handlers.resources_rpc [req-c051238a-cbfe-44fe-8e4d-d5b429e7db3b d1ec4f2732e546908e81c43a1edee628 77eed12297bc4ea4986c0b511ee47435 - - -] neutron.api.rpc.handlers.resources_rpc.ResourcesPushRpcApi method push called with arguments (<neutron_lib.context.Context object at 0x7f2e9ed01610>, [Port(admin_state_up=<?>,allowed_address_pairs=<?>,binding=<?>,binding_levels=<?>,created_at=<?>,data_plane_status=<?>,description=<?>,device_id=<?>,device_owner=<?>,dhcp_options=<?>,distributed_binding=<?>,dns=<?>,fixed_ips=<?>,id=9d3071c3-19b7-4145-b122-d127882dd399,mac_address=<?>,name=<?>,network_id=<?>,project_id=<?>,qos_policy_id=None,revision_number=<?>,security=<?>,security_group_ids=None,status=<?>,updated_at=<?>)], 'deleted') {} wrapper /usr/lib/python2.7/site-packages/oslo_log/helpers.py:66
2018-06-26 17:49:17.512 18402 DEBUG neutron.api.rpc.callbacks.version_manager [req-c051238a-cbfe-44fe-8e4d-d5b429e7db3b d1ec4f2732e546908e81c43a1edee628 77eed12297bc4ea4986c0b511ee47435 - - -] Version for resource type Subnet changed None to 1.0 on consumer Open vSwitch agent@localhost.localdomain _set_version /usr/lib/python2.7/site-packages/neutron/api/rpc/callbacks/version_manager.py:119
2018-06-26 17:49:17.513 18402 DEBUG neutron.api.rpc.callbacks.version_manager [req-c051238a-cbfe-44fe-8e4d-d5b429e7db3b d1ec4f2732e546908e81c43a1edee628 77eed12297bc4ea4986c0b511ee47435 - - -] Version for resource type Network changed None to 1.0 on consumer Open vSwitch agent@localhost.localdomain _set_version /usr/lib/python2.7/site-packages/neutron/api/rpc/callbacks/version_manager.py:119
2018-06-26 17:49:17.514 18402 DEBUG neutron.api.rpc.callbacks.version_manager [req-c051238a-cbfe-44fe-8e4d-d5b429e7db3b d1ec4f2732e546908e81c43a1edee628 77eed12297bc4ea4986c0b511ee47435 - - -] Version for resource type SubPort changed None to 1.0 on consumer Open vSwitch agent@localhost.localdomain _set_version /usr/lib/python2.7/site-packages/neutron/api/rpc/callbacks/version_manager.py:119
2018-06-26 17:49:17.515 18402 DEBUG neutron.api.rpc.callbacks.version_manager [req-c051238a-cbfe-44fe-8e4d-d5b429e7db3b d1ec4f2732e546908e81c43a1edee628 77eed12297bc4ea4986c0b511ee47435 - - -] Version for resource type SecurityGroup changed None to 1.0 on consumer Open vSwitch agent@localhost.localdomain _set_version /usr/lib/python2.7/site-packages/neutron/api/rpc/callbacks/version_manager.py:119
2018-06-26 17:49:17.516 18402 DEBUG neutron.api.rpc.callbacks.version_manager [req-c051238a-cbfe-44fe-8e4d-d5b429e7db3b d1ec4f2732e546908e81c43a1edee628 77eed12297bc4ea4986c0b511ee47435 - - -] Version for resource type SecurityGroupRule changed None to 1.0 on consumer Open vSwitch agent@localhost.localdomain _set_version /usr/lib/python2.7/site-packages/neutron/api/rpc/callbacks/version_manager.py:119
2018-06-26 17:49:17.517 18402 DEBUG neutron.api.rpc.callbacks.version_manager [req-c051238a-cbfe-44fe-8e4d-d5b429e7db3b d1ec4f2732e546908e81c43a1edee628 77eed12297bc4ea4986c0b511ee47435 - - -] Version for resource type Trunk changed None to 1.1 on consumer Open vSwitch agent@localhost.localdomain _set_version /usr/lib/python2.7/site-packages/neutron/api/rpc/callbacks/version_manager.py:119
2018-06-26 17:49:17.518 18402 DEBUG neutron.api.rpc.callbacks.version_manager [req-c051238a-cbfe-44fe-8e4d-d5b429e7db3b d1ec4f2732e546908e81c43a1edee628 77eed12297bc4ea4986c0b511ee47435 - - -] Version for resource type QosPolicy changed None to 1.6 on consumer Open vSwitch agent@localhost.localdomain _set_version /usr/lib/python2.7/site-packages/neutron/api/rpc/callbacks/version_manager.py:119
2018-06-26 17:49:17.518 18402 DEBUG neutron.api.rpc.callbacks.version_manager [req-c051238a-cbfe-44fe-8e4d-d5b429e7db3b d1ec4f2732e546908e81c43a1edee628 77eed12297bc4ea4986c0b511ee47435 - - -] Version for resource type Port changed None to 1.1 on consumer Open vSwitch agent@localhost.localdomain _set_version /usr/lib/python2.7/site-packages/neutron/api/rpc/callbacks/version_manager.py:119
2018-06-26 17:49:17.519 18402 DEBUG neutron.api.rpc.callbacks.version_manager [req-c051238a-cbfe-44fe-8e4d-d5b429e7db3b d1ec4f2732e546908e81c43a1edee628 77eed12297bc4ea4986c0b511ee47435 - - -] Version for resource type Log changed None to 1.0 on consumer Open vSwitch agent@localhost.localdomain _set_version /usr/lib/python2.7/site-packages/neutron/api/rpc/callbacks/version_manager.py:119
2018-06-26 17:49:17.583 18402 DEBUG oslo_concurrency.lockutils [req-c051238a-cbfe-44fe-8e4d-d5b429e7db3b d1ec4f2732e546908e81c43a1edee628 77eed12297bc4ea4986c0b511ee47435 - - -] Lock "event-dispatch" released by "neutron.plugins.ml2.ovo_rpc.dispatch_events" :: held 0.308s inner /usr/lib/python2.7/site-packages/oslo_concurrency/lockutils.py:282
2018-06-26 17:49:18.592 18402 DEBUG neutron.scheduler.l3_agent_scheduler [req-c051238a-cbfe-44fe-8e4d-d5b429e7db3b d1ec4f2732e546908e81c43a1edee628 77eed12297bc4ea4986c0b511ee47435 - 0aaf7c7185a648419bbc656ab5ba2091 0aaf7c7185a648419bbc656ab5ba2091] Router d8483724-a1aa-4b43-8c63-2bf76a2d7eab has already been hosted by L3 agent 7579a3a7-c911-4c20-8f69-3d18d2c83252 _get_candidates /usr/lib/python2.7/site-packages/neutron/scheduler/l3_agent_scheduler.py:141
2018-06-26 17:49:18.769 18402 DEBUG neutron.api.rpc.agentnotifiers.l3_rpc_agent_api [req-c051238a-cbfe-44fe-8e4d-d5b429e7db3b d1ec4f2732e546908e81c43a1edee628 77eed12297bc4ea4986c0b511ee47435 - 0aaf7c7185a648419bbc656ab5ba2091 0aaf7c7185a648419bbc656ab5ba2091] Notify agent at l3_agent.localhost.localdomain the message routers_updated _agent_notification /usr/lib/python2.7/site-packages/neutron/api/rpc/agentnotifiers/l3_rpc_agent_api.py:69
2018-06-26 17:49:18.804 18402 DEBUG neutron.quota.resource [req-c051238a-cbfe-44fe-8e4d-d5b429e7db3b d1ec4f2732e546908e81c43a1edee628 77eed12297bc4ea4986c0b511ee47435 - 0aaf7c7185a648419bbc656ab5ba2091 0aaf7c7185a648419bbc656ab5ba2091] Persisted dirty status for tenant:77eed12297bc4ea4986c0b511ee47435 on resource:floatingip mark_dirty /usr/lib/python2.7/site-packages/neutron/quota/resource.py:207
2018-06-26 17:49:18.820 18402 DEBUG neutron.quota.resource [req-c051238a-cbfe-44fe-8e4d-d5b429e7db3b d1ec4f2732e546908e81c43a1edee628 77eed12297bc4ea4986c0b511ee47435 - 0aaf7c7185a648419bbc656ab5ba2091 0aaf7c7185a648419bbc656ab5ba2091] Persisted dirty status for tenant: on resource:port mark_dirty /usr/lib/python2.7/site-packages/neutron/quota/resource.py:207
2018-06-26 17:49:18.821 18411 DEBUG neutron.db.l3_hamode_db [req-0cd42b03-e6e2-4aaf-8a10-6dc0e7148ccf - - - - -] neutron.services.l3_router.l3_router_plugin.L3RouterPlugin method get_ha_sync_data_for_host called with arguments (<neutron_lib.context.Context object at 0x7f2e9e6b1750>, u'localhost.localdomain', <neutron.db.models.agent.Agent[object at 7f2e9e9eb910] {id=u'7579a3a7-c911-4c20-8f69-3d18d2c83252', agent_type=u'L3 agent', binary=u'neutron-l3-agent', topic=u'l3_agent', host=u'localhost.localdomain', availability_zone=u'nova', admin_state_up=True, created_at=datetime.datetime(2018, 6, 6, 18, 7, 18), started_at=datetime.datetime(2018, 6, 26, 15, 26, 13), heartbeat_timestamp=datetime.datetime(2018, 6, 26, 15, 49, 13), description=None, configurations=u'{"agent_mode": "legacy", "gateway_external_network_id": "", "handle_internal_only_routers": true, "routers": 3, "interfaces": 3, "floating_ips": 1, "interface_driver": "neutron.agent.linux.interface.OVSInterfaceDriver", "log_agent_heartbeats": false, "external_network_bridge": "", "ex_gw_ports": 3}', resource_versions=None, load=0}>) {'active': True, 'router_ids': ['d8483724-a1aa-4b43-8c63-2bf76a2d7eab']} wrapper /usr/lib/python2.7/site-packages/oslo_log/helpers.py:66
2018-06-26 17:49:18.829 18402 DEBUG neutron_lib.callbacks.manager [req-c051238a-cbfe-44fe-8e4d-d5b429e7db3b d1ec4f2732e546908e81c43a1edee628 77eed12297bc4ea4986c0b511ee47435 - 0aaf7c7185a648419bbc656ab5ba2091 0aaf7c7185a648419bbc656ab5ba2091] Notify callbacks ['neutron.notifiers.nova.Notifier._send_nova_notification--9223372036854761038'] for floatingip, before_response _notify_loop /usr/lib/python2.7/site-packages/neutron_lib/callbacks/manager.py:167
2018-06-26 17:49:18.963 18402 INFO neutron.wsgi [req-c051238a-cbfe-44fe-8e4d-d5b429e7db3b d1ec4f2732e546908e81c43a1edee628 77eed12297bc4ea4986c0b511ee47435 - 0aaf7c7185a648419bbc656ab5ba2091 0aaf7c7185a648419bbc656ab5ba2091] 10.0.20.26 "DELETE /v2.0/floatingips/daad9bd8-80f1-4914-912d-8b7c82cb313e HTTP/1.1" status: 204  len: 173 time: 2.6459250
2018-06-26 17:49:18.965 18402 DEBUG oslo_concurrency.lockutils [-] Lock "notifier-8db2efad-bce6-4700-b2c2-9a8460b2a199" acquired by "neutron.notifiers.batch_notifier.synced_send" :: waited 0.000s inner /usr/lib/python2.7/site-packages/oslo_concurrency/lockutils.py:270
2018-06-26 17:49:18.965 18402 DEBUG neutron.notifiers.nova [-] Sending events: [{'tag': u'229e20fd-8aa6-403e-8ad8-366551bae7f3', 'name': 'network-changed', 'server_uuid': u'9e04b9b6-33ca-494a-a576-8beac7eecb68'}] send_events /usr/lib/python2.7/site-packages/neutron/notifiers/nova.py:242
2018-06-26 17:49:18.971 18402 DEBUG novaclient.v2.client [-] REQ: curl -g -i -X POST http://10.0.20.26:8774/v2.1/0d772b180b3c41e2ae2eba61c236b149/os-server-external-events -H "User-Agent: python-novaclient" -H "Content-Type: application/json" -H "Accept: application/json" -H "X-OpenStack-Nova-API-Version: 2.1" -H "X-Auth-Token: {SHA1}438a8bbb609539138dced27755b61b9d547091d6" -d '{"events": [{"tag": "229e20fd-8aa6-403e-8ad8-366551bae7f3", "name": "network-changed", "server_uuid": "9e04b9b6-33ca-494a-a576-8beac7eecb68"}]}' _http_log_request /usr/lib/python2.7/site-packages/keystoneauth1/session.py:375
2018-06-26 17:49:19.185 18402 DEBUG novaclient.v2.client [-] RESP: [200] Content-Length: 179 Content-Type: application/json Openstack-Api-Version: compute 2.1 X-Openstack-Nova-Api-Version: 2.1 Vary: OpenStack-API-Version, X-OpenStack-Nova-API-Version X-Openstack-Request-Id: req-2f667622-f3d6-45d1-b7b2-4203363a645e X-Compute-Request-Id: req-2f667622-f3d6-45d1-b7b2-4203363a645e Date: Tue, 26 Jun 2018 15:49:19 GMT Connection: keep-alive 
RESP BODY: {"events": [{"status": "completed", "tag": "229e20fd-8aa6-403e-8ad8-366551bae7f3", "name": "network-changed", "server_uuid": "9e04b9b6-33ca-494a-a576-8beac7eecb68", "code": 200}]}
 _http_log_response /usr/lib/python2.7/site-packages/keystoneauth1/session.py:423
2018-06-26 17:49:19.186 18402 DEBUG novaclient.v2.client [-] POST call to compute for http://10.0.20.26:8774/v2.1/0d772b180b3c41e2ae2eba61c236b149/os-server-external-events used request id req-2f667622-f3d6-45d1-b7b2-4203363a645e request /usr/lib/python2.7/site-packages/keystoneauth1/session.py:727
2018-06-26 17:49:19.193 18402 INFO neutron.notifiers.nova [-] Nova event response: {u'status': u'completed', u'tag': u'229e20fd-8aa6-403e-8ad8-366551bae7f3', u'name': u'network-changed', u'server_uuid': u'9e04b9b6-33ca-494a-a576-8beac7eecb68', u'code': 200}
2018-06-26 17:49:19.426 18404 INFO neutron.wsgi [req-50cbfa8d-ad31-4d23-8b13-7f7178dd56c3 2381c87c24634e059255e904a45e06ef 0d772b180b3c41e2ae2eba61c236b149 - default default] 10.0.20.26 "GET /v2.0/ports?tenant_id=77eed12297bc4ea4986c0b511ee47435&device_id=9e04b9b6-33ca-494a-a576-8beac7eecb68 HTTP/1.1" status: 200  len: 1124 time: 0.1824608
2018-06-26 17:49:19.752 18404 DEBUG neutron.pecan_wsgi.hooks.policy_enforcement [req-4b28820b-71d1-4a3b-ab67-a90f2030a784 2381c87c24634e059255e904a45e06ef 0d772b180b3c41e2ae2eba61c236b149 - default default] Attributes excluded by policy engine: [u'vlan_transparent'] _exclude_attributes_by_policy /usr/lib/python2.7/site-packages/neutron/pecan_wsgi/hooks/policy_enforcement.py:256
2018-06-26 17:49:19.756 18404 INFO neutron.wsgi [req-4b28820b-71d1-4a3b-ab67-a90f2030a784 2381c87c24634e059255e904a45e06ef 0d772b180b3c41e2ae2eba61c236b149 - default default] 10.0.20.26 "GET /v2.0/networks?id=8d87946a-ca59-498d-83e6-0454807d8d48 HTTP/1.1" status: 200  len: 885 time: 0.3228741
2018-06-26 17:49:19.803 18404 INFO neutron.wsgi [req-bf4e0019-6d8e-438e-b01a-13107a8bd367 2381c87c24634e059255e904a45e06ef 0d772b180b3c41e2ae2eba61c236b149 - default default] 10.0.20.26 "GET /v2.0/floatingips?fixed_ip_address=11.110.1.8&port_id=229e20fd-8aa6-403e-8ad8-366551bae7f3 HTTP/1.1" status: 200  len: 217 time: 0.0400050
2018-06-26 17:49:19.954 18404 DEBUG neutron.pecan_wsgi.hooks.policy_enforcement [req-acb80a5d-bacd-4984-a4b5-cd78d8856b97 2381c87c24634e059255e904a45e06ef 0d772b180b3c41e2ae2eba61c236b149 - default default] Attributes excluded by policy engine: [u'shared'] _exclude_attributes_by_policy /usr/lib/python2.7/site-packages/neutron/pecan_wsgi/hooks/policy_enforcement.py:256
2018-06-26 17:49:19.957 18404 INFO neutron.wsgi [req-acb80a5d-bacd-4984-a4b5-cd78d8856b97 2381c87c24634e059255e904a45e06ef 0d772b180b3c41e2ae2eba61c236b149 - default default] 10.0.20.26 "GET /v2.0/subnets?id=78c6e932-8fd6-4151-863b-ac81c065f4b9 HTTP/1.1" status: 200  len: 847 time: 0.1485128
2018-06-26 17:49:20.145 18404 INFO neutron.wsgi [req-639d9624-e8a3-4145-a503-b097c57077c4 2381c87c24634e059255e904a45e06ef 0d772b180b3c41e2ae2eba61c236b149 - default default] 10.0.20.26 "GET /v2.0/ports?network_id=8d87946a-ca59-498d-83e6-0454807d8d48&device_owner=network%3Adhcp HTTP/1.1" status: 200  len: 1128 time: 0.1756930
2018-06-26 17:49:20.182 18411 DEBUG neutron.db.l3_hamode_db [req-0cd42b03-e6e2-4aaf-8a10-6dc0e7148ccf - - - - -] neutron.services.l3_router.l3_router_plugin.L3RouterPlugin method _process_sync_ha_data called with arguments (<neutron_lib.context.Context object at 0x7f2e9e6b1750>, [{'status': u'ACTIVE', '_interfaces': [{'status': u'ACTIVE', 'subnets': [{'dns_nameservers': [u'8.8.4.4'], 'ipv6_ra_mode': None, 'gateway_ip': u'11.110.1.1', 'cidr': u'11.110.1.0/24', 'id': u'78c6e932-8fd6-4151-863b-ac81c065f4b9', 'subnetpool_id': None}], 'binding:host_id': u'localhost.localdomain', 'description': u'', 'allowed_address_pairs': [], 'tags': [], 'extra_dhcp_opts': [], 'updated_at': '2018-06-26T15:44:12Z', 'device_owner': u'network:router_interface', 'revision_number': 7, 'port_security_enabled': False, 'binding:profile': {}, 'mtu': 1450, 'fixed_ips': [{'subnet_id': u'78c6e932-8fd6-4151-863b-ac81c065f4b9', 'prefixlen': 24, 'ip_address': u'11.110.1.1'}], 'id': u'b2995daf-4007-42da-a922-da743e0f4fe1', 'security_groups': [], 'device_id': u'd8483724-a1aa-4b43-8c63-2bf76a2d7eab', 'name': u'', 'admin_state_up': True, 'network_id': u'8d87946a-ca59-498d-83e6-0454807d8d48', 'tenant_id': u'77eed12297bc4ea4986c0b511ee47435', 'binding:vif_details': {u'port_filter': True, u'datapath_type': u'system', u'ovs_hybrid_plug': True}, 'address_scopes': {4: None, 6: None}, 'binding:vnic_type': u'normal', 'binding:vif_type': u'ovs', 'mac_address': u'fa:16:3e:59:84:b3', 'project_id': u'77eed12297bc4ea4986c0b511ee47435', 'extra_subnets': [], 'created_at': '2018-06-26T15:44:03Z'}], 'enable_snat': True, 'ha_vr_id': 0, 'description': u'', 'tags': [], 'gw_port': {'status': u'ACTIVE', 'subnets': [{'dns_nameservers': [], 'ipv6_ra_mode': None, 'gateway_ip': u'172.24.4.1', 'cidr': u'172.24.4.0/24', 'id': u'606cc7a3-2eae-4ba0-be88-1f3c9fd67e5e', 'subnetpool_id': None}], 'binding:host_id': u'localhost.localdomain', 'description': u'', 'allowed_address_pairs': [], 'tags': [], 'extra_dhcp_opts': [], 'updated_at': '2018-06-26T15:44:26Z', 'device_owner': u'network:router_gateway', 'revision_number': 6, 'port_security_enabled': False, 'binding:profile': {}, 'mtu': 1500, 'fixed_ips': [{'subnet_id': u'606cc7a3-2eae-4ba0-be88-1f3c9fd67e5e', 'prefixlen': 24, 'ip_address': u'172.24.4.7'}], 'id': u'377a44ca-828a-406b-bd8b-3bb846cc221f', 'security_groups': [], 'device_id': u'd8483724-a1aa-4b43-8c63-2bf76a2d7eab', 'name': u'', 'admin_state_up': True, 'network_id': u'8fa9a212-be1e-480a-988d-8a3f899b6e3c', 'tenant_id': u'', 'binding:vif_details': {u'port_filter': True, u'datapath_type': u'system', u'ovs_hybrid_plug': True}, 'address_scopes': {4: None, 6: None}, 'binding:vnic_type': u'normal', 'binding:vif_type': u'ovs', 'mac_address': u'fa:16:3e:b1:17:10', 'project_id': u'', 'extra_subnets': [], 'created_at': '2018-06-26T15:44:18Z'}, 'updated_at': '2018-06-26T15:44:19Z', 'revision_number': 4, 'ha': False, 'id': u'd8483724-a1aa-4b43-8c63-2bf76a2d7eab', 'gw_port_host': u'localhost.localdomain', 'external_gateway_info': {'network_id': u'8fa9a212-be1e-480a-988d-8a3f899b6e3c', 'enable_snat': True, 'external_fixed_ips': [{'subnet_id': u'606cc7a3-2eae-4ba0-be88-1f3c9fd67e5e', 'ip_address': u'172.24.4.7'}]}, 'availability_zone_hints': [], 'availability_zones': [u'nova'], 'name': u'tempest-router-1530027637', 'gw_port_id': u'377a44ca-828a-406b-bd8b-3bb846cc221f', 'admin_state_up': True, 'tenant_id': u'77eed12297bc4ea4986c0b511ee47435', 'created_at': '2018-06-26T15:43:40Z', 'distributed': False, 'flavor_id': None, 'routes': [], 'project_id': u'77eed12297bc4ea4986c0b511ee47435'}], u'localhost.localdomain', False) {} wrapper /usr/lib/python2.7/site-packages/oslo_log/helpers.py:66
2018-06-26 17:49:20.192 18411 DEBUG neutron.api.rpc.handlers.l3_rpc [req-0cd42b03-e6e2-4aaf-8a10-6dc0e7148ccf - - - - -] Checking router: d8483724-a1aa-4b43-8c63-2bf76a2d7eab for host: localhost.localdomain _ensure_host_set_on_ports /usr/lib/python2.7/site-packages/neutron/api/rpc/handlers/l3_rpc.py:135
2018-06-26 17:49:20.390 18413 DEBUG neutron.api.rpc.handlers.l3_rpc [req-3d55d18e-c68c-4290-8ad5-191c3dbf333c - - - - -] New status for floating IP daad9bd8-80f1-4914-912d-8b7c82cb313e: DOWN update_floatingip_statuses /usr/lib/python2.7/site-packages/neutron/api/rpc/handlers/l3_rpc.py:252
2018-06-26 17:49:21.195 18402 DEBUG oslo_concurrency.lockutils [-] Lock "notifier-8db2efad-bce6-4700-b2c2-9a8460b2a199" released by "neutron.notifiers.batch_notifier.synced_send" :: held 2.231s inner /usr/lib/python2.7/site-packages/oslo_concurrency/lockutils.py:282
2018-06-26 17:49:26.631 18409 DEBUG neutron_lib.callbacks.manager [req-037d8e87-ce26-4fbb-82a6-5a683fbfad97 - - - - -] Notify callbacks ['neutron.services.segments.db._update_segment_host_mapping_for_agent-8739888931920'] for agent, after_update _notify_loop /usr/lib/python2.7/site-packages/neutron_lib/callbacks/manager.py:167
2018-06-26 17:49:26.676 18415 DEBUG neutron_lib.callbacks.manager [req-68ba5f5f-2dcb-4bc0-aaba-96a4b4e8244d - - - - -] Notify callbacks ['neutron.services.segments.db._update_segment_host_mapping_for_agent-8739888931920'] for agent, after_update _notify_loop /usr/lib/python2.7/site-packages/neutron_lib/callbacks/manager.py:167
2018-06-26 17:49:26.754 18411 DEBUG neutron_lib.callbacks.manager [req-736d3984-69bb-4baa-949f-e45f43f7f716 - - - - -] Notify callbacks ['neutron.services.segments.db._update_segment_host_mapping_for_agent-8739888931920'] for agent, after_update _notify_loop /usr/lib/python2.7/site-packages/neutron_lib/callbacks/manager.py:167
2018-06-26 17:49:27.302 18406 INFO neutron.wsgi [req-8b98da94-fc37-4c51-9f86-40db4b40c303 95cf4ee261b740498c206cbae584ebbe 046e8009a8b544bfbe9ff50b26903464 - default default] 10.0.20.26 "GET /v2.0/ports?device_id=9e04b9b6-33ca-494a-a576-8beac7eecb68&device_id=d1d15b96-62bc-4091-b833-60c795f64ca3 HTTP/1.1" status: 200  len: 1124 time: 0.8449159
2018-06-26 17:49:27.498 18406 INFO neutron.wsgi [req-65ed2da1-e7b7-442b-a3a9-bb942150a4fd 95cf4ee261b740498c206cbae584ebbe 046e8009a8b544bfbe9ff50b26903464 - default default] 10.0.20.26 "GET /v2.0/security-groups?id=fe2edd1a-110c-4c3a-8ca3-ed4fbae81bda HTTP/1.1" status: 200  len: 2118 time: 0.1878719
2018-06-26 17:49:33.451 18412 DEBUG neutron_lib.callbacks.manager [req-110b73f3-9860-4969-b671-3455f5c7d90e - - - - -] Notify callbacks ['neutron.services.segments.db._update_segment_host_mapping_for_agent-8739888931920'] for agent, after_update _notify_loop /usr/lib/python2.7/site-packages/neutron_lib/callbacks/manager.py:167
2018-06-26 17:49:35.354 18404 INFO neutron.wsgi [req-ec7c3533-2f50-4aa2-8ae5-969962a96ef5 34449420d71643ff9c143c132ecdb7b4 0d772b180b3c41e2ae2eba61c236b149 - default default] 10.0.20.26 "GET /v2.0/ports?device_id=9e04b9b6-33ca-494a-a576-8beac7eecb68 HTTP/1.1" status: 200  len: 1124 time: 0.9850869
2018-06-26 17:49:35.560 18404 INFO neutron.wsgi [req-d0ac6264-a2fc-4100-8b20-c6296a73d244 34449420d71643ff9c143c132ecdb7b4 0d772b180b3c41e2ae2eba61c236b149 - default default] 10.0.20.26 "GET /v2.0/security-groups?id=fe2edd1a-110c-4c3a-8ca3-ed4fbae81bda HTTP/1.1" status: 200  len: 2118 time: 0.1944160
2018-06-26 17:49:37.286 18406 INFO neutron.wsgi [req-346a3afe-e074-4843-b123-a167a8e850ea 95cf4ee261b740498c206cbae584ebbe 046e8009a8b544bfbe9ff50b26903464 - default default] 10.0.20.26 "GET /v2.0/ports?device_id=9e04b9b6-33ca-494a-a576-8beac7eecb68 HTTP/1.1" status: 200  len: 1124 time: 1.2235761
2018-06-26 17:49:37.464 18406 INFO neutron.wsgi [req-afa6caea-a7c1-4cba-8fa8-b2ca8ac3e733 95cf4ee261b740498c206cbae584ebbe 046e8009a8b544bfbe9ff50b26903464 - default default] 10.0.20.26 "GET /v2.0/security-groups?id=fe2edd1a-110c-4c3a-8ca3-ed4fbae81bda HTTP/1.1" status: 200  len: 2118 time: 0.1695831
2018-06-26 17:49:40.229 18415 DEBUG neutron.plugins.ml2.rpc [req-110b73f3-9860-4969-b671-3455f5c7d90e - - - - -] Device 229e20fd-8aa6-403e-8ad8-366551bae7f3 no longer exists at agent ovs-agent-localhost.localdomain update_device_down /usr/lib/python2.7/site-packages/neutron/plugins/ml2/rpc.py:213
2018-06-26 17:49:40.625 18415 DEBUG neutron_lib.callbacks.manager [req-110b73f3-9860-4969-b671-3455f5c7d90e - - - - -] Notify callbacks ['neutron.plugins.ml2.plugin.Ml2Plugin._ensure_default_security_group_handler--9223372036787834742'] for port, before_update _notify_loop /usr/lib/python2.7/site-packages/neutron_lib/callbacks/manager.py:167
2018-06-26 17:49:40.751 18415 DEBUG oslo_concurrency.lockutils [-] Lock "notifier-8db2efad-bce6-4700-b2c2-9a8460b2a199" acquired by "neutron.notifiers.batch_notifier.synced_send" :: waited 0.000s inner /usr/lib/python2.7/site-packages/oslo_concurrency/lockutils.py:270
2018-06-26 17:49:40.753 18415 DEBUG neutron.notifiers.nova [-] Sending events: [{'status': 'completed', 'tag': u'229e20fd-8aa6-403e-8ad8-366551bae7f3', 'name': 'network-vif-unplugged', 'server_uuid': u'9e04b9b6-33ca-494a-a576-8beac7eecb68'}] send_events /usr/lib/python2.7/site-packages/neutron/notifiers/nova.py:242
2018-06-26 17:49:40.773 18415 DEBUG neutron.plugins.ml2.db [req-110b73f3-9860-4969-b671-3455f5c7d90e - - - - -] For port 229e20fd-8aa6-403e-8ad8-366551bae7f3, host localhost.localdomain, got binding levels [<neutron.plugins.ml2.models.PortBindingLevel[object at 7f2e9e5c7450] {port_id=u'229e20fd-8aa6-403e-8ad8-366551bae7f3', host=u'localhost.localdomain', level=0, driver=u'openvswitch', segment_id=u'75a24795-b94c-4ad1-a1db-408a9a37e485'}>] get_binding_levels /usr/lib/python2.7/site-packages/neutron/plugins/ml2/db.py:106
2018-06-26 17:49:40.788 18415 DEBUG neutron_lib.callbacks.manager [req-110b73f3-9860-4969-b671-3455f5c7d90e - - - - -] Notify callbacks ['neutron.plugins.ml2.plugin.Ml2Plugin.notify_sg_on_port_change-66941183', 'neutron.db.l3_dvrscheduler_db._notify_l3_agent_port_update-8739888571095', 'neutron.db.l3_hascheduler_db._notify_l3_agent_ha_port_update--9223363296966210006', 'neutron.plugins.ml2.ovo_rpc._ObjectChangeHandler.handle_event-610308', 'neutron.api.rpc.agentnotifiers.dhcp_rpc_agent_api.DhcpAgentNotifyAPI._native_event_send_dhcp_notification--9223372036854059019'] for port, after_update _notify_loop /usr/lib/python2.7/site-packages/neutron_lib/callbacks/manager.py:167
2018-06-26 17:49:40.825 18415 DEBUG oslo_concurrency.lockutils [-] Lock "event-dispatch" acquired by "neutron.plugins.ml2.ovo_rpc.dispatch_events" :: waited 0.000s inner /usr/lib/python2.7/site-packages/oslo_concurrency/lockutils.py:270
2018-06-26 17:49:41.022 18415 DEBUG neutron.api.rpc.handlers.resources_rpc [req-110b73f3-9860-4969-b671-3455f5c7d90e - - - - -] neutron.api.rpc.handlers.resources_rpc.ResourcesPushRpcApi method push called with arguments (<neutron_lib.context.Context object at 0x7f2e9e825610>, [Port(admin_state_up=True,allowed_address_pairs=[],binding=PortBinding,binding_levels=[PortBindingLevel],created_at=2018-06-26T15:44:42Z,data_plane_status=<?>,description='',device_id='9e04b9b6-33ca-494a-a576-8beac7eecb68',device_owner='compute:nova',dhcp_options=[],distributed_binding=None,dns=None,fixed_ips=[IPAllocation],id=229e20fd-8aa6-403e-8ad8-366551bae7f3,mac_address=fa:16:3e:2f:11:18,name='',network_id=8d87946a-ca59-498d-83e6-0454807d8d48,project_id='77eed12297bc4ea4986c0b511ee47435',qos_policy_id=None,revision_number=9,security=PortSecurity(229e20fd-8aa6-403e-8ad8-366551bae7f3),security_group_ids=set([fe2edd1a-110c-4c3a-8ca3-ed4fbae81bda]),status='DOWN',updated_at=2018-06-26T15:49:40Z)], 'updated') {} wrapper /usr/lib/python2.7/site-packages/oslo_log/helpers.py:66
2018-06-26 17:49:41.038 18415 DEBUG neutron.api.rpc.callbacks.version_manager [req-110b73f3-9860-4969-b671-3455f5c7d90e - - - - -] Version for resource type Subnet changed None to 1.0 on consumer Open vSwitch agent@localhost.localdomain _set_version /usr/lib/python2.7/site-packages/neutron/api/rpc/callbacks/version_manager.py:119
2018-06-26 17:49:41.039 18415 DEBUG neutron.api.rpc.callbacks.version_manager [req-110b73f3-9860-4969-b671-3455f5c7d90e - - - - -] Version for resource type Network changed None to 1.0 on consumer Open vSwitch agent@localhost.localdomain _set_version /usr/lib/python2.7/site-packages/neutron/api/rpc/callbacks/version_manager.py:119
2018-06-26 17:49:41.040 18415 DEBUG neutron.api.rpc.callbacks.version_manager [req-110b73f3-9860-4969-b671-3455f5c7d90e - - - - -] Version for resource type SubPort changed None to 1.0 on consumer Open vSwitch agent@localhost.localdomain _set_version /usr/lib/python2.7/site-packages/neutron/api/rpc/callbacks/version_manager.py:119
2018-06-26 17:49:41.040 18415 DEBUG neutron.api.rpc.callbacks.version_manager [req-110b73f3-9860-4969-b671-3455f5c7d90e - - - - -] Version for resource type SecurityGroup changed None to 1.0 on consumer Open vSwitch agent@localhost.localdomain _set_version /usr/lib/python2.7/site-packages/neutron/api/rpc/callbacks/version_manager.py:119
2018-06-26 17:49:41.041 18415 DEBUG neutron.api.rpc.callbacks.version_manager [req-110b73f3-9860-4969-b671-3455f5c7d90e - - - - -] Version for resource type SecurityGroupRule changed None to 1.0 on consumer Open vSwitch agent@localhost.localdomain _set_version /usr/lib/python2.7/site-packages/neutron/api/rpc/callbacks/version_manager.py:119
2018-06-26 17:49:41.042 18415 DEBUG neutron.api.rpc.callbacks.version_manager [req-110b73f3-9860-4969-b671-3455f5c7d90e - - - - -] Version for resource type Trunk changed None to 1.1 on consumer Open vSwitch agent@localhost.localdomain _set_version /usr/lib/python2.7/site-packages/neutron/api/rpc/callbacks/version_manager.py:119
2018-06-26 17:49:41.042 18415 DEBUG neutron.api.rpc.callbacks.version_manager [req-110b73f3-9860-4969-b671-3455f5c7d90e - - - - -] Version for resource type QosPolicy changed None to 1.6 on consumer Open vSwitch agent@localhost.localdomain _set_version /usr/lib/python2.7/site-packages/neutron/api/rpc/callbacks/version_manager.py:119
2018-06-26 17:49:41.044 18415 DEBUG neutron.api.rpc.callbacks.version_manager [req-110b73f3-9860-4969-b671-3455f5c7d90e - - - - -] Version for resource type Port changed None to 1.1 on consumer Open vSwitch agent@localhost.localdomain _set_version /usr/lib/python2.7/site-packages/neutron/api/rpc/callbacks/version_manager.py:119
2018-06-26 17:49:41.045 18415 DEBUG neutron.api.rpc.callbacks.version_manager [req-110b73f3-9860-4969-b671-3455f5c7d90e - - - - -] Version for resource type Log changed None to 1.0 on consumer Open vSwitch agent@localhost.localdomain _set_version /usr/lib/python2.7/site-packages/neutron/api/rpc/callbacks/version_manager.py:119
2018-06-26 17:49:41.063 18415 DEBUG oslo_concurrency.lockutils [req-110b73f3-9860-4969-b671-3455f5c7d90e - - - - -] Lock "event-dispatch" released by "neutron.plugins.ml2.ovo_rpc.dispatch_events" :: held 0.238s inner /usr/lib/python2.7/site-packages/oslo_concurrency/lockutils.py:282
2018-06-26 17:49:42.023 18415 DEBUG novaclient.v2.client [-] REQ: curl -g -i -X POST http://10.0.20.26:8774/v2.1/0d772b180b3c41e2ae2eba61c236b149/os-server-external-events -H "User-Agent: python-novaclient" -H "Content-Type: application/json" -H "Accept: application/json" -H "X-OpenStack-Nova-API-Version: 2.1" -H "X-Auth-Token: {SHA1}34afe5ffd15f488f51400b409a0b8978a8ef2d6f" -d '{"events": [{"status": "completed", "tag": "229e20fd-8aa6-403e-8ad8-366551bae7f3", "name": "network-vif-unplugged", "server_uuid": "9e04b9b6-33ca-494a-a576-8beac7eecb68"}]}' _http_log_request /usr/lib/python2.7/site-packages/keystoneauth1/session.py:375
2018-06-26 17:49:42.044 18404 INFO neutron.wsgi [req-e8c4a177-ee9c-4de9-99f5-a27b9b0ed2f1 95cf4ee261b740498c206cbae584ebbe 046e8009a8b544bfbe9ff50b26903464 - default default] 10.0.20.26 "GET /v2.0/ports?device_id=9e04b9b6-33ca-494a-a576-8beac7eecb68 HTTP/1.1" status: 200  len: 1122 time: 0.6785159
2018-06-26 17:49:42.073 18404 DEBUG neutron.wsgi [req-77944916-9b86-4a3c-b98f-1a2f66d48764 95cf4ee261b740498c206cbae584ebbe 046e8009a8b544bfbe9ff50b26903464 - default default] http://10.0.20.26:9696/v2.0/extensions returned with HTTP 200 __call__ /usr/lib/python2.7/site-packages/neutron/wsgi.py:715
2018-06-26 17:49:42.075 18404 INFO neutron.wsgi [req-77944916-9b86-4a3c-b98f-1a2f66d48764 95cf4ee261b740498c206cbae584ebbe 046e8009a8b544bfbe9ff50b26903464 - default default] 10.0.20.26 "GET /v2.0/extensions HTTP/1.1" status: 200  len: 8566 time: 0.0201068
2018-06-26 17:49:42.184 18404 DEBUG neutron.plugins.ml2.plugin [req-9649e3c6-4c0a-434a-933c-2e072097a787 95cf4ee261b740498c206cbae584ebbe 046e8009a8b544bfbe9ff50b26903464 - default default] Deleting port 229e20fd-8aa6-403e-8ad8-366551bae7f3 _pre_delete_port /usr/lib/python2.7/site-packages/neutron/plugins/ml2/plugin.py:1488
2018-06-26 17:49:42.185 18404 DEBUG neutron_lib.callbacks.manager [req-9649e3c6-4c0a-434a-933c-2e072097a787 95cf4ee261b740498c206cbae584ebbe 046e8009a8b544bfbe9ff50b26903464 - default default] Notify callbacks ['neutron.db.l3_db._prevent_l3_port_delete_callback--9223363296965636596'] for port, before_delete _notify_loop /usr/lib/python2.7/site-packages/neutron_lib/callbacks/manager.py:167
2018-06-26 17:49:42.586 18404 DEBUG neutron.plugins.ml2.db [req-9649e3c6-4c0a-434a-933c-2e072097a787 95cf4ee261b740498c206cbae584ebbe 046e8009a8b544bfbe9ff50b26903464 - default default] For port 229e20fd-8aa6-403e-8ad8-366551bae7f3, host localhost.localdomain, got binding levels [<neutron.plugins.ml2.models.PortBindingLevel[object at 7f2e9e039550] {port_id=u'229e20fd-8aa6-403e-8ad8-366551bae7f3', host=u'localhost.localdomain', level=0, driver=u'openvswitch', segment_id=u'75a24795-b94c-4ad1-a1db-408a9a37e485'}>] get_binding_levels /usr/lib/python2.7/site-packages/neutron/plugins/ml2/db.py:106
2018-06-26 17:49:42.623 18404 DEBUG neutron.plugins.ml2.plugin [req-9649e3c6-4c0a-434a-933c-2e072097a787 95cf4ee261b740498c206cbae584ebbe 046e8009a8b544bfbe9ff50b26903464 - default default] Calling delete_port for 229e20fd-8aa6-403e-8ad8-366551bae7f3 owned by compute:nova delete_port /usr/lib/python2.7/site-packages/neutron/plugins/ml2/plugin.py:1547
2018-06-26 17:49:42.655 18415 DEBUG novaclient.v2.client [-] RESP: [200] Content-Length: 185 Content-Type: application/json Openstack-Api-Version: compute 2.1 X-Openstack-Nova-Api-Version: 2.1 Vary: OpenStack-API-Version, X-OpenStack-Nova-API-Version X-Openstack-Request-Id: req-c9d68d7a-ed9d-4d31-870b-a096a8e39127 X-Compute-Request-Id: req-c9d68d7a-ed9d-4d31-870b-a096a8e39127 Date: Tue, 26 Jun 2018 15:49:42 GMT Connection: keep-alive 
RESP BODY: {"events": [{"status": "completed", "tag": "229e20fd-8aa6-403e-8ad8-366551bae7f3", "name": "network-vif-unplugged", "server_uuid": "9e04b9b6-33ca-494a-a576-8beac7eecb68", "code": 200}]}
 _http_log_response /usr/lib/python2.7/site-packages/keystoneauth1/session.py:423
2018-06-26 17:49:42.655 18415 DEBUG novaclient.v2.client [-] POST call to compute for http://10.0.20.26:8774/v2.1/0d772b180b3c41e2ae2eba61c236b149/os-server-external-events used request id req-c9d68d7a-ed9d-4d31-870b-a096a8e39127 request /usr/lib/python2.7/site-packages/keystoneauth1/session.py:727
2018-06-26 17:49:42.662 18415 INFO neutron.notifiers.nova [-] Nova event response: {u'status': u'completed', u'tag': u'229e20fd-8aa6-403e-8ad8-366551bae7f3', u'name': u'network-vif-unplugged', u'server_uuid': u'9e04b9b6-33ca-494a-a576-8beac7eecb68', u'code': 200}
2018-06-26 17:49:42.836 18404 DEBUG neutron_lib.callbacks.manager [req-9649e3c6-4c0a-434a-933c-2e072097a787 95cf4ee261b740498c206cbae584ebbe 046e8009a8b544bfbe9ff50b26903464 - default default] Notify callbacks ['neutron.db.l3_db._notify_routers_callback--9223363296965665314', 'neutron.plugins.ml2.plugin.Ml2Plugin.notify_sg_on_port_change-66941183', 'neutron.plugins.ml2.ovo_rpc._ObjectChangeHandler.handle_event-610308', 'neutron.api.rpc.agentnotifiers.dhcp_rpc_agent_api.DhcpAgentNotifyAPI._native_event_send_dhcp_notification--9223372036854059019', 'neutron.db.l3_dvrscheduler_db._notify_port_delete--9223363296966204721'] for port, after_delete _notify_loop /usr/lib/python2.7/site-packages/neutron_lib/callbacks/manager.py:167
2018-06-26 17:49:42.874 18404 DEBUG oslo_concurrency.lockutils [-] Lock "event-dispatch" acquired by "neutron.plugins.ml2.ovo_rpc.dispatch_events" :: waited 0.000s inner /usr/lib/python2.7/site-packages/oslo_concurrency/lockutils.py:270
2018-06-26 17:49:43.035 18404 DEBUG neutron.api.rpc.handlers.resources_rpc [req-9649e3c6-4c0a-434a-933c-2e072097a787 95cf4ee261b740498c206cbae584ebbe 046e8009a8b544bfbe9ff50b26903464 - - -] neutron.api.rpc.handlers.resources_rpc.ResourcesPushRpcApi method push called with arguments (<neutron_lib.context.Context object at 0x7f2e9dedc150>, [Port(admin_state_up=<?>,allowed_address_pairs=<?>,binding=<?>,binding_levels=<?>,created_at=<?>,data_plane_status=<?>,description=<?>,device_id=<?>,device_owner=<?>,dhcp_options=<?>,distributed_binding=<?>,dns=<?>,fixed_ips=<?>,id=229e20fd-8aa6-403e-8ad8-366551bae7f3,mac_address=<?>,name=<?>,network_id=<?>,project_id=<?>,qos_policy_id=None,revision_number=<?>,security=<?>,security_group_ids=None,status=<?>,updated_at=<?>)], 'deleted') {} wrapper /usr/lib/python2.7/site-packages/oslo_log/helpers.py:66
2018-06-26 17:49:43.316 18404 DEBUG neutron.api.rpc.callbacks.version_manager [req-9649e3c6-4c0a-434a-933c-2e072097a787 95cf4ee261b740498c206cbae584ebbe 046e8009a8b544bfbe9ff50b26903464 - - -] Version for resource type Subnet changed None to 1.0 on consumer Open vSwitch agent@localhost.localdomain _set_version /usr/lib/python2.7/site-packages/neutron/api/rpc/callbacks/version_manager.py:119
2018-06-26 17:49:43.316 18404 DEBUG neutron.api.rpc.callbacks.version_manager [req-9649e3c6-4c0a-434a-933c-2e072097a787 95cf4ee261b740498c206cbae584ebbe 046e8009a8b544bfbe9ff50b26903464 - - -] Version for resource type Network changed None to 1.0 on consumer Open vSwitch agent@localhost.localdomain _set_version /usr/lib/python2.7/site-packages/neutron/api/rpc/callbacks/version_manager.py:119
2018-06-26 17:49:43.317 18404 DEBUG neutron.api.rpc.callbacks.version_manager [req-9649e3c6-4c0a-434a-933c-2e072097a787 95cf4ee261b740498c206cbae584ebbe 046e8009a8b544bfbe9ff50b26903464 - - -] Version for resource type SubPort changed None to 1.0 on consumer Open vSwitch agent@localhost.localdomain _set_version /usr/lib/python2.7/site-packages/neutron/api/rpc/callbacks/version_manager.py:119
2018-06-26 17:49:43.317 18404 DEBUG neutron.api.rpc.callbacks.version_manager [req-9649e3c6-4c0a-434a-933c-2e072097a787 95cf4ee261b740498c206cbae584ebbe 046e8009a8b544bfbe9ff50b26903464 - - -] Version for resource type SecurityGroup changed None to 1.0 on consumer Open vSwitch agent@localhost.localdomain _set_version /usr/lib/python2.7/site-packages/neutron/api/rpc/callbacks/version_manager.py:119
2018-06-26 17:49:43.318 18404 DEBUG neutron.api.rpc.callbacks.version_manager [req-9649e3c6-4c0a-434a-933c-2e072097a787 95cf4ee261b740498c206cbae584ebbe 046e8009a8b544bfbe9ff50b26903464 - - -] Version for resource type SecurityGroupRule changed None to 1.0 on consumer Open vSwitch agent@localhost.localdomain _set_version /usr/lib/python2.7/site-packages/neutron/api/rpc/callbacks/version_manager.py:119
2018-06-26 17:49:43.319 18404 DEBUG neutron.api.rpc.callbacks.version_manager [req-9649e3c6-4c0a-434a-933c-2e072097a787 95cf4ee261b740498c206cbae584ebbe 046e8009a8b544bfbe9ff50b26903464 - - -] Version for resource type Trunk changed None to 1.1 on consumer Open vSwitch agent@localhost.localdomain _set_version /usr/lib/python2.7/site-packages/neutron/api/rpc/callbacks/version_manager.py:119
2018-06-26 17:49:43.319 18404 DEBUG neutron.api.rpc.callbacks.version_manager [req-9649e3c6-4c0a-434a-933c-2e072097a787 95cf4ee261b740498c206cbae584ebbe 046e8009a8b544bfbe9ff50b26903464 - - -] Version for resource type QosPolicy changed None to 1.6 on consumer Open vSwitch agent@localhost.localdomain _set_version /usr/lib/python2.7/site-packages/neutron/api/rpc/callbacks/version_manager.py:119
2018-06-26 17:49:43.320 18404 DEBUG neutron.api.rpc.callbacks.version_manager [req-9649e3c6-4c0a-434a-933c-2e072097a787 95cf4ee261b740498c206cbae584ebbe 046e8009a8b544bfbe9ff50b26903464 - - -] Version for resource type Port changed None to 1.1 on consumer Open vSwitch agent@localhost.localdomain _set_version /usr/lib/python2.7/site-packages/neutron/api/rpc/callbacks/version_manager.py:119
2018-06-26 17:49:43.321 18404 DEBUG neutron.api.rpc.callbacks.version_manager [req-9649e3c6-4c0a-434a-933c-2e072097a787 95cf4ee261b740498c206cbae584ebbe 046e8009a8b544bfbe9ff50b26903464 - - -] Version for resource type Log changed None to 1.0 on consumer Open vSwitch agent@localhost.localdomain _set_version /usr/lib/python2.7/site-packages/neutron/api/rpc/callbacks/version_manager.py:119
2018-06-26 17:49:43.341 18404 DEBUG oslo_concurrency.lockutils [req-9649e3c6-4c0a-434a-933c-2e072097a787 95cf4ee261b740498c206cbae584ebbe 046e8009a8b544bfbe9ff50b26903464 - - -] Lock "event-dispatch" released by "neutron.plugins.ml2.ovo_rpc.dispatch_events" :: held 0.467s inner /usr/lib/python2.7/site-packages/oslo_concurrency/lockutils.py:282
2018-06-26 17:49:43.574 18404 DEBUG neutron.db.l3_dvrscheduler_db [req-9649e3c6-4c0a-434a-933c-2e072097a787 95cf4ee261b740498c206cbae584ebbe 046e8009a8b544bfbe9ff50b26903464 - default default] No DVR routers for this DVR port 229e20fd-8aa6-403e-8ad8-366551bae7f3 on host localhost.localdomain get_dvr_routers_to_remove /usr/lib/python2.7/site-packages/neutron/db/l3_dvrscheduler_db.py:191
2018-06-26 17:49:43.593 18404 DEBUG neutron_lib.callbacks.manager [req-9649e3c6-4c0a-434a-933c-2e072097a787 95cf4ee261b740498c206cbae584ebbe 046e8009a8b544bfbe9ff50b26903464 - default default] Notify callbacks ['neutron.notifiers.nova.Notifier._send_nova_notification--9223372036854761038'] for port, before_response _notify_loop /usr/lib/python2.7/site-packages/neutron_lib/callbacks/manager.py:167
2018-06-26 17:49:43.596 18404 DEBUG oslo_concurrency.lockutils [-] Lock "notifier-8db2efad-bce6-4700-b2c2-9a8460b2a199" acquired by "neutron.notifiers.batch_notifier.synced_send" :: waited 0.000s inner /usr/lib/python2.7/site-packages/oslo_concurrency/lockutils.py:270
2018-06-26 17:49:43.597 18404 DEBUG neutron.notifiers.nova [-] Sending events: [{'tag': u'229e20fd-8aa6-403e-8ad8-366551bae7f3', 'name': 'network-vif-deleted', 'server_uuid': u'9e04b9b6-33ca-494a-a576-8beac7eecb68'}] send_events /usr/lib/python2.7/site-packages/neutron/notifiers/nova.py:242
2018-06-26 17:49:43.603 18404 DEBUG novaclient.v2.client [-] REQ: curl -g -i -X POST http://10.0.20.26:8774/v2.1/0d772b180b3c41e2ae2eba61c236b149/os-server-external-events -H "User-Agent: python-novaclient" -H "Content-Type: application/json" -H "Accept: application/json" -H "X-OpenStack-Nova-API-Version: 2.1" -H "X-Auth-Token: {SHA1}f508ed5ba0d66a0f2ef6188c093b4d8650268c9f" -d '{"events": [{"tag": "229e20fd-8aa6-403e-8ad8-366551bae7f3", "name": "network-vif-deleted", "server_uuid": "9e04b9b6-33ca-494a-a576-8beac7eecb68"}]}' _http_log_request /usr/lib/python2.7/site-packages/keystoneauth1/session.py:375
2018-06-26 17:49:43.627 18404 DEBUG neutron.quota.resource [req-9649e3c6-4c0a-434a-933c-2e072097a787 95cf4ee261b740498c206cbae584ebbe 046e8009a8b544bfbe9ff50b26903464 - default default] Persisted dirty status for tenant:77eed12297bc4ea4986c0b511ee47435 on resource:port mark_dirty /usr/lib/python2.7/site-packages/neutron/quota/resource.py:207
2018-06-26 17:49:43.639 18404 INFO neutron.wsgi [req-9649e3c6-4c0a-434a-933c-2e072097a787 95cf4ee261b740498c206cbae584ebbe 046e8009a8b544bfbe9ff50b26903464 - default default] 10.0.20.26 "DELETE /v2.0/ports/229e20fd-8aa6-403e-8ad8-366551bae7f3 HTTP/1.1" status: 204  len: 173 time: 1.5583048
2018-06-26 17:49:43.726 18404 DEBUG novaclient.v2.client [-] RESP: [200] Content-Length: 183 Content-Type: application/json Openstack-Api-Version: compute 2.1 X-Openstack-Nova-Api-Version: 2.1 Vary: OpenStack-API-Version, X-OpenStack-Nova-API-Version X-Openstack-Request-Id: req-c2b8b3ab-3f58-46fa-bf93-5e658f8a0b7a X-Compute-Request-Id: req-c2b8b3ab-3f58-46fa-bf93-5e658f8a0b7a Date: Tue, 26 Jun 2018 15:49:43 GMT Connection: keep-alive 
RESP BODY: {"events": [{"status": "completed", "tag": "229e20fd-8aa6-403e-8ad8-366551bae7f3", "name": "network-vif-deleted", "server_uuid": "9e04b9b6-33ca-494a-a576-8beac7eecb68", "code": 200}]}
 _http_log_response /usr/lib/python2.7/site-packages/keystoneauth1/session.py:423
2018-06-26 17:49:43.727 18404 DEBUG novaclient.v2.client [-] POST call to compute for http://10.0.20.26:8774/v2.1/0d772b180b3c41e2ae2eba61c236b149/os-server-external-events used request id req-c2b8b3ab-3f58-46fa-bf93-5e658f8a0b7a request /usr/lib/python2.7/site-packages/keystoneauth1/session.py:727
2018-06-26 17:49:43.731 18416 DEBUG neutron_lib.callbacks.manager [req-2f633c95-1b33-41ea-a93d-d55acebb458b - - - - -] Notify callbacks ['neutron.services.segments.db._update_segment_host_mapping_for_agent-8739888931920'] for agent, after_update _notify_loop /usr/lib/python2.7/site-packages/neutron_lib/callbacks/manager.py:167
2018-06-26 17:49:43.737 18404 INFO neutron.notifiers.nova [-] Nova event response: {u'status': u'completed', u'tag': u'229e20fd-8aa6-403e-8ad8-366551bae7f3', u'name': u'network-vif-deleted', u'server_uuid': u'9e04b9b6-33ca-494a-a576-8beac7eecb68', u'code': 200}
2018-06-26 17:49:44.664 18415 DEBUG oslo_concurrency.lockutils [-] Lock "notifier-8db2efad-bce6-4700-b2c2-9a8460b2a199" released by "neutron.notifiers.batch_notifier.synced_send" :: held 3.913s inner /usr/lib/python2.7/site-packages/oslo_concurrency/lockutils.py:282
2018-06-26 17:49:45.740 18404 DEBUG oslo_concurrency.lockutils [-] Lock "notifier-8db2efad-bce6-4700-b2c2-9a8460b2a199" released by "neutron.notifiers.batch_notifier.synced_send" :: held 2.143s inner /usr/lib/python2.7/site-packages/oslo_concurrency/lockutils.py:282
2018-06-26 17:49:54.248 18418 DEBUG neutron.db.agents_db [req-51741810-f947-4cdf-a1c9-223f4f7d3242 - - - - -] Agent healthcheck: found 5 active agents agent_health_check /usr/lib/python2.7/site-packages/neutron/db/agents_db.py:281
2018-06-26 17:49:56.606 18417 DEBUG neutron_lib.callbacks.manager [req-bf86cc8b-40e4-4a19-a744-29a594a521ac - - - - -] Notify callbacks ['neutron.services.segments.db._update_segment_host_mapping_for_agent-8739888931920'] for agent, after_update _notify_loop /usr/lib/python2.7/site-packages/neutron_lib/callbacks/manager.py:167
2018-06-26 17:49:56.630 18410 DEBUG neutron_lib.callbacks.manager [req-68ba5f5f-2dcb-4bc0-aaba-96a4b4e8244d - - - - -] Notify callbacks ['neutron.services.segments.db._update_segment_host_mapping_for_agent-8739888931920'] for agent, after_update _notify_loop /usr/lib/python2.7/site-packages/neutron_lib/callbacks/manager.py:167
2018-06-26 17:49:56.715 18413 DEBUG neutron_lib.callbacks.manager [req-736d3984-69bb-4baa-949f-e45f43f7f716 - - - - -] Notify callbacks ['neutron.services.segments.db._update_segment_host_mapping_for_agent-8739888931920'] for agent, after_update _notify_loop /usr/lib/python2.7/site-packages/neutron_lib/callbacks/manager.py:167
2018-06-26 17:50:03.425 18414 DEBUG neutron_lib.callbacks.manager [req-110b73f3-9860-4969-b671-3455f5c7d90e - - - - -] Notify callbacks ['neutron.services.segments.db._update_segment_host_mapping_for_agent-8739888931920'] for agent, after_update _notify_loop /usr/lib/python2.7/site-packages/neutron_lib/callbacks/manager.py:167
2018-06-26 17:50:13.778 18409 DEBUG neutron_lib.callbacks.manager [req-037d338b-d627-472d-8d62-c386fea80265 - - - - -] Notify callbacks ['neutron.services.segments.db._update_segment_host_mapping_for_agent-8739888931920'] for agent, after_update _notify_loop /usr/lib/python2.7/site-packages/neutron_lib/callbacks/manager.py:167
2018-06-26 17:50:15.047 18408 DEBUG neutron.wsgi [-] (18408) accepted ('10.0.20.26', 41176) server /usr/lib/python2.7/site-packages/eventlet/wsgi.py:883
2018-06-26 17:50:15.054 18408 INFO neutron.wsgi [-] 10.0.20.26 "GET / HTTP/1.1" status: 200  len: 252 time: 0.0042899
2018-06-26 17:50:15.786 18408 INFO neutron.api.v2.resource [req-edcd17e4-efa2-48e1-9725-ba1c81fe949a 95cf4ee261b740498c206cbae584ebbe 046e8009a8b544bfbe9ff50b26903464 - default default] show failed (client error): The resource could not be found.
2018-06-26 17:50:15.789 18408 INFO neutron.wsgi [req-edcd17e4-efa2-48e1-9725-ba1c81fe949a 95cf4ee261b740498c206cbae584ebbe 046e8009a8b544bfbe9ff50b26903464 - default default] 10.0.20.26 "GET /v2.0/routers/tempest-router-1530027637 HTTP/1.1" status: 404  len: 334 time: 0.7288909
2018-06-26 17:50:16.053 18408 INFO neutron.wsgi [req-9a7b89eb-a312-4c92-8db2-ae97e547f1ba 95cf4ee261b740498c206cbae584ebbe 046e8009a8b544bfbe9ff50b26903464 - default default] 10.0.20.26 "GET /v2.0/routers HTTP/1.1" status: 200  len: 2286 time: 0.2574689
