2018-06-30 01:54:51.144 23944 DEBUG neutron.api.rpc.handlers.resources_rpc [req-7803df92-e752-44e3-98fc-20f87432455c 82758ee9dbed4bdf919e32bc6135cc36 f7db0ec7eef2499fb14973cea9da1187 - - -] neutron.api.rpc.handlers.resources_rpc.ResourcesPushRpcApi method push called with arguments (<neutron_lib.context.Context object at 0x7f4f8f538e90>, [Port(admin_state_up=True,allowed_address_pairs=[],binding=PortBinding,binding_levels=[],created_at=2018-06-29T23:54:47Z,data_plane_status=<?>,description='',device_id='dc7ac405-2e37-429a-9b2e-585fa805b9f5',device_owner='network:floatingip',dhcp_options=[],distributed_binding=None,dns=None,fixed_ips=[IPAllocation],id=6058ba24-a1fc-40d9-a3ec-7637fd1d82ec,mac_address=fa:16:3e:d3:fb:a4,name='',network_id=bccef923-8280-488c-84aa-955d7841d8ff,project_id='',qos_policy_id=None,revision_number=4,security=PortSecurity(6058ba24-a1fc-40d9-a3ec-7637fd1d82ec),security_group_ids=set([]),status='N/A',updated_at=2018-06-29T23:54:50Z)], 'updated') {} wrapper /usr/lib/python2.7/site-packages/oslo_log/helpers.py:66
2018-06-30 01:54:51.167 23944 DEBUG neutron_lib.callbacks.manager [req-7803df92-e752-44e3-98fc-20f87432455c 82758ee9dbed4bdf919e32bc6135cc36 f7db0ec7eef2499fb14973cea9da1187 - default default] Notify callbacks ['neutron.notifiers.nova.Notifier._send_nova_notification--9223372036854770728'] for floatingip, before_response _notify_loop /usr/lib/python2.7/site-packages/neutron_lib/callbacks/manager.py:167
2018-06-30 01:54:51.171 23944 INFO neutron.wsgi [req-7803df92-e752-44e3-98fc-20f87432455c 82758ee9dbed4bdf919e32bc6135cc36 f7db0ec7eef2499fb14973cea9da1187 - default default] 10.0.20.25 "POST /v2.0/floatingips HTTP/1.1" status: 201  len: 674 time: 4.2942619
2018-06-30 01:54:51.175 23944 DEBUG oslo_concurrency.lockutils [req-7803df92-e752-44e3-98fc-20f87432455c 82758ee9dbed4bdf919e32bc6135cc36 f7db0ec7eef2499fb14973cea9da1187 - - -] Lock "event-dispatch" released by "neutron.plugins.ml2.ovo_rpc.dispatch_events" :: held 0.197s inner /usr/lib/python2.7/site-packages/oslo_concurrency/lockutils.py:282
2018-06-30 01:55:01.174 23955 DEBUG neutron.db.agents_db [req-cc0e68bd-2e9d-41c7-b9e7-63275cf9c424 - - - - -] Agent healthcheck: found 5 active agents agent_health_check /usr/lib/python2.7/site-packages/neutron/db/agents_db.py:281
2018-06-30 01:55:02.373 23947 DEBUG neutron_lib.callbacks.manager [req-3418595a-e60b-4549-9b64-e6c76fd52e6b - - - - -] Notify callbacks ['neutron.services.segments.db._update_segment_host_mapping_for_agent-8748730987826'] for agent, after_update _notify_loop /usr/lib/python2.7/site-packages/neutron_lib/callbacks/manager.py:167
2018-06-30 01:55:02.470 23948 DEBUG neutron_lib.callbacks.manager [req-4509740e-0f1e-4aca-8869-b094de435e3e - - - - -] Notify callbacks ['neutron.services.segments.db._update_segment_host_mapping_for_agent-8748730987826'] for agent, after_update _notify_loop /usr/lib/python2.7/site-packages/neutron_lib/callbacks/manager.py:167
2018-06-30 01:55:02.496 23950 DEBUG neutron_lib.callbacks.manager [req-ba9db005-fc68-4d4e-a8ca-501476cb478c - - - - -] Notify callbacks ['neutron.services.segments.db._update_segment_host_mapping_for_agent-8748730987826'] for agent, after_update _notify_loop /usr/lib/python2.7/site-packages/neutron_lib/callbacks/manager.py:167
2018-06-30 01:55:05.116 23938 INFO neutron.wsgi [req-d7cd6625-ce0f-46b7-a840-9c07f1828b32 7cf75d3d0ae44690865cf62fadf82034 e7811022c5ae4ed3b333b549abfc9244 - 94730bab0bfd4a2dbf5c62c723f4476a 94730bab0bfd4a2dbf5c62c723f4476a] 10.0.20.25 "GET /v2.0/ports?device_id=c3bfed14-8634-40ec-b8b9-39831398b678 HTTP/1.1" status: 200  len: 1123 time: 0.5192242
2018-06-30 01:55:05.125 23943 INFO neutron.wsgi [req-265d0da6-36a4-40ea-8022-05783a743871 db7e024eefa34f0d9525ad1ee1475527 910acf3b84b64f358e48f506530f7cb1 - default default] 10.0.20.25 "GET /v2.0/ports?device_id=c3bfed14-8634-40ec-b8b9-39831398b678 HTTP/1.1" status: 200  len: 1123 time: 0.5481651
2018-06-30 01:55:05.215 23938 INFO neutron.wsgi [req-26d59e5e-d172-473c-aa73-35fca12a5bd2 7cf75d3d0ae44690865cf62fadf82034 e7811022c5ae4ed3b333b549abfc9244 - 94730bab0bfd4a2dbf5c62c723f4476a 94730bab0bfd4a2dbf5c62c723f4476a] 10.0.20.25 "GET /v2.0/security-groups?id=d0765135-8515-4beb-99fd-b3aef97ade9f HTTP/1.1" status: 200  len: 2118 time: 0.0911729
2018-06-30 01:55:05.251 23943 INFO neutron.wsgi [req-58cd5af2-edd9-475e-864b-410eaa153cc4 db7e024eefa34f0d9525ad1ee1475527 910acf3b84b64f358e48f506530f7cb1 - default default] 10.0.20.25 "GET /v2.0/security-groups?id=d0765135-8515-4beb-99fd-b3aef97ade9f HTTP/1.1" status: 200  len: 2118 time: 0.1192310
2018-06-30 01:55:05.448 23938 INFO neutron.wsgi [req-e8fe43a5-dfa6-4fff-8d4c-723c4b88da40 7cf75d3d0ae44690865cf62fadf82034 e7811022c5ae4ed3b333b549abfc9244 - 94730bab0bfd4a2dbf5c62c723f4476a 94730bab0bfd4a2dbf5c62c723f4476a] 10.0.20.25 "GET /v2.0/ports?device_owner=compute%3Anova&device_id=c3bfed14-8634-40ec-b8b9-39831398b678 HTTP/1.1" status: 200  len: 1123 time: 0.1078069
2018-06-30 01:55:05.511 23938 INFO neutron.wsgi [req-3534ef3b-feba-4b42-90b5-b1c2a2737a78 7cf75d3d0ae44690865cf62fadf82034 e7811022c5ae4ed3b333b549abfc9244 - 94730bab0bfd4a2dbf5c62c723f4476a 94730bab0bfd4a2dbf5c62c723f4476a] 10.0.20.25 "GET /v2.0/floatingips?floating_ip_address=172.24.4.3 HTTP/1.1" status: 200  len: 672 time: 0.0560749
2018-06-30 01:55:05.542 23938 DEBUG neutron.api.v2.base [req-9fe57865-6b92-4258-aaf3-82916683152a 7cf75d3d0ae44690865cf62fadf82034 e7811022c5ae4ed3b333b549abfc9244 - 94730bab0bfd4a2dbf5c62c723f4476a 94730bab0bfd4a2dbf5c62c723f4476a] Request body: {u'floatingip': {u'fixed_ip_address': u'11.65.1.8', u'port_id': u'4f26ce2f-1776-4f1d-8d53-bff510920063'}} prepare_request_body /usr/lib/python2.7/site-packages/neutron/api/v2/base.py:695
2018-06-30 01:55:05.930 23938 DEBUG neutron_lib.callbacks.manager [req-9fe57865-6b92-4258-aaf3-82916683152a 7cf75d3d0ae44690865cf62fadf82034 e7811022c5ae4ed3b333b549abfc9244 - 94730bab0bfd4a2dbf5c62c723f4476a 94730bab0bfd4a2dbf5c62c723f4476a] Notify callbacks ['neutron.services.l3_router.l3_router_plugin.L3RouterPlugin._create_dvr_floating_gw_port-33035484'] for floatingip, after_update _notify_loop /usr/lib/python2.7/site-packages/neutron_lib/callbacks/manager.py:167
2018-06-30 01:55:06.478 23938 DEBUG neutron.scheduler.l3_agent_scheduler [req-9fe57865-6b92-4258-aaf3-82916683152a 7cf75d3d0ae44690865cf62fadf82034 e7811022c5ae4ed3b333b549abfc9244 - 94730bab0bfd4a2dbf5c62c723f4476a 94730bab0bfd4a2dbf5c62c723f4476a] Router bc2d41d6-2dd4-4484-8cd6-568be3b616c7 has already been hosted by L3 agent 9de63611-f1b0-4194-a76c-11d015d282db _get_candidates /usr/lib/python2.7/site-packages/neutron/scheduler/l3_agent_scheduler.py:141
2018-06-30 01:55:06.956 23938 DEBUG neutron.api.rpc.agentnotifiers.l3_rpc_agent_api [req-9fe57865-6b92-4258-aaf3-82916683152a 7cf75d3d0ae44690865cf62fadf82034 e7811022c5ae4ed3b333b549abfc9244 - 94730bab0bfd4a2dbf5c62c723f4476a 94730bab0bfd4a2dbf5c62c723f4476a] Notify agent at l3_agent.localhost.localdomain the message routers_updated _agent_notification /usr/lib/python2.7/site-packages/neutron/api/rpc/agentnotifiers/l3_rpc_agent_api.py:69
2018-06-30 01:55:06.990 23938 DEBUG neutron_lib.callbacks.manager [req-9fe57865-6b92-4258-aaf3-82916683152a 7cf75d3d0ae44690865cf62fadf82034 e7811022c5ae4ed3b333b549abfc9244 - 94730bab0bfd4a2dbf5c62c723f4476a 94730bab0bfd4a2dbf5c62c723f4476a] Notify callbacks ['neutron.notifiers.nova.Notifier._send_nova_notification--9223372036854770728'] for floatingip, before_response _notify_loop /usr/lib/python2.7/site-packages/neutron_lib/callbacks/manager.py:167
2018-06-30 01:55:07.019 23947 DEBUG neutron.db.l3_hamode_db [req-25ba764a-732e-4138-8247-8b1bd3c457e2 - - - - -] neutron.services.l3_router.l3_router_plugin.L3RouterPlugin method get_ha_sync_data_for_host called with arguments (<neutron_lib.context.Context object at 0x7f4f8f02a390>, u'localhost.localdomain', <neutron.db.models.agent.Agent[object at 7f4f8ee8f990] {id=u'9de63611-f1b0-4194-a76c-11d015d282db', agent_type=u'L3 agent', binary=u'neutron-l3-agent', topic=u'l3_agent', host=u'localhost.localdomain', availability_zone=u'nova', admin_state_up=True, created_at=datetime.datetime(2018, 6, 7, 12, 43, 41), started_at=datetime.datetime(2018, 6, 29, 23, 32, 12), heartbeat_timestamp=datetime.datetime(2018, 6, 29, 23, 54, 43), description=None, configurations=u'{"agent_mode": "legacy", "gateway_external_network_id": "", "handle_internal_only_routers": true, "routers": 2, "interfaces": 2, "floating_ips": 0, "interface_driver": "neutron.agent.linux.interface.OVSInterfaceDriver", "log_agent_heartbeats": false, "external_network_bridge": "", "ex_gw_ports": 2}', resource_versions=None, load=0}>) {'active': True, 'router_ids': ['bc2d41d6-2dd4-4484-8cd6-568be3b616c7']} wrapper /usr/lib/python2.7/site-packages/oslo_log/helpers.py:66
2018-06-30 01:55:07.093 23938 INFO neutron.wsgi [req-9fe57865-6b92-4258-aaf3-82916683152a 7cf75d3d0ae44690865cf62fadf82034 e7811022c5ae4ed3b333b549abfc9244 - 94730bab0bfd4a2dbf5c62c723f4476a 94730bab0bfd4a2dbf5c62c723f4476a] 10.0.20.25 "PUT /v2.0/floatingips/dc7ac405-2e37-429a-9b2e-585fa805b9f5 HTTP/1.1" status: 200  len: 744 time: 1.5754101
2018-06-30 01:55:07.094 23938 DEBUG oslo_concurrency.lockutils [-] Lock "notifier-2c4fde15-eb44-4545-ae1f-7f4f9c54068e" acquired by "neutron.notifiers.batch_notifier.synced_send" :: waited 0.000s inner /usr/lib/python2.7/site-packages/oslo_concurrency/lockutils.py:270
2018-06-30 01:55:07.095 23938 DEBUG neutron.notifiers.nova [-] Sending events: [{'tag': u'4f26ce2f-1776-4f1d-8d53-bff510920063', 'name': 'network-changed', 'server_uuid': u'c3bfed14-8634-40ec-b8b9-39831398b678'}] send_events /usr/lib/python2.7/site-packages/neutron/notifiers/nova.py:242
2018-06-30 01:55:07.100 23938 DEBUG novaclient.v2.client [-] REQ: curl -g -i -X POST http://10.0.20.25:8774/v2.1/910acf3b84b64f358e48f506530f7cb1/os-server-external-events -H "User-Agent: python-novaclient" -H "Content-Type: application/json" -H "Accept: application/json" -H "X-OpenStack-Nova-API-Version: 2.1" -H "X-Auth-Token: {SHA1}3e3d1ac7d0b7a70c1fc3638399d6ddd432e26d49" -d '{"events": [{"tag": "4f26ce2f-1776-4f1d-8d53-bff510920063", "name": "network-changed", "server_uuid": "c3bfed14-8634-40ec-b8b9-39831398b678"}]}' _http_log_request /usr/lib/python2.7/site-packages/keystoneauth1/session.py:375
2018-06-30 01:55:07.259 23938 DEBUG novaclient.v2.client [-] RESP: [200] Content-Length: 179 Content-Type: application/json Openstack-Api-Version: compute 2.1 X-Openstack-Nova-Api-Version: 2.1 Vary: OpenStack-API-Version, X-OpenStack-Nova-API-Version X-Openstack-Request-Id: req-54de6d4d-6aaa-46e8-8682-c8f5e914b3af X-Compute-Request-Id: req-54de6d4d-6aaa-46e8-8682-c8f5e914b3af Date: Fri, 29 Jun 2018 23:55:07 GMT Connection: keep-alive 
RESP BODY: {"events": [{"status": "completed", "tag": "4f26ce2f-1776-4f1d-8d53-bff510920063", "name": "network-changed", "server_uuid": "c3bfed14-8634-40ec-b8b9-39831398b678", "code": 200}]}
 _http_log_response /usr/lib/python2.7/site-packages/keystoneauth1/session.py:423
2018-06-30 01:55:07.260 23938 DEBUG novaclient.v2.client [-] POST call to compute for http://10.0.20.25:8774/v2.1/910acf3b84b64f358e48f506530f7cb1/os-server-external-events used request id req-54de6d4d-6aaa-46e8-8682-c8f5e914b3af request /usr/lib/python2.7/site-packages/keystoneauth1/session.py:727
2018-06-30 01:55:07.271 23938 INFO neutron.notifiers.nova [-] Nova event response: {u'status': u'completed', u'tag': u'4f26ce2f-1776-4f1d-8d53-bff510920063', u'name': u'network-changed', u'server_uuid': u'c3bfed14-8634-40ec-b8b9-39831398b678', u'code': 200}
2018-06-30 01:55:07.498 23938 INFO neutron.wsgi [req-6fe6d0ef-dc66-458e-bb6e-ab70075a08e8 db7e024eefa34f0d9525ad1ee1475527 910acf3b84b64f358e48f506530f7cb1 - default default] 10.0.20.25 "GET /v2.0/ports?tenant_id=e7811022c5ae4ed3b333b549abfc9244&device_id=c3bfed14-8634-40ec-b8b9-39831398b678 HTTP/1.1" status: 200  len: 1123 time: 0.1707251
2018-06-30 01:55:07.702 23946 DEBUG neutron_lib.callbacks.manager [req-d40844c0-0acd-4ff4-8585-436c94aa82a7 - - - - -] Notify callbacks ['neutron.services.segments.db._update_segment_host_mapping_for_agent-8748730987826'] for agent, after_update _notify_loop /usr/lib/python2.7/site-packages/neutron_lib/callbacks/manager.py:167
2018-06-30 01:55:07.770 23938 DEBUG neutron.pecan_wsgi.hooks.policy_enforcement [req-73b7cb2c-b315-426d-9467-2b8e6f640cdf db7e024eefa34f0d9525ad1ee1475527 910acf3b84b64f358e48f506530f7cb1 - default default] Attributes excluded by policy engine: [u'vlan_transparent'] _exclude_attributes_by_policy /usr/lib/python2.7/site-packages/neutron/pecan_wsgi/hooks/policy_enforcement.py:256
2018-06-30 01:55:07.773 23938 INFO neutron.wsgi [req-73b7cb2c-b315-426d-9467-2b8e6f640cdf db7e024eefa34f0d9525ad1ee1475527 910acf3b84b64f358e48f506530f7cb1 - default default] 10.0.20.25 "GET /v2.0/networks?id=7b33db1c-ae96-4446-9516-68da6fa6c25d HTTP/1.1" status: 200  len: 885 time: 0.2621560
2018-06-30 01:55:07.831 23938 INFO neutron.wsgi [req-aad88fbb-b8e8-40fe-a5e4-99026095b387 db7e024eefa34f0d9525ad1ee1475527 910acf3b84b64f358e48f506530f7cb1 - default default] 10.0.20.25 "GET /v2.0/floatingips?fixed_ip_address=11.65.1.8&port_id=4f26ce2f-1776-4f1d-8d53-bff510920063 HTTP/1.1" status: 200  len: 747 time: 0.0489230
2018-06-30 01:55:07.830 23947 DEBUG neutron.db.l3_hamode_db [req-25ba764a-732e-4138-8247-8b1bd3c457e2 - - - - -] neutron.services.l3_router.l3_router_plugin.L3RouterPlugin method _process_sync_ha_data called with arguments (<neutron_lib.context.Context object at 0x7f4f8f02a390>, [{'status': u'ACTIVE', '_interfaces': [{'status': u'ACTIVE', 'subnets': [{'dns_nameservers': [u'8.8.4.4'], 'ipv6_ra_mode': None, 'gateway_ip': u'11.65.1.1', 'cidr': u'11.65.1.0/24', 'id': u'a910f6c6-3a18-4229-a121-8e4f97459358', 'subnetpool_id': None}], 'binding:host_id': u'localhost.localdomain', 'description': u'', 'allowed_address_pairs': [], 'tags': [], 'extra_dhcp_opts': [], 'updated_at': '2018-06-29T23:53:46Z', 'device_owner': u'network:router_interface', 'revision_number': 7, 'port_security_enabled': False, 'binding:profile': {}, 'mtu': 1450, 'fixed_ips': [{'subnet_id': u'a910f6c6-3a18-4229-a121-8e4f97459358', 'prefixlen': 24, 'ip_address': u'11.65.1.1'}], 'id': u'97312c8b-8fcc-42d0-84c1-bcf7f4fab6e1', 'security_groups': [], 'device_id': u'bc2d41d6-2dd4-4484-8cd6-568be3b616c7', 'name': u'', 'admin_state_up': True, 'network_id': u'7b33db1c-ae96-4446-9516-68da6fa6c25d', 'tenant_id': u'e7811022c5ae4ed3b333b549abfc9244', 'binding:vif_details': {u'port_filter': True, u'datapath_type': u'system', u'ovs_hybrid_plug': True}, 'address_scopes': {4: None, 6: None}, 'binding:vnic_type': u'normal', 'binding:vif_type': u'ovs', 'mac_address': u'fa:16:3e:08:9d:7f', 'project_id': u'e7811022c5ae4ed3b333b549abfc9244', 'extra_subnets': [], 'created_at': '2018-06-29T23:53:38Z'}], 'enable_snat': True, 'ha_vr_id': 0, 'description': u'', 'tags': [], 'gw_port': {'status': u'ACTIVE', 'subnets': [{'dns_nameservers': [], 'ipv6_ra_mode': None, 'gateway_ip': u'172.24.4.1', 'cidr': u'172.24.4.0/24', 'id': u'4c4b2f34-8d32-4a55-b583-46e460575449', 'subnetpool_id': None}], 'binding:host_id': u'localhost.localdomain', 'description': u'', 'allowed_address_pairs': [], 'tags': [], 'extra_dhcp_opts': [], 'updated_at': '2018-06-29T23:53:58Z', 'device_owner': u'network:router_gateway', 'revision_number': 6, 'port_security_enabled': False, 'binding:profile': {}, 'mtu': 1500, 'fixed_ips': [{'subnet_id': u'4c4b2f34-8d32-4a55-b583-46e460575449', 'prefixlen': 24, 'ip_address': u'172.24.4.11'}], 'id': u'bb6c0cff-c750-43b2-9337-36e7ed790724', 'security_groups': [], 'device_id': u'bc2d41d6-2dd4-4484-8cd6-568be3b616c7', 'name': u'', 'admin_state_up': True, 'network_id': u'bccef923-8280-488c-84aa-955d7841d8ff', 'tenant_id': u'', 'binding:vif_details': {u'port_filter': True, u'datapath_type': u'system', u'ovs_hybrid_plug': True}, 'address_scopes': {4: None, 6: None}, 'binding:vnic_type': u'normal', 'binding:vif_type': u'ovs', 'mac_address': u'fa:16:3e:30:3a:76', 'project_id': u'', 'extra_subnets': [], 'created_at': '2018-06-29T23:53:50Z'}, 'updated_at': '2018-06-29T23:53:51Z', 'revision_number': 4, 'ha': False, 'id': u'bc2d41d6-2dd4-4484-8cd6-568be3b616c7', 'gw_port_host': u'localhost.localdomain', 'external_gateway_info': {'network_id': u'bccef923-8280-488c-84aa-955d7841d8ff', 'enable_snat': True, 'external_fixed_ips': [{'subnet_id': u'4c4b2f34-8d32-4a55-b583-46e460575449', 'ip_address': u'172.24.4.11'}]}, 'availability_zone_hints': [], 'availability_zones': [u'nova'], 'name': u'tempest-router-1530316237', 'gw_port_id': u'bb6c0cff-c750-43b2-9337-36e7ed790724', 'admin_state_up': True, 'tenant_id': u'e7811022c5ae4ed3b333b549abfc9244', 'created_at': '2018-06-29T23:53:19Z', 'distributed': False, 'flavor_id': None, 'routes': [], 'project_id': u'e7811022c5ae4ed3b333b549abfc9244', '_floatingips': [{'router_id': u'bc2d41d6-2dd4-4484-8cd6-568be3b616c7', 'status': u'DOWN', 'description': u'', 'tags': [], 'updated_at': '2018-06-29T23:55:05Z', 'dns_domain': '', 'floating_network_id': u'bccef923-8280-488c-84aa-955d7841d8ff', 'fixed_ip_address': u'11.65.1.8', 'floating_ip_address': u'172.24.4.3', 'revision_number': 1, 'port_id': u'4f26ce2f-1776-4f1d-8d53-bff510920063', 'id': u'dc7ac405-2e37-429a-9b2e-585fa805b9f5', 'dns_name': '', 'created_at': '2018-06-29T23:54:49Z', 'tenant_id': u'e7811022c5ae4ed3b333b549abfc9244', 'fixed_ip_address_scope': None, 'project_id': u'e7811022c5ae4ed3b333b549abfc9244'}]}], u'localhost.localdomain', False) {} wrapper /usr/lib/python2.7/site-packages/oslo_log/helpers.py:66
2018-06-30 01:55:07.842 23947 DEBUG neutron.api.rpc.handlers.l3_rpc [req-25ba764a-732e-4138-8247-8b1bd3c457e2 - - - - -] Checking router: bc2d41d6-2dd4-4484-8cd6-568be3b616c7 for host: localhost.localdomain _ensure_host_set_on_ports /usr/lib/python2.7/site-packages/neutron/api/rpc/handlers/l3_rpc.py:135
2018-06-30 01:55:08.010 23938 DEBUG neutron.pecan_wsgi.hooks.policy_enforcement [req-8a60ff45-246b-48f1-b21d-0e011b2585ab db7e024eefa34f0d9525ad1ee1475527 910acf3b84b64f358e48f506530f7cb1 - default default] Attributes excluded by policy engine: [u'shared'] _exclude_attributes_by_policy /usr/lib/python2.7/site-packages/neutron/pecan_wsgi/hooks/policy_enforcement.py:256
2018-06-30 01:55:08.013 23938 INFO neutron.wsgi [req-8a60ff45-246b-48f1-b21d-0e011b2585ab db7e024eefa34f0d9525ad1ee1475527 910acf3b84b64f358e48f506530f7cb1 - default default] 10.0.20.25 "GET /v2.0/subnets?id=a910f6c6-3a18-4229-a121-8e4f97459358 HTTP/1.1" status: 200  len: 843 time: 0.1740980
2018-06-30 01:55:08.165 23938 INFO neutron.wsgi [req-673f54d8-ea0e-40ca-9ea0-ea1b8edaec84 db7e024eefa34f0d9525ad1ee1475527 910acf3b84b64f358e48f506530f7cb1 - default default] 10.0.20.25 "GET /v2.0/ports?network_id=7b33db1c-ae96-4446-9516-68da6fa6c25d&device_owner=network%3Adhcp HTTP/1.1" status: 200  len: 1127 time: 0.1408670
2018-06-30 01:55:08.209 23949 DEBUG neutron.api.rpc.handlers.l3_rpc [req-5c5260a4-c6b2-41d8-9ac4-48096c33318c - - - - -] New status for floating IP dc7ac405-2e37-429a-9b2e-585fa805b9f5: ACTIVE update_floatingip_statuses /usr/lib/python2.7/site-packages/neutron/api/rpc/handlers/l3_rpc.py:252
2018-06-30 01:55:08.288 23939 INFO neutron.wsgi [req-a7c8476b-4964-42fc-a193-2fde734fcd22 db7e024eefa34f0d9525ad1ee1475527 910acf3b84b64f358e48f506530f7cb1 - default default] 10.0.20.25 "GET /v2.0/ports?device_id=c3bfed14-8634-40ec-b8b9-39831398b678 HTTP/1.1" status: 200  len: 1123 time: 0.6722181
2018-06-30 01:55:08.410 23939 INFO neutron.wsgi [req-c6af341e-2f65-4be4-8071-a52c8b895451 db7e024eefa34f0d9525ad1ee1475527 910acf3b84b64f358e48f506530f7cb1 - default default] 10.0.20.25 "GET /v2.0/security-groups?id=d0765135-8515-4beb-99fd-b3aef97ade9f HTTP/1.1" status: 200  len: 2118 time: 0.1116180
2018-06-30 01:55:08.858 23938 INFO neutron.wsgi [req-f9a19651-c3c2-4e18-b6be-3ac4ac59a68b db7e024eefa34f0d9525ad1ee1475527 910acf3b84b64f358e48f506530f7cb1 - default default] 10.0.20.25 "GET /v2.0/ports?tenant_id=e7811022c5ae4ed3b333b549abfc9244&device_id=c3bfed14-8634-40ec-b8b9-39831398b678 HTTP/1.1" status: 200  len: 1123 time: 0.6739130
2018-06-30 01:55:09.115 23938 DEBUG neutron.pecan_wsgi.hooks.policy_enforcement [req-9300f478-69f4-40f8-8c2b-df200ad72c9a db7e024eefa34f0d9525ad1ee1475527 910acf3b84b64f358e48f506530f7cb1 - default default] Attributes excluded by policy engine: [u'vlan_transparent'] _exclude_attributes_by_policy /usr/lib/python2.7/site-packages/neutron/pecan_wsgi/hooks/policy_enforcement.py:256
2018-06-30 01:55:09.119 23938 INFO neutron.wsgi [req-9300f478-69f4-40f8-8c2b-df200ad72c9a db7e024eefa34f0d9525ad1ee1475527 910acf3b84b64f358e48f506530f7cb1 - default default] 10.0.20.25 "GET /v2.0/networks?id=7b33db1c-ae96-4446-9516-68da6fa6c25d HTTP/1.1" status: 200  len: 885 time: 0.2513149
2018-06-30 01:55:09.185 23938 INFO neutron.wsgi [req-4a900ed1-ec03-4f89-8410-871168cf8fcd db7e024eefa34f0d9525ad1ee1475527 910acf3b84b64f358e48f506530f7cb1 - default default] 10.0.20.25 "GET /v2.0/floatingips?fixed_ip_address=11.65.1.8&port_id=4f26ce2f-1776-4f1d-8d53-bff510920063 HTTP/1.1" status: 200  len: 749 time: 0.0583689
2018-06-30 01:55:09.272 23938 DEBUG oslo_concurrency.lockutils [-] Lock "notifier-2c4fde15-eb44-4545-ae1f-7f4f9c54068e" released by "neutron.notifiers.batch_notifier.synced_send" :: held 2.178s inner /usr/lib/python2.7/site-packages/oslo_concurrency/lockutils.py:282
2018-06-30 01:55:09.319 23938 DEBUG neutron.pecan_wsgi.hooks.policy_enforcement [req-b8d5c8eb-61c7-4d16-a7eb-edb69f72a851 db7e024eefa34f0d9525ad1ee1475527 910acf3b84b64f358e48f506530f7cb1 - default default] Attributes excluded by policy engine: [u'shared'] _exclude_attributes_by_policy /usr/lib/python2.7/site-packages/neutron/pecan_wsgi/hooks/policy_enforcement.py:256
2018-06-30 01:55:09.321 23938 INFO neutron.wsgi [req-b8d5c8eb-61c7-4d16-a7eb-edb69f72a851 db7e024eefa34f0d9525ad1ee1475527 910acf3b84b64f358e48f506530f7cb1 - default default] 10.0.20.25 "GET /v2.0/subnets?id=a910f6c6-3a18-4229-a121-8e4f97459358 HTTP/1.1" status: 200  len: 843 time: 0.1297021
2018-06-30 01:55:09.461 23938 INFO neutron.wsgi [req-f75b532a-8f19-44b5-ba78-d686bd65d968 db7e024eefa34f0d9525ad1ee1475527 910acf3b84b64f358e48f506530f7cb1 - default default] 10.0.20.25 "GET /v2.0/ports?network_id=7b33db1c-ae96-4446-9516-68da6fa6c25d&device_owner=network%3Adhcp HTTP/1.1" status: 200  len: 1127 time: 0.1334829
2018-06-30 01:55:10.264 23943 INFO neutron.wsgi [req-2d47a199-87c3-4274-ad3e-16e4e50557f3 db7e024eefa34f0d9525ad1ee1475527 910acf3b84b64f358e48f506530f7cb1 - default default] 10.0.20.25 "GET /v2.0/ports?device_id=c3bfed14-8634-40ec-b8b9-39831398b678 HTTP/1.1" status: 200  len: 1123 time: 0.5604138
2018-06-30 01:55:10.397 23943 INFO neutron.wsgi [req-8dd984ae-d22c-4e91-ab82-c34da1e875b2 db7e024eefa34f0d9525ad1ee1475527 910acf3b84b64f358e48f506530f7cb1 - default default] 10.0.20.25 "GET /v2.0/security-groups?id=d0765135-8515-4beb-99fd-b3aef97ade9f HTTP/1.1" status: 200  len: 2118 time: 0.1271350
2018-06-30 01:55:12.866 23939 INFO neutron.wsgi [req-3c7de35b-fb5c-4b5b-83f9-4546d908e8b2 db7e024eefa34f0d9525ad1ee1475527 910acf3b84b64f358e48f506530f7cb1 - default default] 10.0.20.25 "GET /v2.0/ports?device_id=c3bfed14-8634-40ec-b8b9-39831398b678 HTTP/1.1" status: 200  len: 1123 time: 0.3972640
2018-06-30 01:55:12.997 23939 INFO neutron.wsgi [req-ce08a4dd-dc60-4983-b3b5-4021680f468d db7e024eefa34f0d9525ad1ee1475527 910acf3b84b64f358e48f506530f7cb1 - default default] 10.0.20.25 "GET /v2.0/security-groups?id=d0765135-8515-4beb-99fd-b3aef97ade9f HTTP/1.1" status: 200  len: 2118 time: 0.1242781
2018-06-30 01:55:13.044 23952 DEBUG neutron_lib.callbacks.manager [req-7f2ca695-3f86-4522-ad96-93f553c2b950 - - - - -] Notify callbacks ['neutron.services.segments.db._update_segment_host_mapping_for_agent-8748730987826'] for agent, after_update _notify_loop /usr/lib/python2.7/site-packages/neutron_lib/callbacks/manager.py:167
2018-06-30 01:55:16.575 23938 INFO neutron.wsgi [req-05bd50ca-de78-4e4c-a9d8-f365c75ee682 db7e024eefa34f0d9525ad1ee1475527 910acf3b84b64f358e48f506530f7cb1 - default default] 10.0.20.25 "GET /v2.0/ports?tenant_id=e7811022c5ae4ed3b333b549abfc9244&device_id=c3bfed14-8634-40ec-b8b9-39831398b678 HTTP/1.1" status: 200  len: 1123 time: 0.1488128
2018-06-30 01:55:16.864 23938 DEBUG neutron.pecan_wsgi.hooks.policy_enforcement [req-91095aac-8543-4777-bf0b-4ed5073e7f37 db7e024eefa34f0d9525ad1ee1475527 910acf3b84b64f358e48f506530f7cb1 - default default] Attributes excluded by policy engine: [u'vlan_transparent'] _exclude_attributes_by_policy /usr/lib/python2.7/site-packages/neutron/pecan_wsgi/hooks/policy_enforcement.py:256
2018-06-30 01:55:16.868 23938 INFO neutron.wsgi [req-91095aac-8543-4777-bf0b-4ed5073e7f37 db7e024eefa34f0d9525ad1ee1475527 910acf3b84b64f358e48f506530f7cb1 - default default] 10.0.20.25 "GET /v2.0/networks?id=7b33db1c-ae96-4446-9516-68da6fa6c25d HTTP/1.1" status: 200  len: 885 time: 0.2877932
2018-06-30 01:55:16.928 23938 INFO neutron.wsgi [req-63f1cccc-acaa-4de7-a688-b2bf216b60a3 db7e024eefa34f0d9525ad1ee1475527 910acf3b84b64f358e48f506530f7cb1 - default default] 10.0.20.25 "GET /v2.0/floatingips?fixed_ip_address=11.65.1.8&port_id=4f26ce2f-1776-4f1d-8d53-bff510920063 HTTP/1.1" status: 200  len: 749 time: 0.0531950
2018-06-30 01:55:17.079 23938 DEBUG neutron.pecan_wsgi.hooks.policy_enforcement [req-3a978910-7044-4386-bb76-8f8359cddbb4 db7e024eefa34f0d9525ad1ee1475527 910acf3b84b64f358e48f506530f7cb1 - default default] Attributes excluded by policy engine: [u'shared'] _exclude_attributes_by_policy /usr/lib/python2.7/site-packages/neutron/pecan_wsgi/hooks/policy_enforcement.py:256
2018-06-30 01:55:17.083 23938 INFO neutron.wsgi [req-3a978910-7044-4386-bb76-8f8359cddbb4 db7e024eefa34f0d9525ad1ee1475527 910acf3b84b64f358e48f506530f7cb1 - default default] 10.0.20.25 "GET /v2.0/subnets?id=a910f6c6-3a18-4229-a121-8e4f97459358 HTTP/1.1" status: 200  len: 843 time: 0.1479881
2018-06-30 01:55:17.226 23938 INFO neutron.wsgi [req-7bf4b76f-ae22-41cf-b1bb-8d18ccb5abfc db7e024eefa34f0d9525ad1ee1475527 910acf3b84b64f358e48f506530f7cb1 - default default] 10.0.20.25 "GET /v2.0/ports?network_id=7b33db1c-ae96-4446-9516-68da6fa6c25d&device_owner=network%3Adhcp HTTP/1.1" status: 200  len: 1127 time: 0.1336489
2018-06-30 01:55:21.458 23938 INFO neutron.wsgi [req-d16be308-adbe-48a7-ae23-e16b4116b92b 7cf75d3d0ae44690865cf62fadf82034 e7811022c5ae4ed3b333b549abfc9244 - 94730bab0bfd4a2dbf5c62c723f4476a 94730bab0bfd4a2dbf5c62c723f4476a] 10.0.20.25 "GET /v2.0/ports?device_id=c3bfed14-8634-40ec-b8b9-39831398b678 HTTP/1.1" status: 200  len: 1123 time: 0.6917272
2018-06-30 01:55:21.607 23938 INFO neutron.wsgi [req-86e6dd95-eec6-4750-9908-a2be91e5f3c4 7cf75d3d0ae44690865cf62fadf82034 e7811022c5ae4ed3b333b549abfc9244 - 94730bab0bfd4a2dbf5c62c723f4476a 94730bab0bfd4a2dbf5c62c723f4476a] 10.0.20.25 "GET /v2.0/security-groups?id=d0765135-8515-4beb-99fd-b3aef97ade9f HTTP/1.1" status: 200  len: 2118 time: 0.1427121
2018-06-30 01:55:32.385 23951 DEBUG neutron_lib.callbacks.manager [req-fb784416-a899-4f43-92eb-4ef573f0dd94 - - - - -] Notify callbacks ['neutron.services.segments.db._update_segment_host_mapping_for_agent-8748730987826'] for agent, after_update _notify_loop /usr/lib/python2.7/site-packages/neutron_lib/callbacks/manager.py:167
2018-06-30 01:55:32.441 23953 DEBUG neutron_lib.callbacks.manager [req-4509740e-0f1e-4aca-8869-b094de435e3e - - - - -] Notify callbacks ['neutron.services.segments.db._update_segment_host_mapping_for_agent-8748730987826'] for agent, after_update _notify_loop /usr/lib/python2.7/site-packages/neutron_lib/callbacks/manager.py:167
2018-06-30 01:55:32.479 23954 DEBUG neutron_lib.callbacks.manager [req-ba9db005-fc68-4d4e-a8ca-501476cb478c - - - - -] Notify callbacks ['neutron.services.segments.db._update_segment_host_mapping_for_agent-8748730987826'] for agent, after_update _notify_loop /usr/lib/python2.7/site-packages/neutron_lib/callbacks/manager.py:167
2018-06-30 01:55:37.708 23949 DEBUG neutron_lib.callbacks.manager [req-d40844c0-0acd-4ff4-8585-436c94aa82a7 - - - - -] Notify callbacks ['neutron.services.segments.db._update_segment_host_mapping_for_agent-8748730987826'] for agent, after_update _notify_loop /usr/lib/python2.7/site-packages/neutron_lib/callbacks/manager.py:167
2018-06-30 01:55:38.173 23955 DEBUG neutron.db.agents_db [req-cc0e68bd-2e9d-41c7-b9e7-63275cf9c424 - - - - -] Agent healthcheck: found 5 active agents agent_health_check /usr/lib/python2.7/site-packages/neutron/db/agents_db.py:281
2018-06-30 01:55:39.733 23938 INFO neutron.wsgi [req-9a75ab1c-24f7-46d5-a7d4-dff4b3e757fd 7cf75d3d0ae44690865cf62fadf82034 e7811022c5ae4ed3b333b549abfc9244 - 94730bab0bfd4a2dbf5c62c723f4476a 94730bab0bfd4a2dbf5c62c723f4476a] 10.0.20.25 "GET /v2.0/ports?device_id=c3bfed14-8634-40ec-b8b9-39831398b678 HTTP/1.1" status: 200  len: 1123 time: 0.5312610
2018-06-30 01:55:39.835 23938 INFO neutron.wsgi [req-bc248fa3-723b-4615-84e0-446b3949c014 7cf75d3d0ae44690865cf62fadf82034 e7811022c5ae4ed3b333b549abfc9244 - 94730bab0bfd4a2dbf5c62c723f4476a 94730bab0bfd4a2dbf5c62c723f4476a] 10.0.20.25 "GET /v2.0/security-groups?id=d0765135-8515-4beb-99fd-b3aef97ade9f HTTP/1.1" status: 200  len: 2118 time: 0.0955122
2018-06-30 01:55:43.539 23947 DEBUG neutron_lib.callbacks.manager [req-083f5e2b-ccf3-4329-a5fa-5c8b65477b45 - - - - -] Notify callbacks ['neutron.services.segments.db._update_segment_host_mapping_for_agent-8748730987826'] for agent, after_update _notify_loop /usr/lib/python2.7/site-packages/neutron_lib/callbacks/manager.py:167
2018-06-30 01:55:49.240 23942 INFO neutron.wsgi [req-f605c41b-a67a-4cbb-9698-53a87ae67ec8 0508a2373b814911b1d6723f2f75b8cd 910acf3b84b64f358e48f506530f7cb1 - default default] 10.0.20.25 "GET /v2.0/ports?device_id=c3bfed14-8634-40ec-b8b9-39831398b678 HTTP/1.1" status: 200  len: 1123 time: 0.7719650
2018-06-30 01:55:49.396 23942 INFO neutron.wsgi [req-ef2d4980-d060-4623-8438-323e71872f2d 0508a2373b814911b1d6723f2f75b8cd 910acf3b84b64f358e48f506530f7cb1 - default default] 10.0.20.25 "GET /v2.0/security-groups?id=d0765135-8515-4beb-99fd-b3aef97ade9f HTTP/1.1" status: 200  len: 2118 time: 0.1463740
2018-06-30 01:55:50.766 23938 INFO neutron.wsgi [req-18b0b18e-40b7-404c-9136-2ce8ee531b19 7cf75d3d0ae44690865cf62fadf82034 e7811022c5ae4ed3b333b549abfc9244 - 94730bab0bfd4a2dbf5c62c723f4476a 94730bab0bfd4a2dbf5c62c723f4476a] 10.0.20.25 "GET /v2.0/ports?device_id=c3bfed14-8634-40ec-b8b9-39831398b678 HTTP/1.1" status: 200  len: 1123 time: 0.6450150
2018-06-30 01:55:50.959 23938 INFO neutron.wsgi [req-23f84c01-b317-4f4e-88e0-cb8400f5a432 7cf75d3d0ae44690865cf62fadf82034 e7811022c5ae4ed3b333b549abfc9244 - 94730bab0bfd4a2dbf5c62c723f4476a 94730bab0bfd4a2dbf5c62c723f4476a] 10.0.20.25 "GET /v2.0/security-groups?id=d0765135-8515-4beb-99fd-b3aef97ade9f HTTP/1.1" status: 200  len: 2118 time: 0.1856661
2018-06-30 01:56:02.386 23948 DEBUG neutron_lib.callbacks.manager [req-43f65072-968d-49af-a28b-68fedf31dbff - - - - -] Notify callbacks ['neutron.services.segments.db._update_segment_host_mapping_for_agent-8748730987826'] for agent, after_update _notify_loop /usr/lib/python2.7/site-packages/neutron_lib/callbacks/manager.py:167
2018-06-30 01:56:02.452 23950 DEBUG neutron_lib.callbacks.manager [req-4509740e-0f1e-4aca-8869-b094de435e3e - - - - -] Notify callbacks ['neutron.services.segments.db._update_segment_host_mapping_for_agent-8748730987826'] for agent, after_update _notify_loop /usr/lib/python2.7/site-packages/neutron_lib/callbacks/manager.py:167
2018-06-30 01:56:02.480 23946 DEBUG neutron_lib.callbacks.manager [req-ba9db005-fc68-4d4e-a8ca-501476cb478c - - - - -] Notify callbacks ['neutron.services.segments.db._update_segment_host_mapping_for_agent-8748730987826'] for agent, after_update _notify_loop /usr/lib/python2.7/site-packages/neutron_lib/callbacks/manager.py:167
2018-06-30 01:56:07.477 23939 INFO neutron.wsgi [req-248ed57b-e6f3-419f-ab84-8dce140452d1 7cf75d3d0ae44690865cf62fadf82034 e7811022c5ae4ed3b333b549abfc9244 - 94730bab0bfd4a2dbf5c62c723f4476a 94730bab0bfd4a2dbf5c62c723f4476a] 10.0.20.25 "GET /v2.0/ports?device_id=c3bfed14-8634-40ec-b8b9-39831398b678 HTTP/1.1" status: 200  len: 1123 time: 1.1230528
2018-06-30 01:56:07.626 23939 INFO neutron.wsgi [req-84478b95-e55e-42e7-8e3e-30d0a4b6f2ae 7cf75d3d0ae44690865cf62fadf82034 e7811022c5ae4ed3b333b549abfc9244 - 94730bab0bfd4a2dbf5c62c723f4476a 94730bab0bfd4a2dbf5c62c723f4476a] 10.0.20.25 "GET /v2.0/security-groups?id=d0765135-8515-4beb-99fd-b3aef97ade9f HTTP/1.1" status: 200  len: 2118 time: 0.1402209
2018-06-30 01:56:07.694 23952 DEBUG neutron_lib.callbacks.manager [req-d40844c0-0acd-4ff4-8585-436c94aa82a7 - - - - -] Notify callbacks ['neutron.services.segments.db._update_segment_host_mapping_for_agent-8748730987826'] for agent, after_update _notify_loop /usr/lib/python2.7/site-packages/neutron_lib/callbacks/manager.py:167
2018-06-30 01:56:13.078 23951 DEBUG neutron_lib.callbacks.manager [req-8c54e02f-9dbf-400d-a883-0cd76ca7527b - - - - -] Notify callbacks ['neutron.services.segments.db._update_segment_host_mapping_for_agent-8748730987826'] for agent, after_update _notify_loop /usr/lib/python2.7/site-packages/neutron_lib/callbacks/manager.py:167
2018-06-30 01:56:15.174 23955 DEBUG neutron.db.agents_db [req-cc0e68bd-2e9d-41c7-b9e7-63275cf9c424 - - - - -] Agent healthcheck: found 5 active agents agent_health_check /usr/lib/python2.7/site-packages/neutron/db/agents_db.py:281
2018-06-30 01:56:19.794 23938 INFO neutron.wsgi [req-108f8b53-266b-4bf6-a907-ad783a07a01d 7cf75d3d0ae44690865cf62fadf82034 e7811022c5ae4ed3b333b549abfc9244 - 94730bab0bfd4a2dbf5c62c723f4476a 94730bab0bfd4a2dbf5c62c723f4476a] 10.0.20.25 "GET /v2.0/ports?device_id=c3bfed14-8634-40ec-b8b9-39831398b678 HTTP/1.1" status: 200  len: 1123 time: 1.4158578
2018-06-30 01:56:19.954 23938 INFO neutron.wsgi [req-0364c005-3e4a-423c-a43e-761cde2fad5d 7cf75d3d0ae44690865cf62fadf82034 e7811022c5ae4ed3b333b549abfc9244 - 94730bab0bfd4a2dbf5c62c723f4476a 94730bab0bfd4a2dbf5c62c723f4476a] 10.0.20.25 "GET /v2.0/security-groups?id=d0765135-8515-4beb-99fd-b3aef97ade9f HTTP/1.1" status: 200  len: 2118 time: 0.1539049
2018-06-30 01:56:21.875 23938 INFO neutron.wsgi [req-bec39a8e-dca6-4f6b-ae83-77839c243174 db7e024eefa34f0d9525ad1ee1475527 910acf3b84b64f358e48f506530f7cb1 - default default] 10.0.20.25 "GET /v2.0/ports?tenant_id=e7811022c5ae4ed3b333b549abfc9244&device_id=c3bfed14-8634-40ec-b8b9-39831398b678 HTTP/1.1" status: 200  len: 1123 time: 0.2039571
2018-06-30 01:56:22.173 23938 DEBUG neutron.pecan_wsgi.hooks.policy_enforcement [req-716608c1-462f-4654-ac9a-bef8c3727639 db7e024eefa34f0d9525ad1ee1475527 910acf3b84b64f358e48f506530f7cb1 - default default] Attributes excluded by policy engine: [u'vlan_transparent'] _exclude_attributes_by_policy /usr/lib/python2.7/site-packages/neutron/pecan_wsgi/hooks/policy_enforcement.py:256
2018-06-30 01:56:22.175 23938 INFO neutron.wsgi [req-716608c1-462f-4654-ac9a-bef8c3727639 db7e024eefa34f0d9525ad1ee1475527 910acf3b84b64f358e48f506530f7cb1 - default default] 10.0.20.25 "GET /v2.0/networks?id=7b33db1c-ae96-4446-9516-68da6fa6c25d HTTP/1.1" status: 200  len: 885 time: 0.2929709
2018-06-30 01:56:22.247 23938 INFO neutron.wsgi [req-34bdf86c-22ae-4cf4-8d78-c20f16eb2f5a db7e024eefa34f0d9525ad1ee1475527 910acf3b84b64f358e48f506530f7cb1 - default default] 10.0.20.25 "GET /v2.0/floatingips?fixed_ip_address=11.65.1.8&port_id=4f26ce2f-1776-4f1d-8d53-bff510920063 HTTP/1.1" status: 200  len: 749 time: 0.0650649
2018-06-30 01:56:22.369 23938 DEBUG neutron.pecan_wsgi.hooks.policy_enforcement [req-4fb829f8-10ab-4c86-b946-13e4349ead80 db7e024eefa34f0d9525ad1ee1475527 910acf3b84b64f358e48f506530f7cb1 - default default] Attributes excluded by policy engine: [u'shared'] _exclude_attributes_by_policy /usr/lib/python2.7/site-packages/neutron/pecan_wsgi/hooks/policy_enforcement.py:256
2018-06-30 01:56:22.372 23938 INFO neutron.wsgi [req-4fb829f8-10ab-4c86-b946-13e4349ead80 db7e024eefa34f0d9525ad1ee1475527 910acf3b84b64f358e48f506530f7cb1 - default default] 10.0.20.25 "GET /v2.0/subnets?id=a910f6c6-3a18-4229-a121-8e4f97459358 HTTP/1.1" status: 200  len: 843 time: 0.1191640
2018-06-30 01:56:22.733 23938 INFO neutron.wsgi [req-a135bc72-e257-4da5-89f6-3d7b778661ab db7e024eefa34f0d9525ad1ee1475527 910acf3b84b64f358e48f506530f7cb1 - default default] 10.0.20.25 "GET /v2.0/ports?network_id=7b33db1c-ae96-4446-9516-68da6fa6c25d&device_owner=network%3Adhcp HTTP/1.1" status: 200  len: 1127 time: 0.3518810
2018-06-30 01:56:32.381 23953 DEBUG neutron_lib.callbacks.manager [req-3f8be165-bcad-4b08-a5af-de9717a6a6fc - - - - -] Notify callbacks ['neutron.services.segments.db._update_segment_host_mapping_for_agent-8748730987826'] for agent, after_update _notify_loop /usr/lib/python2.7/site-packages/neutron_lib/callbacks/manager.py:167
2018-06-30 01:56:32.463 23954 DEBUG neutron_lib.callbacks.manager [req-4509740e-0f1e-4aca-8869-b094de435e3e - - - - -] Notify callbacks ['neutron.services.segments.db._update_segment_host_mapping_for_agent-8748730987826'] for agent, after_update _notify_loop /usr/lib/python2.7/site-packages/neutron_lib/callbacks/manager.py:167
2018-06-30 01:56:32.506 23949 DEBUG neutron_lib.callbacks.manager [req-ba9db005-fc68-4d4e-a8ca-501476cb478c - - - - -] Notify callbacks ['neutron.services.segments.db._update_segment_host_mapping_for_agent-8748730987826'] for agent, after_update _notify_loop /usr/lib/python2.7/site-packages/neutron_lib/callbacks/manager.py:167
2018-06-30 01:56:33.907 23943 INFO neutron.wsgi [req-15069078-8291-4daf-8e51-a869773b3f83 7cf75d3d0ae44690865cf62fadf82034 e7811022c5ae4ed3b333b549abfc9244 - 94730bab0bfd4a2dbf5c62c723f4476a 94730bab0bfd4a2dbf5c62c723f4476a] 10.0.20.25 "GET /v2.0/ports?device_id=c3bfed14-8634-40ec-b8b9-39831398b678 HTTP/1.1" status: 200  len: 1123 time: 1.0044532
2018-06-30 01:56:34.018 23943 INFO neutron.wsgi [req-1563439b-e132-4aa0-9d4d-08560095fef1 7cf75d3d0ae44690865cf62fadf82034 e7811022c5ae4ed3b333b549abfc9244 - 94730bab0bfd4a2dbf5c62c723f4476a 94730bab0bfd4a2dbf5c62c723f4476a] 10.0.20.25 "GET /v2.0/security-groups?id=d0765135-8515-4beb-99fd-b3aef97ade9f HTTP/1.1" status: 200  len: 2118 time: 0.1040521
2018-06-30 01:56:37.697 23947 DEBUG neutron_lib.callbacks.manager [req-d40844c0-0acd-4ff4-8585-436c94aa82a7 - - - - -] Notify callbacks ['neutron.services.segments.db._update_segment_host_mapping_for_agent-8748730987826'] for agent, after_update _notify_loop /usr/lib/python2.7/site-packages/neutron_lib/callbacks/manager.py:167
2018-06-30 01:56:43.073 23948 DEBUG neutron_lib.callbacks.manager [req-0139c712-c6d7-4237-bd04-a97a02c22565 - - - - -] Notify callbacks ['neutron.services.segments.db._update_segment_host_mapping_for_agent-8748730987826'] for agent, after_update _notify_loop /usr/lib/python2.7/site-packages/neutron_lib/callbacks/manager.py:167
2018-06-30 01:56:46.788 23939 INFO neutron.wsgi [req-3240d155-b51b-4f80-ab28-897b295f8356 7cf75d3d0ae44690865cf62fadf82034 e7811022c5ae4ed3b333b549abfc9244 - 94730bab0bfd4a2dbf5c62c723f4476a 94730bab0bfd4a2dbf5c62c723f4476a] 10.0.20.25 "GET /v2.0/ports?device_id=c3bfed14-8634-40ec-b8b9-39831398b678 HTTP/1.1" status: 200  len: 1123 time: 0.7490852
2018-06-30 01:56:46.946 23939 INFO neutron.wsgi [req-f74e8f57-a039-4fb6-9aa1-0844a156413c 7cf75d3d0ae44690865cf62fadf82034 e7811022c5ae4ed3b333b549abfc9244 - 94730bab0bfd4a2dbf5c62c723f4476a 94730bab0bfd4a2dbf5c62c723f4476a] 10.0.20.25 "GET /v2.0/security-groups?id=d0765135-8515-4beb-99fd-b3aef97ade9f HTTP/1.1" status: 200  len: 2118 time: 0.1475458
2018-06-30 01:56:52.185 23955 DEBUG neutron.db.agents_db [req-cc0e68bd-2e9d-41c7-b9e7-63275cf9c424 - - - - -] Agent healthcheck: found 5 active agents agent_health_check /usr/lib/python2.7/site-packages/neutron/db/agents_db.py:281
2018-06-30 01:57:02.407 23950 DEBUG neutron_lib.callbacks.manager [req-0c83e273-6ec2-48a8-bbe9-86cc7f7bf83f - - - - -] Notify callbacks ['neutron.services.segments.db._update_segment_host_mapping_for_agent-8748730987826'] for agent, after_update _notify_loop /usr/lib/python2.7/site-packages/neutron_lib/callbacks/manager.py:167
2018-06-30 01:57:02.453 23946 DEBUG neutron_lib.callbacks.manager [req-4509740e-0f1e-4aca-8869-b094de435e3e - - - - -] Notify callbacks ['neutron.services.segments.db._update_segment_host_mapping_for_agent-8748730987826'] for agent, after_update _notify_loop /usr/lib/python2.7/site-packages/neutron_lib/callbacks/manager.py:167
2018-06-30 01:57:02.504 23952 DEBUG neutron_lib.callbacks.manager [req-ba9db005-fc68-4d4e-a8ca-501476cb478c - - - - -] Notify callbacks ['neutron.services.segments.db._update_segment_host_mapping_for_agent-8748730987826'] for agent, after_update _notify_loop /usr/lib/python2.7/site-packages/neutron_lib/callbacks/manager.py:167
2018-06-30 01:57:02.644 23943 INFO neutron.wsgi [req-bed42fd9-8d36-489f-b378-0a565e293822 7cf75d3d0ae44690865cf62fadf82034 e7811022c5ae4ed3b333b549abfc9244 - 94730bab0bfd4a2dbf5c62c723f4476a 94730bab0bfd4a2dbf5c62c723f4476a] 10.0.20.25 "GET /v2.0/ports?device_id=c3bfed14-8634-40ec-b8b9-39831398b678 HTTP/1.1" status: 200  len: 1123 time: 0.8740320
2018-06-30 01:57:02.833 23943 INFO neutron.wsgi [req-ce5a13c3-329c-46c1-b404-5ad79814d5d2 7cf75d3d0ae44690865cf62fadf82034 e7811022c5ae4ed3b333b549abfc9244 - 94730bab0bfd4a2dbf5c62c723f4476a 94730bab0bfd4a2dbf5c62c723f4476a] 10.0.20.25 "GET /v2.0/security-groups?id=d0765135-8515-4beb-99fd-b3aef97ade9f HTTP/1.1" status: 200  len: 2118 time: 0.1780081
2018-06-30 01:57:07.683 23951 DEBUG neutron_lib.callbacks.manager [req-d40844c0-0acd-4ff4-8585-436c94aa82a7 - - - - -] Notify callbacks ['neutron.services.segments.db._update_segment_host_mapping_for_agent-8748730987826'] for agent, after_update _notify_loop /usr/lib/python2.7/site-packages/neutron_lib/callbacks/manager.py:167
2018-06-30 01:57:13.098 23953 DEBUG neutron_lib.callbacks.manager [req-e6e8abb1-493f-4b56-bd86-41cedef8013d - - - - -] Notify callbacks ['neutron.services.segments.db._update_segment_host_mapping_for_agent-8748730987826'] for agent, after_update _notify_loop /usr/lib/python2.7/site-packages/neutron_lib/callbacks/manager.py:167
2018-06-30 01:57:15.732 23938 DEBUG neutron.wsgi [-] (23938) accepted ('10.0.20.25', 53546) server /usr/lib/python2.7/site-packages/eventlet/wsgi.py:883
2018-06-30 01:57:16.375 23939 INFO neutron.wsgi [req-7ab970bb-954e-44ac-811b-9d9e73769023 0508a2373b814911b1d6723f2f75b8cd 910acf3b84b64f358e48f506530f7cb1 - default default] 10.0.20.25 "GET /v2.0/ports?device_id=c3bfed14-8634-40ec-b8b9-39831398b678 HTTP/1.1" status: 200  len: 1123 time: 0.8897872
2018-06-30 01:57:17.217 23938 INFO neutron.wsgi [req-48e456d7-4247-4c2d-8d31-0f321082ba42 7cf75d3d0ae44690865cf62fadf82034 e7811022c5ae4ed3b333b549abfc9244 - 94730bab0bfd4a2dbf5c62c723f4476a 94730bab0bfd4a2dbf5c62c723f4476a] 10.0.20.25 "GET /v2.0/ports?device_id=c3bfed14-8634-40ec-b8b9-39831398b678 HTTP/1.1" status: 200  len: 1123 time: 1.4822571
2018-06-30 01:57:17.357 23938 INFO neutron.wsgi [req-2aed5bf3-f65f-4353-9978-f70d6fdbbb0f 7cf75d3d0ae44690865cf62fadf82034 e7811022c5ae4ed3b333b549abfc9244 - 94730bab0bfd4a2dbf5c62c723f4476a 94730bab0bfd4a2dbf5c62c723f4476a] 10.0.20.25 "GET /v2.0/security-groups?id=d0765135-8515-4beb-99fd-b3aef97ade9f HTTP/1.1" status: 200  len: 2118 time: 0.1326640
2018-06-30 01:57:17.602 23939 INFO neutron.wsgi [req-2fd43875-83d8-4c08-bdf3-949a1515b0c5 0508a2373b814911b1d6723f2f75b8cd 910acf3b84b64f358e48f506530f7cb1 - default default] 10.0.20.25 "GET /v2.0/security-groups?id=d0765135-8515-4beb-99fd-b3aef97ade9f HTTP/1.1" status: 200  len: 2118 time: 1.2160451
2018-06-30 01:57:18.233 23938 INFO neutron.wsgi [req-ae5bf79c-82bb-4445-b6ee-7602ea528001 db7e024eefa34f0d9525ad1ee1475527 910acf3b84b64f358e48f506530f7cb1 - default default] 10.0.20.25 "GET /v2.0/ports?tenant_id=e7811022c5ae4ed3b333b549abfc9244&device_id=c3bfed14-8634-40ec-b8b9-39831398b678 HTTP/1.1" status: 200  len: 1123 time: 0.1331391
2018-06-30 01:57:18.487 23938 DEBUG neutron.pecan_wsgi.hooks.policy_enforcement [req-431e1f33-b779-40a0-b9a9-7233bb66ea2f db7e024eefa34f0d9525ad1ee1475527 910acf3b84b64f358e48f506530f7cb1 - default default] Attributes excluded by policy engine: [u'vlan_transparent'] _exclude_attributes_by_policy /usr/lib/python2.7/site-packages/neutron/pecan_wsgi/hooks/policy_enforcement.py:256
2018-06-30 01:57:18.490 23938 INFO neutron.wsgi [req-431e1f33-b779-40a0-b9a9-7233bb66ea2f db7e024eefa34f0d9525ad1ee1475527 910acf3b84b64f358e48f506530f7cb1 - default default] 10.0.20.25 "GET /v2.0/networks?id=7b33db1c-ae96-4446-9516-68da6fa6c25d HTTP/1.1" status: 200  len: 885 time: 0.2502038
2018-06-30 01:57:18.550 23938 INFO neutron.wsgi [req-ddb6046e-031f-4a22-b7ad-69bcc4b3d1b4 db7e024eefa34f0d9525ad1ee1475527 910acf3b84b64f358e48f506530f7cb1 - default default] 10.0.20.25 "GET /v2.0/floatingips?fixed_ip_address=11.65.1.8&port_id=4f26ce2f-1776-4f1d-8d53-bff510920063 HTTP/1.1" status: 200  len: 749 time: 0.0529361
2018-06-30 01:57:18.693 23938 DEBUG neutron.pecan_wsgi.hooks.policy_enforcement [req-dfa06267-8e62-4f31-b994-cb0c1355d4a7 db7e024eefa34f0d9525ad1ee1475527 910acf3b84b64f358e48f506530f7cb1 - default default] Attributes excluded by policy engine: [u'shared'] _exclude_attributes_by_policy /usr/lib/python2.7/site-packages/neutron/pecan_wsgi/hooks/policy_enforcement.py:256
2018-06-30 01:57:18.697 23938 INFO neutron.wsgi [req-dfa06267-8e62-4f31-b994-cb0c1355d4a7 db7e024eefa34f0d9525ad1ee1475527 910acf3b84b64f358e48f506530f7cb1 - default default] 10.0.20.25 "GET /v2.0/subnets?id=a910f6c6-3a18-4229-a121-8e4f97459358 HTTP/1.1" status: 200  len: 843 time: 0.1395240
2018-06-30 01:57:18.789 23938 INFO neutron.wsgi [req-07aaeed3-22fe-4f49-ac6c-eb529f5bc236 db7e024eefa34f0d9525ad1ee1475527 910acf3b84b64f358e48f506530f7cb1 - default default] 10.0.20.25 "GET /v2.0/ports?network_id=7b33db1c-ae96-4446-9516-68da6fa6c25d&device_owner=network%3Adhcp HTTP/1.1" status: 200  len: 1127 time: 0.0856209
2018-06-30 01:57:19.486 23938 INFO neutron.wsgi [req-81d0bcb4-c1fe-4f3c-85ab-5ab123422763 db7e024eefa34f0d9525ad1ee1475527 910acf3b84b64f358e48f506530f7cb1 - default default] 10.0.20.25 "GET /v2.0/ports?tenant_id=e7811022c5ae4ed3b333b549abfc9244&device_id=c3bfed14-8634-40ec-b8b9-39831398b678 HTTP/1.1" status: 200  len: 1123 time: 0.1074619
2018-06-30 01:57:19.763 23938 DEBUG neutron.pecan_wsgi.hooks.policy_enforcement [req-cdb459bb-6e2e-474e-a85b-32ec0066b822 db7e024eefa34f0d9525ad1ee1475527 910acf3b84b64f358e48f506530f7cb1 - default default] Attributes excluded by policy engine: [u'vlan_transparent'] _exclude_attributes_by_policy /usr/lib/python2.7/site-packages/neutron/pecan_wsgi/hooks/policy_enforcement.py:256
2018-06-30 01:57:19.766 23938 INFO neutron.wsgi [req-cdb459bb-6e2e-474e-a85b-32ec0066b822 db7e024eefa34f0d9525ad1ee1475527 910acf3b84b64f358e48f506530f7cb1 - default default] 10.0.20.25 "GET /v2.0/networks?id=7b33db1c-ae96-4446-9516-68da6fa6c25d HTTP/1.1" status: 200  len: 885 time: 0.2688711
2018-06-30 01:57:19.822 23938 INFO neutron.wsgi [req-566e5c9e-0492-496d-9248-73017824b1f2 db7e024eefa34f0d9525ad1ee1475527 910acf3b84b64f358e48f506530f7cb1 - default default] 10.0.20.25 "GET /v2.0/floatingips?fixed_ip_address=11.65.1.8&port_id=4f26ce2f-1776-4f1d-8d53-bff510920063 HTTP/1.1" status: 200  len: 749 time: 0.0468109
2018-06-30 01:57:19.963 23938 DEBUG neutron.pecan_wsgi.hooks.policy_enforcement [req-a66d5a79-4f64-40a6-ab4a-5c35a184abb4 db7e024eefa34f0d9525ad1ee1475527 910acf3b84b64f358e48f506530f7cb1 - default default] Attributes excluded by policy engine: [u'shared'] _exclude_attributes_by_policy /usr/lib/python2.7/site-packages/neutron/pecan_wsgi/hooks/policy_enforcement.py:256
2018-06-30 01:57:19.966 23938 INFO neutron.wsgi [req-a66d5a79-4f64-40a6-ab4a-5c35a184abb4 db7e024eefa34f0d9525ad1ee1475527 910acf3b84b64f358e48f506530f7cb1 - default default] 10.0.20.25 "GET /v2.0/subnets?id=a910f6c6-3a18-4229-a121-8e4f97459358 HTTP/1.1" status: 200  len: 843 time: 0.1272881
2018-06-30 01:57:20.091 23938 INFO neutron.wsgi [req-0c0e581b-a337-4e3a-a7a3-2fb1306ea267 db7e024eefa34f0d9525ad1ee1475527 910acf3b84b64f358e48f506530f7cb1 - default default] 10.0.20.25 "GET /v2.0/ports?network_id=7b33db1c-ae96-4446-9516-68da6fa6c25d&device_owner=network%3Adhcp HTTP/1.1" status: 200  len: 1127 time: 0.1190660
2018-06-30 01:57:20.190 23952 DEBUG neutron.plugins.ml2.rpc [req-d40844c0-0acd-4ff4-8585-436c94aa82a7 - - - - -] Device 4f26ce2f-1776-4f1d-8d53-bff510920063 no longer exists at agent ovs-agent-localhost.localdomain update_device_down /usr/lib/python2.7/site-packages/neutron/plugins/ml2/rpc.py:213
2018-06-30 01:57:20.625 23952 DEBUG neutron_lib.callbacks.manager [req-d40844c0-0acd-4ff4-8585-436c94aa82a7 - - - - -] Notify callbacks ['neutron.plugins.ml2.plugin.Ml2Plugin._ensure_default_security_group_handler--9223372036853772448'] for port, before_update _notify_loop /usr/lib/python2.7/site-packages/neutron_lib/callbacks/manager.py:167
2018-06-30 01:57:20.685 23952 DEBUG oslo_concurrency.lockutils [-] Lock "notifier-2c4fde15-eb44-4545-ae1f-7f4f9c54068e" acquired by "neutron.notifiers.batch_notifier.synced_send" :: waited 0.000s inner /usr/lib/python2.7/site-packages/oslo_concurrency/lockutils.py:270
2018-06-30 01:57:20.686 23952 DEBUG neutron.notifiers.nova [-] Sending events: [{'status': 'completed', 'tag': u'4f26ce2f-1776-4f1d-8d53-bff510920063', 'name': 'network-vif-unplugged', 'server_uuid': u'c3bfed14-8634-40ec-b8b9-39831398b678'}] send_events /usr/lib/python2.7/site-packages/neutron/notifiers/nova.py:242
