2018-09-29 03:47:59.338 19472 DEBUG neutron_lib.callbacks.manager [req-df4ea921-d6c0-4163-affe-fddcb35c88fa 2430384590284a7782034c91781d7b28 0dcff5e2def14ef4bf682995972e4d0d - 815f4f5660dc456b85f989829f62ffda 815f4f5660dc456b85f989829f62ffda] Notify callbacks [] for port, precommit_create _notify_loop /usr/lib/python2.7/site-packages/neutron_lib/callbacks/manager.py:167
2018-09-29 03:47:59.392 19472 DEBUG neutron.db.provisioning_blocks [req-df4ea921-d6c0-4163-affe-fddcb35c88fa 2430384590284a7782034c91781d7b28 0dcff5e2def14ef4bf682995972e4d0d - 815f4f5660dc456b85f989829f62ffda 815f4f5660dc456b85f989829f62ffda] Transition to ACTIVE for port object a77c559a-526c-4cc4-bae9-2ae7a1168950 will not be triggered until provisioned by entity DHCP. add_provisioning_component /usr/lib/python2.7/site-packages/neutron/db/provisioning_blocks.py:73
2018-09-29 03:47:59.484 19472 DEBUG neutron_lib.callbacks.manager [req-df4ea921-d6c0-4163-affe-fddcb35c88fa 2430384590284a7782034c91781d7b28 0dcff5e2def14ef4bf682995972e4d0d - 815f4f5660dc456b85f989829f62ffda 815f4f5660dc456b85f989829f62ffda] Notify callbacks ['neutron.plugins.ml2.plugin.Ml2Plugin.notify_sg_on_port_change-2018456', 'neutron.plugins.ml2.ovo_rpc._ObjectChangeHandler.handle_event--9223372036854164518', 'neutron.api.rpc.agentnotifiers.dhcp_rpc_agent_api.DhcpAgentNotifyAPI._native_event_send_dhcp_notification-940378', 'neutron.db.l3_dvrscheduler_db._notify_l3_agent_new_port-8757866285241'] for port, after_create _notify_loop /usr/lib/python2.7/site-packages/neutron_lib/callbacks/manager.py:167
2018-09-29 03:48:00.118 19472 DEBUG oslo_concurrency.lockutils [-] Lock "event-dispatch" acquired by "neutron.plugins.ml2.ovo_rpc.dispatch_events" :: waited 0.000s inner /usr/lib/python2.7/site-packages/oslo_concurrency/lockutils.py:270
2018-09-29 03:48:00.331 19469 WARNING keystonemiddleware.auth_token [-] A valid token was submitted as a service token, but it was not a valid service token. This is incorrect but backwards compatible behaviour. This will be removed in future releases.
2018-09-29 03:48:00.387 19472 DEBUG neutron.api.rpc.handlers.resources_rpc [req-df4ea921-d6c0-4163-affe-fddcb35c88fa 2430384590284a7782034c91781d7b28 0dcff5e2def14ef4bf682995972e4d0d - - -] neutron.api.rpc.handlers.resources_rpc.ResourcesPushRpcApi method push called with arguments (<neutron_lib.context.Context object at 0x7f719747a890>, [Port(admin_state_up=True,allowed_address_pairs=[],binding=PortBinding,binding_levels=[],created_at=2018-09-29T07:47:58Z,data_plane_status=<?>,description='',device_id='c304b70a-7422-4cc9-826d-6dce8bfc4d9e',device_owner='',dhcp_options=[],distributed_binding=None,dns=None,fixed_ips=[IPAllocation],id=a77c559a-526c-4cc4-bae9-2ae7a1168950,mac_address=fa:16:3e:bf:20:ac,name='',network_id=9c02ae18-55c2-44b5-9466-46c0d077daab,project_id='0dcff5e2def14ef4bf682995972e4d0d',qos_policy_id=None,revision_number=3,security=PortSecurity(a77c559a-526c-4cc4-bae9-2ae7a1168950),security_group_ids=set([b2cd9f01-11bc-431f-a85b-8759f0e5399d]),status='DOWN',updated_at=2018-09-29T07:47:59Z)], 'updated') {} wrapper /usr/lib/python2.7/site-packages/oslo_log/helpers.py:66
2018-09-29 03:48:00.422 19472 DEBUG neutron.api.rpc.callbacks.version_manager [req-df4ea921-d6c0-4163-affe-fddcb35c88fa 2430384590284a7782034c91781d7b28 0dcff5e2def14ef4bf682995972e4d0d - - -] Version for resource type Subnet changed None to 1.0 on consumer Open vSwitch agent@localhost.localdomain _set_version /usr/lib/python2.7/site-packages/neutron/api/rpc/callbacks/version_manager.py:119
2018-09-29 03:48:00.423 19472 DEBUG neutron.api.rpc.callbacks.version_manager [req-df4ea921-d6c0-4163-affe-fddcb35c88fa 2430384590284a7782034c91781d7b28 0dcff5e2def14ef4bf682995972e4d0d - - -] Version for resource type Network changed None to 1.0 on consumer Open vSwitch agent@localhost.localdomain _set_version /usr/lib/python2.7/site-packages/neutron/api/rpc/callbacks/version_manager.py:119
2018-09-29 03:48:00.424 19472 DEBUG neutron.api.rpc.callbacks.version_manager [req-df4ea921-d6c0-4163-affe-fddcb35c88fa 2430384590284a7782034c91781d7b28 0dcff5e2def14ef4bf682995972e4d0d - - -] Version for resource type SubPort changed None to 1.0 on consumer Open vSwitch agent@localhost.localdomain _set_version /usr/lib/python2.7/site-packages/neutron/api/rpc/callbacks/version_manager.py:119
2018-09-29 03:48:00.424 19472 DEBUG neutron.api.rpc.callbacks.version_manager [req-df4ea921-d6c0-4163-affe-fddcb35c88fa 2430384590284a7782034c91781d7b28 0dcff5e2def14ef4bf682995972e4d0d - - -] Version for resource type SecurityGroup changed None to 1.0 on consumer Open vSwitch agent@localhost.localdomain _set_version /usr/lib/python2.7/site-packages/neutron/api/rpc/callbacks/version_manager.py:119
2018-09-29 03:48:00.425 19472 DEBUG neutron.api.rpc.callbacks.version_manager [req-df4ea921-d6c0-4163-affe-fddcb35c88fa 2430384590284a7782034c91781d7b28 0dcff5e2def14ef4bf682995972e4d0d - - -] Version for resource type SecurityGroupRule changed None to 1.0 on consumer Open vSwitch agent@localhost.localdomain _set_version /usr/lib/python2.7/site-packages/neutron/api/rpc/callbacks/version_manager.py:119
2018-09-29 03:48:00.426 19472 DEBUG neutron.api.rpc.callbacks.version_manager [req-df4ea921-d6c0-4163-affe-fddcb35c88fa 2430384590284a7782034c91781d7b28 0dcff5e2def14ef4bf682995972e4d0d - - -] Version for resource type Trunk changed None to 1.1 on consumer Open vSwitch agent@localhost.localdomain _set_version /usr/lib/python2.7/site-packages/neutron/api/rpc/callbacks/version_manager.py:119
2018-09-29 03:48:00.426 19472 DEBUG neutron.api.rpc.callbacks.version_manager [req-df4ea921-d6c0-4163-affe-fddcb35c88fa 2430384590284a7782034c91781d7b28 0dcff5e2def14ef4bf682995972e4d0d - - -] Version for resource type QosPolicy changed None to 1.6 on consumer Open vSwitch agent@localhost.localdomain _set_version /usr/lib/python2.7/site-packages/neutron/api/rpc/callbacks/version_manager.py:119
2018-09-29 03:48:00.427 19472 DEBUG neutron.api.rpc.callbacks.version_manager [req-df4ea921-d6c0-4163-affe-fddcb35c88fa 2430384590284a7782034c91781d7b28 0dcff5e2def14ef4bf682995972e4d0d - - -] Version for resource type Port changed None to 1.1 on consumer Open vSwitch agent@localhost.localdomain _set_version /usr/lib/python2.7/site-packages/neutron/api/rpc/callbacks/version_manager.py:119
2018-09-29 03:48:00.428 19472 DEBUG neutron.api.rpc.callbacks.version_manager [req-df4ea921-d6c0-4163-affe-fddcb35c88fa 2430384590284a7782034c91781d7b28 0dcff5e2def14ef4bf682995972e4d0d - - -] Version for resource type Log changed None to 1.0 on consumer Open vSwitch agent@localhost.localdomain _set_version /usr/lib/python2.7/site-packages/neutron/api/rpc/callbacks/version_manager.py:119
2018-09-29 03:48:00.431 19472 DEBUG neutron.api.rpc.callbacks.version_manager [req-df4ea921-d6c0-4163-affe-fddcb35c88fa 2430384590284a7782034c91781d7b28 0dcff5e2def14ef4bf682995972e4d0d - - -] Tracked resource versions report:
pushed versions:
{   'Log': set(['1.0']),
    'Network': set(['1.0']),
    'Port': set(['1.1']),
    'QosPolicy': set(['1.6']),
    'SecurityGroup': set(['1.0']),
    'SecurityGroupRule': set(['1.0']),
    'SubPort': set(['1.0']),
    'Subnet': set(['1.0']),
    'Trunk': set(['1.1'])}

consumer versions:
{   DHCP agent@localhost.localdomain: {   },
    L3 agent@localhost.localdomain: {   },
    Metadata agent@localhost.localdomain: {   },
    Metering agent@localhost.localdomain: {   },
    Open vSwitch agent@localhost.localdomain: {   u'Log': u'1.0',
                                                  u'Network': u'1.0',
                                                  u'Port': u'1.1',
                                                  u'QosPolicy': u'1.6',
                                                  u'SecurityGroup': u'1.0',
                                                  u'SecurityGroupRule': u'1.0',
                                                  u'SubPort': u'1.0',
                                                  u'Subnet': u'1.0',
                                                  u'Trunk': u'1.1'}}
 report /usr/lib/python2.7/site-packages/neutron/api/rpc/callbacks/version_manager.py:178
2018-09-29 03:48:00.459 19472 DEBUG oslo_concurrency.lockutils [req-df4ea921-d6c0-4163-affe-fddcb35c88fa 2430384590284a7782034c91781d7b28 0dcff5e2def14ef4bf682995972e4d0d - - -] Lock "event-dispatch" released by "neutron.plugins.ml2.ovo_rpc.dispatch_events" :: held 0.341s inner /usr/lib/python2.7/site-packages/oslo_concurrency/lockutils.py:282
2018-09-29 03:48:00.480 19472 DEBUG neutron.scheduler.dhcp_agent_scheduler [req-df4ea921-d6c0-4163-affe-fddcb35c88fa 2430384590284a7782034c91781d7b28 0dcff5e2def14ef4bf682995972e4d0d - 815f4f5660dc456b85f989829f62ffda 815f4f5660dc456b85f989829f62ffda] Network 9c02ae18-55c2-44b5-9466-46c0d077daab is already hosted by enough agents. _get_dhcp_agents_hosting_network /usr/lib/python2.7/site-packages/neutron/scheduler/dhcp_agent_scheduler.py:243
2018-09-29 03:48:00.505 19472 DEBUG neutron.db.l3_dvrscheduler_db [req-df4ea921-d6c0-4163-affe-fddcb35c88fa 2430384590284a7782034c91781d7b28 0dcff5e2def14ef4bf682995972e4d0d - 815f4f5660dc456b85f989829f62ffda 815f4f5660dc456b85f989829f62ffda] Received port after_create _notify_l3_agent_new_port /usr/lib/python2.7/site-packages/neutron/db/l3_dvrscheduler_db.py:392
2018-09-29 03:48:00.507 19472 DEBUG neutron_lib.callbacks.manager [req-df4ea921-d6c0-4163-affe-fddcb35c88fa 2430384590284a7782034c91781d7b28 0dcff5e2def14ef4bf682995972e4d0d - 815f4f5660dc456b85f989829f62ffda 815f4f5660dc456b85f989829f62ffda] Notify callbacks ['neutron.api.rpc.agentnotifiers.dhcp_rpc_agent_api.DhcpAgentNotifyAPI._send_dhcp_notification-940395', 'neutron.notifiers.nova.Notifier._send_nova_notification--9223372036854772964'] for port, before_response _notify_loop /usr/lib/python2.7/site-packages/neutron_lib/callbacks/manager.py:167
2018-09-29 03:48:00.550 19472 DEBUG neutron.quota.resource [req-df4ea921-d6c0-4163-affe-fddcb35c88fa 2430384590284a7782034c91781d7b28 0dcff5e2def14ef4bf682995972e4d0d - 815f4f5660dc456b85f989829f62ffda 815f4f5660dc456b85f989829f62ffda] Persisted dirty status for tenant:0dcff5e2def14ef4bf682995972e4d0d on resource:port mark_dirty /usr/lib/python2.7/site-packages/neutron/quota/resource.py:207
2018-09-29 03:48:00.570 19472 INFO neutron.wsgi [req-df4ea921-d6c0-4163-affe-fddcb35c88fa 2430384590284a7782034c91781d7b28 0dcff5e2def14ef4bf682995972e4d0d - 815f4f5660dc456b85f989829f62ffda 815f4f5660dc456b85f989829f62ffda] 10.0.20.22 "POST /v2.0/ports HTTP/1.1" status: 201  len: 1028 time: 2.9379611
2018-09-29 03:48:00.598 19472 DEBUG neutron.wsgi [req-4e490f45-cc32-489b-aac2-f25346af5768 2430384590284a7782034c91781d7b28 0dcff5e2def14ef4bf682995972e4d0d - 815f4f5660dc456b85f989829f62ffda 815f4f5660dc456b85f989829f62ffda] http://10.0.20.22:9696/v2.0/extensions returned with HTTP 200 __call__ /usr/lib/python2.7/site-packages/neutron/wsgi.py:715
2018-09-29 03:48:00.600 19472 INFO neutron.wsgi [req-4e490f45-cc32-489b-aac2-f25346af5768 2430384590284a7782034c91781d7b28 0dcff5e2def14ef4bf682995972e4d0d - 815f4f5660dc456b85f989829f62ffda 815f4f5660dc456b85f989829f62ffda] 10.0.20.22 "GET /v2.0/extensions HTTP/1.1" status: 200  len: 8548 time: 0.0108571
2018-09-29 03:48:00.707 19482 DEBUG neutron.db.provisioning_blocks [req-5134d665-4899-4aeb-8fc4-a7b908f6a386 - - - - -] Provisioning for port a77c559a-526c-4cc4-bae9-2ae7a1168950 completed by entity DHCP. provisioning_complete /usr/lib/python2.7/site-packages/neutron/db/provisioning_blocks.py:132
2018-09-29 03:48:00.736 19482 DEBUG neutron.db.provisioning_blocks [req-5134d665-4899-4aeb-8fc4-a7b908f6a386 - - - - -] Provisioning complete for port a77c559a-526c-4cc4-bae9-2ae7a1168950 triggered by entity DHCP. provisioning_complete /usr/lib/python2.7/site-packages/neutron/db/provisioning_blocks.py:138
2018-09-29 03:48:00.736 19482 DEBUG neutron_lib.callbacks.manager [req-5134d665-4899-4aeb-8fc4-a7b908f6a386 - - - - -] Notify callbacks ['neutron.plugins.ml2.plugin.Ml2Plugin._port_provisioned--9223372036853342496'] for port, provisioning_complete _notify_loop /usr/lib/python2.7/site-packages/neutron_lib/callbacks/manager.py:167
2018-09-29 03:48:00.855 19482 DEBUG neutron.plugins.ml2.plugin [req-5134d665-4899-4aeb-8fc4-a7b908f6a386 - - - - -] Port a77c559a-526c-4cc4-bae9-2ae7a1168950 cannot update to ACTIVE because it is not bound. _port_provisioned /usr/lib/python2.7/site-packages/neutron/plugins/ml2/plugin.py:244
2018-09-29 03:48:01.066 19469 DEBUG oslo_policy._cache_handler [req-fa2e1c7f-53ad-4cee-a7e5-1e11bf2a0ad7 2430384590284a7782034c91781d7b28 0dcff5e2def14ef4bf682995972e4d0d - 815f4f5660dc456b85f989829f62ffda 815f4f5660dc456b85f989829f62ffda] Reloading cached file /etc/neutron/policy.json read_cached_file /usr/lib/python2.7/site-packages/oslo_policy/_cache_handler.py:40
2018-09-29 03:48:01.155 19469 DEBUG oslo_policy.policy [req-fa2e1c7f-53ad-4cee-a7e5-1e11bf2a0ad7 2430384590284a7782034c91781d7b28 0dcff5e2def14ef4bf682995972e4d0d - 815f4f5660dc456b85f989829f62ffda 815f4f5660dc456b85f989829f62ffda] Reloaded policy file: /etc/neutron/policy.json _load_policy_file /usr/lib/python2.7/site-packages/oslo_policy/policy.py:685
2018-09-29 03:48:02.068 19469 DEBUG oslo_policy._cache_handler [req-fa2e1c7f-53ad-4cee-a7e5-1e11bf2a0ad7 2430384590284a7782034c91781d7b28 0dcff5e2def14ef4bf682995972e4d0d - 815f4f5660dc456b85f989829f62ffda 815f4f5660dc456b85f989829f62ffda] Reloading cached file /etc/neutron/policy.json read_cached_file /usr/lib/python2.7/site-packages/oslo_policy/_cache_handler.py:40
2018-09-29 03:48:02.111 19469 DEBUG oslo_policy.policy [req-fa2e1c7f-53ad-4cee-a7e5-1e11bf2a0ad7 2430384590284a7782034c91781d7b28 0dcff5e2def14ef4bf682995972e4d0d - 815f4f5660dc456b85f989829f62ffda 815f4f5660dc456b85f989829f62ffda] Reloaded policy file: /etc/neutron/policy.json _load_policy_file /usr/lib/python2.7/site-packages/oslo_policy/policy.py:685
2018-09-29 03:48:02.137 19469 INFO neutron.wsgi [req-fa2e1c7f-53ad-4cee-a7e5-1e11bf2a0ad7 2430384590284a7782034c91781d7b28 0dcff5e2def14ef4bf682995972e4d0d - 815f4f5660dc456b85f989829f62ffda 815f4f5660dc456b85f989829f62ffda] 10.0.20.22 "GET /v2.0/ports?device_id=c304b70a-7422-4cc9-826d-6dce8bfc4d9e HTTP/1.1" status: 200  len: 1026 time: 3.4822221
2018-09-29 03:48:03.642 19469 INFO neutron.wsgi [req-d76044ff-329e-4042-86e0-a89f0aff2f6c 2430384590284a7782034c91781d7b28 0dcff5e2def14ef4bf682995972e4d0d - 815f4f5660dc456b85f989829f62ffda 815f4f5660dc456b85f989829f62ffda] 10.0.20.22 "GET /v2.0/security-groups?id=b2cd9f01-11bc-431f-a85b-8759f0e5399d HTTP/1.1" status: 200  len: 2118 time: 1.4935460
2018-09-29 03:48:03.786 19472 DEBUG neutron.api.v2.base [req-96d787da-464c-4864-a3c0-5a9793ea85dc d1138ec1c77349f9b95c6580aab47cb8 007b5c587a144e49a50c9008f27cd2bd - default default] Request body: {u'port': {u'device_owner': u'compute:nova', u'binding:host_id': u'localhost.localdomain', u'device_id': u'c304b70a-7422-4cc9-826d-6dce8bfc4d9e'}} prepare_request_body /usr/lib/python2.7/site-packages/neutron/api/v2/base.py:695
2018-09-29 03:48:05.309 19472 DEBUG neutron_lib.callbacks.manager [req-96d787da-464c-4864-a3c0-5a9793ea85dc d1138ec1c77349f9b95c6580aab47cb8 007b5c587a144e49a50c9008f27cd2bd - default default] Notify callbacks ['neutron.plugins.ml2.plugin.Ml2Plugin._ensure_default_security_group_handler-2015295'] for port, before_update _notify_loop /usr/lib/python2.7/site-packages/neutron_lib/callbacks/manager.py:167
2018-09-29 03:48:07.102 19472 DEBUG neutron.notifiers.nova [req-96d787da-464c-4864-a3c0-5a9793ea85dc d1138ec1c77349f9b95c6580aab47cb8 007b5c587a144e49a50c9008f27cd2bd - default default] Ignoring state change previous_port_status: DOWN current_port_status: DOWN port_id a77c559a-526c-4cc4-bae9-2ae7a1168950 record_port_status_changed /usr/lib/python2.7/site-packages/neutron/notifiers/nova.py:209
2018-09-29 03:48:07.123 19472 DEBUG neutron_lib.callbacks.manager [req-96d787da-464c-4864-a3c0-5a9793ea85dc d1138ec1c77349f9b95c6580aab47cb8 007b5c587a144e49a50c9008f27cd2bd - default default] Notify callbacks [] for port, precommit_update _notify_loop /usr/lib/python2.7/site-packages/neutron_lib/callbacks/manager.py:167
2018-09-29 03:48:07.199 19472 DEBUG neutron.db.provisioning_blocks [req-96d787da-464c-4864-a3c0-5a9793ea85dc d1138ec1c77349f9b95c6580aab47cb8 007b5c587a144e49a50c9008f27cd2bd - default default] Transition to ACTIVE for port object a77c559a-526c-4cc4-bae9-2ae7a1168950 will not be triggered until provisioned by entity L2. add_provisioning_component /usr/lib/python2.7/site-packages/neutron/db/provisioning_blocks.py:73
2018-09-29 03:48:07.214 19472 DEBUG neutron_lib.callbacks.manager [req-96d787da-464c-4864-a3c0-5a9793ea85dc d1138ec1c77349f9b95c6580aab47cb8 007b5c587a144e49a50c9008f27cd2bd - default default] Notify callbacks ['neutron.plugins.ml2.plugin.Ml2Plugin.notify_sg_on_port_change-2018456', 'neutron.plugins.ml2.ovo_rpc._ObjectChangeHandler.handle_event--9223372036854164518', 'neutron.api.rpc.agentnotifiers.dhcp_rpc_agent_api.DhcpAgentNotifyAPI._native_event_send_dhcp_notification-940378', 'neutron.db.l3_hascheduler_db._notify_l3_agent_ha_port_update--9223363278988489445', 'neutron.db.l3_dvrscheduler_db._notify_l3_agent_port_update-8757866285256'] for port, after_update _notify_loop /usr/lib/python2.7/site-packages/neutron_lib/callbacks/manager.py:167
2018-09-29 03:48:07.272 19472 DEBUG oslo_concurrency.lockutils [-] Lock "event-dispatch" acquired by "neutron.plugins.ml2.ovo_rpc.dispatch_events" :: waited 0.000s inner /usr/lib/python2.7/site-packages/oslo_concurrency/lockutils.py:270
2018-09-29 03:48:07.556 19472 DEBUG neutron.api.rpc.handlers.resources_rpc [req-96d787da-464c-4864-a3c0-5a9793ea85dc d1138ec1c77349f9b95c6580aab47cb8 007b5c587a144e49a50c9008f27cd2bd - - -] neutron.api.rpc.handlers.resources_rpc.ResourcesPushRpcApi method push called with arguments (<neutron_lib.context.Context object at 0x7f71972d0f90>, [Port(admin_state_up=True,allowed_address_pairs=[],binding=PortBinding,binding_levels=[],created_at=2018-09-29T07:47:58Z,data_plane_status=<?>,description='',device_id='c304b70a-7422-4cc9-826d-6dce8bfc4d9e',device_owner='compute:nova',dhcp_options=[],distributed_binding=None,dns=None,fixed_ips=[IPAllocation],id=a77c559a-526c-4cc4-bae9-2ae7a1168950,mac_address=fa:16:3e:bf:20:ac,name='',network_id=9c02ae18-55c2-44b5-9466-46c0d077daab,project_id='0dcff5e2def14ef4bf682995972e4d0d',qos_policy_id=None,revision_number=4,security=PortSecurity(a77c559a-526c-4cc4-bae9-2ae7a1168950),security_group_ids=set([b2cd9f01-11bc-431f-a85b-8759f0e5399d]),status='DOWN',updated_at=2018-09-29T07:48:07Z)], 'updated') {} wrapper /usr/lib/python2.7/site-packages/oslo_log/helpers.py:66
2018-09-29 03:48:07.615 19472 DEBUG oslo_concurrency.lockutils [req-96d787da-464c-4864-a3c0-5a9793ea85dc d1138ec1c77349f9b95c6580aab47cb8 007b5c587a144e49a50c9008f27cd2bd - - -] Lock "event-dispatch" released by "neutron.plugins.ml2.ovo_rpc.dispatch_events" :: held 0.343s inner /usr/lib/python2.7/site-packages/oslo_concurrency/lockutils.py:282
2018-09-29 03:48:07.896 19472 DEBUG neutron.plugins.ml2.managers [req-96d787da-464c-4864-a3c0-5a9793ea85dc d1138ec1c77349f9b95c6580aab47cb8 007b5c587a144e49a50c9008f27cd2bd - default default] Attempting to bind port a77c559a-526c-4cc4-bae9-2ae7a1168950 on host localhost.localdomain for vnic_type normal with profile  bind_port /usr/lib/python2.7/site-packages/neutron/plugins/ml2/managers.py:744
2018-09-29 03:48:07.897 19472 DEBUG neutron.plugins.ml2.managers [req-96d787da-464c-4864-a3c0-5a9793ea85dc d1138ec1c77349f9b95c6580aab47cb8 007b5c587a144e49a50c9008f27cd2bd - default default] Attempting to bind port a77c559a-526c-4cc4-bae9-2ae7a1168950 on host localhost.localdomain at level 0 using segments [{'network_id': '9c02ae18-55c2-44b5-9466-46c0d077daab', 'segmentation_id': 31, 'physical_network': None, 'id': '8cbfff5d-2cb4-4c1c-9f36-7501fe6b0ba3', 'network_type': u'vxlan'}] _bind_port_level /usr/lib/python2.7/site-packages/neutron/plugins/ml2/managers.py:765
2018-09-29 03:48:07.898 19472 DEBUG neutron.plugins.ml2.drivers.mech_agent [req-96d787da-464c-4864-a3c0-5a9793ea85dc d1138ec1c77349f9b95c6580aab47cb8 007b5c587a144e49a50c9008f27cd2bd - default default] Attempting to bind port a77c559a-526c-4cc4-bae9-2ae7a1168950 on network 9c02ae18-55c2-44b5-9466-46c0d077daab bind_port /usr/lib/python2.7/site-packages/neutron/plugins/ml2/drivers/mech_agent.py:88
2018-09-29 03:48:07.908 19472 DEBUG neutron.plugins.ml2.drivers.mech_agent [req-96d787da-464c-4864-a3c0-5a9793ea85dc d1138ec1c77349f9b95c6580aab47cb8 007b5c587a144e49a50c9008f27cd2bd - default default] Checking agent: {'binary': u'neutron-openvswitch-agent', 'description': None, 'admin_state_up': True, 'heartbeat_timestamp': datetime.datetime(2018, 9, 29, 7, 47, 39), 'availability_zone': None, 'alive': True, 'topic': u'N/A', 'host': u'localhost.localdomain', 'agent_type': u'Open vSwitch agent', 'resource_versions': {u'Subnet': u'1.0', u'Network': u'1.0', u'SubPort': u'1.0', u'SecurityGroup': u'1.0', u'SecurityGroupRule': u'1.0', u'Trunk': u'1.1', u'QosPolicy': u'1.6', u'Port': u'1.1', u'Log': u'1.0'}, 'created_at': datetime.datetime(2018, 9, 12, 22, 23, 21), 'started_at': datetime.datetime(2018, 9, 29, 7, 35, 56), 'id': u'02380323-7610-466d-b532-3f4f573798d2', 'configurations': {u'ovs_hybrid_plug': True, u'in_distributed_mode': False, u'datapath_type': u'system', u'vhostuser_socket_dir': u'/var/run/openvswitch', u'tunneling_ip': u'10.0.20.22', u'arp_responder_enabled': False, u'devices': 7, u'ovs_capabilities': {u'datapath_types': [u'netdev', u'system'], u'iface_types': [u'geneve', u'gre', u'internal', u'lisp', u'patch', u'stt', u'system', u'tap', u'vxlan']}, u'log_agent_heartbeats': False, u'l2_population': False, u'tunnel_types': [u'vxlan'], u'extensions': [], u'enable_distributed_routing': False, u'bridge_mappings': {u'extnet': u'br-ex'}}} bind_port /usr/lib/python2.7/site-packages/neutron/plugins/ml2/drivers/mech_agent.py:104
2018-09-29 03:48:07.917 19472 DEBUG neutron.plugins.ml2.drivers.mech_agent [req-96d787da-464c-4864-a3c0-5a9793ea85dc d1138ec1c77349f9b95c6580aab47cb8 007b5c587a144e49a50c9008f27cd2bd - default default] Checking segment: {'network_id': '9c02ae18-55c2-44b5-9466-46c0d077daab', 'segmentation_id': 31, 'physical_network': None, 'id': '8cbfff5d-2cb4-4c1c-9f36-7501fe6b0ba3', 'network_type': u'vxlan'} for mappings: {u'extnet': u'br-ex'} with network types: [u'vxlan', 'local', 'flat', 'vlan'] check_segment_for_agent /usr/lib/python2.7/site-packages/neutron/plugins/ml2/drivers/mech_agent.py:237
2018-09-29 03:48:07.918 19472 DEBUG neutron_lib.callbacks.manager [req-96d787da-464c-4864-a3c0-5a9793ea85dc d1138ec1c77349f9b95c6580aab47cb8 007b5c587a144e49a50c9008f27cd2bd - default default] Notify callbacks [] for ovs_bridge_name, before_read _notify_loop /usr/lib/python2.7/site-packages/neutron_lib/callbacks/manager.py:167
2018-09-29 03:48:07.919 19472 DEBUG neutron.plugins.ml2.drivers.mech_agent [req-96d787da-464c-4864-a3c0-5a9793ea85dc d1138ec1c77349f9b95c6580aab47cb8 007b5c587a144e49a50c9008f27cd2bd - default default] Bound using segment: {'network_id': '9c02ae18-55c2-44b5-9466-46c0d077daab', 'segmentation_id': 31, 'physical_network': None, 'id': '8cbfff5d-2cb4-4c1c-9f36-7501fe6b0ba3', 'network_type': u'vxlan'} bind_port /usr/lib/python2.7/site-packages/neutron/plugins/ml2/drivers/mech_agent.py:109
2018-09-29 03:48:07.921 19472 DEBUG neutron.plugins.ml2.managers [req-96d787da-464c-4864-a3c0-5a9793ea85dc d1138ec1c77349f9b95c6580aab47cb8 007b5c587a144e49a50c9008f27cd2bd - default default] Bound port: a77c559a-526c-4cc4-bae9-2ae7a1168950, host: localhost.localdomain, vif_type: ovs, vif_details: {"port_filter": true, "datapath_type": "system", "ovs_hybrid_plug": true}, binding_levels: [{'bound_driver': 'openvswitch', 'bound_segment': {'network_id': '9c02ae18-55c2-44b5-9466-46c0d077daab', 'segmentation_id': 31, 'physical_network': None, 'id': '8cbfff5d-2cb4-4c1c-9f36-7501fe6b0ba3', 'network_type': u'vxlan'}}] _bind_port_level /usr/lib/python2.7/site-packages/neutron/plugins/ml2/managers.py:813
2018-09-29 03:48:07.921 19472 DEBUG neutron_lib.callbacks.manager [req-96d787da-464c-4864-a3c0-5a9793ea85dc d1138ec1c77349f9b95c6580aab47cb8 007b5c587a144e49a50c9008f27cd2bd - default default] Notify callbacks ['neutron.plugins.ml2.plugin.Ml2Plugin._ensure_default_security_group_handler-2015295'] for port, before_update _notify_loop /usr/lib/python2.7/site-packages/neutron_lib/callbacks/manager.py:167
2018-09-29 03:48:08.142 19472 DEBUG neutron.plugins.ml2.db [req-96d787da-464c-4864-a3c0-5a9793ea85dc d1138ec1c77349f9b95c6580aab47cb8 007b5c587a144e49a50c9008f27cd2bd - default default] For port a77c559a-526c-4cc4-bae9-2ae7a1168950, host localhost.localdomain, cleared binding levels clear_binding_levels /usr/lib/python2.7/site-packages/neutron/plugins/ml2/db.py:119
2018-09-29 03:48:08.148 19472 DEBUG neutron.plugins.ml2.db [req-96d787da-464c-4864-a3c0-5a9793ea85dc d1138ec1c77349f9b95c6580aab47cb8 007b5c587a144e49a50c9008f27cd2bd - default default] For port a77c559a-526c-4cc4-bae9-2ae7a1168950, host localhost.localdomain, set binding levels [<neutron.plugins.ml2.driver_context.InstanceSnapshot object at 0x7f719772a110>] set_binding_levels /usr/lib/python2.7/site-packages/neutron/plugins/ml2/db.py:90
2018-09-29 03:48:08.195 19472 DEBUG neutron_lib.callbacks.manager [req-96d787da-464c-4864-a3c0-5a9793ea85dc d1138ec1c77349f9b95c6580aab47cb8 007b5c587a144e49a50c9008f27cd2bd - default default] Notify callbacks ['neutron.plugins.ml2.plugin.Ml2Plugin.notify_sg_on_port_change-2018456', 'neutron.plugins.ml2.ovo_rpc._ObjectChangeHandler.handle_event--9223372036854164518', 'neutron.api.rpc.agentnotifiers.dhcp_rpc_agent_api.DhcpAgentNotifyAPI._native_event_send_dhcp_notification-940378', 'neutron.db.l3_hascheduler_db._notify_l3_agent_ha_port_update--9223363278988489445', 'neutron.db.l3_dvrscheduler_db._notify_l3_agent_port_update-8757866285256'] for port, after_update _notify_loop /usr/lib/python2.7/site-packages/neutron_lib/callbacks/manager.py:167
2018-09-29 03:48:08.261 19472 DEBUG oslo_concurrency.lockutils [-] Lock "event-dispatch" acquired by "neutron.plugins.ml2.ovo_rpc.dispatch_events" :: waited 0.001s inner /usr/lib/python2.7/site-packages/oslo_concurrency/lockutils.py:270
2018-09-29 03:48:08.569 19472 DEBUG neutron.api.rpc.handlers.resources_rpc [req-96d787da-464c-4864-a3c0-5a9793ea85dc d1138ec1c77349f9b95c6580aab47cb8 007b5c587a144e49a50c9008f27cd2bd - - -] neutron.api.rpc.handlers.resources_rpc.ResourcesPushRpcApi method push called with arguments (<neutron_lib.context.Context object at 0x7f71973a2090>, [Port(admin_state_up=True,allowed_address_pairs=[],binding=PortBinding,binding_levels=[PortBindingLevel],created_at=2018-09-29T07:47:58Z,data_plane_status=<?>,description='',device_id='c304b70a-7422-4cc9-826d-6dce8bfc4d9e',device_owner='compute:nova',dhcp_options=[],distributed_binding=None,dns=None,fixed_ips=[IPAllocation],id=a77c559a-526c-4cc4-bae9-2ae7a1168950,mac_address=fa:16:3e:bf:20:ac,name='',network_id=9c02ae18-55c2-44b5-9466-46c0d077daab,project_id='0dcff5e2def14ef4bf682995972e4d0d',qos_policy_id=None,revision_number=5,security=PortSecurity(a77c559a-526c-4cc4-bae9-2ae7a1168950),security_group_ids=set([b2cd9f01-11bc-431f-a85b-8759f0e5399d]),status='DOWN',updated_at=2018-09-29T07:48:08Z)], 'updated') {} wrapper /usr/lib/python2.7/site-packages/oslo_log/helpers.py:66
2018-09-29 03:48:08.591 19472 DEBUG oslo_concurrency.lockutils [req-96d787da-464c-4864-a3c0-5a9793ea85dc d1138ec1c77349f9b95c6580aab47cb8 007b5c587a144e49a50c9008f27cd2bd - - -] Lock "event-dispatch" released by "neutron.plugins.ml2.ovo_rpc.dispatch_events" :: held 0.330s inner /usr/lib/python2.7/site-packages/oslo_concurrency/lockutils.py:282
2018-09-29 03:48:08.766 19472 DEBUG neutron_lib.callbacks.manager [req-96d787da-464c-4864-a3c0-5a9793ea85dc d1138ec1c77349f9b95c6580aab47cb8 007b5c587a144e49a50c9008f27cd2bd - default default] Notify callbacks ['neutron.api.rpc.agentnotifiers.dhcp_rpc_agent_api.DhcpAgentNotifyAPI._send_dhcp_notification-940395', 'neutron.notifiers.nova.Notifier._send_nova_notification--9223372036854772964'] for port, before_response _notify_loop /usr/lib/python2.7/site-packages/neutron_lib/callbacks/manager.py:167
2018-09-29 03:48:08.770 19472 DEBUG oslo_concurrency.lockutils [-] Lock "notifier-50c0bf2a-b770-4b74-8f30-8c81ea3e08a1" acquired by "neutron.notifiers.batch_notifier.synced_send" :: waited 0.000s inner /usr/lib/python2.7/site-packages/oslo_concurrency/lockutils.py:270
2018-09-29 03:48:08.771 19472 DEBUG neutron.notifiers.nova [-] Sending events: [{'tag': u'a77c559a-526c-4cc4-bae9-2ae7a1168950', 'name': 'network-changed', 'server_uuid': u'c304b70a-7422-4cc9-826d-6dce8bfc4d9e'}] send_events /usr/lib/python2.7/site-packages/neutron/notifiers/nova.py:242
2018-09-29 03:48:08.778 19472 INFO neutron.wsgi [req-96d787da-464c-4864-a3c0-5a9793ea85dc d1138ec1c77349f9b95c6580aab47cb8 007b5c587a144e49a50c9008f27cd2bd - default default] 10.0.20.22 "PUT /v2.0/ports/a77c559a-526c-4cc4-bae9-2ae7a1168950 HTTP/1.1" status: 200  len: 1118 time: 6.9181509
2018-09-29 03:48:09.141 19472 INFO neutron.wsgi [req-0822d717-9684-4148-8a9f-1b6892c08da4 d1138ec1c77349f9b95c6580aab47cb8 007b5c587a144e49a50c9008f27cd2bd - default default] 10.0.20.22 "GET /v2.0/ports?tenant_id=0dcff5e2def14ef4bf682995972e4d0d&device_id=c304b70a-7422-4cc9-826d-6dce8bfc4d9e HTTP/1.1" status: 200  len: 1121 time: 0.1770301
2018-09-29 03:48:09.452 19472 INFO neutron.wsgi [req-4acf4402-e796-43ad-bfb0-f4492543af9b d1138ec1c77349f9b95c6580aab47cb8 007b5c587a144e49a50c9008f27cd2bd - default default] 10.0.20.22 "GET /v2.0/floatingips?fixed_ip_address=11.20.1.8&port_id=a77c559a-526c-4cc4-bae9-2ae7a1168950 HTTP/1.1" status: 200  len: 217 time: 0.3028009
2018-09-29 03:48:09.554 19479 DEBUG neutron_lib.callbacks.manager [req-55f4f023-3f69-4ebe-b76d-b455361ca93c - - - - -] Notify callbacks ['neutron.services.segments.db._update_segment_host_mapping_for_agent-8757866646954'] for agent, after_update _notify_loop /usr/lib/python2.7/site-packages/neutron_lib/callbacks/manager.py:167
2018-09-29 03:48:09.640 19472 DEBUG neutron.pecan_wsgi.hooks.policy_enforcement [req-b35c690a-202b-4073-923a-3a3d0b91c359 d1138ec1c77349f9b95c6580aab47cb8 007b5c587a144e49a50c9008f27cd2bd - default default] Attributes excluded by policy engine: [u'shared'] _exclude_attributes_by_policy /usr/lib/python2.7/site-packages/neutron/pecan_wsgi/hooks/policy_enforcement.py:256
2018-09-29 03:48:09.644 19472 INFO neutron.wsgi [req-b35c690a-202b-4073-923a-3a3d0b91c359 d1138ec1c77349f9b95c6580aab47cb8 007b5c587a144e49a50c9008f27cd2bd - default default] 10.0.20.22 "GET /v2.0/subnets?id=4a3df36c-821a-4165-b436-a03081e9ce2b HTTP/1.1" status: 200  len: 843 time: 0.1826260
2018-09-29 03:48:09.831 19472 INFO neutron.wsgi [req-75affb15-adc5-4097-a00c-ea46d135170a d1138ec1c77349f9b95c6580aab47cb8 007b5c587a144e49a50c9008f27cd2bd - default default] 10.0.20.22 "GET /v2.0/ports?network_id=9c02ae18-55c2-44b5-9466-46c0d077daab&device_owner=network%3Adhcp HTTP/1.1" status: 200  len: 1127 time: 0.1765318
2018-09-29 03:48:12.092 19485 DEBUG neutron.db.agents_db [req-d4602caa-9535-4593-b037-787b311b2db7 - - - - -] Agent healthcheck: found 5 active agents agent_health_check /usr/lib/python2.7/site-packages/neutron/db/agents_db.py:281
2018-09-29 03:48:15.555 19476 DEBUG neutron.plugins.ml2.rpc [req-55f4f023-3f69-4ebe-b76d-b455361ca93c - - - - -] Device a77c559a-526c-4cc4-bae9-2ae7a1168950 up at agent ovs-agent-localhost.localdomain update_device_up /usr/lib/python2.7/site-packages/neutron/plugins/ml2/rpc.py:244
2018-09-29 03:48:15.749 19476 DEBUG neutron.db.provisioning_blocks [req-55f4f023-3f69-4ebe-b76d-b455361ca93c - - - - -] Provisioning for port a77c559a-526c-4cc4-bae9-2ae7a1168950 completed by entity L2. provisioning_complete /usr/lib/python2.7/site-packages/neutron/db/provisioning_blocks.py:132
2018-09-29 03:48:15.760 19476 DEBUG neutron.db.provisioning_blocks [req-55f4f023-3f69-4ebe-b76d-b455361ca93c - - - - -] Provisioning complete for port a77c559a-526c-4cc4-bae9-2ae7a1168950 triggered by entity L2. provisioning_complete /usr/lib/python2.7/site-packages/neutron/db/provisioning_blocks.py:138
2018-09-29 03:48:15.761 19476 DEBUG neutron_lib.callbacks.manager [req-55f4f023-3f69-4ebe-b76d-b455361ca93c - - - - -] Notify callbacks ['neutron.plugins.ml2.plugin.Ml2Plugin._port_provisioned--9223372036853342496'] for port, provisioning_complete _notify_loop /usr/lib/python2.7/site-packages/neutron_lib/callbacks/manager.py:167
2018-09-29 03:48:16.016 19476 DEBUG neutron_lib.callbacks.manager [req-55f4f023-3f69-4ebe-b76d-b455361ca93c - - - - -] Notify callbacks ['neutron.plugins.ml2.plugin.Ml2Plugin._ensure_default_security_group_handler-2015295'] for port, before_update _notify_loop /usr/lib/python2.7/site-packages/neutron_lib/callbacks/manager.py:167
2018-09-29 03:48:16.107 19476 DEBUG oslo_concurrency.lockutils [-] Lock "notifier-50c0bf2a-b770-4b74-8f30-8c81ea3e08a1" acquired by "neutron.notifiers.batch_notifier.synced_send" :: waited 0.000s inner /usr/lib/python2.7/site-packages/oslo_concurrency/lockutils.py:270
2018-09-29 03:48:16.185 19476 DEBUG neutron.notifiers.nova [-] Sending events: [{'status': 'completed', 'tag': u'a77c559a-526c-4cc4-bae9-2ae7a1168950', 'name': 'network-vif-plugged', 'server_uuid': u'c304b70a-7422-4cc9-826d-6dce8bfc4d9e'}] send_events /usr/lib/python2.7/site-packages/neutron/notifiers/nova.py:242
2018-09-29 03:48:16.194 19476 DEBUG neutron.plugins.ml2.db [req-55f4f023-3f69-4ebe-b76d-b455361ca93c - - - - -] For port a77c559a-526c-4cc4-bae9-2ae7a1168950, host localhost.localdomain, got binding levels [<neutron.plugins.ml2.models.PortBindingLevel[object at 7f7197610610] {port_id=u'a77c559a-526c-4cc4-bae9-2ae7a1168950', host=u'localhost.localdomain', level=0, driver=u'openvswitch', segment_id=u'8cbfff5d-2cb4-4c1c-9f36-7501fe6b0ba3'}>] get_binding_levels /usr/lib/python2.7/site-packages/neutron/plugins/ml2/db.py:106
2018-09-29 03:48:16.206 19476 DEBUG neutron_lib.callbacks.manager [req-55f4f023-3f69-4ebe-b76d-b455361ca93c - - - - -] Notify callbacks ['neutron.plugins.ml2.plugin.Ml2Plugin.notify_sg_on_port_change-2018456', 'neutron.plugins.ml2.ovo_rpc._ObjectChangeHandler.handle_event--9223372036854164518', 'neutron.api.rpc.agentnotifiers.dhcp_rpc_agent_api.DhcpAgentNotifyAPI._native_event_send_dhcp_notification-940378', 'neutron.db.l3_hascheduler_db._notify_l3_agent_ha_port_update--9223363278988489445', 'neutron.db.l3_dvrscheduler_db._notify_l3_agent_port_update-8757866285256'] for port, after_update _notify_loop /usr/lib/python2.7/site-packages/neutron_lib/callbacks/manager.py:167
2018-09-29 03:48:16.231 19476 DEBUG oslo_concurrency.lockutils [-] Lock "event-dispatch" acquired by "neutron.plugins.ml2.ovo_rpc.dispatch_events" :: waited 0.000s inner /usr/lib/python2.7/site-packages/oslo_concurrency/lockutils.py:270
2018-09-29 03:48:16.399 19476 DEBUG neutron.api.rpc.handlers.resources_rpc [req-55f4f023-3f69-4ebe-b76d-b455361ca93c - - - - -] neutron.api.rpc.handlers.resources_rpc.ResourcesPushRpcApi method push called with arguments (<neutron_lib.context.Context object at 0x7f71975cacd0>, [Port(admin_state_up=True,allowed_address_pairs=[],binding=PortBinding,binding_levels=[PortBindingLevel],created_at=2018-09-29T07:47:58Z,data_plane_status=<?>,description='',device_id='c304b70a-7422-4cc9-826d-6dce8bfc4d9e',device_owner='compute:nova',dhcp_options=[],distributed_binding=None,dns=None,fixed_ips=[IPAllocation],id=a77c559a-526c-4cc4-bae9-2ae7a1168950,mac_address=fa:16:3e:bf:20:ac,name='',network_id=9c02ae18-55c2-44b5-9466-46c0d077daab,project_id='0dcff5e2def14ef4bf682995972e4d0d',qos_policy_id=None,revision_number=6,security=PortSecurity(a77c559a-526c-4cc4-bae9-2ae7a1168950),security_group_ids=set([b2cd9f01-11bc-431f-a85b-8759f0e5399d]),status='ACTIVE',updated_at=2018-09-29T07:48:16Z)], 'updated') {} wrapper /usr/lib/python2.7/site-packages/oslo_log/helpers.py:66
2018-09-29 03:48:16.423 19476 DEBUG oslo_concurrency.lockutils [req-55f4f023-3f69-4ebe-b76d-b455361ca93c - - - - -] Lock "event-dispatch" released by "neutron.plugins.ml2.ovo_rpc.dispatch_events" :: held 0.192s inner /usr/lib/python2.7/site-packages/oslo_concurrency/lockutils.py:282
2018-09-29 03:48:17.225 19477 DEBUG neutron.plugins.ml2.rpc [req-55f4f023-3f69-4ebe-b76d-b455361ca93c - - - - -] Device a77c559a-526c-4cc4-bae9-2ae7a1168950 up at agent ovs-agent-localhost.localdomain update_device_up /usr/lib/python2.7/site-packages/neutron/plugins/ml2/rpc.py:244
2018-09-29 03:48:17.412 19477 DEBUG neutron.db.provisioning_blocks [req-55f4f023-3f69-4ebe-b76d-b455361ca93c - - - - -] Provisioning complete for port a77c559a-526c-4cc4-bae9-2ae7a1168950 triggered by entity L2. provisioning_complete /usr/lib/python2.7/site-packages/neutron/db/provisioning_blocks.py:138
2018-09-29 03:48:17.413 19477 DEBUG neutron_lib.callbacks.manager [req-55f4f023-3f69-4ebe-b76d-b455361ca93c - - - - -] Notify callbacks ['neutron.plugins.ml2.plugin.Ml2Plugin._port_provisioned--9223372036853342496'] for port, provisioning_complete _notify_loop /usr/lib/python2.7/site-packages/neutron_lib/callbacks/manager.py:167
2018-09-29 03:48:17.420 19483 DEBUG neutron_lib.callbacks.manager [req-188ece4b-11c0-4d2e-b74e-0410d947b82c - - - - -] Notify callbacks ['neutron.services.segments.db._update_segment_host_mapping_for_agent-8757866646954'] for agent, after_update _notify_loop /usr/lib/python2.7/site-packages/neutron_lib/callbacks/manager.py:167
2018-09-29 03:48:18.282 19482 DEBUG neutron_lib.callbacks.manager [req-7992a071-1b0e-4d39-a70b-b11f1c69290a - - - - -] Notify callbacks ['neutron.services.segments.db._update_segment_host_mapping_for_agent-8757866646954'] for agent, after_update _notify_loop /usr/lib/python2.7/site-packages/neutron_lib/callbacks/manager.py:167
2018-09-29 03:48:21.194 19481 DEBUG neutron_lib.callbacks.manager [req-f7076790-4f29-49e7-b53c-e6d378ac6b2a - - - - -] Notify callbacks ['neutron.services.segments.db._update_segment_host_mapping_for_agent-8757866646954'] for agent, after_update _notify_loop /usr/lib/python2.7/site-packages/neutron_lib/callbacks/manager.py:167
2018-09-29 03:48:25.679 19476 DEBUG neutron_lib.callbacks.manager [req-55142259-3478-42be-b4ff-880177ca3f84 - - - - -] Notify callbacks ['neutron.services.segments.db._update_segment_host_mapping_for_agent-8757866646954'] for agent, after_update _notify_loop /usr/lib/python2.7/site-packages/neutron_lib/callbacks/manager.py:167
2018-09-29 03:48:26.633 19474 DEBUG neutron.wsgi [-] (19474) accepted ('10.0.20.22', 45242) server /usr/lib/python2.7/site-packages/eventlet/wsgi.py:883
2018-09-29 03:48:26.760 19474 WARNING keystonemiddleware.auth_token [-] Using the in-process token cache is deprecated as of the 4.2.0 release and may be removed in the 5.0.0 release or the 'O' development cycle. The in-process cache causes inconsistent results and high memory usage. When the feature is removed the auth_token middleware will not cache tokens by default which may result in performance issues. It is recommended to use  memcache for the auth_token token cache by setting the memcached_servers option.
2018-09-29 03:48:27.851 19472 DEBUG novaclient.v2.client [-] REQ: curl -g -i -X POST http://10.0.20.22:8774/v2.1/007b5c587a144e49a50c9008f27cd2bd/os-server-external-events -H "User-Agent: python-novaclient" -H "Content-Type: application/json" -H "Accept: application/json" -H "X-OpenStack-Nova-API-Version: 2.1" -H "X-Auth-Token: {SHA1}e574aab96feb1034353d1a25dc5328f3097c57c0" -d '{"events": [{"tag": "a77c559a-526c-4cc4-bae9-2ae7a1168950", "name": "network-changed", "server_uuid": "c304b70a-7422-4cc9-826d-6dce8bfc4d9e"}]}' _http_log_request /usr/lib/python2.7/site-packages/keystoneauth1/session.py:375
2018-09-29 03:48:29.878 19474 WARNING keystonemiddleware.auth_token [-] A valid token was submitted as a service token, but it was not a valid service token. This is incorrect but backwards compatible behaviour. This will be removed in future releases.
2018-09-29 03:48:29.996 19472 DEBUG novaclient.v2.client [-] RESP: [200] Content-Length: 179 Content-Type: application/json Openstack-Api-Version: compute 2.1 X-Openstack-Nova-Api-Version: 2.1 Vary: OpenStack-API-Version, X-OpenStack-Nova-API-Version X-Openstack-Request-Id: req-94750800-0497-43ec-a0ec-e0a7b9a9d0f1 X-Compute-Request-Id: req-94750800-0497-43ec-a0ec-e0a7b9a9d0f1 Date: Sat, 29 Sep 2018 07:48:29 GMT Connection: keep-alive 
RESP BODY: {"events": [{"status": "completed", "tag": "a77c559a-526c-4cc4-bae9-2ae7a1168950", "name": "network-changed", "server_uuid": "c304b70a-7422-4cc9-826d-6dce8bfc4d9e", "code": 200}]}
 _http_log_response /usr/lib/python2.7/site-packages/keystoneauth1/session.py:423
2018-09-29 03:48:29.998 19472 DEBUG novaclient.v2.client [-] POST call to compute for http://10.0.20.22:8774/v2.1/007b5c587a144e49a50c9008f27cd2bd/os-server-external-events used request id req-94750800-0497-43ec-a0ec-e0a7b9a9d0f1 request /usr/lib/python2.7/site-packages/keystoneauth1/session.py:727
2018-09-29 03:48:30.010 19472 INFO neutron.notifiers.nova [-] Nova event response: {u'status': u'completed', u'tag': u'a77c559a-526c-4cc4-bae9-2ae7a1168950', u'name': u'network-changed', u'server_uuid': u'c304b70a-7422-4cc9-826d-6dce8bfc4d9e', u'code': 200}
2018-09-29 03:48:30.355 19472 INFO neutron.wsgi [req-1e43a471-1b5f-4b78-9361-6b80d9d086f4 d1138ec1c77349f9b95c6580aab47cb8 007b5c587a144e49a50c9008f27cd2bd - default default] 10.0.20.22 "GET /v2.0/ports?tenant_id=0dcff5e2def14ef4bf682995972e4d0d&device_id=c304b70a-7422-4cc9-826d-6dce8bfc4d9e HTTP/1.1" status: 200  len: 1123 time: 0.2255239
2018-09-29 03:48:30.797 19472 DEBUG neutron.pecan_wsgi.hooks.policy_enforcement [req-b4991d60-5234-40d7-9d20-d6b4d3d829ee d1138ec1c77349f9b95c6580aab47cb8 007b5c587a144e49a50c9008f27cd2bd - default default] Attributes excluded by policy engine: [u'vlan_transparent'] _exclude_attributes_by_policy /usr/lib/python2.7/site-packages/neutron/pecan_wsgi/hooks/policy_enforcement.py:256
2018-09-29 03:48:30.801 19472 INFO neutron.wsgi [req-b4991d60-5234-40d7-9d20-d6b4d3d829ee d1138ec1c77349f9b95c6580aab47cb8 007b5c587a144e49a50c9008f27cd2bd - default default] 10.0.20.22 "GET /v2.0/networks?id=9c02ae18-55c2-44b5-9466-46c0d077daab HTTP/1.1" status: 200  len: 885 time: 0.4368250
2018-09-29 03:48:30.845 19472 INFO neutron.wsgi [req-b4358b7d-90f6-41e1-9089-ef2dc3d683a9 d1138ec1c77349f9b95c6580aab47cb8 007b5c587a144e49a50c9008f27cd2bd - default default] 10.0.20.22 "GET /v2.0/floatingips?fixed_ip_address=11.20.1.8&port_id=a77c559a-526c-4cc4-bae9-2ae7a1168950 HTTP/1.1" status: 200  len: 217 time: 0.0331211
2018-09-29 03:48:30.884 19474 DEBUG oslo_policy._cache_handler [req-a3967fe7-cae5-42af-a527-683b28d9dc9d f875a10b07be43c197ef478066dc3a8e 007b5c587a144e49a50c9008f27cd2bd - default default] Reloading cached file /etc/neutron/policy.json read_cached_file /usr/lib/python2.7/site-packages/oslo_policy/_cache_handler.py:40
2018-09-29 03:48:30.971 19474 DEBUG oslo_policy.policy [req-a3967fe7-cae5-42af-a527-683b28d9dc9d f875a10b07be43c197ef478066dc3a8e 007b5c587a144e49a50c9008f27cd2bd - default default] Reloaded policy file: /etc/neutron/policy.json _load_policy_file /usr/lib/python2.7/site-packages/oslo_policy/policy.py:685
2018-09-29 03:48:31.127 19472 DEBUG neutron.pecan_wsgi.hooks.policy_enforcement [req-f125ed10-2aa3-4077-8540-dc090f5baba8 d1138ec1c77349f9b95c6580aab47cb8 007b5c587a144e49a50c9008f27cd2bd - default default] Attributes excluded by policy engine: [u'shared'] _exclude_attributes_by_policy /usr/lib/python2.7/site-packages/neutron/pecan_wsgi/hooks/policy_enforcement.py:256
2018-09-29 03:48:31.133 19472 INFO neutron.wsgi [req-f125ed10-2aa3-4077-8540-dc090f5baba8 d1138ec1c77349f9b95c6580aab47cb8 007b5c587a144e49a50c9008f27cd2bd - default default] 10.0.20.22 "GET /v2.0/subnets?id=4a3df36c-821a-4165-b436-a03081e9ce2b HTTP/1.1" status: 200  len: 843 time: 0.2793839
2018-09-29 03:48:31.370 19472 INFO neutron.wsgi [req-eb3e0e67-041b-4538-b521-cdba419e75f2 d1138ec1c77349f9b95c6580aab47cb8 007b5c587a144e49a50c9008f27cd2bd - default default] 10.0.20.22 "GET /v2.0/ports?network_id=9c02ae18-55c2-44b5-9466-46c0d077daab&device_owner=network%3Adhcp HTTP/1.1" status: 200  len: 1127 time: 0.2102320
2018-09-29 03:48:31.852 19474 DEBUG oslo_policy._cache_handler [req-a3967fe7-cae5-42af-a527-683b28d9dc9d f875a10b07be43c197ef478066dc3a8e 007b5c587a144e49a50c9008f27cd2bd - default default] Reloading cached file /etc/neutron/policy.json read_cached_file /usr/lib/python2.7/site-packages/oslo_policy/_cache_handler.py:40
2018-09-29 03:48:31.879 19474 DEBUG oslo_policy.policy [req-a3967fe7-cae5-42af-a527-683b28d9dc9d f875a10b07be43c197ef478066dc3a8e 007b5c587a144e49a50c9008f27cd2bd - default default] Reloaded policy file: /etc/neutron/policy.json _load_policy_file /usr/lib/python2.7/site-packages/oslo_policy/policy.py:685
2018-09-29 03:48:31.887 19474 INFO neutron.wsgi [req-a3967fe7-cae5-42af-a527-683b28d9dc9d f875a10b07be43c197ef478066dc3a8e 007b5c587a144e49a50c9008f27cd2bd - default default] 10.0.20.22 "GET /v2.0/ports?device_id=c304b70a-7422-4cc9-826d-6dce8bfc4d9e HTTP/1.1" status: 200  len: 1123 time: 5.1645510
2018-09-29 03:48:32.012 19472 DEBUG oslo_concurrency.lockutils [-] Lock "notifier-50c0bf2a-b770-4b74-8f30-8c81ea3e08a1" released by "neutron.notifiers.batch_notifier.synced_send" :: held 23.242s inner /usr/lib/python2.7/site-packages/oslo_concurrency/lockutils.py:282
2018-09-29 03:48:32.374 19474 INFO neutron.wsgi [req-65275afc-8bcc-46ab-a297-6389234666da f875a10b07be43c197ef478066dc3a8e 007b5c587a144e49a50c9008f27cd2bd - default default] 10.0.20.22 "GET /v2.0/security-groups?id=b2cd9f01-11bc-431f-a85b-8759f0e5399d HTTP/1.1" status: 200  len: 2118 time: 0.4804032
2018-09-29 03:48:36.222 19476 DEBUG novaclient.v2.client [-] REQ: curl -g -i -X POST http://10.0.20.22:8774/v2.1/007b5c587a144e49a50c9008f27cd2bd/os-server-external-events -H "User-Agent: python-novaclient" -H "Content-Type: application/json" -H "Accept: application/json" -H "X-OpenStack-Nova-API-Version: 2.1" -H "X-Auth-Token: {SHA1}a7f66011cef06018899053d3ded1b45bf4f4f2c7" -d '{"events": [{"status": "completed", "tag": "a77c559a-526c-4cc4-bae9-2ae7a1168950", "name": "network-vif-plugged", "server_uuid": "c304b70a-7422-4cc9-826d-6dce8bfc4d9e"}]}' _http_log_request /usr/lib/python2.7/site-packages/keystoneauth1/session.py:375
2018-09-29 03:48:38.423 19476 DEBUG novaclient.v2.client [-] RESP: [200] Content-Length: 183 Content-Type: application/json Openstack-Api-Version: compute 2.1 X-Openstack-Nova-Api-Version: 2.1 Vary: OpenStack-API-Version, X-OpenStack-Nova-API-Version X-Openstack-Request-Id: req-e5ab30bd-2d81-43ad-b0e3-62a9ecabc063 X-Compute-Request-Id: req-e5ab30bd-2d81-43ad-b0e3-62a9ecabc063 Date: Sat, 29 Sep 2018 07:48:38 GMT Connection: keep-alive 
RESP BODY: {"events": [{"status": "completed", "tag": "a77c559a-526c-4cc4-bae9-2ae7a1168950", "name": "network-vif-plugged", "server_uuid": "c304b70a-7422-4cc9-826d-6dce8bfc4d9e", "code": 200}]}
 _http_log_response /usr/lib/python2.7/site-packages/keystoneauth1/session.py:423
2018-09-29 03:48:38.424 19476 DEBUG novaclient.v2.client [-] POST call to compute for http://10.0.20.22:8774/v2.1/007b5c587a144e49a50c9008f27cd2bd/os-server-external-events used request id req-e5ab30bd-2d81-43ad-b0e3-62a9ecabc063 request /usr/lib/python2.7/site-packages/keystoneauth1/session.py:727
2018-09-29 03:48:38.431 19476 INFO neutron.notifiers.nova [-] Nova event response: {u'status': u'completed', u'tag': u'a77c559a-526c-4cc4-bae9-2ae7a1168950', u'name': u'network-vif-plugged', u'server_uuid': u'c304b70a-7422-4cc9-826d-6dce8bfc4d9e', u'code': 200}
2018-09-29 03:48:39.475 19480 DEBUG neutron_lib.callbacks.manager [req-55f4f023-3f69-4ebe-b76d-b455361ca93c - - - - -] Notify callbacks ['neutron.services.segments.db._update_segment_host_mapping_for_agent-8757866646954'] for agent, after_update _notify_loop /usr/lib/python2.7/site-packages/neutron_lib/callbacks/manager.py:167
2018-09-29 03:48:40.433 19476 DEBUG oslo_concurrency.lockutils [-] Lock "notifier-50c0bf2a-b770-4b74-8f30-8c81ea3e08a1" released by "neutron.notifiers.batch_notifier.synced_send" :: held 24.325s inner /usr/lib/python2.7/site-packages/oslo_concurrency/lockutils.py:282
2018-09-29 03:48:43.381 19474 DEBUG neutron.wsgi [-] (19474) accepted ('10.0.20.22', 45352) server /usr/lib/python2.7/site-packages/eventlet/wsgi.py:883
2018-09-29 03:48:44.972 19474 INFO neutron.wsgi [req-8ea88112-c102-489d-91d6-d80f8a347174 2430384590284a7782034c91781d7b28 0dcff5e2def14ef4bf682995972e4d0d - 815f4f5660dc456b85f989829f62ffda 815f4f5660dc456b85f989829f62ffda] 10.0.20.22 "GET /v2.0/ports?device_id=c304b70a-7422-4cc9-826d-6dce8bfc4d9e HTTP/1.1" status: 200  len: 1123 time: 1.5793519
2018-09-29 03:48:45.144 19474 INFO neutron.wsgi [req-bb7778dd-3c90-4e5c-8096-defbb5b7b13e 2430384590284a7782034c91781d7b28 0dcff5e2def14ef4bf682995972e4d0d - 815f4f5660dc456b85f989829f62ffda 815f4f5660dc456b85f989829f62ffda] 10.0.20.22 "GET /v2.0/security-groups?id=b2cd9f01-11bc-431f-a85b-8759f0e5399d HTTP/1.1" status: 200  len: 2118 time: 0.1633110
2018-09-29 03:48:47.537 19478 DEBUG neutron_lib.callbacks.manager [req-188ece4b-11c0-4d2e-b74e-0410d947b82c - - - - -] Notify callbacks ['neutron.services.segments.db._update_segment_host_mapping_for_agent-8757866646954'] for agent, after_update _notify_loop /usr/lib/python2.7/site-packages/neutron_lib/callbacks/manager.py:167
2018-09-29 03:48:48.301 19477 DEBUG neutron_lib.callbacks.manager [req-109aa9f6-266f-4787-83f9-91f60ef1435e - - - - -] Notify callbacks ['neutron.services.segments.db._update_segment_host_mapping_for_agent-8757866646954'] for agent, after_update _notify_loop /usr/lib/python2.7/site-packages/neutron_lib/callbacks/manager.py:167
2018-09-29 03:48:49.117 19485 DEBUG neutron.db.agents_db [req-d4602caa-9535-4593-b037-787b311b2db7 - - - - -] Agent healthcheck: found 5 active agents agent_health_check /usr/lib/python2.7/site-packages/neutron/db/agents_db.py:281
