2018-06-28 06:07:25.659 10278 DEBUG neutron.api.rpc.handlers.l3_rpc [req-242acea4-d3f1-4d26-a7fd-06d7fa79efb0 - - - - -] New status for floating IP 1116a9d3-d0e2-4907-8631-eee03aa988d0: ACTIVE update_floatingip_statuses /usr/lib/python2.7/site-packages/neutron/api/rpc/handlers/l3_rpc.py:252
2018-06-28 06:07:26.339 10270 INFO neutron.wsgi [req-3bc3c644-7359-4879-8902-56165801fab4 2381c87c24634e059255e904a45e06ef 0d772b180b3c41e2ae2eba61c236b149 - default default] 10.0.20.26 "GET /v2.0/ports?tenant_id=96f758a4b5804fde82968ff0fa0e5166&device_id=dc6f9eb7-e73e-4bc6-95d0-47622e84861a HTTP/1.1" status: 200  len: 1125 time: 0.6517720
2018-06-28 06:07:26.409 10270 DEBUG novaclient.v2.client [-] RESP: [200] Content-Length: 179 Content-Type: application/json Openstack-Api-Version: compute 2.1 X-Openstack-Nova-Api-Version: 2.1 Vary: OpenStack-API-Version, X-OpenStack-Nova-API-Version X-Openstack-Request-Id: req-1676ab0d-46f9-4b4e-b41c-35169542028b X-Compute-Request-Id: req-1676ab0d-46f9-4b4e-b41c-35169542028b Date: Thu, 28 Jun 2018 04:07:26 GMT Connection: keep-alive 
RESP BODY: {"events": [{"status": "completed", "tag": "f53e5d0c-fc2d-46e0-a7a5-74e49a2e2c89", "name": "network-changed", "server_uuid": "dc6f9eb7-e73e-4bc6-95d0-47622e84861a", "code": 200}]}
 _http_log_response /usr/lib/python2.7/site-packages/keystoneauth1/session.py:423
2018-06-28 06:07:26.409 10270 DEBUG novaclient.v2.client [-] POST call to compute for http://10.0.20.26:8774/v2.1/0d772b180b3c41e2ae2eba61c236b149/os-server-external-events used request id req-1676ab0d-46f9-4b4e-b41c-35169542028b request /usr/lib/python2.7/site-packages/keystoneauth1/session.py:727
2018-06-28 06:07:26.497 10270 INFO neutron.notifiers.nova [-] Nova event response: {u'status': u'completed', u'tag': u'f53e5d0c-fc2d-46e0-a7a5-74e49a2e2c89', u'name': u'network-changed', u'server_uuid': u'dc6f9eb7-e73e-4bc6-95d0-47622e84861a', u'code': 200}
2018-06-28 06:07:26.567 10264 INFO neutron.wsgi [req-b7d69ef1-b89e-463c-9521-986e2607277f 2381c87c24634e059255e904a45e06ef 0d772b180b3c41e2ae2eba61c236b149 - default default] 10.0.20.26 "GET /v2.0/ports?tenant_id=96f758a4b5804fde82968ff0fa0e5166&device_id=dc6f9eb7-e73e-4bc6-95d0-47622e84861a HTTP/1.1" status: 200  len: 1125 time: 0.1270821
2018-06-28 06:07:26.612 10270 DEBUG neutron.pecan_wsgi.hooks.policy_enforcement [req-2ac037d3-8055-4e54-a8eb-2f118a4a6050 2381c87c24634e059255e904a45e06ef 0d772b180b3c41e2ae2eba61c236b149 - default default] Attributes excluded by policy engine: [u'vlan_transparent'] _exclude_attributes_by_policy /usr/lib/python2.7/site-packages/neutron/pecan_wsgi/hooks/policy_enforcement.py:256
2018-06-28 06:07:26.615 10270 INFO neutron.wsgi [req-2ac037d3-8055-4e54-a8eb-2f118a4a6050 2381c87c24634e059255e904a45e06ef 0d772b180b3c41e2ae2eba61c236b149 - default default] 10.0.20.26 "GET /v2.0/networks?id=2719c09c-c166-4917-99c7-386ec1618440 HTTP/1.1" status: 200  len: 885 time: 0.2665930
2018-06-28 06:07:26.665 10270 INFO neutron.wsgi [req-59c2e392-2d8f-45c0-99c7-db08b13b9afa 2381c87c24634e059255e904a45e06ef 0d772b180b3c41e2ae2eba61c236b149 - default default] 10.0.20.26 "GET /v2.0/floatingips?fixed_ip_address=11.175.1.10&port_id=f53e5d0c-fc2d-46e0-a7a5-74e49a2e2c89 HTTP/1.1" status: 200  len: 751 time: 0.0447860
2018-06-28 06:07:26.772 10264 DEBUG neutron.pecan_wsgi.hooks.policy_enforcement [req-b3e5cb36-2e55-41d3-bd72-da6b08c93249 2381c87c24634e059255e904a45e06ef 0d772b180b3c41e2ae2eba61c236b149 - default default] Attributes excluded by policy engine: [u'vlan_transparent'] _exclude_attributes_by_policy /usr/lib/python2.7/site-packages/neutron/pecan_wsgi/hooks/policy_enforcement.py:256
2018-06-28 06:07:26.774 10264 INFO neutron.wsgi [req-b3e5cb36-2e55-41d3-bd72-da6b08c93249 2381c87c24634e059255e904a45e06ef 0d772b180b3c41e2ae2eba61c236b149 - default default] 10.0.20.26 "GET /v2.0/networks?id=2719c09c-c166-4917-99c7-386ec1618440 HTTP/1.1" status: 200  len: 885 time: 0.1978929
2018-06-28 06:07:26.804 10270 DEBUG neutron.pecan_wsgi.hooks.policy_enforcement [req-45efd10a-32d4-4c54-870c-f2a1a2b30a41 2381c87c24634e059255e904a45e06ef 0d772b180b3c41e2ae2eba61c236b149 - default default] Attributes excluded by policy engine: [u'shared'] _exclude_attributes_by_policy /usr/lib/python2.7/site-packages/neutron/pecan_wsgi/hooks/policy_enforcement.py:256
2018-06-28 06:07:26.807 10270 INFO neutron.wsgi [req-45efd10a-32d4-4c54-870c-f2a1a2b30a41 2381c87c24634e059255e904a45e06ef 0d772b180b3c41e2ae2eba61c236b149 - default default] 10.0.20.26 "GET /v2.0/subnets?id=e964e456-7e7a-46c1-9394-24ae6fd418de HTTP/1.1" status: 200  len: 847 time: 0.1364260
2018-06-28 06:07:26.829 10264 INFO neutron.wsgi [req-f13813f3-cf6c-4fb6-b48d-af0beb9c428d 2381c87c24634e059255e904a45e06ef 0d772b180b3c41e2ae2eba61c236b149 - default default] 10.0.20.26 "GET /v2.0/floatingips?fixed_ip_address=11.175.1.10&port_id=f53e5d0c-fc2d-46e0-a7a5-74e49a2e2c89 HTTP/1.1" status: 200  len: 751 time: 0.0486238
2018-06-28 06:07:26.947 10270 INFO neutron.wsgi [req-23af4461-1250-42a3-9b06-6321e03e2578 2381c87c24634e059255e904a45e06ef 0d772b180b3c41e2ae2eba61c236b149 - default default] 10.0.20.26 "GET /v2.0/ports?network_id=2719c09c-c166-4917-99c7-386ec1618440&device_owner=network%3Adhcp HTTP/1.1" status: 200  len: 1128 time: 0.1287000
2018-06-28 06:07:26.980 10264 DEBUG neutron.pecan_wsgi.hooks.policy_enforcement [req-29852bdb-4789-43f5-a423-1c9bdab2d5e4 2381c87c24634e059255e904a45e06ef 0d772b180b3c41e2ae2eba61c236b149 - default default] Attributes excluded by policy engine: [u'shared'] _exclude_attributes_by_policy /usr/lib/python2.7/site-packages/neutron/pecan_wsgi/hooks/policy_enforcement.py:256
2018-06-28 06:07:26.982 10264 INFO neutron.wsgi [req-29852bdb-4789-43f5-a423-1c9bdab2d5e4 2381c87c24634e059255e904a45e06ef 0d772b180b3c41e2ae2eba61c236b149 - default default] 10.0.20.26 "GET /v2.0/subnets?id=e964e456-7e7a-46c1-9394-24ae6fd418de HTTP/1.1" status: 200  len: 847 time: 0.1476312
2018-06-28 06:07:27.103 10264 INFO neutron.wsgi [req-cbf636e9-4faa-4afc-8418-bf67185cb979 2381c87c24634e059255e904a45e06ef 0d772b180b3c41e2ae2eba61c236b149 - default default] 10.0.20.26 "GET /v2.0/ports?network_id=2719c09c-c166-4917-99c7-386ec1618440&device_owner=network%3Adhcp HTTP/1.1" status: 200  len: 1128 time: 0.1158352
2018-06-28 06:07:28.315 10276 DEBUG neutron_lib.callbacks.manager [req-a24246a0-9a51-4c91-aad6-69cfdaa8ff3c - - - - -] Notify callbacks ['neutron.services.segments.db._update_segment_host_mapping_for_agent-8745611329616'] for agent, after_update _notify_loop /usr/lib/python2.7/site-packages/neutron_lib/callbacks/manager.py:167
2018-06-28 06:07:28.499 10270 DEBUG oslo_concurrency.lockutils [-] Lock "notifier-806ba05f-7748-40f6-a0c3-2ae8c0ec31d4" released by "neutron.notifiers.batch_notifier.synced_send" :: held 3.758s inner /usr/lib/python2.7/site-packages/oslo_concurrency/lockutils.py:282
2018-06-28 06:07:37.378 10264 DEBUG neutron.wsgi [-] (10264) accepted ('10.0.20.26', 52904) server /usr/lib/python2.7/site-packages/eventlet/wsgi.py:883
2018-06-28 06:07:38.458 10264 DEBUG neutron.quota.resource [req-772e78b8-675c-4320-89ea-77c2c82c66e6 fb13d5869af549e18ca2f3cee0125a16 96f758a4b5804fde82968ff0fa0e5166 - 31f57166d2634e428a51293bdc356057 31f57166d2634e428a51293bdc356057] Synchronizing usage tracker for tenant:96f758a4b5804fde82968ff0fa0e5166 on resource:port resync /usr/lib/python2.7/site-packages/neutron/quota/resource.py:245
2018-06-28 06:07:38.503 10264 DEBUG neutron.quota.resource [req-772e78b8-675c-4320-89ea-77c2c82c66e6 fb13d5869af549e18ca2f3cee0125a16 96f758a4b5804fde82968ff0fa0e5166 - 31f57166d2634e428a51293bdc356057 31f57166d2634e428a51293bdc356057] Unset dirty status for tenant:96f758a4b5804fde82968ff0fa0e5166 on resource:port _resync /usr/lib/python2.7/site-packages/neutron/quota/resource.py:237
2018-06-28 06:07:38.505 10264 INFO neutron.wsgi [req-772e78b8-675c-4320-89ea-77c2c82c66e6 fb13d5869af549e18ca2f3cee0125a16 96f758a4b5804fde82968ff0fa0e5166 - 31f57166d2634e428a51293bdc356057 31f57166d2634e428a51293bdc356057] 10.0.20.26 "GET /v2.0/ports?device_id=dc6f9eb7-e73e-4bc6-95d0-47622e84861a HTTP/1.1" status: 200  len: 1125 time: 1.1248040
2018-06-28 06:07:38.661 10264 INFO neutron.wsgi [req-6f019ed8-7c7f-40eb-bbbf-01d73b63611f fb13d5869af549e18ca2f3cee0125a16 96f758a4b5804fde82968ff0fa0e5166 - 31f57166d2634e428a51293bdc356057 31f57166d2634e428a51293bdc356057] 10.0.20.26 "GET /v2.0/security-groups?id=7f8281ab-d050-4aee-a8a9-a2d4d6eab845 HTTP/1.1" status: 200  len: 2118 time: 0.1264799
2018-06-28 06:07:50.926 10278 DEBUG neutron_lib.callbacks.manager [req-bb146641-78e7-432d-bfc2-d5061fc2ac05 - - - - -] Notify callbacks ['neutron.services.segments.db._update_segment_host_mapping_for_agent-8745611329616'] for agent, after_update _notify_loop /usr/lib/python2.7/site-packages/neutron_lib/callbacks/manager.py:167
2018-06-28 06:07:50.933 10277 DEBUG neutron_lib.callbacks.manager [req-660af933-725c-4140-8b3f-ba62641540b0 - - - - -] Notify callbacks ['neutron.services.segments.db._update_segment_host_mapping_for_agent-8745611329616'] for agent, after_update _notify_loop /usr/lib/python2.7/site-packages/neutron_lib/callbacks/manager.py:167
2018-06-28 06:07:50.937 10275 DEBUG neutron_lib.callbacks.manager [req-f067086d-4064-4e61-a9a6-97130fb95c30 - - - - -] Notify callbacks ['neutron.services.segments.db._update_segment_host_mapping_for_agent-8745611329616'] for agent, after_update _notify_loop /usr/lib/python2.7/site-packages/neutron_lib/callbacks/manager.py:167
2018-06-28 06:07:51.551 10280 DEBUG neutron_lib.callbacks.manager [req-43469d03-68a1-42a8-b0ae-6b67bd8cb675 - - - - -] Notify callbacks ['neutron.services.segments.db._update_segment_host_mapping_for_agent-8745611329616'] for agent, after_update _notify_loop /usr/lib/python2.7/site-packages/neutron_lib/callbacks/manager.py:167
2018-06-28 06:07:58.342 10273 DEBUG neutron_lib.callbacks.manager [req-a24246a0-9a51-4c91-aad6-69cfdaa8ff3c - - - - -] Notify callbacks ['neutron.services.segments.db._update_segment_host_mapping_for_agent-8745611329616'] for agent, after_update _notify_loop /usr/lib/python2.7/site-packages/neutron_lib/callbacks/manager.py:167
2018-06-28 06:07:59.604 10282 DEBUG neutron.db.agents_db [req-8605a715-2796-4354-89d4-32a98c3157c7 - - - - -] Agent healthcheck: found 5 active agents agent_health_check /usr/lib/python2.7/site-packages/neutron/db/agents_db.py:281
2018-06-28 06:08:03.431 10264 INFO neutron.wsgi [req-08b38348-5d49-4faa-a24a-0ae9a51d2edb 2381c87c24634e059255e904a45e06ef 0d772b180b3c41e2ae2eba61c236b149 - default default] 10.0.20.26 "GET /v2.0/ports?tenant_id=96f758a4b5804fde82968ff0fa0e5166&device_id=dc6f9eb7-e73e-4bc6-95d0-47622e84861a HTTP/1.1" status: 200  len: 1125 time: 0.3052769
2018-06-28 06:08:04.031 10264 DEBUG neutron.pecan_wsgi.hooks.policy_enforcement [req-c1f6a57b-86bc-4ae6-83a8-cc19ab309e65 2381c87c24634e059255e904a45e06ef 0d772b180b3c41e2ae2eba61c236b149 - default default] Attributes excluded by policy engine: [u'vlan_transparent'] _exclude_attributes_by_policy /usr/lib/python2.7/site-packages/neutron/pecan_wsgi/hooks/policy_enforcement.py:256
2018-06-28 06:08:04.037 10264 INFO neutron.wsgi [req-c1f6a57b-86bc-4ae6-83a8-cc19ab309e65 2381c87c24634e059255e904a45e06ef 0d772b180b3c41e2ae2eba61c236b149 - default default] 10.0.20.26 "GET /v2.0/networks?id=2719c09c-c166-4917-99c7-386ec1618440 HTTP/1.1" status: 200  len: 885 time: 0.5925548
2018-06-28 06:08:04.176 10264 INFO neutron.wsgi [req-a9c26cf7-d85d-45df-ab0d-d76e5f82d645 2381c87c24634e059255e904a45e06ef 0d772b180b3c41e2ae2eba61c236b149 - default default] 10.0.20.26 "GET /v2.0/floatingips?fixed_ip_address=11.175.1.10&port_id=f53e5d0c-fc2d-46e0-a7a5-74e49a2e2c89 HTTP/1.1" status: 200  len: 751 time: 0.1300249
2018-06-28 06:08:04.643 10264 DEBUG neutron.pecan_wsgi.hooks.policy_enforcement [req-d7385089-ef2f-4d07-b388-c256d46ca7ee 2381c87c24634e059255e904a45e06ef 0d772b180b3c41e2ae2eba61c236b149 - default default] Attributes excluded by policy engine: [u'shared'] _exclude_attributes_by_policy /usr/lib/python2.7/site-packages/neutron/pecan_wsgi/hooks/policy_enforcement.py:256
2018-06-28 06:08:04.646 10264 INFO neutron.wsgi [req-d7385089-ef2f-4d07-b388-c256d46ca7ee 2381c87c24634e059255e904a45e06ef 0d772b180b3c41e2ae2eba61c236b149 - default default] 10.0.20.26 "GET /v2.0/subnets?id=e964e456-7e7a-46c1-9394-24ae6fd418de HTTP/1.1" status: 200  len: 847 time: 0.4627311
2018-06-28 06:08:04.947 10264 INFO neutron.wsgi [req-08aef043-c496-4199-8282-c3cd3a753019 2381c87c24634e059255e904a45e06ef 0d772b180b3c41e2ae2eba61c236b149 - default default] 10.0.20.26 "GET /v2.0/ports?network_id=2719c09c-c166-4917-99c7-386ec1618440&device_owner=network%3Adhcp HTTP/1.1" status: 200  len: 1128 time: 0.2948279
2018-06-28 06:08:05.348 10264 INFO neutron.wsgi [req-7425adcf-2529-4b59-8d2b-d62253b87c60 fb13d5869af549e18ca2f3cee0125a16 96f758a4b5804fde82968ff0fa0e5166 - 31f57166d2634e428a51293bdc356057 31f57166d2634e428a51293bdc356057] 10.0.20.26 "GET /v2.0/ports?device_id=dc6f9eb7-e73e-4bc6-95d0-47622e84861a HTTP/1.1" status: 200  len: 1125 time: 1.5657320
2018-06-28 06:08:05.627 10264 INFO neutron.wsgi [req-8b0b8e15-d39f-468c-a4cf-d3b6d36ae6e4 fb13d5869af549e18ca2f3cee0125a16 96f758a4b5804fde82968ff0fa0e5166 - 31f57166d2634e428a51293bdc356057 31f57166d2634e428a51293bdc356057] 10.0.20.26 "GET /v2.0/security-groups?id=7f8281ab-d050-4aee-a8a9-a2d4d6eab845 HTTP/1.1" status: 200  len: 2118 time: 0.2610300
2018-06-28 06:08:20.959 10272 DEBUG neutron_lib.callbacks.manager [req-660af933-725c-4140-8b3f-ba62641540b0 - - - - -] Notify callbacks ['neutron.services.segments.db._update_segment_host_mapping_for_agent-8745611329616'] for agent, after_update _notify_loop /usr/lib/python2.7/site-packages/neutron_lib/callbacks/manager.py:167
2018-06-28 06:08:20.980 10274 DEBUG neutron_lib.callbacks.manager [req-bb146641-78e7-432d-bfc2-d5061fc2ac05 - - - - -] Notify callbacks ['neutron.services.segments.db._update_segment_host_mapping_for_agent-8745611329616'] for agent, after_update _notify_loop /usr/lib/python2.7/site-packages/neutron_lib/callbacks/manager.py:167
2018-06-28 06:08:20.991 10279 DEBUG neutron_lib.callbacks.manager [req-a23fad8c-af87-433f-820c-c920d8dc17f7 - - - - -] Notify callbacks ['neutron.services.segments.db._update_segment_host_mapping_for_agent-8745611329616'] for agent, after_update _notify_loop /usr/lib/python2.7/site-packages/neutron_lib/callbacks/manager.py:167
2018-06-28 06:08:21.558 10276 DEBUG neutron_lib.callbacks.manager [req-feee8917-a875-4e02-abb4-7f98a46f3b01 - - - - -] Notify callbacks ['neutron.services.segments.db._update_segment_host_mapping_for_agent-8745611329616'] for agent, after_update _notify_loop /usr/lib/python2.7/site-packages/neutron_lib/callbacks/manager.py:167
2018-06-28 06:08:22.054 10264 INFO neutron.wsgi [req-1b347587-cd49-4c10-83f1-fc82fd5e6226 fb13d5869af549e18ca2f3cee0125a16 96f758a4b5804fde82968ff0fa0e5166 - 31f57166d2634e428a51293bdc356057 31f57166d2634e428a51293bdc356057] 10.0.20.26 "GET /v2.0/ports?device_id=dc6f9eb7-e73e-4bc6-95d0-47622e84861a HTTP/1.1" status: 200  len: 1125 time: 0.7216330
2018-06-28 06:08:22.200 10264 INFO neutron.wsgi [req-60f324be-1359-4413-b4fb-eb1bc07a6e3d fb13d5869af549e18ca2f3cee0125a16 96f758a4b5804fde82968ff0fa0e5166 - 31f57166d2634e428a51293bdc356057 31f57166d2634e428a51293bdc356057] 10.0.20.26 "GET /v2.0/security-groups?id=7f8281ab-d050-4aee-a8a9-a2d4d6eab845 HTTP/1.1" status: 200  len: 2118 time: 0.1402681
2018-06-28 06:08:28.326 10278 DEBUG neutron_lib.callbacks.manager [req-a24246a0-9a51-4c91-aad6-69cfdaa8ff3c - - - - -] Notify callbacks ['neutron.services.segments.db._update_segment_host_mapping_for_agent-8745611329616'] for agent, after_update _notify_loop /usr/lib/python2.7/site-packages/neutron_lib/callbacks/manager.py:167
2018-06-28 06:08:36.590 10282 DEBUG neutron.db.agents_db [req-8605a715-2796-4354-89d4-32a98c3157c7 - - - - -] Agent healthcheck: found 5 active agents agent_health_check /usr/lib/python2.7/site-packages/neutron/db/agents_db.py:281
2018-06-28 06:08:40.324 10266 DEBUG neutron.wsgi [-] (10266) accepted ('10.0.20.26', 54116) server /usr/lib/python2.7/site-packages/eventlet/wsgi.py:883
2018-06-28 06:08:40.955 10266 WARNING keystonemiddleware.auth_token [-] A valid token was submitted as a service token, but it was not a valid service token. This is incorrect but backwards compatible behaviour. This will be removed in future releases.
2018-06-28 06:08:41.756 10266 INFO neutron.wsgi [req-18fa6d98-a881-43ee-bb52-97197943fbca fb13d5869af549e18ca2f3cee0125a16 96f758a4b5804fde82968ff0fa0e5166 - 31f57166d2634e428a51293bdc356057 31f57166d2634e428a51293bdc356057] 10.0.20.26 "GET /v2.0/ports?device_id=dc6f9eb7-e73e-4bc6-95d0-47622e84861a HTTP/1.1" status: 200  len: 1125 time: 1.4256940
2018-06-28 06:08:41.959 10266 INFO neutron.wsgi [req-262c0040-bbc2-4592-bf18-f060326acb19 fb13d5869af549e18ca2f3cee0125a16 96f758a4b5804fde82968ff0fa0e5166 - 31f57166d2634e428a51293bdc356057 31f57166d2634e428a51293bdc356057] 10.0.20.26 "GET /v2.0/security-groups?id=7f8281ab-d050-4aee-a8a9-a2d4d6eab845 HTTP/1.1" status: 200  len: 2118 time: 0.1532600
2018-06-28 06:08:50.995 10277 DEBUG neutron_lib.callbacks.manager [req-bb146641-78e7-432d-bfc2-d5061fc2ac05 - - - - -] Notify callbacks ['neutron.services.segments.db._update_segment_host_mapping_for_agent-8745611329616'] for agent, after_update _notify_loop /usr/lib/python2.7/site-packages/neutron_lib/callbacks/manager.py:167
2018-06-28 06:08:51.001 10280 DEBUG neutron_lib.callbacks.manager [req-660af933-725c-4140-8b3f-ba62641540b0 - - - - -] Notify callbacks ['neutron.services.segments.db._update_segment_host_mapping_for_agent-8745611329616'] for agent, after_update _notify_loop /usr/lib/python2.7/site-packages/neutron_lib/callbacks/manager.py:167
2018-06-28 06:08:51.001 10275 DEBUG neutron_lib.callbacks.manager [req-a733768b-9157-493f-8f43-aa8dfbebf040 - - - - -] Notify callbacks ['neutron.services.segments.db._update_segment_host_mapping_for_agent-8745611329616'] for agent, after_update _notify_loop /usr/lib/python2.7/site-packages/neutron_lib/callbacks/manager.py:167
2018-06-28 06:08:51.593 10273 DEBUG neutron_lib.callbacks.manager [req-700ca33d-c721-4ce8-8224-bfb3e18e7d08 - - - - -] Notify callbacks ['neutron.services.segments.db._update_segment_host_mapping_for_agent-8745611329616'] for agent, after_update _notify_loop /usr/lib/python2.7/site-packages/neutron_lib/callbacks/manager.py:167
2018-06-28 06:08:53.681 10266 INFO neutron.wsgi [req-e8c2bfc3-c7dc-4f1a-a11a-537eb9690ef9 fb13d5869af549e18ca2f3cee0125a16 96f758a4b5804fde82968ff0fa0e5166 - 31f57166d2634e428a51293bdc356057 31f57166d2634e428a51293bdc356057] 10.0.20.26 "GET /v2.0/ports?device_id=dc6f9eb7-e73e-4bc6-95d0-47622e84861a HTTP/1.1" status: 200  len: 1125 time: 0.6174791
2018-06-28 06:08:53.818 10266 INFO neutron.wsgi [req-5b6bcfc1-5002-4502-a1da-182f78be5d78 fb13d5869af549e18ca2f3cee0125a16 96f758a4b5804fde82968ff0fa0e5166 - 31f57166d2634e428a51293bdc356057 31f57166d2634e428a51293bdc356057] 10.0.20.26 "GET /v2.0/security-groups?id=7f8281ab-d050-4aee-a8a9-a2d4d6eab845 HTTP/1.1" status: 200  len: 2118 time: 0.1300769
2018-06-28 06:08:58.349 10272 DEBUG neutron_lib.callbacks.manager [req-a24246a0-9a51-4c91-aad6-69cfdaa8ff3c - - - - -] Notify callbacks ['neutron.services.segments.db._update_segment_host_mapping_for_agent-8745611329616'] for agent, after_update _notify_loop /usr/lib/python2.7/site-packages/neutron_lib/callbacks/manager.py:167
2018-06-28 06:09:05.555 10264 INFO neutron.wsgi [req-6486e8a5-6352-4ad2-bbe0-6831f7340c4e 2381c87c24634e059255e904a45e06ef 0d772b180b3c41e2ae2eba61c236b149 - default default] 10.0.20.26 "GET /v2.0/ports?tenant_id=96f758a4b5804fde82968ff0fa0e5166&device_id=dc6f9eb7-e73e-4bc6-95d0-47622e84861a HTTP/1.1" status: 200  len: 1125 time: 0.1915200
2018-06-28 06:09:06.274 10264 DEBUG neutron.pecan_wsgi.hooks.policy_enforcement [req-2e36a9e1-14c4-49b8-a8b7-0bec78eac6b2 2381c87c24634e059255e904a45e06ef 0d772b180b3c41e2ae2eba61c236b149 - default default] Attributes excluded by policy engine: [u'vlan_transparent'] _exclude_attributes_by_policy /usr/lib/python2.7/site-packages/neutron/pecan_wsgi/hooks/policy_enforcement.py:256
2018-06-28 06:09:06.277 10264 INFO neutron.wsgi [req-2e36a9e1-14c4-49b8-a8b7-0bec78eac6b2 2381c87c24634e059255e904a45e06ef 0d772b180b3c41e2ae2eba61c236b149 - default default] 10.0.20.26 "GET /v2.0/networks?id=2719c09c-c166-4917-99c7-386ec1618440 HTTP/1.1" status: 200  len: 885 time: 0.7142410
2018-06-28 06:09:06.354 10264 INFO neutron.wsgi [req-49c97a09-9ef4-47a7-b01f-393a19c9d5ea 2381c87c24634e059255e904a45e06ef 0d772b180b3c41e2ae2eba61c236b149 - default default] 10.0.20.26 "GET /v2.0/floatingips?fixed_ip_address=11.175.1.10&port_id=f53e5d0c-fc2d-46e0-a7a5-74e49a2e2c89 HTTP/1.1" status: 200  len: 751 time: 0.0701461
2018-06-28 06:09:06.542 10264 DEBUG neutron.pecan_wsgi.hooks.policy_enforcement [req-c1cb0b3a-e6a7-4301-bbb1-b4ce98963fa9 2381c87c24634e059255e904a45e06ef 0d772b180b3c41e2ae2eba61c236b149 - default default] Attributes excluded by policy engine: [u'shared'] _exclude_attributes_by_policy /usr/lib/python2.7/site-packages/neutron/pecan_wsgi/hooks/policy_enforcement.py:256
2018-06-28 06:09:06.544 10264 INFO neutron.wsgi [req-c1cb0b3a-e6a7-4301-bbb1-b4ce98963fa9 2381c87c24634e059255e904a45e06ef 0d772b180b3c41e2ae2eba61c236b149 - default default] 10.0.20.26 "GET /v2.0/subnets?id=e964e456-7e7a-46c1-9394-24ae6fd418de HTTP/1.1" status: 200  len: 847 time: 0.1823690
2018-06-28 06:09:06.682 10264 INFO neutron.wsgi [req-1bb1c7fa-23a3-4d3e-bc28-b3f44e46fab6 2381c87c24634e059255e904a45e06ef 0d772b180b3c41e2ae2eba61c236b149 - default default] 10.0.20.26 "GET /v2.0/ports?network_id=2719c09c-c166-4917-99c7-386ec1618440&device_owner=network%3Adhcp HTTP/1.1" status: 200  len: 1128 time: 0.1301150
2018-06-28 06:09:09.474 10264 INFO neutron.wsgi [req-5d274be0-5bd8-4dc0-8f53-0ab85d15c55c fb13d5869af549e18ca2f3cee0125a16 96f758a4b5804fde82968ff0fa0e5166 - 31f57166d2634e428a51293bdc356057 31f57166d2634e428a51293bdc356057] 10.0.20.26 "GET /v2.0/ports?device_id=dc6f9eb7-e73e-4bc6-95d0-47622e84861a HTTP/1.1" status: 200  len: 1125 time: 0.7807510
2018-06-28 06:09:09.671 10264 INFO neutron.wsgi [req-7fa387e2-df62-4165-9ce0-bd108268fed3 fb13d5869af549e18ca2f3cee0125a16 96f758a4b5804fde82968ff0fa0e5166 - 31f57166d2634e428a51293bdc356057 31f57166d2634e428a51293bdc356057] 10.0.20.26 "GET /v2.0/security-groups?id=7f8281ab-d050-4aee-a8a9-a2d4d6eab845 HTTP/1.1" status: 200  len: 2118 time: 0.1871972
2018-06-28 06:09:13.599 10282 DEBUG neutron.db.agents_db [req-8605a715-2796-4354-89d4-32a98c3157c7 - - - - -] Agent healthcheck: found 5 active agents agent_health_check /usr/lib/python2.7/site-packages/neutron/db/agents_db.py:281
2018-06-28 06:09:20.945 10274 DEBUG neutron_lib.callbacks.manager [req-bb146641-78e7-432d-bfc2-d5061fc2ac05 - - - - -] Notify callbacks ['neutron.services.segments.db._update_segment_host_mapping_for_agent-8745611329616'] for agent, after_update _notify_loop /usr/lib/python2.7/site-packages/neutron_lib/callbacks/manager.py:167
2018-06-28 06:09:20.948 10279 DEBUG neutron_lib.callbacks.manager [req-660af933-725c-4140-8b3f-ba62641540b0 - - - - -] Notify callbacks ['neutron.services.segments.db._update_segment_host_mapping_for_agent-8745611329616'] for agent, after_update _notify_loop /usr/lib/python2.7/site-packages/neutron_lib/callbacks/manager.py:167
2018-06-28 06:09:20.970 10276 DEBUG neutron_lib.callbacks.manager [req-3525175c-77f3-4cf9-b3ca-52003be4d550 - - - - -] Notify callbacks ['neutron.services.segments.db._update_segment_host_mapping_for_agent-8745611329616'] for agent, after_update _notify_loop /usr/lib/python2.7/site-packages/neutron_lib/callbacks/manager.py:167
2018-06-28 06:09:21.395 10266 INFO neutron.wsgi [req-912659c6-625b-4a06-8ce0-f963d45d9bb5 fb13d5869af549e18ca2f3cee0125a16 96f758a4b5804fde82968ff0fa0e5166 - 31f57166d2634e428a51293bdc356057 31f57166d2634e428a51293bdc356057] 10.0.20.26 "GET /v2.0/ports?device_id=dc6f9eb7-e73e-4bc6-95d0-47622e84861a HTTP/1.1" status: 200  len: 1125 time: 0.7141709
2018-06-28 06:09:21.552 10266 INFO neutron.wsgi [req-c9a75099-73dd-456a-8d40-e0bb76428a5a fb13d5869af549e18ca2f3cee0125a16 96f758a4b5804fde82968ff0fa0e5166 - 31f57166d2634e428a51293bdc356057 31f57166d2634e428a51293bdc356057] 10.0.20.26 "GET /v2.0/security-groups?id=7f8281ab-d050-4aee-a8a9-a2d4d6eab845 HTTP/1.1" status: 200  len: 2118 time: 0.1404490
2018-06-28 06:09:21.571 10278 DEBUG neutron_lib.callbacks.manager [req-92c73c36-081f-41df-9fb5-1ae8cc52a15d - - - - -] Notify callbacks ['neutron.services.segments.db._update_segment_host_mapping_for_agent-8745611329616'] for agent, after_update _notify_loop /usr/lib/python2.7/site-packages/neutron_lib/callbacks/manager.py:167
2018-06-28 06:09:28.342 10277 DEBUG neutron_lib.callbacks.manager [req-a24246a0-9a51-4c91-aad6-69cfdaa8ff3c - - - - -] Notify callbacks ['neutron.services.segments.db._update_segment_host_mapping_for_agent-8745611329616'] for agent, after_update _notify_loop /usr/lib/python2.7/site-packages/neutron_lib/callbacks/manager.py:167
2018-06-28 06:09:34.670 10270 INFO neutron.wsgi [req-589f1e03-86eb-46ac-bce6-64c439dde5ca fb13d5869af549e18ca2f3cee0125a16 96f758a4b5804fde82968ff0fa0e5166 - 31f57166d2634e428a51293bdc356057 31f57166d2634e428a51293bdc356057] 10.0.20.26 "GET /v2.0/ports?device_id=dc6f9eb7-e73e-4bc6-95d0-47622e84861a HTTP/1.1" status: 200  len: 1125 time: 0.6360629
2018-06-28 06:09:34.790 10270 INFO neutron.wsgi [req-19f2143e-4a1b-4e5c-ba88-991b23f9e6bf fb13d5869af549e18ca2f3cee0125a16 96f758a4b5804fde82968ff0fa0e5166 - 31f57166d2634e428a51293bdc356057 31f57166d2634e428a51293bdc356057] 10.0.20.26 "GET /v2.0/security-groups?id=7f8281ab-d050-4aee-a8a9-a2d4d6eab845 HTTP/1.1" status: 200  len: 2118 time: 0.1139140
2018-06-28 06:09:48.722 10270 DEBUG neutron.wsgi [-] (10270) accepted ('10.0.20.26', 55348) server /usr/lib/python2.7/site-packages/eventlet/wsgi.py:883
2018-06-28 06:09:50.589 10282 DEBUG neutron.db.agents_db [req-8605a715-2796-4354-89d4-32a98c3157c7 - - - - -] Agent healthcheck: found 5 active agents agent_health_check /usr/lib/python2.7/site-packages/neutron/db/agents_db.py:281
2018-06-28 06:09:50.840 10270 INFO neutron.wsgi [req-8eb32471-f09e-418f-8363-b1342f299d29 fb13d5869af549e18ca2f3cee0125a16 96f758a4b5804fde82968ff0fa0e5166 - 31f57166d2634e428a51293bdc356057 31f57166d2634e428a51293bdc356057] 10.0.20.26 "GET /v2.0/ports?device_id=dc6f9eb7-e73e-4bc6-95d0-47622e84861a HTTP/1.1" status: 200  len: 1125 time: 2.1141460
2018-06-28 06:09:50.941 10275 DEBUG neutron_lib.callbacks.manager [req-bb146641-78e7-432d-bfc2-d5061fc2ac05 - - - - -] Notify callbacks ['neutron.services.segments.db._update_segment_host_mapping_for_agent-8745611329616'] for agent, after_update _notify_loop /usr/lib/python2.7/site-packages/neutron_lib/callbacks/manager.py:167
2018-06-28 06:09:50.946 10280 DEBUG neutron_lib.callbacks.manager [req-660af933-725c-4140-8b3f-ba62641540b0 - - - - -] Notify callbacks ['neutron.services.segments.db._update_segment_host_mapping_for_agent-8745611329616'] for agent, after_update _notify_loop /usr/lib/python2.7/site-packages/neutron_lib/callbacks/manager.py:167
2018-06-28 06:09:50.960 10273 DEBUG neutron_lib.callbacks.manager [req-bc087550-f247-48f9-b153-af0dcc5ffc39 - - - - -] Notify callbacks ['neutron.services.segments.db._update_segment_host_mapping_for_agent-8745611329616'] for agent, after_update _notify_loop /usr/lib/python2.7/site-packages/neutron_lib/callbacks/manager.py:167
2018-06-28 06:09:51.029 10270 INFO neutron.wsgi [req-52962bb7-0b82-4e55-ad34-979b78b863be fb13d5869af549e18ca2f3cee0125a16 96f758a4b5804fde82968ff0fa0e5166 - 31f57166d2634e428a51293bdc356057 31f57166d2634e428a51293bdc356057] 10.0.20.26 "GET /v2.0/security-groups?id=7f8281ab-d050-4aee-a8a9-a2d4d6eab845 HTTP/1.1" status: 200  len: 2118 time: 0.1562541
2018-06-28 06:09:51.574 10272 DEBUG neutron_lib.callbacks.manager [req-164966a9-1f15-4461-b3f6-3cd9c8972c10 - - - - -] Notify callbacks ['neutron.services.segments.db._update_segment_host_mapping_for_agent-8745611329616'] for agent, after_update _notify_loop /usr/lib/python2.7/site-packages/neutron_lib/callbacks/manager.py:167
2018-06-28 06:09:58.371 10274 DEBUG neutron_lib.callbacks.manager [req-a24246a0-9a51-4c91-aad6-69cfdaa8ff3c - - - - -] Notify callbacks ['neutron.services.segments.db._update_segment_host_mapping_for_agent-8745611329616'] for agent, after_update _notify_loop /usr/lib/python2.7/site-packages/neutron_lib/callbacks/manager.py:167
2018-06-28 06:10:08.403 10264 INFO neutron.wsgi [req-9ad5d6f8-9bed-488a-96c1-d42ddcfc40b6 2381c87c24634e059255e904a45e06ef 0d772b180b3c41e2ae2eba61c236b149 - default default] 10.0.20.26 "GET /v2.0/ports?tenant_id=96f758a4b5804fde82968ff0fa0e5166&device_id=dc6f9eb7-e73e-4bc6-95d0-47622e84861a HTTP/1.1" status: 200  len: 1125 time: 0.1284919
2018-06-28 06:10:08.610 10264 DEBUG neutron.pecan_wsgi.hooks.policy_enforcement [req-805c1f88-7571-4b72-bfcd-0070feed8211 2381c87c24634e059255e904a45e06ef 0d772b180b3c41e2ae2eba61c236b149 - default default] Attributes excluded by policy engine: [u'vlan_transparent'] _exclude_attributes_by_policy /usr/lib/python2.7/site-packages/neutron/pecan_wsgi/hooks/policy_enforcement.py:256
2018-06-28 06:10:08.614 10264 INFO neutron.wsgi [req-805c1f88-7571-4b72-bfcd-0070feed8211 2381c87c24634e059255e904a45e06ef 0d772b180b3c41e2ae2eba61c236b149 - default default] 10.0.20.26 "GET /v2.0/networks?id=2719c09c-c166-4917-99c7-386ec1618440 HTTP/1.1" status: 200  len: 885 time: 0.2036610
2018-06-28 06:10:08.697 10264 INFO neutron.wsgi [req-672b6808-114e-41f3-a724-59ef5f511a5c 2381c87c24634e059255e904a45e06ef 0d772b180b3c41e2ae2eba61c236b149 - default default] 10.0.20.26 "GET /v2.0/floatingips?fixed_ip_address=11.175.1.10&port_id=f53e5d0c-fc2d-46e0-a7a5-74e49a2e2c89 HTTP/1.1" status: 200  len: 751 time: 0.0782940
2018-06-28 06:10:08.891 10264 DEBUG neutron.pecan_wsgi.hooks.policy_enforcement [req-36b831f9-4b8c-452d-bbaf-bbc05547bd95 2381c87c24634e059255e904a45e06ef 0d772b180b3c41e2ae2eba61c236b149 - default default] Attributes excluded by policy engine: [u'shared'] _exclude_attributes_by_policy /usr/lib/python2.7/site-packages/neutron/pecan_wsgi/hooks/policy_enforcement.py:256
2018-06-28 06:10:08.893 10264 INFO neutron.wsgi [req-36b831f9-4b8c-452d-bbaf-bbc05547bd95 2381c87c24634e059255e904a45e06ef 0d772b180b3c41e2ae2eba61c236b149 - default default] 10.0.20.26 "GET /v2.0/subnets?id=e964e456-7e7a-46c1-9394-24ae6fd418de HTTP/1.1" status: 200  len: 847 time: 0.1881092
2018-06-28 06:10:09.047 10264 INFO neutron.wsgi [req-f3487974-8dff-4412-b7c7-c1af55e4759a 2381c87c24634e059255e904a45e06ef 0d772b180b3c41e2ae2eba61c236b149 - default default] 10.0.20.26 "GET /v2.0/ports?network_id=2719c09c-c166-4917-99c7-386ec1618440&device_owner=network%3Adhcp HTTP/1.1" status: 200  len: 1128 time: 0.1435909
2018-06-28 06:10:20.949 10279 DEBUG neutron_lib.callbacks.manager [req-bb146641-78e7-432d-bfc2-d5061fc2ac05 - - - - -] Notify callbacks ['neutron.services.segments.db._update_segment_host_mapping_for_agent-8745611329616'] for agent, after_update _notify_loop /usr/lib/python2.7/site-packages/neutron_lib/callbacks/manager.py:167
2018-06-28 06:10:20.962 10276 DEBUG neutron_lib.callbacks.manager [req-660af933-725c-4140-8b3f-ba62641540b0 - - - - -] Notify callbacks ['neutron.services.segments.db._update_segment_host_mapping_for_agent-8745611329616'] for agent, after_update _notify_loop /usr/lib/python2.7/site-packages/neutron_lib/callbacks/manager.py:167
2018-06-28 06:10:20.984 10278 DEBUG neutron_lib.callbacks.manager [req-1820725d-96a4-4a91-8f66-a21e40f8601e - - - - -] Notify callbacks ['neutron.services.segments.db._update_segment_host_mapping_for_agent-8745611329616'] for agent, after_update _notify_loop /usr/lib/python2.7/site-packages/neutron_lib/callbacks/manager.py:167
2018-06-28 06:10:21.568 10277 DEBUG neutron_lib.callbacks.manager [req-2ceda0cb-62a4-4617-ac03-fece3724c7b2 - - - - -] Notify callbacks ['neutron.services.segments.db._update_segment_host_mapping_for_agent-8745611329616'] for agent, after_update _notify_loop /usr/lib/python2.7/site-packages/neutron_lib/callbacks/manager.py:167
2018-06-28 06:10:27.591 10282 DEBUG neutron.db.agents_db [req-8605a715-2796-4354-89d4-32a98c3157c7 - - - - -] Agent healthcheck: found 5 active agents agent_health_check /usr/lib/python2.7/site-packages/neutron/db/agents_db.py:281
2018-06-28 06:10:28.359 10275 DEBUG neutron_lib.callbacks.manager [req-a24246a0-9a51-4c91-aad6-69cfdaa8ff3c - - - - -] Notify callbacks ['neutron.services.segments.db._update_segment_host_mapping_for_agent-8745611329616'] for agent, after_update _notify_loop /usr/lib/python2.7/site-packages/neutron_lib/callbacks/manager.py:167
2018-06-28 06:10:50.937 10280 DEBUG neutron_lib.callbacks.manager [req-bb146641-78e7-432d-bfc2-d5061fc2ac05 - - - - -] Notify callbacks ['neutron.services.segments.db._update_segment_host_mapping_for_agent-8745611329616'] for agent, after_update _notify_loop /usr/lib/python2.7/site-packages/neutron_lib/callbacks/manager.py:167
2018-06-28 06:10:51.021 10272 DEBUG neutron_lib.callbacks.manager [req-5136a9ec-c72a-4f74-966c-605801f3362a - - - - -] Notify callbacks ['neutron.services.segments.db._update_segment_host_mapping_for_agent-8745611329616'] for agent, after_update _notify_loop /usr/lib/python2.7/site-packages/neutron_lib/callbacks/manager.py:167
2018-06-28 06:10:51.060 10273 DEBUG neutron_lib.callbacks.manager [req-660af933-725c-4140-8b3f-ba62641540b0 - - - - -] Notify callbacks ['neutron.services.segments.db._update_segment_host_mapping_for_agent-8745611329616'] for agent, after_update _notify_loop /usr/lib/python2.7/site-packages/neutron_lib/callbacks/manager.py:167
2018-06-28 06:10:51.544 10274 DEBUG neutron_lib.callbacks.manager [req-c24a86a3-3c04-404f-956f-46cd1404c7fd - - - - -] Notify callbacks ['neutron.services.segments.db._update_segment_host_mapping_for_agent-8745611329616'] for agent, after_update _notify_loop /usr/lib/python2.7/site-packages/neutron_lib/callbacks/manager.py:167
2018-06-28 06:10:58.340 10279 DEBUG neutron_lib.callbacks.manager [req-a24246a0-9a51-4c91-aad6-69cfdaa8ff3c - - - - -] Notify callbacks ['neutron.services.segments.db._update_segment_host_mapping_for_agent-8745611329616'] for agent, after_update _notify_loop /usr/lib/python2.7/site-packages/neutron_lib/callbacks/manager.py:167
2018-06-28 06:11:04.584 10282 DEBUG neutron.db.agents_db [req-8605a715-2796-4354-89d4-32a98c3157c7 - - - - -] Agent healthcheck: found 5 active agents agent_health_check /usr/lib/python2.7/site-packages/neutron/db/agents_db.py:281
2018-06-28 06:11:07.920 10264 INFO neutron.wsgi [req-dbadf3ad-24ba-491b-bf3a-bb1ace49b31a 2381c87c24634e059255e904a45e06ef 0d772b180b3c41e2ae2eba61c236b149 - default default] 10.0.20.26 "GET /v2.0/ports?tenant_id=96f758a4b5804fde82968ff0fa0e5166&device_id=dc6f9eb7-e73e-4bc6-95d0-47622e84861a HTTP/1.1" status: 200  len: 1125 time: 0.1300111
2018-06-28 06:11:08.095 10264 DEBUG neutron.pecan_wsgi.hooks.policy_enforcement [req-08837fe2-8727-4ae6-a563-7066747df028 2381c87c24634e059255e904a45e06ef 0d772b180b3c41e2ae2eba61c236b149 - default default] Attributes excluded by policy engine: [u'vlan_transparent'] _exclude_attributes_by_policy /usr/lib/python2.7/site-packages/neutron/pecan_wsgi/hooks/policy_enforcement.py:256
2018-06-28 06:11:08.098 10264 INFO neutron.wsgi [req-08837fe2-8727-4ae6-a563-7066747df028 2381c87c24634e059255e904a45e06ef 0d772b180b3c41e2ae2eba61c236b149 - default default] 10.0.20.26 "GET /v2.0/networks?id=2719c09c-c166-4917-99c7-386ec1618440 HTTP/1.1" status: 200  len: 885 time: 0.1717100
2018-06-28 06:11:08.151 10264 INFO neutron.wsgi [req-d01edcf4-a453-4367-9639-4f268ece9a84 2381c87c24634e059255e904a45e06ef 0d772b180b3c41e2ae2eba61c236b149 - default default] 10.0.20.26 "GET /v2.0/floatingips?fixed_ip_address=11.175.1.10&port_id=f53e5d0c-fc2d-46e0-a7a5-74e49a2e2c89 HTTP/1.1" status: 200  len: 751 time: 0.0487938
2018-06-28 06:11:08.281 10264 DEBUG neutron.pecan_wsgi.hooks.policy_enforcement [req-23764512-d569-42bb-8a94-7c70aa762451 2381c87c24634e059255e904a45e06ef 0d772b180b3c41e2ae2eba61c236b149 - default default] Attributes excluded by policy engine: [u'shared'] _exclude_attributes_by_policy /usr/lib/python2.7/site-packages/neutron/pecan_wsgi/hooks/policy_enforcement.py:256
2018-06-28 06:11:08.284 10264 INFO neutron.wsgi [req-23764512-d569-42bb-8a94-7c70aa762451 2381c87c24634e059255e904a45e06ef 0d772b180b3c41e2ae2eba61c236b149 - default default] 10.0.20.26 "GET /v2.0/subnets?id=e964e456-7e7a-46c1-9394-24ae6fd418de HTTP/1.1" status: 200  len: 847 time: 0.1275561
2018-06-28 06:11:08.389 10264 INFO neutron.wsgi [req-0d2da52a-421f-4c49-a3ae-ab36aaa711d3 2381c87c24634e059255e904a45e06ef 0d772b180b3c41e2ae2eba61c236b149 - default default] 10.0.20.26 "GET /v2.0/ports?network_id=2719c09c-c166-4917-99c7-386ec1618440&device_owner=network%3Adhcp HTTP/1.1" status: 200  len: 1128 time: 0.0994210
2018-06-28 06:11:20.944 10276 DEBUG neutron_lib.callbacks.manager [req-bb146641-78e7-432d-bfc2-d5061fc2ac05 - - - - -] Notify callbacks ['neutron.services.segments.db._update_segment_host_mapping_for_agent-8745611329616'] for agent, after_update _notify_loop /usr/lib/python2.7/site-packages/neutron_lib/callbacks/manager.py:167
2018-06-28 06:11:20.964 10278 DEBUG neutron_lib.callbacks.manager [req-660af933-725c-4140-8b3f-ba62641540b0 - - - - -] Notify callbacks ['neutron.services.segments.db._update_segment_host_mapping_for_agent-8745611329616'] for agent, after_update _notify_loop /usr/lib/python2.7/site-packages/neutron_lib/callbacks/manager.py:167
2018-06-28 06:11:20.968 10277 DEBUG neutron_lib.callbacks.manager [req-79ba45b8-7241-49bb-8e1b-fb0ebf14f789 - - - - -] Notify callbacks ['neutron.services.segments.db._update_segment_host_mapping_for_agent-8745611329616'] for agent, after_update _notify_loop /usr/lib/python2.7/site-packages/neutron_lib/callbacks/manager.py:167
2018-06-28 06:11:21.553 10275 DEBUG neutron_lib.callbacks.manager [req-09e8aef8-ba8c-4db2-bc4a-6a7ee79c54bd - - - - -] Notify callbacks ['neutron.services.segments.db._update_segment_host_mapping_for_agent-8745611329616'] for agent, after_update _notify_loop /usr/lib/python2.7/site-packages/neutron_lib/callbacks/manager.py:167
2018-06-28 06:11:28.354 10280 DEBUG neutron_lib.callbacks.manager [req-a24246a0-9a51-4c91-aad6-69cfdaa8ff3c - - - - -] Notify callbacks ['neutron.services.segments.db._update_segment_host_mapping_for_agent-8745611329616'] for agent, after_update _notify_loop /usr/lib/python2.7/site-packages/neutron_lib/callbacks/manager.py:167
2018-06-28 06:11:41.589 10282 DEBUG neutron.db.agents_db [req-8605a715-2796-4354-89d4-32a98c3157c7 - - - - -] Agent healthcheck: found 5 active agents agent_health_check /usr/lib/python2.7/site-packages/neutron/db/agents_db.py:281
2018-06-28 06:11:50.929 10273 DEBUG neutron_lib.callbacks.manager [req-bb146641-78e7-432d-bfc2-d5061fc2ac05 - - - - -] Notify callbacks ['neutron.services.segments.db._update_segment_host_mapping_for_agent-8745611329616'] for agent, after_update _notify_loop /usr/lib/python2.7/site-packages/neutron_lib/callbacks/manager.py:167
2018-06-28 06:11:50.944 10272 DEBUG neutron_lib.callbacks.manager [req-660af933-725c-4140-8b3f-ba62641540b0 - - - - -] Notify callbacks ['neutron.services.segments.db._update_segment_host_mapping_for_agent-8745611329616'] for agent, after_update _notify_loop /usr/lib/python2.7/site-packages/neutron_lib/callbacks/manager.py:167
2018-06-28 06:11:50.948 10274 DEBUG neutron_lib.callbacks.manager [req-aa1083af-a03a-4735-8833-1be86a401e49 - - - - -] Notify callbacks ['neutron.services.segments.db._update_segment_host_mapping_for_agent-8745611329616'] for agent, after_update _notify_loop /usr/lib/python2.7/site-packages/neutron_lib/callbacks/manager.py:167
2018-06-28 06:11:51.544 10279 DEBUG neutron_lib.callbacks.manager [req-2d7c86eb-67d9-49db-835c-44f4e5b84c23 - - - - -] Notify callbacks ['neutron.services.segments.db._update_segment_host_mapping_for_agent-8745611329616'] for agent, after_update _notify_loop /usr/lib/python2.7/site-packages/neutron_lib/callbacks/manager.py:167
2018-06-28 06:11:57.321 10264 INFO neutron.wsgi [req-55de6910-8710-4751-a3e7-0e219fc03ff6 34449420d71643ff9c143c132ecdb7b4 0d772b180b3c41e2ae2eba61c236b149 - default default] 10.0.20.26 "GET /v2.0/ports?device_id=dc6f9eb7-e73e-4bc6-95d0-47622e84861a HTTP/1.1" status: 200  len: 1125 time: 1.1396489
2018-06-28 06:11:57.478 10264 INFO neutron.wsgi [req-e22c70ab-9127-48c0-8074-dc121417108e 34449420d71643ff9c143c132ecdb7b4 0d772b180b3c41e2ae2eba61c236b149 - default default] 10.0.20.26 "GET /v2.0/security-groups?id=7f8281ab-d050-4aee-a8a9-a2d4d6eab845 HTTP/1.1" status: 200  len: 2118 time: 0.1516440
2018-06-28 06:11:58.348 10276 DEBUG neutron_lib.callbacks.manager [req-a24246a0-9a51-4c91-aad6-69cfdaa8ff3c - - - - -] Notify callbacks ['neutron.services.segments.db._update_segment_host_mapping_for_agent-8745611329616'] for agent, after_update _notify_loop /usr/lib/python2.7/site-packages/neutron_lib/callbacks/manager.py:167
2018-06-28 06:12:12.170 10264 INFO neutron.wsgi [req-832a21fa-443e-4a81-9817-e6753be08eba 2381c87c24634e059255e904a45e06ef 0d772b180b3c41e2ae2eba61c236b149 - default default] 10.0.20.26 "GET /v2.0/ports?tenant_id=96f758a4b5804fde82968ff0fa0e5166&device_id=dc6f9eb7-e73e-4bc6-95d0-47622e84861a HTTP/1.1" status: 200  len: 1125 time: 0.6153400
2018-06-28 06:12:12.435 10264 DEBUG neutron.pecan_wsgi.hooks.policy_enforcement [req-eb9c0a16-dbe4-4e66-ab63-2f8793794b5d 2381c87c24634e059255e904a45e06ef 0d772b180b3c41e2ae2eba61c236b149 - default default] Attributes excluded by policy engine: [u'vlan_transparent'] _exclude_attributes_by_policy /usr/lib/python2.7/site-packages/neutron/pecan_wsgi/hooks/policy_enforcement.py:256
2018-06-28 06:12:12.439 10264 INFO neutron.wsgi [req-eb9c0a16-dbe4-4e66-ab63-2f8793794b5d 2381c87c24634e059255e904a45e06ef 0d772b180b3c41e2ae2eba61c236b149 - default default] 10.0.20.26 "GET /v2.0/networks?id=2719c09c-c166-4917-99c7-386ec1618440 HTTP/1.1" status: 200  len: 885 time: 0.2621541
2018-06-28 06:12:12.494 10264 INFO neutron.wsgi [req-130b850e-084a-4466-ae9a-14a26bc8bdda 2381c87c24634e059255e904a45e06ef 0d772b180b3c41e2ae2eba61c236b149 - default default] 10.0.20.26 "GET /v2.0/floatingips?fixed_ip_address=11.175.1.10&port_id=f53e5d0c-fc2d-46e0-a7a5-74e49a2e2c89 HTTP/1.1" status: 200  len: 751 time: 0.0487218
2018-06-28 06:12:12.652 10264 DEBUG neutron.pecan_wsgi.hooks.policy_enforcement [req-a9a7f03a-9140-4a86-9f7a-ea8c6a60a1ee 2381c87c24634e059255e904a45e06ef 0d772b180b3c41e2ae2eba61c236b149 - default default] Attributes excluded by policy engine: [u'shared'] _exclude_attributes_by_policy /usr/lib/python2.7/site-packages/neutron/pecan_wsgi/hooks/policy_enforcement.py:256
2018-06-28 06:12:12.655 10264 INFO neutron.wsgi [req-a9a7f03a-9140-4a86-9f7a-ea8c6a60a1ee 2381c87c24634e059255e904a45e06ef 0d772b180b3c41e2ae2eba61c236b149 - default default] 10.0.20.26 "GET /v2.0/subnets?id=e964e456-7e7a-46c1-9394-24ae6fd418de HTTP/1.1" status: 200  len: 847 time: 0.1558549
2018-06-28 06:12:12.790 10264 INFO neutron.wsgi [req-dfd48086-e9ed-4963-a02e-df9adf3e1db2 2381c87c24634e059255e904a45e06ef 0d772b180b3c41e2ae2eba61c236b149 - default default] 10.0.20.26 "GET /v2.0/ports?network_id=2719c09c-c166-4917-99c7-386ec1618440&device_owner=network%3Adhcp HTTP/1.1" status: 200  len: 1128 time: 0.1284180
2018-06-28 06:12:18.230 10270 INFO neutron.wsgi [req-5ccd7221-f2d1-485e-99b1-d6bf9a5ce1b7 34449420d71643ff9c143c132ecdb7b4 0d772b180b3c41e2ae2eba61c236b149 - default default] 10.0.20.26 "GET /v2.0/ports?device_id=dc6f9eb7-e73e-4bc6-95d0-47622e84861a HTTP/1.1" status: 200  len: 1125 time: 0.7891219
2018-06-28 06:12:18.365 10270 INFO neutron.wsgi [req-6b2c724e-aa9e-450e-97bf-bf4be3ab7a37 34449420d71643ff9c143c132ecdb7b4 0d772b180b3c41e2ae2eba61c236b149 - default default] 10.0.20.26 "GET /v2.0/security-groups?id=7f8281ab-d050-4aee-a8a9-a2d4d6eab845 HTTP/1.1" status: 200  len: 2118 time: 0.1318190
2018-06-28 06:12:18.595 10282 DEBUG neutron.db.agents_db [req-8605a715-2796-4354-89d4-32a98c3157c7 - - - - -] Agent healthcheck: found 5 active agents agent_health_check /usr/lib/python2.7/site-packages/neutron/db/agents_db.py:281
2018-06-28 06:12:18.801 10270 INFO neutron.wsgi [req-adf9b51c-90fc-4090-8bdd-29470fdbcd62 fb13d5869af549e18ca2f3cee0125a16 96f758a4b5804fde82968ff0fa0e5166 - 31f57166d2634e428a51293bdc356057 31f57166d2634e428a51293bdc356057] 10.0.20.26 "GET /v2.0/ports?device_id=dc6f9eb7-e73e-4bc6-95d0-47622e84861a HTTP/1.1" status: 200  len: 1125 time: 0.5992250
2018-06-28 06:12:18.924 10270 INFO neutron.wsgi [req-4a8169ee-417b-481b-99ce-166d7b853912 fb13d5869af549e18ca2f3cee0125a16 96f758a4b5804fde82968ff0fa0e5166 - 31f57166d2634e428a51293bdc356057 31f57166d2634e428a51293bdc356057] 10.0.20.26 "GET /v2.0/security-groups?id=7f8281ab-d050-4aee-a8a9-a2d4d6eab845 HTTP/1.1" status: 200  len: 2118 time: 0.1162760
2018-06-28 06:12:20.040 10264 INFO neutron.wsgi [req-afe5044a-0a9c-4f7a-b094-48715341c69d 2381c87c24634e059255e904a45e06ef 0d772b180b3c41e2ae2eba61c236b149 - default default] 10.0.20.26 "GET /v2.0/ports?tenant_id=96f758a4b5804fde82968ff0fa0e5166&device_id=dc6f9eb7-e73e-4bc6-95d0-47622e84861a HTTP/1.1" status: 200  len: 1125 time: 0.1475339
2018-06-28 06:12:20.319 10264 DEBUG neutron.pecan_wsgi.hooks.policy_enforcement [req-83db894a-c370-4be3-9aa2-723a42dfba22 2381c87c24634e059255e904a45e06ef 0d772b180b3c41e2ae2eba61c236b149 - default default] Attributes excluded by policy engine: [u'vlan_transparent'] _exclude_attributes_by_policy /usr/lib/python2.7/site-packages/neutron/pecan_wsgi/hooks/policy_enforcement.py:256
2018-06-28 06:12:20.322 10264 INFO neutron.wsgi [req-83db894a-c370-4be3-9aa2-723a42dfba22 2381c87c24634e059255e904a45e06ef 0d772b180b3c41e2ae2eba61c236b149 - default default] 10.0.20.26 "GET /v2.0/networks?id=2719c09c-c166-4917-99c7-386ec1618440 HTTP/1.1" status: 200  len: 885 time: 0.2744269
2018-06-28 06:12:20.378 10264 INFO neutron.wsgi [req-5742beed-c413-40fc-9368-9065d258c1e6 2381c87c24634e059255e904a45e06ef 0d772b180b3c41e2ae2eba61c236b149 - default default] 10.0.20.26 "GET /v2.0/floatingips?fixed_ip_address=11.175.1.10&port_id=f53e5d0c-fc2d-46e0-a7a5-74e49a2e2c89 HTTP/1.1" status: 200  len: 751 time: 0.0490191
2018-06-28 06:12:20.539 10264 DEBUG neutron.pecan_wsgi.hooks.policy_enforcement [req-06e9236c-f219-4132-8dd5-f11c7abb93aa 2381c87c24634e059255e904a45e06ef 0d772b180b3c41e2ae2eba61c236b149 - default default] Attributes excluded by policy engine: [u'shared'] _exclude_attributes_by_policy /usr/lib/python2.7/site-packages/neutron/pecan_wsgi/hooks/policy_enforcement.py:256
2018-06-28 06:12:20.549 10264 INFO neutron.wsgi [req-06e9236c-f219-4132-8dd5-f11c7abb93aa 2381c87c24634e059255e904a45e06ef 0d772b180b3c41e2ae2eba61c236b149 - default default] 10.0.20.26 "GET /v2.0/subnets?id=e964e456-7e7a-46c1-9394-24ae6fd418de HTTP/1.1" status: 200  len: 847 time: 0.1654749
2018-06-28 06:12:20.786 10264 INFO neutron.wsgi [req-635e6a28-5b55-4c29-bae7-2e38d4158e70 2381c87c24634e059255e904a45e06ef 0d772b180b3c41e2ae2eba61c236b149 - default default] 10.0.20.26 "GET /v2.0/ports?network_id=2719c09c-c166-4917-99c7-386ec1618440&device_owner=network%3Adhcp HTTP/1.1" status: 200  len: 1128 time: 0.2259159
2018-06-28 06:12:20.998 10278 DEBUG neutron_lib.callbacks.manager [req-bb146641-78e7-432d-bfc2-d5061fc2ac05 - - - - -] Notify callbacks ['neutron.services.segments.db._update_segment_host_mapping_for_agent-8745611329616'] for agent, after_update _notify_loop /usr/lib/python2.7/site-packages/neutron_lib/callbacks/manager.py:167
2018-06-28 06:12:21.050 10277 DEBUG neutron_lib.callbacks.manager [req-660af933-725c-4140-8b3f-ba62641540b0 - - - - -] Notify callbacks ['neutron.services.segments.db._update_segment_host_mapping_for_agent-8745611329616'] for agent, after_update _notify_loop /usr/lib/python2.7/site-packages/neutron_lib/callbacks/manager.py:167
2018-06-28 06:12:21.065 10275 DEBUG neutron_lib.callbacks.manager [req-5f5de68d-f91c-4fe5-8178-e138f37abc5a - - - - -] Notify callbacks ['neutron.services.segments.db._update_segment_host_mapping_for_agent-8745611329616'] for agent, after_update _notify_loop /usr/lib/python2.7/site-packages/neutron_lib/callbacks/manager.py:167
2018-06-28 06:12:21.571 10280 DEBUG neutron_lib.callbacks.manager [req-fc495acf-57fd-4946-89a2-090b37eac879 - - - - -] Notify callbacks ['neutron.services.segments.db._update_segment_host_mapping_for_agent-8745611329616'] for agent, after_update _notify_loop /usr/lib/python2.7/site-packages/neutron_lib/callbacks/manager.py:167
2018-06-28 06:12:23.651 10273 DEBUG neutron.plugins.ml2.rpc [req-a24246a0-9a51-4c91-aad6-69cfdaa8ff3c - - - - -] Device f53e5d0c-fc2d-46e0-a7a5-74e49a2e2c89 no longer exists at agent ovs-agent-localhost.localdomain update_device_down /usr/lib/python2.7/site-packages/neutron/plugins/ml2/rpc.py:213
2018-06-28 06:12:23.916 10273 DEBUG neutron_lib.callbacks.manager [req-a24246a0-9a51-4c91-aad6-69cfdaa8ff3c - - - - -] Notify callbacks ['neutron.plugins.ml2.plugin.Ml2Plugin._ensure_default_security_group_handler--9223372036854009718'] for port, before_update _notify_loop /usr/lib/python2.7/site-packages/neutron_lib/callbacks/manager.py:167
2018-06-28 06:12:24.050 10273 DEBUG oslo_concurrency.lockutils [-] Lock "notifier-806ba05f-7748-40f6-a0c3-2ae8c0ec31d4" acquired by "neutron.notifiers.batch_notifier.synced_send" :: waited 0.002s inner /usr/lib/python2.7/site-packages/oslo_concurrency/lockutils.py:270
2018-06-28 06:12:24.053 10273 DEBUG neutron.notifiers.nova [-] Sending events: [{'status': 'completed', 'tag': u'f53e5d0c-fc2d-46e0-a7a5-74e49a2e2c89', 'name': 'network-vif-unplugged', 'server_uuid': u'dc6f9eb7-e73e-4bc6-95d0-47622e84861a'}] send_events /usr/lib/python2.7/site-packages/neutron/notifiers/nova.py:242
