2018-09-14 03:35:47.942 20617 DEBUG neutron.api.rpc.handlers.resources_rpc [req-ee87130a-f5b3-4f24-a7d4-1b46df9ef00b - - - - -] neutron.api.rpc.handlers.resources_rpc.ResourcesPushRpcApi method push called with arguments (<neutron_lib.context.Context object at 0x7faaa47655d0>, [Port(admin_state_up=True,allowed_address_pairs=[],binding=PortBinding,binding_levels=[PortBindingLevel],created_at=2018-09-14T07:33:04Z,data_plane_status=<?>,description='',device_id='b4e1771d-ff04-4204-959b-4e4b04cd1857',device_owner='compute:nova',dhcp_options=[],distributed_binding=None,dns=None,fixed_ips=[IPAllocation],id=74b34f1c-04ce-4589-8b50-28800b2ce4e5,mac_address=fa:16:3e:8e:a5:55,name='',network_id=9c0f1cf0-5be5-4a19-93c0-aef39438ea71,project_id='d8aec8efc6934c1d9312e9b0f57c9424',qos_policy_id=None,revision_number=7,security=PortSecurity(74b34f1c-04ce-4589-8b50-28800b2ce4e5),security_group_ids=set([df0f31d0-fe05-4781-b3f2-c94bf4ecadff]),status='DOWN',updated_at=2018-09-14T07:35:47Z)], 'updated') {} wrapper /usr/lib/python2.7/site-packages/oslo_log/helpers.py:66
2018-09-14 03:35:47.961 20617 DEBUG neutron.api.rpc.callbacks.version_manager [req-ee87130a-f5b3-4f24-a7d4-1b46df9ef00b - - - - -] Version for resource type Subnet changed None to 1.0 on consumer Open vSwitch agent@localhost.localdomain _set_version /usr/lib/python2.7/site-packages/neutron/api/rpc/callbacks/version_manager.py:119
2018-09-14 03:35:47.962 20617 DEBUG neutron.api.rpc.callbacks.version_manager [req-ee87130a-f5b3-4f24-a7d4-1b46df9ef00b - - - - -] Version for resource type Network changed None to 1.0 on consumer Open vSwitch agent@localhost.localdomain _set_version /usr/lib/python2.7/site-packages/neutron/api/rpc/callbacks/version_manager.py:119
2018-09-14 03:35:47.962 20617 DEBUG neutron.api.rpc.callbacks.version_manager [req-ee87130a-f5b3-4f24-a7d4-1b46df9ef00b - - - - -] Version for resource type SubPort changed None to 1.0 on consumer Open vSwitch agent@localhost.localdomain _set_version /usr/lib/python2.7/site-packages/neutron/api/rpc/callbacks/version_manager.py:119
2018-09-14 03:35:47.963 20617 DEBUG neutron.api.rpc.callbacks.version_manager [req-ee87130a-f5b3-4f24-a7d4-1b46df9ef00b - - - - -] Version for resource type SecurityGroup changed None to 1.0 on consumer Open vSwitch agent@localhost.localdomain _set_version /usr/lib/python2.7/site-packages/neutron/api/rpc/callbacks/version_manager.py:119
2018-09-14 03:35:47.964 20617 DEBUG neutron.api.rpc.callbacks.version_manager [req-ee87130a-f5b3-4f24-a7d4-1b46df9ef00b - - - - -] Version for resource type SecurityGroupRule changed None to 1.0 on consumer Open vSwitch agent@localhost.localdomain _set_version /usr/lib/python2.7/site-packages/neutron/api/rpc/callbacks/version_manager.py:119
2018-09-14 03:35:47.964 20617 DEBUG neutron.api.rpc.callbacks.version_manager [req-ee87130a-f5b3-4f24-a7d4-1b46df9ef00b - - - - -] Version for resource type Trunk changed None to 1.1 on consumer Open vSwitch agent@localhost.localdomain _set_version /usr/lib/python2.7/site-packages/neutron/api/rpc/callbacks/version_manager.py:119
2018-09-14 03:35:47.965 20617 DEBUG neutron.api.rpc.callbacks.version_manager [req-ee87130a-f5b3-4f24-a7d4-1b46df9ef00b - - - - -] Version for resource type QosPolicy changed None to 1.6 on consumer Open vSwitch agent@localhost.localdomain _set_version /usr/lib/python2.7/site-packages/neutron/api/rpc/callbacks/version_manager.py:119
2018-09-14 03:35:47.966 20617 DEBUG neutron.api.rpc.callbacks.version_manager [req-ee87130a-f5b3-4f24-a7d4-1b46df9ef00b - - - - -] Version for resource type Port changed None to 1.1 on consumer Open vSwitch agent@localhost.localdomain _set_version /usr/lib/python2.7/site-packages/neutron/api/rpc/callbacks/version_manager.py:119
2018-09-14 03:35:47.967 20617 DEBUG neutron.api.rpc.callbacks.version_manager [req-ee87130a-f5b3-4f24-a7d4-1b46df9ef00b - - - - -] Version for resource type Log changed None to 1.0 on consumer Open vSwitch agent@localhost.localdomain _set_version /usr/lib/python2.7/site-packages/neutron/api/rpc/callbacks/version_manager.py:119
2018-09-14 03:35:48.012 20617 DEBUG oslo_concurrency.lockutils [req-ee87130a-f5b3-4f24-a7d4-1b46df9ef00b - - - - -] Lock "event-dispatch" released by "neutron.plugins.ml2.ovo_rpc.dispatch_events" :: held 0.244s inner /usr/lib/python2.7/site-packages/oslo_concurrency/lockutils.py:282
2018-09-14 03:35:48.756 20617 DEBUG novaclient.v2.client [-] REQ: curl -g -i -X POST http://10.0.20.23:8774/v2.1/368f193974e14846a186e2cbdb34d110/os-server-external-events -H "User-Agent: python-novaclient" -H "Content-Type: application/json" -H "Accept: application/json" -H "X-OpenStack-Nova-API-Version: 2.1" -H "X-Auth-Token: {SHA1}04c59d229d777f5ab406c9e1704fbd5d2955bb7d" -d '{"events": [{"status": "completed", "tag": "74b34f1c-04ce-4589-8b50-28800b2ce4e5", "name": "network-vif-unplugged", "server_uuid": "b4e1771d-ff04-4204-959b-4e4b04cd1857"}]}' _http_log_request /usr/lib/python2.7/site-packages/keystoneauth1/session.py:375
2018-09-14 03:35:49.344 20617 DEBUG novaclient.v2.client [-] RESP: [200] Content-Length: 185 Content-Type: application/json Openstack-Api-Version: compute 2.1 X-Openstack-Nova-Api-Version: 2.1 Vary: OpenStack-API-Version, X-OpenStack-Nova-API-Version X-Openstack-Request-Id: req-f79e41c4-15b0-4f38-b5ff-821de979675b X-Compute-Request-Id: req-f79e41c4-15b0-4f38-b5ff-821de979675b Date: Fri, 14 Sep 2018 07:35:49 GMT Connection: keep-alive 
RESP BODY: {"events": [{"status": "completed", "tag": "74b34f1c-04ce-4589-8b50-28800b2ce4e5", "name": "network-vif-unplugged", "server_uuid": "b4e1771d-ff04-4204-959b-4e4b04cd1857", "code": 200}]}
 _http_log_response /usr/lib/python2.7/site-packages/keystoneauth1/session.py:423
2018-09-14 03:35:49.344 20617 DEBUG novaclient.v2.client [-] POST call to compute for http://10.0.20.23:8774/v2.1/368f193974e14846a186e2cbdb34d110/os-server-external-events used request id req-f79e41c4-15b0-4f38-b5ff-821de979675b request /usr/lib/python2.7/site-packages/keystoneauth1/session.py:727
2018-09-14 03:35:49.358 20617 INFO neutron.notifiers.nova [-] Nova event response: {u'status': u'completed', u'tag': u'74b34f1c-04ce-4589-8b50-28800b2ce4e5', u'name': u'network-vif-unplugged', u'server_uuid': u'b4e1771d-ff04-4204-959b-4e4b04cd1857', u'code': 200}
2018-09-14 03:35:49.479 20613 DEBUG neutron.plugins.ml2.rpc [req-ee87130a-f5b3-4f24-a7d4-1b46df9ef00b - - - - -] Device 74b34f1c-04ce-4589-8b50-28800b2ce4e5 up at agent ovs-agent-localhost.localdomain update_device_up /usr/lib/python2.7/site-packages/neutron/plugins/ml2/rpc.py:244
2018-09-14 03:35:49.641 20613 DEBUG neutron.db.provisioning_blocks [req-ee87130a-f5b3-4f24-a7d4-1b46df9ef00b - - - - -] Provisioning complete for port 74b34f1c-04ce-4589-8b50-28800b2ce4e5 triggered by entity L2. provisioning_complete /usr/lib/python2.7/site-packages/neutron/db/provisioning_blocks.py:138
2018-09-14 03:35:49.643 20613 DEBUG neutron_lib.callbacks.manager [req-ee87130a-f5b3-4f24-a7d4-1b46df9ef00b - - - - -] Notify callbacks ['neutron.plugins.ml2.plugin.Ml2Plugin._port_provisioned--9223372036853971690'] for port, provisioning_complete _notify_loop /usr/lib/python2.7/site-packages/neutron_lib/callbacks/manager.py:167
2018-09-14 03:35:50.159 20613 DEBUG neutron_lib.callbacks.manager [req-ee87130a-f5b3-4f24-a7d4-1b46df9ef00b - - - - -] Notify callbacks ['neutron.services.segments.db._update_segment_host_mapping_for_agent--9223363263673957304'] for agent, after_update _notify_loop /usr/lib/python2.7/site-packages/neutron_lib/callbacks/manager.py:167
2018-09-14 03:35:50.259 20613 DEBUG neutron_lib.callbacks.manager [req-ee87130a-f5b3-4f24-a7d4-1b46df9ef00b - - - - -] Notify callbacks ['neutron.plugins.ml2.plugin.Ml2Plugin._ensure_default_security_group_handler--9223372036854297548'] for port, before_update _notify_loop /usr/lib/python2.7/site-packages/neutron_lib/callbacks/manager.py:167
2018-09-14 03:35:50.344 20613 DEBUG oslo_concurrency.lockutils [-] Lock "notifier-353dbb28-d152-432f-8111-ff7d4523fcb5" acquired by "neutron.notifiers.batch_notifier.synced_send" :: waited 0.000s inner /usr/lib/python2.7/site-packages/oslo_concurrency/lockutils.py:270
2018-09-14 03:35:50.345 20613 DEBUG neutron.notifiers.nova [-] Sending events: [{'status': 'completed', 'tag': u'74b34f1c-04ce-4589-8b50-28800b2ce4e5', 'name': 'network-vif-plugged', 'server_uuid': u'b4e1771d-ff04-4204-959b-4e4b04cd1857'}] send_events /usr/lib/python2.7/site-packages/neutron/notifiers/nova.py:242
2018-09-14 03:35:50.354 20613 DEBUG novaclient.v2.client [-] REQ: curl -g -i -X POST http://10.0.20.23:8774/v2.1/368f193974e14846a186e2cbdb34d110/os-server-external-events -H "User-Agent: python-novaclient" -H "Content-Type: application/json" -H "Accept: application/json" -H "X-OpenStack-Nova-API-Version: 2.1" -H "X-Auth-Token: {SHA1}71af4ad45add4f8a8eaf90b4d7c6e0395b6766d3" -d '{"events": [{"status": "completed", "tag": "74b34f1c-04ce-4589-8b50-28800b2ce4e5", "name": "network-vif-plugged", "server_uuid": "b4e1771d-ff04-4204-959b-4e4b04cd1857"}]}' _http_log_request /usr/lib/python2.7/site-packages/keystoneauth1/session.py:375
2018-09-14 03:35:50.360 20613 DEBUG neutron.plugins.ml2.db [req-ee87130a-f5b3-4f24-a7d4-1b46df9ef00b - - - - -] For port 74b34f1c-04ce-4589-8b50-28800b2ce4e5, host localhost.localdomain, got binding levels [<neutron.plugins.ml2.models.PortBindingLevel[object at 7faaa42bab10] {port_id=u'74b34f1c-04ce-4589-8b50-28800b2ce4e5', host=u'localhost.localdomain', level=0, driver=u'openvswitch', segment_id=u'b33bc68f-8413-46f5-9ac8-04bf31c274a8'}>] get_binding_levels /usr/lib/python2.7/site-packages/neutron/plugins/ml2/db.py:106
2018-09-14 03:35:50.421 20613 DEBUG neutron_lib.callbacks.manager [req-ee87130a-f5b3-4f24-a7d4-1b46df9ef00b - - - - -] Notify callbacks ['neutron.api.rpc.agentnotifiers.dhcp_rpc_agent_api.DhcpAgentNotifyAPI._native_event_send_dhcp_notification--9223372036853332297', 'neutron.db.l3_hascheduler_db._notify_l3_agent_ha_port_update-8773180486405', 'neutron.plugins.ml2.plugin.Ml2Plugin.notify_sg_on_port_change--9223372036854300527', 'neutron.plugins.ml2.ovo_rpc._ObjectChangeHandler.handle_event--9223372036853171932', 'neutron.db.l3_dvrscheduler_db._notify_l3_agent_port_update--9223363263674290255'] for port, after_update _notify_loop /usr/lib/python2.7/site-packages/neutron_lib/callbacks/manager.py:167
2018-09-14 03:35:50.453 20613 DEBUG oslo_concurrency.lockutils [-] Lock "event-dispatch" acquired by "neutron.plugins.ml2.ovo_rpc.dispatch_events" :: waited 0.000s inner /usr/lib/python2.7/site-packages/oslo_concurrency/lockutils.py:270
2018-09-14 03:35:50.619 20613 DEBUG neutron.api.rpc.handlers.resources_rpc [req-ee87130a-f5b3-4f24-a7d4-1b46df9ef00b - - - - -] neutron.api.rpc.handlers.resources_rpc.ResourcesPushRpcApi method push called with arguments (<neutron_lib.context.Context object at 0x7faaa410f610>, [Port(admin_state_up=True,allowed_address_pairs=[],binding=PortBinding,binding_levels=[PortBindingLevel],created_at=2018-09-14T07:33:04Z,data_plane_status=<?>,description='',device_id='b4e1771d-ff04-4204-959b-4e4b04cd1857',device_owner='compute:nova',dhcp_options=[],distributed_binding=None,dns=None,fixed_ips=[IPAllocation],id=74b34f1c-04ce-4589-8b50-28800b2ce4e5,mac_address=fa:16:3e:8e:a5:55,name='',network_id=9c0f1cf0-5be5-4a19-93c0-aef39438ea71,project_id='d8aec8efc6934c1d9312e9b0f57c9424',qos_policy_id=None,revision_number=8,security=PortSecurity(74b34f1c-04ce-4589-8b50-28800b2ce4e5),security_group_ids=set([df0f31d0-fe05-4781-b3f2-c94bf4ecadff]),status='ACTIVE',updated_at=2018-09-14T07:35:50Z)], 'updated') {} wrapper /usr/lib/python2.7/site-packages/oslo_log/helpers.py:66
2018-09-14 03:35:50.635 20613 DEBUG neutron.api.rpc.callbacks.version_manager [req-ee87130a-f5b3-4f24-a7d4-1b46df9ef00b - - - - -] Version for resource type Subnet changed None to 1.0 on consumer Open vSwitch agent@localhost.localdomain _set_version /usr/lib/python2.7/site-packages/neutron/api/rpc/callbacks/version_manager.py:119
2018-09-14 03:35:50.636 20613 DEBUG neutron.api.rpc.callbacks.version_manager [req-ee87130a-f5b3-4f24-a7d4-1b46df9ef00b - - - - -] Version for resource type Network changed None to 1.0 on consumer Open vSwitch agent@localhost.localdomain _set_version /usr/lib/python2.7/site-packages/neutron/api/rpc/callbacks/version_manager.py:119
2018-09-14 03:35:50.637 20613 DEBUG neutron.api.rpc.callbacks.version_manager [req-ee87130a-f5b3-4f24-a7d4-1b46df9ef00b - - - - -] Version for resource type SubPort changed None to 1.0 on consumer Open vSwitch agent@localhost.localdomain _set_version /usr/lib/python2.7/site-packages/neutron/api/rpc/callbacks/version_manager.py:119
2018-09-14 03:35:50.638 20613 DEBUG neutron.api.rpc.callbacks.version_manager [req-ee87130a-f5b3-4f24-a7d4-1b46df9ef00b - - - - -] Version for resource type SecurityGroup changed None to 1.0 on consumer Open vSwitch agent@localhost.localdomain _set_version /usr/lib/python2.7/site-packages/neutron/api/rpc/callbacks/version_manager.py:119
2018-09-14 03:35:50.638 20613 DEBUG neutron.api.rpc.callbacks.version_manager [req-ee87130a-f5b3-4f24-a7d4-1b46df9ef00b - - - - -] Version for resource type SecurityGroupRule changed None to 1.0 on consumer Open vSwitch agent@localhost.localdomain _set_version /usr/lib/python2.7/site-packages/neutron/api/rpc/callbacks/version_manager.py:119
2018-09-14 03:35:50.639 20613 DEBUG neutron.api.rpc.callbacks.version_manager [req-ee87130a-f5b3-4f24-a7d4-1b46df9ef00b - - - - -] Version for resource type Trunk changed None to 1.1 on consumer Open vSwitch agent@localhost.localdomain _set_version /usr/lib/python2.7/site-packages/neutron/api/rpc/callbacks/version_manager.py:119
2018-09-14 03:35:50.640 20613 DEBUG neutron.api.rpc.callbacks.version_manager [req-ee87130a-f5b3-4f24-a7d4-1b46df9ef00b - - - - -] Version for resource type QosPolicy changed None to 1.6 on consumer Open vSwitch agent@localhost.localdomain _set_version /usr/lib/python2.7/site-packages/neutron/api/rpc/callbacks/version_manager.py:119
2018-09-14 03:35:50.640 20613 DEBUG neutron.api.rpc.callbacks.version_manager [req-ee87130a-f5b3-4f24-a7d4-1b46df9ef00b - - - - -] Version for resource type Port changed None to 1.1 on consumer Open vSwitch agent@localhost.localdomain _set_version /usr/lib/python2.7/site-packages/neutron/api/rpc/callbacks/version_manager.py:119
2018-09-14 03:35:50.641 20613 DEBUG neutron.api.rpc.callbacks.version_manager [req-ee87130a-f5b3-4f24-a7d4-1b46df9ef00b - - - - -] Version for resource type Log changed None to 1.0 on consumer Open vSwitch agent@localhost.localdomain _set_version /usr/lib/python2.7/site-packages/neutron/api/rpc/callbacks/version_manager.py:119
2018-09-14 03:35:50.670 20613 DEBUG oslo_concurrency.lockutils [req-ee87130a-f5b3-4f24-a7d4-1b46df9ef00b - - - - -] Lock "event-dispatch" released by "neutron.plugins.ml2.ovo_rpc.dispatch_events" :: held 0.218s inner /usr/lib/python2.7/site-packages/oslo_concurrency/lockutils.py:282
2018-09-14 03:35:50.800 20613 DEBUG novaclient.v2.client [-] RESP: [200] Content-Length: 183 Content-Type: application/json Openstack-Api-Version: compute 2.1 X-Openstack-Nova-Api-Version: 2.1 Vary: OpenStack-API-Version, X-OpenStack-Nova-API-Version X-Openstack-Request-Id: req-f2bb5e1c-66c3-4a4a-bb50-62a99e133ab0 X-Compute-Request-Id: req-f2bb5e1c-66c3-4a4a-bb50-62a99e133ab0 Date: Fri, 14 Sep 2018 07:35:50 GMT Connection: keep-alive 
RESP BODY: {"events": [{"status": "completed", "tag": "74b34f1c-04ce-4589-8b50-28800b2ce4e5", "name": "network-vif-plugged", "server_uuid": "b4e1771d-ff04-4204-959b-4e4b04cd1857", "code": 200}]}
 _http_log_response /usr/lib/python2.7/site-packages/keystoneauth1/session.py:423
2018-09-14 03:35:50.800 20613 DEBUG novaclient.v2.client [-] POST call to compute for http://10.0.20.23:8774/v2.1/368f193974e14846a186e2cbdb34d110/os-server-external-events used request id req-f2bb5e1c-66c3-4a4a-bb50-62a99e133ab0 request /usr/lib/python2.7/site-packages/keystoneauth1/session.py:727
2018-09-14 03:35:50.817 20613 INFO neutron.notifiers.nova [-] Nova event response: {u'status': u'completed', u'tag': u'74b34f1c-04ce-4589-8b50-28800b2ce4e5', u'name': u'network-vif-plugged', u'server_uuid': u'b4e1771d-ff04-4204-959b-4e4b04cd1857', u'code': 200}
2018-09-14 03:35:51.249 20598 INFO neutron.wsgi [req-38420275-926c-46c4-8658-c515647bd726 49c5965bdd474adcbe823058e9719937 d8aec8efc6934c1d9312e9b0f57c9424 - a57d88c3b446420eb496a486b79c565b a57d88c3b446420eb496a486b79c565b] 10.0.20.23 "GET /v2.0/ports?device_id=b4e1771d-ff04-4204-959b-4e4b04cd1857 HTTP/1.1" status: 200  len: 1123 time: 0.5819809
2018-09-14 03:35:51.359 20617 DEBUG oslo_concurrency.lockutils [-] Lock "notifier-353dbb28-d152-432f-8111-ff7d4523fcb5" released by "neutron.notifiers.batch_notifier.synced_send" :: held 3.663s inner /usr/lib/python2.7/site-packages/oslo_concurrency/lockutils.py:282
2018-09-14 03:35:51.395 20598 INFO neutron.wsgi [req-fb127c14-5439-4610-b33a-9a4dd35921f6 49c5965bdd474adcbe823058e9719937 d8aec8efc6934c1d9312e9b0f57c9424 - a57d88c3b446420eb496a486b79c565b a57d88c3b446420eb496a486b79c565b] 10.0.20.23 "GET /v2.0/security-groups?id=df0f31d0-fe05-4781-b3f2-c94bf4ecadff HTTP/1.1" status: 200  len: 2118 time: 0.1372290
2018-09-14 03:35:51.446 20614 DEBUG neutron.plugins.ml2.rpc [req-ee87130a-f5b3-4f24-a7d4-1b46df9ef00b - - - - -] Device 74b34f1c-04ce-4589-8b50-28800b2ce4e5 up at agent ovs-agent-localhost.localdomain update_device_up /usr/lib/python2.7/site-packages/neutron/plugins/ml2/rpc.py:244
2018-09-14 03:35:51.565 20614 DEBUG neutron.db.provisioning_blocks [req-ee87130a-f5b3-4f24-a7d4-1b46df9ef00b - - - - -] Provisioning complete for port 74b34f1c-04ce-4589-8b50-28800b2ce4e5 triggered by entity L2. provisioning_complete /usr/lib/python2.7/site-packages/neutron/db/provisioning_blocks.py:138
2018-09-14 03:35:51.566 20614 DEBUG neutron_lib.callbacks.manager [req-ee87130a-f5b3-4f24-a7d4-1b46df9ef00b - - - - -] Notify callbacks ['neutron.plugins.ml2.plugin.Ml2Plugin._port_provisioned--9223372036853971690'] for port, provisioning_complete _notify_loop /usr/lib/python2.7/site-packages/neutron_lib/callbacks/manager.py:167
2018-09-14 03:35:51.781 20597 INFO neutron.wsgi [req-da6858b4-b539-4337-a7bb-00767d84344b d620094bd6d047979241572f64ecaca7 368f193974e14846a186e2cbdb34d110 - default default] 10.0.20.23 "GET /v2.0/ports?device_id=b4e1771d-ff04-4204-959b-4e4b04cd1857 HTTP/1.1" status: 200  len: 1123 time: 1.1364741
2018-09-14 03:35:51.885 20597 INFO neutron.wsgi [req-98b9a929-7ab4-47d6-9649-725f9b20e97e d620094bd6d047979241572f64ecaca7 368f193974e14846a186e2cbdb34d110 - default default] 10.0.20.23 "GET /v2.0/security-groups?id=df0f31d0-fe05-4781-b3f2-c94bf4ecadff HTTP/1.1" status: 200  len: 2118 time: 0.0992389
2018-09-14 03:35:52.622 20619 DEBUG neutron.db.agents_db [req-b9d3129d-52c8-483c-8ac8-faba2c0f7fdd - - - - -] Agent healthcheck: found 5 active agents agent_health_check /usr/lib/python2.7/site-packages/neutron/db/agents_db.py:281
2018-09-14 03:35:52.819 20613 DEBUG oslo_concurrency.lockutils [-] Lock "notifier-353dbb28-d152-432f-8111-ff7d4523fcb5" released by "neutron.notifiers.batch_notifier.synced_send" :: held 2.475s inner /usr/lib/python2.7/site-packages/oslo_concurrency/lockutils.py:282
2018-09-14 03:35:53.083 20602 INFO neutron.wsgi [req-33f9588e-6ae1-48db-b266-36a934c5bae5 10c05a22cea847f7a42d788fe8f1cd2e 368f193974e14846a186e2cbdb34d110 - default default] 10.0.20.23 "GET /v2.0/ports?tenant_id=d8aec8efc6934c1d9312e9b0f57c9424&device_id=b4e1771d-ff04-4204-959b-4e4b04cd1857 HTTP/1.1" status: 200  len: 1123 time: 0.1145120
2018-09-14 03:35:53.300 20602 DEBUG neutron.pecan_wsgi.hooks.policy_enforcement [req-809e9784-deb0-4636-ae88-7815f86aeefe 10c05a22cea847f7a42d788fe8f1cd2e 368f193974e14846a186e2cbdb34d110 - default default] Attributes excluded by policy engine: [u'vlan_transparent'] _exclude_attributes_by_policy /usr/lib/python2.7/site-packages/neutron/pecan_wsgi/hooks/policy_enforcement.py:256
2018-09-14 03:35:53.303 20602 INFO neutron.wsgi [req-809e9784-deb0-4636-ae88-7815f86aeefe 10c05a22cea847f7a42d788fe8f1cd2e 368f193974e14846a186e2cbdb34d110 - default default] 10.0.20.23 "GET /v2.0/networks?id=9c0f1cf0-5be5-4a19-93c0-aef39438ea71 HTTP/1.1" status: 200  len: 885 time: 0.2120421
2018-09-14 03:35:53.346 20602 INFO neutron.wsgi [req-7e9f7b70-fa91-440f-bce5-de4f26d6cd8f 10c05a22cea847f7a42d788fe8f1cd2e 368f193974e14846a186e2cbdb34d110 - default default] 10.0.20.23 "GET /v2.0/floatingips?fixed_ip_address=11.33.1.8&port_id=74b34f1c-04ce-4589-8b50-28800b2ce4e5 HTTP/1.1" status: 200  len: 749 time: 0.0376210
2018-09-14 03:35:53.444 20602 DEBUG neutron.pecan_wsgi.hooks.policy_enforcement [req-f045c888-f53a-4b15-8342-5c26249dc6a2 10c05a22cea847f7a42d788fe8f1cd2e 368f193974e14846a186e2cbdb34d110 - default default] Attributes excluded by policy engine: [u'shared'] _exclude_attributes_by_policy /usr/lib/python2.7/site-packages/neutron/pecan_wsgi/hooks/policy_enforcement.py:256
2018-09-14 03:35:53.447 20602 INFO neutron.wsgi [req-f045c888-f53a-4b15-8342-5c26249dc6a2 10c05a22cea847f7a42d788fe8f1cd2e 368f193974e14846a186e2cbdb34d110 - default default] 10.0.20.23 "GET /v2.0/subnets?id=e69fc77f-fe01-4b8e-b24a-10bb67e6b3fa HTTP/1.1" status: 200  len: 843 time: 0.0955381
2018-09-14 03:35:53.551 20602 INFO neutron.wsgi [req-17b9aedd-f0de-4f37-8847-74799800037b 10c05a22cea847f7a42d788fe8f1cd2e 368f193974e14846a186e2cbdb34d110 - default default] 10.0.20.23 "GET /v2.0/ports?network_id=9c0f1cf0-5be5-4a19-93c0-aef39438ea71&device_owner=network%3Adhcp HTTP/1.1" status: 200  len: 1127 time: 0.0985761
2018-09-14 03:36:03.968 20617 DEBUG neutron_lib.callbacks.manager [req-db721e07-1ca5-49f0-8466-2d0843cd44ee - - - - -] Notify callbacks ['neutron.services.segments.db._update_segment_host_mapping_for_agent--9223363263673957304'] for agent, after_update _notify_loop /usr/lib/python2.7/site-packages/neutron_lib/callbacks/manager.py:167
2018-09-14 03:36:03.994 20614 DEBUG neutron_lib.callbacks.manager [req-1c4cdb21-ba81-4eb7-9127-f2eb17da8364 - - - - -] Notify callbacks ['neutron.services.segments.db._update_segment_host_mapping_for_agent--9223363263673957304'] for agent, after_update _notify_loop /usr/lib/python2.7/site-packages/neutron_lib/callbacks/manager.py:167
2018-09-14 03:36:04.864 20618 DEBUG neutron_lib.callbacks.manager [req-2a4d24db-9680-4319-acae-81300cb66c2d - - - - -] Notify callbacks ['neutron.services.segments.db._update_segment_host_mapping_for_agent--9223363263673957304'] for agent, after_update _notify_loop /usr/lib/python2.7/site-packages/neutron_lib/callbacks/manager.py:167
2018-09-14 03:36:05.683 20607 DEBUG neutron_lib.callbacks.manager [req-9c618aa2-38dc-4f71-ac57-4e1f2c1e35cc - - - - -] Notify callbacks ['neutron.services.segments.db._update_segment_host_mapping_for_agent--9223363263673957304'] for agent, after_update _notify_loop /usr/lib/python2.7/site-packages/neutron_lib/callbacks/manager.py:167
2018-09-14 03:36:15.255 20598 INFO neutron.wsgi [req-4699635f-70b4-4c63-ba19-0576c95eacc7 10c05a22cea847f7a42d788fe8f1cd2e 368f193974e14846a186e2cbdb34d110 - default default] 10.0.20.23 "GET /v2.0/ports?device_id=b4e1771d-ff04-4204-959b-4e4b04cd1857 HTTP/1.1" status: 200  len: 1123 time: 0.1046109
2018-09-14 03:36:15.350 20598 INFO neutron.wsgi [req-1faaa5f1-a60e-4b9b-ba9e-82289435c6c8 10c05a22cea847f7a42d788fe8f1cd2e 368f193974e14846a186e2cbdb34d110 - default default] 10.0.20.23 "GET /v2.0/security-groups?id=df0f31d0-fe05-4781-b3f2-c94bf4ecadff HTTP/1.1" status: 200  len: 2118 time: 0.0868101
2018-09-14 03:36:16.934 20604 INFO neutron.wsgi [req-ccf35517-fa43-41b0-b229-10e8f09ceb8c 10c05a22cea847f7a42d788fe8f1cd2e 368f193974e14846a186e2cbdb34d110 - default default] 10.0.20.23 "GET /v2.0/ports?device_id=b4e1771d-ff04-4204-959b-4e4b04cd1857 HTTP/1.1" status: 200  len: 1123 time: 0.1117101
2018-09-14 03:36:17.052 20604 INFO neutron.wsgi [req-7de30e6b-16ad-4f93-8071-5289b8c91aaa 10c05a22cea847f7a42d788fe8f1cd2e 368f193974e14846a186e2cbdb34d110 - default default] 10.0.20.23 "GET /v2.0/security-groups?id=df0f31d0-fe05-4781-b3f2-c94bf4ecadff HTTP/1.1" status: 200  len: 2118 time: 0.1108119
2018-09-14 03:36:19.659 20611 DEBUG neutron_lib.callbacks.manager [req-ee87130a-f5b3-4f24-a7d4-1b46df9ef00b - - - - -] Notify callbacks ['neutron.services.segments.db._update_segment_host_mapping_for_agent--9223363263673957304'] for agent, after_update _notify_loop /usr/lib/python2.7/site-packages/neutron_lib/callbacks/manager.py:167
2018-09-14 03:36:20.121 20598 INFO neutron.wsgi [req-72a7fe30-a2fe-4e8a-8253-d6733a4a23f9 10c05a22cea847f7a42d788fe8f1cd2e 368f193974e14846a186e2cbdb34d110 - default default] 10.0.20.23 "GET /v2.0/ports?device_id=b4e1771d-ff04-4204-959b-4e4b04cd1857 HTTP/1.1" status: 200  len: 1123 time: 0.5167730
2018-09-14 03:36:20.227 20598 INFO neutron.wsgi [req-ad0f963e-d746-48f7-b83a-e5f228190474 10c05a22cea847f7a42d788fe8f1cd2e 368f193974e14846a186e2cbdb34d110 - default default] 10.0.20.23 "GET /v2.0/security-groups?id=df0f31d0-fe05-4781-b3f2-c94bf4ecadff HTTP/1.1" status: 200  len: 2118 time: 0.1001399
2018-09-14 03:36:20.746 20604 INFO neutron.wsgi [req-3831adb0-1bf8-431e-a5ed-4203a6130119 10c05a22cea847f7a42d788fe8f1cd2e 368f193974e14846a186e2cbdb34d110 - default default] 10.0.20.23 "GET /v2.0/ports?device_id=b4e1771d-ff04-4204-959b-4e4b04cd1857 HTTP/1.1" status: 200  len: 1123 time: 0.1286170
2018-09-14 03:36:20.871 20604 INFO neutron.wsgi [req-63317e14-b3a6-488b-b4bf-b31317192669 10c05a22cea847f7a42d788fe8f1cd2e 368f193974e14846a186e2cbdb34d110 - default default] 10.0.20.23 "GET /v2.0/security-groups?id=df0f31d0-fe05-4781-b3f2-c94bf4ecadff HTTP/1.1" status: 200  len: 2118 time: 0.1180332
2018-09-14 03:36:29.634 20619 DEBUG neutron.db.agents_db [req-b9d3129d-52c8-483c-8ac8-faba2c0f7fdd - - - - -] Agent healthcheck: found 5 active agents agent_health_check /usr/lib/python2.7/site-packages/neutron/db/agents_db.py:281
2018-09-14 03:36:33.963 20609 DEBUG neutron_lib.callbacks.manager [req-668e7be2-de72-4f92-be6a-412c77cf04c8 - - - - -] Notify callbacks ['neutron.services.segments.db._update_segment_host_mapping_for_agent--9223363263673957304'] for agent, after_update _notify_loop /usr/lib/python2.7/site-packages/neutron_lib/callbacks/manager.py:167
2018-09-14 03:36:34.004 20615 DEBUG neutron_lib.callbacks.manager [req-1c4cdb21-ba81-4eb7-9127-f2eb17da8364 - - - - -] Notify callbacks ['neutron.services.segments.db._update_segment_host_mapping_for_agent--9223363263673957304'] for agent, after_update _notify_loop /usr/lib/python2.7/site-packages/neutron_lib/callbacks/manager.py:167
2018-09-14 03:36:34.862 20608 DEBUG neutron_lib.callbacks.manager [req-e7d1fcf8-e1f2-4a76-8c2c-f18f365e4a8d - - - - -] Notify callbacks ['neutron.services.segments.db._update_segment_host_mapping_for_agent--9223363263673957304'] for agent, after_update _notify_loop /usr/lib/python2.7/site-packages/neutron_lib/callbacks/manager.py:167
2018-09-14 03:36:35.583 20598 DEBUG neutron.wsgi [-] (20598) accepted ('10.0.20.23', 46352) server /usr/lib/python2.7/site-packages/eventlet/wsgi.py:883
2018-09-14 03:36:35.587 20598 INFO neutron.wsgi [-] 10.0.20.23 "GET / HTTP/1.1" status: 200  len: 252 time: 0.0022759
2018-09-14 03:36:35.703 20613 DEBUG neutron_lib.callbacks.manager [req-9c618aa2-38dc-4f71-ac57-4e1f2c1e35cc - - - - -] Notify callbacks ['neutron.services.segments.db._update_segment_host_mapping_for_agent--9223363263673957304'] for agent, after_update _notify_loop /usr/lib/python2.7/site-packages/neutron_lib/callbacks/manager.py:167
2018-09-14 03:36:36.117 20598 INFO neutron.api.v2.resource [req-f6fd41f0-b959-40c4-846d-5fddc5010402 49c5965bdd474adcbe823058e9719937 d8aec8efc6934c1d9312e9b0f57c9424 - a57d88c3b446420eb496a486b79c565b a57d88c3b446420eb496a486b79c565b] show failed (client error): The resource could not be found.
2018-09-14 03:36:36.119 20598 INFO neutron.wsgi [req-f6fd41f0-b959-40c4-846d-5fddc5010402 49c5965bdd474adcbe823058e9719937 d8aec8efc6934c1d9312e9b0f57c9424 - a57d88c3b446420eb496a486b79c565b a57d88c3b446420eb496a486b79c565b] 10.0.20.23 "GET /v2.0/floatingips/172.24.4.7 HTTP/1.1" status: 404  len: 324 time: 0.5269301
2018-09-14 03:36:36.155 20598 INFO neutron.wsgi [req-ef23e824-6763-49ee-aa17-de3882f97a48 49c5965bdd474adcbe823058e9719937 d8aec8efc6934c1d9312e9b0f57c9424 - a57d88c3b446420eb496a486b79c565b a57d88c3b446420eb496a486b79c565b] 10.0.20.23 "GET /v2.0/floatingips HTTP/1.1" status: 200  len: 1206 time: 0.0314200
2018-09-14 03:36:36.219 20598 DEBUG neutron.plugins.ml2.plugin [req-c79aab0a-2ecb-45ec-9ba9-4c81d47bc426 49c5965bdd474adcbe823058e9719937 d8aec8efc6934c1d9312e9b0f57c9424 - a57d88c3b446420eb496a486b79c565b a57d88c3b446420eb496a486b79c565b] Deleting port 3d13931e-6bcc-49b1-a5d5-88ba0991ebd0 _pre_delete_port /usr/lib/python2.7/site-packages/neutron/plugins/ml2/plugin.py:915
2018-09-14 03:36:36.220 20598 DEBUG neutron_lib.callbacks.manager [req-c79aab0a-2ecb-45ec-9ba9-4c81d47bc426 49c5965bdd474adcbe823058e9719937 d8aec8efc6934c1d9312e9b0f57c9424 - a57d88c3b446420eb496a486b79c565b a57d88c3b446420eb496a486b79c565b] Notify callbacks ['neutron.db.l3_db._prevent_l3_port_delete_callback-8773181025285'] for port, before_delete _notify_loop /usr/lib/python2.7/site-packages/neutron_lib/callbacks/manager.py:167
2018-09-14 03:36:36.570 20598 DEBUG neutron.plugins.ml2.plugin [req-c79aab0a-2ecb-45ec-9ba9-4c81d47bc426 49c5965bdd474adcbe823058e9719937 d8aec8efc6934c1d9312e9b0f57c9424 - a57d88c3b446420eb496a486b79c565b a57d88c3b446420eb496a486b79c565b] Calling delete_port for 3d13931e-6bcc-49b1-a5d5-88ba0991ebd0 owned by network:floatingip delete_port /usr/lib/python2.7/site-packages/neutron/plugins/ml2/plugin.py:955
2018-09-14 03:36:36.856 20598 DEBUG neutron_lib.callbacks.manager [req-c79aab0a-2ecb-45ec-9ba9-4c81d47bc426 49c5965bdd474adcbe823058e9719937 d8aec8efc6934c1d9312e9b0f57c9424 - a57d88c3b446420eb496a486b79c565b a57d88c3b446420eb496a486b79c565b] Notify callbacks ['neutron.api.rpc.agentnotifiers.dhcp_rpc_agent_api.DhcpAgentNotifyAPI._native_event_send_dhcp_notification--9223372036853332297', 'neutron.db.l3_dvrscheduler_db._notify_port_delete-8773180485546', 'neutron.plugins.ml2.plugin.Ml2Plugin.notify_sg_on_port_change--9223372036854300527', 'neutron.plugins.ml2.ovo_rpc._ObjectChangeHandler.handle_event--9223372036853171932', 'neutron.db.l3_db._notify_routers_callback-8773181028567'] for port, after_delete _notify_loop /usr/lib/python2.7/site-packages/neutron_lib/callbacks/manager.py:167
2018-09-14 03:36:37.182 20598 DEBUG oslo_concurrency.lockutils [-] Lock "event-dispatch" acquired by "neutron.plugins.ml2.ovo_rpc.dispatch_events" :: waited 0.000s inner /usr/lib/python2.7/site-packages/oslo_concurrency/lockutils.py:270
2018-09-14 03:36:37.266 20598 DEBUG neutron.api.rpc.handlers.resources_rpc [req-c79aab0a-2ecb-45ec-9ba9-4c81d47bc426 49c5965bdd474adcbe823058e9719937 d8aec8efc6934c1d9312e9b0f57c9424 - - -] neutron.api.rpc.handlers.resources_rpc.ResourcesPushRpcApi method push called with arguments (<neutron_lib.context.Context object at 0x7faaa3d74190>, [Port(admin_state_up=<?>,allowed_address_pairs=<?>,binding=<?>,binding_levels=<?>,created_at=<?>,data_plane_status=<?>,description=<?>,device_id=<?>,device_owner=<?>,dhcp_options=<?>,distributed_binding=<?>,dns=<?>,fixed_ips=<?>,id=3d13931e-6bcc-49b1-a5d5-88ba0991ebd0,mac_address=<?>,name=<?>,network_id=<?>,project_id=<?>,qos_policy_id=None,revision_number=<?>,security=<?>,security_group_ids=None,status=<?>,updated_at=<?>)], 'deleted') {} wrapper /usr/lib/python2.7/site-packages/oslo_log/helpers.py:66
2018-09-14 03:36:37.368 20598 DEBUG neutron.api.rpc.callbacks.version_manager [req-c79aab0a-2ecb-45ec-9ba9-4c81d47bc426 49c5965bdd474adcbe823058e9719937 d8aec8efc6934c1d9312e9b0f57c9424 - - -] Version for resource type Subnet changed None to 1.0 on consumer Open vSwitch agent@localhost.localdomain _set_version /usr/lib/python2.7/site-packages/neutron/api/rpc/callbacks/version_manager.py:119
2018-09-14 03:36:37.369 20598 DEBUG neutron.api.rpc.callbacks.version_manager [req-c79aab0a-2ecb-45ec-9ba9-4c81d47bc426 49c5965bdd474adcbe823058e9719937 d8aec8efc6934c1d9312e9b0f57c9424 - - -] Version for resource type Network changed None to 1.0 on consumer Open vSwitch agent@localhost.localdomain _set_version /usr/lib/python2.7/site-packages/neutron/api/rpc/callbacks/version_manager.py:119
2018-09-14 03:36:37.369 20598 DEBUG neutron.api.rpc.callbacks.version_manager [req-c79aab0a-2ecb-45ec-9ba9-4c81d47bc426 49c5965bdd474adcbe823058e9719937 d8aec8efc6934c1d9312e9b0f57c9424 - - -] Version for resource type SubPort changed None to 1.0 on consumer Open vSwitch agent@localhost.localdomain _set_version /usr/lib/python2.7/site-packages/neutron/api/rpc/callbacks/version_manager.py:119
2018-09-14 03:36:37.370 20598 DEBUG neutron.api.rpc.callbacks.version_manager [req-c79aab0a-2ecb-45ec-9ba9-4c81d47bc426 49c5965bdd474adcbe823058e9719937 d8aec8efc6934c1d9312e9b0f57c9424 - - -] Version for resource type SecurityGroup changed None to 1.0 on consumer Open vSwitch agent@localhost.localdomain _set_version /usr/lib/python2.7/site-packages/neutron/api/rpc/callbacks/version_manager.py:119
2018-09-14 03:36:37.371 20598 DEBUG neutron.api.rpc.callbacks.version_manager [req-c79aab0a-2ecb-45ec-9ba9-4c81d47bc426 49c5965bdd474adcbe823058e9719937 d8aec8efc6934c1d9312e9b0f57c9424 - - -] Version for resource type SecurityGroupRule changed None to 1.0 on consumer Open vSwitch agent@localhost.localdomain _set_version /usr/lib/python2.7/site-packages/neutron/api/rpc/callbacks/version_manager.py:119
2018-09-14 03:36:37.372 20598 DEBUG neutron.api.rpc.callbacks.version_manager [req-c79aab0a-2ecb-45ec-9ba9-4c81d47bc426 49c5965bdd474adcbe823058e9719937 d8aec8efc6934c1d9312e9b0f57c9424 - - -] Version for resource type Trunk changed None to 1.1 on consumer Open vSwitch agent@localhost.localdomain _set_version /usr/lib/python2.7/site-packages/neutron/api/rpc/callbacks/version_manager.py:119
2018-09-14 03:36:37.373 20598 DEBUG neutron.api.rpc.callbacks.version_manager [req-c79aab0a-2ecb-45ec-9ba9-4c81d47bc426 49c5965bdd474adcbe823058e9719937 d8aec8efc6934c1d9312e9b0f57c9424 - - -] Version for resource type QosPolicy changed None to 1.6 on consumer Open vSwitch agent@localhost.localdomain _set_version /usr/lib/python2.7/site-packages/neutron/api/rpc/callbacks/version_manager.py:119
2018-09-14 03:36:37.373 20598 DEBUG neutron.api.rpc.callbacks.version_manager [req-c79aab0a-2ecb-45ec-9ba9-4c81d47bc426 49c5965bdd474adcbe823058e9719937 d8aec8efc6934c1d9312e9b0f57c9424 - - -] Version for resource type Port changed None to 1.1 on consumer Open vSwitch agent@localhost.localdomain _set_version /usr/lib/python2.7/site-packages/neutron/api/rpc/callbacks/version_manager.py:119
2018-09-14 03:36:37.374 20598 DEBUG neutron.api.rpc.callbacks.version_manager [req-c79aab0a-2ecb-45ec-9ba9-4c81d47bc426 49c5965bdd474adcbe823058e9719937 d8aec8efc6934c1d9312e9b0f57c9424 - - -] Version for resource type Log changed None to 1.0 on consumer Open vSwitch agent@localhost.localdomain _set_version /usr/lib/python2.7/site-packages/neutron/api/rpc/callbacks/version_manager.py:119
2018-09-14 03:36:37.430 20598 DEBUG oslo_concurrency.lockutils [req-c79aab0a-2ecb-45ec-9ba9-4c81d47bc426 49c5965bdd474adcbe823058e9719937 d8aec8efc6934c1d9312e9b0f57c9424 - - -] Lock "event-dispatch" released by "neutron.plugins.ml2.ovo_rpc.dispatch_events" :: held 0.248s inner /usr/lib/python2.7/site-packages/oslo_concurrency/lockutils.py:282
2018-09-14 03:36:37.652 20598 DEBUG neutron.scheduler.l3_agent_scheduler [req-c79aab0a-2ecb-45ec-9ba9-4c81d47bc426 49c5965bdd474adcbe823058e9719937 d8aec8efc6934c1d9312e9b0f57c9424 - a57d88c3b446420eb496a486b79c565b a57d88c3b446420eb496a486b79c565b] Router 279c4160-d017-4335-b6a5-b9a9e29e74c5 has already been hosted by L3 agent 3a7d0172-8068-4b92-83e9-dfd9fc41c250 _get_candidates /usr/lib/python2.7/site-packages/neutron/scheduler/l3_agent_scheduler.py:141
2018-09-14 03:36:37.794 20598 DEBUG neutron.api.rpc.agentnotifiers.l3_rpc_agent_api [req-c79aab0a-2ecb-45ec-9ba9-4c81d47bc426 49c5965bdd474adcbe823058e9719937 d8aec8efc6934c1d9312e9b0f57c9424 - a57d88c3b446420eb496a486b79c565b a57d88c3b446420eb496a486b79c565b] Notify agent at l3_agent.localhost.localdomain the message routers_updated _agent_notification /usr/lib/python2.7/site-packages/neutron/api/rpc/agentnotifiers/l3_rpc_agent_api.py:69
2018-09-14 03:36:37.822 20598 DEBUG neutron.quota.resource [req-c79aab0a-2ecb-45ec-9ba9-4c81d47bc426 49c5965bdd474adcbe823058e9719937 d8aec8efc6934c1d9312e9b0f57c9424 - a57d88c3b446420eb496a486b79c565b a57d88c3b446420eb496a486b79c565b] Persisted dirty status for tenant:d8aec8efc6934c1d9312e9b0f57c9424 on resource:floatingip mark_dirty /usr/lib/python2.7/site-packages/neutron/quota/resource.py:207
2018-09-14 03:36:37.831 20614 DEBUG neutron.db.l3_hamode_db [req-65a30cc3-494a-4fe8-aa31-fa9a4107fb34 - - - - -] neutron.services.l3_router.l3_router_plugin.L3RouterPlugin method get_ha_sync_data_for_host called with arguments (<neutron_lib.context.Context object at 0x7faaa4390f10>, u'localhost.localdomain', <neutron.db.models.agent.Agent[object at 7faaa4137f50] {id=u'3a7d0172-8068-4b92-83e9-dfd9fc41c250', agent_type=u'L3 agent', binary=u'neutron-l3-agent', topic=u'l3_agent', host=u'localhost.localdomain', availability_zone=u'nova', admin_state_up=True, created_at=datetime.datetime(2018, 9, 12, 22, 24), started_at=datetime.datetime(2018, 9, 14, 7, 13, 5), heartbeat_timestamp=datetime.datetime(2018, 9, 14, 7, 36, 34), description=None, configurations=u'{"agent_mode": "legacy", "gateway_external_network_id": "", "handle_internal_only_routers": true, "routers": 2, "interfaces": 2, "floating_ips": 1, "interface_driver": "neutron.agent.linux.interface.OVSInterfaceDriver", "log_agent_heartbeats": false, "external_network_bridge": "", "ex_gw_ports": 2}', resource_versions=None, load=0}>) {'active': True, 'router_ids': ['279c4160-d017-4335-b6a5-b9a9e29e74c5']} wrapper /usr/lib/python2.7/site-packages/oslo_log/helpers.py:66
2018-09-14 03:36:37.832 20598 DEBUG neutron.quota.resource [req-c79aab0a-2ecb-45ec-9ba9-4c81d47bc426 49c5965bdd474adcbe823058e9719937 d8aec8efc6934c1d9312e9b0f57c9424 - a57d88c3b446420eb496a486b79c565b a57d88c3b446420eb496a486b79c565b] Persisted dirty status for tenant: on resource:port mark_dirty /usr/lib/python2.7/site-packages/neutron/quota/resource.py:207
2018-09-14 03:36:37.838 20598 DEBUG neutron_lib.callbacks.manager [req-c79aab0a-2ecb-45ec-9ba9-4c81d47bc426 49c5965bdd474adcbe823058e9719937 d8aec8efc6934c1d9312e9b0f57c9424 - a57d88c3b446420eb496a486b79c565b a57d88c3b446420eb496a486b79c565b] Notify callbacks ['neutron.notifiers.nova.Notifier._send_nova_notification--9223372036854647859'] for floatingip, before_response _notify_loop /usr/lib/python2.7/site-packages/neutron_lib/callbacks/manager.py:167
2018-09-14 03:36:38.220 20598 INFO neutron.wsgi [req-c79aab0a-2ecb-45ec-9ba9-4c81d47bc426 49c5965bdd474adcbe823058e9719937 d8aec8efc6934c1d9312e9b0f57c9424 - a57d88c3b446420eb496a486b79c565b a57d88c3b446420eb496a486b79c565b] 10.0.20.23 "DELETE /v2.0/floatingips/591237d5-258c-41f6-a533-33d4e164fa75 HTTP/1.1" status: 204  len: 173 time: 2.0556309
2018-09-14 03:36:38.221 20598 DEBUG oslo_concurrency.lockutils [-] Lock "notifier-353dbb28-d152-432f-8111-ff7d4523fcb5" acquired by "neutron.notifiers.batch_notifier.synced_send" :: waited 0.000s inner /usr/lib/python2.7/site-packages/oslo_concurrency/lockutils.py:270
2018-09-14 03:36:38.222 20598 DEBUG neutron.notifiers.nova [-] Sending events: [{'tag': u'74b34f1c-04ce-4589-8b50-28800b2ce4e5', 'name': 'network-changed', 'server_uuid': u'b4e1771d-ff04-4204-959b-4e4b04cd1857'}] send_events /usr/lib/python2.7/site-packages/neutron/notifiers/nova.py:242
2018-09-14 03:36:38.549 20614 DEBUG neutron.db.l3_hamode_db [req-65a30cc3-494a-4fe8-aa31-fa9a4107fb34 - - - - -] neutron.services.l3_router.l3_router_plugin.L3RouterPlugin method _process_sync_ha_data called with arguments (<neutron_lib.context.Context object at 0x7faaa4390f10>, [{'status': u'ACTIVE', '_interfaces': [{'status': u'ACTIVE', 'subnets': [{'dns_nameservers': [u'8.8.4.4'], 'ipv6_ra_mode': None, 'gateway_ip': u'11.33.1.1', 'cidr': u'11.33.1.0/24', 'id': u'e69fc77f-fe01-4b8e-b24a-10bb67e6b3fa', 'subnetpool_id': None}], 'binding:host_id': u'localhost.localdomain', 'description': u'', 'allowed_address_pairs': [], 'tags': [], 'extra_dhcp_opts': [], 'updated_at': '2018-09-14T07:32:39Z', 'device_owner': u'network:router_interface', 'revision_number': 7, 'port_security_enabled': False, 'binding:profile': {}, 'mtu': 1450, 'fixed_ips': [{'subnet_id': u'e69fc77f-fe01-4b8e-b24a-10bb67e6b3fa', 'prefixlen': 24, 'ip_address': u'11.33.1.1'}], 'id': u'df83bcef-3213-4c5e-baae-1d4e79415bc3', 'security_groups': [], 'device_id': u'279c4160-d017-4335-b6a5-b9a9e29e74c5', 'name': u'', 'admin_state_up': True, 'network_id': u'9c0f1cf0-5be5-4a19-93c0-aef39438ea71', 'tenant_id': u'd8aec8efc6934c1d9312e9b0f57c9424', 'binding:vif_details': {u'port_filter': True, u'datapath_type': u'system', u'ovs_hybrid_plug': True}, 'address_scopes': {4: None, 6: None}, 'binding:vnic_type': u'normal', 'binding:vif_type': u'ovs', 'mac_address': u'fa:16:3e:12:cd:00', 'project_id': u'd8aec8efc6934c1d9312e9b0f57c9424', 'extra_subnets': [], 'created_at': '2018-09-14T07:32:31Z'}], 'enable_snat': True, 'ha_vr_id': 0, 'description': u'', 'tags': [], 'gw_port': {'status': u'ACTIVE', 'subnets': [{'dns_nameservers': [], 'ipv6_ra_mode': None, 'gateway_ip': u'172.24.4.1', 'cidr': u'172.24.4.0/24', 'id': u'997c6fe9-dc25-4cff-8564-acd631d97bd5', 'subnetpool_id': None}], 'binding:host_id': u'localhost.localdomain', 'description': u'', 'allowed_address_pairs': [], 'tags': [], 'extra_dhcp_opts': [], 'updated_at': '2018-09-14T07:32:51Z', 'device_owner': u'network:router_gateway', 'revision_number': 6, 'port_security_enabled': False, 'binding:profile': {}, 'mtu': 1500, 'fixed_ips': [{'subnet_id': u'997c6fe9-dc25-4cff-8564-acd631d97bd5', 'prefixlen': 24, 'ip_address': u'172.24.4.4'}], 'id': u'e9a0103d-696f-466a-8c91-0a6efd31b9c1', 'security_groups': [], 'device_id': u'279c4160-d017-4335-b6a5-b9a9e29e74c5', 'name': u'', 'admin_state_up': True, 'network_id': u'990b4ddf-dd04-44e0-920c-02fce451b987', 'tenant_id': u'', 'binding:vif_details': {u'port_filter': True, u'datapath_type': u'system', u'ovs_hybrid_plug': True}, 'address_scopes': {4: None, 6: None}, 'binding:vnic_type': u'normal', 'binding:vif_type': u'ovs', 'mac_address': u'fa:16:3e:0a:8e:8d', 'project_id': u'', 'extra_subnets': [], 'created_at': '2018-09-14T07:32:43Z'}, 'updated_at': '2018-09-14T07:32:45Z', 'revision_number': 4, 'ha': False, 'id': u'279c4160-d017-4335-b6a5-b9a9e29e74c5', 'gw_port_host': u'localhost.localdomain', 'external_gateway_info': {'network_id': u'990b4ddf-dd04-44e0-920c-02fce451b987', 'enable_snat': True, 'external_fixed_ips': [{'subnet_id': u'997c6fe9-dc25-4cff-8564-acd631d97bd5', 'ip_address': u'172.24.4.4'}]}, 'availability_zone_hints': [], 'availability_zones': [u'nova'], 'name': u'tempest-router-1536910177', 'gw_port_id': u'e9a0103d-696f-466a-8c91-0a6efd31b9c1', 'admin_state_up': True, 'tenant_id': u'd8aec8efc6934c1d9312e9b0f57c9424', 'created_at': '2018-09-14T07:32:12Z', 'distributed': False, 'flavor_id': None, 'routes': [], 'project_id': u'd8aec8efc6934c1d9312e9b0f57c9424'}], u'localhost.localdomain', False) {} wrapper /usr/lib/python2.7/site-packages/oslo_log/helpers.py:66
2018-09-14 03:36:38.561 20614 DEBUG neutron.api.rpc.handlers.l3_rpc [req-65a30cc3-494a-4fe8-aa31-fa9a4107fb34 - - - - -] Checking router: 279c4160-d017-4335-b6a5-b9a9e29e74c5 for host: localhost.localdomain _ensure_host_set_on_ports /usr/lib/python2.7/site-packages/neutron/api/rpc/handlers/l3_rpc.py:135
2018-09-14 03:36:38.764 20608 DEBUG neutron.api.rpc.handlers.l3_rpc [req-7f581e92-cb26-40a2-8a66-59ebab11dcb4 - - - - -] New status for floating IP 591237d5-258c-41f6-a533-33d4e164fa75: DOWN update_floatingip_statuses /usr/lib/python2.7/site-packages/neutron/api/rpc/handlers/l3_rpc.py:252
2018-09-14 03:36:39.282 20598 DEBUG novaclient.v2.client [-] REQ: curl -g -i -X POST http://10.0.20.23:8774/v2.1/368f193974e14846a186e2cbdb34d110/os-server-external-events -H "User-Agent: python-novaclient" -H "Content-Type: application/json" -H "Accept: application/json" -H "X-OpenStack-Nova-API-Version: 2.1" -H "X-Auth-Token: {SHA1}721ede5df3c0f7afe80c09a9eb610a0afb454ae1" -d '{"events": [{"tag": "74b34f1c-04ce-4589-8b50-28800b2ce4e5", "name": "network-changed", "server_uuid": "b4e1771d-ff04-4204-959b-4e4b04cd1857"}]}' _http_log_request /usr/lib/python2.7/site-packages/keystoneauth1/session.py:375
2018-09-14 03:36:39.923 20598 DEBUG novaclient.v2.client [-] RESP: [200] Content-Length: 179 Content-Type: application/json Openstack-Api-Version: compute 2.1 X-Openstack-Nova-Api-Version: 2.1 Vary: OpenStack-API-Version, X-OpenStack-Nova-API-Version X-Openstack-Request-Id: req-b4a65b5a-75d0-4ec1-be82-198cd482f6e6 X-Compute-Request-Id: req-b4a65b5a-75d0-4ec1-be82-198cd482f6e6 Date: Fri, 14 Sep 2018 07:36:39 GMT Connection: keep-alive 
RESP BODY: {"events": [{"status": "completed", "tag": "74b34f1c-04ce-4589-8b50-28800b2ce4e5", "name": "network-changed", "server_uuid": "b4e1771d-ff04-4204-959b-4e4b04cd1857", "code": 200}]}
 _http_log_response /usr/lib/python2.7/site-packages/keystoneauth1/session.py:423
2018-09-14 03:36:39.924 20598 DEBUG novaclient.v2.client [-] POST call to compute for http://10.0.20.23:8774/v2.1/368f193974e14846a186e2cbdb34d110/os-server-external-events used request id req-b4a65b5a-75d0-4ec1-be82-198cd482f6e6 request /usr/lib/python2.7/site-packages/keystoneauth1/session.py:727
2018-09-14 03:36:39.938 20598 INFO neutron.notifiers.nova [-] Nova event response: {u'status': u'completed', u'tag': u'74b34f1c-04ce-4589-8b50-28800b2ce4e5', u'name': u'network-changed', u'server_uuid': u'b4e1771d-ff04-4204-959b-4e4b04cd1857', u'code': 200}
2018-09-14 03:36:40.104 20602 INFO neutron.wsgi [req-ab4de847-c48d-4fc2-9e57-23fbd8a8d308 10c05a22cea847f7a42d788fe8f1cd2e 368f193974e14846a186e2cbdb34d110 - default default] 10.0.20.23 "GET /v2.0/ports?tenant_id=d8aec8efc6934c1d9312e9b0f57c9424&device_id=b4e1771d-ff04-4204-959b-4e4b04cd1857 HTTP/1.1" status: 200  len: 1123 time: 0.1201620
2018-09-14 03:36:40.382 20602 DEBUG neutron.pecan_wsgi.hooks.policy_enforcement [req-104754de-69dc-4f51-b082-07583e21b137 10c05a22cea847f7a42d788fe8f1cd2e 368f193974e14846a186e2cbdb34d110 - default default] Attributes excluded by policy engine: [u'vlan_transparent'] _exclude_attributes_by_policy /usr/lib/python2.7/site-packages/neutron/pecan_wsgi/hooks/policy_enforcement.py:256
2018-09-14 03:36:40.385 20602 INFO neutron.wsgi [req-104754de-69dc-4f51-b082-07583e21b137 10c05a22cea847f7a42d788fe8f1cd2e 368f193974e14846a186e2cbdb34d110 - default default] 10.0.20.23 "GET /v2.0/networks?id=9c0f1cf0-5be5-4a19-93c0-aef39438ea71 HTTP/1.1" status: 200  len: 885 time: 0.2731500
2018-09-14 03:36:40.426 20602 INFO neutron.wsgi [req-a19cf7d5-e43a-4403-8a75-f24b790e8735 10c05a22cea847f7a42d788fe8f1cd2e 368f193974e14846a186e2cbdb34d110 - default default] 10.0.20.23 "GET /v2.0/floatingips?fixed_ip_address=11.33.1.8&port_id=74b34f1c-04ce-4589-8b50-28800b2ce4e5 HTTP/1.1" status: 200  len: 217 time: 0.0324380
2018-09-14 03:36:40.571 20602 DEBUG neutron.pecan_wsgi.hooks.policy_enforcement [req-f48c5510-0383-4afa-97c2-107cd5dcd8d9 10c05a22cea847f7a42d788fe8f1cd2e 368f193974e14846a186e2cbdb34d110 - default default] Attributes excluded by policy engine: [u'shared'] _exclude_attributes_by_policy /usr/lib/python2.7/site-packages/neutron/pecan_wsgi/hooks/policy_enforcement.py:256
2018-09-14 03:36:40.575 20602 INFO neutron.wsgi [req-f48c5510-0383-4afa-97c2-107cd5dcd8d9 10c05a22cea847f7a42d788fe8f1cd2e 368f193974e14846a186e2cbdb34d110 - default default] 10.0.20.23 "GET /v2.0/subnets?id=e69fc77f-fe01-4b8e-b24a-10bb67e6b3fa HTTP/1.1" status: 200  len: 843 time: 0.1409042
2018-09-14 03:36:40.678 20602 INFO neutron.wsgi [req-5c69d93c-2be9-403d-9234-62d9a368ba94 10c05a22cea847f7a42d788fe8f1cd2e 368f193974e14846a186e2cbdb34d110 - default default] 10.0.20.23 "GET /v2.0/ports?network_id=9c0f1cf0-5be5-4a19-93c0-aef39438ea71&device_owner=network%3Adhcp HTTP/1.1" status: 200  len: 1127 time: 0.0969141
2018-09-14 03:36:41.940 20598 DEBUG oslo_concurrency.lockutils [-] Lock "notifier-353dbb28-d152-432f-8111-ff7d4523fcb5" released by "neutron.notifiers.batch_notifier.synced_send" :: held 3.719s inner /usr/lib/python2.7/site-packages/oslo_concurrency/lockutils.py:282
2018-09-14 03:36:45.293 20598 INFO neutron.wsgi [req-9b73f3fb-09c9-4b95-98c0-441b772f10c7 d5ce6e22423945b3856059aa9d9f9c35 24a4048b7dbb4950873e581bf0067256 - default default] 10.0.20.23 "GET /v2.0/ports?device_id=b4e1771d-ff04-4204-959b-4e4b04cd1857 HTTP/1.1" status: 200  len: 1123 time: 0.5839481
2018-09-14 03:36:45.407 20598 INFO neutron.wsgi [req-9228506a-665b-4aa2-b769-6dd245491683 d5ce6e22423945b3856059aa9d9f9c35 24a4048b7dbb4950873e581bf0067256 - default default] 10.0.20.23 "GET /v2.0/security-groups?id=df0f31d0-fe05-4781-b3f2-c94bf4ecadff HTTP/1.1" status: 200  len: 2118 time: 0.1093841
2018-09-14 03:36:49.666 20617 DEBUG neutron_lib.callbacks.manager [req-ee87130a-f5b3-4f24-a7d4-1b46df9ef00b - - - - -] Notify callbacks ['neutron.services.segments.db._update_segment_host_mapping_for_agent--9223363263673957304'] for agent, after_update _notify_loop /usr/lib/python2.7/site-packages/neutron_lib/callbacks/manager.py:167
2018-09-14 03:36:52.164 20598 INFO neutron.wsgi [req-3bfdd1e2-5ceb-498a-8bf7-c93aad80d458 d5ce6e22423945b3856059aa9d9f9c35 24a4048b7dbb4950873e581bf0067256 - default default] 10.0.20.23 "GET /v2.0/ports?device_id=b4e1771d-ff04-4204-959b-4e4b04cd1857 HTTP/1.1" status: 200  len: 1123 time: 0.5828402
2018-09-14 03:36:52.287 20598 INFO neutron.wsgi [req-8ace1394-4dfd-4e2e-9546-cbac251973b2 d5ce6e22423945b3856059aa9d9f9c35 24a4048b7dbb4950873e581bf0067256 - default default] 10.0.20.23 "GET /v2.0/security-groups?id=df0f31d0-fe05-4781-b3f2-c94bf4ecadff HTTP/1.1" status: 200  len: 2118 time: 0.1156750
