2018-06-26 06:14:56.012 26773 DEBUG oslo_concurrency.lockutils [req-4572da6c-4791-4d56-8b72-1b71af8c6b67 49bb89a64f66424a80d4494894cbe823 9971f718d57646b5911207d71a86f03e - - -] Lock "event-dispatch" released by "neutron.plugins.ml2.ovo_rpc.dispatch_events" :: held 0.246s inner /usr/lib/python2.7/site-packages/oslo_concurrency/lockutils.py:282
2018-06-26 06:14:56.638 26773 DEBUG neutron.scheduler.l3_agent_scheduler [req-4572da6c-4791-4d56-8b72-1b71af8c6b67 49bb89a64f66424a80d4494894cbe823 9971f718d57646b5911207d71a86f03e - 3dfc3b73897a414c81968154a7e73ffd 3dfc3b73897a414c81968154a7e73ffd] Router c69800f6-adc5-4c27-84a9-627e90da6361 has already been hosted by L3 agent 9de63611-f1b0-4194-a76c-11d015d282db _get_candidates /usr/lib/python2.7/site-packages/neutron/scheduler/l3_agent_scheduler.py:141
2018-06-26 06:14:56.868 26773 DEBUG neutron.api.rpc.agentnotifiers.l3_rpc_agent_api [req-4572da6c-4791-4d56-8b72-1b71af8c6b67 49bb89a64f66424a80d4494894cbe823 9971f718d57646b5911207d71a86f03e - 3dfc3b73897a414c81968154a7e73ffd 3dfc3b73897a414c81968154a7e73ffd] Notify agent at l3_agent.localhost.localdomain the message routers_updated _agent_notification /usr/lib/python2.7/site-packages/neutron/api/rpc/agentnotifiers/l3_rpc_agent_api.py:69
2018-06-26 06:14:56.895 26773 DEBUG neutron.quota.resource [req-4572da6c-4791-4d56-8b72-1b71af8c6b67 49bb89a64f66424a80d4494894cbe823 9971f718d57646b5911207d71a86f03e - 3dfc3b73897a414c81968154a7e73ffd 3dfc3b73897a414c81968154a7e73ffd] Persisted dirty status for tenant:9971f718d57646b5911207d71a86f03e on resource:floatingip mark_dirty /usr/lib/python2.7/site-packages/neutron/quota/resource.py:207
2018-06-26 06:14:56.910 26773 DEBUG neutron.quota.resource [req-4572da6c-4791-4d56-8b72-1b71af8c6b67 49bb89a64f66424a80d4494894cbe823 9971f718d57646b5911207d71a86f03e - 3dfc3b73897a414c81968154a7e73ffd 3dfc3b73897a414c81968154a7e73ffd] Persisted dirty status for tenant: on resource:port mark_dirty /usr/lib/python2.7/site-packages/neutron/quota/resource.py:207
2018-06-26 06:14:56.921 26773 DEBUG neutron_lib.callbacks.manager [req-4572da6c-4791-4d56-8b72-1b71af8c6b67 49bb89a64f66424a80d4494894cbe823 9971f718d57646b5911207d71a86f03e - 3dfc3b73897a414c81968154a7e73ffd 3dfc3b73897a414c81968154a7e73ffd] Notify callbacks ['neutron.notifiers.nova.Notifier._send_nova_notification--9223372036854517288'] for floatingip, before_response _notify_loop /usr/lib/python2.7/site-packages/neutron_lib/callbacks/manager.py:167
2018-06-26 06:14:56.933 26774 DEBUG neutron.db.l3_hamode_db [req-56302383-6e35-44e6-9d68-0b208ef7befd - - - - -] neutron.services.l3_router.l3_router_plugin.L3RouterPlugin method get_ha_sync_data_for_host called with arguments (<neutron_lib.context.Context object at 0x7f5bb8884310>, u'localhost.localdomain', <neutron.db.models.agent.Agent[object at 7f5bb89d3e10] {id=u'9de63611-f1b0-4194-a76c-11d015d282db', agent_type=u'L3 agent', binary=u'neutron-l3-agent', topic=u'l3_agent', host=u'localhost.localdomain', availability_zone=u'nova', admin_state_up=True, created_at=datetime.datetime(2018, 6, 7, 12, 43, 41), started_at=datetime.datetime(2018, 6, 26, 3, 52, 30), heartbeat_timestamp=datetime.datetime(2018, 6, 26, 4, 14, 30), description=None, configurations=u'{"agent_mode": "legacy", "gateway_external_network_id": "", "handle_internal_only_routers": true, "routers": 3, "interfaces": 3, "floating_ips": 1, "interface_driver": "neutron.agent.linux.interface.OVSInterfaceDriver", "log_agent_heartbeats": false, "external_network_bridge": "", "ex_gw_ports": 3}', resource_versions=None, load=0}>) {'active': True, 'router_ids': ['c69800f6-adc5-4c27-84a9-627e90da6361']} wrapper /usr/lib/python2.7/site-packages/oslo_log/helpers.py:66
2018-06-26 06:14:57.036 26773 INFO neutron.wsgi [req-4572da6c-4791-4d56-8b72-1b71af8c6b67 49bb89a64f66424a80d4494894cbe823 9971f718d57646b5911207d71a86f03e - 3dfc3b73897a414c81968154a7e73ffd 3dfc3b73897a414c81968154a7e73ffd] 10.0.20.25 "DELETE /v2.0/floatingips/678fe095-9697-400f-b155-a3ee0aa81837 HTTP/1.1" status: 204  len: 173 time: 2.6357892
2018-06-26 06:14:57.038 26773 DEBUG oslo_concurrency.lockutils [-] Lock "notifier-56cc5335-88dd-42b6-bb2e-1fc49a63f5a8" acquired by "neutron.notifiers.batch_notifier.synced_send" :: waited 0.000s inner /usr/lib/python2.7/site-packages/oslo_concurrency/lockutils.py:270
2018-06-26 06:14:57.039 26773 DEBUG neutron.notifiers.nova [-] Sending events: [{'tag': u'1f28e232-66ed-4c0c-97c5-57507221cbdf', 'name': 'network-changed', 'server_uuid': u'e01631fe-00e3-4a70-8639-40b10cd50756'}] send_events /usr/lib/python2.7/site-packages/neutron/notifiers/nova.py:242
2018-06-26 06:14:57.836 26774 DEBUG neutron.db.l3_hamode_db [req-56302383-6e35-44e6-9d68-0b208ef7befd - - - - -] neutron.services.l3_router.l3_router_plugin.L3RouterPlugin method _process_sync_ha_data called with arguments (<neutron_lib.context.Context object at 0x7f5bb8884310>, [{'status': u'ACTIVE', '_interfaces': [{'status': u'ACTIVE', 'subnets': [{'dns_nameservers': [u'8.8.4.4'], 'ipv6_ra_mode': None, 'gateway_ip': u'11.60.1.1', 'cidr': u'11.60.1.0/24', 'id': u'41422801-c54a-4b5a-93e2-020de509c8aa', 'subnetpool_id': None}], 'binding:host_id': u'localhost.localdomain', 'description': u'', 'allowed_address_pairs': [], 'tags': [], 'extra_dhcp_opts': [], 'updated_at': '2018-06-26T04:09:55Z', 'device_owner': u'network:router_interface', 'revision_number': 7, 'port_security_enabled': False, 'binding:profile': {}, 'mtu': 1450, 'fixed_ips': [{'subnet_id': u'41422801-c54a-4b5a-93e2-020de509c8aa', 'prefixlen': 24, 'ip_address': u'11.60.1.1'}], 'id': u'7920ed89-d3b1-4c37-8d7f-78f639f3881a', 'security_groups': [], 'device_id': u'c69800f6-adc5-4c27-84a9-627e90da6361', 'name': u'', 'admin_state_up': True, 'network_id': u'f9bec744-b3d6-4a0d-bb6f-7b9a7a49fb7d', 'tenant_id': u'9971f718d57646b5911207d71a86f03e', 'binding:vif_details': {u'port_filter': True, u'datapath_type': u'system', u'ovs_hybrid_plug': True}, 'address_scopes': {4: None, 6: None}, 'binding:vnic_type': u'normal', 'binding:vif_type': u'ovs', 'mac_address': u'fa:16:3e:24:5b:03', 'project_id': u'9971f718d57646b5911207d71a86f03e', 'extra_subnets': [], 'created_at': '2018-06-26T04:09:47Z'}], 'enable_snat': True, 'ha_vr_id': 0, 'description': u'', 'tags': [], 'gw_port': {'status': u'ACTIVE', 'subnets': [{'dns_nameservers': [], 'ipv6_ra_mode': None, 'gateway_ip': u'172.24.4.1', 'cidr': u'172.24.4.0/24', 'id': u'4c4b2f34-8d32-4a55-b583-46e460575449', 'subnetpool_id': None}], 'binding:host_id': u'localhost.localdomain', 'description': u'', 'allowed_address_pairs': [], 'tags': [], 'extra_dhcp_opts': [], 'updated_at': '2018-06-26T04:10:11Z', 'device_owner': u'network:router_gateway', 'revision_number': 6, 'port_security_enabled': False, 'binding:profile': {}, 'mtu': 1500, 'fixed_ips': [{'subnet_id': u'4c4b2f34-8d32-4a55-b583-46e460575449', 'prefixlen': 24, 'ip_address': u'172.24.4.3'}], 'id': u'f6808aef-dac7-495a-aed7-f3b4452cac9d', 'security_groups': [], 'device_id': u'c69800f6-adc5-4c27-84a9-627e90da6361', 'name': u'', 'admin_state_up': True, 'network_id': u'bccef923-8280-488c-84aa-955d7841d8ff', 'tenant_id': u'', 'binding:vif_details': {u'port_filter': True, u'datapath_type': u'system', u'ovs_hybrid_plug': True}, 'address_scopes': {4: None, 6: None}, 'binding:vnic_type': u'normal', 'binding:vif_type': u'ovs', 'mac_address': u'fa:16:3e:64:8d:0a', 'project_id': u'', 'extra_subnets': [], 'created_at': '2018-06-26T04:10:03Z'}, 'updated_at': '2018-06-26T04:10:04Z', 'revision_number': 4, 'ha': False, 'id': u'c69800f6-adc5-4c27-84a9-627e90da6361', 'gw_port_host': u'localhost.localdomain', 'external_gateway_info': {'network_id': u'bccef923-8280-488c-84aa-955d7841d8ff', 'enable_snat': True, 'external_fixed_ips': [{'subnet_id': u'4c4b2f34-8d32-4a55-b583-46e460575449', 'ip_address': u'172.24.4.3'}]}, 'availability_zone_hints': [], 'availability_zones': [u'nova'], 'name': u'tempest-router-1529986000', 'gw_port_id': u'f6808aef-dac7-495a-aed7-f3b4452cac9d', 'admin_state_up': True, 'tenant_id': u'9971f718d57646b5911207d71a86f03e', 'created_at': '2018-06-26T04:09:28Z', 'distributed': False, 'flavor_id': None, 'routes': [], 'project_id': u'9971f718d57646b5911207d71a86f03e'}], u'localhost.localdomain', False) {} wrapper /usr/lib/python2.7/site-packages/oslo_log/helpers.py:66
2018-06-26 06:14:57.853 26774 DEBUG neutron.api.rpc.handlers.l3_rpc [req-56302383-6e35-44e6-9d68-0b208ef7befd - - - - -] Checking router: c69800f6-adc5-4c27-84a9-627e90da6361 for host: localhost.localdomain _ensure_host_set_on_ports /usr/lib/python2.7/site-packages/neutron/api/rpc/handlers/l3_rpc.py:135
2018-06-26 06:14:58.091 26778 DEBUG neutron.api.rpc.handlers.l3_rpc [req-e282cd63-c84c-4ace-b71d-62e21152e40f - - - - -] New status for floating IP 678fe095-9697-400f-b155-a3ee0aa81837: DOWN update_floatingip_statuses /usr/lib/python2.7/site-packages/neutron/api/rpc/handlers/l3_rpc.py:252
2018-06-26 06:14:58.302 26773 DEBUG novaclient.v2.client [-] REQ: curl -g -i -X POST http://10.0.20.25:8774/v2.1/910acf3b84b64f358e48f506530f7cb1/os-server-external-events -H "User-Agent: python-novaclient" -H "Content-Type: application/json" -H "Accept: application/json" -H "X-OpenStack-Nova-API-Version: 2.1" -H "X-Auth-Token: {SHA1}34c293b3faa1c78ea17cdd2be26bf4d801373978" -d '{"events": [{"tag": "1f28e232-66ed-4c0c-97c5-57507221cbdf", "name": "network-changed", "server_uuid": "e01631fe-00e3-4a70-8639-40b10cd50756"}]}' _http_log_request /usr/lib/python2.7/site-packages/keystoneauth1/session.py:375
2018-06-26 06:14:59.249 26773 DEBUG novaclient.v2.client [-] RESP: [200] Content-Length: 179 Content-Type: application/json Openstack-Api-Version: compute 2.1 X-Openstack-Nova-Api-Version: 2.1 Vary: OpenStack-API-Version, X-OpenStack-Nova-API-Version X-Openstack-Request-Id: req-dbca404d-5c62-41fb-8229-d2d237a09a51 X-Compute-Request-Id: req-dbca404d-5c62-41fb-8229-d2d237a09a51 Date: Tue, 26 Jun 2018 04:14:59 GMT Connection: keep-alive 
RESP BODY: {"events": [{"status": "completed", "tag": "1f28e232-66ed-4c0c-97c5-57507221cbdf", "name": "network-changed", "server_uuid": "e01631fe-00e3-4a70-8639-40b10cd50756", "code": 200}]}
 _http_log_response /usr/lib/python2.7/site-packages/keystoneauth1/session.py:423
2018-06-26 06:14:59.250 26773 DEBUG novaclient.v2.client [-] POST call to compute for http://10.0.20.25:8774/v2.1/910acf3b84b64f358e48f506530f7cb1/os-server-external-events used request id req-dbca404d-5c62-41fb-8229-d2d237a09a51 request /usr/lib/python2.7/site-packages/keystoneauth1/session.py:727
2018-06-26 06:14:59.260 26773 INFO neutron.notifiers.nova [-] Nova event response: {u'status': u'completed', u'tag': u'1f28e232-66ed-4c0c-97c5-57507221cbdf', u'name': u'network-changed', u'server_uuid': u'e01631fe-00e3-4a70-8639-40b10cd50756', u'code': 200}
2018-06-26 06:14:59.450 26770 INFO neutron.wsgi [req-9691791b-e4bd-4c2c-b791-23a5231033f1 db7e024eefa34f0d9525ad1ee1475527 910acf3b84b64f358e48f506530f7cb1 - default default] 10.0.20.25 "GET /v2.0/ports?tenant_id=9971f718d57646b5911207d71a86f03e&device_id=e01631fe-00e3-4a70-8639-40b10cd50756 HTTP/1.1" status: 200  len: 1123 time: 0.1643231
2018-06-26 06:14:59.703 26770 DEBUG neutron.pecan_wsgi.hooks.policy_enforcement [req-e88f9acf-d5b8-4fe5-b431-61d85f45b673 db7e024eefa34f0d9525ad1ee1475527 910acf3b84b64f358e48f506530f7cb1 - default default] Attributes excluded by policy engine: [u'vlan_transparent'] _exclude_attributes_by_policy /usr/lib/python2.7/site-packages/neutron/pecan_wsgi/hooks/policy_enforcement.py:256
2018-06-26 06:14:59.706 26770 INFO neutron.wsgi [req-e88f9acf-d5b8-4fe5-b431-61d85f45b673 db7e024eefa34f0d9525ad1ee1475527 910acf3b84b64f358e48f506530f7cb1 - default default] 10.0.20.25 "GET /v2.0/networks?id=f9bec744-b3d6-4a0d-bb6f-7b9a7a49fb7d HTTP/1.1" status: 200  len: 885 time: 0.2458301
2018-06-26 06:14:59.765 26770 INFO neutron.wsgi [req-7e8d90db-0739-40bb-8794-6bdbdd81a5ab db7e024eefa34f0d9525ad1ee1475527 910acf3b84b64f358e48f506530f7cb1 - default default] 10.0.20.25 "GET /v2.0/floatingips?fixed_ip_address=11.60.1.6&port_id=1f28e232-66ed-4c0c-97c5-57507221cbdf HTTP/1.1" status: 200  len: 217 time: 0.0509539
2018-06-26 06:14:59.773 26780 DEBUG neutron_lib.callbacks.manager [req-81fb3b50-2f4f-48ce-b766-66c1e6722823 - - - - -] Notify callbacks ['neutron.services.segments.db._update_segment_host_mapping_for_agent-8751995847218'] for agent, after_update _notify_loop /usr/lib/python2.7/site-packages/neutron_lib/callbacks/manager.py:167
2018-06-26 06:14:59.783 26774 DEBUG neutron_lib.callbacks.manager [req-35d1e3d6-e337-4550-a07e-e240a4c80f67 - - - - -] Notify callbacks ['neutron.services.segments.db._update_segment_host_mapping_for_agent-8751995847218'] for agent, after_update _notify_loop /usr/lib/python2.7/site-packages/neutron_lib/callbacks/manager.py:167
2018-06-26 06:14:59.807 26775 DEBUG neutron_lib.callbacks.manager [req-9bf2aa1e-891d-4756-bc1d-8cf164e15035 - - - - -] Notify callbacks ['neutron.services.segments.db._update_segment_host_mapping_for_agent-8751995847218'] for agent, after_update _notify_loop /usr/lib/python2.7/site-packages/neutron_lib/callbacks/manager.py:167
2018-06-26 06:14:59.946 26770 DEBUG neutron.pecan_wsgi.hooks.policy_enforcement [req-bb207885-6c39-419d-b716-22fcc316c3db db7e024eefa34f0d9525ad1ee1475527 910acf3b84b64f358e48f506530f7cb1 - default default] Attributes excluded by policy engine: [u'shared'] _exclude_attributes_by_policy /usr/lib/python2.7/site-packages/neutron/pecan_wsgi/hooks/policy_enforcement.py:256
2018-06-26 06:14:59.948 26770 INFO neutron.wsgi [req-bb207885-6c39-419d-b716-22fcc316c3db db7e024eefa34f0d9525ad1ee1475527 910acf3b84b64f358e48f506530f7cb1 - default default] 10.0.20.25 "GET /v2.0/subnets?id=41422801-c54a-4b5a-93e2-020de509c8aa HTTP/1.1" status: 200  len: 843 time: 0.1745660
2018-06-26 06:15:00.083 26770 INFO neutron.wsgi [req-87211220-431a-4491-8ca7-a34cf384b4f7 db7e024eefa34f0d9525ad1ee1475527 910acf3b84b64f358e48f506530f7cb1 - default default] 10.0.20.25 "GET /v2.0/ports?network_id=f9bec744-b3d6-4a0d-bb6f-7b9a7a49fb7d&device_owner=network%3Adhcp HTTP/1.1" status: 200  len: 1127 time: 0.1266639
2018-06-26 06:15:00.347 26778 DEBUG neutron_lib.callbacks.manager [req-960252ae-fe44-40cd-b914-821eddd1c8b0 - - - - -] Notify callbacks ['neutron.services.segments.db._update_segment_host_mapping_for_agent-8751995847218'] for agent, after_update _notify_loop /usr/lib/python2.7/site-packages/neutron_lib/callbacks/manager.py:167
2018-06-26 06:15:01.261 26773 DEBUG oslo_concurrency.lockutils [-] Lock "notifier-56cc5335-88dd-42b6-bb2e-1fc49a63f5a8" released by "neutron.notifiers.batch_notifier.synced_send" :: held 4.224s inner /usr/lib/python2.7/site-packages/oslo_concurrency/lockutils.py:282
2018-06-26 06:15:05.923 26768 INFO neutron.wsgi [req-f17bbf7c-6bcd-4cf9-a25c-13816e602981 82758ee9dbed4bdf919e32bc6135cc36 f7db0ec7eef2499fb14973cea9da1187 - default default] 10.0.20.25 "GET /v2.0/ports?device_id=e01631fe-00e3-4a70-8639-40b10cd50756&device_id=ff0e7ad2-9c3d-4a95-96c1-3666d0c4dbf8 HTTP/1.1" status: 200  len: 1123 time: 0.7416379
2018-06-26 06:15:06.071 26768 INFO neutron.wsgi [req-b756ce64-a5f6-434d-b671-162da2c864f2 82758ee9dbed4bdf919e32bc6135cc36 f7db0ec7eef2499fb14973cea9da1187 - default default] 10.0.20.25 "GET /v2.0/security-groups?id=a5cf2fca-1c73-4d9c-8d17-7a66d4e40d8d HTTP/1.1" status: 200  len: 2118 time: 0.1407199
2018-06-26 06:15:10.038 26770 INFO neutron.wsgi [req-7f054c35-8d34-4fe7-8a92-c63144415433 db7e024eefa34f0d9525ad1ee1475527 910acf3b84b64f358e48f506530f7cb1 - default default] 10.0.20.25 "GET /v2.0/ports?tenant_id=9971f718d57646b5911207d71a86f03e&device_id=e01631fe-00e3-4a70-8639-40b10cd50756 HTTP/1.1" status: 200  len: 1123 time: 0.1330891
2018-06-26 06:15:10.258 26770 DEBUG neutron.pecan_wsgi.hooks.policy_enforcement [req-1d4ce532-ed48-4b3e-997b-0f46b152cb60 db7e024eefa34f0d9525ad1ee1475527 910acf3b84b64f358e48f506530f7cb1 - default default] Attributes excluded by policy engine: [u'vlan_transparent'] _exclude_attributes_by_policy /usr/lib/python2.7/site-packages/neutron/pecan_wsgi/hooks/policy_enforcement.py:256
2018-06-26 06:15:10.260 26770 INFO neutron.wsgi [req-1d4ce532-ed48-4b3e-997b-0f46b152cb60 db7e024eefa34f0d9525ad1ee1475527 910acf3b84b64f358e48f506530f7cb1 - default default] 10.0.20.25 "GET /v2.0/networks?id=f9bec744-b3d6-4a0d-bb6f-7b9a7a49fb7d HTTP/1.1" status: 200  len: 885 time: 0.2134089
2018-06-26 06:15:10.292 26770 INFO neutron.wsgi [req-e8763e16-4d41-4cb5-a7b1-822ba9388622 db7e024eefa34f0d9525ad1ee1475527 910acf3b84b64f358e48f506530f7cb1 - default default] 10.0.20.25 "GET /v2.0/floatingips?fixed_ip_address=11.60.1.6&port_id=1f28e232-66ed-4c0c-97c5-57507221cbdf HTTP/1.1" status: 200  len: 217 time: 0.0266590
2018-06-26 06:15:10.418 26770 DEBUG neutron.pecan_wsgi.hooks.policy_enforcement [req-bce458ec-c852-44ee-a1fe-9a1c666a1623 db7e024eefa34f0d9525ad1ee1475527 910acf3b84b64f358e48f506530f7cb1 - default default] Attributes excluded by policy engine: [u'shared'] _exclude_attributes_by_policy /usr/lib/python2.7/site-packages/neutron/pecan_wsgi/hooks/policy_enforcement.py:256
2018-06-26 06:15:10.420 26770 INFO neutron.wsgi [req-bce458ec-c852-44ee-a1fe-9a1c666a1623 db7e024eefa34f0d9525ad1ee1475527 910acf3b84b64f358e48f506530f7cb1 - default default] 10.0.20.25 "GET /v2.0/subnets?id=41422801-c54a-4b5a-93e2-020de509c8aa HTTP/1.1" status: 200  len: 843 time: 0.1211791
2018-06-26 06:15:10.567 26770 INFO neutron.wsgi [req-0bb802d8-3f14-4c63-b264-94cfcf5b032f db7e024eefa34f0d9525ad1ee1475527 910acf3b84b64f358e48f506530f7cb1 - default default] 10.0.20.25 "GET /v2.0/ports?network_id=f9bec744-b3d6-4a0d-bb6f-7b9a7a49fb7d&device_owner=network%3Adhcp HTTP/1.1" status: 200  len: 1127 time: 0.1392789
2018-06-26 06:15:11.444 26783 DEBUG neutron.db.agents_db [req-6c4340d6-d5e7-4031-922b-28eeeaebd666 - - - - -] Agent healthcheck: found 5 active agents agent_health_check /usr/lib/python2.7/site-packages/neutron/db/agents_db.py:281
2018-06-26 06:15:14.471 26768 INFO neutron.wsgi [req-dc758f24-e06d-4849-b794-ccbc4bcd4f7f 82758ee9dbed4bdf919e32bc6135cc36 f7db0ec7eef2499fb14973cea9da1187 - default default] 10.0.20.25 "GET /v2.0/ports?device_id=e01631fe-00e3-4a70-8639-40b10cd50756 HTTP/1.1" status: 200  len: 1123 time: 0.7104640
2018-06-26 06:15:14.625 26768 INFO neutron.wsgi [req-8a60678b-8820-49f9-bb62-444ffa0114d5 82758ee9dbed4bdf919e32bc6135cc36 f7db0ec7eef2499fb14973cea9da1187 - default default] 10.0.20.25 "GET /v2.0/security-groups?id=a5cf2fca-1c73-4d9c-8d17-7a66d4e40d8d HTTP/1.1" status: 200  len: 2118 time: 0.1458671
2018-06-26 06:15:16.797 26774 DEBUG neutron.plugins.ml2.rpc [req-2aef085f-11b0-4e24-bcca-3d6518f29a14 - - - - -] Device 1f28e232-66ed-4c0c-97c5-57507221cbdf no longer exists at agent ovs-agent-localhost.localdomain update_device_down /usr/lib/python2.7/site-packages/neutron/plugins/ml2/rpc.py:213
2018-06-26 06:15:17.090 26774 DEBUG neutron_lib.callbacks.manager [req-2aef085f-11b0-4e24-bcca-3d6518f29a14 - - - - -] Notify callbacks ['neutron.plugins.ml2.plugin.Ml2Plugin._ensure_default_security_group_handler--9223372036850862752'] for port, before_update _notify_loop /usr/lib/python2.7/site-packages/neutron_lib/callbacks/manager.py:167
2018-06-26 06:15:17.209 26774 DEBUG oslo_concurrency.lockutils [-] Lock "notifier-56cc5335-88dd-42b6-bb2e-1fc49a63f5a8" acquired by "neutron.notifiers.batch_notifier.synced_send" :: waited 0.001s inner /usr/lib/python2.7/site-packages/oslo_concurrency/lockutils.py:270
2018-06-26 06:15:17.210 26774 DEBUG neutron.notifiers.nova [-] Sending events: [{'status': 'completed', 'tag': u'1f28e232-66ed-4c0c-97c5-57507221cbdf', 'name': 'network-vif-unplugged', 'server_uuid': u'e01631fe-00e3-4a70-8639-40b10cd50756'}] send_events /usr/lib/python2.7/site-packages/neutron/notifiers/nova.py:242
2018-06-26 06:15:17.224 26774 DEBUG neutron.plugins.ml2.db [req-2aef085f-11b0-4e24-bcca-3d6518f29a14 - - - - -] For port 1f28e232-66ed-4c0c-97c5-57507221cbdf, host localhost.localdomain, got binding levels [<neutron.plugins.ml2.models.PortBindingLevel[object at 7f5bb8652650] {port_id=u'1f28e232-66ed-4c0c-97c5-57507221cbdf', host=u'localhost.localdomain', level=0, driver=u'openvswitch', segment_id=u'7c61ad05-1419-4b42-bbcc-16b1d0712b28'}>] get_binding_levels /usr/lib/python2.7/site-packages/neutron/plugins/ml2/db.py:106
2018-06-26 06:15:17.231 26774 DEBUG neutron_lib.callbacks.manager [req-2aef085f-11b0-4e24-bcca-3d6518f29a14 - - - - -] Notify callbacks ['neutron.plugins.ml2.ovo_rpc._ObjectChangeHandler.handle_event-578394', 'neutron.api.rpc.agentnotifiers.dhcp_rpc_agent_api.DhcpAgentNotifyAPI._native_event_send_dhcp_notification-700899', 'neutron.plugins.ml2.plugin.Ml2Plugin.notify_sg_on_port_change-3913181', 'neutron.db.l3_dvrscheduler_db._notify_l3_agent_port_update-8751995485143', 'neutron.db.l3_hascheduler_db._notify_l3_agent_ha_port_update--9223363284859289814'] for port, after_update _notify_loop /usr/lib/python2.7/site-packages/neutron_lib/callbacks/manager.py:167
2018-06-26 06:15:17.258 26774 DEBUG oslo_concurrency.lockutils [-] Lock "event-dispatch" acquired by "neutron.plugins.ml2.ovo_rpc.dispatch_events" :: waited 0.000s inner /usr/lib/python2.7/site-packages/oslo_concurrency/lockutils.py:270
2018-06-26 06:15:17.401 26774 DEBUG neutron.api.rpc.handlers.resources_rpc [req-2aef085f-11b0-4e24-bcca-3d6518f29a14 - - - - -] neutron.api.rpc.handlers.resources_rpc.ResourcesPushRpcApi method push called with arguments (<neutron_lib.context.Context object at 0x7f5bb85e76d0>, [Port(admin_state_up=True,allowed_address_pairs=[],binding=PortBinding,binding_levels=[PortBindingLevel],created_at=2018-06-26T04:10:28Z,data_plane_status=<?>,description='',device_id='e01631fe-00e3-4a70-8639-40b10cd50756',device_owner='compute:nova',dhcp_options=[],distributed_binding=None,dns=None,fixed_ips=[IPAllocation],id=1f28e232-66ed-4c0c-97c5-57507221cbdf,mac_address=fa:16:3e:74:6e:8c,name='',network_id=f9bec744-b3d6-4a0d-bb6f-7b9a7a49fb7d,project_id='9971f718d57646b5911207d71a86f03e',qos_policy_id=None,revision_number=9,security=PortSecurity(1f28e232-66ed-4c0c-97c5-57507221cbdf),security_group_ids=set([a5cf2fca-1c73-4d9c-8d17-7a66d4e40d8d]),status='DOWN',updated_at=2018-06-26T04:15:17Z)], 'updated') {} wrapper /usr/lib/python2.7/site-packages/oslo_log/helpers.py:66
2018-06-26 06:15:17.417 26774 DEBUG neutron.api.rpc.callbacks.version_manager [req-2aef085f-11b0-4e24-bcca-3d6518f29a14 - - - - -] Version for resource type Subnet changed None to 1.0 on consumer Open vSwitch agent@localhost.localdomain _set_version /usr/lib/python2.7/site-packages/neutron/api/rpc/callbacks/version_manager.py:119
2018-06-26 06:15:17.418 26774 DEBUG neutron.api.rpc.callbacks.version_manager [req-2aef085f-11b0-4e24-bcca-3d6518f29a14 - - - - -] Version for resource type Network changed None to 1.0 on consumer Open vSwitch agent@localhost.localdomain _set_version /usr/lib/python2.7/site-packages/neutron/api/rpc/callbacks/version_manager.py:119
2018-06-26 06:15:17.420 26774 DEBUG neutron.api.rpc.callbacks.version_manager [req-2aef085f-11b0-4e24-bcca-3d6518f29a14 - - - - -] Version for resource type SubPort changed None to 1.0 on consumer Open vSwitch agent@localhost.localdomain _set_version /usr/lib/python2.7/site-packages/neutron/api/rpc/callbacks/version_manager.py:119
2018-06-26 06:15:17.421 26774 DEBUG neutron.api.rpc.callbacks.version_manager [req-2aef085f-11b0-4e24-bcca-3d6518f29a14 - - - - -] Version for resource type SecurityGroup changed None to 1.0 on consumer Open vSwitch agent@localhost.localdomain _set_version /usr/lib/python2.7/site-packages/neutron/api/rpc/callbacks/version_manager.py:119
2018-06-26 06:15:17.422 26774 DEBUG neutron.api.rpc.callbacks.version_manager [req-2aef085f-11b0-4e24-bcca-3d6518f29a14 - - - - -] Version for resource type SecurityGroupRule changed None to 1.0 on consumer Open vSwitch agent@localhost.localdomain _set_version /usr/lib/python2.7/site-packages/neutron/api/rpc/callbacks/version_manager.py:119
2018-06-26 06:15:17.423 26774 DEBUG neutron.api.rpc.callbacks.version_manager [req-2aef085f-11b0-4e24-bcca-3d6518f29a14 - - - - -] Version for resource type Trunk changed None to 1.1 on consumer Open vSwitch agent@localhost.localdomain _set_version /usr/lib/python2.7/site-packages/neutron/api/rpc/callbacks/version_manager.py:119
2018-06-26 06:15:17.424 26774 DEBUG neutron.api.rpc.callbacks.version_manager [req-2aef085f-11b0-4e24-bcca-3d6518f29a14 - - - - -] Version for resource type QosPolicy changed None to 1.6 on consumer Open vSwitch agent@localhost.localdomain _set_version /usr/lib/python2.7/site-packages/neutron/api/rpc/callbacks/version_manager.py:119
2018-06-26 06:15:17.425 26774 DEBUG neutron.api.rpc.callbacks.version_manager [req-2aef085f-11b0-4e24-bcca-3d6518f29a14 - - - - -] Version for resource type Port changed None to 1.1 on consumer Open vSwitch agent@localhost.localdomain _set_version /usr/lib/python2.7/site-packages/neutron/api/rpc/callbacks/version_manager.py:119
2018-06-26 06:15:17.425 26774 DEBUG neutron.api.rpc.callbacks.version_manager [req-2aef085f-11b0-4e24-bcca-3d6518f29a14 - - - - -] Version for resource type Log changed None to 1.0 on consumer Open vSwitch agent@localhost.localdomain _set_version /usr/lib/python2.7/site-packages/neutron/api/rpc/callbacks/version_manager.py:119
2018-06-26 06:15:17.450 26774 DEBUG oslo_concurrency.lockutils [req-2aef085f-11b0-4e24-bcca-3d6518f29a14 - - - - -] Lock "event-dispatch" released by "neutron.plugins.ml2.ovo_rpc.dispatch_events" :: held 0.192s inner /usr/lib/python2.7/site-packages/oslo_concurrency/lockutils.py:282
2018-06-26 06:15:18.462 26774 DEBUG novaclient.v2.client [-] REQ: curl -g -i -X POST http://10.0.20.25:8774/v2.1/910acf3b84b64f358e48f506530f7cb1/os-server-external-events -H "User-Agent: python-novaclient" -H "Content-Type: application/json" -H "Accept: application/json" -H "X-OpenStack-Nova-API-Version: 2.1" -H "X-Auth-Token: {SHA1}aac2d72695441846d7bb2261d95c42aee767737e" -d '{"events": [{"status": "completed", "tag": "1f28e232-66ed-4c0c-97c5-57507221cbdf", "name": "network-vif-unplugged", "server_uuid": "e01631fe-00e3-4a70-8639-40b10cd50756"}]}' _http_log_request /usr/lib/python2.7/site-packages/keystoneauth1/session.py:375
2018-06-26 06:15:19.183 26770 INFO neutron.wsgi [req-00b7a9f9-60c3-48a3-9c25-7fbf321cb608 82758ee9dbed4bdf919e32bc6135cc36 f7db0ec7eef2499fb14973cea9da1187 - default default] 10.0.20.25 "GET /v2.0/ports?device_id=e01631fe-00e3-4a70-8639-40b10cd50756 HTTP/1.1" status: 200  len: 1121 time: 0.7426991
2018-06-26 06:15:19.193 26774 DEBUG novaclient.v2.client [-] RESP: [200] Content-Length: 185 Content-Type: application/json Openstack-Api-Version: compute 2.1 X-Openstack-Nova-Api-Version: 2.1 Vary: OpenStack-API-Version, X-OpenStack-Nova-API-Version X-Openstack-Request-Id: req-2cbea91e-cba7-456c-bb5e-d30d8757447a X-Compute-Request-Id: req-2cbea91e-cba7-456c-bb5e-d30d8757447a Date: Tue, 26 Jun 2018 04:15:19 GMT Connection: keep-alive 
RESP BODY: {"events": [{"status": "completed", "tag": "1f28e232-66ed-4c0c-97c5-57507221cbdf", "name": "network-vif-unplugged", "server_uuid": "e01631fe-00e3-4a70-8639-40b10cd50756", "code": 200}]}
 _http_log_response /usr/lib/python2.7/site-packages/keystoneauth1/session.py:423
2018-06-26 06:15:19.194 26774 DEBUG novaclient.v2.client [-] POST call to compute for http://10.0.20.25:8774/v2.1/910acf3b84b64f358e48f506530f7cb1/os-server-external-events used request id req-2cbea91e-cba7-456c-bb5e-d30d8757447a request /usr/lib/python2.7/site-packages/keystoneauth1/session.py:727
2018-06-26 06:15:19.204 26774 INFO neutron.notifiers.nova [-] Nova event response: {u'status': u'completed', u'tag': u'1f28e232-66ed-4c0c-97c5-57507221cbdf', u'name': u'network-vif-unplugged', u'server_uuid': u'e01631fe-00e3-4a70-8639-40b10cd50756', u'code': 200}
2018-06-26 06:15:19.332 26770 DEBUG neutron.plugins.ml2.plugin [req-b93164ee-e9ab-4ab9-9194-36446533d16f 82758ee9dbed4bdf919e32bc6135cc36 f7db0ec7eef2499fb14973cea9da1187 - default default] Deleting port 1f28e232-66ed-4c0c-97c5-57507221cbdf _pre_delete_port /usr/lib/python2.7/site-packages/neutron/plugins/ml2/plugin.py:1488
2018-06-26 06:15:19.333 26770 DEBUG neutron_lib.callbacks.manager [req-b93164ee-e9ab-4ab9-9194-36446533d16f 82758ee9dbed4bdf919e32bc6135cc36 f7db0ec7eef2499fb14973cea9da1187 - default default] Notify callbacks ['neutron.db.l3_db._prevent_l3_port_delete_callback-8751996048102'] for port, before_delete _notify_loop /usr/lib/python2.7/site-packages/neutron_lib/callbacks/manager.py:167
2018-06-26 06:15:19.392 26781 DEBUG neutron_lib.callbacks.manager [req-2aef085f-11b0-4e24-bcca-3d6518f29a14 - - - - -] Notify callbacks ['neutron.services.segments.db._update_segment_host_mapping_for_agent-8751995847218'] for agent, after_update _notify_loop /usr/lib/python2.7/site-packages/neutron_lib/callbacks/manager.py:167
2018-06-26 06:15:19.725 26770 DEBUG neutron.plugins.ml2.db [req-b93164ee-e9ab-4ab9-9194-36446533d16f 82758ee9dbed4bdf919e32bc6135cc36 f7db0ec7eef2499fb14973cea9da1187 - default default] For port 1f28e232-66ed-4c0c-97c5-57507221cbdf, host localhost.localdomain, got binding levels [<neutron.plugins.ml2.models.PortBindingLevel[object at 7f5bb889d510] {port_id=u'1f28e232-66ed-4c0c-97c5-57507221cbdf', host=u'localhost.localdomain', level=0, driver=u'openvswitch', segment_id=u'7c61ad05-1419-4b42-bbcc-16b1d0712b28'}>] get_binding_levels /usr/lib/python2.7/site-packages/neutron/plugins/ml2/db.py:106
2018-06-26 06:15:19.762 26770 DEBUG neutron.plugins.ml2.plugin [req-b93164ee-e9ab-4ab9-9194-36446533d16f 82758ee9dbed4bdf919e32bc6135cc36 f7db0ec7eef2499fb14973cea9da1187 - default default] Calling delete_port for 1f28e232-66ed-4c0c-97c5-57507221cbdf owned by compute:nova delete_port /usr/lib/python2.7/site-packages/neutron/plugins/ml2/plugin.py:1547
2018-06-26 06:15:20.082 26770 DEBUG neutron_lib.callbacks.manager [req-b93164ee-e9ab-4ab9-9194-36446533d16f 82758ee9dbed4bdf919e32bc6135cc36 f7db0ec7eef2499fb14973cea9da1187 - default default] Notify callbacks ['neutron.plugins.ml2.ovo_rpc._ObjectChangeHandler.handle_event-578394', 'neutron.api.rpc.agentnotifiers.dhcp_rpc_agent_api.DhcpAgentNotifyAPI._native_event_send_dhcp_notification-700899', 'neutron.plugins.ml2.plugin.Ml2Plugin.notify_sg_on_port_change-3913181', 'neutron.db.l3_dvrscheduler_db._notify_port_delete--9223363284859290673', 'neutron.db.l3_db._notify_routers_callback--9223363284858750016'] for port, after_delete _notify_loop /usr/lib/python2.7/site-packages/neutron_lib/callbacks/manager.py:167
2018-06-26 06:15:20.124 26770 DEBUG oslo_concurrency.lockutils [-] Lock "event-dispatch" acquired by "neutron.plugins.ml2.ovo_rpc.dispatch_events" :: waited 0.000s inner /usr/lib/python2.7/site-packages/oslo_concurrency/lockutils.py:270
2018-06-26 06:15:20.227 26770 DEBUG neutron.api.rpc.handlers.resources_rpc [req-b93164ee-e9ab-4ab9-9194-36446533d16f 82758ee9dbed4bdf919e32bc6135cc36 f7db0ec7eef2499fb14973cea9da1187 - - -] neutron.api.rpc.handlers.resources_rpc.ResourcesPushRpcApi method push called with arguments (<neutron_lib.context.Context object at 0x7f5bb8ad1590>, [Port(admin_state_up=<?>,allowed_address_pairs=<?>,binding=<?>,binding_levels=<?>,created_at=<?>,data_plane_status=<?>,description=<?>,device_id=<?>,device_owner=<?>,dhcp_options=<?>,distributed_binding=<?>,dns=<?>,fixed_ips=<?>,id=1f28e232-66ed-4c0c-97c5-57507221cbdf,mac_address=<?>,name=<?>,network_id=<?>,project_id=<?>,qos_policy_id=None,revision_number=<?>,security=<?>,security_group_ids=None,status=<?>,updated_at=<?>)], 'deleted') {} wrapper /usr/lib/python2.7/site-packages/oslo_log/helpers.py:66
2018-06-26 06:15:20.342 26770 DEBUG neutron.api.rpc.callbacks.version_manager [req-b93164ee-e9ab-4ab9-9194-36446533d16f 82758ee9dbed4bdf919e32bc6135cc36 f7db0ec7eef2499fb14973cea9da1187 - - -] Version for resource type Subnet changed None to 1.0 on consumer Open vSwitch agent@localhost.localdomain _set_version /usr/lib/python2.7/site-packages/neutron/api/rpc/callbacks/version_manager.py:119
2018-06-26 06:15:20.343 26770 DEBUG neutron.api.rpc.callbacks.version_manager [req-b93164ee-e9ab-4ab9-9194-36446533d16f 82758ee9dbed4bdf919e32bc6135cc36 f7db0ec7eef2499fb14973cea9da1187 - - -] Version for resource type Network changed None to 1.0 on consumer Open vSwitch agent@localhost.localdomain _set_version /usr/lib/python2.7/site-packages/neutron/api/rpc/callbacks/version_manager.py:119
2018-06-26 06:15:20.344 26770 DEBUG neutron.api.rpc.callbacks.version_manager [req-b93164ee-e9ab-4ab9-9194-36446533d16f 82758ee9dbed4bdf919e32bc6135cc36 f7db0ec7eef2499fb14973cea9da1187 - - -] Version for resource type SubPort changed None to 1.0 on consumer Open vSwitch agent@localhost.localdomain _set_version /usr/lib/python2.7/site-packages/neutron/api/rpc/callbacks/version_manager.py:119
2018-06-26 06:15:20.345 26770 DEBUG neutron.api.rpc.callbacks.version_manager [req-b93164ee-e9ab-4ab9-9194-36446533d16f 82758ee9dbed4bdf919e32bc6135cc36 f7db0ec7eef2499fb14973cea9da1187 - - -] Version for resource type SecurityGroup changed None to 1.0 on consumer Open vSwitch agent@localhost.localdomain _set_version /usr/lib/python2.7/site-packages/neutron/api/rpc/callbacks/version_manager.py:119
2018-06-26 06:15:20.346 26770 DEBUG neutron.api.rpc.callbacks.version_manager [req-b93164ee-e9ab-4ab9-9194-36446533d16f 82758ee9dbed4bdf919e32bc6135cc36 f7db0ec7eef2499fb14973cea9da1187 - - -] Version for resource type SecurityGroupRule changed None to 1.0 on consumer Open vSwitch agent@localhost.localdomain _set_version /usr/lib/python2.7/site-packages/neutron/api/rpc/callbacks/version_manager.py:119
2018-06-26 06:15:20.347 26770 DEBUG neutron.api.rpc.callbacks.version_manager [req-b93164ee-e9ab-4ab9-9194-36446533d16f 82758ee9dbed4bdf919e32bc6135cc36 f7db0ec7eef2499fb14973cea9da1187 - - -] Version for resource type Trunk changed None to 1.1 on consumer Open vSwitch agent@localhost.localdomain _set_version /usr/lib/python2.7/site-packages/neutron/api/rpc/callbacks/version_manager.py:119
2018-06-26 06:15:20.348 26770 DEBUG neutron.api.rpc.callbacks.version_manager [req-b93164ee-e9ab-4ab9-9194-36446533d16f 82758ee9dbed4bdf919e32bc6135cc36 f7db0ec7eef2499fb14973cea9da1187 - - -] Version for resource type QosPolicy changed None to 1.6 on consumer Open vSwitch agent@localhost.localdomain _set_version /usr/lib/python2.7/site-packages/neutron/api/rpc/callbacks/version_manager.py:119
2018-06-26 06:15:20.349 26770 DEBUG neutron.api.rpc.callbacks.version_manager [req-b93164ee-e9ab-4ab9-9194-36446533d16f 82758ee9dbed4bdf919e32bc6135cc36 f7db0ec7eef2499fb14973cea9da1187 - - -] Version for resource type Port changed None to 1.1 on consumer Open vSwitch agent@localhost.localdomain _set_version /usr/lib/python2.7/site-packages/neutron/api/rpc/callbacks/version_manager.py:119
2018-06-26 06:15:20.350 26770 DEBUG neutron.api.rpc.callbacks.version_manager [req-b93164ee-e9ab-4ab9-9194-36446533d16f 82758ee9dbed4bdf919e32bc6135cc36 f7db0ec7eef2499fb14973cea9da1187 - - -] Version for resource type Log changed None to 1.0 on consumer Open vSwitch agent@localhost.localdomain _set_version /usr/lib/python2.7/site-packages/neutron/api/rpc/callbacks/version_manager.py:119
2018-06-26 06:15:20.389 26770 DEBUG oslo_concurrency.lockutils [req-b93164ee-e9ab-4ab9-9194-36446533d16f 82758ee9dbed4bdf919e32bc6135cc36 f7db0ec7eef2499fb14973cea9da1187 - - -] Lock "event-dispatch" released by "neutron.plugins.ml2.ovo_rpc.dispatch_events" :: held 0.265s inner /usr/lib/python2.7/site-packages/oslo_concurrency/lockutils.py:282
2018-06-26 06:15:20.638 26770 DEBUG neutron.db.l3_dvrscheduler_db [req-b93164ee-e9ab-4ab9-9194-36446533d16f 82758ee9dbed4bdf919e32bc6135cc36 f7db0ec7eef2499fb14973cea9da1187 - default default] No DVR routers for this DVR port 1f28e232-66ed-4c0c-97c5-57507221cbdf on host localhost.localdomain get_dvr_routers_to_remove /usr/lib/python2.7/site-packages/neutron/db/l3_dvrscheduler_db.py:191
2018-06-26 06:15:20.659 26770 DEBUG neutron_lib.callbacks.manager [req-b93164ee-e9ab-4ab9-9194-36446533d16f 82758ee9dbed4bdf919e32bc6135cc36 f7db0ec7eef2499fb14973cea9da1187 - default default] Notify callbacks ['neutron.notifiers.nova.Notifier._send_nova_notification--9223372036854517288'] for port, before_response _notify_loop /usr/lib/python2.7/site-packages/neutron_lib/callbacks/manager.py:167
2018-06-26 06:15:20.664 26770 DEBUG oslo_concurrency.lockutils [-] Lock "notifier-56cc5335-88dd-42b6-bb2e-1fc49a63f5a8" acquired by "neutron.notifiers.batch_notifier.synced_send" :: waited 0.000s inner /usr/lib/python2.7/site-packages/oslo_concurrency/lockutils.py:270
2018-06-26 06:15:20.665 26770 DEBUG neutron.notifiers.nova [-] Sending events: [{'tag': u'1f28e232-66ed-4c0c-97c5-57507221cbdf', 'name': 'network-vif-deleted', 'server_uuid': u'e01631fe-00e3-4a70-8639-40b10cd50756'}] send_events /usr/lib/python2.7/site-packages/neutron/notifiers/nova.py:242
2018-06-26 06:15:20.669 26770 DEBUG novaclient.v2.client [-] REQ: curl -g -i -X POST http://10.0.20.25:8774/v2.1/910acf3b84b64f358e48f506530f7cb1/os-server-external-events -H "User-Agent: python-novaclient" -H "Content-Type: application/json" -H "Accept: application/json" -H "X-OpenStack-Nova-API-Version: 2.1" -H "X-Auth-Token: {SHA1}4b5ac30d1288c93cae47a5bf1c1d532d8184f572" -d '{"events": [{"tag": "1f28e232-66ed-4c0c-97c5-57507221cbdf", "name": "network-vif-deleted", "server_uuid": "e01631fe-00e3-4a70-8639-40b10cd50756"}]}' _http_log_request /usr/lib/python2.7/site-packages/keystoneauth1/session.py:375
2018-06-26 06:15:20.696 26770 DEBUG neutron.quota.resource [req-b93164ee-e9ab-4ab9-9194-36446533d16f 82758ee9dbed4bdf919e32bc6135cc36 f7db0ec7eef2499fb14973cea9da1187 - default default] Persisted dirty status for tenant:9971f718d57646b5911207d71a86f03e on resource:port mark_dirty /usr/lib/python2.7/site-packages/neutron/quota/resource.py:207
2018-06-26 06:15:20.706 26770 INFO neutron.wsgi [req-b93164ee-e9ab-4ab9-9194-36446533d16f 82758ee9dbed4bdf919e32bc6135cc36 f7db0ec7eef2499fb14973cea9da1187 - default default] 10.0.20.25 "DELETE /v2.0/ports/1f28e232-66ed-4c0c-97c5-57507221cbdf HTTP/1.1" status: 204  len: 173 time: 1.5155890
2018-06-26 06:15:20.801 26770 DEBUG novaclient.v2.client [-] RESP: [200] Content-Length: 183 Content-Type: application/json Openstack-Api-Version: compute 2.1 X-Openstack-Nova-Api-Version: 2.1 Vary: OpenStack-API-Version, X-OpenStack-Nova-API-Version X-Openstack-Request-Id: req-bfe35de7-9c53-4ec8-94b5-7914e2ea5e99 X-Compute-Request-Id: req-bfe35de7-9c53-4ec8-94b5-7914e2ea5e99 Date: Tue, 26 Jun 2018 04:15:20 GMT Connection: keep-alive 
RESP BODY: {"events": [{"status": "completed", "tag": "1f28e232-66ed-4c0c-97c5-57507221cbdf", "name": "network-vif-deleted", "server_uuid": "e01631fe-00e3-4a70-8639-40b10cd50756", "code": 200}]}
 _http_log_response /usr/lib/python2.7/site-packages/keystoneauth1/session.py:423
2018-06-26 06:15:20.802 26770 DEBUG novaclient.v2.client [-] POST call to compute for http://10.0.20.25:8774/v2.1/910acf3b84b64f358e48f506530f7cb1/os-server-external-events used request id req-bfe35de7-9c53-4ec8-94b5-7914e2ea5e99 request /usr/lib/python2.7/site-packages/keystoneauth1/session.py:727
2018-06-26 06:15:20.811 26770 INFO neutron.notifiers.nova [-] Nova event response: {u'status': u'completed', u'tag': u'1f28e232-66ed-4c0c-97c5-57507221cbdf', u'name': u'network-vif-deleted', u'server_uuid': u'e01631fe-00e3-4a70-8639-40b10cd50756', u'code': 200}
2018-06-26 06:15:21.205 26774 DEBUG oslo_concurrency.lockutils [-] Lock "notifier-56cc5335-88dd-42b6-bb2e-1fc49a63f5a8" released by "neutron.notifiers.batch_notifier.synced_send" :: held 3.996s inner /usr/lib/python2.7/site-packages/oslo_concurrency/lockutils.py:282
2018-06-26 06:15:22.813 26770 DEBUG oslo_concurrency.lockutils [-] Lock "notifier-56cc5335-88dd-42b6-bb2e-1fc49a63f5a8" released by "neutron.notifiers.batch_notifier.synced_send" :: held 2.149s inner /usr/lib/python2.7/site-packages/oslo_concurrency/lockutils.py:282
2018-06-26 06:15:29.787 26779 DEBUG neutron_lib.callbacks.manager [req-df489516-ae82-4fc5-9905-5cfeacb4043a - - - - -] Notify callbacks ['neutron.services.segments.db._update_segment_host_mapping_for_agent-8751995847218'] for agent, after_update _notify_loop /usr/lib/python2.7/site-packages/neutron_lib/callbacks/manager.py:167
2018-06-26 06:15:29.798 26776 DEBUG neutron_lib.callbacks.manager [req-81fb3b50-2f4f-48ce-b766-66c1e6722823 - - - - -] Notify callbacks ['neutron.services.segments.db._update_segment_host_mapping_for_agent-8751995847218'] for agent, after_update _notify_loop /usr/lib/python2.7/site-packages/neutron_lib/callbacks/manager.py:167
2018-06-26 06:15:29.802 26782 DEBUG neutron_lib.callbacks.manager [req-9bf2aa1e-891d-4756-bc1d-8cf164e15035 - - - - -] Notify callbacks ['neutron.services.segments.db._update_segment_host_mapping_for_agent-8751995847218'] for agent, after_update _notify_loop /usr/lib/python2.7/site-packages/neutron_lib/callbacks/manager.py:167
2018-06-26 06:15:30.357 26777 DEBUG neutron_lib.callbacks.manager [req-f4d2ae4e-dfbf-41b5-8616-24b858efa8ef - - - - -] Notify callbacks ['neutron.services.segments.db._update_segment_host_mapping_for_agent-8751995847218'] for agent, after_update _notify_loop /usr/lib/python2.7/site-packages/neutron_lib/callbacks/manager.py:167
2018-06-26 06:15:48.438 26783 DEBUG neutron.db.agents_db [req-6c4340d6-d5e7-4031-922b-28eeeaebd666 - - - - -] Agent healthcheck: found 5 active agents agent_health_check /usr/lib/python2.7/site-packages/neutron/db/agents_db.py:281
2018-06-26 06:15:49.405 26780 DEBUG neutron_lib.callbacks.manager [req-2aef085f-11b0-4e24-bcca-3d6518f29a14 - - - - -] Notify callbacks ['neutron.services.segments.db._update_segment_host_mapping_for_agent-8751995847218'] for agent, after_update _notify_loop /usr/lib/python2.7/site-packages/neutron_lib/callbacks/manager.py:167
2018-06-26 06:15:54.357 26768 DEBUG neutron.wsgi [-] (26768) accepted ('10.0.20.25', 38332) server /usr/lib/python2.7/site-packages/eventlet/wsgi.py:883
2018-06-26 06:15:54.364 26768 INFO neutron.wsgi [-] 10.0.20.25 "GET / HTTP/1.1" status: 200  len: 252 time: 0.0025930
2018-06-26 06:15:55.130 26768 INFO neutron.api.v2.resource [req-716436d7-bd31-47d8-8049-fce57dde89df 82758ee9dbed4bdf919e32bc6135cc36 f7db0ec7eef2499fb14973cea9da1187 - default default] show failed (client error): The resource could not be found.
2018-06-26 06:15:55.132 26768 INFO neutron.wsgi [req-716436d7-bd31-47d8-8049-fce57dde89df 82758ee9dbed4bdf919e32bc6135cc36 f7db0ec7eef2499fb14973cea9da1187 - default default] 10.0.20.25 "GET /v2.0/routers/tempest-router-1529986000 HTTP/1.1" status: 404  len: 334 time: 0.7604480
2018-06-26 06:15:55.341 26768 INFO neutron.wsgi [req-c4445417-70c3-4c9b-b795-42c3bc8bf3e1 82758ee9dbed4bdf919e32bc6135cc36 f7db0ec7eef2499fb14973cea9da1187 - default default] 10.0.20.25 "GET /v2.0/routers HTTP/1.1" status: 200  len: 2287 time: 0.2015181
2018-06-26 06:15:55.374 26768 DEBUG neutron.api.v2.base [req-8aa40223-63bd-40ce-bd14-e719e703e5f9 82758ee9dbed4bdf919e32bc6135cc36 f7db0ec7eef2499fb14973cea9da1187 - default default] Request body: {u'router': {u'external_gateway_info': {}}} prepare_request_body /usr/lib/python2.7/site-packages/neutron/api/v2/base.py:695
2018-06-26 06:15:55.982 26768 DEBUG neutron_lib.callbacks.manager [req-8aa40223-63bd-40ce-bd14-e719e703e5f9 82758ee9dbed4bdf919e32bc6135cc36 f7db0ec7eef2499fb14973cea9da1187 - default default] Notify callbacks [] for router_gateway, before_delete _notify_loop /usr/lib/python2.7/site-packages/neutron_lib/callbacks/manager.py:167
2018-06-26 06:15:56.014 26768 DEBUG neutron.plugins.ml2.plugin [req-8aa40223-63bd-40ce-bd14-e719e703e5f9 82758ee9dbed4bdf919e32bc6135cc36 f7db0ec7eef2499fb14973cea9da1187 - default default] Deleting port f6808aef-dac7-495a-aed7-f3b4452cac9d _pre_delete_port /usr/lib/python2.7/site-packages/neutron/plugins/ml2/plugin.py:1488
2018-06-26 06:15:56.015 26768 DEBUG neutron_lib.callbacks.manager [req-8aa40223-63bd-40ce-bd14-e719e703e5f9 82758ee9dbed4bdf919e32bc6135cc36 f7db0ec7eef2499fb14973cea9da1187 - default default] Notify callbacks ['neutron.db.l3_db._prevent_l3_port_delete_callback-8751996048102'] for port, before_delete _notify_loop /usr/lib/python2.7/site-packages/neutron_lib/callbacks/manager.py:167
2018-06-26 06:15:56.369 26768 DEBUG neutron.plugins.ml2.db [req-8aa40223-63bd-40ce-bd14-e719e703e5f9 82758ee9dbed4bdf919e32bc6135cc36 f7db0ec7eef2499fb14973cea9da1187 - default default] For port f6808aef-dac7-495a-aed7-f3b4452cac9d, host localhost.localdomain, got binding levels [<neutron.plugins.ml2.models.PortBindingLevel[object at 7f5bb877b6d0] {port_id=u'f6808aef-dac7-495a-aed7-f3b4452cac9d', host=u'localhost.localdomain', level=0, driver=u'openvswitch', segment_id=u'b39b3e5f-9a2a-4e14-be8c-1279cc904bb0'}>] get_binding_levels /usr/lib/python2.7/site-packages/neutron/plugins/ml2/db.py:106
2018-06-26 06:15:56.431 26768 DEBUG neutron.plugins.ml2.plugin [req-8aa40223-63bd-40ce-bd14-e719e703e5f9 82758ee9dbed4bdf919e32bc6135cc36 f7db0ec7eef2499fb14973cea9da1187 - default default] Calling delete_port for f6808aef-dac7-495a-aed7-f3b4452cac9d owned by network:router_gateway delete_port /usr/lib/python2.7/site-packages/neutron/plugins/ml2/plugin.py:1547
2018-06-26 06:15:56.861 26768 DEBUG neutron_lib.callbacks.manager [req-8aa40223-63bd-40ce-bd14-e719e703e5f9 82758ee9dbed4bdf919e32bc6135cc36 f7db0ec7eef2499fb14973cea9da1187 - default default] Notify callbacks ['neutron.plugins.ml2.ovo_rpc._ObjectChangeHandler.handle_event-578394', 'neutron.api.rpc.agentnotifiers.dhcp_rpc_agent_api.DhcpAgentNotifyAPI._native_event_send_dhcp_notification-700899', 'neutron.plugins.ml2.plugin.Ml2Plugin.notify_sg_on_port_change-3913181', 'neutron.db.l3_dvrscheduler_db._notify_port_delete--9223363284859290673', 'neutron.db.l3_db._notify_routers_callback--9223363284858750016'] for port, after_delete _notify_loop /usr/lib/python2.7/site-packages/neutron_lib/callbacks/manager.py:167
2018-06-26 06:15:56.897 26768 DEBUG oslo_concurrency.lockutils [-] Lock "event-dispatch" acquired by "neutron.plugins.ml2.ovo_rpc.dispatch_events" :: waited 0.000s inner /usr/lib/python2.7/site-packages/oslo_concurrency/lockutils.py:270
2018-06-26 06:15:57.041 26768 DEBUG neutron.api.rpc.handlers.resources_rpc [req-8aa40223-63bd-40ce-bd14-e719e703e5f9 82758ee9dbed4bdf919e32bc6135cc36 f7db0ec7eef2499fb14973cea9da1187 - - -] neutron.api.rpc.handlers.resources_rpc.ResourcesPushRpcApi method push called with arguments (<neutron_lib.context.Context object at 0x7f5bb87d1550>, [Port(admin_state_up=<?>,allowed_address_pairs=<?>,binding=<?>,binding_levels=<?>,created_at=<?>,data_plane_status=<?>,description=<?>,device_id=<?>,device_owner=<?>,dhcp_options=<?>,distributed_binding=<?>,dns=<?>,fixed_ips=<?>,id=f6808aef-dac7-495a-aed7-f3b4452cac9d,mac_address=<?>,name=<?>,network_id=<?>,project_id=<?>,qos_policy_id=None,revision_number=<?>,security=<?>,security_group_ids=None,status=<?>,updated_at=<?>)], 'deleted') {} wrapper /usr/lib/python2.7/site-packages/oslo_log/helpers.py:66
2018-06-26 06:15:57.466 26768 DEBUG neutron.api.rpc.callbacks.version_manager [req-8aa40223-63bd-40ce-bd14-e719e703e5f9 82758ee9dbed4bdf919e32bc6135cc36 f7db0ec7eef2499fb14973cea9da1187 - - -] Version for resource type Subnet changed None to 1.0 on consumer Open vSwitch agent@localhost.localdomain _set_version /usr/lib/python2.7/site-packages/neutron/api/rpc/callbacks/version_manager.py:119
2018-06-26 06:15:57.467 26768 DEBUG neutron.api.rpc.callbacks.version_manager [req-8aa40223-63bd-40ce-bd14-e719e703e5f9 82758ee9dbed4bdf919e32bc6135cc36 f7db0ec7eef2499fb14973cea9da1187 - - -] Version for resource type Network changed None to 1.0 on consumer Open vSwitch agent@localhost.localdomain _set_version /usr/lib/python2.7/site-packages/neutron/api/rpc/callbacks/version_manager.py:119
2018-06-26 06:15:57.468 26768 DEBUG neutron.api.rpc.callbacks.version_manager [req-8aa40223-63bd-40ce-bd14-e719e703e5f9 82758ee9dbed4bdf919e32bc6135cc36 f7db0ec7eef2499fb14973cea9da1187 - - -] Version for resource type SubPort changed None to 1.0 on consumer Open vSwitch agent@localhost.localdomain _set_version /usr/lib/python2.7/site-packages/neutron/api/rpc/callbacks/version_manager.py:119
2018-06-26 06:15:57.469 26768 DEBUG neutron.api.rpc.callbacks.version_manager [req-8aa40223-63bd-40ce-bd14-e719e703e5f9 82758ee9dbed4bdf919e32bc6135cc36 f7db0ec7eef2499fb14973cea9da1187 - - -] Version for resource type SecurityGroup changed None to 1.0 on consumer Open vSwitch agent@localhost.localdomain _set_version /usr/lib/python2.7/site-packages/neutron/api/rpc/callbacks/version_manager.py:119
2018-06-26 06:15:57.470 26768 DEBUG neutron.api.rpc.callbacks.version_manager [req-8aa40223-63bd-40ce-bd14-e719e703e5f9 82758ee9dbed4bdf919e32bc6135cc36 f7db0ec7eef2499fb14973cea9da1187 - - -] Version for resource type SecurityGroupRule changed None to 1.0 on consumer Open vSwitch agent@localhost.localdomain _set_version /usr/lib/python2.7/site-packages/neutron/api/rpc/callbacks/version_manager.py:119
2018-06-26 06:15:57.471 26768 DEBUG neutron.api.rpc.callbacks.version_manager [req-8aa40223-63bd-40ce-bd14-e719e703e5f9 82758ee9dbed4bdf919e32bc6135cc36 f7db0ec7eef2499fb14973cea9da1187 - - -] Version for resource type Trunk changed None to 1.1 on consumer Open vSwitch agent@localhost.localdomain _set_version /usr/lib/python2.7/site-packages/neutron/api/rpc/callbacks/version_manager.py:119
2018-06-26 06:15:57.472 26768 DEBUG neutron.api.rpc.callbacks.version_manager [req-8aa40223-63bd-40ce-bd14-e719e703e5f9 82758ee9dbed4bdf919e32bc6135cc36 f7db0ec7eef2499fb14973cea9da1187 - - -] Version for resource type QosPolicy changed None to 1.6 on consumer Open vSwitch agent@localhost.localdomain _set_version /usr/lib/python2.7/site-packages/neutron/api/rpc/callbacks/version_manager.py:119
