2018-06-30 12:28:07.267 9144 DEBUG neutron_lib.callbacks.manager [req-bb2fe742-1666-463b-bad2-950001ab594d 82758ee9dbed4bdf919e32bc6135cc36 f7db0ec7eef2499fb14973cea9da1187 - default default] Notify callbacks ['neutron.plugins.ml2.plugin.Ml2Plugin._ensure_default_security_group_handler--9223372036852855456'] for port, before_update _notify_loop /usr/lib/python2.7/site-packages/neutron_lib/callbacks/manager.py:167
2018-06-30 12:28:07.783 9144 DEBUG neutron_lib.callbacks.manager [req-bb2fe742-1666-463b-bad2-950001ab594d 82758ee9dbed4bdf919e32bc6135cc36 f7db0ec7eef2499fb14973cea9da1187 - default default] Notify callbacks [] for port, precommit_update _notify_loop /usr/lib/python2.7/site-packages/neutron_lib/callbacks/manager.py:167
2018-06-30 12:28:07.809 9144 DEBUG neutron_lib.callbacks.manager [req-bb2fe742-1666-463b-bad2-950001ab594d 82758ee9dbed4bdf919e32bc6135cc36 f7db0ec7eef2499fb14973cea9da1187 - default default] Notify callbacks ['neutron.plugins.ml2.plugin.Ml2Plugin.notify_sg_on_port_change-1920477', 'neutron.plugins.ml2.ovo_rpc._ObjectChangeHandler.handle_event-777306', 'neutron.db.l3_dvrscheduler_db._notify_l3_agent_port_update--9223363255473176158', 'neutron.db.l3_hascheduler_db._notify_l3_agent_ha_port_update--9223363255473176083', 'neutron.api.rpc.agentnotifiers.dhcp_rpc_agent_api.DhcpAgentNotifyAPI._native_event_send_dhcp_notification-897519'] for port, after_update _notify_loop /usr/lib/python2.7/site-packages/neutron_lib/callbacks/manager.py:167
2018-06-30 12:28:07.840 9144 DEBUG oslo_concurrency.lockutils [-] Lock "event-dispatch" acquired by "neutron.plugins.ml2.ovo_rpc.dispatch_events" :: waited 0.000s inner /usr/lib/python2.7/site-packages/oslo_concurrency/lockutils.py:270
2018-06-30 12:28:08.057 9144 DEBUG neutron.api.rpc.handlers.resources_rpc [req-bb2fe742-1666-463b-bad2-950001ab594d 82758ee9dbed4bdf919e32bc6135cc36 f7db0ec7eef2499fb14973cea9da1187 - - -] neutron.api.rpc.handlers.resources_rpc.ResourcesPushRpcApi method push called with arguments (<neutron_lib.context.Context object at 0x7fc931227410>, [Port(admin_state_up=True,allowed_address_pairs=[],binding=PortBinding,binding_levels=[],created_at=2018-06-30T10:28:05Z,data_plane_status=<?>,description='',device_id='3d3f7805-0c4f-46be-9ff0-c63d85f765aa',device_owner='network:floatingip',dhcp_options=[],distributed_binding=None,dns=None,fixed_ips=[IPAllocation],id=d611f807-9a77-45fe-b3e6-8677b8ac27cb,mac_address=fa:16:3e:6b:dd:c8,name='',network_id=bccef923-8280-488c-84aa-955d7841d8ff,project_id='',qos_policy_id=None,revision_number=4,security=PortSecurity(d611f807-9a77-45fe-b3e6-8677b8ac27cb),security_group_ids=set([]),status='N/A',updated_at=2018-06-30T10:28:07Z)], 'updated') {} wrapper /usr/lib/python2.7/site-packages/oslo_log/helpers.py:66
2018-06-30 12:28:08.098 9144 DEBUG oslo_concurrency.lockutils [req-bb2fe742-1666-463b-bad2-950001ab594d 82758ee9dbed4bdf919e32bc6135cc36 f7db0ec7eef2499fb14973cea9da1187 - - -] Lock "event-dispatch" released by "neutron.plugins.ml2.ovo_rpc.dispatch_events" :: held 0.258s inner /usr/lib/python2.7/site-packages/oslo_concurrency/lockutils.py:282
2018-06-30 12:28:08.172 9144 DEBUG neutron_lib.callbacks.manager [req-bb2fe742-1666-463b-bad2-950001ab594d 82758ee9dbed4bdf919e32bc6135cc36 f7db0ec7eef2499fb14973cea9da1187 - default default] Notify callbacks ['neutron.services.l3_router.l3_router_plugin.L3RouterPlugin._create_dvr_floating_gw_port-554200'] for floatingip, after_update _notify_loop /usr/lib/python2.7/site-packages/neutron_lib/callbacks/manager.py:167
2018-06-30 12:28:08.232 9144 DEBUG neutron.quota.resource [req-bb2fe742-1666-463b-bad2-950001ab594d 82758ee9dbed4bdf919e32bc6135cc36 f7db0ec7eef2499fb14973cea9da1187 - default default] Persisted dirty status for tenant:08ee7166f3df45f881c08bc4916cc466 on resource:floatingip mark_dirty /usr/lib/python2.7/site-packages/neutron/quota/resource.py:207
2018-06-30 12:28:08.236 9144 DEBUG neutron.quota.resource [req-bb2fe742-1666-463b-bad2-950001ab594d 82758ee9dbed4bdf919e32bc6135cc36 f7db0ec7eef2499fb14973cea9da1187 - default default] Persisted dirty status for tenant: on resource:port mark_dirty /usr/lib/python2.7/site-packages/neutron/quota/resource.py:207
2018-06-30 12:28:08.258 9144 DEBUG neutron_lib.callbacks.manager [req-bb2fe742-1666-463b-bad2-950001ab594d 82758ee9dbed4bdf919e32bc6135cc36 f7db0ec7eef2499fb14973cea9da1187 - default default] Notify callbacks ['neutron.notifiers.nova.Notifier._send_nova_notification--9223372036854713896'] for floatingip, before_response _notify_loop /usr/lib/python2.7/site-packages/neutron_lib/callbacks/manager.py:167
2018-06-30 12:28:08.260 9144 INFO neutron.wsgi [req-bb2fe742-1666-463b-bad2-950001ab594d 82758ee9dbed4bdf919e32bc6135cc36 f7db0ec7eef2499fb14973cea9da1187 - default default] 10.0.20.25 "POST /v2.0/floatingips HTTP/1.1" status: 201  len: 675 time: 3.4261360
2018-06-30 12:28:21.824 9145 INFO neutron.wsgi [req-e643d653-c424-4495-9b7e-336a063c5936 db7e024eefa34f0d9525ad1ee1475527 910acf3b84b64f358e48f506530f7cb1 - default default] 10.0.20.25 "GET /v2.0/ports?device_id=09474e77-0238-48d8-a685-26f10dc11d43 HTTP/1.1" status: 200  len: 1125 time: 0.7788110
2018-06-30 12:28:21.999 9145 INFO neutron.wsgi [req-9b2fa745-1148-4a08-8d45-391e7e590c95 db7e024eefa34f0d9525ad1ee1475527 910acf3b84b64f358e48f506530f7cb1 - default default] 10.0.20.25 "GET /v2.0/security-groups?id=221ed0e2-56b2-4a08-acbf-65d0ecd19449 HTTP/1.1" status: 200  len: 2118 time: 0.1660831
2018-06-30 12:28:23.356 9146 INFO neutron.wsgi [req-a2887baf-9486-407a-8029-01691242d22c 25298efaed1f426d800b45253dd37f7d 08ee7166f3df45f881c08bc4916cc466 - 84461b001a844c4db361951e99330b2c 84461b001a844c4db361951e99330b2c] 10.0.20.25 "GET /v2.0/ports?device_id=09474e77-0238-48d8-a685-26f10dc11d43 HTTP/1.1" status: 200  len: 1125 time: 0.6831179
2018-06-30 12:28:23.481 9146 INFO neutron.wsgi [req-70be1ab4-e282-45d4-8cf5-0b5544baf097 25298efaed1f426d800b45253dd37f7d 08ee7166f3df45f881c08bc4916cc466 - 84461b001a844c4db361951e99330b2c 84461b001a844c4db361951e99330b2c] 10.0.20.25 "GET /v2.0/security-groups?id=221ed0e2-56b2-4a08-acbf-65d0ecd19449 HTTP/1.1" status: 200  len: 2118 time: 0.1150229
2018-06-30 12:28:23.576 9142 INFO neutron.wsgi [req-56a087c0-42ef-423c-a560-abb84c53ac3e db7e024eefa34f0d9525ad1ee1475527 910acf3b84b64f358e48f506530f7cb1 - default default] 10.0.20.25 "GET /v2.0/ports?device_id=09474e77-0238-48d8-a685-26f10dc11d43 HTTP/1.1" status: 200  len: 1125 time: 0.6672862
2018-06-30 12:28:23.714 9142 INFO neutron.wsgi [req-1a0786ff-cb46-4256-af07-17f1900ff58c db7e024eefa34f0d9525ad1ee1475527 910acf3b84b64f358e48f506530f7cb1 - default default] 10.0.20.25 "GET /v2.0/security-groups?id=221ed0e2-56b2-4a08-acbf-65d0ecd19449 HTTP/1.1" status: 200  len: 2118 time: 0.1288981
2018-06-30 12:28:23.853 9146 INFO neutron.wsgi [req-fd96b65c-b847-4767-b0ae-b3f0885c2b46 25298efaed1f426d800b45253dd37f7d 08ee7166f3df45f881c08bc4916cc466 - 84461b001a844c4db361951e99330b2c 84461b001a844c4db361951e99330b2c] 10.0.20.25 "GET /v2.0/ports?device_owner=compute%3Anova&device_id=09474e77-0238-48d8-a685-26f10dc11d43 HTTP/1.1" status: 200  len: 1125 time: 0.1810331
2018-06-30 12:28:23.921 9146 INFO neutron.wsgi [req-c1bc3a53-49cf-47f2-b365-08ccbf52d685 25298efaed1f426d800b45253dd37f7d 08ee7166f3df45f881c08bc4916cc466 - 84461b001a844c4db361951e99330b2c 84461b001a844c4db361951e99330b2c] 10.0.20.25 "GET /v2.0/floatingips?floating_ip_address=172.24.4.12 HTTP/1.1" status: 200  len: 673 time: 0.0580311
2018-06-30 12:28:23.961 9146 DEBUG neutron.api.v2.base [req-52df0b6e-a53f-4094-88df-16431eb9b217 25298efaed1f426d800b45253dd37f7d 08ee7166f3df45f881c08bc4916cc466 - 84461b001a844c4db361951e99330b2c 84461b001a844c4db361951e99330b2c] Request body: {u'floatingip': {u'fixed_ip_address': u'11.246.1.10', u'port_id': u'1482f47c-52a8-4c1b-9a87-32bc4f6f80eb'}} prepare_request_body /usr/lib/python2.7/site-packages/neutron/api/v2/base.py:695
2018-06-30 12:28:24.467 9146 DEBUG neutron_lib.callbacks.manager [req-52df0b6e-a53f-4094-88df-16431eb9b217 25298efaed1f426d800b45253dd37f7d 08ee7166f3df45f881c08bc4916cc466 - 84461b001a844c4db361951e99330b2c 84461b001a844c4db361951e99330b2c] Notify callbacks ['neutron.services.l3_router.l3_router_plugin.L3RouterPlugin._create_dvr_floating_gw_port-554200'] for floatingip, after_update _notify_loop /usr/lib/python2.7/site-packages/neutron_lib/callbacks/manager.py:167
2018-06-30 12:28:25.195 9146 DEBUG neutron.scheduler.l3_agent_scheduler [req-52df0b6e-a53f-4094-88df-16431eb9b217 25298efaed1f426d800b45253dd37f7d 08ee7166f3df45f881c08bc4916cc466 - 84461b001a844c4db361951e99330b2c 84461b001a844c4db361951e99330b2c] Router 8df56f4a-3685-425c-bd41-6a657ae05c66 has already been hosted by L3 agent 9de63611-f1b0-4194-a76c-11d015d282db _get_candidates /usr/lib/python2.7/site-packages/neutron/scheduler/l3_agent_scheduler.py:141
2018-06-30 12:28:25.429 9146 DEBUG neutron.api.rpc.agentnotifiers.l3_rpc_agent_api [req-52df0b6e-a53f-4094-88df-16431eb9b217 25298efaed1f426d800b45253dd37f7d 08ee7166f3df45f881c08bc4916cc466 - 84461b001a844c4db361951e99330b2c 84461b001a844c4db361951e99330b2c] Notify agent at l3_agent.localhost.localdomain the message routers_updated _agent_notification /usr/lib/python2.7/site-packages/neutron/api/rpc/agentnotifiers/l3_rpc_agent_api.py:69
2018-06-30 12:28:25.489 9146 DEBUG neutron_lib.callbacks.manager [req-52df0b6e-a53f-4094-88df-16431eb9b217 25298efaed1f426d800b45253dd37f7d 08ee7166f3df45f881c08bc4916cc466 - 84461b001a844c4db361951e99330b2c 84461b001a844c4db361951e99330b2c] Notify callbacks ['neutron.notifiers.nova.Notifier._send_nova_notification--9223372036854713896'] for floatingip, before_response _notify_loop /usr/lib/python2.7/site-packages/neutron_lib/callbacks/manager.py:167
2018-06-30 12:28:25.511 9151 DEBUG neutron.db.l3_hamode_db [req-0e910bd1-ef97-459f-9e6d-e3f8529e01b0 - - - - -] neutron.services.l3_router.l3_router_plugin.L3RouterPlugin method get_ha_sync_data_for_host called with arguments (<neutron_lib.context.Context object at 0x7fc9315c70d0>, u'localhost.localdomain', <neutron.db.models.agent.Agent[object at 7fc9314c3810] {id=u'9de63611-f1b0-4194-a76c-11d015d282db', agent_type=u'L3 agent', binary=u'neutron-l3-agent', topic=u'l3_agent', host=u'localhost.localdomain', availability_zone=u'nova', admin_state_up=True, created_at=datetime.datetime(2018, 6, 7, 12, 43, 41), started_at=datetime.datetime(2018, 6, 30, 10, 4, 57), heartbeat_timestamp=datetime.datetime(2018, 6, 30, 10, 27, 57), description=None, configurations=u'{"agent_mode": "legacy", "gateway_external_network_id": "", "handle_internal_only_routers": true, "routers": 2, "interfaces": 2, "floating_ips": 0, "interface_driver": "neutron.agent.linux.interface.OVSInterfaceDriver", "log_agent_heartbeats": false, "external_network_bridge": "", "ex_gw_ports": 2}', resource_versions=None, load=0}>) {'active': True, 'router_ids': ['8df56f4a-3685-425c-bd41-6a657ae05c66']} wrapper /usr/lib/python2.7/site-packages/oslo_log/helpers.py:66
2018-06-30 12:28:25.583 9144 INFO neutron.wsgi [req-dc8731da-62eb-46b5-bd7b-8a34c9337e53 db7e024eefa34f0d9525ad1ee1475527 910acf3b84b64f358e48f506530f7cb1 - default default] 10.0.20.25 "GET /v2.0/ports?device_id=09474e77-0238-48d8-a685-26f10dc11d43 HTTP/1.1" status: 200  len: 1125 time: 0.7601819
2018-06-30 12:28:25.597 9146 INFO neutron.wsgi [req-52df0b6e-a53f-4094-88df-16431eb9b217 25298efaed1f426d800b45253dd37f7d 08ee7166f3df45f881c08bc4916cc466 - 84461b001a844c4db361951e99330b2c 84461b001a844c4db361951e99330b2c] 10.0.20.25 "PUT /v2.0/floatingips/3d3f7805-0c4f-46be-9ff0-c63d85f765aa HTTP/1.1" status: 200  len: 747 time: 1.6677420
2018-06-30 12:28:25.600 9146 DEBUG oslo_concurrency.lockutils [-] Lock "notifier-5bdb855f-7157-4c7e-ba7d-4b37c040efa4" acquired by "neutron.notifiers.batch_notifier.synced_send" :: waited 0.000s inner /usr/lib/python2.7/site-packages/oslo_concurrency/lockutils.py:270
2018-06-30 12:28:25.601 9146 DEBUG neutron.notifiers.nova [-] Sending events: [{'tag': u'1482f47c-52a8-4c1b-9a87-32bc4f6f80eb', 'name': 'network-changed', 'server_uuid': u'09474e77-0238-48d8-a685-26f10dc11d43'}] send_events /usr/lib/python2.7/site-packages/neutron/notifiers/nova.py:242
2018-06-30 12:28:25.609 9146 DEBUG novaclient.v2.client [-] REQ: curl -g -i -X POST http://10.0.20.25:8774/v2.1/910acf3b84b64f358e48f506530f7cb1/os-server-external-events -H "User-Agent: python-novaclient" -H "Content-Type: application/json" -H "Accept: application/json" -H "X-OpenStack-Nova-API-Version: 2.1" -H "X-Auth-Token: {SHA1}a7776fa49b53e1680ec5005dbd7db89438e94834" -d '{"events": [{"tag": "1482f47c-52a8-4c1b-9a87-32bc4f6f80eb", "name": "network-changed", "server_uuid": "09474e77-0238-48d8-a685-26f10dc11d43"}]}' _http_log_request /usr/lib/python2.7/site-packages/keystoneauth1/session.py:375
2018-06-30 12:28:25.750 9144 INFO neutron.wsgi [req-d101a49a-66c9-4b09-9d65-8b7a025d5d82 db7e024eefa34f0d9525ad1ee1475527 910acf3b84b64f358e48f506530f7cb1 - default default] 10.0.20.25 "GET /v2.0/security-groups?id=221ed0e2-56b2-4a08-acbf-65d0ecd19449 HTTP/1.1" status: 200  len: 2118 time: 0.1566319
2018-06-30 12:28:26.368 9146 DEBUG novaclient.v2.client [-] RESP: [200] Content-Length: 179 Content-Type: application/json Openstack-Api-Version: compute 2.1 X-Openstack-Nova-Api-Version: 2.1 Vary: OpenStack-API-Version, X-OpenStack-Nova-API-Version X-Openstack-Request-Id: req-15eff93d-8307-4ac3-ac0d-ce3a66377793 X-Compute-Request-Id: req-15eff93d-8307-4ac3-ac0d-ce3a66377793 Date: Sat, 30 Jun 2018 10:28:26 GMT Connection: keep-alive 
RESP BODY: {"events": [{"status": "completed", "tag": "1482f47c-52a8-4c1b-9a87-32bc4f6f80eb", "name": "network-changed", "server_uuid": "09474e77-0238-48d8-a685-26f10dc11d43", "code": 200}]}
 _http_log_response /usr/lib/python2.7/site-packages/keystoneauth1/session.py:423
2018-06-30 12:28:26.368 9146 DEBUG novaclient.v2.client [-] POST call to compute for http://10.0.20.25:8774/v2.1/910acf3b84b64f358e48f506530f7cb1/os-server-external-events used request id req-15eff93d-8307-4ac3-ac0d-ce3a66377793 request /usr/lib/python2.7/site-packages/keystoneauth1/session.py:727
2018-06-30 12:28:26.371 9151 DEBUG neutron.db.l3_hamode_db [req-0e910bd1-ef97-459f-9e6d-e3f8529e01b0 - - - - -] neutron.services.l3_router.l3_router_plugin.L3RouterPlugin method _process_sync_ha_data called with arguments (<neutron_lib.context.Context object at 0x7fc9315c70d0>, [{'status': u'ACTIVE', '_interfaces': [{'status': u'ACTIVE', 'subnets': [{'dns_nameservers': [u'8.8.4.4'], 'ipv6_ra_mode': None, 'gateway_ip': u'11.246.1.1', 'cidr': u'11.246.1.0/24', 'id': u'087fe72c-62dd-4f08-8666-3e7fcf73e4bc', 'subnetpool_id': None}], 'binding:host_id': u'localhost.localdomain', 'description': u'', 'allowed_address_pairs': [], 'tags': [], 'extra_dhcp_opts': [], 'updated_at': '2018-06-30T10:27:06Z', 'device_owner': u'network:router_interface', 'revision_number': 7, 'port_security_enabled': False, 'binding:profile': {}, 'mtu': 1450, 'fixed_ips': [{'subnet_id': u'087fe72c-62dd-4f08-8666-3e7fcf73e4bc', 'prefixlen': 24, 'ip_address': u'11.246.1.1'}], 'id': u'90527bb4-1ec4-440a-9731-73c108190c4f', 'security_groups': [], 'device_id': u'8df56f4a-3685-425c-bd41-6a657ae05c66', 'name': u'', 'admin_state_up': True, 'network_id': u'5c290763-d2f7-4e1b-971a-7b65a7441588', 'tenant_id': u'08ee7166f3df45f881c08bc4916cc466', 'binding:vif_details': {u'port_filter': True, u'datapath_type': u'system', u'ovs_hybrid_plug': True}, 'address_scopes': {4: None, 6: None}, 'binding:vnic_type': u'normal', 'binding:vif_type': u'ovs', 'mac_address': u'fa:16:3e:8e:3d:2f', 'project_id': u'08ee7166f3df45f881c08bc4916cc466', 'extra_subnets': [], 'created_at': '2018-06-30T10:26:57Z'}], 'enable_snat': True, 'ha_vr_id': 0, 'description': u'', 'tags': [], 'gw_port': {'status': u'ACTIVE', 'subnets': [{'dns_nameservers': [], 'ipv6_ra_mode': None, 'gateway_ip': u'172.24.4.1', 'cidr': u'172.24.4.0/24', 'id': u'4c4b2f34-8d32-4a55-b583-46e460575449', 'subnetpool_id': None}], 'binding:host_id': u'localhost.localdomain', 'description': u'', 'allowed_address_pairs': [], 'tags': [], 'extra_dhcp_opts': [], 'updated_at': '2018-06-30T10:27:18Z', 'device_owner': u'network:router_gateway', 'revision_number': 6, 'port_security_enabled': False, 'binding:profile': {}, 'mtu': 1500, 'fixed_ips': [{'subnet_id': u'4c4b2f34-8d32-4a55-b583-46e460575449', 'prefixlen': 24, 'ip_address': u'172.24.4.8'}], 'id': u'8b2346aa-959f-46a3-bdaa-b954b6bb8e67', 'security_groups': [], 'device_id': u'8df56f4a-3685-425c-bd41-6a657ae05c66', 'name': u'', 'admin_state_up': True, 'network_id': u'bccef923-8280-488c-84aa-955d7841d8ff', 'tenant_id': u'', 'binding:vif_details': {u'port_filter': True, u'datapath_type': u'system', u'ovs_hybrid_plug': True}, 'address_scopes': {4: None, 6: None}, 'binding:vnic_type': u'normal', 'binding:vif_type': u'ovs', 'mac_address': u'fa:16:3e:31:15:d5', 'project_id': u'', 'extra_subnets': [], 'created_at': '2018-06-30T10:27:10Z'}, 'updated_at': '2018-06-30T10:27:11Z', 'revision_number': 4, 'ha': False, 'id': u'8df56f4a-3685-425c-bd41-6a657ae05c66', 'gw_port_host': u'localhost.localdomain', 'external_gateway_info': {'network_id': u'bccef923-8280-488c-84aa-955d7841d8ff', 'enable_snat': True, 'external_fixed_ips': [{'subnet_id': u'4c4b2f34-8d32-4a55-b583-46e460575449', 'ip_address': u'172.24.4.8'}]}, 'availability_zone_hints': [], 'availability_zones': [u'nova'], 'name': u'tempest-router-1530354229', 'gw_port_id': u'8b2346aa-959f-46a3-bdaa-b954b6bb8e67', 'admin_state_up': True, 'tenant_id': u'08ee7166f3df45f881c08bc4916cc466', 'created_at': '2018-06-30T10:26:37Z', 'distributed': False, 'flavor_id': None, 'routes': [], 'project_id': u'08ee7166f3df45f881c08bc4916cc466', '_floatingips': [{'router_id': u'8df56f4a-3685-425c-bd41-6a657ae05c66', 'status': u'DOWN', 'description': u'', 'tags': [], 'updated_at': '2018-06-30T10:28:24Z', 'dns_domain': '', 'floating_network_id': u'bccef923-8280-488c-84aa-955d7841d8ff', 'fixed_ip_address': u'11.246.1.10', 'floating_ip_address': u'172.24.4.12', 'revision_number': 1, 'port_id': u'1482f47c-52a8-4c1b-9a87-32bc4f6f80eb', 'id': u'3d3f7805-0c4f-46be-9ff0-c63d85f765aa', 'dns_name': '', 'created_at': '2018-06-30T10:28:07Z', 'tenant_id': u'08ee7166f3df45f881c08bc4916cc466', 'fixed_ip_address_scope': None, 'project_id': u'08ee7166f3df45f881c08bc4916cc466'}]}], u'localhost.localdomain', False) {} wrapper /usr/lib/python2.7/site-packages/oslo_log/helpers.py:66
2018-06-30 12:28:26.380 9146 INFO neutron.notifiers.nova [-] Nova event response: {u'status': u'completed', u'tag': u'1482f47c-52a8-4c1b-9a87-32bc4f6f80eb', u'name': u'network-changed', u'server_uuid': u'09474e77-0238-48d8-a685-26f10dc11d43', u'code': 200}
2018-06-30 12:28:26.382 9151 DEBUG neutron.api.rpc.handlers.l3_rpc [req-0e910bd1-ef97-459f-9e6d-e3f8529e01b0 - - - - -] Checking router: 8df56f4a-3685-425c-bd41-6a657ae05c66 for host: localhost.localdomain _ensure_host_set_on_ports /usr/lib/python2.7/site-packages/neutron/api/rpc/handlers/l3_rpc.py:135
2018-06-30 12:28:26.403 9146 INFO neutron.wsgi [req-6fb7d117-b2cb-4915-b873-7df842e6f9ab db7e024eefa34f0d9525ad1ee1475527 910acf3b84b64f358e48f506530f7cb1 - default default] 10.0.20.25 "GET /v2.0/ports?tenant_id=08ee7166f3df45f881c08bc4916cc466&device_id=09474e77-0238-48d8-a685-26f10dc11d43 HTTP/1.1" status: 200  len: 1125 time: 0.7793510
2018-06-30 12:28:26.591 9143 INFO neutron.wsgi [req-740ca333-c7bd-40e1-893d-e2cc77c59e73 db7e024eefa34f0d9525ad1ee1475527 910acf3b84b64f358e48f506530f7cb1 - default default] 10.0.20.25 "GET /v2.0/ports?tenant_id=08ee7166f3df45f881c08bc4916cc466&device_id=09474e77-0238-48d8-a685-26f10dc11d43 HTTP/1.1" status: 200  len: 1125 time: 0.1758020
2018-06-30 12:28:26.829 9153 DEBUG neutron_lib.callbacks.manager [req-c0ff215d-e5d3-4ddd-82f8-cafdcea5574e - - - - -] Notify callbacks ['neutron.services.segments.db._update_segment_host_mapping_for_agent-8781381961266'] for agent, after_update _notify_loop /usr/lib/python2.7/site-packages/neutron_lib/callbacks/manager.py:167
2018-06-30 12:28:26.855 9155 DEBUG neutron.api.rpc.handlers.l3_rpc [req-a0611f70-afb0-4e82-bc61-283b29c0a7ae - - - - -] New status for floating IP 3d3f7805-0c4f-46be-9ff0-c63d85f765aa: ACTIVE update_floatingip_statuses /usr/lib/python2.7/site-packages/neutron/api/rpc/handlers/l3_rpc.py:252
2018-06-30 12:28:26.901 9150 DEBUG neutron_lib.callbacks.manager [req-9a312ff1-66b3-4b92-a3fd-566426304a8b - - - - -] Notify callbacks ['neutron.services.segments.db._update_segment_host_mapping_for_agent-8781381961266'] for agent, after_update _notify_loop /usr/lib/python2.7/site-packages/neutron_lib/callbacks/manager.py:167
2018-06-30 12:28:26.985 9143 DEBUG neutron.pecan_wsgi.hooks.policy_enforcement [req-513152c1-cbf2-428c-8b3f-05e46cf62eb4 db7e024eefa34f0d9525ad1ee1475527 910acf3b84b64f358e48f506530f7cb1 - default default] Attributes excluded by policy engine: [u'vlan_transparent'] _exclude_attributes_by_policy /usr/lib/python2.7/site-packages/neutron/pecan_wsgi/hooks/policy_enforcement.py:256
2018-06-30 12:28:26.989 9143 INFO neutron.wsgi [req-513152c1-cbf2-428c-8b3f-05e46cf62eb4 db7e024eefa34f0d9525ad1ee1475527 910acf3b84b64f358e48f506530f7cb1 - default default] 10.0.20.25 "GET /v2.0/networks?id=5c290763-d2f7-4e1b-971a-7b65a7441588 HTTP/1.1" status: 200  len: 885 time: 0.3881171
2018-06-30 12:28:27.055 9149 DEBUG neutron_lib.callbacks.manager [req-b67b9a67-b0dc-4a99-add6-e731dadd92ef - - - - -] Notify callbacks ['neutron.services.segments.db._update_segment_host_mapping_for_agent-8781381961266'] for agent, after_update _notify_loop /usr/lib/python2.7/site-packages/neutron_lib/callbacks/manager.py:167
2018-06-30 12:28:27.070 9143 INFO neutron.wsgi [req-816c06c5-6e64-483d-b27d-051e8d20376c db7e024eefa34f0d9525ad1ee1475527 910acf3b84b64f358e48f506530f7cb1 - default default] 10.0.20.25 "GET /v2.0/floatingips?fixed_ip_address=11.246.1.10&port_id=1482f47c-52a8-4c1b-9a87-32bc4f6f80eb HTTP/1.1" status: 200  len: 752 time: 0.0672119
2018-06-30 12:28:27.157 9146 DEBUG neutron.pecan_wsgi.hooks.policy_enforcement [req-46ac9d6f-042c-4920-9422-32c4ba5cda99 db7e024eefa34f0d9525ad1ee1475527 910acf3b84b64f358e48f506530f7cb1 - default default] Attributes excluded by policy engine: [u'vlan_transparent'] _exclude_attributes_by_policy /usr/lib/python2.7/site-packages/neutron/pecan_wsgi/hooks/policy_enforcement.py:256
2018-06-30 12:28:27.160 9146 INFO neutron.wsgi [req-46ac9d6f-042c-4920-9422-32c4ba5cda99 db7e024eefa34f0d9525ad1ee1475527 910acf3b84b64f358e48f506530f7cb1 - default default] 10.0.20.25 "GET /v2.0/networks?id=5c290763-d2f7-4e1b-971a-7b65a7441588 HTTP/1.1" status: 200  len: 885 time: 0.7499440
2018-06-30 12:28:27.212 9147 INFO neutron.wsgi [req-43df05c6-08ec-41f0-ab4d-40acf603e7be db7e024eefa34f0d9525ad1ee1475527 910acf3b84b64f358e48f506530f7cb1 - default default] 10.0.20.25 "GET /v2.0/ports?device_id=09474e77-0238-48d8-a685-26f10dc11d43 HTTP/1.1" status: 200  len: 1125 time: 0.8660431
2018-06-30 12:28:27.230 9146 INFO neutron.wsgi [req-1ee0ee7d-2e1c-4437-9042-d683d69a69f1 db7e024eefa34f0d9525ad1ee1475527 910acf3b84b64f358e48f506530f7cb1 - default default] 10.0.20.25 "GET /v2.0/floatingips?fixed_ip_address=11.246.1.10&port_id=1482f47c-52a8-4c1b-9a87-32bc4f6f80eb HTTP/1.1" status: 200  len: 752 time: 0.0586619
2018-06-30 12:28:27.242 9143 DEBUG neutron.pecan_wsgi.hooks.policy_enforcement [req-69dcc548-3b7b-4450-a127-c1ab070043b7 db7e024eefa34f0d9525ad1ee1475527 910acf3b84b64f358e48f506530f7cb1 - default default] Attributes excluded by policy engine: [u'shared'] _exclude_attributes_by_policy /usr/lib/python2.7/site-packages/neutron/pecan_wsgi/hooks/policy_enforcement.py:256
2018-06-30 12:28:27.246 9143 INFO neutron.wsgi [req-69dcc548-3b7b-4450-a127-c1ab070043b7 db7e024eefa34f0d9525ad1ee1475527 910acf3b84b64f358e48f506530f7cb1 - default default] 10.0.20.25 "GET /v2.0/subnets?id=087fe72c-62dd-4f08-8666-3e7fcf73e4bc HTTP/1.1" status: 200  len: 847 time: 0.1676970
2018-06-30 12:28:27.373 9147 INFO neutron.wsgi [req-b0825a33-3c65-4a4e-9672-fd6185ab02c7 db7e024eefa34f0d9525ad1ee1475527 910acf3b84b64f358e48f506530f7cb1 - default default] 10.0.20.25 "GET /v2.0/security-groups?id=221ed0e2-56b2-4a08-acbf-65d0ecd19449 HTTP/1.1" status: 200  len: 2118 time: 0.1520121
2018-06-30 12:28:27.384 9146 DEBUG neutron.pecan_wsgi.hooks.policy_enforcement [req-fec2f395-b543-4d1e-9e39-3ba4f52b1ea8 db7e024eefa34f0d9525ad1ee1475527 910acf3b84b64f358e48f506530f7cb1 - default default] Attributes excluded by policy engine: [u'shared'] _exclude_attributes_by_policy /usr/lib/python2.7/site-packages/neutron/pecan_wsgi/hooks/policy_enforcement.py:256
2018-06-30 12:28:27.389 9146 INFO neutron.wsgi [req-fec2f395-b543-4d1e-9e39-3ba4f52b1ea8 db7e024eefa34f0d9525ad1ee1475527 910acf3b84b64f358e48f506530f7cb1 - default default] 10.0.20.25 "GET /v2.0/subnets?id=087fe72c-62dd-4f08-8666-3e7fcf73e4bc HTTP/1.1" status: 200  len: 847 time: 0.1517601
2018-06-30 12:28:27.403 9143 INFO neutron.wsgi [req-7eebeb16-ec55-4598-9219-3b6bb65c4257 db7e024eefa34f0d9525ad1ee1475527 910acf3b84b64f358e48f506530f7cb1 - default default] 10.0.20.25 "GET /v2.0/ports?network_id=5c290763-d2f7-4e1b-971a-7b65a7441588&device_owner=network%3Adhcp HTTP/1.1" status: 200  len: 1128 time: 0.1461630
2018-06-30 12:28:27.568 9146 INFO neutron.wsgi [req-cc1d4e6d-e484-4406-bcce-06676a05865b db7e024eefa34f0d9525ad1ee1475527 910acf3b84b64f358e48f506530f7cb1 - default default] 10.0.20.25 "GET /v2.0/ports?network_id=5c290763-d2f7-4e1b-971a-7b65a7441588&device_owner=network%3Adhcp HTTP/1.1" status: 200  len: 1128 time: 0.1692240
2018-06-30 12:28:27.588 9151 DEBUG neutron_lib.callbacks.manager [req-4cd19d5a-42f6-4472-af2f-c1a0a3d1378b - - - - -] Notify callbacks ['neutron.services.segments.db._update_segment_host_mapping_for_agent-8781381961266'] for agent, after_update _notify_loop /usr/lib/python2.7/site-packages/neutron_lib/callbacks/manager.py:167
2018-06-30 12:28:28.382 9146 DEBUG oslo_concurrency.lockutils [-] Lock "notifier-5bdb855f-7157-4c7e-ba7d-4b37c040efa4" released by "neutron.notifiers.batch_notifier.synced_send" :: held 2.782s inner /usr/lib/python2.7/site-packages/oslo_concurrency/lockutils.py:282
2018-06-30 12:28:34.099 9156 DEBUG neutron_lib.callbacks.manager [req-701930bd-40b3-4995-9e2d-17b1bcd84be6 - - - - -] Notify callbacks ['neutron.services.segments.db._update_segment_host_mapping_for_agent-8781381961266'] for agent, after_update _notify_loop /usr/lib/python2.7/site-packages/neutron_lib/callbacks/manager.py:167
2018-06-30 12:28:34.579 9147 INFO neutron.wsgi [req-afea4f5e-d36e-4ad3-9da9-1fc1fc7e1df9 db7e024eefa34f0d9525ad1ee1475527 910acf3b84b64f358e48f506530f7cb1 - default default] 10.0.20.25 "GET /v2.0/ports?device_id=09474e77-0238-48d8-a685-26f10dc11d43 HTTP/1.1" status: 200  len: 1125 time: 0.8848300
2018-06-30 12:28:34.711 9147 INFO neutron.wsgi [req-684e38e8-d3f8-4321-a114-313afb7b8393 db7e024eefa34f0d9525ad1ee1475527 910acf3b84b64f358e48f506530f7cb1 - default default] 10.0.20.25 "GET /v2.0/security-groups?id=221ed0e2-56b2-4a08-acbf-65d0ecd19449 HTTP/1.1" status: 200  len: 2118 time: 0.1240449
2018-06-30 12:28:41.579 9142 DEBUG neutron.quota.resource [req-072e8748-fcc2-43eb-833f-1bb528905b74 25298efaed1f426d800b45253dd37f7d 08ee7166f3df45f881c08bc4916cc466 - 84461b001a844c4db361951e99330b2c 84461b001a844c4db361951e99330b2c] Synchronizing usage tracker for tenant:08ee7166f3df45f881c08bc4916cc466 on resource:port resync /usr/lib/python2.7/site-packages/neutron/quota/resource.py:245
2018-06-30 12:28:41.639 9142 DEBUG neutron.quota.resource [req-072e8748-fcc2-43eb-833f-1bb528905b74 25298efaed1f426d800b45253dd37f7d 08ee7166f3df45f881c08bc4916cc466 - 84461b001a844c4db361951e99330b2c 84461b001a844c4db361951e99330b2c] Unset dirty status for tenant:08ee7166f3df45f881c08bc4916cc466 on resource:port _resync /usr/lib/python2.7/site-packages/neutron/quota/resource.py:237
2018-06-30 12:28:41.641 9142 INFO neutron.wsgi [req-072e8748-fcc2-43eb-833f-1bb528905b74 25298efaed1f426d800b45253dd37f7d 08ee7166f3df45f881c08bc4916cc466 - 84461b001a844c4db361951e99330b2c 84461b001a844c4db361951e99330b2c] 10.0.20.25 "GET /v2.0/ports?device_id=09474e77-0238-48d8-a685-26f10dc11d43 HTTP/1.1" status: 200  len: 1125 time: 1.1770170
2018-06-30 12:28:41.656 9157 DEBUG neutron.db.agents_db [req-2c4ba18d-656e-407d-8df8-87a32fb7aa8c - - - - -] Agent healthcheck: found 5 active agents agent_health_check /usr/lib/python2.7/site-packages/neutron/db/agents_db.py:281
2018-06-30 12:28:41.786 9142 INFO neutron.wsgi [req-d1a1c24a-7f40-49f4-b646-99b7408c0c54 25298efaed1f426d800b45253dd37f7d 08ee7166f3df45f881c08bc4916cc466 - 84461b001a844c4db361951e99330b2c 84461b001a844c4db361951e99330b2c] 10.0.20.25 "GET /v2.0/security-groups?id=221ed0e2-56b2-4a08-acbf-65d0ecd19449 HTTP/1.1" status: 200  len: 2118 time: 0.1325738
2018-06-30 12:28:48.737 9143 INFO neutron.wsgi [req-0fe6e777-70eb-4dde-8ec9-11389f3f8b99 db7e024eefa34f0d9525ad1ee1475527 910acf3b84b64f358e48f506530f7cb1 - default default] 10.0.20.25 "GET /v2.0/ports?tenant_id=08ee7166f3df45f881c08bc4916cc466&device_id=09474e77-0238-48d8-a685-26f10dc11d43 HTTP/1.1" status: 200  len: 1125 time: 0.1659839
2018-06-30 12:28:49.352 9143 DEBUG neutron.pecan_wsgi.hooks.policy_enforcement [req-d59b6191-7885-4eea-b3fb-f1d337cbf200 db7e024eefa34f0d9525ad1ee1475527 910acf3b84b64f358e48f506530f7cb1 - default default] Attributes excluded by policy engine: [u'vlan_transparent'] _exclude_attributes_by_policy /usr/lib/python2.7/site-packages/neutron/pecan_wsgi/hooks/policy_enforcement.py:256
2018-06-30 12:28:49.356 9143 INFO neutron.wsgi [req-d59b6191-7885-4eea-b3fb-f1d337cbf200 db7e024eefa34f0d9525ad1ee1475527 910acf3b84b64f358e48f506530f7cb1 - default default] 10.0.20.25 "GET /v2.0/networks?id=5c290763-d2f7-4e1b-971a-7b65a7441588 HTTP/1.1" status: 200  len: 885 time: 0.6108429
2018-06-30 12:28:49.436 9143 INFO neutron.wsgi [req-2e5e0532-c132-4c7e-ba59-d9a06be98ed6 db7e024eefa34f0d9525ad1ee1475527 910acf3b84b64f358e48f506530f7cb1 - default default] 10.0.20.25 "GET /v2.0/floatingips?fixed_ip_address=11.246.1.10&port_id=1482f47c-52a8-4c1b-9a87-32bc4f6f80eb HTTP/1.1" status: 200  len: 752 time: 0.0740900
2018-06-30 12:28:49.589 9143 DEBUG neutron.pecan_wsgi.hooks.policy_enforcement [req-dd939cb8-ea8a-42c2-b8f7-3285ca10f637 db7e024eefa34f0d9525ad1ee1475527 910acf3b84b64f358e48f506530f7cb1 - default default] Attributes excluded by policy engine: [u'shared'] _exclude_attributes_by_policy /usr/lib/python2.7/site-packages/neutron/pecan_wsgi/hooks/policy_enforcement.py:256
2018-06-30 12:28:49.592 9143 INFO neutron.wsgi [req-dd939cb8-ea8a-42c2-b8f7-3285ca10f637 db7e024eefa34f0d9525ad1ee1475527 910acf3b84b64f358e48f506530f7cb1 - default default] 10.0.20.25 "GET /v2.0/subnets?id=087fe72c-62dd-4f08-8666-3e7fcf73e4bc HTTP/1.1" status: 200  len: 847 time: 0.1473160
2018-06-30 12:28:49.729 9143 INFO neutron.wsgi [req-358b274c-8c1c-4f33-bbb9-0d17d8c8b58d db7e024eefa34f0d9525ad1ee1475527 910acf3b84b64f358e48f506530f7cb1 - default default] 10.0.20.25 "GET /v2.0/ports?network_id=5c290763-d2f7-4e1b-971a-7b65a7441588&device_owner=network%3Adhcp HTTP/1.1" status: 200  len: 1128 time: 0.1301780
2018-06-30 12:28:56.819 9152 DEBUG neutron_lib.callbacks.manager [req-c0ff215d-e5d3-4ddd-82f8-cafdcea5574e - - - - -] Notify callbacks ['neutron.services.segments.db._update_segment_host_mapping_for_agent-8781381961266'] for agent, after_update _notify_loop /usr/lib/python2.7/site-packages/neutron_lib/callbacks/manager.py:167
2018-06-30 12:28:56.900 9148 DEBUG neutron_lib.callbacks.manager [req-1c597247-cb19-4911-b046-7452db242b4d - - - - -] Notify callbacks ['neutron.services.segments.db._update_segment_host_mapping_for_agent-8781381961266'] for agent, after_update _notify_loop /usr/lib/python2.7/site-packages/neutron_lib/callbacks/manager.py:167
2018-06-30 12:28:57.035 9154 DEBUG neutron_lib.callbacks.manager [req-b67b9a67-b0dc-4a99-add6-e731dadd92ef - - - - -] Notify callbacks ['neutron.services.segments.db._update_segment_host_mapping_for_agent-8781381961266'] for agent, after_update _notify_loop /usr/lib/python2.7/site-packages/neutron_lib/callbacks/manager.py:167
2018-06-30 12:28:57.592 9155 DEBUG neutron_lib.callbacks.manager [req-4f96962b-a3b9-473d-a563-78a84ee1cac9 - - - - -] Notify callbacks ['neutron.services.segments.db._update_segment_host_mapping_for_agent-8781381961266'] for agent, after_update _notify_loop /usr/lib/python2.7/site-packages/neutron_lib/callbacks/manager.py:167
2018-06-30 12:29:03.718 9142 INFO neutron.wsgi [req-2df815cb-6c87-49f6-a635-87bc17e67b68 25298efaed1f426d800b45253dd37f7d 08ee7166f3df45f881c08bc4916cc466 - 84461b001a844c4db361951e99330b2c 84461b001a844c4db361951e99330b2c] 10.0.20.25 "GET /v2.0/ports?device_id=09474e77-0238-48d8-a685-26f10dc11d43 HTTP/1.1" status: 200  len: 1125 time: 0.4923019
2018-06-30 12:29:03.837 9142 INFO neutron.wsgi [req-df91c9db-4145-44fc-b372-0d1579a2c992 25298efaed1f426d800b45253dd37f7d 08ee7166f3df45f881c08bc4916cc466 - 84461b001a844c4db361951e99330b2c 84461b001a844c4db361951e99330b2c] 10.0.20.25 "GET /v2.0/security-groups?id=221ed0e2-56b2-4a08-acbf-65d0ecd19449 HTTP/1.1" status: 200  len: 2118 time: 0.1102440
2018-06-30 12:29:04.043 9153 DEBUG neutron_lib.callbacks.manager [req-701930bd-40b3-4995-9e2d-17b1bcd84be6 - - - - -] Notify callbacks ['neutron.services.segments.db._update_segment_host_mapping_for_agent-8781381961266'] for agent, after_update _notify_loop /usr/lib/python2.7/site-packages/neutron_lib/callbacks/manager.py:167
2018-06-30 12:29:18.657 9157 DEBUG neutron.db.agents_db [req-2c4ba18d-656e-407d-8df8-87a32fb7aa8c - - - - -] Agent healthcheck: found 5 active agents agent_health_check /usr/lib/python2.7/site-packages/neutron/db/agents_db.py:281
2018-06-30 12:29:18.811 9143 INFO neutron.wsgi [req-aba53944-fd29-4baf-ba1e-d9c7d8c08f06 25298efaed1f426d800b45253dd37f7d 08ee7166f3df45f881c08bc4916cc466 - 84461b001a844c4db361951e99330b2c 84461b001a844c4db361951e99330b2c] 10.0.20.25 "GET /v2.0/ports?device_id=09474e77-0238-48d8-a685-26f10dc11d43 HTTP/1.1" status: 200  len: 1125 time: 0.7222099
2018-06-30 12:29:18.994 9143 INFO neutron.wsgi [req-369bfa41-32fb-401c-822b-b9da1da54b2c 25298efaed1f426d800b45253dd37f7d 08ee7166f3df45f881c08bc4916cc466 - 84461b001a844c4db361951e99330b2c 84461b001a844c4db361951e99330b2c] 10.0.20.25 "GET /v2.0/security-groups?id=221ed0e2-56b2-4a08-acbf-65d0ecd19449 HTTP/1.1" status: 200  len: 2118 time: 0.1748931
2018-06-30 12:29:26.812 9150 DEBUG neutron_lib.callbacks.manager [req-c0ff215d-e5d3-4ddd-82f8-cafdcea5574e - - - - -] Notify callbacks ['neutron.services.segments.db._update_segment_host_mapping_for_agent-8781381961266'] for agent, after_update _notify_loop /usr/lib/python2.7/site-packages/neutron_lib/callbacks/manager.py:167
2018-06-30 12:29:26.890 9149 DEBUG neutron_lib.callbacks.manager [req-61b33f0a-4562-486f-aff0-bddda8daeb45 - - - - -] Notify callbacks ['neutron.services.segments.db._update_segment_host_mapping_for_agent-8781381961266'] for agent, after_update _notify_loop /usr/lib/python2.7/site-packages/neutron_lib/callbacks/manager.py:167
2018-06-30 12:29:27.049 9151 DEBUG neutron_lib.callbacks.manager [req-b67b9a67-b0dc-4a99-add6-e731dadd92ef - - - - -] Notify callbacks ['neutron.services.segments.db._update_segment_host_mapping_for_agent-8781381961266'] for agent, after_update _notify_loop /usr/lib/python2.7/site-packages/neutron_lib/callbacks/manager.py:167
2018-06-30 12:29:27.585 9156 DEBUG neutron_lib.callbacks.manager [req-d1619c5f-58dc-44ae-aacd-d3c541ae52c1 - - - - -] Notify callbacks ['neutron.services.segments.db._update_segment_host_mapping_for_agent-8781381961266'] for agent, after_update _notify_loop /usr/lib/python2.7/site-packages/neutron_lib/callbacks/manager.py:167
2018-06-30 12:29:33.409 9142 INFO neutron.wsgi [req-0d5669c5-fc10-4674-b7fa-a1504079e6e7 25298efaed1f426d800b45253dd37f7d 08ee7166f3df45f881c08bc4916cc466 - 84461b001a844c4db361951e99330b2c 84461b001a844c4db361951e99330b2c] 10.0.20.25 "GET /v2.0/ports?device_id=09474e77-0238-48d8-a685-26f10dc11d43 HTTP/1.1" status: 200  len: 1125 time: 0.7749860
2018-06-30 12:29:33.577 9142 INFO neutron.wsgi [req-4772c99c-2401-4b98-89d5-697b3ea6ba95 25298efaed1f426d800b45253dd37f7d 08ee7166f3df45f881c08bc4916cc466 - 84461b001a844c4db361951e99330b2c 84461b001a844c4db361951e99330b2c] 10.0.20.25 "GET /v2.0/security-groups?id=221ed0e2-56b2-4a08-acbf-65d0ecd19449 HTTP/1.1" status: 200  len: 2118 time: 0.1584070
2018-06-30 12:29:34.033 9152 DEBUG neutron_lib.callbacks.manager [req-701930bd-40b3-4995-9e2d-17b1bcd84be6 - - - - -] Notify callbacks ['neutron.services.segments.db._update_segment_host_mapping_for_agent-8781381961266'] for agent, after_update _notify_loop /usr/lib/python2.7/site-packages/neutron_lib/callbacks/manager.py:167
2018-06-30 12:29:43.635 9142 INFO neutron.wsgi [req-4e6b204b-5af4-4ad8-8f2e-f81ac104a1b3 25298efaed1f426d800b45253dd37f7d 08ee7166f3df45f881c08bc4916cc466 - 84461b001a844c4db361951e99330b2c 84461b001a844c4db361951e99330b2c] 10.0.20.25 "GET /v2.0/ports?device_id=09474e77-0238-48d8-a685-26f10dc11d43 HTTP/1.1" status: 200  len: 1125 time: 0.6522470
2018-06-30 12:29:43.769 9142 INFO neutron.wsgi [req-aa1b690b-e07a-41d6-90fc-ea8ae20de4b0 25298efaed1f426d800b45253dd37f7d 08ee7166f3df45f881c08bc4916cc466 - 84461b001a844c4db361951e99330b2c 84461b001a844c4db361951e99330b2c] 10.0.20.25 "GET /v2.0/security-groups?id=221ed0e2-56b2-4a08-acbf-65d0ecd19449 HTTP/1.1" status: 200  len: 2118 time: 0.1265061
2018-06-30 12:29:50.730 9143 INFO neutron.wsgi [req-0c957cec-95d9-4b2a-b79a-1583b178ab59 db7e024eefa34f0d9525ad1ee1475527 910acf3b84b64f358e48f506530f7cb1 - default default] 10.0.20.25 "GET /v2.0/ports?tenant_id=08ee7166f3df45f881c08bc4916cc466&device_id=09474e77-0238-48d8-a685-26f10dc11d43 HTTP/1.1" status: 200  len: 1125 time: 0.1580451
2018-06-30 12:29:51.045 9143 DEBUG neutron.pecan_wsgi.hooks.policy_enforcement [req-c5c59ca7-12d9-4bf0-9fad-a9a0f6381c9e db7e024eefa34f0d9525ad1ee1475527 910acf3b84b64f358e48f506530f7cb1 - default default] Attributes excluded by policy engine: [u'vlan_transparent'] _exclude_attributes_by_policy /usr/lib/python2.7/site-packages/neutron/pecan_wsgi/hooks/policy_enforcement.py:256
2018-06-30 12:29:51.048 9143 INFO neutron.wsgi [req-c5c59ca7-12d9-4bf0-9fad-a9a0f6381c9e db7e024eefa34f0d9525ad1ee1475527 910acf3b84b64f358e48f506530f7cb1 - default default] 10.0.20.25 "GET /v2.0/networks?id=5c290763-d2f7-4e1b-971a-7b65a7441588 HTTP/1.1" status: 200  len: 885 time: 0.3100071
2018-06-30 12:29:51.115 9143 INFO neutron.wsgi [req-22c25fc5-5f8f-48db-b837-2768dea209b3 db7e024eefa34f0d9525ad1ee1475527 910acf3b84b64f358e48f506530f7cb1 - default default] 10.0.20.25 "GET /v2.0/floatingips?fixed_ip_address=11.246.1.10&port_id=1482f47c-52a8-4c1b-9a87-32bc4f6f80eb HTTP/1.1" status: 200  len: 752 time: 0.0580621
2018-06-30 12:29:51.275 9143 DEBUG neutron.pecan_wsgi.hooks.policy_enforcement [req-fa5696c4-44f2-43a4-9168-8ce1694d3175 db7e024eefa34f0d9525ad1ee1475527 910acf3b84b64f358e48f506530f7cb1 - default default] Attributes excluded by policy engine: [u'shared'] _exclude_attributes_by_policy /usr/lib/python2.7/site-packages/neutron/pecan_wsgi/hooks/policy_enforcement.py:256
2018-06-30 12:29:51.277 9143 INFO neutron.wsgi [req-fa5696c4-44f2-43a4-9168-8ce1694d3175 db7e024eefa34f0d9525ad1ee1475527 910acf3b84b64f358e48f506530f7cb1 - default default] 10.0.20.25 "GET /v2.0/subnets?id=087fe72c-62dd-4f08-8666-3e7fcf73e4bc HTTP/1.1" status: 200  len: 847 time: 0.1529830
2018-06-30 12:29:51.441 9143 INFO neutron.wsgi [req-38f1c76f-1e7b-4d76-bfa9-134c107e4ad6 db7e024eefa34f0d9525ad1ee1475527 910acf3b84b64f358e48f506530f7cb1 - default default] 10.0.20.25 "GET /v2.0/ports?network_id=5c290763-d2f7-4e1b-971a-7b65a7441588&device_owner=network%3Adhcp HTTP/1.1" status: 200  len: 1128 time: 0.1487060
2018-06-30 12:29:55.676 9157 DEBUG neutron.db.agents_db [req-2c4ba18d-656e-407d-8df8-87a32fb7aa8c - - - - -] Agent healthcheck: found 5 active agents agent_health_check /usr/lib/python2.7/site-packages/neutron/db/agents_db.py:281
2018-06-30 12:29:56.809 9143 INFO neutron.wsgi [req-2c5f3e47-e91a-4ab6-b589-ccd43f094922 25298efaed1f426d800b45253dd37f7d 08ee7166f3df45f881c08bc4916cc466 - 84461b001a844c4db361951e99330b2c 84461b001a844c4db361951e99330b2c] 10.0.20.25 "GET /v2.0/ports?device_id=09474e77-0238-48d8-a685-26f10dc11d43 HTTP/1.1" status: 200  len: 1125 time: 0.6180220
2018-06-30 12:29:56.826 9148 DEBUG neutron_lib.callbacks.manager [req-c0ff215d-e5d3-4ddd-82f8-cafdcea5574e - - - - -] Notify callbacks ['neutron.services.segments.db._update_segment_host_mapping_for_agent-8781381961266'] for agent, after_update _notify_loop /usr/lib/python2.7/site-packages/neutron_lib/callbacks/manager.py:167
2018-06-30 12:29:56.890 9154 DEBUG neutron_lib.callbacks.manager [req-b7732993-ab68-4b88-a5cc-c354893d818f - - - - -] Notify callbacks ['neutron.services.segments.db._update_segment_host_mapping_for_agent-8781381961266'] for agent, after_update _notify_loop /usr/lib/python2.7/site-packages/neutron_lib/callbacks/manager.py:167
2018-06-30 12:29:56.968 9143 INFO neutron.wsgi [req-0444e39c-f125-4f3a-a0b3-37de7ea2b260 25298efaed1f426d800b45253dd37f7d 08ee7166f3df45f881c08bc4916cc466 - 84461b001a844c4db361951e99330b2c 84461b001a844c4db361951e99330b2c] 10.0.20.25 "GET /v2.0/security-groups?id=221ed0e2-56b2-4a08-acbf-65d0ecd19449 HTTP/1.1" status: 200  len: 2118 time: 0.1504211
2018-06-30 12:29:57.037 9155 DEBUG neutron_lib.callbacks.manager [req-b67b9a67-b0dc-4a99-add6-e731dadd92ef - - - - -] Notify callbacks ['neutron.services.segments.db._update_segment_host_mapping_for_agent-8781381961266'] for agent, after_update _notify_loop /usr/lib/python2.7/site-packages/neutron_lib/callbacks/manager.py:167
2018-06-30 12:29:57.590 9153 DEBUG neutron_lib.callbacks.manager [req-38aa632d-f90b-4c89-8793-208734fc4d67 - - - - -] Notify callbacks ['neutron.services.segments.db._update_segment_host_mapping_for_agent-8781381961266'] for agent, after_update _notify_loop /usr/lib/python2.7/site-packages/neutron_lib/callbacks/manager.py:167
2018-06-30 12:30:04.029 9150 DEBUG neutron_lib.callbacks.manager [req-701930bd-40b3-4995-9e2d-17b1bcd84be6 - - - - -] Notify callbacks ['neutron.services.segments.db._update_segment_host_mapping_for_agent-8781381961266'] for agent, after_update _notify_loop /usr/lib/python2.7/site-packages/neutron_lib/callbacks/manager.py:167
2018-06-30 12:30:09.337 9146 INFO neutron.wsgi [req-4190d40b-7065-4d6f-b19e-c4aaca6c5279 25298efaed1f426d800b45253dd37f7d 08ee7166f3df45f881c08bc4916cc466 - 84461b001a844c4db361951e99330b2c 84461b001a844c4db361951e99330b2c] 10.0.20.25 "GET /v2.0/ports?device_id=09474e77-0238-48d8-a685-26f10dc11d43 HTTP/1.1" status: 200  len: 1125 time: 0.8893030
2018-06-30 12:30:09.540 9146 INFO neutron.wsgi [req-15c6ad6d-ac4e-4872-b020-d1d651b3f8be 25298efaed1f426d800b45253dd37f7d 08ee7166f3df45f881c08bc4916cc466 - 84461b001a844c4db361951e99330b2c 84461b001a844c4db361951e99330b2c] 10.0.20.25 "GET /v2.0/security-groups?id=221ed0e2-56b2-4a08-acbf-65d0ecd19449 HTTP/1.1" status: 200  len: 2118 time: 0.1904581
2018-06-30 12:30:26.832 9149 DEBUG neutron_lib.callbacks.manager [req-c0ff215d-e5d3-4ddd-82f8-cafdcea5574e - - - - -] Notify callbacks ['neutron.services.segments.db._update_segment_host_mapping_for_agent-8781381961266'] for agent, after_update _notify_loop /usr/lib/python2.7/site-packages/neutron_lib/callbacks/manager.py:167
2018-06-30 12:30:26.900 9151 DEBUG neutron_lib.callbacks.manager [req-2041637a-c9e0-4724-904f-8910367f1cf3 - - - - -] Notify callbacks ['neutron.services.segments.db._update_segment_host_mapping_for_agent-8781381961266'] for agent, after_update _notify_loop /usr/lib/python2.7/site-packages/neutron_lib/callbacks/manager.py:167
2018-06-30 12:30:27.066 9156 DEBUG neutron_lib.callbacks.manager [req-b67b9a67-b0dc-4a99-add6-e731dadd92ef - - - - -] Notify callbacks ['neutron.services.segments.db._update_segment_host_mapping_for_agent-8781381961266'] for agent, after_update _notify_loop /usr/lib/python2.7/site-packages/neutron_lib/callbacks/manager.py:167
2018-06-30 12:30:27.141 9146 INFO neutron.wsgi [req-9b40980a-4486-41cc-901e-b01160f896d0 25298efaed1f426d800b45253dd37f7d 08ee7166f3df45f881c08bc4916cc466 - 84461b001a844c4db361951e99330b2c 84461b001a844c4db361951e99330b2c] 10.0.20.25 "GET /v2.0/ports?device_id=09474e77-0238-48d8-a685-26f10dc11d43 HTTP/1.1" status: 200  len: 1125 time: 0.7950029
2018-06-30 12:30:27.325 9146 INFO neutron.wsgi [req-6c8e934d-677a-4a1d-8f35-d239c659eaaf 25298efaed1f426d800b45253dd37f7d 08ee7166f3df45f881c08bc4916cc466 - 84461b001a844c4db361951e99330b2c 84461b001a844c4db361951e99330b2c] 10.0.20.25 "GET /v2.0/security-groups?id=221ed0e2-56b2-4a08-acbf-65d0ecd19449 HTTP/1.1" status: 200  len: 2118 time: 0.1762090
2018-06-30 12:30:27.592 9152 DEBUG neutron_lib.callbacks.manager [req-81be90b6-8db5-4b9a-a92b-f06870fd502d - - - - -] Notify callbacks ['neutron.services.segments.db._update_segment_host_mapping_for_agent-8781381961266'] for agent, after_update _notify_loop /usr/lib/python2.7/site-packages/neutron_lib/callbacks/manager.py:167
2018-06-30 12:30:32.671 9157 DEBUG neutron.db.agents_db [req-2c4ba18d-656e-407d-8df8-87a32fb7aa8c - - - - -] Agent healthcheck: found 5 active agents agent_health_check /usr/lib/python2.7/site-packages/neutron/db/agents_db.py:281
2018-06-30 12:30:34.021 9148 DEBUG neutron_lib.callbacks.manager [req-701930bd-40b3-4995-9e2d-17b1bcd84be6 - - - - -] Notify callbacks ['neutron.services.segments.db._update_segment_host_mapping_for_agent-8781381961266'] for agent, after_update _notify_loop /usr/lib/python2.7/site-packages/neutron_lib/callbacks/manager.py:167
2018-06-30 12:30:40.306 9146 INFO neutron.wsgi [req-6d04ef90-b723-4265-966e-fef6bb7814a4 25298efaed1f426d800b45253dd37f7d 08ee7166f3df45f881c08bc4916cc466 - 84461b001a844c4db361951e99330b2c 84461b001a844c4db361951e99330b2c] 10.0.20.25 "GET /v2.0/ports?device_id=09474e77-0238-48d8-a685-26f10dc11d43 HTTP/1.1" status: 200  len: 1125 time: 1.1990380
2018-06-30 12:30:40.434 9146 INFO neutron.wsgi [req-221765a1-395f-42f3-b8b2-33e2708cd807 25298efaed1f426d800b45253dd37f7d 08ee7166f3df45f881c08bc4916cc466 - 84461b001a844c4db361951e99330b2c 84461b001a844c4db361951e99330b2c] 10.0.20.25 "GET /v2.0/security-groups?id=221ed0e2-56b2-4a08-acbf-65d0ecd19449 HTTP/1.1" status: 200  len: 2118 time: 0.1183829
2018-06-30 12:30:41.326 9143 INFO neutron.wsgi [req-02583f5c-2a69-4ccc-8d11-6de596707441 db7e024eefa34f0d9525ad1ee1475527 910acf3b84b64f358e48f506530f7cb1 - default default] 10.0.20.25 "GET /v2.0/ports?tenant_id=08ee7166f3df45f881c08bc4916cc466&device_id=09474e77-0238-48d8-a685-26f10dc11d43 HTTP/1.1" status: 200  len: 1125 time: 0.1782382
2018-06-30 12:30:41.624 9143 DEBUG neutron.pecan_wsgi.hooks.policy_enforcement [req-3202fe56-17f9-4bf6-8b65-2b357534cfd1 db7e024eefa34f0d9525ad1ee1475527 910acf3b84b64f358e48f506530f7cb1 - default default] Attributes excluded by policy engine: [u'vlan_transparent'] _exclude_attributes_by_policy /usr/lib/python2.7/site-packages/neutron/pecan_wsgi/hooks/policy_enforcement.py:256
2018-06-30 12:30:41.628 9143 INFO neutron.wsgi [req-3202fe56-17f9-4bf6-8b65-2b357534cfd1 db7e024eefa34f0d9525ad1ee1475527 910acf3b84b64f358e48f506530f7cb1 - default default] 10.0.20.25 "GET /v2.0/networks?id=5c290763-d2f7-4e1b-971a-7b65a7441588 HTTP/1.1" status: 200  len: 885 time: 0.2935948
2018-06-30 12:30:41.688 9143 INFO neutron.wsgi [req-0c198342-2283-453d-ba7f-fc0ba62c4915 db7e024eefa34f0d9525ad1ee1475527 910acf3b84b64f358e48f506530f7cb1 - default default] 10.0.20.25 "GET /v2.0/floatingips?fixed_ip_address=11.246.1.10&port_id=1482f47c-52a8-4c1b-9a87-32bc4f6f80eb HTTP/1.1" status: 200  len: 752 time: 0.0524180
2018-06-30 12:30:41.860 9143 DEBUG neutron.pecan_wsgi.hooks.policy_enforcement [req-35f29684-8def-4757-bef4-2036c26130c9 db7e024eefa34f0d9525ad1ee1475527 910acf3b84b64f358e48f506530f7cb1 - default default] Attributes excluded by policy engine: [u'shared'] _exclude_attributes_by_policy /usr/lib/python2.7/site-packages/neutron/pecan_wsgi/hooks/policy_enforcement.py:256
2018-06-30 12:30:41.865 9143 INFO neutron.wsgi [req-35f29684-8def-4757-bef4-2036c26130c9 db7e024eefa34f0d9525ad1ee1475527 910acf3b84b64f358e48f506530f7cb1 - default default] 10.0.20.25 "GET /v2.0/subnets?id=087fe72c-62dd-4f08-8666-3e7fcf73e4bc HTTP/1.1" status: 200  len: 847 time: 0.1691208
2018-06-30 12:30:41.988 9143 INFO neutron.wsgi [req-9faebd10-0cbf-4d62-8553-a234d491b71c db7e024eefa34f0d9525ad1ee1475527 910acf3b84b64f358e48f506530f7cb1 - default default] 10.0.20.25 "GET /v2.0/ports?network_id=5c290763-d2f7-4e1b-971a-7b65a7441588&device_owner=network%3Adhcp HTTP/1.1" status: 200  len: 1128 time: 0.1149561
2018-06-30 12:30:43.858 9151 DEBUG neutron.plugins.ml2.rpc [req-701930bd-40b3-4995-9e2d-17b1bcd84be6 - - - - -] Device 1482f47c-52a8-4c1b-9a87-32bc4f6f80eb no longer exists at agent ovs-agent-localhost.localdomain update_device_down /usr/lib/python2.7/site-packages/neutron/plugins/ml2/rpc.py:213
2018-06-30 12:30:44.074 9151 DEBUG neutron_lib.callbacks.manager [req-701930bd-40b3-4995-9e2d-17b1bcd84be6 - - - - -] Notify callbacks ['neutron.plugins.ml2.plugin.Ml2Plugin._ensure_default_security_group_handler--9223372036852855456'] for port, before_update _notify_loop /usr/lib/python2.7/site-packages/neutron_lib/callbacks/manager.py:167
2018-06-30 12:30:44.167 9151 DEBUG oslo_concurrency.lockutils [-] Lock "notifier-5bdb855f-7157-4c7e-ba7d-4b37c040efa4" acquired by "neutron.notifiers.batch_notifier.synced_send" :: waited 0.000s inner /usr/lib/python2.7/site-packages/oslo_concurrency/lockutils.py:270
2018-06-30 12:30:44.168 9151 DEBUG neutron.notifiers.nova [-] Sending events: [{'status': 'completed', 'tag': u'1482f47c-52a8-4c1b-9a87-32bc4f6f80eb', 'name': 'network-vif-unplugged', 'server_uuid': u'09474e77-0238-48d8-a685-26f10dc11d43'}] send_events /usr/lib/python2.7/site-packages/neutron/notifiers/nova.py:242
