2018-09-12 23:27:27.371 25588 INFO neutron.wsgi [req-c06eafe3-1eb2-4304-ae63-a414ab9855f2 6bce0e5766c84e1a98c3cb5ccb2e3772 4cff21d35d8b43b9a2a1ce042bb4f9f9 - default default] 10.0.20.20 "GET /v2.0/ports?network_id=0ec39292-8379-49b3-ad59-b5ae04fae1b1 HTTP/1.1" status: 200  len: 1127 time: 0.1507771
2018-09-12 23:27:36.113 25591 DEBUG neutron.wsgi [-] (25591) accepted ('10.0.20.20', 49976) server /usr/lib/python2.7/site-packages/eventlet/wsgi.py:883
2018-09-12 23:27:36.119 25591 INFO neutron.wsgi [-] 10.0.20.20 "GET / HTTP/1.1" status: 200  len: 252 time: 0.0030921
2018-09-12 23:27:36.868 25591 INFO neutron.wsgi [req-875edd15-631c-4b58-82ee-954e053d0ce9 6bce0e5766c84e1a98c3cb5ccb2e3772 4cff21d35d8b43b9a2a1ce042bb4f9f9 - default default] 10.0.20.20 "GET /v2.0/ports/2a11b715-7fcc-47a1-885e-5b0112628fee HTTP/1.1" status: 200  len: 1124 time: 0.7420430
2018-09-12 23:27:36.999 25591 DEBUG neutron.plugins.ml2.plugin [req-ac1d8d4b-2cf6-46d1-ab18-415b7a5cc347 6bce0e5766c84e1a98c3cb5ccb2e3772 4cff21d35d8b43b9a2a1ce042bb4f9f9 - default default] Deleting port 2a11b715-7fcc-47a1-885e-5b0112628fee _pre_delete_port /usr/lib/python2.7/site-packages/neutron/plugins/ml2/plugin.py:1488
2018-09-12 23:27:37.001 25591 DEBUG neutron_lib.callbacks.manager [req-ac1d8d4b-2cf6-46d1-ab18-415b7a5cc347 6bce0e5766c84e1a98c3cb5ccb2e3772 4cff21d35d8b43b9a2a1ce042bb4f9f9 - default default] Notify callbacks ['neutron.db.l3_db._prevent_l3_port_delete_callback-8758844025574'] for port, before_delete _notify_loop /usr/lib/python2.7/site-packages/neutron_lib/callbacks/manager.py:167
2018-09-12 23:27:37.520 25591 DEBUG neutron.plugins.ml2.db [req-ac1d8d4b-2cf6-46d1-ab18-415b7a5cc347 6bce0e5766c84e1a98c3cb5ccb2e3772 4cff21d35d8b43b9a2a1ce042bb4f9f9 - default default] For port 2a11b715-7fcc-47a1-885e-5b0112628fee, host localhost.localdomain, got binding levels [<neutron.plugins.ml2.models.PortBindingLevel[object at 7f753b2febd0] {port_id=u'2a11b715-7fcc-47a1-885e-5b0112628fee', host=u'localhost.localdomain', level=0, driver=u'openvswitch', segment_id=u'f0555a02-8bc4-4212-8bcc-7f1ad6ce0dc8'}>] get_binding_levels /usr/lib/python2.7/site-packages/neutron/plugins/ml2/db.py:106
2018-09-12 23:27:37.571 25591 DEBUG neutron.plugins.ml2.plugin [req-ac1d8d4b-2cf6-46d1-ab18-415b7a5cc347 6bce0e5766c84e1a98c3cb5ccb2e3772 4cff21d35d8b43b9a2a1ce042bb4f9f9 - default default] Calling delete_port for 2a11b715-7fcc-47a1-885e-5b0112628fee owned by network:dhcp delete_port /usr/lib/python2.7/site-packages/neutron/plugins/ml2/plugin.py:1547
2018-09-12 23:27:37.934 25591 DEBUG neutron_lib.callbacks.manager [req-ac1d8d4b-2cf6-46d1-ab18-415b7a5cc347 6bce0e5766c84e1a98c3cb5ccb2e3772 4cff21d35d8b43b9a2a1ce042bb4f9f9 - default default] Notify callbacks ['neutron.api.rpc.agentnotifiers.dhcp_rpc_agent_api.DhcpAgentNotifyAPI._native_event_send_dhcp_notification-795100', 'neutron.plugins.ml2.ovo_rpc._ObjectChangeHandler.handle_event-584190', 'neutron.db.l3_dvrscheduler_db._notify_port_delete-8758843449981', 'neutron.db.l3_db._notify_routers_callback--9223363278010739520', 'neutron.plugins.ml2.plugin.Ml2Plugin.notify_sg_on_port_change-2012830'] for port, after_delete _notify_loop /usr/lib/python2.7/site-packages/neutron_lib/callbacks/manager.py:167
2018-09-12 23:27:38.333 25591 DEBUG oslo_concurrency.lockutils [-] Lock "event-dispatch" acquired by "neutron.plugins.ml2.ovo_rpc.dispatch_events" :: waited 0.000s inner /usr/lib/python2.7/site-packages/oslo_concurrency/lockutils.py:270
2018-09-12 23:27:38.401 25596 DEBUG neutron.api.rpc.handlers.dhcp_rpc [req-8ecd3024-0b82-4024-8095-c732acd2da06 - - - - -] DHCP port deletion for 0ec39292-8379-49b3-ad59-b5ae04fae1b1 request from localhost.localdomain release_dhcp_port /usr/lib/python2.7/site-packages/neutron/api/rpc/handlers/dhcp_rpc.py:246
2018-09-12 23:27:38.499 25591 DEBUG neutron.api.rpc.handlers.resources_rpc [req-ac1d8d4b-2cf6-46d1-ab18-415b7a5cc347 6bce0e5766c84e1a98c3cb5ccb2e3772 4cff21d35d8b43b9a2a1ce042bb4f9f9 - - -] neutron.api.rpc.handlers.resources_rpc.ResourcesPushRpcApi method push called with arguments (<neutron_lib.context.Context object at 0x7f753b372f50>, [Port(admin_state_up=<?>,allowed_address_pairs=<?>,binding=<?>,binding_levels=<?>,created_at=<?>,data_plane_status=<?>,description=<?>,device_id=<?>,device_owner=<?>,dhcp_options=<?>,distributed_binding=<?>,dns=<?>,fixed_ips=<?>,id=2a11b715-7fcc-47a1-885e-5b0112628fee,mac_address=<?>,name=<?>,network_id=<?>,project_id=<?>,qos_policy_id=None,revision_number=<?>,security=<?>,security_group_ids=None,status=<?>,updated_at=<?>)], 'deleted') {} wrapper /usr/lib/python2.7/site-packages/oslo_log/helpers.py:66
2018-09-12 23:27:38.539 25591 DEBUG neutron.db.l3_dvrscheduler_db [req-ac1d8d4b-2cf6-46d1-ab18-415b7a5cc347 6bce0e5766c84e1a98c3cb5ccb2e3772 4cff21d35d8b43b9a2a1ce042bb4f9f9 - default default] No DVR routers for this DVR port 2a11b715-7fcc-47a1-885e-5b0112628fee on host localhost.localdomain get_dvr_routers_to_remove /usr/lib/python2.7/site-packages/neutron/db/l3_dvrscheduler_db.py:191
2018-09-12 23:27:38.546 25591 DEBUG neutron.api.rpc.callbacks.version_manager [req-ac1d8d4b-2cf6-46d1-ab18-415b7a5cc347 6bce0e5766c84e1a98c3cb5ccb2e3772 4cff21d35d8b43b9a2a1ce042bb4f9f9 - - -] Version for resource type Subnet changed None to 1.0 on consumer Open vSwitch agent@localhost.localdomain _set_version /usr/lib/python2.7/site-packages/neutron/api/rpc/callbacks/version_manager.py:119
2018-09-12 23:27:38.547 25591 DEBUG neutron.api.rpc.callbacks.version_manager [req-ac1d8d4b-2cf6-46d1-ab18-415b7a5cc347 6bce0e5766c84e1a98c3cb5ccb2e3772 4cff21d35d8b43b9a2a1ce042bb4f9f9 - - -] Version for resource type Network changed None to 1.0 on consumer Open vSwitch agent@localhost.localdomain _set_version /usr/lib/python2.7/site-packages/neutron/api/rpc/callbacks/version_manager.py:119
2018-09-12 23:27:38.548 25591 DEBUG neutron.api.rpc.callbacks.version_manager [req-ac1d8d4b-2cf6-46d1-ab18-415b7a5cc347 6bce0e5766c84e1a98c3cb5ccb2e3772 4cff21d35d8b43b9a2a1ce042bb4f9f9 - - -] Version for resource type SubPort changed None to 1.0 on consumer Open vSwitch agent@localhost.localdomain _set_version /usr/lib/python2.7/site-packages/neutron/api/rpc/callbacks/version_manager.py:119
2018-09-12 23:27:38.549 25591 DEBUG neutron.api.rpc.callbacks.version_manager [req-ac1d8d4b-2cf6-46d1-ab18-415b7a5cc347 6bce0e5766c84e1a98c3cb5ccb2e3772 4cff21d35d8b43b9a2a1ce042bb4f9f9 - - -] Version for resource type SecurityGroup changed None to 1.0 on consumer Open vSwitch agent@localhost.localdomain _set_version /usr/lib/python2.7/site-packages/neutron/api/rpc/callbacks/version_manager.py:119
2018-09-12 23:27:38.550 25591 DEBUG neutron.api.rpc.callbacks.version_manager [req-ac1d8d4b-2cf6-46d1-ab18-415b7a5cc347 6bce0e5766c84e1a98c3cb5ccb2e3772 4cff21d35d8b43b9a2a1ce042bb4f9f9 - - -] Version for resource type SecurityGroupRule changed None to 1.0 on consumer Open vSwitch agent@localhost.localdomain _set_version /usr/lib/python2.7/site-packages/neutron/api/rpc/callbacks/version_manager.py:119
2018-09-12 23:27:38.550 25591 DEBUG neutron.api.rpc.callbacks.version_manager [req-ac1d8d4b-2cf6-46d1-ab18-415b7a5cc347 6bce0e5766c84e1a98c3cb5ccb2e3772 4cff21d35d8b43b9a2a1ce042bb4f9f9 - - -] Version for resource type Trunk changed None to 1.1 on consumer Open vSwitch agent@localhost.localdomain _set_version /usr/lib/python2.7/site-packages/neutron/api/rpc/callbacks/version_manager.py:119
2018-09-12 23:27:38.551 25591 DEBUG neutron.api.rpc.callbacks.version_manager [req-ac1d8d4b-2cf6-46d1-ab18-415b7a5cc347 6bce0e5766c84e1a98c3cb5ccb2e3772 4cff21d35d8b43b9a2a1ce042bb4f9f9 - - -] Version for resource type QosPolicy changed None to 1.6 on consumer Open vSwitch agent@localhost.localdomain _set_version /usr/lib/python2.7/site-packages/neutron/api/rpc/callbacks/version_manager.py:119
2018-09-12 23:27:38.552 25591 DEBUG neutron.api.rpc.callbacks.version_manager [req-ac1d8d4b-2cf6-46d1-ab18-415b7a5cc347 6bce0e5766c84e1a98c3cb5ccb2e3772 4cff21d35d8b43b9a2a1ce042bb4f9f9 - - -] Version for resource type Port changed None to 1.1 on consumer Open vSwitch agent@localhost.localdomain _set_version /usr/lib/python2.7/site-packages/neutron/api/rpc/callbacks/version_manager.py:119
2018-09-12 23:27:38.553 25591 DEBUG neutron.api.rpc.callbacks.version_manager [req-ac1d8d4b-2cf6-46d1-ab18-415b7a5cc347 6bce0e5766c84e1a98c3cb5ccb2e3772 4cff21d35d8b43b9a2a1ce042bb4f9f9 - - -] Version for resource type Log changed None to 1.0 on consumer Open vSwitch agent@localhost.localdomain _set_version /usr/lib/python2.7/site-packages/neutron/api/rpc/callbacks/version_manager.py:119
2018-09-12 23:27:38.563 25591 DEBUG oslo_concurrency.lockutils [req-ac1d8d4b-2cf6-46d1-ab18-415b7a5cc347 6bce0e5766c84e1a98c3cb5ccb2e3772 4cff21d35d8b43b9a2a1ce042bb4f9f9 - - -] Lock "event-dispatch" released by "neutron.plugins.ml2.ovo_rpc.dispatch_events" :: held 0.230s inner /usr/lib/python2.7/site-packages/oslo_concurrency/lockutils.py:282
2018-09-12 23:27:38.573 25591 DEBUG neutron_lib.callbacks.manager [req-ac1d8d4b-2cf6-46d1-ab18-415b7a5cc347 6bce0e5766c84e1a98c3cb5ccb2e3772 4cff21d35d8b43b9a2a1ce042bb4f9f9 - default default] Notify callbacks ['neutron.notifiers.nova.Notifier._send_nova_notification--9223372036854774211'] for port, before_response _notify_loop /usr/lib/python2.7/site-packages/neutron_lib/callbacks/manager.py:167
2018-09-12 23:27:38.606 25591 DEBUG neutron.quota.resource [req-ac1d8d4b-2cf6-46d1-ab18-415b7a5cc347 6bce0e5766c84e1a98c3cb5ccb2e3772 4cff21d35d8b43b9a2a1ce042bb4f9f9 - default default] Persisted dirty status for tenant:5a19bb0c571c458dbbd628a49d2ba2b7 on resource:port mark_dirty /usr/lib/python2.7/site-packages/neutron/quota/resource.py:207
2018-09-12 23:27:38.611 25591 INFO neutron.wsgi [req-ac1d8d4b-2cf6-46d1-ab18-415b7a5cc347 6bce0e5766c84e1a98c3cb5ccb2e3772 4cff21d35d8b43b9a2a1ce042bb4f9f9 - default default] 10.0.20.20 "DELETE /v2.0/ports/2a11b715-7fcc-47a1-885e-5b0112628fee HTTP/1.1" status: 204  len: 173 time: 1.7340009
2018-09-12 23:27:38.795 25597 DEBUG neutron.plugins.ml2.rpc [req-651998d6-3f16-4ba6-b754-1e5aee7eb862 - - - - -] Device 2a11b715-7fcc-47a1-885e-5b0112628fee no longer exists at agent ovs-agent-localhost.localdomain update_device_down /usr/lib/python2.7/site-packages/neutron/plugins/ml2/rpc.py:213
2018-09-12 23:27:38.907 25597 DEBUG neutron.plugins.ml2.plugin [req-651998d6-3f16-4ba6-b754-1e5aee7eb862 - - - - -] No Port match for: 2a11b715-7fcc-47a1-885e-5b0112628fee port_bound_to_host /usr/lib/python2.7/site-packages/neutron/plugins/ml2/plugin.py:1806
2018-09-12 23:27:38.909 25597 DEBUG neutron.plugins.ml2.rpc [req-651998d6-3f16-4ba6-b754-1e5aee7eb862 - - - - -] Device 2a11b715-7fcc-47a1-885e-5b0112628fee not bound to the agent host localhost.localdomain update_device_down /usr/lib/python2.7/site-packages/neutron/plugins/ml2/rpc.py:221
2018-09-12 23:27:43.856 25603 DEBUG neutron_lib.callbacks.manager [req-597f2478-4e9d-4704-8d82-6822b083126c - - - - -] Notify callbacks ['neutron.services.segments.db._update_segment_host_mapping_for_agent--9223363278010785253'] for agent, after_update _notify_loop /usr/lib/python2.7/site-packages/neutron_lib/callbacks/manager.py:167
2018-09-12 23:27:43.944 25599 DEBUG neutron_lib.callbacks.manager [req-01ac0495-8834-4a3e-ac8e-ae9f550cda0b - - - - -] Notify callbacks ['neutron.services.segments.db._update_segment_host_mapping_for_agent--9223363278010785253'] for agent, after_update _notify_loop /usr/lib/python2.7/site-packages/neutron_lib/callbacks/manager.py:167
2018-09-12 23:27:44.096 25596 DEBUG neutron_lib.callbacks.manager [req-9c6aedbc-6ca5-449e-a063-bf42076c6dcc - - - - -] Notify callbacks ['neutron.services.segments.db._update_segment_host_mapping_for_agent--9223363278010785253'] for agent, after_update _notify_loop /usr/lib/python2.7/site-packages/neutron_lib/callbacks/manager.py:167
2018-09-12 23:27:44.830 25598 DEBUG neutron_lib.callbacks.manager [req-53de8770-3b6d-4935-9349-55f2e655697b - - - - -] Notify callbacks ['neutron.services.segments.db._update_segment_host_mapping_for_agent--9223363278010785253'] for agent, after_update _notify_loop /usr/lib/python2.7/site-packages/neutron_lib/callbacks/manager.py:167
2018-09-12 23:27:45.371 25601 DEBUG neutron.api.rpc.handlers.dhcp_rpc [req-af16ad44-6806-46ce-bf01-399f0a948b45 - - - - -] get_active_networks_info from localhost.localdomain get_active_networks_info /usr/lib/python2.7/site-packages/neutron/api/rpc/handlers/dhcp_rpc.py:141
2018-09-12 23:27:46.266 25600 DEBUG neutron.api.rpc.handlers.dhcp_rpc [req-4cc50658-0479-413f-bbb9-f23ec1633207 - - - - -] Create dhcp port {u'port': {u'name': u'', u'admin_state_up': True, u'network_id': u'0ec39292-8379-49b3-ad59-b5ae04fae1b1', u'tenant_id': u'5a19bb0c571c458dbbd628a49d2ba2b7', u'fixed_ips': [{u'subnet_id': u'65cc5b60-e3a6-4c1d-a676-0e05137e405d'}], u'device_id': u'dhcpcd8f5f9f-e3e8-569f-87ef-f03c6cfc29bc-0ec39292-8379-49b3-ad59-b5ae04fae1b1'}} from localhost.localdomain. create_dhcp_port /usr/lib/python2.7/site-packages/neutron/api/rpc/handlers/dhcp_rpc.py:266
2018-09-12 23:27:46.270 25600 DEBUG neutron_lib.callbacks.manager [req-4cc50658-0479-413f-bbb9-f23ec1633207 - - - - -] Notify callbacks ['neutron.plugins.ml2.plugin.Ml2Plugin._ensure_default_security_group_handler-2012898'] for port, before_create _notify_loop /usr/lib/python2.7/site-packages/neutron_lib/callbacks/manager.py:167
2018-09-12 23:27:47.174 25600 DEBUG neutron.db.db_base_plugin_common [req-4cc50658-0479-413f-bbb9-f23ec1633207 - - - - -] Allocated IP 11.16.1.2 (0ec39292-8379-49b3-ad59-b5ae04fae1b1/65cc5b60-e3a6-4c1d-a676-0e05137e405d/d5f8e48c-cfd0-4742-9618-009c3eecfe9b) _store_ip_allocation /usr/lib/python2.7/site-packages/neutron/db/db_base_plugin_common.py:122
2018-09-12 23:27:47.567 25594 DEBUG neutron.wsgi [-] (25594) accepted ('10.0.20.20', 51008) server /usr/lib/python2.7/site-packages/eventlet/wsgi.py:883
2018-09-12 23:27:47.577 25594 INFO neutron.wsgi [-] 10.0.20.20 "GET / HTTP/1.1" status: 200  len: 252 time: 0.0071020
2018-09-12 23:27:47.640 25600 DEBUG neutron_lib.callbacks.manager [req-4cc50658-0479-413f-bbb9-f23ec1633207 - - - - -] Notify callbacks [] for port, precommit_create _notify_loop /usr/lib/python2.7/site-packages/neutron_lib/callbacks/manager.py:167
2018-09-12 23:27:47.678 25600 DEBUG neutron.db.provisioning_blocks [req-4cc50658-0479-413f-bbb9-f23ec1633207 - - - - -] Transition to ACTIVE for port object d5f8e48c-cfd0-4742-9618-009c3eecfe9b will not be triggered until provisioned by entity L2. add_provisioning_component /usr/lib/python2.7/site-packages/neutron/db/provisioning_blocks.py:73
2018-09-12 23:27:47.727 25600 DEBUG neutron.db.provisioning_blocks [req-4cc50658-0479-413f-bbb9-f23ec1633207 - - - - -] Transition to ACTIVE for port object d5f8e48c-cfd0-4742-9618-009c3eecfe9b will not be triggered until provisioned by entity DHCP. add_provisioning_component /usr/lib/python2.7/site-packages/neutron/db/provisioning_blocks.py:73
2018-09-12 23:27:47.736 25600 DEBUG neutron_lib.callbacks.manager [req-4cc50658-0479-413f-bbb9-f23ec1633207 - - - - -] Notify callbacks ['neutron.api.rpc.agentnotifiers.dhcp_rpc_agent_api.DhcpAgentNotifyAPI._native_event_send_dhcp_notification-795100', 'neutron.plugins.ml2.ovo_rpc._ObjectChangeHandler.handle_event-584190', 'neutron.db.l3_dvrscheduler_db._notify_l3_agent_new_port--9223363278011325835', 'neutron.plugins.ml2.plugin.Ml2Plugin.notify_sg_on_port_change-2012830'] for port, after_create _notify_loop /usr/lib/python2.7/site-packages/neutron_lib/callbacks/manager.py:167
2018-09-12 23:27:48.323 25594 INFO neutron.pecan_wsgi.hooks.translation [req-979aa144-709e-4442-a639-c00ac53086a6 6bce0e5766c84e1a98c3cb5ccb2e3772 4cff21d35d8b43b9a2a1ce042bb4f9f9 - default default] GET failed (client error): The resource could not be found.
2018-09-12 23:27:48.327 25594 INFO neutron.wsgi [req-979aa144-709e-4442-a639-c00ac53086a6 6bce0e5766c84e1a98c3cb5ccb2e3772 4cff21d35d8b43b9a2a1ce042bb4f9f9 - default default] 10.0.20.20 "GET /v2.0/networks/tempest-private-1536808563 HTTP/1.1" status: 404  len: 334 time: 0.7433929
2018-09-12 23:27:48.678 25594 DEBUG neutron.pecan_wsgi.hooks.policy_enforcement [req-a0ea81da-db93-46df-995b-f102dbe79768 6bce0e5766c84e1a98c3cb5ccb2e3772 4cff21d35d8b43b9a2a1ce042bb4f9f9 - default default] Attributes excluded by policy engine: [u'vlan_transparent'] _exclude_attributes_by_policy /usr/lib/python2.7/site-packages/neutron/pecan_wsgi/hooks/policy_enforcement.py:256
2018-09-12 23:27:48.680 25594 DEBUG neutron.pecan_wsgi.hooks.policy_enforcement [req-a0ea81da-db93-46df-995b-f102dbe79768 6bce0e5766c84e1a98c3cb5ccb2e3772 4cff21d35d8b43b9a2a1ce042bb4f9f9 - default default] Attributes excluded by policy engine: [u'vlan_transparent'] _exclude_attributes_by_policy /usr/lib/python2.7/site-packages/neutron/pecan_wsgi/hooks/policy_enforcement.py:256
2018-09-12 23:27:48.681 25594 DEBUG neutron.pecan_wsgi.hooks.policy_enforcement [req-a0ea81da-db93-46df-995b-f102dbe79768 6bce0e5766c84e1a98c3cb5ccb2e3772 4cff21d35d8b43b9a2a1ce042bb4f9f9 - default default] Attributes excluded by policy engine: [u'vlan_transparent'] _exclude_attributes_by_policy /usr/lib/python2.7/site-packages/neutron/pecan_wsgi/hooks/policy_enforcement.py:256
2018-09-12 23:27:48.687 25594 INFO neutron.wsgi [req-a0ea81da-db93-46df-995b-f102dbe79768 6bce0e5766c84e1a98c3cb5ccb2e3772 4cff21d35d8b43b9a2a1ce042bb4f9f9 - default default] 10.0.20.20 "GET /v2.0/networks HTTP/1.1" status: 200  len: 2214 time: 0.3512430
2018-09-12 23:27:48.777 25600 DEBUG neutron.scheduler.dhcp_agent_scheduler [req-4cc50658-0479-413f-bbb9-f23ec1633207 - - - - -] Network 0ec39292-8379-49b3-ad59-b5ae04fae1b1 is already hosted by enough agents. _get_dhcp_agents_hosting_network /usr/lib/python2.7/site-packages/neutron/scheduler/dhcp_agent_scheduler.py:243
2018-09-12 23:27:48.810 25600 DEBUG neutron.db.l3_dvrscheduler_db [req-4cc50658-0479-413f-bbb9-f23ec1633207 - - - - -] Received port after_create _notify_l3_agent_new_port /usr/lib/python2.7/site-packages/neutron/db/l3_dvrscheduler_db.py:392
2018-09-12 23:27:48.816 25600 DEBUG oslo_concurrency.lockutils [-] Lock "event-dispatch" acquired by "neutron.plugins.ml2.ovo_rpc.dispatch_events" :: waited 0.000s inner /usr/lib/python2.7/site-packages/oslo_concurrency/lockutils.py:270
2018-09-12 23:27:49.195 25600 DEBUG neutron.api.rpc.handlers.resources_rpc [req-4cc50658-0479-413f-bbb9-f23ec1633207 - - - - -] neutron.api.rpc.handlers.resources_rpc.ResourcesPushRpcApi method push called with arguments (<neutron_lib.context.Context object at 0x7f753b79ee90>, [Port(admin_state_up=True,allowed_address_pairs=[],binding=PortBinding,binding_levels=[],created_at=2018-09-13T03:27:46Z,data_plane_status=<?>,description='',device_id='dhcpcd8f5f9f-e3e8-569f-87ef-f03c6cfc29bc-0ec39292-8379-49b3-ad59-b5ae04fae1b1',device_owner='network:dhcp',dhcp_options=[],distributed_binding=None,dns=None,fixed_ips=[IPAllocation],id=d5f8e48c-cfd0-4742-9618-009c3eecfe9b,mac_address=fa:16:3e:5b:34:80,name='',network_id=0ec39292-8379-49b3-ad59-b5ae04fae1b1,project_id='5a19bb0c571c458dbbd628a49d2ba2b7',qos_policy_id=None,revision_number=3,security=PortSecurity(d5f8e48c-cfd0-4742-9618-009c3eecfe9b),security_group_ids=set([]),status='DOWN',updated_at=2018-09-13T03:27:47Z)], 'updated') {} wrapper /usr/lib/python2.7/site-packages/oslo_log/helpers.py:66
2018-09-12 23:27:49.254 25600 DEBUG neutron.api.rpc.callbacks.version_manager [req-4cc50658-0479-413f-bbb9-f23ec1633207 - - - - -] Version for resource type Subnet changed None to 1.0 on consumer Open vSwitch agent@localhost.localdomain _set_version /usr/lib/python2.7/site-packages/neutron/api/rpc/callbacks/version_manager.py:119
2018-09-12 23:27:49.256 25600 DEBUG neutron.api.rpc.callbacks.version_manager [req-4cc50658-0479-413f-bbb9-f23ec1633207 - - - - -] Version for resource type Network changed None to 1.0 on consumer Open vSwitch agent@localhost.localdomain _set_version /usr/lib/python2.7/site-packages/neutron/api/rpc/callbacks/version_manager.py:119
2018-09-12 23:27:49.257 25600 DEBUG neutron.api.rpc.callbacks.version_manager [req-4cc50658-0479-413f-bbb9-f23ec1633207 - - - - -] Version for resource type SubPort changed None to 1.0 on consumer Open vSwitch agent@localhost.localdomain _set_version /usr/lib/python2.7/site-packages/neutron/api/rpc/callbacks/version_manager.py:119
2018-09-12 23:27:49.261 25600 DEBUG neutron.api.rpc.callbacks.version_manager [req-4cc50658-0479-413f-bbb9-f23ec1633207 - - - - -] Version for resource type SecurityGroup changed None to 1.0 on consumer Open vSwitch agent@localhost.localdomain _set_version /usr/lib/python2.7/site-packages/neutron/api/rpc/callbacks/version_manager.py:119
2018-09-12 23:27:49.263 25600 DEBUG neutron.api.rpc.callbacks.version_manager [req-4cc50658-0479-413f-bbb9-f23ec1633207 - - - - -] Version for resource type SecurityGroupRule changed None to 1.0 on consumer Open vSwitch agent@localhost.localdomain _set_version /usr/lib/python2.7/site-packages/neutron/api/rpc/callbacks/version_manager.py:119
2018-09-12 23:27:49.265 25600 DEBUG neutron.api.rpc.callbacks.version_manager [req-4cc50658-0479-413f-bbb9-f23ec1633207 - - - - -] Version for resource type Trunk changed None to 1.1 on consumer Open vSwitch agent@localhost.localdomain _set_version /usr/lib/python2.7/site-packages/neutron/api/rpc/callbacks/version_manager.py:119
2018-09-12 23:27:49.266 25600 DEBUG neutron.api.rpc.callbacks.version_manager [req-4cc50658-0479-413f-bbb9-f23ec1633207 - - - - -] Version for resource type QosPolicy changed None to 1.6 on consumer Open vSwitch agent@localhost.localdomain _set_version /usr/lib/python2.7/site-packages/neutron/api/rpc/callbacks/version_manager.py:119
2018-09-12 23:27:49.268 25600 DEBUG neutron.api.rpc.callbacks.version_manager [req-4cc50658-0479-413f-bbb9-f23ec1633207 - - - - -] Version for resource type Port changed None to 1.1 on consumer Open vSwitch agent@localhost.localdomain _set_version /usr/lib/python2.7/site-packages/neutron/api/rpc/callbacks/version_manager.py:119
2018-09-12 23:27:49.270 25600 DEBUG neutron.api.rpc.callbacks.version_manager [req-4cc50658-0479-413f-bbb9-f23ec1633207 - - - - -] Version for resource type Log changed None to 1.0 on consumer Open vSwitch agent@localhost.localdomain _set_version /usr/lib/python2.7/site-packages/neutron/api/rpc/callbacks/version_manager.py:119
2018-09-12 23:27:49.274 25600 DEBUG neutron.api.rpc.callbacks.version_manager [req-4cc50658-0479-413f-bbb9-f23ec1633207 - - - - -] Tracked resource versions report:
pushed versions:
{   'Log': set(['1.0']),
    'Network': set(['1.0']),
    'Port': set(['1.1']),
    'QosPolicy': set(['1.6']),
    'SecurityGroup': set(['1.0']),
    'SecurityGroupRule': set(['1.0']),
    'SubPort': set(['1.0']),
    'Subnet': set(['1.0']),
    'Trunk': set(['1.1'])}

consumer versions:
{   DHCP agent@localhost.localdomain: {   },
    L3 agent@localhost.localdomain: {   },
    Metadata agent@localhost.localdomain: {   },
    Metering agent@localhost.localdomain: {   },
    Open vSwitch agent@localhost.localdomain: {   u'Log': u'1.0',
                                                  u'Network': u'1.0',
                                                  u'Port': u'1.1',
                                                  u'QosPolicy': u'1.6',
                                                  u'SecurityGroup': u'1.0',
                                                  u'SecurityGroupRule': u'1.0',
                                                  u'SubPort': u'1.0',
                                                  u'Subnet': u'1.0',
                                                  u'Trunk': u'1.1'}}
 report /usr/lib/python2.7/site-packages/neutron/api/rpc/callbacks/version_manager.py:178
2018-09-12 23:27:49.297 25600 DEBUG oslo_concurrency.lockutils [req-4cc50658-0479-413f-bbb9-f23ec1633207 - - - - -] Lock "event-dispatch" released by "neutron.plugins.ml2.ovo_rpc.dispatch_events" :: held 0.480s inner /usr/lib/python2.7/site-packages/oslo_concurrency/lockutils.py:282
2018-09-12 23:27:49.305 25600 DEBUG neutron.plugins.ml2.managers [req-4cc50658-0479-413f-bbb9-f23ec1633207 - - - - -] Attempting to bind port d5f8e48c-cfd0-4742-9618-009c3eecfe9b on host localhost.localdomain for vnic_type normal with profile  bind_port /usr/lib/python2.7/site-packages/neutron/plugins/ml2/managers.py:744
2018-09-12 23:27:49.306 25600 DEBUG neutron.plugins.ml2.managers [req-4cc50658-0479-413f-bbb9-f23ec1633207 - - - - -] Attempting to bind port d5f8e48c-cfd0-4742-9618-009c3eecfe9b on host localhost.localdomain at level 0 using segments [{'network_id': '0ec39292-8379-49b3-ad59-b5ae04fae1b1', 'segmentation_id': 68, 'physical_network': None, 'id': 'f0555a02-8bc4-4212-8bcc-7f1ad6ce0dc8', 'network_type': u'vxlan'}] _bind_port_level /usr/lib/python2.7/site-packages/neutron/plugins/ml2/managers.py:765
2018-09-12 23:27:49.308 25600 DEBUG neutron.plugins.ml2.drivers.mech_agent [req-4cc50658-0479-413f-bbb9-f23ec1633207 - - - - -] Attempting to bind port d5f8e48c-cfd0-4742-9618-009c3eecfe9b on network 0ec39292-8379-49b3-ad59-b5ae04fae1b1 bind_port /usr/lib/python2.7/site-packages/neutron/plugins/ml2/drivers/mech_agent.py:88
2018-09-12 23:27:49.327 25600 DEBUG neutron.plugins.ml2.drivers.mech_agent [req-4cc50658-0479-413f-bbb9-f23ec1633207 - - - - -] Checking agent: {'binary': u'neutron-openvswitch-agent', 'description': None, 'admin_state_up': True, 'heartbeat_timestamp': datetime.datetime(2018, 9, 13, 3, 27, 21), 'availability_zone': None, 'alive': True, 'topic': u'N/A', 'host': u'localhost.localdomain', 'agent_type': u'Open vSwitch agent', 'resource_versions': {u'Subnet': u'1.0', u'Network': u'1.0', u'SubPort': u'1.0', u'SecurityGroup': u'1.0', u'SecurityGroupRule': u'1.0', u'Trunk': u'1.1', u'QosPolicy': u'1.6', u'Port': u'1.1', u'Log': u'1.0'}, 'created_at': datetime.datetime(2018, 8, 30, 12, 16, 32), 'started_at': datetime.datetime(2018, 9, 13, 3, 3, 31), 'id': u'dfab843a-4b42-4d9d-8912-9976c6319977', 'configurations': {u'ovs_hybrid_plug': True, u'in_distributed_mode': False, u'datapath_type': u'system', u'vhostuser_socket_dir': u'/var/run/openvswitch', u'tunneling_ip': u'10.0.20.20', u'arp_responder_enabled': False, u'devices': 3, u'ovs_capabilities': {u'datapath_types': [u'netdev', u'system'], u'iface_types': [u'geneve', u'gre', u'internal', u'lisp', u'patch', u'stt', u'system', u'tap', u'vxlan']}, u'log_agent_heartbeats': False, u'l2_population': False, u'tunnel_types': [u'vxlan'], u'extensions': [], u'enable_distributed_routing': False, u'bridge_mappings': {u'extnet': u'br-ex'}}} bind_port /usr/lib/python2.7/site-packages/neutron/plugins/ml2/drivers/mech_agent.py:104
2018-09-12 23:27:49.328 25600 DEBUG neutron.plugins.ml2.drivers.mech_agent [req-4cc50658-0479-413f-bbb9-f23ec1633207 - - - - -] Checking segment: {'network_id': '0ec39292-8379-49b3-ad59-b5ae04fae1b1', 'segmentation_id': 68, 'physical_network': None, 'id': 'f0555a02-8bc4-4212-8bcc-7f1ad6ce0dc8', 'network_type': u'vxlan'} for mappings: {u'extnet': u'br-ex'} with network types: [u'vxlan', 'local', 'flat', 'vlan'] check_segment_for_agent /usr/lib/python2.7/site-packages/neutron/plugins/ml2/drivers/mech_agent.py:237
2018-09-12 23:27:49.329 25600 DEBUG neutron_lib.callbacks.manager [req-4cc50658-0479-413f-bbb9-f23ec1633207 - - - - -] Notify callbacks [] for ovs_bridge_name, before_read _notify_loop /usr/lib/python2.7/site-packages/neutron_lib/callbacks/manager.py:167
2018-09-12 23:27:49.330 25600 DEBUG neutron.plugins.ml2.drivers.mech_agent [req-4cc50658-0479-413f-bbb9-f23ec1633207 - - - - -] Bound using segment: {'network_id': '0ec39292-8379-49b3-ad59-b5ae04fae1b1', 'segmentation_id': 68, 'physical_network': None, 'id': 'f0555a02-8bc4-4212-8bcc-7f1ad6ce0dc8', 'network_type': u'vxlan'} bind_port /usr/lib/python2.7/site-packages/neutron/plugins/ml2/drivers/mech_agent.py:109
2018-09-12 23:27:49.331 25600 DEBUG neutron.plugins.ml2.managers [req-4cc50658-0479-413f-bbb9-f23ec1633207 - - - - -] Bound port: d5f8e48c-cfd0-4742-9618-009c3eecfe9b, host: localhost.localdomain, vif_type: ovs, vif_details: {"port_filter": true, "datapath_type": "system", "ovs_hybrid_plug": true}, binding_levels: [{'bound_driver': 'openvswitch', 'bound_segment': {'network_id': '0ec39292-8379-49b3-ad59-b5ae04fae1b1', 'segmentation_id': 68, 'physical_network': None, 'id': 'f0555a02-8bc4-4212-8bcc-7f1ad6ce0dc8', 'network_type': u'vxlan'}}] _bind_port_level /usr/lib/python2.7/site-packages/neutron/plugins/ml2/managers.py:813
2018-09-12 23:27:49.332 25600 DEBUG neutron_lib.callbacks.manager [req-4cc50658-0479-413f-bbb9-f23ec1633207 - - - - -] Notify callbacks ['neutron.plugins.ml2.plugin.Ml2Plugin._ensure_default_security_group_handler-2012898'] for port, before_update _notify_loop /usr/lib/python2.7/site-packages/neutron_lib/callbacks/manager.py:167
2018-09-12 23:27:49.404 25594 DEBUG neutron_lib.callbacks.manager [req-55103062-b3c9-4b0c-a42a-9139df860fe4 6bce0e5766c84e1a98c3cb5ccb2e3772 4cff21d35d8b43b9a2a1ce042bb4f9f9 - default default] Notify callbacks ['neutron.plugins.ml2.plugin.Ml2Plugin._before_network_delete_handler-2038025'] for network, before_delete _notify_loop /usr/lib/python2.7/site-packages/neutron_lib/callbacks/manager.py:167
2018-09-12 23:27:49.444 25594 DEBUG neutron.plugins.ml2.plugin [req-55103062-b3c9-4b0c-a42a-9139df860fe4 6bce0e5766c84e1a98c3cb5ccb2e3772 4cff21d35d8b43b9a2a1ce042bb4f9f9 - default default] Deleting port d5f8e48c-cfd0-4742-9618-009c3eecfe9b _pre_delete_port /usr/lib/python2.7/site-packages/neutron/plugins/ml2/plugin.py:1488
2018-09-12 23:27:49.445 25594 DEBUG neutron_lib.callbacks.manager [req-55103062-b3c9-4b0c-a42a-9139df860fe4 6bce0e5766c84e1a98c3cb5ccb2e3772 4cff21d35d8b43b9a2a1ce042bb4f9f9 - default default] Notify callbacks ['neutron.db.l3_db._prevent_l3_port_delete_callback-8758844025574'] for port, before_delete _notify_loop /usr/lib/python2.7/site-packages/neutron_lib/callbacks/manager.py:167
2018-09-12 23:27:49.574 25600 DEBUG neutron.plugins.ml2.db [req-4cc50658-0479-413f-bbb9-f23ec1633207 - - - - -] For port d5f8e48c-cfd0-4742-9618-009c3eecfe9b, host localhost.localdomain, cleared binding levels clear_binding_levels /usr/lib/python2.7/site-packages/neutron/plugins/ml2/db.py:119
2018-09-12 23:27:49.583 25600 DEBUG neutron.plugins.ml2.db [req-4cc50658-0479-413f-bbb9-f23ec1633207 - - - - -] For port d5f8e48c-cfd0-4742-9618-009c3eecfe9b, host localhost.localdomain, set binding levels [<neutron.plugins.ml2.driver_context.InstanceSnapshot object at 0x7f753b79e5d0>] set_binding_levels /usr/lib/python2.7/site-packages/neutron/plugins/ml2/db.py:90
2018-09-12 23:27:49.598 25600 DEBUG neutron_lib.callbacks.manager [req-4cc50658-0479-413f-bbb9-f23ec1633207 - - - - -] Notify callbacks ['neutron.api.rpc.agentnotifiers.dhcp_rpc_agent_api.DhcpAgentNotifyAPI._native_event_send_dhcp_notification-795100', 'neutron.plugins.ml2.ovo_rpc._ObjectChangeHandler.handle_event-584190', 'neutron.db.l3_hascheduler_db._notify_l3_agent_ha_port_update--9223363278011325745', 'neutron.plugins.ml2.plugin.Ml2Plugin.notify_sg_on_port_change-2012830', 'neutron.db.l3_dvrscheduler_db._notify_l3_agent_port_update--9223363278011325820'] for port, after_update _notify_loop /usr/lib/python2.7/site-packages/neutron_lib/callbacks/manager.py:167
2018-09-12 23:27:49.880 25594 DEBUG neutron.plugins.ml2.db [req-55103062-b3c9-4b0c-a42a-9139df860fe4 6bce0e5766c84e1a98c3cb5ccb2e3772 4cff21d35d8b43b9a2a1ce042bb4f9f9 - default default] For port d5f8e48c-cfd0-4742-9618-009c3eecfe9b, host localhost.localdomain, got binding levels [] get_binding_levels /usr/lib/python2.7/site-packages/neutron/plugins/ml2/db.py:106
2018-09-12 23:27:49.891 25600 DEBUG oslo_concurrency.lockutils [-] Lock "event-dispatch" acquired by "neutron.plugins.ml2.ovo_rpc.dispatch_events" :: waited 0.000s inner /usr/lib/python2.7/site-packages/oslo_concurrency/lockutils.py:270
2018-09-12 23:27:49.933 25594 DEBUG neutron.plugins.ml2.plugin [req-55103062-b3c9-4b0c-a42a-9139df860fe4 6bce0e5766c84e1a98c3cb5ccb2e3772 4cff21d35d8b43b9a2a1ce042bb4f9f9 - default default] Calling delete_port for d5f8e48c-cfd0-4742-9618-009c3eecfe9b owned by network:dhcp delete_port /usr/lib/python2.7/site-packages/neutron/plugins/ml2/plugin.py:1547
2018-09-12 23:27:50.027 25600 DEBUG neutron.quota.resource [req-4cc50658-0479-413f-bbb9-f23ec1633207 - - - - -] Persisted dirty status for tenant:5a19bb0c571c458dbbd628a49d2ba2b7 on resource:port mark_dirty /usr/lib/python2.7/site-packages/neutron/quota/resource.py:207
2018-09-12 23:27:50.130 25594 DEBUG neutron.db.api [req-55103062-b3c9-4b0c-a42a-9139df860fe4 6bce0e5766c84e1a98c3cb5ccb2e3772 4cff21d35d8b43b9a2a1ce042bb4f9f9 - default default] Retry wrapper got retriable exception: DELETE statement on table 'standardattributes' expected to delete 1 row(s); 0 were matched.  Please set confirm_deleted_rows=False within the mapper configuration to prevent this warning. wrapped /usr/lib/python2.7/site-packages/neutron/db/api.py:128
2018-09-12 23:27:50.131 25594 DEBUG oslo_db.api [req-55103062-b3c9-4b0c-a42a-9139df860fe4 6bce0e5766c84e1a98c3cb5ccb2e3772 4cff21d35d8b43b9a2a1ce042bb4f9f9 - default default] Performing DB retry for function neutron.plugins.ml2.plugin.delete_port wrapper /usr/lib/python2.7/site-packages/oslo_db/api.py:152
2018-09-12 23:27:50.130 25600 DEBUG neutron.api.rpc.handlers.resources_rpc [req-4cc50658-0479-413f-bbb9-f23ec1633207 - - - - -] neutron.api.rpc.handlers.resources_rpc.ResourcesPushRpcApi method push called with arguments (<neutron_lib.context.Context object at 0x7f753bb98450>, [Port(admin_state_up=True,allowed_address_pairs=[],binding=PortBinding,binding_levels=[PortBindingLevel],created_at=2018-09-13T03:27:46Z,data_plane_status=<?>,description='',device_id='dhcpcd8f5f9f-e3e8-569f-87ef-f03c6cfc29bc-0ec39292-8379-49b3-ad59-b5ae04fae1b1',device_owner='network:dhcp',dhcp_options=[],distributed_binding=None,dns=None,fixed_ips=[IPAllocation],id=d5f8e48c-cfd0-4742-9618-009c3eecfe9b,mac_address=fa:16:3e:5b:34:80,name='',network_id=0ec39292-8379-49b3-ad59-b5ae04fae1b1,project_id='5a19bb0c571c458dbbd628a49d2ba2b7',qos_policy_id=None,revision_number=4,security=PortSecurity(d5f8e48c-cfd0-4742-9618-009c3eecfe9b),security_group_ids=set([]),status='DOWN',updated_at=2018-09-13T03:27:49Z)], 'updated') {} wrapper /usr/lib/python2.7/site-packages/oslo_log/helpers.py:66
2018-09-12 23:27:50.142 25600 DEBUG oslo_concurrency.lockutils [req-4cc50658-0479-413f-bbb9-f23ec1633207 - - - - -] Lock "event-dispatch" released by "neutron.plugins.ml2.ovo_rpc.dispatch_events" :: held 0.251s inner /usr/lib/python2.7/site-packages/oslo_concurrency/lockutils.py:282
2018-09-12 23:27:50.232 25594 DEBUG neutron.plugins.ml2.plugin [req-55103062-b3c9-4b0c-a42a-9139df860fe4 6bce0e5766c84e1a98c3cb5ccb2e3772 4cff21d35d8b43b9a2a1ce042bb4f9f9 - default default] Deleting port d5f8e48c-cfd0-4742-9618-009c3eecfe9b _pre_delete_port /usr/lib/python2.7/site-packages/neutron/plugins/ml2/plugin.py:1488
2018-09-12 23:27:50.233 25594 DEBUG neutron_lib.callbacks.manager [req-55103062-b3c9-4b0c-a42a-9139df860fe4 6bce0e5766c84e1a98c3cb5ccb2e3772 4cff21d35d8b43b9a2a1ce042bb4f9f9 - default default] Notify callbacks ['neutron.db.l3_db._prevent_l3_port_delete_callback-8758844025574'] for port, before_delete _notify_loop /usr/lib/python2.7/site-packages/neutron_lib/callbacks/manager.py:167
2018-09-12 23:27:50.700 25594 DEBUG neutron.plugins.ml2.db [req-55103062-b3c9-4b0c-a42a-9139df860fe4 6bce0e5766c84e1a98c3cb5ccb2e3772 4cff21d35d8b43b9a2a1ce042bb4f9f9 - default default] For port d5f8e48c-cfd0-4742-9618-009c3eecfe9b, host localhost.localdomain, got binding levels [<neutron.plugins.ml2.models.PortBindingLevel[object at 7f753b239110] {port_id=u'd5f8e48c-cfd0-4742-9618-009c3eecfe9b', host=u'localhost.localdomain', level=0, driver=u'openvswitch', segment_id=u'f0555a02-8bc4-4212-8bcc-7f1ad6ce0dc8'}>] get_binding_levels /usr/lib/python2.7/site-packages/neutron/plugins/ml2/db.py:106
2018-09-12 23:27:50.760 25594 DEBUG neutron.plugins.ml2.plugin [req-55103062-b3c9-4b0c-a42a-9139df860fe4 6bce0e5766c84e1a98c3cb5ccb2e3772 4cff21d35d8b43b9a2a1ce042bb4f9f9 - default default] Calling delete_port for d5f8e48c-cfd0-4742-9618-009c3eecfe9b owned by network:dhcp delete_port /usr/lib/python2.7/site-packages/neutron/plugins/ml2/plugin.py:1547
2018-09-12 23:27:50.779 25598 DEBUG neutron.db.provisioning_blocks [req-8364f278-e6f3-4bb9-9630-975bb2957f8a - - - - -] Provisioning for port d5f8e48c-cfd0-4742-9618-009c3eecfe9b completed by entity DHCP. provisioning_complete /usr/lib/python2.7/site-packages/neutron/db/provisioning_blocks.py:132
2018-09-12 23:27:50.916 25602 DEBUG neutron.plugins.ml2.rpc [req-651998d6-3f16-4ba6-b754-1e5aee7eb862 - - - - -] Device d5f8e48c-cfd0-4742-9618-009c3eecfe9b up at agent ovs-agent-localhost.localdomain update_device_up /usr/lib/python2.7/site-packages/neutron/plugins/ml2/rpc.py:244
2018-09-12 23:27:51.082 25594 DEBUG neutron_lib.callbacks.manager [req-55103062-b3c9-4b0c-a42a-9139df860fe4 6bce0e5766c84e1a98c3cb5ccb2e3772 4cff21d35d8b43b9a2a1ce042bb4f9f9 - default default] Notify callbacks ['neutron.api.rpc.agentnotifiers.dhcp_rpc_agent_api.DhcpAgentNotifyAPI._native_event_send_dhcp_notification-795100', 'neutron.plugins.ml2.ovo_rpc._ObjectChangeHandler.handle_event-584190', 'neutron.db.l3_dvrscheduler_db._notify_port_delete-8758843449981', 'neutron.db.l3_db._notify_routers_callback--9223363278010739520', 'neutron.plugins.ml2.plugin.Ml2Plugin.notify_sg_on_port_change-2012830'] for port, after_delete _notify_loop /usr/lib/python2.7/site-packages/neutron_lib/callbacks/manager.py:167
2018-09-12 23:27:51.090 25602 DEBUG neutron.db.provisioning_blocks [req-651998d6-3f16-4ba6-b754-1e5aee7eb862 - - - - -] Provisioning complete for port d5f8e48c-cfd0-4742-9618-009c3eecfe9b triggered by entity L2. provisioning_complete /usr/lib/python2.7/site-packages/neutron/db/provisioning_blocks.py:138
2018-09-12 23:27:51.092 25602 DEBUG neutron_lib.callbacks.manager [req-651998d6-3f16-4ba6-b754-1e5aee7eb862 - - - - -] Notify callbacks ['neutron.plugins.ml2.plugin.Ml2Plugin._port_provisioned--9223372036853383837'] for port, provisioning_complete _notify_loop /usr/lib/python2.7/site-packages/neutron_lib/callbacks/manager.py:167
2018-09-12 23:27:51.176 25602 DEBUG neutron.plugins.ml2.plugin [req-651998d6-3f16-4ba6-b754-1e5aee7eb862 - - - - -] Port d5f8e48c-cfd0-4742-9618-009c3eecfe9b was deleted so its status cannot be updated. _port_provisioned /usr/lib/python2.7/site-packages/neutron/plugins/ml2/plugin.py:237
2018-09-12 23:27:51.402 25594 DEBUG oslo_concurrency.lockutils [-] Lock "event-dispatch" acquired by "neutron.plugins.ml2.ovo_rpc.dispatch_events" :: waited 0.000s inner /usr/lib/python2.7/site-packages/oslo_concurrency/lockutils.py:270
2018-09-12 23:27:51.450 25603 DEBUG neutron.api.rpc.handlers.dhcp_rpc [req-933630e3-98ee-4c39-b2da-880773dab862 - - - - -] DHCP port deletion for 0ec39292-8379-49b3-ad59-b5ae04fae1b1 request from localhost.localdomain release_dhcp_port /usr/lib/python2.7/site-packages/neutron/api/rpc/handlers/dhcp_rpc.py:246
2018-09-12 23:27:51.577 25594 DEBUG neutron.api.rpc.handlers.resources_rpc [req-55103062-b3c9-4b0c-a42a-9139df860fe4 6bce0e5766c84e1a98c3cb5ccb2e3772 4cff21d35d8b43b9a2a1ce042bb4f9f9 - - -] neutron.api.rpc.handlers.resources_rpc.ResourcesPushRpcApi method push called with arguments (<neutron_lib.context.Context object at 0x7f753b093950>, [Port(admin_state_up=<?>,allowed_address_pairs=<?>,binding=<?>,binding_levels=<?>,created_at=<?>,data_plane_status=<?>,description=<?>,device_id=<?>,device_owner=<?>,dhcp_options=<?>,distributed_binding=<?>,dns=<?>,fixed_ips=<?>,id=d5f8e48c-cfd0-4742-9618-009c3eecfe9b,mac_address=<?>,name=<?>,network_id=<?>,project_id=<?>,qos_policy_id=None,revision_number=<?>,security=<?>,security_group_ids=None,status=<?>,updated_at=<?>)], 'deleted') {} wrapper /usr/lib/python2.7/site-packages/oslo_log/helpers.py:66
2018-09-12 23:27:51.608 25594 DEBUG neutron.api.rpc.callbacks.version_manager [req-55103062-b3c9-4b0c-a42a-9139df860fe4 6bce0e5766c84e1a98c3cb5ccb2e3772 4cff21d35d8b43b9a2a1ce042bb4f9f9 - - -] Version for resource type Subnet changed None to 1.0 on consumer Open vSwitch agent@localhost.localdomain _set_version /usr/lib/python2.7/site-packages/neutron/api/rpc/callbacks/version_manager.py:119
2018-09-12 23:27:51.609 25594 DEBUG neutron.api.rpc.callbacks.version_manager [req-55103062-b3c9-4b0c-a42a-9139df860fe4 6bce0e5766c84e1a98c3cb5ccb2e3772 4cff21d35d8b43b9a2a1ce042bb4f9f9 - - -] Version for resource type Network changed None to 1.0 on consumer Open vSwitch agent@localhost.localdomain _set_version /usr/lib/python2.7/site-packages/neutron/api/rpc/callbacks/version_manager.py:119
2018-09-12 23:27:51.610 25594 DEBUG neutron.api.rpc.callbacks.version_manager [req-55103062-b3c9-4b0c-a42a-9139df860fe4 6bce0e5766c84e1a98c3cb5ccb2e3772 4cff21d35d8b43b9a2a1ce042bb4f9f9 - - -] Version for resource type SubPort changed None to 1.0 on consumer Open vSwitch agent@localhost.localdomain _set_version /usr/lib/python2.7/site-packages/neutron/api/rpc/callbacks/version_manager.py:119
2018-09-12 23:27:51.611 25594 DEBUG neutron.api.rpc.callbacks.version_manager [req-55103062-b3c9-4b0c-a42a-9139df860fe4 6bce0e5766c84e1a98c3cb5ccb2e3772 4cff21d35d8b43b9a2a1ce042bb4f9f9 - - -] Version for resource type SecurityGroup changed None to 1.0 on consumer Open vSwitch agent@localhost.localdomain _set_version /usr/lib/python2.7/site-packages/neutron/api/rpc/callbacks/version_manager.py:119
2018-09-12 23:27:51.612 25594 DEBUG neutron.api.rpc.callbacks.version_manager [req-55103062-b3c9-4b0c-a42a-9139df860fe4 6bce0e5766c84e1a98c3cb5ccb2e3772 4cff21d35d8b43b9a2a1ce042bb4f9f9 - - -] Version for resource type SecurityGroupRule changed None to 1.0 on consumer Open vSwitch agent@localhost.localdomain _set_version /usr/lib/python2.7/site-packages/neutron/api/rpc/callbacks/version_manager.py:119
2018-09-12 23:27:51.612 25594 DEBUG neutron.api.rpc.callbacks.version_manager [req-55103062-b3c9-4b0c-a42a-9139df860fe4 6bce0e5766c84e1a98c3cb5ccb2e3772 4cff21d35d8b43b9a2a1ce042bb4f9f9 - - -] Version for resource type Trunk changed None to 1.1 on consumer Open vSwitch agent@localhost.localdomain _set_version /usr/lib/python2.7/site-packages/neutron/api/rpc/callbacks/version_manager.py:119
2018-09-12 23:27:51.613 25594 DEBUG neutron.api.rpc.callbacks.version_manager [req-55103062-b3c9-4b0c-a42a-9139df860fe4 6bce0e5766c84e1a98c3cb5ccb2e3772 4cff21d35d8b43b9a2a1ce042bb4f9f9 - - -] Version for resource type QosPolicy changed None to 1.6 on consumer Open vSwitch agent@localhost.localdomain _set_version /usr/lib/python2.7/site-packages/neutron/api/rpc/callbacks/version_manager.py:119
2018-09-12 23:27:51.614 25594 DEBUG neutron.api.rpc.callbacks.version_manager [req-55103062-b3c9-4b0c-a42a-9139df860fe4 6bce0e5766c84e1a98c3cb5ccb2e3772 4cff21d35d8b43b9a2a1ce042bb4f9f9 - - -] Version for resource type Port changed None to 1.1 on consumer Open vSwitch agent@localhost.localdomain _set_version /usr/lib/python2.7/site-packages/neutron/api/rpc/callbacks/version_manager.py:119
2018-09-12 23:27:51.614 25594 DEBUG neutron.api.rpc.callbacks.version_manager [req-55103062-b3c9-4b0c-a42a-9139df860fe4 6bce0e5766c84e1a98c3cb5ccb2e3772 4cff21d35d8b43b9a2a1ce042bb4f9f9 - - -] Version for resource type Log changed None to 1.0 on consumer Open vSwitch agent@localhost.localdomain _set_version /usr/lib/python2.7/site-packages/neutron/api/rpc/callbacks/version_manager.py:119
2018-09-12 23:27:51.620 25594 DEBUG neutron.db.l3_dvrscheduler_db [req-55103062-b3c9-4b0c-a42a-9139df860fe4 6bce0e5766c84e1a98c3cb5ccb2e3772 4cff21d35d8b43b9a2a1ce042bb4f9f9 - default default] No DVR routers for this DVR port d5f8e48c-cfd0-4742-9618-009c3eecfe9b on host localhost.localdomain get_dvr_routers_to_remove /usr/lib/python2.7/site-packages/neutron/db/l3_dvrscheduler_db.py:191
2018-09-12 23:27:51.624 25594 DEBUG oslo_concurrency.lockutils [req-55103062-b3c9-4b0c-a42a-9139df860fe4 6bce0e5766c84e1a98c3cb5ccb2e3772 4cff21d35d8b43b9a2a1ce042bb4f9f9 - - -] Lock "event-dispatch" released by "neutron.plugins.ml2.ovo_rpc.dispatch_events" :: held 0.223s inner /usr/lib/python2.7/site-packages/oslo_concurrency/lockutils.py:282
2018-09-12 23:27:51.743 25594 DEBUG neutron.db.db_base_plugin_v2 [req-55103062-b3c9-4b0c-a42a-9139df860fe4 6bce0e5766c84e1a98c3cb5ccb2e3772 4cff21d35d8b43b9a2a1ce042bb4f9f9 - default default] Deleting subnet 65cc5b60-e3a6-4c1d-a676-0e05137e405d delete_subnet /usr/lib/python2.7/site-packages/neutron/db/db_base_plugin_v2.py:1022
2018-09-12 23:27:51.745 25594 DEBUG neutron_lib.callbacks.manager [req-55103062-b3c9-4b0c-a42a-9139df860fe4 6bce0e5766c84e1a98c3cb5ccb2e3772 4cff21d35d8b43b9a2a1ce042bb4f9f9 - default default] Notify callbacks [] for subnet, before_delete _notify_loop /usr/lib/python2.7/site-packages/neutron_lib/callbacks/manager.py:167
2018-09-12 23:27:51.775 25601 DEBUG neutron_lib.callbacks.manager [req-651998d6-3f16-4ba6-b754-1e5aee7eb862 - - - - -] Notify callbacks ['neutron.services.segments.db._update_segment_host_mapping_for_agent--9223363278010785253'] for agent, after_update _notify_loop /usr/lib/python2.7/site-packages/neutron_lib/callbacks/manager.py:167
2018-09-12 23:27:51.998 25594 DEBUG neutron_lib.callbacks.manager [req-55103062-b3c9-4b0c-a42a-9139df860fe4 6bce0e5766c84e1a98c3cb5ccb2e3772 4cff21d35d8b43b9a2a1ce042bb4f9f9 - default default] Notify callbacks ['neutron.plugins.ml2.plugin.Ml2Plugin._subnet_delete_precommit_handler--9223372036853385322'] for subnet, precommit_delete _notify_loop /usr/lib/python2.7/site-packages/neutron_lib/callbacks/manager.py:167
2018-09-12 23:27:52.479 25594 DEBUG neutron_lib.callbacks.manager [req-55103062-b3c9-4b0c-a42a-9139df860fe4 6bce0e5766c84e1a98c3cb5ccb2e3772 4cff21d35d8b43b9a2a1ce042bb4f9f9 - default default] Notify callbacks ['neutron.api.rpc.agentnotifiers.dhcp_rpc_agent_api.DhcpAgentNotifyAPI._native_event_send_dhcp_notification-795100', 'neutron.plugins.ml2.ovo_rpc._ObjectChangeHandler.handle_event-584110', 'neutron.plugins.ml2.plugin.Ml2Plugin._subnet_delete_after_delete_handler-1390494'] for subnet, after_delete _notify_loop /usr/lib/python2.7/site-packages/neutron_lib/callbacks/manager.py:167
2018-09-12 23:27:52.763 25596 DEBUG neutron.api.rpc.handlers.dhcp_rpc [req-4d9c14a1-6fb3-4a1c-8b39-7b245a854a5d - - - - -] Network 0ec39292-8379-49b3-ad59-b5ae04fae1b1 requested from localhost.localdomain get_network_info /usr/lib/python2.7/site-packages/neutron/api/rpc/handlers/dhcp_rpc.py:199
2018-09-12 23:27:52.768 25594 DEBUG oslo_concurrency.lockutils [-] Lock "event-dispatch" acquired by "neutron.plugins.ml2.ovo_rpc.dispatch_events" :: waited 0.000s inner /usr/lib/python2.7/site-packages/oslo_concurrency/lockutils.py:270
2018-09-12 23:27:52.825 25597 DEBUG neutron.plugins.ml2.rpc [req-651998d6-3f16-4ba6-b754-1e5aee7eb862 - - - - -] Device d5f8e48c-cfd0-4742-9618-009c3eecfe9b no longer exists at agent ovs-agent-localhost.localdomain update_device_down /usr/lib/python2.7/site-packages/neutron/plugins/ml2/rpc.py:213
2018-09-12 23:27:52.902 25597 DEBUG neutron.plugins.ml2.plugin [req-651998d6-3f16-4ba6-b754-1e5aee7eb862 - - - - -] No Port match for: d5f8e48c-cfd0-4742-9618-009c3eecfe9b port_bound_to_host /usr/lib/python2.7/site-packages/neutron/plugins/ml2/plugin.py:1806
2018-09-12 23:27:52.903 25597 DEBUG neutron.plugins.ml2.rpc [req-651998d6-3f16-4ba6-b754-1e5aee7eb862 - - - - -] Device d5f8e48c-cfd0-4742-9618-009c3eecfe9b not bound to the agent host localhost.localdomain update_device_down /usr/lib/python2.7/site-packages/neutron/plugins/ml2/rpc.py:221
2018-09-12 23:27:53.159 25601 DEBUG neutron.api.rpc.handlers.dhcp_rpc [req-c2f307fb-90d7-4fa5-b59a-08ea0f260efe - - - - -] DHCP port deletion for 0ec39292-8379-49b3-ad59-b5ae04fae1b1 request from localhost.localdomain release_dhcp_port /usr/lib/python2.7/site-packages/neutron/api/rpc/handlers/dhcp_rpc.py:246
2018-09-12 23:27:53.204 25594 DEBUG neutron.api.rpc.handlers.resources_rpc [req-55103062-b3c9-4b0c-a42a-9139df860fe4 6bce0e5766c84e1a98c3cb5ccb2e3772 4cff21d35d8b43b9a2a1ce042bb4f9f9 - - -] neutron.api.rpc.handlers.resources_rpc.ResourcesPushRpcApi method push called with arguments (<neutron_lib.context.Context object at 0x7f753affd750>, [Subnet(allocation_pools=<?>,cidr=<?>,created_at=<?>,description=<?>,dns_nameservers=<?>,enable_dhcp=<?>,gateway_ip=<?>,host_routes=<?>,id=65cc5b60-e3a6-4c1d-a676-0e05137e405d,ip_version=<?>,ipv6_address_mode=<?>,ipv6_ra_mode=<?>,name=<?>,network_id=<?>,project_id=<?>,revision_number=<?>,segment_id=<?>,service_types=<?>,shared=<?>,subnetpool_id=<?>,updated_at=<?>)], 'deleted') {} wrapper /usr/lib/python2.7/site-packages/oslo_log/helpers.py:66
2018-09-12 23:27:53.232 25594 DEBUG oslo_concurrency.lockutils [req-55103062-b3c9-4b0c-a42a-9139df860fe4 6bce0e5766c84e1a98c3cb5ccb2e3772 4cff21d35d8b43b9a2a1ce042bb4f9f9 - - -] Lock "event-dispatch" released by "neutron.plugins.ml2.ovo_rpc.dispatch_events" :: held 0.465s inner /usr/lib/python2.7/site-packages/oslo_concurrency/lockutils.py:282
2018-09-12 23:27:53.250 25594 DEBUG neutron_lib.callbacks.manager [req-55103062-b3c9-4b0c-a42a-9139df860fe4 6bce0e5766c84e1a98c3cb5ccb2e3772 4cff21d35d8b43b9a2a1ce042bb4f9f9 - default default] Notify callbacks ['neutron.services.segments.db._delete_segments_for_network--9223363278010785238', 'neutron.plugins.ml2.plugin.Ml2Plugin._network_delete_precommit_handler--9223372036853384366'] for network, precommit_delete _notify_loop /usr/lib/python2.7/site-packages/neutron_lib/callbacks/manager.py:167
2018-09-12 23:27:53.252 25594 DEBUG neutron_lib.callbacks.manager [req-55103062-b3c9-4b0c-a42a-9139df860fe4 6bce0e5766c84e1a98c3cb5ccb2e3772 4cff21d35d8b43b9a2a1ce042bb4f9f9 - default default] Subscribe: <bound method Plugin._prevent_segment_delete_with_subnet_associated of <neutron.services.segments.plugin.Plugin object at 0x7f753afd0350>> segment before_delete subscribe /usr/lib/python2.7/site-packages/neutron_lib/callbacks/manager.py:41
