2018-06-29 05:28:43.037 14053 DEBUG neutron.api.v2.base [req-d4d6a387-c530-4dcf-aa4a-b7283134d258 4b9f365b48d146d78d9ae36866926d98 d8bf6946485e46038cc2de4799cf8a88 - 708c1f7773df43febf9354cea9a8d3c6 708c1f7773df43febf9354cea9a8d3c6] Request body: {u'floatingip': {u'fixed_ip_address': u'11.84.1.8', u'port_id': u'3b1b8a3f-74d7-4de1-bdf7-1814cb903280'}} prepare_request_body /usr/lib/python2.7/site-packages/neutron/api/v2/base.py:695
2018-06-29 05:28:43.610 14053 DEBUG neutron_lib.callbacks.manager [req-d4d6a387-c530-4dcf-aa4a-b7283134d258 4b9f365b48d146d78d9ae36866926d98 d8bf6946485e46038cc2de4799cf8a88 - 708c1f7773df43febf9354cea9a8d3c6 708c1f7773df43febf9354cea9a8d3c6] Notify callbacks ['neutron.services.l3_router.l3_router_plugin.L3RouterPlugin._create_dvr_floating_gw_port--9223372036853199302'] for floatingip, after_update _notify_loop /usr/lib/python2.7/site-packages/neutron_lib/callbacks/manager.py:167
2018-06-29 05:28:44.203 14053 DEBUG neutron.scheduler.l3_agent_scheduler [req-d4d6a387-c530-4dcf-aa4a-b7283134d258 4b9f365b48d146d78d9ae36866926d98 d8bf6946485e46038cc2de4799cf8a88 - 708c1f7773df43febf9354cea9a8d3c6 708c1f7773df43febf9354cea9a8d3c6] Router b9ab9cc5-a8ea-4894-b32a-d7037bc03ceb has already been hosted by L3 agent 0aae51ef-d85a-4a28-8dba-d2795f82e408 _get_candidates /usr/lib/python2.7/site-packages/neutron/scheduler/l3_agent_scheduler.py:141
2018-06-29 05:28:44.409 14053 DEBUG neutron.api.rpc.agentnotifiers.l3_rpc_agent_api [req-d4d6a387-c530-4dcf-aa4a-b7283134d258 4b9f365b48d146d78d9ae36866926d98 d8bf6946485e46038cc2de4799cf8a88 - 708c1f7773df43febf9354cea9a8d3c6 708c1f7773df43febf9354cea9a8d3c6] Notify agent at l3_agent.localhost.localdomain the message routers_updated _agent_notification /usr/lib/python2.7/site-packages/neutron/api/rpc/agentnotifiers/l3_rpc_agent_api.py:69
2018-06-29 05:28:44.443 14053 DEBUG neutron_lib.callbacks.manager [req-d4d6a387-c530-4dcf-aa4a-b7283134d258 4b9f365b48d146d78d9ae36866926d98 d8bf6946485e46038cc2de4799cf8a88 - 708c1f7773df43febf9354cea9a8d3c6 708c1f7773df43febf9354cea9a8d3c6] Notify callbacks ['neutron.notifiers.nova.Notifier._send_nova_notification--9223372036854769230'] for floatingip, before_response _notify_loop /usr/lib/python2.7/site-packages/neutron_lib/callbacks/manager.py:167
2018-06-29 05:28:44.468 14061 DEBUG neutron.db.l3_hamode_db [req-0177f7a3-b5ae-409b-8ff3-eac3f282ee2f - - - - -] neutron.services.l3_router.l3_router_plugin.L3RouterPlugin method get_ha_sync_data_for_host called with arguments (<neutron_lib.context.Context object at 0x7fbf89fd6850>, u'localhost.localdomain', <neutron.db.models.agent.Agent[object at 7fbf8a089ad0] {id=u'0aae51ef-d85a-4a28-8dba-d2795f82e408', agent_type=u'L3 agent', binary=u'neutron-l3-agent', topic=u'l3_agent', host=u'localhost.localdomain', availability_zone=u'nova', admin_state_up=True, created_at=datetime.datetime(2018, 6, 6, 18, 5, 37), started_at=datetime.datetime(2018, 6, 29, 3, 16), heartbeat_timestamp=datetime.datetime(2018, 6, 29, 3, 28, 30), description=None, configurations=u'{"agent_mode": "legacy", "gateway_external_network_id": "", "handle_internal_only_routers": true, "routers": 2, "interfaces": 2, "floating_ips": 0, "interface_driver": "neutron.agent.linux.interface.OVSInterfaceDriver", "log_agent_heartbeats": false, "external_network_bridge": "", "ex_gw_ports": 2}', resource_versions=None, load=0}>) {'active': True, 'router_ids': ['b9ab9cc5-a8ea-4894-b32a-d7037bc03ceb']} wrapper /usr/lib/python2.7/site-packages/oslo_log/helpers.py:66
2018-06-29 05:28:44.525 14053 INFO neutron.wsgi [req-d4d6a387-c530-4dcf-aa4a-b7283134d258 4b9f365b48d146d78d9ae36866926d98 d8bf6946485e46038cc2de4799cf8a88 - 708c1f7773df43febf9354cea9a8d3c6 708c1f7773df43febf9354cea9a8d3c6] 10.0.20.28 "PUT /v2.0/floatingips/692a5b7b-ae26-4414-8679-a52c3db11e96 HTTP/1.1" status: 200  len: 744 time: 1.5062702
2018-06-29 05:28:44.526 14053 DEBUG oslo_concurrency.lockutils [-] Lock "notifier-0c7d1954-3dab-4240-be75-fb05aa03d3af" acquired by "neutron.notifiers.batch_notifier.synced_send" :: waited 0.000s inner /usr/lib/python2.7/site-packages/oslo_concurrency/lockutils.py:270
2018-06-29 05:28:44.527 14053 DEBUG neutron.notifiers.nova [-] Sending events: [{'tag': u'3b1b8a3f-74d7-4de1-bdf7-1814cb903280', 'name': 'network-changed', 'server_uuid': u'efb8290a-e5b0-44a8-b716-41b6409c986a'}] send_events /usr/lib/python2.7/site-packages/neutron/notifiers/nova.py:242
2018-06-29 05:28:45.416 14061 DEBUG neutron.db.l3_hamode_db [req-0177f7a3-b5ae-409b-8ff3-eac3f282ee2f - - - - -] neutron.services.l3_router.l3_router_plugin.L3RouterPlugin method _process_sync_ha_data called with arguments (<neutron_lib.context.Context object at 0x7fbf89fd6850>, [{'status': u'ACTIVE', '_interfaces': [{'status': u'ACTIVE', 'subnets': [{'dns_nameservers': [u'8.8.4.4'], 'ipv6_ra_mode': None, 'gateway_ip': u'11.84.1.1', 'cidr': u'11.84.1.0/24', 'id': u'c06b7adb-c704-4804-9873-42d6e5b7f830', 'subnetpool_id': None}], 'binding:host_id': u'localhost.localdomain', 'description': u'', 'allowed_address_pairs': [], 'tags': [], 'extra_dhcp_opts': [], 'updated_at': '2018-06-29T03:26:53Z', 'device_owner': u'network:router_interface', 'revision_number': 7, 'port_security_enabled': False, 'binding:profile': {}, 'mtu': 1450, 'fixed_ips': [{'subnet_id': u'c06b7adb-c704-4804-9873-42d6e5b7f830', 'prefixlen': 24, 'ip_address': u'11.84.1.1'}], 'id': u'0bca94e9-d180-484f-aad6-62758eb2a0f7', 'security_groups': [], 'device_id': u'b9ab9cc5-a8ea-4894-b32a-d7037bc03ceb', 'name': u'', 'admin_state_up': True, 'network_id': u'b5960557-6404-4e47-8921-7a67df67415e', 'tenant_id': u'd8bf6946485e46038cc2de4799cf8a88', 'binding:vif_details': {u'port_filter': True, u'datapath_type': u'system', u'ovs_hybrid_plug': True}, 'address_scopes': {4: None, 6: None}, 'binding:vnic_type': u'normal', 'binding:vif_type': u'ovs', 'mac_address': u'fa:16:3e:61:48:25', 'project_id': u'd8bf6946485e46038cc2de4799cf8a88', 'extra_subnets': [], 'created_at': '2018-06-29T03:26:44Z'}], 'enable_snat': True, 'ha_vr_id': 0, 'description': u'', 'tags': [], 'gw_port': {'status': u'ACTIVE', 'subnets': [{'dns_nameservers': [], 'ipv6_ra_mode': None, 'gateway_ip': u'172.24.4.1', 'cidr': u'172.24.4.0/24', 'id': u'b6e216ca-b0fd-4778-9cc1-3aadc17c208f', 'subnetpool_id': None}], 'binding:host_id': u'localhost.localdomain', 'description': u'', 'allowed_address_pairs': [], 'tags': [], 'extra_dhcp_opts': [], 'updated_at': '2018-06-29T03:27:12Z', 'device_owner': u'network:router_gateway', 'revision_number': 6, 'port_security_enabled': False, 'binding:profile': {}, 'mtu': 1500, 'fixed_ips': [{'subnet_id': u'b6e216ca-b0fd-4778-9cc1-3aadc17c208f', 'prefixlen': 24, 'ip_address': u'172.24.4.2'}], 'id': u'3c5e7eb3-7f0b-4799-896c-329eb1423356', 'security_groups': [], 'device_id': u'b9ab9cc5-a8ea-4894-b32a-d7037bc03ceb', 'name': u'', 'admin_state_up': True, 'network_id': u'3a89a4af-574f-492a-9eb4-eae63d51f625', 'tenant_id': u'', 'binding:vif_details': {u'port_filter': True, u'datapath_type': u'system', u'ovs_hybrid_plug': True}, 'address_scopes': {4: None, 6: None}, 'binding:vnic_type': u'normal', 'binding:vif_type': u'ovs', 'mac_address': u'fa:16:3e:4d:33:b5', 'project_id': u'', 'extra_subnets': [], 'created_at': '2018-06-29T03:27:03Z'}, 'updated_at': '2018-06-29T03:27:05Z', 'revision_number': 4, 'ha': False, 'id': u'b9ab9cc5-a8ea-4894-b32a-d7037bc03ceb', 'gw_port_host': u'localhost.localdomain', 'external_gateway_info': {'network_id': u'3a89a4af-574f-492a-9eb4-eae63d51f625', 'enable_snat': True, 'external_fixed_ips': [{'subnet_id': u'b6e216ca-b0fd-4778-9cc1-3aadc17c208f', 'ip_address': u'172.24.4.2'}]}, 'availability_zone_hints': [], 'availability_zones': [u'nova'], 'name': u'tempest-router-1530242592', 'gw_port_id': u'3c5e7eb3-7f0b-4799-896c-329eb1423356', 'admin_state_up': True, 'tenant_id': u'd8bf6946485e46038cc2de4799cf8a88', 'created_at': '2018-06-29T03:26:22Z', 'distributed': False, 'flavor_id': None, 'routes': [], 'project_id': u'd8bf6946485e46038cc2de4799cf8a88', '_floatingips': [{'router_id': u'b9ab9cc5-a8ea-4894-b32a-d7037bc03ceb', 'status': u'DOWN', 'description': u'', 'tags': [], 'updated_at': '2018-06-29T03:28:43Z', 'dns_domain': '', 'floating_network_id': u'3a89a4af-574f-492a-9eb4-eae63d51f625', 'fixed_ip_address': u'11.84.1.8', 'floating_ip_address': u'172.24.4.8', 'revision_number': 1, 'port_id': u'3b1b8a3f-74d7-4de1-bdf7-1814cb903280', 'id': u'692a5b7b-ae26-4414-8679-a52c3db11e96', 'dns_name': '', 'created_at': '2018-06-29T03:28:25Z', 'tenant_id': u'd8bf6946485e46038cc2de4799cf8a88', 'fixed_ip_address_scope': None, 'project_id': u'd8bf6946485e46038cc2de4799cf8a88'}]}], u'localhost.localdomain', False) {} wrapper /usr/lib/python2.7/site-packages/oslo_log/helpers.py:66
2018-06-29 05:28:45.431 14061 DEBUG neutron.api.rpc.handlers.l3_rpc [req-0177f7a3-b5ae-409b-8ff3-eac3f282ee2f - - - - -] Checking router: b9ab9cc5-a8ea-4894-b32a-d7037bc03ceb for host: localhost.localdomain _ensure_host_set_on_ports /usr/lib/python2.7/site-packages/neutron/api/rpc/handlers/l3_rpc.py:135
2018-06-29 05:28:45.653 14055 DEBUG neutron.wsgi [-] (14055) accepted ('10.0.20.28', 40870) server /usr/lib/python2.7/site-packages/eventlet/wsgi.py:883
2018-06-29 05:28:45.743 14053 DEBUG novaclient.v2.client [-] REQ: curl -g -i -X POST http://10.0.20.28:8774/v2.1/0756a888a15d4216915a13bf41cedcba/os-server-external-events -H "User-Agent: python-novaclient" -H "Content-Type: application/json" -H "Accept: application/json" -H "X-OpenStack-Nova-API-Version: 2.1" -H "X-Auth-Token: {SHA1}35a9013eaecb5831d70cbdc4f68e0a8895bab30a" -d '{"events": [{"tag": "3b1b8a3f-74d7-4de1-bdf7-1814cb903280", "name": "network-changed", "server_uuid": "efb8290a-e5b0-44a8-b716-41b6409c986a"}]}' _http_log_request /usr/lib/python2.7/site-packages/keystoneauth1/session.py:375
2018-06-29 05:28:45.874 14070 DEBUG neutron.api.rpc.handlers.l3_rpc [req-d6040261-c14c-4984-b49f-ce477f1ecf10 - - - - -] New status for floating IP 692a5b7b-ae26-4414-8679-a52c3db11e96: ACTIVE update_floatingip_statuses /usr/lib/python2.7/site-packages/neutron/api/rpc/handlers/l3_rpc.py:252
2018-06-29 05:28:46.134 14053 INFO neutron.wsgi [req-11aa67f9-f7b2-4c1e-84c5-6f07eeffbe27 75fa4703edb245b7af4eedb4f8abb678 0756a888a15d4216915a13bf41cedcba - default default] 10.0.20.28 "GET /v2.0/ports?tenant_id=d8bf6946485e46038cc2de4799cf8a88&device_id=efb8290a-e5b0-44a8-b716-41b6409c986a HTTP/1.1" status: 200  len: 1123 time: 0.5019898
2018-06-29 05:28:46.319 14055 INFO neutron.wsgi [req-7973163d-329b-4943-b322-6f3be60735aa 75fa4703edb245b7af4eedb4f8abb678 0756a888a15d4216915a13bf41cedcba - default default] 10.0.20.28 "GET /v2.0/ports?device_id=efb8290a-e5b0-44a8-b716-41b6409c986a HTTP/1.1" status: 200  len: 1123 time: 0.6635141
2018-06-29 05:28:46.404 14053 DEBUG neutron.pecan_wsgi.hooks.policy_enforcement [req-c13d9e05-0242-4e0a-ad90-cef804449adb 75fa4703edb245b7af4eedb4f8abb678 0756a888a15d4216915a13bf41cedcba - default default] Attributes excluded by policy engine: [u'vlan_transparent'] _exclude_attributes_by_policy /usr/lib/python2.7/site-packages/neutron/pecan_wsgi/hooks/policy_enforcement.py:256
2018-06-29 05:28:46.407 14053 INFO neutron.wsgi [req-c13d9e05-0242-4e0a-ad90-cef804449adb 75fa4703edb245b7af4eedb4f8abb678 0756a888a15d4216915a13bf41cedcba - default default] 10.0.20.28 "GET /v2.0/networks?id=b5960557-6404-4e47-8921-7a67df67415e HTTP/1.1" status: 200  len: 885 time: 0.2655420
2018-06-29 05:28:46.472 14053 INFO neutron.wsgi [req-29f05c44-085e-4c9c-b4cb-adcb58ae78cb 75fa4703edb245b7af4eedb4f8abb678 0756a888a15d4216915a13bf41cedcba - default default] 10.0.20.28 "GET /v2.0/floatingips?fixed_ip_address=11.84.1.8&port_id=3b1b8a3f-74d7-4de1-bdf7-1814cb903280 HTTP/1.1" status: 200  len: 749 time: 0.0564981
2018-06-29 05:28:46.502 14055 INFO neutron.wsgi [req-7c79526c-0e3d-4c87-8a1d-2df1d827c9cc 75fa4703edb245b7af4eedb4f8abb678 0756a888a15d4216915a13bf41cedcba - default default] 10.0.20.28 "GET /v2.0/security-groups?id=bd05fa8d-bf20-4dd7-b183-295e426cf42e HTTP/1.1" status: 200  len: 2118 time: 0.1332371
2018-06-29 05:28:46.564 14053 DEBUG novaclient.v2.client [-] RESP: [200] Content-Length: 179 Content-Type: application/json Openstack-Api-Version: compute 2.1 X-Openstack-Nova-Api-Version: 2.1 Vary: OpenStack-API-Version, X-OpenStack-Nova-API-Version X-Openstack-Request-Id: req-c2e2a402-63d3-4f22-b506-7243e5dd7d6a X-Compute-Request-Id: req-c2e2a402-63d3-4f22-b506-7243e5dd7d6a Date: Fri, 29 Jun 2018 03:28:46 GMT Connection: keep-alive 
RESP BODY: {"events": [{"status": "completed", "tag": "3b1b8a3f-74d7-4de1-bdf7-1814cb903280", "name": "network-changed", "server_uuid": "efb8290a-e5b0-44a8-b716-41b6409c986a", "code": 200}]}
 _http_log_response /usr/lib/python2.7/site-packages/keystoneauth1/session.py:423
2018-06-29 05:28:46.564 14053 DEBUG novaclient.v2.client [-] POST call to compute for http://10.0.20.28:8774/v2.1/0756a888a15d4216915a13bf41cedcba/os-server-external-events used request id req-c2e2a402-63d3-4f22-b506-7243e5dd7d6a request /usr/lib/python2.7/site-packages/keystoneauth1/session.py:727
2018-06-29 05:28:46.587 14053 INFO neutron.notifiers.nova [-] Nova event response: {u'status': u'completed', u'tag': u'3b1b8a3f-74d7-4de1-bdf7-1814cb903280', u'name': u'network-changed', u'server_uuid': u'efb8290a-e5b0-44a8-b716-41b6409c986a', u'code': 200}
2018-06-29 05:28:46.669 14053 DEBUG neutron.pecan_wsgi.hooks.policy_enforcement [req-3c085143-2e7d-4fd4-bc9f-f01f226e1bba 75fa4703edb245b7af4eedb4f8abb678 0756a888a15d4216915a13bf41cedcba - default default] Attributes excluded by policy engine: [u'shared'] _exclude_attributes_by_policy /usr/lib/python2.7/site-packages/neutron/pecan_wsgi/hooks/policy_enforcement.py:256
2018-06-29 05:28:46.672 14053 INFO neutron.wsgi [req-3c085143-2e7d-4fd4-bc9f-f01f226e1bba 75fa4703edb245b7af4eedb4f8abb678 0756a888a15d4216915a13bf41cedcba - default default] 10.0.20.28 "GET /v2.0/subnets?id=c06b7adb-c704-4804-9873-42d6e5b7f830 HTTP/1.1" status: 200  len: 843 time: 0.1914680
2018-06-29 05:28:46.724 14054 INFO neutron.wsgi [req-b945ce9a-579a-4fdb-866d-4cb16b5a3248 75fa4703edb245b7af4eedb4f8abb678 0756a888a15d4216915a13bf41cedcba - default default] 10.0.20.28 "GET /v2.0/ports?tenant_id=d8bf6946485e46038cc2de4799cf8a88&device_id=efb8290a-e5b0-44a8-b716-41b6409c986a HTTP/1.1" status: 200  len: 1123 time: 0.1346450
2018-06-29 05:28:46.810 14053 INFO neutron.wsgi [req-a67560fd-93ec-4976-a67f-3e2f98eb6997 75fa4703edb245b7af4eedb4f8abb678 0756a888a15d4216915a13bf41cedcba - default default] 10.0.20.28 "GET /v2.0/ports?network_id=b5960557-6404-4e47-8921-7a67df67415e&device_owner=network%3Adhcp HTTP/1.1" status: 200  len: 1127 time: 0.1260271
2018-06-29 05:28:46.947 14054 DEBUG neutron.pecan_wsgi.hooks.policy_enforcement [req-8a7536c0-ad0c-4c67-bb9f-7933c36967d1 75fa4703edb245b7af4eedb4f8abb678 0756a888a15d4216915a13bf41cedcba - default default] Attributes excluded by policy engine: [u'vlan_transparent'] _exclude_attributes_by_policy /usr/lib/python2.7/site-packages/neutron/pecan_wsgi/hooks/policy_enforcement.py:256
2018-06-29 05:28:46.951 14054 INFO neutron.wsgi [req-8a7536c0-ad0c-4c67-bb9f-7933c36967d1 75fa4703edb245b7af4eedb4f8abb678 0756a888a15d4216915a13bf41cedcba - default default] 10.0.20.28 "GET /v2.0/networks?id=b5960557-6404-4e47-8921-7a67df67415e HTTP/1.1" status: 200  len: 885 time: 0.2207630
2018-06-29 05:28:46.997 14054 INFO neutron.wsgi [req-c4190781-102c-4efc-8e90-1a6657e5e71b 75fa4703edb245b7af4eedb4f8abb678 0756a888a15d4216915a13bf41cedcba - default default] 10.0.20.28 "GET /v2.0/floatingips?fixed_ip_address=11.84.1.8&port_id=3b1b8a3f-74d7-4de1-bdf7-1814cb903280 HTTP/1.1" status: 200  len: 749 time: 0.0399151
2018-06-29 05:28:47.019 14055 INFO neutron.wsgi [req-e94dc100-62e3-43dd-8d4e-85ebf5c69a0f 75fa4703edb245b7af4eedb4f8abb678 0756a888a15d4216915a13bf41cedcba - default default] 10.0.20.28 "GET /v2.0/ports?device_id=efb8290a-e5b0-44a8-b716-41b6409c986a HTTP/1.1" status: 200  len: 1123 time: 0.1070938
2018-06-29 05:28:47.105 14054 DEBUG neutron.pecan_wsgi.hooks.policy_enforcement [req-67749599-862c-41c9-80f8-e600612cc23b 75fa4703edb245b7af4eedb4f8abb678 0756a888a15d4216915a13bf41cedcba - default default] Attributes excluded by policy engine: [u'shared'] _exclude_attributes_by_policy /usr/lib/python2.7/site-packages/neutron/pecan_wsgi/hooks/policy_enforcement.py:256
2018-06-29 05:28:47.107 14054 INFO neutron.wsgi [req-67749599-862c-41c9-80f8-e600612cc23b 75fa4703edb245b7af4eedb4f8abb678 0756a888a15d4216915a13bf41cedcba - default default] 10.0.20.28 "GET /v2.0/subnets?id=c06b7adb-c704-4804-9873-42d6e5b7f830 HTTP/1.1" status: 200  len: 843 time: 0.1045909
2018-06-29 05:28:47.134 14055 INFO neutron.wsgi [req-05987ac8-db4c-43e2-97d7-db5f88f03b79 75fa4703edb245b7af4eedb4f8abb678 0756a888a15d4216915a13bf41cedcba - default default] 10.0.20.28 "GET /v2.0/security-groups?id=bd05fa8d-bf20-4dd7-b183-295e426cf42e HTTP/1.1" status: 200  len: 2118 time: 0.1090009
2018-06-29 05:28:47.250 14054 INFO neutron.wsgi [req-1dd61d3d-f39b-4fdd-90b5-9e3f9b1043c5 75fa4703edb245b7af4eedb4f8abb678 0756a888a15d4216915a13bf41cedcba - default default] 10.0.20.28 "GET /v2.0/ports?network_id=b5960557-6404-4e47-8921-7a67df67415e&device_owner=network%3Adhcp HTTP/1.1" status: 200  len: 1127 time: 0.1367011
2018-06-29 05:28:48.590 14053 DEBUG oslo_concurrency.lockutils [-] Lock "notifier-0c7d1954-3dab-4240-be75-fb05aa03d3af" released by "neutron.notifiers.batch_notifier.synced_send" :: held 4.064s inner /usr/lib/python2.7/site-packages/oslo_concurrency/lockutils.py:282
2018-06-29 05:28:49.783 14055 DEBUG neutron.wsgi [-] (14055) accepted ('10.0.20.28', 40904) server /usr/lib/python2.7/site-packages/eventlet/wsgi.py:883
2018-06-29 05:28:50.615 14055 INFO neutron.wsgi [req-aab91753-8431-42f8-ae8d-00e0273393ff 75fa4703edb245b7af4eedb4f8abb678 0756a888a15d4216915a13bf41cedcba - default default] 10.0.20.28 "GET /v2.0/ports?device_id=efb8290a-e5b0-44a8-b716-41b6409c986a HTTP/1.1" status: 200  len: 1123 time: 0.8284469
2018-06-29 05:28:50.822 14055 INFO neutron.wsgi [req-91714447-e437-469c-a6b8-1e0fa46ce923 75fa4703edb245b7af4eedb4f8abb678 0756a888a15d4216915a13bf41cedcba - default default] 10.0.20.28 "GET /v2.0/security-groups?id=bd05fa8d-bf20-4dd7-b183-295e426cf42e HTTP/1.1" status: 200  len: 2118 time: 0.1496379
2018-06-29 05:28:51.561 14055 INFO neutron.wsgi [req-6a927652-52ba-42a1-bcc1-edc6f95efed5 75fa4703edb245b7af4eedb4f8abb678 0756a888a15d4216915a13bf41cedcba - default default] 10.0.20.28 "GET /v2.0/ports?device_id=efb8290a-e5b0-44a8-b716-41b6409c986a HTTP/1.1" status: 200  len: 1123 time: 0.2265160
2018-06-29 05:28:51.776 14055 INFO neutron.wsgi [req-8b598c2d-4b8f-462e-8443-dffb6f73836f 75fa4703edb245b7af4eedb4f8abb678 0756a888a15d4216915a13bf41cedcba - default default] 10.0.20.28 "GET /v2.0/security-groups?id=bd05fa8d-bf20-4dd7-b183-295e426cf42e HTTP/1.1" status: 200  len: 2118 time: 0.2047760
2018-06-29 05:28:59.527 14053 INFO neutron.wsgi [req-2f5ec7d5-d179-4907-8f02-ae53f81c2a5a 4b9f365b48d146d78d9ae36866926d98 d8bf6946485e46038cc2de4799cf8a88 - 708c1f7773df43febf9354cea9a8d3c6 708c1f7773df43febf9354cea9a8d3c6] 10.0.20.28 "GET /v2.0/ports?device_id=efb8290a-e5b0-44a8-b716-41b6409c986a HTTP/1.1" status: 200  len: 1123 time: 0.8666821
2018-06-29 05:28:59.627 14060 DEBUG neutron_lib.callbacks.manager [req-7a5bbdc5-f35b-44fb-8000-b9726988e926 - - - - -] Notify callbacks ['neutron.services.segments.db._update_segment_host_mapping_for_agent-8778790434384'] for agent, after_update _notify_loop /usr/lib/python2.7/site-packages/neutron_lib/callbacks/manager.py:167
2018-06-29 05:28:59.640 14062 DEBUG neutron_lib.callbacks.manager [req-00496de1-fede-4195-80e2-e41986cdb5ed - - - - -] Notify callbacks ['neutron.services.segments.db._update_segment_host_mapping_for_agent-8778790434384'] for agent, after_update _notify_loop /usr/lib/python2.7/site-packages/neutron_lib/callbacks/manager.py:167
2018-06-29 05:28:59.720 14064 DEBUG neutron_lib.callbacks.manager [req-df049a75-6045-4463-a979-e50bcdae0bea - - - - -] Notify callbacks ['neutron.services.segments.db._update_segment_host_mapping_for_agent-8778790434384'] for agent, after_update _notify_loop /usr/lib/python2.7/site-packages/neutron_lib/callbacks/manager.py:167
2018-06-29 05:28:59.764 14053 INFO neutron.wsgi [req-675e87b3-e5dc-430d-92bf-4a88bd898420 4b9f365b48d146d78d9ae36866926d98 d8bf6946485e46038cc2de4799cf8a88 - 708c1f7773df43febf9354cea9a8d3c6 708c1f7773df43febf9354cea9a8d3c6] 10.0.20.28 "GET /v2.0/security-groups?id=bd05fa8d-bf20-4dd7-b183-295e426cf42e HTTP/1.1" status: 200  len: 2118 time: 0.2250619
2018-06-29 05:28:59.774 14061 DEBUG neutron_lib.callbacks.manager [req-9d103927-f78f-4116-ac63-cd457f6d6203 - - - - -] Notify callbacks ['neutron.services.segments.db._update_segment_host_mapping_for_agent-8778790434384'] for agent, after_update _notify_loop /usr/lib/python2.7/site-packages/neutron_lib/callbacks/manager.py:167
2018-06-29 05:29:00.515 14063 DEBUG neutron_lib.callbacks.manager [req-c118faa7-22aa-4fb6-9a1f-8581f20cf357 - - - - -] Notify callbacks ['neutron.services.segments.db._update_segment_host_mapping_for_agent-8778790434384'] for agent, after_update _notify_loop /usr/lib/python2.7/site-packages/neutron_lib/callbacks/manager.py:167
2018-06-29 05:29:14.376 14070 DEBUG neutron.db.agents_db [req-8c0a6b24-6dfc-4a15-b4cc-372480cfd0ee - - - - -] Agent healthcheck: found 5 active agents agent_health_check /usr/lib/python2.7/site-packages/neutron/db/agents_db.py:281
2018-06-29 05:29:22.529 14055 INFO neutron.wsgi [req-a6fb0583-7fbe-4304-b119-07d0b3714fe3 4b9f365b48d146d78d9ae36866926d98 d8bf6946485e46038cc2de4799cf8a88 - 708c1f7773df43febf9354cea9a8d3c6 708c1f7773df43febf9354cea9a8d3c6] 10.0.20.28 "GET /v2.0/ports?device_id=efb8290a-e5b0-44a8-b716-41b6409c986a HTTP/1.1" status: 200  len: 1123 time: 0.6237659
2018-06-29 05:29:22.673 14055 INFO neutron.wsgi [req-4a56488f-f800-4077-a847-e15232ddd213 4b9f365b48d146d78d9ae36866926d98 d8bf6946485e46038cc2de4799cf8a88 - 708c1f7773df43febf9354cea9a8d3c6 708c1f7773df43febf9354cea9a8d3c6] 10.0.20.28 "GET /v2.0/security-groups?id=bd05fa8d-bf20-4dd7-b183-295e426cf42e HTTP/1.1" status: 200  len: 2118 time: 0.1372681
2018-06-29 05:29:29.636 14067 DEBUG neutron_lib.callbacks.manager [req-f4c62e64-44ee-4a8c-88bd-8b1c65cd2a8b - - - - -] Notify callbacks ['neutron.services.segments.db._update_segment_host_mapping_for_agent-8778790434384'] for agent, after_update _notify_loop /usr/lib/python2.7/site-packages/neutron_lib/callbacks/manager.py:167
2018-06-29 05:29:29.645 14066 DEBUG neutron_lib.callbacks.manager [req-00496de1-fede-4195-80e2-e41986cdb5ed - - - - -] Notify callbacks ['neutron.services.segments.db._update_segment_host_mapping_for_agent-8778790434384'] for agent, after_update _notify_loop /usr/lib/python2.7/site-packages/neutron_lib/callbacks/manager.py:167
2018-06-29 05:29:29.771 14065 DEBUG neutron_lib.callbacks.manager [req-df049a75-6045-4463-a979-e50bcdae0bea - - - - -] Notify callbacks ['neutron.services.segments.db._update_segment_host_mapping_for_agent-8778790434384'] for agent, after_update _notify_loop /usr/lib/python2.7/site-packages/neutron_lib/callbacks/manager.py:167
2018-06-29 05:29:29.808 14068 DEBUG neutron_lib.callbacks.manager [req-9d103927-f78f-4116-ac63-cd457f6d6203 - - - - -] Notify callbacks ['neutron.services.segments.db._update_segment_host_mapping_for_agent-8778790434384'] for agent, after_update _notify_loop /usr/lib/python2.7/site-packages/neutron_lib/callbacks/manager.py:167
2018-06-29 05:29:30.513 14060 DEBUG neutron_lib.callbacks.manager [req-3c157e9c-1cde-4b9d-8c8c-7d46bf5abda6 - - - - -] Notify callbacks ['neutron.services.segments.db._update_segment_host_mapping_for_agent-8778790434384'] for agent, after_update _notify_loop /usr/lib/python2.7/site-packages/neutron_lib/callbacks/manager.py:167
2018-06-29 05:29:36.894 14054 INFO neutron.wsgi [req-1149bfce-8c83-4108-900a-d9888c56b17e 75fa4703edb245b7af4eedb4f8abb678 0756a888a15d4216915a13bf41cedcba - default default] 10.0.20.28 "GET /v2.0/ports?tenant_id=d8bf6946485e46038cc2de4799cf8a88&device_id=efb8290a-e5b0-44a8-b716-41b6409c986a HTTP/1.1" status: 200  len: 1123 time: 0.1769331
2018-06-29 05:29:37.257 14054 DEBUG neutron.pecan_wsgi.hooks.policy_enforcement [req-a5673042-5d84-454a-b9e7-e803200d6825 75fa4703edb245b7af4eedb4f8abb678 0756a888a15d4216915a13bf41cedcba - default default] Attributes excluded by policy engine: [u'vlan_transparent'] _exclude_attributes_by_policy /usr/lib/python2.7/site-packages/neutron/pecan_wsgi/hooks/policy_enforcement.py:256
2018-06-29 05:29:37.262 14054 INFO neutron.wsgi [req-a5673042-5d84-454a-b9e7-e803200d6825 75fa4703edb245b7af4eedb4f8abb678 0756a888a15d4216915a13bf41cedcba - default default] 10.0.20.28 "GET /v2.0/networks?id=b5960557-6404-4e47-8921-7a67df67415e HTTP/1.1" status: 200  len: 885 time: 0.3581932
2018-06-29 05:29:37.368 14054 INFO neutron.wsgi [req-1ba69864-5929-4088-932b-3c9574ae9e8e 75fa4703edb245b7af4eedb4f8abb678 0756a888a15d4216915a13bf41cedcba - default default] 10.0.20.28 "GET /v2.0/floatingips?fixed_ip_address=11.84.1.8&port_id=3b1b8a3f-74d7-4de1-bdf7-1814cb903280 HTTP/1.1" status: 200  len: 749 time: 0.0911129
2018-06-29 05:29:37.657 14054 DEBUG neutron.pecan_wsgi.hooks.policy_enforcement [req-cee709cf-6ecf-4806-afa7-4f667b4435e0 75fa4703edb245b7af4eedb4f8abb678 0756a888a15d4216915a13bf41cedcba - default default] Attributes excluded by policy engine: [u'shared'] _exclude_attributes_by_policy /usr/lib/python2.7/site-packages/neutron/pecan_wsgi/hooks/policy_enforcement.py:256
2018-06-29 05:29:37.661 14054 INFO neutron.wsgi [req-cee709cf-6ecf-4806-afa7-4f667b4435e0 75fa4703edb245b7af4eedb4f8abb678 0756a888a15d4216915a13bf41cedcba - default default] 10.0.20.28 "GET /v2.0/subnets?id=c06b7adb-c704-4804-9873-42d6e5b7f830 HTTP/1.1" status: 200  len: 843 time: 0.2797949
2018-06-29 05:29:37.859 14054 INFO neutron.wsgi [req-c68c8583-5b15-441d-89cc-aaf2d55a5667 75fa4703edb245b7af4eedb4f8abb678 0756a888a15d4216915a13bf41cedcba - default default] 10.0.20.28 "GET /v2.0/ports?network_id=b5960557-6404-4e47-8921-7a67df67415e&device_owner=network%3Adhcp HTTP/1.1" status: 200  len: 1127 time: 0.1812041
2018-06-29 05:29:38.037 14055 INFO neutron.wsgi [req-f760eaac-b145-4ccb-bef8-3c55a7bd5c4a 4b9f365b48d146d78d9ae36866926d98 d8bf6946485e46038cc2de4799cf8a88 - 708c1f7773df43febf9354cea9a8d3c6 708c1f7773df43febf9354cea9a8d3c6] 10.0.20.28 "GET /v2.0/ports?device_id=efb8290a-e5b0-44a8-b716-41b6409c986a HTTP/1.1" status: 200  len: 1123 time: 0.9952910
2018-06-29 05:29:38.195 14055 INFO neutron.wsgi [req-9c3a7a5c-cbe2-4f2a-9dfa-a7161e7fd16c 4b9f365b48d146d78d9ae36866926d98 d8bf6946485e46038cc2de4799cf8a88 - 708c1f7773df43febf9354cea9a8d3c6 708c1f7773df43febf9354cea9a8d3c6] 10.0.20.28 "GET /v2.0/security-groups?id=bd05fa8d-bf20-4dd7-b183-295e426cf42e HTTP/1.1" status: 200  len: 2118 time: 0.1501911
2018-06-29 05:29:51.384 14070 DEBUG neutron.db.agents_db [req-8c0a6b24-6dfc-4a15-b4cc-372480cfd0ee - - - - -] Agent healthcheck: found 5 active agents agent_health_check /usr/lib/python2.7/site-packages/neutron/db/agents_db.py:281
2018-06-29 05:29:53.357 14055 INFO neutron.wsgi [req-6f7e2ceb-906c-4710-a2c1-1427c66fa5d6 4b9f365b48d146d78d9ae36866926d98 d8bf6946485e46038cc2de4799cf8a88 - 708c1f7773df43febf9354cea9a8d3c6 708c1f7773df43febf9354cea9a8d3c6] 10.0.20.28 "GET /v2.0/ports?device_id=efb8290a-e5b0-44a8-b716-41b6409c986a HTTP/1.1" status: 200  len: 1123 time: 0.7928050
2018-06-29 05:29:53.570 14055 INFO neutron.wsgi [req-2c5d022e-30fe-4937-aa24-59be04a77ccb 4b9f365b48d146d78d9ae36866926d98 d8bf6946485e46038cc2de4799cf8a88 - 708c1f7773df43febf9354cea9a8d3c6 708c1f7773df43febf9354cea9a8d3c6] 10.0.20.28 "GET /v2.0/security-groups?id=bd05fa8d-bf20-4dd7-b183-295e426cf42e HTTP/1.1" status: 200  len: 2118 time: 0.2030241
2018-06-29 05:29:59.619 14062 DEBUG neutron_lib.callbacks.manager [req-52a7dd88-882b-4da2-91d3-0cf02894396f - - - - -] Notify callbacks ['neutron.services.segments.db._update_segment_host_mapping_for_agent-8778790434384'] for agent, after_update _notify_loop /usr/lib/python2.7/site-packages/neutron_lib/callbacks/manager.py:167
2018-06-29 05:29:59.625 14064 DEBUG neutron_lib.callbacks.manager [req-00496de1-fede-4195-80e2-e41986cdb5ed - - - - -] Notify callbacks ['neutron.services.segments.db._update_segment_host_mapping_for_agent-8778790434384'] for agent, after_update _notify_loop /usr/lib/python2.7/site-packages/neutron_lib/callbacks/manager.py:167
2018-06-29 05:29:59.698 14061 DEBUG neutron_lib.callbacks.manager [req-df049a75-6045-4463-a979-e50bcdae0bea - - - - -] Notify callbacks ['neutron.services.segments.db._update_segment_host_mapping_for_agent-8778790434384'] for agent, after_update _notify_loop /usr/lib/python2.7/site-packages/neutron_lib/callbacks/manager.py:167
2018-06-29 05:29:59.768 14063 DEBUG neutron_lib.callbacks.manager [req-9d103927-f78f-4116-ac63-cd457f6d6203 - - - - -] Notify callbacks ['neutron.services.segments.db._update_segment_host_mapping_for_agent-8778790434384'] for agent, after_update _notify_loop /usr/lib/python2.7/site-packages/neutron_lib/callbacks/manager.py:167
2018-06-29 05:30:01.134 14067 DEBUG neutron_lib.callbacks.manager [req-3d4979a9-618f-4cb5-8652-2b916f21bf35 - - - - -] Notify callbacks ['neutron.services.segments.db._update_segment_host_mapping_for_agent-8778790434384'] for agent, after_update _notify_loop /usr/lib/python2.7/site-packages/neutron_lib/callbacks/manager.py:167
2018-06-29 05:30:05.758 14056 DEBUG neutron.wsgi [-] (14056) accepted ('10.0.20.28', 43182) server /usr/lib/python2.7/site-packages/eventlet/wsgi.py:883
2018-06-29 05:30:06.337 14056 WARNING keystonemiddleware.auth_token [-] A valid token was submitted as a service token, but it was not a valid service token. This is incorrect but backwards compatible behaviour. This will be removed in future releases.
2018-06-29 05:30:07.010 14056 INFO neutron.wsgi [req-b06e1aab-3eb1-4e0a-a8cd-81f114fee370 4b9f365b48d146d78d9ae36866926d98 d8bf6946485e46038cc2de4799cf8a88 - 708c1f7773df43febf9354cea9a8d3c6 708c1f7773df43febf9354cea9a8d3c6] 10.0.20.28 "GET /v2.0/ports?device_id=efb8290a-e5b0-44a8-b716-41b6409c986a HTTP/1.1" status: 200  len: 1123 time: 1.2478280
2018-06-29 05:30:07.183 14056 INFO neutron.wsgi [req-337a02d3-9f0d-4620-a3e3-5e2e83d156d2 4b9f365b48d146d78d9ae36866926d98 d8bf6946485e46038cc2de4799cf8a88 - 708c1f7773df43febf9354cea9a8d3c6 708c1f7773df43febf9354cea9a8d3c6] 10.0.20.28 "GET /v2.0/security-groups?id=bd05fa8d-bf20-4dd7-b183-295e426cf42e HTTP/1.1" status: 200  len: 2118 time: 0.1343942
2018-06-29 05:30:25.522 14055 DEBUG neutron.wsgi [-] (14055) accepted ('10.0.20.28', 43234) server /usr/lib/python2.7/site-packages/eventlet/wsgi.py:883
2018-06-29 05:30:27.019 14055 INFO neutron.wsgi [req-38dd231e-53fe-49a4-95d4-08f76ab92f45 4b9f365b48d146d78d9ae36866926d98 d8bf6946485e46038cc2de4799cf8a88 - 708c1f7773df43febf9354cea9a8d3c6 708c1f7773df43febf9354cea9a8d3c6] 10.0.20.28 "GET /v2.0/ports?device_id=efb8290a-e5b0-44a8-b716-41b6409c986a HTTP/1.1" status: 200  len: 1123 time: 1.4934969
2018-06-29 05:30:27.214 14055 INFO neutron.wsgi [req-32325728-c423-43db-8d57-12a5496cab33 4b9f365b48d146d78d9ae36866926d98 d8bf6946485e46038cc2de4799cf8a88 - 708c1f7773df43febf9354cea9a8d3c6 708c1f7773df43febf9354cea9a8d3c6] 10.0.20.28 "GET /v2.0/security-groups?id=bd05fa8d-bf20-4dd7-b183-295e426cf42e HTTP/1.1" status: 200  len: 2118 time: 0.1465139
2018-06-29 05:30:28.397 14070 DEBUG neutron.db.agents_db [req-8c0a6b24-6dfc-4a15-b4cc-372480cfd0ee - - - - -] Agent healthcheck: found 5 active agents agent_health_check /usr/lib/python2.7/site-packages/neutron/db/agents_db.py:281
2018-06-29 05:30:29.656 14066 DEBUG neutron_lib.callbacks.manager [req-3d5b2fae-0888-46b9-8682-273c9a6fe50c - - - - -] Notify callbacks ['neutron.services.segments.db._update_segment_host_mapping_for_agent-8778790434384'] for agent, after_update _notify_loop /usr/lib/python2.7/site-packages/neutron_lib/callbacks/manager.py:167
2018-06-29 05:30:29.665 14065 DEBUG neutron_lib.callbacks.manager [req-00496de1-fede-4195-80e2-e41986cdb5ed - - - - -] Notify callbacks ['neutron.services.segments.db._update_segment_host_mapping_for_agent-8778790434384'] for agent, after_update _notify_loop /usr/lib/python2.7/site-packages/neutron_lib/callbacks/manager.py:167
2018-06-29 05:30:29.749 14068 DEBUG neutron_lib.callbacks.manager [req-df049a75-6045-4463-a979-e50bcdae0bea - - - - -] Notify callbacks ['neutron.services.segments.db._update_segment_host_mapping_for_agent-8778790434384'] for agent, after_update _notify_loop /usr/lib/python2.7/site-packages/neutron_lib/callbacks/manager.py:167
2018-06-29 05:30:29.781 14060 DEBUG neutron_lib.callbacks.manager [req-9d103927-f78f-4116-ac63-cd457f6d6203 - - - - -] Notify callbacks ['neutron.services.segments.db._update_segment_host_mapping_for_agent-8778790434384'] for agent, after_update _notify_loop /usr/lib/python2.7/site-packages/neutron_lib/callbacks/manager.py:167
2018-06-29 05:30:30.544 14062 DEBUG neutron_lib.callbacks.manager [req-b9b8e005-0f2a-44ac-8242-5f51648dcdba - - - - -] Notify callbacks ['neutron.services.segments.db._update_segment_host_mapping_for_agent-8778790434384'] for agent, after_update _notify_loop /usr/lib/python2.7/site-packages/neutron_lib/callbacks/manager.py:167
2018-06-29 05:30:36.745 14054 INFO neutron.wsgi [req-0a9b8d82-a94e-4c91-a84d-efdf199b355a 75fa4703edb245b7af4eedb4f8abb678 0756a888a15d4216915a13bf41cedcba - default default] 10.0.20.28 "GET /v2.0/ports?tenant_id=d8bf6946485e46038cc2de4799cf8a88&device_id=efb8290a-e5b0-44a8-b716-41b6409c986a HTTP/1.1" status: 200  len: 1123 time: 0.1648259
2018-06-29 05:30:37.054 14054 DEBUG neutron.pecan_wsgi.hooks.policy_enforcement [req-0120675f-cee8-459e-80e3-a315469733c1 75fa4703edb245b7af4eedb4f8abb678 0756a888a15d4216915a13bf41cedcba - default default] Attributes excluded by policy engine: [u'vlan_transparent'] _exclude_attributes_by_policy /usr/lib/python2.7/site-packages/neutron/pecan_wsgi/hooks/policy_enforcement.py:256
2018-06-29 05:30:37.062 14054 INFO neutron.wsgi [req-0120675f-cee8-459e-80e3-a315469733c1 75fa4703edb245b7af4eedb4f8abb678 0756a888a15d4216915a13bf41cedcba - default default] 10.0.20.28 "GET /v2.0/networks?id=b5960557-6404-4e47-8921-7a67df67415e HTTP/1.1" status: 200  len: 885 time: 0.3076949
2018-06-29 05:30:37.148 14054 INFO neutron.wsgi [req-24dab0c6-25fc-49ea-8274-f135fa97ff9a 75fa4703edb245b7af4eedb4f8abb678 0756a888a15d4216915a13bf41cedcba - default default] 10.0.20.28 "GET /v2.0/floatingips?fixed_ip_address=11.84.1.8&port_id=3b1b8a3f-74d7-4de1-bdf7-1814cb903280 HTTP/1.1" status: 200  len: 749 time: 0.0750232
2018-06-29 05:30:37.333 14054 DEBUG neutron.pecan_wsgi.hooks.policy_enforcement [req-45bddab7-12fb-406d-91b1-e948ded8902d 75fa4703edb245b7af4eedb4f8abb678 0756a888a15d4216915a13bf41cedcba - default default] Attributes excluded by policy engine: [u'shared'] _exclude_attributes_by_policy /usr/lib/python2.7/site-packages/neutron/pecan_wsgi/hooks/policy_enforcement.py:256
2018-06-29 05:30:37.338 14054 INFO neutron.wsgi [req-45bddab7-12fb-406d-91b1-e948ded8902d 75fa4703edb245b7af4eedb4f8abb678 0756a888a15d4216915a13bf41cedcba - default default] 10.0.20.28 "GET /v2.0/subnets?id=c06b7adb-c704-4804-9873-42d6e5b7f830 HTTP/1.1" status: 200  len: 843 time: 0.1795912
2018-06-29 05:30:37.523 14054 INFO neutron.wsgi [req-b5ad7ac9-03a2-40d2-a6be-97eab7f17928 75fa4703edb245b7af4eedb4f8abb678 0756a888a15d4216915a13bf41cedcba - default default] 10.0.20.28 "GET /v2.0/ports?network_id=b5960557-6404-4e47-8921-7a67df67415e&device_owner=network%3Adhcp HTTP/1.1" status: 200  len: 1127 time: 0.1742768
2018-06-29 05:30:43.954 14055 INFO neutron.wsgi [req-76196ea2-bd87-433a-8d0a-46355de74230 4b9f365b48d146d78d9ae36866926d98 d8bf6946485e46038cc2de4799cf8a88 - 708c1f7773df43febf9354cea9a8d3c6 708c1f7773df43febf9354cea9a8d3c6] 10.0.20.28 "GET /v2.0/ports?device_id=efb8290a-e5b0-44a8-b716-41b6409c986a HTTP/1.1" status: 200  len: 1123 time: 0.5232348
2018-06-29 05:30:44.043 14055 INFO neutron.wsgi [req-c15c0f84-e537-4274-a11a-8ab3d993e9b6 4b9f365b48d146d78d9ae36866926d98 d8bf6946485e46038cc2de4799cf8a88 - 708c1f7773df43febf9354cea9a8d3c6 708c1f7773df43febf9354cea9a8d3c6] 10.0.20.28 "GET /v2.0/security-groups?id=bd05fa8d-bf20-4dd7-b183-295e426cf42e HTTP/1.1" status: 200  len: 2118 time: 0.0831199
2018-06-29 05:30:58.583 14055 INFO neutron.wsgi [req-e70ec790-4d3f-466c-ad86-79eb921f92a1 4b9f365b48d146d78d9ae36866926d98 d8bf6946485e46038cc2de4799cf8a88 - 708c1f7773df43febf9354cea9a8d3c6 708c1f7773df43febf9354cea9a8d3c6] 10.0.20.28 "GET /v2.0/ports?device_id=efb8290a-e5b0-44a8-b716-41b6409c986a HTTP/1.1" status: 200  len: 1123 time: 0.8468239
2018-06-29 05:30:58.774 14055 INFO neutron.wsgi [req-09fbd5c4-2612-47ea-9b6b-3d3aab35d138 4b9f365b48d146d78d9ae36866926d98 d8bf6946485e46038cc2de4799cf8a88 - 708c1f7773df43febf9354cea9a8d3c6 708c1f7773df43febf9354cea9a8d3c6] 10.0.20.28 "GET /v2.0/security-groups?id=bd05fa8d-bf20-4dd7-b183-295e426cf42e HTTP/1.1" status: 200  len: 2118 time: 0.1789420
2018-06-29 05:30:59.621 14064 DEBUG neutron_lib.callbacks.manager [req-58781dc5-0614-4b08-955e-0b3c49fbbaab - - - - -] Notify callbacks ['neutron.services.segments.db._update_segment_host_mapping_for_agent-8778790434384'] for agent, after_update _notify_loop /usr/lib/python2.7/site-packages/neutron_lib/callbacks/manager.py:167
2018-06-29 05:30:59.653 14061 DEBUG neutron_lib.callbacks.manager [req-00496de1-fede-4195-80e2-e41986cdb5ed - - - - -] Notify callbacks ['neutron.services.segments.db._update_segment_host_mapping_for_agent-8778790434384'] for agent, after_update _notify_loop /usr/lib/python2.7/site-packages/neutron_lib/callbacks/manager.py:167
2018-06-29 05:30:59.790 14063 DEBUG neutron_lib.callbacks.manager [req-df049a75-6045-4463-a979-e50bcdae0bea - - - - -] Notify callbacks ['neutron.services.segments.db._update_segment_host_mapping_for_agent-8778790434384'] for agent, after_update _notify_loop /usr/lib/python2.7/site-packages/neutron_lib/callbacks/manager.py:167
2018-06-29 05:30:59.827 14067 DEBUG neutron_lib.callbacks.manager [req-9d103927-f78f-4116-ac63-cd457f6d6203 - - - - -] Notify callbacks ['neutron.services.segments.db._update_segment_host_mapping_for_agent-8778790434384'] for agent, after_update _notify_loop /usr/lib/python2.7/site-packages/neutron_lib/callbacks/manager.py:167
2018-06-29 05:31:00.511 14066 DEBUG neutron_lib.callbacks.manager [req-47951c9a-476e-4f42-84b0-637e05c7b7a9 - - - - -] Notify callbacks ['neutron.services.segments.db._update_segment_host_mapping_for_agent-8778790434384'] for agent, after_update _notify_loop /usr/lib/python2.7/site-packages/neutron_lib/callbacks/manager.py:167
2018-06-29 05:31:04.112 14056 DEBUG neutron.wsgi [-] (14056) accepted ('10.0.20.28', 44406) server /usr/lib/python2.7/site-packages/eventlet/wsgi.py:883
2018-06-29 05:31:05.311 14056 INFO neutron.wsgi [req-4313994f-f0b8-4afc-a665-b92674a2532d 0d36523847b7437682a959abed3e6696 0756a888a15d4216915a13bf41cedcba - default default] 10.0.20.28 "GET /v2.0/ports?device_id=efb8290a-e5b0-44a8-b716-41b6409c986a HTTP/1.1" status: 200  len: 1123 time: 1.1964979
2018-06-29 05:31:05.395 14070 DEBUG neutron.db.agents_db [req-8c0a6b24-6dfc-4a15-b4cc-372480cfd0ee - - - - -] Agent healthcheck: found 5 active agents agent_health_check /usr/lib/python2.7/site-packages/neutron/db/agents_db.py:281
2018-06-29 05:31:05.479 14056 INFO neutron.wsgi [req-0b5f1954-4a79-4655-a249-3700e4dc8353 0d36523847b7437682a959abed3e6696 0756a888a15d4216915a13bf41cedcba - default default] 10.0.20.28 "GET /v2.0/security-groups?id=bd05fa8d-bf20-4dd7-b183-295e426cf42e HTTP/1.1" status: 200  len: 2118 time: 0.1209500
2018-06-29 05:31:05.617 14053 INFO neutron.wsgi [req-09971456-56d3-4be4-b8e2-2ef7c49af83c 0d36523847b7437682a959abed3e6696 0756a888a15d4216915a13bf41cedcba - default default] 10.0.20.28 "GET /v2.0/ports?device_id=efb8290a-e5b0-44a8-b716-41b6409c986a HTTP/1.1" status: 200  len: 1123 time: 0.6209819
2018-06-29 05:31:05.751 14053 INFO neutron.wsgi [req-36cf484e-2022-4327-9458-403deda291a6 0d36523847b7437682a959abed3e6696 0756a888a15d4216915a13bf41cedcba - default default] 10.0.20.28 "GET /v2.0/security-groups?id=bd05fa8d-bf20-4dd7-b183-295e426cf42e HTTP/1.1" status: 200  len: 2118 time: 0.1268089
2018-06-29 05:31:11.479 14053 INFO neutron.wsgi [req-234c048c-84c8-4c82-bd0d-432614f9dc7a 4b9f365b48d146d78d9ae36866926d98 d8bf6946485e46038cc2de4799cf8a88 - 708c1f7773df43febf9354cea9a8d3c6 708c1f7773df43febf9354cea9a8d3c6] 10.0.20.28 "GET /v2.0/ports?device_id=efb8290a-e5b0-44a8-b716-41b6409c986a HTTP/1.1" status: 200  len: 1123 time: 0.9137170
2018-06-29 05:31:11.668 14053 INFO neutron.wsgi [req-153dcd4f-0729-46f3-99d9-a510368f0112 4b9f365b48d146d78d9ae36866926d98 d8bf6946485e46038cc2de4799cf8a88 - 708c1f7773df43febf9354cea9a8d3c6 708c1f7773df43febf9354cea9a8d3c6] 10.0.20.28 "GET /v2.0/security-groups?id=bd05fa8d-bf20-4dd7-b183-295e426cf42e HTTP/1.1" status: 200  len: 2118 time: 0.1794331
2018-06-29 05:31:12.878 14054 INFO neutron.wsgi [req-783553c2-fcd7-40a8-a458-f589f649e8cf 75fa4703edb245b7af4eedb4f8abb678 0756a888a15d4216915a13bf41cedcba - default default] 10.0.20.28 "GET /v2.0/ports?tenant_id=d8bf6946485e46038cc2de4799cf8a88&device_id=efb8290a-e5b0-44a8-b716-41b6409c986a HTTP/1.1" status: 200  len: 1123 time: 0.1883211
2018-06-29 05:31:13.202 14054 DEBUG neutron.pecan_wsgi.hooks.policy_enforcement [req-bb911ab6-2d6d-40a6-ab43-0876c1e9a638 75fa4703edb245b7af4eedb4f8abb678 0756a888a15d4216915a13bf41cedcba - default default] Attributes excluded by policy engine: [u'vlan_transparent'] _exclude_attributes_by_policy /usr/lib/python2.7/site-packages/neutron/pecan_wsgi/hooks/policy_enforcement.py:256
2018-06-29 05:31:13.205 14054 INFO neutron.wsgi [req-bb911ab6-2d6d-40a6-ab43-0876c1e9a638 75fa4703edb245b7af4eedb4f8abb678 0756a888a15d4216915a13bf41cedcba - default default] 10.0.20.28 "GET /v2.0/networks?id=b5960557-6404-4e47-8921-7a67df67415e HTTP/1.1" status: 200  len: 885 time: 0.3177979
2018-06-29 05:31:13.266 14054 INFO neutron.wsgi [req-42a873ab-3051-426c-9b39-0580942b465e 75fa4703edb245b7af4eedb4f8abb678 0756a888a15d4216915a13bf41cedcba - default default] 10.0.20.28 "GET /v2.0/floatingips?fixed_ip_address=11.84.1.8&port_id=3b1b8a3f-74d7-4de1-bdf7-1814cb903280 HTTP/1.1" status: 200  len: 749 time: 0.0519319
2018-06-29 05:31:13.464 14054 DEBUG neutron.pecan_wsgi.hooks.policy_enforcement [req-497f112b-430c-4e42-a18c-86733c742e2e 75fa4703edb245b7af4eedb4f8abb678 0756a888a15d4216915a13bf41cedcba - default default] Attributes excluded by policy engine: [u'shared'] _exclude_attributes_by_policy /usr/lib/python2.7/site-packages/neutron/pecan_wsgi/hooks/policy_enforcement.py:256
2018-06-29 05:31:13.468 14054 INFO neutron.wsgi [req-497f112b-430c-4e42-a18c-86733c742e2e 75fa4703edb245b7af4eedb4f8abb678 0756a888a15d4216915a13bf41cedcba - default default] 10.0.20.28 "GET /v2.0/subnets?id=c06b7adb-c704-4804-9873-42d6e5b7f830 HTTP/1.1" status: 200  len: 843 time: 0.1915700
2018-06-29 05:31:13.684 14054 INFO neutron.wsgi [req-1c05257d-e456-4e51-875a-3a1fd1e93f8b 75fa4703edb245b7af4eedb4f8abb678 0756a888a15d4216915a13bf41cedcba - default default] 10.0.20.28 "GET /v2.0/ports?network_id=b5960557-6404-4e47-8921-7a67df67415e&device_owner=network%3Adhcp HTTP/1.1" status: 200  len: 1127 time: 0.2079551
2018-06-29 05:31:15.621 14062 DEBUG neutron.plugins.ml2.rpc [req-00496de1-fede-4195-80e2-e41986cdb5ed - - - - -] Device 3b1b8a3f-74d7-4de1-bdf7-1814cb903280 no longer exists at agent ovs-agent-localhost.localdomain update_device_down /usr/lib/python2.7/site-packages/neutron/plugins/ml2/rpc.py:213
2018-06-29 05:31:15.868 14062 DEBUG neutron_lib.callbacks.manager [req-00496de1-fede-4195-80e2-e41986cdb5ed - - - - -] Notify callbacks ['neutron.plugins.ml2.plugin.Ml2Plugin._ensure_default_security_group_handler--9223372036853878646'] for port, before_update _notify_loop /usr/lib/python2.7/site-packages/neutron_lib/callbacks/manager.py:167
2018-06-29 05:31:15.974 14062 DEBUG oslo_concurrency.lockutils [-] Lock "notifier-0c7d1954-3dab-4240-be75-fb05aa03d3af" acquired by "neutron.notifiers.batch_notifier.synced_send" :: waited 0.000s inner /usr/lib/python2.7/site-packages/oslo_concurrency/lockutils.py:270
2018-06-29 05:31:15.976 14062 DEBUG neutron.notifiers.nova [-] Sending events: [{'status': 'completed', 'tag': u'3b1b8a3f-74d7-4de1-bdf7-1814cb903280', 'name': 'network-vif-unplugged', 'server_uuid': u'efb8290a-e5b0-44a8-b716-41b6409c986a'}] send_events /usr/lib/python2.7/site-packages/neutron/notifiers/nova.py:242
2018-06-29 05:31:15.992 14062 DEBUG neutron.plugins.ml2.db [req-00496de1-fede-4195-80e2-e41986cdb5ed - - - - -] For port 3b1b8a3f-74d7-4de1-bdf7-1814cb903280, host localhost.localdomain, got binding levels [<neutron.plugins.ml2.models.PortBindingLevel[object at 7fbf89daf450] {port_id=u'3b1b8a3f-74d7-4de1-bdf7-1814cb903280', host=u'localhost.localdomain', level=0, driver=u'openvswitch', segment_id=u'c28cd756-7348-4388-8006-3847a9716d37'}>] get_binding_levels /usr/lib/python2.7/site-packages/neutron/plugins/ml2/db.py:106
2018-06-29 05:31:16.003 14062 DEBUG neutron_lib.callbacks.manager [req-00496de1-fede-4195-80e2-e41986cdb5ed - - - - -] Notify callbacks ['neutron.db.l3_hascheduler_db._notify_l3_agent_ha_port_update--9223363258064707527', 'neutron.plugins.ml2.ovo_rpc._ObjectChangeHandler.handle_event-1634304', 'neutron.plugins.ml2.plugin.Ml2Plugin.notify_sg_on_port_change-897279', 'neutron.api.rpc.agentnotifiers.dhcp_rpc_agent_api.DhcpAgentNotifyAPI._native_event_send_dhcp_notification--9223372036852765703', 'neutron.db.l3_dvrscheduler_db._notify_l3_agent_port_update-8778790073574'] for port, after_update _notify_loop /usr/lib/python2.7/site-packages/neutron_lib/callbacks/manager.py:167
2018-06-29 05:31:16.024 14062 DEBUG oslo_concurrency.lockutils [-] Lock "event-dispatch" acquired by "neutron.plugins.ml2.ovo_rpc.dispatch_events" :: waited 0.000s inner /usr/lib/python2.7/site-packages/oslo_concurrency/lockutils.py:270
2018-06-29 05:31:16.153 14062 DEBUG neutron.api.rpc.handlers.resources_rpc [req-00496de1-fede-4195-80e2-e41986cdb5ed - - - - -] neutron.api.rpc.handlers.resources_rpc.ResourcesPushRpcApi method push called with arguments (<neutron_lib.context.Context object at 0x7fbf89ef8b50>, [Port(admin_state_up=True,allowed_address_pairs=[],binding=PortBinding,binding_levels=[PortBindingLevel],created_at=2018-06-29T03:27:36Z,data_plane_status=<?>,description='',device_id='efb8290a-e5b0-44a8-b716-41b6409c986a',device_owner='compute:nova',dhcp_options=[],distributed_binding=None,dns=None,fixed_ips=[IPAllocation],id=3b1b8a3f-74d7-4de1-bdf7-1814cb903280,mac_address=fa:16:3e:27:3e:d7,name='',network_id=b5960557-6404-4e47-8921-7a67df67415e,project_id='d8bf6946485e46038cc2de4799cf8a88',qos_policy_id=None,revision_number=7,security=PortSecurity(3b1b8a3f-74d7-4de1-bdf7-1814cb903280),security_group_ids=set([bd05fa8d-bf20-4dd7-b183-295e426cf42e]),status='DOWN',updated_at=2018-06-29T03:31:15Z)], 'updated') {} wrapper /usr/lib/python2.7/site-packages/oslo_log/helpers.py:66
2018-06-29 05:31:16.170 14062 DEBUG neutron.api.rpc.callbacks.version_manager [req-00496de1-fede-4195-80e2-e41986cdb5ed - - - - -] Version for resource type Subnet changed None to 1.0 on consumer Open vSwitch agent@localhost.localdomain _set_version /usr/lib/python2.7/site-packages/neutron/api/rpc/callbacks/version_manager.py:119
2018-06-29 05:31:16.171 14062 DEBUG neutron.api.rpc.callbacks.version_manager [req-00496de1-fede-4195-80e2-e41986cdb5ed - - - - -] Version for resource type Network changed None to 1.0 on consumer Open vSwitch agent@localhost.localdomain _set_version /usr/lib/python2.7/site-packages/neutron/api/rpc/callbacks/version_manager.py:119
2018-06-29 05:31:16.172 14062 DEBUG neutron.api.rpc.callbacks.version_manager [req-00496de1-fede-4195-80e2-e41986cdb5ed - - - - -] Version for resource type SubPort changed None to 1.0 on consumer Open vSwitch agent@localhost.localdomain _set_version /usr/lib/python2.7/site-packages/neutron/api/rpc/callbacks/version_manager.py:119
2018-06-29 05:31:16.172 14062 DEBUG neutron.api.rpc.callbacks.version_manager [req-00496de1-fede-4195-80e2-e41986cdb5ed - - - - -] Version for resource type SecurityGroup changed None to 1.0 on consumer Open vSwitch agent@localhost.localdomain _set_version /usr/lib/python2.7/site-packages/neutron/api/rpc/callbacks/version_manager.py:119
2018-06-29 05:31:16.173 14062 DEBUG neutron.api.rpc.callbacks.version_manager [req-00496de1-fede-4195-80e2-e41986cdb5ed - - - - -] Version for resource type SecurityGroupRule changed None to 1.0 on consumer Open vSwitch agent@localhost.localdomain _set_version /usr/lib/python2.7/site-packages/neutron/api/rpc/callbacks/version_manager.py:119
2018-06-29 05:31:16.174 14062 DEBUG neutron.api.rpc.callbacks.version_manager [req-00496de1-fede-4195-80e2-e41986cdb5ed - - - - -] Version for resource type Trunk changed None to 1.1 on consumer Open vSwitch agent@localhost.localdomain _set_version /usr/lib/python2.7/site-packages/neutron/api/rpc/callbacks/version_manager.py:119
2018-06-29 05:31:16.174 14062 DEBUG neutron.api.rpc.callbacks.version_manager [req-00496de1-fede-4195-80e2-e41986cdb5ed - - - - -] Version for resource type QosPolicy changed None to 1.6 on consumer Open vSwitch agent@localhost.localdomain _set_version /usr/lib/python2.7/site-packages/neutron/api/rpc/callbacks/version_manager.py:119
2018-06-29 05:31:16.175 14062 DEBUG neutron.api.rpc.callbacks.version_manager [req-00496de1-fede-4195-80e2-e41986cdb5ed - - - - -] Version for resource type Port changed None to 1.1 on consumer Open vSwitch agent@localhost.localdomain _set_version /usr/lib/python2.7/site-packages/neutron/api/rpc/callbacks/version_manager.py:119
2018-06-29 05:31:16.176 14062 DEBUG neutron.api.rpc.callbacks.version_manager [req-00496de1-fede-4195-80e2-e41986cdb5ed - - - - -] Version for resource type Log changed None to 1.0 on consumer Open vSwitch agent@localhost.localdomain _set_version /usr/lib/python2.7/site-packages/neutron/api/rpc/callbacks/version_manager.py:119
