2018-09-29 04:26:10.327 21120 DEBUG neutron_lib.callbacks.manager [req-88e2b856-16ea-4307-856e-aa572e8c92b5 - - - - -] Notify callbacks ['neutron.services.segments.db._update_segment_host_mapping_for_agent-8727764189098'] for agent, after_update _notify_loop /usr/lib/python2.7/site-packages/neutron_lib/callbacks/manager.py:167
2018-09-29 04:26:18.728 21110 DEBUG neutron.wsgi [-] (21110) accepted ('10.0.20.26', 59184) server /usr/lib/python2.7/site-packages/eventlet/wsgi.py:883
2018-09-29 04:26:19.069 21110 WARNING keystonemiddleware.auth_token [-] A valid token was submitted as a service token, but it was not a valid service token. This is incorrect but backwards compatible behaviour. This will be removed in future releases.
2018-09-29 04:26:19.578 21110 INFO neutron.wsgi [req-623abe99-d525-442e-bae5-64222a81dffc 65fc2c9406b144e0959b78b722e98381 fe0a6898b40949349b729e4e791abbec - 11fe70b211a145ef9cf5a1e8c527c05b 11fe70b211a145ef9cf5a1e8c527c05b] 10.0.20.26 "GET /v2.0/ports?device_id=a2213bba-9ce0-42cf-a24b-43abb1671aa6 HTTP/1.1" status: 200  len: 1125 time: 0.8490789
2018-09-29 04:26:19.768 21110 INFO neutron.wsgi [req-82cb12c3-7441-4432-9413-19e64385eaf6 65fc2c9406b144e0959b78b722e98381 fe0a6898b40949349b729e4e791abbec - 11fe70b211a145ef9cf5a1e8c527c05b 11fe70b211a145ef9cf5a1e8c527c05b] 10.0.20.26 "GET /v2.0/security-groups?id=c52904b5-321f-4e67-bb68-b0537d206d71 HTTP/1.1" status: 200  len: 2118 time: 0.1757991
2018-09-29 04:26:28.577 21113 INFO neutron.wsgi [req-0ab63fff-00c9-4372-b11f-e82a28f4fa31 319698b42b0949de845552aab263ff10 e169fa6db0c147f283ae7c6a936117f3 - default default] 10.0.20.26 "GET /v2.0/ports?device_id=a2213bba-9ce0-42cf-a24b-43abb1671aa6 HTTP/1.1" status: 200  len: 1125 time: 0.5390840
2018-09-29 04:26:28.688 21113 INFO neutron.wsgi [req-c5ea8534-02b5-415d-ba2c-cd81efc264d4 319698b42b0949de845552aab263ff10 e169fa6db0c147f283ae7c6a936117f3 - default default] 10.0.20.26 "GET /v2.0/security-groups?id=c52904b5-321f-4e67-bb68-b0537d206d71 HTTP/1.1" status: 200  len: 2118 time: 0.1039522
2018-09-29 04:26:34.018 21105 INFO neutron.wsgi [req-68ca61ab-7977-41bb-92f5-7c94b5cf001d 65fc2c9406b144e0959b78b722e98381 fe0a6898b40949349b729e4e791abbec - 11fe70b211a145ef9cf5a1e8c527c05b 11fe70b211a145ef9cf5a1e8c527c05b] 10.0.20.26 "GET /v2.0/ports?device_id=a2213bba-9ce0-42cf-a24b-43abb1671aa6 HTTP/1.1" status: 200  len: 1125 time: 0.9698350
2018-09-29 04:26:34.147 21105 INFO neutron.wsgi [req-8cac4390-1eab-4389-b536-820f22c3bd01 65fc2c9406b144e0959b78b722e98381 fe0a6898b40949349b729e4e791abbec - 11fe70b211a145ef9cf5a1e8c527c05b 11fe70b211a145ef9cf5a1e8c527c05b] 10.0.20.26 "GET /v2.0/security-groups?id=c52904b5-321f-4e67-bb68-b0537d206d71 HTTP/1.1" status: 200  len: 2118 time: 0.1224122
2018-09-29 04:26:35.425 21123 DEBUG neutron_lib.callbacks.manager [req-efb25372-0fb8-4ff4-b6fe-fcf55288e9de - - - - -] Notify callbacks ['neutron.services.segments.db._update_segment_host_mapping_for_agent-8727764189098'] for agent, after_update _notify_loop /usr/lib/python2.7/site-packages/neutron_lib/callbacks/manager.py:167
2018-09-29 04:26:35.662 21116 DEBUG neutron_lib.callbacks.manager [req-f9be2f3d-94e1-440f-af25-3d66cdbb7f54 - - - - -] Notify callbacks ['neutron.services.segments.db._update_segment_host_mapping_for_agent-8727764189098'] for agent, after_update _notify_loop /usr/lib/python2.7/site-packages/neutron_lib/callbacks/manager.py:167
2018-09-29 04:26:37.425 21114 DEBUG neutron_lib.callbacks.manager [req-46408c78-d0cd-48b5-bf2f-8b56634c5bfd - - - - -] Notify callbacks ['neutron.services.segments.db._update_segment_host_mapping_for_agent-8727764189098'] for agent, after_update _notify_loop /usr/lib/python2.7/site-packages/neutron_lib/callbacks/manager.py:167
2018-09-29 04:26:38.440 21115 DEBUG neutron_lib.callbacks.manager [req-ab2e3abc-5f6a-449a-8315-d83a6a565902 - - - - -] Notify callbacks ['neutron.services.segments.db._update_segment_host_mapping_for_agent-8727764189098'] for agent, after_update _notify_loop /usr/lib/python2.7/site-packages/neutron_lib/callbacks/manager.py:167
2018-09-29 04:26:40.146 21118 DEBUG neutron_lib.callbacks.manager [req-88e2b856-16ea-4307-856e-aa572e8c92b5 - - - - -] Notify callbacks ['neutron.services.segments.db._update_segment_host_mapping_for_agent-8727764189098'] for agent, after_update _notify_loop /usr/lib/python2.7/site-packages/neutron_lib/callbacks/manager.py:167
2018-09-29 04:26:42.861 21105 INFO neutron.wsgi [req-d902bdc8-acc6-4a5d-8474-f77d2bda23a3 65fc2c9406b144e0959b78b722e98381 fe0a6898b40949349b729e4e791abbec - 11fe70b211a145ef9cf5a1e8c527c05b 11fe70b211a145ef9cf5a1e8c527c05b] 10.0.20.26 "GET /v2.0/ports?device_id=a2213bba-9ce0-42cf-a24b-43abb1671aa6 HTTP/1.1" status: 200  len: 1125 time: 0.5405040
2018-09-29 04:26:42.989 21105 INFO neutron.wsgi [req-a7e65c3b-003b-432e-85f1-0e46d7975ba7 65fc2c9406b144e0959b78b722e98381 fe0a6898b40949349b729e4e791abbec - 11fe70b211a145ef9cf5a1e8c527c05b 11fe70b211a145ef9cf5a1e8c527c05b] 10.0.20.26 "GET /v2.0/security-groups?id=c52904b5-321f-4e67-bb68-b0537d206d71 HTTP/1.1" status: 200  len: 2118 time: 0.1212580
2018-09-29 04:26:47.257 21125 DEBUG neutron.db.agents_db [req-93572d9a-e62d-47d9-8271-51eb0db6e4f2 - - - - -] Agent healthcheck: found 5 active agents agent_health_check /usr/lib/python2.7/site-packages/neutron/db/agents_db.py:281
2018-09-29 04:26:54.676 21105 INFO neutron.wsgi [req-47e9b68a-2a55-40f0-b265-2142922dddde 65fc2c9406b144e0959b78b722e98381 fe0a6898b40949349b729e4e791abbec - 11fe70b211a145ef9cf5a1e8c527c05b 11fe70b211a145ef9cf5a1e8c527c05b] 10.0.20.26 "GET /v2.0/ports?device_id=a2213bba-9ce0-42cf-a24b-43abb1671aa6 HTTP/1.1" status: 200  len: 1125 time: 0.6528699
2018-09-29 04:26:54.793 21105 INFO neutron.wsgi [req-8d47f70c-9ec5-42dd-803f-0627693d9b05 65fc2c9406b144e0959b78b722e98381 fe0a6898b40949349b729e4e791abbec - 11fe70b211a145ef9cf5a1e8c527c05b 11fe70b211a145ef9cf5a1e8c527c05b] 10.0.20.26 "GET /v2.0/security-groups?id=c52904b5-321f-4e67-bb68-b0537d206d71 HTTP/1.1" status: 200  len: 2118 time: 0.1085191
2018-09-29 04:27:05.091 21113 INFO neutron.wsgi [req-247c8164-b4c2-4c0c-8d76-30e5a035034e 385405652b74463ca36119e213a84b2c e169fa6db0c147f283ae7c6a936117f3 - default default] 10.0.20.26 "GET /v2.0/ports?tenant_id=5aa7331b8781454cb5b4d72ab068b15e&device_id=ae6ce86a-dfd5-4adb-aa26-99da28c81776 HTTP/1.1" status: 200  len: 1124 time: 0.1836731
2018-09-29 04:27:05.449 21124 DEBUG neutron_lib.callbacks.manager [req-409c7bec-763e-4511-890c-370bbccb2646 - - - - -] Notify callbacks ['neutron.services.segments.db._update_segment_host_mapping_for_agent-8727764189098'] for agent, after_update _notify_loop /usr/lib/python2.7/site-packages/neutron_lib/callbacks/manager.py:167
2018-09-29 04:27:05.480 21113 DEBUG neutron.pecan_wsgi.hooks.policy_enforcement [req-856765d9-e753-4ef7-af71-a06fc904a8c2 385405652b74463ca36119e213a84b2c e169fa6db0c147f283ae7c6a936117f3 - default default] Attributes excluded by policy engine: [u'vlan_transparent'] _exclude_attributes_by_policy /usr/lib/python2.7/site-packages/neutron/pecan_wsgi/hooks/policy_enforcement.py:256
2018-09-29 04:27:05.488 21113 INFO neutron.wsgi [req-856765d9-e753-4ef7-af71-a06fc904a8c2 385405652b74463ca36119e213a84b2c e169fa6db0c147f283ae7c6a936117f3 - default default] 10.0.20.26 "GET /v2.0/networks?id=f5c01787-d6ce-43b7-9833-89a195e1aab9 HTTP/1.1" status: 200  len: 885 time: 0.3851981
2018-09-29 04:27:05.541 21113 INFO neutron.wsgi [req-d6f03191-0d3a-41dd-9103-3e5acf18c0a8 385405652b74463ca36119e213a84b2c e169fa6db0c147f283ae7c6a936117f3 - default default] 10.0.20.26 "GET /v2.0/floatingips?fixed_ip_address=11.142.1.3&port_id=b0224dae-c666-4d0e-81ec-54fd3b980ca2 HTTP/1.1" status: 200  len: 750 time: 0.0456581
2018-09-29 04:27:05.694 21117 DEBUG neutron_lib.callbacks.manager [req-f9be2f3d-94e1-440f-af25-3d66cdbb7f54 - - - - -] Notify callbacks ['neutron.services.segments.db._update_segment_host_mapping_for_agent-8727764189098'] for agent, after_update _notify_loop /usr/lib/python2.7/site-packages/neutron_lib/callbacks/manager.py:167
2018-09-29 04:27:05.756 21113 DEBUG neutron.pecan_wsgi.hooks.policy_enforcement [req-8d0bc4f2-9e7b-48cb-bfb5-27d2a676a3c7 385405652b74463ca36119e213a84b2c e169fa6db0c147f283ae7c6a936117f3 - default default] Attributes excluded by policy engine: [u'shared'] _exclude_attributes_by_policy /usr/lib/python2.7/site-packages/neutron/pecan_wsgi/hooks/policy_enforcement.py:256
2018-09-29 04:27:05.759 21113 INFO neutron.wsgi [req-8d0bc4f2-9e7b-48cb-bfb5-27d2a676a3c7 385405652b74463ca36119e213a84b2c e169fa6db0c147f283ae7c6a936117f3 - default default] 10.0.20.26 "GET /v2.0/subnets?id=8ab61e12-2c2b-47ae-8402-99201ba83f22 HTTP/1.1" status: 200  len: 847 time: 0.2079980
2018-09-29 04:27:05.963 21113 INFO neutron.wsgi [req-60fcf0c2-a7d8-41ed-bb9d-756b2051a5b0 385405652b74463ca36119e213a84b2c e169fa6db0c147f283ae7c6a936117f3 - default default] 10.0.20.26 "GET /v2.0/ports?network_id=f5c01787-d6ce-43b7-9833-89a195e1aab9&device_owner=network%3Adhcp HTTP/1.1" status: 200  len: 1128 time: 0.1935959
2018-09-29 04:27:07.269 21109 INFO neutron.wsgi [req-03b2ec48-318f-4251-b460-11706c343d4f 65fc2c9406b144e0959b78b722e98381 fe0a6898b40949349b729e4e791abbec - 11fe70b211a145ef9cf5a1e8c527c05b 11fe70b211a145ef9cf5a1e8c527c05b] 10.0.20.26 "GET /v2.0/ports?device_id=a2213bba-9ce0-42cf-a24b-43abb1671aa6 HTTP/1.1" status: 200  len: 1125 time: 1.1412280
2018-09-29 04:27:07.433 21109 INFO neutron.wsgi [req-958268c1-527a-4e94-a2fd-98cb258eb27c 65fc2c9406b144e0959b78b722e98381 fe0a6898b40949349b729e4e791abbec - 11fe70b211a145ef9cf5a1e8c527c05b 11fe70b211a145ef9cf5a1e8c527c05b] 10.0.20.26 "GET /v2.0/security-groups?id=c52904b5-321f-4e67-bb68-b0537d206d71 HTTP/1.1" status: 200  len: 2118 time: 0.1531432
2018-09-29 04:27:07.451 21122 DEBUG neutron_lib.callbacks.manager [req-770958f2-eb13-4599-8470-51153132dfb9 - - - - -] Notify callbacks ['neutron.services.segments.db._update_segment_host_mapping_for_agent-8727764189098'] for agent, after_update _notify_loop /usr/lib/python2.7/site-packages/neutron_lib/callbacks/manager.py:167
2018-09-29 04:27:08.470 21120 DEBUG neutron_lib.callbacks.manager [req-ab2e3abc-5f6a-449a-8315-d83a6a565902 - - - - -] Notify callbacks ['neutron.services.segments.db._update_segment_host_mapping_for_agent-8727764189098'] for agent, after_update _notify_loop /usr/lib/python2.7/site-packages/neutron_lib/callbacks/manager.py:167
2018-09-29 04:27:10.165 21123 DEBUG neutron_lib.callbacks.manager [req-88e2b856-16ea-4307-856e-aa572e8c92b5 - - - - -] Notify callbacks ['neutron.services.segments.db._update_segment_host_mapping_for_agent-8727764189098'] for agent, after_update _notify_loop /usr/lib/python2.7/site-packages/neutron_lib/callbacks/manager.py:167
2018-09-29 04:27:21.444 21105 INFO neutron.wsgi [req-c800aafb-e89b-43ca-b5f1-fd55ea141970 65fc2c9406b144e0959b78b722e98381 fe0a6898b40949349b729e4e791abbec - 11fe70b211a145ef9cf5a1e8c527c05b 11fe70b211a145ef9cf5a1e8c527c05b] 10.0.20.26 "GET /v2.0/ports?device_id=a2213bba-9ce0-42cf-a24b-43abb1671aa6 HTTP/1.1" status: 200  len: 1125 time: 0.6602530
2018-09-29 04:27:21.555 21105 INFO neutron.wsgi [req-52bb90d4-d926-4af7-8088-6799b050c35e 65fc2c9406b144e0959b78b722e98381 fe0a6898b40949349b729e4e791abbec - 11fe70b211a145ef9cf5a1e8c527c05b 11fe70b211a145ef9cf5a1e8c527c05b] 10.0.20.26 "GET /v2.0/security-groups?id=c52904b5-321f-4e67-bb68-b0537d206d71 HTTP/1.1" status: 200  len: 2118 time: 0.1051381
2018-09-29 04:27:24.245 21125 DEBUG neutron.db.agents_db [req-93572d9a-e62d-47d9-8271-51eb0db6e4f2 - - - - -] Agent healthcheck: found 5 active agents agent_health_check /usr/lib/python2.7/site-packages/neutron/db/agents_db.py:281
2018-09-29 04:27:33.176 21109 INFO neutron.wsgi [req-8bbefef1-cfa0-4bd7-8eea-6bd916c359ec 65fc2c9406b144e0959b78b722e98381 fe0a6898b40949349b729e4e791abbec - 11fe70b211a145ef9cf5a1e8c527c05b 11fe70b211a145ef9cf5a1e8c527c05b] 10.0.20.26 "GET /v2.0/ports?device_id=a2213bba-9ce0-42cf-a24b-43abb1671aa6 HTTP/1.1" status: 200  len: 1125 time: 0.5657260
2018-09-29 04:27:33.292 21109 INFO neutron.wsgi [req-8a4486d3-91c0-41ef-8a5f-68452d36c981 65fc2c9406b144e0959b78b722e98381 fe0a6898b40949349b729e4e791abbec - 11fe70b211a145ef9cf5a1e8c527c05b 11fe70b211a145ef9cf5a1e8c527c05b] 10.0.20.26 "GET /v2.0/security-groups?id=c52904b5-321f-4e67-bb68-b0537d206d71 HTTP/1.1" status: 200  len: 2118 time: 0.1093900
2018-09-29 04:27:34.082 21113 INFO neutron.wsgi [req-f5985262-10d4-4c2e-8de9-39c458503c78 385405652b74463ca36119e213a84b2c e169fa6db0c147f283ae7c6a936117f3 - default default] 10.0.20.26 "GET /v2.0/ports?tenant_id=fe0a6898b40949349b729e4e791abbec&device_id=a2213bba-9ce0-42cf-a24b-43abb1671aa6 HTTP/1.1" status: 200  len: 1125 time: 0.1202152
2018-09-29 04:27:34.341 21113 DEBUG neutron.pecan_wsgi.hooks.policy_enforcement [req-55006ba1-d87e-4122-a967-a5a7132a783b 385405652b74463ca36119e213a84b2c e169fa6db0c147f283ae7c6a936117f3 - default default] Attributes excluded by policy engine: [u'vlan_transparent'] _exclude_attributes_by_policy /usr/lib/python2.7/site-packages/neutron/pecan_wsgi/hooks/policy_enforcement.py:256
2018-09-29 04:27:34.349 21113 INFO neutron.wsgi [req-55006ba1-d87e-4122-a967-a5a7132a783b 385405652b74463ca36119e213a84b2c e169fa6db0c147f283ae7c6a936117f3 - default default] 10.0.20.26 "GET /v2.0/networks?id=b20afe9a-966c-43ae-9108-1866acba20b5 HTTP/1.1" status: 200  len: 885 time: 0.2614529
2018-09-29 04:27:34.398 21113 INFO neutron.wsgi [req-a125a88f-e83d-4e89-a1e2-710c1061c356 385405652b74463ca36119e213a84b2c e169fa6db0c147f283ae7c6a936117f3 - default default] 10.0.20.26 "GET /v2.0/floatingips?fixed_ip_address=11.150.1.10&port_id=a31bfd6a-cb98-491a-ab37-9ebf40cfb11c HTTP/1.1" status: 200  len: 752 time: 0.0426111
2018-09-29 04:27:34.539 21113 DEBUG neutron.pecan_wsgi.hooks.policy_enforcement [req-a877965a-96a4-4f4c-a907-64abf9f6a955 385405652b74463ca36119e213a84b2c e169fa6db0c147f283ae7c6a936117f3 - default default] Attributes excluded by policy engine: [u'shared'] _exclude_attributes_by_policy /usr/lib/python2.7/site-packages/neutron/pecan_wsgi/hooks/policy_enforcement.py:256
2018-09-29 04:27:34.542 21113 INFO neutron.wsgi [req-a877965a-96a4-4f4c-a907-64abf9f6a955 385405652b74463ca36119e213a84b2c e169fa6db0c147f283ae7c6a936117f3 - default default] 10.0.20.26 "GET /v2.0/subnets?id=d1a72a3f-e0f0-4164-8a62-8625bcaa62c7 HTTP/1.1" status: 200  len: 847 time: 0.1376500
2018-09-29 04:27:34.687 21113 INFO neutron.wsgi [req-e6b6a0fa-1ed5-4a89-bf6c-685598d986f3 385405652b74463ca36119e213a84b2c e169fa6db0c147f283ae7c6a936117f3 - default default] 10.0.20.26 "GET /v2.0/ports?network_id=b20afe9a-966c-43ae-9108-1866acba20b5&device_owner=network%3Adhcp HTTP/1.1" status: 200  len: 1128 time: 0.1383340
2018-09-29 04:27:35.397 21116 DEBUG neutron_lib.callbacks.manager [req-b08a2732-73f9-4e98-9db3-498dded24c42 - - - - -] Notify callbacks ['neutron.services.segments.db._update_segment_host_mapping_for_agent-8727764189098'] for agent, after_update _notify_loop /usr/lib/python2.7/site-packages/neutron_lib/callbacks/manager.py:167
2018-09-29 04:27:35.740 21114 DEBUG neutron_lib.callbacks.manager [req-f9be2f3d-94e1-440f-af25-3d66cdbb7f54 - - - - -] Notify callbacks ['neutron.services.segments.db._update_segment_host_mapping_for_agent-8727764189098'] for agent, after_update _notify_loop /usr/lib/python2.7/site-packages/neutron_lib/callbacks/manager.py:167
2018-09-29 04:27:37.256 21118 DEBUG neutron.plugins.ml2.rpc [req-88e2b856-16ea-4307-856e-aa572e8c92b5 - - - - -] Device a31bfd6a-cb98-491a-ab37-9ebf40cfb11c no longer exists at agent ovs-agent-localhost.localdomain update_device_down /usr/lib/python2.7/site-packages/neutron/plugins/ml2/rpc.py:213
2018-09-29 04:27:37.477 21115 DEBUG neutron_lib.callbacks.manager [req-36fccf91-2562-4e03-86f3-b3b828e226e6 - - - - -] Notify callbacks ['neutron.services.segments.db._update_segment_host_mapping_for_agent-8727764189098'] for agent, after_update _notify_loop /usr/lib/python2.7/site-packages/neutron_lib/callbacks/manager.py:167
2018-09-29 04:27:37.687 21118 DEBUG neutron_lib.callbacks.manager [req-88e2b856-16ea-4307-856e-aa572e8c92b5 - - - - -] Notify callbacks ['neutron.plugins.ml2.plugin.Ml2Plugin._ensure_default_security_group_handler-2048047'] for port, before_update _notify_loop /usr/lib/python2.7/site-packages/neutron_lib/callbacks/manager.py:167
2018-09-29 04:27:37.846 21118 DEBUG oslo_concurrency.lockutils [-] Lock "notifier-2461b80a-8e77-40cb-b098-48463676a481" acquired by "neutron.notifiers.batch_notifier.synced_send" :: waited 0.000s inner /usr/lib/python2.7/site-packages/oslo_concurrency/lockutils.py:270
2018-09-29 04:27:37.847 21118 DEBUG neutron.notifiers.nova [-] Sending events: [{'status': 'completed', 'tag': u'a31bfd6a-cb98-491a-ab37-9ebf40cfb11c', 'name': 'network-vif-unplugged', 'server_uuid': u'a2213bba-9ce0-42cf-a24b-43abb1671aa6'}] send_events /usr/lib/python2.7/site-packages/neutron/notifiers/nova.py:242
2018-09-29 04:27:37.865 21118 DEBUG neutron.plugins.ml2.db [req-88e2b856-16ea-4307-856e-aa572e8c92b5 - - - - -] For port a31bfd6a-cb98-491a-ab37-9ebf40cfb11c, host localhost.localdomain, got binding levels [<neutron.plugins.ml2.models.PortBindingLevel[object at 7f017353ad90] {port_id=u'a31bfd6a-cb98-491a-ab37-9ebf40cfb11c', host=u'localhost.localdomain', level=0, driver=u'openvswitch', segment_id=u'ec8abf42-52c5-4876-84af-5aa30473fe51'}>] get_binding_levels /usr/lib/python2.7/site-packages/neutron/plugins/ml2/db.py:106
2018-09-29 04:27:37.892 21118 DEBUG neutron_lib.callbacks.manager [req-88e2b856-16ea-4307-856e-aa572e8c92b5 - - - - -] Notify callbacks ['neutron.db.l3_hascheduler_db._notify_l3_agent_ha_port_update--9223363309090948115', 'neutron.plugins.ml2.ovo_rpc._ObjectChangeHandler.handle_event--9223372036853771610', 'neutron.plugins.ml2.plugin.Ml2Plugin.notify_sg_on_port_change-2051976', 'neutron.api.rpc.agentnotifiers.dhcp_rpc_agent_api.DhcpAgentNotifyAPI._native_event_send_dhcp_notification-963418', 'neutron.db.l3_dvrscheduler_db._notify_l3_agent_port_update--9223363309090948190'] for port, after_update _notify_loop /usr/lib/python2.7/site-packages/neutron_lib/callbacks/manager.py:167
2018-09-29 04:27:37.913 21118 DEBUG oslo_concurrency.lockutils [-] Lock "event-dispatch" acquired by "neutron.plugins.ml2.ovo_rpc.dispatch_events" :: waited 0.000s inner /usr/lib/python2.7/site-packages/oslo_concurrency/lockutils.py:270
2018-09-29 04:27:38.117 21118 DEBUG neutron.api.rpc.handlers.resources_rpc [req-88e2b856-16ea-4307-856e-aa572e8c92b5 - - - - -] neutron.api.rpc.handlers.resources_rpc.ResourcesPushRpcApi method push called with arguments (<neutron_lib.context.Context object at 0x7f0173643d10>, [Port(admin_state_up=True,allowed_address_pairs=[],binding=PortBinding,binding_levels=[PortBindingLevel],created_at=2018-09-29T08:24:33Z,data_plane_status=<?>,description='',device_id='a2213bba-9ce0-42cf-a24b-43abb1671aa6',device_owner='compute:nova',dhcp_options=[],distributed_binding=None,dns=None,fixed_ips=[IPAllocation],id=a31bfd6a-cb98-491a-ab37-9ebf40cfb11c,mac_address=fa:16:3e:3d:e5:1d,name='',network_id=b20afe9a-966c-43ae-9108-1866acba20b5,project_id='fe0a6898b40949349b729e4e791abbec',qos_policy_id=None,revision_number=7,security=PortSecurity(a31bfd6a-cb98-491a-ab37-9ebf40cfb11c),security_group_ids=set([c52904b5-321f-4e67-bb68-b0537d206d71]),status='DOWN',updated_at=2018-09-29T08:27:37Z)], 'updated') {} wrapper /usr/lib/python2.7/site-packages/oslo_log/helpers.py:66
2018-09-29 04:27:38.144 21118 DEBUG neutron.api.rpc.callbacks.version_manager [req-88e2b856-16ea-4307-856e-aa572e8c92b5 - - - - -] Version for resource type Subnet changed None to 1.0 on consumer Open vSwitch agent@localhost.localdomain _set_version /usr/lib/python2.7/site-packages/neutron/api/rpc/callbacks/version_manager.py:119
2018-09-29 04:27:38.146 21118 DEBUG neutron.api.rpc.callbacks.version_manager [req-88e2b856-16ea-4307-856e-aa572e8c92b5 - - - - -] Version for resource type Network changed None to 1.0 on consumer Open vSwitch agent@localhost.localdomain _set_version /usr/lib/python2.7/site-packages/neutron/api/rpc/callbacks/version_manager.py:119
2018-09-29 04:27:38.147 21118 DEBUG neutron.api.rpc.callbacks.version_manager [req-88e2b856-16ea-4307-856e-aa572e8c92b5 - - - - -] Version for resource type SubPort changed None to 1.0 on consumer Open vSwitch agent@localhost.localdomain _set_version /usr/lib/python2.7/site-packages/neutron/api/rpc/callbacks/version_manager.py:119
2018-09-29 04:27:38.148 21118 DEBUG neutron.api.rpc.callbacks.version_manager [req-88e2b856-16ea-4307-856e-aa572e8c92b5 - - - - -] Version for resource type SecurityGroup changed None to 1.0 on consumer Open vSwitch agent@localhost.localdomain _set_version /usr/lib/python2.7/site-packages/neutron/api/rpc/callbacks/version_manager.py:119
2018-09-29 04:27:38.149 21118 DEBUG neutron.api.rpc.callbacks.version_manager [req-88e2b856-16ea-4307-856e-aa572e8c92b5 - - - - -] Version for resource type SecurityGroupRule changed None to 1.0 on consumer Open vSwitch agent@localhost.localdomain _set_version /usr/lib/python2.7/site-packages/neutron/api/rpc/callbacks/version_manager.py:119
2018-09-29 04:27:38.150 21118 DEBUG neutron.api.rpc.callbacks.version_manager [req-88e2b856-16ea-4307-856e-aa572e8c92b5 - - - - -] Version for resource type Trunk changed None to 1.1 on consumer Open vSwitch agent@localhost.localdomain _set_version /usr/lib/python2.7/site-packages/neutron/api/rpc/callbacks/version_manager.py:119
2018-09-29 04:27:38.151 21118 DEBUG neutron.api.rpc.callbacks.version_manager [req-88e2b856-16ea-4307-856e-aa572e8c92b5 - - - - -] Version for resource type QosPolicy changed None to 1.6 on consumer Open vSwitch agent@localhost.localdomain _set_version /usr/lib/python2.7/site-packages/neutron/api/rpc/callbacks/version_manager.py:119
2018-09-29 04:27:38.152 21118 DEBUG neutron.api.rpc.callbacks.version_manager [req-88e2b856-16ea-4307-856e-aa572e8c92b5 - - - - -] Version for resource type Port changed None to 1.1 on consumer Open vSwitch agent@localhost.localdomain _set_version /usr/lib/python2.7/site-packages/neutron/api/rpc/callbacks/version_manager.py:119
2018-09-29 04:27:38.153 21118 DEBUG neutron.api.rpc.callbacks.version_manager [req-88e2b856-16ea-4307-856e-aa572e8c92b5 - - - - -] Version for resource type Log changed None to 1.0 on consumer Open vSwitch agent@localhost.localdomain _set_version /usr/lib/python2.7/site-packages/neutron/api/rpc/callbacks/version_manager.py:119
2018-09-29 04:27:38.191 21118 DEBUG oslo_concurrency.lockutils [req-88e2b856-16ea-4307-856e-aa572e8c92b5 - - - - -] Lock "event-dispatch" released by "neutron.plugins.ml2.ovo_rpc.dispatch_events" :: held 0.278s inner /usr/lib/python2.7/site-packages/oslo_concurrency/lockutils.py:282
2018-09-29 04:27:38.452 21118 DEBUG neutron_lib.callbacks.manager [req-ab2e3abc-5f6a-449a-8315-d83a6a565902 - - - - -] Notify callbacks ['neutron.services.segments.db._update_segment_host_mapping_for_agent-8727764189098'] for agent, after_update _notify_loop /usr/lib/python2.7/site-packages/neutron_lib/callbacks/manager.py:167
2018-09-29 04:27:38.888 21118 DEBUG novaclient.v2.client [-] REQ: curl -g -i -X POST http://10.0.20.26:8774/v2.1/e169fa6db0c147f283ae7c6a936117f3/os-server-external-events -H "User-Agent: python-novaclient" -H "Content-Type: application/json" -H "Accept: application/json" -H "X-OpenStack-Nova-API-Version: 2.1" -H "X-Auth-Token: {SHA1}c42cf6b754c4c10abd775d2a7e4fc68fa5dce4b7" -d '{"events": [{"status": "completed", "tag": "a31bfd6a-cb98-491a-ab37-9ebf40cfb11c", "name": "network-vif-unplugged", "server_uuid": "a2213bba-9ce0-42cf-a24b-43abb1671aa6"}]}' _http_log_request /usr/lib/python2.7/site-packages/keystoneauth1/session.py:375
2018-09-29 04:27:39.671 21118 DEBUG novaclient.v2.client [-] RESP: [200] Content-Length: 185 Content-Type: application/json Openstack-Api-Version: compute 2.1 X-Openstack-Nova-Api-Version: 2.1 Vary: OpenStack-API-Version, X-OpenStack-Nova-API-Version X-Openstack-Request-Id: req-c079f33b-db6b-4763-b582-beddaa9cf42c X-Compute-Request-Id: req-c079f33b-db6b-4763-b582-beddaa9cf42c Date: Sat, 29 Sep 2018 08:27:39 GMT Connection: keep-alive 
RESP BODY: {"events": [{"status": "completed", "tag": "a31bfd6a-cb98-491a-ab37-9ebf40cfb11c", "name": "network-vif-unplugged", "server_uuid": "a2213bba-9ce0-42cf-a24b-43abb1671aa6", "code": 200}]}
 _http_log_response /usr/lib/python2.7/site-packages/keystoneauth1/session.py:423
2018-09-29 04:27:39.672 21118 DEBUG novaclient.v2.client [-] POST call to compute for http://10.0.20.26:8774/v2.1/e169fa6db0c147f283ae7c6a936117f3/os-server-external-events used request id req-c079f33b-db6b-4763-b582-beddaa9cf42c request /usr/lib/python2.7/site-packages/keystoneauth1/session.py:727
2018-09-29 04:27:39.680 21118 INFO neutron.notifiers.nova [-] Nova event response: {u'status': u'completed', u'tag': u'a31bfd6a-cb98-491a-ab37-9ebf40cfb11c', u'name': u'network-vif-unplugged', u'server_uuid': u'a2213bba-9ce0-42cf-a24b-43abb1671aa6', u'code': 200}
2018-09-29 04:27:40.204 21124 DEBUG neutron_lib.callbacks.manager [req-88e2b856-16ea-4307-856e-aa572e8c92b5 - - - - -] Notify callbacks ['neutron.services.segments.db._update_segment_host_mapping_for_agent-8727764189098'] for agent, after_update _notify_loop /usr/lib/python2.7/site-packages/neutron_lib/callbacks/manager.py:167
2018-09-29 04:27:41.692 21118 DEBUG oslo_concurrency.lockutils [-] Lock "notifier-2461b80a-8e77-40cb-b098-48463676a481" released by "neutron.notifiers.batch_notifier.synced_send" :: held 3.849s inner /usr/lib/python2.7/site-packages/oslo_concurrency/lockutils.py:282
2018-09-29 04:27:42.095 21105 INFO neutron.wsgi [req-55c01784-352b-4809-834e-daf05ddb46de 65fc2c9406b144e0959b78b722e98381 fe0a6898b40949349b729e4e791abbec - 11fe70b211a145ef9cf5a1e8c527c05b 11fe70b211a145ef9cf5a1e8c527c05b] 10.0.20.26 "GET /v2.0/ports?device_id=a2213bba-9ce0-42cf-a24b-43abb1671aa6 HTTP/1.1" status: 200  len: 1123 time: 0.8422201
2018-09-29 04:27:42.432 21105 INFO neutron.wsgi [req-cea159df-c35c-495d-842b-17bc2b2d6cce 65fc2c9406b144e0959b78b722e98381 fe0a6898b40949349b729e4e791abbec - 11fe70b211a145ef9cf5a1e8c527c05b 11fe70b211a145ef9cf5a1e8c527c05b] 10.0.20.26 "GET /v2.0/security-groups?id=c52904b5-321f-4e67-bb68-b0537d206d71 HTTP/1.1" status: 200  len: 2118 time: 0.3204570
2018-09-29 04:27:43.574 21123 DEBUG neutron.plugins.ml2.rpc [req-88e2b856-16ea-4307-856e-aa572e8c92b5 - - - - -] Device a31bfd6a-cb98-491a-ab37-9ebf40cfb11c up at agent ovs-agent-localhost.localdomain update_device_up /usr/lib/python2.7/site-packages/neutron/plugins/ml2/rpc.py:244
2018-09-29 04:27:43.962 21123 DEBUG neutron.db.provisioning_blocks [req-88e2b856-16ea-4307-856e-aa572e8c92b5 - - - - -] Provisioning complete for port a31bfd6a-cb98-491a-ab37-9ebf40cfb11c triggered by entity L2. provisioning_complete /usr/lib/python2.7/site-packages/neutron/db/provisioning_blocks.py:138
2018-09-29 04:27:43.964 21123 DEBUG neutron_lib.callbacks.manager [req-88e2b856-16ea-4307-856e-aa572e8c92b5 - - - - -] Notify callbacks ['neutron.plugins.ml2.plugin.Ml2Plugin._port_provisioned--9223372036853056272'] for port, provisioning_complete _notify_loop /usr/lib/python2.7/site-packages/neutron_lib/callbacks/manager.py:167
2018-09-29 04:27:44.350 21123 DEBUG neutron_lib.callbacks.manager [req-88e2b856-16ea-4307-856e-aa572e8c92b5 - - - - -] Notify callbacks ['neutron.plugins.ml2.plugin.Ml2Plugin._ensure_default_security_group_handler-2048047'] for port, before_update _notify_loop /usr/lib/python2.7/site-packages/neutron_lib/callbacks/manager.py:167
2018-09-29 04:27:44.461 21123 DEBUG oslo_concurrency.lockutils [-] Lock "notifier-2461b80a-8e77-40cb-b098-48463676a481" acquired by "neutron.notifiers.batch_notifier.synced_send" :: waited 0.000s inner /usr/lib/python2.7/site-packages/oslo_concurrency/lockutils.py:270
2018-09-29 04:27:44.462 21123 DEBUG neutron.notifiers.nova [-] Sending events: [{'status': 'completed', 'tag': u'a31bfd6a-cb98-491a-ab37-9ebf40cfb11c', 'name': 'network-vif-plugged', 'server_uuid': u'a2213bba-9ce0-42cf-a24b-43abb1671aa6'}] send_events /usr/lib/python2.7/site-packages/neutron/notifiers/nova.py:242
2018-09-29 04:27:44.515 21123 DEBUG neutron.plugins.ml2.db [req-88e2b856-16ea-4307-856e-aa572e8c92b5 - - - - -] For port a31bfd6a-cb98-491a-ab37-9ebf40cfb11c, host localhost.localdomain, got binding levels [<neutron.plugins.ml2.models.PortBindingLevel[object at 7f017381eed0] {port_id=u'a31bfd6a-cb98-491a-ab37-9ebf40cfb11c', host=u'localhost.localdomain', level=0, driver=u'openvswitch', segment_id=u'ec8abf42-52c5-4876-84af-5aa30473fe51'}>] get_binding_levels /usr/lib/python2.7/site-packages/neutron/plugins/ml2/db.py:106
2018-09-29 04:27:44.567 21123 DEBUG neutron_lib.callbacks.manager [req-88e2b856-16ea-4307-856e-aa572e8c92b5 - - - - -] Notify callbacks ['neutron.db.l3_hascheduler_db._notify_l3_agent_ha_port_update--9223363309090948115', 'neutron.plugins.ml2.ovo_rpc._ObjectChangeHandler.handle_event--9223372036853771610', 'neutron.plugins.ml2.plugin.Ml2Plugin.notify_sg_on_port_change-2051976', 'neutron.api.rpc.agentnotifiers.dhcp_rpc_agent_api.DhcpAgentNotifyAPI._native_event_send_dhcp_notification-963418', 'neutron.db.l3_dvrscheduler_db._notify_l3_agent_port_update--9223363309090948190'] for port, after_update _notify_loop /usr/lib/python2.7/site-packages/neutron_lib/callbacks/manager.py:167
2018-09-29 04:27:44.599 21123 DEBUG oslo_concurrency.lockutils [-] Lock "event-dispatch" acquired by "neutron.plugins.ml2.ovo_rpc.dispatch_events" :: waited 0.000s inner /usr/lib/python2.7/site-packages/oslo_concurrency/lockutils.py:270
2018-09-29 04:27:44.921 21123 DEBUG neutron.api.rpc.handlers.resources_rpc [req-88e2b856-16ea-4307-856e-aa572e8c92b5 - - - - -] neutron.api.rpc.handlers.resources_rpc.ResourcesPushRpcApi method push called with arguments (<neutron_lib.context.Context object at 0x7f01737c5410>, [Port(admin_state_up=True,allowed_address_pairs=[],binding=PortBinding,binding_levels=[PortBindingLevel],created_at=2018-09-29T08:24:33Z,data_plane_status=<?>,description='',device_id='a2213bba-9ce0-42cf-a24b-43abb1671aa6',device_owner='compute:nova',dhcp_options=[],distributed_binding=None,dns=None,fixed_ips=[IPAllocation],id=a31bfd6a-cb98-491a-ab37-9ebf40cfb11c,mac_address=fa:16:3e:3d:e5:1d,name='',network_id=b20afe9a-966c-43ae-9108-1866acba20b5,project_id='fe0a6898b40949349b729e4e791abbec',qos_policy_id=None,revision_number=8,security=PortSecurity(a31bfd6a-cb98-491a-ab37-9ebf40cfb11c),security_group_ids=set([c52904b5-321f-4e67-bb68-b0537d206d71]),status='ACTIVE',updated_at=2018-09-29T08:27:44Z)], 'updated') {} wrapper /usr/lib/python2.7/site-packages/oslo_log/helpers.py:66
2018-09-29 04:27:44.995 21123 DEBUG neutron.api.rpc.callbacks.version_manager [req-88e2b856-16ea-4307-856e-aa572e8c92b5 - - - - -] Version for resource type Subnet changed None to 1.0 on consumer Open vSwitch agent@localhost.localdomain _set_version /usr/lib/python2.7/site-packages/neutron/api/rpc/callbacks/version_manager.py:119
2018-09-29 04:27:44.999 21123 DEBUG neutron.api.rpc.callbacks.version_manager [req-88e2b856-16ea-4307-856e-aa572e8c92b5 - - - - -] Version for resource type Network changed None to 1.0 on consumer Open vSwitch agent@localhost.localdomain _set_version /usr/lib/python2.7/site-packages/neutron/api/rpc/callbacks/version_manager.py:119
2018-09-29 04:27:45.000 21123 DEBUG neutron.api.rpc.callbacks.version_manager [req-88e2b856-16ea-4307-856e-aa572e8c92b5 - - - - -] Version for resource type SubPort changed None to 1.0 on consumer Open vSwitch agent@localhost.localdomain _set_version /usr/lib/python2.7/site-packages/neutron/api/rpc/callbacks/version_manager.py:119
2018-09-29 04:27:45.001 21123 DEBUG neutron.api.rpc.callbacks.version_manager [req-88e2b856-16ea-4307-856e-aa572e8c92b5 - - - - -] Version for resource type SecurityGroup changed None to 1.0 on consumer Open vSwitch agent@localhost.localdomain _set_version /usr/lib/python2.7/site-packages/neutron/api/rpc/callbacks/version_manager.py:119
2018-09-29 04:27:45.001 21123 DEBUG neutron.api.rpc.callbacks.version_manager [req-88e2b856-16ea-4307-856e-aa572e8c92b5 - - - - -] Version for resource type SecurityGroupRule changed None to 1.0 on consumer Open vSwitch agent@localhost.localdomain _set_version /usr/lib/python2.7/site-packages/neutron/api/rpc/callbacks/version_manager.py:119
2018-09-29 04:27:45.002 21123 DEBUG neutron.api.rpc.callbacks.version_manager [req-88e2b856-16ea-4307-856e-aa572e8c92b5 - - - - -] Version for resource type Trunk changed None to 1.1 on consumer Open vSwitch agent@localhost.localdomain _set_version /usr/lib/python2.7/site-packages/neutron/api/rpc/callbacks/version_manager.py:119
2018-09-29 04:27:45.003 21123 DEBUG neutron.api.rpc.callbacks.version_manager [req-88e2b856-16ea-4307-856e-aa572e8c92b5 - - - - -] Version for resource type QosPolicy changed None to 1.6 on consumer Open vSwitch agent@localhost.localdomain _set_version /usr/lib/python2.7/site-packages/neutron/api/rpc/callbacks/version_manager.py:119
2018-09-29 04:27:45.006 21123 DEBUG neutron.api.rpc.callbacks.version_manager [req-88e2b856-16ea-4307-856e-aa572e8c92b5 - - - - -] Version for resource type Port changed None to 1.1 on consumer Open vSwitch agent@localhost.localdomain _set_version /usr/lib/python2.7/site-packages/neutron/api/rpc/callbacks/version_manager.py:119
2018-09-29 04:27:45.010 21123 DEBUG neutron.api.rpc.callbacks.version_manager [req-88e2b856-16ea-4307-856e-aa572e8c92b5 - - - - -] Version for resource type Log changed None to 1.0 on consumer Open vSwitch agent@localhost.localdomain _set_version /usr/lib/python2.7/site-packages/neutron/api/rpc/callbacks/version_manager.py:119
2018-09-29 04:27:45.063 21123 DEBUG oslo_concurrency.lockutils [req-88e2b856-16ea-4307-856e-aa572e8c92b5 - - - - -] Lock "event-dispatch" released by "neutron.plugins.ml2.ovo_rpc.dispatch_events" :: held 0.464s inner /usr/lib/python2.7/site-packages/oslo_concurrency/lockutils.py:282
2018-09-29 04:27:45.930 21123 DEBUG novaclient.v2.client [-] REQ: curl -g -i -X POST http://10.0.20.26:8774/v2.1/e169fa6db0c147f283ae7c6a936117f3/os-server-external-events -H "User-Agent: python-novaclient" -H "Content-Type: application/json" -H "Accept: application/json" -H "X-OpenStack-Nova-API-Version: 2.1" -H "X-Auth-Token: {SHA1}0b1b8949a4b309a3eed4e6f5bcc11379f59e1e0f" -d '{"events": [{"status": "completed", "tag": "a31bfd6a-cb98-491a-ab37-9ebf40cfb11c", "name": "network-vif-plugged", "server_uuid": "a2213bba-9ce0-42cf-a24b-43abb1671aa6"}]}' _http_log_request /usr/lib/python2.7/site-packages/keystoneauth1/session.py:375
2018-09-29 04:27:46.614 21123 DEBUG novaclient.v2.client [-] RESP: [200] Content-Length: 183 Content-Type: application/json Openstack-Api-Version: compute 2.1 X-Openstack-Nova-Api-Version: 2.1 Vary: OpenStack-API-Version, X-OpenStack-Nova-API-Version X-Openstack-Request-Id: req-d5ac7a61-df36-460c-b133-74103a665b21 X-Compute-Request-Id: req-d5ac7a61-df36-460c-b133-74103a665b21 Date: Sat, 29 Sep 2018 08:27:46 GMT Connection: keep-alive 
RESP BODY: {"events": [{"status": "completed", "tag": "a31bfd6a-cb98-491a-ab37-9ebf40cfb11c", "name": "network-vif-plugged", "server_uuid": "a2213bba-9ce0-42cf-a24b-43abb1671aa6", "code": 200}]}
 _http_log_response /usr/lib/python2.7/site-packages/keystoneauth1/session.py:423
2018-09-29 04:27:46.615 21123 DEBUG novaclient.v2.client [-] POST call to compute for http://10.0.20.26:8774/v2.1/e169fa6db0c147f283ae7c6a936117f3/os-server-external-events used request id req-d5ac7a61-df36-460c-b133-74103a665b21 request /usr/lib/python2.7/site-packages/keystoneauth1/session.py:727
2018-09-29 04:27:46.622 21123 INFO neutron.notifiers.nova [-] Nova event response: {u'status': u'completed', u'tag': u'a31bfd6a-cb98-491a-ab37-9ebf40cfb11c', u'name': u'network-vif-plugged', u'server_uuid': u'a2213bba-9ce0-42cf-a24b-43abb1671aa6', u'code': 200}
2018-09-29 04:27:47.146 21117 DEBUG neutron.plugins.ml2.rpc [req-88e2b856-16ea-4307-856e-aa572e8c92b5 - - - - -] Device a31bfd6a-cb98-491a-ab37-9ebf40cfb11c up at agent ovs-agent-localhost.localdomain update_device_up /usr/lib/python2.7/site-packages/neutron/plugins/ml2/rpc.py:244
2018-09-29 04:27:47.310 21117 DEBUG neutron.db.provisioning_blocks [req-88e2b856-16ea-4307-856e-aa572e8c92b5 - - - - -] Provisioning complete for port a31bfd6a-cb98-491a-ab37-9ebf40cfb11c triggered by entity L2. provisioning_complete /usr/lib/python2.7/site-packages/neutron/db/provisioning_blocks.py:138
2018-09-29 04:27:47.313 21117 DEBUG neutron_lib.callbacks.manager [req-88e2b856-16ea-4307-856e-aa572e8c92b5 - - - - -] Notify callbacks ['neutron.plugins.ml2.plugin.Ml2Plugin._port_provisioned--9223372036853056272'] for port, provisioning_complete _notify_loop /usr/lib/python2.7/site-packages/neutron_lib/callbacks/manager.py:167
2018-09-29 04:27:48.625 21123 DEBUG oslo_concurrency.lockutils [-] Lock "notifier-2461b80a-8e77-40cb-b098-48463676a481" released by "neutron.notifiers.batch_notifier.synced_send" :: held 4.164s inner /usr/lib/python2.7/site-packages/oslo_concurrency/lockutils.py:282
2018-09-29 04:27:54.670 21113 INFO neutron.wsgi [req-74075d19-7ee9-45a2-ad19-5f26b3fd7f4f 65fc2c9406b144e0959b78b722e98381 fe0a6898b40949349b729e4e791abbec - 11fe70b211a145ef9cf5a1e8c527c05b 11fe70b211a145ef9cf5a1e8c527c05b] 10.0.20.26 "GET /v2.0/ports?device_id=a2213bba-9ce0-42cf-a24b-43abb1671aa6 HTTP/1.1" status: 200  len: 1125 time: 0.8375740
2018-09-29 04:27:54.820 21113 INFO neutron.wsgi [req-01b798f5-17b5-4ff9-b78b-786de436ba9b 65fc2c9406b144e0959b78b722e98381 fe0a6898b40949349b729e4e791abbec - 11fe70b211a145ef9cf5a1e8c527c05b 11fe70b211a145ef9cf5a1e8c527c05b] 10.0.20.26 "GET /v2.0/security-groups?id=c52904b5-321f-4e67-bb68-b0537d206d71 HTTP/1.1" status: 200  len: 2118 time: 0.1413050
2018-09-29 04:28:01.261 21125 DEBUG neutron.db.agents_db [req-93572d9a-e62d-47d9-8271-51eb0db6e4f2 - - - - -] Agent healthcheck: found 5 active agents agent_health_check /usr/lib/python2.7/site-packages/neutron/db/agents_db.py:281
2018-09-29 04:28:05.415 21117 DEBUG neutron_lib.callbacks.manager [req-8992db8b-6665-435c-b687-5f2ebeeba945 - - - - -] Notify callbacks ['neutron.services.segments.db._update_segment_host_mapping_for_agent-8727764189098'] for agent, after_update _notify_loop /usr/lib/python2.7/site-packages/neutron_lib/callbacks/manager.py:167
2018-09-29 04:28:05.678 21122 DEBUG neutron_lib.callbacks.manager [req-f9be2f3d-94e1-440f-af25-3d66cdbb7f54 - - - - -] Notify callbacks ['neutron.services.segments.db._update_segment_host_mapping_for_agent-8727764189098'] for agent, after_update _notify_loop /usr/lib/python2.7/site-packages/neutron_lib/callbacks/manager.py:167
2018-09-29 04:28:07.434 21120 DEBUG neutron_lib.callbacks.manager [req-900e626b-4342-43b7-94c3-633952c4451f - - - - -] Notify callbacks ['neutron.services.segments.db._update_segment_host_mapping_for_agent-8727764189098'] for agent, after_update _notify_loop /usr/lib/python2.7/site-packages/neutron_lib/callbacks/manager.py:167
2018-09-29 04:28:07.639 21113 INFO neutron.wsgi [req-324317d6-d798-4f83-b6eb-f5e644fdb07d 385405652b74463ca36119e213a84b2c e169fa6db0c147f283ae7c6a936117f3 - default default] 10.0.20.26 "GET /v2.0/ports?tenant_id=fe0a6898b40949349b729e4e791abbec&device_id=a2213bba-9ce0-42cf-a24b-43abb1671aa6 HTTP/1.1" status: 200  len: 1125 time: 0.8107450
2018-09-29 04:28:08.035 21113 DEBUG neutron.pecan_wsgi.hooks.policy_enforcement [req-54721b58-13d3-47ce-b208-48ffff728b17 385405652b74463ca36119e213a84b2c e169fa6db0c147f283ae7c6a936117f3 - default default] Attributes excluded by policy engine: [u'vlan_transparent'] _exclude_attributes_by_policy /usr/lib/python2.7/site-packages/neutron/pecan_wsgi/hooks/policy_enforcement.py:256
2018-09-29 04:28:08.038 21113 INFO neutron.wsgi [req-54721b58-13d3-47ce-b208-48ffff728b17 385405652b74463ca36119e213a84b2c e169fa6db0c147f283ae7c6a936117f3 - default default] 10.0.20.26 "GET /v2.0/networks?id=b20afe9a-966c-43ae-9108-1866acba20b5 HTTP/1.1" status: 200  len: 885 time: 0.3879621
2018-09-29 04:28:08.099 21113 INFO neutron.wsgi [req-6591c5fe-319c-45d4-b395-13f8f5f40eca 385405652b74463ca36119e213a84b2c e169fa6db0c147f283ae7c6a936117f3 - default default] 10.0.20.26 "GET /v2.0/floatingips?fixed_ip_address=11.150.1.10&port_id=a31bfd6a-cb98-491a-ab37-9ebf40cfb11c HTTP/1.1" status: 200  len: 752 time: 0.0509150
2018-09-29 04:28:08.293 21113 DEBUG neutron.pecan_wsgi.hooks.policy_enforcement [req-70c2ce30-ee42-4231-9f9b-040229c8d2e1 385405652b74463ca36119e213a84b2c e169fa6db0c147f283ae7c6a936117f3 - default default] Attributes excluded by policy engine: [u'shared'] _exclude_attributes_by_policy /usr/lib/python2.7/site-packages/neutron/pecan_wsgi/hooks/policy_enforcement.py:256
2018-09-29 04:28:08.295 21113 INFO neutron.wsgi [req-70c2ce30-ee42-4231-9f9b-040229c8d2e1 385405652b74463ca36119e213a84b2c e169fa6db0c147f283ae7c6a936117f3 - default default] 10.0.20.26 "GET /v2.0/subnets?id=d1a72a3f-e0f0-4164-8a62-8625bcaa62c7 HTTP/1.1" status: 200  len: 847 time: 0.1852410
2018-09-29 04:28:08.464 21123 DEBUG neutron_lib.callbacks.manager [req-ab2e3abc-5f6a-449a-8315-d83a6a565902 - - - - -] Notify callbacks ['neutron.services.segments.db._update_segment_host_mapping_for_agent-8727764189098'] for agent, after_update _notify_loop /usr/lib/python2.7/site-packages/neutron_lib/callbacks/manager.py:167
2018-09-29 04:28:08.517 21113 INFO neutron.wsgi [req-c81a0303-a542-424f-89bc-5d4c05f0e6ac 385405652b74463ca36119e213a84b2c e169fa6db0c147f283ae7c6a936117f3 - default default] 10.0.20.26 "GET /v2.0/ports?network_id=b20afe9a-966c-43ae-9108-1866acba20b5&device_owner=network%3Adhcp HTTP/1.1" status: 200  len: 1128 time: 0.2033491
2018-09-29 04:28:10.232 21116 DEBUG neutron_lib.callbacks.manager [req-88e2b856-16ea-4307-856e-aa572e8c92b5 - - - - -] Notify callbacks ['neutron.services.segments.db._update_segment_host_mapping_for_agent-8727764189098'] for agent, after_update _notify_loop /usr/lib/python2.7/site-packages/neutron_lib/callbacks/manager.py:167
2018-09-29 04:28:15.107 21112 INFO neutron.wsgi [req-96f74f98-c1e4-48bf-b40c-fded59b6bf04 385405652b74463ca36119e213a84b2c e169fa6db0c147f283ae7c6a936117f3 - default default] 10.0.20.26 "GET /v2.0/ports?device_id=a2213bba-9ce0-42cf-a24b-43abb1671aa6 HTTP/1.1" status: 200  len: 1125 time: 0.1400981
2018-09-29 04:28:15.247 21112 INFO neutron.wsgi [req-27cc3dd7-5abc-4842-b76e-2812ba01da66 385405652b74463ca36119e213a84b2c e169fa6db0c147f283ae7c6a936117f3 - default default] 10.0.20.26 "GET /v2.0/security-groups?id=c52904b5-321f-4e67-bb68-b0537d206d71 HTTP/1.1" status: 200  len: 2118 time: 0.1335669
2018-09-29 04:28:16.748 21112 INFO neutron.wsgi [req-b1460ca1-12aa-4bbe-a4e7-1bfb6cad8814 385405652b74463ca36119e213a84b2c e169fa6db0c147f283ae7c6a936117f3 - default default] 10.0.20.26 "GET /v2.0/ports?device_id=a2213bba-9ce0-42cf-a24b-43abb1671aa6 HTTP/1.1" status: 200  len: 1125 time: 0.1184530
2018-09-29 04:28:16.854 21112 INFO neutron.wsgi [req-83ef5094-2baf-4614-a96b-7e9967e7e7a1 385405652b74463ca36119e213a84b2c e169fa6db0c147f283ae7c6a936117f3 - default default] 10.0.20.26 "GET /v2.0/security-groups?id=c52904b5-321f-4e67-bb68-b0537d206d71 HTTP/1.1" status: 200  len: 2118 time: 0.1004400
2018-09-29 04:28:17.685 21112 INFO neutron.wsgi [req-d7abc210-69c5-4d67-a04b-479d4a5adf1a 385405652b74463ca36119e213a84b2c e169fa6db0c147f283ae7c6a936117f3 - default default] 10.0.20.26 "GET /v2.0/ports?device_id=a2213bba-9ce0-42cf-a24b-43abb1671aa6 HTTP/1.1" status: 200  len: 1125 time: 0.1262801
2018-09-29 04:28:17.791 21112 INFO neutron.wsgi [req-8c58a6c1-7b77-4e5f-bf7d-c9328adc3bd0 385405652b74463ca36119e213a84b2c e169fa6db0c147f283ae7c6a936117f3 - default default] 10.0.20.26 "GET /v2.0/security-groups?id=c52904b5-321f-4e67-bb68-b0537d206d71 HTTP/1.1" status: 200  len: 2118 time: 0.0996799
2018-09-29 04:28:18.619 21110 INFO neutron.wsgi [req-b3d6b5bb-7b80-4e13-b56c-9d50044bbbce 385405652b74463ca36119e213a84b2c e169fa6db0c147f283ae7c6a936117f3 - default default] 10.0.20.26 "GET /v2.0/ports?device_id=a2213bba-9ce0-42cf-a24b-43abb1671aa6 HTTP/1.1" status: 200  len: 1125 time: 0.1129498
2018-09-29 04:28:18.728 21110 INFO neutron.wsgi [req-4cd83a87-f926-4e2d-b448-a54250b88e3a 385405652b74463ca36119e213a84b2c e169fa6db0c147f283ae7c6a936117f3 - default default] 10.0.20.26 "GET /v2.0/security-groups?id=c52904b5-321f-4e67-bb68-b0537d206d71 HTTP/1.1" status: 200  len: 2118 time: 0.1034451
2018-09-29 04:28:19.538 21109 INFO neutron.wsgi [req-d40a5ff3-9d42-4751-9ba6-f14ec01fe9a6 385405652b74463ca36119e213a84b2c e169fa6db0c147f283ae7c6a936117f3 - default default] 10.0.20.26 "GET /v2.0/ports?device_id=a2213bba-9ce0-42cf-a24b-43abb1671aa6 HTTP/1.1" status: 200  len: 1125 time: 0.1210630
2018-09-29 04:28:19.666 21109 INFO neutron.wsgi [req-5e72c111-2be0-49cc-930d-5b4339585db4 385405652b74463ca36119e213a84b2c e169fa6db0c147f283ae7c6a936117f3 - default default] 10.0.20.26 "GET /v2.0/security-groups?id=c52904b5-321f-4e67-bb68-b0537d206d71 HTTP/1.1" status: 200  len: 2118 time: 0.1215119
2018-09-29 04:28:35.391 21114 DEBUG neutron_lib.callbacks.manager [req-c0d8653a-ef4e-46ce-81cd-615891842217 - - - - -] Notify callbacks ['neutron.services.segments.db._update_segment_host_mapping_for_agent-8727764189098'] for agent, after_update _notify_loop /usr/lib/python2.7/site-packages/neutron_lib/callbacks/manager.py:167
2018-09-29 04:28:35.662 21115 DEBUG neutron_lib.callbacks.manager [req-f9be2f3d-94e1-440f-af25-3d66cdbb7f54 - - - - -] Notify callbacks ['neutron.services.segments.db._update_segment_host_mapping_for_agent-8727764189098'] for agent, after_update _notify_loop /usr/lib/python2.7/site-packages/neutron_lib/callbacks/manager.py:167
2018-09-29 04:28:37.424 21118 DEBUG neutron_lib.callbacks.manager [req-f1aa844a-a2e7-443e-9903-dbf48f07c348 - - - - -] Notify callbacks ['neutron.services.segments.db._update_segment_host_mapping_for_agent-8727764189098'] for agent, after_update _notify_loop /usr/lib/python2.7/site-packages/neutron_lib/callbacks/manager.py:167
2018-09-29 04:28:38.259 21125 DEBUG neutron.db.agents_db [req-93572d9a-e62d-47d9-8271-51eb0db6e4f2 - - - - -] Agent healthcheck: found 5 active agents agent_health_check /usr/lib/python2.7/site-packages/neutron/db/agents_db.py:281
2018-09-29 04:28:38.464 21124 DEBUG neutron_lib.callbacks.manager [req-ab2e3abc-5f6a-449a-8315-d83a6a565902 - - - - -] Notify callbacks ['neutron.services.segments.db._update_segment_host_mapping_for_agent-8727764189098'] for agent, after_update _notify_loop /usr/lib/python2.7/site-packages/neutron_lib/callbacks/manager.py:167
2018-09-29 04:28:40.162 21117 DEBUG neutron_lib.callbacks.manager [req-88e2b856-16ea-4307-856e-aa572e8c92b5 - - - - -] Notify callbacks ['neutron.services.segments.db._update_segment_host_mapping_for_agent-8727764189098'] for agent, after_update _notify_loop /usr/lib/python2.7/site-packages/neutron_lib/callbacks/manager.py:167
2018-09-29 04:28:41.873 21110 DEBUG neutron.wsgi [-] (21110) accepted ('10.0.20.26', 33548) server /usr/lib/python2.7/site-packages/eventlet/wsgi.py:883
2018-09-29 04:28:41.877 21110 INFO neutron.wsgi [-] 10.0.20.26 "GET / HTTP/1.1" status: 200  len: 252 time: 0.0018840
2018-09-29 04:28:42.366 21110 INFO neutron.api.v2.resource [req-2948bfb5-408e-4d03-94c0-d1a6c9b15524 65fc2c9406b144e0959b78b722e98381 fe0a6898b40949349b729e4e791abbec - 11fe70b211a145ef9cf5a1e8c527c05b 11fe70b211a145ef9cf5a1e8c527c05b] show failed (client error): The resource could not be found.
2018-09-29 04:28:42.367 21110 INFO neutron.wsgi [req-2948bfb5-408e-4d03-94c0-d1a6c9b15524 65fc2c9406b144e0959b78b722e98381 fe0a6898b40949349b729e4e791abbec - 11fe70b211a145ef9cf5a1e8c527c05b 11fe70b211a145ef9cf5a1e8c527c05b] 10.0.20.26 "GET /v2.0/floatingips/172.24.4.15 HTTP/1.1" status: 404  len: 325 time: 0.4860590
2018-09-29 04:28:42.406 21110 DEBUG neutron.quota.resource [req-0c6c6c38-9bfc-44be-92f0-f8ea431e6978 65fc2c9406b144e0959b78b722e98381 fe0a6898b40949349b729e4e791abbec - 11fe70b211a145ef9cf5a1e8c527c05b 11fe70b211a145ef9cf5a1e8c527c05b] Synchronizing usage tracker for tenant:fe0a6898b40949349b729e4e791abbec on resource:floatingip resync /usr/lib/python2.7/site-packages/neutron/quota/resource.py:245
2018-09-29 04:28:42.451 21110 DEBUG neutron.quota.resource [req-0c6c6c38-9bfc-44be-92f0-f8ea431e6978 65fc2c9406b144e0959b78b722e98381 fe0a6898b40949349b729e4e791abbec - 11fe70b211a145ef9cf5a1e8c527c05b 11fe70b211a145ef9cf5a1e8c527c05b] Unset dirty status for tenant:fe0a6898b40949349b729e4e791abbec on resource:floatingip _resync /usr/lib/python2.7/site-packages/neutron/quota/resource.py:237
2018-09-29 04:28:42.453 21110 INFO neutron.wsgi [req-0c6c6c38-9bfc-44be-92f0-f8ea431e6978 65fc2c9406b144e0959b78b722e98381 fe0a6898b40949349b729e4e791abbec - 11fe70b211a145ef9cf5a1e8c527c05b 11fe70b211a145ef9cf5a1e8c527c05b] 10.0.20.26 "GET /v2.0/floatingips HTTP/1.1" status: 200  len: 1744 time: 0.0793691
2018-09-29 04:28:42.539 21110 DEBUG neutron.plugins.ml2.plugin [req-bd1fd5fc-1ab4-4d72-838f-2c4f27641716 65fc2c9406b144e0959b78b722e98381 fe0a6898b40949349b729e4e791abbec - 11fe70b211a145ef9cf5a1e8c527c05b 11fe70b211a145ef9cf5a1e8c527c05b] Deleting port 04875074-6dbc-4d44-90a2-69910a8955d5 _pre_delete_port /usr/lib/python2.7/site-packages/neutron/plugins/ml2/plugin.py:1488
2018-09-29 04:28:42.541 21110 DEBUG neutron_lib.callbacks.manager [req-bd1fd5fc-1ab4-4d72-838f-2c4f27641716 65fc2c9406b144e0959b78b722e98381 fe0a6898b40949349b729e4e791abbec - 11fe70b211a145ef9cf5a1e8c527c05b 11fe70b211a145ef9cf5a1e8c527c05b] Notify callbacks ['neutron.db.l3_db._prevent_l3_port_delete_callback--9223363309090383258'] for port, before_delete _notify_loop /usr/lib/python2.7/site-packages/neutron_lib/callbacks/manager.py:167
2018-09-29 04:28:43.426 21110 DEBUG neutron.plugins.ml2.plugin [req-bd1fd5fc-1ab4-4d72-838f-2c4f27641716 65fc2c9406b144e0959b78b722e98381 fe0a6898b40949349b729e4e791abbec - 11fe70b211a145ef9cf5a1e8c527c05b 11fe70b211a145ef9cf5a1e8c527c05b] Calling delete_port for 04875074-6dbc-4d44-90a2-69910a8955d5 owned by network:floatingip delete_port /usr/lib/python2.7/site-packages/neutron/plugins/ml2/plugin.py:1547
