2018-06-30 09:22:36.464 31263 DEBUG neutron.db.agents_db [req-2776993e-97ff-49c2-bc78-d3a4be95b218 - - - - -] Agent healthcheck: found 5 active agents agent_health_check /usr/lib/python2.7/site-packages/neutron/db/agents_db.py:281
2018-06-30 09:22:43.822 31256 DEBUG neutron_lib.callbacks.manager [req-bb6bb1a9-8778-4b1d-87be-c6bfca19836c - - - - -] Notify callbacks ['neutron.services.segments.db._update_segment_host_mapping_for_agent-8782727758898'] for agent, after_update _notify_loop /usr/lib/python2.7/site-packages/neutron_lib/callbacks/manager.py:167
2018-06-30 09:22:46.715 31257 DEBUG neutron_lib.callbacks.manager [req-4b473470-5db6-4783-80b2-f77d0ee6cd90 - - - - -] Notify callbacks ['neutron.services.segments.db._update_segment_host_mapping_for_agent-8782727758898'] for agent, after_update _notify_loop /usr/lib/python2.7/site-packages/neutron_lib/callbacks/manager.py:167
2018-06-30 09:22:46.723 31258 DEBUG neutron_lib.callbacks.manager [req-7b83c891-747e-48ff-8809-67b28262c713 - - - - -] Notify callbacks ['neutron.services.segments.db._update_segment_host_mapping_for_agent-8782727758898'] for agent, after_update _notify_loop /usr/lib/python2.7/site-packages/neutron_lib/callbacks/manager.py:167
2018-06-30 09:22:46.723 31254 DEBUG neutron_lib.callbacks.manager [req-f0bda48b-a409-4fdb-8da4-d02e7fc50885 - - - - -] Notify callbacks ['neutron.services.segments.db._update_segment_host_mapping_for_agent-8782727758898'] for agent, after_update _notify_loop /usr/lib/python2.7/site-packages/neutron_lib/callbacks/manager.py:167
2018-06-30 09:22:51.121 31259 DEBUG neutron_lib.callbacks.manager [req-6e941e18-ce0d-4500-a34c-e8379a3bd0cd - - - - -] Notify callbacks ['neutron.services.segments.db._update_segment_host_mapping_for_agent-8782727758898'] for agent, after_update _notify_loop /usr/lib/python2.7/site-packages/neutron_lib/callbacks/manager.py:167
2018-06-30 09:23:10.667 31250 DEBUG neutron.wsgi [-] (31250) accepted ('10.0.20.27', 45334) server /usr/lib/python2.7/site-packages/eventlet/wsgi.py:883
2018-06-30 09:23:10.674 31250 INFO neutron.wsgi [-] 10.0.20.27 "GET / HTTP/1.1" status: 200  len: 252 time: 0.0040228
2018-06-30 09:23:11.659 31250 DEBUG neutron.pecan_wsgi.hooks.policy_enforcement [req-c9b08833-3a02-4009-be7f-21cdeae7f0b5 33350101a7dd4845b584ef19ee469e98 ae5f1f2962c54b6b8cf6fb6b8ec71ac7 - 79a3b704c7d14e2b9284ad39e614b964 79a3b704c7d14e2b9284ad39e614b964] Attributes excluded by policy engine: [u'shared'] _exclude_attributes_by_policy /usr/lib/python2.7/site-packages/neutron/pecan_wsgi/hooks/policy_enforcement.py:256
2018-06-30 09:23:11.660 31250 DEBUG neutron.pecan_wsgi.hooks.policy_enforcement [req-c9b08833-3a02-4009-be7f-21cdeae7f0b5 33350101a7dd4845b584ef19ee469e98 ae5f1f2962c54b6b8cf6fb6b8ec71ac7 - 79a3b704c7d14e2b9284ad39e614b964 79a3b704c7d14e2b9284ad39e614b964] Attributes excluded by policy engine: [u'shared'] _exclude_attributes_by_policy /usr/lib/python2.7/site-packages/neutron/pecan_wsgi/hooks/policy_enforcement.py:256
2018-06-30 09:23:11.663 31250 INFO neutron.wsgi [req-c9b08833-3a02-4009-be7f-21cdeae7f0b5 33350101a7dd4845b584ef19ee469e98 ae5f1f2962c54b6b8cf6fb6b8ec71ac7 - 79a3b704c7d14e2b9284ad39e614b964 79a3b704c7d14e2b9284ad39e614b964] 10.0.20.27 "GET /v2.0/subnets HTTP/1.1" status: 200  len: 1419 time: 0.9847021
2018-06-30 09:23:13.460 31263 DEBUG neutron.db.agents_db [req-2776993e-97ff-49c2-bc78-d3a4be95b218 - - - - -] Agent healthcheck: found 5 active agents agent_health_check /usr/lib/python2.7/site-packages/neutron/db/agents_db.py:281
2018-06-30 09:23:13.823 31255 DEBUG neutron_lib.callbacks.manager [req-6b4cf248-796c-4836-ab21-2ce5e0e9a1ee - - - - -] Notify callbacks ['neutron.services.segments.db._update_segment_host_mapping_for_agent-8782727758898'] for agent, after_update _notify_loop /usr/lib/python2.7/site-packages/neutron_lib/callbacks/manager.py:167
2018-06-30 09:23:16.672 31253 DEBUG neutron_lib.callbacks.manager [req-4b473470-5db6-4783-80b2-f77d0ee6cd90 - - - - -] Notify callbacks ['neutron.services.segments.db._update_segment_host_mapping_for_agent-8782727758898'] for agent, after_update _notify_loop /usr/lib/python2.7/site-packages/neutron_lib/callbacks/manager.py:167
2018-06-30 09:23:16.700 31260 DEBUG neutron_lib.callbacks.manager [req-6c89ee90-9e23-4298-b734-1c26ca5e16e0 - - - - -] Notify callbacks ['neutron.services.segments.db._update_segment_host_mapping_for_agent-8782727758898'] for agent, after_update _notify_loop /usr/lib/python2.7/site-packages/neutron_lib/callbacks/manager.py:167
2018-06-30 09:23:16.709 31262 DEBUG neutron_lib.callbacks.manager [req-7b83c891-747e-48ff-8809-67b28262c713 - - - - -] Notify callbacks ['neutron.services.segments.db._update_segment_host_mapping_for_agent-8782727758898'] for agent, after_update _notify_loop /usr/lib/python2.7/site-packages/neutron_lib/callbacks/manager.py:167
2018-06-30 09:23:21.117 31256 DEBUG neutron_lib.callbacks.manager [req-6e941e18-ce0d-4500-a34c-e8379a3bd0cd - - - - -] Notify callbacks ['neutron.services.segments.db._update_segment_host_mapping_for_agent-8782727758898'] for agent, after_update _notify_loop /usr/lib/python2.7/site-packages/neutron_lib/callbacks/manager.py:167
2018-06-30 09:23:43.830 31257 DEBUG neutron_lib.callbacks.manager [req-916acc90-9f8d-43af-a2b5-f48260ca4f4a - - - - -] Notify callbacks ['neutron.services.segments.db._update_segment_host_mapping_for_agent-8782727758898'] for agent, after_update _notify_loop /usr/lib/python2.7/site-packages/neutron_lib/callbacks/manager.py:167
2018-06-30 09:23:46.672 31254 DEBUG neutron_lib.callbacks.manager [req-4b473470-5db6-4783-80b2-f77d0ee6cd90 - - - - -] Notify callbacks ['neutron.services.segments.db._update_segment_host_mapping_for_agent-8782727758898'] for agent, after_update _notify_loop /usr/lib/python2.7/site-packages/neutron_lib/callbacks/manager.py:167
2018-06-30 09:23:46.699 31258 DEBUG neutron_lib.callbacks.manager [req-1bc85c53-4a13-43d5-a51b-91214df5e3eb - - - - -] Notify callbacks ['neutron.services.segments.db._update_segment_host_mapping_for_agent-8782727758898'] for agent, after_update _notify_loop /usr/lib/python2.7/site-packages/neutron_lib/callbacks/manager.py:167
2018-06-30 09:23:46.718 31259 DEBUG neutron_lib.callbacks.manager [req-7b83c891-747e-48ff-8809-67b28262c713 - - - - -] Notify callbacks ['neutron.services.segments.db._update_segment_host_mapping_for_agent-8782727758898'] for agent, after_update _notify_loop /usr/lib/python2.7/site-packages/neutron_lib/callbacks/manager.py:167
2018-06-30 09:23:50.457 31263 DEBUG neutron.db.agents_db [req-2776993e-97ff-49c2-bc78-d3a4be95b218 - - - - -] Agent healthcheck: found 5 active agents agent_health_check /usr/lib/python2.7/site-packages/neutron/db/agents_db.py:281
2018-06-30 09:23:51.111 31255 DEBUG neutron_lib.callbacks.manager [req-6e941e18-ce0d-4500-a34c-e8379a3bd0cd - - - - -] Notify callbacks ['neutron.services.segments.db._update_segment_host_mapping_for_agent-8782727758898'] for agent, after_update _notify_loop /usr/lib/python2.7/site-packages/neutron_lib/callbacks/manager.py:167
2018-06-30 09:24:03.772 31252 DEBUG neutron.wsgi [-] (31252) accepted ('10.0.20.27', 45482) server /usr/lib/python2.7/site-packages/eventlet/wsgi.py:883
2018-06-30 09:24:03.778 31252 INFO neutron.wsgi [-] 10.0.20.27 "GET / HTTP/1.1" status: 200  len: 252 time: 0.0017340
2018-06-30 09:24:04.388 31252 DEBUG neutron.api.v2.base [req-614e0b97-3f7b-43b1-99ce-4da98068fcb8 33350101a7dd4845b584ef19ee469e98 ae5f1f2962c54b6b8cf6fb6b8ec71ac7 - 79a3b704c7d14e2b9284ad39e614b964 79a3b704c7d14e2b9284ad39e614b964] Request body: {u'security_group': {u'name': u'tempest-SECURITY_GROUP_SAMPLE-1530343345', u'description': u'tempest-SECURITY_GROUP_SAMPLE-1530343345'}} prepare_request_body /usr/lib/python2.7/site-packages/neutron/api/v2/base.py:695
2018-06-30 09:24:04.391 31252 INFO neutron.quota [req-614e0b97-3f7b-43b1-99ce-4da98068fcb8 33350101a7dd4845b584ef19ee469e98 ae5f1f2962c54b6b8cf6fb6b8ec71ac7 - 79a3b704c7d14e2b9284ad39e614b964 79a3b704c7d14e2b9284ad39e614b964] Loaded quota_driver: <neutron.db.quota.driver.DbQuotaDriver object at 0x7fce34fc4bd0>.
2018-06-30 09:24:04.403 31252 DEBUG neutron.db.quota.driver [req-614e0b97-3f7b-43b1-99ce-4da98068fcb8 33350101a7dd4845b584ef19ee469e98 ae5f1f2962c54b6b8cf6fb6b8ec71ac7 - 79a3b704c7d14e2b9284ad39e614b964 79a3b704c7d14e2b9284ad39e614b964] Resources subnetpool have unlimited quota limit. It is not required to calculate headroom  make_reservation /usr/lib/python2.7/site-packages/neutron/db/quota/driver.py:223
2018-06-30 09:24:04.414 31252 DEBUG neutron.quota.resource [req-614e0b97-3f7b-43b1-99ce-4da98068fcb8 33350101a7dd4845b584ef19ee469e98 ae5f1f2962c54b6b8cf6fb6b8ec71ac7 - 79a3b704c7d14e2b9284ad39e614b964 79a3b704c7d14e2b9284ad39e614b964] Usage tracker for resource:security_group and tenant:ae5f1f2962c54b6b8cf6fb6b8ec71ac7 is out of sync, need to count used quota count_used /usr/lib/python2.7/site-packages/neutron/quota/resource.py:274
2018-06-30 09:24:04.426 31252 DEBUG neutron.quota.resource [req-614e0b97-3f7b-43b1-99ce-4da98068fcb8 33350101a7dd4845b584ef19ee469e98 ae5f1f2962c54b6b8cf6fb6b8ec71ac7 - 79a3b704c7d14e2b9284ad39e614b964 79a3b704c7d14e2b9284ad39e614b964] Quota usage for security_group was recalculated. Used quota:0. count_used /usr/lib/python2.7/site-packages/neutron/quota/resource.py:293
2018-06-30 09:24:04.440 31252 DEBUG neutron.db.quota.driver [req-614e0b97-3f7b-43b1-99ce-4da98068fcb8 33350101a7dd4845b584ef19ee469e98 ae5f1f2962c54b6b8cf6fb6b8ec71ac7 - 79a3b704c7d14e2b9284ad39e614b964 79a3b704c7d14e2b9284ad39e614b964] Attempting to reserve 1 items for resource security_group. Total usage: 0; quota limit: 10; headroom:10 make_reservation /usr/lib/python2.7/site-packages/neutron/db/quota/driver.py:255
2018-06-30 09:24:04.500 31252 DEBUG neutron_lib.callbacks.manager [req-614e0b97-3f7b-43b1-99ce-4da98068fcb8 33350101a7dd4845b584ef19ee469e98 ae5f1f2962c54b6b8cf6fb6b8ec71ac7 - 79a3b704c7d14e2b9284ad39e614b964 79a3b704c7d14e2b9284ad39e614b964] Notify callbacks [] for security_group, before_create _notify_loop /usr/lib/python2.7/site-packages/neutron_lib/callbacks/manager.py:167
2018-06-30 09:24:04.538 31252 DEBUG neutron_lib.callbacks.manager [req-614e0b97-3f7b-43b1-99ce-4da98068fcb8 33350101a7dd4845b584ef19ee469e98 ae5f1f2962c54b6b8cf6fb6b8ec71ac7 - 79a3b704c7d14e2b9284ad39e614b964 79a3b704c7d14e2b9284ad39e614b964] Notify callbacks [] for security_group, before_create _notify_loop /usr/lib/python2.7/site-packages/neutron_lib/callbacks/manager.py:167
2018-06-30 09:24:04.926 31252 DEBUG neutron_lib.callbacks.manager [req-614e0b97-3f7b-43b1-99ce-4da98068fcb8 33350101a7dd4845b584ef19ee469e98 ae5f1f2962c54b6b8cf6fb6b8ec71ac7 - 79a3b704c7d14e2b9284ad39e614b964 79a3b704c7d14e2b9284ad39e614b964] Notify callbacks [] for security_group, precommit_create _notify_loop /usr/lib/python2.7/site-packages/neutron_lib/callbacks/manager.py:167
2018-06-30 09:24:04.941 31252 DEBUG neutron_lib.callbacks.manager [req-614e0b97-3f7b-43b1-99ce-4da98068fcb8 33350101a7dd4845b584ef19ee469e98 ae5f1f2962c54b6b8cf6fb6b8ec71ac7 - 79a3b704c7d14e2b9284ad39e614b964 79a3b704c7d14e2b9284ad39e614b964] Notify callbacks ['neutron.plugins.ml2.ovo_rpc._ObjectChangeHandler.handle_event-3759850'] for security_group, after_create _notify_loop /usr/lib/python2.7/site-packages/neutron_lib/callbacks/manager.py:167
2018-06-30 09:24:04.950 31252 DEBUG oslo_concurrency.lockutils [-] Lock "event-dispatch" acquired by "neutron.plugins.ml2.ovo_rpc.dispatch_events" :: waited 0.000s inner /usr/lib/python2.7/site-packages/oslo_concurrency/lockutils.py:270
2018-06-30 09:24:05.128 31252 DEBUG neutron.api.rpc.handlers.resources_rpc [req-614e0b97-3f7b-43b1-99ce-4da98068fcb8 33350101a7dd4845b584ef19ee469e98 ae5f1f2962c54b6b8cf6fb6b8ec71ac7 - - -] neutron.api.rpc.handlers.resources_rpc.ResourcesPushRpcApi method push called with arguments (<neutron_lib.context.Context object at 0x7fce34eade50>, [SecurityGroup(created_at=2018-06-30T07:24:04Z,description='Gruppo di sicurezza predefinito',id=d5ffbe4b-bc27-40b5-a561-6c465b6d9328,is_default=True,name='default',project_id='ae5f1f2962c54b6b8cf6fb6b8ec71ac7',revision_number=4,rules=[SecurityGroupRule(277fbe64-ab45-4844-a80a-eb941522fa7a),SecurityGroupRule(604b6f34-3ff4-4003-9fd4-135fa7e30bfd),SecurityGroupRule(7a41eb03-caca-4bfd-9b4a-d55cafd01b96),SecurityGroupRule(e0b0bcfd-d117-41e2-8238-0d200696c920)],updated_at=2018-06-30T07:24:04Z)], 'updated') {} wrapper /usr/lib/python2.7/site-packages/oslo_log/helpers.py:66
2018-06-30 09:24:05.169 31252 DEBUG neutron.api.rpc.callbacks.version_manager [req-614e0b97-3f7b-43b1-99ce-4da98068fcb8 33350101a7dd4845b584ef19ee469e98 ae5f1f2962c54b6b8cf6fb6b8ec71ac7 - - -] Version for resource type Subnet changed None to 1.0 on consumer Open vSwitch agent@localhost.localdomain _set_version /usr/lib/python2.7/site-packages/neutron/api/rpc/callbacks/version_manager.py:119
2018-06-30 09:24:05.170 31252 DEBUG neutron.api.rpc.callbacks.version_manager [req-614e0b97-3f7b-43b1-99ce-4da98068fcb8 33350101a7dd4845b584ef19ee469e98 ae5f1f2962c54b6b8cf6fb6b8ec71ac7 - - -] Version for resource type Network changed None to 1.0 on consumer Open vSwitch agent@localhost.localdomain _set_version /usr/lib/python2.7/site-packages/neutron/api/rpc/callbacks/version_manager.py:119
2018-06-30 09:24:05.171 31252 DEBUG neutron.api.rpc.callbacks.version_manager [req-614e0b97-3f7b-43b1-99ce-4da98068fcb8 33350101a7dd4845b584ef19ee469e98 ae5f1f2962c54b6b8cf6fb6b8ec71ac7 - - -] Version for resource type SubPort changed None to 1.0 on consumer Open vSwitch agent@localhost.localdomain _set_version /usr/lib/python2.7/site-packages/neutron/api/rpc/callbacks/version_manager.py:119
2018-06-30 09:24:05.172 31252 DEBUG neutron.api.rpc.callbacks.version_manager [req-614e0b97-3f7b-43b1-99ce-4da98068fcb8 33350101a7dd4845b584ef19ee469e98 ae5f1f2962c54b6b8cf6fb6b8ec71ac7 - - -] Version for resource type SecurityGroup changed None to 1.0 on consumer Open vSwitch agent@localhost.localdomain _set_version /usr/lib/python2.7/site-packages/neutron/api/rpc/callbacks/version_manager.py:119
2018-06-30 09:24:05.173 31252 DEBUG neutron.api.rpc.callbacks.version_manager [req-614e0b97-3f7b-43b1-99ce-4da98068fcb8 33350101a7dd4845b584ef19ee469e98 ae5f1f2962c54b6b8cf6fb6b8ec71ac7 - - -] Version for resource type SecurityGroupRule changed None to 1.0 on consumer Open vSwitch agent@localhost.localdomain _set_version /usr/lib/python2.7/site-packages/neutron/api/rpc/callbacks/version_manager.py:119
2018-06-30 09:24:05.173 31252 DEBUG neutron.api.rpc.callbacks.version_manager [req-614e0b97-3f7b-43b1-99ce-4da98068fcb8 33350101a7dd4845b584ef19ee469e98 ae5f1f2962c54b6b8cf6fb6b8ec71ac7 - - -] Version for resource type Trunk changed None to 1.1 on consumer Open vSwitch agent@localhost.localdomain _set_version /usr/lib/python2.7/site-packages/neutron/api/rpc/callbacks/version_manager.py:119
2018-06-30 09:24:05.174 31252 DEBUG neutron.api.rpc.callbacks.version_manager [req-614e0b97-3f7b-43b1-99ce-4da98068fcb8 33350101a7dd4845b584ef19ee469e98 ae5f1f2962c54b6b8cf6fb6b8ec71ac7 - - -] Version for resource type QosPolicy changed None to 1.6 on consumer Open vSwitch agent@localhost.localdomain _set_version /usr/lib/python2.7/site-packages/neutron/api/rpc/callbacks/version_manager.py:119
2018-06-30 09:24:05.174 31252 DEBUG neutron.api.rpc.callbacks.version_manager [req-614e0b97-3f7b-43b1-99ce-4da98068fcb8 33350101a7dd4845b584ef19ee469e98 ae5f1f2962c54b6b8cf6fb6b8ec71ac7 - - -] Version for resource type Port changed None to 1.1 on consumer Open vSwitch agent@localhost.localdomain _set_version /usr/lib/python2.7/site-packages/neutron/api/rpc/callbacks/version_manager.py:119
2018-06-30 09:24:05.175 31252 DEBUG neutron.api.rpc.callbacks.version_manager [req-614e0b97-3f7b-43b1-99ce-4da98068fcb8 33350101a7dd4845b584ef19ee469e98 ae5f1f2962c54b6b8cf6fb6b8ec71ac7 - - -] Version for resource type Log changed None to 1.0 on consumer Open vSwitch agent@localhost.localdomain _set_version /usr/lib/python2.7/site-packages/neutron/api/rpc/callbacks/version_manager.py:119
2018-06-30 09:24:05.179 31252 DEBUG neutron.api.rpc.callbacks.version_manager [req-614e0b97-3f7b-43b1-99ce-4da98068fcb8 33350101a7dd4845b584ef19ee469e98 ae5f1f2962c54b6b8cf6fb6b8ec71ac7 - - -] Tracked resource versions report:
pushed versions:
{   'Log': set(['1.0']),
    'Network': set(['1.0']),
    'Port': set(['1.1']),
    'QosPolicy': set(['1.6']),
    'SecurityGroup': set(['1.0']),
    'SecurityGroupRule': set(['1.0']),
    'SubPort': set(['1.0']),
    'Subnet': set(['1.0']),
    'Trunk': set(['1.1'])}

consumer versions:
{   DHCP agent@localhost.localdomain: {   },
    L3 agent@localhost.localdomain: {   },
    Metadata agent@localhost.localdomain: {   },
    Metering agent@localhost.localdomain: {   },
    Open vSwitch agent@localhost.localdomain: {   u'Log': u'1.0',
                                                  u'Network': u'1.0',
                                                  u'Port': u'1.1',
                                                  u'QosPolicy': u'1.6',
                                                  u'SecurityGroup': u'1.0',
                                                  u'SecurityGroupRule': u'1.0',
                                                  u'SubPort': u'1.0',
                                                  u'Subnet': u'1.0',
                                                  u'Trunk': u'1.1'}}
 report /usr/lib/python2.7/site-packages/neutron/api/rpc/callbacks/version_manager.py:178
2018-06-30 09:24:05.636 31252 DEBUG oslo_concurrency.lockutils [req-614e0b97-3f7b-43b1-99ce-4da98068fcb8 33350101a7dd4845b584ef19ee469e98 ae5f1f2962c54b6b8cf6fb6b8ec71ac7 - - -] Lock "event-dispatch" released by "neutron.plugins.ml2.ovo_rpc.dispatch_events" :: held 0.686s inner /usr/lib/python2.7/site-packages/oslo_concurrency/lockutils.py:282
2018-06-30 09:24:05.697 31252 DEBUG neutron_lib.callbacks.manager [req-614e0b97-3f7b-43b1-99ce-4da98068fcb8 33350101a7dd4845b584ef19ee469e98 ae5f1f2962c54b6b8cf6fb6b8ec71ac7 - 79a3b704c7d14e2b9284ad39e614b964 79a3b704c7d14e2b9284ad39e614b964] Notify callbacks [] for security_group, precommit_create _notify_loop /usr/lib/python2.7/site-packages/neutron_lib/callbacks/manager.py:167
2018-06-30 09:24:05.722 31252 DEBUG neutron_lib.callbacks.manager [req-614e0b97-3f7b-43b1-99ce-4da98068fcb8 33350101a7dd4845b584ef19ee469e98 ae5f1f2962c54b6b8cf6fb6b8ec71ac7 - 79a3b704c7d14e2b9284ad39e614b964 79a3b704c7d14e2b9284ad39e614b964] Notify callbacks ['neutron.plugins.ml2.ovo_rpc._ObjectChangeHandler.handle_event-3759850'] for security_group, after_create _notify_loop /usr/lib/python2.7/site-packages/neutron_lib/callbacks/manager.py:167
2018-06-30 09:24:05.732 31252 DEBUG oslo_concurrency.lockutils [-] Lock "event-dispatch" acquired by "neutron.plugins.ml2.ovo_rpc.dispatch_events" :: waited 0.000s inner /usr/lib/python2.7/site-packages/oslo_concurrency/lockutils.py:270
2018-06-30 09:24:05.816 31252 DEBUG neutron.quota.resource [req-614e0b97-3f7b-43b1-99ce-4da98068fcb8 33350101a7dd4845b584ef19ee469e98 ae5f1f2962c54b6b8cf6fb6b8ec71ac7 - 79a3b704c7d14e2b9284ad39e614b964 79a3b704c7d14e2b9284ad39e614b964] Persisted dirty status for tenant:ae5f1f2962c54b6b8cf6fb6b8ec71ac7 on resource:security_group_rule mark_dirty /usr/lib/python2.7/site-packages/neutron/quota/resource.py:207
2018-06-30 09:24:05.825 31252 DEBUG neutron.quota.resource [req-614e0b97-3f7b-43b1-99ce-4da98068fcb8 33350101a7dd4845b584ef19ee469e98 ae5f1f2962c54b6b8cf6fb6b8ec71ac7 - 79a3b704c7d14e2b9284ad39e614b964 79a3b704c7d14e2b9284ad39e614b964] Persisted dirty status for tenant:ae5f1f2962c54b6b8cf6fb6b8ec71ac7 on resource:security_group mark_dirty /usr/lib/python2.7/site-packages/neutron/quota/resource.py:207
2018-06-30 09:24:05.828 31252 DEBUG neutron.api.rpc.handlers.resources_rpc [req-614e0b97-3f7b-43b1-99ce-4da98068fcb8 33350101a7dd4845b584ef19ee469e98 ae5f1f2962c54b6b8cf6fb6b8ec71ac7 - - -] neutron.api.rpc.handlers.resources_rpc.ResourcesPushRpcApi method push called with arguments (<neutron_lib.context.Context object at 0x7fce34ec4250>, [SecurityGroup(created_at=2018-06-30T07:24:04Z,description='tempest-SECURITY_GROUP_SAMPLE-1530343345',id=139aff18-16c6-4aa3-865d-57e1bc45582c,is_default=False,name='tempest-SECURITY_GROUP_SAMPLE-1530343345',project_id='ae5f1f2962c54b6b8cf6fb6b8ec71ac7',revision_number=2,rules=[SecurityGroupRule(072b2bd0-659c-436a-ab03-5a7082287cfa),SecurityGroupRule(bcb6da07-3b37-48e4-bc62-a5a1d2d675fd)],updated_at=2018-06-30T07:24:05Z)], 'updated') {} wrapper /usr/lib/python2.7/site-packages/oslo_log/helpers.py:66
2018-06-30 09:24:05.846 31252 DEBUG neutron_lib.callbacks.manager [req-614e0b97-3f7b-43b1-99ce-4da98068fcb8 33350101a7dd4845b584ef19ee469e98 ae5f1f2962c54b6b8cf6fb6b8ec71ac7 - 79a3b704c7d14e2b9284ad39e614b964 79a3b704c7d14e2b9284ad39e614b964] Notify callbacks [] for security_group, before_response _notify_loop /usr/lib/python2.7/site-packages/neutron_lib/callbacks/manager.py:167
2018-06-30 09:24:05.848 31252 INFO neutron.wsgi [req-614e0b97-3f7b-43b1-99ce-4da98068fcb8 33350101a7dd4845b584ef19ee469e98 ae5f1f2962c54b6b8cf6fb6b8ec71ac7 - 79a3b704c7d14e2b9284ad39e614b964 79a3b704c7d14e2b9284ad39e614b964] 10.0.20.27 "POST /v2.0/security-groups HTTP/1.1" status: 201  len: 1617 time: 2.0647938
2018-06-30 09:24:05.851 31252 DEBUG oslo_concurrency.lockutils [req-614e0b97-3f7b-43b1-99ce-4da98068fcb8 33350101a7dd4845b584ef19ee469e98 ae5f1f2962c54b6b8cf6fb6b8ec71ac7 - - -] Lock "event-dispatch" released by "neutron.plugins.ml2.ovo_rpc.dispatch_events" :: held 0.119s inner /usr/lib/python2.7/site-packages/oslo_concurrency/lockutils.py:282
2018-06-30 09:24:12.818 31252 DEBUG neutron.wsgi [-] (31252) accepted ('10.0.20.27', 46540) server /usr/lib/python2.7/site-packages/eventlet/wsgi.py:883
2018-06-30 09:24:12.822 31252 INFO neutron.wsgi [-] 10.0.20.27 "GET / HTTP/1.1" status: 200  len: 252 time: 0.0027831
2018-06-30 09:24:13.386 31252 INFO neutron.api.v2.resource [req-716c28e7-f5ea-4d4b-b8c4-6828744020cf 33350101a7dd4845b584ef19ee469e98 ae5f1f2962c54b6b8cf6fb6b8ec71ac7 - 79a3b704c7d14e2b9284ad39e614b964 79a3b704c7d14e2b9284ad39e614b964] show failed (client error): The resource could not be found.
2018-06-30 09:24:13.389 31252 INFO neutron.wsgi [req-716c28e7-f5ea-4d4b-b8c4-6828744020cf 33350101a7dd4845b584ef19ee469e98 ae5f1f2962c54b6b8cf6fb6b8ec71ac7 - 79a3b704c7d14e2b9284ad39e614b964 79a3b704c7d14e2b9284ad39e614b964] 10.0.20.27 "GET /v2.0/security-groups/tempest-SECURITY_GROUP_SAMPLE-1530343345 HTTP/1.1" status: 404  len: 360 time: 0.5619850
2018-06-30 09:24:13.643 31252 DEBUG neutron.quota.resource [req-ad187b77-a17a-48ba-b208-a6d47013d9c9 33350101a7dd4845b584ef19ee469e98 ae5f1f2962c54b6b8cf6fb6b8ec71ac7 - 79a3b704c7d14e2b9284ad39e614b964 79a3b704c7d14e2b9284ad39e614b964] Synchronizing usage tracker for tenant:ae5f1f2962c54b6b8cf6fb6b8ec71ac7 on resource:security_group resync /usr/lib/python2.7/site-packages/neutron/quota/resource.py:245
2018-06-30 09:24:13.691 31252 DEBUG neutron.quota.resource [req-ad187b77-a17a-48ba-b208-a6d47013d9c9 33350101a7dd4845b584ef19ee469e98 ae5f1f2962c54b6b8cf6fb6b8ec71ac7 - 79a3b704c7d14e2b9284ad39e614b964 79a3b704c7d14e2b9284ad39e614b964] Unset dirty status for tenant:ae5f1f2962c54b6b8cf6fb6b8ec71ac7 on resource:security_group _resync /usr/lib/python2.7/site-packages/neutron/quota/resource.py:237
2018-06-30 09:24:13.694 31252 INFO neutron.wsgi [req-ad187b77-a17a-48ba-b208-a6d47013d9c9 33350101a7dd4845b584ef19ee469e98 ae5f1f2962c54b6b8cf6fb6b8ec71ac7 - 79a3b704c7d14e2b9284ad39e614b964 79a3b704c7d14e2b9284ad39e614b964] 10.0.20.27 "GET /v2.0/security-groups HTTP/1.1" status: 200  len: 18250 time: 0.2961819
2018-06-30 09:24:13.727 31252 DEBUG neutron.api.v2.base [req-28f84e0d-103f-46fe-a979-3833e06af9e0 33350101a7dd4845b584ef19ee469e98 ae5f1f2962c54b6b8cf6fb6b8ec71ac7 - 79a3b704c7d14e2b9284ad39e614b964 79a3b704c7d14e2b9284ad39e614b964] Request body: {u'security_group_rule': {u'direction': u'ingress', u'protocol': u'tcp', u'ethertype': u'IPv4', u'port_range_max': 22, u'security_group_id': u'139aff18-16c6-4aa3-865d-57e1bc45582c', u'port_range_min': 22, u'remote_ip_prefix': u'0.0.0.0/0'}} prepare_request_body /usr/lib/python2.7/site-packages/neutron/api/v2/base.py:695
2018-06-30 09:24:13.737 31252 DEBUG neutron.db.quota.driver [req-28f84e0d-103f-46fe-a979-3833e06af9e0 33350101a7dd4845b584ef19ee469e98 ae5f1f2962c54b6b8cf6fb6b8ec71ac7 - 79a3b704c7d14e2b9284ad39e614b964 79a3b704c7d14e2b9284ad39e614b964] Resources subnetpool have unlimited quota limit. It is not required to calculate headroom  make_reservation /usr/lib/python2.7/site-packages/neutron/db/quota/driver.py:223
2018-06-30 09:24:13.746 31252 DEBUG neutron.quota.resource [req-28f84e0d-103f-46fe-a979-3833e06af9e0 33350101a7dd4845b584ef19ee469e98 ae5f1f2962c54b6b8cf6fb6b8ec71ac7 - 79a3b704c7d14e2b9284ad39e614b964 79a3b704c7d14e2b9284ad39e614b964] Usage tracker for resource:security_group_rule and tenant:ae5f1f2962c54b6b8cf6fb6b8ec71ac7 is out of sync, need to count used quota count_used /usr/lib/python2.7/site-packages/neutron/quota/resource.py:274
2018-06-30 09:24:13.762 31252 DEBUG neutron.quota.resource [req-28f84e0d-103f-46fe-a979-3833e06af9e0 33350101a7dd4845b584ef19ee469e98 ae5f1f2962c54b6b8cf6fb6b8ec71ac7 - 79a3b704c7d14e2b9284ad39e614b964 79a3b704c7d14e2b9284ad39e614b964] Quota usage for security_group_rule was recalculated. Used quota:6. count_used /usr/lib/python2.7/site-packages/neutron/quota/resource.py:293
2018-06-30 09:24:13.777 31252 DEBUG neutron.db.quota.driver [req-28f84e0d-103f-46fe-a979-3833e06af9e0 33350101a7dd4845b584ef19ee469e98 ae5f1f2962c54b6b8cf6fb6b8ec71ac7 - 79a3b704c7d14e2b9284ad39e614b964 79a3b704c7d14e2b9284ad39e614b964] Attempting to reserve 1 items for resource security_group_rule. Total usage: 6; quota limit: 100; headroom:94 make_reservation /usr/lib/python2.7/site-packages/neutron/db/quota/driver.py:255
2018-06-30 09:24:13.833 31253 DEBUG neutron_lib.callbacks.manager [req-c1ac3848-d73b-4d1a-90b4-f6d9d7299403 - - - - -] Notify callbacks ['neutron.services.segments.db._update_segment_host_mapping_for_agent-8782727758898'] for agent, after_update _notify_loop /usr/lib/python2.7/site-packages/neutron_lib/callbacks/manager.py:167
2018-06-30 09:24:13.905 31252 DEBUG neutron_lib.callbacks.manager [req-28f84e0d-103f-46fe-a979-3833e06af9e0 33350101a7dd4845b584ef19ee469e98 ae5f1f2962c54b6b8cf6fb6b8ec71ac7 - 79a3b704c7d14e2b9284ad39e614b964 79a3b704c7d14e2b9284ad39e614b964] Notify callbacks [] for security_group_rule, before_create _notify_loop /usr/lib/python2.7/site-packages/neutron_lib/callbacks/manager.py:167
2018-06-30 09:24:13.998 31252 DEBUG neutron_lib.callbacks.manager [req-28f84e0d-103f-46fe-a979-3833e06af9e0 33350101a7dd4845b584ef19ee469e98 ae5f1f2962c54b6b8cf6fb6b8ec71ac7 - 79a3b704c7d14e2b9284ad39e614b964 79a3b704c7d14e2b9284ad39e614b964] Notify callbacks [] for security_group_rule, precommit_create _notify_loop /usr/lib/python2.7/site-packages/neutron_lib/callbacks/manager.py:167
2018-06-30 09:24:14.010 31252 DEBUG neutron_lib.callbacks.manager [req-28f84e0d-103f-46fe-a979-3833e06af9e0 33350101a7dd4845b584ef19ee469e98 ae5f1f2962c54b6b8cf6fb6b8ec71ac7 - 79a3b704c7d14e2b9284ad39e614b964 79a3b704c7d14e2b9284ad39e614b964] Notify callbacks ['neutron.plugins.ml2.ovo_rpc._ObjectChangeHandler.handle_event-3759674'] for security_group_rule, after_create _notify_loop /usr/lib/python2.7/site-packages/neutron_lib/callbacks/manager.py:167
2018-06-30 09:24:14.019 31252 DEBUG oslo_concurrency.lockutils [-] Lock "event-dispatch" acquired by "neutron.plugins.ml2.ovo_rpc.dispatch_events" :: waited 0.000s inner /usr/lib/python2.7/site-packages/oslo_concurrency/lockutils.py:270
2018-06-30 09:24:14.044 31252 DEBUG neutron.api.rpc.handlers.resources_rpc [req-28f84e0d-103f-46fe-a979-3833e06af9e0 33350101a7dd4845b584ef19ee469e98 ae5f1f2962c54b6b8cf6fb6b8ec71ac7 - - -] neutron.api.rpc.handlers.resources_rpc.ResourcesPushRpcApi method push called with arguments (<neutron_lib.context.Context object at 0x7fce34c3abd0>, [SecurityGroupRule(created_at=2018-06-30T07:24:13Z,description='',direction='ingress',ethertype='IPv4',id=a3f2fde2-861c-4701-9910-350c9176319e,port_range_max=22,port_range_min=22,project_id='ae5f1f2962c54b6b8cf6fb6b8ec71ac7',protocol='tcp',remote_group_id=<?>,remote_ip_prefix=0.0.0.0/0,revision_number=0,security_group_id=139aff18-16c6-4aa3-865d-57e1bc45582c,updated_at=2018-06-30T07:24:13Z)], 'updated') {} wrapper /usr/lib/python2.7/site-packages/oslo_log/helpers.py:66
2018-06-30 09:24:14.067 31252 DEBUG oslo_concurrency.lockutils [req-28f84e0d-103f-46fe-a979-3833e06af9e0 33350101a7dd4845b584ef19ee469e98 ae5f1f2962c54b6b8cf6fb6b8ec71ac7 - - -] Lock "event-dispatch" released by "neutron.plugins.ml2.ovo_rpc.dispatch_events" :: held 0.047s inner /usr/lib/python2.7/site-packages/oslo_concurrency/lockutils.py:282
2018-06-30 09:24:14.077 31252 DEBUG neutron.quota.resource [req-28f84e0d-103f-46fe-a979-3833e06af9e0 33350101a7dd4845b584ef19ee469e98 ae5f1f2962c54b6b8cf6fb6b8ec71ac7 - 79a3b704c7d14e2b9284ad39e614b964 79a3b704c7d14e2b9284ad39e614b964] Persisted dirty status for tenant:ae5f1f2962c54b6b8cf6fb6b8ec71ac7 on resource:security_group_rule mark_dirty /usr/lib/python2.7/site-packages/neutron/quota/resource.py:207
2018-06-30 09:24:14.086 31252 DEBUG neutron_lib.callbacks.manager [req-28f84e0d-103f-46fe-a979-3833e06af9e0 33350101a7dd4845b584ef19ee469e98 ae5f1f2962c54b6b8cf6fb6b8ec71ac7 - 79a3b704c7d14e2b9284ad39e614b964 79a3b704c7d14e2b9284ad39e614b964] Notify callbacks [] for security_group_rule, before_response _notify_loop /usr/lib/python2.7/site-packages/neutron_lib/callbacks/manager.py:167
2018-06-30 09:24:14.088 31252 INFO neutron.wsgi [req-28f84e0d-103f-46fe-a979-3833e06af9e0 33350101a7dd4845b584ef19ee469e98 ae5f1f2962c54b6b8cf6fb6b8ec71ac7 - 79a3b704c7d14e2b9284ad39e614b964 79a3b704c7d14e2b9284ad39e614b964] 10.0.20.27 "POST /v2.0/security-group-rules HTTP/1.1" status: 201  len: 718 time: 0.3830600
2018-06-30 09:24:16.671 31260 DEBUG neutron_lib.callbacks.manager [req-4b473470-5db6-4783-80b2-f77d0ee6cd90 - - - - -] Notify callbacks ['neutron.services.segments.db._update_segment_host_mapping_for_agent-8782727758898'] for agent, after_update _notify_loop /usr/lib/python2.7/site-packages/neutron_lib/callbacks/manager.py:167
2018-06-30 09:24:16.690 31262 DEBUG neutron_lib.callbacks.manager [req-7faa209d-18cf-4e9c-9791-48a36b5d7705 - - - - -] Notify callbacks ['neutron.services.segments.db._update_segment_host_mapping_for_agent-8782727758898'] for agent, after_update _notify_loop /usr/lib/python2.7/site-packages/neutron_lib/callbacks/manager.py:167
2018-06-30 09:24:16.714 31256 DEBUG neutron_lib.callbacks.manager [req-7b83c891-747e-48ff-8809-67b28262c713 - - - - -] Notify callbacks ['neutron.services.segments.db._update_segment_host_mapping_for_agent-8782727758898'] for agent, after_update _notify_loop /usr/lib/python2.7/site-packages/neutron_lib/callbacks/manager.py:167
2018-06-30 09:24:21.112 31257 DEBUG neutron_lib.callbacks.manager [req-6e941e18-ce0d-4500-a34c-e8379a3bd0cd - - - - -] Notify callbacks ['neutron.services.segments.db._update_segment_host_mapping_for_agent-8782727758898'] for agent, after_update _notify_loop /usr/lib/python2.7/site-packages/neutron_lib/callbacks/manager.py:167
2018-06-30 09:24:21.930 31251 DEBUG neutron.wsgi [-] (31251) accepted ('10.0.20.27', 46590) server /usr/lib/python2.7/site-packages/eventlet/wsgi.py:883
2018-06-30 09:24:21.954 31251 INFO neutron.wsgi [-] 10.0.20.27 "GET / HTTP/1.1" status: 200  len: 252 time: 0.0163291
2018-06-30 09:24:21.966 31251 WARNING keystonemiddleware.auth_token [-] Using the in-process token cache is deprecated as of the 4.2.0 release and may be removed in the 5.0.0 release or the 'O' development cycle. The in-process cache causes inconsistent results and high memory usage. When the feature is removed the auth_token middleware will not cache tokens by default which may result in performance issues. It is recommended to use  memcache for the auth_token token cache by setting the memcached_servers option.
2018-06-30 09:24:23.848 31251 DEBUG oslo_policy._cache_handler [req-9f908a22-f60c-43bc-8db8-80b63e03493b 33350101a7dd4845b584ef19ee469e98 ae5f1f2962c54b6b8cf6fb6b8ec71ac7 - 79a3b704c7d14e2b9284ad39e614b964 79a3b704c7d14e2b9284ad39e614b964] Reloading cached file /etc/neutron/policy.json read_cached_file /usr/lib/python2.7/site-packages/oslo_policy/_cache_handler.py:40
2018-06-30 09:24:23.902 31251 DEBUG oslo_policy.policy [req-9f908a22-f60c-43bc-8db8-80b63e03493b 33350101a7dd4845b584ef19ee469e98 ae5f1f2962c54b6b8cf6fb6b8ec71ac7 - 79a3b704c7d14e2b9284ad39e614b964 79a3b704c7d14e2b9284ad39e614b964] Reloaded policy file: /etc/neutron/policy.json _load_policy_file /usr/lib/python2.7/site-packages/oslo_policy/policy.py:681
2018-06-30 09:24:24.361 31251 DEBUG oslo_policy._cache_handler [req-9f908a22-f60c-43bc-8db8-80b63e03493b 33350101a7dd4845b584ef19ee469e98 ae5f1f2962c54b6b8cf6fb6b8ec71ac7 - 79a3b704c7d14e2b9284ad39e614b964 79a3b704c7d14e2b9284ad39e614b964] Reloading cached file /etc/neutron/policy.json read_cached_file /usr/lib/python2.7/site-packages/oslo_policy/_cache_handler.py:40
2018-06-30 09:24:24.393 31251 DEBUG oslo_policy.policy [req-9f908a22-f60c-43bc-8db8-80b63e03493b 33350101a7dd4845b584ef19ee469e98 ae5f1f2962c54b6b8cf6fb6b8ec71ac7 - 79a3b704c7d14e2b9284ad39e614b964 79a3b704c7d14e2b9284ad39e614b964] Reloaded policy file: /etc/neutron/policy.json _load_policy_file /usr/lib/python2.7/site-packages/oslo_policy/policy.py:681
2018-06-30 09:24:24.720 31251 INFO neutron.wsgi [req-9f908a22-f60c-43bc-8db8-80b63e03493b 33350101a7dd4845b584ef19ee469e98 ae5f1f2962c54b6b8cf6fb6b8ec71ac7 - 79a3b704c7d14e2b9284ad39e614b964 79a3b704c7d14e2b9284ad39e614b964] 10.0.20.27 "GET /v2.0/security-groups HTTP/1.1" status: 200  len: 18753 time: 2.7592251
2018-06-30 09:24:27.455 31263 DEBUG neutron.db.agents_db [req-2776993e-97ff-49c2-bc78-d3a4be95b218 - - - - -] Agent healthcheck: found 5 active agents agent_health_check /usr/lib/python2.7/site-packages/neutron/db/agents_db.py:281
2018-06-30 09:24:34.383 31247 DEBUG neutron.wsgi [-] (31247) accepted ('10.0.20.27', 46602) server /usr/lib/python2.7/site-packages/eventlet/wsgi.py:883
2018-06-30 09:24:34.400 31247 INFO neutron.wsgi [-] 10.0.20.27 "GET / HTTP/1.1" status: 200  len: 252 time: 0.0122139
2018-06-30 09:24:34.410 31247 WARNING keystonemiddleware.auth_token [-] Using the in-process token cache is deprecated as of the 4.2.0 release and may be removed in the 5.0.0 release or the 'O' development cycle. The in-process cache causes inconsistent results and high memory usage. When the feature is removed the auth_token middleware will not cache tokens by default which may result in performance issues. It is recommended to use  memcache for the auth_token token cache by setting the memcached_servers option.
2018-06-30 09:24:36.021 31247 DEBUG oslo_policy._cache_handler [req-67f72754-295a-42d1-b624-7dad5589beec 48ab82a30a8f41a1a784b8bc09bc487a 5528f1fe5f894ddba5fb2776fb82674e - default default] Reloading cached file /etc/neutron/policy.json read_cached_file /usr/lib/python2.7/site-packages/oslo_policy/_cache_handler.py:40
2018-06-30 09:24:36.085 31247 DEBUG oslo_policy.policy [req-67f72754-295a-42d1-b624-7dad5589beec 48ab82a30a8f41a1a784b8bc09bc487a 5528f1fe5f894ddba5fb2776fb82674e - default default] Reloaded policy file: /etc/neutron/policy.json _load_policy_file /usr/lib/python2.7/site-packages/oslo_policy/policy.py:681
2018-06-30 09:24:36.769 31247 INFO neutron.pecan_wsgi.hooks.translation [req-67f72754-295a-42d1-b624-7dad5589beec 48ab82a30a8f41a1a784b8bc09bc487a 5528f1fe5f894ddba5fb2776fb82674e - default default] GET failed (client error): The resource could not be found.
2018-06-30 09:24:36.771 31247 INFO neutron.wsgi [req-67f72754-295a-42d1-b624-7dad5589beec 48ab82a30a8f41a1a784b8bc09bc487a 5528f1fe5f894ddba5fb2776fb82674e - default default] 10.0.20.27 "GET /v2.0/networks/public HTTP/1.1" status: 404  len: 314 time: 2.3644998
2018-06-30 09:24:37.511 31247 DEBUG oslo_policy._cache_handler [req-4ab80e67-c547-46bf-8fcb-7b3a9402bc8f 48ab82a30a8f41a1a784b8bc09bc487a 5528f1fe5f894ddba5fb2776fb82674e - default default] Reloading cached file /etc/neutron/policy.json read_cached_file /usr/lib/python2.7/site-packages/oslo_policy/_cache_handler.py:40
2018-06-30 09:24:37.539 31247 DEBUG oslo_policy.policy [req-4ab80e67-c547-46bf-8fcb-7b3a9402bc8f 48ab82a30a8f41a1a784b8bc09bc487a 5528f1fe5f894ddba5fb2776fb82674e - default default] Reloaded policy file: /etc/neutron/policy.json _load_policy_file /usr/lib/python2.7/site-packages/oslo_policy/policy.py:681
2018-06-30 09:24:37.546 31247 DEBUG neutron.pecan_wsgi.hooks.policy_enforcement [req-4ab80e67-c547-46bf-8fcb-7b3a9402bc8f 48ab82a30a8f41a1a784b8bc09bc487a 5528f1fe5f894ddba5fb2776fb82674e - default default] Attributes excluded by policy engine: [u'vlan_transparent'] _exclude_attributes_by_policy /usr/lib/python2.7/site-packages/neutron/pecan_wsgi/hooks/policy_enforcement.py:256
2018-06-30 09:24:37.547 31247 DEBUG neutron.pecan_wsgi.hooks.policy_enforcement [req-4ab80e67-c547-46bf-8fcb-7b3a9402bc8f 48ab82a30a8f41a1a784b8bc09bc487a 5528f1fe5f894ddba5fb2776fb82674e - default default] Attributes excluded by policy engine: [u'vlan_transparent'] _exclude_attributes_by_policy /usr/lib/python2.7/site-packages/neutron/pecan_wsgi/hooks/policy_enforcement.py:256
2018-06-30 09:24:37.551 31247 INFO neutron.wsgi [req-4ab80e67-c547-46bf-8fcb-7b3a9402bc8f 48ab82a30a8f41a1a784b8bc09bc487a 5528f1fe5f894ddba5fb2776fb82674e - default default] 10.0.20.27 "GET /v2.0/networks HTTP/1.1" status: 200  len: 1542 time: 0.7728732
2018-06-30 09:24:43.818 31254 DEBUG neutron_lib.callbacks.manager [req-d4bd518f-91ec-4b24-bd87-c69a83391b52 - - - - -] Notify callbacks ['neutron.services.segments.db._update_segment_host_mapping_for_agent-8782727758898'] for agent, after_update _notify_loop /usr/lib/python2.7/site-packages/neutron_lib/callbacks/manager.py:167
2018-06-30 09:24:44.881 31246 DEBUG neutron.wsgi [-] (31246) accepted ('10.0.20.27', 46616) server /usr/lib/python2.7/site-packages/eventlet/wsgi.py:883
2018-06-30 09:24:44.905 31246 INFO neutron.wsgi [-] 10.0.20.27 "GET / HTTP/1.1" status: 200  len: 252 time: 0.0177979
2018-06-30 09:24:44.918 31246 WARNING keystonemiddleware.auth_token [-] Using the in-process token cache is deprecated as of the 4.2.0 release and may be removed in the 5.0.0 release or the 'O' development cycle. The in-process cache causes inconsistent results and high memory usage. When the feature is removed the auth_token middleware will not cache tokens by default which may result in performance issues. It is recommended to use  memcache for the auth_token token cache by setting the memcached_servers option.
2018-06-30 09:24:46.639 31246 DEBUG oslo_policy._cache_handler [req-a36c1a55-cc93-4ab7-808a-e307530842d4 33350101a7dd4845b584ef19ee469e98 ae5f1f2962c54b6b8cf6fb6b8ec71ac7 - 79a3b704c7d14e2b9284ad39e614b964 79a3b704c7d14e2b9284ad39e614b964] Reloading cached file /etc/neutron/policy.json read_cached_file /usr/lib/python2.7/site-packages/oslo_policy/_cache_handler.py:40
2018-06-30 09:24:46.666 31258 DEBUG neutron_lib.callbacks.manager [req-4b473470-5db6-4783-80b2-f77d0ee6cd90 - - - - -] Notify callbacks ['neutron.services.segments.db._update_segment_host_mapping_for_agent-8782727758898'] for agent, after_update _notify_loop /usr/lib/python2.7/site-packages/neutron_lib/callbacks/manager.py:167
2018-06-30 09:24:46.692 31246 DEBUG oslo_policy.policy [req-a36c1a55-cc93-4ab7-808a-e307530842d4 33350101a7dd4845b584ef19ee469e98 ae5f1f2962c54b6b8cf6fb6b8ec71ac7 - 79a3b704c7d14e2b9284ad39e614b964 79a3b704c7d14e2b9284ad39e614b964] Reloaded policy file: /etc/neutron/policy.json _load_policy_file /usr/lib/python2.7/site-packages/oslo_policy/policy.py:681
2018-06-30 09:24:46.692 31259 DEBUG neutron_lib.callbacks.manager [req-88517fb6-7249-4085-b8d4-67d70d83d545 - - - - -] Notify callbacks ['neutron.services.segments.db._update_segment_host_mapping_for_agent-8782727758898'] for agent, after_update _notify_loop /usr/lib/python2.7/site-packages/neutron_lib/callbacks/manager.py:167
2018-06-30 09:24:46.704 31255 DEBUG neutron_lib.callbacks.manager [req-7b83c891-747e-48ff-8809-67b28262c713 - - - - -] Notify callbacks ['neutron.services.segments.db._update_segment_host_mapping_for_agent-8782727758898'] for agent, after_update _notify_loop /usr/lib/python2.7/site-packages/neutron_lib/callbacks/manager.py:167
2018-06-30 09:24:47.239 31246 DEBUG neutron.api.v2.base [req-a36c1a55-cc93-4ab7-808a-e307530842d4 33350101a7dd4845b584ef19ee469e98 ae5f1f2962c54b6b8cf6fb6b8ec71ac7 - 79a3b704c7d14e2b9284ad39e614b964 79a3b704c7d14e2b9284ad39e614b964] Request body: {u'network': {u'name': u'tempest-private-1530343345', u'admin_state_up': True}} prepare_request_body /usr/lib/python2.7/site-packages/neutron/api/v2/base.py:695
2018-06-30 09:24:47.244 31246 INFO neutron.quota [req-a36c1a55-cc93-4ab7-808a-e307530842d4 33350101a7dd4845b584ef19ee469e98 ae5f1f2962c54b6b8cf6fb6b8ec71ac7 - 79a3b704c7d14e2b9284ad39e614b964 79a3b704c7d14e2b9284ad39e614b964] Loaded quota_driver: <neutron.db.quota.driver.DbQuotaDriver object at 0x7fce352f4790>.
2018-06-30 09:24:47.363 31246 DEBUG neutron.db.quota.driver [req-a36c1a55-cc93-4ab7-808a-e307530842d4 33350101a7dd4845b584ef19ee469e98 ae5f1f2962c54b6b8cf6fb6b8ec71ac7 - 79a3b704c7d14e2b9284ad39e614b964 79a3b704c7d14e2b9284ad39e614b964] Resources subnetpool have unlimited quota limit. It is not required to calculate headroom  make_reservation /usr/lib/python2.7/site-packages/neutron/db/quota/driver.py:223
2018-06-30 09:24:47.379 31246 DEBUG neutron.quota.resource [req-a36c1a55-cc93-4ab7-808a-e307530842d4 33350101a7dd4845b584ef19ee469e98 ae5f1f2962c54b6b8cf6fb6b8ec71ac7 - 79a3b704c7d14e2b9284ad39e614b964 79a3b704c7d14e2b9284ad39e614b964] Usage tracker for resource:network and tenant:ae5f1f2962c54b6b8cf6fb6b8ec71ac7 is out of sync, need to count used quota count_used /usr/lib/python2.7/site-packages/neutron/quota/resource.py:274
2018-06-30 09:24:47.397 31246 DEBUG neutron.quota.resource [req-a36c1a55-cc93-4ab7-808a-e307530842d4 33350101a7dd4845b584ef19ee469e98 ae5f1f2962c54b6b8cf6fb6b8ec71ac7 - 79a3b704c7d14e2b9284ad39e614b964 79a3b704c7d14e2b9284ad39e614b964] Quota usage for network was recalculated. Used quota:0. count_used /usr/lib/python2.7/site-packages/neutron/quota/resource.py:293
2018-06-30 09:24:47.420 31246 DEBUG neutron.db.quota.driver [req-a36c1a55-cc93-4ab7-808a-e307530842d4 33350101a7dd4845b584ef19ee469e98 ae5f1f2962c54b6b8cf6fb6b8ec71ac7 - 79a3b704c7d14e2b9284ad39e614b964 79a3b704c7d14e2b9284ad39e614b964] Attempting to reserve 1 items for resource network. Total usage: 0; quota limit: 100; headroom:100 make_reservation /usr/lib/python2.7/site-packages/neutron/db/quota/driver.py:255
2018-06-30 09:24:47.473 31246 DEBUG neutron.pecan_wsgi.hooks.quota_enforcement [req-a36c1a55-cc93-4ab7-808a-e307530842d4 33350101a7dd4845b584ef19ee469e98 ae5f1f2962c54b6b8cf6fb6b8ec71ac7 - 79a3b704c7d14e2b9284ad39e614b964 79a3b704c7d14e2b9284ad39e614b964] Made reservation on behalf of ae5f1f2962c54b6b8cf6fb6b8ec71ac7 for: {'network': 1} before /usr/lib/python2.7/site-packages/neutron/pecan_wsgi/hooks/quota_enforcement.py:55
2018-06-30 09:24:47.547 31246 DEBUG oslo_policy._cache_handler [req-a36c1a55-cc93-4ab7-808a-e307530842d4 33350101a7dd4845b584ef19ee469e98 ae5f1f2962c54b6b8cf6fb6b8ec71ac7 - 79a3b704c7d14e2b9284ad39e614b964 79a3b704c7d14e2b9284ad39e614b964] Reloading cached file /etc/neutron/policy.json read_cached_file /usr/lib/python2.7/site-packages/oslo_policy/_cache_handler.py:40
2018-06-30 09:24:47.583 31246 DEBUG oslo_policy.policy [req-a36c1a55-cc93-4ab7-808a-e307530842d4 33350101a7dd4845b584ef19ee469e98 ae5f1f2962c54b6b8cf6fb6b8ec71ac7 - 79a3b704c7d14e2b9284ad39e614b964 79a3b704c7d14e2b9284ad39e614b964] Reloaded policy file: /etc/neutron/policy.json _load_policy_file /usr/lib/python2.7/site-packages/oslo_policy/policy.py:681
2018-06-30 09:24:47.595 31246 DEBUG neutron_lib.callbacks.manager [req-a36c1a55-cc93-4ab7-808a-e307530842d4 33350101a7dd4845b584ef19ee469e98 ae5f1f2962c54b6b8cf6fb6b8ec71ac7 - 79a3b704c7d14e2b9284ad39e614b964 79a3b704c7d14e2b9284ad39e614b964] Notify callbacks ['neutron.plugins.ml2.plugin.Ml2Plugin._ensure_default_security_group_handler--9223372036854009248'] for network, before_create _notify_loop /usr/lib/python2.7/site-packages/neutron_lib/callbacks/manager.py:167
2018-06-30 09:24:47.710 31246 DEBUG neutron.plugins.ml2.drivers.helpers [req-a36c1a55-cc93-4ab7-808a-e307530842d4 33350101a7dd4845b584ef19ee469e98 ae5f1f2962c54b6b8cf6fb6b8ec71ac7 - 79a3b704c7d14e2b9284ad39e614b964 79a3b704c7d14e2b9284ad39e614b964] vxlan segment allocate from pool started with {'vxlan_vni': 91}  allocate_partially_specified_segment /usr/lib/python2.7/site-packages/neutron/plugins/ml2/drivers/helpers.py:157
2018-06-30 09:24:47.718 31246 DEBUG neutron.plugins.ml2.drivers.helpers [req-a36c1a55-cc93-4ab7-808a-e307530842d4 33350101a7dd4845b584ef19ee469e98 ae5f1f2962c54b6b8cf6fb6b8ec71ac7 - 79a3b704c7d14e2b9284ad39e614b964 79a3b704c7d14e2b9284ad39e614b964] vxlan segment allocate from pool success with {'vxlan_vni': 91}  allocate_partially_specified_segment /usr/lib/python2.7/site-packages/neutron/plugins/ml2/drivers/helpers.py:165
2018-06-30 09:24:47.754 31246 DEBUG neutron_lib.callbacks.manager [req-a36c1a55-cc93-4ab7-808a-e307530842d4 33350101a7dd4845b584ef19ee469e98 ae5f1f2962c54b6b8cf6fb6b8ec71ac7 - 79a3b704c7d14e2b9284ad39e614b964 79a3b704c7d14e2b9284ad39e614b964] Notify callbacks ['neutron.services.segments.db._add_segment_host_mapping_for_segment--9223363254127016903', 'neutron.plugins.ml2.plugin.Ml2Plugin._handle_segment_change--9223372036851182684'] for segment, precommit_create _notify_loop /usr/lib/python2.7/site-packages/neutron_lib/callbacks/manager.py:167
2018-06-30 09:24:47.756 31246 INFO neutron.db.segments_db [req-a36c1a55-cc93-4ab7-808a-e307530842d4 33350101a7dd4845b584ef19ee469e98 ae5f1f2962c54b6b8cf6fb6b8ec71ac7 - 79a3b704c7d14e2b9284ad39e614b964 79a3b704c7d14e2b9284ad39e614b964] Added segment 96284382-fbc8-4e75-9d3d-f0a66a718cc5 of type vxlan for network 7107c75c-a3bf-4a71-ac96-77891cbe2554
2018-06-30 09:24:48.259 31246 DEBUG neutron_lib.callbacks.manager [req-a36c1a55-cc93-4ab7-808a-e307530842d4 33350101a7dd4845b584ef19ee469e98 ae5f1f2962c54b6b8cf6fb6b8ec71ac7 - 79a3b704c7d14e2b9284ad39e614b964 79a3b704c7d14e2b9284ad39e614b964] Notify callbacks ['neutron.services.auto_allocate.db._ensure_external_network_default_value_callback-8782727346994'] for network, precommit_create _notify_loop /usr/lib/python2.7/site-packages/neutron_lib/callbacks/manager.py:167
2018-06-30 09:24:48.347 31246 DEBUG neutron_lib.callbacks.manager [req-a36c1a55-cc93-4ab7-808a-e307530842d4 33350101a7dd4845b584ef19ee469e98 ae5f1f2962c54b6b8cf6fb6b8ec71ac7 - 79a3b704c7d14e2b9284ad39e614b964 79a3b704c7d14e2b9284ad39e614b964] Notify callbacks ['neutron.plugins.ml2.ovo_rpc._ObjectChangeHandler.handle_event-3759690', 'neutron.api.rpc.agentnotifiers.dhcp_rpc_agent_api.DhcpAgentNotifyAPI._native_event_send_dhcp_notification-3914515'] for network, after_create _notify_loop /usr/lib/python2.7/site-packages/neutron_lib/callbacks/manager.py:167
2018-06-30 09:24:48.350 31246 DEBUG neutron.pecan_wsgi.hooks.policy_enforcement [req-a36c1a55-cc93-4ab7-808a-e307530842d4 33350101a7dd4845b584ef19ee469e98 ae5f1f2962c54b6b8cf6fb6b8ec71ac7 - 79a3b704c7d14e2b9284ad39e614b964 79a3b704c7d14e2b9284ad39e614b964] Attributes excluded by policy engine: [u'vlan_transparent'] _exclude_attributes_by_policy /usr/lib/python2.7/site-packages/neutron/pecan_wsgi/hooks/policy_enforcement.py:256
2018-06-30 09:24:48.352 31246 DEBUG neutron_lib.callbacks.manager [req-a36c1a55-cc93-4ab7-808a-e307530842d4 33350101a7dd4845b584ef19ee469e98 ae5f1f2962c54b6b8cf6fb6b8ec71ac7 - 79a3b704c7d14e2b9284ad39e614b964 79a3b704c7d14e2b9284ad39e614b964] Notify callbacks ['neutron.api.rpc.agentnotifiers.dhcp_rpc_agent_api.DhcpAgentNotifyAPI._send_dhcp_notification-3914496'] for network, before_response _notify_loop /usr/lib/python2.7/site-packages/neutron_lib/callbacks/manager.py:167
2018-06-30 09:24:48.355 31246 DEBUG oslo_concurrency.lockutils [-] Lock "event-dispatch" acquired by "neutron.plugins.ml2.ovo_rpc.dispatch_events" :: waited 0.000s inner /usr/lib/python2.7/site-packages/oslo_concurrency/lockutils.py:270
2018-06-30 09:24:48.593 31246 DEBUG neutron.quota.resource [req-a36c1a55-cc93-4ab7-808a-e307530842d4 33350101a7dd4845b584ef19ee469e98 ae5f1f2962c54b6b8cf6fb6b8ec71ac7 - 79a3b704c7d14e2b9284ad39e614b964 79a3b704c7d14e2b9284ad39e614b964] Persisted dirty status for tenant:ae5f1f2962c54b6b8cf6fb6b8ec71ac7 on resource:network mark_dirty /usr/lib/python2.7/site-packages/neutron/quota/resource.py:207
2018-06-30 09:24:48.602 31246 INFO neutron.wsgi [req-a36c1a55-cc93-4ab7-808a-e307530842d4 33350101a7dd4845b584ef19ee469e98 ae5f1f2962c54b6b8cf6fb6b8ec71ac7 - 79a3b704c7d14e2b9284ad39e614b964 79a3b704c7d14e2b9284ad39e614b964] 10.0.20.27 "POST /v2.0/networks HTTP/1.1" status: 201  len: 862 time: 3.6922679
2018-06-30 09:24:48.609 31246 DEBUG neutron.api.rpc.handlers.resources_rpc [req-a36c1a55-cc93-4ab7-808a-e307530842d4 33350101a7dd4845b584ef19ee469e98 ae5f1f2962c54b6b8cf6fb6b8ec71ac7 - - -] neutron.api.rpc.handlers.resources_rpc.ResourcesPushRpcApi method push called with arguments (<neutron_lib.context.Context object at 0x7fce35128790>, [Network(admin_state_up=True,availability_zone_hints=[],created_at=2018-06-30T07:24:47Z,description='',dns_domain=None,id=7107c75c-a3bf-4a71-ac96-77891cbe2554,mtu=1450,name='tempest-private-1530343345',project_id='ae5f1f2962c54b6b8cf6fb6b8ec71ac7',qos_policy_id=None,revision_number=2,security=NetworkPortSecurity(7107c75c-a3bf-4a71-ac96-77891cbe2554),segments=[NetworkSegment(96284382-fbc8-4e75-9d3d-f0a66a718cc5)],shared=False,status='ACTIVE',updated_at=2018-06-30T07:24:48Z,vlan_transparent=<?>)], 'updated') {} wrapper /usr/lib/python2.7/site-packages/oslo_log/helpers.py:66
