2018-06-28 16:15:10.602 23325 INFO neutron.wsgi [req-dbfc2091-9bb1-4da1-b705-ca9d64dc6b27 59f963f90a0940d0a0321d158c75bc86 6ce4dd91709c441d9f1b40034ea03af4 - default default] 10.0.20.21 "GET /v2.0/networks?id=1620f0ae-49d9-4b3a-9071-0c34f5288fbb HTTP/1.1" status: 200  len: 885 time: 0.1724319
2018-06-28 16:15:10.643 23325 INFO neutron.wsgi [req-5ac4d3c8-2929-4cde-ae6d-4da3da18e94a 59f963f90a0940d0a0321d158c75bc86 6ce4dd91709c441d9f1b40034ea03af4 - default default] 10.0.20.21 "GET /v2.0/floatingips?fixed_ip_address=11.172.1.3&port_id=fd4ac072-5414-44d9-9783-d3429cda3d57 HTTP/1.1" status: 200  len: 751 time: 0.0354972
2018-06-28 16:15:10.751 23325 DEBUG neutron.pecan_wsgi.hooks.policy_enforcement [req-b63971d3-2aee-4617-80fb-840a0eb29f7a 59f963f90a0940d0a0321d158c75bc86 6ce4dd91709c441d9f1b40034ea03af4 - default default] Attributes excluded by policy engine: [u'shared'] _exclude_attributes_by_policy /usr/lib/python2.7/site-packages/neutron/pecan_wsgi/hooks/policy_enforcement.py:256
2018-06-28 16:15:10.759 23325 INFO neutron.wsgi [req-b63971d3-2aee-4617-80fb-840a0eb29f7a 59f963f90a0940d0a0321d158c75bc86 6ce4dd91709c441d9f1b40034ea03af4 - default default] 10.0.20.21 "GET /v2.0/subnets?id=dd57e2e4-d466-494d-bb15-746996a69a52 HTTP/1.1" status: 200  len: 847 time: 0.1100869
2018-06-28 16:15:10.878 23325 INFO neutron.wsgi [req-2a30713e-2f49-4111-b577-6b1dd4b46d0e 59f963f90a0940d0a0321d158c75bc86 6ce4dd91709c441d9f1b40034ea03af4 - default default] 10.0.20.21 "GET /v2.0/ports?network_id=1620f0ae-49d9-4b3a-9071-0c34f5288fbb&device_owner=network%3Adhcp HTTP/1.1" status: 200  len: 1128 time: 0.1126130
2018-06-28 16:15:13.617 23337 DEBUG neutron.db.agents_db [req-02e02427-9601-432c-a1fe-ecf6bed9a420 - - - - -] Agent healthcheck: found 5 active agents agent_health_check /usr/lib/python2.7/site-packages/neutron/db/agents_db.py:281
2018-06-28 16:15:18.441 23331 DEBUG neutron_lib.callbacks.manager [req-925d29a6-dc94-4ac6-8f8c-8b633a13ea3e - - - - -] Notify callbacks ['neutron.services.segments.db._update_segment_host_mapping_for_agent-8751629156402'] for agent, after_update _notify_loop /usr/lib/python2.7/site-packages/neutron_lib/callbacks/manager.py:167
2018-06-28 16:15:19.842 23332 DEBUG neutron_lib.callbacks.manager [req-253f1db1-e0a3-4684-8c88-0d681ab444d6 - - - - -] Notify callbacks ['neutron.services.segments.db._update_segment_host_mapping_for_agent-8751629156402'] for agent, after_update _notify_loop /usr/lib/python2.7/site-packages/neutron_lib/callbacks/manager.py:167
2018-06-28 16:15:20.064 23334 DEBUG neutron_lib.callbacks.manager [req-e686484e-3090-445d-acd8-bae105b7e8ce - - - - -] Notify callbacks ['neutron.services.segments.db._update_segment_host_mapping_for_agent-8751629156402'] for agent, after_update _notify_loop /usr/lib/python2.7/site-packages/neutron_lib/callbacks/manager.py:167
2018-06-28 16:15:20.414 23322 INFO neutron.wsgi [req-2d4165fa-b1db-4d27-837f-d0c171430a80 eea73ea496b549d08420cdfa9ba618ef 48770901fea4429fb0b7fe7c0de1f63a - c86548d3a26d460abc4d71f430d43021 c86548d3a26d460abc4d71f430d43021] 10.0.20.21 "GET /v2.0/ports?device_id=888ffcff-b49b-48ca-b12b-738b6564ff88 HTTP/1.1" status: 200  len: 1124 time: 0.5594819
2018-06-28 16:15:20.531 23322 INFO neutron.wsgi [req-08865512-af1c-4c72-9376-b5caad2b6c07 eea73ea496b549d08420cdfa9ba618ef 48770901fea4429fb0b7fe7c0de1f63a - c86548d3a26d460abc4d71f430d43021 c86548d3a26d460abc4d71f430d43021] 10.0.20.21 "GET /v2.0/security-groups?id=0c59fd45-1448-443a-9ad7-505bf543cb2f HTTP/1.1" status: 200  len: 2118 time: 0.1108038
2018-06-28 16:15:20.618 23336 DEBUG neutron_lib.callbacks.manager [req-14bd937d-98cb-4247-80d9-e682e0a9cc1c - - - - -] Notify callbacks ['neutron.services.segments.db._update_segment_host_mapping_for_agent-8751629156402'] for agent, after_update _notify_loop /usr/lib/python2.7/site-packages/neutron_lib/callbacks/manager.py:167
2018-06-28 16:15:22.324 23329 DEBUG neutron_lib.callbacks.manager [req-951f2a5e-9fb2-48fb-a0b7-091d53ab018f - - - - -] Notify callbacks ['neutron.services.segments.db._update_segment_host_mapping_for_agent-8751629156402'] for agent, after_update _notify_loop /usr/lib/python2.7/site-packages/neutron_lib/callbacks/manager.py:167
2018-06-28 16:15:31.933 23317 INFO neutron.wsgi [req-1eadf908-d75c-4abe-89b5-f383f6399832 eea73ea496b549d08420cdfa9ba618ef 48770901fea4429fb0b7fe7c0de1f63a - c86548d3a26d460abc4d71f430d43021 c86548d3a26d460abc4d71f430d43021] 10.0.20.21 "GET /v2.0/ports?device_id=888ffcff-b49b-48ca-b12b-738b6564ff88 HTTP/1.1" status: 200  len: 1124 time: 1.0309420
2018-06-28 16:15:32.051 23317 INFO neutron.wsgi [req-e1de00a6-60b9-4966-95ec-8d65b735b09c eea73ea496b549d08420cdfa9ba618ef 48770901fea4429fb0b7fe7c0de1f63a - c86548d3a26d460abc4d71f430d43021 c86548d3a26d460abc4d71f430d43021] 10.0.20.21 "GET /v2.0/security-groups?id=0c59fd45-1448-443a-9ad7-505bf543cb2f HTTP/1.1" status: 200  len: 2118 time: 0.1120110
2018-06-28 16:15:45.114 23314 INFO neutron.wsgi [req-d053cbb9-c8e9-4233-b686-151e7a5083a1 eea73ea496b549d08420cdfa9ba618ef 48770901fea4429fb0b7fe7c0de1f63a - c86548d3a26d460abc4d71f430d43021 c86548d3a26d460abc4d71f430d43021] 10.0.20.21 "GET /v2.0/ports?device_id=888ffcff-b49b-48ca-b12b-738b6564ff88 HTTP/1.1" status: 200  len: 1124 time: 1.1761119
2018-06-28 16:15:45.271 23314 INFO neutron.wsgi [req-3c8405cd-ac02-43c3-8736-241d2632b116 eea73ea496b549d08420cdfa9ba618ef 48770901fea4429fb0b7fe7c0de1f63a - c86548d3a26d460abc4d71f430d43021 c86548d3a26d460abc4d71f430d43021] 10.0.20.21 "GET /v2.0/security-groups?id=0c59fd45-1448-443a-9ad7-505bf543cb2f HTTP/1.1" status: 200  len: 2118 time: 0.1506782
2018-06-28 16:15:48.375 23328 DEBUG neutron_lib.callbacks.manager [req-925d29a6-dc94-4ac6-8f8c-8b633a13ea3e - - - - -] Notify callbacks ['neutron.services.segments.db._update_segment_host_mapping_for_agent-8751629156402'] for agent, after_update _notify_loop /usr/lib/python2.7/site-packages/neutron_lib/callbacks/manager.py:167
2018-06-28 16:15:49.828 23326 DEBUG neutron_lib.callbacks.manager [req-253f1db1-e0a3-4684-8c88-0d681ab444d6 - - - - -] Notify callbacks ['neutron.services.segments.db._update_segment_host_mapping_for_agent-8751629156402'] for agent, after_update _notify_loop /usr/lib/python2.7/site-packages/neutron_lib/callbacks/manager.py:167
2018-06-28 16:15:50.052 23330 DEBUG neutron_lib.callbacks.manager [req-c9c76ef3-86ca-4ee1-b081-3e76cf57b965 - - - - -] Notify callbacks ['neutron.services.segments.db._update_segment_host_mapping_for_agent-8751629156402'] for agent, after_update _notify_loop /usr/lib/python2.7/site-packages/neutron_lib/callbacks/manager.py:167
2018-06-28 16:15:50.609 23335 DEBUG neutron_lib.callbacks.manager [req-14bd937d-98cb-4247-80d9-e682e0a9cc1c - - - - -] Notify callbacks ['neutron.services.segments.db._update_segment_host_mapping_for_agent-8751629156402'] for agent, after_update _notify_loop /usr/lib/python2.7/site-packages/neutron_lib/callbacks/manager.py:167
2018-06-28 16:15:50.619 23337 DEBUG neutron.db.agents_db [req-02e02427-9601-432c-a1fe-ecf6bed9a420 - - - - -] Agent healthcheck: found 5 active agents agent_health_check /usr/lib/python2.7/site-packages/neutron/db/agents_db.py:281
2018-06-28 16:15:52.338 23331 DEBUG neutron_lib.callbacks.manager [req-3316268d-3e39-41dc-8a2c-2b971b8bfa32 - - - - -] Notify callbacks ['neutron.services.segments.db._update_segment_host_mapping_for_agent-8751629156402'] for agent, after_update _notify_loop /usr/lib/python2.7/site-packages/neutron_lib/callbacks/manager.py:167
2018-06-28 16:15:55.835 23318 INFO neutron.wsgi [req-61375486-cbc3-4362-aed1-a5cbe3fdaa04 eea73ea496b549d08420cdfa9ba618ef 48770901fea4429fb0b7fe7c0de1f63a - c86548d3a26d460abc4d71f430d43021 c86548d3a26d460abc4d71f430d43021] 10.0.20.21 "GET /v2.0/ports?device_id=888ffcff-b49b-48ca-b12b-738b6564ff88 HTTP/1.1" status: 200  len: 1124 time: 0.4295990
2018-06-28 16:15:55.959 23318 INFO neutron.wsgi [req-5421ab40-d552-40a9-b3b6-5722487adf94 eea73ea496b549d08420cdfa9ba618ef 48770901fea4429fb0b7fe7c0de1f63a - c86548d3a26d460abc4d71f430d43021 c86548d3a26d460abc4d71f430d43021] 10.0.20.21 "GET /v2.0/security-groups?id=0c59fd45-1448-443a-9ad7-505bf543cb2f HTTP/1.1" status: 200  len: 2118 time: 0.1187232
2018-06-28 16:15:57.037 23325 INFO neutron.wsgi [req-a29db32a-58cb-40b1-94a2-9634ab63f00f 59f963f90a0940d0a0321d158c75bc86 6ce4dd91709c441d9f1b40034ea03af4 - default default] 10.0.20.21 "GET /v2.0/ports?tenant_id=48770901fea4429fb0b7fe7c0de1f63a&device_id=888ffcff-b49b-48ca-b12b-738b6564ff88 HTTP/1.1" status: 200  len: 1124 time: 0.4808190
2018-06-28 16:15:57.299 23325 DEBUG neutron.pecan_wsgi.hooks.policy_enforcement [req-934b7b64-c509-4726-b37e-24a94f0928b3 59f963f90a0940d0a0321d158c75bc86 6ce4dd91709c441d9f1b40034ea03af4 - default default] Attributes excluded by policy engine: [u'vlan_transparent'] _exclude_attributes_by_policy /usr/lib/python2.7/site-packages/neutron/pecan_wsgi/hooks/policy_enforcement.py:256
2018-06-28 16:15:57.301 23325 INFO neutron.wsgi [req-934b7b64-c509-4726-b37e-24a94f0928b3 59f963f90a0940d0a0321d158c75bc86 6ce4dd91709c441d9f1b40034ea03af4 - default default] 10.0.20.21 "GET /v2.0/networks?id=1620f0ae-49d9-4b3a-9071-0c34f5288fbb HTTP/1.1" status: 200  len: 885 time: 0.2582901
2018-06-28 16:15:57.354 23325 INFO neutron.wsgi [req-5f853db7-2dc4-4f17-8be4-742fab4a4d65 59f963f90a0940d0a0321d158c75bc86 6ce4dd91709c441d9f1b40034ea03af4 - default default] 10.0.20.21 "GET /v2.0/floatingips?fixed_ip_address=11.172.1.3&port_id=fd4ac072-5414-44d9-9783-d3429cda3d57 HTTP/1.1" status: 200  len: 751 time: 0.0438960
2018-06-28 16:15:57.468 23325 DEBUG neutron.pecan_wsgi.hooks.policy_enforcement [req-d42eed83-fcd6-4447-b4a2-3ed5758e9211 59f963f90a0940d0a0321d158c75bc86 6ce4dd91709c441d9f1b40034ea03af4 - default default] Attributes excluded by policy engine: [u'shared'] _exclude_attributes_by_policy /usr/lib/python2.7/site-packages/neutron/pecan_wsgi/hooks/policy_enforcement.py:256
2018-06-28 16:15:57.470 23325 INFO neutron.wsgi [req-d42eed83-fcd6-4447-b4a2-3ed5758e9211 59f963f90a0940d0a0321d158c75bc86 6ce4dd91709c441d9f1b40034ea03af4 - default default] 10.0.20.21 "GET /v2.0/subnets?id=dd57e2e4-d466-494d-bb15-746996a69a52 HTTP/1.1" status: 200  len: 847 time: 0.1117029
2018-06-28 16:15:57.579 23325 INFO neutron.wsgi [req-b7921449-5d48-4e39-91d8-e5bbf18c1133 59f963f90a0940d0a0321d158c75bc86 6ce4dd91709c441d9f1b40034ea03af4 - default default] 10.0.20.21 "GET /v2.0/ports?network_id=1620f0ae-49d9-4b3a-9071-0c34f5288fbb&device_owner=network%3Adhcp HTTP/1.1" status: 200  len: 1128 time: 0.1038229
2018-06-28 16:16:00.697 23330 DEBUG neutron.plugins.ml2.rpc [req-253f1db1-e0a3-4684-8c88-0d681ab444d6 - - - - -] Device fd4ac072-5414-44d9-9783-d3429cda3d57 no longer exists at agent ovs-agent-localhost.localdomain update_device_down /usr/lib/python2.7/site-packages/neutron/plugins/ml2/rpc.py:213
2018-06-28 16:16:00.845 23330 DEBUG neutron_lib.callbacks.manager [req-253f1db1-e0a3-4684-8c88-0d681ab444d6 - - - - -] Notify callbacks ['neutron.plugins.ml2.plugin.Ml2Plugin._ensure_default_security_group_handler--9223372036853875116'] for port, before_update _notify_loop /usr/lib/python2.7/site-packages/neutron_lib/callbacks/manager.py:167
2018-06-28 16:16:00.901 23330 DEBUG oslo_concurrency.lockutils [-] Lock "notifier-f41db561-3172-467b-942a-91424b722979" acquired by "neutron.notifiers.batch_notifier.synced_send" :: waited 0.000s inner /usr/lib/python2.7/site-packages/oslo_concurrency/lockutils.py:270
2018-06-28 16:16:00.903 23330 DEBUG neutron.notifiers.nova [-] Sending events: [{'status': 'completed', 'tag': u'fd4ac072-5414-44d9-9783-d3429cda3d57', 'name': 'network-vif-unplugged', 'server_uuid': u'888ffcff-b49b-48ca-b12b-738b6564ff88'}] send_events /usr/lib/python2.7/site-packages/neutron/notifiers/nova.py:242
2018-06-28 16:16:00.909 23330 DEBUG novaclient.v2.client [-] REQ: curl -g -i -X POST http://10.0.20.21:8774/v2.1/6ce4dd91709c441d9f1b40034ea03af4/os-server-external-events -H "User-Agent: python-novaclient" -H "Content-Type: application/json" -H "Accept: application/json" -H "X-OpenStack-Nova-API-Version: 2.1" -H "X-Auth-Token: {SHA1}932aceb0c3fe17918bc8ecae67fdc0077f9ceeb2" -d '{"events": [{"status": "completed", "tag": "fd4ac072-5414-44d9-9783-d3429cda3d57", "name": "network-vif-unplugged", "server_uuid": "888ffcff-b49b-48ca-b12b-738b6564ff88"}]}' _http_log_request /usr/lib/python2.7/site-packages/keystoneauth1/session.py:375
2018-06-28 16:16:00.912 23330 DEBUG neutron.plugins.ml2.db [req-253f1db1-e0a3-4684-8c88-0d681ab444d6 - - - - -] For port fd4ac072-5414-44d9-9783-d3429cda3d57, host localhost.localdomain, got binding levels [<neutron.plugins.ml2.models.PortBindingLevel[object at 7f5a5af7a250] {port_id=u'fd4ac072-5414-44d9-9783-d3429cda3d57', host=u'localhost.localdomain', level=0, driver=u'openvswitch', segment_id=u'a804c06f-3a2e-48a6-bafc-2b62c8553522'}>] get_binding_levels /usr/lib/python2.7/site-packages/neutron/plugins/ml2/db.py:106
2018-06-28 16:16:00.931 23330 DEBUG neutron_lib.callbacks.manager [req-253f1db1-e0a3-4684-8c88-0d681ab444d6 - - - - -] Notify callbacks ['neutron.plugins.ml2.ovo_rpc._ObjectChangeHandler.handle_event-8081446', 'neutron.db.l3_dvrscheduler_db._notify_l3_agent_port_update--9223363285225981971', 'neutron.api.rpc.agentnotifiers.dhcp_rpc_agent_api.DhcpAgentNotifyAPI._native_event_send_dhcp_notification-8238111', 'neutron.db.l3_hascheduler_db._notify_l3_agent_ha_port_update-8751628794433', 'neutron.plugins.ml2.plugin.Ml2Plugin.notify_sg_on_port_change-900841'] for port, after_update _notify_loop /usr/lib/python2.7/site-packages/neutron_lib/callbacks/manager.py:167
2018-06-28 16:16:00.938 23330 DEBUG oslo_concurrency.lockutils [-] Lock "event-dispatch" acquired by "neutron.plugins.ml2.ovo_rpc.dispatch_events" :: waited 0.000s inner /usr/lib/python2.7/site-packages/oslo_concurrency/lockutils.py:270
2018-06-28 16:16:01.065 23330 DEBUG neutron.api.rpc.handlers.resources_rpc [req-253f1db1-e0a3-4684-8c88-0d681ab444d6 - - - - -] neutron.api.rpc.handlers.resources_rpc.ResourcesPushRpcApi method push called with arguments (<neutron_lib.context.Context object at 0x7f5a5aec2090>, [Port(admin_state_up=True,allowed_address_pairs=[],binding=PortBinding,binding_levels=[PortBindingLevel],created_at=2018-06-28T14:12:55Z,data_plane_status=<?>,description='',device_id='888ffcff-b49b-48ca-b12b-738b6564ff88',device_owner='compute:nova',dhcp_options=[],distributed_binding=None,dns=None,fixed_ips=[IPAllocation],id=fd4ac072-5414-44d9-9783-d3429cda3d57,mac_address=fa:16:3e:39:a2:81,name='',network_id=1620f0ae-49d9-4b3a-9071-0c34f5288fbb,project_id='48770901fea4429fb0b7fe7c0de1f63a',qos_policy_id=None,revision_number=7,security=PortSecurity(fd4ac072-5414-44d9-9783-d3429cda3d57),security_group_ids=set([0c59fd45-1448-443a-9ad7-505bf543cb2f]),status='DOWN',updated_at=2018-06-28T14:16:00Z)], 'updated') {} wrapper /usr/lib/python2.7/site-packages/oslo_log/helpers.py:66
2018-06-28 16:16:01.076 23330 DEBUG neutron.api.rpc.callbacks.version_manager [req-253f1db1-e0a3-4684-8c88-0d681ab444d6 - - - - -] Version for resource type Subnet changed None to 1.0 on consumer Open vSwitch agent@localhost.localdomain _set_version /usr/lib/python2.7/site-packages/neutron/api/rpc/callbacks/version_manager.py:119
2018-06-28 16:16:01.077 23330 DEBUG neutron.api.rpc.callbacks.version_manager [req-253f1db1-e0a3-4684-8c88-0d681ab444d6 - - - - -] Version for resource type Network changed None to 1.0 on consumer Open vSwitch agent@localhost.localdomain _set_version /usr/lib/python2.7/site-packages/neutron/api/rpc/callbacks/version_manager.py:119
2018-06-28 16:16:01.077 23330 DEBUG neutron.api.rpc.callbacks.version_manager [req-253f1db1-e0a3-4684-8c88-0d681ab444d6 - - - - -] Version for resource type SubPort changed None to 1.0 on consumer Open vSwitch agent@localhost.localdomain _set_version /usr/lib/python2.7/site-packages/neutron/api/rpc/callbacks/version_manager.py:119
2018-06-28 16:16:01.077 23330 DEBUG neutron.api.rpc.callbacks.version_manager [req-253f1db1-e0a3-4684-8c88-0d681ab444d6 - - - - -] Version for resource type SecurityGroup changed None to 1.0 on consumer Open vSwitch agent@localhost.localdomain _set_version /usr/lib/python2.7/site-packages/neutron/api/rpc/callbacks/version_manager.py:119
2018-06-28 16:16:01.078 23330 DEBUG neutron.api.rpc.callbacks.version_manager [req-253f1db1-e0a3-4684-8c88-0d681ab444d6 - - - - -] Version for resource type SecurityGroupRule changed None to 1.0 on consumer Open vSwitch agent@localhost.localdomain _set_version /usr/lib/python2.7/site-packages/neutron/api/rpc/callbacks/version_manager.py:119
2018-06-28 16:16:01.079 23330 DEBUG neutron.api.rpc.callbacks.version_manager [req-253f1db1-e0a3-4684-8c88-0d681ab444d6 - - - - -] Version for resource type Trunk changed None to 1.1 on consumer Open vSwitch agent@localhost.localdomain _set_version /usr/lib/python2.7/site-packages/neutron/api/rpc/callbacks/version_manager.py:119
2018-06-28 16:16:01.080 23330 DEBUG neutron.api.rpc.callbacks.version_manager [req-253f1db1-e0a3-4684-8c88-0d681ab444d6 - - - - -] Version for resource type QosPolicy changed None to 1.6 on consumer Open vSwitch agent@localhost.localdomain _set_version /usr/lib/python2.7/site-packages/neutron/api/rpc/callbacks/version_manager.py:119
2018-06-28 16:16:01.080 23330 DEBUG neutron.api.rpc.callbacks.version_manager [req-253f1db1-e0a3-4684-8c88-0d681ab444d6 - - - - -] Version for resource type Port changed None to 1.1 on consumer Open vSwitch agent@localhost.localdomain _set_version /usr/lib/python2.7/site-packages/neutron/api/rpc/callbacks/version_manager.py:119
2018-06-28 16:16:01.080 23330 DEBUG neutron.api.rpc.callbacks.version_manager [req-253f1db1-e0a3-4684-8c88-0d681ab444d6 - - - - -] Version for resource type Log changed None to 1.0 on consumer Open vSwitch agent@localhost.localdomain _set_version /usr/lib/python2.7/site-packages/neutron/api/rpc/callbacks/version_manager.py:119
2018-06-28 16:16:01.096 23330 DEBUG oslo_concurrency.lockutils [req-253f1db1-e0a3-4684-8c88-0d681ab444d6 - - - - -] Lock "event-dispatch" released by "neutron.plugins.ml2.ovo_rpc.dispatch_events" :: held 0.159s inner /usr/lib/python2.7/site-packages/oslo_concurrency/lockutils.py:282
2018-06-28 16:16:01.402 23330 DEBUG novaclient.v2.client [-] RESP: [200] Content-Length: 185 Content-Type: application/json Openstack-Api-Version: compute 2.1 X-Openstack-Nova-Api-Version: 2.1 Vary: OpenStack-API-Version, X-OpenStack-Nova-API-Version X-Openstack-Request-Id: req-faad8495-5a5b-409f-8d2c-628b05216b03 X-Compute-Request-Id: req-faad8495-5a5b-409f-8d2c-628b05216b03 Date: Thu, 28 Jun 2018 14:16:01 GMT Connection: keep-alive 
RESP BODY: {"events": [{"status": "completed", "tag": "fd4ac072-5414-44d9-9783-d3429cda3d57", "name": "network-vif-unplugged", "server_uuid": "888ffcff-b49b-48ca-b12b-738b6564ff88", "code": 200}]}
 _http_log_response /usr/lib/python2.7/site-packages/keystoneauth1/session.py:423
2018-06-28 16:16:01.404 23330 DEBUG novaclient.v2.client [-] POST call to compute for http://10.0.20.21:8774/v2.1/6ce4dd91709c441d9f1b40034ea03af4/os-server-external-events used request id req-faad8495-5a5b-409f-8d2c-628b05216b03 request /usr/lib/python2.7/site-packages/keystoneauth1/session.py:727
2018-06-28 16:16:01.414 23330 INFO neutron.notifiers.nova [-] Nova event response: {u'status': u'completed', u'tag': u'fd4ac072-5414-44d9-9783-d3429cda3d57', u'name': u'network-vif-unplugged', u'server_uuid': u'888ffcff-b49b-48ca-b12b-738b6564ff88', u'code': 200}
2018-06-28 16:16:02.351 23322 INFO neutron.wsgi [req-0cdae264-4051-4a58-a5ed-8e617b91bd0d eea73ea496b549d08420cdfa9ba618ef 48770901fea4429fb0b7fe7c0de1f63a - c86548d3a26d460abc4d71f430d43021 c86548d3a26d460abc4d71f430d43021] 10.0.20.21 "GET /v2.0/ports?device_id=888ffcff-b49b-48ca-b12b-738b6564ff88 HTTP/1.1" status: 200  len: 1122 time: 0.6450880
2018-06-28 16:16:02.541 23322 INFO neutron.wsgi [req-72b29fc3-16e5-4d78-ac79-cf5b18fcdc9f eea73ea496b549d08420cdfa9ba618ef 48770901fea4429fb0b7fe7c0de1f63a - c86548d3a26d460abc4d71f430d43021 c86548d3a26d460abc4d71f430d43021] 10.0.20.21 "GET /v2.0/security-groups?id=0c59fd45-1448-443a-9ad7-505bf543cb2f HTTP/1.1" status: 200  len: 2118 time: 0.1535089
2018-06-28 16:16:03.419 23330 DEBUG oslo_concurrency.lockutils [-] Lock "notifier-f41db561-3172-467b-942a-91424b722979" released by "neutron.notifiers.batch_notifier.synced_send" :: held 2.518s inner /usr/lib/python2.7/site-packages/oslo_concurrency/lockutils.py:282
2018-06-28 16:16:06.831 23331 DEBUG neutron.plugins.ml2.rpc [req-253f1db1-e0a3-4684-8c88-0d681ab444d6 - - - - -] Device fd4ac072-5414-44d9-9783-d3429cda3d57 up at agent ovs-agent-localhost.localdomain update_device_up /usr/lib/python2.7/site-packages/neutron/plugins/ml2/rpc.py:244
2018-06-28 16:16:06.940 23331 DEBUG neutron.db.provisioning_blocks [req-253f1db1-e0a3-4684-8c88-0d681ab444d6 - - - - -] Provisioning complete for port fd4ac072-5414-44d9-9783-d3429cda3d57 triggered by entity L2. provisioning_complete /usr/lib/python2.7/site-packages/neutron/db/provisioning_blocks.py:138
2018-06-28 16:16:06.941 23331 DEBUG neutron_lib.callbacks.manager [req-253f1db1-e0a3-4684-8c88-0d681ab444d6 - - - - -] Notify callbacks ['neutron.plugins.ml2.plugin.Ml2Plugin._port_provisioned-7782808'] for port, provisioning_complete _notify_loop /usr/lib/python2.7/site-packages/neutron_lib/callbacks/manager.py:167
2018-06-28 16:16:07.148 23331 DEBUG neutron_lib.callbacks.manager [req-253f1db1-e0a3-4684-8c88-0d681ab444d6 - - - - -] Notify callbacks ['neutron.plugins.ml2.plugin.Ml2Plugin._ensure_default_security_group_handler--9223372036853875116'] for port, before_update _notify_loop /usr/lib/python2.7/site-packages/neutron_lib/callbacks/manager.py:167
2018-06-28 16:16:07.226 23331 DEBUG oslo_concurrency.lockutils [-] Lock "notifier-f41db561-3172-467b-942a-91424b722979" acquired by "neutron.notifiers.batch_notifier.synced_send" :: waited 0.002s inner /usr/lib/python2.7/site-packages/oslo_concurrency/lockutils.py:270
2018-06-28 16:16:07.227 23331 DEBUG neutron.notifiers.nova [-] Sending events: [{'status': 'completed', 'tag': u'fd4ac072-5414-44d9-9783-d3429cda3d57', 'name': 'network-vif-plugged', 'server_uuid': u'888ffcff-b49b-48ca-b12b-738b6564ff88'}] send_events /usr/lib/python2.7/site-packages/neutron/notifiers/nova.py:242
2018-06-28 16:16:07.237 23331 DEBUG novaclient.v2.client [-] REQ: curl -g -i -X POST http://10.0.20.21:8774/v2.1/6ce4dd91709c441d9f1b40034ea03af4/os-server-external-events -H "User-Agent: python-novaclient" -H "Content-Type: application/json" -H "Accept: application/json" -H "X-OpenStack-Nova-API-Version: 2.1" -H "X-Auth-Token: {SHA1}b93591c0b8061cce2eaf077fdcfe7286d0b5072f" -d '{"events": [{"status": "completed", "tag": "fd4ac072-5414-44d9-9783-d3429cda3d57", "name": "network-vif-plugged", "server_uuid": "888ffcff-b49b-48ca-b12b-738b6564ff88"}]}' _http_log_request /usr/lib/python2.7/site-packages/keystoneauth1/session.py:375
2018-06-28 16:16:07.244 23331 DEBUG neutron.plugins.ml2.db [req-253f1db1-e0a3-4684-8c88-0d681ab444d6 - - - - -] For port fd4ac072-5414-44d9-9783-d3429cda3d57, host localhost.localdomain, got binding levels [<neutron.plugins.ml2.models.PortBindingLevel[object at 7f5a5ad18490] {port_id=u'fd4ac072-5414-44d9-9783-d3429cda3d57', host=u'localhost.localdomain', level=0, driver=u'openvswitch', segment_id=u'a804c06f-3a2e-48a6-bafc-2b62c8553522'}>] get_binding_levels /usr/lib/python2.7/site-packages/neutron/plugins/ml2/db.py:106
2018-06-28 16:16:07.266 23331 DEBUG neutron_lib.callbacks.manager [req-253f1db1-e0a3-4684-8c88-0d681ab444d6 - - - - -] Notify callbacks ['neutron.plugins.ml2.ovo_rpc._ObjectChangeHandler.handle_event-8081446', 'neutron.db.l3_dvrscheduler_db._notify_l3_agent_port_update--9223363285225981971', 'neutron.api.rpc.agentnotifiers.dhcp_rpc_agent_api.DhcpAgentNotifyAPI._native_event_send_dhcp_notification-8238111', 'neutron.db.l3_hascheduler_db._notify_l3_agent_ha_port_update-8751628794433', 'neutron.plugins.ml2.plugin.Ml2Plugin.notify_sg_on_port_change-900841'] for port, after_update _notify_loop /usr/lib/python2.7/site-packages/neutron_lib/callbacks/manager.py:167
2018-06-28 16:16:07.278 23331 DEBUG oslo_concurrency.lockutils [-] Lock "event-dispatch" acquired by "neutron.plugins.ml2.ovo_rpc.dispatch_events" :: waited 0.000s inner /usr/lib/python2.7/site-packages/oslo_concurrency/lockutils.py:270
2018-06-28 16:16:07.449 23331 DEBUG neutron.api.rpc.handlers.resources_rpc [req-253f1db1-e0a3-4684-8c88-0d681ab444d6 - - - - -] neutron.api.rpc.handlers.resources_rpc.ResourcesPushRpcApi method push called with arguments (<neutron_lib.context.Context object at 0x7f5a5aeb6510>, [Port(admin_state_up=True,allowed_address_pairs=[],binding=PortBinding,binding_levels=[PortBindingLevel],created_at=2018-06-28T14:12:55Z,data_plane_status=<?>,description='',device_id='888ffcff-b49b-48ca-b12b-738b6564ff88',device_owner='compute:nova',dhcp_options=[],distributed_binding=None,dns=None,fixed_ips=[IPAllocation],id=fd4ac072-5414-44d9-9783-d3429cda3d57,mac_address=fa:16:3e:39:a2:81,name='',network_id=1620f0ae-49d9-4b3a-9071-0c34f5288fbb,project_id='48770901fea4429fb0b7fe7c0de1f63a',qos_policy_id=None,revision_number=8,security=PortSecurity(fd4ac072-5414-44d9-9783-d3429cda3d57),security_group_ids=set([0c59fd45-1448-443a-9ad7-505bf543cb2f]),status='ACTIVE',updated_at=2018-06-28T14:16:07Z)], 'updated') {} wrapper /usr/lib/python2.7/site-packages/oslo_log/helpers.py:66
2018-06-28 16:16:07.503 23331 DEBUG neutron.api.rpc.callbacks.version_manager [req-253f1db1-e0a3-4684-8c88-0d681ab444d6 - - - - -] Version for resource type Subnet changed None to 1.0 on consumer Open vSwitch agent@localhost.localdomain _set_version /usr/lib/python2.7/site-packages/neutron/api/rpc/callbacks/version_manager.py:119
2018-06-28 16:16:07.505 23331 DEBUG neutron.api.rpc.callbacks.version_manager [req-253f1db1-e0a3-4684-8c88-0d681ab444d6 - - - - -] Version for resource type Network changed None to 1.0 on consumer Open vSwitch agent@localhost.localdomain _set_version /usr/lib/python2.7/site-packages/neutron/api/rpc/callbacks/version_manager.py:119
2018-06-28 16:16:07.505 23331 DEBUG neutron.api.rpc.callbacks.version_manager [req-253f1db1-e0a3-4684-8c88-0d681ab444d6 - - - - -] Version for resource type SubPort changed None to 1.0 on consumer Open vSwitch agent@localhost.localdomain _set_version /usr/lib/python2.7/site-packages/neutron/api/rpc/callbacks/version_manager.py:119
2018-06-28 16:16:07.507 23331 DEBUG neutron.api.rpc.callbacks.version_manager [req-253f1db1-e0a3-4684-8c88-0d681ab444d6 - - - - -] Version for resource type SecurityGroup changed None to 1.0 on consumer Open vSwitch agent@localhost.localdomain _set_version /usr/lib/python2.7/site-packages/neutron/api/rpc/callbacks/version_manager.py:119
2018-06-28 16:16:07.507 23331 DEBUG neutron.api.rpc.callbacks.version_manager [req-253f1db1-e0a3-4684-8c88-0d681ab444d6 - - - - -] Version for resource type SecurityGroupRule changed None to 1.0 on consumer Open vSwitch agent@localhost.localdomain _set_version /usr/lib/python2.7/site-packages/neutron/api/rpc/callbacks/version_manager.py:119
2018-06-28 16:16:07.508 23331 DEBUG neutron.api.rpc.callbacks.version_manager [req-253f1db1-e0a3-4684-8c88-0d681ab444d6 - - - - -] Version for resource type Trunk changed None to 1.1 on consumer Open vSwitch agent@localhost.localdomain _set_version /usr/lib/python2.7/site-packages/neutron/api/rpc/callbacks/version_manager.py:119
2018-06-28 16:16:07.509 23331 DEBUG neutron.api.rpc.callbacks.version_manager [req-253f1db1-e0a3-4684-8c88-0d681ab444d6 - - - - -] Version for resource type QosPolicy changed None to 1.6 on consumer Open vSwitch agent@localhost.localdomain _set_version /usr/lib/python2.7/site-packages/neutron/api/rpc/callbacks/version_manager.py:119
2018-06-28 16:16:07.509 23331 DEBUG neutron.api.rpc.callbacks.version_manager [req-253f1db1-e0a3-4684-8c88-0d681ab444d6 - - - - -] Version for resource type Port changed None to 1.1 on consumer Open vSwitch agent@localhost.localdomain _set_version /usr/lib/python2.7/site-packages/neutron/api/rpc/callbacks/version_manager.py:119
2018-06-28 16:16:07.510 23331 DEBUG neutron.api.rpc.callbacks.version_manager [req-253f1db1-e0a3-4684-8c88-0d681ab444d6 - - - - -] Version for resource type Log changed None to 1.0 on consumer Open vSwitch agent@localhost.localdomain _set_version /usr/lib/python2.7/site-packages/neutron/api/rpc/callbacks/version_manager.py:119
2018-06-28 16:16:07.533 23331 DEBUG oslo_concurrency.lockutils [req-253f1db1-e0a3-4684-8c88-0d681ab444d6 - - - - -] Lock "event-dispatch" released by "neutron.plugins.ml2.ovo_rpc.dispatch_events" :: held 0.255s inner /usr/lib/python2.7/site-packages/oslo_concurrency/lockutils.py:282
2018-06-28 16:16:07.996 23331 DEBUG novaclient.v2.client [-] RESP: [200] Content-Length: 183 Content-Type: application/json Openstack-Api-Version: compute 2.1 X-Openstack-Nova-Api-Version: 2.1 Vary: OpenStack-API-Version, X-OpenStack-Nova-API-Version X-Openstack-Request-Id: req-c84c5677-126a-469f-9c74-94c545123db9 X-Compute-Request-Id: req-c84c5677-126a-469f-9c74-94c545123db9 Date: Thu, 28 Jun 2018 14:16:07 GMT Connection: keep-alive 
RESP BODY: {"events": [{"status": "completed", "tag": "fd4ac072-5414-44d9-9783-d3429cda3d57", "name": "network-vif-plugged", "server_uuid": "888ffcff-b49b-48ca-b12b-738b6564ff88", "code": 200}]}
 _http_log_response /usr/lib/python2.7/site-packages/keystoneauth1/session.py:423
2018-06-28 16:16:07.997 23331 DEBUG novaclient.v2.client [-] POST call to compute for http://10.0.20.21:8774/v2.1/6ce4dd91709c441d9f1b40034ea03af4/os-server-external-events used request id req-c84c5677-126a-469f-9c74-94c545123db9 request /usr/lib/python2.7/site-packages/keystoneauth1/session.py:727
2018-06-28 16:16:08.004 23331 INFO neutron.notifiers.nova [-] Nova event response: {u'status': u'completed', u'tag': u'fd4ac072-5414-44d9-9783-d3429cda3d57', u'name': u'network-vif-plugged', u'server_uuid': u'888ffcff-b49b-48ca-b12b-738b6564ff88', u'code': 200}
2018-06-28 16:16:08.780 23335 DEBUG neutron.plugins.ml2.rpc [req-253f1db1-e0a3-4684-8c88-0d681ab444d6 - - - - -] Device fd4ac072-5414-44d9-9783-d3429cda3d57 up at agent ovs-agent-localhost.localdomain update_device_up /usr/lib/python2.7/site-packages/neutron/plugins/ml2/rpc.py:244
2018-06-28 16:16:08.985 23335 DEBUG neutron.db.provisioning_blocks [req-253f1db1-e0a3-4684-8c88-0d681ab444d6 - - - - -] Provisioning complete for port fd4ac072-5414-44d9-9783-d3429cda3d57 triggered by entity L2. provisioning_complete /usr/lib/python2.7/site-packages/neutron/db/provisioning_blocks.py:138
2018-06-28 16:16:08.987 23335 DEBUG neutron_lib.callbacks.manager [req-253f1db1-e0a3-4684-8c88-0d681ab444d6 - - - - -] Notify callbacks ['neutron.plugins.ml2.plugin.Ml2Plugin._port_provisioned-7782808'] for port, provisioning_complete _notify_loop /usr/lib/python2.7/site-packages/neutron_lib/callbacks/manager.py:167
2018-06-28 16:16:10.005 23331 DEBUG oslo_concurrency.lockutils [-] Lock "notifier-f41db561-3172-467b-942a-91424b722979" released by "neutron.notifiers.batch_notifier.synced_send" :: held 2.779s inner /usr/lib/python2.7/site-packages/oslo_concurrency/lockutils.py:282
2018-06-28 16:16:11.594 23325 INFO neutron.wsgi [req-cde83423-e52d-40cf-adc6-1e84173adefd 59f963f90a0940d0a0321d158c75bc86 6ce4dd91709c441d9f1b40034ea03af4 - default default] 10.0.20.21 "GET /v2.0/ports?tenant_id=f4a570c942f04ee3b556f3e6756b5a50&device_id=fbe9921b-01af-42ef-a506-f7a67f25f76a HTTP/1.1" status: 200  len: 1125 time: 0.1285410
2018-06-28 16:16:11.889 23325 DEBUG neutron.pecan_wsgi.hooks.policy_enforcement [req-54a5883a-1ab4-4145-b509-2d8c7d376aef 59f963f90a0940d0a0321d158c75bc86 6ce4dd91709c441d9f1b40034ea03af4 - default default] Attributes excluded by policy engine: [u'vlan_transparent'] _exclude_attributes_by_policy /usr/lib/python2.7/site-packages/neutron/pecan_wsgi/hooks/policy_enforcement.py:256
2018-06-28 16:16:11.892 23325 INFO neutron.wsgi [req-54a5883a-1ab4-4145-b509-2d8c7d376aef 59f963f90a0940d0a0321d158c75bc86 6ce4dd91709c441d9f1b40034ea03af4 - default default] 10.0.20.21 "GET /v2.0/networks?id=65a63b5d-4ab6-4a89-8fc5-4ab4c578efe5 HTTP/1.1" status: 200  len: 888 time: 0.2890270
2018-06-28 16:16:11.950 23325 INFO neutron.wsgi [req-a9e5f96b-c432-47c7-b788-6bcacad18279 59f963f90a0940d0a0321d158c75bc86 6ce4dd91709c441d9f1b40034ea03af4 - default default] 10.0.20.21 "GET /v2.0/floatingips?fixed_ip_address=172.24.4.11&port_id=de636301-2b4d-4580-966c-2174f43d6448 HTTP/1.1" status: 200  len: 217 time: 0.0498102
2018-06-28 16:16:12.135 23325 DEBUG neutron.pecan_wsgi.hooks.policy_enforcement [req-72cce8e2-1640-4023-8722-19b950b872b8 59f963f90a0940d0a0321d158c75bc86 6ce4dd91709c441d9f1b40034ea03af4 - default default] Attributes excluded by policy engine: [u'shared'] _exclude_attributes_by_policy /usr/lib/python2.7/site-packages/neutron/pecan_wsgi/hooks/policy_enforcement.py:256
2018-06-28 16:16:12.138 23325 INFO neutron.wsgi [req-72cce8e2-1640-4023-8722-19b950b872b8 59f963f90a0940d0a0321d158c75bc86 6ce4dd91709c441d9f1b40034ea03af4 - default default] 10.0.20.21 "GET /v2.0/subnets?id=0db29b77-dce9-468d-9f4c-d777953f217f HTTP/1.1" status: 200  len: 819 time: 0.1738150
2018-06-28 16:16:12.229 23325 INFO neutron.wsgi [req-f05c64fe-9599-4f6a-86e9-aaaee5dcd7b0 59f963f90a0940d0a0321d158c75bc86 6ce4dd91709c441d9f1b40034ea03af4 - default default] 10.0.20.21 "GET /v2.0/ports?network_id=65a63b5d-4ab6-4a89-8fc5-4ab4c578efe5&device_owner=network%3Adhcp HTTP/1.1" status: 200  len: 210 time: 0.0839150
2018-06-28 16:16:12.596 23322 INFO neutron.wsgi [req-063214c0-a6d9-4965-a017-e6e769cdcd48 eea73ea496b549d08420cdfa9ba618ef 48770901fea4429fb0b7fe7c0de1f63a - c86548d3a26d460abc4d71f430d43021 c86548d3a26d460abc4d71f430d43021] 10.0.20.21 "GET /v2.0/ports?device_id=888ffcff-b49b-48ca-b12b-738b6564ff88 HTTP/1.1" status: 200  len: 1124 time: 0.7116809
2018-06-28 16:16:13.103 23322 INFO neutron.wsgi [req-1cfa55be-4b28-4e7e-a49e-0595e816ccad eea73ea496b549d08420cdfa9ba618ef 48770901fea4429fb0b7fe7c0de1f63a - c86548d3a26d460abc4d71f430d43021 c86548d3a26d460abc4d71f430d43021] 10.0.20.21 "GET /v2.0/security-groups?id=0c59fd45-1448-443a-9ad7-505bf543cb2f HTTP/1.1" status: 200  len: 2118 time: 0.5015590
2018-06-28 16:16:18.420 23332 DEBUG neutron_lib.callbacks.manager [req-925d29a6-dc94-4ac6-8f8c-8b633a13ea3e - - - - -] Notify callbacks ['neutron.services.segments.db._update_segment_host_mapping_for_agent-8751629156402'] for agent, after_update _notify_loop /usr/lib/python2.7/site-packages/neutron_lib/callbacks/manager.py:167
2018-06-28 16:16:19.847 23334 DEBUG neutron_lib.callbacks.manager [req-253f1db1-e0a3-4684-8c88-0d681ab444d6 - - - - -] Notify callbacks ['neutron.services.segments.db._update_segment_host_mapping_for_agent-8751629156402'] for agent, after_update _notify_loop /usr/lib/python2.7/site-packages/neutron_lib/callbacks/manager.py:167
2018-06-28 16:16:20.061 23336 DEBUG neutron_lib.callbacks.manager [req-c0dae050-f9ae-45e7-bbde-ae33901f35cc - - - - -] Notify callbacks ['neutron.services.segments.db._update_segment_host_mapping_for_agent-8751629156402'] for agent, after_update _notify_loop /usr/lib/python2.7/site-packages/neutron_lib/callbacks/manager.py:167
2018-06-28 16:16:20.604 23329 DEBUG neutron_lib.callbacks.manager [req-14bd937d-98cb-4247-80d9-e682e0a9cc1c - - - - -] Notify callbacks ['neutron.services.segments.db._update_segment_host_mapping_for_agent-8751629156402'] for agent, after_update _notify_loop /usr/lib/python2.7/site-packages/neutron_lib/callbacks/manager.py:167
2018-06-28 16:16:22.326 23328 DEBUG neutron_lib.callbacks.manager [req-4f618998-98b1-42bc-ab87-1df87cb74a79 - - - - -] Notify callbacks ['neutron.services.segments.db._update_segment_host_mapping_for_agent-8751629156402'] for agent, after_update _notify_loop /usr/lib/python2.7/site-packages/neutron_lib/callbacks/manager.py:167
2018-06-28 16:16:27.625 23337 DEBUG neutron.db.agents_db [req-02e02427-9601-432c-a1fe-ecf6bed9a420 - - - - -] Agent healthcheck: found 5 active agents agent_health_check /usr/lib/python2.7/site-packages/neutron/db/agents_db.py:281
2018-06-28 16:16:34.548 23325 INFO neutron.wsgi [req-16857534-a255-4ccb-8be9-732e2e4454f8 59f963f90a0940d0a0321d158c75bc86 6ce4dd91709c441d9f1b40034ea03af4 - default default] 10.0.20.21 "GET /v2.0/ports?device_id=888ffcff-b49b-48ca-b12b-738b6564ff88 HTTP/1.1" status: 200  len: 1124 time: 0.5569670
2018-06-28 16:16:34.678 23325 INFO neutron.wsgi [req-c527cf11-c4f2-42ea-b1e6-2066cf49a733 59f963f90a0940d0a0321d158c75bc86 6ce4dd91709c441d9f1b40034ea03af4 - default default] 10.0.20.21 "GET /v2.0/security-groups?id=0c59fd45-1448-443a-9ad7-505bf543cb2f HTTP/1.1" status: 200  len: 2118 time: 0.1228950
2018-06-28 16:16:36.212 23322 INFO neutron.wsgi [req-2b971030-87b0-4886-b148-f3ef27601da5 59f963f90a0940d0a0321d158c75bc86 6ce4dd91709c441d9f1b40034ea03af4 - default default] 10.0.20.21 "GET /v2.0/ports?device_id=888ffcff-b49b-48ca-b12b-738b6564ff88 HTTP/1.1" status: 200  len: 1124 time: 0.1125858
2018-06-28 16:16:36.331 23322 INFO neutron.wsgi [req-c8b718cb-686a-4009-abb5-4e30f3fb7a65 59f963f90a0940d0a0321d158c75bc86 6ce4dd91709c441d9f1b40034ea03af4 - default default] 10.0.20.21 "GET /v2.0/security-groups?id=0c59fd45-1448-443a-9ad7-505bf543cb2f HTTP/1.1" status: 200  len: 2118 time: 0.1132121
2018-06-28 16:16:37.112 23325 INFO neutron.wsgi [req-668471cd-7df8-4fe1-b8df-75fb55de795a 59f963f90a0940d0a0321d158c75bc86 6ce4dd91709c441d9f1b40034ea03af4 - default default] 10.0.20.21 "GET /v2.0/ports?device_id=888ffcff-b49b-48ca-b12b-738b6564ff88 HTTP/1.1" status: 200  len: 1124 time: 0.1342881
2018-06-28 16:16:37.239 23325 INFO neutron.wsgi [req-4609250c-4f4a-44ec-9fdc-44337a61139d 59f963f90a0940d0a0321d158c75bc86 6ce4dd91709c441d9f1b40034ea03af4 - default default] 10.0.20.21 "GET /v2.0/security-groups?id=0c59fd45-1448-443a-9ad7-505bf543cb2f HTTP/1.1" status: 200  len: 2118 time: 0.1190531
2018-06-28 16:16:38.380 23321 INFO neutron.wsgi [req-8463dfb8-bc8e-4573-a079-19a62df8a18f 59f963f90a0940d0a0321d158c75bc86 6ce4dd91709c441d9f1b40034ea03af4 - default default] 10.0.20.21 "GET /v2.0/ports?device_id=888ffcff-b49b-48ca-b12b-738b6564ff88 HTTP/1.1" status: 200  len: 1124 time: 0.6545191
2018-06-28 16:16:38.854 23321 INFO neutron.wsgi [req-764896c6-a3ef-4904-9fc5-490423696b4b 59f963f90a0940d0a0321d158c75bc86 6ce4dd91709c441d9f1b40034ea03af4 - default default] 10.0.20.21 "GET /v2.0/security-groups?id=0c59fd45-1448-443a-9ad7-505bf543cb2f HTTP/1.1" status: 200  len: 2118 time: 0.4670429
2018-06-28 16:16:40.360 23322 INFO neutron.wsgi [req-32a9a660-443d-4948-99a7-a4b812b109b2 59f963f90a0940d0a0321d158c75bc86 6ce4dd91709c441d9f1b40034ea03af4 - default default] 10.0.20.21 "GET /v2.0/ports?device_id=888ffcff-b49b-48ca-b12b-738b6564ff88 HTTP/1.1" status: 200  len: 1124 time: 0.1083081
2018-06-28 16:16:40.464 23322 INFO neutron.wsgi [req-cbfab657-23fe-4e7d-a564-d980fb09377e 59f963f90a0940d0a0321d158c75bc86 6ce4dd91709c441d9f1b40034ea03af4 - default default] 10.0.20.21 "GET /v2.0/security-groups?id=0c59fd45-1448-443a-9ad7-505bf543cb2f HTTP/1.1" status: 200  len: 2118 time: 0.0989952
2018-06-28 16:16:48.374 23326 DEBUG neutron_lib.callbacks.manager [req-925d29a6-dc94-4ac6-8f8c-8b633a13ea3e - - - - -] Notify callbacks ['neutron.services.segments.db._update_segment_host_mapping_for_agent-8751629156402'] for agent, after_update _notify_loop /usr/lib/python2.7/site-packages/neutron_lib/callbacks/manager.py:167
2018-06-28 16:16:49.821 23330 DEBUG neutron_lib.callbacks.manager [req-253f1db1-e0a3-4684-8c88-0d681ab444d6 - - - - -] Notify callbacks ['neutron.services.segments.db._update_segment_host_mapping_for_agent-8751629156402'] for agent, after_update _notify_loop /usr/lib/python2.7/site-packages/neutron_lib/callbacks/manager.py:167
2018-06-28 16:16:50.058 23335 DEBUG neutron_lib.callbacks.manager [req-071f709e-3bf0-4265-be6f-adec7d036efb - - - - -] Notify callbacks ['neutron.services.segments.db._update_segment_host_mapping_for_agent-8751629156402'] for agent, after_update _notify_loop /usr/lib/python2.7/site-packages/neutron_lib/callbacks/manager.py:167
2018-06-28 16:16:50.612 23331 DEBUG neutron_lib.callbacks.manager [req-14bd937d-98cb-4247-80d9-e682e0a9cc1c - - - - -] Notify callbacks ['neutron.services.segments.db._update_segment_host_mapping_for_agent-8751629156402'] for agent, after_update _notify_loop /usr/lib/python2.7/site-packages/neutron_lib/callbacks/manager.py:167
2018-06-28 16:16:52.438 23332 DEBUG neutron_lib.callbacks.manager [req-83e8576e-d922-449e-9514-a0f6e7eedaeb - - - - -] Notify callbacks ['neutron.services.segments.db._update_segment_host_mapping_for_agent-8751629156402'] for agent, after_update _notify_loop /usr/lib/python2.7/site-packages/neutron_lib/callbacks/manager.py:167
2018-06-28 16:17:00.380 23317 DEBUG neutron.wsgi [-] (23317) accepted ('10.0.20.21', 58598) server /usr/lib/python2.7/site-packages/eventlet/wsgi.py:883
2018-06-28 16:17:00.385 23317 INFO neutron.wsgi [-] 10.0.20.21 "GET / HTTP/1.1" status: 200  len: 252 time: 0.0027840
2018-06-28 16:17:00.863 23317 INFO neutron.api.v2.resource [req-00073639-b349-446b-8115-dc37f378045b eea73ea496b549d08420cdfa9ba618ef 48770901fea4429fb0b7fe7c0de1f63a - c86548d3a26d460abc4d71f430d43021 c86548d3a26d460abc4d71f430d43021] show failed (client error): The resource could not be found.
2018-06-28 16:17:00.865 23317 INFO neutron.wsgi [req-00073639-b349-446b-8115-dc37f378045b eea73ea496b549d08420cdfa9ba618ef 48770901fea4429fb0b7fe7c0de1f63a - c86548d3a26d460abc4d71f430d43021 c86548d3a26d460abc4d71f430d43021] 10.0.20.21 "GET /v2.0/floatingips/172.24.4.12 HTTP/1.1" status: 404  len: 326 time: 0.4737499
2018-06-28 16:17:00.918 23317 DEBUG neutron.quota.resource [req-80571d12-e601-405f-85be-1fd385216311 eea73ea496b549d08420cdfa9ba618ef 48770901fea4429fb0b7fe7c0de1f63a - c86548d3a26d460abc4d71f430d43021 c86548d3a26d460abc4d71f430d43021] Synchronizing usage tracker for tenant:48770901fea4429fb0b7fe7c0de1f63a on resource:floatingip resync /usr/lib/python2.7/site-packages/neutron/quota/resource.py:245
2018-06-28 16:17:00.968 23317 DEBUG neutron.quota.resource [req-80571d12-e601-405f-85be-1fd385216311 eea73ea496b549d08420cdfa9ba618ef 48770901fea4429fb0b7fe7c0de1f63a - c86548d3a26d460abc4d71f430d43021 c86548d3a26d460abc4d71f430d43021] Unset dirty status for tenant:48770901fea4429fb0b7fe7c0de1f63a on resource:floatingip _resync /usr/lib/python2.7/site-packages/neutron/quota/resource.py:237
2018-06-28 16:17:00.969 23317 INFO neutron.wsgi [req-80571d12-e601-405f-85be-1fd385216311 eea73ea496b549d08420cdfa9ba618ef 48770901fea4429fb0b7fe7c0de1f63a - c86548d3a26d460abc4d71f430d43021 c86548d3a26d460abc4d71f430d43021] 10.0.20.21 "GET /v2.0/floatingips HTTP/1.1" status: 200  len: 1208 time: 0.0986378
2018-06-28 16:17:01.033 23317 DEBUG neutron.plugins.ml2.plugin [req-0229cf2d-3848-47ee-b1ee-8d4a689ab5ab eea73ea496b549d08420cdfa9ba618ef 48770901fea4429fb0b7fe7c0de1f63a - c86548d3a26d460abc4d71f430d43021 c86548d3a26d460abc4d71f430d43021] Deleting port e43e3ede-1ada-4087-9b72-bfccf7e27ec6 _pre_delete_port /usr/lib/python2.7/site-packages/neutron/plugins/ml2/plugin.py:1488
2018-06-28 16:17:01.034 23317 DEBUG neutron_lib.callbacks.manager [req-0229cf2d-3848-47ee-b1ee-8d4a689ab5ab eea73ea496b549d08420cdfa9ba618ef 48770901fea4429fb0b7fe7c0de1f63a - c86548d3a26d460abc4d71f430d43021 c86548d3a26d460abc4d71f430d43021] Notify callbacks ['neutron.db.l3_db._prevent_l3_port_delete_callback-8751629356262'] for port, before_delete _notify_loop /usr/lib/python2.7/site-packages/neutron_lib/callbacks/manager.py:167
2018-06-28 16:17:01.299 23317 DEBUG neutron.plugins.ml2.plugin [req-0229cf2d-3848-47ee-b1ee-8d4a689ab5ab eea73ea496b549d08420cdfa9ba618ef 48770901fea4429fb0b7fe7c0de1f63a - c86548d3a26d460abc4d71f430d43021 c86548d3a26d460abc4d71f430d43021] Calling delete_port for e43e3ede-1ada-4087-9b72-bfccf7e27ec6 owned by network:floatingip delete_port /usr/lib/python2.7/site-packages/neutron/plugins/ml2/plugin.py:1547
2018-06-28 16:17:01.583 23317 DEBUG neutron_lib.callbacks.manager [req-0229cf2d-3848-47ee-b1ee-8d4a689ab5ab eea73ea496b549d08420cdfa9ba618ef 48770901fea4429fb0b7fe7c0de1f63a - c86548d3a26d460abc4d71f430d43021 c86548d3a26d460abc4d71f430d43021] Notify callbacks ['neutron.plugins.ml2.ovo_rpc._ObjectChangeHandler.handle_event-8081446', 'neutron.db.l3_db._notify_routers_callback--9223363285225441600', 'neutron.db.l3_dvrscheduler_db._notify_port_delete-8751628793830', 'neutron.api.rpc.agentnotifiers.dhcp_rpc_agent_api.DhcpAgentNotifyAPI._native_event_send_dhcp_notification-8238111', 'neutron.plugins.ml2.plugin.Ml2Plugin.notify_sg_on_port_change-900841'] for port, after_delete _notify_loop /usr/lib/python2.7/site-packages/neutron_lib/callbacks/manager.py:167
2018-06-28 16:17:01.624 23317 DEBUG oslo_concurrency.lockutils [-] Lock "event-dispatch" acquired by "neutron.plugins.ml2.ovo_rpc.dispatch_events" :: waited 0.000s inner /usr/lib/python2.7/site-packages/oslo_concurrency/lockutils.py:270
2018-06-28 16:17:01.692 23317 DEBUG neutron.api.rpc.handlers.resources_rpc [req-0229cf2d-3848-47ee-b1ee-8d4a689ab5ab eea73ea496b549d08420cdfa9ba618ef 48770901fea4429fb0b7fe7c0de1f63a - - -] neutron.api.rpc.handlers.resources_rpc.ResourcesPushRpcApi method push called with arguments (<neutron_lib.context.Context object at 0x7f5a5a85d190>, [Port(admin_state_up=<?>,allowed_address_pairs=<?>,binding=<?>,binding_levels=<?>,created_at=<?>,data_plane_status=<?>,description=<?>,device_id=<?>,device_owner=<?>,dhcp_options=<?>,distributed_binding=<?>,dns=<?>,fixed_ips=<?>,id=e43e3ede-1ada-4087-9b72-bfccf7e27ec6,mac_address=<?>,name=<?>,network_id=<?>,project_id=<?>,qos_policy_id=None,revision_number=<?>,security=<?>,security_group_ids=None,status=<?>,updated_at=<?>)], 'deleted') {} wrapper /usr/lib/python2.7/site-packages/oslo_log/helpers.py:66
2018-06-28 16:17:01.764 23317 DEBUG neutron.api.rpc.callbacks.version_manager [req-0229cf2d-3848-47ee-b1ee-8d4a689ab5ab eea73ea496b549d08420cdfa9ba618ef 48770901fea4429fb0b7fe7c0de1f63a - - -] Version for resource type Subnet changed None to 1.0 on consumer Open vSwitch agent@localhost.localdomain _set_version /usr/lib/python2.7/site-packages/neutron/api/rpc/callbacks/version_manager.py:119
2018-06-28 16:17:01.765 23317 DEBUG neutron.api.rpc.callbacks.version_manager [req-0229cf2d-3848-47ee-b1ee-8d4a689ab5ab eea73ea496b549d08420cdfa9ba618ef 48770901fea4429fb0b7fe7c0de1f63a - - -] Version for resource type Network changed None to 1.0 on consumer Open vSwitch agent@localhost.localdomain _set_version /usr/lib/python2.7/site-packages/neutron/api/rpc/callbacks/version_manager.py:119
2018-06-28 16:17:01.766 23317 DEBUG neutron.api.rpc.callbacks.version_manager [req-0229cf2d-3848-47ee-b1ee-8d4a689ab5ab eea73ea496b549d08420cdfa9ba618ef 48770901fea4429fb0b7fe7c0de1f63a - - -] Version for resource type SubPort changed None to 1.0 on consumer Open vSwitch agent@localhost.localdomain _set_version /usr/lib/python2.7/site-packages/neutron/api/rpc/callbacks/version_manager.py:119
2018-06-28 16:17:01.766 23317 DEBUG neutron.api.rpc.callbacks.version_manager [req-0229cf2d-3848-47ee-b1ee-8d4a689ab5ab eea73ea496b549d08420cdfa9ba618ef 48770901fea4429fb0b7fe7c0de1f63a - - -] Version for resource type SecurityGroup changed None to 1.0 on consumer Open vSwitch agent@localhost.localdomain _set_version /usr/lib/python2.7/site-packages/neutron/api/rpc/callbacks/version_manager.py:119
2018-06-28 16:17:01.767 23317 DEBUG neutron.api.rpc.callbacks.version_manager [req-0229cf2d-3848-47ee-b1ee-8d4a689ab5ab eea73ea496b549d08420cdfa9ba618ef 48770901fea4429fb0b7fe7c0de1f63a - - -] Version for resource type SecurityGroupRule changed None to 1.0 on consumer Open vSwitch agent@localhost.localdomain _set_version /usr/lib/python2.7/site-packages/neutron/api/rpc/callbacks/version_manager.py:119
2018-06-28 16:17:01.767 23317 DEBUG neutron.api.rpc.callbacks.version_manager [req-0229cf2d-3848-47ee-b1ee-8d4a689ab5ab eea73ea496b549d08420cdfa9ba618ef 48770901fea4429fb0b7fe7c0de1f63a - - -] Version for resource type Trunk changed None to 1.1 on consumer Open vSwitch agent@localhost.localdomain _set_version /usr/lib/python2.7/site-packages/neutron/api/rpc/callbacks/version_manager.py:119
2018-06-28 16:17:01.768 23317 DEBUG neutron.api.rpc.callbacks.version_manager [req-0229cf2d-3848-47ee-b1ee-8d4a689ab5ab eea73ea496b549d08420cdfa9ba618ef 48770901fea4429fb0b7fe7c0de1f63a - - -] Version for resource type QosPolicy changed None to 1.6 on consumer Open vSwitch agent@localhost.localdomain _set_version /usr/lib/python2.7/site-packages/neutron/api/rpc/callbacks/version_manager.py:119
2018-06-28 16:17:01.768 23317 DEBUG neutron.api.rpc.callbacks.version_manager [req-0229cf2d-3848-47ee-b1ee-8d4a689ab5ab eea73ea496b549d08420cdfa9ba618ef 48770901fea4429fb0b7fe7c0de1f63a - - -] Version for resource type Port changed None to 1.1 on consumer Open vSwitch agent@localhost.localdomain _set_version /usr/lib/python2.7/site-packages/neutron/api/rpc/callbacks/version_manager.py:119
2018-06-28 16:17:01.769 23317 DEBUG neutron.api.rpc.callbacks.version_manager [req-0229cf2d-3848-47ee-b1ee-8d4a689ab5ab eea73ea496b549d08420cdfa9ba618ef 48770901fea4429fb0b7fe7c0de1f63a - - -] Version for resource type Log changed None to 1.0 on consumer Open vSwitch agent@localhost.localdomain _set_version /usr/lib/python2.7/site-packages/neutron/api/rpc/callbacks/version_manager.py:119
2018-06-28 16:17:01.799 23317 DEBUG oslo_concurrency.lockutils [req-0229cf2d-3848-47ee-b1ee-8d4a689ab5ab eea73ea496b549d08420cdfa9ba618ef 48770901fea4429fb0b7fe7c0de1f63a - - -] Lock "event-dispatch" released by "neutron.plugins.ml2.ovo_rpc.dispatch_events" :: held 0.175s inner /usr/lib/python2.7/site-packages/oslo_concurrency/lockutils.py:282
