2018-07-03 00:49:26.543 21521 DEBUG neutron_lib.callbacks.manager [req-ea4977f8-42a2-49bd-af0b-942daa762c7d - - - - -] Notify callbacks ['neutron.services.segments.db._update_segment_host_mapping_for_agent-8729847876402'] for agent, after_update _notify_loop /usr/lib/python2.7/site-packages/neutron_lib/callbacks/manager.py:167
2018-07-03 00:49:28.089 21510 DEBUG neutron.wsgi [-] (21510) accepted ('10.0.20.23', 46054) server /usr/lib/python2.7/site-packages/eventlet/wsgi.py:883
2018-07-03 00:49:28.091 21510 INFO neutron.wsgi [-] 10.0.20.23 "GET / HTTP/1.1" status: 200  len: 252 time: 0.0012939
2018-07-03 00:49:28.818 21510 INFO neutron.api.v2.resource [req-2a542c69-8598-4a49-a28b-a41f9e8ef19b 4e72ad8ceb8f47a28db5a4b3551f9335 007e7f1ed2554995b505b934dd328646 - default default] show failed (client error): The resource could not be found.
2018-07-03 00:49:28.820 21510 INFO neutron.wsgi [req-2a542c69-8598-4a49-a28b-a41f9e8ef19b 4e72ad8ceb8f47a28db5a4b3551f9335 007e7f1ed2554995b505b934dd328646 - default default] 10.0.20.23 "GET /v2.0/routers/tempest-router-1530571059 HTTP/1.1" status: 404  len: 334 time: 0.7250979
2018-07-03 00:49:28.977 21510 INFO neutron.wsgi [req-b52fda79-b8a1-4419-959e-076e63d5067e 4e72ad8ceb8f47a28db5a4b3551f9335 007e7f1ed2554995b505b934dd328646 - default default] 10.0.20.23 "GET /v2.0/routers HTTP/1.1" status: 200  len: 1412 time: 0.1512082
2018-07-03 00:49:29.092 21510 DEBUG neutron_lib.callbacks.manager [req-30a66c1c-d3ec-4ea9-a456-b863f61b4aa4 4e72ad8ceb8f47a28db5a4b3551f9335 007e7f1ed2554995b505b934dd328646 - default default] Notify callbacks [] for router, before_delete _notify_loop /usr/lib/python2.7/site-packages/neutron_lib/callbacks/manager.py:167
2018-07-03 00:49:29.319 21510 DEBUG neutron_lib.callbacks.manager [req-30a66c1c-d3ec-4ea9-a456-b863f61b4aa4 4e72ad8ceb8f47a28db5a4b3551f9335 007e7f1ed2554995b505b934dd328646 - default default] Notify callbacks ['neutron.services.l3_router.service_providers.driver_controller.DriverController._clear_router_provider--9223372036854732646', 'neutron.services.l3_router.l3_router_plugin.L3RouterPlugin._release_router_vr_id-769231'] for router, precommit_delete _notify_loop /usr/lib/python2.7/site-packages/neutron_lib/callbacks/manager.py:167
2018-07-03 00:49:29.482 21510 DEBUG neutron_lib.callbacks.manager [req-30a66c1c-d3ec-4ea9-a456-b863f61b4aa4 4e72ad8ceb8f47a28db5a4b3551f9335 007e7f1ed2554995b505b934dd328646 - default default] Notify callbacks ['neutron.services.l3_router.l3_router_plugin.L3RouterPlugin._cleanup_ha_network-770314'] for router, after_delete _notify_loop /usr/lib/python2.7/site-packages/neutron_lib/callbacks/manager.py:167
2018-07-03 00:49:29.484 21510 DEBUG neutron.api.rpc.agentnotifiers.l3_rpc_agent_api [req-30a66c1c-d3ec-4ea9-a456-b863f61b4aa4 4e72ad8ceb8f47a28db5a4b3551f9335 007e7f1ed2554995b505b934dd328646 - default default] Fanout notify agent at l3_agent the message router_deleted on router 2627b8da-ec97-4864-88f3-2ad338c34e16 _notification_fanout /usr/lib/python2.7/site-packages/neutron/api/rpc/agentnotifiers/l3_rpc_agent_api.py:118
2018-07-03 00:49:29.528 21510 DEBUG neutron.quota.resource [req-30a66c1c-d3ec-4ea9-a456-b863f61b4aa4 4e72ad8ceb8f47a28db5a4b3551f9335 007e7f1ed2554995b505b934dd328646 - default default] Persisted dirty status for tenant:3339d45d1af14e0aa2818431e45d0a86 on resource:router mark_dirty /usr/lib/python2.7/site-packages/neutron/quota/resource.py:207
2018-07-03 00:49:29.560 21510 DEBUG neutron_lib.callbacks.manager [req-30a66c1c-d3ec-4ea9-a456-b863f61b4aa4 4e72ad8ceb8f47a28db5a4b3551f9335 007e7f1ed2554995b505b934dd328646 - default default] Notify callbacks [] for router, before_response _notify_loop /usr/lib/python2.7/site-packages/neutron_lib/callbacks/manager.py:167
2018-07-03 00:49:29.563 21510 INFO neutron.wsgi [req-30a66c1c-d3ec-4ea9-a456-b863f61b4aa4 4e72ad8ceb8f47a28db5a4b3551f9335 007e7f1ed2554995b505b934dd328646 - default default] 10.0.20.23 "DELETE /v2.0/routers/2627b8da-ec97-4864-88f3-2ad338c34e16 HTTP/1.1" status: 204  len: 173 time: 0.5802610
2018-07-03 00:49:35.851 21510 DEBUG neutron.wsgi [-] (21510) accepted ('10.0.20.23', 46084) server /usr/lib/python2.7/site-packages/eventlet/wsgi.py:883
2018-07-03 00:49:35.855 21510 INFO neutron.wsgi [-] 10.0.20.23 "GET / HTTP/1.1" status: 200  len: 252 time: 0.0020261
2018-07-03 00:49:36.459 21510 INFO neutron.pecan_wsgi.hooks.translation [req-1c903313-5cd3-4410-8ec3-e7e18b8ffce2 4e72ad8ceb8f47a28db5a4b3551f9335 007e7f1ed2554995b505b934dd328646 - default default] GET failed (client error): The resource could not be found.
2018-07-03 00:49:36.461 21510 INFO neutron.wsgi [req-1c903313-5cd3-4410-8ec3-e7e18b8ffce2 4e72ad8ceb8f47a28db5a4b3551f9335 007e7f1ed2554995b505b934dd328646 - default default] 10.0.20.23 "GET /v2.0/networks/tempest-private-1530571059 HTTP/1.1" status: 404  len: 334 time: 0.6001360
2018-07-03 00:49:36.727 21510 DEBUG neutron.pecan_wsgi.hooks.policy_enforcement [req-afee38c6-3542-4cb6-b87e-e560fcdb70de 4e72ad8ceb8f47a28db5a4b3551f9335 007e7f1ed2554995b505b934dd328646 - default default] Attributes excluded by policy engine: [u'vlan_transparent'] _exclude_attributes_by_policy /usr/lib/python2.7/site-packages/neutron/pecan_wsgi/hooks/policy_enforcement.py:256
2018-07-03 00:49:36.728 21510 DEBUG neutron.pecan_wsgi.hooks.policy_enforcement [req-afee38c6-3542-4cb6-b87e-e560fcdb70de 4e72ad8ceb8f47a28db5a4b3551f9335 007e7f1ed2554995b505b934dd328646 - default default] Attributes excluded by policy engine: [u'vlan_transparent'] _exclude_attributes_by_policy /usr/lib/python2.7/site-packages/neutron/pecan_wsgi/hooks/policy_enforcement.py:256
2018-07-03 00:49:36.729 21510 DEBUG neutron.pecan_wsgi.hooks.policy_enforcement [req-afee38c6-3542-4cb6-b87e-e560fcdb70de 4e72ad8ceb8f47a28db5a4b3551f9335 007e7f1ed2554995b505b934dd328646 - default default] Attributes excluded by policy engine: [u'vlan_transparent'] _exclude_attributes_by_policy /usr/lib/python2.7/site-packages/neutron/pecan_wsgi/hooks/policy_enforcement.py:256
2018-07-03 00:49:36.732 21510 INFO neutron.wsgi [req-afee38c6-3542-4cb6-b87e-e560fcdb70de 4e72ad8ceb8f47a28db5a4b3551f9335 007e7f1ed2554995b505b934dd328646 - default default] 10.0.20.23 "GET /v2.0/networks HTTP/1.1" status: 200  len: 2214 time: 0.2657461
2018-07-03 00:49:36.793 21522 DEBUG neutron_lib.callbacks.manager [req-858daee0-4cee-4d42-b5ac-0409cdc84905 - - - - -] Notify callbacks ['neutron.services.segments.db._update_segment_host_mapping_for_agent-8729847876402'] for agent, after_update _notify_loop /usr/lib/python2.7/site-packages/neutron_lib/callbacks/manager.py:167
2018-07-03 00:49:36.854 21510 INFO neutron.wsgi [req-8a59dfd7-7ded-4b35-be22-bc1071383d48 4e72ad8ceb8f47a28db5a4b3551f9335 007e7f1ed2554995b505b934dd328646 - default default] 10.0.20.23 "GET /v2.0/ports?network_id=d53cfc9b-6307-4706-8c85-cf399d56346e HTTP/1.1" status: 200  len: 1128 time: 0.1124880
2018-07-03 00:49:39.630 21530 DEBUG neutron.db.agents_db [req-ad3f45e7-2eff-4965-a74e-6e0d368dc05d - - - - -] Agent healthcheck: found 5 active agents agent_health_check /usr/lib/python2.7/site-packages/neutron/db/agents_db.py:281
2018-07-03 00:49:44.159 21510 DEBUG neutron.wsgi [-] (21510) accepted ('10.0.20.23', 46108) server /usr/lib/python2.7/site-packages/eventlet/wsgi.py:883
2018-07-03 00:49:44.169 21510 INFO neutron.wsgi [-] 10.0.20.23 "GET / HTTP/1.1" status: 200  len: 252 time: 0.0026641
2018-07-03 00:49:44.941 21510 INFO neutron.wsgi [req-e42eb275-ba39-4995-8bb8-078a899f5742 4e72ad8ceb8f47a28db5a4b3551f9335 007e7f1ed2554995b505b934dd328646 - default default] 10.0.20.23 "GET /v2.0/ports/9ffaca3d-f4a9-4c1e-adca-7fe1bd178dda HTTP/1.1" status: 200  len: 1125 time: 0.7644160
2018-07-03 00:49:45.089 21510 DEBUG neutron.plugins.ml2.plugin [req-605e0f09-de0f-405f-ac05-59530f951251 4e72ad8ceb8f47a28db5a4b3551f9335 007e7f1ed2554995b505b934dd328646 - default default] Deleting port 9ffaca3d-f4a9-4c1e-adca-7fe1bd178dda _pre_delete_port /usr/lib/python2.7/site-packages/neutron/plugins/ml2/plugin.py:1488
2018-07-03 00:49:45.090 21510 DEBUG neutron_lib.callbacks.manager [req-605e0f09-de0f-405f-ac05-59530f951251 4e72ad8ceb8f47a28db5a4b3551f9335 007e7f1ed2554995b505b934dd328646 - default default] Notify callbacks ['neutron.db.l3_db._prevent_l3_port_delete_callback-8729848076262'] for port, before_delete _notify_loop /usr/lib/python2.7/site-packages/neutron_lib/callbacks/manager.py:167
2018-07-03 00:49:45.523 21510 DEBUG neutron.plugins.ml2.db [req-605e0f09-de0f-405f-ac05-59530f951251 4e72ad8ceb8f47a28db5a4b3551f9335 007e7f1ed2554995b505b934dd328646 - default default] For port 9ffaca3d-f4a9-4c1e-adca-7fe1bd178dda, host localhost.localdomain, got binding levels [<neutron.plugins.ml2.models.PortBindingLevel[object at 7f0936283b90] {port_id=u'9ffaca3d-f4a9-4c1e-adca-7fe1bd178dda', host=u'localhost.localdomain', level=0, driver=u'openvswitch', segment_id=u'81332797-3c13-4bcf-9e21-a0d869b78cb0'}>] get_binding_levels /usr/lib/python2.7/site-packages/neutron/plugins/ml2/db.py:106
2018-07-03 00:49:45.575 21510 DEBUG neutron.plugins.ml2.plugin [req-605e0f09-de0f-405f-ac05-59530f951251 4e72ad8ceb8f47a28db5a4b3551f9335 007e7f1ed2554995b505b934dd328646 - default default] Calling delete_port for 9ffaca3d-f4a9-4c1e-adca-7fe1bd178dda owned by network:dhcp delete_port /usr/lib/python2.7/site-packages/neutron/plugins/ml2/plugin.py:1547
2018-07-03 00:49:45.917 21510 DEBUG neutron_lib.callbacks.manager [req-605e0f09-de0f-405f-ac05-59530f951251 4e72ad8ceb8f47a28db5a4b3551f9335 007e7f1ed2554995b505b934dd328646 - default default] Notify callbacks ['neutron.plugins.ml2.plugin.Ml2Plugin.notify_sg_on_port_change-381653', 'neutron.db.l3_dvrscheduler_db._notify_port_delete--9223363307007261775', 'neutron.db.l3_db._notify_routers_callback--9223363307006721600', 'neutron.plugins.ml2.ovo_rpc._ObjectChangeHandler.handle_event-743258', 'neutron.api.rpc.agentnotifiers.dhcp_rpc_agent_api.DhcpAgentNotifyAPI._native_event_send_dhcp_notification-16142819'] for port, after_delete _notify_loop /usr/lib/python2.7/site-packages/neutron_lib/callbacks/manager.py:167
2018-07-03 00:49:46.132 21510 DEBUG neutron.db.l3_dvrscheduler_db [req-605e0f09-de0f-405f-ac05-59530f951251 4e72ad8ceb8f47a28db5a4b3551f9335 007e7f1ed2554995b505b934dd328646 - default default] No DVR routers for this DVR port 9ffaca3d-f4a9-4c1e-adca-7fe1bd178dda on host localhost.localdomain get_dvr_routers_to_remove /usr/lib/python2.7/site-packages/neutron/db/l3_dvrscheduler_db.py:191
2018-07-03 00:49:46.159 21510 DEBUG oslo_concurrency.lockutils [-] Lock "event-dispatch" acquired by "neutron.plugins.ml2.ovo_rpc.dispatch_events" :: waited 0.000s inner /usr/lib/python2.7/site-packages/oslo_concurrency/lockutils.py:270
2018-07-03 00:49:46.314 21510 DEBUG neutron.api.rpc.handlers.resources_rpc [req-605e0f09-de0f-405f-ac05-59530f951251 4e72ad8ceb8f47a28db5a4b3551f9335 007e7f1ed2554995b505b934dd328646 - - -] neutron.api.rpc.handlers.resources_rpc.ResourcesPushRpcApi method push called with arguments (<neutron_lib.context.Context object at 0x7f0935fbd550>, [Port(admin_state_up=<?>,allowed_address_pairs=<?>,binding=<?>,binding_levels=<?>,created_at=<?>,data_plane_status=<?>,description=<?>,device_id=<?>,device_owner=<?>,dhcp_options=<?>,distributed_binding=<?>,dns=<?>,fixed_ips=<?>,id=9ffaca3d-f4a9-4c1e-adca-7fe1bd178dda,mac_address=<?>,name=<?>,network_id=<?>,project_id=<?>,qos_policy_id=None,revision_number=<?>,security=<?>,security_group_ids=None,status=<?>,updated_at=<?>)], 'deleted') {} wrapper /usr/lib/python2.7/site-packages/oslo_log/helpers.py:66
2018-07-03 00:49:46.530 21510 DEBUG neutron.api.rpc.callbacks.version_manager [req-605e0f09-de0f-405f-ac05-59530f951251 4e72ad8ceb8f47a28db5a4b3551f9335 007e7f1ed2554995b505b934dd328646 - - -] Version for resource type Subnet changed None to 1.0 on consumer Open vSwitch agent@localhost.localdomain _set_version /usr/lib/python2.7/site-packages/neutron/api/rpc/callbacks/version_manager.py:119
2018-07-03 00:49:46.531 21510 DEBUG neutron.api.rpc.callbacks.version_manager [req-605e0f09-de0f-405f-ac05-59530f951251 4e72ad8ceb8f47a28db5a4b3551f9335 007e7f1ed2554995b505b934dd328646 - - -] Version for resource type Network changed None to 1.0 on consumer Open vSwitch agent@localhost.localdomain _set_version /usr/lib/python2.7/site-packages/neutron/api/rpc/callbacks/version_manager.py:119
2018-07-03 00:49:46.531 21510 DEBUG neutron.api.rpc.callbacks.version_manager [req-605e0f09-de0f-405f-ac05-59530f951251 4e72ad8ceb8f47a28db5a4b3551f9335 007e7f1ed2554995b505b934dd328646 - - -] Version for resource type SubPort changed None to 1.0 on consumer Open vSwitch agent@localhost.localdomain _set_version /usr/lib/python2.7/site-packages/neutron/api/rpc/callbacks/version_manager.py:119
2018-07-03 00:49:46.532 21510 DEBUG neutron.api.rpc.callbacks.version_manager [req-605e0f09-de0f-405f-ac05-59530f951251 4e72ad8ceb8f47a28db5a4b3551f9335 007e7f1ed2554995b505b934dd328646 - - -] Version for resource type SecurityGroup changed None to 1.0 on consumer Open vSwitch agent@localhost.localdomain _set_version /usr/lib/python2.7/site-packages/neutron/api/rpc/callbacks/version_manager.py:119
2018-07-03 00:49:46.532 21510 DEBUG neutron.api.rpc.callbacks.version_manager [req-605e0f09-de0f-405f-ac05-59530f951251 4e72ad8ceb8f47a28db5a4b3551f9335 007e7f1ed2554995b505b934dd328646 - - -] Version for resource type SecurityGroupRule changed None to 1.0 on consumer Open vSwitch agent@localhost.localdomain _set_version /usr/lib/python2.7/site-packages/neutron/api/rpc/callbacks/version_manager.py:119
2018-07-03 00:49:46.533 21510 DEBUG neutron.api.rpc.callbacks.version_manager [req-605e0f09-de0f-405f-ac05-59530f951251 4e72ad8ceb8f47a28db5a4b3551f9335 007e7f1ed2554995b505b934dd328646 - - -] Version for resource type Trunk changed None to 1.1 on consumer Open vSwitch agent@localhost.localdomain _set_version /usr/lib/python2.7/site-packages/neutron/api/rpc/callbacks/version_manager.py:119
2018-07-03 00:49:46.534 21510 DEBUG neutron.api.rpc.callbacks.version_manager [req-605e0f09-de0f-405f-ac05-59530f951251 4e72ad8ceb8f47a28db5a4b3551f9335 007e7f1ed2554995b505b934dd328646 - - -] Version for resource type QosPolicy changed None to 1.6 on consumer Open vSwitch agent@localhost.localdomain _set_version /usr/lib/python2.7/site-packages/neutron/api/rpc/callbacks/version_manager.py:119
2018-07-03 00:49:46.534 21510 DEBUG neutron.api.rpc.callbacks.version_manager [req-605e0f09-de0f-405f-ac05-59530f951251 4e72ad8ceb8f47a28db5a4b3551f9335 007e7f1ed2554995b505b934dd328646 - - -] Version for resource type Port changed None to 1.1 on consumer Open vSwitch agent@localhost.localdomain _set_version /usr/lib/python2.7/site-packages/neutron/api/rpc/callbacks/version_manager.py:119
2018-07-03 00:49:46.535 21510 DEBUG neutron.api.rpc.callbacks.version_manager [req-605e0f09-de0f-405f-ac05-59530f951251 4e72ad8ceb8f47a28db5a4b3551f9335 007e7f1ed2554995b505b934dd328646 - - -] Version for resource type Log changed None to 1.0 on consumer Open vSwitch agent@localhost.localdomain _set_version /usr/lib/python2.7/site-packages/neutron/api/rpc/callbacks/version_manager.py:119
2018-07-03 00:49:46.589 21510 DEBUG oslo_concurrency.lockutils [req-605e0f09-de0f-405f-ac05-59530f951251 4e72ad8ceb8f47a28db5a4b3551f9335 007e7f1ed2554995b505b934dd328646 - - -] Lock "event-dispatch" released by "neutron.plugins.ml2.ovo_rpc.dispatch_events" :: held 0.430s inner /usr/lib/python2.7/site-packages/oslo_concurrency/lockutils.py:282
2018-07-03 00:49:46.674 21510 DEBUG neutron_lib.callbacks.manager [req-605e0f09-de0f-405f-ac05-59530f951251 4e72ad8ceb8f47a28db5a4b3551f9335 007e7f1ed2554995b505b934dd328646 - default default] Notify callbacks ['neutron.notifiers.nova.Notifier._send_nova_notification--9223372036854745392'] for port, before_response _notify_loop /usr/lib/python2.7/site-packages/neutron_lib/callbacks/manager.py:167
2018-07-03 00:49:46.694 21510 DEBUG neutron.quota.resource [req-605e0f09-de0f-405f-ac05-59530f951251 4e72ad8ceb8f47a28db5a4b3551f9335 007e7f1ed2554995b505b934dd328646 - default default] Persisted dirty status for tenant:3339d45d1af14e0aa2818431e45d0a86 on resource:port mark_dirty /usr/lib/python2.7/site-packages/neutron/quota/resource.py:207
2018-07-03 00:49:46.699 21510 INFO neutron.wsgi [req-605e0f09-de0f-405f-ac05-59530f951251 4e72ad8ceb8f47a28db5a4b3551f9335 007e7f1ed2554995b505b934dd328646 - default default] 10.0.20.23 "DELETE /v2.0/ports/9ffaca3d-f4a9-4c1e-adca-7fe1bd178dda HTTP/1.1" status: 204  len: 173 time: 1.7458510
2018-07-03 00:49:46.759 21524 DEBUG neutron.api.rpc.handlers.dhcp_rpc [req-33308634-106a-4df3-9576-dbc6a7645ce9 - - - - -] DHCP port deletion for d53cfc9b-6307-4706-8c85-cf399d56346e request from localhost.localdomain release_dhcp_port /usr/lib/python2.7/site-packages/neutron/api/rpc/handlers/dhcp_rpc.py:244
2018-07-03 00:49:47.290 21526 DEBUG neutron.plugins.ml2.rpc [req-31df0e91-9502-46c0-9c1b-c8e47832d998 - - - - -] Device 9ffaca3d-f4a9-4c1e-adca-7fe1bd178dda no longer exists at agent ovs-agent-localhost.localdomain update_device_down /usr/lib/python2.7/site-packages/neutron/plugins/ml2/rpc.py:213
2018-07-03 00:49:47.349 21526 DEBUG neutron.plugins.ml2.plugin [req-31df0e91-9502-46c0-9c1b-c8e47832d998 - - - - -] No Port match for: 9ffaca3d-f4a9-4c1e-adca-7fe1bd178dda port_bound_to_host /usr/lib/python2.7/site-packages/neutron/plugins/ml2/plugin.py:1806
2018-07-03 00:49:47.350 21526 DEBUG neutron.plugins.ml2.rpc [req-31df0e91-9502-46c0-9c1b-c8e47832d998 - - - - -] Device 9ffaca3d-f4a9-4c1e-adca-7fe1bd178dda not bound to the agent host localhost.localdomain update_device_down /usr/lib/python2.7/site-packages/neutron/plugins/ml2/rpc.py:221
2018-07-03 00:49:48.543 21518 DEBUG neutron.wsgi [req-b6906559-423c-47f1-94f2-9b70425948f4 4e72ad8ceb8f47a28db5a4b3551f9335 007e7f1ed2554995b505b934dd328646 - default default] (21518) timed out ('10.0.20.23', 53932) process_request /usr/lib/python2.7/site-packages/eventlet/wsgi.py:739
2018-07-03 00:49:49.098 21527 DEBUG neutron_lib.callbacks.manager [req-3dad191f-02c0-46f9-8e03-af4ca2164af7 - - - - -] Notify callbacks ['neutron.services.segments.db._update_segment_host_mapping_for_agent-8729847876402'] for agent, after_update _notify_loop /usr/lib/python2.7/site-packages/neutron_lib/callbacks/manager.py:167
2018-07-03 00:49:50.171 21527 DEBUG neutron.api.rpc.handlers.dhcp_rpc [req-cdf5b2be-5dfa-4dfe-99be-8ed343a46a05 - - - - -] get_active_networks_info from localhost.localdomain get_active_networks_info /usr/lib/python2.7/site-packages/neutron/api/rpc/handlers/dhcp_rpc.py:141
2018-07-03 00:49:52.359 21528 DEBUG neutron.api.rpc.handlers.dhcp_rpc [req-91b8c045-e867-4e60-90ec-133568fb7d5c - - - - -] Create dhcp port {u'port': {u'name': u'', u'admin_state_up': True, u'network_id': u'd53cfc9b-6307-4706-8c85-cf399d56346e', u'tenant_id': u'3339d45d1af14e0aa2818431e45d0a86', u'fixed_ips': [{u'subnet_id': u'13c67a85-cd8e-4abf-85c4-308dc3d75a1b'}], u'device_id': u'dhcpcd8f5f9f-e3e8-569f-87ef-f03c6cfc29bc-d53cfc9b-6307-4706-8c85-cf399d56346e'}} from localhost.localdomain. create_dhcp_port /usr/lib/python2.7/site-packages/neutron/api/rpc/handlers/dhcp_rpc.py:264
2018-07-03 00:49:52.363 21528 DEBUG neutron_lib.callbacks.manager [req-91b8c045-e867-4e60-90ec-133568fb7d5c - - - - -] Notify callbacks ['neutron.plugins.ml2.plugin.Ml2Plugin._ensure_default_security_group_handler--9223372036854394264'] for port, before_create _notify_loop /usr/lib/python2.7/site-packages/neutron_lib/callbacks/manager.py:167
2018-07-03 00:49:52.689 21529 DEBUG neutron_lib.callbacks.manager [req-3fc8df13-0764-4f84-9d11-6c4715517c88 - - - - -] Notify callbacks ['neutron.services.segments.db._update_segment_host_mapping_for_agent-8729847876402'] for agent, after_update _notify_loop /usr/lib/python2.7/site-packages/neutron_lib/callbacks/manager.py:167
2018-07-03 00:49:53.205 21528 DEBUG neutron.db.db_base_plugin_common [req-91b8c045-e867-4e60-90ec-133568fb7d5c - - - - -] Allocated IP 11.150.1.2 (d53cfc9b-6307-4706-8c85-cf399d56346e/13c67a85-cd8e-4abf-85c4-308dc3d75a1b/98c454c0-6252-4dd8-9bbc-26f90b05d6bd) _store_ip_allocation /usr/lib/python2.7/site-packages/neutron/db/db_base_plugin_common.py:122
2018-07-03 00:49:53.733 21528 DEBUG neutron_lib.callbacks.manager [req-91b8c045-e867-4e60-90ec-133568fb7d5c - - - - -] Notify callbacks [] for port, precommit_create _notify_loop /usr/lib/python2.7/site-packages/neutron_lib/callbacks/manager.py:167
2018-07-03 00:49:53.759 21528 DEBUG neutron.db.provisioning_blocks [req-91b8c045-e867-4e60-90ec-133568fb7d5c - - - - -] Transition to ACTIVE for port object 98c454c0-6252-4dd8-9bbc-26f90b05d6bd will not be triggered until provisioned by entity L2. add_provisioning_component /usr/lib/python2.7/site-packages/neutron/db/provisioning_blocks.py:73
2018-07-03 00:49:53.807 21528 DEBUG neutron.db.provisioning_blocks [req-91b8c045-e867-4e60-90ec-133568fb7d5c - - - - -] Transition to ACTIVE for port object 98c454c0-6252-4dd8-9bbc-26f90b05d6bd will not be triggered until provisioned by entity DHCP. add_provisioning_component /usr/lib/python2.7/site-packages/neutron/db/provisioning_blocks.py:73
2018-07-03 00:49:53.820 21528 DEBUG neutron_lib.callbacks.manager [req-91b8c045-e867-4e60-90ec-133568fb7d5c - - - - -] Notify callbacks ['neutron.plugins.ml2.plugin.Ml2Plugin.notify_sg_on_port_change-381653', 'neutron.plugins.ml2.ovo_rpc._ObjectChangeHandler.handle_event-743258', 'neutron.api.rpc.agentnotifiers.dhcp_rpc_agent_api.DhcpAgentNotifyAPI._native_event_send_dhcp_notification-16142819', 'neutron.db.l3_dvrscheduler_db._notify_l3_agent_new_port-8729847514026'] for port, after_create _notify_loop /usr/lib/python2.7/site-packages/neutron_lib/callbacks/manager.py:167
2018-07-03 00:49:54.021 21524 DEBUG neutron_lib.callbacks.manager [req-31df0e91-9502-46c0-9c1b-c8e47832d998 - - - - -] Notify callbacks ['neutron.services.segments.db._update_segment_host_mapping_for_agent-8729847876402'] for agent, after_update _notify_loop /usr/lib/python2.7/site-packages/neutron_lib/callbacks/manager.py:167
2018-07-03 00:49:54.204 21510 DEBUG neutron.wsgi [-] (21510) accepted ('10.0.20.23', 46158) server /usr/lib/python2.7/site-packages/eventlet/wsgi.py:883
2018-07-03 00:49:54.208 21510 INFO neutron.wsgi [-] 10.0.20.23 "GET / HTTP/1.1" status: 200  len: 252 time: 0.0021060
2018-07-03 00:49:54.367 21528 DEBUG oslo_concurrency.lockutils [-] Lock "event-dispatch" acquired by "neutron.plugins.ml2.ovo_rpc.dispatch_events" :: waited 0.000s inner /usr/lib/python2.7/site-packages/oslo_concurrency/lockutils.py:270
2018-07-03 00:49:54.871 21510 INFO neutron.pecan_wsgi.hooks.translation [req-5c5f5bab-52c6-4c3e-94ca-71acc91ed68d 4e72ad8ceb8f47a28db5a4b3551f9335 007e7f1ed2554995b505b934dd328646 - default default] GET failed (client error): The resource could not be found.
2018-07-03 00:49:54.875 21510 INFO neutron.wsgi [req-5c5f5bab-52c6-4c3e-94ca-71acc91ed68d 4e72ad8ceb8f47a28db5a4b3551f9335 007e7f1ed2554995b505b934dd328646 - default default] 10.0.20.23 "GET /v2.0/networks/tempest-private-1530571059 HTTP/1.1" status: 404  len: 334 time: 0.6603231
2018-07-03 00:49:55.122 21510 DEBUG neutron.pecan_wsgi.hooks.policy_enforcement [req-b0e42823-47fe-4465-8cda-721031f21124 4e72ad8ceb8f47a28db5a4b3551f9335 007e7f1ed2554995b505b934dd328646 - default default] Attributes excluded by policy engine: [u'vlan_transparent'] _exclude_attributes_by_policy /usr/lib/python2.7/site-packages/neutron/pecan_wsgi/hooks/policy_enforcement.py:256
2018-07-03 00:49:55.123 21510 DEBUG neutron.pecan_wsgi.hooks.policy_enforcement [req-b0e42823-47fe-4465-8cda-721031f21124 4e72ad8ceb8f47a28db5a4b3551f9335 007e7f1ed2554995b505b934dd328646 - default default] Attributes excluded by policy engine: [u'vlan_transparent'] _exclude_attributes_by_policy /usr/lib/python2.7/site-packages/neutron/pecan_wsgi/hooks/policy_enforcement.py:256
2018-07-03 00:49:55.123 21510 DEBUG neutron.pecan_wsgi.hooks.policy_enforcement [req-b0e42823-47fe-4465-8cda-721031f21124 4e72ad8ceb8f47a28db5a4b3551f9335 007e7f1ed2554995b505b934dd328646 - default default] Attributes excluded by policy engine: [u'vlan_transparent'] _exclude_attributes_by_policy /usr/lib/python2.7/site-packages/neutron/pecan_wsgi/hooks/policy_enforcement.py:256
2018-07-03 00:49:55.125 21510 INFO neutron.wsgi [req-b0e42823-47fe-4465-8cda-721031f21124 4e72ad8ceb8f47a28db5a4b3551f9335 007e7f1ed2554995b505b934dd328646 - default default] 10.0.20.23 "GET /v2.0/networks HTTP/1.1" status: 200  len: 2214 time: 0.2290699
2018-07-03 00:49:55.152 21528 DEBUG neutron.api.rpc.handlers.resources_rpc [req-91b8c045-e867-4e60-90ec-133568fb7d5c - - - - -] neutron.api.rpc.handlers.resources_rpc.ResourcesPushRpcApi method push called with arguments (<neutron_lib.context.Context object at 0x7f09366bd2d0>, [Port(admin_state_up=True,allowed_address_pairs=[],binding=PortBinding,binding_levels=[],created_at=2018-07-02T22:49:52Z,data_plane_status=<?>,description='',device_id='dhcpcd8f5f9f-e3e8-569f-87ef-f03c6cfc29bc-d53cfc9b-6307-4706-8c85-cf399d56346e',device_owner='network:dhcp',dhcp_options=[],distributed_binding=None,dns=None,fixed_ips=[IPAllocation],id=98c454c0-6252-4dd8-9bbc-26f90b05d6bd,mac_address=fa:16:3e:da:ae:bc,name='',network_id=d53cfc9b-6307-4706-8c85-cf399d56346e,project_id='3339d45d1af14e0aa2818431e45d0a86',qos_policy_id=None,revision_number=3,security=PortSecurity(98c454c0-6252-4dd8-9bbc-26f90b05d6bd),security_group_ids=set([]),status='DOWN',updated_at=2018-07-02T22:49:53Z)], 'updated') {} wrapper /usr/lib/python2.7/site-packages/oslo_log/helpers.py:66
2018-07-03 00:49:55.180 21528 DEBUG neutron.api.rpc.callbacks.version_manager [req-91b8c045-e867-4e60-90ec-133568fb7d5c - - - - -] Version for resource type Subnet changed None to 1.0 on consumer Open vSwitch agent@localhost.localdomain _set_version /usr/lib/python2.7/site-packages/neutron/api/rpc/callbacks/version_manager.py:119
2018-07-03 00:49:55.180 21528 DEBUG neutron.api.rpc.callbacks.version_manager [req-91b8c045-e867-4e60-90ec-133568fb7d5c - - - - -] Version for resource type Network changed None to 1.0 on consumer Open vSwitch agent@localhost.localdomain _set_version /usr/lib/python2.7/site-packages/neutron/api/rpc/callbacks/version_manager.py:119
2018-07-03 00:49:55.181 21528 DEBUG neutron.api.rpc.callbacks.version_manager [req-91b8c045-e867-4e60-90ec-133568fb7d5c - - - - -] Version for resource type SubPort changed None to 1.0 on consumer Open vSwitch agent@localhost.localdomain _set_version /usr/lib/python2.7/site-packages/neutron/api/rpc/callbacks/version_manager.py:119
2018-07-03 00:49:55.181 21528 DEBUG neutron.api.rpc.callbacks.version_manager [req-91b8c045-e867-4e60-90ec-133568fb7d5c - - - - -] Version for resource type SecurityGroup changed None to 1.0 on consumer Open vSwitch agent@localhost.localdomain _set_version /usr/lib/python2.7/site-packages/neutron/api/rpc/callbacks/version_manager.py:119
2018-07-03 00:49:55.181 21528 DEBUG neutron.api.rpc.callbacks.version_manager [req-91b8c045-e867-4e60-90ec-133568fb7d5c - - - - -] Version for resource type SecurityGroupRule changed None to 1.0 on consumer Open vSwitch agent@localhost.localdomain _set_version /usr/lib/python2.7/site-packages/neutron/api/rpc/callbacks/version_manager.py:119
2018-07-03 00:49:55.182 21528 DEBUG neutron.api.rpc.callbacks.version_manager [req-91b8c045-e867-4e60-90ec-133568fb7d5c - - - - -] Version for resource type Trunk changed None to 1.1 on consumer Open vSwitch agent@localhost.localdomain _set_version /usr/lib/python2.7/site-packages/neutron/api/rpc/callbacks/version_manager.py:119
2018-07-03 00:49:55.182 21528 DEBUG neutron.api.rpc.callbacks.version_manager [req-91b8c045-e867-4e60-90ec-133568fb7d5c - - - - -] Version for resource type QosPolicy changed None to 1.6 on consumer Open vSwitch agent@localhost.localdomain _set_version /usr/lib/python2.7/site-packages/neutron/api/rpc/callbacks/version_manager.py:119
2018-07-03 00:49:55.183 21528 DEBUG neutron.api.rpc.callbacks.version_manager [req-91b8c045-e867-4e60-90ec-133568fb7d5c - - - - -] Version for resource type Port changed None to 1.1 on consumer Open vSwitch agent@localhost.localdomain _set_version /usr/lib/python2.7/site-packages/neutron/api/rpc/callbacks/version_manager.py:119
2018-07-03 00:49:55.183 21528 DEBUG neutron.api.rpc.callbacks.version_manager [req-91b8c045-e867-4e60-90ec-133568fb7d5c - - - - -] Version for resource type Log changed None to 1.0 on consumer Open vSwitch agent@localhost.localdomain _set_version /usr/lib/python2.7/site-packages/neutron/api/rpc/callbacks/version_manager.py:119
2018-07-03 00:49:55.184 21528 DEBUG neutron.api.rpc.callbacks.version_manager [req-91b8c045-e867-4e60-90ec-133568fb7d5c - - - - -] Tracked resource versions report:
pushed versions:
{   'Log': set(['1.0']),
    'Network': set(['1.0']),
    'Port': set(['1.1']),
    'QosPolicy': set(['1.6']),
    'SecurityGroup': set(['1.0']),
    'SecurityGroupRule': set(['1.0']),
    'SubPort': set(['1.0']),
    'Subnet': set(['1.0']),
    'Trunk': set(['1.1'])}

consumer versions:
{   DHCP agent@localhost.localdomain: {   },
    L3 agent@localhost.localdomain: {   },
    Metadata agent@localhost.localdomain: {   },
    Metering agent@localhost.localdomain: {   },
    Open vSwitch agent@localhost.localdomain: {   u'Log': u'1.0',
                                                  u'Network': u'1.0',
                                                  u'Port': u'1.1',
                                                  u'QosPolicy': u'1.6',
                                                  u'SecurityGroup': u'1.0',
                                                  u'SecurityGroupRule': u'1.0',
                                                  u'SubPort': u'1.0',
                                                  u'Subnet': u'1.0',
                                                  u'Trunk': u'1.1'}}
 report /usr/lib/python2.7/site-packages/neutron/api/rpc/callbacks/version_manager.py:178
2018-07-03 00:49:55.208 21528 DEBUG oslo_concurrency.lockutils [req-91b8c045-e867-4e60-90ec-133568fb7d5c - - - - -] Lock "event-dispatch" released by "neutron.plugins.ml2.ovo_rpc.dispatch_events" :: held 0.841s inner /usr/lib/python2.7/site-packages/oslo_concurrency/lockutils.py:282
2018-07-03 00:49:55.221 21528 DEBUG neutron.scheduler.dhcp_agent_scheduler [req-91b8c045-e867-4e60-90ec-133568fb7d5c - - - - -] Network d53cfc9b-6307-4706-8c85-cf399d56346e is already hosted by enough agents. _get_dhcp_agents_hosting_network /usr/lib/python2.7/site-packages/neutron/scheduler/dhcp_agent_scheduler.py:243
2018-07-03 00:49:55.236 21528 DEBUG neutron.db.l3_dvrscheduler_db [req-91b8c045-e867-4e60-90ec-133568fb7d5c - - - - -] Received port after_create _notify_l3_agent_new_port /usr/lib/python2.7/site-packages/neutron/db/l3_dvrscheduler_db.py:392
2018-07-03 00:49:55.336 21510 DEBUG neutron_lib.callbacks.manager [req-3208234c-1d1a-4907-b47d-4a0eb5df2b1e 4e72ad8ceb8f47a28db5a4b3551f9335 007e7f1ed2554995b505b934dd328646 - default default] Notify callbacks ['neutron.plugins.ml2.plugin.Ml2Plugin._before_network_delete_handler--9223372036838317276'] for network, before_delete _notify_loop /usr/lib/python2.7/site-packages/neutron_lib/callbacks/manager.py:167
2018-07-03 00:49:55.365 21528 DEBUG neutron.plugins.ml2.managers [req-91b8c045-e867-4e60-90ec-133568fb7d5c - - - - -] Attempting to bind port 98c454c0-6252-4dd8-9bbc-26f90b05d6bd on host localhost.localdomain for vnic_type normal with profile  bind_port /usr/lib/python2.7/site-packages/neutron/plugins/ml2/managers.py:744
2018-07-03 00:49:55.366 21528 DEBUG neutron.plugins.ml2.managers [req-91b8c045-e867-4e60-90ec-133568fb7d5c - - - - -] Attempting to bind port 98c454c0-6252-4dd8-9bbc-26f90b05d6bd on host localhost.localdomain at level 0 using segments [{'network_id': 'd53cfc9b-6307-4706-8c85-cf399d56346e', 'segmentation_id': 83, 'physical_network': None, 'id': '81332797-3c13-4bcf-9e21-a0d869b78cb0', 'network_type': u'vxlan'}] _bind_port_level /usr/lib/python2.7/site-packages/neutron/plugins/ml2/managers.py:765
2018-07-03 00:49:55.367 21528 DEBUG neutron.plugins.ml2.drivers.mech_agent [req-91b8c045-e867-4e60-90ec-133568fb7d5c - - - - -] Attempting to bind port 98c454c0-6252-4dd8-9bbc-26f90b05d6bd on network d53cfc9b-6307-4706-8c85-cf399d56346e bind_port /usr/lib/python2.7/site-packages/neutron/plugins/ml2/drivers/mech_agent.py:88
2018-07-03 00:49:55.368 21510 DEBUG neutron.plugins.ml2.plugin [req-3208234c-1d1a-4907-b47d-4a0eb5df2b1e 4e72ad8ceb8f47a28db5a4b3551f9335 007e7f1ed2554995b505b934dd328646 - default default] Deleting port 98c454c0-6252-4dd8-9bbc-26f90b05d6bd _pre_delete_port /usr/lib/python2.7/site-packages/neutron/plugins/ml2/plugin.py:1488
2018-07-03 00:49:55.369 21510 DEBUG neutron_lib.callbacks.manager [req-3208234c-1d1a-4907-b47d-4a0eb5df2b1e 4e72ad8ceb8f47a28db5a4b3551f9335 007e7f1ed2554995b505b934dd328646 - default default] Notify callbacks ['neutron.db.l3_db._prevent_l3_port_delete_callback-8729848076262'] for port, before_delete _notify_loop /usr/lib/python2.7/site-packages/neutron_lib/callbacks/manager.py:167
2018-07-03 00:49:55.375 21528 DEBUG neutron.plugins.ml2.drivers.mech_agent [req-91b8c045-e867-4e60-90ec-133568fb7d5c - - - - -] Checking agent: {'binary': u'neutron-openvswitch-agent', 'description': None, 'admin_state_up': True, 'heartbeat_timestamp': datetime.datetime(2018, 7, 2, 22, 49, 53), 'availability_zone': None, 'alive': True, 'topic': u'N/A', 'host': u'localhost.localdomain', 'agent_type': u'Open vSwitch agent', 'resource_versions': {u'Subnet': u'1.0', u'Network': u'1.0', u'SubPort': u'1.0', u'SecurityGroup': u'1.0', u'SecurityGroupRule': u'1.0', u'Trunk': u'1.1', u'QosPolicy': u'1.6', u'Port': u'1.1', u'Log': u'1.0'}, 'created_at': datetime.datetime(2018, 6, 20, 16, 53, 47), 'started_at': datetime.datetime(2018, 7, 2, 22, 31, 24), 'id': u'75645f5b-4138-407e-9794-b263ac43a154', 'configurations': {u'ovs_hybrid_plug': True, u'in_distributed_mode': False, u'datapath_type': u'system', u'vhostuser_socket_dir': u'/var/run/openvswitch', u'tunneling_ip': u'10.0.20.23', u'arp_responder_enabled': False, u'devices': 4, u'ovs_capabilities': {u'datapath_types': [u'netdev', u'system'], u'iface_types': [u'geneve', u'gre', u'internal', u'lisp', u'patch', u'stt', u'system', u'tap', u'vxlan']}, u'log_agent_heartbeats': False, u'l2_population': False, u'tunnel_types': [u'vxlan'], u'extensions': [], u'enable_distributed_routing': False, u'bridge_mappings': {u'extnet': u'br-ex'}}} bind_port /usr/lib/python2.7/site-packages/neutron/plugins/ml2/drivers/mech_agent.py:104
2018-07-03 00:49:55.375 21528 DEBUG neutron.plugins.ml2.drivers.mech_agent [req-91b8c045-e867-4e60-90ec-133568fb7d5c - - - - -] Checking segment: {'network_id': 'd53cfc9b-6307-4706-8c85-cf399d56346e', 'segmentation_id': 83, 'physical_network': None, 'id': '81332797-3c13-4bcf-9e21-a0d869b78cb0', 'network_type': u'vxlan'} for mappings: {u'extnet': u'br-ex'} with network types: [u'vxlan', 'local', 'flat', 'vlan'] check_segment_for_agent /usr/lib/python2.7/site-packages/neutron/plugins/ml2/drivers/mech_agent.py:237
2018-07-03 00:49:55.376 21528 DEBUG neutron_lib.callbacks.manager [req-91b8c045-e867-4e60-90ec-133568fb7d5c - - - - -] Notify callbacks [] for ovs_bridge_name, before_read _notify_loop /usr/lib/python2.7/site-packages/neutron_lib/callbacks/manager.py:167
2018-07-03 00:49:55.376 21528 DEBUG neutron.plugins.ml2.drivers.mech_agent [req-91b8c045-e867-4e60-90ec-133568fb7d5c - - - - -] Bound using segment: {'network_id': 'd53cfc9b-6307-4706-8c85-cf399d56346e', 'segmentation_id': 83, 'physical_network': None, 'id': '81332797-3c13-4bcf-9e21-a0d869b78cb0', 'network_type': u'vxlan'} bind_port /usr/lib/python2.7/site-packages/neutron/plugins/ml2/drivers/mech_agent.py:109
2018-07-03 00:49:55.377 21528 DEBUG neutron.plugins.ml2.managers [req-91b8c045-e867-4e60-90ec-133568fb7d5c - - - - -] Bound port: 98c454c0-6252-4dd8-9bbc-26f90b05d6bd, host: localhost.localdomain, vif_type: ovs, vif_details: {"port_filter": true, "datapath_type": "system", "ovs_hybrid_plug": true}, binding_levels: [{'bound_driver': 'openvswitch', 'bound_segment': {'network_id': 'd53cfc9b-6307-4706-8c85-cf399d56346e', 'segmentation_id': 83, 'physical_network': None, 'id': '81332797-3c13-4bcf-9e21-a0d869b78cb0', 'network_type': u'vxlan'}}] _bind_port_level /usr/lib/python2.7/site-packages/neutron/plugins/ml2/managers.py:813
2018-07-03 00:49:55.378 21528 DEBUG neutron_lib.callbacks.manager [req-91b8c045-e867-4e60-90ec-133568fb7d5c - - - - -] Notify callbacks ['neutron.plugins.ml2.plugin.Ml2Plugin._ensure_default_security_group_handler--9223372036854394264'] for port, before_update _notify_loop /usr/lib/python2.7/site-packages/neutron_lib/callbacks/manager.py:167
2018-07-03 00:49:55.515 21528 DEBUG neutron.plugins.ml2.db [req-91b8c045-e867-4e60-90ec-133568fb7d5c - - - - -] For port 98c454c0-6252-4dd8-9bbc-26f90b05d6bd, host localhost.localdomain, cleared binding levels clear_binding_levels /usr/lib/python2.7/site-packages/neutron/plugins/ml2/db.py:119
2018-07-03 00:49:55.520 21528 DEBUG neutron.plugins.ml2.db [req-91b8c045-e867-4e60-90ec-133568fb7d5c - - - - -] For port 98c454c0-6252-4dd8-9bbc-26f90b05d6bd, host localhost.localdomain, set binding levels [<neutron.plugins.ml2.driver_context.InstanceSnapshot object at 0x7f09367ddcd0>] set_binding_levels /usr/lib/python2.7/site-packages/neutron/plugins/ml2/db.py:90
2018-07-03 00:49:55.540 21528 DEBUG neutron_lib.callbacks.manager [req-91b8c045-e867-4e60-90ec-133568fb7d5c - - - - -] Notify callbacks ['neutron.plugins.ml2.plugin.Ml2Plugin.notify_sg_on_port_change-381653', 'neutron.db.l3_dvrscheduler_db._notify_l3_agent_port_update-8729847514041', 'neutron.plugins.ml2.ovo_rpc._ObjectChangeHandler.handle_event-743258', 'neutron.api.rpc.agentnotifiers.dhcp_rpc_agent_api.DhcpAgentNotifyAPI._native_event_send_dhcp_notification-16142819', 'neutron.db.l3_hascheduler_db._notify_l3_agent_ha_port_update--9223363307007261428'] for port, after_update _notify_loop /usr/lib/python2.7/site-packages/neutron_lib/callbacks/manager.py:167
2018-07-03 00:49:55.587 21528 DEBUG oslo_concurrency.lockutils [-] Lock "event-dispatch" acquired by "neutron.plugins.ml2.ovo_rpc.dispatch_events" :: waited 0.000s inner /usr/lib/python2.7/site-packages/oslo_concurrency/lockutils.py:270
2018-07-03 00:49:55.708 21510 DEBUG neutron.plugins.ml2.db [req-3208234c-1d1a-4907-b47d-4a0eb5df2b1e 4e72ad8ceb8f47a28db5a4b3551f9335 007e7f1ed2554995b505b934dd328646 - default default] For port 98c454c0-6252-4dd8-9bbc-26f90b05d6bd, host localhost.localdomain, got binding levels [] get_binding_levels /usr/lib/python2.7/site-packages/neutron/plugins/ml2/db.py:106
2018-07-03 00:49:55.751 21510 DEBUG neutron.plugins.ml2.plugin [req-3208234c-1d1a-4907-b47d-4a0eb5df2b1e 4e72ad8ceb8f47a28db5a4b3551f9335 007e7f1ed2554995b505b934dd328646 - default default] Calling delete_port for 98c454c0-6252-4dd8-9bbc-26f90b05d6bd owned by network:dhcp delete_port /usr/lib/python2.7/site-packages/neutron/plugins/ml2/plugin.py:1547
2018-07-03 00:49:55.844 21528 DEBUG neutron.api.rpc.handlers.resources_rpc [req-91b8c045-e867-4e60-90ec-133568fb7d5c - - - - -] neutron.api.rpc.handlers.resources_rpc.ResourcesPushRpcApi method push called with arguments (<neutron_lib.context.Context object at 0x7f0936684550>, [Port(admin_state_up=True,allowed_address_pairs=[],binding=PortBinding,binding_levels=[PortBindingLevel],created_at=2018-07-02T22:49:52Z,data_plane_status=<?>,description='',device_id='dhcpcd8f5f9f-e3e8-569f-87ef-f03c6cfc29bc-d53cfc9b-6307-4706-8c85-cf399d56346e',device_owner='network:dhcp',dhcp_options=[],distributed_binding=None,dns=None,fixed_ips=[IPAllocation],id=98c454c0-6252-4dd8-9bbc-26f90b05d6bd,mac_address=fa:16:3e:da:ae:bc,name='',network_id=d53cfc9b-6307-4706-8c85-cf399d56346e,project_id='3339d45d1af14e0aa2818431e45d0a86',qos_policy_id=None,revision_number=4,security=PortSecurity(98c454c0-6252-4dd8-9bbc-26f90b05d6bd),security_group_ids=set([]),status='DOWN',updated_at=2018-07-02T22:49:55Z)], 'updated') {} wrapper /usr/lib/python2.7/site-packages/oslo_log/helpers.py:66
2018-07-03 00:49:55.877 21528 DEBUG oslo_concurrency.lockutils [req-91b8c045-e867-4e60-90ec-133568fb7d5c - - - - -] Lock "event-dispatch" released by "neutron.plugins.ml2.ovo_rpc.dispatch_events" :: held 0.290s inner /usr/lib/python2.7/site-packages/oslo_concurrency/lockutils.py:282
2018-07-03 00:49:56.093 21510 DEBUG neutron.db.api [req-3208234c-1d1a-4907-b47d-4a0eb5df2b1e 4e72ad8ceb8f47a28db5a4b3551f9335 007e7f1ed2554995b505b934dd328646 - default default] Retry wrapper got retriable exception: DELETE statement on table 'standardattributes' expected to delete 1 row(s); 0 were matched.  Please set confirm_deleted_rows=False within the mapper configuration to prevent this warning. wrapped /usr/lib/python2.7/site-packages/neutron/db/api.py:128
2018-07-03 00:49:56.094 21510 DEBUG oslo_db.api [req-3208234c-1d1a-4907-b47d-4a0eb5df2b1e 4e72ad8ceb8f47a28db5a4b3551f9335 007e7f1ed2554995b505b934dd328646 - default default] Performing DB retry for function neutron.plugins.ml2.plugin.delete_port wrapper /usr/lib/python2.7/site-packages/oslo_db/api.py:152
2018-07-03 00:49:56.182 21528 DEBUG neutron.quota.resource [req-91b8c045-e867-4e60-90ec-133568fb7d5c - - - - -] Persisted dirty status for tenant:3339d45d1af14e0aa2818431e45d0a86 on resource:port mark_dirty /usr/lib/python2.7/site-packages/neutron/quota/resource.py:207
2018-07-03 00:49:56.195 21510 DEBUG neutron.plugins.ml2.plugin [req-3208234c-1d1a-4907-b47d-4a0eb5df2b1e 4e72ad8ceb8f47a28db5a4b3551f9335 007e7f1ed2554995b505b934dd328646 - default default] Deleting port 98c454c0-6252-4dd8-9bbc-26f90b05d6bd _pre_delete_port /usr/lib/python2.7/site-packages/neutron/plugins/ml2/plugin.py:1488
2018-07-03 00:49:56.196 21510 DEBUG neutron_lib.callbacks.manager [req-3208234c-1d1a-4907-b47d-4a0eb5df2b1e 4e72ad8ceb8f47a28db5a4b3551f9335 007e7f1ed2554995b505b934dd328646 - default default] Notify callbacks ['neutron.db.l3_db._prevent_l3_port_delete_callback-8729848076262'] for port, before_delete _notify_loop /usr/lib/python2.7/site-packages/neutron_lib/callbacks/manager.py:167
2018-07-03 00:49:56.553 21528 DEBUG neutron_lib.callbacks.manager [req-ea4977f8-42a2-49bd-af0b-942daa762c7d - - - - -] Notify callbacks ['neutron.services.segments.db._update_segment_host_mapping_for_agent-8729847876402'] for agent, after_update _notify_loop /usr/lib/python2.7/site-packages/neutron_lib/callbacks/manager.py:167
2018-07-03 00:49:56.595 21510 DEBUG neutron.plugins.ml2.db [req-3208234c-1d1a-4907-b47d-4a0eb5df2b1e 4e72ad8ceb8f47a28db5a4b3551f9335 007e7f1ed2554995b505b934dd328646 - default default] For port 98c454c0-6252-4dd8-9bbc-26f90b05d6bd, host localhost.localdomain, got binding levels [<neutron.plugins.ml2.models.PortBindingLevel[object at 7f093634af10] {port_id=u'98c454c0-6252-4dd8-9bbc-26f90b05d6bd', host=u'localhost.localdomain', level=0, driver=u'openvswitch', segment_id=u'81332797-3c13-4bcf-9e21-a0d869b78cb0'}>] get_binding_levels /usr/lib/python2.7/site-packages/neutron/plugins/ml2/db.py:106
2018-07-03 00:49:56.635 21510 DEBUG neutron.plugins.ml2.plugin [req-3208234c-1d1a-4907-b47d-4a0eb5df2b1e 4e72ad8ceb8f47a28db5a4b3551f9335 007e7f1ed2554995b505b934dd328646 - default default] Calling delete_port for 98c454c0-6252-4dd8-9bbc-26f90b05d6bd owned by network:dhcp delete_port /usr/lib/python2.7/site-packages/neutron/plugins/ml2/plugin.py:1547
2018-07-03 00:49:56.936 21519 DEBUG neutron.db.provisioning_blocks [req-7d031cbe-1cdc-495c-9239-c0fcc844121b - - - - -] Provisioning for port 98c454c0-6252-4dd8-9bbc-26f90b05d6bd completed by entity DHCP. provisioning_complete /usr/lib/python2.7/site-packages/neutron/db/provisioning_blocks.py:132
2018-07-03 00:49:56.966 21510 DEBUG neutron_lib.callbacks.manager [req-3208234c-1d1a-4907-b47d-4a0eb5df2b1e 4e72ad8ceb8f47a28db5a4b3551f9335 007e7f1ed2554995b505b934dd328646 - default default] Notify callbacks ['neutron.plugins.ml2.plugin.Ml2Plugin.notify_sg_on_port_change-381653', 'neutron.db.l3_dvrscheduler_db._notify_port_delete--9223363307007261775', 'neutron.db.l3_db._notify_routers_callback--9223363307006721600', 'neutron.plugins.ml2.ovo_rpc._ObjectChangeHandler.handle_event-743258', 'neutron.api.rpc.agentnotifiers.dhcp_rpc_agent_api.DhcpAgentNotifyAPI._native_event_send_dhcp_notification-16142819'] for port, after_delete _notify_loop /usr/lib/python2.7/site-packages/neutron_lib/callbacks/manager.py:167
2018-07-03 00:49:56.966 21519 DEBUG neutron.db.provisioning_blocks [req-7d031cbe-1cdc-495c-9239-c0fcc844121b - - - - -] Provisioning complete for port 98c454c0-6252-4dd8-9bbc-26f90b05d6bd triggered by entity DHCP. provisioning_complete /usr/lib/python2.7/site-packages/neutron/db/provisioning_blocks.py:138
2018-07-03 00:49:56.967 21519 DEBUG neutron_lib.callbacks.manager [req-7d031cbe-1cdc-495c-9239-c0fcc844121b - - - - -] Notify callbacks ['neutron.plugins.ml2.plugin.Ml2Plugin._port_provisioned-16696228'] for port, provisioning_complete _notify_loop /usr/lib/python2.7/site-packages/neutron_lib/callbacks/manager.py:167
2018-07-03 00:49:57.035 21519 DEBUG neutron.plugins.ml2.plugin [req-7d031cbe-1cdc-495c-9239-c0fcc844121b - - - - -] Port 98c454c0-6252-4dd8-9bbc-26f90b05d6bd was deleted so its status cannot be updated. _port_provisioned /usr/lib/python2.7/site-packages/neutron/plugins/ml2/plugin.py:237
2018-07-03 00:49:57.113 21510 DEBUG neutron.db.l3_dvrscheduler_db [req-3208234c-1d1a-4907-b47d-4a0eb5df2b1e 4e72ad8ceb8f47a28db5a4b3551f9335 007e7f1ed2554995b505b934dd328646 - default default] No DVR routers for this DVR port 98c454c0-6252-4dd8-9bbc-26f90b05d6bd on host localhost.localdomain get_dvr_routers_to_remove /usr/lib/python2.7/site-packages/neutron/db/l3_dvrscheduler_db.py:191
2018-07-03 00:49:57.134 21510 DEBUG oslo_concurrency.lockutils [-] Lock "event-dispatch" acquired by "neutron.plugins.ml2.ovo_rpc.dispatch_events" :: waited 0.000s inner /usr/lib/python2.7/site-packages/oslo_concurrency/lockutils.py:270
2018-07-03 00:49:57.181 21520 DEBUG neutron.db.provisioning_blocks [req-5c9e4fe7-fbb7-4ab6-ab37-5a070ab00863 - - - - -] Could not find standard attr ID for object 98c454c0-6252-4dd8-9bbc-26f90b05d6bd. _get_standard_attr_id /usr/lib/python2.7/site-packages/neutron/db/provisioning_blocks.py:172
2018-07-03 00:49:57.310 21510 DEBUG neutron.api.rpc.handlers.resources_rpc [req-3208234c-1d1a-4907-b47d-4a0eb5df2b1e 4e72ad8ceb8f47a28db5a4b3551f9335 007e7f1ed2554995b505b934dd328646 - - -] neutron.api.rpc.handlers.resources_rpc.ResourcesPushRpcApi method push called with arguments (<neutron_lib.context.Context object at 0x7f0936375510>, [Port(admin_state_up=<?>,allowed_address_pairs=<?>,binding=<?>,binding_levels=<?>,created_at=<?>,data_plane_status=<?>,description=<?>,device_id=<?>,device_owner=<?>,dhcp_options=<?>,distributed_binding=<?>,dns=<?>,fixed_ips=<?>,id=98c454c0-6252-4dd8-9bbc-26f90b05d6bd,mac_address=<?>,name=<?>,network_id=<?>,project_id=<?>,qos_policy_id=None,revision_number=<?>,security=<?>,security_group_ids=None,status=<?>,updated_at=<?>)], 'deleted') {} wrapper /usr/lib/python2.7/site-packages/oslo_log/helpers.py:66
2018-07-03 00:49:57.378 21510 DEBUG oslo_concurrency.lockutils [req-3208234c-1d1a-4907-b47d-4a0eb5df2b1e 4e72ad8ceb8f47a28db5a4b3551f9335 007e7f1ed2554995b505b934dd328646 - - -] Lock "event-dispatch" released by "neutron.plugins.ml2.ovo_rpc.dispatch_events" :: held 0.244s inner /usr/lib/python2.7/site-packages/oslo_concurrency/lockutils.py:282
2018-07-03 00:49:57.445 21521 DEBUG neutron.plugins.ml2.rpc [req-31df0e91-9502-46c0-9c1b-c8e47832d998 - - - - -] Device 98c454c0-6252-4dd8-9bbc-26f90b05d6bd up at agent ovs-agent-localhost.localdomain update_device_up /usr/lib/python2.7/site-packages/neutron/plugins/ml2/rpc.py:244
2018-07-03 00:49:57.547 21521 DEBUG neutron.plugins.ml2.plugin [req-31df0e91-9502-46c0-9c1b-c8e47832d998 - - - - -] No Port match for: 98c454c0-6252-4dd8-9bbc-26f90b05d6bd port_bound_to_host /usr/lib/python2.7/site-packages/neutron/plugins/ml2/plugin.py:1806
2018-07-03 00:49:57.548 21521 DEBUG neutron.plugins.ml2.rpc [req-31df0e91-9502-46c0-9c1b-c8e47832d998 - - - - -] Device 98c454c0-6252-4dd8-9bbc-26f90b05d6bd not bound to the agent host localhost.localdomain update_device_up /usr/lib/python2.7/site-packages/neutron/plugins/ml2/rpc.py:251
2018-07-03 00:49:57.618 21521 DEBUG neutron.plugins.ml2.rpc [req-31df0e91-9502-46c0-9c1b-c8e47832d998 - - - - -] Port 98c454c0-6252-4dd8-9bbc-26f90b05d6bd not found, will not notify nova. update_device_up /usr/lib/python2.7/site-packages/neutron/plugins/ml2/rpc.py:259
2018-07-03 00:49:57.645 21522 DEBUG neutron.api.rpc.handlers.dhcp_rpc [req-c3a88240-d833-4f72-ae88-161f58f15b5c - - - - -] DHCP port deletion for d53cfc9b-6307-4706-8c85-cf399d56346e request from localhost.localdomain release_dhcp_port /usr/lib/python2.7/site-packages/neutron/api/rpc/handlers/dhcp_rpc.py:244
2018-07-03 00:49:57.676 21510 DEBUG neutron.db.db_base_plugin_v2 [req-3208234c-1d1a-4907-b47d-4a0eb5df2b1e 4e72ad8ceb8f47a28db5a4b3551f9335 007e7f1ed2554995b505b934dd328646 - default default] Deleting subnet 13c67a85-cd8e-4abf-85c4-308dc3d75a1b delete_subnet /usr/lib/python2.7/site-packages/neutron/db/db_base_plugin_v2.py:1022
2018-07-03 00:49:57.677 21510 DEBUG neutron_lib.callbacks.manager [req-3208234c-1d1a-4907-b47d-4a0eb5df2b1e 4e72ad8ceb8f47a28db5a4b3551f9335 007e7f1ed2554995b505b934dd328646 - default default] Notify callbacks [] for subnet, before_delete _notify_loop /usr/lib/python2.7/site-packages/neutron_lib/callbacks/manager.py:167
2018-07-03 00:49:57.910 21510 DEBUG neutron_lib.callbacks.manager [req-3208234c-1d1a-4907-b47d-4a0eb5df2b1e 4e72ad8ceb8f47a28db5a4b3551f9335 007e7f1ed2554995b505b934dd328646 - default default] Notify callbacks ['neutron.plugins.ml2.plugin.Ml2Plugin._subnet_delete_precommit_handler-16697971'] for subnet, precommit_delete _notify_loop /usr/lib/python2.7/site-packages/neutron_lib/callbacks/manager.py:167
