2018-06-28 17:20:49.336 6848 DEBUG neutron_lib.callbacks.manager [req-b09fe1e1-4576-405a-9731-ae48792e0c1a - - - - -] Notify callbacks ['neutron.services.segments.db._update_segment_host_mapping_for_agent-8752468451664'] for agent, after_update _notify_loop /usr/lib/python2.7/site-packages/neutron_lib/callbacks/manager.py:167
2018-06-28 17:20:51.890 6844 INFO neutron.wsgi [req-92968d0c-14b2-412e-a841-c663204950e3 2381c87c24634e059255e904a45e06ef 0d772b180b3c41e2ae2eba61c236b149 - default default] 10.0.20.26 "GET /v2.0/ports?tenant_id=dadf1f11d0dd4078a2bc4d03c2c4bcab&device_id=157f380e-8585-4142-b3d9-a19eb25ca0a3 HTTP/1.1" status: 200  len: 1123 time: 0.1701272
2018-06-28 17:20:52.216 6844 DEBUG neutron.pecan_wsgi.hooks.policy_enforcement [req-bed880d5-6584-4b3d-8257-c23c10c247d6 2381c87c24634e059255e904a45e06ef 0d772b180b3c41e2ae2eba61c236b149 - default default] Attributes excluded by policy engine: [u'vlan_transparent'] _exclude_attributes_by_policy /usr/lib/python2.7/site-packages/neutron/pecan_wsgi/hooks/policy_enforcement.py:256
2018-06-28 17:20:52.220 6844 INFO neutron.wsgi [req-bed880d5-6584-4b3d-8257-c23c10c247d6 2381c87c24634e059255e904a45e06ef 0d772b180b3c41e2ae2eba61c236b149 - default default] 10.0.20.26 "GET /v2.0/networks?id=85f05ecf-0e70-46dc-8453-cf91a3fdea10 HTTP/1.1" status: 200  len: 885 time: 0.3209610
2018-06-28 17:20:52.298 6844 INFO neutron.wsgi [req-cda1e57e-f230-4970-b4dc-06b588a4bb06 2381c87c24634e059255e904a45e06ef 0d772b180b3c41e2ae2eba61c236b149 - default default] 10.0.20.26 "GET /v2.0/floatingips?fixed_ip_address=11.20.1.4&port_id=8e92e9ce-bf80-4760-9c3b-f3319391e287 HTTP/1.1" status: 200  len: 749 time: 0.0685229
2018-06-28 17:20:52.490 6844 DEBUG neutron.pecan_wsgi.hooks.policy_enforcement [req-526ff1e1-cc15-4349-8931-2ac17d621ee4 2381c87c24634e059255e904a45e06ef 0d772b180b3c41e2ae2eba61c236b149 - default default] Attributes excluded by policy engine: [u'shared'] _exclude_attributes_by_policy /usr/lib/python2.7/site-packages/neutron/pecan_wsgi/hooks/policy_enforcement.py:256
2018-06-28 17:20:52.496 6844 INFO neutron.wsgi [req-526ff1e1-cc15-4349-8931-2ac17d621ee4 2381c87c24634e059255e904a45e06ef 0d772b180b3c41e2ae2eba61c236b149 - default default] 10.0.20.26 "GET /v2.0/subnets?id=8c05db2b-bbcb-4efa-bf4b-de5e33e96116 HTTP/1.1" status: 200  len: 843 time: 0.1908140
2018-06-28 17:20:52.704 6844 INFO neutron.wsgi [req-13947932-d931-4acb-bc49-0d4170c7e785 2381c87c24634e059255e904a45e06ef 0d772b180b3c41e2ae2eba61c236b149 - default default] 10.0.20.26 "GET /v2.0/ports?network_id=85f05ecf-0e70-46dc-8453-cf91a3fdea10&device_owner=network%3Adhcp HTTP/1.1" status: 200  len: 1127 time: 0.1981981
2018-06-28 17:20:52.775 6847 INFO neutron.wsgi [req-46fee0b4-99a6-423b-b84f-6699203c24c7 0bce65ad215f43aa9a4f28d7f5525f07 dadf1f11d0dd4078a2bc4d03c2c4bcab - 8ce90484323c4eada007c845c5993e9c 8ce90484323c4eada007c845c5993e9c] 10.0.20.26 "GET /v2.0/ports?device_id=157f380e-8585-4142-b3d9-a19eb25ca0a3 HTTP/1.1" status: 200  len: 1123 time: 1.4627898
2018-06-28 17:20:52.938 6847 INFO neutron.wsgi [req-1a5e01c6-fed9-46a6-b6b5-0cb01d4b64c6 0bce65ad215f43aa9a4f28d7f5525f07 dadf1f11d0dd4078a2bc4d03c2c4bcab - 8ce90484323c4eada007c845c5993e9c 8ce90484323c4eada007c845c5993e9c] 10.0.20.26 "GET /v2.0/security-groups?id=7b6a7603-d22c-4512-ac39-638cdcb43f80 HTTP/1.1" status: 200  len: 2118 time: 0.1530130
2018-06-28 17:20:55.559 6842 INFO neutron.wsgi [req-b22f5204-e527-4a96-a67e-8e9b31149ad3 34449420d71643ff9c143c132ecdb7b4 0d772b180b3c41e2ae2eba61c236b149 - default default] 10.0.20.26 "GET /v2.0/ports?device_id=157f380e-8585-4142-b3d9-a19eb25ca0a3 HTTP/1.1" status: 200  len: 1123 time: 0.9339280
2018-06-28 17:20:55.677 6842 INFO neutron.wsgi [req-61dc22e6-a068-4955-aa02-7c3b08375a67 34449420d71643ff9c143c132ecdb7b4 0d772b180b3c41e2ae2eba61c236b149 - default default] 10.0.20.26 "GET /v2.0/security-groups?id=7b6a7603-d22c-4512-ac39-638cdcb43f80 HTTP/1.1" status: 200  len: 2118 time: 0.1093910
2018-06-28 17:20:59.961 6850 DEBUG neutron_lib.callbacks.manager [req-551e84a8-e87d-4c36-8672-855138b66cea - - - - -] Notify callbacks ['neutron.services.segments.db._update_segment_host_mapping_for_agent-8752468451664'] for agent, after_update _notify_loop /usr/lib/python2.7/site-packages/neutron_lib/callbacks/manager.py:167
2018-06-28 17:21:03.270 6853 DEBUG neutron_lib.callbacks.manager [req-ef9faaa2-1850-497f-86e9-d7e273f31325 - - - - -] Notify callbacks ['neutron.services.segments.db._update_segment_host_mapping_for_agent-8752468451664'] for agent, after_update _notify_loop /usr/lib/python2.7/site-packages/neutron_lib/callbacks/manager.py:167
2018-06-28 17:21:06.907 6842 INFO neutron.wsgi [req-90c06a97-1c55-40f0-9412-9d327fecc058 0bce65ad215f43aa9a4f28d7f5525f07 dadf1f11d0dd4078a2bc4d03c2c4bcab - 8ce90484323c4eada007c845c5993e9c 8ce90484323c4eada007c845c5993e9c] 10.0.20.26 "GET /v2.0/ports?device_id=157f380e-8585-4142-b3d9-a19eb25ca0a3 HTTP/1.1" status: 200  len: 1123 time: 0.9166210
2018-06-28 17:21:07.000 6842 INFO neutron.wsgi [req-ed17b8be-bd3e-4669-bec4-ca0cf15093e8 0bce65ad215f43aa9a4f28d7f5525f07 dadf1f11d0dd4078a2bc4d03c2c4bcab - 8ce90484323c4eada007c845c5993e9c 8ce90484323c4eada007c845c5993e9c] 10.0.20.26 "GET /v2.0/security-groups?id=7b6a7603-d22c-4512-ac39-638cdcb43f80 HTTP/1.1" status: 200  len: 2118 time: 0.0866170
2018-06-28 17:21:07.597 6844 INFO neutron.wsgi [req-7ccb3545-226c-4663-a3aa-9e4cfd425f05 2381c87c24634e059255e904a45e06ef 0d772b180b3c41e2ae2eba61c236b149 - default default] 10.0.20.26 "GET /v2.0/ports?tenant_id=dadf1f11d0dd4078a2bc4d03c2c4bcab&device_id=157f380e-8585-4142-b3d9-a19eb25ca0a3 HTTP/1.1" status: 200  len: 1123 time: 0.0960200
2018-06-28 17:21:07.763 6844 DEBUG neutron.pecan_wsgi.hooks.policy_enforcement [req-6fa68b2e-6f70-48d9-8c8b-87f4cb5ac8c9 2381c87c24634e059255e904a45e06ef 0d772b180b3c41e2ae2eba61c236b149 - default default] Attributes excluded by policy engine: [u'vlan_transparent'] _exclude_attributes_by_policy /usr/lib/python2.7/site-packages/neutron/pecan_wsgi/hooks/policy_enforcement.py:256
2018-06-28 17:21:07.765 6844 INFO neutron.wsgi [req-6fa68b2e-6f70-48d9-8c8b-87f4cb5ac8c9 2381c87c24634e059255e904a45e06ef 0d772b180b3c41e2ae2eba61c236b149 - default default] 10.0.20.26 "GET /v2.0/networks?id=85f05ecf-0e70-46dc-8453-cf91a3fdea10 HTTP/1.1" status: 200  len: 885 time: 0.1613271
2018-06-28 17:21:07.822 6844 INFO neutron.wsgi [req-b927fe4c-40d0-4c5e-9bba-568abfe716be 2381c87c24634e059255e904a45e06ef 0d772b180b3c41e2ae2eba61c236b149 - default default] 10.0.20.26 "GET /v2.0/floatingips?fixed_ip_address=11.20.1.4&port_id=8e92e9ce-bf80-4760-9c3b-f3319391e287 HTTP/1.1" status: 200  len: 749 time: 0.0500021
2018-06-28 17:21:08.245 6844 DEBUG neutron.pecan_wsgi.hooks.policy_enforcement [req-9fa6ce78-609c-4786-9cfb-550318319fd4 2381c87c24634e059255e904a45e06ef 0d772b180b3c41e2ae2eba61c236b149 - default default] Attributes excluded by policy engine: [u'shared'] _exclude_attributes_by_policy /usr/lib/python2.7/site-packages/neutron/pecan_wsgi/hooks/policy_enforcement.py:256
2018-06-28 17:21:08.249 6844 INFO neutron.wsgi [req-9fa6ce78-609c-4786-9cfb-550318319fd4 2381c87c24634e059255e904a45e06ef 0d772b180b3c41e2ae2eba61c236b149 - default default] 10.0.20.26 "GET /v2.0/subnets?id=8c05db2b-bbcb-4efa-bf4b-de5e33e96116 HTTP/1.1" status: 200  len: 843 time: 0.4212170
2018-06-28 17:21:08.399 6844 INFO neutron.wsgi [req-af5e8bcf-5167-474a-af8a-1f4eb521fb20 2381c87c24634e059255e904a45e06ef 0d772b180b3c41e2ae2eba61c236b149 - default default] 10.0.20.26 "GET /v2.0/ports?network_id=85f05ecf-0e70-46dc-8453-cf91a3fdea10&device_owner=network%3Adhcp HTTP/1.1" status: 200  len: 1127 time: 0.1410360
2018-06-28 17:21:09.987 6852 DEBUG neutron.plugins.ml2.rpc [req-551e84a8-e87d-4c36-8672-855138b66cea - - - - -] Device 8e92e9ce-bf80-4760-9c3b-f3319391e287 no longer exists at agent ovs-agent-localhost.localdomain update_device_down /usr/lib/python2.7/site-packages/neutron/plugins/ml2/rpc.py:213
2018-06-28 17:21:10.231 6852 DEBUG neutron_lib.callbacks.manager [req-551e84a8-e87d-4c36-8672-855138b66cea - - - - -] Notify callbacks ['neutron.plugins.ml2.plugin.Ml2Plugin._ensure_default_security_group_handler--9223372036853010294'] for port, before_update _notify_loop /usr/lib/python2.7/site-packages/neutron_lib/callbacks/manager.py:167
2018-06-28 17:21:10.389 6852 DEBUG oslo_concurrency.lockutils [-] Lock "notifier-c9f9e7ea-53ee-4237-bee0-8c53780d6b1e" acquired by "neutron.notifiers.batch_notifier.synced_send" :: waited 0.000s inner /usr/lib/python2.7/site-packages/oslo_concurrency/lockutils.py:270
2018-06-28 17:21:10.391 6852 DEBUG neutron.notifiers.nova [-] Sending events: [{'status': 'completed', 'tag': u'8e92e9ce-bf80-4760-9c3b-f3319391e287', 'name': 'network-vif-unplugged', 'server_uuid': u'157f380e-8585-4142-b3d9-a19eb25ca0a3'}] send_events /usr/lib/python2.7/site-packages/neutron/notifiers/nova.py:242
2018-06-28 17:21:10.431 6852 DEBUG neutron.plugins.ml2.db [req-551e84a8-e87d-4c36-8672-855138b66cea - - - - -] For port 8e92e9ce-bf80-4760-9c3b-f3319391e287, host localhost.localdomain, got binding levels [<neutron.plugins.ml2.models.PortBindingLevel[object at 7f5d7b3807d0] {port_id=u'8e92e9ce-bf80-4760-9c3b-f3319391e287', host=u'localhost.localdomain', level=0, driver=u'openvswitch', segment_id=u'91a6ba5f-1e45-494b-b360-174637163153'}>] get_binding_levels /usr/lib/python2.7/site-packages/neutron/plugins/ml2/db.py:106
2018-06-28 17:21:10.445 6852 DEBUG neutron_lib.callbacks.manager [req-551e84a8-e87d-4c36-8672-855138b66cea - - - - -] Notify callbacks ['neutron.api.rpc.agentnotifiers.dhcp_rpc_agent_api.DhcpAgentNotifyAPI._native_event_send_dhcp_notification--9223372036854094091', 'neutron.db.l3_dvrscheduler_db._notify_l3_agent_port_update-8752468090026', 'neutron.plugins.ml2.plugin.Ml2Plugin.notify_sg_on_port_change-1765631', 'neutron.db.l3_hascheduler_db._notify_l3_agent_ha_port_update-8752468090101', 'neutron.plugins.ml2.ovo_rpc._ObjectChangeHandler.handle_event-643844'] for port, after_update _notify_loop /usr/lib/python2.7/site-packages/neutron_lib/callbacks/manager.py:167
2018-06-28 17:21:10.969 6852 DEBUG oslo_concurrency.lockutils [-] Lock "event-dispatch" acquired by "neutron.plugins.ml2.ovo_rpc.dispatch_events" :: waited 0.000s inner /usr/lib/python2.7/site-packages/oslo_concurrency/lockutils.py:270
2018-06-28 17:21:11.151 6852 DEBUG neutron.api.rpc.handlers.resources_rpc [req-551e84a8-e87d-4c36-8672-855138b66cea - - - - -] neutron.api.rpc.handlers.resources_rpc.ResourcesPushRpcApi method push called with arguments (<neutron_lib.context.Context object at 0x7f5d7b7b7310>, [Port(admin_state_up=True,allowed_address_pairs=[],binding=PortBinding,binding_levels=[PortBindingLevel],created_at=2018-06-28T15:18:02Z,data_plane_status=<?>,description='',device_id='157f380e-8585-4142-b3d9-a19eb25ca0a3',device_owner='compute:nova',dhcp_options=[],distributed_binding=None,dns=None,fixed_ips=[IPAllocation],id=8e92e9ce-bf80-4760-9c3b-f3319391e287,mac_address=fa:16:3e:65:85:45,name='',network_id=85f05ecf-0e70-46dc-8453-cf91a3fdea10,project_id='dadf1f11d0dd4078a2bc4d03c2c4bcab',qos_policy_id=None,revision_number=7,security=PortSecurity(8e92e9ce-bf80-4760-9c3b-f3319391e287),security_group_ids=set([7b6a7603-d22c-4512-ac39-638cdcb43f80]),status='DOWN',updated_at=2018-06-28T15:21:10Z)], 'updated') {} wrapper /usr/lib/python2.7/site-packages/oslo_log/helpers.py:66
2018-06-28 17:21:11.172 6852 DEBUG neutron.api.rpc.callbacks.version_manager [req-551e84a8-e87d-4c36-8672-855138b66cea - - - - -] Version for resource type Subnet changed None to 1.0 on consumer Open vSwitch agent@localhost.localdomain _set_version /usr/lib/python2.7/site-packages/neutron/api/rpc/callbacks/version_manager.py:119
2018-06-28 17:21:11.173 6852 DEBUG neutron.api.rpc.callbacks.version_manager [req-551e84a8-e87d-4c36-8672-855138b66cea - - - - -] Version for resource type Network changed None to 1.0 on consumer Open vSwitch agent@localhost.localdomain _set_version /usr/lib/python2.7/site-packages/neutron/api/rpc/callbacks/version_manager.py:119
2018-06-28 17:21:11.175 6852 DEBUG neutron.api.rpc.callbacks.version_manager [req-551e84a8-e87d-4c36-8672-855138b66cea - - - - -] Version for resource type SubPort changed None to 1.0 on consumer Open vSwitch agent@localhost.localdomain _set_version /usr/lib/python2.7/site-packages/neutron/api/rpc/callbacks/version_manager.py:119
2018-06-28 17:21:11.178 6852 DEBUG neutron.api.rpc.callbacks.version_manager [req-551e84a8-e87d-4c36-8672-855138b66cea - - - - -] Version for resource type SecurityGroup changed None to 1.0 on consumer Open vSwitch agent@localhost.localdomain _set_version /usr/lib/python2.7/site-packages/neutron/api/rpc/callbacks/version_manager.py:119
2018-06-28 17:21:11.179 6852 DEBUG neutron.api.rpc.callbacks.version_manager [req-551e84a8-e87d-4c36-8672-855138b66cea - - - - -] Version for resource type SecurityGroupRule changed None to 1.0 on consumer Open vSwitch agent@localhost.localdomain _set_version /usr/lib/python2.7/site-packages/neutron/api/rpc/callbacks/version_manager.py:119
2018-06-28 17:21:11.180 6852 DEBUG neutron.api.rpc.callbacks.version_manager [req-551e84a8-e87d-4c36-8672-855138b66cea - - - - -] Version for resource type Trunk changed None to 1.1 on consumer Open vSwitch agent@localhost.localdomain _set_version /usr/lib/python2.7/site-packages/neutron/api/rpc/callbacks/version_manager.py:119
2018-06-28 17:21:11.181 6852 DEBUG neutron.api.rpc.callbacks.version_manager [req-551e84a8-e87d-4c36-8672-855138b66cea - - - - -] Version for resource type QosPolicy changed None to 1.6 on consumer Open vSwitch agent@localhost.localdomain _set_version /usr/lib/python2.7/site-packages/neutron/api/rpc/callbacks/version_manager.py:119
2018-06-28 17:21:11.181 6852 DEBUG neutron.api.rpc.callbacks.version_manager [req-551e84a8-e87d-4c36-8672-855138b66cea - - - - -] Version for resource type Port changed None to 1.1 on consumer Open vSwitch agent@localhost.localdomain _set_version /usr/lib/python2.7/site-packages/neutron/api/rpc/callbacks/version_manager.py:119
2018-06-28 17:21:11.182 6852 DEBUG neutron.api.rpc.callbacks.version_manager [req-551e84a8-e87d-4c36-8672-855138b66cea - - - - -] Version for resource type Log changed None to 1.0 on consumer Open vSwitch agent@localhost.localdomain _set_version /usr/lib/python2.7/site-packages/neutron/api/rpc/callbacks/version_manager.py:119
2018-06-28 17:21:11.185 6852 DEBUG neutron.api.rpc.callbacks.version_manager [req-551e84a8-e87d-4c36-8672-855138b66cea - - - - -] Tracked resource versions report:
pushed versions:
{   'Log': set(['1.0']),
    'Network': set(['1.0']),
    'Port': set(['1.1']),
    'QosPolicy': set(['1.6']),
    'SecurityGroup': set(['1.0']),
    'SecurityGroupRule': set(['1.0']),
    'SubPort': set(['1.0']),
    'Subnet': set(['1.0']),
    'Trunk': set(['1.1'])}

consumer versions:
{   DHCP agent@localhost.localdomain: {   },
    L3 agent@localhost.localdomain: {   },
    Metadata agent@localhost.localdomain: {   },
    Metering agent@localhost.localdomain: {   },
    Open vSwitch agent@localhost.localdomain: {   u'Log': u'1.0',
                                                  u'Network': u'1.0',
                                                  u'Port': u'1.1',
                                                  u'QosPolicy': u'1.6',
                                                  u'SecurityGroup': u'1.0',
                                                  u'SecurityGroupRule': u'1.0',
                                                  u'SubPort': u'1.0',
                                                  u'Subnet': u'1.0',
                                                  u'Trunk': u'1.1'}}
 report /usr/lib/python2.7/site-packages/neutron/api/rpc/callbacks/version_manager.py:178
2018-06-28 17:21:11.211 6852 DEBUG oslo_concurrency.lockutils [req-551e84a8-e87d-4c36-8672-855138b66cea - - - - -] Lock "event-dispatch" released by "neutron.plugins.ml2.ovo_rpc.dispatch_events" :: held 0.242s inner /usr/lib/python2.7/site-packages/oslo_concurrency/lockutils.py:282
2018-06-28 17:21:12.223 6852 DEBUG novaclient.v2.client [-] REQ: curl -g -i -X POST http://10.0.20.26:8774/v2.1/0d772b180b3c41e2ae2eba61c236b149/os-server-external-events -H "User-Agent: python-novaclient" -H "Content-Type: application/json" -H "Accept: application/json" -H "X-OpenStack-Nova-API-Version: 2.1" -H "X-Auth-Token: {SHA1}64d8d0f437d3b12d871b34ad63f6f5465a4658ec" -d '{"events": [{"status": "completed", "tag": "8e92e9ce-bf80-4760-9c3b-f3319391e287", "name": "network-vif-unplugged", "server_uuid": "157f380e-8585-4142-b3d9-a19eb25ca0a3"}]}' _http_log_request /usr/lib/python2.7/site-packages/keystoneauth1/session.py:375
2018-06-28 17:21:12.946 6852 DEBUG novaclient.v2.client [-] RESP: [200] Content-Length: 185 Content-Type: application/json Openstack-Api-Version: compute 2.1 X-Openstack-Nova-Api-Version: 2.1 Vary: OpenStack-API-Version, X-OpenStack-Nova-API-Version X-Openstack-Request-Id: req-dfd1d263-b3fc-4c6f-aca9-b4aa72198501 X-Compute-Request-Id: req-dfd1d263-b3fc-4c6f-aca9-b4aa72198501 Date: Thu, 28 Jun 2018 15:21:12 GMT Connection: keep-alive 
RESP BODY: {"events": [{"status": "completed", "tag": "8e92e9ce-bf80-4760-9c3b-f3319391e287", "name": "network-vif-unplugged", "server_uuid": "157f380e-8585-4142-b3d9-a19eb25ca0a3", "code": 200}]}
 _http_log_response /usr/lib/python2.7/site-packages/keystoneauth1/session.py:423
2018-06-28 17:21:12.947 6852 DEBUG novaclient.v2.client [-] POST call to compute for http://10.0.20.26:8774/v2.1/0d772b180b3c41e2ae2eba61c236b149/os-server-external-events used request id req-dfd1d263-b3fc-4c6f-aca9-b4aa72198501 request /usr/lib/python2.7/site-packages/keystoneauth1/session.py:727
2018-06-28 17:21:12.955 6852 INFO neutron.notifiers.nova [-] Nova event response: {u'status': u'completed', u'tag': u'8e92e9ce-bf80-4760-9c3b-f3319391e287', u'name': u'network-vif-unplugged', u'server_uuid': u'157f380e-8585-4142-b3d9-a19eb25ca0a3', u'code': 200}
2018-06-28 17:21:14.958 6852 DEBUG oslo_concurrency.lockutils [-] Lock "notifier-c9f9e7ea-53ee-4237-bee0-8c53780d6b1e" released by "neutron.notifiers.batch_notifier.synced_send" :: held 4.570s inner /usr/lib/python2.7/site-packages/oslo_concurrency/lockutils.py:282
2018-06-28 17:21:16.057 6856 DEBUG neutron_lib.callbacks.manager [req-cc21e21c-b556-4c42-a343-f295fe3003c4 - - - - -] Notify callbacks ['neutron.services.segments.db._update_segment_host_mapping_for_agent-8752468451664'] for agent, after_update _notify_loop /usr/lib/python2.7/site-packages/neutron_lib/callbacks/manager.py:167
2018-06-28 17:21:16.472 6854 DEBUG neutron_lib.callbacks.manager [req-471e150f-2951-4725-9af7-617703e06698 - - - - -] Notify callbacks ['neutron.services.segments.db._update_segment_host_mapping_for_agent-8752468451664'] for agent, after_update _notify_loop /usr/lib/python2.7/site-packages/neutron_lib/callbacks/manager.py:167
2018-06-28 17:21:16.567 6847 INFO neutron.wsgi [req-e25cdd26-4952-464a-bdc2-711adc1c8195 0bce65ad215f43aa9a4f28d7f5525f07 dadf1f11d0dd4078a2bc4d03c2c4bcab - 8ce90484323c4eada007c845c5993e9c 8ce90484323c4eada007c845c5993e9c] 10.0.20.26 "GET /v2.0/ports?device_id=157f380e-8585-4142-b3d9-a19eb25ca0a3 HTTP/1.1" status: 200  len: 1121 time: 0.8526471
2018-06-28 17:21:16.770 6847 INFO neutron.wsgi [req-cdd5677c-8b9d-41c9-919f-d6b77ba92ee8 0bce65ad215f43aa9a4f28d7f5525f07 dadf1f11d0dd4078a2bc4d03c2c4bcab - 8ce90484323c4eada007c845c5993e9c 8ce90484323c4eada007c845c5993e9c] 10.0.20.26 "GET /v2.0/security-groups?id=7b6a7603-d22c-4512-ac39-638cdcb43f80 HTTP/1.1" status: 200  len: 2118 time: 0.1932628
2018-06-28 17:21:19.355 6851 DEBUG neutron_lib.callbacks.manager [req-b09fe1e1-4576-405a-9731-ae48792e0c1a - - - - -] Notify callbacks ['neutron.services.segments.db._update_segment_host_mapping_for_agent-8752468451664'] for agent, after_update _notify_loop /usr/lib/python2.7/site-packages/neutron_lib/callbacks/manager.py:167
2018-06-28 17:21:19.686 6857 DEBUG neutron.db.agents_db [req-d0f253cf-e7b3-49c5-9cc6-685f6337190a - - - - -] Agent healthcheck: found 5 active agents agent_health_check /usr/lib/python2.7/site-packages/neutron/db/agents_db.py:281
2018-06-28 17:21:19.982 6848 DEBUG neutron.plugins.ml2.rpc [req-551e84a8-e87d-4c36-8672-855138b66cea - - - - -] Device 8e92e9ce-bf80-4760-9c3b-f3319391e287 up at agent ovs-agent-localhost.localdomain update_device_up /usr/lib/python2.7/site-packages/neutron/plugins/ml2/rpc.py:244
2018-06-28 17:21:20.150 6848 DEBUG neutron.db.provisioning_blocks [req-551e84a8-e87d-4c36-8672-855138b66cea - - - - -] Provisioning complete for port 8e92e9ce-bf80-4760-9c3b-f3319391e287 triggered by entity L2. provisioning_complete /usr/lib/python2.7/site-packages/neutron/db/provisioning_blocks.py:138
2018-06-28 17:21:20.151 6848 DEBUG neutron_lib.callbacks.manager [req-551e84a8-e87d-4c36-8672-855138b66cea - - - - -] Notify callbacks ['neutron.plugins.ml2.plugin.Ml2Plugin._port_provisioned-1427406'] for port, provisioning_complete _notify_loop /usr/lib/python2.7/site-packages/neutron_lib/callbacks/manager.py:167
2018-06-28 17:21:20.387 6848 DEBUG neutron_lib.callbacks.manager [req-551e84a8-e87d-4c36-8672-855138b66cea - - - - -] Notify callbacks ['neutron.plugins.ml2.plugin.Ml2Plugin._ensure_default_security_group_handler--9223372036853010294'] for port, before_update _notify_loop /usr/lib/python2.7/site-packages/neutron_lib/callbacks/manager.py:167
2018-06-28 17:21:20.470 6848 DEBUG neutron.plugins.ml2.db [req-551e84a8-e87d-4c36-8672-855138b66cea - - - - -] For port 8e92e9ce-bf80-4760-9c3b-f3319391e287, host localhost.localdomain, got binding levels [<neutron.plugins.ml2.models.PortBindingLevel[object at 7f5d7b1d6a50] {port_id=u'8e92e9ce-bf80-4760-9c3b-f3319391e287', host=u'localhost.localdomain', level=0, driver=u'openvswitch', segment_id=u'91a6ba5f-1e45-494b-b360-174637163153'}>] get_binding_levels /usr/lib/python2.7/site-packages/neutron/plugins/ml2/db.py:106
2018-06-28 17:21:20.474 6848 DEBUG oslo_concurrency.lockutils [-] Lock "notifier-c9f9e7ea-53ee-4237-bee0-8c53780d6b1e" acquired by "neutron.notifiers.batch_notifier.synced_send" :: waited 0.000s inner /usr/lib/python2.7/site-packages/oslo_concurrency/lockutils.py:270
2018-06-28 17:21:20.474 6848 DEBUG neutron.notifiers.nova [-] Sending events: [{'status': 'completed', 'tag': u'8e92e9ce-bf80-4760-9c3b-f3319391e287', 'name': 'network-vif-plugged', 'server_uuid': u'157f380e-8585-4142-b3d9-a19eb25ca0a3'}] send_events /usr/lib/python2.7/site-packages/neutron/notifiers/nova.py:242
2018-06-28 17:21:20.493 6848 DEBUG neutron_lib.callbacks.manager [req-551e84a8-e87d-4c36-8672-855138b66cea - - - - -] Notify callbacks ['neutron.api.rpc.agentnotifiers.dhcp_rpc_agent_api.DhcpAgentNotifyAPI._native_event_send_dhcp_notification--9223372036854094091', 'neutron.db.l3_dvrscheduler_db._notify_l3_agent_port_update-8752468090026', 'neutron.plugins.ml2.plugin.Ml2Plugin.notify_sg_on_port_change-1765631', 'neutron.db.l3_hascheduler_db._notify_l3_agent_ha_port_update-8752468090101', 'neutron.plugins.ml2.ovo_rpc._ObjectChangeHandler.handle_event-643844'] for port, after_update _notify_loop /usr/lib/python2.7/site-packages/neutron_lib/callbacks/manager.py:167
2018-06-28 17:21:20.527 6848 DEBUG oslo_concurrency.lockutils [-] Lock "event-dispatch" acquired by "neutron.plugins.ml2.ovo_rpc.dispatch_events" :: waited 0.000s inner /usr/lib/python2.7/site-packages/oslo_concurrency/lockutils.py:270
2018-06-28 17:21:20.686 6848 DEBUG neutron.api.rpc.handlers.resources_rpc [req-551e84a8-e87d-4c36-8672-855138b66cea - - - - -] neutron.api.rpc.handlers.resources_rpc.ResourcesPushRpcApi method push called with arguments (<neutron_lib.context.Context object at 0x7f5d7b37bed0>, [Port(admin_state_up=True,allowed_address_pairs=[],binding=PortBinding,binding_levels=[PortBindingLevel],created_at=2018-06-28T15:18:02Z,data_plane_status=<?>,description='',device_id='157f380e-8585-4142-b3d9-a19eb25ca0a3',device_owner='compute:nova',dhcp_options=[],distributed_binding=None,dns=None,fixed_ips=[IPAllocation],id=8e92e9ce-bf80-4760-9c3b-f3319391e287,mac_address=fa:16:3e:65:85:45,name='',network_id=85f05ecf-0e70-46dc-8453-cf91a3fdea10,project_id='dadf1f11d0dd4078a2bc4d03c2c4bcab',qos_policy_id=None,revision_number=8,security=PortSecurity(8e92e9ce-bf80-4760-9c3b-f3319391e287),security_group_ids=set([7b6a7603-d22c-4512-ac39-638cdcb43f80]),status='ACTIVE',updated_at=2018-06-28T15:21:20Z)], 'updated') {} wrapper /usr/lib/python2.7/site-packages/oslo_log/helpers.py:66
2018-06-28 17:21:20.703 6848 DEBUG neutron.api.rpc.callbacks.version_manager [req-551e84a8-e87d-4c36-8672-855138b66cea - - - - -] Version for resource type Subnet changed None to 1.0 on consumer Open vSwitch agent@localhost.localdomain _set_version /usr/lib/python2.7/site-packages/neutron/api/rpc/callbacks/version_manager.py:119
2018-06-28 17:21:20.703 6848 DEBUG neutron.api.rpc.callbacks.version_manager [req-551e84a8-e87d-4c36-8672-855138b66cea - - - - -] Version for resource type Network changed None to 1.0 on consumer Open vSwitch agent@localhost.localdomain _set_version /usr/lib/python2.7/site-packages/neutron/api/rpc/callbacks/version_manager.py:119
2018-06-28 17:21:20.704 6848 DEBUG neutron.api.rpc.callbacks.version_manager [req-551e84a8-e87d-4c36-8672-855138b66cea - - - - -] Version for resource type SubPort changed None to 1.0 on consumer Open vSwitch agent@localhost.localdomain _set_version /usr/lib/python2.7/site-packages/neutron/api/rpc/callbacks/version_manager.py:119
2018-06-28 17:21:20.705 6848 DEBUG neutron.api.rpc.callbacks.version_manager [req-551e84a8-e87d-4c36-8672-855138b66cea - - - - -] Version for resource type SecurityGroup changed None to 1.0 on consumer Open vSwitch agent@localhost.localdomain _set_version /usr/lib/python2.7/site-packages/neutron/api/rpc/callbacks/version_manager.py:119
2018-06-28 17:21:20.706 6848 DEBUG neutron.api.rpc.callbacks.version_manager [req-551e84a8-e87d-4c36-8672-855138b66cea - - - - -] Version for resource type SecurityGroupRule changed None to 1.0 on consumer Open vSwitch agent@localhost.localdomain _set_version /usr/lib/python2.7/site-packages/neutron/api/rpc/callbacks/version_manager.py:119
2018-06-28 17:21:20.707 6848 DEBUG neutron.api.rpc.callbacks.version_manager [req-551e84a8-e87d-4c36-8672-855138b66cea - - - - -] Version for resource type Trunk changed None to 1.1 on consumer Open vSwitch agent@localhost.localdomain _set_version /usr/lib/python2.7/site-packages/neutron/api/rpc/callbacks/version_manager.py:119
2018-06-28 17:21:20.707 6848 DEBUG neutron.api.rpc.callbacks.version_manager [req-551e84a8-e87d-4c36-8672-855138b66cea - - - - -] Version for resource type QosPolicy changed None to 1.6 on consumer Open vSwitch agent@localhost.localdomain _set_version /usr/lib/python2.7/site-packages/neutron/api/rpc/callbacks/version_manager.py:119
2018-06-28 17:21:20.708 6848 DEBUG neutron.api.rpc.callbacks.version_manager [req-551e84a8-e87d-4c36-8672-855138b66cea - - - - -] Version for resource type Port changed None to 1.1 on consumer Open vSwitch agent@localhost.localdomain _set_version /usr/lib/python2.7/site-packages/neutron/api/rpc/callbacks/version_manager.py:119
2018-06-28 17:21:20.709 6848 DEBUG neutron.api.rpc.callbacks.version_manager [req-551e84a8-e87d-4c36-8672-855138b66cea - - - - -] Version for resource type Log changed None to 1.0 on consumer Open vSwitch agent@localhost.localdomain _set_version /usr/lib/python2.7/site-packages/neutron/api/rpc/callbacks/version_manager.py:119
2018-06-28 17:21:20.730 6848 DEBUG oslo_concurrency.lockutils [req-551e84a8-e87d-4c36-8672-855138b66cea - - - - -] Lock "event-dispatch" released by "neutron.plugins.ml2.ovo_rpc.dispatch_events" :: held 0.203s inner /usr/lib/python2.7/site-packages/oslo_concurrency/lockutils.py:282
2018-06-28 17:21:21.530 6848 DEBUG novaclient.v2.client [-] REQ: curl -g -i -X POST http://10.0.20.26:8774/v2.1/0d772b180b3c41e2ae2eba61c236b149/os-server-external-events -H "User-Agent: python-novaclient" -H "Content-Type: application/json" -H "Accept: application/json" -H "X-OpenStack-Nova-API-Version: 2.1" -H "X-Auth-Token: {SHA1}7cb9f8240ba97a8818b59cb585a4422388a03944" -d '{"events": [{"status": "completed", "tag": "8e92e9ce-bf80-4760-9c3b-f3319391e287", "name": "network-vif-plugged", "server_uuid": "157f380e-8585-4142-b3d9-a19eb25ca0a3"}]}' _http_log_request /usr/lib/python2.7/site-packages/keystoneauth1/session.py:375
2018-06-28 17:21:21.924 6850 DEBUG neutron.plugins.ml2.rpc [req-551e84a8-e87d-4c36-8672-855138b66cea - - - - -] Device 8e92e9ce-bf80-4760-9c3b-f3319391e287 up at agent ovs-agent-localhost.localdomain update_device_up /usr/lib/python2.7/site-packages/neutron/plugins/ml2/rpc.py:244
2018-06-28 17:21:22.050 6850 DEBUG neutron.db.provisioning_blocks [req-551e84a8-e87d-4c36-8672-855138b66cea - - - - -] Provisioning complete for port 8e92e9ce-bf80-4760-9c3b-f3319391e287 triggered by entity L2. provisioning_complete /usr/lib/python2.7/site-packages/neutron/db/provisioning_blocks.py:138
2018-06-28 17:21:22.051 6850 DEBUG neutron_lib.callbacks.manager [req-551e84a8-e87d-4c36-8672-855138b66cea - - - - -] Notify callbacks ['neutron.plugins.ml2.plugin.Ml2Plugin._port_provisioned-1427406'] for port, provisioning_complete _notify_loop /usr/lib/python2.7/site-packages/neutron_lib/callbacks/manager.py:167
2018-06-28 17:21:22.200 6848 DEBUG novaclient.v2.client [-] RESP: [200] Content-Length: 183 Content-Type: application/json Openstack-Api-Version: compute 2.1 X-Openstack-Nova-Api-Version: 2.1 Vary: OpenStack-API-Version, X-OpenStack-Nova-API-Version X-Openstack-Request-Id: req-d530a270-779f-4e2e-a2d4-3a66e7aa51c8 X-Compute-Request-Id: req-d530a270-779f-4e2e-a2d4-3a66e7aa51c8 Date: Thu, 28 Jun 2018 15:21:22 GMT Connection: keep-alive 
RESP BODY: {"events": [{"status": "completed", "tag": "8e92e9ce-bf80-4760-9c3b-f3319391e287", "name": "network-vif-plugged", "server_uuid": "157f380e-8585-4142-b3d9-a19eb25ca0a3", "code": 200}]}
 _http_log_response /usr/lib/python2.7/site-packages/keystoneauth1/session.py:423
2018-06-28 17:21:22.201 6848 DEBUG novaclient.v2.client [-] POST call to compute for http://10.0.20.26:8774/v2.1/0d772b180b3c41e2ae2eba61c236b149/os-server-external-events used request id req-d530a270-779f-4e2e-a2d4-3a66e7aa51c8 request /usr/lib/python2.7/site-packages/keystoneauth1/session.py:727
2018-06-28 17:21:22.208 6848 INFO neutron.notifiers.nova [-] Nova event response: {u'status': u'completed', u'tag': u'8e92e9ce-bf80-4760-9c3b-f3319391e287', u'name': u'network-vif-plugged', u'server_uuid': u'157f380e-8585-4142-b3d9-a19eb25ca0a3', u'code': 200}
2018-06-28 17:21:24.210 6848 DEBUG oslo_concurrency.lockutils [-] Lock "notifier-c9f9e7ea-53ee-4237-bee0-8c53780d6b1e" released by "neutron.notifiers.batch_notifier.synced_send" :: held 3.736s inner /usr/lib/python2.7/site-packages/oslo_concurrency/lockutils.py:282
2018-06-28 17:21:29.953 6855 DEBUG neutron_lib.callbacks.manager [req-551e84a8-e87d-4c36-8672-855138b66cea - - - - -] Notify callbacks ['neutron.services.segments.db._update_segment_host_mapping_for_agent-8752468451664'] for agent, after_update _notify_loop /usr/lib/python2.7/site-packages/neutron_lib/callbacks/manager.py:167
2018-06-28 17:21:30.563 6844 DEBUG neutron.wsgi [-] (6844) accepted ('10.0.20.26', 35462) server /usr/lib/python2.7/site-packages/eventlet/wsgi.py:883
2018-06-28 17:21:31.283 6844 WARNING keystonemiddleware.auth_token [-] A valid token was submitted as a service token, but it was not a valid service token. This is incorrect but backwards compatible behaviour. This will be removed in future releases.
2018-06-28 17:21:32.073 6844 DEBUG neutron.quota.resource [req-9e8fef8c-4bec-4fef-8a39-10a7a4adaf7a 0bce65ad215f43aa9a4f28d7f5525f07 dadf1f11d0dd4078a2bc4d03c2c4bcab - 8ce90484323c4eada007c845c5993e9c 8ce90484323c4eada007c845c5993e9c] Synchronizing usage tracker for tenant:dadf1f11d0dd4078a2bc4d03c2c4bcab on resource:port resync /usr/lib/python2.7/site-packages/neutron/quota/resource.py:245
2018-06-28 17:21:32.131 6844 DEBUG neutron.quota.resource [req-9e8fef8c-4bec-4fef-8a39-10a7a4adaf7a 0bce65ad215f43aa9a4f28d7f5525f07 dadf1f11d0dd4078a2bc4d03c2c4bcab - 8ce90484323c4eada007c845c5993e9c 8ce90484323c4eada007c845c5993e9c] Unset dirty status for tenant:dadf1f11d0dd4078a2bc4d03c2c4bcab on resource:port _resync /usr/lib/python2.7/site-packages/neutron/quota/resource.py:237
2018-06-28 17:21:32.135 6844 INFO neutron.wsgi [req-9e8fef8c-4bec-4fef-8a39-10a7a4adaf7a 0bce65ad215f43aa9a4f28d7f5525f07 dadf1f11d0dd4078a2bc4d03c2c4bcab - 8ce90484323c4eada007c845c5993e9c 8ce90484323c4eada007c845c5993e9c] 10.0.20.26 "GET /v2.0/ports?device_id=157f380e-8585-4142-b3d9-a19eb25ca0a3 HTTP/1.1" status: 200  len: 1123 time: 1.5710371
2018-06-28 17:21:32.337 6844 INFO neutron.wsgi [req-7f9b4cb8-de42-4928-856f-812035e93195 0bce65ad215f43aa9a4f28d7f5525f07 dadf1f11d0dd4078a2bc4d03c2c4bcab - 8ce90484323c4eada007c845c5993e9c 8ce90484323c4eada007c845c5993e9c] 10.0.20.26 "GET /v2.0/security-groups?id=7b6a7603-d22c-4512-ac39-638cdcb43f80 HTTP/1.1" status: 200  len: 2118 time: 0.1703629
2018-06-28 17:21:33.262 6852 DEBUG neutron_lib.callbacks.manager [req-496d8c58-45cd-41fd-a104-276c677c228c - - - - -] Notify callbacks ['neutron.services.segments.db._update_segment_host_mapping_for_agent-8752468451664'] for agent, after_update _notify_loop /usr/lib/python2.7/site-packages/neutron_lib/callbacks/manager.py:167
2018-06-28 17:21:46.087 6849 DEBUG neutron_lib.callbacks.manager [req-cc21e21c-b556-4c42-a343-f295fe3003c4 - - - - -] Notify callbacks ['neutron.services.segments.db._update_segment_host_mapping_for_agent-8752468451664'] for agent, after_update _notify_loop /usr/lib/python2.7/site-packages/neutron_lib/callbacks/manager.py:167
2018-06-28 17:21:46.471 6848 DEBUG neutron_lib.callbacks.manager [req-0d1adfaa-4af0-46b2-852e-7419244e29a4 - - - - -] Notify callbacks ['neutron.services.segments.db._update_segment_host_mapping_for_agent-8752468451664'] for agent, after_update _notify_loop /usr/lib/python2.7/site-packages/neutron_lib/callbacks/manager.py:167
2018-06-28 17:21:49.354 6850 DEBUG neutron_lib.callbacks.manager [req-b09fe1e1-4576-405a-9731-ae48792e0c1a - - - - -] Notify callbacks ['neutron.services.segments.db._update_segment_host_mapping_for_agent-8752468451664'] for agent, after_update _notify_loop /usr/lib/python2.7/site-packages/neutron_lib/callbacks/manager.py:167
2018-06-28 17:21:50.469 6843 INFO neutron.wsgi [req-eb14c7ca-dc2d-47d0-8695-d92bc2e865ed 2381c87c24634e059255e904a45e06ef 0d772b180b3c41e2ae2eba61c236b149 - default default] 10.0.20.26 "GET /v2.0/ports?device_id=157f380e-8585-4142-b3d9-a19eb25ca0a3 HTTP/1.1" status: 200  len: 1123 time: 0.2009361
2018-06-28 17:21:50.656 6843 INFO neutron.wsgi [req-b5b785c7-fec9-4311-9ee4-7e882a4b2931 2381c87c24634e059255e904a45e06ef 0d772b180b3c41e2ae2eba61c236b149 - default default] 10.0.20.26 "GET /v2.0/security-groups?id=7b6a7603-d22c-4512-ac39-638cdcb43f80 HTTP/1.1" status: 200  len: 2118 time: 0.1781790
2018-06-28 17:21:52.122 6840 INFO neutron.wsgi [req-5e184a28-4912-489b-bb38-e51b0d2c6cb4 2381c87c24634e059255e904a45e06ef 0d772b180b3c41e2ae2eba61c236b149 - default default] 10.0.20.26 "GET /v2.0/ports?device_id=157f380e-8585-4142-b3d9-a19eb25ca0a3 HTTP/1.1" status: 200  len: 1123 time: 0.1944830
2018-06-28 17:21:52.274 6840 INFO neutron.wsgi [req-2ef7471e-2a22-4973-9cfd-81dc9e14331b 2381c87c24634e059255e904a45e06ef 0d772b180b3c41e2ae2eba61c236b149 - default default] 10.0.20.26 "GET /v2.0/security-groups?id=7b6a7603-d22c-4512-ac39-638cdcb43f80 HTTP/1.1" status: 200  len: 2118 time: 0.1414909
2018-06-28 17:21:53.510 6844 INFO neutron.wsgi [req-efc8eefa-00da-4c87-afb9-7581970ea5bc 2381c87c24634e059255e904a45e06ef 0d772b180b3c41e2ae2eba61c236b149 - default default] 10.0.20.26 "GET /v2.0/ports?device_id=157f380e-8585-4142-b3d9-a19eb25ca0a3 HTTP/1.1" status: 200  len: 1123 time: 0.1854229
2018-06-28 17:21:53.676 6844 INFO neutron.wsgi [req-c4d0e61c-ef32-4252-bf7a-cbacf3272e40 2381c87c24634e059255e904a45e06ef 0d772b180b3c41e2ae2eba61c236b149 - default default] 10.0.20.26 "GET /v2.0/security-groups?id=7b6a7603-d22c-4512-ac39-638cdcb43f80 HTTP/1.1" status: 200  len: 2118 time: 0.1555419
2018-06-28 17:21:53.956 6844 INFO neutron.wsgi [req-f0ff0c18-92a5-4e3a-af08-5d0409729810 2381c87c24634e059255e904a45e06ef 0d772b180b3c41e2ae2eba61c236b149 - default default] 10.0.20.26 "GET /v2.0/ports?tenant_id=dadf1f11d0dd4078a2bc4d03c2c4bcab&device_id=157f380e-8585-4142-b3d9-a19eb25ca0a3 HTTP/1.1" status: 200  len: 1123 time: 0.2048590
2018-06-28 17:21:54.434 6844 DEBUG neutron.pecan_wsgi.hooks.policy_enforcement [req-b50440b7-e625-4278-ae75-663f5c8af37f 2381c87c24634e059255e904a45e06ef 0d772b180b3c41e2ae2eba61c236b149 - default default] Attributes excluded by policy engine: [u'vlan_transparent'] _exclude_attributes_by_policy /usr/lib/python2.7/site-packages/neutron/pecan_wsgi/hooks/policy_enforcement.py:256
2018-06-28 17:21:54.444 6844 INFO neutron.wsgi [req-b50440b7-e625-4278-ae75-663f5c8af37f 2381c87c24634e059255e904a45e06ef 0d772b180b3c41e2ae2eba61c236b149 - default default] 10.0.20.26 "GET /v2.0/networks?id=85f05ecf-0e70-46dc-8453-cf91a3fdea10 HTTP/1.1" status: 200  len: 885 time: 0.4811049
2018-06-28 17:21:54.554 6844 INFO neutron.wsgi [req-43a6855f-76a0-40c4-8451-54020e83abd9 2381c87c24634e059255e904a45e06ef 0d772b180b3c41e2ae2eba61c236b149 - default default] 10.0.20.26 "GET /v2.0/floatingips?fixed_ip_address=11.20.1.4&port_id=8e92e9ce-bf80-4760-9c3b-f3319391e287 HTTP/1.1" status: 200  len: 749 time: 0.0954921
2018-06-28 17:21:54.954 6844 DEBUG neutron.pecan_wsgi.hooks.policy_enforcement [req-33b8782b-fb71-42a8-8e4f-959b6aad418c 2381c87c24634e059255e904a45e06ef 0d772b180b3c41e2ae2eba61c236b149 - default default] Attributes excluded by policy engine: [u'shared'] _exclude_attributes_by_policy /usr/lib/python2.7/site-packages/neutron/pecan_wsgi/hooks/policy_enforcement.py:256
2018-06-28 17:21:54.957 6844 INFO neutron.wsgi [req-33b8782b-fb71-42a8-8e4f-959b6aad418c 2381c87c24634e059255e904a45e06ef 0d772b180b3c41e2ae2eba61c236b149 - default default] 10.0.20.26 "GET /v2.0/subnets?id=8c05db2b-bbcb-4efa-bf4b-de5e33e96116 HTTP/1.1" status: 200  len: 843 time: 0.3863611
2018-06-28 17:21:55.104 6844 INFO neutron.wsgi [req-0d55569c-920d-439d-929c-68c800c0b9fe 2381c87c24634e059255e904a45e06ef 0d772b180b3c41e2ae2eba61c236b149 - default default] 10.0.20.26 "GET /v2.0/ports?network_id=85f05ecf-0e70-46dc-8453-cf91a3fdea10&device_owner=network%3Adhcp HTTP/1.1" status: 200  len: 1127 time: 0.1385379
2018-06-28 17:21:56.691 6857 DEBUG neutron.db.agents_db [req-d0f253cf-e7b3-49c5-9cc6-685f6337190a - - - - -] Agent healthcheck: found 5 active agents agent_health_check /usr/lib/python2.7/site-packages/neutron/db/agents_db.py:281
2018-06-28 17:21:59.300 6845 INFO neutron.wsgi [req-69dbd182-9145-425f-a660-1006269b9462 2381c87c24634e059255e904a45e06ef 0d772b180b3c41e2ae2eba61c236b149 - default default] 10.0.20.26 "GET /v2.0/ports?device_id=157f380e-8585-4142-b3d9-a19eb25ca0a3 HTTP/1.1" status: 200  len: 1123 time: 0.8515599
2018-06-28 17:21:59.510 6845 INFO neutron.wsgi [req-aae30197-3f2c-46e1-b867-ab75b6adb237 2381c87c24634e059255e904a45e06ef 0d772b180b3c41e2ae2eba61c236b149 - default default] 10.0.20.26 "GET /v2.0/security-groups?id=7b6a7603-d22c-4512-ac39-638cdcb43f80 HTTP/1.1" status: 200  len: 2118 time: 0.1599801
2018-06-28 17:21:59.946 6853 DEBUG neutron_lib.callbacks.manager [req-551e84a8-e87d-4c36-8672-855138b66cea - - - - -] Notify callbacks ['neutron.services.segments.db._update_segment_host_mapping_for_agent-8752468451664'] for agent, after_update _notify_loop /usr/lib/python2.7/site-packages/neutron_lib/callbacks/manager.py:167
2018-06-28 17:22:00.346 6845 INFO neutron.wsgi [req-143c0c95-7ae0-48ad-a90e-ebdd1cfc6b16 2381c87c24634e059255e904a45e06ef 0d772b180b3c41e2ae2eba61c236b149 - default default] 10.0.20.26 "GET /v2.0/ports?device_id=157f380e-8585-4142-b3d9-a19eb25ca0a3 HTTP/1.1" status: 200  len: 1123 time: 0.1629601
2018-06-28 17:22:00.549 6845 INFO neutron.wsgi [req-94d04028-41ec-434c-bf1b-f4c614ad8dd7 2381c87c24634e059255e904a45e06ef 0d772b180b3c41e2ae2eba61c236b149 - default default] 10.0.20.26 "GET /v2.0/security-groups?id=7b6a7603-d22c-4512-ac39-638cdcb43f80 HTTP/1.1" status: 200  len: 2118 time: 0.1922579
2018-06-28 17:22:03.298 6856 DEBUG neutron_lib.callbacks.manager [req-af364392-0386-4a67-9cef-ba5fc74a4ded - - - - -] Notify callbacks ['neutron.services.segments.db._update_segment_host_mapping_for_agent-8752468451664'] for agent, after_update _notify_loop /usr/lib/python2.7/site-packages/neutron_lib/callbacks/manager.py:167
2018-06-28 17:22:16.058 6854 DEBUG neutron_lib.callbacks.manager [req-cc21e21c-b556-4c42-a343-f295fe3003c4 - - - - -] Notify callbacks ['neutron.services.segments.db._update_segment_host_mapping_for_agent-8752468451664'] for agent, after_update _notify_loop /usr/lib/python2.7/site-packages/neutron_lib/callbacks/manager.py:167
2018-06-28 17:22:16.444 6851 DEBUG neutron_lib.callbacks.manager [req-3c31726c-27c2-413b-bff3-52a11362b724 - - - - -] Notify callbacks ['neutron.services.segments.db._update_segment_host_mapping_for_agent-8752468451664'] for agent, after_update _notify_loop /usr/lib/python2.7/site-packages/neutron_lib/callbacks/manager.py:167
2018-06-28 17:22:19.446 6855 DEBUG neutron_lib.callbacks.manager [req-b09fe1e1-4576-405a-9731-ae48792e0c1a - - - - -] Notify callbacks ['neutron.services.segments.db._update_segment_host_mapping_for_agent-8752468451664'] for agent, after_update _notify_loop /usr/lib/python2.7/site-packages/neutron_lib/callbacks/manager.py:167
2018-06-28 17:22:30.027 6852 DEBUG neutron_lib.callbacks.manager [req-551e84a8-e87d-4c36-8672-855138b66cea - - - - -] Notify callbacks ['neutron.services.segments.db._update_segment_host_mapping_for_agent-8752468451664'] for agent, after_update _notify_loop /usr/lib/python2.7/site-packages/neutron_lib/callbacks/manager.py:167
2018-06-28 17:22:31.151 6847 DEBUG neutron.wsgi [-] (6847) accepted ('10.0.20.26', 36664) server /usr/lib/python2.7/site-packages/eventlet/wsgi.py:883
2018-06-28 17:22:31.158 6847 INFO neutron.wsgi [-] 10.0.20.26 "GET / HTTP/1.1" status: 200  len: 252 time: 0.0049241
2018-06-28 17:22:31.795 6847 INFO neutron.api.v2.resource [req-7268e7cb-3888-4022-979e-f66d6c91f0c3 0bce65ad215f43aa9a4f28d7f5525f07 dadf1f11d0dd4078a2bc4d03c2c4bcab - 8ce90484323c4eada007c845c5993e9c 8ce90484323c4eada007c845c5993e9c] show failed (client error): The resource could not be found.
2018-06-28 17:22:31.797 6847 INFO neutron.wsgi [req-7268e7cb-3888-4022-979e-f66d6c91f0c3 0bce65ad215f43aa9a4f28d7f5525f07 dadf1f11d0dd4078a2bc4d03c2c4bcab - 8ce90484323c4eada007c845c5993e9c 8ce90484323c4eada007c845c5993e9c] 10.0.20.26 "GET /v2.0/floatingips/172.24.4.3 HTTP/1.1" status: 404  len: 325 time: 0.6315889
2018-06-28 17:22:31.850 6847 INFO neutron.wsgi [req-d8121ebf-b4d2-4e0a-9636-0dc08be40df7 0bce65ad215f43aa9a4f28d7f5525f07 dadf1f11d0dd4078a2bc4d03c2c4bcab - 8ce90484323c4eada007c845c5993e9c 8ce90484323c4eada007c845c5993e9c] 10.0.20.26 "GET /v2.0/floatingips HTTP/1.1" status: 200  len: 749 time: 0.0477901
2018-06-28 17:22:31.948 6847 DEBUG neutron.plugins.ml2.plugin [req-ddb4f385-3553-439f-b3a4-171deb6812c6 0bce65ad215f43aa9a4f28d7f5525f07 dadf1f11d0dd4078a2bc4d03c2c4bcab - 8ce90484323c4eada007c845c5993e9c 8ce90484323c4eada007c845c5993e9c] Deleting port 74a115d5-4876-49fb-ae1d-8b88d70f434c _pre_delete_port /usr/lib/python2.7/site-packages/neutron/plugins/ml2/plugin.py:1488
2018-06-28 17:22:31.949 6847 DEBUG neutron_lib.callbacks.manager [req-ddb4f385-3553-439f-b3a4-171deb6812c6 0bce65ad215f43aa9a4f28d7f5525f07 dadf1f11d0dd4078a2bc4d03c2c4bcab - 8ce90484323c4eada007c845c5993e9c 8ce90484323c4eada007c845c5993e9c] Notify callbacks ['neutron.db.l3_db._prevent_l3_port_delete_callback--9223363284386116852'] for port, before_delete _notify_loop /usr/lib/python2.7/site-packages/neutron_lib/callbacks/manager.py:167
2018-06-28 17:22:32.339 6847 DEBUG neutron.plugins.ml2.plugin [req-ddb4f385-3553-439f-b3a4-171deb6812c6 0bce65ad215f43aa9a4f28d7f5525f07 dadf1f11d0dd4078a2bc4d03c2c4bcab - 8ce90484323c4eada007c845c5993e9c 8ce90484323c4eada007c845c5993e9c] Calling delete_port for 74a115d5-4876-49fb-ae1d-8b88d70f434c owned by network:floatingip delete_port /usr/lib/python2.7/site-packages/neutron/plugins/ml2/plugin.py:1547
2018-06-28 17:22:32.720 6847 DEBUG neutron_lib.callbacks.manager [req-ddb4f385-3553-439f-b3a4-171deb6812c6 0bce65ad215f43aa9a4f28d7f5525f07 dadf1f11d0dd4078a2bc4d03c2c4bcab - 8ce90484323c4eada007c845c5993e9c 8ce90484323c4eada007c845c5993e9c] Notify callbacks ['neutron.db.l3_dvrscheduler_db._notify_port_delete--9223363284386685790', 'neutron.api.rpc.agentnotifiers.dhcp_rpc_agent_api.DhcpAgentNotifyAPI._native_event_send_dhcp_notification--9223372036854094091', 'neutron.db.l3_db._notify_routers_callback--9223363284386145570', 'neutron.plugins.ml2.plugin.Ml2Plugin.notify_sg_on_port_change-1765631', 'neutron.plugins.ml2.ovo_rpc._ObjectChangeHandler.handle_event-643844'] for port, after_delete _notify_loop /usr/lib/python2.7/site-packages/neutron_lib/callbacks/manager.py:167
2018-06-28 17:22:33.111 6847 DEBUG oslo_concurrency.lockutils [-] Lock "event-dispatch" acquired by "neutron.plugins.ml2.ovo_rpc.dispatch_events" :: waited 0.000s inner /usr/lib/python2.7/site-packages/oslo_concurrency/lockutils.py:270
2018-06-28 17:22:33.190 6847 DEBUG neutron.api.rpc.handlers.resources_rpc [req-ddb4f385-3553-439f-b3a4-171deb6812c6 0bce65ad215f43aa9a4f28d7f5525f07 dadf1f11d0dd4078a2bc4d03c2c4bcab - - -] neutron.api.rpc.handlers.resources_rpc.ResourcesPushRpcApi method push called with arguments (<neutron_lib.context.Context object at 0x7f5d7ae07450>, [Port(admin_state_up=<?>,allowed_address_pairs=<?>,binding=<?>,binding_levels=<?>,created_at=<?>,data_plane_status=<?>,description=<?>,device_id=<?>,device_owner=<?>,dhcp_options=<?>,distributed_binding=<?>,dns=<?>,fixed_ips=<?>,id=74a115d5-4876-49fb-ae1d-8b88d70f434c,mac_address=<?>,name=<?>,network_id=<?>,project_id=<?>,qos_policy_id=None,revision_number=<?>,security=<?>,security_group_ids=None,status=<?>,updated_at=<?>)], 'deleted') {} wrapper /usr/lib/python2.7/site-packages/oslo_log/helpers.py:66
2018-06-28 17:22:33.263 6849 DEBUG neutron_lib.callbacks.manager [req-25edf834-e0cc-4111-b907-7fe7ef26eaa2 - - - - -] Notify callbacks ['neutron.services.segments.db._update_segment_host_mapping_for_agent-8752468451664'] for agent, after_update _notify_loop /usr/lib/python2.7/site-packages/neutron_lib/callbacks/manager.py:167
2018-06-28 17:22:33.305 6847 DEBUG neutron.api.rpc.callbacks.version_manager [req-ddb4f385-3553-439f-b3a4-171deb6812c6 0bce65ad215f43aa9a4f28d7f5525f07 dadf1f11d0dd4078a2bc4d03c2c4bcab - - -] Version for resource type Subnet changed None to 1.0 on consumer Open vSwitch agent@localhost.localdomain _set_version /usr/lib/python2.7/site-packages/neutron/api/rpc/callbacks/version_manager.py:119
2018-06-28 17:22:33.305 6847 DEBUG neutron.api.rpc.callbacks.version_manager [req-ddb4f385-3553-439f-b3a4-171deb6812c6 0bce65ad215f43aa9a4f28d7f5525f07 dadf1f11d0dd4078a2bc4d03c2c4bcab - - -] Version for resource type Network changed None to 1.0 on consumer Open vSwitch agent@localhost.localdomain _set_version /usr/lib/python2.7/site-packages/neutron/api/rpc/callbacks/version_manager.py:119
2018-06-28 17:22:33.306 6847 DEBUG neutron.api.rpc.callbacks.version_manager [req-ddb4f385-3553-439f-b3a4-171deb6812c6 0bce65ad215f43aa9a4f28d7f5525f07 dadf1f11d0dd4078a2bc4d03c2c4bcab - - -] Version for resource type SubPort changed None to 1.0 on consumer Open vSwitch agent@localhost.localdomain _set_version /usr/lib/python2.7/site-packages/neutron/api/rpc/callbacks/version_manager.py:119
2018-06-28 17:22:33.306 6847 DEBUG neutron.api.rpc.callbacks.version_manager [req-ddb4f385-3553-439f-b3a4-171deb6812c6 0bce65ad215f43aa9a4f28d7f5525f07 dadf1f11d0dd4078a2bc4d03c2c4bcab - - -] Version for resource type SecurityGroup changed None to 1.0 on consumer Open vSwitch agent@localhost.localdomain _set_version /usr/lib/python2.7/site-packages/neutron/api/rpc/callbacks/version_manager.py:119
2018-06-28 17:22:33.307 6847 DEBUG neutron.api.rpc.callbacks.version_manager [req-ddb4f385-3553-439f-b3a4-171deb6812c6 0bce65ad215f43aa9a4f28d7f5525f07 dadf1f11d0dd4078a2bc4d03c2c4bcab - - -] Version for resource type SecurityGroupRule changed None to 1.0 on consumer Open vSwitch agent@localhost.localdomain _set_version /usr/lib/python2.7/site-packages/neutron/api/rpc/callbacks/version_manager.py:119
2018-06-28 17:22:33.307 6847 DEBUG neutron.api.rpc.callbacks.version_manager [req-ddb4f385-3553-439f-b3a4-171deb6812c6 0bce65ad215f43aa9a4f28d7f5525f07 dadf1f11d0dd4078a2bc4d03c2c4bcab - - -] Version for resource type Trunk changed None to 1.1 on consumer Open vSwitch agent@localhost.localdomain _set_version /usr/lib/python2.7/site-packages/neutron/api/rpc/callbacks/version_manager.py:119
2018-06-28 17:22:33.308 6847 DEBUG neutron.api.rpc.callbacks.version_manager [req-ddb4f385-3553-439f-b3a4-171deb6812c6 0bce65ad215f43aa9a4f28d7f5525f07 dadf1f11d0dd4078a2bc4d03c2c4bcab - - -] Version for resource type QosPolicy changed None to 1.6 on consumer Open vSwitch agent@localhost.localdomain _set_version /usr/lib/python2.7/site-packages/neutron/api/rpc/callbacks/version_manager.py:119
2018-06-28 17:22:33.308 6847 DEBUG neutron.api.rpc.callbacks.version_manager [req-ddb4f385-3553-439f-b3a4-171deb6812c6 0bce65ad215f43aa9a4f28d7f5525f07 dadf1f11d0dd4078a2bc4d03c2c4bcab - - -] Version for resource type Port changed None to 1.1 on consumer Open vSwitch agent@localhost.localdomain _set_version /usr/lib/python2.7/site-packages/neutron/api/rpc/callbacks/version_manager.py:119
2018-06-28 17:22:33.309 6847 DEBUG neutron.api.rpc.callbacks.version_manager [req-ddb4f385-3553-439f-b3a4-171deb6812c6 0bce65ad215f43aa9a4f28d7f5525f07 dadf1f11d0dd4078a2bc4d03c2c4bcab - - -] Version for resource type Log changed None to 1.0 on consumer Open vSwitch agent@localhost.localdomain _set_version /usr/lib/python2.7/site-packages/neutron/api/rpc/callbacks/version_manager.py:119
