2018-09-30 11:44:20.861 23307 INFO neutron.wsgi [req-4a662cdc-e9d2-4d61-b64a-d2bed9ee195f 6041b01c631d425d829cf96874ce50bf 671ea1986554476bbcaa620e00697d23 - default default] 10.0.20.25 "GET /v2.0/ports?tenant_id=58bc2a7035de47e4b468059318349981&device_id=d7ffd7dc-8392-44a1-af32-7f09add1f3b1 HTTP/1.1" status: 200  len: 1125 time: 0.1474581
2018-09-30 11:44:21.124 23307 DEBUG neutron.pecan_wsgi.hooks.policy_enforcement [req-291ae00b-1b4c-4408-992b-e26e002898da 6041b01c631d425d829cf96874ce50bf 671ea1986554476bbcaa620e00697d23 - default default] Attributes excluded by policy engine: [u'vlan_transparent'] _exclude_attributes_by_policy /usr/lib/python2.7/site-packages/neutron/pecan_wsgi/hooks/policy_enforcement.py:256
2018-09-30 11:44:21.128 23307 INFO neutron.wsgi [req-291ae00b-1b4c-4408-992b-e26e002898da 6041b01c631d425d829cf96874ce50bf 671ea1986554476bbcaa620e00697d23 - default default] 10.0.20.25 "GET /v2.0/networks?id=39922528-6ba4-4322-9d42-bf6e21ca3346 HTTP/1.1" status: 200  len: 885 time: 0.2570069
2018-09-30 11:44:21.163 23307 INFO neutron.wsgi [req-70af2ad7-b5d9-4388-9e2f-a41fdfa19571 6041b01c631d425d829cf96874ce50bf 671ea1986554476bbcaa620e00697d23 - default default] 10.0.20.25 "GET /v2.0/floatingips?fixed_ip_address=11.170.1.12&port_id=ae1343f1-6ebb-42bf-87b9-5f2c174c261d HTTP/1.1" status: 200  len: 217 time: 0.0281451
2018-09-30 11:44:21.207 23308 DEBUG neutron.wsgi [-] (23308) accepted ('10.0.20.25', 52254) server /usr/lib/python2.7/site-packages/eventlet/wsgi.py:883
2018-09-30 11:44:21.321 23307 DEBUG neutron.pecan_wsgi.hooks.policy_enforcement [req-9eccc5d6-4244-416e-ac33-e09e0e5ea86e 6041b01c631d425d829cf96874ce50bf 671ea1986554476bbcaa620e00697d23 - default default] Attributes excluded by policy engine: [u'shared'] _exclude_attributes_by_policy /usr/lib/python2.7/site-packages/neutron/pecan_wsgi/hooks/policy_enforcement.py:256
2018-09-30 11:44:21.324 23307 INFO neutron.wsgi [req-9eccc5d6-4244-416e-ac33-e09e0e5ea86e 6041b01c631d425d829cf96874ce50bf 671ea1986554476bbcaa620e00697d23 - default default] 10.0.20.25 "GET /v2.0/subnets?id=298b583f-db38-49ce-8643-672b98110202 HTTP/1.1" status: 200  len: 847 time: 0.1528931
2018-09-30 11:44:21.432 23307 INFO neutron.wsgi [req-398b7df9-7a5f-4bc7-9b6c-e112bd5d176c 6041b01c631d425d829cf96874ce50bf 671ea1986554476bbcaa620e00697d23 - default default] 10.0.20.25 "GET /v2.0/ports?network_id=39922528-6ba4-4322-9d42-bf6e21ca3346&device_owner=network%3Adhcp HTTP/1.1" status: 200  len: 1128 time: 0.0999298
2018-09-30 11:44:22.081 23310 DEBUG oslo_concurrency.lockutils [-] Lock "notifier-2a21459a-f4dc-4928-b424-730c2b49b798" released by "neutron.notifiers.batch_notifier.synced_send" :: held 6.062s inner /usr/lib/python2.7/site-packages/oslo_concurrency/lockutils.py:282
2018-09-30 11:44:22.317 23308 INFO neutron.wsgi [req-a06dc400-3ea2-4f07-818a-bd9a7e92eef3 a883ea1013ad4f0e86a4b074d55a372d 58bc2a7035de47e4b468059318349981 - 0e14c4426ffc40f0b6e561d118e13115 0e14c4426ffc40f0b6e561d118e13115] 10.0.20.25 "GET /v2.0/ports?device_id=d7ffd7dc-8392-44a1-af32-7f09add1f3b1 HTTP/1.1" status: 200  len: 1125 time: 1.1085589
2018-09-30 11:44:22.447 23308 INFO neutron.wsgi [req-c3c0f543-02f4-4632-9abf-9a8e11d11bc8 a883ea1013ad4f0e86a4b074d55a372d 58bc2a7035de47e4b468059318349981 - 0e14c4426ffc40f0b6e561d118e13115 0e14c4426ffc40f0b6e561d118e13115] 10.0.20.25 "GET /v2.0/security-groups?id=298b1999-b13f-4de6-9c06-1cb90a78a306 HTTP/1.1" status: 200  len: 2118 time: 0.1214709
2018-09-30 11:44:33.174 23315 DEBUG neutron_lib.callbacks.manager [req-446a97c1-5067-4726-a21a-9e59f66bc588 - - - - -] Notify callbacks ['neutron.services.segments.db._update_segment_host_mapping_for_agent-8791490669377'] for agent, after_update _notify_loop /usr/lib/python2.7/site-packages/neutron_lib/callbacks/manager.py:167
2018-09-30 11:44:33.235 23311 DEBUG neutron_lib.callbacks.manager [req-203c7998-4775-4ac3-a5e1-bac35b9e8c79 - - - - -] Notify callbacks ['neutron.services.segments.db._update_segment_host_mapping_for_agent-8791490669377'] for agent, after_update _notify_loop /usr/lib/python2.7/site-packages/neutron_lib/callbacks/manager.py:167
2018-09-30 11:44:34.127 23319 DEBUG neutron_lib.callbacks.manager [req-f63378e7-65ab-4ddd-9149-5039d339149b - - - - -] Notify callbacks ['neutron.services.segments.db._update_segment_host_mapping_for_agent-8791490669377'] for agent, after_update _notify_loop /usr/lib/python2.7/site-packages/neutron_lib/callbacks/manager.py:167
2018-09-30 11:44:35.413 23309 DEBUG neutron.wsgi [-] (23309) accepted ('10.0.20.25', 53324) server /usr/lib/python2.7/site-packages/eventlet/wsgi.py:883
2018-09-30 11:44:35.441 23309 INFO neutron.wsgi [-] 10.0.20.25 "GET / HTTP/1.1" status: 200  len: 252 time: 0.0145829
2018-09-30 11:44:35.456 23309 WARNING keystonemiddleware.auth_token [-] Using the in-process token cache is deprecated as of the 4.2.0 release and may be removed in the 5.0.0 release or the 'O' development cycle. The in-process cache causes inconsistent results and high memory usage. When the feature is removed the auth_token middleware will not cache tokens by default which may result in performance issues. It is recommended to use  memcache for the auth_token token cache by setting the memcached_servers option.
2018-09-30 11:44:37.392 23309 DEBUG oslo_policy._cache_handler [req-4935080a-a419-416c-9e42-5ef101a9526f c6076d0e968d46daaf0fc5019a0f8a15 bd8a53962fd64ffeab7f2932b0e688c5 - default default] Reloading cached file /etc/neutron/policy.json read_cached_file /usr/lib/python2.7/site-packages/oslo_policy/_cache_handler.py:40
2018-09-30 11:44:37.464 23309 DEBUG oslo_policy.policy [req-4935080a-a419-416c-9e42-5ef101a9526f c6076d0e968d46daaf0fc5019a0f8a15 bd8a53962fd64ffeab7f2932b0e688c5 - default default] Reloaded policy file: /etc/neutron/policy.json _load_policy_file /usr/lib/python2.7/site-packages/oslo_policy/policy.py:685
2018-09-30 11:44:38.172 23309 INFO neutron.pecan_wsgi.hooks.translation [req-4935080a-a419-416c-9e42-5ef101a9526f c6076d0e968d46daaf0fc5019a0f8a15 bd8a53962fd64ffeab7f2932b0e688c5 - default default] GET failed (client error): The resource could not be found.
2018-09-30 11:44:38.175 23309 INFO neutron.wsgi [req-4935080a-a419-416c-9e42-5ef101a9526f c6076d0e968d46daaf0fc5019a0f8a15 bd8a53962fd64ffeab7f2932b0e688c5 - default default] 10.0.20.25 "GET /v2.0/networks/public HTTP/1.1" status: 404  len: 314 time: 2.7251470
2018-09-30 11:44:38.959 23309 DEBUG oslo_policy._cache_handler [req-055126d6-23c8-42b7-901c-da1540e4327a c6076d0e968d46daaf0fc5019a0f8a15 bd8a53962fd64ffeab7f2932b0e688c5 - default default] Reloading cached file /etc/neutron/policy.json read_cached_file /usr/lib/python2.7/site-packages/oslo_policy/_cache_handler.py:40
2018-09-30 11:44:38.991 23309 DEBUG oslo_policy.policy [req-055126d6-23c8-42b7-901c-da1540e4327a c6076d0e968d46daaf0fc5019a0f8a15 bd8a53962fd64ffeab7f2932b0e688c5 - default default] Reloaded policy file: /etc/neutron/policy.json _load_policy_file /usr/lib/python2.7/site-packages/oslo_policy/policy.py:685
2018-09-30 11:44:38.999 23309 DEBUG neutron.pecan_wsgi.hooks.policy_enforcement [req-055126d6-23c8-42b7-901c-da1540e4327a c6076d0e968d46daaf0fc5019a0f8a15 bd8a53962fd64ffeab7f2932b0e688c5 - default default] Attributes excluded by policy engine: [u'vlan_transparent'] _exclude_attributes_by_policy /usr/lib/python2.7/site-packages/neutron/pecan_wsgi/hooks/policy_enforcement.py:256
2018-09-30 11:44:39.007 23309 DEBUG neutron.pecan_wsgi.hooks.policy_enforcement [req-055126d6-23c8-42b7-901c-da1540e4327a c6076d0e968d46daaf0fc5019a0f8a15 bd8a53962fd64ffeab7f2932b0e688c5 - default default] Attributes excluded by policy engine: [u'vlan_transparent'] _exclude_attributes_by_policy /usr/lib/python2.7/site-packages/neutron/pecan_wsgi/hooks/policy_enforcement.py:256
2018-09-30 11:44:39.008 23309 DEBUG neutron.pecan_wsgi.hooks.policy_enforcement [req-055126d6-23c8-42b7-901c-da1540e4327a c6076d0e968d46daaf0fc5019a0f8a15 bd8a53962fd64ffeab7f2932b0e688c5 - default default] Attributes excluded by policy engine: [u'vlan_transparent'] _exclude_attributes_by_policy /usr/lib/python2.7/site-packages/neutron/pecan_wsgi/hooks/policy_enforcement.py:256
2018-09-30 11:44:39.013 23309 INFO neutron.wsgi [req-055126d6-23c8-42b7-901c-da1540e4327a c6076d0e968d46daaf0fc5019a0f8a15 bd8a53962fd64ffeab7f2932b0e688c5 - default default] 10.0.20.25 "GET /v2.0/networks HTTP/1.1" status: 200  len: 2214 time: 0.8288698
2018-09-30 11:44:39.416 23312 DEBUG neutron_lib.callbacks.manager [req-aca6cd99-9cc3-4656-9062-ad34432dd4cc - - - - -] Notify callbacks ['neutron.services.segments.db._update_segment_host_mapping_for_agent-8791490669377'] for agent, after_update _notify_loop /usr/lib/python2.7/site-packages/neutron_lib/callbacks/manager.py:167
2018-09-30 11:44:39.902 23309 DEBUG neutron.api.v2.base [req-89f95dd3-21cd-4fcd-b4d1-fcbdef833ba3 c6076d0e968d46daaf0fc5019a0f8a15 bd8a53962fd64ffeab7f2932b0e688c5 - default default] Request body: {u'floatingip': {u'floating_network_id': u'40fff4bc-a326-419b-b1c1-a7aa26b2d41a', u'tenant_id': u'58bc2a7035de47e4b468059318349981'}} prepare_request_body /usr/lib/python2.7/site-packages/neutron/api/v2/base.py:695
2018-09-30 11:44:39.904 23309 INFO neutron.quota [req-89f95dd3-21cd-4fcd-b4d1-fcbdef833ba3 c6076d0e968d46daaf0fc5019a0f8a15 bd8a53962fd64ffeab7f2932b0e688c5 - default default] Loaded quota_driver: <neutron.db.quota.driver.DbQuotaDriver object at 0x7feeda082850>.
2018-09-30 11:44:39.923 23309 DEBUG neutron.db.quota.driver [req-89f95dd3-21cd-4fcd-b4d1-fcbdef833ba3 c6076d0e968d46daaf0fc5019a0f8a15 bd8a53962fd64ffeab7f2932b0e688c5 - default default] Resources subnetpool have unlimited quota limit. It is not required to calculate headroom  make_reservation /usr/lib/python2.7/site-packages/neutron/db/quota/driver.py:223
2018-09-30 11:44:39.937 23309 DEBUG neutron.quota.resource [req-89f95dd3-21cd-4fcd-b4d1-fcbdef833ba3 c6076d0e968d46daaf0fc5019a0f8a15 bd8a53962fd64ffeab7f2932b0e688c5 - default default] Usage tracker for resource:floatingip and tenant:58bc2a7035de47e4b468059318349981 is out of sync, need to count used quota count_used /usr/lib/python2.7/site-packages/neutron/quota/resource.py:274
2018-09-30 11:44:39.959 23309 DEBUG neutron.quota.resource [req-89f95dd3-21cd-4fcd-b4d1-fcbdef833ba3 c6076d0e968d46daaf0fc5019a0f8a15 bd8a53962fd64ffeab7f2932b0e688c5 - default default] Quota usage for floatingip was recalculated. Used quota:0. count_used /usr/lib/python2.7/site-packages/neutron/quota/resource.py:293
2018-09-30 11:44:39.977 23309 DEBUG neutron.db.quota.driver [req-89f95dd3-21cd-4fcd-b4d1-fcbdef833ba3 c6076d0e968d46daaf0fc5019a0f8a15 bd8a53962fd64ffeab7f2932b0e688c5 - default default] Attempting to reserve 1 items for resource floatingip. Total usage: 0; quota limit: 50; headroom:50 make_reservation /usr/lib/python2.7/site-packages/neutron/db/quota/driver.py:255
2018-09-30 11:44:40.438 23309 DEBUG neutron_lib.callbacks.manager [req-89f95dd3-21cd-4fcd-b4d1-fcbdef833ba3 c6076d0e968d46daaf0fc5019a0f8a15 bd8a53962fd64ffeab7f2932b0e688c5 - default default] Notify callbacks ['neutron.plugins.ml2.plugin.Ml2Plugin._ensure_default_security_group_handler-344127'] for port, before_create _notify_loop /usr/lib/python2.7/site-packages/neutron_lib/callbacks/manager.py:167
2018-09-30 11:44:41.363 23309 DEBUG neutron.db.db_base_plugin_common [req-89f95dd3-21cd-4fcd-b4d1-fcbdef833ba3 c6076d0e968d46daaf0fc5019a0f8a15 bd8a53962fd64ffeab7f2932b0e688c5 - default default] Allocated IP 172.24.4.2 (40fff4bc-a326-419b-b1c1-a7aa26b2d41a/a3f065d6-c694-4228-b2c0-49725a850924/cc493fd9-7efe-4579-95f2-3fbb8b4b472c) _store_ip_allocation /usr/lib/python2.7/site-packages/neutron/db/db_base_plugin_common.py:122
2018-09-30 11:44:41.646 23309 DEBUG neutron_lib.callbacks.manager [req-89f95dd3-21cd-4fcd-b4d1-fcbdef833ba3 c6076d0e968d46daaf0fc5019a0f8a15 bd8a53962fd64ffeab7f2932b0e688c5 - default default] Notify callbacks [] for port, precommit_create _notify_loop /usr/lib/python2.7/site-packages/neutron_lib/callbacks/manager.py:167
2018-09-30 11:44:41.726 23309 DEBUG neutron_lib.callbacks.manager [req-89f95dd3-21cd-4fcd-b4d1-fcbdef833ba3 c6076d0e968d46daaf0fc5019a0f8a15 bd8a53962fd64ffeab7f2932b0e688c5 - default default] Notify callbacks ['neutron.plugins.ml2.plugin.Ml2Plugin.notify_sg_on_port_change-345240', 'neutron.api.rpc.agentnotifiers.dhcp_rpc_agent_api.DhcpAgentNotifyAPI._native_event_send_dhcp_notification-1765034', 'neutron.db.l3_dvrscheduler_db._notify_l3_agent_new_port-8791490307061', 'neutron.plugins.ml2.ovo_rpc._ObjectChangeHandler.handle_event-1662739'] for port, after_create _notify_loop /usr/lib/python2.7/site-packages/neutron_lib/callbacks/manager.py:167
2018-09-30 11:44:41.918 23317 DEBUG neutron_lib.callbacks.manager [req-08aae52e-4e81-4bf1-9108-db5ac2fe0d4e - - - - -] Notify callbacks ['neutron.services.segments.db._update_segment_host_mapping_for_agent-8791490669377'] for agent, after_update _notify_loop /usr/lib/python2.7/site-packages/neutron_lib/callbacks/manager.py:167
2018-09-30 11:44:41.935 23309 DEBUG neutron.scheduler.dhcp_agent_scheduler [req-89f95dd3-21cd-4fcd-b4d1-fcbdef833ba3 c6076d0e968d46daaf0fc5019a0f8a15 bd8a53962fd64ffeab7f2932b0e688c5 - default default] Network 40fff4bc-a326-419b-b1c1-a7aa26b2d41a is already hosted by enough agents. _get_dhcp_agents_hosting_network /usr/lib/python2.7/site-packages/neutron/scheduler/dhcp_agent_scheduler.py:243
2018-09-30 11:44:42.317 23309 DEBUG neutron.db.l3_dvrscheduler_db [req-89f95dd3-21cd-4fcd-b4d1-fcbdef833ba3 c6076d0e968d46daaf0fc5019a0f8a15 bd8a53962fd64ffeab7f2932b0e688c5 - default default] Received port after_create _notify_l3_agent_new_port /usr/lib/python2.7/site-packages/neutron/db/l3_dvrscheduler_db.py:392
2018-09-30 11:44:42.324 23309 DEBUG oslo_concurrency.lockutils [-] Lock "event-dispatch" acquired by "neutron.plugins.ml2.ovo_rpc.dispatch_events" :: waited 0.000s inner /usr/lib/python2.7/site-packages/oslo_concurrency/lockutils.py:270
2018-09-30 11:44:42.544 23309 DEBUG neutron.api.rpc.handlers.resources_rpc [req-89f95dd3-21cd-4fcd-b4d1-fcbdef833ba3 c6076d0e968d46daaf0fc5019a0f8a15 bd8a53962fd64ffeab7f2932b0e688c5 - - -] neutron.api.rpc.handlers.resources_rpc.ResourcesPushRpcApi method push called with arguments (<neutron_lib.context.Context object at 0x7feed98e61d0>, [Port(admin_state_up=True,allowed_address_pairs=[],binding=PortBinding,binding_levels=[],created_at=2018-09-30T15:44:41Z,data_plane_status=<?>,description='',device_id='PENDING',device_owner='network:floatingip',dhcp_options=[],distributed_binding=None,dns=None,fixed_ips=[IPAllocation],id=cc493fd9-7efe-4579-95f2-3fbb8b4b472c,mac_address=fa:16:3e:4d:c8:87,name='',network_id=40fff4bc-a326-419b-b1c1-a7aa26b2d41a,project_id='',qos_policy_id=None,revision_number=3,security=PortSecurity(cc493fd9-7efe-4579-95f2-3fbb8b4b472c),security_group_ids=set([]),status='N/A',updated_at=2018-09-30T15:44:41Z)], 'updated') {} wrapper /usr/lib/python2.7/site-packages/oslo_log/helpers.py:66
2018-09-30 11:44:42.567 23309 DEBUG neutron.api.rpc.callbacks.version_manager [req-89f95dd3-21cd-4fcd-b4d1-fcbdef833ba3 c6076d0e968d46daaf0fc5019a0f8a15 bd8a53962fd64ffeab7f2932b0e688c5 - - -] Version for resource type Subnet changed None to 1.0 on consumer Open vSwitch agent@localhost.localdomain _set_version /usr/lib/python2.7/site-packages/neutron/api/rpc/callbacks/version_manager.py:119
2018-09-30 11:44:42.568 23309 DEBUG neutron.api.rpc.callbacks.version_manager [req-89f95dd3-21cd-4fcd-b4d1-fcbdef833ba3 c6076d0e968d46daaf0fc5019a0f8a15 bd8a53962fd64ffeab7f2932b0e688c5 - - -] Version for resource type Network changed None to 1.0 on consumer Open vSwitch agent@localhost.localdomain _set_version /usr/lib/python2.7/site-packages/neutron/api/rpc/callbacks/version_manager.py:119
2018-09-30 11:44:42.569 23309 DEBUG neutron.api.rpc.callbacks.version_manager [req-89f95dd3-21cd-4fcd-b4d1-fcbdef833ba3 c6076d0e968d46daaf0fc5019a0f8a15 bd8a53962fd64ffeab7f2932b0e688c5 - - -] Version for resource type SubPort changed None to 1.0 on consumer Open vSwitch agent@localhost.localdomain _set_version /usr/lib/python2.7/site-packages/neutron/api/rpc/callbacks/version_manager.py:119
2018-09-30 11:44:42.570 23309 DEBUG neutron.api.rpc.callbacks.version_manager [req-89f95dd3-21cd-4fcd-b4d1-fcbdef833ba3 c6076d0e968d46daaf0fc5019a0f8a15 bd8a53962fd64ffeab7f2932b0e688c5 - - -] Version for resource type SecurityGroup changed None to 1.0 on consumer Open vSwitch agent@localhost.localdomain _set_version /usr/lib/python2.7/site-packages/neutron/api/rpc/callbacks/version_manager.py:119
2018-09-30 11:44:42.571 23309 DEBUG neutron.api.rpc.callbacks.version_manager [req-89f95dd3-21cd-4fcd-b4d1-fcbdef833ba3 c6076d0e968d46daaf0fc5019a0f8a15 bd8a53962fd64ffeab7f2932b0e688c5 - - -] Version for resource type SecurityGroupRule changed None to 1.0 on consumer Open vSwitch agent@localhost.localdomain _set_version /usr/lib/python2.7/site-packages/neutron/api/rpc/callbacks/version_manager.py:119
2018-09-30 11:44:42.572 23309 DEBUG neutron.api.rpc.callbacks.version_manager [req-89f95dd3-21cd-4fcd-b4d1-fcbdef833ba3 c6076d0e968d46daaf0fc5019a0f8a15 bd8a53962fd64ffeab7f2932b0e688c5 - - -] Version for resource type Trunk changed None to 1.1 on consumer Open vSwitch agent@localhost.localdomain _set_version /usr/lib/python2.7/site-packages/neutron/api/rpc/callbacks/version_manager.py:119
2018-09-30 11:44:42.573 23309 DEBUG neutron.api.rpc.callbacks.version_manager [req-89f95dd3-21cd-4fcd-b4d1-fcbdef833ba3 c6076d0e968d46daaf0fc5019a0f8a15 bd8a53962fd64ffeab7f2932b0e688c5 - - -] Version for resource type QosPolicy changed None to 1.6 on consumer Open vSwitch agent@localhost.localdomain _set_version /usr/lib/python2.7/site-packages/neutron/api/rpc/callbacks/version_manager.py:119
2018-09-30 11:44:42.574 23309 DEBUG neutron.api.rpc.callbacks.version_manager [req-89f95dd3-21cd-4fcd-b4d1-fcbdef833ba3 c6076d0e968d46daaf0fc5019a0f8a15 bd8a53962fd64ffeab7f2932b0e688c5 - - -] Version for resource type Port changed None to 1.1 on consumer Open vSwitch agent@localhost.localdomain _set_version /usr/lib/python2.7/site-packages/neutron/api/rpc/callbacks/version_manager.py:119
2018-09-30 11:44:42.574 23309 DEBUG neutron.api.rpc.callbacks.version_manager [req-89f95dd3-21cd-4fcd-b4d1-fcbdef833ba3 c6076d0e968d46daaf0fc5019a0f8a15 bd8a53962fd64ffeab7f2932b0e688c5 - - -] Version for resource type Log changed None to 1.0 on consumer Open vSwitch agent@localhost.localdomain _set_version /usr/lib/python2.7/site-packages/neutron/api/rpc/callbacks/version_manager.py:119
2018-09-30 11:44:42.577 23309 DEBUG neutron.api.rpc.callbacks.version_manager [req-89f95dd3-21cd-4fcd-b4d1-fcbdef833ba3 c6076d0e968d46daaf0fc5019a0f8a15 bd8a53962fd64ffeab7f2932b0e688c5 - - -] Tracked resource versions report:
pushed versions:
{   'Log': set(['1.0']),
    'Network': set(['1.0']),
    'Port': set(['1.1']),
    'QosPolicy': set(['1.6']),
    'SecurityGroup': set(['1.0']),
    'SecurityGroupRule': set(['1.0']),
    'SubPort': set(['1.0']),
    'Subnet': set(['1.0']),
    'Trunk': set(['1.1'])}

consumer versions:
{   DHCP agent@localhost.localdomain: {   },
    L3 agent@localhost.localdomain: {   },
    Metadata agent@localhost.localdomain: {   },
    Metering agent@localhost.localdomain: {   },
    Open vSwitch agent@localhost.localdomain: {   u'Log': u'1.0',
                                                  u'Network': u'1.0',
                                                  u'Port': u'1.1',
                                                  u'QosPolicy': u'1.6',
                                                  u'SecurityGroup': u'1.0',
                                                  u'SecurityGroupRule': u'1.0',
                                                  u'SubPort': u'1.0',
                                                  u'Subnet': u'1.0',
                                                  u'Trunk': u'1.1'}}
 report /usr/lib/python2.7/site-packages/neutron/api/rpc/callbacks/version_manager.py:178
2018-09-30 11:44:42.586 23309 DEBUG neutron_lib.callbacks.manager [req-89f95dd3-21cd-4fcd-b4d1-fcbdef833ba3 c6076d0e968d46daaf0fc5019a0f8a15 bd8a53962fd64ffeab7f2932b0e688c5 - default default] Notify callbacks ['neutron.plugins.ml2.plugin.Ml2Plugin._ensure_default_security_group_handler-344127'] for port, before_update _notify_loop /usr/lib/python2.7/site-packages/neutron_lib/callbacks/manager.py:167
2018-09-30 11:44:42.631 23309 DEBUG oslo_concurrency.lockutils [req-89f95dd3-21cd-4fcd-b4d1-fcbdef833ba3 c6076d0e968d46daaf0fc5019a0f8a15 bd8a53962fd64ffeab7f2932b0e688c5 - - -] Lock "event-dispatch" released by "neutron.plugins.ml2.ovo_rpc.dispatch_events" :: held 0.307s inner /usr/lib/python2.7/site-packages/oslo_concurrency/lockutils.py:282
2018-09-30 11:44:43.430 23309 DEBUG neutron_lib.callbacks.manager [req-89f95dd3-21cd-4fcd-b4d1-fcbdef833ba3 c6076d0e968d46daaf0fc5019a0f8a15 bd8a53962fd64ffeab7f2932b0e688c5 - default default] Notify callbacks [] for port, precommit_update _notify_loop /usr/lib/python2.7/site-packages/neutron_lib/callbacks/manager.py:167
2018-09-30 11:44:43.439 23309 DEBUG neutron_lib.callbacks.manager [req-89f95dd3-21cd-4fcd-b4d1-fcbdef833ba3 c6076d0e968d46daaf0fc5019a0f8a15 bd8a53962fd64ffeab7f2932b0e688c5 - default default] Notify callbacks ['neutron.plugins.ml2.plugin.Ml2Plugin.notify_sg_on_port_change-345240', 'neutron.api.rpc.agentnotifiers.dhcp_rpc_agent_api.DhcpAgentNotifyAPI._native_event_send_dhcp_notification-1765034', 'neutron.db.l3_dvrscheduler_db._notify_l3_agent_port_update--9223363245364468468', 'neutron.db.l3_hascheduler_db._notify_l3_agent_ha_port_update--9223363245364468393', 'neutron.plugins.ml2.ovo_rpc._ObjectChangeHandler.handle_event-1662739'] for port, after_update _notify_loop /usr/lib/python2.7/site-packages/neutron_lib/callbacks/manager.py:167
2018-09-30 11:44:43.777 23309 DEBUG neutron_lib.callbacks.manager [req-89f95dd3-21cd-4fcd-b4d1-fcbdef833ba3 c6076d0e968d46daaf0fc5019a0f8a15 bd8a53962fd64ffeab7f2932b0e688c5 - default default] Notify callbacks ['neutron.services.l3_router.l3_router_plugin.L3RouterPlugin._create_dvr_floating_gw_port--9223372036853139283'] for floatingip, after_update _notify_loop /usr/lib/python2.7/site-packages/neutron_lib/callbacks/manager.py:167
2018-09-30 11:44:43.785 23309 DEBUG oslo_concurrency.lockutils [-] Lock "event-dispatch" acquired by "neutron.plugins.ml2.ovo_rpc.dispatch_events" :: waited 0.000s inner /usr/lib/python2.7/site-packages/oslo_concurrency/lockutils.py:270
2018-09-30 11:44:43.916 23309 DEBUG neutron.quota.resource [req-89f95dd3-21cd-4fcd-b4d1-fcbdef833ba3 c6076d0e968d46daaf0fc5019a0f8a15 bd8a53962fd64ffeab7f2932b0e688c5 - default default] Persisted dirty status for tenant:58bc2a7035de47e4b468059318349981 on resource:floatingip mark_dirty /usr/lib/python2.7/site-packages/neutron/quota/resource.py:207
2018-09-30 11:44:43.929 23309 DEBUG neutron.quota.resource [req-89f95dd3-21cd-4fcd-b4d1-fcbdef833ba3 c6076d0e968d46daaf0fc5019a0f8a15 bd8a53962fd64ffeab7f2932b0e688c5 - default default] Persisted dirty status for tenant: on resource:port mark_dirty /usr/lib/python2.7/site-packages/neutron/quota/resource.py:207
2018-09-30 11:44:43.949 23309 DEBUG neutron_lib.callbacks.manager [req-89f95dd3-21cd-4fcd-b4d1-fcbdef833ba3 c6076d0e968d46daaf0fc5019a0f8a15 bd8a53962fd64ffeab7f2932b0e688c5 - default default] Notify callbacks ['neutron.notifiers.nova.Notifier._send_nova_notification-1475'] for floatingip, before_response _notify_loop /usr/lib/python2.7/site-packages/neutron_lib/callbacks/manager.py:167
2018-09-30 11:44:43.951 23309 INFO neutron.wsgi [req-89f95dd3-21cd-4fcd-b4d1-fcbdef833ba3 c6076d0e968d46daaf0fc5019a0f8a15 bd8a53962fd64ffeab7f2932b0e688c5 - default default] 10.0.20.25 "POST /v2.0/floatingips HTTP/1.1" status: 201  len: 674 time: 4.1291430
2018-09-30 11:44:43.953 23309 DEBUG neutron.api.rpc.handlers.resources_rpc [req-89f95dd3-21cd-4fcd-b4d1-fcbdef833ba3 c6076d0e968d46daaf0fc5019a0f8a15 bd8a53962fd64ffeab7f2932b0e688c5 - - -] neutron.api.rpc.handlers.resources_rpc.ResourcesPushRpcApi method push called with arguments (<neutron_lib.context.Context object at 0x7feed9bb0190>, [Port(admin_state_up=True,allowed_address_pairs=[],binding=PortBinding,binding_levels=[],created_at=2018-09-30T15:44:41Z,data_plane_status=<?>,description='',device_id='4be0f3ec-521c-44f4-86a3-6136264d6e11',device_owner='network:floatingip',dhcp_options=[],distributed_binding=None,dns=None,fixed_ips=[IPAllocation],id=cc493fd9-7efe-4579-95f2-3fbb8b4b472c,mac_address=fa:16:3e:4d:c8:87,name='',network_id=40fff4bc-a326-419b-b1c1-a7aa26b2d41a,project_id='',qos_policy_id=None,revision_number=4,security=PortSecurity(cc493fd9-7efe-4579-95f2-3fbb8b4b472c),security_group_ids=set([]),status='N/A',updated_at=2018-09-30T15:44:42Z)], 'updated') {} wrapper /usr/lib/python2.7/site-packages/oslo_log/helpers.py:66
2018-09-30 11:44:43.977 23309 DEBUG oslo_concurrency.lockutils [req-89f95dd3-21cd-4fcd-b4d1-fcbdef833ba3 c6076d0e968d46daaf0fc5019a0f8a15 bd8a53962fd64ffeab7f2932b0e688c5 - - -] Lock "event-dispatch" released by "neutron.plugins.ml2.ovo_rpc.dispatch_events" :: held 0.192s inner /usr/lib/python2.7/site-packages/oslo_concurrency/lockutils.py:282
2018-09-30 11:44:57.701 23309 DEBUG neutron.wsgi [-] (23309) accepted ('10.0.20.25', 53408) server /usr/lib/python2.7/site-packages/eventlet/wsgi.py:883
2018-09-30 11:44:57.808 23320 DEBUG neutron.db.agents_db [req-093b9e36-2d86-4e6b-a85a-54ddc155cc21 - - - - -] Agent healthcheck: found 5 active agents agent_health_check /usr/lib/python2.7/site-packages/neutron/db/agents_db.py:281
2018-09-30 11:44:58.344 23309 INFO neutron.wsgi [req-bc354f1e-9f05-4cd8-8e46-e6a0a20def65 6041b01c631d425d829cf96874ce50bf 671ea1986554476bbcaa620e00697d23 - default default] 10.0.20.25 "GET /v2.0/ports?device_id=d7ffd7dc-8392-44a1-af32-7f09add1f3b1 HTTP/1.1" status: 200  len: 1125 time: 0.6407130
2018-09-30 11:44:58.385 23307 DEBUG neutron.quota.resource [req-3951c675-6a1a-424b-9228-d6f8e61437b9 a883ea1013ad4f0e86a4b074d55a372d 58bc2a7035de47e4b468059318349981 - 0e14c4426ffc40f0b6e561d118e13115 0e14c4426ffc40f0b6e561d118e13115] Synchronizing usage tracker for tenant:58bc2a7035de47e4b468059318349981 on resource:port resync /usr/lib/python2.7/site-packages/neutron/quota/resource.py:245
2018-09-30 11:44:58.442 23307 DEBUG neutron.quota.resource [req-3951c675-6a1a-424b-9228-d6f8e61437b9 a883ea1013ad4f0e86a4b074d55a372d 58bc2a7035de47e4b468059318349981 - 0e14c4426ffc40f0b6e561d118e13115 0e14c4426ffc40f0b6e561d118e13115] Unset dirty status for tenant:58bc2a7035de47e4b468059318349981 on resource:port _resync /usr/lib/python2.7/site-packages/neutron/quota/resource.py:237
2018-09-30 11:44:58.445 23307 INFO neutron.wsgi [req-3951c675-6a1a-424b-9228-d6f8e61437b9 a883ea1013ad4f0e86a4b074d55a372d 58bc2a7035de47e4b468059318349981 - 0e14c4426ffc40f0b6e561d118e13115 0e14c4426ffc40f0b6e561d118e13115] 10.0.20.25 "GET /v2.0/ports?device_id=d7ffd7dc-8392-44a1-af32-7f09add1f3b1 HTTP/1.1" status: 200  len: 1125 time: 0.9141362
2018-09-30 11:44:58.513 23309 INFO neutron.wsgi [req-a2f3f2ef-7e9d-426c-9df3-63f422da3068 6041b01c631d425d829cf96874ce50bf 671ea1986554476bbcaa620e00697d23 - default default] 10.0.20.25 "GET /v2.0/security-groups?id=298b1999-b13f-4de6-9c06-1cb90a78a306 HTTP/1.1" status: 200  len: 2118 time: 0.1598639
2018-09-30 11:44:58.599 23307 INFO neutron.wsgi [req-0f825c18-4259-471e-9e79-5e37fd5dce53 a883ea1013ad4f0e86a4b074d55a372d 58bc2a7035de47e4b468059318349981 - 0e14c4426ffc40f0b6e561d118e13115 0e14c4426ffc40f0b6e561d118e13115] 10.0.20.25 "GET /v2.0/security-groups?id=298b1999-b13f-4de6-9c06-1cb90a78a306 HTTP/1.1" status: 200  len: 2118 time: 0.1447041
2018-09-30 11:44:58.924 23307 INFO neutron.wsgi [req-63c024b5-83fa-4716-b4a2-f6fe100bb977 a883ea1013ad4f0e86a4b074d55a372d 58bc2a7035de47e4b468059318349981 - 0e14c4426ffc40f0b6e561d118e13115 0e14c4426ffc40f0b6e561d118e13115] 10.0.20.25 "GET /v2.0/ports?device_owner=compute%3Anova&device_id=d7ffd7dc-8392-44a1-af32-7f09add1f3b1 HTTP/1.1" status: 200  len: 1125 time: 0.1497231
2018-09-30 11:44:58.974 23307 INFO neutron.wsgi [req-d409121f-fe19-4b76-a941-a301ef45b109 a883ea1013ad4f0e86a4b074d55a372d 58bc2a7035de47e4b468059318349981 - 0e14c4426ffc40f0b6e561d118e13115 0e14c4426ffc40f0b6e561d118e13115] 10.0.20.25 "GET /v2.0/floatingips?floating_ip_address=172.24.4.2 HTTP/1.1" status: 200  len: 672 time: 0.0409570
2018-09-30 11:44:58.998 23307 DEBUG neutron.api.v2.base [req-fea26e67-2ad5-4c51-b5bb-72bb983264e3 a883ea1013ad4f0e86a4b074d55a372d 58bc2a7035de47e4b468059318349981 - 0e14c4426ffc40f0b6e561d118e13115 0e14c4426ffc40f0b6e561d118e13115] Request body: {u'floatingip': {u'fixed_ip_address': u'11.170.1.12', u'port_id': u'ae1343f1-6ebb-42bf-87b9-5f2c174c261d'}} prepare_request_body /usr/lib/python2.7/site-packages/neutron/api/v2/base.py:695
2018-09-30 11:44:59.401 23307 DEBUG neutron_lib.callbacks.manager [req-fea26e67-2ad5-4c51-b5bb-72bb983264e3 a883ea1013ad4f0e86a4b074d55a372d 58bc2a7035de47e4b468059318349981 - 0e14c4426ffc40f0b6e561d118e13115 0e14c4426ffc40f0b6e561d118e13115] Notify callbacks ['neutron.services.l3_router.l3_router_plugin.L3RouterPlugin._create_dvr_floating_gw_port--9223372036853139283'] for floatingip, after_update _notify_loop /usr/lib/python2.7/site-packages/neutron_lib/callbacks/manager.py:167
2018-09-30 11:45:00.059 23307 DEBUG neutron.scheduler.l3_agent_scheduler [req-fea26e67-2ad5-4c51-b5bb-72bb983264e3 a883ea1013ad4f0e86a4b074d55a372d 58bc2a7035de47e4b468059318349981 - 0e14c4426ffc40f0b6e561d118e13115 0e14c4426ffc40f0b6e561d118e13115] Router a617e3c2-0b6b-49d1-b5b1-cd7f19680546 has already been hosted by L3 agent 4ac0ebe3-010d-4960-b1cd-6ee5ff761291 _get_candidates /usr/lib/python2.7/site-packages/neutron/scheduler/l3_agent_scheduler.py:141
2018-09-30 11:45:00.293 23307 DEBUG neutron.api.rpc.agentnotifiers.l3_rpc_agent_api [req-fea26e67-2ad5-4c51-b5bb-72bb983264e3 a883ea1013ad4f0e86a4b074d55a372d 58bc2a7035de47e4b468059318349981 - 0e14c4426ffc40f0b6e561d118e13115 0e14c4426ffc40f0b6e561d118e13115] Notify agent at l3_agent.localhost.localdomain the message routers_updated _agent_notification /usr/lib/python2.7/site-packages/neutron/api/rpc/agentnotifiers/l3_rpc_agent_api.py:69
2018-09-30 11:45:00.330 23307 DEBUG neutron_lib.callbacks.manager [req-fea26e67-2ad5-4c51-b5bb-72bb983264e3 a883ea1013ad4f0e86a4b074d55a372d 58bc2a7035de47e4b468059318349981 - 0e14c4426ffc40f0b6e561d118e13115 0e14c4426ffc40f0b6e561d118e13115] Notify callbacks ['neutron.notifiers.nova.Notifier._send_nova_notification-1475'] for floatingip, before_response _notify_loop /usr/lib/python2.7/site-packages/neutron_lib/callbacks/manager.py:167
2018-09-30 11:45:00.360 23314 DEBUG neutron.db.l3_hamode_db [req-57e803e2-2def-46b9-ae3a-6ab6215d75e9 - - - - -] neutron.services.l3_router.l3_router_plugin.L3RouterPlugin method get_ha_sync_data_for_host called with arguments (<neutron_lib.context.Context object at 0x7feeda256b90>, u'localhost.localdomain', <neutron.db.models.agent.Agent[object at 7feed9ead8d0] {id=u'4ac0ebe3-010d-4960-b1cd-6ee5ff761291', agent_type=u'L3 agent', binary=u'neutron-l3-agent', topic=u'l3_agent', host=u'localhost.localdomain', availability_zone=u'nova', admin_state_up=True, created_at=datetime.datetime(2018, 9, 11, 21, 26, 19), started_at=datetime.datetime(2018, 9, 30, 15, 33, 34), heartbeat_timestamp=datetime.datetime(2018, 9, 30, 15, 44, 34), description=None, configurations=u'{"agent_mode": "legacy", "gateway_external_network_id": "", "handle_internal_only_routers": true, "routers": 2, "interfaces": 2, "floating_ips": 0, "interface_driver": "neutron.agent.linux.interface.OVSInterfaceDriver", "log_agent_heartbeats": false, "external_network_bridge": "", "ex_gw_ports": 2}', resource_versions=None, load=0}>) {'active': True, 'router_ids': ['a617e3c2-0b6b-49d1-b5b1-cd7f19680546']} wrapper /usr/lib/python2.7/site-packages/oslo_log/helpers.py:66
2018-09-30 11:45:00.440 23307 INFO neutron.wsgi [req-fea26e67-2ad5-4c51-b5bb-72bb983264e3 a883ea1013ad4f0e86a4b074d55a372d 58bc2a7035de47e4b468059318349981 - 0e14c4426ffc40f0b6e561d118e13115 0e14c4426ffc40f0b6e561d118e13115] 10.0.20.25 "PUT /v2.0/floatingips/4be0f3ec-521c-44f4-86a3-6136264d6e11 HTTP/1.1" status: 200  len: 746 time: 1.4587679
2018-09-30 11:45:00.442 23307 DEBUG oslo_concurrency.lockutils [-] Lock "notifier-2a21459a-f4dc-4928-b424-730c2b49b798" acquired by "neutron.notifiers.batch_notifier.synced_send" :: waited 0.000s inner /usr/lib/python2.7/site-packages/oslo_concurrency/lockutils.py:270
2018-09-30 11:45:00.443 23307 DEBUG neutron.notifiers.nova [-] Sending events: [{'tag': u'ae1343f1-6ebb-42bf-87b9-5f2c174c261d', 'name': 'network-changed', 'server_uuid': u'd7ffd7dc-8392-44a1-af32-7f09add1f3b1'}] send_events /usr/lib/python2.7/site-packages/neutron/notifiers/nova.py:242
2018-09-30 11:45:00.448 23307 DEBUG novaclient.v2.client [-] REQ: curl -g -i -X POST http://10.0.20.25:8774/v2.1/671ea1986554476bbcaa620e00697d23/os-server-external-events -H "User-Agent: python-novaclient" -H "Content-Type: application/json" -H "Accept: application/json" -H "X-OpenStack-Nova-API-Version: 2.1" -H "X-Auth-Token: {SHA1}80791d8d61fe557c17d7e09fc71878df17792cde" -d '{"events": [{"tag": "ae1343f1-6ebb-42bf-87b9-5f2c174c261d", "name": "network-changed", "server_uuid": "d7ffd7dc-8392-44a1-af32-7f09add1f3b1"}]}' _http_log_request /usr/lib/python2.7/site-packages/keystoneauth1/session.py:375
2018-09-30 11:45:00.552 23307 DEBUG novaclient.v2.client [-] RESP: [200] Content-Length: 179 Content-Type: application/json Openstack-Api-Version: compute 2.1 X-Openstack-Nova-Api-Version: 2.1 Vary: OpenStack-API-Version, X-OpenStack-Nova-API-Version X-Openstack-Request-Id: req-3c6e1b0f-b45b-4038-be4e-8b0723aa5874 X-Compute-Request-Id: req-3c6e1b0f-b45b-4038-be4e-8b0723aa5874 Date: Sun, 30 Sep 2018 15:45:00 GMT Connection: keep-alive 
RESP BODY: {"events": [{"status": "completed", "tag": "ae1343f1-6ebb-42bf-87b9-5f2c174c261d", "name": "network-changed", "server_uuid": "d7ffd7dc-8392-44a1-af32-7f09add1f3b1", "code": 200}]}
 _http_log_response /usr/lib/python2.7/site-packages/keystoneauth1/session.py:423
2018-09-30 11:45:00.552 23307 DEBUG novaclient.v2.client [-] POST call to compute for http://10.0.20.25:8774/v2.1/671ea1986554476bbcaa620e00697d23/os-server-external-events used request id req-3c6e1b0f-b45b-4038-be4e-8b0723aa5874 request /usr/lib/python2.7/site-packages/keystoneauth1/session.py:727
2018-09-30 11:45:00.562 23307 INFO neutron.notifiers.nova [-] Nova event response: {u'status': u'completed', u'tag': u'ae1343f1-6ebb-42bf-87b9-5f2c174c261d', u'name': u'network-changed', u'server_uuid': u'd7ffd7dc-8392-44a1-af32-7f09add1f3b1', u'code': 200}
2018-09-30 11:45:00.800 23307 INFO neutron.wsgi [req-0b1a0b6a-e019-4f82-80dc-549f9f62f931 6041b01c631d425d829cf96874ce50bf 671ea1986554476bbcaa620e00697d23 - default default] 10.0.20.25 "GET /v2.0/ports?tenant_id=58bc2a7035de47e4b468059318349981&device_id=d7ffd7dc-8392-44a1-af32-7f09add1f3b1 HTTP/1.1" status: 200  len: 1125 time: 0.1734111
2018-09-30 11:45:01.128 23307 DEBUG neutron.pecan_wsgi.hooks.policy_enforcement [req-9465ab65-7047-431d-86df-cc7c89b720bb 6041b01c631d425d829cf96874ce50bf 671ea1986554476bbcaa620e00697d23 - default default] Attributes excluded by policy engine: [u'vlan_transparent'] _exclude_attributes_by_policy /usr/lib/python2.7/site-packages/neutron/pecan_wsgi/hooks/policy_enforcement.py:256
2018-09-30 11:45:01.132 23307 INFO neutron.wsgi [req-9465ab65-7047-431d-86df-cc7c89b720bb 6041b01c631d425d829cf96874ce50bf 671ea1986554476bbcaa620e00697d23 - default default] 10.0.20.25 "GET /v2.0/networks?id=39922528-6ba4-4322-9d42-bf6e21ca3346 HTTP/1.1" status: 200  len: 885 time: 0.3225391
2018-09-30 11:45:01.189 23307 INFO neutron.wsgi [req-a772d3b1-e5b0-43ed-8690-6a56e1365258 6041b01c631d425d829cf96874ce50bf 671ea1986554476bbcaa620e00697d23 - default default] 10.0.20.25 "GET /v2.0/floatingips?fixed_ip_address=11.170.1.12&port_id=ae1343f1-6ebb-42bf-87b9-5f2c174c261d HTTP/1.1" status: 200  len: 749 time: 0.0478709
2018-09-30 11:45:01.367 23307 DEBUG neutron.pecan_wsgi.hooks.policy_enforcement [req-f001492e-4532-4200-8d6e-b629cef3d248 6041b01c631d425d829cf96874ce50bf 671ea1986554476bbcaa620e00697d23 - default default] Attributes excluded by policy engine: [u'shared'] _exclude_attributes_by_policy /usr/lib/python2.7/site-packages/neutron/pecan_wsgi/hooks/policy_enforcement.py:256
2018-09-30 11:45:01.371 23307 INFO neutron.wsgi [req-f001492e-4532-4200-8d6e-b629cef3d248 6041b01c631d425d829cf96874ce50bf 671ea1986554476bbcaa620e00697d23 - default default] 10.0.20.25 "GET /v2.0/subnets?id=298b583f-db38-49ce-8643-672b98110202 HTTP/1.1" status: 200  len: 847 time: 0.1740360
2018-09-30 11:45:01.380 23314 DEBUG neutron.db.l3_hamode_db [req-57e803e2-2def-46b9-ae3a-6ab6215d75e9 - - - - -] neutron.services.l3_router.l3_router_plugin.L3RouterPlugin method _process_sync_ha_data called with arguments (<neutron_lib.context.Context object at 0x7feeda256b90>, [{'status': u'ACTIVE', '_interfaces': [{'status': u'ACTIVE', 'subnets': [{'dns_nameservers': [u'8.8.4.4'], 'ipv6_ra_mode': None, 'gateway_ip': u'11.170.1.1', 'cidr': u'11.170.1.0/24', 'id': u'298b583f-db38-49ce-8643-672b98110202', 'subnetpool_id': None}], 'binding:host_id': u'localhost.localdomain', 'description': u'', 'allowed_address_pairs': [], 'tags': [], 'extra_dhcp_opts': [], 'updated_at': '2018-09-30T15:43:29Z', 'device_owner': u'network:router_interface', 'revision_number': 7, 'port_security_enabled': False, 'binding:profile': {}, 'mtu': 1450, 'fixed_ips': [{'subnet_id': u'298b583f-db38-49ce-8643-672b98110202', 'prefixlen': 24, 'ip_address': u'11.170.1.1'}], 'id': u'f9c352e4-2009-400e-8fae-0939fad7df73', 'security_groups': [], 'device_id': u'a617e3c2-0b6b-49d1-b5b1-cd7f19680546', 'name': u'', 'admin_state_up': True, 'network_id': u'39922528-6ba4-4322-9d42-bf6e21ca3346', 'tenant_id': u'58bc2a7035de47e4b468059318349981', 'binding:vif_details': {u'port_filter': True, u'datapath_type': u'system', u'ovs_hybrid_plug': True}, 'address_scopes': {4: None, 6: None}, 'binding:vnic_type': u'normal', 'binding:vif_type': u'ovs', 'mac_address': u'fa:16:3e:c6:9d:c0', 'project_id': u'58bc2a7035de47e4b468059318349981', 'extra_subnets': [], 'created_at': '2018-09-30T15:43:20Z'}], 'enable_snat': True, 'ha_vr_id': 0, 'description': u'', 'tags': [], 'gw_port': {'status': u'ACTIVE', 'subnets': [{'dns_nameservers': [], 'ipv6_ra_mode': None, 'gateway_ip': u'172.24.4.1', 'cidr': u'172.24.4.0/24', 'id': u'a3f065d6-c694-4228-b2c0-49725a850924', 'subnetpool_id': None}], 'binding:host_id': u'localhost.localdomain', 'description': u'', 'allowed_address_pairs': [], 'tags': [], 'extra_dhcp_opts': [], 'updated_at': '2018-09-30T15:43:43Z', 'device_owner': u'network:router_gateway', 'revision_number': 6, 'port_security_enabled': False, 'binding:profile': {}, 'mtu': 1500, 'fixed_ips': [{'subnet_id': u'a3f065d6-c694-4228-b2c0-49725a850924', 'prefixlen': 24, 'ip_address': u'172.24.4.9'}], 'id': u'6ccb2a34-e434-49b5-abdf-5291d70b85e1', 'security_groups': [], 'device_id': u'a617e3c2-0b6b-49d1-b5b1-cd7f19680546', 'name': u'', 'admin_state_up': True, 'network_id': u'40fff4bc-a326-419b-b1c1-a7aa26b2d41a', 'tenant_id': u'', 'binding:vif_details': {u'port_filter': True, u'datapath_type': u'system', u'ovs_hybrid_plug': True}, 'address_scopes': {4: None, 6: None}, 'binding:vnic_type': u'normal', 'binding:vif_type': u'ovs', 'mac_address': u'fa:16:3e:f0:3b:bc', 'project_id': u'', 'extra_subnets': [], 'created_at': '2018-09-30T15:43:35Z'}, 'updated_at': '2018-09-30T15:43:37Z', 'revision_number': 4, 'ha': False, 'id': u'a617e3c2-0b6b-49d1-b5b1-cd7f19680546', 'gw_port_host': u'localhost.localdomain', 'external_gateway_info': {'network_id': u'40fff4bc-a326-419b-b1c1-a7aa26b2d41a', 'enable_snat': True, 'external_fixed_ips': [{'subnet_id': u'a3f065d6-c694-4228-b2c0-49725a850924', 'ip_address': u'172.24.4.9'}]}, 'availability_zone_hints': [], 'availability_zones': [u'nova'], 'name': u'tempest-router-1538322001', 'gw_port_id': u'6ccb2a34-e434-49b5-abdf-5291d70b85e1', 'admin_state_up': True, 'tenant_id': u'58bc2a7035de47e4b468059318349981', 'created_at': '2018-09-30T15:42:59Z', 'distributed': False, 'flavor_id': None, 'routes': [], 'project_id': u'58bc2a7035de47e4b468059318349981', '_floatingips': [{'router_id': u'a617e3c2-0b6b-49d1-b5b1-cd7f19680546', 'status': u'DOWN', 'description': u'', 'tags': [], 'updated_at': '2018-09-30T15:44:59Z', 'dns_domain': '', 'floating_network_id': u'40fff4bc-a326-419b-b1c1-a7aa26b2d41a', 'fixed_ip_address': u'11.170.1.12', 'floating_ip_address': u'172.24.4.2', 'revision_number': 1, 'port_id': u'ae1343f1-6ebb-42bf-87b9-5f2c174c261d', 'id': u'4be0f3ec-521c-44f4-86a3-6136264d6e11', 'dns_name': '', 'created_at': '2018-09-30T15:44:42Z', 'tenant_id': u'58bc2a7035de47e4b468059318349981', 'fixed_ip_address_scope': None, 'project_id': u'58bc2a7035de47e4b468059318349981'}]}], u'localhost.localdomain', False) {} wrapper /usr/lib/python2.7/site-packages/oslo_log/helpers.py:66
2018-09-30 11:45:01.401 23314 DEBUG neutron.api.rpc.handlers.l3_rpc [req-57e803e2-2def-46b9-ae3a-6ab6215d75e9 - - - - -] Checking router: a617e3c2-0b6b-49d1-b5b1-cd7f19680546 for host: localhost.localdomain _ensure_host_set_on_ports /usr/lib/python2.7/site-packages/neutron/api/rpc/handlers/l3_rpc.py:135
2018-09-30 11:45:01.560 23307 INFO neutron.wsgi [req-1c3851d7-047d-4004-a49d-20a847f40956 6041b01c631d425d829cf96874ce50bf 671ea1986554476bbcaa620e00697d23 - default default] 10.0.20.25 "GET /v2.0/ports?network_id=39922528-6ba4-4322-9d42-bf6e21ca3346&device_owner=network%3Adhcp HTTP/1.1" status: 200  len: 1128 time: 0.1782022
2018-09-30 11:45:01.744 23306 DEBUG neutron.wsgi [-] (23306) accepted ('10.0.20.25', 53446) server /usr/lib/python2.7/site-packages/eventlet/wsgi.py:883
2018-09-30 11:45:01.895 23316 DEBUG neutron.api.rpc.handlers.l3_rpc [req-74665f09-79c0-4a2f-8aed-931d589ae4c7 - - - - -] New status for floating IP 4be0f3ec-521c-44f4-86a3-6136264d6e11: ACTIVE update_floatingip_statuses /usr/lib/python2.7/site-packages/neutron/api/rpc/handlers/l3_rpc.py:252
2018-09-30 11:45:02.489 23306 INFO neutron.wsgi [req-b4d14d43-da7b-4b83-8cc4-edb296a7429c 6041b01c631d425d829cf96874ce50bf 671ea1986554476bbcaa620e00697d23 - default default] 10.0.20.25 "GET /v2.0/ports?device_id=d7ffd7dc-8392-44a1-af32-7f09add1f3b1 HTTP/1.1" status: 200  len: 1125 time: 0.7425909
2018-09-30 11:45:02.568 23307 DEBUG oslo_concurrency.lockutils [-] Lock "notifier-2a21459a-f4dc-4928-b424-730c2b49b798" released by "neutron.notifiers.batch_notifier.synced_send" :: held 2.126s inner /usr/lib/python2.7/site-packages/oslo_concurrency/lockutils.py:282
2018-09-30 11:45:02.588 23307 INFO neutron.wsgi [req-5a819ab8-22b3-4ace-9999-20a6823ab87e 6041b01c631d425d829cf96874ce50bf 671ea1986554476bbcaa620e00697d23 - default default] 10.0.20.25 "GET /v2.0/ports?tenant_id=58bc2a7035de47e4b468059318349981&device_id=d7ffd7dc-8392-44a1-af32-7f09add1f3b1 HTTP/1.1" status: 200  len: 1125 time: 0.7833970
2018-09-30 11:45:02.631 23306 INFO neutron.wsgi [req-a8a140f8-8e44-4023-a45b-fa7dc077a735 6041b01c631d425d829cf96874ce50bf 671ea1986554476bbcaa620e00697d23 - default default] 10.0.20.25 "GET /v2.0/security-groups?id=298b1999-b13f-4de6-9c06-1cb90a78a306 HTTP/1.1" status: 200  len: 2118 time: 0.1323340
2018-09-30 11:45:02.887 23307 DEBUG neutron.pecan_wsgi.hooks.policy_enforcement [req-a2170322-7d50-4433-877c-a08b871fd7a0 6041b01c631d425d829cf96874ce50bf 671ea1986554476bbcaa620e00697d23 - default default] Attributes excluded by policy engine: [u'vlan_transparent'] _exclude_attributes_by_policy /usr/lib/python2.7/site-packages/neutron/pecan_wsgi/hooks/policy_enforcement.py:256
2018-09-30 11:45:02.890 23307 INFO neutron.wsgi [req-a2170322-7d50-4433-877c-a08b871fd7a0 6041b01c631d425d829cf96874ce50bf 671ea1986554476bbcaa620e00697d23 - default default] 10.0.20.25 "GET /v2.0/networks?id=39922528-6ba4-4322-9d42-bf6e21ca3346 HTTP/1.1" status: 200  len: 885 time: 0.2928340
2018-09-30 11:45:02.940 23307 INFO neutron.wsgi [req-17af976b-5f80-45a8-b3ac-1ae3885d5689 6041b01c631d425d829cf96874ce50bf 671ea1986554476bbcaa620e00697d23 - default default] 10.0.20.25 "GET /v2.0/floatingips?fixed_ip_address=11.170.1.12&port_id=ae1343f1-6ebb-42bf-87b9-5f2c174c261d HTTP/1.1" status: 200  len: 751 time: 0.0429869
2018-09-30 11:45:03.098 23307 DEBUG neutron.pecan_wsgi.hooks.policy_enforcement [req-a4089cb7-b7d6-4276-89fb-1c8b5b4a69a9 6041b01c631d425d829cf96874ce50bf 671ea1986554476bbcaa620e00697d23 - default default] Attributes excluded by policy engine: [u'shared'] _exclude_attributes_by_policy /usr/lib/python2.7/site-packages/neutron/pecan_wsgi/hooks/policy_enforcement.py:256
2018-09-30 11:45:03.100 23307 INFO neutron.wsgi [req-a4089cb7-b7d6-4276-89fb-1c8b5b4a69a9 6041b01c631d425d829cf96874ce50bf 671ea1986554476bbcaa620e00697d23 - default default] 10.0.20.25 "GET /v2.0/subnets?id=298b583f-db38-49ce-8643-672b98110202 HTTP/1.1" status: 200  len: 847 time: 0.1535871
2018-09-30 11:45:03.191 23316 DEBUG neutron_lib.callbacks.manager [req-446a97c1-5067-4726-a21a-9e59f66bc588 - - - - -] Notify callbacks ['neutron.services.segments.db._update_segment_host_mapping_for_agent-8791490669377'] for agent, after_update _notify_loop /usr/lib/python2.7/site-packages/neutron_lib/callbacks/manager.py:167
2018-09-30 11:45:03.256 23314 DEBUG neutron_lib.callbacks.manager [req-d14684e5-fd6d-40bb-8437-bcfc7d90ab07 - - - - -] Notify callbacks ['neutron.services.segments.db._update_segment_host_mapping_for_agent-8791490669377'] for agent, after_update _notify_loop /usr/lib/python2.7/site-packages/neutron_lib/callbacks/manager.py:167
2018-09-30 11:45:03.274 23307 INFO neutron.wsgi [req-cee919c2-2cfa-4e12-9d85-542aa6fcdb65 6041b01c631d425d829cf96874ce50bf 671ea1986554476bbcaa620e00697d23 - default default] 10.0.20.25 "GET /v2.0/ports?network_id=39922528-6ba4-4322-9d42-bf6e21ca3346&device_owner=network%3Adhcp HTTP/1.1" status: 200  len: 1128 time: 0.1655762
2018-09-30 11:45:04.119 23310 DEBUG neutron_lib.callbacks.manager [req-690670c1-ea76-4fc6-9409-8f248e61db8a - - - - -] Notify callbacks ['neutron.services.segments.db._update_segment_host_mapping_for_agent-8791490669377'] for agent, after_update _notify_loop /usr/lib/python2.7/site-packages/neutron_lib/callbacks/manager.py:167
2018-09-30 11:45:06.386 23309 DEBUG neutron.wsgi [-] (23309) accepted ('10.0.20.25', 53486) server /usr/lib/python2.7/site-packages/eventlet/wsgi.py:883
2018-09-30 11:45:07.115 23309 INFO neutron.wsgi [req-54da406c-c324-4c57-a45e-dfdb3f5b3607 6041b01c631d425d829cf96874ce50bf 671ea1986554476bbcaa620e00697d23 - default default] 10.0.20.25 "GET /v2.0/ports?device_id=d7ffd7dc-8392-44a1-af32-7f09add1f3b1 HTTP/1.1" status: 200  len: 1125 time: 0.7262299
2018-09-30 11:45:07.222 23309 INFO neutron.wsgi [req-b7e300b7-87ae-414b-832e-1304a757a3f8 6041b01c631d425d829cf96874ce50bf 671ea1986554476bbcaa620e00697d23 - default default] 10.0.20.25 "GET /v2.0/security-groups?id=298b1999-b13f-4de6-9c06-1cb90a78a306 HTTP/1.1" status: 200  len: 2118 time: 0.0974689
2018-09-30 11:45:09.389 23313 DEBUG neutron_lib.callbacks.manager [req-aca6cd99-9cc3-4656-9062-ad34432dd4cc - - - - -] Notify callbacks ['neutron.services.segments.db._update_segment_host_mapping_for_agent-8791490669377'] for agent, after_update _notify_loop /usr/lib/python2.7/site-packages/neutron_lib/callbacks/manager.py:167
2018-09-30 11:45:09.583 23309 DEBUG neutron.wsgi [-] (23309) accepted ('10.0.20.25', 53506) server /usr/lib/python2.7/site-packages/eventlet/wsgi.py:883
2018-09-30 11:45:10.404 23309 INFO neutron.wsgi [req-d6dfd058-958f-46f9-b75e-6042cc1de79a 6041b01c631d425d829cf96874ce50bf 671ea1986554476bbcaa620e00697d23 - default default] 10.0.20.25 "GET /v2.0/ports?device_id=d7ffd7dc-8392-44a1-af32-7f09add1f3b1 HTTP/1.1" status: 200  len: 1125 time: 0.8187821
2018-09-30 11:45:10.542 23309 INFO neutron.wsgi [req-74c79b14-7112-4820-a022-924743211cb6 6041b01c631d425d829cf96874ce50bf 671ea1986554476bbcaa620e00697d23 - default default] 10.0.20.25 "GET /v2.0/security-groups?id=298b1999-b13f-4de6-9c06-1cb90a78a306 HTTP/1.1" status: 200  len: 2118 time: 0.1245761
2018-09-30 11:45:11.929 23315 DEBUG neutron_lib.callbacks.manager [req-08aae52e-4e81-4bf1-9108-db5ac2fe0d4e - - - - -] Notify callbacks ['neutron.services.segments.db._update_segment_host_mapping_for_agent-8791490669377'] for agent, after_update _notify_loop /usr/lib/python2.7/site-packages/neutron_lib/callbacks/manager.py:167
2018-09-30 11:45:14.145 23309 DEBUG neutron.wsgi [-] (23309) accepted ('10.0.20.25', 53534) server /usr/lib/python2.7/site-packages/eventlet/wsgi.py:883
2018-09-30 11:45:14.865 23309 INFO neutron.wsgi [req-6dd84db0-5fb0-4e31-ac39-ebe089159eeb 6041b01c631d425d829cf96874ce50bf 671ea1986554476bbcaa620e00697d23 - default default] 10.0.20.25 "GET /v2.0/ports?device_id=d7ffd7dc-8392-44a1-af32-7f09add1f3b1 HTTP/1.1" status: 200  len: 1125 time: 0.7171612
2018-09-30 11:45:14.995 23309 INFO neutron.wsgi [req-a2f02aa6-77d8-496b-84ff-2b15c69e75ad 6041b01c631d425d829cf96874ce50bf 671ea1986554476bbcaa620e00697d23 - default default] 10.0.20.25 "GET /v2.0/security-groups?id=298b1999-b13f-4de6-9c06-1cb90a78a306 HTTP/1.1" status: 200  len: 2118 time: 0.1204319
2018-09-30 11:45:15.792 23307 INFO neutron.wsgi [req-0b7d77b4-eb26-41da-b5be-1121fb2e8d96 a883ea1013ad4f0e86a4b074d55a372d 58bc2a7035de47e4b468059318349981 - 0e14c4426ffc40f0b6e561d118e13115 0e14c4426ffc40f0b6e561d118e13115] 10.0.20.25 "GET /v2.0/ports?device_id=d7ffd7dc-8392-44a1-af32-7f09add1f3b1 HTTP/1.1" status: 200  len: 1125 time: 0.4104671
2018-09-30 11:45:15.907 23307 INFO neutron.wsgi [req-48f04593-a3b1-445c-8ef0-ccb8cca748f4 a883ea1013ad4f0e86a4b074d55a372d 58bc2a7035de47e4b468059318349981 - 0e14c4426ffc40f0b6e561d118e13115 0e14c4426ffc40f0b6e561d118e13115] 10.0.20.25 "GET /v2.0/security-groups?id=298b1999-b13f-4de6-9c06-1cb90a78a306 HTTP/1.1" status: 200  len: 2118 time: 0.1065080
