2018-09-28 22:23:59.043 2082 DEBUG neutron.api.rpc.handlers.resources_rpc [req-00cd43ed-535e-4acc-b153-6fb9b548f5ec aade3447accb4ba6835bc5ec3454f5a6 892b3d52c94348d8a7355f6390963dca - - -] neutron.api.rpc.handlers.resources_rpc.ResourcesPushRpcApi method push called with arguments (<neutron_lib.context.Context object at 0x7f2b6d26c790>, [Port(admin_state_up=True,allowed_address_pairs=[],binding=PortBinding,binding_levels=[],created_at=2018-09-29T02:23:57Z,data_plane_status=<?>,description='',device_id='PENDING',device_owner='network:floatingip',dhcp_options=[],distributed_binding=None,dns=None,fixed_ips=[IPAllocation],id=24f28ad1-07bf-4884-8b82-9f745f1eb3a1,mac_address=fa:16:3e:8d:9f:ca,name='',network_id=9619842c-a15f-4600-bdce-bfe274d454b0,project_id='',qos_policy_id=None,revision_number=3,security=PortSecurity(24f28ad1-07bf-4884-8b82-9f745f1eb3a1),security_group_ids=set([]),status='N/A',updated_at=2018-09-29T02:23:58Z)], 'updated') {} wrapper /usr/lib/python2.7/site-packages/oslo_log/helpers.py:66
2018-09-28 22:23:59.067 2082 DEBUG neutron.api.rpc.callbacks.version_manager [req-00cd43ed-535e-4acc-b153-6fb9b548f5ec aade3447accb4ba6835bc5ec3454f5a6 892b3d52c94348d8a7355f6390963dca - - -] Version for resource type Subnet changed None to 1.0 on consumer Open vSwitch agent@localhost.localdomain _set_version /usr/lib/python2.7/site-packages/neutron/api/rpc/callbacks/version_manager.py:119
2018-09-28 22:23:59.068 2082 DEBUG neutron.api.rpc.callbacks.version_manager [req-00cd43ed-535e-4acc-b153-6fb9b548f5ec aade3447accb4ba6835bc5ec3454f5a6 892b3d52c94348d8a7355f6390963dca - - -] Version for resource type Network changed None to 1.0 on consumer Open vSwitch agent@localhost.localdomain _set_version /usr/lib/python2.7/site-packages/neutron/api/rpc/callbacks/version_manager.py:119
2018-09-28 22:23:59.068 2082 DEBUG neutron.api.rpc.callbacks.version_manager [req-00cd43ed-535e-4acc-b153-6fb9b548f5ec aade3447accb4ba6835bc5ec3454f5a6 892b3d52c94348d8a7355f6390963dca - - -] Version for resource type SubPort changed None to 1.0 on consumer Open vSwitch agent@localhost.localdomain _set_version /usr/lib/python2.7/site-packages/neutron/api/rpc/callbacks/version_manager.py:119
2018-09-28 22:23:59.069 2082 DEBUG neutron.api.rpc.callbacks.version_manager [req-00cd43ed-535e-4acc-b153-6fb9b548f5ec aade3447accb4ba6835bc5ec3454f5a6 892b3d52c94348d8a7355f6390963dca - - -] Version for resource type SecurityGroup changed None to 1.0 on consumer Open vSwitch agent@localhost.localdomain _set_version /usr/lib/python2.7/site-packages/neutron/api/rpc/callbacks/version_manager.py:119
2018-09-28 22:23:59.070 2082 DEBUG neutron.api.rpc.callbacks.version_manager [req-00cd43ed-535e-4acc-b153-6fb9b548f5ec aade3447accb4ba6835bc5ec3454f5a6 892b3d52c94348d8a7355f6390963dca - - -] Version for resource type SecurityGroupRule changed None to 1.0 on consumer Open vSwitch agent@localhost.localdomain _set_version /usr/lib/python2.7/site-packages/neutron/api/rpc/callbacks/version_manager.py:119
2018-09-28 22:23:59.070 2082 DEBUG neutron.api.rpc.callbacks.version_manager [req-00cd43ed-535e-4acc-b153-6fb9b548f5ec aade3447accb4ba6835bc5ec3454f5a6 892b3d52c94348d8a7355f6390963dca - - -] Version for resource type Trunk changed None to 1.1 on consumer Open vSwitch agent@localhost.localdomain _set_version /usr/lib/python2.7/site-packages/neutron/api/rpc/callbacks/version_manager.py:119
2018-09-28 22:23:59.071 2082 DEBUG neutron.api.rpc.callbacks.version_manager [req-00cd43ed-535e-4acc-b153-6fb9b548f5ec aade3447accb4ba6835bc5ec3454f5a6 892b3d52c94348d8a7355f6390963dca - - -] Version for resource type QosPolicy changed None to 1.6 on consumer Open vSwitch agent@localhost.localdomain _set_version /usr/lib/python2.7/site-packages/neutron/api/rpc/callbacks/version_manager.py:119
2018-09-28 22:23:59.072 2082 DEBUG neutron.api.rpc.callbacks.version_manager [req-00cd43ed-535e-4acc-b153-6fb9b548f5ec aade3447accb4ba6835bc5ec3454f5a6 892b3d52c94348d8a7355f6390963dca - - -] Version for resource type Port changed None to 1.1 on consumer Open vSwitch agent@localhost.localdomain _set_version /usr/lib/python2.7/site-packages/neutron/api/rpc/callbacks/version_manager.py:119
2018-09-28 22:23:59.072 2082 DEBUG neutron.api.rpc.callbacks.version_manager [req-00cd43ed-535e-4acc-b153-6fb9b548f5ec aade3447accb4ba6835bc5ec3454f5a6 892b3d52c94348d8a7355f6390963dca - - -] Version for resource type Log changed None to 1.0 on consumer Open vSwitch agent@localhost.localdomain _set_version /usr/lib/python2.7/site-packages/neutron/api/rpc/callbacks/version_manager.py:119
2018-09-28 22:23:59.075 2082 DEBUG neutron.api.rpc.callbacks.version_manager [req-00cd43ed-535e-4acc-b153-6fb9b548f5ec aade3447accb4ba6835bc5ec3454f5a6 892b3d52c94348d8a7355f6390963dca - - -] Tracked resource versions report:
pushed versions:
{   'Log': set(['1.0']),
    'Network': set(['1.0']),
    'Port': set(['1.1']),
    'QosPolicy': set(['1.6']),
    'SecurityGroup': set(['1.0']),
    'SecurityGroupRule': set(['1.0']),
    'SubPort': set(['1.0']),
    'Subnet': set(['1.0']),
    'Trunk': set(['1.1'])}

consumer versions:
{   DHCP agent@localhost.localdomain: {   },
    L3 agent@localhost.localdomain: {   },
    Metadata agent@localhost.localdomain: {   },
    Metering agent@localhost.localdomain: {   },
    Open vSwitch agent@localhost.localdomain: {   u'Log': u'1.0',
                                                  u'Network': u'1.0',
                                                  u'Port': u'1.1',
                                                  u'QosPolicy': u'1.6',
                                                  u'SecurityGroup': u'1.0',
                                                  u'SecurityGroupRule': u'1.0',
                                                  u'SubPort': u'1.0',
                                                  u'Subnet': u'1.0',
                                                  u'Trunk': u'1.1'}}
 report /usr/lib/python2.7/site-packages/neutron/api/rpc/callbacks/version_manager.py:178
2018-09-28 22:23:59.407 2082 DEBUG neutron.scheduler.dhcp_agent_scheduler [req-00cd43ed-535e-4acc-b153-6fb9b548f5ec aade3447accb4ba6835bc5ec3454f5a6 892b3d52c94348d8a7355f6390963dca - default default] Network 9619842c-a15f-4600-bdce-bfe274d454b0 is already hosted by enough agents. _get_dhcp_agents_hosting_network /usr/lib/python2.7/site-packages/neutron/scheduler/dhcp_agent_scheduler.py:243
2018-09-28 22:23:59.450 2082 DEBUG oslo_concurrency.lockutils [req-00cd43ed-535e-4acc-b153-6fb9b548f5ec aade3447accb4ba6835bc5ec3454f5a6 892b3d52c94348d8a7355f6390963dca - - -] Lock "event-dispatch" released by "neutron.plugins.ml2.ovo_rpc.dispatch_events" :: held 0.672s inner /usr/lib/python2.7/site-packages/oslo_concurrency/lockutils.py:282
2018-09-28 22:23:59.464 2082 DEBUG neutron.db.l3_dvrscheduler_db [req-00cd43ed-535e-4acc-b153-6fb9b548f5ec aade3447accb4ba6835bc5ec3454f5a6 892b3d52c94348d8a7355f6390963dca - default default] Received port after_create _notify_l3_agent_new_port /usr/lib/python2.7/site-packages/neutron/db/l3_dvrscheduler_db.py:392
2018-09-28 22:23:59.593 2082 DEBUG neutron_lib.callbacks.manager [req-00cd43ed-535e-4acc-b153-6fb9b548f5ec aade3447accb4ba6835bc5ec3454f5a6 892b3d52c94348d8a7355f6390963dca - default default] Notify callbacks ['neutron.plugins.ml2.plugin.Ml2Plugin._ensure_default_security_group_handler-1753151'] for port, before_update _notify_loop /usr/lib/python2.7/site-packages/neutron_lib/callbacks/manager.py:167
2018-09-28 22:24:00.158 2082 DEBUG neutron_lib.callbacks.manager [req-00cd43ed-535e-4acc-b153-6fb9b548f5ec aade3447accb4ba6835bc5ec3454f5a6 892b3d52c94348d8a7355f6390963dca - default default] Notify callbacks [] for port, precommit_update _notify_loop /usr/lib/python2.7/site-packages/neutron_lib/callbacks/manager.py:167
2018-09-28 22:24:00.171 2082 DEBUG neutron_lib.callbacks.manager [req-00cd43ed-535e-4acc-b153-6fb9b548f5ec aade3447accb4ba6835bc5ec3454f5a6 892b3d52c94348d8a7355f6390963dca - default default] Notify callbacks ['neutron.db.l3_hascheduler_db._notify_l3_agent_ha_port_update--9223363297823139045', 'neutron.plugins.ml2.plugin.Ml2Plugin.notify_sg_on_port_change-1756312', 'neutron.plugins.ml2.ovo_rpc._ObjectChangeHandler.handle_event--9223372036854140254', 'neutron.api.rpc.agentnotifiers.dhcp_rpc_agent_api.DhcpAgentNotifyAPI._native_event_send_dhcp_notification-681386', 'neutron.db.l3_dvrscheduler_db._notify_l3_agent_port_update-8739031635912'] for port, after_update _notify_loop /usr/lib/python2.7/site-packages/neutron_lib/callbacks/manager.py:167
2018-09-28 22:24:00.199 2082 DEBUG oslo_concurrency.lockutils [-] Lock "event-dispatch" acquired by "neutron.plugins.ml2.ovo_rpc.dispatch_events" :: waited 0.000s inner /usr/lib/python2.7/site-packages/oslo_concurrency/lockutils.py:270
2018-09-28 22:24:00.446 2082 DEBUG neutron.api.rpc.handlers.resources_rpc [req-00cd43ed-535e-4acc-b153-6fb9b548f5ec aade3447accb4ba6835bc5ec3454f5a6 892b3d52c94348d8a7355f6390963dca - - -] neutron.api.rpc.handlers.resources_rpc.ResourcesPushRpcApi method push called with arguments (<neutron_lib.context.Context object at 0x7f2b6cf369d0>, [Port(admin_state_up=True,allowed_address_pairs=[],binding=PortBinding,binding_levels=[],created_at=2018-09-29T02:23:57Z,data_plane_status=<?>,description='',device_id='df450fb6-6179-4933-a4ef-c9aa12236f0c',device_owner='network:floatingip',dhcp_options=[],distributed_binding=None,dns=None,fixed_ips=[IPAllocation],id=24f28ad1-07bf-4884-8b82-9f745f1eb3a1,mac_address=fa:16:3e:8d:9f:ca,name='',network_id=9619842c-a15f-4600-bdce-bfe274d454b0,project_id='',qos_policy_id=None,revision_number=4,security=PortSecurity(24f28ad1-07bf-4884-8b82-9f745f1eb3a1),security_group_ids=set([]),status='N/A',updated_at=2018-09-29T02:23:59Z)], 'updated') {} wrapper /usr/lib/python2.7/site-packages/oslo_log/helpers.py:66
2018-09-28 22:24:00.497 2082 DEBUG oslo_concurrency.lockutils [req-00cd43ed-535e-4acc-b153-6fb9b548f5ec aade3447accb4ba6835bc5ec3454f5a6 892b3d52c94348d8a7355f6390963dca - - -] Lock "event-dispatch" released by "neutron.plugins.ml2.ovo_rpc.dispatch_events" :: held 0.298s inner /usr/lib/python2.7/site-packages/oslo_concurrency/lockutils.py:282
2018-09-28 22:24:00.573 2082 DEBUG neutron_lib.callbacks.manager [req-00cd43ed-535e-4acc-b153-6fb9b548f5ec aade3447accb4ba6835bc5ec3454f5a6 892b3d52c94348d8a7355f6390963dca - default default] Notify callbacks ['neutron.services.l3_router.l3_router_plugin.L3RouterPlugin._create_dvr_floating_gw_port--9223372036854237872'] for floatingip, after_update _notify_loop /usr/lib/python2.7/site-packages/neutron_lib/callbacks/manager.py:167
2018-09-28 22:24:00.622 2082 DEBUG neutron.quota.resource [req-00cd43ed-535e-4acc-b153-6fb9b548f5ec aade3447accb4ba6835bc5ec3454f5a6 892b3d52c94348d8a7355f6390963dca - default default] Persisted dirty status for tenant:e05bc11c92a9437285c5b557c1274b75 on resource:floatingip mark_dirty /usr/lib/python2.7/site-packages/neutron/quota/resource.py:207
2018-09-28 22:24:00.629 2082 DEBUG neutron.quota.resource [req-00cd43ed-535e-4acc-b153-6fb9b548f5ec aade3447accb4ba6835bc5ec3454f5a6 892b3d52c94348d8a7355f6390963dca - default default] Persisted dirty status for tenant: on resource:port mark_dirty /usr/lib/python2.7/site-packages/neutron/quota/resource.py:207
2018-09-28 22:24:00.644 2082 DEBUG neutron_lib.callbacks.manager [req-00cd43ed-535e-4acc-b153-6fb9b548f5ec aade3447accb4ba6835bc5ec3454f5a6 892b3d52c94348d8a7355f6390963dca - default default] Notify callbacks ['neutron.notifiers.nova.Notifier._send_nova_notification--9223372036854774500'] for floatingip, before_response _notify_loop /usr/lib/python2.7/site-packages/neutron_lib/callbacks/manager.py:167
2018-09-28 22:24:00.646 2082 INFO neutron.wsgi [req-00cd43ed-535e-4acc-b153-6fb9b548f5ec aade3447accb4ba6835bc5ec3454f5a6 892b3d52c94348d8a7355f6390963dca - default default] 10.0.20.22 "POST /v2.0/floatingips HTTP/1.1" status: 201  len: 674 time: 4.0734420
2018-09-28 22:24:01.213 2091 DEBUG neutron_lib.callbacks.manager [req-42b91814-c6f4-4c50-a990-9a382e17782b - - - - -] Notify callbacks ['neutron.services.segments.db._update_segment_host_mapping_for_agent-8739031997610'] for agent, after_update _notify_loop /usr/lib/python2.7/site-packages/neutron_lib/callbacks/manager.py:167
2018-09-28 22:24:11.752 2084 INFO neutron.wsgi [req-4943436e-c2ce-40ae-bfd1-473d6033bea5 d1138ec1c77349f9b95c6580aab47cb8 007b5c587a144e49a50c9008f27cd2bd - default default] 10.0.20.22 "GET /v2.0/ports?device_id=bbfcb881-c0f6-41dd-a39e-29655a9064c5 HTTP/1.1" status: 200  len: 1125 time: 0.4485741
2018-09-28 22:24:11.854 2084 INFO neutron.wsgi [req-7a6a65d9-1c7d-481b-81c7-5b893f134ef9 d1138ec1c77349f9b95c6580aab47cb8 007b5c587a144e49a50c9008f27cd2bd - default default] 10.0.20.22 "GET /v2.0/security-groups?id=70166f3e-f621-405a-8997-b7d8ae1dd56f HTTP/1.1" status: 200  len: 2118 time: 0.0950692
2018-09-28 22:24:12.010 2084 INFO neutron.wsgi [req-d6688eaa-f202-4c79-9819-b80ba8ef9a0f acc67cc39185452697f2c623c9002372 e05bc11c92a9437285c5b557c1274b75 - 1166035951124ce6b708bc057d3fdcfa 1166035951124ce6b708bc057d3fdcfa] 10.0.20.22 "GET /v2.0/ports?device_id=bbfcb881-c0f6-41dd-a39e-29655a9064c5 HTTP/1.1" status: 200  len: 1125 time: 0.4885411
2018-09-28 22:24:12.106 2084 INFO neutron.wsgi [req-18143760-d80d-4241-be8b-89fe413b3454 acc67cc39185452697f2c623c9002372 e05bc11c92a9437285c5b557c1274b75 - 1166035951124ce6b708bc057d3fdcfa 1166035951124ce6b708bc057d3fdcfa] 10.0.20.22 "GET /v2.0/security-groups?id=70166f3e-f621-405a-8997-b7d8ae1dd56f HTTP/1.1" status: 200  len: 2118 time: 0.0884821
2018-09-28 22:24:12.318 2084 INFO neutron.wsgi [req-3a88051e-3531-4c54-a3b2-e8622ed33856 acc67cc39185452697f2c623c9002372 e05bc11c92a9437285c5b557c1274b75 - 1166035951124ce6b708bc057d3fdcfa 1166035951124ce6b708bc057d3fdcfa] 10.0.20.22 "GET /v2.0/ports?device_owner=compute%3Anova&device_id=bbfcb881-c0f6-41dd-a39e-29655a9064c5 HTTP/1.1" status: 200  len: 1125 time: 0.0862770
2018-09-28 22:24:12.366 2084 INFO neutron.wsgi [req-88f7e898-4d54-4a6f-ab1b-c366adb95f26 acc67cc39185452697f2c623c9002372 e05bc11c92a9437285c5b557c1274b75 - 1166035951124ce6b708bc057d3fdcfa 1166035951124ce6b708bc057d3fdcfa] 10.0.20.22 "GET /v2.0/floatingips?floating_ip_address=172.24.4.2 HTTP/1.1" status: 200  len: 672 time: 0.0408690
2018-09-28 22:24:12.384 2084 DEBUG neutron.api.v2.base [req-b5d189f0-f516-4618-bf18-fbef570681f5 acc67cc39185452697f2c623c9002372 e05bc11c92a9437285c5b557c1274b75 - 1166035951124ce6b708bc057d3fdcfa 1166035951124ce6b708bc057d3fdcfa] Request body: {u'floatingip': {u'fixed_ip_address': u'11.202.1.12', u'port_id': u'ffccb2ed-4987-4ac1-ad74-454449843ef0'}} prepare_request_body /usr/lib/python2.7/site-packages/neutron/api/v2/base.py:695
2018-09-28 22:24:12.734 2084 DEBUG neutron_lib.callbacks.manager [req-b5d189f0-f516-4618-bf18-fbef570681f5 acc67cc39185452697f2c623c9002372 e05bc11c92a9437285c5b557c1274b75 - 1166035951124ce6b708bc057d3fdcfa 1166035951124ce6b708bc057d3fdcfa] Notify callbacks ['neutron.services.l3_router.l3_router_plugin.L3RouterPlugin._create_dvr_floating_gw_port--9223372036854237872'] for floatingip, after_update _notify_loop /usr/lib/python2.7/site-packages/neutron_lib/callbacks/manager.py:167
2018-09-28 22:24:12.863 2081 INFO neutron.wsgi [req-9dae7eb9-c409-4720-92bf-428322ea6199 d1138ec1c77349f9b95c6580aab47cb8 007b5c587a144e49a50c9008f27cd2bd - default default] 10.0.20.22 "GET /v2.0/ports?device_id=bbfcb881-c0f6-41dd-a39e-29655a9064c5 HTTP/1.1" status: 200  len: 1125 time: 0.5667391
2018-09-28 22:24:12.997 2081 INFO neutron.wsgi [req-e42e4335-121d-49ee-9083-4ff5cd979896 d1138ec1c77349f9b95c6580aab47cb8 007b5c587a144e49a50c9008f27cd2bd - default default] 10.0.20.22 "GET /v2.0/security-groups?id=70166f3e-f621-405a-8997-b7d8ae1dd56f HTTP/1.1" status: 200  len: 2118 time: 0.1190021
2018-09-28 22:24:13.353 2084 DEBUG neutron.scheduler.l3_agent_scheduler [req-b5d189f0-f516-4618-bf18-fbef570681f5 acc67cc39185452697f2c623c9002372 e05bc11c92a9437285c5b557c1274b75 - 1166035951124ce6b708bc057d3fdcfa 1166035951124ce6b708bc057d3fdcfa] Router 8706bf70-78a3-49e0-b011-7a39d1aa4ac8 has already been hosted by L3 agent bbe33573-c700-4200-b44f-d2ad03ddf329 _get_candidates /usr/lib/python2.7/site-packages/neutron/scheduler/l3_agent_scheduler.py:141
2018-09-28 22:24:13.651 2084 DEBUG neutron.api.rpc.agentnotifiers.l3_rpc_agent_api [req-b5d189f0-f516-4618-bf18-fbef570681f5 acc67cc39185452697f2c623c9002372 e05bc11c92a9437285c5b557c1274b75 - 1166035951124ce6b708bc057d3fdcfa 1166035951124ce6b708bc057d3fdcfa] Notify agent at l3_agent.localhost.localdomain the message routers_updated _agent_notification /usr/lib/python2.7/site-packages/neutron/api/rpc/agentnotifiers/l3_rpc_agent_api.py:69
2018-09-28 22:24:13.676 2084 DEBUG neutron_lib.callbacks.manager [req-b5d189f0-f516-4618-bf18-fbef570681f5 acc67cc39185452697f2c623c9002372 e05bc11c92a9437285c5b557c1274b75 - 1166035951124ce6b708bc057d3fdcfa 1166035951124ce6b708bc057d3fdcfa] Notify callbacks ['neutron.notifiers.nova.Notifier._send_nova_notification--9223372036854774500'] for floatingip, before_response _notify_loop /usr/lib/python2.7/site-packages/neutron_lib/callbacks/manager.py:167
2018-09-28 22:24:13.729 2086 DEBUG neutron.db.l3_hamode_db [req-44757e81-e8ef-42a7-bc89-96416fe5bac6 - - - - -] neutron.services.l3_router.l3_router_plugin.L3RouterPlugin method get_ha_sync_data_for_host called with arguments (<neutron_lib.context.Context object at 0x7f2b6d347e50>, u'localhost.localdomain', <neutron.db.models.agent.Agent[object at 7f2b6d329850] {id=u'bbe33573-c700-4200-b44f-d2ad03ddf329', agent_type=u'L3 agent', binary=u'neutron-l3-agent', topic=u'l3_agent', host=u'localhost.localdomain', availability_zone=u'nova', admin_state_up=True, created_at=datetime.datetime(2018, 9, 12, 22, 23, 13), started_at=datetime.datetime(2018, 9, 29, 2, 6, 1), heartbeat_timestamp=datetime.datetime(2018, 9, 29, 2, 24, 1), description=None, configurations=u'{"agent_mode": "legacy", "gateway_external_network_id": "", "handle_internal_only_routers": true, "routers": 2, "interfaces": 2, "floating_ips": 0, "interface_driver": "neutron.agent.linux.interface.OVSInterfaceDriver", "log_agent_heartbeats": false, "external_network_bridge": "", "ex_gw_ports": 2}', resource_versions=None, load=0}>) {'active': True, 'router_ids': ['8706bf70-78a3-49e0-b011-7a39d1aa4ac8']} wrapper /usr/lib/python2.7/site-packages/oslo_log/helpers.py:66
2018-09-28 22:24:13.780 2084 INFO neutron.wsgi [req-b5d189f0-f516-4618-bf18-fbef570681f5 acc67cc39185452697f2c623c9002372 e05bc11c92a9437285c5b557c1274b75 - 1166035951124ce6b708bc057d3fdcfa 1166035951124ce6b708bc057d3fdcfa] 10.0.20.22 "PUT /v2.0/floatingips/df450fb6-6179-4933-a4ef-c9aa12236f0c HTTP/1.1" status: 200  len: 746 time: 1.4063590
2018-09-28 22:24:13.781 2084 DEBUG oslo_concurrency.lockutils [-] Lock "notifier-e3d28bb6-d6be-4167-b80b-a944c42f05c1" acquired by "neutron.notifiers.batch_notifier.synced_send" :: waited 0.000s inner /usr/lib/python2.7/site-packages/oslo_concurrency/lockutils.py:270
2018-09-28 22:24:13.782 2084 DEBUG neutron.notifiers.nova [-] Sending events: [{'tag': u'ffccb2ed-4987-4ac1-ad74-454449843ef0', 'name': 'network-changed', 'server_uuid': u'bbfcb881-c0f6-41dd-a39e-29655a9064c5'}] send_events /usr/lib/python2.7/site-packages/neutron/notifiers/nova.py:242
2018-09-28 22:24:13.786 2084 DEBUG novaclient.v2.client [-] REQ: curl -g -i -X POST http://10.0.20.22:8774/v2.1/007b5c587a144e49a50c9008f27cd2bd/os-server-external-events -H "User-Agent: python-novaclient" -H "Content-Type: application/json" -H "Accept: application/json" -H "X-OpenStack-Nova-API-Version: 2.1" -H "X-Auth-Token: {SHA1}79ff2b2fd8ef2ab336234a463e6c45a46f4508ea" -d '{"events": [{"tag": "ffccb2ed-4987-4ac1-ad74-454449843ef0", "name": "network-changed", "server_uuid": "bbfcb881-c0f6-41dd-a39e-29655a9064c5"}]}' _http_log_request /usr/lib/python2.7/site-packages/keystoneauth1/session.py:375
2018-09-28 22:24:13.962 2084 DEBUG novaclient.v2.client [-] RESP: [200] Content-Length: 179 Content-Type: application/json Openstack-Api-Version: compute 2.1 X-Openstack-Nova-Api-Version: 2.1 Vary: OpenStack-API-Version, X-OpenStack-Nova-API-Version X-Openstack-Request-Id: req-7bca3b39-0b65-41b8-9aed-6c74df15c653 X-Compute-Request-Id: req-7bca3b39-0b65-41b8-9aed-6c74df15c653 Date: Sat, 29 Sep 2018 02:24:13 GMT Connection: keep-alive 
RESP BODY: {"events": [{"status": "completed", "tag": "ffccb2ed-4987-4ac1-ad74-454449843ef0", "name": "network-changed", "server_uuid": "bbfcb881-c0f6-41dd-a39e-29655a9064c5", "code": 200}]}
 _http_log_response /usr/lib/python2.7/site-packages/keystoneauth1/session.py:423
2018-09-28 22:24:13.962 2084 DEBUG novaclient.v2.client [-] POST call to compute for http://10.0.20.22:8774/v2.1/007b5c587a144e49a50c9008f27cd2bd/os-server-external-events used request id req-7bca3b39-0b65-41b8-9aed-6c74df15c653 request /usr/lib/python2.7/site-packages/keystoneauth1/session.py:727
2018-09-28 22:24:13.969 2084 INFO neutron.notifiers.nova [-] Nova event response: {u'status': u'completed', u'tag': u'ffccb2ed-4987-4ac1-ad74-454449843ef0', u'name': u'network-changed', u'server_uuid': u'bbfcb881-c0f6-41dd-a39e-29655a9064c5', u'code': 200}
2018-09-28 22:24:14.147 2084 INFO neutron.wsgi [req-1b11b3d0-56fe-48d2-9717-df1e63f664c3 d1138ec1c77349f9b95c6580aab47cb8 007b5c587a144e49a50c9008f27cd2bd - default default] 10.0.20.22 "GET /v2.0/ports?tenant_id=e05bc11c92a9437285c5b557c1274b75&device_id=bbfcb881-c0f6-41dd-a39e-29655a9064c5 HTTP/1.1" status: 200  len: 1125 time: 0.1208429
2018-09-28 22:24:14.461 2084 DEBUG neutron.pecan_wsgi.hooks.policy_enforcement [req-0fa06c1a-e31a-4b48-8538-9d9780601dcb d1138ec1c77349f9b95c6580aab47cb8 007b5c587a144e49a50c9008f27cd2bd - default default] Attributes excluded by policy engine: [u'vlan_transparent'] _exclude_attributes_by_policy /usr/lib/python2.7/site-packages/neutron/pecan_wsgi/hooks/policy_enforcement.py:256
2018-09-28 22:24:14.464 2084 INFO neutron.wsgi [req-0fa06c1a-e31a-4b48-8538-9d9780601dcb d1138ec1c77349f9b95c6580aab47cb8 007b5c587a144e49a50c9008f27cd2bd - default default] 10.0.20.22 "GET /v2.0/networks?id=24af9255-6803-42af-b762-6b53162d5ff6 HTTP/1.1" status: 200  len: 885 time: 0.3016350
2018-09-28 22:24:14.514 2084 INFO neutron.wsgi [req-1fd2d5b8-c667-44cb-93c8-c6468487781c d1138ec1c77349f9b95c6580aab47cb8 007b5c587a144e49a50c9008f27cd2bd - default default] 10.0.20.22 "GET /v2.0/floatingips?fixed_ip_address=11.202.1.12&port_id=ffccb2ed-4987-4ac1-ad74-454449843ef0 HTTP/1.1" status: 200  len: 749 time: 0.0427790
2018-09-28 22:24:14.635 2086 DEBUG neutron.db.l3_hamode_db [req-44757e81-e8ef-42a7-bc89-96416fe5bac6 - - - - -] neutron.services.l3_router.l3_router_plugin.L3RouterPlugin method _process_sync_ha_data called with arguments (<neutron_lib.context.Context object at 0x7f2b6d347e50>, [{'status': u'ACTIVE', '_interfaces': [{'status': u'ACTIVE', 'subnets': [{'dns_nameservers': [u'8.8.4.4'], 'ipv6_ra_mode': None, 'gateway_ip': u'11.202.1.1', 'cidr': u'11.202.1.0/24', 'id': u'95cb124b-ed6f-496a-8887-f55ce1465008', 'subnetpool_id': None}], 'binding:host_id': u'localhost.localdomain', 'description': u'', 'allowed_address_pairs': [], 'tags': [], 'extra_dhcp_opts': [], 'updated_at': '2018-09-29T02:23:03Z', 'device_owner': u'network:router_interface', 'revision_number': 7, 'port_security_enabled': False, 'binding:profile': {}, 'mtu': 1450, 'fixed_ips': [{'subnet_id': u'95cb124b-ed6f-496a-8887-f55ce1465008', 'prefixlen': 24, 'ip_address': u'11.202.1.1'}], 'id': u'39b6880e-8460-4b8d-8eb6-775942805660', 'security_groups': [], 'device_id': u'8706bf70-78a3-49e0-b011-7a39d1aa4ac8', 'name': u'', 'admin_state_up': True, 'network_id': u'24af9255-6803-42af-b762-6b53162d5ff6', 'tenant_id': u'e05bc11c92a9437285c5b557c1274b75', 'binding:vif_details': {u'port_filter': True, u'datapath_type': u'system', u'ovs_hybrid_plug': True}, 'address_scopes': {4: None, 6: None}, 'binding:vnic_type': u'normal', 'binding:vif_type': u'ovs', 'mac_address': u'fa:16:3e:21:38:7c', 'project_id': u'e05bc11c92a9437285c5b557c1274b75', 'extra_subnets': [], 'created_at': '2018-09-29T02:22:56Z'}], 'enable_snat': True, 'ha_vr_id': 0, 'description': u'', 'tags': [], 'gw_port': {'status': u'ACTIVE', 'subnets': [{'dns_nameservers': [], 'ipv6_ra_mode': None, 'gateway_ip': u'172.24.4.1', 'cidr': u'172.24.4.0/24', 'id': u'6852f693-9617-43cb-89eb-377974cd9510', 'subnetpool_id': None}], 'binding:host_id': u'localhost.localdomain', 'description': u'', 'allowed_address_pairs': [], 'tags': [], 'extra_dhcp_opts': [], 'updated_at': '2018-09-29T02:23:15Z', 'device_owner': u'network:router_gateway', 'revision_number': 6, 'port_security_enabled': False, 'binding:profile': {}, 'mtu': 1500, 'fixed_ips': [{'subnet_id': u'6852f693-9617-43cb-89eb-377974cd9510', 'prefixlen': 24, 'ip_address': u'172.24.4.13'}], 'id': u'ccae3adf-d4a7-48dc-b202-2a071ebcb44f', 'security_groups': [], 'device_id': u'8706bf70-78a3-49e0-b011-7a39d1aa4ac8', 'name': u'', 'admin_state_up': True, 'network_id': u'9619842c-a15f-4600-bdce-bfe274d454b0', 'tenant_id': u'', 'binding:vif_details': {u'port_filter': True, u'datapath_type': u'system', u'ovs_hybrid_plug': True}, 'address_scopes': {4: None, 6: None}, 'binding:vnic_type': u'normal', 'binding:vif_type': u'ovs', 'mac_address': u'fa:16:3e:33:fb:ed', 'project_id': u'', 'extra_subnets': [], 'created_at': '2018-09-29T02:23:09Z'}, 'updated_at': '2018-09-29T02:23:10Z', 'revision_number': 4, 'ha': False, 'id': u'8706bf70-78a3-49e0-b011-7a39d1aa4ac8', 'gw_port_host': u'localhost.localdomain', 'external_gateway_info': {'network_id': u'9619842c-a15f-4600-bdce-bfe274d454b0', 'enable_snat': True, 'external_fixed_ips': [{'subnet_id': u'6852f693-9617-43cb-89eb-377974cd9510', 'ip_address': u'172.24.4.13'}]}, 'availability_zone_hints': [], 'availability_zones': [u'nova'], 'name': u'tempest-router-1538187628', 'gw_port_id': u'ccae3adf-d4a7-48dc-b202-2a071ebcb44f', 'admin_state_up': True, 'tenant_id': u'e05bc11c92a9437285c5b557c1274b75', 'created_at': '2018-09-29T02:22:39Z', 'distributed': False, 'flavor_id': None, 'routes': [], 'project_id': u'e05bc11c92a9437285c5b557c1274b75', '_floatingips': [{'router_id': u'8706bf70-78a3-49e0-b011-7a39d1aa4ac8', 'status': u'DOWN', 'description': u'', 'tags': [], 'updated_at': '2018-09-29T02:24:12Z', 'dns_domain': '', 'floating_network_id': u'9619842c-a15f-4600-bdce-bfe274d454b0', 'fixed_ip_address': u'11.202.1.12', 'floating_ip_address': u'172.24.4.2', 'revision_number': 1, 'port_id': u'ffccb2ed-4987-4ac1-ad74-454449843ef0', 'id': u'df450fb6-6179-4933-a4ef-c9aa12236f0c', 'dns_name': '', 'created_at': '2018-09-29T02:23:59Z', 'tenant_id': u'e05bc11c92a9437285c5b557c1274b75', 'fixed_ip_address_scope': None, 'project_id': u'e05bc11c92a9437285c5b557c1274b75'}]}], u'localhost.localdomain', False) {} wrapper /usr/lib/python2.7/site-packages/oslo_log/helpers.py:66
2018-09-28 22:24:14.651 2086 DEBUG neutron.api.rpc.handlers.l3_rpc [req-44757e81-e8ef-42a7-bc89-96416fe5bac6 - - - - -] Checking router: 8706bf70-78a3-49e0-b011-7a39d1aa4ac8 for host: localhost.localdomain _ensure_host_set_on_ports /usr/lib/python2.7/site-packages/neutron/api/rpc/handlers/l3_rpc.py:135
2018-09-28 22:24:14.889 2081 INFO neutron.wsgi [req-b1684fb7-9118-414f-b284-8dc608b716b5 d1138ec1c77349f9b95c6580aab47cb8 007b5c587a144e49a50c9008f27cd2bd - default default] 10.0.20.22 "GET /v2.0/ports?device_id=bbfcb881-c0f6-41dd-a39e-29655a9064c5 HTTP/1.1" status: 200  len: 1125 time: 0.7463169
2018-09-28 22:24:14.990 2084 DEBUG neutron.pecan_wsgi.hooks.policy_enforcement [req-2b7e047a-2847-425a-84ff-006e5a8b963f d1138ec1c77349f9b95c6580aab47cb8 007b5c587a144e49a50c9008f27cd2bd - default default] Attributes excluded by policy engine: [u'shared'] _exclude_attributes_by_policy /usr/lib/python2.7/site-packages/neutron/pecan_wsgi/hooks/policy_enforcement.py:256
2018-09-28 22:24:14.993 2084 INFO neutron.wsgi [req-2b7e047a-2847-425a-84ff-006e5a8b963f d1138ec1c77349f9b95c6580aab47cb8 007b5c587a144e49a50c9008f27cd2bd - default default] 10.0.20.22 "GET /v2.0/subnets?id=95cb124b-ed6f-496a-8887-f55ce1465008 HTTP/1.1" status: 200  len: 847 time: 0.4731200
2018-09-28 22:24:15.024 2087 DEBUG neutron.api.rpc.handlers.l3_rpc [req-ee79a6bb-1e85-4743-91dc-cbce2f5b2564 - - - - -] New status for floating IP df450fb6-6179-4933-a4ef-c9aa12236f0c: ACTIVE update_floatingip_statuses /usr/lib/python2.7/site-packages/neutron/api/rpc/handlers/l3_rpc.py:252
2018-09-28 22:24:15.028 2081 INFO neutron.wsgi [req-38d1232d-3338-4b22-a26e-06cc5cf2dda1 d1138ec1c77349f9b95c6580aab47cb8 007b5c587a144e49a50c9008f27cd2bd - default default] 10.0.20.22 "GET /v2.0/security-groups?id=70166f3e-f621-405a-8997-b7d8ae1dd56f HTTP/1.1" status: 200  len: 2118 time: 0.1319649
2018-09-28 22:24:15.144 2084 INFO neutron.wsgi [req-4eaa1f69-a7ea-43ed-b3d5-c57b5fe28677 d1138ec1c77349f9b95c6580aab47cb8 007b5c587a144e49a50c9008f27cd2bd - default default] 10.0.20.22 "GET /v2.0/ports?network_id=24af9255-6803-42af-b762-6b53162d5ff6&device_owner=network%3Adhcp HTTP/1.1" status: 200  len: 1128 time: 0.1384501
2018-09-28 22:24:15.755 2088 DEBUG neutron_lib.callbacks.manager [req-38312478-b09a-49f7-9f76-8f0a2f5f27e7 - - - - -] Notify callbacks ['neutron.services.segments.db._update_segment_host_mapping_for_agent-8739031997610'] for agent, after_update _notify_loop /usr/lib/python2.7/site-packages/neutron_lib/callbacks/manager.py:167
2018-09-28 22:24:15.757 2084 INFO neutron.wsgi [req-93a68158-2c67-4595-b1c3-ebd7b431c642 d1138ec1c77349f9b95c6580aab47cb8 007b5c587a144e49a50c9008f27cd2bd - default default] 10.0.20.22 "GET /v2.0/ports?tenant_id=e05bc11c92a9437285c5b557c1274b75&device_id=bbfcb881-c0f6-41dd-a39e-29655a9064c5 HTTP/1.1" status: 200  len: 1125 time: 0.8221159
2018-09-28 22:24:15.974 2084 DEBUG oslo_concurrency.lockutils [-] Lock "notifier-e3d28bb6-d6be-4167-b80b-a944c42f05c1" released by "neutron.notifiers.batch_notifier.synced_send" :: held 2.193s inner /usr/lib/python2.7/site-packages/oslo_concurrency/lockutils.py:282
2018-09-28 22:24:16.058 2084 DEBUG neutron.pecan_wsgi.hooks.policy_enforcement [req-eae95dc9-a480-4b6e-953a-e99315cb2d0d d1138ec1c77349f9b95c6580aab47cb8 007b5c587a144e49a50c9008f27cd2bd - default default] Attributes excluded by policy engine: [u'vlan_transparent'] _exclude_attributes_by_policy /usr/lib/python2.7/site-packages/neutron/pecan_wsgi/hooks/policy_enforcement.py:256
2018-09-28 22:24:16.063 2084 INFO neutron.wsgi [req-eae95dc9-a480-4b6e-953a-e99315cb2d0d d1138ec1c77349f9b95c6580aab47cb8 007b5c587a144e49a50c9008f27cd2bd - default default] 10.0.20.22 "GET /v2.0/networks?id=24af9255-6803-42af-b762-6b53162d5ff6 HTTP/1.1" status: 200  len: 885 time: 0.2978649
2018-09-28 22:24:16.114 2084 INFO neutron.wsgi [req-ca5f5b86-e2e3-49ad-89ba-4003221c06ff d1138ec1c77349f9b95c6580aab47cb8 007b5c587a144e49a50c9008f27cd2bd - default default] 10.0.20.22 "GET /v2.0/floatingips?fixed_ip_address=11.202.1.12&port_id=ffccb2ed-4987-4ac1-ad74-454449843ef0 HTTP/1.1" status: 200  len: 751 time: 0.0430639
2018-09-28 22:24:16.267 2084 DEBUG neutron.pecan_wsgi.hooks.policy_enforcement [req-c79f9c39-82fb-4421-bc4f-c025c8f53a69 d1138ec1c77349f9b95c6580aab47cb8 007b5c587a144e49a50c9008f27cd2bd - default default] Attributes excluded by policy engine: [u'shared'] _exclude_attributes_by_policy /usr/lib/python2.7/site-packages/neutron/pecan_wsgi/hooks/policy_enforcement.py:256
2018-09-28 22:24:16.271 2084 INFO neutron.wsgi [req-c79f9c39-82fb-4421-bc4f-c025c8f53a69 d1138ec1c77349f9b95c6580aab47cb8 007b5c587a144e49a50c9008f27cd2bd - default default] 10.0.20.22 "GET /v2.0/subnets?id=95cb124b-ed6f-496a-8887-f55ce1465008 HTTP/1.1" status: 200  len: 847 time: 0.1505139
2018-09-28 22:24:16.405 2084 INFO neutron.wsgi [req-013321fb-f3d0-40ee-988b-319e362bc583 d1138ec1c77349f9b95c6580aab47cb8 007b5c587a144e49a50c9008f27cd2bd - default default] 10.0.20.22 "GET /v2.0/ports?network_id=24af9255-6803-42af-b762-6b53162d5ff6&device_owner=network%3Adhcp HTTP/1.1" status: 200  len: 1128 time: 0.1247580
2018-09-28 22:24:17.666 2083 INFO neutron.wsgi [req-365fc259-db8e-4cf3-a1b7-29f919f6be95 f875a10b07be43c197ef478066dc3a8e 007b5c587a144e49a50c9008f27cd2bd - default default] 10.0.20.22 "GET /v2.0/ports?device_id=bbfcb881-c0f6-41dd-a39e-29655a9064c5 HTTP/1.1" status: 200  len: 1125 time: 1.4984989
2018-09-28 22:24:17.797 2083 INFO neutron.wsgi [req-32ddb8ac-3fb0-45fd-a065-eb749bbce6c3 f875a10b07be43c197ef478066dc3a8e 007b5c587a144e49a50c9008f27cd2bd - default default] 10.0.20.22 "GET /v2.0/security-groups?id=70166f3e-f621-405a-8997-b7d8ae1dd56f HTTP/1.1" status: 200  len: 2118 time: 0.1210771
2018-09-28 22:24:18.988 2096 DEBUG neutron.db.agents_db [req-463f6aff-3df0-4eb7-a775-044a16410f23 - - - - -] Agent healthcheck: found 5 active agents agent_health_check /usr/lib/python2.7/site-packages/neutron/db/agents_db.py:281
2018-09-28 22:24:19.473 2082 INFO neutron.wsgi [req-0b41f280-1936-480b-bdfd-c433f6137235 d1138ec1c77349f9b95c6580aab47cb8 007b5c587a144e49a50c9008f27cd2bd - default default] 10.0.20.22 "GET /v2.0/ports?device_id=bbfcb881-c0f6-41dd-a39e-29655a9064c5 HTTP/1.1" status: 200  len: 1125 time: 0.6935740
2018-09-28 22:24:19.611 2082 INFO neutron.wsgi [req-4ea30c31-6b8c-4a3f-bca7-34956ac1a3a9 d1138ec1c77349f9b95c6580aab47cb8 007b5c587a144e49a50c9008f27cd2bd - default default] 10.0.20.22 "GET /v2.0/security-groups?id=70166f3e-f621-405a-8997-b7d8ae1dd56f HTTP/1.1" status: 200  len: 2118 time: 0.1197290
2018-09-28 22:24:21.124 2084 INFO neutron.wsgi [req-df6577a4-35b7-497a-ae9d-23257e3b3674 d1138ec1c77349f9b95c6580aab47cb8 007b5c587a144e49a50c9008f27cd2bd - default default] 10.0.20.22 "GET /v2.0/ports?device_id=bbfcb881-c0f6-41dd-a39e-29655a9064c5 HTTP/1.1" status: 200  len: 1125 time: 0.4538300
2018-09-28 22:24:21.278 2084 INFO neutron.wsgi [req-e12266dd-e5f9-406d-83ad-c2e320c5c419 d1138ec1c77349f9b95c6580aab47cb8 007b5c587a144e49a50c9008f27cd2bd - default default] 10.0.20.22 "GET /v2.0/security-groups?id=70166f3e-f621-405a-8997-b7d8ae1dd56f HTTP/1.1" status: 200  len: 2118 time: 0.1364799
2018-09-28 22:24:23.059 2077 INFO neutron.wsgi [req-407566ab-679f-4ef1-9f06-d8ff7a76ce33 d1138ec1c77349f9b95c6580aab47cb8 007b5c587a144e49a50c9008f27cd2bd - default default] 10.0.20.22 "GET /v2.0/ports?device_id=bbfcb881-c0f6-41dd-a39e-29655a9064c5 HTTP/1.1" status: 200  len: 1125 time: 0.6516352
2018-09-28 22:24:23.224 2077 INFO neutron.wsgi [req-629c5f28-867b-4084-aa4e-ef9595b20de9 d1138ec1c77349f9b95c6580aab47cb8 007b5c587a144e49a50c9008f27cd2bd - default default] 10.0.20.22 "GET /v2.0/security-groups?id=70166f3e-f621-405a-8997-b7d8ae1dd56f HTTP/1.1" status: 200  len: 2118 time: 0.1426570
2018-09-28 22:24:24.236 2095 DEBUG neutron_lib.callbacks.manager [req-90b89ed6-177a-4536-bac1-7824f44cc2c3 - - - - -] Notify callbacks ['neutron.services.segments.db._update_segment_host_mapping_for_agent-8739031997610'] for agent, after_update _notify_loop /usr/lib/python2.7/site-packages/neutron_lib/callbacks/manager.py:167
2018-09-28 22:24:24.251 2086 DEBUG neutron_lib.callbacks.manager [req-c2fa592c-74e3-4c1a-a2bd-e2a3f9e3adfb - - - - -] Notify callbacks ['neutron.services.segments.db._update_segment_host_mapping_for_agent-8739031997610'] for agent, after_update _notify_loop /usr/lib/python2.7/site-packages/neutron_lib/callbacks/manager.py:167
2018-09-28 22:24:24.279 2092 DEBUG neutron_lib.callbacks.manager [req-cccd0807-1492-4f4f-8e7f-9db98431abfc - - - - -] Notify callbacks ['neutron.services.segments.db._update_segment_host_mapping_for_agent-8739031997610'] for agent, after_update _notify_loop /usr/lib/python2.7/site-packages/neutron_lib/callbacks/manager.py:167
2018-09-28 22:24:25.027 2084 INFO neutron.wsgi [req-4a7b1e57-1458-4477-b8c5-e4cda7ba9e39 d1138ec1c77349f9b95c6580aab47cb8 007b5c587a144e49a50c9008f27cd2bd - default default] 10.0.20.22 "GET /v2.0/ports?device_id=bbfcb881-c0f6-41dd-a39e-29655a9064c5 HTTP/1.1" status: 200  len: 1125 time: 0.4662390
2018-09-28 22:24:25.209 2084 INFO neutron.wsgi [req-147b35f0-1d4b-43a5-bd31-9e663dc9a3e9 d1138ec1c77349f9b95c6580aab47cb8 007b5c587a144e49a50c9008f27cd2bd - default default] 10.0.20.22 "GET /v2.0/security-groups?id=70166f3e-f621-405a-8997-b7d8ae1dd56f HTTP/1.1" status: 200  len: 2118 time: 0.1562531
2018-09-28 22:24:27.843 2083 INFO neutron.wsgi [req-28aad1fc-4dd0-4958-a56c-b7bb631c716d acc67cc39185452697f2c623c9002372 e05bc11c92a9437285c5b557c1274b75 - 1166035951124ce6b708bc057d3fdcfa 1166035951124ce6b708bc057d3fdcfa] 10.0.20.22 "GET /v2.0/ports?device_id=bbfcb881-c0f6-41dd-a39e-29655a9064c5 HTTP/1.1" status: 200  len: 1125 time: 0.4408059
2018-09-28 22:24:28.012 2083 INFO neutron.wsgi [req-96baf928-371f-4550-bd7d-98860f819ee0 acc67cc39185452697f2c623c9002372 e05bc11c92a9437285c5b557c1274b75 - 1166035951124ce6b708bc057d3fdcfa 1166035951124ce6b708bc057d3fdcfa] 10.0.20.22 "GET /v2.0/security-groups?id=70166f3e-f621-405a-8997-b7d8ae1dd56f HTTP/1.1" status: 200  len: 2118 time: 0.1639409
2018-09-28 22:24:31.187 2094 DEBUG neutron_lib.callbacks.manager [req-695c9c57-19cf-49c3-8c29-95617f6fe8fb - - - - -] Notify callbacks ['neutron.services.segments.db._update_segment_host_mapping_for_agent-8739031997610'] for agent, after_update _notify_loop /usr/lib/python2.7/site-packages/neutron_lib/callbacks/manager.py:167
2018-09-28 22:24:45.732 2087 DEBUG neutron_lib.callbacks.manager [req-38312478-b09a-49f7-9f76-8f0a2f5f27e7 - - - - -] Notify callbacks ['neutron.services.segments.db._update_segment_host_mapping_for_agent-8739031997610'] for agent, after_update _notify_loop /usr/lib/python2.7/site-packages/neutron_lib/callbacks/manager.py:167
2018-09-28 22:24:48.432 2083 INFO neutron.wsgi [req-3833393a-fb76-4c67-a54d-b6ada9870751 acc67cc39185452697f2c623c9002372 e05bc11c92a9437285c5b557c1274b75 - 1166035951124ce6b708bc057d3fdcfa 1166035951124ce6b708bc057d3fdcfa] 10.0.20.22 "GET /v2.0/ports?device_id=bbfcb881-c0f6-41dd-a39e-29655a9064c5 HTTP/1.1" status: 200  len: 1125 time: 1.6057749
2018-09-28 22:24:48.581 2083 INFO neutron.wsgi [req-44899b7c-f005-4dcc-80fb-9551c37b250b acc67cc39185452697f2c623c9002372 e05bc11c92a9437285c5b557c1274b75 - 1166035951124ce6b708bc057d3fdcfa 1166035951124ce6b708bc057d3fdcfa] 10.0.20.22 "GET /v2.0/security-groups?id=70166f3e-f621-405a-8997-b7d8ae1dd56f HTTP/1.1" status: 200  len: 2118 time: 0.1387582
2018-09-28 22:24:52.586 2084 INFO neutron.wsgi [req-43fd8dab-0931-474d-b292-8842780668e9 d1138ec1c77349f9b95c6580aab47cb8 007b5c587a144e49a50c9008f27cd2bd - default default] 10.0.20.22 "GET /v2.0/ports?tenant_id=e05bc11c92a9437285c5b557c1274b75&device_id=bbfcb881-c0f6-41dd-a39e-29655a9064c5 HTTP/1.1" status: 200  len: 1125 time: 0.0913610
2018-09-28 22:24:52.762 2084 DEBUG neutron.pecan_wsgi.hooks.policy_enforcement [req-726c3e6a-e1a6-4fec-9391-4e12b1e6bb62 d1138ec1c77349f9b95c6580aab47cb8 007b5c587a144e49a50c9008f27cd2bd - default default] Attributes excluded by policy engine: [u'vlan_transparent'] _exclude_attributes_by_policy /usr/lib/python2.7/site-packages/neutron/pecan_wsgi/hooks/policy_enforcement.py:256
2018-09-28 22:24:52.764 2084 INFO neutron.wsgi [req-726c3e6a-e1a6-4fec-9391-4e12b1e6bb62 d1138ec1c77349f9b95c6580aab47cb8 007b5c587a144e49a50c9008f27cd2bd - default default] 10.0.20.22 "GET /v2.0/networks?id=24af9255-6803-42af-b762-6b53162d5ff6 HTTP/1.1" status: 200  len: 885 time: 0.1740830
2018-09-28 22:24:52.795 2084 INFO neutron.wsgi [req-d522e8af-b728-4267-a52c-93bd828779c4 d1138ec1c77349f9b95c6580aab47cb8 007b5c587a144e49a50c9008f27cd2bd - default default] 10.0.20.22 "GET /v2.0/floatingips?fixed_ip_address=11.202.1.12&port_id=ffccb2ed-4987-4ac1-ad74-454449843ef0 HTTP/1.1" status: 200  len: 751 time: 0.0270691
2018-09-28 22:24:52.889 2084 DEBUG neutron.pecan_wsgi.hooks.policy_enforcement [req-85fe58ff-7cd0-494a-8f1a-ca2ffda90d85 d1138ec1c77349f9b95c6580aab47cb8 007b5c587a144e49a50c9008f27cd2bd - default default] Attributes excluded by policy engine: [u'shared'] _exclude_attributes_by_policy /usr/lib/python2.7/site-packages/neutron/pecan_wsgi/hooks/policy_enforcement.py:256
2018-09-28 22:24:52.891 2084 INFO neutron.wsgi [req-85fe58ff-7cd0-494a-8f1a-ca2ffda90d85 d1138ec1c77349f9b95c6580aab47cb8 007b5c587a144e49a50c9008f27cd2bd - default default] 10.0.20.22 "GET /v2.0/subnets?id=95cb124b-ed6f-496a-8887-f55ce1465008 HTTP/1.1" status: 200  len: 847 time: 0.0904360
2018-09-28 22:24:52.987 2084 INFO neutron.wsgi [req-c4554c52-a5f6-44c4-8277-121c4cac3a51 d1138ec1c77349f9b95c6580aab47cb8 007b5c587a144e49a50c9008f27cd2bd - default default] 10.0.20.22 "GET /v2.0/ports?network_id=24af9255-6803-42af-b762-6b53162d5ff6&device_owner=network%3Adhcp HTTP/1.1" status: 200  len: 1128 time: 0.0909622
2018-09-28 22:24:54.217 2093 DEBUG neutron_lib.callbacks.manager [req-90b89ed6-177a-4536-bac1-7824f44cc2c3 - - - - -] Notify callbacks ['neutron.services.segments.db._update_segment_host_mapping_for_agent-8739031997610'] for agent, after_update _notify_loop /usr/lib/python2.7/site-packages/neutron_lib/callbacks/manager.py:167
2018-09-28 22:24:54.244 2085 DEBUG neutron_lib.callbacks.manager [req-2ca0f1c7-60f7-4a7a-a22d-d2023de36639 - - - - -] Notify callbacks ['neutron.services.segments.db._update_segment_host_mapping_for_agent-8739031997610'] for agent, after_update _notify_loop /usr/lib/python2.7/site-packages/neutron_lib/callbacks/manager.py:167
2018-09-28 22:24:54.261 2091 DEBUG neutron_lib.callbacks.manager [req-cccd0807-1492-4f4f-8e7f-9db98431abfc - - - - -] Notify callbacks ['neutron.services.segments.db._update_segment_host_mapping_for_agent-8739031997610'] for agent, after_update _notify_loop /usr/lib/python2.7/site-packages/neutron_lib/callbacks/manager.py:167
2018-09-28 22:24:55.993 2096 DEBUG neutron.db.agents_db [req-463f6aff-3df0-4eb7-a775-044a16410f23 - - - - -] Agent healthcheck: found 5 active agents agent_health_check /usr/lib/python2.7/site-packages/neutron/db/agents_db.py:281
2018-09-28 22:24:59.271 2083 INFO neutron.wsgi [req-957c1b20-ef67-4daf-8741-f4d5aea29f37 acc67cc39185452697f2c623c9002372 e05bc11c92a9437285c5b557c1274b75 - 1166035951124ce6b708bc057d3fdcfa 1166035951124ce6b708bc057d3fdcfa] 10.0.20.22 "GET /v2.0/ports?device_id=bbfcb881-c0f6-41dd-a39e-29655a9064c5 HTTP/1.1" status: 200  len: 1125 time: 0.4324040
2018-09-28 22:24:59.351 2083 INFO neutron.wsgi [req-c7dcfe07-cdeb-4643-b28d-5a5ef52d323a acc67cc39185452697f2c623c9002372 e05bc11c92a9437285c5b557c1274b75 - 1166035951124ce6b708bc057d3fdcfa 1166035951124ce6b708bc057d3fdcfa] 10.0.20.22 "GET /v2.0/security-groups?id=70166f3e-f621-405a-8997-b7d8ae1dd56f HTTP/1.1" status: 200  len: 2118 time: 0.0752540
2018-09-28 22:25:01.190 2088 DEBUG neutron_lib.callbacks.manager [req-a2d7cd1c-11d7-4137-b66c-2dbff8d88822 - - - - -] Notify callbacks ['neutron.services.segments.db._update_segment_host_mapping_for_agent-8739031997610'] for agent, after_update _notify_loop /usr/lib/python2.7/site-packages/neutron_lib/callbacks/manager.py:167
2018-09-28 22:25:10.921 2082 INFO neutron.wsgi [req-14bb3ea9-f9d4-4453-80ed-4b8e74470aa8 acc67cc39185452697f2c623c9002372 e05bc11c92a9437285c5b557c1274b75 - 1166035951124ce6b708bc057d3fdcfa 1166035951124ce6b708bc057d3fdcfa] 10.0.20.22 "GET /v2.0/ports?device_id=bbfcb881-c0f6-41dd-a39e-29655a9064c5 HTTP/1.1" status: 200  len: 1125 time: 0.4597230
2018-09-28 22:25:11.011 2082 INFO neutron.wsgi [req-0f8045ee-8703-401b-a7d3-ffde3c5ff79c acc67cc39185452697f2c623c9002372 e05bc11c92a9437285c5b557c1274b75 - 1166035951124ce6b708bc057d3fdcfa 1166035951124ce6b708bc057d3fdcfa] 10.0.20.22 "GET /v2.0/security-groups?id=70166f3e-f621-405a-8997-b7d8ae1dd56f HTTP/1.1" status: 200  len: 2118 time: 0.0847831
2018-09-28 22:25:15.727 2095 DEBUG neutron_lib.callbacks.manager [req-38312478-b09a-49f7-9f76-8f0a2f5f27e7 - - - - -] Notify callbacks ['neutron.services.segments.db._update_segment_host_mapping_for_agent-8739031997610'] for agent, after_update _notify_loop /usr/lib/python2.7/site-packages/neutron_lib/callbacks/manager.py:167
2018-09-28 22:25:18.831 2083 INFO neutron.wsgi [req-a91fe4fe-e8de-491f-8825-8a3a10f4a78c acc67cc39185452697f2c623c9002372 e05bc11c92a9437285c5b557c1274b75 - 1166035951124ce6b708bc057d3fdcfa 1166035951124ce6b708bc057d3fdcfa] 10.0.20.22 "GET /v2.0/ports?device_id=bbfcb881-c0f6-41dd-a39e-29655a9064c5 HTTP/1.1" status: 200  len: 1125 time: 0.8805451
2018-09-28 22:25:18.963 2083 INFO neutron.wsgi [req-92f012ee-3c7b-45b3-912e-a194dbe7a36e acc67cc39185452697f2c623c9002372 e05bc11c92a9437285c5b557c1274b75 - 1166035951124ce6b708bc057d3fdcfa 1166035951124ce6b708bc057d3fdcfa] 10.0.20.22 "GET /v2.0/security-groups?id=70166f3e-f621-405a-8997-b7d8ae1dd56f HTTP/1.1" status: 200  len: 2118 time: 0.1231689
2018-09-28 22:25:24.276 2086 DEBUG neutron_lib.callbacks.manager [req-90b89ed6-177a-4536-bac1-7824f44cc2c3 - - - - -] Notify callbacks ['neutron.services.segments.db._update_segment_host_mapping_for_agent-8739031997610'] for agent, after_update _notify_loop /usr/lib/python2.7/site-packages/neutron_lib/callbacks/manager.py:167
2018-09-28 22:25:24.312 2092 DEBUG neutron_lib.callbacks.manager [req-72d8dac1-5b5c-4578-b4aa-d09686a38b2a - - - - -] Notify callbacks ['neutron.services.segments.db._update_segment_host_mapping_for_agent-8739031997610'] for agent, after_update _notify_loop /usr/lib/python2.7/site-packages/neutron_lib/callbacks/manager.py:167
2018-09-28 22:25:24.312 2094 DEBUG neutron_lib.callbacks.manager [req-cccd0807-1492-4f4f-8e7f-9db98431abfc - - - - -] Notify callbacks ['neutron.services.segments.db._update_segment_host_mapping_for_agent-8739031997610'] for agent, after_update _notify_loop /usr/lib/python2.7/site-packages/neutron_lib/callbacks/manager.py:167
2018-09-28 22:25:28.616 2083 INFO neutron.wsgi [req-31fb0da3-185b-4c83-8b62-e3c833b88c54 acc67cc39185452697f2c623c9002372 e05bc11c92a9437285c5b557c1274b75 - 1166035951124ce6b708bc057d3fdcfa 1166035951124ce6b708bc057d3fdcfa] 10.0.20.22 "GET /v2.0/ports?device_id=bbfcb881-c0f6-41dd-a39e-29655a9064c5 HTTP/1.1" status: 200  len: 1125 time: 0.4586289
2018-09-28 22:25:28.715 2083 INFO neutron.wsgi [req-7ee32068-85b5-4535-8d6b-be1978f0bfac acc67cc39185452697f2c623c9002372 e05bc11c92a9437285c5b557c1274b75 - 1166035951124ce6b708bc057d3fdcfa 1166035951124ce6b708bc057d3fdcfa] 10.0.20.22 "GET /v2.0/security-groups?id=70166f3e-f621-405a-8997-b7d8ae1dd56f HTTP/1.1" status: 200  len: 2118 time: 0.0926580
2018-09-28 22:25:31.194 2087 DEBUG neutron_lib.callbacks.manager [req-9f6f1ab4-a786-4532-a22f-e8274ae37048 - - - - -] Notify callbacks ['neutron.services.segments.db._update_segment_host_mapping_for_agent-8739031997610'] for agent, after_update _notify_loop /usr/lib/python2.7/site-packages/neutron_lib/callbacks/manager.py:167
2018-09-28 22:25:32.994 2096 DEBUG neutron.db.agents_db [req-463f6aff-3df0-4eb7-a775-044a16410f23 - - - - -] Agent healthcheck: found 5 active agents agent_health_check /usr/lib/python2.7/site-packages/neutron/db/agents_db.py:281
2018-09-28 22:25:38.541 2084 INFO neutron.wsgi [req-a650c839-989b-4d52-9911-559fda1a9ae0 acc67cc39185452697f2c623c9002372 e05bc11c92a9437285c5b557c1274b75 - 1166035951124ce6b708bc057d3fdcfa 1166035951124ce6b708bc057d3fdcfa] 10.0.20.22 "GET /v2.0/ports?device_id=bbfcb881-c0f6-41dd-a39e-29655a9064c5 HTTP/1.1" status: 200  len: 1125 time: 0.5320139
2018-09-28 22:25:38.652 2084 INFO neutron.wsgi [req-8d5798d9-9852-4d0b-a246-86ce4d7056e2 acc67cc39185452697f2c623c9002372 e05bc11c92a9437285c5b557c1274b75 - 1166035951124ce6b708bc057d3fdcfa 1166035951124ce6b708bc057d3fdcfa] 10.0.20.22 "GET /v2.0/security-groups?id=70166f3e-f621-405a-8997-b7d8ae1dd56f HTTP/1.1" status: 200  len: 2118 time: 0.1063609
2018-09-28 22:25:45.724 2093 DEBUG neutron_lib.callbacks.manager [req-38312478-b09a-49f7-9f76-8f0a2f5f27e7 - - - - -] Notify callbacks ['neutron.services.segments.db._update_segment_host_mapping_for_agent-8739031997610'] for agent, after_update _notify_loop /usr/lib/python2.7/site-packages/neutron_lib/callbacks/manager.py:167
2018-09-28 22:25:51.925 2084 INFO neutron.wsgi [req-6e6a36c5-786b-4030-a182-306f6d4a546b acc67cc39185452697f2c623c9002372 e05bc11c92a9437285c5b557c1274b75 - 1166035951124ce6b708bc057d3fdcfa 1166035951124ce6b708bc057d3fdcfa] 10.0.20.22 "GET /v2.0/ports?device_id=bbfcb881-c0f6-41dd-a39e-29655a9064c5 HTTP/1.1" status: 200  len: 1125 time: 0.5031090
2018-09-28 22:25:52.031 2084 INFO neutron.wsgi [req-0d440f9c-afcc-4274-a428-d8e627e04ad3 acc67cc39185452697f2c623c9002372 e05bc11c92a9437285c5b557c1274b75 - 1166035951124ce6b708bc057d3fdcfa 1166035951124ce6b708bc057d3fdcfa] 10.0.20.22 "GET /v2.0/security-groups?id=70166f3e-f621-405a-8997-b7d8ae1dd56f HTTP/1.1" status: 200  len: 2118 time: 0.1007299
2018-09-28 22:25:53.599 2084 INFO neutron.wsgi [req-85262b82-2452-4acd-a832-596b6b3646d7 d1138ec1c77349f9b95c6580aab47cb8 007b5c587a144e49a50c9008f27cd2bd - default default] 10.0.20.22 "GET /v2.0/ports?tenant_id=e05bc11c92a9437285c5b557c1274b75&device_id=bbfcb881-c0f6-41dd-a39e-29655a9064c5 HTTP/1.1" status: 200  len: 1125 time: 0.0981410
2018-09-28 22:25:53.815 2084 DEBUG neutron.pecan_wsgi.hooks.policy_enforcement [req-990c0430-0e71-4faf-a5d1-94611e35f361 d1138ec1c77349f9b95c6580aab47cb8 007b5c587a144e49a50c9008f27cd2bd - default default] Attributes excluded by policy engine: [u'vlan_transparent'] _exclude_attributes_by_policy /usr/lib/python2.7/site-packages/neutron/pecan_wsgi/hooks/policy_enforcement.py:256
2018-09-28 22:25:53.818 2084 INFO neutron.wsgi [req-990c0430-0e71-4faf-a5d1-94611e35f361 d1138ec1c77349f9b95c6580aab47cb8 007b5c587a144e49a50c9008f27cd2bd - default default] 10.0.20.22 "GET /v2.0/networks?id=24af9255-6803-42af-b762-6b53162d5ff6 HTTP/1.1" status: 200  len: 885 time: 0.2137010
2018-09-28 22:25:53.856 2084 INFO neutron.wsgi [req-009dee81-b8b4-4d6c-a1c4-75b611b619dd d1138ec1c77349f9b95c6580aab47cb8 007b5c587a144e49a50c9008f27cd2bd - default default] 10.0.20.22 "GET /v2.0/floatingips?fixed_ip_address=11.202.1.12&port_id=ffccb2ed-4987-4ac1-ad74-454449843ef0 HTTP/1.1" status: 200  len: 751 time: 0.0326431
