2018-06-27 22:43:57.725 15529 INFO neutron.wsgi [req-ce1ad45a-21e7-403b-adc8-e7fdea1339c1 71c7498790f4493e96794e8e9ee65f99 eae0a715a29b4ea38ef5bf4507b93fe6 - 158d490a3fb046d7a967ee42b0dd1815 158d490a3fb046d7a967ee42b0dd1815] 10.0.20.28 "GET /v2.0/ports?device_id=d24851e8-313f-433c-a25f-5b2d4fc66079 HTTP/1.1" status: 200  len: 1122 time: 0.9665411
2018-06-27 22:43:57.729 15522 DEBUG oslo_concurrency.lockutils [-] Lock "notifier-47fce3ab-5dc5-4716-a96b-154f2fec0be4" released by "neutron.notifiers.batch_notifier.synced_send" :: held 3.646s inner /usr/lib/python2.7/site-packages/oslo_concurrency/lockutils.py:282
2018-06-27 22:43:57.899 15529 INFO neutron.wsgi [req-fa110875-ded8-4659-8e12-3b159b89cf20 71c7498790f4493e96794e8e9ee65f99 eae0a715a29b4ea38ef5bf4507b93fe6 - 158d490a3fb046d7a967ee42b0dd1815 158d490a3fb046d7a967ee42b0dd1815] 10.0.20.28 "GET /v2.0/security-groups?id=55a68781-15b5-49e4-b4c3-53dd37a0797c HTTP/1.1" status: 200  len: 2118 time: 0.1424229
2018-06-27 22:43:58.983 15538 DEBUG neutron.plugins.ml2.rpc [req-45cc798d-c9a8-4358-b960-8f0cfdf11411 - - - - -] Device f1cfee6e-254c-4008-baef-a0352876d940 up at agent ovs-agent-localhost.localdomain update_device_up /usr/lib/python2.7/site-packages/neutron/plugins/ml2/rpc.py:244
2018-06-27 22:43:59.104 15538 DEBUG neutron.db.provisioning_blocks [req-45cc798d-c9a8-4358-b960-8f0cfdf11411 - - - - -] Provisioning for port f1cfee6e-254c-4008-baef-a0352876d940 completed by entity L2. provisioning_complete /usr/lib/python2.7/site-packages/neutron/db/provisioning_blocks.py:132
2018-06-27 22:43:59.112 15538 DEBUG neutron.db.provisioning_blocks [req-45cc798d-c9a8-4358-b960-8f0cfdf11411 - - - - -] Provisioning complete for port f1cfee6e-254c-4008-baef-a0352876d940 triggered by entity L2. provisioning_complete /usr/lib/python2.7/site-packages/neutron/db/provisioning_blocks.py:138
2018-06-27 22:43:59.113 15538 DEBUG neutron_lib.callbacks.manager [req-45cc798d-c9a8-4358-b960-8f0cfdf11411 - - - - -] Notify callbacks ['neutron.plugins.ml2.plugin.Ml2Plugin._port_provisioned-1459150'] for port, provisioning_complete _notify_loop /usr/lib/python2.7/site-packages/neutron_lib/callbacks/manager.py:167
2018-06-27 22:43:59.309 15538 DEBUG neutron_lib.callbacks.manager [req-45cc798d-c9a8-4358-b960-8f0cfdf11411 - - - - -] Notify callbacks ['neutron.plugins.ml2.plugin.Ml2Plugin._ensure_default_security_group_handler--9223372036852854646'] for port, before_update _notify_loop /usr/lib/python2.7/site-packages/neutron_lib/callbacks/manager.py:167
2018-06-27 22:43:59.359 15538 DEBUG oslo_concurrency.lockutils [-] Lock "notifier-47fce3ab-5dc5-4716-a96b-154f2fec0be4" acquired by "neutron.notifiers.batch_notifier.synced_send" :: waited 0.000s inner /usr/lib/python2.7/site-packages/oslo_concurrency/lockutils.py:270
2018-06-27 22:43:59.359 15538 DEBUG neutron.notifiers.nova [-] Sending events: [{'status': 'completed', 'tag': u'f1cfee6e-254c-4008-baef-a0352876d940', 'name': 'network-vif-plugged', 'server_uuid': u'd24851e8-313f-433c-a25f-5b2d4fc66079'}] send_events /usr/lib/python2.7/site-packages/neutron/notifiers/nova.py:242
2018-06-27 22:43:59.365 15538 DEBUG neutron.plugins.ml2.db [req-45cc798d-c9a8-4358-b960-8f0cfdf11411 - - - - -] For port f1cfee6e-254c-4008-baef-a0352876d940, host localhost.localdomain, got binding levels [<neutron.plugins.ml2.models.PortBindingLevel[object at 7f3e037d8b90] {port_id=u'f1cfee6e-254c-4008-baef-a0352876d940', host=u'localhost.localdomain', level=0, driver=u'openvswitch', segment_id=u'8968e035-31b9-41fa-a91c-ac6a0fad8a86'}>] get_binding_levels /usr/lib/python2.7/site-packages/neutron/plugins/ml2/db.py:106
2018-06-27 22:43:59.383 15538 DEBUG neutron_lib.callbacks.manager [req-45cc798d-c9a8-4358-b960-8f0cfdf11411 - - - - -] Notify callbacks ['neutron.plugins.ml2.ovo_rpc._ObjectChangeHandler.handle_event-750456', 'neutron.api.rpc.agentnotifiers.dhcp_rpc_agent_api.DhcpAgentNotifyAPI._native_event_send_dhcp_notification--9223372036853877499', 'neutron.plugins.ml2.plugin.Ml2Plugin.notify_sg_on_port_change-1921279', 'neutron.db.l3_dvrscheduler_db._notify_l3_agent_port_update-8744020843796', 'neutron.db.l3_hascheduler_db._notify_l3_agent_ha_port_update-8744020843871'] for port, after_update _notify_loop /usr/lib/python2.7/site-packages/neutron_lib/callbacks/manager.py:167
2018-06-27 22:43:59.392 15538 DEBUG oslo_concurrency.lockutils [-] Lock "event-dispatch" acquired by "neutron.plugins.ml2.ovo_rpc.dispatch_events" :: waited 0.000s inner /usr/lib/python2.7/site-packages/oslo_concurrency/lockutils.py:270
2018-06-27 22:43:59.535 15538 DEBUG neutron.api.rpc.handlers.resources_rpc [req-45cc798d-c9a8-4358-b960-8f0cfdf11411 - - - - -] neutron.api.rpc.handlers.resources_rpc.ResourcesPushRpcApi method push called with arguments (<neutron_lib.context.Context object at 0x7f3e036ad150>, [Port(admin_state_up=True,allowed_address_pairs=[],binding=PortBinding,binding_levels=[PortBindingLevel],created_at=2018-06-27T20:43:48Z,data_plane_status=<?>,description='',device_id='d24851e8-313f-433c-a25f-5b2d4fc66079',device_owner='compute:nova',dhcp_options=[],distributed_binding=None,dns=None,fixed_ips=[IPAllocation],id=f1cfee6e-254c-4008-baef-a0352876d940,mac_address=fa:16:3e:5a:2b:7a,name='',network_id=df637b98-a16f-420b-a396-893a83bf50b3,project_id='eae0a715a29b4ea38ef5bf4507b93fe6',qos_policy_id=None,revision_number=6,security=PortSecurity(f1cfee6e-254c-4008-baef-a0352876d940),security_group_ids=set([55a68781-15b5-49e4-b4c3-53dd37a0797c]),status='ACTIVE',updated_at=2018-06-27T20:43:59Z)], 'updated') {} wrapper /usr/lib/python2.7/site-packages/oslo_log/helpers.py:66
2018-06-27 22:43:59.550 15538 DEBUG oslo_concurrency.lockutils [req-45cc798d-c9a8-4358-b960-8f0cfdf11411 - - - - -] Lock "event-dispatch" released by "neutron.plugins.ml2.ovo_rpc.dispatch_events" :: held 0.158s inner /usr/lib/python2.7/site-packages/oslo_concurrency/lockutils.py:282
2018-06-27 22:44:00.232 15538 DEBUG novaclient.v2.client [-] REQ: curl -g -i -X POST http://10.0.20.28:8774/v2.1/0756a888a15d4216915a13bf41cedcba/os-server-external-events -H "User-Agent: python-novaclient" -H "Content-Type: application/json" -H "Accept: application/json" -H "X-OpenStack-Nova-API-Version: 2.1" -H "X-Auth-Token: {SHA1}2492757d08c36c8c080327847722a6895ca89d00" -d '{"events": [{"status": "completed", "tag": "f1cfee6e-254c-4008-baef-a0352876d940", "name": "network-vif-plugged", "server_uuid": "d24851e8-313f-433c-a25f-5b2d4fc66079"}]}' _http_log_request /usr/lib/python2.7/site-packages/keystoneauth1/session.py:375
2018-06-27 22:44:00.810 15538 DEBUG novaclient.v2.client [-] RESP: [200] Content-Length: 183 Content-Type: application/json Openstack-Api-Version: compute 2.1 X-Openstack-Nova-Api-Version: 2.1 Vary: OpenStack-API-Version, X-OpenStack-Nova-API-Version X-Openstack-Request-Id: req-9760d2b6-06d5-42ed-8b20-7f263e427f49 X-Compute-Request-Id: req-9760d2b6-06d5-42ed-8b20-7f263e427f49 Date: Wed, 27 Jun 2018 20:44:00 GMT Connection: keep-alive 
RESP BODY: {"events": [{"status": "completed", "tag": "f1cfee6e-254c-4008-baef-a0352876d940", "name": "network-vif-plugged", "server_uuid": "d24851e8-313f-433c-a25f-5b2d4fc66079", "code": 200}]}
 _http_log_response /usr/lib/python2.7/site-packages/keystoneauth1/session.py:423
2018-06-27 22:44:00.811 15538 DEBUG novaclient.v2.client [-] POST call to compute for http://10.0.20.28:8774/v2.1/0756a888a15d4216915a13bf41cedcba/os-server-external-events used request id req-9760d2b6-06d5-42ed-8b20-7f263e427f49 request /usr/lib/python2.7/site-packages/keystoneauth1/session.py:727
2018-06-27 22:44:00.823 15538 INFO neutron.notifiers.nova [-] Nova event response: {u'status': u'completed', u'tag': u'f1cfee6e-254c-4008-baef-a0352876d940', u'name': u'network-vif-plugged', u'server_uuid': u'd24851e8-313f-433c-a25f-5b2d4fc66079', u'code': 200}
2018-06-27 22:44:00.830 15537 DEBUG neutron.plugins.ml2.rpc [req-45cc798d-c9a8-4358-b960-8f0cfdf11411 - - - - -] Device f1cfee6e-254c-4008-baef-a0352876d940 up at agent ovs-agent-localhost.localdomain update_device_up /usr/lib/python2.7/site-packages/neutron/plugins/ml2/rpc.py:244
2018-06-27 22:44:00.965 15537 DEBUG neutron.db.provisioning_blocks [req-45cc798d-c9a8-4358-b960-8f0cfdf11411 - - - - -] Provisioning complete for port f1cfee6e-254c-4008-baef-a0352876d940 triggered by entity L2. provisioning_complete /usr/lib/python2.7/site-packages/neutron/db/provisioning_blocks.py:138
2018-06-27 22:44:00.966 15537 DEBUG neutron_lib.callbacks.manager [req-45cc798d-c9a8-4358-b960-8f0cfdf11411 - - - - -] Notify callbacks ['neutron.plugins.ml2.plugin.Ml2Plugin._port_provisioned-1459150'] for port, provisioning_complete _notify_loop /usr/lib/python2.7/site-packages/neutron_lib/callbacks/manager.py:167
2018-06-27 22:44:02.828 15538 DEBUG oslo_concurrency.lockutils [-] Lock "notifier-47fce3ab-5dc5-4716-a96b-154f2fec0be4" released by "neutron.notifiers.batch_notifier.synced_send" :: held 3.470s inner /usr/lib/python2.7/site-packages/oslo_concurrency/lockutils.py:282
2018-06-27 22:44:05.271 15538 DEBUG neutron_lib.callbacks.manager [req-45cc798d-c9a8-4358-b960-8f0cfdf11411 - - - - -] Notify callbacks ['neutron.services.segments.db._update_segment_host_mapping_for_agent-8744021209936'] for agent, after_update _notify_loop /usr/lib/python2.7/site-packages/neutron_lib/callbacks/manager.py:167
2018-06-27 22:44:10.364 15523 INFO neutron.wsgi [req-334ab7b7-8b9c-48b7-894b-e55ebb2fe0e3 71c7498790f4493e96794e8e9ee65f99 eae0a715a29b4ea38ef5bf4507b93fe6 - 158d490a3fb046d7a967ee42b0dd1815 158d490a3fb046d7a967ee42b0dd1815] 10.0.20.28 "GET /v2.0/ports?device_id=d24851e8-313f-433c-a25f-5b2d4fc66079 HTTP/1.1" status: 200  len: 1124 time: 0.5387750
2018-06-27 22:44:10.494 15523 INFO neutron.wsgi [req-12a50440-361e-4a13-9a37-a6e687fe0cdd 71c7498790f4493e96794e8e9ee65f99 eae0a715a29b4ea38ef5bf4507b93fe6 - 158d490a3fb046d7a967ee42b0dd1815 158d490a3fb046d7a967ee42b0dd1815] 10.0.20.28 "GET /v2.0/security-groups?id=55a68781-15b5-49e4-b4c3-53dd37a0797c HTTP/1.1" status: 200  len: 2118 time: 0.1256170
2018-06-27 22:44:11.372 15535 DEBUG neutron_lib.callbacks.manager [req-c5e3531e-ef3b-4acf-84fd-ce8429b19604 - - - - -] Notify callbacks ['neutron.services.segments.db._update_segment_host_mapping_for_agent-8744021209936'] for agent, after_update _notify_loop /usr/lib/python2.7/site-packages/neutron_lib/callbacks/manager.py:167
2018-06-27 22:44:12.769 15530 DEBUG neutron_lib.callbacks.manager [req-752ed2ed-f11a-49cd-a3c5-437bfbafa686 - - - - -] Notify callbacks ['neutron.services.segments.db._update_segment_host_mapping_for_agent-8744021209936'] for agent, after_update _notify_loop /usr/lib/python2.7/site-packages/neutron_lib/callbacks/manager.py:167
2018-06-27 22:44:23.581 15529 DEBUG neutron.wsgi [-] (15529) accepted ('10.0.20.28', 53406) server /usr/lib/python2.7/site-packages/eventlet/wsgi.py:883
2018-06-27 22:44:23.585 15529 INFO neutron.wsgi [-] 10.0.20.28 "GET / HTTP/1.1" status: 200  len: 252 time: 0.0017400
2018-06-27 22:44:24.214 15529 INFO neutron.pecan_wsgi.hooks.translation [req-33a901f1-4f83-4703-acb6-2c8e2194b05d c5cd6ef06ce14dd690705b39bb3f1552 2776224a461d4a01833ab75847b98330 - default default] GET failed (client error): The resource could not be found.
2018-06-27 22:44:24.218 15529 INFO neutron.wsgi [req-33a901f1-4f83-4703-acb6-2c8e2194b05d c5cd6ef06ce14dd690705b39bb3f1552 2776224a461d4a01833ab75847b98330 - default default] 10.0.20.28 "GET /v2.0/networks/public HTTP/1.1" status: 404  len: 314 time: 0.6265800
2018-06-27 22:44:24.568 15529 DEBUG neutron.pecan_wsgi.hooks.policy_enforcement [req-409882ba-3c68-43ed-aaae-48bec321f512 c5cd6ef06ce14dd690705b39bb3f1552 2776224a461d4a01833ab75847b98330 - default default] Attributes excluded by policy engine: [u'vlan_transparent'] _exclude_attributes_by_policy /usr/lib/python2.7/site-packages/neutron/pecan_wsgi/hooks/policy_enforcement.py:256
2018-06-27 22:44:24.570 15529 DEBUG neutron.pecan_wsgi.hooks.policy_enforcement [req-409882ba-3c68-43ed-aaae-48bec321f512 c5cd6ef06ce14dd690705b39bb3f1552 2776224a461d4a01833ab75847b98330 - default default] Attributes excluded by policy engine: [u'vlan_transparent'] _exclude_attributes_by_policy /usr/lib/python2.7/site-packages/neutron/pecan_wsgi/hooks/policy_enforcement.py:256
2018-06-27 22:44:24.573 15529 DEBUG neutron.pecan_wsgi.hooks.policy_enforcement [req-409882ba-3c68-43ed-aaae-48bec321f512 c5cd6ef06ce14dd690705b39bb3f1552 2776224a461d4a01833ab75847b98330 - default default] Attributes excluded by policy engine: [u'vlan_transparent'] _exclude_attributes_by_policy /usr/lib/python2.7/site-packages/neutron/pecan_wsgi/hooks/policy_enforcement.py:256
2018-06-27 22:44:24.576 15529 INFO neutron.wsgi [req-409882ba-3c68-43ed-aaae-48bec321f512 c5cd6ef06ce14dd690705b39bb3f1552 2776224a461d4a01833ab75847b98330 - default default] 10.0.20.28 "GET /v2.0/networks HTTP/1.1" status: 200  len: 2214 time: 0.3522408
2018-06-27 22:44:25.195 15529 DEBUG neutron.api.v2.base [req-46105c64-422e-42a5-ab9d-c759f1e50d1a c5cd6ef06ce14dd690705b39bb3f1552 2776224a461d4a01833ab75847b98330 - default default] Request body: {u'floatingip': {u'floating_network_id': u'3a89a4af-574f-492a-9eb4-eae63d51f625', u'tenant_id': u'eae0a715a29b4ea38ef5bf4507b93fe6'}} prepare_request_body /usr/lib/python2.7/site-packages/neutron/api/v2/base.py:695
2018-06-27 22:44:25.203 15529 DEBUG neutron.db.quota.driver [req-46105c64-422e-42a5-ab9d-c759f1e50d1a c5cd6ef06ce14dd690705b39bb3f1552 2776224a461d4a01833ab75847b98330 - default default] Resources subnetpool have unlimited quota limit. It is not required to calculate headroom  make_reservation /usr/lib/python2.7/site-packages/neutron/db/quota/driver.py:223
2018-06-27 22:44:25.210 15529 DEBUG neutron.quota.resource [req-46105c64-422e-42a5-ab9d-c759f1e50d1a c5cd6ef06ce14dd690705b39bb3f1552 2776224a461d4a01833ab75847b98330 - default default] Usage tracker for resource:floatingip and tenant:eae0a715a29b4ea38ef5bf4507b93fe6 is out of sync, need to count used quota count_used /usr/lib/python2.7/site-packages/neutron/quota/resource.py:274
2018-06-27 22:44:25.224 15529 DEBUG neutron.quota.resource [req-46105c64-422e-42a5-ab9d-c759f1e50d1a c5cd6ef06ce14dd690705b39bb3f1552 2776224a461d4a01833ab75847b98330 - default default] Quota usage for floatingip was recalculated. Used quota:0. count_used /usr/lib/python2.7/site-packages/neutron/quota/resource.py:293
2018-06-27 22:44:25.235 15529 DEBUG neutron.db.quota.driver [req-46105c64-422e-42a5-ab9d-c759f1e50d1a c5cd6ef06ce14dd690705b39bb3f1552 2776224a461d4a01833ab75847b98330 - default default] Attempting to reserve 1 items for resource floatingip. Total usage: 0; quota limit: 50; headroom:50 make_reservation /usr/lib/python2.7/site-packages/neutron/db/quota/driver.py:255
2018-06-27 22:44:25.548 15529 DEBUG neutron_lib.callbacks.manager [req-46105c64-422e-42a5-ab9d-c759f1e50d1a c5cd6ef06ce14dd690705b39bb3f1552 2776224a461d4a01833ab75847b98330 - default default] Notify callbacks ['neutron.plugins.ml2.plugin.Ml2Plugin._ensure_default_security_group_handler--9223372036852854646'] for port, before_create _notify_loop /usr/lib/python2.7/site-packages/neutron_lib/callbacks/manager.py:167
2018-06-27 22:44:26.107 15529 DEBUG neutron.db.db_base_plugin_common [req-46105c64-422e-42a5-ab9d-c759f1e50d1a c5cd6ef06ce14dd690705b39bb3f1552 2776224a461d4a01833ab75847b98330 - default default] Allocated IP 172.24.4.12 (3a89a4af-574f-492a-9eb4-eae63d51f625/b6e216ca-b0fd-4778-9cc1-3aadc17c208f/3927d2d7-15cb-4c34-80b5-7f30ff7d5fd6) _store_ip_allocation /usr/lib/python2.7/site-packages/neutron/db/db_base_plugin_common.py:122
2018-06-27 22:44:26.242 15539 DEBUG neutron_lib.callbacks.manager [req-e28c5f1e-4700-4e54-8fe1-d8a710080159 - - - - -] Notify callbacks ['neutron.services.segments.db._update_segment_host_mapping_for_agent-8744021209936'] for agent, after_update _notify_loop /usr/lib/python2.7/site-packages/neutron_lib/callbacks/manager.py:167
2018-06-27 22:44:26.605 15540 DEBUG neutron.db.agents_db [req-ab673420-aeee-4ed5-9c24-e74c716119c1 - - - - -] Agent healthcheck: found 5 active agents agent_health_check /usr/lib/python2.7/site-packages/neutron/db/agents_db.py:281
2018-06-27 22:44:26.731 15529 DEBUG neutron_lib.callbacks.manager [req-46105c64-422e-42a5-ab9d-c759f1e50d1a c5cd6ef06ce14dd690705b39bb3f1552 2776224a461d4a01833ab75847b98330 - default default] Notify callbacks [] for port, precommit_create _notify_loop /usr/lib/python2.7/site-packages/neutron_lib/callbacks/manager.py:167
2018-06-27 22:44:26.858 15529 DEBUG neutron_lib.callbacks.manager [req-46105c64-422e-42a5-ab9d-c759f1e50d1a c5cd6ef06ce14dd690705b39bb3f1552 2776224a461d4a01833ab75847b98330 - default default] Notify callbacks ['neutron.plugins.ml2.ovo_rpc._ObjectChangeHandler.handle_event-750456', 'neutron.api.rpc.agentnotifiers.dhcp_rpc_agent_api.DhcpAgentNotifyAPI._native_event_send_dhcp_notification--9223372036853877499', 'neutron.plugins.ml2.plugin.Ml2Plugin.notify_sg_on_port_change-1921279', 'neutron.db.l3_dvrscheduler_db._notify_l3_agent_new_port-8744020843781'] for port, after_create _notify_loop /usr/lib/python2.7/site-packages/neutron_lib/callbacks/manager.py:167
2018-06-27 22:44:26.893 15529 DEBUG oslo_concurrency.lockutils [-] Lock "event-dispatch" acquired by "neutron.plugins.ml2.ovo_rpc.dispatch_events" :: waited 0.000s inner /usr/lib/python2.7/site-packages/oslo_concurrency/lockutils.py:270
2018-06-27 22:44:27.221 15529 DEBUG neutron.api.rpc.handlers.resources_rpc [req-46105c64-422e-42a5-ab9d-c759f1e50d1a c5cd6ef06ce14dd690705b39bb3f1552 2776224a461d4a01833ab75847b98330 - - -] neutron.api.rpc.handlers.resources_rpc.ResourcesPushRpcApi method push called with arguments (<neutron_lib.context.Context object at 0x7f3e03392410>, [Port(admin_state_up=True,allowed_address_pairs=[],binding=PortBinding,binding_levels=[],created_at=2018-06-27T20:44:25Z,data_plane_status=<?>,description='',device_id='PENDING',device_owner='network:floatingip',dhcp_options=[],distributed_binding=None,dns=None,fixed_ips=[IPAllocation],id=3927d2d7-15cb-4c34-80b5-7f30ff7d5fd6,mac_address=fa:16:3e:7c:3f:cd,name='',network_id=3a89a4af-574f-492a-9eb4-eae63d51f625,project_id='',qos_policy_id=None,revision_number=3,security=PortSecurity(3927d2d7-15cb-4c34-80b5-7f30ff7d5fd6),security_group_ids=set([]),status='N/A',updated_at=2018-06-27T20:44:26Z)], 'updated') {} wrapper /usr/lib/python2.7/site-packages/oslo_log/helpers.py:66
2018-06-27 22:44:27.249 15529 DEBUG neutron.api.rpc.callbacks.version_manager [req-46105c64-422e-42a5-ab9d-c759f1e50d1a c5cd6ef06ce14dd690705b39bb3f1552 2776224a461d4a01833ab75847b98330 - - -] Version for resource type Subnet changed None to 1.0 on consumer Open vSwitch agent@localhost.localdomain _set_version /usr/lib/python2.7/site-packages/neutron/api/rpc/callbacks/version_manager.py:119
2018-06-27 22:44:27.250 15529 DEBUG neutron.api.rpc.callbacks.version_manager [req-46105c64-422e-42a5-ab9d-c759f1e50d1a c5cd6ef06ce14dd690705b39bb3f1552 2776224a461d4a01833ab75847b98330 - - -] Version for resource type Network changed None to 1.0 on consumer Open vSwitch agent@localhost.localdomain _set_version /usr/lib/python2.7/site-packages/neutron/api/rpc/callbacks/version_manager.py:119
2018-06-27 22:44:27.251 15529 DEBUG neutron.api.rpc.callbacks.version_manager [req-46105c64-422e-42a5-ab9d-c759f1e50d1a c5cd6ef06ce14dd690705b39bb3f1552 2776224a461d4a01833ab75847b98330 - - -] Version for resource type SubPort changed None to 1.0 on consumer Open vSwitch agent@localhost.localdomain _set_version /usr/lib/python2.7/site-packages/neutron/api/rpc/callbacks/version_manager.py:119
2018-06-27 22:44:27.252 15529 DEBUG neutron.api.rpc.callbacks.version_manager [req-46105c64-422e-42a5-ab9d-c759f1e50d1a c5cd6ef06ce14dd690705b39bb3f1552 2776224a461d4a01833ab75847b98330 - - -] Version for resource type SecurityGroup changed None to 1.0 on consumer Open vSwitch agent@localhost.localdomain _set_version /usr/lib/python2.7/site-packages/neutron/api/rpc/callbacks/version_manager.py:119
2018-06-27 22:44:27.252 15529 DEBUG neutron.api.rpc.callbacks.version_manager [req-46105c64-422e-42a5-ab9d-c759f1e50d1a c5cd6ef06ce14dd690705b39bb3f1552 2776224a461d4a01833ab75847b98330 - - -] Version for resource type SecurityGroupRule changed None to 1.0 on consumer Open vSwitch agent@localhost.localdomain _set_version /usr/lib/python2.7/site-packages/neutron/api/rpc/callbacks/version_manager.py:119
2018-06-27 22:44:27.253 15529 DEBUG neutron.api.rpc.callbacks.version_manager [req-46105c64-422e-42a5-ab9d-c759f1e50d1a c5cd6ef06ce14dd690705b39bb3f1552 2776224a461d4a01833ab75847b98330 - - -] Version for resource type Trunk changed None to 1.1 on consumer Open vSwitch agent@localhost.localdomain _set_version /usr/lib/python2.7/site-packages/neutron/api/rpc/callbacks/version_manager.py:119
2018-06-27 22:44:27.254 15529 DEBUG neutron.api.rpc.callbacks.version_manager [req-46105c64-422e-42a5-ab9d-c759f1e50d1a c5cd6ef06ce14dd690705b39bb3f1552 2776224a461d4a01833ab75847b98330 - - -] Version for resource type QosPolicy changed None to 1.6 on consumer Open vSwitch agent@localhost.localdomain _set_version /usr/lib/python2.7/site-packages/neutron/api/rpc/callbacks/version_manager.py:119
2018-06-27 22:44:27.254 15529 DEBUG neutron.api.rpc.callbacks.version_manager [req-46105c64-422e-42a5-ab9d-c759f1e50d1a c5cd6ef06ce14dd690705b39bb3f1552 2776224a461d4a01833ab75847b98330 - - -] Version for resource type Port changed None to 1.1 on consumer Open vSwitch agent@localhost.localdomain _set_version /usr/lib/python2.7/site-packages/neutron/api/rpc/callbacks/version_manager.py:119
2018-06-27 22:44:27.255 15529 DEBUG neutron.api.rpc.callbacks.version_manager [req-46105c64-422e-42a5-ab9d-c759f1e50d1a c5cd6ef06ce14dd690705b39bb3f1552 2776224a461d4a01833ab75847b98330 - - -] Version for resource type Log changed None to 1.0 on consumer Open vSwitch agent@localhost.localdomain _set_version /usr/lib/python2.7/site-packages/neutron/api/rpc/callbacks/version_manager.py:119
2018-06-27 22:44:27.257 15529 DEBUG neutron.api.rpc.callbacks.version_manager [req-46105c64-422e-42a5-ab9d-c759f1e50d1a c5cd6ef06ce14dd690705b39bb3f1552 2776224a461d4a01833ab75847b98330 - - -] Tracked resource versions report:
pushed versions:
{   'Log': set(['1.0']),
    'Network': set(['1.0']),
    'Port': set(['1.1']),
    'QosPolicy': set(['1.6']),
    'SecurityGroup': set(['1.0']),
    'SecurityGroupRule': set(['1.0']),
    'SubPort': set(['1.0']),
    'Subnet': set(['1.0']),
    'Trunk': set(['1.1'])}

consumer versions:
{   DHCP agent@localhost.localdomain: {   },
    L3 agent@localhost.localdomain: {   },
    Metadata agent@localhost.localdomain: {   },
    Metering agent@localhost.localdomain: {   },
    Open vSwitch agent@localhost.localdomain: {   u'Log': u'1.0',
                                                  u'Network': u'1.0',
                                                  u'Port': u'1.1',
                                                  u'QosPolicy': u'1.6',
                                                  u'SecurityGroup': u'1.0',
                                                  u'SecurityGroupRule': u'1.0',
                                                  u'SubPort': u'1.0',
                                                  u'Subnet': u'1.0',
                                                  u'Trunk': u'1.1'}}
 report /usr/lib/python2.7/site-packages/neutron/api/rpc/callbacks/version_manager.py:178
2018-06-27 22:44:27.316 15532 DEBUG neutron_lib.callbacks.manager [req-0bb26e95-8102-4a70-a6c8-c0d6a52c0196 - - - - -] Notify callbacks ['neutron.services.segments.db._update_segment_host_mapping_for_agent-8744021209936'] for agent, after_update _notify_loop /usr/lib/python2.7/site-packages/neutron_lib/callbacks/manager.py:167
2018-06-27 22:44:27.531 15529 DEBUG neutron.scheduler.dhcp_agent_scheduler [req-46105c64-422e-42a5-ab9d-c759f1e50d1a c5cd6ef06ce14dd690705b39bb3f1552 2776224a461d4a01833ab75847b98330 - default default] Network 3a89a4af-574f-492a-9eb4-eae63d51f625 is already hosted by enough agents. _get_dhcp_agents_hosting_network /usr/lib/python2.7/site-packages/neutron/scheduler/dhcp_agent_scheduler.py:243
2018-06-27 22:44:27.596 15529 DEBUG oslo_concurrency.lockutils [req-46105c64-422e-42a5-ab9d-c759f1e50d1a c5cd6ef06ce14dd690705b39bb3f1552 2776224a461d4a01833ab75847b98330 - - -] Lock "event-dispatch" released by "neutron.plugins.ml2.ovo_rpc.dispatch_events" :: held 0.703s inner /usr/lib/python2.7/site-packages/oslo_concurrency/lockutils.py:282
2018-06-27 22:44:27.619 15529 DEBUG neutron.db.l3_dvrscheduler_db [req-46105c64-422e-42a5-ab9d-c759f1e50d1a c5cd6ef06ce14dd690705b39bb3f1552 2776224a461d4a01833ab75847b98330 - default default] Received port after_create _notify_l3_agent_new_port /usr/lib/python2.7/site-packages/neutron/db/l3_dvrscheduler_db.py:392
2018-06-27 22:44:27.774 15529 DEBUG neutron_lib.callbacks.manager [req-46105c64-422e-42a5-ab9d-c759f1e50d1a c5cd6ef06ce14dd690705b39bb3f1552 2776224a461d4a01833ab75847b98330 - default default] Notify callbacks ['neutron.plugins.ml2.plugin.Ml2Plugin._ensure_default_security_group_handler--9223372036852854646'] for port, before_update _notify_loop /usr/lib/python2.7/site-packages/neutron_lib/callbacks/manager.py:167
2018-06-27 22:44:28.425 15529 DEBUG neutron_lib.callbacks.manager [req-46105c64-422e-42a5-ab9d-c759f1e50d1a c5cd6ef06ce14dd690705b39bb3f1552 2776224a461d4a01833ab75847b98330 - default default] Notify callbacks [] for port, precommit_update _notify_loop /usr/lib/python2.7/site-packages/neutron_lib/callbacks/manager.py:167
2018-06-27 22:44:28.434 15529 DEBUG neutron_lib.callbacks.manager [req-46105c64-422e-42a5-ab9d-c759f1e50d1a c5cd6ef06ce14dd690705b39bb3f1552 2776224a461d4a01833ab75847b98330 - default default] Notify callbacks ['neutron.plugins.ml2.ovo_rpc._ObjectChangeHandler.handle_event-750456', 'neutron.api.rpc.agentnotifiers.dhcp_rpc_agent_api.DhcpAgentNotifyAPI._native_event_send_dhcp_notification--9223372036853877499', 'neutron.plugins.ml2.plugin.Ml2Plugin.notify_sg_on_port_change-1921279', 'neutron.db.l3_dvrscheduler_db._notify_l3_agent_port_update-8744020843796', 'neutron.db.l3_hascheduler_db._notify_l3_agent_ha_port_update-8744020843871'] for port, after_update _notify_loop /usr/lib/python2.7/site-packages/neutron_lib/callbacks/manager.py:167
2018-06-27 22:44:28.468 15529 DEBUG oslo_concurrency.lockutils [-] Lock "event-dispatch" acquired by "neutron.plugins.ml2.ovo_rpc.dispatch_events" :: waited 0.000s inner /usr/lib/python2.7/site-packages/oslo_concurrency/lockutils.py:270
2018-06-27 22:44:28.793 15529 DEBUG neutron.api.rpc.handlers.resources_rpc [req-46105c64-422e-42a5-ab9d-c759f1e50d1a c5cd6ef06ce14dd690705b39bb3f1552 2776224a461d4a01833ab75847b98330 - - -] neutron.api.rpc.handlers.resources_rpc.ResourcesPushRpcApi method push called with arguments (<neutron_lib.context.Context object at 0x7f3e033ffed0>, [Port(admin_state_up=True,allowed_address_pairs=[],binding=PortBinding,binding_levels=[],created_at=2018-06-27T20:44:25Z,data_plane_status=<?>,description='',device_id='55ef5fb4-19b1-47b5-9766-10e493cb604c',device_owner='network:floatingip',dhcp_options=[],distributed_binding=None,dns=None,fixed_ips=[IPAllocation],id=3927d2d7-15cb-4c34-80b5-7f30ff7d5fd6,mac_address=fa:16:3e:7c:3f:cd,name='',network_id=3a89a4af-574f-492a-9eb4-eae63d51f625,project_id='',qos_policy_id=None,revision_number=4,security=PortSecurity(3927d2d7-15cb-4c34-80b5-7f30ff7d5fd6),security_group_ids=set([]),status='N/A',updated_at=2018-06-27T20:44:28Z)], 'updated') {} wrapper /usr/lib/python2.7/site-packages/oslo_log/helpers.py:66
2018-06-27 22:44:28.840 15529 DEBUG oslo_concurrency.lockutils [req-46105c64-422e-42a5-ab9d-c759f1e50d1a c5cd6ef06ce14dd690705b39bb3f1552 2776224a461d4a01833ab75847b98330 - - -] Lock "event-dispatch" released by "neutron.plugins.ml2.ovo_rpc.dispatch_events" :: held 0.372s inner /usr/lib/python2.7/site-packages/oslo_concurrency/lockutils.py:282
2018-06-27 22:44:28.937 15529 DEBUG neutron_lib.callbacks.manager [req-46105c64-422e-42a5-ab9d-c759f1e50d1a c5cd6ef06ce14dd690705b39bb3f1552 2776224a461d4a01833ab75847b98330 - default default] Notify callbacks ['neutron.services.l3_router.l3_router_plugin.L3RouterPlugin._create_dvr_floating_gw_port--9223372036854248650'] for floatingip, after_update _notify_loop /usr/lib/python2.7/site-packages/neutron_lib/callbacks/manager.py:167
2018-06-27 22:44:28.988 15529 DEBUG neutron.quota.resource [req-46105c64-422e-42a5-ab9d-c759f1e50d1a c5cd6ef06ce14dd690705b39bb3f1552 2776224a461d4a01833ab75847b98330 - default default] Persisted dirty status for tenant:eae0a715a29b4ea38ef5bf4507b93fe6 on resource:floatingip mark_dirty /usr/lib/python2.7/site-packages/neutron/quota/resource.py:207
2018-06-27 22:44:28.997 15529 DEBUG neutron.quota.resource [req-46105c64-422e-42a5-ab9d-c759f1e50d1a c5cd6ef06ce14dd690705b39bb3f1552 2776224a461d4a01833ab75847b98330 - default default] Persisted dirty status for tenant: on resource:port mark_dirty /usr/lib/python2.7/site-packages/neutron/quota/resource.py:207
2018-06-27 22:44:29.009 15529 DEBUG neutron_lib.callbacks.manager [req-46105c64-422e-42a5-ab9d-c759f1e50d1a c5cd6ef06ce14dd690705b39bb3f1552 2776224a461d4a01833ab75847b98330 - default default] Notify callbacks ['neutron.notifiers.nova.Notifier._send_nova_notification--9223372036854767694'] for floatingip, before_response _notify_loop /usr/lib/python2.7/site-packages/neutron_lib/callbacks/manager.py:167
2018-06-27 22:44:29.013 15529 INFO neutron.wsgi [req-46105c64-422e-42a5-ab9d-c759f1e50d1a c5cd6ef06ce14dd690705b39bb3f1552 2776224a461d4a01833ab75847b98330 - default default] 10.0.20.28 "POST /v2.0/floatingips HTTP/1.1" status: 201  len: 675 time: 3.8393929
2018-06-27 22:44:34.355 15525 DEBUG neutron.wsgi [-] (15525) accepted ('10.0.20.28', 53454) server /usr/lib/python2.7/site-packages/eventlet/wsgi.py:883
2018-06-27 22:44:34.372 15525 WARNING keystonemiddleware.auth_token [-] Using the in-process token cache is deprecated as of the 4.2.0 release and may be removed in the 5.0.0 release or the 'O' development cycle. The in-process cache causes inconsistent results and high memory usage. When the feature is removed the auth_token middleware will not cache tokens by default which may result in performance issues. It is recommended to use  memcache for the auth_token token cache by setting the memcached_servers option.
2018-06-27 22:44:35.270 15531 DEBUG neutron_lib.callbacks.manager [req-45cc798d-c9a8-4358-b960-8f0cfdf11411 - - - - -] Notify callbacks ['neutron.services.segments.db._update_segment_host_mapping_for_agent-8744021209936'] for agent, after_update _notify_loop /usr/lib/python2.7/site-packages/neutron_lib/callbacks/manager.py:167
2018-06-27 22:44:36.055 15525 DEBUG oslo_policy._cache_handler [req-55e86629-12fe-45d6-94ca-c6fa04b6196d 75fa4703edb245b7af4eedb4f8abb678 0756a888a15d4216915a13bf41cedcba - default default] Reloading cached file /etc/neutron/policy.json read_cached_file /usr/lib/python2.7/site-packages/oslo_policy/_cache_handler.py:40
2018-06-27 22:44:36.104 15525 DEBUG oslo_policy.policy [req-55e86629-12fe-45d6-94ca-c6fa04b6196d 75fa4703edb245b7af4eedb4f8abb678 0756a888a15d4216915a13bf41cedcba - default default] Reloaded policy file: /etc/neutron/policy.json _load_policy_file /usr/lib/python2.7/site-packages/oslo_policy/policy.py:681
2018-06-27 22:44:36.835 15525 DEBUG oslo_policy._cache_handler [req-55e86629-12fe-45d6-94ca-c6fa04b6196d 75fa4703edb245b7af4eedb4f8abb678 0756a888a15d4216915a13bf41cedcba - default default] Reloading cached file /etc/neutron/policy.json read_cached_file /usr/lib/python2.7/site-packages/oslo_policy/_cache_handler.py:40
2018-06-27 22:44:36.866 15525 DEBUG oslo_policy.policy [req-55e86629-12fe-45d6-94ca-c6fa04b6196d 75fa4703edb245b7af4eedb4f8abb678 0756a888a15d4216915a13bf41cedcba - default default] Reloaded policy file: /etc/neutron/policy.json _load_policy_file /usr/lib/python2.7/site-packages/oslo_policy/policy.py:681
2018-06-27 22:44:36.881 15525 INFO neutron.wsgi [req-55e86629-12fe-45d6-94ca-c6fa04b6196d 75fa4703edb245b7af4eedb4f8abb678 0756a888a15d4216915a13bf41cedcba - default default] 10.0.20.28 "GET /v2.0/ports?device_id=d24851e8-313f-433c-a25f-5b2d4fc66079 HTTP/1.1" status: 200  len: 1124 time: 2.5158880
2018-06-27 22:44:37.424 15525 INFO neutron.wsgi [req-ff952d22-18d7-464e-a716-9543faa8d37d 75fa4703edb245b7af4eedb4f8abb678 0756a888a15d4216915a13bf41cedcba - default default] 10.0.20.28 "GET /v2.0/security-groups?id=55a68781-15b5-49e4-b4c3-53dd37a0797c HTTP/1.1" status: 200  len: 2118 time: 0.5070939
2018-06-27 22:44:40.286 15525 DEBUG neutron.wsgi [-] (15525) accepted ('10.0.20.28', 53480) server /usr/lib/python2.7/site-packages/eventlet/wsgi.py:883
2018-06-27 22:44:40.808 15522 INFO neutron.wsgi [req-eb9c2c0a-02b1-4a05-81b8-786b12dfc8be 75fa4703edb245b7af4eedb4f8abb678 0756a888a15d4216915a13bf41cedcba - default default] 10.0.20.28 "GET /v2.0/ports?tenant_id=eae0a715a29b4ea38ef5bf4507b93fe6&device_id=d24851e8-313f-433c-a25f-5b2d4fc66079 HTTP/1.1" status: 200  len: 1124 time: 0.1454840
2018-06-27 22:44:40.847 15525 INFO neutron.wsgi [req-71c3ad11-4082-44a3-829c-69e6c29e34f5 75fa4703edb245b7af4eedb4f8abb678 0756a888a15d4216915a13bf41cedcba - default default] 10.0.20.28 "GET /v2.0/ports?device_id=d24851e8-313f-433c-a25f-5b2d4fc66079 HTTP/1.1" status: 200  len: 1124 time: 0.5589509
2018-06-27 22:44:41.003 15525 INFO neutron.wsgi [req-0278704b-57c4-43b3-a99d-b56e189e3e35 75fa4703edb245b7af4eedb4f8abb678 0756a888a15d4216915a13bf41cedcba - default default] 10.0.20.28 "GET /v2.0/security-groups?id=55a68781-15b5-49e4-b4c3-53dd37a0797c HTTP/1.1" status: 200  len: 2118 time: 0.1139410
2018-06-27 22:44:41.322 15522 DEBUG neutron.pecan_wsgi.hooks.policy_enforcement [req-c85027c6-3a90-4839-b6d1-afa873561a5a 75fa4703edb245b7af4eedb4f8abb678 0756a888a15d4216915a13bf41cedcba - default default] Attributes excluded by policy engine: [u'vlan_transparent'] _exclude_attributes_by_policy /usr/lib/python2.7/site-packages/neutron/pecan_wsgi/hooks/policy_enforcement.py:256
2018-06-27 22:44:41.325 15522 INFO neutron.wsgi [req-c85027c6-3a90-4839-b6d1-afa873561a5a 75fa4703edb245b7af4eedb4f8abb678 0756a888a15d4216915a13bf41cedcba - default default] 10.0.20.28 "GET /v2.0/networks?id=df637b98-a16f-420b-a396-893a83bf50b3 HTTP/1.1" status: 200  len: 885 time: 0.5086739
2018-06-27 22:44:41.372 15536 DEBUG neutron_lib.callbacks.manager [req-c512180d-ded9-412e-bf38-dbd1a81c6946 - - - - -] Notify callbacks ['neutron.services.segments.db._update_segment_host_mapping_for_agent-8744021209936'] for agent, after_update _notify_loop /usr/lib/python2.7/site-packages/neutron_lib/callbacks/manager.py:167
2018-06-27 22:44:41.387 15522 INFO neutron.wsgi [req-cb6431dd-91b5-4410-8341-6b43e44b333a 75fa4703edb245b7af4eedb4f8abb678 0756a888a15d4216915a13bf41cedcba - default default] 10.0.20.28 "GET /v2.0/floatingips?fixed_ip_address=11.129.1.4&port_id=f1cfee6e-254c-4008-baef-a0352876d940 HTTP/1.1" status: 200  len: 217 time: 0.0548511
2018-06-27 22:44:41.561 15522 DEBUG neutron.pecan_wsgi.hooks.policy_enforcement [req-77ff36cd-d03e-4b5f-9436-1c0abab66604 75fa4703edb245b7af4eedb4f8abb678 0756a888a15d4216915a13bf41cedcba - default default] Attributes excluded by policy engine: [u'shared'] _exclude_attributes_by_policy /usr/lib/python2.7/site-packages/neutron/pecan_wsgi/hooks/policy_enforcement.py:256
2018-06-27 22:44:41.564 15522 INFO neutron.wsgi [req-77ff36cd-d03e-4b5f-9436-1c0abab66604 75fa4703edb245b7af4eedb4f8abb678 0756a888a15d4216915a13bf41cedcba - default default] 10.0.20.28 "GET /v2.0/subnets?id=87b2f686-857c-42ce-a219-78114e9ee6c5 HTTP/1.1" status: 200  len: 847 time: 0.1677430
2018-06-27 22:44:41.738 15522 INFO neutron.wsgi [req-16fe6054-d44b-4ea9-94f8-ea6e58e217e0 75fa4703edb245b7af4eedb4f8abb678 0756a888a15d4216915a13bf41cedcba - default default] 10.0.20.28 "GET /v2.0/ports?network_id=df637b98-a16f-420b-a396-893a83bf50b3&device_owner=network%3Adhcp HTTP/1.1" status: 200  len: 1128 time: 0.1640701
2018-06-27 22:44:42.551 15523 INFO neutron.wsgi [req-58e7e08a-f3e7-4dc3-8e18-1b127107dc56 71c7498790f4493e96794e8e9ee65f99 eae0a715a29b4ea38ef5bf4507b93fe6 - 158d490a3fb046d7a967ee42b0dd1815 158d490a3fb046d7a967ee42b0dd1815] 10.0.20.28 "GET /v2.0/ports?device_id=d24851e8-313f-433c-a25f-5b2d4fc66079 HTTP/1.1" status: 200  len: 1124 time: 0.5804331
2018-06-27 22:44:42.684 15523 INFO neutron.wsgi [req-d88618b4-cc06-49cf-a9b9-8de09cfc5ba8 71c7498790f4493e96794e8e9ee65f99 eae0a715a29b4ea38ef5bf4507b93fe6 - 158d490a3fb046d7a967ee42b0dd1815 158d490a3fb046d7a967ee42b0dd1815] 10.0.20.28 "GET /v2.0/security-groups?id=55a68781-15b5-49e4-b4c3-53dd37a0797c HTTP/1.1" status: 200  len: 2118 time: 0.1247702
2018-06-27 22:44:42.815 15533 DEBUG neutron_lib.callbacks.manager [req-752ed2ed-f11a-49cd-a3c5-437bfbafa686 - - - - -] Notify callbacks ['neutron.services.segments.db._update_segment_host_mapping_for_agent-8744021209936'] for agent, after_update _notify_loop /usr/lib/python2.7/site-packages/neutron_lib/callbacks/manager.py:167
2018-06-27 22:44:43.067 15523 INFO neutron.wsgi [req-852cf03e-0db3-4f51-86d8-8665d2a18ebf 71c7498790f4493e96794e8e9ee65f99 eae0a715a29b4ea38ef5bf4507b93fe6 - 158d490a3fb046d7a967ee42b0dd1815 158d490a3fb046d7a967ee42b0dd1815] 10.0.20.28 "GET /v2.0/ports?device_owner=compute%3Anova&device_id=d24851e8-313f-433c-a25f-5b2d4fc66079 HTTP/1.1" status: 200  len: 1124 time: 0.1756389
2018-06-27 22:44:43.130 15523 INFO neutron.wsgi [req-761201ac-e24c-45b0-b08f-41cfbab3e6a1 71c7498790f4493e96794e8e9ee65f99 eae0a715a29b4ea38ef5bf4507b93fe6 - 158d490a3fb046d7a967ee42b0dd1815 158d490a3fb046d7a967ee42b0dd1815] 10.0.20.28 "GET /v2.0/floatingips?floating_ip_address=172.24.4.12 HTTP/1.1" status: 200  len: 673 time: 0.0575111
2018-06-27 22:44:43.161 15523 DEBUG neutron.api.v2.base [req-f5225ca7-a258-4fb3-8b97-0ff146c7b6be 71c7498790f4493e96794e8e9ee65f99 eae0a715a29b4ea38ef5bf4507b93fe6 - 158d490a3fb046d7a967ee42b0dd1815 158d490a3fb046d7a967ee42b0dd1815] Request body: {u'floatingip': {u'fixed_ip_address': u'11.129.1.4', u'port_id': u'f1cfee6e-254c-4008-baef-a0352876d940'}} prepare_request_body /usr/lib/python2.7/site-packages/neutron/api/v2/base.py:695
2018-06-27 22:44:43.507 15523 DEBUG neutron_lib.callbacks.manager [req-f5225ca7-a258-4fb3-8b97-0ff146c7b6be 71c7498790f4493e96794e8e9ee65f99 eae0a715a29b4ea38ef5bf4507b93fe6 - 158d490a3fb046d7a967ee42b0dd1815 158d490a3fb046d7a967ee42b0dd1815] Notify callbacks ['neutron.services.l3_router.l3_router_plugin.L3RouterPlugin._create_dvr_floating_gw_port--9223372036854248650'] for floatingip, after_update _notify_loop /usr/lib/python2.7/site-packages/neutron_lib/callbacks/manager.py:167
2018-06-27 22:44:44.199 15526 DEBUG neutron.wsgi [-] (15526) accepted ('10.0.20.28', 53534) server /usr/lib/python2.7/site-packages/eventlet/wsgi.py:883
2018-06-27 22:44:44.365 15523 DEBUG neutron.scheduler.l3_agent_scheduler [req-f5225ca7-a258-4fb3-8b97-0ff146c7b6be 71c7498790f4493e96794e8e9ee65f99 eae0a715a29b4ea38ef5bf4507b93fe6 - 158d490a3fb046d7a967ee42b0dd1815 158d490a3fb046d7a967ee42b0dd1815] Router d7e3ac9b-94ba-4865-93d6-e0e37addc958 has already been hosted by L3 agent 0aae51ef-d85a-4a28-8dba-d2795f82e408 _get_candidates /usr/lib/python2.7/site-packages/neutron/scheduler/l3_agent_scheduler.py:141
2018-06-27 22:44:44.617 15523 DEBUG neutron.api.rpc.agentnotifiers.l3_rpc_agent_api [req-f5225ca7-a258-4fb3-8b97-0ff146c7b6be 71c7498790f4493e96794e8e9ee65f99 eae0a715a29b4ea38ef5bf4507b93fe6 - 158d490a3fb046d7a967ee42b0dd1815 158d490a3fb046d7a967ee42b0dd1815] Notify agent at l3_agent.localhost.localdomain the message routers_updated _agent_notification /usr/lib/python2.7/site-packages/neutron/api/rpc/agentnotifiers/l3_rpc_agent_api.py:69
2018-06-27 22:44:44.660 15523 DEBUG neutron_lib.callbacks.manager [req-f5225ca7-a258-4fb3-8b97-0ff146c7b6be 71c7498790f4493e96794e8e9ee65f99 eae0a715a29b4ea38ef5bf4507b93fe6 - 158d490a3fb046d7a967ee42b0dd1815 158d490a3fb046d7a967ee42b0dd1815] Notify callbacks ['neutron.notifiers.nova.Notifier._send_nova_notification--9223372036854767694'] for floatingip, before_response _notify_loop /usr/lib/python2.7/site-packages/neutron_lib/callbacks/manager.py:167
2018-06-27 22:44:44.691 15537 DEBUG neutron.db.l3_hamode_db [req-24fa26c3-4c11-4d06-836e-9ba009cc1fc6 - - - - -] neutron.services.l3_router.l3_router_plugin.L3RouterPlugin method get_ha_sync_data_for_host called with arguments (<neutron_lib.context.Context object at 0x7f3e038fdd10>, u'localhost.localdomain', <neutron.db.models.agent.Agent[object at 7f3e036cea50] {id=u'0aae51ef-d85a-4a28-8dba-d2795f82e408', agent_type=u'L3 agent', binary=u'neutron-l3-agent', topic=u'l3_agent', host=u'localhost.localdomain', availability_zone=u'nova', admin_state_up=True, created_at=datetime.datetime(2018, 6, 6, 18, 5, 37), started_at=datetime.datetime(2018, 6, 27, 20, 33, 41), heartbeat_timestamp=datetime.datetime(2018, 6, 27, 20, 44, 41), description=None, configurations=u'{"agent_mode": "legacy", "gateway_external_network_id": "", "handle_internal_only_routers": true, "routers": 2, "interfaces": 2, "floating_ips": 0, "interface_driver": "neutron.agent.linux.interface.OVSInterfaceDriver", "log_agent_heartbeats": false, "external_network_bridge": "", "ex_gw_ports": 2}', resource_versions=None, load=0}>) {'active': True, 'router_ids': ['d7e3ac9b-94ba-4865-93d6-e0e37addc958']} wrapper /usr/lib/python2.7/site-packages/oslo_log/helpers.py:66
2018-06-27 22:44:44.819 15523 INFO neutron.wsgi [req-f5225ca7-a258-4fb3-8b97-0ff146c7b6be 71c7498790f4493e96794e8e9ee65f99 eae0a715a29b4ea38ef5bf4507b93fe6 - 158d490a3fb046d7a967ee42b0dd1815 158d490a3fb046d7a967ee42b0dd1815] 10.0.20.28 "PUT /v2.0/floatingips/55ef5fb4-19b1-47b5-9766-10e493cb604c HTTP/1.1" status: 200  len: 746 time: 1.6823180
2018-06-27 22:44:44.825 15523 DEBUG oslo_concurrency.lockutils [-] Lock "notifier-47fce3ab-5dc5-4716-a96b-154f2fec0be4" acquired by "neutron.notifiers.batch_notifier.synced_send" :: waited 0.000s inner /usr/lib/python2.7/site-packages/oslo_concurrency/lockutils.py:270
2018-06-27 22:44:44.826 15523 DEBUG neutron.notifiers.nova [-] Sending events: [{'tag': u'f1cfee6e-254c-4008-baef-a0352876d940', 'name': 'network-changed', 'server_uuid': u'd24851e8-313f-433c-a25f-5b2d4fc66079'}] send_events /usr/lib/python2.7/site-packages/neutron/notifiers/nova.py:242
2018-06-27 22:44:45.059 15526 INFO neutron.wsgi [req-90189220-31f7-498c-9e3d-18c17250a65a 75fa4703edb245b7af4eedb4f8abb678 0756a888a15d4216915a13bf41cedcba - default default] 10.0.20.28 "GET /v2.0/ports?device_id=d24851e8-313f-433c-a25f-5b2d4fc66079 HTTP/1.1" status: 200  len: 1124 time: 0.8540220
2018-06-27 22:44:45.244 15526 INFO neutron.wsgi [req-5a70fb17-8c19-4bec-9c27-24d78cc0f2b2 75fa4703edb245b7af4eedb4f8abb678 0756a888a15d4216915a13bf41cedcba - default default] 10.0.20.28 "GET /v2.0/security-groups?id=55a68781-15b5-49e4-b4c3-53dd37a0797c HTTP/1.1" status: 200  len: 2118 time: 0.1482232
2018-06-27 22:44:45.632 15537 DEBUG neutron.db.l3_hamode_db [req-24fa26c3-4c11-4d06-836e-9ba009cc1fc6 - - - - -] neutron.services.l3_router.l3_router_plugin.L3RouterPlugin method _process_sync_ha_data called with arguments (<neutron_lib.context.Context object at 0x7f3e038fdd10>, [{'status': u'ACTIVE', '_interfaces': [{'status': u'ACTIVE', 'subnets': [{'dns_nameservers': [u'8.8.4.4'], 'ipv6_ra_mode': None, 'gateway_ip': u'11.129.1.1', 'cidr': u'11.129.1.0/24', 'id': u'87b2f686-857c-42ce-a219-78114e9ee6c5', 'subnetpool_id': None}], 'binding:host_id': u'localhost.localdomain', 'description': u'', 'allowed_address_pairs': [], 'tags': [], 'extra_dhcp_opts': [], 'updated_at': '2018-06-27T20:43:15Z', 'device_owner': u'network:router_interface', 'revision_number': 7, 'port_security_enabled': False, 'binding:profile': {}, 'mtu': 1450, 'fixed_ips': [{'subnet_id': u'87b2f686-857c-42ce-a219-78114e9ee6c5', 'prefixlen': 24, 'ip_address': u'11.129.1.1'}], 'id': u'4ac93615-fc5e-46a9-9988-24be5e4ddb29', 'security_groups': [], 'device_id': u'd7e3ac9b-94ba-4865-93d6-e0e37addc958', 'name': u'', 'admin_state_up': True, 'network_id': u'df637b98-a16f-420b-a396-893a83bf50b3', 'tenant_id': u'eae0a715a29b4ea38ef5bf4507b93fe6', 'binding:vif_details': {u'port_filter': True, u'datapath_type': u'system', u'ovs_hybrid_plug': True}, 'address_scopes': {4: None, 6: None}, 'binding:vnic_type': u'normal', 'binding:vif_type': u'ovs', 'mac_address': u'fa:16:3e:f2:61:62', 'project_id': u'eae0a715a29b4ea38ef5bf4507b93fe6', 'extra_subnets': [], 'created_at': '2018-06-27T20:43:07Z'}], 'enable_snat': True, 'ha_vr_id': 0, 'description': u'', 'tags': [], 'gw_port': {'status': u'ACTIVE', 'subnets': [{'dns_nameservers': [], 'ipv6_ra_mode': None, 'gateway_ip': u'172.24.4.1', 'cidr': u'172.24.4.0/24', 'id': u'b6e216ca-b0fd-4778-9cc1-3aadc17c208f', 'subnetpool_id': None}], 'binding:host_id': u'localhost.localdomain', 'description': u'', 'allowed_address_pairs': [], 'tags': [], 'extra_dhcp_opts': [], 'updated_at': '2018-06-27T20:43:29Z', 'device_owner': u'network:router_gateway', 'revision_number': 6, 'port_security_enabled': False, 'binding:profile': {}, 'mtu': 1500, 'fixed_ips': [{'subnet_id': u'b6e216ca-b0fd-4778-9cc1-3aadc17c208f', 'prefixlen': 24, 'ip_address': u'172.24.4.8'}], 'id': u'f590ae7a-6e91-49e0-bc72-d649ef118409', 'security_groups': [], 'device_id': u'd7e3ac9b-94ba-4865-93d6-e0e37addc958', 'name': u'', 'admin_state_up': True, 'network_id': u'3a89a4af-574f-492a-9eb4-eae63d51f625', 'tenant_id': u'', 'binding:vif_details': {u'port_filter': True, u'datapath_type': u'system', u'ovs_hybrid_plug': True}, 'address_scopes': {4: None, 6: None}, 'binding:vnic_type': u'normal', 'binding:vif_type': u'ovs', 'mac_address': u'fa:16:3e:21:e0:f9', 'project_id': u'', 'extra_subnets': [], 'created_at': '2018-06-27T20:43:21Z'}, 'updated_at': '2018-06-27T20:43:22Z', 'revision_number': 4, 'ha': False, 'id': u'd7e3ac9b-94ba-4865-93d6-e0e37addc958', 'gw_port_host': u'localhost.localdomain', 'external_gateway_info': {'network_id': u'3a89a4af-574f-492a-9eb4-eae63d51f625', 'enable_snat': True, 'external_fixed_ips': [{'subnet_id': u'b6e216ca-b0fd-4778-9cc1-3aadc17c208f', 'ip_address': u'172.24.4.8'}]}, 'availability_zone_hints': [], 'availability_zones': [u'nova'], 'name': u'tempest-router-1530131993', 'gw_port_id': u'f590ae7a-6e91-49e0-bc72-d649ef118409', 'admin_state_up': True, 'tenant_id': u'eae0a715a29b4ea38ef5bf4507b93fe6', 'created_at': '2018-06-27T20:42:47Z', 'distributed': False, 'flavor_id': None, 'routes': [], 'project_id': u'eae0a715a29b4ea38ef5bf4507b93fe6', '_floatingips': [{'router_id': u'd7e3ac9b-94ba-4865-93d6-e0e37addc958', 'status': u'DOWN', 'description': u'', 'tags': [], 'updated_at': '2018-06-27T20:44:43Z', 'dns_domain': '', 'floating_network_id': u'3a89a4af-574f-492a-9eb4-eae63d51f625', 'fixed_ip_address': u'11.129.1.4', 'floating_ip_address': u'172.24.4.12', 'revision_number': 1, 'port_id': u'f1cfee6e-254c-4008-baef-a0352876d940', 'id': u'55ef5fb4-19b1-47b5-9766-10e493cb604c', 'dns_name': '', 'created_at': '2018-06-27T20:44:27Z', 'tenant_id': u'eae0a715a29b4ea38ef5bf4507b93fe6', 'fixed_ip_address_scope': None, 'project_id': u'eae0a715a29b4ea38ef5bf4507b93fe6'}]}], u'localhost.localdomain', False) {} wrapper /usr/lib/python2.7/site-packages/oslo_log/helpers.py:66
2018-06-27 22:44:45.650 15537 DEBUG neutron.api.rpc.handlers.l3_rpc [req-24fa26c3-4c11-4d06-836e-9ba009cc1fc6 - - - - -] Checking router: d7e3ac9b-94ba-4865-93d6-e0e37addc958 for host: localhost.localdomain _ensure_host_set_on_ports /usr/lib/python2.7/site-packages/neutron/api/rpc/handlers/l3_rpc.py:135
2018-06-27 22:44:45.931 15523 DEBUG novaclient.v2.client [-] REQ: curl -g -i -X POST http://10.0.20.28:8774/v2.1/0756a888a15d4216915a13bf41cedcba/os-server-external-events -H "User-Agent: python-novaclient" -H "Content-Type: application/json" -H "Accept: application/json" -H "X-OpenStack-Nova-API-Version: 2.1" -H "X-Auth-Token: {SHA1}11c78c314a5b0600bb3ac02bdb36e2ff9e950a7c" -d '{"events": [{"tag": "f1cfee6e-254c-4008-baef-a0352876d940", "name": "network-changed", "server_uuid": "d24851e8-313f-433c-a25f-5b2d4fc66079"}]}' _http_log_request /usr/lib/python2.7/site-packages/keystoneauth1/session.py:375
2018-06-27 22:44:46.039 15535 DEBUG neutron.api.rpc.handlers.l3_rpc [req-19b84432-1399-4d7c-8b5c-6e4a4b4794ab - - - - -] New status for floating IP 55ef5fb4-19b1-47b5-9766-10e493cb604c: ACTIVE update_floatingip_statuses /usr/lib/python2.7/site-packages/neutron/api/rpc/handlers/l3_rpc.py:252
2018-06-27 22:44:46.387 15523 INFO neutron.wsgi [req-5a13589b-c341-4405-a8be-aae8da1fed9b 75fa4703edb245b7af4eedb4f8abb678 0756a888a15d4216915a13bf41cedcba - default default] 10.0.20.28 "GET /v2.0/ports?tenant_id=eae0a715a29b4ea38ef5bf4507b93fe6&device_id=d24851e8-313f-433c-a25f-5b2d4fc66079 HTTP/1.1" status: 200  len: 1124 time: 0.4323359
2018-06-27 22:44:46.544 15523 DEBUG novaclient.v2.client [-] RESP: [200] Content-Length: 179 Content-Type: application/json Openstack-Api-Version: compute 2.1 X-Openstack-Nova-Api-Version: 2.1 Vary: OpenStack-API-Version, X-OpenStack-Nova-API-Version X-Openstack-Request-Id: req-5e99c873-b46f-44d8-9658-e7660aa33980 X-Compute-Request-Id: req-5e99c873-b46f-44d8-9658-e7660aa33980 Date: Wed, 27 Jun 2018 20:44:46 GMT Connection: keep-alive 
RESP BODY: {"events": [{"status": "completed", "tag": "f1cfee6e-254c-4008-baef-a0352876d940", "name": "network-changed", "server_uuid": "d24851e8-313f-433c-a25f-5b2d4fc66079", "code": 200}]}
 _http_log_response /usr/lib/python2.7/site-packages/keystoneauth1/session.py:423
2018-06-27 22:44:46.544 15523 DEBUG novaclient.v2.client [-] POST call to compute for http://10.0.20.28:8774/v2.1/0756a888a15d4216915a13bf41cedcba/os-server-external-events used request id req-5e99c873-b46f-44d8-9658-e7660aa33980 request /usr/lib/python2.7/site-packages/keystoneauth1/session.py:727
2018-06-27 22:44:46.556 15523 INFO neutron.notifiers.nova [-] Nova event response: {u'status': u'completed', u'tag': u'f1cfee6e-254c-4008-baef-a0352876d940', u'name': u'network-changed', u'server_uuid': u'd24851e8-313f-433c-a25f-5b2d4fc66079', u'code': 200}
