2018-06-30 04:16:36.054 17857 WARNING keystonemiddleware.auth_token [-] A valid token was submitted as a service token, but it was not a valid service token. This is incorrect but backwards compatible behaviour. This will be removed in future releases.
2018-06-30 04:16:36.539 17857 INFO neutron.wsgi [req-d5dbacd9-9325-43d7-99fa-f25629b486b9 5f30a90b4ef3441e8fb3c373acdb4705 ebbfb6b9ee92405a9421d615805438a7 - 6a55db40a5da492092d9f786bc5ec775 6a55db40a5da492092d9f786bc5ec775] 10.0.20.23 "GET /v2.0/ports?device_id=0faa01a8-b219-4181-a755-0f19baaab418 HTTP/1.1" status: 200  len: 1124 time: 0.8430519
2018-06-30 04:16:36.682 17857 INFO neutron.wsgi [req-8fbdcca4-94e5-4d68-a671-0895c7f92496 5f30a90b4ef3441e8fb3c373acdb4705 ebbfb6b9ee92405a9421d615805438a7 - 6a55db40a5da492092d9f786bc5ec775 6a55db40a5da492092d9f786bc5ec775] 10.0.20.23 "GET /v2.0/security-groups?id=3a73983a-d6bb-44c0-8966-51c9ed522802 HTTP/1.1" status: 200  len: 2118 time: 0.1186938
2018-06-30 04:16:48.313 17854 INFO neutron.wsgi [req-d7eaf768-e0d6-4051-b42a-b83df8e30fdd 5f30a90b4ef3441e8fb3c373acdb4705 ebbfb6b9ee92405a9421d615805438a7 - 6a55db40a5da492092d9f786bc5ec775 6a55db40a5da492092d9f786bc5ec775] 10.0.20.23 "GET /v2.0/ports?device_id=0faa01a8-b219-4181-a755-0f19baaab418 HTTP/1.1" status: 200  len: 1124 time: 1.0755410
2018-06-30 04:16:48.441 17854 INFO neutron.wsgi [req-8717f8dc-1f9d-455c-a9b2-22ffd3ebf2cf 5f30a90b4ef3441e8fb3c373acdb4705 ebbfb6b9ee92405a9421d615805438a7 - 6a55db40a5da492092d9f786bc5ec775 6a55db40a5da492092d9f786bc5ec775] 10.0.20.23 "GET /v2.0/security-groups?id=3a73983a-d6bb-44c0-8966-51c9ed522802 HTTP/1.1" status: 200  len: 2118 time: 0.1204259
2018-06-30 04:16:49.156 17854 INFO neutron.wsgi [req-077d3d1c-e350-4bf4-ad31-ea48b1dbc1bd 72eef6c8af39495084702b0217df08d6 4340e242277144a39aad7507a87ea19b - default default] 10.0.20.23 "GET /v2.0/ports?tenant_id=ebbfb6b9ee92405a9421d615805438a7&device_id=0faa01a8-b219-4181-a755-0f19baaab418 HTTP/1.1" status: 200  len: 1124 time: 0.1254919
2018-06-30 04:16:49.393 17854 DEBUG neutron.pecan_wsgi.hooks.policy_enforcement [req-20404eb8-3fce-4b18-9a5d-a41b09b720f5 72eef6c8af39495084702b0217df08d6 4340e242277144a39aad7507a87ea19b - default default] Attributes excluded by policy engine: [u'vlan_transparent'] _exclude_attributes_by_policy /usr/lib/python2.7/site-packages/neutron/pecan_wsgi/hooks/policy_enforcement.py:256
2018-06-30 04:16:49.396 17854 INFO neutron.wsgi [req-20404eb8-3fce-4b18-9a5d-a41b09b720f5 72eef6c8af39495084702b0217df08d6 4340e242277144a39aad7507a87ea19b - default default] 10.0.20.23 "GET /v2.0/networks?id=e23ee5c2-a162-42b9-a5ad-30fefc88ffbe HTTP/1.1" status: 200  len: 885 time: 0.2319641
2018-06-30 04:16:49.458 17854 INFO neutron.wsgi [req-69632f96-0277-4445-8c80-bb2c87eb7448 72eef6c8af39495084702b0217df08d6 4340e242277144a39aad7507a87ea19b - default default] 10.0.20.23 "GET /v2.0/floatingips?fixed_ip_address=11.135.1.4&port_id=32ff01b0-986a-448f-9f99-20638c11c3b5 HTTP/1.1" status: 200  len: 750 time: 0.0545301
2018-06-30 04:16:49.600 17854 DEBUG neutron.pecan_wsgi.hooks.policy_enforcement [req-ea438aef-58c4-4bd3-bbbd-dd9ae779b3af 72eef6c8af39495084702b0217df08d6 4340e242277144a39aad7507a87ea19b - default default] Attributes excluded by policy engine: [u'shared'] _exclude_attributes_by_policy /usr/lib/python2.7/site-packages/neutron/pecan_wsgi/hooks/policy_enforcement.py:256
2018-06-30 04:16:49.603 17854 INFO neutron.wsgi [req-ea438aef-58c4-4bd3-bbbd-dd9ae779b3af 72eef6c8af39495084702b0217df08d6 4340e242277144a39aad7507a87ea19b - default default] 10.0.20.23 "GET /v2.0/subnets?id=e5b9879b-c5f5-434c-847b-f0918346edd2 HTTP/1.1" status: 200  len: 847 time: 0.1394570
2018-06-30 04:16:49.734 17854 INFO neutron.wsgi [req-ecf8ccaa-6a52-4de7-9f6f-087693079849 72eef6c8af39495084702b0217df08d6 4340e242277144a39aad7507a87ea19b - default default] 10.0.20.23 "GET /v2.0/ports?network_id=e23ee5c2-a162-42b9-a5ad-30fefc88ffbe&device_owner=network%3Adhcp HTTP/1.1" status: 200  len: 1128 time: 0.1235790
2018-06-30 04:16:51.659 17862 DEBUG neutron.plugins.ml2.rpc [req-4ce8ae93-9748-4911-b3d8-03735eb4f9d4 - - - - -] Device 32ff01b0-986a-448f-9f99-20638c11c3b5 no longer exists at agent ovs-agent-localhost.localdomain update_device_down /usr/lib/python2.7/site-packages/neutron/plugins/ml2/rpc.py:213
2018-06-30 04:16:51.833 17862 DEBUG neutron_lib.callbacks.manager [req-4ce8ae93-9748-4911-b3d8-03735eb4f9d4 - - - - -] Notify callbacks ['neutron.plugins.ml2.plugin.Ml2Plugin._ensure_default_security_group_handler--9223372036854328728'] for port, before_update _notify_loop /usr/lib/python2.7/site-packages/neutron_lib/callbacks/manager.py:167
2018-06-30 04:16:51.923 17862 DEBUG oslo_concurrency.lockutils [-] Lock "notifier-fe1cddb6-0c30-42eb-a138-e127b7e3aee4" acquired by "neutron.notifiers.batch_notifier.synced_send" :: waited 0.000s inner /usr/lib/python2.7/site-packages/oslo_concurrency/lockutils.py:270
2018-06-30 04:16:51.923 17862 DEBUG neutron.notifiers.nova [-] Sending events: [{'status': 'completed', 'tag': u'32ff01b0-986a-448f-9f99-20638c11c3b5', 'name': 'network-vif-unplugged', 'server_uuid': u'0faa01a8-b219-4181-a755-0f19baaab418'}] send_events /usr/lib/python2.7/site-packages/neutron/notifiers/nova.py:242
2018-06-30 04:16:51.937 17862 DEBUG neutron.plugins.ml2.db [req-4ce8ae93-9748-4911-b3d8-03735eb4f9d4 - - - - -] For port 32ff01b0-986a-448f-9f99-20638c11c3b5, host localhost.localdomain, got binding levels [<neutron.plugins.ml2.models.PortBindingLevel[object at 7f6d9d792cd0] {port_id=u'32ff01b0-986a-448f-9f99-20638c11c3b5', host=u'localhost.localdomain', level=0, driver=u'openvswitch', segment_id=u'9eb825f8-a8f5-4bed-94d7-6d498cf71f7e'}>] get_binding_levels /usr/lib/python2.7/site-packages/neutron/plugins/ml2/db.py:106
2018-06-30 04:16:51.953 17862 DEBUG neutron_lib.callbacks.manager [req-4ce8ae93-9748-4911-b3d8-03735eb4f9d4 - - - - -] Notify callbacks ['neutron.plugins.ml2.plugin.Ml2Plugin.notify_sg_on_port_change-447189', 'neutron.api.rpc.agentnotifiers.dhcp_rpc_agent_api.DhcpAgentNotifyAPI._native_event_send_dhcp_notification-3562519', 'neutron.plugins.ml2.ovo_rpc._ObjectChangeHandler.handle_event-3781166', 'neutron.db.l3_hascheduler_db._notify_l3_agent_ha_port_update--9223363280056206565', 'neutron.db.l3_dvrscheduler_db._notify_l3_agent_port_update-8756798573512'] for port, after_update _notify_loop /usr/lib/python2.7/site-packages/neutron_lib/callbacks/manager.py:167
2018-06-30 04:16:52.463 17862 DEBUG oslo_concurrency.lockutils [-] Lock "event-dispatch" acquired by "neutron.plugins.ml2.ovo_rpc.dispatch_events" :: waited 0.000s inner /usr/lib/python2.7/site-packages/oslo_concurrency/lockutils.py:270
2018-06-30 04:16:52.588 17862 DEBUG neutron.api.rpc.handlers.resources_rpc [req-4ce8ae93-9748-4911-b3d8-03735eb4f9d4 - - - - -] neutron.api.rpc.handlers.resources_rpc.ResourcesPushRpcApi method push called with arguments (<neutron_lib.context.Context object at 0x7f6d9d66a8d0>, [Port(admin_state_up=True,allowed_address_pairs=[],binding=PortBinding,binding_levels=[PortBindingLevel],created_at=2018-06-30T02:13:53Z,data_plane_status=<?>,description='',device_id='0faa01a8-b219-4181-a755-0f19baaab418',device_owner='compute:nova',dhcp_options=[],distributed_binding=None,dns=None,fixed_ips=[IPAllocation],id=32ff01b0-986a-448f-9f99-20638c11c3b5,mac_address=fa:16:3e:a9:ce:d2,name='',network_id=e23ee5c2-a162-42b9-a5ad-30fefc88ffbe,project_id='ebbfb6b9ee92405a9421d615805438a7',qos_policy_id=None,revision_number=7,security=PortSecurity(32ff01b0-986a-448f-9f99-20638c11c3b5),security_group_ids=set([3a73983a-d6bb-44c0-8966-51c9ed522802]),status='DOWN',updated_at=2018-06-30T02:16:51Z)], 'updated') {} wrapper /usr/lib/python2.7/site-packages/oslo_log/helpers.py:66
2018-06-30 04:16:52.600 17862 DEBUG neutron.api.rpc.callbacks.version_manager [req-4ce8ae93-9748-4911-b3d8-03735eb4f9d4 - - - - -] Version for resource type Subnet changed None to 1.0 on consumer Open vSwitch agent@localhost.localdomain _set_version /usr/lib/python2.7/site-packages/neutron/api/rpc/callbacks/version_manager.py:119
2018-06-30 04:16:52.601 17862 DEBUG neutron.api.rpc.callbacks.version_manager [req-4ce8ae93-9748-4911-b3d8-03735eb4f9d4 - - - - -] Version for resource type Network changed None to 1.0 on consumer Open vSwitch agent@localhost.localdomain _set_version /usr/lib/python2.7/site-packages/neutron/api/rpc/callbacks/version_manager.py:119
2018-06-30 04:16:52.602 17862 DEBUG neutron.api.rpc.callbacks.version_manager [req-4ce8ae93-9748-4911-b3d8-03735eb4f9d4 - - - - -] Version for resource type SubPort changed None to 1.0 on consumer Open vSwitch agent@localhost.localdomain _set_version /usr/lib/python2.7/site-packages/neutron/api/rpc/callbacks/version_manager.py:119
2018-06-30 04:16:52.603 17862 DEBUG neutron.api.rpc.callbacks.version_manager [req-4ce8ae93-9748-4911-b3d8-03735eb4f9d4 - - - - -] Version for resource type SecurityGroup changed None to 1.0 on consumer Open vSwitch agent@localhost.localdomain _set_version /usr/lib/python2.7/site-packages/neutron/api/rpc/callbacks/version_manager.py:119
2018-06-30 04:16:52.604 17862 DEBUG neutron.api.rpc.callbacks.version_manager [req-4ce8ae93-9748-4911-b3d8-03735eb4f9d4 - - - - -] Version for resource type SecurityGroupRule changed None to 1.0 on consumer Open vSwitch agent@localhost.localdomain _set_version /usr/lib/python2.7/site-packages/neutron/api/rpc/callbacks/version_manager.py:119
2018-06-30 04:16:52.605 17862 DEBUG neutron.api.rpc.callbacks.version_manager [req-4ce8ae93-9748-4911-b3d8-03735eb4f9d4 - - - - -] Version for resource type Trunk changed None to 1.1 on consumer Open vSwitch agent@localhost.localdomain _set_version /usr/lib/python2.7/site-packages/neutron/api/rpc/callbacks/version_manager.py:119
2018-06-30 04:16:52.606 17862 DEBUG neutron.api.rpc.callbacks.version_manager [req-4ce8ae93-9748-4911-b3d8-03735eb4f9d4 - - - - -] Version for resource type QosPolicy changed None to 1.6 on consumer Open vSwitch agent@localhost.localdomain _set_version /usr/lib/python2.7/site-packages/neutron/api/rpc/callbacks/version_manager.py:119
2018-06-30 04:16:52.607 17862 DEBUG neutron.api.rpc.callbacks.version_manager [req-4ce8ae93-9748-4911-b3d8-03735eb4f9d4 - - - - -] Version for resource type Port changed None to 1.1 on consumer Open vSwitch agent@localhost.localdomain _set_version /usr/lib/python2.7/site-packages/neutron/api/rpc/callbacks/version_manager.py:119
2018-06-30 04:16:52.607 17862 DEBUG neutron.api.rpc.callbacks.version_manager [req-4ce8ae93-9748-4911-b3d8-03735eb4f9d4 - - - - -] Version for resource type Log changed None to 1.0 on consumer Open vSwitch agent@localhost.localdomain _set_version /usr/lib/python2.7/site-packages/neutron/api/rpc/callbacks/version_manager.py:119
2018-06-30 04:16:52.609 17862 DEBUG neutron.api.rpc.callbacks.version_manager [req-4ce8ae93-9748-4911-b3d8-03735eb4f9d4 - - - - -] Tracked resource versions report:
pushed versions:
{   'Log': set(['1.0']),
    'Network': set(['1.0']),
    'Port': set(['1.1']),
    'QosPolicy': set(['1.6']),
    'SecurityGroup': set(['1.0']),
    'SecurityGroupRule': set(['1.0']),
    'SubPort': set(['1.0']),
    'Subnet': set(['1.0']),
    'Trunk': set(['1.1'])}

consumer versions:
{   DHCP agent@localhost.localdomain: {   },
    L3 agent@localhost.localdomain: {   },
    Metadata agent@localhost.localdomain: {   },
    Metering agent@localhost.localdomain: {   },
    Open vSwitch agent@localhost.localdomain: {   u'Log': u'1.0',
                                                  u'Network': u'1.0',
                                                  u'Port': u'1.1',
                                                  u'QosPolicy': u'1.6',
                                                  u'SecurityGroup': u'1.0',
                                                  u'SecurityGroupRule': u'1.0',
                                                  u'SubPort': u'1.0',
                                                  u'Subnet': u'1.0',
                                                  u'Trunk': u'1.1'}}
 report /usr/lib/python2.7/site-packages/neutron/api/rpc/callbacks/version_manager.py:178
2018-06-30 04:16:52.629 17862 DEBUG oslo_concurrency.lockutils [req-4ce8ae93-9748-4911-b3d8-03735eb4f9d4 - - - - -] Lock "event-dispatch" released by "neutron.plugins.ml2.ovo_rpc.dispatch_events" :: held 0.166s inner /usr/lib/python2.7/site-packages/oslo_concurrency/lockutils.py:282
2018-06-30 04:16:52.743 17862 DEBUG novaclient.v2.client [-] REQ: curl -g -i -X POST http://10.0.20.23:8774/v2.1/4340e242277144a39aad7507a87ea19b/os-server-external-events -H "User-Agent: python-novaclient" -H "Content-Type: application/json" -H "Accept: application/json" -H "X-OpenStack-Nova-API-Version: 2.1" -H "X-Auth-Token: {SHA1}a6e1644a0a5fd5bdfba33a323222160086ebdf4a" -d '{"events": [{"status": "completed", "tag": "32ff01b0-986a-448f-9f99-20638c11c3b5", "name": "network-vif-unplugged", "server_uuid": "0faa01a8-b219-4181-a755-0f19baaab418"}]}' _http_log_request /usr/lib/python2.7/site-packages/keystoneauth1/session.py:375
2018-06-30 04:16:53.446 17854 INFO neutron.wsgi [req-8835cd72-52fb-4ea7-b3bd-ff56db5b1e7d 72eef6c8af39495084702b0217df08d6 4340e242277144a39aad7507a87ea19b - default default] 10.0.20.23 "GET /v2.0/ports?tenant_id=007e7f1ed2554995b505b934dd328646&device_id=f14c2b46-9095-4307-a38c-260473ea3ec3 HTTP/1.1" status: 200  len: 1125 time: 0.1125059
2018-06-30 04:16:53.461 17862 DEBUG novaclient.v2.client [-] RESP: [200] Content-Length: 185 Content-Type: application/json Openstack-Api-Version: compute 2.1 X-Openstack-Nova-Api-Version: 2.1 Vary: OpenStack-API-Version, X-OpenStack-Nova-API-Version X-Openstack-Request-Id: req-c9414f8c-f548-4e5a-b490-1ec6fa950db7 X-Compute-Request-Id: req-c9414f8c-f548-4e5a-b490-1ec6fa950db7 Date: Sat, 30 Jun 2018 02:16:53 GMT Connection: keep-alive 
RESP BODY: {"events": [{"status": "completed", "tag": "32ff01b0-986a-448f-9f99-20638c11c3b5", "name": "network-vif-unplugged", "server_uuid": "0faa01a8-b219-4181-a755-0f19baaab418", "code": 200}]}
 _http_log_response /usr/lib/python2.7/site-packages/keystoneauth1/session.py:423
2018-06-30 04:16:53.462 17862 DEBUG novaclient.v2.client [-] POST call to compute for http://10.0.20.23:8774/v2.1/4340e242277144a39aad7507a87ea19b/os-server-external-events used request id req-c9414f8c-f548-4e5a-b490-1ec6fa950db7 request /usr/lib/python2.7/site-packages/keystoneauth1/session.py:727
2018-06-30 04:16:53.469 17862 INFO neutron.notifiers.nova [-] Nova event response: {u'status': u'completed', u'tag': u'32ff01b0-986a-448f-9f99-20638c11c3b5', u'name': u'network-vif-unplugged', u'server_uuid': u'0faa01a8-b219-4181-a755-0f19baaab418', u'code': 200}
2018-06-30 04:16:53.706 17861 DEBUG neutron_lib.callbacks.manager [req-4ce8ae93-9748-4911-b3d8-03735eb4f9d4 - - - - -] Notify callbacks ['neutron.services.segments.db._update_segment_host_mapping_for_agent-8756798935858'] for agent, after_update _notify_loop /usr/lib/python2.7/site-packages/neutron_lib/callbacks/manager.py:167
2018-06-30 04:16:53.920 17854 DEBUG neutron.pecan_wsgi.hooks.policy_enforcement [req-2f43c84e-1576-4c93-8a4c-814f1dfe3029 72eef6c8af39495084702b0217df08d6 4340e242277144a39aad7507a87ea19b - default default] Attributes excluded by policy engine: [u'vlan_transparent'] _exclude_attributes_by_policy /usr/lib/python2.7/site-packages/neutron/pecan_wsgi/hooks/policy_enforcement.py:256
2018-06-30 04:16:53.922 17854 INFO neutron.wsgi [req-2f43c84e-1576-4c93-8a4c-814f1dfe3029 72eef6c8af39495084702b0217df08d6 4340e242277144a39aad7507a87ea19b - default default] 10.0.20.23 "GET /v2.0/networks?id=27d015bc-8cdc-4cb5-ad0f-6c388c7b7d5e HTTP/1.1" status: 200  len: 888 time: 0.4635479
2018-06-30 04:16:53.968 17854 INFO neutron.wsgi [req-c15b043e-d77c-4d79-948d-65030b7eb020 72eef6c8af39495084702b0217df08d6 4340e242277144a39aad7507a87ea19b - default default] 10.0.20.23 "GET /v2.0/floatingips?fixed_ip_address=172.24.4.12&port_id=3bcb5505-8394-4288-9cf1-f80fb69834e3 HTTP/1.1" status: 200  len: 217 time: 0.0371909
2018-06-30 04:16:54.116 17854 DEBUG neutron.pecan_wsgi.hooks.policy_enforcement [req-0d84fa7e-6c8b-4e27-911a-ff44e2eb5986 72eef6c8af39495084702b0217df08d6 4340e242277144a39aad7507a87ea19b - default default] Attributes excluded by policy engine: [u'shared'] _exclude_attributes_by_policy /usr/lib/python2.7/site-packages/neutron/pecan_wsgi/hooks/policy_enforcement.py:256
2018-06-30 04:16:54.119 17854 INFO neutron.wsgi [req-0d84fa7e-6c8b-4e27-911a-ff44e2eb5986 72eef6c8af39495084702b0217df08d6 4340e242277144a39aad7507a87ea19b - default default] 10.0.20.23 "GET /v2.0/subnets?id=13c1b0d0-0ad2-44d1-9c10-321cd0119f52 HTTP/1.1" status: 200  len: 819 time: 0.1451600
2018-06-30 04:16:54.196 17854 INFO neutron.wsgi [req-a9e89bae-9244-4d98-8587-1bf3b7577f2c 72eef6c8af39495084702b0217df08d6 4340e242277144a39aad7507a87ea19b - default default] 10.0.20.23 "GET /v2.0/ports?network_id=27d015bc-8cdc-4cb5-ad0f-6c388c7b7d5e&device_owner=network%3Adhcp HTTP/1.1" status: 200  len: 210 time: 0.0717490
2018-06-30 04:16:55.470 17862 DEBUG oslo_concurrency.lockutils [-] Lock "notifier-fe1cddb6-0c30-42eb-a138-e127b7e3aee4" released by "neutron.notifiers.batch_notifier.synced_send" :: held 3.547s inner /usr/lib/python2.7/site-packages/oslo_concurrency/lockutils.py:282
2018-06-30 04:16:55.592 17857 INFO neutron.wsgi [req-ae55b25a-6419-4425-ae18-6c6feee5ea91 5f30a90b4ef3441e8fb3c373acdb4705 ebbfb6b9ee92405a9421d615805438a7 - 6a55db40a5da492092d9f786bc5ec775 6a55db40a5da492092d9f786bc5ec775] 10.0.20.23 "GET /v2.0/ports?device_id=0faa01a8-b219-4181-a755-0f19baaab418 HTTP/1.1" status: 200  len: 1122 time: 0.5018799
2018-06-30 04:16:55.703 17857 INFO neutron.wsgi [req-c96c9655-5caa-47b3-840d-b8245f674537 5f30a90b4ef3441e8fb3c373acdb4705 ebbfb6b9ee92405a9421d615805438a7 - 6a55db40a5da492092d9f786bc5ec775 6a55db40a5da492092d9f786bc5ec775] 10.0.20.23 "GET /v2.0/security-groups?id=3a73983a-d6bb-44c0-8966-51c9ed522802 HTTP/1.1" status: 200  len: 2118 time: 0.1043711
2018-06-30 04:16:56.948 17865 DEBUG neutron_lib.callbacks.manager [req-0069fc34-346a-41fa-9b9f-724240912623 - - - - -] Notify callbacks ['neutron.services.segments.db._update_segment_host_mapping_for_agent-8756798935858'] for agent, after_update _notify_loop /usr/lib/python2.7/site-packages/neutron_lib/callbacks/manager.py:167
2018-06-30 04:16:56.974 17867 DEBUG neutron_lib.callbacks.manager [req-51513e3d-3d4f-4dd7-9e15-b7e55e646988 - - - - -] Notify callbacks ['neutron.services.segments.db._update_segment_host_mapping_for_agent-8756798935858'] for agent, after_update _notify_loop /usr/lib/python2.7/site-packages/neutron_lib/callbacks/manager.py:167
2018-06-30 04:16:56.977 17862 DEBUG neutron_lib.callbacks.manager [req-6fca7c82-f8d2-401f-8924-5eb8e5fe8fda - - - - -] Notify callbacks ['neutron.services.segments.db._update_segment_host_mapping_for_agent-8756798935858'] for agent, after_update _notify_loop /usr/lib/python2.7/site-packages/neutron_lib/callbacks/manager.py:167
2018-06-30 04:16:57.778 17860 DEBUG neutron_lib.callbacks.manager [req-7367254d-2520-405b-9658-7040f8d235ee - - - - -] Notify callbacks ['neutron.services.segments.db._update_segment_host_mapping_for_agent-8756798935858'] for agent, after_update _notify_loop /usr/lib/python2.7/site-packages/neutron_lib/callbacks/manager.py:167
2018-06-30 04:16:59.753 17863 DEBUG neutron.plugins.ml2.rpc [req-4ce8ae93-9748-4911-b3d8-03735eb4f9d4 - - - - -] Device 32ff01b0-986a-448f-9f99-20638c11c3b5 up at agent ovs-agent-localhost.localdomain update_device_up /usr/lib/python2.7/site-packages/neutron/plugins/ml2/rpc.py:244
2018-06-30 04:16:59.922 17863 DEBUG neutron.db.provisioning_blocks [req-4ce8ae93-9748-4911-b3d8-03735eb4f9d4 - - - - -] Provisioning complete for port 32ff01b0-986a-448f-9f99-20638c11c3b5 triggered by entity L2. provisioning_complete /usr/lib/python2.7/site-packages/neutron/db/provisioning_blocks.py:138
2018-06-30 04:16:59.923 17863 DEBUG neutron_lib.callbacks.manager [req-4ce8ae93-9748-4911-b3d8-03735eb4f9d4 - - - - -] Notify callbacks ['neutron.plugins.ml2.plugin.Ml2Plugin._port_provisioned-902052'] for port, provisioning_complete _notify_loop /usr/lib/python2.7/site-packages/neutron_lib/callbacks/manager.py:167
2018-06-30 04:17:00.162 17863 DEBUG neutron_lib.callbacks.manager [req-4ce8ae93-9748-4911-b3d8-03735eb4f9d4 - - - - -] Notify callbacks ['neutron.plugins.ml2.plugin.Ml2Plugin._ensure_default_security_group_handler--9223372036854328728'] for port, before_update _notify_loop /usr/lib/python2.7/site-packages/neutron_lib/callbacks/manager.py:167
2018-06-30 04:17:00.241 17863 DEBUG oslo_concurrency.lockutils [-] Lock "notifier-fe1cddb6-0c30-42eb-a138-e127b7e3aee4" acquired by "neutron.notifiers.batch_notifier.synced_send" :: waited 0.000s inner /usr/lib/python2.7/site-packages/oslo_concurrency/lockutils.py:270
2018-06-30 04:17:00.242 17863 DEBUG neutron.notifiers.nova [-] Sending events: [{'status': 'completed', 'tag': u'32ff01b0-986a-448f-9f99-20638c11c3b5', 'name': 'network-vif-plugged', 'server_uuid': u'0faa01a8-b219-4181-a755-0f19baaab418'}] send_events /usr/lib/python2.7/site-packages/neutron/notifiers/nova.py:242
2018-06-30 04:17:00.246 17863 DEBUG novaclient.v2.client [-] REQ: curl -g -i -X POST http://10.0.20.23:8774/v2.1/4340e242277144a39aad7507a87ea19b/os-server-external-events -H "User-Agent: python-novaclient" -H "Content-Type: application/json" -H "Accept: application/json" -H "X-OpenStack-Nova-API-Version: 2.1" -H "X-Auth-Token: {SHA1}53aece98e285f8e19fc2791ddfd92459f2ca5457" -d '{"events": [{"status": "completed", "tag": "32ff01b0-986a-448f-9f99-20638c11c3b5", "name": "network-vif-plugged", "server_uuid": "0faa01a8-b219-4181-a755-0f19baaab418"}]}' _http_log_request /usr/lib/python2.7/site-packages/keystoneauth1/session.py:375
2018-06-30 04:17:00.250 17863 DEBUG neutron.plugins.ml2.db [req-4ce8ae93-9748-4911-b3d8-03735eb4f9d4 - - - - -] For port 32ff01b0-986a-448f-9f99-20638c11c3b5, host localhost.localdomain, got binding levels [<neutron.plugins.ml2.models.PortBindingLevel[object at 7f6d9d216ed0] {port_id=u'32ff01b0-986a-448f-9f99-20638c11c3b5', host=u'localhost.localdomain', level=0, driver=u'openvswitch', segment_id=u'9eb825f8-a8f5-4bed-94d7-6d498cf71f7e'}>] get_binding_levels /usr/lib/python2.7/site-packages/neutron/plugins/ml2/db.py:106
2018-06-30 04:17:00.260 17863 DEBUG neutron_lib.callbacks.manager [req-4ce8ae93-9748-4911-b3d8-03735eb4f9d4 - - - - -] Notify callbacks ['neutron.plugins.ml2.plugin.Ml2Plugin.notify_sg_on_port_change-447189', 'neutron.api.rpc.agentnotifiers.dhcp_rpc_agent_api.DhcpAgentNotifyAPI._native_event_send_dhcp_notification-3562519', 'neutron.plugins.ml2.ovo_rpc._ObjectChangeHandler.handle_event-3781166', 'neutron.db.l3_hascheduler_db._notify_l3_agent_ha_port_update--9223363280056206565', 'neutron.db.l3_dvrscheduler_db._notify_l3_agent_port_update-8756798573512'] for port, after_update _notify_loop /usr/lib/python2.7/site-packages/neutron_lib/callbacks/manager.py:167
2018-06-30 04:17:00.289 17863 DEBUG oslo_concurrency.lockutils [-] Lock "event-dispatch" acquired by "neutron.plugins.ml2.ovo_rpc.dispatch_events" :: waited 0.000s inner /usr/lib/python2.7/site-packages/oslo_concurrency/lockutils.py:270
2018-06-30 04:17:00.488 17863 DEBUG neutron.api.rpc.handlers.resources_rpc [req-4ce8ae93-9748-4911-b3d8-03735eb4f9d4 - - - - -] neutron.api.rpc.handlers.resources_rpc.ResourcesPushRpcApi method push called with arguments (<neutron_lib.context.Context object at 0x7f6d9d2be7d0>, [Port(admin_state_up=True,allowed_address_pairs=[],binding=PortBinding,binding_levels=[PortBindingLevel],created_at=2018-06-30T02:13:53Z,data_plane_status=<?>,description='',device_id='0faa01a8-b219-4181-a755-0f19baaab418',device_owner='compute:nova',dhcp_options=[],distributed_binding=None,dns=None,fixed_ips=[IPAllocation],id=32ff01b0-986a-448f-9f99-20638c11c3b5,mac_address=fa:16:3e:a9:ce:d2,name='',network_id=e23ee5c2-a162-42b9-a5ad-30fefc88ffbe,project_id='ebbfb6b9ee92405a9421d615805438a7',qos_policy_id=None,revision_number=8,security=PortSecurity(32ff01b0-986a-448f-9f99-20638c11c3b5),security_group_ids=set([3a73983a-d6bb-44c0-8966-51c9ed522802]),status='ACTIVE',updated_at=2018-06-30T02:17:00Z)], 'updated') {} wrapper /usr/lib/python2.7/site-packages/oslo_log/helpers.py:66
2018-06-30 04:17:00.507 17863 DEBUG neutron.api.rpc.callbacks.version_manager [req-4ce8ae93-9748-4911-b3d8-03735eb4f9d4 - - - - -] Version for resource type Subnet changed None to 1.0 on consumer Open vSwitch agent@localhost.localdomain _set_version /usr/lib/python2.7/site-packages/neutron/api/rpc/callbacks/version_manager.py:119
2018-06-30 04:17:00.508 17863 DEBUG neutron.api.rpc.callbacks.version_manager [req-4ce8ae93-9748-4911-b3d8-03735eb4f9d4 - - - - -] Version for resource type Network changed None to 1.0 on consumer Open vSwitch agent@localhost.localdomain _set_version /usr/lib/python2.7/site-packages/neutron/api/rpc/callbacks/version_manager.py:119
2018-06-30 04:17:00.509 17863 DEBUG neutron.api.rpc.callbacks.version_manager [req-4ce8ae93-9748-4911-b3d8-03735eb4f9d4 - - - - -] Version for resource type SubPort changed None to 1.0 on consumer Open vSwitch agent@localhost.localdomain _set_version /usr/lib/python2.7/site-packages/neutron/api/rpc/callbacks/version_manager.py:119
2018-06-30 04:17:00.509 17863 DEBUG neutron.api.rpc.callbacks.version_manager [req-4ce8ae93-9748-4911-b3d8-03735eb4f9d4 - - - - -] Version for resource type SecurityGroup changed None to 1.0 on consumer Open vSwitch agent@localhost.localdomain _set_version /usr/lib/python2.7/site-packages/neutron/api/rpc/callbacks/version_manager.py:119
2018-06-30 04:17:00.510 17863 DEBUG neutron.api.rpc.callbacks.version_manager [req-4ce8ae93-9748-4911-b3d8-03735eb4f9d4 - - - - -] Version for resource type SecurityGroupRule changed None to 1.0 on consumer Open vSwitch agent@localhost.localdomain _set_version /usr/lib/python2.7/site-packages/neutron/api/rpc/callbacks/version_manager.py:119
2018-06-30 04:17:00.511 17863 DEBUG neutron.api.rpc.callbacks.version_manager [req-4ce8ae93-9748-4911-b3d8-03735eb4f9d4 - - - - -] Version for resource type Trunk changed None to 1.1 on consumer Open vSwitch agent@localhost.localdomain _set_version /usr/lib/python2.7/site-packages/neutron/api/rpc/callbacks/version_manager.py:119
2018-06-30 04:17:00.511 17863 DEBUG neutron.api.rpc.callbacks.version_manager [req-4ce8ae93-9748-4911-b3d8-03735eb4f9d4 - - - - -] Version for resource type QosPolicy changed None to 1.6 on consumer Open vSwitch agent@localhost.localdomain _set_version /usr/lib/python2.7/site-packages/neutron/api/rpc/callbacks/version_manager.py:119
2018-06-30 04:17:00.512 17863 DEBUG neutron.api.rpc.callbacks.version_manager [req-4ce8ae93-9748-4911-b3d8-03735eb4f9d4 - - - - -] Version for resource type Port changed None to 1.1 on consumer Open vSwitch agent@localhost.localdomain _set_version /usr/lib/python2.7/site-packages/neutron/api/rpc/callbacks/version_manager.py:119
2018-06-30 04:17:00.513 17863 DEBUG neutron.api.rpc.callbacks.version_manager [req-4ce8ae93-9748-4911-b3d8-03735eb4f9d4 - - - - -] Version for resource type Log changed None to 1.0 on consumer Open vSwitch agent@localhost.localdomain _set_version /usr/lib/python2.7/site-packages/neutron/api/rpc/callbacks/version_manager.py:119
2018-06-30 04:17:00.535 17863 DEBUG oslo_concurrency.lockutils [req-4ce8ae93-9748-4911-b3d8-03735eb4f9d4 - - - - -] Lock "event-dispatch" released by "neutron.plugins.ml2.ovo_rpc.dispatch_events" :: held 0.246s inner /usr/lib/python2.7/site-packages/oslo_concurrency/lockutils.py:282
2018-06-30 04:17:00.922 17863 DEBUG novaclient.v2.client [-] RESP: [200] Content-Length: 183 Content-Type: application/json Openstack-Api-Version: compute 2.1 X-Openstack-Nova-Api-Version: 2.1 Vary: OpenStack-API-Version, X-OpenStack-Nova-API-Version X-Openstack-Request-Id: req-178198a7-d4c0-4556-8da3-3aa220674aca X-Compute-Request-Id: req-178198a7-d4c0-4556-8da3-3aa220674aca Date: Sat, 30 Jun 2018 02:17:00 GMT Connection: keep-alive 
RESP BODY: {"events": [{"status": "completed", "tag": "32ff01b0-986a-448f-9f99-20638c11c3b5", "name": "network-vif-plugged", "server_uuid": "0faa01a8-b219-4181-a755-0f19baaab418", "code": 200}]}
 _http_log_response /usr/lib/python2.7/site-packages/keystoneauth1/session.py:423
2018-06-30 04:17:00.923 17863 DEBUG novaclient.v2.client [-] POST call to compute for http://10.0.20.23:8774/v2.1/4340e242277144a39aad7507a87ea19b/os-server-external-events used request id req-178198a7-d4c0-4556-8da3-3aa220674aca request /usr/lib/python2.7/site-packages/keystoneauth1/session.py:727
2018-06-30 04:17:00.933 17863 INFO neutron.notifiers.nova [-] Nova event response: {u'status': u'completed', u'tag': u'32ff01b0-986a-448f-9f99-20638c11c3b5', u'name': u'network-vif-plugged', u'server_uuid': u'0faa01a8-b219-4181-a755-0f19baaab418', u'code': 200}
2018-06-30 04:17:01.677 17866 DEBUG neutron.plugins.ml2.rpc [req-4ce8ae93-9748-4911-b3d8-03735eb4f9d4 - - - - -] Device 32ff01b0-986a-448f-9f99-20638c11c3b5 up at agent ovs-agent-localhost.localdomain update_device_up /usr/lib/python2.7/site-packages/neutron/plugins/ml2/rpc.py:244
2018-06-30 04:17:01.879 17866 DEBUG neutron.db.provisioning_blocks [req-4ce8ae93-9748-4911-b3d8-03735eb4f9d4 - - - - -] Provisioning complete for port 32ff01b0-986a-448f-9f99-20638c11c3b5 triggered by entity L2. provisioning_complete /usr/lib/python2.7/site-packages/neutron/db/provisioning_blocks.py:138
2018-06-30 04:17:01.880 17866 DEBUG neutron_lib.callbacks.manager [req-4ce8ae93-9748-4911-b3d8-03735eb4f9d4 - - - - -] Notify callbacks ['neutron.plugins.ml2.plugin.Ml2Plugin._port_provisioned-902052'] for port, provisioning_complete _notify_loop /usr/lib/python2.7/site-packages/neutron_lib/callbacks/manager.py:167
2018-06-30 04:17:02.934 17863 DEBUG oslo_concurrency.lockutils [-] Lock "notifier-fe1cddb6-0c30-42eb-a138-e127b7e3aee4" released by "neutron.notifiers.batch_notifier.synced_send" :: held 2.693s inner /usr/lib/python2.7/site-packages/oslo_concurrency/lockutils.py:282
2018-06-30 04:17:05.627 17868 DEBUG neutron.db.agents_db [req-160ed840-9940-4f6f-9406-b6f7d951e85e - - - - -] Agent healthcheck: found 5 active agents agent_health_check /usr/lib/python2.7/site-packages/neutron/db/agents_db.py:281
2018-06-30 04:17:07.096 17854 INFO neutron.wsgi [req-63b9cf03-c6ce-4e5e-8b30-98b530ef3920 5f30a90b4ef3441e8fb3c373acdb4705 ebbfb6b9ee92405a9421d615805438a7 - 6a55db40a5da492092d9f786bc5ec775 6a55db40a5da492092d9f786bc5ec775] 10.0.20.23 "GET /v2.0/ports?device_id=0faa01a8-b219-4181-a755-0f19baaab418 HTTP/1.1" status: 200  len: 1124 time: 0.8974771
2018-06-30 04:17:07.268 17854 INFO neutron.wsgi [req-a3748e6d-51e1-43f1-a4f5-f0557e0d70d0 5f30a90b4ef3441e8fb3c373acdb4705 ebbfb6b9ee92405a9421d615805438a7 - 6a55db40a5da492092d9f786bc5ec775 6a55db40a5da492092d9f786bc5ec775] 10.0.20.23 "GET /v2.0/security-groups?id=3a73983a-d6bb-44c0-8966-51c9ed522802 HTTP/1.1" status: 200  len: 2118 time: 0.1630650
2018-06-30 04:17:23.701 17864 DEBUG neutron_lib.callbacks.manager [req-4ce8ae93-9748-4911-b3d8-03735eb4f9d4 - - - - -] Notify callbacks ['neutron.services.segments.db._update_segment_host_mapping_for_agent-8756798935858'] for agent, after_update _notify_loop /usr/lib/python2.7/site-packages/neutron_lib/callbacks/manager.py:167
2018-06-30 04:17:26.536 17857 INFO neutron.wsgi [req-3f4e3a09-feb4-4886-98ba-91bcd4c67818 72eef6c8af39495084702b0217df08d6 4340e242277144a39aad7507a87ea19b - default default] 10.0.20.23 "GET /v2.0/ports?device_id=0faa01a8-b219-4181-a755-0f19baaab418 HTTP/1.1" status: 200  len: 1124 time: 0.1255589
2018-06-30 04:17:26.650 17857 INFO neutron.wsgi [req-49d55f0b-78f6-4dad-bab5-367728cc6178 72eef6c8af39495084702b0217df08d6 4340e242277144a39aad7507a87ea19b - default default] 10.0.20.23 "GET /v2.0/security-groups?id=3a73983a-d6bb-44c0-8966-51c9ed522802 HTTP/1.1" status: 200  len: 2118 time: 0.1081131
2018-06-30 04:17:26.958 17866 DEBUG neutron_lib.callbacks.manager [req-0069fc34-346a-41fa-9b9f-724240912623 - - - - -] Notify callbacks ['neutron.services.segments.db._update_segment_host_mapping_for_agent-8756798935858'] for agent, after_update _notify_loop /usr/lib/python2.7/site-packages/neutron_lib/callbacks/manager.py:167
2018-06-30 04:17:26.981 17863 DEBUG neutron_lib.callbacks.manager [req-51513e3d-3d4f-4dd7-9e15-b7e55e646988 - - - - -] Notify callbacks ['neutron.services.segments.db._update_segment_host_mapping_for_agent-8756798935858'] for agent, after_update _notify_loop /usr/lib/python2.7/site-packages/neutron_lib/callbacks/manager.py:167
2018-06-30 04:17:26.990 17859 DEBUG neutron_lib.callbacks.manager [req-222f16c8-4a0f-4ecb-88dc-cbb0e850105c - - - - -] Notify callbacks ['neutron.services.segments.db._update_segment_host_mapping_for_agent-8756798935858'] for agent, after_update _notify_loop /usr/lib/python2.7/site-packages/neutron_lib/callbacks/manager.py:167
2018-06-30 04:17:27.658 17854 INFO neutron.wsgi [req-783cc1b0-7c3c-48d4-9e29-3690edb16d93 72eef6c8af39495084702b0217df08d6 4340e242277144a39aad7507a87ea19b - default default] 10.0.20.23 "GET /v2.0/ports?device_id=0faa01a8-b219-4181-a755-0f19baaab418 HTTP/1.1" status: 200  len: 1124 time: 0.5371881
2018-06-30 04:17:27.778 17861 DEBUG neutron_lib.callbacks.manager [req-9c1053d2-05d0-4de7-a82b-57f98f7f95cd - - - - -] Notify callbacks ['neutron.services.segments.db._update_segment_host_mapping_for_agent-8756798935858'] for agent, after_update _notify_loop /usr/lib/python2.7/site-packages/neutron_lib/callbacks/manager.py:167
2018-06-30 04:17:27.781 17854 INFO neutron.wsgi [req-6d307420-d354-4065-85a5-0c68759668a5 72eef6c8af39495084702b0217df08d6 4340e242277144a39aad7507a87ea19b - default default] 10.0.20.23 "GET /v2.0/security-groups?id=3a73983a-d6bb-44c0-8966-51c9ed522802 HTTP/1.1" status: 200  len: 2118 time: 0.1176338
2018-06-30 04:17:29.079 17851 INFO neutron.wsgi [req-df3d04c2-6b8a-48ee-88c5-19dc1b66273e 72eef6c8af39495084702b0217df08d6 4340e242277144a39aad7507a87ea19b - default default] 10.0.20.23 "GET /v2.0/ports?device_id=0faa01a8-b219-4181-a755-0f19baaab418 HTTP/1.1" status: 200  len: 1124 time: 0.6346569
2018-06-30 04:17:29.227 17851 INFO neutron.wsgi [req-de83b24e-2a96-41c6-b908-30148aef7724 72eef6c8af39495084702b0217df08d6 4340e242277144a39aad7507a87ea19b - default default] 10.0.20.23 "GET /v2.0/security-groups?id=3a73983a-d6bb-44c0-8966-51c9ed522802 HTTP/1.1" status: 200  len: 2118 time: 0.1366558
2018-06-30 04:17:30.360 17858 INFO neutron.wsgi [req-8fcbfa54-812d-47e6-a78b-9713ed2c5953 72eef6c8af39495084702b0217df08d6 4340e242277144a39aad7507a87ea19b - default default] 10.0.20.23 "GET /v2.0/ports?device_id=0faa01a8-b219-4181-a755-0f19baaab418 HTTP/1.1" status: 200  len: 1124 time: 0.1094930
2018-06-30 04:17:30.491 17858 INFO neutron.wsgi [req-790b29fe-d27c-4ae7-9279-52b5565f2144 72eef6c8af39495084702b0217df08d6 4340e242277144a39aad7507a87ea19b - default default] 10.0.20.23 "GET /v2.0/security-groups?id=3a73983a-d6bb-44c0-8966-51c9ed522802 HTTP/1.1" status: 200  len: 2118 time: 0.1248882
2018-06-30 04:17:31.935 17855 INFO neutron.wsgi [req-2bf1c256-b794-4020-bbd2-5c15337d0dec 72eef6c8af39495084702b0217df08d6 4340e242277144a39aad7507a87ea19b - default default] 10.0.20.23 "GET /v2.0/ports?device_id=0faa01a8-b219-4181-a755-0f19baaab418 HTTP/1.1" status: 200  len: 1124 time: 0.5171058
2018-06-30 04:17:32.049 17855 INFO neutron.wsgi [req-212e2a53-7ded-4524-9d87-debb16344ca2 72eef6c8af39495084702b0217df08d6 4340e242277144a39aad7507a87ea19b - default default] 10.0.20.23 "GET /v2.0/security-groups?id=3a73983a-d6bb-44c0-8966-51c9ed522802 HTTP/1.1" status: 200  len: 2118 time: 0.1055479
2018-06-30 04:17:32.780 17855 INFO neutron.wsgi [req-7eb5af0b-1bcb-4abf-a76e-bfb36d5e74cf 72eef6c8af39495084702b0217df08d6 4340e242277144a39aad7507a87ea19b - default default] 10.0.20.23 "GET /v2.0/ports?device_id=0faa01a8-b219-4181-a755-0f19baaab418 HTTP/1.1" status: 200  len: 1124 time: 0.1229260
2018-06-30 04:17:32.885 17855 INFO neutron.wsgi [req-c1aae8ad-56c0-4da3-ac6c-b11912a2e557 72eef6c8af39495084702b0217df08d6 4340e242277144a39aad7507a87ea19b - default default] 10.0.20.23 "GET /v2.0/security-groups?id=3a73983a-d6bb-44c0-8966-51c9ed522802 HTTP/1.1" status: 200  len: 2118 time: 0.0975900
2018-06-30 04:17:42.603 17868 DEBUG neutron.db.agents_db [req-160ed840-9940-4f6f-9406-b6f7d951e85e - - - - -] Agent healthcheck: found 5 active agents agent_health_check /usr/lib/python2.7/site-packages/neutron/db/agents_db.py:281
2018-06-30 04:17:53.682 17865 DEBUG neutron_lib.callbacks.manager [req-4ce8ae93-9748-4911-b3d8-03735eb4f9d4 - - - - -] Notify callbacks ['neutron.services.segments.db._update_segment_host_mapping_for_agent-8756798935858'] for agent, after_update _notify_loop /usr/lib/python2.7/site-packages/neutron_lib/callbacks/manager.py:167
2018-06-30 04:17:55.506 17854 INFO neutron.wsgi [req-4ca319c1-7f5e-4721-940b-c08a8bad0ac8 72eef6c8af39495084702b0217df08d6 4340e242277144a39aad7507a87ea19b - default default] 10.0.20.23 "GET /v2.0/ports?tenant_id=ebbfb6b9ee92405a9421d615805438a7&device_id=0faa01a8-b219-4181-a755-0f19baaab418 HTTP/1.1" status: 200  len: 1124 time: 0.1924319
2018-06-30 04:17:55.526 17853 DEBUG neutron.wsgi [-] (17853) accepted ('10.0.20.23', 55386) server /usr/lib/python2.7/site-packages/eventlet/wsgi.py:883
2018-06-30 04:17:55.534 17853 INFO neutron.wsgi [-] 10.0.20.23 "GET / HTTP/1.1" status: 200  len: 252 time: 0.0032020
2018-06-30 04:17:55.806 17854 DEBUG neutron.pecan_wsgi.hooks.policy_enforcement [req-5eb2faef-e788-49dc-8d9c-9a44746c20f5 72eef6c8af39495084702b0217df08d6 4340e242277144a39aad7507a87ea19b - default default] Attributes excluded by policy engine: [u'vlan_transparent'] _exclude_attributes_by_policy /usr/lib/python2.7/site-packages/neutron/pecan_wsgi/hooks/policy_enforcement.py:256
2018-06-30 04:17:55.809 17854 INFO neutron.wsgi [req-5eb2faef-e788-49dc-8d9c-9a44746c20f5 72eef6c8af39495084702b0217df08d6 4340e242277144a39aad7507a87ea19b - default default] 10.0.20.23 "GET /v2.0/networks?id=e23ee5c2-a162-42b9-a5ad-30fefc88ffbe HTTP/1.1" status: 200  len: 885 time: 0.2928710
2018-06-30 04:17:55.875 17854 INFO neutron.wsgi [req-c47f9b8d-0346-484e-9247-d8daebcf6af2 72eef6c8af39495084702b0217df08d6 4340e242277144a39aad7507a87ea19b - default default] 10.0.20.23 "GET /v2.0/floatingips?fixed_ip_address=11.135.1.4&port_id=32ff01b0-986a-448f-9f99-20638c11c3b5 HTTP/1.1" status: 200  len: 750 time: 0.0555081
2018-06-30 04:17:56.047 17854 DEBUG neutron.pecan_wsgi.hooks.policy_enforcement [req-4cfc88ff-dc2d-4d98-9426-011a2fe1d5e1 72eef6c8af39495084702b0217df08d6 4340e242277144a39aad7507a87ea19b - default default] Attributes excluded by policy engine: [u'shared'] _exclude_attributes_by_policy /usr/lib/python2.7/site-packages/neutron/pecan_wsgi/hooks/policy_enforcement.py:256
2018-06-30 04:17:56.051 17854 INFO neutron.wsgi [req-4cfc88ff-dc2d-4d98-9426-011a2fe1d5e1 72eef6c8af39495084702b0217df08d6 4340e242277144a39aad7507a87ea19b - default default] 10.0.20.23 "GET /v2.0/subnets?id=e5b9879b-c5f5-434c-847b-f0918346edd2 HTTP/1.1" status: 200  len: 847 time: 0.1632991
2018-06-30 04:17:56.160 17853 INFO neutron.api.v2.resource [req-636cc8e6-be91-4bab-9029-a2f3f3927150 5f30a90b4ef3441e8fb3c373acdb4705 ebbfb6b9ee92405a9421d615805438a7 - 6a55db40a5da492092d9f786bc5ec775 6a55db40a5da492092d9f786bc5ec775] show failed (client error): The resource could not be found.
2018-06-30 04:17:56.162 17853 INFO neutron.wsgi [req-636cc8e6-be91-4bab-9029-a2f3f3927150 5f30a90b4ef3441e8fb3c373acdb4705 ebbfb6b9ee92405a9421d615805438a7 - 6a55db40a5da492092d9f786bc5ec775 6a55db40a5da492092d9f786bc5ec775] 10.0.20.23 "GET /v2.0/floatingips/172.24.4.8 HTTP/1.1" status: 404  len: 325 time: 0.6194730
2018-06-30 04:17:56.208 17854 INFO neutron.wsgi [req-0a9aa7e2-65b2-4a87-be30-e240e22cfbc8 72eef6c8af39495084702b0217df08d6 4340e242277144a39aad7507a87ea19b - default default] 10.0.20.23 "GET /v2.0/ports?network_id=e23ee5c2-a162-42b9-a5ad-30fefc88ffbe&device_owner=network%3Adhcp HTTP/1.1" status: 200  len: 1128 time: 0.1489792
2018-06-30 04:17:56.219 17853 INFO neutron.wsgi [req-434f4d35-73ec-41b9-a752-7ca84abfc401 5f30a90b4ef3441e8fb3c373acdb4705 ebbfb6b9ee92405a9421d615805438a7 - 6a55db40a5da492092d9f786bc5ec775 6a55db40a5da492092d9f786bc5ec775] 10.0.20.23 "GET /v2.0/floatingips HTTP/1.1" status: 200  len: 1207 time: 0.0510211
2018-06-30 04:17:56.317 17853 DEBUG neutron.plugins.ml2.plugin [req-7e246031-fa07-4ad2-ab72-62f597e29cab 5f30a90b4ef3441e8fb3c373acdb4705 ebbfb6b9ee92405a9421d615805438a7 - 6a55db40a5da492092d9f786bc5ec775 6a55db40a5da492092d9f786bc5ec775] Deleting port a0a2fb05-39f2-4a0c-baa1-7909d2a45444 _pre_delete_port /usr/lib/python2.7/site-packages/neutron/plugins/ml2/plugin.py:1488
2018-06-30 04:17:56.318 17853 DEBUG neutron_lib.callbacks.manager [req-7e246031-fa07-4ad2-ab72-62f597e29cab 5f30a90b4ef3441e8fb3c373acdb4705 ebbfb6b9ee92405a9421d615805438a7 - 6a55db40a5da492092d9f786bc5ec775 6a55db40a5da492092d9f786bc5ec775] Notify callbacks ['neutron.db.l3_db._prevent_l3_port_delete_callback-8756799135718'] for port, before_delete _notify_loop /usr/lib/python2.7/site-packages/neutron_lib/callbacks/manager.py:167
2018-06-30 04:17:56.945 17853 DEBUG neutron.plugins.ml2.plugin [req-7e246031-fa07-4ad2-ab72-62f597e29cab 5f30a90b4ef3441e8fb3c373acdb4705 ebbfb6b9ee92405a9421d615805438a7 - 6a55db40a5da492092d9f786bc5ec775 6a55db40a5da492092d9f786bc5ec775] Calling delete_port for a0a2fb05-39f2-4a0c-baa1-7909d2a45444 owned by network:floatingip delete_port /usr/lib/python2.7/site-packages/neutron/plugins/ml2/plugin.py:1547
2018-06-30 04:17:56.960 17867 DEBUG neutron_lib.callbacks.manager [req-0069fc34-346a-41fa-9b9f-724240912623 - - - - -] Notify callbacks ['neutron.services.segments.db._update_segment_host_mapping_for_agent-8756798935858'] for agent, after_update _notify_loop /usr/lib/python2.7/site-packages/neutron_lib/callbacks/manager.py:167
2018-06-30 04:17:56.984 17862 DEBUG neutron_lib.callbacks.manager [req-51513e3d-3d4f-4dd7-9e15-b7e55e646988 - - - - -] Notify callbacks ['neutron.services.segments.db._update_segment_host_mapping_for_agent-8756798935858'] for agent, after_update _notify_loop /usr/lib/python2.7/site-packages/neutron_lib/callbacks/manager.py:167
2018-06-30 04:17:56.998 17860 DEBUG neutron_lib.callbacks.manager [req-b0df769a-8ecc-4df8-ab45-0079bd6085c3 - - - - -] Notify callbacks ['neutron.services.segments.db._update_segment_host_mapping_for_agent-8756798935858'] for agent, after_update _notify_loop /usr/lib/python2.7/site-packages/neutron_lib/callbacks/manager.py:167
2018-06-30 04:17:57.333 17853 DEBUG neutron_lib.callbacks.manager [req-7e246031-fa07-4ad2-ab72-62f597e29cab 5f30a90b4ef3441e8fb3c373acdb4705 ebbfb6b9ee92405a9421d615805438a7 - 6a55db40a5da492092d9f786bc5ec775 6a55db40a5da492092d9f786bc5ec775] Notify callbacks ['neutron.plugins.ml2.plugin.Ml2Plugin.notify_sg_on_port_change-447189', 'neutron.api.rpc.agentnotifiers.dhcp_rpc_agent_api.DhcpAgentNotifyAPI._native_event_send_dhcp_notification-3562519', 'neutron.db.l3_db._notify_routers_callback--9223363280055662144', 'neutron.plugins.ml2.ovo_rpc._ObjectChangeHandler.handle_event-3781166', 'neutron.db.l3_dvrscheduler_db._notify_port_delete--9223363280056202304'] for port, after_delete _notify_loop /usr/lib/python2.7/site-packages/neutron_lib/callbacks/manager.py:167
2018-06-30 04:17:57.603 17853 DEBUG oslo_concurrency.lockutils [-] Lock "event-dispatch" acquired by "neutron.plugins.ml2.ovo_rpc.dispatch_events" :: waited 0.000s inner /usr/lib/python2.7/site-packages/oslo_concurrency/lockutils.py:270
2018-06-30 04:17:57.705 17853 DEBUG neutron.api.rpc.handlers.resources_rpc [req-7e246031-fa07-4ad2-ab72-62f597e29cab 5f30a90b4ef3441e8fb3c373acdb4705 ebbfb6b9ee92405a9421d615805438a7 - - -] neutron.api.rpc.handlers.resources_rpc.ResourcesPushRpcApi method push called with arguments (<neutron_lib.context.Context object at 0x7f6d9cf997d0>, [Port(admin_state_up=<?>,allowed_address_pairs=<?>,binding=<?>,binding_levels=<?>,created_at=<?>,data_plane_status=<?>,description=<?>,device_id=<?>,device_owner=<?>,dhcp_options=<?>,distributed_binding=<?>,dns=<?>,fixed_ips=<?>,id=a0a2fb05-39f2-4a0c-baa1-7909d2a45444,mac_address=<?>,name=<?>,network_id=<?>,project_id=<?>,qos_policy_id=None,revision_number=<?>,security=<?>,security_group_ids=None,status=<?>,updated_at=<?>)], 'deleted') {} wrapper /usr/lib/python2.7/site-packages/oslo_log/helpers.py:66
2018-06-30 04:17:57.790 17864 DEBUG neutron_lib.callbacks.manager [req-2b09c20a-3952-44ad-bd8c-c32278e9e0b1 - - - - -] Notify callbacks ['neutron.services.segments.db._update_segment_host_mapping_for_agent-8756798935858'] for agent, after_update _notify_loop /usr/lib/python2.7/site-packages/neutron_lib/callbacks/manager.py:167
2018-06-30 04:17:57.810 17853 DEBUG neutron.api.rpc.callbacks.version_manager [req-7e246031-fa07-4ad2-ab72-62f597e29cab 5f30a90b4ef3441e8fb3c373acdb4705 ebbfb6b9ee92405a9421d615805438a7 - - -] Version for resource type Subnet changed None to 1.0 on consumer Open vSwitch agent@localhost.localdomain _set_version /usr/lib/python2.7/site-packages/neutron/api/rpc/callbacks/version_manager.py:119
2018-06-30 04:17:57.811 17853 DEBUG neutron.api.rpc.callbacks.version_manager [req-7e246031-fa07-4ad2-ab72-62f597e29cab 5f30a90b4ef3441e8fb3c373acdb4705 ebbfb6b9ee92405a9421d615805438a7 - - -] Version for resource type Network changed None to 1.0 on consumer Open vSwitch agent@localhost.localdomain _set_version /usr/lib/python2.7/site-packages/neutron/api/rpc/callbacks/version_manager.py:119
2018-06-30 04:17:57.811 17853 DEBUG neutron.api.rpc.callbacks.version_manager [req-7e246031-fa07-4ad2-ab72-62f597e29cab 5f30a90b4ef3441e8fb3c373acdb4705 ebbfb6b9ee92405a9421d615805438a7 - - -] Version for resource type SubPort changed None to 1.0 on consumer Open vSwitch agent@localhost.localdomain _set_version /usr/lib/python2.7/site-packages/neutron/api/rpc/callbacks/version_manager.py:119
2018-06-30 04:17:57.812 17853 DEBUG neutron.api.rpc.callbacks.version_manager [req-7e246031-fa07-4ad2-ab72-62f597e29cab 5f30a90b4ef3441e8fb3c373acdb4705 ebbfb6b9ee92405a9421d615805438a7 - - -] Version for resource type SecurityGroup changed None to 1.0 on consumer Open vSwitch agent@localhost.localdomain _set_version /usr/lib/python2.7/site-packages/neutron/api/rpc/callbacks/version_manager.py:119
2018-06-30 04:17:57.813 17853 DEBUG neutron.api.rpc.callbacks.version_manager [req-7e246031-fa07-4ad2-ab72-62f597e29cab 5f30a90b4ef3441e8fb3c373acdb4705 ebbfb6b9ee92405a9421d615805438a7 - - -] Version for resource type SecurityGroupRule changed None to 1.0 on consumer Open vSwitch agent@localhost.localdomain _set_version /usr/lib/python2.7/site-packages/neutron/api/rpc/callbacks/version_manager.py:119
2018-06-30 04:17:57.814 17853 DEBUG neutron.api.rpc.callbacks.version_manager [req-7e246031-fa07-4ad2-ab72-62f597e29cab 5f30a90b4ef3441e8fb3c373acdb4705 ebbfb6b9ee92405a9421d615805438a7 - - -] Version for resource type Trunk changed None to 1.1 on consumer Open vSwitch agent@localhost.localdomain _set_version /usr/lib/python2.7/site-packages/neutron/api/rpc/callbacks/version_manager.py:119
2018-06-30 04:17:57.814 17853 DEBUG neutron.api.rpc.callbacks.version_manager [req-7e246031-fa07-4ad2-ab72-62f597e29cab 5f30a90b4ef3441e8fb3c373acdb4705 ebbfb6b9ee92405a9421d615805438a7 - - -] Version for resource type QosPolicy changed None to 1.6 on consumer Open vSwitch agent@localhost.localdomain _set_version /usr/lib/python2.7/site-packages/neutron/api/rpc/callbacks/version_manager.py:119
2018-06-30 04:17:57.815 17853 DEBUG neutron.api.rpc.callbacks.version_manager [req-7e246031-fa07-4ad2-ab72-62f597e29cab 5f30a90b4ef3441e8fb3c373acdb4705 ebbfb6b9ee92405a9421d615805438a7 - - -] Version for resource type Port changed None to 1.1 on consumer Open vSwitch agent@localhost.localdomain _set_version /usr/lib/python2.7/site-packages/neutron/api/rpc/callbacks/version_manager.py:119
2018-06-30 04:17:57.816 17853 DEBUG neutron.api.rpc.callbacks.version_manager [req-7e246031-fa07-4ad2-ab72-62f597e29cab 5f30a90b4ef3441e8fb3c373acdb4705 ebbfb6b9ee92405a9421d615805438a7 - - -] Version for resource type Log changed None to 1.0 on consumer Open vSwitch agent@localhost.localdomain _set_version /usr/lib/python2.7/site-packages/neutron/api/rpc/callbacks/version_manager.py:119
2018-06-30 04:17:57.835 17853 DEBUG oslo_concurrency.lockutils [req-7e246031-fa07-4ad2-ab72-62f597e29cab 5f30a90b4ef3441e8fb3c373acdb4705 ebbfb6b9ee92405a9421d615805438a7 - - -] Lock "event-dispatch" released by "neutron.plugins.ml2.ovo_rpc.dispatch_events" :: held 0.232s inner /usr/lib/python2.7/site-packages/oslo_concurrency/lockutils.py:282
2018-06-30 04:17:58.069 17853 DEBUG neutron.scheduler.l3_agent_scheduler [req-7e246031-fa07-4ad2-ab72-62f597e29cab 5f30a90b4ef3441e8fb3c373acdb4705 ebbfb6b9ee92405a9421d615805438a7 - 6a55db40a5da492092d9f786bc5ec775 6a55db40a5da492092d9f786bc5ec775] Router 9ee45f7d-c286-43d2-b761-7ee454628b59 has already been hosted by L3 agent f3b2a706-18d3-46f7-853e-b527dfd7fad6 _get_candidates /usr/lib/python2.7/site-packages/neutron/scheduler/l3_agent_scheduler.py:141
2018-06-30 04:17:58.233 17853 DEBUG neutron.api.rpc.agentnotifiers.l3_rpc_agent_api [req-7e246031-fa07-4ad2-ab72-62f597e29cab 5f30a90b4ef3441e8fb3c373acdb4705 ebbfb6b9ee92405a9421d615805438a7 - 6a55db40a5da492092d9f786bc5ec775 6a55db40a5da492092d9f786bc5ec775] Notify agent at l3_agent.localhost.localdomain the message routers_updated _agent_notification /usr/lib/python2.7/site-packages/neutron/api/rpc/agentnotifiers/l3_rpc_agent_api.py:69
2018-06-30 04:17:58.260 17853 DEBUG neutron.quota.resource [req-7e246031-fa07-4ad2-ab72-62f597e29cab 5f30a90b4ef3441e8fb3c373acdb4705 ebbfb6b9ee92405a9421d615805438a7 - 6a55db40a5da492092d9f786bc5ec775 6a55db40a5da492092d9f786bc5ec775] Persisted dirty status for tenant:ebbfb6b9ee92405a9421d615805438a7 on resource:floatingip mark_dirty /usr/lib/python2.7/site-packages/neutron/quota/resource.py:207
