2018-06-30 04:10:46.400 17854 INFO neutron.wsgi [req-1a443b2c-4045-4433-acc4-22ae4f1d1628 72eef6c8af39495084702b0217df08d6 4340e242277144a39aad7507a87ea19b - default default] 10.0.20.23 "GET /v2.0/ports?tenant_id=007e7f1ed2554995b505b934dd328646&device_id=f14c2b46-9095-4307-a38c-260473ea3ec3 HTTP/1.1" status: 200  len: 1125 time: 0.1026940
2018-06-30 04:10:46.609 17854 DEBUG neutron.pecan_wsgi.hooks.policy_enforcement [req-bd522dc3-ab19-4e17-af32-e827e120d0b4 72eef6c8af39495084702b0217df08d6 4340e242277144a39aad7507a87ea19b - default default] Attributes excluded by policy engine: [u'vlan_transparent'] _exclude_attributes_by_policy /usr/lib/python2.7/site-packages/neutron/pecan_wsgi/hooks/policy_enforcement.py:256
2018-06-30 04:10:46.612 17854 INFO neutron.wsgi [req-bd522dc3-ab19-4e17-af32-e827e120d0b4 72eef6c8af39495084702b0217df08d6 4340e242277144a39aad7507a87ea19b - default default] 10.0.20.23 "GET /v2.0/networks?id=27d015bc-8cdc-4cb5-ad0f-6c388c7b7d5e HTTP/1.1" status: 200  len: 888 time: 0.2071328
2018-06-30 04:10:46.652 17854 INFO neutron.wsgi [req-c2a42fd6-dc81-47a7-9da7-19549c844c96 72eef6c8af39495084702b0217df08d6 4340e242277144a39aad7507a87ea19b - default default] 10.0.20.23 "GET /v2.0/floatingips?fixed_ip_address=172.24.4.12&port_id=3bcb5505-8394-4288-9cf1-f80fb69834e3 HTTP/1.1" status: 200  len: 217 time: 0.0356011
2018-06-30 04:10:46.800 17854 DEBUG neutron.pecan_wsgi.hooks.policy_enforcement [req-6d0f934b-95a9-426c-b780-0965954888f0 72eef6c8af39495084702b0217df08d6 4340e242277144a39aad7507a87ea19b - default default] Attributes excluded by policy engine: [u'shared'] _exclude_attributes_by_policy /usr/lib/python2.7/site-packages/neutron/pecan_wsgi/hooks/policy_enforcement.py:256
2018-06-30 04:10:46.808 17854 INFO neutron.wsgi [req-6d0f934b-95a9-426c-b780-0965954888f0 72eef6c8af39495084702b0217df08d6 4340e242277144a39aad7507a87ea19b - default default] 10.0.20.23 "GET /v2.0/subnets?id=13c1b0d0-0ad2-44d1-9c10-321cd0119f52 HTTP/1.1" status: 200  len: 819 time: 0.1524560
2018-06-30 04:10:46.871 17854 INFO neutron.wsgi [req-19c75718-cd34-446e-80ed-767fd162fd74 72eef6c8af39495084702b0217df08d6 4340e242277144a39aad7507a87ea19b - default default] 10.0.20.23 "GET /v2.0/ports?network_id=27d015bc-8cdc-4cb5-ad0f-6c388c7b7d5e&device_owner=network%3Adhcp HTTP/1.1" status: 200  len: 210 time: 0.0549202
2018-06-30 04:10:53.719 17862 DEBUG neutron_lib.callbacks.manager [req-4ce8ae93-9748-4911-b3d8-03735eb4f9d4 - - - - -] Notify callbacks ['neutron.services.segments.db._update_segment_host_mapping_for_agent-8756798935858'] for agent, after_update _notify_loop /usr/lib/python2.7/site-packages/neutron_lib/callbacks/manager.py:167
2018-06-30 04:10:55.540 17868 DEBUG neutron.db.agents_db [req-160ed840-9940-4f6f-9406-b6f7d951e85e - - - - -] Agent healthcheck: found 5 active agents agent_health_check /usr/lib/python2.7/site-packages/neutron/db/agents_db.py:281
2018-06-30 04:10:56.957 17860 DEBUG neutron_lib.callbacks.manager [req-0069fc34-346a-41fa-9b9f-724240912623 - - - - -] Notify callbacks ['neutron.services.segments.db._update_segment_host_mapping_for_agent-8756798935858'] for agent, after_update _notify_loop /usr/lib/python2.7/site-packages/neutron_lib/callbacks/manager.py:167
2018-06-30 04:10:56.994 17866 DEBUG neutron_lib.callbacks.manager [req-80904884-77a4-4ece-831a-c1cacf1cbad2 - - - - -] Notify callbacks ['neutron.services.segments.db._update_segment_host_mapping_for_agent-8756798935858'] for agent, after_update _notify_loop /usr/lib/python2.7/site-packages/neutron_lib/callbacks/manager.py:167
2018-06-30 04:10:57.002 17864 DEBUG neutron_lib.callbacks.manager [req-51513e3d-3d4f-4dd7-9e15-b7e55e646988 - - - - -] Notify callbacks ['neutron.services.segments.db._update_segment_host_mapping_for_agent-8756798935858'] for agent, after_update _notify_loop /usr/lib/python2.7/site-packages/neutron_lib/callbacks/manager.py:167
2018-06-30 04:10:57.776 17863 DEBUG neutron_lib.callbacks.manager [req-dcb5f362-8071-48e7-b326-b374d03bf537 - - - - -] Notify callbacks ['neutron.services.segments.db._update_segment_host_mapping_for_agent-8756798935858'] for agent, after_update _notify_loop /usr/lib/python2.7/site-packages/neutron_lib/callbacks/manager.py:167
2018-06-30 04:11:20.054 17852 DEBUG neutron.wsgi [-] (17852) accepted ('10.0.20.23', 47186) server /usr/lib/python2.7/site-packages/eventlet/wsgi.py:883
2018-06-30 04:11:20.064 17852 INFO neutron.wsgi [-] 10.0.20.23 "GET / HTTP/1.1" status: 200  len: 252 time: 0.0035970
2018-06-30 04:11:20.795 17852 DEBUG neutron.pecan_wsgi.hooks.policy_enforcement [req-8821c134-f80e-47d3-b7db-da55d794f29a 5f30a90b4ef3441e8fb3c373acdb4705 ebbfb6b9ee92405a9421d615805438a7 - 6a55db40a5da492092d9f786bc5ec775 6a55db40a5da492092d9f786bc5ec775] Attributes excluded by policy engine: [u'shared'] _exclude_attributes_by_policy /usr/lib/python2.7/site-packages/neutron/pecan_wsgi/hooks/policy_enforcement.py:256
2018-06-30 04:11:20.797 17852 DEBUG neutron.pecan_wsgi.hooks.policy_enforcement [req-8821c134-f80e-47d3-b7db-da55d794f29a 5f30a90b4ef3441e8fb3c373acdb4705 ebbfb6b9ee92405a9421d615805438a7 - 6a55db40a5da492092d9f786bc5ec775 6a55db40a5da492092d9f786bc5ec775] Attributes excluded by policy engine: [u'shared'] _exclude_attributes_by_policy /usr/lib/python2.7/site-packages/neutron/pecan_wsgi/hooks/policy_enforcement.py:256
2018-06-30 04:11:20.799 17852 INFO neutron.wsgi [req-8821c134-f80e-47d3-b7db-da55d794f29a 5f30a90b4ef3441e8fb3c373acdb4705 ebbfb6b9ee92405a9421d615805438a7 - 6a55db40a5da492092d9f786bc5ec775 6a55db40a5da492092d9f786bc5ec775] 10.0.20.23 "GET /v2.0/subnets HTTP/1.1" status: 200  len: 1419 time: 0.7273102
2018-06-30 04:11:23.710 17859 DEBUG neutron_lib.callbacks.manager [req-4ce8ae93-9748-4911-b3d8-03735eb4f9d4 - - - - -] Notify callbacks ['neutron.services.segments.db._update_segment_host_mapping_for_agent-8756798935858'] for agent, after_update _notify_loop /usr/lib/python2.7/site-packages/neutron_lib/callbacks/manager.py:167
2018-06-30 04:11:26.956 17861 DEBUG neutron_lib.callbacks.manager [req-0069fc34-346a-41fa-9b9f-724240912623 - - - - -] Notify callbacks ['neutron.services.segments.db._update_segment_host_mapping_for_agent-8756798935858'] for agent, after_update _notify_loop /usr/lib/python2.7/site-packages/neutron_lib/callbacks/manager.py:167
2018-06-30 04:11:26.985 17865 DEBUG neutron_lib.callbacks.manager [req-51513e3d-3d4f-4dd7-9e15-b7e55e646988 - - - - -] Notify callbacks ['neutron.services.segments.db._update_segment_host_mapping_for_agent-8756798935858'] for agent, after_update _notify_loop /usr/lib/python2.7/site-packages/neutron_lib/callbacks/manager.py:167
2018-06-30 04:11:26.991 17867 DEBUG neutron_lib.callbacks.manager [req-c876f723-ab6d-45b3-958c-3fe11573d81d - - - - -] Notify callbacks ['neutron.services.segments.db._update_segment_host_mapping_for_agent-8756798935858'] for agent, after_update _notify_loop /usr/lib/python2.7/site-packages/neutron_lib/callbacks/manager.py:167
2018-06-30 04:11:27.759 17862 DEBUG neutron_lib.callbacks.manager [req-60089ba0-f490-4e8a-aba3-98dbd95678d9 - - - - -] Notify callbacks ['neutron.services.segments.db._update_segment_host_mapping_for_agent-8756798935858'] for agent, after_update _notify_loop /usr/lib/python2.7/site-packages/neutron_lib/callbacks/manager.py:167
2018-06-30 04:11:32.548 17868 DEBUG neutron.db.agents_db [req-160ed840-9940-4f6f-9406-b6f7d951e85e - - - - -] Agent healthcheck: found 5 active agents agent_health_check /usr/lib/python2.7/site-packages/neutron/db/agents_db.py:281
2018-06-30 04:11:46.637 17854 INFO neutron.wsgi [req-7293b841-01b1-45ea-80c4-89db977e5b3e 72eef6c8af39495084702b0217df08d6 4340e242277144a39aad7507a87ea19b - default default] 10.0.20.23 "GET /v2.0/ports?tenant_id=007e7f1ed2554995b505b934dd328646&device_id=f14c2b46-9095-4307-a38c-260473ea3ec3 HTTP/1.1" status: 200  len: 1125 time: 0.1067250
2018-06-30 04:11:46.821 17854 DEBUG neutron.pecan_wsgi.hooks.policy_enforcement [req-e3159c61-5039-44ce-b963-59336d075936 72eef6c8af39495084702b0217df08d6 4340e242277144a39aad7507a87ea19b - default default] Attributes excluded by policy engine: [u'vlan_transparent'] _exclude_attributes_by_policy /usr/lib/python2.7/site-packages/neutron/pecan_wsgi/hooks/policy_enforcement.py:256
2018-06-30 04:11:46.823 17854 INFO neutron.wsgi [req-e3159c61-5039-44ce-b963-59336d075936 72eef6c8af39495084702b0217df08d6 4340e242277144a39aad7507a87ea19b - default default] 10.0.20.23 "GET /v2.0/networks?id=27d015bc-8cdc-4cb5-ad0f-6c388c7b7d5e HTTP/1.1" status: 200  len: 888 time: 0.1783190
2018-06-30 04:11:46.864 17854 INFO neutron.wsgi [req-5581fac1-e366-451f-ade5-bd011760e633 72eef6c8af39495084702b0217df08d6 4340e242277144a39aad7507a87ea19b - default default] 10.0.20.23 "GET /v2.0/floatingips?fixed_ip_address=172.24.4.12&port_id=3bcb5505-8394-4288-9cf1-f80fb69834e3 HTTP/1.1" status: 200  len: 217 time: 0.0362260
2018-06-30 04:11:46.966 17854 DEBUG neutron.pecan_wsgi.hooks.policy_enforcement [req-3ec1b633-b0b7-4ade-99c6-ff94ed6494cd 72eef6c8af39495084702b0217df08d6 4340e242277144a39aad7507a87ea19b - default default] Attributes excluded by policy engine: [u'shared'] _exclude_attributes_by_policy /usr/lib/python2.7/site-packages/neutron/pecan_wsgi/hooks/policy_enforcement.py:256
2018-06-30 04:11:46.968 17854 INFO neutron.wsgi [req-3ec1b633-b0b7-4ade-99c6-ff94ed6494cd 72eef6c8af39495084702b0217df08d6 4340e242277144a39aad7507a87ea19b - default default] 10.0.20.23 "GET /v2.0/subnets?id=13c1b0d0-0ad2-44d1-9c10-321cd0119f52 HTTP/1.1" status: 200  len: 819 time: 0.0961270
2018-06-30 04:11:47.061 17854 INFO neutron.wsgi [req-4bfce1cb-3999-4c25-9d2d-19aebb26852e 72eef6c8af39495084702b0217df08d6 4340e242277144a39aad7507a87ea19b - default default] 10.0.20.23 "GET /v2.0/ports?network_id=27d015bc-8cdc-4cb5-ad0f-6c388c7b7d5e&device_owner=network%3Adhcp HTTP/1.1" status: 200  len: 210 time: 0.0828450
2018-06-30 04:11:53.710 17860 DEBUG neutron_lib.callbacks.manager [req-4ce8ae93-9748-4911-b3d8-03735eb4f9d4 - - - - -] Notify callbacks ['neutron.services.segments.db._update_segment_host_mapping_for_agent-8756798935858'] for agent, after_update _notify_loop /usr/lib/python2.7/site-packages/neutron_lib/callbacks/manager.py:167
2018-06-30 04:11:56.970 17864 DEBUG neutron_lib.callbacks.manager [req-0069fc34-346a-41fa-9b9f-724240912623 - - - - -] Notify callbacks ['neutron.services.segments.db._update_segment_host_mapping_for_agent-8756798935858'] for agent, after_update _notify_loop /usr/lib/python2.7/site-packages/neutron_lib/callbacks/manager.py:167
2018-06-30 04:11:56.990 17863 DEBUG neutron_lib.callbacks.manager [req-87ad0bc3-a6c0-4187-921b-28555a5bab93 - - - - -] Notify callbacks ['neutron.services.segments.db._update_segment_host_mapping_for_agent-8756798935858'] for agent, after_update _notify_loop /usr/lib/python2.7/site-packages/neutron_lib/callbacks/manager.py:167
2018-06-30 04:11:56.991 17866 DEBUG neutron_lib.callbacks.manager [req-51513e3d-3d4f-4dd7-9e15-b7e55e646988 - - - - -] Notify callbacks ['neutron.services.segments.db._update_segment_host_mapping_for_agent-8756798935858'] for agent, after_update _notify_loop /usr/lib/python2.7/site-packages/neutron_lib/callbacks/manager.py:167
2018-06-30 04:11:57.723 17855 DEBUG neutron.wsgi [-] (17855) accepted ('10.0.20.23', 47806) server /usr/lib/python2.7/site-packages/eventlet/wsgi.py:883
2018-06-30 04:11:57.727 17855 INFO neutron.wsgi [-] 10.0.20.23 "GET / HTTP/1.1" status: 200  len: 252 time: 0.0024040
2018-06-30 04:11:57.763 17859 DEBUG neutron_lib.callbacks.manager [req-1b73a4bb-761b-433e-a4d0-8db489690c85 - - - - -] Notify callbacks ['neutron.services.segments.db._update_segment_host_mapping_for_agent-8756798935858'] for agent, after_update _notify_loop /usr/lib/python2.7/site-packages/neutron_lib/callbacks/manager.py:167
2018-06-30 04:11:58.208 17855 DEBUG neutron.api.v2.base [req-70790848-b0cd-4635-abcd-b79f60aeb623 5f30a90b4ef3441e8fb3c373acdb4705 ebbfb6b9ee92405a9421d615805438a7 - 6a55db40a5da492092d9f786bc5ec775 6a55db40a5da492092d9f786bc5ec775] Request body: {u'security_group': {u'name': u'tempest-SECURITY_GROUP_SAMPLE-1530324645', u'description': u'tempest-SECURITY_GROUP_SAMPLE-1530324645'}} prepare_request_body /usr/lib/python2.7/site-packages/neutron/api/v2/base.py:695
2018-06-30 04:11:58.209 17855 INFO neutron.quota [req-70790848-b0cd-4635-abcd-b79f60aeb623 5f30a90b4ef3441e8fb3c373acdb4705 ebbfb6b9ee92405a9421d615805438a7 - 6a55db40a5da492092d9f786bc5ec775 6a55db40a5da492092d9f786bc5ec775] Loaded quota_driver: <neutron.db.quota.driver.DbQuotaDriver object at 0x7f6d9ce76d10>.
2018-06-30 04:11:58.222 17855 DEBUG neutron.db.quota.driver [req-70790848-b0cd-4635-abcd-b79f60aeb623 5f30a90b4ef3441e8fb3c373acdb4705 ebbfb6b9ee92405a9421d615805438a7 - 6a55db40a5da492092d9f786bc5ec775 6a55db40a5da492092d9f786bc5ec775] Resources subnetpool have unlimited quota limit. It is not required to calculate headroom  make_reservation /usr/lib/python2.7/site-packages/neutron/db/quota/driver.py:223
2018-06-30 04:11:58.228 17855 DEBUG neutron.quota.resource [req-70790848-b0cd-4635-abcd-b79f60aeb623 5f30a90b4ef3441e8fb3c373acdb4705 ebbfb6b9ee92405a9421d615805438a7 - 6a55db40a5da492092d9f786bc5ec775 6a55db40a5da492092d9f786bc5ec775] Usage tracker for resource:security_group and tenant:ebbfb6b9ee92405a9421d615805438a7 is out of sync, need to count used quota count_used /usr/lib/python2.7/site-packages/neutron/quota/resource.py:274
2018-06-30 04:11:58.239 17855 DEBUG neutron.quota.resource [req-70790848-b0cd-4635-abcd-b79f60aeb623 5f30a90b4ef3441e8fb3c373acdb4705 ebbfb6b9ee92405a9421d615805438a7 - 6a55db40a5da492092d9f786bc5ec775 6a55db40a5da492092d9f786bc5ec775] Quota usage for security_group was recalculated. Used quota:0. count_used /usr/lib/python2.7/site-packages/neutron/quota/resource.py:293
2018-06-30 04:11:58.249 17855 DEBUG neutron.db.quota.driver [req-70790848-b0cd-4635-abcd-b79f60aeb623 5f30a90b4ef3441e8fb3c373acdb4705 ebbfb6b9ee92405a9421d615805438a7 - 6a55db40a5da492092d9f786bc5ec775 6a55db40a5da492092d9f786bc5ec775] Attempting to reserve 1 items for resource security_group. Total usage: 0; quota limit: 10; headroom:10 make_reservation /usr/lib/python2.7/site-packages/neutron/db/quota/driver.py:255
2018-06-30 04:11:58.299 17855 DEBUG neutron_lib.callbacks.manager [req-70790848-b0cd-4635-abcd-b79f60aeb623 5f30a90b4ef3441e8fb3c373acdb4705 ebbfb6b9ee92405a9421d615805438a7 - 6a55db40a5da492092d9f786bc5ec775 6a55db40a5da492092d9f786bc5ec775] Notify callbacks [] for security_group, before_create _notify_loop /usr/lib/python2.7/site-packages/neutron_lib/callbacks/manager.py:167
2018-06-30 04:11:58.328 17855 DEBUG neutron_lib.callbacks.manager [req-70790848-b0cd-4635-abcd-b79f60aeb623 5f30a90b4ef3441e8fb3c373acdb4705 ebbfb6b9ee92405a9421d615805438a7 - 6a55db40a5da492092d9f786bc5ec775 6a55db40a5da492092d9f786bc5ec775] Notify callbacks [] for security_group, before_create _notify_loop /usr/lib/python2.7/site-packages/neutron_lib/callbacks/manager.py:167
2018-06-30 04:11:58.643 17855 DEBUG neutron_lib.callbacks.manager [req-70790848-b0cd-4635-abcd-b79f60aeb623 5f30a90b4ef3441e8fb3c373acdb4705 ebbfb6b9ee92405a9421d615805438a7 - 6a55db40a5da492092d9f786bc5ec775 6a55db40a5da492092d9f786bc5ec775] Notify callbacks [] for security_group, precommit_create _notify_loop /usr/lib/python2.7/site-packages/neutron_lib/callbacks/manager.py:167
2018-06-30 04:11:58.649 17855 DEBUG neutron_lib.callbacks.manager [req-70790848-b0cd-4635-abcd-b79f60aeb623 5f30a90b4ef3441e8fb3c373acdb4705 ebbfb6b9ee92405a9421d615805438a7 - 6a55db40a5da492092d9f786bc5ec775 6a55db40a5da492092d9f786bc5ec775] Notify callbacks ['neutron.plugins.ml2.ovo_rpc._ObjectChangeHandler.handle_event-3781366'] for security_group, after_create _notify_loop /usr/lib/python2.7/site-packages/neutron_lib/callbacks/manager.py:167
2018-06-30 04:11:58.658 17855 DEBUG oslo_concurrency.lockutils [-] Lock "event-dispatch" acquired by "neutron.plugins.ml2.ovo_rpc.dispatch_events" :: waited 0.000s inner /usr/lib/python2.7/site-packages/oslo_concurrency/lockutils.py:270
2018-06-30 04:11:58.742 17855 DEBUG neutron.api.rpc.handlers.resources_rpc [req-70790848-b0cd-4635-abcd-b79f60aeb623 5f30a90b4ef3441e8fb3c373acdb4705 ebbfb6b9ee92405a9421d615805438a7 - - -] neutron.api.rpc.handlers.resources_rpc.ResourcesPushRpcApi method push called with arguments (<neutron_lib.context.Context object at 0x7f6d9cef54d0>, [SecurityGroup(created_at=2018-06-30T02:11:58Z,description='Gruppo di sicurezza predefinito',id=0aafcbf3-9232-46bd-8b40-9c8405784150,is_default=True,name='default',project_id='ebbfb6b9ee92405a9421d615805438a7',revision_number=4,rules=[SecurityGroupRule(456e41d6-642f-4647-b356-117e681c11c3),SecurityGroupRule(ca5f9d37-8af0-4247-a8fc-7c0bca45ae4b),SecurityGroupRule(e289066a-578a-4ef9-ae90-81c9cc08f385),SecurityGroupRule(e9816aa5-785e-4d00-9d7b-d3d6c80b156e)],updated_at=2018-06-30T02:11:58Z)], 'updated') {} wrapper /usr/lib/python2.7/site-packages/oslo_log/helpers.py:66
2018-06-30 04:11:58.780 17855 DEBUG neutron.api.rpc.callbacks.version_manager [req-70790848-b0cd-4635-abcd-b79f60aeb623 5f30a90b4ef3441e8fb3c373acdb4705 ebbfb6b9ee92405a9421d615805438a7 - - -] Version for resource type Subnet changed None to 1.0 on consumer Open vSwitch agent@localhost.localdomain _set_version /usr/lib/python2.7/site-packages/neutron/api/rpc/callbacks/version_manager.py:119
2018-06-30 04:11:58.781 17855 DEBUG neutron.api.rpc.callbacks.version_manager [req-70790848-b0cd-4635-abcd-b79f60aeb623 5f30a90b4ef3441e8fb3c373acdb4705 ebbfb6b9ee92405a9421d615805438a7 - - -] Version for resource type Network changed None to 1.0 on consumer Open vSwitch agent@localhost.localdomain _set_version /usr/lib/python2.7/site-packages/neutron/api/rpc/callbacks/version_manager.py:119
2018-06-30 04:11:58.782 17855 DEBUG neutron.api.rpc.callbacks.version_manager [req-70790848-b0cd-4635-abcd-b79f60aeb623 5f30a90b4ef3441e8fb3c373acdb4705 ebbfb6b9ee92405a9421d615805438a7 - - -] Version for resource type SubPort changed None to 1.0 on consumer Open vSwitch agent@localhost.localdomain _set_version /usr/lib/python2.7/site-packages/neutron/api/rpc/callbacks/version_manager.py:119
2018-06-30 04:11:58.782 17855 DEBUG neutron.api.rpc.callbacks.version_manager [req-70790848-b0cd-4635-abcd-b79f60aeb623 5f30a90b4ef3441e8fb3c373acdb4705 ebbfb6b9ee92405a9421d615805438a7 - - -] Version for resource type SecurityGroup changed None to 1.0 on consumer Open vSwitch agent@localhost.localdomain _set_version /usr/lib/python2.7/site-packages/neutron/api/rpc/callbacks/version_manager.py:119
2018-06-30 04:11:58.783 17855 DEBUG neutron.api.rpc.callbacks.version_manager [req-70790848-b0cd-4635-abcd-b79f60aeb623 5f30a90b4ef3441e8fb3c373acdb4705 ebbfb6b9ee92405a9421d615805438a7 - - -] Version for resource type SecurityGroupRule changed None to 1.0 on consumer Open vSwitch agent@localhost.localdomain _set_version /usr/lib/python2.7/site-packages/neutron/api/rpc/callbacks/version_manager.py:119
2018-06-30 04:11:58.783 17855 DEBUG neutron.api.rpc.callbacks.version_manager [req-70790848-b0cd-4635-abcd-b79f60aeb623 5f30a90b4ef3441e8fb3c373acdb4705 ebbfb6b9ee92405a9421d615805438a7 - - -] Version for resource type Trunk changed None to 1.1 on consumer Open vSwitch agent@localhost.localdomain _set_version /usr/lib/python2.7/site-packages/neutron/api/rpc/callbacks/version_manager.py:119
2018-06-30 04:11:58.784 17855 DEBUG neutron.api.rpc.callbacks.version_manager [req-70790848-b0cd-4635-abcd-b79f60aeb623 5f30a90b4ef3441e8fb3c373acdb4705 ebbfb6b9ee92405a9421d615805438a7 - - -] Version for resource type QosPolicy changed None to 1.6 on consumer Open vSwitch agent@localhost.localdomain _set_version /usr/lib/python2.7/site-packages/neutron/api/rpc/callbacks/version_manager.py:119
2018-06-30 04:11:58.785 17855 DEBUG neutron.api.rpc.callbacks.version_manager [req-70790848-b0cd-4635-abcd-b79f60aeb623 5f30a90b4ef3441e8fb3c373acdb4705 ebbfb6b9ee92405a9421d615805438a7 - - -] Version for resource type Port changed None to 1.1 on consumer Open vSwitch agent@localhost.localdomain _set_version /usr/lib/python2.7/site-packages/neutron/api/rpc/callbacks/version_manager.py:119
2018-06-30 04:11:58.786 17855 DEBUG neutron.api.rpc.callbacks.version_manager [req-70790848-b0cd-4635-abcd-b79f60aeb623 5f30a90b4ef3441e8fb3c373acdb4705 ebbfb6b9ee92405a9421d615805438a7 - - -] Version for resource type Log changed None to 1.0 on consumer Open vSwitch agent@localhost.localdomain _set_version /usr/lib/python2.7/site-packages/neutron/api/rpc/callbacks/version_manager.py:119
2018-06-30 04:11:58.848 17855 DEBUG oslo_concurrency.lockutils [req-70790848-b0cd-4635-abcd-b79f60aeb623 5f30a90b4ef3441e8fb3c373acdb4705 ebbfb6b9ee92405a9421d615805438a7 - - -] Lock "event-dispatch" released by "neutron.plugins.ml2.ovo_rpc.dispatch_events" :: held 0.190s inner /usr/lib/python2.7/site-packages/oslo_concurrency/lockutils.py:282
2018-06-30 04:11:58.989 17855 DEBUG neutron_lib.callbacks.manager [req-70790848-b0cd-4635-abcd-b79f60aeb623 5f30a90b4ef3441e8fb3c373acdb4705 ebbfb6b9ee92405a9421d615805438a7 - 6a55db40a5da492092d9f786bc5ec775 6a55db40a5da492092d9f786bc5ec775] Notify callbacks [] for security_group, precommit_create _notify_loop /usr/lib/python2.7/site-packages/neutron_lib/callbacks/manager.py:167
2018-06-30 04:11:59.002 17855 DEBUG neutron_lib.callbacks.manager [req-70790848-b0cd-4635-abcd-b79f60aeb623 5f30a90b4ef3441e8fb3c373acdb4705 ebbfb6b9ee92405a9421d615805438a7 - 6a55db40a5da492092d9f786bc5ec775 6a55db40a5da492092d9f786bc5ec775] Notify callbacks ['neutron.plugins.ml2.ovo_rpc._ObjectChangeHandler.handle_event-3781366'] for security_group, after_create _notify_loop /usr/lib/python2.7/site-packages/neutron_lib/callbacks/manager.py:167
2018-06-30 04:11:59.011 17855 DEBUG oslo_concurrency.lockutils [-] Lock "event-dispatch" acquired by "neutron.plugins.ml2.ovo_rpc.dispatch_events" :: waited 0.000s inner /usr/lib/python2.7/site-packages/oslo_concurrency/lockutils.py:270
2018-06-30 04:11:59.071 17855 DEBUG neutron.quota.resource [req-70790848-b0cd-4635-abcd-b79f60aeb623 5f30a90b4ef3441e8fb3c373acdb4705 ebbfb6b9ee92405a9421d615805438a7 - 6a55db40a5da492092d9f786bc5ec775 6a55db40a5da492092d9f786bc5ec775] Persisted dirty status for tenant:ebbfb6b9ee92405a9421d615805438a7 on resource:security_group_rule mark_dirty /usr/lib/python2.7/site-packages/neutron/quota/resource.py:207
2018-06-30 04:11:59.080 17855 DEBUG neutron.quota.resource [req-70790848-b0cd-4635-abcd-b79f60aeb623 5f30a90b4ef3441e8fb3c373acdb4705 ebbfb6b9ee92405a9421d615805438a7 - 6a55db40a5da492092d9f786bc5ec775 6a55db40a5da492092d9f786bc5ec775] Persisted dirty status for tenant:ebbfb6b9ee92405a9421d615805438a7 on resource:security_group mark_dirty /usr/lib/python2.7/site-packages/neutron/quota/resource.py:207
2018-06-30 04:11:59.090 17855 DEBUG neutron.api.rpc.handlers.resources_rpc [req-70790848-b0cd-4635-abcd-b79f60aeb623 5f30a90b4ef3441e8fb3c373acdb4705 ebbfb6b9ee92405a9421d615805438a7 - - -] neutron.api.rpc.handlers.resources_rpc.ResourcesPushRpcApi method push called with arguments (<neutron_lib.context.Context object at 0x7f6d9ce63a10>, [SecurityGroup(created_at=2018-06-30T02:11:58Z,description='tempest-SECURITY_GROUP_SAMPLE-1530324645',id=3a73983a-d6bb-44c0-8966-51c9ed522802,is_default=False,name='tempest-SECURITY_GROUP_SAMPLE-1530324645',project_id='ebbfb6b9ee92405a9421d615805438a7',revision_number=2,rules=[SecurityGroupRule(788db689-d5e1-4752-9881-8b941543c1be),SecurityGroupRule(fbf0a4a5-070a-4339-8751-d455d6ae0b79)],updated_at=2018-06-30T02:11:58Z)], 'updated') {} wrapper /usr/lib/python2.7/site-packages/oslo_log/helpers.py:66
2018-06-30 04:11:59.095 17855 DEBUG neutron_lib.callbacks.manager [req-70790848-b0cd-4635-abcd-b79f60aeb623 5f30a90b4ef3441e8fb3c373acdb4705 ebbfb6b9ee92405a9421d615805438a7 - 6a55db40a5da492092d9f786bc5ec775 6a55db40a5da492092d9f786bc5ec775] Notify callbacks [] for security_group, before_response _notify_loop /usr/lib/python2.7/site-packages/neutron_lib/callbacks/manager.py:167
2018-06-30 04:11:59.097 17855 INFO neutron.wsgi [req-70790848-b0cd-4635-abcd-b79f60aeb623 5f30a90b4ef3441e8fb3c373acdb4705 ebbfb6b9ee92405a9421d615805438a7 - 6a55db40a5da492092d9f786bc5ec775 6a55db40a5da492092d9f786bc5ec775] 10.0.20.23 "POST /v2.0/security-groups HTTP/1.1" status: 201  len: 1617 time: 1.3624198
2018-06-30 04:11:59.104 17855 DEBUG oslo_concurrency.lockutils [req-70790848-b0cd-4635-abcd-b79f60aeb623 5f30a90b4ef3441e8fb3c373acdb4705 ebbfb6b9ee92405a9421d615805438a7 - - -] Lock "event-dispatch" released by "neutron.plugins.ml2.ovo_rpc.dispatch_events" :: held 0.093s inner /usr/lib/python2.7/site-packages/oslo_concurrency/lockutils.py:282
2018-06-30 04:12:06.362 17852 DEBUG neutron.wsgi [-] (17852) accepted ('10.0.20.23', 47822) server /usr/lib/python2.7/site-packages/eventlet/wsgi.py:883
2018-06-30 04:12:06.366 17852 INFO neutron.wsgi [-] 10.0.20.23 "GET / HTTP/1.1" status: 200  len: 252 time: 0.0021110
2018-06-30 04:12:06.879 17852 INFO neutron.api.v2.resource [req-a3d90cf4-da3b-4ea1-a63a-93abfd037a81 5f30a90b4ef3441e8fb3c373acdb4705 ebbfb6b9ee92405a9421d615805438a7 - 6a55db40a5da492092d9f786bc5ec775 6a55db40a5da492092d9f786bc5ec775] show failed (client error): The resource could not be found.
2018-06-30 04:12:06.881 17852 INFO neutron.wsgi [req-a3d90cf4-da3b-4ea1-a63a-93abfd037a81 5f30a90b4ef3441e8fb3c373acdb4705 ebbfb6b9ee92405a9421d615805438a7 - 6a55db40a5da492092d9f786bc5ec775 6a55db40a5da492092d9f786bc5ec775] 10.0.20.23 "GET /v2.0/security-groups/tempest-SECURITY_GROUP_SAMPLE-1530324645 HTTP/1.1" status: 404  len: 360 time: 0.5084550
2018-06-30 04:12:07.094 17852 INFO neutron.wsgi [req-26bbac4e-e042-4a73-b936-303b3dff95c5 5f30a90b4ef3441e8fb3c373acdb4705 ebbfb6b9ee92405a9421d615805438a7 - 6a55db40a5da492092d9f786bc5ec775 6a55db40a5da492092d9f786bc5ec775] 10.0.20.23 "GET /v2.0/security-groups HTTP/1.1" status: 200  len: 23094 time: 0.2044780
2018-06-30 04:12:07.125 17852 DEBUG neutron.api.v2.base [req-164bec89-e4a6-4b28-a1c0-0495272163d0 5f30a90b4ef3441e8fb3c373acdb4705 ebbfb6b9ee92405a9421d615805438a7 - 6a55db40a5da492092d9f786bc5ec775 6a55db40a5da492092d9f786bc5ec775] Request body: {u'security_group_rule': {u'direction': u'ingress', u'protocol': u'tcp', u'ethertype': u'IPv4', u'port_range_max': 22, u'security_group_id': u'3a73983a-d6bb-44c0-8966-51c9ed522802', u'port_range_min': 22, u'remote_ip_prefix': u'0.0.0.0/0'}} prepare_request_body /usr/lib/python2.7/site-packages/neutron/api/v2/base.py:695
2018-06-30 04:12:07.133 17852 DEBUG neutron.db.quota.driver [req-164bec89-e4a6-4b28-a1c0-0495272163d0 5f30a90b4ef3441e8fb3c373acdb4705 ebbfb6b9ee92405a9421d615805438a7 - 6a55db40a5da492092d9f786bc5ec775 6a55db40a5da492092d9f786bc5ec775] Resources subnetpool have unlimited quota limit. It is not required to calculate headroom  make_reservation /usr/lib/python2.7/site-packages/neutron/db/quota/driver.py:223
2018-06-30 04:12:07.140 17852 DEBUG neutron.quota.resource [req-164bec89-e4a6-4b28-a1c0-0495272163d0 5f30a90b4ef3441e8fb3c373acdb4705 ebbfb6b9ee92405a9421d615805438a7 - 6a55db40a5da492092d9f786bc5ec775 6a55db40a5da492092d9f786bc5ec775] Usage tracker for resource:security_group_rule and tenant:ebbfb6b9ee92405a9421d615805438a7 is out of sync, need to count used quota count_used /usr/lib/python2.7/site-packages/neutron/quota/resource.py:274
2018-06-30 04:12:07.151 17852 DEBUG neutron.quota.resource [req-164bec89-e4a6-4b28-a1c0-0495272163d0 5f30a90b4ef3441e8fb3c373acdb4705 ebbfb6b9ee92405a9421d615805438a7 - 6a55db40a5da492092d9f786bc5ec775 6a55db40a5da492092d9f786bc5ec775] Quota usage for security_group_rule was recalculated. Used quota:6. count_used /usr/lib/python2.7/site-packages/neutron/quota/resource.py:293
2018-06-30 04:12:07.160 17852 DEBUG neutron.db.quota.driver [req-164bec89-e4a6-4b28-a1c0-0495272163d0 5f30a90b4ef3441e8fb3c373acdb4705 ebbfb6b9ee92405a9421d615805438a7 - 6a55db40a5da492092d9f786bc5ec775 6a55db40a5da492092d9f786bc5ec775] Attempting to reserve 1 items for resource security_group_rule. Total usage: 6; quota limit: 100; headroom:94 make_reservation /usr/lib/python2.7/site-packages/neutron/db/quota/driver.py:255
2018-06-30 04:12:07.237 17852 DEBUG neutron_lib.callbacks.manager [req-164bec89-e4a6-4b28-a1c0-0495272163d0 5f30a90b4ef3441e8fb3c373acdb4705 ebbfb6b9ee92405a9421d615805438a7 - 6a55db40a5da492092d9f786bc5ec775 6a55db40a5da492092d9f786bc5ec775] Notify callbacks [] for security_group_rule, before_create _notify_loop /usr/lib/python2.7/site-packages/neutron_lib/callbacks/manager.py:167
2018-06-30 04:12:07.325 17852 DEBUG neutron_lib.callbacks.manager [req-164bec89-e4a6-4b28-a1c0-0495272163d0 5f30a90b4ef3441e8fb3c373acdb4705 ebbfb6b9ee92405a9421d615805438a7 - 6a55db40a5da492092d9f786bc5ec775 6a55db40a5da492092d9f786bc5ec775] Notify callbacks [] for security_group_rule, precommit_create _notify_loop /usr/lib/python2.7/site-packages/neutron_lib/callbacks/manager.py:167
2018-06-30 04:12:07.335 17852 DEBUG neutron_lib.callbacks.manager [req-164bec89-e4a6-4b28-a1c0-0495272163d0 5f30a90b4ef3441e8fb3c373acdb4705 ebbfb6b9ee92405a9421d615805438a7 - 6a55db40a5da492092d9f786bc5ec775 6a55db40a5da492092d9f786bc5ec775] Notify callbacks ['neutron.plugins.ml2.ovo_rpc._ObjectChangeHandler.handle_event-3781126'] for security_group_rule, after_create _notify_loop /usr/lib/python2.7/site-packages/neutron_lib/callbacks/manager.py:167
2018-06-30 04:12:07.345 17852 DEBUG oslo_concurrency.lockutils [-] Lock "event-dispatch" acquired by "neutron.plugins.ml2.ovo_rpc.dispatch_events" :: waited 0.000s inner /usr/lib/python2.7/site-packages/oslo_concurrency/lockutils.py:270
2018-06-30 04:12:07.383 17852 DEBUG neutron.api.rpc.handlers.resources_rpc [req-164bec89-e4a6-4b28-a1c0-0495272163d0 5f30a90b4ef3441e8fb3c373acdb4705 ebbfb6b9ee92405a9421d615805438a7 - - -] neutron.api.rpc.handlers.resources_rpc.ResourcesPushRpcApi method push called with arguments (<neutron_lib.context.Context object at 0x7f6d9d2fe610>, [SecurityGroupRule(created_at=2018-06-30T02:12:07Z,description='',direction='ingress',ethertype='IPv4',id=7a52795f-e0a6-4a72-82d4-c1d2f32821e4,port_range_max=22,port_range_min=22,project_id='ebbfb6b9ee92405a9421d615805438a7',protocol='tcp',remote_group_id=<?>,remote_ip_prefix=0.0.0.0/0,revision_number=0,security_group_id=3a73983a-d6bb-44c0-8966-51c9ed522802,updated_at=2018-06-30T02:12:07Z)], 'updated') {} wrapper /usr/lib/python2.7/site-packages/oslo_log/helpers.py:66
2018-06-30 04:12:07.401 17852 DEBUG neutron.api.rpc.callbacks.version_manager [req-164bec89-e4a6-4b28-a1c0-0495272163d0 5f30a90b4ef3441e8fb3c373acdb4705 ebbfb6b9ee92405a9421d615805438a7 - - -] Version for resource type Subnet changed None to 1.0 on consumer Open vSwitch agent@localhost.localdomain _set_version /usr/lib/python2.7/site-packages/neutron/api/rpc/callbacks/version_manager.py:119
2018-06-30 04:12:07.402 17852 DEBUG neutron.api.rpc.callbacks.version_manager [req-164bec89-e4a6-4b28-a1c0-0495272163d0 5f30a90b4ef3441e8fb3c373acdb4705 ebbfb6b9ee92405a9421d615805438a7 - - -] Version for resource type Network changed None to 1.0 on consumer Open vSwitch agent@localhost.localdomain _set_version /usr/lib/python2.7/site-packages/neutron/api/rpc/callbacks/version_manager.py:119
2018-06-30 04:12:07.403 17852 DEBUG neutron.api.rpc.callbacks.version_manager [req-164bec89-e4a6-4b28-a1c0-0495272163d0 5f30a90b4ef3441e8fb3c373acdb4705 ebbfb6b9ee92405a9421d615805438a7 - - -] Version for resource type SubPort changed None to 1.0 on consumer Open vSwitch agent@localhost.localdomain _set_version /usr/lib/python2.7/site-packages/neutron/api/rpc/callbacks/version_manager.py:119
2018-06-30 04:12:07.403 17852 DEBUG neutron.api.rpc.callbacks.version_manager [req-164bec89-e4a6-4b28-a1c0-0495272163d0 5f30a90b4ef3441e8fb3c373acdb4705 ebbfb6b9ee92405a9421d615805438a7 - - -] Version for resource type SecurityGroup changed None to 1.0 on consumer Open vSwitch agent@localhost.localdomain _set_version /usr/lib/python2.7/site-packages/neutron/api/rpc/callbacks/version_manager.py:119
2018-06-30 04:12:07.403 17852 DEBUG neutron.api.rpc.callbacks.version_manager [req-164bec89-e4a6-4b28-a1c0-0495272163d0 5f30a90b4ef3441e8fb3c373acdb4705 ebbfb6b9ee92405a9421d615805438a7 - - -] Version for resource type SecurityGroupRule changed None to 1.0 on consumer Open vSwitch agent@localhost.localdomain _set_version /usr/lib/python2.7/site-packages/neutron/api/rpc/callbacks/version_manager.py:119
2018-06-30 04:12:07.404 17852 DEBUG neutron.api.rpc.callbacks.version_manager [req-164bec89-e4a6-4b28-a1c0-0495272163d0 5f30a90b4ef3441e8fb3c373acdb4705 ebbfb6b9ee92405a9421d615805438a7 - - -] Version for resource type Trunk changed None to 1.1 on consumer Open vSwitch agent@localhost.localdomain _set_version /usr/lib/python2.7/site-packages/neutron/api/rpc/callbacks/version_manager.py:119
2018-06-30 04:12:07.404 17852 DEBUG neutron.api.rpc.callbacks.version_manager [req-164bec89-e4a6-4b28-a1c0-0495272163d0 5f30a90b4ef3441e8fb3c373acdb4705 ebbfb6b9ee92405a9421d615805438a7 - - -] Version for resource type QosPolicy changed None to 1.6 on consumer Open vSwitch agent@localhost.localdomain _set_version /usr/lib/python2.7/site-packages/neutron/api/rpc/callbacks/version_manager.py:119
2018-06-30 04:12:07.405 17852 DEBUG neutron.api.rpc.callbacks.version_manager [req-164bec89-e4a6-4b28-a1c0-0495272163d0 5f30a90b4ef3441e8fb3c373acdb4705 ebbfb6b9ee92405a9421d615805438a7 - - -] Version for resource type Port changed None to 1.1 on consumer Open vSwitch agent@localhost.localdomain _set_version /usr/lib/python2.7/site-packages/neutron/api/rpc/callbacks/version_manager.py:119
2018-06-30 04:12:07.405 17852 DEBUG neutron.api.rpc.callbacks.version_manager [req-164bec89-e4a6-4b28-a1c0-0495272163d0 5f30a90b4ef3441e8fb3c373acdb4705 ebbfb6b9ee92405a9421d615805438a7 - - -] Version for resource type Log changed None to 1.0 on consumer Open vSwitch agent@localhost.localdomain _set_version /usr/lib/python2.7/site-packages/neutron/api/rpc/callbacks/version_manager.py:119
2018-06-30 04:12:07.425 17852 DEBUG neutron.quota.resource [req-164bec89-e4a6-4b28-a1c0-0495272163d0 5f30a90b4ef3441e8fb3c373acdb4705 ebbfb6b9ee92405a9421d615805438a7 - 6a55db40a5da492092d9f786bc5ec775 6a55db40a5da492092d9f786bc5ec775] Persisted dirty status for tenant:ebbfb6b9ee92405a9421d615805438a7 on resource:security_group_rule mark_dirty /usr/lib/python2.7/site-packages/neutron/quota/resource.py:207
2018-06-30 04:12:07.429 17852 DEBUG oslo_concurrency.lockutils [req-164bec89-e4a6-4b28-a1c0-0495272163d0 5f30a90b4ef3441e8fb3c373acdb4705 ebbfb6b9ee92405a9421d615805438a7 - - -] Lock "event-dispatch" released by "neutron.plugins.ml2.ovo_rpc.dispatch_events" :: held 0.084s inner /usr/lib/python2.7/site-packages/oslo_concurrency/lockutils.py:282
2018-06-30 04:12:07.439 17852 DEBUG neutron_lib.callbacks.manager [req-164bec89-e4a6-4b28-a1c0-0495272163d0 5f30a90b4ef3441e8fb3c373acdb4705 ebbfb6b9ee92405a9421d615805438a7 - 6a55db40a5da492092d9f786bc5ec775 6a55db40a5da492092d9f786bc5ec775] Notify callbacks [] for security_group_rule, before_response _notify_loop /usr/lib/python2.7/site-packages/neutron_lib/callbacks/manager.py:167
2018-06-30 04:12:07.441 17852 INFO neutron.wsgi [req-164bec89-e4a6-4b28-a1c0-0495272163d0 5f30a90b4ef3441e8fb3c373acdb4705 ebbfb6b9ee92405a9421d615805438a7 - 6a55db40a5da492092d9f786bc5ec775 6a55db40a5da492092d9f786bc5ec775] 10.0.20.23 "POST /v2.0/security-group-rules HTTP/1.1" status: 201  len: 718 time: 0.3335841
2018-06-30 04:12:09.554 17868 DEBUG neutron.db.agents_db [req-160ed840-9940-4f6f-9406-b6f7d951e85e - - - - -] Agent healthcheck: found 5 active agents agent_health_check /usr/lib/python2.7/site-packages/neutron/db/agents_db.py:281
2018-06-30 04:12:12.864 17852 DEBUG neutron.wsgi [-] (17852) accepted ('10.0.20.23', 47840) server /usr/lib/python2.7/site-packages/eventlet/wsgi.py:883
2018-06-30 04:12:12.868 17852 INFO neutron.wsgi [-] 10.0.20.23 "GET / HTTP/1.1" status: 200  len: 252 time: 0.0021422
2018-06-30 04:12:13.498 17852 INFO neutron.wsgi [req-39cac45c-3889-4198-aa97-1a0078dcaefb 5f30a90b4ef3441e8fb3c373acdb4705 ebbfb6b9ee92405a9421d615805438a7 - 6a55db40a5da492092d9f786bc5ec775 6a55db40a5da492092d9f786bc5ec775] 10.0.20.23 "GET /v2.0/security-groups HTTP/1.1" status: 200  len: 23597 time: 0.6245098
2018-06-30 04:12:21.878 17855 DEBUG neutron.wsgi [-] (17855) accepted ('10.0.20.23', 48360) server /usr/lib/python2.7/site-packages/eventlet/wsgi.py:883
2018-06-30 04:12:21.882 17855 INFO neutron.wsgi [-] 10.0.20.23 "GET / HTTP/1.1" status: 200  len: 252 time: 0.0019810
2018-06-30 04:12:22.357 17855 INFO neutron.pecan_wsgi.hooks.translation [req-8ab1c88d-59d8-4b8f-b22e-4cb7292b639e 4e72ad8ceb8f47a28db5a4b3551f9335 007e7f1ed2554995b505b934dd328646 - default default] GET failed (client error): The resource could not be found.
2018-06-30 04:12:22.359 17855 INFO neutron.wsgi [req-8ab1c88d-59d8-4b8f-b22e-4cb7292b639e 4e72ad8ceb8f47a28db5a4b3551f9335 007e7f1ed2554995b505b934dd328646 - default default] 10.0.20.23 "GET /v2.0/networks/public HTTP/1.1" status: 404  len: 314 time: 0.4718609
2018-06-30 04:12:22.532 17855 DEBUG neutron.pecan_wsgi.hooks.policy_enforcement [req-e8648f26-479a-4a8e-ad12-938137be2b66 4e72ad8ceb8f47a28db5a4b3551f9335 007e7f1ed2554995b505b934dd328646 - default default] Attributes excluded by policy engine: [u'vlan_transparent'] _exclude_attributes_by_policy /usr/lib/python2.7/site-packages/neutron/pecan_wsgi/hooks/policy_enforcement.py:256
2018-06-30 04:12:22.533 17855 DEBUG neutron.pecan_wsgi.hooks.policy_enforcement [req-e8648f26-479a-4a8e-ad12-938137be2b66 4e72ad8ceb8f47a28db5a4b3551f9335 007e7f1ed2554995b505b934dd328646 - default default] Attributes excluded by policy engine: [u'vlan_transparent'] _exclude_attributes_by_policy /usr/lib/python2.7/site-packages/neutron/pecan_wsgi/hooks/policy_enforcement.py:256
2018-06-30 04:12:22.534 17855 INFO neutron.wsgi [req-e8648f26-479a-4a8e-ad12-938137be2b66 4e72ad8ceb8f47a28db5a4b3551f9335 007e7f1ed2554995b505b934dd328646 - default default] 10.0.20.23 "GET /v2.0/networks HTTP/1.1" status: 200  len: 1542 time: 0.1720171
2018-06-30 04:12:23.700 17861 DEBUG neutron_lib.callbacks.manager [req-4ce8ae93-9748-4911-b3d8-03735eb4f9d4 - - - - -] Notify callbacks ['neutron.services.segments.db._update_segment_host_mapping_for_agent-8756798935858'] for agent, after_update _notify_loop /usr/lib/python2.7/site-packages/neutron_lib/callbacks/manager.py:167
2018-06-30 04:12:26.968 17865 DEBUG neutron_lib.callbacks.manager [req-0069fc34-346a-41fa-9b9f-724240912623 - - - - -] Notify callbacks ['neutron.services.segments.db._update_segment_host_mapping_for_agent-8756798935858'] for agent, after_update _notify_loop /usr/lib/python2.7/site-packages/neutron_lib/callbacks/manager.py:167
2018-06-30 04:12:26.984 17867 DEBUG neutron_lib.callbacks.manager [req-51513e3d-3d4f-4dd7-9e15-b7e55e646988 - - - - -] Notify callbacks ['neutron.services.segments.db._update_segment_host_mapping_for_agent-8756798935858'] for agent, after_update _notify_loop /usr/lib/python2.7/site-packages/neutron_lib/callbacks/manager.py:167
2018-06-30 04:12:27.000 17862 DEBUG neutron_lib.callbacks.manager [req-e75619a0-330c-423b-ad95-6fdb054a8b02 - - - - -] Notify callbacks ['neutron.services.segments.db._update_segment_host_mapping_for_agent-8756798935858'] for agent, after_update _notify_loop /usr/lib/python2.7/site-packages/neutron_lib/callbacks/manager.py:167
2018-06-30 04:12:27.761 17855 DEBUG neutron.wsgi [-] (17855) accepted ('10.0.20.23', 48632) server /usr/lib/python2.7/site-packages/eventlet/wsgi.py:883
2018-06-30 04:12:27.764 17855 INFO neutron.wsgi [-] 10.0.20.23 "GET / HTTP/1.1" status: 200  len: 252 time: 0.0013180
2018-06-30 04:12:27.774 17860 DEBUG neutron_lib.callbacks.manager [req-1f22ca2c-98e3-45af-b5bf-8c6f45176e33 - - - - -] Notify callbacks ['neutron.services.segments.db._update_segment_host_mapping_for_agent-8756798935858'] for agent, after_update _notify_loop /usr/lib/python2.7/site-packages/neutron_lib/callbacks/manager.py:167
2018-06-30 04:12:28.225 17855 DEBUG neutron.api.v2.base [req-ef40fc0c-c74f-4bfd-9cad-b81b6bb9b520 5f30a90b4ef3441e8fb3c373acdb4705 ebbfb6b9ee92405a9421d615805438a7 - 6a55db40a5da492092d9f786bc5ec775 6a55db40a5da492092d9f786bc5ec775] Request body: {u'network': {u'name': u'tempest-private-1530324645', u'admin_state_up': True}} prepare_request_body /usr/lib/python2.7/site-packages/neutron/api/v2/base.py:695
2018-06-30 04:12:28.230 17855 DEBUG neutron.db.quota.driver [req-ef40fc0c-c74f-4bfd-9cad-b81b6bb9b520 5f30a90b4ef3441e8fb3c373acdb4705 ebbfb6b9ee92405a9421d615805438a7 - 6a55db40a5da492092d9f786bc5ec775 6a55db40a5da492092d9f786bc5ec775] Resources subnetpool have unlimited quota limit. It is not required to calculate headroom  make_reservation /usr/lib/python2.7/site-packages/neutron/db/quota/driver.py:223
2018-06-30 04:12:28.241 17855 DEBUG neutron.quota.resource [req-ef40fc0c-c74f-4bfd-9cad-b81b6bb9b520 5f30a90b4ef3441e8fb3c373acdb4705 ebbfb6b9ee92405a9421d615805438a7 - 6a55db40a5da492092d9f786bc5ec775 6a55db40a5da492092d9f786bc5ec775] Usage tracker for resource:network and tenant:ebbfb6b9ee92405a9421d615805438a7 is out of sync, need to count used quota count_used /usr/lib/python2.7/site-packages/neutron/quota/resource.py:274
2018-06-30 04:12:28.259 17855 DEBUG neutron.quota.resource [req-ef40fc0c-c74f-4bfd-9cad-b81b6bb9b520 5f30a90b4ef3441e8fb3c373acdb4705 ebbfb6b9ee92405a9421d615805438a7 - 6a55db40a5da492092d9f786bc5ec775 6a55db40a5da492092d9f786bc5ec775] Quota usage for network was recalculated. Used quota:0. count_used /usr/lib/python2.7/site-packages/neutron/quota/resource.py:293
2018-06-30 04:12:28.271 17855 DEBUG neutron.db.quota.driver [req-ef40fc0c-c74f-4bfd-9cad-b81b6bb9b520 5f30a90b4ef3441e8fb3c373acdb4705 ebbfb6b9ee92405a9421d615805438a7 - 6a55db40a5da492092d9f786bc5ec775 6a55db40a5da492092d9f786bc5ec775] Attempting to reserve 1 items for resource network. Total usage: 0; quota limit: 100; headroom:100 make_reservation /usr/lib/python2.7/site-packages/neutron/db/quota/driver.py:255
2018-06-30 04:12:28.310 17855 DEBUG neutron.pecan_wsgi.hooks.quota_enforcement [req-ef40fc0c-c74f-4bfd-9cad-b81b6bb9b520 5f30a90b4ef3441e8fb3c373acdb4705 ebbfb6b9ee92405a9421d615805438a7 - 6a55db40a5da492092d9f786bc5ec775 6a55db40a5da492092d9f786bc5ec775] Made reservation on behalf of ebbfb6b9ee92405a9421d615805438a7 for: {'network': 1} before /usr/lib/python2.7/site-packages/neutron/pecan_wsgi/hooks/quota_enforcement.py:55
2018-06-30 04:12:28.330 17855 DEBUG neutron_lib.callbacks.manager [req-ef40fc0c-c74f-4bfd-9cad-b81b6bb9b520 5f30a90b4ef3441e8fb3c373acdb4705 ebbfb6b9ee92405a9421d615805438a7 - 6a55db40a5da492092d9f786bc5ec775 6a55db40a5da492092d9f786bc5ec775] Notify callbacks ['neutron.plugins.ml2.plugin.Ml2Plugin._ensure_default_security_group_handler--9223372036854328728'] for network, before_create _notify_loop /usr/lib/python2.7/site-packages/neutron_lib/callbacks/manager.py:167
2018-06-30 04:12:28.406 17855 DEBUG neutron.plugins.ml2.drivers.helpers [req-ef40fc0c-c74f-4bfd-9cad-b81b6bb9b520 5f30a90b4ef3441e8fb3c373acdb4705 ebbfb6b9ee92405a9421d615805438a7 - 6a55db40a5da492092d9f786bc5ec775 6a55db40a5da492092d9f786bc5ec775] vxlan segment allocate from pool started with {'vxlan_vni': 90}  allocate_partially_specified_segment /usr/lib/python2.7/site-packages/neutron/plugins/ml2/drivers/helpers.py:157
2018-06-30 04:12:28.411 17855 DEBUG neutron.plugins.ml2.drivers.helpers [req-ef40fc0c-c74f-4bfd-9cad-b81b6bb9b520 5f30a90b4ef3441e8fb3c373acdb4705 ebbfb6b9ee92405a9421d615805438a7 - 6a55db40a5da492092d9f786bc5ec775 6a55db40a5da492092d9f786bc5ec775] vxlan segment allocate from pool success with {'vxlan_vni': 90}  allocate_partially_specified_segment /usr/lib/python2.7/site-packages/neutron/plugins/ml2/drivers/helpers.py:165
2018-06-30 04:12:28.435 17855 DEBUG neutron_lib.callbacks.manager [req-ef40fc0c-c74f-4bfd-9cad-b81b6bb9b520 5f30a90b4ef3441e8fb3c373acdb4705 ebbfb6b9ee92405a9421d615805438a7 - 6a55db40a5da492092d9f786bc5ec775 6a55db40a5da492092d9f786bc5ec775] Notify callbacks ['neutron.services.segments.db._add_segment_host_mapping_for_segment--9223363280055839943', 'neutron.plugins.ml2.plugin.Ml2Plugin._handle_segment_change--9223372036853861460'] for segment, precommit_create _notify_loop /usr/lib/python2.7/site-packages/neutron_lib/callbacks/manager.py:167
2018-06-30 04:12:28.436 17855 INFO neutron.db.segments_db [req-ef40fc0c-c74f-4bfd-9cad-b81b6bb9b520 5f30a90b4ef3441e8fb3c373acdb4705 ebbfb6b9ee92405a9421d615805438a7 - 6a55db40a5da492092d9f786bc5ec775 6a55db40a5da492092d9f786bc5ec775] Added segment 9eb825f8-a8f5-4bed-94d7-6d498cf71f7e of type vxlan for network e23ee5c2-a162-42b9-a5ad-30fefc88ffbe
2018-06-30 04:12:28.545 17855 DEBUG neutron_lib.callbacks.manager [req-ef40fc0c-c74f-4bfd-9cad-b81b6bb9b520 5f30a90b4ef3441e8fb3c373acdb4705 ebbfb6b9ee92405a9421d615805438a7 - 6a55db40a5da492092d9f786bc5ec775 6a55db40a5da492092d9f786bc5ec775] Notify callbacks ['neutron.services.auto_allocate.db._ensure_external_network_default_value_callback-8756798526499'] for network, precommit_create _notify_loop /usr/lib/python2.7/site-packages/neutron_lib/callbacks/manager.py:167
2018-06-30 04:12:28.619 17855 DEBUG neutron_lib.callbacks.manager [req-ef40fc0c-c74f-4bfd-9cad-b81b6bb9b520 5f30a90b4ef3441e8fb3c373acdb4705 ebbfb6b9ee92405a9421d615805438a7 - 6a55db40a5da492092d9f786bc5ec775 6a55db40a5da492092d9f786bc5ec775] Notify callbacks ['neutron.api.rpc.agentnotifiers.dhcp_rpc_agent_api.DhcpAgentNotifyAPI._native_event_send_dhcp_notification-3562519', 'neutron.plugins.ml2.ovo_rpc._ObjectChangeHandler.handle_event-3781206'] for network, after_create _notify_loop /usr/lib/python2.7/site-packages/neutron_lib/callbacks/manager.py:167
2018-06-30 04:12:28.621 17855 DEBUG neutron.pecan_wsgi.hooks.policy_enforcement [req-ef40fc0c-c74f-4bfd-9cad-b81b6bb9b520 5f30a90b4ef3441e8fb3c373acdb4705 ebbfb6b9ee92405a9421d615805438a7 - 6a55db40a5da492092d9f786bc5ec775 6a55db40a5da492092d9f786bc5ec775] Attributes excluded by policy engine: [u'vlan_transparent'] _exclude_attributes_by_policy /usr/lib/python2.7/site-packages/neutron/pecan_wsgi/hooks/policy_enforcement.py:256
2018-06-30 04:12:28.623 17855 DEBUG neutron_lib.callbacks.manager [req-ef40fc0c-c74f-4bfd-9cad-b81b6bb9b520 5f30a90b4ef3441e8fb3c373acdb4705 ebbfb6b9ee92405a9421d615805438a7 - 6a55db40a5da492092d9f786bc5ec775 6a55db40a5da492092d9f786bc5ec775] Notify callbacks ['neutron.api.rpc.agentnotifiers.dhcp_rpc_agent_api.DhcpAgentNotifyAPI._send_dhcp_notification-3562500'] for network, before_response _notify_loop /usr/lib/python2.7/site-packages/neutron_lib/callbacks/manager.py:167
2018-06-30 04:12:28.627 17855 DEBUG oslo_concurrency.lockutils [-] Lock "event-dispatch" acquired by "neutron.plugins.ml2.ovo_rpc.dispatch_events" :: waited 0.000s inner /usr/lib/python2.7/site-packages/oslo_concurrency/lockutils.py:270
2018-06-30 04:12:28.776 17855 DEBUG neutron.quota.resource [req-ef40fc0c-c74f-4bfd-9cad-b81b6bb9b520 5f30a90b4ef3441e8fb3c373acdb4705 ebbfb6b9ee92405a9421d615805438a7 - 6a55db40a5da492092d9f786bc5ec775 6a55db40a5da492092d9f786bc5ec775] Persisted dirty status for tenant:ebbfb6b9ee92405a9421d615805438a7 on resource:network mark_dirty /usr/lib/python2.7/site-packages/neutron/quota/resource.py:207
2018-06-30 04:12:28.794 17855 DEBUG neutron.api.rpc.handlers.resources_rpc [req-ef40fc0c-c74f-4bfd-9cad-b81b6bb9b520 5f30a90b4ef3441e8fb3c373acdb4705 ebbfb6b9ee92405a9421d615805438a7 - - -] neutron.api.rpc.handlers.resources_rpc.ResourcesPushRpcApi method push called with arguments (<neutron_lib.context.Context object at 0x7f6d9d4456d0>, [Network(admin_state_up=True,availability_zone_hints=[],created_at=2018-06-30T02:12:28Z,description='',dns_domain=None,id=e23ee5c2-a162-42b9-a5ad-30fefc88ffbe,mtu=1450,name='tempest-private-1530324645',project_id='ebbfb6b9ee92405a9421d615805438a7',qos_policy_id=None,revision_number=2,security=NetworkPortSecurity(e23ee5c2-a162-42b9-a5ad-30fefc88ffbe),segments=[NetworkSegment(9eb825f8-a8f5-4bed-94d7-6d498cf71f7e)],shared=False,status='ACTIVE',updated_at=2018-06-30T02:12:28Z,vlan_transparent=<?>)], 'updated') {} wrapper /usr/lib/python2.7/site-packages/oslo_log/helpers.py:66
2018-06-30 04:12:28.801 17855 INFO neutron.wsgi [req-ef40fc0c-c74f-4bfd-9cad-b81b6bb9b520 5f30a90b4ef3441e8fb3c373acdb4705 ebbfb6b9ee92405a9421d615805438a7 - 6a55db40a5da492092d9f786bc5ec775 6a55db40a5da492092d9f786bc5ec775] 10.0.20.23 "POST /v2.0/networks HTTP/1.1" status: 201  len: 862 time: 1.0321681
2018-06-30 04:12:28.810 17855 DEBUG oslo_concurrency.lockutils [req-ef40fc0c-c74f-4bfd-9cad-b81b6bb9b520 5f30a90b4ef3441e8fb3c373acdb4705 ebbfb6b9ee92405a9421d615805438a7 - - -] Lock "event-dispatch" released by "neutron.plugins.ml2.ovo_rpc.dispatch_events" :: held 0.183s inner /usr/lib/python2.7/site-packages/oslo_concurrency/lockutils.py:282
2018-06-30 04:12:34.413 17854 DEBUG neutron.wsgi [-] (17854) accepted ('10.0.20.23', 48648) server /usr/lib/python2.7/site-packages/eventlet/wsgi.py:883
2018-06-30 04:12:34.415 17854 INFO neutron.wsgi [-] 10.0.20.23 "GET / HTTP/1.1" status: 200  len: 252 time: 0.0011640
2018-06-30 04:12:34.846 17854 INFO neutron.pecan_wsgi.hooks.translation [req-356a44a4-dfad-4d07-9c29-f1504dbcdc3c 5f30a90b4ef3441e8fb3c373acdb4705 ebbfb6b9ee92405a9421d615805438a7 - 6a55db40a5da492092d9f786bc5ec775 6a55db40a5da492092d9f786bc5ec775] GET failed (client error): The resource could not be found.
2018-06-30 04:12:34.849 17854 INFO neutron.wsgi [req-356a44a4-dfad-4d07-9c29-f1504dbcdc3c 5f30a90b4ef3441e8fb3c373acdb4705 ebbfb6b9ee92405a9421d615805438a7 - 6a55db40a5da492092d9f786bc5ec775 6a55db40a5da492092d9f786bc5ec775] 10.0.20.23 "GET /v2.0/networks/tempest-private-1530324645 HTTP/1.1" status: 404  len: 334 time: 0.4304769
