2018-06-26 15:16:47.649 4519 DEBUG neutron.services.segments.db [req-741bf0bb-e1ce-4e65-b47d-9a06d4cebc1d aa9ab289b900453cbe540da36aa76872 1a35e3b0e18c4eff8ec68ce1f34b28b0 - default default] neutron.services.segments.plugin.Plugin method get_segments called with arguments (<neutron_lib.context.Context object at 0x7f63a715d450>,) {'filters': {'network_id': [u'0246ab2d-70e4-45dc-9a3a-0b15e1754cb9']}} wrapper /usr/lib/python2.7/site-packages/oslo_log/helpers.py:66
2018-06-26 15:16:47.675 4519 DEBUG neutron.services.segments.db [req-741bf0bb-e1ce-4e65-b47d-9a06d4cebc1d aa9ab289b900453cbe540da36aa76872 1a35e3b0e18c4eff8ec68ce1f34b28b0 - default default] neutron.services.segments.plugin.Plugin method delete_segment called with arguments (<neutron_lib.context.Context object at 0x7f63a715d450>, 'dcf4cfc8-996c-4235-9904-ae40266ec74b') {'for_net_delete': True} wrapper /usr/lib/python2.7/site-packages/oslo_log/helpers.py:66
2018-06-26 15:16:47.676 4519 DEBUG neutron.services.segments.db [req-741bf0bb-e1ce-4e65-b47d-9a06d4cebc1d aa9ab289b900453cbe540da36aa76872 1a35e3b0e18c4eff8ec68ce1f34b28b0 - default default] neutron.services.segments.plugin.Plugin method get_segment called with arguments (<neutron_lib.context.Context object at 0x7f63a715d450>, 'dcf4cfc8-996c-4235-9904-ae40266ec74b') {} wrapper /usr/lib/python2.7/site-packages/oslo_log/helpers.py:66
2018-06-26 15:16:47.701 4519 DEBUG neutron_lib.callbacks.manager [req-741bf0bb-e1ce-4e65-b47d-9a06d4cebc1d aa9ab289b900453cbe540da36aa76872 1a35e3b0e18c4eff8ec68ce1f34b28b0 - default default] Notify callbacks ['neutron.plugins.ml2.db._prevent_segment_delete_with_port_bound--9223363282729071138', 'neutron.services.segments.plugin.Plugin._prevent_segment_delete_with_subnet_associated-16564145'] for segment, before_delete _notify_loop /usr/lib/python2.7/site-packages/neutron_lib/callbacks/manager.py:167
2018-06-26 15:16:47.772 4519 DEBUG neutron_lib.callbacks.manager [req-741bf0bb-e1ce-4e65-b47d-9a06d4cebc1d aa9ab289b900453cbe540da36aa76872 1a35e3b0e18c4eff8ec68ce1f34b28b0 - default default] Notify callbacks ['neutron.plugins.ml2.plugin.Ml2Plugin._handle_segment_change--9223372036852788266'] for segment, precommit_delete _notify_loop /usr/lib/python2.7/site-packages/neutron_lib/callbacks/manager.py:167
2018-06-26 15:16:47.777 4519 DEBUG neutron.plugins.ml2.drivers.type_tunnel [req-741bf0bb-e1ce-4e65-b47d-9a06d4cebc1d aa9ab289b900453cbe540da36aa76872 1a35e3b0e18c4eff8ec68ce1f34b28b0 - default default] Releasing vxlan tunnel 30 to pool release_segment /usr/lib/python2.7/site-packages/neutron/plugins/ml2/drivers/type_tunnel.py:322
2018-06-26 15:16:48.046 4536 DEBUG neutron.api.rpc.handlers.dhcp_rpc [req-7c091603-2920-4224-9913-fe977ecc2a09 - - - - -] DHCP port deletion for 0246ab2d-70e4-45dc-9a3a-0b15e1754cb9 request from localhost.localdomain release_dhcp_port /usr/lib/python2.7/site-packages/neutron/api/rpc/handlers/dhcp_rpc.py:244
2018-06-26 15:16:48.276 4519 DEBUG neutron.plugins.ml2.managers [req-741bf0bb-e1ce-4e65-b47d-9a06d4cebc1d aa9ab289b900453cbe540da36aa76872 1a35e3b0e18c4eff8ec68ce1f34b28b0 - default default] Network 0246ab2d-70e4-45dc-9a3a-0b15e1754cb9 has no segments _extend_network_dict_provider /usr/lib/python2.7/site-packages/neutron/plugins/ml2/managers.py:165
2018-06-26 15:16:48.294 4519 DEBUG neutron_lib.callbacks.manager [req-741bf0bb-e1ce-4e65-b47d-9a06d4cebc1d aa9ab289b900453cbe540da36aa76872 1a35e3b0e18c4eff8ec68ce1f34b28b0 - default default] Notify callbacks ['neutron.plugins.ml2.plugin.Ml2Plugin._handle_segment_change--9223372036852788266'] for segment, after_delete _notify_loop /usr/lib/python2.7/site-packages/neutron_lib/callbacks/manager.py:167
2018-06-26 15:16:48.573 4519 DEBUG neutron.plugins.ml2.managers [req-741bf0bb-e1ce-4e65-b47d-9a06d4cebc1d aa9ab289b900453cbe540da36aa76872 1a35e3b0e18c4eff8ec68ce1f34b28b0 - default default] Network 0246ab2d-70e4-45dc-9a3a-0b15e1754cb9 has no segments _extend_network_dict_provider /usr/lib/python2.7/site-packages/neutron/plugins/ml2/managers.py:165
2018-06-26 15:16:48.738 4519 DEBUG neutron_lib.callbacks.manager [req-741bf0bb-e1ce-4e65-b47d-9a06d4cebc1d aa9ab289b900453cbe540da36aa76872 1a35e3b0e18c4eff8ec68ce1f34b28b0 - default default] Notify callbacks ['neutron.plugins.ml2.ovo_rpc._ObjectChangeHandler.handle_event-642668', 'neutron.api.rpc.agentnotifiers.dhcp_rpc_agent_api.DhcpAgentNotifyAPI._native_event_send_dhcp_notification--9223372036854007287', 'neutron.plugins.ml2.plugin.Ml2Plugin._network_delete_after_delete_handler--9223372036852789546'] for network, after_delete _notify_loop /usr/lib/python2.7/site-packages/neutron_lib/callbacks/manager.py:167
2018-06-26 15:16:48.746 4519 DEBUG oslo_concurrency.lockutils [-] Lock "event-dispatch" acquired by "neutron.plugins.ml2.ovo_rpc.dispatch_events" :: waited 0.000s inner /usr/lib/python2.7/site-packages/oslo_concurrency/lockutils.py:270
2018-06-26 15:16:48.776 4519 DEBUG neutron.api.rpc.handlers.resources_rpc [req-741bf0bb-e1ce-4e65-b47d-9a06d4cebc1d aa9ab289b900453cbe540da36aa76872 1a35e3b0e18c4eff8ec68ce1f34b28b0 - - -] neutron.api.rpc.handlers.resources_rpc.ResourcesPushRpcApi method push called with arguments (<neutron_lib.context.Context object at 0x7f63a7d283d0>, [Network(admin_state_up=<?>,availability_zone_hints=<?>,created_at=<?>,description=<?>,dns_domain=<?>,id=0246ab2d-70e4-45dc-9a3a-0b15e1754cb9,mtu=<?>,name=<?>,project_id=<?>,qos_policy_id=None,revision_number=<?>,security=<?>,segments=<?>,shared=False,status=<?>,updated_at=<?>,vlan_transparent=<?>)], 'deleted') {} wrapper /usr/lib/python2.7/site-packages/oslo_log/helpers.py:66
2018-06-26 15:16:48.797 4519 DEBUG oslo_concurrency.lockutils [req-741bf0bb-e1ce-4e65-b47d-9a06d4cebc1d aa9ab289b900453cbe540da36aa76872 1a35e3b0e18c4eff8ec68ce1f34b28b0 - - -] Lock "event-dispatch" released by "neutron.plugins.ml2.ovo_rpc.dispatch_events" :: held 0.050s inner /usr/lib/python2.7/site-packages/oslo_concurrency/lockutils.py:282
2018-06-26 15:16:48.799 4519 DEBUG neutron_lib.callbacks.manager [req-741bf0bb-e1ce-4e65-b47d-9a06d4cebc1d aa9ab289b900453cbe540da36aa76872 1a35e3b0e18c4eff8ec68ce1f34b28b0 - default default] Notify callbacks ['neutron.api.rpc.agentnotifiers.dhcp_rpc_agent_api.DhcpAgentNotifyAPI._send_dhcp_notification--9223372036854007266'] for network, before_response _notify_loop /usr/lib/python2.7/site-packages/neutron_lib/callbacks/manager.py:167
2018-06-26 15:16:48.808 4519 DEBUG neutron.quota.resource [req-741bf0bb-e1ce-4e65-b47d-9a06d4cebc1d aa9ab289b900453cbe540da36aa76872 1a35e3b0e18c4eff8ec68ce1f34b28b0 - default default] Persisted dirty status for tenant:32f1115ca83443f984a48c1ea9b2bf51 on resource:subnet mark_dirty /usr/lib/python2.7/site-packages/neutron/quota/resource.py:207
2018-06-26 15:16:48.822 4519 DEBUG neutron.quota.resource [req-741bf0bb-e1ce-4e65-b47d-9a06d4cebc1d aa9ab289b900453cbe540da36aa76872 1a35e3b0e18c4eff8ec68ce1f34b28b0 - default default] Persisted dirty status for tenant:32f1115ca83443f984a48c1ea9b2bf51 on resource:network mark_dirty /usr/lib/python2.7/site-packages/neutron/quota/resource.py:207
2018-06-26 15:16:48.829 4519 INFO neutron.wsgi [req-741bf0bb-e1ce-4e65-b47d-9a06d4cebc1d aa9ab289b900453cbe540da36aa76872 1a35e3b0e18c4eff8ec68ce1f34b28b0 - default default] 10.0.20.24 "DELETE /v2.0/networks/0246ab2d-70e4-45dc-9a3a-0b15e1754cb9 HTTP/1.1" status: 204  len: 173 time: 2.7494678
2018-06-26 15:16:55.459 4519 DEBUG neutron.wsgi [-] (4519) accepted ('10.0.20.24', 46724) server /usr/lib/python2.7/site-packages/eventlet/wsgi.py:883
2018-06-26 15:16:55.463 4519 INFO neutron.wsgi [-] 10.0.20.24 "GET / HTTP/1.1" status: 200  len: 252 time: 0.0023551
2018-06-26 15:16:55.950 4519 INFO neutron.api.v2.resource [req-c54a07bd-23ca-4dac-962e-652658945629 aa9ab289b900453cbe540da36aa76872 1a35e3b0e18c4eff8ec68ce1f34b28b0 - default default] show failed (client error): The resource could not be found.
2018-06-26 15:16:55.952 4519 INFO neutron.wsgi [req-c54a07bd-23ca-4dac-962e-652658945629 aa9ab289b900453cbe540da36aa76872 1a35e3b0e18c4eff8ec68ce1f34b28b0 - default default] 10.0.20.24 "GET /v2.0/security-groups/tempest-SECURITY_GROUP_SAMPLE-1530018428 HTTP/1.1" status: 404  len: 360 time: 0.4839928
2018-06-26 15:16:56.262 4519 INFO neutron.wsgi [req-4902b6d2-88e1-476c-a3df-2515d194be62 aa9ab289b900453cbe540da36aa76872 1a35e3b0e18c4eff8ec68ce1f34b28b0 - default default] 10.0.20.24 "GET /v2.0/security-groups HTTP/1.1" status: 200  len: 35707 time: 0.3050580
2018-06-26 15:16:56.426 4519 DEBUG neutron_lib.callbacks.manager [req-60c49f79-d8df-4668-baf8-de729c15fe3f aa9ab289b900453cbe540da36aa76872 1a35e3b0e18c4eff8ec68ce1f34b28b0 - default default] Notify callbacks [] for security_group, before_delete _notify_loop /usr/lib/python2.7/site-packages/neutron_lib/callbacks/manager.py:167
2018-06-26 15:16:56.493 4519 DEBUG neutron_lib.callbacks.manager [req-60c49f79-d8df-4668-baf8-de729c15fe3f aa9ab289b900453cbe540da36aa76872 1a35e3b0e18c4eff8ec68ce1f34b28b0 - default default] Notify callbacks [] for security_group, precommit_delete _notify_loop /usr/lib/python2.7/site-packages/neutron_lib/callbacks/manager.py:167
2018-06-26 15:16:56.572 4519 DEBUG neutron_lib.callbacks.manager [req-60c49f79-d8df-4668-baf8-de729c15fe3f aa9ab289b900453cbe540da36aa76872 1a35e3b0e18c4eff8ec68ce1f34b28b0 - default default] Notify callbacks ['neutron.plugins.ml2.ovo_rpc._ObjectChangeHandler.handle_event-642764'] for security_group, after_delete _notify_loop /usr/lib/python2.7/site-packages/neutron_lib/callbacks/manager.py:167
2018-06-26 15:16:56.582 4519 DEBUG oslo_concurrency.lockutils [-] Lock "event-dispatch" acquired by "neutron.plugins.ml2.ovo_rpc.dispatch_events" :: waited 0.000s inner /usr/lib/python2.7/site-packages/oslo_concurrency/lockutils.py:270
2018-06-26 15:16:56.597 4519 DEBUG neutron.quota.resource [req-60c49f79-d8df-4668-baf8-de729c15fe3f aa9ab289b900453cbe540da36aa76872 1a35e3b0e18c4eff8ec68ce1f34b28b0 - default default] Persisted dirty status for tenant:32f1115ca83443f984a48c1ea9b2bf51 on resource:security_group_rule mark_dirty /usr/lib/python2.7/site-packages/neutron/quota/resource.py:207
2018-06-26 15:16:56.601 4519 DEBUG neutron.api.rpc.handlers.resources_rpc [req-60c49f79-d8df-4668-baf8-de729c15fe3f aa9ab289b900453cbe540da36aa76872 1a35e3b0e18c4eff8ec68ce1f34b28b0 - - -] neutron.api.rpc.handlers.resources_rpc.ResourcesPushRpcApi method push called with arguments (<neutron_lib.context.Context object at 0x7f63a7825190>, [SecurityGroup(created_at=<?>,description=<?>,id=00bc248d-0efa-4c15-9d9f-a970a6d3de12,is_default=False,name=<?>,project_id=<?>,revision_number=<?>,rules=<?>,updated_at=<?>)], 'deleted') {} wrapper /usr/lib/python2.7/site-packages/oslo_log/helpers.py:66
2018-06-26 15:16:56.625 4519 DEBUG oslo_concurrency.lockutils [req-60c49f79-d8df-4668-baf8-de729c15fe3f aa9ab289b900453cbe540da36aa76872 1a35e3b0e18c4eff8ec68ce1f34b28b0 - - -] Lock "event-dispatch" released by "neutron.plugins.ml2.ovo_rpc.dispatch_events" :: held 0.043s inner /usr/lib/python2.7/site-packages/oslo_concurrency/lockutils.py:282
2018-06-26 15:16:56.632 4519 DEBUG neutron.quota.resource [req-60c49f79-d8df-4668-baf8-de729c15fe3f aa9ab289b900453cbe540da36aa76872 1a35e3b0e18c4eff8ec68ce1f34b28b0 - default default] Persisted dirty status for tenant:32f1115ca83443f984a48c1ea9b2bf51 on resource:security_group mark_dirty /usr/lib/python2.7/site-packages/neutron/quota/resource.py:207
2018-06-26 15:16:56.643 4519 DEBUG neutron_lib.callbacks.manager [req-60c49f79-d8df-4668-baf8-de729c15fe3f aa9ab289b900453cbe540da36aa76872 1a35e3b0e18c4eff8ec68ce1f34b28b0 - default default] Notify callbacks [] for security_group, before_response _notify_loop /usr/lib/python2.7/site-packages/neutron_lib/callbacks/manager.py:167
2018-06-26 15:16:56.646 4519 INFO neutron.wsgi [req-60c49f79-d8df-4668-baf8-de729c15fe3f aa9ab289b900453cbe540da36aa76872 1a35e3b0e18c4eff8ec68ce1f34b28b0 - default default] 10.0.20.24 "DELETE /v2.0/security-groups/00bc248d-0efa-4c15-9d9f-a970a6d3de12 HTTP/1.1" status: 204  len: 173 time: 0.3617940
2018-06-26 15:16:57.110 4538 DEBUG neutron.db.agents_db [req-1258e6df-d289-4544-8545-4d16e925383c - - - - -] Agent healthcheck: found 5 active agents agent_health_check /usr/lib/python2.7/site-packages/neutron/db/agents_db.py:281
2018-06-26 15:16:58.336 4534 DEBUG neutron_lib.callbacks.manager [req-c85a3639-7e43-4f1b-ad24-66125e011e90 - - - - -] Notify callbacks ['neutron.services.segments.db._update_segment_host_mapping_for_agent-8754125470544'] for agent, after_update _notify_loop /usr/lib/python2.7/site-packages/neutron_lib/callbacks/manager.py:167
2018-06-26 15:16:58.404 4531 DEBUG neutron_lib.callbacks.manager [req-4f4e5035-f27a-419e-be3f-903ad278f5ba - - - - -] Notify callbacks ['neutron.services.segments.db._update_segment_host_mapping_for_agent-8754125470544'] for agent, after_update _notify_loop /usr/lib/python2.7/site-packages/neutron_lib/callbacks/manager.py:167
2018-06-26 15:16:58.407 4529 DEBUG neutron_lib.callbacks.manager [req-32fd339e-bf9a-4146-a47d-6b05a1d034be - - - - -] Notify callbacks ['neutron.services.segments.db._update_segment_host_mapping_for_agent-8754125470544'] for agent, after_update _notify_loop /usr/lib/python2.7/site-packages/neutron_lib/callbacks/manager.py:167
2018-06-26 15:16:59.155 4530 DEBUG neutron_lib.callbacks.manager [req-8d989209-5138-4db3-a1c6-0db97e4abb16 - - - - -] Notify callbacks ['neutron.services.segments.db._update_segment_host_mapping_for_agent-8754125470544'] for agent, after_update _notify_loop /usr/lib/python2.7/site-packages/neutron_lib/callbacks/manager.py:167
2018-06-26 15:17:04.737 4537 DEBUG neutron_lib.callbacks.manager [req-74103f70-c752-4e58-afb6-cf01431ce66a - - - - -] Notify callbacks ['neutron.services.segments.db._update_segment_host_mapping_for_agent-8754125470544'] for agent, after_update _notify_loop /usr/lib/python2.7/site-packages/neutron_lib/callbacks/manager.py:167
2018-06-26 15:17:06.510 4529 DEBUG neutron.api.rpc.handlers.dhcp_rpc [req-1ba3fb99-aff4-4f0a-bdf9-b280c6fbbdce - - - - -] get_active_networks_info from localhost.localdomain get_active_networks_info /usr/lib/python2.7/site-packages/neutron/api/rpc/handlers/dhcp_rpc.py:141
2018-06-26 15:17:28.336 4533 DEBUG neutron_lib.callbacks.manager [req-c85a3639-7e43-4f1b-ad24-66125e011e90 - - - - -] Notify callbacks ['neutron.services.segments.db._update_segment_host_mapping_for_agent-8754125470544'] for agent, after_update _notify_loop /usr/lib/python2.7/site-packages/neutron_lib/callbacks/manager.py:167
2018-06-26 15:17:28.379 4532 DEBUG neutron_lib.callbacks.manager [req-07cc6388-dc9a-4a51-9fc5-696b04c15b79 - - - - -] Notify callbacks ['neutron.services.segments.db._update_segment_host_mapping_for_agent-8754125470544'] for agent, after_update _notify_loop /usr/lib/python2.7/site-packages/neutron_lib/callbacks/manager.py:167
2018-06-26 15:17:28.412 4535 DEBUG neutron_lib.callbacks.manager [req-32fd339e-bf9a-4146-a47d-6b05a1d034be - - - - -] Notify callbacks ['neutron.services.segments.db._update_segment_host_mapping_for_agent-8754125470544'] for agent, after_update _notify_loop /usr/lib/python2.7/site-packages/neutron_lib/callbacks/manager.py:167
2018-06-26 15:17:29.100 4536 DEBUG neutron_lib.callbacks.manager [req-60aa7c94-028b-4ca0-b615-2147c5efa695 - - - - -] Notify callbacks ['neutron.services.segments.db._update_segment_host_mapping_for_agent-8754125470544'] for agent, after_update _notify_loop /usr/lib/python2.7/site-packages/neutron_lib/callbacks/manager.py:167
2018-06-26 15:17:34.060 4538 DEBUG neutron.db.agents_db [req-1258e6df-d289-4544-8545-4d16e925383c - - - - -] Agent healthcheck: found 5 active agents agent_health_check /usr/lib/python2.7/site-packages/neutron/db/agents_db.py:281
2018-06-26 15:17:34.758 4534 DEBUG neutron_lib.callbacks.manager [req-74103f70-c752-4e58-afb6-cf01431ce66a - - - - -] Notify callbacks ['neutron.services.segments.db._update_segment_host_mapping_for_agent-8754125470544'] for agent, after_update _notify_loop /usr/lib/python2.7/site-packages/neutron_lib/callbacks/manager.py:167
2018-06-26 15:17:58.337 4531 DEBUG neutron_lib.callbacks.manager [req-c85a3639-7e43-4f1b-ad24-66125e011e90 - - - - -] Notify callbacks ['neutron.services.segments.db._update_segment_host_mapping_for_agent-8754125470544'] for agent, after_update _notify_loop /usr/lib/python2.7/site-packages/neutron_lib/callbacks/manager.py:167
2018-06-26 15:17:58.373 4529 DEBUG neutron_lib.callbacks.manager [req-1fa5f725-5894-4d20-826d-6441e58e8df2 - - - - -] Notify callbacks ['neutron.services.segments.db._update_segment_host_mapping_for_agent-8754125470544'] for agent, after_update _notify_loop /usr/lib/python2.7/site-packages/neutron_lib/callbacks/manager.py:167
2018-06-26 15:17:58.439 4530 DEBUG neutron_lib.callbacks.manager [req-32fd339e-bf9a-4146-a47d-6b05a1d034be - - - - -] Notify callbacks ['neutron.services.segments.db._update_segment_host_mapping_for_agent-8754125470544'] for agent, after_update _notify_loop /usr/lib/python2.7/site-packages/neutron_lib/callbacks/manager.py:167
2018-06-26 15:17:59.089 4537 DEBUG neutron_lib.callbacks.manager [req-a8a2bffa-39ae-4dba-a455-f1dce59eba90 - - - - -] Notify callbacks ['neutron.services.segments.db._update_segment_host_mapping_for_agent-8754125470544'] for agent, after_update _notify_loop /usr/lib/python2.7/site-packages/neutron_lib/callbacks/manager.py:167
2018-06-26 15:18:04.762 4533 DEBUG neutron_lib.callbacks.manager [req-74103f70-c752-4e58-afb6-cf01431ce66a - - - - -] Notify callbacks ['neutron.services.segments.db._update_segment_host_mapping_for_agent-8754125470544'] for agent, after_update _notify_loop /usr/lib/python2.7/site-packages/neutron_lib/callbacks/manager.py:167
2018-06-26 15:18:11.052 4538 DEBUG neutron.db.agents_db [req-1258e6df-d289-4544-8545-4d16e925383c - - - - -] Agent healthcheck: found 5 active agents agent_health_check /usr/lib/python2.7/site-packages/neutron/db/agents_db.py:281
2018-06-26 15:18:13.183 4526 DEBUG neutron.wsgi [req-88306a94-de0a-45db-9f75-e18ad45c0b8b 96a03eaea8d34112bb15a16e7ecc9bd2 ae180510f5074d7586071fc961cdd37e - c0b0c20dbb5649858aea106b9097d66f c0b0c20dbb5649858aea106b9097d66f] (4526) timed out ('10.0.20.24', 56462) process_request /usr/lib/python2.7/site-packages/eventlet/wsgi.py:739
2018-06-26 15:18:28.341 4532 DEBUG neutron_lib.callbacks.manager [req-c85a3639-7e43-4f1b-ad24-66125e011e90 - - - - -] Notify callbacks ['neutron.services.segments.db._update_segment_host_mapping_for_agent-8754125470544'] for agent, after_update _notify_loop /usr/lib/python2.7/site-packages/neutron_lib/callbacks/manager.py:167
2018-06-26 15:18:28.370 4535 DEBUG neutron_lib.callbacks.manager [req-4829cda4-cb64-476a-a161-83deba3352cb - - - - -] Notify callbacks ['neutron.services.segments.db._update_segment_host_mapping_for_agent-8754125470544'] for agent, after_update _notify_loop /usr/lib/python2.7/site-packages/neutron_lib/callbacks/manager.py:167
2018-06-26 15:18:28.407 4536 DEBUG neutron_lib.callbacks.manager [req-32fd339e-bf9a-4146-a47d-6b05a1d034be - - - - -] Notify callbacks ['neutron.services.segments.db._update_segment_host_mapping_for_agent-8754125470544'] for agent, after_update _notify_loop /usr/lib/python2.7/site-packages/neutron_lib/callbacks/manager.py:167
2018-06-26 15:18:28.765 4525 INFO neutron.wsgi [req-0822c8b9-30d2-4438-aaf6-cacc43e3922f aedb54b83eb2443ea9ea2df4d9851560 e80c8f8d9a994fdcb38348700180bb81 - default default] 10.0.20.24 "GET /v2.0/ports?device_id=6c19b103-2158-4c65-bce1-a199f3a9fa74 HTTP/1.1" status: 200  len: 210 time: 0.9596379
2018-06-26 15:18:29.099 4534 DEBUG neutron_lib.callbacks.manager [req-6827bf82-66e6-4459-bc6d-59c33e4b3230 - - - - -] Notify callbacks ['neutron.services.segments.db._update_segment_host_mapping_for_agent-8754125470544'] for agent, after_update _notify_loop /usr/lib/python2.7/site-packages/neutron_lib/callbacks/manager.py:167
2018-06-26 15:18:34.753 4531 DEBUG neutron_lib.callbacks.manager [req-74103f70-c752-4e58-afb6-cf01431ce66a - - - - -] Notify callbacks ['neutron.services.segments.db._update_segment_host_mapping_for_agent-8754125470544'] for agent, after_update _notify_loop /usr/lib/python2.7/site-packages/neutron_lib/callbacks/manager.py:167
2018-06-26 15:18:47.543 4524 DEBUG neutron.wsgi [req-ecdd7818-d6c9-41f9-80d2-c89d3b2e2421 5890a01f91614c928c650e60460b0cc2 e80c8f8d9a994fdcb38348700180bb81 - default default] (4524) timed out ('10.0.20.24', 57668) process_request /usr/lib/python2.7/site-packages/eventlet/wsgi.py:739
2018-06-26 15:18:48.062 4538 DEBUG neutron.db.agents_db [req-1258e6df-d289-4544-8545-4d16e925383c - - - - -] Agent healthcheck: found 5 active agents agent_health_check /usr/lib/python2.7/site-packages/neutron/db/agents_db.py:281
2018-06-26 15:18:53.271 4525 DEBUG neutron.wsgi [req-851fa2fd-cf59-4064-bc94-4df5a7c39850 5890a01f91614c928c650e60460b0cc2 e80c8f8d9a994fdcb38348700180bb81 - default default] (4525) timed out ('10.0.20.24', 52386) process_request /usr/lib/python2.7/site-packages/eventlet/wsgi.py:739
2018-06-26 15:18:57.040 4526 INFO neutron.wsgi [req-5f4b94e2-700a-492e-824f-2c43034bd456 aedb54b83eb2443ea9ea2df4d9851560 e80c8f8d9a994fdcb38348700180bb81 - default default] 10.0.20.24 "GET /v2.0/ports?device_id=6c19b103-2158-4c65-bce1-a199f3a9fa74 HTTP/1.1" status: 200  len: 210 time: 0.7922800
2018-06-26 15:18:58.344 4529 DEBUG neutron_lib.callbacks.manager [req-c85a3639-7e43-4f1b-ad24-66125e011e90 - - - - -] Notify callbacks ['neutron.services.segments.db._update_segment_host_mapping_for_agent-8754125470544'] for agent, after_update _notify_loop /usr/lib/python2.7/site-packages/neutron_lib/callbacks/manager.py:167
2018-06-26 15:18:58.379 4530 DEBUG neutron_lib.callbacks.manager [req-96361df5-4d3b-43cc-96bf-1587c982a205 - - - - -] Notify callbacks ['neutron.services.segments.db._update_segment_host_mapping_for_agent-8754125470544'] for agent, after_update _notify_loop /usr/lib/python2.7/site-packages/neutron_lib/callbacks/manager.py:167
2018-06-26 15:18:58.420 4537 DEBUG neutron_lib.callbacks.manager [req-32fd339e-bf9a-4146-a47d-6b05a1d034be - - - - -] Notify callbacks ['neutron.services.segments.db._update_segment_host_mapping_for_agent-8754125470544'] for agent, after_update _notify_loop /usr/lib/python2.7/site-packages/neutron_lib/callbacks/manager.py:167
2018-06-26 15:18:59.092 4533 DEBUG neutron_lib.callbacks.manager [req-903f4c81-6799-4e28-8b00-ace49bd845a0 - - - - -] Notify callbacks ['neutron.services.segments.db._update_segment_host_mapping_for_agent-8754125470544'] for agent, after_update _notify_loop /usr/lib/python2.7/site-packages/neutron_lib/callbacks/manager.py:167
2018-06-26 15:19:04.757 4532 DEBUG neutron_lib.callbacks.manager [req-74103f70-c752-4e58-afb6-cf01431ce66a - - - - -] Notify callbacks ['neutron.services.segments.db._update_segment_host_mapping_for_agent-8754125470544'] for agent, after_update _notify_loop /usr/lib/python2.7/site-packages/neutron_lib/callbacks/manager.py:167
2018-06-26 15:19:25.053 4538 DEBUG neutron.db.agents_db [req-1258e6df-d289-4544-8545-4d16e925383c - - - - -] Agent healthcheck: found 5 active agents agent_health_check /usr/lib/python2.7/site-packages/neutron/db/agents_db.py:281
2018-06-26 15:19:28.342 4535 DEBUG neutron_lib.callbacks.manager [req-c85a3639-7e43-4f1b-ad24-66125e011e90 - - - - -] Notify callbacks ['neutron.services.segments.db._update_segment_host_mapping_for_agent-8754125470544'] for agent, after_update _notify_loop /usr/lib/python2.7/site-packages/neutron_lib/callbacks/manager.py:167
2018-06-26 15:19:28.367 4536 DEBUG neutron_lib.callbacks.manager [req-198c609e-881e-4856-a165-0f836a48319d - - - - -] Notify callbacks ['neutron.services.segments.db._update_segment_host_mapping_for_agent-8754125470544'] for agent, after_update _notify_loop /usr/lib/python2.7/site-packages/neutron_lib/callbacks/manager.py:167
2018-06-26 15:19:28.404 4534 DEBUG neutron_lib.callbacks.manager [req-32fd339e-bf9a-4146-a47d-6b05a1d034be - - - - -] Notify callbacks ['neutron.services.segments.db._update_segment_host_mapping_for_agent-8754125470544'] for agent, after_update _notify_loop /usr/lib/python2.7/site-packages/neutron_lib/callbacks/manager.py:167
2018-06-26 15:19:29.140 4531 DEBUG neutron_lib.callbacks.manager [req-c8e38c12-8cd1-4081-a2c8-68746585f28a - - - - -] Notify callbacks ['neutron.services.segments.db._update_segment_host_mapping_for_agent-8754125470544'] for agent, after_update _notify_loop /usr/lib/python2.7/site-packages/neutron_lib/callbacks/manager.py:167
2018-06-26 15:19:34.745 4529 DEBUG neutron_lib.callbacks.manager [req-74103f70-c752-4e58-afb6-cf01431ce66a - - - - -] Notify callbacks ['neutron.services.segments.db._update_segment_host_mapping_for_agent-8754125470544'] for agent, after_update _notify_loop /usr/lib/python2.7/site-packages/neutron_lib/callbacks/manager.py:167
2018-06-26 15:19:58.452 4530 DEBUG neutron_lib.callbacks.manager [req-c85a3639-7e43-4f1b-ad24-66125e011e90 - - - - -] Notify callbacks ['neutron.services.segments.db._update_segment_host_mapping_for_agent-8754125470544'] for agent, after_update _notify_loop /usr/lib/python2.7/site-packages/neutron_lib/callbacks/manager.py:167
2018-06-26 15:19:58.475 4537 DEBUG neutron_lib.callbacks.manager [req-9b749817-ab20-4066-8fc8-1bbe8578ccc1 - - - - -] Notify callbacks ['neutron.services.segments.db._update_segment_host_mapping_for_agent-8754125470544'] for agent, after_update _notify_loop /usr/lib/python2.7/site-packages/neutron_lib/callbacks/manager.py:167
2018-06-26 15:19:58.476 4533 DEBUG neutron_lib.callbacks.manager [req-32fd339e-bf9a-4146-a47d-6b05a1d034be - - - - -] Notify callbacks ['neutron.services.segments.db._update_segment_host_mapping_for_agent-8754125470544'] for agent, after_update _notify_loop /usr/lib/python2.7/site-packages/neutron_lib/callbacks/manager.py:167
2018-06-26 15:19:59.103 4532 DEBUG neutron_lib.callbacks.manager [req-3f4b9a13-c4f1-45df-846a-6b327a633a5b - - - - -] Notify callbacks ['neutron.services.segments.db._update_segment_host_mapping_for_agent-8754125470544'] for agent, after_update _notify_loop /usr/lib/python2.7/site-packages/neutron_lib/callbacks/manager.py:167
2018-06-26 15:20:02.064 4538 DEBUG neutron.db.agents_db [req-1258e6df-d289-4544-8545-4d16e925383c - - - - -] Agent healthcheck: found 5 active agents agent_health_check /usr/lib/python2.7/site-packages/neutron/db/agents_db.py:281
2018-06-26 15:20:04.747 4535 DEBUG neutron_lib.callbacks.manager [req-74103f70-c752-4e58-afb6-cf01431ce66a - - - - -] Notify callbacks ['neutron.services.segments.db._update_segment_host_mapping_for_agent-8754125470544'] for agent, after_update _notify_loop /usr/lib/python2.7/site-packages/neutron_lib/callbacks/manager.py:167
2018-06-26 15:20:28.393 4536 DEBUG neutron_lib.callbacks.manager [req-c85a3639-7e43-4f1b-ad24-66125e011e90 - - - - -] Notify callbacks ['neutron.services.segments.db._update_segment_host_mapping_for_agent-8754125470544'] for agent, after_update _notify_loop /usr/lib/python2.7/site-packages/neutron_lib/callbacks/manager.py:167
2018-06-26 15:20:28.512 4534 DEBUG neutron_lib.callbacks.manager [req-fa5d2dd7-776d-4a2e-93e5-72c531133506 - - - - -] Notify callbacks ['neutron.services.segments.db._update_segment_host_mapping_for_agent-8754125470544'] for agent, after_update _notify_loop /usr/lib/python2.7/site-packages/neutron_lib/callbacks/manager.py:167
2018-06-26 15:20:28.520 4531 DEBUG neutron_lib.callbacks.manager [req-32fd339e-bf9a-4146-a47d-6b05a1d034be - - - - -] Notify callbacks ['neutron.services.segments.db._update_segment_host_mapping_for_agent-8754125470544'] for agent, after_update _notify_loop /usr/lib/python2.7/site-packages/neutron_lib/callbacks/manager.py:167
2018-06-26 15:20:29.101 4529 DEBUG neutron_lib.callbacks.manager [req-5034b28c-2b77-4c90-bc87-470b88b34354 - - - - -] Notify callbacks ['neutron.services.segments.db._update_segment_host_mapping_for_agent-8754125470544'] for agent, after_update _notify_loop /usr/lib/python2.7/site-packages/neutron_lib/callbacks/manager.py:167
2018-06-26 15:20:34.765 4530 DEBUG neutron_lib.callbacks.manager [req-74103f70-c752-4e58-afb6-cf01431ce66a - - - - -] Notify callbacks ['neutron.services.segments.db._update_segment_host_mapping_for_agent-8754125470544'] for agent, after_update _notify_loop /usr/lib/python2.7/site-packages/neutron_lib/callbacks/manager.py:167
2018-06-26 15:20:39.064 4538 DEBUG neutron.db.agents_db [req-1258e6df-d289-4544-8545-4d16e925383c - - - - -] Agent healthcheck: found 5 active agents agent_health_check /usr/lib/python2.7/site-packages/neutron/db/agents_db.py:281
2018-06-26 15:20:58.357 4537 DEBUG neutron_lib.callbacks.manager [req-c85a3639-7e43-4f1b-ad24-66125e011e90 - - - - -] Notify callbacks ['neutron.services.segments.db._update_segment_host_mapping_for_agent-8754125470544'] for agent, after_update _notify_loop /usr/lib/python2.7/site-packages/neutron_lib/callbacks/manager.py:167
2018-06-26 15:20:58.371 4533 DEBUG neutron_lib.callbacks.manager [req-ce0b3b77-f007-4732-bd1e-eb668725c1b5 - - - - -] Notify callbacks ['neutron.services.segments.db._update_segment_host_mapping_for_agent-8754125470544'] for agent, after_update _notify_loop /usr/lib/python2.7/site-packages/neutron_lib/callbacks/manager.py:167
2018-06-26 15:20:58.414 4532 DEBUG neutron_lib.callbacks.manager [req-32fd339e-bf9a-4146-a47d-6b05a1d034be - - - - -] Notify callbacks ['neutron.services.segments.db._update_segment_host_mapping_for_agent-8754125470544'] for agent, after_update _notify_loop /usr/lib/python2.7/site-packages/neutron_lib/callbacks/manager.py:167
2018-06-26 15:20:59.100 4535 DEBUG neutron_lib.callbacks.manager [req-dda5812e-f9c8-434a-bea5-2a4b797763b4 - - - - -] Notify callbacks ['neutron.services.segments.db._update_segment_host_mapping_for_agent-8754125470544'] for agent, after_update _notify_loop /usr/lib/python2.7/site-packages/neutron_lib/callbacks/manager.py:167
2018-06-26 15:21:04.772 4536 DEBUG neutron_lib.callbacks.manager [req-74103f70-c752-4e58-afb6-cf01431ce66a - - - - -] Notify callbacks ['neutron.services.segments.db._update_segment_host_mapping_for_agent-8754125470544'] for agent, after_update _notify_loop /usr/lib/python2.7/site-packages/neutron_lib/callbacks/manager.py:167
2018-06-26 15:21:16.073 4538 DEBUG neutron.db.agents_db [req-1258e6df-d289-4544-8545-4d16e925383c - - - - -] Agent healthcheck: found 5 active agents agent_health_check /usr/lib/python2.7/site-packages/neutron/db/agents_db.py:281
2018-06-26 15:21:28.367 4534 DEBUG neutron_lib.callbacks.manager [req-c85a3639-7e43-4f1b-ad24-66125e011e90 - - - - -] Notify callbacks ['neutron.services.segments.db._update_segment_host_mapping_for_agent-8754125470544'] for agent, after_update _notify_loop /usr/lib/python2.7/site-packages/neutron_lib/callbacks/manager.py:167
2018-06-26 15:21:28.378 4531 DEBUG neutron_lib.callbacks.manager [req-47f2dcef-7f8c-40ca-899d-0e8cea1aa937 - - - - -] Notify callbacks ['neutron.services.segments.db._update_segment_host_mapping_for_agent-8754125470544'] for agent, after_update _notify_loop /usr/lib/python2.7/site-packages/neutron_lib/callbacks/manager.py:167
2018-06-26 15:21:28.415 4529 DEBUG neutron_lib.callbacks.manager [req-32fd339e-bf9a-4146-a47d-6b05a1d034be - - - - -] Notify callbacks ['neutron.services.segments.db._update_segment_host_mapping_for_agent-8754125470544'] for agent, after_update _notify_loop /usr/lib/python2.7/site-packages/neutron_lib/callbacks/manager.py:167
2018-06-26 15:21:29.095 4530 DEBUG neutron_lib.callbacks.manager [req-a8a273bb-03f8-47c9-ae68-3539bba17e51 - - - - -] Notify callbacks ['neutron.services.segments.db._update_segment_host_mapping_for_agent-8754125470544'] for agent, after_update _notify_loop /usr/lib/python2.7/site-packages/neutron_lib/callbacks/manager.py:167
2018-06-26 15:21:34.765 4537 DEBUG neutron_lib.callbacks.manager [req-74103f70-c752-4e58-afb6-cf01431ce66a - - - - -] Notify callbacks ['neutron.services.segments.db._update_segment_host_mapping_for_agent-8754125470544'] for agent, after_update _notify_loop /usr/lib/python2.7/site-packages/neutron_lib/callbacks/manager.py:167
2018-06-26 15:21:53.073 4538 DEBUG neutron.db.agents_db [req-1258e6df-d289-4544-8545-4d16e925383c - - - - -] Agent healthcheck: found 5 active agents agent_health_check /usr/lib/python2.7/site-packages/neutron/db/agents_db.py:281
