2018-07-03 16:17:57.113 24328 DEBUG oslo_concurrency.lockutils [req-85b920ca-737f-453e-81e3-7dc0c1ac4bdd b81f054d8a234ca7a3e1900d0356c6f5 71526a72ffe84b2da8f9687fc86188b2 - 936d04a40f9b4414afe1a1f361601c78 936d04a40f9b4414afe1a1f361601c78] Lock "00000000-0000-0000-0000-000000000000" acquired by "nova.context.get_or_set_cached_cell_and_set_connections" :: waited 0.000s inner /usr/lib/python2.7/site-packages/oslo_concurrency/lockutils.py:270
2018-07-03 16:17:57.114 24328 DEBUG oslo_concurrency.lockutils [req-85b920ca-737f-453e-81e3-7dc0c1ac4bdd b81f054d8a234ca7a3e1900d0356c6f5 71526a72ffe84b2da8f9687fc86188b2 - 936d04a40f9b4414afe1a1f361601c78 936d04a40f9b4414afe1a1f361601c78] Lock "00000000-0000-0000-0000-000000000000" released by "nova.context.get_or_set_cached_cell_and_set_connections" :: held 0.001s inner /usr/lib/python2.7/site-packages/oslo_concurrency/lockutils.py:282
2018-07-03 16:17:57.199 24328 DEBUG nova.compute.api [req-85b920ca-737f-453e-81e3-7dc0c1ac4bdd b81f054d8a234ca7a3e1900d0356c6f5 71526a72ffe84b2da8f9687fc86188b2 - 936d04a40f9b4414afe1a1f361601c78 936d04a40f9b4414afe1a1f361601c78] Skipping already-collected cell0 list _get_instances_by_filters_all_cells /usr/lib/python2.7/site-packages/nova/compute/api.py:2556
2018-07-03 16:17:57.200 24328 DEBUG nova.compute.api [req-85b920ca-737f-453e-81e3-7dc0c1ac4bdd b81f054d8a234ca7a3e1900d0356c6f5 71526a72ffe84b2da8f9687fc86188b2 - 936d04a40f9b4414afe1a1f361601c78 936d04a40f9b4414afe1a1f361601c78] Listing 1000 instances in cell 10fe8ece-686d-4d33-8fcc-3d4b81191949(default) _get_instances_by_filters_all_cells /usr/lib/python2.7/site-packages/nova/compute/api.py:2559
2018-07-03 16:17:57.201 24328 DEBUG oslo_concurrency.lockutils [req-85b920ca-737f-453e-81e3-7dc0c1ac4bdd b81f054d8a234ca7a3e1900d0356c6f5 71526a72ffe84b2da8f9687fc86188b2 - 936d04a40f9b4414afe1a1f361601c78 936d04a40f9b4414afe1a1f361601c78] Lock "10fe8ece-686d-4d33-8fcc-3d4b81191949" acquired by "nova.context.get_or_set_cached_cell_and_set_connections" :: waited 0.000s inner /usr/lib/python2.7/site-packages/oslo_concurrency/lockutils.py:270
2018-07-03 16:17:57.202 24328 DEBUG oslo_concurrency.lockutils [req-85b920ca-737f-453e-81e3-7dc0c1ac4bdd b81f054d8a234ca7a3e1900d0356c6f5 71526a72ffe84b2da8f9687fc86188b2 - 936d04a40f9b4414afe1a1f361601c78 936d04a40f9b4414afe1a1f361601c78] Lock "10fe8ece-686d-4d33-8fcc-3d4b81191949" released by "nova.context.get_or_set_cached_cell_and_set_connections" :: held 0.001s inner /usr/lib/python2.7/site-packages/oslo_concurrency/lockutils.py:282
2018-07-03 16:17:57.325 24328 INFO nova.osapi_compute.wsgi.server [req-85b920ca-737f-453e-81e3-7dc0c1ac4bdd b81f054d8a234ca7a3e1900d0356c6f5 71526a72ffe84b2da8f9687fc86188b2 - 936d04a40f9b4414afe1a1f361601c78 936d04a40f9b4414afe1a1f361601c78] 10.0.20.21 "GET /v2.1/71526a72ffe84b2da8f9687fc86188b2/servers?name=tempest-INSTANCE_SAMPLE-1530627244 HTTP/1.1" status: 200 len: 784 time: 0.2613041
2018-07-03 16:17:57.364 24328 DEBUG nova.api.openstack.wsgi [req-eca2c5de-42e5-47f4-99b4-17de9d13bb6e b81f054d8a234ca7a3e1900d0356c6f5 71526a72ffe84b2da8f9687fc86188b2 - 936d04a40f9b4414afe1a1f361601c78 936d04a40f9b4414afe1a1f361601c78] Calling method '<bound method ServersController.show of <nova.api.openstack.compute.servers.ServersController object at 0x7fb06bad4dd0>>' _process_stack /usr/lib/python2.7/site-packages/nova/api/openstack/wsgi.py:612
2018-07-03 16:17:57.374 24328 DEBUG nova.compute.api [req-eca2c5de-42e5-47f4-99b4-17de9d13bb6e b81f054d8a234ca7a3e1900d0356c6f5 71526a72ffe84b2da8f9687fc86188b2 - 936d04a40f9b4414afe1a1f361601c78 936d04a40f9b4414afe1a1f361601c78] [instance: b47f2e84-7505-4ad4-b234-253ec7211618] Fetching instance by UUID get /usr/lib/python2.7/site-packages/nova/compute/api.py:2324
2018-07-03 16:17:57.387 24328 DEBUG oslo_concurrency.lockutils [req-eca2c5de-42e5-47f4-99b4-17de9d13bb6e b81f054d8a234ca7a3e1900d0356c6f5 71526a72ffe84b2da8f9687fc86188b2 - 936d04a40f9b4414afe1a1f361601c78 936d04a40f9b4414afe1a1f361601c78] Lock "10fe8ece-686d-4d33-8fcc-3d4b81191949" acquired by "nova.context.get_or_set_cached_cell_and_set_connections" :: waited 0.000s inner /usr/lib/python2.7/site-packages/oslo_concurrency/lockutils.py:270
2018-07-03 16:17:57.388 24328 DEBUG oslo_concurrency.lockutils [req-eca2c5de-42e5-47f4-99b4-17de9d13bb6e b81f054d8a234ca7a3e1900d0356c6f5 71526a72ffe84b2da8f9687fc86188b2 - 936d04a40f9b4414afe1a1f361601c78 936d04a40f9b4414afe1a1f361601c78] Lock "10fe8ece-686d-4d33-8fcc-3d4b81191949" released by "nova.context.get_or_set_cached_cell_and_set_connections" :: held 0.001s inner /usr/lib/python2.7/site-packages/oslo_concurrency/lockutils.py:282
2018-07-03 16:17:57.557 24328 DEBUG nova.policy [req-eca2c5de-42e5-47f4-99b4-17de9d13bb6e b81f054d8a234ca7a3e1900d0356c6f5 71526a72ffe84b2da8f9687fc86188b2 - 936d04a40f9b4414afe1a1f361601c78 936d04a40f9b4414afe1a1f361601c78] Policy check for os_compute_api:os-hide-server-addresses failed with credentials {'service_roles': [], 'user_id': u'b81f054d8a234ca7a3e1900d0356c6f5', 'roles': [u'admin'], 'user_domain_id': u'936d04a40f9b4414afe1a1f361601c78', 'service_project_id': None, 'service_user_id': None, 'service_user_domain_id': None, 'service_project_domain_id': None, 'is_admin_project': True, 'is_admin': True, 'project_id': u'71526a72ffe84b2da8f9687fc86188b2', 'project_domain_id': u'936d04a40f9b4414afe1a1f361601c78'} authorize /usr/lib/python2.7/site-packages/nova/policy.py:168
2018-07-03 16:17:57.957 24349 DEBUG nova.metadata.wsgi.server [req-f1eceef1-5c60-4e03-8cbf-7086631eec49 - - - - -] (24349) accepted ('10.0.20.21', 34370) server /usr/lib/python2.7/site-packages/eventlet/wsgi.py:883
2018-07-03 16:17:58.024 24349 DEBUG oslo_concurrency.lockutils [req-69c9ab1d-d386-4005-a2a7-5fb801982ce3 - - - - -] Lock "10fe8ece-686d-4d33-8fcc-3d4b81191949" acquired by "nova.context.get_or_set_cached_cell_and_set_connections" :: waited 0.000s inner /usr/lib/python2.7/site-packages/oslo_concurrency/lockutils.py:270
2018-07-03 16:17:58.026 24349 DEBUG oslo_concurrency.lockutils [req-69c9ab1d-d386-4005-a2a7-5fb801982ce3 - - - - -] Lock "10fe8ece-686d-4d33-8fcc-3d4b81191949" released by "nova.context.get_or_set_cached_cell_and_set_connections" :: held 0.002s inner /usr/lib/python2.7/site-packages/oslo_concurrency/lockutils.py:282
2018-07-03 16:17:58.649 24328 INFO nova.osapi_compute.wsgi.server [req-eca2c5de-42e5-47f4-99b4-17de9d13bb6e b81f054d8a234ca7a3e1900d0356c6f5 71526a72ffe84b2da8f9687fc86188b2 - 936d04a40f9b4414afe1a1f361601c78 936d04a40f9b4414afe1a1f361601c78] 10.0.20.21 "GET /v2.1/71526a72ffe84b2da8f9687fc86188b2/servers/b47f2e84-7505-4ad4-b234-253ec7211618 HTTP/1.1" status: 200 len: 2205 time: 1.3070121
2018-07-03 16:17:58.677 24328 DEBUG nova.api.openstack.wsgi [req-a1f415b8-18ff-4ede-b975-b4669077fcf1 b81f054d8a234ca7a3e1900d0356c6f5 71526a72ffe84b2da8f9687fc86188b2 - 936d04a40f9b4414afe1a1f361601c78 936d04a40f9b4414afe1a1f361601c78] Azione: 'action', metodo chiamata: <function version_select at 0x7fb06ba94140>, corpo: {"addFloatingIp": {"address": "172.24.4.8"}} _process_stack /usr/lib/python2.7/site-packages/nova/api/openstack/wsgi.py:609
2018-07-03 16:17:58.687 24328 DEBUG nova.compute.api [req-a1f415b8-18ff-4ede-b975-b4669077fcf1 b81f054d8a234ca7a3e1900d0356c6f5 71526a72ffe84b2da8f9687fc86188b2 - 936d04a40f9b4414afe1a1f361601c78 936d04a40f9b4414afe1a1f361601c78] [instance: b47f2e84-7505-4ad4-b234-253ec7211618] Fetching instance by UUID get /usr/lib/python2.7/site-packages/nova/compute/api.py:2324
2018-07-03 16:17:58.706 24328 DEBUG oslo_concurrency.lockutils [req-a1f415b8-18ff-4ede-b975-b4669077fcf1 b81f054d8a234ca7a3e1900d0356c6f5 71526a72ffe84b2da8f9687fc86188b2 - 936d04a40f9b4414afe1a1f361601c78 936d04a40f9b4414afe1a1f361601c78] Lock "10fe8ece-686d-4d33-8fcc-3d4b81191949" acquired by "nova.context.get_or_set_cached_cell_and_set_connections" :: waited 0.000s inner /usr/lib/python2.7/site-packages/oslo_concurrency/lockutils.py:270
2018-07-03 16:17:58.707 24328 DEBUG oslo_concurrency.lockutils [req-a1f415b8-18ff-4ede-b975-b4669077fcf1 b81f054d8a234ca7a3e1900d0356c6f5 71526a72ffe84b2da8f9687fc86188b2 - 936d04a40f9b4414afe1a1f361601c78 936d04a40f9b4414afe1a1f361601c78] Lock "10fe8ece-686d-4d33-8fcc-3d4b81191949" released by "nova.context.get_or_set_cached_cell_and_set_connections" :: held 0.001s inner /usr/lib/python2.7/site-packages/oslo_concurrency/lockutils.py:282
2018-07-03 16:17:58.817 24328 DEBUG oslo_concurrency.lockutils [req-a1f415b8-18ff-4ede-b975-b4669077fcf1 b81f054d8a234ca7a3e1900d0356c6f5 71526a72ffe84b2da8f9687fc86188b2 - 936d04a40f9b4414afe1a1f361601c78 936d04a40f9b4414afe1a1f361601c78] Acquired semaphore "refresh_cache-b47f2e84-7505-4ad4-b234-253ec7211618" lock /usr/lib/python2.7/site-packages/oslo_concurrency/lockutils.py:212
2018-07-03 16:17:59.190 24349 INFO nova.metadata.wsgi.server [req-69c9ab1d-d386-4005-a2a7-5fb801982ce3 - - - - -] 11.36.1.3,10.0.20.21 "GET /2009-04-04/meta-data/instance-id HTTP/1.1" status: 200 len: 127 time: 1.2196600
2018-07-03 16:17:59.886 24349 DEBUG nova.metadata.wsgi.server [req-69c9ab1d-d386-4005-a2a7-5fb801982ce3 - - - - -] (24349) accepted ('10.0.20.21', 34382) server /usr/lib/python2.7/site-packages/eventlet/wsgi.py:883
2018-07-03 16:17:59.888 24349 DEBUG nova.api.metadata.handler [req-69c9ab1d-d386-4005-a2a7-5fb801982ce3 - - - - -] Using cached metadata for instance b47f2e84-7505-4ad4-b234-253ec7211618 get_metadata_by_instance_id /usr/lib/python2.7/site-packages/nova/api/metadata/handler.py:78
2018-07-03 16:17:59.890 24349 INFO nova.metadata.wsgi.server [req-69c9ab1d-d386-4005-a2a7-5fb801982ce3 - - - - -] 11.36.1.3,10.0.20.21 "GET /2009-04-04/meta-data/public-keys HTTP/1.1" status: 200 len: 152 time: 0.0021119
2018-07-03 16:18:00.600 24328 DEBUG nova.network.neutronv2.api [req-a1f415b8-18ff-4ede-b975-b4669077fcf1 b81f054d8a234ca7a3e1900d0356c6f5 71526a72ffe84b2da8f9687fc86188b2 - 936d04a40f9b4414afe1a1f361601c78 936d04a40f9b4414afe1a1f361601c78] [instance: b47f2e84-7505-4ad4-b234-253ec7211618] _get_instance_nw_info() _get_instance_nw_info /usr/lib/python2.7/site-packages/nova/network/neutronv2/api.py:1315
2018-07-03 16:18:00.603 24341 DEBUG nova.metadata.wsgi.server [req-cf551799-5f21-4618-8288-187f243a3ccc - - - - -] (24341) accepted ('10.0.20.21', 34392) server /usr/lib/python2.7/site-packages/eventlet/wsgi.py:883
2018-07-03 16:18:00.683 24341 DEBUG oslo_concurrency.lockutils [req-caf5c13b-1d45-40b9-b6df-8165c9a4a350 - - - - -] Lock "10fe8ece-686d-4d33-8fcc-3d4b81191949" acquired by "nova.context.get_or_set_cached_cell_and_set_connections" :: waited 0.000s inner /usr/lib/python2.7/site-packages/oslo_concurrency/lockutils.py:270
2018-07-03 16:18:00.684 24341 DEBUG oslo_concurrency.lockutils [req-caf5c13b-1d45-40b9-b6df-8165c9a4a350 - - - - -] Lock "10fe8ece-686d-4d33-8fcc-3d4b81191949" released by "nova.context.get_or_set_cached_cell_and_set_connections" :: held 0.002s inner /usr/lib/python2.7/site-packages/oslo_concurrency/lockutils.py:282
2018-07-03 16:18:01.909 24331 DEBUG nova.osapi_compute.wsgi.server [req-f3dde7df-c482-4634-be39-888b17795bd0 4fbc52514c824825aeadd5a44fe1e4df 6ce4dd91709c441d9f1b40034ea03af4 - default default] (24331) accepted ('10.0.20.21', 43016) server /usr/lib/python2.7/site-packages/eventlet/wsgi.py:883
2018-07-03 16:18:02.151 24341 INFO nova.metadata.wsgi.server [req-caf5c13b-1d45-40b9-b6df-8165c9a4a350 - - - - -] 11.36.1.3,10.0.20.21 "GET /2009-04-04/meta-data/public-keys/0/openssh-key HTTP/1.1" status: 200 len: 526 time: 1.5401061
2018-07-03 16:18:02.865 24331 DEBUG nova.api.openstack.wsgi [req-b0394fac-ea65-4783-bc3d-568a1ea5ae7d 4fbc52514c824825aeadd5a44fe1e4df 6ce4dd91709c441d9f1b40034ea03af4 - default default] Azione: 'create', metodo chiamata: <bound method ServerExternalEventsController.create of <nova.api.openstack.compute.server_external_events.ServerExternalEventsController object at 0x7fb06bd8d510>>, corpo: {"events": [{"tag": "95eacccc-81a2-4815-8918-418893e7db03", "name": "network-changed", "server_uuid": "b47f2e84-7505-4ad4-b234-253ec7211618"}]} _process_stack /usr/lib/python2.7/site-packages/nova/api/openstack/wsgi.py:609
2018-07-03 16:18:02.905 24331 DEBUG oslo_concurrency.lockutils [req-b0394fac-ea65-4783-bc3d-568a1ea5ae7d 4fbc52514c824825aeadd5a44fe1e4df 6ce4dd91709c441d9f1b40034ea03af4 - default default] Lock "10fe8ece-686d-4d33-8fcc-3d4b81191949" acquired by "nova.context.get_or_set_cached_cell_and_set_connections" :: waited 0.000s inner /usr/lib/python2.7/site-packages/oslo_concurrency/lockutils.py:270
2018-07-03 16:18:02.906 24331 DEBUG oslo_concurrency.lockutils [req-b0394fac-ea65-4783-bc3d-568a1ea5ae7d 4fbc52514c824825aeadd5a44fe1e4df 6ce4dd91709c441d9f1b40034ea03af4 - default default] Lock "10fe8ece-686d-4d33-8fcc-3d4b81191949" released by "nova.context.get_or_set_cached_cell_and_set_connections" :: held 0.001s inner /usr/lib/python2.7/site-packages/oslo_concurrency/lockutils.py:282
2018-07-03 16:18:02.942 24331 INFO nova.api.openstack.compute.server_external_events [req-b0394fac-ea65-4783-bc3d-568a1ea5ae7d 4fbc52514c824825aeadd5a44fe1e4df 6ce4dd91709c441d9f1b40034ea03af4 - default default] Creating event network-changed:95eacccc-81a2-4815-8918-418893e7db03 for instance b47f2e84-7505-4ad4-b234-253ec7211618 on localhost.localdomain
2018-07-03 16:18:02.974 24331 INFO nova.osapi_compute.wsgi.server [req-b0394fac-ea65-4783-bc3d-568a1ea5ae7d 4fbc52514c824825aeadd5a44fe1e4df 6ce4dd91709c441d9f1b40034ea03af4 - default default] 10.0.20.21 "POST /v2.1/6ce4dd91709c441d9f1b40034ea03af4/os-server-external-events HTTP/1.1" status: 200 len: 578 time: 1.0362890
2018-07-03 16:18:03.885 24341 DEBUG nova.metadata.wsgi.server [req-caf5c13b-1d45-40b9-b6df-8165c9a4a350 - - - - -] (24341) accepted ('10.0.20.21', 34422) server /usr/lib/python2.7/site-packages/eventlet/wsgi.py:883
2018-07-03 16:18:03.888 24341 DEBUG nova.api.metadata.handler [req-caf5c13b-1d45-40b9-b6df-8165c9a4a350 - - - - -] Using cached metadata for instance b47f2e84-7505-4ad4-b234-253ec7211618 get_metadata_by_instance_id /usr/lib/python2.7/site-packages/nova/api/metadata/handler.py:78
2018-07-03 16:18:03.890 24341 INFO nova.metadata.wsgi.server [req-caf5c13b-1d45-40b9-b6df-8165c9a4a350 - - - - -] 11.36.1.3,10.0.20.21 "GET /2009-04-04/meta-data/instance-id HTTP/1.1" status: 200 len: 127 time: 0.0023620
2018-07-03 16:18:04.699 24328 DEBUG nova.network.base_api [req-a1f415b8-18ff-4ede-b975-b4669077fcf1 b81f054d8a234ca7a3e1900d0356c6f5 71526a72ffe84b2da8f9687fc86188b2 - 936d04a40f9b4414afe1a1f361601c78 936d04a40f9b4414afe1a1f361601c78] [instance: b47f2e84-7505-4ad4-b234-253ec7211618] Updating instance_info_cache with network_info: [{"profile": {}, "ovs_interfaceid": "95eacccc-81a2-4815-8918-418893e7db03", "preserve_on_delete": false, "network": {"bridge": "br-int", "subnets": [{"ips": [{"meta": {}, "version": 4, "type": "fixed", "floating_ips": [{"meta": {}, "version": 4, "type": "floating", "address": "172.24.4.8"}], "address": "11.36.1.3"}], "version": 4, "meta": {"dhcp_server": "11.36.1.2"}, "dns": [{"meta": {}, "version": 4, "type": "dns", "address": "8.8.4.4"}], "routes": [], "cidr": "11.36.1.0/24", "gateway": {"meta": {}, "version": 4, "type": "gateway", "address": "11.36.1.1"}}], "meta": {"injected": false, "tenant_id": "71526a72ffe84b2da8f9687fc86188b2", "mtu": 1450}, "id": "dbfdc579-3c1f-4163-82ce-86f084e0cfea", "label": "tempest-private-1530627244"}, "devname": "tap95eacccc-81", "vnic_type": "normal", "qbh_params": null, "meta": {}, "details": {"port_filter": true, "datapath_type": "system", "ovs_hybrid_plug": true}, "address": "fa:16:3e:7e:aa:bf", "active": true, "type": "ovs", "id": "95eacccc-81a2-4815-8918-418893e7db03", "qbg_params": null}] update_instance_cache_with_nw_info /usr/lib/python2.7/site-packages/nova/network/base_api.py:48
2018-07-03 16:18:04.765 24328 DEBUG oslo_concurrency.lockutils [req-a1f415b8-18ff-4ede-b975-b4669077fcf1 b81f054d8a234ca7a3e1900d0356c6f5 71526a72ffe84b2da8f9687fc86188b2 - 936d04a40f9b4414afe1a1f361601c78 936d04a40f9b4414afe1a1f361601c78] Releasing semaphore "refresh_cache-b47f2e84-7505-4ad4-b234-253ec7211618" lock /usr/lib/python2.7/site-packages/oslo_concurrency/lockutils.py:225
2018-07-03 16:18:04.769 24328 INFO nova.osapi_compute.wsgi.server [req-a1f415b8-18ff-4ede-b975-b4669077fcf1 b81f054d8a234ca7a3e1900d0356c6f5 71526a72ffe84b2da8f9687fc86188b2 - 936d04a40f9b4414afe1a1f361601c78 936d04a40f9b4414afe1a1f361601c78] 10.0.20.21 "POST /v2.1/71526a72ffe84b2da8f9687fc86188b2/servers/b47f2e84-7505-4ad4-b234-253ec7211618/action HTTP/1.1" status: 202 len: 411 time: 6.1010501
2018-07-03 16:18:06.116 24340 DEBUG nova.metadata.wsgi.server [req-53c66c29-dddd-4768-8399-4fa82791cfd7 - - - - -] (24340) accepted ('10.0.20.21', 34436) server /usr/lib/python2.7/site-packages/eventlet/wsgi.py:883
2018-07-03 16:18:06.472 24340 DEBUG oslo_concurrency.lockutils [req-b78bb7fe-f971-44a4-8a18-fdf5545ac83e - - - - -] Lock "10fe8ece-686d-4d33-8fcc-3d4b81191949" acquired by "nova.context.get_or_set_cached_cell_and_set_connections" :: waited 0.000s inner /usr/lib/python2.7/site-packages/oslo_concurrency/lockutils.py:270
2018-07-03 16:18:06.473 24340 DEBUG oslo_concurrency.lockutils [req-b78bb7fe-f971-44a4-8a18-fdf5545ac83e - - - - -] Lock "10fe8ece-686d-4d33-8fcc-3d4b81191949" released by "nova.context.get_or_set_cached_cell_and_set_connections" :: held 0.015s inner /usr/lib/python2.7/site-packages/oslo_concurrency/lockutils.py:282
2018-07-03 16:18:08.095 24340 INFO nova.metadata.wsgi.server [req-b78bb7fe-f971-44a4-8a18-fdf5545ac83e - - - - -] 11.36.1.3,10.0.20.21 "GET /2009-04-04/meta-data/ami-launch-index HTTP/1.1" status: 200 len: 117 time: 1.9404249
2018-07-03 16:18:08.877 24340 DEBUG nova.metadata.wsgi.server [req-b78bb7fe-f971-44a4-8a18-fdf5545ac83e - - - - -] (24340) accepted ('10.0.20.21', 34444) server /usr/lib/python2.7/site-packages/eventlet/wsgi.py:883
2018-07-03 16:18:08.880 24340 DEBUG nova.api.metadata.handler [req-b78bb7fe-f971-44a4-8a18-fdf5545ac83e - - - - -] Using cached metadata for instance b47f2e84-7505-4ad4-b234-253ec7211618 get_metadata_by_instance_id /usr/lib/python2.7/site-packages/nova/api/metadata/handler.py:78
2018-07-03 16:18:08.882 24340 INFO nova.metadata.wsgi.server [req-b78bb7fe-f971-44a4-8a18-fdf5545ac83e - - - - -] 11.36.1.3,10.0.20.21 "GET /2009-04-04/meta-data/instance-type HTTP/1.1" status: 200 len: 123 time: 0.0035360
2018-07-03 16:18:09.214 24343 DEBUG nova.metadata.wsgi.server [req-491868a4-9ddf-491e-8a6b-211461986153 - - - - -] (24343) accepted ('10.0.20.21', 34446) server /usr/lib/python2.7/site-packages/eventlet/wsgi.py:883
2018-07-03 16:18:09.255 24343 DEBUG oslo_concurrency.lockutils [req-48d96046-fae4-48a8-b23b-465319586ee6 - - - - -] Lock "10fe8ece-686d-4d33-8fcc-3d4b81191949" acquired by "nova.context.get_or_set_cached_cell_and_set_connections" :: waited 0.000s inner /usr/lib/python2.7/site-packages/oslo_concurrency/lockutils.py:270
2018-07-03 16:18:09.256 24343 DEBUG oslo_concurrency.lockutils [req-48d96046-fae4-48a8-b23b-465319586ee6 - - - - -] Lock "10fe8ece-686d-4d33-8fcc-3d4b81191949" released by "nova.context.get_or_set_cached_cell_and_set_connections" :: held 0.002s inner /usr/lib/python2.7/site-packages/oslo_concurrency/lockutils.py:282
2018-07-03 16:18:11.373 24343 INFO nova.metadata.wsgi.server [req-48d96046-fae4-48a8-b23b-465319586ee6 - - - - -] 11.36.1.3,10.0.20.21 "GET /2009-04-04/meta-data/local-ipv4 HTTP/1.1" status: 200 len: 125 time: 2.1539009
2018-07-03 16:18:11.617 24343 DEBUG nova.metadata.wsgi.server [req-48d96046-fae4-48a8-b23b-465319586ee6 - - - - -] (24343) accepted ('10.0.20.21', 34450) server /usr/lib/python2.7/site-packages/eventlet/wsgi.py:883
2018-07-03 16:18:11.619 24343 DEBUG nova.api.metadata.handler [req-48d96046-fae4-48a8-b23b-465319586ee6 - - - - -] Using cached metadata for instance b47f2e84-7505-4ad4-b234-253ec7211618 get_metadata_by_instance_id /usr/lib/python2.7/site-packages/nova/api/metadata/handler.py:78
2018-07-03 16:18:11.621 24343 INFO nova.metadata.wsgi.server [req-48d96046-fae4-48a8-b23b-465319586ee6 - - - - -] 11.36.1.3,10.0.20.21 "GET /2009-04-04/meta-data/public-ipv4 HTTP/1.1" status: 200 len: 127 time: 0.0020931
2018-07-03 16:18:12.222 24343 DEBUG nova.metadata.wsgi.server [req-48d96046-fae4-48a8-b23b-465319586ee6 - - - - -] (24343) accepted ('10.0.20.21', 34456) server /usr/lib/python2.7/site-packages/eventlet/wsgi.py:883
2018-07-03 16:18:12.224 24343 DEBUG nova.api.metadata.handler [req-48d96046-fae4-48a8-b23b-465319586ee6 - - - - -] Using cached metadata for instance b47f2e84-7505-4ad4-b234-253ec7211618 get_metadata_by_instance_id /usr/lib/python2.7/site-packages/nova/api/metadata/handler.py:78
2018-07-03 16:18:12.225 24343 INFO nova.metadata.wsgi.server [req-48d96046-fae4-48a8-b23b-465319586ee6 - - - - -] 11.36.1.3,10.0.20.21 "GET /2009-04-04/meta-data/hostname HTTP/1.1" status: 200 len: 161 time: 0.0019441
2018-07-03 16:18:12.833 24349 DEBUG nova.metadata.wsgi.server [req-69c9ab1d-d386-4005-a2a7-5fb801982ce3 - - - - -] (24349) accepted ('10.0.20.21', 34464) server /usr/lib/python2.7/site-packages/eventlet/wsgi.py:883
2018-07-03 16:18:12.836 24349 DEBUG nova.api.metadata.handler [req-69c9ab1d-d386-4005-a2a7-5fb801982ce3 - - - - -] Using cached metadata for instance b47f2e84-7505-4ad4-b234-253ec7211618 get_metadata_by_instance_id /usr/lib/python2.7/site-packages/nova/api/metadata/handler.py:78
2018-07-03 16:18:12.837 24349 INFO nova.metadata.wsgi.server [req-69c9ab1d-d386-4005-a2a7-5fb801982ce3 - - - - -] 11.36.1.3,10.0.20.21 "GET /2009-04-04/meta-data/local-hostname HTTP/1.1" status: 200 len: 161 time: 0.0021291
2018-07-03 16:18:13.406 24343 DEBUG nova.metadata.wsgi.server [req-48d96046-fae4-48a8-b23b-465319586ee6 - - - - -] (24343) accepted ('10.0.20.21', 34470) server /usr/lib/python2.7/site-packages/eventlet/wsgi.py:883
2018-07-03 16:18:13.409 24343 DEBUG nova.api.metadata.handler [req-48d96046-fae4-48a8-b23b-465319586ee6 - - - - -] Using cached metadata for instance b47f2e84-7505-4ad4-b234-253ec7211618 get_metadata_by_instance_id /usr/lib/python2.7/site-packages/nova/api/metadata/handler.py:78
2018-07-03 16:18:13.413 24343 INFO nova.metadata.wsgi.server [req-48d96046-fae4-48a8-b23b-465319586ee6 - - - - -] 11.36.1.3,10.0.20.21 "GET /2009-04-04/user-data HTTP/1.1" status: 404 len: 176 time: 0.0034599
2018-07-03 16:18:13.852 24342 DEBUG nova.metadata.wsgi.server [req-dd0d5549-a7d7-40f7-90f8-df4c6f2c6b0d - - - - -] (24342) accepted ('10.0.20.21', 34476) server /usr/lib/python2.7/site-packages/eventlet/wsgi.py:883
2018-07-03 16:18:13.947 24342 DEBUG oslo_concurrency.lockutils [req-20a925d0-e36b-413d-9757-cd8ebaadd045 - - - - -] Lock "10fe8ece-686d-4d33-8fcc-3d4b81191949" acquired by "nova.context.get_or_set_cached_cell_and_set_connections" :: waited 0.001s inner /usr/lib/python2.7/site-packages/oslo_concurrency/lockutils.py:270
2018-07-03 16:18:13.975 24342 DEBUG oslo_concurrency.lockutils [req-20a925d0-e36b-413d-9757-cd8ebaadd045 - - - - -] Lock "10fe8ece-686d-4d33-8fcc-3d4b81191949" released by "nova.context.get_or_set_cached_cell_and_set_connections" :: held 0.028s inner /usr/lib/python2.7/site-packages/oslo_concurrency/lockutils.py:282
2018-07-03 16:18:14.639 24329 DEBUG nova.api.openstack.wsgi [req-c60da730-7b7d-4d39-bcd1-15faa19001bb b5c7d57bbd1a48d5a86a8095ce57bfd4 6ce4dd91709c441d9f1b40034ea03af4 - default default] Calling method '<bound method ServersController.detail of <nova.api.openstack.compute.servers.ServersController object at 0x7fb06bb34a90>>' _process_stack /usr/lib/python2.7/site-packages/nova/api/openstack/wsgi.py:612
2018-07-03 16:18:14.661 24329 DEBUG nova.compute.api [req-c60da730-7b7d-4d39-bcd1-15faa19001bb b5c7d57bbd1a48d5a86a8095ce57bfd4 6ce4dd91709c441d9f1b40034ea03af4 - default default] Searching by: {u'changes-since': datetime.datetime(2018, 7, 3, 14, 13, 13, 668960, tzinfo=<FixedOffset u'+00:00' datetime.timedelta(0)>)} get_all /usr/lib/python2.7/site-packages/nova/compute/api.py:2356
2018-07-03 16:18:14.697 24329 DEBUG oslo_concurrency.lockutils [req-c60da730-7b7d-4d39-bcd1-15faa19001bb b5c7d57bbd1a48d5a86a8095ce57bfd4 6ce4dd91709c441d9f1b40034ea03af4 - default default] Lock "00000000-0000-0000-0000-000000000000" acquired by "nova.context.get_or_set_cached_cell_and_set_connections" :: waited 0.000s inner /usr/lib/python2.7/site-packages/oslo_concurrency/lockutils.py:270
2018-07-03 16:18:14.698 24329 DEBUG oslo_concurrency.lockutils [req-c60da730-7b7d-4d39-bcd1-15faa19001bb b5c7d57bbd1a48d5a86a8095ce57bfd4 6ce4dd91709c441d9f1b40034ea03af4 - default default] Lock "00000000-0000-0000-0000-000000000000" released by "nova.context.get_or_set_cached_cell_and_set_connections" :: held 0.001s inner /usr/lib/python2.7/site-packages/oslo_concurrency/lockutils.py:282
2018-07-03 16:18:14.815 24329 DEBUG nova.compute.api [req-c60da730-7b7d-4d39-bcd1-15faa19001bb b5c7d57bbd1a48d5a86a8095ce57bfd4 6ce4dd91709c441d9f1b40034ea03af4 - default default] Skipping already-collected cell0 list _get_instances_by_filters_all_cells /usr/lib/python2.7/site-packages/nova/compute/api.py:2556
2018-07-03 16:18:14.816 24329 DEBUG nova.compute.api [req-c60da730-7b7d-4d39-bcd1-15faa19001bb b5c7d57bbd1a48d5a86a8095ce57bfd4 6ce4dd91709c441d9f1b40034ea03af4 - default default] Listing 1000 instances in cell 10fe8ece-686d-4d33-8fcc-3d4b81191949(default) _get_instances_by_filters_all_cells /usr/lib/python2.7/site-packages/nova/compute/api.py:2559
2018-07-03 16:18:14.817 24329 DEBUG oslo_concurrency.lockutils [req-c60da730-7b7d-4d39-bcd1-15faa19001bb b5c7d57bbd1a48d5a86a8095ce57bfd4 6ce4dd91709c441d9f1b40034ea03af4 - default default] Lock "10fe8ece-686d-4d33-8fcc-3d4b81191949" acquired by "nova.context.get_or_set_cached_cell_and_set_connections" :: waited 0.000s inner /usr/lib/python2.7/site-packages/oslo_concurrency/lockutils.py:270
2018-07-03 16:18:14.818 24329 DEBUG oslo_concurrency.lockutils [req-c60da730-7b7d-4d39-bcd1-15faa19001bb b5c7d57bbd1a48d5a86a8095ce57bfd4 6ce4dd91709c441d9f1b40034ea03af4 - default default] Lock "10fe8ece-686d-4d33-8fcc-3d4b81191949" released by "nova.context.get_or_set_cached_cell_and_set_connections" :: held 0.001s inner /usr/lib/python2.7/site-packages/oslo_concurrency/lockutils.py:282
2018-07-03 16:18:15.019 24329 DEBUG oslo_concurrency.lockutils [req-c60da730-7b7d-4d39-bcd1-15faa19001bb b5c7d57bbd1a48d5a86a8095ce57bfd4 6ce4dd91709c441d9f1b40034ea03af4 - default default] Lock "10fe8ece-686d-4d33-8fcc-3d4b81191949" acquired by "nova.context.get_or_set_cached_cell_and_set_connections" :: waited 0.000s inner /usr/lib/python2.7/site-packages/oslo_concurrency/lockutils.py:270
2018-07-03 16:18:15.020 24329 DEBUG oslo_concurrency.lockutils [req-c60da730-7b7d-4d39-bcd1-15faa19001bb b5c7d57bbd1a48d5a86a8095ce57bfd4 6ce4dd91709c441d9f1b40034ea03af4 - default default] Lock "10fe8ece-686d-4d33-8fcc-3d4b81191949" released by "nova.context.get_or_set_cached_cell_and_set_connections" :: held 0.001s inner /usr/lib/python2.7/site-packages/oslo_concurrency/lockutils.py:282
2018-07-03 16:18:15.047 24329 DEBUG nova.policy [req-c60da730-7b7d-4d39-bcd1-15faa19001bb b5c7d57bbd1a48d5a86a8095ce57bfd4 6ce4dd91709c441d9f1b40034ea03af4 - default default] Policy check for os_compute_api:os-hide-server-addresses failed with credentials {'service_roles': [], 'user_id': u'b5c7d57bbd1a48d5a86a8095ce57bfd4', 'roles': [u'ResellerAdmin', u'admin'], 'user_domain_id': u'default', 'service_project_id': None, 'service_user_id': None, 'service_user_domain_id': None, 'service_project_domain_id': None, 'is_admin_project': True, 'is_admin': True, 'project_id': u'6ce4dd91709c441d9f1b40034ea03af4', 'project_domain_id': u'default'} authorize /usr/lib/python2.7/site-packages/nova/policy.py:168
2018-07-03 16:18:15.125 24331 DEBUG nova.osapi_compute.wsgi.server [req-b0394fac-ea65-4783-bc3d-568a1ea5ae7d 4fbc52514c824825aeadd5a44fe1e4df 6ce4dd91709c441d9f1b40034ea03af4 - default default] (24331) accepted ('10.0.20.21', 43096) server /usr/lib/python2.7/site-packages/eventlet/wsgi.py:883
2018-07-03 16:18:15.333 24342 INFO nova.metadata.wsgi.server [req-20a925d0-e36b-413d-9757-cd8ebaadd045 - - - - -] 11.36.1.3,10.0.20.21 "GET /2009-04-04/meta-data/block-device-mapping HTTP/1.1" status: 200 len: 124 time: 1.4701788
2018-07-03 16:18:15.702 24331 INFO nova.osapi_compute.wsgi.server [req-b6ec05f1-00d5-424e-af10-e360365f9233 b81f054d8a234ca7a3e1900d0356c6f5 71526a72ffe84b2da8f9687fc86188b2 - 936d04a40f9b4414afe1a1f361601c78 936d04a40f9b4414afe1a1f361601c78] 10.0.20.21 "GET /v2.1/71526a72ffe84b2da8f9687fc86188b2 HTTP/1.1" status: 404 len: 382 time: 0.5734138
2018-07-03 16:18:15.730 24331 DEBUG nova.api.openstack.wsgi [req-8252c533-9e18-422f-9204-fa5f1e48cb7a b81f054d8a234ca7a3e1900d0356c6f5 71526a72ffe84b2da8f9687fc86188b2 - 936d04a40f9b4414afe1a1f361601c78 936d04a40f9b4414afe1a1f361601c78] Calling method '<bound method VersionsController.show of <nova.api.openstack.compute.versionsV21.VersionsController object at 0x7fb06bf2d950>>' _process_stack /usr/lib/python2.7/site-packages/nova/api/openstack/wsgi.py:612
2018-07-03 16:18:15.732 24331 INFO nova.osapi_compute.wsgi.server [req-8252c533-9e18-422f-9204-fa5f1e48cb7a b81f054d8a234ca7a3e1900d0356c6f5 71526a72ffe84b2da8f9687fc86188b2 - 936d04a40f9b4414afe1a1f361601c78 936d04a40f9b4414afe1a1f361601c78] 10.0.20.21 "GET /v2.1/ HTTP/1.1" status: 200 len: 783 time: 0.0133600
2018-07-03 16:18:15.972 24342 DEBUG nova.metadata.wsgi.server [req-20a925d0-e36b-413d-9757-cd8ebaadd045 - - - - -] (24342) accepted ('10.0.20.21', 34490) server /usr/lib/python2.7/site-packages/eventlet/wsgi.py:883
2018-07-03 16:18:15.977 24342 DEBUG nova.api.metadata.handler [req-20a925d0-e36b-413d-9757-cd8ebaadd045 - - - - -] Using cached metadata for instance b47f2e84-7505-4ad4-b234-253ec7211618 get_metadata_by_instance_id /usr/lib/python2.7/site-packages/nova/api/metadata/handler.py:78
2018-07-03 16:18:15.979 24342 INFO nova.metadata.wsgi.server [req-20a925d0-e36b-413d-9757-cd8ebaadd045 - - - - -] 11.36.1.3,10.0.20.21 "GET /2009-04-04/meta-data/block-device-mapping/ami HTTP/1.1" status: 200 len: 119 time: 0.0038669
2018-07-03 16:18:16.088 24331 DEBUG nova.api.openstack.wsgi [req-d583951b-b341-43ee-a64f-2c26c5dc53f3 b81f054d8a234ca7a3e1900d0356c6f5 71526a72ffe84b2da8f9687fc86188b2 - 936d04a40f9b4414afe1a1f361601c78 936d04a40f9b4414afe1a1f361601c78] Calling method '<bound method ServersController.detail of <nova.api.openstack.compute.servers.ServersController object at 0x7fb06bb34a90>>' _process_stack /usr/lib/python2.7/site-packages/nova/api/openstack/wsgi.py:612
2018-07-03 16:18:16.100 24331 DEBUG nova.compute.api [req-d583951b-b341-43ee-a64f-2c26c5dc53f3 b81f054d8a234ca7a3e1900d0356c6f5 71526a72ffe84b2da8f9687fc86188b2 - 936d04a40f9b4414afe1a1f361601c78 936d04a40f9b4414afe1a1f361601c78] Searching by: {'deleted': False, 'project_id': u'71526a72ffe84b2da8f9687fc86188b2'} get_all /usr/lib/python2.7/site-packages/nova/compute/api.py:2356
2018-07-03 16:18:16.119 24331 DEBUG oslo_concurrency.lockutils [req-d583951b-b341-43ee-a64f-2c26c5dc53f3 b81f054d8a234ca7a3e1900d0356c6f5 71526a72ffe84b2da8f9687fc86188b2 - 936d04a40f9b4414afe1a1f361601c78 936d04a40f9b4414afe1a1f361601c78] Lock "00000000-0000-0000-0000-000000000000" acquired by "nova.context.get_or_set_cached_cell_and_set_connections" :: waited 0.000s inner /usr/lib/python2.7/site-packages/oslo_concurrency/lockutils.py:270
2018-07-03 16:18:16.119 24331 DEBUG oslo_concurrency.lockutils [req-d583951b-b341-43ee-a64f-2c26c5dc53f3 b81f054d8a234ca7a3e1900d0356c6f5 71526a72ffe84b2da8f9687fc86188b2 - 936d04a40f9b4414afe1a1f361601c78 936d04a40f9b4414afe1a1f361601c78] Lock "00000000-0000-0000-0000-000000000000" released by "nova.context.get_or_set_cached_cell_and_set_connections" :: held 0.001s inner /usr/lib/python2.7/site-packages/oslo_concurrency/lockutils.py:282
2018-07-03 16:18:16.232 24355 DEBUG nova.metadata.wsgi.server [req-fdf87914-8a4a-468c-bd22-b3eb0b66d1db - - - - -] (24355) accepted ('10.0.20.21', 34492) server /usr/lib/python2.7/site-packages/eventlet/wsgi.py:883
2018-07-03 16:18:16.255 24331 DEBUG nova.compute.api [req-d583951b-b341-43ee-a64f-2c26c5dc53f3 b81f054d8a234ca7a3e1900d0356c6f5 71526a72ffe84b2da8f9687fc86188b2 - 936d04a40f9b4414afe1a1f361601c78 936d04a40f9b4414afe1a1f361601c78] Skipping already-collected cell0 list _get_instances_by_filters_all_cells /usr/lib/python2.7/site-packages/nova/compute/api.py:2556
2018-07-03 16:18:16.256 24331 DEBUG nova.compute.api [req-d583951b-b341-43ee-a64f-2c26c5dc53f3 b81f054d8a234ca7a3e1900d0356c6f5 71526a72ffe84b2da8f9687fc86188b2 - 936d04a40f9b4414afe1a1f361601c78 936d04a40f9b4414afe1a1f361601c78] Listing 1000 instances in cell 10fe8ece-686d-4d33-8fcc-3d4b81191949(default) _get_instances_by_filters_all_cells /usr/lib/python2.7/site-packages/nova/compute/api.py:2559
2018-07-03 16:18:16.258 24331 DEBUG oslo_concurrency.lockutils [req-d583951b-b341-43ee-a64f-2c26c5dc53f3 b81f054d8a234ca7a3e1900d0356c6f5 71526a72ffe84b2da8f9687fc86188b2 - 936d04a40f9b4414afe1a1f361601c78 936d04a40f9b4414afe1a1f361601c78] Lock "10fe8ece-686d-4d33-8fcc-3d4b81191949" acquired by "nova.context.get_or_set_cached_cell_and_set_connections" :: waited 0.000s inner /usr/lib/python2.7/site-packages/oslo_concurrency/lockutils.py:270
2018-07-03 16:18:16.259 24331 DEBUG oslo_concurrency.lockutils [req-d583951b-b341-43ee-a64f-2c26c5dc53f3 b81f054d8a234ca7a3e1900d0356c6f5 71526a72ffe84b2da8f9687fc86188b2 - 936d04a40f9b4414afe1a1f361601c78 936d04a40f9b4414afe1a1f361601c78] Lock "10fe8ece-686d-4d33-8fcc-3d4b81191949" released by "nova.context.get_or_set_cached_cell_and_set_connections" :: held 0.001s inner /usr/lib/python2.7/site-packages/oslo_concurrency/lockutils.py:282
2018-07-03 16:18:16.300 24355 DEBUG oslo_concurrency.lockutils [req-75bad366-f4a5-44fb-8383-e7feee602188 - - - - -] Lock "10fe8ece-686d-4d33-8fcc-3d4b81191949" acquired by "nova.context.get_or_set_cached_cell_and_set_connections" :: waited 0.002s inner /usr/lib/python2.7/site-packages/oslo_concurrency/lockutils.py:270
2018-07-03 16:18:16.303 24355 DEBUG oslo_concurrency.lockutils [req-75bad366-f4a5-44fb-8383-e7feee602188 - - - - -] Lock "10fe8ece-686d-4d33-8fcc-3d4b81191949" released by "nova.context.get_or_set_cached_cell_and_set_connections" :: held 0.002s inner /usr/lib/python2.7/site-packages/oslo_concurrency/lockutils.py:282
2018-07-03 16:18:16.512 24331 DEBUG oslo_concurrency.lockutils [req-d583951b-b341-43ee-a64f-2c26c5dc53f3 b81f054d8a234ca7a3e1900d0356c6f5 71526a72ffe84b2da8f9687fc86188b2 - 936d04a40f9b4414afe1a1f361601c78 936d04a40f9b4414afe1a1f361601c78] Lock "10fe8ece-686d-4d33-8fcc-3d4b81191949" acquired by "nova.context.get_or_set_cached_cell_and_set_connections" :: waited 0.000s inner /usr/lib/python2.7/site-packages/oslo_concurrency/lockutils.py:270
2018-07-03 16:18:16.513 24331 DEBUG oslo_concurrency.lockutils [req-d583951b-b341-43ee-a64f-2c26c5dc53f3 b81f054d8a234ca7a3e1900d0356c6f5 71526a72ffe84b2da8f9687fc86188b2 - 936d04a40f9b4414afe1a1f361601c78 936d04a40f9b4414afe1a1f361601c78] Lock "10fe8ece-686d-4d33-8fcc-3d4b81191949" released by "nova.context.get_or_set_cached_cell_and_set_connections" :: held 0.001s inner /usr/lib/python2.7/site-packages/oslo_concurrency/lockutils.py:282
2018-07-03 16:18:16.618 24331 DEBUG nova.policy [req-d583951b-b341-43ee-a64f-2c26c5dc53f3 b81f054d8a234ca7a3e1900d0356c6f5 71526a72ffe84b2da8f9687fc86188b2 - 936d04a40f9b4414afe1a1f361601c78 936d04a40f9b4414afe1a1f361601c78] Policy check for os_compute_api:os-hide-server-addresses failed with credentials {'service_roles': [], 'user_id': u'b81f054d8a234ca7a3e1900d0356c6f5', 'roles': [u'admin'], 'user_domain_id': u'936d04a40f9b4414afe1a1f361601c78', 'service_project_id': None, 'service_user_id': None, 'service_user_domain_id': None, 'service_project_domain_id': None, 'is_admin_project': True, 'is_admin': True, 'project_id': u'71526a72ffe84b2da8f9687fc86188b2', 'project_domain_id': u'936d04a40f9b4414afe1a1f361601c78'} authorize /usr/lib/python2.7/site-packages/nova/policy.py:168
2018-07-03 16:18:16.737 24329 INFO nova.osapi_compute.wsgi.server [req-c60da730-7b7d-4d39-bcd1-15faa19001bb b5c7d57bbd1a48d5a86a8095ce57bfd4 6ce4dd91709c441d9f1b40034ea03af4 - default default] 10.0.20.21 "GET /v2.1/6ce4dd91709c441d9f1b40034ea03af4/servers/detail?all_tenants=True&changes-since=2018-07-03T14%3A13%3A13.668960%2B00%3A00 HTTP/1.1" status: 200 len: 2325 time: 3.2456341
2018-07-03 16:18:17.501 24355 INFO nova.metadata.wsgi.server [req-75bad366-f4a5-44fb-8383-e7feee602188 - - - - -] 11.36.1.3,10.0.20.21 "GET /2009-04-04/meta-data/block-device-mapping/root HTTP/1.1" status: 200 len: 124 time: 1.2635760
2018-07-03 16:18:17.740 24331 INFO nova.osapi_compute.wsgi.server [req-d583951b-b341-43ee-a64f-2c26c5dc53f3 b81f054d8a234ca7a3e1900d0356c6f5 71526a72ffe84b2da8f9687fc86188b2 - 936d04a40f9b4414afe1a1f361601c78 936d04a40f9b4414afe1a1f361601c78] 10.0.20.21 "GET /v2.1/71526a72ffe84b2da8f9687fc86188b2/servers/detail HTTP/1.1" status: 200 len: 2718 time: 1.6669629
2018-07-03 16:18:17.810 24355 DEBUG nova.metadata.wsgi.server [req-75bad366-f4a5-44fb-8383-e7feee602188 - - - - -] (24355) accepted ('10.0.20.21', 34504) server /usr/lib/python2.7/site-packages/eventlet/wsgi.py:883
2018-07-03 16:18:17.812 24355 DEBUG nova.api.metadata.handler [req-75bad366-f4a5-44fb-8383-e7feee602188 - - - - -] Using cached metadata for instance b47f2e84-7505-4ad4-b234-253ec7211618 get_metadata_by_instance_id /usr/lib/python2.7/site-packages/nova/api/metadata/handler.py:78
2018-07-03 16:18:17.814 24355 INFO nova.metadata.wsgi.server [req-75bad366-f4a5-44fb-8383-e7feee602188 - - - - -] 11.36.1.3,10.0.20.21 "GET /2009-04-04/meta-data/public-hostname HTTP/1.1" status: 200 len: 161 time: 0.0021451
2018-07-03 16:18:18.523 24355 DEBUG nova.metadata.wsgi.server [req-75bad366-f4a5-44fb-8383-e7feee602188 - - - - -] (24355) accepted ('10.0.20.21', 34512) server /usr/lib/python2.7/site-packages/eventlet/wsgi.py:883
2018-07-03 16:18:18.524 24355 DEBUG nova.api.metadata.handler [req-75bad366-f4a5-44fb-8383-e7feee602188 - - - - -] Using cached metadata for instance b47f2e84-7505-4ad4-b234-253ec7211618 get_metadata_by_instance_id /usr/lib/python2.7/site-packages/nova/api/metadata/handler.py:78
2018-07-03 16:18:18.526 24355 INFO nova.metadata.wsgi.server [req-75bad366-f4a5-44fb-8383-e7feee602188 - - - - -] 11.36.1.3,10.0.20.21 "GET /2009-04-04/meta-data/placement/availability-zone HTTP/1.1" status: 200 len: 120 time: 0.0020809
2018-07-03 16:18:44.016 24331 DEBUG nova.osapi_compute.wsgi.server [req-d583951b-b341-43ee-a64f-2c26c5dc53f3 b81f054d8a234ca7a3e1900d0356c6f5 71526a72ffe84b2da8f9687fc86188b2 - 936d04a40f9b4414afe1a1f361601c78 936d04a40f9b4414afe1a1f361601c78] (24331) accepted ('10.0.20.21', 43702) server /usr/lib/python2.7/site-packages/eventlet/wsgi.py:883
2018-07-03 16:18:44.968 24331 DEBUG nova.api.openstack.wsgi [req-337b9aea-097f-4e64-adac-0fd4fd3f7bdf b81f054d8a234ca7a3e1900d0356c6f5 71526a72ffe84b2da8f9687fc86188b2 - 936d04a40f9b4414afe1a1f361601c78 936d04a40f9b4414afe1a1f361601c78] Calling method '<bound method ServersController.detail of <nova.api.openstack.compute.servers.ServersController object at 0x7fb06bb34a90>>' _process_stack /usr/lib/python2.7/site-packages/nova/api/openstack/wsgi.py:612
2018-07-03 16:18:44.982 24331 DEBUG nova.compute.api [req-337b9aea-097f-4e64-adac-0fd4fd3f7bdf b81f054d8a234ca7a3e1900d0356c6f5 71526a72ffe84b2da8f9687fc86188b2 - 936d04a40f9b4414afe1a1f361601c78 936d04a40f9b4414afe1a1f361601c78] Searching by: {'deleted': False, 'project_id': u'71526a72ffe84b2da8f9687fc86188b2'} get_all /usr/lib/python2.7/site-packages/nova/compute/api.py:2356
2018-07-03 16:18:45.025 24331 DEBUG oslo_concurrency.lockutils [req-337b9aea-097f-4e64-adac-0fd4fd3f7bdf b81f054d8a234ca7a3e1900d0356c6f5 71526a72ffe84b2da8f9687fc86188b2 - 936d04a40f9b4414afe1a1f361601c78 936d04a40f9b4414afe1a1f361601c78] Lock "00000000-0000-0000-0000-000000000000" acquired by "nova.context.get_or_set_cached_cell_and_set_connections" :: waited 0.000s inner /usr/lib/python2.7/site-packages/oslo_concurrency/lockutils.py:270
2018-07-03 16:18:45.026 24331 DEBUG oslo_concurrency.lockutils [req-337b9aea-097f-4e64-adac-0fd4fd3f7bdf b81f054d8a234ca7a3e1900d0356c6f5 71526a72ffe84b2da8f9687fc86188b2 - 936d04a40f9b4414afe1a1f361601c78 936d04a40f9b4414afe1a1f361601c78] Lock "00000000-0000-0000-0000-000000000000" released by "nova.context.get_or_set_cached_cell_and_set_connections" :: held 0.001s inner /usr/lib/python2.7/site-packages/oslo_concurrency/lockutils.py:282
2018-07-03 16:18:45.187 24331 DEBUG nova.compute.api [req-337b9aea-097f-4e64-adac-0fd4fd3f7bdf b81f054d8a234ca7a3e1900d0356c6f5 71526a72ffe84b2da8f9687fc86188b2 - 936d04a40f9b4414afe1a1f361601c78 936d04a40f9b4414afe1a1f361601c78] Skipping already-collected cell0 list _get_instances_by_filters_all_cells /usr/lib/python2.7/site-packages/nova/compute/api.py:2556
2018-07-03 16:18:45.187 24331 DEBUG nova.compute.api [req-337b9aea-097f-4e64-adac-0fd4fd3f7bdf b81f054d8a234ca7a3e1900d0356c6f5 71526a72ffe84b2da8f9687fc86188b2 - 936d04a40f9b4414afe1a1f361601c78 936d04a40f9b4414afe1a1f361601c78] Listing 1000 instances in cell 10fe8ece-686d-4d33-8fcc-3d4b81191949(default) _get_instances_by_filters_all_cells /usr/lib/python2.7/site-packages/nova/compute/api.py:2559
2018-07-03 16:18:45.189 24331 DEBUG oslo_concurrency.lockutils [req-337b9aea-097f-4e64-adac-0fd4fd3f7bdf b81f054d8a234ca7a3e1900d0356c6f5 71526a72ffe84b2da8f9687fc86188b2 - 936d04a40f9b4414afe1a1f361601c78 936d04a40f9b4414afe1a1f361601c78] Lock "10fe8ece-686d-4d33-8fcc-3d4b81191949" acquired by "nova.context.get_or_set_cached_cell_and_set_connections" :: waited 0.000s inner /usr/lib/python2.7/site-packages/oslo_concurrency/lockutils.py:270
2018-07-03 16:18:45.190 24331 DEBUG oslo_concurrency.lockutils [req-337b9aea-097f-4e64-adac-0fd4fd3f7bdf b81f054d8a234ca7a3e1900d0356c6f5 71526a72ffe84b2da8f9687fc86188b2 - 936d04a40f9b4414afe1a1f361601c78 936d04a40f9b4414afe1a1f361601c78] Lock "10fe8ece-686d-4d33-8fcc-3d4b81191949" released by "nova.context.get_or_set_cached_cell_and_set_connections" :: held 0.001s inner /usr/lib/python2.7/site-packages/oslo_concurrency/lockutils.py:282
2018-07-03 16:18:45.436 24331 DEBUG oslo_concurrency.lockutils [req-337b9aea-097f-4e64-adac-0fd4fd3f7bdf b81f054d8a234ca7a3e1900d0356c6f5 71526a72ffe84b2da8f9687fc86188b2 - 936d04a40f9b4414afe1a1f361601c78 936d04a40f9b4414afe1a1f361601c78] Lock "10fe8ece-686d-4d33-8fcc-3d4b81191949" acquired by "nova.context.get_or_set_cached_cell_and_set_connections" :: waited 0.000s inner /usr/lib/python2.7/site-packages/oslo_concurrency/lockutils.py:270
2018-07-03 16:18:45.437 24331 DEBUG oslo_concurrency.lockutils [req-337b9aea-097f-4e64-adac-0fd4fd3f7bdf b81f054d8a234ca7a3e1900d0356c6f5 71526a72ffe84b2da8f9687fc86188b2 - 936d04a40f9b4414afe1a1f361601c78 936d04a40f9b4414afe1a1f361601c78] Lock "10fe8ece-686d-4d33-8fcc-3d4b81191949" released by "nova.context.get_or_set_cached_cell_and_set_connections" :: held 0.001s inner /usr/lib/python2.7/site-packages/oslo_concurrency/lockutils.py:282
2018-07-03 16:18:45.455 24331 DEBUG nova.policy [req-337b9aea-097f-4e64-adac-0fd4fd3f7bdf b81f054d8a234ca7a3e1900d0356c6f5 71526a72ffe84b2da8f9687fc86188b2 - 936d04a40f9b4414afe1a1f361601c78 936d04a40f9b4414afe1a1f361601c78] Policy check for os_compute_api:os-hide-server-addresses failed with credentials {'service_roles': [], 'user_id': u'b81f054d8a234ca7a3e1900d0356c6f5', 'roles': [u'admin'], 'user_domain_id': u'936d04a40f9b4414afe1a1f361601c78', 'service_project_id': None, 'service_user_id': None, 'service_user_domain_id': None, 'service_project_domain_id': None, 'is_admin_project': True, 'is_admin': True, 'project_id': u'71526a72ffe84b2da8f9687fc86188b2', 'project_domain_id': u'936d04a40f9b4414afe1a1f361601c78'} authorize /usr/lib/python2.7/site-packages/nova/policy.py:168
2018-07-03 16:18:46.354 24331 INFO nova.osapi_compute.wsgi.server [req-337b9aea-097f-4e64-adac-0fd4fd3f7bdf b81f054d8a234ca7a3e1900d0356c6f5 71526a72ffe84b2da8f9687fc86188b2 - 936d04a40f9b4414afe1a1f361601c78 936d04a40f9b4414afe1a1f361601c78] 10.0.20.21 "GET /v2.1/71526a72ffe84b2da8f9687fc86188b2/servers/detail HTTP/1.1" status: 200 len: 2325 time: 2.3341539
2018-07-03 16:18:55.817 24331 DEBUG nova.osapi_compute.wsgi.server [req-337b9aea-097f-4e64-adac-0fd4fd3f7bdf b81f054d8a234ca7a3e1900d0356c6f5 71526a72ffe84b2da8f9687fc86188b2 - 936d04a40f9b4414afe1a1f361601c78 936d04a40f9b4414afe1a1f361601c78] (24331) accepted ('10.0.20.21', 44298) server /usr/lib/python2.7/site-packages/eventlet/wsgi.py:883
2018-07-03 16:18:56.450 24331 DEBUG nova.api.openstack.wsgi [req-42b5ce16-14f5-4727-a1d4-cf523764ad2d b81f054d8a234ca7a3e1900d0356c6f5 71526a72ffe84b2da8f9687fc86188b2 - 936d04a40f9b4414afe1a1f361601c78 936d04a40f9b4414afe1a1f361601c78] Calling method '<bound method ServersController.detail of <nova.api.openstack.compute.servers.ServersController object at 0x7fb06bb34a90>>' _process_stack /usr/lib/python2.7/site-packages/nova/api/openstack/wsgi.py:612
2018-07-03 16:18:56.458 24331 DEBUG nova.compute.api [req-42b5ce16-14f5-4727-a1d4-cf523764ad2d b81f054d8a234ca7a3e1900d0356c6f5 71526a72ffe84b2da8f9687fc86188b2 - 936d04a40f9b4414afe1a1f361601c78 936d04a40f9b4414afe1a1f361601c78] Searching by: {'deleted': False, 'project_id': u'71526a72ffe84b2da8f9687fc86188b2'} get_all /usr/lib/python2.7/site-packages/nova/compute/api.py:2356
2018-07-03 16:18:56.480 24331 DEBUG oslo_concurrency.lockutils [req-42b5ce16-14f5-4727-a1d4-cf523764ad2d b81f054d8a234ca7a3e1900d0356c6f5 71526a72ffe84b2da8f9687fc86188b2 - 936d04a40f9b4414afe1a1f361601c78 936d04a40f9b4414afe1a1f361601c78] Lock "00000000-0000-0000-0000-000000000000" acquired by "nova.context.get_or_set_cached_cell_and_set_connections" :: waited 0.000s inner /usr/lib/python2.7/site-packages/oslo_concurrency/lockutils.py:270
2018-07-03 16:18:56.482 24331 DEBUG oslo_concurrency.lockutils [req-42b5ce16-14f5-4727-a1d4-cf523764ad2d b81f054d8a234ca7a3e1900d0356c6f5 71526a72ffe84b2da8f9687fc86188b2 - 936d04a40f9b4414afe1a1f361601c78 936d04a40f9b4414afe1a1f361601c78] Lock "00000000-0000-0000-0000-000000000000" released by "nova.context.get_or_set_cached_cell_and_set_connections" :: held 0.001s inner /usr/lib/python2.7/site-packages/oslo_concurrency/lockutils.py:282
2018-07-03 16:18:56.579 24331 DEBUG nova.compute.api [req-42b5ce16-14f5-4727-a1d4-cf523764ad2d b81f054d8a234ca7a3e1900d0356c6f5 71526a72ffe84b2da8f9687fc86188b2 - 936d04a40f9b4414afe1a1f361601c78 936d04a40f9b4414afe1a1f361601c78] Skipping already-collected cell0 list _get_instances_by_filters_all_cells /usr/lib/python2.7/site-packages/nova/compute/api.py:2556
2018-07-03 16:18:56.580 24331 DEBUG nova.compute.api [req-42b5ce16-14f5-4727-a1d4-cf523764ad2d b81f054d8a234ca7a3e1900d0356c6f5 71526a72ffe84b2da8f9687fc86188b2 - 936d04a40f9b4414afe1a1f361601c78 936d04a40f9b4414afe1a1f361601c78] Listing 1000 instances in cell 10fe8ece-686d-4d33-8fcc-3d4b81191949(default) _get_instances_by_filters_all_cells /usr/lib/python2.7/site-packages/nova/compute/api.py:2559
2018-07-03 16:18:56.581 24331 DEBUG oslo_concurrency.lockutils [req-42b5ce16-14f5-4727-a1d4-cf523764ad2d b81f054d8a234ca7a3e1900d0356c6f5 71526a72ffe84b2da8f9687fc86188b2 - 936d04a40f9b4414afe1a1f361601c78 936d04a40f9b4414afe1a1f361601c78] Lock "10fe8ece-686d-4d33-8fcc-3d4b81191949" acquired by "nova.context.get_or_set_cached_cell_and_set_connections" :: waited 0.000s inner /usr/lib/python2.7/site-packages/oslo_concurrency/lockutils.py:270
2018-07-03 16:18:56.582 24331 DEBUG oslo_concurrency.lockutils [req-42b5ce16-14f5-4727-a1d4-cf523764ad2d b81f054d8a234ca7a3e1900d0356c6f5 71526a72ffe84b2da8f9687fc86188b2 - 936d04a40f9b4414afe1a1f361601c78 936d04a40f9b4414afe1a1f361601c78] Lock "10fe8ece-686d-4d33-8fcc-3d4b81191949" released by "nova.context.get_or_set_cached_cell_and_set_connections" :: held 0.001s inner /usr/lib/python2.7/site-packages/oslo_concurrency/lockutils.py:282
2018-07-03 16:18:56.739 24331 DEBUG oslo_concurrency.lockutils [req-42b5ce16-14f5-4727-a1d4-cf523764ad2d b81f054d8a234ca7a3e1900d0356c6f5 71526a72ffe84b2da8f9687fc86188b2 - 936d04a40f9b4414afe1a1f361601c78 936d04a40f9b4414afe1a1f361601c78] Lock "10fe8ece-686d-4d33-8fcc-3d4b81191949" acquired by "nova.context.get_or_set_cached_cell_and_set_connections" :: waited 0.000s inner /usr/lib/python2.7/site-packages/oslo_concurrency/lockutils.py:270
2018-07-03 16:18:56.740 24331 DEBUG oslo_concurrency.lockutils [req-42b5ce16-14f5-4727-a1d4-cf523764ad2d b81f054d8a234ca7a3e1900d0356c6f5 71526a72ffe84b2da8f9687fc86188b2 - 936d04a40f9b4414afe1a1f361601c78 936d04a40f9b4414afe1a1f361601c78] Lock "10fe8ece-686d-4d33-8fcc-3d4b81191949" released by "nova.context.get_or_set_cached_cell_and_set_connections" :: held 0.001s inner /usr/lib/python2.7/site-packages/oslo_concurrency/lockutils.py:282
2018-07-03 16:18:56.763 24331 DEBUG nova.policy [req-42b5ce16-14f5-4727-a1d4-cf523764ad2d b81f054d8a234ca7a3e1900d0356c6f5 71526a72ffe84b2da8f9687fc86188b2 - 936d04a40f9b4414afe1a1f361601c78 936d04a40f9b4414afe1a1f361601c78] Policy check for os_compute_api:os-hide-server-addresses failed with credentials {'service_roles': [], 'user_id': u'b81f054d8a234ca7a3e1900d0356c6f5', 'roles': [u'admin'], 'user_domain_id': u'936d04a40f9b4414afe1a1f361601c78', 'service_project_id': None, 'service_user_id': None, 'service_user_domain_id': None, 'service_project_domain_id': None, 'is_admin_project': True, 'is_admin': True, 'project_id': u'71526a72ffe84b2da8f9687fc86188b2', 'project_domain_id': u'936d04a40f9b4414afe1a1f361601c78'} authorize /usr/lib/python2.7/site-packages/nova/policy.py:168
2018-07-03 16:18:57.723 24331 INFO nova.osapi_compute.wsgi.server [req-42b5ce16-14f5-4727-a1d4-cf523764ad2d b81f054d8a234ca7a3e1900d0356c6f5 71526a72ffe84b2da8f9687fc86188b2 - 936d04a40f9b4414afe1a1f361601c78 936d04a40f9b4414afe1a1f361601c78] 10.0.20.21 "GET /v2.1/71526a72ffe84b2da8f9687fc86188b2/servers/detail HTTP/1.1" status: 200 len: 2325 time: 1.9037139
