2018-09-14 11:31:08.179 29385 INFO neutron.wsgi [req-a3f650f8-3df5-4e44-bbce-32388ee041e3 0509a4af4ae04f458ff6255b643a48c1 a6274edd06114a55b9dc116852780190 - default default] 10.0.20.24 "GET /v2.0/ports?device_id=7557c172-84bc-4d23-8613-6f893cec9e22 HTTP/1.1" status: 200  len: 1124 time: 0.9351780
2018-09-14 11:31:08.981 29385 INFO neutron.wsgi [req-711a24f2-ccff-41e1-a715-720fce5f1626 0509a4af4ae04f458ff6255b643a48c1 a6274edd06114a55b9dc116852780190 - default default] 10.0.20.24 "GET /v2.0/security-groups?id=ad43fe9a-8b7d-4e5e-993a-4e2abe42bd37 HTTP/1.1" status: 200  len: 2118 time: 0.7891500
2018-09-14 11:31:10.535 29383 DEBUG neutron.wsgi [-] (29383) accepted ('10.0.20.24', 59508) server /usr/lib/python2.7/site-packages/eventlet/wsgi.py:883
2018-09-14 11:31:11.321 29383 INFO neutron.wsgi [req-6b6caa9c-f023-4e60-bd20-89678c564d5b 392423df3617489b9a4259e561d5ba29 a6274edd06114a55b9dc116852780190 - default default] 10.0.20.24 "GET /v2.0/ports?device_id=7557c172-84bc-4d23-8613-6f893cec9e22 HTTP/1.1" status: 200  len: 1124 time: 0.7846282
2018-09-14 11:31:11.497 29383 INFO neutron.wsgi [req-f8f29424-788f-469a-b659-c98210a84a6a 392423df3617489b9a4259e561d5ba29 a6274edd06114a55b9dc116852780190 - default default] 10.0.20.24 "GET /v2.0/security-groups?id=ad43fe9a-8b7d-4e5e-993a-4e2abe42bd37 HTTP/1.1" status: 200  len: 2118 time: 0.1656661
2018-09-14 11:31:12.761 29393 DEBUG neutron_lib.callbacks.manager [req-0911c170-96d9-49f3-8381-b36fc2160784 - - - - -] Notify callbacks ['neutron.services.segments.db._update_segment_host_mapping_for_agent--9223363292250493895'] for agent, after_update _notify_loop /usr/lib/python2.7/site-packages/neutron_lib/callbacks/manager.py:167
2018-09-14 11:31:16.262 29384 DEBUG neutron.wsgi [-] (29384) accepted ('10.0.20.24', 59578) server /usr/lib/python2.7/site-packages/eventlet/wsgi.py:883
2018-09-14 11:31:16.791 29384 INFO neutron.wsgi [req-1f4c2f77-5b68-4c68-ae41-af4cf8d61595 392423df3617489b9a4259e561d5ba29 a6274edd06114a55b9dc116852780190 - default default] 10.0.20.24 "GET /v2.0/ports?device_id=7557c172-84bc-4d23-8613-6f893cec9e22 HTTP/1.1" status: 200  len: 1124 time: 0.5268071
2018-09-14 11:31:16.989 29384 INFO neutron.wsgi [req-6431d59a-77b5-4b50-aa17-12fa121a3666 392423df3617489b9a4259e561d5ba29 a6274edd06114a55b9dc116852780190 - default default] 10.0.20.24 "GET /v2.0/security-groups?id=ad43fe9a-8b7d-4e5e-993a-4e2abe42bd37 HTTP/1.1" status: 200  len: 2118 time: 0.1871459
2018-09-14 11:31:17.549 29379 INFO neutron.wsgi [req-1f58636c-4693-4921-b116-5f4720b04f54 f691fca0ffb04052a34913bf03a22ff2 aeeec504b4d646daba5a38c444f91086 - 05716e8dd5be484781316381fb661423 05716e8dd5be484781316381fb661423] 10.0.20.24 "GET /v2.0/ports?device_id=7557c172-84bc-4d23-8613-6f893cec9e22 HTTP/1.1" status: 200  len: 1124 time: 0.8554530
2018-09-14 11:31:17.725 29379 INFO neutron.wsgi [req-618caaba-51f6-4e11-aef6-7d33a2b171af f691fca0ffb04052a34913bf03a22ff2 aeeec504b4d646daba5a38c444f91086 - 05716e8dd5be484781316381fb661423 05716e8dd5be484781316381fb661423] 10.0.20.24 "GET /v2.0/security-groups?id=ad43fe9a-8b7d-4e5e-993a-4e2abe42bd37 HTTP/1.1" status: 200  len: 2118 time: 0.1678641
2018-09-14 11:31:19.627 29396 DEBUG neutron.db.agents_db [req-a8691e3c-ae2d-4e36-9507-4ee50afedc78 - - - - -] Agent healthcheck: found 5 active agents agent_health_check /usr/lib/python2.7/site-packages/neutron/db/agents_db.py:281
2018-09-14 11:31:20.154 29380 DEBUG neutron.wsgi [-] (29380) accepted ('10.0.20.24', 59606) server /usr/lib/python2.7/site-packages/eventlet/wsgi.py:883
2018-09-14 11:31:21.375 29380 INFO neutron.wsgi [req-12b74318-e460-4b46-a9c0-90facdff4216 392423df3617489b9a4259e561d5ba29 a6274edd06114a55b9dc116852780190 - default default] 10.0.20.24 "GET /v2.0/ports?device_id=7557c172-84bc-4d23-8613-6f893cec9e22 HTTP/1.1" status: 200  len: 1124 time: 1.2180080
2018-09-14 11:31:21.524 29380 INFO neutron.wsgi [req-6ce75d4a-f836-42f0-a177-513a34fe4923 392423df3617489b9a4259e561d5ba29 a6274edd06114a55b9dc116852780190 - default default] 10.0.20.24 "GET /v2.0/security-groups?id=ad43fe9a-8b7d-4e5e-993a-4e2abe42bd37 HTTP/1.1" status: 200  len: 2118 time: 0.1393352
2018-09-14 11:31:23.562 29383 INFO neutron.wsgi [req-dda2af50-f937-42d4-a194-3a5d65885c7c 392423df3617489b9a4259e561d5ba29 a6274edd06114a55b9dc116852780190 - default default] 10.0.20.24 "GET /v2.0/ports?device_id=7557c172-84bc-4d23-8613-6f893cec9e22 HTTP/1.1" status: 200  len: 1124 time: 0.1094160
2018-09-14 11:31:23.685 29383 INFO neutron.wsgi [req-15626171-7ed3-432d-af60-56c93c03d52f 392423df3617489b9a4259e561d5ba29 a6274edd06114a55b9dc116852780190 - default default] 10.0.20.24 "GET /v2.0/security-groups?id=ad43fe9a-8b7d-4e5e-993a-4e2abe42bd37 HTTP/1.1" status: 200  len: 2118 time: 0.1169498
2018-09-14 11:31:24.323 29387 DEBUG neutron_lib.callbacks.manager [req-28195837-bc37-4972-8402-e69f568c67df - - - - -] Notify callbacks ['neutron.services.segments.db._update_segment_host_mapping_for_agent--9223363292250493895'] for agent, after_update _notify_loop /usr/lib/python2.7/site-packages/neutron_lib/callbacks/manager.py:167
2018-09-14 11:31:24.518 29395 DEBUG neutron_lib.callbacks.manager [req-7ba7749e-b5e9-4e7c-aad0-93821953b074 - - - - -] Notify callbacks ['neutron.services.segments.db._update_segment_host_mapping_for_agent--9223363292250493895'] for agent, after_update _notify_loop /usr/lib/python2.7/site-packages/neutron_lib/callbacks/manager.py:167
2018-09-14 11:31:32.281 29394 DEBUG neutron_lib.callbacks.manager [req-3a473207-10cd-45f2-adf2-9911a8b07300 - - - - -] Notify callbacks ['neutron.services.segments.db._update_segment_host_mapping_for_agent--9223363292250493895'] for agent, after_update _notify_loop /usr/lib/python2.7/site-packages/neutron_lib/callbacks/manager.py:167
2018-09-14 11:31:33.122 29391 DEBUG neutron_lib.callbacks.manager [req-a9c6da97-5255-4d3c-a7c6-89f71af53d03 - - - - -] Notify callbacks ['neutron.services.segments.db._update_segment_host_mapping_for_agent--9223363292250493895'] for agent, after_update _notify_loop /usr/lib/python2.7/site-packages/neutron_lib/callbacks/manager.py:167
2018-09-14 11:31:42.753 29390 DEBUG neutron_lib.callbacks.manager [req-b407f66b-355c-424a-a263-dc86922e9a94 - - - - -] Notify callbacks ['neutron.services.segments.db._update_segment_host_mapping_for_agent--9223363292250493895'] for agent, after_update _notify_loop /usr/lib/python2.7/site-packages/neutron_lib/callbacks/manager.py:167
2018-09-14 11:31:47.926 29379 INFO neutron.wsgi [req-6b92f703-4523-4ae0-bb9c-0c2a0acd77cf f691fca0ffb04052a34913bf03a22ff2 aeeec504b4d646daba5a38c444f91086 - 05716e8dd5be484781316381fb661423 05716e8dd5be484781316381fb661423] 10.0.20.24 "GET /v2.0/ports?device_id=7557c172-84bc-4d23-8613-6f893cec9e22 HTTP/1.1" status: 200  len: 1124 time: 1.0174050
2018-09-14 11:31:48.144 29379 INFO neutron.wsgi [req-f6b1fa9a-7054-400c-b5e2-886a69a151d7 f691fca0ffb04052a34913bf03a22ff2 aeeec504b4d646daba5a38c444f91086 - 05716e8dd5be484781316381fb661423 05716e8dd5be484781316381fb661423] 10.0.20.24 "GET /v2.0/security-groups?id=ad43fe9a-8b7d-4e5e-993a-4e2abe42bd37 HTTP/1.1" status: 200  len: 2118 time: 0.2100210
2018-09-14 11:31:54.329 29388 DEBUG neutron_lib.callbacks.manager [req-28195837-bc37-4972-8402-e69f568c67df - - - - -] Notify callbacks ['neutron.services.segments.db._update_segment_host_mapping_for_agent--9223363292250493895'] for agent, after_update _notify_loop /usr/lib/python2.7/site-packages/neutron_lib/callbacks/manager.py:167
2018-09-14 11:31:54.533 29389 DEBUG neutron_lib.callbacks.manager [req-32106c46-4cbd-420e-ba0f-bb9b9ace2889 - - - - -] Notify callbacks ['neutron.services.segments.db._update_segment_host_mapping_for_agent--9223363292250493895'] for agent, after_update _notify_loop /usr/lib/python2.7/site-packages/neutron_lib/callbacks/manager.py:167
2018-09-14 11:31:56.626 29396 DEBUG neutron.db.agents_db [req-a8691e3c-ae2d-4e36-9507-4ee50afedc78 - - - - -] Agent healthcheck: found 5 active agents agent_health_check /usr/lib/python2.7/site-packages/neutron/db/agents_db.py:281
2018-09-14 11:32:02.301 29392 DEBUG neutron_lib.callbacks.manager [req-3a473207-10cd-45f2-adf2-9911a8b07300 - - - - -] Notify callbacks ['neutron.services.segments.db._update_segment_host_mapping_for_agent--9223363292250493895'] for agent, after_update _notify_loop /usr/lib/python2.7/site-packages/neutron_lib/callbacks/manager.py:167
2018-09-14 11:32:02.366 29381 INFO neutron.wsgi [req-d315b68e-3203-4e82-af5e-044bf058a233 f691fca0ffb04052a34913bf03a22ff2 aeeec504b4d646daba5a38c444f91086 - 05716e8dd5be484781316381fb661423 05716e8dd5be484781316381fb661423] 10.0.20.24 "GET /v2.0/ports?device_id=7557c172-84bc-4d23-8613-6f893cec9e22 HTTP/1.1" status: 200  len: 1124 time: 0.8584661
2018-09-14 11:32:02.565 29381 INFO neutron.wsgi [req-d3f66af4-5f34-45d4-8bfc-b2d255fc52d8 f691fca0ffb04052a34913bf03a22ff2 aeeec504b4d646daba5a38c444f91086 - 05716e8dd5be484781316381fb661423 05716e8dd5be484781316381fb661423] 10.0.20.24 "GET /v2.0/security-groups?id=ad43fe9a-8b7d-4e5e-993a-4e2abe42bd37 HTTP/1.1" status: 200  len: 2118 time: 0.1889660
2018-09-14 11:32:03.107 29393 DEBUG neutron_lib.callbacks.manager [req-a9c6da97-5255-4d3c-a7c6-89f71af53d03 - - - - -] Notify callbacks ['neutron.services.segments.db._update_segment_host_mapping_for_agent--9223363292250493895'] for agent, after_update _notify_loop /usr/lib/python2.7/site-packages/neutron_lib/callbacks/manager.py:167
2018-09-14 11:32:06.444 29379 INFO neutron.wsgi [req-dd4d42da-8b67-44b9-8c0b-48c284a5f50a 0509a4af4ae04f458ff6255b643a48c1 a6274edd06114a55b9dc116852780190 - default default] 10.0.20.24 "GET /v2.0/ports?device_id=7557c172-84bc-4d23-8613-6f893cec9e22 HTTP/1.1" status: 200  len: 1124 time: 0.7074029
2018-09-14 11:32:06.611 29379 INFO neutron.wsgi [req-d358d628-26f4-4ae4-86f2-1f93b63a6ec3 0509a4af4ae04f458ff6255b643a48c1 a6274edd06114a55b9dc116852780190 - default default] 10.0.20.24 "GET /v2.0/security-groups?id=ad43fe9a-8b7d-4e5e-993a-4e2abe42bd37 HTTP/1.1" status: 200  len: 2118 time: 0.1551709
2018-09-14 11:32:07.029 29382 INFO neutron.wsgi [req-64006793-430b-458c-bb04-e3200db47ad7 392423df3617489b9a4259e561d5ba29 a6274edd06114a55b9dc116852780190 - default default] 10.0.20.24 "GET /v2.0/ports?tenant_id=aeeec504b4d646daba5a38c444f91086&device_id=7557c172-84bc-4d23-8613-6f893cec9e22 HTTP/1.1" status: 200  len: 1124 time: 0.2104640
2018-09-14 11:32:07.487 29382 DEBUG neutron.pecan_wsgi.hooks.policy_enforcement [req-1f937341-fde6-4a20-b8ad-9e507b72a9a5 392423df3617489b9a4259e561d5ba29 a6274edd06114a55b9dc116852780190 - default default] Attributes excluded by policy engine: [u'vlan_transparent'] _exclude_attributes_by_policy /usr/lib/python2.7/site-packages/neutron/pecan_wsgi/hooks/policy_enforcement.py:256
2018-09-14 11:32:07.491 29382 INFO neutron.wsgi [req-1f937341-fde6-4a20-b8ad-9e507b72a9a5 392423df3617489b9a4259e561d5ba29 a6274edd06114a55b9dc116852780190 - default default] 10.0.20.24 "GET /v2.0/networks?id=471b68ea-050a-482e-a265-b3c66a45c407 HTTP/1.1" status: 200  len: 885 time: 0.4516971
2018-09-14 11:32:07.559 29382 INFO neutron.wsgi [req-cd1745ed-8c87-4b86-a531-4a2c35d5b0f6 392423df3617489b9a4259e561d5ba29 a6274edd06114a55b9dc116852780190 - default default] 10.0.20.24 "GET /v2.0/floatingips?fixed_ip_address=11.140.1.8&port_id=98915f27-4a63-46e5-9010-916996c165a1 HTTP/1.1" status: 200  len: 750 time: 0.0542412
2018-09-14 11:32:07.787 29382 DEBUG neutron.pecan_wsgi.hooks.policy_enforcement [req-db726966-824f-4929-b187-203445875872 392423df3617489b9a4259e561d5ba29 a6274edd06114a55b9dc116852780190 - default default] Attributes excluded by policy engine: [u'shared'] _exclude_attributes_by_policy /usr/lib/python2.7/site-packages/neutron/pecan_wsgi/hooks/policy_enforcement.py:256
2018-09-14 11:32:07.791 29382 INFO neutron.wsgi [req-db726966-824f-4929-b187-203445875872 392423df3617489b9a4259e561d5ba29 a6274edd06114a55b9dc116852780190 - default default] 10.0.20.24 "GET /v2.0/subnets?id=c71bc713-a507-4bf9-9073-cb141d4fc38a HTTP/1.1" status: 200  len: 847 time: 0.2215550
2018-09-14 11:32:07.940 29382 INFO neutron.wsgi [req-82f87c4b-aa22-4062-a72e-786d371ae9b3 392423df3617489b9a4259e561d5ba29 a6274edd06114a55b9dc116852780190 - default default] 10.0.20.24 "GET /v2.0/ports?network_id=471b68ea-050a-482e-a265-b3c66a45c407&device_owner=network%3Adhcp HTTP/1.1" status: 200  len: 1128 time: 0.1387191
2018-09-14 11:32:12.758 29387 DEBUG neutron_lib.callbacks.manager [req-9cc5b9f2-9052-4677-a83a-814a535e59a8 - - - - -] Notify callbacks ['neutron.services.segments.db._update_segment_host_mapping_for_agent--9223363292250493895'] for agent, after_update _notify_loop /usr/lib/python2.7/site-packages/neutron_lib/callbacks/manager.py:167
2018-09-14 11:32:17.923 29384 INFO neutron.wsgi [req-c72285bf-7c20-448e-a789-ed06a8a10bf9 f691fca0ffb04052a34913bf03a22ff2 aeeec504b4d646daba5a38c444f91086 - 05716e8dd5be484781316381fb661423 05716e8dd5be484781316381fb661423] 10.0.20.24 "GET /v2.0/ports?device_id=7557c172-84bc-4d23-8613-6f893cec9e22 HTTP/1.1" status: 200  len: 1124 time: 1.3163350
2018-09-14 11:32:18.083 29384 INFO neutron.wsgi [req-22701520-b4b2-4ffc-8cea-f29ef9547ebb f691fca0ffb04052a34913bf03a22ff2 aeeec504b4d646daba5a38c444f91086 - 05716e8dd5be484781316381fb661423 05716e8dd5be484781316381fb661423] 10.0.20.24 "GET /v2.0/security-groups?id=ad43fe9a-8b7d-4e5e-993a-4e2abe42bd37 HTTP/1.1" status: 200  len: 2118 time: 0.1482630
2018-09-14 11:32:24.323 29395 DEBUG neutron_lib.callbacks.manager [req-28195837-bc37-4972-8402-e69f568c67df - - - - -] Notify callbacks ['neutron.services.segments.db._update_segment_host_mapping_for_agent--9223363292250493895'] for agent, after_update _notify_loop /usr/lib/python2.7/site-packages/neutron_lib/callbacks/manager.py:167
2018-09-14 11:32:24.536 29394 DEBUG neutron_lib.callbacks.manager [req-2aca5a80-8465-474f-840b-e673f8133852 - - - - -] Notify callbacks ['neutron.services.segments.db._update_segment_host_mapping_for_agent--9223363292250493895'] for agent, after_update _notify_loop /usr/lib/python2.7/site-packages/neutron_lib/callbacks/manager.py:167
2018-09-14 11:32:29.255 29381 INFO neutron.wsgi [req-595f6af5-7e3c-4e7a-a6a6-867474335a55 f691fca0ffb04052a34913bf03a22ff2 aeeec504b4d646daba5a38c444f91086 - 05716e8dd5be484781316381fb661423 05716e8dd5be484781316381fb661423] 10.0.20.24 "GET /v2.0/ports?device_id=7557c172-84bc-4d23-8613-6f893cec9e22 HTTP/1.1" status: 200  len: 1124 time: 0.7834072
2018-09-14 11:32:29.456 29381 INFO neutron.wsgi [req-ff1fed78-1876-40eb-bad6-2c2d8ed68c2d f691fca0ffb04052a34913bf03a22ff2 aeeec504b4d646daba5a38c444f91086 - 05716e8dd5be484781316381fb661423 05716e8dd5be484781316381fb661423] 10.0.20.24 "GET /v2.0/security-groups?id=ad43fe9a-8b7d-4e5e-993a-4e2abe42bd37 HTTP/1.1" status: 200  len: 2118 time: 0.1914830
2018-09-14 11:32:32.300 29391 DEBUG neutron_lib.callbacks.manager [req-3a473207-10cd-45f2-adf2-9911a8b07300 - - - - -] Notify callbacks ['neutron.services.segments.db._update_segment_host_mapping_for_agent--9223363292250493895'] for agent, after_update _notify_loop /usr/lib/python2.7/site-packages/neutron_lib/callbacks/manager.py:167
2018-09-14 11:32:33.104 29390 DEBUG neutron_lib.callbacks.manager [req-a9c6da97-5255-4d3c-a7c6-89f71af53d03 - - - - -] Notify callbacks ['neutron.services.segments.db._update_segment_host_mapping_for_agent--9223363292250493895'] for agent, after_update _notify_loop /usr/lib/python2.7/site-packages/neutron_lib/callbacks/manager.py:167
2018-09-14 11:32:33.630 29396 DEBUG neutron.db.agents_db [req-a8691e3c-ae2d-4e36-9507-4ee50afedc78 - - - - -] Agent healthcheck: found 5 active agents agent_health_check /usr/lib/python2.7/site-packages/neutron/db/agents_db.py:281
2018-09-14 11:32:42.771 29388 DEBUG neutron_lib.callbacks.manager [req-66cafc56-241f-4e57-9c48-37245b1468b5 - - - - -] Notify callbacks ['neutron.services.segments.db._update_segment_host_mapping_for_agent--9223363292250493895'] for agent, after_update _notify_loop /usr/lib/python2.7/site-packages/neutron_lib/callbacks/manager.py:167
2018-09-14 11:32:42.947 29385 INFO neutron.wsgi [req-06484f59-e713-41d1-a9ac-12ccaded40d5 f691fca0ffb04052a34913bf03a22ff2 aeeec504b4d646daba5a38c444f91086 - 05716e8dd5be484781316381fb661423 05716e8dd5be484781316381fb661423] 10.0.20.24 "GET /v2.0/ports?device_id=7557c172-84bc-4d23-8613-6f893cec9e22 HTTP/1.1" status: 200  len: 1124 time: 0.7455101
2018-09-14 11:32:43.096 29385 INFO neutron.wsgi [req-c7805b17-8a21-43c3-9dac-1247c5884c67 f691fca0ffb04052a34913bf03a22ff2 aeeec504b4d646daba5a38c444f91086 - 05716e8dd5be484781316381fb661423 05716e8dd5be484781316381fb661423] 10.0.20.24 "GET /v2.0/security-groups?id=ad43fe9a-8b7d-4e5e-993a-4e2abe42bd37 HTTP/1.1" status: 200  len: 2118 time: 0.1387691
2018-09-14 11:32:54.338 29389 DEBUG neutron_lib.callbacks.manager [req-28195837-bc37-4972-8402-e69f568c67df - - - - -] Notify callbacks ['neutron.services.segments.db._update_segment_host_mapping_for_agent--9223363292250493895'] for agent, after_update _notify_loop /usr/lib/python2.7/site-packages/neutron_lib/callbacks/manager.py:167
2018-09-14 11:32:54.588 29392 DEBUG neutron_lib.callbacks.manager [req-c66758dc-1d71-4047-a5eb-835b217567e0 - - - - -] Notify callbacks ['neutron.services.segments.db._update_segment_host_mapping_for_agent--9223363292250493895'] for agent, after_update _notify_loop /usr/lib/python2.7/site-packages/neutron_lib/callbacks/manager.py:167
2018-09-14 11:32:55.634 29385 INFO neutron.wsgi [req-42fda042-58d6-4c1c-94ae-156ca1074b63 f691fca0ffb04052a34913bf03a22ff2 aeeec504b4d646daba5a38c444f91086 - 05716e8dd5be484781316381fb661423 05716e8dd5be484781316381fb661423] 10.0.20.24 "GET /v2.0/ports?device_id=7557c172-84bc-4d23-8613-6f893cec9e22 HTTP/1.1" status: 200  len: 1124 time: 1.1115808
2018-09-14 11:32:55.806 29385 INFO neutron.wsgi [req-445fee31-d5b5-44e0-9032-525717aa3058 f691fca0ffb04052a34913bf03a22ff2 aeeec504b4d646daba5a38c444f91086 - 05716e8dd5be484781316381fb661423 05716e8dd5be484781316381fb661423] 10.0.20.24 "GET /v2.0/security-groups?id=ad43fe9a-8b7d-4e5e-993a-4e2abe42bd37 HTTP/1.1" status: 200  len: 2118 time: 0.1623650
2018-09-14 11:33:02.306 29393 DEBUG neutron_lib.callbacks.manager [req-3a473207-10cd-45f2-adf2-9911a8b07300 - - - - -] Notify callbacks ['neutron.services.segments.db._update_segment_host_mapping_for_agent--9223363292250493895'] for agent, after_update _notify_loop /usr/lib/python2.7/site-packages/neutron_lib/callbacks/manager.py:167
2018-09-14 11:33:03.093 29387 DEBUG neutron_lib.callbacks.manager [req-a9c6da97-5255-4d3c-a7c6-89f71af53d03 - - - - -] Notify callbacks ['neutron.services.segments.db._update_segment_host_mapping_for_agent--9223363292250493895'] for agent, after_update _notify_loop /usr/lib/python2.7/site-packages/neutron_lib/callbacks/manager.py:167
2018-09-14 11:33:07.034 29382 INFO neutron.wsgi [req-e032bccf-e61c-4cb9-9956-911f5dd29ef6 392423df3617489b9a4259e561d5ba29 a6274edd06114a55b9dc116852780190 - default default] 10.0.20.24 "GET /v2.0/ports?tenant_id=aeeec504b4d646daba5a38c444f91086&device_id=7557c172-84bc-4d23-8613-6f893cec9e22 HTTP/1.1" status: 200  len: 1124 time: 0.1696069
2018-09-14 11:33:07.359 29382 DEBUG neutron.pecan_wsgi.hooks.policy_enforcement [req-9b75b94b-2ed6-46b2-a961-f6ff28a75f2b 392423df3617489b9a4259e561d5ba29 a6274edd06114a55b9dc116852780190 - default default] Attributes excluded by policy engine: [u'vlan_transparent'] _exclude_attributes_by_policy /usr/lib/python2.7/site-packages/neutron/pecan_wsgi/hooks/policy_enforcement.py:256
2018-09-14 11:33:07.363 29382 INFO neutron.wsgi [req-9b75b94b-2ed6-46b2-a961-f6ff28a75f2b 392423df3617489b9a4259e561d5ba29 a6274edd06114a55b9dc116852780190 - default default] 10.0.20.24 "GET /v2.0/networks?id=471b68ea-050a-482e-a265-b3c66a45c407 HTTP/1.1" status: 200  len: 885 time: 0.3163929
2018-09-14 11:33:07.431 29382 INFO neutron.wsgi [req-931b7348-a240-415b-9778-e2fde394163c 392423df3617489b9a4259e561d5ba29 a6274edd06114a55b9dc116852780190 - default default] 10.0.20.24 "GET /v2.0/floatingips?fixed_ip_address=11.140.1.8&port_id=98915f27-4a63-46e5-9010-916996c165a1 HTTP/1.1" status: 200  len: 750 time: 0.0606971
2018-09-14 11:33:07.602 29382 DEBUG neutron.pecan_wsgi.hooks.policy_enforcement [req-c1e76f81-bdcc-41e2-a9bc-2a63bc935518 392423df3617489b9a4259e561d5ba29 a6274edd06114a55b9dc116852780190 - default default] Attributes excluded by policy engine: [u'shared'] _exclude_attributes_by_policy /usr/lib/python2.7/site-packages/neutron/pecan_wsgi/hooks/policy_enforcement.py:256
2018-09-14 11:33:07.606 29382 INFO neutron.wsgi [req-c1e76f81-bdcc-41e2-a9bc-2a63bc935518 392423df3617489b9a4259e561d5ba29 a6274edd06114a55b9dc116852780190 - default default] 10.0.20.24 "GET /v2.0/subnets?id=c71bc713-a507-4bf9-9073-cb141d4fc38a HTTP/1.1" status: 200  len: 847 time: 0.1666760
2018-09-14 11:33:07.762 29382 INFO neutron.wsgi [req-2fdc2bda-a052-4829-96db-00ea44f46d2a 392423df3617489b9a4259e561d5ba29 a6274edd06114a55b9dc116852780190 - default default] 10.0.20.24 "GET /v2.0/ports?network_id=471b68ea-050a-482e-a265-b3c66a45c407&device_owner=network%3Adhcp HTTP/1.1" status: 200  len: 1128 time: 0.1442330
2018-09-14 11:33:10.635 29396 DEBUG neutron.db.agents_db [req-a8691e3c-ae2d-4e36-9507-4ee50afedc78 - - - - -] Agent healthcheck: found 5 active agents agent_health_check /usr/lib/python2.7/site-packages/neutron/db/agents_db.py:281
2018-09-14 11:33:11.379 29384 INFO neutron.wsgi [req-03db041c-3ad5-4303-873e-bac64b90ab83 f691fca0ffb04052a34913bf03a22ff2 aeeec504b4d646daba5a38c444f91086 - 05716e8dd5be484781316381fb661423 05716e8dd5be484781316381fb661423] 10.0.20.24 "GET /v2.0/ports?device_id=7557c172-84bc-4d23-8613-6f893cec9e22 HTTP/1.1" status: 200  len: 1124 time: 1.0419691
2018-09-14 11:33:11.565 29384 INFO neutron.wsgi [req-95137d20-f3f0-4929-a2bb-3d39b9aa6eaa f691fca0ffb04052a34913bf03a22ff2 aeeec504b4d646daba5a38c444f91086 - 05716e8dd5be484781316381fb661423 05716e8dd5be484781316381fb661423] 10.0.20.24 "GET /v2.0/security-groups?id=ad43fe9a-8b7d-4e5e-993a-4e2abe42bd37 HTTP/1.1" status: 200  len: 2118 time: 0.1625030
2018-09-14 11:33:12.785 29395 DEBUG neutron_lib.callbacks.manager [req-351b9e17-b600-42a0-a9d4-478067dc3f65 - - - - -] Notify callbacks ['neutron.services.segments.db._update_segment_host_mapping_for_agent--9223363292250493895'] for agent, after_update _notify_loop /usr/lib/python2.7/site-packages/neutron_lib/callbacks/manager.py:167
2018-09-14 11:33:24.316 29394 DEBUG neutron_lib.callbacks.manager [req-28195837-bc37-4972-8402-e69f568c67df - - - - -] Notify callbacks ['neutron.services.segments.db._update_segment_host_mapping_for_agent--9223363292250493895'] for agent, after_update _notify_loop /usr/lib/python2.7/site-packages/neutron_lib/callbacks/manager.py:167
2018-09-14 11:33:24.529 29391 DEBUG neutron_lib.callbacks.manager [req-cf4fe280-8559-4d46-9e70-eb7387f8945d - - - - -] Notify callbacks ['neutron.services.segments.db._update_segment_host_mapping_for_agent--9223363292250493895'] for agent, after_update _notify_loop /usr/lib/python2.7/site-packages/neutron_lib/callbacks/manager.py:167
2018-09-14 11:33:26.103 29381 INFO neutron.wsgi [req-b8895790-19da-424f-ae85-4071b6d6dd09 f691fca0ffb04052a34913bf03a22ff2 aeeec504b4d646daba5a38c444f91086 - 05716e8dd5be484781316381fb661423 05716e8dd5be484781316381fb661423] 10.0.20.24 "GET /v2.0/ports?device_id=7557c172-84bc-4d23-8613-6f893cec9e22 HTTP/1.1" status: 200  len: 1124 time: 0.5735831
2018-09-14 11:33:26.231 29381 INFO neutron.wsgi [req-fc13197e-e6f1-4d27-b512-c02dcdfe4d72 f691fca0ffb04052a34913bf03a22ff2 aeeec504b4d646daba5a38c444f91086 - 05716e8dd5be484781316381fb661423 05716e8dd5be484781316381fb661423] 10.0.20.24 "GET /v2.0/security-groups?id=ad43fe9a-8b7d-4e5e-993a-4e2abe42bd37 HTTP/1.1" status: 200  len: 2118 time: 0.1206610
2018-09-14 11:33:27.007 29382 INFO neutron.wsgi [req-c203c54e-d556-4cf7-bda2-a343777d2601 392423df3617489b9a4259e561d5ba29 a6274edd06114a55b9dc116852780190 - default default] 10.0.20.24 "GET /v2.0/ports?tenant_id=aeeec504b4d646daba5a38c444f91086&device_id=7557c172-84bc-4d23-8613-6f893cec9e22 HTTP/1.1" status: 200  len: 1124 time: 0.1028650
2018-09-14 11:33:27.255 29382 DEBUG neutron.pecan_wsgi.hooks.policy_enforcement [req-762c8e1e-b826-4a76-8036-2fcd3403882e 392423df3617489b9a4259e561d5ba29 a6274edd06114a55b9dc116852780190 - default default] Attributes excluded by policy engine: [u'vlan_transparent'] _exclude_attributes_by_policy /usr/lib/python2.7/site-packages/neutron/pecan_wsgi/hooks/policy_enforcement.py:256
2018-09-14 11:33:27.258 29382 INFO neutron.wsgi [req-762c8e1e-b826-4a76-8036-2fcd3403882e 392423df3617489b9a4259e561d5ba29 a6274edd06114a55b9dc116852780190 - default default] 10.0.20.24 "GET /v2.0/networks?id=471b68ea-050a-482e-a265-b3c66a45c407 HTTP/1.1" status: 200  len: 885 time: 0.2386448
2018-09-14 11:33:27.299 29382 INFO neutron.wsgi [req-b5d5ff6d-60d0-415e-92bc-43aede34f101 392423df3617489b9a4259e561d5ba29 a6274edd06114a55b9dc116852780190 - default default] 10.0.20.24 "GET /v2.0/floatingips?fixed_ip_address=11.140.1.8&port_id=98915f27-4a63-46e5-9010-916996c165a1 HTTP/1.1" status: 200  len: 750 time: 0.0337830
2018-09-14 11:33:27.727 29382 DEBUG neutron.pecan_wsgi.hooks.policy_enforcement [req-ef96e20d-7eff-420b-b909-5876e306913f 392423df3617489b9a4259e561d5ba29 a6274edd06114a55b9dc116852780190 - default default] Attributes excluded by policy engine: [u'shared'] _exclude_attributes_by_policy /usr/lib/python2.7/site-packages/neutron/pecan_wsgi/hooks/policy_enforcement.py:256
2018-09-14 11:33:27.729 29382 INFO neutron.wsgi [req-ef96e20d-7eff-420b-b909-5876e306913f 392423df3617489b9a4259e561d5ba29 a6274edd06114a55b9dc116852780190 - default default] 10.0.20.24 "GET /v2.0/subnets?id=c71bc713-a507-4bf9-9073-cb141d4fc38a HTTP/1.1" status: 200  len: 847 time: 0.4212351
2018-09-14 11:33:27.868 29382 INFO neutron.wsgi [req-3e3207f0-0704-4fef-8504-c59bb8c8ee26 392423df3617489b9a4259e561d5ba29 a6274edd06114a55b9dc116852780190 - default default] 10.0.20.24 "GET /v2.0/ports?network_id=471b68ea-050a-482e-a265-b3c66a45c407&device_owner=network%3Adhcp HTTP/1.1" status: 200  len: 1128 time: 0.1284711
2018-09-14 11:33:30.029 29388 DEBUG neutron.plugins.ml2.rpc [req-28195837-bc37-4972-8402-e69f568c67df - - - - -] Device 98915f27-4a63-46e5-9010-916996c165a1 no longer exists at agent ovs-agent-localhost.localdomain update_device_down /usr/lib/python2.7/site-packages/neutron/plugins/ml2/rpc.py:213
2018-09-14 11:33:30.284 29388 DEBUG neutron_lib.callbacks.manager [req-28195837-bc37-4972-8402-e69f568c67df - - - - -] Notify callbacks ['neutron.plugins.ml2.plugin.Ml2Plugin._ensure_default_security_group_handler--9223372036852725997'] for port, before_update _notify_loop /usr/lib/python2.7/site-packages/neutron_lib/callbacks/manager.py:167
2018-09-14 11:33:30.387 29388 DEBUG oslo_concurrency.lockutils [-] Lock "notifier-db26cedc-fe69-4897-ab85-cb47ad95d27d" acquired by "neutron.notifiers.batch_notifier.synced_send" :: waited 0.000s inner /usr/lib/python2.7/site-packages/oslo_concurrency/lockutils.py:270
2018-09-14 11:33:30.389 29388 DEBUG neutron.notifiers.nova [-] Sending events: [{'status': 'completed', 'tag': u'98915f27-4a63-46e5-9010-916996c165a1', 'name': 'network-vif-unplugged', 'server_uuid': u'7557c172-84bc-4d23-8613-6f893cec9e22'}] send_events /usr/lib/python2.7/site-packages/neutron/notifiers/nova.py:242
2018-09-14 11:33:30.403 29388 DEBUG neutron.plugins.ml2.db [req-28195837-bc37-4972-8402-e69f568c67df - - - - -] For port 98915f27-4a63-46e5-9010-916996c165a1, host localhost.localdomain, got binding levels [<neutron.plugins.ml2.models.PortBindingLevel[object at 7f402fae7d90] {port_id=u'98915f27-4a63-46e5-9010-916996c165a1', host=u'localhost.localdomain', level=0, driver=u'openvswitch', segment_id=u'1c9e0f45-cf12-4c6f-9f37-b772c38a0c7a'}>] get_binding_levels /usr/lib/python2.7/site-packages/neutron/plugins/ml2/db.py:106
2018-09-14 11:33:30.424 29388 DEBUG neutron_lib.callbacks.manager [req-28195837-bc37-4972-8402-e69f568c67df - - - - -] Notify callbacks ['neutron.db.l3_hascheduler_db._notify_l3_agent_ha_port_update--9223363292250855593', 'neutron.plugins.ml2.ovo_rpc._ObjectChangeHandler.handle_event--9223372036854197225', 'neutron.plugins.ml2.plugin.Ml2Plugin.notify_sg_on_port_change--9223372036852727052', 'neutron.db.l3_dvrscheduler_db._notify_l3_agent_port_update--9223363292250855668', 'neutron.api.rpc.agentnotifiers.dhcp_rpc_agent_api.DhcpAgentNotifyAPI._native_event_send_dhcp_notification--9223372036853832282'] for port, after_update _notify_loop /usr/lib/python2.7/site-packages/neutron_lib/callbacks/manager.py:167
2018-09-14 11:33:30.437 29388 DEBUG oslo_concurrency.lockutils [-] Lock "event-dispatch" acquired by "neutron.plugins.ml2.ovo_rpc.dispatch_events" :: waited 0.000s inner /usr/lib/python2.7/site-packages/oslo_concurrency/lockutils.py:270
2018-09-14 11:33:30.663 29388 DEBUG neutron.api.rpc.handlers.resources_rpc [req-28195837-bc37-4972-8402-e69f568c67df - - - - -] neutron.api.rpc.handlers.resources_rpc.ResourcesPushRpcApi method push called with arguments (<neutron_lib.context.Context object at 0x7f402f95c8d0>, [Port(admin_state_up=True,allowed_address_pairs=[],binding=PortBinding,binding_levels=[PortBindingLevel],created_at=2018-09-14T15:30:06Z,data_plane_status=<?>,description='',device_id='7557c172-84bc-4d23-8613-6f893cec9e22',device_owner='compute:nova',dhcp_options=[],distributed_binding=None,dns=None,fixed_ips=[IPAllocation],id=98915f27-4a63-46e5-9010-916996c165a1,mac_address=fa:16:3e:f8:fc:46,name='',network_id=471b68ea-050a-482e-a265-b3c66a45c407,project_id='aeeec504b4d646daba5a38c444f91086',qos_policy_id=None,revision_number=7,security=PortSecurity(98915f27-4a63-46e5-9010-916996c165a1),security_group_ids=set([ad43fe9a-8b7d-4e5e-993a-4e2abe42bd37]),status='DOWN',updated_at=2018-09-14T15:33:30Z)], 'updated') {} wrapper /usr/lib/python2.7/site-packages/oslo_log/helpers.py:66
2018-09-14 11:33:30.688 29388 DEBUG neutron.api.rpc.callbacks.version_manager [req-28195837-bc37-4972-8402-e69f568c67df - - - - -] Version for resource type Subnet changed None to 1.0 on consumer Open vSwitch agent@localhost.localdomain _set_version /usr/lib/python2.7/site-packages/neutron/api/rpc/callbacks/version_manager.py:119
2018-09-14 11:33:30.689 29388 DEBUG neutron.api.rpc.callbacks.version_manager [req-28195837-bc37-4972-8402-e69f568c67df - - - - -] Version for resource type Network changed None to 1.0 on consumer Open vSwitch agent@localhost.localdomain _set_version /usr/lib/python2.7/site-packages/neutron/api/rpc/callbacks/version_manager.py:119
2018-09-14 11:33:30.690 29388 DEBUG neutron.api.rpc.callbacks.version_manager [req-28195837-bc37-4972-8402-e69f568c67df - - - - -] Version for resource type SubPort changed None to 1.0 on consumer Open vSwitch agent@localhost.localdomain _set_version /usr/lib/python2.7/site-packages/neutron/api/rpc/callbacks/version_manager.py:119
2018-09-14 11:33:30.691 29388 DEBUG neutron.api.rpc.callbacks.version_manager [req-28195837-bc37-4972-8402-e69f568c67df - - - - -] Version for resource type SecurityGroup changed None to 1.0 on consumer Open vSwitch agent@localhost.localdomain _set_version /usr/lib/python2.7/site-packages/neutron/api/rpc/callbacks/version_manager.py:119
2018-09-14 11:33:30.692 29388 DEBUG neutron.api.rpc.callbacks.version_manager [req-28195837-bc37-4972-8402-e69f568c67df - - - - -] Version for resource type SecurityGroupRule changed None to 1.0 on consumer Open vSwitch agent@localhost.localdomain _set_version /usr/lib/python2.7/site-packages/neutron/api/rpc/callbacks/version_manager.py:119
2018-09-14 11:33:30.694 29388 DEBUG neutron.api.rpc.callbacks.version_manager [req-28195837-bc37-4972-8402-e69f568c67df - - - - -] Version for resource type Trunk changed None to 1.1 on consumer Open vSwitch agent@localhost.localdomain _set_version /usr/lib/python2.7/site-packages/neutron/api/rpc/callbacks/version_manager.py:119
2018-09-14 11:33:30.695 29388 DEBUG neutron.api.rpc.callbacks.version_manager [req-28195837-bc37-4972-8402-e69f568c67df - - - - -] Version for resource type QosPolicy changed None to 1.6 on consumer Open vSwitch agent@localhost.localdomain _set_version /usr/lib/python2.7/site-packages/neutron/api/rpc/callbacks/version_manager.py:119
2018-09-14 11:33:30.696 29388 DEBUG neutron.api.rpc.callbacks.version_manager [req-28195837-bc37-4972-8402-e69f568c67df - - - - -] Version for resource type Port changed None to 1.1 on consumer Open vSwitch agent@localhost.localdomain _set_version /usr/lib/python2.7/site-packages/neutron/api/rpc/callbacks/version_manager.py:119
2018-09-14 11:33:30.697 29388 DEBUG neutron.api.rpc.callbacks.version_manager [req-28195837-bc37-4972-8402-e69f568c67df - - - - -] Version for resource type Log changed None to 1.0 on consumer Open vSwitch agent@localhost.localdomain _set_version /usr/lib/python2.7/site-packages/neutron/api/rpc/callbacks/version_manager.py:119
2018-09-14 11:33:30.745 29388 DEBUG oslo_concurrency.lockutils [req-28195837-bc37-4972-8402-e69f568c67df - - - - -] Lock "event-dispatch" released by "neutron.plugins.ml2.ovo_rpc.dispatch_events" :: held 0.308s inner /usr/lib/python2.7/site-packages/oslo_concurrency/lockutils.py:282
2018-09-14 11:33:31.828 29388 DEBUG novaclient.v2.client [-] REQ: curl -g -i -X POST http://10.0.20.24:8774/v2.1/a6274edd06114a55b9dc116852780190/os-server-external-events -H "User-Agent: python-novaclient" -H "Content-Type: application/json" -H "Accept: application/json" -H "X-OpenStack-Nova-API-Version: 2.1" -H "X-Auth-Token: {SHA1}6723e82ce234865ecb0fee316be11a159bcf150f" -d '{"events": [{"status": "completed", "tag": "98915f27-4a63-46e5-9010-916996c165a1", "name": "network-vif-unplugged", "server_uuid": "7557c172-84bc-4d23-8613-6f893cec9e22"}]}' _http_log_request /usr/lib/python2.7/site-packages/keystoneauth1/session.py:375
2018-09-14 11:33:32.327 29390 DEBUG neutron_lib.callbacks.manager [req-3a473207-10cd-45f2-adf2-9911a8b07300 - - - - -] Notify callbacks ['neutron.services.segments.db._update_segment_host_mapping_for_agent--9223363292250493895'] for agent, after_update _notify_loop /usr/lib/python2.7/site-packages/neutron_lib/callbacks/manager.py:167
2018-09-14 11:33:32.929 29388 DEBUG novaclient.v2.client [-] RESP: [200] Content-Length: 185 Content-Type: application/json Openstack-Api-Version: compute 2.1 X-Openstack-Nova-Api-Version: 2.1 Vary: OpenStack-API-Version, X-OpenStack-Nova-API-Version X-Openstack-Request-Id: req-6e8cd05e-419f-40e8-a7b8-db87a7df88d9 X-Compute-Request-Id: req-6e8cd05e-419f-40e8-a7b8-db87a7df88d9 Date: Fri, 14 Sep 2018 15:33:32 GMT Connection: keep-alive 
RESP BODY: {"events": [{"status": "completed", "tag": "98915f27-4a63-46e5-9010-916996c165a1", "name": "network-vif-unplugged", "server_uuid": "7557c172-84bc-4d23-8613-6f893cec9e22", "code": 200}]}
 _http_log_response /usr/lib/python2.7/site-packages/keystoneauth1/session.py:423
2018-09-14 11:33:32.930 29388 DEBUG novaclient.v2.client [-] POST call to compute for http://10.0.20.24:8774/v2.1/a6274edd06114a55b9dc116852780190/os-server-external-events used request id req-6e8cd05e-419f-40e8-a7b8-db87a7df88d9 request /usr/lib/python2.7/site-packages/keystoneauth1/session.py:727
2018-09-14 11:33:32.947 29388 INFO neutron.notifiers.nova [-] Nova event response: {u'status': u'completed', u'tag': u'98915f27-4a63-46e5-9010-916996c165a1', u'name': u'network-vif-unplugged', u'server_uuid': u'7557c172-84bc-4d23-8613-6f893cec9e22', u'code': 200}
2018-09-14 11:33:33.125 29388 DEBUG neutron_lib.callbacks.manager [req-a9c6da97-5255-4d3c-a7c6-89f71af53d03 - - - - -] Notify callbacks ['neutron.services.segments.db._update_segment_host_mapping_for_agent--9223363292250493895'] for agent, after_update _notify_loop /usr/lib/python2.7/site-packages/neutron_lib/callbacks/manager.py:167
2018-09-14 11:33:34.949 29388 DEBUG oslo_concurrency.lockutils [-] Lock "notifier-db26cedc-fe69-4897-ab85-cb47ad95d27d" released by "neutron.notifiers.batch_notifier.synced_send" :: held 4.561s inner /usr/lib/python2.7/site-packages/oslo_concurrency/lockutils.py:282
2018-09-14 11:33:36.193 29391 DEBUG neutron.plugins.ml2.rpc [req-28195837-bc37-4972-8402-e69f568c67df - - - - -] Device 98915f27-4a63-46e5-9010-916996c165a1 up at agent ovs-agent-localhost.localdomain update_device_up /usr/lib/python2.7/site-packages/neutron/plugins/ml2/rpc.py:244
2018-09-14 11:33:36.471 29391 DEBUG neutron.db.provisioning_blocks [req-28195837-bc37-4972-8402-e69f568c67df - - - - -] Provisioning complete for port 98915f27-4a63-46e5-9010-916996c165a1 triggered by entity L2. provisioning_complete /usr/lib/python2.7/site-packages/neutron/db/provisioning_blocks.py:138
2018-09-14 11:33:36.473 29391 DEBUG neutron_lib.callbacks.manager [req-28195837-bc37-4972-8402-e69f568c67df - - - - -] Notify callbacks ['neutron.plugins.ml2.plugin.Ml2Plugin._port_provisioned--9223372036853048819'] for port, provisioning_complete _notify_loop /usr/lib/python2.7/site-packages/neutron_lib/callbacks/manager.py:167
2018-09-14 11:33:36.729 29391 DEBUG neutron_lib.callbacks.manager [req-28195837-bc37-4972-8402-e69f568c67df - - - - -] Notify callbacks ['neutron.plugins.ml2.plugin.Ml2Plugin._ensure_default_security_group_handler--9223372036852725997'] for port, before_update _notify_loop /usr/lib/python2.7/site-packages/neutron_lib/callbacks/manager.py:167
2018-09-14 11:33:36.800 29391 DEBUG oslo_concurrency.lockutils [-] Lock "notifier-db26cedc-fe69-4897-ab85-cb47ad95d27d" acquired by "neutron.notifiers.batch_notifier.synced_send" :: waited 0.001s inner /usr/lib/python2.7/site-packages/oslo_concurrency/lockutils.py:270
2018-09-14 11:33:36.802 29391 DEBUG neutron.notifiers.nova [-] Sending events: [{'status': 'completed', 'tag': u'98915f27-4a63-46e5-9010-916996c165a1', 'name': 'network-vif-plugged', 'server_uuid': u'7557c172-84bc-4d23-8613-6f893cec9e22'}] send_events /usr/lib/python2.7/site-packages/neutron/notifiers/nova.py:242
2018-09-14 11:33:36.814 29391 DEBUG neutron.plugins.ml2.db [req-28195837-bc37-4972-8402-e69f568c67df - - - - -] For port 98915f27-4a63-46e5-9010-916996c165a1, host localhost.localdomain, got binding levels [<neutron.plugins.ml2.models.PortBindingLevel[object at 7f402f2e9e10] {port_id=u'98915f27-4a63-46e5-9010-916996c165a1', host=u'localhost.localdomain', level=0, driver=u'openvswitch', segment_id=u'1c9e0f45-cf12-4c6f-9f37-b772c38a0c7a'}>] get_binding_levels /usr/lib/python2.7/site-packages/neutron/plugins/ml2/db.py:106
2018-09-14 11:33:36.853 29391 DEBUG neutron_lib.callbacks.manager [req-28195837-bc37-4972-8402-e69f568c67df - - - - -] Notify callbacks ['neutron.db.l3_hascheduler_db._notify_l3_agent_ha_port_update--9223363292250855593', 'neutron.plugins.ml2.ovo_rpc._ObjectChangeHandler.handle_event--9223372036854197225', 'neutron.plugins.ml2.plugin.Ml2Plugin.notify_sg_on_port_change--9223372036852727052', 'neutron.db.l3_dvrscheduler_db._notify_l3_agent_port_update--9223363292250855668', 'neutron.api.rpc.agentnotifiers.dhcp_rpc_agent_api.DhcpAgentNotifyAPI._native_event_send_dhcp_notification--9223372036853832282'] for port, after_update _notify_loop /usr/lib/python2.7/site-packages/neutron_lib/callbacks/manager.py:167
2018-09-14 11:33:36.873 29391 DEBUG oslo_concurrency.lockutils [-] Lock "event-dispatch" acquired by "neutron.plugins.ml2.ovo_rpc.dispatch_events" :: waited 0.000s inner /usr/lib/python2.7/site-packages/oslo_concurrency/lockutils.py:270
2018-09-14 11:33:37.154 29381 INFO neutron.wsgi [req-be44fcef-3d0c-4504-831f-f726e8bb51f6 f691fca0ffb04052a34913bf03a22ff2 aeeec504b4d646daba5a38c444f91086 - 05716e8dd5be484781316381fb661423 05716e8dd5be484781316381fb661423] 10.0.20.24 "GET /v2.0/ports?device_id=7557c172-84bc-4d23-8613-6f893cec9e22 HTTP/1.1" status: 200  len: 1124 time: 0.8073540
2018-09-14 11:33:37.316 29391 DEBUG neutron.api.rpc.handlers.resources_rpc [req-28195837-bc37-4972-8402-e69f568c67df - - - - -] neutron.api.rpc.handlers.resources_rpc.ResourcesPushRpcApi method push called with arguments (<neutron_lib.context.Context object at 0x7f402f2b9ed0>, [Port(admin_state_up=True,allowed_address_pairs=[],binding=PortBinding,binding_levels=[PortBindingLevel],created_at=2018-09-14T15:30:06Z,data_plane_status=<?>,description='',device_id='7557c172-84bc-4d23-8613-6f893cec9e22',device_owner='compute:nova',dhcp_options=[],distributed_binding=None,dns=None,fixed_ips=[IPAllocation],id=98915f27-4a63-46e5-9010-916996c165a1,mac_address=fa:16:3e:f8:fc:46,name='',network_id=471b68ea-050a-482e-a265-b3c66a45c407,project_id='aeeec504b4d646daba5a38c444f91086',qos_policy_id=None,revision_number=8,security=PortSecurity(98915f27-4a63-46e5-9010-916996c165a1),security_group_ids=set([ad43fe9a-8b7d-4e5e-993a-4e2abe42bd37]),status='ACTIVE',updated_at=2018-09-14T15:33:36Z)], 'updated') {} wrapper /usr/lib/python2.7/site-packages/oslo_log/helpers.py:66
2018-09-14 11:33:37.325 29381 INFO neutron.wsgi [req-d1f747b9-bfc9-40a8-8df9-e5a6f41e1f6b f691fca0ffb04052a34913bf03a22ff2 aeeec504b4d646daba5a38c444f91086 - 05716e8dd5be484781316381fb661423 05716e8dd5be484781316381fb661423] 10.0.20.24 "GET /v2.0/security-groups?id=ad43fe9a-8b7d-4e5e-993a-4e2abe42bd37 HTTP/1.1" status: 200  len: 2118 time: 0.1634150
2018-09-14 11:33:37.334 29391 DEBUG neutron.api.rpc.callbacks.version_manager [req-28195837-bc37-4972-8402-e69f568c67df - - - - -] Version for resource type Subnet changed None to 1.0 on consumer Open vSwitch agent@localhost.localdomain _set_version /usr/lib/python2.7/site-packages/neutron/api/rpc/callbacks/version_manager.py:119
2018-09-14 11:33:37.336 29391 DEBUG neutron.api.rpc.callbacks.version_manager [req-28195837-bc37-4972-8402-e69f568c67df - - - - -] Version for resource type Network changed None to 1.0 on consumer Open vSwitch agent@localhost.localdomain _set_version /usr/lib/python2.7/site-packages/neutron/api/rpc/callbacks/version_manager.py:119
2018-09-14 11:33:37.337 29391 DEBUG neutron.api.rpc.callbacks.version_manager [req-28195837-bc37-4972-8402-e69f568c67df - - - - -] Version for resource type SubPort changed None to 1.0 on consumer Open vSwitch agent@localhost.localdomain _set_version /usr/lib/python2.7/site-packages/neutron/api/rpc/callbacks/version_manager.py:119
2018-09-14 11:33:37.338 29391 DEBUG neutron.api.rpc.callbacks.version_manager [req-28195837-bc37-4972-8402-e69f568c67df - - - - -] Version for resource type SecurityGroup changed None to 1.0 on consumer Open vSwitch agent@localhost.localdomain _set_version /usr/lib/python2.7/site-packages/neutron/api/rpc/callbacks/version_manager.py:119
2018-09-14 11:33:37.338 29391 DEBUG neutron.api.rpc.callbacks.version_manager [req-28195837-bc37-4972-8402-e69f568c67df - - - - -] Version for resource type SecurityGroupRule changed None to 1.0 on consumer Open vSwitch agent@localhost.localdomain _set_version /usr/lib/python2.7/site-packages/neutron/api/rpc/callbacks/version_manager.py:119
2018-09-14 11:33:37.339 29391 DEBUG neutron.api.rpc.callbacks.version_manager [req-28195837-bc37-4972-8402-e69f568c67df - - - - -] Version for resource type Trunk changed None to 1.1 on consumer Open vSwitch agent@localhost.localdomain _set_version /usr/lib/python2.7/site-packages/neutron/api/rpc/callbacks/version_manager.py:119
2018-09-14 11:33:37.340 29391 DEBUG neutron.api.rpc.callbacks.version_manager [req-28195837-bc37-4972-8402-e69f568c67df - - - - -] Version for resource type QosPolicy changed None to 1.6 on consumer Open vSwitch agent@localhost.localdomain _set_version /usr/lib/python2.7/site-packages/neutron/api/rpc/callbacks/version_manager.py:119
2018-09-14 11:33:37.340 29391 DEBUG neutron.api.rpc.callbacks.version_manager [req-28195837-bc37-4972-8402-e69f568c67df - - - - -] Version for resource type Port changed None to 1.1 on consumer Open vSwitch agent@localhost.localdomain _set_version /usr/lib/python2.7/site-packages/neutron/api/rpc/callbacks/version_manager.py:119
2018-09-14 11:33:37.341 29391 DEBUG neutron.api.rpc.callbacks.version_manager [req-28195837-bc37-4972-8402-e69f568c67df - - - - -] Version for resource type Log changed None to 1.0 on consumer Open vSwitch agent@localhost.localdomain _set_version /usr/lib/python2.7/site-packages/neutron/api/rpc/callbacks/version_manager.py:119
2018-09-14 11:33:37.378 29391 DEBUG oslo_concurrency.lockutils [req-28195837-bc37-4972-8402-e69f568c67df - - - - -] Lock "event-dispatch" released by "neutron.plugins.ml2.ovo_rpc.dispatch_events" :: held 0.505s inner /usr/lib/python2.7/site-packages/oslo_concurrency/lockutils.py:282
2018-09-14 11:33:37.796 29391 DEBUG novaclient.v2.client [-] REQ: curl -g -i -X POST http://10.0.20.24:8774/v2.1/a6274edd06114a55b9dc116852780190/os-server-external-events -H "User-Agent: python-novaclient" -H "Content-Type: application/json" -H "Accept: application/json" -H "X-OpenStack-Nova-API-Version: 2.1" -H "X-Auth-Token: {SHA1}688a210bd070c4836662dccd8a82585c6e903bdf" -d '{"events": [{"status": "completed", "tag": "98915f27-4a63-46e5-9010-916996c165a1", "name": "network-vif-plugged", "server_uuid": "7557c172-84bc-4d23-8613-6f893cec9e22"}]}' _http_log_request /usr/lib/python2.7/site-packages/keystoneauth1/session.py:375
2018-09-14 11:33:37.848 29390 DEBUG neutron.plugins.ml2.rpc [req-28195837-bc37-4972-8402-e69f568c67df - - - - -] Device 98915f27-4a63-46e5-9010-916996c165a1 up at agent ovs-agent-localhost.localdomain update_device_up /usr/lib/python2.7/site-packages/neutron/plugins/ml2/rpc.py:244
2018-09-14 11:33:37.969 29390 DEBUG neutron.db.provisioning_blocks [req-28195837-bc37-4972-8402-e69f568c67df - - - - -] Provisioning complete for port 98915f27-4a63-46e5-9010-916996c165a1 triggered by entity L2. provisioning_complete /usr/lib/python2.7/site-packages/neutron/db/provisioning_blocks.py:138
2018-09-14 11:33:37.970 29390 DEBUG neutron_lib.callbacks.manager [req-28195837-bc37-4972-8402-e69f568c67df - - - - -] Notify callbacks ['neutron.plugins.ml2.plugin.Ml2Plugin._port_provisioned--9223372036853048819'] for port, provisioning_complete _notify_loop /usr/lib/python2.7/site-packages/neutron_lib/callbacks/manager.py:167
2018-09-14 11:33:38.495 29391 DEBUG novaclient.v2.client [-] RESP: [200] Content-Length: 183 Content-Type: application/json Openstack-Api-Version: compute 2.1 X-Openstack-Nova-Api-Version: 2.1 Vary: OpenStack-API-Version, X-OpenStack-Nova-API-Version X-Openstack-Request-Id: req-1586c032-c942-4033-8fd3-45680abb5329 X-Compute-Request-Id: req-1586c032-c942-4033-8fd3-45680abb5329 Date: Fri, 14 Sep 2018 15:33:38 GMT Connection: keep-alive 
RESP BODY: {"events": [{"status": "completed", "tag": "98915f27-4a63-46e5-9010-916996c165a1", "name": "network-vif-plugged", "server_uuid": "7557c172-84bc-4d23-8613-6f893cec9e22", "code": 200}]}
 _http_log_response /usr/lib/python2.7/site-packages/keystoneauth1/session.py:423
2018-09-14 11:33:38.496 29391 DEBUG novaclient.v2.client [-] POST call to compute for http://10.0.20.24:8774/v2.1/a6274edd06114a55b9dc116852780190/os-server-external-events used request id req-1586c032-c942-4033-8fd3-45680abb5329 request /usr/lib/python2.7/site-packages/keystoneauth1/session.py:727
2018-09-14 11:33:38.513 29391 INFO neutron.notifiers.nova [-] Nova event response: {u'status': u'completed', u'tag': u'98915f27-4a63-46e5-9010-916996c165a1', u'name': u'network-vif-plugged', u'server_uuid': u'7557c172-84bc-4d23-8613-6f893cec9e22', u'code': 200}
2018-09-14 11:33:40.515 29391 DEBUG oslo_concurrency.lockutils [-] Lock "notifier-db26cedc-fe69-4897-ab85-cb47ad95d27d" released by "neutron.notifiers.batch_notifier.synced_send" :: held 3.714s inner /usr/lib/python2.7/site-packages/oslo_concurrency/lockutils.py:282
2018-09-14 11:33:42.760 29389 DEBUG neutron_lib.callbacks.manager [req-4227f6ec-878e-439b-8e92-d1451bcc6d0a - - - - -] Notify callbacks ['neutron.services.segments.db._update_segment_host_mapping_for_agent--9223363292250493895'] for agent, after_update _notify_loop /usr/lib/python2.7/site-packages/neutron_lib/callbacks/manager.py:167
2018-09-14 11:33:47.643 29396 DEBUG neutron.db.agents_db [req-a8691e3c-ae2d-4e36-9507-4ee50afedc78 - - - - -] Agent healthcheck: found 5 active agents agent_health_check /usr/lib/python2.7/site-packages/neutron/db/agents_db.py:281
2018-09-14 11:33:54.323 29392 DEBUG neutron_lib.callbacks.manager [req-28195837-bc37-4972-8402-e69f568c67df - - - - -] Notify callbacks ['neutron.services.segments.db._update_segment_host_mapping_for_agent--9223363292250493895'] for agent, after_update _notify_loop /usr/lib/python2.7/site-packages/neutron_lib/callbacks/manager.py:167
2018-09-14 11:33:54.520 29393 DEBUG neutron_lib.callbacks.manager [req-f5f5b40b-2df3-4267-9122-5e14857b5cff - - - - -] Notify callbacks ['neutron.services.segments.db._update_segment_host_mapping_for_agent--9223363292250493895'] for agent, after_update _notify_loop /usr/lib/python2.7/site-packages/neutron_lib/callbacks/manager.py:167
2018-09-14 11:34:02.319 29387 DEBUG neutron_lib.callbacks.manager [req-3a473207-10cd-45f2-adf2-9911a8b07300 - - - - -] Notify callbacks ['neutron.services.segments.db._update_segment_host_mapping_for_agent--9223363292250493895'] for agent, after_update _notify_loop /usr/lib/python2.7/site-packages/neutron_lib/callbacks/manager.py:167
2018-09-14 11:34:03.119 29395 DEBUG neutron_lib.callbacks.manager [req-a9c6da97-5255-4d3c-a7c6-89f71af53d03 - - - - -] Notify callbacks ['neutron.services.segments.db._update_segment_host_mapping_for_agent--9223363292250493895'] for agent, after_update _notify_loop /usr/lib/python2.7/site-packages/neutron_lib/callbacks/manager.py:167
2018-09-14 11:34:07.054 29382 INFO neutron.wsgi [req-f010fa63-b0c4-4a34-9b8a-3fd4db4a120c 392423df3617489b9a4259e561d5ba29 a6274edd06114a55b9dc116852780190 - default default] 10.0.20.24 "GET /v2.0/ports?tenant_id=aeeec504b4d646daba5a38c444f91086&device_id=7557c172-84bc-4d23-8613-6f893cec9e22 HTTP/1.1" status: 200  len: 1124 time: 0.1962430
