2018-06-28 04:21:20.243 18899 DEBUG neutron.pecan_wsgi.hooks.policy_enforcement [req-1f624456-0157-490d-8353-0b8739a4f85c 95cf4ee261b740498c206cbae584ebbe 046e8009a8b544bfbe9ff50b26903464 - default default] Attributes excluded by policy engine: [u'vlan_transparent'] _exclude_attributes_by_policy /usr/lib/python2.7/site-packages/neutron/pecan_wsgi/hooks/policy_enforcement.py:256
2018-06-28 04:21:20.244 18899 DEBUG neutron.pecan_wsgi.hooks.policy_enforcement [req-1f624456-0157-490d-8353-0b8739a4f85c 95cf4ee261b740498c206cbae584ebbe 046e8009a8b544bfbe9ff50b26903464 - default default] Attributes excluded by policy engine: [u'vlan_transparent'] _exclude_attributes_by_policy /usr/lib/python2.7/site-packages/neutron/pecan_wsgi/hooks/policy_enforcement.py:256
2018-06-28 04:21:20.245 18899 DEBUG neutron.pecan_wsgi.hooks.policy_enforcement [req-1f624456-0157-490d-8353-0b8739a4f85c 95cf4ee261b740498c206cbae584ebbe 046e8009a8b544bfbe9ff50b26903464 - default default] Attributes excluded by policy engine: [u'vlan_transparent'] _exclude_attributes_by_policy /usr/lib/python2.7/site-packages/neutron/pecan_wsgi/hooks/policy_enforcement.py:256
2018-06-28 04:21:20.248 18899 INFO neutron.wsgi [req-1f624456-0157-490d-8353-0b8739a4f85c 95cf4ee261b740498c206cbae584ebbe 046e8009a8b544bfbe9ff50b26903464 - default default] 10.0.20.26 "GET /v2.0/networks HTTP/1.1" status: 200  len: 2214 time: 0.2417591
2018-06-28 04:21:20.384 18899 INFO neutron.wsgi [req-28789c7d-183c-41e2-ae2f-f7d4ad61b0f6 95cf4ee261b740498c206cbae584ebbe 046e8009a8b544bfbe9ff50b26903464 - default default] 10.0.20.26 "GET /v2.0/ports?network_id=cba3d568-b827-471c-9979-b4807620b73d HTTP/1.1" status: 200  len: 1128 time: 0.1249890
2018-06-28 04:21:23.590 18909 DEBUG neutron_lib.callbacks.manager [req-9b69e561-feea-4ed1-94b5-e3d387238f0d - - - - -] Notify callbacks ['neutron.services.segments.db._update_segment_host_mapping_for_agent-8740434817104'] for agent, after_update _notify_loop /usr/lib/python2.7/site-packages/neutron_lib/callbacks/manager.py:167
2018-06-28 04:21:26.029 18911 DEBUG neutron_lib.callbacks.manager [req-7caef59a-8636-4872-8056-76a0af66fb8b - - - - -] Notify callbacks ['neutron.services.segments.db._update_segment_host_mapping_for_agent-8740434817104'] for agent, after_update _notify_loop /usr/lib/python2.7/site-packages/neutron_lib/callbacks/manager.py:167
2018-06-28 04:21:27.742 18904 DEBUG neutron.wsgi [-] (18904) accepted ('10.0.20.26', 46508) server /usr/lib/python2.7/site-packages/eventlet/wsgi.py:883
2018-06-28 04:21:27.749 18904 INFO neutron.wsgi [-] 10.0.20.26 "GET / HTTP/1.1" status: 200  len: 252 time: 0.0038209
2018-06-28 04:21:28.458 18904 INFO neutron.wsgi [req-bcfc302b-67ef-4332-ad3e-5e6d447935bc 95cf4ee261b740498c206cbae584ebbe 046e8009a8b544bfbe9ff50b26903464 - default default] 10.0.20.26 "GET /v2.0/ports/5ae7718a-be5a-4307-b8c7-5e5efaca026a HTTP/1.1" status: 200  len: 1125 time: 0.7050631
2018-06-28 04:21:28.582 18904 DEBUG neutron.plugins.ml2.plugin [req-b47c775b-19c9-4acc-8636-e373509e19e0 95cf4ee261b740498c206cbae584ebbe 046e8009a8b544bfbe9ff50b26903464 - default default] Deleting port 5ae7718a-be5a-4307-b8c7-5e5efaca026a _pre_delete_port /usr/lib/python2.7/site-packages/neutron/plugins/ml2/plugin.py:1488
2018-06-28 04:21:28.583 18904 DEBUG neutron_lib.callbacks.manager [req-b47c775b-19c9-4acc-8636-e373509e19e0 95cf4ee261b740498c206cbae584ebbe 046e8009a8b544bfbe9ff50b26903464 - default default] Notify callbacks ['neutron.db.l3_db._prevent_l3_port_delete_callback--9223363296419751412'] for port, before_delete _notify_loop /usr/lib/python2.7/site-packages/neutron_lib/callbacks/manager.py:167
2018-06-28 04:21:29.114 18904 DEBUG neutron.plugins.ml2.db [req-b47c775b-19c9-4acc-8636-e373509e19e0 95cf4ee261b740498c206cbae584ebbe 046e8009a8b544bfbe9ff50b26903464 - default default] For port 5ae7718a-be5a-4307-b8c7-5e5efaca026a, host localhost.localdomain, got binding levels [<neutron.plugins.ml2.models.PortBindingLevel[object at 7f30a7765790] {port_id=u'5ae7718a-be5a-4307-b8c7-5e5efaca026a', host=u'localhost.localdomain', level=0, driver=u'openvswitch', segment_id=u'9002e8a8-be94-42db-a8f1-e3ad8cbc7905'}>] get_binding_levels /usr/lib/python2.7/site-packages/neutron/plugins/ml2/db.py:106
2018-06-28 04:21:29.162 18904 DEBUG neutron.plugins.ml2.plugin [req-b47c775b-19c9-4acc-8636-e373509e19e0 95cf4ee261b740498c206cbae584ebbe 046e8009a8b544bfbe9ff50b26903464 - default default] Calling delete_port for 5ae7718a-be5a-4307-b8c7-5e5efaca026a owned by network:dhcp delete_port /usr/lib/python2.7/site-packages/neutron/plugins/ml2/plugin.py:1547
2018-06-28 04:21:29.557 18904 DEBUG neutron_lib.callbacks.manager [req-b47c775b-19c9-4acc-8636-e373509e19e0 95cf4ee261b740498c206cbae584ebbe 046e8009a8b544bfbe9ff50b26903464 - default default] Notify callbacks ['neutron.plugins.ml2.ovo_rpc._ObjectChangeHandler.handle_event-16478980', 'neutron.plugins.ml2.plugin.Ml2Plugin.notify_sg_on_port_change-348415', 'neutron.api.rpc.agentnotifiers.dhcp_rpc_agent_api.DhcpAgentNotifyAPI._native_event_send_dhcp_notification--9223372036838677259', 'neutron.db.l3_dvrscheduler_db._notify_port_delete-8740434455993', 'neutron.db.l3_db._notify_routers_callback--9223363296419780130'] for port, after_delete _notify_loop /usr/lib/python2.7/site-packages/neutron_lib/callbacks/manager.py:167
2018-06-28 04:21:29.561 18904 DEBUG oslo_concurrency.lockutils [-] Lock "event-dispatch" acquired by "neutron.plugins.ml2.ovo_rpc.dispatch_events" :: waited 0.000s inner /usr/lib/python2.7/site-packages/oslo_concurrency/lockutils.py:270
2018-06-28 04:21:29.680 18904 DEBUG neutron.api.rpc.handlers.resources_rpc [req-b47c775b-19c9-4acc-8636-e373509e19e0 95cf4ee261b740498c206cbae584ebbe 046e8009a8b544bfbe9ff50b26903464 - - -] neutron.api.rpc.handlers.resources_rpc.ResourcesPushRpcApi method push called with arguments (<neutron_lib.context.Context object at 0x7f30a6a73250>, [Port(admin_state_up=<?>,allowed_address_pairs=<?>,binding=<?>,binding_levels=<?>,created_at=<?>,data_plane_status=<?>,description=<?>,device_id=<?>,device_owner=<?>,dhcp_options=<?>,distributed_binding=<?>,dns=<?>,fixed_ips=<?>,id=5ae7718a-be5a-4307-b8c7-5e5efaca026a,mac_address=<?>,name=<?>,network_id=<?>,project_id=<?>,qos_policy_id=None,revision_number=<?>,security=<?>,security_group_ids=None,status=<?>,updated_at=<?>)], 'deleted') {} wrapper /usr/lib/python2.7/site-packages/oslo_log/helpers.py:66
2018-06-28 04:21:29.778 18904 DEBUG neutron.api.rpc.callbacks.version_manager [req-b47c775b-19c9-4acc-8636-e373509e19e0 95cf4ee261b740498c206cbae584ebbe 046e8009a8b544bfbe9ff50b26903464 - - -] Version for resource type Subnet changed None to 1.0 on consumer Open vSwitch agent@localhost.localdomain _set_version /usr/lib/python2.7/site-packages/neutron/api/rpc/callbacks/version_manager.py:119
2018-06-28 04:21:29.779 18904 DEBUG neutron.api.rpc.callbacks.version_manager [req-b47c775b-19c9-4acc-8636-e373509e19e0 95cf4ee261b740498c206cbae584ebbe 046e8009a8b544bfbe9ff50b26903464 - - -] Version for resource type Network changed None to 1.0 on consumer Open vSwitch agent@localhost.localdomain _set_version /usr/lib/python2.7/site-packages/neutron/api/rpc/callbacks/version_manager.py:119
2018-06-28 04:21:29.780 18904 DEBUG neutron.api.rpc.callbacks.version_manager [req-b47c775b-19c9-4acc-8636-e373509e19e0 95cf4ee261b740498c206cbae584ebbe 046e8009a8b544bfbe9ff50b26903464 - - -] Version for resource type SubPort changed None to 1.0 on consumer Open vSwitch agent@localhost.localdomain _set_version /usr/lib/python2.7/site-packages/neutron/api/rpc/callbacks/version_manager.py:119
2018-06-28 04:21:29.781 18904 DEBUG neutron.api.rpc.callbacks.version_manager [req-b47c775b-19c9-4acc-8636-e373509e19e0 95cf4ee261b740498c206cbae584ebbe 046e8009a8b544bfbe9ff50b26903464 - - -] Version for resource type SecurityGroup changed None to 1.0 on consumer Open vSwitch agent@localhost.localdomain _set_version /usr/lib/python2.7/site-packages/neutron/api/rpc/callbacks/version_manager.py:119
2018-06-28 04:21:29.782 18904 DEBUG neutron.api.rpc.callbacks.version_manager [req-b47c775b-19c9-4acc-8636-e373509e19e0 95cf4ee261b740498c206cbae584ebbe 046e8009a8b544bfbe9ff50b26903464 - - -] Version for resource type SecurityGroupRule changed None to 1.0 on consumer Open vSwitch agent@localhost.localdomain _set_version /usr/lib/python2.7/site-packages/neutron/api/rpc/callbacks/version_manager.py:119
2018-06-28 04:21:29.783 18904 DEBUG neutron.api.rpc.callbacks.version_manager [req-b47c775b-19c9-4acc-8636-e373509e19e0 95cf4ee261b740498c206cbae584ebbe 046e8009a8b544bfbe9ff50b26903464 - - -] Version for resource type Trunk changed None to 1.1 on consumer Open vSwitch agent@localhost.localdomain _set_version /usr/lib/python2.7/site-packages/neutron/api/rpc/callbacks/version_manager.py:119
2018-06-28 04:21:29.783 18904 DEBUG neutron.api.rpc.callbacks.version_manager [req-b47c775b-19c9-4acc-8636-e373509e19e0 95cf4ee261b740498c206cbae584ebbe 046e8009a8b544bfbe9ff50b26903464 - - -] Version for resource type QosPolicy changed None to 1.6 on consumer Open vSwitch agent@localhost.localdomain _set_version /usr/lib/python2.7/site-packages/neutron/api/rpc/callbacks/version_manager.py:119
2018-06-28 04:21:29.784 18904 DEBUG neutron.api.rpc.callbacks.version_manager [req-b47c775b-19c9-4acc-8636-e373509e19e0 95cf4ee261b740498c206cbae584ebbe 046e8009a8b544bfbe9ff50b26903464 - - -] Version for resource type Port changed None to 1.1 on consumer Open vSwitch agent@localhost.localdomain _set_version /usr/lib/python2.7/site-packages/neutron/api/rpc/callbacks/version_manager.py:119
2018-06-28 04:21:29.785 18904 DEBUG neutron.api.rpc.callbacks.version_manager [req-b47c775b-19c9-4acc-8636-e373509e19e0 95cf4ee261b740498c206cbae584ebbe 046e8009a8b544bfbe9ff50b26903464 - - -] Version for resource type Log changed None to 1.0 on consumer Open vSwitch agent@localhost.localdomain _set_version /usr/lib/python2.7/site-packages/neutron/api/rpc/callbacks/version_manager.py:119
2018-06-28 04:21:29.896 18904 DEBUG oslo_concurrency.lockutils [req-b47c775b-19c9-4acc-8636-e373509e19e0 95cf4ee261b740498c206cbae584ebbe 046e8009a8b544bfbe9ff50b26903464 - - -] Lock "event-dispatch" released by "neutron.plugins.ml2.ovo_rpc.dispatch_events" :: held 0.334s inner /usr/lib/python2.7/site-packages/oslo_concurrency/lockutils.py:282
2018-06-28 04:21:30.251 18906 DEBUG neutron.api.rpc.handlers.dhcp_rpc [req-2f57c1ad-b145-47a0-aff0-b42a6fb7906e - - - - -] DHCP port deletion for cba3d568-b827-471c-9979-b4807620b73d request from localhost.localdomain release_dhcp_port /usr/lib/python2.7/site-packages/neutron/api/rpc/handlers/dhcp_rpc.py:244
2018-06-28 04:21:30.293 18904 DEBUG neutron.db.l3_dvrscheduler_db [req-b47c775b-19c9-4acc-8636-e373509e19e0 95cf4ee261b740498c206cbae584ebbe 046e8009a8b544bfbe9ff50b26903464 - default default] No DVR routers for this DVR port 5ae7718a-be5a-4307-b8c7-5e5efaca026a on host localhost.localdomain get_dvr_routers_to_remove /usr/lib/python2.7/site-packages/neutron/db/l3_dvrscheduler_db.py:191
2018-06-28 04:21:30.322 18904 DEBUG neutron_lib.callbacks.manager [req-b47c775b-19c9-4acc-8636-e373509e19e0 95cf4ee261b740498c206cbae584ebbe 046e8009a8b544bfbe9ff50b26903464 - default default] Notify callbacks ['neutron.notifiers.nova.Notifier._send_nova_notification--9223372036854769230'] for port, before_response _notify_loop /usr/lib/python2.7/site-packages/neutron_lib/callbacks/manager.py:167
2018-06-28 04:21:30.354 18904 DEBUG neutron.quota.resource [req-b47c775b-19c9-4acc-8636-e373509e19e0 95cf4ee261b740498c206cbae584ebbe 046e8009a8b544bfbe9ff50b26903464 - default default] Persisted dirty status for tenant:83af2107eb004f1b81586db7d89385f1 on resource:port mark_dirty /usr/lib/python2.7/site-packages/neutron/quota/resource.py:207
2018-06-28 04:21:30.359 18904 INFO neutron.wsgi [req-b47c775b-19c9-4acc-8636-e373509e19e0 95cf4ee261b740498c206cbae584ebbe 046e8009a8b544bfbe9ff50b26903464 - default default] 10.0.20.26 "DELETE /v2.0/ports/5ae7718a-be5a-4307-b8c7-5e5efaca026a HTTP/1.1" status: 204  len: 173 time: 1.8945441
2018-06-28 04:21:31.142 18908 DEBUG neutron.plugins.ml2.rpc [req-9b69e561-feea-4ed1-94b5-e3d387238f0d - - - - -] Device 5ae7718a-be5a-4307-b8c7-5e5efaca026a no longer exists at agent ovs-agent-localhost.localdomain update_device_down /usr/lib/python2.7/site-packages/neutron/plugins/ml2/rpc.py:213
2018-06-28 04:21:31.206 18908 DEBUG neutron.plugins.ml2.plugin [req-9b69e561-feea-4ed1-94b5-e3d387238f0d - - - - -] No Port match for: 5ae7718a-be5a-4307-b8c7-5e5efaca026a port_bound_to_host /usr/lib/python2.7/site-packages/neutron/plugins/ml2/plugin.py:1806
2018-06-28 04:21:31.207 18908 DEBUG neutron.plugins.ml2.rpc [req-9b69e561-feea-4ed1-94b5-e3d387238f0d - - - - -] Device 5ae7718a-be5a-4307-b8c7-5e5efaca026a not bound to the agent host localhost.localdomain update_device_down /usr/lib/python2.7/site-packages/neutron/plugins/ml2/rpc.py:221
2018-06-28 04:21:38.032 18905 DEBUG neutron.wsgi [-] (18905) accepted ('10.0.20.26', 46548) server /usr/lib/python2.7/site-packages/eventlet/wsgi.py:883
2018-06-28 04:21:38.042 18905 INFO neutron.wsgi [-] 10.0.20.26 "GET / HTTP/1.1" status: 200  len: 252 time: 0.0069749
2018-06-28 04:21:38.630 18905 INFO neutron.pecan_wsgi.hooks.translation [req-f3a37876-d9b6-459b-9c5e-56c93d9c0d50 95cf4ee261b740498c206cbae584ebbe 046e8009a8b544bfbe9ff50b26903464 - default default] GET failed (client error): The resource could not be found.
2018-06-28 04:21:38.632 18905 INFO neutron.wsgi [req-f3a37876-d9b6-459b-9c5e-56c93d9c0d50 95cf4ee261b740498c206cbae584ebbe 046e8009a8b544bfbe9ff50b26903464 - default default] 10.0.20.26 "GET /v2.0/networks/tempest-private-1530151961 HTTP/1.1" status: 404  len: 334 time: 0.5821471
2018-06-28 04:21:38.919 18905 DEBUG neutron.pecan_wsgi.hooks.policy_enforcement [req-9673afbb-0076-4cd3-92f1-56503682e71f 95cf4ee261b740498c206cbae584ebbe 046e8009a8b544bfbe9ff50b26903464 - default default] Attributes excluded by policy engine: [u'vlan_transparent'] _exclude_attributes_by_policy /usr/lib/python2.7/site-packages/neutron/pecan_wsgi/hooks/policy_enforcement.py:256
2018-06-28 04:21:38.921 18905 DEBUG neutron.pecan_wsgi.hooks.policy_enforcement [req-9673afbb-0076-4cd3-92f1-56503682e71f 95cf4ee261b740498c206cbae584ebbe 046e8009a8b544bfbe9ff50b26903464 - default default] Attributes excluded by policy engine: [u'vlan_transparent'] _exclude_attributes_by_policy /usr/lib/python2.7/site-packages/neutron/pecan_wsgi/hooks/policy_enforcement.py:256
2018-06-28 04:21:38.922 18905 DEBUG neutron.pecan_wsgi.hooks.policy_enforcement [req-9673afbb-0076-4cd3-92f1-56503682e71f 95cf4ee261b740498c206cbae584ebbe 046e8009a8b544bfbe9ff50b26903464 - default default] Attributes excluded by policy engine: [u'vlan_transparent'] _exclude_attributes_by_policy /usr/lib/python2.7/site-packages/neutron/pecan_wsgi/hooks/policy_enforcement.py:256
2018-06-28 04:21:38.924 18905 INFO neutron.wsgi [req-9673afbb-0076-4cd3-92f1-56503682e71f 95cf4ee261b740498c206cbae584ebbe 046e8009a8b544bfbe9ff50b26903464 - default default] 10.0.20.26 "GET /v2.0/networks HTTP/1.1" status: 200  len: 2214 time: 0.2869902
2018-06-28 04:21:39.142 18905 DEBUG neutron_lib.callbacks.manager [req-021ef9ab-5891-4c50-8c05-466544aff655 95cf4ee261b740498c206cbae584ebbe 046e8009a8b544bfbe9ff50b26903464 - default default] Notify callbacks ['neutron.plugins.ml2.plugin.Ml2Plugin._before_network_delete_handler--9223372036854094258'] for network, before_delete _notify_loop /usr/lib/python2.7/site-packages/neutron_lib/callbacks/manager.py:167
2018-06-28 04:21:39.313 18905 DEBUG neutron.db.db_base_plugin_v2 [req-021ef9ab-5891-4c50-8c05-466544aff655 95cf4ee261b740498c206cbae584ebbe 046e8009a8b544bfbe9ff50b26903464 - default default] Deleting subnet 373f384a-d6d9-4690-b3ee-55a45fb5fd6c delete_subnet /usr/lib/python2.7/site-packages/neutron/db/db_base_plugin_v2.py:1022
2018-06-28 04:21:39.315 18905 DEBUG neutron_lib.callbacks.manager [req-021ef9ab-5891-4c50-8c05-466544aff655 95cf4ee261b740498c206cbae584ebbe 046e8009a8b544bfbe9ff50b26903464 - default default] Notify callbacks [] for subnet, before_delete _notify_loop /usr/lib/python2.7/site-packages/neutron_lib/callbacks/manager.py:167
2018-06-28 04:21:39.567 18905 DEBUG neutron_lib.callbacks.manager [req-021ef9ab-5891-4c50-8c05-466544aff655 95cf4ee261b740498c206cbae584ebbe 046e8009a8b544bfbe9ff50b26903464 - default default] Notify callbacks ['neutron.plugins.ml2.plugin.Ml2Plugin._subnet_delete_precommit_handler-932501'] for subnet, precommit_delete _notify_loop /usr/lib/python2.7/site-packages/neutron_lib/callbacks/manager.py:167
2018-06-28 04:21:39.990 18905 DEBUG neutron_lib.callbacks.manager [req-021ef9ab-5891-4c50-8c05-466544aff655 95cf4ee261b740498c206cbae584ebbe 046e8009a8b544bfbe9ff50b26903464 - default default] Notify callbacks ['neutron.api.rpc.agentnotifiers.dhcp_rpc_agent_api.DhcpAgentNotifyAPI._native_event_send_dhcp_notification--9223372036838677259', 'neutron.plugins.ml2.ovo_rpc._ObjectChangeHandler.handle_event-16479028', 'neutron.plugins.ml2.plugin.Ml2Plugin._subnet_delete_after_delete_handler--9223372036853843318'] for subnet, after_delete _notify_loop /usr/lib/python2.7/site-packages/neutron_lib/callbacks/manager.py:167
2018-06-28 04:21:40.247 18909 DEBUG neutron.api.rpc.handlers.dhcp_rpc [req-00daf94f-dd69-4bda-a5b8-c3c2da6b6e2a - - - - -] Network cba3d568-b827-471c-9979-b4807620b73d requested from localhost.localdomain get_network_info /usr/lib/python2.7/site-packages/neutron/api/rpc/handlers/dhcp_rpc.py:197
2018-06-28 04:21:40.263 18905 DEBUG oslo_concurrency.lockutils [-] Lock "event-dispatch" acquired by "neutron.plugins.ml2.ovo_rpc.dispatch_events" :: waited 0.000s inner /usr/lib/python2.7/site-packages/oslo_concurrency/lockutils.py:270
2018-06-28 04:21:40.409 18905 DEBUG neutron.api.rpc.handlers.resources_rpc [req-021ef9ab-5891-4c50-8c05-466544aff655 95cf4ee261b740498c206cbae584ebbe 046e8009a8b544bfbe9ff50b26903464 - - -] neutron.api.rpc.handlers.resources_rpc.ResourcesPushRpcApi method push called with arguments (<neutron_lib.context.Context object at 0x7f30a6f8b4d0>, [Subnet(allocation_pools=<?>,cidr=<?>,created_at=<?>,description=<?>,dns_nameservers=<?>,enable_dhcp=<?>,gateway_ip=<?>,host_routes=<?>,id=373f384a-d6d9-4690-b3ee-55a45fb5fd6c,ip_version=<?>,ipv6_address_mode=<?>,ipv6_ra_mode=<?>,name=<?>,network_id=<?>,project_id=<?>,revision_number=<?>,segment_id=<?>,service_types=<?>,shared=<?>,subnetpool_id=<?>,updated_at=<?>)], 'deleted') {} wrapper /usr/lib/python2.7/site-packages/oslo_log/helpers.py:66
2018-06-28 04:21:40.446 18905 DEBUG neutron.api.rpc.callbacks.version_manager [req-021ef9ab-5891-4c50-8c05-466544aff655 95cf4ee261b740498c206cbae584ebbe 046e8009a8b544bfbe9ff50b26903464 - - -] Version for resource type Subnet changed None to 1.0 on consumer Open vSwitch agent@localhost.localdomain _set_version /usr/lib/python2.7/site-packages/neutron/api/rpc/callbacks/version_manager.py:119
2018-06-28 04:21:40.447 18905 DEBUG neutron.api.rpc.callbacks.version_manager [req-021ef9ab-5891-4c50-8c05-466544aff655 95cf4ee261b740498c206cbae584ebbe 046e8009a8b544bfbe9ff50b26903464 - - -] Version for resource type Network changed None to 1.0 on consumer Open vSwitch agent@localhost.localdomain _set_version /usr/lib/python2.7/site-packages/neutron/api/rpc/callbacks/version_manager.py:119
2018-06-28 04:21:40.448 18905 DEBUG neutron.api.rpc.callbacks.version_manager [req-021ef9ab-5891-4c50-8c05-466544aff655 95cf4ee261b740498c206cbae584ebbe 046e8009a8b544bfbe9ff50b26903464 - - -] Version for resource type SubPort changed None to 1.0 on consumer Open vSwitch agent@localhost.localdomain _set_version /usr/lib/python2.7/site-packages/neutron/api/rpc/callbacks/version_manager.py:119
2018-06-28 04:21:40.449 18905 DEBUG neutron.api.rpc.callbacks.version_manager [req-021ef9ab-5891-4c50-8c05-466544aff655 95cf4ee261b740498c206cbae584ebbe 046e8009a8b544bfbe9ff50b26903464 - - -] Version for resource type SecurityGroup changed None to 1.0 on consumer Open vSwitch agent@localhost.localdomain _set_version /usr/lib/python2.7/site-packages/neutron/api/rpc/callbacks/version_manager.py:119
2018-06-28 04:21:40.449 18905 DEBUG neutron.api.rpc.callbacks.version_manager [req-021ef9ab-5891-4c50-8c05-466544aff655 95cf4ee261b740498c206cbae584ebbe 046e8009a8b544bfbe9ff50b26903464 - - -] Version for resource type SecurityGroupRule changed None to 1.0 on consumer Open vSwitch agent@localhost.localdomain _set_version /usr/lib/python2.7/site-packages/neutron/api/rpc/callbacks/version_manager.py:119
2018-06-28 04:21:40.450 18905 DEBUG neutron.api.rpc.callbacks.version_manager [req-021ef9ab-5891-4c50-8c05-466544aff655 95cf4ee261b740498c206cbae584ebbe 046e8009a8b544bfbe9ff50b26903464 - - -] Version for resource type Trunk changed None to 1.1 on consumer Open vSwitch agent@localhost.localdomain _set_version /usr/lib/python2.7/site-packages/neutron/api/rpc/callbacks/version_manager.py:119
2018-06-28 04:21:40.451 18905 DEBUG neutron.api.rpc.callbacks.version_manager [req-021ef9ab-5891-4c50-8c05-466544aff655 95cf4ee261b740498c206cbae584ebbe 046e8009a8b544bfbe9ff50b26903464 - - -] Version for resource type QosPolicy changed None to 1.6 on consumer Open vSwitch agent@localhost.localdomain _set_version /usr/lib/python2.7/site-packages/neutron/api/rpc/callbacks/version_manager.py:119
2018-06-28 04:21:40.451 18905 DEBUG neutron.api.rpc.callbacks.version_manager [req-021ef9ab-5891-4c50-8c05-466544aff655 95cf4ee261b740498c206cbae584ebbe 046e8009a8b544bfbe9ff50b26903464 - - -] Version for resource type Port changed None to 1.1 on consumer Open vSwitch agent@localhost.localdomain _set_version /usr/lib/python2.7/site-packages/neutron/api/rpc/callbacks/version_manager.py:119
2018-06-28 04:21:40.452 18905 DEBUG neutron.api.rpc.callbacks.version_manager [req-021ef9ab-5891-4c50-8c05-466544aff655 95cf4ee261b740498c206cbae584ebbe 046e8009a8b544bfbe9ff50b26903464 - - -] Version for resource type Log changed None to 1.0 on consumer Open vSwitch agent@localhost.localdomain _set_version /usr/lib/python2.7/site-packages/neutron/api/rpc/callbacks/version_manager.py:119
2018-06-28 04:21:40.470 18905 DEBUG neutron_lib.callbacks.manager [req-021ef9ab-5891-4c50-8c05-466544aff655 95cf4ee261b740498c206cbae584ebbe 046e8009a8b544bfbe9ff50b26903464 - default default] Notify callbacks ['neutron.services.segments.db._delete_segments_for_network-8740434817119', 'neutron.plugins.ml2.plugin.Ml2Plugin._network_delete_precommit_handler-935633'] for network, precommit_delete _notify_loop /usr/lib/python2.7/site-packages/neutron_lib/callbacks/manager.py:167
2018-06-28 04:21:40.472 18905 DEBUG neutron_lib.callbacks.manager [req-021ef9ab-5891-4c50-8c05-466544aff655 95cf4ee261b740498c206cbae584ebbe 046e8009a8b544bfbe9ff50b26903464 - default default] Subscribe: <bound method Plugin._prevent_segment_delete_with_subnet_associated of <neutron.services.segments.plugin.Plugin object at 0x7f30a6bc6690>> segment before_delete subscribe /usr/lib/python2.7/site-packages/neutron_lib/callbacks/manager.py:41
2018-06-28 04:21:40.474 18905 DEBUG neutron_lib.callbacks.manager [req-021ef9ab-5891-4c50-8c05-466544aff655 95cf4ee261b740498c206cbae584ebbe 046e8009a8b544bfbe9ff50b26903464 - default default] Subscribe: <bound method NovaSegmentNotifier._notify_host_addition_to_aggregate of <neutron.services.segments.plugin.NovaSegmentNotifier object at 0x7f30a6cd7a50>> segment_host_mapping after_create subscribe /usr/lib/python2.7/site-packages/neutron_lib/callbacks/manager.py:41
2018-06-28 04:21:40.474 18905 DEBUG neutron_lib.callbacks.manager [req-021ef9ab-5891-4c50-8c05-466544aff655 95cf4ee261b740498c206cbae584ebbe 046e8009a8b544bfbe9ff50b26903464 - default default] Subscribe: <bound method NovaSegmentNotifier._notify_port_created_or_deleted of <neutron.services.segments.plugin.NovaSegmentNotifier object at 0x7f30a6cd7a50>> port after_create subscribe /usr/lib/python2.7/site-packages/neutron_lib/callbacks/manager.py:41
2018-06-28 04:21:40.475 18905 DEBUG neutron_lib.callbacks.manager [req-021ef9ab-5891-4c50-8c05-466544aff655 95cf4ee261b740498c206cbae584ebbe 046e8009a8b544bfbe9ff50b26903464 - default default] Subscribe: <bound method NovaSegmentNotifier._notify_port_created_or_deleted of <neutron.services.segments.plugin.NovaSegmentNotifier object at 0x7f30a6cd7a50>> port after_delete subscribe /usr/lib/python2.7/site-packages/neutron_lib/callbacks/manager.py:41
2018-06-28 04:21:40.476 18905 DEBUG neutron_lib.callbacks.manager [req-021ef9ab-5891-4c50-8c05-466544aff655 95cf4ee261b740498c206cbae584ebbe 046e8009a8b544bfbe9ff50b26903464 - default default] Subscribe: <bound method NovaSegmentNotifier._notify_port_updated of <neutron.services.segments.plugin.NovaSegmentNotifier object at 0x7f30a6cd7a50>> port after_update subscribe /usr/lib/python2.7/site-packages/neutron_lib/callbacks/manager.py:41
2018-06-28 04:21:40.477 18905 DEBUG neutron_lib.callbacks.manager [req-021ef9ab-5891-4c50-8c05-466544aff655 95cf4ee261b740498c206cbae584ebbe 046e8009a8b544bfbe9ff50b26903464 - default default] Subscribe: <bound method NovaSegmentNotifier._notify_subnet_created of <neutron.services.segments.plugin.NovaSegmentNotifier object at 0x7f30a6cd7a50>> subnet after_create subscribe /usr/lib/python2.7/site-packages/neutron_lib/callbacks/manager.py:41
2018-06-28 04:21:40.478 18905 DEBUG neutron_lib.callbacks.manager [req-021ef9ab-5891-4c50-8c05-466544aff655 95cf4ee261b740498c206cbae584ebbe 046e8009a8b544bfbe9ff50b26903464 - default default] Subscribe: <bound method NovaSegmentNotifier._notify_subnet_deleted of <neutron.services.segments.plugin.NovaSegmentNotifier object at 0x7f30a6cd7a50>> subnet after_delete subscribe /usr/lib/python2.7/site-packages/neutron_lib/callbacks/manager.py:41
2018-06-28 04:21:40.479 18905 DEBUG neutron_lib.callbacks.manager [req-021ef9ab-5891-4c50-8c05-466544aff655 95cf4ee261b740498c206cbae584ebbe 046e8009a8b544bfbe9ff50b26903464 - default default] Subscribe: <bound method NovaSegmentNotifier._notify_subnet_updated of <neutron.services.segments.plugin.NovaSegmentNotifier object at 0x7f30a6cd7a50>> subnet after_update subscribe /usr/lib/python2.7/site-packages/neutron_lib/callbacks/manager.py:41
2018-06-28 04:21:40.612 18910 DEBUG neutron.api.rpc.handlers.dhcp_rpc [req-86780ad8-b65a-4ea2-aefc-3985824020ea - - - - -] DHCP port deletion for cba3d568-b827-471c-9979-b4807620b73d request from localhost.localdomain release_dhcp_port /usr/lib/python2.7/site-packages/neutron/api/rpc/handlers/dhcp_rpc.py:244
2018-06-28 04:21:40.659 18905 DEBUG neutron.services.segments.db [req-021ef9ab-5891-4c50-8c05-466544aff655 95cf4ee261b740498c206cbae584ebbe 046e8009a8b544bfbe9ff50b26903464 - default default] neutron.services.segments.plugin.Plugin method get_segments called with arguments (<neutron_lib.context.Context object at 0x7f30a6bc64d0>,) {'filters': {'network_id': [u'cba3d568-b827-471c-9979-b4807620b73d']}} wrapper /usr/lib/python2.7/site-packages/oslo_log/helpers.py:66
2018-06-28 04:21:40.682 18905 DEBUG oslo_concurrency.lockutils [req-021ef9ab-5891-4c50-8c05-466544aff655 95cf4ee261b740498c206cbae584ebbe 046e8009a8b544bfbe9ff50b26903464 - - -] Lock "event-dispatch" released by "neutron.plugins.ml2.ovo_rpc.dispatch_events" :: held 0.419s inner /usr/lib/python2.7/site-packages/oslo_concurrency/lockutils.py:282
2018-06-28 04:21:40.688 18905 DEBUG neutron.services.segments.db [req-021ef9ab-5891-4c50-8c05-466544aff655 95cf4ee261b740498c206cbae584ebbe 046e8009a8b544bfbe9ff50b26903464 - default default] neutron.services.segments.plugin.Plugin method delete_segment called with arguments (<neutron_lib.context.Context object at 0x7f30a6bc64d0>, '9002e8a8-be94-42db-a8f1-e3ad8cbc7905') {'for_net_delete': True} wrapper /usr/lib/python2.7/site-packages/oslo_log/helpers.py:66
2018-06-28 04:21:40.689 18905 DEBUG neutron.services.segments.db [req-021ef9ab-5891-4c50-8c05-466544aff655 95cf4ee261b740498c206cbae584ebbe 046e8009a8b544bfbe9ff50b26903464 - default default] neutron.services.segments.plugin.Plugin method get_segment called with arguments (<neutron_lib.context.Context object at 0x7f30a6bc64d0>, '9002e8a8-be94-42db-a8f1-e3ad8cbc7905') {} wrapper /usr/lib/python2.7/site-packages/oslo_log/helpers.py:66
2018-06-28 04:21:40.715 18905 DEBUG neutron_lib.callbacks.manager [req-021ef9ab-5891-4c50-8c05-466544aff655 95cf4ee261b740498c206cbae584ebbe 046e8009a8b544bfbe9ff50b26903464 - default default] Notify callbacks ['neutron.plugins.ml2.db._prevent_segment_delete_with_port_bound--9223363296419724578', 'neutron.services.segments.plugin.Plugin._prevent_segment_delete_with_subnet_associated-15266209'] for segment, before_delete _notify_loop /usr/lib/python2.7/site-packages/neutron_lib/callbacks/manager.py:167
2018-06-28 04:21:40.761 18905 DEBUG neutron_lib.callbacks.manager [req-021ef9ab-5891-4c50-8c05-466544aff655 95cf4ee261b740498c206cbae584ebbe 046e8009a8b544bfbe9ff50b26903464 - default default] Notify callbacks ['neutron.plugins.ml2.plugin.Ml2Plugin._handle_segment_change--9223372036853845546'] for segment, precommit_delete _notify_loop /usr/lib/python2.7/site-packages/neutron_lib/callbacks/manager.py:167
2018-06-28 04:21:40.767 18905 DEBUG neutron.plugins.ml2.drivers.type_tunnel [req-021ef9ab-5891-4c50-8c05-466544aff655 95cf4ee261b740498c206cbae584ebbe 046e8009a8b544bfbe9ff50b26903464 - default default] Releasing vxlan tunnel 23 to pool release_segment /usr/lib/python2.7/site-packages/neutron/plugins/ml2/drivers/type_tunnel.py:322
2018-06-28 04:21:41.094 18905 DEBUG neutron.plugins.ml2.managers [req-021ef9ab-5891-4c50-8c05-466544aff655 95cf4ee261b740498c206cbae584ebbe 046e8009a8b544bfbe9ff50b26903464 - default default] Network cba3d568-b827-471c-9979-b4807620b73d has no segments _extend_network_dict_provider /usr/lib/python2.7/site-packages/neutron/plugins/ml2/managers.py:165
2018-06-28 04:21:41.112 18905 DEBUG neutron_lib.callbacks.manager [req-021ef9ab-5891-4c50-8c05-466544aff655 95cf4ee261b740498c206cbae584ebbe 046e8009a8b544bfbe9ff50b26903464 - default default] Notify callbacks ['neutron.plugins.ml2.plugin.Ml2Plugin._handle_segment_change--9223372036853845546'] for segment, after_delete _notify_loop /usr/lib/python2.7/site-packages/neutron_lib/callbacks/manager.py:167
2018-06-28 04:21:41.441 18905 DEBUG neutron.plugins.ml2.managers [req-021ef9ab-5891-4c50-8c05-466544aff655 95cf4ee261b740498c206cbae584ebbe 046e8009a8b544bfbe9ff50b26903464 - default default] Network cba3d568-b827-471c-9979-b4807620b73d has no segments _extend_network_dict_provider /usr/lib/python2.7/site-packages/neutron/plugins/ml2/managers.py:165
2018-06-28 04:21:41.814 18905 DEBUG neutron.plugins.ml2.managers [req-021ef9ab-5891-4c50-8c05-466544aff655 95cf4ee261b740498c206cbae584ebbe 046e8009a8b544bfbe9ff50b26903464 - default default] Network cba3d568-b827-471c-9979-b4807620b73d has no segments _extend_network_dict_provider /usr/lib/python2.7/site-packages/neutron/plugins/ml2/managers.py:165
2018-06-28 04:21:42.030 18905 DEBUG neutron_lib.callbacks.manager [req-021ef9ab-5891-4c50-8c05-466544aff655 95cf4ee261b740498c206cbae584ebbe 046e8009a8b544bfbe9ff50b26903464 - default default] Notify callbacks ['neutron.plugins.ml2.plugin.Ml2Plugin._network_delete_after_delete_handler--9223372036853840170', 'neutron.api.rpc.agentnotifiers.dhcp_rpc_agent_api.DhcpAgentNotifyAPI._native_event_send_dhcp_notification--9223372036838677259', 'neutron.plugins.ml2.ovo_rpc._ObjectChangeHandler.handle_event-16479084'] for network, after_delete _notify_loop /usr/lib/python2.7/site-packages/neutron_lib/callbacks/manager.py:167
2018-06-28 04:21:42.060 18905 DEBUG neutron_lib.callbacks.manager [req-021ef9ab-5891-4c50-8c05-466544aff655 95cf4ee261b740498c206cbae584ebbe 046e8009a8b544bfbe9ff50b26903464 - default default] Notify callbacks ['neutron.api.rpc.agentnotifiers.dhcp_rpc_agent_api.DhcpAgentNotifyAPI._send_dhcp_notification--9223372036838677278'] for network, before_response _notify_loop /usr/lib/python2.7/site-packages/neutron_lib/callbacks/manager.py:167
2018-06-28 04:21:42.063 18905 DEBUG oslo_concurrency.lockutils [-] Lock "event-dispatch" acquired by "neutron.plugins.ml2.ovo_rpc.dispatch_events" :: waited 0.000s inner /usr/lib/python2.7/site-packages/oslo_concurrency/lockutils.py:270
2018-06-28 04:21:42.097 18905 DEBUG neutron.api.rpc.handlers.resources_rpc [req-021ef9ab-5891-4c50-8c05-466544aff655 95cf4ee261b740498c206cbae584ebbe 046e8009a8b544bfbe9ff50b26903464 - - -] neutron.api.rpc.handlers.resources_rpc.ResourcesPushRpcApi method push called with arguments (<neutron_lib.context.Context object at 0x7f30a7054ed0>, [Network(admin_state_up=<?>,availability_zone_hints=<?>,created_at=<?>,description=<?>,dns_domain=<?>,id=cba3d568-b827-471c-9979-b4807620b73d,mtu=<?>,name=<?>,project_id=<?>,qos_policy_id=None,revision_number=<?>,security=<?>,segments=<?>,shared=False,status=<?>,updated_at=<?>,vlan_transparent=<?>)], 'deleted') {} wrapper /usr/lib/python2.7/site-packages/oslo_log/helpers.py:66
2018-06-28 04:21:42.110 18905 DEBUG neutron.quota.resource [req-021ef9ab-5891-4c50-8c05-466544aff655 95cf4ee261b740498c206cbae584ebbe 046e8009a8b544bfbe9ff50b26903464 - default default] Persisted dirty status for tenant:83af2107eb004f1b81586db7d89385f1 on resource:subnet mark_dirty /usr/lib/python2.7/site-packages/neutron/quota/resource.py:207
2018-06-28 04:21:42.116 18905 DEBUG oslo_concurrency.lockutils [req-021ef9ab-5891-4c50-8c05-466544aff655 95cf4ee261b740498c206cbae584ebbe 046e8009a8b544bfbe9ff50b26903464 - - -] Lock "event-dispatch" released by "neutron.plugins.ml2.ovo_rpc.dispatch_events" :: held 0.052s inner /usr/lib/python2.7/site-packages/oslo_concurrency/lockutils.py:282
2018-06-28 04:21:42.125 18905 DEBUG neutron.quota.resource [req-021ef9ab-5891-4c50-8c05-466544aff655 95cf4ee261b740498c206cbae584ebbe 046e8009a8b544bfbe9ff50b26903464 - default default] Persisted dirty status for tenant:83af2107eb004f1b81586db7d89385f1 on resource:network mark_dirty /usr/lib/python2.7/site-packages/neutron/quota/resource.py:207
2018-06-28 04:21:42.133 18905 INFO neutron.wsgi [req-021ef9ab-5891-4c50-8c05-466544aff655 95cf4ee261b740498c206cbae584ebbe 046e8009a8b544bfbe9ff50b26903464 - default default] 10.0.20.26 "DELETE /v2.0/networks/cba3d568-b827-471c-9979-b4807620b73d HTTP/1.1" status: 204  len: 173 time: 3.2015240
2018-06-28 04:21:45.728 18913 DEBUG neutron_lib.callbacks.manager [req-ab927eb8-7514-4698-aa13-54854e0aed63 - - - - -] Notify callbacks ['neutron.services.segments.db._update_segment_host_mapping_for_agent-8740434817104'] for agent, after_update _notify_loop /usr/lib/python2.7/site-packages/neutron_lib/callbacks/manager.py:167
2018-06-28 04:21:45.898 18912 DEBUG neutron_lib.callbacks.manager [req-158dbd51-213d-4c9e-bbca-0c93a885969f - - - - -] Notify callbacks ['neutron.services.segments.db._update_segment_host_mapping_for_agent-8740434817104'] for agent, after_update _notify_loop /usr/lib/python2.7/site-packages/neutron_lib/callbacks/manager.py:167
2018-06-28 04:21:48.208 18903 DEBUG neutron.wsgi [-] (18903) accepted ('10.0.20.26', 46580) server /usr/lib/python2.7/site-packages/eventlet/wsgi.py:883
2018-06-28 04:21:48.214 18903 INFO neutron.wsgi [-] 10.0.20.26 "GET / HTTP/1.1" status: 200  len: 252 time: 0.0028009
2018-06-28 04:21:48.637 18903 INFO neutron.api.v2.resource [req-7a354459-6071-4ef8-a697-eb8528bae798 95cf4ee261b740498c206cbae584ebbe 046e8009a8b544bfbe9ff50b26903464 - default default] show failed (client error): The resource could not be found.
2018-06-28 04:21:48.638 18903 INFO neutron.wsgi [req-7a354459-6071-4ef8-a697-eb8528bae798 95cf4ee261b740498c206cbae584ebbe 046e8009a8b544bfbe9ff50b26903464 - default default] 10.0.20.26 "GET /v2.0/security-groups/tempest-SECURITY_GROUP_SAMPLE-1530151961 HTTP/1.1" status: 404  len: 360 time: 0.4198928
2018-06-28 04:21:48.855 18903 INFO neutron.wsgi [req-20658823-f56e-4910-8821-09cbb4adbfe4 95cf4ee261b740498c206cbae584ebbe 046e8009a8b544bfbe9ff50b26903464 - default default] 10.0.20.26 "GET /v2.0/security-groups HTTP/1.1" status: 200  len: 21175 time: 0.2106271
2018-06-28 04:21:48.935 18915 DEBUG neutron.db.agents_db [req-989ce4f8-0839-4493-ae1e-23376d7628ab - - - - -] Agent healthcheck: found 5 active agents agent_health_check /usr/lib/python2.7/site-packages/neutron/db/agents_db.py:281
2018-06-28 04:21:49.011 18903 DEBUG neutron_lib.callbacks.manager [req-bfe8eb07-88ee-4fe9-afd6-6a66f4cd5028 95cf4ee261b740498c206cbae584ebbe 046e8009a8b544bfbe9ff50b26903464 - default default] Notify callbacks [] for security_group, before_delete _notify_loop /usr/lib/python2.7/site-packages/neutron_lib/callbacks/manager.py:167
2018-06-28 04:21:49.052 18914 DEBUG neutron_lib.callbacks.manager [req-a291130d-e5db-48b4-a8d5-9f4ba3bc3dbc - - - - -] Notify callbacks ['neutron.services.segments.db._update_segment_host_mapping_for_agent-8740434817104'] for agent, after_update _notify_loop /usr/lib/python2.7/site-packages/neutron_lib/callbacks/manager.py:167
2018-06-28 04:21:49.052 18903 DEBUG neutron_lib.callbacks.manager [req-bfe8eb07-88ee-4fe9-afd6-6a66f4cd5028 95cf4ee261b740498c206cbae584ebbe 046e8009a8b544bfbe9ff50b26903464 - default default] Notify callbacks [] for security_group, precommit_delete _notify_loop /usr/lib/python2.7/site-packages/neutron_lib/callbacks/manager.py:167
2018-06-28 04:21:49.203 18903 DEBUG neutron_lib.callbacks.manager [req-bfe8eb07-88ee-4fe9-afd6-6a66f4cd5028 95cf4ee261b740498c206cbae584ebbe 046e8009a8b544bfbe9ff50b26903464 - default default] Notify callbacks ['neutron.plugins.ml2.ovo_rpc._ObjectChangeHandler.handle_event-16479180'] for security_group, after_delete _notify_loop /usr/lib/python2.7/site-packages/neutron_lib/callbacks/manager.py:167
2018-06-28 04:21:49.211 18903 DEBUG oslo_concurrency.lockutils [-] Lock "event-dispatch" acquired by "neutron.plugins.ml2.ovo_rpc.dispatch_events" :: waited 0.000s inner /usr/lib/python2.7/site-packages/oslo_concurrency/lockutils.py:270
2018-06-28 04:21:49.228 18903 DEBUG neutron.quota.resource [req-bfe8eb07-88ee-4fe9-afd6-6a66f4cd5028 95cf4ee261b740498c206cbae584ebbe 046e8009a8b544bfbe9ff50b26903464 - default default] Persisted dirty status for tenant:83af2107eb004f1b81586db7d89385f1 on resource:security_group_rule mark_dirty /usr/lib/python2.7/site-packages/neutron/quota/resource.py:207
2018-06-28 04:21:49.230 18903 DEBUG neutron.api.rpc.handlers.resources_rpc [req-bfe8eb07-88ee-4fe9-afd6-6a66f4cd5028 95cf4ee261b740498c206cbae584ebbe 046e8009a8b544bfbe9ff50b26903464 - - -] neutron.api.rpc.handlers.resources_rpc.ResourcesPushRpcApi method push called with arguments (<neutron_lib.context.Context object at 0x7f30a78f2d90>, [SecurityGroup(created_at=<?>,description=<?>,id=29d17f86-683d-4e26-8362-3cacd3047161,is_default=False,name=<?>,project_id=<?>,revision_number=<?>,rules=<?>,updated_at=<?>)], 'deleted') {} wrapper /usr/lib/python2.7/site-packages/oslo_log/helpers.py:66
2018-06-28 04:21:49.254 18903 DEBUG neutron.api.rpc.callbacks.version_manager [req-bfe8eb07-88ee-4fe9-afd6-6a66f4cd5028 95cf4ee261b740498c206cbae584ebbe 046e8009a8b544bfbe9ff50b26903464 - - -] Version for resource type Subnet changed None to 1.0 on consumer Open vSwitch agent@localhost.localdomain _set_version /usr/lib/python2.7/site-packages/neutron/api/rpc/callbacks/version_manager.py:119
2018-06-28 04:21:49.255 18903 DEBUG neutron.api.rpc.callbacks.version_manager [req-bfe8eb07-88ee-4fe9-afd6-6a66f4cd5028 95cf4ee261b740498c206cbae584ebbe 046e8009a8b544bfbe9ff50b26903464 - - -] Version for resource type Network changed None to 1.0 on consumer Open vSwitch agent@localhost.localdomain _set_version /usr/lib/python2.7/site-packages/neutron/api/rpc/callbacks/version_manager.py:119
2018-06-28 04:21:49.256 18903 DEBUG neutron.api.rpc.callbacks.version_manager [req-bfe8eb07-88ee-4fe9-afd6-6a66f4cd5028 95cf4ee261b740498c206cbae584ebbe 046e8009a8b544bfbe9ff50b26903464 - - -] Version for resource type SubPort changed None to 1.0 on consumer Open vSwitch agent@localhost.localdomain _set_version /usr/lib/python2.7/site-packages/neutron/api/rpc/callbacks/version_manager.py:119
2018-06-28 04:21:49.256 18903 DEBUG neutron.api.rpc.callbacks.version_manager [req-bfe8eb07-88ee-4fe9-afd6-6a66f4cd5028 95cf4ee261b740498c206cbae584ebbe 046e8009a8b544bfbe9ff50b26903464 - - -] Version for resource type SecurityGroup changed None to 1.0 on consumer Open vSwitch agent@localhost.localdomain _set_version /usr/lib/python2.7/site-packages/neutron/api/rpc/callbacks/version_manager.py:119
2018-06-28 04:21:49.257 18903 DEBUG neutron.api.rpc.callbacks.version_manager [req-bfe8eb07-88ee-4fe9-afd6-6a66f4cd5028 95cf4ee261b740498c206cbae584ebbe 046e8009a8b544bfbe9ff50b26903464 - - -] Version for resource type SecurityGroupRule changed None to 1.0 on consumer Open vSwitch agent@localhost.localdomain _set_version /usr/lib/python2.7/site-packages/neutron/api/rpc/callbacks/version_manager.py:119
2018-06-28 04:21:49.258 18903 DEBUG neutron.api.rpc.callbacks.version_manager [req-bfe8eb07-88ee-4fe9-afd6-6a66f4cd5028 95cf4ee261b740498c206cbae584ebbe 046e8009a8b544bfbe9ff50b26903464 - - -] Version for resource type Trunk changed None to 1.1 on consumer Open vSwitch agent@localhost.localdomain _set_version /usr/lib/python2.7/site-packages/neutron/api/rpc/callbacks/version_manager.py:119
2018-06-28 04:21:49.258 18903 DEBUG neutron.api.rpc.callbacks.version_manager [req-bfe8eb07-88ee-4fe9-afd6-6a66f4cd5028 95cf4ee261b740498c206cbae584ebbe 046e8009a8b544bfbe9ff50b26903464 - - -] Version for resource type QosPolicy changed None to 1.6 on consumer Open vSwitch agent@localhost.localdomain _set_version /usr/lib/python2.7/site-packages/neutron/api/rpc/callbacks/version_manager.py:119
2018-06-28 04:21:49.259 18903 DEBUG neutron.api.rpc.callbacks.version_manager [req-bfe8eb07-88ee-4fe9-afd6-6a66f4cd5028 95cf4ee261b740498c206cbae584ebbe 046e8009a8b544bfbe9ff50b26903464 - - -] Version for resource type Port changed None to 1.1 on consumer Open vSwitch agent@localhost.localdomain _set_version /usr/lib/python2.7/site-packages/neutron/api/rpc/callbacks/version_manager.py:119
2018-06-28 04:21:49.260 18903 DEBUG neutron.api.rpc.callbacks.version_manager [req-bfe8eb07-88ee-4fe9-afd6-6a66f4cd5028 95cf4ee261b740498c206cbae584ebbe 046e8009a8b544bfbe9ff50b26903464 - - -] Version for resource type Log changed None to 1.0 on consumer Open vSwitch agent@localhost.localdomain _set_version /usr/lib/python2.7/site-packages/neutron/api/rpc/callbacks/version_manager.py:119
2018-06-28 04:21:49.290 18903 DEBUG oslo_concurrency.lockutils [req-bfe8eb07-88ee-4fe9-afd6-6a66f4cd5028 95cf4ee261b740498c206cbae584ebbe 046e8009a8b544bfbe9ff50b26903464 - - -] Lock "event-dispatch" released by "neutron.plugins.ml2.ovo_rpc.dispatch_events" :: held 0.080s inner /usr/lib/python2.7/site-packages/oslo_concurrency/lockutils.py:282
2018-06-28 04:21:49.294 18903 DEBUG neutron.quota.resource [req-bfe8eb07-88ee-4fe9-afd6-6a66f4cd5028 95cf4ee261b740498c206cbae584ebbe 046e8009a8b544bfbe9ff50b26903464 - default default] Persisted dirty status for tenant:83af2107eb004f1b81586db7d89385f1 on resource:security_group mark_dirty /usr/lib/python2.7/site-packages/neutron/quota/resource.py:207
2018-06-28 04:21:49.314 18903 DEBUG neutron_lib.callbacks.manager [req-bfe8eb07-88ee-4fe9-afd6-6a66f4cd5028 95cf4ee261b740498c206cbae584ebbe 046e8009a8b544bfbe9ff50b26903464 - default default] Notify callbacks [] for security_group, before_response _notify_loop /usr/lib/python2.7/site-packages/neutron_lib/callbacks/manager.py:167
2018-06-28 04:21:49.316 18903 INFO neutron.wsgi [req-bfe8eb07-88ee-4fe9-afd6-6a66f4cd5028 95cf4ee261b740498c206cbae584ebbe 046e8009a8b544bfbe9ff50b26903464 - default default] 10.0.20.26 "DELETE /v2.0/security-groups/29d17f86-683d-4e26-8362-3cacd3047161 HTTP/1.1" status: 204  len: 173 time: 0.4452341
2018-06-28 04:21:53.598 18907 DEBUG neutron_lib.callbacks.manager [req-9b69e561-feea-4ed1-94b5-e3d387238f0d - - - - -] Notify callbacks ['neutron.services.segments.db._update_segment_host_mapping_for_agent-8740434817104'] for agent, after_update _notify_loop /usr/lib/python2.7/site-packages/neutron_lib/callbacks/manager.py:167
2018-06-28 04:21:56.034 18908 DEBUG neutron_lib.callbacks.manager [req-54dd7dc3-b6c8-4b19-a8c5-4990355ae143 - - - - -] Notify callbacks ['neutron.services.segments.db._update_segment_host_mapping_for_agent-8740434817104'] for agent, after_update _notify_loop /usr/lib/python2.7/site-packages/neutron_lib/callbacks/manager.py:167
2018-06-28 04:21:56.989 18911 DEBUG neutron.api.rpc.handlers.dhcp_rpc [req-a9811c8f-3c37-4544-b691-037a8a218778 - - - - -] get_active_networks_info from localhost.localdomain get_active_networks_info /usr/lib/python2.7/site-packages/neutron/api/rpc/handlers/dhcp_rpc.py:141
2018-06-28 04:21:58.524 18904 INFO neutron.wsgi [req-e3e1946f-c840-4de8-a4ed-93cd84331b62 34449420d71643ff9c143c132ecdb7b4 0d772b180b3c41e2ae2eba61c236b149 - default default] 10.0.20.26 "GET /v2.0/ports?device_id=eb7a2eb1-7e53-41f6-bd20-ff1d543cac3d HTTP/1.1" status: 200  len: 210 time: 0.9589622
2018-06-28 04:22:15.749 18906 DEBUG neutron_lib.callbacks.manager [req-ab927eb8-7514-4698-aa13-54854e0aed63 - - - - -] Notify callbacks ['neutron.services.segments.db._update_segment_host_mapping_for_agent-8740434817104'] for agent, after_update _notify_loop /usr/lib/python2.7/site-packages/neutron_lib/callbacks/manager.py:167
2018-06-28 04:22:15.890 18910 DEBUG neutron_lib.callbacks.manager [req-9461071f-f558-4f3c-8c08-43de8a4a48f9 - - - - -] Notify callbacks ['neutron.services.segments.db._update_segment_host_mapping_for_agent-8740434817104'] for agent, after_update _notify_loop /usr/lib/python2.7/site-packages/neutron_lib/callbacks/manager.py:167
2018-06-28 04:22:17.491 18902 INFO neutron.wsgi [req-18950eee-871f-414e-8046-d59237124982 34449420d71643ff9c143c132ecdb7b4 0d772b180b3c41e2ae2eba61c236b149 - default default] 10.0.20.26 "GET /v2.0/ports?device_id=eb7a2eb1-7e53-41f6-bd20-ff1d543cac3d HTTP/1.1" status: 200  len: 210 time: 0.1343999
2018-06-28 04:22:19.068 18909 DEBUG neutron_lib.callbacks.manager [req-a291130d-e5db-48b4-a8d5-9f4ba3bc3dbc - - - - -] Notify callbacks ['neutron.services.segments.db._update_segment_host_mapping_for_agent-8740434817104'] for agent, after_update _notify_loop /usr/lib/python2.7/site-packages/neutron_lib/callbacks/manager.py:167
2018-06-28 04:22:23.605 18911 DEBUG neutron_lib.callbacks.manager [req-9b69e561-feea-4ed1-94b5-e3d387238f0d - - - - -] Notify callbacks ['neutron.services.segments.db._update_segment_host_mapping_for_agent-8740434817104'] for agent, after_update _notify_loop /usr/lib/python2.7/site-packages/neutron_lib/callbacks/manager.py:167
2018-06-28 04:22:25.957 18915 DEBUG neutron.db.agents_db [req-989ce4f8-0839-4493-ae1e-23376d7628ab - - - - -] Agent healthcheck: found 5 active agents agent_health_check /usr/lib/python2.7/site-packages/neutron/db/agents_db.py:281
2018-06-28 04:22:26.033 18913 DEBUG neutron_lib.callbacks.manager [req-259caf2c-a85f-436c-87d2-f2ef3989f3f1 - - - - -] Notify callbacks ['neutron.services.segments.db._update_segment_host_mapping_for_agent-8740434817104'] for agent, after_update _notify_loop /usr/lib/python2.7/site-packages/neutron_lib/callbacks/manager.py:167
2018-06-28 04:22:45.747 18912 DEBUG neutron_lib.callbacks.manager [req-ab927eb8-7514-4698-aa13-54854e0aed63 - - - - -] Notify callbacks ['neutron.services.segments.db._update_segment_host_mapping_for_agent-8740434817104'] for agent, after_update _notify_loop /usr/lib/python2.7/site-packages/neutron_lib/callbacks/manager.py:167
2018-06-28 04:22:45.889 18914 DEBUG neutron_lib.callbacks.manager [req-4b22839d-bd43-4692-a22b-7a62e876e265 - - - - -] Notify callbacks ['neutron.services.segments.db._update_segment_host_mapping_for_agent-8740434817104'] for agent, after_update _notify_loop /usr/lib/python2.7/site-packages/neutron_lib/callbacks/manager.py:167
2018-06-28 04:22:49.101 18907 DEBUG neutron_lib.callbacks.manager [req-a291130d-e5db-48b4-a8d5-9f4ba3bc3dbc - - - - -] Notify callbacks ['neutron.services.segments.db._update_segment_host_mapping_for_agent-8740434817104'] for agent, after_update _notify_loop /usr/lib/python2.7/site-packages/neutron_lib/callbacks/manager.py:167
2018-06-28 04:22:53.590 18908 DEBUG neutron_lib.callbacks.manager [req-9b69e561-feea-4ed1-94b5-e3d387238f0d - - - - -] Notify callbacks ['neutron.services.segments.db._update_segment_host_mapping_for_agent-8740434817104'] for agent, after_update _notify_loop /usr/lib/python2.7/site-packages/neutron_lib/callbacks/manager.py:167
2018-06-28 04:22:56.015 18906 DEBUG neutron_lib.callbacks.manager [req-001f63de-06f8-4e2c-a017-53f3bc72d527 - - - - -] Notify callbacks ['neutron.services.segments.db._update_segment_host_mapping_for_agent-8740434817104'] for agent, after_update _notify_loop /usr/lib/python2.7/site-packages/neutron_lib/callbacks/manager.py:167
2018-06-28 04:23:02.949 18915 DEBUG neutron.db.agents_db [req-989ce4f8-0839-4493-ae1e-23376d7628ab - - - - -] Agent healthcheck: found 5 active agents agent_health_check /usr/lib/python2.7/site-packages/neutron/db/agents_db.py:281
2018-06-28 04:23:15.747 18910 DEBUG neutron_lib.callbacks.manager [req-ab927eb8-7514-4698-aa13-54854e0aed63 - - - - -] Notify callbacks ['neutron.services.segments.db._update_segment_host_mapping_for_agent-8740434817104'] for agent, after_update _notify_loop /usr/lib/python2.7/site-packages/neutron_lib/callbacks/manager.py:167
2018-06-28 04:23:15.903 18909 DEBUG neutron_lib.callbacks.manager [req-640a5655-fb84-4c0c-bf3a-11244343b006 - - - - -] Notify callbacks ['neutron.services.segments.db._update_segment_host_mapping_for_agent-8740434817104'] for agent, after_update _notify_loop /usr/lib/python2.7/site-packages/neutron_lib/callbacks/manager.py:167
2018-06-28 04:23:19.067 18911 DEBUG neutron_lib.callbacks.manager [req-a291130d-e5db-48b4-a8d5-9f4ba3bc3dbc - - - - -] Notify callbacks ['neutron.services.segments.db._update_segment_host_mapping_for_agent-8740434817104'] for agent, after_update _notify_loop /usr/lib/python2.7/site-packages/neutron_lib/callbacks/manager.py:167
