2018-09-12 05:16:38.481 6009 DEBUG neutron.db.db_base_plugin_common [req-4fce31e4-cada-47ad-bbab-4d68bfad87ee - - - - -] Allocated IP 11.168.1.2 (2d8c5c8e-c951-4260-805e-b689f0f0222c/ecef7cef-85f2-4f26-8d12-d722f6853e61/c0fa7d40-7809-425d-bfb4-1221cd3ace29) _store_ip_allocation /usr/lib/python2.7/site-packages/neutron/db/db_base_plugin_common.py:122
2018-09-12 05:16:38.960 5999 DEBUG neutron.wsgi [-] (5999) accepted ('10.0.20.20', 42398) server /usr/lib/python2.7/site-packages/eventlet/wsgi.py:883
2018-09-12 05:16:38.978 5999 INFO neutron.wsgi [-] 10.0.20.20 "GET / HTTP/1.1" status: 200  len: 252 time: 0.0123880
2018-09-12 05:16:39.008 6009 DEBUG neutron_lib.callbacks.manager [req-4fce31e4-cada-47ad-bbab-4d68bfad87ee - - - - -] Notify callbacks [] for port, precommit_create _notify_loop /usr/lib/python2.7/site-packages/neutron_lib/callbacks/manager.py:167
2018-09-12 05:16:39.044 6009 DEBUG neutron.db.provisioning_blocks [req-4fce31e4-cada-47ad-bbab-4d68bfad87ee - - - - -] Transition to ACTIVE for port object c0fa7d40-7809-425d-bfb4-1221cd3ace29 will not be triggered until provisioned by entity L2. add_provisioning_component /usr/lib/python2.7/site-packages/neutron/db/provisioning_blocks.py:73
2018-09-12 05:16:39.089 6009 DEBUG neutron.db.provisioning_blocks [req-4fce31e4-cada-47ad-bbab-4d68bfad87ee - - - - -] Transition to ACTIVE for port object c0fa7d40-7809-425d-bfb4-1221cd3ace29 will not be triggered until provisioned by entity DHCP. add_provisioning_component /usr/lib/python2.7/site-packages/neutron/db/provisioning_blocks.py:73
2018-09-12 05:16:39.100 6009 DEBUG neutron_lib.callbacks.manager [req-4fce31e4-cada-47ad-bbab-4d68bfad87ee - - - - -] Notify callbacks ['neutron.plugins.ml2.plugin.Ml2Plugin.notify_sg_on_port_change-690846', 'neutron.api.rpc.agentnotifiers.dhcp_rpc_agent_api.DhcpAgentNotifyAPI._native_event_send_dhcp_notification-1861340', 'neutron.db.l3_dvrscheduler_db._notify_l3_agent_new_port--9223363253859941033', 'neutron.plugins.ml2.ovo_rpc._ObjectChangeHandler.handle_event-2003966'] for port, after_create _notify_loop /usr/lib/python2.7/site-packages/neutron_lib/callbacks/manager.py:167
2018-09-12 05:16:39.874 5999 INFO neutron.pecan_wsgi.hooks.translation [req-d5cf0fe4-4ccf-4c1d-a966-d1ed62df68cd 6bce0e5766c84e1a98c3cb5ccb2e3772 4cff21d35d8b43b9a2a1ce042bb4f9f9 - default default] GET failed (client error): The resource could not be found.
2018-09-12 05:16:39.880 5999 INFO neutron.wsgi [req-d5cf0fe4-4ccf-4c1d-a966-d1ed62df68cd 6bce0e5766c84e1a98c3cb5ccb2e3772 4cff21d35d8b43b9a2a1ce042bb4f9f9 - default default] 10.0.20.20 "GET /v2.0/networks/tempest-private-1536743143 HTTP/1.1" status: 404  len: 334 time: 0.8916290
2018-09-12 05:16:39.928 6009 DEBUG neutron.scheduler.dhcp_agent_scheduler [req-4fce31e4-cada-47ad-bbab-4d68bfad87ee - - - - -] Network 2d8c5c8e-c951-4260-805e-b689f0f0222c is already hosted by enough agents. _get_dhcp_agents_hosting_network /usr/lib/python2.7/site-packages/neutron/scheduler/dhcp_agent_scheduler.py:243
2018-09-12 05:16:39.950 6009 DEBUG neutron.db.l3_dvrscheduler_db [req-4fce31e4-cada-47ad-bbab-4d68bfad87ee - - - - -] Received port after_create _notify_l3_agent_new_port /usr/lib/python2.7/site-packages/neutron/db/l3_dvrscheduler_db.py:392
2018-09-12 05:16:40.177 6009 DEBUG oslo_concurrency.lockutils [-] Lock "event-dispatch" acquired by "neutron.plugins.ml2.ovo_rpc.dispatch_events" :: waited 0.000s inner /usr/lib/python2.7/site-packages/oslo_concurrency/lockutils.py:270
2018-09-12 05:16:40.253 5999 DEBUG neutron.pecan_wsgi.hooks.policy_enforcement [req-f927f1b7-47cb-48d2-a6c3-6ce3da1a3177 6bce0e5766c84e1a98c3cb5ccb2e3772 4cff21d35d8b43b9a2a1ce042bb4f9f9 - default default] Attributes excluded by policy engine: [u'vlan_transparent'] _exclude_attributes_by_policy /usr/lib/python2.7/site-packages/neutron/pecan_wsgi/hooks/policy_enforcement.py:256
2018-09-12 05:16:40.255 5999 DEBUG neutron.pecan_wsgi.hooks.policy_enforcement [req-f927f1b7-47cb-48d2-a6c3-6ce3da1a3177 6bce0e5766c84e1a98c3cb5ccb2e3772 4cff21d35d8b43b9a2a1ce042bb4f9f9 - default default] Attributes excluded by policy engine: [u'vlan_transparent'] _exclude_attributes_by_policy /usr/lib/python2.7/site-packages/neutron/pecan_wsgi/hooks/policy_enforcement.py:256
2018-09-12 05:16:40.258 5999 DEBUG neutron.pecan_wsgi.hooks.policy_enforcement [req-f927f1b7-47cb-48d2-a6c3-6ce3da1a3177 6bce0e5766c84e1a98c3cb5ccb2e3772 4cff21d35d8b43b9a2a1ce042bb4f9f9 - default default] Attributes excluded by policy engine: [u'vlan_transparent'] _exclude_attributes_by_policy /usr/lib/python2.7/site-packages/neutron/pecan_wsgi/hooks/policy_enforcement.py:256
2018-09-12 05:16:40.263 6009 DEBUG neutron.plugins.ml2.managers [req-4fce31e4-cada-47ad-bbab-4d68bfad87ee - - - - -] Attempting to bind port c0fa7d40-7809-425d-bfb4-1221cd3ace29 on host localhost.localdomain for vnic_type normal with profile  bind_port /usr/lib/python2.7/site-packages/neutron/plugins/ml2/managers.py:512
2018-09-12 05:16:40.265 6009 DEBUG neutron.plugins.ml2.managers [req-4fce31e4-cada-47ad-bbab-4d68bfad87ee - - - - -] Attempting to bind port c0fa7d40-7809-425d-bfb4-1221cd3ace29 on host localhost.localdomain at level 0 using segments [{'network_id': '2d8c5c8e-c951-4260-805e-b689f0f0222c', 'segmentation_id': 66, 'physical_network': None, 'id': 'ff671293-fac5-4997-bd37-b1aa216e23f4', 'network_type': u'vxlan'}] _bind_port_level /usr/lib/python2.7/site-packages/neutron/plugins/ml2/managers.py:521
2018-09-12 05:16:40.265 5999 INFO neutron.wsgi [req-f927f1b7-47cb-48d2-a6c3-6ce3da1a3177 6bce0e5766c84e1a98c3cb5ccb2e3772 4cff21d35d8b43b9a2a1ce042bb4f9f9 - default default] 10.0.20.20 "GET /v2.0/networks HTTP/1.1" status: 200  len: 2214 time: 0.3748190
2018-09-12 05:16:40.266 6009 DEBUG neutron.plugins.ml2.drivers.mech_agent [req-4fce31e4-cada-47ad-bbab-4d68bfad87ee - - - - -] Attempting to bind port c0fa7d40-7809-425d-bfb4-1221cd3ace29 on network 2d8c5c8e-c951-4260-805e-b689f0f0222c bind_port /usr/lib/python2.7/site-packages/neutron/plugins/ml2/drivers/mech_agent.py:88
2018-09-12 05:16:40.307 6009 DEBUG neutron.plugins.ml2.drivers.mech_agent [req-4fce31e4-cada-47ad-bbab-4d68bfad87ee - - - - -] Checking agent: {'binary': u'neutron-openvswitch-agent', 'description': None, 'admin_state_up': True, 'heartbeat_timestamp': datetime.datetime(2018, 9, 12, 9, 16, 29), 'availability_zone': None, 'alive': True, 'topic': u'N/A', 'host': u'localhost.localdomain', 'agent_type': u'Open vSwitch agent', 'resource_versions': {u'Subnet': u'1.0', u'Network': u'1.0', u'SubPort': u'1.0', u'SecurityGroup': u'1.0', u'SecurityGroupRule': u'1.0', u'Trunk': u'1.1', u'QosPolicy': u'1.6', u'Port': u'1.1', u'Log': u'1.0'}, 'created_at': datetime.datetime(2018, 8, 30, 12, 16, 32), 'started_at': datetime.datetime(2018, 9, 12, 8, 42, 52), 'id': u'dfab843a-4b42-4d9d-8912-9976c6319977', 'configurations': {u'ovs_hybrid_plug': True, u'in_distributed_mode': False, u'datapath_type': u'system', u'vhostuser_socket_dir': u'/var/run/openvswitch', u'tunneling_ip': u'10.0.20.20', u'arp_responder_enabled': False, u'devices': 3, u'ovs_capabilities': {u'datapath_types': [u'netdev', u'system'], u'iface_types': [u'geneve', u'gre', u'internal', u'lisp', u'patch', u'stt', u'system', u'tap', u'vxlan']}, u'log_agent_heartbeats': False, u'l2_population': False, u'tunnel_types': [u'vxlan'], u'extensions': [], u'enable_distributed_routing': False, u'bridge_mappings': {u'extnet': u'br-ex'}}} bind_port /usr/lib/python2.7/site-packages/neutron/plugins/ml2/drivers/mech_agent.py:104
2018-09-12 05:16:40.309 6009 DEBUG neutron.plugins.ml2.drivers.mech_agent [req-4fce31e4-cada-47ad-bbab-4d68bfad87ee - - - - -] Checking segment: {'network_id': '2d8c5c8e-c951-4260-805e-b689f0f0222c', 'segmentation_id': 66, 'physical_network': None, 'id': 'ff671293-fac5-4997-bd37-b1aa216e23f4', 'network_type': u'vxlan'} for mappings: {u'extnet': u'br-ex'} with network types: [u'vxlan', 'local', 'flat', 'vlan'] check_segment_for_agent /usr/lib/python2.7/site-packages/neutron/plugins/ml2/drivers/mech_agent.py:237
2018-09-12 05:16:40.310 6009 DEBUG neutron_lib.callbacks.manager [req-4fce31e4-cada-47ad-bbab-4d68bfad87ee - - - - -] Notify callbacks [] for ovs_bridge_name, before_read _notify_loop /usr/lib/python2.7/site-packages/neutron_lib/callbacks/manager.py:167
2018-09-12 05:16:40.311 6009 DEBUG neutron.plugins.ml2.drivers.mech_agent [req-4fce31e4-cada-47ad-bbab-4d68bfad87ee - - - - -] Bound using segment: {'network_id': '2d8c5c8e-c951-4260-805e-b689f0f0222c', 'segmentation_id': 66, 'physical_network': None, 'id': 'ff671293-fac5-4997-bd37-b1aa216e23f4', 'network_type': u'vxlan'} bind_port /usr/lib/python2.7/site-packages/neutron/plugins/ml2/drivers/mech_agent.py:109
2018-09-12 05:16:40.313 6009 DEBUG neutron.plugins.ml2.managers [req-4fce31e4-cada-47ad-bbab-4d68bfad87ee - - - - -] Bound port: c0fa7d40-7809-425d-bfb4-1221cd3ace29, host: localhost.localdomain, vif_type: ovs, vif_details: {"port_filter": true, "datapath_type": "system", "ovs_hybrid_plug": true}, binding_levels: [{'bound_driver': 'openvswitch', 'bound_segment': {'network_id': '2d8c5c8e-c951-4260-805e-b689f0f0222c', 'segmentation_id': 66, 'physical_network': None, 'id': 'ff671293-fac5-4997-bd37-b1aa216e23f4', 'network_type': u'vxlan'}}] _bind_port_level /usr/lib/python2.7/site-packages/neutron/plugins/ml2/managers.py:542
2018-09-12 05:16:40.314 6009 DEBUG neutron_lib.callbacks.manager [req-4fce31e4-cada-47ad-bbab-4d68bfad87ee - - - - -] Notify callbacks ['neutron.plugins.ml2.plugin.Ml2Plugin._ensure_default_security_group_handler-690914'] for port, before_update _notify_loop /usr/lib/python2.7/site-packages/neutron_lib/callbacks/manager.py:167
2018-09-12 05:16:40.514 6009 DEBUG neutron.api.rpc.handlers.resources_rpc [req-4fce31e4-cada-47ad-bbab-4d68bfad87ee - - - - -] neutron.api.rpc.handlers.resources_rpc.ResourcesPushRpcApi method push called with arguments (<neutron_lib.context.Context object at 0x7fcf33fbce90>, [Port(admin_state_up=True,allowed_address_pairs=[],binding=PortBinding,binding_levels=[],created_at=2018-09-12T09:16:38Z,data_plane_status=<?>,description='',device_id='dhcpcd8f5f9f-e3e8-569f-87ef-f03c6cfc29bc-2d8c5c8e-c951-4260-805e-b689f0f0222c',device_owner='network:dhcp',dhcp_options=[],distributed_binding=None,dns=None,fixed_ips=[IPAllocation],id=c0fa7d40-7809-425d-bfb4-1221cd3ace29,mac_address=fa:16:3e:d9:d0:f8,name='',network_id=2d8c5c8e-c951-4260-805e-b689f0f0222c,project_id='870ca4c1f3bf4c1c8a766264505cebf1',qos_policy_id=None,revision_number=3,security=PortSecurity(c0fa7d40-7809-425d-bfb4-1221cd3ace29),security_group_ids=set([]),status='DOWN',updated_at=2018-09-12T09:16:38Z)], 'updated') {} wrapper /usr/lib/python2.7/site-packages/oslo_log/helpers.py:66
2018-09-12 05:16:40.542 6009 DEBUG neutron.api.rpc.callbacks.version_manager [req-4fce31e4-cada-47ad-bbab-4d68bfad87ee - - - - -] Version for resource type Subnet changed None to 1.0 on consumer Open vSwitch agent@localhost.localdomain _set_version /usr/lib/python2.7/site-packages/neutron/api/rpc/callbacks/version_manager.py:119
2018-09-12 05:16:40.543 6009 DEBUG neutron.api.rpc.callbacks.version_manager [req-4fce31e4-cada-47ad-bbab-4d68bfad87ee - - - - -] Version for resource type Network changed None to 1.0 on consumer Open vSwitch agent@localhost.localdomain _set_version /usr/lib/python2.7/site-packages/neutron/api/rpc/callbacks/version_manager.py:119
2018-09-12 05:16:40.544 6009 DEBUG neutron.api.rpc.callbacks.version_manager [req-4fce31e4-cada-47ad-bbab-4d68bfad87ee - - - - -] Version for resource type SubPort changed None to 1.0 on consumer Open vSwitch agent@localhost.localdomain _set_version /usr/lib/python2.7/site-packages/neutron/api/rpc/callbacks/version_manager.py:119
2018-09-12 05:16:40.544 6009 DEBUG neutron.api.rpc.callbacks.version_manager [req-4fce31e4-cada-47ad-bbab-4d68bfad87ee - - - - -] Version for resource type SecurityGroup changed None to 1.0 on consumer Open vSwitch agent@localhost.localdomain _set_version /usr/lib/python2.7/site-packages/neutron/api/rpc/callbacks/version_manager.py:119
2018-09-12 05:16:40.545 6009 DEBUG neutron.api.rpc.callbacks.version_manager [req-4fce31e4-cada-47ad-bbab-4d68bfad87ee - - - - -] Version for resource type SecurityGroupRule changed None to 1.0 on consumer Open vSwitch agent@localhost.localdomain _set_version /usr/lib/python2.7/site-packages/neutron/api/rpc/callbacks/version_manager.py:119
2018-09-12 05:16:40.546 6009 DEBUG neutron.api.rpc.callbacks.version_manager [req-4fce31e4-cada-47ad-bbab-4d68bfad87ee - - - - -] Version for resource type Trunk changed None to 1.1 on consumer Open vSwitch agent@localhost.localdomain _set_version /usr/lib/python2.7/site-packages/neutron/api/rpc/callbacks/version_manager.py:119
2018-09-12 05:16:40.547 6009 DEBUG neutron.api.rpc.callbacks.version_manager [req-4fce31e4-cada-47ad-bbab-4d68bfad87ee - - - - -] Version for resource type QosPolicy changed None to 1.6 on consumer Open vSwitch agent@localhost.localdomain _set_version /usr/lib/python2.7/site-packages/neutron/api/rpc/callbacks/version_manager.py:119
2018-09-12 05:16:40.547 6009 DEBUG neutron.api.rpc.callbacks.version_manager [req-4fce31e4-cada-47ad-bbab-4d68bfad87ee - - - - -] Version for resource type Port changed None to 1.1 on consumer Open vSwitch agent@localhost.localdomain _set_version /usr/lib/python2.7/site-packages/neutron/api/rpc/callbacks/version_manager.py:119
2018-09-12 05:16:40.548 6009 DEBUG neutron.api.rpc.callbacks.version_manager [req-4fce31e4-cada-47ad-bbab-4d68bfad87ee - - - - -] Version for resource type Log changed None to 1.0 on consumer Open vSwitch agent@localhost.localdomain _set_version /usr/lib/python2.7/site-packages/neutron/api/rpc/callbacks/version_manager.py:119
2018-09-12 05:16:40.551 6009 DEBUG neutron.api.rpc.callbacks.version_manager [req-4fce31e4-cada-47ad-bbab-4d68bfad87ee - - - - -] Tracked resource versions report:
pushed versions:
{   'Log': set(['1.0']),
    'Network': set(['1.0']),
    'Port': set(['1.1']),
    'QosPolicy': set(['1.6']),
    'SecurityGroup': set(['1.0']),
    'SecurityGroupRule': set(['1.0']),
    'SubPort': set(['1.0']),
    'Subnet': set(['1.0']),
    'Trunk': set(['1.1'])}

consumer versions:
{   DHCP agent@localhost.localdomain: {   },
    L3 agent@localhost.localdomain: {   },
    Metadata agent@localhost.localdomain: {   },
    Metering agent@localhost.localdomain: {   },
    Open vSwitch agent@localhost.localdomain: {   u'Log': u'1.0',
                                                  u'Network': u'1.0',
                                                  u'Port': u'1.1',
                                                  u'QosPolicy': u'1.6',
                                                  u'SecurityGroup': u'1.0',
                                                  u'SecurityGroupRule': u'1.0',
                                                  u'SubPort': u'1.0',
                                                  u'Subnet': u'1.0',
                                                  u'Trunk': u'1.1'}}
 report /usr/lib/python2.7/site-packages/neutron/api/rpc/callbacks/version_manager.py:178
2018-09-12 05:16:40.593 6009 DEBUG oslo_concurrency.lockutils [req-4fce31e4-cada-47ad-bbab-4d68bfad87ee - - - - -] Lock "event-dispatch" released by "neutron.plugins.ml2.ovo_rpc.dispatch_events" :: held 0.416s inner /usr/lib/python2.7/site-packages/oslo_concurrency/lockutils.py:282
2018-09-12 05:16:40.618 6009 DEBUG neutron.plugins.ml2.db [req-4fce31e4-cada-47ad-bbab-4d68bfad87ee - - - - -] For port c0fa7d40-7809-425d-bfb4-1221cd3ace29, host localhost.localdomain, cleared binding levels clear_binding_levels /usr/lib/python2.7/site-packages/neutron/plugins/ml2/db.py:119
2018-09-12 05:16:40.621 5999 DEBUG neutron_lib.callbacks.manager [req-3d6bd7d6-3cee-44ee-be11-1d294356b820 6bce0e5766c84e1a98c3cb5ccb2e3772 4cff21d35d8b43b9a2a1ce042bb4f9f9 - default default] Notify callbacks ['neutron.plugins.ml2.plugin.Ml2Plugin._before_network_delete_handler-616713'] for network, before_delete _notify_loop /usr/lib/python2.7/site-packages/neutron_lib/callbacks/manager.py:167
2018-09-12 05:16:40.629 6009 DEBUG neutron.plugins.ml2.db [req-4fce31e4-cada-47ad-bbab-4d68bfad87ee - - - - -] For port c0fa7d40-7809-425d-bfb4-1221cd3ace29, host localhost.localdomain, set binding levels [<neutron.plugins.ml2.driver_context.InstanceSnapshot object at 0x7fcf33bf90d0>] set_binding_levels /usr/lib/python2.7/site-packages/neutron/plugins/ml2/db.py:90
2018-09-12 05:16:40.645 6009 DEBUG neutron_lib.callbacks.manager [req-4fce31e4-cada-47ad-bbab-4d68bfad87ee - - - - -] Notify callbacks ['neutron.plugins.ml2.plugin.Ml2Plugin.notify_sg_on_port_change-690846', 'neutron.api.rpc.agentnotifiers.dhcp_rpc_agent_api.DhcpAgentNotifyAPI._native_event_send_dhcp_notification-1861340', 'neutron.db.l3_dvrscheduler_db._notify_l3_agent_port_update--9223363253859941018', 'neutron.db.l3_hascheduler_db._notify_l3_agent_ha_port_update--9223363253859940943', 'neutron.plugins.ml2.ovo_rpc._ObjectChangeHandler.handle_event-2003966'] for port, after_update _notify_loop /usr/lib/python2.7/site-packages/neutron_lib/callbacks/manager.py:167
2018-09-12 05:16:40.702 5999 DEBUG neutron.plugins.ml2.plugin [req-3d6bd7d6-3cee-44ee-be11-1d294356b820 6bce0e5766c84e1a98c3cb5ccb2e3772 4cff21d35d8b43b9a2a1ce042bb4f9f9 - default default] Deleting port c0fa7d40-7809-425d-bfb4-1221cd3ace29 _pre_delete_port /usr/lib/python2.7/site-packages/neutron/plugins/ml2/plugin.py:1488
2018-09-12 05:16:40.704 5999 DEBUG neutron_lib.callbacks.manager [req-3d6bd7d6-3cee-44ee-be11-1d294356b820 6bce0e5766c84e1a98c3cb5ccb2e3772 4cff21d35d8b43b9a2a1ce042bb4f9f9 - default default] Notify callbacks ['neutron.db.l3_db._prevent_l3_port_delete_callback-8782995411174'] for port, before_delete _notify_loop /usr/lib/python2.7/site-packages/neutron_lib/callbacks/manager.py:167
2018-09-12 05:16:41.058 6009 DEBUG oslo_concurrency.lockutils [-] Lock "event-dispatch" acquired by "neutron.plugins.ml2.ovo_rpc.dispatch_events" :: waited 0.001s inner /usr/lib/python2.7/site-packages/oslo_concurrency/lockutils.py:270
2018-09-12 05:16:41.193 6009 DEBUG neutron.quota.resource [req-4fce31e4-cada-47ad-bbab-4d68bfad87ee - - - - -] Persisted dirty status for tenant:870ca4c1f3bf4c1c8a766264505cebf1 on resource:port mark_dirty /usr/lib/python2.7/site-packages/neutron/quota/resource.py:207
2018-09-12 05:16:41.248 6009 DEBUG neutron.api.rpc.handlers.resources_rpc [req-4fce31e4-cada-47ad-bbab-4d68bfad87ee - - - - -] neutron.api.rpc.handlers.resources_rpc.ResourcesPushRpcApi method push called with arguments (<neutron_lib.context.Context object at 0x7fcf33f88a90>, [Port(admin_state_up=True,allowed_address_pairs=[],binding=PortBinding,binding_levels=[PortBindingLevel],created_at=2018-09-12T09:16:38Z,data_plane_status=<?>,description='',device_id='dhcpcd8f5f9f-e3e8-569f-87ef-f03c6cfc29bc-2d8c5c8e-c951-4260-805e-b689f0f0222c',device_owner='network:dhcp',dhcp_options=[],distributed_binding=None,dns=None,fixed_ips=[IPAllocation],id=c0fa7d40-7809-425d-bfb4-1221cd3ace29,mac_address=fa:16:3e:d9:d0:f8,name='',network_id=2d8c5c8e-c951-4260-805e-b689f0f0222c,project_id='870ca4c1f3bf4c1c8a766264505cebf1',qos_policy_id=None,revision_number=4,security=PortSecurity(c0fa7d40-7809-425d-bfb4-1221cd3ace29),security_group_ids=set([]),status='DOWN',updated_at=2018-09-12T09:16:40Z)], 'updated') {} wrapper /usr/lib/python2.7/site-packages/oslo_log/helpers.py:66
2018-09-12 05:16:41.258 6009 DEBUG oslo_concurrency.lockutils [req-4fce31e4-cada-47ad-bbab-4d68bfad87ee - - - - -] Lock "event-dispatch" released by "neutron.plugins.ml2.ovo_rpc.dispatch_events" :: held 0.201s inner /usr/lib/python2.7/site-packages/oslo_concurrency/lockutils.py:282
2018-09-12 05:16:41.602 5999 DEBUG neutron.plugins.ml2.db [req-3d6bd7d6-3cee-44ee-be11-1d294356b820 6bce0e5766c84e1a98c3cb5ccb2e3772 4cff21d35d8b43b9a2a1ce042bb4f9f9 - default default] For port c0fa7d40-7809-425d-bfb4-1221cd3ace29, host localhost.localdomain, got binding levels [<neutron.plugins.ml2.models.PortBindingLevel[object at 7fcf33706690] {port_id=u'c0fa7d40-7809-425d-bfb4-1221cd3ace29', host=u'localhost.localdomain', level=0, driver=u'openvswitch', segment_id=u'ff671293-fac5-4997-bd37-b1aa216e23f4'}>] get_binding_levels /usr/lib/python2.7/site-packages/neutron/plugins/ml2/db.py:106
2018-09-12 05:16:41.683 5999 DEBUG neutron.plugins.ml2.plugin [req-3d6bd7d6-3cee-44ee-be11-1d294356b820 6bce0e5766c84e1a98c3cb5ccb2e3772 4cff21d35d8b43b9a2a1ce042bb4f9f9 - default default] Calling delete_port for c0fa7d40-7809-425d-bfb4-1221cd3ace29 owned by network:dhcp delete_port /usr/lib/python2.7/site-packages/neutron/plugins/ml2/plugin.py:1547
2018-09-12 05:16:41.820 6006 DEBUG neutron.plugins.ml2.rpc [req-bf56b32b-be84-416e-b3c4-bd2ea50ab947 - - - - -] Device c0fa7d40-7809-425d-bfb4-1221cd3ace29 up at agent ovs-agent-localhost.localdomain update_device_up /usr/lib/python2.7/site-packages/neutron/plugins/ml2/rpc.py:244
2018-09-12 05:16:42.122 6006 DEBUG neutron.db.provisioning_blocks [req-bf56b32b-be84-416e-b3c4-bd2ea50ab947 - - - - -] Provisioning for port c0fa7d40-7809-425d-bfb4-1221cd3ace29 completed by entity L2. provisioning_complete /usr/lib/python2.7/site-packages/neutron/db/provisioning_blocks.py:132
2018-09-12 05:16:42.124 6011 DEBUG neutron.db.provisioning_blocks [req-de3cc920-53d0-4d8a-a5f9-a01ac09c63ba - - - - -] Provisioning for port c0fa7d40-7809-425d-bfb4-1221cd3ace29 completed by entity DHCP. provisioning_complete /usr/lib/python2.7/site-packages/neutron/db/provisioning_blocks.py:132
2018-09-12 05:16:42.142 5999 DEBUG neutron_lib.callbacks.manager [req-3d6bd7d6-3cee-44ee-be11-1d294356b820 6bce0e5766c84e1a98c3cb5ccb2e3772 4cff21d35d8b43b9a2a1ce042bb4f9f9 - default default] Notify callbacks ['neutron.plugins.ml2.plugin.Ml2Plugin.notify_sg_on_port_change-690846', 'neutron.api.rpc.agentnotifiers.dhcp_rpc_agent_api.DhcpAgentNotifyAPI._native_event_send_dhcp_notification-1861340', 'neutron.db.l3_db._notify_routers_callback--9223363253859354176', 'neutron.db.l3_dvrscheduler_db._notify_port_delete-8782994834783', 'neutron.plugins.ml2.ovo_rpc._ObjectChangeHandler.handle_event-2003966'] for port, after_delete _notify_loop /usr/lib/python2.7/site-packages/neutron_lib/callbacks/manager.py:167
2018-09-12 05:16:42.146 6006 DEBUG neutron.db.provisioning_blocks [req-bf56b32b-be84-416e-b3c4-bd2ea50ab947 - - - - -] Provisioning complete for port c0fa7d40-7809-425d-bfb4-1221cd3ace29 triggered by entity L2. provisioning_complete /usr/lib/python2.7/site-packages/neutron/db/provisioning_blocks.py:138
2018-09-12 05:16:42.146 6011 DEBUG neutron.db.provisioning_blocks [req-de3cc920-53d0-4d8a-a5f9-a01ac09c63ba - - - - -] Provisioning complete for port c0fa7d40-7809-425d-bfb4-1221cd3ace29 triggered by entity DHCP. provisioning_complete /usr/lib/python2.7/site-packages/neutron/db/provisioning_blocks.py:138
2018-09-12 05:16:42.148 6011 DEBUG neutron_lib.callbacks.manager [req-de3cc920-53d0-4d8a-a5f9-a01ac09c63ba - - - - -] Notify callbacks ['neutron.plugins.ml2.plugin.Ml2Plugin._port_provisioned--9223372036853527197'] for port, provisioning_complete _notify_loop /usr/lib/python2.7/site-packages/neutron_lib/callbacks/manager.py:167
2018-09-12 05:16:42.148 6006 DEBUG neutron_lib.callbacks.manager [req-bf56b32b-be84-416e-b3c4-bd2ea50ab947 - - - - -] Notify callbacks ['neutron.plugins.ml2.plugin.Ml2Plugin._port_provisioned--9223372036853527197'] for port, provisioning_complete _notify_loop /usr/lib/python2.7/site-packages/neutron_lib/callbacks/manager.py:167
2018-09-12 05:16:42.237 6011 DEBUG neutron.plugins.ml2.plugin [req-de3cc920-53d0-4d8a-a5f9-a01ac09c63ba - - - - -] Port c0fa7d40-7809-425d-bfb4-1221cd3ace29 was deleted so its status cannot be updated. _port_provisioned /usr/lib/python2.7/site-packages/neutron/plugins/ml2/plugin.py:237
2018-09-12 05:16:42.251 6006 DEBUG neutron.plugins.ml2.plugin [req-bf56b32b-be84-416e-b3c4-bd2ea50ab947 - - - - -] Port c0fa7d40-7809-425d-bfb4-1221cd3ace29 was deleted so its status cannot be updated. _port_provisioned /usr/lib/python2.7/site-packages/neutron/plugins/ml2/plugin.py:237
2018-09-12 05:16:42.382 6012 DEBUG neutron.db.provisioning_blocks [req-53372092-b2ed-4257-8529-2056c9019af4 - - - - -] Could not find standard attr ID for object c0fa7d40-7809-425d-bfb4-1221cd3ace29. _get_standard_attr_id /usr/lib/python2.7/site-packages/neutron/db/provisioning_blocks.py:172
2018-09-12 05:16:42.604 6008 DEBUG neutron.api.rpc.handlers.dhcp_rpc [req-485fd3d3-ff48-4a48-94e7-d03ce7cc4e2b - - - - -] DHCP port deletion for 2d8c5c8e-c951-4260-805e-b689f0f0222c request from localhost.localdomain release_dhcp_port /usr/lib/python2.7/site-packages/neutron/api/rpc/handlers/dhcp_rpc.py:246
2018-09-12 05:16:42.672 5999 DEBUG neutron.db.l3_dvrscheduler_db [req-3d6bd7d6-3cee-44ee-be11-1d294356b820 6bce0e5766c84e1a98c3cb5ccb2e3772 4cff21d35d8b43b9a2a1ce042bb4f9f9 - default default] No DVR routers for this DVR port c0fa7d40-7809-425d-bfb4-1221cd3ace29 on host localhost.localdomain get_dvr_routers_to_remove /usr/lib/python2.7/site-packages/neutron/db/l3_dvrscheduler_db.py:191
2018-09-12 05:16:42.678 5999 DEBUG oslo_concurrency.lockutils [-] Lock "event-dispatch" acquired by "neutron.plugins.ml2.ovo_rpc.dispatch_events" :: waited 0.001s inner /usr/lib/python2.7/site-packages/oslo_concurrency/lockutils.py:270
2018-09-12 05:16:42.853 5999 DEBUG neutron.api.rpc.handlers.resources_rpc [req-3d6bd7d6-3cee-44ee-be11-1d294356b820 6bce0e5766c84e1a98c3cb5ccb2e3772 4cff21d35d8b43b9a2a1ce042bb4f9f9 - - -] neutron.api.rpc.handlers.resources_rpc.ResourcesPushRpcApi method push called with arguments (<neutron_lib.context.Context object at 0x7fcf340a1d90>, [Port(admin_state_up=<?>,allowed_address_pairs=<?>,binding=<?>,binding_levels=<?>,created_at=<?>,data_plane_status=<?>,description=<?>,device_id=<?>,device_owner=<?>,dhcp_options=<?>,distributed_binding=<?>,dns=<?>,fixed_ips=<?>,id=c0fa7d40-7809-425d-bfb4-1221cd3ace29,mac_address=<?>,name=<?>,network_id=<?>,project_id=<?>,qos_policy_id=None,revision_number=<?>,security=<?>,security_group_ids=None,status=<?>,updated_at=<?>)], 'deleted') {} wrapper /usr/lib/python2.7/site-packages/oslo_log/helpers.py:66
2018-09-12 05:16:42.891 5999 DEBUG neutron.api.rpc.callbacks.version_manager [req-3d6bd7d6-3cee-44ee-be11-1d294356b820 6bce0e5766c84e1a98c3cb5ccb2e3772 4cff21d35d8b43b9a2a1ce042bb4f9f9 - - -] Version for resource type Subnet changed None to 1.0 on consumer Open vSwitch agent@localhost.localdomain _set_version /usr/lib/python2.7/site-packages/neutron/api/rpc/callbacks/version_manager.py:119
2018-09-12 05:16:42.893 5999 DEBUG neutron.api.rpc.callbacks.version_manager [req-3d6bd7d6-3cee-44ee-be11-1d294356b820 6bce0e5766c84e1a98c3cb5ccb2e3772 4cff21d35d8b43b9a2a1ce042bb4f9f9 - - -] Version for resource type Network changed None to 1.0 on consumer Open vSwitch agent@localhost.localdomain _set_version /usr/lib/python2.7/site-packages/neutron/api/rpc/callbacks/version_manager.py:119
2018-09-12 05:16:42.894 5999 DEBUG neutron.api.rpc.callbacks.version_manager [req-3d6bd7d6-3cee-44ee-be11-1d294356b820 6bce0e5766c84e1a98c3cb5ccb2e3772 4cff21d35d8b43b9a2a1ce042bb4f9f9 - - -] Version for resource type SubPort changed None to 1.0 on consumer Open vSwitch agent@localhost.localdomain _set_version /usr/lib/python2.7/site-packages/neutron/api/rpc/callbacks/version_manager.py:119
2018-09-12 05:16:42.894 5999 DEBUG neutron.api.rpc.callbacks.version_manager [req-3d6bd7d6-3cee-44ee-be11-1d294356b820 6bce0e5766c84e1a98c3cb5ccb2e3772 4cff21d35d8b43b9a2a1ce042bb4f9f9 - - -] Version for resource type SecurityGroup changed None to 1.0 on consumer Open vSwitch agent@localhost.localdomain _set_version /usr/lib/python2.7/site-packages/neutron/api/rpc/callbacks/version_manager.py:119
2018-09-12 05:16:42.895 5999 DEBUG neutron.api.rpc.callbacks.version_manager [req-3d6bd7d6-3cee-44ee-be11-1d294356b820 6bce0e5766c84e1a98c3cb5ccb2e3772 4cff21d35d8b43b9a2a1ce042bb4f9f9 - - -] Version for resource type SecurityGroupRule changed None to 1.0 on consumer Open vSwitch agent@localhost.localdomain _set_version /usr/lib/python2.7/site-packages/neutron/api/rpc/callbacks/version_manager.py:119
2018-09-12 05:16:42.896 5999 DEBUG neutron.api.rpc.callbacks.version_manager [req-3d6bd7d6-3cee-44ee-be11-1d294356b820 6bce0e5766c84e1a98c3cb5ccb2e3772 4cff21d35d8b43b9a2a1ce042bb4f9f9 - - -] Version for resource type Trunk changed None to 1.1 on consumer Open vSwitch agent@localhost.localdomain _set_version /usr/lib/python2.7/site-packages/neutron/api/rpc/callbacks/version_manager.py:119
2018-09-12 05:16:42.897 5999 DEBUG neutron.api.rpc.callbacks.version_manager [req-3d6bd7d6-3cee-44ee-be11-1d294356b820 6bce0e5766c84e1a98c3cb5ccb2e3772 4cff21d35d8b43b9a2a1ce042bb4f9f9 - - -] Version for resource type QosPolicy changed None to 1.6 on consumer Open vSwitch agent@localhost.localdomain _set_version /usr/lib/python2.7/site-packages/neutron/api/rpc/callbacks/version_manager.py:119
2018-09-12 05:16:42.898 5999 DEBUG neutron.api.rpc.callbacks.version_manager [req-3d6bd7d6-3cee-44ee-be11-1d294356b820 6bce0e5766c84e1a98c3cb5ccb2e3772 4cff21d35d8b43b9a2a1ce042bb4f9f9 - - -] Version for resource type Port changed None to 1.1 on consumer Open vSwitch agent@localhost.localdomain _set_version /usr/lib/python2.7/site-packages/neutron/api/rpc/callbacks/version_manager.py:119
2018-09-12 05:16:42.899 5999 DEBUG neutron.api.rpc.callbacks.version_manager [req-3d6bd7d6-3cee-44ee-be11-1d294356b820 6bce0e5766c84e1a98c3cb5ccb2e3772 4cff21d35d8b43b9a2a1ce042bb4f9f9 - - -] Version for resource type Log changed None to 1.0 on consumer Open vSwitch agent@localhost.localdomain _set_version /usr/lib/python2.7/site-packages/neutron/api/rpc/callbacks/version_manager.py:119
2018-09-12 05:16:42.921 5999 DEBUG oslo_concurrency.lockutils [req-3d6bd7d6-3cee-44ee-be11-1d294356b820 6bce0e5766c84e1a98c3cb5ccb2e3772 4cff21d35d8b43b9a2a1ce042bb4f9f9 - - -] Lock "event-dispatch" released by "neutron.plugins.ml2.ovo_rpc.dispatch_events" :: held 0.243s inner /usr/lib/python2.7/site-packages/oslo_concurrency/lockutils.py:282
2018-09-12 05:16:42.956 5999 DEBUG neutron.db.db_base_plugin_v2 [req-3d6bd7d6-3cee-44ee-be11-1d294356b820 6bce0e5766c84e1a98c3cb5ccb2e3772 4cff21d35d8b43b9a2a1ce042bb4f9f9 - default default] Deleting subnet ecef7cef-85f2-4f26-8d12-d722f6853e61 delete_subnet /usr/lib/python2.7/site-packages/neutron/db/db_base_plugin_v2.py:1022
2018-09-12 05:16:42.957 5999 DEBUG neutron_lib.callbacks.manager [req-3d6bd7d6-3cee-44ee-be11-1d294356b820 6bce0e5766c84e1a98c3cb5ccb2e3772 4cff21d35d8b43b9a2a1ce042bb4f9f9 - default default] Notify callbacks [] for subnet, before_delete _notify_loop /usr/lib/python2.7/site-packages/neutron_lib/callbacks/manager.py:167
2018-09-12 05:16:43.287 5999 DEBUG neutron_lib.callbacks.manager [req-3d6bd7d6-3cee-44ee-be11-1d294356b820 6bce0e5766c84e1a98c3cb5ccb2e3772 4cff21d35d8b43b9a2a1ce042bb4f9f9 - default default] Notify callbacks ['neutron.plugins.ml2.plugin.Ml2Plugin._subnet_delete_precommit_handler--9223372036853527658'] for subnet, precommit_delete _notify_loop /usr/lib/python2.7/site-packages/neutron_lib/callbacks/manager.py:167
2018-09-12 05:16:43.704 6010 DEBUG neutron.plugins.ml2.rpc [req-bf56b32b-be84-416e-b3c4-bd2ea50ab947 - - - - -] Device c0fa7d40-7809-425d-bfb4-1221cd3ace29 no longer exists at agent ovs-agent-localhost.localdomain update_device_down /usr/lib/python2.7/site-packages/neutron/plugins/ml2/rpc.py:213
2018-09-12 05:16:43.797 5999 DEBUG neutron_lib.callbacks.manager [req-3d6bd7d6-3cee-44ee-be11-1d294356b820 6bce0e5766c84e1a98c3cb5ccb2e3772 4cff21d35d8b43b9a2a1ce042bb4f9f9 - default default] Notify callbacks ['neutron.api.rpc.agentnotifiers.dhcp_rpc_agent_api.DhcpAgentNotifyAPI._native_event_send_dhcp_notification-1861340', 'neutron.plugins.ml2.ovo_rpc._ObjectChangeHandler.handle_event-2003886', 'neutron.plugins.ml2.plugin.Ml2Plugin._subnet_delete_after_delete_handler-1248158'] for subnet, after_delete _notify_loop /usr/lib/python2.7/site-packages/neutron_lib/callbacks/manager.py:167
2018-09-12 05:16:43.801 6010 DEBUG neutron.plugins.ml2.plugin [req-bf56b32b-be84-416e-b3c4-bd2ea50ab947 - - - - -] No Port match for: c0fa7d40-7809-425d-bfb4-1221cd3ace29 port_bound_to_host /usr/lib/python2.7/site-packages/neutron/plugins/ml2/plugin.py:1806
2018-09-12 05:16:43.802 6010 DEBUG neutron.plugins.ml2.rpc [req-bf56b32b-be84-416e-b3c4-bd2ea50ab947 - - - - -] Device c0fa7d40-7809-425d-bfb4-1221cd3ace29 not bound to the agent host localhost.localdomain update_device_down /usr/lib/python2.7/site-packages/neutron/plugins/ml2/rpc.py:221
2018-09-12 05:16:44.044 6005 DEBUG neutron.api.rpc.handlers.dhcp_rpc [req-56c1a8dd-8ea7-4da0-a8d5-2791bd103d3a - - - - -] Network 2d8c5c8e-c951-4260-805e-b689f0f0222c requested from localhost.localdomain get_network_info /usr/lib/python2.7/site-packages/neutron/api/rpc/handlers/dhcp_rpc.py:199
2018-09-12 05:16:44.065 5999 DEBUG oslo_concurrency.lockutils [-] Lock "event-dispatch" acquired by "neutron.plugins.ml2.ovo_rpc.dispatch_events" :: waited 0.000s inner /usr/lib/python2.7/site-packages/oslo_concurrency/lockutils.py:270
2018-09-12 05:16:44.206 6003 INFO neutron.wsgi [req-d2f698d6-e159-48f1-af69-fb6ef2be1cc3 55b191cca8cc468d8e5831144e357a76 4eeeddb45ad446a68ed4de7bd550932a - default default] 10.0.20.20 "GET /v2.0/ports?device_id=c1fcf843-6916-44de-a95e-2fe89cf93a93 HTTP/1.1" status: 200  len: 210 time: 1.3858380
2018-09-12 05:16:44.244 5999 DEBUG neutron.api.rpc.handlers.resources_rpc [req-3d6bd7d6-3cee-44ee-be11-1d294356b820 6bce0e5766c84e1a98c3cb5ccb2e3772 4cff21d35d8b43b9a2a1ce042bb4f9f9 - - -] neutron.api.rpc.handlers.resources_rpc.ResourcesPushRpcApi method push called with arguments (<neutron_lib.context.Context object at 0x7fcf33a4c790>, [Subnet(allocation_pools=<?>,cidr=<?>,created_at=<?>,description=<?>,dns_nameservers=<?>,enable_dhcp=<?>,gateway_ip=<?>,host_routes=<?>,id=ecef7cef-85f2-4f26-8d12-d722f6853e61,ip_version=<?>,ipv6_address_mode=<?>,ipv6_ra_mode=<?>,name=<?>,network_id=<?>,project_id=<?>,revision_number=<?>,segment_id=<?>,service_types=<?>,shared=<?>,subnetpool_id=<?>,updated_at=<?>)], 'deleted') {} wrapper /usr/lib/python2.7/site-packages/oslo_log/helpers.py:66
2018-09-12 05:16:44.287 5999 DEBUG oslo_concurrency.lockutils [req-3d6bd7d6-3cee-44ee-be11-1d294356b820 6bce0e5766c84e1a98c3cb5ccb2e3772 4cff21d35d8b43b9a2a1ce042bb4f9f9 - - -] Lock "event-dispatch" released by "neutron.plugins.ml2.ovo_rpc.dispatch_events" :: held 0.222s inner /usr/lib/python2.7/site-packages/oslo_concurrency/lockutils.py:282
2018-09-12 05:16:44.302 5999 DEBUG neutron_lib.callbacks.manager [req-3d6bd7d6-3cee-44ee-be11-1d294356b820 6bce0e5766c84e1a98c3cb5ccb2e3772 4cff21d35d8b43b9a2a1ce042bb4f9f9 - default default] Notify callbacks ['neutron.plugins.ml2.plugin.Ml2Plugin._network_delete_precommit_handler--9223372036853526702', 'neutron.services.segments.db._delete_segments_for_network--9223363253859399894'] for network, precommit_delete _notify_loop /usr/lib/python2.7/site-packages/neutron_lib/callbacks/manager.py:167
2018-09-12 05:16:44.459 6004 DEBUG neutron.api.rpc.handlers.dhcp_rpc [req-4ebdb1a2-a6b6-461b-8091-08d9f936e6a9 - - - - -] DHCP port deletion for 2d8c5c8e-c951-4260-805e-b689f0f0222c request from localhost.localdomain release_dhcp_port /usr/lib/python2.7/site-packages/neutron/api/rpc/handlers/dhcp_rpc.py:246
2018-09-12 05:16:44.560 5999 DEBUG neutron_lib.callbacks.manager [req-3d6bd7d6-3cee-44ee-be11-1d294356b820 6bce0e5766c84e1a98c3cb5ccb2e3772 4cff21d35d8b43b9a2a1ce042bb4f9f9 - default default] Subscribe: <bound method Plugin._prevent_segment_delete_with_subnet_associated of <neutron.services.segments.plugin.Plugin object at 0x7fcf33c9d110>> segment before_delete subscribe /usr/lib/python2.7/site-packages/neutron_lib/callbacks/manager.py:41
2018-09-12 05:16:44.562 5999 DEBUG neutron_lib.callbacks.manager [req-3d6bd7d6-3cee-44ee-be11-1d294356b820 6bce0e5766c84e1a98c3cb5ccb2e3772 4cff21d35d8b43b9a2a1ce042bb4f9f9 - default default] Subscribe: <bound method NovaSegmentNotifier._notify_host_addition_to_aggregate of <neutron.services.segments.plugin.NovaSegmentNotifier object at 0x7fcf33f23ad0>> segment_host_mapping after_create subscribe /usr/lib/python2.7/site-packages/neutron_lib/callbacks/manager.py:41
2018-09-12 05:16:44.563 5999 DEBUG neutron_lib.callbacks.manager [req-3d6bd7d6-3cee-44ee-be11-1d294356b820 6bce0e5766c84e1a98c3cb5ccb2e3772 4cff21d35d8b43b9a2a1ce042bb4f9f9 - default default] Subscribe: <bound method NovaSegmentNotifier._notify_port_created_or_deleted of <neutron.services.segments.plugin.NovaSegmentNotifier object at 0x7fcf33f23ad0>> port after_create subscribe /usr/lib/python2.7/site-packages/neutron_lib/callbacks/manager.py:41
2018-09-12 05:16:44.564 5999 DEBUG neutron_lib.callbacks.manager [req-3d6bd7d6-3cee-44ee-be11-1d294356b820 6bce0e5766c84e1a98c3cb5ccb2e3772 4cff21d35d8b43b9a2a1ce042bb4f9f9 - default default] Subscribe: <bound method NovaSegmentNotifier._notify_port_created_or_deleted of <neutron.services.segments.plugin.NovaSegmentNotifier object at 0x7fcf33f23ad0>> port after_delete subscribe /usr/lib/python2.7/site-packages/neutron_lib/callbacks/manager.py:41
2018-09-12 05:16:44.565 5999 DEBUG neutron_lib.callbacks.manager [req-3d6bd7d6-3cee-44ee-be11-1d294356b820 6bce0e5766c84e1a98c3cb5ccb2e3772 4cff21d35d8b43b9a2a1ce042bb4f9f9 - default default] Subscribe: <bound method NovaSegmentNotifier._notify_port_updated of <neutron.services.segments.plugin.NovaSegmentNotifier object at 0x7fcf33f23ad0>> port after_update subscribe /usr/lib/python2.7/site-packages/neutron_lib/callbacks/manager.py:41
2018-09-12 05:16:44.567 5999 DEBUG neutron_lib.callbacks.manager [req-3d6bd7d6-3cee-44ee-be11-1d294356b820 6bce0e5766c84e1a98c3cb5ccb2e3772 4cff21d35d8b43b9a2a1ce042bb4f9f9 - default default] Subscribe: <bound method NovaSegmentNotifier._notify_subnet_created of <neutron.services.segments.plugin.NovaSegmentNotifier object at 0x7fcf33f23ad0>> subnet after_create subscribe /usr/lib/python2.7/site-packages/neutron_lib/callbacks/manager.py:41
2018-09-12 05:16:44.568 5999 DEBUG neutron_lib.callbacks.manager [req-3d6bd7d6-3cee-44ee-be11-1d294356b820 6bce0e5766c84e1a98c3cb5ccb2e3772 4cff21d35d8b43b9a2a1ce042bb4f9f9 - default default] Subscribe: <bound method NovaSegmentNotifier._notify_subnet_deleted of <neutron.services.segments.plugin.NovaSegmentNotifier object at 0x7fcf33f23ad0>> subnet after_delete subscribe /usr/lib/python2.7/site-packages/neutron_lib/callbacks/manager.py:41
2018-09-12 05:16:44.569 5999 DEBUG neutron_lib.callbacks.manager [req-3d6bd7d6-3cee-44ee-be11-1d294356b820 6bce0e5766c84e1a98c3cb5ccb2e3772 4cff21d35d8b43b9a2a1ce042bb4f9f9 - default default] Subscribe: <bound method NovaSegmentNotifier._notify_subnet_updated of <neutron.services.segments.plugin.NovaSegmentNotifier object at 0x7fcf33f23ad0>> subnet after_update subscribe /usr/lib/python2.7/site-packages/neutron_lib/callbacks/manager.py:41
2018-09-12 05:16:44.744 5999 DEBUG neutron.services.segments.db [req-3d6bd7d6-3cee-44ee-be11-1d294356b820 6bce0e5766c84e1a98c3cb5ccb2e3772 4cff21d35d8b43b9a2a1ce042bb4f9f9 - default default] neutron.services.segments.plugin.Plugin method get_segments called with arguments (<neutron_lib.context.Context object at 0x7fcf33c9db10>,) {'filters': {'network_id': [u'2d8c5c8e-c951-4260-805e-b689f0f0222c']}} wrapper /usr/lib/python2.7/site-packages/oslo_log/helpers.py:66
2018-09-12 05:16:44.781 5999 DEBUG neutron.services.segments.db [req-3d6bd7d6-3cee-44ee-be11-1d294356b820 6bce0e5766c84e1a98c3cb5ccb2e3772 4cff21d35d8b43b9a2a1ce042bb4f9f9 - default default] neutron.services.segments.plugin.Plugin method delete_segment called with arguments (<neutron_lib.context.Context object at 0x7fcf33c9db10>, 'ff671293-fac5-4997-bd37-b1aa216e23f4') {'for_net_delete': True} wrapper /usr/lib/python2.7/site-packages/oslo_log/helpers.py:66
2018-09-12 05:16:44.782 5999 DEBUG neutron.services.segments.db [req-3d6bd7d6-3cee-44ee-be11-1d294356b820 6bce0e5766c84e1a98c3cb5ccb2e3772 4cff21d35d8b43b9a2a1ce042bb4f9f9 - default default] neutron.services.segments.plugin.Plugin method get_segment called with arguments (<neutron_lib.context.Context object at 0x7fcf33c9db10>, 'ff671293-fac5-4997-bd37-b1aa216e23f4') {} wrapper /usr/lib/python2.7/site-packages/oslo_log/helpers.py:66
2018-09-12 05:16:44.822 5999 DEBUG neutron_lib.callbacks.manager [req-3d6bd7d6-3cee-44ee-be11-1d294356b820 6bce0e5766c84e1a98c3cb5ccb2e3772 4cff21d35d8b43b9a2a1ce042bb4f9f9 - default default] Notify callbacks ['neutron.services.segments.plugin.Plugin._prevent_segment_delete_with_subnet_associated--9223372036847183486', 'neutron.plugins.ml2.db._prevent_segment_delete_with_port_bound-8782995579487'] for segment, before_delete _notify_loop /usr/lib/python2.7/site-packages/neutron_lib/callbacks/manager.py:167
2018-09-12 05:16:44.857 5999 DEBUG neutron_lib.callbacks.manager [req-3d6bd7d6-3cee-44ee-be11-1d294356b820 6bce0e5766c84e1a98c3cb5ccb2e3772 4cff21d35d8b43b9a2a1ce042bb4f9f9 - default default] Notify callbacks ['neutron.plugins.ml2.plugin.Ml2Plugin._handle_segment_change-1250138'] for segment, precommit_delete _notify_loop /usr/lib/python2.7/site-packages/neutron_lib/callbacks/manager.py:167
2018-09-12 05:16:44.863 5999 DEBUG neutron.plugins.ml2.drivers.type_tunnel [req-3d6bd7d6-3cee-44ee-be11-1d294356b820 6bce0e5766c84e1a98c3cb5ccb2e3772 4cff21d35d8b43b9a2a1ce042bb4f9f9 - default default] Releasing vxlan tunnel 66 to pool release_segment /usr/lib/python2.7/site-packages/neutron/plugins/ml2/drivers/type_tunnel.py:322
2018-09-12 05:16:45.206 5999 DEBUG neutron.plugins.ml2.managers [req-3d6bd7d6-3cee-44ee-be11-1d294356b820 6bce0e5766c84e1a98c3cb5ccb2e3772 4cff21d35d8b43b9a2a1ce042bb4f9f9 - default default] Network 2d8c5c8e-c951-4260-805e-b689f0f0222c has no segments _extend_network_dict_provider /usr/lib/python2.7/site-packages/neutron/plugins/ml2/managers.py:237
2018-09-12 05:16:45.223 5999 DEBUG neutron_lib.callbacks.manager [req-3d6bd7d6-3cee-44ee-be11-1d294356b820 6bce0e5766c84e1a98c3cb5ccb2e3772 4cff21d35d8b43b9a2a1ce042bb4f9f9 - default default] Notify callbacks ['neutron.plugins.ml2.plugin.Ml2Plugin._handle_segment_change-1250138'] for segment, after_delete _notify_loop /usr/lib/python2.7/site-packages/neutron_lib/callbacks/manager.py:167
2018-09-12 05:16:45.715 6002 INFO neutron.wsgi [req-841744eb-0c5f-4a65-8b9a-c5fc2da5537f 55b191cca8cc468d8e5831144e357a76 4eeeddb45ad446a68ed4de7bd550932a - default default] 10.0.20.20 "GET /v2.0/ports?device_id=c1fcf843-6916-44de-a95e-2fe89cf93a93 HTTP/1.1" status: 200  len: 210 time: 1.3001878
2018-09-12 05:16:45.936 5999 DEBUG neutron.plugins.ml2.managers [req-3d6bd7d6-3cee-44ee-be11-1d294356b820 6bce0e5766c84e1a98c3cb5ccb2e3772 4cff21d35d8b43b9a2a1ce042bb4f9f9 - default default] Network 2d8c5c8e-c951-4260-805e-b689f0f0222c has no segments _extend_network_dict_provider /usr/lib/python2.7/site-packages/neutron/plugins/ml2/managers.py:237
2018-09-12 05:16:46.153 5999 DEBUG neutron_lib.callbacks.manager [req-3d6bd7d6-3cee-44ee-be11-1d294356b820 6bce0e5766c84e1a98c3cb5ccb2e3772 4cff21d35d8b43b9a2a1ce042bb4f9f9 - default default] Notify callbacks ['neutron.api.rpc.agentnotifiers.dhcp_rpc_agent_api.DhcpAgentNotifyAPI._native_event_send_dhcp_notification-1861340', 'neutron.plugins.ml2.ovo_rpc._ObjectChangeHandler.handle_event-2003942', 'neutron.plugins.ml2.plugin.Ml2Plugin._network_delete_after_delete_handler-1249114'] for network, after_delete _notify_loop /usr/lib/python2.7/site-packages/neutron_lib/callbacks/manager.py:167
2018-09-12 05:16:46.165 5999 DEBUG oslo_concurrency.lockutils [-] Lock "event-dispatch" acquired by "neutron.plugins.ml2.ovo_rpc.dispatch_events" :: waited 0.000s inner /usr/lib/python2.7/site-packages/oslo_concurrency/lockutils.py:270
2018-09-12 05:16:46.201 5999 DEBUG neutron_lib.callbacks.manager [req-3d6bd7d6-3cee-44ee-be11-1d294356b820 6bce0e5766c84e1a98c3cb5ccb2e3772 4cff21d35d8b43b9a2a1ce042bb4f9f9 - default default] Notify callbacks ['neutron.api.rpc.agentnotifiers.dhcp_rpc_agent_api.DhcpAgentNotifyAPI._send_dhcp_notification-1861165'] for network, before_response _notify_loop /usr/lib/python2.7/site-packages/neutron_lib/callbacks/manager.py:167
2018-09-12 05:16:46.215 5999 DEBUG neutron.api.rpc.handlers.resources_rpc [req-3d6bd7d6-3cee-44ee-be11-1d294356b820 6bce0e5766c84e1a98c3cb5ccb2e3772 4cff21d35d8b43b9a2a1ce042bb4f9f9 - - -] neutron.api.rpc.handlers.resources_rpc.ResourcesPushRpcApi method push called with arguments (<neutron_lib.context.Context object at 0x7fcf33eabb90>, [Network(admin_state_up=<?>,availability_zone_hints=<?>,created_at=<?>,description=<?>,dns_domain=<?>,id=2d8c5c8e-c951-4260-805e-b689f0f0222c,mtu=<?>,name=<?>,project_id=<?>,qos_policy_id=None,revision_number=<?>,security=<?>,segments=<?>,shared=False,status=<?>,updated_at=<?>,vlan_transparent=<?>)], 'deleted') {} wrapper /usr/lib/python2.7/site-packages/oslo_log/helpers.py:66
2018-09-12 05:16:46.231 5999 DEBUG oslo_concurrency.lockutils [req-3d6bd7d6-3cee-44ee-be11-1d294356b820 6bce0e5766c84e1a98c3cb5ccb2e3772 4cff21d35d8b43b9a2a1ce042bb4f9f9 - - -] Lock "event-dispatch" released by "neutron.plugins.ml2.ovo_rpc.dispatch_events" :: held 0.066s inner /usr/lib/python2.7/site-packages/oslo_concurrency/lockutils.py:282
2018-09-12 05:16:46.242 5999 DEBUG neutron.quota.resource [req-3d6bd7d6-3cee-44ee-be11-1d294356b820 6bce0e5766c84e1a98c3cb5ccb2e3772 4cff21d35d8b43b9a2a1ce042bb4f9f9 - default default] Persisted dirty status for tenant:870ca4c1f3bf4c1c8a766264505cebf1 on resource:subnet mark_dirty /usr/lib/python2.7/site-packages/neutron/quota/resource.py:207
2018-09-12 05:16:46.251 5999 DEBUG neutron.quota.resource [req-3d6bd7d6-3cee-44ee-be11-1d294356b820 6bce0e5766c84e1a98c3cb5ccb2e3772 4cff21d35d8b43b9a2a1ce042bb4f9f9 - default default] Persisted dirty status for tenant:870ca4c1f3bf4c1c8a766264505cebf1 on resource:network mark_dirty /usr/lib/python2.7/site-packages/neutron/quota/resource.py:207
2018-09-12 05:16:46.270 5999 DEBUG neutron.quota.resource [req-3d6bd7d6-3cee-44ee-be11-1d294356b820 6bce0e5766c84e1a98c3cb5ccb2e3772 4cff21d35d8b43b9a2a1ce042bb4f9f9 - default default] Persisted dirty status for tenant:870ca4c1f3bf4c1c8a766264505cebf1 on resource:port mark_dirty /usr/lib/python2.7/site-packages/neutron/quota/resource.py:207
2018-09-12 05:16:46.278 5999 INFO neutron.wsgi [req-3d6bd7d6-3cee-44ee-be11-1d294356b820 6bce0e5766c84e1a98c3cb5ccb2e3772 4cff21d35d8b43b9a2a1ce042bb4f9f9 - default default] 10.0.20.20 "DELETE /v2.0/networks/2d8c5c8e-c951-4260-805e-b689f0f0222c HTTP/1.1" status: 204  len: 173 time: 5.9985418
2018-09-12 05:16:46.355 5996 DEBUG neutron.wsgi [req-10e70295-542d-4d4a-8998-d7c4a69a460d 23e04251e35a4af8836d799cdbc6c009 4eeeddb45ad446a68ed4de7bd550932a - default default] (5996) timed out ('10.0.20.20', 55130) process_request /usr/lib/python2.7/site-packages/eventlet/wsgi.py:739
2018-09-12 05:16:53.447 6014 DEBUG neutron.db.agents_db [req-3ea323d1-e6af-43e6-8da1-b4ec46c401d2 - - - - -] Agent healthcheck: found 5 active agents agent_health_check /usr/lib/python2.7/site-packages/neutron/db/agents_db.py:281
2018-09-12 05:16:54.451 6010 DEBUG neutron_lib.callbacks.manager [req-f3ac29a8-3240-4d70-9384-3c3bd409b128 - - - - -] Notify callbacks ['neutron.services.segments.db._update_segment_host_mapping_for_agent--9223363253859399909'] for agent, after_update _notify_loop /usr/lib/python2.7/site-packages/neutron_lib/callbacks/manager.py:167
2018-09-12 05:16:55.020 5998 DEBUG neutron.wsgi [-] (5998) accepted ('10.0.20.20', 43442) server /usr/lib/python2.7/site-packages/eventlet/wsgi.py:883
2018-09-12 05:16:55.024 5998 INFO neutron.wsgi [-] 10.0.20.20 "GET / HTTP/1.1" status: 200  len: 252 time: 0.0022209
2018-09-12 05:16:55.619 5998 INFO neutron.api.v2.resource [req-fad86fa9-fac8-4186-bb11-16a7aa43790c 6bce0e5766c84e1a98c3cb5ccb2e3772 4cff21d35d8b43b9a2a1ce042bb4f9f9 - default default] show failed (client error): The resource could not be found.
2018-09-12 05:16:55.621 5998 INFO neutron.wsgi [req-fad86fa9-fac8-4186-bb11-16a7aa43790c 6bce0e5766c84e1a98c3cb5ccb2e3772 4cff21d35d8b43b9a2a1ce042bb4f9f9 - default default] 10.0.20.20 "GET /v2.0/security-groups/tempest-SECURITY_GROUP_SAMPLE-1536743143 HTTP/1.1" status: 404  len: 356 time: 0.5906699
2018-09-12 05:16:56.222 5998 INFO neutron.wsgi [req-ec33daa6-be34-4733-a086-7aa7213afb76 6bce0e5766c84e1a98c3cb5ccb2e3772 4cff21d35d8b43b9a2a1ce042bb4f9f9 - default default] 10.0.20.20 "GET /v2.0/security-groups HTTP/1.1" status: 200  len: 42820 time: 0.5936179
2018-09-12 05:16:56.419 5998 DEBUG neutron_lib.callbacks.manager [req-995ce3dc-d1e1-4868-8183-09a24d7cae80 6bce0e5766c84e1a98c3cb5ccb2e3772 4cff21d35d8b43b9a2a1ce042bb4f9f9 - default default] Notify callbacks [] for security_group, before_delete _notify_loop /usr/lib/python2.7/site-packages/neutron_lib/callbacks/manager.py:167
2018-09-12 05:16:56.475 5998 DEBUG neutron_lib.callbacks.manager [req-995ce3dc-d1e1-4868-8183-09a24d7cae80 6bce0e5766c84e1a98c3cb5ccb2e3772 4cff21d35d8b43b9a2a1ce042bb4f9f9 - default default] Notify callbacks [] for security_group, precommit_delete _notify_loop /usr/lib/python2.7/site-packages/neutron_lib/callbacks/manager.py:167
2018-09-12 05:16:56.574 5998 DEBUG neutron_lib.callbacks.manager [req-995ce3dc-d1e1-4868-8183-09a24d7cae80 6bce0e5766c84e1a98c3cb5ccb2e3772 4cff21d35d8b43b9a2a1ce042bb4f9f9 - default default] Notify callbacks ['neutron.plugins.ml2.ovo_rpc._ObjectChangeHandler.handle_event-2003846'] for security_group, after_delete _notify_loop /usr/lib/python2.7/site-packages/neutron_lib/callbacks/manager.py:167
2018-09-12 05:16:56.586 5998 DEBUG oslo_concurrency.lockutils [-] Lock "event-dispatch" acquired by "neutron.plugins.ml2.ovo_rpc.dispatch_events" :: waited 0.001s inner /usr/lib/python2.7/site-packages/oslo_concurrency/lockutils.py:270
