2018-09-30 13:17:14.737 29542 DEBUG neutron.api.rpc.handlers.resources_rpc [req-0263a4c3-4d6c-4b86-8da5-a2c1668382b0 c6076d0e968d46daaf0fc5019a0f8a15 bd8a53962fd64ffeab7f2932b0e688c5 - - -] neutron.api.rpc.handlers.resources_rpc.ResourcesPushRpcApi method push called with arguments (<neutron_lib.context.Context object at 0x7f4620ba1250>, [Port(admin_state_up=True,allowed_address_pairs=[],binding=PortBinding,binding_levels=[],created_at=2018-09-30T17:17:13Z,data_plane_status=<?>,description='',device_id='PENDING',device_owner='network:floatingip',dhcp_options=[],distributed_binding=None,dns=None,fixed_ips=[IPAllocation],id=359dafdd-3f15-4e04-8d50-ce0adc69d456,mac_address=fa:16:3e:b2:a9:f8,name='',network_id=40fff4bc-a326-419b-b1c1-a7aa26b2d41a,project_id='',qos_policy_id=None,revision_number=3,security=PortSecurity(359dafdd-3f15-4e04-8d50-ce0adc69d456),security_group_ids=set([]),status='N/A',updated_at=2018-09-30T17:17:14Z)], 'updated') {} wrapper /usr/lib/python2.7/site-packages/oslo_log/helpers.py:66
2018-09-30 13:17:14.770 29542 DEBUG neutron.api.rpc.callbacks.version_manager [req-0263a4c3-4d6c-4b86-8da5-a2c1668382b0 c6076d0e968d46daaf0fc5019a0f8a15 bd8a53962fd64ffeab7f2932b0e688c5 - - -] Version for resource type Subnet changed None to 1.0 on consumer Open vSwitch agent@localhost.localdomain _set_version /usr/lib/python2.7/site-packages/neutron/api/rpc/callbacks/version_manager.py:119
2018-09-30 13:17:14.771 29542 DEBUG neutron.api.rpc.callbacks.version_manager [req-0263a4c3-4d6c-4b86-8da5-a2c1668382b0 c6076d0e968d46daaf0fc5019a0f8a15 bd8a53962fd64ffeab7f2932b0e688c5 - - -] Version for resource type Network changed None to 1.0 on consumer Open vSwitch agent@localhost.localdomain _set_version /usr/lib/python2.7/site-packages/neutron/api/rpc/callbacks/version_manager.py:119
2018-09-30 13:17:14.772 29542 DEBUG neutron.api.rpc.callbacks.version_manager [req-0263a4c3-4d6c-4b86-8da5-a2c1668382b0 c6076d0e968d46daaf0fc5019a0f8a15 bd8a53962fd64ffeab7f2932b0e688c5 - - -] Version for resource type SubPort changed None to 1.0 on consumer Open vSwitch agent@localhost.localdomain _set_version /usr/lib/python2.7/site-packages/neutron/api/rpc/callbacks/version_manager.py:119
2018-09-30 13:17:14.772 29542 DEBUG neutron.api.rpc.callbacks.version_manager [req-0263a4c3-4d6c-4b86-8da5-a2c1668382b0 c6076d0e968d46daaf0fc5019a0f8a15 bd8a53962fd64ffeab7f2932b0e688c5 - - -] Version for resource type SecurityGroup changed None to 1.0 on consumer Open vSwitch agent@localhost.localdomain _set_version /usr/lib/python2.7/site-packages/neutron/api/rpc/callbacks/version_manager.py:119
2018-09-30 13:17:14.773 29542 DEBUG neutron.api.rpc.callbacks.version_manager [req-0263a4c3-4d6c-4b86-8da5-a2c1668382b0 c6076d0e968d46daaf0fc5019a0f8a15 bd8a53962fd64ffeab7f2932b0e688c5 - - -] Version for resource type SecurityGroupRule changed None to 1.0 on consumer Open vSwitch agent@localhost.localdomain _set_version /usr/lib/python2.7/site-packages/neutron/api/rpc/callbacks/version_manager.py:119
2018-09-30 13:17:14.774 29542 DEBUG neutron.api.rpc.callbacks.version_manager [req-0263a4c3-4d6c-4b86-8da5-a2c1668382b0 c6076d0e968d46daaf0fc5019a0f8a15 bd8a53962fd64ffeab7f2932b0e688c5 - - -] Version for resource type Trunk changed None to 1.1 on consumer Open vSwitch agent@localhost.localdomain _set_version /usr/lib/python2.7/site-packages/neutron/api/rpc/callbacks/version_manager.py:119
2018-09-30 13:17:14.775 29542 DEBUG neutron.api.rpc.callbacks.version_manager [req-0263a4c3-4d6c-4b86-8da5-a2c1668382b0 c6076d0e968d46daaf0fc5019a0f8a15 bd8a53962fd64ffeab7f2932b0e688c5 - - -] Version for resource type QosPolicy changed None to 1.6 on consumer Open vSwitch agent@localhost.localdomain _set_version /usr/lib/python2.7/site-packages/neutron/api/rpc/callbacks/version_manager.py:119
2018-09-30 13:17:14.776 29542 DEBUG neutron.api.rpc.callbacks.version_manager [req-0263a4c3-4d6c-4b86-8da5-a2c1668382b0 c6076d0e968d46daaf0fc5019a0f8a15 bd8a53962fd64ffeab7f2932b0e688c5 - - -] Version for resource type Port changed None to 1.1 on consumer Open vSwitch agent@localhost.localdomain _set_version /usr/lib/python2.7/site-packages/neutron/api/rpc/callbacks/version_manager.py:119
2018-09-30 13:17:14.777 29542 DEBUG neutron.api.rpc.callbacks.version_manager [req-0263a4c3-4d6c-4b86-8da5-a2c1668382b0 c6076d0e968d46daaf0fc5019a0f8a15 bd8a53962fd64ffeab7f2932b0e688c5 - - -] Version for resource type Log changed None to 1.0 on consumer Open vSwitch agent@localhost.localdomain _set_version /usr/lib/python2.7/site-packages/neutron/api/rpc/callbacks/version_manager.py:119
2018-09-30 13:17:14.811 29542 DEBUG neutron_lib.callbacks.manager [req-0263a4c3-4d6c-4b86-8da5-a2c1668382b0 c6076d0e968d46daaf0fc5019a0f8a15 bd8a53962fd64ffeab7f2932b0e688c5 - default default] Notify callbacks ['neutron.plugins.ml2.plugin.Ml2Plugin._ensure_default_security_group_handler-442431'] for port, before_update _notify_loop /usr/lib/python2.7/site-packages/neutron_lib/callbacks/manager.py:167
2018-09-30 13:17:14.838 29542 DEBUG oslo_concurrency.lockutils [req-0263a4c3-4d6c-4b86-8da5-a2c1668382b0 c6076d0e968d46daaf0fc5019a0f8a15 bd8a53962fd64ffeab7f2932b0e688c5 - - -] Lock "event-dispatch" released by "neutron.plugins.ml2.ovo_rpc.dispatch_events" :: held 0.325s inner /usr/lib/python2.7/site-packages/oslo_concurrency/lockutils.py:282
2018-09-30 13:17:15.526 29542 DEBUG neutron_lib.callbacks.manager [req-0263a4c3-4d6c-4b86-8da5-a2c1668382b0 c6076d0e968d46daaf0fc5019a0f8a15 bd8a53962fd64ffeab7f2932b0e688c5 - default default] Notify callbacks [] for port, precommit_update _notify_loop /usr/lib/python2.7/site-packages/neutron_lib/callbacks/manager.py:167
2018-09-30 13:17:15.538 29542 DEBUG neutron_lib.callbacks.manager [req-0263a4c3-4d6c-4b86-8da5-a2c1668382b0 c6076d0e968d46daaf0fc5019a0f8a15 bd8a53962fd64ffeab7f2932b0e688c5 - default default] Notify callbacks ['neutron.api.rpc.agentnotifiers.dhcp_rpc_agent_api.DhcpAgentNotifyAPI._native_event_send_dhcp_notification-3567530', 'neutron.plugins.ml2.plugin.Ml2Plugin.notify_sg_on_port_change-443544', 'neutron.db.l3_hascheduler_db._notify_l3_agent_ha_port_update-8746199115103', 'neutron.plugins.ml2.ovo_rpc._ObjectChangeHandler.handle_event-3661075', 'neutron.db.l3_dvrscheduler_db._notify_l3_agent_port_update-8746199115028'] for port, after_update _notify_loop /usr/lib/python2.7/site-packages/neutron_lib/callbacks/manager.py:167
2018-09-30 13:17:15.871 29542 DEBUG neutron_lib.callbacks.manager [req-0263a4c3-4d6c-4b86-8da5-a2c1668382b0 c6076d0e968d46daaf0fc5019a0f8a15 bd8a53962fd64ffeab7f2932b0e688c5 - default default] Notify callbacks ['neutron.services.l3_router.l3_router_plugin.L3RouterPlugin._create_dvr_floating_gw_port--9223372036854231651'] for floatingip, after_update _notify_loop /usr/lib/python2.7/site-packages/neutron_lib/callbacks/manager.py:167
2018-09-30 13:17:15.879 29542 DEBUG oslo_concurrency.lockutils [-] Lock "event-dispatch" acquired by "neutron.plugins.ml2.ovo_rpc.dispatch_events" :: waited 0.000s inner /usr/lib/python2.7/site-packages/oslo_concurrency/lockutils.py:270
2018-09-30 13:17:16.021 29542 DEBUG neutron.quota.resource [req-0263a4c3-4d6c-4b86-8da5-a2c1668382b0 c6076d0e968d46daaf0fc5019a0f8a15 bd8a53962fd64ffeab7f2932b0e688c5 - default default] Persisted dirty status for tenant:dc8fb4f5eaf446f1a224fccb767aa4e0 on resource:floatingip mark_dirty /usr/lib/python2.7/site-packages/neutron/quota/resource.py:207
2018-09-30 13:17:16.032 29542 DEBUG neutron.quota.resource [req-0263a4c3-4d6c-4b86-8da5-a2c1668382b0 c6076d0e968d46daaf0fc5019a0f8a15 bd8a53962fd64ffeab7f2932b0e688c5 - default default] Persisted dirty status for tenant: on resource:port mark_dirty /usr/lib/python2.7/site-packages/neutron/quota/resource.py:207
2018-09-30 13:17:16.057 29542 DEBUG neutron_lib.callbacks.manager [req-0263a4c3-4d6c-4b86-8da5-a2c1668382b0 c6076d0e968d46daaf0fc5019a0f8a15 bd8a53962fd64ffeab7f2932b0e688c5 - default default] Notify callbacks ['neutron.notifiers.nova.Notifier._send_nova_notification-15299'] for floatingip, before_response _notify_loop /usr/lib/python2.7/site-packages/neutron_lib/callbacks/manager.py:167
2018-09-30 13:17:16.059 29542 INFO neutron.wsgi [req-0263a4c3-4d6c-4b86-8da5-a2c1668382b0 c6076d0e968d46daaf0fc5019a0f8a15 bd8a53962fd64ffeab7f2932b0e688c5 - default default] 10.0.20.25 "POST /v2.0/floatingips HTTP/1.1" status: 201  len: 674 time: 3.9498341
2018-09-30 13:17:16.061 29542 DEBUG neutron.api.rpc.handlers.resources_rpc [req-0263a4c3-4d6c-4b86-8da5-a2c1668382b0 c6076d0e968d46daaf0fc5019a0f8a15 bd8a53962fd64ffeab7f2932b0e688c5 - - -] neutron.api.rpc.handlers.resources_rpc.ResourcesPushRpcApi method push called with arguments (<neutron_lib.context.Context object at 0x7f46204ade10>, [Port(admin_state_up=True,allowed_address_pairs=[],binding=PortBinding,binding_levels=[],created_at=2018-09-30T17:17:13Z,data_plane_status=<?>,description='',device_id='363d2fb4-015c-4256-b724-167e761e69b8',device_owner='network:floatingip',dhcp_options=[],distributed_binding=None,dns=None,fixed_ips=[IPAllocation],id=359dafdd-3f15-4e04-8d50-ce0adc69d456,mac_address=fa:16:3e:b2:a9:f8,name='',network_id=40fff4bc-a326-419b-b1c1-a7aa26b2d41a,project_id='',qos_policy_id=None,revision_number=4,security=PortSecurity(359dafdd-3f15-4e04-8d50-ce0adc69d456),security_group_ids=set([]),status='N/A',updated_at=2018-09-30T17:17:15Z)], 'updated') {} wrapper /usr/lib/python2.7/site-packages/oslo_log/helpers.py:66
2018-09-30 13:17:16.084 29542 DEBUG oslo_concurrency.lockutils [req-0263a4c3-4d6c-4b86-8da5-a2c1668382b0 c6076d0e968d46daaf0fc5019a0f8a15 bd8a53962fd64ffeab7f2932b0e688c5 - - -] Lock "event-dispatch" released by "neutron.plugins.ml2.ovo_rpc.dispatch_events" :: held 0.205s inner /usr/lib/python2.7/site-packages/oslo_concurrency/lockutils.py:282
2018-09-30 13:17:26.370 29548 DEBUG neutron_lib.callbacks.manager [req-ac6a5bb1-d111-4f17-b25c-5dad8dc5f5c2 - - - - -] Notify callbacks ['neutron.services.segments.db._update_segment_host_mapping_for_agent-8746199476801'] for agent, after_update _notify_loop /usr/lib/python2.7/site-packages/neutron_lib/callbacks/manager.py:167
2018-09-30 13:17:26.390 29545 DEBUG neutron_lib.callbacks.manager [req-a38eced2-2914-4ea8-9dd5-77d0fc5a3166 - - - - -] Notify callbacks ['neutron.services.segments.db._update_segment_host_mapping_for_agent-8746199476801'] for agent, after_update _notify_loop /usr/lib/python2.7/site-packages/neutron_lib/callbacks/manager.py:167
2018-09-30 13:17:26.505 29547 DEBUG neutron_lib.callbacks.manager [req-b628fa00-b401-4ea5-9f6d-c2d3566b3011 - - - - -] Notify callbacks ['neutron.services.segments.db._update_segment_host_mapping_for_agent-8746199476801'] for agent, after_update _notify_loop /usr/lib/python2.7/site-packages/neutron_lib/callbacks/manager.py:167
2018-09-30 13:17:26.978 29553 DEBUG neutron_lib.callbacks.manager [req-c945118c-2661-4889-8d98-3bd3005e70d9 - - - - -] Notify callbacks ['neutron.services.segments.db._update_segment_host_mapping_for_agent-8746199476801'] for agent, after_update _notify_loop /usr/lib/python2.7/site-packages/neutron_lib/callbacks/manager.py:167
2018-09-30 13:17:29.920 29549 DEBUG neutron_lib.callbacks.manager [req-81ecce78-6dee-429b-9bd4-3fc42e491f99 - - - - -] Notify callbacks ['neutron.services.segments.db._update_segment_host_mapping_for_agent-8746199476801'] for agent, after_update _notify_loop /usr/lib/python2.7/site-packages/neutron_lib/callbacks/manager.py:167
2018-09-30 13:17:31.804 29541 INFO neutron.wsgi [req-c9b07c57-7433-4b7a-8b75-84905333f11c c4eb931094214fdbaf8a8374844ac970 dc8fb4f5eaf446f1a224fccb767aa4e0 - 13307c0d2e56408495bebe0b2527a162 13307c0d2e56408495bebe0b2527a162] 10.0.20.25 "GET /v2.0/ports?device_id=fa3dc4ca-7fda-46c9-8034-fc45e4f90709 HTTP/1.1" status: 200  len: 1125 time: 1.3264859
2018-09-30 13:17:31.968 29541 INFO neutron.wsgi [req-792733c6-6d16-4331-920d-9be197381f7c c4eb931094214fdbaf8a8374844ac970 dc8fb4f5eaf446f1a224fccb767aa4e0 - 13307c0d2e56408495bebe0b2527a162 13307c0d2e56408495bebe0b2527a162] 10.0.20.25 "GET /v2.0/security-groups?id=ebdc76a0-8c06-4b60-bf8d-2b219c75b372 HTTP/1.1" status: 200  len: 2118 time: 0.1537480
2018-09-30 13:17:32.366 29541 INFO neutron.wsgi [req-0881a95d-7abe-42e6-afd6-195c76f02045 c4eb931094214fdbaf8a8374844ac970 dc8fb4f5eaf446f1a224fccb767aa4e0 - 13307c0d2e56408495bebe0b2527a162 13307c0d2e56408495bebe0b2527a162] 10.0.20.25 "GET /v2.0/ports?device_owner=compute%3Anova&device_id=fa3dc4ca-7fda-46c9-8034-fc45e4f90709 HTTP/1.1" status: 200  len: 1125 time: 0.1701360
2018-09-30 13:17:32.453 29541 INFO neutron.wsgi [req-6bdfa04a-fef3-4560-9897-7b314914c8d2 c4eb931094214fdbaf8a8374844ac970 dc8fb4f5eaf446f1a224fccb767aa4e0 - 13307c0d2e56408495bebe0b2527a162 13307c0d2e56408495bebe0b2527a162] 10.0.20.25 "GET /v2.0/floatingips?floating_ip_address=172.24.4.5 HTTP/1.1" status: 200  len: 672 time: 0.0775580
2018-09-30 13:17:32.485 29541 DEBUG neutron.api.v2.base [req-46bd878a-4007-4593-907d-660a4762fe7a c4eb931094214fdbaf8a8374844ac970 dc8fb4f5eaf446f1a224fccb767aa4e0 - 13307c0d2e56408495bebe0b2527a162 13307c0d2e56408495bebe0b2527a162] Request body: {u'floatingip': {u'fixed_ip_address': u'11.147.1.11', u'port_id': u'696045c6-8c16-436c-9db2-d9ddce3e0f16'}} prepare_request_body /usr/lib/python2.7/site-packages/neutron/api/v2/base.py:695
2018-09-30 13:17:32.964 29541 DEBUG neutron_lib.callbacks.manager [req-46bd878a-4007-4593-907d-660a4762fe7a c4eb931094214fdbaf8a8374844ac970 dc8fb4f5eaf446f1a224fccb767aa4e0 - 13307c0d2e56408495bebe0b2527a162 13307c0d2e56408495bebe0b2527a162] Notify callbacks ['neutron.services.l3_router.l3_router_plugin.L3RouterPlugin._create_dvr_floating_gw_port--9223372036854231651'] for floatingip, after_update _notify_loop /usr/lib/python2.7/site-packages/neutron_lib/callbacks/manager.py:167
2018-09-30 13:17:33.270 29541 INFO neutron.wsgi [req-3b755a51-a80a-4179-b4d2-0fadb667cea1 6041b01c631d425d829cf96874ce50bf 671ea1986554476bbcaa620e00697d23 - default default] 10.0.20.25 "GET /v2.0/ports?device_id=fa3dc4ca-7fda-46c9-8034-fc45e4f90709 HTTP/1.1" status: 200  len: 1125 time: 0.8411109
2018-09-30 13:17:33.576 29541 INFO neutron.wsgi [req-b4728b49-b013-4d6d-a633-63d2e90baee1 6041b01c631d425d829cf96874ce50bf 671ea1986554476bbcaa620e00697d23 - default default] 10.0.20.25 "GET /v2.0/security-groups?id=ebdc76a0-8c06-4b60-bf8d-2b219c75b372 HTTP/1.1" status: 200  len: 2118 time: 0.2933810
2018-09-30 13:17:33.957 29541 DEBUG neutron.scheduler.l3_agent_scheduler [req-46bd878a-4007-4593-907d-660a4762fe7a c4eb931094214fdbaf8a8374844ac970 dc8fb4f5eaf446f1a224fccb767aa4e0 - 13307c0d2e56408495bebe0b2527a162 13307c0d2e56408495bebe0b2527a162] Router fbf29f3f-667b-4525-800d-38b9aec22e4a has already been hosted by L3 agent 4ac0ebe3-010d-4960-b1cd-6ee5ff761291 _get_candidates /usr/lib/python2.7/site-packages/neutron/scheduler/l3_agent_scheduler.py:141
2018-09-30 13:17:34.544 29541 DEBUG neutron.api.rpc.agentnotifiers.l3_rpc_agent_api [req-46bd878a-4007-4593-907d-660a4762fe7a c4eb931094214fdbaf8a8374844ac970 dc8fb4f5eaf446f1a224fccb767aa4e0 - 13307c0d2e56408495bebe0b2527a162 13307c0d2e56408495bebe0b2527a162] Notify agent at l3_agent.localhost.localdomain the message routers_updated _agent_notification /usr/lib/python2.7/site-packages/neutron/api/rpc/agentnotifiers/l3_rpc_agent_api.py:69
2018-09-30 13:17:34.572 29541 DEBUG neutron_lib.callbacks.manager [req-46bd878a-4007-4593-907d-660a4762fe7a c4eb931094214fdbaf8a8374844ac970 dc8fb4f5eaf446f1a224fccb767aa4e0 - 13307c0d2e56408495bebe0b2527a162 13307c0d2e56408495bebe0b2527a162] Notify callbacks ['neutron.notifiers.nova.Notifier._send_nova_notification-15299'] for floatingip, before_response _notify_loop /usr/lib/python2.7/site-packages/neutron_lib/callbacks/manager.py:167
2018-09-30 13:17:34.595 29550 DEBUG neutron.db.l3_hamode_db [req-34d15d6c-74e5-43a7-b72d-2ca3da747933 - - - - -] neutron.services.l3_router.l3_router_plugin.L3RouterPlugin method get_ha_sync_data_for_host called with arguments (<neutron_lib.context.Context object at 0x7f4620ce3f90>, u'localhost.localdomain', <neutron.db.models.agent.Agent[object at 7f4621105350] {id=u'4ac0ebe3-010d-4960-b1cd-6ee5ff761291', agent_type=u'L3 agent', binary=u'neutron-l3-agent', topic=u'l3_agent', host=u'localhost.localdomain', availability_zone=u'nova', admin_state_up=True, created_at=datetime.datetime(2018, 9, 11, 21, 26, 19), started_at=datetime.datetime(2018, 9, 30, 16, 53, 56), heartbeat_timestamp=datetime.datetime(2018, 9, 30, 17, 17, 26), description=None, configurations=u'{"agent_mode": "legacy", "gateway_external_network_id": "", "handle_internal_only_routers": true, "routers": 2, "interfaces": 2, "floating_ips": 0, "interface_driver": "neutron.agent.linux.interface.OVSInterfaceDriver", "log_agent_heartbeats": false, "external_network_bridge": "", "ex_gw_ports": 2}', resource_versions=None, load=0}>) {'active': True, 'router_ids': ['fbf29f3f-667b-4525-800d-38b9aec22e4a']} wrapper /usr/lib/python2.7/site-packages/oslo_log/helpers.py:66
2018-09-30 13:17:34.674 29541 INFO neutron.wsgi [req-46bd878a-4007-4593-907d-660a4762fe7a c4eb931094214fdbaf8a8374844ac970 dc8fb4f5eaf446f1a224fccb767aa4e0 - 13307c0d2e56408495bebe0b2527a162 13307c0d2e56408495bebe0b2527a162] 10.0.20.25 "PUT /v2.0/floatingips/363d2fb4-015c-4256-b724-167e761e69b8 HTTP/1.1" status: 200  len: 746 time: 2.2100708
2018-09-30 13:17:34.676 29541 DEBUG oslo_concurrency.lockutils [-] Lock "notifier-fe8f95ab-a26b-478e-95b1-4a26c7887303" acquired by "neutron.notifiers.batch_notifier.synced_send" :: waited 0.000s inner /usr/lib/python2.7/site-packages/oslo_concurrency/lockutils.py:270
2018-09-30 13:17:34.676 29541 DEBUG neutron.notifiers.nova [-] Sending events: [{'tag': u'696045c6-8c16-436c-9db2-d9ddce3e0f16', 'name': 'network-changed', 'server_uuid': u'fa3dc4ca-7fda-46c9-8034-fc45e4f90709'}] send_events /usr/lib/python2.7/site-packages/neutron/notifiers/nova.py:242
2018-09-30 13:17:34.680 29541 DEBUG novaclient.v2.client [-] REQ: curl -g -i -X POST http://10.0.20.25:8774/v2.1/671ea1986554476bbcaa620e00697d23/os-server-external-events -H "User-Agent: python-novaclient" -H "Content-Type: application/json" -H "Accept: application/json" -H "X-OpenStack-Nova-API-Version: 2.1" -H "X-Auth-Token: {SHA1}9de15a61370fa499d363e09a09b9c41f309d52d7" -d '{"events": [{"tag": "696045c6-8c16-436c-9db2-d9ddce3e0f16", "name": "network-changed", "server_uuid": "fa3dc4ca-7fda-46c9-8034-fc45e4f90709"}]}' _http_log_request /usr/lib/python2.7/site-packages/keystoneauth1/session.py:375
2018-09-30 13:17:35.063 29542 INFO neutron.wsgi [req-bd3acf01-4b6d-4616-843b-4e1dbf2b2dc0 6041b01c631d425d829cf96874ce50bf 671ea1986554476bbcaa620e00697d23 - default default] 10.0.20.25 "GET /v2.0/ports?device_id=fa3dc4ca-7fda-46c9-8034-fc45e4f90709 HTTP/1.1" status: 200  len: 1125 time: 0.7777100
2018-09-30 13:17:35.072 29542 INFO neutron.wsgi [req-7260bf26-c288-45a7-b38a-b38ab098b61c bae51265fb0f4505a811a9fab7e142f1 671ea1986554476bbcaa620e00697d23 - default default] 10.0.20.25 "GET /v2.0/ports?device_id=fa3dc4ca-7fda-46c9-8034-fc45e4f90709 HTTP/1.1" status: 200  len: 1125 time: 0.7591381
2018-09-30 13:17:35.235 29542 INFO neutron.wsgi [req-e7759d54-45dc-4929-9346-3699c9bb9efd 6041b01c631d425d829cf96874ce50bf 671ea1986554476bbcaa620e00697d23 - default default] 10.0.20.25 "GET /v2.0/security-groups?id=ebdc76a0-8c06-4b60-bf8d-2b219c75b372 HTTP/1.1" status: 200  len: 2118 time: 0.1601970
2018-09-30 13:17:35.339 29541 DEBUG novaclient.v2.client [-] RESP: [200] Content-Length: 179 Content-Type: application/json Openstack-Api-Version: compute 2.1 X-Openstack-Nova-Api-Version: 2.1 Vary: OpenStack-API-Version, X-OpenStack-Nova-API-Version X-Openstack-Request-Id: req-a8834ded-7f8e-43bd-9e68-82ada65acffa X-Compute-Request-Id: req-a8834ded-7f8e-43bd-9e68-82ada65acffa Date: Sun, 30 Sep 2018 17:17:35 GMT Connection: keep-alive 
RESP BODY: {"events": [{"status": "completed", "tag": "696045c6-8c16-436c-9db2-d9ddce3e0f16", "name": "network-changed", "server_uuid": "fa3dc4ca-7fda-46c9-8034-fc45e4f90709", "code": 200}]}
 _http_log_response /usr/lib/python2.7/site-packages/keystoneauth1/session.py:423
2018-09-30 13:17:35.340 29541 DEBUG novaclient.v2.client [-] POST call to compute for http://10.0.20.25:8774/v2.1/671ea1986554476bbcaa620e00697d23/os-server-external-events used request id req-a8834ded-7f8e-43bd-9e68-82ada65acffa request /usr/lib/python2.7/site-packages/keystoneauth1/session.py:727
2018-09-30 13:17:35.359 29541 INFO neutron.notifiers.nova [-] Nova event response: {u'status': u'completed', u'tag': u'696045c6-8c16-436c-9db2-d9ddce3e0f16', u'name': u'network-changed', u'server_uuid': u'fa3dc4ca-7fda-46c9-8034-fc45e4f90709', u'code': 200}
2018-09-30 13:17:35.369 29550 DEBUG neutron.db.l3_hamode_db [req-34d15d6c-74e5-43a7-b72d-2ca3da747933 - - - - -] neutron.services.l3_router.l3_router_plugin.L3RouterPlugin method _process_sync_ha_data called with arguments (<neutron_lib.context.Context object at 0x7f4620ce3f90>, [{'status': u'ACTIVE', '_interfaces': [{'status': u'ACTIVE', 'subnets': [{'dns_nameservers': [u'8.8.4.4'], 'ipv6_ra_mode': None, 'gateway_ip': u'11.147.1.1', 'cidr': u'11.147.1.0/24', 'id': u'0096e71b-0861-4ade-bdec-a3009e62cd69', 'subnetpool_id': None}], 'binding:host_id': u'localhost.localdomain', 'description': u'', 'allowed_address_pairs': [], 'tags': [], 'extra_dhcp_opts': [], 'updated_at': '2018-09-30T17:16:13Z', 'device_owner': u'network:router_interface', 'revision_number': 7, 'port_security_enabled': False, 'binding:profile': {}, 'mtu': 1450, 'fixed_ips': [{'subnet_id': u'0096e71b-0861-4ade-bdec-a3009e62cd69', 'prefixlen': 24, 'ip_address': u'11.147.1.1'}], 'id': u'ea82cc9c-5bc5-4d10-bc2b-c9c19ff7c562', 'security_groups': [], 'device_id': u'fbf29f3f-667b-4525-800d-38b9aec22e4a', 'name': u'', 'admin_state_up': True, 'network_id': u'd9e2e2c2-61bb-4525-831a-902b344d4c75', 'tenant_id': u'dc8fb4f5eaf446f1a224fccb767aa4e0', 'binding:vif_details': {u'port_filter': True, u'datapath_type': u'system', u'ovs_hybrid_plug': True}, 'address_scopes': {4: None, 6: None}, 'binding:vnic_type': u'normal', 'binding:vif_type': u'ovs', 'mac_address': u'fa:16:3e:d9:52:88', 'project_id': u'dc8fb4f5eaf446f1a224fccb767aa4e0', 'extra_subnets': [], 'created_at': '2018-09-30T17:16:05Z'}], 'enable_snat': True, 'ha_vr_id': 0, 'description': u'', 'tags': [], 'gw_port': {'status': u'ACTIVE', 'subnets': [{'dns_nameservers': [], 'ipv6_ra_mode': None, 'gateway_ip': u'172.24.4.1', 'cidr': u'172.24.4.0/24', 'id': u'a3f065d6-c694-4228-b2c0-49725a850924', 'subnetpool_id': None}], 'binding:host_id': u'localhost.localdomain', 'description': u'', 'allowed_address_pairs': [], 'tags': [], 'extra_dhcp_opts': [], 'updated_at': '2018-09-30T17:16:27Z', 'device_owner': u'network:router_gateway', 'revision_number': 6, 'port_security_enabled': False, 'binding:profile': {}, 'mtu': 1500, 'fixed_ips': [{'subnet_id': u'a3f065d6-c694-4228-b2c0-49725a850924', 'prefixlen': 24, 'ip_address': u'172.24.4.9'}], 'id': u'2a44da6c-5e58-45e9-a677-75856788f351', 'security_groups': [], 'device_id': u'fbf29f3f-667b-4525-800d-38b9aec22e4a', 'name': u'', 'admin_state_up': True, 'network_id': u'40fff4bc-a326-419b-b1c1-a7aa26b2d41a', 'tenant_id': u'', 'binding:vif_details': {u'port_filter': True, u'datapath_type': u'system', u'ovs_hybrid_plug': True}, 'address_scopes': {4: None, 6: None}, 'binding:vnic_type': u'normal', 'binding:vif_type': u'ovs', 'mac_address': u'fa:16:3e:c1:f4:dd', 'project_id': u'', 'extra_subnets': [], 'created_at': '2018-09-30T17:16:19Z'}, 'updated_at': '2018-09-30T17:16:20Z', 'revision_number': 3, 'ha': False, 'id': u'fbf29f3f-667b-4525-800d-38b9aec22e4a', 'gw_port_host': u'localhost.localdomain', 'external_gateway_info': {'network_id': u'40fff4bc-a326-419b-b1c1-a7aa26b2d41a', 'enable_snat': True, 'external_fixed_ips': [{'subnet_id': u'a3f065d6-c694-4228-b2c0-49725a850924', 'ip_address': u'172.24.4.9'}]}, 'availability_zone_hints': [], 'availability_zones': [u'nova'], 'name': u'tempest-router-1538327566', 'gw_port_id': u'2a44da6c-5e58-45e9-a677-75856788f351', 'admin_state_up': True, 'tenant_id': u'dc8fb4f5eaf446f1a224fccb767aa4e0', 'created_at': '2018-09-30T17:15:43Z', 'distributed': False, 'flavor_id': None, 'routes': [], 'project_id': u'dc8fb4f5eaf446f1a224fccb767aa4e0', '_floatingips': [{'router_id': u'fbf29f3f-667b-4525-800d-38b9aec22e4a', 'status': u'DOWN', 'description': u'', 'tags': [], 'updated_at': '2018-09-30T17:17:32Z', 'dns_domain': '', 'floating_network_id': u'40fff4bc-a326-419b-b1c1-a7aa26b2d41a', 'fixed_ip_address': u'11.147.1.11', 'floating_ip_address': u'172.24.4.5', 'revision_number': 1, 'port_id': u'696045c6-8c16-436c-9db2-d9ddce3e0f16', 'id': u'363d2fb4-015c-4256-b724-167e761e69b8', 'dns_name': '', 'created_at': '2018-09-30T17:17:14Z', 'tenant_id': u'dc8fb4f5eaf446f1a224fccb767aa4e0', 'fixed_ip_address_scope': None, 'project_id': u'dc8fb4f5eaf446f1a224fccb767aa4e0'}]}], u'localhost.localdomain', False) {} wrapper /usr/lib/python2.7/site-packages/oslo_log/helpers.py:66
2018-09-30 13:17:35.377 29550 DEBUG neutron.api.rpc.handlers.l3_rpc [req-34d15d6c-74e5-43a7-b72d-2ca3da747933 - - - - -] Checking router: fbf29f3f-667b-4525-800d-38b9aec22e4a for host: localhost.localdomain _ensure_host_set_on_ports /usr/lib/python2.7/site-packages/neutron/api/rpc/handlers/l3_rpc.py:135
2018-09-30 13:17:35.419 29541 INFO neutron.wsgi [req-4ac345ab-caba-4449-b147-cccf12138646 6041b01c631d425d829cf96874ce50bf 671ea1986554476bbcaa620e00697d23 - default default] 10.0.20.25 "GET /v2.0/ports?tenant_id=dc8fb4f5eaf446f1a224fccb767aa4e0&device_id=fa3dc4ca-7fda-46c9-8034-fc45e4f90709 HTTP/1.1" status: 200  len: 1125 time: 0.7064378
2018-09-30 13:17:35.539 29544 INFO neutron.wsgi [req-9b31dd73-69e2-47ec-9ce4-e72b1f46dcfe 6041b01c631d425d829cf96874ce50bf 671ea1986554476bbcaa620e00697d23 - default default] 10.0.20.25 "GET /v2.0/ports?tenant_id=dc8fb4f5eaf446f1a224fccb767aa4e0&device_id=fa3dc4ca-7fda-46c9-8034-fc45e4f90709 HTTP/1.1" status: 200  len: 1125 time: 0.1573370
2018-09-30 13:17:35.729 29541 DEBUG neutron.pecan_wsgi.hooks.policy_enforcement [req-0bb2f6c6-af05-4567-92d2-c3085ca08a4a 6041b01c631d425d829cf96874ce50bf 671ea1986554476bbcaa620e00697d23 - default default] Attributes excluded by policy engine: [u'vlan_transparent'] _exclude_attributes_by_policy /usr/lib/python2.7/site-packages/neutron/pecan_wsgi/hooks/policy_enforcement.py:256
2018-09-30 13:17:35.732 29541 INFO neutron.wsgi [req-0bb2f6c6-af05-4567-92d2-c3085ca08a4a 6041b01c631d425d829cf96874ce50bf 671ea1986554476bbcaa620e00697d23 - default default] 10.0.20.25 "GET /v2.0/networks?id=d9e2e2c2-61bb-4525-831a-902b344d4c75 HTTP/1.1" status: 200  len: 885 time: 0.3045900
2018-09-30 13:17:35.754 29546 DEBUG neutron.api.rpc.handlers.l3_rpc [req-25603329-6e9f-47b9-8b84-ca3c373e2e60 - - - - -] New status for floating IP 363d2fb4-015c-4256-b724-167e761e69b8: ACTIVE update_floatingip_statuses /usr/lib/python2.7/site-packages/neutron/api/rpc/handlers/l3_rpc.py:252
2018-09-30 13:17:35.798 29541 INFO neutron.wsgi [req-d80a388a-f329-44ea-86e1-6023f5f9c8a2 6041b01c631d425d829cf96874ce50bf 671ea1986554476bbcaa620e00697d23 - default default] 10.0.20.25 "GET /v2.0/floatingips?fixed_ip_address=11.147.1.11&port_id=696045c6-8c16-436c-9db2-d9ddce3e0f16 HTTP/1.1" status: 200  len: 749 time: 0.0592389
2018-09-30 13:17:35.827 29544 DEBUG neutron.pecan_wsgi.hooks.policy_enforcement [req-1a3f90b4-d125-4fb5-8f54-76ba3ba76e79 6041b01c631d425d829cf96874ce50bf 671ea1986554476bbcaa620e00697d23 - default default] Attributes excluded by policy engine: [u'vlan_transparent'] _exclude_attributes_by_policy /usr/lib/python2.7/site-packages/neutron/pecan_wsgi/hooks/policy_enforcement.py:256
2018-09-30 13:17:35.831 29544 INFO neutron.wsgi [req-1a3f90b4-d125-4fb5-8f54-76ba3ba76e79 6041b01c631d425d829cf96874ce50bf 671ea1986554476bbcaa620e00697d23 - default default] 10.0.20.25 "GET /v2.0/networks?id=d9e2e2c2-61bb-4525-831a-902b344d4c75 HTTP/1.1" status: 200  len: 885 time: 0.2810690
2018-09-30 13:17:35.861 29542 INFO neutron.wsgi [req-966a2050-de3e-4073-a7ba-51a5f97eb0bc bae51265fb0f4505a811a9fab7e142f1 671ea1986554476bbcaa620e00697d23 - default default] 10.0.20.25 "GET /v2.0/security-groups?id=ebdc76a0-8c06-4b60-bf8d-2b219c75b372 HTTP/1.1" status: 200  len: 2118 time: 0.7526090
2018-09-30 13:17:35.889 29544 INFO neutron.wsgi [req-d9229bfe-e561-4a02-b1ca-0c23565c2424 6041b01c631d425d829cf96874ce50bf 671ea1986554476bbcaa620e00697d23 - default default] 10.0.20.25 "GET /v2.0/floatingips?fixed_ip_address=11.147.1.11&port_id=696045c6-8c16-436c-9db2-d9ddce3e0f16 HTTP/1.1" status: 200  len: 751 time: 0.0466700
2018-09-30 13:17:35.951 29541 DEBUG neutron.pecan_wsgi.hooks.policy_enforcement [req-390edbfd-9db2-4407-9c67-c7aede904ed7 6041b01c631d425d829cf96874ce50bf 671ea1986554476bbcaa620e00697d23 - default default] Attributes excluded by policy engine: [u'shared'] _exclude_attributes_by_policy /usr/lib/python2.7/site-packages/neutron/pecan_wsgi/hooks/policy_enforcement.py:256
2018-09-30 13:17:35.954 29541 INFO neutron.wsgi [req-390edbfd-9db2-4407-9c67-c7aede904ed7 6041b01c631d425d829cf96874ce50bf 671ea1986554476bbcaa620e00697d23 - default default] 10.0.20.25 "GET /v2.0/subnets?id=0096e71b-0861-4ade-bdec-a3009e62cd69 HTTP/1.1" status: 200  len: 847 time: 0.1404700
2018-09-30 13:17:36.064 29544 DEBUG neutron.pecan_wsgi.hooks.policy_enforcement [req-7f76c10d-81ee-49f0-b647-c4b0d9a23dfa 6041b01c631d425d829cf96874ce50bf 671ea1986554476bbcaa620e00697d23 - default default] Attributes excluded by policy engine: [u'shared', u'segment_id'] _exclude_attributes_by_policy /usr/lib/python2.7/site-packages/neutron/pecan_wsgi/hooks/policy_enforcement.py:256
2018-09-30 13:17:36.067 29544 INFO neutron.wsgi [req-7f76c10d-81ee-49f0-b647-c4b0d9a23dfa 6041b01c631d425d829cf96874ce50bf 671ea1986554476bbcaa620e00697d23 - default default] 10.0.20.25 "GET /v2.0/subnets?id=0096e71b-0861-4ade-bdec-a3009e62cd69 HTTP/1.1" status: 200  len: 847 time: 0.1685088
2018-09-30 13:17:36.081 29541 INFO neutron.wsgi [req-2070b141-05ae-4f2c-b1ae-84f9c9cfaf49 6041b01c631d425d829cf96874ce50bf 671ea1986554476bbcaa620e00697d23 - default default] 10.0.20.25 "GET /v2.0/ports?network_id=d9e2e2c2-61bb-4525-831a-902b344d4c75&device_owner=network%3Adhcp HTTP/1.1" status: 200  len: 1128 time: 0.1196389
2018-09-30 13:17:36.196 29544 INFO neutron.wsgi [req-272f81ba-3ecd-431a-995b-c1f9b3eb28cc 6041b01c631d425d829cf96874ce50bf 671ea1986554476bbcaa620e00697d23 - default default] 10.0.20.25 "GET /v2.0/ports?network_id=d9e2e2c2-61bb-4525-831a-902b344d4c75&device_owner=network%3Adhcp HTTP/1.1" status: 200  len: 1128 time: 0.1225569
2018-09-30 13:17:36.879 29541 INFO neutron.wsgi [req-f36552e6-68b5-48eb-80ff-a9cdcd3e7d40 6041b01c631d425d829cf96874ce50bf 671ea1986554476bbcaa620e00697d23 - default default] 10.0.20.25 "GET /v2.0/ports?device_id=fa3dc4ca-7fda-46c9-8034-fc45e4f90709 HTTP/1.1" status: 200  len: 1125 time: 0.5711160
2018-09-30 13:17:36.956 29541 INFO neutron.wsgi [req-3e2d917d-21dd-4025-9d6d-d8c1ce4f544f 6041b01c631d425d829cf96874ce50bf 671ea1986554476bbcaa620e00697d23 - default default] 10.0.20.25 "GET /v2.0/security-groups?id=ebdc76a0-8c06-4b60-bf8d-2b219c75b372 HTTP/1.1" status: 200  len: 2118 time: 0.0690391
2018-09-30 13:17:37.360 29541 DEBUG oslo_concurrency.lockutils [-] Lock "notifier-fe8f95ab-a26b-478e-95b1-4a26c7887303" released by "neutron.notifiers.batch_notifier.synced_send" :: held 2.685s inner /usr/lib/python2.7/site-packages/oslo_concurrency/lockutils.py:282
2018-09-30 13:17:38.367 29541 INFO neutron.wsgi [req-95abc113-e076-4df4-ae13-667f1d386edd 6041b01c631d425d829cf96874ce50bf 671ea1986554476bbcaa620e00697d23 - default default] 10.0.20.25 "GET /v2.0/ports?device_id=fa3dc4ca-7fda-46c9-8034-fc45e4f90709 HTTP/1.1" status: 200  len: 1125 time: 0.4545269
2018-09-30 13:17:38.513 29541 INFO neutron.wsgi [req-3baa20d3-64d8-415b-9bca-009b18e16128 6041b01c631d425d829cf96874ce50bf 671ea1986554476bbcaa620e00697d23 - default default] 10.0.20.25 "GET /v2.0/security-groups?id=ebdc76a0-8c06-4b60-bf8d-2b219c75b372 HTTP/1.1" status: 200  len: 2118 time: 0.1354969
2018-09-30 13:17:41.194 29541 INFO neutron.wsgi [req-f9474e2b-e238-48dc-9627-93b114737ce7 6041b01c631d425d829cf96874ce50bf 671ea1986554476bbcaa620e00697d23 - default default] 10.0.20.25 "GET /v2.0/ports?device_id=fa3dc4ca-7fda-46c9-8034-fc45e4f90709 HTTP/1.1" status: 200  len: 1125 time: 1.0972440
2018-09-30 13:17:41.350 29541 INFO neutron.wsgi [req-13705631-f79d-459e-9887-33e85820178e 6041b01c631d425d829cf96874ce50bf 671ea1986554476bbcaa620e00697d23 - default default] 10.0.20.25 "GET /v2.0/security-groups?id=ebdc76a0-8c06-4b60-bf8d-2b219c75b372 HTTP/1.1" status: 200  len: 2118 time: 0.1365721
2018-09-30 13:17:42.760 29544 INFO neutron.wsgi [req-f1a64eb4-83c0-43aa-9a39-b86119f3e640 6041b01c631d425d829cf96874ce50bf 671ea1986554476bbcaa620e00697d23 - default default] 10.0.20.25 "GET /v2.0/ports?tenant_id=dc8fb4f5eaf446f1a224fccb767aa4e0&device_id=fa3dc4ca-7fda-46c9-8034-fc45e4f90709 HTTP/1.1" status: 200  len: 1125 time: 0.1299970
2018-09-30 13:17:43.034 29544 DEBUG neutron.pecan_wsgi.hooks.policy_enforcement [req-b18ec4b7-28cc-4390-85a6-321f20c6a1b1 6041b01c631d425d829cf96874ce50bf 671ea1986554476bbcaa620e00697d23 - default default] Attributes excluded by policy engine: [u'vlan_transparent'] _exclude_attributes_by_policy /usr/lib/python2.7/site-packages/neutron/pecan_wsgi/hooks/policy_enforcement.py:256
2018-09-30 13:17:43.038 29544 INFO neutron.wsgi [req-b18ec4b7-28cc-4390-85a6-321f20c6a1b1 6041b01c631d425d829cf96874ce50bf 671ea1986554476bbcaa620e00697d23 - default default] 10.0.20.25 "GET /v2.0/networks?id=d9e2e2c2-61bb-4525-831a-902b344d4c75 HTTP/1.1" status: 200  len: 885 time: 0.2714732
2018-09-30 13:17:43.081 29544 INFO neutron.wsgi [req-d153dde5-92d7-4309-8507-018b9715f88a 6041b01c631d425d829cf96874ce50bf 671ea1986554476bbcaa620e00697d23 - default default] 10.0.20.25 "GET /v2.0/floatingips?fixed_ip_address=11.147.1.11&port_id=696045c6-8c16-436c-9db2-d9ddce3e0f16 HTTP/1.1" status: 200  len: 751 time: 0.0339749
2018-09-30 13:17:43.201 29544 DEBUG neutron.pecan_wsgi.hooks.policy_enforcement [req-c8066e70-ec2c-4b93-b42e-5262304971bf 6041b01c631d425d829cf96874ce50bf 671ea1986554476bbcaa620e00697d23 - default default] Attributes excluded by policy engine: [u'shared', u'segment_id'] _exclude_attributes_by_policy /usr/lib/python2.7/site-packages/neutron/pecan_wsgi/hooks/policy_enforcement.py:256
2018-09-30 13:17:43.205 29544 INFO neutron.wsgi [req-c8066e70-ec2c-4b93-b42e-5262304971bf 6041b01c631d425d829cf96874ce50bf 671ea1986554476bbcaa620e00697d23 - default default] 10.0.20.25 "GET /v2.0/subnets?id=0096e71b-0861-4ade-bdec-a3009e62cd69 HTTP/1.1" status: 200  len: 847 time: 0.1183059
2018-09-30 13:17:43.325 29544 INFO neutron.wsgi [req-a82b2ff3-5149-4114-83dc-7b2467d55e80 6041b01c631d425d829cf96874ce50bf 671ea1986554476bbcaa620e00697d23 - default default] 10.0.20.25 "GET /v2.0/ports?network_id=d9e2e2c2-61bb-4525-831a-902b344d4c75&device_owner=network%3Adhcp HTTP/1.1" status: 200  len: 1128 time: 0.1128120
2018-09-30 13:17:43.871 29542 INFO neutron.wsgi [req-e0697b13-1137-4229-9590-ba79d251809e bae51265fb0f4505a811a9fab7e142f1 671ea1986554476bbcaa620e00697d23 - default default] 10.0.20.25 "GET /v2.0/ports?device_id=fa3dc4ca-7fda-46c9-8034-fc45e4f90709 HTTP/1.1" status: 200  len: 1125 time: 0.8090951
2018-09-30 13:17:43.969 29542 INFO neutron.wsgi [req-d6eb19aa-766b-4d3b-b0cd-ef9b0a27fb72 bae51265fb0f4505a811a9fab7e142f1 671ea1986554476bbcaa620e00697d23 - default default] 10.0.20.25 "GET /v2.0/security-groups?id=ebdc76a0-8c06-4b60-bf8d-2b219c75b372 HTTP/1.1" status: 200  len: 2118 time: 0.0937979
2018-09-30 13:17:44.630 29539 INFO neutron.wsgi [req-a10a3ac1-8bfe-4625-a825-dfac3cb82ee6 6041b01c631d425d829cf96874ce50bf 671ea1986554476bbcaa620e00697d23 - default default] 10.0.20.25 "GET /v2.0/ports?device_id=fa3dc4ca-7fda-46c9-8034-fc45e4f90709 HTTP/1.1" status: 200  len: 1125 time: 0.7675488
2018-09-30 13:17:44.752 29539 INFO neutron.wsgi [req-6894fce7-9a6f-4af6-870c-bd3f1791b369 6041b01c631d425d829cf96874ce50bf 671ea1986554476bbcaa620e00697d23 - default default] 10.0.20.25 "GET /v2.0/security-groups?id=ebdc76a0-8c06-4b60-bf8d-2b219c75b372 HTTP/1.1" status: 200  len: 2118 time: 0.1136930
2018-09-30 13:17:47.039 29541 INFO neutron.wsgi [req-f4c70460-c0af-4708-871e-07a72bb2d100 c4eb931094214fdbaf8a8374844ac970 dc8fb4f5eaf446f1a224fccb767aa4e0 - 13307c0d2e56408495bebe0b2527a162 13307c0d2e56408495bebe0b2527a162] 10.0.20.25 "GET /v2.0/ports?device_id=fa3dc4ca-7fda-46c9-8034-fc45e4f90709 HTTP/1.1" status: 200  len: 1125 time: 0.4226382
2018-09-30 13:17:47.193 29541 INFO neutron.wsgi [req-a0e010cc-8395-48e0-ae07-479240349b85 c4eb931094214fdbaf8a8374844ac970 dc8fb4f5eaf446f1a224fccb767aa4e0 - 13307c0d2e56408495bebe0b2527a162 13307c0d2e56408495bebe0b2527a162] 10.0.20.25 "GET /v2.0/security-groups?id=ebdc76a0-8c06-4b60-bf8d-2b219c75b372 HTTP/1.1" status: 200  len: 2118 time: 0.1450441
2018-09-30 13:17:50.120 29555 DEBUG neutron.db.agents_db [req-b4a92090-8dfd-43bf-b003-7ee6adc89e93 - - - - -] Agent healthcheck: found 5 active agents agent_health_check /usr/lib/python2.7/site-packages/neutron/db/agents_db.py:281
2018-09-30 13:17:56.364 29546 DEBUG neutron_lib.callbacks.manager [req-f71fd8ef-bb83-4d83-a46a-ca8d270ab208 - - - - -] Notify callbacks ['neutron.services.segments.db._update_segment_host_mapping_for_agent-8746199476801'] for agent, after_update _notify_loop /usr/lib/python2.7/site-packages/neutron_lib/callbacks/manager.py:167
2018-09-30 13:17:56.372 29550 DEBUG neutron_lib.callbacks.manager [req-a38eced2-2914-4ea8-9dd5-77d0fc5a3166 - - - - -] Notify callbacks ['neutron.services.segments.db._update_segment_host_mapping_for_agent-8746199476801'] for agent, after_update _notify_loop /usr/lib/python2.7/site-packages/neutron_lib/callbacks/manager.py:167
2018-09-30 13:17:56.491 29552 DEBUG neutron_lib.callbacks.manager [req-b628fa00-b401-4ea5-9f6d-c2d3566b3011 - - - - -] Notify callbacks ['neutron.services.segments.db._update_segment_host_mapping_for_agent-8746199476801'] for agent, after_update _notify_loop /usr/lib/python2.7/site-packages/neutron_lib/callbacks/manager.py:167
2018-09-30 13:17:56.977 29551 DEBUG neutron_lib.callbacks.manager [req-696aece2-09d5-4b90-a521-49088d04efa8 - - - - -] Notify callbacks ['neutron.services.segments.db._update_segment_host_mapping_for_agent-8746199476801'] for agent, after_update _notify_loop /usr/lib/python2.7/site-packages/neutron_lib/callbacks/manager.py:167
2018-09-30 13:17:59.904 29548 DEBUG neutron_lib.callbacks.manager [req-81ecce78-6dee-429b-9bd4-3fc42e491f99 - - - - -] Notify callbacks ['neutron.services.segments.db._update_segment_host_mapping_for_agent-8746199476801'] for agent, after_update _notify_loop /usr/lib/python2.7/site-packages/neutron_lib/callbacks/manager.py:167
2018-09-30 13:18:08.478 29542 INFO neutron.wsgi [req-aeb91b5d-a50f-4548-96f3-32b88cb581d4 c4eb931094214fdbaf8a8374844ac970 dc8fb4f5eaf446f1a224fccb767aa4e0 - 13307c0d2e56408495bebe0b2527a162 13307c0d2e56408495bebe0b2527a162] 10.0.20.25 "GET /v2.0/ports?device_id=fa3dc4ca-7fda-46c9-8034-fc45e4f90709 HTTP/1.1" status: 200  len: 1125 time: 0.6729538
2018-09-30 13:18:08.607 29542 INFO neutron.wsgi [req-cfe31566-1f0f-4ad1-b326-d681841eb1b2 c4eb931094214fdbaf8a8374844ac970 dc8fb4f5eaf446f1a224fccb767aa4e0 - 13307c0d2e56408495bebe0b2527a162 13307c0d2e56408495bebe0b2527a162] 10.0.20.25 "GET /v2.0/security-groups?id=ebdc76a0-8c06-4b60-bf8d-2b219c75b372 HTTP/1.1" status: 200  len: 2118 time: 0.1232760
2018-09-30 13:18:23.160 29541 INFO neutron.wsgi [req-2b16f322-314c-40bc-b0ce-36494948d9e1 c4eb931094214fdbaf8a8374844ac970 dc8fb4f5eaf446f1a224fccb767aa4e0 - 13307c0d2e56408495bebe0b2527a162 13307c0d2e56408495bebe0b2527a162] 10.0.20.25 "GET /v2.0/ports?device_id=fa3dc4ca-7fda-46c9-8034-fc45e4f90709 HTTP/1.1" status: 200  len: 1125 time: 0.7192080
2018-09-30 13:18:23.288 29541 INFO neutron.wsgi [req-ade72862-38e8-42c7-9980-0780b08f25bf c4eb931094214fdbaf8a8374844ac970 dc8fb4f5eaf446f1a224fccb767aa4e0 - 13307c0d2e56408495bebe0b2527a162 13307c0d2e56408495bebe0b2527a162] 10.0.20.25 "GET /v2.0/security-groups?id=ebdc76a0-8c06-4b60-bf8d-2b219c75b372 HTTP/1.1" status: 200  len: 2118 time: 0.1204839
2018-09-30 13:18:26.363 29545 DEBUG neutron_lib.callbacks.manager [req-2ab4bfb6-35e1-4463-b4b4-5c8c5fd26525 - - - - -] Notify callbacks ['neutron.services.segments.db._update_segment_host_mapping_for_agent-8746199476801'] for agent, after_update _notify_loop /usr/lib/python2.7/site-packages/neutron_lib/callbacks/manager.py:167
2018-09-30 13:18:26.372 29547 DEBUG neutron_lib.callbacks.manager [req-a38eced2-2914-4ea8-9dd5-77d0fc5a3166 - - - - -] Notify callbacks ['neutron.services.segments.db._update_segment_host_mapping_for_agent-8746199476801'] for agent, after_update _notify_loop /usr/lib/python2.7/site-packages/neutron_lib/callbacks/manager.py:167
2018-09-30 13:18:26.515 29553 DEBUG neutron_lib.callbacks.manager [req-b628fa00-b401-4ea5-9f6d-c2d3566b3011 - - - - -] Notify callbacks ['neutron.services.segments.db._update_segment_host_mapping_for_agent-8746199476801'] for agent, after_update _notify_loop /usr/lib/python2.7/site-packages/neutron_lib/callbacks/manager.py:167
2018-09-30 13:18:26.963 29549 DEBUG neutron_lib.callbacks.manager [req-c2f9ba8d-622b-40c4-b8c9-be9783a58c17 - - - - -] Notify callbacks ['neutron.services.segments.db._update_segment_host_mapping_for_agent-8746199476801'] for agent, after_update _notify_loop /usr/lib/python2.7/site-packages/neutron_lib/callbacks/manager.py:167
2018-09-30 13:18:27.129 29555 DEBUG neutron.db.agents_db [req-b4a92090-8dfd-43bf-b003-7ee6adc89e93 - - - - -] Agent healthcheck: found 5 active agents agent_health_check /usr/lib/python2.7/site-packages/neutron/db/agents_db.py:281
2018-09-30 13:18:29.905 29546 DEBUG neutron_lib.callbacks.manager [req-81ecce78-6dee-429b-9bd4-3fc42e491f99 - - - - -] Notify callbacks ['neutron.services.segments.db._update_segment_host_mapping_for_agent-8746199476801'] for agent, after_update _notify_loop /usr/lib/python2.7/site-packages/neutron_lib/callbacks/manager.py:167
2018-09-30 13:18:40.734 29542 INFO neutron.wsgi [req-fa503e1e-f27d-4d6d-bc94-0142dfda233c c4eb931094214fdbaf8a8374844ac970 dc8fb4f5eaf446f1a224fccb767aa4e0 - 13307c0d2e56408495bebe0b2527a162 13307c0d2e56408495bebe0b2527a162] 10.0.20.25 "GET /v2.0/ports?device_id=fa3dc4ca-7fda-46c9-8034-fc45e4f90709 HTTP/1.1" status: 200  len: 1125 time: 0.7694190
2018-09-30 13:18:40.952 29542 INFO neutron.wsgi [req-26ae82c4-2d76-4ea5-8c08-8d816ee4f3dd c4eb931094214fdbaf8a8374844ac970 dc8fb4f5eaf446f1a224fccb767aa4e0 - 13307c0d2e56408495bebe0b2527a162 13307c0d2e56408495bebe0b2527a162] 10.0.20.25 "GET /v2.0/security-groups?id=ebdc76a0-8c06-4b60-bf8d-2b219c75b372 HTTP/1.1" status: 200  len: 2118 time: 0.2062840
2018-09-30 13:18:43.027 29544 INFO neutron.wsgi [req-b7545fcf-7d3f-4838-bb31-b3a0c47e0677 6041b01c631d425d829cf96874ce50bf 671ea1986554476bbcaa620e00697d23 - default default] 10.0.20.25 "GET /v2.0/ports?tenant_id=dc8fb4f5eaf446f1a224fccb767aa4e0&device_id=fa3dc4ca-7fda-46c9-8034-fc45e4f90709 HTTP/1.1" status: 200  len: 1125 time: 0.1971579
2018-09-30 13:18:43.363 29544 DEBUG neutron.pecan_wsgi.hooks.policy_enforcement [req-086cb08b-7131-47b1-afe8-11468289c34c 6041b01c631d425d829cf96874ce50bf 671ea1986554476bbcaa620e00697d23 - default default] Attributes excluded by policy engine: [u'vlan_transparent'] _exclude_attributes_by_policy /usr/lib/python2.7/site-packages/neutron/pecan_wsgi/hooks/policy_enforcement.py:256
2018-09-30 13:18:43.368 29544 INFO neutron.wsgi [req-086cb08b-7131-47b1-afe8-11468289c34c 6041b01c631d425d829cf96874ce50bf 671ea1986554476bbcaa620e00697d23 - default default] 10.0.20.25 "GET /v2.0/networks?id=d9e2e2c2-61bb-4525-831a-902b344d4c75 HTTP/1.1" status: 200  len: 885 time: 0.3296502
2018-09-30 13:18:43.435 29544 INFO neutron.wsgi [req-71fe2091-9f18-44e0-9775-8db18188b1d6 6041b01c631d425d829cf96874ce50bf 671ea1986554476bbcaa620e00697d23 - default default] 10.0.20.25 "GET /v2.0/floatingips?fixed_ip_address=11.147.1.11&port_id=696045c6-8c16-436c-9db2-d9ddce3e0f16 HTTP/1.1" status: 200  len: 751 time: 0.0578620
2018-09-30 13:18:43.624 29544 DEBUG neutron.pecan_wsgi.hooks.policy_enforcement [req-43df13b1-6432-4c5e-a358-ed6277f41c10 6041b01c631d425d829cf96874ce50bf 671ea1986554476bbcaa620e00697d23 - default default] Attributes excluded by policy engine: [u'shared', u'segment_id'] _exclude_attributes_by_policy /usr/lib/python2.7/site-packages/neutron/pecan_wsgi/hooks/policy_enforcement.py:256
2018-09-30 13:18:43.627 29544 INFO neutron.wsgi [req-43df13b1-6432-4c5e-a358-ed6277f41c10 6041b01c631d425d829cf96874ce50bf 671ea1986554476bbcaa620e00697d23 - default default] 10.0.20.25 "GET /v2.0/subnets?id=0096e71b-0861-4ade-bdec-a3009e62cd69 HTTP/1.1" status: 200  len: 847 time: 0.1799638
2018-09-30 13:18:43.787 29544 INFO neutron.wsgi [req-d0434df4-5647-4a4d-ae69-76f998b27f52 6041b01c631d425d829cf96874ce50bf 671ea1986554476bbcaa620e00697d23 - default default] 10.0.20.25 "GET /v2.0/ports?network_id=d9e2e2c2-61bb-4525-831a-902b344d4c75&device_owner=network%3Adhcp HTTP/1.1" status: 200  len: 1128 time: 0.1507292
2018-09-30 13:18:52.748 29543 INFO neutron.wsgi [req-333936bf-4a9f-4807-ba38-486b188b4e80 c4eb931094214fdbaf8a8374844ac970 dc8fb4f5eaf446f1a224fccb767aa4e0 - 13307c0d2e56408495bebe0b2527a162 13307c0d2e56408495bebe0b2527a162] 10.0.20.25 "GET /v2.0/ports?device_id=fa3dc4ca-7fda-46c9-8034-fc45e4f90709 HTTP/1.1" status: 200  len: 1125 time: 1.1448510
2018-09-30 13:18:52.873 29543 INFO neutron.wsgi [req-35342381-cf39-455d-9a1f-426f48040f24 c4eb931094214fdbaf8a8374844ac970 dc8fb4f5eaf446f1a224fccb767aa4e0 - 13307c0d2e56408495bebe0b2527a162 13307c0d2e56408495bebe0b2527a162] 10.0.20.25 "GET /v2.0/security-groups?id=ebdc76a0-8c06-4b60-bf8d-2b219c75b372 HTTP/1.1" status: 200  len: 2118 time: 0.1169090
2018-09-30 13:18:56.394 29550 DEBUG neutron_lib.callbacks.manager [req-3deb0bcd-0ce9-4527-a0d9-4ebc41d81c49 - - - - -] Notify callbacks ['neutron.services.segments.db._update_segment_host_mapping_for_agent-8746199476801'] for agent, after_update _notify_loop /usr/lib/python2.7/site-packages/neutron_lib/callbacks/manager.py:167
2018-09-30 13:18:56.416 29552 DEBUG neutron_lib.callbacks.manager [req-a38eced2-2914-4ea8-9dd5-77d0fc5a3166 - - - - -] Notify callbacks ['neutron.services.segments.db._update_segment_host_mapping_for_agent-8746199476801'] for agent, after_update _notify_loop /usr/lib/python2.7/site-packages/neutron_lib/callbacks/manager.py:167
2018-09-30 13:18:56.511 29551 DEBUG neutron_lib.callbacks.manager [req-b628fa00-b401-4ea5-9f6d-c2d3566b3011 - - - - -] Notify callbacks ['neutron.services.segments.db._update_segment_host_mapping_for_agent-8746199476801'] for agent, after_update _notify_loop /usr/lib/python2.7/site-packages/neutron_lib/callbacks/manager.py:167
2018-09-30 13:18:56.986 29548 DEBUG neutron_lib.callbacks.manager [req-2811ef5f-8358-4cde-b2c6-72d520eeb1c9 - - - - -] Notify callbacks ['neutron.services.segments.db._update_segment_host_mapping_for_agent-8746199476801'] for agent, after_update _notify_loop /usr/lib/python2.7/site-packages/neutron_lib/callbacks/manager.py:167
2018-09-30 13:18:59.916 29545 DEBUG neutron_lib.callbacks.manager [req-81ecce78-6dee-429b-9bd4-3fc42e491f99 - - - - -] Notify callbacks ['neutron.services.segments.db._update_segment_host_mapping_for_agent-8746199476801'] for agent, after_update _notify_loop /usr/lib/python2.7/site-packages/neutron_lib/callbacks/manager.py:167
2018-09-30 13:19:04.133 29555 DEBUG neutron.db.agents_db [req-b4a92090-8dfd-43bf-b003-7ee6adc89e93 - - - - -] Agent healthcheck: found 5 active agents agent_health_check /usr/lib/python2.7/site-packages/neutron/db/agents_db.py:281
2018-09-30 13:19:06.931 29538 DEBUG neutron.wsgi [-] (29538) accepted ('10.0.20.25', 40972) server /usr/lib/python2.7/site-packages/eventlet/wsgi.py:883
2018-09-30 13:19:07.393 29538 WARNING keystonemiddleware.auth_token [-] A valid token was submitted as a service token, but it was not a valid service token. This is incorrect but backwards compatible behaviour. This will be removed in future releases.
2018-09-30 13:19:08.030 29538 INFO neutron.wsgi [req-bb165f7c-9aa3-4644-80c0-a588d6cbc3cf c4eb931094214fdbaf8a8374844ac970 dc8fb4f5eaf446f1a224fccb767aa4e0 - 13307c0d2e56408495bebe0b2527a162 13307c0d2e56408495bebe0b2527a162] 10.0.20.25 "GET /v2.0/ports?device_id=fa3dc4ca-7fda-46c9-8034-fc45e4f90709 HTTP/1.1" status: 200  len: 1125 time: 1.0969129
2018-09-30 13:19:08.193 29538 INFO neutron.wsgi [req-5b97e675-88e1-4bac-90a7-756fcb64fc1c c4eb931094214fdbaf8a8374844ac970 dc8fb4f5eaf446f1a224fccb767aa4e0 - 13307c0d2e56408495bebe0b2527a162 13307c0d2e56408495bebe0b2527a162] 10.0.20.25 "GET /v2.0/security-groups?id=ebdc76a0-8c06-4b60-bf8d-2b219c75b372 HTTP/1.1" status: 200  len: 2118 time: 0.1548491
2018-09-30 13:19:21.084 29542 INFO neutron.wsgi [req-1d3a4c00-c14e-4628-986a-6fa9f574dfad c4eb931094214fdbaf8a8374844ac970 dc8fb4f5eaf446f1a224fccb767aa4e0 - 13307c0d2e56408495bebe0b2527a162 13307c0d2e56408495bebe0b2527a162] 10.0.20.25 "GET /v2.0/ports?device_id=fa3dc4ca-7fda-46c9-8034-fc45e4f90709 HTTP/1.1" status: 200  len: 1125 time: 0.9242589
2018-09-30 13:19:21.217 29542 INFO neutron.wsgi [req-817ebefd-cc43-4bc0-97b8-c8cedf92c0bf c4eb931094214fdbaf8a8374844ac970 dc8fb4f5eaf446f1a224fccb767aa4e0 - 13307c0d2e56408495bebe0b2527a162 13307c0d2e56408495bebe0b2527a162] 10.0.20.25 "GET /v2.0/security-groups?id=ebdc76a0-8c06-4b60-bf8d-2b219c75b372 HTTP/1.1" status: 200  len: 2118 time: 0.1256690
2018-09-30 13:19:26.379 29553 DEBUG neutron_lib.callbacks.manager [req-7fa808b6-6d60-4398-9769-84f7dc3ada1a - - - - -] Notify callbacks ['neutron.services.segments.db._update_segment_host_mapping_for_agent-8746199476801'] for agent, after_update _notify_loop /usr/lib/python2.7/site-packages/neutron_lib/callbacks/manager.py:167
