2018-09-12 20:36:34.763 25726 INFO neutron.wsgi [req-927ad347-6a34-4235-b3ad-4024dadbb803 23e04251e35a4af8836d799cdbc6c009 4eeeddb45ad446a68ed4de7bd550932a - default default] 10.0.20.20 "GET /v2.0/ports?tenant_id=d4cf4bd53ce54f7c903466394cda6ee5&device_id=38fe8f8c-4b0f-43cf-b428-a67668131aa0 HTTP/1.1" status: 200  len: 1125 time: 0.1728051
2018-09-12 20:36:35.058 25726 DEBUG neutron.pecan_wsgi.hooks.policy_enforcement [req-fb4b6cd2-bc14-445c-9294-d565e51893b8 23e04251e35a4af8836d799cdbc6c009 4eeeddb45ad446a68ed4de7bd550932a - default default] Attributes excluded by policy engine: [u'vlan_transparent'] _exclude_attributes_by_policy /usr/lib/python2.7/site-packages/neutron/pecan_wsgi/hooks/policy_enforcement.py:256
2018-09-12 20:36:35.062 25726 INFO neutron.wsgi [req-fb4b6cd2-bc14-445c-9294-d565e51893b8 23e04251e35a4af8836d799cdbc6c009 4eeeddb45ad446a68ed4de7bd550932a - default default] 10.0.20.20 "GET /v2.0/networks?id=5c5623be-a26d-4128-a460-d7954d6007ff HTTP/1.1" status: 200  len: 885 time: 0.2908211
2018-09-12 20:36:35.105 25726 INFO neutron.wsgi [req-ca40b1e1-af72-4db0-886f-3558d0f296b7 23e04251e35a4af8836d799cdbc6c009 4eeeddb45ad446a68ed4de7bd550932a - default default] 10.0.20.20 "GET /v2.0/floatingips?fixed_ip_address=11.210.1.12&port_id=7ce1bc97-8f47-48ef-bccc-587d1c36c655 HTTP/1.1" status: 200  len: 217 time: 0.0360470
2018-09-12 20:36:35.270 25726 DEBUG neutron.pecan_wsgi.hooks.policy_enforcement [req-e36b772d-5d0b-4974-80cc-d675ea80ef03 23e04251e35a4af8836d799cdbc6c009 4eeeddb45ad446a68ed4de7bd550932a - default default] Attributes excluded by policy engine: [u'shared'] _exclude_attributes_by_policy /usr/lib/python2.7/site-packages/neutron/pecan_wsgi/hooks/policy_enforcement.py:256
2018-09-12 20:36:35.273 25726 INFO neutron.wsgi [req-e36b772d-5d0b-4974-80cc-d675ea80ef03 23e04251e35a4af8836d799cdbc6c009 4eeeddb45ad446a68ed4de7bd550932a - default default] 10.0.20.20 "GET /v2.0/subnets?id=6883f93d-c365-4079-b3e6-14645e463c5a HTTP/1.1" status: 200  len: 847 time: 0.1612980
2018-09-12 20:36:35.449 25726 INFO neutron.wsgi [req-7c0f7daa-2841-43c8-a3b4-30ea2c816633 23e04251e35a4af8836d799cdbc6c009 4eeeddb45ad446a68ed4de7bd550932a - default default] 10.0.20.20 "GET /v2.0/ports?network_id=5c5623be-a26d-4128-a460-d7954d6007ff&device_owner=network%3Adhcp HTTP/1.1" status: 200  len: 1128 time: 0.1659400
2018-09-12 20:36:36.709 25737 DEBUG neutron.db.agents_db [req-3ad5dbfc-d7ab-4038-80c7-a92c233f7668 - - - - -] Agent healthcheck: found 5 active agents agent_health_check /usr/lib/python2.7/site-packages/neutron/db/agents_db.py:281
2018-09-12 20:36:37.662 25735 DEBUG neutron_lib.callbacks.manager [req-ee594ec6-ecaa-49fd-b7b6-0ab4214d0a82 - - - - -] Notify callbacks ['neutron.services.segments.db._update_segment_host_mapping_for_agent--9223363276929592037'] for agent, after_update _notify_loop /usr/lib/python2.7/site-packages/neutron_lib/callbacks/manager.py:167
2018-09-12 20:36:43.194 25725 INFO neutron.wsgi [req-ad98846f-f4a3-4255-b2d9-70fd58a3e1c6 55b191cca8cc468d8e5831144e357a76 4eeeddb45ad446a68ed4de7bd550932a - default default] 10.0.20.20 "GET /v2.0/ports?device_id=38fe8f8c-4b0f-43cf-b428-a67668131aa0 HTTP/1.1" status: 200  len: 1125 time: 0.8980761
2018-09-12 20:36:43.317 25721 DEBUG neutron.wsgi [-] (25721) accepted ('10.0.20.20', 55730) server /usr/lib/python2.7/site-packages/eventlet/wsgi.py:883
2018-09-12 20:36:43.413 25725 INFO neutron.wsgi [req-a21e5e58-c0c9-4f46-8458-31ae0cd97e4f 55b191cca8cc468d8e5831144e357a76 4eeeddb45ad446a68ed4de7bd550932a - default default] 10.0.20.20 "GET /v2.0/security-groups?id=13d40837-65c9-488f-88e9-ddc6e86c910d HTTP/1.1" status: 200  len: 2118 time: 0.1769230
2018-09-12 20:36:44.821 25721 INFO neutron.wsgi [req-4171bffa-126e-4573-bdb1-0e35edacf71a 55b191cca8cc468d8e5831144e357a76 4eeeddb45ad446a68ed4de7bd550932a - default default] 10.0.20.20 "GET /v2.0/ports?device_id=38fe8f8c-4b0f-43cf-b428-a67668131aa0 HTTP/1.1" status: 200  len: 1125 time: 1.5010610
2018-09-12 20:36:44.979 25721 INFO neutron.wsgi [req-2bbb0eec-76b9-4d43-a02a-ffc87ba4b5bd 55b191cca8cc468d8e5831144e357a76 4eeeddb45ad446a68ed4de7bd550932a - default default] 10.0.20.20 "GET /v2.0/security-groups?id=13d40837-65c9-488f-88e9-ddc6e86c910d HTTP/1.1" status: 200  len: 2118 time: 0.1486461
2018-09-12 20:36:47.326 25734 DEBUG neutron_lib.callbacks.manager [req-f538f2f6-39dc-40f7-aadc-d14b64dce799 - - - - -] Notify callbacks ['neutron.services.segments.db._update_segment_host_mapping_for_agent--9223363276929592037'] for agent, after_update _notify_loop /usr/lib/python2.7/site-packages/neutron_lib/callbacks/manager.py:167
2018-09-12 20:37:04.010 25730 DEBUG neutron_lib.callbacks.manager [req-88826d57-8a8f-4590-a652-fdde66404bf8 - - - - -] Notify callbacks ['neutron.services.segments.db._update_segment_host_mapping_for_agent--9223363276929592037'] for agent, after_update _notify_loop /usr/lib/python2.7/site-packages/neutron_lib/callbacks/manager.py:167
2018-09-12 20:37:04.453 25729 DEBUG neutron_lib.callbacks.manager [req-02adb02a-5401-4cb0-b6f4-dfecb85ecdcf - - - - -] Notify callbacks ['neutron.services.segments.db._update_segment_host_mapping_for_agent--9223363276929592037'] for agent, after_update _notify_loop /usr/lib/python2.7/site-packages/neutron_lib/callbacks/manager.py:167
2018-09-12 20:37:04.643 25728 DEBUG neutron_lib.callbacks.manager [req-499b42f3-acc8-40ec-90c4-00a4b6c44333 - - - - -] Notify callbacks ['neutron.services.segments.db._update_segment_host_mapping_for_agent--9223363276929592037'] for agent, after_update _notify_loop /usr/lib/python2.7/site-packages/neutron_lib/callbacks/manager.py:167
2018-09-12 20:37:07.656 25736 DEBUG neutron_lib.callbacks.manager [req-ee594ec6-ecaa-49fd-b7b6-0ab4214d0a82 - - - - -] Notify callbacks ['neutron.services.segments.db._update_segment_host_mapping_for_agent--9223363276929592037'] for agent, after_update _notify_loop /usr/lib/python2.7/site-packages/neutron_lib/callbacks/manager.py:167
2018-09-12 20:37:13.711 25737 DEBUG neutron.db.agents_db [req-3ad5dbfc-d7ab-4038-80c7-a92c233f7668 - - - - -] Agent healthcheck: found 5 active agents agent_health_check /usr/lib/python2.7/site-packages/neutron/db/agents_db.py:281
2018-09-12 20:37:17.338 25732 DEBUG neutron_lib.callbacks.manager [req-3a5df0e2-fdea-434c-9224-ef385ecb12cb - - - - -] Notify callbacks ['neutron.services.segments.db._update_segment_host_mapping_for_agent--9223363276929592037'] for agent, after_update _notify_loop /usr/lib/python2.7/site-packages/neutron_lib/callbacks/manager.py:167
2018-09-12 20:37:34.035 25731 DEBUG neutron_lib.callbacks.manager [req-88826d57-8a8f-4590-a652-fdde66404bf8 - - - - -] Notify callbacks ['neutron.services.segments.db._update_segment_host_mapping_for_agent--9223363276929592037'] for agent, after_update _notify_loop /usr/lib/python2.7/site-packages/neutron_lib/callbacks/manager.py:167
2018-09-12 20:37:34.446 25733 DEBUG neutron_lib.callbacks.manager [req-02adb02a-5401-4cb0-b6f4-dfecb85ecdcf - - - - -] Notify callbacks ['neutron.services.segments.db._update_segment_host_mapping_for_agent--9223363276929592037'] for agent, after_update _notify_loop /usr/lib/python2.7/site-packages/neutron_lib/callbacks/manager.py:167
2018-09-12 20:37:34.621 25735 DEBUG neutron_lib.callbacks.manager [req-384d4ec7-7493-417d-97d2-c9e8b2d346a5 - - - - -] Notify callbacks ['neutron.services.segments.db._update_segment_host_mapping_for_agent--9223363276929592037'] for agent, after_update _notify_loop /usr/lib/python2.7/site-packages/neutron_lib/callbacks/manager.py:167
2018-09-12 20:37:35.763 25726 INFO neutron.wsgi [req-9f781625-a2c3-438d-9d4b-cb733d8ac5fa 23e04251e35a4af8836d799cdbc6c009 4eeeddb45ad446a68ed4de7bd550932a - default default] 10.0.20.20 "GET /v2.0/ports?tenant_id=d4cf4bd53ce54f7c903466394cda6ee5&device_id=38fe8f8c-4b0f-43cf-b428-a67668131aa0 HTTP/1.1" status: 200  len: 1125 time: 0.6865070
2018-09-12 20:37:36.040 25726 DEBUG neutron.pecan_wsgi.hooks.policy_enforcement [req-b76eafd4-314d-4629-87f4-b2430bbd610f 23e04251e35a4af8836d799cdbc6c009 4eeeddb45ad446a68ed4de7bd550932a - default default] Attributes excluded by policy engine: [u'vlan_transparent'] _exclude_attributes_by_policy /usr/lib/python2.7/site-packages/neutron/pecan_wsgi/hooks/policy_enforcement.py:256
2018-09-12 20:37:36.043 25726 INFO neutron.wsgi [req-b76eafd4-314d-4629-87f4-b2430bbd610f 23e04251e35a4af8836d799cdbc6c009 4eeeddb45ad446a68ed4de7bd550932a - default default] 10.0.20.20 "GET /v2.0/networks?id=5c5623be-a26d-4128-a460-d7954d6007ff HTTP/1.1" status: 200  len: 885 time: 0.2717710
2018-09-12 20:37:36.087 25726 INFO neutron.wsgi [req-ea158c4e-d224-4545-a1c2-852ce599a691 23e04251e35a4af8836d799cdbc6c009 4eeeddb45ad446a68ed4de7bd550932a - default default] 10.0.20.20 "GET /v2.0/floatingips?fixed_ip_address=11.210.1.12&port_id=7ce1bc97-8f47-48ef-bccc-587d1c36c655 HTTP/1.1" status: 200  len: 217 time: 0.0356171
2018-09-12 20:37:36.239 25726 DEBUG neutron.pecan_wsgi.hooks.policy_enforcement [req-7b324464-9958-4ca6-9a1d-51fb21979a2e 23e04251e35a4af8836d799cdbc6c009 4eeeddb45ad446a68ed4de7bd550932a - default default] Attributes excluded by policy engine: [u'shared'] _exclude_attributes_by_policy /usr/lib/python2.7/site-packages/neutron/pecan_wsgi/hooks/policy_enforcement.py:256
2018-09-12 20:37:36.243 25726 INFO neutron.wsgi [req-7b324464-9958-4ca6-9a1d-51fb21979a2e 23e04251e35a4af8836d799cdbc6c009 4eeeddb45ad446a68ed4de7bd550932a - default default] 10.0.20.20 "GET /v2.0/subnets?id=6883f93d-c365-4079-b3e6-14645e463c5a HTTP/1.1" status: 200  len: 847 time: 0.1482239
2018-09-12 20:37:36.372 25726 INFO neutron.wsgi [req-030c0234-15d9-4389-8e46-5c0b69b26a24 23e04251e35a4af8836d799cdbc6c009 4eeeddb45ad446a68ed4de7bd550932a - default default] 10.0.20.20 "GET /v2.0/ports?network_id=5c5623be-a26d-4128-a460-d7954d6007ff&device_owner=network%3Adhcp HTTP/1.1" status: 200  len: 1128 time: 0.1203959
2018-09-12 20:37:37.656 25734 DEBUG neutron_lib.callbacks.manager [req-ee594ec6-ecaa-49fd-b7b6-0ab4214d0a82 - - - - -] Notify callbacks ['neutron.services.segments.db._update_segment_host_mapping_for_agent--9223363276929592037'] for agent, after_update _notify_loop /usr/lib/python2.7/site-packages/neutron_lib/callbacks/manager.py:167
2018-09-12 20:37:47.314 25730 DEBUG neutron_lib.callbacks.manager [req-4d0b1c99-a529-421c-bec1-7004202cb8ec - - - - -] Notify callbacks ['neutron.services.segments.db._update_segment_host_mapping_for_agent--9223363276929592037'] for agent, after_update _notify_loop /usr/lib/python2.7/site-packages/neutron_lib/callbacks/manager.py:167
2018-09-12 20:37:50.713 25737 DEBUG neutron.db.agents_db [req-3ad5dbfc-d7ab-4038-80c7-a92c233f7668 - - - - -] Agent healthcheck: found 5 active agents agent_health_check /usr/lib/python2.7/site-packages/neutron/db/agents_db.py:281
2018-09-12 20:38:04.030 25729 DEBUG neutron_lib.callbacks.manager [req-88826d57-8a8f-4590-a652-fdde66404bf8 - - - - -] Notify callbacks ['neutron.services.segments.db._update_segment_host_mapping_for_agent--9223363276929592037'] for agent, after_update _notify_loop /usr/lib/python2.7/site-packages/neutron_lib/callbacks/manager.py:167
2018-09-12 20:38:04.463 25728 DEBUG neutron_lib.callbacks.manager [req-02adb02a-5401-4cb0-b6f4-dfecb85ecdcf - - - - -] Notify callbacks ['neutron.services.segments.db._update_segment_host_mapping_for_agent--9223363276929592037'] for agent, after_update _notify_loop /usr/lib/python2.7/site-packages/neutron_lib/callbacks/manager.py:167
2018-09-12 20:38:04.626 25736 DEBUG neutron_lib.callbacks.manager [req-bfe0894c-b2a3-41fd-bb3b-9fa2ed39504a - - - - -] Notify callbacks ['neutron.services.segments.db._update_segment_host_mapping_for_agent--9223363276929592037'] for agent, after_update _notify_loop /usr/lib/python2.7/site-packages/neutron_lib/callbacks/manager.py:167
2018-09-12 20:38:07.643 25732 DEBUG neutron_lib.callbacks.manager [req-ee594ec6-ecaa-49fd-b7b6-0ab4214d0a82 - - - - -] Notify callbacks ['neutron.services.segments.db._update_segment_host_mapping_for_agent--9223363276929592037'] for agent, after_update _notify_loop /usr/lib/python2.7/site-packages/neutron_lib/callbacks/manager.py:167
2018-09-12 20:38:17.323 25731 DEBUG neutron_lib.callbacks.manager [req-60b22c9d-5ff9-4faa-82c3-65b9622d21cc - - - - -] Notify callbacks ['neutron.services.segments.db._update_segment_host_mapping_for_agent--9223363276929592037'] for agent, after_update _notify_loop /usr/lib/python2.7/site-packages/neutron_lib/callbacks/manager.py:167
2018-09-12 20:38:25.193 25727 INFO neutron.wsgi [req-661f93e0-fd14-4777-a82f-b2c7f901f6ad 0189dab4f7a24dc88395aaf9f5f4e6c1 d4cf4bd53ce54f7c903466394cda6ee5 - af741379434d4da78f9680a0de1b0556 af741379434d4da78f9680a0de1b0556] 10.0.20.20 "GET /v2.0/ports?device_id=38fe8f8c-4b0f-43cf-b428-a67668131aa0 HTTP/1.1" status: 200  len: 1125 time: 0.9697499
2018-09-12 20:38:25.377 25727 INFO neutron.wsgi [req-78334ef9-0b72-46ce-99b3-76b02f6780f3 0189dab4f7a24dc88395aaf9f5f4e6c1 d4cf4bd53ce54f7c903466394cda6ee5 - af741379434d4da78f9680a0de1b0556 af741379434d4da78f9680a0de1b0556] 10.0.20.20 "GET /v2.0/security-groups?id=13d40837-65c9-488f-88e9-ddc6e86c910d HTTP/1.1" status: 200  len: 2118 time: 0.1744239
2018-09-12 20:38:26.947 25726 INFO neutron.wsgi [req-27a884d6-d810-4252-ad22-dcd69692cc45 23e04251e35a4af8836d799cdbc6c009 4eeeddb45ad446a68ed4de7bd550932a - default default] 10.0.20.20 "GET /v2.0/ports?tenant_id=d4cf4bd53ce54f7c903466394cda6ee5&device_id=38fe8f8c-4b0f-43cf-b428-a67668131aa0 HTTP/1.1" status: 200  len: 1125 time: 0.7080090
2018-09-12 20:38:27.306 25726 DEBUG neutron.pecan_wsgi.hooks.policy_enforcement [req-62fae91e-4dd5-4efd-87f3-f60a9fa77f9d 23e04251e35a4af8836d799cdbc6c009 4eeeddb45ad446a68ed4de7bd550932a - default default] Attributes excluded by policy engine: [u'vlan_transparent'] _exclude_attributes_by_policy /usr/lib/python2.7/site-packages/neutron/pecan_wsgi/hooks/policy_enforcement.py:256
2018-09-12 20:38:27.310 25726 INFO neutron.wsgi [req-62fae91e-4dd5-4efd-87f3-f60a9fa77f9d 23e04251e35a4af8836d799cdbc6c009 4eeeddb45ad446a68ed4de7bd550932a - default default] 10.0.20.20 "GET /v2.0/networks?id=5c5623be-a26d-4128-a460-d7954d6007ff HTTP/1.1" status: 200  len: 885 time: 0.3519988
2018-09-12 20:38:27.362 25726 INFO neutron.wsgi [req-661a3da6-c010-4ac7-af79-78f8de898852 23e04251e35a4af8836d799cdbc6c009 4eeeddb45ad446a68ed4de7bd550932a - default default] 10.0.20.20 "GET /v2.0/floatingips?fixed_ip_address=11.210.1.12&port_id=7ce1bc97-8f47-48ef-bccc-587d1c36c655 HTTP/1.1" status: 200  len: 217 time: 0.0437920
2018-09-12 20:38:27.553 25726 DEBUG neutron.pecan_wsgi.hooks.policy_enforcement [req-b860be7d-a252-4ded-9e1e-dee6c4bfdd0a 23e04251e35a4af8836d799cdbc6c009 4eeeddb45ad446a68ed4de7bd550932a - default default] Attributes excluded by policy engine: [u'shared'] _exclude_attributes_by_policy /usr/lib/python2.7/site-packages/neutron/pecan_wsgi/hooks/policy_enforcement.py:256
2018-09-12 20:38:27.557 25726 INFO neutron.wsgi [req-b860be7d-a252-4ded-9e1e-dee6c4bfdd0a 23e04251e35a4af8836d799cdbc6c009 4eeeddb45ad446a68ed4de7bd550932a - default default] 10.0.20.20 "GET /v2.0/subnets?id=6883f93d-c365-4079-b3e6-14645e463c5a HTTP/1.1" status: 200  len: 847 time: 0.1854460
2018-09-12 20:38:27.720 25737 DEBUG neutron.db.agents_db [req-3ad5dbfc-d7ab-4038-80c7-a92c233f7668 - - - - -] Agent healthcheck: found 5 active agents agent_health_check /usr/lib/python2.7/site-packages/neutron/db/agents_db.py:281
2018-09-12 20:38:27.736 25726 INFO neutron.wsgi [req-20c37299-4644-4995-8d3b-37ada250ce5d 23e04251e35a4af8836d799cdbc6c009 4eeeddb45ad446a68ed4de7bd550932a - default default] 10.0.20.20 "GET /v2.0/ports?network_id=5c5623be-a26d-4128-a460-d7954d6007ff&device_owner=network%3Adhcp HTTP/1.1" status: 200  len: 1128 time: 0.1666811
2018-09-12 20:38:30.749 25735 DEBUG neutron.plugins.ml2.rpc [req-ee594ec6-ecaa-49fd-b7b6-0ab4214d0a82 - - - - -] Device 7ce1bc97-8f47-48ef-bccc-587d1c36c655 no longer exists at agent ovs-agent-localhost.localdomain update_device_down /usr/lib/python2.7/site-packages/neutron/plugins/ml2/rpc.py:213
2018-09-12 20:38:31.001 25735 DEBUG neutron_lib.callbacks.manager [req-ee594ec6-ecaa-49fd-b7b6-0ab4214d0a82 - - - - -] Notify callbacks ['neutron.plugins.ml2.plugin.Ml2Plugin._ensure_default_security_group_handler-8030946'] for port, before_update _notify_loop /usr/lib/python2.7/site-packages/neutron_lib/callbacks/manager.py:167
2018-09-12 20:38:31.071 25735 DEBUG oslo_concurrency.lockutils [-] Lock "notifier-eb4ebeb3-816b-4fd5-b939-e8f80e42201d" acquired by "neutron.notifiers.batch_notifier.synced_send" :: waited 0.000s inner /usr/lib/python2.7/site-packages/oslo_concurrency/lockutils.py:270
2018-09-12 20:38:31.071 25735 DEBUG neutron.notifiers.nova [-] Sending events: [{'status': 'completed', 'tag': u'7ce1bc97-8f47-48ef-bccc-587d1c36c655', 'name': 'network-vif-unplugged', 'server_uuid': u'38fe8f8c-4b0f-43cf-b428-a67668131aa0'}] send_events /usr/lib/python2.7/site-packages/neutron/notifiers/nova.py:242
2018-09-12 20:38:31.093 25735 DEBUG neutron.plugins.ml2.db [req-ee594ec6-ecaa-49fd-b7b6-0ab4214d0a82 - - - - -] For port 7ce1bc97-8f47-48ef-bccc-587d1c36c655, host localhost.localdomain, got binding levels [<neutron.plugins.ml2.models.PortBindingLevel[object at 7f79425c0250] {port_id=u'7ce1bc97-8f47-48ef-bccc-587d1c36c655', host=u'localhost.localdomain', level=0, driver=u'openvswitch', segment_id=u'50543829-f76f-414b-bbed-b4d50e9ce3c3'}>] get_binding_levels /usr/lib/python2.7/site-packages/neutron/plugins/ml2/db.py:106
2018-09-12 20:38:31.104 25735 DEBUG neutron_lib.callbacks.manager [req-ee594ec6-ecaa-49fd-b7b6-0ab4214d0a82 - - - - -] Notify callbacks ['neutron.plugins.ml2.plugin.Ml2Plugin.notify_sg_on_port_change-8030878', 'neutron.plugins.ml2.ovo_rpc._ObjectChangeHandler.handle_event-555258', 'neutron.api.rpc.agentnotifiers.dhcp_rpc_agent_api.DhcpAgentNotifyAPI._native_event_send_dhcp_notification-794848', 'neutron.db.l3_dvrscheduler_db._notify_l3_agent_port_update-8759924642173', 'neutron.db.l3_hascheduler_db._notify_l3_agent_ha_port_update-8759924642248'] for port, after_update _notify_loop /usr/lib/python2.7/site-packages/neutron_lib/callbacks/manager.py:167
2018-09-12 20:38:31.128 25735 DEBUG oslo_concurrency.lockutils [-] Lock "event-dispatch" acquired by "neutron.plugins.ml2.ovo_rpc.dispatch_events" :: waited 0.000s inner /usr/lib/python2.7/site-packages/oslo_concurrency/lockutils.py:270
2018-09-12 20:38:31.288 25735 DEBUG neutron.api.rpc.handlers.resources_rpc [req-ee594ec6-ecaa-49fd-b7b6-0ab4214d0a82 - - - - -] neutron.api.rpc.handlers.resources_rpc.ResourcesPushRpcApi method push called with arguments (<neutron_lib.context.Context object at 0x7f794260f490>, [Port(admin_state_up=True,allowed_address_pairs=[],binding=PortBinding,binding_levels=[PortBindingLevel],created_at=2018-09-13T00:32:10Z,data_plane_status=<?>,description='',device_id='38fe8f8c-4b0f-43cf-b428-a67668131aa0',device_owner='compute:nova',dhcp_options=[],distributed_binding=None,dns=None,fixed_ips=[IPAllocation],id=7ce1bc97-8f47-48ef-bccc-587d1c36c655,mac_address=fa:16:3e:39:eb:1b,name='',network_id=5c5623be-a26d-4128-a460-d7954d6007ff,project_id='d4cf4bd53ce54f7c903466394cda6ee5',qos_policy_id=None,revision_number=7,security=PortSecurity(7ce1bc97-8f47-48ef-bccc-587d1c36c655),security_group_ids=set([13d40837-65c9-488f-88e9-ddc6e86c910d]),status='DOWN',updated_at=2018-09-13T00:38:31Z)], 'updated') {} wrapper /usr/lib/python2.7/site-packages/oslo_log/helpers.py:66
2018-09-12 20:38:31.303 25735 DEBUG neutron.api.rpc.callbacks.version_manager [req-ee594ec6-ecaa-49fd-b7b6-0ab4214d0a82 - - - - -] Version for resource type Subnet changed None to 1.0 on consumer Open vSwitch agent@localhost.localdomain _set_version /usr/lib/python2.7/site-packages/neutron/api/rpc/callbacks/version_manager.py:119
2018-09-12 20:38:31.304 25735 DEBUG neutron.api.rpc.callbacks.version_manager [req-ee594ec6-ecaa-49fd-b7b6-0ab4214d0a82 - - - - -] Version for resource type Network changed None to 1.0 on consumer Open vSwitch agent@localhost.localdomain _set_version /usr/lib/python2.7/site-packages/neutron/api/rpc/callbacks/version_manager.py:119
2018-09-12 20:38:31.305 25735 DEBUG neutron.api.rpc.callbacks.version_manager [req-ee594ec6-ecaa-49fd-b7b6-0ab4214d0a82 - - - - -] Version for resource type SubPort changed None to 1.0 on consumer Open vSwitch agent@localhost.localdomain _set_version /usr/lib/python2.7/site-packages/neutron/api/rpc/callbacks/version_manager.py:119
2018-09-12 20:38:31.306 25735 DEBUG neutron.api.rpc.callbacks.version_manager [req-ee594ec6-ecaa-49fd-b7b6-0ab4214d0a82 - - - - -] Version for resource type SecurityGroup changed None to 1.0 on consumer Open vSwitch agent@localhost.localdomain _set_version /usr/lib/python2.7/site-packages/neutron/api/rpc/callbacks/version_manager.py:119
2018-09-12 20:38:31.306 25735 DEBUG neutron.api.rpc.callbacks.version_manager [req-ee594ec6-ecaa-49fd-b7b6-0ab4214d0a82 - - - - -] Version for resource type SecurityGroupRule changed None to 1.0 on consumer Open vSwitch agent@localhost.localdomain _set_version /usr/lib/python2.7/site-packages/neutron/api/rpc/callbacks/version_manager.py:119
2018-09-12 20:38:31.307 25735 DEBUG neutron.api.rpc.callbacks.version_manager [req-ee594ec6-ecaa-49fd-b7b6-0ab4214d0a82 - - - - -] Version for resource type Trunk changed None to 1.1 on consumer Open vSwitch agent@localhost.localdomain _set_version /usr/lib/python2.7/site-packages/neutron/api/rpc/callbacks/version_manager.py:119
2018-09-12 20:38:31.308 25735 DEBUG neutron.api.rpc.callbacks.version_manager [req-ee594ec6-ecaa-49fd-b7b6-0ab4214d0a82 - - - - -] Version for resource type QosPolicy changed None to 1.6 on consumer Open vSwitch agent@localhost.localdomain _set_version /usr/lib/python2.7/site-packages/neutron/api/rpc/callbacks/version_manager.py:119
2018-09-12 20:38:31.308 25735 DEBUG neutron.api.rpc.callbacks.version_manager [req-ee594ec6-ecaa-49fd-b7b6-0ab4214d0a82 - - - - -] Version for resource type Port changed None to 1.1 on consumer Open vSwitch agent@localhost.localdomain _set_version /usr/lib/python2.7/site-packages/neutron/api/rpc/callbacks/version_manager.py:119
2018-09-12 20:38:31.309 25735 DEBUG neutron.api.rpc.callbacks.version_manager [req-ee594ec6-ecaa-49fd-b7b6-0ab4214d0a82 - - - - -] Version for resource type Log changed None to 1.0 on consumer Open vSwitch agent@localhost.localdomain _set_version /usr/lib/python2.7/site-packages/neutron/api/rpc/callbacks/version_manager.py:119
2018-09-12 20:38:31.320 25735 DEBUG oslo_concurrency.lockutils [req-ee594ec6-ecaa-49fd-b7b6-0ab4214d0a82 - - - - -] Lock "event-dispatch" released by "neutron.plugins.ml2.ovo_rpc.dispatch_events" :: held 0.192s inner /usr/lib/python2.7/site-packages/oslo_concurrency/lockutils.py:282
2018-09-12 20:38:32.040 25735 DEBUG novaclient.v2.client [-] REQ: curl -g -i -X POST http://10.0.20.20:8774/v2.1/4eeeddb45ad446a68ed4de7bd550932a/os-server-external-events -H "User-Agent: python-novaclient" -H "Content-Type: application/json" -H "Accept: application/json" -H "X-OpenStack-Nova-API-Version: 2.1" -H "X-Auth-Token: {SHA1}8066eb9c22ce5006eaad8c4e4675ae70a1f35076" -d '{"events": [{"status": "completed", "tag": "7ce1bc97-8f47-48ef-bccc-587d1c36c655", "name": "network-vif-unplugged", "server_uuid": "38fe8f8c-4b0f-43cf-b428-a67668131aa0"}]}' _http_log_request /usr/lib/python2.7/site-packages/keystoneauth1/session.py:375
2018-09-12 20:38:33.354 25735 DEBUG novaclient.v2.client [-] RESP: [200] Content-Length: 185 Content-Type: application/json Openstack-Api-Version: compute 2.1 X-Openstack-Nova-Api-Version: 2.1 Vary: OpenStack-API-Version, X-OpenStack-Nova-API-Version X-Openstack-Request-Id: req-7f954aa9-4aab-4e44-ae15-0367de21f685 X-Compute-Request-Id: req-7f954aa9-4aab-4e44-ae15-0367de21f685 Date: Thu, 13 Sep 2018 00:38:33 GMT Connection: keep-alive 
RESP BODY: {"events": [{"status": "completed", "tag": "7ce1bc97-8f47-48ef-bccc-587d1c36c655", "name": "network-vif-unplugged", "server_uuid": "38fe8f8c-4b0f-43cf-b428-a67668131aa0", "code": 200}]}
 _http_log_response /usr/lib/python2.7/site-packages/keystoneauth1/session.py:423
2018-09-12 20:38:33.356 25735 DEBUG novaclient.v2.client [-] POST call to compute for http://10.0.20.20:8774/v2.1/4eeeddb45ad446a68ed4de7bd550932a/os-server-external-events used request id req-7f954aa9-4aab-4e44-ae15-0367de21f685 request /usr/lib/python2.7/site-packages/keystoneauth1/session.py:727
2018-09-12 20:38:33.358 25735 INFO neutron.notifiers.nova [-] Nova event response: {u'status': u'completed', u'tag': u'7ce1bc97-8f47-48ef-bccc-587d1c36c655', u'name': u'network-vif-unplugged', u'server_uuid': u'38fe8f8c-4b0f-43cf-b428-a67668131aa0', u'code': 200}
2018-09-12 20:38:34.020 25733 DEBUG neutron_lib.callbacks.manager [req-88826d57-8a8f-4590-a652-fdde66404bf8 - - - - -] Notify callbacks ['neutron.services.segments.db._update_segment_host_mapping_for_agent--9223363276929592037'] for agent, after_update _notify_loop /usr/lib/python2.7/site-packages/neutron_lib/callbacks/manager.py:167
2018-09-12 20:38:34.047 25727 INFO neutron.wsgi [req-5d8cc894-6457-458c-9021-4aa10ab937b1 0189dab4f7a24dc88395aaf9f5f4e6c1 d4cf4bd53ce54f7c903466394cda6ee5 - af741379434d4da78f9680a0de1b0556 af741379434d4da78f9680a0de1b0556] 10.0.20.20 "GET /v2.0/ports?device_id=38fe8f8c-4b0f-43cf-b428-a67668131aa0 HTTP/1.1" status: 200  len: 1123 time: 0.6160340
2018-09-12 20:38:34.183 25727 INFO neutron.wsgi [req-37e26a1e-d16a-4e2c-b966-1a7b905fcd12 0189dab4f7a24dc88395aaf9f5f4e6c1 d4cf4bd53ce54f7c903466394cda6ee5 - af741379434d4da78f9680a0de1b0556 af741379434d4da78f9680a0de1b0556] 10.0.20.20 "GET /v2.0/security-groups?id=13d40837-65c9-488f-88e9-ddc6e86c910d HTTP/1.1" status: 200  len: 2118 time: 0.1274660
2018-09-12 20:38:34.447 25735 DEBUG neutron_lib.callbacks.manager [req-02adb02a-5401-4cb0-b6f4-dfecb85ecdcf - - - - -] Notify callbacks ['neutron.services.segments.db._update_segment_host_mapping_for_agent--9223363276929592037'] for agent, after_update _notify_loop /usr/lib/python2.7/site-packages/neutron_lib/callbacks/manager.py:167
2018-09-12 20:38:34.618 25734 DEBUG neutron_lib.callbacks.manager [req-744163fc-321f-43ed-8834-3d12748b97e9 - - - - -] Notify callbacks ['neutron.services.segments.db._update_segment_host_mapping_for_agent--9223363276929592037'] for agent, after_update _notify_loop /usr/lib/python2.7/site-packages/neutron_lib/callbacks/manager.py:167
2018-09-12 20:38:34.731 25731 DEBUG neutron.plugins.ml2.rpc [req-ee594ec6-ecaa-49fd-b7b6-0ab4214d0a82 - - - - -] Device 7ce1bc97-8f47-48ef-bccc-587d1c36c655 up at agent ovs-agent-localhost.localdomain update_device_up /usr/lib/python2.7/site-packages/neutron/plugins/ml2/rpc.py:244
2018-09-12 20:38:34.923 25731 DEBUG neutron.db.provisioning_blocks [req-ee594ec6-ecaa-49fd-b7b6-0ab4214d0a82 - - - - -] Provisioning complete for port 7ce1bc97-8f47-48ef-bccc-587d1c36c655 triggered by entity L2. provisioning_complete /usr/lib/python2.7/site-packages/neutron/db/provisioning_blocks.py:138
2018-09-12 20:38:34.924 25731 DEBUG neutron_lib.callbacks.manager [req-ee594ec6-ecaa-49fd-b7b6-0ab4214d0a82 - - - - -] Notify callbacks ['neutron.plugins.ml2.plugin.Ml2Plugin._port_provisioned--9223372036846582173'] for port, provisioning_complete _notify_loop /usr/lib/python2.7/site-packages/neutron_lib/callbacks/manager.py:167
2018-09-12 20:38:35.282 25731 DEBUG neutron_lib.callbacks.manager [req-ee594ec6-ecaa-49fd-b7b6-0ab4214d0a82 - - - - -] Notify callbacks ['neutron.plugins.ml2.plugin.Ml2Plugin._ensure_default_security_group_handler-8030946'] for port, before_update _notify_loop /usr/lib/python2.7/site-packages/neutron_lib/callbacks/manager.py:167
2018-09-12 20:38:35.360 25735 DEBUG oslo_concurrency.lockutils [-] Lock "notifier-eb4ebeb3-816b-4fd5-b939-e8f80e42201d" released by "neutron.notifiers.batch_notifier.synced_send" :: held 4.289s inner /usr/lib/python2.7/site-packages/oslo_concurrency/lockutils.py:282
2018-09-12 20:38:35.411 25731 DEBUG oslo_concurrency.lockutils [-] Lock "notifier-eb4ebeb3-816b-4fd5-b939-e8f80e42201d" acquired by "neutron.notifiers.batch_notifier.synced_send" :: waited 0.000s inner /usr/lib/python2.7/site-packages/oslo_concurrency/lockutils.py:270
2018-09-12 20:38:35.413 25731 DEBUG neutron.notifiers.nova [-] Sending events: [{'status': 'completed', 'tag': u'7ce1bc97-8f47-48ef-bccc-587d1c36c655', 'name': 'network-vif-plugged', 'server_uuid': u'38fe8f8c-4b0f-43cf-b428-a67668131aa0'}] send_events /usr/lib/python2.7/site-packages/neutron/notifiers/nova.py:242
2018-09-12 20:38:35.444 25731 DEBUG neutron.plugins.ml2.db [req-ee594ec6-ecaa-49fd-b7b6-0ab4214d0a82 - - - - -] For port 7ce1bc97-8f47-48ef-bccc-587d1c36c655, host localhost.localdomain, got binding levels [<neutron.plugins.ml2.models.PortBindingLevel[object at 7f7942c33390] {port_id=u'7ce1bc97-8f47-48ef-bccc-587d1c36c655', host=u'localhost.localdomain', level=0, driver=u'openvswitch', segment_id=u'50543829-f76f-414b-bbed-b4d50e9ce3c3'}>] get_binding_levels /usr/lib/python2.7/site-packages/neutron/plugins/ml2/db.py:106
2018-09-12 20:38:35.469 25731 DEBUG neutron_lib.callbacks.manager [req-ee594ec6-ecaa-49fd-b7b6-0ab4214d0a82 - - - - -] Notify callbacks ['neutron.plugins.ml2.plugin.Ml2Plugin.notify_sg_on_port_change-8030878', 'neutron.plugins.ml2.ovo_rpc._ObjectChangeHandler.handle_event-555258', 'neutron.api.rpc.agentnotifiers.dhcp_rpc_agent_api.DhcpAgentNotifyAPI._native_event_send_dhcp_notification-794848', 'neutron.db.l3_dvrscheduler_db._notify_l3_agent_port_update-8759924642173', 'neutron.db.l3_hascheduler_db._notify_l3_agent_ha_port_update-8759924642248'] for port, after_update _notify_loop /usr/lib/python2.7/site-packages/neutron_lib/callbacks/manager.py:167
2018-09-12 20:38:35.483 25731 DEBUG oslo_concurrency.lockutils [-] Lock "event-dispatch" acquired by "neutron.plugins.ml2.ovo_rpc.dispatch_events" :: waited 0.000s inner /usr/lib/python2.7/site-packages/oslo_concurrency/lockutils.py:270
2018-09-12 20:38:35.709 25731 DEBUG neutron.api.rpc.handlers.resources_rpc [req-ee594ec6-ecaa-49fd-b7b6-0ab4214d0a82 - - - - -] neutron.api.rpc.handlers.resources_rpc.ResourcesPushRpcApi method push called with arguments (<neutron_lib.context.Context object at 0x7f7942850bd0>, [Port(admin_state_up=True,allowed_address_pairs=[],binding=PortBinding,binding_levels=[PortBindingLevel],created_at=2018-09-13T00:32:10Z,data_plane_status=<?>,description='',device_id='38fe8f8c-4b0f-43cf-b428-a67668131aa0',device_owner='compute:nova',dhcp_options=[],distributed_binding=None,dns=None,fixed_ips=[IPAllocation],id=7ce1bc97-8f47-48ef-bccc-587d1c36c655,mac_address=fa:16:3e:39:eb:1b,name='',network_id=5c5623be-a26d-4128-a460-d7954d6007ff,project_id='d4cf4bd53ce54f7c903466394cda6ee5',qos_policy_id=None,revision_number=8,security=PortSecurity(7ce1bc97-8f47-48ef-bccc-587d1c36c655),security_group_ids=set([13d40837-65c9-488f-88e9-ddc6e86c910d]),status='ACTIVE',updated_at=2018-09-13T00:38:35Z)], 'updated') {} wrapper /usr/lib/python2.7/site-packages/oslo_log/helpers.py:66
2018-09-12 20:38:35.736 25731 DEBUG neutron.api.rpc.callbacks.version_manager [req-ee594ec6-ecaa-49fd-b7b6-0ab4214d0a82 - - - - -] Version for resource type Subnet changed None to 1.0 on consumer Open vSwitch agent@localhost.localdomain _set_version /usr/lib/python2.7/site-packages/neutron/api/rpc/callbacks/version_manager.py:119
2018-09-12 20:38:35.738 25731 DEBUG neutron.api.rpc.callbacks.version_manager [req-ee594ec6-ecaa-49fd-b7b6-0ab4214d0a82 - - - - -] Version for resource type Network changed None to 1.0 on consumer Open vSwitch agent@localhost.localdomain _set_version /usr/lib/python2.7/site-packages/neutron/api/rpc/callbacks/version_manager.py:119
2018-09-12 20:38:35.739 25731 DEBUG neutron.api.rpc.callbacks.version_manager [req-ee594ec6-ecaa-49fd-b7b6-0ab4214d0a82 - - - - -] Version for resource type SubPort changed None to 1.0 on consumer Open vSwitch agent@localhost.localdomain _set_version /usr/lib/python2.7/site-packages/neutron/api/rpc/callbacks/version_manager.py:119
2018-09-12 20:38:35.740 25731 DEBUG neutron.api.rpc.callbacks.version_manager [req-ee594ec6-ecaa-49fd-b7b6-0ab4214d0a82 - - - - -] Version for resource type SecurityGroup changed None to 1.0 on consumer Open vSwitch agent@localhost.localdomain _set_version /usr/lib/python2.7/site-packages/neutron/api/rpc/callbacks/version_manager.py:119
2018-09-12 20:38:35.741 25731 DEBUG neutron.api.rpc.callbacks.version_manager [req-ee594ec6-ecaa-49fd-b7b6-0ab4214d0a82 - - - - -] Version for resource type SecurityGroupRule changed None to 1.0 on consumer Open vSwitch agent@localhost.localdomain _set_version /usr/lib/python2.7/site-packages/neutron/api/rpc/callbacks/version_manager.py:119
2018-09-12 20:38:35.742 25731 DEBUG neutron.api.rpc.callbacks.version_manager [req-ee594ec6-ecaa-49fd-b7b6-0ab4214d0a82 - - - - -] Version for resource type Trunk changed None to 1.1 on consumer Open vSwitch agent@localhost.localdomain _set_version /usr/lib/python2.7/site-packages/neutron/api/rpc/callbacks/version_manager.py:119
2018-09-12 20:38:35.743 25731 DEBUG neutron.api.rpc.callbacks.version_manager [req-ee594ec6-ecaa-49fd-b7b6-0ab4214d0a82 - - - - -] Version for resource type QosPolicy changed None to 1.6 on consumer Open vSwitch agent@localhost.localdomain _set_version /usr/lib/python2.7/site-packages/neutron/api/rpc/callbacks/version_manager.py:119
2018-09-12 20:38:35.745 25731 DEBUG neutron.api.rpc.callbacks.version_manager [req-ee594ec6-ecaa-49fd-b7b6-0ab4214d0a82 - - - - -] Version for resource type Port changed None to 1.1 on consumer Open vSwitch agent@localhost.localdomain _set_version /usr/lib/python2.7/site-packages/neutron/api/rpc/callbacks/version_manager.py:119
2018-09-12 20:38:35.746 25731 DEBUG neutron.api.rpc.callbacks.version_manager [req-ee594ec6-ecaa-49fd-b7b6-0ab4214d0a82 - - - - -] Version for resource type Log changed None to 1.0 on consumer Open vSwitch agent@localhost.localdomain _set_version /usr/lib/python2.7/site-packages/neutron/api/rpc/callbacks/version_manager.py:119
2018-09-12 20:38:35.751 25731 DEBUG neutron.api.rpc.callbacks.version_manager [req-ee594ec6-ecaa-49fd-b7b6-0ab4214d0a82 - - - - -] Tracked resource versions report:
pushed versions:
{   'Log': set(['1.0']),
    'Network': set(['1.0']),
    'Port': set(['1.1']),
    'QosPolicy': set(['1.6']),
    'SecurityGroup': set(['1.0']),
    'SecurityGroupRule': set(['1.0']),
    'SubPort': set(['1.0']),
    'Subnet': set(['1.0']),
    'Trunk': set(['1.1'])}

consumer versions:
{   DHCP agent@localhost.localdomain: {   },
    L3 agent@localhost.localdomain: {   },
    Metadata agent@localhost.localdomain: {   },
    Metering agent@localhost.localdomain: {   },
    Open vSwitch agent@localhost.localdomain: {   u'Log': u'1.0',
                                                  u'Network': u'1.0',
                                                  u'Port': u'1.1',
                                                  u'QosPolicy': u'1.6',
                                                  u'SecurityGroup': u'1.0',
                                                  u'SecurityGroupRule': u'1.0',
                                                  u'SubPort': u'1.0',
                                                  u'Subnet': u'1.0',
                                                  u'Trunk': u'1.1'}}
 report /usr/lib/python2.7/site-packages/neutron/api/rpc/callbacks/version_manager.py:178
2018-09-12 20:38:35.764 25731 DEBUG oslo_concurrency.lockutils [req-ee594ec6-ecaa-49fd-b7b6-0ab4214d0a82 - - - - -] Lock "event-dispatch" released by "neutron.plugins.ml2.ovo_rpc.dispatch_events" :: held 0.281s inner /usr/lib/python2.7/site-packages/oslo_concurrency/lockutils.py:282
2018-09-12 20:38:36.274 25726 INFO neutron.wsgi [req-68370e42-a50c-4647-9653-e6c7db0c3927 23e04251e35a4af8836d799cdbc6c009 4eeeddb45ad446a68ed4de7bd550932a - default default] 10.0.20.20 "GET /v2.0/ports?tenant_id=d4cf4bd53ce54f7c903466394cda6ee5&device_id=38fe8f8c-4b0f-43cf-b428-a67668131aa0 HTTP/1.1" status: 200  len: 1125 time: 0.1301000
2018-09-12 20:38:36.622 25726 DEBUG neutron.pecan_wsgi.hooks.policy_enforcement [req-9609e059-7164-4d5c-a77f-13f49692eac6 23e04251e35a4af8836d799cdbc6c009 4eeeddb45ad446a68ed4de7bd550932a - default default] Attributes excluded by policy engine: [u'vlan_transparent'] _exclude_attributes_by_policy /usr/lib/python2.7/site-packages/neutron/pecan_wsgi/hooks/policy_enforcement.py:256
2018-09-12 20:38:36.625 25726 INFO neutron.wsgi [req-9609e059-7164-4d5c-a77f-13f49692eac6 23e04251e35a4af8836d799cdbc6c009 4eeeddb45ad446a68ed4de7bd550932a - default default] 10.0.20.20 "GET /v2.0/networks?id=5c5623be-a26d-4128-a460-d7954d6007ff HTTP/1.1" status: 200  len: 885 time: 0.3412511
2018-09-12 20:38:36.659 25732 DEBUG neutron.plugins.ml2.rpc [req-ee594ec6-ecaa-49fd-b7b6-0ab4214d0a82 - - - - -] Device 7ce1bc97-8f47-48ef-bccc-587d1c36c655 up at agent ovs-agent-localhost.localdomain update_device_up /usr/lib/python2.7/site-packages/neutron/plugins/ml2/rpc.py:244
2018-09-12 20:38:36.690 25726 INFO neutron.wsgi [req-438800e3-60d0-4536-b6f3-a1492e411d96 23e04251e35a4af8836d799cdbc6c009 4eeeddb45ad446a68ed4de7bd550932a - default default] 10.0.20.20 "GET /v2.0/floatingips?fixed_ip_address=11.210.1.12&port_id=7ce1bc97-8f47-48ef-bccc-587d1c36c655 HTTP/1.1" status: 200  len: 217 time: 0.0524130
2018-09-12 20:38:36.870 25732 DEBUG neutron.db.provisioning_blocks [req-ee594ec6-ecaa-49fd-b7b6-0ab4214d0a82 - - - - -] Provisioning complete for port 7ce1bc97-8f47-48ef-bccc-587d1c36c655 triggered by entity L2. provisioning_complete /usr/lib/python2.7/site-packages/neutron/db/provisioning_blocks.py:138
2018-09-12 20:38:36.871 25732 DEBUG neutron_lib.callbacks.manager [req-ee594ec6-ecaa-49fd-b7b6-0ab4214d0a82 - - - - -] Notify callbacks ['neutron.plugins.ml2.plugin.Ml2Plugin._port_provisioned--9223372036846582173'] for port, provisioning_complete _notify_loop /usr/lib/python2.7/site-packages/neutron_lib/callbacks/manager.py:167
2018-09-12 20:38:36.925 25731 DEBUG novaclient.v2.client [-] REQ: curl -g -i -X POST http://10.0.20.20:8774/v2.1/4eeeddb45ad446a68ed4de7bd550932a/os-server-external-events -H "User-Agent: python-novaclient" -H "Content-Type: application/json" -H "Accept: application/json" -H "X-OpenStack-Nova-API-Version: 2.1" -H "X-Auth-Token: {SHA1}f10844a1d6bcda6d8dfc79b1c83693ee43161d62" -d '{"events": [{"status": "completed", "tag": "7ce1bc97-8f47-48ef-bccc-587d1c36c655", "name": "network-vif-plugged", "server_uuid": "38fe8f8c-4b0f-43cf-b428-a67668131aa0"}]}' _http_log_request /usr/lib/python2.7/site-packages/keystoneauth1/session.py:375
2018-09-12 20:38:36.926 25726 DEBUG neutron.pecan_wsgi.hooks.policy_enforcement [req-09f2ff8e-228b-4c6b-bd16-c2abd94fe8af 23e04251e35a4af8836d799cdbc6c009 4eeeddb45ad446a68ed4de7bd550932a - default default] Attributes excluded by policy engine: [u'shared'] _exclude_attributes_by_policy /usr/lib/python2.7/site-packages/neutron/pecan_wsgi/hooks/policy_enforcement.py:256
2018-09-12 20:38:36.930 25726 INFO neutron.wsgi [req-09f2ff8e-228b-4c6b-bd16-c2abd94fe8af 23e04251e35a4af8836d799cdbc6c009 4eeeddb45ad446a68ed4de7bd550932a - default default] 10.0.20.20 "GET /v2.0/subnets?id=6883f93d-c365-4079-b3e6-14645e463c5a HTTP/1.1" status: 200  len: 847 time: 0.2263160
2018-09-12 20:38:37.158 25726 INFO neutron.wsgi [req-941e8112-fce6-4434-9b39-282597dfbe4d 23e04251e35a4af8836d799cdbc6c009 4eeeddb45ad446a68ed4de7bd550932a - default default] 10.0.20.20 "GET /v2.0/ports?network_id=5c5623be-a26d-4128-a460-d7954d6007ff&device_owner=network%3Adhcp HTTP/1.1" status: 200  len: 1128 time: 0.2113681
2018-09-12 20:38:37.663 25730 DEBUG neutron_lib.callbacks.manager [req-ee594ec6-ecaa-49fd-b7b6-0ab4214d0a82 - - - - -] Notify callbacks ['neutron.services.segments.db._update_segment_host_mapping_for_agent--9223363276929592037'] for agent, after_update _notify_loop /usr/lib/python2.7/site-packages/neutron_lib/callbacks/manager.py:167
2018-09-12 20:38:39.768 25731 DEBUG novaclient.v2.client [-] RESP: [200] Content-Length: 183 Content-Type: application/json Openstack-Api-Version: compute 2.1 X-Openstack-Nova-Api-Version: 2.1 Vary: OpenStack-API-Version, X-OpenStack-Nova-API-Version X-Openstack-Request-Id: req-9bbd590b-3be5-47fd-80d9-14c1e7ec2639 X-Compute-Request-Id: req-9bbd590b-3be5-47fd-80d9-14c1e7ec2639 Date: Thu, 13 Sep 2018 00:38:39 GMT Connection: keep-alive 
RESP BODY: {"events": [{"status": "completed", "tag": "7ce1bc97-8f47-48ef-bccc-587d1c36c655", "name": "network-vif-plugged", "server_uuid": "38fe8f8c-4b0f-43cf-b428-a67668131aa0", "code": 200}]}
 _http_log_response /usr/lib/python2.7/site-packages/keystoneauth1/session.py:423
2018-09-12 20:38:39.770 25731 DEBUG novaclient.v2.client [-] POST call to compute for http://10.0.20.20:8774/v2.1/4eeeddb45ad446a68ed4de7bd550932a/os-server-external-events used request id req-9bbd590b-3be5-47fd-80d9-14c1e7ec2639 request /usr/lib/python2.7/site-packages/keystoneauth1/session.py:727
2018-09-12 20:38:39.771 25731 INFO neutron.notifiers.nova [-] Nova event response: {u'status': u'completed', u'tag': u'7ce1bc97-8f47-48ef-bccc-587d1c36c655', u'name': u'network-vif-plugged', u'server_uuid': u'38fe8f8c-4b0f-43cf-b428-a67668131aa0', u'code': 200}
2018-09-12 20:38:41.773 25731 DEBUG oslo_concurrency.lockutils [-] Lock "notifier-eb4ebeb3-816b-4fd5-b939-e8f80e42201d" released by "neutron.notifiers.batch_notifier.synced_send" :: held 6.363s inner /usr/lib/python2.7/site-packages/oslo_concurrency/lockutils.py:282
2018-09-12 20:38:45.822 25721 DEBUG neutron.wsgi [-] (25721) accepted ('10.0.20.20', 58648) server /usr/lib/python2.7/site-packages/eventlet/wsgi.py:883
2018-09-12 20:38:47.327 25729 DEBUG neutron_lib.callbacks.manager [req-f57f2336-1a89-46c0-9c9d-356197882ffc - - - - -] Notify callbacks ['neutron.services.segments.db._update_segment_host_mapping_for_agent--9223363276929592037'] for agent, after_update _notify_loop /usr/lib/python2.7/site-packages/neutron_lib/callbacks/manager.py:167
2018-09-12 20:38:47.540 25721 INFO neutron.wsgi [req-3dc4a7e1-7eb9-4964-8cf7-f99bb987cfa0 0189dab4f7a24dc88395aaf9f5f4e6c1 d4cf4bd53ce54f7c903466394cda6ee5 - af741379434d4da78f9680a0de1b0556 af741379434d4da78f9680a0de1b0556] 10.0.20.20 "GET /v2.0/ports?device_id=38fe8f8c-4b0f-43cf-b428-a67668131aa0 HTTP/1.1" status: 200  len: 1125 time: 1.7133520
2018-09-12 20:38:47.705 25721 INFO neutron.wsgi [req-b638c9df-faae-4864-b760-f466ca03cb7e 0189dab4f7a24dc88395aaf9f5f4e6c1 d4cf4bd53ce54f7c903466394cda6ee5 - af741379434d4da78f9680a0de1b0556 af741379434d4da78f9680a0de1b0556] 10.0.20.20 "GET /v2.0/security-groups?id=13d40837-65c9-488f-88e9-ddc6e86c910d HTTP/1.1" status: 200  len: 2118 time: 0.1545911
2018-09-12 20:39:04.020 25728 DEBUG neutron_lib.callbacks.manager [req-88826d57-8a8f-4590-a652-fdde66404bf8 - - - - -] Notify callbacks ['neutron.services.segments.db._update_segment_host_mapping_for_agent--9223363276929592037'] for agent, after_update _notify_loop /usr/lib/python2.7/site-packages/neutron_lib/callbacks/manager.py:167
2018-09-12 20:39:04.481 25736 DEBUG neutron_lib.callbacks.manager [req-02adb02a-5401-4cb0-b6f4-dfecb85ecdcf - - - - -] Notify callbacks ['neutron.services.segments.db._update_segment_host_mapping_for_agent--9223363276929592037'] for agent, after_update _notify_loop /usr/lib/python2.7/site-packages/neutron_lib/callbacks/manager.py:167
2018-09-12 20:39:04.640 25732 DEBUG neutron_lib.callbacks.manager [req-509da9cc-c25d-4918-87b2-8a024bb3c96b - - - - -] Notify callbacks ['neutron.services.segments.db._update_segment_host_mapping_for_agent--9223363276929592037'] for agent, after_update _notify_loop /usr/lib/python2.7/site-packages/neutron_lib/callbacks/manager.py:167
2018-09-12 20:39:04.732 25737 DEBUG neutron.db.agents_db [req-3ad5dbfc-d7ab-4038-80c7-a92c233f7668 - - - - -] Agent healthcheck: found 5 active agents agent_health_check /usr/lib/python2.7/site-packages/neutron/db/agents_db.py:281
2018-09-12 20:39:07.650 25731 DEBUG neutron_lib.callbacks.manager [req-ee594ec6-ecaa-49fd-b7b6-0ab4214d0a82 - - - - -] Notify callbacks ['neutron.services.segments.db._update_segment_host_mapping_for_agent--9223363276929592037'] for agent, after_update _notify_loop /usr/lib/python2.7/site-packages/neutron_lib/callbacks/manager.py:167
2018-09-12 20:39:08.679 25721 INFO neutron.wsgi [req-97087016-cb40-4004-b2d8-fb8ec1ccc973 23e04251e35a4af8836d799cdbc6c009 4eeeddb45ad446a68ed4de7bd550932a - default default] 10.0.20.20 "GET /v2.0/ports?device_id=38fe8f8c-4b0f-43cf-b428-a67668131aa0 HTTP/1.1" status: 200  len: 1125 time: 0.8009660
2018-09-12 20:39:08.813 25721 INFO neutron.wsgi [req-9b69e431-b44a-48e7-bac7-9873515621a7 23e04251e35a4af8836d799cdbc6c009 4eeeddb45ad446a68ed4de7bd550932a - default default] 10.0.20.20 "GET /v2.0/security-groups?id=13d40837-65c9-488f-88e9-ddc6e86c910d HTTP/1.1" status: 200  len: 2118 time: 0.1269202
2018-09-12 20:39:11.758 25724 DEBUG neutron.wsgi [-] (25724) accepted ('10.0.20.20', 58680) server /usr/lib/python2.7/site-packages/eventlet/wsgi.py:883
2018-09-12 20:39:12.497 25724 INFO neutron.wsgi [req-829c9a97-8e56-46a9-a22b-a62f3266da3d 23e04251e35a4af8836d799cdbc6c009 4eeeddb45ad446a68ed4de7bd550932a - default default] 10.0.20.20 "GET /v2.0/ports?device_id=38fe8f8c-4b0f-43cf-b428-a67668131aa0 HTTP/1.1" status: 200  len: 1125 time: 0.7355299
2018-09-12 20:39:12.652 25724 INFO neutron.wsgi [req-8a1d1939-c90a-4559-8a20-3236ba10e18c 23e04251e35a4af8836d799cdbc6c009 4eeeddb45ad446a68ed4de7bd550932a - default default] 10.0.20.20 "GET /v2.0/security-groups?id=13d40837-65c9-488f-88e9-ddc6e86c910d HTTP/1.1" status: 200  len: 2118 time: 0.1450701
2018-09-12 20:39:15.313 25724 DEBUG neutron.wsgi [-] (25724) accepted ('10.0.20.20', 58692) server /usr/lib/python2.7/site-packages/eventlet/wsgi.py:883
2018-09-12 20:39:16.070 25724 INFO neutron.wsgi [req-56fdbac7-d429-4f16-b4ca-a1d13c2ac5ed 23e04251e35a4af8836d799cdbc6c009 4eeeddb45ad446a68ed4de7bd550932a - default default] 10.0.20.20 "GET /v2.0/ports?device_id=38fe8f8c-4b0f-43cf-b428-a67668131aa0 HTTP/1.1" status: 200  len: 1125 time: 0.7555001
2018-09-12 20:39:16.203 25724 INFO neutron.wsgi [req-94a13266-01bd-4957-8f79-0fe7ed010dda 23e04251e35a4af8836d799cdbc6c009 4eeeddb45ad446a68ed4de7bd550932a - default default] 10.0.20.20 "GET /v2.0/security-groups?id=13d40837-65c9-488f-88e9-ddc6e86c910d HTTP/1.1" status: 200  len: 2118 time: 0.1198120
2018-09-12 20:39:17.305 25733 DEBUG neutron_lib.callbacks.manager [req-501fbc14-9d6a-4750-8b08-5a0f8007acc4 - - - - -] Notify callbacks ['neutron.services.segments.db._update_segment_host_mapping_for_agent--9223363276929592037'] for agent, after_update _notify_loop /usr/lib/python2.7/site-packages/neutron_lib/callbacks/manager.py:167
2018-09-12 20:39:17.951 25727 INFO neutron.wsgi [req-e11667dd-1580-4466-8b9e-2c906dea42a1 23e04251e35a4af8836d799cdbc6c009 4eeeddb45ad446a68ed4de7bd550932a - default default] 10.0.20.20 "GET /v2.0/ports?device_id=38fe8f8c-4b0f-43cf-b428-a67668131aa0 HTTP/1.1" status: 200  len: 1125 time: 0.7468240
2018-09-12 20:39:18.101 25727 INFO neutron.wsgi [req-46ef407f-d2d7-48bd-9f47-0cc6fd9434fd 23e04251e35a4af8836d799cdbc6c009 4eeeddb45ad446a68ed4de7bd550932a - default default] 10.0.20.20 "GET /v2.0/security-groups?id=13d40837-65c9-488f-88e9-ddc6e86c910d HTTP/1.1" status: 200  len: 2118 time: 0.1404269
2018-09-12 20:39:21.010 25722 INFO neutron.wsgi [req-dcb9b9e7-93e1-482b-a4d1-e2c4f952bf7b 23e04251e35a4af8836d799cdbc6c009 4eeeddb45ad446a68ed4de7bd550932a - default default] 10.0.20.20 "GET /v2.0/ports?device_id=38fe8f8c-4b0f-43cf-b428-a67668131aa0 HTTP/1.1" status: 200  len: 1125 time: 0.8327482
2018-09-12 20:39:21.180 25722 INFO neutron.wsgi [req-e13343ab-fc2f-4a58-91b8-db238bf1bd53 23e04251e35a4af8836d799cdbc6c009 4eeeddb45ad446a68ed4de7bd550932a - default default] 10.0.20.20 "GET /v2.0/security-groups?id=13d40837-65c9-488f-88e9-ddc6e86c910d HTTP/1.1" status: 200  len: 2118 time: 0.1576731
2018-09-12 20:39:23.600 25724 INFO neutron.wsgi [req-35f2ab14-be95-4fc1-a58b-28a97d69ecd9 23e04251e35a4af8836d799cdbc6c009 4eeeddb45ad446a68ed4de7bd550932a - default default] 10.0.20.20 "GET /v2.0/ports?device_id=38fe8f8c-4b0f-43cf-b428-a67668131aa0 HTTP/1.1" status: 200  len: 1125 time: 0.7655540
2018-09-12 20:39:23.746 25724 INFO neutron.wsgi [req-30c34501-2a87-4396-b945-ef2dd1f6eede 23e04251e35a4af8836d799cdbc6c009 4eeeddb45ad446a68ed4de7bd550932a - default default] 10.0.20.20 "GET /v2.0/security-groups?id=13d40837-65c9-488f-88e9-ddc6e86c910d HTTP/1.1" status: 200  len: 2118 time: 0.1357188
2018-09-12 20:39:33.998 25735 DEBUG neutron_lib.callbacks.manager [req-88826d57-8a8f-4590-a652-fdde66404bf8 - - - - -] Notify callbacks ['neutron.services.segments.db._update_segment_host_mapping_for_agent--9223363276929592037'] for agent, after_update _notify_loop /usr/lib/python2.7/site-packages/neutron_lib/callbacks/manager.py:167
2018-09-12 20:39:34.456 25734 DEBUG neutron_lib.callbacks.manager [req-02adb02a-5401-4cb0-b6f4-dfecb85ecdcf - - - - -] Notify callbacks ['neutron.services.segments.db._update_segment_host_mapping_for_agent--9223363276929592037'] for agent, after_update _notify_loop /usr/lib/python2.7/site-packages/neutron_lib/callbacks/manager.py:167
2018-09-12 20:39:34.638 25730 DEBUG neutron_lib.callbacks.manager [req-64ed7cf7-533d-40eb-b24f-76835bcfc9bb - - - - -] Notify callbacks ['neutron.services.segments.db._update_segment_host_mapping_for_agent--9223363276929592037'] for agent, after_update _notify_loop /usr/lib/python2.7/site-packages/neutron_lib/callbacks/manager.py:167
2018-09-12 20:39:37.638 25729 DEBUG neutron_lib.callbacks.manager [req-ee594ec6-ecaa-49fd-b7b6-0ab4214d0a82 - - - - -] Notify callbacks ['neutron.services.segments.db._update_segment_host_mapping_for_agent--9223363276929592037'] for agent, after_update _notify_loop /usr/lib/python2.7/site-packages/neutron_lib/callbacks/manager.py:167
