2018-09-29 14:30:28.863 10425 DEBUG neutron_lib.callbacks.manager [req-b2d06496-ba53-4aad-b549-3b1515604c02 - - - - -] Notify callbacks ['neutron.services.segments.db._update_segment_host_mapping_for_agent-8777626842794'] for agent, after_update _notify_loop /usr/lib/python2.7/site-packages/neutron_lib/callbacks/manager.py:167
2018-09-29 14:30:28.882 10418 DEBUG neutron_lib.callbacks.manager [req-678bc549-5e50-4043-a665-b71533c16e69 - - - - -] Notify callbacks ['neutron.services.segments.db._update_segment_host_mapping_for_agent-8777626842794'] for agent, after_update _notify_loop /usr/lib/python2.7/site-packages/neutron_lib/callbacks/manager.py:167
2018-09-29 14:30:29.624 10423 DEBUG neutron_lib.callbacks.manager [req-29c77de0-b6ab-47a1-9c1a-f33647d3f99f - - - - -] Notify callbacks ['neutron.services.segments.db._update_segment_host_mapping_for_agent-8777626842794'] for agent, after_update _notify_loop /usr/lib/python2.7/site-packages/neutron_lib/callbacks/manager.py:167
2018-09-29 14:30:30.616 10411 INFO neutron.wsgi [req-8e4d80f8-04d0-4a62-b4f0-55641a3e42c9 bbd46ecff54f4f099773ef531565cd6f 2936d597525e4992affe40574cd92be2 - 3b0abb45f0c649f09578f2599981b638 3b0abb45f0c649f09578f2599981b638] 10.0.20.26 "GET /v2.0/ports?device_id=ad4c69dc-6ea4-4537-9b27-5bfb6e4474f8 HTTP/1.1" status: 200  len: 1124 time: 0.5952840
2018-09-29 14:30:30.743 10411 INFO neutron.wsgi [req-15d80a36-97e6-4eca-bbd3-f98dbaa38c81 bbd46ecff54f4f099773ef531565cd6f 2936d597525e4992affe40574cd92be2 - 3b0abb45f0c649f09578f2599981b638 3b0abb45f0c649f09578f2599981b638] 10.0.20.26 "GET /v2.0/security-groups?id=d6903ad0-4da1-4761-8c25-014f4d2ad6bd HTTP/1.1" status: 200  len: 2118 time: 0.1189990
2018-09-29 14:30:34.600 10426 DEBUG neutron_lib.callbacks.manager [req-56b2faa8-5808-4248-8596-164a901f1a36 - - - - -] Notify callbacks ['neutron.services.segments.db._update_segment_host_mapping_for_agent-8777626842794'] for agent, after_update _notify_loop /usr/lib/python2.7/site-packages/neutron_lib/callbacks/manager.py:167
2018-09-29 14:30:36.517 10427 DEBUG neutron.db.agents_db [req-3895e71d-c82c-4d69-8cbe-14dd6ebb3f1e - - - - -] Agent healthcheck: found 5 active agents agent_health_check /usr/lib/python2.7/site-packages/neutron/db/agents_db.py:281
2018-09-29 14:30:42.921 10411 INFO neutron.wsgi [req-719f419a-ebb6-4857-92cb-68a64d62fa86 bbd46ecff54f4f099773ef531565cd6f 2936d597525e4992affe40574cd92be2 - 3b0abb45f0c649f09578f2599981b638 3b0abb45f0c649f09578f2599981b638] 10.0.20.26 "GET /v2.0/ports?device_id=ad4c69dc-6ea4-4537-9b27-5bfb6e4474f8 HTTP/1.1" status: 200  len: 1124 time: 0.9611270
2018-09-29 14:30:43.028 10411 INFO neutron.wsgi [req-17e48711-6727-4088-b6da-f233338fa6cd bbd46ecff54f4f099773ef531565cd6f 2936d597525e4992affe40574cd92be2 - 3b0abb45f0c649f09578f2599981b638 3b0abb45f0c649f09578f2599981b638] 10.0.20.26 "GET /v2.0/security-groups?id=d6903ad0-4da1-4761-8c25-014f4d2ad6bd HTTP/1.1" status: 200  len: 2118 time: 0.1002269
2018-09-29 14:30:48.316 10419 DEBUG neutron_lib.callbacks.manager [req-81b3ae07-e8d1-4c32-a0a6-b0a87a79c1d3 - - - - -] Notify callbacks ['neutron.services.segments.db._update_segment_host_mapping_for_agent-8777626842794'] for agent, after_update _notify_loop /usr/lib/python2.7/site-packages/neutron_lib/callbacks/manager.py:167
2018-09-29 14:30:54.216 10415 INFO neutron.wsgi [req-3fd03f5b-a302-4151-9dfc-e5664221bd83 bbd46ecff54f4f099773ef531565cd6f 2936d597525e4992affe40574cd92be2 - 3b0abb45f0c649f09578f2599981b638 3b0abb45f0c649f09578f2599981b638] 10.0.20.26 "GET /v2.0/ports?device_id=ad4c69dc-6ea4-4537-9b27-5bfb6e4474f8 HTTP/1.1" status: 200  len: 1124 time: 0.7241440
2018-09-29 14:30:54.350 10415 INFO neutron.wsgi [req-6817fd07-0b59-4373-8ff5-687bd9f20171 bbd46ecff54f4f099773ef531565cd6f 2936d597525e4992affe40574cd92be2 - 3b0abb45f0c649f09578f2599981b638 3b0abb45f0c649f09578f2599981b638] 10.0.20.26 "GET /v2.0/security-groups?id=d6903ad0-4da1-4761-8c25-014f4d2ad6bd HTTP/1.1" status: 200  len: 2118 time: 0.1254160
2018-09-29 14:30:55.144 10413 INFO neutron.wsgi [req-64728519-200b-4d7f-9bd4-aa7b4f7325cf 385405652b74463ca36119e213a84b2c e169fa6db0c147f283ae7c6a936117f3 - default default] 10.0.20.26 "GET /v2.0/ports?tenant_id=2936d597525e4992affe40574cd92be2&device_id=ad4c69dc-6ea4-4537-9b27-5bfb6e4474f8 HTTP/1.1" status: 200  len: 1124 time: 0.1611340
2018-09-29 14:30:55.380 10413 DEBUG neutron.pecan_wsgi.hooks.policy_enforcement [req-691aa378-6867-4f91-8a76-7ae69b8d0dbe 385405652b74463ca36119e213a84b2c e169fa6db0c147f283ae7c6a936117f3 - default default] Attributes excluded by policy engine: [u'vlan_transparent'] _exclude_attributes_by_policy /usr/lib/python2.7/site-packages/neutron/pecan_wsgi/hooks/policy_enforcement.py:256
2018-09-29 14:30:55.384 10413 INFO neutron.wsgi [req-691aa378-6867-4f91-8a76-7ae69b8d0dbe 385405652b74463ca36119e213a84b2c e169fa6db0c147f283ae7c6a936117f3 - default default] 10.0.20.26 "GET /v2.0/networks?id=5ead17bb-8ba9-4f80-b658-f5f870449a20 HTTP/1.1" status: 200  len: 885 time: 0.2312748
2018-09-29 14:30:55.438 10413 INFO neutron.wsgi [req-34164e0d-9a2d-4ba3-a0b6-24160e689cb1 385405652b74463ca36119e213a84b2c e169fa6db0c147f283ae7c6a936117f3 - default default] 10.0.20.26 "GET /v2.0/floatingips?fixed_ip_address=11.60.1.10&port_id=188b52a7-03a4-45f7-bbf4-19478bda9b5d HTTP/1.1" status: 200  len: 750 time: 0.0439460
2018-09-29 14:30:55.579 10413 DEBUG neutron.pecan_wsgi.hooks.policy_enforcement [req-86b6fd75-274f-4876-a5e4-09d7009f6976 385405652b74463ca36119e213a84b2c e169fa6db0c147f283ae7c6a936117f3 - default default] Attributes excluded by policy engine: [u'shared', u'segment_id'] _exclude_attributes_by_policy /usr/lib/python2.7/site-packages/neutron/pecan_wsgi/hooks/policy_enforcement.py:256
2018-09-29 14:30:55.582 10413 INFO neutron.wsgi [req-86b6fd75-274f-4876-a5e4-09d7009f6976 385405652b74463ca36119e213a84b2c e169fa6db0c147f283ae7c6a936117f3 - default default] 10.0.20.26 "GET /v2.0/subnets?id=3a1a3405-52b3-4163-b661-a455875df906 HTTP/1.1" status: 200  len: 843 time: 0.1368630
2018-09-29 14:30:55.709 10413 INFO neutron.wsgi [req-e3d0431d-7b93-4478-a9d6-1f22a06eae9c 385405652b74463ca36119e213a84b2c e169fa6db0c147f283ae7c6a936117f3 - default default] 10.0.20.26 "GET /v2.0/ports?network_id=5ead17bb-8ba9-4f80-b658-f5f870449a20&device_owner=network%3Adhcp HTTP/1.1" status: 200  len: 1127 time: 0.1200509
2018-09-29 14:30:58.874 10422 DEBUG neutron.plugins.ml2.rpc [req-81b3ae07-e8d1-4c32-a0a6-b0a87a79c1d3 - - - - -] Device 188b52a7-03a4-45f7-bbf4-19478bda9b5d no longer exists at agent ovs-agent-localhost.localdomain update_device_down /usr/lib/python2.7/site-packages/neutron/plugins/ml2/rpc.py:213
2018-09-29 14:30:58.894 10421 DEBUG neutron_lib.callbacks.manager [req-b2d06496-ba53-4aad-b549-3b1515604c02 - - - - -] Notify callbacks ['neutron.services.segments.db._update_segment_host_mapping_for_agent-8777626842794'] for agent, after_update _notify_loop /usr/lib/python2.7/site-packages/neutron_lib/callbacks/manager.py:167
2018-09-29 14:30:58.980 10422 DEBUG neutron_lib.callbacks.manager [req-678bc549-5e50-4043-a665-b71533c16e69 - - - - -] Notify callbacks ['neutron.services.segments.db._update_segment_host_mapping_for_agent-8777626842794'] for agent, after_update _notify_loop /usr/lib/python2.7/site-packages/neutron_lib/callbacks/manager.py:167
2018-09-29 14:30:59.195 10422 DEBUG neutron_lib.callbacks.manager [req-81b3ae07-e8d1-4c32-a0a6-b0a87a79c1d3 - - - - -] Notify callbacks ['neutron.plugins.ml2.plugin.Ml2Plugin._ensure_default_security_group_handler-507951'] for port, before_update _notify_loop /usr/lib/python2.7/site-packages/neutron_lib/callbacks/manager.py:167
2018-09-29 14:30:59.337 10422 DEBUG oslo_concurrency.lockutils [-] Lock "notifier-1d079393-a429-45d1-b46a-ebc28143b27e" acquired by "neutron.notifiers.batch_notifier.synced_send" :: waited 0.000s inner /usr/lib/python2.7/site-packages/oslo_concurrency/lockutils.py:270
2018-09-29 14:30:59.338 10422 DEBUG neutron.notifiers.nova [-] Sending events: [{'status': 'completed', 'tag': u'188b52a7-03a4-45f7-bbf4-19478bda9b5d', 'name': 'network-vif-unplugged', 'server_uuid': u'ad4c69dc-6ea4-4537-9b27-5bfb6e4474f8'}] send_events /usr/lib/python2.7/site-packages/neutron/notifiers/nova.py:242
2018-09-29 14:30:59.356 10422 DEBUG neutron.plugins.ml2.db [req-81b3ae07-e8d1-4c32-a0a6-b0a87a79c1d3 - - - - -] For port 188b52a7-03a4-45f7-bbf4-19478bda9b5d, host localhost.localdomain, got binding levels [<neutron.plugins.ml2.models.PortBindingLevel[object at 7fbb3468ff90] {port_id=u'188b52a7-03a4-45f7-bbf4-19478bda9b5d', host=u'localhost.localdomain', level=0, driver=u'openvswitch', segment_id=u'5f6e5b97-079a-412f-9ed0-b9ebabfd06e0'}>] get_binding_levels /usr/lib/python2.7/site-packages/neutron/plugins/ml2/db.py:106
2018-09-29 14:30:59.378 10422 DEBUG neutron_lib.callbacks.manager [req-81b3ae07-e8d1-4c32-a0a6-b0a87a79c1d3 - - - - -] Notify callbacks ['neutron.plugins.ml2.plugin.Ml2Plugin.notify_sg_on_port_change-515464', 'neutron.db.l3_dvrscheduler_db._notify_l3_agent_port_update-8777626480825', 'neutron.plugins.ml2.ovo_rpc._ObjectChangeHandler.handle_event--9223372036853137758', 'neutron.db.l3_hascheduler_db._notify_l3_agent_ha_port_update--9223363259228293876', 'neutron.api.rpc.agentnotifiers.dhcp_rpc_agent_api.DhcpAgentNotifyAPI._native_event_send_dhcp_notification-1485738'] for port, after_update _notify_loop /usr/lib/python2.7/site-packages/neutron_lib/callbacks/manager.py:167
2018-09-29 14:30:59.412 10422 DEBUG oslo_concurrency.lockutils [-] Lock "event-dispatch" acquired by "neutron.plugins.ml2.ovo_rpc.dispatch_events" :: waited 0.000s inner /usr/lib/python2.7/site-packages/oslo_concurrency/lockutils.py:270
2018-09-29 14:30:59.618 10422 DEBUG neutron.api.rpc.handlers.resources_rpc [req-81b3ae07-e8d1-4c32-a0a6-b0a87a79c1d3 - - - - -] neutron.api.rpc.handlers.resources_rpc.ResourcesPushRpcApi method push called with arguments (<neutron_lib.context.Context object at 0x7fbb346308d0>, [Port(admin_state_up=True,allowed_address_pairs=[],binding=PortBinding,binding_levels=[PortBindingLevel],created_at=2018-09-29T18:28:08Z,data_plane_status=<?>,description='',device_id='ad4c69dc-6ea4-4537-9b27-5bfb6e4474f8',device_owner='compute:nova',dhcp_options=[],distributed_binding=None,dns=None,fixed_ips=[IPAllocation],id=188b52a7-03a4-45f7-bbf4-19478bda9b5d,mac_address=fa:16:3e:92:76:a3,name='',network_id=5ead17bb-8ba9-4f80-b658-f5f870449a20,project_id='2936d597525e4992affe40574cd92be2',qos_policy_id=None,revision_number=7,security=PortSecurity(188b52a7-03a4-45f7-bbf4-19478bda9b5d),security_group_ids=set([d6903ad0-4da1-4761-8c25-014f4d2ad6bd]),status='DOWN',updated_at=2018-09-29T18:30:59Z)], 'updated') {} wrapper /usr/lib/python2.7/site-packages/oslo_log/helpers.py:66
2018-09-29 14:30:59.684 10422 DEBUG neutron.api.rpc.callbacks.version_manager [req-81b3ae07-e8d1-4c32-a0a6-b0a87a79c1d3 - - - - -] Version for resource type Subnet changed None to 1.0 on consumer Open vSwitch agent@localhost.localdomain _set_version /usr/lib/python2.7/site-packages/neutron/api/rpc/callbacks/version_manager.py:119
2018-09-29 14:30:59.686 10422 DEBUG neutron.api.rpc.callbacks.version_manager [req-81b3ae07-e8d1-4c32-a0a6-b0a87a79c1d3 - - - - -] Version for resource type Network changed None to 1.0 on consumer Open vSwitch agent@localhost.localdomain _set_version /usr/lib/python2.7/site-packages/neutron/api/rpc/callbacks/version_manager.py:119
2018-09-29 14:30:59.687 10422 DEBUG neutron.api.rpc.callbacks.version_manager [req-81b3ae07-e8d1-4c32-a0a6-b0a87a79c1d3 - - - - -] Version for resource type SubPort changed None to 1.0 on consumer Open vSwitch agent@localhost.localdomain _set_version /usr/lib/python2.7/site-packages/neutron/api/rpc/callbacks/version_manager.py:119
2018-09-29 14:30:59.688 10422 DEBUG neutron.api.rpc.callbacks.version_manager [req-81b3ae07-e8d1-4c32-a0a6-b0a87a79c1d3 - - - - -] Version for resource type SecurityGroup changed None to 1.0 on consumer Open vSwitch agent@localhost.localdomain _set_version /usr/lib/python2.7/site-packages/neutron/api/rpc/callbacks/version_manager.py:119
2018-09-29 14:30:59.688 10422 DEBUG neutron.api.rpc.callbacks.version_manager [req-81b3ae07-e8d1-4c32-a0a6-b0a87a79c1d3 - - - - -] Version for resource type SecurityGroupRule changed None to 1.0 on consumer Open vSwitch agent@localhost.localdomain _set_version /usr/lib/python2.7/site-packages/neutron/api/rpc/callbacks/version_manager.py:119
2018-09-29 14:30:59.688 10422 DEBUG neutron.api.rpc.callbacks.version_manager [req-81b3ae07-e8d1-4c32-a0a6-b0a87a79c1d3 - - - - -] Version for resource type Trunk changed None to 1.1 on consumer Open vSwitch agent@localhost.localdomain _set_version /usr/lib/python2.7/site-packages/neutron/api/rpc/callbacks/version_manager.py:119
2018-09-29 14:30:59.689 10422 DEBUG neutron.api.rpc.callbacks.version_manager [req-81b3ae07-e8d1-4c32-a0a6-b0a87a79c1d3 - - - - -] Version for resource type QosPolicy changed None to 1.6 on consumer Open vSwitch agent@localhost.localdomain _set_version /usr/lib/python2.7/site-packages/neutron/api/rpc/callbacks/version_manager.py:119
2018-09-29 14:30:59.689 10422 DEBUG neutron.api.rpc.callbacks.version_manager [req-81b3ae07-e8d1-4c32-a0a6-b0a87a79c1d3 - - - - -] Version for resource type Port changed None to 1.1 on consumer Open vSwitch agent@localhost.localdomain _set_version /usr/lib/python2.7/site-packages/neutron/api/rpc/callbacks/version_manager.py:119
2018-09-29 14:30:59.693 10422 DEBUG neutron.api.rpc.callbacks.version_manager [req-81b3ae07-e8d1-4c32-a0a6-b0a87a79c1d3 - - - - -] Version for resource type Log changed None to 1.0 on consumer Open vSwitch agent@localhost.localdomain _set_version /usr/lib/python2.7/site-packages/neutron/api/rpc/callbacks/version_manager.py:119
2018-09-29 14:30:59.731 10422 DEBUG oslo_concurrency.lockutils [req-81b3ae07-e8d1-4c32-a0a6-b0a87a79c1d3 - - - - -] Lock "event-dispatch" released by "neutron.plugins.ml2.ovo_rpc.dispatch_events" :: held 0.320s inner /usr/lib/python2.7/site-packages/oslo_concurrency/lockutils.py:282
2018-09-29 14:30:59.750 10424 DEBUG neutron_lib.callbacks.manager [req-3eba286f-f2b2-410f-9aed-c8b6d29baed2 - - - - -] Notify callbacks ['neutron.services.segments.db._update_segment_host_mapping_for_agent-8777626842794'] for agent, after_update _notify_loop /usr/lib/python2.7/site-packages/neutron_lib/callbacks/manager.py:167
2018-09-29 14:31:00.520 10422 DEBUG novaclient.v2.client [-] REQ: curl -g -i -X POST http://10.0.20.26:8774/v2.1/e169fa6db0c147f283ae7c6a936117f3/os-server-external-events -H "User-Agent: python-novaclient" -H "Content-Type: application/json" -H "Accept: application/json" -H "X-OpenStack-Nova-API-Version: 2.1" -H "X-Auth-Token: {SHA1}8ad773a7967a5918587e493e9bf5d5e6a7f2a446" -d '{"events": [{"status": "completed", "tag": "188b52a7-03a4-45f7-bbf4-19478bda9b5d", "name": "network-vif-unplugged", "server_uuid": "ad4c69dc-6ea4-4537-9b27-5bfb6e4474f8"}]}' _http_log_request /usr/lib/python2.7/site-packages/keystoneauth1/session.py:375
2018-09-29 14:31:01.126 10422 DEBUG novaclient.v2.client [-] RESP: [200] Content-Length: 185 Content-Type: application/json Openstack-Api-Version: compute 2.1 X-Openstack-Nova-Api-Version: 2.1 Vary: OpenStack-API-Version, X-OpenStack-Nova-API-Version X-Openstack-Request-Id: req-d427554d-dd07-473c-8983-fc1b8b42b7b2 X-Compute-Request-Id: req-d427554d-dd07-473c-8983-fc1b8b42b7b2 Date: Sat, 29 Sep 2018 18:31:01 GMT Connection: keep-alive 
RESP BODY: {"events": [{"status": "completed", "tag": "188b52a7-03a4-45f7-bbf4-19478bda9b5d", "name": "network-vif-unplugged", "server_uuid": "ad4c69dc-6ea4-4537-9b27-5bfb6e4474f8", "code": 200}]}
 _http_log_response /usr/lib/python2.7/site-packages/keystoneauth1/session.py:423
2018-09-29 14:31:01.127 10422 DEBUG novaclient.v2.client [-] POST call to compute for http://10.0.20.26:8774/v2.1/e169fa6db0c147f283ae7c6a936117f3/os-server-external-events used request id req-d427554d-dd07-473c-8983-fc1b8b42b7b2 request /usr/lib/python2.7/site-packages/keystoneauth1/session.py:727
2018-09-29 14:31:01.136 10422 INFO neutron.notifiers.nova [-] Nova event response: {u'status': u'completed', u'tag': u'188b52a7-03a4-45f7-bbf4-19478bda9b5d', u'name': u'network-vif-unplugged', u'server_uuid': u'ad4c69dc-6ea4-4537-9b27-5bfb6e4474f8', u'code': 200}
2018-09-29 14:31:03.137 10414 INFO neutron.wsgi [req-f8120af7-cb96-4935-a9a4-453206c06c54 bbd46ecff54f4f099773ef531565cd6f 2936d597525e4992affe40574cd92be2 - 3b0abb45f0c649f09578f2599981b638 3b0abb45f0c649f09578f2599981b638] 10.0.20.26 "GET /v2.0/ports?device_id=ad4c69dc-6ea4-4537-9b27-5bfb6e4474f8 HTTP/1.1" status: 200  len: 1122 time: 0.8486719
2018-09-29 14:31:03.139 10422 DEBUG oslo_concurrency.lockutils [-] Lock "notifier-1d079393-a429-45d1-b46a-ebc28143b27e" released by "neutron.notifiers.batch_notifier.synced_send" :: held 3.803s inner /usr/lib/python2.7/site-packages/oslo_concurrency/lockutils.py:282
2018-09-29 14:31:03.232 10413 INFO neutron.wsgi [req-cfa20ad7-c093-47f0-a5f8-1cd16b4a1925 385405652b74463ca36119e213a84b2c e169fa6db0c147f283ae7c6a936117f3 - default default] 10.0.20.26 "GET /v2.0/ports?tenant_id=2936d597525e4992affe40574cd92be2&device_id=ad4c69dc-6ea4-4537-9b27-5bfb6e4474f8 HTTP/1.1" status: 200  len: 1122 time: 0.1707149
2018-09-29 14:31:03.323 10414 INFO neutron.wsgi [req-f7962e9e-eeef-4f24-9b0f-d0571d4847f4 bbd46ecff54f4f099773ef531565cd6f 2936d597525e4992affe40574cd92be2 - 3b0abb45f0c649f09578f2599981b638 3b0abb45f0c649f09578f2599981b638] 10.0.20.26 "GET /v2.0/security-groups?id=d6903ad0-4da1-4761-8c25-014f4d2ad6bd HTTP/1.1" status: 200  len: 2118 time: 0.1780701
2018-09-29 14:31:03.574 10413 DEBUG neutron.pecan_wsgi.hooks.policy_enforcement [req-5bd86925-0100-4446-94c1-4900ebe7cdd6 385405652b74463ca36119e213a84b2c e169fa6db0c147f283ae7c6a936117f3 - default default] Attributes excluded by policy engine: [u'vlan_transparent'] _exclude_attributes_by_policy /usr/lib/python2.7/site-packages/neutron/pecan_wsgi/hooks/policy_enforcement.py:256
2018-09-29 14:31:03.577 10413 INFO neutron.wsgi [req-5bd86925-0100-4446-94c1-4900ebe7cdd6 385405652b74463ca36119e213a84b2c e169fa6db0c147f283ae7c6a936117f3 - default default] 10.0.20.26 "GET /v2.0/networks?id=5ead17bb-8ba9-4f80-b658-f5f870449a20 HTTP/1.1" status: 200  len: 885 time: 0.3367920
2018-09-29 14:31:03.637 10413 INFO neutron.wsgi [req-985da038-4292-45a9-849e-d246298ed969 385405652b74463ca36119e213a84b2c e169fa6db0c147f283ae7c6a936117f3 - default default] 10.0.20.26 "GET /v2.0/floatingips?fixed_ip_address=11.60.1.10&port_id=188b52a7-03a4-45f7-bbf4-19478bda9b5d HTTP/1.1" status: 200  len: 750 time: 0.0521760
2018-09-29 14:31:03.831 10413 DEBUG neutron.pecan_wsgi.hooks.policy_enforcement [req-8d2a6f4c-32ac-4dd1-8728-855355007f46 385405652b74463ca36119e213a84b2c e169fa6db0c147f283ae7c6a936117f3 - default default] Attributes excluded by policy engine: [u'shared', u'segment_id'] _exclude_attributes_by_policy /usr/lib/python2.7/site-packages/neutron/pecan_wsgi/hooks/policy_enforcement.py:256
2018-09-29 14:31:03.834 10413 INFO neutron.wsgi [req-8d2a6f4c-32ac-4dd1-8728-855355007f46 385405652b74463ca36119e213a84b2c e169fa6db0c147f283ae7c6a936117f3 - default default] 10.0.20.26 "GET /v2.0/subnets?id=3a1a3405-52b3-4163-b661-a455875df906 HTTP/1.1" status: 200  len: 843 time: 0.1906681
2018-09-29 14:31:04.036 10413 INFO neutron.wsgi [req-9f44dd02-acbb-4f15-9fc3-b0880e1f72e0 385405652b74463ca36119e213a84b2c e169fa6db0c147f283ae7c6a936117f3 - default default] 10.0.20.26 "GET /v2.0/ports?network_id=5ead17bb-8ba9-4f80-b658-f5f870449a20&device_owner=network%3Adhcp HTTP/1.1" status: 200  len: 1127 time: 0.1892831
2018-09-29 14:31:04.630 10420 DEBUG neutron_lib.callbacks.manager [req-81b48e59-68a2-4c7d-a7ad-285e2b9c4b4e - - - - -] Notify callbacks ['neutron.services.segments.db._update_segment_host_mapping_for_agent-8777626842794'] for agent, after_update _notify_loop /usr/lib/python2.7/site-packages/neutron_lib/callbacks/manager.py:167
2018-09-29 14:31:07.034 10423 DEBUG neutron.plugins.ml2.rpc [req-81b3ae07-e8d1-4c32-a0a6-b0a87a79c1d3 - - - - -] Device 188b52a7-03a4-45f7-bbf4-19478bda9b5d up at agent ovs-agent-localhost.localdomain update_device_up /usr/lib/python2.7/site-packages/neutron/plugins/ml2/rpc.py:244
2018-09-29 14:31:07.182 10423 DEBUG neutron.db.provisioning_blocks [req-81b3ae07-e8d1-4c32-a0a6-b0a87a79c1d3 - - - - -] Provisioning complete for port 188b52a7-03a4-45f7-bbf4-19478bda9b5d triggered by entity L2. provisioning_complete /usr/lib/python2.7/site-packages/neutron/db/provisioning_blocks.py:138
2018-09-29 14:31:07.183 10423 DEBUG neutron_lib.callbacks.manager [req-81b3ae07-e8d1-4c32-a0a6-b0a87a79c1d3 - - - - -] Notify callbacks ['neutron.plugins.ml2.plugin.Ml2Plugin._port_provisioned--9223372036854108944'] for port, provisioning_complete _notify_loop /usr/lib/python2.7/site-packages/neutron_lib/callbacks/manager.py:167
2018-09-29 14:31:07.444 10423 DEBUG neutron_lib.callbacks.manager [req-81b3ae07-e8d1-4c32-a0a6-b0a87a79c1d3 - - - - -] Notify callbacks ['neutron.plugins.ml2.plugin.Ml2Plugin._ensure_default_security_group_handler-507951'] for port, before_update _notify_loop /usr/lib/python2.7/site-packages/neutron_lib/callbacks/manager.py:167
2018-09-29 14:31:07.534 10423 DEBUG oslo_concurrency.lockutils [-] Lock "notifier-1d079393-a429-45d1-b46a-ebc28143b27e" acquired by "neutron.notifiers.batch_notifier.synced_send" :: waited 0.000s inner /usr/lib/python2.7/site-packages/oslo_concurrency/lockutils.py:270
2018-09-29 14:31:07.534 10423 DEBUG neutron.notifiers.nova [-] Sending events: [{'status': 'completed', 'tag': u'188b52a7-03a4-45f7-bbf4-19478bda9b5d', 'name': 'network-vif-plugged', 'server_uuid': u'ad4c69dc-6ea4-4537-9b27-5bfb6e4474f8'}] send_events /usr/lib/python2.7/site-packages/neutron/notifiers/nova.py:242
2018-09-29 14:31:07.547 10423 DEBUG neutron.plugins.ml2.db [req-81b3ae07-e8d1-4c32-a0a6-b0a87a79c1d3 - - - - -] For port 188b52a7-03a4-45f7-bbf4-19478bda9b5d, host localhost.localdomain, got binding levels [<neutron.plugins.ml2.models.PortBindingLevel[object at 7fbb3417f090] {port_id=u'188b52a7-03a4-45f7-bbf4-19478bda9b5d', host=u'localhost.localdomain', level=0, driver=u'openvswitch', segment_id=u'5f6e5b97-079a-412f-9ed0-b9ebabfd06e0'}>] get_binding_levels /usr/lib/python2.7/site-packages/neutron/plugins/ml2/db.py:106
2018-09-29 14:31:07.583 10423 DEBUG neutron_lib.callbacks.manager [req-81b3ae07-e8d1-4c32-a0a6-b0a87a79c1d3 - - - - -] Notify callbacks ['neutron.plugins.ml2.plugin.Ml2Plugin.notify_sg_on_port_change-515464', 'neutron.db.l3_dvrscheduler_db._notify_l3_agent_port_update-8777626480825', 'neutron.plugins.ml2.ovo_rpc._ObjectChangeHandler.handle_event--9223372036853137758', 'neutron.db.l3_hascheduler_db._notify_l3_agent_ha_port_update--9223363259228293876', 'neutron.api.rpc.agentnotifiers.dhcp_rpc_agent_api.DhcpAgentNotifyAPI._native_event_send_dhcp_notification-1485738'] for port, after_update _notify_loop /usr/lib/python2.7/site-packages/neutron_lib/callbacks/manager.py:167
2018-09-29 14:31:07.622 10423 DEBUG oslo_concurrency.lockutils [-] Lock "event-dispatch" acquired by "neutron.plugins.ml2.ovo_rpc.dispatch_events" :: waited 0.000s inner /usr/lib/python2.7/site-packages/oslo_concurrency/lockutils.py:270
2018-09-29 14:31:07.809 10423 DEBUG neutron.api.rpc.handlers.resources_rpc [req-81b3ae07-e8d1-4c32-a0a6-b0a87a79c1d3 - - - - -] neutron.api.rpc.handlers.resources_rpc.ResourcesPushRpcApi method push called with arguments (<neutron_lib.context.Context object at 0x7fbb3417f610>, [Port(admin_state_up=True,allowed_address_pairs=[],binding=PortBinding,binding_levels=[PortBindingLevel],created_at=2018-09-29T18:28:08Z,data_plane_status=<?>,description='',device_id='ad4c69dc-6ea4-4537-9b27-5bfb6e4474f8',device_owner='compute:nova',dhcp_options=[],distributed_binding=None,dns=None,fixed_ips=[IPAllocation],id=188b52a7-03a4-45f7-bbf4-19478bda9b5d,mac_address=fa:16:3e:92:76:a3,name='',network_id=5ead17bb-8ba9-4f80-b658-f5f870449a20,project_id='2936d597525e4992affe40574cd92be2',qos_policy_id=None,revision_number=8,security=PortSecurity(188b52a7-03a4-45f7-bbf4-19478bda9b5d),security_group_ids=set([d6903ad0-4da1-4761-8c25-014f4d2ad6bd]),status='ACTIVE',updated_at=2018-09-29T18:31:07Z)], 'updated') {} wrapper /usr/lib/python2.7/site-packages/oslo_log/helpers.py:66
2018-09-29 14:31:07.835 10423 DEBUG neutron.api.rpc.callbacks.version_manager [req-81b3ae07-e8d1-4c32-a0a6-b0a87a79c1d3 - - - - -] Version for resource type Subnet changed None to 1.0 on consumer Open vSwitch agent@localhost.localdomain _set_version /usr/lib/python2.7/site-packages/neutron/api/rpc/callbacks/version_manager.py:119
2018-09-29 14:31:07.836 10423 DEBUG neutron.api.rpc.callbacks.version_manager [req-81b3ae07-e8d1-4c32-a0a6-b0a87a79c1d3 - - - - -] Version for resource type Network changed None to 1.0 on consumer Open vSwitch agent@localhost.localdomain _set_version /usr/lib/python2.7/site-packages/neutron/api/rpc/callbacks/version_manager.py:119
2018-09-29 14:31:07.837 10423 DEBUG neutron.api.rpc.callbacks.version_manager [req-81b3ae07-e8d1-4c32-a0a6-b0a87a79c1d3 - - - - -] Version for resource type SubPort changed None to 1.0 on consumer Open vSwitch agent@localhost.localdomain _set_version /usr/lib/python2.7/site-packages/neutron/api/rpc/callbacks/version_manager.py:119
2018-09-29 14:31:07.838 10423 DEBUG neutron.api.rpc.callbacks.version_manager [req-81b3ae07-e8d1-4c32-a0a6-b0a87a79c1d3 - - - - -] Version for resource type SecurityGroup changed None to 1.0 on consumer Open vSwitch agent@localhost.localdomain _set_version /usr/lib/python2.7/site-packages/neutron/api/rpc/callbacks/version_manager.py:119
2018-09-29 14:31:07.839 10423 DEBUG neutron.api.rpc.callbacks.version_manager [req-81b3ae07-e8d1-4c32-a0a6-b0a87a79c1d3 - - - - -] Version for resource type SecurityGroupRule changed None to 1.0 on consumer Open vSwitch agent@localhost.localdomain _set_version /usr/lib/python2.7/site-packages/neutron/api/rpc/callbacks/version_manager.py:119
2018-09-29 14:31:07.840 10423 DEBUG neutron.api.rpc.callbacks.version_manager [req-81b3ae07-e8d1-4c32-a0a6-b0a87a79c1d3 - - - - -] Version for resource type Trunk changed None to 1.1 on consumer Open vSwitch agent@localhost.localdomain _set_version /usr/lib/python2.7/site-packages/neutron/api/rpc/callbacks/version_manager.py:119
2018-09-29 14:31:07.841 10423 DEBUG neutron.api.rpc.callbacks.version_manager [req-81b3ae07-e8d1-4c32-a0a6-b0a87a79c1d3 - - - - -] Version for resource type QosPolicy changed None to 1.6 on consumer Open vSwitch agent@localhost.localdomain _set_version /usr/lib/python2.7/site-packages/neutron/api/rpc/callbacks/version_manager.py:119
2018-09-29 14:31:07.842 10423 DEBUG neutron.api.rpc.callbacks.version_manager [req-81b3ae07-e8d1-4c32-a0a6-b0a87a79c1d3 - - - - -] Version for resource type Port changed None to 1.1 on consumer Open vSwitch agent@localhost.localdomain _set_version /usr/lib/python2.7/site-packages/neutron/api/rpc/callbacks/version_manager.py:119
2018-09-29 14:31:07.843 10423 DEBUG neutron.api.rpc.callbacks.version_manager [req-81b3ae07-e8d1-4c32-a0a6-b0a87a79c1d3 - - - - -] Version for resource type Log changed None to 1.0 on consumer Open vSwitch agent@localhost.localdomain _set_version /usr/lib/python2.7/site-packages/neutron/api/rpc/callbacks/version_manager.py:119
2018-09-29 14:31:07.879 10423 DEBUG oslo_concurrency.lockutils [req-81b3ae07-e8d1-4c32-a0a6-b0a87a79c1d3 - - - - -] Lock "event-dispatch" released by "neutron.plugins.ml2.ovo_rpc.dispatch_events" :: held 0.258s inner /usr/lib/python2.7/site-packages/oslo_concurrency/lockutils.py:282
2018-09-29 14:31:08.697 10423 DEBUG novaclient.v2.client [-] REQ: curl -g -i -X POST http://10.0.20.26:8774/v2.1/e169fa6db0c147f283ae7c6a936117f3/os-server-external-events -H "User-Agent: python-novaclient" -H "Content-Type: application/json" -H "Accept: application/json" -H "X-OpenStack-Nova-API-Version: 2.1" -H "X-Auth-Token: {SHA1}ae7f2419361120e3c0cf177b28bdf6ab8ff5ba3a" -d '{"events": [{"status": "completed", "tag": "188b52a7-03a4-45f7-bbf4-19478bda9b5d", "name": "network-vif-plugged", "server_uuid": "ad4c69dc-6ea4-4537-9b27-5bfb6e4474f8"}]}' _http_log_request /usr/lib/python2.7/site-packages/keystoneauth1/session.py:375
2018-09-29 14:31:08.860 10424 DEBUG neutron.plugins.ml2.rpc [req-81b3ae07-e8d1-4c32-a0a6-b0a87a79c1d3 - - - - -] Device 188b52a7-03a4-45f7-bbf4-19478bda9b5d up at agent ovs-agent-localhost.localdomain update_device_up /usr/lib/python2.7/site-packages/neutron/plugins/ml2/rpc.py:244
2018-09-29 14:31:08.998 10424 DEBUG neutron.db.provisioning_blocks [req-81b3ae07-e8d1-4c32-a0a6-b0a87a79c1d3 - - - - -] Provisioning complete for port 188b52a7-03a4-45f7-bbf4-19478bda9b5d triggered by entity L2. provisioning_complete /usr/lib/python2.7/site-packages/neutron/db/provisioning_blocks.py:138
2018-09-29 14:31:08.999 10424 DEBUG neutron_lib.callbacks.manager [req-81b3ae07-e8d1-4c32-a0a6-b0a87a79c1d3 - - - - -] Notify callbacks ['neutron.plugins.ml2.plugin.Ml2Plugin._port_provisioned--9223372036854108944'] for port, provisioning_complete _notify_loop /usr/lib/python2.7/site-packages/neutron_lib/callbacks/manager.py:167
2018-09-29 14:31:09.522 10423 DEBUG novaclient.v2.client [-] RESP: [200] Content-Length: 183 Content-Type: application/json Openstack-Api-Version: compute 2.1 X-Openstack-Nova-Api-Version: 2.1 Vary: OpenStack-API-Version, X-OpenStack-Nova-API-Version X-Openstack-Request-Id: req-8d869529-9f30-4d10-89cd-c611726610b1 X-Compute-Request-Id: req-8d869529-9f30-4d10-89cd-c611726610b1 Date: Sat, 29 Sep 2018 18:31:09 GMT Connection: keep-alive 
RESP BODY: {"events": [{"status": "completed", "tag": "188b52a7-03a4-45f7-bbf4-19478bda9b5d", "name": "network-vif-plugged", "server_uuid": "ad4c69dc-6ea4-4537-9b27-5bfb6e4474f8", "code": 200}]}
 _http_log_response /usr/lib/python2.7/site-packages/keystoneauth1/session.py:423
2018-09-29 14:31:09.523 10423 DEBUG novaclient.v2.client [-] POST call to compute for http://10.0.20.26:8774/v2.1/e169fa6db0c147f283ae7c6a936117f3/os-server-external-events used request id req-8d869529-9f30-4d10-89cd-c611726610b1 request /usr/lib/python2.7/site-packages/keystoneauth1/session.py:727
2018-09-29 14:31:09.530 10423 INFO neutron.notifiers.nova [-] Nova event response: {u'status': u'completed', u'tag': u'188b52a7-03a4-45f7-bbf4-19478bda9b5d', u'name': u'network-vif-plugged', u'server_uuid': u'ad4c69dc-6ea4-4537-9b27-5bfb6e4474f8', u'code': 200}
2018-09-29 14:31:11.532 10423 DEBUG oslo_concurrency.lockutils [-] Lock "notifier-1d079393-a429-45d1-b46a-ebc28143b27e" released by "neutron.notifiers.batch_notifier.synced_send" :: held 3.998s inner /usr/lib/python2.7/site-packages/oslo_concurrency/lockutils.py:282
2018-09-29 14:31:13.521 10427 DEBUG neutron.db.agents_db [req-3895e71d-c82c-4d69-8cbe-14dd6ebb3f1e - - - - -] Agent healthcheck: found 5 active agents agent_health_check /usr/lib/python2.7/site-packages/neutron/db/agents_db.py:281
2018-09-29 14:31:15.073 10415 INFO neutron.wsgi [req-3a6a0740-f25f-4bf1-8d67-8171b467efd1 bbd46ecff54f4f099773ef531565cd6f 2936d597525e4992affe40574cd92be2 - 3b0abb45f0c649f09578f2599981b638 3b0abb45f0c649f09578f2599981b638] 10.0.20.26 "GET /v2.0/ports?device_id=ad4c69dc-6ea4-4537-9b27-5bfb6e4474f8 HTTP/1.1" status: 200  len: 1124 time: 1.0717402
2018-09-29 14:31:15.194 10415 INFO neutron.wsgi [req-571aab55-6104-4e50-aa4e-95198fc324f5 bbd46ecff54f4f099773ef531565cd6f 2936d597525e4992affe40574cd92be2 - 3b0abb45f0c649f09578f2599981b638 3b0abb45f0c649f09578f2599981b638] 10.0.20.26 "GET /v2.0/security-groups?id=d6903ad0-4da1-4761-8c25-014f4d2ad6bd HTTP/1.1" status: 200  len: 2118 time: 0.1136971
2018-09-29 14:31:18.307 10425 DEBUG neutron_lib.callbacks.manager [req-81b3ae07-e8d1-4c32-a0a6-b0a87a79c1d3 - - - - -] Notify callbacks ['neutron.services.segments.db._update_segment_host_mapping_for_agent-8777626842794'] for agent, after_update _notify_loop /usr/lib/python2.7/site-packages/neutron_lib/callbacks/manager.py:167
2018-09-29 14:31:28.856 10423 DEBUG neutron_lib.callbacks.manager [req-678bc549-5e50-4043-a665-b71533c16e69 - - - - -] Notify callbacks ['neutron.services.segments.db._update_segment_host_mapping_for_agent-8777626842794'] for agent, after_update _notify_loop /usr/lib/python2.7/site-packages/neutron_lib/callbacks/manager.py:167
2018-09-29 14:31:28.861 10418 DEBUG neutron_lib.callbacks.manager [req-b2d06496-ba53-4aad-b549-3b1515604c02 - - - - -] Notify callbacks ['neutron.services.segments.db._update_segment_host_mapping_for_agent-8777626842794'] for agent, after_update _notify_loop /usr/lib/python2.7/site-packages/neutron_lib/callbacks/manager.py:167
2018-09-29 14:31:29.683 10426 DEBUG neutron_lib.callbacks.manager [req-29be5b9d-8367-48f1-afc3-1e91bc0ea957 - - - - -] Notify callbacks ['neutron.services.segments.db._update_segment_host_mapping_for_agent-8777626842794'] for agent, after_update _notify_loop /usr/lib/python2.7/site-packages/neutron_lib/callbacks/manager.py:167
2018-09-29 14:31:29.991 10413 INFO neutron.wsgi [req-87779742-c263-4284-bb5c-9383a1348fa1 319698b42b0949de845552aab263ff10 e169fa6db0c147f283ae7c6a936117f3 - default default] 10.0.20.26 "GET /v2.0/ports?device_id=ad4c69dc-6ea4-4537-9b27-5bfb6e4474f8 HTTP/1.1" status: 200  len: 1124 time: 1.2618091
2018-09-29 14:31:30.170 10413 INFO neutron.wsgi [req-14468085-1ffc-422b-91ca-bdf2278ba26d 319698b42b0949de845552aab263ff10 e169fa6db0c147f283ae7c6a936117f3 - default default] 10.0.20.26 "GET /v2.0/security-groups?id=d6903ad0-4da1-4761-8c25-014f4d2ad6bd HTTP/1.1" status: 200  len: 2118 time: 0.1603260
2018-09-29 14:31:34.616 10419 DEBUG neutron_lib.callbacks.manager [req-f9940676-732b-4b59-b8d8-9fb0b28bfe7c - - - - -] Notify callbacks ['neutron.services.segments.db._update_segment_host_mapping_for_agent-8777626842794'] for agent, after_update _notify_loop /usr/lib/python2.7/site-packages/neutron_lib/callbacks/manager.py:167
2018-09-29 14:31:35.670 10412 INFO neutron.wsgi [req-9402de7d-73e9-4d1f-b977-4ca2af667c5d 385405652b74463ca36119e213a84b2c e169fa6db0c147f283ae7c6a936117f3 - default default] 10.0.20.26 "GET /v2.0/ports?device_id=ad4c69dc-6ea4-4537-9b27-5bfb6e4474f8 HTTP/1.1" status: 200  len: 1124 time: 0.1071899
2018-09-29 14:31:35.802 10412 INFO neutron.wsgi [req-ca06c544-d8dd-4489-af35-07efc0250023 385405652b74463ca36119e213a84b2c e169fa6db0c147f283ae7c6a936117f3 - default default] 10.0.20.26 "GET /v2.0/security-groups?id=d6903ad0-4da1-4761-8c25-014f4d2ad6bd HTTP/1.1" status: 200  len: 2118 time: 0.1255109
2018-09-29 14:31:37.742 10414 INFO neutron.wsgi [req-fbcfa0ab-8397-4bae-94ac-5316968b56c6 385405652b74463ca36119e213a84b2c e169fa6db0c147f283ae7c6a936117f3 - default default] 10.0.20.26 "GET /v2.0/ports?device_id=ad4c69dc-6ea4-4537-9b27-5bfb6e4474f8 HTTP/1.1" status: 200  len: 1124 time: 0.6310790
2018-09-29 14:31:38.271 10414 INFO neutron.wsgi [req-e93e906d-3c32-4738-9f6d-7452174cb924 385405652b74463ca36119e213a84b2c e169fa6db0c147f283ae7c6a936117f3 - default default] 10.0.20.26 "GET /v2.0/security-groups?id=d6903ad0-4da1-4761-8c25-014f4d2ad6bd HTTP/1.1" status: 200  len: 2118 time: 0.5176580
2018-09-29 14:31:39.992 10410 INFO neutron.wsgi [req-6e217214-ce16-4c75-b24c-925b5fa5aedc 385405652b74463ca36119e213a84b2c e169fa6db0c147f283ae7c6a936117f3 - default default] 10.0.20.26 "GET /v2.0/ports?device_id=ad4c69dc-6ea4-4537-9b27-5bfb6e4474f8 HTTP/1.1" status: 200  len: 1124 time: 0.5339730
2018-09-29 14:31:40.105 10410 INFO neutron.wsgi [req-3b5ec52f-54bd-4299-8f7d-5b421483797a 385405652b74463ca36119e213a84b2c e169fa6db0c147f283ae7c6a936117f3 - default default] 10.0.20.26 "GET /v2.0/security-groups?id=d6903ad0-4da1-4761-8c25-014f4d2ad6bd HTTP/1.1" status: 200  len: 2118 time: 0.1065130
2018-09-29 14:31:40.878 10410 INFO neutron.wsgi [req-03b9a672-5b4d-4bc5-a6a7-72b3a59f0b7d 385405652b74463ca36119e213a84b2c e169fa6db0c147f283ae7c6a936117f3 - default default] 10.0.20.26 "GET /v2.0/ports?device_id=ad4c69dc-6ea4-4537-9b27-5bfb6e4474f8 HTTP/1.1" status: 200  len: 1124 time: 0.1187949
2018-09-29 14:31:40.985 10410 INFO neutron.wsgi [req-39908c90-580b-4f41-8e94-ccb986ecc6f6 385405652b74463ca36119e213a84b2c e169fa6db0c147f283ae7c6a936117f3 - default default] 10.0.20.26 "GET /v2.0/security-groups?id=d6903ad0-4da1-4761-8c25-014f4d2ad6bd HTTP/1.1" status: 200  len: 2118 time: 0.0995619
2018-09-29 14:31:41.573 10414 INFO neutron.wsgi [req-ddd0bb01-26b6-44e6-b9ce-eaafb8e1797b 385405652b74463ca36119e213a84b2c e169fa6db0c147f283ae7c6a936117f3 - default default] 10.0.20.26 "GET /v2.0/ports?device_id=ad4c69dc-6ea4-4537-9b27-5bfb6e4474f8 HTTP/1.1" status: 200  len: 1124 time: 0.1081579
2018-09-29 14:31:41.685 10414 INFO neutron.wsgi [req-83bb5d9a-2efb-4453-a687-12fb8fc4b191 385405652b74463ca36119e213a84b2c e169fa6db0c147f283ae7c6a936117f3 - default default] 10.0.20.26 "GET /v2.0/security-groups?id=d6903ad0-4da1-4761-8c25-014f4d2ad6bd HTTP/1.1" status: 200  len: 2118 time: 0.1064451
2018-09-29 14:31:42.419 10414 INFO neutron.wsgi [req-3efd8261-9719-4201-90e0-d80390b23a1d 385405652b74463ca36119e213a84b2c e169fa6db0c147f283ae7c6a936117f3 - default default] 10.0.20.26 "GET /v2.0/ports?device_id=ad4c69dc-6ea4-4537-9b27-5bfb6e4474f8 HTTP/1.1" status: 200  len: 1124 time: 0.1039860
2018-09-29 14:31:42.536 10414 INFO neutron.wsgi [req-c83c3c03-d9a6-4b77-be64-312aac4dccc7 385405652b74463ca36119e213a84b2c e169fa6db0c147f283ae7c6a936117f3 - default default] 10.0.20.26 "GET /v2.0/security-groups?id=d6903ad0-4da1-4761-8c25-014f4d2ad6bd HTTP/1.1" status: 200  len: 2118 time: 0.1100268
2018-09-29 14:31:44.293 10414 INFO neutron.wsgi [req-c19c222f-0526-46ee-bba0-8a9847ba54ef 385405652b74463ca36119e213a84b2c e169fa6db0c147f283ae7c6a936117f3 - default default] 10.0.20.26 "GET /v2.0/ports?device_id=ad4c69dc-6ea4-4537-9b27-5bfb6e4474f8 HTTP/1.1" status: 200  len: 1124 time: 0.0966251
2018-09-29 14:31:44.418 10414 INFO neutron.wsgi [req-cda3bfb8-9c97-4836-bb46-ec1401ced96e 385405652b74463ca36119e213a84b2c e169fa6db0c147f283ae7c6a936117f3 - default default] 10.0.20.26 "GET /v2.0/security-groups?id=d6903ad0-4da1-4761-8c25-014f4d2ad6bd HTTP/1.1" status: 200  len: 2118 time: 0.1156800
2018-09-29 14:31:48.314 10421 DEBUG neutron_lib.callbacks.manager [req-81b3ae07-e8d1-4c32-a0a6-b0a87a79c1d3 - - - - -] Notify callbacks ['neutron.services.segments.db._update_segment_host_mapping_for_agent-8777626842794'] for agent, after_update _notify_loop /usr/lib/python2.7/site-packages/neutron_lib/callbacks/manager.py:167
2018-09-29 14:31:50.518 10427 DEBUG neutron.db.agents_db [req-3895e71d-c82c-4d69-8cbe-14dd6ebb3f1e - - - - -] Agent healthcheck: found 5 active agents agent_health_check /usr/lib/python2.7/site-packages/neutron/db/agents_db.py:281
2018-09-29 14:31:58.841 10422 DEBUG neutron_lib.callbacks.manager [req-678bc549-5e50-4043-a665-b71533c16e69 - - - - -] Notify callbacks ['neutron.services.segments.db._update_segment_host_mapping_for_agent-8777626842794'] for agent, after_update _notify_loop /usr/lib/python2.7/site-packages/neutron_lib/callbacks/manager.py:167
2018-09-29 14:31:58.866 10424 DEBUG neutron_lib.callbacks.manager [req-b2d06496-ba53-4aad-b549-3b1515604c02 - - - - -] Notify callbacks ['neutron.services.segments.db._update_segment_host_mapping_for_agent-8777626842794'] for agent, after_update _notify_loop /usr/lib/python2.7/site-packages/neutron_lib/callbacks/manager.py:167
2018-09-29 14:31:59.623 10420 DEBUG neutron_lib.callbacks.manager [req-2ec5e78a-214d-45eb-bf95-0e831ec2e446 - - - - -] Notify callbacks ['neutron.services.segments.db._update_segment_host_mapping_for_agent-8777626842794'] for agent, after_update _notify_loop /usr/lib/python2.7/site-packages/neutron_lib/callbacks/manager.py:167
2018-09-29 14:32:04.621 10425 DEBUG neutron_lib.callbacks.manager [req-10e1a453-0b1d-4dc0-b380-7b291a0c2fb4 - - - - -] Notify callbacks ['neutron.services.segments.db._update_segment_host_mapping_for_agent-8777626842794'] for agent, after_update _notify_loop /usr/lib/python2.7/site-packages/neutron_lib/callbacks/manager.py:167
2018-09-29 14:32:07.671 10413 INFO neutron.wsgi [req-7b6df8c6-c206-4d99-8e2a-f7e0d6c42c51 385405652b74463ca36119e213a84b2c e169fa6db0c147f283ae7c6a936117f3 - default default] 10.0.20.26 "GET /v2.0/ports?tenant_id=2936d597525e4992affe40574cd92be2&device_id=ad4c69dc-6ea4-4537-9b27-5bfb6e4474f8 HTTP/1.1" status: 200  len: 1124 time: 0.1252398
2018-09-29 14:32:07.913 10413 DEBUG neutron.pecan_wsgi.hooks.policy_enforcement [req-991879b3-09ae-4605-9310-9bf27c04982d 385405652b74463ca36119e213a84b2c e169fa6db0c147f283ae7c6a936117f3 - default default] Attributes excluded by policy engine: [u'vlan_transparent'] _exclude_attributes_by_policy /usr/lib/python2.7/site-packages/neutron/pecan_wsgi/hooks/policy_enforcement.py:256
2018-09-29 14:32:07.915 10413 INFO neutron.wsgi [req-991879b3-09ae-4605-9310-9bf27c04982d 385405652b74463ca36119e213a84b2c e169fa6db0c147f283ae7c6a936117f3 - default default] 10.0.20.26 "GET /v2.0/networks?id=5ead17bb-8ba9-4f80-b658-f5f870449a20 HTTP/1.1" status: 200  len: 885 time: 0.2369361
2018-09-29 14:32:07.960 10413 INFO neutron.wsgi [req-6c17a049-5be9-43f5-9b70-49289c595d3a 385405652b74463ca36119e213a84b2c e169fa6db0c147f283ae7c6a936117f3 - default default] 10.0.20.26 "GET /v2.0/floatingips?fixed_ip_address=11.60.1.10&port_id=188b52a7-03a4-45f7-bbf4-19478bda9b5d HTTP/1.1" status: 200  len: 750 time: 0.0385339
2018-09-29 14:32:08.093 10413 DEBUG neutron.pecan_wsgi.hooks.policy_enforcement [req-d62522fc-a6a8-4a2b-8990-0fdd0f44f9da 385405652b74463ca36119e213a84b2c e169fa6db0c147f283ae7c6a936117f3 - default default] Attributes excluded by policy engine: [u'shared', u'segment_id'] _exclude_attributes_by_policy /usr/lib/python2.7/site-packages/neutron/pecan_wsgi/hooks/policy_enforcement.py:256
2018-09-29 14:32:08.096 10413 INFO neutron.wsgi [req-d62522fc-a6a8-4a2b-8990-0fdd0f44f9da 385405652b74463ca36119e213a84b2c e169fa6db0c147f283ae7c6a936117f3 - default default] 10.0.20.26 "GET /v2.0/subnets?id=3a1a3405-52b3-4163-b661-a455875df906 HTTP/1.1" status: 200  len: 843 time: 0.1265759
2018-09-29 14:32:08.206 10413 INFO neutron.wsgi [req-a1aaa1e7-6f8d-4cc9-99d4-fc9fbdb73760 385405652b74463ca36119e213a84b2c e169fa6db0c147f283ae7c6a936117f3 - default default] 10.0.20.26 "GET /v2.0/ports?network_id=5ead17bb-8ba9-4f80-b658-f5f870449a20&device_owner=network%3Adhcp HTTP/1.1" status: 200  len: 1127 time: 0.1035690
2018-09-29 14:32:12.413 10416 DEBUG neutron.wsgi [-] (10416) accepted ('10.0.20.26', 53594) server /usr/lib/python2.7/site-packages/eventlet/wsgi.py:883
2018-09-29 14:32:12.420 10416 INFO neutron.wsgi [-] 10.0.20.26 "GET / HTTP/1.1" status: 200  len: 252 time: 0.0037389
2018-09-29 14:32:12.890 10416 INFO neutron.api.v2.resource [req-529154d5-8117-4e7e-a942-24f4512fd402 bbd46ecff54f4f099773ef531565cd6f 2936d597525e4992affe40574cd92be2 - 3b0abb45f0c649f09578f2599981b638 3b0abb45f0c649f09578f2599981b638] show failed (client error): The resource could not be found.
2018-09-29 14:32:12.891 10416 INFO neutron.wsgi [req-529154d5-8117-4e7e-a942-24f4512fd402 bbd46ecff54f4f099773ef531565cd6f 2936d597525e4992affe40574cd92be2 - 3b0abb45f0c649f09578f2599981b638 3b0abb45f0c649f09578f2599981b638] 10.0.20.26 "GET /v2.0/floatingips/172.24.4.6 HTTP/1.1" status: 404  len: 324 time: 0.4671791
2018-09-29 14:32:12.927 10416 INFO neutron.wsgi [req-4edaf35e-ddbe-49ec-87c6-1210a11cc0d2 bbd46ecff54f4f099773ef531565cd6f 2936d597525e4992affe40574cd92be2 - 3b0abb45f0c649f09578f2599981b638 3b0abb45f0c649f09578f2599981b638] 10.0.20.26 "GET /v2.0/floatingips HTTP/1.1" status: 200  len: 1208 time: 0.0299170
2018-09-29 14:32:12.985 10416 DEBUG neutron.plugins.ml2.plugin [req-ac49f00b-acac-4930-83e4-ccfb97eacb72 bbd46ecff54f4f099773ef531565cd6f 2936d597525e4992affe40574cd92be2 - 3b0abb45f0c649f09578f2599981b638 3b0abb45f0c649f09578f2599981b638] Deleting port 87f82876-29c3-4f0c-bcc1-c5287a3b8586 _pre_delete_port /usr/lib/python2.7/site-packages/neutron/plugins/ml2/plugin.py:1488
2018-09-29 14:32:12.986 10416 DEBUG neutron_lib.callbacks.manager [req-ac49f00b-acac-4930-83e4-ccfb97eacb72 bbd46ecff54f4f099773ef531565cd6f 2936d597525e4992affe40574cd92be2 - 3b0abb45f0c649f09578f2599981b638 3b0abb45f0c649f09578f2599981b638] Notify callbacks ['neutron.db.l3_db._prevent_l3_port_delete_callback--9223363259227729562'] for port, before_delete _notify_loop /usr/lib/python2.7/site-packages/neutron_lib/callbacks/manager.py:167
2018-09-29 14:32:13.324 10416 DEBUG neutron.plugins.ml2.plugin [req-ac49f00b-acac-4930-83e4-ccfb97eacb72 bbd46ecff54f4f099773ef531565cd6f 2936d597525e4992affe40574cd92be2 - 3b0abb45f0c649f09578f2599981b638 3b0abb45f0c649f09578f2599981b638] Calling delete_port for 87f82876-29c3-4f0c-bcc1-c5287a3b8586 owned by network:floatingip delete_port /usr/lib/python2.7/site-packages/neutron/plugins/ml2/plugin.py:1547
2018-09-29 14:32:13.698 10416 DEBUG neutron_lib.callbacks.manager [req-ac49f00b-acac-4930-83e4-ccfb97eacb72 bbd46ecff54f4f099773ef531565cd6f 2936d597525e4992affe40574cd92be2 - 3b0abb45f0c649f09578f2599981b638 3b0abb45f0c649f09578f2599981b638] Notify callbacks ['neutron.plugins.ml2.plugin.Ml2Plugin.notify_sg_on_port_change-515464', 'neutron.db.l3_dvrscheduler_db._notify_port_delete--9223363259228294991', 'neutron.db.l3_db._notify_routers_callback-8777627020097', 'neutron.plugins.ml2.ovo_rpc._ObjectChangeHandler.handle_event--9223372036853137758', 'neutron.api.rpc.agentnotifiers.dhcp_rpc_agent_api.DhcpAgentNotifyAPI._native_event_send_dhcp_notification-1485738'] for port, after_delete _notify_loop /usr/lib/python2.7/site-packages/neutron_lib/callbacks/manager.py:167
2018-09-29 14:32:13.793 10416 DEBUG oslo_concurrency.lockutils [-] Lock "event-dispatch" acquired by "neutron.plugins.ml2.ovo_rpc.dispatch_events" :: waited 0.000s inner /usr/lib/python2.7/site-packages/oslo_concurrency/lockutils.py:270
2018-09-29 14:32:13.874 10416 DEBUG neutron.api.rpc.handlers.resources_rpc [req-ac49f00b-acac-4930-83e4-ccfb97eacb72 bbd46ecff54f4f099773ef531565cd6f 2936d597525e4992affe40574cd92be2 - - -] neutron.api.rpc.handlers.resources_rpc.ResourcesPushRpcApi method push called with arguments (<neutron_lib.context.Context object at 0x7fbb342744d0>, [Port(admin_state_up=<?>,allowed_address_pairs=<?>,binding=<?>,binding_levels=<?>,created_at=<?>,data_plane_status=<?>,description=<?>,device_id=<?>,device_owner=<?>,dhcp_options=<?>,distributed_binding=<?>,dns=<?>,fixed_ips=<?>,id=87f82876-29c3-4f0c-bcc1-c5287a3b8586,mac_address=<?>,name=<?>,network_id=<?>,project_id=<?>,qos_policy_id=None,revision_number=<?>,security=<?>,security_group_ids=None,status=<?>,updated_at=<?>)], 'deleted') {} wrapper /usr/lib/python2.7/site-packages/oslo_log/helpers.py:66
2018-09-29 14:32:13.900 10416 DEBUG neutron.api.rpc.callbacks.version_manager [req-ac49f00b-acac-4930-83e4-ccfb97eacb72 bbd46ecff54f4f099773ef531565cd6f 2936d597525e4992affe40574cd92be2 - - -] Version for resource type Subnet changed None to 1.0 on consumer Open vSwitch agent@localhost.localdomain _set_version /usr/lib/python2.7/site-packages/neutron/api/rpc/callbacks/version_manager.py:119
2018-09-29 14:32:13.900 10416 DEBUG neutron.api.rpc.callbacks.version_manager [req-ac49f00b-acac-4930-83e4-ccfb97eacb72 bbd46ecff54f4f099773ef531565cd6f 2936d597525e4992affe40574cd92be2 - - -] Version for resource type Network changed None to 1.0 on consumer Open vSwitch agent@localhost.localdomain _set_version /usr/lib/python2.7/site-packages/neutron/api/rpc/callbacks/version_manager.py:119
2018-09-29 14:32:13.901 10416 DEBUG neutron.api.rpc.callbacks.version_manager [req-ac49f00b-acac-4930-83e4-ccfb97eacb72 bbd46ecff54f4f099773ef531565cd6f 2936d597525e4992affe40574cd92be2 - - -] Version for resource type SubPort changed None to 1.0 on consumer Open vSwitch agent@localhost.localdomain _set_version /usr/lib/python2.7/site-packages/neutron/api/rpc/callbacks/version_manager.py:119
2018-09-29 14:32:13.902 10416 DEBUG neutron.api.rpc.callbacks.version_manager [req-ac49f00b-acac-4930-83e4-ccfb97eacb72 bbd46ecff54f4f099773ef531565cd6f 2936d597525e4992affe40574cd92be2 - - -] Version for resource type SecurityGroup changed None to 1.0 on consumer Open vSwitch agent@localhost.localdomain _set_version /usr/lib/python2.7/site-packages/neutron/api/rpc/callbacks/version_manager.py:119
2018-09-29 14:32:13.902 10416 DEBUG neutron.api.rpc.callbacks.version_manager [req-ac49f00b-acac-4930-83e4-ccfb97eacb72 bbd46ecff54f4f099773ef531565cd6f 2936d597525e4992affe40574cd92be2 - - -] Version for resource type SecurityGroupRule changed None to 1.0 on consumer Open vSwitch agent@localhost.localdomain _set_version /usr/lib/python2.7/site-packages/neutron/api/rpc/callbacks/version_manager.py:119
2018-09-29 14:32:13.903 10416 DEBUG neutron.api.rpc.callbacks.version_manager [req-ac49f00b-acac-4930-83e4-ccfb97eacb72 bbd46ecff54f4f099773ef531565cd6f 2936d597525e4992affe40574cd92be2 - - -] Version for resource type Trunk changed None to 1.1 on consumer Open vSwitch agent@localhost.localdomain _set_version /usr/lib/python2.7/site-packages/neutron/api/rpc/callbacks/version_manager.py:119
2018-09-29 14:32:13.904 10416 DEBUG neutron.api.rpc.callbacks.version_manager [req-ac49f00b-acac-4930-83e4-ccfb97eacb72 bbd46ecff54f4f099773ef531565cd6f 2936d597525e4992affe40574cd92be2 - - -] Version for resource type QosPolicy changed None to 1.6 on consumer Open vSwitch agent@localhost.localdomain _set_version /usr/lib/python2.7/site-packages/neutron/api/rpc/callbacks/version_manager.py:119
2018-09-29 14:32:13.905 10416 DEBUG neutron.api.rpc.callbacks.version_manager [req-ac49f00b-acac-4930-83e4-ccfb97eacb72 bbd46ecff54f4f099773ef531565cd6f 2936d597525e4992affe40574cd92be2 - - -] Version for resource type Port changed None to 1.1 on consumer Open vSwitch agent@localhost.localdomain _set_version /usr/lib/python2.7/site-packages/neutron/api/rpc/callbacks/version_manager.py:119
