2018-09-29 03:08:55.287 16270 DEBUG novaclient.v2.client [-] RESP: [200] Content-Length: 179 Content-Type: application/json Openstack-Api-Version: compute 2.1 X-Openstack-Nova-Api-Version: 2.1 Vary: OpenStack-API-Version, X-OpenStack-Nova-API-Version X-Openstack-Request-Id: req-ae8cf2e2-86bc-4244-b873-a4e82afc00fc X-Compute-Request-Id: req-ae8cf2e2-86bc-4244-b873-a4e82afc00fc Date: Sat, 29 Sep 2018 07:08:55 GMT Connection: keep-alive 
RESP BODY: {"events": [{"status": "completed", "tag": "84a07c9b-34e8-429b-8e5d-a2225857921b", "name": "network-changed", "server_uuid": "830040e8-5e34-4064-ad30-c09e5675fe4d", "code": 200}]}
 _http_log_response /usr/lib/python2.7/site-packages/keystoneauth1/session.py:423
2018-09-29 03:08:55.288 16270 DEBUG novaclient.v2.client [-] POST call to compute for http://10.0.20.36:8774/v2.1/2826c499828f44719ccb8a386423ec45/os-server-external-events used request id req-ae8cf2e2-86bc-4244-b873-a4e82afc00fc request /usr/lib/python2.7/site-packages/keystoneauth1/session.py:727
2018-09-29 03:08:55.300 16270 INFO neutron.notifiers.nova [-] Nova event response: {u'status': u'completed', u'tag': u'84a07c9b-34e8-429b-8e5d-a2225857921b', u'name': u'network-changed', u'server_uuid': u'830040e8-5e34-4064-ad30-c09e5675fe4d', u'code': 200}
2018-09-29 03:08:55.486 16270 INFO neutron.wsgi [req-788b0e1b-e9da-438f-906d-5f78dbd67187 52db2c2bb2754474a9e626ac3befb2ef 2826c499828f44719ccb8a386423ec45 - default default] 10.0.20.36 "GET /v2.0/ports?tenant_id=f84f9ae1698c449daed60ad30536d522&device_id=830040e8-5e34-4064-ad30-c09e5675fe4d HTTP/1.1" status: 200  len: 1123 time: 0.1423199
2018-09-29 03:08:55.535 16285 DEBUG neutron.db.l3_hamode_db [req-d02239fd-8a0c-457e-a2f7-a8a2f49f8554 - - - - -] neutron.services.l3_router.l3_router_plugin.L3RouterPlugin method _process_sync_ha_data called with arguments (<neutron_lib.context.Context object at 0x7f302d1f0e10>, [{'status': u'ACTIVE', '_interfaces': [{'status': u'ACTIVE', 'subnets': [{'dns_nameservers': [u'8.8.4.4'], 'ipv6_ra_mode': None, 'gateway_ip': u'11.48.1.1', 'cidr': u'11.48.1.0/24', 'id': u'51f9c39d-d535-42c1-a4a0-fc4fdc16d657', 'subnetpool_id': None}], 'binding:host_id': u'localhost.localdomain', 'description': u'', 'allowed_address_pairs': [], 'tags': [], 'extra_dhcp_opts': [], 'updated_at': '2018-09-29T07:07:30Z', 'device_owner': u'network:router_interface', 'revision_number': 7, 'port_security_enabled': False, 'binding:profile': {}, 'mtu': 1450, 'fixed_ips': [{'subnet_id': u'51f9c39d-d535-42c1-a4a0-fc4fdc16d657', 'prefixlen': 24, 'ip_address': u'11.48.1.1'}], 'id': u'70f2a7b2-d053-4072-9784-557ad4f43eee', 'security_groups': [], 'device_id': u'ec4a2588-4050-4e09-b4b1-245d71cd1462', 'name': u'', 'admin_state_up': True, 'network_id': u'5155ac1a-8023-4201-b847-90b0d6347fb4', 'tenant_id': u'f84f9ae1698c449daed60ad30536d522', 'binding:vif_details': {u'port_filter': True, u'datapath_type': u'system', u'ovs_hybrid_plug': True}, 'address_scopes': {4: None, 6: None}, 'binding:vnic_type': u'normal', 'binding:vif_type': u'ovs', 'mac_address': u'fa:16:3e:91:8b:f2', 'project_id': u'f84f9ae1698c449daed60ad30536d522', 'extra_subnets': [], 'created_at': '2018-09-29T07:07:22Z'}], 'enable_snat': True, 'ha_vr_id': 0, 'description': u'', 'tags': [], 'gw_port': {'status': u'ACTIVE', 'subnets': [{'dns_nameservers': [], 'ipv6_ra_mode': None, 'gateway_ip': u'172.24.4.1', 'cidr': u'172.24.4.0/24', 'id': u'ee2b427c-1494-4c9a-94e6-33722268815a', 'subnetpool_id': None}], 'binding:host_id': u'localhost.localdomain', 'description': u'', 'allowed_address_pairs': [], 'tags': [], 'extra_dhcp_opts': [], 'updated_at': '2018-09-29T07:07:40Z', 'device_owner': u'network:router_gateway', 'revision_number': 6, 'port_security_enabled': False, 'binding:profile': {}, 'mtu': 1500, 'fixed_ips': [{'subnet_id': u'ee2b427c-1494-4c9a-94e6-33722268815a', 'prefixlen': 24, 'ip_address': u'172.24.4.4'}], 'id': u'cf454b7a-0d74-4601-aa9a-009b8956519c', 'security_groups': [], 'device_id': u'ec4a2588-4050-4e09-b4b1-245d71cd1462', 'name': u'', 'admin_state_up': True, 'network_id': u'c140d30c-ba37-4570-9e0b-48390f7eeee1', 'tenant_id': u'', 'binding:vif_details': {u'port_filter': True, u'datapath_type': u'system', u'ovs_hybrid_plug': True}, 'address_scopes': {4: None, 6: None}, 'binding:vnic_type': u'normal', 'binding:vif_type': u'ovs', 'mac_address': u'fa:16:3e:25:e0:06', 'project_id': u'', 'extra_subnets': [], 'created_at': '2018-09-29T07:07:33Z'}, 'updated_at': '2018-09-29T07:07:34Z', 'revision_number': 4, 'ha': False, 'id': u'ec4a2588-4050-4e09-b4b1-245d71cd1462', 'gw_port_host': u'localhost.localdomain', 'external_gateway_info': {'network_id': u'c140d30c-ba37-4570-9e0b-48390f7eeee1', 'enable_snat': True, 'external_fixed_ips': [{'subnet_id': u'ee2b427c-1494-4c9a-94e6-33722268815a', 'ip_address': u'172.24.4.4'}]}, 'availability_zone_hints': [], 'availability_zones': [u'nova'], 'name': u'tempest-router-1538204684', 'gw_port_id': u'cf454b7a-0d74-4601-aa9a-009b8956519c', 'admin_state_up': True, 'tenant_id': u'f84f9ae1698c449daed60ad30536d522', 'created_at': '2018-09-29T07:07:06Z', 'distributed': False, 'flavor_id': None, 'routes': [], 'project_id': u'f84f9ae1698c449daed60ad30536d522', '_floatingips': [{'router_id': u'ec4a2588-4050-4e09-b4b1-245d71cd1462', 'status': u'DOWN', 'description': u'', 'tags': [], 'updated_at': '2018-09-29T07:08:53Z', 'dns_domain': '', 'floating_network_id': u'c140d30c-ba37-4570-9e0b-48390f7eeee1', 'fixed_ip_address': u'11.48.1.3', 'floating_ip_address': u'172.24.4.10', 'revision_number': 1, 'port_id': u'84a07c9b-34e8-429b-8e5d-a2225857921b', 'id': u'7fd39b9b-3f8e-4f81-849a-10749aeddd41', 'dns_name': '', 'created_at': '2018-09-29T07:08:40Z', 'tenant_id': u'f84f9ae1698c449daed60ad30536d522', 'fixed_ip_address_scope': None, 'project_id': u'f84f9ae1698c449daed60ad30536d522'}]}], u'localhost.localdomain', False) {} wrapper /usr/lib/python2.7/site-packages/oslo_log/helpers.py:66
2018-09-29 03:08:55.548 16285 DEBUG neutron.api.rpc.handlers.l3_rpc [req-d02239fd-8a0c-457e-a2f7-a8a2f49f8554 - - - - -] Checking router: ec4a2588-4050-4e09-b4b1-245d71cd1462 for host: localhost.localdomain _ensure_host_set_on_ports /usr/lib/python2.7/site-packages/neutron/api/rpc/handlers/l3_rpc.py:135
2018-09-29 03:08:55.746 16270 DEBUG neutron.pecan_wsgi.hooks.policy_enforcement [req-8e21c77d-85ce-4e21-b50d-eb693880642a 52db2c2bb2754474a9e626ac3befb2ef 2826c499828f44719ccb8a386423ec45 - default default] Attributes excluded by policy engine: [u'vlan_transparent'] _exclude_attributes_by_policy /usr/lib/python2.7/site-packages/neutron/pecan_wsgi/hooks/policy_enforcement.py:256
2018-09-29 03:08:55.749 16270 INFO neutron.wsgi [req-8e21c77d-85ce-4e21-b50d-eb693880642a 52db2c2bb2754474a9e626ac3befb2ef 2826c499828f44719ccb8a386423ec45 - default default] 10.0.20.36 "GET /v2.0/networks?id=5155ac1a-8023-4201-b847-90b0d6347fb4 HTTP/1.1" status: 200  len: 885 time: 0.2544012
2018-09-29 03:08:55.816 16270 INFO neutron.wsgi [req-4ab9cefa-9ec7-4190-a87f-56cbd2942a9a 52db2c2bb2754474a9e626ac3befb2ef 2826c499828f44719ccb8a386423ec45 - default default] 10.0.20.36 "GET /v2.0/floatingips?fixed_ip_address=11.48.1.3&port_id=84a07c9b-34e8-429b-8e5d-a2225857921b HTTP/1.1" status: 200  len: 748 time: 0.0591099
2018-09-29 03:08:55.900 16279 DEBUG neutron.api.rpc.handlers.l3_rpc [req-0c25077c-4fb5-438d-b449-f42fa42f5d8c - - - - -] New status for floating IP 7fd39b9b-3f8e-4f81-849a-10749aeddd41: ACTIVE update_floatingip_statuses /usr/lib/python2.7/site-packages/neutron/api/rpc/handlers/l3_rpc.py:252
2018-09-29 03:08:55.973 16270 DEBUG neutron.pecan_wsgi.hooks.policy_enforcement [req-7d61240c-618d-4874-9534-19b48e39e99f 52db2c2bb2754474a9e626ac3befb2ef 2826c499828f44719ccb8a386423ec45 - default default] Attributes excluded by policy engine: [u'shared'] _exclude_attributes_by_policy /usr/lib/python2.7/site-packages/neutron/pecan_wsgi/hooks/policy_enforcement.py:256
2018-09-29 03:08:55.976 16270 INFO neutron.wsgi [req-7d61240c-618d-4874-9534-19b48e39e99f 52db2c2bb2754474a9e626ac3befb2ef 2826c499828f44719ccb8a386423ec45 - default default] 10.0.20.36 "GET /v2.0/subnets?id=51f9c39d-d535-42c1-a4a0-fc4fdc16d657 HTTP/1.1" status: 200  len: 843 time: 0.1530821
2018-09-29 03:08:56.147 16270 INFO neutron.wsgi [req-08259a31-a3c0-46f3-8277-1c688e5ee065 52db2c2bb2754474a9e626ac3befb2ef 2826c499828f44719ccb8a386423ec45 - default default] 10.0.20.36 "GET /v2.0/ports?network_id=5155ac1a-8023-4201-b847-90b0d6347fb4&device_owner=network%3Adhcp HTTP/1.1" status: 200  len: 1127 time: 0.1626480
2018-09-29 03:08:56.151 16270 INFO neutron.wsgi [req-05b2bfb2-d3fa-478f-81ac-e98219184496 52db2c2bb2754474a9e626ac3befb2ef 2826c499828f44719ccb8a386423ec45 - default default] 10.0.20.36 "GET /v2.0/ports?tenant_id=f84f9ae1698c449daed60ad30536d522&device_id=830040e8-5e34-4064-ad30-c09e5675fe4d HTTP/1.1" status: 200  len: 1123 time: 0.4284620
2018-09-29 03:08:56.668 16270 DEBUG neutron.pecan_wsgi.hooks.policy_enforcement [req-b83cd2f3-a0a4-4998-a7e7-d5f8bd1114ea 52db2c2bb2754474a9e626ac3befb2ef 2826c499828f44719ccb8a386423ec45 - default default] Attributes excluded by policy engine: [u'vlan_transparent'] _exclude_attributes_by_policy /usr/lib/python2.7/site-packages/neutron/pecan_wsgi/hooks/policy_enforcement.py:256
2018-09-29 03:08:56.670 16270 INFO neutron.wsgi [req-b83cd2f3-a0a4-4998-a7e7-d5f8bd1114ea 52db2c2bb2754474a9e626ac3befb2ef 2826c499828f44719ccb8a386423ec45 - default default] 10.0.20.36 "GET /v2.0/networks?id=5155ac1a-8023-4201-b847-90b0d6347fb4 HTTP/1.1" status: 200  len: 885 time: 0.5140700
2018-09-29 03:08:56.722 16270 INFO neutron.wsgi [req-52967e8c-5e52-4876-a7b0-126582e10f90 52db2c2bb2754474a9e626ac3befb2ef 2826c499828f44719ccb8a386423ec45 - default default] 10.0.20.36 "GET /v2.0/floatingips?fixed_ip_address=11.48.1.3&port_id=84a07c9b-34e8-429b-8e5d-a2225857921b HTTP/1.1" status: 200  len: 750 time: 0.0431070
2018-09-29 03:08:56.852 16270 DEBUG neutron.pecan_wsgi.hooks.policy_enforcement [req-54306323-39ab-4472-b56a-8e789d895dcb 52db2c2bb2754474a9e626ac3befb2ef 2826c499828f44719ccb8a386423ec45 - default default] Attributes excluded by policy engine: [u'shared'] _exclude_attributes_by_policy /usr/lib/python2.7/site-packages/neutron/pecan_wsgi/hooks/policy_enforcement.py:256
2018-09-29 03:08:56.854 16270 INFO neutron.wsgi [req-54306323-39ab-4472-b56a-8e789d895dcb 52db2c2bb2754474a9e626ac3befb2ef 2826c499828f44719ccb8a386423ec45 - default default] 10.0.20.36 "GET /v2.0/subnets?id=51f9c39d-d535-42c1-a4a0-fc4fdc16d657 HTTP/1.1" status: 200  len: 843 time: 0.1245599
2018-09-29 03:08:56.987 16270 INFO neutron.wsgi [req-b1c3a39a-c24f-4c57-ba76-24feab5b56a0 52db2c2bb2754474a9e626ac3befb2ef 2826c499828f44719ccb8a386423ec45 - default default] 10.0.20.36 "GET /v2.0/ports?network_id=5155ac1a-8023-4201-b847-90b0d6347fb4&device_owner=network%3Adhcp HTTP/1.1" status: 200  len: 1127 time: 0.1216049
2018-09-29 03:08:57.302 16270 DEBUG oslo_concurrency.lockutils [-] Lock "notifier-c08d36e0-1a83-49b6-92f3-8ee30ad603ac" released by "neutron.notifiers.batch_notifier.synced_send" :: held 2.535s inner /usr/lib/python2.7/site-packages/oslo_concurrency/lockutils.py:282
2018-09-29 03:09:02.676 16274 DEBUG neutron.wsgi [-] (16274) accepted ('10.0.20.36', 42862) server /usr/lib/python2.7/site-packages/eventlet/wsgi.py:883
2018-09-29 03:09:03.099 16274 WARNING keystonemiddleware.auth_token [-] A valid token was submitted as a service token, but it was not a valid service token. This is incorrect but backwards compatible behaviour. This will be removed in future releases.
2018-09-29 03:09:03.808 16274 INFO neutron.wsgi [req-42f998a5-9051-48b3-a68a-d102648e4556 87fdacb5fcfe463aba32e1ee92c67304 2826c499828f44719ccb8a386423ec45 - default default] 10.0.20.36 "GET /v2.0/ports?device_id=830040e8-5e34-4064-ad30-c09e5675fe4d HTTP/1.1" status: 200  len: 1123 time: 1.1301489
2018-09-29 03:09:04.073 16274 INFO neutron.wsgi [req-7032120a-b3db-46a3-87ea-cc1a09043a35 87fdacb5fcfe463aba32e1ee92c67304 2826c499828f44719ccb8a386423ec45 - default default] 10.0.20.36 "GET /v2.0/security-groups?id=d0abf9d2-1d32-44b5-bed6-51bd84a2a93a HTTP/1.1" status: 200  len: 2118 time: 0.2367659
2018-09-29 03:09:06.807 16279 DEBUG neutron_lib.callbacks.manager [req-8a60ac3f-52eb-43a6-bebc-b266259abf3e - - - - -] Notify callbacks ['neutron.services.segments.db._update_segment_host_mapping_for_agent-8740306597802'] for agent, after_update _notify_loop /usr/lib/python2.7/site-packages/neutron_lib/callbacks/manager.py:167
2018-09-29 03:09:06.840 16281 DEBUG neutron_lib.callbacks.manager [req-53123b16-c59b-4e99-9eb1-3fa65df32946 - - - - -] Notify callbacks ['neutron.services.segments.db._update_segment_host_mapping_for_agent-8740306597802'] for agent, after_update _notify_loop /usr/lib/python2.7/site-packages/neutron_lib/callbacks/manager.py:167
2018-09-29 03:09:07.412 16282 DEBUG neutron_lib.callbacks.manager [req-0f73499a-62c3-4845-80a4-591bff430146 - - - - -] Notify callbacks ['neutron.services.segments.db._update_segment_host_mapping_for_agent-8740306597802'] for agent, after_update _notify_loop /usr/lib/python2.7/site-packages/neutron_lib/callbacks/manager.py:167
2018-09-29 03:09:09.400 16280 DEBUG neutron_lib.callbacks.manager [req-bf8c0124-a549-42b1-ab34-58e998fe9328 - - - - -] Notify callbacks ['neutron.services.segments.db._update_segment_host_mapping_for_agent-8740306597802'] for agent, after_update _notify_loop /usr/lib/python2.7/site-packages/neutron_lib/callbacks/manager.py:167
2018-09-29 03:09:09.581 16270 INFO neutron.wsgi [req-ed6ac91b-e549-4cef-ae57-625d7c11e304 f51382416d0544ceb4b655cf21ce4a7e f84f9ae1698c449daed60ad30536d522 - 55b2c8c1d79c452e9d9d7275c98c0b28 55b2c8c1d79c452e9d9d7275c98c0b28] 10.0.20.36 "GET /v2.0/ports?device_id=830040e8-5e34-4064-ad30-c09e5675fe4d HTTP/1.1" status: 200  len: 1123 time: 0.6926000
2018-09-29 03:09:09.702 16270 INFO neutron.wsgi [req-b75af09d-4670-4bf9-bdc7-00abddf72aef f51382416d0544ceb4b655cf21ce4a7e f84f9ae1698c449daed60ad30536d522 - 55b2c8c1d79c452e9d9d7275c98c0b28 55b2c8c1d79c452e9d9d7275c98c0b28] 10.0.20.36 "GET /v2.0/security-groups?id=d0abf9d2-1d32-44b5-bed6-51bd84a2a93a HTTP/1.1" status: 200  len: 2118 time: 0.1153121
2018-09-29 03:09:22.735 16283 DEBUG neutron_lib.callbacks.manager [req-039e7366-43d2-48fb-8900-bc1df8e2aaca - - - - -] Notify callbacks ['neutron.services.segments.db._update_segment_host_mapping_for_agent-8740306597802'] for agent, after_update _notify_loop /usr/lib/python2.7/site-packages/neutron_lib/callbacks/manager.py:167
2018-09-29 03:09:26.357 16270 INFO neutron.wsgi [req-dc1f3f36-3467-4636-b251-0a61c5047bfd 52db2c2bb2754474a9e626ac3befb2ef 2826c499828f44719ccb8a386423ec45 - default default] 10.0.20.36 "GET /v2.0/ports?tenant_id=f84f9ae1698c449daed60ad30536d522&device_id=830040e8-5e34-4064-ad30-c09e5675fe4d HTTP/1.1" status: 200  len: 1123 time: 0.0742590
2018-09-29 03:09:26.516 16270 DEBUG neutron.pecan_wsgi.hooks.policy_enforcement [req-d382d057-c9f0-41a9-8b6c-1dffeb7d3242 52db2c2bb2754474a9e626ac3befb2ef 2826c499828f44719ccb8a386423ec45 - default default] Attributes excluded by policy engine: [u'vlan_transparent'] _exclude_attributes_by_policy /usr/lib/python2.7/site-packages/neutron/pecan_wsgi/hooks/policy_enforcement.py:256
2018-09-29 03:09:26.518 16270 INFO neutron.wsgi [req-d382d057-c9f0-41a9-8b6c-1dffeb7d3242 52db2c2bb2754474a9e626ac3befb2ef 2826c499828f44719ccb8a386423ec45 - default default] 10.0.20.36 "GET /v2.0/networks?id=5155ac1a-8023-4201-b847-90b0d6347fb4 HTTP/1.1" status: 200  len: 885 time: 0.1568320
2018-09-29 03:09:26.549 16270 INFO neutron.wsgi [req-ea2ee9dd-6ab9-4709-a5be-a4faa4efbf5f 52db2c2bb2754474a9e626ac3befb2ef 2826c499828f44719ccb8a386423ec45 - default default] 10.0.20.36 "GET /v2.0/floatingips?fixed_ip_address=11.48.1.3&port_id=84a07c9b-34e8-429b-8e5d-a2225857921b HTTP/1.1" status: 200  len: 750 time: 0.0260870
2018-09-29 03:09:26.641 16270 DEBUG neutron.pecan_wsgi.hooks.policy_enforcement [req-0da891bc-4c08-4c19-94bc-fa8e4ce87b21 52db2c2bb2754474a9e626ac3befb2ef 2826c499828f44719ccb8a386423ec45 - default default] Attributes excluded by policy engine: [u'shared'] _exclude_attributes_by_policy /usr/lib/python2.7/site-packages/neutron/pecan_wsgi/hooks/policy_enforcement.py:256
2018-09-29 03:09:26.642 16270 INFO neutron.wsgi [req-0da891bc-4c08-4c19-94bc-fa8e4ce87b21 52db2c2bb2754474a9e626ac3befb2ef 2826c499828f44719ccb8a386423ec45 - default default] 10.0.20.36 "GET /v2.0/subnets?id=51f9c39d-d535-42c1-a4a0-fc4fdc16d657 HTTP/1.1" status: 200  len: 843 time: 0.0896990
2018-09-29 03:09:26.728 16270 INFO neutron.wsgi [req-80750312-97dd-47ac-a9cb-83cc25d14224 52db2c2bb2754474a9e626ac3befb2ef 2826c499828f44719ccb8a386423ec45 - default default] 10.0.20.36 "GET /v2.0/ports?network_id=5155ac1a-8023-4201-b847-90b0d6347fb4&device_owner=network%3Adhcp HTTP/1.1" status: 200  len: 1127 time: 0.0813961
2018-09-29 03:09:30.487 16285 DEBUG neutron.db.agents_db [req-29528797-178a-4a18-89c8-03cba370ad9a - - - - -] Agent healthcheck: found 5 active agents agent_health_check /usr/lib/python2.7/site-packages/neutron/db/agents_db.py:281
2018-09-29 03:09:32.910 16273 INFO neutron.wsgi [req-e16184f0-67c8-49d4-9ce1-3a561aa209bd f51382416d0544ceb4b655cf21ce4a7e f84f9ae1698c449daed60ad30536d522 - 55b2c8c1d79c452e9d9d7275c98c0b28 55b2c8c1d79c452e9d9d7275c98c0b28] 10.0.20.36 "GET /v2.0/ports?device_id=830040e8-5e34-4064-ad30-c09e5675fe4d HTTP/1.1" status: 200  len: 1123 time: 0.5260830
2018-09-29 03:09:33.046 16273 INFO neutron.wsgi [req-356d494e-832a-478d-81c5-7b89f02a3208 f51382416d0544ceb4b655cf21ce4a7e f84f9ae1698c449daed60ad30536d522 - 55b2c8c1d79c452e9d9d7275c98c0b28 55b2c8c1d79c452e9d9d7275c98c0b28] 10.0.20.36 "GET /v2.0/security-groups?id=d0abf9d2-1d32-44b5-bed6-51bd84a2a93a HTTP/1.1" status: 200  len: 2118 time: 0.1281860
2018-09-29 03:09:36.803 16276 DEBUG neutron_lib.callbacks.manager [req-2b93ea91-fccb-453e-a0d0-7c6fdf5aa00b - - - - -] Notify callbacks ['neutron.services.segments.db._update_segment_host_mapping_for_agent-8740306597802'] for agent, after_update _notify_loop /usr/lib/python2.7/site-packages/neutron_lib/callbacks/manager.py:167
2018-09-29 03:09:36.853 16278 DEBUG neutron_lib.callbacks.manager [req-53123b16-c59b-4e99-9eb1-3fa65df32946 - - - - -] Notify callbacks ['neutron.services.segments.db._update_segment_host_mapping_for_agent-8740306597802'] for agent, after_update _notify_loop /usr/lib/python2.7/site-packages/neutron_lib/callbacks/manager.py:167
2018-09-29 03:09:37.393 16284 DEBUG neutron_lib.callbacks.manager [req-680bedd9-756e-48ac-b827-ca6f7552a15c - - - - -] Notify callbacks ['neutron.services.segments.db._update_segment_host_mapping_for_agent-8740306597802'] for agent, after_update _notify_loop /usr/lib/python2.7/site-packages/neutron_lib/callbacks/manager.py:167
2018-09-29 03:09:39.402 16277 DEBUG neutron_lib.callbacks.manager [req-bf8c0124-a549-42b1-ab34-58e998fe9328 - - - - -] Notify callbacks ['neutron.services.segments.db._update_segment_host_mapping_for_agent-8740306597802'] for agent, after_update _notify_loop /usr/lib/python2.7/site-packages/neutron_lib/callbacks/manager.py:167
2018-09-29 03:09:44.968 16273 INFO neutron.wsgi [req-2c1fc6c0-fc29-40cc-ad6c-93efd0c7ffa6 f51382416d0544ceb4b655cf21ce4a7e f84f9ae1698c449daed60ad30536d522 - 55b2c8c1d79c452e9d9d7275c98c0b28 55b2c8c1d79c452e9d9d7275c98c0b28] 10.0.20.36 "GET /v2.0/ports?device_id=830040e8-5e34-4064-ad30-c09e5675fe4d HTTP/1.1" status: 200  len: 1123 time: 0.5168490
2018-09-29 03:09:45.061 16273 INFO neutron.wsgi [req-6b1717f6-c624-4cb1-ba8d-ed0e2f566712 f51382416d0544ceb4b655cf21ce4a7e f84f9ae1698c449daed60ad30536d522 - 55b2c8c1d79c452e9d9d7275c98c0b28 55b2c8c1d79c452e9d9d7275c98c0b28] 10.0.20.36 "GET /v2.0/security-groups?id=d0abf9d2-1d32-44b5-bed6-51bd84a2a93a HTTP/1.1" status: 200  len: 2118 time: 0.0876241
2018-09-29 03:09:52.738 16279 DEBUG neutron_lib.callbacks.manager [req-039e7366-43d2-48fb-8900-bc1df8e2aaca - - - - -] Notify callbacks ['neutron.services.segments.db._update_segment_host_mapping_for_agent-8740306597802'] for agent, after_update _notify_loop /usr/lib/python2.7/site-packages/neutron_lib/callbacks/manager.py:167
2018-09-29 03:09:53.648 16273 INFO neutron.wsgi [req-97013517-f9b9-47f9-9829-1ef2c6463b4f f51382416d0544ceb4b655cf21ce4a7e f84f9ae1698c449daed60ad30536d522 - 55b2c8c1d79c452e9d9d7275c98c0b28 55b2c8c1d79c452e9d9d7275c98c0b28] 10.0.20.36 "GET /v2.0/ports?device_id=830040e8-5e34-4064-ad30-c09e5675fe4d HTTP/1.1" status: 200  len: 1123 time: 0.3834391
2018-09-29 03:09:53.717 16273 INFO neutron.wsgi [req-de7058fe-2bee-415d-8de5-81c0941ef0cc f51382416d0544ceb4b655cf21ce4a7e f84f9ae1698c449daed60ad30536d522 - 55b2c8c1d79c452e9d9d7275c98c0b28 55b2c8c1d79c452e9d9d7275c98c0b28] 10.0.20.36 "GET /v2.0/security-groups?id=d0abf9d2-1d32-44b5-bed6-51bd84a2a93a HTTP/1.1" status: 200  len: 2118 time: 0.0635190
2018-09-29 03:10:02.176 16270 INFO neutron.wsgi [req-d62ea8dc-80ce-4807-a012-eb9e709121d9 f51382416d0544ceb4b655cf21ce4a7e f84f9ae1698c449daed60ad30536d522 - 55b2c8c1d79c452e9d9d7275c98c0b28 55b2c8c1d79c452e9d9d7275c98c0b28] 10.0.20.36 "GET /v2.0/ports?device_id=830040e8-5e34-4064-ad30-c09e5675fe4d HTTP/1.1" status: 200  len: 1123 time: 0.4942679
2018-09-29 03:10:02.270 16270 INFO neutron.wsgi [req-fae1f65e-65c1-444b-aba5-c744d6d53e0c f51382416d0544ceb4b655cf21ce4a7e f84f9ae1698c449daed60ad30536d522 - 55b2c8c1d79c452e9d9d7275c98c0b28 55b2c8c1d79c452e9d9d7275c98c0b28] 10.0.20.36 "GET /v2.0/security-groups?id=d0abf9d2-1d32-44b5-bed6-51bd84a2a93a HTTP/1.1" status: 200  len: 2118 time: 0.0890121
2018-09-29 03:10:06.789 16281 DEBUG neutron_lib.callbacks.manager [req-625c6cb4-1458-47fd-90ea-6872cedc6af6 - - - - -] Notify callbacks ['neutron.services.segments.db._update_segment_host_mapping_for_agent-8740306597802'] for agent, after_update _notify_loop /usr/lib/python2.7/site-packages/neutron_lib/callbacks/manager.py:167
2018-09-29 03:10:06.833 16282 DEBUG neutron_lib.callbacks.manager [req-53123b16-c59b-4e99-9eb1-3fa65df32946 - - - - -] Notify callbacks ['neutron.services.segments.db._update_segment_host_mapping_for_agent-8740306597802'] for agent, after_update _notify_loop /usr/lib/python2.7/site-packages/neutron_lib/callbacks/manager.py:167
2018-09-29 03:10:07.403 16280 DEBUG neutron_lib.callbacks.manager [req-8a60f562-233b-49c3-8ecf-c1b6bf0341e9 - - - - -] Notify callbacks ['neutron.services.segments.db._update_segment_host_mapping_for_agent-8740306597802'] for agent, after_update _notify_loop /usr/lib/python2.7/site-packages/neutron_lib/callbacks/manager.py:167
2018-09-29 03:10:07.479 16285 DEBUG neutron.db.agents_db [req-29528797-178a-4a18-89c8-03cba370ad9a - - - - -] Agent healthcheck: found 5 active agents agent_health_check /usr/lib/python2.7/site-packages/neutron/db/agents_db.py:281
2018-09-29 03:10:09.396 16283 DEBUG neutron_lib.callbacks.manager [req-bf8c0124-a549-42b1-ab34-58e998fe9328 - - - - -] Notify callbacks ['neutron.services.segments.db._update_segment_host_mapping_for_agent-8740306597802'] for agent, after_update _notify_loop /usr/lib/python2.7/site-packages/neutron_lib/callbacks/manager.py:167
2018-09-29 03:10:11.342 16270 INFO neutron.wsgi [req-d7694a4b-a018-43fa-bfd8-81cc73bb4333 f51382416d0544ceb4b655cf21ce4a7e f84f9ae1698c449daed60ad30536d522 - 55b2c8c1d79c452e9d9d7275c98c0b28 55b2c8c1d79c452e9d9d7275c98c0b28] 10.0.20.36 "GET /v2.0/ports?device_id=830040e8-5e34-4064-ad30-c09e5675fe4d HTTP/1.1" status: 200  len: 1123 time: 0.4108961
2018-09-29 03:10:11.431 16270 INFO neutron.wsgi [req-69692e60-6535-4f7b-a8f4-b533c5994278 f51382416d0544ceb4b655cf21ce4a7e f84f9ae1698c449daed60ad30536d522 - 55b2c8c1d79c452e9d9d7275c98c0b28 55b2c8c1d79c452e9d9d7275c98c0b28] 10.0.20.36 "GET /v2.0/security-groups?id=d0abf9d2-1d32-44b5-bed6-51bd84a2a93a HTTP/1.1" status: 200  len: 2118 time: 0.0849898
2018-09-29 03:10:22.744 16276 DEBUG neutron_lib.callbacks.manager [req-039e7366-43d2-48fb-8900-bc1df8e2aaca - - - - -] Notify callbacks ['neutron.services.segments.db._update_segment_host_mapping_for_agent-8740306597802'] for agent, after_update _notify_loop /usr/lib/python2.7/site-packages/neutron_lib/callbacks/manager.py:167
2018-09-29 03:10:23.144 16270 INFO neutron.wsgi [req-73b1014a-8a7e-4264-8710-673d251a66a5 f51382416d0544ceb4b655cf21ce4a7e f84f9ae1698c449daed60ad30536d522 - 55b2c8c1d79c452e9d9d7275c98c0b28 55b2c8c1d79c452e9d9d7275c98c0b28] 10.0.20.36 "GET /v2.0/ports?device_id=830040e8-5e34-4064-ad30-c09e5675fe4d HTTP/1.1" status: 200  len: 1123 time: 0.5547578
2018-09-29 03:10:23.250 16270 INFO neutron.wsgi [req-b3677fd4-dad1-4399-9df5-0ec884949cfa f51382416d0544ceb4b655cf21ce4a7e f84f9ae1698c449daed60ad30536d522 - 55b2c8c1d79c452e9d9d7275c98c0b28 55b2c8c1d79c452e9d9d7275c98c0b28] 10.0.20.36 "GET /v2.0/security-groups?id=d0abf9d2-1d32-44b5-bed6-51bd84a2a93a HTTP/1.1" status: 200  len: 2118 time: 0.0995178
2018-09-29 03:10:28.434 16270 INFO neutron.wsgi [req-d3625303-7e25-4de6-a591-d519f729161b 52db2c2bb2754474a9e626ac3befb2ef 2826c499828f44719ccb8a386423ec45 - default default] 10.0.20.36 "GET /v2.0/ports?tenant_id=f84f9ae1698c449daed60ad30536d522&device_id=830040e8-5e34-4064-ad30-c09e5675fe4d HTTP/1.1" status: 200  len: 1123 time: 0.1257491
2018-09-29 03:10:28.669 16270 DEBUG neutron.pecan_wsgi.hooks.policy_enforcement [req-28cf1091-8543-4641-8ed2-252ccb39dccd 52db2c2bb2754474a9e626ac3befb2ef 2826c499828f44719ccb8a386423ec45 - default default] Attributes excluded by policy engine: [u'vlan_transparent'] _exclude_attributes_by_policy /usr/lib/python2.7/site-packages/neutron/pecan_wsgi/hooks/policy_enforcement.py:256
2018-09-29 03:10:28.672 16270 INFO neutron.wsgi [req-28cf1091-8543-4641-8ed2-252ccb39dccd 52db2c2bb2754474a9e626ac3befb2ef 2826c499828f44719ccb8a386423ec45 - default default] 10.0.20.36 "GET /v2.0/networks?id=5155ac1a-8023-4201-b847-90b0d6347fb4 HTTP/1.1" status: 200  len: 885 time: 0.2311549
2018-09-29 03:10:28.716 16270 INFO neutron.wsgi [req-b1348548-008f-422b-b9ad-e2057186e3c7 52db2c2bb2754474a9e626ac3befb2ef 2826c499828f44719ccb8a386423ec45 - default default] 10.0.20.36 "GET /v2.0/floatingips?fixed_ip_address=11.48.1.3&port_id=84a07c9b-34e8-429b-8e5d-a2225857921b HTTP/1.1" status: 200  len: 750 time: 0.0357299
2018-09-29 03:10:28.835 16270 DEBUG neutron.pecan_wsgi.hooks.policy_enforcement [req-cd2194e2-5299-43f8-8a1a-3303ea3c4ac2 52db2c2bb2754474a9e626ac3befb2ef 2826c499828f44719ccb8a386423ec45 - default default] Attributes excluded by policy engine: [u'shared'] _exclude_attributes_by_policy /usr/lib/python2.7/site-packages/neutron/pecan_wsgi/hooks/policy_enforcement.py:256
2018-09-29 03:10:28.837 16270 INFO neutron.wsgi [req-cd2194e2-5299-43f8-8a1a-3303ea3c4ac2 52db2c2bb2754474a9e626ac3befb2ef 2826c499828f44719ccb8a386423ec45 - default default] 10.0.20.36 "GET /v2.0/subnets?id=51f9c39d-d535-42c1-a4a0-fc4fdc16d657 HTTP/1.1" status: 200  len: 843 time: 0.1142340
2018-09-29 03:10:28.957 16270 INFO neutron.wsgi [req-4705a8d6-5428-475d-94b4-0f689a52bec8 52db2c2bb2754474a9e626ac3befb2ef 2826c499828f44719ccb8a386423ec45 - default default] 10.0.20.36 "GET /v2.0/ports?network_id=5155ac1a-8023-4201-b847-90b0d6347fb4&device_owner=network%3Adhcp HTTP/1.1" status: 200  len: 1127 time: 0.1136520
2018-09-29 03:10:36.030 16274 INFO neutron.wsgi [req-1d2f85b6-f2a3-4f30-a44c-d500ac6a3c0a f51382416d0544ceb4b655cf21ce4a7e f84f9ae1698c449daed60ad30536d522 - 55b2c8c1d79c452e9d9d7275c98c0b28 55b2c8c1d79c452e9d9d7275c98c0b28] 10.0.20.36 "GET /v2.0/ports?device_id=830040e8-5e34-4064-ad30-c09e5675fe4d HTTP/1.1" status: 200  len: 1123 time: 0.4132779
2018-09-29 03:10:36.108 16274 INFO neutron.wsgi [req-9ec4978c-d383-4b8d-87de-96cf9e7b5e8a f51382416d0544ceb4b655cf21ce4a7e f84f9ae1698c449daed60ad30536d522 - 55b2c8c1d79c452e9d9d7275c98c0b28 55b2c8c1d79c452e9d9d7275c98c0b28] 10.0.20.36 "GET /v2.0/security-groups?id=d0abf9d2-1d32-44b5-bed6-51bd84a2a93a HTTP/1.1" status: 200  len: 2118 time: 0.0708730
2018-09-29 03:10:36.789 16278 DEBUG neutron_lib.callbacks.manager [req-e807b952-c0f9-42dd-90f7-99edc3bb1b31 - - - - -] Notify callbacks ['neutron.services.segments.db._update_segment_host_mapping_for_agent-8740306597802'] for agent, after_update _notify_loop /usr/lib/python2.7/site-packages/neutron_lib/callbacks/manager.py:167
2018-09-29 03:10:36.848 16284 DEBUG neutron_lib.callbacks.manager [req-53123b16-c59b-4e99-9eb1-3fa65df32946 - - - - -] Notify callbacks ['neutron.services.segments.db._update_segment_host_mapping_for_agent-8740306597802'] for agent, after_update _notify_loop /usr/lib/python2.7/site-packages/neutron_lib/callbacks/manager.py:167
2018-09-29 03:10:37.393 16277 DEBUG neutron_lib.callbacks.manager [req-61d400a0-3f5a-4b79-b275-8193c770f793 - - - - -] Notify callbacks ['neutron.services.segments.db._update_segment_host_mapping_for_agent-8740306597802'] for agent, after_update _notify_loop /usr/lib/python2.7/site-packages/neutron_lib/callbacks/manager.py:167
2018-09-29 03:10:39.397 16279 DEBUG neutron_lib.callbacks.manager [req-bf8c0124-a549-42b1-ab34-58e998fe9328 - - - - -] Notify callbacks ['neutron.services.segments.db._update_segment_host_mapping_for_agent-8740306597802'] for agent, after_update _notify_loop /usr/lib/python2.7/site-packages/neutron_lib/callbacks/manager.py:167
2018-09-29 03:10:44.480 16285 DEBUG neutron.db.agents_db [req-29528797-178a-4a18-89c8-03cba370ad9a - - - - -] Agent healthcheck: found 5 active agents agent_health_check /usr/lib/python2.7/site-packages/neutron/db/agents_db.py:281
2018-09-29 03:10:45.819 16274 INFO neutron.wsgi [req-ce4e1aa7-f500-45ca-9066-1c37f8ff2662 f51382416d0544ceb4b655cf21ce4a7e f84f9ae1698c449daed60ad30536d522 - 55b2c8c1d79c452e9d9d7275c98c0b28 55b2c8c1d79c452e9d9d7275c98c0b28] 10.0.20.36 "GET /v2.0/ports?device_id=830040e8-5e34-4064-ad30-c09e5675fe4d HTTP/1.1" status: 200  len: 1123 time: 0.5223780
2018-09-29 03:10:45.939 16274 INFO neutron.wsgi [req-1793147b-cf88-4da3-a559-6b315ca16d77 f51382416d0544ceb4b655cf21ce4a7e f84f9ae1698c449daed60ad30536d522 - 55b2c8c1d79c452e9d9d7275c98c0b28 55b2c8c1d79c452e9d9d7275c98c0b28] 10.0.20.36 "GET /v2.0/security-groups?id=d0abf9d2-1d32-44b5-bed6-51bd84a2a93a HTTP/1.1" status: 200  len: 2118 time: 0.1142049
2018-09-29 03:10:46.760 16270 INFO neutron.wsgi [req-8dcad360-3f71-4197-b49f-03dbd55d0002 52db2c2bb2754474a9e626ac3befb2ef 2826c499828f44719ccb8a386423ec45 - default default] 10.0.20.36 "GET /v2.0/ports?tenant_id=f84f9ae1698c449daed60ad30536d522&device_id=830040e8-5e34-4064-ad30-c09e5675fe4d HTTP/1.1" status: 200  len: 1123 time: 0.1096821
2018-09-29 03:10:46.990 16270 DEBUG neutron.pecan_wsgi.hooks.policy_enforcement [req-d7ea8564-b171-46d6-8c11-0670f5f01541 52db2c2bb2754474a9e626ac3befb2ef 2826c499828f44719ccb8a386423ec45 - default default] Attributes excluded by policy engine: [u'vlan_transparent'] _exclude_attributes_by_policy /usr/lib/python2.7/site-packages/neutron/pecan_wsgi/hooks/policy_enforcement.py:256
2018-09-29 03:10:46.993 16270 INFO neutron.wsgi [req-d7ea8564-b171-46d6-8c11-0670f5f01541 52db2c2bb2754474a9e626ac3befb2ef 2826c499828f44719ccb8a386423ec45 - default default] 10.0.20.36 "GET /v2.0/networks?id=5155ac1a-8023-4201-b847-90b0d6347fb4 HTTP/1.1" status: 200  len: 885 time: 0.2272549
2018-09-29 03:10:47.037 16270 INFO neutron.wsgi [req-027c5632-c26a-4e4d-9a1d-15c26fcd67c8 52db2c2bb2754474a9e626ac3befb2ef 2826c499828f44719ccb8a386423ec45 - default default] 10.0.20.36 "GET /v2.0/floatingips?fixed_ip_address=11.48.1.3&port_id=84a07c9b-34e8-429b-8e5d-a2225857921b HTTP/1.1" status: 200  len: 750 time: 0.0383110
2018-09-29 03:10:47.139 16270 DEBUG neutron.pecan_wsgi.hooks.policy_enforcement [req-9736dc39-c902-4134-b170-d2326636744a 52db2c2bb2754474a9e626ac3befb2ef 2826c499828f44719ccb8a386423ec45 - default default] Attributes excluded by policy engine: [u'shared'] _exclude_attributes_by_policy /usr/lib/python2.7/site-packages/neutron/pecan_wsgi/hooks/policy_enforcement.py:256
2018-09-29 03:10:47.142 16270 INFO neutron.wsgi [req-9736dc39-c902-4134-b170-d2326636744a 52db2c2bb2754474a9e626ac3befb2ef 2826c499828f44719ccb8a386423ec45 - default default] 10.0.20.36 "GET /v2.0/subnets?id=51f9c39d-d535-42c1-a4a0-fc4fdc16d657 HTTP/1.1" status: 200  len: 843 time: 0.1003480
2018-09-29 03:10:47.248 16270 INFO neutron.wsgi [req-71f76f90-1bd0-40a7-a9cd-7f412f54e2aa 52db2c2bb2754474a9e626ac3befb2ef 2826c499828f44719ccb8a386423ec45 - default default] 10.0.20.36 "GET /v2.0/ports?network_id=5155ac1a-8023-4201-b847-90b0d6347fb4&device_owner=network%3Adhcp HTTP/1.1" status: 200  len: 1127 time: 0.1008239
2018-09-29 03:10:50.024 16277 DEBUG neutron.plugins.ml2.rpc [req-039e7366-43d2-48fb-8900-bc1df8e2aaca - - - - -] Device 84a07c9b-34e8-429b-8e5d-a2225857921b no longer exists at agent ovs-agent-localhost.localdomain update_device_down /usr/lib/python2.7/site-packages/neutron/plugins/ml2/rpc.py:213
2018-09-29 03:10:50.171 16277 DEBUG neutron_lib.callbacks.manager [req-039e7366-43d2-48fb-8900-bc1df8e2aaca - - - - -] Notify callbacks ['neutron.plugins.ml2.plugin.Ml2Plugin._ensure_default_security_group_handler-737343'] for port, before_update _notify_loop /usr/lib/python2.7/site-packages/neutron_lib/callbacks/manager.py:167
2018-09-29 03:10:50.233 16277 DEBUG oslo_concurrency.lockutils [-] Lock "notifier-c08d36e0-1a83-49b6-92f3-8ee30ad603ac" acquired by "neutron.notifiers.batch_notifier.synced_send" :: waited 0.000s inner /usr/lib/python2.7/site-packages/oslo_concurrency/lockutils.py:270
2018-09-29 03:10:50.234 16277 DEBUG neutron.notifiers.nova [-] Sending events: [{'status': 'completed', 'tag': u'84a07c9b-34e8-429b-8e5d-a2225857921b', 'name': 'network-vif-unplugged', 'server_uuid': u'830040e8-5e34-4064-ad30-c09e5675fe4d'}] send_events /usr/lib/python2.7/site-packages/neutron/notifiers/nova.py:242
2018-09-29 03:10:50.241 16277 DEBUG neutron.plugins.ml2.db [req-039e7366-43d2-48fb-8900-bc1df8e2aaca - - - - -] For port 84a07c9b-34e8-429b-8e5d-a2225857921b, host localhost.localdomain, got binding levels [<neutron.plugins.ml2.models.PortBindingLevel[object at 7f302cc1d850] {port_id=u'84a07c9b-34e8-429b-8e5d-a2225857921b', host=u'localhost.localdomain', level=0, driver=u'openvswitch', segment_id=u'b17fb224-89fa-42e5-a4ee-bc86679b9f92'}>] get_binding_levels /usr/lib/python2.7/site-packages/neutron/plugins/ml2/db.py:106
2018-09-29 03:10:50.250 16277 DEBUG neutron_lib.callbacks.manager [req-039e7366-43d2-48fb-8900-bc1df8e2aaca - - - - -] Notify callbacks ['neutron.db.l3_dvrscheduler_db._notify_l3_agent_port_update-8740306235306', 'neutron.plugins.ml2.ovo_rpc._ObjectChangeHandler.handle_event--9223372036850880346', 'neutron.db.l3_hascheduler_db._notify_l3_agent_ha_port_update-8740306235381', 'neutron.plugins.ml2.plugin.Ml2Plugin.notify_sg_on_port_change-744600', 'neutron.api.rpc.agentnotifiers.dhcp_rpc_agent_api.DhcpAgentNotifyAPI._native_event_send_dhcp_notification-3842470'] for port, after_update _notify_loop /usr/lib/python2.7/site-packages/neutron_lib/callbacks/manager.py:167
2018-09-29 03:10:50.259 16277 DEBUG oslo_concurrency.lockutils [-] Lock "event-dispatch" acquired by "neutron.plugins.ml2.ovo_rpc.dispatch_events" :: waited 0.000s inner /usr/lib/python2.7/site-packages/oslo_concurrency/lockutils.py:270
2018-09-29 03:10:50.365 16277 DEBUG neutron.api.rpc.handlers.resources_rpc [req-039e7366-43d2-48fb-8900-bc1df8e2aaca - - - - -] neutron.api.rpc.handlers.resources_rpc.ResourcesPushRpcApi method push called with arguments (<neutron_lib.context.Context object at 0x7f302cb6fd10>, [Port(admin_state_up=True,allowed_address_pairs=[],binding=PortBinding,binding_levels=[PortBindingLevel],created_at=2018-09-29T07:07:54Z,data_plane_status=<?>,description='',device_id='830040e8-5e34-4064-ad30-c09e5675fe4d',device_owner='compute:nova',dhcp_options=[],distributed_binding=None,dns=None,fixed_ips=[IPAllocation],id=84a07c9b-34e8-429b-8e5d-a2225857921b,mac_address=fa:16:3e:14:47:02,name='',network_id=5155ac1a-8023-4201-b847-90b0d6347fb4,project_id='f84f9ae1698c449daed60ad30536d522',qos_policy_id=None,revision_number=7,security=PortSecurity(84a07c9b-34e8-429b-8e5d-a2225857921b),security_group_ids=set([d0abf9d2-1d32-44b5-bed6-51bd84a2a93a]),status='DOWN',updated_at=2018-09-29T07:10:50Z)], 'updated') {} wrapper /usr/lib/python2.7/site-packages/oslo_log/helpers.py:66
2018-09-29 03:10:50.375 16277 DEBUG neutron.api.rpc.callbacks.version_manager [req-039e7366-43d2-48fb-8900-bc1df8e2aaca - - - - -] Version for resource type Subnet changed None to 1.0 on consumer Open vSwitch agent@localhost.localdomain _set_version /usr/lib/python2.7/site-packages/neutron/api/rpc/callbacks/version_manager.py:119
2018-09-29 03:10:50.376 16277 DEBUG neutron.api.rpc.callbacks.version_manager [req-039e7366-43d2-48fb-8900-bc1df8e2aaca - - - - -] Version for resource type Network changed None to 1.0 on consumer Open vSwitch agent@localhost.localdomain _set_version /usr/lib/python2.7/site-packages/neutron/api/rpc/callbacks/version_manager.py:119
2018-09-29 03:10:50.376 16277 DEBUG neutron.api.rpc.callbacks.version_manager [req-039e7366-43d2-48fb-8900-bc1df8e2aaca - - - - -] Version for resource type SubPort changed None to 1.0 on consumer Open vSwitch agent@localhost.localdomain _set_version /usr/lib/python2.7/site-packages/neutron/api/rpc/callbacks/version_manager.py:119
2018-09-29 03:10:50.376 16277 DEBUG neutron.api.rpc.callbacks.version_manager [req-039e7366-43d2-48fb-8900-bc1df8e2aaca - - - - -] Version for resource type SecurityGroup changed None to 1.0 on consumer Open vSwitch agent@localhost.localdomain _set_version /usr/lib/python2.7/site-packages/neutron/api/rpc/callbacks/version_manager.py:119
2018-09-29 03:10:50.377 16277 DEBUG neutron.api.rpc.callbacks.version_manager [req-039e7366-43d2-48fb-8900-bc1df8e2aaca - - - - -] Version for resource type SecurityGroupRule changed None to 1.0 on consumer Open vSwitch agent@localhost.localdomain _set_version /usr/lib/python2.7/site-packages/neutron/api/rpc/callbacks/version_manager.py:119
2018-09-29 03:10:50.377 16277 DEBUG neutron.api.rpc.callbacks.version_manager [req-039e7366-43d2-48fb-8900-bc1df8e2aaca - - - - -] Version for resource type Trunk changed None to 1.1 on consumer Open vSwitch agent@localhost.localdomain _set_version /usr/lib/python2.7/site-packages/neutron/api/rpc/callbacks/version_manager.py:119
2018-09-29 03:10:50.378 16277 DEBUG neutron.api.rpc.callbacks.version_manager [req-039e7366-43d2-48fb-8900-bc1df8e2aaca - - - - -] Version for resource type QosPolicy changed None to 1.6 on consumer Open vSwitch agent@localhost.localdomain _set_version /usr/lib/python2.7/site-packages/neutron/api/rpc/callbacks/version_manager.py:119
2018-09-29 03:10:50.378 16277 DEBUG neutron.api.rpc.callbacks.version_manager [req-039e7366-43d2-48fb-8900-bc1df8e2aaca - - - - -] Version for resource type Port changed None to 1.1 on consumer Open vSwitch agent@localhost.localdomain _set_version /usr/lib/python2.7/site-packages/neutron/api/rpc/callbacks/version_manager.py:119
2018-09-29 03:10:50.378 16277 DEBUG neutron.api.rpc.callbacks.version_manager [req-039e7366-43d2-48fb-8900-bc1df8e2aaca - - - - -] Version for resource type Log changed None to 1.0 on consumer Open vSwitch agent@localhost.localdomain _set_version /usr/lib/python2.7/site-packages/neutron/api/rpc/callbacks/version_manager.py:119
2018-09-29 03:10:50.391 16277 DEBUG oslo_concurrency.lockutils [req-039e7366-43d2-48fb-8900-bc1df8e2aaca - - - - -] Lock "event-dispatch" released by "neutron.plugins.ml2.ovo_rpc.dispatch_events" :: held 0.132s inner /usr/lib/python2.7/site-packages/oslo_concurrency/lockutils.py:282
2018-09-29 03:10:51.151 16277 DEBUG novaclient.v2.client [-] REQ: curl -g -i -X POST http://10.0.20.36:8774/v2.1/2826c499828f44719ccb8a386423ec45/os-server-external-events -H "User-Agent: python-novaclient" -H "Content-Type: application/json" -H "Accept: application/json" -H "X-OpenStack-Nova-API-Version: 2.1" -H "X-Auth-Token: {SHA1}01b86683db2abbc87f7e38175d4b2404737b7b1a" -d '{"events": [{"status": "completed", "tag": "84a07c9b-34e8-429b-8e5d-a2225857921b", "name": "network-vif-unplugged", "server_uuid": "830040e8-5e34-4064-ad30-c09e5675fe4d"}]}' _http_log_request /usr/lib/python2.7/site-packages/keystoneauth1/session.py:375
2018-09-29 03:10:51.594 16277 DEBUG novaclient.v2.client [-] RESP: [200] Content-Length: 185 Content-Type: application/json Openstack-Api-Version: compute 2.1 X-Openstack-Nova-Api-Version: 2.1 Vary: OpenStack-API-Version, X-OpenStack-Nova-API-Version X-Openstack-Request-Id: req-01185160-f66d-4daa-8130-32c659ad8f4f X-Compute-Request-Id: req-01185160-f66d-4daa-8130-32c659ad8f4f Date: Sat, 29 Sep 2018 07:10:51 GMT Connection: keep-alive 
RESP BODY: {"events": [{"status": "completed", "tag": "84a07c9b-34e8-429b-8e5d-a2225857921b", "name": "network-vif-unplugged", "server_uuid": "830040e8-5e34-4064-ad30-c09e5675fe4d", "code": 200}]}
 _http_log_response /usr/lib/python2.7/site-packages/keystoneauth1/session.py:423
2018-09-29 03:10:51.594 16277 DEBUG novaclient.v2.client [-] POST call to compute for http://10.0.20.36:8774/v2.1/2826c499828f44719ccb8a386423ec45/os-server-external-events used request id req-01185160-f66d-4daa-8130-32c659ad8f4f request /usr/lib/python2.7/site-packages/keystoneauth1/session.py:727
2018-09-29 03:10:51.601 16277 INFO neutron.notifiers.nova [-] Nova event response: {u'status': u'completed', u'tag': u'84a07c9b-34e8-429b-8e5d-a2225857921b', u'name': u'network-vif-unplugged', u'server_uuid': u'830040e8-5e34-4064-ad30-c09e5675fe4d', u'code': 200}
2018-09-29 03:10:51.927 16273 INFO neutron.wsgi [req-5faaa6c9-4695-4bb7-99d6-39dc8d56de9f f51382416d0544ceb4b655cf21ce4a7e f84f9ae1698c449daed60ad30536d522 - 55b2c8c1d79c452e9d9d7275c98c0b28 55b2c8c1d79c452e9d9d7275c98c0b28] 10.0.20.36 "GET /v2.0/ports?device_id=830040e8-5e34-4064-ad30-c09e5675fe4d HTTP/1.1" status: 200  len: 1121 time: 0.3939431
2018-09-29 03:10:52.025 16273 INFO neutron.wsgi [req-4f0dfd09-1e3d-4fad-a926-a9f1d7a33db8 f51382416d0544ceb4b655cf21ce4a7e f84f9ae1698c449daed60ad30536d522 - 55b2c8c1d79c452e9d9d7275c98c0b28 55b2c8c1d79c452e9d9d7275c98c0b28] 10.0.20.36 "GET /v2.0/security-groups?id=d0abf9d2-1d32-44b5-bed6-51bd84a2a93a HTTP/1.1" status: 200  len: 2118 time: 0.0918250
2018-09-29 03:10:52.743 16281 DEBUG neutron_lib.callbacks.manager [req-039e7366-43d2-48fb-8900-bc1df8e2aaca - - - - -] Notify callbacks ['neutron.services.segments.db._update_segment_host_mapping_for_agent-8740306597802'] for agent, after_update _notify_loop /usr/lib/python2.7/site-packages/neutron_lib/callbacks/manager.py:167
2018-09-29 03:10:53.601 16277 DEBUG oslo_concurrency.lockutils [-] Lock "notifier-c08d36e0-1a83-49b6-92f3-8ee30ad603ac" released by "neutron.notifiers.batch_notifier.synced_send" :: held 3.368s inner /usr/lib/python2.7/site-packages/oslo_concurrency/lockutils.py:282
2018-09-29 03:10:56.072 16278 DEBUG neutron.plugins.ml2.rpc [req-039e7366-43d2-48fb-8900-bc1df8e2aaca - - - - -] Device 84a07c9b-34e8-429b-8e5d-a2225857921b up at agent ovs-agent-localhost.localdomain update_device_up /usr/lib/python2.7/site-packages/neutron/plugins/ml2/rpc.py:244
2018-09-29 03:10:56.180 16278 DEBUG neutron.db.provisioning_blocks [req-039e7366-43d2-48fb-8900-bc1df8e2aaca - - - - -] Provisioning complete for port 84a07c9b-34e8-429b-8e5d-a2225857921b triggered by entity L2. provisioning_complete /usr/lib/python2.7/site-packages/neutron/db/provisioning_blocks.py:138
2018-09-29 03:10:56.181 16278 DEBUG neutron_lib.callbacks.manager [req-039e7366-43d2-48fb-8900-bc1df8e2aaca - - - - -] Notify callbacks ['neutron.plugins.ml2.plugin.Ml2Plugin._port_provisioned--9223372036851225120'] for port, provisioning_complete _notify_loop /usr/lib/python2.7/site-packages/neutron_lib/callbacks/manager.py:167
2018-09-29 03:10:56.323 16278 DEBUG neutron_lib.callbacks.manager [req-039e7366-43d2-48fb-8900-bc1df8e2aaca - - - - -] Notify callbacks ['neutron.plugins.ml2.plugin.Ml2Plugin._ensure_default_security_group_handler-737343'] for port, before_update _notify_loop /usr/lib/python2.7/site-packages/neutron_lib/callbacks/manager.py:167
2018-09-29 03:10:56.378 16278 DEBUG oslo_concurrency.lockutils [-] Lock "notifier-c08d36e0-1a83-49b6-92f3-8ee30ad603ac" acquired by "neutron.notifiers.batch_notifier.synced_send" :: waited 0.000s inner /usr/lib/python2.7/site-packages/oslo_concurrency/lockutils.py:270
2018-09-29 03:10:56.379 16278 DEBUG neutron.notifiers.nova [-] Sending events: [{'status': 'completed', 'tag': u'84a07c9b-34e8-429b-8e5d-a2225857921b', 'name': 'network-vif-plugged', 'server_uuid': u'830040e8-5e34-4064-ad30-c09e5675fe4d'}] send_events /usr/lib/python2.7/site-packages/neutron/notifiers/nova.py:242
2018-09-29 03:10:56.387 16278 DEBUG neutron.plugins.ml2.db [req-039e7366-43d2-48fb-8900-bc1df8e2aaca - - - - -] For port 84a07c9b-34e8-429b-8e5d-a2225857921b, host localhost.localdomain, got binding levels [<neutron.plugins.ml2.models.PortBindingLevel[object at 7f302d2b9a10] {port_id=u'84a07c9b-34e8-429b-8e5d-a2225857921b', host=u'localhost.localdomain', level=0, driver=u'openvswitch', segment_id=u'b17fb224-89fa-42e5-a4ee-bc86679b9f92'}>] get_binding_levels /usr/lib/python2.7/site-packages/neutron/plugins/ml2/db.py:106
2018-09-29 03:10:56.391 16278 DEBUG neutron_lib.callbacks.manager [req-039e7366-43d2-48fb-8900-bc1df8e2aaca - - - - -] Notify callbacks ['neutron.db.l3_dvrscheduler_db._notify_l3_agent_port_update-8740306235306', 'neutron.plugins.ml2.ovo_rpc._ObjectChangeHandler.handle_event--9223372036850880346', 'neutron.db.l3_hascheduler_db._notify_l3_agent_ha_port_update-8740306235381', 'neutron.plugins.ml2.plugin.Ml2Plugin.notify_sg_on_port_change-744600', 'neutron.api.rpc.agentnotifiers.dhcp_rpc_agent_api.DhcpAgentNotifyAPI._native_event_send_dhcp_notification-3842470'] for port, after_update _notify_loop /usr/lib/python2.7/site-packages/neutron_lib/callbacks/manager.py:167
2018-09-29 03:10:56.401 16278 DEBUG oslo_concurrency.lockutils [-] Lock "event-dispatch" acquired by "neutron.plugins.ml2.ovo_rpc.dispatch_events" :: waited 0.000s inner /usr/lib/python2.7/site-packages/oslo_concurrency/lockutils.py:270
2018-09-29 03:10:56.517 16278 DEBUG neutron.api.rpc.handlers.resources_rpc [req-039e7366-43d2-48fb-8900-bc1df8e2aaca - - - - -] neutron.api.rpc.handlers.resources_rpc.ResourcesPushRpcApi method push called with arguments (<neutron_lib.context.Context object at 0x7f302d1da350>, [Port(admin_state_up=True,allowed_address_pairs=[],binding=PortBinding,binding_levels=[PortBindingLevel],created_at=2018-09-29T07:07:54Z,data_plane_status=<?>,description='',device_id='830040e8-5e34-4064-ad30-c09e5675fe4d',device_owner='compute:nova',dhcp_options=[],distributed_binding=None,dns=None,fixed_ips=[IPAllocation],id=84a07c9b-34e8-429b-8e5d-a2225857921b,mac_address=fa:16:3e:14:47:02,name='',network_id=5155ac1a-8023-4201-b847-90b0d6347fb4,project_id='f84f9ae1698c449daed60ad30536d522',qos_policy_id=None,revision_number=8,security=PortSecurity(84a07c9b-34e8-429b-8e5d-a2225857921b),security_group_ids=set([d0abf9d2-1d32-44b5-bed6-51bd84a2a93a]),status='ACTIVE',updated_at=2018-09-29T07:10:56Z)], 'updated') {} wrapper /usr/lib/python2.7/site-packages/oslo_log/helpers.py:66
2018-09-29 03:10:56.526 16278 DEBUG neutron.api.rpc.callbacks.version_manager [req-039e7366-43d2-48fb-8900-bc1df8e2aaca - - - - -] Version for resource type Subnet changed None to 1.0 on consumer Open vSwitch agent@localhost.localdomain _set_version /usr/lib/python2.7/site-packages/neutron/api/rpc/callbacks/version_manager.py:119
2018-09-29 03:10:56.527 16278 DEBUG neutron.api.rpc.callbacks.version_manager [req-039e7366-43d2-48fb-8900-bc1df8e2aaca - - - - -] Version for resource type Network changed None to 1.0 on consumer Open vSwitch agent@localhost.localdomain _set_version /usr/lib/python2.7/site-packages/neutron/api/rpc/callbacks/version_manager.py:119
2018-09-29 03:10:56.527 16278 DEBUG neutron.api.rpc.callbacks.version_manager [req-039e7366-43d2-48fb-8900-bc1df8e2aaca - - - - -] Version for resource type SubPort changed None to 1.0 on consumer Open vSwitch agent@localhost.localdomain _set_version /usr/lib/python2.7/site-packages/neutron/api/rpc/callbacks/version_manager.py:119
2018-09-29 03:10:56.528 16278 DEBUG neutron.api.rpc.callbacks.version_manager [req-039e7366-43d2-48fb-8900-bc1df8e2aaca - - - - -] Version for resource type SecurityGroup changed None to 1.0 on consumer Open vSwitch agent@localhost.localdomain _set_version /usr/lib/python2.7/site-packages/neutron/api/rpc/callbacks/version_manager.py:119
2018-09-29 03:10:56.529 16278 DEBUG neutron.api.rpc.callbacks.version_manager [req-039e7366-43d2-48fb-8900-bc1df8e2aaca - - - - -] Version for resource type SecurityGroupRule changed None to 1.0 on consumer Open vSwitch agent@localhost.localdomain _set_version /usr/lib/python2.7/site-packages/neutron/api/rpc/callbacks/version_manager.py:119
2018-09-29 03:10:56.529 16278 DEBUG neutron.api.rpc.callbacks.version_manager [req-039e7366-43d2-48fb-8900-bc1df8e2aaca - - - - -] Version for resource type Trunk changed None to 1.1 on consumer Open vSwitch agent@localhost.localdomain _set_version /usr/lib/python2.7/site-packages/neutron/api/rpc/callbacks/version_manager.py:119
2018-09-29 03:10:56.530 16278 DEBUG neutron.api.rpc.callbacks.version_manager [req-039e7366-43d2-48fb-8900-bc1df8e2aaca - - - - -] Version for resource type QosPolicy changed None to 1.6 on consumer Open vSwitch agent@localhost.localdomain _set_version /usr/lib/python2.7/site-packages/neutron/api/rpc/callbacks/version_manager.py:119
2018-09-29 03:10:56.530 16278 DEBUG neutron.api.rpc.callbacks.version_manager [req-039e7366-43d2-48fb-8900-bc1df8e2aaca - - - - -] Version for resource type Port changed None to 1.1 on consumer Open vSwitch agent@localhost.localdomain _set_version /usr/lib/python2.7/site-packages/neutron/api/rpc/callbacks/version_manager.py:119
2018-09-29 03:10:56.531 16278 DEBUG neutron.api.rpc.callbacks.version_manager [req-039e7366-43d2-48fb-8900-bc1df8e2aaca - - - - -] Version for resource type Log changed None to 1.0 on consumer Open vSwitch agent@localhost.localdomain _set_version /usr/lib/python2.7/site-packages/neutron/api/rpc/callbacks/version_manager.py:119
