2018-06-28 07:09:04.722 22366 DEBUG novaclient.v2.client [-] RESP: [200] Content-Length: 183 Content-Type: application/json Openstack-Api-Version: compute 2.1 X-Openstack-Nova-Api-Version: 2.1 Vary: OpenStack-API-Version, X-OpenStack-Nova-API-Version X-Openstack-Request-Id: req-811b64c5-104a-4849-8959-15e8418f78c6 X-Compute-Request-Id: req-811b64c5-104a-4849-8959-15e8418f78c6 Date: Thu, 28 Jun 2018 05:09:04 GMT Connection: keep-alive 
RESP BODY: {"events": [{"status": "completed", "tag": "0b9599ce-08a3-4274-ae93-a39dc5d8b3f3", "name": "network-vif-deleted", "server_uuid": "8e05b77b-b960-4a66-8fef-55468f17e37e", "code": 200}]}
 _http_log_response /usr/lib/python2.7/site-packages/keystoneauth1/session.py:423
2018-06-28 07:09:04.723 22366 DEBUG novaclient.v2.client [-] POST call to compute for http://10.0.20.25:8774/v2.1/910acf3b84b64f358e48f506530f7cb1/os-server-external-events used request id req-811b64c5-104a-4849-8959-15e8418f78c6 request /usr/lib/python2.7/site-packages/keystoneauth1/session.py:727
2018-06-28 07:09:04.731 22366 INFO neutron.notifiers.nova [-] Nova event response: {u'status': u'completed', u'tag': u'0b9599ce-08a3-4274-ae93-a39dc5d8b3f3', u'name': u'network-vif-deleted', u'server_uuid': u'8e05b77b-b960-4a66-8fef-55468f17e37e', u'code': 200}
2018-06-28 07:09:05.093 22370 DEBUG neutron_lib.callbacks.manager [req-05d227dd-7031-4d88-85dc-3cb3d9b52002 - - - - -] Notify callbacks ['neutron.services.segments.db._update_segment_host_mapping_for_agent-8770357624370'] for agent, after_update _notify_loop /usr/lib/python2.7/site-packages/neutron_lib/callbacks/manager.py:167
2018-06-28 07:09:05.599 22371 DEBUG neutron_lib.callbacks.manager [req-9ad9fb78-cc47-4030-8859-3482b3a05afa - - - - -] Notify callbacks ['neutron.services.segments.db._update_segment_host_mapping_for_agent-8770357624370'] for agent, after_update _notify_loop /usr/lib/python2.7/site-packages/neutron_lib/callbacks/manager.py:167
2018-06-28 07:09:05.724 22374 DEBUG neutron_lib.callbacks.manager [req-d3021163-a2ed-45c6-bfc0-38e7bd219e7e - - - - -] Notify callbacks ['neutron.services.segments.db._update_segment_host_mapping_for_agent-8770357624370'] for agent, after_update _notify_loop /usr/lib/python2.7/site-packages/neutron_lib/callbacks/manager.py:167
2018-06-28 07:09:05.739 22375 DEBUG neutron_lib.callbacks.manager [req-f79042ad-18e1-4e4f-b860-1a171b7bb5ca - - - - -] Notify callbacks ['neutron.services.segments.db._update_segment_host_mapping_for_agent-8770357624370'] for agent, after_update _notify_loop /usr/lib/python2.7/site-packages/neutron_lib/callbacks/manager.py:167
2018-06-28 07:09:06.394 22367 DEBUG neutron_lib.callbacks.manager [req-71922ef0-8452-4d3f-b605-80dc45723916 - - - - -] Notify callbacks ['neutron.services.segments.db._update_segment_host_mapping_for_agent-8770357624370'] for agent, after_update _notify_loop /usr/lib/python2.7/site-packages/neutron_lib/callbacks/manager.py:167
2018-06-28 07:09:06.733 22366 DEBUG oslo_concurrency.lockutils [-] Lock "notifier-31834a06-e63b-4713-bac4-523664e092b4" released by "neutron.notifiers.batch_notifier.synced_send" :: held 2.154s inner /usr/lib/python2.7/site-packages/oslo_concurrency/lockutils.py:282
2018-06-28 07:09:19.201 22366 INFO neutron.wsgi [req-7601b0e3-60f9-41a6-9fea-c8ef96ebee51 db7e024eefa34f0d9525ad1ee1475527 910acf3b84b64f358e48f506530f7cb1 - default default] 10.0.20.25 "GET /v2.0/ports?tenant_id=d78cc7e3a91b458aba87693b13d57558&device_id=8e05b77b-b960-4a66-8fef-55468f17e37e HTTP/1.1" status: 200  len: 210 time: 0.1041479
2018-06-28 07:09:19.210 22376 DEBUG neutron.db.agents_db [req-507f439f-dee9-4414-865e-214102393f58 - - - - -] Agent healthcheck: found 5 active agents agent_health_check /usr/lib/python2.7/site-packages/neutron/db/agents_db.py:281
2018-06-28 07:09:19.547 22366 DEBUG neutron.pecan_wsgi.hooks.policy_enforcement [req-ccd984de-2403-4c3a-b58c-0311438d29dc db7e024eefa34f0d9525ad1ee1475527 910acf3b84b64f358e48f506530f7cb1 - default default] Attributes excluded by policy engine: [u'vlan_transparent'] _exclude_attributes_by_policy /usr/lib/python2.7/site-packages/neutron/pecan_wsgi/hooks/policy_enforcement.py:256
2018-06-28 07:09:19.549 22366 INFO neutron.wsgi [req-ccd984de-2403-4c3a-b58c-0311438d29dc db7e024eefa34f0d9525ad1ee1475527 910acf3b84b64f358e48f506530f7cb1 - default default] 10.0.20.25 "GET /v2.0/networks?tenant_id=d78cc7e3a91b458aba87693b13d57558&shared=False HTTP/1.1" status: 200  len: 885 time: 0.3325360
2018-06-28 07:09:19.615 22366 INFO neutron.wsgi [req-3c13ad95-f4ce-4fcf-8ffd-9a8336f2b4ef db7e024eefa34f0d9525ad1ee1475527 910acf3b84b64f358e48f506530f7cb1 - default default] 10.0.20.25 "GET /v2.0/networks?shared=True HTTP/1.1" status: 200  len: 213 time: 0.0582311
2018-06-28 07:09:35.103 22369 DEBUG neutron_lib.callbacks.manager [req-05d227dd-7031-4d88-85dc-3cb3d9b52002 - - - - -] Notify callbacks ['neutron.services.segments.db._update_segment_host_mapping_for_agent-8770357624370'] for agent, after_update _notify_loop /usr/lib/python2.7/site-packages/neutron_lib/callbacks/manager.py:167
2018-06-28 07:09:35.618 22368 DEBUG neutron_lib.callbacks.manager [req-18d065e3-f2d3-488e-aebe-46a5020c848e - - - - -] Notify callbacks ['neutron.services.segments.db._update_segment_host_mapping_for_agent-8770357624370'] for agent, after_update _notify_loop /usr/lib/python2.7/site-packages/neutron_lib/callbacks/manager.py:167
2018-06-28 07:09:35.686 22373 DEBUG neutron_lib.callbacks.manager [req-d3021163-a2ed-45c6-bfc0-38e7bd219e7e - - - - -] Notify callbacks ['neutron.services.segments.db._update_segment_host_mapping_for_agent-8770357624370'] for agent, after_update _notify_loop /usr/lib/python2.7/site-packages/neutron_lib/callbacks/manager.py:167
2018-06-28 07:09:35.694 22372 DEBUG neutron_lib.callbacks.manager [req-f79042ad-18e1-4e4f-b860-1a171b7bb5ca - - - - -] Notify callbacks ['neutron.services.segments.db._update_segment_host_mapping_for_agent-8770357624370'] for agent, after_update _notify_loop /usr/lib/python2.7/site-packages/neutron_lib/callbacks/manager.py:167
2018-06-28 07:09:36.358 22370 DEBUG neutron_lib.callbacks.manager [req-c33da149-1d1f-4b95-b6de-55e63c62830d - - - - -] Notify callbacks ['neutron.services.segments.db._update_segment_host_mapping_for_agent-8770357624370'] for agent, after_update _notify_loop /usr/lib/python2.7/site-packages/neutron_lib/callbacks/manager.py:167
2018-06-28 07:09:38.821 22366 DEBUG neutron.wsgi [-] (22366) accepted ('10.0.20.25', 42786) server /usr/lib/python2.7/site-packages/eventlet/wsgi.py:883
2018-06-28 07:09:38.826 22366 INFO neutron.wsgi [-] 10.0.20.25 "GET / HTTP/1.1" status: 200  len: 252 time: 0.0025620
2018-06-28 07:09:39.799 22366 INFO neutron.api.v2.resource [req-b2f803bd-4396-4bf5-814c-bca5203f0f7c 82758ee9dbed4bdf919e32bc6135cc36 f7db0ec7eef2499fb14973cea9da1187 - default default] show failed (client error): The resource could not be found.
2018-06-28 07:09:39.801 22366 INFO neutron.wsgi [req-b2f803bd-4396-4bf5-814c-bca5203f0f7c 82758ee9dbed4bdf919e32bc6135cc36 f7db0ec7eef2499fb14973cea9da1187 - default default] 10.0.20.25 "GET /v2.0/routers/tempest-router-1530161835 HTTP/1.1" status: 404  len: 334 time: 0.9653361
2018-06-28 07:09:40.064 22366 INFO neutron.wsgi [req-3e14a48e-497f-42df-aea1-4107a0cc0f18 82758ee9dbed4bdf919e32bc6135cc36 f7db0ec7eef2499fb14973cea9da1187 - default default] 10.0.20.25 "GET /v2.0/routers HTTP/1.1" status: 200  len: 1590 time: 0.2540050
2018-06-28 07:09:40.096 22366 DEBUG neutron.api.v2.base [req-eaf8043a-e11a-4a01-ae67-ec0b46b4678d 82758ee9dbed4bdf919e32bc6135cc36 f7db0ec7eef2499fb14973cea9da1187 - default default] Request body: {u'router': {u'external_gateway_info': {}}} prepare_request_body /usr/lib/python2.7/site-packages/neutron/api/v2/base.py:695
2018-06-28 07:09:41.032 22366 DEBUG neutron_lib.callbacks.manager [req-eaf8043a-e11a-4a01-ae67-ec0b46b4678d 82758ee9dbed4bdf919e32bc6135cc36 f7db0ec7eef2499fb14973cea9da1187 - default default] Notify callbacks [] for router_gateway, before_delete _notify_loop /usr/lib/python2.7/site-packages/neutron_lib/callbacks/manager.py:167
2018-06-28 07:09:41.048 22366 DEBUG neutron.plugins.ml2.plugin [req-eaf8043a-e11a-4a01-ae67-ec0b46b4678d 82758ee9dbed4bdf919e32bc6135cc36 f7db0ec7eef2499fb14973cea9da1187 - default default] Deleting port 5b03bf19-53dd-4372-8182-5f191517ff19 _pre_delete_port /usr/lib/python2.7/site-packages/neutron/plugins/ml2/plugin.py:1488
2018-06-28 07:09:41.049 22366 DEBUG neutron_lib.callbacks.manager [req-eaf8043a-e11a-4a01-ae67-ec0b46b4678d 82758ee9dbed4bdf919e32bc6135cc36 f7db0ec7eef2499fb14973cea9da1187 - default default] Notify callbacks ['neutron.db.l3_db._prevent_l3_port_delete_callback-8770357825254'] for port, before_delete _notify_loop /usr/lib/python2.7/site-packages/neutron_lib/callbacks/manager.py:167
2018-06-28 07:09:41.407 22366 DEBUG neutron.plugins.ml2.db [req-eaf8043a-e11a-4a01-ae67-ec0b46b4678d 82758ee9dbed4bdf919e32bc6135cc36 f7db0ec7eef2499fb14973cea9da1187 - default default] For port 5b03bf19-53dd-4372-8182-5f191517ff19, host localhost.localdomain, got binding levels [<neutron.plugins.ml2.models.PortBindingLevel[object at 7fa01f61cb10] {port_id=u'5b03bf19-53dd-4372-8182-5f191517ff19', host=u'localhost.localdomain', level=0, driver=u'openvswitch', segment_id=u'b39b3e5f-9a2a-4e14-be8c-1279cc904bb0'}>] get_binding_levels /usr/lib/python2.7/site-packages/neutron/plugins/ml2/db.py:106
2018-06-28 07:09:41.452 22366 DEBUG neutron.plugins.ml2.plugin [req-eaf8043a-e11a-4a01-ae67-ec0b46b4678d 82758ee9dbed4bdf919e32bc6135cc36 f7db0ec7eef2499fb14973cea9da1187 - default default] Calling delete_port for 5b03bf19-53dd-4372-8182-5f191517ff19 owned by network:router_gateway delete_port /usr/lib/python2.7/site-packages/neutron/plugins/ml2/plugin.py:1547
2018-06-28 07:09:41.938 22366 DEBUG neutron_lib.callbacks.manager [req-eaf8043a-e11a-4a01-ae67-ec0b46b4678d 82758ee9dbed4bdf919e32bc6135cc36 f7db0ec7eef2499fb14973cea9da1187 - default default] Notify callbacks ['neutron.api.rpc.agentnotifiers.dhcp_rpc_agent_api.DhcpAgentNotifyAPI._native_event_send_dhcp_notification-1422879', 'neutron.plugins.ml2.ovo_rpc._ObjectChangeHandler.handle_event-1561382', 'neutron.db.l3_dvrscheduler_db._notify_port_delete--9223363266497512271', 'neutron.plugins.ml2.plugin.Ml2Plugin.notify_sg_on_port_change-441821', 'neutron.db.l3_db._notify_routers_callback--9223363266496972864'] for port, after_delete _notify_loop /usr/lib/python2.7/site-packages/neutron_lib/callbacks/manager.py:167
2018-06-28 07:09:42.289 22366 DEBUG oslo_concurrency.lockutils [-] Lock "event-dispatch" acquired by "neutron.plugins.ml2.ovo_rpc.dispatch_events" :: waited 0.000s inner /usr/lib/python2.7/site-packages/oslo_concurrency/lockutils.py:270
2018-06-28 07:09:42.402 22366 DEBUG neutron.api.rpc.handlers.resources_rpc [req-eaf8043a-e11a-4a01-ae67-ec0b46b4678d 82758ee9dbed4bdf919e32bc6135cc36 f7db0ec7eef2499fb14973cea9da1187 - - -] neutron.api.rpc.handlers.resources_rpc.ResourcesPushRpcApi method push called with arguments (<neutron_lib.context.Context object at 0x7fa01f967650>, [Port(admin_state_up=<?>,allowed_address_pairs=<?>,binding=<?>,binding_levels=<?>,created_at=<?>,data_plane_status=<?>,description=<?>,device_id=<?>,device_owner=<?>,dhcp_options=<?>,distributed_binding=<?>,dns=<?>,fixed_ips=<?>,id=5b03bf19-53dd-4372-8182-5f191517ff19,mac_address=<?>,name=<?>,network_id=<?>,project_id=<?>,qos_policy_id=None,revision_number=<?>,security=<?>,security_group_ids=None,status=<?>,updated_at=<?>)], 'deleted') {} wrapper /usr/lib/python2.7/site-packages/oslo_log/helpers.py:66
2018-06-28 07:09:42.422 22366 DEBUG oslo_concurrency.lockutils [req-eaf8043a-e11a-4a01-ae67-ec0b46b4678d 82758ee9dbed4bdf919e32bc6135cc36 f7db0ec7eef2499fb14973cea9da1187 - - -] Lock "event-dispatch" released by "neutron.plugins.ml2.ovo_rpc.dispatch_events" :: held 0.134s inner /usr/lib/python2.7/site-packages/oslo_concurrency/lockutils.py:282
2018-06-28 07:09:42.426 22366 DEBUG neutron_lib.callbacks.manager [req-eaf8043a-e11a-4a01-ae67-ec0b46b4678d 82758ee9dbed4bdf919e32bc6135cc36 f7db0ec7eef2499fb14973cea9da1187 - default default] Notify callbacks ['neutron.services.l3_router.l3_router_plugin.L3RouterPlugin._delete_dvr_internal_ports--9223372036854221573'] for router_gateway, after_delete _notify_loop /usr/lib/python2.7/site-packages/neutron_lib/callbacks/manager.py:167
2018-06-28 07:09:42.532 22366 DEBUG neutron_lib.callbacks.manager [req-eaf8043a-e11a-4a01-ae67-ec0b46b4678d 82758ee9dbed4bdf919e32bc6135cc36 f7db0ec7eef2499fb14973cea9da1187 - default default] Notify callbacks ['neutron.services.l3_router.l3_router_plugin.L3RouterPlugin._validate_migration--9223372036854225597', 'neutron.services.l3_router.service_providers.driver_controller.DriverController._update_router_provider-47274', 'neutron.services.l3_router.l3_router_plugin.L3RouterPlugin._handle_distributed_migration--9223372036854221676'] for router, precommit_update _notify_loop /usr/lib/python2.7/site-packages/neutron_lib/callbacks/manager.py:167
2018-06-28 07:09:42.540 22366 DEBUG neutron_lib.callbacks.manager [req-eaf8043a-e11a-4a01-ae67-ec0b46b4678d 82758ee9dbed4bdf919e32bc6135cc36 f7db0ec7eef2499fb14973cea9da1187 - default default] Notify callbacks ['neutron.services.l3_router.l3_router_plugin.L3RouterPlugin._delete_snat_interfaces_after_change-554140', 'neutron.services.l3_router.l3_router_plugin.L3RouterPlugin._create_snat_interfaces_after_change--9223372036854221595', 'neutron.services.l3_router.l3_router_plugin.L3RouterPlugin._reconfigure_ha_resources-574957'] for router, after_update _notify_loop /usr/lib/python2.7/site-packages/neutron_lib/callbacks/manager.py:167
2018-06-28 07:09:42.679 22366 DEBUG neutron.scheduler.l3_agent_scheduler [req-eaf8043a-e11a-4a01-ae67-ec0b46b4678d 82758ee9dbed4bdf919e32bc6135cc36 f7db0ec7eef2499fb14973cea9da1187 - default default] Router 7e6b6b15-01ed-42a0-a9e4-9d7b7261db54 has already been hosted by L3 agent 9de63611-f1b0-4194-a76c-11d015d282db _get_candidates /usr/lib/python2.7/site-packages/neutron/scheduler/l3_agent_scheduler.py:141
2018-06-28 07:09:42.853 22366 DEBUG neutron.api.rpc.agentnotifiers.l3_rpc_agent_api [req-eaf8043a-e11a-4a01-ae67-ec0b46b4678d 82758ee9dbed4bdf919e32bc6135cc36 f7db0ec7eef2499fb14973cea9da1187 - default default] Notify agent at l3_agent.localhost.localdomain the message routers_updated _agent_notification /usr/lib/python2.7/site-packages/neutron/api/rpc/agentnotifiers/l3_rpc_agent_api.py:69
2018-06-28 07:09:42.887 22366 DEBUG neutron.quota.resource [req-eaf8043a-e11a-4a01-ae67-ec0b46b4678d 82758ee9dbed4bdf919e32bc6135cc36 f7db0ec7eef2499fb14973cea9da1187 - default default] Persisted dirty status for tenant: on resource:port mark_dirty /usr/lib/python2.7/site-packages/neutron/quota/resource.py:207
2018-06-28 07:09:42.896 22366 DEBUG neutron_lib.callbacks.manager [req-eaf8043a-e11a-4a01-ae67-ec0b46b4678d 82758ee9dbed4bdf919e32bc6135cc36 f7db0ec7eef2499fb14973cea9da1187 - default default] Notify callbacks [] for router, before_response _notify_loop /usr/lib/python2.7/site-packages/neutron_lib/callbacks/manager.py:167
2018-06-28 07:09:42.898 22366 INFO neutron.wsgi [req-eaf8043a-e11a-4a01-ae67-ec0b46b4678d 82758ee9dbed4bdf919e32bc6135cc36 f7db0ec7eef2499fb14973cea9da1187 - default default] 10.0.20.25 "PUT /v2.0/routers/7e6b6b15-01ed-42a0-a9e4-9d7b7261db54 HTTP/1.1" status: 200  len: 728 time: 2.8242280
2018-06-28 07:09:42.915 22368 DEBUG neutron.db.l3_hamode_db [req-bcd587dc-23a5-4a2f-b8cb-512c84c7ccae - - - - -] neutron.services.l3_router.l3_router_plugin.L3RouterPlugin method get_ha_sync_data_for_host called with arguments (<neutron_lib.context.Context object at 0x7fa01fc76e90>, u'localhost.localdomain', <neutron.db.models.agent.Agent[object at 7fa01fc60c50] {id=u'9de63611-f1b0-4194-a76c-11d015d282db', agent_type=u'L3 agent', binary=u'neutron-l3-agent', topic=u'l3_agent', host=u'localhost.localdomain', availability_zone=u'nova', admin_state_up=True, created_at=datetime.datetime(2018, 6, 7, 12, 43, 41), started_at=datetime.datetime(2018, 6, 28, 4, 50, 36), heartbeat_timestamp=datetime.datetime(2018, 6, 28, 5, 9, 36), description=None, configurations=u'{"agent_mode": "legacy", "gateway_external_network_id": "", "handle_internal_only_routers": true, "routers": 2, "interfaces": 2, "floating_ips": 0, "interface_driver": "neutron.agent.linux.interface.OVSInterfaceDriver", "log_agent_heartbeats": false, "external_network_bridge": "", "ex_gw_ports": 2}', resource_versions=None, load=0}>) {'active': True, 'router_ids': ['7e6b6b15-01ed-42a0-a9e4-9d7b7261db54']} wrapper /usr/lib/python2.7/site-packages/oslo_log/helpers.py:66
2018-06-28 07:09:43.761 22368 DEBUG neutron.db.l3_hamode_db [req-bcd587dc-23a5-4a2f-b8cb-512c84c7ccae - - - - -] neutron.services.l3_router.l3_router_plugin.L3RouterPlugin method _process_sync_ha_data called with arguments (<neutron_lib.context.Context object at 0x7fa01fc76e90>, [{'status': u'ACTIVE', '_interfaces': [{'status': u'ACTIVE', 'subnets': [{'dns_nameservers': [u'8.8.4.4'], 'ipv6_ra_mode': None, 'gateway_ip': u'11.160.1.1', 'cidr': u'11.160.1.0/24', 'id': u'950c20ca-33b0-4c1c-9b70-793587901b3d', 'subnetpool_id': None}], 'binding:host_id': u'localhost.localdomain', 'description': u'', 'allowed_address_pairs': [], 'tags': [], 'extra_dhcp_opts': [], 'updated_at': '2018-06-28T05:00:40Z', 'device_owner': u'network:router_interface', 'revision_number': 7, 'port_security_enabled': False, 'binding:profile': {}, 'mtu': 1450, 'fixed_ips': [{'subnet_id': u'950c20ca-33b0-4c1c-9b70-793587901b3d', 'prefixlen': 24, 'ip_address': u'11.160.1.1'}], 'id': u'a21a43b6-c3dd-4c16-b3ec-1df548f6ec3f', 'security_groups': [], 'device_id': u'7e6b6b15-01ed-42a0-a9e4-9d7b7261db54', 'name': u'', 'admin_state_up': True, 'network_id': u'766dba75-fbfa-4ce8-b3b9-002f39a0e743', 'tenant_id': u'd78cc7e3a91b458aba87693b13d57558', 'binding:vif_details': {u'port_filter': True, u'datapath_type': u'system', u'ovs_hybrid_plug': True}, 'address_scopes': {4: None, 6: None}, 'binding:vnic_type': u'normal', 'binding:vif_type': u'ovs', 'mac_address': u'fa:16:3e:3b:f6:7c', 'project_id': u'd78cc7e3a91b458aba87693b13d57558', 'extra_subnets': [], 'created_at': '2018-06-28T05:00:29Z'}], 'ha_vr_id': 0, 'description': u'', 'tags': [], 'updated_at': '2018-06-28T05:09:41Z', 'revision_number': 6, 'ha': False, 'id': u'7e6b6b15-01ed-42a0-a9e4-9d7b7261db54', 'external_gateway_info': None, 'availability_zone_hints': [], 'availability_zones': [u'nova'], 'name': u'tempest-router-1530161835', 'gw_port_id': None, 'admin_state_up': True, 'tenant_id': u'd78cc7e3a91b458aba87693b13d57558', 'created_at': '2018-06-28T05:00:08Z', 'distributed': False, 'flavor_id': None, 'routes': [], 'project_id': u'd78cc7e3a91b458aba87693b13d57558'}], u'localhost.localdomain', False) {} wrapper /usr/lib/python2.7/site-packages/oslo_log/helpers.py:66
2018-06-28 07:09:43.784 22368 DEBUG neutron.api.rpc.handlers.l3_rpc [req-bcd587dc-23a5-4a2f-b8cb-512c84c7ccae - - - - -] Checking router: 7e6b6b15-01ed-42a0-a9e4-9d7b7261db54 for host: localhost.localdomain _ensure_host_set_on_ports /usr/lib/python2.7/site-packages/neutron/api/rpc/handlers/l3_rpc.py:135
2018-06-28 07:09:44.343 22369 DEBUG neutron.plugins.ml2.rpc [req-f79042ad-18e1-4e4f-b860-1a171b7bb5ca - - - - -] Device 5b03bf19-53dd-4372-8182-5f191517ff19 no longer exists at agent ovs-agent-localhost.localdomain update_device_down /usr/lib/python2.7/site-packages/neutron/plugins/ml2/rpc.py:213
2018-06-28 07:09:44.410 22369 DEBUG neutron.plugins.ml2.plugin [req-f79042ad-18e1-4e4f-b860-1a171b7bb5ca - - - - -] No Port match for: 5b03bf19-53dd-4372-8182-5f191517ff19 port_bound_to_host /usr/lib/python2.7/site-packages/neutron/plugins/ml2/plugin.py:1806
2018-06-28 07:09:44.411 22369 DEBUG neutron.plugins.ml2.rpc [req-f79042ad-18e1-4e4f-b860-1a171b7bb5ca - - - - -] Device 5b03bf19-53dd-4372-8182-5f191517ff19 not bound to the agent host localhost.localdomain update_device_down /usr/lib/python2.7/site-packages/neutron/plugins/ml2/rpc.py:221
2018-06-28 07:09:51.314 22360 DEBUG neutron.wsgi [-] (22360) accepted ('10.0.20.25', 43836) server /usr/lib/python2.7/site-packages/eventlet/wsgi.py:883
2018-06-28 07:09:51.327 22360 INFO neutron.wsgi [-] 10.0.20.25 "GET / HTTP/1.1" status: 200  len: 252 time: 0.0078192
2018-06-28 07:09:52.286 22360 INFO neutron.api.v2.resource [req-7794ff16-c486-43fb-92d8-aa4e2ee11575 82758ee9dbed4bdf919e32bc6135cc36 f7db0ec7eef2499fb14973cea9da1187 - default default] show failed (client error): The resource could not be found.
2018-06-28 07:09:52.289 22360 INFO neutron.wsgi [req-7794ff16-c486-43fb-92d8-aa4e2ee11575 82758ee9dbed4bdf919e32bc6135cc36 f7db0ec7eef2499fb14973cea9da1187 - default default] 10.0.20.25 "GET /v2.0/routers/tempest-router-1530161835 HTTP/1.1" status: 404  len: 334 time: 0.9558280
2018-06-28 07:09:52.551 22360 INFO neutron.wsgi [req-aef78113-c668-45e6-8310-af17d3e56bcc 82758ee9dbed4bdf919e32bc6135cc36 f7db0ec7eef2499fb14973cea9da1187 - default default] 10.0.20.25 "GET /v2.0/routers HTTP/1.1" status: 200  len: 1412 time: 0.2540050
2018-06-28 07:09:52.716 22360 INFO neutron.wsgi [req-3757d93b-8107-4292-ac0f-eac1ad74fbd1 82758ee9dbed4bdf919e32bc6135cc36 f7db0ec7eef2499fb14973cea9da1187 - default default] 10.0.20.25 "GET /v2.0/ports?device_id=7e6b6b15-01ed-42a0-a9e4-9d7b7261db54 HTTP/1.1" status: 200  len: 1099 time: 0.1542840
2018-06-28 07:09:56.219 22376 DEBUG neutron.db.agents_db [req-507f439f-dee9-4414-865e-214102393f58 - - - - -] Agent healthcheck: found 5 active agents agent_health_check /usr/lib/python2.7/site-packages/neutron/db/agents_db.py:281
2018-06-28 07:10:00.363 22360 DEBUG neutron.wsgi [-] (22360) accepted ('10.0.20.25', 43846) server /usr/lib/python2.7/site-packages/eventlet/wsgi.py:883
2018-06-28 07:10:00.369 22360 INFO neutron.wsgi [-] 10.0.20.25 "GET / HTTP/1.1" status: 200  len: 252 time: 0.0033941
2018-06-28 07:10:01.059 22360 INFO neutron.wsgi [req-558f4956-4854-4ad3-b48a-7de45eb429dd 82758ee9dbed4bdf919e32bc6135cc36 f7db0ec7eef2499fb14973cea9da1187 - default default] 10.0.20.25 "GET /v2.0/ports/a21a43b6-c3dd-4c16-b3ec-1df548f6ec3f HTTP/1.1" status: 200  len: 1096 time: 0.6821589
2018-06-28 07:10:01.188 22360 INFO neutron.api.v2.resource [req-5a1231f7-9174-45fb-bf74-149826f4500e 82758ee9dbed4bdf919e32bc6135cc36 f7db0ec7eef2499fb14973cea9da1187 - default default] show failed (client error): The resource could not be found.
2018-06-28 07:10:01.190 22360 INFO neutron.wsgi [req-5a1231f7-9174-45fb-bf74-149826f4500e 82758ee9dbed4bdf919e32bc6135cc36 f7db0ec7eef2499fb14973cea9da1187 - default default] 10.0.20.25 "GET /v2.0/routers/tempest-router-1530161835 HTTP/1.1" status: 404  len: 334 time: 0.1227920
2018-06-28 07:10:01.430 22360 INFO neutron.wsgi [req-7997ae21-08d3-49d8-a582-ce269cf482fd 82758ee9dbed4bdf919e32bc6135cc36 f7db0ec7eef2499fb14973cea9da1187 - default default] 10.0.20.25 "GET /v2.0/routers HTTP/1.1" status: 200  len: 1412 time: 0.2322640
2018-06-28 07:10:02.905 22360 DEBUG neutron_lib.callbacks.manager [req-a7120a2c-1569-4358-ad6a-a0acee91e912 82758ee9dbed4bdf919e32bc6135cc36 f7db0ec7eef2499fb14973cea9da1187 - default default] Notify callbacks [] for router_interface, before_delete _notify_loop /usr/lib/python2.7/site-packages/neutron_lib/callbacks/manager.py:167
2018-06-28 07:10:03.069 22360 DEBUG neutron.plugins.ml2.plugin [req-a7120a2c-1569-4358-ad6a-a0acee91e912 82758ee9dbed4bdf919e32bc6135cc36 f7db0ec7eef2499fb14973cea9da1187 - default default] Deleting port a21a43b6-c3dd-4c16-b3ec-1df548f6ec3f _pre_delete_port /usr/lib/python2.7/site-packages/neutron/plugins/ml2/plugin.py:1488
2018-06-28 07:10:03.070 22360 DEBUG neutron_lib.callbacks.manager [req-a7120a2c-1569-4358-ad6a-a0acee91e912 82758ee9dbed4bdf919e32bc6135cc36 f7db0ec7eef2499fb14973cea9da1187 - default default] Notify callbacks ['neutron.db.l3_db._prevent_l3_port_delete_callback-8770357825254'] for port, before_delete _notify_loop /usr/lib/python2.7/site-packages/neutron_lib/callbacks/manager.py:167
2018-06-28 07:10:03.521 22360 DEBUG neutron.plugins.ml2.db [req-a7120a2c-1569-4358-ad6a-a0acee91e912 82758ee9dbed4bdf919e32bc6135cc36 f7db0ec7eef2499fb14973cea9da1187 - default default] For port a21a43b6-c3dd-4c16-b3ec-1df548f6ec3f, host localhost.localdomain, got binding levels [<neutron.plugins.ml2.models.PortBindingLevel[object at 7fa01f930810] {port_id=u'a21a43b6-c3dd-4c16-b3ec-1df548f6ec3f', host=u'localhost.localdomain', level=0, driver=u'openvswitch', segment_id=u'eb7510b1-ba1e-4c26-8d42-cafcf4287b5b'}>] get_binding_levels /usr/lib/python2.7/site-packages/neutron/plugins/ml2/db.py:106
2018-06-28 07:10:03.587 22360 DEBUG neutron.plugins.ml2.plugin [req-a7120a2c-1569-4358-ad6a-a0acee91e912 82758ee9dbed4bdf919e32bc6135cc36 f7db0ec7eef2499fb14973cea9da1187 - default default] Calling delete_port for a21a43b6-c3dd-4c16-b3ec-1df548f6ec3f owned by network:router_interface delete_port /usr/lib/python2.7/site-packages/neutron/plugins/ml2/plugin.py:1547
2018-06-28 07:10:04.170 22360 DEBUG neutron_lib.callbacks.manager [req-a7120a2c-1569-4358-ad6a-a0acee91e912 82758ee9dbed4bdf919e32bc6135cc36 f7db0ec7eef2499fb14973cea9da1187 - default default] Notify callbacks ['neutron.api.rpc.agentnotifiers.dhcp_rpc_agent_api.DhcpAgentNotifyAPI._native_event_send_dhcp_notification-1422879', 'neutron.plugins.ml2.ovo_rpc._ObjectChangeHandler.handle_event-1561382', 'neutron.db.l3_dvrscheduler_db._notify_port_delete--9223363266497512271', 'neutron.plugins.ml2.plugin.Ml2Plugin.notify_sg_on_port_change-441821', 'neutron.db.l3_db._notify_routers_callback--9223363266496972864'] for port, after_delete _notify_loop /usr/lib/python2.7/site-packages/neutron_lib/callbacks/manager.py:167
2018-06-28 07:10:04.575 22360 DEBUG oslo_concurrency.lockutils [-] Lock "event-dispatch" acquired by "neutron.plugins.ml2.ovo_rpc.dispatch_events" :: waited 0.000s inner /usr/lib/python2.7/site-packages/oslo_concurrency/lockutils.py:270
2018-06-28 07:10:04.691 22360 DEBUG neutron.api.rpc.handlers.resources_rpc [req-a7120a2c-1569-4358-ad6a-a0acee91e912 82758ee9dbed4bdf919e32bc6135cc36 f7db0ec7eef2499fb14973cea9da1187 - - -] neutron.api.rpc.handlers.resources_rpc.ResourcesPushRpcApi method push called with arguments (<neutron_lib.context.Context object at 0x7fa01f659410>, [Port(admin_state_up=<?>,allowed_address_pairs=<?>,binding=<?>,binding_levels=<?>,created_at=<?>,data_plane_status=<?>,description=<?>,device_id=<?>,device_owner=<?>,dhcp_options=<?>,distributed_binding=<?>,dns=<?>,fixed_ips=<?>,id=a21a43b6-c3dd-4c16-b3ec-1df548f6ec3f,mac_address=<?>,name=<?>,network_id=<?>,project_id=<?>,qos_policy_id=None,revision_number=<?>,security=<?>,security_group_ids=None,status=<?>,updated_at=<?>)], 'deleted') {} wrapper /usr/lib/python2.7/site-packages/oslo_log/helpers.py:66
2018-06-28 07:10:04.714 22360 DEBUG neutron.api.rpc.callbacks.version_manager [req-a7120a2c-1569-4358-ad6a-a0acee91e912 82758ee9dbed4bdf919e32bc6135cc36 f7db0ec7eef2499fb14973cea9da1187 - - -] Version for resource type Subnet changed None to 1.0 on consumer Open vSwitch agent@localhost.localdomain _set_version /usr/lib/python2.7/site-packages/neutron/api/rpc/callbacks/version_manager.py:119
2018-06-28 07:10:04.715 22360 DEBUG neutron.api.rpc.callbacks.version_manager [req-a7120a2c-1569-4358-ad6a-a0acee91e912 82758ee9dbed4bdf919e32bc6135cc36 f7db0ec7eef2499fb14973cea9da1187 - - -] Version for resource type Network changed None to 1.0 on consumer Open vSwitch agent@localhost.localdomain _set_version /usr/lib/python2.7/site-packages/neutron/api/rpc/callbacks/version_manager.py:119
2018-06-28 07:10:04.716 22360 DEBUG neutron.api.rpc.callbacks.version_manager [req-a7120a2c-1569-4358-ad6a-a0acee91e912 82758ee9dbed4bdf919e32bc6135cc36 f7db0ec7eef2499fb14973cea9da1187 - - -] Version for resource type SubPort changed None to 1.0 on consumer Open vSwitch agent@localhost.localdomain _set_version /usr/lib/python2.7/site-packages/neutron/api/rpc/callbacks/version_manager.py:119
2018-06-28 07:10:04.717 22360 DEBUG neutron.api.rpc.callbacks.version_manager [req-a7120a2c-1569-4358-ad6a-a0acee91e912 82758ee9dbed4bdf919e32bc6135cc36 f7db0ec7eef2499fb14973cea9da1187 - - -] Version for resource type SecurityGroup changed None to 1.0 on consumer Open vSwitch agent@localhost.localdomain _set_version /usr/lib/python2.7/site-packages/neutron/api/rpc/callbacks/version_manager.py:119
2018-06-28 07:10:04.718 22360 DEBUG neutron.api.rpc.callbacks.version_manager [req-a7120a2c-1569-4358-ad6a-a0acee91e912 82758ee9dbed4bdf919e32bc6135cc36 f7db0ec7eef2499fb14973cea9da1187 - - -] Version for resource type SecurityGroupRule changed None to 1.0 on consumer Open vSwitch agent@localhost.localdomain _set_version /usr/lib/python2.7/site-packages/neutron/api/rpc/callbacks/version_manager.py:119
2018-06-28 07:10:04.718 22360 DEBUG neutron.api.rpc.callbacks.version_manager [req-a7120a2c-1569-4358-ad6a-a0acee91e912 82758ee9dbed4bdf919e32bc6135cc36 f7db0ec7eef2499fb14973cea9da1187 - - -] Version for resource type Trunk changed None to 1.1 on consumer Open vSwitch agent@localhost.localdomain _set_version /usr/lib/python2.7/site-packages/neutron/api/rpc/callbacks/version_manager.py:119
2018-06-28 07:10:04.719 22360 DEBUG neutron.api.rpc.callbacks.version_manager [req-a7120a2c-1569-4358-ad6a-a0acee91e912 82758ee9dbed4bdf919e32bc6135cc36 f7db0ec7eef2499fb14973cea9da1187 - - -] Version for resource type QosPolicy changed None to 1.6 on consumer Open vSwitch agent@localhost.localdomain _set_version /usr/lib/python2.7/site-packages/neutron/api/rpc/callbacks/version_manager.py:119
2018-06-28 07:10:04.720 22360 DEBUG neutron.api.rpc.callbacks.version_manager [req-a7120a2c-1569-4358-ad6a-a0acee91e912 82758ee9dbed4bdf919e32bc6135cc36 f7db0ec7eef2499fb14973cea9da1187 - - -] Version for resource type Port changed None to 1.1 on consumer Open vSwitch agent@localhost.localdomain _set_version /usr/lib/python2.7/site-packages/neutron/api/rpc/callbacks/version_manager.py:119
2018-06-28 07:10:04.721 22360 DEBUG neutron.api.rpc.callbacks.version_manager [req-a7120a2c-1569-4358-ad6a-a0acee91e912 82758ee9dbed4bdf919e32bc6135cc36 f7db0ec7eef2499fb14973cea9da1187 - - -] Version for resource type Log changed None to 1.0 on consumer Open vSwitch agent@localhost.localdomain _set_version /usr/lib/python2.7/site-packages/neutron/api/rpc/callbacks/version_manager.py:119
2018-06-28 07:10:04.867 22360 DEBUG oslo_concurrency.lockutils [req-a7120a2c-1569-4358-ad6a-a0acee91e912 82758ee9dbed4bdf919e32bc6135cc36 f7db0ec7eef2499fb14973cea9da1187 - - -] Lock "event-dispatch" released by "neutron.plugins.ml2.ovo_rpc.dispatch_events" :: held 0.292s inner /usr/lib/python2.7/site-packages/oslo_concurrency/lockutils.py:282
2018-06-28 07:10:04.887 22360 DEBUG neutron_lib.callbacks.manager [req-a7120a2c-1569-4358-ad6a-a0acee91e912 82758ee9dbed4bdf919e32bc6135cc36 f7db0ec7eef2499fb14973cea9da1187 - default default] Notify callbacks ['neutron.api.rpc.agentnotifiers.dhcp_rpc_agent_api.DhcpAgentNotifyAPI._after_router_interface_deleted--9223372036853352921', 'neutron.services.l3_router.l3_router_plugin.L3RouterPlugin._cleanup_after_interface_removal--9223372036854222154'] for router_interface, after_delete _notify_loop /usr/lib/python2.7/site-packages/neutron_lib/callbacks/manager.py:167
2018-06-28 07:10:05.098 22371 DEBUG neutron_lib.callbacks.manager [req-05d227dd-7031-4d88-85dc-3cb3d9b52002 - - - - -] Notify callbacks ['neutron.services.segments.db._update_segment_host_mapping_for_agent-8770357624370'] for agent, after_update _notify_loop /usr/lib/python2.7/site-packages/neutron_lib/callbacks/manager.py:167
2018-06-28 07:10:05.531 22360 DEBUG neutron.scheduler.l3_agent_scheduler [req-a7120a2c-1569-4358-ad6a-a0acee91e912 82758ee9dbed4bdf919e32bc6135cc36 f7db0ec7eef2499fb14973cea9da1187 - default default] Router 7e6b6b15-01ed-42a0-a9e4-9d7b7261db54 has already been hosted by L3 agent 9de63611-f1b0-4194-a76c-11d015d282db _get_candidates /usr/lib/python2.7/site-packages/neutron/scheduler/l3_agent_scheduler.py:141
2018-06-28 07:10:05.616 22374 DEBUG neutron_lib.callbacks.manager [req-93ee019d-03f2-4108-81cb-522ba8d27062 - - - - -] Notify callbacks ['neutron.services.segments.db._update_segment_host_mapping_for_agent-8770357624370'] for agent, after_update _notify_loop /usr/lib/python2.7/site-packages/neutron_lib/callbacks/manager.py:167
2018-06-28 07:10:05.677 22375 DEBUG neutron_lib.callbacks.manager [req-f79042ad-18e1-4e4f-b860-1a171b7bb5ca - - - - -] Notify callbacks ['neutron.services.segments.db._update_segment_host_mapping_for_agent-8770357624370'] for agent, after_update _notify_loop /usr/lib/python2.7/site-packages/neutron_lib/callbacks/manager.py:167
2018-06-28 07:10:05.684 22367 DEBUG neutron_lib.callbacks.manager [req-d3021163-a2ed-45c6-bfc0-38e7bd219e7e - - - - -] Notify callbacks ['neutron.services.segments.db._update_segment_host_mapping_for_agent-8770357624370'] for agent, after_update _notify_loop /usr/lib/python2.7/site-packages/neutron_lib/callbacks/manager.py:167
2018-06-28 07:10:05.928 22360 DEBUG neutron.api.rpc.agentnotifiers.l3_rpc_agent_api [req-a7120a2c-1569-4358-ad6a-a0acee91e912 82758ee9dbed4bdf919e32bc6135cc36 f7db0ec7eef2499fb14973cea9da1187 - default default] Notify agent at l3_agent.localhost.localdomain the message routers_updated _agent_notification /usr/lib/python2.7/site-packages/neutron/api/rpc/agentnotifiers/l3_rpc_agent_api.py:69
2018-06-28 07:10:05.980 22360 DEBUG neutron.quota.resource [req-a7120a2c-1569-4358-ad6a-a0acee91e912 82758ee9dbed4bdf919e32bc6135cc36 f7db0ec7eef2499fb14973cea9da1187 - default default] Persisted dirty status for tenant:d78cc7e3a91b458aba87693b13d57558 on resource:port mark_dirty /usr/lib/python2.7/site-packages/neutron/quota/resource.py:207
2018-06-28 07:10:05.985 22360 INFO neutron.wsgi [req-a7120a2c-1569-4358-ad6a-a0acee91e912 82758ee9dbed4bdf919e32bc6135cc36 f7db0ec7eef2499fb14973cea9da1187 - default default] 10.0.20.25 "PUT /v2.0/routers/7e6b6b15-01ed-42a0-a9e4-9d7b7261db54/remove_router_interface HTTP/1.1" status: 200  len: 508 time: 4.5425720
2018-06-28 07:10:05.986 22367 DEBUG neutron.db.l3_hamode_db [req-a27bf8a2-b60e-425d-8f1d-83a32a609798 - - - - -] neutron.services.l3_router.l3_router_plugin.L3RouterPlugin method get_ha_sync_data_for_host called with arguments (<neutron_lib.context.Context object at 0x7fa01f943a10>, u'localhost.localdomain', <neutron.db.models.agent.Agent[object at 7fa01fb33f10] {id=u'9de63611-f1b0-4194-a76c-11d015d282db', agent_type=u'L3 agent', binary=u'neutron-l3-agent', topic=u'l3_agent', host=u'localhost.localdomain', availability_zone=u'nova', admin_state_up=True, created_at=datetime.datetime(2018, 6, 7, 12, 43, 41), started_at=datetime.datetime(2018, 6, 28, 4, 50, 36), heartbeat_timestamp=datetime.datetime(2018, 6, 28, 5, 9, 36), description=None, configurations=u'{"agent_mode": "legacy", "gateway_external_network_id": "", "handle_internal_only_routers": true, "routers": 2, "interfaces": 2, "floating_ips": 0, "interface_driver": "neutron.agent.linux.interface.OVSInterfaceDriver", "log_agent_heartbeats": false, "external_network_bridge": "", "ex_gw_ports": 2}', resource_versions=None, load=0}>) {'active': True, 'router_ids': ['7e6b6b15-01ed-42a0-a9e4-9d7b7261db54']} wrapper /usr/lib/python2.7/site-packages/oslo_log/helpers.py:66
2018-06-28 07:10:06.311 22367 DEBUG neutron.db.l3_hamode_db [req-a27bf8a2-b60e-425d-8f1d-83a32a609798 - - - - -] neutron.services.l3_router.l3_router_plugin.L3RouterPlugin method _process_sync_ha_data called with arguments (<neutron_lib.context.Context object at 0x7fa01f943a10>, [{'status': u'ACTIVE', 'ha_vr_id': 0, 'description': u'', 'tags': [], 'updated_at': '2018-06-28T05:10:03Z', 'revision_number': 7, 'ha': False, 'id': u'7e6b6b15-01ed-42a0-a9e4-9d7b7261db54', 'external_gateway_info': None, 'availability_zone_hints': [], 'availability_zones': [u'nova'], 'name': u'tempest-router-1530161835', 'gw_port_id': None, 'admin_state_up': True, 'tenant_id': u'd78cc7e3a91b458aba87693b13d57558', 'created_at': '2018-06-28T05:00:08Z', 'distributed': False, 'flavor_id': None, 'routes': [], 'project_id': u'd78cc7e3a91b458aba87693b13d57558'}], u'localhost.localdomain', False) {} wrapper /usr/lib/python2.7/site-packages/oslo_log/helpers.py:66
2018-06-28 07:10:06.324 22367 DEBUG neutron.api.rpc.handlers.l3_rpc [req-a27bf8a2-b60e-425d-8f1d-83a32a609798 - - - - -] Checking router: 7e6b6b15-01ed-42a0-a9e4-9d7b7261db54 for host: localhost.localdomain _ensure_host_set_on_ports /usr/lib/python2.7/site-packages/neutron/api/rpc/handlers/l3_rpc.py:135
2018-06-28 07:10:06.381 22369 DEBUG neutron_lib.callbacks.manager [req-081c11a5-0c7a-435e-88ed-2b79f8e73294 - - - - -] Notify callbacks ['neutron.services.segments.db._update_segment_host_mapping_for_agent-8770357624370'] for agent, after_update _notify_loop /usr/lib/python2.7/site-packages/neutron_lib/callbacks/manager.py:167
2018-06-28 07:10:08.363 22370 DEBUG neutron.plugins.ml2.rpc [req-f79042ad-18e1-4e4f-b860-1a171b7bb5ca - - - - -] Device a21a43b6-c3dd-4c16-b3ec-1df548f6ec3f no longer exists at agent ovs-agent-localhost.localdomain update_device_down /usr/lib/python2.7/site-packages/neutron/plugins/ml2/rpc.py:213
2018-06-28 07:10:08.455 22370 DEBUG neutron.plugins.ml2.plugin [req-f79042ad-18e1-4e4f-b860-1a171b7bb5ca - - - - -] No Port match for: a21a43b6-c3dd-4c16-b3ec-1df548f6ec3f port_bound_to_host /usr/lib/python2.7/site-packages/neutron/plugins/ml2/plugin.py:1806
2018-06-28 07:10:08.456 22370 DEBUG neutron.plugins.ml2.rpc [req-f79042ad-18e1-4e4f-b860-1a171b7bb5ca - - - - -] Device a21a43b6-c3dd-4c16-b3ec-1df548f6ec3f not bound to the agent host localhost.localdomain update_device_down /usr/lib/python2.7/site-packages/neutron/plugins/ml2/rpc.py:221
2018-06-28 07:10:13.309 22366 DEBUG neutron.wsgi [-] (22366) accepted ('10.0.20.25', 43882) server /usr/lib/python2.7/site-packages/eventlet/wsgi.py:883
2018-06-28 07:10:13.313 22366 INFO neutron.wsgi [-] 10.0.20.25 "GET / HTTP/1.1" status: 200  len: 252 time: 0.0023451
2018-06-28 07:10:14.146 22366 INFO neutron.api.v2.resource [req-aae869df-720d-4ac8-9598-e37ad965d352 82758ee9dbed4bdf919e32bc6135cc36 f7db0ec7eef2499fb14973cea9da1187 - default default] show failed (client error): The resource could not be found.
2018-06-28 07:10:14.150 22366 INFO neutron.wsgi [req-aae869df-720d-4ac8-9598-e37ad965d352 82758ee9dbed4bdf919e32bc6135cc36 f7db0ec7eef2499fb14973cea9da1187 - default default] 10.0.20.25 "GET /v2.0/routers/tempest-router-1530161835 HTTP/1.1" status: 404  len: 334 time: 0.8298979
2018-06-28 07:10:14.475 22366 INFO neutron.wsgi [req-59bb471b-4921-4698-9ff0-c737d387ac8e 82758ee9dbed4bdf919e32bc6135cc36 f7db0ec7eef2499fb14973cea9da1187 - default default] 10.0.20.25 "GET /v2.0/routers HTTP/1.1" status: 200  len: 1412 time: 0.3169520
2018-06-28 07:10:14.948 22366 DEBUG neutron_lib.callbacks.manager [req-15a5121f-9e87-45cc-97ff-52e6124feab6 82758ee9dbed4bdf919e32bc6135cc36 f7db0ec7eef2499fb14973cea9da1187 - default default] Notify callbacks [] for router, before_delete _notify_loop /usr/lib/python2.7/site-packages/neutron_lib/callbacks/manager.py:167
2018-06-28 07:10:15.234 22366 DEBUG neutron_lib.callbacks.manager [req-15a5121f-9e87-45cc-97ff-52e6124feab6 82758ee9dbed4bdf919e32bc6135cc36 f7db0ec7eef2499fb14973cea9da1187 - default default] Notify callbacks ['neutron.services.l3_router.service_providers.driver_controller.DriverController._clear_router_provider--9223372036854728558', 'neutron.services.l3_router.l3_router_plugin.L3RouterPlugin._release_router_vr_id-574915'] for router, precommit_delete _notify_loop /usr/lib/python2.7/site-packages/neutron_lib/callbacks/manager.py:167
2018-06-28 07:10:15.370 22366 DEBUG neutron_lib.callbacks.manager [req-15a5121f-9e87-45cc-97ff-52e6124feab6 82758ee9dbed4bdf919e32bc6135cc36 f7db0ec7eef2499fb14973cea9da1187 - default default] Notify callbacks ['neutron.services.l3_router.l3_router_plugin.L3RouterPlugin._cleanup_ha_network-573702'] for router, after_delete _notify_loop /usr/lib/python2.7/site-packages/neutron_lib/callbacks/manager.py:167
2018-06-28 07:10:15.372 22366 DEBUG neutron.api.rpc.agentnotifiers.l3_rpc_agent_api [req-15a5121f-9e87-45cc-97ff-52e6124feab6 82758ee9dbed4bdf919e32bc6135cc36 f7db0ec7eef2499fb14973cea9da1187 - default default] Fanout notify agent at l3_agent the message router_deleted on router 7e6b6b15-01ed-42a0-a9e4-9d7b7261db54 _notification_fanout /usr/lib/python2.7/site-packages/neutron/api/rpc/agentnotifiers/l3_rpc_agent_api.py:118
2018-06-28 07:10:15.416 22366 DEBUG neutron.quota.resource [req-15a5121f-9e87-45cc-97ff-52e6124feab6 82758ee9dbed4bdf919e32bc6135cc36 f7db0ec7eef2499fb14973cea9da1187 - default default] Persisted dirty status for tenant:d78cc7e3a91b458aba87693b13d57558 on resource:router mark_dirty /usr/lib/python2.7/site-packages/neutron/quota/resource.py:207
2018-06-28 07:10:15.440 22366 DEBUG neutron_lib.callbacks.manager [req-15a5121f-9e87-45cc-97ff-52e6124feab6 82758ee9dbed4bdf919e32bc6135cc36 f7db0ec7eef2499fb14973cea9da1187 - default default] Notify callbacks [] for router, before_response _notify_loop /usr/lib/python2.7/site-packages/neutron_lib/callbacks/manager.py:167
2018-06-28 07:10:15.443 22366 INFO neutron.wsgi [req-15a5121f-9e87-45cc-97ff-52e6124feab6 82758ee9dbed4bdf919e32bc6135cc36 f7db0ec7eef2499fb14973cea9da1187 - default default] 10.0.20.25 "DELETE /v2.0/routers/7e6b6b15-01ed-42a0-a9e4-9d7b7261db54 HTTP/1.1" status: 204  len: 173 time: 0.9556949
2018-06-28 07:10:22.299 22365 DEBUG neutron.wsgi [-] (22365) accepted ('10.0.20.25', 43908) server /usr/lib/python2.7/site-packages/eventlet/wsgi.py:883
2018-06-28 07:10:22.322 22365 INFO neutron.wsgi [-] 10.0.20.25 "GET / HTTP/1.1" status: 200  len: 252 time: 0.0143020
2018-06-28 07:10:22.336 22365 WARNING keystonemiddleware.auth_token [-] Using the in-process token cache is deprecated as of the 4.2.0 release and may be removed in the 5.0.0 release or the 'O' development cycle. The in-process cache causes inconsistent results and high memory usage. When the feature is removed the auth_token middleware will not cache tokens by default which may result in performance issues. It is recommended to use  memcache for the auth_token token cache by setting the memcached_servers option.
2018-06-28 07:10:24.159 22365 DEBUG oslo_policy._cache_handler [req-4be4d126-d5e4-46ae-8603-bcda3b0eca2f 82758ee9dbed4bdf919e32bc6135cc36 f7db0ec7eef2499fb14973cea9da1187 - default default] Reloading cached file /etc/neutron/policy.json read_cached_file /usr/lib/python2.7/site-packages/oslo_policy/_cache_handler.py:40
2018-06-28 07:10:24.207 22365 DEBUG oslo_policy.policy [req-4be4d126-d5e4-46ae-8603-bcda3b0eca2f 82758ee9dbed4bdf919e32bc6135cc36 f7db0ec7eef2499fb14973cea9da1187 - default default] Reloaded policy file: /etc/neutron/policy.json _load_policy_file /usr/lib/python2.7/site-packages/oslo_policy/policy.py:681
2018-06-28 07:10:24.847 22365 INFO neutron.pecan_wsgi.hooks.translation [req-4be4d126-d5e4-46ae-8603-bcda3b0eca2f 82758ee9dbed4bdf919e32bc6135cc36 f7db0ec7eef2499fb14973cea9da1187 - default default] GET failed (client error): The resource could not be found.
2018-06-28 07:10:24.853 22365 INFO neutron.wsgi [req-4be4d126-d5e4-46ae-8603-bcda3b0eca2f 82758ee9dbed4bdf919e32bc6135cc36 f7db0ec7eef2499fb14973cea9da1187 - default default] 10.0.20.25 "GET /v2.0/networks/tempest-private-1530161835 HTTP/1.1" status: 404  len: 334 time: 2.5227730
2018-06-28 07:10:25.496 22365 DEBUG oslo_policy._cache_handler [req-4f831966-5e44-40c5-87b3-f057b384a484 82758ee9dbed4bdf919e32bc6135cc36 f7db0ec7eef2499fb14973cea9da1187 - default default] Reloading cached file /etc/neutron/policy.json read_cached_file /usr/lib/python2.7/site-packages/oslo_policy/_cache_handler.py:40
2018-06-28 07:10:25.518 22365 DEBUG oslo_policy.policy [req-4f831966-5e44-40c5-87b3-f057b384a484 82758ee9dbed4bdf919e32bc6135cc36 f7db0ec7eef2499fb14973cea9da1187 - default default] Reloaded policy file: /etc/neutron/policy.json _load_policy_file /usr/lib/python2.7/site-packages/oslo_policy/policy.py:681
2018-06-28 07:10:25.525 22365 DEBUG neutron.pecan_wsgi.hooks.policy_enforcement [req-4f831966-5e44-40c5-87b3-f057b384a484 82758ee9dbed4bdf919e32bc6135cc36 f7db0ec7eef2499fb14973cea9da1187 - default default] Attributes excluded by policy engine: [u'vlan_transparent'] _exclude_attributes_by_policy /usr/lib/python2.7/site-packages/neutron/pecan_wsgi/hooks/policy_enforcement.py:256
2018-06-28 07:10:25.526 22365 DEBUG neutron.pecan_wsgi.hooks.policy_enforcement [req-4f831966-5e44-40c5-87b3-f057b384a484 82758ee9dbed4bdf919e32bc6135cc36 f7db0ec7eef2499fb14973cea9da1187 - default default] Attributes excluded by policy engine: [u'vlan_transparent'] _exclude_attributes_by_policy /usr/lib/python2.7/site-packages/neutron/pecan_wsgi/hooks/policy_enforcement.py:256
2018-06-28 07:10:25.527 22365 DEBUG neutron.pecan_wsgi.hooks.policy_enforcement [req-4f831966-5e44-40c5-87b3-f057b384a484 82758ee9dbed4bdf919e32bc6135cc36 f7db0ec7eef2499fb14973cea9da1187 - default default] Attributes excluded by policy engine: [u'vlan_transparent'] _exclude_attributes_by_policy /usr/lib/python2.7/site-packages/neutron/pecan_wsgi/hooks/policy_enforcement.py:256
2018-06-28 07:10:25.530 22365 INFO neutron.wsgi [req-4f831966-5e44-40c5-87b3-f057b384a484 82758ee9dbed4bdf919e32bc6135cc36 f7db0ec7eef2499fb14973cea9da1187 - default default] 10.0.20.25 "GET /v2.0/networks HTTP/1.1" status: 200  len: 2214 time: 0.6680410
2018-06-28 07:10:25.721 22365 INFO neutron.wsgi [req-567640c8-bc98-4a6f-b398-f9f7949b42f8 82758ee9dbed4bdf919e32bc6135cc36 f7db0ec7eef2499fb14973cea9da1187 - default default] 10.0.20.25 "GET /v2.0/ports?network_id=766dba75-fbfa-4ce8-b3b9-002f39a0e743 HTTP/1.1" status: 200  len: 1128 time: 0.1815040
2018-06-28 07:10:33.226 22376 DEBUG neutron.db.agents_db [req-507f439f-dee9-4414-865e-214102393f58 - - - - -] Agent healthcheck: found 5 active agents agent_health_check /usr/lib/python2.7/site-packages/neutron/db/agents_db.py:281
2018-06-28 07:10:33.964 22365 DEBUG neutron.wsgi [-] (22365) accepted ('10.0.20.25', 43940) server /usr/lib/python2.7/site-packages/eventlet/wsgi.py:883
2018-06-28 07:10:33.968 22365 INFO neutron.wsgi [-] 10.0.20.25 "GET / HTTP/1.1" status: 200  len: 252 time: 0.0020299
2018-06-28 07:10:34.679 22365 INFO neutron.wsgi [req-34f990ec-9525-432f-903d-e3c5fcb593c6 82758ee9dbed4bdf919e32bc6135cc36 f7db0ec7eef2499fb14973cea9da1187 - default default] 10.0.20.25 "GET /v2.0/ports/2599e381-d43d-4d55-b97a-78b1a9861fb1 HTTP/1.1" status: 200  len: 1125 time: 0.7040210
2018-06-28 07:10:34.851 22365 DEBUG neutron.plugins.ml2.plugin [req-211b5fa5-d057-47d5-85e9-84d5e81bac54 82758ee9dbed4bdf919e32bc6135cc36 f7db0ec7eef2499fb14973cea9da1187 - default default] Deleting port 2599e381-d43d-4d55-b97a-78b1a9861fb1 _pre_delete_port /usr/lib/python2.7/site-packages/neutron/plugins/ml2/plugin.py:1488
2018-06-28 07:10:34.852 22365 DEBUG neutron_lib.callbacks.manager [req-211b5fa5-d057-47d5-85e9-84d5e81bac54 82758ee9dbed4bdf919e32bc6135cc36 f7db0ec7eef2499fb14973cea9da1187 - default default] Notify callbacks ['neutron.db.l3_db._prevent_l3_port_delete_callback-8770357825254'] for port, before_delete _notify_loop /usr/lib/python2.7/site-packages/neutron_lib/callbacks/manager.py:167
2018-06-28 07:10:35.081 22368 DEBUG neutron_lib.callbacks.manager [req-05d227dd-7031-4d88-85dc-3cb3d9b52002 - - - - -] Notify callbacks ['neutron.services.segments.db._update_segment_host_mapping_for_agent-8770357624370'] for agent, after_update _notify_loop /usr/lib/python2.7/site-packages/neutron_lib/callbacks/manager.py:167
2018-06-28 07:10:35.296 22365 DEBUG neutron.plugins.ml2.db [req-211b5fa5-d057-47d5-85e9-84d5e81bac54 82758ee9dbed4bdf919e32bc6135cc36 f7db0ec7eef2499fb14973cea9da1187 - default default] For port 2599e381-d43d-4d55-b97a-78b1a9861fb1, host localhost.localdomain, got binding levels [<neutron.plugins.ml2.models.PortBindingLevel[object at 7fa01feb5ed0] {port_id=u'2599e381-d43d-4d55-b97a-78b1a9861fb1', host=u'localhost.localdomain', level=0, driver=u'openvswitch', segment_id=u'eb7510b1-ba1e-4c26-8d42-cafcf4287b5b'}>] get_binding_levels /usr/lib/python2.7/site-packages/neutron/plugins/ml2/db.py:106
2018-06-28 07:10:35.347 22365 DEBUG neutron.plugins.ml2.plugin [req-211b5fa5-d057-47d5-85e9-84d5e81bac54 82758ee9dbed4bdf919e32bc6135cc36 f7db0ec7eef2499fb14973cea9da1187 - default default] Calling delete_port for 2599e381-d43d-4d55-b97a-78b1a9861fb1 owned by network:dhcp delete_port /usr/lib/python2.7/site-packages/neutron/plugins/ml2/plugin.py:1547
2018-06-28 07:10:35.604 22373 DEBUG neutron_lib.callbacks.manager [req-3fdedca2-6cb9-481b-b069-816420ad410e - - - - -] Notify callbacks ['neutron.services.segments.db._update_segment_host_mapping_for_agent-8770357624370'] for agent, after_update _notify_loop /usr/lib/python2.7/site-packages/neutron_lib/callbacks/manager.py:167
2018-06-28 07:10:35.667 22372 DEBUG neutron_lib.callbacks.manager [req-f79042ad-18e1-4e4f-b860-1a171b7bb5ca - - - - -] Notify callbacks ['neutron.services.segments.db._update_segment_host_mapping_for_agent-8770357624370'] for agent, after_update _notify_loop /usr/lib/python2.7/site-packages/neutron_lib/callbacks/manager.py:167
2018-06-28 07:10:35.681 22370 DEBUG neutron_lib.callbacks.manager [req-d3021163-a2ed-45c6-bfc0-38e7bd219e7e - - - - -] Notify callbacks ['neutron.services.segments.db._update_segment_host_mapping_for_agent-8770357624370'] for agent, after_update _notify_loop /usr/lib/python2.7/site-packages/neutron_lib/callbacks/manager.py:167
