2018-06-28 07:01:00.165 22366 INFO neutron.wsgi [req-f44a268c-0522-4660-8308-1929ce0fad78 13668b48bd1947e181886011e241cc0e d78cc7e3a91b458aba87693b13d57558 - c553210dbb964d20af1540a46b9f9129 c553210dbb964d20af1540a46b9f9129] 10.0.20.25 "GET /v2.0/networks HTTP/1.1" status: 200  len: 2214 time: 0.3179991
2018-06-28 07:01:00.246 22366 INFO neutron.api.v2.resource [req-bd33f96a-5ef5-46ce-aee8-c3d5efda1bf4 13668b48bd1947e181886011e241cc0e d78cc7e3a91b458aba87693b13d57558 - c553210dbb964d20af1540a46b9f9129 c553210dbb964d20af1540a46b9f9129] show failed (client error): The resource could not be found.
2018-06-28 07:01:00.249 22366 INFO neutron.wsgi [req-bd33f96a-5ef5-46ce-aee8-c3d5efda1bf4 13668b48bd1947e181886011e241cc0e d78cc7e3a91b458aba87693b13d57558 - c553210dbb964d20af1540a46b9f9129 c553210dbb964d20af1540a46b9f9129] 10.0.20.25 "GET /v2.0/security-groups/tempest-SECURITY_GROUP_SAMPLE-1530161835 HTTP/1.1" status: 404  len: 360 time: 0.0647769
2018-06-28 07:01:00.477 22366 INFO neutron.wsgi [req-de374c71-ec1e-4043-b9fa-991dd2e7f785 13668b48bd1947e181886011e241cc0e d78cc7e3a91b458aba87693b13d57558 - c553210dbb964d20af1540a46b9f9129 c553210dbb964d20af1540a46b9f9129] 10.0.20.25 "GET /v2.0/security-groups HTTP/1.1" status: 200  len: 18753 time: 0.2209790
2018-06-28 07:01:03.776 22366 DEBUG neutron.wsgi [-] (22366) accepted ('10.0.20.25', 32786) server /usr/lib/python2.7/site-packages/eventlet/wsgi.py:883
2018-06-28 07:01:04.251 22366 WARNING keystonemiddleware.auth_token [-] A valid token was submitted as a service token, but it was not a valid service token. This is incorrect but backwards compatible behaviour. This will be removed in future releases.
2018-06-28 07:01:04.391 22366 INFO neutron.wsgi [req-24a2cb0e-a376-46a8-94e2-2081ef376a6c 13668b48bd1947e181886011e241cc0e d78cc7e3a91b458aba87693b13d57558 - c553210dbb964d20af1540a46b9f9129 c553210dbb964d20af1540a46b9f9129] 10.0.20.25 "GET /v2.0/security-groups?fields=id&id=57c5ddae-90f1-4778-a59e-dba4a760f256 HTTP/1.1" status: 200  len: 267 time: 0.6132219
2018-06-28 07:01:04.737 22366 INFO neutron.wsgi [req-98ff6819-dd57-48be-a2e8-3d0b9fb3dab2 13668b48bd1947e181886011e241cc0e d78cc7e3a91b458aba87693b13d57558 - c553210dbb964d20af1540a46b9f9129 c553210dbb964d20af1540a46b9f9129] 10.0.20.25 "GET /v2.0/security-groups/57c5ddae-90f1-4778-a59e-dba4a760f256 HTTP/1.1" status: 200  len: 2115 time: 0.3376751
2018-06-28 07:01:05.018 22366 DEBUG neutron.pecan_wsgi.hooks.policy_enforcement [req-41562357-8a51-4423-9df7-9e077d66cc3e 13668b48bd1947e181886011e241cc0e d78cc7e3a91b458aba87693b13d57558 - c553210dbb964d20af1540a46b9f9129 c553210dbb964d20af1540a46b9f9129] Attributes excluded by policy engine: [u'vlan_transparent'] _exclude_attributes_by_policy /usr/lib/python2.7/site-packages/neutron/pecan_wsgi/hooks/policy_enforcement.py:256
2018-06-28 07:01:05.021 22366 INFO neutron.wsgi [req-41562357-8a51-4423-9df7-9e077d66cc3e 13668b48bd1947e181886011e241cc0e d78cc7e3a91b458aba87693b13d57558 - c553210dbb964d20af1540a46b9f9129 c553210dbb964d20af1540a46b9f9129] 10.0.20.25 "GET /v2.0/networks?id=766dba75-fbfa-4ce8-b3b9-002f39a0e743 HTTP/1.1" status: 200  len: 885 time: 0.2738979
2018-06-28 07:01:05.060 22366 INFO neutron.wsgi [req-65782433-358f-49ac-9301-d3ab61743598 13668b48bd1947e181886011e241cc0e d78cc7e3a91b458aba87693b13d57558 - c553210dbb964d20af1540a46b9f9129 c553210dbb964d20af1540a46b9f9129] 10.0.20.25 "GET /v2.0/quotas/d78cc7e3a91b458aba87693b13d57558 HTTP/1.1" status: 200  len: 373 time: 0.0298021
2018-06-28 07:01:05.116 22371 DEBUG neutron_lib.callbacks.manager [req-05d227dd-7031-4d88-85dc-3cb3d9b52002 - - - - -] Notify callbacks ['neutron.services.segments.db._update_segment_host_mapping_for_agent-8770357624370'] for agent, after_update _notify_loop /usr/lib/python2.7/site-packages/neutron_lib/callbacks/manager.py:167
2018-06-28 07:01:05.214 22366 INFO neutron.wsgi [req-27f52bd1-c634-41e1-bb22-ace629844bd3 13668b48bd1947e181886011e241cc0e d78cc7e3a91b458aba87693b13d57558 - c553210dbb964d20af1540a46b9f9129 c553210dbb964d20af1540a46b9f9129] 10.0.20.25 "GET /v2.0/ports?fields=id&tenant_id=d78cc7e3a91b458aba87693b13d57558 HTTP/1.1" status: 200  len: 302 time: 0.1467500
2018-06-28 07:01:05.651 22374 DEBUG neutron_lib.callbacks.manager [req-81d6a45d-8d36-4322-b7d3-8ef9d001f710 - - - - -] Notify callbacks ['neutron.services.segments.db._update_segment_host_mapping_for_agent-8770357624370'] for agent, after_update _notify_loop /usr/lib/python2.7/site-packages/neutron_lib/callbacks/manager.py:167
2018-06-28 07:01:05.678 22375 DEBUG neutron_lib.callbacks.manager [req-d3021163-a2ed-45c6-bfc0-38e7bd219e7e - - - - -] Notify callbacks ['neutron.services.segments.db._update_segment_host_mapping_for_agent-8770357624370'] for agent, after_update _notify_loop /usr/lib/python2.7/site-packages/neutron_lib/callbacks/manager.py:167
2018-06-28 07:01:05.702 22367 DEBUG neutron_lib.callbacks.manager [req-f79042ad-18e1-4e4f-b860-1a171b7bb5ca - - - - -] Notify callbacks ['neutron.services.segments.db._update_segment_host_mapping_for_agent-8770357624370'] for agent, after_update _notify_loop /usr/lib/python2.7/site-packages/neutron_lib/callbacks/manager.py:167
2018-06-28 07:01:06.353 22366 INFO neutron.wsgi [req-6f0f282b-f503-45a2-a6c7-e6436099fbd3 13668b48bd1947e181886011e241cc0e d78cc7e3a91b458aba87693b13d57558 - c553210dbb964d20af1540a46b9f9129 c553210dbb964d20af1540a46b9f9129] 10.0.20.25 "GET /v2.0/ports?device_id=8e05b77b-b960-4a66-8fef-55468f17e37e HTTP/1.1" status: 200  len: 210 time: 0.0984881
2018-06-28 07:01:06.365 22369 DEBUG neutron_lib.callbacks.manager [req-518432bf-7ca7-4573-9396-cfedb85ed2b6 - - - - -] Notify callbacks ['neutron.services.segments.db._update_segment_host_mapping_for_agent-8770357624370'] for agent, after_update _notify_loop /usr/lib/python2.7/site-packages/neutron_lib/callbacks/manager.py:167
2018-06-28 07:01:13.403 22366 DEBUG neutron.wsgi [-] (22366) accepted ('10.0.20.25', 32894) server /usr/lib/python2.7/site-packages/eventlet/wsgi.py:883
2018-06-28 07:01:13.758 22366 DEBUG neutron.pecan_wsgi.hooks.policy_enforcement [req-37802e4f-c6f0-46d9-beec-7703e23002be 13668b48bd1947e181886011e241cc0e d78cc7e3a91b458aba87693b13d57558 - c553210dbb964d20af1540a46b9f9129 c553210dbb964d20af1540a46b9f9129] Attributes excluded by policy engine: [u'vlan_transparent'] _exclude_attributes_by_policy /usr/lib/python2.7/site-packages/neutron/pecan_wsgi/hooks/policy_enforcement.py:256
2018-06-28 07:01:13.763 22366 INFO neutron.wsgi [req-37802e4f-c6f0-46d9-beec-7703e23002be 13668b48bd1947e181886011e241cc0e d78cc7e3a91b458aba87693b13d57558 - c553210dbb964d20af1540a46b9f9129 c553210dbb964d20af1540a46b9f9129] 10.0.20.25 "GET /v2.0/networks?id=766dba75-fbfa-4ce8-b3b9-002f39a0e743 HTTP/1.1" status: 200  len: 885 time: 0.3570929
2018-06-28 07:01:14.021 22366 INFO neutron.wsgi [req-6f2d741c-4229-42c4-9124-32c70e21f714 13668b48bd1947e181886011e241cc0e d78cc7e3a91b458aba87693b13d57558 - c553210dbb964d20af1540a46b9f9129 c553210dbb964d20af1540a46b9f9129] 10.0.20.25 "GET /v2.0/security-groups?tenant_id=d78cc7e3a91b458aba87693b13d57558 HTTP/1.1" status: 200  len: 4540 time: 0.1963630
2018-06-28 07:01:14.065 22366 DEBUG neutron.api.v2.base [req-abcba61a-a5a9-444a-9033-e3be5a0cee74 13668b48bd1947e181886011e241cc0e d78cc7e3a91b458aba87693b13d57558 - c553210dbb964d20af1540a46b9f9129 c553210dbb964d20af1540a46b9f9129] Request body: {u'port': {u'network_id': u'766dba75-fbfa-4ce8-b3b9-002f39a0e743', u'tenant_id': u'd78cc7e3a91b458aba87693b13d57558', u'device_id': u'8e05b77b-b960-4a66-8fef-55468f17e37e', u'security_groups': [u'57c5ddae-90f1-4778-a59e-dba4a760f256'], u'admin_state_up': True}} prepare_request_body /usr/lib/python2.7/site-packages/neutron/api/v2/base.py:695
2018-06-28 07:01:14.082 22366 DEBUG neutron.db.quota.driver [req-abcba61a-a5a9-444a-9033-e3be5a0cee74 13668b48bd1947e181886011e241cc0e d78cc7e3a91b458aba87693b13d57558 - c553210dbb964d20af1540a46b9f9129 c553210dbb964d20af1540a46b9f9129] Resources subnetpool have unlimited quota limit. It is not required to calculate headroom  make_reservation /usr/lib/python2.7/site-packages/neutron/db/quota/driver.py:223
2018-06-28 07:01:14.098 22366 DEBUG neutron.quota.resource [req-abcba61a-a5a9-444a-9033-e3be5a0cee74 13668b48bd1947e181886011e241cc0e d78cc7e3a91b458aba87693b13d57558 - c553210dbb964d20af1540a46b9f9129 c553210dbb964d20af1540a46b9f9129] Usage tracker for resource:port and tenant:d78cc7e3a91b458aba87693b13d57558 is out of sync, need to count used quota count_used /usr/lib/python2.7/site-packages/neutron/quota/resource.py:274
2018-06-28 07:01:14.117 22366 DEBUG neutron.quota.resource [req-abcba61a-a5a9-444a-9033-e3be5a0cee74 13668b48bd1947e181886011e241cc0e d78cc7e3a91b458aba87693b13d57558 - c553210dbb964d20af1540a46b9f9129 c553210dbb964d20af1540a46b9f9129] Quota usage for port was recalculated. Used quota:2. count_used /usr/lib/python2.7/site-packages/neutron/quota/resource.py:293
2018-06-28 07:01:14.140 22366 DEBUG neutron.db.quota.driver [req-abcba61a-a5a9-444a-9033-e3be5a0cee74 13668b48bd1947e181886011e241cc0e d78cc7e3a91b458aba87693b13d57558 - c553210dbb964d20af1540a46b9f9129 c553210dbb964d20af1540a46b9f9129] Attempting to reserve 1 items for resource port. Total usage: 2; quota limit: 500; headroom:498 make_reservation /usr/lib/python2.7/site-packages/neutron/db/quota/driver.py:255
2018-06-28 07:01:14.203 22366 DEBUG neutron.pecan_wsgi.hooks.quota_enforcement [req-abcba61a-a5a9-444a-9033-e3be5a0cee74 13668b48bd1947e181886011e241cc0e d78cc7e3a91b458aba87693b13d57558 - c553210dbb964d20af1540a46b9f9129 c553210dbb964d20af1540a46b9f9129] Made reservation on behalf of d78cc7e3a91b458aba87693b13d57558 for: {'port': 1} before /usr/lib/python2.7/site-packages/neutron/pecan_wsgi/hooks/quota_enforcement.py:55
2018-06-28 07:01:14.223 22366 DEBUG neutron_lib.callbacks.manager [req-abcba61a-a5a9-444a-9033-e3be5a0cee74 13668b48bd1947e181886011e241cc0e d78cc7e3a91b458aba87693b13d57558 - c553210dbb964d20af1540a46b9f9129 c553210dbb964d20af1540a46b9f9129] Notify callbacks ['neutron.plugins.ml2.plugin.Ml2Plugin._ensure_default_security_group_handler--9223372036854334112'] for port, before_create _notify_loop /usr/lib/python2.7/site-packages/neutron_lib/callbacks/manager.py:167
2018-06-28 07:01:15.057 22363 DEBUG neutron.wsgi [-] (22363) accepted ('10.0.20.25', 32916) server /usr/lib/python2.7/site-packages/eventlet/wsgi.py:883
2018-06-28 07:01:15.161 22366 DEBUG neutron.db.db_base_plugin_common [req-abcba61a-a5a9-444a-9033-e3be5a0cee74 13668b48bd1947e181886011e241cc0e d78cc7e3a91b458aba87693b13d57558 - c553210dbb964d20af1540a46b9f9129 c553210dbb964d20af1540a46b9f9129] Allocated IP 11.160.1.6 (766dba75-fbfa-4ce8-b3b9-002f39a0e743/950c20ca-33b0-4c1c-9b70-793587901b3d/0b9599ce-08a3-4274-ae93-a39dc5d8b3f3) _store_ip_allocation /usr/lib/python2.7/site-packages/neutron/db/db_base_plugin_common.py:122
2018-06-28 07:01:15.669 22363 WARNING keystonemiddleware.auth_token [-] A valid token was submitted as a service token, but it was not a valid service token. This is incorrect but backwards compatible behaviour. This will be removed in future releases.
2018-06-28 07:01:15.737 22366 DEBUG neutron_lib.callbacks.manager [req-abcba61a-a5a9-444a-9033-e3be5a0cee74 13668b48bd1947e181886011e241cc0e d78cc7e3a91b458aba87693b13d57558 - c553210dbb964d20af1540a46b9f9129 c553210dbb964d20af1540a46b9f9129] Notify callbacks [] for port, precommit_create _notify_loop /usr/lib/python2.7/site-packages/neutron_lib/callbacks/manager.py:167
2018-06-28 07:01:15.799 22366 DEBUG neutron.db.provisioning_blocks [req-abcba61a-a5a9-444a-9033-e3be5a0cee74 13668b48bd1947e181886011e241cc0e d78cc7e3a91b458aba87693b13d57558 - c553210dbb964d20af1540a46b9f9129 c553210dbb964d20af1540a46b9f9129] Transition to ACTIVE for port object 0b9599ce-08a3-4274-ae93-a39dc5d8b3f3 will not be triggered until provisioned by entity DHCP. add_provisioning_component /usr/lib/python2.7/site-packages/neutron/db/provisioning_blocks.py:73
2018-06-28 07:01:15.903 22366 DEBUG neutron_lib.callbacks.manager [req-abcba61a-a5a9-444a-9033-e3be5a0cee74 13668b48bd1947e181886011e241cc0e d78cc7e3a91b458aba87693b13d57558 - c553210dbb964d20af1540a46b9f9129 c553210dbb964d20af1540a46b9f9129] Notify callbacks ['neutron.api.rpc.agentnotifiers.dhcp_rpc_agent_api.DhcpAgentNotifyAPI._native_event_send_dhcp_notification-1422879', 'neutron.plugins.ml2.ovo_rpc._ObjectChangeHandler.handle_event-1561382', 'neutron.db.l3_dvrscheduler_db._notify_l3_agent_new_port-8770357263530', 'neutron.plugins.ml2.plugin.Ml2Plugin.notify_sg_on_port_change-441821'] for port, after_create _notify_loop /usr/lib/python2.7/site-packages/neutron_lib/callbacks/manager.py:167
2018-06-28 07:01:16.226 22366 DEBUG neutron.scheduler.dhcp_agent_scheduler [req-abcba61a-a5a9-444a-9033-e3be5a0cee74 13668b48bd1947e181886011e241cc0e d78cc7e3a91b458aba87693b13d57558 - c553210dbb964d20af1540a46b9f9129 c553210dbb964d20af1540a46b9f9129] Network 766dba75-fbfa-4ce8-b3b9-002f39a0e743 is already hosted by enough agents. _get_dhcp_agents_hosting_network /usr/lib/python2.7/site-packages/neutron/scheduler/dhcp_agent_scheduler.py:243
2018-06-28 07:01:16.269 22366 DEBUG neutron.db.l3_dvrscheduler_db [req-abcba61a-a5a9-444a-9033-e3be5a0cee74 13668b48bd1947e181886011e241cc0e d78cc7e3a91b458aba87693b13d57558 - c553210dbb964d20af1540a46b9f9129 c553210dbb964d20af1540a46b9f9129] Received port after_create _notify_l3_agent_new_port /usr/lib/python2.7/site-packages/neutron/db/l3_dvrscheduler_db.py:392
2018-06-28 07:01:16.286 22366 DEBUG oslo_concurrency.lockutils [-] Lock "event-dispatch" acquired by "neutron.plugins.ml2.ovo_rpc.dispatch_events" :: waited 0.000s inner /usr/lib/python2.7/site-packages/oslo_concurrency/lockutils.py:270
2018-06-28 07:01:16.390 22366 DEBUG neutron_lib.callbacks.manager [req-abcba61a-a5a9-444a-9033-e3be5a0cee74 13668b48bd1947e181886011e241cc0e d78cc7e3a91b458aba87693b13d57558 - c553210dbb964d20af1540a46b9f9129 c553210dbb964d20af1540a46b9f9129] Notify callbacks ['neutron.notifiers.nova.Notifier._send_nova_notification--9223372036854713896', 'neutron.api.rpc.agentnotifiers.dhcp_rpc_agent_api.DhcpAgentNotifyAPI._send_dhcp_notification-1422860'] for port, before_response _notify_loop /usr/lib/python2.7/site-packages/neutron_lib/callbacks/manager.py:167
2018-06-28 07:01:16.469 22366 DEBUG neutron.quota.resource [req-abcba61a-a5a9-444a-9033-e3be5a0cee74 13668b48bd1947e181886011e241cc0e d78cc7e3a91b458aba87693b13d57558 - c553210dbb964d20af1540a46b9f9129 c553210dbb964d20af1540a46b9f9129] Persisted dirty status for tenant:d78cc7e3a91b458aba87693b13d57558 on resource:port mark_dirty /usr/lib/python2.7/site-packages/neutron/quota/resource.py:207
2018-06-28 07:01:16.496 22366 INFO neutron.wsgi [req-abcba61a-a5a9-444a-9033-e3be5a0cee74 13668b48bd1947e181886011e241cc0e d78cc7e3a91b458aba87693b13d57558 - c553210dbb964d20af1540a46b9f9129 c553210dbb964d20af1540a46b9f9129] 10.0.20.25 "POST /v2.0/ports HTTP/1.1" status: 201  len: 1029 time: 2.4617541
2018-06-28 07:01:16.499 22372 DEBUG neutron.db.provisioning_blocks [req-ad278407-c9a8-49e8-a967-f0d69c23e1c1 - - - - -] Provisioning for port 0b9599ce-08a3-4274-ae93-a39dc5d8b3f3 completed by entity DHCP. provisioning_complete /usr/lib/python2.7/site-packages/neutron/db/provisioning_blocks.py:132
2018-06-28 07:01:16.524 22372 DEBUG neutron.db.provisioning_blocks [req-ad278407-c9a8-49e8-a967-f0d69c23e1c1 - - - - -] Provisioning complete for port 0b9599ce-08a3-4274-ae93-a39dc5d8b3f3 triggered by entity DHCP. provisioning_complete /usr/lib/python2.7/site-packages/neutron/db/provisioning_blocks.py:138
2018-06-28 07:01:16.527 22372 DEBUG neutron_lib.callbacks.manager [req-ad278407-c9a8-49e8-a967-f0d69c23e1c1 - - - - -] Notify callbacks ['neutron.plugins.ml2.plugin.Ml2Plugin._port_provisioned-1724332'] for port, provisioning_complete _notify_loop /usr/lib/python2.7/site-packages/neutron_lib/callbacks/manager.py:167
2018-06-28 07:01:16.551 22366 DEBUG neutron.wsgi [req-7a8f2a64-fc1c-480f-9f41-4e624bd652d4 13668b48bd1947e181886011e241cc0e d78cc7e3a91b458aba87693b13d57558 - c553210dbb964d20af1540a46b9f9129 c553210dbb964d20af1540a46b9f9129] http://10.0.20.25:9696/v2.0/extensions returned with HTTP 200 __call__ /usr/lib/python2.7/site-packages/neutron/wsgi.py:715
2018-06-28 07:01:16.554 22366 INFO neutron.wsgi [req-7a8f2a64-fc1c-480f-9f41-4e624bd652d4 13668b48bd1947e181886011e241cc0e d78cc7e3a91b458aba87693b13d57558 - c553210dbb964d20af1540a46b9f9129 c553210dbb964d20af1540a46b9f9129] 10.0.20.25 "GET /v2.0/extensions HTTP/1.1" status: 200  len: 8566 time: 0.0380921
2018-06-28 07:01:16.562 22366 DEBUG neutron.api.rpc.handlers.resources_rpc [req-abcba61a-a5a9-444a-9033-e3be5a0cee74 13668b48bd1947e181886011e241cc0e d78cc7e3a91b458aba87693b13d57558 - - -] neutron.api.rpc.handlers.resources_rpc.ResourcesPushRpcApi method push called with arguments (<neutron_lib.context.Context object at 0x7fa01f73e250>, [Port(admin_state_up=True,allowed_address_pairs=[],binding=PortBinding,binding_levels=[],created_at=2018-06-28T05:01:14Z,data_plane_status=<?>,description='',device_id='8e05b77b-b960-4a66-8fef-55468f17e37e',device_owner='',dhcp_options=[],distributed_binding=None,dns=None,fixed_ips=[IPAllocation],id=0b9599ce-08a3-4274-ae93-a39dc5d8b3f3,mac_address=fa:16:3e:7a:88:99,name='',network_id=766dba75-fbfa-4ce8-b3b9-002f39a0e743,project_id='d78cc7e3a91b458aba87693b13d57558',qos_policy_id=None,revision_number=3,security=PortSecurity(0b9599ce-08a3-4274-ae93-a39dc5d8b3f3),security_group_ids=set([57c5ddae-90f1-4778-a59e-dba4a760f256]),status='DOWN',updated_at=2018-06-28T05:01:15Z)], 'updated') {} wrapper /usr/lib/python2.7/site-packages/oslo_log/helpers.py:66
2018-06-28 07:01:16.584 22366 DEBUG neutron.api.rpc.callbacks.version_manager [req-abcba61a-a5a9-444a-9033-e3be5a0cee74 13668b48bd1947e181886011e241cc0e d78cc7e3a91b458aba87693b13d57558 - - -] Version for resource type Subnet changed None to 1.0 on consumer Open vSwitch agent@localhost.localdomain _set_version /usr/lib/python2.7/site-packages/neutron/api/rpc/callbacks/version_manager.py:119
2018-06-28 07:01:16.585 22366 DEBUG neutron.api.rpc.callbacks.version_manager [req-abcba61a-a5a9-444a-9033-e3be5a0cee74 13668b48bd1947e181886011e241cc0e d78cc7e3a91b458aba87693b13d57558 - - -] Version for resource type Network changed None to 1.0 on consumer Open vSwitch agent@localhost.localdomain _set_version /usr/lib/python2.7/site-packages/neutron/api/rpc/callbacks/version_manager.py:119
2018-06-28 07:01:16.587 22366 DEBUG neutron.api.rpc.callbacks.version_manager [req-abcba61a-a5a9-444a-9033-e3be5a0cee74 13668b48bd1947e181886011e241cc0e d78cc7e3a91b458aba87693b13d57558 - - -] Version for resource type SubPort changed None to 1.0 on consumer Open vSwitch agent@localhost.localdomain _set_version /usr/lib/python2.7/site-packages/neutron/api/rpc/callbacks/version_manager.py:119
2018-06-28 07:01:16.587 22363 DEBUG neutron.quota.resource [req-9ae4f3a2-733c-40d1-a6c3-ece47c7d9811 13668b48bd1947e181886011e241cc0e d78cc7e3a91b458aba87693b13d57558 - c553210dbb964d20af1540a46b9f9129 c553210dbb964d20af1540a46b9f9129] Synchronizing usage tracker for tenant:d78cc7e3a91b458aba87693b13d57558 on resource:port resync /usr/lib/python2.7/site-packages/neutron/quota/resource.py:245
2018-06-28 07:01:16.588 22366 DEBUG neutron.api.rpc.callbacks.version_manager [req-abcba61a-a5a9-444a-9033-e3be5a0cee74 13668b48bd1947e181886011e241cc0e d78cc7e3a91b458aba87693b13d57558 - - -] Version for resource type SecurityGroup changed None to 1.0 on consumer Open vSwitch agent@localhost.localdomain _set_version /usr/lib/python2.7/site-packages/neutron/api/rpc/callbacks/version_manager.py:119
2018-06-28 07:01:16.589 22366 DEBUG neutron.api.rpc.callbacks.version_manager [req-abcba61a-a5a9-444a-9033-e3be5a0cee74 13668b48bd1947e181886011e241cc0e d78cc7e3a91b458aba87693b13d57558 - - -] Version for resource type SecurityGroupRule changed None to 1.0 on consumer Open vSwitch agent@localhost.localdomain _set_version /usr/lib/python2.7/site-packages/neutron/api/rpc/callbacks/version_manager.py:119
2018-06-28 07:01:16.590 22366 DEBUG neutron.api.rpc.callbacks.version_manager [req-abcba61a-a5a9-444a-9033-e3be5a0cee74 13668b48bd1947e181886011e241cc0e d78cc7e3a91b458aba87693b13d57558 - - -] Version for resource type Trunk changed None to 1.1 on consumer Open vSwitch agent@localhost.localdomain _set_version /usr/lib/python2.7/site-packages/neutron/api/rpc/callbacks/version_manager.py:119
2018-06-28 07:01:16.591 22366 DEBUG neutron.api.rpc.callbacks.version_manager [req-abcba61a-a5a9-444a-9033-e3be5a0cee74 13668b48bd1947e181886011e241cc0e d78cc7e3a91b458aba87693b13d57558 - - -] Version for resource type QosPolicy changed None to 1.6 on consumer Open vSwitch agent@localhost.localdomain _set_version /usr/lib/python2.7/site-packages/neutron/api/rpc/callbacks/version_manager.py:119
2018-06-28 07:01:16.592 22366 DEBUG neutron.api.rpc.callbacks.version_manager [req-abcba61a-a5a9-444a-9033-e3be5a0cee74 13668b48bd1947e181886011e241cc0e d78cc7e3a91b458aba87693b13d57558 - - -] Version for resource type Port changed None to 1.1 on consumer Open vSwitch agent@localhost.localdomain _set_version /usr/lib/python2.7/site-packages/neutron/api/rpc/callbacks/version_manager.py:119
2018-06-28 07:01:16.593 22366 DEBUG neutron.api.rpc.callbacks.version_manager [req-abcba61a-a5a9-444a-9033-e3be5a0cee74 13668b48bd1947e181886011e241cc0e d78cc7e3a91b458aba87693b13d57558 - - -] Version for resource type Log changed None to 1.0 on consumer Open vSwitch agent@localhost.localdomain _set_version /usr/lib/python2.7/site-packages/neutron/api/rpc/callbacks/version_manager.py:119
2018-06-28 07:01:16.633 22366 DEBUG oslo_concurrency.lockutils [req-abcba61a-a5a9-444a-9033-e3be5a0cee74 13668b48bd1947e181886011e241cc0e d78cc7e3a91b458aba87693b13d57558 - - -] Lock "event-dispatch" released by "neutron.plugins.ml2.ovo_rpc.dispatch_events" :: held 0.347s inner /usr/lib/python2.7/site-packages/oslo_concurrency/lockutils.py:282
2018-06-28 07:01:16.690 22363 DEBUG neutron.quota.resource [req-9ae4f3a2-733c-40d1-a6c3-ece47c7d9811 13668b48bd1947e181886011e241cc0e d78cc7e3a91b458aba87693b13d57558 - c553210dbb964d20af1540a46b9f9129 c553210dbb964d20af1540a46b9f9129] Unset dirty status for tenant:d78cc7e3a91b458aba87693b13d57558 on resource:port _resync /usr/lib/python2.7/site-packages/neutron/quota/resource.py:237
2018-06-28 07:01:16.693 22363 INFO neutron.wsgi [req-9ae4f3a2-733c-40d1-a6c3-ece47c7d9811 13668b48bd1947e181886011e241cc0e d78cc7e3a91b458aba87693b13d57558 - c553210dbb964d20af1540a46b9f9129 c553210dbb964d20af1540a46b9f9129] 10.0.20.25 "GET /v2.0/ports?device_id=8e05b77b-b960-4a66-8fef-55468f17e37e HTTP/1.1" status: 200  len: 1027 time: 1.6342878
2018-06-28 07:01:16.699 22372 DEBUG neutron.plugins.ml2.plugin [req-ad278407-c9a8-49e8-a967-f0d69c23e1c1 - - - - -] Port 0b9599ce-08a3-4274-ae93-a39dc5d8b3f3 cannot update to ACTIVE because it is not bound. _port_provisioned /usr/lib/python2.7/site-packages/neutron/plugins/ml2/plugin.py:244
2018-06-28 07:01:16.926 22363 INFO neutron.wsgi [req-2dd204d6-b19c-457b-b900-01dd1780f545 13668b48bd1947e181886011e241cc0e d78cc7e3a91b458aba87693b13d57558 - c553210dbb964d20af1540a46b9f9129 c553210dbb964d20af1540a46b9f9129] 10.0.20.25 "GET /v2.0/security-groups?id=57c5ddae-90f1-4778-a59e-dba4a760f256 HTTP/1.1" status: 200  len: 2118 time: 0.1693120
2018-06-28 07:01:18.175 22376 DEBUG neutron.db.agents_db [req-507f439f-dee9-4414-865e-214102393f58 - - - - -] Agent healthcheck: found 5 active agents agent_health_check /usr/lib/python2.7/site-packages/neutron/db/agents_db.py:281
2018-06-28 07:01:18.314 22366 DEBUG neutron.api.v2.base [req-7248b424-f7e5-42ce-9658-cb25dc4f74e1 db7e024eefa34f0d9525ad1ee1475527 910acf3b84b64f358e48f506530f7cb1 - default default] Request body: {u'port': {u'device_owner': u'compute:nova', u'binding:host_id': u'localhost.localdomain', u'device_id': u'8e05b77b-b960-4a66-8fef-55468f17e37e'}} prepare_request_body /usr/lib/python2.7/site-packages/neutron/api/v2/base.py:695
2018-06-28 07:01:18.516 22366 DEBUG neutron_lib.callbacks.manager [req-7248b424-f7e5-42ce-9658-cb25dc4f74e1 db7e024eefa34f0d9525ad1ee1475527 910acf3b84b64f358e48f506530f7cb1 - default default] Notify callbacks ['neutron.plugins.ml2.plugin.Ml2Plugin._ensure_default_security_group_handler--9223372036854334112'] for port, before_update _notify_loop /usr/lib/python2.7/site-packages/neutron_lib/callbacks/manager.py:167
2018-06-28 07:01:19.641 22366 DEBUG neutron.notifiers.nova [req-7248b424-f7e5-42ce-9658-cb25dc4f74e1 db7e024eefa34f0d9525ad1ee1475527 910acf3b84b64f358e48f506530f7cb1 - default default] Ignoring state change previous_port_status: DOWN current_port_status: DOWN port_id 0b9599ce-08a3-4274-ae93-a39dc5d8b3f3 record_port_status_changed /usr/lib/python2.7/site-packages/neutron/notifiers/nova.py:209
2018-06-28 07:01:19.658 22366 DEBUG neutron_lib.callbacks.manager [req-7248b424-f7e5-42ce-9658-cb25dc4f74e1 db7e024eefa34f0d9525ad1ee1475527 910acf3b84b64f358e48f506530f7cb1 - default default] Notify callbacks [] for port, precommit_update _notify_loop /usr/lib/python2.7/site-packages/neutron_lib/callbacks/manager.py:167
2018-06-28 07:01:19.687 22366 DEBUG neutron.db.provisioning_blocks [req-7248b424-f7e5-42ce-9658-cb25dc4f74e1 db7e024eefa34f0d9525ad1ee1475527 910acf3b84b64f358e48f506530f7cb1 - default default] Transition to ACTIVE for port object 0b9599ce-08a3-4274-ae93-a39dc5d8b3f3 will not be triggered until provisioned by entity L2. add_provisioning_component /usr/lib/python2.7/site-packages/neutron/db/provisioning_blocks.py:73
2018-06-28 07:01:19.694 22366 DEBUG neutron_lib.callbacks.manager [req-7248b424-f7e5-42ce-9658-cb25dc4f74e1 db7e024eefa34f0d9525ad1ee1475527 910acf3b84b64f358e48f506530f7cb1 - default default] Notify callbacks ['neutron.api.rpc.agentnotifiers.dhcp_rpc_agent_api.DhcpAgentNotifyAPI._native_event_send_dhcp_notification-1422879', 'neutron.plugins.ml2.ovo_rpc._ObjectChangeHandler.handle_event-1561382', 'neutron.plugins.ml2.plugin.Ml2Plugin.notify_sg_on_port_change-441821', 'neutron.db.l3_dvrscheduler_db._notify_l3_agent_port_update-8770357263545', 'neutron.db.l3_hascheduler_db._notify_l3_agent_ha_port_update--9223363266497511924'] for port, after_update _notify_loop /usr/lib/python2.7/site-packages/neutron_lib/callbacks/manager.py:167
2018-06-28 07:01:20.047 22366 DEBUG oslo_concurrency.lockutils [-] Lock "event-dispatch" acquired by "neutron.plugins.ml2.ovo_rpc.dispatch_events" :: waited 0.000s inner /usr/lib/python2.7/site-packages/oslo_concurrency/lockutils.py:270
2018-06-28 07:01:20.364 22366 DEBUG neutron.api.rpc.handlers.resources_rpc [req-7248b424-f7e5-42ce-9658-cb25dc4f74e1 db7e024eefa34f0d9525ad1ee1475527 910acf3b84b64f358e48f506530f7cb1 - - -] neutron.api.rpc.handlers.resources_rpc.ResourcesPushRpcApi method push called with arguments (<neutron_lib.context.Context object at 0x7fa01fea9990>, [Port(admin_state_up=True,allowed_address_pairs=[],binding=PortBinding,binding_levels=[],created_at=2018-06-28T05:01:14Z,data_plane_status=<?>,description='',device_id='8e05b77b-b960-4a66-8fef-55468f17e37e',device_owner='compute:nova',dhcp_options=[],distributed_binding=None,dns=None,fixed_ips=[IPAllocation],id=0b9599ce-08a3-4274-ae93-a39dc5d8b3f3,mac_address=fa:16:3e:7a:88:99,name='',network_id=766dba75-fbfa-4ce8-b3b9-002f39a0e743,project_id='d78cc7e3a91b458aba87693b13d57558',qos_policy_id=None,revision_number=4,security=PortSecurity(0b9599ce-08a3-4274-ae93-a39dc5d8b3f3),security_group_ids=set([57c5ddae-90f1-4778-a59e-dba4a760f256]),status='DOWN',updated_at=2018-06-28T05:01:19Z)], 'updated') {} wrapper /usr/lib/python2.7/site-packages/oslo_log/helpers.py:66
2018-06-28 07:01:20.421 22366 DEBUG oslo_concurrency.lockutils [req-7248b424-f7e5-42ce-9658-cb25dc4f74e1 db7e024eefa34f0d9525ad1ee1475527 910acf3b84b64f358e48f506530f7cb1 - - -] Lock "event-dispatch" released by "neutron.plugins.ml2.ovo_rpc.dispatch_events" :: held 0.374s inner /usr/lib/python2.7/site-packages/oslo_concurrency/lockutils.py:282
2018-06-28 07:01:20.423 22366 DEBUG neutron.plugins.ml2.managers [req-7248b424-f7e5-42ce-9658-cb25dc4f74e1 db7e024eefa34f0d9525ad1ee1475527 910acf3b84b64f358e48f506530f7cb1 - default default] Attempting to bind port 0b9599ce-08a3-4274-ae93-a39dc5d8b3f3 on host localhost.localdomain for vnic_type normal with profile  bind_port /usr/lib/python2.7/site-packages/neutron/plugins/ml2/managers.py:744
2018-06-28 07:01:20.425 22366 DEBUG neutron.plugins.ml2.managers [req-7248b424-f7e5-42ce-9658-cb25dc4f74e1 db7e024eefa34f0d9525ad1ee1475527 910acf3b84b64f358e48f506530f7cb1 - default default] Attempting to bind port 0b9599ce-08a3-4274-ae93-a39dc5d8b3f3 on host localhost.localdomain at level 0 using segments [{'network_id': '766dba75-fbfa-4ce8-b3b9-002f39a0e743', 'segmentation_id': 72, 'physical_network': None, 'id': 'eb7510b1-ba1e-4c26-8d42-cafcf4287b5b', 'network_type': u'vxlan'}] _bind_port_level /usr/lib/python2.7/site-packages/neutron/plugins/ml2/managers.py:765
2018-06-28 07:01:20.426 22366 DEBUG neutron.plugins.ml2.drivers.mech_agent [req-7248b424-f7e5-42ce-9658-cb25dc4f74e1 db7e024eefa34f0d9525ad1ee1475527 910acf3b84b64f358e48f506530f7cb1 - default default] Attempting to bind port 0b9599ce-08a3-4274-ae93-a39dc5d8b3f3 on network 766dba75-fbfa-4ce8-b3b9-002f39a0e743 bind_port /usr/lib/python2.7/site-packages/neutron/plugins/ml2/drivers/mech_agent.py:88
2018-06-28 07:01:20.441 22366 DEBUG neutron.plugins.ml2.drivers.mech_agent [req-7248b424-f7e5-42ce-9658-cb25dc4f74e1 db7e024eefa34f0d9525ad1ee1475527 910acf3b84b64f358e48f506530f7cb1 - default default] Checking agent: {'binary': u'neutron-openvswitch-agent', 'description': None, 'admin_state_up': True, 'heartbeat_timestamp': datetime.datetime(2018, 6, 28, 5, 1, 5), 'availability_zone': None, 'alive': True, 'topic': u'N/A', 'host': u'localhost.localdomain', 'agent_type': u'Open vSwitch agent', 'resource_versions': {u'Subnet': u'1.0', u'Network': u'1.0', u'SubPort': u'1.0', u'SecurityGroup': u'1.0', u'SecurityGroupRule': u'1.0', u'Trunk': u'1.1', u'QosPolicy': u'1.6', u'Port': u'1.1', u'Log': u'1.0'}, 'created_at': datetime.datetime(2018, 6, 7, 12, 43, 50), 'started_at': datetime.datetime(2018, 6, 28, 4, 47, 32), 'id': u'd59c8306-6970-464c-b53a-cca524d1f5df', 'configurations': {u'ovs_hybrid_plug': True, u'in_distributed_mode': False, u'datapath_type': u'system', u'vhostuser_socket_dir': u'/var/run/openvswitch', u'tunneling_ip': u'10.0.20.25', u'arp_responder_enabled': False, u'devices': 3, u'ovs_capabilities': {u'datapath_types': [u'netdev', u'system'], u'iface_types': [u'geneve', u'gre', u'internal', u'lisp', u'patch', u'stt', u'system', u'tap', u'vxlan']}, u'log_agent_heartbeats': False, u'l2_population': False, u'tunnel_types': [u'vxlan'], u'extensions': [], u'enable_distributed_routing': False, u'bridge_mappings': {u'extnet': u'br-ex'}}} bind_port /usr/lib/python2.7/site-packages/neutron/plugins/ml2/drivers/mech_agent.py:104
2018-06-28 07:01:20.443 22366 DEBUG neutron.plugins.ml2.drivers.mech_agent [req-7248b424-f7e5-42ce-9658-cb25dc4f74e1 db7e024eefa34f0d9525ad1ee1475527 910acf3b84b64f358e48f506530f7cb1 - default default] Checking segment: {'network_id': '766dba75-fbfa-4ce8-b3b9-002f39a0e743', 'segmentation_id': 72, 'physical_network': None, 'id': 'eb7510b1-ba1e-4c26-8d42-cafcf4287b5b', 'network_type': u'vxlan'} for mappings: {u'extnet': u'br-ex'} with network types: [u'vxlan', 'local', 'flat', 'vlan'] check_segment_for_agent /usr/lib/python2.7/site-packages/neutron/plugins/ml2/drivers/mech_agent.py:237
2018-06-28 07:01:20.444 22366 DEBUG neutron_lib.callbacks.manager [req-7248b424-f7e5-42ce-9658-cb25dc4f74e1 db7e024eefa34f0d9525ad1ee1475527 910acf3b84b64f358e48f506530f7cb1 - default default] Notify callbacks [] for ovs_bridge_name, before_read _notify_loop /usr/lib/python2.7/site-packages/neutron_lib/callbacks/manager.py:167
2018-06-28 07:01:20.445 22366 DEBUG neutron.plugins.ml2.drivers.mech_agent [req-7248b424-f7e5-42ce-9658-cb25dc4f74e1 db7e024eefa34f0d9525ad1ee1475527 910acf3b84b64f358e48f506530f7cb1 - default default] Bound using segment: {'network_id': '766dba75-fbfa-4ce8-b3b9-002f39a0e743', 'segmentation_id': 72, 'physical_network': None, 'id': 'eb7510b1-ba1e-4c26-8d42-cafcf4287b5b', 'network_type': u'vxlan'} bind_port /usr/lib/python2.7/site-packages/neutron/plugins/ml2/drivers/mech_agent.py:109
2018-06-28 07:01:20.447 22366 DEBUG neutron.plugins.ml2.managers [req-7248b424-f7e5-42ce-9658-cb25dc4f74e1 db7e024eefa34f0d9525ad1ee1475527 910acf3b84b64f358e48f506530f7cb1 - default default] Bound port: 0b9599ce-08a3-4274-ae93-a39dc5d8b3f3, host: localhost.localdomain, vif_type: ovs, vif_details: {"port_filter": true, "datapath_type": "system", "ovs_hybrid_plug": true}, binding_levels: [{'bound_driver': 'openvswitch', 'bound_segment': {'network_id': '766dba75-fbfa-4ce8-b3b9-002f39a0e743', 'segmentation_id': 72, 'physical_network': None, 'id': 'eb7510b1-ba1e-4c26-8d42-cafcf4287b5b', 'network_type': u'vxlan'}}] _bind_port_level /usr/lib/python2.7/site-packages/neutron/plugins/ml2/managers.py:813
2018-06-28 07:01:20.449 22366 DEBUG neutron_lib.callbacks.manager [req-7248b424-f7e5-42ce-9658-cb25dc4f74e1 db7e024eefa34f0d9525ad1ee1475527 910acf3b84b64f358e48f506530f7cb1 - default default] Notify callbacks ['neutron.plugins.ml2.plugin.Ml2Plugin._ensure_default_security_group_handler--9223372036854334112'] for port, before_update _notify_loop /usr/lib/python2.7/site-packages/neutron_lib/callbacks/manager.py:167
2018-06-28 07:01:20.687 22366 DEBUG neutron.plugins.ml2.db [req-7248b424-f7e5-42ce-9658-cb25dc4f74e1 db7e024eefa34f0d9525ad1ee1475527 910acf3b84b64f358e48f506530f7cb1 - default default] For port 0b9599ce-08a3-4274-ae93-a39dc5d8b3f3, host localhost.localdomain, cleared binding levels clear_binding_levels /usr/lib/python2.7/site-packages/neutron/plugins/ml2/db.py:119
2018-06-28 07:01:20.695 22366 DEBUG neutron.plugins.ml2.db [req-7248b424-f7e5-42ce-9658-cb25dc4f74e1 db7e024eefa34f0d9525ad1ee1475527 910acf3b84b64f358e48f506530f7cb1 - default default] For port 0b9599ce-08a3-4274-ae93-a39dc5d8b3f3, host localhost.localdomain, set binding levels [<neutron.plugins.ml2.driver_context.InstanceSnapshot object at 0x7fa01fea9590>] set_binding_levels /usr/lib/python2.7/site-packages/neutron/plugins/ml2/db.py:90
2018-06-28 07:01:20.716 22366 DEBUG neutron_lib.callbacks.manager [req-7248b424-f7e5-42ce-9658-cb25dc4f74e1 db7e024eefa34f0d9525ad1ee1475527 910acf3b84b64f358e48f506530f7cb1 - default default] Notify callbacks ['neutron.api.rpc.agentnotifiers.dhcp_rpc_agent_api.DhcpAgentNotifyAPI._native_event_send_dhcp_notification-1422879', 'neutron.plugins.ml2.ovo_rpc._ObjectChangeHandler.handle_event-1561382', 'neutron.plugins.ml2.plugin.Ml2Plugin.notify_sg_on_port_change-441821', 'neutron.db.l3_dvrscheduler_db._notify_l3_agent_port_update-8770357263545', 'neutron.db.l3_hascheduler_db._notify_l3_agent_ha_port_update--9223363266497511924'] for port, after_update _notify_loop /usr/lib/python2.7/site-packages/neutron_lib/callbacks/manager.py:167
2018-06-28 07:01:21.024 22366 DEBUG oslo_concurrency.lockutils [-] Lock "event-dispatch" acquired by "neutron.plugins.ml2.ovo_rpc.dispatch_events" :: waited 0.000s inner /usr/lib/python2.7/site-packages/oslo_concurrency/lockutils.py:270
2018-06-28 07:01:21.183 22366 DEBUG neutron_lib.callbacks.manager [req-7248b424-f7e5-42ce-9658-cb25dc4f74e1 db7e024eefa34f0d9525ad1ee1475527 910acf3b84b64f358e48f506530f7cb1 - default default] Notify callbacks ['neutron.notifiers.nova.Notifier._send_nova_notification--9223372036854713896', 'neutron.api.rpc.agentnotifiers.dhcp_rpc_agent_api.DhcpAgentNotifyAPI._send_dhcp_notification-1422860'] for port, before_response _notify_loop /usr/lib/python2.7/site-packages/neutron_lib/callbacks/manager.py:167
2018-06-28 07:01:21.188 22366 DEBUG oslo_concurrency.lockutils [-] Lock "notifier-31834a06-e63b-4713-bac4-523664e092b4" acquired by "neutron.notifiers.batch_notifier.synced_send" :: waited 0.000s inner /usr/lib/python2.7/site-packages/oslo_concurrency/lockutils.py:270
2018-06-28 07:01:21.189 22366 DEBUG neutron.notifiers.nova [-] Sending events: [{'tag': u'0b9599ce-08a3-4274-ae93-a39dc5d8b3f3', 'name': 'network-changed', 'server_uuid': u'8e05b77b-b960-4a66-8fef-55468f17e37e'}] send_events /usr/lib/python2.7/site-packages/neutron/notifiers/nova.py:242
2018-06-28 07:01:21.226 22366 INFO neutron.wsgi [req-7248b424-f7e5-42ce-9658-cb25dc4f74e1 db7e024eefa34f0d9525ad1ee1475527 910acf3b84b64f358e48f506530f7cb1 - default default] 10.0.20.25 "PUT /v2.0/ports/0b9599ce-08a3-4274-ae93-a39dc5d8b3f3 HTTP/1.1" status: 200  len: 1119 time: 3.4995959
2018-06-28 07:01:21.266 22366 DEBUG neutron.api.rpc.handlers.resources_rpc [req-7248b424-f7e5-42ce-9658-cb25dc4f74e1 db7e024eefa34f0d9525ad1ee1475527 910acf3b84b64f358e48f506530f7cb1 - - -] neutron.api.rpc.handlers.resources_rpc.ResourcesPushRpcApi method push called with arguments (<neutron_lib.context.Context object at 0x7fa01f591390>, [Port(admin_state_up=True,allowed_address_pairs=[],binding=PortBinding,binding_levels=[PortBindingLevel],created_at=2018-06-28T05:01:14Z,data_plane_status=<?>,description='',device_id='8e05b77b-b960-4a66-8fef-55468f17e37e',device_owner='compute:nova',dhcp_options=[],distributed_binding=None,dns=None,fixed_ips=[IPAllocation],id=0b9599ce-08a3-4274-ae93-a39dc5d8b3f3,mac_address=fa:16:3e:7a:88:99,name='',network_id=766dba75-fbfa-4ce8-b3b9-002f39a0e743,project_id='d78cc7e3a91b458aba87693b13d57558',qos_policy_id=None,revision_number=5,security=PortSecurity(0b9599ce-08a3-4274-ae93-a39dc5d8b3f3),security_group_ids=set([57c5ddae-90f1-4778-a59e-dba4a760f256]),status='DOWN',updated_at=2018-06-28T05:01:20Z)], 'updated') {} wrapper /usr/lib/python2.7/site-packages/oslo_log/helpers.py:66
2018-06-28 07:01:21.298 22366 DEBUG oslo_concurrency.lockutils [req-7248b424-f7e5-42ce-9658-cb25dc4f74e1 db7e024eefa34f0d9525ad1ee1475527 910acf3b84b64f358e48f506530f7cb1 - - -] Lock "event-dispatch" released by "neutron.plugins.ml2.ovo_rpc.dispatch_events" :: held 0.273s inner /usr/lib/python2.7/site-packages/oslo_concurrency/lockutils.py:282
2018-06-28 07:01:21.598 22366 INFO neutron.wsgi [req-28c7ba36-55e9-47fb-9f61-357f1a90b268 db7e024eefa34f0d9525ad1ee1475527 910acf3b84b64f358e48f506530f7cb1 - default default] 10.0.20.25 "GET /v2.0/ports?tenant_id=d78cc7e3a91b458aba87693b13d57558&device_id=8e05b77b-b960-4a66-8fef-55468f17e37e HTTP/1.1" status: 200  len: 1122 time: 0.2365170
2018-06-28 07:01:21.718 22366 INFO neutron.wsgi [req-1a5138aa-b8b1-4a43-bb6e-92a30e8a4cec db7e024eefa34f0d9525ad1ee1475527 910acf3b84b64f358e48f506530f7cb1 - default default] 10.0.20.25 "GET /v2.0/floatingips?fixed_ip_address=11.160.1.6&port_id=0b9599ce-08a3-4274-ae93-a39dc5d8b3f3 HTTP/1.1" status: 200  len: 217 time: 0.0733790
2018-06-28 07:01:21.978 22366 DEBUG neutron.pecan_wsgi.hooks.policy_enforcement [req-698d68e1-af5d-47be-96e2-3328cc41039d db7e024eefa34f0d9525ad1ee1475527 910acf3b84b64f358e48f506530f7cb1 - default default] Attributes excluded by policy engine: [u'shared'] _exclude_attributes_by_policy /usr/lib/python2.7/site-packages/neutron/pecan_wsgi/hooks/policy_enforcement.py:256
2018-06-28 07:01:21.981 22366 INFO neutron.wsgi [req-698d68e1-af5d-47be-96e2-3328cc41039d db7e024eefa34f0d9525ad1ee1475527 910acf3b84b64f358e48f506530f7cb1 - default default] 10.0.20.25 "GET /v2.0/subnets?id=950c20ca-33b0-4c1c-9b70-793587901b3d HTTP/1.1" status: 200  len: 847 time: 0.2552640
2018-06-28 07:01:22.179 22366 INFO neutron.wsgi [req-8d807ca5-9719-4d0a-bd03-c95132c23f8d db7e024eefa34f0d9525ad1ee1475527 910acf3b84b64f358e48f506530f7cb1 - default default] 10.0.20.25 "GET /v2.0/ports?network_id=766dba75-fbfa-4ce8-b3b9-002f39a0e743&device_owner=network%3Adhcp HTTP/1.1" status: 200  len: 1128 time: 0.1832018
2018-06-28 07:01:22.341 22363 DEBUG neutron.wsgi [-] (22363) accepted ('10.0.20.25', 32980) server /usr/lib/python2.7/site-packages/eventlet/wsgi.py:883
2018-06-28 07:01:22.460 22366 DEBUG novaclient.v2.client [-] REQ: curl -g -i -X POST http://10.0.20.25:8774/v2.1/910acf3b84b64f358e48f506530f7cb1/os-server-external-events -H "User-Agent: python-novaclient" -H "Content-Type: application/json" -H "Accept: application/json" -H "X-OpenStack-Nova-API-Version: 2.1" -H "X-Auth-Token: {SHA1}5ea60d3a572737ce20e16535943978ad4369c210" -d '{"events": [{"tag": "0b9599ce-08a3-4274-ae93-a39dc5d8b3f3", "name": "network-changed", "server_uuid": "8e05b77b-b960-4a66-8fef-55468f17e37e"}]}' _http_log_request /usr/lib/python2.7/site-packages/keystoneauth1/session.py:375
2018-06-28 07:01:23.197 22366 DEBUG novaclient.v2.client [-] RESP: [200] Content-Length: 179 Content-Type: application/json Openstack-Api-Version: compute 2.1 X-Openstack-Nova-Api-Version: 2.1 Vary: OpenStack-API-Version, X-OpenStack-Nova-API-Version X-Openstack-Request-Id: req-8f75f9a9-58bc-48d1-8f01-391b0d4db4f5 X-Compute-Request-Id: req-8f75f9a9-58bc-48d1-8f01-391b0d4db4f5 Date: Thu, 28 Jun 2018 05:01:23 GMT Connection: keep-alive 
RESP BODY: {"events": [{"status": "completed", "tag": "0b9599ce-08a3-4274-ae93-a39dc5d8b3f3", "name": "network-changed", "server_uuid": "8e05b77b-b960-4a66-8fef-55468f17e37e", "code": 200}]}
 _http_log_response /usr/lib/python2.7/site-packages/keystoneauth1/session.py:423
2018-06-28 07:01:23.197 22366 DEBUG novaclient.v2.client [-] POST call to compute for http://10.0.20.25:8774/v2.1/910acf3b84b64f358e48f506530f7cb1/os-server-external-events used request id req-8f75f9a9-58bc-48d1-8f01-391b0d4db4f5 request /usr/lib/python2.7/site-packages/keystoneauth1/session.py:727
2018-06-28 07:01:23.206 22366 INFO neutron.notifiers.nova [-] Nova event response: {u'status': u'completed', u'tag': u'0b9599ce-08a3-4274-ae93-a39dc5d8b3f3', u'name': u'network-changed', u'server_uuid': u'8e05b77b-b960-4a66-8fef-55468f17e37e', u'code': 200}
2018-06-28 07:01:23.323 22363 INFO neutron.wsgi [req-57be5fad-cacc-4771-bf71-aad5890149fb 0508a2373b814911b1d6723f2f75b8cd 910acf3b84b64f358e48f506530f7cb1 - default default] 10.0.20.25 "GET /v2.0/ports?device_id=8e05b77b-b960-4a66-8fef-55468f17e37e HTTP/1.1" status: 200  len: 1122 time: 0.9800789
2018-06-28 07:01:23.366 22366 INFO neutron.wsgi [req-f78c9bf7-47e5-40ba-97ce-aa9a02a20030 db7e024eefa34f0d9525ad1ee1475527 910acf3b84b64f358e48f506530f7cb1 - default default] 10.0.20.25 "GET /v2.0/ports?tenant_id=d78cc7e3a91b458aba87693b13d57558&device_id=8e05b77b-b960-4a66-8fef-55468f17e37e HTTP/1.1" status: 200  len: 1122 time: 0.1117499
2018-06-28 07:01:23.446 22363 INFO neutron.wsgi [req-086ecb41-4b4e-4b38-a960-a7a2291af5bb 0508a2373b814911b1d6723f2f75b8cd 910acf3b84b64f358e48f506530f7cb1 - default default] 10.0.20.25 "GET /v2.0/security-groups?id=57c5ddae-90f1-4778-a59e-dba4a760f256 HTTP/1.1" status: 200  len: 2118 time: 0.1013830
2018-06-28 07:01:23.565 22366 DEBUG neutron.pecan_wsgi.hooks.policy_enforcement [req-d6f4b088-7678-4e38-a595-5947e3ccff12 db7e024eefa34f0d9525ad1ee1475527 910acf3b84b64f358e48f506530f7cb1 - default default] Attributes excluded by policy engine: [u'vlan_transparent'] _exclude_attributes_by_policy /usr/lib/python2.7/site-packages/neutron/pecan_wsgi/hooks/policy_enforcement.py:256
2018-06-28 07:01:23.566 22366 INFO neutron.wsgi [req-d6f4b088-7678-4e38-a595-5947e3ccff12 db7e024eefa34f0d9525ad1ee1475527 910acf3b84b64f358e48f506530f7cb1 - default default] 10.0.20.25 "GET /v2.0/networks?id=766dba75-fbfa-4ce8-b3b9-002f39a0e743 HTTP/1.1" status: 200  len: 885 time: 0.1920671
2018-06-28 07:01:23.605 22366 INFO neutron.wsgi [req-7703bfad-598a-4890-bf5b-9ca8036ddbab db7e024eefa34f0d9525ad1ee1475527 910acf3b84b64f358e48f506530f7cb1 - default default] 10.0.20.25 "GET /v2.0/floatingips?fixed_ip_address=11.160.1.6&port_id=0b9599ce-08a3-4274-ae93-a39dc5d8b3f3 HTTP/1.1" status: 200  len: 217 time: 0.0329132
2018-06-28 07:01:23.715 22366 DEBUG neutron.pecan_wsgi.hooks.policy_enforcement [req-514a8a91-41d3-419a-9c0e-08bb359b50db db7e024eefa34f0d9525ad1ee1475527 910acf3b84b64f358e48f506530f7cb1 - default default] Attributes excluded by policy engine: [u'shared'] _exclude_attributes_by_policy /usr/lib/python2.7/site-packages/neutron/pecan_wsgi/hooks/policy_enforcement.py:256
2018-06-28 07:01:23.717 22366 INFO neutron.wsgi [req-514a8a91-41d3-419a-9c0e-08bb359b50db db7e024eefa34f0d9525ad1ee1475527 910acf3b84b64f358e48f506530f7cb1 - default default] 10.0.20.25 "GET /v2.0/subnets?id=950c20ca-33b0-4c1c-9b70-793587901b3d HTTP/1.1" status: 200  len: 847 time: 0.1056342
2018-06-28 07:01:24.008 22366 INFO neutron.wsgi [req-3e2b7110-0fec-4b41-acf4-e3cdfce9df1c db7e024eefa34f0d9525ad1ee1475527 910acf3b84b64f358e48f506530f7cb1 - default default] 10.0.20.25 "GET /v2.0/ports?network_id=766dba75-fbfa-4ce8-b3b9-002f39a0e743&device_owner=network%3Adhcp HTTP/1.1" status: 200  len: 1128 time: 0.2849529
2018-06-28 07:01:25.208 22366 DEBUG oslo_concurrency.lockutils [-] Lock "notifier-31834a06-e63b-4713-bac4-523664e092b4" released by "neutron.notifiers.batch_notifier.synced_send" :: held 4.019s inner /usr/lib/python2.7/site-packages/oslo_concurrency/lockutils.py:282
2018-06-28 07:01:26.214 22367 DEBUG neutron.plugins.ml2.rpc [req-f79042ad-18e1-4e4f-b860-1a171b7bb5ca - - - - -] Device 0b9599ce-08a3-4274-ae93-a39dc5d8b3f3 up at agent ovs-agent-localhost.localdomain update_device_up /usr/lib/python2.7/site-packages/neutron/plugins/ml2/rpc.py:244
2018-06-28 07:01:26.324 22367 DEBUG neutron.db.provisioning_blocks [req-f79042ad-18e1-4e4f-b860-1a171b7bb5ca - - - - -] Provisioning for port 0b9599ce-08a3-4274-ae93-a39dc5d8b3f3 completed by entity L2. provisioning_complete /usr/lib/python2.7/site-packages/neutron/db/provisioning_blocks.py:132
2018-06-28 07:01:26.331 22367 DEBUG neutron.db.provisioning_blocks [req-f79042ad-18e1-4e4f-b860-1a171b7bb5ca - - - - -] Provisioning complete for port 0b9599ce-08a3-4274-ae93-a39dc5d8b3f3 triggered by entity L2. provisioning_complete /usr/lib/python2.7/site-packages/neutron/db/provisioning_blocks.py:138
2018-06-28 07:01:26.332 22367 DEBUG neutron_lib.callbacks.manager [req-f79042ad-18e1-4e4f-b860-1a171b7bb5ca - - - - -] Notify callbacks ['neutron.plugins.ml2.plugin.Ml2Plugin._port_provisioned-1724332'] for port, provisioning_complete _notify_loop /usr/lib/python2.7/site-packages/neutron_lib/callbacks/manager.py:167
2018-06-28 07:01:26.510 22367 DEBUG neutron_lib.callbacks.manager [req-f79042ad-18e1-4e4f-b860-1a171b7bb5ca - - - - -] Notify callbacks ['neutron.plugins.ml2.plugin.Ml2Plugin._ensure_default_security_group_handler--9223372036854334112'] for port, before_update _notify_loop /usr/lib/python2.7/site-packages/neutron_lib/callbacks/manager.py:167
2018-06-28 07:01:26.592 22367 DEBUG oslo_concurrency.lockutils [-] Lock "notifier-31834a06-e63b-4713-bac4-523664e092b4" acquired by "neutron.notifiers.batch_notifier.synced_send" :: waited 0.000s inner /usr/lib/python2.7/site-packages/oslo_concurrency/lockutils.py:270
2018-06-28 07:01:26.594 22367 DEBUG neutron.notifiers.nova [-] Sending events: [{'status': 'completed', 'tag': u'0b9599ce-08a3-4274-ae93-a39dc5d8b3f3', 'name': 'network-vif-plugged', 'server_uuid': u'8e05b77b-b960-4a66-8fef-55468f17e37e'}] send_events /usr/lib/python2.7/site-packages/neutron/notifiers/nova.py:242
2018-06-28 07:01:26.603 22367 DEBUG neutron.plugins.ml2.db [req-f79042ad-18e1-4e4f-b860-1a171b7bb5ca - - - - -] For port 0b9599ce-08a3-4274-ae93-a39dc5d8b3f3, host localhost.localdomain, got binding levels [<neutron.plugins.ml2.models.PortBindingLevel[object at 7fa01f939510] {port_id=u'0b9599ce-08a3-4274-ae93-a39dc5d8b3f3', host=u'localhost.localdomain', level=0, driver=u'openvswitch', segment_id=u'eb7510b1-ba1e-4c26-8d42-cafcf4287b5b'}>] get_binding_levels /usr/lib/python2.7/site-packages/neutron/plugins/ml2/db.py:106
2018-06-28 07:01:26.617 22367 DEBUG neutron_lib.callbacks.manager [req-f79042ad-18e1-4e4f-b860-1a171b7bb5ca - - - - -] Notify callbacks ['neutron.api.rpc.agentnotifiers.dhcp_rpc_agent_api.DhcpAgentNotifyAPI._native_event_send_dhcp_notification-1422879', 'neutron.plugins.ml2.ovo_rpc._ObjectChangeHandler.handle_event-1561382', 'neutron.plugins.ml2.plugin.Ml2Plugin.notify_sg_on_port_change-441821', 'neutron.db.l3_dvrscheduler_db._notify_l3_agent_port_update-8770357263545', 'neutron.db.l3_hascheduler_db._notify_l3_agent_ha_port_update--9223363266497511924'] for port, after_update _notify_loop /usr/lib/python2.7/site-packages/neutron_lib/callbacks/manager.py:167
2018-06-28 07:01:26.626 22367 DEBUG oslo_concurrency.lockutils [-] Lock "event-dispatch" acquired by "neutron.plugins.ml2.ovo_rpc.dispatch_events" :: waited 0.000s inner /usr/lib/python2.7/site-packages/oslo_concurrency/lockutils.py:270
2018-06-28 07:01:26.789 22364 DEBUG neutron.wsgi [-] (22364) accepted ('10.0.20.25', 33044) server /usr/lib/python2.7/site-packages/eventlet/wsgi.py:883
2018-06-28 07:01:26.825 22367 DEBUG neutron.api.rpc.handlers.resources_rpc [req-f79042ad-18e1-4e4f-b860-1a171b7bb5ca - - - - -] neutron.api.rpc.handlers.resources_rpc.ResourcesPushRpcApi method push called with arguments (<neutron_lib.context.Context object at 0x7fa01f8ecfd0>, [Port(admin_state_up=True,allowed_address_pairs=[],binding=PortBinding,binding_levels=[PortBindingLevel],created_at=2018-06-28T05:01:14Z,data_plane_status=<?>,description='',device_id='8e05b77b-b960-4a66-8fef-55468f17e37e',device_owner='compute:nova',dhcp_options=[],distributed_binding=None,dns=None,fixed_ips=[IPAllocation],id=0b9599ce-08a3-4274-ae93-a39dc5d8b3f3,mac_address=fa:16:3e:7a:88:99,name='',network_id=766dba75-fbfa-4ce8-b3b9-002f39a0e743,project_id='d78cc7e3a91b458aba87693b13d57558',qos_policy_id=None,revision_number=6,security=PortSecurity(0b9599ce-08a3-4274-ae93-a39dc5d8b3f3),security_group_ids=set([57c5ddae-90f1-4778-a59e-dba4a760f256]),status='ACTIVE',updated_at=2018-06-28T05:01:26Z)], 'updated') {} wrapper /usr/lib/python2.7/site-packages/oslo_log/helpers.py:66
