2018-09-29 10:40:34.866 13249 INFO neutron.wsgi [req-0c8c8898-0fb6-45f6-a9de-5ef37f0510f2 52db2c2bb2754474a9e626ac3befb2ef 2826c499828f44719ccb8a386423ec45 - default default] 10.0.20.36 "GET /v2.0/ports?device_id=0fd6c0bb-5b33-4706-bd71-d372d47b48b0 HTTP/1.1" status: 200  len: 1124 time: 0.5658178
2018-09-29 10:40:34.972 13249 INFO neutron.wsgi [req-763e80f1-c410-4c92-ad5d-de01ca6c9d21 52db2c2bb2754474a9e626ac3befb2ef 2826c499828f44719ccb8a386423ec45 - default default] 10.0.20.36 "GET /v2.0/security-groups?id=2cd0f261-8adc-41cd-ab58-1b728be49e5e HTTP/1.1" status: 200  len: 2118 time: 0.0993409
2018-09-29 10:40:35.718 13247 INFO neutron.wsgi [req-866f5bb3-3ea5-4158-8da7-9b2612a321f0 52db2c2bb2754474a9e626ac3befb2ef 2826c499828f44719ccb8a386423ec45 - default default] 10.0.20.36 "GET /v2.0/ports?device_id=0fd6c0bb-5b33-4706-bd71-d372d47b48b0 HTTP/1.1" status: 200  len: 1124 time: 0.4337900
2018-09-29 10:40:35.805 13247 INFO neutron.wsgi [req-ca2cb260-cddb-4214-af4e-066ee8cafa02 52db2c2bb2754474a9e626ac3befb2ef 2826c499828f44719ccb8a386423ec45 - default default] 10.0.20.36 "GET /v2.0/security-groups?id=2cd0f261-8adc-41cd-ab58-1b728be49e5e HTTP/1.1" status: 200  len: 2118 time: 0.0822642
2018-09-29 10:40:36.578 13247 INFO neutron.wsgi [req-1317f9a0-0983-477f-a15f-b4572e84f79e 52db2c2bb2754474a9e626ac3befb2ef 2826c499828f44719ccb8a386423ec45 - default default] 10.0.20.36 "GET /v2.0/ports?device_id=0fd6c0bb-5b33-4706-bd71-d372d47b48b0 HTTP/1.1" status: 200  len: 1124 time: 0.4344370
2018-09-29 10:40:36.689 13247 INFO neutron.wsgi [req-c5003047-ee60-4a62-905b-5750f97b1ac9 52db2c2bb2754474a9e626ac3befb2ef 2826c499828f44719ccb8a386423ec45 - default default] 10.0.20.36 "GET /v2.0/security-groups?id=2cd0f261-8adc-41cd-ab58-1b728be49e5e HTTP/1.1" status: 200  len: 2118 time: 0.1055632
2018-09-29 10:40:38.149 13252 DEBUG neutron.wsgi [-] (13252) accepted ('10.0.20.36', 53328) server /usr/lib/python2.7/site-packages/eventlet/wsgi.py:883
2018-09-29 10:40:38.200 13247 INFO neutron.wsgi [req-5aef28f4-f798-4b61-b162-8431eb69f1dd f3c066f308ec4c0ab58653e7d22754c1 718da2fc113b49f08d27c53f86dd6675 - 9a4668975ac04d3ea253b3276f97f176 9a4668975ac04d3ea253b3276f97f176] 10.0.20.36 "GET /v2.0/ports?device_id=0fd6c0bb-5b33-4706-bd71-d372d47b48b0 HTTP/1.1" status: 200  len: 1124 time: 0.7298350
2018-09-29 10:40:38.291 13247 INFO neutron.wsgi [req-3d9cc555-c0df-4e5b-a10c-1161c6c0580c f3c066f308ec4c0ab58653e7d22754c1 718da2fc113b49f08d27c53f86dd6675 - 9a4668975ac04d3ea253b3276f97f176 9a4668975ac04d3ea253b3276f97f176] 10.0.20.36 "GET /v2.0/security-groups?id=2cd0f261-8adc-41cd-ab58-1b728be49e5e HTTP/1.1" status: 200  len: 2118 time: 0.0837190
2018-09-29 10:40:38.499 13247 INFO neutron.wsgi [req-84e9f3f9-8631-4ee3-9043-d1fc551f5735 f3c066f308ec4c0ab58653e7d22754c1 718da2fc113b49f08d27c53f86dd6675 - 9a4668975ac04d3ea253b3276f97f176 9a4668975ac04d3ea253b3276f97f176] 10.0.20.36 "GET /v2.0/ports?device_owner=compute%3Anova&device_id=0fd6c0bb-5b33-4706-bd71-d372d47b48b0 HTTP/1.1" status: 200  len: 1124 time: 0.0850110
2018-09-29 10:40:38.532 13247 INFO neutron.wsgi [req-6d5d3ce8-e96b-4924-ae0e-d2ed80b31c29 f3c066f308ec4c0ab58653e7d22754c1 718da2fc113b49f08d27c53f86dd6675 - 9a4668975ac04d3ea253b3276f97f176 9a4668975ac04d3ea253b3276f97f176] 10.0.20.36 "GET /v2.0/floatingips?floating_ip_address=172.24.4.14 HTTP/1.1" status: 200  len: 673 time: 0.0285461
2018-09-29 10:40:38.547 13247 DEBUG neutron.api.v2.base [req-1fe514a4-1d08-4d7b-bedc-3ad6e165b722 f3c066f308ec4c0ab58653e7d22754c1 718da2fc113b49f08d27c53f86dd6675 - 9a4668975ac04d3ea253b3276f97f176 9a4668975ac04d3ea253b3276f97f176] Request body: {u'floatingip': {u'fixed_ip_address': u'11.52.1.10', u'port_id': u'bc4dc549-b5df-4945-8118-f39df36a2b93'}} prepare_request_body /usr/lib/python2.7/site-packages/neutron/api/v2/base.py:695
2018-09-29 10:40:38.558 13252 INFO neutron.wsgi [req-09ee3e33-43da-4cef-9c1e-e1b9aaef8562 52db2c2bb2754474a9e626ac3befb2ef 2826c499828f44719ccb8a386423ec45 - default default] 10.0.20.36 "GET /v2.0/ports?device_id=0fd6c0bb-5b33-4706-bd71-d372d47b48b0 HTTP/1.1" status: 200  len: 1124 time: 0.4071131
2018-09-29 10:40:38.641 13252 INFO neutron.wsgi [req-ae2d68c4-838e-4edd-92c1-45237c81aefd 52db2c2bb2754474a9e626ac3befb2ef 2826c499828f44719ccb8a386423ec45 - default default] 10.0.20.36 "GET /v2.0/security-groups?id=2cd0f261-8adc-41cd-ab58-1b728be49e5e HTTP/1.1" status: 200  len: 2118 time: 0.0773420
2018-09-29 10:40:38.800 13247 DEBUG neutron_lib.callbacks.manager [req-1fe514a4-1d08-4d7b-bedc-3ad6e165b722 f3c066f308ec4c0ab58653e7d22754c1 718da2fc113b49f08d27c53f86dd6675 - 9a4668975ac04d3ea253b3276f97f176 9a4668975ac04d3ea253b3276f97f176] Notify callbacks ['neutron.services.l3_router.l3_router_plugin.L3RouterPlugin._create_dvr_floating_gw_port--9223372036854231728'] for floatingip, after_update _notify_loop /usr/lib/python2.7/site-packages/neutron_lib/callbacks/manager.py:167
2018-09-29 10:40:39.207 13247 DEBUG neutron.scheduler.l3_agent_scheduler [req-1fe514a4-1d08-4d7b-bedc-3ad6e165b722 f3c066f308ec4c0ab58653e7d22754c1 718da2fc113b49f08d27c53f86dd6675 - 9a4668975ac04d3ea253b3276f97f176 9a4668975ac04d3ea253b3276f97f176] Router 2dcaec0d-41ce-4b6b-a187-de14a0720a9b has already been hosted by L3 agent c95931d1-846c-45d1-8e0c-72fb3c900644 _get_candidates /usr/lib/python2.7/site-packages/neutron/scheduler/l3_agent_scheduler.py:141
2018-09-29 10:40:39.340 13247 DEBUG neutron.api.rpc.agentnotifiers.l3_rpc_agent_api [req-1fe514a4-1d08-4d7b-bedc-3ad6e165b722 f3c066f308ec4c0ab58653e7d22754c1 718da2fc113b49f08d27c53f86dd6675 - 9a4668975ac04d3ea253b3276f97f176 9a4668975ac04d3ea253b3276f97f176] Notify agent at l3_agent.localhost.localdomain the message routers_updated _agent_notification /usr/lib/python2.7/site-packages/neutron/api/rpc/agentnotifiers/l3_rpc_agent_api.py:69
2018-09-29 10:40:39.365 13247 DEBUG neutron_lib.callbacks.manager [req-1fe514a4-1d08-4d7b-bedc-3ad6e165b722 f3c066f308ec4c0ab58653e7d22754c1 718da2fc113b49f08d27c53f86dd6675 - 9a4668975ac04d3ea253b3276f97f176 9a4668975ac04d3ea253b3276f97f176] Notify callbacks ['neutron.notifiers.nova.Notifier._send_nova_notification--9223372036854774777'] for floatingip, before_response _notify_loop /usr/lib/python2.7/site-packages/neutron_lib/callbacks/manager.py:167
2018-09-29 10:40:39.385 13259 DEBUG neutron.db.l3_hamode_db [req-37bbdc5a-3a84-470d-bfff-3cd9f679ff63 - - - - -] neutron.services.l3_router.l3_router_plugin.L3RouterPlugin method get_ha_sync_data_for_host called with arguments (<neutron_lib.context.Context object at 0x7fc9e63c7490>, u'localhost.localdomain', <neutron.db.models.agent.Agent[object at 7fc9e6453250] {id=u'c95931d1-846c-45d1-8e0c-72fb3c900644', agent_type=u'L3 agent', binary=u'neutron-l3-agent', topic=u'l3_agent', host=u'localhost.localdomain', availability_zone=u'nova', admin_state_up=True, created_at=datetime.datetime(2018, 9, 12, 22, 21, 46), started_at=datetime.datetime(2018, 9, 29, 14, 21, 27), heartbeat_timestamp=datetime.datetime(2018, 9, 29, 14, 40, 27), description=None, configurations=u'{"agent_mode": "legacy", "gateway_external_network_id": "", "handle_internal_only_routers": true, "routers": 2, "interfaces": 2, "floating_ips": 0, "interface_driver": "neutron.agent.linux.interface.OVSInterfaceDriver", "log_agent_heartbeats": false, "external_network_bridge": "", "ex_gw_ports": 2}', resource_versions=None, load=0}>) {'active': True, 'router_ids': ['2dcaec0d-41ce-4b6b-a187-de14a0720a9b']} wrapper /usr/lib/python2.7/site-packages/oslo_log/helpers.py:66
2018-09-29 10:40:39.439 13252 INFO neutron.wsgi [req-f631275d-9ab4-471a-9686-887c03fc86c8 52db2c2bb2754474a9e626ac3befb2ef 2826c499828f44719ccb8a386423ec45 - default default] 10.0.20.36 "GET /v2.0/ports?device_id=0fd6c0bb-5b33-4706-bd71-d372d47b48b0 HTTP/1.1" status: 200  len: 1124 time: 0.4518971
2018-09-29 10:40:39.459 13247 INFO neutron.wsgi [req-1fe514a4-1d08-4d7b-bedc-3ad6e165b722 f3c066f308ec4c0ab58653e7d22754c1 718da2fc113b49f08d27c53f86dd6675 - 9a4668975ac04d3ea253b3276f97f176 9a4668975ac04d3ea253b3276f97f176] 10.0.20.36 "PUT /v2.0/floatingips/ec671105-63ff-4068-8ca8-be0089b3e834 HTTP/1.1" status: 200  len: 746 time: 0.9221559
2018-09-29 10:40:39.461 13247 DEBUG oslo_concurrency.lockutils [-] Lock "notifier-da43e2ee-5e0a-4c21-b09d-cda09eeada30" acquired by "neutron.notifiers.batch_notifier.synced_send" :: waited 0.000s inner /usr/lib/python2.7/site-packages/oslo_concurrency/lockutils.py:270
2018-09-29 10:40:39.461 13247 DEBUG neutron.notifiers.nova [-] Sending events: [{'tag': u'bc4dc549-b5df-4945-8118-f39df36a2b93', 'name': 'network-changed', 'server_uuid': u'0fd6c0bb-5b33-4706-bd71-d372d47b48b0'}] send_events /usr/lib/python2.7/site-packages/neutron/notifiers/nova.py:242
2018-09-29 10:40:39.572 13252 INFO neutron.wsgi [req-8a36015e-490a-421c-bd62-1923353b6d4c 52db2c2bb2754474a9e626ac3befb2ef 2826c499828f44719ccb8a386423ec45 - default default] 10.0.20.36 "GET /v2.0/security-groups?id=2cd0f261-8adc-41cd-ab58-1b728be49e5e HTTP/1.1" status: 200  len: 2118 time: 0.1260731
2018-09-29 10:40:40.307 13247 DEBUG novaclient.v2.client [-] REQ: curl -g -i -X POST http://10.0.20.36:8774/v2.1/2826c499828f44719ccb8a386423ec45/os-server-external-events -H "User-Agent: python-novaclient" -H "Content-Type: application/json" -H "Accept: application/json" -H "X-OpenStack-Nova-API-Version: 2.1" -H "X-Auth-Token: {SHA1}610e3e277b75901e9827678945f258e2f236015c" -d '{"events": [{"tag": "bc4dc549-b5df-4945-8118-f39df36a2b93", "name": "network-changed", "server_uuid": "0fd6c0bb-5b33-4706-bd71-d372d47b48b0"}]}' _http_log_request /usr/lib/python2.7/site-packages/keystoneauth1/session.py:375
2018-09-29 10:40:40.321 13259 DEBUG neutron.db.l3_hamode_db [req-37bbdc5a-3a84-470d-bfff-3cd9f679ff63 - - - - -] neutron.services.l3_router.l3_router_plugin.L3RouterPlugin method _process_sync_ha_data called with arguments (<neutron_lib.context.Context object at 0x7fc9e63c7490>, [{'status': u'ACTIVE', '_interfaces': [{'status': u'ACTIVE', 'subnets': [{'dns_nameservers': [u'8.8.4.4'], 'ipv6_ra_mode': None, 'gateway_ip': u'11.52.1.1', 'cidr': u'11.52.1.0/24', 'id': u'02467707-939b-4f4c-8899-361c1077ee6e', 'subnetpool_id': None}], 'binding:host_id': u'localhost.localdomain', 'description': u'', 'allowed_address_pairs': [], 'tags': [], 'extra_dhcp_opts': [], 'updated_at': '2018-09-29T14:39:38Z', 'device_owner': u'network:router_interface', 'revision_number': 7, 'port_security_enabled': False, 'binding:profile': {}, 'mtu': 1450, 'fixed_ips': [{'subnet_id': u'02467707-939b-4f4c-8899-361c1077ee6e', 'prefixlen': 24, 'ip_address': u'11.52.1.1'}], 'id': u'1786c2ab-d6c5-48d6-a92b-ee47111207ac', 'security_groups': [], 'device_id': u'2dcaec0d-41ce-4b6b-a187-de14a0720a9b', 'name': u'', 'admin_state_up': True, 'network_id': u'dfe1b9ba-a6a4-4ed4-8f18-e7b1cedf86ec', 'tenant_id': u'718da2fc113b49f08d27c53f86dd6675', 'binding:vif_details': {u'port_filter': True, u'datapath_type': u'system', u'ovs_hybrid_plug': True}, 'address_scopes': {4: None, 6: None}, 'binding:vnic_type': u'normal', 'binding:vif_type': u'ovs', 'mac_address': u'fa:16:3e:30:81:0e', 'project_id': u'718da2fc113b49f08d27c53f86dd6675', 'extra_subnets': [], 'created_at': '2018-09-29T14:39:31Z'}], 'enable_snat': True, 'ha_vr_id': 0, 'description': u'', 'tags': [], 'gw_port': {'status': u'ACTIVE', 'subnets': [{'dns_nameservers': [], 'ipv6_ra_mode': None, 'gateway_ip': u'172.24.4.1', 'cidr': u'172.24.4.0/24', 'id': u'ee2b427c-1494-4c9a-94e6-33722268815a', 'subnetpool_id': None}], 'binding:host_id': u'localhost.localdomain', 'description': u'', 'allowed_address_pairs': [], 'tags': [], 'extra_dhcp_opts': [], 'updated_at': '2018-09-29T14:39:48Z', 'device_owner': u'network:router_gateway', 'revision_number': 6, 'port_security_enabled': False, 'binding:profile': {}, 'mtu': 1500, 'fixed_ips': [{'subnet_id': u'ee2b427c-1494-4c9a-94e6-33722268815a', 'prefixlen': 24, 'ip_address': u'172.24.4.4'}], 'id': u'78fe01d3-e2e1-4784-b2e2-8f534e53709e', 'security_groups': [], 'device_id': u'2dcaec0d-41ce-4b6b-a187-de14a0720a9b', 'name': u'', 'admin_state_up': True, 'network_id': u'c140d30c-ba37-4570-9e0b-48390f7eeee1', 'tenant_id': u'', 'binding:vif_details': {u'port_filter': True, u'datapath_type': u'system', u'ovs_hybrid_plug': True}, 'address_scopes': {4: None, 6: None}, 'binding:vnic_type': u'normal', 'binding:vif_type': u'ovs', 'mac_address': u'fa:16:3e:2b:2b:b4', 'project_id': u'', 'extra_subnets': [], 'created_at': '2018-09-29T14:39:43Z'}, 'updated_at': '2018-09-29T14:39:43Z', 'revision_number': 4, 'ha': False, 'id': u'2dcaec0d-41ce-4b6b-a187-de14a0720a9b', 'gw_port_host': u'localhost.localdomain', 'external_gateway_info': {'network_id': u'c140d30c-ba37-4570-9e0b-48390f7eeee1', 'enable_snat': True, 'external_fixed_ips': [{'subnet_id': u'ee2b427c-1494-4c9a-94e6-33722268815a', 'ip_address': u'172.24.4.4'}]}, 'availability_zone_hints': [], 'availability_zones': [u'nova'], 'name': u'tempest-router-1538231822', 'gw_port_id': u'78fe01d3-e2e1-4784-b2e2-8f534e53709e', 'admin_state_up': True, 'tenant_id': u'718da2fc113b49f08d27c53f86dd6675', 'created_at': '2018-09-29T14:39:14Z', 'distributed': False, 'flavor_id': None, 'routes': [], 'project_id': u'718da2fc113b49f08d27c53f86dd6675', '_floatingips': [{'router_id': u'2dcaec0d-41ce-4b6b-a187-de14a0720a9b', 'status': u'DOWN', 'description': u'', 'tags': [], 'updated_at': '2018-09-29T14:40:38Z', 'dns_domain': '', 'floating_network_id': u'c140d30c-ba37-4570-9e0b-48390f7eeee1', 'fixed_ip_address': u'11.52.1.10', 'floating_ip_address': u'172.24.4.14', 'revision_number': 1, 'port_id': u'bc4dc549-b5df-4945-8118-f39df36a2b93', 'id': u'ec671105-63ff-4068-8ca8-be0089b3e834', 'dns_name': '', 'created_at': '2018-09-29T14:40:25Z', 'tenant_id': u'718da2fc113b49f08d27c53f86dd6675', 'fixed_ip_address_scope': None, 'project_id': u'718da2fc113b49f08d27c53f86dd6675'}]}], u'localhost.localdomain', False) {} wrapper /usr/lib/python2.7/site-packages/oslo_log/helpers.py:66
2018-09-29 10:40:40.329 13259 DEBUG neutron.api.rpc.handlers.l3_rpc [req-37bbdc5a-3a84-470d-bfff-3cd9f679ff63 - - - - -] Checking router: 2dcaec0d-41ce-4b6b-a187-de14a0720a9b for host: localhost.localdomain _ensure_host_set_on_ports /usr/lib/python2.7/site-packages/neutron/api/rpc/handlers/l3_rpc.py:135
2018-09-29 10:40:40.638 13258 DEBUG neutron.api.rpc.handlers.l3_rpc [req-508682c3-33af-4d79-b4e0-f9a1990c66af - - - - -] New status for floating IP ec671105-63ff-4068-8ca8-be0089b3e834: ACTIVE update_floatingip_statuses /usr/lib/python2.7/site-packages/neutron/api/rpc/handlers/l3_rpc.py:252
2018-09-29 10:40:40.868 13247 INFO neutron.wsgi [req-4299e047-f736-4848-a5d0-693c757e47f3 52db2c2bb2754474a9e626ac3befb2ef 2826c499828f44719ccb8a386423ec45 - default default] 10.0.20.36 "GET /v2.0/ports?tenant_id=718da2fc113b49f08d27c53f86dd6675&device_id=0fd6c0bb-5b33-4706-bd71-d372d47b48b0 HTTP/1.1" status: 200  len: 1124 time: 0.5524549
2018-09-29 10:40:40.908 13247 DEBUG novaclient.v2.client [-] RESP: [200] Content-Length: 179 Content-Type: application/json Openstack-Api-Version: compute 2.1 X-Openstack-Nova-Api-Version: 2.1 Vary: OpenStack-API-Version, X-OpenStack-Nova-API-Version X-Openstack-Request-Id: req-4a070c1e-9063-46c5-a173-5e87cea70b6f X-Compute-Request-Id: req-4a070c1e-9063-46c5-a173-5e87cea70b6f Date: Sat, 29 Sep 2018 14:40:40 GMT Connection: keep-alive 
RESP BODY: {"events": [{"status": "completed", "tag": "bc4dc549-b5df-4945-8118-f39df36a2b93", "name": "network-changed", "server_uuid": "0fd6c0bb-5b33-4706-bd71-d372d47b48b0", "code": 200}]}
 _http_log_response /usr/lib/python2.7/site-packages/keystoneauth1/session.py:423
2018-09-29 10:40:40.908 13247 DEBUG novaclient.v2.client [-] POST call to compute for http://10.0.20.36:8774/v2.1/2826c499828f44719ccb8a386423ec45/os-server-external-events used request id req-4a070c1e-9063-46c5-a173-5e87cea70b6f request /usr/lib/python2.7/site-packages/keystoneauth1/session.py:727
2018-09-29 10:40:40.925 13247 INFO neutron.notifiers.nova [-] Nova event response: {u'status': u'completed', u'tag': u'bc4dc549-b5df-4945-8118-f39df36a2b93', u'name': u'network-changed', u'server_uuid': u'0fd6c0bb-5b33-4706-bd71-d372d47b48b0', u'code': 200}
2018-09-29 10:40:41.048 13253 INFO neutron.wsgi [req-2eb5a282-8c40-43b7-86ae-70357aaea4f8 52db2c2bb2754474a9e626ac3befb2ef 2826c499828f44719ccb8a386423ec45 - default default] 10.0.20.36 "GET /v2.0/ports?tenant_id=718da2fc113b49f08d27c53f86dd6675&device_id=0fd6c0bb-5b33-4706-bd71-d372d47b48b0 HTTP/1.1" status: 200  len: 1124 time: 0.1178930
2018-09-29 10:40:41.105 13258 DEBUG neutron_lib.callbacks.manager [req-d4262e2f-bfb7-4f9d-b1cd-27f109421e91 - - - - -] Notify callbacks ['neutron.services.segments.db._update_segment_host_mapping_for_agent-8781571709354'] for agent, after_update _notify_loop /usr/lib/python2.7/site-packages/neutron_lib/callbacks/manager.py:167
2018-09-29 10:40:41.300 13253 DEBUG neutron.pecan_wsgi.hooks.policy_enforcement [req-b7c9b399-cd93-4871-a3b1-90f74bc50454 52db2c2bb2754474a9e626ac3befb2ef 2826c499828f44719ccb8a386423ec45 - default default] Attributes excluded by policy engine: [u'vlan_transparent'] _exclude_attributes_by_policy /usr/lib/python2.7/site-packages/neutron/pecan_wsgi/hooks/policy_enforcement.py:256
2018-09-29 10:40:41.303 13253 INFO neutron.wsgi [req-b7c9b399-cd93-4871-a3b1-90f74bc50454 52db2c2bb2754474a9e626ac3befb2ef 2826c499828f44719ccb8a386423ec45 - default default] 10.0.20.36 "GET /v2.0/networks?id=dfe1b9ba-a6a4-4ed4-8f18-e7b1cedf86ec HTTP/1.1" status: 200  len: 885 time: 0.2488060
2018-09-29 10:40:41.340 13253 INFO neutron.wsgi [req-9703877c-c7a0-4b70-8212-6d72b4d17d25 52db2c2bb2754474a9e626ac3befb2ef 2826c499828f44719ccb8a386423ec45 - default default] 10.0.20.36 "GET /v2.0/floatingips?fixed_ip_address=11.52.1.10&port_id=bc4dc549-b5df-4945-8118-f39df36a2b93 HTTP/1.1" status: 200  len: 751 time: 0.0299520
2018-09-29 10:40:41.460 13247 DEBUG neutron.pecan_wsgi.hooks.policy_enforcement [req-c4bf8d73-d8f2-4870-85d6-e2c84b28e682 52db2c2bb2754474a9e626ac3befb2ef 2826c499828f44719ccb8a386423ec45 - default default] Attributes excluded by policy engine: [u'vlan_transparent'] _exclude_attributes_by_policy /usr/lib/python2.7/site-packages/neutron/pecan_wsgi/hooks/policy_enforcement.py:256
2018-09-29 10:40:41.463 13247 INFO neutron.wsgi [req-c4bf8d73-d8f2-4870-85d6-e2c84b28e682 52db2c2bb2754474a9e626ac3befb2ef 2826c499828f44719ccb8a386423ec45 - default default] 10.0.20.36 "GET /v2.0/networks?id=dfe1b9ba-a6a4-4ed4-8f18-e7b1cedf86ec HTTP/1.1" status: 200  len: 885 time: 0.5912180
2018-09-29 10:40:41.467 13253 DEBUG neutron.pecan_wsgi.hooks.policy_enforcement [req-35867527-7d74-4fb2-b823-1ead15d9499b 52db2c2bb2754474a9e626ac3befb2ef 2826c499828f44719ccb8a386423ec45 - default default] Attributes excluded by policy engine: [u'shared'] _exclude_attributes_by_policy /usr/lib/python2.7/site-packages/neutron/pecan_wsgi/hooks/policy_enforcement.py:256
2018-09-29 10:40:41.470 13253 INFO neutron.wsgi [req-35867527-7d74-4fb2-b823-1ead15d9499b 52db2c2bb2754474a9e626ac3befb2ef 2826c499828f44719ccb8a386423ec45 - default default] 10.0.20.36 "GET /v2.0/subnets?id=02467707-939b-4f4c-8899-361c1077ee6e HTTP/1.1" status: 200  len: 843 time: 0.1237659
2018-09-29 10:40:41.517 13247 INFO neutron.wsgi [req-856ccefd-2cec-4360-9d32-8ab39729ce2c 52db2c2bb2754474a9e626ac3befb2ef 2826c499828f44719ccb8a386423ec45 - default default] 10.0.20.36 "GET /v2.0/floatingips?fixed_ip_address=11.52.1.10&port_id=bc4dc549-b5df-4945-8118-f39df36a2b93 HTTP/1.1" status: 200  len: 751 time: 0.0478280
2018-09-29 10:40:41.602 13253 INFO neutron.wsgi [req-88c38421-4299-4b2f-a2c2-5e4bf0ab5418 52db2c2bb2754474a9e626ac3befb2ef 2826c499828f44719ccb8a386423ec45 - default default] 10.0.20.36 "GET /v2.0/ports?network_id=dfe1b9ba-a6a4-4ed4-8f18-e7b1cedf86ec&device_owner=network%3Adhcp HTTP/1.1" status: 200  len: 1127 time: 0.1252370
2018-09-29 10:40:41.647 13247 DEBUG neutron.pecan_wsgi.hooks.policy_enforcement [req-187ed4e5-e15d-4596-acda-b201e1aee64e 52db2c2bb2754474a9e626ac3befb2ef 2826c499828f44719ccb8a386423ec45 - default default] Attributes excluded by policy engine: [u'shared'] _exclude_attributes_by_policy /usr/lib/python2.7/site-packages/neutron/pecan_wsgi/hooks/policy_enforcement.py:256
2018-09-29 10:40:41.649 13247 INFO neutron.wsgi [req-187ed4e5-e15d-4596-acda-b201e1aee64e 52db2c2bb2754474a9e626ac3befb2ef 2826c499828f44719ccb8a386423ec45 - default default] 10.0.20.36 "GET /v2.0/subnets?id=02467707-939b-4f4c-8899-361c1077ee6e HTTP/1.1" status: 200  len: 843 time: 0.1253650
2018-09-29 10:40:41.766 13247 INFO neutron.wsgi [req-dfce104c-669c-4995-a4e8-aa0518db8730 52db2c2bb2754474a9e626ac3befb2ef 2826c499828f44719ccb8a386423ec45 - default default] 10.0.20.36 "GET /v2.0/ports?network_id=dfe1b9ba-a6a4-4ed4-8f18-e7b1cedf86ec&device_owner=network%3Adhcp HTTP/1.1" status: 200  len: 1127 time: 0.1103790
2018-09-29 10:40:42.927 13247 DEBUG oslo_concurrency.lockutils [-] Lock "notifier-da43e2ee-5e0a-4c21-b09d-cda09eeada30" released by "neutron.notifiers.batch_notifier.synced_send" :: held 3.466s inner /usr/lib/python2.7/site-packages/oslo_concurrency/lockutils.py:282
2018-09-29 10:40:52.513 13249 INFO neutron.wsgi [req-b0433b0a-a3de-4b79-b9d2-46e0df488aea f3c066f308ec4c0ab58653e7d22754c1 718da2fc113b49f08d27c53f86dd6675 - 9a4668975ac04d3ea253b3276f97f176 9a4668975ac04d3ea253b3276f97f176] 10.0.20.36 "GET /v2.0/ports?device_id=0fd6c0bb-5b33-4706-bd71-d372d47b48b0 HTTP/1.1" status: 200  len: 1124 time: 0.7135861
2018-09-29 10:40:52.613 13249 INFO neutron.wsgi [req-d6bf0ad9-989f-424c-9884-920bd729f986 f3c066f308ec4c0ab58653e7d22754c1 718da2fc113b49f08d27c53f86dd6675 - 9a4668975ac04d3ea253b3276f97f176 9a4668975ac04d3ea253b3276f97f176] 10.0.20.36 "GET /v2.0/security-groups?id=2cd0f261-8adc-41cd-ab58-1b728be49e5e HTTP/1.1" status: 200  len: 2118 time: 0.0936098
2018-09-29 10:40:57.332 13260 DEBUG neutron_lib.callbacks.manager [req-87d9981c-ce7a-4a79-bedd-2aa645a76f72 - - - - -] Notify callbacks ['neutron.services.segments.db._update_segment_host_mapping_for_agent-8781571709354'] for agent, after_update _notify_loop /usr/lib/python2.7/site-packages/neutron_lib/callbacks/manager.py:167
2018-09-29 10:40:57.344 13259 DEBUG neutron_lib.callbacks.manager [req-5aa27692-c239-4efe-9ef0-3b15900b10a8 - - - - -] Notify callbacks ['neutron.services.segments.db._update_segment_host_mapping_for_agent-8781571709354'] for agent, after_update _notify_loop /usr/lib/python2.7/site-packages/neutron_lib/callbacks/manager.py:167
2018-09-29 10:40:57.343 13256 DEBUG neutron_lib.callbacks.manager [req-223d2181-6932-4811-a6d0-74b02a5cc99d - - - - -] Notify callbacks ['neutron.services.segments.db._update_segment_host_mapping_for_agent-8781571709354'] for agent, after_update _notify_loop /usr/lib/python2.7/site-packages/neutron_lib/callbacks/manager.py:167
2018-09-29 10:40:57.937 13261 DEBUG neutron_lib.callbacks.manager [req-6994e95c-f6cd-4f21-b37c-6d9a4618f8b0 - - - - -] Notify callbacks ['neutron.services.segments.db._update_segment_host_mapping_for_agent-8781571709354'] for agent, after_update _notify_loop /usr/lib/python2.7/site-packages/neutron_lib/callbacks/manager.py:167
2018-09-29 10:40:59.053 13263 DEBUG neutron.db.agents_db [req-51789349-edc8-4b6c-8e15-35f50e2e98dc - - - - -] Agent healthcheck: found 5 active agents agent_health_check /usr/lib/python2.7/site-packages/neutron/db/agents_db.py:281
2018-09-29 10:41:10.124 13249 INFO neutron.wsgi [req-8db3ca62-1e3a-4bf2-bfa8-0ec0379cb23f f3c066f308ec4c0ab58653e7d22754c1 718da2fc113b49f08d27c53f86dd6675 - 9a4668975ac04d3ea253b3276f97f176 9a4668975ac04d3ea253b3276f97f176] 10.0.20.36 "GET /v2.0/ports?device_id=0fd6c0bb-5b33-4706-bd71-d372d47b48b0 HTTP/1.1" status: 200  len: 1124 time: 1.0007081
2018-09-29 10:41:10.230 13249 INFO neutron.wsgi [req-9fa54765-e3a1-4299-b675-a942fdc2667a f3c066f308ec4c0ab58653e7d22754c1 718da2fc113b49f08d27c53f86dd6675 - 9a4668975ac04d3ea253b3276f97f176 9a4668975ac04d3ea253b3276f97f176] 10.0.20.36 "GET /v2.0/security-groups?id=2cd0f261-8adc-41cd-ab58-1b728be49e5e HTTP/1.1" status: 200  len: 2118 time: 0.0988090
2018-09-29 10:41:11.089 13255 DEBUG neutron_lib.callbacks.manager [req-d4262e2f-bfb7-4f9d-b1cd-27f109421e91 - - - - -] Notify callbacks ['neutron.services.segments.db._update_segment_host_mapping_for_agent-8781571709354'] for agent, after_update _notify_loop /usr/lib/python2.7/site-packages/neutron_lib/callbacks/manager.py:167
2018-09-29 10:41:13.794 13253 INFO neutron.wsgi [req-9d171e15-095f-4632-a804-988cf81eca5d 52db2c2bb2754474a9e626ac3befb2ef 2826c499828f44719ccb8a386423ec45 - default default] 10.0.20.36 "GET /v2.0/ports?tenant_id=718da2fc113b49f08d27c53f86dd6675&device_id=0fd6c0bb-5b33-4706-bd71-d372d47b48b0 HTTP/1.1" status: 200  len: 1124 time: 0.0865488
2018-09-29 10:41:13.978 13253 DEBUG neutron.pecan_wsgi.hooks.policy_enforcement [req-d495567e-f8de-44dd-a5b3-fc7cc430cdad 52db2c2bb2754474a9e626ac3befb2ef 2826c499828f44719ccb8a386423ec45 - default default] Attributes excluded by policy engine: [u'vlan_transparent'] _exclude_attributes_by_policy /usr/lib/python2.7/site-packages/neutron/pecan_wsgi/hooks/policy_enforcement.py:256
2018-09-29 10:41:13.981 13253 INFO neutron.wsgi [req-d495567e-f8de-44dd-a5b3-fc7cc430cdad 52db2c2bb2754474a9e626ac3befb2ef 2826c499828f44719ccb8a386423ec45 - default default] 10.0.20.36 "GET /v2.0/networks?id=dfe1b9ba-a6a4-4ed4-8f18-e7b1cedf86ec HTTP/1.1" status: 200  len: 885 time: 0.1800702
2018-09-29 10:41:14.025 13253 INFO neutron.wsgi [req-84ba3227-dd90-4843-9f5e-0c4602f90d2d 52db2c2bb2754474a9e626ac3befb2ef 2826c499828f44719ccb8a386423ec45 - default default] 10.0.20.36 "GET /v2.0/floatingips?fixed_ip_address=11.52.1.10&port_id=bc4dc549-b5df-4945-8118-f39df36a2b93 HTTP/1.1" status: 200  len: 751 time: 0.0396149
2018-09-29 10:41:14.156 13253 DEBUG neutron.pecan_wsgi.hooks.policy_enforcement [req-35731b83-99bc-4f2f-b2fb-5c1a1e9ea579 52db2c2bb2754474a9e626ac3befb2ef 2826c499828f44719ccb8a386423ec45 - default default] Attributes excluded by policy engine: [u'shared'] _exclude_attributes_by_policy /usr/lib/python2.7/site-packages/neutron/pecan_wsgi/hooks/policy_enforcement.py:256
2018-09-29 10:41:14.159 13253 INFO neutron.wsgi [req-35731b83-99bc-4f2f-b2fb-5c1a1e9ea579 52db2c2bb2754474a9e626ac3befb2ef 2826c499828f44719ccb8a386423ec45 - default default] 10.0.20.36 "GET /v2.0/subnets?id=02467707-939b-4f4c-8899-361c1077ee6e HTTP/1.1" status: 200  len: 843 time: 0.1264670
2018-09-29 10:41:14.251 13253 INFO neutron.wsgi [req-ba1a7275-d7d0-46e5-858a-3f2338dffb5b 52db2c2bb2754474a9e626ac3befb2ef 2826c499828f44719ccb8a386423ec45 - default default] 10.0.20.36 "GET /v2.0/ports?network_id=dfe1b9ba-a6a4-4ed4-8f18-e7b1cedf86ec&device_owner=network%3Adhcp HTTP/1.1" status: 200  len: 1127 time: 0.0852718
2018-09-29 10:41:21.925 13248 INFO neutron.wsgi [req-c740c9d9-7260-494e-92e0-5bafe50218ed f3c066f308ec4c0ab58653e7d22754c1 718da2fc113b49f08d27c53f86dd6675 - 9a4668975ac04d3ea253b3276f97f176 9a4668975ac04d3ea253b3276f97f176] 10.0.20.36 "GET /v2.0/ports?device_id=0fd6c0bb-5b33-4706-bd71-d372d47b48b0 HTTP/1.1" status: 200  len: 1124 time: 0.9647911
2018-09-29 10:41:22.036 13248 INFO neutron.wsgi [req-c77907f7-6335-43cd-9f87-179ef93f608c f3c066f308ec4c0ab58653e7d22754c1 718da2fc113b49f08d27c53f86dd6675 - 9a4668975ac04d3ea253b3276f97f176 9a4668975ac04d3ea253b3276f97f176] 10.0.20.36 "GET /v2.0/security-groups?id=2cd0f261-8adc-41cd-ab58-1b728be49e5e HTTP/1.1" status: 200  len: 2118 time: 0.1050110
2018-09-29 10:41:27.323 13254 DEBUG neutron_lib.callbacks.manager [req-223d2181-6932-4811-a6d0-74b02a5cc99d - - - - -] Notify callbacks ['neutron.services.segments.db._update_segment_host_mapping_for_agent-8781571709354'] for agent, after_update _notify_loop /usr/lib/python2.7/site-packages/neutron_lib/callbacks/manager.py:167
2018-09-29 10:41:27.323 13262 DEBUG neutron_lib.callbacks.manager [req-2419eb54-d219-49c0-8c61-818fe0e477e9 - - - - -] Notify callbacks ['neutron.services.segments.db._update_segment_host_mapping_for_agent-8781571709354'] for agent, after_update _notify_loop /usr/lib/python2.7/site-packages/neutron_lib/callbacks/manager.py:167
2018-09-29 10:41:27.346 13257 DEBUG neutron_lib.callbacks.manager [req-5aa27692-c239-4efe-9ef0-3b15900b10a8 - - - - -] Notify callbacks ['neutron.services.segments.db._update_segment_host_mapping_for_agent-8781571709354'] for agent, after_update _notify_loop /usr/lib/python2.7/site-packages/neutron_lib/callbacks/manager.py:167
2018-09-29 10:41:27.930 13258 DEBUG neutron_lib.callbacks.manager [req-91d27fe0-6737-415b-b220-e046508a2b93 - - - - -] Notify callbacks ['neutron.services.segments.db._update_segment_host_mapping_for_agent-8781571709354'] for agent, after_update _notify_loop /usr/lib/python2.7/site-packages/neutron_lib/callbacks/manager.py:167
2018-09-29 10:41:34.254 13249 INFO neutron.wsgi [req-df5d70a0-69b4-43e0-aef1-a43b6d4ee4a2 f3c066f308ec4c0ab58653e7d22754c1 718da2fc113b49f08d27c53f86dd6675 - 9a4668975ac04d3ea253b3276f97f176 9a4668975ac04d3ea253b3276f97f176] 10.0.20.36 "GET /v2.0/ports?device_id=0fd6c0bb-5b33-4706-bd71-d372d47b48b0 HTTP/1.1" status: 200  len: 1124 time: 0.4641581
2018-09-29 10:41:34.374 13249 INFO neutron.wsgi [req-99fc6200-7f89-4fb1-8000-682a3d1c6903 f3c066f308ec4c0ab58653e7d22754c1 718da2fc113b49f08d27c53f86dd6675 - 9a4668975ac04d3ea253b3276f97f176 9a4668975ac04d3ea253b3276f97f176] 10.0.20.36 "GET /v2.0/security-groups?id=2cd0f261-8adc-41cd-ab58-1b728be49e5e HTTP/1.1" status: 200  len: 2118 time: 0.1147361
2018-09-29 10:41:36.055 13263 DEBUG neutron.db.agents_db [req-51789349-edc8-4b6c-8e15-35f50e2e98dc - - - - -] Agent healthcheck: found 5 active agents agent_health_check /usr/lib/python2.7/site-packages/neutron/db/agents_db.py:281
2018-09-29 10:41:41.089 13260 DEBUG neutron_lib.callbacks.manager [req-d4262e2f-bfb7-4f9d-b1cd-27f109421e91 - - - - -] Notify callbacks ['neutron.services.segments.db._update_segment_host_mapping_for_agent-8781571709354'] for agent, after_update _notify_loop /usr/lib/python2.7/site-packages/neutron_lib/callbacks/manager.py:167
2018-09-29 10:41:41.888 13249 INFO neutron.wsgi [req-c9177d2e-94d2-4eb8-a54a-c37a319c011b f3c066f308ec4c0ab58653e7d22754c1 718da2fc113b49f08d27c53f86dd6675 - 9a4668975ac04d3ea253b3276f97f176 9a4668975ac04d3ea253b3276f97f176] 10.0.20.36 "GET /v2.0/ports?device_id=0fd6c0bb-5b33-4706-bd71-d372d47b48b0 HTTP/1.1" status: 200  len: 1124 time: 0.5202482
2018-09-29 10:41:42.008 13249 INFO neutron.wsgi [req-31013637-3200-4839-8c4e-419d55d9f6db f3c066f308ec4c0ab58653e7d22754c1 718da2fc113b49f08d27c53f86dd6675 - 9a4668975ac04d3ea253b3276f97f176 9a4668975ac04d3ea253b3276f97f176] 10.0.20.36 "GET /v2.0/security-groups?id=2cd0f261-8adc-41cd-ab58-1b728be49e5e HTTP/1.1" status: 200  len: 2118 time: 0.1134851
2018-09-29 10:41:53.324 13251 DEBUG neutron.wsgi [-] (13251) accepted ('10.0.20.36', 55704) server /usr/lib/python2.7/site-packages/eventlet/wsgi.py:883
2018-09-29 10:41:53.761 13251 WARNING keystonemiddleware.auth_token [-] A valid token was submitted as a service token, but it was not a valid service token. This is incorrect but backwards compatible behaviour. This will be removed in future releases.
2018-09-29 10:41:54.326 13251 INFO neutron.wsgi [req-20fa5bbe-3e08-4859-8a81-a538f3d7537b f3c066f308ec4c0ab58653e7d22754c1 718da2fc113b49f08d27c53f86dd6675 - 9a4668975ac04d3ea253b3276f97f176 9a4668975ac04d3ea253b3276f97f176] 10.0.20.36 "GET /v2.0/ports?device_id=0fd6c0bb-5b33-4706-bd71-d372d47b48b0 HTTP/1.1" status: 200  len: 1124 time: 0.9961710
2018-09-29 10:41:54.444 13251 INFO neutron.wsgi [req-343410e9-d7d0-4170-8fea-7350ef7378cc f3c066f308ec4c0ab58653e7d22754c1 718da2fc113b49f08d27c53f86dd6675 - 9a4668975ac04d3ea253b3276f97f176 9a4668975ac04d3ea253b3276f97f176] 10.0.20.36 "GET /v2.0/security-groups?id=2cd0f261-8adc-41cd-ab58-1b728be49e5e HTTP/1.1" status: 200  len: 2118 time: 0.1126189
2018-09-29 10:41:57.317 13256 DEBUG neutron_lib.callbacks.manager [req-223d2181-6932-4811-a6d0-74b02a5cc99d - - - - -] Notify callbacks ['neutron.services.segments.db._update_segment_host_mapping_for_agent-8781571709354'] for agent, after_update _notify_loop /usr/lib/python2.7/site-packages/neutron_lib/callbacks/manager.py:167
2018-09-29 10:41:57.320 13259 DEBUG neutron_lib.callbacks.manager [req-1d50bfbf-57ae-4da0-83a5-18d9b5a57dc9 - - - - -] Notify callbacks ['neutron.services.segments.db._update_segment_host_mapping_for_agent-8781571709354'] for agent, after_update _notify_loop /usr/lib/python2.7/site-packages/neutron_lib/callbacks/manager.py:167
2018-09-29 10:41:57.337 13261 DEBUG neutron_lib.callbacks.manager [req-5aa27692-c239-4efe-9ef0-3b15900b10a8 - - - - -] Notify callbacks ['neutron.services.segments.db._update_segment_host_mapping_for_agent-8781571709354'] for agent, after_update _notify_loop /usr/lib/python2.7/site-packages/neutron_lib/callbacks/manager.py:167
2018-09-29 10:41:57.931 13255 DEBUG neutron_lib.callbacks.manager [req-9d7313e3-6422-49ce-a038-442423c827d2 - - - - -] Notify callbacks ['neutron.services.segments.db._update_segment_host_mapping_for_agent-8781571709354'] for agent, after_update _notify_loop /usr/lib/python2.7/site-packages/neutron_lib/callbacks/manager.py:167
2018-09-29 10:42:04.048 13251 INFO neutron.wsgi [req-7b9f1ecb-9e36-4b3e-b506-3ac5c3ee2978 f3c066f308ec4c0ab58653e7d22754c1 718da2fc113b49f08d27c53f86dd6675 - 9a4668975ac04d3ea253b3276f97f176 9a4668975ac04d3ea253b3276f97f176] 10.0.20.36 "GET /v2.0/ports?device_id=0fd6c0bb-5b33-4706-bd71-d372d47b48b0 HTTP/1.1" status: 200  len: 1124 time: 0.4445639
2018-09-29 10:42:04.174 13251 INFO neutron.wsgi [req-6c25c415-f329-4f6d-9f13-a839c79d01cf f3c066f308ec4c0ab58653e7d22754c1 718da2fc113b49f08d27c53f86dd6675 - 9a4668975ac04d3ea253b3276f97f176 9a4668975ac04d3ea253b3276f97f176] 10.0.20.36 "GET /v2.0/security-groups?id=2cd0f261-8adc-41cd-ab58-1b728be49e5e HTTP/1.1" status: 200  len: 2118 time: 0.1207252
2018-09-29 10:42:11.089 13254 DEBUG neutron_lib.callbacks.manager [req-d4262e2f-bfb7-4f9d-b1cd-27f109421e91 - - - - -] Notify callbacks ['neutron.services.segments.db._update_segment_host_mapping_for_agent-8781571709354'] for agent, after_update _notify_loop /usr/lib/python2.7/site-packages/neutron_lib/callbacks/manager.py:167
2018-09-29 10:42:13.057 13263 DEBUG neutron.db.agents_db [req-51789349-edc8-4b6c-8e15-35f50e2e98dc - - - - -] Agent healthcheck: found 5 active agents agent_health_check /usr/lib/python2.7/site-packages/neutron/db/agents_db.py:281
2018-09-29 10:42:14.880 13253 INFO neutron.wsgi [req-ca9dc5dc-185c-45f5-8d74-122498d76cbd 52db2c2bb2754474a9e626ac3befb2ef 2826c499828f44719ccb8a386423ec45 - default default] 10.0.20.36 "GET /v2.0/ports?tenant_id=718da2fc113b49f08d27c53f86dd6675&device_id=0fd6c0bb-5b33-4706-bd71-d372d47b48b0 HTTP/1.1" status: 200  len: 1124 time: 0.1108820
2018-09-29 10:42:15.124 13253 DEBUG neutron.pecan_wsgi.hooks.policy_enforcement [req-35eec795-4392-4e1c-9407-cdc72c94c093 52db2c2bb2754474a9e626ac3befb2ef 2826c499828f44719ccb8a386423ec45 - default default] Attributes excluded by policy engine: [u'vlan_transparent'] _exclude_attributes_by_policy /usr/lib/python2.7/site-packages/neutron/pecan_wsgi/hooks/policy_enforcement.py:256
2018-09-29 10:42:15.128 13253 INFO neutron.wsgi [req-35eec795-4392-4e1c-9407-cdc72c94c093 52db2c2bb2754474a9e626ac3befb2ef 2826c499828f44719ccb8a386423ec45 - default default] 10.0.20.36 "GET /v2.0/networks?id=dfe1b9ba-a6a4-4ed4-8f18-e7b1cedf86ec HTTP/1.1" status: 200  len: 885 time: 0.2421088
2018-09-29 10:42:15.172 13253 INFO neutron.wsgi [req-b5a3c854-fcfd-4e7f-870f-4ac930f83344 52db2c2bb2754474a9e626ac3befb2ef 2826c499828f44719ccb8a386423ec45 - default default] 10.0.20.36 "GET /v2.0/floatingips?fixed_ip_address=11.52.1.10&port_id=bc4dc549-b5df-4945-8118-f39df36a2b93 HTTP/1.1" status: 200  len: 751 time: 0.0392809
2018-09-29 10:42:15.302 13253 DEBUG neutron.pecan_wsgi.hooks.policy_enforcement [req-cc3e4240-d86b-4410-93d2-aa0d5a73ab61 52db2c2bb2754474a9e626ac3befb2ef 2826c499828f44719ccb8a386423ec45 - default default] Attributes excluded by policy engine: [u'shared'] _exclude_attributes_by_policy /usr/lib/python2.7/site-packages/neutron/pecan_wsgi/hooks/policy_enforcement.py:256
2018-09-29 10:42:15.305 13253 INFO neutron.wsgi [req-cc3e4240-d86b-4410-93d2-aa0d5a73ab61 52db2c2bb2754474a9e626ac3befb2ef 2826c499828f44719ccb8a386423ec45 - default default] 10.0.20.36 "GET /v2.0/subnets?id=02467707-939b-4f4c-8899-361c1077ee6e HTTP/1.1" status: 200  len: 843 time: 0.1261420
2018-09-29 10:42:15.415 13253 INFO neutron.wsgi [req-7c88dc06-0742-4fc6-a21b-75304881bd12 52db2c2bb2754474a9e626ac3befb2ef 2826c499828f44719ccb8a386423ec45 - default default] 10.0.20.36 "GET /v2.0/ports?network_id=dfe1b9ba-a6a4-4ed4-8f18-e7b1cedf86ec&device_owner=network%3Adhcp HTTP/1.1" status: 200  len: 1127 time: 0.1036410
2018-09-29 10:42:16.013 13249 INFO neutron.wsgi [req-c0c6f0a7-d836-40a8-8906-71eb0584dcf7 f3c066f308ec4c0ab58653e7d22754c1 718da2fc113b49f08d27c53f86dd6675 - 9a4668975ac04d3ea253b3276f97f176 9a4668975ac04d3ea253b3276f97f176] 10.0.20.36 "GET /v2.0/ports?device_id=0fd6c0bb-5b33-4706-bd71-d372d47b48b0 HTTP/1.1" status: 200  len: 1124 time: 0.4995530
2018-09-29 10:42:16.117 13249 INFO neutron.wsgi [req-f1324c79-1080-4ede-8449-62894dd399df f3c066f308ec4c0ab58653e7d22754c1 718da2fc113b49f08d27c53f86dd6675 - 9a4668975ac04d3ea253b3276f97f176 9a4668975ac04d3ea253b3276f97f176] 10.0.20.36 "GET /v2.0/security-groups?id=2cd0f261-8adc-41cd-ab58-1b728be49e5e HTTP/1.1" status: 200  len: 2118 time: 0.0979002
2018-09-29 10:42:25.822 13251 INFO neutron.wsgi [req-0916b805-b7e2-4fa0-ac3b-f6a747ca5d9a f3c066f308ec4c0ab58653e7d22754c1 718da2fc113b49f08d27c53f86dd6675 - 9a4668975ac04d3ea253b3276f97f176 9a4668975ac04d3ea253b3276f97f176] 10.0.20.36 "GET /v2.0/ports?device_id=0fd6c0bb-5b33-4706-bd71-d372d47b48b0 HTTP/1.1" status: 200  len: 1124 time: 0.5234010
2018-09-29 10:42:25.920 13251 INFO neutron.wsgi [req-52b024fd-2ab8-44fd-83db-ffcbed2d25d9 f3c066f308ec4c0ab58653e7d22754c1 718da2fc113b49f08d27c53f86dd6675 - 9a4668975ac04d3ea253b3276f97f176 9a4668975ac04d3ea253b3276f97f176] 10.0.20.36 "GET /v2.0/security-groups?id=2cd0f261-8adc-41cd-ab58-1b728be49e5e HTTP/1.1" status: 200  len: 2118 time: 0.0939140
2018-09-29 10:42:26.716 13253 INFO neutron.wsgi [req-619e76f7-0dd9-4d04-83ab-40a34045c007 52db2c2bb2754474a9e626ac3befb2ef 2826c499828f44719ccb8a386423ec45 - default default] 10.0.20.36 "GET /v2.0/ports?tenant_id=718da2fc113b49f08d27c53f86dd6675&device_id=0fd6c0bb-5b33-4706-bd71-d372d47b48b0 HTTP/1.1" status: 200  len: 1124 time: 0.1081510
2018-09-29 10:42:26.922 13253 DEBUG neutron.pecan_wsgi.hooks.policy_enforcement [req-a52f478f-12f7-4567-a147-a9202137dada 52db2c2bb2754474a9e626ac3befb2ef 2826c499828f44719ccb8a386423ec45 - default default] Attributes excluded by policy engine: [u'vlan_transparent'] _exclude_attributes_by_policy /usr/lib/python2.7/site-packages/neutron/pecan_wsgi/hooks/policy_enforcement.py:256
2018-09-29 10:42:26.925 13253 INFO neutron.wsgi [req-a52f478f-12f7-4567-a147-a9202137dada 52db2c2bb2754474a9e626ac3befb2ef 2826c499828f44719ccb8a386423ec45 - default default] 10.0.20.36 "GET /v2.0/networks?id=dfe1b9ba-a6a4-4ed4-8f18-e7b1cedf86ec HTTP/1.1" status: 200  len: 885 time: 0.2029231
2018-09-29 10:42:26.965 13253 INFO neutron.wsgi [req-2966f2f0-6b17-42bf-bd03-a4632e884800 52db2c2bb2754474a9e626ac3befb2ef 2826c499828f44719ccb8a386423ec45 - default default] 10.0.20.36 "GET /v2.0/floatingips?fixed_ip_address=11.52.1.10&port_id=bc4dc549-b5df-4945-8118-f39df36a2b93 HTTP/1.1" status: 200  len: 751 time: 0.0333431
2018-09-29 10:42:27.089 13253 DEBUG neutron.pecan_wsgi.hooks.policy_enforcement [req-f390ee5a-8db8-493b-9950-4a8ba11269d3 52db2c2bb2754474a9e626ac3befb2ef 2826c499828f44719ccb8a386423ec45 - default default] Attributes excluded by policy engine: [u'shared'] _exclude_attributes_by_policy /usr/lib/python2.7/site-packages/neutron/pecan_wsgi/hooks/policy_enforcement.py:256
2018-09-29 10:42:27.092 13253 INFO neutron.wsgi [req-f390ee5a-8db8-493b-9950-4a8ba11269d3 52db2c2bb2754474a9e626ac3befb2ef 2826c499828f44719ccb8a386423ec45 - default default] 10.0.20.36 "GET /v2.0/subnets?id=02467707-939b-4f4c-8899-361c1077ee6e HTTP/1.1" status: 200  len: 843 time: 0.1208820
2018-09-29 10:42:27.189 13253 INFO neutron.wsgi [req-05d559ac-f0dd-43d8-ac1d-62db07dcd069 52db2c2bb2754474a9e626ac3befb2ef 2826c499828f44719ccb8a386423ec45 - default default] 10.0.20.36 "GET /v2.0/ports?network_id=dfe1b9ba-a6a4-4ed4-8f18-e7b1cedf86ec&device_owner=network%3Adhcp HTTP/1.1" status: 200  len: 1127 time: 0.0911300
2018-09-29 10:42:27.311 13262 DEBUG neutron_lib.callbacks.manager [req-223d2181-6932-4811-a6d0-74b02a5cc99d - - - - -] Notify callbacks ['neutron.services.segments.db._update_segment_host_mapping_for_agent-8781571709354'] for agent, after_update _notify_loop /usr/lib/python2.7/site-packages/neutron_lib/callbacks/manager.py:167
2018-09-29 10:42:27.316 13257 DEBUG neutron_lib.callbacks.manager [req-4e71c206-b306-4f62-9803-f38dd63b1616 - - - - -] Notify callbacks ['neutron.services.segments.db._update_segment_host_mapping_for_agent-8781571709354'] for agent, after_update _notify_loop /usr/lib/python2.7/site-packages/neutron_lib/callbacks/manager.py:167
2018-09-29 10:42:27.338 13258 DEBUG neutron_lib.callbacks.manager [req-5aa27692-c239-4efe-9ef0-3b15900b10a8 - - - - -] Notify callbacks ['neutron.services.segments.db._update_segment_host_mapping_for_agent-8781571709354'] for agent, after_update _notify_loop /usr/lib/python2.7/site-packages/neutron_lib/callbacks/manager.py:167
2018-09-29 10:42:27.931 13260 DEBUG neutron_lib.callbacks.manager [req-b87b70e0-995d-46c5-ad83-6bd6f7a9bda7 - - - - -] Notify callbacks ['neutron.services.segments.db._update_segment_host_mapping_for_agent-8781571709354'] for agent, after_update _notify_loop /usr/lib/python2.7/site-packages/neutron_lib/callbacks/manager.py:167
2018-09-29 10:42:29.836 13258 DEBUG neutron.plugins.ml2.rpc [req-d4262e2f-bfb7-4f9d-b1cd-27f109421e91 - - - - -] Device bc4dc549-b5df-4945-8118-f39df36a2b93 no longer exists at agent ovs-agent-localhost.localdomain update_device_down /usr/lib/python2.7/site-packages/neutron/plugins/ml2/rpc.py:213
2018-09-29 10:42:30.014 13258 DEBUG neutron_lib.callbacks.manager [req-d4262e2f-bfb7-4f9d-b1cd-27f109421e91 - - - - -] Notify callbacks ['neutron.plugins.ml2.plugin.Ml2Plugin._ensure_default_security_group_handler-16506667'] for port, before_update _notify_loop /usr/lib/python2.7/site-packages/neutron_lib/callbacks/manager.py:167
2018-09-29 10:42:30.081 13258 DEBUG oslo_concurrency.lockutils [-] Lock "notifier-da43e2ee-5e0a-4c21-b09d-cda09eeada30" acquired by "neutron.notifiers.batch_notifier.synced_send" :: waited 0.000s inner /usr/lib/python2.7/site-packages/oslo_concurrency/lockutils.py:270
2018-09-29 10:42:30.082 13258 DEBUG neutron.notifiers.nova [-] Sending events: [{'status': 'completed', 'tag': u'bc4dc549-b5df-4945-8118-f39df36a2b93', 'name': 'network-vif-unplugged', 'server_uuid': u'0fd6c0bb-5b33-4706-bd71-d372d47b48b0'}] send_events /usr/lib/python2.7/site-packages/neutron/notifiers/nova.py:242
2018-09-29 10:42:30.088 13258 DEBUG novaclient.v2.client [-] REQ: curl -g -i -X POST http://10.0.20.36:8774/v2.1/2826c499828f44719ccb8a386423ec45/os-server-external-events -H "User-Agent: python-novaclient" -H "Content-Type: application/json" -H "Accept: application/json" -H "X-OpenStack-Nova-API-Version: 2.1" -H "X-Auth-Token: {SHA1}a997335bcb1fff1a60aa4ee1edd649b6f447c337" -d '{"events": [{"status": "completed", "tag": "bc4dc549-b5df-4945-8118-f39df36a2b93", "name": "network-vif-unplugged", "server_uuid": "0fd6c0bb-5b33-4706-bd71-d372d47b48b0"}]}' _http_log_request /usr/lib/python2.7/site-packages/keystoneauth1/session.py:375
2018-09-29 10:42:30.093 13258 DEBUG neutron.plugins.ml2.db [req-d4262e2f-bfb7-4f9d-b1cd-27f109421e91 - - - - -] For port bc4dc549-b5df-4945-8118-f39df36a2b93, host localhost.localdomain, got binding levels [<neutron.plugins.ml2.models.PortBindingLevel[object at 7fc9e62242d0] {port_id=u'bc4dc549-b5df-4945-8118-f39df36a2b93', host=u'localhost.localdomain', level=0, driver=u'openvswitch', segment_id=u'f9a4d773-d200-438d-9488-931b150544a7'}>] get_binding_levels /usr/lib/python2.7/site-packages/neutron/plugins/ml2/db.py:106
2018-09-29 10:42:30.098 13258 DEBUG neutron_lib.callbacks.manager [req-d4262e2f-bfb7-4f9d-b1cd-27f109421e91 - - - - -] Notify callbacks ['neutron.db.l3_hascheduler_db._notify_l3_agent_ha_port_update-8781571346933', 'neutron.db.l3_dvrscheduler_db._notify_l3_agent_port_update-8781571346858', 'neutron.plugins.ml2.ovo_rpc._ObjectChangeHandler.handle_event--9223372036854205534', 'neutron.api.rpc.agentnotifiers.dhcp_rpc_agent_api.DhcpAgentNotifyAPI._native_event_send_dhcp_notification-683946', 'neutron.plugins.ml2.plugin.Ml2Plugin.notify_sg_on_port_change-16505996'] for port, after_update _notify_loop /usr/lib/python2.7/site-packages/neutron_lib/callbacks/manager.py:167
2018-09-29 10:42:30.105 13258 DEBUG oslo_concurrency.lockutils [-] Lock "event-dispatch" acquired by "neutron.plugins.ml2.ovo_rpc.dispatch_events" :: waited 0.000s inner /usr/lib/python2.7/site-packages/oslo_concurrency/lockutils.py:270
2018-09-29 10:42:30.237 13258 DEBUG neutron.api.rpc.handlers.resources_rpc [req-d4262e2f-bfb7-4f9d-b1cd-27f109421e91 - - - - -] neutron.api.rpc.handlers.resources_rpc.ResourcesPushRpcApi method push called with arguments (<neutron_lib.context.Context object at 0x7fc9e62deb90>, [Port(admin_state_up=True,allowed_address_pairs=[],binding=PortBinding,binding_levels=[PortBindingLevel],created_at=2018-09-29T14:39:59Z,data_plane_status=<?>,description='',device_id='0fd6c0bb-5b33-4706-bd71-d372d47b48b0',device_owner='compute:nova',dhcp_options=[],distributed_binding=None,dns=None,fixed_ips=[IPAllocation],id=bc4dc549-b5df-4945-8118-f39df36a2b93,mac_address=fa:16:3e:6b:0f:67,name='',network_id=dfe1b9ba-a6a4-4ed4-8f18-e7b1cedf86ec,project_id='718da2fc113b49f08d27c53f86dd6675',qos_policy_id=None,revision_number=7,security=PortSecurity(bc4dc549-b5df-4945-8118-f39df36a2b93),security_group_ids=set([2cd0f261-8adc-41cd-ab58-1b728be49e5e]),status='DOWN',updated_at=2018-09-29T14:42:30Z)], 'updated') {} wrapper /usr/lib/python2.7/site-packages/oslo_log/helpers.py:66
2018-09-29 10:42:30.247 13258 DEBUG neutron.api.rpc.callbacks.version_manager [req-d4262e2f-bfb7-4f9d-b1cd-27f109421e91 - - - - -] Version for resource type Subnet changed None to 1.0 on consumer Open vSwitch agent@localhost.localdomain _set_version /usr/lib/python2.7/site-packages/neutron/api/rpc/callbacks/version_manager.py:119
2018-09-29 10:42:30.247 13258 DEBUG neutron.api.rpc.callbacks.version_manager [req-d4262e2f-bfb7-4f9d-b1cd-27f109421e91 - - - - -] Version for resource type Network changed None to 1.0 on consumer Open vSwitch agent@localhost.localdomain _set_version /usr/lib/python2.7/site-packages/neutron/api/rpc/callbacks/version_manager.py:119
2018-09-29 10:42:30.248 13258 DEBUG neutron.api.rpc.callbacks.version_manager [req-d4262e2f-bfb7-4f9d-b1cd-27f109421e91 - - - - -] Version for resource type SubPort changed None to 1.0 on consumer Open vSwitch agent@localhost.localdomain _set_version /usr/lib/python2.7/site-packages/neutron/api/rpc/callbacks/version_manager.py:119
2018-09-29 10:42:30.248 13258 DEBUG neutron.api.rpc.callbacks.version_manager [req-d4262e2f-bfb7-4f9d-b1cd-27f109421e91 - - - - -] Version for resource type SecurityGroup changed None to 1.0 on consumer Open vSwitch agent@localhost.localdomain _set_version /usr/lib/python2.7/site-packages/neutron/api/rpc/callbacks/version_manager.py:119
2018-09-29 10:42:30.249 13258 DEBUG neutron.api.rpc.callbacks.version_manager [req-d4262e2f-bfb7-4f9d-b1cd-27f109421e91 - - - - -] Version for resource type SecurityGroupRule changed None to 1.0 on consumer Open vSwitch agent@localhost.localdomain _set_version /usr/lib/python2.7/site-packages/neutron/api/rpc/callbacks/version_manager.py:119
2018-09-29 10:42:30.249 13258 DEBUG neutron.api.rpc.callbacks.version_manager [req-d4262e2f-bfb7-4f9d-b1cd-27f109421e91 - - - - -] Version for resource type Trunk changed None to 1.1 on consumer Open vSwitch agent@localhost.localdomain _set_version /usr/lib/python2.7/site-packages/neutron/api/rpc/callbacks/version_manager.py:119
2018-09-29 10:42:30.250 13258 DEBUG neutron.api.rpc.callbacks.version_manager [req-d4262e2f-bfb7-4f9d-b1cd-27f109421e91 - - - - -] Version for resource type QosPolicy changed None to 1.6 on consumer Open vSwitch agent@localhost.localdomain _set_version /usr/lib/python2.7/site-packages/neutron/api/rpc/callbacks/version_manager.py:119
2018-09-29 10:42:30.250 13258 DEBUG neutron.api.rpc.callbacks.version_manager [req-d4262e2f-bfb7-4f9d-b1cd-27f109421e91 - - - - -] Version for resource type Port changed None to 1.1 on consumer Open vSwitch agent@localhost.localdomain _set_version /usr/lib/python2.7/site-packages/neutron/api/rpc/callbacks/version_manager.py:119
2018-09-29 10:42:30.251 13258 DEBUG neutron.api.rpc.callbacks.version_manager [req-d4262e2f-bfb7-4f9d-b1cd-27f109421e91 - - - - -] Version for resource type Log changed None to 1.0 on consumer Open vSwitch agent@localhost.localdomain _set_version /usr/lib/python2.7/site-packages/neutron/api/rpc/callbacks/version_manager.py:119
2018-09-29 10:42:30.265 13258 DEBUG oslo_concurrency.lockutils [req-d4262e2f-bfb7-4f9d-b1cd-27f109421e91 - - - - -] Lock "event-dispatch" released by "neutron.plugins.ml2.ovo_rpc.dispatch_events" :: held 0.160s inner /usr/lib/python2.7/site-packages/oslo_concurrency/lockutils.py:282
2018-09-29 10:42:30.689 13258 DEBUG novaclient.v2.client [-] RESP: [200] Content-Length: 185 Content-Type: application/json Openstack-Api-Version: compute 2.1 X-Openstack-Nova-Api-Version: 2.1 Vary: OpenStack-API-Version, X-OpenStack-Nova-API-Version X-Openstack-Request-Id: req-4d8006eb-3807-4f65-a846-d867d1674495 X-Compute-Request-Id: req-4d8006eb-3807-4f65-a846-d867d1674495 Date: Sat, 29 Sep 2018 14:42:30 GMT Connection: keep-alive 
RESP BODY: {"events": [{"status": "completed", "tag": "bc4dc549-b5df-4945-8118-f39df36a2b93", "name": "network-vif-unplugged", "server_uuid": "0fd6c0bb-5b33-4706-bd71-d372d47b48b0", "code": 200}]}
