 _http_log_response /usr/lib/python2.7/site-packages/keystoneauth1/session.py:423
2018-09-29 10:42:30.689 13258 DEBUG novaclient.v2.client [-] POST call to compute for http://10.0.20.36:8774/v2.1/2826c499828f44719ccb8a386423ec45/os-server-external-events used request id req-4d8006eb-3807-4f65-a846-d867d1674495 request /usr/lib/python2.7/site-packages/keystoneauth1/session.py:727
2018-09-29 10:42:30.700 13258 INFO neutron.notifiers.nova [-] Nova event response: {u'status': u'completed', u'tag': u'bc4dc549-b5df-4945-8118-f39df36a2b93', u'name': u'network-vif-unplugged', u'server_uuid': u'0fd6c0bb-5b33-4706-bd71-d372d47b48b0', u'code': 200}
2018-09-29 10:42:31.872 13259 DEBUG neutron.plugins.ml2.rpc [req-d4262e2f-bfb7-4f9d-b1cd-27f109421e91 - - - - -] Device bc4dc549-b5df-4945-8118-f39df36a2b93 up at agent ovs-agent-localhost.localdomain update_device_up /usr/lib/python2.7/site-packages/neutron/plugins/ml2/rpc.py:244
2018-09-29 10:42:31.951 13259 DEBUG neutron.db.provisioning_blocks [req-d4262e2f-bfb7-4f9d-b1cd-27f109421e91 - - - - -] Provisioning complete for port bc4dc549-b5df-4945-8118-f39df36a2b93 triggered by entity L2. provisioning_complete /usr/lib/python2.7/site-packages/neutron/db/provisioning_blocks.py:138
2018-09-29 10:42:31.951 13259 DEBUG neutron_lib.callbacks.manager [req-d4262e2f-bfb7-4f9d-b1cd-27f109421e91 - - - - -] Notify callbacks ['neutron.plugins.ml2.plugin.Ml2Plugin._port_provisioned--9223372036838593548'] for port, provisioning_complete _notify_loop /usr/lib/python2.7/site-packages/neutron_lib/callbacks/manager.py:167
2018-09-29 10:42:32.126 13259 DEBUG neutron_lib.callbacks.manager [req-d4262e2f-bfb7-4f9d-b1cd-27f109421e91 - - - - -] Notify callbacks ['neutron.plugins.ml2.plugin.Ml2Plugin._ensure_default_security_group_handler-16506667'] for port, before_update _notify_loop /usr/lib/python2.7/site-packages/neutron_lib/callbacks/manager.py:167
2018-09-29 10:42:32.196 13259 DEBUG oslo_concurrency.lockutils [-] Lock "notifier-da43e2ee-5e0a-4c21-b09d-cda09eeada30" acquired by "neutron.notifiers.batch_notifier.synced_send" :: waited 0.000s inner /usr/lib/python2.7/site-packages/oslo_concurrency/lockutils.py:270
2018-09-29 10:42:32.196 13259 DEBUG neutron.notifiers.nova [-] Sending events: [{'status': 'completed', 'tag': u'bc4dc549-b5df-4945-8118-f39df36a2b93', 'name': 'network-vif-plugged', 'server_uuid': u'0fd6c0bb-5b33-4706-bd71-d372d47b48b0'}] send_events /usr/lib/python2.7/site-packages/neutron/notifiers/nova.py:242
2018-09-29 10:42:32.201 13259 DEBUG novaclient.v2.client [-] REQ: curl -g -i -X POST http://10.0.20.36:8774/v2.1/2826c499828f44719ccb8a386423ec45/os-server-external-events -H "User-Agent: python-novaclient" -H "Content-Type: application/json" -H "Accept: application/json" -H "X-OpenStack-Nova-API-Version: 2.1" -H "X-Auth-Token: {SHA1}216af573096699fbe04d137f2724f21e6e2648fb" -d '{"events": [{"status": "completed", "tag": "bc4dc549-b5df-4945-8118-f39df36a2b93", "name": "network-vif-plugged", "server_uuid": "0fd6c0bb-5b33-4706-bd71-d372d47b48b0"}]}' _http_log_request /usr/lib/python2.7/site-packages/keystoneauth1/session.py:375
2018-09-29 10:42:32.205 13259 DEBUG neutron.plugins.ml2.db [req-d4262e2f-bfb7-4f9d-b1cd-27f109421e91 - - - - -] For port bc4dc549-b5df-4945-8118-f39df36a2b93, host localhost.localdomain, got binding levels [<neutron.plugins.ml2.models.PortBindingLevel[object at 7fc9e635d350] {port_id=u'bc4dc549-b5df-4945-8118-f39df36a2b93', host=u'localhost.localdomain', level=0, driver=u'openvswitch', segment_id=u'f9a4d773-d200-438d-9488-931b150544a7'}>] get_binding_levels /usr/lib/python2.7/site-packages/neutron/plugins/ml2/db.py:106
2018-09-29 10:42:32.209 13259 DEBUG neutron_lib.callbacks.manager [req-d4262e2f-bfb7-4f9d-b1cd-27f109421e91 - - - - -] Notify callbacks ['neutron.db.l3_hascheduler_db._notify_l3_agent_ha_port_update-8781571346933', 'neutron.db.l3_dvrscheduler_db._notify_l3_agent_port_update-8781571346858', 'neutron.plugins.ml2.ovo_rpc._ObjectChangeHandler.handle_event--9223372036854205534', 'neutron.api.rpc.agentnotifiers.dhcp_rpc_agent_api.DhcpAgentNotifyAPI._native_event_send_dhcp_notification-683946', 'neutron.plugins.ml2.plugin.Ml2Plugin.notify_sg_on_port_change-16505996'] for port, after_update _notify_loop /usr/lib/python2.7/site-packages/neutron_lib/callbacks/manager.py:167
2018-09-29 10:42:32.217 13259 DEBUG oslo_concurrency.lockutils [-] Lock "event-dispatch" acquired by "neutron.plugins.ml2.ovo_rpc.dispatch_events" :: waited 0.000s inner /usr/lib/python2.7/site-packages/oslo_concurrency/lockutils.py:270
2018-09-29 10:42:32.349 13259 DEBUG neutron.api.rpc.handlers.resources_rpc [req-d4262e2f-bfb7-4f9d-b1cd-27f109421e91 - - - - -] neutron.api.rpc.handlers.resources_rpc.ResourcesPushRpcApi method push called with arguments (<neutron_lib.context.Context object at 0x7fc9e635d450>, [Port(admin_state_up=True,allowed_address_pairs=[],binding=PortBinding,binding_levels=[PortBindingLevel],created_at=2018-09-29T14:39:59Z,data_plane_status=<?>,description='',device_id='0fd6c0bb-5b33-4706-bd71-d372d47b48b0',device_owner='compute:nova',dhcp_options=[],distributed_binding=None,dns=None,fixed_ips=[IPAllocation],id=bc4dc549-b5df-4945-8118-f39df36a2b93,mac_address=fa:16:3e:6b:0f:67,name='',network_id=dfe1b9ba-a6a4-4ed4-8f18-e7b1cedf86ec,project_id='718da2fc113b49f08d27c53f86dd6675',qos_policy_id=None,revision_number=8,security=PortSecurity(bc4dc549-b5df-4945-8118-f39df36a2b93),security_group_ids=set([2cd0f261-8adc-41cd-ab58-1b728be49e5e]),status='ACTIVE',updated_at=2018-09-29T14:42:32Z)], 'updated') {} wrapper /usr/lib/python2.7/site-packages/oslo_log/helpers.py:66
2018-09-29 10:42:32.363 13259 DEBUG neutron.api.rpc.callbacks.version_manager [req-d4262e2f-bfb7-4f9d-b1cd-27f109421e91 - - - - -] Version for resource type Subnet changed None to 1.0 on consumer Open vSwitch agent@localhost.localdomain _set_version /usr/lib/python2.7/site-packages/neutron/api/rpc/callbacks/version_manager.py:119
2018-09-29 10:42:32.364 13259 DEBUG neutron.api.rpc.callbacks.version_manager [req-d4262e2f-bfb7-4f9d-b1cd-27f109421e91 - - - - -] Version for resource type Network changed None to 1.0 on consumer Open vSwitch agent@localhost.localdomain _set_version /usr/lib/python2.7/site-packages/neutron/api/rpc/callbacks/version_manager.py:119
2018-09-29 10:42:32.364 13259 DEBUG neutron.api.rpc.callbacks.version_manager [req-d4262e2f-bfb7-4f9d-b1cd-27f109421e91 - - - - -] Version for resource type SubPort changed None to 1.0 on consumer Open vSwitch agent@localhost.localdomain _set_version /usr/lib/python2.7/site-packages/neutron/api/rpc/callbacks/version_manager.py:119
2018-09-29 10:42:32.365 13259 DEBUG neutron.api.rpc.callbacks.version_manager [req-d4262e2f-bfb7-4f9d-b1cd-27f109421e91 - - - - -] Version for resource type SecurityGroup changed None to 1.0 on consumer Open vSwitch agent@localhost.localdomain _set_version /usr/lib/python2.7/site-packages/neutron/api/rpc/callbacks/version_manager.py:119
2018-09-29 10:42:32.366 13259 DEBUG neutron.api.rpc.callbacks.version_manager [req-d4262e2f-bfb7-4f9d-b1cd-27f109421e91 - - - - -] Version for resource type SecurityGroupRule changed None to 1.0 on consumer Open vSwitch agent@localhost.localdomain _set_version /usr/lib/python2.7/site-packages/neutron/api/rpc/callbacks/version_manager.py:119
2018-09-29 10:42:32.367 13259 DEBUG neutron.api.rpc.callbacks.version_manager [req-d4262e2f-bfb7-4f9d-b1cd-27f109421e91 - - - - -] Version for resource type Trunk changed None to 1.1 on consumer Open vSwitch agent@localhost.localdomain _set_version /usr/lib/python2.7/site-packages/neutron/api/rpc/callbacks/version_manager.py:119
2018-09-29 10:42:32.367 13259 DEBUG neutron.api.rpc.callbacks.version_manager [req-d4262e2f-bfb7-4f9d-b1cd-27f109421e91 - - - - -] Version for resource type QosPolicy changed None to 1.6 on consumer Open vSwitch agent@localhost.localdomain _set_version /usr/lib/python2.7/site-packages/neutron/api/rpc/callbacks/version_manager.py:119
2018-09-29 10:42:32.369 13259 DEBUG neutron.api.rpc.callbacks.version_manager [req-d4262e2f-bfb7-4f9d-b1cd-27f109421e91 - - - - -] Version for resource type Port changed None to 1.1 on consumer Open vSwitch agent@localhost.localdomain _set_version /usr/lib/python2.7/site-packages/neutron/api/rpc/callbacks/version_manager.py:119
2018-09-29 10:42:32.369 13259 DEBUG neutron.api.rpc.callbacks.version_manager [req-d4262e2f-bfb7-4f9d-b1cd-27f109421e91 - - - - -] Version for resource type Log changed None to 1.0 on consumer Open vSwitch agent@localhost.localdomain _set_version /usr/lib/python2.7/site-packages/neutron/api/rpc/callbacks/version_manager.py:119
2018-09-29 10:42:32.399 13259 DEBUG oslo_concurrency.lockutils [req-d4262e2f-bfb7-4f9d-b1cd-27f109421e91 - - - - -] Lock "event-dispatch" released by "neutron.plugins.ml2.ovo_rpc.dispatch_events" :: held 0.182s inner /usr/lib/python2.7/site-packages/oslo_concurrency/lockutils.py:282
2018-09-29 10:42:32.586 13259 DEBUG novaclient.v2.client [-] RESP: [200] Content-Length: 183 Content-Type: application/json Openstack-Api-Version: compute 2.1 X-Openstack-Nova-Api-Version: 2.1 Vary: OpenStack-API-Version, X-OpenStack-Nova-API-Version X-Openstack-Request-Id: req-aa47ff37-fe80-4cb6-8724-895bcf50d578 X-Compute-Request-Id: req-aa47ff37-fe80-4cb6-8724-895bcf50d578 Date: Sat, 29 Sep 2018 14:42:32 GMT Connection: keep-alive 
RESP BODY: {"events": [{"status": "completed", "tag": "bc4dc549-b5df-4945-8118-f39df36a2b93", "name": "network-vif-plugged", "server_uuid": "0fd6c0bb-5b33-4706-bd71-d372d47b48b0", "code": 200}]}
 _http_log_response /usr/lib/python2.7/site-packages/keystoneauth1/session.py:423
2018-09-29 10:42:32.586 13259 DEBUG novaclient.v2.client [-] POST call to compute for http://10.0.20.36:8774/v2.1/2826c499828f44719ccb8a386423ec45/os-server-external-events used request id req-aa47ff37-fe80-4cb6-8724-895bcf50d578 request /usr/lib/python2.7/site-packages/keystoneauth1/session.py:727
2018-09-29 10:42:32.591 13259 INFO neutron.notifiers.nova [-] Nova event response: {u'status': u'completed', u'tag': u'bc4dc549-b5df-4945-8118-f39df36a2b93', u'name': u'network-vif-plugged', u'server_uuid': u'0fd6c0bb-5b33-4706-bd71-d372d47b48b0', u'code': 200}
2018-09-29 10:42:32.702 13258 DEBUG oslo_concurrency.lockutils [-] Lock "notifier-da43e2ee-5e0a-4c21-b09d-cda09eeada30" released by "neutron.notifiers.batch_notifier.synced_send" :: held 2.621s inner /usr/lib/python2.7/site-packages/oslo_concurrency/lockutils.py:282
2018-09-29 10:42:33.119 13251 INFO neutron.wsgi [req-960f1b23-a4f2-4b9b-b675-dc2f1a464083 f3c066f308ec4c0ab58653e7d22754c1 718da2fc113b49f08d27c53f86dd6675 - 9a4668975ac04d3ea253b3276f97f176 9a4668975ac04d3ea253b3276f97f176] 10.0.20.36 "GET /v2.0/ports?device_id=0fd6c0bb-5b33-4706-bd71-d372d47b48b0 HTTP/1.1" status: 200  len: 1124 time: 0.5506611
2018-09-29 10:42:33.235 13251 INFO neutron.wsgi [req-60988931-598a-4d25-85b7-8e60dff46d63 f3c066f308ec4c0ab58653e7d22754c1 718da2fc113b49f08d27c53f86dd6675 - 9a4668975ac04d3ea253b3276f97f176 9a4668975ac04d3ea253b3276f97f176] 10.0.20.36 "GET /v2.0/security-groups?id=2cd0f261-8adc-41cd-ab58-1b728be49e5e HTTP/1.1" status: 200  len: 2118 time: 0.1082389
2018-09-29 10:42:33.843 13260 DEBUG neutron.plugins.ml2.rpc [req-d4262e2f-bfb7-4f9d-b1cd-27f109421e91 - - - - -] Device bc4dc549-b5df-4945-8118-f39df36a2b93 up at agent ovs-agent-localhost.localdomain update_device_up /usr/lib/python2.7/site-packages/neutron/plugins/ml2/rpc.py:244
2018-09-29 10:42:33.962 13260 DEBUG neutron.db.provisioning_blocks [req-d4262e2f-bfb7-4f9d-b1cd-27f109421e91 - - - - -] Provisioning complete for port bc4dc549-b5df-4945-8118-f39df36a2b93 triggered by entity L2. provisioning_complete /usr/lib/python2.7/site-packages/neutron/db/provisioning_blocks.py:138
2018-09-29 10:42:33.963 13260 DEBUG neutron_lib.callbacks.manager [req-d4262e2f-bfb7-4f9d-b1cd-27f109421e91 - - - - -] Notify callbacks ['neutron.plugins.ml2.plugin.Ml2Plugin._port_provisioned--9223372036838593548'] for port, provisioning_complete _notify_loop /usr/lib/python2.7/site-packages/neutron_lib/callbacks/manager.py:167
2018-09-29 10:42:34.592 13259 DEBUG oslo_concurrency.lockutils [-] Lock "notifier-da43e2ee-5e0a-4c21-b09d-cda09eeada30" released by "neutron.notifiers.batch_notifier.synced_send" :: held 2.396s inner /usr/lib/python2.7/site-packages/oslo_concurrency/lockutils.py:282
2018-09-29 10:42:37.959 13247 INFO neutron.wsgi [req-27c92ade-4178-4767-99cd-aef7446feac5 87fdacb5fcfe463aba32e1ee92c67304 2826c499828f44719ccb8a386423ec45 - default default] 10.0.20.36 "GET /v2.0/ports?device_id=0fd6c0bb-5b33-4706-bd71-d372d47b48b0 HTTP/1.1" status: 200  len: 1124 time: 0.1008430
2018-09-29 10:42:38.073 13247 INFO neutron.wsgi [req-261adfb7-14e3-4edd-9052-0928da280810 87fdacb5fcfe463aba32e1ee92c67304 2826c499828f44719ccb8a386423ec45 - default default] 10.0.20.36 "GET /v2.0/security-groups?id=2cd0f261-8adc-41cd-ab58-1b728be49e5e HTTP/1.1" status: 200  len: 2118 time: 0.1079531
2018-09-29 10:42:41.092 13256 DEBUG neutron_lib.callbacks.manager [req-d4262e2f-bfb7-4f9d-b1cd-27f109421e91 - - - - -] Notify callbacks ['neutron.services.segments.db._update_segment_host_mapping_for_agent-8781571709354'] for agent, after_update _notify_loop /usr/lib/python2.7/site-packages/neutron_lib/callbacks/manager.py:167
2018-09-29 10:42:50.064 13263 DEBUG neutron.db.agents_db [req-51789349-edc8-4b6c-8e15-35f50e2e98dc - - - - -] Agent healthcheck: found 5 active agents agent_health_check /usr/lib/python2.7/site-packages/neutron/db/agents_db.py:281
2018-09-29 10:42:52.866 13252 INFO neutron.wsgi [req-6044c036-cc82-4271-890d-d7c25e8e7284 52db2c2bb2754474a9e626ac3befb2ef 2826c499828f44719ccb8a386423ec45 - default default] 10.0.20.36 "GET /v2.0/ports?device_id=0fd6c0bb-5b33-4706-bd71-d372d47b48b0 HTTP/1.1" status: 200  len: 1124 time: 0.1175039
2018-09-29 10:42:52.960 13252 INFO neutron.wsgi [req-25ccd70b-fdb2-43eb-92d0-7fbc53553237 52db2c2bb2754474a9e626ac3befb2ef 2826c499828f44719ccb8a386423ec45 - default default] 10.0.20.36 "GET /v2.0/security-groups?id=2cd0f261-8adc-41cd-ab58-1b728be49e5e HTTP/1.1" status: 200  len: 2118 time: 0.0893109
2018-09-29 10:42:54.383 13249 INFO neutron.wsgi [req-fb0808ce-9ba4-4a82-a847-da043aeb0c0e 52db2c2bb2754474a9e626ac3befb2ef 2826c499828f44719ccb8a386423ec45 - default default] 10.0.20.36 "GET /v2.0/ports?device_id=0fd6c0bb-5b33-4706-bd71-d372d47b48b0 HTTP/1.1" status: 200  len: 1124 time: 0.0999241
2018-09-29 10:42:54.472 13249 INFO neutron.wsgi [req-66e4811f-ee0e-42f0-acd3-890e92bd9ec5 52db2c2bb2754474a9e626ac3befb2ef 2826c499828f44719ccb8a386423ec45 - default default] 10.0.20.36 "GET /v2.0/security-groups?id=2cd0f261-8adc-41cd-ab58-1b728be49e5e HTTP/1.1" status: 200  len: 2118 time: 0.0832450
2018-09-29 10:42:55.293 13252 INFO neutron.wsgi [req-9bf007ba-522e-43b6-b3ee-a6be21261144 52db2c2bb2754474a9e626ac3befb2ef 2826c499828f44719ccb8a386423ec45 - default default] 10.0.20.36 "GET /v2.0/ports?device_id=0fd6c0bb-5b33-4706-bd71-d372d47b48b0 HTTP/1.1" status: 200  len: 1124 time: 0.4912112
2018-09-29 10:42:55.383 13252 INFO neutron.wsgi [req-6ada9c95-40e8-4cf8-93e3-c7667d8404ee 52db2c2bb2754474a9e626ac3befb2ef 2826c499828f44719ccb8a386423ec45 - default default] 10.0.20.36 "GET /v2.0/security-groups?id=2cd0f261-8adc-41cd-ab58-1b728be49e5e HTTP/1.1" status: 200  len: 2118 time: 0.0846779
2018-09-29 10:42:56.500 13252 INFO neutron.wsgi [req-7a9ec560-ef60-40d8-8dca-31322ee52ba7 52db2c2bb2754474a9e626ac3befb2ef 2826c499828f44719ccb8a386423ec45 - default default] 10.0.20.36 "GET /v2.0/ports?device_id=0fd6c0bb-5b33-4706-bd71-d372d47b48b0 HTTP/1.1" status: 200  len: 1124 time: 0.0977941
2018-09-29 10:42:56.621 13252 INFO neutron.wsgi [req-cfca2131-d552-4766-9951-1b4dfae9729a 52db2c2bb2754474a9e626ac3befb2ef 2826c499828f44719ccb8a386423ec45 - default default] 10.0.20.36 "GET /v2.0/security-groups?id=2cd0f261-8adc-41cd-ab58-1b728be49e5e HTTP/1.1" status: 200  len: 2118 time: 0.1151989
2018-09-29 10:42:57.321 13259 DEBUG neutron_lib.callbacks.manager [req-223d2181-6932-4811-a6d0-74b02a5cc99d - - - - -] Notify callbacks ['neutron.services.segments.db._update_segment_host_mapping_for_agent-8781571709354'] for agent, after_update _notify_loop /usr/lib/python2.7/site-packages/neutron_lib/callbacks/manager.py:167
2018-09-29 10:42:57.320 13261 DEBUG neutron_lib.callbacks.manager [req-467863ea-b39b-43ba-a749-a43fb0eba283 - - - - -] Notify callbacks ['neutron.services.segments.db._update_segment_host_mapping_for_agent-8781571709354'] for agent, after_update _notify_loop /usr/lib/python2.7/site-packages/neutron_lib/callbacks/manager.py:167
2018-09-29 10:42:57.342 13255 DEBUG neutron_lib.callbacks.manager [req-5aa27692-c239-4efe-9ef0-3b15900b10a8 - - - - -] Notify callbacks ['neutron.services.segments.db._update_segment_host_mapping_for_agent-8781571709354'] for agent, after_update _notify_loop /usr/lib/python2.7/site-packages/neutron_lib/callbacks/manager.py:167
2018-09-29 10:42:57.823 13250 INFO neutron.wsgi [req-29ff4110-5c3a-469f-882e-6cfeca54b187 52db2c2bb2754474a9e626ac3befb2ef 2826c499828f44719ccb8a386423ec45 - default default] 10.0.20.36 "GET /v2.0/ports?device_id=0fd6c0bb-5b33-4706-bd71-d372d47b48b0 HTTP/1.1" status: 200  len: 1124 time: 0.5655770
2018-09-29 10:42:57.928 13254 DEBUG neutron_lib.callbacks.manager [req-712d1d74-1153-4a32-9cfe-d2c88af73cfa - - - - -] Notify callbacks ['neutron.services.segments.db._update_segment_host_mapping_for_agent-8781571709354'] for agent, after_update _notify_loop /usr/lib/python2.7/site-packages/neutron_lib/callbacks/manager.py:167
2018-09-29 10:42:57.943 13250 INFO neutron.wsgi [req-16f6ea04-3abe-4ad7-a229-5c810842c2e1 52db2c2bb2754474a9e626ac3befb2ef 2826c499828f44719ccb8a386423ec45 - default default] 10.0.20.36 "GET /v2.0/security-groups?id=2cd0f261-8adc-41cd-ab58-1b728be49e5e HTTP/1.1" status: 200  len: 2118 time: 0.1122489
2018-09-29 10:42:58.375 13249 INFO neutron.wsgi [req-882b5427-4a89-4fc0-9d17-5bcf50b189af 52db2c2bb2754474a9e626ac3befb2ef 2826c499828f44719ccb8a386423ec45 - default default] 10.0.20.36 "GET /v2.0/ports?device_id=0fd6c0bb-5b33-4706-bd71-d372d47b48b0 HTTP/1.1" status: 200  len: 1124 time: 0.0904970
2018-09-29 10:42:58.483 13249 INFO neutron.wsgi [req-5d874451-549f-46d4-aec1-d26a3c7dcafa 52db2c2bb2754474a9e626ac3befb2ef 2826c499828f44719ccb8a386423ec45 - default default] 10.0.20.36 "GET /v2.0/security-groups?id=2cd0f261-8adc-41cd-ab58-1b728be49e5e HTTP/1.1" status: 200  len: 2118 time: 0.1024349
2018-09-29 10:43:11.096 13262 DEBUG neutron_lib.callbacks.manager [req-d4262e2f-bfb7-4f9d-b1cd-27f109421e91 - - - - -] Notify callbacks ['neutron.services.segments.db._update_segment_host_mapping_for_agent-8781571709354'] for agent, after_update _notify_loop /usr/lib/python2.7/site-packages/neutron_lib/callbacks/manager.py:167
2018-09-29 10:43:16.860 13253 INFO neutron.wsgi [req-47ca73d0-cf96-4034-8f14-08e5f532c4cf 52db2c2bb2754474a9e626ac3befb2ef 2826c499828f44719ccb8a386423ec45 - default default] 10.0.20.36 "GET /v2.0/ports?tenant_id=718da2fc113b49f08d27c53f86dd6675&device_id=0fd6c0bb-5b33-4706-bd71-d372d47b48b0 HTTP/1.1" status: 200  len: 1124 time: 0.1089509
2018-09-29 10:43:17.097 13253 DEBUG neutron.pecan_wsgi.hooks.policy_enforcement [req-4fc5c8b4-6033-4624-b6fa-c906eac41711 52db2c2bb2754474a9e626ac3befb2ef 2826c499828f44719ccb8a386423ec45 - default default] Attributes excluded by policy engine: [u'vlan_transparent'] _exclude_attributes_by_policy /usr/lib/python2.7/site-packages/neutron/pecan_wsgi/hooks/policy_enforcement.py:256
2018-09-29 10:43:17.100 13253 INFO neutron.wsgi [req-4fc5c8b4-6033-4624-b6fa-c906eac41711 52db2c2bb2754474a9e626ac3befb2ef 2826c499828f44719ccb8a386423ec45 - default default] 10.0.20.36 "GET /v2.0/networks?id=dfe1b9ba-a6a4-4ed4-8f18-e7b1cedf86ec HTTP/1.1" status: 200  len: 885 time: 0.2349379
2018-09-29 10:43:17.141 13253 INFO neutron.wsgi [req-703fabc8-d6d2-44c2-8cf5-b4e21dbd3f99 52db2c2bb2754474a9e626ac3befb2ef 2826c499828f44719ccb8a386423ec45 - default default] 10.0.20.36 "GET /v2.0/floatingips?fixed_ip_address=11.52.1.10&port_id=bc4dc549-b5df-4945-8118-f39df36a2b93 HTTP/1.1" status: 200  len: 751 time: 0.0345600
2018-09-29 10:43:17.255 13253 DEBUG neutron.pecan_wsgi.hooks.policy_enforcement [req-e59fc6e0-8f5f-4fc6-9639-cd2d6fc857e6 52db2c2bb2754474a9e626ac3befb2ef 2826c499828f44719ccb8a386423ec45 - default default] Attributes excluded by policy engine: [u'shared'] _exclude_attributes_by_policy /usr/lib/python2.7/site-packages/neutron/pecan_wsgi/hooks/policy_enforcement.py:256
2018-09-29 10:43:17.258 13253 INFO neutron.wsgi [req-e59fc6e0-8f5f-4fc6-9639-cd2d6fc857e6 52db2c2bb2754474a9e626ac3befb2ef 2826c499828f44719ccb8a386423ec45 - default default] 10.0.20.36 "GET /v2.0/subnets?id=02467707-939b-4f4c-8899-361c1077ee6e HTTP/1.1" status: 200  len: 843 time: 0.1123960
2018-09-29 10:43:17.582 13253 INFO neutron.wsgi [req-b8ccf3b8-c921-4eb8-a8a1-7dd04ff5df28 52db2c2bb2754474a9e626ac3befb2ef 2826c499828f44719ccb8a386423ec45 - default default] 10.0.20.36 "GET /v2.0/ports?network_id=dfe1b9ba-a6a4-4ed4-8f18-e7b1cedf86ec&device_owner=network%3Adhcp HTTP/1.1" status: 200  len: 1127 time: 0.3180099
2018-09-29 10:43:18.508 13252 DEBUG neutron.wsgi [-] (13252) accepted ('10.0.20.36', 57058) server /usr/lib/python2.7/site-packages/eventlet/wsgi.py:883
2018-09-29 10:43:18.512 13252 INFO neutron.wsgi [-] 10.0.20.36 "GET / HTTP/1.1" status: 200  len: 252 time: 0.0017240
2018-09-29 10:43:18.971 13252 INFO neutron.api.v2.resource [req-199eca8d-ab35-43f0-aca6-48d9eca5cf7f f3c066f308ec4c0ab58653e7d22754c1 718da2fc113b49f08d27c53f86dd6675 - 9a4668975ac04d3ea253b3276f97f176 9a4668975ac04d3ea253b3276f97f176] show failed (client error): The resource could not be found.
2018-09-29 10:43:18.973 13252 INFO neutron.wsgi [req-199eca8d-ab35-43f0-aca6-48d9eca5cf7f f3c066f308ec4c0ab58653e7d22754c1 718da2fc113b49f08d27c53f86dd6675 - 9a4668975ac04d3ea253b3276f97f176 9a4668975ac04d3ea253b3276f97f176] 10.0.20.36 "GET /v2.0/floatingips/172.24.4.14 HTTP/1.1" status: 404  len: 325 time: 0.4556201
2018-09-29 10:43:19.021 13252 INFO neutron.wsgi [req-2da8d4a6-44a1-47a8-a068-3262a06b96c9 f3c066f308ec4c0ab58653e7d22754c1 718da2fc113b49f08d27c53f86dd6675 - 9a4668975ac04d3ea253b3276f97f176 9a4668975ac04d3ea253b3276f97f176] 10.0.20.36 "GET /v2.0/floatingips HTTP/1.1" status: 200  len: 1209 time: 0.0422540
2018-09-29 10:43:19.090 13252 DEBUG neutron.plugins.ml2.plugin [req-c55cccb5-9167-4838-b144-e9f2b2cce948 f3c066f308ec4c0ab58653e7d22754c1 718da2fc113b49f08d27c53f86dd6675 - 9a4668975ac04d3ea253b3276f97f176 9a4668975ac04d3ea253b3276f97f176] Deleting port 840eb0f4-fd29-41b2-9414-3bba771703ed _pre_delete_port /usr/lib/python2.7/site-packages/neutron/plugins/ml2/plugin.py:1488
2018-09-29 10:43:19.091 13252 DEBUG neutron_lib.callbacks.manager [req-c55cccb5-9167-4838-b144-e9f2b2cce948 f3c066f308ec4c0ab58653e7d22754c1 718da2fc113b49f08d27c53f86dd6675 - 9a4668975ac04d3ea253b3276f97f176 9a4668975ac04d3ea253b3276f97f176] Notify callbacks ['neutron.db.l3_db._prevent_l3_port_delete_callback--9223363255282863002'] for port, before_delete _notify_loop /usr/lib/python2.7/site-packages/neutron_lib/callbacks/manager.py:167
2018-09-29 10:43:19.448 13252 DEBUG neutron.plugins.ml2.plugin [req-c55cccb5-9167-4838-b144-e9f2b2cce948 f3c066f308ec4c0ab58653e7d22754c1 718da2fc113b49f08d27c53f86dd6675 - 9a4668975ac04d3ea253b3276f97f176 9a4668975ac04d3ea253b3276f97f176] Calling delete_port for 840eb0f4-fd29-41b2-9414-3bba771703ed owned by network:floatingip delete_port /usr/lib/python2.7/site-packages/neutron/plugins/ml2/plugin.py:1547
2018-09-29 10:43:19.670 13252 DEBUG neutron_lib.callbacks.manager [req-c55cccb5-9167-4838-b144-e9f2b2cce948 f3c066f308ec4c0ab58653e7d22754c1 718da2fc113b49f08d27c53f86dd6675 - 9a4668975ac04d3ea253b3276f97f176 9a4668975ac04d3ea253b3276f97f176] Notify callbacks ['neutron.api.rpc.agentnotifiers.dhcp_rpc_agent_api.DhcpAgentNotifyAPI._native_event_send_dhcp_notification-683946', 'neutron.plugins.ml2.plugin.Ml2Plugin.notify_sg_on_port_change-16505996', 'neutron.plugins.ml2.ovo_rpc._ObjectChangeHandler.handle_event--9223372036854205534', 'neutron.services.segments.plugin.NovaSegmentNotifier._notify_port_created_or_deleted-1442333', 'neutron.db.l3_db._notify_routers_callback-8781571886657', 'neutron.db.l3_dvrscheduler_db._notify_port_delete--9223363255283428958'] for port, after_delete _notify_loop /usr/lib/python2.7/site-packages/neutron_lib/callbacks/manager.py:167
2018-09-29 10:43:19.919 13252 DEBUG oslo_concurrency.lockutils [-] Lock "event-dispatch" acquired by "neutron.plugins.ml2.ovo_rpc.dispatch_events" :: waited 0.000s inner /usr/lib/python2.7/site-packages/oslo_concurrency/lockutils.py:270
2018-09-29 10:43:20.004 13252 DEBUG neutron.api.rpc.handlers.resources_rpc [req-c55cccb5-9167-4838-b144-e9f2b2cce948 f3c066f308ec4c0ab58653e7d22754c1 718da2fc113b49f08d27c53f86dd6675 - - -] neutron.api.rpc.handlers.resources_rpc.ResourcesPushRpcApi method push called with arguments (<neutron_lib.context.Context object at 0x7fc9e66cc450>, [Port(admin_state_up=<?>,allowed_address_pairs=<?>,binding=<?>,binding_levels=<?>,created_at=<?>,data_plane_status=<?>,description=<?>,device_id=<?>,device_owner=<?>,dhcp_options=<?>,distributed_binding=<?>,dns=<?>,fixed_ips=<?>,id=840eb0f4-fd29-41b2-9414-3bba771703ed,mac_address=<?>,name=<?>,network_id=<?>,project_id=<?>,qos_policy_id=None,revision_number=<?>,security=<?>,security_group_ids=None,status=<?>,updated_at=<?>)], 'deleted') {} wrapper /usr/lib/python2.7/site-packages/oslo_log/helpers.py:66
2018-09-29 10:43:20.020 13252 DEBUG neutron.api.rpc.callbacks.version_manager [req-c55cccb5-9167-4838-b144-e9f2b2cce948 f3c066f308ec4c0ab58653e7d22754c1 718da2fc113b49f08d27c53f86dd6675 - - -] Version for resource type Subnet changed None to 1.0 on consumer Open vSwitch agent@localhost.localdomain _set_version /usr/lib/python2.7/site-packages/neutron/api/rpc/callbacks/version_manager.py:119
2018-09-29 10:43:20.021 13252 DEBUG neutron.api.rpc.callbacks.version_manager [req-c55cccb5-9167-4838-b144-e9f2b2cce948 f3c066f308ec4c0ab58653e7d22754c1 718da2fc113b49f08d27c53f86dd6675 - - -] Version for resource type Network changed None to 1.0 on consumer Open vSwitch agent@localhost.localdomain _set_version /usr/lib/python2.7/site-packages/neutron/api/rpc/callbacks/version_manager.py:119
2018-09-29 10:43:20.022 13252 DEBUG neutron.api.rpc.callbacks.version_manager [req-c55cccb5-9167-4838-b144-e9f2b2cce948 f3c066f308ec4c0ab58653e7d22754c1 718da2fc113b49f08d27c53f86dd6675 - - -] Version for resource type SubPort changed None to 1.0 on consumer Open vSwitch agent@localhost.localdomain _set_version /usr/lib/python2.7/site-packages/neutron/api/rpc/callbacks/version_manager.py:119
2018-09-29 10:43:20.023 13252 DEBUG neutron.api.rpc.callbacks.version_manager [req-c55cccb5-9167-4838-b144-e9f2b2cce948 f3c066f308ec4c0ab58653e7d22754c1 718da2fc113b49f08d27c53f86dd6675 - - -] Version for resource type SecurityGroup changed None to 1.0 on consumer Open vSwitch agent@localhost.localdomain _set_version /usr/lib/python2.7/site-packages/neutron/api/rpc/callbacks/version_manager.py:119
2018-09-29 10:43:20.023 13252 DEBUG neutron.api.rpc.callbacks.version_manager [req-c55cccb5-9167-4838-b144-e9f2b2cce948 f3c066f308ec4c0ab58653e7d22754c1 718da2fc113b49f08d27c53f86dd6675 - - -] Version for resource type SecurityGroupRule changed None to 1.0 on consumer Open vSwitch agent@localhost.localdomain _set_version /usr/lib/python2.7/site-packages/neutron/api/rpc/callbacks/version_manager.py:119
2018-09-29 10:43:20.024 13252 DEBUG neutron.api.rpc.callbacks.version_manager [req-c55cccb5-9167-4838-b144-e9f2b2cce948 f3c066f308ec4c0ab58653e7d22754c1 718da2fc113b49f08d27c53f86dd6675 - - -] Version for resource type Trunk changed None to 1.1 on consumer Open vSwitch agent@localhost.localdomain _set_version /usr/lib/python2.7/site-packages/neutron/api/rpc/callbacks/version_manager.py:119
2018-09-29 10:43:20.025 13252 DEBUG neutron.api.rpc.callbacks.version_manager [req-c55cccb5-9167-4838-b144-e9f2b2cce948 f3c066f308ec4c0ab58653e7d22754c1 718da2fc113b49f08d27c53f86dd6675 - - -] Version for resource type QosPolicy changed None to 1.6 on consumer Open vSwitch agent@localhost.localdomain _set_version /usr/lib/python2.7/site-packages/neutron/api/rpc/callbacks/version_manager.py:119
2018-09-29 10:43:20.025 13252 DEBUG neutron.api.rpc.callbacks.version_manager [req-c55cccb5-9167-4838-b144-e9f2b2cce948 f3c066f308ec4c0ab58653e7d22754c1 718da2fc113b49f08d27c53f86dd6675 - - -] Version for resource type Port changed None to 1.1 on consumer Open vSwitch agent@localhost.localdomain _set_version /usr/lib/python2.7/site-packages/neutron/api/rpc/callbacks/version_manager.py:119
2018-09-29 10:43:20.026 13252 DEBUG neutron.api.rpc.callbacks.version_manager [req-c55cccb5-9167-4838-b144-e9f2b2cce948 f3c066f308ec4c0ab58653e7d22754c1 718da2fc113b49f08d27c53f86dd6675 - - -] Version for resource type Log changed None to 1.0 on consumer Open vSwitch agent@localhost.localdomain _set_version /usr/lib/python2.7/site-packages/neutron/api/rpc/callbacks/version_manager.py:119
2018-09-29 10:43:20.047 13252 DEBUG oslo_concurrency.lockutils [req-c55cccb5-9167-4838-b144-e9f2b2cce948 f3c066f308ec4c0ab58653e7d22754c1 718da2fc113b49f08d27c53f86dd6675 - - -] Lock "event-dispatch" released by "neutron.plugins.ml2.ovo_rpc.dispatch_events" :: held 0.128s inner /usr/lib/python2.7/site-packages/oslo_concurrency/lockutils.py:282
2018-09-29 10:43:20.798 13252 DEBUG neutron.scheduler.l3_agent_scheduler [req-c55cccb5-9167-4838-b144-e9f2b2cce948 f3c066f308ec4c0ab58653e7d22754c1 718da2fc113b49f08d27c53f86dd6675 - 9a4668975ac04d3ea253b3276f97f176 9a4668975ac04d3ea253b3276f97f176] Router 2dcaec0d-41ce-4b6b-a187-de14a0720a9b has already been hosted by L3 agent c95931d1-846c-45d1-8e0c-72fb3c900644 _get_candidates /usr/lib/python2.7/site-packages/neutron/scheduler/l3_agent_scheduler.py:141
2018-09-29 10:43:20.930 13252 DEBUG neutron.api.rpc.agentnotifiers.l3_rpc_agent_api [req-c55cccb5-9167-4838-b144-e9f2b2cce948 f3c066f308ec4c0ab58653e7d22754c1 718da2fc113b49f08d27c53f86dd6675 - 9a4668975ac04d3ea253b3276f97f176 9a4668975ac04d3ea253b3276f97f176] Notify agent at l3_agent.localhost.localdomain the message routers_updated _agent_notification /usr/lib/python2.7/site-packages/neutron/api/rpc/agentnotifiers/l3_rpc_agent_api.py:69
2018-09-29 10:43:20.948 13252 DEBUG neutron.quota.resource [req-c55cccb5-9167-4838-b144-e9f2b2cce948 f3c066f308ec4c0ab58653e7d22754c1 718da2fc113b49f08d27c53f86dd6675 - 9a4668975ac04d3ea253b3276f97f176 9a4668975ac04d3ea253b3276f97f176] Persisted dirty status for tenant:718da2fc113b49f08d27c53f86dd6675 on resource:floatingip mark_dirty /usr/lib/python2.7/site-packages/neutron/quota/resource.py:207
2018-09-29 10:43:20.956 13252 DEBUG neutron.quota.resource [req-c55cccb5-9167-4838-b144-e9f2b2cce948 f3c066f308ec4c0ab58653e7d22754c1 718da2fc113b49f08d27c53f86dd6675 - 9a4668975ac04d3ea253b3276f97f176 9a4668975ac04d3ea253b3276f97f176] Persisted dirty status for tenant: on resource:port mark_dirty /usr/lib/python2.7/site-packages/neutron/quota/resource.py:207
2018-09-29 10:43:20.961 13252 DEBUG neutron_lib.callbacks.manager [req-c55cccb5-9167-4838-b144-e9f2b2cce948 f3c066f308ec4c0ab58653e7d22754c1 718da2fc113b49f08d27c53f86dd6675 - 9a4668975ac04d3ea253b3276f97f176 9a4668975ac04d3ea253b3276f97f176] Notify callbacks ['neutron.notifiers.nova.Notifier._send_nova_notification--9223372036854774777'] for floatingip, before_response _notify_loop /usr/lib/python2.7/site-packages/neutron_lib/callbacks/manager.py:167
2018-09-29 10:43:20.965 13256 DEBUG neutron.db.l3_hamode_db [req-4a242799-6306-4473-a179-e921163c4d98 - - - - -] neutron.services.l3_router.l3_router_plugin.L3RouterPlugin method get_ha_sync_data_for_host called with arguments (<neutron_lib.context.Context object at 0x7fc9e6653c10>, u'localhost.localdomain', <neutron.db.models.agent.Agent[object at 7fc9e64fc1d0] {id=u'c95931d1-846c-45d1-8e0c-72fb3c900644', agent_type=u'L3 agent', binary=u'neutron-l3-agent', topic=u'l3_agent', host=u'localhost.localdomain', availability_zone=u'nova', admin_state_up=True, created_at=datetime.datetime(2018, 9, 12, 22, 21, 46), started_at=datetime.datetime(2018, 9, 29, 14, 21, 27), heartbeat_timestamp=datetime.datetime(2018, 9, 29, 14, 42, 57), description=None, configurations=u'{"agent_mode": "legacy", "gateway_external_network_id": "", "handle_internal_only_routers": true, "routers": 2, "interfaces": 2, "floating_ips": 1, "interface_driver": "neutron.agent.linux.interface.OVSInterfaceDriver", "log_agent_heartbeats": false, "external_network_bridge": "", "ex_gw_ports": 2}', resource_versions=None, load=0}>) {'active': True, 'router_ids': ['2dcaec0d-41ce-4b6b-a187-de14a0720a9b']} wrapper /usr/lib/python2.7/site-packages/oslo_log/helpers.py:66
2018-09-29 10:43:21.024 13252 INFO neutron.wsgi [req-c55cccb5-9167-4838-b144-e9f2b2cce948 f3c066f308ec4c0ab58653e7d22754c1 718da2fc113b49f08d27c53f86dd6675 - 9a4668975ac04d3ea253b3276f97f176 9a4668975ac04d3ea253b3276f97f176] 10.0.20.36 "DELETE /v2.0/floatingips/ec671105-63ff-4068-8ca8-be0089b3e834 HTTP/1.1" status: 204  len: 173 time: 1.9977310
2018-09-29 10:43:21.026 13252 DEBUG oslo_concurrency.lockutils [-] Lock "notifier-da43e2ee-5e0a-4c21-b09d-cda09eeada30" acquired by "neutron.notifiers.batch_notifier.synced_send" :: waited 0.000s inner /usr/lib/python2.7/site-packages/oslo_concurrency/lockutils.py:270
2018-09-29 10:43:21.026 13252 DEBUG neutron.notifiers.nova [-] Sending events: [{'tag': u'bc4dc549-b5df-4945-8118-f39df36a2b93', 'name': 'network-changed', 'server_uuid': u'0fd6c0bb-5b33-4706-bd71-d372d47b48b0'}] send_events /usr/lib/python2.7/site-packages/neutron/notifiers/nova.py:242
2018-09-29 10:43:21.506 13256 DEBUG neutron.db.l3_hamode_db [req-4a242799-6306-4473-a179-e921163c4d98 - - - - -] neutron.services.l3_router.l3_router_plugin.L3RouterPlugin method _process_sync_ha_data called with arguments (<neutron_lib.context.Context object at 0x7fc9e6653c10>, [{'status': u'ACTIVE', '_interfaces': [{'status': u'ACTIVE', 'subnets': [{'dns_nameservers': [u'8.8.4.4'], 'ipv6_ra_mode': None, 'gateway_ip': u'11.52.1.1', 'cidr': u'11.52.1.0/24', 'id': u'02467707-939b-4f4c-8899-361c1077ee6e', 'subnetpool_id': None}], 'binding:host_id': u'localhost.localdomain', 'description': u'', 'allowed_address_pairs': [], 'tags': [], 'extra_dhcp_opts': [], 'updated_at': '2018-09-29T14:39:38Z', 'device_owner': u'network:router_interface', 'revision_number': 7, 'port_security_enabled': False, 'binding:profile': {}, 'mtu': 1450, 'fixed_ips': [{'subnet_id': u'02467707-939b-4f4c-8899-361c1077ee6e', 'prefixlen': 24, 'ip_address': u'11.52.1.1'}], 'id': u'1786c2ab-d6c5-48d6-a92b-ee47111207ac', 'security_groups': [], 'device_id': u'2dcaec0d-41ce-4b6b-a187-de14a0720a9b', 'name': u'', 'admin_state_up': True, 'network_id': u'dfe1b9ba-a6a4-4ed4-8f18-e7b1cedf86ec', 'tenant_id': u'718da2fc113b49f08d27c53f86dd6675', 'binding:vif_details': {u'port_filter': True, u'datapath_type': u'system', u'ovs_hybrid_plug': True}, 'address_scopes': {4: None, 6: None}, 'binding:vnic_type': u'normal', 'binding:vif_type': u'ovs', 'mac_address': u'fa:16:3e:30:81:0e', 'project_id': u'718da2fc113b49f08d27c53f86dd6675', 'extra_subnets': [], 'created_at': '2018-09-29T14:39:31Z'}], 'enable_snat': True, 'ha_vr_id': 0, 'description': u'', 'tags': [], 'gw_port': {'status': u'ACTIVE', 'subnets': [{'dns_nameservers': [], 'ipv6_ra_mode': None, 'gateway_ip': u'172.24.4.1', 'cidr': u'172.24.4.0/24', 'id': u'ee2b427c-1494-4c9a-94e6-33722268815a', 'subnetpool_id': None}], 'binding:host_id': u'localhost.localdomain', 'description': u'', 'allowed_address_pairs': [], 'tags': [], 'extra_dhcp_opts': [], 'updated_at': '2018-09-29T14:39:48Z', 'device_owner': u'network:router_gateway', 'revision_number': 6, 'port_security_enabled': False, 'binding:profile': {}, 'mtu': 1500, 'fixed_ips': [{'subnet_id': u'ee2b427c-1494-4c9a-94e6-33722268815a', 'prefixlen': 24, 'ip_address': u'172.24.4.4'}], 'id': u'78fe01d3-e2e1-4784-b2e2-8f534e53709e', 'security_groups': [], 'device_id': u'2dcaec0d-41ce-4b6b-a187-de14a0720a9b', 'name': u'', 'admin_state_up': True, 'network_id': u'c140d30c-ba37-4570-9e0b-48390f7eeee1', 'tenant_id': u'', 'binding:vif_details': {u'port_filter': True, u'datapath_type': u'system', u'ovs_hybrid_plug': True}, 'address_scopes': {4: None, 6: None}, 'binding:vnic_type': u'normal', 'binding:vif_type': u'ovs', 'mac_address': u'fa:16:3e:2b:2b:b4', 'project_id': u'', 'extra_subnets': [], 'created_at': '2018-09-29T14:39:43Z'}, 'updated_at': '2018-09-29T14:39:43Z', 'revision_number': 4, 'ha': False, 'id': u'2dcaec0d-41ce-4b6b-a187-de14a0720a9b', 'gw_port_host': u'localhost.localdomain', 'external_gateway_info': {'network_id': u'c140d30c-ba37-4570-9e0b-48390f7eeee1', 'enable_snat': True, 'external_fixed_ips': [{'subnet_id': u'ee2b427c-1494-4c9a-94e6-33722268815a', 'ip_address': u'172.24.4.4'}]}, 'availability_zone_hints': [], 'availability_zones': [u'nova'], 'name': u'tempest-router-1538231822', 'gw_port_id': u'78fe01d3-e2e1-4784-b2e2-8f534e53709e', 'admin_state_up': True, 'tenant_id': u'718da2fc113b49f08d27c53f86dd6675', 'created_at': '2018-09-29T14:39:14Z', 'distributed': False, 'flavor_id': None, 'routes': [], 'project_id': u'718da2fc113b49f08d27c53f86dd6675'}], u'localhost.localdomain', False) {} wrapper /usr/lib/python2.7/site-packages/oslo_log/helpers.py:66
2018-09-29 10:43:21.517 13256 DEBUG neutron.api.rpc.handlers.l3_rpc [req-4a242799-6306-4473-a179-e921163c4d98 - - - - -] Checking router: 2dcaec0d-41ce-4b6b-a187-de14a0720a9b for host: localhost.localdomain _ensure_host_set_on_ports /usr/lib/python2.7/site-packages/neutron/api/rpc/handlers/l3_rpc.py:135
2018-09-29 10:43:21.698 13263 DEBUG neutron.api.rpc.handlers.l3_rpc [req-d2c44f54-853e-47e4-ae36-cd5f3c805c6d - - - - -] New status for floating IP ec671105-63ff-4068-8ca8-be0089b3e834: DOWN update_floatingip_statuses /usr/lib/python2.7/site-packages/neutron/api/rpc/handlers/l3_rpc.py:252
2018-09-29 10:43:21.834 13252 DEBUG novaclient.v2.client [-] REQ: curl -g -i -X POST http://10.0.20.36:8774/v2.1/2826c499828f44719ccb8a386423ec45/os-server-external-events -H "User-Agent: python-novaclient" -H "Content-Type: application/json" -H "Accept: application/json" -H "X-OpenStack-Nova-API-Version: 2.1" -H "X-Auth-Token: {SHA1}6c5dd74daf19d67658569c4308f1a2146ac83968" -d '{"events": [{"tag": "bc4dc549-b5df-4945-8118-f39df36a2b93", "name": "network-changed", "server_uuid": "0fd6c0bb-5b33-4706-bd71-d372d47b48b0"}]}' _http_log_request /usr/lib/python2.7/site-packages/keystoneauth1/session.py:375
2018-09-29 10:43:22.327 13252 DEBUG novaclient.v2.client [-] RESP: [200] Content-Length: 179 Content-Type: application/json Openstack-Api-Version: compute 2.1 X-Openstack-Nova-Api-Version: 2.1 Vary: OpenStack-API-Version, X-OpenStack-Nova-API-Version X-Openstack-Request-Id: req-8e7484c7-3b88-4a5a-b9c7-6e94d20d6326 X-Compute-Request-Id: req-8e7484c7-3b88-4a5a-b9c7-6e94d20d6326 Date: Sat, 29 Sep 2018 14:43:22 GMT Connection: keep-alive 
RESP BODY: {"events": [{"status": "completed", "tag": "bc4dc549-b5df-4945-8118-f39df36a2b93", "name": "network-changed", "server_uuid": "0fd6c0bb-5b33-4706-bd71-d372d47b48b0", "code": 200}]}
 _http_log_response /usr/lib/python2.7/site-packages/keystoneauth1/session.py:423
2018-09-29 10:43:22.328 13252 DEBUG novaclient.v2.client [-] POST call to compute for http://10.0.20.36:8774/v2.1/2826c499828f44719ccb8a386423ec45/os-server-external-events used request id req-8e7484c7-3b88-4a5a-b9c7-6e94d20d6326 request /usr/lib/python2.7/site-packages/keystoneauth1/session.py:727
2018-09-29 10:43:22.336 13252 INFO neutron.notifiers.nova [-] Nova event response: {u'status': u'completed', u'tag': u'bc4dc549-b5df-4945-8118-f39df36a2b93', u'name': u'network-changed', u'server_uuid': u'0fd6c0bb-5b33-4706-bd71-d372d47b48b0', u'code': 200}
2018-09-29 10:43:22.453 13253 INFO neutron.wsgi [req-70b5f8c1-f66f-489d-811b-c4cebcac7d26 52db2c2bb2754474a9e626ac3befb2ef 2826c499828f44719ccb8a386423ec45 - default default] 10.0.20.36 "GET /v2.0/ports?tenant_id=718da2fc113b49f08d27c53f86dd6675&device_id=0fd6c0bb-5b33-4706-bd71-d372d47b48b0 HTTP/1.1" status: 200  len: 1124 time: 0.0919969
2018-09-29 10:43:22.683 13253 DEBUG neutron.pecan_wsgi.hooks.policy_enforcement [req-13ada2d9-2264-4137-a49b-3154595214b6 52db2c2bb2754474a9e626ac3befb2ef 2826c499828f44719ccb8a386423ec45 - default default] Attributes excluded by policy engine: [u'vlan_transparent'] _exclude_attributes_by_policy /usr/lib/python2.7/site-packages/neutron/pecan_wsgi/hooks/policy_enforcement.py:256
2018-09-29 10:43:22.689 13253 INFO neutron.wsgi [req-13ada2d9-2264-4137-a49b-3154595214b6 52db2c2bb2754474a9e626ac3befb2ef 2826c499828f44719ccb8a386423ec45 - default default] 10.0.20.36 "GET /v2.0/networks?id=dfe1b9ba-a6a4-4ed4-8f18-e7b1cedf86ec HTTP/1.1" status: 200  len: 885 time: 0.2293711
2018-09-29 10:43:22.726 13253 INFO neutron.wsgi [req-f03a7da3-5a2a-4c09-bd61-44ac3a0bd1ca 52db2c2bb2754474a9e626ac3befb2ef 2826c499828f44719ccb8a386423ec45 - default default] 10.0.20.36 "GET /v2.0/floatingips?fixed_ip_address=11.52.1.10&port_id=bc4dc549-b5df-4945-8118-f39df36a2b93 HTTP/1.1" status: 200  len: 217 time: 0.0308080
2018-09-29 10:43:22.827 13253 DEBUG neutron.pecan_wsgi.hooks.policy_enforcement [req-0690066f-f1e6-451f-8990-28e339dcf8f9 52db2c2bb2754474a9e626ac3befb2ef 2826c499828f44719ccb8a386423ec45 - default default] Attributes excluded by policy engine: [u'shared'] _exclude_attributes_by_policy /usr/lib/python2.7/site-packages/neutron/pecan_wsgi/hooks/policy_enforcement.py:256
2018-09-29 10:43:22.829 13253 INFO neutron.wsgi [req-0690066f-f1e6-451f-8990-28e339dcf8f9 52db2c2bb2754474a9e626ac3befb2ef 2826c499828f44719ccb8a386423ec45 - default default] 10.0.20.36 "GET /v2.0/subnets?id=02467707-939b-4f4c-8899-361c1077ee6e HTTP/1.1" status: 200  len: 843 time: 0.0972359
2018-09-29 10:43:22.939 13253 INFO neutron.wsgi [req-7329b2d6-1640-4d25-aa29-125e058083d3 52db2c2bb2754474a9e626ac3befb2ef 2826c499828f44719ccb8a386423ec45 - default default] 10.0.20.36 "GET /v2.0/ports?network_id=dfe1b9ba-a6a4-4ed4-8f18-e7b1cedf86ec&device_owner=network%3Adhcp HTTP/1.1" status: 200  len: 1127 time: 0.1043870
2018-09-29 10:43:24.337 13252 DEBUG oslo_concurrency.lockutils [-] Lock "notifier-da43e2ee-5e0a-4c21-b09d-cda09eeada30" released by "neutron.notifiers.batch_notifier.synced_send" :: held 3.311s inner /usr/lib/python2.7/site-packages/oslo_concurrency/lockutils.py:282
2018-09-29 10:43:27.069 13263 DEBUG neutron.db.agents_db [req-51789349-edc8-4b6c-8e15-35f50e2e98dc - - - - -] Agent healthcheck: found 5 active agents agent_health_check /usr/lib/python2.7/site-packages/neutron/db/agents_db.py:281
2018-09-29 10:43:27.250 13249 INFO neutron.wsgi [req-d7c47d79-3815-49e5-8416-4042a5ea7129 e386cb43209f41fcb7173020f656e97e 63d6ee59c98741e4acf874cc7755dc45 - default default] 10.0.20.36 "GET /v2.0/ports?device_id=0fd6c0bb-5b33-4706-bd71-d372d47b48b0 HTTP/1.1" status: 200  len: 1124 time: 0.5567079
2018-09-29 10:43:27.311 13257 DEBUG neutron_lib.callbacks.manager [req-223d2181-6932-4811-a6d0-74b02a5cc99d - - - - -] Notify callbacks ['neutron.services.segments.db._update_segment_host_mapping_for_agent-8781571709354'] for agent, after_update _notify_loop /usr/lib/python2.7/site-packages/neutron_lib/callbacks/manager.py:167
2018-09-29 10:43:27.319 13258 DEBUG neutron_lib.callbacks.manager [req-ae8db9c4-d4bc-400f-9a77-0d20d2df4a1b - - - - -] Notify callbacks ['neutron.services.segments.db._update_segment_host_mapping_for_agent-8781571709354'] for agent, after_update _notify_loop /usr/lib/python2.7/site-packages/neutron_lib/callbacks/manager.py:167
2018-09-29 10:43:27.357 13260 DEBUG neutron_lib.callbacks.manager [req-5aa27692-c239-4efe-9ef0-3b15900b10a8 - - - - -] Notify callbacks ['neutron.services.segments.db._update_segment_host_mapping_for_agent-8781571709354'] for agent, after_update _notify_loop /usr/lib/python2.7/site-packages/neutron_lib/callbacks/manager.py:167
2018-09-29 10:43:27.377 13249 INFO neutron.wsgi [req-1130c56e-ed12-4d79-a54b-6d5ae0e03769 e386cb43209f41fcb7173020f656e97e 63d6ee59c98741e4acf874cc7755dc45 - default default] 10.0.20.36 "GET /v2.0/security-groups?id=2cd0f261-8adc-41cd-ab58-1b728be49e5e HTTP/1.1" status: 200  len: 2118 time: 0.1213691
2018-09-29 10:43:27.931 13256 DEBUG neutron_lib.callbacks.manager [req-8dd23b6f-ff70-477d-a75d-7869f1c3f800 - - - - -] Notify callbacks ['neutron.services.segments.db._update_segment_host_mapping_for_agent-8781571709354'] for agent, after_update _notify_loop /usr/lib/python2.7/site-packages/neutron_lib/callbacks/manager.py:167
2018-09-29 10:43:34.273 13249 INFO neutron.wsgi [req-129da302-697a-4295-ae8d-e39c04cb23c5 e386cb43209f41fcb7173020f656e97e 63d6ee59c98741e4acf874cc7755dc45 - default default] 10.0.20.36 "GET /v2.0/ports?device_id=0fd6c0bb-5b33-4706-bd71-d372d47b48b0 HTTP/1.1" status: 200  len: 1124 time: 0.5507829
2018-09-29 10:43:34.377 13249 INFO neutron.wsgi [req-312113bb-5fca-43de-93f8-7aa77f592f26 e386cb43209f41fcb7173020f656e97e 63d6ee59c98741e4acf874cc7755dc45 - default default] 10.0.20.36 "GET /v2.0/security-groups?id=2cd0f261-8adc-41cd-ab58-1b728be49e5e HTTP/1.1" status: 200  len: 2118 time: 0.0978191
2018-09-29 10:43:35.915 13259 DEBUG neutron.plugins.ml2.rpc [req-d4262e2f-bfb7-4f9d-b1cd-27f109421e91 - - - - -] Device bc4dc549-b5df-4945-8118-f39df36a2b93 no longer exists at agent ovs-agent-localhost.localdomain update_device_down /usr/lib/python2.7/site-packages/neutron/plugins/ml2/rpc.py:213
2018-09-29 10:43:36.105 13259 DEBUG neutron_lib.callbacks.manager [req-d4262e2f-bfb7-4f9d-b1cd-27f109421e91 - - - - -] Notify callbacks ['neutron.plugins.ml2.plugin.Ml2Plugin._ensure_default_security_group_handler-16506667'] for port, before_update _notify_loop /usr/lib/python2.7/site-packages/neutron_lib/callbacks/manager.py:167
2018-09-29 10:43:36.164 13259 DEBUG oslo_concurrency.lockutils [-] Lock "notifier-da43e2ee-5e0a-4c21-b09d-cda09eeada30" acquired by "neutron.notifiers.batch_notifier.synced_send" :: waited 0.000s inner /usr/lib/python2.7/site-packages/oslo_concurrency/lockutils.py:270
2018-09-29 10:43:36.165 13259 DEBUG neutron.notifiers.nova [-] Sending events: [{'status': 'completed', 'tag': u'bc4dc549-b5df-4945-8118-f39df36a2b93', 'name': 'network-vif-unplugged', 'server_uuid': u'0fd6c0bb-5b33-4706-bd71-d372d47b48b0'}] send_events /usr/lib/python2.7/site-packages/neutron/notifiers/nova.py:242
2018-09-29 10:43:36.168 13259 DEBUG novaclient.v2.client [-] REQ: curl -g -i -X POST http://10.0.20.36:8774/v2.1/2826c499828f44719ccb8a386423ec45/os-server-external-events -H "User-Agent: python-novaclient" -H "Content-Type: application/json" -H "Accept: application/json" -H "X-OpenStack-Nova-API-Version: 2.1" -H "X-Auth-Token: {SHA1}216af573096699fbe04d137f2724f21e6e2648fb" -d '{"events": [{"status": "completed", "tag": "bc4dc549-b5df-4945-8118-f39df36a2b93", "name": "network-vif-unplugged", "server_uuid": "0fd6c0bb-5b33-4706-bd71-d372d47b48b0"}]}' _http_log_request /usr/lib/python2.7/site-packages/keystoneauth1/session.py:375
2018-09-29 10:43:36.171 13259 DEBUG neutron.plugins.ml2.db [req-d4262e2f-bfb7-4f9d-b1cd-27f109421e91 - - - - -] For port bc4dc549-b5df-4945-8118-f39df36a2b93, host localhost.localdomain, got binding levels [<neutron.plugins.ml2.models.PortBindingLevel[object at 7fc9e60e5610] {port_id=u'bc4dc549-b5df-4945-8118-f39df36a2b93', host=u'localhost.localdomain', level=0, driver=u'openvswitch', segment_id=u'f9a4d773-d200-438d-9488-931b150544a7'}>] get_binding_levels /usr/lib/python2.7/site-packages/neutron/plugins/ml2/db.py:106
2018-09-29 10:43:36.175 13259 DEBUG neutron_lib.callbacks.manager [req-d4262e2f-bfb7-4f9d-b1cd-27f109421e91 - - - - -] Notify callbacks ['neutron.db.l3_hascheduler_db._notify_l3_agent_ha_port_update-8781571346933', 'neutron.db.l3_dvrscheduler_db._notify_l3_agent_port_update-8781571346858', 'neutron.plugins.ml2.ovo_rpc._ObjectChangeHandler.handle_event--9223372036854205534', 'neutron.api.rpc.agentnotifiers.dhcp_rpc_agent_api.DhcpAgentNotifyAPI._native_event_send_dhcp_notification-683946', 'neutron.plugins.ml2.plugin.Ml2Plugin.notify_sg_on_port_change-16505996'] for port, after_update _notify_loop /usr/lib/python2.7/site-packages/neutron_lib/callbacks/manager.py:167
2018-09-29 10:43:36.182 13259 DEBUG oslo_concurrency.lockutils [-] Lock "event-dispatch" acquired by "neutron.plugins.ml2.ovo_rpc.dispatch_events" :: waited 0.000s inner /usr/lib/python2.7/site-packages/oslo_concurrency/lockutils.py:270
2018-09-29 10:43:36.293 13259 DEBUG novaclient.v2.client [-] RESP: [200] Content-Length: 185 Content-Type: application/json Openstack-Api-Version: compute 2.1 X-Openstack-Nova-Api-Version: 2.1 Vary: OpenStack-API-Version, X-OpenStack-Nova-API-Version X-Openstack-Request-Id: req-b77304d5-c874-45a1-8b73-a1ed9b464076 X-Compute-Request-Id: req-b77304d5-c874-45a1-8b73-a1ed9b464076 Date: Sat, 29 Sep 2018 14:43:36 GMT Connection: keep-alive 
RESP BODY: {"events": [{"status": "completed", "tag": "bc4dc549-b5df-4945-8118-f39df36a2b93", "name": "network-vif-unplugged", "server_uuid": "0fd6c0bb-5b33-4706-bd71-d372d47b48b0", "code": 200}]}
 _http_log_response /usr/lib/python2.7/site-packages/keystoneauth1/session.py:423
2018-09-29 10:43:36.294 13259 DEBUG novaclient.v2.client [-] POST call to compute for http://10.0.20.36:8774/v2.1/2826c499828f44719ccb8a386423ec45/os-server-external-events used request id req-b77304d5-c874-45a1-8b73-a1ed9b464076 request /usr/lib/python2.7/site-packages/keystoneauth1/session.py:727
2018-09-29 10:43:36.307 13259 INFO neutron.notifiers.nova [-] Nova event response: {u'status': u'completed', u'tag': u'bc4dc549-b5df-4945-8118-f39df36a2b93', u'name': u'network-vif-unplugged', u'server_uuid': u'0fd6c0bb-5b33-4706-bd71-d372d47b48b0', u'code': 200}
