2018-09-13 23:55:30.568 25563 DEBUG neutron.notifiers.nova [-] Sending events: [{'status': 'completed', 'tag': u'14f205c6-9d45-4489-993a-1a0cb3ec5943', 'name': 'network-vif-plugged', 'server_uuid': u'aac4faaf-ee8d-4ac6-8bf5-bdb7bb34f165'}] send_events /usr/lib/python2.7/site-packages/neutron/notifiers/nova.py:242
2018-09-13 23:55:30.579 25563 DEBUG neutron.plugins.ml2.db [req-c669b31c-43d9-4ae7-8b3a-0ea3ff2500c5 - - - - -] For port 14f205c6-9d45-4489-993a-1a0cb3ec5943, host localhost.localdomain, got binding levels [<neutron.plugins.ml2.models.PortBindingLevel[object at 7f7d37dc91d0] {port_id=u'14f205c6-9d45-4489-993a-1a0cb3ec5943', host=u'localhost.localdomain', level=0, driver=u'openvswitch', segment_id=u'3417699e-4e16-4a39-8204-7813b47e7fc2'}>] get_binding_levels /usr/lib/python2.7/site-packages/neutron/plugins/ml2/db.py:106
2018-09-13 23:55:30.597 25563 DEBUG neutron_lib.callbacks.manager [req-c669b31c-43d9-4ae7-8b3a-0ea3ff2500c5 - - - - -] Notify callbacks ['neutron.plugins.ml2.plugin.Ml2Plugin.notify_sg_on_port_change--9223372036854200431', 'neutron.db.l3_dvrscheduler_db._notify_l3_agent_port_update-8760987275660', 'neutron.api.rpc.agentnotifiers.dhcp_rpc_agent_api.DhcpAgentNotifyAPI._native_event_send_dhcp_notification--9223372036852940877', 'neutron.plugins.ml2.ovo_rpc._ObjectChangeHandler.handle_event--9223372036853182680', 'neutron.db.l3_hascheduler_db._notify_l3_agent_ha_port_update-8760987275735'] for port, after_update _notify_loop /usr/lib/python2.7/site-packages/neutron_lib/callbacks/manager.py:167
2018-09-13 23:55:30.648 25556 INFO neutron.wsgi [req-c4194e74-a14f-47d9-9ee1-274c0007f7ab 173c3a0cd7a84cdbb2ed9e4b24860936 f7a6a7c3d31843768d10d4cc7a4bcae6 - 255e8b17939b4c5cb946f86898860299 255e8b17939b4c5cb946f86898860299] 10.0.20.24 "GET /v2.0/ports?device_id=aac4faaf-ee8d-4ac6-8bf5-bdb7bb34f165 HTTP/1.1" status: 200  len: 1121 time: 2.1125591
2018-09-13 23:55:30.656 25563 DEBUG oslo_concurrency.lockutils [-] Lock "event-dispatch" acquired by "neutron.plugins.ml2.ovo_rpc.dispatch_events" :: waited 0.000s inner /usr/lib/python2.7/site-packages/oslo_concurrency/lockutils.py:270
2018-09-13 23:55:30.839 25563 DEBUG neutron.api.rpc.handlers.resources_rpc [req-c669b31c-43d9-4ae7-8b3a-0ea3ff2500c5 - - - - -] neutron.api.rpc.handlers.resources_rpc.ResourcesPushRpcApi method push called with arguments (<neutron_lib.context.Context object at 0x7f7d379e5f10>, [Port(admin_state_up=True,allowed_address_pairs=[],binding=PortBinding,binding_levels=[PortBindingLevel],created_at=2018-09-14T03:55:16Z,data_plane_status=<?>,description='',device_id='aac4faaf-ee8d-4ac6-8bf5-bdb7bb34f165',device_owner='compute:nova',dhcp_options=[],distributed_binding=None,dns=None,fixed_ips=[IPAllocation],id=14f205c6-9d45-4489-993a-1a0cb3ec5943,mac_address=fa:16:3e:bc:2e:00,name='',network_id=7649493e-5077-4f9c-b51a-7201f19f3c8b,project_id='f7a6a7c3d31843768d10d4cc7a4bcae6',qos_policy_id=None,revision_number=6,security=PortSecurity(14f205c6-9d45-4489-993a-1a0cb3ec5943),security_group_ids=set([87bb8a8d-48e0-4994-a4df-f53281f70c93]),status='ACTIVE',updated_at=2018-09-14T03:55:30Z)], 'updated') {} wrapper /usr/lib/python2.7/site-packages/oslo_log/helpers.py:66
2018-09-13 23:55:30.840 25556 INFO neutron.wsgi [req-182c3b63-6d79-428d-8d55-1cd500ab822d 173c3a0cd7a84cdbb2ed9e4b24860936 f7a6a7c3d31843768d10d4cc7a4bcae6 - 255e8b17939b4c5cb946f86898860299 255e8b17939b4c5cb946f86898860299] 10.0.20.24 "GET /v2.0/security-groups?id=87bb8a8d-48e0-4994-a4df-f53281f70c93 HTTP/1.1" status: 200  len: 2118 time: 0.1754200
2018-09-13 23:55:30.876 25563 DEBUG oslo_concurrency.lockutils [req-c669b31c-43d9-4ae7-8b3a-0ea3ff2500c5 - - - - -] Lock "event-dispatch" released by "neutron.plugins.ml2.ovo_rpc.dispatch_events" :: held 0.220s inner /usr/lib/python2.7/site-packages/oslo_concurrency/lockutils.py:282
2018-09-13 23:55:31.016 25567 DEBUG neutron_lib.callbacks.manager [req-c47b188b-b1b1-4d51-ab8a-b6692219bdcc - - - - -] Notify callbacks ['neutron.services.segments.db._update_segment_host_mapping_for_agent--9223363275867166904'] for agent, after_update _notify_loop /usr/lib/python2.7/site-packages/neutron_lib/callbacks/manager.py:167
2018-09-13 23:55:31.508 25565 DEBUG neutron.plugins.ml2.rpc [req-c669b31c-43d9-4ae7-8b3a-0ea3ff2500c5 - - - - -] Device 14f205c6-9d45-4489-993a-1a0cb3ec5943 up at agent ovs-agent-localhost.localdomain update_device_up /usr/lib/python2.7/site-packages/neutron/plugins/ml2/rpc.py:244
2018-09-13 23:55:31.678 25565 DEBUG neutron.db.provisioning_blocks [req-c669b31c-43d9-4ae7-8b3a-0ea3ff2500c5 - - - - -] Provisioning complete for port 14f205c6-9d45-4489-993a-1a0cb3ec5943 triggered by entity L2. provisioning_complete /usr/lib/python2.7/site-packages/neutron/db/provisioning_blocks.py:138
2018-09-13 23:55:31.680 25565 DEBUG neutron_lib.callbacks.manager [req-c669b31c-43d9-4ae7-8b3a-0ea3ff2500c5 - - - - -] Notify callbacks ['neutron.plugins.ml2.plugin.Ml2Plugin._port_provisioned--9223372036853212138'] for port, provisioning_complete _notify_loop /usr/lib/python2.7/site-packages/neutron_lib/callbacks/manager.py:167
2018-09-13 23:55:31.746 25563 DEBUG novaclient.v2.client [-] REQ: curl -g -i -X POST http://10.0.20.24:8774/v2.1/a6274edd06114a55b9dc116852780190/os-server-external-events -H "User-Agent: python-novaclient" -H "Content-Type: application/json" -H "Accept: application/json" -H "X-OpenStack-Nova-API-Version: 2.1" -H "X-Auth-Token: {SHA1}afae2ec29e138202767530295c1993103d64f2c4" -d '{"events": [{"status": "completed", "tag": "14f205c6-9d45-4489-993a-1a0cb3ec5943", "name": "network-vif-plugged", "server_uuid": "aac4faaf-ee8d-4ac6-8bf5-bdb7bb34f165"}]}' _http_log_request /usr/lib/python2.7/site-packages/keystoneauth1/session.py:375
2018-09-13 23:55:32.622 25563 DEBUG novaclient.v2.client [-] RESP: [200] Content-Length: 183 Content-Type: application/json Openstack-Api-Version: compute 2.1 X-Openstack-Nova-Api-Version: 2.1 Vary: OpenStack-API-Version, X-OpenStack-Nova-API-Version X-Openstack-Request-Id: req-cfcb2314-1ff2-46c0-bfa5-4577a90886b4 X-Compute-Request-Id: req-cfcb2314-1ff2-46c0-bfa5-4577a90886b4 Date: Fri, 14 Sep 2018 03:55:32 GMT Connection: keep-alive 
RESP BODY: {"events": [{"status": "completed", "tag": "14f205c6-9d45-4489-993a-1a0cb3ec5943", "name": "network-vif-plugged", "server_uuid": "aac4faaf-ee8d-4ac6-8bf5-bdb7bb34f165", "code": 200}]}
 _http_log_response /usr/lib/python2.7/site-packages/keystoneauth1/session.py:423
2018-09-13 23:55:32.622 25563 DEBUG novaclient.v2.client [-] POST call to compute for http://10.0.20.24:8774/v2.1/a6274edd06114a55b9dc116852780190/os-server-external-events used request id req-cfcb2314-1ff2-46c0-bfa5-4577a90886b4 request /usr/lib/python2.7/site-packages/keystoneauth1/session.py:727
2018-09-13 23:55:32.638 25563 INFO neutron.notifiers.nova [-] Nova event response: {u'status': u'completed', u'tag': u'14f205c6-9d45-4489-993a-1a0cb3ec5943', u'name': u'network-vif-plugged', u'server_uuid': u'aac4faaf-ee8d-4ac6-8bf5-bdb7bb34f165', u'code': 200}
2018-09-13 23:55:34.640 25563 DEBUG oslo_concurrency.lockutils [-] Lock "notifier-31cc1349-1c30-4469-9eb2-859fbae3664d" released by "neutron.notifiers.batch_notifier.synced_send" :: held 4.073s inner /usr/lib/python2.7/site-packages/oslo_concurrency/lockutils.py:282
2018-09-13 23:55:39.938 25571 DEBUG neutron.db.agents_db [req-8948452f-649d-4b9b-8e02-cf31594e7f26 - - - - -] Agent healthcheck: found 5 active agents agent_health_check /usr/lib/python2.7/site-packages/neutron/db/agents_db.py:281
2018-09-13 23:55:41.193 25559 INFO neutron.wsgi [req-99b56ec5-da68-44c0-a64a-2b20cb7f7927 392423df3617489b9a4259e561d5ba29 a6274edd06114a55b9dc116852780190 - default default] 10.0.20.24 "GET /v2.0/ports?tenant_id=f7a6a7c3d31843768d10d4cc7a4bcae6&device_id=aac4faaf-ee8d-4ac6-8bf5-bdb7bb34f165 HTTP/1.1" status: 200  len: 1123 time: 0.1695240
2018-09-13 23:55:41.551 25559 DEBUG neutron.pecan_wsgi.hooks.policy_enforcement [req-6f3c49de-0bbf-4b29-8bec-aa98065b02c3 392423df3617489b9a4259e561d5ba29 a6274edd06114a55b9dc116852780190 - default default] Attributes excluded by policy engine: [u'vlan_transparent'] _exclude_attributes_by_policy /usr/lib/python2.7/site-packages/neutron/pecan_wsgi/hooks/policy_enforcement.py:256
2018-09-13 23:55:41.555 25559 INFO neutron.wsgi [req-6f3c49de-0bbf-4b29-8bec-aa98065b02c3 392423df3617489b9a4259e561d5ba29 a6274edd06114a55b9dc116852780190 - default default] 10.0.20.24 "GET /v2.0/networks?id=7649493e-5077-4f9c-b51a-7201f19f3c8b HTTP/1.1" status: 200  len: 885 time: 0.3532770
2018-09-13 23:55:41.607 25559 INFO neutron.wsgi [req-09aa2b0a-6aa9-4160-9ffb-4b8585de23b9 392423df3617489b9a4259e561d5ba29 a6274edd06114a55b9dc116852780190 - default default] 10.0.20.24 "GET /v2.0/floatingips?fixed_ip_address=11.68.1.8&port_id=14f205c6-9d45-4489-993a-1a0cb3ec5943 HTTP/1.1" status: 200  len: 217 time: 0.0401511
2018-09-13 23:55:41.835 25559 DEBUG neutron.pecan_wsgi.hooks.policy_enforcement [req-5ec1bf63-df5b-417d-b799-9cd702c79b8b 392423df3617489b9a4259e561d5ba29 a6274edd06114a55b9dc116852780190 - default default] Attributes excluded by policy engine: [u'shared'] _exclude_attributes_by_policy /usr/lib/python2.7/site-packages/neutron/pecan_wsgi/hooks/policy_enforcement.py:256
2018-09-13 23:55:41.840 25559 INFO neutron.wsgi [req-5ec1bf63-df5b-417d-b799-9cd702c79b8b 392423df3617489b9a4259e561d5ba29 a6274edd06114a55b9dc116852780190 - default default] 10.0.20.24 "GET /v2.0/subnets?id=a290f71e-340a-4f7b-9eff-3193164665e2 HTTP/1.1" status: 200  len: 843 time: 0.2218380
2018-09-13 23:55:42.038 25559 INFO neutron.wsgi [req-6b20eaa5-9005-4fab-9ad6-0e5b89e238bd 392423df3617489b9a4259e561d5ba29 a6274edd06114a55b9dc116852780190 - default default] 10.0.20.24 "GET /v2.0/ports?network_id=7649493e-5077-4f9c-b51a-7201f19f3c8b&device_owner=network%3Adhcp HTTP/1.1" status: 200  len: 1127 time: 0.1860509
2018-09-13 23:55:43.275 25569 DEBUG neutron_lib.callbacks.manager [req-c669b31c-43d9-4ae7-8b3a-0ea3ff2500c5 - - - - -] Notify callbacks ['neutron.services.segments.db._update_segment_host_mapping_for_agent--9223363275867166904'] for agent, after_update _notify_loop /usr/lib/python2.7/site-packages/neutron_lib/callbacks/manager.py:167
2018-09-13 23:55:43.600 25559 DEBUG neutron.quota.resource [req-e94607b8-f947-43d5-8284-9b884d1ec81a 173c3a0cd7a84cdbb2ed9e4b24860936 f7a6a7c3d31843768d10d4cc7a4bcae6 - 255e8b17939b4c5cb946f86898860299 255e8b17939b4c5cb946f86898860299] Synchronizing usage tracker for tenant:f7a6a7c3d31843768d10d4cc7a4bcae6 on resource:port resync /usr/lib/python2.7/site-packages/neutron/quota/resource.py:245
2018-09-13 23:55:43.684 25559 DEBUG neutron.quota.resource [req-e94607b8-f947-43d5-8284-9b884d1ec81a 173c3a0cd7a84cdbb2ed9e4b24860936 f7a6a7c3d31843768d10d4cc7a4bcae6 - 255e8b17939b4c5cb946f86898860299 255e8b17939b4c5cb946f86898860299] Unset dirty status for tenant:f7a6a7c3d31843768d10d4cc7a4bcae6 on resource:port _resync /usr/lib/python2.7/site-packages/neutron/quota/resource.py:237
2018-09-13 23:55:43.686 25559 INFO neutron.wsgi [req-e94607b8-f947-43d5-8284-9b884d1ec81a 173c3a0cd7a84cdbb2ed9e4b24860936 f7a6a7c3d31843768d10d4cc7a4bcae6 - 255e8b17939b4c5cb946f86898860299 255e8b17939b4c5cb946f86898860299] 10.0.20.24 "GET /v2.0/ports?device_id=aac4faaf-ee8d-4ac6-8bf5-bdb7bb34f165 HTTP/1.1" status: 200  len: 1123 time: 0.7298679
2018-09-13 23:55:43.867 25559 INFO neutron.wsgi [req-ff2d0eb1-7f8b-4c36-954b-559b3e862726 173c3a0cd7a84cdbb2ed9e4b24860936 f7a6a7c3d31843768d10d4cc7a4bcae6 - 255e8b17939b4c5cb946f86898860299 255e8b17939b4c5cb946f86898860299] 10.0.20.24 "GET /v2.0/security-groups?id=87bb8a8d-48e0-4994-a4df-f53281f70c93 HTTP/1.1" status: 200  len: 2118 time: 0.1719861
2018-09-13 23:55:59.638 25559 DEBUG neutron.wsgi [-] (25559) accepted ('10.0.20.24', 48604) server /usr/lib/python2.7/site-packages/eventlet/wsgi.py:883
2018-09-13 23:55:59.644 25559 INFO neutron.wsgi [-] 10.0.20.24 "GET / HTTP/1.1" status: 200  len: 252 time: 0.0028899
2018-09-13 23:56:00.293 25562 DEBUG neutron_lib.callbacks.manager [req-47da019f-7dc5-448d-92b0-63ac1ff933b7 - - - - -] Notify callbacks ['neutron.services.segments.db._update_segment_host_mapping_for_agent--9223363275867166904'] for agent, after_update _notify_loop /usr/lib/python2.7/site-packages/neutron_lib/callbacks/manager.py:167
2018-09-13 23:56:00.413 25568 DEBUG neutron_lib.callbacks.manager [req-76bdfe2d-51b4-4af5-ad31-51d2e2dfd1cf - - - - -] Notify callbacks ['neutron.services.segments.db._update_segment_host_mapping_for_agent--9223363275867166904'] for agent, after_update _notify_loop /usr/lib/python2.7/site-packages/neutron_lib/callbacks/manager.py:167
2018-09-13 23:56:00.522 25566 DEBUG neutron_lib.callbacks.manager [req-8d006164-cc6f-4a65-a37c-b22d0d464245 - - - - -] Notify callbacks ['neutron.services.segments.db._update_segment_host_mapping_for_agent--9223363275867166904'] for agent, after_update _notify_loop /usr/lib/python2.7/site-packages/neutron_lib/callbacks/manager.py:167
2018-09-13 23:56:01.003 25564 DEBUG neutron_lib.callbacks.manager [req-f99de606-9d58-454b-bad6-e1bafd56ea70 - - - - -] Notify callbacks ['neutron.services.segments.db._update_segment_host_mapping_for_agent--9223363275867166904'] for agent, after_update _notify_loop /usr/lib/python2.7/site-packages/neutron_lib/callbacks/manager.py:167
2018-09-13 23:56:01.078 25559 INFO neutron.pecan_wsgi.hooks.translation [req-057b3b71-bd23-43ab-87fb-9a7f97d29a48 02e248cd8f0843eea56830a54be7a7df 194f3e7e9006484dbd7057072756dcfb - default default] GET failed (client error): The resource could not be found.
2018-09-13 23:56:01.080 25559 INFO neutron.wsgi [req-057b3b71-bd23-43ab-87fb-9a7f97d29a48 02e248cd8f0843eea56830a54be7a7df 194f3e7e9006484dbd7057072756dcfb - default default] 10.0.20.24 "GET /v2.0/networks/public HTTP/1.1" status: 404  len: 314 time: 1.4261520
2018-09-13 23:56:01.367 25559 DEBUG neutron.pecan_wsgi.hooks.policy_enforcement [req-e3a6a23d-1fd9-428c-aab0-d875ec1aeb2d 02e248cd8f0843eea56830a54be7a7df 194f3e7e9006484dbd7057072756dcfb - default default] Attributes excluded by policy engine: [u'vlan_transparent'] _exclude_attributes_by_policy /usr/lib/python2.7/site-packages/neutron/pecan_wsgi/hooks/policy_enforcement.py:256
2018-09-13 23:56:01.368 25559 DEBUG neutron.pecan_wsgi.hooks.policy_enforcement [req-e3a6a23d-1fd9-428c-aab0-d875ec1aeb2d 02e248cd8f0843eea56830a54be7a7df 194f3e7e9006484dbd7057072756dcfb - default default] Attributes excluded by policy engine: [u'vlan_transparent'] _exclude_attributes_by_policy /usr/lib/python2.7/site-packages/neutron/pecan_wsgi/hooks/policy_enforcement.py:256
2018-09-13 23:56:01.369 25559 DEBUG neutron.pecan_wsgi.hooks.policy_enforcement [req-e3a6a23d-1fd9-428c-aab0-d875ec1aeb2d 02e248cd8f0843eea56830a54be7a7df 194f3e7e9006484dbd7057072756dcfb - default default] Attributes excluded by policy engine: [u'vlan_transparent'] _exclude_attributes_by_policy /usr/lib/python2.7/site-packages/neutron/pecan_wsgi/hooks/policy_enforcement.py:256
2018-09-13 23:56:01.371 25559 INFO neutron.wsgi [req-e3a6a23d-1fd9-428c-aab0-d875ec1aeb2d 02e248cd8f0843eea56830a54be7a7df 194f3e7e9006484dbd7057072756dcfb - default default] 10.0.20.24 "GET /v2.0/networks HTTP/1.1" status: 200  len: 2214 time: 0.2818141
2018-09-13 23:56:02.052 25559 DEBUG neutron.api.v2.base [req-53fb9479-cb05-44be-b280-2342f93a52cf 02e248cd8f0843eea56830a54be7a7df 194f3e7e9006484dbd7057072756dcfb - default default] Request body: {u'floatingip': {u'floating_network_id': u'98cf6b49-91c1-422d-a1ec-9d49628670a5', u'tenant_id': u'f7a6a7c3d31843768d10d4cc7a4bcae6'}} prepare_request_body /usr/lib/python2.7/site-packages/neutron/api/v2/base.py:695
2018-09-13 23:56:02.068 25559 DEBUG neutron.db.quota.driver [req-53fb9479-cb05-44be-b280-2342f93a52cf 02e248cd8f0843eea56830a54be7a7df 194f3e7e9006484dbd7057072756dcfb - default default] Resources subnetpool have unlimited quota limit. It is not required to calculate headroom  make_reservation /usr/lib/python2.7/site-packages/neutron/db/quota/driver.py:223
2018-09-13 23:56:02.080 25559 DEBUG neutron.quota.resource [req-53fb9479-cb05-44be-b280-2342f93a52cf 02e248cd8f0843eea56830a54be7a7df 194f3e7e9006484dbd7057072756dcfb - default default] Usage tracker for resource:floatingip and tenant:f7a6a7c3d31843768d10d4cc7a4bcae6 is out of sync, need to count used quota count_used /usr/lib/python2.7/site-packages/neutron/quota/resource.py:274
2018-09-13 23:56:02.097 25559 DEBUG neutron.quota.resource [req-53fb9479-cb05-44be-b280-2342f93a52cf 02e248cd8f0843eea56830a54be7a7df 194f3e7e9006484dbd7057072756dcfb - default default] Quota usage for floatingip was recalculated. Used quota:0. count_used /usr/lib/python2.7/site-packages/neutron/quota/resource.py:293
2018-09-13 23:56:02.109 25559 DEBUG neutron.db.quota.driver [req-53fb9479-cb05-44be-b280-2342f93a52cf 02e248cd8f0843eea56830a54be7a7df 194f3e7e9006484dbd7057072756dcfb - default default] Attempting to reserve 1 items for resource floatingip. Total usage: 0; quota limit: 50; headroom:50 make_reservation /usr/lib/python2.7/site-packages/neutron/db/quota/driver.py:255
2018-09-13 23:56:02.431 25559 DEBUG neutron_lib.callbacks.manager [req-53fb9479-cb05-44be-b280-2342f93a52cf 02e248cd8f0843eea56830a54be7a7df 194f3e7e9006484dbd7057072756dcfb - default default] Notify callbacks ['neutron.plugins.ml2.plugin.Ml2Plugin._ensure_default_security_group_handler--9223372036854199500'] for port, before_create _notify_loop /usr/lib/python2.7/site-packages/neutron_lib/callbacks/manager.py:167
2018-09-13 23:56:03.203 25559 DEBUG neutron.db.db_base_plugin_common [req-53fb9479-cb05-44be-b280-2342f93a52cf 02e248cd8f0843eea56830a54be7a7df 194f3e7e9006484dbd7057072756dcfb - default default] Allocated IP 172.24.4.11 (98cf6b49-91c1-422d-a1ec-9d49628670a5/b8522e6e-dd32-47d0-940c-b0479a41e5ff/d29b19b8-a296-45d3-b53e-421af0552e4a) _store_ip_allocation /usr/lib/python2.7/site-packages/neutron/db/db_base_plugin_common.py:122
2018-09-13 23:56:03.521 25559 DEBUG neutron_lib.callbacks.manager [req-53fb9479-cb05-44be-b280-2342f93a52cf 02e248cd8f0843eea56830a54be7a7df 194f3e7e9006484dbd7057072756dcfb - default default] Notify callbacks [] for port, precommit_create _notify_loop /usr/lib/python2.7/site-packages/neutron_lib/callbacks/manager.py:167
2018-09-13 23:56:03.618 25559 DEBUG neutron_lib.callbacks.manager [req-53fb9479-cb05-44be-b280-2342f93a52cf 02e248cd8f0843eea56830a54be7a7df 194f3e7e9006484dbd7057072756dcfb - default default] Notify callbacks ['neutron.plugins.ml2.plugin.Ml2Plugin.notify_sg_on_port_change--9223372036854200431', 'neutron.db.l3_dvrscheduler_db._notify_l3_agent_new_port-8760987275645', 'neutron.api.rpc.agentnotifiers.dhcp_rpc_agent_api.DhcpAgentNotifyAPI._native_event_send_dhcp_notification--9223372036852940877', 'neutron.plugins.ml2.ovo_rpc._ObjectChangeHandler.handle_event--9223372036853182680'] for port, after_create _notify_loop /usr/lib/python2.7/site-packages/neutron_lib/callbacks/manager.py:167
2018-09-13 23:56:03.619 25559 DEBUG neutron.db.l3_dvrscheduler_db [req-53fb9479-cb05-44be-b280-2342f93a52cf 02e248cd8f0843eea56830a54be7a7df 194f3e7e9006484dbd7057072756dcfb - default default] Received port after_create _notify_l3_agent_new_port /usr/lib/python2.7/site-packages/neutron/db/l3_dvrscheduler_db.py:392
2018-09-13 23:56:03.858 25559 DEBUG neutron.scheduler.dhcp_agent_scheduler [req-53fb9479-cb05-44be-b280-2342f93a52cf 02e248cd8f0843eea56830a54be7a7df 194f3e7e9006484dbd7057072756dcfb - default default] Network 98cf6b49-91c1-422d-a1ec-9d49628670a5 is already hosted by enough agents. _get_dhcp_agents_hosting_network /usr/lib/python2.7/site-packages/neutron/scheduler/dhcp_agent_scheduler.py:243
2018-09-13 23:56:03.894 25559 DEBUG oslo_concurrency.lockutils [-] Lock "event-dispatch" acquired by "neutron.plugins.ml2.ovo_rpc.dispatch_events" :: waited 0.000s inner /usr/lib/python2.7/site-packages/oslo_concurrency/lockutils.py:270
2018-09-13 23:56:04.007 25559 DEBUG neutron.api.rpc.handlers.resources_rpc [req-53fb9479-cb05-44be-b280-2342f93a52cf 02e248cd8f0843eea56830a54be7a7df 194f3e7e9006484dbd7057072756dcfb - - -] neutron.api.rpc.handlers.resources_rpc.ResourcesPushRpcApi method push called with arguments (<neutron_lib.context.Context object at 0x7f7d37d6da10>, [Port(admin_state_up=True,allowed_address_pairs=[],binding=PortBinding,binding_levels=[],created_at=2018-09-14T03:56:02Z,data_plane_status=<?>,description='',device_id='PENDING',device_owner='network:floatingip',dhcp_options=[],distributed_binding=None,dns=None,fixed_ips=[IPAllocation],id=d29b19b8-a296-45d3-b53e-421af0552e4a,mac_address=fa:16:3e:7c:7b:7b,name='',network_id=98cf6b49-91c1-422d-a1ec-9d49628670a5,project_id='',qos_policy_id=None,revision_number=3,security=PortSecurity(d29b19b8-a296-45d3-b53e-421af0552e4a),security_group_ids=set([]),status='N/A',updated_at=2018-09-14T03:56:03Z)], 'updated') {} wrapper /usr/lib/python2.7/site-packages/oslo_log/helpers.py:66
2018-09-13 23:56:04.084 25559 DEBUG oslo_concurrency.lockutils [req-53fb9479-cb05-44be-b280-2342f93a52cf 02e248cd8f0843eea56830a54be7a7df 194f3e7e9006484dbd7057072756dcfb - - -] Lock "event-dispatch" released by "neutron.plugins.ml2.ovo_rpc.dispatch_events" :: held 0.190s inner /usr/lib/python2.7/site-packages/oslo_concurrency/lockutils.py:282
2018-09-13 23:56:04.095 25559 DEBUG neutron_lib.callbacks.manager [req-53fb9479-cb05-44be-b280-2342f93a52cf 02e248cd8f0843eea56830a54be7a7df 194f3e7e9006484dbd7057072756dcfb - default default] Notify callbacks ['neutron.plugins.ml2.plugin.Ml2Plugin._ensure_default_security_group_handler--9223372036854199500'] for port, before_update _notify_loop /usr/lib/python2.7/site-packages/neutron_lib/callbacks/manager.py:167
2018-09-13 23:56:04.686 25559 DEBUG neutron_lib.callbacks.manager [req-53fb9479-cb05-44be-b280-2342f93a52cf 02e248cd8f0843eea56830a54be7a7df 194f3e7e9006484dbd7057072756dcfb - default default] Notify callbacks [] for port, precommit_update _notify_loop /usr/lib/python2.7/site-packages/neutron_lib/callbacks/manager.py:167
2018-09-13 23:56:04.705 25559 DEBUG neutron_lib.callbacks.manager [req-53fb9479-cb05-44be-b280-2342f93a52cf 02e248cd8f0843eea56830a54be7a7df 194f3e7e9006484dbd7057072756dcfb - default default] Notify callbacks ['neutron.plugins.ml2.plugin.Ml2Plugin.notify_sg_on_port_change--9223372036854200431', 'neutron.db.l3_dvrscheduler_db._notify_l3_agent_port_update-8760987275660', 'neutron.api.rpc.agentnotifiers.dhcp_rpc_agent_api.DhcpAgentNotifyAPI._native_event_send_dhcp_notification--9223372036852940877', 'neutron.plugins.ml2.ovo_rpc._ObjectChangeHandler.handle_event--9223372036853182680', 'neutron.db.l3_hascheduler_db._notify_l3_agent_ha_port_update-8760987275735'] for port, after_update _notify_loop /usr/lib/python2.7/site-packages/neutron_lib/callbacks/manager.py:167
2018-09-13 23:56:04.986 25559 DEBUG neutron_lib.callbacks.manager [req-53fb9479-cb05-44be-b280-2342f93a52cf 02e248cd8f0843eea56830a54be7a7df 194f3e7e9006484dbd7057072756dcfb - default default] Notify callbacks ['neutron.services.l3_router.l3_router_plugin.L3RouterPlugin._create_dvr_floating_gw_port-1814901'] for floatingip, after_update _notify_loop /usr/lib/python2.7/site-packages/neutron_lib/callbacks/manager.py:167
2018-09-13 23:56:04.993 25559 DEBUG oslo_concurrency.lockutils [-] Lock "event-dispatch" acquired by "neutron.plugins.ml2.ovo_rpc.dispatch_events" :: waited 0.000s inner /usr/lib/python2.7/site-packages/oslo_concurrency/lockutils.py:270
2018-09-13 23:56:05.147 25559 DEBUG neutron.quota.resource [req-53fb9479-cb05-44be-b280-2342f93a52cf 02e248cd8f0843eea56830a54be7a7df 194f3e7e9006484dbd7057072756dcfb - default default] Persisted dirty status for tenant:f7a6a7c3d31843768d10d4cc7a4bcae6 on resource:floatingip mark_dirty /usr/lib/python2.7/site-packages/neutron/quota/resource.py:207
2018-09-13 23:56:05.154 25559 DEBUG neutron.quota.resource [req-53fb9479-cb05-44be-b280-2342f93a52cf 02e248cd8f0843eea56830a54be7a7df 194f3e7e9006484dbd7057072756dcfb - default default] Persisted dirty status for tenant: on resource:port mark_dirty /usr/lib/python2.7/site-packages/neutron/quota/resource.py:207
2018-09-13 23:56:05.183 25559 DEBUG neutron.api.rpc.handlers.resources_rpc [req-53fb9479-cb05-44be-b280-2342f93a52cf 02e248cd8f0843eea56830a54be7a7df 194f3e7e9006484dbd7057072756dcfb - - -] neutron.api.rpc.handlers.resources_rpc.ResourcesPushRpcApi method push called with arguments (<neutron_lib.context.Context object at 0x7f7d37bcb390>, [Port(admin_state_up=True,allowed_address_pairs=[],binding=PortBinding,binding_levels=[],created_at=2018-09-14T03:56:02Z,data_plane_status=<?>,description='',device_id='1d99207c-fb55-4ad8-bf7f-8df969a1eddb',device_owner='network:floatingip',dhcp_options=[],distributed_binding=None,dns=None,fixed_ips=[IPAllocation],id=d29b19b8-a296-45d3-b53e-421af0552e4a,mac_address=fa:16:3e:7c:7b:7b,name='',network_id=98cf6b49-91c1-422d-a1ec-9d49628670a5,project_id='',qos_policy_id=None,revision_number=4,security=PortSecurity(d29b19b8-a296-45d3-b53e-421af0552e4a),security_group_ids=set([]),status='N/A',updated_at=2018-09-14T03:56:04Z)], 'updated') {} wrapper /usr/lib/python2.7/site-packages/oslo_log/helpers.py:66
2018-09-13 23:56:05.203 25559 DEBUG neutron_lib.callbacks.manager [req-53fb9479-cb05-44be-b280-2342f93a52cf 02e248cd8f0843eea56830a54be7a7df 194f3e7e9006484dbd7057072756dcfb - default default] Notify callbacks ['neutron.notifiers.nova.Notifier._send_nova_notification--9223372036854759987'] for floatingip, before_response _notify_loop /usr/lib/python2.7/site-packages/neutron_lib/callbacks/manager.py:167
2018-09-13 23:56:05.205 25559 INFO neutron.wsgi [req-53fb9479-cb05-44be-b280-2342f93a52cf 02e248cd8f0843eea56830a54be7a7df 194f3e7e9006484dbd7057072756dcfb - default default] 10.0.20.24 "POST /v2.0/floatingips HTTP/1.1" status: 201  len: 675 time: 3.1684630
2018-09-13 23:56:05.218 25559 DEBUG oslo_concurrency.lockutils [req-53fb9479-cb05-44be-b280-2342f93a52cf 02e248cd8f0843eea56830a54be7a7df 194f3e7e9006484dbd7057072756dcfb - - -] Lock "event-dispatch" released by "neutron.plugins.ml2.ovo_rpc.dispatch_events" :: held 0.225s inner /usr/lib/python2.7/site-packages/oslo_concurrency/lockutils.py:282
2018-09-13 23:56:08.038 25559 INFO neutron.wsgi [req-11fe3ee7-72eb-4e6e-8a39-a360f5af65b4 0509a4af4ae04f458ff6255b643a48c1 a6274edd06114a55b9dc116852780190 - default default] 10.0.20.24 "GET /v2.0/ports?device_id=aac4faaf-ee8d-4ac6-8bf5-bdb7bb34f165 HTTP/1.1" status: 200  len: 1123 time: 0.9830639
2018-09-13 23:56:08.236 25559 INFO neutron.wsgi [req-2d118513-3046-4231-a657-54ac905ec8e8 0509a4af4ae04f458ff6255b643a48c1 a6274edd06114a55b9dc116852780190 - default default] 10.0.20.24 "GET /v2.0/security-groups?id=87bb8a8d-48e0-4994-a4df-f53281f70c93 HTTP/1.1" status: 200  len: 2118 time: 0.1883471
2018-09-13 23:56:12.208 25553 DEBUG neutron.wsgi [-] (25553) accepted ('10.0.20.24', 48678) server /usr/lib/python2.7/site-packages/eventlet/wsgi.py:883
2018-09-13 23:56:12.896 25553 INFO neutron.wsgi [req-d9a31068-16b8-4333-a914-4cdcc0eea9c8 392423df3617489b9a4259e561d5ba29 a6274edd06114a55b9dc116852780190 - default default] 10.0.20.24 "GET /v2.0/ports?device_id=aac4faaf-ee8d-4ac6-8bf5-bdb7bb34f165 HTTP/1.1" status: 200  len: 1123 time: 0.6857550
2018-09-13 23:56:13.040 25553 INFO neutron.wsgi [req-c23d385f-5227-4dc5-9c53-62893fd36293 392423df3617489b9a4259e561d5ba29 a6274edd06114a55b9dc116852780190 - default default] 10.0.20.24 "GET /v2.0/security-groups?id=87bb8a8d-48e0-4994-a4df-f53281f70c93 HTTP/1.1" status: 200  len: 2118 time: 0.1337001
2018-09-13 23:56:13.199 25563 DEBUG neutron_lib.callbacks.manager [req-c669b31c-43d9-4ae7-8b3a-0ea3ff2500c5 - - - - -] Notify callbacks ['neutron.services.segments.db._update_segment_host_mapping_for_agent--9223363275867166904'] for agent, after_update _notify_loop /usr/lib/python2.7/site-packages/neutron_lib/callbacks/manager.py:167
2018-09-13 23:56:16.943 25571 DEBUG neutron.db.agents_db [req-8948452f-649d-4b9b-8e02-cf31594e7f26 - - - - -] Agent healthcheck: found 5 active agents agent_health_check /usr/lib/python2.7/site-packages/neutron/db/agents_db.py:281
2018-09-13 23:56:17.098 25553 DEBUG neutron.wsgi [-] (25553) accepted ('10.0.20.24', 48722) server /usr/lib/python2.7/site-packages/eventlet/wsgi.py:883
2018-09-13 23:56:17.767 25553 INFO neutron.wsgi [req-6ca575c1-9b0d-4914-9a81-1e1f21c76e8c 392423df3617489b9a4259e561d5ba29 a6274edd06114a55b9dc116852780190 - default default] 10.0.20.24 "GET /v2.0/ports?device_id=aac4faaf-ee8d-4ac6-8bf5-bdb7bb34f165 HTTP/1.1" status: 200  len: 1123 time: 0.6659510
2018-09-13 23:56:17.913 25553 INFO neutron.wsgi [req-f6eef330-d214-4221-ab21-b7c56e7010e4 392423df3617489b9a4259e561d5ba29 a6274edd06114a55b9dc116852780190 - default default] 10.0.20.24 "GET /v2.0/security-groups?id=87bb8a8d-48e0-4994-a4df-f53281f70c93 HTTP/1.1" status: 200  len: 2118 time: 0.1335499
2018-09-13 23:56:19.516 25559 INFO neutron.wsgi [req-5b6753b9-68fd-456b-b3ff-f7b31648a6e4 173c3a0cd7a84cdbb2ed9e4b24860936 f7a6a7c3d31843768d10d4cc7a4bcae6 - 255e8b17939b4c5cb946f86898860299 255e8b17939b4c5cb946f86898860299] 10.0.20.24 "GET /v2.0/ports?device_id=aac4faaf-ee8d-4ac6-8bf5-bdb7bb34f165 HTTP/1.1" status: 200  len: 1123 time: 0.8365591
2018-09-13 23:56:19.682 25559 INFO neutron.wsgi [req-58a5b8f8-0414-40bd-b275-6e4632cf0b87 173c3a0cd7a84cdbb2ed9e4b24860936 f7a6a7c3d31843768d10d4cc7a4bcae6 - 255e8b17939b4c5cb946f86898860299 255e8b17939b4c5cb946f86898860299] 10.0.20.24 "GET /v2.0/security-groups?id=87bb8a8d-48e0-4994-a4df-f53281f70c93 HTTP/1.1" status: 200  len: 2118 time: 0.1564631
2018-09-13 23:56:20.041 25559 INFO neutron.wsgi [req-7eea476c-8e3d-414c-ad08-a28a2173d384 173c3a0cd7a84cdbb2ed9e4b24860936 f7a6a7c3d31843768d10d4cc7a4bcae6 - 255e8b17939b4c5cb946f86898860299 255e8b17939b4c5cb946f86898860299] 10.0.20.24 "GET /v2.0/ports?device_owner=compute%3Anova&device_id=aac4faaf-ee8d-4ac6-8bf5-bdb7bb34f165 HTTP/1.1" status: 200  len: 1123 time: 0.1713538
2018-09-13 23:56:20.120 25559 DEBUG neutron.quota.resource [req-251469f5-f449-4d70-ba2a-8e6d6b59855c 173c3a0cd7a84cdbb2ed9e4b24860936 f7a6a7c3d31843768d10d4cc7a4bcae6 - 255e8b17939b4c5cb946f86898860299 255e8b17939b4c5cb946f86898860299] Synchronizing usage tracker for tenant:f7a6a7c3d31843768d10d4cc7a4bcae6 on resource:floatingip resync /usr/lib/python2.7/site-packages/neutron/quota/resource.py:245
2018-09-13 23:56:20.183 25559 DEBUG neutron.quota.resource [req-251469f5-f449-4d70-ba2a-8e6d6b59855c 173c3a0cd7a84cdbb2ed9e4b24860936 f7a6a7c3d31843768d10d4cc7a4bcae6 - 255e8b17939b4c5cb946f86898860299 255e8b17939b4c5cb946f86898860299] Unset dirty status for tenant:f7a6a7c3d31843768d10d4cc7a4bcae6 on resource:floatingip _resync /usr/lib/python2.7/site-packages/neutron/quota/resource.py:237
2018-09-13 23:56:20.186 25559 INFO neutron.wsgi [req-251469f5-f449-4d70-ba2a-8e6d6b59855c 173c3a0cd7a84cdbb2ed9e4b24860936 f7a6a7c3d31843768d10d4cc7a4bcae6 - 255e8b17939b4c5cb946f86898860299 255e8b17939b4c5cb946f86898860299] 10.0.20.24 "GET /v2.0/floatingips?floating_ip_address=172.24.4.11 HTTP/1.1" status: 200  len: 673 time: 0.1324739
2018-09-13 23:56:20.216 25559 DEBUG neutron.api.v2.base [req-b50bb91b-cf3d-4050-81de-abe647eb756b 173c3a0cd7a84cdbb2ed9e4b24860936 f7a6a7c3d31843768d10d4cc7a4bcae6 - 255e8b17939b4c5cb946f86898860299 255e8b17939b4c5cb946f86898860299] Request body: {u'floatingip': {u'fixed_ip_address': u'11.68.1.8', u'port_id': u'14f205c6-9d45-4489-993a-1a0cb3ec5943'}} prepare_request_body /usr/lib/python2.7/site-packages/neutron/api/v2/base.py:695
2018-09-13 23:56:20.759 25559 DEBUG neutron_lib.callbacks.manager [req-b50bb91b-cf3d-4050-81de-abe647eb756b 173c3a0cd7a84cdbb2ed9e4b24860936 f7a6a7c3d31843768d10d4cc7a4bcae6 - 255e8b17939b4c5cb946f86898860299 255e8b17939b4c5cb946f86898860299] Notify callbacks ['neutron.services.l3_router.l3_router_plugin.L3RouterPlugin._create_dvr_floating_gw_port-1814901'] for floatingip, after_update _notify_loop /usr/lib/python2.7/site-packages/neutron_lib/callbacks/manager.py:167
2018-09-13 23:56:21.962 25559 DEBUG neutron.scheduler.l3_agent_scheduler [req-b50bb91b-cf3d-4050-81de-abe647eb756b 173c3a0cd7a84cdbb2ed9e4b24860936 f7a6a7c3d31843768d10d4cc7a4bcae6 - 255e8b17939b4c5cb946f86898860299 255e8b17939b4c5cb946f86898860299] Router 5bc3170b-0497-454e-9291-e9f38e5b24d3 has already been hosted by L3 agent 5abc080c-2542-43f1-8f39-0dc47ee4ff99 _get_candidates /usr/lib/python2.7/site-packages/neutron/scheduler/l3_agent_scheduler.py:141
2018-09-13 23:56:22.454 25559 DEBUG neutron.api.rpc.agentnotifiers.l3_rpc_agent_api [req-b50bb91b-cf3d-4050-81de-abe647eb756b 173c3a0cd7a84cdbb2ed9e4b24860936 f7a6a7c3d31843768d10d4cc7a4bcae6 - 255e8b17939b4c5cb946f86898860299 255e8b17939b4c5cb946f86898860299] Notify agent at l3_agent.localhost.localdomain the message routers_updated _agent_notification /usr/lib/python2.7/site-packages/neutron/api/rpc/agentnotifiers/l3_rpc_agent_api.py:69
2018-09-13 23:56:22.541 25559 DEBUG neutron_lib.callbacks.manager [req-b50bb91b-cf3d-4050-81de-abe647eb756b 173c3a0cd7a84cdbb2ed9e4b24860936 f7a6a7c3d31843768d10d4cc7a4bcae6 - 255e8b17939b4c5cb946f86898860299 255e8b17939b4c5cb946f86898860299] Notify callbacks ['neutron.notifiers.nova.Notifier._send_nova_notification--9223372036854759987'] for floatingip, before_response _notify_loop /usr/lib/python2.7/site-packages/neutron_lib/callbacks/manager.py:167
2018-09-13 23:56:22.591 25568 DEBUG neutron.db.l3_hamode_db [req-4a9e3dfd-f878-4d7e-a448-9da521bd1c48 - - - - -] neutron.services.l3_router.l3_router_plugin.L3RouterPlugin method get_ha_sync_data_for_host called with arguments (<neutron_lib.context.Context object at 0x7f7d37d55a50>, u'localhost.localdomain', <neutron.db.models.agent.Agent[object at 7f7d37c9b490] {id=u'5abc080c-2542-43f1-8f39-0dc47ee4ff99', agent_type=u'L3 agent', binary=u'neutron-l3-agent', topic=u'l3_agent', host=u'localhost.localdomain', availability_zone=u'nova', admin_state_up=True, created_at=datetime.datetime(2018, 9, 12, 22, 29, 15), started_at=datetime.datetime(2018, 9, 14, 3, 41, 1), heartbeat_timestamp=datetime.datetime(2018, 9, 14, 3, 56), description=None, configurations=u'{"agent_mode": "legacy", "gateway_external_network_id": "", "handle_internal_only_routers": true, "routers": 2, "interfaces": 2, "floating_ips": 0, "interface_driver": "neutron.agent.linux.interface.OVSInterfaceDriver", "log_agent_heartbeats": false, "external_network_bridge": "", "ex_gw_ports": 2}', resource_versions=None, load=0}>) {'active': True, 'router_ids': ['5bc3170b-0497-454e-9291-e9f38e5b24d3']} wrapper /usr/lib/python2.7/site-packages/oslo_log/helpers.py:66
2018-09-13 23:56:22.774 25559 INFO neutron.wsgi [req-b50bb91b-cf3d-4050-81de-abe647eb756b 173c3a0cd7a84cdbb2ed9e4b24860936 f7a6a7c3d31843768d10d4cc7a4bcae6 - 255e8b17939b4c5cb946f86898860299 255e8b17939b4c5cb946f86898860299] 10.0.20.24 "PUT /v2.0/floatingips/1d99207c-fb55-4ad8-bf7f-8df969a1eddb HTTP/1.1" status: 200  len: 745 time: 2.5784659
2018-09-13 23:56:22.777 25559 DEBUG oslo_concurrency.lockutils [-] Lock "notifier-31cc1349-1c30-4469-9eb2-859fbae3664d" acquired by "neutron.notifiers.batch_notifier.synced_send" :: waited 0.000s inner /usr/lib/python2.7/site-packages/oslo_concurrency/lockutils.py:270
2018-09-13 23:56:22.778 25559 DEBUG neutron.notifiers.nova [-] Sending events: [{'tag': u'14f205c6-9d45-4489-993a-1a0cb3ec5943', 'name': 'network-changed', 'server_uuid': u'aac4faaf-ee8d-4ac6-8bf5-bdb7bb34f165'}] send_events /usr/lib/python2.7/site-packages/neutron/notifiers/nova.py:242
2018-09-13 23:56:22.787 25559 DEBUG novaclient.v2.client [-] REQ: curl -g -i -X POST http://10.0.20.24:8774/v2.1/a6274edd06114a55b9dc116852780190/os-server-external-events -H "User-Agent: python-novaclient" -H "Content-Type: application/json" -H "Accept: application/json" -H "X-OpenStack-Nova-API-Version: 2.1" -H "X-Auth-Token: {SHA1}3179ba7ca3fd70a069e0afc94fb3f2b32d27c1c3" -d '{"events": [{"tag": "14f205c6-9d45-4489-993a-1a0cb3ec5943", "name": "network-changed", "server_uuid": "aac4faaf-ee8d-4ac6-8bf5-bdb7bb34f165"}]}' _http_log_request /usr/lib/python2.7/site-packages/keystoneauth1/session.py:375
2018-09-13 23:56:22.976 25559 DEBUG novaclient.v2.client [-] RESP: [200] Content-Length: 179 Content-Type: application/json Openstack-Api-Version: compute 2.1 X-Openstack-Nova-Api-Version: 2.1 Vary: OpenStack-API-Version, X-OpenStack-Nova-API-Version X-Openstack-Request-Id: req-1c3ff93e-b2ca-43d0-b4cc-415eb5958998 X-Compute-Request-Id: req-1c3ff93e-b2ca-43d0-b4cc-415eb5958998 Date: Fri, 14 Sep 2018 03:56:22 GMT Connection: keep-alive 
RESP BODY: {"events": [{"status": "completed", "tag": "14f205c6-9d45-4489-993a-1a0cb3ec5943", "name": "network-changed", "server_uuid": "aac4faaf-ee8d-4ac6-8bf5-bdb7bb34f165", "code": 200}]}
 _http_log_response /usr/lib/python2.7/site-packages/keystoneauth1/session.py:423
2018-09-13 23:56:22.978 25559 DEBUG novaclient.v2.client [-] POST call to compute for http://10.0.20.24:8774/v2.1/a6274edd06114a55b9dc116852780190/os-server-external-events used request id req-1c3ff93e-b2ca-43d0-b4cc-415eb5958998 request /usr/lib/python2.7/site-packages/keystoneauth1/session.py:727
2018-09-13 23:56:23.004 25559 INFO neutron.notifiers.nova [-] Nova event response: {u'status': u'completed', u'tag': u'14f205c6-9d45-4489-993a-1a0cb3ec5943', u'name': u'network-changed', u'server_uuid': u'aac4faaf-ee8d-4ac6-8bf5-bdb7bb34f165', u'code': 200}
2018-09-13 23:56:23.225 25559 INFO neutron.wsgi [req-a09d039a-dc90-49d6-8882-3e6733f3c1e8 392423df3617489b9a4259e561d5ba29 a6274edd06114a55b9dc116852780190 - default default] 10.0.20.24 "GET /v2.0/ports?tenant_id=f7a6a7c3d31843768d10d4cc7a4bcae6&device_id=aac4faaf-ee8d-4ac6-8bf5-bdb7bb34f165 HTTP/1.1" status: 200  len: 1123 time: 0.1665201
2018-09-13 23:56:23.556 25559 DEBUG neutron.pecan_wsgi.hooks.policy_enforcement [req-91d889fa-6108-4eb3-9994-a5a4c9f071bc 392423df3617489b9a4259e561d5ba29 a6274edd06114a55b9dc116852780190 - default default] Attributes excluded by policy engine: [u'vlan_transparent'] _exclude_attributes_by_policy /usr/lib/python2.7/site-packages/neutron/pecan_wsgi/hooks/policy_enforcement.py:256
2018-09-13 23:56:23.559 25559 INFO neutron.wsgi [req-91d889fa-6108-4eb3-9994-a5a4c9f071bc 392423df3617489b9a4259e561d5ba29 a6274edd06114a55b9dc116852780190 - default default] 10.0.20.24 "GET /v2.0/networks?id=7649493e-5077-4f9c-b51a-7201f19f3c8b HTTP/1.1" status: 200  len: 885 time: 0.3233030
2018-09-13 23:56:23.616 25559 INFO neutron.wsgi [req-063f99d0-1667-4b06-816c-49e75f879d8b 392423df3617489b9a4259e561d5ba29 a6274edd06114a55b9dc116852780190 - default default] 10.0.20.24 "GET /v2.0/floatingips?fixed_ip_address=11.68.1.8&port_id=14f205c6-9d45-4489-993a-1a0cb3ec5943 HTTP/1.1" status: 200  len: 748 time: 0.0467689
2018-09-13 23:56:23.758 25559 DEBUG neutron.pecan_wsgi.hooks.policy_enforcement [req-77797737-6958-4b31-967b-2003c1377fd8 392423df3617489b9a4259e561d5ba29 a6274edd06114a55b9dc116852780190 - default default] Attributes excluded by policy engine: [u'shared'] _exclude_attributes_by_policy /usr/lib/python2.7/site-packages/neutron/pecan_wsgi/hooks/policy_enforcement.py:256
2018-09-13 23:56:23.762 25559 INFO neutron.wsgi [req-77797737-6958-4b31-967b-2003c1377fd8 392423df3617489b9a4259e561d5ba29 a6274edd06114a55b9dc116852780190 - default default] 10.0.20.24 "GET /v2.0/subnets?id=a290f71e-340a-4f7b-9eff-3193164665e2 HTTP/1.1" status: 200  len: 843 time: 0.1375811
2018-09-13 23:56:23.913 25559 INFO neutron.wsgi [req-d98cdf1a-b08b-4280-bf44-2de8c4c327fb 392423df3617489b9a4259e561d5ba29 a6274edd06114a55b9dc116852780190 - default default] 10.0.20.24 "GET /v2.0/ports?network_id=7649493e-5077-4f9c-b51a-7201f19f3c8b&device_owner=network%3Adhcp HTTP/1.1" status: 200  len: 1127 time: 0.1439400
2018-09-13 23:56:24.134 25568 DEBUG neutron.db.l3_hamode_db [req-4a9e3dfd-f878-4d7e-a448-9da521bd1c48 - - - - -] neutron.services.l3_router.l3_router_plugin.L3RouterPlugin method _process_sync_ha_data called with arguments (<neutron_lib.context.Context object at 0x7f7d37d55a50>, [{'status': u'ACTIVE', '_interfaces': [{'status': u'ACTIVE', 'subnets': [{'dns_nameservers': [u'8.8.4.4'], 'ipv6_ra_mode': None, 'gateway_ip': u'11.68.1.1', 'cidr': u'11.68.1.0/24', 'id': u'a290f71e-340a-4f7b-9eff-3193164665e2', 'subnetpool_id': None}], 'binding:host_id': u'localhost.localdomain', 'description': u'', 'allowed_address_pairs': [], 'tags': [], 'extra_dhcp_opts': [], 'updated_at': '2018-09-14T03:54:38Z', 'device_owner': u'network:router_interface', 'revision_number': 7, 'port_security_enabled': False, 'binding:profile': {}, 'mtu': 1450, 'fixed_ips': [{'subnet_id': u'a290f71e-340a-4f7b-9eff-3193164665e2', 'prefixlen': 24, 'ip_address': u'11.68.1.1'}], 'id': u'4b6587cf-93ea-4f06-bc73-2da75f48def9', 'security_groups': [], 'device_id': u'5bc3170b-0497-454e-9291-e9f38e5b24d3', 'name': u'', 'admin_state_up': True, 'network_id': u'7649493e-5077-4f9c-b51a-7201f19f3c8b', 'tenant_id': u'f7a6a7c3d31843768d10d4cc7a4bcae6', 'binding:vif_details': {u'port_filter': True, u'datapath_type': u'system', u'ovs_hybrid_plug': True}, 'address_scopes': {4: None, 6: None}, 'binding:vnic_type': u'normal', 'binding:vif_type': u'ovs', 'mac_address': u'fa:16:3e:8a:40:07', 'project_id': u'f7a6a7c3d31843768d10d4cc7a4bcae6', 'extra_subnets': [], 'created_at': '2018-09-14T03:54:27Z'}], 'enable_snat': True, 'ha_vr_id': 0, 'description': u'', 'tags': [], 'gw_port': {'status': u'ACTIVE', 'subnets': [{'dns_nameservers': [], 'ipv6_ra_mode': None, 'gateway_ip': u'172.24.4.1', 'cidr': u'172.24.4.0/24', 'id': u'b8522e6e-dd32-47d0-940c-b0479a41e5ff', 'subnetpool_id': None}], 'binding:host_id': u'localhost.localdomain', 'description': u'', 'allowed_address_pairs': [], 'tags': [], 'extra_dhcp_opts': [], 'updated_at': '2018-09-14T03:54:52Z', 'device_owner': u'network:router_gateway', 'revision_number': 6, 'port_security_enabled': False, 'binding:profile': {}, 'mtu': 1500, 'fixed_ips': [{'subnet_id': u'b8522e6e-dd32-47d0-940c-b0479a41e5ff', 'prefixlen': 24, 'ip_address': u'172.24.4.6'}], 'id': u'd30e133e-d7c1-4732-9615-2506b4fbfa53', 'security_groups': [], 'device_id': u'5bc3170b-0497-454e-9291-e9f38e5b24d3', 'name': u'', 'admin_state_up': True, 'network_id': u'98cf6b49-91c1-422d-a1ec-9d49628670a5', 'tenant_id': u'', 'binding:vif_details': {u'port_filter': True, u'datapath_type': u'system', u'ovs_hybrid_plug': True}, 'address_scopes': {4: None, 6: None}, 'binding:vnic_type': u'normal', 'binding:vif_type': u'ovs', 'mac_address': u'fa:16:3e:d5:1f:39', 'project_id': u'', 'extra_subnets': [], 'created_at': '2018-09-14T03:54:42Z'}, 'updated_at': '2018-09-14T03:54:44Z', 'revision_number': 4, 'ha': False, 'id': u'5bc3170b-0497-454e-9291-e9f38e5b24d3', 'gw_port_host': u'localhost.localdomain', 'external_gateway_info': {'network_id': u'98cf6b49-91c1-422d-a1ec-9d49628670a5', 'enable_snat': True, 'external_fixed_ips': [{'subnet_id': u'b8522e6e-dd32-47d0-940c-b0479a41e5ff', 'ip_address': u'172.24.4.6'}]}, 'availability_zone_hints': [], 'availability_zones': [u'nova'], 'name': u'tempest-router-1536897053', 'gw_port_id': u'd30e133e-d7c1-4732-9615-2506b4fbfa53', 'admin_state_up': True, 'tenant_id': u'f7a6a7c3d31843768d10d4cc7a4bcae6', 'created_at': '2018-09-14T03:54:03Z', 'distributed': False, 'flavor_id': None, 'routes': [], 'project_id': u'f7a6a7c3d31843768d10d4cc7a4bcae6', '_floatingips': [{'router_id': u'5bc3170b-0497-454e-9291-e9f38e5b24d3', 'status': u'DOWN', 'description': u'', 'tags': [], 'updated_at': '2018-09-14T03:56:20Z', 'dns_domain': '', 'floating_network_id': u'98cf6b49-91c1-422d-a1ec-9d49628670a5', 'fixed_ip_address': u'11.68.1.8', 'floating_ip_address': u'172.24.4.11', 'revision_number': 1, 'port_id': u'14f205c6-9d45-4489-993a-1a0cb3ec5943', 'id': u'1d99207c-fb55-4ad8-bf7f-8df969a1eddb', 'dns_name': '', 'created_at': '2018-09-14T03:56:03Z', 'tenant_id': u'f7a6a7c3d31843768d10d4cc7a4bcae6', 'fixed_ip_address_scope': None, 'project_id': u'f7a6a7c3d31843768d10d4cc7a4bcae6'}]}], u'localhost.localdomain', False) {} wrapper /usr/lib/python2.7/site-packages/oslo_log/helpers.py:66
2018-09-13 23:56:24.158 25568 DEBUG neutron.api.rpc.handlers.l3_rpc [req-4a9e3dfd-f878-4d7e-a448-9da521bd1c48 - - - - -] Checking router: 5bc3170b-0497-454e-9291-e9f38e5b24d3 for host: localhost.localdomain _ensure_host_set_on_ports /usr/lib/python2.7/site-packages/neutron/api/rpc/handlers/l3_rpc.py:135
2018-09-13 23:56:24.251 25556 DEBUG neutron.wsgi [-] (25556) accepted ('10.0.20.24', 48814) server /usr/lib/python2.7/site-packages/eventlet/wsgi.py:883
2018-09-13 23:56:24.528 25559 INFO neutron.wsgi [req-4c833c95-71c2-48e0-9e29-e3712f0df679 392423df3617489b9a4259e561d5ba29 a6274edd06114a55b9dc116852780190 - default default] 10.0.20.24 "GET /v2.0/ports?tenant_id=f7a6a7c3d31843768d10d4cc7a4bcae6&device_id=aac4faaf-ee8d-4ac6-8bf5-bdb7bb34f165 HTTP/1.1" status: 200  len: 1123 time: 0.5031819
2018-09-13 23:56:24.576 25565 DEBUG neutron.api.rpc.handlers.l3_rpc [req-3277dbfa-8441-4835-bb1c-270a046bf196 - - - - -] New status for floating IP 1d99207c-fb55-4ad8-bf7f-8df969a1eddb: ACTIVE update_floatingip_statuses /usr/lib/python2.7/site-packages/neutron/api/rpc/handlers/l3_rpc.py:252
2018-09-13 23:56:24.730 25559 DEBUG neutron.pecan_wsgi.hooks.policy_enforcement [req-e9606063-849d-4288-b443-df789201503e 392423df3617489b9a4259e561d5ba29 a6274edd06114a55b9dc116852780190 - default default] Attributes excluded by policy engine: [u'vlan_transparent'] _exclude_attributes_by_policy /usr/lib/python2.7/site-packages/neutron/pecan_wsgi/hooks/policy_enforcement.py:256
2018-09-13 23:56:24.732 25559 INFO neutron.wsgi [req-e9606063-849d-4288-b443-df789201503e 392423df3617489b9a4259e561d5ba29 a6274edd06114a55b9dc116852780190 - default default] 10.0.20.24 "GET /v2.0/networks?id=7649493e-5077-4f9c-b51a-7201f19f3c8b HTTP/1.1" status: 200  len: 885 time: 0.1972690
2018-09-13 23:56:24.774 25559 INFO neutron.wsgi [req-635edb13-e512-42e2-84a9-d4adb6dad133 392423df3617489b9a4259e561d5ba29 a6274edd06114a55b9dc116852780190 - default default] 10.0.20.24 "GET /v2.0/floatingips?fixed_ip_address=11.68.1.8&port_id=14f205c6-9d45-4489-993a-1a0cb3ec5943 HTTP/1.1" status: 200  len: 750 time: 0.0360689
2018-09-13 23:56:24.891 25559 DEBUG neutron.pecan_wsgi.hooks.policy_enforcement [req-29d878a6-3129-441a-be96-7984bbf25fbf 392423df3617489b9a4259e561d5ba29 a6274edd06114a55b9dc116852780190 - default default] Attributes excluded by policy engine: [u'shared'] _exclude_attributes_by_policy /usr/lib/python2.7/site-packages/neutron/pecan_wsgi/hooks/policy_enforcement.py:256
2018-09-13 23:56:24.895 25559 INFO neutron.wsgi [req-29d878a6-3129-441a-be96-7984bbf25fbf 392423df3617489b9a4259e561d5ba29 a6274edd06114a55b9dc116852780190 - default default] 10.0.20.24 "GET /v2.0/subnets?id=a290f71e-340a-4f7b-9eff-3193164665e2 HTTP/1.1" status: 200  len: 843 time: 0.1144788
2018-09-13 23:56:24.898 25556 INFO neutron.wsgi [req-826d5fcd-93c6-4562-904e-d03c26b57287 392423df3617489b9a4259e561d5ba29 a6274edd06114a55b9dc116852780190 - default default] 10.0.20.24 "GET /v2.0/ports?device_id=aac4faaf-ee8d-4ac6-8bf5-bdb7bb34f165 HTTP/1.1" status: 200  len: 1123 time: 0.6440561
2018-09-13 23:56:25.002 25556 INFO neutron.wsgi [req-53bb0e6f-f0c7-4daa-8851-bc92fee01dce 392423df3617489b9a4259e561d5ba29 a6274edd06114a55b9dc116852780190 - default default] 10.0.20.24 "GET /v2.0/security-groups?id=87bb8a8d-48e0-4994-a4df-f53281f70c93 HTTP/1.1" status: 200  len: 2118 time: 0.0960920
2018-09-13 23:56:25.009 25559 DEBUG oslo_concurrency.lockutils [-] Lock "notifier-31cc1349-1c30-4469-9eb2-859fbae3664d" released by "neutron.notifiers.batch_notifier.synced_send" :: held 2.233s inner /usr/lib/python2.7/site-packages/oslo_concurrency/lockutils.py:282
2018-09-13 23:56:25.023 25559 INFO neutron.wsgi [req-1289a184-28ff-4dd3-971d-dcd660330761 392423df3617489b9a4259e561d5ba29 a6274edd06114a55b9dc116852780190 - default default] 10.0.20.24 "GET /v2.0/ports?network_id=7649493e-5077-4f9c-b51a-7201f19f3c8b&device_owner=network%3Adhcp HTTP/1.1" status: 200  len: 1127 time: 0.1222758
2018-09-13 23:56:27.441 25553 DEBUG neutron.wsgi [-] (25553) accepted ('10.0.20.24', 48846) server /usr/lib/python2.7/site-packages/eventlet/wsgi.py:883
2018-09-13 23:56:28.201 25553 INFO neutron.wsgi [req-d0aeaeae-6885-46fa-9d88-2d955a75354e 392423df3617489b9a4259e561d5ba29 a6274edd06114a55b9dc116852780190 - default default] 10.0.20.24 "GET /v2.0/ports?device_id=aac4faaf-ee8d-4ac6-8bf5-bdb7bb34f165 HTTP/1.1" status: 200  len: 1123 time: 0.7577522
2018-09-13 23:56:28.347 25553 INFO neutron.wsgi [req-99c58811-647a-4a08-bf0f-aa5b78c71f53 392423df3617489b9a4259e561d5ba29 a6274edd06114a55b9dc116852780190 - default default] 10.0.20.24 "GET /v2.0/security-groups?id=87bb8a8d-48e0-4994-a4df-f53281f70c93 HTTP/1.1" status: 200  len: 2118 time: 0.1343231
2018-09-13 23:56:30.266 25565 DEBUG neutron_lib.callbacks.manager [req-37780aa0-983c-4ce6-b626-3187b9f6803b - - - - -] Notify callbacks ['neutron.services.segments.db._update_segment_host_mapping_for_agent--9223363275867166904'] for agent, after_update _notify_loop /usr/lib/python2.7/site-packages/neutron_lib/callbacks/manager.py:167
2018-09-13 23:56:30.374 25561 DEBUG neutron_lib.callbacks.manager [req-76bdfe2d-51b4-4af5-ad31-51d2e2dfd1cf - - - - -] Notify callbacks ['neutron.services.segments.db._update_segment_host_mapping_for_agent--9223363275867166904'] for agent, after_update _notify_loop /usr/lib/python2.7/site-packages/neutron_lib/callbacks/manager.py:167
2018-09-13 23:56:30.390 25567 DEBUG neutron_lib.callbacks.manager [req-8d006164-cc6f-4a65-a37c-b22d0d464245 - - - - -] Notify callbacks ['neutron.services.segments.db._update_segment_host_mapping_for_agent--9223363275867166904'] for agent, after_update _notify_loop /usr/lib/python2.7/site-packages/neutron_lib/callbacks/manager.py:167
2018-09-13 23:56:30.996 25569 DEBUG neutron_lib.callbacks.manager [req-4c6f97b8-a1c3-40ca-8b8a-b84f5eebbb67 - - - - -] Notify callbacks ['neutron.services.segments.db._update_segment_host_mapping_for_agent--9223363275867166904'] for agent, after_update _notify_loop /usr/lib/python2.7/site-packages/neutron_lib/callbacks/manager.py:167
