2018-06-28 15:34:38.596 23997 DEBUG neutron_lib.callbacks.manager [req-44f0d8cc-c114-420c-aeb3-174e98328a74 - - - - -] Notify callbacks ['neutron.services.segments.db._update_segment_host_mapping_for_agent-8793186541874'] for agent, after_update _notify_loop /usr/lib/python2.7/site-packages/neutron_lib/callbacks/manager.py:167
2018-06-28 15:34:51.431 23998 DEBUG neutron_lib.callbacks.manager [req-1d59a49b-2ba6-4911-b758-2eebc1714148 - - - - -] Notify callbacks ['neutron.services.segments.db._update_segment_host_mapping_for_agent-8793186541874'] for agent, after_update _notify_loop /usr/lib/python2.7/site-packages/neutron_lib/callbacks/manager.py:167
2018-06-28 15:34:54.449 24001 DEBUG neutron_lib.callbacks.manager [req-6afea152-4a3f-47ac-a7fd-d22361f1721e - - - - -] Notify callbacks ['neutron.services.segments.db._update_segment_host_mapping_for_agent-8793186541874'] for agent, after_update _notify_loop /usr/lib/python2.7/site-packages/neutron_lib/callbacks/manager.py:167
2018-06-28 15:34:55.540 24000 DEBUG neutron_lib.callbacks.manager [req-c14c0a66-1d4b-40d2-b3b9-ba2b98c23c0b - - - - -] Notify callbacks ['neutron.services.segments.db._update_segment_host_mapping_for_agent-8793186541874'] for agent, after_update _notify_loop /usr/lib/python2.7/site-packages/neutron_lib/callbacks/manager.py:167
2018-06-28 15:34:56.107 24003 DEBUG neutron_lib.callbacks.manager [req-411655ae-479f-44fd-a4cd-79c6e4acd6f2 - - - - -] Notify callbacks ['neutron.services.segments.db._update_segment_host_mapping_for_agent-8793186541874'] for agent, after_update _notify_loop /usr/lib/python2.7/site-packages/neutron_lib/callbacks/manager.py:167
2018-06-28 15:34:59.006 24006 DEBUG neutron.db.agents_db [req-deb9dc2b-489b-43d4-993f-ee2ee5bf11d6 - - - - -] Agent healthcheck: found 5 active agents agent_health_check /usr/lib/python2.7/site-packages/neutron/db/agents_db.py:281
2018-06-28 15:35:08.589 24002 DEBUG neutron_lib.callbacks.manager [req-44f0d8cc-c114-420c-aeb3-174e98328a74 - - - - -] Notify callbacks ['neutron.services.segments.db._update_segment_host_mapping_for_agent-8793186541874'] for agent, after_update _notify_loop /usr/lib/python2.7/site-packages/neutron_lib/callbacks/manager.py:167
2018-06-28 15:35:21.429 23999 DEBUG neutron_lib.callbacks.manager [req-1d59a49b-2ba6-4911-b758-2eebc1714148 - - - - -] Notify callbacks ['neutron.services.segments.db._update_segment_host_mapping_for_agent-8793186541874'] for agent, after_update _notify_loop /usr/lib/python2.7/site-packages/neutron_lib/callbacks/manager.py:167
2018-06-28 15:35:21.672 23995 DEBUG neutron.wsgi [-] (23995) accepted ('10.0.20.25', 55394) server /usr/lib/python2.7/site-packages/eventlet/wsgi.py:883
2018-06-28 15:35:21.677 23995 INFO neutron.wsgi [-] 10.0.20.25 "GET / HTTP/1.1" status: 200  len: 252 time: 0.0032232
2018-06-28 15:35:22.401 23995 DEBUG neutron.pecan_wsgi.hooks.policy_enforcement [req-f146ec55-4d0e-4d13-bb37-6085b66c2be4 6a6d8a47cd5e49e683e58a0f2623558e 0bcc3f5f34914142a5318eb641a05754 - c2a9f9a5dc644b3690432ea147bbbecd c2a9f9a5dc644b3690432ea147bbbecd] Attributes excluded by policy engine: [u'shared'] _exclude_attributes_by_policy /usr/lib/python2.7/site-packages/neutron/pecan_wsgi/hooks/policy_enforcement.py:256
2018-06-28 15:35:22.403 23995 DEBUG neutron.pecan_wsgi.hooks.policy_enforcement [req-f146ec55-4d0e-4d13-bb37-6085b66c2be4 6a6d8a47cd5e49e683e58a0f2623558e 0bcc3f5f34914142a5318eb641a05754 - c2a9f9a5dc644b3690432ea147bbbecd c2a9f9a5dc644b3690432ea147bbbecd] Attributes excluded by policy engine: [u'shared'] _exclude_attributes_by_policy /usr/lib/python2.7/site-packages/neutron/pecan_wsgi/hooks/policy_enforcement.py:256
2018-06-28 15:35:22.405 23995 DEBUG neutron.pecan_wsgi.hooks.policy_enforcement [req-f146ec55-4d0e-4d13-bb37-6085b66c2be4 6a6d8a47cd5e49e683e58a0f2623558e 0bcc3f5f34914142a5318eb641a05754 - c2a9f9a5dc644b3690432ea147bbbecd c2a9f9a5dc644b3690432ea147bbbecd] Attributes excluded by policy engine: [u'shared'] _exclude_attributes_by_policy /usr/lib/python2.7/site-packages/neutron/pecan_wsgi/hooks/policy_enforcement.py:256
2018-06-28 15:35:22.408 23995 INFO neutron.wsgi [req-f146ec55-4d0e-4d13-bb37-6085b66c2be4 6a6d8a47cd5e49e683e58a0f2623558e 0bcc3f5f34914142a5318eb641a05754 - c2a9f9a5dc644b3690432ea147bbbecd c2a9f9a5dc644b3690432ea147bbbecd] 10.0.20.25 "GET /v2.0/subnets HTTP/1.1" status: 200  len: 2054 time: 0.7251210
2018-06-28 15:35:24.437 24005 DEBUG neutron_lib.callbacks.manager [req-38be29e6-60ff-4976-b91e-e4f7311d5587 - - - - -] Notify callbacks ['neutron.services.segments.db._update_segment_host_mapping_for_agent-8793186541874'] for agent, after_update _notify_loop /usr/lib/python2.7/site-packages/neutron_lib/callbacks/manager.py:167
2018-06-28 15:35:25.519 23996 DEBUG neutron_lib.callbacks.manager [req-c14c0a66-1d4b-40d2-b3b9-ba2b98c23c0b - - - - -] Notify callbacks ['neutron.services.segments.db._update_segment_host_mapping_for_agent-8793186541874'] for agent, after_update _notify_loop /usr/lib/python2.7/site-packages/neutron_lib/callbacks/manager.py:167
2018-06-28 15:35:26.257 23997 DEBUG neutron_lib.callbacks.manager [req-b1842db0-41b9-4b0d-94be-82f089dcf8a8 - - - - -] Notify callbacks ['neutron.services.segments.db._update_segment_host_mapping_for_agent-8793186541874'] for agent, after_update _notify_loop /usr/lib/python2.7/site-packages/neutron_lib/callbacks/manager.py:167
2018-06-28 15:35:36.009 24006 DEBUG neutron.db.agents_db [req-deb9dc2b-489b-43d4-993f-ee2ee5bf11d6 - - - - -] Agent healthcheck: found 5 active agents agent_health_check /usr/lib/python2.7/site-packages/neutron/db/agents_db.py:281
2018-06-28 15:35:38.590 23998 DEBUG neutron_lib.callbacks.manager [req-44f0d8cc-c114-420c-aeb3-174e98328a74 - - - - -] Notify callbacks ['neutron.services.segments.db._update_segment_host_mapping_for_agent-8793186541874'] for agent, after_update _notify_loop /usr/lib/python2.7/site-packages/neutron_lib/callbacks/manager.py:167
2018-06-28 15:35:51.450 24001 DEBUG neutron_lib.callbacks.manager [req-1d59a49b-2ba6-4911-b758-2eebc1714148 - - - - -] Notify callbacks ['neutron.services.segments.db._update_segment_host_mapping_for_agent-8793186541874'] for agent, after_update _notify_loop /usr/lib/python2.7/site-packages/neutron_lib/callbacks/manager.py:167
2018-06-28 15:35:54.446 24000 DEBUG neutron_lib.callbacks.manager [req-20a4965a-884c-4e33-97e0-ce6e953991bd - - - - -] Notify callbacks ['neutron.services.segments.db._update_segment_host_mapping_for_agent-8793186541874'] for agent, after_update _notify_loop /usr/lib/python2.7/site-packages/neutron_lib/callbacks/manager.py:167
2018-06-28 15:35:55.552 24003 DEBUG neutron_lib.callbacks.manager [req-c14c0a66-1d4b-40d2-b3b9-ba2b98c23c0b - - - - -] Notify callbacks ['neutron.services.segments.db._update_segment_host_mapping_for_agent-8793186541874'] for agent, after_update _notify_loop /usr/lib/python2.7/site-packages/neutron_lib/callbacks/manager.py:167
2018-06-28 15:35:56.108 24002 DEBUG neutron_lib.callbacks.manager [req-9e919a48-92a0-473d-9b3c-bf98b1023723 - - - - -] Notify callbacks ['neutron.services.segments.db._update_segment_host_mapping_for_agent-8793186541874'] for agent, after_update _notify_loop /usr/lib/python2.7/site-packages/neutron_lib/callbacks/manager.py:167
2018-06-28 15:36:08.573 23999 DEBUG neutron_lib.callbacks.manager [req-44f0d8cc-c114-420c-aeb3-174e98328a74 - - - - -] Notify callbacks ['neutron.services.segments.db._update_segment_host_mapping_for_agent-8793186541874'] for agent, after_update _notify_loop /usr/lib/python2.7/site-packages/neutron_lib/callbacks/manager.py:167
2018-06-28 15:36:11.107 23991 DEBUG neutron.wsgi [-] (23991) accepted ('10.0.20.25', 56526) server /usr/lib/python2.7/site-packages/eventlet/wsgi.py:883
2018-06-28 15:36:11.136 23991 INFO neutron.wsgi [-] 10.0.20.25 "GET / HTTP/1.1" status: 200  len: 252 time: 0.0166490
2018-06-28 15:36:11.151 23991 WARNING keystonemiddleware.auth_token [-] Using the in-process token cache is deprecated as of the 4.2.0 release and may be removed in the 5.0.0 release or the 'O' development cycle. The in-process cache causes inconsistent results and high memory usage. When the feature is removed the auth_token middleware will not cache tokens by default which may result in performance issues. It is recommended to use  memcache for the auth_token token cache by setting the memcached_servers option.
2018-06-28 15:36:12.877 23991 DEBUG oslo_policy._cache_handler [req-dec57806-901a-4ad8-b514-7120bc93844a 6a6d8a47cd5e49e683e58a0f2623558e 0bcc3f5f34914142a5318eb641a05754 - c2a9f9a5dc644b3690432ea147bbbecd c2a9f9a5dc644b3690432ea147bbbecd] Reloading cached file /etc/neutron/policy.json read_cached_file /usr/lib/python2.7/site-packages/oslo_policy/_cache_handler.py:40
2018-06-28 15:36:12.927 23991 DEBUG oslo_policy.policy [req-dec57806-901a-4ad8-b514-7120bc93844a 6a6d8a47cd5e49e683e58a0f2623558e 0bcc3f5f34914142a5318eb641a05754 - c2a9f9a5dc644b3690432ea147bbbecd c2a9f9a5dc644b3690432ea147bbbecd] Reloaded policy file: /etc/neutron/policy.json _load_policy_file /usr/lib/python2.7/site-packages/oslo_policy/policy.py:681
2018-06-28 15:36:13.007 24006 DEBUG neutron.db.agents_db [req-deb9dc2b-489b-43d4-993f-ee2ee5bf11d6 - - - - -] Agent healthcheck: found 5 active agents agent_health_check /usr/lib/python2.7/site-packages/neutron/db/agents_db.py:281
2018-06-28 15:36:13.465 23991 DEBUG neutron.api.v2.base [req-dec57806-901a-4ad8-b514-7120bc93844a 6a6d8a47cd5e49e683e58a0f2623558e 0bcc3f5f34914142a5318eb641a05754 - c2a9f9a5dc644b3690432ea147bbbecd c2a9f9a5dc644b3690432ea147bbbecd] Request body: {u'security_group': {u'name': u'tempest-SECURITY_GROUP_SAMPLE-1530192877', u'description': u'tempest-SECURITY_GROUP_SAMPLE-1530192877'}} prepare_request_body /usr/lib/python2.7/site-packages/neutron/api/v2/base.py:695
2018-06-28 15:36:13.468 23991 DEBUG oslo_policy._cache_handler [req-dec57806-901a-4ad8-b514-7120bc93844a 6a6d8a47cd5e49e683e58a0f2623558e 0bcc3f5f34914142a5318eb641a05754 - c2a9f9a5dc644b3690432ea147bbbecd c2a9f9a5dc644b3690432ea147bbbecd] Reloading cached file /etc/neutron/policy.json read_cached_file /usr/lib/python2.7/site-packages/oslo_policy/_cache_handler.py:40
2018-06-28 15:36:13.505 23991 DEBUG oslo_policy.policy [req-dec57806-901a-4ad8-b514-7120bc93844a 6a6d8a47cd5e49e683e58a0f2623558e 0bcc3f5f34914142a5318eb641a05754 - c2a9f9a5dc644b3690432ea147bbbecd c2a9f9a5dc644b3690432ea147bbbecd] Reloaded policy file: /etc/neutron/policy.json _load_policy_file /usr/lib/python2.7/site-packages/oslo_policy/policy.py:681
2018-06-28 15:36:13.517 23991 INFO neutron.quota [req-dec57806-901a-4ad8-b514-7120bc93844a 6a6d8a47cd5e49e683e58a0f2623558e 0bcc3f5f34914142a5318eb641a05754 - c2a9f9a5dc644b3690432ea147bbbecd c2a9f9a5dc644b3690432ea147bbbecd] Loaded quota_driver: <neutron.db.quota.driver.DbQuotaDriver object at 0x7ff52b4a8150>.
2018-06-28 15:36:13.593 23991 DEBUG neutron.db.quota.driver [req-dec57806-901a-4ad8-b514-7120bc93844a 6a6d8a47cd5e49e683e58a0f2623558e 0bcc3f5f34914142a5318eb641a05754 - c2a9f9a5dc644b3690432ea147bbbecd c2a9f9a5dc644b3690432ea147bbbecd] Resources subnetpool have unlimited quota limit. It is not required to calculate headroom  make_reservation /usr/lib/python2.7/site-packages/neutron/db/quota/driver.py:223
2018-06-28 15:36:13.607 23991 DEBUG neutron.quota.resource [req-dec57806-901a-4ad8-b514-7120bc93844a 6a6d8a47cd5e49e683e58a0f2623558e 0bcc3f5f34914142a5318eb641a05754 - c2a9f9a5dc644b3690432ea147bbbecd c2a9f9a5dc644b3690432ea147bbbecd] Usage tracker for resource:security_group and tenant:0bcc3f5f34914142a5318eb641a05754 is out of sync, need to count used quota count_used /usr/lib/python2.7/site-packages/neutron/quota/resource.py:274
2018-06-28 15:36:13.620 23991 DEBUG neutron.quota.resource [req-dec57806-901a-4ad8-b514-7120bc93844a 6a6d8a47cd5e49e683e58a0f2623558e 0bcc3f5f34914142a5318eb641a05754 - c2a9f9a5dc644b3690432ea147bbbecd c2a9f9a5dc644b3690432ea147bbbecd] Quota usage for security_group was recalculated. Used quota:0. count_used /usr/lib/python2.7/site-packages/neutron/quota/resource.py:293
2018-06-28 15:36:13.633 23991 DEBUG neutron.db.quota.driver [req-dec57806-901a-4ad8-b514-7120bc93844a 6a6d8a47cd5e49e683e58a0f2623558e 0bcc3f5f34914142a5318eb641a05754 - c2a9f9a5dc644b3690432ea147bbbecd c2a9f9a5dc644b3690432ea147bbbecd] Attempting to reserve 1 items for resource security_group. Total usage: 0; quota limit: 10; headroom:10 make_reservation /usr/lib/python2.7/site-packages/neutron/db/quota/driver.py:255
2018-06-28 15:36:13.691 23991 DEBUG neutron_lib.callbacks.manager [req-dec57806-901a-4ad8-b514-7120bc93844a 6a6d8a47cd5e49e683e58a0f2623558e 0bcc3f5f34914142a5318eb641a05754 - c2a9f9a5dc644b3690432ea147bbbecd c2a9f9a5dc644b3690432ea147bbbecd] Notify callbacks [] for security_group, before_create _notify_loop /usr/lib/python2.7/site-packages/neutron_lib/callbacks/manager.py:167
2018-06-28 15:36:13.725 23991 DEBUG neutron_lib.callbacks.manager [req-dec57806-901a-4ad8-b514-7120bc93844a 6a6d8a47cd5e49e683e58a0f2623558e 0bcc3f5f34914142a5318eb641a05754 - c2a9f9a5dc644b3690432ea147bbbecd c2a9f9a5dc644b3690432ea147bbbecd] Notify callbacks [] for security_group, before_create _notify_loop /usr/lib/python2.7/site-packages/neutron_lib/callbacks/manager.py:167
2018-06-28 15:36:14.416 23991 DEBUG neutron_lib.callbacks.manager [req-dec57806-901a-4ad8-b514-7120bc93844a 6a6d8a47cd5e49e683e58a0f2623558e 0bcc3f5f34914142a5318eb641a05754 - c2a9f9a5dc644b3690432ea147bbbecd c2a9f9a5dc644b3690432ea147bbbecd] Notify callbacks [] for security_group, precommit_create _notify_loop /usr/lib/python2.7/site-packages/neutron_lib/callbacks/manager.py:167
2018-06-28 15:36:14.423 23991 DEBUG neutron_lib.callbacks.manager [req-dec57806-901a-4ad8-b514-7120bc93844a 6a6d8a47cd5e49e683e58a0f2623558e 0bcc3f5f34914142a5318eb641a05754 - c2a9f9a5dc644b3690432ea147bbbecd c2a9f9a5dc644b3690432ea147bbbecd] Notify callbacks ['neutron.plugins.ml2.ovo_rpc._ObjectChangeHandler.handle_event-8082414'] for security_group, after_create _notify_loop /usr/lib/python2.7/site-packages/neutron_lib/callbacks/manager.py:167
2018-06-28 15:36:14.432 23991 DEBUG oslo_concurrency.lockutils [-] Lock "event-dispatch" acquired by "neutron.plugins.ml2.ovo_rpc.dispatch_events" :: waited 0.001s inner /usr/lib/python2.7/site-packages/oslo_concurrency/lockutils.py:270
2018-06-28 15:36:14.588 23991 DEBUG neutron.api.rpc.handlers.resources_rpc [req-dec57806-901a-4ad8-b514-7120bc93844a 6a6d8a47cd5e49e683e58a0f2623558e 0bcc3f5f34914142a5318eb641a05754 - - -] neutron.api.rpc.handlers.resources_rpc.ResourcesPushRpcApi method push called with arguments (<neutron_lib.context.Context object at 0x7ff52b553150>, [SecurityGroup(created_at=2018-06-28T13:36:13Z,description='Gruppo di sicurezza predefinito',id=24cef6ac-c712-4da4-a159-8f3778833f79,is_default=True,name='default',project_id='0bcc3f5f34914142a5318eb641a05754',revision_number=4,rules=[SecurityGroupRule(1eb9b971-5638-4557-93e3-ece1001dced4),SecurityGroupRule(51aca60d-8f8b-4bf6-bab1-c8f7ce27a394),SecurityGroupRule(64eefb34-1cb6-4518-a249-9226b049a1ea),SecurityGroupRule(eafcc1d3-d87a-4ac0-a17f-4f9f329c6e9a)],updated_at=2018-06-28T13:36:14Z)], 'updated') {} wrapper /usr/lib/python2.7/site-packages/oslo_log/helpers.py:66
2018-06-28 15:36:14.644 23991 DEBUG neutron.api.rpc.callbacks.version_manager [req-dec57806-901a-4ad8-b514-7120bc93844a 6a6d8a47cd5e49e683e58a0f2623558e 0bcc3f5f34914142a5318eb641a05754 - - -] Version for resource type Subnet changed None to 1.0 on consumer Open vSwitch agent@localhost.localdomain _set_version /usr/lib/python2.7/site-packages/neutron/api/rpc/callbacks/version_manager.py:119
2018-06-28 15:36:14.645 23991 DEBUG neutron.api.rpc.callbacks.version_manager [req-dec57806-901a-4ad8-b514-7120bc93844a 6a6d8a47cd5e49e683e58a0f2623558e 0bcc3f5f34914142a5318eb641a05754 - - -] Version for resource type Network changed None to 1.0 on consumer Open vSwitch agent@localhost.localdomain _set_version /usr/lib/python2.7/site-packages/neutron/api/rpc/callbacks/version_manager.py:119
2018-06-28 15:36:14.646 23991 DEBUG neutron.api.rpc.callbacks.version_manager [req-dec57806-901a-4ad8-b514-7120bc93844a 6a6d8a47cd5e49e683e58a0f2623558e 0bcc3f5f34914142a5318eb641a05754 - - -] Version for resource type SubPort changed None to 1.0 on consumer Open vSwitch agent@localhost.localdomain _set_version /usr/lib/python2.7/site-packages/neutron/api/rpc/callbacks/version_manager.py:119
2018-06-28 15:36:14.648 23991 DEBUG neutron.api.rpc.callbacks.version_manager [req-dec57806-901a-4ad8-b514-7120bc93844a 6a6d8a47cd5e49e683e58a0f2623558e 0bcc3f5f34914142a5318eb641a05754 - - -] Version for resource type SecurityGroup changed None to 1.0 on consumer Open vSwitch agent@localhost.localdomain _set_version /usr/lib/python2.7/site-packages/neutron/api/rpc/callbacks/version_manager.py:119
2018-06-28 15:36:14.649 23991 DEBUG neutron.api.rpc.callbacks.version_manager [req-dec57806-901a-4ad8-b514-7120bc93844a 6a6d8a47cd5e49e683e58a0f2623558e 0bcc3f5f34914142a5318eb641a05754 - - -] Version for resource type SecurityGroupRule changed None to 1.0 on consumer Open vSwitch agent@localhost.localdomain _set_version /usr/lib/python2.7/site-packages/neutron/api/rpc/callbacks/version_manager.py:119
2018-06-28 15:36:14.650 23991 DEBUG neutron.api.rpc.callbacks.version_manager [req-dec57806-901a-4ad8-b514-7120bc93844a 6a6d8a47cd5e49e683e58a0f2623558e 0bcc3f5f34914142a5318eb641a05754 - - -] Version for resource type Trunk changed None to 1.1 on consumer Open vSwitch agent@localhost.localdomain _set_version /usr/lib/python2.7/site-packages/neutron/api/rpc/callbacks/version_manager.py:119
2018-06-28 15:36:14.651 23991 DEBUG neutron.api.rpc.callbacks.version_manager [req-dec57806-901a-4ad8-b514-7120bc93844a 6a6d8a47cd5e49e683e58a0f2623558e 0bcc3f5f34914142a5318eb641a05754 - - -] Version for resource type QosPolicy changed None to 1.6 on consumer Open vSwitch agent@localhost.localdomain _set_version /usr/lib/python2.7/site-packages/neutron/api/rpc/callbacks/version_manager.py:119
2018-06-28 15:36:14.653 23991 DEBUG neutron.api.rpc.callbacks.version_manager [req-dec57806-901a-4ad8-b514-7120bc93844a 6a6d8a47cd5e49e683e58a0f2623558e 0bcc3f5f34914142a5318eb641a05754 - - -] Version for resource type Port changed None to 1.1 on consumer Open vSwitch agent@localhost.localdomain _set_version /usr/lib/python2.7/site-packages/neutron/api/rpc/callbacks/version_manager.py:119
2018-06-28 15:36:14.654 23991 DEBUG neutron.api.rpc.callbacks.version_manager [req-dec57806-901a-4ad8-b514-7120bc93844a 6a6d8a47cd5e49e683e58a0f2623558e 0bcc3f5f34914142a5318eb641a05754 - - -] Version for resource type Log changed None to 1.0 on consumer Open vSwitch agent@localhost.localdomain _set_version /usr/lib/python2.7/site-packages/neutron/api/rpc/callbacks/version_manager.py:119
2018-06-28 15:36:14.658 23991 DEBUG neutron.api.rpc.callbacks.version_manager [req-dec57806-901a-4ad8-b514-7120bc93844a 6a6d8a47cd5e49e683e58a0f2623558e 0bcc3f5f34914142a5318eb641a05754 - - -] Tracked resource versions report:
pushed versions:
{   'Log': set(['1.0']),
    'Network': set(['1.0']),
    'Port': set(['1.1']),
    'QosPolicy': set(['1.6']),
    'SecurityGroup': set(['1.0']),
    'SecurityGroupRule': set(['1.0']),
    'SubPort': set(['1.0']),
    'Subnet': set(['1.0']),
    'Trunk': set(['1.1'])}

consumer versions:
{   DHCP agent@localhost.localdomain: {   },
    L3 agent@localhost.localdomain: {   },
    Metadata agent@localhost.localdomain: {   },
    Metering agent@localhost.localdomain: {   },
    Open vSwitch agent@localhost.localdomain: {   u'Log': u'1.0',
                                                  u'Network': u'1.0',
                                                  u'Port': u'1.1',
                                                  u'QosPolicy': u'1.6',
                                                  u'SecurityGroup': u'1.0',
                                                  u'SecurityGroupRule': u'1.0',
                                                  u'SubPort': u'1.0',
                                                  u'Subnet': u'1.0',
                                                  u'Trunk': u'1.1'}}
 report /usr/lib/python2.7/site-packages/neutron/api/rpc/callbacks/version_manager.py:178
2018-06-28 15:36:15.253 23991 DEBUG oslo_concurrency.lockutils [req-dec57806-901a-4ad8-b514-7120bc93844a 6a6d8a47cd5e49e683e58a0f2623558e 0bcc3f5f34914142a5318eb641a05754 - - -] Lock "event-dispatch" released by "neutron.plugins.ml2.ovo_rpc.dispatch_events" :: held 0.820s inner /usr/lib/python2.7/site-packages/oslo_concurrency/lockutils.py:282
2018-06-28 15:36:15.396 23991 DEBUG neutron_lib.callbacks.manager [req-dec57806-901a-4ad8-b514-7120bc93844a 6a6d8a47cd5e49e683e58a0f2623558e 0bcc3f5f34914142a5318eb641a05754 - c2a9f9a5dc644b3690432ea147bbbecd c2a9f9a5dc644b3690432ea147bbbecd] Notify callbacks [] for security_group, precommit_create _notify_loop /usr/lib/python2.7/site-packages/neutron_lib/callbacks/manager.py:167
2018-06-28 15:36:15.408 23991 DEBUG neutron_lib.callbacks.manager [req-dec57806-901a-4ad8-b514-7120bc93844a 6a6d8a47cd5e49e683e58a0f2623558e 0bcc3f5f34914142a5318eb641a05754 - c2a9f9a5dc644b3690432ea147bbbecd c2a9f9a5dc644b3690432ea147bbbecd] Notify callbacks ['neutron.plugins.ml2.ovo_rpc._ObjectChangeHandler.handle_event-8082414'] for security_group, after_create _notify_loop /usr/lib/python2.7/site-packages/neutron_lib/callbacks/manager.py:167
2018-06-28 15:36:15.423 23991 DEBUG oslo_concurrency.lockutils [-] Lock "event-dispatch" acquired by "neutron.plugins.ml2.ovo_rpc.dispatch_events" :: waited 0.000s inner /usr/lib/python2.7/site-packages/oslo_concurrency/lockutils.py:270
2018-06-28 15:36:15.515 23991 DEBUG neutron.quota.resource [req-dec57806-901a-4ad8-b514-7120bc93844a 6a6d8a47cd5e49e683e58a0f2623558e 0bcc3f5f34914142a5318eb641a05754 - c2a9f9a5dc644b3690432ea147bbbecd c2a9f9a5dc644b3690432ea147bbbecd] Persisted dirty status for tenant:0bcc3f5f34914142a5318eb641a05754 on resource:security_group_rule mark_dirty /usr/lib/python2.7/site-packages/neutron/quota/resource.py:207
2018-06-28 15:36:15.530 23991 DEBUG neutron.quota.resource [req-dec57806-901a-4ad8-b514-7120bc93844a 6a6d8a47cd5e49e683e58a0f2623558e 0bcc3f5f34914142a5318eb641a05754 - c2a9f9a5dc644b3690432ea147bbbecd c2a9f9a5dc644b3690432ea147bbbecd] Persisted dirty status for tenant:0bcc3f5f34914142a5318eb641a05754 on resource:security_group mark_dirty /usr/lib/python2.7/site-packages/neutron/quota/resource.py:207
2018-06-28 15:36:15.547 23991 DEBUG neutron.api.rpc.handlers.resources_rpc [req-dec57806-901a-4ad8-b514-7120bc93844a 6a6d8a47cd5e49e683e58a0f2623558e 0bcc3f5f34914142a5318eb641a05754 - - -] neutron.api.rpc.handlers.resources_rpc.ResourcesPushRpcApi method push called with arguments (<neutron_lib.context.Context object at 0x7ff52b3eed10>, [SecurityGroup(created_at=2018-06-28T13:36:14Z,description='tempest-SECURITY_GROUP_SAMPLE-1530192877',id=ee5ccea6-8a15-45a0-931c-b431c61a2be9,is_default=False,name='tempest-SECURITY_GROUP_SAMPLE-1530192877',project_id='0bcc3f5f34914142a5318eb641a05754',revision_number=2,rules=[SecurityGroupRule(6f826a47-71b0-424d-8e1f-b9c5673385e8),SecurityGroupRule(a344a7a9-3b09-46bc-8b9b-3e781828b88f)],updated_at=2018-06-28T13:36:15Z)], 'updated') {} wrapper /usr/lib/python2.7/site-packages/oslo_log/helpers.py:66
2018-06-28 15:36:15.557 23991 DEBUG neutron_lib.callbacks.manager [req-dec57806-901a-4ad8-b514-7120bc93844a 6a6d8a47cd5e49e683e58a0f2623558e 0bcc3f5f34914142a5318eb641a05754 - c2a9f9a5dc644b3690432ea147bbbecd c2a9f9a5dc644b3690432ea147bbbecd] Notify callbacks [] for security_group, before_response _notify_loop /usr/lib/python2.7/site-packages/neutron_lib/callbacks/manager.py:167
2018-06-28 15:36:15.560 23991 INFO neutron.wsgi [req-dec57806-901a-4ad8-b514-7120bc93844a 6a6d8a47cd5e49e683e58a0f2623558e 0bcc3f5f34914142a5318eb641a05754 - c2a9f9a5dc644b3690432ea147bbbecd c2a9f9a5dc644b3690432ea147bbbecd] 10.0.20.25 "POST /v2.0/security-groups HTTP/1.1" status: 201  len: 1617 time: 4.4149580
2018-06-28 15:36:15.576 23991 DEBUG oslo_concurrency.lockutils [req-dec57806-901a-4ad8-b514-7120bc93844a 6a6d8a47cd5e49e683e58a0f2623558e 0bcc3f5f34914142a5318eb641a05754 - - -] Lock "event-dispatch" released by "neutron.plugins.ml2.ovo_rpc.dispatch_events" :: held 0.154s inner /usr/lib/python2.7/site-packages/oslo_concurrency/lockutils.py:282
2018-06-28 15:36:21.438 24005 DEBUG neutron_lib.callbacks.manager [req-1d59a49b-2ba6-4911-b758-2eebc1714148 - - - - -] Notify callbacks ['neutron.services.segments.db._update_segment_host_mapping_for_agent-8793186541874'] for agent, after_update _notify_loop /usr/lib/python2.7/site-packages/neutron_lib/callbacks/manager.py:167
2018-06-28 15:36:22.912 23991 DEBUG neutron.wsgi [-] (23991) accepted ('10.0.20.25', 56550) server /usr/lib/python2.7/site-packages/eventlet/wsgi.py:883
2018-06-28 15:36:22.919 23991 INFO neutron.wsgi [-] 10.0.20.25 "GET / HTTP/1.1" status: 200  len: 252 time: 0.0038378
2018-06-28 15:36:23.635 23991 INFO neutron.api.v2.resource [req-29254c32-7b29-4053-b5c5-69f91f57d518 6a6d8a47cd5e49e683e58a0f2623558e 0bcc3f5f34914142a5318eb641a05754 - c2a9f9a5dc644b3690432ea147bbbecd c2a9f9a5dc644b3690432ea147bbbecd] show failed (client error): The resource could not be found.
2018-06-28 15:36:23.637 23991 INFO neutron.wsgi [req-29254c32-7b29-4053-b5c5-69f91f57d518 6a6d8a47cd5e49e683e58a0f2623558e 0bcc3f5f34914142a5318eb641a05754 - c2a9f9a5dc644b3690432ea147bbbecd c2a9f9a5dc644b3690432ea147bbbecd] 10.0.20.25 "GET /v2.0/security-groups/tempest-SECURITY_GROUP_SAMPLE-1530192877 HTTP/1.1" status: 404  len: 360 time: 0.7110810
2018-06-28 15:36:23.916 23991 DEBUG neutron.quota.resource [req-6ff72adf-8194-492a-8721-cab27d441596 6a6d8a47cd5e49e683e58a0f2623558e 0bcc3f5f34914142a5318eb641a05754 - c2a9f9a5dc644b3690432ea147bbbecd c2a9f9a5dc644b3690432ea147bbbecd] Synchronizing usage tracker for tenant:0bcc3f5f34914142a5318eb641a05754 on resource:security_group resync /usr/lib/python2.7/site-packages/neutron/quota/resource.py:245
2018-06-28 15:36:23.967 23991 DEBUG neutron.quota.resource [req-6ff72adf-8194-492a-8721-cab27d441596 6a6d8a47cd5e49e683e58a0f2623558e 0bcc3f5f34914142a5318eb641a05754 - c2a9f9a5dc644b3690432ea147bbbecd c2a9f9a5dc644b3690432ea147bbbecd] Unset dirty status for tenant:0bcc3f5f34914142a5318eb641a05754 on resource:security_group _resync /usr/lib/python2.7/site-packages/neutron/quota/resource.py:237
2018-06-28 15:36:23.971 23991 INFO neutron.wsgi [req-6ff72adf-8194-492a-8721-cab27d441596 6a6d8a47cd5e49e683e58a0f2623558e 0bcc3f5f34914142a5318eb641a05754 - c2a9f9a5dc644b3690432ea147bbbecd c2a9f9a5dc644b3690432ea147bbbecd] 10.0.20.25 "GET /v2.0/security-groups HTTP/1.1" status: 200  len: 22569 time: 0.3267848
2018-06-28 15:36:24.015 23991 DEBUG neutron.api.v2.base [req-21048318-0057-4fcf-8f70-0a8d08c1b811 6a6d8a47cd5e49e683e58a0f2623558e 0bcc3f5f34914142a5318eb641a05754 - c2a9f9a5dc644b3690432ea147bbbecd c2a9f9a5dc644b3690432ea147bbbecd] Request body: {u'security_group_rule': {u'direction': u'ingress', u'protocol': u'tcp', u'ethertype': u'IPv4', u'port_range_max': 22, u'security_group_id': u'ee5ccea6-8a15-45a0-931c-b431c61a2be9', u'port_range_min': 22, u'remote_ip_prefix': u'0.0.0.0/0'}} prepare_request_body /usr/lib/python2.7/site-packages/neutron/api/v2/base.py:695
2018-06-28 15:36:24.026 23991 DEBUG neutron.db.quota.driver [req-21048318-0057-4fcf-8f70-0a8d08c1b811 6a6d8a47cd5e49e683e58a0f2623558e 0bcc3f5f34914142a5318eb641a05754 - c2a9f9a5dc644b3690432ea147bbbecd c2a9f9a5dc644b3690432ea147bbbecd] Resources subnetpool have unlimited quota limit. It is not required to calculate headroom  make_reservation /usr/lib/python2.7/site-packages/neutron/db/quota/driver.py:223
2018-06-28 15:36:24.037 23991 DEBUG neutron.quota.resource [req-21048318-0057-4fcf-8f70-0a8d08c1b811 6a6d8a47cd5e49e683e58a0f2623558e 0bcc3f5f34914142a5318eb641a05754 - c2a9f9a5dc644b3690432ea147bbbecd c2a9f9a5dc644b3690432ea147bbbecd] Usage tracker for resource:security_group_rule and tenant:0bcc3f5f34914142a5318eb641a05754 is out of sync, need to count used quota count_used /usr/lib/python2.7/site-packages/neutron/quota/resource.py:274
2018-06-28 15:36:24.061 23991 DEBUG neutron.quota.resource [req-21048318-0057-4fcf-8f70-0a8d08c1b811 6a6d8a47cd5e49e683e58a0f2623558e 0bcc3f5f34914142a5318eb641a05754 - c2a9f9a5dc644b3690432ea147bbbecd c2a9f9a5dc644b3690432ea147bbbecd] Quota usage for security_group_rule was recalculated. Used quota:6. count_used /usr/lib/python2.7/site-packages/neutron/quota/resource.py:293
2018-06-28 15:36:24.078 23991 DEBUG neutron.db.quota.driver [req-21048318-0057-4fcf-8f70-0a8d08c1b811 6a6d8a47cd5e49e683e58a0f2623558e 0bcc3f5f34914142a5318eb641a05754 - c2a9f9a5dc644b3690432ea147bbbecd c2a9f9a5dc644b3690432ea147bbbecd] Attempting to reserve 1 items for resource security_group_rule. Total usage: 6; quota limit: 100; headroom:94 make_reservation /usr/lib/python2.7/site-packages/neutron/db/quota/driver.py:255
2018-06-28 15:36:24.234 23991 DEBUG neutron_lib.callbacks.manager [req-21048318-0057-4fcf-8f70-0a8d08c1b811 6a6d8a47cd5e49e683e58a0f2623558e 0bcc3f5f34914142a5318eb641a05754 - c2a9f9a5dc644b3690432ea147bbbecd c2a9f9a5dc644b3690432ea147bbbecd] Notify callbacks [] for security_group_rule, before_create _notify_loop /usr/lib/python2.7/site-packages/neutron_lib/callbacks/manager.py:167
2018-06-28 15:36:24.355 23991 DEBUG neutron_lib.callbacks.manager [req-21048318-0057-4fcf-8f70-0a8d08c1b811 6a6d8a47cd5e49e683e58a0f2623558e 0bcc3f5f34914142a5318eb641a05754 - c2a9f9a5dc644b3690432ea147bbbecd c2a9f9a5dc644b3690432ea147bbbecd] Notify callbacks [] for security_group_rule, precommit_create _notify_loop /usr/lib/python2.7/site-packages/neutron_lib/callbacks/manager.py:167
2018-06-28 15:36:24.374 23991 DEBUG neutron_lib.callbacks.manager [req-21048318-0057-4fcf-8f70-0a8d08c1b811 6a6d8a47cd5e49e683e58a0f2623558e 0bcc3f5f34914142a5318eb641a05754 - c2a9f9a5dc644b3690432ea147bbbecd c2a9f9a5dc644b3690432ea147bbbecd] Notify callbacks ['neutron.plugins.ml2.ovo_rpc._ObjectChangeHandler.handle_event-8082238'] for security_group_rule, after_create _notify_loop /usr/lib/python2.7/site-packages/neutron_lib/callbacks/manager.py:167
2018-06-28 15:36:24.401 23991 DEBUG oslo_concurrency.lockutils [-] Lock "event-dispatch" acquired by "neutron.plugins.ml2.ovo_rpc.dispatch_events" :: waited 0.001s inner /usr/lib/python2.7/site-packages/oslo_concurrency/lockutils.py:270
2018-06-28 15:36:24.459 23996 DEBUG neutron_lib.callbacks.manager [req-a88412e0-99d5-4185-b0d4-84fbb3a50c1e - - - - -] Notify callbacks ['neutron.services.segments.db._update_segment_host_mapping_for_agent-8793186541874'] for agent, after_update _notify_loop /usr/lib/python2.7/site-packages/neutron_lib/callbacks/manager.py:167
2018-06-28 15:36:24.496 23991 DEBUG neutron.api.rpc.handlers.resources_rpc [req-21048318-0057-4fcf-8f70-0a8d08c1b811 6a6d8a47cd5e49e683e58a0f2623558e 0bcc3f5f34914142a5318eb641a05754 - - -] neutron.api.rpc.handlers.resources_rpc.ResourcesPushRpcApi method push called with arguments (<neutron_lib.context.Context object at 0x7ff52b291f90>, [SecurityGroupRule(created_at=2018-06-28T13:36:24Z,description='',direction='ingress',ethertype='IPv4',id=710c7b8f-8546-4b19-9a9e-078afe137f07,port_range_max=22,port_range_min=22,project_id='0bcc3f5f34914142a5318eb641a05754',protocol='tcp',remote_group_id=<?>,remote_ip_prefix=0.0.0.0/0,revision_number=0,security_group_id=ee5ccea6-8a15-45a0-931c-b431c61a2be9,updated_at=2018-06-28T13:36:24Z)], 'updated') {} wrapper /usr/lib/python2.7/site-packages/oslo_log/helpers.py:66
2018-06-28 15:36:24.547 23991 DEBUG oslo_concurrency.lockutils [req-21048318-0057-4fcf-8f70-0a8d08c1b811 6a6d8a47cd5e49e683e58a0f2623558e 0bcc3f5f34914142a5318eb641a05754 - - -] Lock "event-dispatch" released by "neutron.plugins.ml2.ovo_rpc.dispatch_events" :: held 0.146s inner /usr/lib/python2.7/site-packages/oslo_concurrency/lockutils.py:282
2018-06-28 15:36:24.571 23991 DEBUG neutron.quota.resource [req-21048318-0057-4fcf-8f70-0a8d08c1b811 6a6d8a47cd5e49e683e58a0f2623558e 0bcc3f5f34914142a5318eb641a05754 - c2a9f9a5dc644b3690432ea147bbbecd c2a9f9a5dc644b3690432ea147bbbecd] Persisted dirty status for tenant:0bcc3f5f34914142a5318eb641a05754 on resource:security_group_rule mark_dirty /usr/lib/python2.7/site-packages/neutron/quota/resource.py:207
2018-06-28 15:36:24.589 23991 DEBUG neutron_lib.callbacks.manager [req-21048318-0057-4fcf-8f70-0a8d08c1b811 6a6d8a47cd5e49e683e58a0f2623558e 0bcc3f5f34914142a5318eb641a05754 - c2a9f9a5dc644b3690432ea147bbbecd c2a9f9a5dc644b3690432ea147bbbecd] Notify callbacks [] for security_group_rule, before_response _notify_loop /usr/lib/python2.7/site-packages/neutron_lib/callbacks/manager.py:167
2018-06-28 15:36:24.596 23991 INFO neutron.wsgi [req-21048318-0057-4fcf-8f70-0a8d08c1b811 6a6d8a47cd5e49e683e58a0f2623558e 0bcc3f5f34914142a5318eb641a05754 - c2a9f9a5dc644b3690432ea147bbbecd c2a9f9a5dc644b3690432ea147bbbecd] 10.0.20.25 "POST /v2.0/security-group-rules HTTP/1.1" status: 201  len: 718 time: 0.6060920
2018-06-28 15:36:25.542 23997 DEBUG neutron_lib.callbacks.manager [req-c14c0a66-1d4b-40d2-b3b9-ba2b98c23c0b - - - - -] Notify callbacks ['neutron.services.segments.db._update_segment_host_mapping_for_agent-8793186541874'] for agent, after_update _notify_loop /usr/lib/python2.7/site-packages/neutron_lib/callbacks/manager.py:167
2018-06-28 15:36:26.113 23998 DEBUG neutron_lib.callbacks.manager [req-10d5aa8e-45b7-48b3-a5b2-5578a25475fc - - - - -] Notify callbacks ['neutron.services.segments.db._update_segment_host_mapping_for_agent-8793186541874'] for agent, after_update _notify_loop /usr/lib/python2.7/site-packages/neutron_lib/callbacks/manager.py:167
2018-06-28 15:36:32.743 23995 DEBUG neutron.wsgi [-] (23995) accepted ('10.0.20.25', 56570) server /usr/lib/python2.7/site-packages/eventlet/wsgi.py:883
2018-06-28 15:36:32.751 23995 INFO neutron.wsgi [-] 10.0.20.25 "GET / HTTP/1.1" status: 200  len: 252 time: 0.0030420
2018-06-28 15:36:33.488 23995 INFO neutron.wsgi [req-43508a33-ec60-47b2-a9ff-122e9dd0c4d5 6a6d8a47cd5e49e683e58a0f2623558e 0bcc3f5f34914142a5318eb641a05754 - c2a9f9a5dc644b3690432ea147bbbecd c2a9f9a5dc644b3690432ea147bbbecd] 10.0.20.25 "GET /v2.0/security-groups HTTP/1.1" status: 200  len: 23072 time: 0.7303710
2018-06-28 15:36:38.590 24001 DEBUG neutron_lib.callbacks.manager [req-44f0d8cc-c114-420c-aeb3-174e98328a74 - - - - -] Notify callbacks ['neutron.services.segments.db._update_segment_host_mapping_for_agent-8793186541874'] for agent, after_update _notify_loop /usr/lib/python2.7/site-packages/neutron_lib/callbacks/manager.py:167
2018-06-28 15:36:44.347 23991 DEBUG neutron.wsgi [-] (23991) accepted ('10.0.20.25', 56606) server /usr/lib/python2.7/site-packages/eventlet/wsgi.py:883
2018-06-28 15:36:44.352 23991 INFO neutron.wsgi [-] 10.0.20.25 "GET / HTTP/1.1" status: 200  len: 252 time: 0.0028789
2018-06-28 15:36:44.995 23991 INFO neutron.pecan_wsgi.hooks.translation [req-0bd95116-0f24-48b6-8648-ec8bf1aeefcb 82758ee9dbed4bdf919e32bc6135cc36 f7db0ec7eef2499fb14973cea9da1187 - default default] GET failed (client error): The resource could not be found.
2018-06-28 15:36:44.998 23991 INFO neutron.wsgi [req-0bd95116-0f24-48b6-8648-ec8bf1aeefcb 82758ee9dbed4bdf919e32bc6135cc36 f7db0ec7eef2499fb14973cea9da1187 - default default] 10.0.20.25 "GET /v2.0/networks/public HTTP/1.1" status: 404  len: 314 time: 0.6410160
2018-06-28 15:36:45.329 23991 DEBUG neutron.pecan_wsgi.hooks.policy_enforcement [req-9b369f5d-0e80-46f5-8923-973caadd6787 82758ee9dbed4bdf919e32bc6135cc36 f7db0ec7eef2499fb14973cea9da1187 - default default] Attributes excluded by policy engine: [u'vlan_transparent'] _exclude_attributes_by_policy /usr/lib/python2.7/site-packages/neutron/pecan_wsgi/hooks/policy_enforcement.py:256
2018-06-28 15:36:45.331 23991 DEBUG neutron.pecan_wsgi.hooks.policy_enforcement [req-9b369f5d-0e80-46f5-8923-973caadd6787 82758ee9dbed4bdf919e32bc6135cc36 f7db0ec7eef2499fb14973cea9da1187 - default default] Attributes excluded by policy engine: [u'vlan_transparent'] _exclude_attributes_by_policy /usr/lib/python2.7/site-packages/neutron/pecan_wsgi/hooks/policy_enforcement.py:256
2018-06-28 15:36:45.332 23991 DEBUG neutron.pecan_wsgi.hooks.policy_enforcement [req-9b369f5d-0e80-46f5-8923-973caadd6787 82758ee9dbed4bdf919e32bc6135cc36 f7db0ec7eef2499fb14973cea9da1187 - default default] Attributes excluded by policy engine: [u'vlan_transparent'] _exclude_attributes_by_policy /usr/lib/python2.7/site-packages/neutron/pecan_wsgi/hooks/policy_enforcement.py:256
2018-06-28 15:36:45.334 23991 INFO neutron.wsgi [req-9b369f5d-0e80-46f5-8923-973caadd6787 82758ee9dbed4bdf919e32bc6135cc36 f7db0ec7eef2499fb14973cea9da1187 - default default] 10.0.20.25 "GET /v2.0/networks HTTP/1.1" status: 200  len: 2214 time: 0.3280289
2018-06-28 15:36:50.027 24006 DEBUG neutron.db.agents_db [req-deb9dc2b-489b-43d4-993f-ee2ee5bf11d6 - - - - -] Agent healthcheck: found 5 active agents agent_health_check /usr/lib/python2.7/site-packages/neutron/db/agents_db.py:281
2018-06-28 15:36:51.435 24000 DEBUG neutron_lib.callbacks.manager [req-1d59a49b-2ba6-4911-b758-2eebc1714148 - - - - -] Notify callbacks ['neutron.services.segments.db._update_segment_host_mapping_for_agent-8793186541874'] for agent, after_update _notify_loop /usr/lib/python2.7/site-packages/neutron_lib/callbacks/manager.py:167
2018-06-28 15:36:53.335 23991 DEBUG neutron.wsgi [-] (23991) accepted ('10.0.20.25', 56622) server /usr/lib/python2.7/site-packages/eventlet/wsgi.py:883
2018-06-28 15:36:53.340 23991 INFO neutron.wsgi [-] 10.0.20.25 "GET / HTTP/1.1" status: 200  len: 252 time: 0.0028481
2018-06-28 15:36:53.998 23991 DEBUG neutron.api.v2.base [req-b3cd6ca2-359b-4c23-91a9-7f955d561948 6a6d8a47cd5e49e683e58a0f2623558e 0bcc3f5f34914142a5318eb641a05754 - c2a9f9a5dc644b3690432ea147bbbecd c2a9f9a5dc644b3690432ea147bbbecd] Request body: {u'network': {u'name': u'tempest-private-1530192877', u'admin_state_up': True}} prepare_request_body /usr/lib/python2.7/site-packages/neutron/api/v2/base.py:695
2018-06-28 15:36:54.009 23991 DEBUG neutron.db.quota.driver [req-b3cd6ca2-359b-4c23-91a9-7f955d561948 6a6d8a47cd5e49e683e58a0f2623558e 0bcc3f5f34914142a5318eb641a05754 - c2a9f9a5dc644b3690432ea147bbbecd c2a9f9a5dc644b3690432ea147bbbecd] Resources subnetpool have unlimited quota limit. It is not required to calculate headroom  make_reservation /usr/lib/python2.7/site-packages/neutron/db/quota/driver.py:223
2018-06-28 15:36:54.018 23991 DEBUG neutron.quota.resource [req-b3cd6ca2-359b-4c23-91a9-7f955d561948 6a6d8a47cd5e49e683e58a0f2623558e 0bcc3f5f34914142a5318eb641a05754 - c2a9f9a5dc644b3690432ea147bbbecd c2a9f9a5dc644b3690432ea147bbbecd] Usage tracker for resource:network and tenant:0bcc3f5f34914142a5318eb641a05754 is out of sync, need to count used quota count_used /usr/lib/python2.7/site-packages/neutron/quota/resource.py:274
2018-06-28 15:36:54.031 23991 DEBUG neutron.quota.resource [req-b3cd6ca2-359b-4c23-91a9-7f955d561948 6a6d8a47cd5e49e683e58a0f2623558e 0bcc3f5f34914142a5318eb641a05754 - c2a9f9a5dc644b3690432ea147bbbecd c2a9f9a5dc644b3690432ea147bbbecd] Quota usage for network was recalculated. Used quota:0. count_used /usr/lib/python2.7/site-packages/neutron/quota/resource.py:293
2018-06-28 15:36:54.045 23991 DEBUG neutron.db.quota.driver [req-b3cd6ca2-359b-4c23-91a9-7f955d561948 6a6d8a47cd5e49e683e58a0f2623558e 0bcc3f5f34914142a5318eb641a05754 - c2a9f9a5dc644b3690432ea147bbbecd c2a9f9a5dc644b3690432ea147bbbecd] Attempting to reserve 1 items for resource network. Total usage: 0; quota limit: 100; headroom:100 make_reservation /usr/lib/python2.7/site-packages/neutron/db/quota/driver.py:255
2018-06-28 15:36:54.113 23991 DEBUG neutron.pecan_wsgi.hooks.quota_enforcement [req-b3cd6ca2-359b-4c23-91a9-7f955d561948 6a6d8a47cd5e49e683e58a0f2623558e 0bcc3f5f34914142a5318eb641a05754 - c2a9f9a5dc644b3690432ea147bbbecd c2a9f9a5dc644b3690432ea147bbbecd] Made reservation on behalf of 0bcc3f5f34914142a5318eb641a05754 for: {'network': 1} before /usr/lib/python2.7/site-packages/neutron/pecan_wsgi/hooks/quota_enforcement.py:55
2018-06-28 15:36:54.124 23991 DEBUG neutron_lib.callbacks.manager [req-b3cd6ca2-359b-4c23-91a9-7f955d561948 6a6d8a47cd5e49e683e58a0f2623558e 0bcc3f5f34914142a5318eb641a05754 - c2a9f9a5dc644b3690432ea147bbbecd c2a9f9a5dc644b3690432ea147bbbecd] Notify callbacks ['neutron.plugins.ml2.plugin.Ml2Plugin._ensure_default_security_group_handler--9223372036854024352'] for network, before_create _notify_loop /usr/lib/python2.7/site-packages/neutron_lib/callbacks/manager.py:167
2018-06-28 15:36:54.227 23991 DEBUG neutron.plugins.ml2.drivers.helpers [req-b3cd6ca2-359b-4c23-91a9-7f955d561948 6a6d8a47cd5e49e683e58a0f2623558e 0bcc3f5f34914142a5318eb641a05754 - c2a9f9a5dc644b3690432ea147bbbecd c2a9f9a5dc644b3690432ea147bbbecd] vxlan segment allocate from pool started with {'vxlan_vni': 70}  allocate_partially_specified_segment /usr/lib/python2.7/site-packages/neutron/plugins/ml2/drivers/helpers.py:157
2018-06-28 15:36:54.234 23991 DEBUG neutron.plugins.ml2.drivers.helpers [req-b3cd6ca2-359b-4c23-91a9-7f955d561948 6a6d8a47cd5e49e683e58a0f2623558e 0bcc3f5f34914142a5318eb641a05754 - c2a9f9a5dc644b3690432ea147bbbecd c2a9f9a5dc644b3690432ea147bbbecd] vxlan segment allocate from pool success with {'vxlan_vni': 70}  allocate_partially_specified_segment /usr/lib/python2.7/site-packages/neutron/plugins/ml2/drivers/helpers.py:165
2018-06-28 15:36:54.282 23991 DEBUG neutron_lib.callbacks.manager [req-b3cd6ca2-359b-4c23-91a9-7f955d561948 6a6d8a47cd5e49e683e58a0f2623558e 0bcc3f5f34914142a5318eb641a05754 - c2a9f9a5dc644b3690432ea147bbbecd c2a9f9a5dc644b3690432ea147bbbecd] Notify callbacks ['neutron.services.segments.db._add_segment_host_mapping_for_segment--9223363243668233927', 'neutron.plugins.ml2.plugin.Ml2Plugin._handle_segment_change--9223372036853837404'] for segment, precommit_create _notify_loop /usr/lib/python2.7/site-packages/neutron_lib/callbacks/manager.py:167
2018-06-28 15:36:54.283 23991 INFO neutron.db.segments_db [req-b3cd6ca2-359b-4c23-91a9-7f955d561948 6a6d8a47cd5e49e683e58a0f2623558e 0bcc3f5f34914142a5318eb641a05754 - c2a9f9a5dc644b3690432ea147bbbecd c2a9f9a5dc644b3690432ea147bbbecd] Added segment 85d81c39-4cb5-4e10-b0d8-cac6650288f7 of type vxlan for network e2461b6b-6a1d-435a-b569-a2e1203fe437
2018-06-28 15:36:54.434 23991 DEBUG neutron_lib.callbacks.manager [req-b3cd6ca2-359b-4c23-91a9-7f955d561948 6a6d8a47cd5e49e683e58a0f2623558e 0bcc3f5f34914142a5318eb641a05754 - c2a9f9a5dc644b3690432ea147bbbecd c2a9f9a5dc644b3690432ea147bbbecd] Notify callbacks ['neutron.services.auto_allocate.db._ensure_external_network_default_value_callback-8793186170915'] for network, precommit_create _notify_loop /usr/lib/python2.7/site-packages/neutron_lib/callbacks/manager.py:167
2018-06-28 15:36:54.437 24003 DEBUG neutron_lib.callbacks.manager [req-8d37f155-6b6c-4153-951a-cab322464733 - - - - -] Notify callbacks ['neutron.services.segments.db._update_segment_host_mapping_for_agent-8793186541874'] for agent, after_update _notify_loop /usr/lib/python2.7/site-packages/neutron_lib/callbacks/manager.py:167
2018-06-28 15:36:54.533 23991 DEBUG neutron_lib.callbacks.manager [req-b3cd6ca2-359b-4c23-91a9-7f955d561948 6a6d8a47cd5e49e683e58a0f2623558e 0bcc3f5f34914142a5318eb641a05754 - c2a9f9a5dc644b3690432ea147bbbecd c2a9f9a5dc644b3690432ea147bbbecd] Notify callbacks ['neutron.api.rpc.agentnotifiers.dhcp_rpc_agent_api.DhcpAgentNotifyAPI._native_event_send_dhcp_notification-8058339', 'neutron.plugins.ml2.ovo_rpc._ObjectChangeHandler.handle_event-8082254'] for network, after_create _notify_loop /usr/lib/python2.7/site-packages/neutron_lib/callbacks/manager.py:167
2018-06-28 15:36:54.538 23991 DEBUG neutron.pecan_wsgi.hooks.policy_enforcement [req-b3cd6ca2-359b-4c23-91a9-7f955d561948 6a6d8a47cd5e49e683e58a0f2623558e 0bcc3f5f34914142a5318eb641a05754 - c2a9f9a5dc644b3690432ea147bbbecd c2a9f9a5dc644b3690432ea147bbbecd] Attributes excluded by policy engine: [u'vlan_transparent'] _exclude_attributes_by_policy /usr/lib/python2.7/site-packages/neutron/pecan_wsgi/hooks/policy_enforcement.py:256
2018-06-28 15:36:54.540 23991 DEBUG neutron_lib.callbacks.manager [req-b3cd6ca2-359b-4c23-91a9-7f955d561948 6a6d8a47cd5e49e683e58a0f2623558e 0bcc3f5f34914142a5318eb641a05754 - c2a9f9a5dc644b3690432ea147bbbecd c2a9f9a5dc644b3690432ea147bbbecd] Notify callbacks ['neutron.api.rpc.agentnotifiers.dhcp_rpc_agent_api.DhcpAgentNotifyAPI._send_dhcp_notification-8058352'] for network, before_response _notify_loop /usr/lib/python2.7/site-packages/neutron_lib/callbacks/manager.py:167
2018-06-28 15:36:54.546 23991 DEBUG oslo_concurrency.lockutils [-] Lock "event-dispatch" acquired by "neutron.plugins.ml2.ovo_rpc.dispatch_events" :: waited 0.000s inner /usr/lib/python2.7/site-packages/oslo_concurrency/lockutils.py:270
2018-06-28 15:36:54.773 23991 DEBUG neutron.quota.resource [req-b3cd6ca2-359b-4c23-91a9-7f955d561948 6a6d8a47cd5e49e683e58a0f2623558e 0bcc3f5f34914142a5318eb641a05754 - c2a9f9a5dc644b3690432ea147bbbecd c2a9f9a5dc644b3690432ea147bbbecd] Persisted dirty status for tenant:0bcc3f5f34914142a5318eb641a05754 on resource:network mark_dirty /usr/lib/python2.7/site-packages/neutron/quota/resource.py:207
2018-06-28 15:36:54.789 23991 INFO neutron.wsgi [req-b3cd6ca2-359b-4c23-91a9-7f955d561948 6a6d8a47cd5e49e683e58a0f2623558e 0bcc3f5f34914142a5318eb641a05754 - c2a9f9a5dc644b3690432ea147bbbecd c2a9f9a5dc644b3690432ea147bbbecd] 10.0.20.25 "POST /v2.0/networks HTTP/1.1" status: 201  len: 862 time: 1.4427369
2018-06-28 15:36:54.809 23991 DEBUG neutron.api.rpc.handlers.resources_rpc [req-b3cd6ca2-359b-4c23-91a9-7f955d561948 6a6d8a47cd5e49e683e58a0f2623558e 0bcc3f5f34914142a5318eb641a05754 - - -] neutron.api.rpc.handlers.resources_rpc.ResourcesPushRpcApi method push called with arguments (<neutron_lib.context.Context object at 0x7ff52b0fb990>, [Network(admin_state_up=True,availability_zone_hints=[],created_at=2018-06-28T13:36:54Z,description='',dns_domain=None,id=e2461b6b-6a1d-435a-b569-a2e1203fe437,mtu=1450,name='tempest-private-1530192877',project_id='0bcc3f5f34914142a5318eb641a05754',qos_policy_id=None,revision_number=2,security=NetworkPortSecurity(e2461b6b-6a1d-435a-b569-a2e1203fe437),segments=[NetworkSegment(85d81c39-4cb5-4e10-b0d8-cac6650288f7)],shared=False,status='ACTIVE',updated_at=2018-06-28T13:36:54Z,vlan_transparent=<?>)], 'updated') {} wrapper /usr/lib/python2.7/site-packages/oslo_log/helpers.py:66
2018-06-28 15:36:54.834 23991 DEBUG oslo_concurrency.lockutils [req-b3cd6ca2-359b-4c23-91a9-7f955d561948 6a6d8a47cd5e49e683e58a0f2623558e 0bcc3f5f34914142a5318eb641a05754 - - -] Lock "event-dispatch" released by "neutron.plugins.ml2.ovo_rpc.dispatch_events" :: held 0.288s inner /usr/lib/python2.7/site-packages/oslo_concurrency/lockutils.py:282
2018-06-28 15:36:55.576 24002 DEBUG neutron_lib.callbacks.manager [req-c14c0a66-1d4b-40d2-b3b9-ba2b98c23c0b - - - - -] Notify callbacks ['neutron.services.segments.db._update_segment_host_mapping_for_agent-8793186541874'] for agent, after_update _notify_loop /usr/lib/python2.7/site-packages/neutron_lib/callbacks/manager.py:167
2018-06-28 15:36:56.126 23999 DEBUG neutron_lib.callbacks.manager [req-a1e44335-9ca5-4c17-b6d3-abe2d12092c5 - - - - -] Notify callbacks ['neutron.services.segments.db._update_segment_host_mapping_for_agent-8793186541874'] for agent, after_update _notify_loop /usr/lib/python2.7/site-packages/neutron_lib/callbacks/manager.py:167
2018-06-28 15:37:03.085 23991 DEBUG neutron.wsgi [-] (23991) accepted ('10.0.20.25', 57664) server /usr/lib/python2.7/site-packages/eventlet/wsgi.py:883
2018-06-28 15:37:03.089 23991 INFO neutron.wsgi [-] 10.0.20.25 "GET / HTTP/1.1" status: 200  len: 252 time: 0.0022130
2018-06-28 15:37:03.583 23991 INFO neutron.pecan_wsgi.hooks.translation [req-feb1a345-efa2-48ce-839b-1ef54b654561 6a6d8a47cd5e49e683e58a0f2623558e 0bcc3f5f34914142a5318eb641a05754 - c2a9f9a5dc644b3690432ea147bbbecd c2a9f9a5dc644b3690432ea147bbbecd] GET failed (client error): The resource could not be found.
2018-06-28 15:37:03.585 23991 DEBUG neutron.quota.resource [req-feb1a345-efa2-48ce-839b-1ef54b654561 6a6d8a47cd5e49e683e58a0f2623558e 0bcc3f5f34914142a5318eb641a05754 - c2a9f9a5dc644b3690432ea147bbbecd c2a9f9a5dc644b3690432ea147bbbecd] Synchronizing usage tracker for tenant:0bcc3f5f34914142a5318eb641a05754 on resource:network resync /usr/lib/python2.7/site-packages/neutron/quota/resource.py:245
2018-06-28 15:37:03.670 23991 DEBUG neutron.quota.resource [req-feb1a345-efa2-48ce-839b-1ef54b654561 6a6d8a47cd5e49e683e58a0f2623558e 0bcc3f5f34914142a5318eb641a05754 - c2a9f9a5dc644b3690432ea147bbbecd c2a9f9a5dc644b3690432ea147bbbecd] Unset dirty status for tenant:0bcc3f5f34914142a5318eb641a05754 on resource:network _resync /usr/lib/python2.7/site-packages/neutron/quota/resource.py:237
2018-06-28 15:37:03.672 23991 INFO neutron.wsgi [req-feb1a345-efa2-48ce-839b-1ef54b654561 6a6d8a47cd5e49e683e58a0f2623558e 0bcc3f5f34914142a5318eb641a05754 - c2a9f9a5dc644b3690432ea147bbbecd c2a9f9a5dc644b3690432ea147bbbecd] 10.0.20.25 "GET /v2.0/networks/tempest-private-1530192877 HTTP/1.1" status: 404  len: 334 time: 0.5789719
2018-06-28 15:37:03.965 23991 DEBUG neutron.pecan_wsgi.hooks.policy_enforcement [req-264b3026-c42a-47c8-99e3-6033ccfa65b2 6a6d8a47cd5e49e683e58a0f2623558e 0bcc3f5f34914142a5318eb641a05754 - c2a9f9a5dc644b3690432ea147bbbecd c2a9f9a5dc644b3690432ea147bbbecd] Attributes excluded by policy engine: [u'vlan_transparent'] _exclude_attributes_by_policy /usr/lib/python2.7/site-packages/neutron/pecan_wsgi/hooks/policy_enforcement.py:256
2018-06-28 15:37:03.966 23991 DEBUG neutron.pecan_wsgi.hooks.policy_enforcement [req-264b3026-c42a-47c8-99e3-6033ccfa65b2 6a6d8a47cd5e49e683e58a0f2623558e 0bcc3f5f34914142a5318eb641a05754 - c2a9f9a5dc644b3690432ea147bbbecd c2a9f9a5dc644b3690432ea147bbbecd] Attributes excluded by policy engine: [u'vlan_transparent'] _exclude_attributes_by_policy /usr/lib/python2.7/site-packages/neutron/pecan_wsgi/hooks/policy_enforcement.py:256
