2018-06-27 23:49:55.257 16042 DEBUG neutron.pecan_wsgi.hooks.policy_enforcement [req-7db62405-5561-485b-8494-7b9651e91f3b 82758ee9dbed4bdf919e32bc6135cc36 f7db0ec7eef2499fb14973cea9da1187 - default default] Attributes excluded by policy engine: [u'vlan_transparent'] _exclude_attributes_by_policy /usr/lib/python2.7/site-packages/neutron/pecan_wsgi/hooks/policy_enforcement.py:256
2018-06-27 23:49:55.260 16042 INFO neutron.wsgi [req-7db62405-5561-485b-8494-7b9651e91f3b 82758ee9dbed4bdf919e32bc6135cc36 f7db0ec7eef2499fb14973cea9da1187 - default default] 10.0.20.25 "GET /v2.0/networks HTTP/1.1" status: 200  len: 2214 time: 0.2558711
2018-06-27 23:49:55.970 16042 DEBUG neutron.api.v2.base [req-9570b58a-c709-4bb4-adc4-99a00bfa2b3d 82758ee9dbed4bdf919e32bc6135cc36 f7db0ec7eef2499fb14973cea9da1187 - default default] Request body: {u'floatingip': {u'floating_network_id': u'bccef923-8280-488c-84aa-955d7841d8ff', u'tenant_id': u'1589901e9c6d46b5b1029dda7deb960f'}} prepare_request_body /usr/lib/python2.7/site-packages/neutron/api/v2/base.py:695
2018-06-27 23:49:55.975 16042 INFO neutron.quota [req-9570b58a-c709-4bb4-adc4-99a00bfa2b3d 82758ee9dbed4bdf919e32bc6135cc36 f7db0ec7eef2499fb14973cea9da1187 - default default] Loaded quota_driver: <neutron.db.quota.driver.DbQuotaDriver object at 0x7f7b307a2a90>.
2018-06-27 23:49:55.988 16042 DEBUG neutron.db.quota.driver [req-9570b58a-c709-4bb4-adc4-99a00bfa2b3d 82758ee9dbed4bdf919e32bc6135cc36 f7db0ec7eef2499fb14973cea9da1187 - default default] Resources subnetpool have unlimited quota limit. It is not required to calculate headroom  make_reservation /usr/lib/python2.7/site-packages/neutron/db/quota/driver.py:223
2018-06-27 23:49:56.004 16042 DEBUG neutron.quota.resource [req-9570b58a-c709-4bb4-adc4-99a00bfa2b3d 82758ee9dbed4bdf919e32bc6135cc36 f7db0ec7eef2499fb14973cea9da1187 - default default] Usage tracker for resource:floatingip and tenant:1589901e9c6d46b5b1029dda7deb960f is out of sync, need to count used quota count_used /usr/lib/python2.7/site-packages/neutron/quota/resource.py:274
2018-06-27 23:49:56.027 16042 DEBUG neutron.quota.resource [req-9570b58a-c709-4bb4-adc4-99a00bfa2b3d 82758ee9dbed4bdf919e32bc6135cc36 f7db0ec7eef2499fb14973cea9da1187 - default default] Quota usage for floatingip was recalculated. Used quota:0. count_used /usr/lib/python2.7/site-packages/neutron/quota/resource.py:293
2018-06-27 23:49:56.049 16042 DEBUG neutron.db.quota.driver [req-9570b58a-c709-4bb4-adc4-99a00bfa2b3d 82758ee9dbed4bdf919e32bc6135cc36 f7db0ec7eef2499fb14973cea9da1187 - default default] Attempting to reserve 1 items for resource floatingip. Total usage: 0; quota limit: 50; headroom:50 make_reservation /usr/lib/python2.7/site-packages/neutron/db/quota/driver.py:255
2018-06-27 23:49:56.443 16042 DEBUG neutron_lib.callbacks.manager [req-9570b58a-c709-4bb4-adc4-99a00bfa2b3d 82758ee9dbed4bdf919e32bc6135cc36 f7db0ec7eef2499fb14973cea9da1187 - default default] Notify callbacks ['neutron.plugins.ml2.plugin.Ml2Plugin._ensure_default_security_group_handler--9223372036850928800'] for port, before_create _notify_loop /usr/lib/python2.7/site-packages/neutron_lib/callbacks/manager.py:167
2018-06-27 23:49:57.715 16042 DEBUG neutron.db.db_base_plugin_common [req-9570b58a-c709-4bb4-adc4-99a00bfa2b3d 82758ee9dbed4bdf919e32bc6135cc36 f7db0ec7eef2499fb14973cea9da1187 - default default] Allocated IP 172.24.4.6 (bccef923-8280-488c-84aa-955d7841d8ff/4c4b2f34-8d32-4a55-b583-46e460575449/91400884-2798-4e53-b42a-dd968f12a6bc) _store_ip_allocation /usr/lib/python2.7/site-packages/neutron/db/db_base_plugin_common.py:122
2018-06-27 23:49:58.082 16042 DEBUG neutron_lib.callbacks.manager [req-9570b58a-c709-4bb4-adc4-99a00bfa2b3d 82758ee9dbed4bdf919e32bc6135cc36 f7db0ec7eef2499fb14973cea9da1187 - default default] Notify callbacks [] for port, precommit_create _notify_loop /usr/lib/python2.7/site-packages/neutron_lib/callbacks/manager.py:167
2018-06-27 23:49:58.192 16042 DEBUG neutron_lib.callbacks.manager [req-9570b58a-c709-4bb4-adc4-99a00bfa2b3d 82758ee9dbed4bdf919e32bc6135cc36 f7db0ec7eef2499fb14973cea9da1187 - default default] Notify callbacks ['neutron.db.l3_dvrscheduler_db._notify_l3_agent_new_port-8760442502826', 'neutron.plugins.ml2.ovo_rpc._ObjectChangeHandler.handle_event-613670', 'neutron.api.rpc.agentnotifiers.dhcp_rpc_agent_api.DhcpAgentNotifyAPI._native_event_send_dhcp_notification-702435', 'neutron.plugins.ml2.plugin.Ml2Plugin.notify_sg_on_port_change-3847133'] for port, after_create _notify_loop /usr/lib/python2.7/site-packages/neutron_lib/callbacks/manager.py:167
2018-06-27 23:49:58.193 16042 DEBUG neutron.db.l3_dvrscheduler_db [req-9570b58a-c709-4bb4-adc4-99a00bfa2b3d 82758ee9dbed4bdf919e32bc6135cc36 f7db0ec7eef2499fb14973cea9da1187 - default default] Received port after_create _notify_l3_agent_new_port /usr/lib/python2.7/site-packages/neutron/db/l3_dvrscheduler_db.py:392
2018-06-27 23:49:58.214 16042 DEBUG oslo_concurrency.lockutils [-] Lock "event-dispatch" acquired by "neutron.plugins.ml2.ovo_rpc.dispatch_events" :: waited 0.000s inner /usr/lib/python2.7/site-packages/oslo_concurrency/lockutils.py:270
2018-06-27 23:49:58.478 16042 DEBUG neutron.api.rpc.handlers.resources_rpc [req-9570b58a-c709-4bb4-adc4-99a00bfa2b3d 82758ee9dbed4bdf919e32bc6135cc36 f7db0ec7eef2499fb14973cea9da1187 - - -] neutron.api.rpc.handlers.resources_rpc.ResourcesPushRpcApi method push called with arguments (<neutron_lib.context.Context object at 0x7f7b30705f10>, [Port(admin_state_up=True,allowed_address_pairs=[],binding=PortBinding,binding_levels=[],created_at=2018-06-27T21:49:57Z,data_plane_status=<?>,description='',device_id='PENDING',device_owner='network:floatingip',dhcp_options=[],distributed_binding=None,dns=None,fixed_ips=[IPAllocation],id=91400884-2798-4e53-b42a-dd968f12a6bc,mac_address=fa:16:3e:cc:e1:15,name='',network_id=bccef923-8280-488c-84aa-955d7841d8ff,project_id='',qos_policy_id=None,revision_number=3,security=PortSecurity(91400884-2798-4e53-b42a-dd968f12a6bc),security_group_ids=set([]),status='N/A',updated_at=2018-06-27T21:49:58Z)], 'updated') {} wrapper /usr/lib/python2.7/site-packages/oslo_log/helpers.py:66
2018-06-27 23:49:58.513 16042 DEBUG neutron.api.rpc.callbacks.version_manager [req-9570b58a-c709-4bb4-adc4-99a00bfa2b3d 82758ee9dbed4bdf919e32bc6135cc36 f7db0ec7eef2499fb14973cea9da1187 - - -] Version for resource type Subnet changed None to 1.0 on consumer Open vSwitch agent@localhost.localdomain _set_version /usr/lib/python2.7/site-packages/neutron/api/rpc/callbacks/version_manager.py:119
2018-06-27 23:49:58.514 16042 DEBUG neutron.api.rpc.callbacks.version_manager [req-9570b58a-c709-4bb4-adc4-99a00bfa2b3d 82758ee9dbed4bdf919e32bc6135cc36 f7db0ec7eef2499fb14973cea9da1187 - - -] Version for resource type Network changed None to 1.0 on consumer Open vSwitch agent@localhost.localdomain _set_version /usr/lib/python2.7/site-packages/neutron/api/rpc/callbacks/version_manager.py:119
2018-06-27 23:49:58.514 16042 DEBUG neutron.api.rpc.callbacks.version_manager [req-9570b58a-c709-4bb4-adc4-99a00bfa2b3d 82758ee9dbed4bdf919e32bc6135cc36 f7db0ec7eef2499fb14973cea9da1187 - - -] Version for resource type SubPort changed None to 1.0 on consumer Open vSwitch agent@localhost.localdomain _set_version /usr/lib/python2.7/site-packages/neutron/api/rpc/callbacks/version_manager.py:119
2018-06-27 23:49:58.515 16042 DEBUG neutron.api.rpc.callbacks.version_manager [req-9570b58a-c709-4bb4-adc4-99a00bfa2b3d 82758ee9dbed4bdf919e32bc6135cc36 f7db0ec7eef2499fb14973cea9da1187 - - -] Version for resource type SecurityGroup changed None to 1.0 on consumer Open vSwitch agent@localhost.localdomain _set_version /usr/lib/python2.7/site-packages/neutron/api/rpc/callbacks/version_manager.py:119
2018-06-27 23:49:58.516 16042 DEBUG neutron.api.rpc.callbacks.version_manager [req-9570b58a-c709-4bb4-adc4-99a00bfa2b3d 82758ee9dbed4bdf919e32bc6135cc36 f7db0ec7eef2499fb14973cea9da1187 - - -] Version for resource type SecurityGroupRule changed None to 1.0 on consumer Open vSwitch agent@localhost.localdomain _set_version /usr/lib/python2.7/site-packages/neutron/api/rpc/callbacks/version_manager.py:119
2018-06-27 23:49:58.517 16042 DEBUG neutron.api.rpc.callbacks.version_manager [req-9570b58a-c709-4bb4-adc4-99a00bfa2b3d 82758ee9dbed4bdf919e32bc6135cc36 f7db0ec7eef2499fb14973cea9da1187 - - -] Version for resource type Trunk changed None to 1.1 on consumer Open vSwitch agent@localhost.localdomain _set_version /usr/lib/python2.7/site-packages/neutron/api/rpc/callbacks/version_manager.py:119
2018-06-27 23:49:58.518 16042 DEBUG neutron.api.rpc.callbacks.version_manager [req-9570b58a-c709-4bb4-adc4-99a00bfa2b3d 82758ee9dbed4bdf919e32bc6135cc36 f7db0ec7eef2499fb14973cea9da1187 - - -] Version for resource type QosPolicy changed None to 1.6 on consumer Open vSwitch agent@localhost.localdomain _set_version /usr/lib/python2.7/site-packages/neutron/api/rpc/callbacks/version_manager.py:119
2018-06-27 23:49:58.519 16042 DEBUG neutron.api.rpc.callbacks.version_manager [req-9570b58a-c709-4bb4-adc4-99a00bfa2b3d 82758ee9dbed4bdf919e32bc6135cc36 f7db0ec7eef2499fb14973cea9da1187 - - -] Version for resource type Port changed None to 1.1 on consumer Open vSwitch agent@localhost.localdomain _set_version /usr/lib/python2.7/site-packages/neutron/api/rpc/callbacks/version_manager.py:119
2018-06-27 23:49:58.520 16042 DEBUG neutron.api.rpc.callbacks.version_manager [req-9570b58a-c709-4bb4-adc4-99a00bfa2b3d 82758ee9dbed4bdf919e32bc6135cc36 f7db0ec7eef2499fb14973cea9da1187 - - -] Version for resource type Log changed None to 1.0 on consumer Open vSwitch agent@localhost.localdomain _set_version /usr/lib/python2.7/site-packages/neutron/api/rpc/callbacks/version_manager.py:119
2018-06-27 23:49:58.523 16042 DEBUG neutron.api.rpc.callbacks.version_manager [req-9570b58a-c709-4bb4-adc4-99a00bfa2b3d 82758ee9dbed4bdf919e32bc6135cc36 f7db0ec7eef2499fb14973cea9da1187 - - -] Tracked resource versions report:
pushed versions:
{   'Log': set(['1.0']),
    'Network': set(['1.0']),
    'Port': set(['1.1']),
    'QosPolicy': set(['1.6']),
    'SecurityGroup': set(['1.0']),
    'SecurityGroupRule': set(['1.0']),
    'SubPort': set(['1.0']),
    'Subnet': set(['1.0']),
    'Trunk': set(['1.1'])}

consumer versions:
{   DHCP agent@localhost.localdomain: {   },
    L3 agent@localhost.localdomain: {   },
    Metadata agent@localhost.localdomain: {   },
    Metering agent@localhost.localdomain: {   },
    Open vSwitch agent@localhost.localdomain: {   u'Log': u'1.0',
                                                  u'Network': u'1.0',
                                                  u'Port': u'1.1',
                                                  u'QosPolicy': u'1.6',
                                                  u'SecurityGroup': u'1.0',
                                                  u'SecurityGroupRule': u'1.0',
                                                  u'SubPort': u'1.0',
                                                  u'Subnet': u'1.0',
                                                  u'Trunk': u'1.1'}}
 report /usr/lib/python2.7/site-packages/neutron/api/rpc/callbacks/version_manager.py:178
2018-06-27 23:49:58.588 16042 DEBUG oslo_concurrency.lockutils [req-9570b58a-c709-4bb4-adc4-99a00bfa2b3d 82758ee9dbed4bdf919e32bc6135cc36 f7db0ec7eef2499fb14973cea9da1187 - - -] Lock "event-dispatch" released by "neutron.plugins.ml2.ovo_rpc.dispatch_events" :: held 0.374s inner /usr/lib/python2.7/site-packages/oslo_concurrency/lockutils.py:282
2018-06-27 23:49:58.644 16042 DEBUG neutron.scheduler.dhcp_agent_scheduler [req-9570b58a-c709-4bb4-adc4-99a00bfa2b3d 82758ee9dbed4bdf919e32bc6135cc36 f7db0ec7eef2499fb14973cea9da1187 - default default] Network bccef923-8280-488c-84aa-955d7841d8ff is already hosted by enough agents. _get_dhcp_agents_hosting_network /usr/lib/python2.7/site-packages/neutron/scheduler/dhcp_agent_scheduler.py:243
2018-06-27 23:49:58.897 16042 DEBUG neutron_lib.callbacks.manager [req-9570b58a-c709-4bb4-adc4-99a00bfa2b3d 82758ee9dbed4bdf919e32bc6135cc36 f7db0ec7eef2499fb14973cea9da1187 - default default] Notify callbacks ['neutron.plugins.ml2.plugin.Ml2Plugin._ensure_default_security_group_handler--9223372036850928800'] for port, before_update _notify_loop /usr/lib/python2.7/site-packages/neutron_lib/callbacks/manager.py:167
2018-06-27 23:49:59.539 16042 DEBUG neutron_lib.callbacks.manager [req-9570b58a-c709-4bb4-adc4-99a00bfa2b3d 82758ee9dbed4bdf919e32bc6135cc36 f7db0ec7eef2499fb14973cea9da1187 - default default] Notify callbacks [] for port, precommit_update _notify_loop /usr/lib/python2.7/site-packages/neutron_lib/callbacks/manager.py:167
2018-06-27 23:49:59.551 16042 DEBUG neutron_lib.callbacks.manager [req-9570b58a-c709-4bb4-adc4-99a00bfa2b3d 82758ee9dbed4bdf919e32bc6135cc36 f7db0ec7eef2499fb14973cea9da1187 - default default] Notify callbacks ['neutron.plugins.ml2.ovo_rpc._ObjectChangeHandler.handle_event-613670', 'neutron.db.l3_hascheduler_db._notify_l3_agent_ha_port_update--9223363276412272116', 'neutron.api.rpc.agentnotifiers.dhcp_rpc_agent_api.DhcpAgentNotifyAPI._native_event_send_dhcp_notification-702435', 'neutron.db.l3_dvrscheduler_db._notify_l3_agent_port_update-8760442502841', 'neutron.plugins.ml2.plugin.Ml2Plugin.notify_sg_on_port_change-3847133'] for port, after_update _notify_loop /usr/lib/python2.7/site-packages/neutron_lib/callbacks/manager.py:167
2018-06-27 23:49:59.583 16042 DEBUG oslo_concurrency.lockutils [-] Lock "event-dispatch" acquired by "neutron.plugins.ml2.ovo_rpc.dispatch_events" :: waited 0.000s inner /usr/lib/python2.7/site-packages/oslo_concurrency/lockutils.py:270
2018-06-27 23:49:59.876 16042 DEBUG neutron.api.rpc.handlers.resources_rpc [req-9570b58a-c709-4bb4-adc4-99a00bfa2b3d 82758ee9dbed4bdf919e32bc6135cc36 f7db0ec7eef2499fb14973cea9da1187 - - -] neutron.api.rpc.handlers.resources_rpc.ResourcesPushRpcApi method push called with arguments (<neutron_lib.context.Context object at 0x7f7b2fd9a050>, [Port(admin_state_up=True,allowed_address_pairs=[],binding=PortBinding,binding_levels=[],created_at=2018-06-27T21:49:57Z,data_plane_status=<?>,description='',device_id='251ca2f6-0b63-43d3-bb71-e023264ad174',device_owner='network:floatingip',dhcp_options=[],distributed_binding=None,dns=None,fixed_ips=[IPAllocation],id=91400884-2798-4e53-b42a-dd968f12a6bc,mac_address=fa:16:3e:cc:e1:15,name='',network_id=bccef923-8280-488c-84aa-955d7841d8ff,project_id='',qos_policy_id=None,revision_number=4,security=PortSecurity(91400884-2798-4e53-b42a-dd968f12a6bc),security_group_ids=set([]),status='N/A',updated_at=2018-06-27T21:49:59Z)], 'updated') {} wrapper /usr/lib/python2.7/site-packages/oslo_log/helpers.py:66
2018-06-27 23:49:59.928 16042 DEBUG oslo_concurrency.lockutils [req-9570b58a-c709-4bb4-adc4-99a00bfa2b3d 82758ee9dbed4bdf919e32bc6135cc36 f7db0ec7eef2499fb14973cea9da1187 - - -] Lock "event-dispatch" released by "neutron.plugins.ml2.ovo_rpc.dispatch_events" :: held 0.346s inner /usr/lib/python2.7/site-packages/oslo_concurrency/lockutils.py:282
2018-06-27 23:49:59.974 16042 DEBUG neutron_lib.callbacks.manager [req-9570b58a-c709-4bb4-adc4-99a00bfa2b3d 82758ee9dbed4bdf919e32bc6135cc36 f7db0ec7eef2499fb14973cea9da1187 - default default] Notify callbacks ['neutron.services.l3_router.l3_router_plugin.L3RouterPlugin._create_dvr_floating_gw_port-586972'] for floatingip, after_update _notify_loop /usr/lib/python2.7/site-packages/neutron_lib/callbacks/manager.py:167
2018-06-27 23:50:00.039 16042 DEBUG neutron.quota.resource [req-9570b58a-c709-4bb4-adc4-99a00bfa2b3d 82758ee9dbed4bdf919e32bc6135cc36 f7db0ec7eef2499fb14973cea9da1187 - default default] Persisted dirty status for tenant:1589901e9c6d46b5b1029dda7deb960f on resource:floatingip mark_dirty /usr/lib/python2.7/site-packages/neutron/quota/resource.py:207
2018-06-27 23:50:00.045 16042 DEBUG neutron.quota.resource [req-9570b58a-c709-4bb4-adc4-99a00bfa2b3d 82758ee9dbed4bdf919e32bc6135cc36 f7db0ec7eef2499fb14973cea9da1187 - default default] Persisted dirty status for tenant: on resource:port mark_dirty /usr/lib/python2.7/site-packages/neutron/quota/resource.py:207
2018-06-27 23:50:00.056 16042 DEBUG neutron_lib.callbacks.manager [req-9570b58a-c709-4bb4-adc4-99a00bfa2b3d 82758ee9dbed4bdf919e32bc6135cc36 f7db0ec7eef2499fb14973cea9da1187 - default default] Notify callbacks ['neutron.notifiers.nova.Notifier._send_nova_notification--9223372036854743080'] for floatingip, before_response _notify_loop /usr/lib/python2.7/site-packages/neutron_lib/callbacks/manager.py:167
2018-06-27 23:50:00.059 16042 INFO neutron.wsgi [req-9570b58a-c709-4bb4-adc4-99a00bfa2b3d 82758ee9dbed4bdf919e32bc6135cc36 f7db0ec7eef2499fb14973cea9da1187 - default default] 10.0.20.25 "POST /v2.0/floatingips HTTP/1.1" status: 201  len: 674 time: 4.1172991
2018-06-27 23:50:03.486 16038 INFO neutron.wsgi [req-734e895e-b659-4075-9a75-e5d9ca5af40f db7e024eefa34f0d9525ad1ee1475527 910acf3b84b64f358e48f506530f7cb1 - default default] 10.0.20.25 "GET /v2.0/ports?tenant_id=1589901e9c6d46b5b1029dda7deb960f&device_id=90b4d471-2699-4765-ad00-829aa52636cf HTTP/1.1" status: 200  len: 1124 time: 0.1928611
2018-06-27 23:50:03.789 16038 DEBUG neutron.pecan_wsgi.hooks.policy_enforcement [req-004ecd9a-ecca-4fd7-908c-6399f0b2bead db7e024eefa34f0d9525ad1ee1475527 910acf3b84b64f358e48f506530f7cb1 - default default] Attributes excluded by policy engine: [u'vlan_transparent'] _exclude_attributes_by_policy /usr/lib/python2.7/site-packages/neutron/pecan_wsgi/hooks/policy_enforcement.py:256
2018-06-27 23:50:03.795 16038 INFO neutron.wsgi [req-004ecd9a-ecca-4fd7-908c-6399f0b2bead db7e024eefa34f0d9525ad1ee1475527 910acf3b84b64f358e48f506530f7cb1 - default default] 10.0.20.25 "GET /v2.0/networks?id=3c50069d-b69a-4c85-9ca2-456cd2929f4e HTTP/1.1" status: 200  len: 885 time: 0.3011959
2018-06-27 23:50:03.853 16038 INFO neutron.wsgi [req-af8c5b95-8e8f-4414-ace6-05f00380cf89 db7e024eefa34f0d9525ad1ee1475527 910acf3b84b64f358e48f506530f7cb1 - default default] 10.0.20.25 "GET /v2.0/floatingips?fixed_ip_address=11.88.1.10&port_id=7ed43bb4-e217-46f5-afc2-8f172103b2ee HTTP/1.1" status: 200  len: 217 time: 0.0489750
2018-06-27 23:50:04.040 16038 DEBUG neutron.pecan_wsgi.hooks.policy_enforcement [req-c2b18b74-3b92-4cbd-b067-f4529a8d7ca0 db7e024eefa34f0d9525ad1ee1475527 910acf3b84b64f358e48f506530f7cb1 - default default] Attributes excluded by policy engine: [u'shared', u'segment_id'] _exclude_attributes_by_policy /usr/lib/python2.7/site-packages/neutron/pecan_wsgi/hooks/policy_enforcement.py:256
2018-06-27 23:50:04.043 16038 INFO neutron.wsgi [req-c2b18b74-3b92-4cbd-b067-f4529a8d7ca0 db7e024eefa34f0d9525ad1ee1475527 910acf3b84b64f358e48f506530f7cb1 - default default] 10.0.20.25 "GET /v2.0/subnets?id=a963e863-1142-4aba-ae69-984221a4212b HTTP/1.1" status: 200  len: 843 time: 0.1810141
2018-06-27 23:50:04.256 16038 INFO neutron.wsgi [req-fe139da5-0450-4538-915c-3e3c81804532 db7e024eefa34f0d9525ad1ee1475527 910acf3b84b64f358e48f506530f7cb1 - default default] 10.0.20.25 "GET /v2.0/ports?network_id=3c50069d-b69a-4c85-9ca2-456cd2929f4e&device_owner=network%3Adhcp HTTP/1.1" status: 200  len: 1127 time: 0.2018580
2018-06-27 23:50:12.381 16041 INFO neutron.wsgi [req-b744d3e4-41f0-47e2-b5e4-fe7afb404195 db7e024eefa34f0d9525ad1ee1475527 910acf3b84b64f358e48f506530f7cb1 - default default] 10.0.20.25 "GET /v2.0/ports?device_id=90b4d471-2699-4765-ad00-829aa52636cf HTTP/1.1" status: 200  len: 1124 time: 0.4599838
2018-06-27 23:50:12.537 16041 INFO neutron.wsgi [req-4752dcdb-074f-4b8b-9143-aae186291a7c db7e024eefa34f0d9525ad1ee1475527 910acf3b84b64f358e48f506530f7cb1 - default default] 10.0.20.25 "GET /v2.0/security-groups?id=3a67fe8f-c2eb-4953-b06e-7c4285c1d002 HTTP/1.1" status: 200  len: 2118 time: 0.1463170
2018-06-27 23:50:13.725 16042 INFO neutron.wsgi [req-360adc2b-efe4-4a6d-9417-83389fe73f65 f14646f6ed6c4436b21f4ca923523726 1589901e9c6d46b5b1029dda7deb960f - 95f6f85d0751433a941c4a47191fda2f 95f6f85d0751433a941c4a47191fda2f] 10.0.20.25 "GET /v2.0/ports?device_id=90b4d471-2699-4765-ad00-829aa52636cf HTTP/1.1" status: 200  len: 1124 time: 0.7986441
2018-06-27 23:50:13.930 16042 INFO neutron.wsgi [req-f2e60910-da50-4d74-9ebd-f12957443645 f14646f6ed6c4436b21f4ca923523726 1589901e9c6d46b5b1029dda7deb960f - 95f6f85d0751433a941c4a47191fda2f 95f6f85d0751433a941c4a47191fda2f] 10.0.20.25 "GET /v2.0/security-groups?id=3a67fe8f-c2eb-4953-b06e-7c4285c1d002 HTTP/1.1" status: 200  len: 2118 time: 0.1940639
2018-06-27 23:50:14.385 16042 INFO neutron.wsgi [req-b58b5222-c46e-41b2-92e7-06c0cbe26690 f14646f6ed6c4436b21f4ca923523726 1589901e9c6d46b5b1029dda7deb960f - 95f6f85d0751433a941c4a47191fda2f 95f6f85d0751433a941c4a47191fda2f] 10.0.20.25 "GET /v2.0/ports?device_owner=compute%3Anova&device_id=90b4d471-2699-4765-ad00-829aa52636cf HTTP/1.1" status: 200  len: 1124 time: 0.2166998
2018-06-27 23:50:14.469 16042 DEBUG neutron.quota.resource [req-2b0b3856-2a14-4181-9860-659c66390ff9 f14646f6ed6c4436b21f4ca923523726 1589901e9c6d46b5b1029dda7deb960f - 95f6f85d0751433a941c4a47191fda2f 95f6f85d0751433a941c4a47191fda2f] Synchronizing usage tracker for tenant:1589901e9c6d46b5b1029dda7deb960f on resource:floatingip resync /usr/lib/python2.7/site-packages/neutron/quota/resource.py:245
2018-06-27 23:50:14.558 16042 DEBUG neutron.quota.resource [req-2b0b3856-2a14-4181-9860-659c66390ff9 f14646f6ed6c4436b21f4ca923523726 1589901e9c6d46b5b1029dda7deb960f - 95f6f85d0751433a941c4a47191fda2f 95f6f85d0751433a941c4a47191fda2f] Unset dirty status for tenant:1589901e9c6d46b5b1029dda7deb960f on resource:floatingip _resync /usr/lib/python2.7/site-packages/neutron/quota/resource.py:237
2018-06-27 23:50:14.563 16042 INFO neutron.wsgi [req-2b0b3856-2a14-4181-9860-659c66390ff9 f14646f6ed6c4436b21f4ca923523726 1589901e9c6d46b5b1029dda7deb960f - 95f6f85d0751433a941c4a47191fda2f 95f6f85d0751433a941c4a47191fda2f] 10.0.20.25 "GET /v2.0/floatingips?floating_ip_address=172.24.4.6 HTTP/1.1" status: 200  len: 672 time: 0.1673491
2018-06-27 23:50:14.604 16042 DEBUG neutron.api.v2.base [req-2c96afe1-2c32-4c28-b22a-3f783e4e3ce9 f14646f6ed6c4436b21f4ca923523726 1589901e9c6d46b5b1029dda7deb960f - 95f6f85d0751433a941c4a47191fda2f 95f6f85d0751433a941c4a47191fda2f] Request body: {u'floatingip': {u'fixed_ip_address': u'11.88.1.10', u'port_id': u'7ed43bb4-e217-46f5-afc2-8f172103b2ee'}} prepare_request_body /usr/lib/python2.7/site-packages/neutron/api/v2/base.py:695
2018-06-27 23:50:14.881 16039 INFO neutron.wsgi [req-9d5b738a-75d2-4e41-86c8-34e859c3355c db7e024eefa34f0d9525ad1ee1475527 910acf3b84b64f358e48f506530f7cb1 - default default] 10.0.20.25 "GET /v2.0/ports?device_id=90b4d471-2699-4765-ad00-829aa52636cf HTTP/1.1" status: 200  len: 1124 time: 0.9797709
2018-06-27 23:50:15.039 16039 INFO neutron.wsgi [req-2ec95b36-a0d4-4df1-b4a6-dd6be9b3feba db7e024eefa34f0d9525ad1ee1475527 910acf3b84b64f358e48f506530f7cb1 - default default] 10.0.20.25 "GET /v2.0/security-groups?id=3a67fe8f-c2eb-4953-b06e-7c4285c1d002 HTTP/1.1" status: 200  len: 2118 time: 0.1482232
2018-06-27 23:50:15.281 16042 DEBUG neutron_lib.callbacks.manager [req-2c96afe1-2c32-4c28-b22a-3f783e4e3ce9 f14646f6ed6c4436b21f4ca923523726 1589901e9c6d46b5b1029dda7deb960f - 95f6f85d0751433a941c4a47191fda2f 95f6f85d0751433a941c4a47191fda2f] Notify callbacks ['neutron.services.l3_router.l3_router_plugin.L3RouterPlugin._create_dvr_floating_gw_port-586972'] for floatingip, after_update _notify_loop /usr/lib/python2.7/site-packages/neutron_lib/callbacks/manager.py:167
2018-06-27 23:50:15.957 16042 DEBUG neutron.scheduler.l3_agent_scheduler [req-2c96afe1-2c32-4c28-b22a-3f783e4e3ce9 f14646f6ed6c4436b21f4ca923523726 1589901e9c6d46b5b1029dda7deb960f - 95f6f85d0751433a941c4a47191fda2f 95f6f85d0751433a941c4a47191fda2f] Router ffee9c6a-be6b-44a5-9ed1-04eb8ba99d16 has already been hosted by L3 agent 9de63611-f1b0-4194-a76c-11d015d282db _get_candidates /usr/lib/python2.7/site-packages/neutron/scheduler/l3_agent_scheduler.py:141
2018-06-27 23:50:16.240 16042 DEBUG neutron.api.rpc.agentnotifiers.l3_rpc_agent_api [req-2c96afe1-2c32-4c28-b22a-3f783e4e3ce9 f14646f6ed6c4436b21f4ca923523726 1589901e9c6d46b5b1029dda7deb960f - 95f6f85d0751433a941c4a47191fda2f 95f6f85d0751433a941c4a47191fda2f] Notify agent at l3_agent.localhost.localdomain the message routers_updated _agent_notification /usr/lib/python2.7/site-packages/neutron/api/rpc/agentnotifiers/l3_rpc_agent_api.py:69
2018-06-27 23:50:16.280 16042 DEBUG neutron_lib.callbacks.manager [req-2c96afe1-2c32-4c28-b22a-3f783e4e3ce9 f14646f6ed6c4436b21f4ca923523726 1589901e9c6d46b5b1029dda7deb960f - 95f6f85d0751433a941c4a47191fda2f 95f6f85d0751433a941c4a47191fda2f] Notify callbacks ['neutron.notifiers.nova.Notifier._send_nova_notification--9223372036854743080'] for floatingip, before_response _notify_loop /usr/lib/python2.7/site-packages/neutron_lib/callbacks/manager.py:167
2018-06-27 23:50:16.323 16052 DEBUG neutron.db.l3_hamode_db [req-3a221dda-affa-4ba3-8c74-b8778e4c18ae - - - - -] neutron.services.l3_router.l3_router_plugin.L3RouterPlugin method get_ha_sync_data_for_host called with arguments (<neutron_lib.context.Context object at 0x7f7b308893d0>, u'localhost.localdomain', <neutron.db.models.agent.Agent[object at 7f7b309acfd0] {id=u'9de63611-f1b0-4194-a76c-11d015d282db', agent_type=u'L3 agent', binary=u'neutron-l3-agent', topic=u'l3_agent', host=u'localhost.localdomain', availability_zone=u'nova', admin_state_up=True, created_at=datetime.datetime(2018, 6, 7, 12, 43, 41), started_at=datetime.datetime(2018, 6, 27, 21, 27, 19), heartbeat_timestamp=datetime.datetime(2018, 6, 27, 21, 49, 49), description=None, configurations=u'{"agent_mode": "legacy", "gateway_external_network_id": "", "handle_internal_only_routers": true, "routers": 2, "interfaces": 2, "floating_ips": 0, "interface_driver": "neutron.agent.linux.interface.OVSInterfaceDriver", "log_agent_heartbeats": false, "external_network_bridge": "", "ex_gw_ports": 2}', resource_versions=None, load=0}>) {'active': True, 'router_ids': ['ffee9c6a-be6b-44a5-9ed1-04eb8ba99d16']} wrapper /usr/lib/python2.7/site-packages/oslo_log/helpers.py:66
2018-06-27 23:50:16.389 16042 INFO neutron.wsgi [req-2c96afe1-2c32-4c28-b22a-3f783e4e3ce9 f14646f6ed6c4436b21f4ca923523726 1589901e9c6d46b5b1029dda7deb960f - 95f6f85d0751433a941c4a47191fda2f 95f6f85d0751433a941c4a47191fda2f] 10.0.20.25 "PUT /v2.0/floatingips/251ca2f6-0b63-43d3-bb71-e023264ad174 HTTP/1.1" status: 200  len: 745 time: 1.8148239
2018-06-27 23:50:16.397 16042 DEBUG oslo_concurrency.lockutils [-] Lock "notifier-aef9284d-f8fc-4464-bede-54bcfabeb853" acquired by "neutron.notifiers.batch_notifier.synced_send" :: waited 0.000s inner /usr/lib/python2.7/site-packages/oslo_concurrency/lockutils.py:270
2018-06-27 23:50:16.397 16042 DEBUG neutron.notifiers.nova [-] Sending events: [{'tag': u'7ed43bb4-e217-46f5-afc2-8f172103b2ee', 'name': 'network-changed', 'server_uuid': u'90b4d471-2699-4765-ad00-829aa52636cf'}] send_events /usr/lib/python2.7/site-packages/neutron/notifiers/nova.py:242
2018-06-27 23:50:16.406 16042 DEBUG novaclient.v2.client [-] REQ: curl -g -i -X POST http://10.0.20.25:8774/v2.1/910acf3b84b64f358e48f506530f7cb1/os-server-external-events -H "User-Agent: python-novaclient" -H "Content-Type: application/json" -H "Accept: application/json" -H "X-OpenStack-Nova-API-Version: 2.1" -H "X-Auth-Token: {SHA1}a3053cc4376354bcd7e22d9c1e7f6bdf1cd312e2" -d '{"events": [{"tag": "7ed43bb4-e217-46f5-afc2-8f172103b2ee", "name": "network-changed", "server_uuid": "90b4d471-2699-4765-ad00-829aa52636cf"}]}' _http_log_request /usr/lib/python2.7/site-packages/keystoneauth1/session.py:375
2018-06-27 23:50:16.445 16041 INFO neutron.wsgi [req-01ef0587-7187-47a5-82e3-5d20fd1aea84 db7e024eefa34f0d9525ad1ee1475527 910acf3b84b64f358e48f506530f7cb1 - default default] 10.0.20.25 "GET /v2.0/ports?device_id=90b4d471-2699-4765-ad00-829aa52636cf HTTP/1.1" status: 200  len: 1124 time: 0.8465919
2018-06-27 23:50:16.648 16041 INFO neutron.wsgi [req-9e466882-6ca6-4ba4-ab93-6b36b23d046d db7e024eefa34f0d9525ad1ee1475527 910acf3b84b64f358e48f506530f7cb1 - default default] 10.0.20.25 "GET /v2.0/security-groups?id=3a67fe8f-c2eb-4953-b06e-7c4285c1d002 HTTP/1.1" status: 200  len: 2118 time: 0.1901021
2018-06-27 23:50:17.272 16052 DEBUG neutron.db.l3_hamode_db [req-3a221dda-affa-4ba3-8c74-b8778e4c18ae - - - - -] neutron.services.l3_router.l3_router_plugin.L3RouterPlugin method _process_sync_ha_data called with arguments (<neutron_lib.context.Context object at 0x7f7b308893d0>, [{'status': u'ACTIVE', '_interfaces': [{'status': u'ACTIVE', 'subnets': [{'dns_nameservers': [u'8.8.4.4'], 'ipv6_ra_mode': None, 'gateway_ip': u'11.88.1.1', 'cidr': u'11.88.1.0/24', 'id': u'a963e863-1142-4aba-ae69-984221a4212b', 'subnetpool_id': None}], 'binding:host_id': u'localhost.localdomain', 'description': u'', 'allowed_address_pairs': [], 'tags': [], 'extra_dhcp_opts': [], 'updated_at': '2018-06-27T21:48:56Z', 'device_owner': u'network:router_interface', 'revision_number': 7, 'port_security_enabled': False, 'binding:profile': {}, 'mtu': 1450, 'fixed_ips': [{'subnet_id': u'a963e863-1142-4aba-ae69-984221a4212b', 'prefixlen': 24, 'ip_address': u'11.88.1.1'}], 'id': u'6daed694-e5bd-4f8c-9ee4-24f1e2a8f413', 'security_groups': [], 'device_id': u'ffee9c6a-be6b-44a5-9ed1-04eb8ba99d16', 'name': u'', 'admin_state_up': True, 'network_id': u'3c50069d-b69a-4c85-9ca2-456cd2929f4e', 'tenant_id': u'1589901e9c6d46b5b1029dda7deb960f', 'binding:vif_details': {u'port_filter': True, u'datapath_type': u'system', u'ovs_hybrid_plug': True}, 'address_scopes': {4: None, 6: None}, 'binding:vnic_type': u'normal', 'binding:vif_type': u'ovs', 'mac_address': u'fa:16:3e:6c:59:ef', 'project_id': u'1589901e9c6d46b5b1029dda7deb960f', 'extra_subnets': [], 'created_at': '2018-06-27T21:48:46Z'}], 'enable_snat': True, 'ha_vr_id': 0, 'description': u'', 'tags': [], 'gw_port': {'status': u'ACTIVE', 'subnets': [{'dns_nameservers': [], 'ipv6_ra_mode': None, 'gateway_ip': u'172.24.4.1', 'cidr': u'172.24.4.0/24', 'id': u'4c4b2f34-8d32-4a55-b583-46e460575449', 'subnetpool_id': None}], 'binding:host_id': u'localhost.localdomain', 'description': u'', 'allowed_address_pairs': [], 'tags': [], 'extra_dhcp_opts': [], 'updated_at': '2018-06-27T21:49:10Z', 'device_owner': u'network:router_gateway', 'revision_number': 6, 'port_security_enabled': False, 'binding:profile': {}, 'mtu': 1500, 'fixed_ips': [{'subnet_id': u'4c4b2f34-8d32-4a55-b583-46e460575449', 'prefixlen': 24, 'ip_address': u'172.24.4.2'}], 'id': u'12c1f0c1-f8e5-468b-9c5b-3ee206be7f36', 'security_groups': [], 'device_id': u'ffee9c6a-be6b-44a5-9ed1-04eb8ba99d16', 'name': u'', 'admin_state_up': True, 'network_id': u'bccef923-8280-488c-84aa-955d7841d8ff', 'tenant_id': u'', 'binding:vif_details': {u'port_filter': True, u'datapath_type': u'system', u'ovs_hybrid_plug': True}, 'address_scopes': {4: None, 6: None}, 'binding:vnic_type': u'normal', 'binding:vif_type': u'ovs', 'mac_address': u'fa:16:3e:33:ac:79', 'project_id': u'', 'extra_subnets': [], 'created_at': '2018-06-27T21:49:01Z'}, 'updated_at': '2018-06-27T21:49:03Z', 'revision_number': 4, 'ha': False, 'id': u'ffee9c6a-be6b-44a5-9ed1-04eb8ba99d16', 'gw_port_host': u'localhost.localdomain', 'external_gateway_info': {'network_id': u'bccef923-8280-488c-84aa-955d7841d8ff', 'enable_snat': True, 'external_fixed_ips': [{'subnet_id': u'4c4b2f34-8d32-4a55-b583-46e460575449', 'ip_address': u'172.24.4.2'}]}, 'availability_zone_hints': [], 'availability_zones': [u'nova'], 'name': u'tempest-router-1530135935', 'gw_port_id': u'12c1f0c1-f8e5-468b-9c5b-3ee206be7f36', 'admin_state_up': True, 'tenant_id': u'1589901e9c6d46b5b1029dda7deb960f', 'created_at': '2018-06-27T21:48:24Z', 'distributed': False, 'flavor_id': None, 'routes': [], 'project_id': u'1589901e9c6d46b5b1029dda7deb960f', '_floatingips': [{'router_id': u'ffee9c6a-be6b-44a5-9ed1-04eb8ba99d16', 'status': u'DOWN', 'description': u'', 'tags': [], 'updated_at': '2018-06-27T21:50:15Z', 'dns_domain': '', 'floating_network_id': u'bccef923-8280-488c-84aa-955d7841d8ff', 'fixed_ip_address': u'11.88.1.10', 'floating_ip_address': u'172.24.4.6', 'revision_number': 1, 'port_id': u'7ed43bb4-e217-46f5-afc2-8f172103b2ee', 'id': u'251ca2f6-0b63-43d3-bb71-e023264ad174', 'dns_name': '', 'created_at': '2018-06-27T21:49:58Z', 'tenant_id': u'1589901e9c6d46b5b1029dda7deb960f', 'fixed_ip_address_scope': None, 'project_id': u'1589901e9c6d46b5b1029dda7deb960f'}]}], u'localhost.localdomain', False) {} wrapper /usr/lib/python2.7/site-packages/oslo_log/helpers.py:66
2018-06-27 23:50:17.286 16052 DEBUG neutron.api.rpc.handlers.l3_rpc [req-3a221dda-affa-4ba3-8c74-b8778e4c18ae - - - - -] Checking router: ffee9c6a-be6b-44a5-9ed1-04eb8ba99d16 for host: localhost.localdomain _ensure_host_set_on_ports /usr/lib/python2.7/site-packages/neutron/api/rpc/handlers/l3_rpc.py:135
2018-06-27 23:50:17.287 16042 DEBUG novaclient.v2.client [-] RESP: [200] Content-Length: 179 Content-Type: application/json Openstack-Api-Version: compute 2.1 X-Openstack-Nova-Api-Version: 2.1 Vary: OpenStack-API-Version, X-OpenStack-Nova-API-Version X-Openstack-Request-Id: req-8da62bf7-8f26-4388-be75-3d472909e66f X-Compute-Request-Id: req-8da62bf7-8f26-4388-be75-3d472909e66f Date: Wed, 27 Jun 2018 21:50:17 GMT Connection: keep-alive 
RESP BODY: {"events": [{"status": "completed", "tag": "7ed43bb4-e217-46f5-afc2-8f172103b2ee", "name": "network-changed", "server_uuid": "90b4d471-2699-4765-ad00-829aa52636cf", "code": 200}]}
 _http_log_response /usr/lib/python2.7/site-packages/keystoneauth1/session.py:423
2018-06-27 23:50:17.288 16042 DEBUG novaclient.v2.client [-] POST call to compute for http://10.0.20.25:8774/v2.1/910acf3b84b64f358e48f506530f7cb1/os-server-external-events used request id req-8da62bf7-8f26-4388-be75-3d472909e66f request /usr/lib/python2.7/site-packages/keystoneauth1/session.py:727
2018-06-27 23:50:17.313 16042 INFO neutron.notifiers.nova [-] Nova event response: {u'status': u'completed', u'tag': u'7ed43bb4-e217-46f5-afc2-8f172103b2ee', u'name': u'network-changed', u'server_uuid': u'90b4d471-2699-4765-ad00-829aa52636cf', u'code': 200}
2018-06-27 23:50:17.330 16042 INFO neutron.wsgi [req-8a8cee10-2f11-43ca-a569-17d309225cfd db7e024eefa34f0d9525ad1ee1475527 910acf3b84b64f358e48f506530f7cb1 - default default] 10.0.20.25 "GET /v2.0/ports?tenant_id=1589901e9c6d46b5b1029dda7deb960f&device_id=90b4d471-2699-4765-ad00-829aa52636cf HTTP/1.1" status: 200  len: 1124 time: 0.9135940
2018-06-27 23:50:17.530 16038 INFO neutron.wsgi [req-a6f90038-703f-469b-b148-cac2b0d3cac7 db7e024eefa34f0d9525ad1ee1475527 910acf3b84b64f358e48f506530f7cb1 - default default] 10.0.20.25 "GET /v2.0/ports?tenant_id=1589901e9c6d46b5b1029dda7deb960f&device_id=90b4d471-2699-4765-ad00-829aa52636cf HTTP/1.1" status: 200  len: 1124 time: 0.1825109
2018-06-27 23:50:17.680 16042 DEBUG neutron.pecan_wsgi.hooks.policy_enforcement [req-a9e57bb1-3707-4098-a3f7-8d14e9d589e4 db7e024eefa34f0d9525ad1ee1475527 910acf3b84b64f358e48f506530f7cb1 - default default] Attributes excluded by policy engine: [u'vlan_transparent'] _exclude_attributes_by_policy /usr/lib/python2.7/site-packages/neutron/pecan_wsgi/hooks/policy_enforcement.py:256
2018-06-27 23:50:17.684 16042 INFO neutron.wsgi [req-a9e57bb1-3707-4098-a3f7-8d14e9d589e4 db7e024eefa34f0d9525ad1ee1475527 910acf3b84b64f358e48f506530f7cb1 - default default] 10.0.20.25 "GET /v2.0/networks?id=3c50069d-b69a-4c85-9ca2-456cd2929f4e HTTP/1.1" status: 200  len: 885 time: 0.3454599
2018-06-27 23:50:17.748 16048 DEBUG neutron.api.rpc.handlers.l3_rpc [req-2e435bf7-6033-499c-8e1c-5b22c8eeb19e - - - - -] New status for floating IP 251ca2f6-0b63-43d3-bb71-e023264ad174: ACTIVE update_floatingip_statuses /usr/lib/python2.7/site-packages/neutron/api/rpc/handlers/l3_rpc.py:252
2018-06-27 23:50:17.768 16042 INFO neutron.wsgi [req-043518ae-18e4-41e4-8a51-c948670be015 db7e024eefa34f0d9525ad1ee1475527 910acf3b84b64f358e48f506530f7cb1 - default default] 10.0.20.25 "GET /v2.0/floatingips?fixed_ip_address=11.88.1.10&port_id=7ed43bb4-e217-46f5-afc2-8f172103b2ee HTTP/1.1" status: 200  len: 748 time: 0.0711958
2018-06-27 23:50:17.853 16038 DEBUG neutron.pecan_wsgi.hooks.policy_enforcement [req-440ab1ce-c741-4de8-9d31-1b8676e6ded1 db7e024eefa34f0d9525ad1ee1475527 910acf3b84b64f358e48f506530f7cb1 - default default] Attributes excluded by policy engine: [u'vlan_transparent'] _exclude_attributes_by_policy /usr/lib/python2.7/site-packages/neutron/pecan_wsgi/hooks/policy_enforcement.py:256
2018-06-27 23:50:17.857 16038 INFO neutron.wsgi [req-440ab1ce-c741-4de8-9d31-1b8676e6ded1 db7e024eefa34f0d9525ad1ee1475527 910acf3b84b64f358e48f506530f7cb1 - default default] 10.0.20.25 "GET /v2.0/networks?id=3c50069d-b69a-4c85-9ca2-456cd2929f4e HTTP/1.1" status: 200  len: 885 time: 0.3143959
2018-06-27 23:50:17.936 16038 INFO neutron.wsgi [req-b1a1e488-a671-4513-82cb-201c2d01e09a db7e024eefa34f0d9525ad1ee1475527 910acf3b84b64f358e48f506530f7cb1 - default default] 10.0.20.25 "GET /v2.0/floatingips?fixed_ip_address=11.88.1.10&port_id=7ed43bb4-e217-46f5-afc2-8f172103b2ee HTTP/1.1" status: 200  len: 750 time: 0.0685499
2018-06-27 23:50:17.961 16042 DEBUG neutron.pecan_wsgi.hooks.policy_enforcement [req-ab9818c3-99b7-4b68-956c-c715b3bb88c8 db7e024eefa34f0d9525ad1ee1475527 910acf3b84b64f358e48f506530f7cb1 - default default] Attributes excluded by policy engine: [u'shared'] _exclude_attributes_by_policy /usr/lib/python2.7/site-packages/neutron/pecan_wsgi/hooks/policy_enforcement.py:256
2018-06-27 23:50:17.964 16042 INFO neutron.wsgi [req-ab9818c3-99b7-4b68-956c-c715b3bb88c8 db7e024eefa34f0d9525ad1ee1475527 910acf3b84b64f358e48f506530f7cb1 - default default] 10.0.20.25 "GET /v2.0/subnets?id=a963e863-1142-4aba-ae69-984221a4212b HTTP/1.1" status: 200  len: 843 time: 0.1875169
2018-06-27 23:50:18.122 16038 DEBUG neutron.pecan_wsgi.hooks.policy_enforcement [req-2b12bf4d-2478-447e-8cfd-c00bd005330a db7e024eefa34f0d9525ad1ee1475527 910acf3b84b64f358e48f506530f7cb1 - default default] Attributes excluded by policy engine: [u'shared', u'segment_id'] _exclude_attributes_by_policy /usr/lib/python2.7/site-packages/neutron/pecan_wsgi/hooks/policy_enforcement.py:256
2018-06-27 23:50:18.125 16038 INFO neutron.wsgi [req-2b12bf4d-2478-447e-8cfd-c00bd005330a db7e024eefa34f0d9525ad1ee1475527 910acf3b84b64f358e48f506530f7cb1 - default default] 10.0.20.25 "GET /v2.0/subnets?id=a963e863-1142-4aba-ae69-984221a4212b HTTP/1.1" status: 200  len: 843 time: 0.1833072
2018-06-27 23:50:18.140 16042 INFO neutron.wsgi [req-092736de-be58-44b2-9eab-1a4207cb64d9 db7e024eefa34f0d9525ad1ee1475527 910acf3b84b64f358e48f506530f7cb1 - default default] 10.0.20.25 "GET /v2.0/ports?network_id=3c50069d-b69a-4c85-9ca2-456cd2929f4e&device_owner=network%3Adhcp HTTP/1.1" status: 200  len: 1127 time: 0.1649580
2018-06-27 23:50:18.292 16038 INFO neutron.wsgi [req-d4934aba-e4ac-4e0a-9636-9e586bfb3273 db7e024eefa34f0d9525ad1ee1475527 910acf3b84b64f358e48f506530f7cb1 - default default] 10.0.20.25 "GET /v2.0/ports?network_id=3c50069d-b69a-4c85-9ca2-456cd2929f4e&device_owner=network%3Adhcp HTTP/1.1" status: 200  len: 1127 time: 0.1582150
2018-06-27 23:50:19.305 16048 DEBUG neutron_lib.callbacks.manager [req-d9609f78-739d-4ffe-878b-a270064a7dec - - - - -] Notify callbacks ['neutron.services.segments.db._update_segment_host_mapping_for_agent-8760442864434'] for agent, after_update _notify_loop /usr/lib/python2.7/site-packages/neutron_lib/callbacks/manager.py:167
2018-06-27 23:50:19.315 16042 DEBUG oslo_concurrency.lockutils [-] Lock "notifier-aef9284d-f8fc-4464-bede-54bcfabeb853" released by "neutron.notifiers.batch_notifier.synced_send" :: held 2.918s inner /usr/lib/python2.7/site-packages/oslo_concurrency/lockutils.py:282
2018-06-27 23:50:19.358 16051 DEBUG neutron_lib.callbacks.manager [req-b1652b3b-a3e2-48b7-b2a5-ab0845366a1b - - - - -] Notify callbacks ['neutron.services.segments.db._update_segment_host_mapping_for_agent-8760442864434'] for agent, after_update _notify_loop /usr/lib/python2.7/site-packages/neutron_lib/callbacks/manager.py:167
2018-06-27 23:50:19.433 16040 INFO neutron.wsgi [req-32be8d0d-b0d7-4bc8-bc06-907dc5b7ead4 db7e024eefa34f0d9525ad1ee1475527 910acf3b84b64f358e48f506530f7cb1 - default default] 10.0.20.25 "GET /v2.0/ports?device_id=90b4d471-2699-4765-ad00-829aa52636cf HTTP/1.1" status: 200  len: 1124 time: 0.6517651
2018-06-27 23:50:19.469 16047 DEBUG neutron_lib.callbacks.manager [req-a43c86eb-7fd7-4c02-916f-ca313e29d470 - - - - -] Notify callbacks ['neutron.services.segments.db._update_segment_host_mapping_for_agent-8760442864434'] for agent, after_update _notify_loop /usr/lib/python2.7/site-packages/neutron_lib/callbacks/manager.py:167
2018-06-27 23:50:19.574 16040 INFO neutron.wsgi [req-aba83713-c5ec-4a97-95aa-171853edf60b db7e024eefa34f0d9525ad1ee1475527 910acf3b84b64f358e48f506530f7cb1 - default default] 10.0.20.25 "GET /v2.0/security-groups?id=3a67fe8f-c2eb-4953-b06e-7c4285c1d002 HTTP/1.1" status: 200  len: 2118 time: 0.1294580
2018-06-27 23:50:19.982 16049 DEBUG neutron_lib.callbacks.manager [req-b833f186-49e3-4cbe-9f01-62f7f4cc6c9f - - - - -] Notify callbacks ['neutron.services.segments.db._update_segment_host_mapping_for_agent-8760442864434'] for agent, after_update _notify_loop /usr/lib/python2.7/site-packages/neutron_lib/callbacks/manager.py:167
2018-06-27 23:50:23.051 16039 INFO neutron.wsgi [req-508b6643-eddd-44e2-a40c-ff0299bf0a34 db7e024eefa34f0d9525ad1ee1475527 910acf3b84b64f358e48f506530f7cb1 - default default] 10.0.20.25 "GET /v2.0/ports?device_id=90b4d471-2699-4765-ad00-829aa52636cf HTTP/1.1" status: 200  len: 1124 time: 0.7008200
2018-06-27 23:50:23.111 16053 DEBUG neutron_lib.callbacks.manager [req-e861786e-a07c-458c-86d9-db9ce27e4f40 - - - - -] Notify callbacks ['neutron.services.segments.db._update_segment_host_mapping_for_agent-8760442864434'] for agent, after_update _notify_loop /usr/lib/python2.7/site-packages/neutron_lib/callbacks/manager.py:167
2018-06-27 23:50:23.202 16039 INFO neutron.wsgi [req-3626092e-1cdf-4c4c-bb2a-f172f89f7990 db7e024eefa34f0d9525ad1ee1475527 910acf3b84b64f358e48f506530f7cb1 - default default] 10.0.20.25 "GET /v2.0/security-groups?id=3a67fe8f-c2eb-4953-b06e-7c4285c1d002 HTTP/1.1" status: 200  len: 2118 time: 0.1395280
2018-06-27 23:50:26.073 16055 DEBUG neutron.db.agents_db [req-6ac0e4eb-0a48-408b-9c01-3eff45b19858 - - - - -] Agent healthcheck: found 5 active agents agent_health_check /usr/lib/python2.7/site-packages/neutron/db/agents_db.py:281
2018-06-27 23:50:31.922 16045 INFO neutron.wsgi [req-4cbfe3ae-dc0d-42db-ba65-b638972c8781 f14646f6ed6c4436b21f4ca923523726 1589901e9c6d46b5b1029dda7deb960f - 95f6f85d0751433a941c4a47191fda2f 95f6f85d0751433a941c4a47191fda2f] 10.0.20.25 "GET /v2.0/ports?device_id=90b4d471-2699-4765-ad00-829aa52636cf HTTP/1.1" status: 200  len: 1124 time: 1.2653100
2018-06-27 23:50:32.087 16045 INFO neutron.wsgi [req-31546926-09aa-40ee-b695-0b47d80f983b f14646f6ed6c4436b21f4ca923523726 1589901e9c6d46b5b1029dda7deb960f - 95f6f85d0751433a941c4a47191fda2f 95f6f85d0751433a941c4a47191fda2f] 10.0.20.25 "GET /v2.0/security-groups?id=3a67fe8f-c2eb-4953-b06e-7c4285c1d002 HTTP/1.1" status: 200  len: 2118 time: 0.1552339
2018-06-27 23:50:49.326 16052 DEBUG neutron_lib.callbacks.manager [req-04915e1a-5114-455b-9d79-42b8258d8dd6 - - - - -] Notify callbacks ['neutron.services.segments.db._update_segment_host_mapping_for_agent-8760442864434'] for agent, after_update _notify_loop /usr/lib/python2.7/site-packages/neutron_lib/callbacks/manager.py:167
2018-06-27 23:50:49.369 16046 DEBUG neutron_lib.callbacks.manager [req-b1652b3b-a3e2-48b7-b2a5-ab0845366a1b - - - - -] Notify callbacks ['neutron.services.segments.db._update_segment_host_mapping_for_agent-8760442864434'] for agent, after_update _notify_loop /usr/lib/python2.7/site-packages/neutron_lib/callbacks/manager.py:167
2018-06-27 23:50:49.483 16054 DEBUG neutron_lib.callbacks.manager [req-a43c86eb-7fd7-4c02-916f-ca313e29d470 - - - - -] Notify callbacks ['neutron.services.segments.db._update_segment_host_mapping_for_agent-8760442864434'] for agent, after_update _notify_loop /usr/lib/python2.7/site-packages/neutron_lib/callbacks/manager.py:167
2018-06-27 23:50:50.004 16050 DEBUG neutron_lib.callbacks.manager [req-65c0025a-e488-4546-9c4b-67108d33485c - - - - -] Notify callbacks ['neutron.services.segments.db._update_segment_host_mapping_for_agent-8760442864434'] for agent, after_update _notify_loop /usr/lib/python2.7/site-packages/neutron_lib/callbacks/manager.py:167
2018-06-27 23:50:53.099 16048 DEBUG neutron_lib.callbacks.manager [req-e861786e-a07c-458c-86d9-db9ce27e4f40 - - - - -] Notify callbacks ['neutron.services.segments.db._update_segment_host_mapping_for_agent-8760442864434'] for agent, after_update _notify_loop /usr/lib/python2.7/site-packages/neutron_lib/callbacks/manager.py:167
2018-06-27 23:50:55.761 16040 INFO neutron.wsgi [req-b11451ce-24a2-4207-b297-5cf630d19d83 f14646f6ed6c4436b21f4ca923523726 1589901e9c6d46b5b1029dda7deb960f - 95f6f85d0751433a941c4a47191fda2f 95f6f85d0751433a941c4a47191fda2f] 10.0.20.25 "GET /v2.0/ports?device_id=90b4d471-2699-4765-ad00-829aa52636cf HTTP/1.1" status: 200  len: 1124 time: 1.2253711
2018-06-27 23:50:55.858 16040 INFO neutron.wsgi [req-dc56634c-3262-48ad-8e18-ef65fcadb9e7 f14646f6ed6c4436b21f4ca923523726 1589901e9c6d46b5b1029dda7deb960f - 95f6f85d0751433a941c4a47191fda2f 95f6f85d0751433a941c4a47191fda2f] 10.0.20.25 "GET /v2.0/security-groups?id=3a67fe8f-c2eb-4953-b06e-7c4285c1d002 HTTP/1.1" status: 200  len: 2118 time: 0.0882850
2018-06-27 23:51:03.076 16055 DEBUG neutron.db.agents_db [req-6ac0e4eb-0a48-408b-9c01-3eff45b19858 - - - - -] Agent healthcheck: found 5 active agents agent_health_check /usr/lib/python2.7/site-packages/neutron/db/agents_db.py:281
2018-06-27 23:51:03.490 16038 INFO neutron.wsgi [req-0ed9eae1-4cbe-4076-b405-1524466686e1 db7e024eefa34f0d9525ad1ee1475527 910acf3b84b64f358e48f506530f7cb1 - default default] 10.0.20.25 "GET /v2.0/ports?tenant_id=1589901e9c6d46b5b1029dda7deb960f&device_id=90b4d471-2699-4765-ad00-829aa52636cf HTTP/1.1" status: 200  len: 1124 time: 0.1933091
2018-06-27 23:51:03.802 16038 DEBUG neutron.pecan_wsgi.hooks.policy_enforcement [req-82033e25-cf10-4494-927b-d19c3897a9ca db7e024eefa34f0d9525ad1ee1475527 910acf3b84b64f358e48f506530f7cb1 - default default] Attributes excluded by policy engine: [u'vlan_transparent'] _exclude_attributes_by_policy /usr/lib/python2.7/site-packages/neutron/pecan_wsgi/hooks/policy_enforcement.py:256
2018-06-27 23:51:03.806 16038 INFO neutron.wsgi [req-82033e25-cf10-4494-927b-d19c3897a9ca db7e024eefa34f0d9525ad1ee1475527 910acf3b84b64f358e48f506530f7cb1 - default default] 10.0.20.25 "GET /v2.0/networks?id=3c50069d-b69a-4c85-9ca2-456cd2929f4e HTTP/1.1" status: 200  len: 885 time: 0.3075550
2018-06-27 23:51:03.875 16038 INFO neutron.wsgi [req-63d6135c-8544-42d3-b46e-520a7fca1193 db7e024eefa34f0d9525ad1ee1475527 910acf3b84b64f358e48f506530f7cb1 - default default] 10.0.20.25 "GET /v2.0/floatingips?fixed_ip_address=11.88.1.10&port_id=7ed43bb4-e217-46f5-afc2-8f172103b2ee HTTP/1.1" status: 200  len: 750 time: 0.0597370
2018-06-27 23:51:04.103 16038 DEBUG neutron.pecan_wsgi.hooks.policy_enforcement [req-2923515f-78af-447e-8847-dd4bdc06e7b2 db7e024eefa34f0d9525ad1ee1475527 910acf3b84b64f358e48f506530f7cb1 - default default] Attributes excluded by policy engine: [u'shared', u'segment_id'] _exclude_attributes_by_policy /usr/lib/python2.7/site-packages/neutron/pecan_wsgi/hooks/policy_enforcement.py:256
2018-06-27 23:51:04.107 16038 INFO neutron.wsgi [req-2923515f-78af-447e-8847-dd4bdc06e7b2 db7e024eefa34f0d9525ad1ee1475527 910acf3b84b64f358e48f506530f7cb1 - default default] 10.0.20.25 "GET /v2.0/subnets?id=a963e863-1142-4aba-ae69-984221a4212b HTTP/1.1" status: 200  len: 843 time: 0.2200561
2018-06-27 23:51:04.287 16038 INFO neutron.wsgi [req-57926c73-d030-431f-ae7a-e80230f942a6 db7e024eefa34f0d9525ad1ee1475527 910acf3b84b64f358e48f506530f7cb1 - default default] 10.0.20.25 "GET /v2.0/ports?network_id=3c50069d-b69a-4c85-9ca2-456cd2929f4e&device_owner=network%3Adhcp HTTP/1.1" status: 200  len: 1127 time: 0.1711020
2018-06-27 23:51:08.455 16045 INFO neutron.wsgi [req-8a1cc57e-209a-47e5-b2d6-1b165e9e9ec8 f14646f6ed6c4436b21f4ca923523726 1589901e9c6d46b5b1029dda7deb960f - 95f6f85d0751433a941c4a47191fda2f 95f6f85d0751433a941c4a47191fda2f] 10.0.20.25 "GET /v2.0/ports?device_id=90b4d471-2699-4765-ad00-829aa52636cf HTTP/1.1" status: 200  len: 1124 time: 0.7488742
2018-06-27 23:51:08.607 16045 INFO neutron.wsgi [req-6f9bf3d4-78ca-4c38-a905-0358d7586dc6 f14646f6ed6c4436b21f4ca923523726 1589901e9c6d46b5b1029dda7deb960f - 95f6f85d0751433a941c4a47191fda2f 95f6f85d0751433a941c4a47191fda2f] 10.0.20.25 "GET /v2.0/security-groups?id=3a67fe8f-c2eb-4953-b06e-7c4285c1d002 HTTP/1.1" status: 200  len: 2118 time: 0.1420581
2018-06-27 23:51:19.314 16051 DEBUG neutron_lib.callbacks.manager [req-c117a2b2-638a-404f-ab75-3bed1be01e40 - - - - -] Notify callbacks ['neutron.services.segments.db._update_segment_host_mapping_for_agent-8760442864434'] for agent, after_update _notify_loop /usr/lib/python2.7/site-packages/neutron_lib/callbacks/manager.py:167
2018-06-27 23:51:19.360 16047 DEBUG neutron_lib.callbacks.manager [req-b1652b3b-a3e2-48b7-b2a5-ab0845366a1b - - - - -] Notify callbacks ['neutron.services.segments.db._update_segment_host_mapping_for_agent-8760442864434'] for agent, after_update _notify_loop /usr/lib/python2.7/site-packages/neutron_lib/callbacks/manager.py:167
2018-06-27 23:51:19.493 16049 DEBUG neutron_lib.callbacks.manager [req-a43c86eb-7fd7-4c02-916f-ca313e29d470 - - - - -] Notify callbacks ['neutron.services.segments.db._update_segment_host_mapping_for_agent-8760442864434'] for agent, after_update _notify_loop /usr/lib/python2.7/site-packages/neutron_lib/callbacks/manager.py:167
2018-06-27 23:51:20.011 16053 DEBUG neutron_lib.callbacks.manager [req-c0d3cb7b-508b-4223-b2fa-d00cf4f36d61 - - - - -] Notify callbacks ['neutron.services.segments.db._update_segment_host_mapping_for_agent-8760442864434'] for agent, after_update _notify_loop /usr/lib/python2.7/site-packages/neutron_lib/callbacks/manager.py:167
