2018-06-28 17:29:19.581 5205 DEBUG nova.compute.api [req-c39f28bd-197b-430f-b7b3-7f3ac729b0e3 f8970df567fa497185d7c7b66f8065f6 7c4cd2d0057c4a41b435514ebf45c3dd - 1141cfef048544489bc6185a5d64a93c 1141cfef048544489bc6185a5d64a93c] [instance: 2a36a5da-e532-4dd5-ad37-fd48e9fa35b1] Fetching instance by UUID get /usr/lib/python2.7/site-packages/nova/compute/api.py:2324
2018-06-28 17:29:19.601 5205 DEBUG oslo_concurrency.lockutils [req-c39f28bd-197b-430f-b7b3-7f3ac729b0e3 f8970df567fa497185d7c7b66f8065f6 7c4cd2d0057c4a41b435514ebf45c3dd - 1141cfef048544489bc6185a5d64a93c 1141cfef048544489bc6185a5d64a93c] Lock "72c9866c-097e-4830-88cc-fbc19314d896" acquired by "nova.context.get_or_set_cached_cell_and_set_connections" :: waited 0.000s inner /usr/lib/python2.7/site-packages/oslo_concurrency/lockutils.py:270
2018-06-28 17:29:19.602 5205 DEBUG oslo_concurrency.lockutils [req-c39f28bd-197b-430f-b7b3-7f3ac729b0e3 f8970df567fa497185d7c7b66f8065f6 7c4cd2d0057c4a41b435514ebf45c3dd - 1141cfef048544489bc6185a5d64a93c 1141cfef048544489bc6185a5d64a93c] Lock "72c9866c-097e-4830-88cc-fbc19314d896" released by "nova.context.get_or_set_cached_cell_and_set_connections" :: held 0.001s inner /usr/lib/python2.7/site-packages/oslo_concurrency/lockutils.py:282
2018-06-28 17:29:19.795 5205 DEBUG nova.objects.instance [req-c39f28bd-197b-430f-b7b3-7f3ac729b0e3 f8970df567fa497185d7c7b66f8065f6 7c4cd2d0057c4a41b435514ebf45c3dd - 1141cfef048544489bc6185a5d64a93c 1141cfef048544489bc6185a5d64a93c] Lazy-loading 'services' on Instance uuid 2a36a5da-e532-4dd5-ad37-fd48e9fa35b1 obj_load_attr /usr/lib/python2.7/site-packages/nova/objects/instance.py:1049
2018-06-28 17:29:19.895 5205 DEBUG nova.policy [req-c39f28bd-197b-430f-b7b3-7f3ac729b0e3 f8970df567fa497185d7c7b66f8065f6 7c4cd2d0057c4a41b435514ebf45c3dd - 1141cfef048544489bc6185a5d64a93c 1141cfef048544489bc6185a5d64a93c] Policy check for os_compute_api:os-hide-server-addresses failed with credentials {'service_roles': [], 'user_id': u'f8970df567fa497185d7c7b66f8065f6', 'roles': [u'admin'], 'user_domain_id': u'1141cfef048544489bc6185a5d64a93c', 'service_project_id': None, 'service_user_id': None, 'service_user_domain_id': None, 'service_project_domain_id': None, 'is_admin_project': True, 'is_admin': True, 'project_id': u'7c4cd2d0057c4a41b435514ebf45c3dd', 'project_domain_id': u'1141cfef048544489bc6185a5d64a93c'} authorize /usr/lib/python2.7/site-packages/nova/policy.py:168
2018-06-28 17:29:21.283 5205 INFO nova.osapi_compute.wsgi.server [req-c39f28bd-197b-430f-b7b3-7f3ac729b0e3 f8970df567fa497185d7c7b66f8065f6 7c4cd2d0057c4a41b435514ebf45c3dd - 1141cfef048544489bc6185a5d64a93c 1141cfef048544489bc6185a5d64a93c] 10.0.20.46 "GET /v2.1/7c4cd2d0057c4a41b435514ebf45c3dd/servers/2a36a5da-e532-4dd5-ad37-fd48e9fa35b1 HTTP/1.1" status: 200 len: 2599 time: 1.7199562
2018-06-28 17:29:49.031 5201 DEBUG nova.osapi_compute.wsgi.server [req-48a8eded-d8ce-4744-9b47-f52b583e12ec beca4a3aab2944aab24802f247fc3bcf 0ca3103c90a24980adf86a98ed1a7af3 - default default] (5201) accepted ('10.0.20.46', 40698) server /usr/lib/python2.7/site-packages/eventlet/wsgi.py:883
2018-06-28 17:29:49.323 5201 DEBUG nova.api.openstack.wsgi [req-907e65ab-6110-4fe0-96f9-2e9bc2fa4805 f8970df567fa497185d7c7b66f8065f6 7c4cd2d0057c4a41b435514ebf45c3dd - 1141cfef048544489bc6185a5d64a93c 1141cfef048544489bc6185a5d64a93c] Calling method '<bound method ServersController.show of <nova.api.openstack.compute.servers.ServersController object at 0x7f8b53074dd0>>' _process_stack /usr/lib/python2.7/site-packages/nova/api/openstack/wsgi.py:612
2018-06-28 17:29:49.329 5201 DEBUG nova.compute.api [req-907e65ab-6110-4fe0-96f9-2e9bc2fa4805 f8970df567fa497185d7c7b66f8065f6 7c4cd2d0057c4a41b435514ebf45c3dd - 1141cfef048544489bc6185a5d64a93c 1141cfef048544489bc6185a5d64a93c] Failed to fetch instance by id tempest-INSTANCE_SAMPLE-1530199504 get /usr/lib/python2.7/site-packages/nova/compute/api.py:2329
2018-06-28 17:29:49.331 5201 INFO nova.api.openstack.wsgi [req-907e65ab-6110-4fe0-96f9-2e9bc2fa4805 f8970df567fa497185d7c7b66f8065f6 7c4cd2d0057c4a41b435514ebf45c3dd - 1141cfef048544489bc6185a5d64a93c 1141cfef048544489bc6185a5d64a93c] HTTP exception thrown: Impossibile trovare l'istanza tempest-INSTANCE_SAMPLE-1530199504.
2018-06-28 17:29:49.332 5201 DEBUG nova.api.openstack.wsgi [req-907e65ab-6110-4fe0-96f9-2e9bc2fa4805 f8970df567fa497185d7c7b66f8065f6 7c4cd2d0057c4a41b435514ebf45c3dd - 1141cfef048544489bc6185a5d64a93c 1141cfef048544489bc6185a5d64a93c] Returning 404 to user: Impossibile trovare l'istanza tempest-INSTANCE_SAMPLE-1530199504. __call__ /usr/lib/python2.7/site-packages/nova/api/openstack/wsgi.py:1029
2018-06-28 17:29:49.335 5201 INFO nova.osapi_compute.wsgi.server [req-907e65ab-6110-4fe0-96f9-2e9bc2fa4805 f8970df567fa497185d7c7b66f8065f6 7c4cd2d0057c4a41b435514ebf45c3dd - 1141cfef048544489bc6185a5d64a93c 1141cfef048544489bc6185a5d64a93c] 10.0.20.46 "GET /v2.1/7c4cd2d0057c4a41b435514ebf45c3dd/servers/tempest-INSTANCE_SAMPLE-1530199504 HTTP/1.1" status: 404 len: 532 time: 0.3020160
2018-06-28 17:29:49.368 5201 DEBUG nova.api.openstack.wsgi [req-5952a5de-2edc-4a5b-ab9c-1e37fd677a9f f8970df567fa497185d7c7b66f8065f6 7c4cd2d0057c4a41b435514ebf45c3dd - 1141cfef048544489bc6185a5d64a93c 1141cfef048544489bc6185a5d64a93c] Calling method '<bound method ServersController.index of <nova.api.openstack.compute.servers.ServersController object at 0x7f8b53120950>>' _process_stack /usr/lib/python2.7/site-packages/nova/api/openstack/wsgi.py:612
2018-06-28 17:29:49.377 5201 DEBUG nova.compute.api [req-5952a5de-2edc-4a5b-ab9c-1e37fd677a9f f8970df567fa497185d7c7b66f8065f6 7c4cd2d0057c4a41b435514ebf45c3dd - 1141cfef048544489bc6185a5d64a93c 1141cfef048544489bc6185a5d64a93c] Searching by: {'deleted': False, 'project_id': u'7c4cd2d0057c4a41b435514ebf45c3dd', u'name': u'tempest-INSTANCE_SAMPLE-1530199504'} get_all /usr/lib/python2.7/site-packages/nova/compute/api.py:2356
2018-06-28 17:29:49.395 5201 DEBUG oslo_concurrency.lockutils [req-5952a5de-2edc-4a5b-ab9c-1e37fd677a9f f8970df567fa497185d7c7b66f8065f6 7c4cd2d0057c4a41b435514ebf45c3dd - 1141cfef048544489bc6185a5d64a93c 1141cfef048544489bc6185a5d64a93c] Lock "00000000-0000-0000-0000-000000000000" acquired by "nova.context.get_or_set_cached_cell_and_set_connections" :: waited 0.000s inner /usr/lib/python2.7/site-packages/oslo_concurrency/lockutils.py:270
2018-06-28 17:29:49.396 5201 DEBUG oslo_concurrency.lockutils [req-5952a5de-2edc-4a5b-ab9c-1e37fd677a9f f8970df567fa497185d7c7b66f8065f6 7c4cd2d0057c4a41b435514ebf45c3dd - 1141cfef048544489bc6185a5d64a93c 1141cfef048544489bc6185a5d64a93c] Lock "00000000-0000-0000-0000-000000000000" released by "nova.context.get_or_set_cached_cell_and_set_connections" :: held 0.001s inner /usr/lib/python2.7/site-packages/oslo_concurrency/lockutils.py:282
2018-06-28 17:29:49.461 5201 DEBUG nova.compute.api [req-5952a5de-2edc-4a5b-ab9c-1e37fd677a9f f8970df567fa497185d7c7b66f8065f6 7c4cd2d0057c4a41b435514ebf45c3dd - 1141cfef048544489bc6185a5d64a93c 1141cfef048544489bc6185a5d64a93c] Skipping already-collected cell0 list _get_instances_by_filters_all_cells /usr/lib/python2.7/site-packages/nova/compute/api.py:2556
2018-06-28 17:29:49.462 5201 DEBUG nova.compute.api [req-5952a5de-2edc-4a5b-ab9c-1e37fd677a9f f8970df567fa497185d7c7b66f8065f6 7c4cd2d0057c4a41b435514ebf45c3dd - 1141cfef048544489bc6185a5d64a93c 1141cfef048544489bc6185a5d64a93c] Listing 1000 instances in cell 72c9866c-097e-4830-88cc-fbc19314d896(default) _get_instances_by_filters_all_cells /usr/lib/python2.7/site-packages/nova/compute/api.py:2559
2018-06-28 17:29:49.464 5201 DEBUG oslo_concurrency.lockutils [req-5952a5de-2edc-4a5b-ab9c-1e37fd677a9f f8970df567fa497185d7c7b66f8065f6 7c4cd2d0057c4a41b435514ebf45c3dd - 1141cfef048544489bc6185a5d64a93c 1141cfef048544489bc6185a5d64a93c] Lock "72c9866c-097e-4830-88cc-fbc19314d896" acquired by "nova.context.get_or_set_cached_cell_and_set_connections" :: waited 0.000s inner /usr/lib/python2.7/site-packages/oslo_concurrency/lockutils.py:270
2018-06-28 17:29:49.465 5201 DEBUG oslo_concurrency.lockutils [req-5952a5de-2edc-4a5b-ab9c-1e37fd677a9f f8970df567fa497185d7c7b66f8065f6 7c4cd2d0057c4a41b435514ebf45c3dd - 1141cfef048544489bc6185a5d64a93c 1141cfef048544489bc6185a5d64a93c] Lock "72c9866c-097e-4830-88cc-fbc19314d896" released by "nova.context.get_or_set_cached_cell_and_set_connections" :: held 0.001s inner /usr/lib/python2.7/site-packages/oslo_concurrency/lockutils.py:282
2018-06-28 17:29:49.548 5201 INFO nova.osapi_compute.wsgi.server [req-5952a5de-2edc-4a5b-ab9c-1e37fd677a9f f8970df567fa497185d7c7b66f8065f6 7c4cd2d0057c4a41b435514ebf45c3dd - 1141cfef048544489bc6185a5d64a93c 1141cfef048544489bc6185a5d64a93c] 10.0.20.46 "GET /v2.1/7c4cd2d0057c4a41b435514ebf45c3dd/servers?name=tempest-INSTANCE_SAMPLE-1530199504 HTTP/1.1" status: 200 len: 784 time: 0.1951170
2018-06-28 17:29:49.576 5201 DEBUG nova.api.openstack.wsgi [req-d4831ecf-913b-4172-9db9-9d919165b44e f8970df567fa497185d7c7b66f8065f6 7c4cd2d0057c4a41b435514ebf45c3dd - 1141cfef048544489bc6185a5d64a93c 1141cfef048544489bc6185a5d64a93c] Calling method '<bound method ServersController.show of <nova.api.openstack.compute.servers.ServersController object at 0x7f8b53074dd0>>' _process_stack /usr/lib/python2.7/site-packages/nova/api/openstack/wsgi.py:612
2018-06-28 17:29:49.581 5201 DEBUG nova.compute.api [req-d4831ecf-913b-4172-9db9-9d919165b44e f8970df567fa497185d7c7b66f8065f6 7c4cd2d0057c4a41b435514ebf45c3dd - 1141cfef048544489bc6185a5d64a93c 1141cfef048544489bc6185a5d64a93c] [instance: 2a36a5da-e532-4dd5-ad37-fd48e9fa35b1] Fetching instance by UUID get /usr/lib/python2.7/site-packages/nova/compute/api.py:2324
2018-06-28 17:29:49.589 5223 DEBUG nova.metadata.wsgi.server [req-a738c1c6-5d9f-4e33-94df-f3678937b625 - - - - -] (5223) accepted ('10.0.20.46', 51252) server /usr/lib/python2.7/site-packages/eventlet/wsgi.py:883
2018-06-28 17:29:49.605 5201 DEBUG oslo_concurrency.lockutils [req-d4831ecf-913b-4172-9db9-9d919165b44e f8970df567fa497185d7c7b66f8065f6 7c4cd2d0057c4a41b435514ebf45c3dd - 1141cfef048544489bc6185a5d64a93c 1141cfef048544489bc6185a5d64a93c] Lock "72c9866c-097e-4830-88cc-fbc19314d896" acquired by "nova.context.get_or_set_cached_cell_and_set_connections" :: waited 0.000s inner /usr/lib/python2.7/site-packages/oslo_concurrency/lockutils.py:270
2018-06-28 17:29:49.606 5201 DEBUG oslo_concurrency.lockutils [req-d4831ecf-913b-4172-9db9-9d919165b44e f8970df567fa497185d7c7b66f8065f6 7c4cd2d0057c4a41b435514ebf45c3dd - 1141cfef048544489bc6185a5d64a93c 1141cfef048544489bc6185a5d64a93c] Lock "72c9866c-097e-4830-88cc-fbc19314d896" released by "nova.context.get_or_set_cached_cell_and_set_connections" :: held 0.001s inner /usr/lib/python2.7/site-packages/oslo_concurrency/lockutils.py:282
2018-06-28 17:29:49.631 5223 DEBUG oslo_db.sqlalchemy.engines [req-a738c1c6-5d9f-4e33-94df-f3678937b625 - - - - -] MySQL server mode set to STRICT_TRANS_TABLES,STRICT_ALL_TABLES,NO_ZERO_IN_DATE,NO_ZERO_DATE,ERROR_FOR_DIVISION_BY_ZERO,TRADITIONAL,NO_AUTO_CREATE_USER,NO_ENGINE_SUBSTITUTION _check_effective_sql_mode /usr/lib/python2.7/site-packages/oslo_db/sqlalchemy/engines.py:285
2018-06-28 17:29:49.670 5223 DEBUG oslo_concurrency.lockutils [req-acfbba7c-8184-4bc5-bb38-9315060ee046 - - - - -] Lock "72c9866c-097e-4830-88cc-fbc19314d896" acquired by "nova.context.get_or_set_cached_cell_and_set_connections" :: waited 0.000s inner /usr/lib/python2.7/site-packages/oslo_concurrency/lockutils.py:270
2018-06-28 17:29:49.676 5223 DEBUG oslo_concurrency.lockutils [req-acfbba7c-8184-4bc5-bb38-9315060ee046 - - - - -] Lock "72c9866c-097e-4830-88cc-fbc19314d896" released by "nova.context.get_or_set_cached_cell_and_set_connections" :: held 0.006s inner /usr/lib/python2.7/site-packages/oslo_concurrency/lockutils.py:282
2018-06-28 17:29:49.697 5223 DEBUG oslo_db.sqlalchemy.engines [req-acfbba7c-8184-4bc5-bb38-9315060ee046 - - - - -] MySQL server mode set to STRICT_TRANS_TABLES,STRICT_ALL_TABLES,NO_ZERO_IN_DATE,NO_ZERO_DATE,ERROR_FOR_DIVISION_BY_ZERO,TRADITIONAL,NO_AUTO_CREATE_USER,NO_ENGINE_SUBSTITUTION _check_effective_sql_mode /usr/lib/python2.7/site-packages/oslo_db/sqlalchemy/engines.py:285
2018-06-28 17:29:49.735 5201 DEBUG nova.policy [req-d4831ecf-913b-4172-9db9-9d919165b44e f8970df567fa497185d7c7b66f8065f6 7c4cd2d0057c4a41b435514ebf45c3dd - 1141cfef048544489bc6185a5d64a93c 1141cfef048544489bc6185a5d64a93c] Policy check for os_compute_api:os-hide-server-addresses failed with credentials {'service_roles': [], 'user_id': u'f8970df567fa497185d7c7b66f8065f6', 'roles': [u'admin'], 'user_domain_id': u'1141cfef048544489bc6185a5d64a93c', 'service_project_id': None, 'service_user_id': None, 'service_user_domain_id': None, 'service_project_domain_id': None, 'is_admin_project': True, 'is_admin': True, 'project_id': u'7c4cd2d0057c4a41b435514ebf45c3dd', 'project_domain_id': u'1141cfef048544489bc6185a5d64a93c'} authorize /usr/lib/python2.7/site-packages/nova/policy.py:168
2018-06-28 17:29:50.483 5201 INFO nova.osapi_compute.wsgi.server [req-d4831ecf-913b-4172-9db9-9d919165b44e f8970df567fa497185d7c7b66f8065f6 7c4cd2d0057c4a41b435514ebf45c3dd - 1141cfef048544489bc6185a5d64a93c 1141cfef048544489bc6185a5d64a93c] 10.0.20.46 "GET /v2.1/7c4cd2d0057c4a41b435514ebf45c3dd/servers/2a36a5da-e532-4dd5-ad37-fd48e9fa35b1 HTTP/1.1" status: 200 len: 2206 time: 0.9188662
2018-06-28 17:29:50.509 5201 DEBUG nova.api.openstack.wsgi [req-f88a83c5-bd3f-4885-9aa6-9bd36fa35a69 f8970df567fa497185d7c7b66f8065f6 7c4cd2d0057c4a41b435514ebf45c3dd - 1141cfef048544489bc6185a5d64a93c 1141cfef048544489bc6185a5d64a93c] Azione: 'action', metodo chiamata: <function version_select at 0x7f8b530351b8>, corpo: {"addFloatingIp": {"address": "172.24.4.4"}} _process_stack /usr/lib/python2.7/site-packages/nova/api/openstack/wsgi.py:609
2018-06-28 17:29:50.515 5201 DEBUG nova.compute.api [req-f88a83c5-bd3f-4885-9aa6-9bd36fa35a69 f8970df567fa497185d7c7b66f8065f6 7c4cd2d0057c4a41b435514ebf45c3dd - 1141cfef048544489bc6185a5d64a93c 1141cfef048544489bc6185a5d64a93c] [instance: 2a36a5da-e532-4dd5-ad37-fd48e9fa35b1] Fetching instance by UUID get /usr/lib/python2.7/site-packages/nova/compute/api.py:2324
2018-06-28 17:29:50.530 5201 DEBUG oslo_concurrency.lockutils [req-f88a83c5-bd3f-4885-9aa6-9bd36fa35a69 f8970df567fa497185d7c7b66f8065f6 7c4cd2d0057c4a41b435514ebf45c3dd - 1141cfef048544489bc6185a5d64a93c 1141cfef048544489bc6185a5d64a93c] Lock "72c9866c-097e-4830-88cc-fbc19314d896" acquired by "nova.context.get_or_set_cached_cell_and_set_connections" :: waited 0.000s inner /usr/lib/python2.7/site-packages/oslo_concurrency/lockutils.py:270
2018-06-28 17:29:50.531 5201 DEBUG oslo_concurrency.lockutils [req-f88a83c5-bd3f-4885-9aa6-9bd36fa35a69 f8970df567fa497185d7c7b66f8065f6 7c4cd2d0057c4a41b435514ebf45c3dd - 1141cfef048544489bc6185a5d64a93c 1141cfef048544489bc6185a5d64a93c] Lock "72c9866c-097e-4830-88cc-fbc19314d896" released by "nova.context.get_or_set_cached_cell_and_set_connections" :: held 0.001s inner /usr/lib/python2.7/site-packages/oslo_concurrency/lockutils.py:282
2018-06-28 17:29:50.618 5201 DEBUG oslo_concurrency.lockutils [req-f88a83c5-bd3f-4885-9aa6-9bd36fa35a69 f8970df567fa497185d7c7b66f8065f6 7c4cd2d0057c4a41b435514ebf45c3dd - 1141cfef048544489bc6185a5d64a93c 1141cfef048544489bc6185a5d64a93c] Acquired semaphore "refresh_cache-2a36a5da-e532-4dd5-ad37-fd48e9fa35b1" lock /usr/lib/python2.7/site-packages/oslo_concurrency/lockutils.py:212
2018-06-28 17:29:51.581 5223 WARNING oslo_config.cfg [req-acfbba7c-8184-4bc5-bb38-9315060ee046 - - - - -] Option "dhcp_domain" from group "DEFAULT" is deprecated for removal (
nova-network is deprecated, as are any related configuration options.
).  Its value may be silently ignored in the future.
2018-06-28 17:29:51.583 5223 INFO nova.metadata.wsgi.server [req-acfbba7c-8184-4bc5-bb38-9315060ee046 - - - - -] 11.184.1.3,10.0.20.46 "GET /2009-04-04/meta-data/instance-id HTTP/1.1" status: 200 len: 127 time: 1.9882641
2018-06-28 17:29:52.388 5201 DEBUG nova.network.neutronv2.api [req-f88a83c5-bd3f-4885-9aa6-9bd36fa35a69 f8970df567fa497185d7c7b66f8065f6 7c4cd2d0057c4a41b435514ebf45c3dd - 1141cfef048544489bc6185a5d64a93c 1141cfef048544489bc6185a5d64a93c] [instance: 2a36a5da-e532-4dd5-ad37-fd48e9fa35b1] _get_instance_nw_info() _get_instance_nw_info /usr/lib/python2.7/site-packages/nova/network/neutronv2/api.py:1315
2018-06-28 17:29:52.698 5220 DEBUG nova.metadata.wsgi.server [req-a738c1c6-5d9f-4e33-94df-f3678937b625 - - - - -] (5220) accepted ('10.0.20.46', 51296) server /usr/lib/python2.7/site-packages/eventlet/wsgi.py:883
2018-06-28 17:29:52.756 5220 DEBUG oslo_db.sqlalchemy.engines [req-a738c1c6-5d9f-4e33-94df-f3678937b625 - - - - -] MySQL server mode set to STRICT_TRANS_TABLES,STRICT_ALL_TABLES,NO_ZERO_IN_DATE,NO_ZERO_DATE,ERROR_FOR_DIVISION_BY_ZERO,TRADITIONAL,NO_AUTO_CREATE_USER,NO_ENGINE_SUBSTITUTION _check_effective_sql_mode /usr/lib/python2.7/site-packages/oslo_db/sqlalchemy/engines.py:285
2018-06-28 17:29:52.825 5220 DEBUG oslo_concurrency.lockutils [req-1364610e-42c1-4448-8f11-ecf837c7f36b - - - - -] Lock "72c9866c-097e-4830-88cc-fbc19314d896" acquired by "nova.context.get_or_set_cached_cell_and_set_connections" :: waited 0.000s inner /usr/lib/python2.7/site-packages/oslo_concurrency/lockutils.py:270
2018-06-28 17:29:52.838 5220 DEBUG oslo_concurrency.lockutils [req-1364610e-42c1-4448-8f11-ecf837c7f36b - - - - -] Lock "72c9866c-097e-4830-88cc-fbc19314d896" released by "nova.context.get_or_set_cached_cell_and_set_connections" :: held 0.013s inner /usr/lib/python2.7/site-packages/oslo_concurrency/lockutils.py:282
2018-06-28 17:29:52.873 5220 DEBUG oslo_db.sqlalchemy.engines [req-1364610e-42c1-4448-8f11-ecf837c7f36b - - - - -] MySQL server mode set to STRICT_TRANS_TABLES,STRICT_ALL_TABLES,NO_ZERO_IN_DATE,NO_ZERO_DATE,ERROR_FOR_DIVISION_BY_ZERO,TRADITIONAL,NO_AUTO_CREATE_USER,NO_ENGINE_SUBSTITUTION _check_effective_sql_mode /usr/lib/python2.7/site-packages/oslo_db/sqlalchemy/engines.py:285
2018-06-28 17:29:53.428 5198 DEBUG nova.osapi_compute.wsgi.server [req-8d4f42f3-2797-4499-bdf9-746f61fc5b7a f8970df567fa497185d7c7b66f8065f6 7c4cd2d0057c4a41b435514ebf45c3dd - 1141cfef048544489bc6185a5d64a93c 1141cfef048544489bc6185a5d64a93c] (5198) accepted ('10.0.20.46', 40776) server /usr/lib/python2.7/site-packages/eventlet/wsgi.py:883
2018-06-28 17:29:53.953 5198 DEBUG nova.api.openstack.wsgi [req-b7758993-765d-45ad-b1ed-9c473b828976 beca4a3aab2944aab24802f247fc3bcf 0ca3103c90a24980adf86a98ed1a7af3 - default default] Azione: 'create', metodo chiamata: <bound method ServerExternalEventsController.create of <nova.api.openstack.compute.server_external_events.ServerExternalEventsController object at 0x7f8b5332a510>>, corpo: {"events": [{"tag": "2a51c1f2-1e5f-4ab3-9ef5-00321eafbd5f", "name": "network-changed", "server_uuid": "2a36a5da-e532-4dd5-ad37-fd48e9fa35b1"}]} _process_stack /usr/lib/python2.7/site-packages/nova/api/openstack/wsgi.py:609
2018-06-28 17:29:53.971 5198 DEBUG oslo_concurrency.lockutils [req-b7758993-765d-45ad-b1ed-9c473b828976 beca4a3aab2944aab24802f247fc3bcf 0ca3103c90a24980adf86a98ed1a7af3 - default default] Lock "72c9866c-097e-4830-88cc-fbc19314d896" acquired by "nova.context.get_or_set_cached_cell_and_set_connections" :: waited 0.000s inner /usr/lib/python2.7/site-packages/oslo_concurrency/lockutils.py:270
2018-06-28 17:29:53.972 5198 DEBUG oslo_concurrency.lockutils [req-b7758993-765d-45ad-b1ed-9c473b828976 beca4a3aab2944aab24802f247fc3bcf 0ca3103c90a24980adf86a98ed1a7af3 - default default] Lock "72c9866c-097e-4830-88cc-fbc19314d896" released by "nova.context.get_or_set_cached_cell_and_set_connections" :: held 0.001s inner /usr/lib/python2.7/site-packages/oslo_concurrency/lockutils.py:282
2018-06-28 17:29:54.020 5198 INFO nova.api.openstack.compute.server_external_events [req-b7758993-765d-45ad-b1ed-9c473b828976 beca4a3aab2944aab24802f247fc3bcf 0ca3103c90a24980adf86a98ed1a7af3 - default default] Creating event network-changed:2a51c1f2-1e5f-4ab3-9ef5-00321eafbd5f for instance 2a36a5da-e532-4dd5-ad37-fd48e9fa35b1 on localhost.localdomain
2018-06-28 17:29:54.065 5198 INFO nova.osapi_compute.wsgi.server [req-b7758993-765d-45ad-b1ed-9c473b828976 beca4a3aab2944aab24802f247fc3bcf 0ca3103c90a24980adf86a98ed1a7af3 - default default] 10.0.20.46 "POST /v2.1/0ca3103c90a24980adf86a98ed1a7af3/os-server-external-events HTTP/1.1" status: 200 len: 578 time: 0.6337011
2018-06-28 17:29:54.986 5201 DEBUG nova.network.base_api [req-f88a83c5-bd3f-4885-9aa6-9bd36fa35a69 f8970df567fa497185d7c7b66f8065f6 7c4cd2d0057c4a41b435514ebf45c3dd - 1141cfef048544489bc6185a5d64a93c 1141cfef048544489bc6185a5d64a93c] [instance: 2a36a5da-e532-4dd5-ad37-fd48e9fa35b1] Updating instance_info_cache with network_info: [{"profile": {}, "ovs_interfaceid": "2a51c1f2-1e5f-4ab3-9ef5-00321eafbd5f", "preserve_on_delete": false, "network": {"bridge": "br-int", "subnets": [{"ips": [{"meta": {}, "version": 4, "type": "fixed", "floating_ips": [{"meta": {}, "version": 4, "type": "floating", "address": "172.24.4.4"}], "address": "11.184.1.3"}], "version": 4, "meta": {"dhcp_server": "11.184.1.2"}, "dns": [{"meta": {}, "version": 4, "type": "dns", "address": "8.8.4.4"}], "routes": [], "cidr": "11.184.1.0/24", "gateway": {"meta": {}, "version": 4, "type": "gateway", "address": "11.184.1.1"}}], "meta": {"injected": false, "tenant_id": "7c4cd2d0057c4a41b435514ebf45c3dd", "mtu": 1450}, "id": "9b97ca88-b280-4ef1-83c7-9bdf5706ba17", "label": "tempest-private-1530199504"}, "devname": "tap2a51c1f2-1e", "vnic_type": "normal", "qbh_params": null, "meta": {}, "details": {"port_filter": true, "datapath_type": "system", "ovs_hybrid_plug": true}, "address": "fa:16:3e:7d:84:2b", "active": true, "type": "ovs", "id": "2a51c1f2-1e5f-4ab3-9ef5-00321eafbd5f", "qbg_params": null}] update_instance_cache_with_nw_info /usr/lib/python2.7/site-packages/nova/network/base_api.py:48
2018-06-28 17:29:54.999 5220 WARNING oslo_config.cfg [req-1364610e-42c1-4448-8f11-ecf837c7f36b - - - - -] Option "dhcp_domain" from group "DEFAULT" is deprecated for removal (
nova-network is deprecated, as are any related configuration options.
).  Its value may be silently ignored in the future.
2018-06-28 17:29:55.002 5220 INFO nova.metadata.wsgi.server [req-1364610e-42c1-4448-8f11-ecf837c7f36b - - - - -] 11.184.1.3,10.0.20.46 "GET /2009-04-04/meta-data/public-keys HTTP/1.1" status: 200 len: 152 time: 2.2948101
2018-06-28 17:29:55.003 5201 DEBUG oslo_concurrency.lockutils [req-f88a83c5-bd3f-4885-9aa6-9bd36fa35a69 f8970df567fa497185d7c7b66f8065f6 7c4cd2d0057c4a41b435514ebf45c3dd - 1141cfef048544489bc6185a5d64a93c 1141cfef048544489bc6185a5d64a93c] Releasing semaphore "refresh_cache-2a36a5da-e532-4dd5-ad37-fd48e9fa35b1" lock /usr/lib/python2.7/site-packages/oslo_concurrency/lockutils.py:225
2018-06-28 17:29:55.005 5201 INFO nova.osapi_compute.wsgi.server [req-f88a83c5-bd3f-4885-9aa6-9bd36fa35a69 f8970df567fa497185d7c7b66f8065f6 7c4cd2d0057c4a41b435514ebf45c3dd - 1141cfef048544489bc6185a5d64a93c 1141cfef048544489bc6185a5d64a93c] 10.0.20.46 "POST /v2.1/7c4cd2d0057c4a41b435514ebf45c3dd/servers/2a36a5da-e532-4dd5-ad37-fd48e9fa35b1/action HTTP/1.1" status: 202 len: 411 time: 4.5059471
2018-06-28 17:29:55.936 5216 DEBUG nova.metadata.wsgi.server [req-a738c1c6-5d9f-4e33-94df-f3678937b625 - - - - -] (5216) accepted ('10.0.20.46', 51342) server /usr/lib/python2.7/site-packages/eventlet/wsgi.py:883
2018-06-28 17:29:55.966 5216 DEBUG oslo_db.sqlalchemy.engines [req-a738c1c6-5d9f-4e33-94df-f3678937b625 - - - - -] MySQL server mode set to STRICT_TRANS_TABLES,STRICT_ALL_TABLES,NO_ZERO_IN_DATE,NO_ZERO_DATE,ERROR_FOR_DIVISION_BY_ZERO,TRADITIONAL,NO_AUTO_CREATE_USER,NO_ENGINE_SUBSTITUTION _check_effective_sql_mode /usr/lib/python2.7/site-packages/oslo_db/sqlalchemy/engines.py:285
2018-06-28 17:29:55.996 5216 DEBUG oslo_concurrency.lockutils [req-49c9eaf0-1c1e-42a3-9fa7-07f17dc565f1 - - - - -] Lock "72c9866c-097e-4830-88cc-fbc19314d896" acquired by "nova.context.get_or_set_cached_cell_and_set_connections" :: waited 0.000s inner /usr/lib/python2.7/site-packages/oslo_concurrency/lockutils.py:270
2018-06-28 17:29:56.001 5216 DEBUG oslo_concurrency.lockutils [req-49c9eaf0-1c1e-42a3-9fa7-07f17dc565f1 - - - - -] Lock "72c9866c-097e-4830-88cc-fbc19314d896" released by "nova.context.get_or_set_cached_cell_and_set_connections" :: held 0.005s inner /usr/lib/python2.7/site-packages/oslo_concurrency/lockutils.py:282
2018-06-28 17:29:56.017 5216 DEBUG oslo_db.sqlalchemy.engines [req-49c9eaf0-1c1e-42a3-9fa7-07f17dc565f1 - - - - -] MySQL server mode set to STRICT_TRANS_TABLES,STRICT_ALL_TABLES,NO_ZERO_IN_DATE,NO_ZERO_DATE,ERROR_FOR_DIVISION_BY_ZERO,TRADITIONAL,NO_AUTO_CREATE_USER,NO_ENGINE_SUBSTITUTION _check_effective_sql_mode /usr/lib/python2.7/site-packages/oslo_db/sqlalchemy/engines.py:285
2018-06-28 17:29:58.359 5216 WARNING oslo_config.cfg [req-49c9eaf0-1c1e-42a3-9fa7-07f17dc565f1 - - - - -] Option "dhcp_domain" from group "DEFAULT" is deprecated for removal (
nova-network is deprecated, as are any related configuration options.
).  Its value may be silently ignored in the future.
2018-06-28 17:29:58.362 5216 INFO nova.metadata.wsgi.server [req-49c9eaf0-1c1e-42a3-9fa7-07f17dc565f1 - - - - -] 11.184.1.3,10.0.20.46 "GET /2009-04-04/meta-data/public-keys/0/openssh-key HTTP/1.1" status: 200 len: 526 time: 2.4237039
2018-06-28 17:29:58.952 5216 DEBUG nova.metadata.wsgi.server [req-49c9eaf0-1c1e-42a3-9fa7-07f17dc565f1 - - - - -] (5216) accepted ('10.0.20.46', 51360) server /usr/lib/python2.7/site-packages/eventlet/wsgi.py:883
2018-06-28 17:29:58.956 5216 DEBUG nova.api.metadata.handler [req-49c9eaf0-1c1e-42a3-9fa7-07f17dc565f1 - - - - -] Using cached metadata for instance 2a36a5da-e532-4dd5-ad37-fd48e9fa35b1 get_metadata_by_instance_id /usr/lib/python2.7/site-packages/nova/api/metadata/handler.py:78
2018-06-28 17:29:58.958 5216 INFO nova.metadata.wsgi.server [req-49c9eaf0-1c1e-42a3-9fa7-07f17dc565f1 - - - - -] 11.184.1.3,10.0.20.46 "GET /2009-04-04/meta-data/instance-id HTTP/1.1" status: 200 len: 127 time: 0.0027492
2018-06-28 17:29:59.253 5220 DEBUG nova.metadata.wsgi.server [req-1364610e-42c1-4448-8f11-ecf837c7f36b - - - - -] (5220) accepted ('10.0.20.46', 51364) server /usr/lib/python2.7/site-packages/eventlet/wsgi.py:883
2018-06-28 17:29:59.255 5220 DEBUG nova.api.metadata.handler [req-1364610e-42c1-4448-8f11-ecf837c7f36b - - - - -] Using cached metadata for instance 2a36a5da-e532-4dd5-ad37-fd48e9fa35b1 get_metadata_by_instance_id /usr/lib/python2.7/site-packages/nova/api/metadata/handler.py:78
2018-06-28 17:29:59.256 5220 INFO nova.metadata.wsgi.server [req-1364610e-42c1-4448-8f11-ecf837c7f36b - - - - -] 11.184.1.3,10.0.20.46 "GET /2009-04-04/meta-data/ami-launch-index HTTP/1.1" status: 200 len: 117 time: 0.0019741
2018-06-28 17:29:59.749 5199 DEBUG nova.api.openstack.wsgi [req-12bc3e4a-042a-46c6-b74f-c103381ce86c d473e455e3b24776a524d2ea47d6e072 0ca3103c90a24980adf86a98ed1a7af3 - default default] Calling method '<bound method ServersController.detail of <nova.api.openstack.compute.servers.ServersController object at 0x7f8b530d4a90>>' _process_stack /usr/lib/python2.7/site-packages/nova/api/openstack/wsgi.py:612
2018-06-28 17:29:59.761 5199 DEBUG nova.compute.api [req-12bc3e4a-042a-46c6-b74f-c103381ce86c d473e455e3b24776a524d2ea47d6e072 0ca3103c90a24980adf86a98ed1a7af3 - default default] Searching by: {u'changes-since': datetime.datetime(2018, 6, 28, 15, 25, 0, 565798, tzinfo=<FixedOffset u'+00:00' datetime.timedelta(0)>)} get_all /usr/lib/python2.7/site-packages/nova/compute/api.py:2356
2018-06-28 17:29:59.780 5199 DEBUG oslo_concurrency.lockutils [req-12bc3e4a-042a-46c6-b74f-c103381ce86c d473e455e3b24776a524d2ea47d6e072 0ca3103c90a24980adf86a98ed1a7af3 - default default] Lock "00000000-0000-0000-0000-000000000000" acquired by "nova.context.get_or_set_cached_cell_and_set_connections" :: waited 0.000s inner /usr/lib/python2.7/site-packages/oslo_concurrency/lockutils.py:270
2018-06-28 17:29:59.782 5199 DEBUG oslo_concurrency.lockutils [req-12bc3e4a-042a-46c6-b74f-c103381ce86c d473e455e3b24776a524d2ea47d6e072 0ca3103c90a24980adf86a98ed1a7af3 - default default] Lock "00000000-0000-0000-0000-000000000000" released by "nova.context.get_or_set_cached_cell_and_set_connections" :: held 0.001s inner /usr/lib/python2.7/site-packages/oslo_concurrency/lockutils.py:282
2018-06-28 17:29:59.896 5199 DEBUG nova.compute.api [req-12bc3e4a-042a-46c6-b74f-c103381ce86c d473e455e3b24776a524d2ea47d6e072 0ca3103c90a24980adf86a98ed1a7af3 - default default] Skipping already-collected cell0 list _get_instances_by_filters_all_cells /usr/lib/python2.7/site-packages/nova/compute/api.py:2556
2018-06-28 17:29:59.897 5199 DEBUG nova.compute.api [req-12bc3e4a-042a-46c6-b74f-c103381ce86c d473e455e3b24776a524d2ea47d6e072 0ca3103c90a24980adf86a98ed1a7af3 - default default] Listing 1000 instances in cell 72c9866c-097e-4830-88cc-fbc19314d896(default) _get_instances_by_filters_all_cells /usr/lib/python2.7/site-packages/nova/compute/api.py:2559
2018-06-28 17:29:59.900 5199 DEBUG oslo_concurrency.lockutils [req-12bc3e4a-042a-46c6-b74f-c103381ce86c d473e455e3b24776a524d2ea47d6e072 0ca3103c90a24980adf86a98ed1a7af3 - default default] Lock "72c9866c-097e-4830-88cc-fbc19314d896" acquired by "nova.context.get_or_set_cached_cell_and_set_connections" :: waited 0.000s inner /usr/lib/python2.7/site-packages/oslo_concurrency/lockutils.py:270
2018-06-28 17:29:59.901 5199 DEBUG oslo_concurrency.lockutils [req-12bc3e4a-042a-46c6-b74f-c103381ce86c d473e455e3b24776a524d2ea47d6e072 0ca3103c90a24980adf86a98ed1a7af3 - default default] Lock "72c9866c-097e-4830-88cc-fbc19314d896" released by "nova.context.get_or_set_cached_cell_and_set_connections" :: held 0.001s inner /usr/lib/python2.7/site-packages/oslo_concurrency/lockutils.py:282
2018-06-28 17:30:00.210 5199 DEBUG oslo_concurrency.lockutils [req-12bc3e4a-042a-46c6-b74f-c103381ce86c d473e455e3b24776a524d2ea47d6e072 0ca3103c90a24980adf86a98ed1a7af3 - default default] Lock "72c9866c-097e-4830-88cc-fbc19314d896" acquired by "nova.context.get_or_set_cached_cell_and_set_connections" :: waited 0.000s inner /usr/lib/python2.7/site-packages/oslo_concurrency/lockutils.py:270
2018-06-28 17:30:00.212 5199 DEBUG oslo_concurrency.lockutils [req-12bc3e4a-042a-46c6-b74f-c103381ce86c d473e455e3b24776a524d2ea47d6e072 0ca3103c90a24980adf86a98ed1a7af3 - default default] Lock "72c9866c-097e-4830-88cc-fbc19314d896" released by "nova.context.get_or_set_cached_cell_and_set_connections" :: held 0.001s inner /usr/lib/python2.7/site-packages/oslo_concurrency/lockutils.py:282
2018-06-28 17:30:00.243 5199 DEBUG nova.policy [req-12bc3e4a-042a-46c6-b74f-c103381ce86c d473e455e3b24776a524d2ea47d6e072 0ca3103c90a24980adf86a98ed1a7af3 - default default] Policy check for os_compute_api:os-hide-server-addresses failed with credentials {'service_roles': [], 'user_id': u'd473e455e3b24776a524d2ea47d6e072', 'roles': [u'ResellerAdmin', u'admin'], 'user_domain_id': u'default', 'service_project_id': None, 'service_user_id': None, 'service_user_domain_id': None, 'service_project_domain_id': None, 'is_admin_project': True, 'is_admin': True, 'project_id': u'0ca3103c90a24980adf86a98ed1a7af3', 'project_domain_id': u'default'} authorize /usr/lib/python2.7/site-packages/nova/policy.py:168
2018-06-28 17:30:00.399 5215 DEBUG nova.metadata.wsgi.server [req-a738c1c6-5d9f-4e33-94df-f3678937b625 - - - - -] (5215) accepted ('10.0.20.46', 51376) server /usr/lib/python2.7/site-packages/eventlet/wsgi.py:883
2018-06-28 17:30:00.449 5215 DEBUG oslo_db.sqlalchemy.engines [req-a738c1c6-5d9f-4e33-94df-f3678937b625 - - - - -] MySQL server mode set to STRICT_TRANS_TABLES,STRICT_ALL_TABLES,NO_ZERO_IN_DATE,NO_ZERO_DATE,ERROR_FOR_DIVISION_BY_ZERO,TRADITIONAL,NO_AUTO_CREATE_USER,NO_ENGINE_SUBSTITUTION _check_effective_sql_mode /usr/lib/python2.7/site-packages/oslo_db/sqlalchemy/engines.py:285
2018-06-28 17:30:00.493 5215 DEBUG oslo_concurrency.lockutils [req-64bf2efe-90a6-4b7d-a1cb-2e2f57abca28 - - - - -] Lock "72c9866c-097e-4830-88cc-fbc19314d896" acquired by "nova.context.get_or_set_cached_cell_and_set_connections" :: waited 0.000s inner /usr/lib/python2.7/site-packages/oslo_concurrency/lockutils.py:270
2018-06-28 17:30:00.498 5215 DEBUG oslo_concurrency.lockutils [req-64bf2efe-90a6-4b7d-a1cb-2e2f57abca28 - - - - -] Lock "72c9866c-097e-4830-88cc-fbc19314d896" released by "nova.context.get_or_set_cached_cell_and_set_connections" :: held 0.006s inner /usr/lib/python2.7/site-packages/oslo_concurrency/lockutils.py:282
2018-06-28 17:30:00.517 5215 DEBUG oslo_db.sqlalchemy.engines [req-64bf2efe-90a6-4b7d-a1cb-2e2f57abca28 - - - - -] MySQL server mode set to STRICT_TRANS_TABLES,STRICT_ALL_TABLES,NO_ZERO_IN_DATE,NO_ZERO_DATE,ERROR_FOR_DIVISION_BY_ZERO,TRADITIONAL,NO_AUTO_CREATE_USER,NO_ENGINE_SUBSTITUTION _check_effective_sql_mode /usr/lib/python2.7/site-packages/oslo_db/sqlalchemy/engines.py:285
2018-06-28 17:30:01.666 5199 INFO nova.osapi_compute.wsgi.server [req-12bc3e4a-042a-46c6-b74f-c103381ce86c d473e455e3b24776a524d2ea47d6e072 0ca3103c90a24980adf86a98ed1a7af3 - default default] 10.0.20.46 "GET /v2.1/0ca3103c90a24980adf86a98ed1a7af3/servers/detail?all_tenants=True&changes-since=2018-06-28T15%3A25%3A00.565798%2B00%3A00 HTTP/1.1" status: 200 len: 2326 time: 2.5332928
2018-06-28 17:30:02.781 5215 WARNING oslo_config.cfg [req-64bf2efe-90a6-4b7d-a1cb-2e2f57abca28 - - - - -] Option "dhcp_domain" from group "DEFAULT" is deprecated for removal (
nova-network is deprecated, as are any related configuration options.
).  Its value may be silently ignored in the future.
2018-06-28 17:30:02.786 5215 INFO nova.metadata.wsgi.server [req-64bf2efe-90a6-4b7d-a1cb-2e2f57abca28 - - - - -] 11.184.1.3,10.0.20.46 "GET /2009-04-04/meta-data/instance-type HTTP/1.1" status: 200 len: 123 time: 2.3813839
2018-06-28 17:30:03.170 5216 DEBUG nova.metadata.wsgi.server [req-49c9eaf0-1c1e-42a3-9fa7-07f17dc565f1 - - - - -] (5216) accepted ('10.0.20.46', 51390) server /usr/lib/python2.7/site-packages/eventlet/wsgi.py:883
2018-06-28 17:30:03.176 5216 DEBUG nova.api.metadata.handler [req-49c9eaf0-1c1e-42a3-9fa7-07f17dc565f1 - - - - -] Using cached metadata for instance 2a36a5da-e532-4dd5-ad37-fd48e9fa35b1 get_metadata_by_instance_id /usr/lib/python2.7/site-packages/nova/api/metadata/handler.py:78
2018-06-28 17:30:03.180 5216 INFO nova.metadata.wsgi.server [req-49c9eaf0-1c1e-42a3-9fa7-07f17dc565f1 - - - - -] 11.184.1.3,10.0.20.46 "GET /2009-04-04/meta-data/local-ipv4 HTTP/1.1" status: 200 len: 127 time: 0.0047460
2018-06-28 17:30:03.781 5216 DEBUG nova.metadata.wsgi.server [req-49c9eaf0-1c1e-42a3-9fa7-07f17dc565f1 - - - - -] (5216) accepted ('10.0.20.46', 51396) server /usr/lib/python2.7/site-packages/eventlet/wsgi.py:883
2018-06-28 17:30:03.784 5216 DEBUG nova.api.metadata.handler [req-49c9eaf0-1c1e-42a3-9fa7-07f17dc565f1 - - - - -] Using cached metadata for instance 2a36a5da-e532-4dd5-ad37-fd48e9fa35b1 get_metadata_by_instance_id /usr/lib/python2.7/site-packages/nova/api/metadata/handler.py:78
2018-06-28 17:30:03.785 5216 INFO nova.metadata.wsgi.server [req-49c9eaf0-1c1e-42a3-9fa7-07f17dc565f1 - - - - -] 11.184.1.3,10.0.20.46 "GET /2009-04-04/meta-data/public-ipv4 HTTP/1.1" status: 200 len: 127 time: 0.0020769
2018-06-28 17:30:04.756 5199 DEBUG nova.osapi_compute.wsgi.server [req-12bc3e4a-042a-46c6-b74f-c103381ce86c d473e455e3b24776a524d2ea47d6e072 0ca3103c90a24980adf86a98ed1a7af3 - default default] (5199) accepted ('10.0.20.46', 40874) server /usr/lib/python2.7/site-packages/eventlet/wsgi.py:883
2018-06-28 17:30:04.950 5216 DEBUG nova.metadata.wsgi.server [req-49c9eaf0-1c1e-42a3-9fa7-07f17dc565f1 - - - - -] (5216) accepted ('10.0.20.46', 51410) server /usr/lib/python2.7/site-packages/eventlet/wsgi.py:883
2018-06-28 17:30:04.954 5216 DEBUG nova.api.metadata.handler [req-49c9eaf0-1c1e-42a3-9fa7-07f17dc565f1 - - - - -] Using cached metadata for instance 2a36a5da-e532-4dd5-ad37-fd48e9fa35b1 get_metadata_by_instance_id /usr/lib/python2.7/site-packages/nova/api/metadata/handler.py:78
2018-06-28 17:30:04.957 5216 INFO nova.metadata.wsgi.server [req-49c9eaf0-1c1e-42a3-9fa7-07f17dc565f1 - - - - -] 11.184.1.3,10.0.20.46 "GET /2009-04-04/meta-data/hostname HTTP/1.1" status: 200 len: 161 time: 0.0040221
2018-06-28 17:30:05.354 5199 INFO nova.osapi_compute.wsgi.server [req-cf8fa781-ed7e-479f-b3b2-1bf1c80c62d0 f8970df567fa497185d7c7b66f8065f6 7c4cd2d0057c4a41b435514ebf45c3dd - 1141cfef048544489bc6185a5d64a93c 1141cfef048544489bc6185a5d64a93c] 10.0.20.46 "GET /v2.1/7c4cd2d0057c4a41b435514ebf45c3dd HTTP/1.1" status: 404 len: 382 time: 0.5942361
2018-06-28 17:30:05.381 5199 DEBUG nova.api.openstack.wsgi [req-a8bf5133-0d84-477f-bde3-0f58f487ff76 f8970df567fa497185d7c7b66f8065f6 7c4cd2d0057c4a41b435514ebf45c3dd - 1141cfef048544489bc6185a5d64a93c 1141cfef048544489bc6185a5d64a93c] Calling method '<bound method VersionsController.show of <nova.api.openstack.compute.versionsV21.VersionsController object at 0x7f8b534cb950>>' _process_stack /usr/lib/python2.7/site-packages/nova/api/openstack/wsgi.py:612
2018-06-28 17:30:05.384 5199 INFO nova.osapi_compute.wsgi.server [req-a8bf5133-0d84-477f-bde3-0f58f487ff76 f8970df567fa497185d7c7b66f8065f6 7c4cd2d0057c4a41b435514ebf45c3dd - 1141cfef048544489bc6185a5d64a93c 1141cfef048544489bc6185a5d64a93c] 10.0.20.46 "GET /v2.1/ HTTP/1.1" status: 200 len: 783 time: 0.0145919
2018-06-28 17:30:06.073 5199 DEBUG nova.api.openstack.wsgi [req-7d7503ea-4ab3-4f57-916d-a7d24a204f4b f8970df567fa497185d7c7b66f8065f6 7c4cd2d0057c4a41b435514ebf45c3dd - 1141cfef048544489bc6185a5d64a93c 1141cfef048544489bc6185a5d64a93c] Calling method '<bound method ServersController.detail of <nova.api.openstack.compute.servers.ServersController object at 0x7f8b530d4a90>>' _process_stack /usr/lib/python2.7/site-packages/nova/api/openstack/wsgi.py:612
2018-06-28 17:30:06.080 5199 DEBUG nova.compute.api [req-7d7503ea-4ab3-4f57-916d-a7d24a204f4b f8970df567fa497185d7c7b66f8065f6 7c4cd2d0057c4a41b435514ebf45c3dd - 1141cfef048544489bc6185a5d64a93c 1141cfef048544489bc6185a5d64a93c] Searching by: {'deleted': False, 'project_id': u'7c4cd2d0057c4a41b435514ebf45c3dd'} get_all /usr/lib/python2.7/site-packages/nova/compute/api.py:2356
2018-06-28 17:30:06.098 5199 DEBUG oslo_concurrency.lockutils [req-7d7503ea-4ab3-4f57-916d-a7d24a204f4b f8970df567fa497185d7c7b66f8065f6 7c4cd2d0057c4a41b435514ebf45c3dd - 1141cfef048544489bc6185a5d64a93c 1141cfef048544489bc6185a5d64a93c] Lock "00000000-0000-0000-0000-000000000000" acquired by "nova.context.get_or_set_cached_cell_and_set_connections" :: waited 0.000s inner /usr/lib/python2.7/site-packages/oslo_concurrency/lockutils.py:270
2018-06-28 17:30:06.099 5199 DEBUG oslo_concurrency.lockutils [req-7d7503ea-4ab3-4f57-916d-a7d24a204f4b f8970df567fa497185d7c7b66f8065f6 7c4cd2d0057c4a41b435514ebf45c3dd - 1141cfef048544489bc6185a5d64a93c 1141cfef048544489bc6185a5d64a93c] Lock "00000000-0000-0000-0000-000000000000" released by "nova.context.get_or_set_cached_cell_and_set_connections" :: held 0.001s inner /usr/lib/python2.7/site-packages/oslo_concurrency/lockutils.py:282
2018-06-28 17:30:06.184 5199 DEBUG nova.compute.api [req-7d7503ea-4ab3-4f57-916d-a7d24a204f4b f8970df567fa497185d7c7b66f8065f6 7c4cd2d0057c4a41b435514ebf45c3dd - 1141cfef048544489bc6185a5d64a93c 1141cfef048544489bc6185a5d64a93c] Skipping already-collected cell0 list _get_instances_by_filters_all_cells /usr/lib/python2.7/site-packages/nova/compute/api.py:2556
2018-06-28 17:30:06.185 5199 DEBUG nova.compute.api [req-7d7503ea-4ab3-4f57-916d-a7d24a204f4b f8970df567fa497185d7c7b66f8065f6 7c4cd2d0057c4a41b435514ebf45c3dd - 1141cfef048544489bc6185a5d64a93c 1141cfef048544489bc6185a5d64a93c] Listing 1000 instances in cell 72c9866c-097e-4830-88cc-fbc19314d896(default) _get_instances_by_filters_all_cells /usr/lib/python2.7/site-packages/nova/compute/api.py:2559
2018-06-28 17:30:06.186 5199 DEBUG oslo_concurrency.lockutils [req-7d7503ea-4ab3-4f57-916d-a7d24a204f4b f8970df567fa497185d7c7b66f8065f6 7c4cd2d0057c4a41b435514ebf45c3dd - 1141cfef048544489bc6185a5d64a93c 1141cfef048544489bc6185a5d64a93c] Lock "72c9866c-097e-4830-88cc-fbc19314d896" acquired by "nova.context.get_or_set_cached_cell_and_set_connections" :: waited 0.000s inner /usr/lib/python2.7/site-packages/oslo_concurrency/lockutils.py:270
2018-06-28 17:30:06.187 5199 DEBUG oslo_concurrency.lockutils [req-7d7503ea-4ab3-4f57-916d-a7d24a204f4b f8970df567fa497185d7c7b66f8065f6 7c4cd2d0057c4a41b435514ebf45c3dd - 1141cfef048544489bc6185a5d64a93c 1141cfef048544489bc6185a5d64a93c] Lock "72c9866c-097e-4830-88cc-fbc19314d896" released by "nova.context.get_or_set_cached_cell_and_set_connections" :: held 0.000s inner /usr/lib/python2.7/site-packages/oslo_concurrency/lockutils.py:282
2018-06-28 17:30:06.347 5199 DEBUG oslo_concurrency.lockutils [req-7d7503ea-4ab3-4f57-916d-a7d24a204f4b f8970df567fa497185d7c7b66f8065f6 7c4cd2d0057c4a41b435514ebf45c3dd - 1141cfef048544489bc6185a5d64a93c 1141cfef048544489bc6185a5d64a93c] Lock "72c9866c-097e-4830-88cc-fbc19314d896" acquired by "nova.context.get_or_set_cached_cell_and_set_connections" :: waited 0.000s inner /usr/lib/python2.7/site-packages/oslo_concurrency/lockutils.py:270
2018-06-28 17:30:06.348 5199 DEBUG oslo_concurrency.lockutils [req-7d7503ea-4ab3-4f57-916d-a7d24a204f4b f8970df567fa497185d7c7b66f8065f6 7c4cd2d0057c4a41b435514ebf45c3dd - 1141cfef048544489bc6185a5d64a93c 1141cfef048544489bc6185a5d64a93c] Lock "72c9866c-097e-4830-88cc-fbc19314d896" released by "nova.context.get_or_set_cached_cell_and_set_connections" :: held 0.001s inner /usr/lib/python2.7/site-packages/oslo_concurrency/lockutils.py:282
2018-06-28 17:30:06.366 5199 DEBUG nova.policy [req-7d7503ea-4ab3-4f57-916d-a7d24a204f4b f8970df567fa497185d7c7b66f8065f6 7c4cd2d0057c4a41b435514ebf45c3dd - 1141cfef048544489bc6185a5d64a93c 1141cfef048544489bc6185a5d64a93c] Policy check for os_compute_api:os-hide-server-addresses failed with credentials {'service_roles': [], 'user_id': u'f8970df567fa497185d7c7b66f8065f6', 'roles': [u'admin'], 'user_domain_id': u'1141cfef048544489bc6185a5d64a93c', 'service_project_id': None, 'service_user_id': None, 'service_user_domain_id': None, 'service_project_domain_id': None, 'is_admin_project': True, 'is_admin': True, 'project_id': u'7c4cd2d0057c4a41b435514ebf45c3dd', 'project_domain_id': u'1141cfef048544489bc6185a5d64a93c'} authorize /usr/lib/python2.7/site-packages/nova/policy.py:168
2018-06-28 17:30:06.372 5215 DEBUG nova.metadata.wsgi.server [req-64bf2efe-90a6-4b7d-a1cb-2e2f57abca28 - - - - -] (5215) accepted ('10.0.20.46', 51424) server /usr/lib/python2.7/site-packages/eventlet/wsgi.py:883
2018-06-28 17:30:06.375 5215 DEBUG nova.api.metadata.handler [req-64bf2efe-90a6-4b7d-a1cb-2e2f57abca28 - - - - -] Using cached metadata for instance 2a36a5da-e532-4dd5-ad37-fd48e9fa35b1 get_metadata_by_instance_id /usr/lib/python2.7/site-packages/nova/api/metadata/handler.py:78
2018-06-28 17:30:06.378 5215 INFO nova.metadata.wsgi.server [req-64bf2efe-90a6-4b7d-a1cb-2e2f57abca28 - - - - -] 11.184.1.3,10.0.20.46 "GET /2009-04-04/meta-data/local-hostname HTTP/1.1" status: 200 len: 161 time: 0.0029318
2018-06-28 17:30:06.961 5199 INFO nova.osapi_compute.wsgi.server [req-7d7503ea-4ab3-4f57-916d-a7d24a204f4b f8970df567fa497185d7c7b66f8065f6 7c4cd2d0057c4a41b435514ebf45c3dd - 1141cfef048544489bc6185a5d64a93c 1141cfef048544489bc6185a5d64a93c] 10.0.20.46 "GET /v2.1/7c4cd2d0057c4a41b435514ebf45c3dd/servers/detail HTTP/1.1" status: 200 len: 2719 time: 0.8997300
2018-06-28 17:30:07.230 5216 DEBUG nova.metadata.wsgi.server [req-49c9eaf0-1c1e-42a3-9fa7-07f17dc565f1 - - - - -] (5216) accepted ('10.0.20.46', 51438) server /usr/lib/python2.7/site-packages/eventlet/wsgi.py:883
2018-06-28 17:30:07.233 5216 DEBUG nova.api.metadata.handler [req-49c9eaf0-1c1e-42a3-9fa7-07f17dc565f1 - - - - -] Using cached metadata for instance 2a36a5da-e532-4dd5-ad37-fd48e9fa35b1 get_metadata_by_instance_id /usr/lib/python2.7/site-packages/nova/api/metadata/handler.py:78
2018-06-28 17:30:07.236 5216 INFO nova.metadata.wsgi.server [req-49c9eaf0-1c1e-42a3-9fa7-07f17dc565f1 - - - - -] 11.184.1.3,10.0.20.46 "GET /2009-04-04/user-data HTTP/1.1" status: 404 len: 176 time: 0.0035720
2018-06-28 17:30:07.450 5216 DEBUG nova.metadata.wsgi.server [req-49c9eaf0-1c1e-42a3-9fa7-07f17dc565f1 - - - - -] (5216) accepted ('10.0.20.46', 51440) server /usr/lib/python2.7/site-packages/eventlet/wsgi.py:883
2018-06-28 17:30:07.451 5216 DEBUG nova.api.metadata.handler [req-49c9eaf0-1c1e-42a3-9fa7-07f17dc565f1 - - - - -] Using cached metadata for instance 2a36a5da-e532-4dd5-ad37-fd48e9fa35b1 get_metadata_by_instance_id /usr/lib/python2.7/site-packages/nova/api/metadata/handler.py:78
2018-06-28 17:30:07.452 5216 INFO nova.metadata.wsgi.server [req-49c9eaf0-1c1e-42a3-9fa7-07f17dc565f1 - - - - -] 11.184.1.3,10.0.20.46 "GET /2009-04-04/meta-data/block-device-mapping HTTP/1.1" status: 200 len: 124 time: 0.0012650
2018-06-28 17:30:07.600 5220 DEBUG nova.metadata.wsgi.server [req-1364610e-42c1-4448-8f11-ecf837c7f36b - - - - -] (5220) accepted ('10.0.20.46', 51442) server /usr/lib/python2.7/site-packages/eventlet/wsgi.py:883
2018-06-28 17:30:07.601 5220 DEBUG nova.api.metadata.handler [req-1364610e-42c1-4448-8f11-ecf837c7f36b - - - - -] Using cached metadata for instance 2a36a5da-e532-4dd5-ad37-fd48e9fa35b1 get_metadata_by_instance_id /usr/lib/python2.7/site-packages/nova/api/metadata/handler.py:78
2018-06-28 17:30:07.602 5220 INFO nova.metadata.wsgi.server [req-1364610e-42c1-4448-8f11-ecf837c7f36b - - - - -] 11.184.1.3,10.0.20.46 "GET /2009-04-04/meta-data/block-device-mapping/ami HTTP/1.1" status: 200 len: 119 time: 0.0013089
2018-06-28 17:30:08.522 5220 DEBUG nova.metadata.wsgi.server [req-1364610e-42c1-4448-8f11-ecf837c7f36b - - - - -] (5220) accepted ('10.0.20.46', 51456) server /usr/lib/python2.7/site-packages/eventlet/wsgi.py:883
2018-06-28 17:30:08.524 5220 DEBUG nova.api.metadata.handler [req-1364610e-42c1-4448-8f11-ecf837c7f36b - - - - -] Using cached metadata for instance 2a36a5da-e532-4dd5-ad37-fd48e9fa35b1 get_metadata_by_instance_id /usr/lib/python2.7/site-packages/nova/api/metadata/handler.py:78
2018-06-28 17:30:08.527 5220 INFO nova.metadata.wsgi.server [req-1364610e-42c1-4448-8f11-ecf837c7f36b - - - - -] 11.184.1.3,10.0.20.46 "GET /2009-04-04/meta-data/block-device-mapping/root HTTP/1.1" status: 200 len: 124 time: 0.0033820
2018-06-28 17:30:08.751 5218 DEBUG nova.metadata.wsgi.server [req-a738c1c6-5d9f-4e33-94df-f3678937b625 - - - - -] (5218) accepted ('10.0.20.46', 51458) server /usr/lib/python2.7/site-packages/eventlet/wsgi.py:883
2018-06-28 17:30:08.782 5218 DEBUG oslo_db.sqlalchemy.engines [req-a738c1c6-5d9f-4e33-94df-f3678937b625 - - - - -] MySQL server mode set to STRICT_TRANS_TABLES,STRICT_ALL_TABLES,NO_ZERO_IN_DATE,NO_ZERO_DATE,ERROR_FOR_DIVISION_BY_ZERO,TRADITIONAL,NO_AUTO_CREATE_USER,NO_ENGINE_SUBSTITUTION _check_effective_sql_mode /usr/lib/python2.7/site-packages/oslo_db/sqlalchemy/engines.py:285
2018-06-28 17:30:08.822 5218 DEBUG oslo_concurrency.lockutils [req-34820189-3278-4408-ae82-9a56a3cc1f6f - - - - -] Lock "72c9866c-097e-4830-88cc-fbc19314d896" acquired by "nova.context.get_or_set_cached_cell_and_set_connections" :: waited 0.000s inner /usr/lib/python2.7/site-packages/oslo_concurrency/lockutils.py:270
2018-06-28 17:30:08.828 5218 DEBUG oslo_concurrency.lockutils [req-34820189-3278-4408-ae82-9a56a3cc1f6f - - - - -] Lock "72c9866c-097e-4830-88cc-fbc19314d896" released by "nova.context.get_or_set_cached_cell_and_set_connections" :: held 0.006s inner /usr/lib/python2.7/site-packages/oslo_concurrency/lockutils.py:282
2018-06-28 17:30:08.848 5218 DEBUG oslo_db.sqlalchemy.engines [req-34820189-3278-4408-ae82-9a56a3cc1f6f - - - - -] MySQL server mode set to STRICT_TRANS_TABLES,STRICT_ALL_TABLES,NO_ZERO_IN_DATE,NO_ZERO_DATE,ERROR_FOR_DIVISION_BY_ZERO,TRADITIONAL,NO_AUTO_CREATE_USER,NO_ENGINE_SUBSTITUTION _check_effective_sql_mode /usr/lib/python2.7/site-packages/oslo_db/sqlalchemy/engines.py:285
2018-06-28 17:30:10.483 5218 WARNING oslo_config.cfg [req-34820189-3278-4408-ae82-9a56a3cc1f6f - - - - -] Option "dhcp_domain" from group "DEFAULT" is deprecated for removal (
nova-network is deprecated, as are any related configuration options.
).  Its value may be silently ignored in the future.
2018-06-28 17:30:10.485 5218 INFO nova.metadata.wsgi.server [req-34820189-3278-4408-ae82-9a56a3cc1f6f - - - - -] 11.184.1.3,10.0.20.46 "GET /2009-04-04/meta-data/public-hostname HTTP/1.1" status: 200 len: 161 time: 1.7283549
2018-06-28 17:30:10.941 5220 DEBUG nova.metadata.wsgi.server [req-1364610e-42c1-4448-8f11-ecf837c7f36b - - - - -] (5220) accepted ('10.0.20.46', 51474) server /usr/lib/python2.7/site-packages/eventlet/wsgi.py:883
2018-06-28 17:30:10.953 5220 DEBUG oslo_concurrency.lockutils [req-13932eec-078c-409b-8c3a-b230397af845 - - - - -] Lock "72c9866c-097e-4830-88cc-fbc19314d896" acquired by "nova.context.get_or_set_cached_cell_and_set_connections" :: waited 0.000s inner /usr/lib/python2.7/site-packages/oslo_concurrency/lockutils.py:270
2018-06-28 17:30:10.954 5220 DEBUG oslo_concurrency.lockutils [req-13932eec-078c-409b-8c3a-b230397af845 - - - - -] Lock "72c9866c-097e-4830-88cc-fbc19314d896" released by "nova.context.get_or_set_cached_cell_and_set_connections" :: held 0.001s inner /usr/lib/python2.7/site-packages/oslo_concurrency/lockutils.py:282
2018-06-28 17:30:11.368 5220 INFO nova.metadata.wsgi.server [req-13932eec-078c-409b-8c3a-b230397af845 - - - - -] 11.184.1.3,10.0.20.46 "GET /2009-04-04/meta-data/placement/availability-zone HTTP/1.1" status: 200 len: 120 time: 0.4253330
2018-06-28 17:30:30.278 5198 DEBUG nova.osapi_compute.wsgi.server [req-b7758993-765d-45ad-b1ed-9c473b828976 beca4a3aab2944aab24802f247fc3bcf 0ca3103c90a24980adf86a98ed1a7af3 - default default] (5198) accepted ('10.0.20.46', 41026) server /usr/lib/python2.7/site-packages/eventlet/wsgi.py:883
