2018-09-29 06:00:08.023 11291 DEBUG novaclient.v2.client [-] RESP: [200] Content-Length: 179 Content-Type: application/json Openstack-Api-Version: compute 2.1 X-Openstack-Nova-Api-Version: 2.1 Vary: OpenStack-API-Version, X-OpenStack-Nova-API-Version X-Openstack-Request-Id: req-c0154ca0-2f30-47a5-84f3-f17140ba062d X-Compute-Request-Id: req-c0154ca0-2f30-47a5-84f3-f17140ba062d Date: Sat, 29 Sep 2018 10:00:08 GMT Connection: keep-alive 
RESP BODY: {"events": [{"status": "completed", "tag": "743b3f31-c85a-49f4-873b-85daa5e45553", "name": "network-changed", "server_uuid": "ea462790-b867-4ec6-8c63-bbc0691eaa2f", "code": 200}]}
 _http_log_response /usr/lib/python2.7/site-packages/keystoneauth1/session.py:423
2018-09-29 06:00:08.024 11291 DEBUG novaclient.v2.client [-] POST call to compute for http://10.0.20.36:8774/v2.1/2826c499828f44719ccb8a386423ec45/os-server-external-events used request id req-c0154ca0-2f30-47a5-84f3-f17140ba062d request /usr/lib/python2.7/site-packages/keystoneauth1/session.py:727
2018-09-29 06:00:08.031 11291 INFO neutron.notifiers.nova [-] Nova event response: {u'status': u'completed', u'tag': u'743b3f31-c85a-49f4-873b-85daa5e45553', u'name': u'network-changed', u'server_uuid': u'ea462790-b867-4ec6-8c63-bbc0691eaa2f', u'code': 200}
2018-09-29 06:00:08.183 11289 INFO neutron.wsgi [req-1db0f32c-37a8-4080-baee-c9ba544505fd 52db2c2bb2754474a9e626ac3befb2ef 2826c499828f44719ccb8a386423ec45 - default default] 10.0.20.36 "GET /v2.0/ports?tenant_id=914038f121464ccaa087e05c5ad3b056&device_id=ea462790-b867-4ec6-8c63-bbc0691eaa2f HTTP/1.1" status: 200  len: 1124 time: 0.1160798
2018-09-29 06:00:08.418 11289 DEBUG neutron.pecan_wsgi.hooks.policy_enforcement [req-e537e7b7-2699-40e2-957b-471a719ae746 52db2c2bb2754474a9e626ac3befb2ef 2826c499828f44719ccb8a386423ec45 - default default] Attributes excluded by policy engine: [u'vlan_transparent'] _exclude_attributes_by_policy /usr/lib/python2.7/site-packages/neutron/pecan_wsgi/hooks/policy_enforcement.py:256
2018-09-29 06:00:08.420 11289 INFO neutron.wsgi [req-e537e7b7-2699-40e2-957b-471a719ae746 52db2c2bb2754474a9e626ac3befb2ef 2826c499828f44719ccb8a386423ec45 - default default] 10.0.20.36 "GET /v2.0/networks?id=ba3e8531-8791-493b-9628-628e5b0c7783 HTTP/1.1" status: 200  len: 885 time: 0.2303889
2018-09-29 06:00:08.461 11289 INFO neutron.wsgi [req-1b6f4059-4a76-4798-8245-0c14cf080180 52db2c2bb2754474a9e626ac3befb2ef 2826c499828f44719ccb8a386423ec45 - default default] 10.0.20.36 "GET /v2.0/floatingips?fixed_ip_address=11.64.1.10&port_id=743b3f31-c85a-49f4-873b-85daa5e45553 HTTP/1.1" status: 200  len: 751 time: 0.0332320
2018-09-29 06:00:08.568 11289 DEBUG neutron.pecan_wsgi.hooks.policy_enforcement [req-a958e02b-4a69-4cb1-acc8-e49900a29459 52db2c2bb2754474a9e626ac3befb2ef 2826c499828f44719ccb8a386423ec45 - default default] Attributes excluded by policy engine: [u'shared'] _exclude_attributes_by_policy /usr/lib/python2.7/site-packages/neutron/pecan_wsgi/hooks/policy_enforcement.py:256
2018-09-29 06:00:08.571 11289 INFO neutron.wsgi [req-a958e02b-4a69-4cb1-acc8-e49900a29459 52db2c2bb2754474a9e626ac3befb2ef 2826c499828f44719ccb8a386423ec45 - default default] 10.0.20.36 "GET /v2.0/subnets?id=77438e79-d63d-477e-b322-f3ca2ce8db65 HTTP/1.1" status: 200  len: 843 time: 0.1047421
2018-09-29 06:00:08.689 11289 INFO neutron.wsgi [req-285ac580-df58-43d2-a76b-78eecb279fa2 52db2c2bb2754474a9e626ac3befb2ef 2826c499828f44719ccb8a386423ec45 - default default] 10.0.20.36 "GET /v2.0/ports?network_id=ba3e8531-8791-493b-9628-628e5b0c7783&device_owner=network%3Adhcp HTTP/1.1" status: 200  len: 1127 time: 0.1112831
2018-09-29 06:00:10.033 11291 DEBUG oslo_concurrency.lockutils [-] Lock "notifier-accb5b48-284d-4f7f-aff3-5f6b30c48019" released by "neutron.notifiers.batch_notifier.synced_send" :: held 5.667s inner /usr/lib/python2.7/site-packages/oslo_concurrency/lockutils.py:282
2018-09-29 06:00:15.010 11296 DEBUG neutron_lib.callbacks.manager [req-38fbab02-3c46-460f-93bb-5ed4d23fb905 - - - - -] Notify callbacks ['neutron.services.segments.db._update_segment_host_mapping_for_agent-8727433798826'] for agent, after_update _notify_loop /usr/lib/python2.7/site-packages/neutron_lib/callbacks/manager.py:167
2018-09-29 06:00:16.913 11301 DEBUG neutron.db.agents_db [req-c446fa3e-1b2c-45f4-a6e2-bc0e2a61f000 - - - - -] Agent healthcheck: found 5 active agents agent_health_check /usr/lib/python2.7/site-packages/neutron/db/agents_db.py:281
2018-09-29 06:00:17.053 11299 DEBUG neutron_lib.callbacks.manager [req-0b03d47c-06fa-4b77-9698-eb63b47f2050 - - - - -] Notify callbacks ['neutron.services.segments.db._update_segment_host_mapping_for_agent-8727433798826'] for agent, after_update _notify_loop /usr/lib/python2.7/site-packages/neutron_lib/callbacks/manager.py:167
2018-09-29 06:00:18.087 11290 INFO neutron.wsgi [req-29634411-f5bb-414c-b9ea-a8f460364502 85dbf824e72a464b94b45b2973d5dae2 914038f121464ccaa087e05c5ad3b056 - 00110ef487f54f08a06b80d5e9adbf47 00110ef487f54f08a06b80d5e9adbf47] 10.0.20.36 "GET /v2.0/ports?device_id=ea462790-b867-4ec6-8c63-bbc0691eaa2f HTTP/1.1" status: 200  len: 1124 time: 0.9771030
2018-09-29 06:00:18.453 11290 INFO neutron.wsgi [req-e3b4e9d6-cc68-4cf1-a42c-f5e13543974d 85dbf824e72a464b94b45b2973d5dae2 914038f121464ccaa087e05c5ad3b056 - 00110ef487f54f08a06b80d5e9adbf47 00110ef487f54f08a06b80d5e9adbf47] 10.0.20.36 "GET /v2.0/security-groups?id=7cc1e06c-31cf-485c-832b-d82336319832 HTTP/1.1" status: 200  len: 2118 time: 0.3574030
2018-09-29 06:00:23.366 11300 DEBUG neutron_lib.callbacks.manager [req-0b9d0363-2afc-49a4-9fd8-c5d99f987650 - - - - -] Notify callbacks ['neutron.services.segments.db._update_segment_host_mapping_for_agent-8727433798826'] for agent, after_update _notify_loop /usr/lib/python2.7/site-packages/neutron_lib/callbacks/manager.py:167
2018-09-29 06:00:29.181 11298 DEBUG neutron_lib.callbacks.manager [req-b0c7830b-8cdd-468f-8475-c50a3ae31c85 - - - - -] Notify callbacks ['neutron.services.segments.db._update_segment_host_mapping_for_agent-8727433798826'] for agent, after_update _notify_loop /usr/lib/python2.7/site-packages/neutron_lib/callbacks/manager.py:167
2018-09-29 06:00:29.883 11293 DEBUG neutron_lib.callbacks.manager [req-313599ea-a4e6-49e6-8742-6ff72a0f4b57 - - - - -] Notify callbacks ['neutron.services.segments.db._update_segment_host_mapping_for_agent-8727433798826'] for agent, after_update _notify_loop /usr/lib/python2.7/site-packages/neutron_lib/callbacks/manager.py:167
2018-09-29 06:00:34.643 11289 INFO neutron.wsgi [req-15825d4b-56f3-4c68-bc33-a645ebd34369 52db2c2bb2754474a9e626ac3befb2ef 2826c499828f44719ccb8a386423ec45 - default default] 10.0.20.36 "GET /v2.0/ports?tenant_id=914038f121464ccaa087e05c5ad3b056&device_id=ea462790-b867-4ec6-8c63-bbc0691eaa2f HTTP/1.1" status: 200  len: 1124 time: 0.2484591
2018-09-29 06:00:34.904 11289 DEBUG neutron.pecan_wsgi.hooks.policy_enforcement [req-a0777bc1-6bbb-49f7-942a-6093b36813e8 52db2c2bb2754474a9e626ac3befb2ef 2826c499828f44719ccb8a386423ec45 - default default] Attributes excluded by policy engine: [u'vlan_transparent'] _exclude_attributes_by_policy /usr/lib/python2.7/site-packages/neutron/pecan_wsgi/hooks/policy_enforcement.py:256
2018-09-29 06:00:34.906 11289 INFO neutron.wsgi [req-a0777bc1-6bbb-49f7-942a-6093b36813e8 52db2c2bb2754474a9e626ac3befb2ef 2826c499828f44719ccb8a386423ec45 - default default] 10.0.20.36 "GET /v2.0/networks?id=ba3e8531-8791-493b-9628-628e5b0c7783 HTTP/1.1" status: 200  len: 885 time: 0.2502599
2018-09-29 06:00:34.951 11289 INFO neutron.wsgi [req-10bf637f-9cc1-4c60-b1d4-4d27508e2914 52db2c2bb2754474a9e626ac3befb2ef 2826c499828f44719ccb8a386423ec45 - default default] 10.0.20.36 "GET /v2.0/floatingips?fixed_ip_address=11.64.1.10&port_id=743b3f31-c85a-49f4-873b-85daa5e45553 HTTP/1.1" status: 200  len: 751 time: 0.0375340
2018-09-29 06:00:35.083 11289 DEBUG neutron.pecan_wsgi.hooks.policy_enforcement [req-5982754c-b67f-4d58-b20d-fabc1e4c92dc 52db2c2bb2754474a9e626ac3befb2ef 2826c499828f44719ccb8a386423ec45 - default default] Attributes excluded by policy engine: [u'shared'] _exclude_attributes_by_policy /usr/lib/python2.7/site-packages/neutron/pecan_wsgi/hooks/policy_enforcement.py:256
2018-09-29 06:00:35.085 11289 INFO neutron.wsgi [req-5982754c-b67f-4d58-b20d-fabc1e4c92dc 52db2c2bb2754474a9e626ac3befb2ef 2826c499828f44719ccb8a386423ec45 - default default] 10.0.20.36 "GET /v2.0/subnets?id=77438e79-d63d-477e-b322-f3ca2ce8db65 HTTP/1.1" status: 200  len: 843 time: 0.1270919
2018-09-29 06:00:35.190 11289 INFO neutron.wsgi [req-9af0da9e-5950-4108-97d1-ad56632a196e 52db2c2bb2754474a9e626ac3befb2ef 2826c499828f44719ccb8a386423ec45 - default default] 10.0.20.36 "GET /v2.0/ports?network_id=ba3e8531-8791-493b-9628-628e5b0c7783&device_owner=network%3Adhcp HTTP/1.1" status: 200  len: 1127 time: 0.0970950
2018-09-29 06:00:35.207 11291 INFO neutron.wsgi [req-8a9ee4b2-2b72-473d-901d-786e3c398b70 85dbf824e72a464b94b45b2973d5dae2 914038f121464ccaa087e05c5ad3b056 - 00110ef487f54f08a06b80d5e9adbf47 00110ef487f54f08a06b80d5e9adbf47] 10.0.20.36 "GET /v2.0/ports?device_id=ea462790-b867-4ec6-8c63-bbc0691eaa2f HTTP/1.1" status: 200  len: 1124 time: 0.7733200
2018-09-29 06:00:35.309 11291 INFO neutron.wsgi [req-29f4637d-9d3e-44b4-ad3c-61f42d5e87dc 85dbf824e72a464b94b45b2973d5dae2 914038f121464ccaa087e05c5ad3b056 - 00110ef487f54f08a06b80d5e9adbf47 00110ef487f54f08a06b80d5e9adbf47] 10.0.20.36 "GET /v2.0/security-groups?id=7cc1e06c-31cf-485c-832b-d82336319832 HTTP/1.1" status: 200  len: 2118 time: 0.0951300
2018-09-29 06:00:45.012 11292 DEBUG neutron_lib.callbacks.manager [req-38fbab02-3c46-460f-93bb-5ed4d23fb905 - - - - -] Notify callbacks ['neutron.services.segments.db._update_segment_host_mapping_for_agent-8727433798826'] for agent, after_update _notify_loop /usr/lib/python2.7/site-packages/neutron_lib/callbacks/manager.py:167
2018-09-29 06:00:45.344 11291 INFO neutron.wsgi [req-13fa3622-3258-49a7-8a18-0bb5e2ee1c06 85dbf824e72a464b94b45b2973d5dae2 914038f121464ccaa087e05c5ad3b056 - 00110ef487f54f08a06b80d5e9adbf47 00110ef487f54f08a06b80d5e9adbf47] 10.0.20.36 "GET /v2.0/ports?device_id=ea462790-b867-4ec6-8c63-bbc0691eaa2f HTTP/1.1" status: 200  len: 1124 time: 0.7239189
2018-09-29 06:00:45.492 11291 INFO neutron.wsgi [req-f7257d1a-f724-470d-a43c-c1eae77c30dc 85dbf824e72a464b94b45b2973d5dae2 914038f121464ccaa087e05c5ad3b056 - 00110ef487f54f08a06b80d5e9adbf47 00110ef487f54f08a06b80d5e9adbf47] 10.0.20.36 "GET /v2.0/security-groups?id=7cc1e06c-31cf-485c-832b-d82336319832 HTTP/1.1" status: 200  len: 2118 time: 0.1368349
2018-09-29 06:00:47.047 11294 DEBUG neutron_lib.callbacks.manager [req-8b2a15a6-e3b5-4cad-8497-778750b1d3e0 - - - - -] Notify callbacks ['neutron.services.segments.db._update_segment_host_mapping_for_agent-8727433798826'] for agent, after_update _notify_loop /usr/lib/python2.7/site-packages/neutron_lib/callbacks/manager.py:167
2018-09-29 06:00:53.379 11295 DEBUG neutron_lib.callbacks.manager [req-0b9d0363-2afc-49a4-9fd8-c5d99f987650 - - - - -] Notify callbacks ['neutron.services.segments.db._update_segment_host_mapping_for_agent-8727433798826'] for agent, after_update _notify_loop /usr/lib/python2.7/site-packages/neutron_lib/callbacks/manager.py:167
2018-09-29 06:00:53.918 11301 DEBUG neutron.db.agents_db [req-c446fa3e-1b2c-45f4-a6e2-bc0e2a61f000 - - - - -] Agent healthcheck: found 5 active agents agent_health_check /usr/lib/python2.7/site-packages/neutron/db/agents_db.py:281
2018-09-29 06:00:58.979 11291 INFO neutron.wsgi [req-c93dfe75-f707-4504-921d-a89171fdb3e2 85dbf824e72a464b94b45b2973d5dae2 914038f121464ccaa087e05c5ad3b056 - 00110ef487f54f08a06b80d5e9adbf47 00110ef487f54f08a06b80d5e9adbf47] 10.0.20.36 "GET /v2.0/ports?device_id=ea462790-b867-4ec6-8c63-bbc0691eaa2f HTTP/1.1" status: 200  len: 1124 time: 0.5817840
2018-09-29 06:00:59.164 11297 DEBUG neutron_lib.callbacks.manager [req-b0c7830b-8cdd-468f-8475-c50a3ae31c85 - - - - -] Notify callbacks ['neutron.services.segments.db._update_segment_host_mapping_for_agent-8727433798826'] for agent, after_update _notify_loop /usr/lib/python2.7/site-packages/neutron_lib/callbacks/manager.py:167
2018-09-29 06:00:59.365 11291 INFO neutron.wsgi [req-9b2391c7-9463-4825-a0b3-92fdc0d471e0 85dbf824e72a464b94b45b2973d5dae2 914038f121464ccaa087e05c5ad3b056 - 00110ef487f54f08a06b80d5e9adbf47 00110ef487f54f08a06b80d5e9adbf47] 10.0.20.36 "GET /v2.0/security-groups?id=7cc1e06c-31cf-485c-832b-d82336319832 HTTP/1.1" status: 200  len: 2118 time: 0.3795550
2018-09-29 06:00:59.881 11296 DEBUG neutron_lib.callbacks.manager [req-b9be4f46-5dab-4ccc-80fd-266dca72f9b5 - - - - -] Notify callbacks ['neutron.services.segments.db._update_segment_host_mapping_for_agent-8727433798826'] for agent, after_update _notify_loop /usr/lib/python2.7/site-packages/neutron_lib/callbacks/manager.py:167
2018-09-29 06:01:11.114 11291 INFO neutron.wsgi [req-ecaf7faf-8cbe-413d-9f7b-84b2245277ed 85dbf824e72a464b94b45b2973d5dae2 914038f121464ccaa087e05c5ad3b056 - 00110ef487f54f08a06b80d5e9adbf47 00110ef487f54f08a06b80d5e9adbf47] 10.0.20.36 "GET /v2.0/ports?device_id=ea462790-b867-4ec6-8c63-bbc0691eaa2f HTTP/1.1" status: 200  len: 1124 time: 0.4893560
2018-09-29 06:01:11.197 11291 INFO neutron.wsgi [req-757eea5b-bd2d-4501-804d-5f56494d7a2b 85dbf824e72a464b94b45b2973d5dae2 914038f121464ccaa087e05c5ad3b056 - 00110ef487f54f08a06b80d5e9adbf47 00110ef487f54f08a06b80d5e9adbf47] 10.0.20.36 "GET /v2.0/security-groups?id=7cc1e06c-31cf-485c-832b-d82336319832 HTTP/1.1" status: 200  len: 2118 time: 0.0790710
2018-09-29 06:01:15.005 11299 DEBUG neutron_lib.callbacks.manager [req-38fbab02-3c46-460f-93bb-5ed4d23fb905 - - - - -] Notify callbacks ['neutron.services.segments.db._update_segment_host_mapping_for_agent-8727433798826'] for agent, after_update _notify_loop /usr/lib/python2.7/site-packages/neutron_lib/callbacks/manager.py:167
2018-09-29 06:01:17.044 11300 DEBUG neutron_lib.callbacks.manager [req-c036ed87-6285-404d-ae30-44b818cf4cfe - - - - -] Notify callbacks ['neutron.services.segments.db._update_segment_host_mapping_for_agent-8727433798826'] for agent, after_update _notify_loop /usr/lib/python2.7/site-packages/neutron_lib/callbacks/manager.py:167
2018-09-29 06:01:22.285 11286 INFO neutron.wsgi [req-530cf7c0-55b6-4999-9293-4cdcb25fd882 85dbf824e72a464b94b45b2973d5dae2 914038f121464ccaa087e05c5ad3b056 - 00110ef487f54f08a06b80d5e9adbf47 00110ef487f54f08a06b80d5e9adbf47] 10.0.20.36 "GET /v2.0/ports?device_id=ea462790-b867-4ec6-8c63-bbc0691eaa2f HTTP/1.1" status: 200  len: 1124 time: 0.9503140
2018-09-29 06:01:22.376 11286 INFO neutron.wsgi [req-b1ccfa8e-aeb7-4115-b7ef-3d2b9d477398 85dbf824e72a464b94b45b2973d5dae2 914038f121464ccaa087e05c5ad3b056 - 00110ef487f54f08a06b80d5e9adbf47 00110ef487f54f08a06b80d5e9adbf47] 10.0.20.36 "GET /v2.0/security-groups?id=7cc1e06c-31cf-485c-832b-d82336319832 HTTP/1.1" status: 200  len: 2118 time: 0.0859420
2018-09-29 06:01:23.365 11298 DEBUG neutron_lib.callbacks.manager [req-0b9d0363-2afc-49a4-9fd8-c5d99f987650 - - - - -] Notify callbacks ['neutron.services.segments.db._update_segment_host_mapping_for_agent-8727433798826'] for agent, after_update _notify_loop /usr/lib/python2.7/site-packages/neutron_lib/callbacks/manager.py:167
2018-09-29 06:01:29.162 11293 DEBUG neutron_lib.callbacks.manager [req-b0c7830b-8cdd-468f-8475-c50a3ae31c85 - - - - -] Notify callbacks ['neutron.services.segments.db._update_segment_host_mapping_for_agent-8727433798826'] for agent, after_update _notify_loop /usr/lib/python2.7/site-packages/neutron_lib/callbacks/manager.py:167
2018-09-29 06:01:29.871 11292 DEBUG neutron_lib.callbacks.manager [req-fbf2dad2-ea6c-4fe4-9862-1aaa5322a24a - - - - -] Notify callbacks ['neutron.services.segments.db._update_segment_host_mapping_for_agent-8727433798826'] for agent, after_update _notify_loop /usr/lib/python2.7/site-packages/neutron_lib/callbacks/manager.py:167
2018-09-29 06:01:30.915 11301 DEBUG neutron.db.agents_db [req-c446fa3e-1b2c-45f4-a6e2-bc0e2a61f000 - - - - -] Agent healthcheck: found 5 active agents agent_health_check /usr/lib/python2.7/site-packages/neutron/db/agents_db.py:281
2018-09-29 06:01:33.320 11289 DEBUG neutron.quota.resource [req-f42780cb-42ef-4b7d-8ef8-db4b3a467053 85dbf824e72a464b94b45b2973d5dae2 914038f121464ccaa087e05c5ad3b056 - 00110ef487f54f08a06b80d5e9adbf47 00110ef487f54f08a06b80d5e9adbf47] Synchronizing usage tracker for tenant:914038f121464ccaa087e05c5ad3b056 on resource:port resync /usr/lib/python2.7/site-packages/neutron/quota/resource.py:245
2018-09-29 06:01:33.352 11289 DEBUG neutron.quota.resource [req-f42780cb-42ef-4b7d-8ef8-db4b3a467053 85dbf824e72a464b94b45b2973d5dae2 914038f121464ccaa087e05c5ad3b056 - 00110ef487f54f08a06b80d5e9adbf47 00110ef487f54f08a06b80d5e9adbf47] Unset dirty status for tenant:914038f121464ccaa087e05c5ad3b056 on resource:port _resync /usr/lib/python2.7/site-packages/neutron/quota/resource.py:237
2018-09-29 06:01:33.354 11289 INFO neutron.wsgi [req-f42780cb-42ef-4b7d-8ef8-db4b3a467053 85dbf824e72a464b94b45b2973d5dae2 914038f121464ccaa087e05c5ad3b056 - 00110ef487f54f08a06b80d5e9adbf47 00110ef487f54f08a06b80d5e9adbf47] 10.0.20.36 "GET /v2.0/ports?device_id=ea462790-b867-4ec6-8c63-bbc0691eaa2f HTTP/1.1" status: 200  len: 1124 time: 0.9440110
2018-09-29 06:01:33.490 11289 INFO neutron.wsgi [req-d43795d3-0ecb-4200-bd50-21c030cc868d 85dbf824e72a464b94b45b2973d5dae2 914038f121464ccaa087e05c5ad3b056 - 00110ef487f54f08a06b80d5e9adbf47 00110ef487f54f08a06b80d5e9adbf47] 10.0.20.36 "GET /v2.0/security-groups?id=7cc1e06c-31cf-485c-832b-d82336319832 HTTP/1.1" status: 200  len: 2118 time: 0.1256490
2018-09-29 06:01:36.518 11289 INFO neutron.wsgi [req-70fd8362-455e-4bff-a5f4-95a006730caa 52db2c2bb2754474a9e626ac3befb2ef 2826c499828f44719ccb8a386423ec45 - default default] 10.0.20.36 "GET /v2.0/ports?tenant_id=dc327283937e4f4198717628ca646fc0&device_id=1593ea04-da82-4a14-9dee-23c8df42aef9 HTTP/1.1" status: 200  len: 1124 time: 0.1408010
2018-09-29 06:01:36.785 11289 DEBUG neutron.pecan_wsgi.hooks.policy_enforcement [req-e731251d-98d2-4eb3-9469-d9c027da3e76 52db2c2bb2754474a9e626ac3befb2ef 2826c499828f44719ccb8a386423ec45 - default default] Attributes excluded by policy engine: [u'vlan_transparent'] _exclude_attributes_by_policy /usr/lib/python2.7/site-packages/neutron/pecan_wsgi/hooks/policy_enforcement.py:256
2018-09-29 06:01:36.790 11289 INFO neutron.wsgi [req-e731251d-98d2-4eb3-9469-d9c027da3e76 52db2c2bb2754474a9e626ac3befb2ef 2826c499828f44719ccb8a386423ec45 - default default] 10.0.20.36 "GET /v2.0/networks?id=709ebed3-eabe-4183-8537-ae83061f168c HTTP/1.1" status: 200  len: 885 time: 0.2641549
2018-09-29 06:01:36.868 11289 INFO neutron.wsgi [req-ed771fcb-1db2-4d24-9cdf-01bfb5388e17 52db2c2bb2754474a9e626ac3befb2ef 2826c499828f44719ccb8a386423ec45 - default default] 10.0.20.36 "GET /v2.0/floatingips?fixed_ip_address=11.211.1.9&port_id=055d00d3-b189-4b1d-90a6-3982694a3ad1 HTTP/1.1" status: 200  len: 750 time: 0.0711010
2018-09-29 06:01:36.993 11289 DEBUG neutron.pecan_wsgi.hooks.policy_enforcement [req-f7f22847-7547-4232-aef3-5f6ee85ce54f 52db2c2bb2754474a9e626ac3befb2ef 2826c499828f44719ccb8a386423ec45 - default default] Attributes excluded by policy engine: [u'shared'] _exclude_attributes_by_policy /usr/lib/python2.7/site-packages/neutron/pecan_wsgi/hooks/policy_enforcement.py:256
2018-09-29 06:01:36.995 11289 INFO neutron.wsgi [req-f7f22847-7547-4232-aef3-5f6ee85ce54f 52db2c2bb2754474a9e626ac3befb2ef 2826c499828f44719ccb8a386423ec45 - default default] 10.0.20.36 "GET /v2.0/subnets?id=0d2611fb-9c30-42f8-a469-a1a1b216a34f HTTP/1.1" status: 200  len: 847 time: 0.1173041
2018-09-29 06:01:37.088 11289 INFO neutron.wsgi [req-a2436402-6bf0-454e-849c-eaade6cb7a3b 52db2c2bb2754474a9e626ac3befb2ef 2826c499828f44719ccb8a386423ec45 - default default] 10.0.20.36 "GET /v2.0/ports?network_id=709ebed3-eabe-4183-8537-ae83061f168c&device_owner=network%3Adhcp HTTP/1.1" status: 200  len: 1128 time: 0.0851269
2018-09-29 06:01:44.777 11289 DEBUG neutron.wsgi [-] (11289) accepted ('10.0.20.36', 33862) server /usr/lib/python2.7/site-packages/eventlet/wsgi.py:883
2018-09-29 06:01:45.012 11294 DEBUG neutron_lib.callbacks.manager [req-38fbab02-3c46-460f-93bb-5ed4d23fb905 - - - - -] Notify callbacks ['neutron.services.segments.db._update_segment_host_mapping_for_agent-8727433798826'] for agent, after_update _notify_loop /usr/lib/python2.7/site-packages/neutron_lib/callbacks/manager.py:167
2018-09-29 06:01:45.954 11289 INFO neutron.wsgi [req-21f9ecf7-65e3-43bd-872c-cda8717a23a1 85dbf824e72a464b94b45b2973d5dae2 914038f121464ccaa087e05c5ad3b056 - 00110ef487f54f08a06b80d5e9adbf47 00110ef487f54f08a06b80d5e9adbf47] 10.0.20.36 "GET /v2.0/ports?device_id=ea462790-b867-4ec6-8c63-bbc0691eaa2f HTTP/1.1" status: 200  len: 1124 time: 1.1749980
2018-09-29 06:01:46.063 11289 INFO neutron.wsgi [req-b0a53a52-09fc-4b71-abc1-8860236c90a9 85dbf824e72a464b94b45b2973d5dae2 914038f121464ccaa087e05c5ad3b056 - 00110ef487f54f08a06b80d5e9adbf47 00110ef487f54f08a06b80d5e9adbf47] 10.0.20.36 "GET /v2.0/security-groups?id=7cc1e06c-31cf-485c-832b-d82336319832 HTTP/1.1" status: 200  len: 2118 time: 0.1012299
2018-09-29 06:01:47.050 11295 DEBUG neutron_lib.callbacks.manager [req-9abf18ed-b23d-4e7d-98ed-f10cd3a34df1 - - - - -] Notify callbacks ['neutron.services.segments.db._update_segment_host_mapping_for_agent-8727433798826'] for agent, after_update _notify_loop /usr/lib/python2.7/site-packages/neutron_lib/callbacks/manager.py:167
2018-09-29 06:01:53.359 11297 DEBUG neutron_lib.callbacks.manager [req-0b9d0363-2afc-49a4-9fd8-c5d99f987650 - - - - -] Notify callbacks ['neutron.services.segments.db._update_segment_host_mapping_for_agent-8727433798826'] for agent, after_update _notify_loop /usr/lib/python2.7/site-packages/neutron_lib/callbacks/manager.py:167
2018-09-29 06:01:56.545 11286 INFO neutron.wsgi [req-5721ca3f-5454-4121-b966-53556bd98d83 85dbf824e72a464b94b45b2973d5dae2 914038f121464ccaa087e05c5ad3b056 - 00110ef487f54f08a06b80d5e9adbf47 00110ef487f54f08a06b80d5e9adbf47] 10.0.20.36 "GET /v2.0/ports?device_id=ea462790-b867-4ec6-8c63-bbc0691eaa2f HTTP/1.1" status: 200  len: 1124 time: 0.8053071
2018-09-29 06:01:56.629 11286 INFO neutron.wsgi [req-0110cc1c-3061-41f6-9960-9a7042a51c65 85dbf824e72a464b94b45b2973d5dae2 914038f121464ccaa087e05c5ad3b056 - 00110ef487f54f08a06b80d5e9adbf47 00110ef487f54f08a06b80d5e9adbf47] 10.0.20.36 "GET /v2.0/security-groups?id=7cc1e06c-31cf-485c-832b-d82336319832 HTTP/1.1" status: 200  len: 2118 time: 0.0791421
2018-09-29 06:01:57.537 11289 INFO neutron.wsgi [req-09e4eaf6-fcc7-4b61-8114-0eb612d96bc7 52db2c2bb2754474a9e626ac3befb2ef 2826c499828f44719ccb8a386423ec45 - default default] 10.0.20.36 "GET /v2.0/ports?tenant_id=914038f121464ccaa087e05c5ad3b056&device_id=ea462790-b867-4ec6-8c63-bbc0691eaa2f HTTP/1.1" status: 200  len: 1124 time: 0.3396499
2018-09-29 06:01:57.746 11289 DEBUG neutron.pecan_wsgi.hooks.policy_enforcement [req-2e1da0e8-7d69-4eb9-a05a-e1f83f8b87b8 52db2c2bb2754474a9e626ac3befb2ef 2826c499828f44719ccb8a386423ec45 - default default] Attributes excluded by policy engine: [u'vlan_transparent'] _exclude_attributes_by_policy /usr/lib/python2.7/site-packages/neutron/pecan_wsgi/hooks/policy_enforcement.py:256
2018-09-29 06:01:57.748 11289 INFO neutron.wsgi [req-2e1da0e8-7d69-4eb9-a05a-e1f83f8b87b8 52db2c2bb2754474a9e626ac3befb2ef 2826c499828f44719ccb8a386423ec45 - default default] 10.0.20.36 "GET /v2.0/networks?id=ba3e8531-8791-493b-9628-628e5b0c7783 HTTP/1.1" status: 200  len: 885 time: 0.2040970
2018-09-29 06:01:57.794 11289 INFO neutron.wsgi [req-b20a17d4-2454-4689-b87c-ab90f11f5363 52db2c2bb2754474a9e626ac3befb2ef 2826c499828f44719ccb8a386423ec45 - default default] 10.0.20.36 "GET /v2.0/floatingips?fixed_ip_address=11.64.1.10&port_id=743b3f31-c85a-49f4-873b-85daa5e45553 HTTP/1.1" status: 200  len: 751 time: 0.0396461
2018-09-29 06:01:57.898 11289 DEBUG neutron.pecan_wsgi.hooks.policy_enforcement [req-8565e8c7-c957-4510-bfa1-28e53ae543b2 52db2c2bb2754474a9e626ac3befb2ef 2826c499828f44719ccb8a386423ec45 - default default] Attributes excluded by policy engine: [u'shared'] _exclude_attributes_by_policy /usr/lib/python2.7/site-packages/neutron/pecan_wsgi/hooks/policy_enforcement.py:256
2018-09-29 06:01:57.900 11289 INFO neutron.wsgi [req-8565e8c7-c957-4510-bfa1-28e53ae543b2 52db2c2bb2754474a9e626ac3befb2ef 2826c499828f44719ccb8a386423ec45 - default default] 10.0.20.36 "GET /v2.0/subnets?id=77438e79-d63d-477e-b322-f3ca2ce8db65 HTTP/1.1" status: 200  len: 843 time: 0.0981870
2018-09-29 06:01:58.020 11289 INFO neutron.wsgi [req-31f1fe2c-90b5-41e7-a9b7-ed3b1f80494f 52db2c2bb2754474a9e626ac3befb2ef 2826c499828f44719ccb8a386423ec45 - default default] 10.0.20.36 "GET /v2.0/ports?network_id=ba3e8531-8791-493b-9628-628e5b0c7783&device_owner=network%3Adhcp HTTP/1.1" status: 200  len: 1127 time: 0.1135030
2018-09-29 06:01:59.165 11296 DEBUG neutron_lib.callbacks.manager [req-b0c7830b-8cdd-468f-8475-c50a3ae31c85 - - - - -] Notify callbacks ['neutron.services.segments.db._update_segment_host_mapping_for_agent-8727433798826'] for agent, after_update _notify_loop /usr/lib/python2.7/site-packages/neutron_lib/callbacks/manager.py:167
2018-09-29 06:01:59.870 11299 DEBUG neutron_lib.callbacks.manager [req-7dc384cf-1f7c-42ab-91b6-7c457d87a420 - - - - -] Notify callbacks ['neutron.services.segments.db._update_segment_host_mapping_for_agent-8727433798826'] for agent, after_update _notify_loop /usr/lib/python2.7/site-packages/neutron_lib/callbacks/manager.py:167
2018-09-29 06:02:00.848 11296 DEBUG neutron.plugins.ml2.rpc [req-0b9d0363-2afc-49a4-9fd8-c5d99f987650 - - - - -] Device 743b3f31-c85a-49f4-873b-85daa5e45553 no longer exists at agent ovs-agent-localhost.localdomain update_device_down /usr/lib/python2.7/site-packages/neutron/plugins/ml2/rpc.py:213
2018-09-29 06:02:01.095 11296 DEBUG neutron_lib.callbacks.manager [req-0b9d0363-2afc-49a4-9fd8-c5d99f987650 - - - - -] Notify callbacks ['neutron.plugins.ml2.plugin.Ml2Plugin._ensure_default_security_group_handler-4046911'] for port, before_update _notify_loop /usr/lib/python2.7/site-packages/neutron_lib/callbacks/manager.py:167
2018-09-29 06:02:01.246 11296 DEBUG oslo_concurrency.lockutils [-] Lock "notifier-accb5b48-284d-4f7f-aff3-5f6b30c48019" acquired by "neutron.notifiers.batch_notifier.synced_send" :: waited 0.000s inner /usr/lib/python2.7/site-packages/oslo_concurrency/lockutils.py:270
2018-09-29 06:02:01.248 11296 DEBUG neutron.notifiers.nova [-] Sending events: [{'status': 'completed', 'tag': u'743b3f31-c85a-49f4-873b-85daa5e45553', 'name': 'network-vif-unplugged', 'server_uuid': u'ea462790-b867-4ec6-8c63-bbc0691eaa2f'}] send_events /usr/lib/python2.7/site-packages/neutron/notifiers/nova.py:242
2018-09-29 06:02:01.290 11296 DEBUG neutron.plugins.ml2.db [req-0b9d0363-2afc-49a4-9fd8-c5d99f987650 - - - - -] For port 743b3f31-c85a-49f4-873b-85daa5e45553, host localhost.localdomain, got binding levels [<neutron.plugins.ml2.models.PortBindingLevel[object at 7f003866fdd0] {port_id=u'743b3f31-c85a-49f4-873b-85daa5e45553', host=u'localhost.localdomain', level=0, driver=u'openvswitch', segment_id=u'94b586c5-e262-42b8-b12c-ba6fbc8dac72'}>] get_binding_levels /usr/lib/python2.7/site-packages/neutron/plugins/ml2/db.py:106
2018-09-29 06:02:01.327 11296 DEBUG neutron_lib.callbacks.manager [req-0b9d0363-2afc-49a4-9fd8-c5d99f987650 - - - - -] Notify callbacks ['neutron.db.l3_hascheduler_db._notify_l3_agent_ha_port_update-8727433438243', 'neutron.api.rpc.agentnotifiers.dhcp_rpc_agent_api.DhcpAgentNotifyAPI._native_event_send_dhcp_notification-943274', 'neutron.plugins.ml2.ovo_rpc._ObjectChangeHandler.handle_event--9223372036854197342', 'neutron.db.l3_dvrscheduler_db._notify_l3_agent_port_update--9223363309421338417', 'neutron.plugins.ml2.plugin.Ml2Plugin.notify_sg_on_port_change-4062360'] for port, after_update _notify_loop /usr/lib/python2.7/site-packages/neutron_lib/callbacks/manager.py:167
2018-09-29 06:02:01.349 11296 DEBUG oslo_concurrency.lockutils [-] Lock "event-dispatch" acquired by "neutron.plugins.ml2.ovo_rpc.dispatch_events" :: waited 0.000s inner /usr/lib/python2.7/site-packages/oslo_concurrency/lockutils.py:270
2018-09-29 06:02:01.527 11296 DEBUG neutron.api.rpc.handlers.resources_rpc [req-0b9d0363-2afc-49a4-9fd8-c5d99f987650 - - - - -] neutron.api.rpc.handlers.resources_rpc.ResourcesPushRpcApi method push called with arguments (<neutron_lib.context.Context object at 0x7f00385d4090>, [Port(admin_state_up=True,allowed_address_pairs=[],binding=PortBinding,binding_levels=[PortBindingLevel],created_at=2018-09-29T09:59:24Z,data_plane_status=<?>,description='',device_id='ea462790-b867-4ec6-8c63-bbc0691eaa2f',device_owner='compute:nova',dhcp_options=[],distributed_binding=None,dns=None,fixed_ips=[IPAllocation],id=743b3f31-c85a-49f4-873b-85daa5e45553,mac_address=fa:16:3e:80:db:eb,name='',network_id=ba3e8531-8791-493b-9628-628e5b0c7783,project_id='914038f121464ccaa087e05c5ad3b056',qos_policy_id=None,revision_number=7,security=PortSecurity(743b3f31-c85a-49f4-873b-85daa5e45553),security_group_ids=set([7cc1e06c-31cf-485c-832b-d82336319832]),status='DOWN',updated_at=2018-09-29T10:02:01Z)], 'updated') {} wrapper /usr/lib/python2.7/site-packages/oslo_log/helpers.py:66
2018-09-29 06:02:01.559 11296 DEBUG neutron.api.rpc.callbacks.version_manager [req-0b9d0363-2afc-49a4-9fd8-c5d99f987650 - - - - -] Version for resource type Subnet changed None to 1.0 on consumer Open vSwitch agent@localhost.localdomain _set_version /usr/lib/python2.7/site-packages/neutron/api/rpc/callbacks/version_manager.py:119
2018-09-29 06:02:01.560 11296 DEBUG neutron.api.rpc.callbacks.version_manager [req-0b9d0363-2afc-49a4-9fd8-c5d99f987650 - - - - -] Version for resource type Network changed None to 1.0 on consumer Open vSwitch agent@localhost.localdomain _set_version /usr/lib/python2.7/site-packages/neutron/api/rpc/callbacks/version_manager.py:119
2018-09-29 06:02:01.565 11296 DEBUG neutron.api.rpc.callbacks.version_manager [req-0b9d0363-2afc-49a4-9fd8-c5d99f987650 - - - - -] Version for resource type SubPort changed None to 1.0 on consumer Open vSwitch agent@localhost.localdomain _set_version /usr/lib/python2.7/site-packages/neutron/api/rpc/callbacks/version_manager.py:119
2018-09-29 06:02:01.566 11296 DEBUG neutron.api.rpc.callbacks.version_manager [req-0b9d0363-2afc-49a4-9fd8-c5d99f987650 - - - - -] Version for resource type SecurityGroup changed None to 1.0 on consumer Open vSwitch agent@localhost.localdomain _set_version /usr/lib/python2.7/site-packages/neutron/api/rpc/callbacks/version_manager.py:119
2018-09-29 06:02:01.566 11296 DEBUG neutron.api.rpc.callbacks.version_manager [req-0b9d0363-2afc-49a4-9fd8-c5d99f987650 - - - - -] Version for resource type SecurityGroupRule changed None to 1.0 on consumer Open vSwitch agent@localhost.localdomain _set_version /usr/lib/python2.7/site-packages/neutron/api/rpc/callbacks/version_manager.py:119
2018-09-29 06:02:01.567 11296 DEBUG neutron.api.rpc.callbacks.version_manager [req-0b9d0363-2afc-49a4-9fd8-c5d99f987650 - - - - -] Version for resource type Trunk changed None to 1.1 on consumer Open vSwitch agent@localhost.localdomain _set_version /usr/lib/python2.7/site-packages/neutron/api/rpc/callbacks/version_manager.py:119
2018-09-29 06:02:01.567 11296 DEBUG neutron.api.rpc.callbacks.version_manager [req-0b9d0363-2afc-49a4-9fd8-c5d99f987650 - - - - -] Version for resource type QosPolicy changed None to 1.6 on consumer Open vSwitch agent@localhost.localdomain _set_version /usr/lib/python2.7/site-packages/neutron/api/rpc/callbacks/version_manager.py:119
2018-09-29 06:02:01.568 11296 DEBUG neutron.api.rpc.callbacks.version_manager [req-0b9d0363-2afc-49a4-9fd8-c5d99f987650 - - - - -] Version for resource type Port changed None to 1.1 on consumer Open vSwitch agent@localhost.localdomain _set_version /usr/lib/python2.7/site-packages/neutron/api/rpc/callbacks/version_manager.py:119
2018-09-29 06:02:01.568 11296 DEBUG neutron.api.rpc.callbacks.version_manager [req-0b9d0363-2afc-49a4-9fd8-c5d99f987650 - - - - -] Version for resource type Log changed None to 1.0 on consumer Open vSwitch agent@localhost.localdomain _set_version /usr/lib/python2.7/site-packages/neutron/api/rpc/callbacks/version_manager.py:119
2018-09-29 06:02:01.586 11296 DEBUG oslo_concurrency.lockutils [req-0b9d0363-2afc-49a4-9fd8-c5d99f987650 - - - - -] Lock "event-dispatch" released by "neutron.plugins.ml2.ovo_rpc.dispatch_events" :: held 0.236s inner /usr/lib/python2.7/site-packages/oslo_concurrency/lockutils.py:282
2018-09-29 06:02:02.306 11296 DEBUG novaclient.v2.client [-] REQ: curl -g -i -X POST http://10.0.20.36:8774/v2.1/2826c499828f44719ccb8a386423ec45/os-server-external-events -H "User-Agent: python-novaclient" -H "Content-Type: application/json" -H "Accept: application/json" -H "X-OpenStack-Nova-API-Version: 2.1" -H "X-Auth-Token: {SHA1}0a018080e194630bc4e5b94f89bab78791a2b57e" -d '{"events": [{"status": "completed", "tag": "743b3f31-c85a-49f4-873b-85daa5e45553", "name": "network-vif-unplugged", "server_uuid": "ea462790-b867-4ec6-8c63-bbc0691eaa2f"}]}' _http_log_request /usr/lib/python2.7/site-packages/keystoneauth1/session.py:375
2018-09-29 06:02:02.911 11295 DEBUG neutron.plugins.ml2.rpc [req-0b9d0363-2afc-49a4-9fd8-c5d99f987650 - - - - -] Device 743b3f31-c85a-49f4-873b-85daa5e45553 up at agent ovs-agent-localhost.localdomain update_device_up /usr/lib/python2.7/site-packages/neutron/plugins/ml2/rpc.py:244
2018-09-29 06:02:03.064 11295 DEBUG neutron.db.provisioning_blocks [req-0b9d0363-2afc-49a4-9fd8-c5d99f987650 - - - - -] Provisioning complete for port 743b3f31-c85a-49f4-873b-85daa5e45553 triggered by entity L2. provisioning_complete /usr/lib/python2.7/site-packages/neutron/db/provisioning_blocks.py:138
2018-09-29 06:02:03.065 11295 DEBUG neutron_lib.callbacks.manager [req-0b9d0363-2afc-49a4-9fd8-c5d99f987650 - - - - -] Notify callbacks ['neutron.plugins.ml2.plugin.Ml2Plugin._port_provisioned--9223372036851174432'] for port, provisioning_complete _notify_loop /usr/lib/python2.7/site-packages/neutron_lib/callbacks/manager.py:167
2018-09-29 06:02:03.253 11295 DEBUG neutron_lib.callbacks.manager [req-0b9d0363-2afc-49a4-9fd8-c5d99f987650 - - - - -] Notify callbacks ['neutron.plugins.ml2.plugin.Ml2Plugin._ensure_default_security_group_handler-4046911'] for port, before_update _notify_loop /usr/lib/python2.7/site-packages/neutron_lib/callbacks/manager.py:167
2018-09-29 06:02:03.358 11295 DEBUG neutron.plugins.ml2.db [req-0b9d0363-2afc-49a4-9fd8-c5d99f987650 - - - - -] For port 743b3f31-c85a-49f4-873b-85daa5e45553, host localhost.localdomain, got binding levels [<neutron.plugins.ml2.models.PortBindingLevel[object at 7f0038817110] {port_id=u'743b3f31-c85a-49f4-873b-85daa5e45553', host=u'localhost.localdomain', level=0, driver=u'openvswitch', segment_id=u'94b586c5-e262-42b8-b12c-ba6fbc8dac72'}>] get_binding_levels /usr/lib/python2.7/site-packages/neutron/plugins/ml2/db.py:106
2018-09-29 06:02:03.361 11295 DEBUG oslo_concurrency.lockutils [-] Lock "notifier-accb5b48-284d-4f7f-aff3-5f6b30c48019" acquired by "neutron.notifiers.batch_notifier.synced_send" :: waited 0.000s inner /usr/lib/python2.7/site-packages/oslo_concurrency/lockutils.py:270
2018-09-29 06:02:03.361 11295 DEBUG neutron.notifiers.nova [-] Sending events: [{'status': 'completed', 'tag': u'743b3f31-c85a-49f4-873b-85daa5e45553', 'name': 'network-vif-plugged', 'server_uuid': u'ea462790-b867-4ec6-8c63-bbc0691eaa2f'}] send_events /usr/lib/python2.7/site-packages/neutron/notifiers/nova.py:242
2018-09-29 06:02:03.386 11295 DEBUG neutron_lib.callbacks.manager [req-0b9d0363-2afc-49a4-9fd8-c5d99f987650 - - - - -] Notify callbacks ['neutron.db.l3_hascheduler_db._notify_l3_agent_ha_port_update-8727433438243', 'neutron.api.rpc.agentnotifiers.dhcp_rpc_agent_api.DhcpAgentNotifyAPI._native_event_send_dhcp_notification-943274', 'neutron.plugins.ml2.ovo_rpc._ObjectChangeHandler.handle_event--9223372036854197342', 'neutron.db.l3_dvrscheduler_db._notify_l3_agent_port_update--9223363309421338417', 'neutron.plugins.ml2.plugin.Ml2Plugin.notify_sg_on_port_change-4062360'] for port, after_update _notify_loop /usr/lib/python2.7/site-packages/neutron_lib/callbacks/manager.py:167
2018-09-29 06:02:03.405 11295 DEBUG oslo_concurrency.lockutils [-] Lock "event-dispatch" acquired by "neutron.plugins.ml2.ovo_rpc.dispatch_events" :: waited 0.000s inner /usr/lib/python2.7/site-packages/oslo_concurrency/lockutils.py:270
2018-09-29 06:02:03.457 11296 DEBUG novaclient.v2.client [-] RESP: [200] Content-Length: 185 Content-Type: application/json Openstack-Api-Version: compute 2.1 X-Openstack-Nova-Api-Version: 2.1 Vary: OpenStack-API-Version, X-OpenStack-Nova-API-Version X-Openstack-Request-Id: req-fe4ee511-ef14-425b-b7b7-f231b6ab4803 X-Compute-Request-Id: req-fe4ee511-ef14-425b-b7b7-f231b6ab4803 Date: Sat, 29 Sep 2018 10:02:03 GMT Connection: keep-alive 
RESP BODY: {"events": [{"status": "completed", "tag": "743b3f31-c85a-49f4-873b-85daa5e45553", "name": "network-vif-unplugged", "server_uuid": "ea462790-b867-4ec6-8c63-bbc0691eaa2f", "code": 200}]}
 _http_log_response /usr/lib/python2.7/site-packages/keystoneauth1/session.py:423
2018-09-29 06:02:03.457 11296 DEBUG novaclient.v2.client [-] POST call to compute for http://10.0.20.36:8774/v2.1/2826c499828f44719ccb8a386423ec45/os-server-external-events used request id req-fe4ee511-ef14-425b-b7b7-f231b6ab4803 request /usr/lib/python2.7/site-packages/keystoneauth1/session.py:727
2018-09-29 06:02:03.464 11296 INFO neutron.notifiers.nova [-] Nova event response: {u'status': u'completed', u'tag': u'743b3f31-c85a-49f4-873b-85daa5e45553', u'name': u'network-vif-unplugged', u'server_uuid': u'ea462790-b867-4ec6-8c63-bbc0691eaa2f', u'code': 200}
2018-09-29 06:02:03.579 11295 DEBUG neutron.api.rpc.handlers.resources_rpc [req-0b9d0363-2afc-49a4-9fd8-c5d99f987650 - - - - -] neutron.api.rpc.handlers.resources_rpc.ResourcesPushRpcApi method push called with arguments (<neutron_lib.context.Context object at 0x7f0038a49f50>, [Port(admin_state_up=True,allowed_address_pairs=[],binding=PortBinding,binding_levels=[PortBindingLevel],created_at=2018-09-29T09:59:24Z,data_plane_status=<?>,description='',device_id='ea462790-b867-4ec6-8c63-bbc0691eaa2f',device_owner='compute:nova',dhcp_options=[],distributed_binding=None,dns=None,fixed_ips=[IPAllocation],id=743b3f31-c85a-49f4-873b-85daa5e45553,mac_address=fa:16:3e:80:db:eb,name='',network_id=ba3e8531-8791-493b-9628-628e5b0c7783,project_id='914038f121464ccaa087e05c5ad3b056',qos_policy_id=None,revision_number=8,security=PortSecurity(743b3f31-c85a-49f4-873b-85daa5e45553),security_group_ids=set([7cc1e06c-31cf-485c-832b-d82336319832]),status='ACTIVE',updated_at=2018-09-29T10:02:03Z)], 'updated') {} wrapper /usr/lib/python2.7/site-packages/oslo_log/helpers.py:66
2018-09-29 06:02:03.594 11295 DEBUG neutron.api.rpc.callbacks.version_manager [req-0b9d0363-2afc-49a4-9fd8-c5d99f987650 - - - - -] Version for resource type Subnet changed None to 1.0 on consumer Open vSwitch agent@localhost.localdomain _set_version /usr/lib/python2.7/site-packages/neutron/api/rpc/callbacks/version_manager.py:119
2018-09-29 06:02:03.594 11295 DEBUG neutron.api.rpc.callbacks.version_manager [req-0b9d0363-2afc-49a4-9fd8-c5d99f987650 - - - - -] Version for resource type Network changed None to 1.0 on consumer Open vSwitch agent@localhost.localdomain _set_version /usr/lib/python2.7/site-packages/neutron/api/rpc/callbacks/version_manager.py:119
2018-09-29 06:02:03.595 11295 DEBUG neutron.api.rpc.callbacks.version_manager [req-0b9d0363-2afc-49a4-9fd8-c5d99f987650 - - - - -] Version for resource type SubPort changed None to 1.0 on consumer Open vSwitch agent@localhost.localdomain _set_version /usr/lib/python2.7/site-packages/neutron/api/rpc/callbacks/version_manager.py:119
2018-09-29 06:02:03.596 11295 DEBUG neutron.api.rpc.callbacks.version_manager [req-0b9d0363-2afc-49a4-9fd8-c5d99f987650 - - - - -] Version for resource type SecurityGroup changed None to 1.0 on consumer Open vSwitch agent@localhost.localdomain _set_version /usr/lib/python2.7/site-packages/neutron/api/rpc/callbacks/version_manager.py:119
2018-09-29 06:02:03.596 11295 DEBUG neutron.api.rpc.callbacks.version_manager [req-0b9d0363-2afc-49a4-9fd8-c5d99f987650 - - - - -] Version for resource type SecurityGroupRule changed None to 1.0 on consumer Open vSwitch agent@localhost.localdomain _set_version /usr/lib/python2.7/site-packages/neutron/api/rpc/callbacks/version_manager.py:119
2018-09-29 06:02:03.597 11295 DEBUG neutron.api.rpc.callbacks.version_manager [req-0b9d0363-2afc-49a4-9fd8-c5d99f987650 - - - - -] Version for resource type Trunk changed None to 1.1 on consumer Open vSwitch agent@localhost.localdomain _set_version /usr/lib/python2.7/site-packages/neutron/api/rpc/callbacks/version_manager.py:119
2018-09-29 06:02:03.598 11295 DEBUG neutron.api.rpc.callbacks.version_manager [req-0b9d0363-2afc-49a4-9fd8-c5d99f987650 - - - - -] Version for resource type QosPolicy changed None to 1.6 on consumer Open vSwitch agent@localhost.localdomain _set_version /usr/lib/python2.7/site-packages/neutron/api/rpc/callbacks/version_manager.py:119
2018-09-29 06:02:03.598 11295 DEBUG neutron.api.rpc.callbacks.version_manager [req-0b9d0363-2afc-49a4-9fd8-c5d99f987650 - - - - -] Version for resource type Port changed None to 1.1 on consumer Open vSwitch agent@localhost.localdomain _set_version /usr/lib/python2.7/site-packages/neutron/api/rpc/callbacks/version_manager.py:119
2018-09-29 06:02:03.599 11295 DEBUG neutron.api.rpc.callbacks.version_manager [req-0b9d0363-2afc-49a4-9fd8-c5d99f987650 - - - - -] Version for resource type Log changed None to 1.0 on consumer Open vSwitch agent@localhost.localdomain _set_version /usr/lib/python2.7/site-packages/neutron/api/rpc/callbacks/version_manager.py:119
2018-09-29 06:02:03.621 11295 DEBUG oslo_concurrency.lockutils [req-0b9d0363-2afc-49a4-9fd8-c5d99f987650 - - - - -] Lock "event-dispatch" released by "neutron.plugins.ml2.ovo_rpc.dispatch_events" :: held 0.216s inner /usr/lib/python2.7/site-packages/oslo_concurrency/lockutils.py:282
2018-09-29 06:02:03.717 11289 INFO neutron.wsgi [req-667ab0cc-ea07-40aa-8c95-41bca6d58fa1 85dbf824e72a464b94b45b2973d5dae2 914038f121464ccaa087e05c5ad3b056 - 00110ef487f54f08a06b80d5e9adbf47 00110ef487f54f08a06b80d5e9adbf47] 10.0.20.36 "GET /v2.0/ports?device_id=ea462790-b867-4ec6-8c63-bbc0691eaa2f HTTP/1.1" status: 200  len: 1124 time: 0.6693611
2018-09-29 06:02:03.839 11289 INFO neutron.wsgi [req-362b7af5-59a8-4ed0-99f4-f70e5de08182 85dbf824e72a464b94b45b2973d5dae2 914038f121464ccaa087e05c5ad3b056 - 00110ef487f54f08a06b80d5e9adbf47 00110ef487f54f08a06b80d5e9adbf47] 10.0.20.36 "GET /v2.0/security-groups?id=7cc1e06c-31cf-485c-832b-d82336319832 HTTP/1.1" status: 200  len: 2118 time: 0.1155250
2018-09-29 06:02:04.482 11295 DEBUG novaclient.v2.client [-] REQ: curl -g -i -X POST http://10.0.20.36:8774/v2.1/2826c499828f44719ccb8a386423ec45/os-server-external-events -H "User-Agent: python-novaclient" -H "Content-Type: application/json" -H "Accept: application/json" -H "X-OpenStack-Nova-API-Version: 2.1" -H "X-Auth-Token: {SHA1}a26ab6614233304c0722b7a2bcc0c89c68787260" -d '{"events": [{"status": "completed", "tag": "743b3f31-c85a-49f4-873b-85daa5e45553", "name": "network-vif-plugged", "server_uuid": "ea462790-b867-4ec6-8c63-bbc0691eaa2f"}]}' _http_log_request /usr/lib/python2.7/site-packages/keystoneauth1/session.py:375
2018-09-29 06:02:04.840 11294 DEBUG neutron.plugins.ml2.rpc [req-0b9d0363-2afc-49a4-9fd8-c5d99f987650 - - - - -] Device 743b3f31-c85a-49f4-873b-85daa5e45553 up at agent ovs-agent-localhost.localdomain update_device_up /usr/lib/python2.7/site-packages/neutron/plugins/ml2/rpc.py:244
2018-09-29 06:02:05.016 11294 DEBUG neutron.db.provisioning_blocks [req-0b9d0363-2afc-49a4-9fd8-c5d99f987650 - - - - -] Provisioning complete for port 743b3f31-c85a-49f4-873b-85daa5e45553 triggered by entity L2. provisioning_complete /usr/lib/python2.7/site-packages/neutron/db/provisioning_blocks.py:138
2018-09-29 06:02:05.018 11294 DEBUG neutron_lib.callbacks.manager [req-0b9d0363-2afc-49a4-9fd8-c5d99f987650 - - - - -] Notify callbacks ['neutron.plugins.ml2.plugin.Ml2Plugin._port_provisioned--9223372036851174432'] for port, provisioning_complete _notify_loop /usr/lib/python2.7/site-packages/neutron_lib/callbacks/manager.py:167
2018-09-29 06:02:05.225 11295 DEBUG novaclient.v2.client [-] RESP: [200] Content-Length: 183 Content-Type: application/json Openstack-Api-Version: compute 2.1 X-Openstack-Nova-Api-Version: 2.1 Vary: OpenStack-API-Version, X-OpenStack-Nova-API-Version X-Openstack-Request-Id: req-64a4560c-bc15-4d51-9b4f-e0a72f0e3c37 X-Compute-Request-Id: req-64a4560c-bc15-4d51-9b4f-e0a72f0e3c37 Date: Sat, 29 Sep 2018 10:02:05 GMT Connection: keep-alive 
RESP BODY: {"events": [{"status": "completed", "tag": "743b3f31-c85a-49f4-873b-85daa5e45553", "name": "network-vif-plugged", "server_uuid": "ea462790-b867-4ec6-8c63-bbc0691eaa2f", "code": 200}]}
 _http_log_response /usr/lib/python2.7/site-packages/keystoneauth1/session.py:423
2018-09-29 06:02:05.226 11295 DEBUG novaclient.v2.client [-] POST call to compute for http://10.0.20.36:8774/v2.1/2826c499828f44719ccb8a386423ec45/os-server-external-events used request id req-64a4560c-bc15-4d51-9b4f-e0a72f0e3c37 request /usr/lib/python2.7/site-packages/keystoneauth1/session.py:727
2018-09-29 06:02:05.237 11295 INFO neutron.notifiers.nova [-] Nova event response: {u'status': u'completed', u'tag': u'743b3f31-c85a-49f4-873b-85daa5e45553', u'name': u'network-vif-plugged', u'server_uuid': u'ea462790-b867-4ec6-8c63-bbc0691eaa2f', u'code': 200}
2018-09-29 06:02:05.467 11296 DEBUG oslo_concurrency.lockutils [-] Lock "notifier-accb5b48-284d-4f7f-aff3-5f6b30c48019" released by "neutron.notifiers.batch_notifier.synced_send" :: held 4.221s inner /usr/lib/python2.7/site-packages/oslo_concurrency/lockutils.py:282
2018-09-29 06:02:07.239 11295 DEBUG oslo_concurrency.lockutils [-] Lock "notifier-accb5b48-284d-4f7f-aff3-5f6b30c48019" released by "neutron.notifiers.batch_notifier.synced_send" :: held 3.878s inner /usr/lib/python2.7/site-packages/oslo_concurrency/lockutils.py:282
2018-09-29 06:02:07.908 11301 DEBUG neutron.db.agents_db [req-c446fa3e-1b2c-45f4-a6e2-bc0e2a61f000 - - - - -] Agent healthcheck: found 5 active agents agent_health_check /usr/lib/python2.7/site-packages/neutron/db/agents_db.py:281
2018-09-29 06:02:15.008 11300 DEBUG neutron_lib.callbacks.manager [req-38fbab02-3c46-460f-93bb-5ed4d23fb905 - - - - -] Notify callbacks ['neutron.services.segments.db._update_segment_host_mapping_for_agent-8727433798826'] for agent, after_update _notify_loop /usr/lib/python2.7/site-packages/neutron_lib/callbacks/manager.py:167
2018-09-29 06:02:17.059 11298 DEBUG neutron_lib.callbacks.manager [req-6bc3d2cb-911e-4ee5-99fd-4c4fdc5c5742 - - - - -] Notify callbacks ['neutron.services.segments.db._update_segment_host_mapping_for_agent-8727433798826'] for agent, after_update _notify_loop /usr/lib/python2.7/site-packages/neutron_lib/callbacks/manager.py:167
2018-09-29 06:02:23.367 11293 DEBUG neutron_lib.callbacks.manager [req-0b9d0363-2afc-49a4-9fd8-c5d99f987650 - - - - -] Notify callbacks ['neutron.services.segments.db._update_segment_host_mapping_for_agent-8727433798826'] for agent, after_update _notify_loop /usr/lib/python2.7/site-packages/neutron_lib/callbacks/manager.py:167
2018-09-29 06:02:25.617 11286 INFO neutron.wsgi [req-4e5b78f4-52da-493d-963e-ba3987860286 52db2c2bb2754474a9e626ac3befb2ef 2826c499828f44719ccb8a386423ec45 - default default] 10.0.20.36 "GET /v2.0/ports?device_id=ea462790-b867-4ec6-8c63-bbc0691eaa2f HTTP/1.1" status: 200  len: 1124 time: 0.1116269
2018-09-29 06:02:25.753 11286 INFO neutron.wsgi [req-bf64f378-2fb5-4fdb-98c5-7aaeebe03fa6 52db2c2bb2754474a9e626ac3befb2ef 2826c499828f44719ccb8a386423ec45 - default default] 10.0.20.36 "GET /v2.0/security-groups?id=7cc1e06c-31cf-485c-832b-d82336319832 HTTP/1.1" status: 200  len: 2118 time: 0.1274199
2018-09-29 06:02:27.322 11291 DEBUG neutron.wsgi [-] (11291) accepted ('10.0.20.36', 35060) server /usr/lib/python2.7/site-packages/eventlet/wsgi.py:883
2018-09-29 06:02:27.961 11291 INFO neutron.wsgi [req-82c9208e-f8ee-4419-86ca-0b16e5998711 52db2c2bb2754474a9e626ac3befb2ef 2826c499828f44719ccb8a386423ec45 - default default] 10.0.20.36 "GET /v2.0/ports?device_id=ea462790-b867-4ec6-8c63-bbc0691eaa2f HTTP/1.1" status: 200  len: 1124 time: 0.6359360
2018-09-29 06:02:28.086 11291 INFO neutron.wsgi [req-afba45e2-1b3d-4ca7-b39c-97cd2d3692d4 52db2c2bb2754474a9e626ac3befb2ef 2826c499828f44719ccb8a386423ec45 - default default] 10.0.20.36 "GET /v2.0/security-groups?id=7cc1e06c-31cf-485c-832b-d82336319832 HTTP/1.1" status: 200  len: 2118 time: 0.1164429
2018-09-29 06:02:29.167 11292 DEBUG neutron_lib.callbacks.manager [req-b0c7830b-8cdd-468f-8475-c50a3ae31c85 - - - - -] Notify callbacks ['neutron.services.segments.db._update_segment_host_mapping_for_agent-8727433798826'] for agent, after_update _notify_loop /usr/lib/python2.7/site-packages/neutron_lib/callbacks/manager.py:167
2018-09-29 06:02:29.795 11289 INFO neutron.wsgi [req-e0218fa9-cb75-4eb5-bb27-3736d8d4acbf 52db2c2bb2754474a9e626ac3befb2ef 2826c499828f44719ccb8a386423ec45 - default default] 10.0.20.36 "GET /v2.0/ports?device_id=ea462790-b867-4ec6-8c63-bbc0691eaa2f HTTP/1.1" status: 200  len: 1124 time: 0.1152110
2018-09-29 06:02:29.873 11294 DEBUG neutron_lib.callbacks.manager [req-de46026b-4b78-4fe7-83ba-c4069cae58a1 - - - - -] Notify callbacks ['neutron.services.segments.db._update_segment_host_mapping_for_agent-8727433798826'] for agent, after_update _notify_loop /usr/lib/python2.7/site-packages/neutron_lib/callbacks/manager.py:167
2018-09-29 06:02:29.922 11289 INFO neutron.wsgi [req-71f83c87-8390-4b7a-89bf-0b3c1f4ef35d 52db2c2bb2754474a9e626ac3befb2ef 2826c499828f44719ccb8a386423ec45 - default default] 10.0.20.36 "GET /v2.0/security-groups?id=7cc1e06c-31cf-485c-832b-d82336319832 HTTP/1.1" status: 200  len: 2118 time: 0.1212840
