2018-09-14 01:09:43.554 30158 DEBUG oslo_concurrency.lockutils [-] Lock "event-dispatch" acquired by "neutron.plugins.ml2.ovo_rpc.dispatch_events" :: waited 0.000s inner /usr/lib/python2.7/site-packages/oslo_concurrency/lockutils.py:270
2018-09-14 01:09:43.757 30158 DEBUG neutron.api.rpc.handlers.resources_rpc [req-91d2a979-b9e7-404a-8266-bd68477f3cf2 - - - - -] neutron.api.rpc.handlers.resources_rpc.ResourcesPushRpcApi method push called with arguments (<neutron_lib.context.Context object at 0x7f94976fda50>, [Port(admin_state_up=True,allowed_address_pairs=[],binding=PortBinding,binding_levels=[PortBindingLevel],created_at=2018-09-14T05:09:34Z,data_plane_status=<?>,description='',device_id='6cc38e3c-8c37-44c3-a3b2-8aafeca153bc',device_owner='compute:nova',dhcp_options=[],distributed_binding=None,dns=None,fixed_ips=[IPAllocation],id=9afaa6f5-a608-4a8f-929e-12e4c26436d7,mac_address=fa:16:3e:5b:bc:bb,name='',network_id=805aed6b-776e-4cd3-9000-43df11a283bc,project_id='f4b8aa14ab144c71ad8c02aaabb0b4f4',qos_policy_id=None,revision_number=6,security=PortSecurity(9afaa6f5-a608-4a8f-929e-12e4c26436d7),security_group_ids=set([1c43567c-ebc3-4aa6-be75-d98d3db2acc7]),status='ACTIVE',updated_at=2018-09-14T05:09:42Z)], 'updated') {} wrapper /usr/lib/python2.7/site-packages/oslo_log/helpers.py:66
2018-09-14 01:09:43.789 30158 DEBUG oslo_concurrency.lockutils [req-91d2a979-b9e7-404a-8266-bd68477f3cf2 - - - - -] Lock "event-dispatch" released by "neutron.plugins.ml2.ovo_rpc.dispatch_events" :: held 0.235s inner /usr/lib/python2.7/site-packages/oslo_concurrency/lockutils.py:282
2018-09-14 01:09:44.127 30158 DEBUG novaclient.v2.client [-] REQ: curl -g -i -X POST http://10.0.20.25:8774/v2.1/671ea1986554476bbcaa620e00697d23/os-server-external-events -H "User-Agent: python-novaclient" -H "Content-Type: application/json" -H "Accept: application/json" -H "X-OpenStack-Nova-API-Version: 2.1" -H "X-Auth-Token: {SHA1}df1477bff8c15ce329f27a05a0854e72a3c37d9e" -d '{"events": [{"status": "completed", "tag": "9afaa6f5-a608-4a8f-929e-12e4c26436d7", "name": "network-vif-plugged", "server_uuid": "6cc38e3c-8c37-44c3-a3b2-8aafeca153bc"}]}' _http_log_request /usr/lib/python2.7/site-packages/keystoneauth1/session.py:375
2018-09-14 01:09:44.252 30162 DEBUG neutron.plugins.ml2.rpc [req-91d2a979-b9e7-404a-8266-bd68477f3cf2 - - - - -] Device 9afaa6f5-a608-4a8f-929e-12e4c26436d7 up at agent ovs-agent-localhost.localdomain update_device_up /usr/lib/python2.7/site-packages/neutron/plugins/ml2/rpc.py:244
2018-09-14 01:09:44.365 30162 DEBUG neutron.db.provisioning_blocks [req-91d2a979-b9e7-404a-8266-bd68477f3cf2 - - - - -] Provisioning complete for port 9afaa6f5-a608-4a8f-929e-12e4c26436d7 triggered by entity L2. provisioning_complete /usr/lib/python2.7/site-packages/neutron/db/provisioning_blocks.py:138
2018-09-14 01:09:44.366 30162 DEBUG neutron_lib.callbacks.manager [req-91d2a979-b9e7-404a-8266-bd68477f3cf2 - - - - -] Notify callbacks ['neutron.plugins.ml2.plugin.Ml2Plugin._port_provisioned-1853946'] for port, provisioning_complete _notify_loop /usr/lib/python2.7/site-packages/neutron_lib/callbacks/manager.py:167
2018-09-14 01:09:44.800 30158 DEBUG novaclient.v2.client [-] RESP: [200] Content-Length: 183 Content-Type: application/json Openstack-Api-Version: compute 2.1 X-Openstack-Nova-Api-Version: 2.1 Vary: OpenStack-API-Version, X-OpenStack-Nova-API-Version X-Openstack-Request-Id: req-890ae66f-f0d4-4679-b8cd-0a07c1f99ba3 X-Compute-Request-Id: req-890ae66f-f0d4-4679-b8cd-0a07c1f99ba3 Date: Fri, 14 Sep 2018 05:09:44 GMT Connection: keep-alive 
RESP BODY: {"events": [{"status": "completed", "tag": "9afaa6f5-a608-4a8f-929e-12e4c26436d7", "name": "network-vif-plugged", "server_uuid": "6cc38e3c-8c37-44c3-a3b2-8aafeca153bc", "code": 200}]}
 _http_log_response /usr/lib/python2.7/site-packages/keystoneauth1/session.py:423
2018-09-14 01:09:44.801 30158 DEBUG novaclient.v2.client [-] POST call to compute for http://10.0.20.25:8774/v2.1/671ea1986554476bbcaa620e00697d23/os-server-external-events used request id req-890ae66f-f0d4-4679-b8cd-0a07c1f99ba3 request /usr/lib/python2.7/site-packages/keystoneauth1/session.py:727
2018-09-14 01:09:44.820 30158 INFO neutron.notifiers.nova [-] Nova event response: {u'status': u'completed', u'tag': u'9afaa6f5-a608-4a8f-929e-12e4c26436d7', u'name': u'network-vif-plugged', u'server_uuid': u'6cc38e3c-8c37-44c3-a3b2-8aafeca153bc', u'code': 200}
2018-09-14 01:09:46.823 30158 DEBUG oslo_concurrency.lockutils [-] Lock "notifier-d1d6b69a-3f1d-444c-8c19-a2dd71752dc1" released by "neutron.notifiers.batch_notifier.synced_send" :: held 3.846s inner /usr/lib/python2.7/site-packages/oslo_concurrency/lockutils.py:282
2018-09-14 01:09:47.435 30149 INFO neutron.wsgi [req-948dc155-8a79-4d20-ad1f-d427df034801 923cc1ab932046e9bf77dcd7ee5191ad f4b8aa14ab144c71ad8c02aaabb0b4f4 - 897c9720461f4c5eac6812853d39b8d2 897c9720461f4c5eac6812853d39b8d2] 10.0.20.25 "GET /v2.0/ports?device_id=6cc38e3c-8c37-44c3-a3b2-8aafeca153bc HTTP/1.1" status: 200  len: 1124 time: 0.7430592
2018-09-14 01:09:47.600 30149 INFO neutron.wsgi [req-c39e0973-c036-41a8-bea2-79961f35eadd 923cc1ab932046e9bf77dcd7ee5191ad f4b8aa14ab144c71ad8c02aaabb0b4f4 - 897c9720461f4c5eac6812853d39b8d2 897c9720461f4c5eac6812853d39b8d2] 10.0.20.25 "GET /v2.0/security-groups?id=1c43567c-ebc3-4aa6-be75-d98d3db2acc7 HTTP/1.1" status: 200  len: 2118 time: 0.1523662
2018-09-14 01:09:54.248 30159 DEBUG neutron_lib.callbacks.manager [req-91d2a979-b9e7-404a-8266-bd68477f3cf2 - - - - -] Notify callbacks ['neutron.services.segments.db._update_segment_host_mapping_for_agent--9223363269592805229'] for agent, after_update _notify_loop /usr/lib/python2.7/site-packages/neutron_lib/callbacks/manager.py:167
2018-09-14 01:10:01.755 30148 DEBUG neutron.wsgi [-] (30148) accepted ('10.0.20.25', 47104) server /usr/lib/python2.7/site-packages/eventlet/wsgi.py:883
2018-09-14 01:10:01.763 30148 INFO neutron.wsgi [-] 10.0.20.25 "GET / HTTP/1.1" status: 200  len: 252 time: 0.0035200
2018-09-14 01:10:02.072 30165 DEBUG neutron.db.agents_db [req-ea0f4848-05fa-439c-a846-3d87f0440d97 - - - - -] Agent healthcheck: found 5 active agents agent_health_check /usr/lib/python2.7/site-packages/neutron/db/agents_db.py:281
2018-09-14 01:10:02.704 30148 INFO neutron.pecan_wsgi.hooks.translation [req-45f581ab-dbb8-43bc-bdce-99f850ece451 c6076d0e968d46daaf0fc5019a0f8a15 bd8a53962fd64ffeab7f2932b0e688c5 - default default] GET failed (client error): The resource could not be found.
2018-09-14 01:10:02.708 30148 INFO neutron.wsgi [req-45f581ab-dbb8-43bc-bdce-99f850ece451 c6076d0e968d46daaf0fc5019a0f8a15 bd8a53962fd64ffeab7f2932b0e688c5 - default default] 10.0.20.25 "GET /v2.0/networks/public HTTP/1.1" status: 404  len: 314 time: 0.9294231
2018-09-14 01:10:03.086 30148 DEBUG neutron.pecan_wsgi.hooks.policy_enforcement [req-a41c300c-0896-428c-94d1-a54e977148b5 c6076d0e968d46daaf0fc5019a0f8a15 bd8a53962fd64ffeab7f2932b0e688c5 - default default] Attributes excluded by policy engine: [u'vlan_transparent'] _exclude_attributes_by_policy /usr/lib/python2.7/site-packages/neutron/pecan_wsgi/hooks/policy_enforcement.py:256
2018-09-14 01:10:03.087 30148 DEBUG neutron.pecan_wsgi.hooks.policy_enforcement [req-a41c300c-0896-428c-94d1-a54e977148b5 c6076d0e968d46daaf0fc5019a0f8a15 bd8a53962fd64ffeab7f2932b0e688c5 - default default] Attributes excluded by policy engine: [u'vlan_transparent'] _exclude_attributes_by_policy /usr/lib/python2.7/site-packages/neutron/pecan_wsgi/hooks/policy_enforcement.py:256
2018-09-14 01:10:03.088 30148 DEBUG neutron.pecan_wsgi.hooks.policy_enforcement [req-a41c300c-0896-428c-94d1-a54e977148b5 c6076d0e968d46daaf0fc5019a0f8a15 bd8a53962fd64ffeab7f2932b0e688c5 - default default] Attributes excluded by policy engine: [u'vlan_transparent'] _exclude_attributes_by_policy /usr/lib/python2.7/site-packages/neutron/pecan_wsgi/hooks/policy_enforcement.py:256
2018-09-14 01:10:03.091 30148 INFO neutron.wsgi [req-a41c300c-0896-428c-94d1-a54e977148b5 c6076d0e968d46daaf0fc5019a0f8a15 bd8a53962fd64ffeab7f2932b0e688c5 - default default] 10.0.20.25 "GET /v2.0/networks HTTP/1.1" status: 200  len: 2214 time: 0.3715839
2018-09-14 01:10:03.843 30148 DEBUG neutron.api.v2.base [req-329bf76e-3dd8-49e1-a5eb-3c14e23c36de c6076d0e968d46daaf0fc5019a0f8a15 bd8a53962fd64ffeab7f2932b0e688c5 - default default] Request body: {u'floatingip': {u'floating_network_id': u'40fff4bc-a326-419b-b1c1-a7aa26b2d41a', u'tenant_id': u'f4b8aa14ab144c71ad8c02aaabb0b4f4'}} prepare_request_body /usr/lib/python2.7/site-packages/neutron/api/v2/base.py:695
2018-09-14 01:10:03.854 30148 DEBUG neutron.db.quota.driver [req-329bf76e-3dd8-49e1-a5eb-3c14e23c36de c6076d0e968d46daaf0fc5019a0f8a15 bd8a53962fd64ffeab7f2932b0e688c5 - default default] Resources subnetpool have unlimited quota limit. It is not required to calculate headroom  make_reservation /usr/lib/python2.7/site-packages/neutron/db/quota/driver.py:223
2018-09-14 01:10:03.864 30148 DEBUG neutron.quota.resource [req-329bf76e-3dd8-49e1-a5eb-3c14e23c36de c6076d0e968d46daaf0fc5019a0f8a15 bd8a53962fd64ffeab7f2932b0e688c5 - default default] Usage tracker for resource:floatingip and tenant:f4b8aa14ab144c71ad8c02aaabb0b4f4 is out of sync, need to count used quota count_used /usr/lib/python2.7/site-packages/neutron/quota/resource.py:274
2018-09-14 01:10:03.886 30148 DEBUG neutron.quota.resource [req-329bf76e-3dd8-49e1-a5eb-3c14e23c36de c6076d0e968d46daaf0fc5019a0f8a15 bd8a53962fd64ffeab7f2932b0e688c5 - default default] Quota usage for floatingip was recalculated. Used quota:0. count_used /usr/lib/python2.7/site-packages/neutron/quota/resource.py:293
2018-09-14 01:10:03.903 30148 DEBUG neutron.db.quota.driver [req-329bf76e-3dd8-49e1-a5eb-3c14e23c36de c6076d0e968d46daaf0fc5019a0f8a15 bd8a53962fd64ffeab7f2932b0e688c5 - default default] Attempting to reserve 1 items for resource floatingip. Total usage: 0; quota limit: 50; headroom:50 make_reservation /usr/lib/python2.7/site-packages/neutron/db/quota/driver.py:255
2018-09-14 01:10:04.291 30148 DEBUG neutron_lib.callbacks.manager [req-329bf76e-3dd8-49e1-a5eb-3c14e23c36de c6076d0e968d46daaf0fc5019a0f8a15 bd8a53962fd64ffeab7f2932b0e688c5 - default default] Notify callbacks ['neutron.plugins.ml2.plugin.Ml2Plugin._ensure_default_security_group_handler-1786008'] for port, before_create _notify_loop /usr/lib/python2.7/site-packages/neutron_lib/callbacks/manager.py:167
2018-09-14 01:10:05.290 30148 DEBUG neutron.db.db_base_plugin_common [req-329bf76e-3dd8-49e1-a5eb-3c14e23c36de c6076d0e968d46daaf0fc5019a0f8a15 bd8a53962fd64ffeab7f2932b0e688c5 - default default] Allocated IP 172.24.4.8 (40fff4bc-a326-419b-b1c1-a7aa26b2d41a/a3f065d6-c694-4228-b2c0-49725a850924/2279f27a-03ab-4147-b5df-79ce5d8ae5be) _store_ip_allocation /usr/lib/python2.7/site-packages/neutron/db/db_base_plugin_common.py:122
2018-09-14 01:10:06.178 30148 DEBUG neutron_lib.callbacks.manager [req-329bf76e-3dd8-49e1-a5eb-3c14e23c36de c6076d0e968d46daaf0fc5019a0f8a15 bd8a53962fd64ffeab7f2932b0e688c5 - default default] Notify callbacks [] for port, precommit_create _notify_loop /usr/lib/python2.7/site-packages/neutron_lib/callbacks/manager.py:167
2018-09-14 01:10:06.319 30148 DEBUG neutron_lib.callbacks.manager [req-329bf76e-3dd8-49e1-a5eb-3c14e23c36de c6076d0e968d46daaf0fc5019a0f8a15 bd8a53962fd64ffeab7f2932b0e688c5 - default default] Notify callbacks ['neutron.plugins.ml2.plugin.Ml2Plugin.notify_sg_on_port_change--9223372036852989878', 'neutron.db.l3_dvrscheduler_db._notify_l3_agent_new_port-8767261637817', 'neutron.api.rpc.agentnotifiers.dhcp_rpc_agent_api.DhcpAgentNotifyAPI._native_event_send_dhcp_notification--9223372036854106816', 'neutron.plugins.ml2.ovo_rpc._ObjectChangeHandler.handle_event-547504'] for port, after_create _notify_loop /usr/lib/python2.7/site-packages/neutron_lib/callbacks/manager.py:167
2018-09-14 01:10:06.320 30148 DEBUG neutron.db.l3_dvrscheduler_db [req-329bf76e-3dd8-49e1-a5eb-3c14e23c36de c6076d0e968d46daaf0fc5019a0f8a15 bd8a53962fd64ffeab7f2932b0e688c5 - default default] Received port after_create _notify_l3_agent_new_port /usr/lib/python2.7/site-packages/neutron/db/l3_dvrscheduler_db.py:392
2018-09-14 01:10:06.686 30148 DEBUG neutron.scheduler.dhcp_agent_scheduler [req-329bf76e-3dd8-49e1-a5eb-3c14e23c36de c6076d0e968d46daaf0fc5019a0f8a15 bd8a53962fd64ffeab7f2932b0e688c5 - default default] Network 40fff4bc-a326-419b-b1c1-a7aa26b2d41a is already hosted by enough agents. _get_dhcp_agents_hosting_network /usr/lib/python2.7/site-packages/neutron/scheduler/dhcp_agent_scheduler.py:243
2018-09-14 01:10:06.753 30148 DEBUG oslo_concurrency.lockutils [-] Lock "event-dispatch" acquired by "neutron.plugins.ml2.ovo_rpc.dispatch_events" :: waited 0.000s inner /usr/lib/python2.7/site-packages/oslo_concurrency/lockutils.py:270
2018-09-14 01:10:07.051 30148 DEBUG neutron.api.rpc.handlers.resources_rpc [req-329bf76e-3dd8-49e1-a5eb-3c14e23c36de c6076d0e968d46daaf0fc5019a0f8a15 bd8a53962fd64ffeab7f2932b0e688c5 - - -] neutron.api.rpc.handlers.resources_rpc.ResourcesPushRpcApi method push called with arguments (<neutron_lib.context.Context object at 0x7f9497189e50>, [Port(admin_state_up=True,allowed_address_pairs=[],binding=PortBinding,binding_levels=[],created_at=2018-09-14T05:10:04Z,data_plane_status=<?>,description='',device_id='PENDING',device_owner='network:floatingip',dhcp_options=[],distributed_binding=None,dns=None,fixed_ips=[IPAllocation],id=2279f27a-03ab-4147-b5df-79ce5d8ae5be,mac_address=fa:16:3e:c6:ea:84,name='',network_id=40fff4bc-a326-419b-b1c1-a7aa26b2d41a,project_id='',qos_policy_id=None,revision_number=3,security=PortSecurity(2279f27a-03ab-4147-b5df-79ce5d8ae5be),security_group_ids=set([]),status='N/A',updated_at=2018-09-14T05:10:06Z)], 'updated') {} wrapper /usr/lib/python2.7/site-packages/oslo_log/helpers.py:66
2018-09-14 01:10:07.106 30148 DEBUG neutron.api.rpc.callbacks.version_manager [req-329bf76e-3dd8-49e1-a5eb-3c14e23c36de c6076d0e968d46daaf0fc5019a0f8a15 bd8a53962fd64ffeab7f2932b0e688c5 - - -] Version for resource type Subnet changed None to 1.0 on consumer Open vSwitch agent@localhost.localdomain _set_version /usr/lib/python2.7/site-packages/neutron/api/rpc/callbacks/version_manager.py:119
2018-09-14 01:10:07.108 30148 DEBUG neutron.api.rpc.callbacks.version_manager [req-329bf76e-3dd8-49e1-a5eb-3c14e23c36de c6076d0e968d46daaf0fc5019a0f8a15 bd8a53962fd64ffeab7f2932b0e688c5 - - -] Version for resource type Network changed None to 1.0 on consumer Open vSwitch agent@localhost.localdomain _set_version /usr/lib/python2.7/site-packages/neutron/api/rpc/callbacks/version_manager.py:119
2018-09-14 01:10:07.109 30148 DEBUG neutron.api.rpc.callbacks.version_manager [req-329bf76e-3dd8-49e1-a5eb-3c14e23c36de c6076d0e968d46daaf0fc5019a0f8a15 bd8a53962fd64ffeab7f2932b0e688c5 - - -] Version for resource type SubPort changed None to 1.0 on consumer Open vSwitch agent@localhost.localdomain _set_version /usr/lib/python2.7/site-packages/neutron/api/rpc/callbacks/version_manager.py:119
2018-09-14 01:10:07.110 30148 DEBUG neutron.api.rpc.callbacks.version_manager [req-329bf76e-3dd8-49e1-a5eb-3c14e23c36de c6076d0e968d46daaf0fc5019a0f8a15 bd8a53962fd64ffeab7f2932b0e688c5 - - -] Version for resource type SecurityGroup changed None to 1.0 on consumer Open vSwitch agent@localhost.localdomain _set_version /usr/lib/python2.7/site-packages/neutron/api/rpc/callbacks/version_manager.py:119
2018-09-14 01:10:07.111 30148 DEBUG neutron.api.rpc.callbacks.version_manager [req-329bf76e-3dd8-49e1-a5eb-3c14e23c36de c6076d0e968d46daaf0fc5019a0f8a15 bd8a53962fd64ffeab7f2932b0e688c5 - - -] Version for resource type SecurityGroupRule changed None to 1.0 on consumer Open vSwitch agent@localhost.localdomain _set_version /usr/lib/python2.7/site-packages/neutron/api/rpc/callbacks/version_manager.py:119
2018-09-14 01:10:07.112 30148 DEBUG neutron.api.rpc.callbacks.version_manager [req-329bf76e-3dd8-49e1-a5eb-3c14e23c36de c6076d0e968d46daaf0fc5019a0f8a15 bd8a53962fd64ffeab7f2932b0e688c5 - - -] Version for resource type Trunk changed None to 1.1 on consumer Open vSwitch agent@localhost.localdomain _set_version /usr/lib/python2.7/site-packages/neutron/api/rpc/callbacks/version_manager.py:119
2018-09-14 01:10:07.113 30148 DEBUG neutron.api.rpc.callbacks.version_manager [req-329bf76e-3dd8-49e1-a5eb-3c14e23c36de c6076d0e968d46daaf0fc5019a0f8a15 bd8a53962fd64ffeab7f2932b0e688c5 - - -] Version for resource type QosPolicy changed None to 1.6 on consumer Open vSwitch agent@localhost.localdomain _set_version /usr/lib/python2.7/site-packages/neutron/api/rpc/callbacks/version_manager.py:119
2018-09-14 01:10:07.114 30148 DEBUG neutron.api.rpc.callbacks.version_manager [req-329bf76e-3dd8-49e1-a5eb-3c14e23c36de c6076d0e968d46daaf0fc5019a0f8a15 bd8a53962fd64ffeab7f2932b0e688c5 - - -] Version for resource type Port changed None to 1.1 on consumer Open vSwitch agent@localhost.localdomain _set_version /usr/lib/python2.7/site-packages/neutron/api/rpc/callbacks/version_manager.py:119
2018-09-14 01:10:07.117 30148 DEBUG neutron.api.rpc.callbacks.version_manager [req-329bf76e-3dd8-49e1-a5eb-3c14e23c36de c6076d0e968d46daaf0fc5019a0f8a15 bd8a53962fd64ffeab7f2932b0e688c5 - - -] Version for resource type Log changed None to 1.0 on consumer Open vSwitch agent@localhost.localdomain _set_version /usr/lib/python2.7/site-packages/neutron/api/rpc/callbacks/version_manager.py:119
2018-09-14 01:10:07.173 30148 DEBUG neutron_lib.callbacks.manager [req-329bf76e-3dd8-49e1-a5eb-3c14e23c36de c6076d0e968d46daaf0fc5019a0f8a15 bd8a53962fd64ffeab7f2932b0e688c5 - default default] Notify callbacks ['neutron.plugins.ml2.plugin.Ml2Plugin._ensure_default_security_group_handler-1786008'] for port, before_update _notify_loop /usr/lib/python2.7/site-packages/neutron_lib/callbacks/manager.py:167
2018-09-14 01:10:07.191 30148 DEBUG oslo_concurrency.lockutils [req-329bf76e-3dd8-49e1-a5eb-3c14e23c36de c6076d0e968d46daaf0fc5019a0f8a15 bd8a53962fd64ffeab7f2932b0e688c5 - - -] Lock "event-dispatch" released by "neutron.plugins.ml2.ovo_rpc.dispatch_events" :: held 0.439s inner /usr/lib/python2.7/site-packages/oslo_concurrency/lockutils.py:282
2018-09-14 01:10:07.864 30148 DEBUG neutron_lib.callbacks.manager [req-329bf76e-3dd8-49e1-a5eb-3c14e23c36de c6076d0e968d46daaf0fc5019a0f8a15 bd8a53962fd64ffeab7f2932b0e688c5 - default default] Notify callbacks [] for port, precommit_update _notify_loop /usr/lib/python2.7/site-packages/neutron_lib/callbacks/manager.py:167
2018-09-14 01:10:07.877 30148 DEBUG neutron_lib.callbacks.manager [req-329bf76e-3dd8-49e1-a5eb-3c14e23c36de c6076d0e968d46daaf0fc5019a0f8a15 bd8a53962fd64ffeab7f2932b0e688c5 - default default] Notify callbacks ['neutron.db.l3_hascheduler_db._notify_l3_agent_ha_port_update--9223363269593170149', 'neutron.plugins.ml2.plugin.Ml2Plugin.notify_sg_on_port_change--9223372036852989878', 'neutron.api.rpc.agentnotifiers.dhcp_rpc_agent_api.DhcpAgentNotifyAPI._native_event_send_dhcp_notification--9223372036854106816', 'neutron.db.l3_dvrscheduler_db._notify_l3_agent_port_update-8767261637832', 'neutron.plugins.ml2.ovo_rpc._ObjectChangeHandler.handle_event-547504'] for port, after_update _notify_loop /usr/lib/python2.7/site-packages/neutron_lib/callbacks/manager.py:167
2018-09-14 01:10:08.166 30148 DEBUG neutron_lib.callbacks.manager [req-329bf76e-3dd8-49e1-a5eb-3c14e23c36de c6076d0e968d46daaf0fc5019a0f8a15 bd8a53962fd64ffeab7f2932b0e688c5 - default default] Notify callbacks ['neutron.services.l3_router.l3_router_plugin.L3RouterPlugin._create_dvr_floating_gw_port-1025042'] for floatingip, after_update _notify_loop /usr/lib/python2.7/site-packages/neutron_lib/callbacks/manager.py:167
2018-09-14 01:10:08.178 30148 DEBUG oslo_concurrency.lockutils [-] Lock "event-dispatch" acquired by "neutron.plugins.ml2.ovo_rpc.dispatch_events" :: waited 0.000s inner /usr/lib/python2.7/site-packages/oslo_concurrency/lockutils.py:270
2018-09-14 01:10:08.397 30148 DEBUG neutron.quota.resource [req-329bf76e-3dd8-49e1-a5eb-3c14e23c36de c6076d0e968d46daaf0fc5019a0f8a15 bd8a53962fd64ffeab7f2932b0e688c5 - default default] Persisted dirty status for tenant:f4b8aa14ab144c71ad8c02aaabb0b4f4 on resource:floatingip mark_dirty /usr/lib/python2.7/site-packages/neutron/quota/resource.py:207
2018-09-14 01:10:08.409 30148 DEBUG neutron.quota.resource [req-329bf76e-3dd8-49e1-a5eb-3c14e23c36de c6076d0e968d46daaf0fc5019a0f8a15 bd8a53962fd64ffeab7f2932b0e688c5 - default default] Persisted dirty status for tenant: on resource:port mark_dirty /usr/lib/python2.7/site-packages/neutron/quota/resource.py:207
2018-09-14 01:10:08.429 30148 DEBUG neutron.api.rpc.handlers.resources_rpc [req-329bf76e-3dd8-49e1-a5eb-3c14e23c36de c6076d0e968d46daaf0fc5019a0f8a15 bd8a53962fd64ffeab7f2932b0e688c5 - - -] neutron.api.rpc.handlers.resources_rpc.ResourcesPushRpcApi method push called with arguments (<neutron_lib.context.Context object at 0x7f94978d6950>, [Port(admin_state_up=True,allowed_address_pairs=[],binding=PortBinding,binding_levels=[],created_at=2018-09-14T05:10:04Z,data_plane_status=<?>,description='',device_id='b8273ffe-e34d-409a-8724-687d9b854718',device_owner='network:floatingip',dhcp_options=[],distributed_binding=None,dns=None,fixed_ips=[IPAllocation],id=2279f27a-03ab-4147-b5df-79ce5d8ae5be,mac_address=fa:16:3e:c6:ea:84,name='',network_id=40fff4bc-a326-419b-b1c1-a7aa26b2d41a,project_id='',qos_policy_id=None,revision_number=4,security=PortSecurity(2279f27a-03ab-4147-b5df-79ce5d8ae5be),security_group_ids=set([]),status='N/A',updated_at=2018-09-14T05:10:07Z)], 'updated') {} wrapper /usr/lib/python2.7/site-packages/oslo_log/helpers.py:66
2018-09-14 01:10:08.455 30148 DEBUG neutron_lib.callbacks.manager [req-329bf76e-3dd8-49e1-a5eb-3c14e23c36de c6076d0e968d46daaf0fc5019a0f8a15 bd8a53962fd64ffeab7f2932b0e688c5 - default default] Notify callbacks ['neutron.notifiers.nova.Notifier._send_nova_notification--9223372036854773658'] for floatingip, before_response _notify_loop /usr/lib/python2.7/site-packages/neutron_lib/callbacks/manager.py:167
2018-09-14 01:10:08.458 30148 INFO neutron.wsgi [req-329bf76e-3dd8-49e1-a5eb-3c14e23c36de c6076d0e968d46daaf0fc5019a0f8a15 bd8a53962fd64ffeab7f2932b0e688c5 - default default] 10.0.20.25 "POST /v2.0/floatingips HTTP/1.1" status: 201  len: 674 time: 4.6300771
2018-09-14 01:10:08.460 30148 DEBUG oslo_concurrency.lockutils [req-329bf76e-3dd8-49e1-a5eb-3c14e23c36de c6076d0e968d46daaf0fc5019a0f8a15 bd8a53962fd64ffeab7f2932b0e688c5 - - -] Lock "event-dispatch" released by "neutron.plugins.ml2.ovo_rpc.dispatch_events" :: held 0.283s inner /usr/lib/python2.7/site-packages/oslo_concurrency/lockutils.py:282
2018-09-14 01:10:11.227 30160 DEBUG neutron_lib.callbacks.manager [req-af8c0444-d178-4d54-9d55-44d45fee2086 - - - - -] Notify callbacks ['neutron.services.segments.db._update_segment_host_mapping_for_agent--9223363269592805229'] for agent, after_update _notify_loop /usr/lib/python2.7/site-packages/neutron_lib/callbacks/manager.py:167
2018-09-14 01:10:11.252 30164 DEBUG neutron_lib.callbacks.manager [req-c20d76e3-a254-4744-8665-9ad68a92919b - - - - -] Notify callbacks ['neutron.services.segments.db._update_segment_host_mapping_for_agent--9223363269592805229'] for agent, after_update _notify_loop /usr/lib/python2.7/site-packages/neutron_lib/callbacks/manager.py:167
2018-09-14 01:10:11.377 30158 DEBUG neutron_lib.callbacks.manager [req-5cd6af8e-918c-4498-816f-373bd2b93db3 - - - - -] Notify callbacks ['neutron.services.segments.db._update_segment_host_mapping_for_agent--9223363269592805229'] for agent, after_update _notify_loop /usr/lib/python2.7/site-packages/neutron_lib/callbacks/manager.py:167
2018-09-14 01:10:11.912 30157 DEBUG neutron_lib.callbacks.manager [req-4c090673-bf25-4057-8e41-9e23fbd11719 - - - - -] Notify callbacks ['neutron.services.segments.db._update_segment_host_mapping_for_agent--9223363269592805229'] for agent, after_update _notify_loop /usr/lib/python2.7/site-packages/neutron_lib/callbacks/manager.py:167
2018-09-14 01:10:22.574 30147 DEBUG neutron.wsgi [-] (30147) accepted ('10.0.20.25', 47448) server /usr/lib/python2.7/site-packages/eventlet/wsgi.py:883
2018-09-14 01:10:22.936 30147 WARNING keystonemiddleware.auth_token [-] A valid token was submitted as a service token, but it was not a valid service token. This is incorrect but backwards compatible behaviour. This will be removed in future releases.
2018-09-14 01:10:23.676 30147 INFO neutron.wsgi [req-3a13bd5b-e6b0-466e-83d9-37f47e286192 923cc1ab932046e9bf77dcd7ee5191ad f4b8aa14ab144c71ad8c02aaabb0b4f4 - 897c9720461f4c5eac6812853d39b8d2 897c9720461f4c5eac6812853d39b8d2] 10.0.20.25 "GET /v2.0/ports?device_id=6cc38e3c-8c37-44c3-a3b2-8aafeca153bc HTTP/1.1" status: 200  len: 1124 time: 1.0978031
2018-09-14 01:10:23.843 30147 INFO neutron.wsgi [req-19d9f11e-240e-4b8b-8ff5-6d82686e0efd 923cc1ab932046e9bf77dcd7ee5191ad f4b8aa14ab144c71ad8c02aaabb0b4f4 - 897c9720461f4c5eac6812853d39b8d2 897c9720461f4c5eac6812853d39b8d2] 10.0.20.25 "GET /v2.0/security-groups?id=1c43567c-ebc3-4aa6-be75-d98d3db2acc7 HTTP/1.1" status: 200  len: 2118 time: 0.1540761
2018-09-14 01:10:24.256 30162 DEBUG neutron_lib.callbacks.manager [req-91d2a979-b9e7-404a-8266-bd68477f3cf2 - - - - -] Notify callbacks ['neutron.services.segments.db._update_segment_host_mapping_for_agent--9223363269592805229'] for agent, after_update _notify_loop /usr/lib/python2.7/site-packages/neutron_lib/callbacks/manager.py:167
2018-09-14 01:10:24.572 30147 INFO neutron.wsgi [req-d523c25f-956d-498e-a91c-9e864be05931 923cc1ab932046e9bf77dcd7ee5191ad f4b8aa14ab144c71ad8c02aaabb0b4f4 - 897c9720461f4c5eac6812853d39b8d2 897c9720461f4c5eac6812853d39b8d2] 10.0.20.25 "GET /v2.0/ports?device_owner=compute%3Anova&device_id=6cc38e3c-8c37-44c3-a3b2-8aafeca153bc HTTP/1.1" status: 200  len: 1124 time: 0.5032959
2018-09-14 01:10:24.641 30147 INFO neutron.wsgi [req-f6de8d94-6025-4639-9728-61d025b61254 923cc1ab932046e9bf77dcd7ee5191ad f4b8aa14ab144c71ad8c02aaabb0b4f4 - 897c9720461f4c5eac6812853d39b8d2 897c9720461f4c5eac6812853d39b8d2] 10.0.20.25 "GET /v2.0/floatingips?floating_ip_address=172.24.4.8 HTTP/1.1" status: 200  len: 672 time: 0.0600638
2018-09-14 01:10:24.669 30147 DEBUG neutron.api.v2.base [req-8591b910-da0b-4480-ad3b-0612321baf06 923cc1ab932046e9bf77dcd7ee5191ad f4b8aa14ab144c71ad8c02aaabb0b4f4 - 897c9720461f4c5eac6812853d39b8d2 897c9720461f4c5eac6812853d39b8d2] Request body: {u'floatingip': {u'fixed_ip_address': u'11.132.1.4', u'port_id': u'9afaa6f5-a608-4a8f-929e-12e4c26436d7'}} prepare_request_body /usr/lib/python2.7/site-packages/neutron/api/v2/base.py:695
2018-09-14 01:10:25.175 30147 DEBUG neutron_lib.callbacks.manager [req-8591b910-da0b-4480-ad3b-0612321baf06 923cc1ab932046e9bf77dcd7ee5191ad f4b8aa14ab144c71ad8c02aaabb0b4f4 - 897c9720461f4c5eac6812853d39b8d2 897c9720461f4c5eac6812853d39b8d2] Notify callbacks ['neutron.services.l3_router.l3_router_plugin.L3RouterPlugin._create_dvr_floating_gw_port-1025042'] for floatingip, after_update _notify_loop /usr/lib/python2.7/site-packages/neutron_lib/callbacks/manager.py:167
2018-09-14 01:10:25.905 30147 DEBUG neutron.scheduler.l3_agent_scheduler [req-8591b910-da0b-4480-ad3b-0612321baf06 923cc1ab932046e9bf77dcd7ee5191ad f4b8aa14ab144c71ad8c02aaabb0b4f4 - 897c9720461f4c5eac6812853d39b8d2 897c9720461f4c5eac6812853d39b8d2] Router c62ab4d2-4f83-4772-86ce-43488a886b4d has already been hosted by L3 agent 4ac0ebe3-010d-4960-b1cd-6ee5ff761291 _get_candidates /usr/lib/python2.7/site-packages/neutron/scheduler/l3_agent_scheduler.py:141
2018-09-14 01:10:25.919 30151 DEBUG neutron.wsgi [-] (30151) accepted ('10.0.20.25', 47722) server /usr/lib/python2.7/site-packages/eventlet/wsgi.py:883
2018-09-14 01:10:26.158 30147 DEBUG neutron.api.rpc.agentnotifiers.l3_rpc_agent_api [req-8591b910-da0b-4480-ad3b-0612321baf06 923cc1ab932046e9bf77dcd7ee5191ad f4b8aa14ab144c71ad8c02aaabb0b4f4 - 897c9720461f4c5eac6812853d39b8d2 897c9720461f4c5eac6812853d39b8d2] Notify agent at l3_agent.localhost.localdomain the message routers_updated _agent_notification /usr/lib/python2.7/site-packages/neutron/api/rpc/agentnotifiers/l3_rpc_agent_api.py:69
2018-09-14 01:10:26.205 30147 DEBUG neutron_lib.callbacks.manager [req-8591b910-da0b-4480-ad3b-0612321baf06 923cc1ab932046e9bf77dcd7ee5191ad f4b8aa14ab144c71ad8c02aaabb0b4f4 - 897c9720461f4c5eac6812853d39b8d2 897c9720461f4c5eac6812853d39b8d2] Notify callbacks ['neutron.notifiers.nova.Notifier._send_nova_notification--9223372036854773658'] for floatingip, before_response _notify_loop /usr/lib/python2.7/site-packages/neutron_lib/callbacks/manager.py:167
2018-09-14 01:10:26.241 30157 DEBUG neutron.db.l3_hamode_db [req-5ea95368-6d34-417e-b48d-387219fb2330 - - - - -] neutron.services.l3_router.l3_router_plugin.L3RouterPlugin method get_ha_sync_data_for_host called with arguments (<neutron_lib.context.Context object at 0x7f9497c29810>, u'localhost.localdomain', <neutron.db.models.agent.Agent[object at 7f94976e4710] {id=u'4ac0ebe3-010d-4960-b1cd-6ee5ff761291', agent_type=u'L3 agent', binary=u'neutron-l3-agent', topic=u'l3_agent', host=u'localhost.localdomain', availability_zone=u'nova', admin_state_up=True, created_at=datetime.datetime(2018, 9, 11, 21, 26, 19), started_at=datetime.datetime(2018, 9, 14, 4, 44, 41), heartbeat_timestamp=datetime.datetime(2018, 9, 14, 5, 10, 11), description=None, configurations=u'{"agent_mode": "legacy", "gateway_external_network_id": "", "handle_internal_only_routers": true, "routers": 2, "interfaces": 2, "floating_ips": 0, "interface_driver": "neutron.agent.linux.interface.OVSInterfaceDriver", "log_agent_heartbeats": false, "external_network_bridge": "", "ex_gw_ports": 2}', resource_versions=None, load=0}>) {'active': True, 'router_ids': ['c62ab4d2-4f83-4772-86ce-43488a886b4d']} wrapper /usr/lib/python2.7/site-packages/oslo_log/helpers.py:66
2018-09-14 01:10:26.336 30147 INFO neutron.wsgi [req-8591b910-da0b-4480-ad3b-0612321baf06 923cc1ab932046e9bf77dcd7ee5191ad f4b8aa14ab144c71ad8c02aaabb0b4f4 - 897c9720461f4c5eac6812853d39b8d2 897c9720461f4c5eac6812853d39b8d2] 10.0.20.25 "PUT /v2.0/floatingips/b8273ffe-e34d-409a-8724-687d9b854718 HTTP/1.1" status: 200  len: 745 time: 1.6830919
2018-09-14 01:10:26.338 30147 DEBUG oslo_concurrency.lockutils [-] Lock "notifier-d1d6b69a-3f1d-444c-8c19-a2dd71752dc1" acquired by "neutron.notifiers.batch_notifier.synced_send" :: waited 0.000s inner /usr/lib/python2.7/site-packages/oslo_concurrency/lockutils.py:270
2018-09-14 01:10:26.339 30147 DEBUG neutron.notifiers.nova [-] Sending events: [{'tag': u'9afaa6f5-a608-4a8f-929e-12e4c26436d7', 'name': 'network-changed', 'server_uuid': u'6cc38e3c-8c37-44c3-a3b2-8aafeca153bc'}] send_events /usr/lib/python2.7/site-packages/neutron/notifiers/nova.py:242
2018-09-14 01:10:26.828 30151 INFO neutron.wsgi [req-8291bd2e-fa10-47f5-8ed0-bea1a6c5b68a 6041b01c631d425d829cf96874ce50bf 671ea1986554476bbcaa620e00697d23 - default default] 10.0.20.25 "GET /v2.0/ports?device_id=6cc38e3c-8c37-44c3-a3b2-8aafeca153bc HTTP/1.1" status: 200  len: 1124 time: 0.9062409
2018-09-14 01:10:27.061 30151 INFO neutron.wsgi [req-aa4f3a22-2acc-46de-a857-225600fd26ad 6041b01c631d425d829cf96874ce50bf 671ea1986554476bbcaa620e00697d23 - default default] 10.0.20.25 "GET /v2.0/security-groups?id=1c43567c-ebc3-4aa6-be75-d98d3db2acc7 HTTP/1.1" status: 200  len: 2118 time: 0.2193770
2018-09-14 01:10:27.289 30157 DEBUG neutron.db.l3_hamode_db [req-5ea95368-6d34-417e-b48d-387219fb2330 - - - - -] neutron.services.l3_router.l3_router_plugin.L3RouterPlugin method _process_sync_ha_data called with arguments (<neutron_lib.context.Context object at 0x7f9497c29810>, [{'status': u'ACTIVE', '_interfaces': [{'status': u'ACTIVE', 'subnets': [{'dns_nameservers': [u'8.8.4.4'], 'ipv6_ra_mode': None, 'gateway_ip': u'11.132.1.1', 'cidr': u'11.132.1.0/24', 'id': u'26591254-8cb2-4ead-ac8c-c4fefbd085ad', 'subnetpool_id': None}], 'binding:host_id': u'localhost.localdomain', 'description': u'', 'allowed_address_pairs': [], 'tags': [], 'extra_dhcp_opts': [], 'updated_at': '2018-09-14T05:08:58Z', 'device_owner': u'network:router_interface', 'revision_number': 7, 'port_security_enabled': False, 'binding:profile': {}, 'mtu': 1450, 'fixed_ips': [{'subnet_id': u'26591254-8cb2-4ead-ac8c-c4fefbd085ad', 'prefixlen': 24, 'ip_address': u'11.132.1.1'}], 'id': u'03e65d30-2e18-4881-9a17-58d3eef9a208', 'security_groups': [], 'device_id': u'c62ab4d2-4f83-4772-86ce-43488a886b4d', 'name': u'', 'admin_state_up': True, 'network_id': u'805aed6b-776e-4cd3-9000-43df11a283bc', 'tenant_id': u'f4b8aa14ab144c71ad8c02aaabb0b4f4', 'binding:vif_details': {u'port_filter': True, u'datapath_type': u'system', u'ovs_hybrid_plug': True}, 'address_scopes': {4: None, 6: None}, 'binding:vnic_type': u'normal', 'binding:vif_type': u'ovs', 'mac_address': u'fa:16:3e:06:47:37', 'project_id': u'f4b8aa14ab144c71ad8c02aaabb0b4f4', 'extra_subnets': [], 'created_at': '2018-09-14T05:08:47Z'}], 'enable_snat': True, 'ha_vr_id': 0, 'description': u'', 'tags': [], 'gw_port': {'status': u'ACTIVE', 'subnets': [{'dns_nameservers': [], 'ipv6_ra_mode': None, 'gateway_ip': u'172.24.4.1', 'cidr': u'172.24.4.0/24', 'id': u'a3f065d6-c694-4228-b2c0-49725a850924', 'subnetpool_id': None}], 'binding:host_id': u'localhost.localdomain', 'description': u'', 'allowed_address_pairs': [], 'tags': [], 'extra_dhcp_opts': [], 'updated_at': '2018-09-14T05:09:12Z', 'device_owner': u'network:router_gateway', 'revision_number': 6, 'port_security_enabled': False, 'binding:profile': {}, 'mtu': 1500, 'fixed_ips': [{'subnet_id': u'a3f065d6-c694-4228-b2c0-49725a850924', 'prefixlen': 24, 'ip_address': u'172.24.4.4'}], 'id': u'5c166b7b-bee2-4664-b56d-95d1e6632b76', 'security_groups': [], 'device_id': u'c62ab4d2-4f83-4772-86ce-43488a886b4d', 'name': u'', 'admin_state_up': True, 'network_id': u'40fff4bc-a326-419b-b1c1-a7aa26b2d41a', 'tenant_id': u'', 'binding:vif_details': {u'port_filter': True, u'datapath_type': u'system', u'ovs_hybrid_plug': True}, 'address_scopes': {4: None, 6: None}, 'binding:vnic_type': u'normal', 'binding:vif_type': u'ovs', 'mac_address': u'fa:16:3e:77:9f:4e', 'project_id': u'', 'extra_subnets': [], 'created_at': '2018-09-14T05:09:04Z'}, 'updated_at': '2018-09-14T05:09:06Z', 'revision_number': 3, 'ha': False, 'id': u'c62ab4d2-4f83-4772-86ce-43488a886b4d', 'gw_port_host': u'localhost.localdomain', 'external_gateway_info': {'network_id': u'40fff4bc-a326-419b-b1c1-a7aa26b2d41a', 'enable_snat': True, 'external_fixed_ips': [{'subnet_id': u'a3f065d6-c694-4228-b2c0-49725a850924', 'ip_address': u'172.24.4.4'}]}, 'availability_zone_hints': [], 'availability_zones': [u'nova'], 'name': u'tempest-router-1536901511', 'gw_port_id': u'5c166b7b-bee2-4664-b56d-95d1e6632b76', 'admin_state_up': True, 'tenant_id': u'f4b8aa14ab144c71ad8c02aaabb0b4f4', 'created_at': '2018-09-14T05:08:24Z', 'distributed': False, 'flavor_id': None, 'routes': [], 'project_id': u'f4b8aa14ab144c71ad8c02aaabb0b4f4', '_floatingips': [{'router_id': u'c62ab4d2-4f83-4772-86ce-43488a886b4d', 'status': u'DOWN', 'description': u'', 'tags': [], 'updated_at': '2018-09-14T05:10:25Z', 'dns_domain': '', 'floating_network_id': u'40fff4bc-a326-419b-b1c1-a7aa26b2d41a', 'fixed_ip_address': u'11.132.1.4', 'floating_ip_address': u'172.24.4.8', 'revision_number': 1, 'port_id': u'9afaa6f5-a608-4a8f-929e-12e4c26436d7', 'id': u'b8273ffe-e34d-409a-8724-687d9b854718', 'dns_name': '', 'created_at': '2018-09-14T05:10:06Z', 'tenant_id': u'f4b8aa14ab144c71ad8c02aaabb0b4f4', 'fixed_ip_address_scope': None, 'project_id': u'f4b8aa14ab144c71ad8c02aaabb0b4f4'}]}], u'localhost.localdomain', False) {} wrapper /usr/lib/python2.7/site-packages/oslo_log/helpers.py:66
2018-09-14 01:10:27.301 30157 DEBUG neutron.api.rpc.handlers.l3_rpc [req-5ea95368-6d34-417e-b48d-387219fb2330 - - - - -] Checking router: c62ab4d2-4f83-4772-86ce-43488a886b4d for host: localhost.localdomain _ensure_host_set_on_ports /usr/lib/python2.7/site-packages/neutron/api/rpc/handlers/l3_rpc.py:135
2018-09-14 01:10:27.751 30161 DEBUG neutron.api.rpc.handlers.l3_rpc [req-bf5b37f3-b1cc-463e-8d62-d5b5d0e1c3d9 - - - - -] New status for floating IP b8273ffe-e34d-409a-8724-687d9b854718: ACTIVE update_floatingip_statuses /usr/lib/python2.7/site-packages/neutron/api/rpc/handlers/l3_rpc.py:252
2018-09-14 01:10:27.861 30147 DEBUG novaclient.v2.client [-] REQ: curl -g -i -X POST http://10.0.20.25:8774/v2.1/671ea1986554476bbcaa620e00697d23/os-server-external-events -H "User-Agent: python-novaclient" -H "Content-Type: application/json" -H "Accept: application/json" -H "X-OpenStack-Nova-API-Version: 2.1" -H "X-Auth-Token: {SHA1}284264bf9c0d59e60d907e1f4ef7efe2837a56f9" -d '{"events": [{"tag": "9afaa6f5-a608-4a8f-929e-12e4c26436d7", "name": "network-changed", "server_uuid": "6cc38e3c-8c37-44c3-a3b2-8aafeca153bc"}]}' _http_log_request /usr/lib/python2.7/site-packages/keystoneauth1/session.py:375
2018-09-14 01:10:28.558 30147 INFO neutron.wsgi [req-5b1a64f3-ccd6-4d99-9af3-c08336175e91 6041b01c631d425d829cf96874ce50bf 671ea1986554476bbcaa620e00697d23 - default default] 10.0.20.25 "GET /v2.0/ports?tenant_id=f4b8aa14ab144c71ad8c02aaabb0b4f4&device_id=6cc38e3c-8c37-44c3-a3b2-8aafeca153bc HTTP/1.1" status: 200  len: 1124 time: 0.9647961
2018-09-14 01:10:28.714 30147 DEBUG novaclient.v2.client [-] RESP: [200] Content-Length: 179 Content-Type: application/json Openstack-Api-Version: compute 2.1 X-Openstack-Nova-Api-Version: 2.1 Vary: OpenStack-API-Version, X-OpenStack-Nova-API-Version X-Openstack-Request-Id: req-7e61c7d5-fb70-47d7-bbef-eea0dc8b6826 X-Compute-Request-Id: req-7e61c7d5-fb70-47d7-bbef-eea0dc8b6826 Date: Fri, 14 Sep 2018 05:10:28 GMT Connection: keep-alive 
RESP BODY: {"events": [{"status": "completed", "tag": "9afaa6f5-a608-4a8f-929e-12e4c26436d7", "name": "network-changed", "server_uuid": "6cc38e3c-8c37-44c3-a3b2-8aafeca153bc", "code": 200}]}
 _http_log_response /usr/lib/python2.7/site-packages/keystoneauth1/session.py:423
2018-09-14 01:10:28.714 30147 DEBUG novaclient.v2.client [-] POST call to compute for http://10.0.20.25:8774/v2.1/671ea1986554476bbcaa620e00697d23/os-server-external-events used request id req-7e61c7d5-fb70-47d7-bbef-eea0dc8b6826 request /usr/lib/python2.7/site-packages/keystoneauth1/session.py:727
2018-09-14 01:10:28.767 30147 INFO neutron.notifiers.nova [-] Nova event response: {u'status': u'completed', u'tag': u'9afaa6f5-a608-4a8f-929e-12e4c26436d7', u'name': u'network-changed', u'server_uuid': u'6cc38e3c-8c37-44c3-a3b2-8aafeca153bc', u'code': 200}
2018-09-14 01:10:28.889 30150 INFO neutron.wsgi [req-328e782f-4c66-487f-945d-13b91ecf3fb2 6041b01c631d425d829cf96874ce50bf 671ea1986554476bbcaa620e00697d23 - default default] 10.0.20.25 "GET /v2.0/ports?tenant_id=f4b8aa14ab144c71ad8c02aaabb0b4f4&device_id=6cc38e3c-8c37-44c3-a3b2-8aafeca153bc HTTP/1.1" status: 200  len: 1124 time: 0.1694589
2018-09-14 01:10:28.901 30147 DEBUG neutron.pecan_wsgi.hooks.policy_enforcement [req-f5990d17-965a-4632-8e61-78af791228a3 6041b01c631d425d829cf96874ce50bf 671ea1986554476bbcaa620e00697d23 - default default] Attributes excluded by policy engine: [u'vlan_transparent'] _exclude_attributes_by_policy /usr/lib/python2.7/site-packages/neutron/pecan_wsgi/hooks/policy_enforcement.py:256
2018-09-14 01:10:28.905 30147 INFO neutron.wsgi [req-f5990d17-965a-4632-8e61-78af791228a3 6041b01c631d425d829cf96874ce50bf 671ea1986554476bbcaa620e00697d23 - default default] 10.0.20.25 "GET /v2.0/networks?id=805aed6b-776e-4cd3-9000-43df11a283bc HTTP/1.1" status: 200  len: 885 time: 0.3337111
2018-09-14 01:10:28.966 30147 INFO neutron.wsgi [req-c2e84244-52db-417e-8d89-c1a116a471ed 6041b01c631d425d829cf96874ce50bf 671ea1986554476bbcaa620e00697d23 - default default] 10.0.20.25 "GET /v2.0/floatingips?fixed_ip_address=11.132.1.4&port_id=9afaa6f5-a608-4a8f-929e-12e4c26436d7 HTTP/1.1" status: 200  len: 750 time: 0.0513999
2018-09-14 01:10:29.148 30147 DEBUG neutron.pecan_wsgi.hooks.policy_enforcement [req-004bc017-f459-4d74-a1d7-cf8bc9adb768 6041b01c631d425d829cf96874ce50bf 671ea1986554476bbcaa620e00697d23 - default default] Attributes excluded by policy engine: [u'shared'] _exclude_attributes_by_policy /usr/lib/python2.7/site-packages/neutron/pecan_wsgi/hooks/policy_enforcement.py:256
2018-09-14 01:10:29.152 30147 INFO neutron.wsgi [req-004bc017-f459-4d74-a1d7-cf8bc9adb768 6041b01c631d425d829cf96874ce50bf 671ea1986554476bbcaa620e00697d23 - default default] 10.0.20.25 "GET /v2.0/subnets?id=26591254-8cb2-4ead-ac8c-c4fefbd085ad HTTP/1.1" status: 200  len: 847 time: 0.1773090
2018-09-14 01:10:29.200 30150 DEBUG neutron.pecan_wsgi.hooks.policy_enforcement [req-51189bd1-126e-4aaa-8cc5-4eda6be9330f 6041b01c631d425d829cf96874ce50bf 671ea1986554476bbcaa620e00697d23 - default default] Attributes excluded by policy engine: [u'vlan_transparent'] _exclude_attributes_by_policy /usr/lib/python2.7/site-packages/neutron/pecan_wsgi/hooks/policy_enforcement.py:256
2018-09-14 01:10:29.203 30150 INFO neutron.wsgi [req-51189bd1-126e-4aaa-8cc5-4eda6be9330f 6041b01c631d425d829cf96874ce50bf 671ea1986554476bbcaa620e00697d23 - default default] 10.0.20.25 "GET /v2.0/networks?id=805aed6b-776e-4cd3-9000-43df11a283bc HTTP/1.1" status: 200  len: 885 time: 0.3056040
2018-09-14 01:10:29.279 30150 INFO neutron.wsgi [req-e1c39ad5-2a83-4ebd-b78c-3cf62cf84fc5 6041b01c631d425d829cf96874ce50bf 671ea1986554476bbcaa620e00697d23 - default default] 10.0.20.25 "GET /v2.0/floatingips?fixed_ip_address=11.132.1.4&port_id=9afaa6f5-a608-4a8f-929e-12e4c26436d7 HTTP/1.1" status: 200  len: 750 time: 0.0617929
2018-09-14 01:10:29.331 30149 INFO neutron.wsgi [req-b5386202-ef7e-437e-9e93-e744db69ada7 6041b01c631d425d829cf96874ce50bf 671ea1986554476bbcaa620e00697d23 - default default] 10.0.20.25 "GET /v2.0/ports?device_id=6cc38e3c-8c37-44c3-a3b2-8aafeca153bc HTTP/1.1" status: 200  len: 1124 time: 0.8026619
2018-09-14 01:10:29.333 30147 INFO neutron.wsgi [req-672eb9f5-3554-4178-9f56-c4cbaee0c407 6041b01c631d425d829cf96874ce50bf 671ea1986554476bbcaa620e00697d23 - default default] 10.0.20.25 "GET /v2.0/ports?network_id=805aed6b-776e-4cd3-9000-43df11a283bc&device_owner=network%3Adhcp HTTP/1.1" status: 200  len: 1128 time: 0.1755581
2018-09-14 01:10:29.442 30150 DEBUG neutron.pecan_wsgi.hooks.policy_enforcement [req-e8f6e5ea-daa3-4cb7-9c14-42d4c7cbd8f7 6041b01c631d425d829cf96874ce50bf 671ea1986554476bbcaa620e00697d23 - default default] Attributes excluded by policy engine: [u'shared'] _exclude_attributes_by_policy /usr/lib/python2.7/site-packages/neutron/pecan_wsgi/hooks/policy_enforcement.py:256
2018-09-14 01:10:29.448 30150 INFO neutron.wsgi [req-e8f6e5ea-daa3-4cb7-9c14-42d4c7cbd8f7 6041b01c631d425d829cf96874ce50bf 671ea1986554476bbcaa620e00697d23 - default default] 10.0.20.25 "GET /v2.0/subnets?id=26591254-8cb2-4ead-ac8c-c4fefbd085ad HTTP/1.1" status: 200  len: 847 time: 0.1542311
2018-09-14 01:10:29.476 30149 INFO neutron.wsgi [req-cd2f8888-abb1-4cb4-aedf-993b37fb1b1a 6041b01c631d425d829cf96874ce50bf 671ea1986554476bbcaa620e00697d23 - default default] 10.0.20.25 "GET /v2.0/security-groups?id=1c43567c-ebc3-4aa6-be75-d98d3db2acc7 HTTP/1.1" status: 200  len: 2118 time: 0.1318641
2018-09-14 01:10:29.629 30150 INFO neutron.wsgi [req-cb0b78e4-6ea7-47dc-9206-7cc6120abc0a 6041b01c631d425d829cf96874ce50bf 671ea1986554476bbcaa620e00697d23 - default default] 10.0.20.25 "GET /v2.0/ports?network_id=805aed6b-776e-4cd3-9000-43df11a283bc&device_owner=network%3Adhcp HTTP/1.1" status: 200  len: 1128 time: 0.1703768
2018-09-14 01:10:30.349 30150 INFO neutron.wsgi [req-088f0fd2-9da2-41f9-bc18-5ff5cc80b381 6041b01c631d425d829cf96874ce50bf 671ea1986554476bbcaa620e00697d23 - default default] 10.0.20.25 "GET /v2.0/ports?tenant_id=f4b8aa14ab144c71ad8c02aaabb0b4f4&device_id=6cc38e3c-8c37-44c3-a3b2-8aafeca153bc HTTP/1.1" status: 200  len: 1124 time: 0.1547408
2018-09-14 01:10:30.769 30147 DEBUG oslo_concurrency.lockutils [-] Lock "notifier-d1d6b69a-3f1d-444c-8c19-a2dd71752dc1" released by "neutron.notifiers.batch_notifier.synced_send" :: held 4.431s inner /usr/lib/python2.7/site-packages/oslo_concurrency/lockutils.py:282
2018-09-14 01:10:31.138 30150 DEBUG neutron.pecan_wsgi.hooks.policy_enforcement [req-ad56d217-a132-4a20-888f-b9d2f2e031a6 6041b01c631d425d829cf96874ce50bf 671ea1986554476bbcaa620e00697d23 - default default] Attributes excluded by policy engine: [u'vlan_transparent'] _exclude_attributes_by_policy /usr/lib/python2.7/site-packages/neutron/pecan_wsgi/hooks/policy_enforcement.py:256
2018-09-14 01:10:31.142 30150 INFO neutron.wsgi [req-ad56d217-a132-4a20-888f-b9d2f2e031a6 6041b01c631d425d829cf96874ce50bf 671ea1986554476bbcaa620e00697d23 - default default] 10.0.20.25 "GET /v2.0/networks?id=805aed6b-776e-4cd3-9000-43df11a283bc HTTP/1.1" status: 200  len: 885 time: 0.7858591
2018-09-14 01:10:31.203 30150 INFO neutron.wsgi [req-252ba0a1-2a5e-4eb8-a961-4b46963f0a53 6041b01c631d425d829cf96874ce50bf 671ea1986554476bbcaa620e00697d23 - default default] 10.0.20.25 "GET /v2.0/floatingips?fixed_ip_address=11.132.1.4&port_id=9afaa6f5-a608-4a8f-929e-12e4c26436d7 HTTP/1.1" status: 200  len: 750 time: 0.0492971
2018-09-14 01:10:31.379 30150 DEBUG neutron.pecan_wsgi.hooks.policy_enforcement [req-64404866-832b-4e78-888e-9794c2744422 6041b01c631d425d829cf96874ce50bf 671ea1986554476bbcaa620e00697d23 - default default] Attributes excluded by policy engine: [u'shared'] _exclude_attributes_by_policy /usr/lib/python2.7/site-packages/neutron/pecan_wsgi/hooks/policy_enforcement.py:256
2018-09-14 01:10:31.383 30150 INFO neutron.wsgi [req-64404866-832b-4e78-888e-9794c2744422 6041b01c631d425d829cf96874ce50bf 671ea1986554476bbcaa620e00697d23 - default default] 10.0.20.25 "GET /v2.0/subnets?id=26591254-8cb2-4ead-ac8c-c4fefbd085ad HTTP/1.1" status: 200  len: 847 time: 0.1698449
2018-09-14 01:10:31.537 30150 INFO neutron.wsgi [req-507c6a17-f17f-4494-b928-f3c05ec02b08 6041b01c631d425d829cf96874ce50bf 671ea1986554476bbcaa620e00697d23 - default default] 10.0.20.25 "GET /v2.0/ports?network_id=805aed6b-776e-4cd3-9000-43df11a283bc&device_owner=network%3Adhcp HTTP/1.1" status: 200  len: 1128 time: 0.1444860
2018-09-14 01:10:31.835 30150 INFO neutron.wsgi [req-0b8ed3ba-5a40-4519-b1e7-37d0ef39dcd2 6041b01c631d425d829cf96874ce50bf 671ea1986554476bbcaa620e00697d23 - default default] 10.0.20.25 "GET /v2.0/ports?device_id=6cc38e3c-8c37-44c3-a3b2-8aafeca153bc HTTP/1.1" status: 200  len: 1124 time: 1.0331280
2018-09-14 01:10:31.979 30150 INFO neutron.wsgi [req-1010e2eb-671a-447c-a981-db2eaaf952bd 6041b01c631d425d829cf96874ce50bf 671ea1986554476bbcaa620e00697d23 - default default] 10.0.20.25 "GET /v2.0/security-groups?id=1c43567c-ebc3-4aa6-be75-d98d3db2acc7 HTTP/1.1" status: 200  len: 2118 time: 0.1334438
2018-09-14 01:10:33.459 30150 INFO neutron.wsgi [req-0438e82d-fd30-4465-8235-4dbe71d6cd54 6041b01c631d425d829cf96874ce50bf 671ea1986554476bbcaa620e00697d23 - default default] 10.0.20.25 "GET /v2.0/ports?device_id=6cc38e3c-8c37-44c3-a3b2-8aafeca153bc HTTP/1.1" status: 200  len: 1124 time: 0.7889090
2018-09-14 01:10:33.640 30150 INFO neutron.wsgi [req-fa8592a7-7361-417e-aad4-130e55450280 6041b01c631d425d829cf96874ce50bf 671ea1986554476bbcaa620e00697d23 - default default] 10.0.20.25 "GET /v2.0/security-groups?id=1c43567c-ebc3-4aa6-be75-d98d3db2acc7 HTTP/1.1" status: 200  len: 2118 time: 0.1650841
2018-09-14 01:10:36.692 30151 INFO neutron.wsgi [req-2759a47c-04c5-4a2c-a427-749d1e0a86fb 6041b01c631d425d829cf96874ce50bf 671ea1986554476bbcaa620e00697d23 - default default] 10.0.20.25 "GET /v2.0/ports?device_id=6cc38e3c-8c37-44c3-a3b2-8aafeca153bc HTTP/1.1" status: 200  len: 1124 time: 0.7793450
2018-09-14 01:10:36.860 30151 INFO neutron.wsgi [req-6494d641-4b89-44d5-ad27-8e0a4c8af614 6041b01c631d425d829cf96874ce50bf 671ea1986554476bbcaa620e00697d23 - default default] 10.0.20.25 "GET /v2.0/security-groups?id=1c43567c-ebc3-4aa6-be75-d98d3db2acc7 HTTP/1.1" status: 200  len: 2118 time: 0.1578231
2018-09-14 01:10:39.083 30165 DEBUG neutron.db.agents_db [req-ea0f4848-05fa-439c-a846-3d87f0440d97 - - - - -] Agent healthcheck: found 5 active agents agent_health_check /usr/lib/python2.7/site-packages/neutron/db/agents_db.py:281
2018-09-14 01:10:41.171 30161 DEBUG neutron_lib.callbacks.manager [req-907454f2-f504-4312-a188-9c8208808e85 - - - - -] Notify callbacks ['neutron.services.segments.db._update_segment_host_mapping_for_agent--9223363269592805229'] for agent, after_update _notify_loop /usr/lib/python2.7/site-packages/neutron_lib/callbacks/manager.py:167
2018-09-14 01:10:41.188 30163 DEBUG neutron_lib.callbacks.manager [req-c20d76e3-a254-4744-8665-9ad68a92919b - - - - -] Notify callbacks ['neutron.services.segments.db._update_segment_host_mapping_for_agent--9223363269592805229'] for agent, after_update _notify_loop /usr/lib/python2.7/site-packages/neutron_lib/callbacks/manager.py:167
2018-09-14 01:10:41.347 30156 DEBUG neutron_lib.callbacks.manager [req-5cd6af8e-918c-4498-816f-373bd2b93db3 - - - - -] Notify callbacks ['neutron.services.segments.db._update_segment_host_mapping_for_agent--9223363269592805229'] for agent, after_update _notify_loop /usr/lib/python2.7/site-packages/neutron_lib/callbacks/manager.py:167
2018-09-14 01:10:41.906 30159 DEBUG neutron_lib.callbacks.manager [req-36a0aab5-548e-4100-9d0c-dd720d939b2a - - - - -] Notify callbacks ['neutron.services.segments.db._update_segment_host_mapping_for_agent--9223363269592805229'] for agent, after_update _notify_loop /usr/lib/python2.7/site-packages/neutron_lib/callbacks/manager.py:167
2018-09-14 01:10:42.511 30147 INFO neutron.wsgi [req-28ef677a-1539-47d1-a661-4703e1d27c5c 923cc1ab932046e9bf77dcd7ee5191ad f4b8aa14ab144c71ad8c02aaabb0b4f4 - 897c9720461f4c5eac6812853d39b8d2 897c9720461f4c5eac6812853d39b8d2] 10.0.20.25 "GET /v2.0/ports?device_id=6cc38e3c-8c37-44c3-a3b2-8aafeca153bc HTTP/1.1" status: 200  len: 1124 time: 0.5267339
2018-09-14 01:10:42.693 30147 INFO neutron.wsgi [req-8ab71a31-658a-4831-b41d-958a260a4a72 923cc1ab932046e9bf77dcd7ee5191ad f4b8aa14ab144c71ad8c02aaabb0b4f4 - 897c9720461f4c5eac6812853d39b8d2 897c9720461f4c5eac6812853d39b8d2] 10.0.20.25 "GET /v2.0/security-groups?id=1c43567c-ebc3-4aa6-be75-d98d3db2acc7 HTTP/1.1" status: 200  len: 2118 time: 0.1704991
