2018-06-28 15:48:12.087 12939 INFO neutron.wsgi [req-437627d6-570c-4b56-9dab-8c9191eb3810 19a52657dfe84a15b9b3c38c4ed8c000 5dc09d0435b149b68e75ea9482a57209 - b78e2a1963344c59bae22a20c8ab1852 b78e2a1963344c59bae22a20c8ab1852] 10.0.20.46 "GET /v2.0/ports?device_id=76ea9da3-feb8-411d-b9ee-db69d46d7136 HTTP/1.1" status: 200  len: 1125 time: 1.1730859
2018-06-28 15:48:12.258 12939 INFO neutron.wsgi [req-e0f55d61-75e5-4b44-a51e-ffbd2e3c7019 19a52657dfe84a15b9b3c38c4ed8c000 5dc09d0435b149b68e75ea9482a57209 - b78e2a1963344c59bae22a20c8ab1852 b78e2a1963344c59bae22a20c8ab1852] 10.0.20.46 "GET /v2.0/security-groups?id=eb3d7e40-1971-4205-bd06-06db364617e7 HTTP/1.1" status: 200  len: 2118 time: 0.1631758
2018-06-28 15:48:13.286 12934 INFO neutron.wsgi [req-955a68c6-6c39-4fcd-b843-e8e99d972008 655ab8e67d8e4ca680268ee96a43ee95 0ca3103c90a24980adf86a98ed1a7af3 - default default] 10.0.20.46 "GET /v2.0/ports?tenant_id=5dc09d0435b149b68e75ea9482a57209&device_id=76ea9da3-feb8-411d-b9ee-db69d46d7136 HTTP/1.1" status: 200  len: 1125 time: 0.1967211
2018-06-28 15:48:13.576 12934 DEBUG neutron.pecan_wsgi.hooks.policy_enforcement [req-bb1e5ade-526b-47ee-9e4f-63808da7db98 655ab8e67d8e4ca680268ee96a43ee95 0ca3103c90a24980adf86a98ed1a7af3 - default default] Attributes excluded by policy engine: [u'vlan_transparent'] _exclude_attributes_by_policy /usr/lib/python2.7/site-packages/neutron/pecan_wsgi/hooks/policy_enforcement.py:256
2018-06-28 15:48:13.579 12934 INFO neutron.wsgi [req-bb1e5ade-526b-47ee-9e4f-63808da7db98 655ab8e67d8e4ca680268ee96a43ee95 0ca3103c90a24980adf86a98ed1a7af3 - default default] 10.0.20.46 "GET /v2.0/networks?id=03cd664a-eb09-457e-8a5c-11035d60e83e HTTP/1.1" status: 200  len: 885 time: 0.2847841
2018-06-28 15:48:13.644 12934 INFO neutron.wsgi [req-5c958c6c-f3d0-4a82-96e7-c4086eff8cd9 655ab8e67d8e4ca680268ee96a43ee95 0ca3103c90a24980adf86a98ed1a7af3 - default default] 10.0.20.46 "GET /v2.0/floatingips?fixed_ip_address=11.107.1.10&port_id=7e7686ff-69d4-4fe1-a0ef-7c3e26638d83 HTTP/1.1" status: 200  len: 751 time: 0.0567501
2018-06-28 15:48:13.818 12934 DEBUG neutron.pecan_wsgi.hooks.policy_enforcement [req-b8dc1041-a42f-45d2-ac33-996554575cb4 655ab8e67d8e4ca680268ee96a43ee95 0ca3103c90a24980adf86a98ed1a7af3 - default default] Attributes excluded by policy engine: [u'shared'] _exclude_attributes_by_policy /usr/lib/python2.7/site-packages/neutron/pecan_wsgi/hooks/policy_enforcement.py:256
2018-06-28 15:48:13.821 12934 INFO neutron.wsgi [req-b8dc1041-a42f-45d2-ac33-996554575cb4 655ab8e67d8e4ca680268ee96a43ee95 0ca3103c90a24980adf86a98ed1a7af3 - default default] 10.0.20.46 "GET /v2.0/subnets?id=98d91649-75e9-49c0-b89c-fdff4cded6a6 HTTP/1.1" status: 200  len: 847 time: 0.1687121
2018-06-28 15:48:13.985 12934 INFO neutron.wsgi [req-1d6e12af-327c-46d0-8804-f022cee32f35 655ab8e67d8e4ca680268ee96a43ee95 0ca3103c90a24980adf86a98ed1a7af3 - default default] 10.0.20.46 "GET /v2.0/ports?network_id=03cd664a-eb09-457e-8a5c-11035d60e83e&device_owner=network%3Adhcp HTTP/1.1" status: 200  len: 1128 time: 0.1485400
2018-06-28 15:48:16.883 12956 DEBUG neutron.plugins.ml2.rpc [req-e46a375f-8087-4ae3-bdd7-1fd0bdee2533 - - - - -] Device 7e7686ff-69d4-4fe1-a0ef-7c3e26638d83 no longer exists at agent ovs-agent-localhost.localdomain update_device_down /usr/lib/python2.7/site-packages/neutron/plugins/ml2/rpc.py:213
2018-06-28 15:48:17.551 12956 DEBUG neutron_lib.callbacks.manager [req-e46a375f-8087-4ae3-bdd7-1fd0bdee2533 - - - - -] Notify callbacks ['neutron.plugins.ml2.plugin.Ml2Plugin._ensure_default_security_group_handler--9223372036852985718'] for port, before_update _notify_loop /usr/lib/python2.7/site-packages/neutron_lib/callbacks/manager.py:167
2018-06-28 15:48:17.621 12956 DEBUG oslo_concurrency.lockutils [-] Lock "notifier-38dca8bb-a07e-4daf-acb1-6287c369588e" acquired by "neutron.notifiers.batch_notifier.synced_send" :: waited 0.000s inner /usr/lib/python2.7/site-packages/oslo_concurrency/lockutils.py:270
2018-06-28 15:48:17.622 12956 DEBUG neutron.notifiers.nova [-] Sending events: [{'status': 'completed', 'tag': u'7e7686ff-69d4-4fe1-a0ef-7c3e26638d83', 'name': 'network-vif-unplugged', 'server_uuid': u'76ea9da3-feb8-411d-b9ee-db69d46d7136'}] send_events /usr/lib/python2.7/site-packages/neutron/notifiers/nova.py:242
2018-06-28 15:48:17.627 12956 DEBUG novaclient.v2.client [-] REQ: curl -g -i -X POST http://10.0.20.46:8774/v2.1/0ca3103c90a24980adf86a98ed1a7af3/os-server-external-events -H "User-Agent: python-novaclient" -H "Content-Type: application/json" -H "Accept: application/json" -H "X-OpenStack-Nova-API-Version: 2.1" -H "X-Auth-Token: {SHA1}4876a260733c34012a77f3b0b2e64e235932464d" -d '{"events": [{"status": "completed", "tag": "7e7686ff-69d4-4fe1-a0ef-7c3e26638d83", "name": "network-vif-unplugged", "server_uuid": "76ea9da3-feb8-411d-b9ee-db69d46d7136"}]}' _http_log_request /usr/lib/python2.7/site-packages/keystoneauth1/session.py:375
2018-06-28 15:48:17.632 12956 DEBUG neutron.plugins.ml2.db [req-e46a375f-8087-4ae3-bdd7-1fd0bdee2533 - - - - -] For port 7e7686ff-69d4-4fe1-a0ef-7c3e26638d83, host localhost.localdomain, got binding levels [<neutron.plugins.ml2.models.PortBindingLevel[object at 7f69b1300610] {port_id=u'7e7686ff-69d4-4fe1-a0ef-7c3e26638d83', host=u'localhost.localdomain', level=0, driver=u'openvswitch', segment_id=u'4c097beb-397a-4fa8-83c6-f512b6730ce4'}>] get_binding_levels /usr/lib/python2.7/site-packages/neutron/plugins/ml2/db.py:106
2018-06-28 15:48:17.644 12956 DEBUG neutron_lib.callbacks.manager [req-e46a375f-8087-4ae3-bdd7-1fd0bdee2533 - - - - -] Notify callbacks ['neutron.db.l3_dvrscheduler_db._notify_l3_agent_port_update--9223363281108816884', 'neutron.plugins.ml2.plugin.Ml2Plugin.notify_sg_on_port_change-1790207', 'neutron.api.rpc.agentnotifiers.dhcp_rpc_agent_api.DhcpAgentNotifyAPI._native_event_send_dhcp_notification--9223372036853998599', 'neutron.db.l3_hascheduler_db._notify_l3_agent_ha_port_update--9223363281108816809', 'neutron.plugins.ml2.ovo_rpc._ObjectChangeHandler.handle_event-618496'] for port, after_update _notify_loop /usr/lib/python2.7/site-packages/neutron_lib/callbacks/manager.py:167
2018-06-28 15:48:17.669 12956 DEBUG oslo_concurrency.lockutils [-] Lock "event-dispatch" acquired by "neutron.plugins.ml2.ovo_rpc.dispatch_events" :: waited 0.000s inner /usr/lib/python2.7/site-packages/oslo_concurrency/lockutils.py:270
2018-06-28 15:48:17.808 12956 DEBUG neutron.api.rpc.handlers.resources_rpc [req-e46a375f-8087-4ae3-bdd7-1fd0bdee2533 - - - - -] neutron.api.rpc.handlers.resources_rpc.ResourcesPushRpcApi method push called with arguments (<neutron_lib.context.Context object at 0x7f69b1431f50>, [Port(admin_state_up=True,allowed_address_pairs=[],binding=PortBinding,binding_levels=[PortBindingLevel],created_at=2018-06-28T13:45:09Z,data_plane_status=<?>,description='',device_id='76ea9da3-feb8-411d-b9ee-db69d46d7136',device_owner='compute:nova',dhcp_options=[],distributed_binding=None,dns=None,fixed_ips=[IPAllocation],id=7e7686ff-69d4-4fe1-a0ef-7c3e26638d83,mac_address=fa:16:3e:2a:cc:94,name='',network_id=03cd664a-eb09-457e-8a5c-11035d60e83e,project_id='5dc09d0435b149b68e75ea9482a57209',qos_policy_id=None,revision_number=7,security=PortSecurity(7e7686ff-69d4-4fe1-a0ef-7c3e26638d83),security_group_ids=set([eb3d7e40-1971-4205-bd06-06db364617e7]),status='DOWN',updated_at=2018-06-28T13:48:17Z)], 'updated') {} wrapper /usr/lib/python2.7/site-packages/oslo_log/helpers.py:66
2018-06-28 15:48:17.828 12956 DEBUG neutron.api.rpc.callbacks.version_manager [req-e46a375f-8087-4ae3-bdd7-1fd0bdee2533 - - - - -] Version for resource type Subnet changed None to 1.0 on consumer Open vSwitch agent@localhost.localdomain _set_version /usr/lib/python2.7/site-packages/neutron/api/rpc/callbacks/version_manager.py:119
2018-06-28 15:48:17.829 12956 DEBUG neutron.api.rpc.callbacks.version_manager [req-e46a375f-8087-4ae3-bdd7-1fd0bdee2533 - - - - -] Version for resource type Network changed None to 1.0 on consumer Open vSwitch agent@localhost.localdomain _set_version /usr/lib/python2.7/site-packages/neutron/api/rpc/callbacks/version_manager.py:119
2018-06-28 15:48:17.830 12956 DEBUG neutron.api.rpc.callbacks.version_manager [req-e46a375f-8087-4ae3-bdd7-1fd0bdee2533 - - - - -] Version for resource type SubPort changed None to 1.0 on consumer Open vSwitch agent@localhost.localdomain _set_version /usr/lib/python2.7/site-packages/neutron/api/rpc/callbacks/version_manager.py:119
2018-06-28 15:48:17.831 12956 DEBUG neutron.api.rpc.callbacks.version_manager [req-e46a375f-8087-4ae3-bdd7-1fd0bdee2533 - - - - -] Version for resource type SecurityGroup changed None to 1.0 on consumer Open vSwitch agent@localhost.localdomain _set_version /usr/lib/python2.7/site-packages/neutron/api/rpc/callbacks/version_manager.py:119
2018-06-28 15:48:17.832 12956 DEBUG neutron.api.rpc.callbacks.version_manager [req-e46a375f-8087-4ae3-bdd7-1fd0bdee2533 - - - - -] Version for resource type SecurityGroupRule changed None to 1.0 on consumer Open vSwitch agent@localhost.localdomain _set_version /usr/lib/python2.7/site-packages/neutron/api/rpc/callbacks/version_manager.py:119
2018-06-28 15:48:17.832 12956 DEBUG neutron.api.rpc.callbacks.version_manager [req-e46a375f-8087-4ae3-bdd7-1fd0bdee2533 - - - - -] Version for resource type Trunk changed None to 1.1 on consumer Open vSwitch agent@localhost.localdomain _set_version /usr/lib/python2.7/site-packages/neutron/api/rpc/callbacks/version_manager.py:119
2018-06-28 15:48:17.833 12956 DEBUG neutron.api.rpc.callbacks.version_manager [req-e46a375f-8087-4ae3-bdd7-1fd0bdee2533 - - - - -] Version for resource type QosPolicy changed None to 1.6 on consumer Open vSwitch agent@localhost.localdomain _set_version /usr/lib/python2.7/site-packages/neutron/api/rpc/callbacks/version_manager.py:119
2018-06-28 15:48:17.835 12956 DEBUG neutron.api.rpc.callbacks.version_manager [req-e46a375f-8087-4ae3-bdd7-1fd0bdee2533 - - - - -] Version for resource type Port changed None to 1.1 on consumer Open vSwitch agent@localhost.localdomain _set_version /usr/lib/python2.7/site-packages/neutron/api/rpc/callbacks/version_manager.py:119
2018-06-28 15:48:17.836 12956 DEBUG neutron.api.rpc.callbacks.version_manager [req-e46a375f-8087-4ae3-bdd7-1fd0bdee2533 - - - - -] Version for resource type Log changed None to 1.0 on consumer Open vSwitch agent@localhost.localdomain _set_version /usr/lib/python2.7/site-packages/neutron/api/rpc/callbacks/version_manager.py:119
2018-06-28 15:48:17.863 12956 DEBUG oslo_concurrency.lockutils [req-e46a375f-8087-4ae3-bdd7-1fd0bdee2533 - - - - -] Lock "event-dispatch" released by "neutron.plugins.ml2.ovo_rpc.dispatch_events" :: held 0.194s inner /usr/lib/python2.7/site-packages/oslo_concurrency/lockutils.py:282
2018-06-28 15:48:18.408 12956 DEBUG novaclient.v2.client [-] RESP: [200] Content-Length: 185 Content-Type: application/json Openstack-Api-Version: compute 2.1 X-Openstack-Nova-Api-Version: 2.1 Vary: OpenStack-API-Version, X-OpenStack-Nova-API-Version X-Openstack-Request-Id: req-217f6805-1488-4a4c-bd4a-725e3f277e3c X-Compute-Request-Id: req-217f6805-1488-4a4c-bd4a-725e3f277e3c Date: Thu, 28 Jun 2018 13:48:18 GMT Connection: keep-alive 
RESP BODY: {"events": [{"status": "completed", "tag": "7e7686ff-69d4-4fe1-a0ef-7c3e26638d83", "name": "network-vif-unplugged", "server_uuid": "76ea9da3-feb8-411d-b9ee-db69d46d7136", "code": 200}]}
 _http_log_response /usr/lib/python2.7/site-packages/keystoneauth1/session.py:423
2018-06-28 15:48:18.410 12956 DEBUG novaclient.v2.client [-] POST call to compute for http://10.0.20.46:8774/v2.1/0ca3103c90a24980adf86a98ed1a7af3/os-server-external-events used request id req-217f6805-1488-4a4c-bd4a-725e3f277e3c request /usr/lib/python2.7/site-packages/keystoneauth1/session.py:727
2018-06-28 15:48:18.418 12956 INFO neutron.notifiers.nova [-] Nova event response: {u'status': u'completed', u'tag': u'7e7686ff-69d4-4fe1-a0ef-7c3e26638d83', u'name': u'network-vif-unplugged', u'server_uuid': u'76ea9da3-feb8-411d-b9ee-db69d46d7136', u'code': 200}
2018-06-28 15:48:18.941 12954 DEBUG neutron.plugins.ml2.rpc [req-e46a375f-8087-4ae3-bdd7-1fd0bdee2533 - - - - -] Device 7e7686ff-69d4-4fe1-a0ef-7c3e26638d83 up at agent ovs-agent-localhost.localdomain update_device_up /usr/lib/python2.7/site-packages/neutron/plugins/ml2/rpc.py:244
2018-06-28 15:48:19.115 12954 DEBUG neutron.db.provisioning_blocks [req-e46a375f-8087-4ae3-bdd7-1fd0bdee2533 - - - - -] Provisioning complete for port 7e7686ff-69d4-4fe1-a0ef-7c3e26638d83 triggered by entity L2. provisioning_complete /usr/lib/python2.7/site-packages/neutron/db/provisioning_blocks.py:138
2018-06-28 15:48:19.116 12954 DEBUG neutron_lib.callbacks.manager [req-e46a375f-8087-4ae3-bdd7-1fd0bdee2533 - - - - -] Notify callbacks ['neutron.plugins.ml2.plugin.Ml2Plugin._port_provisioned-1458638'] for port, provisioning_complete _notify_loop /usr/lib/python2.7/site-packages/neutron_lib/callbacks/manager.py:167
2018-06-28 15:48:19.291 12954 DEBUG neutron_lib.callbacks.manager [req-e46a375f-8087-4ae3-bdd7-1fd0bdee2533 - - - - -] Notify callbacks ['neutron.plugins.ml2.plugin.Ml2Plugin._ensure_default_security_group_handler--9223372036852985718'] for port, before_update _notify_loop /usr/lib/python2.7/site-packages/neutron_lib/callbacks/manager.py:167
2018-06-28 15:48:19.370 12954 DEBUG oslo_concurrency.lockutils [-] Lock "notifier-38dca8bb-a07e-4daf-acb1-6287c369588e" acquired by "neutron.notifiers.batch_notifier.synced_send" :: waited 0.000s inner /usr/lib/python2.7/site-packages/oslo_concurrency/lockutils.py:270
2018-06-28 15:48:19.371 12954 DEBUG neutron.notifiers.nova [-] Sending events: [{'status': 'completed', 'tag': u'7e7686ff-69d4-4fe1-a0ef-7c3e26638d83', 'name': 'network-vif-plugged', 'server_uuid': u'76ea9da3-feb8-411d-b9ee-db69d46d7136'}] send_events /usr/lib/python2.7/site-packages/neutron/notifiers/nova.py:242
2018-06-28 15:48:19.379 12954 DEBUG novaclient.v2.client [-] REQ: curl -g -i -X POST http://10.0.20.46:8774/v2.1/0ca3103c90a24980adf86a98ed1a7af3/os-server-external-events -H "User-Agent: python-novaclient" -H "Content-Type: application/json" -H "Accept: application/json" -H "X-OpenStack-Nova-API-Version: 2.1" -H "X-Auth-Token: {SHA1}98573083f1ae104903b20cc6c49ccede52b0b1c0" -d '{"events": [{"status": "completed", "tag": "7e7686ff-69d4-4fe1-a0ef-7c3e26638d83", "name": "network-vif-plugged", "server_uuid": "76ea9da3-feb8-411d-b9ee-db69d46d7136"}]}' _http_log_request /usr/lib/python2.7/site-packages/keystoneauth1/session.py:375
2018-06-28 15:48:19.383 12954 DEBUG neutron.plugins.ml2.db [req-e46a375f-8087-4ae3-bdd7-1fd0bdee2533 - - - - -] For port 7e7686ff-69d4-4fe1-a0ef-7c3e26638d83, host localhost.localdomain, got binding levels [<neutron.plugins.ml2.models.PortBindingLevel[object at 7f69b14e49d0] {port_id=u'7e7686ff-69d4-4fe1-a0ef-7c3e26638d83', host=u'localhost.localdomain', level=0, driver=u'openvswitch', segment_id=u'4c097beb-397a-4fa8-83c6-f512b6730ce4'}>] get_binding_levels /usr/lib/python2.7/site-packages/neutron/plugins/ml2/db.py:106
2018-06-28 15:48:19.437 12954 DEBUG neutron_lib.callbacks.manager [req-e46a375f-8087-4ae3-bdd7-1fd0bdee2533 - - - - -] Notify callbacks ['neutron.db.l3_dvrscheduler_db._notify_l3_agent_port_update--9223363281108816884', 'neutron.plugins.ml2.plugin.Ml2Plugin.notify_sg_on_port_change-1790207', 'neutron.api.rpc.agentnotifiers.dhcp_rpc_agent_api.DhcpAgentNotifyAPI._native_event_send_dhcp_notification--9223372036853998599', 'neutron.db.l3_hascheduler_db._notify_l3_agent_ha_port_update--9223363281108816809', 'neutron.plugins.ml2.ovo_rpc._ObjectChangeHandler.handle_event-618496'] for port, after_update _notify_loop /usr/lib/python2.7/site-packages/neutron_lib/callbacks/manager.py:167
2018-06-28 15:48:19.454 12954 DEBUG oslo_concurrency.lockutils [-] Lock "event-dispatch" acquired by "neutron.plugins.ml2.ovo_rpc.dispatch_events" :: waited 0.000s inner /usr/lib/python2.7/site-packages/oslo_concurrency/lockutils.py:270
2018-06-28 15:48:19.578 12954 DEBUG neutron.api.rpc.handlers.resources_rpc [req-e46a375f-8087-4ae3-bdd7-1fd0bdee2533 - - - - -] neutron.api.rpc.handlers.resources_rpc.ResourcesPushRpcApi method push called with arguments (<neutron_lib.context.Context object at 0x7f69b148cc50>, [Port(admin_state_up=True,allowed_address_pairs=[],binding=PortBinding,binding_levels=[PortBindingLevel],created_at=2018-06-28T13:45:09Z,data_plane_status=<?>,description='',device_id='76ea9da3-feb8-411d-b9ee-db69d46d7136',device_owner='compute:nova',dhcp_options=[],distributed_binding=None,dns=None,fixed_ips=[IPAllocation],id=7e7686ff-69d4-4fe1-a0ef-7c3e26638d83,mac_address=fa:16:3e:2a:cc:94,name='',network_id=03cd664a-eb09-457e-8a5c-11035d60e83e,project_id='5dc09d0435b149b68e75ea9482a57209',qos_policy_id=None,revision_number=8,security=PortSecurity(7e7686ff-69d4-4fe1-a0ef-7c3e26638d83),security_group_ids=set([eb3d7e40-1971-4205-bd06-06db364617e7]),status='ACTIVE',updated_at=2018-06-28T13:48:19Z)], 'updated') {} wrapper /usr/lib/python2.7/site-packages/oslo_log/helpers.py:66
2018-06-28 15:48:19.595 12954 DEBUG neutron.api.rpc.callbacks.version_manager [req-e46a375f-8087-4ae3-bdd7-1fd0bdee2533 - - - - -] Version for resource type Subnet changed None to 1.0 on consumer Open vSwitch agent@localhost.localdomain _set_version /usr/lib/python2.7/site-packages/neutron/api/rpc/callbacks/version_manager.py:119
2018-06-28 15:48:19.596 12954 DEBUG neutron.api.rpc.callbacks.version_manager [req-e46a375f-8087-4ae3-bdd7-1fd0bdee2533 - - - - -] Version for resource type Network changed None to 1.0 on consumer Open vSwitch agent@localhost.localdomain _set_version /usr/lib/python2.7/site-packages/neutron/api/rpc/callbacks/version_manager.py:119
2018-06-28 15:48:19.596 12954 DEBUG neutron.api.rpc.callbacks.version_manager [req-e46a375f-8087-4ae3-bdd7-1fd0bdee2533 - - - - -] Version for resource type SubPort changed None to 1.0 on consumer Open vSwitch agent@localhost.localdomain _set_version /usr/lib/python2.7/site-packages/neutron/api/rpc/callbacks/version_manager.py:119
2018-06-28 15:48:19.597 12954 DEBUG neutron.api.rpc.callbacks.version_manager [req-e46a375f-8087-4ae3-bdd7-1fd0bdee2533 - - - - -] Version for resource type SecurityGroup changed None to 1.0 on consumer Open vSwitch agent@localhost.localdomain _set_version /usr/lib/python2.7/site-packages/neutron/api/rpc/callbacks/version_manager.py:119
2018-06-28 15:48:19.598 12954 DEBUG neutron.api.rpc.callbacks.version_manager [req-e46a375f-8087-4ae3-bdd7-1fd0bdee2533 - - - - -] Version for resource type SecurityGroupRule changed None to 1.0 on consumer Open vSwitch agent@localhost.localdomain _set_version /usr/lib/python2.7/site-packages/neutron/api/rpc/callbacks/version_manager.py:119
2018-06-28 15:48:19.599 12954 DEBUG neutron.api.rpc.callbacks.version_manager [req-e46a375f-8087-4ae3-bdd7-1fd0bdee2533 - - - - -] Version for resource type Trunk changed None to 1.1 on consumer Open vSwitch agent@localhost.localdomain _set_version /usr/lib/python2.7/site-packages/neutron/api/rpc/callbacks/version_manager.py:119
2018-06-28 15:48:19.599 12954 DEBUG neutron.api.rpc.callbacks.version_manager [req-e46a375f-8087-4ae3-bdd7-1fd0bdee2533 - - - - -] Version for resource type QosPolicy changed None to 1.6 on consumer Open vSwitch agent@localhost.localdomain _set_version /usr/lib/python2.7/site-packages/neutron/api/rpc/callbacks/version_manager.py:119
2018-06-28 15:48:19.613 12954 DEBUG neutron.api.rpc.callbacks.version_manager [req-e46a375f-8087-4ae3-bdd7-1fd0bdee2533 - - - - -] Version for resource type Port changed None to 1.1 on consumer Open vSwitch agent@localhost.localdomain _set_version /usr/lib/python2.7/site-packages/neutron/api/rpc/callbacks/version_manager.py:119
2018-06-28 15:48:19.614 12954 DEBUG neutron.api.rpc.callbacks.version_manager [req-e46a375f-8087-4ae3-bdd7-1fd0bdee2533 - - - - -] Version for resource type Log changed None to 1.0 on consumer Open vSwitch agent@localhost.localdomain _set_version /usr/lib/python2.7/site-packages/neutron/api/rpc/callbacks/version_manager.py:119
2018-06-28 15:48:19.640 12954 DEBUG oslo_concurrency.lockutils [req-e46a375f-8087-4ae3-bdd7-1fd0bdee2533 - - - - -] Lock "event-dispatch" released by "neutron.plugins.ml2.ovo_rpc.dispatch_events" :: held 0.186s inner /usr/lib/python2.7/site-packages/oslo_concurrency/lockutils.py:282
2018-06-28 15:48:20.068 12954 DEBUG novaclient.v2.client [-] RESP: [200] Content-Length: 183 Content-Type: application/json Openstack-Api-Version: compute 2.1 X-Openstack-Nova-Api-Version: 2.1 Vary: OpenStack-API-Version, X-OpenStack-Nova-API-Version X-Openstack-Request-Id: req-71d1b920-9638-438e-a617-b4a9c37cba15 X-Compute-Request-Id: req-71d1b920-9638-438e-a617-b4a9c37cba15 Date: Thu, 28 Jun 2018 13:48:20 GMT Connection: keep-alive 
RESP BODY: {"events": [{"status": "completed", "tag": "7e7686ff-69d4-4fe1-a0ef-7c3e26638d83", "name": "network-vif-plugged", "server_uuid": "76ea9da3-feb8-411d-b9ee-db69d46d7136", "code": 200}]}
 _http_log_response /usr/lib/python2.7/site-packages/keystoneauth1/session.py:423
2018-06-28 15:48:20.068 12954 DEBUG novaclient.v2.client [-] POST call to compute for http://10.0.20.46:8774/v2.1/0ca3103c90a24980adf86a98ed1a7af3/os-server-external-events used request id req-71d1b920-9638-438e-a617-b4a9c37cba15 request /usr/lib/python2.7/site-packages/keystoneauth1/session.py:727
2018-06-28 15:48:20.076 12954 INFO neutron.notifiers.nova [-] Nova event response: {u'status': u'completed', u'tag': u'7e7686ff-69d4-4fe1-a0ef-7c3e26638d83', u'name': u'network-vif-plugged', u'server_uuid': u'76ea9da3-feb8-411d-b9ee-db69d46d7136', u'code': 200}
2018-06-28 15:48:20.343 12939 INFO neutron.wsgi [req-d50dd740-804d-4eb5-a302-8a2ccb09667a 19a52657dfe84a15b9b3c38c4ed8c000 5dc09d0435b149b68e75ea9482a57209 - b78e2a1963344c59bae22a20c8ab1852 b78e2a1963344c59bae22a20c8ab1852] 10.0.20.46 "GET /v2.0/ports?device_id=76ea9da3-feb8-411d-b9ee-db69d46d7136 HTTP/1.1" status: 200  len: 1125 time: 0.6401141
2018-06-28 15:48:20.419 12956 DEBUG oslo_concurrency.lockutils [-] Lock "notifier-38dca8bb-a07e-4daf-acb1-6287c369588e" released by "neutron.notifiers.batch_notifier.synced_send" :: held 2.798s inner /usr/lib/python2.7/site-packages/oslo_concurrency/lockutils.py:282
2018-06-28 15:48:20.473 12939 INFO neutron.wsgi [req-bc6e4275-5383-40f8-860f-6cff2af03bb1 19a52657dfe84a15b9b3c38c4ed8c000 5dc09d0435b149b68e75ea9482a57209 - b78e2a1963344c59bae22a20c8ab1852 b78e2a1963344c59bae22a20c8ab1852] 10.0.20.46 "GET /v2.0/security-groups?id=eb3d7e40-1971-4205-bd06-06db364617e7 HTTP/1.1" status: 200  len: 2118 time: 0.1232710
2018-06-28 15:48:20.826 12955 DEBUG neutron.plugins.ml2.rpc [req-e46a375f-8087-4ae3-bdd7-1fd0bdee2533 - - - - -] Device 7e7686ff-69d4-4fe1-a0ef-7c3e26638d83 up at agent ovs-agent-localhost.localdomain update_device_up /usr/lib/python2.7/site-packages/neutron/plugins/ml2/rpc.py:244
2018-06-28 15:48:20.963 12955 DEBUG neutron.db.provisioning_blocks [req-e46a375f-8087-4ae3-bdd7-1fd0bdee2533 - - - - -] Provisioning complete for port 7e7686ff-69d4-4fe1-a0ef-7c3e26638d83 triggered by entity L2. provisioning_complete /usr/lib/python2.7/site-packages/neutron/db/provisioning_blocks.py:138
2018-06-28 15:48:20.965 12955 DEBUG neutron_lib.callbacks.manager [req-e46a375f-8087-4ae3-bdd7-1fd0bdee2533 - - - - -] Notify callbacks ['neutron.plugins.ml2.plugin.Ml2Plugin._port_provisioned-1458638'] for port, provisioning_complete _notify_loop /usr/lib/python2.7/site-packages/neutron_lib/callbacks/manager.py:167
2018-06-28 15:48:22.077 12954 DEBUG oslo_concurrency.lockutils [-] Lock "notifier-38dca8bb-a07e-4daf-acb1-6287c369588e" released by "neutron.notifiers.batch_notifier.synced_send" :: held 2.707s inner /usr/lib/python2.7/site-packages/oslo_concurrency/lockutils.py:282
2018-06-28 15:48:22.735 12955 DEBUG neutron_lib.callbacks.manager [req-7090c29f-e92a-435a-96f2-1a482f1f033a - - - - -] Notify callbacks ['neutron.services.segments.db._update_segment_host_mapping_for_agent-8755746319952'] for agent, after_update _notify_loop /usr/lib/python2.7/site-packages/neutron_lib/callbacks/manager.py:167
2018-06-28 15:48:22.845 12947 DEBUG neutron_lib.callbacks.manager [req-090bbd8c-e51d-4342-906c-b6bf94219c61 - - - - -] Notify callbacks ['neutron.services.segments.db._update_segment_host_mapping_for_agent-8755746319952'] for agent, after_update _notify_loop /usr/lib/python2.7/site-packages/neutron_lib/callbacks/manager.py:167
2018-06-28 15:48:24.179 12952 DEBUG neutron_lib.callbacks.manager [req-681c6b82-936c-46f5-846e-4412bafe017d - - - - -] Notify callbacks ['neutron.services.segments.db._update_segment_host_mapping_for_agent-8755746319952'] for agent, after_update _notify_loop /usr/lib/python2.7/site-packages/neutron_lib/callbacks/manager.py:167
2018-06-28 15:48:30.917 12950 DEBUG neutron_lib.callbacks.manager [req-cd0067c9-a176-427c-9d53-60b633cd5e2d - - - - -] Notify callbacks ['neutron.services.segments.db._update_segment_host_mapping_for_agent-8755746319952'] for agent, after_update _notify_loop /usr/lib/python2.7/site-packages/neutron_lib/callbacks/manager.py:167
2018-06-28 15:48:40.106 12953 DEBUG neutron_lib.callbacks.manager [req-e46a375f-8087-4ae3-bdd7-1fd0bdee2533 - - - - -] Notify callbacks ['neutron.services.segments.db._update_segment_host_mapping_for_agent-8755746319952'] for agent, after_update _notify_loop /usr/lib/python2.7/site-packages/neutron_lib/callbacks/manager.py:167
2018-06-28 15:48:46.345 12958 DEBUG neutron.db.agents_db [req-119e5fd7-14e7-4a14-b024-f61ddb2df1fe - - - - -] Agent healthcheck: found 5 active agents agent_health_check /usr/lib/python2.7/site-packages/neutron/db/agents_db.py:281
2018-06-28 15:48:50.698 12934 INFO neutron.wsgi [req-f57c98c0-7dc3-4ab6-a397-4c71ed60ae2e 655ab8e67d8e4ca680268ee96a43ee95 0ca3103c90a24980adf86a98ed1a7af3 - default default] 10.0.20.46 "GET /v2.0/ports?device_id=76ea9da3-feb8-411d-b9ee-db69d46d7136 HTTP/1.1" status: 200  len: 1125 time: 0.1552289
2018-06-28 15:48:50.850 12934 INFO neutron.wsgi [req-89f17085-75ac-4d6c-99c0-36ea5c059079 655ab8e67d8e4ca680268ee96a43ee95 0ca3103c90a24980adf86a98ed1a7af3 - default default] 10.0.20.46 "GET /v2.0/security-groups?id=eb3d7e40-1971-4205-bd06-06db364617e7 HTTP/1.1" status: 200  len: 2118 time: 0.1432121
2018-06-28 15:48:52.092 12938 INFO neutron.wsgi [req-d2669796-03cd-48ae-9cf9-d2620de42d9d 655ab8e67d8e4ca680268ee96a43ee95 0ca3103c90a24980adf86a98ed1a7af3 - default default] 10.0.20.46 "GET /v2.0/ports?device_id=76ea9da3-feb8-411d-b9ee-db69d46d7136 HTTP/1.1" status: 200  len: 1125 time: 0.2330141
2018-06-28 15:48:52.363 12938 INFO neutron.wsgi [req-6187266c-bfda-4a03-8355-8172290e95f8 655ab8e67d8e4ca680268ee96a43ee95 0ca3103c90a24980adf86a98ed1a7af3 - default default] 10.0.20.46 "GET /v2.0/security-groups?id=eb3d7e40-1971-4205-bd06-06db364617e7 HTTP/1.1" status: 200  len: 2118 time: 0.2143610
2018-06-28 15:48:52.766 12956 DEBUG neutron_lib.callbacks.manager [req-7090c29f-e92a-435a-96f2-1a482f1f033a - - - - -] Notify callbacks ['neutron.services.segments.db._update_segment_host_mapping_for_agent-8755746319952'] for agent, after_update _notify_loop /usr/lib/python2.7/site-packages/neutron_lib/callbacks/manager.py:167
2018-06-28 15:48:52.862 12957 DEBUG neutron_lib.callbacks.manager [req-090bbd8c-e51d-4342-906c-b6bf94219c61 - - - - -] Notify callbacks ['neutron.services.segments.db._update_segment_host_mapping_for_agent-8755746319952'] for agent, after_update _notify_loop /usr/lib/python2.7/site-packages/neutron_lib/callbacks/manager.py:167
2018-06-28 15:48:53.652 12937 INFO neutron.wsgi [req-0bebf904-7b96-4dc2-b258-bbc5e9f8b6fc 655ab8e67d8e4ca680268ee96a43ee95 0ca3103c90a24980adf86a98ed1a7af3 - default default] 10.0.20.46 "GET /v2.0/ports?device_id=76ea9da3-feb8-411d-b9ee-db69d46d7136 HTTP/1.1" status: 200  len: 1125 time: 0.7872131
2018-06-28 15:48:53.787 12937 INFO neutron.wsgi [req-070efa1e-42e3-4786-bf33-3bfe96db4278 655ab8e67d8e4ca680268ee96a43ee95 0ca3103c90a24980adf86a98ed1a7af3 - default default] 10.0.20.46 "GET /v2.0/security-groups?id=eb3d7e40-1971-4205-bd06-06db364617e7 HTTP/1.1" status: 200  len: 2118 time: 0.1275790
2018-06-28 15:48:54.128 12946 DEBUG neutron_lib.callbacks.manager [req-4f4614dd-5391-4971-a417-dd2b3cb2ea2e - - - - -] Notify callbacks ['neutron.services.segments.db._update_segment_host_mapping_for_agent-8755746319952'] for agent, after_update _notify_loop /usr/lib/python2.7/site-packages/neutron_lib/callbacks/manager.py:167
2018-06-28 15:48:54.417 12934 INFO neutron.wsgi [req-a3a6e27a-300f-4b84-afa8-755fc3590d51 655ab8e67d8e4ca680268ee96a43ee95 0ca3103c90a24980adf86a98ed1a7af3 - default default] 10.0.20.46 "GET /v2.0/ports?device_id=76ea9da3-feb8-411d-b9ee-db69d46d7136 HTTP/1.1" status: 200  len: 1125 time: 0.1349120
2018-06-28 15:48:54.543 12934 INFO neutron.wsgi [req-a9abfad2-646b-4994-8fe2-c702a7752e60 655ab8e67d8e4ca680268ee96a43ee95 0ca3103c90a24980adf86a98ed1a7af3 - default default] 10.0.20.46 "GET /v2.0/security-groups?id=eb3d7e40-1971-4205-bd06-06db364617e7 HTTP/1.1" status: 200  len: 2118 time: 0.1184831
2018-06-28 15:48:55.733 12941 INFO neutron.wsgi [req-746c0197-d189-4725-91a8-c56e923aca29 655ab8e67d8e4ca680268ee96a43ee95 0ca3103c90a24980adf86a98ed1a7af3 - default default] 10.0.20.46 "GET /v2.0/ports?device_id=76ea9da3-feb8-411d-b9ee-db69d46d7136 HTTP/1.1" status: 200  len: 1125 time: 0.1610160
2018-06-28 15:48:55.871 12941 INFO neutron.wsgi [req-4fa4a786-16c9-4540-96bf-95fc3955d65c 655ab8e67d8e4ca680268ee96a43ee95 0ca3103c90a24980adf86a98ed1a7af3 - default default] 10.0.20.46 "GET /v2.0/security-groups?id=eb3d7e40-1971-4205-bd06-06db364617e7 HTTP/1.1" status: 200  len: 2118 time: 0.1291561
2018-06-28 15:48:59.260 12938 INFO neutron.wsgi [req-c2739160-236d-4c1c-8c1d-b4ee9a44d252 655ab8e67d8e4ca680268ee96a43ee95 0ca3103c90a24980adf86a98ed1a7af3 - default default] 10.0.20.46 "GET /v2.0/ports?device_id=76ea9da3-feb8-411d-b9ee-db69d46d7136 HTTP/1.1" status: 200  len: 1125 time: 0.6441250
2018-06-28 15:48:59.367 12934 INFO neutron.wsgi [req-bbb0aa7c-c592-4d96-98bf-8d5c49a6f266 655ab8e67d8e4ca680268ee96a43ee95 0ca3103c90a24980adf86a98ed1a7af3 - default default] 10.0.20.46 "GET /v2.0/ports?tenant_id=5dc09d0435b149b68e75ea9482a57209&device_id=76ea9da3-feb8-411d-b9ee-db69d46d7136 HTTP/1.1" status: 200  len: 1125 time: 0.1240320
2018-06-28 15:48:59.379 12938 INFO neutron.wsgi [req-6cb1d699-358d-4897-af4b-bce87646b464 655ab8e67d8e4ca680268ee96a43ee95 0ca3103c90a24980adf86a98ed1a7af3 - default default] 10.0.20.46 "GET /v2.0/security-groups?id=eb3d7e40-1971-4205-bd06-06db364617e7 HTTP/1.1" status: 200  len: 2118 time: 0.1127551
2018-06-28 15:48:59.639 12934 DEBUG neutron.pecan_wsgi.hooks.policy_enforcement [req-79543964-38ad-48a9-994a-cb895cad8f1c 655ab8e67d8e4ca680268ee96a43ee95 0ca3103c90a24980adf86a98ed1a7af3 - default default] Attributes excluded by policy engine: [u'vlan_transparent'] _exclude_attributes_by_policy /usr/lib/python2.7/site-packages/neutron/pecan_wsgi/hooks/policy_enforcement.py:256
2018-06-28 15:48:59.642 12934 INFO neutron.wsgi [req-79543964-38ad-48a9-994a-cb895cad8f1c 655ab8e67d8e4ca680268ee96a43ee95 0ca3103c90a24980adf86a98ed1a7af3 - default default] 10.0.20.46 "GET /v2.0/networks?id=03cd664a-eb09-457e-8a5c-11035d60e83e HTTP/1.1" status: 200  len: 885 time: 0.2682140
2018-06-28 15:48:59.705 12934 INFO neutron.wsgi [req-fd01af59-8820-4055-a475-7afaae676b49 655ab8e67d8e4ca680268ee96a43ee95 0ca3103c90a24980adf86a98ed1a7af3 - default default] 10.0.20.46 "GET /v2.0/floatingips?fixed_ip_address=11.107.1.10&port_id=7e7686ff-69d4-4fe1-a0ef-7c3e26638d83 HTTP/1.1" status: 200  len: 751 time: 0.0561259
2018-06-28 15:48:59.840 12934 DEBUG neutron.pecan_wsgi.hooks.policy_enforcement [req-1409e60f-0e64-44ab-aae1-cd8c1a456f90 655ab8e67d8e4ca680268ee96a43ee95 0ca3103c90a24980adf86a98ed1a7af3 - default default] Attributes excluded by policy engine: [u'shared'] _exclude_attributes_by_policy /usr/lib/python2.7/site-packages/neutron/pecan_wsgi/hooks/policy_enforcement.py:256
2018-06-28 15:48:59.844 12934 INFO neutron.wsgi [req-1409e60f-0e64-44ab-aae1-cd8c1a456f90 655ab8e67d8e4ca680268ee96a43ee95 0ca3103c90a24980adf86a98ed1a7af3 - default default] 10.0.20.46 "GET /v2.0/subnets?id=98d91649-75e9-49c0-b89c-fdff4cded6a6 HTTP/1.1" status: 200  len: 847 time: 0.1326079
2018-06-28 15:48:59.988 12934 INFO neutron.wsgi [req-87ee7648-e3b6-4271-b3e0-cfa0f880f0d7 655ab8e67d8e4ca680268ee96a43ee95 0ca3103c90a24980adf86a98ed1a7af3 - default default] 10.0.20.46 "GET /v2.0/ports?network_id=03cd664a-eb09-457e-8a5c-11035d60e83e&device_owner=network%3Adhcp HTTP/1.1" status: 200  len: 1128 time: 0.1343360
2018-06-28 15:49:00.255 12938 INFO neutron.wsgi [req-b7ca69e5-2a25-4e42-9e77-174c84d4a6f3 655ab8e67d8e4ca680268ee96a43ee95 0ca3103c90a24980adf86a98ed1a7af3 - default default] 10.0.20.46 "GET /v2.0/ports?device_id=76ea9da3-feb8-411d-b9ee-db69d46d7136 HTTP/1.1" status: 200  len: 1125 time: 0.1108460
2018-06-28 15:49:00.359 12938 INFO neutron.wsgi [req-9f4a3715-8a01-4853-acd6-7eb0d5f1ec7e 655ab8e67d8e4ca680268ee96a43ee95 0ca3103c90a24980adf86a98ed1a7af3 - default default] 10.0.20.46 "GET /v2.0/security-groups?id=eb3d7e40-1971-4205-bd06-06db364617e7 HTTP/1.1" status: 200  len: 2118 time: 0.0982351
2018-06-28 15:49:00.896 12954 DEBUG neutron_lib.callbacks.manager [req-f90ddd1b-e0c8-4da9-b67c-f73c8e686aff - - - - -] Notify callbacks ['neutron.services.segments.db._update_segment_host_mapping_for_agent-8755746319952'] for agent, after_update _notify_loop /usr/lib/python2.7/site-packages/neutron_lib/callbacks/manager.py:167
2018-06-28 15:49:10.088 12955 DEBUG neutron_lib.callbacks.manager [req-e46a375f-8087-4ae3-bdd7-1fd0bdee2533 - - - - -] Notify callbacks ['neutron.services.segments.db._update_segment_host_mapping_for_agent-8755746319952'] for agent, after_update _notify_loop /usr/lib/python2.7/site-packages/neutron_lib/callbacks/manager.py:167
2018-06-28 15:49:22.752 12947 DEBUG neutron_lib.callbacks.manager [req-7090c29f-e92a-435a-96f2-1a482f1f033a - - - - -] Notify callbacks ['neutron.services.segments.db._update_segment_host_mapping_for_agent-8755746319952'] for agent, after_update _notify_loop /usr/lib/python2.7/site-packages/neutron_lib/callbacks/manager.py:167
2018-06-28 15:49:22.882 12952 DEBUG neutron_lib.callbacks.manager [req-090bbd8c-e51d-4342-906c-b6bf94219c61 - - - - -] Notify callbacks ['neutron.services.segments.db._update_segment_host_mapping_for_agent-8755746319952'] for agent, after_update _notify_loop /usr/lib/python2.7/site-packages/neutron_lib/callbacks/manager.py:167
2018-06-28 15:49:22.924 12935 DEBUG neutron.wsgi [-] (12935) accepted ('10.0.20.46', 52716) server /usr/lib/python2.7/site-packages/eventlet/wsgi.py:883
2018-06-28 15:49:22.934 12935 INFO neutron.wsgi [-] 10.0.20.46 "GET / HTTP/1.1" status: 200  len: 252 time: 0.0055840
2018-06-28 15:49:23.342 12958 DEBUG neutron.db.agents_db [req-119e5fd7-14e7-4a14-b024-f61ddb2df1fe - - - - -] Agent healthcheck: found 5 active agents agent_health_check /usr/lib/python2.7/site-packages/neutron/db/agents_db.py:281
2018-06-28 15:49:23.591 12935 INFO neutron.api.v2.resource [req-5d9a97f0-9500-46f2-9e94-0c44d530dddb 19a52657dfe84a15b9b3c38c4ed8c000 5dc09d0435b149b68e75ea9482a57209 - b78e2a1963344c59bae22a20c8ab1852 b78e2a1963344c59bae22a20c8ab1852] show failed (client error): The resource could not be found.
2018-06-28 15:49:23.592 12935 INFO neutron.wsgi [req-5d9a97f0-9500-46f2-9e94-0c44d530dddb 19a52657dfe84a15b9b3c38c4ed8c000 5dc09d0435b149b68e75ea9482a57209 - b78e2a1963344c59bae22a20c8ab1852 b78e2a1963344c59bae22a20c8ab1852] 10.0.20.46 "GET /v2.0/floatingips/172.24.4.2 HTTP/1.1" status: 404  len: 325 time: 0.6519182
2018-06-28 15:49:23.638 12935 INFO neutron.wsgi [req-06c07e5e-4fa1-4278-8660-9f6e265919af 19a52657dfe84a15b9b3c38c4ed8c000 5dc09d0435b149b68e75ea9482a57209 - b78e2a1963344c59bae22a20c8ab1852 b78e2a1963344c59bae22a20c8ab1852] 10.0.20.46 "GET /v2.0/floatingips HTTP/1.1" status: 200  len: 751 time: 0.0406079
2018-06-28 15:49:23.713 12935 DEBUG neutron.plugins.ml2.plugin [req-57452af2-a568-4b9f-a1e3-8956b22d5428 19a52657dfe84a15b9b3c38c4ed8c000 5dc09d0435b149b68e75ea9482a57209 - b78e2a1963344c59bae22a20c8ab1852 b78e2a1963344c59bae22a20c8ab1852] Deleting port ef7a3107-9abb-4402-9e65-7815bebb5bcb _pre_delete_port /usr/lib/python2.7/site-packages/neutron/plugins/ml2/plugin.py:1488
2018-06-28 15:49:23.714 12935 DEBUG neutron_lib.callbacks.manager [req-57452af2-a568-4b9f-a1e3-8956b22d5428 19a52657dfe84a15b9b3c38c4ed8c000 5dc09d0435b149b68e75ea9482a57209 - b78e2a1963344c59bae22a20c8ab1852 b78e2a1963344c59bae22a20c8ab1852] Notify callbacks ['neutron.db.l3_db._prevent_l3_port_delete_callback--9223363281108248564'] for port, before_delete _notify_loop /usr/lib/python2.7/site-packages/neutron_lib/callbacks/manager.py:167
2018-06-28 15:49:24.071 12935 DEBUG neutron.plugins.ml2.plugin [req-57452af2-a568-4b9f-a1e3-8956b22d5428 19a52657dfe84a15b9b3c38c4ed8c000 5dc09d0435b149b68e75ea9482a57209 - b78e2a1963344c59bae22a20c8ab1852 b78e2a1963344c59bae22a20c8ab1852] Calling delete_port for ef7a3107-9abb-4402-9e65-7815bebb5bcb owned by network:floatingip delete_port /usr/lib/python2.7/site-packages/neutron/plugins/ml2/plugin.py:1547
2018-06-28 15:49:24.132 12950 DEBUG neutron_lib.callbacks.manager [req-56819794-100a-4f13-b119-2e9b52d8da8d - - - - -] Notify callbacks ['neutron.services.segments.db._update_segment_host_mapping_for_agent-8755746319952'] for agent, after_update _notify_loop /usr/lib/python2.7/site-packages/neutron_lib/callbacks/manager.py:167
2018-06-28 15:49:24.404 12935 DEBUG neutron_lib.callbacks.manager [req-57452af2-a568-4b9f-a1e3-8956b22d5428 19a52657dfe84a15b9b3c38c4ed8c000 5dc09d0435b149b68e75ea9482a57209 - b78e2a1963344c59bae22a20c8ab1852 b78e2a1963344c59bae22a20c8ab1852] Notify callbacks ['neutron.plugins.ml2.plugin.Ml2Plugin.notify_sg_on_port_change-1790207', 'neutron.api.rpc.agentnotifiers.dhcp_rpc_agent_api.DhcpAgentNotifyAPI._native_event_send_dhcp_notification--9223372036853998599', 'neutron.services.segments.plugin.NovaSegmentNotifier._notify_port_created_or_deleted-3610927', 'neutron.plugins.ml2.ovo_rpc._ObjectChangeHandler.handle_event-618496', 'neutron.db.l3_db._notify_routers_callback--9223363281108277282', 'neutron.db.l3_dvrscheduler_db._notify_port_delete-8755745958917'] for port, after_delete _notify_loop /usr/lib/python2.7/site-packages/neutron_lib/callbacks/manager.py:167
2018-06-28 15:49:24.791 12935 DEBUG oslo_concurrency.lockutils [-] Lock "event-dispatch" acquired by "neutron.plugins.ml2.ovo_rpc.dispatch_events" :: waited 0.001s inner /usr/lib/python2.7/site-packages/oslo_concurrency/lockutils.py:270
2018-06-28 15:49:24.868 12935 DEBUG neutron.api.rpc.handlers.resources_rpc [req-57452af2-a568-4b9f-a1e3-8956b22d5428 19a52657dfe84a15b9b3c38c4ed8c000 5dc09d0435b149b68e75ea9482a57209 - - -] neutron.api.rpc.handlers.resources_rpc.ResourcesPushRpcApi method push called with arguments (<neutron_lib.context.Context object at 0x7f69b134c5d0>, [Port(admin_state_up=<?>,allowed_address_pairs=<?>,binding=<?>,binding_levels=<?>,created_at=<?>,data_plane_status=<?>,description=<?>,device_id=<?>,device_owner=<?>,dhcp_options=<?>,distributed_binding=<?>,dns=<?>,fixed_ips=<?>,id=ef7a3107-9abb-4402-9e65-7815bebb5bcb,mac_address=<?>,name=<?>,network_id=<?>,project_id=<?>,qos_policy_id=None,revision_number=<?>,security=<?>,security_group_ids=None,status=<?>,updated_at=<?>)], 'deleted') {} wrapper /usr/lib/python2.7/site-packages/oslo_log/helpers.py:66
2018-06-28 15:49:24.951 12935 DEBUG neutron.api.rpc.callbacks.version_manager [req-57452af2-a568-4b9f-a1e3-8956b22d5428 19a52657dfe84a15b9b3c38c4ed8c000 5dc09d0435b149b68e75ea9482a57209 - - -] Version for resource type Subnet changed None to 1.0 on consumer Open vSwitch agent@localhost.localdomain _set_version /usr/lib/python2.7/site-packages/neutron/api/rpc/callbacks/version_manager.py:119
2018-06-28 15:49:24.952 12935 DEBUG neutron.api.rpc.callbacks.version_manager [req-57452af2-a568-4b9f-a1e3-8956b22d5428 19a52657dfe84a15b9b3c38c4ed8c000 5dc09d0435b149b68e75ea9482a57209 - - -] Version for resource type Network changed None to 1.0 on consumer Open vSwitch agent@localhost.localdomain _set_version /usr/lib/python2.7/site-packages/neutron/api/rpc/callbacks/version_manager.py:119
2018-06-28 15:49:24.953 12935 DEBUG neutron.api.rpc.callbacks.version_manager [req-57452af2-a568-4b9f-a1e3-8956b22d5428 19a52657dfe84a15b9b3c38c4ed8c000 5dc09d0435b149b68e75ea9482a57209 - - -] Version for resource type SubPort changed None to 1.0 on consumer Open vSwitch agent@localhost.localdomain _set_version /usr/lib/python2.7/site-packages/neutron/api/rpc/callbacks/version_manager.py:119
2018-06-28 15:49:24.954 12935 DEBUG neutron.api.rpc.callbacks.version_manager [req-57452af2-a568-4b9f-a1e3-8956b22d5428 19a52657dfe84a15b9b3c38c4ed8c000 5dc09d0435b149b68e75ea9482a57209 - - -] Version for resource type SecurityGroup changed None to 1.0 on consumer Open vSwitch agent@localhost.localdomain _set_version /usr/lib/python2.7/site-packages/neutron/api/rpc/callbacks/version_manager.py:119
2018-06-28 15:49:24.954 12935 DEBUG neutron.api.rpc.callbacks.version_manager [req-57452af2-a568-4b9f-a1e3-8956b22d5428 19a52657dfe84a15b9b3c38c4ed8c000 5dc09d0435b149b68e75ea9482a57209 - - -] Version for resource type SecurityGroupRule changed None to 1.0 on consumer Open vSwitch agent@localhost.localdomain _set_version /usr/lib/python2.7/site-packages/neutron/api/rpc/callbacks/version_manager.py:119
2018-06-28 15:49:24.955 12935 DEBUG neutron.api.rpc.callbacks.version_manager [req-57452af2-a568-4b9f-a1e3-8956b22d5428 19a52657dfe84a15b9b3c38c4ed8c000 5dc09d0435b149b68e75ea9482a57209 - - -] Version for resource type Trunk changed None to 1.1 on consumer Open vSwitch agent@localhost.localdomain _set_version /usr/lib/python2.7/site-packages/neutron/api/rpc/callbacks/version_manager.py:119
2018-06-28 15:49:24.956 12935 DEBUG neutron.api.rpc.callbacks.version_manager [req-57452af2-a568-4b9f-a1e3-8956b22d5428 19a52657dfe84a15b9b3c38c4ed8c000 5dc09d0435b149b68e75ea9482a57209 - - -] Version for resource type QosPolicy changed None to 1.6 on consumer Open vSwitch agent@localhost.localdomain _set_version /usr/lib/python2.7/site-packages/neutron/api/rpc/callbacks/version_manager.py:119
2018-06-28 15:49:24.957 12935 DEBUG neutron.api.rpc.callbacks.version_manager [req-57452af2-a568-4b9f-a1e3-8956b22d5428 19a52657dfe84a15b9b3c38c4ed8c000 5dc09d0435b149b68e75ea9482a57209 - - -] Version for resource type Port changed None to 1.1 on consumer Open vSwitch agent@localhost.localdomain _set_version /usr/lib/python2.7/site-packages/neutron/api/rpc/callbacks/version_manager.py:119
2018-06-28 15:49:24.957 12935 DEBUG neutron.api.rpc.callbacks.version_manager [req-57452af2-a568-4b9f-a1e3-8956b22d5428 19a52657dfe84a15b9b3c38c4ed8c000 5dc09d0435b149b68e75ea9482a57209 - - -] Version for resource type Log changed None to 1.0 on consumer Open vSwitch agent@localhost.localdomain _set_version /usr/lib/python2.7/site-packages/neutron/api/rpc/callbacks/version_manager.py:119
2018-06-28 15:49:25.000 12935 DEBUG oslo_concurrency.lockutils [req-57452af2-a568-4b9f-a1e3-8956b22d5428 19a52657dfe84a15b9b3c38c4ed8c000 5dc09d0435b149b68e75ea9482a57209 - - -] Lock "event-dispatch" released by "neutron.plugins.ml2.ovo_rpc.dispatch_events" :: held 0.209s inner /usr/lib/python2.7/site-packages/oslo_concurrency/lockutils.py:282
2018-06-28 15:49:25.186 12935 DEBUG neutron.scheduler.l3_agent_scheduler [req-57452af2-a568-4b9f-a1e3-8956b22d5428 19a52657dfe84a15b9b3c38c4ed8c000 5dc09d0435b149b68e75ea9482a57209 - b78e2a1963344c59bae22a20c8ab1852 b78e2a1963344c59bae22a20c8ab1852] Router e0d1f1e1-9372-49f4-8cd1-68faf661702a has already been hosted by L3 agent 60219d81-8e5e-4233-80e1-4b550fb5711a _get_candidates /usr/lib/python2.7/site-packages/neutron/scheduler/l3_agent_scheduler.py:141
2018-06-28 15:49:25.358 12935 DEBUG neutron.api.rpc.agentnotifiers.l3_rpc_agent_api [req-57452af2-a568-4b9f-a1e3-8956b22d5428 19a52657dfe84a15b9b3c38c4ed8c000 5dc09d0435b149b68e75ea9482a57209 - b78e2a1963344c59bae22a20c8ab1852 b78e2a1963344c59bae22a20c8ab1852] Notify agent at l3_agent.localhost.localdomain the message routers_updated _agent_notification /usr/lib/python2.7/site-packages/neutron/api/rpc/agentnotifiers/l3_rpc_agent_api.py:69
2018-06-28 15:49:25.375 12935 DEBUG neutron.quota.resource [req-57452af2-a568-4b9f-a1e3-8956b22d5428 19a52657dfe84a15b9b3c38c4ed8c000 5dc09d0435b149b68e75ea9482a57209 - b78e2a1963344c59bae22a20c8ab1852 b78e2a1963344c59bae22a20c8ab1852] Persisted dirty status for tenant:5dc09d0435b149b68e75ea9482a57209 on resource:floatingip mark_dirty /usr/lib/python2.7/site-packages/neutron/quota/resource.py:207
2018-06-28 15:49:25.383 12935 DEBUG neutron.quota.resource [req-57452af2-a568-4b9f-a1e3-8956b22d5428 19a52657dfe84a15b9b3c38c4ed8c000 5dc09d0435b149b68e75ea9482a57209 - b78e2a1963344c59bae22a20c8ab1852 b78e2a1963344c59bae22a20c8ab1852] Persisted dirty status for tenant: on resource:port mark_dirty /usr/lib/python2.7/site-packages/neutron/quota/resource.py:207
2018-06-28 15:49:25.388 12935 DEBUG neutron_lib.callbacks.manager [req-57452af2-a568-4b9f-a1e3-8956b22d5428 19a52657dfe84a15b9b3c38c4ed8c000 5dc09d0435b149b68e75ea9482a57209 - b78e2a1963344c59bae22a20c8ab1852 b78e2a1963344c59bae22a20c8ab1852] Notify callbacks ['neutron.notifiers.nova.Notifier._send_nova_notification--9223372036854773326'] for floatingip, before_response _notify_loop /usr/lib/python2.7/site-packages/neutron_lib/callbacks/manager.py:167
2018-06-28 15:49:25.393 12956 DEBUG neutron.db.l3_hamode_db [req-e227dc2c-f9e5-45dc-a812-8c413987f7d9 - - - - -] neutron.services.l3_router.l3_router_plugin.L3RouterPlugin method get_ha_sync_data_for_host called with arguments (<neutron_lib.context.Context object at 0x7f69b163b790>, u'localhost.localdomain', <neutron.db.models.agent.Agent[object at 7f69b154cad0] {id=u'60219d81-8e5e-4233-80e1-4b550fb5711a', agent_type=u'L3 agent', binary=u'neutron-l3-agent', topic=u'l3_agent', host=u'localhost.localdomain', availability_zone=u'nova', admin_state_up=True, created_at=datetime.datetime(2018, 6, 6, 18, 12, 54), started_at=datetime.datetime(2018, 6, 28, 13, 25, 24), heartbeat_timestamp=datetime.datetime(2018, 6, 28, 13, 49, 24), description=None, configurations=u'{"agent_mode": "legacy", "gateway_external_network_id": "", "handle_internal_only_routers": true, "routers": 2, "interfaces": 2, "floating_ips": 1, "interface_driver": "neutron.agent.linux.interface.OVSInterfaceDriver", "log_agent_heartbeats": false, "external_network_bridge": "", "ex_gw_ports": 2}', resource_versions=None, load=0}>) {'active': True, 'router_ids': ['e0d1f1e1-9372-49f4-8cd1-68faf661702a']} wrapper /usr/lib/python2.7/site-packages/oslo_log/helpers.py:66
2018-06-28 15:49:25.464 12935 INFO neutron.wsgi [req-57452af2-a568-4b9f-a1e3-8956b22d5428 19a52657dfe84a15b9b3c38c4ed8c000 5dc09d0435b149b68e75ea9482a57209 - b78e2a1963344c59bae22a20c8ab1852 b78e2a1963344c59bae22a20c8ab1852] 10.0.20.46 "DELETE /v2.0/floatingips/3eb56dc2-366a-41bc-b5d3-2aab4f97c222 HTTP/1.1" status: 204  len: 173 time: 1.8183999
2018-06-28 15:49:25.466 12935 DEBUG oslo_concurrency.lockutils [-] Lock "notifier-38dca8bb-a07e-4daf-acb1-6287c369588e" acquired by "neutron.notifiers.batch_notifier.synced_send" :: waited 0.000s inner /usr/lib/python2.7/site-packages/oslo_concurrency/lockutils.py:270
2018-06-28 15:49:25.466 12935 DEBUG neutron.notifiers.nova [-] Sending events: [{'tag': u'7e7686ff-69d4-4fe1-a0ef-7c3e26638d83', 'name': 'network-changed', 'server_uuid': u'76ea9da3-feb8-411d-b9ee-db69d46d7136'}] send_events /usr/lib/python2.7/site-packages/neutron/notifiers/nova.py:242
2018-06-28 15:49:25.470 12935 DEBUG novaclient.v2.client [-] REQ: curl -g -i -X POST http://10.0.20.46:8774/v2.1/0ca3103c90a24980adf86a98ed1a7af3/os-server-external-events -H "User-Agent: python-novaclient" -H "Content-Type: application/json" -H "Accept: application/json" -H "X-OpenStack-Nova-API-Version: 2.1" -H "X-Auth-Token: {SHA1}f87e27135ba2d716ec93ae35a928abc99672d497" -d '{"events": [{"tag": "7e7686ff-69d4-4fe1-a0ef-7c3e26638d83", "name": "network-changed", "server_uuid": "76ea9da3-feb8-411d-b9ee-db69d46d7136"}]}' _http_log_request /usr/lib/python2.7/site-packages/keystoneauth1/session.py:375
2018-06-28 15:49:25.980 12935 DEBUG novaclient.v2.client [-] RESP: [200] Content-Length: 179 Content-Type: application/json Openstack-Api-Version: compute 2.1 X-Openstack-Nova-Api-Version: 2.1 Vary: OpenStack-API-Version, X-OpenStack-Nova-API-Version X-Openstack-Request-Id: req-be699e7a-8c36-4964-a8c9-79f26541f407 X-Compute-Request-Id: req-be699e7a-8c36-4964-a8c9-79f26541f407 Date: Thu, 28 Jun 2018 13:49:25 GMT Connection: keep-alive 
RESP BODY: {"events": [{"status": "completed", "tag": "7e7686ff-69d4-4fe1-a0ef-7c3e26638d83", "name": "network-changed", "server_uuid": "76ea9da3-feb8-411d-b9ee-db69d46d7136", "code": 200}]}
 _http_log_response /usr/lib/python2.7/site-packages/keystoneauth1/session.py:423
2018-06-28 15:49:25.980 12935 DEBUG novaclient.v2.client [-] POST call to compute for http://10.0.20.46:8774/v2.1/0ca3103c90a24980adf86a98ed1a7af3/os-server-external-events used request id req-be699e7a-8c36-4964-a8c9-79f26541f407 request /usr/lib/python2.7/site-packages/keystoneauth1/session.py:727
2018-06-28 15:49:25.988 12935 INFO neutron.notifiers.nova [-] Nova event response: {u'status': u'completed', u'tag': u'7e7686ff-69d4-4fe1-a0ef-7c3e26638d83', u'name': u'network-changed', u'server_uuid': u'76ea9da3-feb8-411d-b9ee-db69d46d7136', u'code': 200}
