2018-09-14 09:52:43.411 29893 INFO neutron.wsgi [req-ad99004d-4023-4fa9-aecb-7345035a5df9 10c05a22cea847f7a42d788fe8f1cd2e 368f193974e14846a186e2cbdb34d110 - default default] 10.0.20.23 "GET /v2.0/networks?id=a81310e5-6f6c-41e6-9de4-517ea5ba20a9 HTTP/1.1" status: 200  len: 885 time: 0.4761341
2018-09-14 09:52:43.449 29893 INFO neutron.wsgi [req-6f6b9305-42d3-4ec5-b9f4-31dee544d447 10c05a22cea847f7a42d788fe8f1cd2e 368f193974e14846a186e2cbdb34d110 - default default] 10.0.20.23 "GET /v2.0/floatingips?fixed_ip_address=11.55.1.8&port_id=4c2b798b-c917-4663-b262-2aff39a4edee HTTP/1.1" status: 200  len: 217 time: 0.0290570
2018-09-14 09:52:43.574 29893 DEBUG neutron.pecan_wsgi.hooks.policy_enforcement [req-48f2e264-bb9a-4b60-baaa-4ded5d7eb607 10c05a22cea847f7a42d788fe8f1cd2e 368f193974e14846a186e2cbdb34d110 - default default] Attributes excluded by policy engine: [u'shared'] _exclude_attributes_by_policy /usr/lib/python2.7/site-packages/neutron/pecan_wsgi/hooks/policy_enforcement.py:256
2018-09-14 09:52:43.576 29893 INFO neutron.wsgi [req-48f2e264-bb9a-4b60-baaa-4ded5d7eb607 10c05a22cea847f7a42d788fe8f1cd2e 368f193974e14846a186e2cbdb34d110 - default default] 10.0.20.23 "GET /v2.0/subnets?id=9b80c55d-13da-47a9-92c4-294d79879239 HTTP/1.1" status: 200  len: 843 time: 0.1218119
2018-09-14 09:52:43.591 29904 DEBUG neutron.plugins.ml2.rpc [req-296a0801-f4d3-4adc-8966-13233997decd - - - - -] Device 4c2b798b-c917-4663-b262-2aff39a4edee up at agent ovs-agent-localhost.localdomain update_device_up /usr/lib/python2.7/site-packages/neutron/plugins/ml2/rpc.py:244
2018-09-14 09:52:43.716 29893 INFO neutron.wsgi [req-355df4b8-9de9-4f1a-bc98-87e420b717d1 10c05a22cea847f7a42d788fe8f1cd2e 368f193974e14846a186e2cbdb34d110 - default default] 10.0.20.23 "GET /v2.0/ports?network_id=a81310e5-6f6c-41e6-9de4-517ea5ba20a9&device_owner=network%3Adhcp HTTP/1.1" status: 200  len: 1127 time: 0.1315832
2018-09-14 09:52:43.780 29904 DEBUG neutron.db.provisioning_blocks [req-296a0801-f4d3-4adc-8966-13233997decd - - - - -] Provisioning for port 4c2b798b-c917-4663-b262-2aff39a4edee completed by entity L2. provisioning_complete /usr/lib/python2.7/site-packages/neutron/db/provisioning_blocks.py:132
2018-09-14 09:52:43.789 29904 DEBUG neutron.db.provisioning_blocks [req-296a0801-f4d3-4adc-8966-13233997decd - - - - -] Provisioning complete for port 4c2b798b-c917-4663-b262-2aff39a4edee triggered by entity L2. provisioning_complete /usr/lib/python2.7/site-packages/neutron/db/provisioning_blocks.py:138
2018-09-14 09:52:43.807 29904 DEBUG neutron_lib.callbacks.manager [req-296a0801-f4d3-4adc-8966-13233997decd - - - - -] Notify callbacks ['neutron.plugins.ml2.plugin.Ml2Plugin._port_provisioned--9223372036854067699'] for port, provisioning_complete _notify_loop /usr/lib/python2.7/site-packages/neutron_lib/callbacks/manager.py:167
2018-09-14 09:52:44.023 29904 DEBUG neutron_lib.callbacks.manager [req-296a0801-f4d3-4adc-8966-13233997decd - - - - -] Notify callbacks ['neutron.plugins.ml2.plugin.Ml2Plugin._ensure_default_security_group_handler--9223372036853743597'] for port, before_update _notify_loop /usr/lib/python2.7/site-packages/neutron_lib/callbacks/manager.py:167
2018-09-14 09:52:44.105 29904 DEBUG oslo_concurrency.lockutils [-] Lock "notifier-8c66fe45-46ff-42eb-92a8-0abd1ada268c" acquired by "neutron.notifiers.batch_notifier.synced_send" :: waited 0.000s inner /usr/lib/python2.7/site-packages/oslo_concurrency/lockutils.py:270
2018-09-14 09:52:44.105 29904 DEBUG neutron.notifiers.nova [-] Sending events: [{'status': 'completed', 'tag': u'4c2b798b-c917-4663-b262-2aff39a4edee', 'name': 'network-vif-plugged', 'server_uuid': u'9f061d40-afa6-434a-a9b0-e36fbda75a99'}] send_events /usr/lib/python2.7/site-packages/neutron/notifiers/nova.py:242
2018-09-14 09:52:44.115 29904 DEBUG neutron.plugins.ml2.db [req-296a0801-f4d3-4adc-8966-13233997decd - - - - -] For port 4c2b798b-c917-4663-b262-2aff39a4edee, host localhost.localdomain, got binding levels [<neutron.plugins.ml2.models.PortBindingLevel[object at 7efcffd20e10] {port_id=u'4c2b798b-c917-4663-b262-2aff39a4edee', host=u'localhost.localdomain', level=0, driver=u'openvswitch', segment_id=u'850ea9be-4bc9-46d3-9d5f-fc13212b57d3'}>] get_binding_levels /usr/lib/python2.7/site-packages/neutron/plugins/ml2/db.py:106
2018-09-14 09:52:44.136 29904 DEBUG neutron_lib.callbacks.manager [req-296a0801-f4d3-4adc-8966-13233997decd - - - - -] Notify callbacks ['neutron.api.rpc.agentnotifiers.dhcp_rpc_agent_api.DhcpAgentNotifyAPI._native_event_send_dhcp_notification--9223372036852751198', 'neutron.plugins.ml2.ovo_rpc._ObjectChangeHandler.handle_event--9223372036853189605', 'neutron.db.l3_dvrscheduler_db._notify_l3_agent_port_update--9223363310285828325', 'neutron.plugins.ml2.plugin.Ml2Plugin.notify_sg_on_port_change--9223372036853741580', 'neutron.db.l3_hascheduler_db._notify_l3_agent_ha_port_update--9223363310285828250'] for port, after_update _notify_loop /usr/lib/python2.7/site-packages/neutron_lib/callbacks/manager.py:167
2018-09-14 09:52:44.148 29904 DEBUG oslo_concurrency.lockutils [-] Lock "event-dispatch" acquired by "neutron.plugins.ml2.ovo_rpc.dispatch_events" :: waited 0.000s inner /usr/lib/python2.7/site-packages/oslo_concurrency/lockutils.py:270
2018-09-14 09:52:44.281 29904 DEBUG neutron.api.rpc.handlers.resources_rpc [req-296a0801-f4d3-4adc-8966-13233997decd - - - - -] neutron.api.rpc.handlers.resources_rpc.ResourcesPushRpcApi method push called with arguments (<neutron_lib.context.Context object at 0x7efcffce3790>, [Port(admin_state_up=True,allowed_address_pairs=[],binding=PortBinding,binding_levels=[PortBindingLevel],created_at=2018-09-14T13:52:34Z,data_plane_status=<?>,description='',device_id='9f061d40-afa6-434a-a9b0-e36fbda75a99',device_owner='compute:nova',dhcp_options=[],distributed_binding=None,dns=None,fixed_ips=[IPAllocation],id=4c2b798b-c917-4663-b262-2aff39a4edee,mac_address=fa:16:3e:6b:76:2a,name='',network_id=a81310e5-6f6c-41e6-9de4-517ea5ba20a9,project_id='1859b76f3bbb45dab628057fdb495035',qos_policy_id=None,revision_number=6,security=PortSecurity(4c2b798b-c917-4663-b262-2aff39a4edee),security_group_ids=set([315831c4-2982-4885-8aef-8ae180849d8a]),status='ACTIVE',updated_at=2018-09-14T13:52:44Z)], 'updated') {} wrapper /usr/lib/python2.7/site-packages/oslo_log/helpers.py:66
2018-09-14 09:52:44.301 29904 DEBUG oslo_concurrency.lockutils [req-296a0801-f4d3-4adc-8966-13233997decd - - - - -] Lock "event-dispatch" released by "neutron.plugins.ml2.ovo_rpc.dispatch_events" :: held 0.153s inner /usr/lib/python2.7/site-packages/oslo_concurrency/lockutils.py:282
2018-09-14 09:52:44.736 29893 DEBUG oslo_concurrency.lockutils [-] Lock "notifier-8c66fe45-46ff-42eb-92a8-0abd1ada268c" released by "neutron.notifiers.batch_notifier.synced_send" :: held 5.054s inner /usr/lib/python2.7/site-packages/oslo_concurrency/lockutils.py:282
2018-09-14 09:52:44.965 29904 DEBUG novaclient.v2.client [-] REQ: curl -g -i -X POST http://10.0.20.23:8774/v2.1/368f193974e14846a186e2cbdb34d110/os-server-external-events -H "User-Agent: python-novaclient" -H "Content-Type: application/json" -H "Accept: application/json" -H "X-OpenStack-Nova-API-Version: 2.1" -H "X-Auth-Token: {SHA1}93b81e594154246ad73d6262ad3ade73e4a6acf4" -d '{"events": [{"status": "completed", "tag": "4c2b798b-c917-4663-b262-2aff39a4edee", "name": "network-vif-plugged", "server_uuid": "9f061d40-afa6-434a-a9b0-e36fbda75a99"}]}' _http_log_request /usr/lib/python2.7/site-packages/keystoneauth1/session.py:375
2018-09-14 09:52:45.160 29910 DEBUG neutron.db.agents_db [req-07da5a8c-5b97-4f94-88f7-3e26abddbfee - - - - -] Agent healthcheck: found 5 active agents agent_health_check /usr/lib/python2.7/site-packages/neutron/db/agents_db.py:281
2018-09-14 09:52:45.423 29905 DEBUG neutron.plugins.ml2.rpc [req-296a0801-f4d3-4adc-8966-13233997decd - - - - -] Device 4c2b798b-c917-4663-b262-2aff39a4edee up at agent ovs-agent-localhost.localdomain update_device_up /usr/lib/python2.7/site-packages/neutron/plugins/ml2/rpc.py:244
2018-09-14 09:52:45.523 29905 DEBUG neutron.db.provisioning_blocks [req-296a0801-f4d3-4adc-8966-13233997decd - - - - -] Provisioning complete for port 4c2b798b-c917-4663-b262-2aff39a4edee triggered by entity L2. provisioning_complete /usr/lib/python2.7/site-packages/neutron/db/provisioning_blocks.py:138
2018-09-14 09:52:45.523 29905 DEBUG neutron_lib.callbacks.manager [req-296a0801-f4d3-4adc-8966-13233997decd - - - - -] Notify callbacks ['neutron.plugins.ml2.plugin.Ml2Plugin._port_provisioned--9223372036854067699'] for port, provisioning_complete _notify_loop /usr/lib/python2.7/site-packages/neutron_lib/callbacks/manager.py:167
2018-09-14 09:52:45.538 29904 DEBUG novaclient.v2.client [-] RESP: [200] Content-Length: 183 Content-Type: application/json Openstack-Api-Version: compute 2.1 X-Openstack-Nova-Api-Version: 2.1 Vary: OpenStack-API-Version, X-OpenStack-Nova-API-Version X-Openstack-Request-Id: req-7dd8108d-4bc4-44fb-86e1-6969c5facf32 X-Compute-Request-Id: req-7dd8108d-4bc4-44fb-86e1-6969c5facf32 Date: Fri, 14 Sep 2018 13:52:45 GMT Connection: keep-alive 
RESP BODY: {"events": [{"status": "completed", "tag": "4c2b798b-c917-4663-b262-2aff39a4edee", "name": "network-vif-plugged", "server_uuid": "9f061d40-afa6-434a-a9b0-e36fbda75a99", "code": 200}]}
 _http_log_response /usr/lib/python2.7/site-packages/keystoneauth1/session.py:423
2018-09-14 09:52:45.539 29904 DEBUG novaclient.v2.client [-] POST call to compute for http://10.0.20.23:8774/v2.1/368f193974e14846a186e2cbdb34d110/os-server-external-events used request id req-7dd8108d-4bc4-44fb-86e1-6969c5facf32 request /usr/lib/python2.7/site-packages/keystoneauth1/session.py:727
2018-09-14 09:52:45.553 29904 INFO neutron.notifiers.nova [-] Nova event response: {u'status': u'completed', u'tag': u'4c2b798b-c917-4663-b262-2aff39a4edee', u'name': u'network-vif-plugged', u'server_uuid': u'9f061d40-afa6-434a-a9b0-e36fbda75a99', u'code': 200}
2018-09-14 09:52:46.068 29893 DEBUG neutron.wsgi [-] (29893) accepted ('10.0.20.23', 54852) server /usr/lib/python2.7/site-packages/eventlet/wsgi.py:883
2018-09-14 09:52:46.935 29893 DEBUG neutron.quota.resource [req-b0889e2d-2eb3-43e6-bc2c-68ff099478ba 12391f96209c49f0af344a983f6b6fd5 1859b76f3bbb45dab628057fdb495035 - 99a1a86c0d1846de901ee5aaff96e49c 99a1a86c0d1846de901ee5aaff96e49c] Synchronizing usage tracker for tenant:1859b76f3bbb45dab628057fdb495035 on resource:port resync /usr/lib/python2.7/site-packages/neutron/quota/resource.py:245
2018-09-14 09:52:47.047 29893 DEBUG neutron.quota.resource [req-b0889e2d-2eb3-43e6-bc2c-68ff099478ba 12391f96209c49f0af344a983f6b6fd5 1859b76f3bbb45dab628057fdb495035 - 99a1a86c0d1846de901ee5aaff96e49c 99a1a86c0d1846de901ee5aaff96e49c] Unset dirty status for tenant:1859b76f3bbb45dab628057fdb495035 on resource:port _resync /usr/lib/python2.7/site-packages/neutron/quota/resource.py:237
2018-09-14 09:52:47.050 29893 INFO neutron.wsgi [req-b0889e2d-2eb3-43e6-bc2c-68ff099478ba 12391f96209c49f0af344a983f6b6fd5 1859b76f3bbb45dab628057fdb495035 - 99a1a86c0d1846de901ee5aaff96e49c 99a1a86c0d1846de901ee5aaff96e49c] 10.0.20.23 "GET /v2.0/ports?device_id=9f061d40-afa6-434a-a9b0-e36fbda75a99 HTTP/1.1" status: 200  len: 1123 time: 0.9808390
2018-09-14 09:52:47.189 29893 INFO neutron.wsgi [req-272085cd-f7db-4e54-b713-2bf959967154 12391f96209c49f0af344a983f6b6fd5 1859b76f3bbb45dab628057fdb495035 - 99a1a86c0d1846de901ee5aaff96e49c 99a1a86c0d1846de901ee5aaff96e49c] 10.0.20.23 "GET /v2.0/security-groups?id=315831c4-2982-4885-8aef-8ae180849d8a HTTP/1.1" status: 200  len: 2118 time: 0.1317441
2018-09-14 09:52:47.555 29904 DEBUG oslo_concurrency.lockutils [-] Lock "notifier-8c66fe45-46ff-42eb-92a8-0abd1ada268c" released by "neutron.notifiers.batch_notifier.synced_send" :: held 3.450s inner /usr/lib/python2.7/site-packages/oslo_concurrency/lockutils.py:282
2018-09-14 09:52:50.561 29900 DEBUG neutron_lib.callbacks.manager [req-176e7d28-33c1-45f1-b6ea-9a51bc8632f0 - - - - -] Notify callbacks ['neutron.services.segments.db._update_segment_host_mapping_for_agent--9223363310285466823'] for agent, after_update _notify_loop /usr/lib/python2.7/site-packages/neutron_lib/callbacks/manager.py:167
2018-09-14 09:52:50.630 29906 DEBUG neutron_lib.callbacks.manager [req-7f278c9c-543a-4901-a768-c53fdf746c19 - - - - -] Notify callbacks ['neutron.services.segments.db._update_segment_host_mapping_for_agent--9223363310285466823'] for agent, after_update _notify_loop /usr/lib/python2.7/site-packages/neutron_lib/callbacks/manager.py:167
2018-09-14 09:52:51.148 29904 DEBUG neutron_lib.callbacks.manager [req-eab0c077-faf7-4981-bc46-3b8eb83702bc - - - - -] Notify callbacks ['neutron.services.segments.db._update_segment_host_mapping_for_agent--9223363310285466823'] for agent, after_update _notify_loop /usr/lib/python2.7/site-packages/neutron_lib/callbacks/manager.py:167
2018-09-14 09:52:59.143 29893 DEBUG neutron.wsgi [-] (29893) accepted ('10.0.20.23', 54896) server /usr/lib/python2.7/site-packages/eventlet/wsgi.py:883
2018-09-14 09:52:59.147 29893 INFO neutron.wsgi [-] 10.0.20.23 "GET / HTTP/1.1" status: 200  len: 252 time: 0.0028028
2018-09-14 09:52:59.621 29893 INFO neutron.pecan_wsgi.hooks.translation [req-230f56ff-2088-4aff-9429-48a020c17f1d d5ce6e22423945b3856059aa9d9f9c35 24a4048b7dbb4950873e581bf0067256 - default default] GET failed (client error): The resource could not be found.
2018-09-14 09:52:59.624 29893 INFO neutron.wsgi [req-230f56ff-2088-4aff-9429-48a020c17f1d d5ce6e22423945b3856059aa9d9f9c35 24a4048b7dbb4950873e581bf0067256 - default default] 10.0.20.23 "GET /v2.0/networks/public HTTP/1.1" status: 404  len: 314 time: 0.4706762
2018-09-14 09:52:59.850 29893 DEBUG neutron.pecan_wsgi.hooks.policy_enforcement [req-5db35987-a56d-4290-bac9-954578f95238 d5ce6e22423945b3856059aa9d9f9c35 24a4048b7dbb4950873e581bf0067256 - default default] Attributes excluded by policy engine: [u'vlan_transparent'] _exclude_attributes_by_policy /usr/lib/python2.7/site-packages/neutron/pecan_wsgi/hooks/policy_enforcement.py:256
2018-09-14 09:52:59.850 29893 DEBUG neutron.pecan_wsgi.hooks.policy_enforcement [req-5db35987-a56d-4290-bac9-954578f95238 d5ce6e22423945b3856059aa9d9f9c35 24a4048b7dbb4950873e581bf0067256 - default default] Attributes excluded by policy engine: [u'vlan_transparent'] _exclude_attributes_by_policy /usr/lib/python2.7/site-packages/neutron/pecan_wsgi/hooks/policy_enforcement.py:256
2018-09-14 09:52:59.851 29893 DEBUG neutron.pecan_wsgi.hooks.policy_enforcement [req-5db35987-a56d-4290-bac9-954578f95238 d5ce6e22423945b3856059aa9d9f9c35 24a4048b7dbb4950873e581bf0067256 - default default] Attributes excluded by policy engine: [u'vlan_transparent'] _exclude_attributes_by_policy /usr/lib/python2.7/site-packages/neutron/pecan_wsgi/hooks/policy_enforcement.py:256
2018-09-14 09:52:59.854 29893 INFO neutron.wsgi [req-5db35987-a56d-4290-bac9-954578f95238 d5ce6e22423945b3856059aa9d9f9c35 24a4048b7dbb4950873e581bf0067256 - default default] 10.0.20.23 "GET /v2.0/networks HTTP/1.1" status: 200  len: 2214 time: 0.2234271
2018-09-14 09:53:00.351 29893 DEBUG neutron.api.v2.base [req-bd065b76-81c9-438e-9abb-684894cfdf80 d5ce6e22423945b3856059aa9d9f9c35 24a4048b7dbb4950873e581bf0067256 - default default] Request body: {u'floatingip': {u'floating_network_id': u'990b4ddf-dd04-44e0-920c-02fce451b987', u'tenant_id': u'1859b76f3bbb45dab628057fdb495035'}} prepare_request_body /usr/lib/python2.7/site-packages/neutron/api/v2/base.py:695
2018-09-14 09:53:00.361 29893 DEBUG neutron.db.quota.driver [req-bd065b76-81c9-438e-9abb-684894cfdf80 d5ce6e22423945b3856059aa9d9f9c35 24a4048b7dbb4950873e581bf0067256 - default default] Resources subnetpool have unlimited quota limit. It is not required to calculate headroom  make_reservation /usr/lib/python2.7/site-packages/neutron/db/quota/driver.py:223
2018-09-14 09:53:00.368 29893 DEBUG neutron.quota.resource [req-bd065b76-81c9-438e-9abb-684894cfdf80 d5ce6e22423945b3856059aa9d9f9c35 24a4048b7dbb4950873e581bf0067256 - default default] Usage tracker for resource:floatingip and tenant:1859b76f3bbb45dab628057fdb495035 is out of sync, need to count used quota count_used /usr/lib/python2.7/site-packages/neutron/quota/resource.py:274
2018-09-14 09:53:00.382 29893 DEBUG neutron.quota.resource [req-bd065b76-81c9-438e-9abb-684894cfdf80 d5ce6e22423945b3856059aa9d9f9c35 24a4048b7dbb4950873e581bf0067256 - default default] Quota usage for floatingip was recalculated. Used quota:0. count_used /usr/lib/python2.7/site-packages/neutron/quota/resource.py:293
2018-09-14 09:53:00.392 29893 DEBUG neutron.db.quota.driver [req-bd065b76-81c9-438e-9abb-684894cfdf80 d5ce6e22423945b3856059aa9d9f9c35 24a4048b7dbb4950873e581bf0067256 - default default] Attempting to reserve 1 items for resource floatingip. Total usage: 0; quota limit: 50; headroom:50 make_reservation /usr/lib/python2.7/site-packages/neutron/db/quota/driver.py:255
2018-09-14 09:53:00.657 29893 DEBUG neutron_lib.callbacks.manager [req-bd065b76-81c9-438e-9abb-684894cfdf80 d5ce6e22423945b3856059aa9d9f9c35 24a4048b7dbb4950873e581bf0067256 - default default] Notify callbacks ['neutron.plugins.ml2.plugin.Ml2Plugin._ensure_default_security_group_handler--9223372036853743597'] for port, before_create _notify_loop /usr/lib/python2.7/site-packages/neutron_lib/callbacks/manager.py:167
2018-09-14 09:53:01.127 29893 DEBUG neutron.db.db_base_plugin_common [req-bd065b76-81c9-438e-9abb-684894cfdf80 d5ce6e22423945b3856059aa9d9f9c35 24a4048b7dbb4950873e581bf0067256 - default default] Allocated IP 172.24.4.14 (990b4ddf-dd04-44e0-920c-02fce451b987/997c6fe9-dc25-4cff-8564-acd631d97bd5/19167bb6-66cf-4b0b-a2b3-e91d7db9c703) _store_ip_allocation /usr/lib/python2.7/site-packages/neutron/db/db_base_plugin_common.py:122
2018-09-14 09:53:01.360 29893 DEBUG neutron_lib.callbacks.manager [req-bd065b76-81c9-438e-9abb-684894cfdf80 d5ce6e22423945b3856059aa9d9f9c35 24a4048b7dbb4950873e581bf0067256 - default default] Notify callbacks [] for port, precommit_create _notify_loop /usr/lib/python2.7/site-packages/neutron_lib/callbacks/manager.py:167
2018-09-14 09:53:01.429 29893 DEBUG neutron_lib.callbacks.manager [req-bd065b76-81c9-438e-9abb-684894cfdf80 d5ce6e22423945b3856059aa9d9f9c35 24a4048b7dbb4950873e581bf0067256 - default default] Notify callbacks ['neutron.api.rpc.agentnotifiers.dhcp_rpc_agent_api.DhcpAgentNotifyAPI._native_event_send_dhcp_notification--9223372036852751198', 'neutron.plugins.ml2.ovo_rpc._ObjectChangeHandler.handle_event--9223372036853189605', 'neutron.db.l3_dvrscheduler_db._notify_l3_agent_new_port--9223363310285828340', 'neutron.plugins.ml2.plugin.Ml2Plugin.notify_sg_on_port_change--9223372036853741580'] for port, after_create _notify_loop /usr/lib/python2.7/site-packages/neutron_lib/callbacks/manager.py:167
2018-09-14 09:53:01.637 29893 DEBUG neutron.scheduler.dhcp_agent_scheduler [req-bd065b76-81c9-438e-9abb-684894cfdf80 d5ce6e22423945b3856059aa9d9f9c35 24a4048b7dbb4950873e581bf0067256 - default default] Network 990b4ddf-dd04-44e0-920c-02fce451b987 is already hosted by enough agents. _get_dhcp_agents_hosting_network /usr/lib/python2.7/site-packages/neutron/scheduler/dhcp_agent_scheduler.py:243
2018-09-14 09:53:01.669 29893 DEBUG neutron.db.l3_dvrscheduler_db [req-bd065b76-81c9-438e-9abb-684894cfdf80 d5ce6e22423945b3856059aa9d9f9c35 24a4048b7dbb4950873e581bf0067256 - default default] Received port after_create _notify_l3_agent_new_port /usr/lib/python2.7/site-packages/neutron/db/l3_dvrscheduler_db.py:392
2018-09-14 09:53:01.674 29893 DEBUG oslo_concurrency.lockutils [-] Lock "event-dispatch" acquired by "neutron.plugins.ml2.ovo_rpc.dispatch_events" :: waited 0.000s inner /usr/lib/python2.7/site-packages/oslo_concurrency/lockutils.py:270
2018-09-14 09:53:01.808 29893 DEBUG neutron.api.rpc.handlers.resources_rpc [req-bd065b76-81c9-438e-9abb-684894cfdf80 d5ce6e22423945b3856059aa9d9f9c35 24a4048b7dbb4950873e581bf0067256 - - -] neutron.api.rpc.handlers.resources_rpc.ResourcesPushRpcApi method push called with arguments (<neutron_lib.context.Context object at 0x7efcffbdc2d0>, [Port(admin_state_up=True,allowed_address_pairs=[],binding=PortBinding,binding_levels=[],created_at=2018-09-14T13:53:00Z,data_plane_status=<?>,description='',device_id='PENDING',device_owner='network:floatingip',dhcp_options=[],distributed_binding=None,dns=None,fixed_ips=[IPAllocation],id=19167bb6-66cf-4b0b-a2b3-e91d7db9c703,mac_address=fa:16:3e:59:94:51,name='',network_id=990b4ddf-dd04-44e0-920c-02fce451b987,project_id='',qos_policy_id=None,revision_number=3,security=PortSecurity(19167bb6-66cf-4b0b-a2b3-e91d7db9c703),security_group_ids=set([]),status='N/A',updated_at=2018-09-14T13:53:01Z)], 'updated') {} wrapper /usr/lib/python2.7/site-packages/oslo_log/helpers.py:66
2018-09-14 09:53:01.837 29893 DEBUG oslo_concurrency.lockutils [req-bd065b76-81c9-438e-9abb-684894cfdf80 d5ce6e22423945b3856059aa9d9f9c35 24a4048b7dbb4950873e581bf0067256 - - -] Lock "event-dispatch" released by "neutron.plugins.ml2.ovo_rpc.dispatch_events" :: held 0.163s inner /usr/lib/python2.7/site-packages/oslo_concurrency/lockutils.py:282
2018-09-14 09:53:01.850 29893 DEBUG neutron_lib.callbacks.manager [req-bd065b76-81c9-438e-9abb-684894cfdf80 d5ce6e22423945b3856059aa9d9f9c35 24a4048b7dbb4950873e581bf0067256 - default default] Notify callbacks ['neutron.plugins.ml2.plugin.Ml2Plugin._ensure_default_security_group_handler--9223372036853743597'] for port, before_update _notify_loop /usr/lib/python2.7/site-packages/neutron_lib/callbacks/manager.py:167
2018-09-14 09:53:02.283 29893 DEBUG neutron_lib.callbacks.manager [req-bd065b76-81c9-438e-9abb-684894cfdf80 d5ce6e22423945b3856059aa9d9f9c35 24a4048b7dbb4950873e581bf0067256 - default default] Notify callbacks [] for port, precommit_update _notify_loop /usr/lib/python2.7/site-packages/neutron_lib/callbacks/manager.py:167
2018-09-14 09:53:02.301 29893 DEBUG neutron_lib.callbacks.manager [req-bd065b76-81c9-438e-9abb-684894cfdf80 d5ce6e22423945b3856059aa9d9f9c35 24a4048b7dbb4950873e581bf0067256 - default default] Notify callbacks ['neutron.api.rpc.agentnotifiers.dhcp_rpc_agent_api.DhcpAgentNotifyAPI._native_event_send_dhcp_notification--9223372036852751198', 'neutron.plugins.ml2.ovo_rpc._ObjectChangeHandler.handle_event--9223372036853189605', 'neutron.db.l3_dvrscheduler_db._notify_l3_agent_port_update--9223363310285828325', 'neutron.plugins.ml2.plugin.Ml2Plugin.notify_sg_on_port_change--9223372036853741580', 'neutron.db.l3_hascheduler_db._notify_l3_agent_ha_port_update--9223363310285828250'] for port, after_update _notify_loop /usr/lib/python2.7/site-packages/neutron_lib/callbacks/manager.py:167
2018-09-14 09:53:02.559 29893 DEBUG neutron_lib.callbacks.manager [req-bd065b76-81c9-438e-9abb-684894cfdf80 d5ce6e22423945b3856059aa9d9f9c35 24a4048b7dbb4950873e581bf0067256 - default default] Notify callbacks ['neutron.services.l3_router.l3_router_plugin.L3RouterPlugin._create_dvr_floating_gw_port-1596448'] for floatingip, after_update _notify_loop /usr/lib/python2.7/site-packages/neutron_lib/callbacks/manager.py:167
2018-09-14 09:53:02.564 29893 DEBUG oslo_concurrency.lockutils [-] Lock "event-dispatch" acquired by "neutron.plugins.ml2.ovo_rpc.dispatch_events" :: waited 0.000s inner /usr/lib/python2.7/site-packages/oslo_concurrency/lockutils.py:270
2018-09-14 09:53:02.667 29893 DEBUG neutron.quota.resource [req-bd065b76-81c9-438e-9abb-684894cfdf80 d5ce6e22423945b3856059aa9d9f9c35 24a4048b7dbb4950873e581bf0067256 - default default] Persisted dirty status for tenant:1859b76f3bbb45dab628057fdb495035 on resource:floatingip mark_dirty /usr/lib/python2.7/site-packages/neutron/quota/resource.py:207
2018-09-14 09:53:02.677 29893 DEBUG neutron.quota.resource [req-bd065b76-81c9-438e-9abb-684894cfdf80 d5ce6e22423945b3856059aa9d9f9c35 24a4048b7dbb4950873e581bf0067256 - default default] Persisted dirty status for tenant: on resource:port mark_dirty /usr/lib/python2.7/site-packages/neutron/quota/resource.py:207
2018-09-14 09:53:02.688 29893 DEBUG neutron.api.rpc.handlers.resources_rpc [req-bd065b76-81c9-438e-9abb-684894cfdf80 d5ce6e22423945b3856059aa9d9f9c35 24a4048b7dbb4950873e581bf0067256 - - -] neutron.api.rpc.handlers.resources_rpc.ResourcesPushRpcApi method push called with arguments (<neutron_lib.context.Context object at 0x7efd001eb310>, [Port(admin_state_up=True,allowed_address_pairs=[],binding=PortBinding,binding_levels=[],created_at=2018-09-14T13:53:00Z,data_plane_status=<?>,description='',device_id='590590bb-56b2-4364-9615-562ce3e93999',device_owner='network:floatingip',dhcp_options=[],distributed_binding=None,dns=None,fixed_ips=[IPAllocation],id=19167bb6-66cf-4b0b-a2b3-e91d7db9c703,mac_address=fa:16:3e:59:94:51,name='',network_id=990b4ddf-dd04-44e0-920c-02fce451b987,project_id='',qos_policy_id=None,revision_number=4,security=PortSecurity(19167bb6-66cf-4b0b-a2b3-e91d7db9c703),security_group_ids=set([]),status='N/A',updated_at=2018-09-14T13:53:02Z)], 'updated') {} wrapper /usr/lib/python2.7/site-packages/oslo_log/helpers.py:66
2018-09-14 09:53:02.710 29893 DEBUG neutron_lib.callbacks.manager [req-bd065b76-81c9-438e-9abb-684894cfdf80 d5ce6e22423945b3856059aa9d9f9c35 24a4048b7dbb4950873e581bf0067256 - default default] Notify callbacks ['neutron.notifiers.nova.Notifier._send_nova_notification-596'] for floatingip, before_response _notify_loop /usr/lib/python2.7/site-packages/neutron_lib/callbacks/manager.py:167
2018-09-14 09:53:02.712 29893 INFO neutron.wsgi [req-bd065b76-81c9-438e-9abb-684894cfdf80 d5ce6e22423945b3856059aa9d9f9c35 24a4048b7dbb4950873e581bf0067256 - default default] 10.0.20.23 "POST /v2.0/floatingips HTTP/1.1" status: 201  len: 675 time: 2.3757169
2018-09-14 09:53:02.715 29893 DEBUG oslo_concurrency.lockutils [req-bd065b76-81c9-438e-9abb-684894cfdf80 d5ce6e22423945b3856059aa9d9f9c35 24a4048b7dbb4950873e581bf0067256 - - -] Lock "event-dispatch" released by "neutron.plugins.ml2.ovo_rpc.dispatch_events" :: held 0.150s inner /usr/lib/python2.7/site-packages/oslo_concurrency/lockutils.py:282
2018-09-14 09:53:07.709 29902 DEBUG neutron_lib.callbacks.manager [req-0ccb6e06-fe34-4b42-9843-d2e6af58df45 - - - - -] Notify callbacks ['neutron.services.segments.db._update_segment_host_mapping_for_agent--9223363310285466823'] for agent, after_update _notify_loop /usr/lib/python2.7/site-packages/neutron_lib/callbacks/manager.py:167
2018-09-14 09:53:09.592 29905 DEBUG neutron_lib.callbacks.manager [req-296a0801-f4d3-4adc-8966-13233997decd - - - - -] Notify callbacks ['neutron.services.segments.db._update_segment_host_mapping_for_agent--9223363310285466823'] for agent, after_update _notify_loop /usr/lib/python2.7/site-packages/neutron_lib/callbacks/manager.py:167
2018-09-14 09:53:13.218 29893 DEBUG neutron.wsgi [-] (29893) accepted ('10.0.20.23', 54970) server /usr/lib/python2.7/site-packages/eventlet/wsgi.py:883
2018-09-14 09:53:13.580 29893 INFO neutron.wsgi [req-543ddf68-fa97-45b7-9163-10954ef186cf 10c05a22cea847f7a42d788fe8f1cd2e 368f193974e14846a186e2cbdb34d110 - default default] 10.0.20.23 "GET /v2.0/ports?device_id=9f061d40-afa6-434a-a9b0-e36fbda75a99 HTTP/1.1" status: 200  len: 1123 time: 0.3595638
2018-09-14 09:53:13.709 29893 INFO neutron.wsgi [req-285799c4-38d8-4dad-876e-5466c05dad34 10c05a22cea847f7a42d788fe8f1cd2e 368f193974e14846a186e2cbdb34d110 - default default] 10.0.20.23 "GET /v2.0/security-groups?id=315831c4-2982-4885-8aef-8ae180849d8a HTTP/1.1" status: 200  len: 2118 time: 0.1213050
2018-09-14 09:53:14.283 29893 INFO neutron.wsgi [req-6603cda1-b72e-4ab9-bd47-0d6544c8fddc 12391f96209c49f0af344a983f6b6fd5 1859b76f3bbb45dab628057fdb495035 - 99a1a86c0d1846de901ee5aaff96e49c 99a1a86c0d1846de901ee5aaff96e49c] 10.0.20.23 "GET /v2.0/ports?device_id=9f061d40-afa6-434a-a9b0-e36fbda75a99 HTTP/1.1" status: 200  len: 1123 time: 0.5856650
2018-09-14 09:53:14.419 29893 INFO neutron.wsgi [req-eac4e213-443e-4b69-8940-e309dd6c611e 12391f96209c49f0af344a983f6b6fd5 1859b76f3bbb45dab628057fdb495035 - 99a1a86c0d1846de901ee5aaff96e49c 99a1a86c0d1846de901ee5aaff96e49c] 10.0.20.23 "GET /v2.0/security-groups?id=315831c4-2982-4885-8aef-8ae180849d8a HTTP/1.1" status: 200  len: 2118 time: 0.1297750
2018-09-14 09:53:14.671 29893 INFO neutron.wsgi [req-2da44c35-414d-41ab-a275-328880b98f3a 12391f96209c49f0af344a983f6b6fd5 1859b76f3bbb45dab628057fdb495035 - 99a1a86c0d1846de901ee5aaff96e49c 99a1a86c0d1846de901ee5aaff96e49c] 10.0.20.23 "GET /v2.0/ports?device_owner=compute%3Anova&device_id=9f061d40-afa6-434a-a9b0-e36fbda75a99 HTTP/1.1" status: 200  len: 1123 time: 0.1009281
2018-09-14 09:53:14.723 29893 DEBUG neutron.quota.resource [req-de806893-ae7c-4d0c-96de-0fbfb55d82a3 12391f96209c49f0af344a983f6b6fd5 1859b76f3bbb45dab628057fdb495035 - 99a1a86c0d1846de901ee5aaff96e49c 99a1a86c0d1846de901ee5aaff96e49c] Synchronizing usage tracker for tenant:1859b76f3bbb45dab628057fdb495035 on resource:floatingip resync /usr/lib/python2.7/site-packages/neutron/quota/resource.py:245
2018-09-14 09:53:14.775 29893 DEBUG neutron.quota.resource [req-de806893-ae7c-4d0c-96de-0fbfb55d82a3 12391f96209c49f0af344a983f6b6fd5 1859b76f3bbb45dab628057fdb495035 - 99a1a86c0d1846de901ee5aaff96e49c 99a1a86c0d1846de901ee5aaff96e49c] Unset dirty status for tenant:1859b76f3bbb45dab628057fdb495035 on resource:floatingip _resync /usr/lib/python2.7/site-packages/neutron/quota/resource.py:237
2018-09-14 09:53:14.777 29893 INFO neutron.wsgi [req-de806893-ae7c-4d0c-96de-0fbfb55d82a3 12391f96209c49f0af344a983f6b6fd5 1859b76f3bbb45dab628057fdb495035 - 99a1a86c0d1846de901ee5aaff96e49c 99a1a86c0d1846de901ee5aaff96e49c] 10.0.20.23 "GET /v2.0/floatingips?floating_ip_address=172.24.4.14 HTTP/1.1" status: 200  len: 673 time: 0.0949981
2018-09-14 09:53:14.795 29893 DEBUG neutron.api.v2.base [req-ed00b305-354f-4d08-b921-1fa8f47a772b 12391f96209c49f0af344a983f6b6fd5 1859b76f3bbb45dab628057fdb495035 - 99a1a86c0d1846de901ee5aaff96e49c 99a1a86c0d1846de901ee5aaff96e49c] Request body: {u'floatingip': {u'fixed_ip_address': u'11.55.1.8', u'port_id': u'4c2b798b-c917-4663-b262-2aff39a4edee'}} prepare_request_body /usr/lib/python2.7/site-packages/neutron/api/v2/base.py:695
2018-09-14 09:53:15.140 29893 DEBUG neutron_lib.callbacks.manager [req-ed00b305-354f-4d08-b921-1fa8f47a772b 12391f96209c49f0af344a983f6b6fd5 1859b76f3bbb45dab628057fdb495035 - 99a1a86c0d1846de901ee5aaff96e49c 99a1a86c0d1846de901ee5aaff96e49c] Notify callbacks ['neutron.services.l3_router.l3_router_plugin.L3RouterPlugin._create_dvr_floating_gw_port-1596448'] for floatingip, after_update _notify_loop /usr/lib/python2.7/site-packages/neutron_lib/callbacks/manager.py:167
2018-09-14 09:53:15.324 29894 DEBUG neutron.wsgi [-] (29894) accepted ('10.0.20.23', 54992) server /usr/lib/python2.7/site-packages/eventlet/wsgi.py:883
2018-09-14 09:53:15.339 29894 WARNING keystonemiddleware.auth_token [-] Using the in-process token cache is deprecated as of the 4.2.0 release and may be removed in the 5.0.0 release or the 'O' development cycle. The in-process cache causes inconsistent results and high memory usage. When the feature is removed the auth_token middleware will not cache tokens by default which may result in performance issues. It is recommended to use  memcache for the auth_token token cache by setting the memcached_servers option.
2018-09-14 09:53:15.856 29893 DEBUG neutron.scheduler.l3_agent_scheduler [req-ed00b305-354f-4d08-b921-1fa8f47a772b 12391f96209c49f0af344a983f6b6fd5 1859b76f3bbb45dab628057fdb495035 - 99a1a86c0d1846de901ee5aaff96e49c 99a1a86c0d1846de901ee5aaff96e49c] Router f82b3798-e4d2-4f90-b689-02a9380472f0 has already been hosted by L3 agent 3a7d0172-8068-4b92-83e9-dfd9fc41c250 _get_candidates /usr/lib/python2.7/site-packages/neutron/scheduler/l3_agent_scheduler.py:141
2018-09-14 09:53:16.037 29893 DEBUG neutron.api.rpc.agentnotifiers.l3_rpc_agent_api [req-ed00b305-354f-4d08-b921-1fa8f47a772b 12391f96209c49f0af344a983f6b6fd5 1859b76f3bbb45dab628057fdb495035 - 99a1a86c0d1846de901ee5aaff96e49c 99a1a86c0d1846de901ee5aaff96e49c] Notify agent at l3_agent.localhost.localdomain the message routers_updated _agent_notification /usr/lib/python2.7/site-packages/neutron/api/rpc/agentnotifiers/l3_rpc_agent_api.py:69
2018-09-14 09:53:16.069 29893 DEBUG neutron_lib.callbacks.manager [req-ed00b305-354f-4d08-b921-1fa8f47a772b 12391f96209c49f0af344a983f6b6fd5 1859b76f3bbb45dab628057fdb495035 - 99a1a86c0d1846de901ee5aaff96e49c 99a1a86c0d1846de901ee5aaff96e49c] Notify callbacks ['neutron.notifiers.nova.Notifier._send_nova_notification-596'] for floatingip, before_response _notify_loop /usr/lib/python2.7/site-packages/neutron_lib/callbacks/manager.py:167
2018-09-14 09:53:16.085 29902 DEBUG neutron.db.l3_hamode_db [req-69ee96d5-3b0b-4583-aabe-eded45d789c6 - - - - -] neutron.services.l3_router.l3_router_plugin.L3RouterPlugin method get_ha_sync_data_for_host called with arguments (<neutron_lib.context.Context object at 0x7efd0059e590>, u'localhost.localdomain', <neutron.db.models.agent.Agent[object at 7efd00220650] {id=u'3a7d0172-8068-4b92-83e9-dfd9fc41c250', agent_type=u'L3 agent', binary=u'neutron-l3-agent', topic=u'l3_agent', host=u'localhost.localdomain', availability_zone=u'nova', admin_state_up=True, created_at=datetime.datetime(2018, 9, 12, 22, 24), started_at=datetime.datetime(2018, 9, 14, 13, 42, 51), heartbeat_timestamp=datetime.datetime(2018, 9, 14, 13, 52, 51), description=None, configurations=u'{"agent_mode": "legacy", "gateway_external_network_id": "", "handle_internal_only_routers": true, "routers": 2, "interfaces": 2, "floating_ips": 0, "interface_driver": "neutron.agent.linux.interface.OVSInterfaceDriver", "log_agent_heartbeats": false, "external_network_bridge": "", "ex_gw_ports": 2}', resource_versions=None, load=0}>) {'active': True, 'router_ids': ['f82b3798-e4d2-4f90-b689-02a9380472f0']} wrapper /usr/lib/python2.7/site-packages/oslo_log/helpers.py:66
2018-09-14 09:53:16.157 29893 INFO neutron.wsgi [req-ed00b305-354f-4d08-b921-1fa8f47a772b 12391f96209c49f0af344a983f6b6fd5 1859b76f3bbb45dab628057fdb495035 - 99a1a86c0d1846de901ee5aaff96e49c 99a1a86c0d1846de901ee5aaff96e49c] 10.0.20.23 "PUT /v2.0/floatingips/590590bb-56b2-4364-9615-562ce3e93999 HTTP/1.1" status: 200  len: 745 time: 1.3744781
2018-09-14 09:53:16.707 29893 DEBUG oslo_concurrency.lockutils [-] Lock "notifier-8c66fe45-46ff-42eb-92a8-0abd1ada268c" acquired by "neutron.notifiers.batch_notifier.synced_send" :: waited 0.000s inner /usr/lib/python2.7/site-packages/oslo_concurrency/lockutils.py:270
2018-09-14 09:53:16.708 29893 DEBUG neutron.notifiers.nova [-] Sending events: [{'tag': u'4c2b798b-c917-4663-b262-2aff39a4edee', 'name': 'network-changed', 'server_uuid': u'9f061d40-afa6-434a-a9b0-e36fbda75a99'}] send_events /usr/lib/python2.7/site-packages/neutron/notifiers/nova.py:242
2018-09-14 09:53:16.713 29893 DEBUG novaclient.v2.client [-] REQ: curl -g -i -X POST http://10.0.20.23:8774/v2.1/368f193974e14846a186e2cbdb34d110/os-server-external-events -H "User-Agent: python-novaclient" -H "Content-Type: application/json" -H "Accept: application/json" -H "X-OpenStack-Nova-API-Version: 2.1" -H "X-Auth-Token: {SHA1}9c6c9f5cfc5d32036086eb799dbddfcbd8c75b58" -d '{"events": [{"tag": "4c2b798b-c917-4663-b262-2aff39a4edee", "name": "network-changed", "server_uuid": "9f061d40-afa6-434a-a9b0-e36fbda75a99"}]}' _http_log_request /usr/lib/python2.7/site-packages/keystoneauth1/session.py:375
2018-09-14 09:53:16.770 29902 DEBUG neutron.db.l3_hamode_db [req-69ee96d5-3b0b-4583-aabe-eded45d789c6 - - - - -] neutron.services.l3_router.l3_router_plugin.L3RouterPlugin method _process_sync_ha_data called with arguments (<neutron_lib.context.Context object at 0x7efd0059e590>, [{'status': u'ACTIVE', '_interfaces': [{'status': u'ACTIVE', 'subnets': [{'dns_nameservers': [u'8.8.4.4'], 'ipv6_ra_mode': None, 'gateway_ip': u'11.55.1.1', 'cidr': u'11.55.1.0/24', 'id': u'9b80c55d-13da-47a9-92c4-294d79879239', 'subnetpool_id': None}], 'binding:host_id': u'localhost.localdomain', 'description': u'', 'allowed_address_pairs': [], 'tags': [], 'extra_dhcp_opts': [], 'updated_at': '2018-09-14T13:52:02Z', 'device_owner': u'network:router_interface', 'revision_number': 7, 'port_security_enabled': False, 'binding:profile': {}, 'mtu': 1450, 'fixed_ips': [{'subnet_id': u'9b80c55d-13da-47a9-92c4-294d79879239', 'prefixlen': 24, 'ip_address': u'11.55.1.1'}], 'id': u'ca2af8e0-667b-4752-af9a-ada19ffa0cca', 'security_groups': [], 'device_id': u'f82b3798-e4d2-4f90-b689-02a9380472f0', 'name': u'', 'admin_state_up': True, 'network_id': u'a81310e5-6f6c-41e6-9de4-517ea5ba20a9', 'tenant_id': u'1859b76f3bbb45dab628057fdb495035', 'binding:vif_details': {u'port_filter': True, u'datapath_type': u'system', u'ovs_hybrid_plug': True}, 'address_scopes': {4: None, 6: None}, 'binding:vnic_type': u'normal', 'binding:vif_type': u'ovs', 'mac_address': u'fa:16:3e:f8:d2:17', 'project_id': u'1859b76f3bbb45dab628057fdb495035', 'extra_subnets': [], 'created_at': '2018-09-14T13:51:52Z'}], 'enable_snat': True, 'ha_vr_id': 0, 'description': u'', 'tags': [], 'gw_port': {'status': u'ACTIVE', 'subnets': [{'dns_nameservers': [], 'ipv6_ra_mode': None, 'gateway_ip': u'172.24.4.1', 'cidr': u'172.24.4.0/24', 'id': u'997c6fe9-dc25-4cff-8564-acd631d97bd5', 'subnetpool_id': None}], 'binding:host_id': u'localhost.localdomain', 'description': u'', 'allowed_address_pairs': [], 'tags': [], 'extra_dhcp_opts': [], 'updated_at': '2018-09-14T13:52:13Z', 'device_owner': u'network:router_gateway', 'revision_number': 6, 'port_security_enabled': False, 'binding:profile': {}, 'mtu': 1500, 'fixed_ips': [{'subnet_id': u'997c6fe9-dc25-4cff-8564-acd631d97bd5', 'prefixlen': 24, 'ip_address': u'172.24.4.4'}], 'id': u'ad3c1be6-04a4-43fc-b667-d4c20742c5ef', 'security_groups': [], 'device_id': u'f82b3798-e4d2-4f90-b689-02a9380472f0', 'name': u'', 'admin_state_up': True, 'network_id': u'990b4ddf-dd04-44e0-920c-02fce451b987', 'tenant_id': u'', 'binding:vif_details': {u'port_filter': True, u'datapath_type': u'system', u'ovs_hybrid_plug': True}, 'address_scopes': {4: None, 6: None}, 'binding:vnic_type': u'normal', 'binding:vif_type': u'ovs', 'mac_address': u'fa:16:3e:94:ff:0c', 'project_id': u'', 'extra_subnets': [], 'created_at': '2018-09-14T13:52:06Z'}, 'updated_at': '2018-09-14T13:52:07Z', 'revision_number': 4, 'ha': False, 'id': u'f82b3798-e4d2-4f90-b689-02a9380472f0', 'gw_port_host': u'localhost.localdomain', 'external_gateway_info': {'network_id': u'990b4ddf-dd04-44e0-920c-02fce451b987', 'enable_snat': True, 'external_fixed_ips': [{'subnet_id': u'997c6fe9-dc25-4cff-8564-acd631d97bd5', 'ip_address': u'172.24.4.4'}]}, 'availability_zone_hints': [], 'availability_zones': [u'nova'], 'name': u'tempest-router-1536932933', 'gw_port_id': u'ad3c1be6-04a4-43fc-b667-d4c20742c5ef', 'admin_state_up': True, 'tenant_id': u'1859b76f3bbb45dab628057fdb495035', 'created_at': '2018-09-14T13:51:31Z', 'distributed': False, 'flavor_id': None, 'routes': [], 'project_id': u'1859b76f3bbb45dab628057fdb495035', '_floatingips': [{'router_id': u'f82b3798-e4d2-4f90-b689-02a9380472f0', 'status': u'DOWN', 'description': u'', 'tags': [], 'updated_at': '2018-09-14T13:53:15Z', 'dns_domain': '', 'floating_network_id': u'990b4ddf-dd04-44e0-920c-02fce451b987', 'fixed_ip_address': u'11.55.1.8', 'floating_ip_address': u'172.24.4.14', 'revision_number': 1, 'port_id': u'4c2b798b-c917-4663-b262-2aff39a4edee', 'id': u'590590bb-56b2-4364-9615-562ce3e93999', 'dns_name': '', 'created_at': '2018-09-14T13:53:01Z', 'tenant_id': u'1859b76f3bbb45dab628057fdb495035', 'fixed_ip_address_scope': None, 'project_id': u'1859b76f3bbb45dab628057fdb495035'}]}], u'localhost.localdomain', False) {} wrapper /usr/lib/python2.7/site-packages/oslo_log/helpers.py:66
2018-09-14 09:53:16.783 29902 DEBUG neutron.api.rpc.handlers.l3_rpc [req-69ee96d5-3b0b-4583-aabe-eded45d789c6 - - - - -] Checking router: f82b3798-e4d2-4f90-b689-02a9380472f0 for host: localhost.localdomain _ensure_host_set_on_ports /usr/lib/python2.7/site-packages/neutron/api/rpc/handlers/l3_rpc.py:135
2018-09-14 09:53:17.271 29910 DEBUG neutron.api.rpc.handlers.l3_rpc [req-49c67742-6ad0-4eb6-a33c-5d633afeb2dc - - - - -] New status for floating IP 590590bb-56b2-4364-9615-562ce3e93999: ACTIVE update_floatingip_statuses /usr/lib/python2.7/site-packages/neutron/api/rpc/handlers/l3_rpc.py:252
2018-09-14 09:53:17.305 29893 DEBUG novaclient.v2.client [-] RESP: [200] Content-Length: 179 Content-Type: application/json Openstack-Api-Version: compute 2.1 X-Openstack-Nova-Api-Version: 2.1 Vary: OpenStack-API-Version, X-OpenStack-Nova-API-Version X-Openstack-Request-Id: req-e4c36221-59dc-4ee6-aa74-3eaf31c1f719 X-Compute-Request-Id: req-e4c36221-59dc-4ee6-aa74-3eaf31c1f719 Date: Fri, 14 Sep 2018 13:53:17 GMT Connection: keep-alive 
RESP BODY: {"events": [{"status": "completed", "tag": "4c2b798b-c917-4663-b262-2aff39a4edee", "name": "network-changed", "server_uuid": "9f061d40-afa6-434a-a9b0-e36fbda75a99", "code": 200}]}
 _http_log_response /usr/lib/python2.7/site-packages/keystoneauth1/session.py:423
2018-09-14 09:53:17.307 29893 DEBUG novaclient.v2.client [-] POST call to compute for http://10.0.20.23:8774/v2.1/368f193974e14846a186e2cbdb34d110/os-server-external-events used request id req-e4c36221-59dc-4ee6-aa74-3eaf31c1f719 request /usr/lib/python2.7/site-packages/keystoneauth1/session.py:727
2018-09-14 09:53:17.322 29893 INFO neutron.notifiers.nova [-] Nova event response: {u'status': u'completed', u'tag': u'4c2b798b-c917-4663-b262-2aff39a4edee', u'name': u'network-changed', u'server_uuid': u'9f061d40-afa6-434a-a9b0-e36fbda75a99', u'code': 200}
2018-09-14 09:53:17.336 29894 DEBUG oslo_policy._cache_handler [req-201dacc6-13dd-4787-aded-367119c02fd8 10c05a22cea847f7a42d788fe8f1cd2e 368f193974e14846a186e2cbdb34d110 - default default] Reloading cached file /etc/neutron/policy.json read_cached_file /usr/lib/python2.7/site-packages/oslo_policy/_cache_handler.py:40
2018-09-14 09:53:17.384 29894 DEBUG oslo_policy.policy [req-201dacc6-13dd-4787-aded-367119c02fd8 10c05a22cea847f7a42d788fe8f1cd2e 368f193974e14846a186e2cbdb34d110 - default default] Reloaded policy file: /etc/neutron/policy.json _load_policy_file /usr/lib/python2.7/site-packages/oslo_policy/policy.py:685
2018-09-14 09:53:17.481 29893 INFO neutron.wsgi [req-4049ecb4-3f69-4405-b9b8-b480bac2175b 10c05a22cea847f7a42d788fe8f1cd2e 368f193974e14846a186e2cbdb34d110 - default default] 10.0.20.23 "GET /v2.0/ports?tenant_id=1859b76f3bbb45dab628057fdb495035&device_id=9f061d40-afa6-434a-a9b0-e36fbda75a99 HTTP/1.1" status: 200  len: 1123 time: 0.1277168
2018-09-14 09:53:17.756 29893 DEBUG neutron.pecan_wsgi.hooks.policy_enforcement [req-e7c57664-9a5c-4c51-a2c7-7c249487ac21 10c05a22cea847f7a42d788fe8f1cd2e 368f193974e14846a186e2cbdb34d110 - default default] Attributes excluded by policy engine: [u'vlan_transparent'] _exclude_attributes_by_policy /usr/lib/python2.7/site-packages/neutron/pecan_wsgi/hooks/policy_enforcement.py:256
2018-09-14 09:53:17.759 29893 INFO neutron.wsgi [req-e7c57664-9a5c-4c51-a2c7-7c249487ac21 10c05a22cea847f7a42d788fe8f1cd2e 368f193974e14846a186e2cbdb34d110 - default default] 10.0.20.23 "GET /v2.0/networks?id=a81310e5-6f6c-41e6-9de4-517ea5ba20a9 HTTP/1.1" status: 200  len: 885 time: 0.2705631
2018-09-14 09:53:17.808 29893 INFO neutron.wsgi [req-ec593733-a119-425b-b200-b3be6a8feb29 10c05a22cea847f7a42d788fe8f1cd2e 368f193974e14846a186e2cbdb34d110 - default default] 10.0.20.23 "GET /v2.0/floatingips?fixed_ip_address=11.55.1.8&port_id=4c2b798b-c917-4663-b262-2aff39a4edee HTTP/1.1" status: 200  len: 750 time: 0.0426199
2018-09-14 09:53:17.950 29893 DEBUG neutron.pecan_wsgi.hooks.policy_enforcement [req-03c7e952-f2d3-4368-9fa5-5b0a1cc388d6 10c05a22cea847f7a42d788fe8f1cd2e 368f193974e14846a186e2cbdb34d110 - default default] Attributes excluded by policy engine: [u'shared'] _exclude_attributes_by_policy /usr/lib/python2.7/site-packages/neutron/pecan_wsgi/hooks/policy_enforcement.py:256
2018-09-14 09:53:17.952 29893 INFO neutron.wsgi [req-03c7e952-f2d3-4368-9fa5-5b0a1cc388d6 10c05a22cea847f7a42d788fe8f1cd2e 368f193974e14846a186e2cbdb34d110 - default default] 10.0.20.23 "GET /v2.0/subnets?id=9b80c55d-13da-47a9-92c4-294d79879239 HTTP/1.1" status: 200  len: 843 time: 0.1378670
2018-09-14 09:53:18.009 29894 DEBUG oslo_policy._cache_handler [req-201dacc6-13dd-4787-aded-367119c02fd8 10c05a22cea847f7a42d788fe8f1cd2e 368f193974e14846a186e2cbdb34d110 - default default] Reloading cached file /etc/neutron/policy.json read_cached_file /usr/lib/python2.7/site-packages/oslo_policy/_cache_handler.py:40
2018-09-14 09:53:18.032 29894 DEBUG oslo_policy.policy [req-201dacc6-13dd-4787-aded-367119c02fd8 10c05a22cea847f7a42d788fe8f1cd2e 368f193974e14846a186e2cbdb34d110 - default default] Reloaded policy file: /etc/neutron/policy.json _load_policy_file /usr/lib/python2.7/site-packages/oslo_policy/policy.py:685
2018-09-14 09:53:18.042 29894 INFO neutron.wsgi [req-201dacc6-13dd-4787-aded-367119c02fd8 10c05a22cea847f7a42d788fe8f1cd2e 368f193974e14846a186e2cbdb34d110 - default default] 10.0.20.23 "GET /v2.0/ports?device_id=9f061d40-afa6-434a-a9b0-e36fbda75a99 HTTP/1.1" status: 200  len: 1123 time: 2.7084410
2018-09-14 09:53:18.064 29893 INFO neutron.wsgi [req-3983272d-4154-4ae6-96ca-18fbf36629e1 10c05a22cea847f7a42d788fe8f1cd2e 368f193974e14846a186e2cbdb34d110 - default default] 10.0.20.23 "GET /v2.0/ports?network_id=a81310e5-6f6c-41e6-9de4-517ea5ba20a9&device_owner=network%3Adhcp HTTP/1.1" status: 200  len: 1127 time: 0.1039538
2018-09-14 09:53:18.252 29893 INFO neutron.wsgi [req-0e20ad29-4b6f-4f43-8910-15a2c528aa29 10c05a22cea847f7a42d788fe8f1cd2e 368f193974e14846a186e2cbdb34d110 - default default] 10.0.20.23 "GET /v2.0/ports?tenant_id=1859b76f3bbb45dab628057fdb495035&device_id=9f061d40-afa6-434a-a9b0-e36fbda75a99 HTTP/1.1" status: 200  len: 1123 time: 0.5582139
2018-09-14 09:53:18.372 29894 INFO neutron.wsgi [req-bb3336f8-50d2-4d85-8a7f-5c22424b30fb 10c05a22cea847f7a42d788fe8f1cd2e 368f193974e14846a186e2cbdb34d110 - default default] 10.0.20.23 "GET /v2.0/security-groups?id=315831c4-2982-4885-8aef-8ae180849d8a HTTP/1.1" status: 200  len: 2118 time: 0.3214159
2018-09-14 09:53:18.436 29893 DEBUG neutron.pecan_wsgi.hooks.policy_enforcement [req-67b086f2-5254-4892-addd-0dbdb26ba3a3 10c05a22cea847f7a42d788fe8f1cd2e 368f193974e14846a186e2cbdb34d110 - default default] Attributes excluded by policy engine: [u'vlan_transparent'] _exclude_attributes_by_policy /usr/lib/python2.7/site-packages/neutron/pecan_wsgi/hooks/policy_enforcement.py:256
2018-09-14 09:53:18.439 29893 INFO neutron.wsgi [req-67b086f2-5254-4892-addd-0dbdb26ba3a3 10c05a22cea847f7a42d788fe8f1cd2e 368f193974e14846a186e2cbdb34d110 - default default] 10.0.20.23 "GET /v2.0/networks?id=a81310e5-6f6c-41e6-9de4-517ea5ba20a9 HTTP/1.1" status: 200  len: 885 time: 0.1830530
2018-09-14 09:53:18.477 29893 INFO neutron.wsgi [req-ad5d9a8d-a8af-4d6f-8cfc-9a3d91a047b3 10c05a22cea847f7a42d788fe8f1cd2e 368f193974e14846a186e2cbdb34d110 - default default] 10.0.20.23 "GET /v2.0/floatingips?fixed_ip_address=11.55.1.8&port_id=4c2b798b-c917-4663-b262-2aff39a4edee HTTP/1.1" status: 200  len: 750 time: 0.0310659
2018-09-14 09:53:18.601 29893 DEBUG neutron.pecan_wsgi.hooks.policy_enforcement [req-2df2f0e1-998f-4bf4-bf29-33746207d7cc 10c05a22cea847f7a42d788fe8f1cd2e 368f193974e14846a186e2cbdb34d110 - default default] Attributes excluded by policy engine: [u'shared'] _exclude_attributes_by_policy /usr/lib/python2.7/site-packages/neutron/pecan_wsgi/hooks/policy_enforcement.py:256
2018-09-14 09:53:18.605 29893 INFO neutron.wsgi [req-2df2f0e1-998f-4bf4-bf29-33746207d7cc 10c05a22cea847f7a42d788fe8f1cd2e 368f193974e14846a186e2cbdb34d110 - default default] 10.0.20.23 "GET /v2.0/subnets?id=9b80c55d-13da-47a9-92c4-294d79879239 HTTP/1.1" status: 200  len: 843 time: 0.1223009
2018-09-14 09:53:18.731 29893 INFO neutron.wsgi [req-89455381-74d2-4bd7-bc83-da5bc99a4aae 10c05a22cea847f7a42d788fe8f1cd2e 368f193974e14846a186e2cbdb34d110 - default default] 10.0.20.23 "GET /v2.0/ports?network_id=a81310e5-6f6c-41e6-9de4-517ea5ba20a9&device_owner=network%3Adhcp HTTP/1.1" status: 200  len: 1127 time: 0.1199441
2018-09-14 09:53:19.323 29893 DEBUG oslo_concurrency.lockutils [-] Lock "notifier-8c66fe45-46ff-42eb-92a8-0abd1ada268c" released by "neutron.notifiers.batch_notifier.synced_send" :: held 2.616s inner /usr/lib/python2.7/site-packages/oslo_concurrency/lockutils.py:282
2018-09-14 09:53:20.572 29909 DEBUG neutron_lib.callbacks.manager [req-176e7d28-33c1-45f1-b6ea-9a51bc8632f0 - - - - -] Notify callbacks ['neutron.services.segments.db._update_segment_host_mapping_for_agent--9223363310285466823'] for agent, after_update _notify_loop /usr/lib/python2.7/site-packages/neutron_lib/callbacks/manager.py:167
2018-09-14 09:53:20.636 29908 DEBUG neutron_lib.callbacks.manager [req-7f278c9c-543a-4901-a768-c53fdf746c19 - - - - -] Notify callbacks ['neutron.services.segments.db._update_segment_host_mapping_for_agent--9223363310285466823'] for agent, after_update _notify_loop /usr/lib/python2.7/site-packages/neutron_lib/callbacks/manager.py:167
2018-09-14 09:53:21.139 29903 DEBUG neutron_lib.callbacks.manager [req-f2429f9d-c534-409b-966d-ca240bb7dbf5 - - - - -] Notify callbacks ['neutron.services.segments.db._update_segment_host_mapping_for_agent--9223363310285466823'] for agent, after_update _notify_loop /usr/lib/python2.7/site-packages/neutron_lib/callbacks/manager.py:167
2018-09-14 09:53:21.562 29893 DEBUG neutron.wsgi [-] (29893) accepted ('10.0.20.23', 56112) server /usr/lib/python2.7/site-packages/eventlet/wsgi.py:883
2018-09-14 09:53:22.078 29893 INFO neutron.wsgi [req-862e15f4-03e7-4b55-8643-57ba603f2c0a 10c05a22cea847f7a42d788fe8f1cd2e 368f193974e14846a186e2cbdb34d110 - default default] 10.0.20.23 "GET /v2.0/ports?device_id=9f061d40-afa6-434a-a9b0-e36fbda75a99 HTTP/1.1" status: 200  len: 1123 time: 0.5147510
2018-09-14 09:53:22.160 29910 DEBUG neutron.db.agents_db [req-07da5a8c-5b97-4f94-88f7-3e26abddbfee - - - - -] Agent healthcheck: found 5 active agents agent_health_check /usr/lib/python2.7/site-packages/neutron/db/agents_db.py:281
