2018-09-28 23:50:48.283 28118 DEBUG neutron.api.rpc.callbacks.version_manager [req-8336be1c-a40f-4ea9-b70e-488ecfade87a - - - - -] Version for resource type Port changed None to 1.1 on consumer Open vSwitch agent@localhost.localdomain _set_version /usr/lib/python2.7/site-packages/neutron/api/rpc/callbacks/version_manager.py:119
2018-09-28 23:50:48.283 28118 DEBUG neutron.api.rpc.callbacks.version_manager [req-8336be1c-a40f-4ea9-b70e-488ecfade87a - - - - -] Version for resource type Log changed None to 1.0 on consumer Open vSwitch agent@localhost.localdomain _set_version /usr/lib/python2.7/site-packages/neutron/api/rpc/callbacks/version_manager.py:119
2018-09-28 23:50:48.308 28118 DEBUG oslo_concurrency.lockutils [req-8336be1c-a40f-4ea9-b70e-488ecfade87a - - - - -] Lock "event-dispatch" released by "neutron.plugins.ml2.ovo_rpc.dispatch_events" :: held 0.261s inner /usr/lib/python2.7/site-packages/oslo_concurrency/lockutils.py:282
2018-09-28 23:50:48.992 28118 DEBUG novaclient.v2.client [-] REQ: curl -g -i -X POST http://10.0.20.44:8774/v2.1/0370d8fb50704220a0d8021f0cc9d2d1/os-server-external-events -H "User-Agent: python-novaclient" -H "Content-Type: application/json" -H "Accept: application/json" -H "X-OpenStack-Nova-API-Version: 2.1" -H "X-Auth-Token: {SHA1}45657e06409b6de2b4fd4a51cb09b082102ea44a" -d '{"events": [{"status": "completed", "tag": "d65ff27f-da27-4cdf-b836-d498d6ae537a", "name": "network-vif-plugged", "server_uuid": "7fe20823-58d0-4cea-9d35-9cf132007ef9"}]}' _http_log_request /usr/lib/python2.7/site-packages/keystoneauth1/session.py:375
2018-09-28 23:50:49.105 28119 DEBUG neutron.plugins.ml2.rpc [req-8336be1c-a40f-4ea9-b70e-488ecfade87a - - - - -] Device d65ff27f-da27-4cdf-b836-d498d6ae537a up at agent ovs-agent-localhost.localdomain update_device_up /usr/lib/python2.7/site-packages/neutron/plugins/ml2/rpc.py:244
2018-09-28 23:50:49.329 28119 DEBUG neutron.db.provisioning_blocks [req-8336be1c-a40f-4ea9-b70e-488ecfade87a - - - - -] Provisioning complete for port d65ff27f-da27-4cdf-b836-d498d6ae537a triggered by entity L2. provisioning_complete /usr/lib/python2.7/site-packages/neutron/db/provisioning_blocks.py:138
2018-09-28 23:50:49.330 28119 DEBUG neutron_lib.callbacks.manager [req-8336be1c-a40f-4ea9-b70e-488ecfade87a - - - - -] Notify callbacks ['neutron.plugins.ml2.plugin.Ml2Plugin._port_provisioned--9223372036853337376'] for port, provisioning_complete _notify_loop /usr/lib/python2.7/site-packages/neutron_lib/callbacks/manager.py:167
2018-09-28 23:50:50.835 28118 DEBUG novaclient.v2.client [-] RESP: [200] Content-Length: 183 Content-Type: application/json Openstack-Api-Version: compute 2.1 X-Openstack-Nova-Api-Version: 2.1 Vary: OpenStack-API-Version, X-OpenStack-Nova-API-Version X-Openstack-Request-Id: req-69016fab-f6ac-4cc1-8398-fe10e842ce09 X-Compute-Request-Id: req-69016fab-f6ac-4cc1-8398-fe10e842ce09 Date: Sat, 29 Sep 2018 03:50:50 GMT Connection: keep-alive 
RESP BODY: {"events": [{"status": "completed", "tag": "d65ff27f-da27-4cdf-b836-d498d6ae537a", "name": "network-vif-plugged", "server_uuid": "7fe20823-58d0-4cea-9d35-9cf132007ef9", "code": 200}]}
 _http_log_response /usr/lib/python2.7/site-packages/keystoneauth1/session.py:423
2018-09-28 23:50:50.836 28118 DEBUG novaclient.v2.client [-] POST call to compute for http://10.0.20.44:8774/v2.1/0370d8fb50704220a0d8021f0cc9d2d1/os-server-external-events used request id req-69016fab-f6ac-4cc1-8398-fe10e842ce09 request /usr/lib/python2.7/site-packages/keystoneauth1/session.py:727
2018-09-28 23:50:50.849 28118 INFO neutron.notifiers.nova [-] Nova event response: {u'status': u'completed', u'tag': u'd65ff27f-da27-4cdf-b836-d498d6ae537a', u'name': u'network-vif-plugged', u'server_uuid': u'7fe20823-58d0-4cea-9d35-9cf132007ef9', u'code': 200}
2018-09-28 23:50:52.255 28122 DEBUG neutron.db.agents_db [req-35033860-a874-44b1-ac15-db6f3e5e11bc - - - - -] Agent healthcheck: found 5 active agents agent_health_check /usr/lib/python2.7/site-packages/neutron/db/agents_db.py:281
2018-09-28 23:50:52.851 28118 DEBUG oslo_concurrency.lockutils [-] Lock "notifier-1e5b4bf9-cdd7-4976-8d74-e3fe146bc4cb" released by "neutron.notifiers.batch_notifier.synced_send" :: held 4.950s inner /usr/lib/python2.7/site-packages/oslo_concurrency/lockutils.py:282
2018-09-28 23:50:55.364 28108 INFO neutron.wsgi [req-7f8297df-99e3-4441-a1c2-095f866c1295 43891b3f0b4747ba94f0a625a1138aab 4ebb9a2c62e340cd833cb2eba4129c4b - 53b5fb279af64d9c82d7322545b944f7 53b5fb279af64d9c82d7322545b944f7] 10.0.20.44 "GET /v2.0/ports?device_id=7fe20823-58d0-4cea-9d35-9cf132007ef9 HTTP/1.1" status: 200  len: 1124 time: 1.1535730
2018-09-28 23:50:55.567 28108 INFO neutron.wsgi [req-48cef89d-c950-43b7-bae8-2acede2e0e9c 43891b3f0b4747ba94f0a625a1138aab 4ebb9a2c62e340cd833cb2eba4129c4b - 53b5fb279af64d9c82d7322545b944f7 53b5fb279af64d9c82d7322545b944f7] 10.0.20.44 "GET /v2.0/security-groups?id=3e9eea50-dc33-4c1a-8ed9-954985d1d538 HTTP/1.1" status: 200  len: 2118 time: 0.1908238
2018-09-28 23:51:00.974 28115 DEBUG neutron_lib.callbacks.manager [req-8336be1c-a40f-4ea9-b70e-488ecfade87a - - - - -] Notify callbacks ['neutron.services.segments.db._update_segment_host_mapping_for_agent-8778477983914'] for agent, after_update _notify_loop /usr/lib/python2.7/site-packages/neutron_lib/callbacks/manager.py:167
2018-09-28 23:51:03.512 28116 DEBUG neutron_lib.callbacks.manager [req-3305f075-41a0-424a-8405-0a7d8cd256f6 - - - - -] Notify callbacks ['neutron.services.segments.db._update_segment_host_mapping_for_agent-8778477983914'] for agent, after_update _notify_loop /usr/lib/python2.7/site-packages/neutron_lib/callbacks/manager.py:167
2018-09-28 23:51:04.289 28117 DEBUG neutron_lib.callbacks.manager [req-2cd463f8-cbe0-4d52-9cbc-5f01db7f6308 - - - - -] Notify callbacks ['neutron.services.segments.db._update_segment_host_mapping_for_agent-8778477983914'] for agent, after_update _notify_loop /usr/lib/python2.7/site-packages/neutron_lib/callbacks/manager.py:167
2018-09-28 23:51:04.543 28113 DEBUG neutron_lib.callbacks.manager [req-31d650dc-edc6-4866-89e5-b1360fb0d681 - - - - -] Notify callbacks ['neutron.services.segments.db._update_segment_host_mapping_for_agent-8778477983914'] for agent, after_update _notify_loop /usr/lib/python2.7/site-packages/neutron_lib/callbacks/manager.py:167
2018-09-28 23:51:08.195 28114 DEBUG neutron_lib.callbacks.manager [req-6cb8ad5f-9fcf-4132-971e-40abc795d740 - - - - -] Notify callbacks ['neutron.services.segments.db._update_segment_host_mapping_for_agent-8778477983914'] for agent, after_update _notify_loop /usr/lib/python2.7/site-packages/neutron_lib/callbacks/manager.py:167
2018-09-28 23:51:21.949 28103 DEBUG neutron.wsgi [-] (28103) accepted ('10.0.20.44', 42492) server /usr/lib/python2.7/site-packages/eventlet/wsgi.py:883
2018-09-28 23:51:22.610 28103 INFO neutron.wsgi [req-bb4eba0b-ea79-40f1-92e3-129846aa8796 5a42c245a9524d2690645093ae1ed2ea 0370d8fb50704220a0d8021f0cc9d2d1 - default default] 10.0.20.44 "GET /v2.0/ports?device_id=7fe20823-58d0-4cea-9d35-9cf132007ef9 HTTP/1.1" status: 200  len: 1124 time: 0.6583772
2018-09-28 23:51:22.763 28103 INFO neutron.wsgi [req-d2ea3a29-35e2-4f71-b749-c0e2a571e95b 5a42c245a9524d2690645093ae1ed2ea 0370d8fb50704220a0d8021f0cc9d2d1 - default default] 10.0.20.44 "GET /v2.0/security-groups?id=3e9eea50-dc33-4c1a-8ed9-954985d1d538 HTTP/1.1" status: 200  len: 2118 time: 0.1435339
2018-09-28 23:51:23.747 28107 INFO neutron.wsgi [req-75e49199-3de5-4965-9499-f6436484ae35 5a42c245a9524d2690645093ae1ed2ea 0370d8fb50704220a0d8021f0cc9d2d1 - default default] 10.0.20.44 "GET /v2.0/ports?device_id=7fe20823-58d0-4cea-9d35-9cf132007ef9 HTTP/1.1" status: 200  len: 1124 time: 0.2089372
2018-09-28 23:51:24.002 28107 INFO neutron.wsgi [req-a18da5ca-33d0-4752-bbca-3b79eec57bb1 5a42c245a9524d2690645093ae1ed2ea 0370d8fb50704220a0d8021f0cc9d2d1 - default default] 10.0.20.44 "GET /v2.0/security-groups?id=3e9eea50-dc33-4c1a-8ed9-954985d1d538 HTTP/1.1" status: 200  len: 2118 time: 0.2303269
2018-09-28 23:51:25.480 28102 INFO neutron.wsgi [req-3fcc53e9-3c53-4705-a232-1aff09edb1db 5a42c245a9524d2690645093ae1ed2ea 0370d8fb50704220a0d8021f0cc9d2d1 - default default] 10.0.20.44 "GET /v2.0/ports?device_id=7fe20823-58d0-4cea-9d35-9cf132007ef9 HTTP/1.1" status: 200  len: 1124 time: 0.8764970
2018-09-28 23:51:25.607 28102 INFO neutron.wsgi [req-d9bf510d-a883-410a-a3a0-85b5e7b20cb1 5a42c245a9524d2690645093ae1ed2ea 0370d8fb50704220a0d8021f0cc9d2d1 - default default] 10.0.20.44 "GET /v2.0/security-groups?id=3e9eea50-dc33-4c1a-8ed9-954985d1d538 HTTP/1.1" status: 200  len: 2118 time: 0.1182342
2018-09-28 23:51:27.333 28108 INFO neutron.wsgi [req-5043aced-cba2-4b68-ac2f-5e762dd51fc0 5a42c245a9524d2690645093ae1ed2ea 0370d8fb50704220a0d8021f0cc9d2d1 - default default] 10.0.20.44 "GET /v2.0/ports?device_id=7fe20823-58d0-4cea-9d35-9cf132007ef9 HTTP/1.1" status: 200  len: 1124 time: 0.1344330
2018-09-28 23:51:27.479 28108 INFO neutron.wsgi [req-6abd838f-d25b-417c-ba58-149d6516246b 5a42c245a9524d2690645093ae1ed2ea 0370d8fb50704220a0d8021f0cc9d2d1 - default default] 10.0.20.44 "GET /v2.0/security-groups?id=3e9eea50-dc33-4c1a-8ed9-954985d1d538 HTTP/1.1" status: 200  len: 2118 time: 0.1372111
2018-09-28 23:51:28.108 28112 INFO neutron.wsgi [req-4d9a52cc-810a-4c1a-b44c-5f6e8ea7432c 5a42c245a9524d2690645093ae1ed2ea 0370d8fb50704220a0d8021f0cc9d2d1 - default default] 10.0.20.44 "GET /v2.0/ports?device_id=7fe20823-58d0-4cea-9d35-9cf132007ef9 HTTP/1.1" status: 200  len: 1124 time: 0.1234689
2018-09-28 23:51:28.222 28112 INFO neutron.wsgi [req-d853bc36-ac6d-41db-a315-b5a3076d3fbd 5a42c245a9524d2690645093ae1ed2ea 0370d8fb50704220a0d8021f0cc9d2d1 - default default] 10.0.20.44 "GET /v2.0/security-groups?id=3e9eea50-dc33-4c1a-8ed9-954985d1d538 HTTP/1.1" status: 200  len: 2118 time: 0.1091740
2018-09-28 23:51:29.227 28122 DEBUG neutron.db.agents_db [req-35033860-a874-44b1-ac15-db6f3e5e11bc - - - - -] Agent healthcheck: found 5 active agents agent_health_check /usr/lib/python2.7/site-packages/neutron/db/agents_db.py:281
2018-09-28 23:51:30.670 28108 INFO neutron.wsgi [req-99e3b491-c245-43f5-a341-51b01c66b567 5a42c245a9524d2690645093ae1ed2ea 0370d8fb50704220a0d8021f0cc9d2d1 - default default] 10.0.20.44 "GET /v2.0/ports?device_id=7fe20823-58d0-4cea-9d35-9cf132007ef9 HTTP/1.1" status: 200  len: 1124 time: 0.1240640
2018-09-28 23:51:30.792 28108 INFO neutron.wsgi [req-c2c8b23e-7ae8-4d21-a223-8bfda00fb2bb 5a42c245a9524d2690645093ae1ed2ea 0370d8fb50704220a0d8021f0cc9d2d1 - default default] 10.0.20.44 "GET /v2.0/security-groups?id=3e9eea50-dc33-4c1a-8ed9-954985d1d538 HTTP/1.1" status: 200  len: 2118 time: 0.1147149
2018-09-28 23:51:30.962 28119 DEBUG neutron_lib.callbacks.manager [req-8336be1c-a40f-4ea9-b70e-488ecfade87a - - - - -] Notify callbacks ['neutron.services.segments.db._update_segment_host_mapping_for_agent-8778477983914'] for agent, after_update _notify_loop /usr/lib/python2.7/site-packages/neutron_lib/callbacks/manager.py:167
2018-09-28 23:51:33.516 28120 DEBUG neutron_lib.callbacks.manager [req-3305f075-41a0-424a-8405-0a7d8cd256f6 - - - - -] Notify callbacks ['neutron.services.segments.db._update_segment_host_mapping_for_agent-8778477983914'] for agent, after_update _notify_loop /usr/lib/python2.7/site-packages/neutron_lib/callbacks/manager.py:167
2018-09-28 23:51:34.278 28118 DEBUG neutron_lib.callbacks.manager [req-c47db07c-2d04-4534-b729-ff15e59c82c3 - - - - -] Notify callbacks ['neutron.services.segments.db._update_segment_host_mapping_for_agent-8778477983914'] for agent, after_update _notify_loop /usr/lib/python2.7/site-packages/neutron_lib/callbacks/manager.py:167
2018-09-28 23:51:34.606 28121 DEBUG neutron_lib.callbacks.manager [req-31d650dc-edc6-4866-89e5-b1360fb0d681 - - - - -] Notify callbacks ['neutron.services.segments.db._update_segment_host_mapping_for_agent-8778477983914'] for agent, after_update _notify_loop /usr/lib/python2.7/site-packages/neutron_lib/callbacks/manager.py:167
2018-09-28 23:51:38.196 28115 DEBUG neutron_lib.callbacks.manager [req-85df4ebb-ae57-40de-9a38-d74afcdd9eb6 - - - - -] Notify callbacks ['neutron.services.segments.db._update_segment_host_mapping_for_agent-8778477983914'] for agent, after_update _notify_loop /usr/lib/python2.7/site-packages/neutron_lib/callbacks/manager.py:167
2018-09-28 23:51:42.339 28103 INFO neutron.wsgi [req-96950e6f-2115-4ff4-b35a-954bb5cd727f 5a42c245a9524d2690645093ae1ed2ea 0370d8fb50704220a0d8021f0cc9d2d1 - default default] 10.0.20.44 "GET /v2.0/ports?tenant_id=4ebb9a2c62e340cd833cb2eba4129c4b&device_id=7fe20823-58d0-4cea-9d35-9cf132007ef9 HTTP/1.1" status: 200  len: 1124 time: 0.1255989
2018-09-28 23:51:42.628 28103 DEBUG neutron.pecan_wsgi.hooks.policy_enforcement [req-7277ff48-a58a-4a23-8fec-f65410066656 5a42c245a9524d2690645093ae1ed2ea 0370d8fb50704220a0d8021f0cc9d2d1 - default default] Attributes excluded by policy engine: [u'vlan_transparent'] _exclude_attributes_by_policy /usr/lib/python2.7/site-packages/neutron/pecan_wsgi/hooks/policy_enforcement.py:256
2018-09-28 23:51:42.630 28103 INFO neutron.wsgi [req-7277ff48-a58a-4a23-8fec-f65410066656 5a42c245a9524d2690645093ae1ed2ea 0370d8fb50704220a0d8021f0cc9d2d1 - default default] 10.0.20.44 "GET /v2.0/networks?id=63b4f399-0d86-4404-b375-21d2470f4efd HTTP/1.1" status: 200  len: 885 time: 0.2818871
2018-09-28 23:51:42.698 28103 INFO neutron.wsgi [req-f1481e4e-d7e3-43ea-9492-0c2dfa569e6d 5a42c245a9524d2690645093ae1ed2ea 0370d8fb50704220a0d8021f0cc9d2d1 - default default] 10.0.20.44 "GET /v2.0/floatingips?fixed_ip_address=11.107.1.8&port_id=d65ff27f-da27-4cdf-b836-d498d6ae537a HTTP/1.1" status: 200  len: 751 time: 0.0597830
2018-09-28 23:51:42.830 28103 DEBUG neutron.pecan_wsgi.hooks.policy_enforcement [req-5110d02c-7e18-465d-a50d-4a89138f0068 5a42c245a9524d2690645093ae1ed2ea 0370d8fb50704220a0d8021f0cc9d2d1 - default default] Attributes excluded by policy engine: [u'shared'] _exclude_attributes_by_policy /usr/lib/python2.7/site-packages/neutron/pecan_wsgi/hooks/policy_enforcement.py:256
2018-09-28 23:51:42.832 28103 INFO neutron.wsgi [req-5110d02c-7e18-465d-a50d-4a89138f0068 5a42c245a9524d2690645093ae1ed2ea 0370d8fb50704220a0d8021f0cc9d2d1 - default default] 10.0.20.44 "GET /v2.0/subnets?id=41d932cd-f87b-464f-84ba-a94bedb743db HTTP/1.1" status: 200  len: 847 time: 0.1265981
2018-09-28 23:51:42.963 28103 INFO neutron.wsgi [req-603df5fb-6588-47b3-9f9c-eb80dc8769fb 5a42c245a9524d2690645093ae1ed2ea 0370d8fb50704220a0d8021f0cc9d2d1 - default default] 10.0.20.44 "GET /v2.0/ports?network_id=63b4f399-0d86-4404-b375-21d2470f4efd&device_owner=network%3Adhcp HTTP/1.1" status: 200  len: 1128 time: 0.1228631
2018-09-28 23:51:55.564 28108 DEBUG neutron.wsgi [-] (28108) accepted ('10.0.20.44', 43640) server /usr/lib/python2.7/site-packages/eventlet/wsgi.py:883
2018-09-28 23:51:55.569 28108 INFO neutron.wsgi [-] 10.0.20.44 "GET / HTTP/1.1" status: 200  len: 252 time: 0.0024161
2018-09-28 23:51:56.138 28108 INFO neutron.api.v2.resource [req-87962e0e-52f7-4338-8bf3-eef7e97485b3 43891b3f0b4747ba94f0a625a1138aab 4ebb9a2c62e340cd833cb2eba4129c4b - 53b5fb279af64d9c82d7322545b944f7 53b5fb279af64d9c82d7322545b944f7] show failed (client error): The resource could not be found.
2018-09-28 23:51:56.140 28108 INFO neutron.wsgi [req-87962e0e-52f7-4338-8bf3-eef7e97485b3 43891b3f0b4747ba94f0a625a1138aab 4ebb9a2c62e340cd833cb2eba4129c4b - 53b5fb279af64d9c82d7322545b944f7 53b5fb279af64d9c82d7322545b944f7] 10.0.20.44 "GET /v2.0/floatingips/172.24.4.13 HTTP/1.1" status: 404  len: 325 time: 0.5655060
2018-09-28 23:51:56.211 28108 INFO neutron.wsgi [req-81c37451-b9f5-4f63-818e-dcfb4e96635e 43891b3f0b4747ba94f0a625a1138aab 4ebb9a2c62e340cd833cb2eba4129c4b - 53b5fb279af64d9c82d7322545b944f7 53b5fb279af64d9c82d7322545b944f7] 10.0.20.44 "GET /v2.0/floatingips HTTP/1.1" status: 200  len: 1741 time: 0.0646150
2018-09-28 23:51:56.292 28108 DEBUG neutron.plugins.ml2.plugin [req-b5ba2813-ef7e-4e28-a02a-d289599a0add 43891b3f0b4747ba94f0a625a1138aab 4ebb9a2c62e340cd833cb2eba4129c4b - 53b5fb279af64d9c82d7322545b944f7 53b5fb279af64d9c82d7322545b944f7] Deleting port f59f61a1-5fd8-42bc-b3c6-7823be176fc1 _pre_delete_port /usr/lib/python2.7/site-packages/neutron/plugins/ml2/plugin.py:1488
2018-09-28 23:51:56.293 28108 DEBUG neutron_lib.callbacks.manager [req-b5ba2813-ef7e-4e28-a02a-d289599a0add 43891b3f0b4747ba94f0a625a1138aab 4ebb9a2c62e340cd833cb2eba4129c4b - 53b5fb279af64d9c82d7322545b944f7 53b5fb279af64d9c82d7322545b944f7] Notify callbacks ['neutron.db.l3_db._prevent_l3_port_delete_callback--9223363258376587930'] for port, before_delete _notify_loop /usr/lib/python2.7/site-packages/neutron_lib/callbacks/manager.py:167
2018-09-28 23:51:57.320 28108 DEBUG neutron.plugins.ml2.plugin [req-b5ba2813-ef7e-4e28-a02a-d289599a0add 43891b3f0b4747ba94f0a625a1138aab 4ebb9a2c62e340cd833cb2eba4129c4b - 53b5fb279af64d9c82d7322545b944f7 53b5fb279af64d9c82d7322545b944f7] Calling delete_port for f59f61a1-5fd8-42bc-b3c6-7823be176fc1 owned by network:floatingip delete_port /usr/lib/python2.7/site-packages/neutron/plugins/ml2/plugin.py:1547
2018-09-28 23:51:57.754 28108 DEBUG neutron_lib.callbacks.manager [req-b5ba2813-ef7e-4e28-a02a-d289599a0add 43891b3f0b4747ba94f0a625a1138aab 4ebb9a2c62e340cd833cb2eba4129c4b - 53b5fb279af64d9c82d7322545b944f7 53b5fb279af64d9c82d7322545b944f7] Notify callbacks ['neutron.db.l3_db._notify_routers_callback-8778478161473', 'neutron.plugins.ml2.plugin.Ml2Plugin.notify_sg_on_port_change-967832', 'neutron.api.rpc.agentnotifiers.dhcp_rpc_agent_api.DhcpAgentNotifyAPI._native_event_send_dhcp_notification-1994410', 'neutron.db.l3_dvrscheduler_db._notify_port_delete--9223363258377153585', 'neutron.plugins.ml2.ovo_rpc._ObjectChangeHandler.handle_event--9223372036853091934'] for port, after_delete _notify_loop /usr/lib/python2.7/site-packages/neutron_lib/callbacks/manager.py:167
2018-09-28 23:51:58.163 28108 DEBUG oslo_concurrency.lockutils [-] Lock "event-dispatch" acquired by "neutron.plugins.ml2.ovo_rpc.dispatch_events" :: waited 0.000s inner /usr/lib/python2.7/site-packages/oslo_concurrency/lockutils.py:270
2018-09-28 23:51:58.332 28108 DEBUG neutron.api.rpc.handlers.resources_rpc [req-b5ba2813-ef7e-4e28-a02a-d289599a0add 43891b3f0b4747ba94f0a625a1138aab 4ebb9a2c62e340cd833cb2eba4129c4b - - -] neutron.api.rpc.handlers.resources_rpc.ResourcesPushRpcApi method push called with arguments (<neutron_lib.context.Context object at 0x7fbe60140a10>, [Port(admin_state_up=<?>,allowed_address_pairs=<?>,binding=<?>,binding_levels=<?>,created_at=<?>,data_plane_status=<?>,description=<?>,device_id=<?>,device_owner=<?>,dhcp_options=<?>,distributed_binding=<?>,dns=<?>,fixed_ips=<?>,id=f59f61a1-5fd8-42bc-b3c6-7823be176fc1,mac_address=<?>,name=<?>,network_id=<?>,project_id=<?>,qos_policy_id=None,revision_number=<?>,security=<?>,security_group_ids=None,status=<?>,updated_at=<?>)], 'deleted') {} wrapper /usr/lib/python2.7/site-packages/oslo_log/helpers.py:66
2018-09-28 23:51:58.371 28108 DEBUG neutron.api.rpc.callbacks.version_manager [req-b5ba2813-ef7e-4e28-a02a-d289599a0add 43891b3f0b4747ba94f0a625a1138aab 4ebb9a2c62e340cd833cb2eba4129c4b - - -] Version for resource type Subnet changed None to 1.0 on consumer Open vSwitch agent@localhost.localdomain _set_version /usr/lib/python2.7/site-packages/neutron/api/rpc/callbacks/version_manager.py:119
2018-09-28 23:51:58.371 28108 DEBUG neutron.api.rpc.callbacks.version_manager [req-b5ba2813-ef7e-4e28-a02a-d289599a0add 43891b3f0b4747ba94f0a625a1138aab 4ebb9a2c62e340cd833cb2eba4129c4b - - -] Version for resource type Network changed None to 1.0 on consumer Open vSwitch agent@localhost.localdomain _set_version /usr/lib/python2.7/site-packages/neutron/api/rpc/callbacks/version_manager.py:119
2018-09-28 23:51:58.372 28108 DEBUG neutron.api.rpc.callbacks.version_manager [req-b5ba2813-ef7e-4e28-a02a-d289599a0add 43891b3f0b4747ba94f0a625a1138aab 4ebb9a2c62e340cd833cb2eba4129c4b - - -] Version for resource type SubPort changed None to 1.0 on consumer Open vSwitch agent@localhost.localdomain _set_version /usr/lib/python2.7/site-packages/neutron/api/rpc/callbacks/version_manager.py:119
2018-09-28 23:51:58.372 28108 DEBUG neutron.api.rpc.callbacks.version_manager [req-b5ba2813-ef7e-4e28-a02a-d289599a0add 43891b3f0b4747ba94f0a625a1138aab 4ebb9a2c62e340cd833cb2eba4129c4b - - -] Version for resource type SecurityGroup changed None to 1.0 on consumer Open vSwitch agent@localhost.localdomain _set_version /usr/lib/python2.7/site-packages/neutron/api/rpc/callbacks/version_manager.py:119
2018-09-28 23:51:58.373 28108 DEBUG neutron.api.rpc.callbacks.version_manager [req-b5ba2813-ef7e-4e28-a02a-d289599a0add 43891b3f0b4747ba94f0a625a1138aab 4ebb9a2c62e340cd833cb2eba4129c4b - - -] Version for resource type SecurityGroupRule changed None to 1.0 on consumer Open vSwitch agent@localhost.localdomain _set_version /usr/lib/python2.7/site-packages/neutron/api/rpc/callbacks/version_manager.py:119
2018-09-28 23:51:58.373 28108 DEBUG neutron.api.rpc.callbacks.version_manager [req-b5ba2813-ef7e-4e28-a02a-d289599a0add 43891b3f0b4747ba94f0a625a1138aab 4ebb9a2c62e340cd833cb2eba4129c4b - - -] Version for resource type Trunk changed None to 1.1 on consumer Open vSwitch agent@localhost.localdomain _set_version /usr/lib/python2.7/site-packages/neutron/api/rpc/callbacks/version_manager.py:119
2018-09-28 23:51:58.374 28108 DEBUG neutron.api.rpc.callbacks.version_manager [req-b5ba2813-ef7e-4e28-a02a-d289599a0add 43891b3f0b4747ba94f0a625a1138aab 4ebb9a2c62e340cd833cb2eba4129c4b - - -] Version for resource type QosPolicy changed None to 1.6 on consumer Open vSwitch agent@localhost.localdomain _set_version /usr/lib/python2.7/site-packages/neutron/api/rpc/callbacks/version_manager.py:119
2018-09-28 23:51:58.375 28108 DEBUG neutron.api.rpc.callbacks.version_manager [req-b5ba2813-ef7e-4e28-a02a-d289599a0add 43891b3f0b4747ba94f0a625a1138aab 4ebb9a2c62e340cd833cb2eba4129c4b - - -] Version for resource type Port changed None to 1.1 on consumer Open vSwitch agent@localhost.localdomain _set_version /usr/lib/python2.7/site-packages/neutron/api/rpc/callbacks/version_manager.py:119
2018-09-28 23:51:58.375 28108 DEBUG neutron.api.rpc.callbacks.version_manager [req-b5ba2813-ef7e-4e28-a02a-d289599a0add 43891b3f0b4747ba94f0a625a1138aab 4ebb9a2c62e340cd833cb2eba4129c4b - - -] Version for resource type Log changed None to 1.0 on consumer Open vSwitch agent@localhost.localdomain _set_version /usr/lib/python2.7/site-packages/neutron/api/rpc/callbacks/version_manager.py:119
2018-09-28 23:51:58.395 28108 DEBUG oslo_concurrency.lockutils [req-b5ba2813-ef7e-4e28-a02a-d289599a0add 43891b3f0b4747ba94f0a625a1138aab 4ebb9a2c62e340cd833cb2eba4129c4b - - -] Lock "event-dispatch" released by "neutron.plugins.ml2.ovo_rpc.dispatch_events" :: held 0.232s inner /usr/lib/python2.7/site-packages/oslo_concurrency/lockutils.py:282
2018-09-28 23:51:58.610 28108 DEBUG neutron.scheduler.l3_agent_scheduler [req-b5ba2813-ef7e-4e28-a02a-d289599a0add 43891b3f0b4747ba94f0a625a1138aab 4ebb9a2c62e340cd833cb2eba4129c4b - 53b5fb279af64d9c82d7322545b944f7 53b5fb279af64d9c82d7322545b944f7] Router 564f5a6b-551c-4c87-94b7-cc76f05fe4b3 has already been hosted by L3 agent d45b0704-9896-49d5-b686-351109329370 _get_candidates /usr/lib/python2.7/site-packages/neutron/scheduler/l3_agent_scheduler.py:141
2018-09-28 23:51:58.754 28108 DEBUG neutron.api.rpc.agentnotifiers.l3_rpc_agent_api [req-b5ba2813-ef7e-4e28-a02a-d289599a0add 43891b3f0b4747ba94f0a625a1138aab 4ebb9a2c62e340cd833cb2eba4129c4b - 53b5fb279af64d9c82d7322545b944f7 53b5fb279af64d9c82d7322545b944f7] Notify agent at l3_agent.localhost.localdomain the message routers_updated _agent_notification /usr/lib/python2.7/site-packages/neutron/api/rpc/agentnotifiers/l3_rpc_agent_api.py:69
2018-09-28 23:51:58.788 28108 DEBUG neutron.quota.resource [req-b5ba2813-ef7e-4e28-a02a-d289599a0add 43891b3f0b4747ba94f0a625a1138aab 4ebb9a2c62e340cd833cb2eba4129c4b - 53b5fb279af64d9c82d7322545b944f7 53b5fb279af64d9c82d7322545b944f7] Persisted dirty status for tenant:4ebb9a2c62e340cd833cb2eba4129c4b on resource:floatingip mark_dirty /usr/lib/python2.7/site-packages/neutron/quota/resource.py:207
2018-09-28 23:51:58.800 28108 DEBUG neutron.quota.resource [req-b5ba2813-ef7e-4e28-a02a-d289599a0add 43891b3f0b4747ba94f0a625a1138aab 4ebb9a2c62e340cd833cb2eba4129c4b - 53b5fb279af64d9c82d7322545b944f7 53b5fb279af64d9c82d7322545b944f7] Persisted dirty status for tenant: on resource:port mark_dirty /usr/lib/python2.7/site-packages/neutron/quota/resource.py:207
2018-09-28 23:51:58.805 28108 DEBUG neutron_lib.callbacks.manager [req-b5ba2813-ef7e-4e28-a02a-d289599a0add 43891b3f0b4747ba94f0a625a1138aab 4ebb9a2c62e340cd833cb2eba4129c4b - 53b5fb279af64d9c82d7322545b944f7 53b5fb279af64d9c82d7322545b944f7] Notify callbacks ['neutron.notifiers.nova.Notifier._send_nova_notification--9223372036854768356'] for floatingip, before_response _notify_loop /usr/lib/python2.7/site-packages/neutron_lib/callbacks/manager.py:167
2018-09-28 23:51:58.812 28117 DEBUG neutron.db.l3_hamode_db [req-02c9ed8b-82a4-4bd0-8a64-27f2ebe4985f - - - - -] neutron.services.l3_router.l3_router_plugin.L3RouterPlugin method get_ha_sync_data_for_host called with arguments (<neutron_lib.context.Context object at 0x7fbe603146d0>, u'localhost.localdomain', <neutron.db.models.agent.Agent[object at 7fbe6033d490] {id=u'd45b0704-9896-49d5-b686-351109329370', agent_type=u'L3 agent', binary=u'neutron-l3-agent', topic=u'l3_agent', host=u'localhost.localdomain', availability_zone=u'nova', admin_state_up=True, created_at=datetime.datetime(2018, 9, 12, 22, 28, 54), started_at=datetime.datetime(2018, 9, 29, 3, 28, 34), heartbeat_timestamp=datetime.datetime(2018, 9, 29, 3, 51, 34), description=None, configurations=u'{"agent_mode": "legacy", "gateway_external_network_id": "", "handle_internal_only_routers": true, "routers": 3, "interfaces": 3, "floating_ips": 2, "interface_driver": "neutron.agent.linux.interface.OVSInterfaceDriver", "log_agent_heartbeats": false, "external_network_bridge": "", "ex_gw_ports": 3}', resource_versions=None, load=0}>) {'active': True, 'router_ids': ['564f5a6b-551c-4c87-94b7-cc76f05fe4b3']} wrapper /usr/lib/python2.7/site-packages/oslo_log/helpers.py:66
2018-09-28 23:51:58.905 28108 INFO neutron.wsgi [req-b5ba2813-ef7e-4e28-a02a-d289599a0add 43891b3f0b4747ba94f0a625a1138aab 4ebb9a2c62e340cd833cb2eba4129c4b - 53b5fb279af64d9c82d7322545b944f7 53b5fb279af64d9c82d7322545b944f7] 10.0.20.44 "DELETE /v2.0/floatingips/99fee164-f116-469e-be44-d0be33e5f18e HTTP/1.1" status: 204  len: 173 time: 2.6841521
2018-09-28 23:51:58.907 28108 DEBUG oslo_concurrency.lockutils [-] Lock "notifier-1e5b4bf9-cdd7-4976-8d74-e3fe146bc4cb" acquired by "neutron.notifiers.batch_notifier.synced_send" :: waited 0.000s inner /usr/lib/python2.7/site-packages/oslo_concurrency/lockutils.py:270
2018-09-28 23:51:58.907 28108 DEBUG neutron.notifiers.nova [-] Sending events: [{'tag': u'd65ff27f-da27-4cdf-b836-d498d6ae537a', 'name': 'network-changed', 'server_uuid': u'7fe20823-58d0-4cea-9d35-9cf132007ef9'}] send_events /usr/lib/python2.7/site-packages/neutron/notifiers/nova.py:242
2018-09-28 23:51:59.667 28117 DEBUG neutron.db.l3_hamode_db [req-02c9ed8b-82a4-4bd0-8a64-27f2ebe4985f - - - - -] neutron.services.l3_router.l3_router_plugin.L3RouterPlugin method _process_sync_ha_data called with arguments (<neutron_lib.context.Context object at 0x7fbe603146d0>, [{'status': u'ACTIVE', '_interfaces': [{'status': u'ACTIVE', 'subnets': [{'dns_nameservers': [u'8.8.4.4'], 'ipv6_ra_mode': None, 'gateway_ip': u'11.107.1.1', 'cidr': u'11.107.1.0/24', 'id': u'41d932cd-f87b-464f-84ba-a94bedb743db', 'subnetpool_id': None}], 'binding:host_id': u'localhost.localdomain', 'description': u'', 'allowed_address_pairs': [], 'tags': [], 'extra_dhcp_opts': [], 'updated_at': '2018-09-29T03:45:18Z', 'device_owner': u'network:router_interface', 'revision_number': 7, 'port_security_enabled': False, 'binding:profile': {}, 'mtu': 1450, 'fixed_ips': [{'subnet_id': u'41d932cd-f87b-464f-84ba-a94bedb743db', 'prefixlen': 24, 'ip_address': u'11.107.1.1'}], 'id': u'5e69d0b6-bb74-4c49-bdad-0d0ccc5e02e9', 'security_groups': [], 'device_id': u'564f5a6b-551c-4c87-94b7-cc76f05fe4b3', 'name': u'', 'admin_state_up': True, 'network_id': u'63b4f399-0d86-4404-b375-21d2470f4efd', 'tenant_id': u'4ebb9a2c62e340cd833cb2eba4129c4b', 'binding:vif_details': {u'port_filter': True, u'datapath_type': u'system', u'ovs_hybrid_plug': True}, 'address_scopes': {4: None, 6: None}, 'binding:vnic_type': u'normal', 'binding:vif_type': u'ovs', 'mac_address': u'fa:16:3e:20:13:0b', 'project_id': u'4ebb9a2c62e340cd833cb2eba4129c4b', 'extra_subnets': [], 'created_at': '2018-09-29T03:45:09Z'}], 'enable_snat': True, 'ha_vr_id': 0, 'description': u'', 'tags': [], 'gw_port': {'status': u'ACTIVE', 'subnets': [{'dns_nameservers': [], 'ipv6_ra_mode': None, 'gateway_ip': u'172.24.4.1', 'cidr': u'172.24.4.0/24', 'id': u'9bf5d7dd-fc7a-4dce-8dc4-b99d0c6a4b85', 'subnetpool_id': None}], 'binding:host_id': u'localhost.localdomain', 'description': u'', 'allowed_address_pairs': [], 'tags': [], 'extra_dhcp_opts': [], 'updated_at': '2018-09-29T03:45:32Z', 'device_owner': u'network:router_gateway', 'revision_number': 6, 'port_security_enabled': False, 'binding:profile': {}, 'mtu': 1500, 'fixed_ips': [{'subnet_id': u'9bf5d7dd-fc7a-4dce-8dc4-b99d0c6a4b85', 'prefixlen': 24, 'ip_address': u'172.24.4.6'}], 'id': u'2c69a389-4e9c-44a0-a4b0-66d651bbcbc7', 'security_groups': [], 'device_id': u'564f5a6b-551c-4c87-94b7-cc76f05fe4b3', 'name': u'', 'admin_state_up': True, 'network_id': u'e37315f5-198b-4568-ae90-a700192fc268', 'tenant_id': u'', 'binding:vif_details': {u'port_filter': True, u'datapath_type': u'system', u'ovs_hybrid_plug': True}, 'address_scopes': {4: None, 6: None}, 'binding:vnic_type': u'normal', 'binding:vif_type': u'ovs', 'mac_address': u'fa:16:3e:9b:e7:95', 'project_id': u'', 'extra_subnets': [], 'created_at': '2018-09-29T03:45:24Z'}, 'updated_at': '2018-09-29T03:45:26Z', 'revision_number': 4, 'ha': False, 'id': u'564f5a6b-551c-4c87-94b7-cc76f05fe4b3', 'gw_port_host': u'localhost.localdomain', 'external_gateway_info': {'network_id': u'e37315f5-198b-4568-ae90-a700192fc268', 'enable_snat': True, 'external_fixed_ips': [{'subnet_id': u'9bf5d7dd-fc7a-4dce-8dc4-b99d0c6a4b85', 'ip_address': u'172.24.4.6'}]}, 'availability_zone_hints': [], 'availability_zones': [u'nova'], 'name': u'tempest-router-1538192510', 'gw_port_id': u'2c69a389-4e9c-44a0-a4b0-66d651bbcbc7', 'admin_state_up': True, 'tenant_id': u'4ebb9a2c62e340cd833cb2eba4129c4b', 'created_at': '2018-09-29T03:44:46Z', 'distributed': False, 'flavor_id': None, 'routes': [], 'project_id': u'4ebb9a2c62e340cd833cb2eba4129c4b'}], u'localhost.localdomain', False) {} wrapper /usr/lib/python2.7/site-packages/oslo_log/helpers.py:66
2018-09-28 23:51:59.682 28117 DEBUG neutron.api.rpc.handlers.l3_rpc [req-02c9ed8b-82a4-4bd0-8a64-27f2ebe4985f - - - - -] Checking router: 564f5a6b-551c-4c87-94b7-cc76f05fe4b3 for host: localhost.localdomain _ensure_host_set_on_ports /usr/lib/python2.7/site-packages/neutron/api/rpc/handlers/l3_rpc.py:135
2018-09-28 23:51:59.959 28116 DEBUG neutron.api.rpc.handlers.l3_rpc [req-2bd9799b-658c-4af3-a6b9-c25f64431436 - - - - -] New status for floating IP 99fee164-f116-469e-be44-d0be33e5f18e: DOWN update_floatingip_statuses /usr/lib/python2.7/site-packages/neutron/api/rpc/handlers/l3_rpc.py:252
2018-09-28 23:51:59.966 28108 DEBUG novaclient.v2.client [-] REQ: curl -g -i -X POST http://10.0.20.44:8774/v2.1/0370d8fb50704220a0d8021f0cc9d2d1/os-server-external-events -H "User-Agent: python-novaclient" -H "Content-Type: application/json" -H "Accept: application/json" -H "X-OpenStack-Nova-API-Version: 2.1" -H "X-Auth-Token: {SHA1}f5ad72f1fa4d6dd699efa6a088720074c06f46c7" -d '{"events": [{"tag": "d65ff27f-da27-4cdf-b836-d498d6ae537a", "name": "network-changed", "server_uuid": "7fe20823-58d0-4cea-9d35-9cf132007ef9"}]}' _http_log_request /usr/lib/python2.7/site-packages/keystoneauth1/session.py:375
2018-09-28 23:52:00.391 28108 DEBUG novaclient.v2.client [-] RESP: [200] Content-Length: 179 Content-Type: application/json Openstack-Api-Version: compute 2.1 X-Openstack-Nova-Api-Version: 2.1 Vary: OpenStack-API-Version, X-OpenStack-Nova-API-Version X-Openstack-Request-Id: req-3c476b11-7b20-4f90-9f1c-9c0bf82f9e86 X-Compute-Request-Id: req-3c476b11-7b20-4f90-9f1c-9c0bf82f9e86 Date: Sat, 29 Sep 2018 03:52:00 GMT Connection: keep-alive 
RESP BODY: {"events": [{"status": "completed", "tag": "d65ff27f-da27-4cdf-b836-d498d6ae537a", "name": "network-changed", "server_uuid": "7fe20823-58d0-4cea-9d35-9cf132007ef9", "code": 200}]}
 _http_log_response /usr/lib/python2.7/site-packages/keystoneauth1/session.py:423
2018-09-28 23:52:00.392 28108 DEBUG novaclient.v2.client [-] POST call to compute for http://10.0.20.44:8774/v2.1/0370d8fb50704220a0d8021f0cc9d2d1/os-server-external-events used request id req-3c476b11-7b20-4f90-9f1c-9c0bf82f9e86 request /usr/lib/python2.7/site-packages/keystoneauth1/session.py:727
2018-09-28 23:52:00.400 28108 INFO neutron.notifiers.nova [-] Nova event response: {u'status': u'completed', u'tag': u'd65ff27f-da27-4cdf-b836-d498d6ae537a', u'name': u'network-changed', u'server_uuid': u'7fe20823-58d0-4cea-9d35-9cf132007ef9', u'code': 200}
2018-09-28 23:52:00.582 28103 INFO neutron.wsgi [req-9a84551c-c0f2-4064-8082-378bdbfa9096 5a42c245a9524d2690645093ae1ed2ea 0370d8fb50704220a0d8021f0cc9d2d1 - default default] 10.0.20.44 "GET /v2.0/ports?tenant_id=4ebb9a2c62e340cd833cb2eba4129c4b&device_id=7fe20823-58d0-4cea-9d35-9cf132007ef9 HTTP/1.1" status: 200  len: 1124 time: 0.1418240
2018-09-28 23:52:01.039 28116 DEBUG neutron_lib.callbacks.manager [req-8336be1c-a40f-4ea9-b70e-488ecfade87a - - - - -] Notify callbacks ['neutron.services.segments.db._update_segment_host_mapping_for_agent-8778477983914'] for agent, after_update _notify_loop /usr/lib/python2.7/site-packages/neutron_lib/callbacks/manager.py:167
2018-09-28 23:52:01.485 28103 DEBUG neutron.pecan_wsgi.hooks.policy_enforcement [req-15e96699-cb40-41f7-b0d9-70ac13783714 5a42c245a9524d2690645093ae1ed2ea 0370d8fb50704220a0d8021f0cc9d2d1 - default default] Attributes excluded by policy engine: [u'vlan_transparent'] _exclude_attributes_by_policy /usr/lib/python2.7/site-packages/neutron/pecan_wsgi/hooks/policy_enforcement.py:256
2018-09-28 23:52:01.488 28103 INFO neutron.wsgi [req-15e96699-cb40-41f7-b0d9-70ac13783714 5a42c245a9524d2690645093ae1ed2ea 0370d8fb50704220a0d8021f0cc9d2d1 - default default] 10.0.20.44 "GET /v2.0/networks?id=63b4f399-0d86-4404-b375-21d2470f4efd HTTP/1.1" status: 200  len: 885 time: 0.8936231
2018-09-28 23:52:01.524 28103 INFO neutron.wsgi [req-f25ce4f5-b97c-42c4-a742-311bdb7b0f7b 5a42c245a9524d2690645093ae1ed2ea 0370d8fb50704220a0d8021f0cc9d2d1 - default default] 10.0.20.44 "GET /v2.0/floatingips?fixed_ip_address=11.107.1.8&port_id=d65ff27f-da27-4cdf-b836-d498d6ae537a HTTP/1.1" status: 200  len: 217 time: 0.0286031
2018-09-28 23:52:01.676 28103 DEBUG neutron.pecan_wsgi.hooks.policy_enforcement [req-85457d6b-84ab-46e6-a038-89f0782b5377 5a42c245a9524d2690645093ae1ed2ea 0370d8fb50704220a0d8021f0cc9d2d1 - default default] Attributes excluded by policy engine: [u'shared'] _exclude_attributes_by_policy /usr/lib/python2.7/site-packages/neutron/pecan_wsgi/hooks/policy_enforcement.py:256
2018-09-28 23:52:01.680 28103 INFO neutron.wsgi [req-85457d6b-84ab-46e6-a038-89f0782b5377 5a42c245a9524d2690645093ae1ed2ea 0370d8fb50704220a0d8021f0cc9d2d1 - default default] 10.0.20.44 "GET /v2.0/subnets?id=41d932cd-f87b-464f-84ba-a94bedb743db HTTP/1.1" status: 200  len: 847 time: 0.1462240
2018-09-28 23:52:01.818 28103 INFO neutron.wsgi [req-91f63643-5ccf-460c-b8da-ca0e99abd566 5a42c245a9524d2690645093ae1ed2ea 0370d8fb50704220a0d8021f0cc9d2d1 - default default] 10.0.20.44 "GET /v2.0/ports?network_id=63b4f399-0d86-4404-b375-21d2470f4efd&device_owner=network%3Adhcp HTTP/1.1" status: 200  len: 1128 time: 0.1310480
2018-09-28 23:52:02.403 28108 DEBUG oslo_concurrency.lockutils [-] Lock "notifier-1e5b4bf9-cdd7-4976-8d74-e3fe146bc4cb" released by "neutron.notifiers.batch_notifier.synced_send" :: held 3.496s inner /usr/lib/python2.7/site-packages/oslo_concurrency/lockutils.py:282
2018-09-28 23:52:03.507 28117 DEBUG neutron_lib.callbacks.manager [req-3305f075-41a0-424a-8405-0a7d8cd256f6 - - - - -] Notify callbacks ['neutron.services.segments.db._update_segment_host_mapping_for_agent-8778477983914'] for agent, after_update _notify_loop /usr/lib/python2.7/site-packages/neutron_lib/callbacks/manager.py:167
2018-09-28 23:52:04.382 28113 DEBUG neutron_lib.callbacks.manager [req-91f612bb-15e3-48d3-9f8f-38f071afb9d3 - - - - -] Notify callbacks ['neutron.services.segments.db._update_segment_host_mapping_for_agent-8778477983914'] for agent, after_update _notify_loop /usr/lib/python2.7/site-packages/neutron_lib/callbacks/manager.py:167
2018-09-28 23:52:04.609 28114 DEBUG neutron_lib.callbacks.manager [req-31d650dc-edc6-4866-89e5-b1360fb0d681 - - - - -] Notify callbacks ['neutron.services.segments.db._update_segment_host_mapping_for_agent-8778477983914'] for agent, after_update _notify_loop /usr/lib/python2.7/site-packages/neutron_lib/callbacks/manager.py:167
2018-09-28 23:52:06.236 28122 DEBUG neutron.db.agents_db [req-35033860-a874-44b1-ac15-db6f3e5e11bc - - - - -] Agent healthcheck: found 5 active agents agent_health_check /usr/lib/python2.7/site-packages/neutron/db/agents_db.py:281
2018-09-28 23:52:08.222 28119 DEBUG neutron_lib.callbacks.manager [req-7a64ba6e-13a4-4609-982e-628d61b5352c - - - - -] Notify callbacks ['neutron.services.segments.db._update_segment_host_mapping_for_agent-8778477983914'] for agent, after_update _notify_loop /usr/lib/python2.7/site-packages/neutron_lib/callbacks/manager.py:167
2018-09-28 23:52:08.565 28100 INFO neutron.wsgi [req-00fa1505-5cb0-4159-a5d4-db6e2b444b46 5f679608b1404146800f9342acb17105 f0f98ade863c408ca03c04c01b2db460 - default default] 10.0.20.44 "GET /v2.0/ports?device_id=7fe20823-58d0-4cea-9d35-9cf132007ef9&device_id=bb80da05-3970-4d8e-9900-bad5b8df0d9a HTTP/1.1" status: 200  len: 2038 time: 1.4321170
2018-09-28 23:52:08.723 28100 INFO neutron.wsgi [req-b63ec231-7e00-4b79-81a2-154ca04fb3d6 5f679608b1404146800f9342acb17105 f0f98ade863c408ca03c04c01b2db460 - default default] 10.0.20.44 "GET /v2.0/security-groups?id=bcf8d7e6-207f-45bf-bda1-963254f6f863&id=3e9eea50-dc33-4c1a-8ed9-954985d1d538 HTTP/1.1" status: 200  len: 4015 time: 0.1462970
2018-09-28 23:52:15.605 28100 INFO neutron.wsgi [req-9da6e120-456a-4b9a-8a0e-9f78506ad787 5f679608b1404146800f9342acb17105 f0f98ade863c408ca03c04c01b2db460 - default default] 10.0.20.44 "GET /v2.0/ports?device_id=7fe20823-58d0-4cea-9d35-9cf132007ef9 HTTP/1.1" status: 200  len: 1124 time: 0.5306191
2018-09-28 23:52:15.700 28100 INFO neutron.wsgi [req-b70fccd4-f733-4a0e-b09d-3c8c3a381ba3 5f679608b1404146800f9342acb17105 f0f98ade863c408ca03c04c01b2db460 - default default] 10.0.20.44 "GET /v2.0/security-groups?id=3e9eea50-dc33-4c1a-8ed9-954985d1d538 HTTP/1.1" status: 200  len: 2118 time: 0.0888011
2018-09-28 23:52:19.294 28120 DEBUG neutron.plugins.ml2.rpc [req-8336be1c-a40f-4ea9-b70e-488ecfade87a - - - - -] Device d65ff27f-da27-4cdf-b836-d498d6ae537a no longer exists at agent ovs-agent-localhost.localdomain update_device_down /usr/lib/python2.7/site-packages/neutron/plugins/ml2/rpc.py:213
2018-09-28 23:52:19.645 28120 DEBUG neutron_lib.callbacks.manager [req-8336be1c-a40f-4ea9-b70e-488ecfade87a - - - - -] Notify callbacks ['neutron.plugins.ml2.plugin.Ml2Plugin._ensure_default_security_group_handler-966719'] for port, before_update _notify_loop /usr/lib/python2.7/site-packages/neutron_lib/callbacks/manager.py:167
2018-09-28 23:52:21.577 28103 INFO neutron.wsgi [req-7e7da6aa-4f20-4675-a1b3-22ca7ac1eb75 5f679608b1404146800f9342acb17105 f0f98ade863c408ca03c04c01b2db460 - default default] 10.0.20.44 "GET /v2.0/ports?device_id=7fe20823-58d0-4cea-9d35-9cf132007ef9 HTTP/1.1" status: 200  len: 1124 time: 1.0597968
2018-09-28 23:52:21.598 28103 DEBUG neutron.wsgi [req-7ee51ab3-e528-440e-ac81-da75e4ec0bae 5f679608b1404146800f9342acb17105 f0f98ade863c408ca03c04c01b2db460 - default default] http://10.0.20.44:9696/v2.0/extensions returned with HTTP 200 __call__ /usr/lib/python2.7/site-packages/neutron/wsgi.py:715
2018-09-28 23:52:21.601 28103 INFO neutron.wsgi [req-7ee51ab3-e528-440e-ac81-da75e4ec0bae 5f679608b1404146800f9342acb17105 f0f98ade863c408ca03c04c01b2db460 - default default] 10.0.20.44 "GET /v2.0/extensions HTTP/1.1" status: 200  len: 8548 time: 0.0160158
2018-09-28 23:52:21.734 28120 DEBUG oslo_concurrency.lockutils [-] Lock "notifier-1e5b4bf9-cdd7-4976-8d74-e3fe146bc4cb" acquired by "neutron.notifiers.batch_notifier.synced_send" :: waited 0.000s inner /usr/lib/python2.7/site-packages/oslo_concurrency/lockutils.py:270
2018-09-28 23:52:21.735 28120 DEBUG neutron.notifiers.nova [-] Sending events: [{'status': 'completed', 'tag': u'd65ff27f-da27-4cdf-b836-d498d6ae537a', 'name': 'network-vif-unplugged', 'server_uuid': u'7fe20823-58d0-4cea-9d35-9cf132007ef9'}] send_events /usr/lib/python2.7/site-packages/neutron/notifiers/nova.py:242
2018-09-28 23:52:21.761 28103 DEBUG neutron.plugins.ml2.plugin [req-6ad23411-089c-4b5a-ad54-726d0dd4bbaa 5f679608b1404146800f9342acb17105 f0f98ade863c408ca03c04c01b2db460 - default default] Deleting port d65ff27f-da27-4cdf-b836-d498d6ae537a _pre_delete_port /usr/lib/python2.7/site-packages/neutron/plugins/ml2/plugin.py:1488
2018-09-28 23:52:21.762 28103 DEBUG neutron_lib.callbacks.manager [req-6ad23411-089c-4b5a-ad54-726d0dd4bbaa 5f679608b1404146800f9342acb17105 f0f98ade863c408ca03c04c01b2db460 - default default] Notify callbacks ['neutron.db.l3_db._prevent_l3_port_delete_callback--9223363258376587930'] for port, before_delete _notify_loop /usr/lib/python2.7/site-packages/neutron_lib/callbacks/manager.py:167
2018-09-28 23:52:21.780 28120 DEBUG neutron.plugins.ml2.db [req-8336be1c-a40f-4ea9-b70e-488ecfade87a - - - - -] For port d65ff27f-da27-4cdf-b836-d498d6ae537a, host localhost.localdomain, got binding levels [<neutron.plugins.ml2.models.PortBindingLevel[object at 7fbe5fd65090] {port_id=u'd65ff27f-da27-4cdf-b836-d498d6ae537a', host=u'localhost.localdomain', level=0, driver=u'openvswitch', segment_id=u'e24b40d1-8107-4477-9a06-33438871a875'}>] get_binding_levels /usr/lib/python2.7/site-packages/neutron/plugins/ml2/db.py:106
2018-09-28 23:52:21.810 28120 DEBUG neutron_lib.callbacks.manager [req-8336be1c-a40f-4ea9-b70e-488ecfade87a - - - - -] Notify callbacks ['neutron.db.l3_hascheduler_db._notify_l3_agent_ha_port_update--9223363258377152470', 'neutron.plugins.ml2.plugin.Ml2Plugin.notify_sg_on_port_change-967832', 'neutron.api.rpc.agentnotifiers.dhcp_rpc_agent_api.DhcpAgentNotifyAPI._native_event_send_dhcp_notification-1994410', 'neutron.db.l3_dvrscheduler_db._notify_l3_agent_port_update-8778477622231', 'neutron.plugins.ml2.ovo_rpc._ObjectChangeHandler.handle_event--9223372036853091934'] for port, after_update _notify_loop /usr/lib/python2.7/site-packages/neutron_lib/callbacks/manager.py:167
2018-09-28 23:52:22.221 28103 DEBUG neutron.plugins.ml2.db [req-6ad23411-089c-4b5a-ad54-726d0dd4bbaa 5f679608b1404146800f9342acb17105 f0f98ade863c408ca03c04c01b2db460 - default default] For port d65ff27f-da27-4cdf-b836-d498d6ae537a, host localhost.localdomain, got binding levels [<neutron.plugins.ml2.models.PortBindingLevel[object at 7fbe5f7ef590] {port_id=u'd65ff27f-da27-4cdf-b836-d498d6ae537a', host=u'localhost.localdomain', level=0, driver=u'openvswitch', segment_id=u'e24b40d1-8107-4477-9a06-33438871a875'}>] get_binding_levels /usr/lib/python2.7/site-packages/neutron/plugins/ml2/db.py:106
2018-09-28 23:52:22.291 28103 DEBUG neutron.plugins.ml2.plugin [req-6ad23411-089c-4b5a-ad54-726d0dd4bbaa 5f679608b1404146800f9342acb17105 f0f98ade863c408ca03c04c01b2db460 - default default] Calling delete_port for d65ff27f-da27-4cdf-b836-d498d6ae537a owned by compute:nova delete_port /usr/lib/python2.7/site-packages/neutron/plugins/ml2/plugin.py:1547
2018-09-28 23:52:22.530 28120 DEBUG oslo_concurrency.lockutils [-] Lock "event-dispatch" acquired by "neutron.plugins.ml2.ovo_rpc.dispatch_events" :: waited 0.000s inner /usr/lib/python2.7/site-packages/oslo_concurrency/lockutils.py:270
2018-09-28 23:52:22.718 28103 DEBUG neutron_lib.callbacks.manager [req-6ad23411-089c-4b5a-ad54-726d0dd4bbaa 5f679608b1404146800f9342acb17105 f0f98ade863c408ca03c04c01b2db460 - default default] Notify callbacks ['neutron.db.l3_db._notify_routers_callback-8778478161473', 'neutron.plugins.ml2.plugin.Ml2Plugin.notify_sg_on_port_change-967832', 'neutron.api.rpc.agentnotifiers.dhcp_rpc_agent_api.DhcpAgentNotifyAPI._native_event_send_dhcp_notification-1994410', 'neutron.db.l3_dvrscheduler_db._notify_port_delete--9223363258377153585', 'neutron.plugins.ml2.ovo_rpc._ObjectChangeHandler.handle_event--9223372036853091934'] for port, after_delete _notify_loop /usr/lib/python2.7/site-packages/neutron_lib/callbacks/manager.py:167
2018-09-28 23:52:22.758 28120 DEBUG neutron.api.rpc.handlers.resources_rpc [req-8336be1c-a40f-4ea9-b70e-488ecfade87a - - - - -] neutron.api.rpc.handlers.resources_rpc.ResourcesPushRpcApi method push called with arguments (<neutron_lib.context.Context object at 0x7fbe5ff1c9d0>, [Port(admin_state_up=True,allowed_address_pairs=[],binding=PortBinding,binding_levels=[PortBindingLevel],created_at=2018-09-29T03:45:52Z,data_plane_status=<?>,description='',device_id='7fe20823-58d0-4cea-9d35-9cf132007ef9',device_owner='compute:nova',dhcp_options=[],distributed_binding=None,dns=None,fixed_ips=[IPAllocation],id=d65ff27f-da27-4cdf-b836-d498d6ae537a,mac_address=fa:16:3e:55:e6:47,name='',network_id=63b4f399-0d86-4404-b375-21d2470f4efd,project_id='4ebb9a2c62e340cd833cb2eba4129c4b',qos_policy_id=None,revision_number=9,security=PortSecurity(d65ff27f-da27-4cdf-b836-d498d6ae537a),security_group_ids=set([3e9eea50-dc33-4c1a-8ed9-954985d1d538]),status='DOWN',updated_at=2018-09-29T03:52:19Z)], 'updated') {} wrapper /usr/lib/python2.7/site-packages/oslo_log/helpers.py:66
2018-09-28 23:52:22.774 28120 DEBUG neutron.api.rpc.callbacks.version_manager [req-8336be1c-a40f-4ea9-b70e-488ecfade87a - - - - -] Version for resource type Subnet changed None to 1.0 on consumer Open vSwitch agent@localhost.localdomain _set_version /usr/lib/python2.7/site-packages/neutron/api/rpc/callbacks/version_manager.py:119
2018-09-28 23:52:22.775 28120 DEBUG neutron.api.rpc.callbacks.version_manager [req-8336be1c-a40f-4ea9-b70e-488ecfade87a - - - - -] Version for resource type Network changed None to 1.0 on consumer Open vSwitch agent@localhost.localdomain _set_version /usr/lib/python2.7/site-packages/neutron/api/rpc/callbacks/version_manager.py:119
2018-09-28 23:52:22.776 28120 DEBUG neutron.api.rpc.callbacks.version_manager [req-8336be1c-a40f-4ea9-b70e-488ecfade87a - - - - -] Version for resource type SubPort changed None to 1.0 on consumer Open vSwitch agent@localhost.localdomain _set_version /usr/lib/python2.7/site-packages/neutron/api/rpc/callbacks/version_manager.py:119
2018-09-28 23:52:22.777 28120 DEBUG neutron.api.rpc.callbacks.version_manager [req-8336be1c-a40f-4ea9-b70e-488ecfade87a - - - - -] Version for resource type SecurityGroup changed None to 1.0 on consumer Open vSwitch agent@localhost.localdomain _set_version /usr/lib/python2.7/site-packages/neutron/api/rpc/callbacks/version_manager.py:119
2018-09-28 23:52:22.777 28120 DEBUG neutron.api.rpc.callbacks.version_manager [req-8336be1c-a40f-4ea9-b70e-488ecfade87a - - - - -] Version for resource type SecurityGroupRule changed None to 1.0 on consumer Open vSwitch agent@localhost.localdomain _set_version /usr/lib/python2.7/site-packages/neutron/api/rpc/callbacks/version_manager.py:119
2018-09-28 23:52:22.778 28120 DEBUG neutron.api.rpc.callbacks.version_manager [req-8336be1c-a40f-4ea9-b70e-488ecfade87a - - - - -] Version for resource type Trunk changed None to 1.1 on consumer Open vSwitch agent@localhost.localdomain _set_version /usr/lib/python2.7/site-packages/neutron/api/rpc/callbacks/version_manager.py:119
2018-09-28 23:52:22.779 28120 DEBUG neutron.api.rpc.callbacks.version_manager [req-8336be1c-a40f-4ea9-b70e-488ecfade87a - - - - -] Version for resource type QosPolicy changed None to 1.6 on consumer Open vSwitch agent@localhost.localdomain _set_version /usr/lib/python2.7/site-packages/neutron/api/rpc/callbacks/version_manager.py:119
2018-09-28 23:52:22.779 28120 DEBUG neutron.api.rpc.callbacks.version_manager [req-8336be1c-a40f-4ea9-b70e-488ecfade87a - - - - -] Version for resource type Port changed None to 1.1 on consumer Open vSwitch agent@localhost.localdomain _set_version /usr/lib/python2.7/site-packages/neutron/api/rpc/callbacks/version_manager.py:119
2018-09-28 23:52:22.780 28120 DEBUG neutron.api.rpc.callbacks.version_manager [req-8336be1c-a40f-4ea9-b70e-488ecfade87a - - - - -] Version for resource type Log changed None to 1.0 on consumer Open vSwitch agent@localhost.localdomain _set_version /usr/lib/python2.7/site-packages/neutron/api/rpc/callbacks/version_manager.py:119
2018-09-28 23:52:22.783 28120 DEBUG neutron.api.rpc.callbacks.version_manager [req-8336be1c-a40f-4ea9-b70e-488ecfade87a - - - - -] Tracked resource versions report:
pushed versions:
{   'Log': set(['1.0']),
    'Network': set(['1.0']),
    'Port': set(['1.1']),
    'QosPolicy': set(['1.6']),
    'SecurityGroup': set(['1.0']),
    'SecurityGroupRule': set(['1.0']),
    'SubPort': set(['1.0']),
    'Subnet': set(['1.0']),
    'Trunk': set(['1.1'])}

consumer versions:
{   DHCP agent@localhost.localdomain: {   },
    L3 agent@localhost.localdomain: {   },
    Metadata agent@localhost.localdomain: {   },
    Metering agent@localhost.localdomain: {   },
    Open vSwitch agent@localhost.localdomain: {   u'Log': u'1.0',
                                                  u'Network': u'1.0',
                                                  u'Port': u'1.1',
                                                  u'QosPolicy': u'1.6',
                                                  u'SecurityGroup': u'1.0',
