2018-09-29 02:20:15.895 8293 DEBUG neutron.api.rpc.callbacks.version_manager [req-8fe9a24f-8719-429b-99dd-4d67acf138b8 - - - - -] Version for resource type Network changed None to 1.0 on consumer Open vSwitch agent@localhost.localdomain _set_version /usr/lib/python2.7/site-packages/neutron/api/rpc/callbacks/version_manager.py:119
2018-09-29 02:20:15.896 8293 DEBUG neutron.api.rpc.callbacks.version_manager [req-8fe9a24f-8719-429b-99dd-4d67acf138b8 - - - - -] Version for resource type SubPort changed None to 1.0 on consumer Open vSwitch agent@localhost.localdomain _set_version /usr/lib/python2.7/site-packages/neutron/api/rpc/callbacks/version_manager.py:119
2018-09-29 02:20:15.897 8293 DEBUG neutron.api.rpc.callbacks.version_manager [req-8fe9a24f-8719-429b-99dd-4d67acf138b8 - - - - -] Version for resource type SecurityGroup changed None to 1.0 on consumer Open vSwitch agent@localhost.localdomain _set_version /usr/lib/python2.7/site-packages/neutron/api/rpc/callbacks/version_manager.py:119
2018-09-29 02:20:15.897 8293 DEBUG neutron.api.rpc.callbacks.version_manager [req-8fe9a24f-8719-429b-99dd-4d67acf138b8 - - - - -] Version for resource type SecurityGroupRule changed None to 1.0 on consumer Open vSwitch agent@localhost.localdomain _set_version /usr/lib/python2.7/site-packages/neutron/api/rpc/callbacks/version_manager.py:119
2018-09-29 02:20:15.898 8293 DEBUG neutron.api.rpc.callbacks.version_manager [req-8fe9a24f-8719-429b-99dd-4d67acf138b8 - - - - -] Version for resource type Trunk changed None to 1.1 on consumer Open vSwitch agent@localhost.localdomain _set_version /usr/lib/python2.7/site-packages/neutron/api/rpc/callbacks/version_manager.py:119
2018-09-29 02:20:15.899 8293 DEBUG neutron.api.rpc.callbacks.version_manager [req-8fe9a24f-8719-429b-99dd-4d67acf138b8 - - - - -] Version for resource type QosPolicy changed None to 1.6 on consumer Open vSwitch agent@localhost.localdomain _set_version /usr/lib/python2.7/site-packages/neutron/api/rpc/callbacks/version_manager.py:119
2018-09-29 02:20:15.899 8293 DEBUG neutron.api.rpc.callbacks.version_manager [req-8fe9a24f-8719-429b-99dd-4d67acf138b8 - - - - -] Version for resource type Port changed None to 1.1 on consumer Open vSwitch agent@localhost.localdomain _set_version /usr/lib/python2.7/site-packages/neutron/api/rpc/callbacks/version_manager.py:119
2018-09-29 02:20:15.900 8293 DEBUG neutron.api.rpc.callbacks.version_manager [req-8fe9a24f-8719-429b-99dd-4d67acf138b8 - - - - -] Version for resource type Log changed None to 1.0 on consumer Open vSwitch agent@localhost.localdomain _set_version /usr/lib/python2.7/site-packages/neutron/api/rpc/callbacks/version_manager.py:119
2018-09-29 02:20:15.902 8293 DEBUG neutron.api.rpc.callbacks.version_manager [req-8fe9a24f-8719-429b-99dd-4d67acf138b8 - - - - -] Tracked resource versions report:
pushed versions:
{   'Log': set(['1.0']),
    'Network': set(['1.0']),
    'Port': set(['1.1']),
    'QosPolicy': set(['1.6']),
    'SecurityGroup': set(['1.0']),
    'SecurityGroupRule': set(['1.0']),
    'SubPort': set(['1.0']),
    'Subnet': set(['1.0']),
    'Trunk': set(['1.1'])}

consumer versions:
{   DHCP agent@localhost.localdomain: {   },
    L3 agent@localhost.localdomain: {   },
    Metadata agent@localhost.localdomain: {   },
    Metering agent@localhost.localdomain: {   },
    Open vSwitch agent@localhost.localdomain: {   u'Log': u'1.0',
                                                  u'Network': u'1.0',
                                                  u'Port': u'1.1',
                                                  u'QosPolicy': u'1.6',
                                                  u'SecurityGroup': u'1.0',
                                                  u'SecurityGroupRule': u'1.0',
                                                  u'SubPort': u'1.0',
                                                  u'Subnet': u'1.0',
                                                  u'Trunk': u'1.1'}}
 report /usr/lib/python2.7/site-packages/neutron/api/rpc/callbacks/version_manager.py:178
2018-09-29 02:20:15.922 8293 DEBUG oslo_concurrency.lockutils [req-8fe9a24f-8719-429b-99dd-4d67acf138b8 - - - - -] Lock "event-dispatch" released by "neutron.plugins.ml2.ovo_rpc.dispatch_events" :: held 0.194s inner /usr/lib/python2.7/site-packages/oslo_concurrency/lockutils.py:282
2018-09-29 02:20:16.079 8293 DEBUG novaclient.v2.client [-] REQ: curl -g -i -X POST http://10.0.20.44:8774/v2.1/0370d8fb50704220a0d8021f0cc9d2d1/os-server-external-events -H "User-Agent: python-novaclient" -H "Content-Type: application/json" -H "Accept: application/json" -H "X-OpenStack-Nova-API-Version: 2.1" -H "X-Auth-Token: {SHA1}a72ea3d920c1cffc4ea2a407f235ab54ed2e8990" -d '{"events": [{"status": "completed", "tag": "d73c3041-22d8-49cd-bf24-026717d7829c", "name": "network-vif-plugged", "server_uuid": "0c067a54-c1b5-4ede-a7f0-94fd89dcaea5"}]}' _http_log_request /usr/lib/python2.7/site-packages/keystoneauth1/session.py:375
2018-09-29 02:20:16.503 8288 DEBUG neutron.plugins.ml2.rpc [req-8fe9a24f-8719-429b-99dd-4d67acf138b8 - - - - -] Device d73c3041-22d8-49cd-bf24-026717d7829c up at agent ovs-agent-localhost.localdomain update_device_up /usr/lib/python2.7/site-packages/neutron/plugins/ml2/rpc.py:244
2018-09-29 02:20:16.706 8288 DEBUG neutron.db.provisioning_blocks [req-8fe9a24f-8719-429b-99dd-4d67acf138b8 - - - - -] Provisioning complete for port d73c3041-22d8-49cd-bf24-026717d7829c triggered by entity L2. provisioning_complete /usr/lib/python2.7/site-packages/neutron/db/provisioning_blocks.py:138
2018-09-29 02:20:16.707 8288 DEBUG neutron_lib.callbacks.manager [req-8fe9a24f-8719-429b-99dd-4d67acf138b8 - - - - -] Notify callbacks ['neutron.plugins.ml2.plugin.Ml2Plugin._port_provisioned--9223372036854107424'] for port, provisioning_complete _notify_loop /usr/lib/python2.7/site-packages/neutron_lib/callbacks/manager.py:167
2018-09-29 02:20:16.896 8293 DEBUG novaclient.v2.client [-] RESP: [200] Content-Length: 183 Content-Type: application/json Openstack-Api-Version: compute 2.1 X-Openstack-Nova-Api-Version: 2.1 Vary: OpenStack-API-Version, X-OpenStack-Nova-API-Version X-Openstack-Request-Id: req-ed30d751-1d18-4115-afc6-1fa6f9e036f1 X-Compute-Request-Id: req-ed30d751-1d18-4115-afc6-1fa6f9e036f1 Date: Sat, 29 Sep 2018 06:20:16 GMT Connection: keep-alive 
RESP BODY: {"events": [{"status": "completed", "tag": "d73c3041-22d8-49cd-bf24-026717d7829c", "name": "network-vif-plugged", "server_uuid": "0c067a54-c1b5-4ede-a7f0-94fd89dcaea5", "code": 200}]}
 _http_log_response /usr/lib/python2.7/site-packages/keystoneauth1/session.py:423
2018-09-29 02:20:16.897 8293 DEBUG novaclient.v2.client [-] POST call to compute for http://10.0.20.44:8774/v2.1/0370d8fb50704220a0d8021f0cc9d2d1/os-server-external-events used request id req-ed30d751-1d18-4115-afc6-1fa6f9e036f1 request /usr/lib/python2.7/site-packages/keystoneauth1/session.py:727
2018-09-29 02:20:16.906 8293 INFO neutron.notifiers.nova [-] Nova event response: {u'status': u'completed', u'tag': u'd73c3041-22d8-49cd-bf24-026717d7829c', u'name': u'network-vif-plugged', u'server_uuid': u'0c067a54-c1b5-4ede-a7f0-94fd89dcaea5', u'code': 200}
2018-09-29 02:20:18.907 8293 DEBUG oslo_concurrency.lockutils [-] Lock "notifier-3ce10639-ba0c-4729-a5cc-451e4cce65ce" released by "neutron.notifiers.batch_notifier.synced_send" :: held 3.909s inner /usr/lib/python2.7/site-packages/oslo_concurrency/lockutils.py:282
2018-09-29 02:20:23.573 8284 INFO neutron.wsgi [req-9536fead-8aef-4f13-876e-ad69655ccd85 3d527b5b43fc4899bd2a90f2123e8ae4 7423556dfbe54b9faed122f44eea7165 - 8f78917e369f46cda933d8f9c954e18f 8f78917e369f46cda933d8f9c954e18f] 10.0.20.44 "GET /v2.0/ports?device_id=0c067a54-c1b5-4ede-a7f0-94fd89dcaea5 HTTP/1.1" status: 200  len: 1125 time: 0.5940411
2018-09-29 02:20:23.807 8284 INFO neutron.wsgi [req-7c15fe22-a0d1-4c2a-b794-dff96f957d3b 3d527b5b43fc4899bd2a90f2123e8ae4 7423556dfbe54b9faed122f44eea7165 - 8f78917e369f46cda933d8f9c954e18f 8f78917e369f46cda933d8f9c954e18f] 10.0.20.44 "GET /v2.0/security-groups?id=83351a1d-096a-406d-aa02-22e7b2732a99 HTTP/1.1" status: 200  len: 2118 time: 0.2260339
2018-09-29 02:20:33.335 8285 DEBUG neutron_lib.callbacks.manager [req-d7a3702b-6220-40b6-925d-4d0a627d6627 - - - - -] Notify callbacks ['neutron.services.segments.db._update_segment_host_mapping_for_agent-8777816671402'] for agent, after_update _notify_loop /usr/lib/python2.7/site-packages/neutron_lib/callbacks/manager.py:167
2018-09-29 02:20:33.377 8300 DEBUG neutron.db.agents_db [req-06244419-e4ef-445c-82d1-4e66a03003fc - - - - -] Agent healthcheck: found 5 active agents agent_health_check /usr/lib/python2.7/site-packages/neutron/db/agents_db.py:281
2018-09-29 02:20:35.362 8293 DEBUG neutron_lib.callbacks.manager [req-88d91694-0f7a-41ba-be5f-f0790b56ef8b - - - - -] Notify callbacks ['neutron.services.segments.db._update_segment_host_mapping_for_agent-8777816671402'] for agent, after_update _notify_loop /usr/lib/python2.7/site-packages/neutron_lib/callbacks/manager.py:167
2018-09-29 02:20:37.346 8294 DEBUG neutron_lib.callbacks.manager [req-a0962e1a-6573-42c9-819e-20062ea77161 - - - - -] Notify callbacks ['neutron.services.segments.db._update_segment_host_mapping_for_agent-8777816671402'] for agent, after_update _notify_loop /usr/lib/python2.7/site-packages/neutron_lib/callbacks/manager.py:167
2018-09-29 02:20:37.515 8295 DEBUG neutron_lib.callbacks.manager [req-8fe9a24f-8719-429b-99dd-4d67acf138b8 - - - - -] Notify callbacks ['neutron.services.segments.db._update_segment_host_mapping_for_agent-8777816671402'] for agent, after_update _notify_loop /usr/lib/python2.7/site-packages/neutron_lib/callbacks/manager.py:167
2018-09-29 02:20:42.388 8288 DEBUG neutron_lib.callbacks.manager [req-55defadb-a8da-417c-bb9c-e59b824d1701 - - - - -] Notify callbacks ['neutron.services.segments.db._update_segment_host_mapping_for_agent-8777816671402'] for agent, after_update _notify_loop /usr/lib/python2.7/site-packages/neutron_lib/callbacks/manager.py:167
2018-09-29 02:20:45.447 8275 INFO neutron.wsgi [req-79ecdf86-87f0-4afd-96d6-6e6df2cb03ee 5a42c245a9524d2690645093ae1ed2ea 0370d8fb50704220a0d8021f0cc9d2d1 - default default] 10.0.20.44 "GET /v2.0/ports?device_id=0c067a54-c1b5-4ede-a7f0-94fd89dcaea5 HTTP/1.1" status: 200  len: 1125 time: 0.1326470
2018-09-29 02:20:45.586 8275 INFO neutron.wsgi [req-0f610c23-bfc2-4779-92cb-db2c9f3aae7c 5a42c245a9524d2690645093ae1ed2ea 0370d8fb50704220a0d8021f0cc9d2d1 - default default] 10.0.20.44 "GET /v2.0/security-groups?id=83351a1d-096a-406d-aa02-22e7b2732a99 HTTP/1.1" status: 200  len: 2118 time: 0.1318650
2018-09-29 02:20:48.494 8272 INFO neutron.wsgi [req-ec6709d2-0823-4741-b312-4a7cc3bd347b 5a42c245a9524d2690645093ae1ed2ea 0370d8fb50704220a0d8021f0cc9d2d1 - default default] 10.0.20.44 "GET /v2.0/ports?device_id=0c067a54-c1b5-4ede-a7f0-94fd89dcaea5 HTTP/1.1" status: 200  len: 1125 time: 0.1156108
2018-09-29 02:20:48.613 8272 INFO neutron.wsgi [req-10cfb769-6ef6-4c48-aad4-c9c74b9ad6c2 5a42c245a9524d2690645093ae1ed2ea 0370d8fb50704220a0d8021f0cc9d2d1 - default default] 10.0.20.44 "GET /v2.0/security-groups?id=83351a1d-096a-406d-aa02-22e7b2732a99 HTTP/1.1" status: 200  len: 2118 time: 0.1130881
2018-09-29 02:20:49.119 8281 INFO neutron.wsgi [req-4a96b425-7f9f-455f-b6fe-5b1e18f0daa4 5a42c245a9524d2690645093ae1ed2ea 0370d8fb50704220a0d8021f0cc9d2d1 - default default] 10.0.20.44 "GET /v2.0/ports?device_id=0c067a54-c1b5-4ede-a7f0-94fd89dcaea5 HTTP/1.1" status: 200  len: 1125 time: 0.1113291
2018-09-29 02:20:49.215 8281 INFO neutron.wsgi [req-60e9a4f9-b235-4d60-bcd1-e0f9d169435e 5a42c245a9524d2690645093ae1ed2ea 0370d8fb50704220a0d8021f0cc9d2d1 - default default] 10.0.20.44 "GET /v2.0/security-groups?id=83351a1d-096a-406d-aa02-22e7b2732a99 HTTP/1.1" status: 200  len: 2118 time: 0.0892532
2018-09-29 02:20:49.694 8281 INFO neutron.wsgi [req-4047815e-28a6-42e7-9025-503cca45be54 5a42c245a9524d2690645093ae1ed2ea 0370d8fb50704220a0d8021f0cc9d2d1 - default default] 10.0.20.44 "GET /v2.0/ports?device_id=0c067a54-c1b5-4ede-a7f0-94fd89dcaea5 HTTP/1.1" status: 200  len: 1125 time: 0.1069300
2018-09-29 02:20:49.796 8281 INFO neutron.wsgi [req-85c93b22-ed43-4a97-9c14-bb623408e323 5a42c245a9524d2690645093ae1ed2ea 0370d8fb50704220a0d8021f0cc9d2d1 - default default] 10.0.20.44 "GET /v2.0/security-groups?id=83351a1d-096a-406d-aa02-22e7b2732a99 HTTP/1.1" status: 200  len: 2118 time: 0.0956080
2018-09-29 02:20:52.213 8276 INFO neutron.wsgi [req-394cf552-af88-4192-8b6b-0ce756bf8564 5a42c245a9524d2690645093ae1ed2ea 0370d8fb50704220a0d8021f0cc9d2d1 - default default] 10.0.20.44 "GET /v2.0/ports?device_id=0c067a54-c1b5-4ede-a7f0-94fd89dcaea5 HTTP/1.1" status: 200  len: 1125 time: 0.1165490
2018-09-29 02:20:52.313 8276 INFO neutron.wsgi [req-51c3369b-cb62-4412-8da4-b9195af73877 5a42c245a9524d2690645093ae1ed2ea 0370d8fb50704220a0d8021f0cc9d2d1 - default default] 10.0.20.44 "GET /v2.0/security-groups?id=83351a1d-096a-406d-aa02-22e7b2732a99 HTTP/1.1" status: 200  len: 2118 time: 0.0942500
2018-09-29 02:20:54.252 8281 DEBUG neutron.wsgi [-] (8281) accepted ('10.0.20.44', 38374) server /usr/lib/python2.7/site-packages/eventlet/wsgi.py:883
2018-09-29 02:20:54.771 8281 INFO neutron.wsgi [req-342dd7d1-8973-4706-815e-51af2ca3cdcb 5a42c245a9524d2690645093ae1ed2ea 0370d8fb50704220a0d8021f0cc9d2d1 - default default] 10.0.20.44 "GET /v2.0/ports?device_id=0c067a54-c1b5-4ede-a7f0-94fd89dcaea5 HTTP/1.1" status: 200  len: 1125 time: 0.5169890
2018-09-29 02:20:54.888 8281 INFO neutron.wsgi [req-3c09cd22-4a97-488d-8152-408c28dc33d9 5a42c245a9524d2690645093ae1ed2ea 0370d8fb50704220a0d8021f0cc9d2d1 - default default] 10.0.20.44 "GET /v2.0/security-groups?id=83351a1d-096a-406d-aa02-22e7b2732a99 HTTP/1.1" status: 200  len: 2118 time: 0.1089730
2018-09-29 02:20:55.661 8281 INFO neutron.wsgi [req-5c4ba093-ac11-425d-b40c-fc10787d23f0 5a42c245a9524d2690645093ae1ed2ea 0370d8fb50704220a0d8021f0cc9d2d1 - default default] 10.0.20.44 "GET /v2.0/ports?device_id=0c067a54-c1b5-4ede-a7f0-94fd89dcaea5 HTTP/1.1" status: 200  len: 1125 time: 0.1102371
2018-09-29 02:20:55.776 8281 INFO neutron.wsgi [req-ed535147-9c77-4592-a30d-3bcf5eef1e58 5a42c245a9524d2690645093ae1ed2ea 0370d8fb50704220a0d8021f0cc9d2d1 - default default] 10.0.20.44 "GET /v2.0/security-groups?id=83351a1d-096a-406d-aa02-22e7b2732a99 HTTP/1.1" status: 200  len: 2118 time: 0.1097510
2018-09-29 02:21:03.288 8286 DEBUG neutron_lib.callbacks.manager [req-d7a3702b-6220-40b6-925d-4d0a627d6627 - - - - -] Notify callbacks ['neutron.services.segments.db._update_segment_host_mapping_for_agent-8777816671402'] for agent, after_update _notify_loop /usr/lib/python2.7/site-packages/neutron_lib/callbacks/manager.py:167
2018-09-29 02:21:05.346 8289 DEBUG neutron_lib.callbacks.manager [req-afc58899-4d7c-4d04-95c4-e9ba33846949 - - - - -] Notify callbacks ['neutron.services.segments.db._update_segment_host_mapping_for_agent-8777816671402'] for agent, after_update _notify_loop /usr/lib/python2.7/site-packages/neutron_lib/callbacks/manager.py:167
2018-09-29 02:21:07.331 8292 DEBUG neutron_lib.callbacks.manager [req-a0962e1a-6573-42c9-819e-20062ea77161 - - - - -] Notify callbacks ['neutron.services.segments.db._update_segment_host_mapping_for_agent-8777816671402'] for agent, after_update _notify_loop /usr/lib/python2.7/site-packages/neutron_lib/callbacks/manager.py:167
2018-09-29 02:21:07.517 8287 DEBUG neutron_lib.callbacks.manager [req-8fe9a24f-8719-429b-99dd-4d67acf138b8 - - - - -] Notify callbacks ['neutron.services.segments.db._update_segment_host_mapping_for_agent-8777816671402'] for agent, after_update _notify_loop /usr/lib/python2.7/site-packages/neutron_lib/callbacks/manager.py:167
2018-09-29 02:21:10.377 8300 DEBUG neutron.db.agents_db [req-06244419-e4ef-445c-82d1-4e66a03003fc - - - - -] Agent healthcheck: found 5 active agents agent_health_check /usr/lib/python2.7/site-packages/neutron/db/agents_db.py:281
2018-09-29 02:21:12.383 8285 DEBUG neutron_lib.callbacks.manager [req-f33e10be-c289-467a-8e60-8d7c0449a1ac - - - - -] Notify callbacks ['neutron.services.segments.db._update_segment_host_mapping_for_agent-8777816671402'] for agent, after_update _notify_loop /usr/lib/python2.7/site-packages/neutron_lib/callbacks/manager.py:167
2018-09-29 02:21:15.732 8279 INFO neutron.wsgi [req-75c86394-b457-4879-87d4-50d6b129990a 5a42c245a9524d2690645093ae1ed2ea 0370d8fb50704220a0d8021f0cc9d2d1 - default default] 10.0.20.44 "GET /v2.0/ports?tenant_id=7423556dfbe54b9faed122f44eea7165&device_id=0c067a54-c1b5-4ede-a7f0-94fd89dcaea5 HTTP/1.1" status: 200  len: 1125 time: 0.1240301
2018-09-29 02:21:15.995 8279 DEBUG neutron.pecan_wsgi.hooks.policy_enforcement [req-0f840740-d72a-4ef6-b56a-e8a942adb01c 5a42c245a9524d2690645093ae1ed2ea 0370d8fb50704220a0d8021f0cc9d2d1 - default default] Attributes excluded by policy engine: [u'vlan_transparent'] _exclude_attributes_by_policy /usr/lib/python2.7/site-packages/neutron/pecan_wsgi/hooks/policy_enforcement.py:256
2018-09-29 02:21:15.998 8279 INFO neutron.wsgi [req-0f840740-d72a-4ef6-b56a-e8a942adb01c 5a42c245a9524d2690645093ae1ed2ea 0370d8fb50704220a0d8021f0cc9d2d1 - default default] 10.0.20.44 "GET /v2.0/networks?id=da014e5c-4395-432c-bcc0-9a0916a34a9e HTTP/1.1" status: 200  len: 885 time: 0.2591112
2018-09-29 02:21:16.034 8279 INFO neutron.wsgi [req-e88ed0a3-c8ea-428e-b647-04834ea8eb91 5a42c245a9524d2690645093ae1ed2ea 0370d8fb50704220a0d8021f0cc9d2d1 - default default] 10.0.20.44 "GET /v2.0/floatingips?fixed_ip_address=11.106.1.10&port_id=d73c3041-22d8-49cd-bf24-026717d7829c HTTP/1.1" status: 200  len: 751 time: 0.0315082
2018-09-29 02:21:16.157 8279 DEBUG neutron.pecan_wsgi.hooks.policy_enforcement [req-ec6bf67f-8a89-41b6-b22b-b3aa3b900080 5a42c245a9524d2690645093ae1ed2ea 0370d8fb50704220a0d8021f0cc9d2d1 - default default] Attributes excluded by policy engine: [u'shared'] _exclude_attributes_by_policy /usr/lib/python2.7/site-packages/neutron/pecan_wsgi/hooks/policy_enforcement.py:256
2018-09-29 02:21:16.159 8279 INFO neutron.wsgi [req-ec6bf67f-8a89-41b6-b22b-b3aa3b900080 5a42c245a9524d2690645093ae1ed2ea 0370d8fb50704220a0d8021f0cc9d2d1 - default default] 10.0.20.44 "GET /v2.0/subnets?id=df7d49fd-9f92-4fc8-9621-931912ea0620 HTTP/1.1" status: 200  len: 847 time: 0.1182649
2018-09-29 02:21:16.271 8279 INFO neutron.wsgi [req-508382ac-a9bd-4ae7-b93a-4d5228f19517 5a42c245a9524d2690645093ae1ed2ea 0370d8fb50704220a0d8021f0cc9d2d1 - default default] 10.0.20.44 "GET /v2.0/ports?network_id=da014e5c-4395-432c-bcc0-9a0916a34a9e&device_owner=network%3Adhcp HTTP/1.1" status: 200  len: 1128 time: 0.1064632
2018-09-29 02:21:21.076 8281 DEBUG neutron.wsgi [-] (8281) accepted ('10.0.20.44', 38466) server /usr/lib/python2.7/site-packages/eventlet/wsgi.py:883
2018-09-29 02:21:21.080 8281 INFO neutron.wsgi [-] 10.0.20.44 "GET / HTTP/1.1" status: 200  len: 252 time: 0.0018971
2018-09-29 02:21:21.491 8281 INFO neutron.api.v2.resource [req-a56f708f-0818-4d30-8a12-34ed7f1168ce 3d527b5b43fc4899bd2a90f2123e8ae4 7423556dfbe54b9faed122f44eea7165 - 8f78917e369f46cda933d8f9c954e18f 8f78917e369f46cda933d8f9c954e18f] show failed (client error): The resource could not be found.
2018-09-29 02:21:21.492 8281 INFO neutron.wsgi [req-a56f708f-0818-4d30-8a12-34ed7f1168ce 3d527b5b43fc4899bd2a90f2123e8ae4 7423556dfbe54b9faed122f44eea7165 - 8f78917e369f46cda933d8f9c954e18f 8f78917e369f46cda933d8f9c954e18f] 10.0.20.44 "GET /v2.0/floatingips/172.24.4.6 HTTP/1.1" status: 404  len: 324 time: 0.4080789
2018-09-29 02:21:21.530 8281 INFO neutron.wsgi [req-dede893b-320d-4574-aa43-dd15449b5385 3d527b5b43fc4899bd2a90f2123e8ae4 7423556dfbe54b9faed122f44eea7165 - 8f78917e369f46cda933d8f9c954e18f 8f78917e369f46cda933d8f9c954e18f] 10.0.20.44 "GET /v2.0/floatingips HTTP/1.1" status: 200  len: 1208 time: 0.0330460
2018-09-29 02:21:21.597 8281 DEBUG neutron.plugins.ml2.plugin [req-e344eee3-9f7a-488c-9d1b-9cc48d174069 3d527b5b43fc4899bd2a90f2123e8ae4 7423556dfbe54b9faed122f44eea7165 - 8f78917e369f46cda933d8f9c954e18f 8f78917e369f46cda933d8f9c954e18f] Deleting port 7c4285c8-6539-4504-968b-286fb6e478d8 _pre_delete_port /usr/lib/python2.7/site-packages/neutron/plugins/ml2/plugin.py:1488
2018-09-29 02:21:21.598 8281 DEBUG neutron_lib.callbacks.manager [req-e344eee3-9f7a-488c-9d1b-9cc48d174069 3d527b5b43fc4899bd2a90f2123e8ae4 7423556dfbe54b9faed122f44eea7165 - 8f78917e369f46cda933d8f9c954e18f 8f78917e369f46cda933d8f9c954e18f] Notify callbacks ['neutron.db.l3_db._prevent_l3_port_delete_callback--9223363259037900442'] for port, before_delete _notify_loop /usr/lib/python2.7/site-packages/neutron_lib/callbacks/manager.py:167
2018-09-29 02:21:21.896 8281 DEBUG neutron.plugins.ml2.plugin [req-e344eee3-9f7a-488c-9d1b-9cc48d174069 3d527b5b43fc4899bd2a90f2123e8ae4 7423556dfbe54b9faed122f44eea7165 - 8f78917e369f46cda933d8f9c954e18f 8f78917e369f46cda933d8f9c954e18f] Calling delete_port for 7c4285c8-6539-4504-968b-286fb6e478d8 owned by network:floatingip delete_port /usr/lib/python2.7/site-packages/neutron/plugins/ml2/plugin.py:1547
2018-09-29 02:21:22.187 8281 DEBUG neutron_lib.callbacks.manager [req-e344eee3-9f7a-488c-9d1b-9cc48d174069 3d527b5b43fc4899bd2a90f2123e8ae4 7423556dfbe54b9faed122f44eea7165 - 8f78917e369f46cda933d8f9c954e18f 8f78917e369f46cda933d8f9c954e18f] Notify callbacks ['neutron.plugins.ml2.plugin.Ml2Plugin.notify_sg_on_port_change-343192', 'neutron.plugins.ml2.ovo_rpc._ObjectChangeHandler.handle_event--9223372036851117146', 'neutron.db.l3_dvrscheduler_db._notify_port_delete--9223363259038466880', 'neutron.db.l3_db._notify_routers_callback-8777816848961', 'neutron.api.rpc.agentnotifiers.dhcp_rpc_agent_api.DhcpAgentNotifyAPI._native_event_send_dhcp_notification-3515558'] for port, after_delete _notify_loop /usr/lib/python2.7/site-packages/neutron_lib/callbacks/manager.py:167
2018-09-29 02:21:22.241 8281 DEBUG oslo_concurrency.lockutils [-] Lock "event-dispatch" acquired by "neutron.plugins.ml2.ovo_rpc.dispatch_events" :: waited 0.000s inner /usr/lib/python2.7/site-packages/oslo_concurrency/lockutils.py:270
2018-09-29 02:21:22.360 8281 DEBUG neutron.api.rpc.handlers.resources_rpc [req-e344eee3-9f7a-488c-9d1b-9cc48d174069 3d527b5b43fc4899bd2a90f2123e8ae4 7423556dfbe54b9faed122f44eea7165 - - -] neutron.api.rpc.handlers.resources_rpc.ResourcesPushRpcApi method push called with arguments (<neutron_lib.context.Context object at 0x7fbbe91b2a10>, [Port(admin_state_up=<?>,allowed_address_pairs=<?>,binding=<?>,binding_levels=<?>,created_at=<?>,data_plane_status=<?>,description=<?>,device_id=<?>,device_owner=<?>,dhcp_options=<?>,distributed_binding=<?>,dns=<?>,fixed_ips=<?>,id=7c4285c8-6539-4504-968b-286fb6e478d8,mac_address=<?>,name=<?>,network_id=<?>,project_id=<?>,qos_policy_id=None,revision_number=<?>,security=<?>,security_group_ids=None,status=<?>,updated_at=<?>)], 'deleted') {} wrapper /usr/lib/python2.7/site-packages/oslo_log/helpers.py:66
2018-09-29 02:21:22.407 8281 DEBUG neutron.api.rpc.callbacks.version_manager [req-e344eee3-9f7a-488c-9d1b-9cc48d174069 3d527b5b43fc4899bd2a90f2123e8ae4 7423556dfbe54b9faed122f44eea7165 - - -] Version for resource type Subnet changed None to 1.0 on consumer Open vSwitch agent@localhost.localdomain _set_version /usr/lib/python2.7/site-packages/neutron/api/rpc/callbacks/version_manager.py:119
2018-09-29 02:21:22.408 8281 DEBUG neutron.api.rpc.callbacks.version_manager [req-e344eee3-9f7a-488c-9d1b-9cc48d174069 3d527b5b43fc4899bd2a90f2123e8ae4 7423556dfbe54b9faed122f44eea7165 - - -] Version for resource type Network changed None to 1.0 on consumer Open vSwitch agent@localhost.localdomain _set_version /usr/lib/python2.7/site-packages/neutron/api/rpc/callbacks/version_manager.py:119
2018-09-29 02:21:22.408 8281 DEBUG neutron.api.rpc.callbacks.version_manager [req-e344eee3-9f7a-488c-9d1b-9cc48d174069 3d527b5b43fc4899bd2a90f2123e8ae4 7423556dfbe54b9faed122f44eea7165 - - -] Version for resource type SubPort changed None to 1.0 on consumer Open vSwitch agent@localhost.localdomain _set_version /usr/lib/python2.7/site-packages/neutron/api/rpc/callbacks/version_manager.py:119
2018-09-29 02:21:22.409 8281 DEBUG neutron.api.rpc.callbacks.version_manager [req-e344eee3-9f7a-488c-9d1b-9cc48d174069 3d527b5b43fc4899bd2a90f2123e8ae4 7423556dfbe54b9faed122f44eea7165 - - -] Version for resource type SecurityGroup changed None to 1.0 on consumer Open vSwitch agent@localhost.localdomain _set_version /usr/lib/python2.7/site-packages/neutron/api/rpc/callbacks/version_manager.py:119
2018-09-29 02:21:22.410 8281 DEBUG neutron.api.rpc.callbacks.version_manager [req-e344eee3-9f7a-488c-9d1b-9cc48d174069 3d527b5b43fc4899bd2a90f2123e8ae4 7423556dfbe54b9faed122f44eea7165 - - -] Version for resource type SecurityGroupRule changed None to 1.0 on consumer Open vSwitch agent@localhost.localdomain _set_version /usr/lib/python2.7/site-packages/neutron/api/rpc/callbacks/version_manager.py:119
2018-09-29 02:21:22.410 8281 DEBUG neutron.api.rpc.callbacks.version_manager [req-e344eee3-9f7a-488c-9d1b-9cc48d174069 3d527b5b43fc4899bd2a90f2123e8ae4 7423556dfbe54b9faed122f44eea7165 - - -] Version for resource type Trunk changed None to 1.1 on consumer Open vSwitch agent@localhost.localdomain _set_version /usr/lib/python2.7/site-packages/neutron/api/rpc/callbacks/version_manager.py:119
2018-09-29 02:21:22.411 8281 DEBUG neutron.api.rpc.callbacks.version_manager [req-e344eee3-9f7a-488c-9d1b-9cc48d174069 3d527b5b43fc4899bd2a90f2123e8ae4 7423556dfbe54b9faed122f44eea7165 - - -] Version for resource type QosPolicy changed None to 1.6 on consumer Open vSwitch agent@localhost.localdomain _set_version /usr/lib/python2.7/site-packages/neutron/api/rpc/callbacks/version_manager.py:119
2018-09-29 02:21:22.411 8281 DEBUG neutron.api.rpc.callbacks.version_manager [req-e344eee3-9f7a-488c-9d1b-9cc48d174069 3d527b5b43fc4899bd2a90f2123e8ae4 7423556dfbe54b9faed122f44eea7165 - - -] Version for resource type Port changed None to 1.1 on consumer Open vSwitch agent@localhost.localdomain _set_version /usr/lib/python2.7/site-packages/neutron/api/rpc/callbacks/version_manager.py:119
2018-09-29 02:21:22.413 8281 DEBUG neutron.api.rpc.callbacks.version_manager [req-e344eee3-9f7a-488c-9d1b-9cc48d174069 3d527b5b43fc4899bd2a90f2123e8ae4 7423556dfbe54b9faed122f44eea7165 - - -] Version for resource type Log changed None to 1.0 on consumer Open vSwitch agent@localhost.localdomain _set_version /usr/lib/python2.7/site-packages/neutron/api/rpc/callbacks/version_manager.py:119
2018-09-29 02:21:22.499 8281 DEBUG oslo_concurrency.lockutils [req-e344eee3-9f7a-488c-9d1b-9cc48d174069 3d527b5b43fc4899bd2a90f2123e8ae4 7423556dfbe54b9faed122f44eea7165 - - -] Lock "event-dispatch" released by "neutron.plugins.ml2.ovo_rpc.dispatch_events" :: held 0.258s inner /usr/lib/python2.7/site-packages/oslo_concurrency/lockutils.py:282
2018-09-29 02:21:23.188 8281 DEBUG neutron.scheduler.l3_agent_scheduler [req-e344eee3-9f7a-488c-9d1b-9cc48d174069 3d527b5b43fc4899bd2a90f2123e8ae4 7423556dfbe54b9faed122f44eea7165 - 8f78917e369f46cda933d8f9c954e18f 8f78917e369f46cda933d8f9c954e18f] Router 652ab8a8-beb2-4992-a60f-0935fef3be6f has already been hosted by L3 agent d45b0704-9896-49d5-b686-351109329370 _get_candidates /usr/lib/python2.7/site-packages/neutron/scheduler/l3_agent_scheduler.py:141
2018-09-29 02:21:23.380 8281 DEBUG neutron.api.rpc.agentnotifiers.l3_rpc_agent_api [req-e344eee3-9f7a-488c-9d1b-9cc48d174069 3d527b5b43fc4899bd2a90f2123e8ae4 7423556dfbe54b9faed122f44eea7165 - 8f78917e369f46cda933d8f9c954e18f 8f78917e369f46cda933d8f9c954e18f] Notify agent at l3_agent.localhost.localdomain the message routers_updated _agent_notification /usr/lib/python2.7/site-packages/neutron/api/rpc/agentnotifiers/l3_rpc_agent_api.py:69
2018-09-29 02:21:23.407 8281 DEBUG neutron.quota.resource [req-e344eee3-9f7a-488c-9d1b-9cc48d174069 3d527b5b43fc4899bd2a90f2123e8ae4 7423556dfbe54b9faed122f44eea7165 - 8f78917e369f46cda933d8f9c954e18f 8f78917e369f46cda933d8f9c954e18f] Persisted dirty status for tenant:7423556dfbe54b9faed122f44eea7165 on resource:floatingip mark_dirty /usr/lib/python2.7/site-packages/neutron/quota/resource.py:207
2018-09-29 02:21:23.420 8281 DEBUG neutron.quota.resource [req-e344eee3-9f7a-488c-9d1b-9cc48d174069 3d527b5b43fc4899bd2a90f2123e8ae4 7423556dfbe54b9faed122f44eea7165 - 8f78917e369f46cda933d8f9c954e18f 8f78917e369f46cda933d8f9c954e18f] Persisted dirty status for tenant: on resource:port mark_dirty /usr/lib/python2.7/site-packages/neutron/quota/resource.py:207
2018-09-29 02:21:23.427 8281 DEBUG neutron_lib.callbacks.manager [req-e344eee3-9f7a-488c-9d1b-9cc48d174069 3d527b5b43fc4899bd2a90f2123e8ae4 7423556dfbe54b9faed122f44eea7165 - 8f78917e369f46cda933d8f9c954e18f 8f78917e369f46cda933d8f9c954e18f] Notify callbacks ['neutron.notifiers.nova.Notifier._send_nova_notification--9223372036854774500'] for floatingip, before_response _notify_loop /usr/lib/python2.7/site-packages/neutron_lib/callbacks/manager.py:167
2018-09-29 02:21:23.439 8294 DEBUG neutron.db.l3_hamode_db [req-2ee8e5f8-d619-41fe-9838-79df1521cc42 - - - - -] neutron.services.l3_router.l3_router_plugin.L3RouterPlugin method get_ha_sync_data_for_host called with arguments (<neutron_lib.context.Context object at 0x7fbbe93cbd10>, u'localhost.localdomain', <neutron.db.models.agent.Agent[object at 7fbbe93cbd90] {id=u'd45b0704-9896-49d5-b686-351109329370', agent_type=u'L3 agent', binary=u'neutron-l3-agent', topic=u'l3_agent', host=u'localhost.localdomain', availability_zone=u'nova', admin_state_up=True, created_at=datetime.datetime(2018, 9, 12, 22, 28, 54), started_at=datetime.datetime(2018, 9, 29, 6, 6, 5), heartbeat_timestamp=datetime.datetime(2018, 9, 29, 6, 21, 5), description=None, configurations=u'{"agent_mode": "legacy", "gateway_external_network_id": "", "handle_internal_only_routers": true, "routers": 2, "interfaces": 2, "floating_ips": 1, "interface_driver": "neutron.agent.linux.interface.OVSInterfaceDriver", "log_agent_heartbeats": false, "external_network_bridge": "", "ex_gw_ports": 2}', resource_versions=None, load=0}>) {'active': True, 'router_ids': ['652ab8a8-beb2-4992-a60f-0935fef3be6f']} wrapper /usr/lib/python2.7/site-packages/oslo_log/helpers.py:66
2018-09-29 02:21:23.536 8281 INFO neutron.wsgi [req-e344eee3-9f7a-488c-9d1b-9cc48d174069 3d527b5b43fc4899bd2a90f2123e8ae4 7423556dfbe54b9faed122f44eea7165 - 8f78917e369f46cda933d8f9c954e18f 8f78917e369f46cda933d8f9c954e18f] 10.0.20.44 "DELETE /v2.0/floatingips/08c3addf-53fb-487b-9311-5047668317c1 HTTP/1.1" status: 204  len: 173 time: 1.9995360
2018-09-29 02:21:23.537 8281 DEBUG oslo_concurrency.lockutils [-] Lock "notifier-3ce10639-ba0c-4729-a5cc-451e4cce65ce" acquired by "neutron.notifiers.batch_notifier.synced_send" :: waited 0.000s inner /usr/lib/python2.7/site-packages/oslo_concurrency/lockutils.py:270
2018-09-29 02:21:23.538 8281 DEBUG neutron.notifiers.nova [-] Sending events: [{'tag': u'd73c3041-22d8-49cd-bf24-026717d7829c', 'name': 'network-changed', 'server_uuid': u'0c067a54-c1b5-4ede-a7f0-94fd89dcaea5'}] send_events /usr/lib/python2.7/site-packages/neutron/notifiers/nova.py:242
2018-09-29 02:21:24.842 8281 DEBUG novaclient.v2.client [-] REQ: curl -g -i -X POST http://10.0.20.44:8774/v2.1/0370d8fb50704220a0d8021f0cc9d2d1/os-server-external-events -H "User-Agent: python-novaclient" -H "Content-Type: application/json" -H "Accept: application/json" -H "X-OpenStack-Nova-API-Version: 2.1" -H "X-Auth-Token: {SHA1}66cf833f41521a9eb41a6813b48d25dd781d2cf2" -d '{"events": [{"tag": "d73c3041-22d8-49cd-bf24-026717d7829c", "name": "network-changed", "server_uuid": "0c067a54-c1b5-4ede-a7f0-94fd89dcaea5"}]}' _http_log_request /usr/lib/python2.7/site-packages/keystoneauth1/session.py:375
2018-09-29 02:21:25.183 8294 DEBUG neutron.db.l3_hamode_db [req-2ee8e5f8-d619-41fe-9838-79df1521cc42 - - - - -] neutron.services.l3_router.l3_router_plugin.L3RouterPlugin method _process_sync_ha_data called with arguments (<neutron_lib.context.Context object at 0x7fbbe93cbd10>, [{'status': u'ACTIVE', '_interfaces': [{'status': u'ACTIVE', 'subnets': [{'dns_nameservers': [u'8.8.4.4'], 'ipv6_ra_mode': None, 'gateway_ip': u'11.106.1.1', 'cidr': u'11.106.1.0/24', 'id': u'df7d49fd-9f92-4fc8-9621-931912ea0620', 'subnetpool_id': None}], 'binding:host_id': u'localhost.localdomain', 'description': u'', 'allowed_address_pairs': [], 'tags': [], 'extra_dhcp_opts': [], 'updated_at': '2018-09-29T06:15:54Z', 'device_owner': u'network:router_interface', 'revision_number': 7, 'port_security_enabled': False, 'binding:profile': {}, 'mtu': 1450, 'fixed_ips': [{'subnet_id': u'df7d49fd-9f92-4fc8-9621-931912ea0620', 'prefixlen': 24, 'ip_address': u'11.106.1.1'}], 'id': u'1e395334-becb-44d0-bca5-24f9bd6ca4ee', 'security_groups': [], 'device_id': u'652ab8a8-beb2-4992-a60f-0935fef3be6f', 'name': u'', 'admin_state_up': True, 'network_id': u'da014e5c-4395-432c-bcc0-9a0916a34a9e', 'tenant_id': u'7423556dfbe54b9faed122f44eea7165', 'binding:vif_details': {u'port_filter': True, u'datapath_type': u'system', u'ovs_hybrid_plug': True}, 'address_scopes': {4: None, 6: None}, 'binding:vnic_type': u'normal', 'binding:vif_type': u'ovs', 'mac_address': u'fa:16:3e:c2:7a:3f', 'project_id': u'7423556dfbe54b9faed122f44eea7165', 'extra_subnets': [], 'created_at': '2018-09-29T06:15:46Z'}], 'enable_snat': True, 'ha_vr_id': 0, 'description': u'', 'tags': [], 'gw_port': {'status': u'ACTIVE', 'subnets': [{'dns_nameservers': [], 'ipv6_ra_mode': None, 'gateway_ip': u'172.24.4.1', 'cidr': u'172.24.4.0/24', 'id': u'9bf5d7dd-fc7a-4dce-8dc4-b99d0c6a4b85', 'subnetpool_id': None}], 'binding:host_id': u'localhost.localdomain', 'description': u'', 'allowed_address_pairs': [], 'tags': [], 'extra_dhcp_opts': [], 'updated_at': '2018-09-29T06:16:10Z', 'device_owner': u'network:router_gateway', 'revision_number': 6, 'port_security_enabled': False, 'binding:profile': {}, 'mtu': 1500, 'fixed_ips': [{'subnet_id': u'9bf5d7dd-fc7a-4dce-8dc4-b99d0c6a4b85', 'prefixlen': 24, 'ip_address': u'172.24.4.10'}], 'id': u'60586128-52a5-44b8-b59b-ca1b4d3931c9', 'security_groups': [], 'device_id': u'652ab8a8-beb2-4992-a60f-0935fef3be6f', 'name': u'', 'admin_state_up': True, 'network_id': u'e37315f5-198b-4568-ae90-a700192fc268', 'tenant_id': u'', 'binding:vif_details': {u'port_filter': True, u'datapath_type': u'system', u'ovs_hybrid_plug': True}, 'address_scopes': {4: None, 6: None}, 'binding:vnic_type': u'normal', 'binding:vif_type': u'ovs', 'mac_address': u'fa:16:3e:9b:7f:45', 'project_id': u'', 'extra_subnets': [], 'created_at': '2018-09-29T06:16:00Z'}, 'updated_at': '2018-09-29T06:16:01Z', 'revision_number': 4, 'ha': False, 'id': u'652ab8a8-beb2-4992-a60f-0935fef3be6f', 'gw_port_host': u'localhost.localdomain', 'external_gateway_info': {'network_id': u'e37315f5-198b-4568-ae90-a700192fc268', 'enable_snat': True, 'external_fixed_ips': [{'subnet_id': u'9bf5d7dd-fc7a-4dce-8dc4-b99d0c6a4b85', 'ip_address': u'172.24.4.10'}]}, 'availability_zone_hints': [], 'availability_zones': [u'nova'], 'name': u'tempest-router-1538201548', 'gw_port_id': u'60586128-52a5-44b8-b59b-ca1b4d3931c9', 'admin_state_up': True, 'tenant_id': u'7423556dfbe54b9faed122f44eea7165', 'created_at': '2018-09-29T06:15:28Z', 'distributed': False, 'flavor_id': None, 'routes': [], 'project_id': u'7423556dfbe54b9faed122f44eea7165'}], u'localhost.localdomain', False) {} wrapper /usr/lib/python2.7/site-packages/oslo_log/helpers.py:66
2018-09-29 02:21:25.196 8294 DEBUG neutron.api.rpc.handlers.l3_rpc [req-2ee8e5f8-d619-41fe-9838-79df1521cc42 - - - - -] Checking router: 652ab8a8-beb2-4992-a60f-0935fef3be6f for host: localhost.localdomain _ensure_host_set_on_ports /usr/lib/python2.7/site-packages/neutron/api/rpc/handlers/l3_rpc.py:135
2018-09-29 02:21:25.394 8292 DEBUG neutron.api.rpc.handlers.l3_rpc [req-88c3835c-36e2-44e3-91dd-7a82cfa84cb4 - - - - -] New status for floating IP 08c3addf-53fb-487b-9311-5047668317c1: DOWN update_floatingip_statuses /usr/lib/python2.7/site-packages/neutron/api/rpc/handlers/l3_rpc.py:252
2018-09-29 02:21:25.497 8281 DEBUG novaclient.v2.client [-] RESP: [200] Content-Length: 179 Content-Type: application/json Openstack-Api-Version: compute 2.1 X-Openstack-Nova-Api-Version: 2.1 Vary: OpenStack-API-Version, X-OpenStack-Nova-API-Version X-Openstack-Request-Id: req-9274e79a-b051-4639-aaac-8d81687f0046 X-Compute-Request-Id: req-9274e79a-b051-4639-aaac-8d81687f0046 Date: Sat, 29 Sep 2018 06:21:25 GMT Connection: keep-alive 
RESP BODY: {"events": [{"status": "completed", "tag": "d73c3041-22d8-49cd-bf24-026717d7829c", "name": "network-changed", "server_uuid": "0c067a54-c1b5-4ede-a7f0-94fd89dcaea5", "code": 200}]}
 _http_log_response /usr/lib/python2.7/site-packages/keystoneauth1/session.py:423
2018-09-29 02:21:25.498 8281 DEBUG novaclient.v2.client [-] POST call to compute for http://10.0.20.44:8774/v2.1/0370d8fb50704220a0d8021f0cc9d2d1/os-server-external-events used request id req-9274e79a-b051-4639-aaac-8d81687f0046 request /usr/lib/python2.7/site-packages/keystoneauth1/session.py:727
2018-09-29 02:21:25.508 8281 INFO neutron.notifiers.nova [-] Nova event response: {u'status': u'completed', u'tag': u'd73c3041-22d8-49cd-bf24-026717d7829c', u'name': u'network-changed', u'server_uuid': u'0c067a54-c1b5-4ede-a7f0-94fd89dcaea5', u'code': 200}
2018-09-29 02:21:25.709 8279 INFO neutron.wsgi [req-3fbbbaa1-2a94-4c4d-9266-6163f77a9005 5a42c245a9524d2690645093ae1ed2ea 0370d8fb50704220a0d8021f0cc9d2d1 - default default] 10.0.20.44 "GET /v2.0/ports?tenant_id=7423556dfbe54b9faed122f44eea7165&device_id=0c067a54-c1b5-4ede-a7f0-94fd89dcaea5 HTTP/1.1" status: 200  len: 1125 time: 0.1650610
2018-09-29 02:21:25.979 8279 DEBUG neutron.pecan_wsgi.hooks.policy_enforcement [req-e5e30f8f-74af-4044-858a-f9d5d9314a2b 5a42c245a9524d2690645093ae1ed2ea 0370d8fb50704220a0d8021f0cc9d2d1 - default default] Attributes excluded by policy engine: [u'vlan_transparent'] _exclude_attributes_by_policy /usr/lib/python2.7/site-packages/neutron/pecan_wsgi/hooks/policy_enforcement.py:256
2018-09-29 02:21:25.982 8279 INFO neutron.wsgi [req-e5e30f8f-74af-4044-858a-f9d5d9314a2b 5a42c245a9524d2690645093ae1ed2ea 0370d8fb50704220a0d8021f0cc9d2d1 - default default] 10.0.20.44 "GET /v2.0/networks?id=da014e5c-4395-432c-bcc0-9a0916a34a9e HTTP/1.1" status: 200  len: 885 time: 0.2498388
2018-09-29 02:21:26.033 8279 INFO neutron.wsgi [req-d52e291d-1b45-42db-80d2-e2fc6723ea1b 5a42c245a9524d2690645093ae1ed2ea 0370d8fb50704220a0d8021f0cc9d2d1 - default default] 10.0.20.44 "GET /v2.0/floatingips?fixed_ip_address=11.106.1.10&port_id=d73c3041-22d8-49cd-bf24-026717d7829c HTTP/1.1" status: 200  len: 217 time: 0.0388162
2018-09-29 02:21:26.190 8279 DEBUG neutron.pecan_wsgi.hooks.policy_enforcement [req-690ed7a6-41b7-4cd4-92f8-ca2c7e43908e 5a42c245a9524d2690645093ae1ed2ea 0370d8fb50704220a0d8021f0cc9d2d1 - default default] Attributes excluded by policy engine: [u'shared'] _exclude_attributes_by_policy /usr/lib/python2.7/site-packages/neutron/pecan_wsgi/hooks/policy_enforcement.py:256
2018-09-29 02:21:26.194 8279 INFO neutron.wsgi [req-690ed7a6-41b7-4cd4-92f8-ca2c7e43908e 5a42c245a9524d2690645093ae1ed2ea 0370d8fb50704220a0d8021f0cc9d2d1 - default default] 10.0.20.44 "GET /v2.0/subnets?id=df7d49fd-9f92-4fc8-9621-931912ea0620 HTTP/1.1" status: 200  len: 847 time: 0.1542850
2018-09-29 02:21:26.660 8279 INFO neutron.wsgi [req-344be8bd-1588-42f6-9d8e-58f055a9f164 5a42c245a9524d2690645093ae1ed2ea 0370d8fb50704220a0d8021f0cc9d2d1 - default default] 10.0.20.44 "GET /v2.0/ports?network_id=da014e5c-4395-432c-bcc0-9a0916a34a9e&device_owner=network%3Adhcp HTTP/1.1" status: 200  len: 1128 time: 0.4571741
2018-09-29 02:21:27.510 8281 DEBUG oslo_concurrency.lockutils [-] Lock "notifier-3ce10639-ba0c-4729-a5cc-451e4cce65ce" released by "neutron.notifiers.batch_notifier.synced_send" :: held 3.972s inner /usr/lib/python2.7/site-packages/oslo_concurrency/lockutils.py:282
2018-09-29 02:21:31.095 8272 INFO neutron.wsgi [req-6d338498-728c-4efb-828b-8f622f137ecb 5f679608b1404146800f9342acb17105 f0f98ade863c408ca03c04c01b2db460 - default default] 10.0.20.44 "GET /v2.0/ports?device_id=0c067a54-c1b5-4ede-a7f0-94fd89dcaea5 HTTP/1.1" status: 200  len: 1125 time: 0.6093531
2018-09-29 02:21:31.216 8272 INFO neutron.wsgi [req-7b095372-f92d-4218-9907-409d40f2859d 5f679608b1404146800f9342acb17105 f0f98ade863c408ca03c04c01b2db460 - default default] 10.0.20.44 "GET /v2.0/security-groups?id=83351a1d-096a-406d-aa02-22e7b2732a99 HTTP/1.1" status: 200  len: 2118 time: 0.1122239
2018-09-29 02:21:33.291 8293 DEBUG neutron_lib.callbacks.manager [req-d7a3702b-6220-40b6-925d-4d0a627d6627 - - - - -] Notify callbacks ['neutron.services.segments.db._update_segment_host_mapping_for_agent-8777816671402'] for agent, after_update _notify_loop /usr/lib/python2.7/site-packages/neutron_lib/callbacks/manager.py:167
2018-09-29 02:21:35.331 8294 DEBUG neutron_lib.callbacks.manager [req-f75f2c0a-662a-4b4f-abe2-0554b1e7d2ca - - - - -] Notify callbacks ['neutron.services.segments.db._update_segment_host_mapping_for_agent-8777816671402'] for agent, after_update _notify_loop /usr/lib/python2.7/site-packages/neutron_lib/callbacks/manager.py:167
2018-09-29 02:21:37.324 8295 DEBUG neutron_lib.callbacks.manager [req-a0962e1a-6573-42c9-819e-20062ea77161 - - - - -] Notify callbacks ['neutron.services.segments.db._update_segment_host_mapping_for_agent-8777816671402'] for agent, after_update _notify_loop /usr/lib/python2.7/site-packages/neutron_lib/callbacks/manager.py:167
2018-09-29 02:21:37.509 8288 DEBUG neutron_lib.callbacks.manager [req-8fe9a24f-8719-429b-99dd-4d67acf138b8 - - - - -] Notify callbacks ['neutron.services.segments.db._update_segment_host_mapping_for_agent-8777816671402'] for agent, after_update _notify_loop /usr/lib/python2.7/site-packages/neutron_lib/callbacks/manager.py:167
2018-09-29 02:21:37.743 8284 INFO neutron.wsgi [req-c1cdbfe4-b92f-4497-b820-c3da57c9297f 5f679608b1404146800f9342acb17105 f0f98ade863c408ca03c04c01b2db460 - default default] 10.0.20.44 "GET /v2.0/ports?device_id=0c067a54-c1b5-4ede-a7f0-94fd89dcaea5 HTTP/1.1" status: 200  len: 1125 time: 0.5564778
2018-09-29 02:21:37.861 8284 INFO neutron.wsgi [req-6d758e2d-a0a3-483f-8c32-1179142f99f5 5f679608b1404146800f9342acb17105 f0f98ade863c408ca03c04c01b2db460 - default default] 10.0.20.44 "GET /v2.0/security-groups?id=83351a1d-096a-406d-aa02-22e7b2732a99 HTTP/1.1" status: 200  len: 2118 time: 0.1119220
2018-09-29 02:21:40.456 8279 INFO neutron.wsgi [req-8622652d-f280-445a-9981-db9c61873f79 5f679608b1404146800f9342acb17105 f0f98ade863c408ca03c04c01b2db460 - default default] 10.0.20.44 "GET /v2.0/ports?device_id=0c067a54-c1b5-4ede-a7f0-94fd89dcaea5 HTTP/1.1" status: 200  len: 1125 time: 0.7141681
2018-09-29 02:21:40.593 8286 DEBUG neutron.plugins.ml2.rpc [req-8fe9a24f-8719-429b-99dd-4d67acf138b8 - - - - -] Device d73c3041-22d8-49cd-bf24-026717d7829c no longer exists at agent ovs-agent-localhost.localdomain update_device_down /usr/lib/python2.7/site-packages/neutron/plugins/ml2/rpc.py:213
2018-09-29 02:21:40.597 8279 DEBUG neutron.plugins.ml2.plugin [req-2c466013-eb17-4637-a63b-e2d29d9f4e17 5f679608b1404146800f9342acb17105 f0f98ade863c408ca03c04c01b2db460 - default default] Deleting port d73c3041-22d8-49cd-bf24-026717d7829c _pre_delete_port /usr/lib/python2.7/site-packages/neutron/plugins/ml2/plugin.py:1488
2018-09-29 02:21:40.598 8279 DEBUG neutron_lib.callbacks.manager [req-2c466013-eb17-4637-a63b-e2d29d9f4e17 5f679608b1404146800f9342acb17105 f0f98ade863c408ca03c04c01b2db460 - default default] Notify callbacks ['neutron.db.l3_db._prevent_l3_port_delete_callback--9223363259037900442'] for port, before_delete _notify_loop /usr/lib/python2.7/site-packages/neutron_lib/callbacks/manager.py:167
2018-09-29 02:21:40.817 8286 DEBUG neutron_lib.callbacks.manager [req-8fe9a24f-8719-429b-99dd-4d67acf138b8 - - - - -] Notify callbacks ['neutron.plugins.ml2.plugin.Ml2Plugin._ensure_default_security_group_handler-442431'] for port, before_update _notify_loop /usr/lib/python2.7/site-packages/neutron_lib/callbacks/manager.py:167
2018-09-29 02:21:40.936 8286 DEBUG oslo_concurrency.lockutils [-] Lock "notifier-3ce10639-ba0c-4729-a5cc-451e4cce65ce" acquired by "neutron.notifiers.batch_notifier.synced_send" :: waited 0.000s inner /usr/lib/python2.7/site-packages/oslo_concurrency/lockutils.py:270
2018-09-29 02:21:40.939 8286 DEBUG neutron.notifiers.nova [-] Sending events: [{'status': 'completed', 'tag': u'd73c3041-22d8-49cd-bf24-026717d7829c', 'name': 'network-vif-unplugged', 'server_uuid': u'0c067a54-c1b5-4ede-a7f0-94fd89dcaea5'}] send_events /usr/lib/python2.7/site-packages/neutron/notifiers/nova.py:242
2018-09-29 02:21:40.972 8286 DEBUG neutron.plugins.ml2.db [req-8fe9a24f-8719-429b-99dd-4d67acf138b8 - - - - -] For port d73c3041-22d8-49cd-bf24-026717d7829c, host localhost.localdomain, got binding levels [<neutron.plugins.ml2.models.PortBindingLevel[object at 7fbbe93d3550] {port_id=u'd73c3041-22d8-49cd-bf24-026717d7829c', host=u'localhost.localdomain', level=0, driver=u'openvswitch', segment_id=u'bd5b78ea-1c8d-412d-a326-fb286dddb4ac'}>] get_binding_levels /usr/lib/python2.7/site-packages/neutron/plugins/ml2/db.py:106
2018-09-29 02:21:40.999 8286 DEBUG neutron_lib.callbacks.manager [req-8fe9a24f-8719-429b-99dd-4d67acf138b8 - - - - -] Notify callbacks ['neutron.db.l3_hascheduler_db._notify_l3_agent_ha_port_update--9223363259038465765', 'neutron.plugins.ml2.plugin.Ml2Plugin.notify_sg_on_port_change-343192', 'neutron.plugins.ml2.ovo_rpc._ObjectChangeHandler.handle_event--9223372036851117146', 'neutron.db.l3_dvrscheduler_db._notify_l3_agent_port_update-8777816308936', 'neutron.api.rpc.agentnotifiers.dhcp_rpc_agent_api.DhcpAgentNotifyAPI._native_event_send_dhcp_notification-3515558'] for port, after_update _notify_loop /usr/lib/python2.7/site-packages/neutron_lib/callbacks/manager.py:167
2018-09-29 02:21:41.032 8279 DEBUG neutron.plugins.ml2.db [req-2c466013-eb17-4637-a63b-e2d29d9f4e17 5f679608b1404146800f9342acb17105 f0f98ade863c408ca03c04c01b2db460 - default default] For port d73c3041-22d8-49cd-bf24-026717d7829c, host localhost.localdomain, got binding levels [<neutron.plugins.ml2.models.PortBindingLevel[object at 7fbbe91e8a10] {port_id=u'd73c3041-22d8-49cd-bf24-026717d7829c', host=u'localhost.localdomain', level=0, driver=u'openvswitch', segment_id=u'bd5b78ea-1c8d-412d-a326-fb286dddb4ac'}>] get_binding_levels /usr/lib/python2.7/site-packages/neutron/plugins/ml2/db.py:106
2018-09-29 02:21:41.084 8279 DEBUG neutron.plugins.ml2.plugin [req-2c466013-eb17-4637-a63b-e2d29d9f4e17 5f679608b1404146800f9342acb17105 f0f98ade863c408ca03c04c01b2db460 - default default] Calling delete_port for d73c3041-22d8-49cd-bf24-026717d7829c owned by compute:nova delete_port /usr/lib/python2.7/site-packages/neutron/plugins/ml2/plugin.py:1547
2018-09-29 02:21:41.325 8279 DEBUG neutron.db.api [req-2c466013-eb17-4637-a63b-e2d29d9f4e17 5f679608b1404146800f9342acb17105 f0f98ade863c408ca03c04c01b2db460 - default default] Retry wrapper got retriable exception: DELETE statement on table 'standardattributes' expected to delete 1 row(s); 0 were matched.  Please set confirm_deleted_rows=False within the mapper configuration to prevent this warning. wrapped /usr/lib/python2.7/site-packages/neutron/db/api.py:128
2018-09-29 02:21:41.326 8279 DEBUG oslo_db.api [req-2c466013-eb17-4637-a63b-e2d29d9f4e17 5f679608b1404146800f9342acb17105 f0f98ade863c408ca03c04c01b2db460 - default default] Performing DB retry for function neutron.plugins.ml2.plugin.delete_port wrapper /usr/lib/python2.7/site-packages/oslo_db/api.py:152
2018-09-29 02:21:41.428 8279 DEBUG neutron.plugins.ml2.plugin [req-2c466013-eb17-4637-a63b-e2d29d9f4e17 5f679608b1404146800f9342acb17105 f0f98ade863c408ca03c04c01b2db460 - default default] Deleting port d73c3041-22d8-49cd-bf24-026717d7829c _pre_delete_port /usr/lib/python2.7/site-packages/neutron/plugins/ml2/plugin.py:1488
2018-09-29 02:21:41.430 8279 DEBUG neutron_lib.callbacks.manager [req-2c466013-eb17-4637-a63b-e2d29d9f4e17 5f679608b1404146800f9342acb17105 f0f98ade863c408ca03c04c01b2db460 - default default] Notify callbacks ['neutron.db.l3_db._prevent_l3_port_delete_callback--9223363259037900442'] for port, before_delete _notify_loop /usr/lib/python2.7/site-packages/neutron_lib/callbacks/manager.py:167
2018-09-29 02:21:41.475 8286 DEBUG oslo_concurrency.lockutils [-] Lock "event-dispatch" acquired by "neutron.plugins.ml2.ovo_rpc.dispatch_events" :: waited 0.000s inner /usr/lib/python2.7/site-packages/oslo_concurrency/lockutils.py:270
2018-09-29 02:21:41.638 8286 DEBUG neutron.api.rpc.handlers.resources_rpc [req-8fe9a24f-8719-429b-99dd-4d67acf138b8 - - - - -] neutron.api.rpc.handlers.resources_rpc.ResourcesPushRpcApi method push called with arguments (<neutron_lib.context.Context object at 0x7fbbe931df90>, [Port(admin_state_up=True,allowed_address_pairs=[],binding=PortBinding,binding_levels=[PortBindingLevel],created_at=2018-09-29T06:16:28Z,data_plane_status=<?>,description='',device_id='0c067a54-c1b5-4ede-a7f0-94fd89dcaea5',device_owner='compute:nova',dhcp_options=[],distributed_binding=None,dns=None,fixed_ips=[IPAllocation],id=d73c3041-22d8-49cd-bf24-026717d7829c,mac_address=fa:16:3e:07:d4:27,name='',network_id=da014e5c-4395-432c-bcc0-9a0916a34a9e,project_id='7423556dfbe54b9faed122f44eea7165',qos_policy_id=None,revision_number=9,security=PortSecurity(d73c3041-22d8-49cd-bf24-026717d7829c),security_group_ids=set([83351a1d-096a-406d-aa02-22e7b2732a99]),status='DOWN',updated_at=2018-09-29T06:21:40Z)], 'updated') {} wrapper /usr/lib/python2.7/site-packages/oslo_log/helpers.py:66
2018-09-29 02:21:41.661 8286 DEBUG neutron.api.rpc.callbacks.version_manager [req-8fe9a24f-8719-429b-99dd-4d67acf138b8 - - - - -] Version for resource type Subnet changed None to 1.0 on consumer Open vSwitch agent@localhost.localdomain _set_version /usr/lib/python2.7/site-packages/neutron/api/rpc/callbacks/version_manager.py:119
