2018-06-26 08:01:11.416 15097 DEBUG oslo_concurrency.lockutils [req-244b1d3e-b6c5-45fc-8d53-87aa998ef83f - - - - -] Lock "event-dispatch" released by "neutron.plugins.ml2.ovo_rpc.dispatch_events" :: held 0.303s inner /usr/lib/python2.7/site-packages/oslo_concurrency/lockutils.py:282
2018-06-26 08:01:11.501 15097 DEBUG neutron.quota.resource [req-244b1d3e-b6c5-45fc-8d53-87aa998ef83f - - - - -] Persisted dirty status for tenant:34774378ad004c7dba1f11c76830121e on resource:port mark_dirty /usr/lib/python2.7/site-packages/neutron/quota/resource.py:207
2018-06-26 08:01:12.163 15093 DEBUG neutron.api.rpc.handlers.dhcp_rpc [req-ab15a6ab-bc5f-45b7-9a2c-0d49d7d626c8 - - - - -] Network 6a5f13d0-0dfa-48b8-8f45-4d8e422add22 requested from localhost.localdomain get_network_info /usr/lib/python2.7/site-packages/neutron/api/rpc/handlers/dhcp_rpc.py:197
2018-06-26 08:01:12.204 15095 DEBUG neutron.db.provisioning_blocks [req-991edb80-e435-4227-bf95-0556583e0827 - - - - -] Provisioning for port 22f83c63-04bb-40af-9d2b-2cf63f95309a completed by entity DHCP. provisioning_complete /usr/lib/python2.7/site-packages/neutron/db/provisioning_blocks.py:132
2018-06-26 08:01:12.921 15094 DEBUG neutron.plugins.ml2.rpc [req-48e559f6-c95e-4cc2-8e75-48b2ab32607e - - - - -] Device 22f83c63-04bb-40af-9d2b-2cf63f95309a up at agent ovs-agent-localhost.localdomain update_device_up /usr/lib/python2.7/site-packages/neutron/plugins/ml2/rpc.py:244
2018-06-26 08:01:13.083 15094 DEBUG neutron.db.provisioning_blocks [req-48e559f6-c95e-4cc2-8e75-48b2ab32607e - - - - -] Provisioning for port 22f83c63-04bb-40af-9d2b-2cf63f95309a completed by entity L2. provisioning_complete /usr/lib/python2.7/site-packages/neutron/db/provisioning_blocks.py:132
2018-06-26 08:01:13.092 15094 DEBUG neutron.db.provisioning_blocks [req-48e559f6-c95e-4cc2-8e75-48b2ab32607e - - - - -] Provisioning complete for port 22f83c63-04bb-40af-9d2b-2cf63f95309a triggered by entity L2. provisioning_complete /usr/lib/python2.7/site-packages/neutron/db/provisioning_blocks.py:138
2018-06-26 08:01:13.093 15094 DEBUG neutron_lib.callbacks.manager [req-48e559f6-c95e-4cc2-8e75-48b2ab32607e - - - - -] Notify callbacks ['neutron.plugins.ml2.plugin.Ml2Plugin._port_provisioned-1425836'] for port, provisioning_complete _notify_loop /usr/lib/python2.7/site-packages/neutron_lib/callbacks/manager.py:167
2018-06-26 08:01:13.146 15100 DEBUG neutron.db.provisioning_blocks [req-43b1daee-6890-45ab-a9f2-c9c6d343e3b4 - - - - -] Provisioning complete for port 22f83c63-04bb-40af-9d2b-2cf63f95309a triggered by entity DHCP. provisioning_complete /usr/lib/python2.7/site-packages/neutron/db/provisioning_blocks.py:138
2018-06-26 08:01:13.148 15100 DEBUG neutron_lib.callbacks.manager [req-43b1daee-6890-45ab-a9f2-c9c6d343e3b4 - - - - -] Notify callbacks ['neutron.plugins.ml2.plugin.Ml2Plugin._port_provisioned-1425836'] for port, provisioning_complete _notify_loop /usr/lib/python2.7/site-packages/neutron_lib/callbacks/manager.py:167
2018-06-26 08:01:13.349 15094 DEBUG neutron_lib.callbacks.manager [req-48e559f6-c95e-4cc2-8e75-48b2ab32607e - - - - -] Notify callbacks ['neutron.plugins.ml2.plugin.Ml2Plugin._ensure_default_security_group_handler--9223372036854067360'] for port, before_update _notify_loop /usr/lib/python2.7/site-packages/neutron_lib/callbacks/manager.py:167
2018-06-26 08:01:13.417 15100 DEBUG neutron_lib.callbacks.manager [req-43b1daee-6890-45ab-a9f2-c9c6d343e3b4 - - - - -] Notify callbacks ['neutron.plugins.ml2.plugin.Ml2Plugin._ensure_default_security_group_handler--9223372036854067360'] for port, before_update _notify_loop /usr/lib/python2.7/site-packages/neutron_lib/callbacks/manager.py:167
2018-06-26 08:01:13.504 15094 DEBUG neutron.plugins.ml2.db [req-48e559f6-c95e-4cc2-8e75-48b2ab32607e - - - - -] For port 22f83c63-04bb-40af-9d2b-2cf63f95309a, host localhost.localdomain, got binding levels [<neutron.plugins.ml2.models.PortBindingLevel[object at 7f913e27e410] {port_id=u'22f83c63-04bb-40af-9d2b-2cf63f95309a', host=u'localhost.localdomain', level=0, driver=u'openvswitch', segment_id=u'12ea09ec-4258-4226-845f-6113b16ce2a1'}>] get_binding_levels /usr/lib/python2.7/site-packages/neutron/plugins/ml2/db.py:106
2018-06-26 08:01:13.520 15094 DEBUG neutron_lib.callbacks.manager [req-48e559f6-c95e-4cc2-8e75-48b2ab32607e - - - - -] Notify callbacks ['neutron.db.l3_dvrscheduler_db._notify_l3_agent_port_update--9223363270492532047', 'neutron.plugins.ml2.plugin.Ml2Plugin.notify_sg_on_port_change-708573', 'neutron.plugins.ml2.ovo_rpc._ObjectChangeHandler.handle_event-1686822', 'neutron.db.l3_hascheduler_db._notify_l3_agent_ha_port_update-8766362243845', 'neutron.api.rpc.agentnotifiers.dhcp_rpc_agent_api.DhcpAgentNotifyAPI._native_event_send_dhcp_notification-1727007'] for port, after_update _notify_loop /usr/lib/python2.7/site-packages/neutron_lib/callbacks/manager.py:167
2018-06-26 08:01:13.681 15100 DEBUG neutron.db.api [req-43b1daee-6890-45ab-a9f2-c9c6d343e3b4 - - - - -] Retry wrapper got retriable exception: UPDATE statement on table 'standardattributes' expected to update 1 row(s); 0 were matched. wrapped /usr/lib/python2.7/site-packages/neutron/db/api.py:128
2018-06-26 08:01:13.683 15100 DEBUG oslo_db.api [req-43b1daee-6890-45ab-a9f2-c9c6d343e3b4 - - - - -] Performing DB retry for function neutron.plugins.ml2.plugin.update_port_statuses wrapper /usr/lib/python2.7/site-packages/oslo_db/api.py:152
2018-06-26 08:01:13.984 15094 DEBUG oslo_concurrency.lockutils [-] Lock "event-dispatch" acquired by "neutron.plugins.ml2.ovo_rpc.dispatch_events" :: waited 0.000s inner /usr/lib/python2.7/site-packages/oslo_concurrency/lockutils.py:270
2018-06-26 08:01:14.174 15094 DEBUG neutron.api.rpc.handlers.resources_rpc [req-48e559f6-c95e-4cc2-8e75-48b2ab32607e - - - - -] neutron.api.rpc.handlers.resources_rpc.ResourcesPushRpcApi method push called with arguments (<neutron_lib.context.Context object at 0x7f913dd74b90>, [Port(admin_state_up=True,allowed_address_pairs=[],binding=PortBinding,binding_levels=[PortBindingLevel],created_at=2018-06-26T06:01:08Z,data_plane_status=<?>,description='',device_id='dhcpcd8f5f9f-e3e8-569f-87ef-f03c6cfc29bc-6a5f13d0-0dfa-48b8-8f45-4d8e422add22',device_owner='network:dhcp',dhcp_options=[],distributed_binding=None,dns=None,fixed_ips=[IPAllocation],id=22f83c63-04bb-40af-9d2b-2cf63f95309a,mac_address=fa:16:3e:ea:5f:57,name='',network_id=6a5f13d0-0dfa-48b8-8f45-4d8e422add22,project_id='34774378ad004c7dba1f11c76830121e',qos_policy_id=None,revision_number=5,security=PortSecurity(22f83c63-04bb-40af-9d2b-2cf63f95309a),security_group_ids=set([]),status='ACTIVE',updated_at=2018-06-26T06:01:13Z)], 'updated') {} wrapper /usr/lib/python2.7/site-packages/oslo_log/helpers.py:66
2018-06-26 08:01:14.198 15094 DEBUG neutron.api.rpc.callbacks.version_manager [req-48e559f6-c95e-4cc2-8e75-48b2ab32607e - - - - -] Version for resource type Subnet changed None to 1.0 on consumer Open vSwitch agent@localhost.localdomain _set_version /usr/lib/python2.7/site-packages/neutron/api/rpc/callbacks/version_manager.py:119
2018-06-26 08:01:14.199 15094 DEBUG neutron.api.rpc.callbacks.version_manager [req-48e559f6-c95e-4cc2-8e75-48b2ab32607e - - - - -] Version for resource type Network changed None to 1.0 on consumer Open vSwitch agent@localhost.localdomain _set_version /usr/lib/python2.7/site-packages/neutron/api/rpc/callbacks/version_manager.py:119
2018-06-26 08:01:14.199 15094 DEBUG neutron.api.rpc.callbacks.version_manager [req-48e559f6-c95e-4cc2-8e75-48b2ab32607e - - - - -] Version for resource type SubPort changed None to 1.0 on consumer Open vSwitch agent@localhost.localdomain _set_version /usr/lib/python2.7/site-packages/neutron/api/rpc/callbacks/version_manager.py:119
2018-06-26 08:01:14.200 15094 DEBUG neutron.api.rpc.callbacks.version_manager [req-48e559f6-c95e-4cc2-8e75-48b2ab32607e - - - - -] Version for resource type SecurityGroup changed None to 1.0 on consumer Open vSwitch agent@localhost.localdomain _set_version /usr/lib/python2.7/site-packages/neutron/api/rpc/callbacks/version_manager.py:119
2018-06-26 08:01:14.201 15094 DEBUG neutron.api.rpc.callbacks.version_manager [req-48e559f6-c95e-4cc2-8e75-48b2ab32607e - - - - -] Version for resource type SecurityGroupRule changed None to 1.0 on consumer Open vSwitch agent@localhost.localdomain _set_version /usr/lib/python2.7/site-packages/neutron/api/rpc/callbacks/version_manager.py:119
2018-06-26 08:01:14.201 15094 DEBUG neutron.api.rpc.callbacks.version_manager [req-48e559f6-c95e-4cc2-8e75-48b2ab32607e - - - - -] Version for resource type Trunk changed None to 1.1 on consumer Open vSwitch agent@localhost.localdomain _set_version /usr/lib/python2.7/site-packages/neutron/api/rpc/callbacks/version_manager.py:119
2018-06-26 08:01:14.202 15094 DEBUG neutron.api.rpc.callbacks.version_manager [req-48e559f6-c95e-4cc2-8e75-48b2ab32607e - - - - -] Version for resource type QosPolicy changed None to 1.6 on consumer Open vSwitch agent@localhost.localdomain _set_version /usr/lib/python2.7/site-packages/neutron/api/rpc/callbacks/version_manager.py:119
2018-06-26 08:01:14.203 15094 DEBUG neutron.api.rpc.callbacks.version_manager [req-48e559f6-c95e-4cc2-8e75-48b2ab32607e - - - - -] Version for resource type Port changed None to 1.1 on consumer Open vSwitch agent@localhost.localdomain _set_version /usr/lib/python2.7/site-packages/neutron/api/rpc/callbacks/version_manager.py:119
2018-06-26 08:01:14.204 15094 DEBUG neutron.api.rpc.callbacks.version_manager [req-48e559f6-c95e-4cc2-8e75-48b2ab32607e - - - - -] Version for resource type Log changed None to 1.0 on consumer Open vSwitch agent@localhost.localdomain _set_version /usr/lib/python2.7/site-packages/neutron/api/rpc/callbacks/version_manager.py:119
2018-06-26 08:01:14.207 15094 DEBUG neutron.api.rpc.callbacks.version_manager [req-48e559f6-c95e-4cc2-8e75-48b2ab32607e - - - - -] Tracked resource versions report:
pushed versions:
{   'Log': set(['1.0']),
    'Network': set(['1.0']),
    'Port': set(['1.1']),
    'QosPolicy': set(['1.6']),
    'SecurityGroup': set(['1.0']),
    'SecurityGroupRule': set(['1.0']),
    'SubPort': set(['1.0']),
    'Subnet': set(['1.0']),
    'Trunk': set(['1.1'])}

consumer versions:
{   DHCP agent@localhost.localdomain: {   },
    L3 agent@localhost.localdomain: {   },
    Metadata agent@localhost.localdomain: {   },
    Metering agent@localhost.localdomain: {   },
    Open vSwitch agent@localhost.localdomain: {   u'Log': u'1.0',
                                                  u'Network': u'1.0',
                                                  u'Port': u'1.1',
                                                  u'QosPolicy': u'1.6',
                                                  u'SecurityGroup': u'1.0',
                                                  u'SecurityGroupRule': u'1.0',
                                                  u'SubPort': u'1.0',
                                                  u'Subnet': u'1.0',
                                                  u'Trunk': u'1.1'}}
 report /usr/lib/python2.7/site-packages/neutron/api/rpc/callbacks/version_manager.py:178
2018-06-26 08:01:14.230 15094 DEBUG oslo_concurrency.lockutils [req-48e559f6-c95e-4cc2-8e75-48b2ab32607e - - - - -] Lock "event-dispatch" released by "neutron.plugins.ml2.ovo_rpc.dispatch_events" :: held 0.246s inner /usr/lib/python2.7/site-packages/oslo_concurrency/lockutils.py:282
2018-06-26 08:01:14.889 15098 DEBUG neutron.plugins.ml2.rpc [req-48e559f6-c95e-4cc2-8e75-48b2ab32607e - - - - -] Device 22f83c63-04bb-40af-9d2b-2cf63f95309a up at agent ovs-agent-localhost.localdomain update_device_up /usr/lib/python2.7/site-packages/neutron/plugins/ml2/rpc.py:244
2018-06-26 08:01:15.073 15098 DEBUG neutron.db.provisioning_blocks [req-48e559f6-c95e-4cc2-8e75-48b2ab32607e - - - - -] Provisioning complete for port 22f83c63-04bb-40af-9d2b-2cf63f95309a triggered by entity L2. provisioning_complete /usr/lib/python2.7/site-packages/neutron/db/provisioning_blocks.py:138
2018-06-26 08:01:15.074 15098 DEBUG neutron_lib.callbacks.manager [req-48e559f6-c95e-4cc2-8e75-48b2ab32607e - - - - -] Notify callbacks ['neutron.plugins.ml2.plugin.Ml2Plugin._port_provisioned-1425836'] for port, provisioning_complete _notify_loop /usr/lib/python2.7/site-packages/neutron_lib/callbacks/manager.py:167
2018-06-26 08:01:15.451 15087 DEBUG neutron.wsgi [-] (15087) accepted ('10.0.20.25', 42430) server /usr/lib/python2.7/site-packages/eventlet/wsgi.py:883
2018-06-26 08:01:15.456 15087 INFO neutron.wsgi [-] 10.0.20.25 "GET / HTTP/1.1" status: 200  len: 252 time: 0.0032370
2018-06-26 08:01:16.224 15087 DEBUG neutron.pecan_wsgi.hooks.policy_enforcement [req-bdd4e807-52e7-4a82-992f-17e045591265 09ea151a2fc1439ea9a259197e574c6a 34774378ad004c7dba1f11c76830121e - bb4f13856b944d899e6d9f97053eaf33 bb4f13856b944d899e6d9f97053eaf33] Attributes excluded by policy engine: [u'shared'] _exclude_attributes_by_policy /usr/lib/python2.7/site-packages/neutron/pecan_wsgi/hooks/policy_enforcement.py:256
2018-06-26 08:01:16.225 15087 DEBUG neutron.pecan_wsgi.hooks.policy_enforcement [req-bdd4e807-52e7-4a82-992f-17e045591265 09ea151a2fc1439ea9a259197e574c6a 34774378ad004c7dba1f11c76830121e - bb4f13856b944d899e6d9f97053eaf33 bb4f13856b944d899e6d9f97053eaf33] Attributes excluded by policy engine: [u'shared'] _exclude_attributes_by_policy /usr/lib/python2.7/site-packages/neutron/pecan_wsgi/hooks/policy_enforcement.py:256
2018-06-26 08:01:16.226 15087 DEBUG neutron.pecan_wsgi.hooks.policy_enforcement [req-bdd4e807-52e7-4a82-992f-17e045591265 09ea151a2fc1439ea9a259197e574c6a 34774378ad004c7dba1f11c76830121e - bb4f13856b944d899e6d9f97053eaf33 bb4f13856b944d899e6d9f97053eaf33] Attributes excluded by policy engine: [u'shared'] _exclude_attributes_by_policy /usr/lib/python2.7/site-packages/neutron/pecan_wsgi/hooks/policy_enforcement.py:256
2018-06-26 08:01:16.227 15087 DEBUG neutron.quota.resource [req-bdd4e807-52e7-4a82-992f-17e045591265 09ea151a2fc1439ea9a259197e574c6a 34774378ad004c7dba1f11c76830121e - bb4f13856b944d899e6d9f97053eaf33 bb4f13856b944d899e6d9f97053eaf33] Synchronizing usage tracker for tenant:34774378ad004c7dba1f11c76830121e on resource:subnet resync /usr/lib/python2.7/site-packages/neutron/quota/resource.py:245
2018-06-26 08:01:16.284 15087 DEBUG neutron.quota.resource [req-bdd4e807-52e7-4a82-992f-17e045591265 09ea151a2fc1439ea9a259197e574c6a 34774378ad004c7dba1f11c76830121e - bb4f13856b944d899e6d9f97053eaf33 bb4f13856b944d899e6d9f97053eaf33] Unset dirty status for tenant:34774378ad004c7dba1f11c76830121e on resource:subnet _resync /usr/lib/python2.7/site-packages/neutron/quota/resource.py:237
2018-06-26 08:01:16.287 15087 INFO neutron.wsgi [req-bdd4e807-52e7-4a82-992f-17e045591265 09ea151a2fc1439ea9a259197e574c6a 34774378ad004c7dba1f11c76830121e - bb4f13856b944d899e6d9f97053eaf33 bb4f13856b944d899e6d9f97053eaf33] 10.0.20.25 "GET /v2.0/subnets HTTP/1.1" status: 200  len: 2050 time: 0.8247352
2018-06-26 08:01:24.191 15103 DEBUG neutron.db.agents_db [req-394dd68a-258d-4c2c-be34-680e7c710ec1 - - - - -] Agent healthcheck: found 5 active agents agent_health_check /usr/lib/python2.7/site-packages/neutron/db/agents_db.py:281
2018-06-26 08:01:26.815 15087 DEBUG neutron.wsgi [-] (15087) accepted ('10.0.20.25', 42442) server /usr/lib/python2.7/site-packages/eventlet/wsgi.py:883
2018-06-26 08:01:26.819 15087 INFO neutron.wsgi [-] 10.0.20.25 "GET / HTTP/1.1" status: 200  len: 252 time: 0.0022600
2018-06-26 08:01:27.164 15087 DEBUG neutron.api.v2.base [req-67250ba2-a023-46e9-b4b9-74a49422a893 09ea151a2fc1439ea9a259197e574c6a 34774378ad004c7dba1f11c76830121e - bb4f13856b944d899e6d9f97053eaf33 bb4f13856b944d899e6d9f97053eaf33] Request body: {u'router': {u'name': u'tempest-router-1529992695', u'admin_state_up': True}} prepare_request_body /usr/lib/python2.7/site-packages/neutron/api/v2/base.py:695
2018-06-26 08:01:27.176 15087 DEBUG neutron.db.quota.driver [req-67250ba2-a023-46e9-b4b9-74a49422a893 09ea151a2fc1439ea9a259197e574c6a 34774378ad004c7dba1f11c76830121e - bb4f13856b944d899e6d9f97053eaf33 bb4f13856b944d899e6d9f97053eaf33] Resources subnetpool have unlimited quota limit. It is not required to calculate headroom  make_reservation /usr/lib/python2.7/site-packages/neutron/db/quota/driver.py:223
2018-06-26 08:01:27.186 15087 DEBUG neutron.quota.resource [req-67250ba2-a023-46e9-b4b9-74a49422a893 09ea151a2fc1439ea9a259197e574c6a 34774378ad004c7dba1f11c76830121e - bb4f13856b944d899e6d9f97053eaf33 bb4f13856b944d899e6d9f97053eaf33] Usage tracker for resource:router and tenant:34774378ad004c7dba1f11c76830121e is out of sync, need to count used quota count_used /usr/lib/python2.7/site-packages/neutron/quota/resource.py:274
2018-06-26 08:01:27.203 15087 DEBUG neutron.quota.resource [req-67250ba2-a023-46e9-b4b9-74a49422a893 09ea151a2fc1439ea9a259197e574c6a 34774378ad004c7dba1f11c76830121e - bb4f13856b944d899e6d9f97053eaf33 bb4f13856b944d899e6d9f97053eaf33] Quota usage for router was recalculated. Used quota:0. count_used /usr/lib/python2.7/site-packages/neutron/quota/resource.py:293
2018-06-26 08:01:27.217 15087 DEBUG neutron.db.quota.driver [req-67250ba2-a023-46e9-b4b9-74a49422a893 09ea151a2fc1439ea9a259197e574c6a 34774378ad004c7dba1f11c76830121e - bb4f13856b944d899e6d9f97053eaf33 bb4f13856b944d899e6d9f97053eaf33] Attempting to reserve 1 items for resource router. Total usage: 0; quota limit: 10; headroom:10 make_reservation /usr/lib/python2.7/site-packages/neutron/db/quota/driver.py:255
2018-06-26 08:01:27.251 15087 DEBUG neutron_lib.callbacks.manager [req-67250ba2-a023-46e9-b4b9-74a49422a893 09ea151a2fc1439ea9a259197e574c6a 34774378ad004c7dba1f11c76830121e - bb4f13856b944d899e6d9f97053eaf33 bb4f13856b944d899e6d9f97053eaf33] Notify callbacks ['neutron.services.l3_router.service_providers.driver_controller.DriverController._check_router_request-28532', 'neutron.services.l3_router.l3_router_plugin.L3RouterPlugin._before_router_create-1582936'] for router, before_create _notify_loop /usr/lib/python2.7/site-packages/neutron_lib/callbacks/manager.py:167
2018-06-26 08:01:27.254 15087 DEBUG neutron_lib.callbacks.manager [req-67250ba2-a023-46e9-b4b9-74a49422a893 09ea151a2fc1439ea9a259197e574c6a 34774378ad004c7dba1f11c76830121e - bb4f13856b944d899e6d9f97053eaf33 bb4f13856b944d899e6d9f97053eaf33] Notify callbacks ['neutron.services.l3_router.l3_router_plugin.L3RouterPlugin._set_distributed_flag--9223372036853197689', 'neutron.services.l3_router.service_providers.driver_controller.DriverController._set_router_provider--9223372036854747267', 'neutron.services.l3_router.l3_router_plugin.L3RouterPlugin._process_az_request-1591384', 'neutron.services.l3_router.l3_router_plugin.L3RouterPlugin._precommit_router_create--9223372036853192880'] for router, precommit_create _notify_loop /usr/lib/python2.7/site-packages/neutron_lib/callbacks/manager.py:167
2018-06-26 08:01:27.345 15087 DEBUG neutron_lib.callbacks.manager [req-67250ba2-a023-46e9-b4b9-74a49422a893 09ea151a2fc1439ea9a259197e574c6a 34774378ad004c7dba1f11c76830121e - bb4f13856b944d899e6d9f97053eaf33 bb4f13856b944d899e6d9f97053eaf33] Notify callbacks ['neutron.services.l3_router.l3_router_plugin.L3RouterPlugin._create_snat_interfaces_after_change--9223372036853197595', 'neutron.services.l3_router.l3_router_plugin.L3RouterPlugin._after_router_create-1582923'] for router, after_create _notify_loop /usr/lib/python2.7/site-packages/neutron_lib/callbacks/manager.py:167
2018-06-26 08:01:27.390 15087 DEBUG neutron.quota.resource [req-67250ba2-a023-46e9-b4b9-74a49422a893 09ea151a2fc1439ea9a259197e574c6a 34774378ad004c7dba1f11c76830121e - bb4f13856b944d899e6d9f97053eaf33 bb4f13856b944d899e6d9f97053eaf33] Persisted dirty status for tenant:34774378ad004c7dba1f11c76830121e on resource:router mark_dirty /usr/lib/python2.7/site-packages/neutron/quota/resource.py:207
2018-06-26 08:01:27.401 15087 DEBUG neutron_lib.callbacks.manager [req-67250ba2-a023-46e9-b4b9-74a49422a893 09ea151a2fc1439ea9a259197e574c6a 34774378ad004c7dba1f11c76830121e - bb4f13856b944d899e6d9f97053eaf33 bb4f13856b944d899e6d9f97053eaf33] Notify callbacks [] for router, before_response _notify_loop /usr/lib/python2.7/site-packages/neutron_lib/callbacks/manager.py:167
2018-06-26 08:01:27.404 15087 INFO neutron.wsgi [req-67250ba2-a023-46e9-b4b9-74a49422a893 09ea151a2fc1439ea9a259197e574c6a 34774378ad004c7dba1f11c76830121e - bb4f13856b944d899e6d9f97053eaf33 bb4f13856b944d899e6d9f97053eaf33] 10.0.20.25 "POST /v2.0/routers HTTP/1.1" status: 201  len: 727 time: 0.5779381
2018-06-26 08:01:32.494 15095 DEBUG neutron_lib.callbacks.manager [req-7172af6f-7bcc-4e28-9720-c4f52dd5bd97 - - - - -] Notify callbacks ['neutron.services.segments.db._update_segment_host_mapping_for_agent-8766362604850'] for agent, after_update _notify_loop /usr/lib/python2.7/site-packages/neutron_lib/callbacks/manager.py:167
2018-06-26 08:01:32.495 15093 DEBUG neutron_lib.callbacks.manager [req-48e559f6-c95e-4cc2-8e75-48b2ab32607e - - - - -] Notify callbacks ['neutron.services.segments.db._update_segment_host_mapping_for_agent-8766362604850'] for agent, after_update _notify_loop /usr/lib/python2.7/site-packages/neutron_lib/callbacks/manager.py:167
2018-06-26 08:01:32.746 15100 DEBUG neutron_lib.callbacks.manager [req-c5a0a785-bca2-4a2c-a46b-cce154b8fe95 - - - - -] Notify callbacks ['neutron.services.segments.db._update_segment_host_mapping_for_agent-8766362604850'] for agent, after_update _notify_loop /usr/lib/python2.7/site-packages/neutron_lib/callbacks/manager.py:167
2018-06-26 08:01:33.145 15101 DEBUG neutron_lib.callbacks.manager [req-bc704c7f-7a80-41fd-b619-e76db495519d - - - - -] Notify callbacks ['neutron.services.segments.db._update_segment_host_mapping_for_agent-8766362604850'] for agent, after_update _notify_loop /usr/lib/python2.7/site-packages/neutron_lib/callbacks/manager.py:167
2018-06-26 08:01:35.137 15099 DEBUG neutron_lib.callbacks.manager [req-88286831-dc65-4067-88db-d4e0d84f98f9 - - - - -] Notify callbacks ['neutron.services.segments.db._update_segment_host_mapping_for_agent-8766362604850'] for agent, after_update _notify_loop /usr/lib/python2.7/site-packages/neutron_lib/callbacks/manager.py:167
2018-06-26 08:01:35.821 15087 DEBUG neutron.wsgi [-] (15087) accepted ('10.0.20.25', 43486) server /usr/lib/python2.7/site-packages/eventlet/wsgi.py:883
2018-06-26 08:01:35.826 15087 INFO neutron.wsgi [-] 10.0.20.25 "GET / HTTP/1.1" status: 200  len: 252 time: 0.0027878
2018-06-26 08:01:36.538 15087 INFO neutron.api.v2.resource [req-27e315aa-8393-464d-ba4e-dc23fb0ef761 09ea151a2fc1439ea9a259197e574c6a 34774378ad004c7dba1f11c76830121e - bb4f13856b944d899e6d9f97053eaf33 bb4f13856b944d899e6d9f97053eaf33] show failed (client error): The resource could not be found.
2018-06-26 08:01:36.541 15087 INFO neutron.wsgi [req-27e315aa-8393-464d-ba4e-dc23fb0ef761 09ea151a2fc1439ea9a259197e574c6a 34774378ad004c7dba1f11c76830121e - bb4f13856b944d899e6d9f97053eaf33 bb4f13856b944d899e6d9f97053eaf33] 10.0.20.25 "GET /v2.0/routers/tempest-router-1529992695 HTTP/1.1" status: 404  len: 334 time: 0.7077880
2018-06-26 08:01:36.786 15087 DEBUG neutron.quota.resource [req-e20823be-357b-4300-86a0-aa6e262c8aad 09ea151a2fc1439ea9a259197e574c6a 34774378ad004c7dba1f11c76830121e - bb4f13856b944d899e6d9f97053eaf33 bb4f13856b944d899e6d9f97053eaf33] Synchronizing usage tracker for tenant:34774378ad004c7dba1f11c76830121e on resource:router resync /usr/lib/python2.7/site-packages/neutron/quota/resource.py:245
2018-06-26 08:01:36.851 15087 DEBUG neutron.quota.resource [req-e20823be-357b-4300-86a0-aa6e262c8aad 09ea151a2fc1439ea9a259197e574c6a 34774378ad004c7dba1f11c76830121e - bb4f13856b944d899e6d9f97053eaf33 bb4f13856b944d899e6d9f97053eaf33] Unset dirty status for tenant:34774378ad004c7dba1f11c76830121e on resource:router _resync /usr/lib/python2.7/site-packages/neutron/quota/resource.py:237
2018-06-26 08:01:36.854 15087 INFO neutron.wsgi [req-e20823be-357b-4300-86a0-aa6e262c8aad 09ea151a2fc1439ea9a259197e574c6a 34774378ad004c7dba1f11c76830121e - bb4f13856b944d899e6d9f97053eaf33 bb4f13856b944d899e6d9f97053eaf33] 10.0.20.25 "GET /v2.0/routers HTTP/1.1" status: 200  len: 1406 time: 0.3062952
2018-06-26 08:01:47.331 15092 DEBUG neutron.wsgi [-] (15092) accepted ('10.0.20.25', 43498) server /usr/lib/python2.7/site-packages/eventlet/wsgi.py:883
2018-06-26 08:01:47.337 15092 INFO neutron.wsgi [-] 10.0.20.25 "GET / HTTP/1.1" status: 200  len: 252 time: 0.0038812
2018-06-26 08:01:47.952 15092 INFO neutron.pecan_wsgi.hooks.translation [req-55c3a524-3bde-4553-9b05-3e406989c717 09ea151a2fc1439ea9a259197e574c6a 34774378ad004c7dba1f11c76830121e - bb4f13856b944d899e6d9f97053eaf33 bb4f13856b944d899e6d9f97053eaf33] GET failed (client error): The resource could not be found.
2018-06-26 08:01:47.955 15092 INFO neutron.wsgi [req-55c3a524-3bde-4553-9b05-3e406989c717 09ea151a2fc1439ea9a259197e574c6a 34774378ad004c7dba1f11c76830121e - bb4f13856b944d899e6d9f97053eaf33 bb4f13856b944d899e6d9f97053eaf33] 10.0.20.25 "GET /v2.0/subnets/tempest-private-subnet-1529992695 HTTP/1.1" status: 404  len: 339 time: 0.6123240
2018-06-26 08:01:48.139 15092 DEBUG neutron.pecan_wsgi.hooks.policy_enforcement [req-54ae3101-e5b7-4f8c-9792-7c2af955a388 09ea151a2fc1439ea9a259197e574c6a 34774378ad004c7dba1f11c76830121e - bb4f13856b944d899e6d9f97053eaf33 bb4f13856b944d899e6d9f97053eaf33] Attributes excluded by policy engine: [u'shared'] _exclude_attributes_by_policy /usr/lib/python2.7/site-packages/neutron/pecan_wsgi/hooks/policy_enforcement.py:256
2018-06-26 08:01:48.140 15092 DEBUG neutron.pecan_wsgi.hooks.policy_enforcement [req-54ae3101-e5b7-4f8c-9792-7c2af955a388 09ea151a2fc1439ea9a259197e574c6a 34774378ad004c7dba1f11c76830121e - bb4f13856b944d899e6d9f97053eaf33 bb4f13856b944d899e6d9f97053eaf33] Attributes excluded by policy engine: [u'shared'] _exclude_attributes_by_policy /usr/lib/python2.7/site-packages/neutron/pecan_wsgi/hooks/policy_enforcement.py:256
2018-06-26 08:01:48.141 15092 DEBUG neutron.pecan_wsgi.hooks.policy_enforcement [req-54ae3101-e5b7-4f8c-9792-7c2af955a388 09ea151a2fc1439ea9a259197e574c6a 34774378ad004c7dba1f11c76830121e - bb4f13856b944d899e6d9f97053eaf33 bb4f13856b944d899e6d9f97053eaf33] Attributes excluded by policy engine: [u'shared'] _exclude_attributes_by_policy /usr/lib/python2.7/site-packages/neutron/pecan_wsgi/hooks/policy_enforcement.py:256
2018-06-26 08:01:48.144 15092 INFO neutron.wsgi [req-54ae3101-e5b7-4f8c-9792-7c2af955a388 09ea151a2fc1439ea9a259197e574c6a 34774378ad004c7dba1f11c76830121e - bb4f13856b944d899e6d9f97053eaf33 bb4f13856b944d899e6d9f97053eaf33] 10.0.20.25 "GET /v2.0/subnets HTTP/1.1" status: 200  len: 2050 time: 0.1818910
2018-06-26 08:01:48.351 15092 INFO neutron.api.v2.resource [req-35d32ff0-5d3f-4893-a3c9-adbc59cd8d94 09ea151a2fc1439ea9a259197e574c6a 34774378ad004c7dba1f11c76830121e - bb4f13856b944d899e6d9f97053eaf33 bb4f13856b944d899e6d9f97053eaf33] show failed (client error): The resource could not be found.
2018-06-26 08:01:48.353 15092 INFO neutron.wsgi [req-35d32ff0-5d3f-4893-a3c9-adbc59cd8d94 09ea151a2fc1439ea9a259197e574c6a 34774378ad004c7dba1f11c76830121e - bb4f13856b944d899e6d9f97053eaf33 bb4f13856b944d899e6d9f97053eaf33] 10.0.20.25 "GET /v2.0/routers/tempest-router-1529992695 HTTP/1.1" status: 404  len: 334 time: 0.1969590
2018-06-26 08:01:48.610 15092 INFO neutron.wsgi [req-5b20415d-fd6e-4db3-816c-73a525cf31c6 09ea151a2fc1439ea9a259197e574c6a 34774378ad004c7dba1f11c76830121e - bb4f13856b944d899e6d9f97053eaf33 bb4f13856b944d899e6d9f97053eaf33] 10.0.20.25 "GET /v2.0/routers HTTP/1.1" status: 200  len: 1406 time: 0.2496779
2018-06-26 08:01:49.484 15092 DEBUG neutron_lib.callbacks.manager [req-96b49873-790d-41c9-85c0-82983b0e9319 09ea151a2fc1439ea9a259197e574c6a 34774378ad004c7dba1f11c76830121e - bb4f13856b944d899e6d9f97053eaf33 bb4f13856b944d899e6d9f97053eaf33] Notify callbacks ['neutron.plugins.ml2.plugin.Ml2Plugin._ensure_default_security_group_handler--9223372036854067360'] for port, before_create _notify_loop /usr/lib/python2.7/site-packages/neutron_lib/callbacks/manager.py:167
2018-06-26 08:01:50.287 15092 DEBUG neutron.db.db_base_plugin_common [req-96b49873-790d-41c9-85c0-82983b0e9319 09ea151a2fc1439ea9a259197e574c6a 34774378ad004c7dba1f11c76830121e - bb4f13856b944d899e6d9f97053eaf33 bb4f13856b944d899e6d9f97053eaf33] Allocated IP 11.61.1.1 (6a5f13d0-0dfa-48b8-8f45-4d8e422add22/194ea9c2-00fd-418e-9c95-681b9f804ab2/84b9e468-b50a-4712-9825-80acc17430ea) _store_ip_allocation /usr/lib/python2.7/site-packages/neutron/db/db_base_plugin_common.py:122
2018-06-26 08:01:51.026 15092 DEBUG neutron_lib.callbacks.manager [req-96b49873-790d-41c9-85c0-82983b0e9319 09ea151a2fc1439ea9a259197e574c6a 34774378ad004c7dba1f11c76830121e - bb4f13856b944d899e6d9f97053eaf33 bb4f13856b944d899e6d9f97053eaf33] Notify callbacks [] for port, precommit_create _notify_loop /usr/lib/python2.7/site-packages/neutron_lib/callbacks/manager.py:167
2018-06-26 08:01:51.079 15092 DEBUG neutron.db.provisioning_blocks [req-96b49873-790d-41c9-85c0-82983b0e9319 09ea151a2fc1439ea9a259197e574c6a 34774378ad004c7dba1f11c76830121e - bb4f13856b944d899e6d9f97053eaf33 bb4f13856b944d899e6d9f97053eaf33] Transition to ACTIVE for port object 84b9e468-b50a-4712-9825-80acc17430ea will not be triggered until provisioned by entity DHCP. add_provisioning_component /usr/lib/python2.7/site-packages/neutron/db/provisioning_blocks.py:73
2018-06-26 08:01:51.170 15092 DEBUG neutron_lib.callbacks.manager [req-96b49873-790d-41c9-85c0-82983b0e9319 09ea151a2fc1439ea9a259197e574c6a 34774378ad004c7dba1f11c76830121e - bb4f13856b944d899e6d9f97053eaf33 bb4f13856b944d899e6d9f97053eaf33] Notify callbacks ['neutron.db.l3_dvrscheduler_db._notify_l3_agent_new_port--9223363270492532062', 'neutron.plugins.ml2.plugin.Ml2Plugin.notify_sg_on_port_change-708573', 'neutron.plugins.ml2.ovo_rpc._ObjectChangeHandler.handle_event-1686822', 'neutron.api.rpc.agentnotifiers.dhcp_rpc_agent_api.DhcpAgentNotifyAPI._native_event_send_dhcp_notification-1727007'] for port, after_create _notify_loop /usr/lib/python2.7/site-packages/neutron_lib/callbacks/manager.py:167
2018-06-26 08:01:51.171 15092 DEBUG neutron.db.l3_dvrscheduler_db [req-96b49873-790d-41c9-85c0-82983b0e9319 09ea151a2fc1439ea9a259197e574c6a 34774378ad004c7dba1f11c76830121e - bb4f13856b944d899e6d9f97053eaf33 bb4f13856b944d899e6d9f97053eaf33] Received port after_create _notify_l3_agent_new_port /usr/lib/python2.7/site-packages/neutron/db/l3_dvrscheduler_db.py:392
2018-06-26 08:01:51.200 15092 DEBUG oslo_concurrency.lockutils [-] Lock "event-dispatch" acquired by "neutron.plugins.ml2.ovo_rpc.dispatch_events" :: waited 0.000s inner /usr/lib/python2.7/site-packages/oslo_concurrency/lockutils.py:270
2018-06-26 08:01:51.501 15092 DEBUG neutron.api.rpc.handlers.resources_rpc [req-96b49873-790d-41c9-85c0-82983b0e9319 09ea151a2fc1439ea9a259197e574c6a 34774378ad004c7dba1f11c76830121e - - -] neutron.api.rpc.handlers.resources_rpc.ResourcesPushRpcApi method push called with arguments (<neutron_lib.context.Context object at 0x7f913daba650>, [Port(admin_state_up=True,allowed_address_pairs=[],binding=PortBinding,binding_levels=[],created_at=2018-06-26T06:01:49Z,data_plane_status=<?>,description='',device_id='c3155f19-48a0-4e89-a55d-c94570de1fbc',device_owner='network:router_interface',dhcp_options=[],distributed_binding=None,dns=None,fixed_ips=[IPAllocation],id=84b9e468-b50a-4712-9825-80acc17430ea,mac_address=fa:16:3e:2d:f8:15,name='',network_id=6a5f13d0-0dfa-48b8-8f45-4d8e422add22,project_id='34774378ad004c7dba1f11c76830121e',qos_policy_id=None,revision_number=3,security=PortSecurity(84b9e468-b50a-4712-9825-80acc17430ea),security_group_ids=set([]),status='DOWN',updated_at=2018-06-26T06:01:50Z)], 'updated') {} wrapper /usr/lib/python2.7/site-packages/oslo_log/helpers.py:66
2018-06-26 08:01:51.551 15092 DEBUG neutron.api.rpc.callbacks.version_manager [req-96b49873-790d-41c9-85c0-82983b0e9319 09ea151a2fc1439ea9a259197e574c6a 34774378ad004c7dba1f11c76830121e - - -] Version for resource type Subnet changed None to 1.0 on consumer Open vSwitch agent@localhost.localdomain _set_version /usr/lib/python2.7/site-packages/neutron/api/rpc/callbacks/version_manager.py:119
2018-06-26 08:01:51.552 15092 DEBUG neutron.api.rpc.callbacks.version_manager [req-96b49873-790d-41c9-85c0-82983b0e9319 09ea151a2fc1439ea9a259197e574c6a 34774378ad004c7dba1f11c76830121e - - -] Version for resource type Network changed None to 1.0 on consumer Open vSwitch agent@localhost.localdomain _set_version /usr/lib/python2.7/site-packages/neutron/api/rpc/callbacks/version_manager.py:119
2018-06-26 08:01:51.553 15092 DEBUG neutron.api.rpc.callbacks.version_manager [req-96b49873-790d-41c9-85c0-82983b0e9319 09ea151a2fc1439ea9a259197e574c6a 34774378ad004c7dba1f11c76830121e - - -] Version for resource type SubPort changed None to 1.0 on consumer Open vSwitch agent@localhost.localdomain _set_version /usr/lib/python2.7/site-packages/neutron/api/rpc/callbacks/version_manager.py:119
2018-06-26 08:01:51.554 15092 DEBUG neutron.api.rpc.callbacks.version_manager [req-96b49873-790d-41c9-85c0-82983b0e9319 09ea151a2fc1439ea9a259197e574c6a 34774378ad004c7dba1f11c76830121e - - -] Version for resource type SecurityGroup changed None to 1.0 on consumer Open vSwitch agent@localhost.localdomain _set_version /usr/lib/python2.7/site-packages/neutron/api/rpc/callbacks/version_manager.py:119
2018-06-26 08:01:51.555 15092 DEBUG neutron.api.rpc.callbacks.version_manager [req-96b49873-790d-41c9-85c0-82983b0e9319 09ea151a2fc1439ea9a259197e574c6a 34774378ad004c7dba1f11c76830121e - - -] Version for resource type SecurityGroupRule changed None to 1.0 on consumer Open vSwitch agent@localhost.localdomain _set_version /usr/lib/python2.7/site-packages/neutron/api/rpc/callbacks/version_manager.py:119
2018-06-26 08:01:51.556 15092 DEBUG neutron.api.rpc.callbacks.version_manager [req-96b49873-790d-41c9-85c0-82983b0e9319 09ea151a2fc1439ea9a259197e574c6a 34774378ad004c7dba1f11c76830121e - - -] Version for resource type Trunk changed None to 1.1 on consumer Open vSwitch agent@localhost.localdomain _set_version /usr/lib/python2.7/site-packages/neutron/api/rpc/callbacks/version_manager.py:119
2018-06-26 08:01:51.557 15092 DEBUG neutron.api.rpc.callbacks.version_manager [req-96b49873-790d-41c9-85c0-82983b0e9319 09ea151a2fc1439ea9a259197e574c6a 34774378ad004c7dba1f11c76830121e - - -] Version for resource type QosPolicy changed None to 1.6 on consumer Open vSwitch agent@localhost.localdomain _set_version /usr/lib/python2.7/site-packages/neutron/api/rpc/callbacks/version_manager.py:119
2018-06-26 08:01:51.558 15092 DEBUG neutron.api.rpc.callbacks.version_manager [req-96b49873-790d-41c9-85c0-82983b0e9319 09ea151a2fc1439ea9a259197e574c6a 34774378ad004c7dba1f11c76830121e - - -] Version for resource type Port changed None to 1.1 on consumer Open vSwitch agent@localhost.localdomain _set_version /usr/lib/python2.7/site-packages/neutron/api/rpc/callbacks/version_manager.py:119
2018-06-26 08:01:51.559 15092 DEBUG neutron.api.rpc.callbacks.version_manager [req-96b49873-790d-41c9-85c0-82983b0e9319 09ea151a2fc1439ea9a259197e574c6a 34774378ad004c7dba1f11c76830121e - - -] Version for resource type Log changed None to 1.0 on consumer Open vSwitch agent@localhost.localdomain _set_version /usr/lib/python2.7/site-packages/neutron/api/rpc/callbacks/version_manager.py:119
2018-06-26 08:01:51.593 15092 DEBUG oslo_concurrency.lockutils [req-96b49873-790d-41c9-85c0-82983b0e9319 09ea151a2fc1439ea9a259197e574c6a 34774378ad004c7dba1f11c76830121e - - -] Lock "event-dispatch" released by "neutron.plugins.ml2.ovo_rpc.dispatch_events" :: held 0.392s inner /usr/lib/python2.7/site-packages/oslo_concurrency/lockutils.py:282
2018-06-26 08:01:51.608 15092 DEBUG neutron.scheduler.dhcp_agent_scheduler [req-96b49873-790d-41c9-85c0-82983b0e9319 09ea151a2fc1439ea9a259197e574c6a 34774378ad004c7dba1f11c76830121e - bb4f13856b944d899e6d9f97053eaf33 bb4f13856b944d899e6d9f97053eaf33] Network 6a5f13d0-0dfa-48b8-8f45-4d8e422add22 is already hosted by enough agents. _get_dhcp_agents_hosting_network /usr/lib/python2.7/site-packages/neutron/scheduler/dhcp_agent_scheduler.py:243
2018-06-26 08:01:51.640 15092 DEBUG neutron_lib.callbacks.manager [req-96b49873-790d-41c9-85c0-82983b0e9319 09ea151a2fc1439ea9a259197e574c6a 34774378ad004c7dba1f11c76830121e - bb4f13856b944d899e6d9f97053eaf33 bb4f13856b944d899e6d9f97053eaf33] Notify callbacks ['neutron.services.l3_router.l3_router_plugin.L3RouterPlugin._add_csnat_on_interface_create--9223372036853198308'] for router_interface, before_create _notify_loop /usr/lib/python2.7/site-packages/neutron_lib/callbacks/manager.py:167
2018-06-26 08:01:51.882 15099 DEBUG neutron.db.provisioning_blocks [req-a0bfeabd-eef2-4a2a-a4a3-7b02a7049acf - - - - -] Provisioning for port 84b9e468-b50a-4712-9825-80acc17430ea completed by entity DHCP. provisioning_complete /usr/lib/python2.7/site-packages/neutron/db/provisioning_blocks.py:132
2018-06-26 08:01:51.904 15099 DEBUG neutron.db.provisioning_blocks [req-a0bfeabd-eef2-4a2a-a4a3-7b02a7049acf - - - - -] Provisioning complete for port 84b9e468-b50a-4712-9825-80acc17430ea triggered by entity DHCP. provisioning_complete /usr/lib/python2.7/site-packages/neutron/db/provisioning_blocks.py:138
2018-06-26 08:01:51.905 15099 DEBUG neutron_lib.callbacks.manager [req-a0bfeabd-eef2-4a2a-a4a3-7b02a7049acf - - - - -] Notify callbacks ['neutron.plugins.ml2.plugin.Ml2Plugin._port_provisioned-1425836'] for port, provisioning_complete _notify_loop /usr/lib/python2.7/site-packages/neutron_lib/callbacks/manager.py:167
2018-06-26 08:01:51.951 15092 DEBUG neutron_lib.callbacks.manager [req-96b49873-790d-41c9-85c0-82983b0e9319 09ea151a2fc1439ea9a259197e574c6a 34774378ad004c7dba1f11c76830121e - bb4f13856b944d899e6d9f97053eaf33 bb4f13856b944d899e6d9f97053eaf33] Notify callbacks ['neutron.plugins.ml2.plugin.Ml2Plugin._ensure_default_security_group_handler--9223372036854067360'] for port, before_update _notify_loop /usr/lib/python2.7/site-packages/neutron_lib/callbacks/manager.py:167
2018-06-26 08:01:52.008 15099 DEBUG neutron.plugins.ml2.plugin [req-a0bfeabd-eef2-4a2a-a4a3-7b02a7049acf - - - - -] Port 84b9e468-b50a-4712-9825-80acc17430ea cannot update to ACTIVE because it is not bound. _port_provisioned /usr/lib/python2.7/site-packages/neutron/plugins/ml2/plugin.py:244
2018-06-26 08:01:52.525 15092 DEBUG neutron_lib.callbacks.manager [req-96b49873-790d-41c9-85c0-82983b0e9319 09ea151a2fc1439ea9a259197e574c6a 34774378ad004c7dba1f11c76830121e - bb4f13856b944d899e6d9f97053eaf33 bb4f13856b944d899e6d9f97053eaf33] Notify callbacks [] for port, precommit_update _notify_loop /usr/lib/python2.7/site-packages/neutron_lib/callbacks/manager.py:167
2018-06-26 08:01:52.550 15092 DEBUG neutron_lib.callbacks.manager [req-96b49873-790d-41c9-85c0-82983b0e9319 09ea151a2fc1439ea9a259197e574c6a 34774378ad004c7dba1f11c76830121e - bb4f13856b944d899e6d9f97053eaf33 bb4f13856b944d899e6d9f97053eaf33] Notify callbacks ['neutron.db.l3_dvrscheduler_db._notify_l3_agent_port_update--9223363270492532047', 'neutron.plugins.ml2.plugin.Ml2Plugin.notify_sg_on_port_change-708573', 'neutron.plugins.ml2.ovo_rpc._ObjectChangeHandler.handle_event-1686822', 'neutron.db.l3_hascheduler_db._notify_l3_agent_ha_port_update-8766362243845', 'neutron.api.rpc.agentnotifiers.dhcp_rpc_agent_api.DhcpAgentNotifyAPI._native_event_send_dhcp_notification-1727007'] for port, after_update _notify_loop /usr/lib/python2.7/site-packages/neutron_lib/callbacks/manager.py:167
2018-06-26 08:01:52.553 15092 DEBUG neutron_lib.callbacks.manager [req-96b49873-790d-41c9-85c0-82983b0e9319 09ea151a2fc1439ea9a259197e574c6a 34774378ad004c7dba1f11c76830121e - bb4f13856b944d899e6d9f97053eaf33 bb4f13856b944d899e6d9f97053eaf33] Notify callbacks ['neutron.services.l3_router.l3_router_plugin.L3RouterPlugin._update_snat_v6_addrs_after_intf_update-1577594', 'neutron.api.rpc.agentnotifiers.dhcp_rpc_agent_api.DhcpAgentNotifyAPI._after_router_interface_created-1727022'] for router_interface, after_create _notify_loop /usr/lib/python2.7/site-packages/neutron_lib/callbacks/manager.py:167
2018-06-26 08:01:52.599 15092 DEBUG oslo_concurrency.lockutils [-] Lock "event-dispatch" acquired by "neutron.plugins.ml2.ovo_rpc.dispatch_events" :: waited 0.000s inner /usr/lib/python2.7/site-packages/oslo_concurrency/lockutils.py:270
2018-06-26 08:01:52.914 15092 DEBUG neutron.api.rpc.handlers.resources_rpc [req-96b49873-790d-41c9-85c0-82983b0e9319 09ea151a2fc1439ea9a259197e574c6a 34774378ad004c7dba1f11c76830121e - - -] neutron.api.rpc.handlers.resources_rpc.ResourcesPushRpcApi method push called with arguments (<neutron_lib.context.Context object at 0x7f913de34d50>, [Port(admin_state_up=True,allowed_address_pairs=[],binding=PortBinding,binding_levels=[],created_at=2018-06-26T06:01:49Z,data_plane_status=<?>,description='',device_id='c3155f19-48a0-4e89-a55d-c94570de1fbc',device_owner='network:router_interface',dhcp_options=[],distributed_binding=None,dns=None,fixed_ips=[IPAllocation],id=84b9e468-b50a-4712-9825-80acc17430ea,mac_address=fa:16:3e:2d:f8:15,name='',network_id=6a5f13d0-0dfa-48b8-8f45-4d8e422add22,project_id='34774378ad004c7dba1f11c76830121e',qos_policy_id=None,revision_number=4,security=PortSecurity(84b9e468-b50a-4712-9825-80acc17430ea),security_group_ids=set([]),status='DOWN',updated_at=2018-06-26T06:01:52Z)], 'updated') {} wrapper /usr/lib/python2.7/site-packages/oslo_log/helpers.py:66
2018-06-26 08:01:52.965 15092 DEBUG oslo_concurrency.lockutils [req-96b49873-790d-41c9-85c0-82983b0e9319 09ea151a2fc1439ea9a259197e574c6a 34774378ad004c7dba1f11c76830121e - - -] Lock "event-dispatch" released by "neutron.plugins.ml2.ovo_rpc.dispatch_events" :: held 0.367s inner /usr/lib/python2.7/site-packages/oslo_concurrency/lockutils.py:282
2018-06-26 08:01:53.047 15092 DEBUG neutron.scheduler.dhcp_agent_scheduler [req-96b49873-790d-41c9-85c0-82983b0e9319 09ea151a2fc1439ea9a259197e574c6a 34774378ad004c7dba1f11c76830121e - bb4f13856b944d899e6d9f97053eaf33 bb4f13856b944d899e6d9f97053eaf33] Network 6a5f13d0-0dfa-48b8-8f45-4d8e422add22 is already hosted by enough agents. _get_dhcp_agents_hosting_network /usr/lib/python2.7/site-packages/neutron/scheduler/dhcp_agent_scheduler.py:243
2018-06-26 08:01:53.197 15097 DEBUG neutron.db.provisioning_blocks [req-acf89f37-f04c-4e49-beed-f9d9b1feba6f - - - - -] Provisioning complete for port 84b9e468-b50a-4712-9825-80acc17430ea triggered by entity DHCP. provisioning_complete /usr/lib/python2.7/site-packages/neutron/db/provisioning_blocks.py:138
2018-06-26 08:01:53.198 15097 DEBUG neutron_lib.callbacks.manager [req-acf89f37-f04c-4e49-beed-f9d9b1feba6f - - - - -] Notify callbacks ['neutron.plugins.ml2.plugin.Ml2Plugin._port_provisioned-1425836'] for port, provisioning_complete _notify_loop /usr/lib/python2.7/site-packages/neutron_lib/callbacks/manager.py:167
2018-06-26 08:01:53.287 15092 DEBUG neutron.scheduler.l3_agent_scheduler [req-96b49873-790d-41c9-85c0-82983b0e9319 09ea151a2fc1439ea9a259197e574c6a 34774378ad004c7dba1f11c76830121e - bb4f13856b944d899e6d9f97053eaf33 bb4f13856b944d899e6d9f97053eaf33] Router c3155f19-48a0-4e89-a55d-c94570de1fbc is scheduled to L3 agent 9de63611-f1b0-4194-a76c-11d015d282db with binding_index 1 bind_router /usr/lib/python2.7/site-packages/neutron/scheduler/l3_agent_scheduler.py:225
2018-06-26 08:01:53.303 15097 DEBUG neutron.plugins.ml2.plugin [req-acf89f37-f04c-4e49-beed-f9d9b1feba6f - - - - -] Port 84b9e468-b50a-4712-9825-80acc17430ea cannot update to ACTIVE because it is not bound. _port_provisioned /usr/lib/python2.7/site-packages/neutron/plugins/ml2/plugin.py:244
2018-06-26 08:01:53.527 15092 DEBUG neutron.api.rpc.agentnotifiers.l3_rpc_agent_api [req-96b49873-790d-41c9-85c0-82983b0e9319 09ea151a2fc1439ea9a259197e574c6a 34774378ad004c7dba1f11c76830121e - bb4f13856b944d899e6d9f97053eaf33 bb4f13856b944d899e6d9f97053eaf33] Notify agent at l3_agent.localhost.localdomain the message routers_updated _agent_notification /usr/lib/python2.7/site-packages/neutron/api/rpc/agentnotifiers/l3_rpc_agent_api.py:69
2018-06-26 08:01:53.585 15092 DEBUG neutron.quota.resource [req-96b49873-790d-41c9-85c0-82983b0e9319 09ea151a2fc1439ea9a259197e574c6a 34774378ad004c7dba1f11c76830121e - bb4f13856b944d899e6d9f97053eaf33 bb4f13856b944d899e6d9f97053eaf33] Persisted dirty status for tenant:34774378ad004c7dba1f11c76830121e on resource:port mark_dirty /usr/lib/python2.7/site-packages/neutron/quota/resource.py:207
2018-06-26 08:01:53.589 15092 INFO neutron.wsgi [req-96b49873-790d-41c9-85c0-82983b0e9319 09ea151a2fc1439ea9a259197e574c6a 34774378ad004c7dba1f11c76830121e - bb4f13856b944d899e6d9f97053eaf33 bb4f13856b944d899e6d9f97053eaf33] 10.0.20.25 "PUT /v2.0/routers/c3155f19-48a0-4e89-a55d-c94570de1fbc/add_router_interface HTTP/1.1" status: 200  len: 508 time: 4.9681408
2018-06-26 08:01:53.595 15100 DEBUG neutron.db.l3_hamode_db [req-b0caf481-ca19-42e8-b519-460456d11ab5 - - - - -] neutron.services.l3_router.l3_router_plugin.L3RouterPlugin method get_ha_sync_data_for_host called with arguments (<neutron_lib.context.Context object at 0x7f913e1a2390>, u'localhost.localdomain', <neutron.db.models.agent.Agent[object at 7f913dddc0d0] {id=u'9de63611-f1b0-4194-a76c-11d015d282db', agent_type=u'L3 agent', binary=u'neutron-l3-agent', topic=u'l3_agent', host=u'localhost.localdomain', availability_zone=u'nova', admin_state_up=True, created_at=datetime.datetime(2018, 6, 7, 12, 43, 41), started_at=datetime.datetime(2018, 6, 26, 5, 51, 33), heartbeat_timestamp=datetime.datetime(2018, 6, 26, 6, 1, 33), description=None, configurations=u'{"agent_mode": "legacy", "gateway_external_network_id": "", "handle_internal_only_routers": true, "routers": 1, "interfaces": 1, "floating_ips": 0, "interface_driver": "neutron.agent.linux.interface.OVSInterfaceDriver", "log_agent_heartbeats": false, "external_network_bridge": "", "ex_gw_ports": 1}', resource_versions=None, load=0}>) {'active': True, 'router_ids': ['c3155f19-48a0-4e89-a55d-c94570de1fbc']} wrapper /usr/lib/python2.7/site-packages/oslo_log/helpers.py:66
2018-06-26 08:01:54.361 15100 DEBUG neutron.db.l3_hamode_db [req-b0caf481-ca19-42e8-b519-460456d11ab5 - - - - -] neutron.services.l3_router.l3_router_plugin.L3RouterPlugin method _process_sync_ha_data called with arguments (<neutron_lib.context.Context object at 0x7f913e1a2390>, [{'status': u'ACTIVE', '_interfaces': [{'status': u'DOWN', 'subnets': [{'dns_nameservers': [u'8.8.4.4'], 'ipv6_ra_mode': None, 'gateway_ip': u'11.61.1.1', 'cidr': u'11.61.1.0/24', 'id': u'194ea9c2-00fd-418e-9c95-681b9f804ab2', 'subnetpool_id': None}], 'binding:host_id': u'', 'description': u'', 'allowed_address_pairs': [], 'tags': [], 'extra_dhcp_opts': [], 'updated_at': '2018-06-26T06:01:52Z', 'device_owner': u'network:router_interface', 'revision_number': 4, 'port_security_enabled': False, 'binding:profile': {}, 'mtu': 1450, 'fixed_ips': [{'subnet_id': u'194ea9c2-00fd-418e-9c95-681b9f804ab2', 'prefixlen': 24, 'ip_address': u'11.61.1.1'}], 'id': u'84b9e468-b50a-4712-9825-80acc17430ea', 'security_groups': [], 'device_id': u'c3155f19-48a0-4e89-a55d-c94570de1fbc', 'name': u'', 'admin_state_up': True, 'network_id': u'6a5f13d0-0dfa-48b8-8f45-4d8e422add22', 'tenant_id': u'34774378ad004c7dba1f11c76830121e', 'binding:vif_details': {}, 'address_scopes': {4: None, 6: None}, 'binding:vnic_type': u'normal', 'binding:vif_type': u'unbound', 'mac_address': u'fa:16:3e:2d:f8:15', 'project_id': u'34774378ad004c7dba1f11c76830121e', 'extra_subnets': [], 'created_at': '2018-06-26T06:01:49Z'}], 'ha_vr_id': 0, 'description': u'', 'tags': [], 'updated_at': '2018-06-26T06:01:51Z', 'revision_number': 2, 'ha': False, 'id': u'c3155f19-48a0-4e89-a55d-c94570de1fbc', 'external_gateway_info': None, 'availability_zone_hints': [], 'availability_zones': [u'nova'], 'name': u'tempest-router-1529992695', 'gw_port_id': None, 'admin_state_up': True, 'tenant_id': u'34774378ad004c7dba1f11c76830121e', 'created_at': '2018-06-26T06:01:27Z', 'distributed': False, 'flavor_id': None, 'routes': [], 'project_id': u'34774378ad004c7dba1f11c76830121e'}], u'localhost.localdomain', False) {} wrapper /usr/lib/python2.7/site-packages/oslo_log/helpers.py:66
2018-06-26 08:01:54.373 15100 DEBUG neutron.api.rpc.handlers.l3_rpc [req-b0caf481-ca19-42e8-b519-460456d11ab5 - - - - -] Checking router: c3155f19-48a0-4e89-a55d-c94570de1fbc for host: localhost.localdomain _ensure_host_set_on_ports /usr/lib/python2.7/site-packages/neutron/api/rpc/handlers/l3_rpc.py:135
2018-06-26 08:01:54.463 15100 DEBUG neutron_lib.callbacks.manager [req-b0caf481-ca19-42e8-b519-460456d11ab5 - - - - -] Notify callbacks ['neutron.plugins.ml2.plugin.Ml2Plugin._ensure_default_security_group_handler--9223372036854067360'] for port, before_update _notify_loop /usr/lib/python2.7/site-packages/neutron_lib/callbacks/manager.py:167
2018-06-26 08:01:55.824 15100 DEBUG neutron_lib.callbacks.manager [req-b0caf481-ca19-42e8-b519-460456d11ab5 - - - - -] Notify callbacks [] for port, precommit_update _notify_loop /usr/lib/python2.7/site-packages/neutron_lib/callbacks/manager.py:167
2018-06-26 08:01:55.857 15100 DEBUG neutron.db.provisioning_blocks [req-b0caf481-ca19-42e8-b519-460456d11ab5 - - - - -] Transition to ACTIVE for port object 84b9e468-b50a-4712-9825-80acc17430ea will not be triggered until provisioned by entity L2. add_provisioning_component /usr/lib/python2.7/site-packages/neutron/db/provisioning_blocks.py:73
2018-06-26 08:01:55.866 15100 DEBUG neutron_lib.callbacks.manager [req-b0caf481-ca19-42e8-b519-460456d11ab5 - - - - -] Notify callbacks ['neutron.db.l3_dvrscheduler_db._notify_l3_agent_port_update--9223363270492532047', 'neutron.plugins.ml2.plugin.Ml2Plugin.notify_sg_on_port_change-708573', 'neutron.plugins.ml2.ovo_rpc._ObjectChangeHandler.handle_event-1686822', 'neutron.db.l3_hascheduler_db._notify_l3_agent_ha_port_update-8766362243845', 'neutron.api.rpc.agentnotifiers.dhcp_rpc_agent_api.DhcpAgentNotifyAPI._native_event_send_dhcp_notification-1727007'] for port, after_update _notify_loop /usr/lib/python2.7/site-packages/neutron_lib/callbacks/manager.py:167
