2018-09-29 22:44:43.855 28065 DEBUG neutron_lib.callbacks.manager [req-b1df9537-dfa8-480b-9087-b2a0d3be0970 - - - - -] Notify callbacks ['neutron.plugins.ml2.plugin.Ml2Plugin._port_provisioned-1436945'] for port, provisioning_complete _notify_loop /usr/lib/python2.7/site-packages/neutron_lib/callbacks/manager.py:167
2018-09-29 22:44:43.964 28067 DEBUG neutron.db.agents_db [req-44111f45-cd0e-46c0-abec-a248d52e39ef - - - - -] Agent healthcheck: found 5 active agents agent_health_check /usr/lib/python2.7/site-packages/neutron/db/agents_db.py:281
2018-09-29 22:44:44.208 28061 DEBUG novaclient.v2.client [-] RESP: [200] Content-Length: 183 Content-Type: application/json Openstack-Api-Version: compute 2.1 X-Openstack-Nova-Api-Version: 2.1 Vary: OpenStack-API-Version, X-OpenStack-Nova-API-Version X-Openstack-Request-Id: req-4e3e51c6-5953-49bd-a2f8-d932874a2d7e X-Compute-Request-Id: req-4e3e51c6-5953-49bd-a2f8-d932874a2d7e Date: Sun, 30 Sep 2018 02:44:44 GMT Connection: keep-alive 
RESP BODY: {"events": [{"status": "completed", "tag": "5b7d5002-b685-4ca8-82b6-4723016784d6", "name": "network-vif-plugged", "server_uuid": "b57a76c4-a655-453c-95d7-043cae7fd84a", "code": 200}]}
 _http_log_response /usr/lib/python2.7/site-packages/keystoneauth1/session.py:423
2018-09-29 22:44:44.208 28061 DEBUG novaclient.v2.client [-] POST call to compute for http://10.0.20.25:8774/v2.1/671ea1986554476bbcaa620e00697d23/os-server-external-events used request id req-4e3e51c6-5953-49bd-a2f8-d932874a2d7e request /usr/lib/python2.7/site-packages/keystoneauth1/session.py:727
2018-09-29 22:44:44.216 28061 INFO neutron.notifiers.nova [-] Nova event response: {u'status': u'completed', u'tag': u'5b7d5002-b685-4ca8-82b6-4723016784d6', u'name': u'network-vif-plugged', u'server_uuid': u'b57a76c4-a655-453c-95d7-043cae7fd84a', u'code': 200}
2018-09-29 22:44:46.217 28061 DEBUG oslo_concurrency.lockutils [-] Lock "notifier-486fa07c-c2c5-4a22-aca3-605d1a9d1cb1" released by "neutron.notifiers.batch_notifier.synced_send" :: held 4.043s inner /usr/lib/python2.7/site-packages/oslo_concurrency/lockutils.py:282
2018-09-29 22:44:52.167 28051 INFO neutron.wsgi [req-6a1b9c86-156c-4695-a19e-054f5924a63e 80d220105db44fadbe41606d560a8c9d e118fc1171f641d6aa934faff8b4dde3 - 6d8bb668a5874c37bf0e9ce4f29c7fc2 6d8bb668a5874c37bf0e9ce4f29c7fc2] 10.0.20.25 "GET /v2.0/ports?device_id=b57a76c4-a655-453c-95d7-043cae7fd84a HTTP/1.1" status: 200  len: 1123 time: 0.6537530
2018-09-29 22:44:52.282 28051 INFO neutron.wsgi [req-e550c53f-279f-4adb-851b-9ff5a17d16ef 80d220105db44fadbe41606d560a8c9d e118fc1171f641d6aa934faff8b4dde3 - 6d8bb668a5874c37bf0e9ce4f29c7fc2 6d8bb668a5874c37bf0e9ce4f29c7fc2] 10.0.20.25 "GET /v2.0/security-groups?id=4b3eb3ab-ee4e-48b6-b520-522c36fcc121 HTTP/1.1" status: 200  len: 2118 time: 0.1072330
2018-09-29 22:44:58.305 28063 DEBUG neutron_lib.callbacks.manager [req-5b86a6b8-7974-4150-8bb8-01f9601ab02b - - - - -] Notify callbacks ['neutron.services.segments.db._update_segment_host_mapping_for_agent-8788499617857'] for agent, after_update _notify_loop /usr/lib/python2.7/site-packages/neutron_lib/callbacks/manager.py:167
2018-09-29 22:44:58.727 28064 DEBUG neutron_lib.callbacks.manager [req-9f2e697a-b1a5-4ef2-b2fa-fb025155b46b - - - - -] Notify callbacks ['neutron.services.segments.db._update_segment_host_mapping_for_agent-8788499617857'] for agent, after_update _notify_loop /usr/lib/python2.7/site-packages/neutron_lib/callbacks/manager.py:167
2018-09-29 22:45:00.777 28062 DEBUG neutron_lib.callbacks.manager [req-60cb9969-eeb4-46d6-8839-eb6a410fd7d1 - - - - -] Notify callbacks ['neutron.services.segments.db._update_segment_host_mapping_for_agent-8788499617857'] for agent, after_update _notify_loop /usr/lib/python2.7/site-packages/neutron_lib/callbacks/manager.py:167
2018-09-29 22:45:03.993 28066 DEBUG neutron_lib.callbacks.manager [req-b1df9537-dfa8-480b-9087-b2a0d3be0970 - - - - -] Notify callbacks ['neutron.services.segments.db._update_segment_host_mapping_for_agent-8788499617857'] for agent, after_update _notify_loop /usr/lib/python2.7/site-packages/neutron_lib/callbacks/manager.py:167
2018-09-29 22:45:07.986 28058 DEBUG neutron_lib.callbacks.manager [req-3dfb99b2-cf47-42ad-9ebd-85e90efa76df - - - - -] Notify callbacks ['neutron.services.segments.db._update_segment_host_mapping_for_agent-8788499617857'] for agent, after_update _notify_loop /usr/lib/python2.7/site-packages/neutron_lib/callbacks/manager.py:167
2018-09-29 22:45:11.330 28053 INFO neutron.wsgi [req-7e189f25-9658-4ca0-865c-065553112128 6041b01c631d425d829cf96874ce50bf 671ea1986554476bbcaa620e00697d23 - default default] 10.0.20.25 "GET /v2.0/ports?device_id=b57a76c4-a655-453c-95d7-043cae7fd84a HTTP/1.1" status: 200  len: 1123 time: 0.1840949
2018-09-29 22:45:11.501 28053 INFO neutron.wsgi [req-43713cf9-e27f-40ea-8959-f18d06b4b126 6041b01c631d425d829cf96874ce50bf 671ea1986554476bbcaa620e00697d23 - default default] 10.0.20.25 "GET /v2.0/security-groups?id=4b3eb3ab-ee4e-48b6-b520-522c36fcc121 HTTP/1.1" status: 200  len: 2118 time: 0.1616719
2018-09-29 22:45:12.867 28056 INFO neutron.wsgi [req-37386aa4-c826-40fa-b79f-22c693934800 6041b01c631d425d829cf96874ce50bf 671ea1986554476bbcaa620e00697d23 - default default] 10.0.20.25 "GET /v2.0/ports?tenant_id=e118fc1171f641d6aa934faff8b4dde3&device_id=b57a76c4-a655-453c-95d7-043cae7fd84a HTTP/1.1" status: 200  len: 1123 time: 0.1703250
2018-09-29 22:45:13.163 28056 DEBUG neutron.pecan_wsgi.hooks.policy_enforcement [req-77ddbba2-b57e-4a6d-ba85-6e30474f3899 6041b01c631d425d829cf96874ce50bf 671ea1986554476bbcaa620e00697d23 - default default] Attributes excluded by policy engine: [u'vlan_transparent'] _exclude_attributes_by_policy /usr/lib/python2.7/site-packages/neutron/pecan_wsgi/hooks/policy_enforcement.py:256
2018-09-29 22:45:13.165 28056 INFO neutron.wsgi [req-77ddbba2-b57e-4a6d-ba85-6e30474f3899 6041b01c631d425d829cf96874ce50bf 671ea1986554476bbcaa620e00697d23 - default default] 10.0.20.25 "GET /v2.0/networks?id=4e12bc9a-2998-4736-be40-e1af58c14941 HTTP/1.1" status: 200  len: 885 time: 0.2851720
2018-09-29 22:45:13.225 28056 INFO neutron.wsgi [req-97ad98e1-5675-4eed-914b-04373340190f 6041b01c631d425d829cf96874ce50bf 671ea1986554476bbcaa620e00697d23 - default default] 10.0.20.25 "GET /v2.0/floatingips?fixed_ip_address=11.11.1.8&port_id=5b7d5002-b685-4ca8-82b6-4723016784d6 HTTP/1.1" status: 200  len: 749 time: 0.0492160
2018-09-29 22:45:13.377 28056 DEBUG neutron.pecan_wsgi.hooks.policy_enforcement [req-43070640-e559-4cb6-ab98-43199cf23ec4 6041b01c631d425d829cf96874ce50bf 671ea1986554476bbcaa620e00697d23 - default default] Attributes excluded by policy engine: [u'shared'] _exclude_attributes_by_policy /usr/lib/python2.7/site-packages/neutron/pecan_wsgi/hooks/policy_enforcement.py:256
2018-09-29 22:45:13.381 28056 INFO neutron.wsgi [req-43070640-e559-4cb6-ab98-43199cf23ec4 6041b01c631d425d829cf96874ce50bf 671ea1986554476bbcaa620e00697d23 - default default] 10.0.20.25 "GET /v2.0/subnets?id=fc06708d-accf-4532-aaca-ee97d5047651 HTTP/1.1" status: 200  len: 843 time: 0.1465058
2018-09-29 22:45:13.385 28052 INFO neutron.wsgi [req-21d65534-920f-4cf2-b9fe-1fbe2b9c72e8 6041b01c631d425d829cf96874ce50bf 671ea1986554476bbcaa620e00697d23 - default default] 10.0.20.25 "GET /v2.0/ports?device_id=b57a76c4-a655-453c-95d7-043cae7fd84a HTTP/1.1" status: 200  len: 1123 time: 0.1441381
2018-09-29 22:45:13.537 28052 INFO neutron.wsgi [req-eef5a150-2303-4347-aad2-f9a67317bd03 6041b01c631d425d829cf96874ce50bf 671ea1986554476bbcaa620e00697d23 - default default] 10.0.20.25 "GET /v2.0/security-groups?id=4b3eb3ab-ee4e-48b6-b520-522c36fcc121 HTTP/1.1" status: 200  len: 2118 time: 0.1448328
2018-09-29 22:45:13.539 28056 INFO neutron.wsgi [req-eb225662-1615-4a02-a38c-90a3b331fde7 6041b01c631d425d829cf96874ce50bf 671ea1986554476bbcaa620e00697d23 - default default] 10.0.20.25 "GET /v2.0/ports?network_id=4e12bc9a-2998-4736-be40-e1af58c14941&device_owner=network%3Adhcp HTTP/1.1" status: 200  len: 1127 time: 0.1491129
2018-09-29 22:45:14.279 28053 INFO neutron.wsgi [req-ec171725-fe88-4255-ac69-d5b8ecfc0e2b 6041b01c631d425d829cf96874ce50bf 671ea1986554476bbcaa620e00697d23 - default default] 10.0.20.25 "GET /v2.0/ports?device_id=b57a76c4-a655-453c-95d7-043cae7fd84a HTTP/1.1" status: 200  len: 1123 time: 0.1582909
2018-09-29 22:45:14.459 28053 INFO neutron.wsgi [req-f60f0189-939b-40d0-81b1-f140541d7a30 6041b01c631d425d829cf96874ce50bf 671ea1986554476bbcaa620e00697d23 - default default] 10.0.20.25 "GET /v2.0/security-groups?id=4b3eb3ab-ee4e-48b6-b520-522c36fcc121 HTTP/1.1" status: 200  len: 2118 time: 0.1696792
2018-09-29 22:45:15.727 28055 INFO neutron.wsgi [req-a00354e8-4dca-491a-8330-6ddddd163c3b 6041b01c631d425d829cf96874ce50bf 671ea1986554476bbcaa620e00697d23 - default default] 10.0.20.25 "GET /v2.0/ports?device_id=b57a76c4-a655-453c-95d7-043cae7fd84a HTTP/1.1" status: 200  len: 1123 time: 0.1604769
2018-09-29 22:45:15.846 28055 INFO neutron.wsgi [req-e493414f-1e82-48e2-b91e-5d663964660c 6041b01c631d425d829cf96874ce50bf 671ea1986554476bbcaa620e00697d23 - default default] 10.0.20.25 "GET /v2.0/security-groups?id=4b3eb3ab-ee4e-48b6-b520-522c36fcc121 HTTP/1.1" status: 200  len: 2118 time: 0.1119630
2018-09-29 22:45:17.949 28054 INFO neutron.wsgi [req-79d0a812-ddbf-4990-93d4-58b8a857a76f 6041b01c631d425d829cf96874ce50bf 671ea1986554476bbcaa620e00697d23 - default default] 10.0.20.25 "GET /v2.0/ports?device_id=b57a76c4-a655-453c-95d7-043cae7fd84a HTTP/1.1" status: 200  len: 1123 time: 0.1513422
2018-09-29 22:45:18.095 28054 INFO neutron.wsgi [req-330105ad-d32b-46ab-b712-6d3915d27675 6041b01c631d425d829cf96874ce50bf 671ea1986554476bbcaa620e00697d23 - default default] 10.0.20.25 "GET /v2.0/security-groups?id=4b3eb3ab-ee4e-48b6-b520-522c36fcc121 HTTP/1.1" status: 200  len: 2118 time: 0.1372309
2018-09-29 22:45:19.625 28055 INFO neutron.wsgi [req-a9d80ada-404c-4f4f-a298-664c241954b5 6041b01c631d425d829cf96874ce50bf 671ea1986554476bbcaa620e00697d23 - default default] 10.0.20.25 "GET /v2.0/ports?device_id=b57a76c4-a655-453c-95d7-043cae7fd84a HTTP/1.1" status: 200  len: 1123 time: 0.1561160
2018-09-29 22:45:19.748 28055 INFO neutron.wsgi [req-7b483590-a139-4eb2-9d94-9417bf6f8f79 6041b01c631d425d829cf96874ce50bf 671ea1986554476bbcaa620e00697d23 - default default] 10.0.20.25 "GET /v2.0/security-groups?id=4b3eb3ab-ee4e-48b6-b520-522c36fcc121 HTTP/1.1" status: 200  len: 2118 time: 0.1135061
2018-09-29 22:45:20.962 28067 DEBUG neutron.db.agents_db [req-44111f45-cd0e-46c0-abec-a248d52e39ef - - - - -] Agent healthcheck: found 5 active agents agent_health_check /usr/lib/python2.7/site-packages/neutron/db/agents_db.py:281
2018-09-29 22:45:28.310 28059 DEBUG neutron_lib.callbacks.manager [req-5b86a6b8-7974-4150-8bb8-01f9601ab02b - - - - -] Notify callbacks ['neutron.services.segments.db._update_segment_host_mapping_for_agent-8788499617857'] for agent, after_update _notify_loop /usr/lib/python2.7/site-packages/neutron_lib/callbacks/manager.py:167
2018-09-29 22:45:28.728 28061 DEBUG neutron_lib.callbacks.manager [req-ab82facb-f79e-4468-8654-467fce51c259 - - - - -] Notify callbacks ['neutron.services.segments.db._update_segment_host_mapping_for_agent-8788499617857'] for agent, after_update _notify_loop /usr/lib/python2.7/site-packages/neutron_lib/callbacks/manager.py:167
2018-09-29 22:45:30.796 28065 DEBUG neutron_lib.callbacks.manager [req-60cb9969-eeb4-46d6-8839-eb6a410fd7d1 - - - - -] Notify callbacks ['neutron.services.segments.db._update_segment_host_mapping_for_agent-8788499617857'] for agent, after_update _notify_loop /usr/lib/python2.7/site-packages/neutron_lib/callbacks/manager.py:167
2018-09-29 22:45:33.981 28060 DEBUG neutron_lib.callbacks.manager [req-b1df9537-dfa8-480b-9087-b2a0d3be0970 - - - - -] Notify callbacks ['neutron.services.segments.db._update_segment_host_mapping_for_agent-8788499617857'] for agent, after_update _notify_loop /usr/lib/python2.7/site-packages/neutron_lib/callbacks/manager.py:167
2018-09-29 22:45:37.982 28063 DEBUG neutron_lib.callbacks.manager [req-6fe13302-cba6-4a50-af36-4ecc4e375b21 - - - - -] Notify callbacks ['neutron.services.segments.db._update_segment_host_mapping_for_agent-8788499617857'] for agent, after_update _notify_loop /usr/lib/python2.7/site-packages/neutron_lib/callbacks/manager.py:167
2018-09-29 22:45:51.070 28053 DEBUG neutron.wsgi [-] (28053) accepted ('10.0.20.25', 58868) server /usr/lib/python2.7/site-packages/eventlet/wsgi.py:883
2018-09-29 22:45:51.075 28053 INFO neutron.wsgi [-] 10.0.20.25 "GET / HTTP/1.1" status: 200  len: 252 time: 0.0036321
2018-09-29 22:45:51.905 28053 INFO neutron.api.v2.resource [req-3c8cc1ab-6dd3-4477-a4bc-8a502f04b7e3 80d220105db44fadbe41606d560a8c9d e118fc1171f641d6aa934faff8b4dde3 - 6d8bb668a5874c37bf0e9ce4f29c7fc2 6d8bb668a5874c37bf0e9ce4f29c7fc2] show failed (client error): The resource could not be found.
2018-09-29 22:45:51.907 28053 INFO neutron.wsgi [req-3c8cc1ab-6dd3-4477-a4bc-8a502f04b7e3 80d220105db44fadbe41606d560a8c9d e118fc1171f641d6aa934faff8b4dde3 - 6d8bb668a5874c37bf0e9ce4f29c7fc2 6d8bb668a5874c37bf0e9ce4f29c7fc2] 10.0.20.25 "GET /v2.0/floatingips/172.24.4.7 HTTP/1.1" status: 404  len: 324 time: 0.8246739
2018-09-29 22:45:51.967 28053 DEBUG neutron.quota.resource [req-c755a259-fdeb-419a-8c1b-0e203b3be423 80d220105db44fadbe41606d560a8c9d e118fc1171f641d6aa934faff8b4dde3 - 6d8bb668a5874c37bf0e9ce4f29c7fc2 6d8bb668a5874c37bf0e9ce4f29c7fc2] Synchronizing usage tracker for tenant:e118fc1171f641d6aa934faff8b4dde3 on resource:floatingip resync /usr/lib/python2.7/site-packages/neutron/quota/resource.py:245
2018-09-29 22:45:52.026 28053 DEBUG neutron.quota.resource [req-c755a259-fdeb-419a-8c1b-0e203b3be423 80d220105db44fadbe41606d560a8c9d e118fc1171f641d6aa934faff8b4dde3 - 6d8bb668a5874c37bf0e9ce4f29c7fc2 6d8bb668a5874c37bf0e9ce4f29c7fc2] Unset dirty status for tenant:e118fc1171f641d6aa934faff8b4dde3 on resource:floatingip _resync /usr/lib/python2.7/site-packages/neutron/quota/resource.py:237
2018-09-29 22:45:52.030 28053 INFO neutron.wsgi [req-c755a259-fdeb-419a-8c1b-0e203b3be423 80d220105db44fadbe41606d560a8c9d e118fc1171f641d6aa934faff8b4dde3 - 6d8bb668a5874c37bf0e9ce4f29c7fc2 6d8bb668a5874c37bf0e9ce4f29c7fc2] 10.0.20.25 "GET /v2.0/floatingips HTTP/1.1" status: 200  len: 1207 time: 0.1154289
2018-09-29 22:45:52.129 28053 DEBUG neutron.plugins.ml2.plugin [req-2f0e40c6-eb65-48e2-bcb2-213c24a73663 80d220105db44fadbe41606d560a8c9d e118fc1171f641d6aa934faff8b4dde3 - 6d8bb668a5874c37bf0e9ce4f29c7fc2 6d8bb668a5874c37bf0e9ce4f29c7fc2] Deleting port 8cdf7902-ab3e-4082-8b74-d1f7163c666e _pre_delete_port /usr/lib/python2.7/site-packages/neutron/plugins/ml2/plugin.py:1488
2018-09-29 22:45:52.130 28053 DEBUG neutron_lib.callbacks.manager [req-2f0e40c6-eb65-48e2-bcb2-213c24a73663 80d220105db44fadbe41606d560a8c9d e118fc1171f641d6aa934faff8b4dde3 - 6d8bb668a5874c37bf0e9ce4f29c7fc2 6d8bb668a5874c37bf0e9ce4f29c7fc2] Notify callbacks ['neutron.db.l3_db._prevent_l3_port_delete_callback-8788499817461'] for port, before_delete _notify_loop /usr/lib/python2.7/site-packages/neutron_lib/callbacks/manager.py:167
2018-09-29 22:45:52.541 28053 DEBUG neutron.plugins.ml2.plugin [req-2f0e40c6-eb65-48e2-bcb2-213c24a73663 80d220105db44fadbe41606d560a8c9d e118fc1171f641d6aa934faff8b4dde3 - 6d8bb668a5874c37bf0e9ce4f29c7fc2 6d8bb668a5874c37bf0e9ce4f29c7fc2] Calling delete_port for 8cdf7902-ab3e-4082-8b74-d1f7163c666e owned by network:floatingip delete_port /usr/lib/python2.7/site-packages/neutron/plugins/ml2/plugin.py:1547
2018-09-29 22:45:52.859 28053 DEBUG neutron_lib.callbacks.manager [req-2f0e40c6-eb65-48e2-bcb2-213c24a73663 80d220105db44fadbe41606d560a8c9d e118fc1171f641d6aa934faff8b4dde3 - 6d8bb668a5874c37bf0e9ce4f29c7fc2 6d8bb668a5874c37bf0e9ce4f29c7fc2] Notify callbacks ['neutron.db.l3_db._notify_routers_callback--9223363248354980657', 'neutron.api.rpc.agentnotifiers.dhcp_rpc_agent_api.DhcpAgentNotifyAPI._native_event_send_dhcp_notification-680362', 'neutron.plugins.ml2.plugin.Ml2Plugin.notify_sg_on_port_change-1760408', 'neutron.db.l3_dvrscheduler_db._notify_port_delete-8788499256340', 'neutron.plugins.ml2.ovo_rpc._ObjectChangeHandler.handle_event-636435'] for port, after_delete _notify_loop /usr/lib/python2.7/site-packages/neutron_lib/callbacks/manager.py:167
2018-09-29 22:45:53.255 28053 DEBUG oslo_concurrency.lockutils [-] Lock "event-dispatch" acquired by "neutron.plugins.ml2.ovo_rpc.dispatch_events" :: waited 0.000s inner /usr/lib/python2.7/site-packages/oslo_concurrency/lockutils.py:270
2018-09-29 22:45:53.431 28053 DEBUG neutron.api.rpc.handlers.resources_rpc [req-2f0e40c6-eb65-48e2-bcb2-213c24a73663 80d220105db44fadbe41606d560a8c9d e118fc1171f641d6aa934faff8b4dde3 - - -] neutron.api.rpc.handlers.resources_rpc.ResourcesPushRpcApi method push called with arguments (<neutron_lib.context.Context object at 0x7fe3b4fe13d0>, [Port(admin_state_up=<?>,allowed_address_pairs=<?>,binding=<?>,binding_levels=<?>,created_at=<?>,data_plane_status=<?>,description=<?>,device_id=<?>,device_owner=<?>,dhcp_options=<?>,distributed_binding=<?>,dns=<?>,fixed_ips=<?>,id=8cdf7902-ab3e-4082-8b74-d1f7163c666e,mac_address=<?>,name=<?>,network_id=<?>,project_id=<?>,qos_policy_id=None,revision_number=<?>,security=<?>,security_group_ids=None,status=<?>,updated_at=<?>)], 'deleted') {} wrapper /usr/lib/python2.7/site-packages/oslo_log/helpers.py:66
2018-09-29 22:45:53.833 28053 DEBUG neutron.api.rpc.callbacks.version_manager [req-2f0e40c6-eb65-48e2-bcb2-213c24a73663 80d220105db44fadbe41606d560a8c9d e118fc1171f641d6aa934faff8b4dde3 - - -] Version for resource type Subnet changed None to 1.0 on consumer Open vSwitch agent@localhost.localdomain _set_version /usr/lib/python2.7/site-packages/neutron/api/rpc/callbacks/version_manager.py:119
2018-09-29 22:45:53.835 28053 DEBUG neutron.api.rpc.callbacks.version_manager [req-2f0e40c6-eb65-48e2-bcb2-213c24a73663 80d220105db44fadbe41606d560a8c9d e118fc1171f641d6aa934faff8b4dde3 - - -] Version for resource type Network changed None to 1.0 on consumer Open vSwitch agent@localhost.localdomain _set_version /usr/lib/python2.7/site-packages/neutron/api/rpc/callbacks/version_manager.py:119
2018-09-29 22:45:53.836 28053 DEBUG neutron.api.rpc.callbacks.version_manager [req-2f0e40c6-eb65-48e2-bcb2-213c24a73663 80d220105db44fadbe41606d560a8c9d e118fc1171f641d6aa934faff8b4dde3 - - -] Version for resource type SubPort changed None to 1.0 on consumer Open vSwitch agent@localhost.localdomain _set_version /usr/lib/python2.7/site-packages/neutron/api/rpc/callbacks/version_manager.py:119
2018-09-29 22:45:53.837 28053 DEBUG neutron.api.rpc.callbacks.version_manager [req-2f0e40c6-eb65-48e2-bcb2-213c24a73663 80d220105db44fadbe41606d560a8c9d e118fc1171f641d6aa934faff8b4dde3 - - -] Version for resource type SecurityGroup changed None to 1.0 on consumer Open vSwitch agent@localhost.localdomain _set_version /usr/lib/python2.7/site-packages/neutron/api/rpc/callbacks/version_manager.py:119
2018-09-29 22:45:53.838 28053 DEBUG neutron.api.rpc.callbacks.version_manager [req-2f0e40c6-eb65-48e2-bcb2-213c24a73663 80d220105db44fadbe41606d560a8c9d e118fc1171f641d6aa934faff8b4dde3 - - -] Version for resource type SecurityGroupRule changed None to 1.0 on consumer Open vSwitch agent@localhost.localdomain _set_version /usr/lib/python2.7/site-packages/neutron/api/rpc/callbacks/version_manager.py:119
2018-09-29 22:45:53.839 28053 DEBUG neutron.api.rpc.callbacks.version_manager [req-2f0e40c6-eb65-48e2-bcb2-213c24a73663 80d220105db44fadbe41606d560a8c9d e118fc1171f641d6aa934faff8b4dde3 - - -] Version for resource type Trunk changed None to 1.1 on consumer Open vSwitch agent@localhost.localdomain _set_version /usr/lib/python2.7/site-packages/neutron/api/rpc/callbacks/version_manager.py:119
2018-09-29 22:45:53.840 28053 DEBUG neutron.api.rpc.callbacks.version_manager [req-2f0e40c6-eb65-48e2-bcb2-213c24a73663 80d220105db44fadbe41606d560a8c9d e118fc1171f641d6aa934faff8b4dde3 - - -] Version for resource type QosPolicy changed None to 1.6 on consumer Open vSwitch agent@localhost.localdomain _set_version /usr/lib/python2.7/site-packages/neutron/api/rpc/callbacks/version_manager.py:119
2018-09-29 22:45:53.841 28053 DEBUG neutron.api.rpc.callbacks.version_manager [req-2f0e40c6-eb65-48e2-bcb2-213c24a73663 80d220105db44fadbe41606d560a8c9d e118fc1171f641d6aa934faff8b4dde3 - - -] Version for resource type Port changed None to 1.1 on consumer Open vSwitch agent@localhost.localdomain _set_version /usr/lib/python2.7/site-packages/neutron/api/rpc/callbacks/version_manager.py:119
2018-09-29 22:45:53.842 28053 DEBUG neutron.api.rpc.callbacks.version_manager [req-2f0e40c6-eb65-48e2-bcb2-213c24a73663 80d220105db44fadbe41606d560a8c9d e118fc1171f641d6aa934faff8b4dde3 - - -] Version for resource type Log changed None to 1.0 on consumer Open vSwitch agent@localhost.localdomain _set_version /usr/lib/python2.7/site-packages/neutron/api/rpc/callbacks/version_manager.py:119
2018-09-29 22:45:53.867 28053 DEBUG oslo_concurrency.lockutils [req-2f0e40c6-eb65-48e2-bcb2-213c24a73663 80d220105db44fadbe41606d560a8c9d e118fc1171f641d6aa934faff8b4dde3 - - -] Lock "event-dispatch" released by "neutron.plugins.ml2.ovo_rpc.dispatch_events" :: held 0.612s inner /usr/lib/python2.7/site-packages/oslo_concurrency/lockutils.py:282
2018-09-29 22:45:54.155 28053 DEBUG neutron.scheduler.l3_agent_scheduler [req-2f0e40c6-eb65-48e2-bcb2-213c24a73663 80d220105db44fadbe41606d560a8c9d e118fc1171f641d6aa934faff8b4dde3 - 6d8bb668a5874c37bf0e9ce4f29c7fc2 6d8bb668a5874c37bf0e9ce4f29c7fc2] Router 4cda5d8b-cc81-42f1-bcf9-849d8b7ac9f2 has already been hosted by L3 agent 4ac0ebe3-010d-4960-b1cd-6ee5ff761291 _get_candidates /usr/lib/python2.7/site-packages/neutron/scheduler/l3_agent_scheduler.py:141
2018-09-29 22:45:54.364 28053 DEBUG neutron.api.rpc.agentnotifiers.l3_rpc_agent_api [req-2f0e40c6-eb65-48e2-bcb2-213c24a73663 80d220105db44fadbe41606d560a8c9d e118fc1171f641d6aa934faff8b4dde3 - 6d8bb668a5874c37bf0e9ce4f29c7fc2 6d8bb668a5874c37bf0e9ce4f29c7fc2] Notify agent at l3_agent.localhost.localdomain the message routers_updated _agent_notification /usr/lib/python2.7/site-packages/neutron/api/rpc/agentnotifiers/l3_rpc_agent_api.py:69
2018-09-29 22:45:54.409 28053 DEBUG neutron.quota.resource [req-2f0e40c6-eb65-48e2-bcb2-213c24a73663 80d220105db44fadbe41606d560a8c9d e118fc1171f641d6aa934faff8b4dde3 - 6d8bb668a5874c37bf0e9ce4f29c7fc2 6d8bb668a5874c37bf0e9ce4f29c7fc2] Persisted dirty status for tenant:e118fc1171f641d6aa934faff8b4dde3 on resource:floatingip mark_dirty /usr/lib/python2.7/site-packages/neutron/quota/resource.py:207
2018-09-29 22:45:54.423 28063 DEBUG neutron.db.l3_hamode_db [req-4255d8a6-1525-4507-8ece-2b3850b5119c - - - - -] neutron.services.l3_router.l3_router_plugin.L3RouterPlugin method get_ha_sync_data_for_host called with arguments (<neutron_lib.context.Context object at 0x7fe3b56e9290>, u'localhost.localdomain', <neutron.db.models.agent.Agent[object at 7fe3b55c2790] {id=u'4ac0ebe3-010d-4960-b1cd-6ee5ff761291', agent_type=u'L3 agent', binary=u'neutron-l3-agent', topic=u'l3_agent', host=u'localhost.localdomain', availability_zone=u'nova', admin_state_up=True, created_at=datetime.datetime(2018, 9, 11, 21, 26, 19), started_at=datetime.datetime(2018, 9, 30, 2, 29, 58), heartbeat_timestamp=datetime.datetime(2018, 9, 30, 2, 45, 28), description=None, configurations=u'{"agent_mode": "legacy", "gateway_external_network_id": "", "handle_internal_only_routers": true, "routers": 2, "interfaces": 2, "floating_ips": 1, "interface_driver": "neutron.agent.linux.interface.OVSInterfaceDriver", "log_agent_heartbeats": false, "external_network_bridge": "", "ex_gw_ports": 2}', resource_versions=None, load=0}>) {'active': True, 'router_ids': ['4cda5d8b-cc81-42f1-bcf9-849d8b7ac9f2']} wrapper /usr/lib/python2.7/site-packages/oslo_log/helpers.py:66
2018-09-29 22:45:54.425 28053 DEBUG neutron.quota.resource [req-2f0e40c6-eb65-48e2-bcb2-213c24a73663 80d220105db44fadbe41606d560a8c9d e118fc1171f641d6aa934faff8b4dde3 - 6d8bb668a5874c37bf0e9ce4f29c7fc2 6d8bb668a5874c37bf0e9ce4f29c7fc2] Persisted dirty status for tenant: on resource:port mark_dirty /usr/lib/python2.7/site-packages/neutron/quota/resource.py:207
2018-09-29 22:45:54.433 28053 DEBUG neutron_lib.callbacks.manager [req-2f0e40c6-eb65-48e2-bcb2-213c24a73663 80d220105db44fadbe41606d560a8c9d e118fc1171f641d6aa934faff8b4dde3 - 6d8bb668a5874c37bf0e9ce4f29c7fc2 6d8bb668a5874c37bf0e9ce4f29c7fc2] Notify callbacks ['neutron.notifiers.nova.Notifier._send_nova_notification-8131'] for floatingip, before_response _notify_loop /usr/lib/python2.7/site-packages/neutron_lib/callbacks/manager.py:167
2018-09-29 22:45:54.546 28053 INFO neutron.wsgi [req-2f0e40c6-eb65-48e2-bcb2-213c24a73663 80d220105db44fadbe41606d560a8c9d e118fc1171f641d6aa934faff8b4dde3 - 6d8bb668a5874c37bf0e9ce4f29c7fc2 6d8bb668a5874c37bf0e9ce4f29c7fc2] 10.0.20.25 "DELETE /v2.0/floatingips/042a4ec4-7f44-4ee2-82a6-4a0a7f58a6b2 HTTP/1.1" status: 204  len: 173 time: 2.5044570
2018-09-29 22:45:54.547 28053 DEBUG oslo_concurrency.lockutils [-] Lock "notifier-486fa07c-c2c5-4a22-aca3-605d1a9d1cb1" acquired by "neutron.notifiers.batch_notifier.synced_send" :: waited 0.000s inner /usr/lib/python2.7/site-packages/oslo_concurrency/lockutils.py:270
2018-09-29 22:45:54.548 28053 DEBUG neutron.notifiers.nova [-] Sending events: [{'tag': u'5b7d5002-b685-4ca8-82b6-4723016784d6', 'name': 'network-changed', 'server_uuid': u'b57a76c4-a655-453c-95d7-043cae7fd84a'}] send_events /usr/lib/python2.7/site-packages/neutron/notifiers/nova.py:242
2018-09-29 22:45:55.388 28063 DEBUG neutron.db.l3_hamode_db [req-4255d8a6-1525-4507-8ece-2b3850b5119c - - - - -] neutron.services.l3_router.l3_router_plugin.L3RouterPlugin method _process_sync_ha_data called with arguments (<neutron_lib.context.Context object at 0x7fe3b56e9290>, [{'status': u'ACTIVE', '_interfaces': [{'status': u'ACTIVE', 'subnets': [{'dns_nameservers': [u'8.8.4.4'], 'ipv6_ra_mode': None, 'gateway_ip': u'11.11.1.1', 'cidr': u'11.11.1.0/24', 'id': u'fc06708d-accf-4532-aaca-ee97d5047651', 'subnetpool_id': None}], 'binding:host_id': u'localhost.localdomain', 'description': u'', 'allowed_address_pairs': [], 'tags': [], 'extra_dhcp_opts': [], 'updated_at': '2018-09-30T02:40:17Z', 'device_owner': u'network:router_interface', 'revision_number': 7, 'port_security_enabled': False, 'binding:profile': {}, 'mtu': 1450, 'fixed_ips': [{'subnet_id': u'fc06708d-accf-4532-aaca-ee97d5047651', 'prefixlen': 24, 'ip_address': u'11.11.1.1'}], 'id': u'382f197b-e511-4019-b5bd-16db3ac3f2e8', 'security_groups': [], 'device_id': u'4cda5d8b-cc81-42f1-bcf9-849d8b7ac9f2', 'name': u'', 'admin_state_up': True, 'network_id': u'4e12bc9a-2998-4736-be40-e1af58c14941', 'tenant_id': u'e118fc1171f641d6aa934faff8b4dde3', 'binding:vif_details': {u'port_filter': True, u'datapath_type': u'system', u'ovs_hybrid_plug': True}, 'address_scopes': {4: None, 6: None}, 'binding:vnic_type': u'normal', 'binding:vif_type': u'ovs', 'mac_address': u'fa:16:3e:58:e4:9f', 'project_id': u'e118fc1171f641d6aa934faff8b4dde3', 'extra_subnets': [], 'created_at': '2018-09-30T02:40:06Z'}], 'enable_snat': True, 'ha_vr_id': 0, 'description': u'', 'tags': [], 'gw_port': {'status': u'ACTIVE', 'subnets': [{'dns_nameservers': [], 'ipv6_ra_mode': None, 'gateway_ip': u'172.24.4.1', 'cidr': u'172.24.4.0/24', 'id': u'a3f065d6-c694-4228-b2c0-49725a850924', 'subnetpool_id': None}], 'binding:host_id': u'localhost.localdomain', 'description': u'', 'allowed_address_pairs': [], 'tags': [], 'extra_dhcp_opts': [], 'updated_at': '2018-09-30T02:40:29Z', 'device_owner': u'network:router_gateway', 'revision_number': 6, 'port_security_enabled': False, 'binding:profile': {}, 'mtu': 1500, 'fixed_ips': [{'subnet_id': u'a3f065d6-c694-4228-b2c0-49725a850924', 'prefixlen': 24, 'ip_address': u'172.24.4.10'}], 'id': u'6af07121-9699-4a6d-b348-22b8c370cb08', 'security_groups': [], 'device_id': u'4cda5d8b-cc81-42f1-bcf9-849d8b7ac9f2', 'name': u'', 'admin_state_up': True, 'network_id': u'40fff4bc-a326-419b-b1c1-a7aa26b2d41a', 'tenant_id': u'', 'binding:vif_details': {u'port_filter': True, u'datapath_type': u'system', u'ovs_hybrid_plug': True}, 'address_scopes': {4: None, 6: None}, 'binding:vnic_type': u'normal', 'binding:vif_type': u'ovs', 'mac_address': u'fa:16:3e:aa:8d:3a', 'project_id': u'', 'extra_subnets': [], 'created_at': '2018-09-30T02:40:22Z'}, 'updated_at': '2018-09-30T02:40:23Z', 'revision_number': 4, 'ha': False, 'id': u'4cda5d8b-cc81-42f1-bcf9-849d8b7ac9f2', 'gw_port_host': u'localhost.localdomain', 'external_gateway_info': {'network_id': u'40fff4bc-a326-419b-b1c1-a7aa26b2d41a', 'enable_snat': True, 'external_fixed_ips': [{'subnet_id': u'a3f065d6-c694-4228-b2c0-49725a850924', 'ip_address': u'172.24.4.10'}]}, 'availability_zone_hints': [], 'availability_zones': [u'nova'], 'name': u'tempest-router-1538275000', 'gw_port_id': u'6af07121-9699-4a6d-b348-22b8c370cb08', 'admin_state_up': True, 'tenant_id': u'e118fc1171f641d6aa934faff8b4dde3', 'created_at': '2018-09-30T02:39:45Z', 'distributed': False, 'flavor_id': None, 'routes': [], 'project_id': u'e118fc1171f641d6aa934faff8b4dde3'}], u'localhost.localdomain', False) {} wrapper /usr/lib/python2.7/site-packages/oslo_log/helpers.py:66
2018-09-29 22:45:55.401 28063 DEBUG neutron.api.rpc.handlers.l3_rpc [req-4255d8a6-1525-4507-8ece-2b3850b5119c - - - - -] Checking router: 4cda5d8b-cc81-42f1-bcf9-849d8b7ac9f2 for host: localhost.localdomain _ensure_host_set_on_ports /usr/lib/python2.7/site-packages/neutron/api/rpc/handlers/l3_rpc.py:135
2018-09-29 22:45:55.645 28064 DEBUG neutron.api.rpc.handlers.l3_rpc [req-c82e7791-f6df-4810-b87e-7203fd91e017 - - - - -] New status for floating IP 042a4ec4-7f44-4ee2-82a6-4a0a7f58a6b2: DOWN update_floatingip_statuses /usr/lib/python2.7/site-packages/neutron/api/rpc/handlers/l3_rpc.py:252
2018-09-29 22:45:55.825 28053 DEBUG novaclient.v2.client [-] REQ: curl -g -i -X POST http://10.0.20.25:8774/v2.1/671ea1986554476bbcaa620e00697d23/os-server-external-events -H "User-Agent: python-novaclient" -H "Content-Type: application/json" -H "Accept: application/json" -H "X-OpenStack-Nova-API-Version: 2.1" -H "X-Auth-Token: {SHA1}6bb0938e2e3639f1db72b0252164ea9405a53657" -d '{"events": [{"tag": "5b7d5002-b685-4ca8-82b6-4723016784d6", "name": "network-changed", "server_uuid": "b57a76c4-a655-453c-95d7-043cae7fd84a"}]}' _http_log_request /usr/lib/python2.7/site-packages/keystoneauth1/session.py:375
2018-09-29 22:45:56.730 28053 DEBUG novaclient.v2.client [-] RESP: [200] Content-Length: 179 Content-Type: application/json Openstack-Api-Version: compute 2.1 X-Openstack-Nova-Api-Version: 2.1 Vary: OpenStack-API-Version, X-OpenStack-Nova-API-Version X-Openstack-Request-Id: req-13838e05-4790-4a68-baf8-d640b8b58614 X-Compute-Request-Id: req-13838e05-4790-4a68-baf8-d640b8b58614 Date: Sun, 30 Sep 2018 02:45:56 GMT Connection: keep-alive 
RESP BODY: {"events": [{"status": "completed", "tag": "5b7d5002-b685-4ca8-82b6-4723016784d6", "name": "network-changed", "server_uuid": "b57a76c4-a655-453c-95d7-043cae7fd84a", "code": 200}]}
 _http_log_response /usr/lib/python2.7/site-packages/keystoneauth1/session.py:423
2018-09-29 22:45:56.732 28053 DEBUG novaclient.v2.client [-] POST call to compute for http://10.0.20.25:8774/v2.1/671ea1986554476bbcaa620e00697d23/os-server-external-events used request id req-13838e05-4790-4a68-baf8-d640b8b58614 request /usr/lib/python2.7/site-packages/keystoneauth1/session.py:727
2018-09-29 22:45:56.743 28053 INFO neutron.notifiers.nova [-] Nova event response: {u'status': u'completed', u'tag': u'5b7d5002-b685-4ca8-82b6-4723016784d6', u'name': u'network-changed', u'server_uuid': u'b57a76c4-a655-453c-95d7-043cae7fd84a', u'code': 200}
2018-09-29 22:45:57.506 28056 INFO neutron.wsgi [req-0911762e-7324-4454-aa97-c26024e7338c 6041b01c631d425d829cf96874ce50bf 671ea1986554476bbcaa620e00697d23 - default default] 10.0.20.25 "GET /v2.0/ports?tenant_id=e118fc1171f641d6aa934faff8b4dde3&device_id=b57a76c4-a655-453c-95d7-043cae7fd84a HTTP/1.1" status: 200  len: 1123 time: 0.7196391
2018-09-29 22:45:57.979 28067 DEBUG neutron.db.agents_db [req-44111f45-cd0e-46c0-abec-a248d52e39ef - - - - -] Agent healthcheck: found 5 active agents agent_health_check /usr/lib/python2.7/site-packages/neutron/db/agents_db.py:281
2018-09-29 22:45:58.144 28056 DEBUG neutron.pecan_wsgi.hooks.policy_enforcement [req-e5dd0da1-8eae-401e-a71a-2077b7737663 6041b01c631d425d829cf96874ce50bf 671ea1986554476bbcaa620e00697d23 - default default] Attributes excluded by policy engine: [u'vlan_transparent'] _exclude_attributes_by_policy /usr/lib/python2.7/site-packages/neutron/pecan_wsgi/hooks/policy_enforcement.py:256
2018-09-29 22:45:58.148 28056 INFO neutron.wsgi [req-e5dd0da1-8eae-401e-a71a-2077b7737663 6041b01c631d425d829cf96874ce50bf 671ea1986554476bbcaa620e00697d23 - default default] 10.0.20.25 "GET /v2.0/networks?id=4e12bc9a-2998-4736-be40-e1af58c14941 HTTP/1.1" status: 200  len: 885 time: 0.6336100
2018-09-29 22:45:58.295 28064 DEBUG neutron_lib.callbacks.manager [req-5b86a6b8-7974-4150-8bb8-01f9601ab02b - - - - -] Notify callbacks ['neutron.services.segments.db._update_segment_host_mapping_for_agent-8788499617857'] for agent, after_update _notify_loop /usr/lib/python2.7/site-packages/neutron_lib/callbacks/manager.py:167
2018-09-29 22:45:58.397 28056 INFO neutron.wsgi [req-5e8a523e-3571-490f-932c-8e16f6ea5514 6041b01c631d425d829cf96874ce50bf 671ea1986554476bbcaa620e00697d23 - default default] 10.0.20.25 "GET /v2.0/floatingips?fixed_ip_address=11.11.1.8&port_id=5b7d5002-b685-4ca8-82b6-4723016784d6 HTTP/1.1" status: 200  len: 217 time: 0.0438471
2018-09-29 22:45:58.570 28056 DEBUG neutron.pecan_wsgi.hooks.policy_enforcement [req-84807bf7-0a18-46b2-a838-414c92b71f3c 6041b01c631d425d829cf96874ce50bf 671ea1986554476bbcaa620e00697d23 - default default] Attributes excluded by policy engine: [u'shared'] _exclude_attributes_by_policy /usr/lib/python2.7/site-packages/neutron/pecan_wsgi/hooks/policy_enforcement.py:256
2018-09-29 22:45:58.574 28056 INFO neutron.wsgi [req-84807bf7-0a18-46b2-a838-414c92b71f3c 6041b01c631d425d829cf96874ce50bf 671ea1986554476bbcaa620e00697d23 - default default] 10.0.20.25 "GET /v2.0/subnets?id=fc06708d-accf-4532-aaca-ee97d5047651 HTTP/1.1" status: 200  len: 843 time: 0.1662550
2018-09-29 22:45:58.742 28056 INFO neutron.wsgi [req-0512cff9-b439-44a6-a32a-16c90efa1dd4 6041b01c631d425d829cf96874ce50bf 671ea1986554476bbcaa620e00697d23 - default default] 10.0.20.25 "GET /v2.0/ports?network_id=4e12bc9a-2998-4736-be40-e1af58c14941&device_owner=network%3Adhcp HTTP/1.1" status: 200  len: 1127 time: 0.1572051
2018-09-29 22:45:58.746 28053 DEBUG oslo_concurrency.lockutils [-] Lock "notifier-486fa07c-c2c5-4a22-aca3-605d1a9d1cb1" released by "neutron.notifiers.batch_notifier.synced_send" :: held 4.198s inner /usr/lib/python2.7/site-packages/oslo_concurrency/lockutils.py:282
2018-09-29 22:45:58.754 28062 DEBUG neutron_lib.callbacks.manager [req-af875b41-3d91-4aa4-b2e2-0e9ddf0823d9 - - - - -] Notify callbacks ['neutron.services.segments.db._update_segment_host_mapping_for_agent-8788499617857'] for agent, after_update _notify_loop /usr/lib/python2.7/site-packages/neutron_lib/callbacks/manager.py:167
2018-09-29 22:46:00.785 28066 DEBUG neutron_lib.callbacks.manager [req-60cb9969-eeb4-46d6-8839-eb6a410fd7d1 - - - - -] Notify callbacks ['neutron.services.segments.db._update_segment_host_mapping_for_agent-8788499617857'] for agent, after_update _notify_loop /usr/lib/python2.7/site-packages/neutron_lib/callbacks/manager.py:167
2018-09-29 22:46:03.912 28053 INFO neutron.wsgi [req-01810ec3-6b1e-4f27-8891-624b6288c319 c6076d0e968d46daaf0fc5019a0f8a15 bd8a53962fd64ffeab7f2932b0e688c5 - default default] 10.0.20.25 "GET /v2.0/ports?device_id=b57a76c4-a655-453c-95d7-043cae7fd84a HTTP/1.1" status: 200  len: 1123 time: 1.2213521
2018-09-29 22:46:03.970 28058 DEBUG neutron_lib.callbacks.manager [req-b1df9537-dfa8-480b-9087-b2a0d3be0970 - - - - -] Notify callbacks ['neutron.services.segments.db._update_segment_host_mapping_for_agent-8788499617857'] for agent, after_update _notify_loop /usr/lib/python2.7/site-packages/neutron_lib/callbacks/manager.py:167
2018-09-29 22:46:04.083 28053 INFO neutron.wsgi [req-57cdda87-c207-4ffd-8084-6d17990a49f4 c6076d0e968d46daaf0fc5019a0f8a15 bd8a53962fd64ffeab7f2932b0e688c5 - default default] 10.0.20.25 "GET /v2.0/security-groups?id=4b3eb3ab-ee4e-48b6-b520-522c36fcc121 HTTP/1.1" status: 200  len: 2118 time: 0.1634319
2018-09-29 22:46:07.970 28059 DEBUG neutron_lib.callbacks.manager [req-c04eae64-3717-4fae-8d9f-17a7d0f7a5b8 - - - - -] Notify callbacks ['neutron.services.segments.db._update_segment_host_mapping_for_agent-8788499617857'] for agent, after_update _notify_loop /usr/lib/python2.7/site-packages/neutron_lib/callbacks/manager.py:167
2018-09-29 22:46:12.952 28053 INFO neutron.wsgi [req-25ff9e86-631d-4463-88b1-054ab733a0fb c6076d0e968d46daaf0fc5019a0f8a15 bd8a53962fd64ffeab7f2932b0e688c5 - default default] 10.0.20.25 "GET /v2.0/ports?device_id=b57a76c4-a655-453c-95d7-043cae7fd84a HTTP/1.1" status: 200  len: 1123 time: 0.7483878
2018-09-29 22:46:13.136 28053 INFO neutron.wsgi [req-823c28a8-ccf3-43cd-af73-4f6262188cb2 c6076d0e968d46daaf0fc5019a0f8a15 bd8a53962fd64ffeab7f2932b0e688c5 - default default] 10.0.20.25 "GET /v2.0/security-groups?id=4b3eb3ab-ee4e-48b6-b520-522c36fcc121 HTTP/1.1" status: 200  len: 2118 time: 0.1756282
2018-09-29 22:46:15.727 28059 DEBUG neutron.plugins.ml2.rpc [req-b1df9537-dfa8-480b-9087-b2a0d3be0970 - - - - -] Device 5b7d5002-b685-4ca8-82b6-4723016784d6 no longer exists at agent ovs-agent-localhost.localdomain update_device_down /usr/lib/python2.7/site-packages/neutron/plugins/ml2/rpc.py:213
2018-09-29 22:46:16.007 28059 DEBUG neutron_lib.callbacks.manager [req-b1df9537-dfa8-480b-9087-b2a0d3be0970 - - - - -] Notify callbacks ['neutron.plugins.ml2.plugin.Ml2Plugin._ensure_default_security_group_handler-1753151'] for port, before_update _notify_loop /usr/lib/python2.7/site-packages/neutron_lib/callbacks/manager.py:167
2018-09-29 22:46:16.662 28059 DEBUG neutron.plugins.ml2.db [req-b1df9537-dfa8-480b-9087-b2a0d3be0970 - - - - -] For port 5b7d5002-b685-4ca8-82b6-4723016784d6, host localhost.localdomain, got binding levels [<neutron.plugins.ml2.models.PortBindingLevel[object at 7fe3b5170cd0] {port_id=u'5b7d5002-b685-4ca8-82b6-4723016784d6', host=u'localhost.localdomain', level=0, driver=u'openvswitch', segment_id=u'49a099c0-04c1-4eea-963e-5469e562bb76'}>] get_binding_levels /usr/lib/python2.7/site-packages/neutron/plugins/ml2/db.py:106
2018-09-29 22:46:16.666 28059 DEBUG oslo_concurrency.lockutils [-] Lock "notifier-486fa07c-c2c5-4a22-aca3-605d1a9d1cb1" acquired by "neutron.notifiers.batch_notifier.synced_send" :: waited 0.000s inner /usr/lib/python2.7/site-packages/oslo_concurrency/lockutils.py:270
2018-09-29 22:46:16.668 28059 DEBUG neutron.notifiers.nova [-] Sending events: [{'status': 'completed', 'tag': u'5b7d5002-b685-4ca8-82b6-4723016784d6', 'name': 'network-vif-unplugged', 'server_uuid': u'b57a76c4-a655-453c-95d7-043cae7fd84a'}] send_events /usr/lib/python2.7/site-packages/neutron/notifiers/nova.py:242
2018-09-29 22:46:16.691 28059 DEBUG neutron_lib.callbacks.manager [req-b1df9537-dfa8-480b-9087-b2a0d3be0970 - - - - -] Notify callbacks ['neutron.db.l3_hascheduler_db._notify_l3_agent_ha_port_update--9223363248355519386', 'neutron.db.l3_dvrscheduler_db._notify_l3_agent_port_update--9223363248355519461', 'neutron.api.rpc.agentnotifiers.dhcp_rpc_agent_api.DhcpAgentNotifyAPI._native_event_send_dhcp_notification-680362', 'neutron.plugins.ml2.plugin.Ml2Plugin.notify_sg_on_port_change-1760408', 'neutron.plugins.ml2.ovo_rpc._ObjectChangeHandler.handle_event-636435'] for port, after_update _notify_loop /usr/lib/python2.7/site-packages/neutron_lib/callbacks/manager.py:167
2018-09-29 22:46:17.084 28059 DEBUG oslo_concurrency.lockutils [-] Lock "event-dispatch" acquired by "neutron.plugins.ml2.ovo_rpc.dispatch_events" :: waited 0.000s inner /usr/lib/python2.7/site-packages/oslo_concurrency/lockutils.py:270
2018-09-29 22:46:17.345 28059 DEBUG neutron.api.rpc.handlers.resources_rpc [req-b1df9537-dfa8-480b-9087-b2a0d3be0970 - - - - -] neutron.api.rpc.handlers.resources_rpc.ResourcesPushRpcApi method push called with arguments (<neutron_lib.context.Context object at 0x7fe3b52e8ed0>, [Port(admin_state_up=True,allowed_address_pairs=[],binding=PortBinding,binding_levels=[PortBindingLevel],created_at=2018-09-30T02:40:52Z,data_plane_status=<?>,description='',device_id='b57a76c4-a655-453c-95d7-043cae7fd84a',device_owner='compute:nova',dhcp_options=[],distributed_binding=None,dns=None,fixed_ips=[IPAllocation],id=5b7d5002-b685-4ca8-82b6-4723016784d6,mac_address=fa:16:3e:3b:d6:47,name='',network_id=4e12bc9a-2998-4736-be40-e1af58c14941,project_id='e118fc1171f641d6aa934faff8b4dde3',qos_policy_id=None,revision_number=9,security=PortSecurity(5b7d5002-b685-4ca8-82b6-4723016784d6),security_group_ids=set([4b3eb3ab-ee4e-48b6-b520-522c36fcc121]),status='DOWN',updated_at=2018-09-30T02:46:16Z)], 'updated') {} wrapper /usr/lib/python2.7/site-packages/oslo_log/helpers.py:66
2018-09-29 22:46:17.364 28059 DEBUG neutron.api.rpc.callbacks.version_manager [req-b1df9537-dfa8-480b-9087-b2a0d3be0970 - - - - -] Version for resource type Subnet changed None to 1.0 on consumer Open vSwitch agent@localhost.localdomain _set_version /usr/lib/python2.7/site-packages/neutron/api/rpc/callbacks/version_manager.py:119
2018-09-29 22:46:17.365 28059 DEBUG neutron.api.rpc.callbacks.version_manager [req-b1df9537-dfa8-480b-9087-b2a0d3be0970 - - - - -] Version for resource type Network changed None to 1.0 on consumer Open vSwitch agent@localhost.localdomain _set_version /usr/lib/python2.7/site-packages/neutron/api/rpc/callbacks/version_manager.py:119
2018-09-29 22:46:17.366 28059 DEBUG neutron.api.rpc.callbacks.version_manager [req-b1df9537-dfa8-480b-9087-b2a0d3be0970 - - - - -] Version for resource type SubPort changed None to 1.0 on consumer Open vSwitch agent@localhost.localdomain _set_version /usr/lib/python2.7/site-packages/neutron/api/rpc/callbacks/version_manager.py:119
2018-09-29 22:46:17.367 28059 DEBUG neutron.api.rpc.callbacks.version_manager [req-b1df9537-dfa8-480b-9087-b2a0d3be0970 - - - - -] Version for resource type SecurityGroup changed None to 1.0 on consumer Open vSwitch agent@localhost.localdomain _set_version /usr/lib/python2.7/site-packages/neutron/api/rpc/callbacks/version_manager.py:119
2018-09-29 22:46:17.368 28059 DEBUG neutron.api.rpc.callbacks.version_manager [req-b1df9537-dfa8-480b-9087-b2a0d3be0970 - - - - -] Version for resource type SecurityGroupRule changed None to 1.0 on consumer Open vSwitch agent@localhost.localdomain _set_version /usr/lib/python2.7/site-packages/neutron/api/rpc/callbacks/version_manager.py:119
2018-09-29 22:46:17.369 28059 DEBUG neutron.api.rpc.callbacks.version_manager [req-b1df9537-dfa8-480b-9087-b2a0d3be0970 - - - - -] Version for resource type Trunk changed None to 1.1 on consumer Open vSwitch agent@localhost.localdomain _set_version /usr/lib/python2.7/site-packages/neutron/api/rpc/callbacks/version_manager.py:119
2018-09-29 22:46:17.370 28059 DEBUG neutron.api.rpc.callbacks.version_manager [req-b1df9537-dfa8-480b-9087-b2a0d3be0970 - - - - -] Version for resource type QosPolicy changed None to 1.6 on consumer Open vSwitch agent@localhost.localdomain _set_version /usr/lib/python2.7/site-packages/neutron/api/rpc/callbacks/version_manager.py:119
2018-09-29 22:46:17.371 28059 DEBUG neutron.api.rpc.callbacks.version_manager [req-b1df9537-dfa8-480b-9087-b2a0d3be0970 - - - - -] Version for resource type Port changed None to 1.1 on consumer Open vSwitch agent@localhost.localdomain _set_version /usr/lib/python2.7/site-packages/neutron/api/rpc/callbacks/version_manager.py:119
2018-09-29 22:46:17.372 28059 DEBUG neutron.api.rpc.callbacks.version_manager [req-b1df9537-dfa8-480b-9087-b2a0d3be0970 - - - - -] Version for resource type Log changed None to 1.0 on consumer Open vSwitch agent@localhost.localdomain _set_version /usr/lib/python2.7/site-packages/neutron/api/rpc/callbacks/version_manager.py:119
2018-09-29 22:46:17.375 28059 DEBUG neutron.api.rpc.callbacks.version_manager [req-b1df9537-dfa8-480b-9087-b2a0d3be0970 - - - - -] Tracked resource versions report:
pushed versions:
{   'Log': set(['1.0']),
    'Network': set(['1.0']),
    'Port': set(['1.1']),
    'QosPolicy': set(['1.6']),
    'SecurityGroup': set(['1.0']),
    'SecurityGroupRule': set(['1.0']),
    'SubPort': set(['1.0']),
    'Subnet': set(['1.0']),
    'Trunk': set(['1.1'])}

consumer versions:
{   DHCP agent@localhost.localdomain: {   },
    L3 agent@localhost.localdomain: {   },
    Metadata agent@localhost.localdomain: {   },
    Metering agent@localhost.localdomain: {   },
    Open vSwitch agent@localhost.localdomain: {   u'Log': u'1.0',
                                                  u'Network': u'1.0',
                                                  u'Port': u'1.1',
                                                  u'QosPolicy': u'1.6',
                                                  u'SecurityGroup': u'1.0',
                                                  u'SecurityGroupRule': u'1.0',
                                                  u'SubPort': u'1.0',
                                                  u'Subnet': u'1.0',
                                                  u'Trunk': u'1.1'}}
 report /usr/lib/python2.7/site-packages/neutron/api/rpc/callbacks/version_manager.py:178
2018-09-29 22:46:17.410 28059 DEBUG oslo_concurrency.lockutils [req-b1df9537-dfa8-480b-9087-b2a0d3be0970 - - - - -] Lock "event-dispatch" released by "neutron.plugins.ml2.ovo_rpc.dispatch_events" :: held 0.326s inner /usr/lib/python2.7/site-packages/oslo_concurrency/lockutils.py:282
2018-09-29 22:46:17.887 28056 INFO neutron.wsgi [req-3582c4e9-e29f-4601-b78f-3479df18e309 c6076d0e968d46daaf0fc5019a0f8a15 bd8a53962fd64ffeab7f2932b0e688c5 - default default] 10.0.20.25 "GET /v2.0/ports?device_id=b57a76c4-a655-453c-95d7-043cae7fd84a HTTP/1.1" status: 200  len: 1121 time: 0.8232760
2018-09-29 22:46:17.990 28056 DEBUG neutron.plugins.ml2.plugin [req-5426ec8f-7418-4b5d-bfa1-db012ad85c82 c6076d0e968d46daaf0fc5019a0f8a15 bd8a53962fd64ffeab7f2932b0e688c5 - default default] Deleting port 5b7d5002-b685-4ca8-82b6-4723016784d6 _pre_delete_port /usr/lib/python2.7/site-packages/neutron/plugins/ml2/plugin.py:1488
2018-09-29 22:46:17.991 28056 DEBUG neutron_lib.callbacks.manager [req-5426ec8f-7418-4b5d-bfa1-db012ad85c82 c6076d0e968d46daaf0fc5019a0f8a15 bd8a53962fd64ffeab7f2932b0e688c5 - default default] Notify callbacks ['neutron.db.l3_db._prevent_l3_port_delete_callback-8788499817461'] for port, before_delete _notify_loop /usr/lib/python2.7/site-packages/neutron_lib/callbacks/manager.py:167
2018-09-29 22:46:18.249 28059 DEBUG novaclient.v2.client [-] REQ: curl -g -i -X POST http://10.0.20.25:8774/v2.1/671ea1986554476bbcaa620e00697d23/os-server-external-events -H "User-Agent: python-novaclient" -H "Content-Type: application/json" -H "Accept: application/json" -H "X-OpenStack-Nova-API-Version: 2.1" -H "X-Auth-Token: {SHA1}21b562149a5ba08fe765b2837c20d62e9b99c30d" -d '{"events": [{"status": "completed", "tag": "5b7d5002-b685-4ca8-82b6-4723016784d6", "name": "network-vif-unplugged", "server_uuid": "b57a76c4-a655-453c-95d7-043cae7fd84a"}]}' _http_log_request /usr/lib/python2.7/site-packages/keystoneauth1/session.py:375
2018-09-29 22:46:18.394 28056 DEBUG neutron.plugins.ml2.db [req-5426ec8f-7418-4b5d-bfa1-db012ad85c82 c6076d0e968d46daaf0fc5019a0f8a15 bd8a53962fd64ffeab7f2932b0e688c5 - default default] For port 5b7d5002-b685-4ca8-82b6-4723016784d6, host localhost.localdomain, got binding levels [<neutron.plugins.ml2.models.PortBindingLevel[object at 7fe3b514c810] {port_id=u'5b7d5002-b685-4ca8-82b6-4723016784d6', host=u'localhost.localdomain', level=0, driver=u'openvswitch', segment_id=u'49a099c0-04c1-4eea-963e-5469e562bb76'}>] get_binding_levels /usr/lib/python2.7/site-packages/neutron/plugins/ml2/db.py:106
2018-09-29 22:46:18.428 28056 DEBUG neutron.plugins.ml2.plugin [req-5426ec8f-7418-4b5d-bfa1-db012ad85c82 c6076d0e968d46daaf0fc5019a0f8a15 bd8a53962fd64ffeab7f2932b0e688c5 - default default] Calling delete_port for 5b7d5002-b685-4ca8-82b6-4723016784d6 owned by compute:nova delete_port /usr/lib/python2.7/site-packages/neutron/plugins/ml2/plugin.py:1547
2018-09-29 22:46:18.734 28056 DEBUG neutron_lib.callbacks.manager [req-5426ec8f-7418-4b5d-bfa1-db012ad85c82 c6076d0e968d46daaf0fc5019a0f8a15 bd8a53962fd64ffeab7f2932b0e688c5 - default default] Notify callbacks ['neutron.db.l3_db._notify_routers_callback--9223363248354980657', 'neutron.api.rpc.agentnotifiers.dhcp_rpc_agent_api.DhcpAgentNotifyAPI._native_event_send_dhcp_notification-680362', 'neutron.plugins.ml2.plugin.Ml2Plugin.notify_sg_on_port_change-1760408', 'neutron.db.l3_dvrscheduler_db._notify_port_delete-8788499256340', 'neutron.plugins.ml2.ovo_rpc._ObjectChangeHandler.handle_event-636435'] for port, after_delete _notify_loop /usr/lib/python2.7/site-packages/neutron_lib/callbacks/manager.py:167
2018-09-29 22:46:19.106 28059 DEBUG novaclient.v2.client [-] RESP: [200] Content-Length: 185 Content-Type: application/json Openstack-Api-Version: compute 2.1 X-Openstack-Nova-Api-Version: 2.1 Vary: OpenStack-API-Version, X-OpenStack-Nova-API-Version X-Openstack-Request-Id: req-f7aaebcd-740b-42b6-997d-278cd8e7d14e X-Compute-Request-Id: req-f7aaebcd-740b-42b6-997d-278cd8e7d14e Date: Sun, 30 Sep 2018 02:46:19 GMT Connection: keep-alive 
RESP BODY: {"events": [{"status": "completed", "tag": "5b7d5002-b685-4ca8-82b6-4723016784d6", "name": "network-vif-unplugged", "server_uuid": "b57a76c4-a655-453c-95d7-043cae7fd84a", "code": 200}]}
 _http_log_response /usr/lib/python2.7/site-packages/keystoneauth1/session.py:423
