2018-06-28 09:42:11.492 27976 DEBUG neutron.wsgi [-] (27976) accepted ('10.0.20.25', 55870) server /usr/lib/python2.7/site-packages/eventlet/wsgi.py:883
2018-06-28 09:42:11.498 27976 INFO neutron.wsgi [-] 10.0.20.25 "GET / HTTP/1.1" status: 200  len: 252 time: 0.0033050
2018-06-28 09:42:12.212 27976 INFO neutron.pecan_wsgi.hooks.translation [req-fd0a7077-a705-4eac-80fc-225a875774cf 82758ee9dbed4bdf919e32bc6135cc36 f7db0ec7eef2499fb14973cea9da1187 - default default] GET failed (client error): The resource could not be found.
2018-06-28 09:42:12.217 27976 INFO neutron.wsgi [req-fd0a7077-a705-4eac-80fc-225a875774cf 82758ee9dbed4bdf919e32bc6135cc36 f7db0ec7eef2499fb14973cea9da1187 - default default] 10.0.20.25 "GET /v2.0/networks/public HTTP/1.1" status: 404  len: 314 time: 0.7115090
2018-06-28 09:42:12.522 27976 DEBUG neutron.pecan_wsgi.hooks.policy_enforcement [req-cc6b37f7-347d-4c13-b907-0e0998445e9c 82758ee9dbed4bdf919e32bc6135cc36 f7db0ec7eef2499fb14973cea9da1187 - default default] Attributes excluded by policy engine: [u'vlan_transparent'] _exclude_attributes_by_policy /usr/lib/python2.7/site-packages/neutron/pecan_wsgi/hooks/policy_enforcement.py:256
2018-06-28 09:42:12.525 27976 DEBUG neutron.pecan_wsgi.hooks.policy_enforcement [req-cc6b37f7-347d-4c13-b907-0e0998445e9c 82758ee9dbed4bdf919e32bc6135cc36 f7db0ec7eef2499fb14973cea9da1187 - default default] Attributes excluded by policy engine: [u'vlan_transparent'] _exclude_attributes_by_policy /usr/lib/python2.7/site-packages/neutron/pecan_wsgi/hooks/policy_enforcement.py:256
2018-06-28 09:42:12.527 27976 DEBUG neutron.pecan_wsgi.hooks.policy_enforcement [req-cc6b37f7-347d-4c13-b907-0e0998445e9c 82758ee9dbed4bdf919e32bc6135cc36 f7db0ec7eef2499fb14973cea9da1187 - default default] Attributes excluded by policy engine: [u'vlan_transparent'] _exclude_attributes_by_policy /usr/lib/python2.7/site-packages/neutron/pecan_wsgi/hooks/policy_enforcement.py:256
2018-06-28 09:42:12.528 27976 DEBUG neutron.pecan_wsgi.hooks.policy_enforcement [req-cc6b37f7-347d-4c13-b907-0e0998445e9c 82758ee9dbed4bdf919e32bc6135cc36 f7db0ec7eef2499fb14973cea9da1187 - default default] Attributes excluded by policy engine: [u'vlan_transparent'] _exclude_attributes_by_policy /usr/lib/python2.7/site-packages/neutron/pecan_wsgi/hooks/policy_enforcement.py:256
2018-06-28 09:42:12.531 27976 INFO neutron.wsgi [req-cc6b37f7-347d-4c13-b907-0e0998445e9c 82758ee9dbed4bdf919e32bc6135cc36 f7db0ec7eef2499fb14973cea9da1187 - default default] 10.0.20.25 "GET /v2.0/networks HTTP/1.1" status: 200  len: 2886 time: 0.3049600
2018-06-28 09:42:13.417 27976 DEBUG neutron.api.v2.base [req-923aeebe-6a86-476f-a639-b4e2e101b099 82758ee9dbed4bdf919e32bc6135cc36 f7db0ec7eef2499fb14973cea9da1187 - default default] Request body: {u'floatingip': {u'floating_network_id': u'bccef923-8280-488c-84aa-955d7841d8ff', u'tenant_id': u'0da5818172b243b5a10cb72ecf1dadcb'}} prepare_request_body /usr/lib/python2.7/site-packages/neutron/api/v2/base.py:695
2018-06-28 09:42:13.440 27976 DEBUG neutron.db.quota.driver [req-923aeebe-6a86-476f-a639-b4e2e101b099 82758ee9dbed4bdf919e32bc6135cc36 f7db0ec7eef2499fb14973cea9da1187 - default default] Resources subnetpool have unlimited quota limit. It is not required to calculate headroom  make_reservation /usr/lib/python2.7/site-packages/neutron/db/quota/driver.py:223
2018-06-28 09:42:13.455 27976 DEBUG neutron.quota.resource [req-923aeebe-6a86-476f-a639-b4e2e101b099 82758ee9dbed4bdf919e32bc6135cc36 f7db0ec7eef2499fb14973cea9da1187 - default default] Usage tracker for resource:floatingip and tenant:0da5818172b243b5a10cb72ecf1dadcb is out of sync, need to count used quota count_used /usr/lib/python2.7/site-packages/neutron/quota/resource.py:274
2018-06-28 09:42:13.579 27976 DEBUG neutron.quota.resource [req-923aeebe-6a86-476f-a639-b4e2e101b099 82758ee9dbed4bdf919e32bc6135cc36 f7db0ec7eef2499fb14973cea9da1187 - default default] Quota usage for floatingip was recalculated. Used quota:0. count_used /usr/lib/python2.7/site-packages/neutron/quota/resource.py:293
2018-06-28 09:42:13.640 27976 DEBUG neutron.db.quota.driver [req-923aeebe-6a86-476f-a639-b4e2e101b099 82758ee9dbed4bdf919e32bc6135cc36 f7db0ec7eef2499fb14973cea9da1187 - default default] Attempting to reserve 1 items for resource floatingip. Total usage: 0; quota limit: 50; headroom:50 make_reservation /usr/lib/python2.7/site-packages/neutron/db/quota/driver.py:255
2018-06-28 09:42:13.708 27990 DEBUG neutron_lib.callbacks.manager [req-12847336-1d25-491e-b6b7-16e733e2e0d5 - - - - -] Notify callbacks ['neutron.services.segments.db._update_segment_host_mapping_for_agent-8764056480562'] for agent, after_update _notify_loop /usr/lib/python2.7/site-packages/neutron_lib/callbacks/manager.py:167
2018-06-28 09:42:13.755 27988 DEBUG neutron_lib.callbacks.manager [req-a921a808-9c88-4278-9b25-667661afea73 - - - - -] Notify callbacks ['neutron.services.segments.db._update_segment_host_mapping_for_agent-8764056480562'] for agent, after_update _notify_loop /usr/lib/python2.7/site-packages/neutron_lib/callbacks/manager.py:167
2018-06-28 09:42:13.783 27984 DEBUG neutron_lib.callbacks.manager [req-8108367e-6be1-493a-8dd9-a81cb309e812 - - - - -] Notify callbacks ['neutron.services.segments.db._update_segment_host_mapping_for_agent-8764056480562'] for agent, after_update _notify_loop /usr/lib/python2.7/site-packages/neutron_lib/callbacks/manager.py:167
2018-06-28 09:42:13.789 27991 DEBUG neutron_lib.callbacks.manager [req-af6c60da-4467-4c78-9712-d62d57bf6db9 - - - - -] Notify callbacks ['neutron.services.segments.db._update_segment_host_mapping_for_agent-8764056480562'] for agent, after_update _notify_loop /usr/lib/python2.7/site-packages/neutron_lib/callbacks/manager.py:167
2018-06-28 09:42:14.073 27976 DEBUG neutron_lib.callbacks.manager [req-923aeebe-6a86-476f-a639-b4e2e101b099 82758ee9dbed4bdf919e32bc6135cc36 f7db0ec7eef2499fb14973cea9da1187 - default default] Notify callbacks ['neutron.plugins.ml2.plugin.Ml2Plugin._ensure_default_security_group_handler--9223372036838173856'] for port, before_create _notify_loop /usr/lib/python2.7/site-packages/neutron_lib/callbacks/manager.py:167
2018-06-28 09:42:14.208 27986 DEBUG neutron_lib.callbacks.manager [req-5e7d731a-a164-4e38-9d24-3dd69bedf493 - - - - -] Notify callbacks ['neutron.services.segments.db._update_segment_host_mapping_for_agent-8764056480562'] for agent, after_update _notify_loop /usr/lib/python2.7/site-packages/neutron_lib/callbacks/manager.py:167
2018-06-28 09:42:14.686 27976 DEBUG neutron.db.db_base_plugin_common [req-923aeebe-6a86-476f-a639-b4e2e101b099 82758ee9dbed4bdf919e32bc6135cc36 f7db0ec7eef2499fb14973cea9da1187 - default default] Allocated IP 172.24.4.3 (bccef923-8280-488c-84aa-955d7841d8ff/4c4b2f34-8d32-4a55-b583-46e460575449/1261b11c-33ae-4b98-906d-87b582aaf052) _store_ip_allocation /usr/lib/python2.7/site-packages/neutron/db/db_base_plugin_common.py:122
2018-06-28 09:42:15.163 27976 DEBUG neutron_lib.callbacks.manager [req-923aeebe-6a86-476f-a639-b4e2e101b099 82758ee9dbed4bdf919e32bc6135cc36 f7db0ec7eef2499fb14973cea9da1187 - default default] Notify callbacks [] for port, precommit_create _notify_loop /usr/lib/python2.7/site-packages/neutron_lib/callbacks/manager.py:167
2018-06-28 09:42:15.246 27976 DEBUG neutron_lib.callbacks.manager [req-923aeebe-6a86-476f-a639-b4e2e101b099 82758ee9dbed4bdf919e32bc6135cc36 f7db0ec7eef2499fb14973cea9da1187 - default default] Notify callbacks ['neutron.plugins.ml2.plugin.Ml2Plugin.notify_sg_on_port_change-16602077', 'neutron.plugins.ml2.ovo_rpc._ObjectChangeHandler.handle_event-1003298', 'neutron.db.l3_dvrscheduler_db._notify_l3_agent_new_port--9223363272798656877', 'neutron.api.rpc.agentnotifiers.dhcp_rpc_agent_api.DhcpAgentNotifyAPI._native_event_send_dhcp_notification-912403'] for port, after_create _notify_loop /usr/lib/python2.7/site-packages/neutron_lib/callbacks/manager.py:167
2018-06-28 09:42:15.249 27976 DEBUG neutron.db.l3_dvrscheduler_db [req-923aeebe-6a86-476f-a639-b4e2e101b099 82758ee9dbed4bdf919e32bc6135cc36 f7db0ec7eef2499fb14973cea9da1187 - default default] Received port after_create _notify_l3_agent_new_port /usr/lib/python2.7/site-packages/neutron/db/l3_dvrscheduler_db.py:392
2018-06-28 09:42:15.270 27976 DEBUG oslo_concurrency.lockutils [-] Lock "event-dispatch" acquired by "neutron.plugins.ml2.ovo_rpc.dispatch_events" :: waited 0.000s inner /usr/lib/python2.7/site-packages/oslo_concurrency/lockutils.py:270
2018-06-28 09:42:15.484 27976 DEBUG neutron.api.rpc.handlers.resources_rpc [req-923aeebe-6a86-476f-a639-b4e2e101b099 82758ee9dbed4bdf919e32bc6135cc36 f7db0ec7eef2499fb14973cea9da1187 - - -] neutron.api.rpc.handlers.resources_rpc.ResourcesPushRpcApi method push called with arguments (<neutron_lib.context.Context object at 0x7f88a667a890>, [Port(admin_state_up=True,allowed_address_pairs=[],binding=PortBinding,binding_levels=[],created_at=2018-06-28T07:42:14Z,data_plane_status=<?>,description='',device_id='PENDING',device_owner='network:floatingip',dhcp_options=[],distributed_binding=None,dns=None,fixed_ips=[IPAllocation],id=1261b11c-33ae-4b98-906d-87b582aaf052,mac_address=fa:16:3e:b8:fd:ec,name='',network_id=bccef923-8280-488c-84aa-955d7841d8ff,project_id='',qos_policy_id=None,revision_number=3,security=PortSecurity(1261b11c-33ae-4b98-906d-87b582aaf052),security_group_ids=set([]),status='N/A',updated_at=2018-06-28T07:42:15Z)], 'updated') {} wrapper /usr/lib/python2.7/site-packages/oslo_log/helpers.py:66
2018-06-28 09:42:15.519 27976 DEBUG neutron.api.rpc.callbacks.version_manager [req-923aeebe-6a86-476f-a639-b4e2e101b099 82758ee9dbed4bdf919e32bc6135cc36 f7db0ec7eef2499fb14973cea9da1187 - - -] Version for resource type Subnet changed None to 1.0 on consumer Open vSwitch agent@localhost.localdomain _set_version /usr/lib/python2.7/site-packages/neutron/api/rpc/callbacks/version_manager.py:119
2018-06-28 09:42:15.520 27976 DEBUG neutron.api.rpc.callbacks.version_manager [req-923aeebe-6a86-476f-a639-b4e2e101b099 82758ee9dbed4bdf919e32bc6135cc36 f7db0ec7eef2499fb14973cea9da1187 - - -] Version for resource type Network changed None to 1.0 on consumer Open vSwitch agent@localhost.localdomain _set_version /usr/lib/python2.7/site-packages/neutron/api/rpc/callbacks/version_manager.py:119
2018-06-28 09:42:15.521 27976 DEBUG neutron.api.rpc.callbacks.version_manager [req-923aeebe-6a86-476f-a639-b4e2e101b099 82758ee9dbed4bdf919e32bc6135cc36 f7db0ec7eef2499fb14973cea9da1187 - - -] Version for resource type SubPort changed None to 1.0 on consumer Open vSwitch agent@localhost.localdomain _set_version /usr/lib/python2.7/site-packages/neutron/api/rpc/callbacks/version_manager.py:119
2018-06-28 09:42:15.522 27976 DEBUG neutron.api.rpc.callbacks.version_manager [req-923aeebe-6a86-476f-a639-b4e2e101b099 82758ee9dbed4bdf919e32bc6135cc36 f7db0ec7eef2499fb14973cea9da1187 - - -] Version for resource type SecurityGroup changed None to 1.0 on consumer Open vSwitch agent@localhost.localdomain _set_version /usr/lib/python2.7/site-packages/neutron/api/rpc/callbacks/version_manager.py:119
2018-06-28 09:42:15.522 27976 DEBUG neutron.api.rpc.callbacks.version_manager [req-923aeebe-6a86-476f-a639-b4e2e101b099 82758ee9dbed4bdf919e32bc6135cc36 f7db0ec7eef2499fb14973cea9da1187 - - -] Version for resource type SecurityGroupRule changed None to 1.0 on consumer Open vSwitch agent@localhost.localdomain _set_version /usr/lib/python2.7/site-packages/neutron/api/rpc/callbacks/version_manager.py:119
2018-06-28 09:42:15.523 27976 DEBUG neutron.api.rpc.callbacks.version_manager [req-923aeebe-6a86-476f-a639-b4e2e101b099 82758ee9dbed4bdf919e32bc6135cc36 f7db0ec7eef2499fb14973cea9da1187 - - -] Version for resource type Trunk changed None to 1.1 on consumer Open vSwitch agent@localhost.localdomain _set_version /usr/lib/python2.7/site-packages/neutron/api/rpc/callbacks/version_manager.py:119
2018-06-28 09:42:15.523 27976 DEBUG neutron.api.rpc.callbacks.version_manager [req-923aeebe-6a86-476f-a639-b4e2e101b099 82758ee9dbed4bdf919e32bc6135cc36 f7db0ec7eef2499fb14973cea9da1187 - - -] Version for resource type QosPolicy changed None to 1.6 on consumer Open vSwitch agent@localhost.localdomain _set_version /usr/lib/python2.7/site-packages/neutron/api/rpc/callbacks/version_manager.py:119
2018-06-28 09:42:15.524 27976 DEBUG neutron.api.rpc.callbacks.version_manager [req-923aeebe-6a86-476f-a639-b4e2e101b099 82758ee9dbed4bdf919e32bc6135cc36 f7db0ec7eef2499fb14973cea9da1187 - - -] Version for resource type Port changed None to 1.1 on consumer Open vSwitch agent@localhost.localdomain _set_version /usr/lib/python2.7/site-packages/neutron/api/rpc/callbacks/version_manager.py:119
2018-06-28 09:42:15.525 27976 DEBUG neutron.api.rpc.callbacks.version_manager [req-923aeebe-6a86-476f-a639-b4e2e101b099 82758ee9dbed4bdf919e32bc6135cc36 f7db0ec7eef2499fb14973cea9da1187 - - -] Version for resource type Log changed None to 1.0 on consumer Open vSwitch agent@localhost.localdomain _set_version /usr/lib/python2.7/site-packages/neutron/api/rpc/callbacks/version_manager.py:119
2018-06-28 09:42:15.567 27976 DEBUG oslo_concurrency.lockutils [req-923aeebe-6a86-476f-a639-b4e2e101b099 82758ee9dbed4bdf919e32bc6135cc36 f7db0ec7eef2499fb14973cea9da1187 - - -] Lock "event-dispatch" released by "neutron.plugins.ml2.ovo_rpc.dispatch_events" :: held 0.298s inner /usr/lib/python2.7/site-packages/oslo_concurrency/lockutils.py:282
2018-06-28 09:42:15.604 27976 DEBUG neutron.scheduler.dhcp_agent_scheduler [req-923aeebe-6a86-476f-a639-b4e2e101b099 82758ee9dbed4bdf919e32bc6135cc36 f7db0ec7eef2499fb14973cea9da1187 - default default] Network bccef923-8280-488c-84aa-955d7841d8ff is already hosted by enough agents. _get_dhcp_agents_hosting_network /usr/lib/python2.7/site-packages/neutron/scheduler/dhcp_agent_scheduler.py:243
2018-06-28 09:42:15.771 27976 DEBUG neutron_lib.callbacks.manager [req-923aeebe-6a86-476f-a639-b4e2e101b099 82758ee9dbed4bdf919e32bc6135cc36 f7db0ec7eef2499fb14973cea9da1187 - default default] Notify callbacks ['neutron.plugins.ml2.plugin.Ml2Plugin._ensure_default_security_group_handler--9223372036838173856'] for port, before_update _notify_loop /usr/lib/python2.7/site-packages/neutron_lib/callbacks/manager.py:167
2018-06-28 09:42:16.381 27976 DEBUG neutron_lib.callbacks.manager [req-923aeebe-6a86-476f-a639-b4e2e101b099 82758ee9dbed4bdf919e32bc6135cc36 f7db0ec7eef2499fb14973cea9da1187 - default default] Notify callbacks [] for port, precommit_update _notify_loop /usr/lib/python2.7/site-packages/neutron_lib/callbacks/manager.py:167
2018-06-28 09:42:16.402 27976 DEBUG neutron_lib.callbacks.manager [req-923aeebe-6a86-476f-a639-b4e2e101b099 82758ee9dbed4bdf919e32bc6135cc36 f7db0ec7eef2499fb14973cea9da1187 - default default] Notify callbacks ['neutron.plugins.ml2.plugin.Ml2Plugin.notify_sg_on_port_change-16602077', 'neutron.plugins.ml2.ovo_rpc._ObjectChangeHandler.handle_event-1003298', 'neutron.db.l3_dvrscheduler_db._notify_l3_agent_port_update--9223363272798656862', 'neutron.api.rpc.agentnotifiers.dhcp_rpc_agent_api.DhcpAgentNotifyAPI._native_event_send_dhcp_notification-912403', 'neutron.db.l3_hascheduler_db._notify_l3_agent_ha_port_update--9223363272798656787'] for port, after_update _notify_loop /usr/lib/python2.7/site-packages/neutron_lib/callbacks/manager.py:167
2018-06-28 09:42:16.440 27976 DEBUG oslo_concurrency.lockutils [-] Lock "event-dispatch" acquired by "neutron.plugins.ml2.ovo_rpc.dispatch_events" :: waited 0.000s inner /usr/lib/python2.7/site-packages/oslo_concurrency/lockutils.py:270
2018-06-28 09:42:16.737 27976 DEBUG neutron.api.rpc.handlers.resources_rpc [req-923aeebe-6a86-476f-a639-b4e2e101b099 82758ee9dbed4bdf919e32bc6135cc36 f7db0ec7eef2499fb14973cea9da1187 - - -] neutron.api.rpc.handlers.resources_rpc.ResourcesPushRpcApi method push called with arguments (<neutron_lib.context.Context object at 0x7f88a6863590>, [Port(admin_state_up=True,allowed_address_pairs=[],binding=PortBinding,binding_levels=[],created_at=2018-06-28T07:42:14Z,data_plane_status=<?>,description='',device_id='b6c01557-c7a9-4930-9b2f-9924baebe0fd',device_owner='network:floatingip',dhcp_options=[],distributed_binding=None,dns=None,fixed_ips=[IPAllocation],id=1261b11c-33ae-4b98-906d-87b582aaf052,mac_address=fa:16:3e:b8:fd:ec,name='',network_id=bccef923-8280-488c-84aa-955d7841d8ff,project_id='',qos_policy_id=None,revision_number=4,security=PortSecurity(1261b11c-33ae-4b98-906d-87b582aaf052),security_group_ids=set([]),status='N/A',updated_at=2018-06-28T07:42:16Z)], 'updated') {} wrapper /usr/lib/python2.7/site-packages/oslo_log/helpers.py:66
2018-06-28 09:42:16.797 27976 DEBUG oslo_concurrency.lockutils [req-923aeebe-6a86-476f-a639-b4e2e101b099 82758ee9dbed4bdf919e32bc6135cc36 f7db0ec7eef2499fb14973cea9da1187 - - -] Lock "event-dispatch" released by "neutron.plugins.ml2.ovo_rpc.dispatch_events" :: held 0.358s inner /usr/lib/python2.7/site-packages/oslo_concurrency/lockutils.py:282
2018-06-28 09:42:16.837 27976 DEBUG neutron_lib.callbacks.manager [req-923aeebe-6a86-476f-a639-b4e2e101b099 82758ee9dbed4bdf919e32bc6135cc36 f7db0ec7eef2499fb14973cea9da1187 - default default] Notify callbacks ['neutron.services.l3_router.l3_router_plugin.L3RouterPlugin._create_dvr_floating_gw_port-530132'] for floatingip, after_update _notify_loop /usr/lib/python2.7/site-packages/neutron_lib/callbacks/manager.py:167
2018-06-28 09:42:16.945 27976 DEBUG neutron.quota.resource [req-923aeebe-6a86-476f-a639-b4e2e101b099 82758ee9dbed4bdf919e32bc6135cc36 f7db0ec7eef2499fb14973cea9da1187 - default default] Persisted dirty status for tenant:0da5818172b243b5a10cb72ecf1dadcb on resource:floatingip mark_dirty /usr/lib/python2.7/site-packages/neutron/quota/resource.py:207
2018-06-28 09:42:16.952 27976 DEBUG neutron.quota.resource [req-923aeebe-6a86-476f-a639-b4e2e101b099 82758ee9dbed4bdf919e32bc6135cc36 f7db0ec7eef2499fb14973cea9da1187 - default default] Persisted dirty status for tenant: on resource:port mark_dirty /usr/lib/python2.7/site-packages/neutron/quota/resource.py:207
2018-06-28 09:42:16.975 27976 DEBUG neutron_lib.callbacks.manager [req-923aeebe-6a86-476f-a639-b4e2e101b099 82758ee9dbed4bdf919e32bc6135cc36 f7db0ec7eef2499fb14973cea9da1187 - default default] Notify callbacks ['neutron.notifiers.nova.Notifier._send_nova_notification--9223372036854762792'] for floatingip, before_response _notify_loop /usr/lib/python2.7/site-packages/neutron_lib/callbacks/manager.py:167
2018-06-28 09:42:16.978 27976 INFO neutron.wsgi [req-923aeebe-6a86-476f-a639-b4e2e101b099 82758ee9dbed4bdf919e32bc6135cc36 f7db0ec7eef2499fb14973cea9da1187 - default default] 10.0.20.25 "POST /v2.0/floatingips HTTP/1.1" status: 201  len: 674 time: 3.6021631
2018-06-28 09:42:19.319 27979 INFO neutron.wsgi [req-9094f4bc-64a5-40f7-aa55-100e9a0f2f5c db7e024eefa34f0d9525ad1ee1475527 910acf3b84b64f358e48f506530f7cb1 - default default] 10.0.20.25 "GET /v2.0/ports?tenant_id=0da5818172b243b5a10cb72ecf1dadcb&device_id=33bf2262-f0fe-4f2a-8310-78572d7f3a04 HTTP/1.1" status: 200  len: 1125 time: 0.1280911
2018-06-28 09:42:19.347 27978 DEBUG neutron.wsgi [-] (27978) accepted ('10.0.20.25', 55922) server /usr/lib/python2.7/site-packages/eventlet/wsgi.py:883
2018-06-28 09:42:19.552 27979 DEBUG neutron.pecan_wsgi.hooks.policy_enforcement [req-86a5d334-8d66-4a17-9bfb-6cb944423c11 db7e024eefa34f0d9525ad1ee1475527 910acf3b84b64f358e48f506530f7cb1 - default default] Attributes excluded by policy engine: [u'vlan_transparent'] _exclude_attributes_by_policy /usr/lib/python2.7/site-packages/neutron/pecan_wsgi/hooks/policy_enforcement.py:256
2018-06-28 09:42:19.556 27979 INFO neutron.wsgi [req-86a5d334-8d66-4a17-9bfb-6cb944423c11 db7e024eefa34f0d9525ad1ee1475527 910acf3b84b64f358e48f506530f7cb1 - default default] 10.0.20.25 "GET /v2.0/networks?id=41238700-e528-4419-98a6-5ced31eb9a61 HTTP/1.1" status: 200  len: 885 time: 0.2280519
2018-06-28 09:42:19.617 27979 INFO neutron.wsgi [req-e781bbcf-f74b-474f-b9df-e680231fcc1a db7e024eefa34f0d9525ad1ee1475527 910acf3b84b64f358e48f506530f7cb1 - default default] 10.0.20.25 "GET /v2.0/floatingips?fixed_ip_address=11.221.1.11&port_id=d451493d-c11f-42b7-90a7-c5b148e0b91c HTTP/1.1" status: 200  len: 217 time: 0.0505428
2018-06-28 09:42:19.775 27979 DEBUG neutron.pecan_wsgi.hooks.policy_enforcement [req-0789ba23-f5a0-4e7a-9e54-bc7d54fba472 db7e024eefa34f0d9525ad1ee1475527 910acf3b84b64f358e48f506530f7cb1 - default default] Attributes excluded by policy engine: [u'shared'] _exclude_attributes_by_policy /usr/lib/python2.7/site-packages/neutron/pecan_wsgi/hooks/policy_enforcement.py:256
2018-06-28 09:42:19.778 27979 INFO neutron.wsgi [req-0789ba23-f5a0-4e7a-9e54-bc7d54fba472 db7e024eefa34f0d9525ad1ee1475527 910acf3b84b64f358e48f506530f7cb1 - default default] 10.0.20.25 "GET /v2.0/subnets?id=28f5ba7a-ff47-42e6-b807-7954e9c84f1b HTTP/1.1" status: 200  len: 847 time: 0.1524079
2018-06-28 09:42:19.990 27979 INFO neutron.wsgi [req-ae096635-34a4-4ea4-a2a4-c9d514d55b73 db7e024eefa34f0d9525ad1ee1475527 910acf3b84b64f358e48f506530f7cb1 - default default] 10.0.20.25 "GET /v2.0/ports?network_id=41238700-e528-4419-98a6-5ced31eb9a61&device_owner=network%3Adhcp HTTP/1.1" status: 200  len: 1128 time: 0.2031431
2018-06-28 09:42:20.318 27978 INFO neutron.wsgi [req-bfced228-f1b0-485b-8a5f-c82966a7f96f db7e024eefa34f0d9525ad1ee1475527 910acf3b84b64f358e48f506530f7cb1 - default default] 10.0.20.25 "GET /v2.0/ports?device_id=33bf2262-f0fe-4f2a-8310-78572d7f3a04 HTTP/1.1" status: 200  len: 1125 time: 0.9680500
2018-06-28 09:42:20.531 27978 INFO neutron.wsgi [req-78186585-42c0-4bf2-8870-7818b142f4c7 db7e024eefa34f0d9525ad1ee1475527 910acf3b84b64f358e48f506530f7cb1 - default default] 10.0.20.25 "GET /v2.0/security-groups?id=b2e927dd-bd4a-41e6-b980-61e4915d3d11 HTTP/1.1" status: 200  len: 2118 time: 0.1640391
2018-06-28 09:42:23.802 27975 DEBUG neutron.wsgi [-] (27975) accepted ('10.0.20.25', 55966) server /usr/lib/python2.7/site-packages/eventlet/wsgi.py:883
2018-06-28 09:42:23.824 27975 WARNING keystonemiddleware.auth_token [-] Using the in-process token cache is deprecated as of the 4.2.0 release and may be removed in the 5.0.0 release or the 'O' development cycle. The in-process cache causes inconsistent results and high memory usage. When the feature is removed the auth_token middleware will not cache tokens by default which may result in performance issues. It is recommended to use  memcache for the auth_token token cache by setting the memcached_servers option.
2018-06-28 09:42:25.652 27975 DEBUG oslo_policy._cache_handler [req-ef9b7f3a-9574-4745-968f-ab6d9b563ea2 db7e024eefa34f0d9525ad1ee1475527 910acf3b84b64f358e48f506530f7cb1 - default default] Reloading cached file /etc/neutron/policy.json read_cached_file /usr/lib/python2.7/site-packages/oslo_policy/_cache_handler.py:40
2018-06-28 09:42:25.717 27975 DEBUG oslo_policy.policy [req-ef9b7f3a-9574-4745-968f-ab6d9b563ea2 db7e024eefa34f0d9525ad1ee1475527 910acf3b84b64f358e48f506530f7cb1 - default default] Reloaded policy file: /etc/neutron/policy.json _load_policy_file /usr/lib/python2.7/site-packages/oslo_policy/policy.py:681
2018-06-28 09:42:26.450 27975 DEBUG oslo_policy._cache_handler [req-ef9b7f3a-9574-4745-968f-ab6d9b563ea2 db7e024eefa34f0d9525ad1ee1475527 910acf3b84b64f358e48f506530f7cb1 - default default] Reloading cached file /etc/neutron/policy.json read_cached_file /usr/lib/python2.7/site-packages/oslo_policy/_cache_handler.py:40
2018-06-28 09:42:26.486 27975 DEBUG oslo_policy.policy [req-ef9b7f3a-9574-4745-968f-ab6d9b563ea2 db7e024eefa34f0d9525ad1ee1475527 910acf3b84b64f358e48f506530f7cb1 - default default] Reloaded policy file: /etc/neutron/policy.json _load_policy_file /usr/lib/python2.7/site-packages/oslo_policy/policy.py:681
2018-06-28 09:42:26.498 27975 INFO neutron.wsgi [req-ef9b7f3a-9574-4745-968f-ab6d9b563ea2 db7e024eefa34f0d9525ad1ee1475527 910acf3b84b64f358e48f506530f7cb1 - default default] 10.0.20.25 "GET /v2.0/ports?device_id=33bf2262-f0fe-4f2a-8310-78572d7f3a04 HTTP/1.1" status: 200  len: 1125 time: 2.6846900
2018-06-28 09:42:27.040 27975 INFO neutron.wsgi [req-baf84fe1-fcfe-4dbe-8339-35a670bb0c7f db7e024eefa34f0d9525ad1ee1475527 910acf3b84b64f358e48f506530f7cb1 - default default] 10.0.20.25 "GET /v2.0/security-groups?id=b2e927dd-bd4a-41e6-b980-61e4915d3d11 HTTP/1.1" status: 200  len: 2118 time: 0.4922140
2018-06-28 09:42:30.138 27978 DEBUG neutron.wsgi [-] (27978) accepted ('10.0.20.25', 56002) server /usr/lib/python2.7/site-packages/eventlet/wsgi.py:883
2018-06-28 09:42:30.892 27978 INFO neutron.wsgi [req-89f06916-4ef4-4347-97e5-0b870df97088 db7e024eefa34f0d9525ad1ee1475527 910acf3b84b64f358e48f506530f7cb1 - default default] 10.0.20.25 "GET /v2.0/ports?device_id=33bf2262-f0fe-4f2a-8310-78572d7f3a04 HTTP/1.1" status: 200  len: 1125 time: 0.7509730
2018-06-28 09:42:31.035 27992 DEBUG neutron.db.agents_db [req-9028a026-084c-4322-b9b1-35516f7dcad6 - - - - -] Agent healthcheck: found 5 active agents agent_health_check /usr/lib/python2.7/site-packages/neutron/db/agents_db.py:281
2018-06-28 09:42:31.073 27978 INFO neutron.wsgi [req-351f4dc6-ca98-4e6d-88f3-0121ac75729e db7e024eefa34f0d9525ad1ee1475527 910acf3b84b64f358e48f506530f7cb1 - default default] 10.0.20.25 "GET /v2.0/security-groups?id=b2e927dd-bd4a-41e6-b980-61e4915d3d11 HTTP/1.1" status: 200  len: 2118 time: 0.1380019
2018-06-28 09:42:31.917 27976 INFO neutron.wsgi [req-e4ba1431-0e1c-49ad-af50-51862a14a1d4 2d97963631db4e0d979274721d33fc5d 0da5818172b243b5a10cb72ecf1dadcb - 21051451b2244a68b6cd4982535ff42b 21051451b2244a68b6cd4982535ff42b] 10.0.20.25 "GET /v2.0/ports?device_id=33bf2262-f0fe-4f2a-8310-78572d7f3a04 HTTP/1.1" status: 200  len: 1125 time: 0.8518350
2018-06-28 09:42:32.047 27976 INFO neutron.wsgi [req-1d4a6f77-8592-4a40-9fdb-666775d542aa 2d97963631db4e0d979274721d33fc5d 0da5818172b243b5a10cb72ecf1dadcb - 21051451b2244a68b6cd4982535ff42b 21051451b2244a68b6cd4982535ff42b] 10.0.20.25 "GET /v2.0/security-groups?id=b2e927dd-bd4a-41e6-b980-61e4915d3d11 HTTP/1.1" status: 200  len: 2118 time: 0.1240571
2018-06-28 09:42:32.347 27976 INFO neutron.wsgi [req-216207d0-38c1-4750-960d-725da63fceb7 2d97963631db4e0d979274721d33fc5d 0da5818172b243b5a10cb72ecf1dadcb - 21051451b2244a68b6cd4982535ff42b 21051451b2244a68b6cd4982535ff42b] 10.0.20.25 "GET /v2.0/ports?device_owner=compute%3Anova&device_id=33bf2262-f0fe-4f2a-8310-78572d7f3a04 HTTP/1.1" status: 200  len: 1125 time: 0.1426759
2018-06-28 09:42:32.424 27976 DEBUG neutron.quota.resource [req-8b52846f-ee02-4ebc-8e99-49dbf1a17733 2d97963631db4e0d979274721d33fc5d 0da5818172b243b5a10cb72ecf1dadcb - 21051451b2244a68b6cd4982535ff42b 21051451b2244a68b6cd4982535ff42b] Synchronizing usage tracker for tenant:0da5818172b243b5a10cb72ecf1dadcb on resource:floatingip resync /usr/lib/python2.7/site-packages/neutron/quota/resource.py:245
2018-06-28 09:42:32.479 27976 DEBUG neutron.quota.resource [req-8b52846f-ee02-4ebc-8e99-49dbf1a17733 2d97963631db4e0d979274721d33fc5d 0da5818172b243b5a10cb72ecf1dadcb - 21051451b2244a68b6cd4982535ff42b 21051451b2244a68b6cd4982535ff42b] Unset dirty status for tenant:0da5818172b243b5a10cb72ecf1dadcb on resource:floatingip _resync /usr/lib/python2.7/site-packages/neutron/quota/resource.py:237
2018-06-28 09:42:32.482 27976 INFO neutron.wsgi [req-8b52846f-ee02-4ebc-8e99-49dbf1a17733 2d97963631db4e0d979274721d33fc5d 0da5818172b243b5a10cb72ecf1dadcb - 21051451b2244a68b6cd4982535ff42b 21051451b2244a68b6cd4982535ff42b] 10.0.20.25 "GET /v2.0/floatingips?floating_ip_address=172.24.4.3 HTTP/1.1" status: 200  len: 672 time: 0.1250479
2018-06-28 09:42:32.516 27976 DEBUG neutron.api.v2.base [req-8b899484-297f-456d-b75a-26c3e0202516 2d97963631db4e0d979274721d33fc5d 0da5818172b243b5a10cb72ecf1dadcb - 21051451b2244a68b6cd4982535ff42b 21051451b2244a68b6cd4982535ff42b] Request body: {u'floatingip': {u'fixed_ip_address': u'11.221.1.11', u'port_id': u'd451493d-c11f-42b7-90a7-c5b148e0b91c'}} prepare_request_body /usr/lib/python2.7/site-packages/neutron/api/v2/base.py:695
2018-06-28 09:42:32.957 27976 DEBUG neutron_lib.callbacks.manager [req-8b899484-297f-456d-b75a-26c3e0202516 2d97963631db4e0d979274721d33fc5d 0da5818172b243b5a10cb72ecf1dadcb - 21051451b2244a68b6cd4982535ff42b 21051451b2244a68b6cd4982535ff42b] Notify callbacks ['neutron.services.l3_router.l3_router_plugin.L3RouterPlugin._create_dvr_floating_gw_port-530132'] for floatingip, after_update _notify_loop /usr/lib/python2.7/site-packages/neutron_lib/callbacks/manager.py:167
2018-06-28 09:42:33.466 27980 DEBUG neutron.wsgi [-] (27980) accepted ('10.0.20.25', 56022) server /usr/lib/python2.7/site-packages/eventlet/wsgi.py:883
2018-06-28 09:42:33.850 27976 DEBUG neutron.scheduler.l3_agent_scheduler [req-8b899484-297f-456d-b75a-26c3e0202516 2d97963631db4e0d979274721d33fc5d 0da5818172b243b5a10cb72ecf1dadcb - 21051451b2244a68b6cd4982535ff42b 21051451b2244a68b6cd4982535ff42b] Router 978c1071-05ef-4718-8cd7-816c5944f6af has already been hosted by L3 agent 9de63611-f1b0-4194-a76c-11d015d282db _get_candidates /usr/lib/python2.7/site-packages/neutron/scheduler/l3_agent_scheduler.py:141
2018-06-28 09:42:34.068 27976 DEBUG neutron.api.rpc.agentnotifiers.l3_rpc_agent_api [req-8b899484-297f-456d-b75a-26c3e0202516 2d97963631db4e0d979274721d33fc5d 0da5818172b243b5a10cb72ecf1dadcb - 21051451b2244a68b6cd4982535ff42b 21051451b2244a68b6cd4982535ff42b] Notify agent at l3_agent.localhost.localdomain the message routers_updated _agent_notification /usr/lib/python2.7/site-packages/neutron/api/rpc/agentnotifiers/l3_rpc_agent_api.py:69
2018-06-28 09:42:34.101 27976 DEBUG neutron_lib.callbacks.manager [req-8b899484-297f-456d-b75a-26c3e0202516 2d97963631db4e0d979274721d33fc5d 0da5818172b243b5a10cb72ecf1dadcb - 21051451b2244a68b6cd4982535ff42b 21051451b2244a68b6cd4982535ff42b] Notify callbacks ['neutron.notifiers.nova.Notifier._send_nova_notification--9223372036854762792'] for floatingip, before_response _notify_loop /usr/lib/python2.7/site-packages/neutron_lib/callbacks/manager.py:167
2018-06-28 09:42:34.123 27986 DEBUG neutron.db.l3_hamode_db [req-11cb76ea-2591-458b-af62-47846c67aaac - - - - -] neutron.services.l3_router.l3_router_plugin.L3RouterPlugin method get_ha_sync_data_for_host called with arguments (<neutron_lib.context.Context object at 0x7f88a6b4f790>, u'localhost.localdomain', <neutron.db.models.agent.Agent[object at 7f88a686f110] {id=u'9de63611-f1b0-4194-a76c-11d015d282db', agent_type=u'L3 agent', binary=u'neutron-l3-agent', topic=u'l3_agent', host=u'localhost.localdomain', availability_zone=u'nova', admin_state_up=True, created_at=datetime.datetime(2018, 6, 7, 12, 43, 41), started_at=datetime.datetime(2018, 6, 28, 7, 23, 44), heartbeat_timestamp=datetime.datetime(2018, 6, 28, 7, 42, 14), description=None, configurations=u'{"agent_mode": "legacy", "gateway_external_network_id": "", "handle_internal_only_routers": true, "routers": 3, "interfaces": 3, "floating_ips": 0, "interface_driver": "neutron.agent.linux.interface.OVSInterfaceDriver", "log_agent_heartbeats": false, "external_network_bridge": "", "ex_gw_ports": 3}', resource_versions=None, load=0}>) {'active': True, 'router_ids': ['978c1071-05ef-4718-8cd7-816c5944f6af']} wrapper /usr/lib/python2.7/site-packages/oslo_log/helpers.py:66
2018-06-28 09:42:34.132 27980 INFO neutron.wsgi [req-5e06d2e5-7216-4b99-bc1c-5d9d80f4d292 db7e024eefa34f0d9525ad1ee1475527 910acf3b84b64f358e48f506530f7cb1 - default default] 10.0.20.25 "GET /v2.0/ports?device_id=33bf2262-f0fe-4f2a-8310-78572d7f3a04 HTTP/1.1" status: 200  len: 1125 time: 0.6629310
2018-06-28 09:42:34.210 27976 INFO neutron.wsgi [req-8b899484-297f-456d-b75a-26c3e0202516 2d97963631db4e0d979274721d33fc5d 0da5818172b243b5a10cb72ecf1dadcb - 21051451b2244a68b6cd4982535ff42b 21051451b2244a68b6cd4982535ff42b] 10.0.20.25 "PUT /v2.0/floatingips/b6c01557-c7a9-4930-9b2f-9924baebe0fd HTTP/1.1" status: 200  len: 746 time: 1.7212050
2018-06-28 09:42:34.212 27976 DEBUG oslo_concurrency.lockutils [-] Lock "notifier-9d89be5f-601b-447e-a67b-42c23b6abd2d" acquired by "neutron.notifiers.batch_notifier.synced_send" :: waited 0.000s inner /usr/lib/python2.7/site-packages/oslo_concurrency/lockutils.py:270
2018-06-28 09:42:34.212 27976 DEBUG neutron.notifiers.nova [-] Sending events: [{'tag': u'd451493d-c11f-42b7-90a7-c5b148e0b91c', 'name': 'network-changed', 'server_uuid': u'33bf2262-f0fe-4f2a-8310-78572d7f3a04'}] send_events /usr/lib/python2.7/site-packages/neutron/notifiers/nova.py:242
2018-06-28 09:42:34.720 27980 INFO neutron.wsgi [req-4d1e559c-4327-4c0c-bc7a-8ff729608446 db7e024eefa34f0d9525ad1ee1475527 910acf3b84b64f358e48f506530f7cb1 - default default] 10.0.20.25 "GET /v2.0/security-groups?id=b2e927dd-bd4a-41e6-b980-61e4915d3d11 HTTP/1.1" status: 200  len: 2118 time: 0.5408652
2018-06-28 09:42:35.083 27986 DEBUG neutron.db.l3_hamode_db [req-11cb76ea-2591-458b-af62-47846c67aaac - - - - -] neutron.services.l3_router.l3_router_plugin.L3RouterPlugin method _process_sync_ha_data called with arguments (<neutron_lib.context.Context object at 0x7f88a6b4f790>, [{'status': u'ACTIVE', '_interfaces': [{'status': u'ACTIVE', 'subnets': [{'dns_nameservers': [u'8.8.4.4'], 'ipv6_ra_mode': None, 'gateway_ip': u'11.221.1.1', 'cidr': u'11.221.1.0/24', 'id': u'28f5ba7a-ff47-42e6-b807-7954e9c84f1b', 'subnetpool_id': None}], 'binding:host_id': u'localhost.localdomain', 'description': u'', 'allowed_address_pairs': [], 'tags': [], 'extra_dhcp_opts': [], 'updated_at': '2018-06-28T07:40:57Z', 'device_owner': u'network:router_interface', 'revision_number': 7, 'port_security_enabled': False, 'binding:profile': {}, 'mtu': 1450, 'fixed_ips': [{'subnet_id': u'28f5ba7a-ff47-42e6-b807-7954e9c84f1b', 'prefixlen': 24, 'ip_address': u'11.221.1.1'}], 'id': u'b9641a1d-6d75-416f-a1d0-e169a56c363a', 'security_groups': [], 'device_id': u'978c1071-05ef-4718-8cd7-816c5944f6af', 'name': u'', 'admin_state_up': True, 'network_id': u'41238700-e528-4419-98a6-5ced31eb9a61', 'tenant_id': u'0da5818172b243b5a10cb72ecf1dadcb', 'binding:vif_details': {u'port_filter': True, u'datapath_type': u'system', u'ovs_hybrid_plug': True}, 'address_scopes': {4: None, 6: None}, 'binding:vnic_type': u'normal', 'binding:vif_type': u'ovs', 'mac_address': u'fa:16:3e:7c:6f:57', 'project_id': u'0da5818172b243b5a10cb72ecf1dadcb', 'extra_subnets': [], 'created_at': '2018-06-28T07:40:47Z'}], 'enable_snat': True, 'ha_vr_id': 0, 'description': u'', 'tags': [], 'gw_port': {'status': u'ACTIVE', 'subnets': [{'dns_nameservers': [], 'ipv6_ra_mode': None, 'gateway_ip': u'172.24.4.1', 'cidr': u'172.24.4.0/24', 'id': u'4c4b2f34-8d32-4a55-b583-46e460575449', 'subnetpool_id': None}], 'binding:host_id': u'localhost.localdomain', 'description': u'', 'allowed_address_pairs': [], 'tags': [], 'extra_dhcp_opts': [], 'updated_at': '2018-06-28T07:41:10Z', 'device_owner': u'network:router_gateway', 'revision_number': 6, 'port_security_enabled': False, 'binding:profile': {}, 'mtu': 1500, 'fixed_ips': [{'subnet_id': u'4c4b2f34-8d32-4a55-b583-46e460575449', 'prefixlen': 24, 'ip_address': u'172.24.4.8'}], 'id': u'a2f9ba08-0a75-4997-8e14-ce5b7ad40f1a', 'security_groups': [], 'device_id': u'978c1071-05ef-4718-8cd7-816c5944f6af', 'name': u'', 'admin_state_up': True, 'network_id': u'bccef923-8280-488c-84aa-955d7841d8ff', 'tenant_id': u'', 'binding:vif_details': {u'port_filter': True, u'datapath_type': u'system', u'ovs_hybrid_plug': True}, 'address_scopes': {4: None, 6: None}, 'binding:vnic_type': u'normal', 'binding:vif_type': u'ovs', 'mac_address': u'fa:16:3e:19:bc:cd', 'project_id': u'', 'extra_subnets': [], 'created_at': '2018-06-28T07:41:02Z'}, 'updated_at': '2018-06-28T07:41:04Z', 'revision_number': 3, 'ha': False, 'id': u'978c1071-05ef-4718-8cd7-816c5944f6af', 'gw_port_host': u'localhost.localdomain', 'external_gateway_info': {'network_id': u'bccef923-8280-488c-84aa-955d7841d8ff', 'enable_snat': True, 'external_fixed_ips': [{'subnet_id': u'4c4b2f34-8d32-4a55-b583-46e460575449', 'ip_address': u'172.24.4.8'}]}, 'availability_zone_hints': [], 'availability_zones': [u'nova'], 'name': u'tempest-router-1530171461', 'gw_port_id': u'a2f9ba08-0a75-4997-8e14-ce5b7ad40f1a', 'admin_state_up': True, 'tenant_id': u'0da5818172b243b5a10cb72ecf1dadcb', 'created_at': '2018-06-28T07:40:29Z', 'distributed': False, 'flavor_id': None, 'routes': [], 'project_id': u'0da5818172b243b5a10cb72ecf1dadcb', '_floatingips': [{'router_id': u'978c1071-05ef-4718-8cd7-816c5944f6af', 'status': u'DOWN', 'description': u'', 'tags': [], 'updated_at': '2018-06-28T07:42:32Z', 'dns_domain': '', 'floating_network_id': u'bccef923-8280-488c-84aa-955d7841d8ff', 'fixed_ip_address': u'11.221.1.11', 'floating_ip_address': u'172.24.4.3', 'revision_number': 1, 'port_id': u'd451493d-c11f-42b7-90a7-c5b148e0b91c', 'id': u'b6c01557-c7a9-4930-9b2f-9924baebe0fd', 'dns_name': '', 'created_at': '2018-06-28T07:42:15Z', 'tenant_id': u'0da5818172b243b5a10cb72ecf1dadcb', 'fixed_ip_address_scope': None, 'project_id': u'0da5818172b243b5a10cb72ecf1dadcb'}]}], u'localhost.localdomain', False) {} wrapper /usr/lib/python2.7/site-packages/oslo_log/helpers.py:66
2018-06-28 09:42:35.098 27986 DEBUG neutron.api.rpc.handlers.l3_rpc [req-11cb76ea-2591-458b-af62-47846c67aaac - - - - -] Checking router: 978c1071-05ef-4718-8cd7-816c5944f6af for host: localhost.localdomain _ensure_host_set_on_ports /usr/lib/python2.7/site-packages/neutron/api/rpc/handlers/l3_rpc.py:135
2018-06-28 09:42:35.459 27992 DEBUG neutron.api.rpc.handlers.l3_rpc [req-0b374920-2129-43d0-9681-26c2f17312d9 - - - - -] New status for floating IP b6c01557-c7a9-4930-9b2f-9924baebe0fd: ACTIVE update_floatingip_statuses /usr/lib/python2.7/site-packages/neutron/api/rpc/handlers/l3_rpc.py:252
2018-06-28 09:42:35.491 27976 DEBUG novaclient.v2.client [-] REQ: curl -g -i -X POST http://10.0.20.25:8774/v2.1/910acf3b84b64f358e48f506530f7cb1/os-server-external-events -H "User-Agent: python-novaclient" -H "Content-Type: application/json" -H "Accept: application/json" -H "X-OpenStack-Nova-API-Version: 2.1" -H "X-Auth-Token: {SHA1}4d60572330e7d38435633e33bf45aa67c9875296" -d '{"events": [{"tag": "d451493d-c11f-42b7-90a7-c5b148e0b91c", "name": "network-changed", "server_uuid": "33bf2262-f0fe-4f2a-8310-78572d7f3a04"}]}' _http_log_request /usr/lib/python2.7/site-packages/keystoneauth1/session.py:375
2018-06-28 09:42:36.040 27976 DEBUG novaclient.v2.client [-] RESP: [200] Content-Length: 179 Content-Type: application/json Openstack-Api-Version: compute 2.1 X-Openstack-Nova-Api-Version: 2.1 Vary: OpenStack-API-Version, X-OpenStack-Nova-API-Version X-Openstack-Request-Id: req-d990a0d1-c537-4b4f-beea-81574b4f5f88 X-Compute-Request-Id: req-d990a0d1-c537-4b4f-beea-81574b4f5f88 Date: Thu, 28 Jun 2018 07:42:36 GMT Connection: keep-alive 
RESP BODY: {"events": [{"status": "completed", "tag": "d451493d-c11f-42b7-90a7-c5b148e0b91c", "name": "network-changed", "server_uuid": "33bf2262-f0fe-4f2a-8310-78572d7f3a04", "code": 200}]}
 _http_log_response /usr/lib/python2.7/site-packages/keystoneauth1/session.py:423
2018-06-28 09:42:36.041 27976 DEBUG novaclient.v2.client [-] POST call to compute for http://10.0.20.25:8774/v2.1/910acf3b84b64f358e48f506530f7cb1/os-server-external-events used request id req-d990a0d1-c537-4b4f-beea-81574b4f5f88 request /usr/lib/python2.7/site-packages/keystoneauth1/session.py:727
2018-06-28 09:42:36.050 27976 INFO neutron.wsgi [req-91e0f81f-84c4-4d4c-bb8c-fec5123ae8dd db7e024eefa34f0d9525ad1ee1475527 910acf3b84b64f358e48f506530f7cb1 - default default] 10.0.20.25 "GET /v2.0/ports?tenant_id=0da5818172b243b5a10cb72ecf1dadcb&device_id=33bf2262-f0fe-4f2a-8310-78572d7f3a04 HTTP/1.1" status: 200  len: 1125 time: 0.6297729
2018-06-28 09:42:36.054 27976 INFO neutron.notifiers.nova [-] Nova event response: {u'status': u'completed', u'tag': u'd451493d-c11f-42b7-90a7-c5b148e0b91c', u'name': u'network-changed', u'server_uuid': u'33bf2262-f0fe-4f2a-8310-78572d7f3a04', u'code': 200}
2018-06-28 09:42:36.208 27979 INFO neutron.wsgi [req-c618db11-844f-4d46-93c0-9a4b9fd476dd db7e024eefa34f0d9525ad1ee1475527 910acf3b84b64f358e48f506530f7cb1 - default default] 10.0.20.25 "GET /v2.0/ports?tenant_id=0da5818172b243b5a10cb72ecf1dadcb&device_id=33bf2262-f0fe-4f2a-8310-78572d7f3a04 HTTP/1.1" status: 200  len: 1125 time: 0.1470108
2018-06-28 09:42:36.324 27976 DEBUG neutron.pecan_wsgi.hooks.policy_enforcement [req-2df023bf-0f6e-4595-8504-b4fe32118777 db7e024eefa34f0d9525ad1ee1475527 910acf3b84b64f358e48f506530f7cb1 - default default] Attributes excluded by policy engine: [u'vlan_transparent'] _exclude_attributes_by_policy /usr/lib/python2.7/site-packages/neutron/pecan_wsgi/hooks/policy_enforcement.py:256
2018-06-28 09:42:36.327 27976 INFO neutron.wsgi [req-2df023bf-0f6e-4595-8504-b4fe32118777 db7e024eefa34f0d9525ad1ee1475527 910acf3b84b64f358e48f506530f7cb1 - default default] 10.0.20.25 "GET /v2.0/networks?id=41238700-e528-4419-98a6-5ced31eb9a61 HTTP/1.1" status: 200  len: 885 time: 0.2695680
2018-06-28 09:42:36.385 27976 INFO neutron.wsgi [req-28edb2f9-02aa-454d-853c-4c9061845e4e db7e024eefa34f0d9525ad1ee1475527 910acf3b84b64f358e48f506530f7cb1 - default default] 10.0.20.25 "GET /v2.0/floatingips?fixed_ip_address=11.221.1.11&port_id=d451493d-c11f-42b7-90a7-c5b148e0b91c HTTP/1.1" status: 200  len: 751 time: 0.0512481
2018-06-28 09:42:36.474 27979 DEBUG neutron.pecan_wsgi.hooks.policy_enforcement [req-b2815f55-42d9-43e5-8fe9-b2403f68978d db7e024eefa34f0d9525ad1ee1475527 910acf3b84b64f358e48f506530f7cb1 - default default] Attributes excluded by policy engine: [u'vlan_transparent'] _exclude_attributes_by_policy /usr/lib/python2.7/site-packages/neutron/pecan_wsgi/hooks/policy_enforcement.py:256
2018-06-28 09:42:36.477 27979 INFO neutron.wsgi [req-b2815f55-42d9-43e5-8fe9-b2403f68978d db7e024eefa34f0d9525ad1ee1475527 910acf3b84b64f358e48f506530f7cb1 - default default] 10.0.20.25 "GET /v2.0/networks?id=41238700-e528-4419-98a6-5ced31eb9a61 HTTP/1.1" status: 200  len: 885 time: 0.2596262
2018-06-28 09:42:36.538 27979 INFO neutron.wsgi [req-f40b7b8d-d5c9-4143-975c-864beab0eeab db7e024eefa34f0d9525ad1ee1475527 910acf3b84b64f358e48f506530f7cb1 - default default] 10.0.20.25 "GET /v2.0/floatingips?fixed_ip_address=11.221.1.11&port_id=d451493d-c11f-42b7-90a7-c5b148e0b91c HTTP/1.1" status: 200  len: 751 time: 0.0525868
2018-06-28 09:42:36.557 27976 DEBUG neutron.pecan_wsgi.hooks.policy_enforcement [req-61031de6-63aa-4169-a4fb-bfd278617c04 db7e024eefa34f0d9525ad1ee1475527 910acf3b84b64f358e48f506530f7cb1 - default default] Attributes excluded by policy engine: [u'shared'] _exclude_attributes_by_policy /usr/lib/python2.7/site-packages/neutron/pecan_wsgi/hooks/policy_enforcement.py:256
2018-06-28 09:42:36.561 27976 INFO neutron.wsgi [req-61031de6-63aa-4169-a4fb-bfd278617c04 db7e024eefa34f0d9525ad1ee1475527 910acf3b84b64f358e48f506530f7cb1 - default default] 10.0.20.25 "GET /v2.0/subnets?id=28f5ba7a-ff47-42e6-b807-7954e9c84f1b HTTP/1.1" status: 200  len: 847 time: 0.1677060
2018-06-28 09:42:36.709 27979 DEBUG neutron.pecan_wsgi.hooks.policy_enforcement [req-c0acf666-8e26-454e-a7e6-c12a3667e06e db7e024eefa34f0d9525ad1ee1475527 910acf3b84b64f358e48f506530f7cb1 - default default] Attributes excluded by policy engine: [u'shared'] _exclude_attributes_by_policy /usr/lib/python2.7/site-packages/neutron/pecan_wsgi/hooks/policy_enforcement.py:256
2018-06-28 09:42:36.713 27979 INFO neutron.wsgi [req-c0acf666-8e26-454e-a7e6-c12a3667e06e db7e024eefa34f0d9525ad1ee1475527 910acf3b84b64f358e48f506530f7cb1 - default default] 10.0.20.25 "GET /v2.0/subnets?id=28f5ba7a-ff47-42e6-b807-7954e9c84f1b HTTP/1.1" status: 200  len: 847 time: 0.1663849
2018-06-28 09:42:36.717 27976 INFO neutron.wsgi [req-b243741c-427b-42de-a583-93d64d3227f6 db7e024eefa34f0d9525ad1ee1475527 910acf3b84b64f358e48f506530f7cb1 - default default] 10.0.20.25 "GET /v2.0/ports?network_id=41238700-e528-4419-98a6-5ced31eb9a61&device_owner=network%3Adhcp HTTP/1.1" status: 200  len: 1128 time: 0.1493120
2018-06-28 09:42:36.880 27979 INFO neutron.wsgi [req-dc168e2e-e101-459a-8369-fcec8a18b987 db7e024eefa34f0d9525ad1ee1475527 910acf3b84b64f358e48f506530f7cb1 - default default] 10.0.20.25 "GET /v2.0/ports?network_id=41238700-e528-4419-98a6-5ced31eb9a61&device_owner=network%3Adhcp HTTP/1.1" status: 200  len: 1128 time: 0.1572499
2018-06-28 09:42:37.205 27982 DEBUG neutron.wsgi [-] (27982) accepted ('10.0.20.25', 56062) server /usr/lib/python2.7/site-packages/eventlet/wsgi.py:883
2018-06-28 09:42:37.651 27982 INFO neutron.wsgi [req-2a7d7e27-ffdc-4bb6-a327-02c528d3fa24 db7e024eefa34f0d9525ad1ee1475527 910acf3b84b64f358e48f506530f7cb1 - default default] 10.0.20.25 "GET /v2.0/ports?device_id=33bf2262-f0fe-4f2a-8310-78572d7f3a04 HTTP/1.1" status: 200  len: 1125 time: 0.4444990
2018-06-28 09:42:37.829 27982 INFO neutron.wsgi [req-b2efd157-0064-4b3d-866a-cba014a1cf91 db7e024eefa34f0d9525ad1ee1475527 910acf3b84b64f358e48f506530f7cb1 - default default] 10.0.20.25 "GET /v2.0/security-groups?id=b2e927dd-bd4a-41e6-b980-61e4915d3d11 HTTP/1.1" status: 200  len: 2118 time: 0.1314681
2018-06-28 09:42:38.056 27976 DEBUG oslo_concurrency.lockutils [-] Lock "notifier-9d89be5f-601b-447e-a67b-42c23b6abd2d" released by "neutron.notifiers.batch_notifier.synced_send" :: held 3.844s inner /usr/lib/python2.7/site-packages/oslo_concurrency/lockutils.py:282
2018-06-28 09:42:40.409 27980 DEBUG neutron.wsgi [-] (27980) accepted ('10.0.20.25', 56084) server /usr/lib/python2.7/site-packages/eventlet/wsgi.py:883
2018-06-28 09:42:40.995 27980 INFO neutron.wsgi [req-f8a6f8d5-a6f6-4d63-8eae-4f517610d0de db7e024eefa34f0d9525ad1ee1475527 910acf3b84b64f358e48f506530f7cb1 - default default] 10.0.20.25 "GET /v2.0/ports?device_id=33bf2262-f0fe-4f2a-8310-78572d7f3a04 HTTP/1.1" status: 200  len: 1125 time: 0.5841742
2018-06-28 09:42:41.169 27980 INFO neutron.wsgi [req-1bea2748-100c-449f-a790-f5ba5b4d9540 db7e024eefa34f0d9525ad1ee1475527 910acf3b84b64f358e48f506530f7cb1 - default default] 10.0.20.25 "GET /v2.0/security-groups?id=b2e927dd-bd4a-41e6-b980-61e4915d3d11 HTTP/1.1" status: 200  len: 2118 time: 0.1321480
2018-06-28 09:42:43.551 27982 DEBUG neutron.wsgi [-] (27982) accepted ('10.0.20.25', 56400) server /usr/lib/python2.7/site-packages/eventlet/wsgi.py:883
2018-06-28 09:42:43.552 27985 DEBUG neutron_lib.callbacks.manager [req-12847336-1d25-491e-b6b7-16e733e2e0d5 - - - - -] Notify callbacks ['neutron.services.segments.db._update_segment_host_mapping_for_agent-8764056480562'] for agent, after_update _notify_loop /usr/lib/python2.7/site-packages/neutron_lib/callbacks/manager.py:167
2018-06-28 09:42:43.658 27989 DEBUG neutron_lib.callbacks.manager [req-a921a808-9c88-4278-9b25-667661afea73 - - - - -] Notify callbacks ['neutron.services.segments.db._update_segment_host_mapping_for_agent-8764056480562'] for agent, after_update _notify_loop /usr/lib/python2.7/site-packages/neutron_lib/callbacks/manager.py:167
2018-06-28 09:42:43.659 27983 DEBUG neutron_lib.callbacks.manager [req-af235bae-54c6-4702-a0f5-277127dc8f49 - - - - -] Notify callbacks ['neutron.services.segments.db._update_segment_host_mapping_for_agent-8764056480562'] for agent, after_update _notify_loop /usr/lib/python2.7/site-packages/neutron_lib/callbacks/manager.py:167
2018-06-28 09:42:43.688 27987 DEBUG neutron_lib.callbacks.manager [req-8108367e-6be1-493a-8dd9-a81cb309e812 - - - - -] Notify callbacks ['neutron.services.segments.db._update_segment_host_mapping_for_agent-8764056480562'] for agent, after_update _notify_loop /usr/lib/python2.7/site-packages/neutron_lib/callbacks/manager.py:167
2018-06-28 09:42:44.214 27990 DEBUG neutron_lib.callbacks.manager [req-bc157e0b-86de-4de7-9b2f-baf98d4063ac - - - - -] Notify callbacks ['neutron.services.segments.db._update_segment_host_mapping_for_agent-8764056480562'] for agent, after_update _notify_loop /usr/lib/python2.7/site-packages/neutron_lib/callbacks/manager.py:167
2018-06-28 09:42:44.241 27982 INFO neutron.wsgi [req-8c332ce1-4db7-430f-b5a1-dd1a2b0857ca db7e024eefa34f0d9525ad1ee1475527 910acf3b84b64f358e48f506530f7cb1 - default default] 10.0.20.25 "GET /v2.0/ports?device_id=33bf2262-f0fe-4f2a-8310-78572d7f3a04 HTTP/1.1" status: 200  len: 1125 time: 0.6872580
2018-06-28 09:42:44.416 27982 INFO neutron.wsgi [req-a3e43363-95b9-4b8b-b7e6-23a21db03347 db7e024eefa34f0d9525ad1ee1475527 910acf3b84b64f358e48f506530f7cb1 - default default] 10.0.20.25 "GET /v2.0/security-groups?id=b2e927dd-bd4a-41e6-b980-61e4915d3d11 HTTP/1.1" status: 200  len: 2118 time: 0.1296930
2018-06-28 09:42:46.967 27975 INFO neutron.wsgi [req-96cdf06a-6386-4e1f-a7d9-a5264091f50c db7e024eefa34f0d9525ad1ee1475527 910acf3b84b64f358e48f506530f7cb1 - default default] 10.0.20.25 "GET /v2.0/ports?device_id=33bf2262-f0fe-4f2a-8310-78572d7f3a04 HTTP/1.1" status: 200  len: 1125 time: 0.1557839
2018-06-28 09:42:47.115 27975 INFO neutron.wsgi [req-5298fafd-3c38-4692-aaae-7c306fca8e9a db7e024eefa34f0d9525ad1ee1475527 910acf3b84b64f358e48f506530f7cb1 - default default] 10.0.20.25 "GET /v2.0/security-groups?id=b2e927dd-bd4a-41e6-b980-61e4915d3d11 HTTP/1.1" status: 200  len: 2118 time: 0.1419089
2018-06-28 09:42:48.753 27982 DEBUG neutron.wsgi [-] (27982) accepted ('10.0.20.25', 57166) server /usr/lib/python2.7/site-packages/eventlet/wsgi.py:883
2018-06-28 09:42:49.760 27982 INFO neutron.wsgi [req-68fa30ae-b62a-420d-97a6-f182b7343f87 2d97963631db4e0d979274721d33fc5d 0da5818172b243b5a10cb72ecf1dadcb - 21051451b2244a68b6cd4982535ff42b 21051451b2244a68b6cd4982535ff42b] 10.0.20.25 "GET /v2.0/ports?device_id=33bf2262-f0fe-4f2a-8310-78572d7f3a04 HTTP/1.1" status: 200  len: 1125 time: 1.0042582
2018-06-28 09:42:50.208 27982 INFO neutron.wsgi [req-296f7557-1fcc-4909-8204-3b4f7feb25c2 2d97963631db4e0d979274721d33fc5d 0da5818172b243b5a10cb72ecf1dadcb - 21051451b2244a68b6cd4982535ff42b 21051451b2244a68b6cd4982535ff42b] 10.0.20.25 "GET /v2.0/security-groups?id=b2e927dd-bd4a-41e6-b980-61e4915d3d11 HTTP/1.1" status: 200  len: 2118 time: 0.4092040
2018-06-28 09:43:08.033 27992 DEBUG neutron.db.agents_db [req-9028a026-084c-4322-b9b1-35516f7dcad6 - - - - -] Agent healthcheck: found 5 active agents agent_health_check /usr/lib/python2.7/site-packages/neutron/db/agents_db.py:281
