2018-06-28 21:17:11.147 25980 DEBUG neutron_lib.callbacks.manager [req-5b0f7d8c-d91e-4756-82c9-025ac37509b1 - - - - -] Notify callbacks ['neutron.api.rpc.agentnotifiers.dhcp_rpc_agent_api.DhcpAgentNotifyAPI._native_event_send_dhcp_notification-767251', 'neutron.db.l3_dvrscheduler_db._notify_l3_agent_port_update-8790322738858', 'neutron.db.l3_hascheduler_db._notify_l3_agent_ha_port_update-8790322738933', 'neutron.plugins.ml2.ovo_rpc._ObjectChangeHandler.handle_event-643618', 'neutron.plugins.ml2.plugin.Ml2Plugin.notify_sg_on_port_change-3850205'] for port, after_update _notify_loop /usr/lib/python2.7/site-packages/neutron_lib/callbacks/manager.py:167
2018-06-28 21:17:11.152 25980 DEBUG oslo_concurrency.lockutils [-] Lock "event-dispatch" acquired by "neutron.plugins.ml2.ovo_rpc.dispatch_events" :: waited 0.000s inner /usr/lib/python2.7/site-packages/oslo_concurrency/lockutils.py:270
2018-06-28 21:17:11.294 25980 DEBUG neutron.api.rpc.handlers.resources_rpc [req-5b0f7d8c-d91e-4756-82c9-025ac37509b1 - - - - -] neutron.api.rpc.handlers.resources_rpc.ResourcesPushRpcApi method push called with arguments (<neutron_lib.context.Context object at 0x7fea806285d0>, [Port(admin_state_up=True,allowed_address_pairs=[],binding=PortBinding,binding_levels=[PortBindingLevel],created_at=2018-06-28T19:17:03Z,data_plane_status=<?>,description='',device_id='cb23b74f-e554-48a2-9c28-e9fa55e5c2f5',device_owner='network:router_gateway',dhcp_options=[],distributed_binding=None,dns=None,fixed_ips=[IPAllocation],id=d6e66259-95f6-4544-9b22-97d180b7259e,mac_address=fa:16:3e:99:09:a4,name='',network_id=bccef923-8280-488c-84aa-955d7841d8ff,project_id='',qos_policy_id=None,revision_number=6,security=PortSecurity(d6e66259-95f6-4544-9b22-97d180b7259e),security_group_ids=set([]),status='ACTIVE',updated_at=2018-06-28T19:17:11Z)], 'updated') {} wrapper /usr/lib/python2.7/site-packages/oslo_log/helpers.py:66
2018-06-28 21:17:11.315 25980 DEBUG oslo_concurrency.lockutils [req-5b0f7d8c-d91e-4756-82c9-025ac37509b1 - - - - -] Lock "event-dispatch" released by "neutron.plugins.ml2.ovo_rpc.dispatch_events" :: held 0.163s inner /usr/lib/python2.7/site-packages/oslo_concurrency/lockutils.py:282
2018-06-28 21:17:12.302 25988 DEBUG neutron.db.agents_db [req-d3ac866a-82a1-49a7-ae73-ee34354e9e33 - - - - -] Agent healthcheck: found 5 active agents agent_health_check /usr/lib/python2.7/site-packages/neutron/db/agents_db.py:281
2018-06-28 21:17:12.573 25982 DEBUG neutron.plugins.ml2.rpc [req-5b0f7d8c-d91e-4756-82c9-025ac37509b1 - - - - -] Device d6e66259-95f6-4544-9b22-97d180b7259e up at agent ovs-agent-localhost.localdomain update_device_up /usr/lib/python2.7/site-packages/neutron/plugins/ml2/rpc.py:244
2018-06-28 21:17:12.714 25982 DEBUG neutron.db.provisioning_blocks [req-5b0f7d8c-d91e-4756-82c9-025ac37509b1 - - - - -] Provisioning complete for port d6e66259-95f6-4544-9b22-97d180b7259e triggered by entity L2. provisioning_complete /usr/lib/python2.7/site-packages/neutron/db/provisioning_blocks.py:138
2018-06-28 21:17:12.715 25982 DEBUG neutron_lib.callbacks.manager [req-5b0f7d8c-d91e-4756-82c9-025ac37509b1 - - - - -] Notify callbacks ['neutron.plugins.ml2.plugin.Ml2Plugin._port_provisioned-3555756'] for port, provisioning_complete _notify_loop /usr/lib/python2.7/site-packages/neutron_lib/callbacks/manager.py:167
2018-06-28 21:17:18.695 25974 DEBUG neutron.wsgi [-] (25974) accepted ('10.0.20.25', 51018) server /usr/lib/python2.7/site-packages/eventlet/wsgi.py:883
2018-06-28 21:17:18.701 25974 INFO neutron.wsgi [-] 10.0.20.25 "GET / HTTP/1.1" status: 200  len: 252 time: 0.0042849
2018-06-28 21:17:19.298 25974 INFO neutron.pecan_wsgi.hooks.translation [req-bfdf0cf8-89bc-4986-bfd0-5e2ee5db1b29 c0a3fd11cb7549fbbda1d865010855d0 67f2732d29e24f239afa39f792e1bf09 - 5441704a62794a5ab6a5ce3009169845 5441704a62794a5ab6a5ce3009169845] GET failed (client error): The resource could not be found.
2018-06-28 21:17:19.301 25974 INFO neutron.wsgi [req-bfdf0cf8-89bc-4986-bfd0-5e2ee5db1b29 c0a3fd11cb7549fbbda1d865010855d0 67f2732d29e24f239afa39f792e1bf09 - 5441704a62794a5ab6a5ce3009169845 5441704a62794a5ab6a5ce3009169845] 10.0.20.25 "GET /v2.0/networks/tempest-private-1530213201 HTTP/1.1" status: 404  len: 334 time: 0.5922091
2018-06-28 21:17:19.593 25974 DEBUG neutron.pecan_wsgi.hooks.policy_enforcement [req-bba0d946-615c-4940-a141-84ea014adb2e c0a3fd11cb7549fbbda1d865010855d0 67f2732d29e24f239afa39f792e1bf09 - 5441704a62794a5ab6a5ce3009169845 5441704a62794a5ab6a5ce3009169845] Attributes excluded by policy engine: [u'vlan_transparent'] _exclude_attributes_by_policy /usr/lib/python2.7/site-packages/neutron/pecan_wsgi/hooks/policy_enforcement.py:256
2018-06-28 21:17:19.594 25974 DEBUG neutron.pecan_wsgi.hooks.policy_enforcement [req-bba0d946-615c-4940-a141-84ea014adb2e c0a3fd11cb7549fbbda1d865010855d0 67f2732d29e24f239afa39f792e1bf09 - 5441704a62794a5ab6a5ce3009169845 5441704a62794a5ab6a5ce3009169845] Attributes excluded by policy engine: [u'vlan_transparent'] _exclude_attributes_by_policy /usr/lib/python2.7/site-packages/neutron/pecan_wsgi/hooks/policy_enforcement.py:256
2018-06-28 21:17:19.595 25974 DEBUG neutron.pecan_wsgi.hooks.policy_enforcement [req-bba0d946-615c-4940-a141-84ea014adb2e c0a3fd11cb7549fbbda1d865010855d0 67f2732d29e24f239afa39f792e1bf09 - 5441704a62794a5ab6a5ce3009169845 5441704a62794a5ab6a5ce3009169845] Attributes excluded by policy engine: [u'vlan_transparent'] _exclude_attributes_by_policy /usr/lib/python2.7/site-packages/neutron/pecan_wsgi/hooks/policy_enforcement.py:256
2018-06-28 21:17:19.598 25974 INFO neutron.wsgi [req-bba0d946-615c-4940-a141-84ea014adb2e c0a3fd11cb7549fbbda1d865010855d0 67f2732d29e24f239afa39f792e1bf09 - 5441704a62794a5ab6a5ce3009169845 5441704a62794a5ab6a5ce3009169845] 10.0.20.25 "GET /v2.0/networks HTTP/1.1" status: 200  len: 2214 time: 0.2897730
2018-06-28 21:17:19.655 25974 INFO neutron.api.v2.resource [req-dcd3a077-0945-4f23-999d-1a15d7cf8af3 c0a3fd11cb7549fbbda1d865010855d0 67f2732d29e24f239afa39f792e1bf09 - 5441704a62794a5ab6a5ce3009169845 5441704a62794a5ab6a5ce3009169845] show failed (client error): The resource could not be found.
2018-06-28 21:17:19.658 25974 INFO neutron.wsgi [req-dcd3a077-0945-4f23-999d-1a15d7cf8af3 c0a3fd11cb7549fbbda1d865010855d0 67f2732d29e24f239afa39f792e1bf09 - 5441704a62794a5ab6a5ce3009169845 5441704a62794a5ab6a5ce3009169845] 10.0.20.25 "GET /v2.0/security-groups/tempest-SECURITY_GROUP_SAMPLE-1530213201 HTTP/1.1" status: 404  len: 360 time: 0.0441489
2018-06-28 21:17:19.860 25974 DEBUG neutron.quota.resource [req-204542a8-61a4-405e-9a98-a3dd91c05932 c0a3fd11cb7549fbbda1d865010855d0 67f2732d29e24f239afa39f792e1bf09 - 5441704a62794a5ab6a5ce3009169845 5441704a62794a5ab6a5ce3009169845] Synchronizing usage tracker for tenant:67f2732d29e24f239afa39f792e1bf09 on resource:security_group resync /usr/lib/python2.7/site-packages/neutron/quota/resource.py:245
2018-06-28 21:17:19.903 25974 DEBUG neutron.quota.resource [req-204542a8-61a4-405e-9a98-a3dd91c05932 c0a3fd11cb7549fbbda1d865010855d0 67f2732d29e24f239afa39f792e1bf09 - 5441704a62794a5ab6a5ce3009169845 5441704a62794a5ab6a5ce3009169845] Unset dirty status for tenant:67f2732d29e24f239afa39f792e1bf09 on resource:security_group _resync /usr/lib/python2.7/site-packages/neutron/quota/resource.py:237
2018-06-28 21:17:19.908 25974 INFO neutron.wsgi [req-204542a8-61a4-405e-9a98-a3dd91c05932 c0a3fd11cb7549fbbda1d865010855d0 67f2732d29e24f239afa39f792e1bf09 - 5441704a62794a5ab6a5ce3009169845 5441704a62794a5ab6a5ce3009169845] 10.0.20.25 "GET /v2.0/security-groups HTTP/1.1" status: 200  len: 18753 time: 0.2418690
2018-06-28 21:17:21.398 25974 DEBUG neutron.wsgi [-] (25974) accepted ('10.0.20.25', 51032) server /usr/lib/python2.7/site-packages/eventlet/wsgi.py:883
2018-06-28 21:17:21.903 25974 WARNING keystonemiddleware.auth_token [-] A valid token was submitted as a service token, but it was not a valid service token. This is incorrect but backwards compatible behaviour. This will be removed in future releases.
2018-06-28 21:17:22.042 25974 INFO neutron.wsgi [req-6c7a73f5-f29b-47c8-9981-d8ef01865596 c0a3fd11cb7549fbbda1d865010855d0 67f2732d29e24f239afa39f792e1bf09 - 5441704a62794a5ab6a5ce3009169845 5441704a62794a5ab6a5ce3009169845] 10.0.20.25 "GET /v2.0/security-groups?fields=id&id=0371629b-ecd6-4d69-afae-437a58c51f8d HTTP/1.1" status: 200  len: 267 time: 0.6424022
2018-06-28 21:17:22.168 25974 INFO neutron.wsgi [req-f87fbf88-5517-48ba-8465-17fe1d3d7744 c0a3fd11cb7549fbbda1d865010855d0 67f2732d29e24f239afa39f792e1bf09 - 5441704a62794a5ab6a5ce3009169845 5441704a62794a5ab6a5ce3009169845] 10.0.20.25 "GET /v2.0/security-groups/0371629b-ecd6-4d69-afae-437a58c51f8d HTTP/1.1" status: 200  len: 2115 time: 0.1171679
2018-06-28 21:17:22.454 25974 DEBUG neutron.pecan_wsgi.hooks.policy_enforcement [req-f6e647d0-9e5a-4445-a859-6e2c4ff2d698 c0a3fd11cb7549fbbda1d865010855d0 67f2732d29e24f239afa39f792e1bf09 - 5441704a62794a5ab6a5ce3009169845 5441704a62794a5ab6a5ce3009169845] Attributes excluded by policy engine: [u'vlan_transparent'] _exclude_attributes_by_policy /usr/lib/python2.7/site-packages/neutron/pecan_wsgi/hooks/policy_enforcement.py:256
2018-06-28 21:17:22.458 25974 INFO neutron.wsgi [req-f6e647d0-9e5a-4445-a859-6e2c4ff2d698 c0a3fd11cb7549fbbda1d865010855d0 67f2732d29e24f239afa39f792e1bf09 - 5441704a62794a5ab6a5ce3009169845 5441704a62794a5ab6a5ce3009169845] 10.0.20.25 "GET /v2.0/networks?id=086dd629-0102-4ec2-bc3c-8a1b6152836f HTTP/1.1" status: 200  len: 885 time: 0.2780581
2018-06-28 21:17:22.498 25974 INFO neutron.wsgi [req-43905d4c-fc1f-4bff-ab99-c70a5037b00d c0a3fd11cb7549fbbda1d865010855d0 67f2732d29e24f239afa39f792e1bf09 - 5441704a62794a5ab6a5ce3009169845 5441704a62794a5ab6a5ce3009169845] 10.0.20.25 "GET /v2.0/quotas/67f2732d29e24f239afa39f792e1bf09 HTTP/1.1" status: 200  len: 373 time: 0.0309949
2018-06-28 21:17:22.714 25974 INFO neutron.wsgi [req-8a4773ef-372c-4f95-85df-aaaa1d119e4c c0a3fd11cb7549fbbda1d865010855d0 67f2732d29e24f239afa39f792e1bf09 - 5441704a62794a5ab6a5ce3009169845 5441704a62794a5ab6a5ce3009169845] 10.0.20.25 "GET /v2.0/ports?fields=id&tenant_id=67f2732d29e24f239afa39f792e1bf09 HTTP/1.1" status: 200  len: 302 time: 0.2084582
2018-06-28 21:17:23.763 25974 INFO neutron.wsgi [req-0ece3ddc-39f0-47fe-992a-daa25030240b c0a3fd11cb7549fbbda1d865010855d0 67f2732d29e24f239afa39f792e1bf09 - 5441704a62794a5ab6a5ce3009169845 5441704a62794a5ab6a5ce3009169845] 10.0.20.25 "GET /v2.0/ports?device_id=98c2fd45-f099-4250-a529-ff7c9abafeb1 HTTP/1.1" status: 200  len: 210 time: 0.0948539
2018-06-28 21:17:32.083 25974 INFO neutron.wsgi [req-566c34af-3471-4a50-8412-ad42d6ca3505 c0a3fd11cb7549fbbda1d865010855d0 67f2732d29e24f239afa39f792e1bf09 - 5441704a62794a5ab6a5ce3009169845 5441704a62794a5ab6a5ce3009169845] 10.0.20.25 "GET /v2.0/ports?device_id=98c2fd45-f099-4250-a529-ff7c9abafeb1 HTTP/1.1" status: 200  len: 210 time: 0.6241469
2018-06-28 21:17:34.609 25979 DEBUG neutron_lib.callbacks.manager [req-5b0f7d8c-d91e-4756-82c9-025ac37509b1 - - - - -] Notify callbacks ['neutron.services.segments.db._update_segment_host_mapping_for_agent-8790323100978'] for agent, after_update _notify_loop /usr/lib/python2.7/site-packages/neutron_lib/callbacks/manager.py:167
2018-06-28 21:17:34.626 25987 DEBUG neutron_lib.callbacks.manager [req-5a36c851-67ab-481c-b164-6e80e488403b - - - - -] Notify callbacks ['neutron.services.segments.db._update_segment_host_mapping_for_agent-8790323100978'] for agent, after_update _notify_loop /usr/lib/python2.7/site-packages/neutron_lib/callbacks/manager.py:167
2018-06-28 21:17:34.627 25983 DEBUG neutron_lib.callbacks.manager [req-9f13713c-858a-4d0c-aa6c-563e5be267e4 - - - - -] Notify callbacks ['neutron.services.segments.db._update_segment_host_mapping_for_agent-8790323100978'] for agent, after_update _notify_loop /usr/lib/python2.7/site-packages/neutron_lib/callbacks/manager.py:167
2018-06-28 21:17:35.113 25986 DEBUG neutron_lib.callbacks.manager [req-2abf42db-736d-4415-bd94-ece0fea67128 - - - - -] Notify callbacks ['neutron.services.segments.db._update_segment_host_mapping_for_agent-8790323100978'] for agent, after_update _notify_loop /usr/lib/python2.7/site-packages/neutron_lib/callbacks/manager.py:167
2018-06-28 21:17:40.704 25982 DEBUG neutron_lib.callbacks.manager [req-c037cfd9-b3ff-4fb2-97cd-958676e10007 - - - - -] Notify callbacks ['neutron.services.segments.db._update_segment_host_mapping_for_agent-8790323100978'] for agent, after_update _notify_loop /usr/lib/python2.7/site-packages/neutron_lib/callbacks/manager.py:167
2018-06-28 21:17:43.934 25978 DEBUG neutron.wsgi [-] (25978) accepted ('10.0.20.25', 51094) server /usr/lib/python2.7/site-packages/eventlet/wsgi.py:883
2018-06-28 21:17:44.453 25978 WARNING keystonemiddleware.auth_token [-] A valid token was submitted as a service token, but it was not a valid service token. This is incorrect but backwards compatible behaviour. This will be removed in future releases.
2018-06-28 21:17:45.040 25978 INFO neutron.wsgi [req-54eca754-47ba-4865-a905-7b829e88e927 c0a3fd11cb7549fbbda1d865010855d0 67f2732d29e24f239afa39f792e1bf09 - 5441704a62794a5ab6a5ce3009169845 5441704a62794a5ab6a5ce3009169845] 10.0.20.25 "GET /v2.0/ports?device_id=98c2fd45-f099-4250-a529-ff7c9abafeb1 HTTP/1.1" status: 200  len: 210 time: 1.1030779
2018-06-28 21:17:49.305 25988 DEBUG neutron.db.agents_db [req-d3ac866a-82a1-49a7-ae73-ee34354e9e33 - - - - -] Agent healthcheck: found 5 active agents agent_health_check /usr/lib/python2.7/site-packages/neutron/db/agents_db.py:281
2018-06-28 21:17:59.122 25977 DEBUG neutron.wsgi [-] (25977) accepted ('10.0.20.25', 52154) server /usr/lib/python2.7/site-packages/eventlet/wsgi.py:883
2018-06-28 21:17:59.138 25977 WARNING keystonemiddleware.auth_token [-] Using the in-process token cache is deprecated as of the 4.2.0 release and may be removed in the 5.0.0 release or the 'O' development cycle. The in-process cache causes inconsistent results and high memory usage. When the feature is removed the auth_token middleware will not cache tokens by default which may result in performance issues. It is recommended to use  memcache for the auth_token token cache by setting the memcached_servers option.
2018-06-28 21:18:00.878 25977 WARNING keystonemiddleware.auth_token [-] A valid token was submitted as a service token, but it was not a valid service token. This is incorrect but backwards compatible behaviour. This will be removed in future releases.
2018-06-28 21:18:01.442 25977 DEBUG oslo_policy._cache_handler [req-6ec45bee-5b25-4cc1-a38e-db2ec240ed53 c0a3fd11cb7549fbbda1d865010855d0 67f2732d29e24f239afa39f792e1bf09 - 5441704a62794a5ab6a5ce3009169845 5441704a62794a5ab6a5ce3009169845] Reloading cached file /etc/neutron/policy.json read_cached_file /usr/lib/python2.7/site-packages/oslo_policy/_cache_handler.py:40
2018-06-28 21:18:01.499 25977 DEBUG oslo_policy.policy [req-6ec45bee-5b25-4cc1-a38e-db2ec240ed53 c0a3fd11cb7549fbbda1d865010855d0 67f2732d29e24f239afa39f792e1bf09 - 5441704a62794a5ab6a5ce3009169845 5441704a62794a5ab6a5ce3009169845] Reloaded policy file: /etc/neutron/policy.json _load_policy_file /usr/lib/python2.7/site-packages/oslo_policy/policy.py:681
2018-06-28 21:18:02.299 25977 DEBUG oslo_policy._cache_handler [req-6ec45bee-5b25-4cc1-a38e-db2ec240ed53 c0a3fd11cb7549fbbda1d865010855d0 67f2732d29e24f239afa39f792e1bf09 - 5441704a62794a5ab6a5ce3009169845 5441704a62794a5ab6a5ce3009169845] Reloading cached file /etc/neutron/policy.json read_cached_file /usr/lib/python2.7/site-packages/oslo_policy/_cache_handler.py:40
2018-06-28 21:18:02.329 25977 DEBUG oslo_policy.policy [req-6ec45bee-5b25-4cc1-a38e-db2ec240ed53 c0a3fd11cb7549fbbda1d865010855d0 67f2732d29e24f239afa39f792e1bf09 - 5441704a62794a5ab6a5ce3009169845 5441704a62794a5ab6a5ce3009169845] Reloaded policy file: /etc/neutron/policy.json _load_policy_file /usr/lib/python2.7/site-packages/oslo_policy/policy.py:681
2018-06-28 21:18:02.339 25977 INFO neutron.wsgi [req-6ec45bee-5b25-4cc1-a38e-db2ec240ed53 c0a3fd11cb7549fbbda1d865010855d0 67f2732d29e24f239afa39f792e1bf09 - 5441704a62794a5ab6a5ce3009169845 5441704a62794a5ab6a5ce3009169845] 10.0.20.25 "GET /v2.0/ports?device_id=98c2fd45-f099-4250-a529-ff7c9abafeb1 HTTP/1.1" status: 200  len: 210 time: 3.2080760
2018-06-28 21:18:04.605 25980 DEBUG neutron_lib.callbacks.manager [req-8c080051-eace-4a9d-80c8-6c012a8374d0 - - - - -] Notify callbacks ['neutron.services.segments.db._update_segment_host_mapping_for_agent-8790323100978'] for agent, after_update _notify_loop /usr/lib/python2.7/site-packages/neutron_lib/callbacks/manager.py:167
2018-06-28 21:18:04.614 25985 DEBUG neutron_lib.callbacks.manager [req-5b0f7d8c-d91e-4756-82c9-025ac37509b1 - - - - -] Notify callbacks ['neutron.services.segments.db._update_segment_host_mapping_for_agent-8790323100978'] for agent, after_update _notify_loop /usr/lib/python2.7/site-packages/neutron_lib/callbacks/manager.py:167
2018-06-28 21:18:04.641 25984 DEBUG neutron_lib.callbacks.manager [req-5a36c851-67ab-481c-b164-6e80e488403b - - - - -] Notify callbacks ['neutron.services.segments.db._update_segment_host_mapping_for_agent-8790323100978'] for agent, after_update _notify_loop /usr/lib/python2.7/site-packages/neutron_lib/callbacks/manager.py:167
2018-06-28 21:18:05.087 25981 DEBUG neutron_lib.callbacks.manager [req-e2e61cc4-73d8-4330-a751-84635bbc6899 - - - - -] Notify callbacks ['neutron.services.segments.db._update_segment_host_mapping_for_agent-8790323100978'] for agent, after_update _notify_loop /usr/lib/python2.7/site-packages/neutron_lib/callbacks/manager.py:167
2018-06-28 21:18:10.715 25983 DEBUG neutron_lib.callbacks.manager [req-c037cfd9-b3ff-4fb2-97cd-958676e10007 - - - - -] Notify callbacks ['neutron.services.segments.db._update_segment_host_mapping_for_agent-8790323100978'] for agent, after_update _notify_loop /usr/lib/python2.7/site-packages/neutron_lib/callbacks/manager.py:167
2018-06-28 21:18:17.985 25977 INFO neutron.wsgi [req-9c90fad2-a7ee-44b1-aa23-b4f6410a9aca c0a3fd11cb7549fbbda1d865010855d0 67f2732d29e24f239afa39f792e1bf09 - 5441704a62794a5ab6a5ce3009169845 5441704a62794a5ab6a5ce3009169845] 10.0.20.25 "GET /v2.0/ports?device_id=98c2fd45-f099-4250-a529-ff7c9abafeb1 HTTP/1.1" status: 200  len: 210 time: 0.5988629
2018-06-28 21:18:26.302 25988 DEBUG neutron.db.agents_db [req-d3ac866a-82a1-49a7-ae73-ee34354e9e33 - - - - -] Agent healthcheck: found 5 active agents agent_health_check /usr/lib/python2.7/site-packages/neutron/db/agents_db.py:281
2018-06-28 21:18:34.553 25974 INFO neutron.wsgi [req-574e662c-a8d6-4a6f-8463-4abcc7c77436 c0a3fd11cb7549fbbda1d865010855d0 67f2732d29e24f239afa39f792e1bf09 - 5441704a62794a5ab6a5ce3009169845 5441704a62794a5ab6a5ce3009169845] 10.0.20.25 "GET /v2.0/ports?device_id=98c2fd45-f099-4250-a529-ff7c9abafeb1 HTTP/1.1" status: 200  len: 210 time: 0.5867209
2018-06-28 21:18:34.590 25979 DEBUG neutron_lib.callbacks.manager [req-6429c8f7-7caa-4bdc-8a46-3ed09e14ba35 - - - - -] Notify callbacks ['neutron.services.segments.db._update_segment_host_mapping_for_agent-8790323100978'] for agent, after_update _notify_loop /usr/lib/python2.7/site-packages/neutron_lib/callbacks/manager.py:167
2018-06-28 21:18:34.601 25987 DEBUG neutron_lib.callbacks.manager [req-5b0f7d8c-d91e-4756-82c9-025ac37509b1 - - - - -] Notify callbacks ['neutron.services.segments.db._update_segment_host_mapping_for_agent-8790323100978'] for agent, after_update _notify_loop /usr/lib/python2.7/site-packages/neutron_lib/callbacks/manager.py:167
2018-06-28 21:18:34.624 25986 DEBUG neutron_lib.callbacks.manager [req-5a36c851-67ab-481c-b164-6e80e488403b - - - - -] Notify callbacks ['neutron.services.segments.db._update_segment_host_mapping_for_agent-8790323100978'] for agent, after_update _notify_loop /usr/lib/python2.7/site-packages/neutron_lib/callbacks/manager.py:167
2018-06-28 21:18:35.090 25982 DEBUG neutron_lib.callbacks.manager [req-e8073749-6a99-4903-ae6e-884878de0484 - - - - -] Notify callbacks ['neutron.services.segments.db._update_segment_host_mapping_for_agent-8790323100978'] for agent, after_update _notify_loop /usr/lib/python2.7/site-packages/neutron_lib/callbacks/manager.py:167
2018-06-28 21:18:40.703 25980 DEBUG neutron_lib.callbacks.manager [req-c037cfd9-b3ff-4fb2-97cd-958676e10007 - - - - -] Notify callbacks ['neutron.services.segments.db._update_segment_host_mapping_for_agent-8790323100978'] for agent, after_update _notify_loop /usr/lib/python2.7/site-packages/neutron_lib/callbacks/manager.py:167
2018-06-28 21:18:52.881 25977 DEBUG neutron.wsgi [-] (25977) accepted ('10.0.20.25', 52286) server /usr/lib/python2.7/site-packages/eventlet/wsgi.py:883
2018-06-28 21:18:52.887 25977 INFO neutron.wsgi [-] 10.0.20.25 "GET / HTTP/1.1" status: 200  len: 252 time: 0.0031469
2018-06-28 21:18:53.578 25977 INFO neutron.pecan_wsgi.hooks.translation [req-0b09437b-b482-4b51-b50d-de74fb90be01 82758ee9dbed4bdf919e32bc6135cc36 f7db0ec7eef2499fb14973cea9da1187 - default default] GET failed (client error): The resource could not be found.
2018-06-28 21:18:53.582 25977 INFO neutron.wsgi [req-0b09437b-b482-4b51-b50d-de74fb90be01 82758ee9dbed4bdf919e32bc6135cc36 f7db0ec7eef2499fb14973cea9da1187 - default default] 10.0.20.25 "GET /v2.0/networks/public HTTP/1.1" status: 404  len: 314 time: 0.6875930
2018-06-28 21:18:54.230 25977 DEBUG neutron.pecan_wsgi.hooks.policy_enforcement [req-8e098cc6-5193-4768-adb3-026a8c09f92c 82758ee9dbed4bdf919e32bc6135cc36 f7db0ec7eef2499fb14973cea9da1187 - default default] Attributes excluded by policy engine: [u'vlan_transparent'] _exclude_attributes_by_policy /usr/lib/python2.7/site-packages/neutron/pecan_wsgi/hooks/policy_enforcement.py:256
2018-06-28 21:18:54.232 25977 DEBUG neutron.pecan_wsgi.hooks.policy_enforcement [req-8e098cc6-5193-4768-adb3-026a8c09f92c 82758ee9dbed4bdf919e32bc6135cc36 f7db0ec7eef2499fb14973cea9da1187 - default default] Attributes excluded by policy engine: [u'vlan_transparent'] _exclude_attributes_by_policy /usr/lib/python2.7/site-packages/neutron/pecan_wsgi/hooks/policy_enforcement.py:256
2018-06-28 21:18:54.233 25977 DEBUG neutron.pecan_wsgi.hooks.policy_enforcement [req-8e098cc6-5193-4768-adb3-026a8c09f92c 82758ee9dbed4bdf919e32bc6135cc36 f7db0ec7eef2499fb14973cea9da1187 - default default] Attributes excluded by policy engine: [u'vlan_transparent'] _exclude_attributes_by_policy /usr/lib/python2.7/site-packages/neutron/pecan_wsgi/hooks/policy_enforcement.py:256
2018-06-28 21:18:54.236 25977 INFO neutron.wsgi [req-8e098cc6-5193-4768-adb3-026a8c09f92c 82758ee9dbed4bdf919e32bc6135cc36 f7db0ec7eef2499fb14973cea9da1187 - default default] 10.0.20.25 "GET /v2.0/networks HTTP/1.1" status: 200  len: 2214 time: 0.6443808
2018-06-28 21:18:55.036 25977 DEBUG neutron.api.v2.base [req-cc50a719-87fc-4743-a42d-def1050cd119 82758ee9dbed4bdf919e32bc6135cc36 f7db0ec7eef2499fb14973cea9da1187 - default default] Request body: {u'floatingip': {u'floating_network_id': u'bccef923-8280-488c-84aa-955d7841d8ff', u'tenant_id': u'67f2732d29e24f239afa39f792e1bf09'}} prepare_request_body /usr/lib/python2.7/site-packages/neutron/api/v2/base.py:695
2018-06-28 21:18:55.038 25977 INFO neutron.quota [req-cc50a719-87fc-4743-a42d-def1050cd119 82758ee9dbed4bdf919e32bc6135cc36 f7db0ec7eef2499fb14973cea9da1187 - default default] Loaded quota_driver: <neutron.db.quota.driver.DbQuotaDriver object at 0x7fea807c0490>.
2018-06-28 21:18:55.051 25977 DEBUG neutron.db.quota.driver [req-cc50a719-87fc-4743-a42d-def1050cd119 82758ee9dbed4bdf919e32bc6135cc36 f7db0ec7eef2499fb14973cea9da1187 - default default] Resources subnetpool have unlimited quota limit. It is not required to calculate headroom  make_reservation /usr/lib/python2.7/site-packages/neutron/db/quota/driver.py:223
2018-06-28 21:18:55.064 25977 DEBUG neutron.quota.resource [req-cc50a719-87fc-4743-a42d-def1050cd119 82758ee9dbed4bdf919e32bc6135cc36 f7db0ec7eef2499fb14973cea9da1187 - default default] Usage tracker for resource:floatingip and tenant:67f2732d29e24f239afa39f792e1bf09 is out of sync, need to count used quota count_used /usr/lib/python2.7/site-packages/neutron/quota/resource.py:274
2018-06-28 21:18:55.082 25977 DEBUG neutron.quota.resource [req-cc50a719-87fc-4743-a42d-def1050cd119 82758ee9dbed4bdf919e32bc6135cc36 f7db0ec7eef2499fb14973cea9da1187 - default default] Quota usage for floatingip was recalculated. Used quota:0. count_used /usr/lib/python2.7/site-packages/neutron/quota/resource.py:293
2018-06-28 21:18:55.096 25977 DEBUG neutron.db.quota.driver [req-cc50a719-87fc-4743-a42d-def1050cd119 82758ee9dbed4bdf919e32bc6135cc36 f7db0ec7eef2499fb14973cea9da1187 - default default] Attempting to reserve 1 items for resource floatingip. Total usage: 0; quota limit: 50; headroom:50 make_reservation /usr/lib/python2.7/site-packages/neutron/db/quota/driver.py:255
2018-06-28 21:18:55.488 25977 DEBUG neutron_lib.callbacks.manager [req-cc50a719-87fc-4743-a42d-def1050cd119 82758ee9dbed4bdf919e32bc6135cc36 f7db0ec7eef2499fb14973cea9da1187 - default default] Notify callbacks ['neutron.plugins.ml2.plugin.Ml2Plugin._ensure_default_security_group_handler--9223372036850925728'] for port, before_create _notify_loop /usr/lib/python2.7/site-packages/neutron_lib/callbacks/manager.py:167
2018-06-28 21:18:56.282 25977 DEBUG neutron.db.db_base_plugin_common [req-cc50a719-87fc-4743-a42d-def1050cd119 82758ee9dbed4bdf919e32bc6135cc36 f7db0ec7eef2499fb14973cea9da1187 - default default] Allocated IP 172.24.4.4 (bccef923-8280-488c-84aa-955d7841d8ff/4c4b2f34-8d32-4a55-b583-46e460575449/e630078a-f356-444e-a3a1-f08180dc7793) _store_ip_allocation /usr/lib/python2.7/site-packages/neutron/db/db_base_plugin_common.py:122
2018-06-28 21:18:56.655 25977 DEBUG neutron_lib.callbacks.manager [req-cc50a719-87fc-4743-a42d-def1050cd119 82758ee9dbed4bdf919e32bc6135cc36 f7db0ec7eef2499fb14973cea9da1187 - default default] Notify callbacks [] for port, precommit_create _notify_loop /usr/lib/python2.7/site-packages/neutron_lib/callbacks/manager.py:167
2018-06-28 21:18:56.783 25977 DEBUG neutron_lib.callbacks.manager [req-cc50a719-87fc-4743-a42d-def1050cd119 82758ee9dbed4bdf919e32bc6135cc36 f7db0ec7eef2499fb14973cea9da1187 - default default] Notify callbacks ['neutron.api.rpc.agentnotifiers.dhcp_rpc_agent_api.DhcpAgentNotifyAPI._native_event_send_dhcp_notification-767251', 'neutron.db.l3_dvrscheduler_db._notify_l3_agent_new_port-8790322738843', 'neutron.plugins.ml2.ovo_rpc._ObjectChangeHandler.handle_event-643618', 'neutron.plugins.ml2.plugin.Ml2Plugin.notify_sg_on_port_change-3850205'] for port, after_create _notify_loop /usr/lib/python2.7/site-packages/neutron_lib/callbacks/manager.py:167
2018-06-28 21:18:57.047 25977 DEBUG neutron.scheduler.dhcp_agent_scheduler [req-cc50a719-87fc-4743-a42d-def1050cd119 82758ee9dbed4bdf919e32bc6135cc36 f7db0ec7eef2499fb14973cea9da1187 - default default] Network bccef923-8280-488c-84aa-955d7841d8ff is already hosted by enough agents. _get_dhcp_agents_hosting_network /usr/lib/python2.7/site-packages/neutron/scheduler/dhcp_agent_scheduler.py:243
2018-06-28 21:18:57.446 25977 DEBUG neutron.db.l3_dvrscheduler_db [req-cc50a719-87fc-4743-a42d-def1050cd119 82758ee9dbed4bdf919e32bc6135cc36 f7db0ec7eef2499fb14973cea9da1187 - default default] Received port after_create _notify_l3_agent_new_port /usr/lib/python2.7/site-packages/neutron/db/l3_dvrscheduler_db.py:392
2018-06-28 21:18:57.457 25977 DEBUG oslo_concurrency.lockutils [-] Lock "event-dispatch" acquired by "neutron.plugins.ml2.ovo_rpc.dispatch_events" :: waited 0.000s inner /usr/lib/python2.7/site-packages/oslo_concurrency/lockutils.py:270
2018-06-28 21:18:57.681 25977 DEBUG neutron.api.rpc.handlers.resources_rpc [req-cc50a719-87fc-4743-a42d-def1050cd119 82758ee9dbed4bdf919e32bc6135cc36 f7db0ec7eef2499fb14973cea9da1187 - - -] neutron.api.rpc.handlers.resources_rpc.ResourcesPushRpcApi method push called with arguments (<neutron_lib.context.Context object at 0x7fea80113510>, [Port(admin_state_up=True,allowed_address_pairs=[],binding=PortBinding,binding_levels=[],created_at=2018-06-28T19:18:55Z,data_plane_status=<?>,description='',device_id='PENDING',device_owner='network:floatingip',dhcp_options=[],distributed_binding=None,dns=None,fixed_ips=[IPAllocation],id=e630078a-f356-444e-a3a1-f08180dc7793,mac_address=fa:16:3e:86:9f:47,name='',network_id=bccef923-8280-488c-84aa-955d7841d8ff,project_id='',qos_policy_id=None,revision_number=3,security=PortSecurity(e630078a-f356-444e-a3a1-f08180dc7793),security_group_ids=set([]),status='N/A',updated_at=2018-06-28T19:18:56Z)], 'updated') {} wrapper /usr/lib/python2.7/site-packages/oslo_log/helpers.py:66
2018-06-28 21:18:57.700 25977 DEBUG neutron_lib.callbacks.manager [req-cc50a719-87fc-4743-a42d-def1050cd119 82758ee9dbed4bdf919e32bc6135cc36 f7db0ec7eef2499fb14973cea9da1187 - default default] Notify callbacks ['neutron.plugins.ml2.plugin.Ml2Plugin._ensure_default_security_group_handler--9223372036850925728'] for port, before_update _notify_loop /usr/lib/python2.7/site-packages/neutron_lib/callbacks/manager.py:167
2018-06-28 21:18:57.724 25977 DEBUG neutron.api.rpc.callbacks.version_manager [req-cc50a719-87fc-4743-a42d-def1050cd119 82758ee9dbed4bdf919e32bc6135cc36 f7db0ec7eef2499fb14973cea9da1187 - - -] Version for resource type Subnet changed None to 1.0 on consumer Open vSwitch agent@localhost.localdomain _set_version /usr/lib/python2.7/site-packages/neutron/api/rpc/callbacks/version_manager.py:119
2018-06-28 21:18:57.725 25977 DEBUG neutron.api.rpc.callbacks.version_manager [req-cc50a719-87fc-4743-a42d-def1050cd119 82758ee9dbed4bdf919e32bc6135cc36 f7db0ec7eef2499fb14973cea9da1187 - - -] Version for resource type Network changed None to 1.0 on consumer Open vSwitch agent@localhost.localdomain _set_version /usr/lib/python2.7/site-packages/neutron/api/rpc/callbacks/version_manager.py:119
2018-06-28 21:18:57.726 25977 DEBUG neutron.api.rpc.callbacks.version_manager [req-cc50a719-87fc-4743-a42d-def1050cd119 82758ee9dbed4bdf919e32bc6135cc36 f7db0ec7eef2499fb14973cea9da1187 - - -] Version for resource type SubPort changed None to 1.0 on consumer Open vSwitch agent@localhost.localdomain _set_version /usr/lib/python2.7/site-packages/neutron/api/rpc/callbacks/version_manager.py:119
2018-06-28 21:18:57.727 25977 DEBUG neutron.api.rpc.callbacks.version_manager [req-cc50a719-87fc-4743-a42d-def1050cd119 82758ee9dbed4bdf919e32bc6135cc36 f7db0ec7eef2499fb14973cea9da1187 - - -] Version for resource type SecurityGroup changed None to 1.0 on consumer Open vSwitch agent@localhost.localdomain _set_version /usr/lib/python2.7/site-packages/neutron/api/rpc/callbacks/version_manager.py:119
2018-06-28 21:18:57.728 25977 DEBUG neutron.api.rpc.callbacks.version_manager [req-cc50a719-87fc-4743-a42d-def1050cd119 82758ee9dbed4bdf919e32bc6135cc36 f7db0ec7eef2499fb14973cea9da1187 - - -] Version for resource type SecurityGroupRule changed None to 1.0 on consumer Open vSwitch agent@localhost.localdomain _set_version /usr/lib/python2.7/site-packages/neutron/api/rpc/callbacks/version_manager.py:119
2018-06-28 21:18:57.728 25977 DEBUG neutron.api.rpc.callbacks.version_manager [req-cc50a719-87fc-4743-a42d-def1050cd119 82758ee9dbed4bdf919e32bc6135cc36 f7db0ec7eef2499fb14973cea9da1187 - - -] Version for resource type Trunk changed None to 1.1 on consumer Open vSwitch agent@localhost.localdomain _set_version /usr/lib/python2.7/site-packages/neutron/api/rpc/callbacks/version_manager.py:119
2018-06-28 21:18:57.729 25977 DEBUG neutron.api.rpc.callbacks.version_manager [req-cc50a719-87fc-4743-a42d-def1050cd119 82758ee9dbed4bdf919e32bc6135cc36 f7db0ec7eef2499fb14973cea9da1187 - - -] Version for resource type QosPolicy changed None to 1.6 on consumer Open vSwitch agent@localhost.localdomain _set_version /usr/lib/python2.7/site-packages/neutron/api/rpc/callbacks/version_manager.py:119
2018-06-28 21:18:57.730 25977 DEBUG neutron.api.rpc.callbacks.version_manager [req-cc50a719-87fc-4743-a42d-def1050cd119 82758ee9dbed4bdf919e32bc6135cc36 f7db0ec7eef2499fb14973cea9da1187 - - -] Version for resource type Port changed None to 1.1 on consumer Open vSwitch agent@localhost.localdomain _set_version /usr/lib/python2.7/site-packages/neutron/api/rpc/callbacks/version_manager.py:119
2018-06-28 21:18:57.731 25977 DEBUG neutron.api.rpc.callbacks.version_manager [req-cc50a719-87fc-4743-a42d-def1050cd119 82758ee9dbed4bdf919e32bc6135cc36 f7db0ec7eef2499fb14973cea9da1187 - - -] Version for resource type Log changed None to 1.0 on consumer Open vSwitch agent@localhost.localdomain _set_version /usr/lib/python2.7/site-packages/neutron/api/rpc/callbacks/version_manager.py:119
2018-06-28 21:18:57.734 25977 DEBUG neutron.api.rpc.callbacks.version_manager [req-cc50a719-87fc-4743-a42d-def1050cd119 82758ee9dbed4bdf919e32bc6135cc36 f7db0ec7eef2499fb14973cea9da1187 - - -] Tracked resource versions report:
pushed versions:
{   'Log': set(['1.0']),
    'Network': set(['1.0']),
    'Port': set(['1.1']),
    'QosPolicy': set(['1.6']),
    'SecurityGroup': set(['1.0']),
    'SecurityGroupRule': set(['1.0']),
    'SubPort': set(['1.0']),
    'Subnet': set(['1.0']),
    'Trunk': set(['1.1'])}

consumer versions:
{   DHCP agent@localhost.localdomain: {   },
    L3 agent@localhost.localdomain: {   },
    Metadata agent@localhost.localdomain: {   },
    Metering agent@localhost.localdomain: {   },
    Open vSwitch agent@localhost.localdomain: {   u'Log': u'1.0',
                                                  u'Network': u'1.0',
                                                  u'Port': u'1.1',
                                                  u'QosPolicy': u'1.6',
                                                  u'SecurityGroup': u'1.0',
                                                  u'SecurityGroupRule': u'1.0',
                                                  u'SubPort': u'1.0',
                                                  u'Subnet': u'1.0',
                                                  u'Trunk': u'1.1'}}
 report /usr/lib/python2.7/site-packages/neutron/api/rpc/callbacks/version_manager.py:178
2018-06-28 21:18:57.796 25977 DEBUG oslo_concurrency.lockutils [req-cc50a719-87fc-4743-a42d-def1050cd119 82758ee9dbed4bdf919e32bc6135cc36 f7db0ec7eef2499fb14973cea9da1187 - - -] Lock "event-dispatch" released by "neutron.plugins.ml2.ovo_rpc.dispatch_events" :: held 0.339s inner /usr/lib/python2.7/site-packages/oslo_concurrency/lockutils.py:282
2018-06-28 21:18:58.522 25977 DEBUG neutron_lib.callbacks.manager [req-cc50a719-87fc-4743-a42d-def1050cd119 82758ee9dbed4bdf919e32bc6135cc36 f7db0ec7eef2499fb14973cea9da1187 - default default] Notify callbacks [] for port, precommit_update _notify_loop /usr/lib/python2.7/site-packages/neutron_lib/callbacks/manager.py:167
2018-06-28 21:18:58.533 25977 DEBUG neutron_lib.callbacks.manager [req-cc50a719-87fc-4743-a42d-def1050cd119 82758ee9dbed4bdf919e32bc6135cc36 f7db0ec7eef2499fb14973cea9da1187 - default default] Notify callbacks ['neutron.api.rpc.agentnotifiers.dhcp_rpc_agent_api.DhcpAgentNotifyAPI._native_event_send_dhcp_notification-767251', 'neutron.db.l3_dvrscheduler_db._notify_l3_agent_port_update-8790322738858', 'neutron.db.l3_hascheduler_db._notify_l3_agent_ha_port_update-8790322738933', 'neutron.plugins.ml2.ovo_rpc._ObjectChangeHandler.handle_event-643618', 'neutron.plugins.ml2.plugin.Ml2Plugin.notify_sg_on_port_change-3850205'] for port, after_update _notify_loop /usr/lib/python2.7/site-packages/neutron_lib/callbacks/manager.py:167
2018-06-28 21:18:58.832 25977 DEBUG neutron_lib.callbacks.manager [req-cc50a719-87fc-4743-a42d-def1050cd119 82758ee9dbed4bdf919e32bc6135cc36 f7db0ec7eef2499fb14973cea9da1187 - default default] Notify callbacks ['neutron.services.l3_router.l3_router_plugin.L3RouterPlugin._create_dvr_floating_gw_port-554448'] for floatingip, after_update _notify_loop /usr/lib/python2.7/site-packages/neutron_lib/callbacks/manager.py:167
2018-06-28 21:18:58.842 25977 DEBUG oslo_concurrency.lockutils [-] Lock "event-dispatch" acquired by "neutron.plugins.ml2.ovo_rpc.dispatch_events" :: waited 0.000s inner /usr/lib/python2.7/site-packages/oslo_concurrency/lockutils.py:270
2018-06-28 21:18:58.948 25977 DEBUG neutron.quota.resource [req-cc50a719-87fc-4743-a42d-def1050cd119 82758ee9dbed4bdf919e32bc6135cc36 f7db0ec7eef2499fb14973cea9da1187 - default default] Persisted dirty status for tenant:67f2732d29e24f239afa39f792e1bf09 on resource:floatingip mark_dirty /usr/lib/python2.7/site-packages/neutron/quota/resource.py:207
2018-06-28 21:18:58.957 25977 DEBUG neutron.quota.resource [req-cc50a719-87fc-4743-a42d-def1050cd119 82758ee9dbed4bdf919e32bc6135cc36 f7db0ec7eef2499fb14973cea9da1187 - default default] Persisted dirty status for tenant: on resource:port mark_dirty /usr/lib/python2.7/site-packages/neutron/quota/resource.py:207
2018-06-28 21:18:58.974 25977 DEBUG neutron.api.rpc.handlers.resources_rpc [req-cc50a719-87fc-4743-a42d-def1050cd119 82758ee9dbed4bdf919e32bc6135cc36 f7db0ec7eef2499fb14973cea9da1187 - - -] neutron.api.rpc.handlers.resources_rpc.ResourcesPushRpcApi method push called with arguments (<neutron_lib.context.Context object at 0x7fea8050c750>, [Port(admin_state_up=True,allowed_address_pairs=[],binding=PortBinding,binding_levels=[],created_at=2018-06-28T19:18:55Z,data_plane_status=<?>,description='',device_id='d6389104-7682-4545-9272-8434541d1b90',device_owner='network:floatingip',dhcp_options=[],distributed_binding=None,dns=None,fixed_ips=[IPAllocation],id=e630078a-f356-444e-a3a1-f08180dc7793,mac_address=fa:16:3e:86:9f:47,name='',network_id=bccef923-8280-488c-84aa-955d7841d8ff,project_id='',qos_policy_id=None,revision_number=4,security=PortSecurity(e630078a-f356-444e-a3a1-f08180dc7793),security_group_ids=set([]),status='N/A',updated_at=2018-06-28T19:18:57Z)], 'updated') {} wrapper /usr/lib/python2.7/site-packages/oslo_log/helpers.py:66
2018-06-28 21:18:58.981 25977 DEBUG neutron_lib.callbacks.manager [req-cc50a719-87fc-4743-a42d-def1050cd119 82758ee9dbed4bdf919e32bc6135cc36 f7db0ec7eef2499fb14973cea9da1187 - default default] Notify callbacks ['neutron.notifiers.nova.Notifier._send_nova_notification--9223372036854713384'] for floatingip, before_response _notify_loop /usr/lib/python2.7/site-packages/neutron_lib/callbacks/manager.py:167
2018-06-28 21:18:58.984 25977 INFO neutron.wsgi [req-cc50a719-87fc-4743-a42d-def1050cd119 82758ee9dbed4bdf919e32bc6135cc36 f7db0ec7eef2499fb14973cea9da1187 - default default] 10.0.20.25 "POST /v2.0/floatingips HTTP/1.1" status: 201  len: 674 time: 4.0382478
2018-06-28 21:18:58.995 25977 DEBUG oslo_concurrency.lockutils [req-cc50a719-87fc-4743-a42d-def1050cd119 82758ee9dbed4bdf919e32bc6135cc36 f7db0ec7eef2499fb14973cea9da1187 - - -] Lock "event-dispatch" released by "neutron.plugins.ml2.ovo_rpc.dispatch_events" :: held 0.153s inner /usr/lib/python2.7/site-packages/oslo_concurrency/lockutils.py:282
2018-06-28 21:19:03.320 25988 DEBUG neutron.db.agents_db [req-d3ac866a-82a1-49a7-ae73-ee34354e9e33 - - - - -] Agent healthcheck: found 5 active agents agent_health_check /usr/lib/python2.7/site-packages/neutron/db/agents_db.py:281
2018-06-28 21:19:04.589 25984 DEBUG neutron_lib.callbacks.manager [req-5b0f7d8c-d91e-4756-82c9-025ac37509b1 - - - - -] Notify callbacks ['neutron.services.segments.db._update_segment_host_mapping_for_agent-8790323100978'] for agent, after_update _notify_loop /usr/lib/python2.7/site-packages/neutron_lib/callbacks/manager.py:167
2018-06-28 21:19:04.597 25985 DEBUG neutron_lib.callbacks.manager [req-14d1116e-787a-4037-b141-504b679793f1 - - - - -] Notify callbacks ['neutron.services.segments.db._update_segment_host_mapping_for_agent-8790323100978'] for agent, after_update _notify_loop /usr/lib/python2.7/site-packages/neutron_lib/callbacks/manager.py:167
2018-06-28 21:19:04.618 25981 DEBUG neutron_lib.callbacks.manager [req-5a36c851-67ab-481c-b164-6e80e488403b - - - - -] Notify callbacks ['neutron.services.segments.db._update_segment_host_mapping_for_agent-8790323100978'] for agent, after_update _notify_loop /usr/lib/python2.7/site-packages/neutron_lib/callbacks/manager.py:167
2018-06-28 21:19:05.096 25983 DEBUG neutron_lib.callbacks.manager [req-9ea85312-2239-42fc-9c7b-5d8265c2b536 - - - - -] Notify callbacks ['neutron.services.segments.db._update_segment_host_mapping_for_agent-8790323100978'] for agent, after_update _notify_loop /usr/lib/python2.7/site-packages/neutron_lib/callbacks/manager.py:167
2018-06-28 21:19:10.726 25979 DEBUG neutron_lib.callbacks.manager [req-c037cfd9-b3ff-4fb2-97cd-958676e10007 - - - - -] Notify callbacks ['neutron.services.segments.db._update_segment_host_mapping_for_agent-8790323100978'] for agent, after_update _notify_loop /usr/lib/python2.7/site-packages/neutron_lib/callbacks/manager.py:167
2018-06-28 21:19:12.608 25978 INFO neutron.wsgi [req-cca2576a-860d-4998-9230-bfe90ac738b3 c0a3fd11cb7549fbbda1d865010855d0 67f2732d29e24f239afa39f792e1bf09 - 5441704a62794a5ab6a5ce3009169845 5441704a62794a5ab6a5ce3009169845] 10.0.20.25 "GET /v2.0/ports?device_id=98c2fd45-f099-4250-a529-ff7c9abafeb1 HTTP/1.1" status: 200  len: 210 time: 0.6705639
2018-06-28 21:19:26.284 25977 INFO neutron.wsgi [req-d3f8dc9d-7c88-49b4-a666-080e4eb3a03c c0a3fd11cb7549fbbda1d865010855d0 67f2732d29e24f239afa39f792e1bf09 - 5441704a62794a5ab6a5ce3009169845 5441704a62794a5ab6a5ce3009169845] 10.0.20.25 "GET /v2.0/ports?device_id=98c2fd45-f099-4250-a529-ff7c9abafeb1 HTTP/1.1" status: 200  len: 210 time: 0.6809781
2018-06-28 21:19:34.586 25987 DEBUG neutron_lib.callbacks.manager [req-089244a3-5298-44a7-9ad7-56e3c3623e5b - - - - -] Notify callbacks ['neutron.services.segments.db._update_segment_host_mapping_for_agent-8790323100978'] for agent, after_update _notify_loop /usr/lib/python2.7/site-packages/neutron_lib/callbacks/manager.py:167
2018-06-28 21:19:34.594 25986 DEBUG neutron_lib.callbacks.manager [req-5b0f7d8c-d91e-4756-82c9-025ac37509b1 - - - - -] Notify callbacks ['neutron.services.segments.db._update_segment_host_mapping_for_agent-8790323100978'] for agent, after_update _notify_loop /usr/lib/python2.7/site-packages/neutron_lib/callbacks/manager.py:167
2018-06-28 21:19:34.617 25982 DEBUG neutron_lib.callbacks.manager [req-5a36c851-67ab-481c-b164-6e80e488403b - - - - -] Notify callbacks ['neutron.services.segments.db._update_segment_host_mapping_for_agent-8790323100978'] for agent, after_update _notify_loop /usr/lib/python2.7/site-packages/neutron_lib/callbacks/manager.py:167
2018-06-28 21:19:35.086 25980 DEBUG neutron_lib.callbacks.manager [req-af5d0c59-8f73-4227-884a-72312915a33b - - - - -] Notify callbacks ['neutron.services.segments.db._update_segment_host_mapping_for_agent-8790323100978'] for agent, after_update _notify_loop /usr/lib/python2.7/site-packages/neutron_lib/callbacks/manager.py:167
2018-06-28 21:19:40.322 25988 DEBUG neutron.db.agents_db [req-d3ac866a-82a1-49a7-ae73-ee34354e9e33 - - - - -] Agent healthcheck: found 5 active agents agent_health_check /usr/lib/python2.7/site-packages/neutron/db/agents_db.py:281
2018-06-28 21:19:40.709 25985 DEBUG neutron_lib.callbacks.manager [req-c037cfd9-b3ff-4fb2-97cd-958676e10007 - - - - -] Notify callbacks ['neutron.services.segments.db._update_segment_host_mapping_for_agent-8790323100978'] for agent, after_update _notify_loop /usr/lib/python2.7/site-packages/neutron_lib/callbacks/manager.py:167
2018-06-28 21:19:51.339 25974 DEBUG neutron.wsgi [-] (25974) accepted ('10.0.20.25', 53500) server /usr/lib/python2.7/site-packages/eventlet/wsgi.py:883
2018-06-28 21:19:52.562 25974 INFO neutron.wsgi [req-9da856de-b6ac-42f9-a698-772011cd1d92 c0a3fd11cb7549fbbda1d865010855d0 67f2732d29e24f239afa39f792e1bf09 - 5441704a62794a5ab6a5ce3009169845 5441704a62794a5ab6a5ce3009169845] 10.0.20.25 "GET /v2.0/ports?device_id=98c2fd45-f099-4250-a529-ff7c9abafeb1 HTTP/1.1" status: 200  len: 210 time: 1.2204609
2018-06-28 21:20:04.599 25981 DEBUG neutron_lib.callbacks.manager [req-5b0f7d8c-d91e-4756-82c9-025ac37509b1 - - - - -] Notify callbacks ['neutron.services.segments.db._update_segment_host_mapping_for_agent-8790323100978'] for agent, after_update _notify_loop /usr/lib/python2.7/site-packages/neutron_lib/callbacks/manager.py:167
2018-06-28 21:20:04.616 25984 DEBUG neutron_lib.callbacks.manager [req-d572b26d-7afe-48a5-b250-269877e3e81e - - - - -] Notify callbacks ['neutron.services.segments.db._update_segment_host_mapping_for_agent-8790323100978'] for agent, after_update _notify_loop /usr/lib/python2.7/site-packages/neutron_lib/callbacks/manager.py:167
2018-06-28 21:20:04.633 25983 DEBUG neutron_lib.callbacks.manager [req-5a36c851-67ab-481c-b164-6e80e488403b - - - - -] Notify callbacks ['neutron.services.segments.db._update_segment_host_mapping_for_agent-8790323100978'] for agent, after_update _notify_loop /usr/lib/python2.7/site-packages/neutron_lib/callbacks/manager.py:167
2018-06-28 21:20:05.086 25979 DEBUG neutron_lib.callbacks.manager [req-bf815ee7-d3a3-4929-9fa8-31a04f790d74 - - - - -] Notify callbacks ['neutron.services.segments.db._update_segment_host_mapping_for_agent-8790323100978'] for agent, after_update _notify_loop /usr/lib/python2.7/site-packages/neutron_lib/callbacks/manager.py:167
2018-06-28 21:20:07.673 25977 INFO neutron.wsgi [req-326c8fbb-4a70-4615-959a-7fe2368b11dd c0a3fd11cb7549fbbda1d865010855d0 67f2732d29e24f239afa39f792e1bf09 - 5441704a62794a5ab6a5ce3009169845 5441704a62794a5ab6a5ce3009169845] 10.0.20.25 "GET /v2.0/ports?device_id=98c2fd45-f099-4250-a529-ff7c9abafeb1 HTTP/1.1" status: 200  len: 210 time: 0.6396549
2018-06-28 21:20:10.700 25987 DEBUG neutron_lib.callbacks.manager [req-c037cfd9-b3ff-4fb2-97cd-958676e10007 - - - - -] Notify callbacks ['neutron.services.segments.db._update_segment_host_mapping_for_agent-8790323100978'] for agent, after_update _notify_loop /usr/lib/python2.7/site-packages/neutron_lib/callbacks/manager.py:167
2018-06-28 21:20:17.326 25988 DEBUG neutron.db.agents_db [req-d3ac866a-82a1-49a7-ae73-ee34354e9e33 - - - - -] Agent healthcheck: found 5 active agents agent_health_check /usr/lib/python2.7/site-packages/neutron/db/agents_db.py:281
2018-06-28 21:20:22.646 25977 INFO neutron.wsgi [req-bf164880-b5c9-4782-8997-cd465a49ae99 c0a3fd11cb7549fbbda1d865010855d0 67f2732d29e24f239afa39f792e1bf09 - 5441704a62794a5ab6a5ce3009169845 5441704a62794a5ab6a5ce3009169845] 10.0.20.25 "GET /v2.0/ports?device_id=98c2fd45-f099-4250-a529-ff7c9abafeb1 HTTP/1.1" status: 200  len: 210 time: 0.6513481
2018-06-28 21:20:34.099 25977 INFO neutron.wsgi [req-0a68ff29-64ba-43a2-bb99-358971220e20 c0a3fd11cb7549fbbda1d865010855d0 67f2732d29e24f239afa39f792e1bf09 - 5441704a62794a5ab6a5ce3009169845 5441704a62794a5ab6a5ce3009169845] 10.0.20.25 "GET /v2.0/ports?device_id=98c2fd45-f099-4250-a529-ff7c9abafeb1 HTTP/1.1" status: 200  len: 210 time: 0.5759051
2018-06-28 21:20:34.586 25986 DEBUG neutron_lib.callbacks.manager [req-34f4250f-9b5c-42ea-89e4-e94b96fe3316 - - - - -] Notify callbacks ['neutron.services.segments.db._update_segment_host_mapping_for_agent-8790323100978'] for agent, after_update _notify_loop /usr/lib/python2.7/site-packages/neutron_lib/callbacks/manager.py:167
2018-06-28 21:20:34.604 25982 DEBUG neutron_lib.callbacks.manager [req-5b0f7d8c-d91e-4756-82c9-025ac37509b1 - - - - -] Notify callbacks ['neutron.services.segments.db._update_segment_host_mapping_for_agent-8790323100978'] for agent, after_update _notify_loop /usr/lib/python2.7/site-packages/neutron_lib/callbacks/manager.py:167
2018-06-28 21:20:34.638 25980 DEBUG neutron_lib.callbacks.manager [req-5a36c851-67ab-481c-b164-6e80e488403b - - - - -] Notify callbacks ['neutron.services.segments.db._update_segment_host_mapping_for_agent-8790323100978'] for agent, after_update _notify_loop /usr/lib/python2.7/site-packages/neutron_lib/callbacks/manager.py:167
2018-06-28 21:20:35.088 25985 DEBUG neutron_lib.callbacks.manager [req-c6b457ed-1e87-4189-9a09-05323d7c9043 - - - - -] Notify callbacks ['neutron.services.segments.db._update_segment_host_mapping_for_agent-8790323100978'] for agent, after_update _notify_loop /usr/lib/python2.7/site-packages/neutron_lib/callbacks/manager.py:167
