2018-06-30 00:25:56.299 3384 DEBUG neutron_lib.callbacks.manager [req-67424a84-0b8e-419d-b943-9e0bdfd9be08 - - - - -] Notify callbacks ['neutron.services.segments.db._update_segment_host_mapping_for_agent-8777348272178'] for agent, after_update _notify_loop /usr/lib/python2.7/site-packages/neutron_lib/callbacks/manager.py:167
2018-06-30 00:26:18.884 3394 DEBUG neutron_lib.callbacks.manager [req-37238272-8c8a-441d-8ef4-c9f772e978e5 - - - - -] Notify callbacks ['neutron.services.segments.db._update_segment_host_mapping_for_agent-8777348272178'] for agent, after_update _notify_loop /usr/lib/python2.7/site-packages/neutron_lib/callbacks/manager.py:167
2018-06-30 00:26:21.322 3376 INFO neutron.wsgi [req-ed425a0d-0c30-4620-845f-678806c6b297 b7df3e9401d84500bd1283c14b5fc998 6165b0e4dc8f4870a067b76906f775c7 - 18acfedeb8154c28999a48b7b63139de 18acfedeb8154c28999a48b7b63139de] 10.0.20.21 "GET /v2.0/ports?device_id=eb2fe16d-4b3e-49f2-a275-5f7c1496ab3a HTTP/1.1" status: 200  len: 1123 time: 1.3308439
2018-06-30 00:26:21.486 3376 INFO neutron.wsgi [req-6aad24cc-bdc2-41df-8576-c0b4b80785f8 b7df3e9401d84500bd1283c14b5fc998 6165b0e4dc8f4870a067b76906f775c7 - 18acfedeb8154c28999a48b7b63139de 18acfedeb8154c28999a48b7b63139de] 10.0.20.21 "GET /v2.0/security-groups?id=fb2927fb-44a6-45df-8210-aa759e6c89d2 HTTP/1.1" status: 200  len: 2118 time: 0.1569240
2018-06-30 00:26:25.281 3390 DEBUG neutron_lib.callbacks.manager [req-b69da6d8-aceb-4a8e-a3d3-65465100c3d9 - - - - -] Notify callbacks ['neutron.services.segments.db._update_segment_host_mapping_for_agent-8777348272178'] for agent, after_update _notify_loop /usr/lib/python2.7/site-packages/neutron_lib/callbacks/manager.py:167
2018-06-30 00:26:25.292 3387 DEBUG neutron_lib.callbacks.manager [req-61782850-0813-47e1-a049-264d5d51bf61 - - - - -] Notify callbacks ['neutron.services.segments.db._update_segment_host_mapping_for_agent-8777348272178'] for agent, after_update _notify_loop /usr/lib/python2.7/site-packages/neutron_lib/callbacks/manager.py:167
2018-06-30 00:26:25.492 3397 DEBUG neutron.db.agents_db [req-de4d2dcf-986e-4261-824d-e696393157d7 - - - - -] Agent healthcheck: found 5 active agents agent_health_check /usr/lib/python2.7/site-packages/neutron/db/agents_db.py:281
2018-06-30 00:26:25.504 3383 DEBUG neutron_lib.callbacks.manager [req-de3e5cb5-69c0-41f5-95eb-6be0148f007f - - - - -] Notify callbacks ['neutron.services.segments.db._update_segment_host_mapping_for_agent-8777348272178'] for agent, after_update _notify_loop /usr/lib/python2.7/site-packages/neutron_lib/callbacks/manager.py:167
2018-06-30 00:26:26.284 3393 DEBUG neutron_lib.callbacks.manager [req-fd5dff20-f83c-46fd-8cc8-f8298efd66a7 - - - - -] Notify callbacks ['neutron.services.segments.db._update_segment_host_mapping_for_agent-8777348272178'] for agent, after_update _notify_loop /usr/lib/python2.7/site-packages/neutron_lib/callbacks/manager.py:167
2018-06-30 00:26:33.078 3375 INFO neutron.wsgi [req-c1c18acb-97c4-493b-b8a7-7b365a4f4ff7 59f963f90a0940d0a0321d158c75bc86 6ce4dd91709c441d9f1b40034ea03af4 - default default] 10.0.20.21 "GET /v2.0/ports?tenant_id=f4a570c942f04ee3b556f3e6756b5a50&device_id=fbe9921b-01af-42ef-a506-f7a67f25f76a HTTP/1.1" status: 200  len: 1125 time: 0.1402299
2018-06-30 00:26:33.591 3375 DEBUG neutron.pecan_wsgi.hooks.policy_enforcement [req-152150e5-80b5-44dd-b75e-d7f089670aab 59f963f90a0940d0a0321d158c75bc86 6ce4dd91709c441d9f1b40034ea03af4 - default default] Attributes excluded by policy engine: [u'vlan_transparent'] _exclude_attributes_by_policy /usr/lib/python2.7/site-packages/neutron/pecan_wsgi/hooks/policy_enforcement.py:256
2018-06-30 00:26:33.593 3375 INFO neutron.wsgi [req-152150e5-80b5-44dd-b75e-d7f089670aab 59f963f90a0940d0a0321d158c75bc86 6ce4dd91709c441d9f1b40034ea03af4 - default default] 10.0.20.21 "GET /v2.0/networks?id=65a63b5d-4ab6-4a89-8fc5-4ab4c578efe5 HTTP/1.1" status: 200  len: 888 time: 0.5040982
2018-06-30 00:26:33.630 3375 INFO neutron.wsgi [req-0b91668d-2abe-40b0-a373-ce8a5d5405f9 59f963f90a0940d0a0321d158c75bc86 6ce4dd91709c441d9f1b40034ea03af4 - default default] 10.0.20.21 "GET /v2.0/floatingips?fixed_ip_address=172.24.4.11&port_id=de636301-2b4d-4580-966c-2174f43d6448 HTTP/1.1" status: 200  len: 217 time: 0.0316620
2018-06-30 00:26:33.754 3375 DEBUG neutron.pecan_wsgi.hooks.policy_enforcement [req-52df458b-cbb2-44d5-be8c-7007c1c1ebce 59f963f90a0940d0a0321d158c75bc86 6ce4dd91709c441d9f1b40034ea03af4 - default default] Attributes excluded by policy engine: [u'shared'] _exclude_attributes_by_policy /usr/lib/python2.7/site-packages/neutron/pecan_wsgi/hooks/policy_enforcement.py:256
2018-06-30 00:26:33.756 3375 INFO neutron.wsgi [req-52df458b-cbb2-44d5-be8c-7007c1c1ebce 59f963f90a0940d0a0321d158c75bc86 6ce4dd91709c441d9f1b40034ea03af4 - default default] 10.0.20.21 "GET /v2.0/subnets?id=0db29b77-dce9-468d-9f4c-d777953f217f HTTP/1.1" status: 200  len: 819 time: 0.1206219
2018-06-30 00:26:33.851 3375 INFO neutron.wsgi [req-f6abeabf-b17f-44a5-b22e-d48284f19632 59f963f90a0940d0a0321d158c75bc86 6ce4dd91709c441d9f1b40034ea03af4 - default default] 10.0.20.21 "GET /v2.0/ports?network_id=65a63b5d-4ab6-4a89-8fc5-4ab4c578efe5&device_owner=network%3Adhcp HTTP/1.1" status: 200  len: 210 time: 0.0850458
2018-06-30 00:26:33.967 3375 INFO neutron.wsgi [req-1db4254c-9e68-4cba-94f3-451ceec5cc35 b7df3e9401d84500bd1283c14b5fc998 6165b0e4dc8f4870a067b76906f775c7 - 18acfedeb8154c28999a48b7b63139de 18acfedeb8154c28999a48b7b63139de] 10.0.20.21 "GET /v2.0/ports?device_id=eb2fe16d-4b3e-49f2-a275-5f7c1496ab3a HTTP/1.1" status: 200  len: 1123 time: 0.5448780
2018-06-30 00:26:34.084 3375 INFO neutron.wsgi [req-00bd5064-9370-4e2d-a7ef-ebf66b22ea0d b7df3e9401d84500bd1283c14b5fc998 6165b0e4dc8f4870a067b76906f775c7 - 18acfedeb8154c28999a48b7b63139de 18acfedeb8154c28999a48b7b63139de] 10.0.20.21 "GET /v2.0/security-groups?id=fb2927fb-44a6-45df-8210-aa759e6c89d2 HTTP/1.1" status: 200  len: 2118 time: 0.1124771
2018-06-30 00:26:48.642 3375 INFO neutron.wsgi [req-5ac9842b-c116-42e4-a252-368f03055461 b7df3e9401d84500bd1283c14b5fc998 6165b0e4dc8f4870a067b76906f775c7 - 18acfedeb8154c28999a48b7b63139de 18acfedeb8154c28999a48b7b63139de] 10.0.20.21 "GET /v2.0/ports?device_id=eb2fe16d-4b3e-49f2-a275-5f7c1496ab3a HTTP/1.1" status: 200  len: 1123 time: 0.6690891
2018-06-30 00:26:48.773 3375 INFO neutron.wsgi [req-0d433822-5a0d-41d9-a441-0bd8146d560a b7df3e9401d84500bd1283c14b5fc998 6165b0e4dc8f4870a067b76906f775c7 - 18acfedeb8154c28999a48b7b63139de 18acfedeb8154c28999a48b7b63139de] 10.0.20.21 "GET /v2.0/security-groups?id=fb2927fb-44a6-45df-8210-aa759e6c89d2 HTTP/1.1" status: 200  len: 2118 time: 0.1236410
2018-06-30 00:26:48.951 3389 DEBUG neutron_lib.callbacks.manager [req-37238272-8c8a-441d-8ef4-c9f772e978e5 - - - - -] Notify callbacks ['neutron.services.segments.db._update_segment_host_mapping_for_agent-8777348272178'] for agent, after_update _notify_loop /usr/lib/python2.7/site-packages/neutron_lib/callbacks/manager.py:167
2018-06-30 00:26:55.278 3391 DEBUG neutron_lib.callbacks.manager [req-b69da6d8-aceb-4a8e-a3d3-65465100c3d9 - - - - -] Notify callbacks ['neutron.services.segments.db._update_segment_host_mapping_for_agent-8777348272178'] for agent, after_update _notify_loop /usr/lib/python2.7/site-packages/neutron_lib/callbacks/manager.py:167
2018-06-30 00:26:55.296 3385 DEBUG neutron_lib.callbacks.manager [req-7ead5c25-d0a9-42b8-8fd3-fa9b2862b4db - - - - -] Notify callbacks ['neutron.services.segments.db._update_segment_host_mapping_for_agent-8777348272178'] for agent, after_update _notify_loop /usr/lib/python2.7/site-packages/neutron_lib/callbacks/manager.py:167
2018-06-30 00:26:55.515 3384 DEBUG neutron_lib.callbacks.manager [req-de3e5cb5-69c0-41f5-95eb-6be0148f007f - - - - -] Notify callbacks ['neutron.services.segments.db._update_segment_host_mapping_for_agent-8777348272178'] for agent, after_update _notify_loop /usr/lib/python2.7/site-packages/neutron_lib/callbacks/manager.py:167
2018-06-30 00:26:56.292 3394 DEBUG neutron_lib.callbacks.manager [req-966f2800-708e-4ed1-a6fa-ac5db3294ff4 - - - - -] Notify callbacks ['neutron.services.segments.db._update_segment_host_mapping_for_agent-8777348272178'] for agent, after_update _notify_loop /usr/lib/python2.7/site-packages/neutron_lib/callbacks/manager.py:167
2018-06-30 00:26:57.507 3375 INFO neutron.wsgi [req-51acb6bf-27f8-4cac-8b4e-4f90c9d45a3c b7df3e9401d84500bd1283c14b5fc998 6165b0e4dc8f4870a067b76906f775c7 - 18acfedeb8154c28999a48b7b63139de 18acfedeb8154c28999a48b7b63139de] 10.0.20.21 "GET /v2.0/ports?device_id=eb2fe16d-4b3e-49f2-a275-5f7c1496ab3a HTTP/1.1" status: 200  len: 1123 time: 0.5894990
2018-06-30 00:26:57.629 3375 INFO neutron.wsgi [req-c50362e9-4111-4b7e-b06a-3b497f538056 b7df3e9401d84500bd1283c14b5fc998 6165b0e4dc8f4870a067b76906f775c7 - 18acfedeb8154c28999a48b7b63139de 18acfedeb8154c28999a48b7b63139de] 10.0.20.21 "GET /v2.0/security-groups?id=fb2927fb-44a6-45df-8210-aa759e6c89d2 HTTP/1.1" status: 200  len: 2118 time: 0.1158800
2018-06-30 00:27:02.492 3397 DEBUG neutron.db.agents_db [req-de4d2dcf-986e-4261-824d-e696393157d7 - - - - -] Agent healthcheck: found 5 active agents agent_health_check /usr/lib/python2.7/site-packages/neutron/db/agents_db.py:281
2018-06-30 00:27:09.997 3371 DEBUG neutron.wsgi [-] (3371) accepted ('10.0.20.21', 37356) server /usr/lib/python2.7/site-packages/eventlet/wsgi.py:883
2018-06-30 00:27:10.491 3371 WARNING keystonemiddleware.auth_token [-] A valid token was submitted as a service token, but it was not a valid service token. This is incorrect but backwards compatible behaviour. This will be removed in future releases.
2018-06-30 00:27:11.146 3371 INFO neutron.wsgi [req-2e2c3a40-fc8e-4370-ac1f-5c2aad8169bc b7df3e9401d84500bd1283c14b5fc998 6165b0e4dc8f4870a067b76906f775c7 - 18acfedeb8154c28999a48b7b63139de 18acfedeb8154c28999a48b7b63139de] 10.0.20.21 "GET /v2.0/ports?device_id=eb2fe16d-4b3e-49f2-a275-5f7c1496ab3a HTTP/1.1" status: 200  len: 1123 time: 1.1442952
2018-06-30 00:27:11.324 3371 INFO neutron.wsgi [req-3903f9b6-7e5e-43f9-a9b1-02d1498e27f2 b7df3e9401d84500bd1283c14b5fc998 6165b0e4dc8f4870a067b76906f775c7 - 18acfedeb8154c28999a48b7b63139de 18acfedeb8154c28999a48b7b63139de] 10.0.20.21 "GET /v2.0/security-groups?id=fb2927fb-44a6-45df-8210-aa759e6c89d2 HTTP/1.1" status: 200  len: 2118 time: 0.1306078
2018-06-30 00:27:18.891 3390 DEBUG neutron_lib.callbacks.manager [req-37238272-8c8a-441d-8ef4-c9f772e978e5 - - - - -] Notify callbacks ['neutron.services.segments.db._update_segment_host_mapping_for_agent-8777348272178'] for agent, after_update _notify_loop /usr/lib/python2.7/site-packages/neutron_lib/callbacks/manager.py:167
2018-06-30 00:27:24.673 3378 DEBUG neutron.wsgi [-] (3378) accepted ('10.0.20.21', 37408) server /usr/lib/python2.7/site-packages/eventlet/wsgi.py:883
2018-06-30 00:27:24.952 3378 WARNING keystonemiddleware.auth_token [-] A valid token was submitted as a service token, but it was not a valid service token. This is incorrect but backwards compatible behaviour. This will be removed in future releases.
2018-06-30 00:27:25.287 3387 DEBUG neutron_lib.callbacks.manager [req-b69da6d8-aceb-4a8e-a3d3-65465100c3d9 - - - - -] Notify callbacks ['neutron.services.segments.db._update_segment_host_mapping_for_agent-8777348272178'] for agent, after_update _notify_loop /usr/lib/python2.7/site-packages/neutron_lib/callbacks/manager.py:167
2018-06-30 00:27:25.295 3383 DEBUG neutron_lib.callbacks.manager [req-7d7eab55-8e08-408d-aaae-7c56814a6688 - - - - -] Notify callbacks ['neutron.services.segments.db._update_segment_host_mapping_for_agent-8777348272178'] for agent, after_update _notify_loop /usr/lib/python2.7/site-packages/neutron_lib/callbacks/manager.py:167
2018-06-30 00:27:25.516 3393 DEBUG neutron_lib.callbacks.manager [req-de3e5cb5-69c0-41f5-95eb-6be0148f007f - - - - -] Notify callbacks ['neutron.services.segments.db._update_segment_host_mapping_for_agent-8777348272178'] for agent, after_update _notify_loop /usr/lib/python2.7/site-packages/neutron_lib/callbacks/manager.py:167
2018-06-30 00:27:25.525 3378 INFO neutron.wsgi [req-3cab56a1-40ee-4140-952b-5b397a7e7c29 b7df3e9401d84500bd1283c14b5fc998 6165b0e4dc8f4870a067b76906f775c7 - 18acfedeb8154c28999a48b7b63139de 18acfedeb8154c28999a48b7b63139de] 10.0.20.21 "GET /v2.0/ports?device_id=eb2fe16d-4b3e-49f2-a275-5f7c1496ab3a HTTP/1.1" status: 200  len: 1123 time: 0.8506792
2018-06-30 00:27:25.680 3378 INFO neutron.wsgi [req-09b37c8c-a19e-4b9e-9ca8-dd3fe30e4cb9 b7df3e9401d84500bd1283c14b5fc998 6165b0e4dc8f4870a067b76906f775c7 - 18acfedeb8154c28999a48b7b63139de 18acfedeb8154c28999a48b7b63139de] 10.0.20.21 "GET /v2.0/security-groups?id=fb2927fb-44a6-45df-8210-aa759e6c89d2 HTTP/1.1" status: 200  len: 2118 time: 0.1213970
2018-06-30 00:27:26.285 3389 DEBUG neutron_lib.callbacks.manager [req-7138260f-6c17-4bc5-ab8a-b0ebb49b858e - - - - -] Notify callbacks ['neutron.services.segments.db._update_segment_host_mapping_for_agent-8777348272178'] for agent, after_update _notify_loop /usr/lib/python2.7/site-packages/neutron_lib/callbacks/manager.py:167
2018-06-30 00:27:29.338 3375 INFO neutron.wsgi [req-7860388c-e4bb-4c4f-8895-bbd9e47af628 59f963f90a0940d0a0321d158c75bc86 6ce4dd91709c441d9f1b40034ea03af4 - default default] 10.0.20.21 "GET /v2.0/ports?tenant_id=62690eb695ee44a38816e1802351566a&device_id=92388629-e842-462e-bddc-7e50e9923976 HTTP/1.1" status: 200  len: 1124 time: 0.1227221
2018-06-30 00:27:29.607 3375 DEBUG neutron.pecan_wsgi.hooks.policy_enforcement [req-3c399f6d-950b-4d7b-adb7-b4a70e72b9fc 59f963f90a0940d0a0321d158c75bc86 6ce4dd91709c441d9f1b40034ea03af4 - default default] Attributes excluded by policy engine: [u'vlan_transparent'] _exclude_attributes_by_policy /usr/lib/python2.7/site-packages/neutron/pecan_wsgi/hooks/policy_enforcement.py:256
2018-06-30 00:27:29.617 3375 INFO neutron.wsgi [req-3c399f6d-950b-4d7b-adb7-b4a70e72b9fc 59f963f90a0940d0a0321d158c75bc86 6ce4dd91709c441d9f1b40034ea03af4 - default default] 10.0.20.21 "GET /v2.0/networks?id=c4eae0ce-60f3-4b83-bc3d-a1e71a54cb3a HTTP/1.1" status: 200  len: 885 time: 0.2700150
2018-06-30 00:27:29.667 3375 INFO neutron.wsgi [req-bb6563df-41e1-44f4-96bd-7c6791670399 59f963f90a0940d0a0321d158c75bc86 6ce4dd91709c441d9f1b40034ea03af4 - default default] 10.0.20.21 "GET /v2.0/floatingips?fixed_ip_address=11.141.1.3&port_id=72f7e9e8-e62f-444e-8f15-b199f041127b HTTP/1.1" status: 200  len: 217 time: 0.0438600
2018-06-30 00:27:29.806 3375 DEBUG neutron.pecan_wsgi.hooks.policy_enforcement [req-245bd870-ae84-4bb5-be0f-4cb4899d1e32 59f963f90a0940d0a0321d158c75bc86 6ce4dd91709c441d9f1b40034ea03af4 - default default] Attributes excluded by policy engine: [u'shared'] _exclude_attributes_by_policy /usr/lib/python2.7/site-packages/neutron/pecan_wsgi/hooks/policy_enforcement.py:256
2018-06-30 00:27:29.809 3375 INFO neutron.wsgi [req-245bd870-ae84-4bb5-be0f-4cb4899d1e32 59f963f90a0940d0a0321d158c75bc86 6ce4dd91709c441d9f1b40034ea03af4 - default default] 10.0.20.21 "GET /v2.0/subnets?id=18b912ec-9c13-4a88-b80f-194c54dd250d HTTP/1.1" status: 200  len: 847 time: 0.1311431
2018-06-30 00:27:29.953 3375 INFO neutron.wsgi [req-2090032a-0829-47f4-9710-5e30a54a0d7b 59f963f90a0940d0a0321d158c75bc86 6ce4dd91709c441d9f1b40034ea03af4 - default default] 10.0.20.21 "GET /v2.0/ports?network_id=c4eae0ce-60f3-4b83-bc3d-a1e71a54cb3a&device_owner=network%3Adhcp HTTP/1.1" status: 200  len: 1128 time: 0.1349421
2018-06-30 00:27:39.497 3397 DEBUG neutron.db.agents_db [req-de4d2dcf-986e-4261-824d-e696393157d7 - - - - -] Agent healthcheck: found 5 active agents agent_health_check /usr/lib/python2.7/site-packages/neutron/db/agents_db.py:281
2018-06-30 00:27:40.937 3381 DEBUG neutron.wsgi [-] (3381) accepted ('10.0.20.21', 37478) server /usr/lib/python2.7/site-packages/eventlet/wsgi.py:883
2018-06-30 00:27:41.807 3381 INFO neutron.wsgi [req-309d9109-8970-40c3-a7ae-b4fbbc46cb75 b7df3e9401d84500bd1283c14b5fc998 6165b0e4dc8f4870a067b76906f775c7 - 18acfedeb8154c28999a48b7b63139de 18acfedeb8154c28999a48b7b63139de] 10.0.20.21 "GET /v2.0/ports?device_id=eb2fe16d-4b3e-49f2-a275-5f7c1496ab3a HTTP/1.1" status: 200  len: 1123 time: 0.8641651
2018-06-30 00:27:41.944 3381 DEBUG neutron.quota.resource [req-abcbec58-e6f0-450d-8dd7-585314e68be5 b7df3e9401d84500bd1283c14b5fc998 6165b0e4dc8f4870a067b76906f775c7 - 18acfedeb8154c28999a48b7b63139de 18acfedeb8154c28999a48b7b63139de] Synchronizing usage tracker for tenant:6165b0e4dc8f4870a067b76906f775c7 on resource:security_group resync /usr/lib/python2.7/site-packages/neutron/quota/resource.py:245
2018-06-30 00:27:41.991 3381 DEBUG neutron.quota.resource [req-abcbec58-e6f0-450d-8dd7-585314e68be5 b7df3e9401d84500bd1283c14b5fc998 6165b0e4dc8f4870a067b76906f775c7 - 18acfedeb8154c28999a48b7b63139de 18acfedeb8154c28999a48b7b63139de] Unset dirty status for tenant:6165b0e4dc8f4870a067b76906f775c7 on resource:security_group _resync /usr/lib/python2.7/site-packages/neutron/quota/resource.py:237
2018-06-30 00:27:41.993 3381 INFO neutron.wsgi [req-abcbec58-e6f0-450d-8dd7-585314e68be5 b7df3e9401d84500bd1283c14b5fc998 6165b0e4dc8f4870a067b76906f775c7 - 18acfedeb8154c28999a48b7b63139de 18acfedeb8154c28999a48b7b63139de] 10.0.20.21 "GET /v2.0/security-groups?id=fb2927fb-44a6-45df-8210-aa759e6c89d2 HTTP/1.1" status: 200  len: 2118 time: 0.1599562
2018-06-30 00:27:48.883 3391 DEBUG neutron_lib.callbacks.manager [req-37238272-8c8a-441d-8ef4-c9f772e978e5 - - - - -] Notify callbacks ['neutron.services.segments.db._update_segment_host_mapping_for_agent-8777348272178'] for agent, after_update _notify_loop /usr/lib/python2.7/site-packages/neutron_lib/callbacks/manager.py:167
2018-06-30 00:27:52.531 3378 INFO neutron.wsgi [req-9aebb076-bd7b-492c-bb2c-064e4679b8d4 b7df3e9401d84500bd1283c14b5fc998 6165b0e4dc8f4870a067b76906f775c7 - 18acfedeb8154c28999a48b7b63139de 18acfedeb8154c28999a48b7b63139de] 10.0.20.21 "GET /v2.0/ports?device_id=eb2fe16d-4b3e-49f2-a275-5f7c1496ab3a HTTP/1.1" status: 200  len: 1123 time: 0.5390871
2018-06-30 00:27:52.641 3378 INFO neutron.wsgi [req-6570fc40-c296-41ae-b68d-654994fd82ac b7df3e9401d84500bd1283c14b5fc998 6165b0e4dc8f4870a067b76906f775c7 - 18acfedeb8154c28999a48b7b63139de 18acfedeb8154c28999a48b7b63139de] 10.0.20.21 "GET /v2.0/security-groups?id=fb2927fb-44a6-45df-8210-aa759e6c89d2 HTTP/1.1" status: 200  len: 2118 time: 0.1030672
2018-06-30 00:27:53.461 3375 INFO neutron.wsgi [req-7ce237f9-5c39-474a-bfa0-78291c8221c8 59f963f90a0940d0a0321d158c75bc86 6ce4dd91709c441d9f1b40034ea03af4 - default default] 10.0.20.21 "GET /v2.0/ports?tenant_id=6165b0e4dc8f4870a067b76906f775c7&device_id=eb2fe16d-4b3e-49f2-a275-5f7c1496ab3a HTTP/1.1" status: 200  len: 1123 time: 0.1407390
2018-06-30 00:27:53.722 3375 DEBUG neutron.pecan_wsgi.hooks.policy_enforcement [req-77b2469e-ce3a-4f07-a70f-c3cb4c5fa298 59f963f90a0940d0a0321d158c75bc86 6ce4dd91709c441d9f1b40034ea03af4 - default default] Attributes excluded by policy engine: [u'vlan_transparent'] _exclude_attributes_by_policy /usr/lib/python2.7/site-packages/neutron/pecan_wsgi/hooks/policy_enforcement.py:256
2018-06-30 00:27:53.726 3375 INFO neutron.wsgi [req-77b2469e-ce3a-4f07-a70f-c3cb4c5fa298 59f963f90a0940d0a0321d158c75bc86 6ce4dd91709c441d9f1b40034ea03af4 - default default] 10.0.20.21 "GET /v2.0/networks?id=03394868-b3d0-41f7-8e70-a78daeadbd26 HTTP/1.1" status: 200  len: 885 time: 0.2567592
2018-06-30 00:27:53.780 3375 INFO neutron.wsgi [req-3f94b6f6-36f1-4873-81cd-80ca74ec00fb 59f963f90a0940d0a0321d158c75bc86 6ce4dd91709c441d9f1b40034ea03af4 - default default] 10.0.20.21 "GET /v2.0/floatingips?fixed_ip_address=11.76.1.3&port_id=c2a5c4d5-fbb8-4cbd-9c01-b740c285246d HTTP/1.1" status: 200  len: 749 time: 0.0461938
2018-06-30 00:27:53.937 3375 DEBUG neutron.pecan_wsgi.hooks.policy_enforcement [req-2a140aaf-a06e-446b-9f55-fba5f53574fb 59f963f90a0940d0a0321d158c75bc86 6ce4dd91709c441d9f1b40034ea03af4 - default default] Attributes excluded by policy engine: [u'shared'] _exclude_attributes_by_policy /usr/lib/python2.7/site-packages/neutron/pecan_wsgi/hooks/policy_enforcement.py:256
2018-06-30 00:27:53.940 3375 INFO neutron.wsgi [req-2a140aaf-a06e-446b-9f55-fba5f53574fb 59f963f90a0940d0a0321d158c75bc86 6ce4dd91709c441d9f1b40034ea03af4 - default default] 10.0.20.21 "GET /v2.0/subnets?id=c97dcd86-055f-428e-840b-b9666a079aba HTTP/1.1" status: 200  len: 843 time: 0.1532781
2018-06-30 00:27:54.087 3375 INFO neutron.wsgi [req-6c6e1f91-a347-4648-93e8-ef6223c4a813 59f963f90a0940d0a0321d158c75bc86 6ce4dd91709c441d9f1b40034ea03af4 - default default] 10.0.20.21 "GET /v2.0/ports?network_id=03394868-b3d0-41f7-8e70-a78daeadbd26&device_owner=network%3Adhcp HTTP/1.1" status: 200  len: 1127 time: 0.1368089
2018-06-30 00:27:55.285 3385 DEBUG neutron_lib.callbacks.manager [req-b69da6d8-aceb-4a8e-a3d3-65465100c3d9 - - - - -] Notify callbacks ['neutron.services.segments.db._update_segment_host_mapping_for_agent-8777348272178'] for agent, after_update _notify_loop /usr/lib/python2.7/site-packages/neutron_lib/callbacks/manager.py:167
2018-06-30 00:27:55.296 3384 DEBUG neutron_lib.callbacks.manager [req-a747d657-58a6-4fe5-aee1-37aab86a27d8 - - - - -] Notify callbacks ['neutron.services.segments.db._update_segment_host_mapping_for_agent-8777348272178'] for agent, after_update _notify_loop /usr/lib/python2.7/site-packages/neutron_lib/callbacks/manager.py:167
2018-06-30 00:27:55.533 3394 DEBUG neutron_lib.callbacks.manager [req-de3e5cb5-69c0-41f5-95eb-6be0148f007f - - - - -] Notify callbacks ['neutron.services.segments.db._update_segment_host_mapping_for_agent-8777348272178'] for agent, after_update _notify_loop /usr/lib/python2.7/site-packages/neutron_lib/callbacks/manager.py:167
2018-06-30 00:27:56.309 3390 DEBUG neutron_lib.callbacks.manager [req-4b1009e4-657b-4100-b895-f91128c700f1 - - - - -] Notify callbacks ['neutron.services.segments.db._update_segment_host_mapping_for_agent-8777348272178'] for agent, after_update _notify_loop /usr/lib/python2.7/site-packages/neutron_lib/callbacks/manager.py:167
2018-06-30 00:27:56.471 3391 DEBUG neutron.plugins.ml2.rpc [req-37238272-8c8a-441d-8ef4-c9f772e978e5 - - - - -] Device c2a5c4d5-fbb8-4cbd-9c01-b740c285246d no longer exists at agent ovs-agent-localhost.localdomain update_device_down /usr/lib/python2.7/site-packages/neutron/plugins/ml2/rpc.py:213
2018-06-30 00:27:57.178 3391 DEBUG neutron_lib.callbacks.manager [req-37238272-8c8a-441d-8ef4-c9f772e978e5 - - - - -] Notify callbacks ['neutron.plugins.ml2.plugin.Ml2Plugin._ensure_default_security_group_handler--9223372036846723500'] for port, before_update _notify_loop /usr/lib/python2.7/site-packages/neutron_lib/callbacks/manager.py:167
2018-06-30 00:27:57.275 3391 DEBUG oslo_concurrency.lockutils [-] Lock "notifier-a6b162eb-77b6-4f71-85a9-9df158c02b9e" acquired by "neutron.notifiers.batch_notifier.synced_send" :: waited 0.000s inner /usr/lib/python2.7/site-packages/oslo_concurrency/lockutils.py:270
2018-06-30 00:27:57.275 3391 DEBUG neutron.notifiers.nova [-] Sending events: [{'status': 'completed', 'tag': u'c2a5c4d5-fbb8-4cbd-9c01-b740c285246d', 'name': 'network-vif-unplugged', 'server_uuid': u'eb2fe16d-4b3e-49f2-a275-5f7c1496ab3a'}] send_events /usr/lib/python2.7/site-packages/neutron/notifiers/nova.py:242
2018-06-30 00:27:57.283 3391 DEBUG neutron.plugins.ml2.db [req-37238272-8c8a-441d-8ef4-c9f772e978e5 - - - - -] For port c2a5c4d5-fbb8-4cbd-9c01-b740c285246d, host localhost.localdomain, got binding levels [<neutron.plugins.ml2.models.PortBindingLevel[object at 7fba2a916a10] {port_id=u'c2a5c4d5-fbb8-4cbd-9c01-b740c285246d', host=u'localhost.localdomain', level=0, driver=u'openvswitch', segment_id=u'99030fe6-aca3-4ed6-a878-53f77ec8fd98'}>] get_binding_levels /usr/lib/python2.7/site-packages/neutron/plugins/ml2/db.py:106
2018-06-30 00:27:57.315 3391 DEBUG neutron_lib.callbacks.manager [req-37238272-8c8a-441d-8ef4-c9f772e978e5 - - - - -] Notify callbacks ['neutron.plugins.ml2.plugin.Ml2Plugin.notify_sg_on_port_change-8052457', 'neutron.db.l3_dvrscheduler_db._notify_l3_agent_port_update--9223363259506866496', 'neutron.api.rpc.agentnotifiers.dhcp_rpc_agent_api.DhcpAgentNotifyAPI._native_event_send_dhcp_notification-677139', 'neutron.plugins.ml2.ovo_rpc._ObjectChangeHandler.handle_event-635170', 'neutron.db.l3_hascheduler_db._notify_l3_agent_ha_port_update-8777347910164'] for port, after_update _notify_loop /usr/lib/python2.7/site-packages/neutron_lib/callbacks/manager.py:167
2018-06-30 00:27:57.344 3391 DEBUG oslo_concurrency.lockutils [-] Lock "event-dispatch" acquired by "neutron.plugins.ml2.ovo_rpc.dispatch_events" :: waited 0.000s inner /usr/lib/python2.7/site-packages/oslo_concurrency/lockutils.py:270
2018-06-30 00:27:57.498 3391 DEBUG neutron.api.rpc.handlers.resources_rpc [req-37238272-8c8a-441d-8ef4-c9f772e978e5 - - - - -] neutron.api.rpc.handlers.resources_rpc.ResourcesPushRpcApi method push called with arguments (<neutron_lib.context.Context object at 0x7fba2aa95ad0>, [Port(admin_state_up=True,allowed_address_pairs=[],binding=PortBinding,binding_levels=[PortBindingLevel],created_at=2018-06-29T22:24:52Z,data_plane_status=<?>,description='',device_id='eb2fe16d-4b3e-49f2-a275-5f7c1496ab3a',device_owner='compute:nova',dhcp_options=[],distributed_binding=None,dns=None,fixed_ips=[IPAllocation],id=c2a5c4d5-fbb8-4cbd-9c01-b740c285246d,mac_address=fa:16:3e:8f:37:a0,name='',network_id=03394868-b3d0-41f7-8e70-a78daeadbd26,project_id='6165b0e4dc8f4870a067b76906f775c7',qos_policy_id=None,revision_number=7,security=PortSecurity(c2a5c4d5-fbb8-4cbd-9c01-b740c285246d),security_group_ids=set([fb2927fb-44a6-45df-8210-aa759e6c89d2]),status='DOWN',updated_at=2018-06-29T22:27:57Z)], 'updated') {} wrapper /usr/lib/python2.7/site-packages/oslo_log/helpers.py:66
2018-06-30 00:27:57.516 3391 DEBUG neutron.api.rpc.callbacks.version_manager [req-37238272-8c8a-441d-8ef4-c9f772e978e5 - - - - -] Version for resource type Subnet changed None to 1.0 on consumer Open vSwitch agent@localhost.localdomain _set_version /usr/lib/python2.7/site-packages/neutron/api/rpc/callbacks/version_manager.py:119
2018-06-30 00:27:57.517 3391 DEBUG neutron.api.rpc.callbacks.version_manager [req-37238272-8c8a-441d-8ef4-c9f772e978e5 - - - - -] Version for resource type Network changed None to 1.0 on consumer Open vSwitch agent@localhost.localdomain _set_version /usr/lib/python2.7/site-packages/neutron/api/rpc/callbacks/version_manager.py:119
2018-06-30 00:27:57.518 3391 DEBUG neutron.api.rpc.callbacks.version_manager [req-37238272-8c8a-441d-8ef4-c9f772e978e5 - - - - -] Version for resource type SubPort changed None to 1.0 on consumer Open vSwitch agent@localhost.localdomain _set_version /usr/lib/python2.7/site-packages/neutron/api/rpc/callbacks/version_manager.py:119
2018-06-30 00:27:57.518 3391 DEBUG neutron.api.rpc.callbacks.version_manager [req-37238272-8c8a-441d-8ef4-c9f772e978e5 - - - - -] Version for resource type SecurityGroup changed None to 1.0 on consumer Open vSwitch agent@localhost.localdomain _set_version /usr/lib/python2.7/site-packages/neutron/api/rpc/callbacks/version_manager.py:119
2018-06-30 00:27:57.519 3391 DEBUG neutron.api.rpc.callbacks.version_manager [req-37238272-8c8a-441d-8ef4-c9f772e978e5 - - - - -] Version for resource type SecurityGroupRule changed None to 1.0 on consumer Open vSwitch agent@localhost.localdomain _set_version /usr/lib/python2.7/site-packages/neutron/api/rpc/callbacks/version_manager.py:119
2018-06-30 00:27:57.520 3391 DEBUG neutron.api.rpc.callbacks.version_manager [req-37238272-8c8a-441d-8ef4-c9f772e978e5 - - - - -] Version for resource type Trunk changed None to 1.1 on consumer Open vSwitch agent@localhost.localdomain _set_version /usr/lib/python2.7/site-packages/neutron/api/rpc/callbacks/version_manager.py:119
2018-06-30 00:27:57.521 3391 DEBUG neutron.api.rpc.callbacks.version_manager [req-37238272-8c8a-441d-8ef4-c9f772e978e5 - - - - -] Version for resource type QosPolicy changed None to 1.6 on consumer Open vSwitch agent@localhost.localdomain _set_version /usr/lib/python2.7/site-packages/neutron/api/rpc/callbacks/version_manager.py:119
2018-06-30 00:27:57.521 3391 DEBUG neutron.api.rpc.callbacks.version_manager [req-37238272-8c8a-441d-8ef4-c9f772e978e5 - - - - -] Version for resource type Port changed None to 1.1 on consumer Open vSwitch agent@localhost.localdomain _set_version /usr/lib/python2.7/site-packages/neutron/api/rpc/callbacks/version_manager.py:119
2018-06-30 00:27:57.522 3391 DEBUG neutron.api.rpc.callbacks.version_manager [req-37238272-8c8a-441d-8ef4-c9f772e978e5 - - - - -] Version for resource type Log changed None to 1.0 on consumer Open vSwitch agent@localhost.localdomain _set_version /usr/lib/python2.7/site-packages/neutron/api/rpc/callbacks/version_manager.py:119
2018-06-30 00:27:57.542 3391 DEBUG oslo_concurrency.lockutils [req-37238272-8c8a-441d-8ef4-c9f772e978e5 - - - - -] Lock "event-dispatch" released by "neutron.plugins.ml2.ovo_rpc.dispatch_events" :: held 0.198s inner /usr/lib/python2.7/site-packages/oslo_concurrency/lockutils.py:282
2018-06-30 00:27:58.202 3391 DEBUG novaclient.v2.client [-] REQ: curl -g -i -X POST http://10.0.20.21:8774/v2.1/6ce4dd91709c441d9f1b40034ea03af4/os-server-external-events -H "User-Agent: python-novaclient" -H "Content-Type: application/json" -H "Accept: application/json" -H "X-OpenStack-Nova-API-Version: 2.1" -H "X-Auth-Token: {SHA1}150b11c7d7712fbaec3d39c3ea87a44d7ad23fd3" -d '{"events": [{"status": "completed", "tag": "c2a5c4d5-fbb8-4cbd-9c01-b740c285246d", "name": "network-vif-unplugged", "server_uuid": "eb2fe16d-4b3e-49f2-a275-5f7c1496ab3a"}]}' _http_log_request /usr/lib/python2.7/site-packages/keystoneauth1/session.py:375
2018-06-30 00:27:59.009 3391 DEBUG novaclient.v2.client [-] RESP: [200] Content-Length: 185 Content-Type: application/json Openstack-Api-Version: compute 2.1 X-Openstack-Nova-Api-Version: 2.1 Vary: OpenStack-API-Version, X-OpenStack-Nova-API-Version X-Openstack-Request-Id: req-809319d8-2ee2-49ee-97b0-561501700f5e X-Compute-Request-Id: req-809319d8-2ee2-49ee-97b0-561501700f5e Date: Fri, 29 Jun 2018 22:27:58 GMT Connection: keep-alive 
RESP BODY: {"events": [{"status": "completed", "tag": "c2a5c4d5-fbb8-4cbd-9c01-b740c285246d", "name": "network-vif-unplugged", "server_uuid": "eb2fe16d-4b3e-49f2-a275-5f7c1496ab3a", "code": 200}]}
 _http_log_response /usr/lib/python2.7/site-packages/keystoneauth1/session.py:423
2018-06-30 00:27:59.009 3391 DEBUG novaclient.v2.client [-] POST call to compute for http://10.0.20.21:8774/v2.1/6ce4dd91709c441d9f1b40034ea03af4/os-server-external-events used request id req-809319d8-2ee2-49ee-97b0-561501700f5e request /usr/lib/python2.7/site-packages/keystoneauth1/session.py:727
2018-06-30 00:27:59.016 3391 INFO neutron.notifiers.nova [-] Nova event response: {u'status': u'completed', u'tag': u'c2a5c4d5-fbb8-4cbd-9c01-b740c285246d', u'name': u'network-vif-unplugged', u'server_uuid': u'eb2fe16d-4b3e-49f2-a275-5f7c1496ab3a', u'code': 200}
2018-06-30 00:28:00.598 3375 INFO neutron.wsgi [req-270bc894-f885-42ee-a0c5-189d1aeb238a b7df3e9401d84500bd1283c14b5fc998 6165b0e4dc8f4870a067b76906f775c7 - 18acfedeb8154c28999a48b7b63139de 18acfedeb8154c28999a48b7b63139de] 10.0.20.21 "GET /v2.0/ports?device_id=eb2fe16d-4b3e-49f2-a275-5f7c1496ab3a HTTP/1.1" status: 200  len: 1121 time: 0.5106490
2018-06-30 00:28:00.715 3375 INFO neutron.wsgi [req-f684c594-805a-437d-bd40-281691a0e694 b7df3e9401d84500bd1283c14b5fc998 6165b0e4dc8f4870a067b76906f775c7 - 18acfedeb8154c28999a48b7b63139de 18acfedeb8154c28999a48b7b63139de] 10.0.20.21 "GET /v2.0/security-groups?id=fb2927fb-44a6-45df-8210-aa759e6c89d2 HTTP/1.1" status: 200  len: 2118 time: 0.1089110
2018-06-30 00:28:01.017 3391 DEBUG oslo_concurrency.lockutils [-] Lock "notifier-a6b162eb-77b6-4f71-85a9-9df158c02b9e" released by "neutron.notifiers.batch_notifier.synced_send" :: held 3.742s inner /usr/lib/python2.7/site-packages/oslo_concurrency/lockutils.py:282
2018-06-30 00:28:05.045 3383 DEBUG neutron.plugins.ml2.rpc [req-37238272-8c8a-441d-8ef4-c9f772e978e5 - - - - -] Device c2a5c4d5-fbb8-4cbd-9c01-b740c285246d up at agent ovs-agent-localhost.localdomain update_device_up /usr/lib/python2.7/site-packages/neutron/plugins/ml2/rpc.py:244
2018-06-30 00:28:05.346 3383 DEBUG neutron.db.provisioning_blocks [req-37238272-8c8a-441d-8ef4-c9f772e978e5 - - - - -] Provisioning complete for port c2a5c4d5-fbb8-4cbd-9c01-b740c285246d triggered by entity L2. provisioning_complete /usr/lib/python2.7/site-packages/neutron/db/provisioning_blocks.py:138
2018-06-30 00:28:05.347 3383 DEBUG neutron_lib.callbacks.manager [req-37238272-8c8a-441d-8ef4-c9f772e978e5 - - - - -] Notify callbacks ['neutron.plugins.ml2.plugin.Ml2Plugin._port_provisioned-8241560'] for port, provisioning_complete _notify_loop /usr/lib/python2.7/site-packages/neutron_lib/callbacks/manager.py:167
2018-06-30 00:28:05.863 3383 DEBUG neutron_lib.callbacks.manager [req-37238272-8c8a-441d-8ef4-c9f772e978e5 - - - - -] Notify callbacks ['neutron.plugins.ml2.plugin.Ml2Plugin._ensure_default_security_group_handler--9223372036846723500'] for port, before_update _notify_loop /usr/lib/python2.7/site-packages/neutron_lib/callbacks/manager.py:167
2018-06-30 00:28:06.049 3383 DEBUG oslo_concurrency.lockutils [-] Lock "notifier-a6b162eb-77b6-4f71-85a9-9df158c02b9e" acquired by "neutron.notifiers.batch_notifier.synced_send" :: waited 0.001s inner /usr/lib/python2.7/site-packages/oslo_concurrency/lockutils.py:270
2018-06-30 00:28:06.050 3383 DEBUG neutron.notifiers.nova [-] Sending events: [{'status': 'completed', 'tag': u'c2a5c4d5-fbb8-4cbd-9c01-b740c285246d', 'name': 'network-vif-plugged', 'server_uuid': u'eb2fe16d-4b3e-49f2-a275-5f7c1496ab3a'}] send_events /usr/lib/python2.7/site-packages/neutron/notifiers/nova.py:242
2018-06-30 00:28:06.086 3383 DEBUG novaclient.v2.client [-] REQ: curl -g -i -X POST http://10.0.20.21:8774/v2.1/6ce4dd91709c441d9f1b40034ea03af4/os-server-external-events -H "User-Agent: python-novaclient" -H "Content-Type: application/json" -H "Accept: application/json" -H "X-OpenStack-Nova-API-Version: 2.1" -H "X-Auth-Token: {SHA1}9ca3c04acfa93c3daf0f756145592bae904faa47" -d '{"events": [{"status": "completed", "tag": "c2a5c4d5-fbb8-4cbd-9c01-b740c285246d", "name": "network-vif-plugged", "server_uuid": "eb2fe16d-4b3e-49f2-a275-5f7c1496ab3a"}]}' _http_log_request /usr/lib/python2.7/site-packages/keystoneauth1/session.py:375
2018-06-30 00:28:06.107 3383 DEBUG neutron.plugins.ml2.db [req-37238272-8c8a-441d-8ef4-c9f772e978e5 - - - - -] For port c2a5c4d5-fbb8-4cbd-9c01-b740c285246d, host localhost.localdomain, got binding levels [<neutron.plugins.ml2.models.PortBindingLevel[object at 7fba2a6a16d0] {port_id=u'c2a5c4d5-fbb8-4cbd-9c01-b740c285246d', host=u'localhost.localdomain', level=0, driver=u'openvswitch', segment_id=u'99030fe6-aca3-4ed6-a878-53f77ec8fd98'}>] get_binding_levels /usr/lib/python2.7/site-packages/neutron/plugins/ml2/db.py:106
2018-06-30 00:28:06.133 3383 DEBUG neutron_lib.callbacks.manager [req-37238272-8c8a-441d-8ef4-c9f772e978e5 - - - - -] Notify callbacks ['neutron.plugins.ml2.plugin.Ml2Plugin.notify_sg_on_port_change-8052457', 'neutron.db.l3_dvrscheduler_db._notify_l3_agent_port_update--9223363259506866496', 'neutron.api.rpc.agentnotifiers.dhcp_rpc_agent_api.DhcpAgentNotifyAPI._native_event_send_dhcp_notification-677139', 'neutron.plugins.ml2.ovo_rpc._ObjectChangeHandler.handle_event-635170', 'neutron.db.l3_hascheduler_db._notify_l3_agent_ha_port_update-8777347910164'] for port, after_update _notify_loop /usr/lib/python2.7/site-packages/neutron_lib/callbacks/manager.py:167
2018-06-30 00:28:06.219 3383 DEBUG oslo_concurrency.lockutils [-] Lock "event-dispatch" acquired by "neutron.plugins.ml2.ovo_rpc.dispatch_events" :: waited 0.000s inner /usr/lib/python2.7/site-packages/oslo_concurrency/lockutils.py:270
2018-06-30 00:28:06.541 3383 DEBUG neutron.api.rpc.handlers.resources_rpc [req-37238272-8c8a-441d-8ef4-c9f772e978e5 - - - - -] neutron.api.rpc.handlers.resources_rpc.ResourcesPushRpcApi method push called with arguments (<neutron_lib.context.Context object at 0x7fba2a65f9d0>, [Port(admin_state_up=True,allowed_address_pairs=[],binding=PortBinding,binding_levels=[PortBindingLevel],created_at=2018-06-29T22:24:52Z,data_plane_status=<?>,description='',device_id='eb2fe16d-4b3e-49f2-a275-5f7c1496ab3a',device_owner='compute:nova',dhcp_options=[],distributed_binding=None,dns=None,fixed_ips=[IPAllocation],id=c2a5c4d5-fbb8-4cbd-9c01-b740c285246d,mac_address=fa:16:3e:8f:37:a0,name='',network_id=03394868-b3d0-41f7-8e70-a78daeadbd26,project_id='6165b0e4dc8f4870a067b76906f775c7',qos_policy_id=None,revision_number=8,security=PortSecurity(c2a5c4d5-fbb8-4cbd-9c01-b740c285246d),security_group_ids=set([fb2927fb-44a6-45df-8210-aa759e6c89d2]),status='ACTIVE',updated_at=2018-06-29T22:28:05Z)], 'updated') {} wrapper /usr/lib/python2.7/site-packages/oslo_log/helpers.py:66
2018-06-30 00:28:06.565 3383 DEBUG neutron.api.rpc.callbacks.version_manager [req-37238272-8c8a-441d-8ef4-c9f772e978e5 - - - - -] Version for resource type Subnet changed None to 1.0 on consumer Open vSwitch agent@localhost.localdomain _set_version /usr/lib/python2.7/site-packages/neutron/api/rpc/callbacks/version_manager.py:119
2018-06-30 00:28:06.566 3383 DEBUG neutron.api.rpc.callbacks.version_manager [req-37238272-8c8a-441d-8ef4-c9f772e978e5 - - - - -] Version for resource type Network changed None to 1.0 on consumer Open vSwitch agent@localhost.localdomain _set_version /usr/lib/python2.7/site-packages/neutron/api/rpc/callbacks/version_manager.py:119
2018-06-30 00:28:06.567 3383 DEBUG neutron.api.rpc.callbacks.version_manager [req-37238272-8c8a-441d-8ef4-c9f772e978e5 - - - - -] Version for resource type SubPort changed None to 1.0 on consumer Open vSwitch agent@localhost.localdomain _set_version /usr/lib/python2.7/site-packages/neutron/api/rpc/callbacks/version_manager.py:119
2018-06-30 00:28:06.568 3383 DEBUG neutron.api.rpc.callbacks.version_manager [req-37238272-8c8a-441d-8ef4-c9f772e978e5 - - - - -] Version for resource type SecurityGroup changed None to 1.0 on consumer Open vSwitch agent@localhost.localdomain _set_version /usr/lib/python2.7/site-packages/neutron/api/rpc/callbacks/version_manager.py:119
2018-06-30 00:28:06.568 3383 DEBUG neutron.api.rpc.callbacks.version_manager [req-37238272-8c8a-441d-8ef4-c9f772e978e5 - - - - -] Version for resource type SecurityGroupRule changed None to 1.0 on consumer Open vSwitch agent@localhost.localdomain _set_version /usr/lib/python2.7/site-packages/neutron/api/rpc/callbacks/version_manager.py:119
2018-06-30 00:28:06.569 3383 DEBUG neutron.api.rpc.callbacks.version_manager [req-37238272-8c8a-441d-8ef4-c9f772e978e5 - - - - -] Version for resource type Trunk changed None to 1.1 on consumer Open vSwitch agent@localhost.localdomain _set_version /usr/lib/python2.7/site-packages/neutron/api/rpc/callbacks/version_manager.py:119
2018-06-30 00:28:06.570 3383 DEBUG neutron.api.rpc.callbacks.version_manager [req-37238272-8c8a-441d-8ef4-c9f772e978e5 - - - - -] Version for resource type QosPolicy changed None to 1.6 on consumer Open vSwitch agent@localhost.localdomain _set_version /usr/lib/python2.7/site-packages/neutron/api/rpc/callbacks/version_manager.py:119
2018-06-30 00:28:06.572 3383 DEBUG neutron.api.rpc.callbacks.version_manager [req-37238272-8c8a-441d-8ef4-c9f772e978e5 - - - - -] Version for resource type Port changed None to 1.1 on consumer Open vSwitch agent@localhost.localdomain _set_version /usr/lib/python2.7/site-packages/neutron/api/rpc/callbacks/version_manager.py:119
2018-06-30 00:28:06.573 3383 DEBUG neutron.api.rpc.callbacks.version_manager [req-37238272-8c8a-441d-8ef4-c9f772e978e5 - - - - -] Version for resource type Log changed None to 1.0 on consumer Open vSwitch agent@localhost.localdomain _set_version /usr/lib/python2.7/site-packages/neutron/api/rpc/callbacks/version_manager.py:119
2018-06-30 00:28:06.633 3383 DEBUG oslo_concurrency.lockutils [req-37238272-8c8a-441d-8ef4-c9f772e978e5 - - - - -] Lock "event-dispatch" released by "neutron.plugins.ml2.ovo_rpc.dispatch_events" :: held 0.414s inner /usr/lib/python2.7/site-packages/oslo_concurrency/lockutils.py:282
2018-06-30 00:28:07.197 3383 DEBUG novaclient.v2.client [-] RESP: [200] Content-Length: 183 Content-Type: application/json Openstack-Api-Version: compute 2.1 X-Openstack-Nova-Api-Version: 2.1 Vary: OpenStack-API-Version, X-OpenStack-Nova-API-Version X-Openstack-Request-Id: req-6216c8e2-385d-412c-bdd7-f407fe201883 X-Compute-Request-Id: req-6216c8e2-385d-412c-bdd7-f407fe201883 Date: Fri, 29 Jun 2018 22:28:07 GMT Connection: keep-alive 
RESP BODY: {"events": [{"status": "completed", "tag": "c2a5c4d5-fbb8-4cbd-9c01-b740c285246d", "name": "network-vif-plugged", "server_uuid": "eb2fe16d-4b3e-49f2-a275-5f7c1496ab3a", "code": 200}]}
 _http_log_response /usr/lib/python2.7/site-packages/keystoneauth1/session.py:423
2018-06-30 00:28:07.198 3383 DEBUG novaclient.v2.client [-] POST call to compute for http://10.0.20.21:8774/v2.1/6ce4dd91709c441d9f1b40034ea03af4/os-server-external-events used request id req-6216c8e2-385d-412c-bdd7-f407fe201883 request /usr/lib/python2.7/site-packages/keystoneauth1/session.py:727
2018-06-30 00:28:07.207 3383 INFO neutron.notifiers.nova [-] Nova event response: {u'status': u'completed', u'tag': u'c2a5c4d5-fbb8-4cbd-9c01-b740c285246d', u'name': u'network-vif-plugged', u'server_uuid': u'eb2fe16d-4b3e-49f2-a275-5f7c1496ab3a', u'code': 200}
2018-06-30 00:28:08.525 3385 DEBUG neutron.plugins.ml2.rpc [req-37238272-8c8a-441d-8ef4-c9f772e978e5 - - - - -] Device c2a5c4d5-fbb8-4cbd-9c01-b740c285246d up at agent ovs-agent-localhost.localdomain update_device_up /usr/lib/python2.7/site-packages/neutron/plugins/ml2/rpc.py:244
2018-06-30 00:28:08.694 3385 DEBUG neutron.db.provisioning_blocks [req-37238272-8c8a-441d-8ef4-c9f772e978e5 - - - - -] Provisioning complete for port c2a5c4d5-fbb8-4cbd-9c01-b740c285246d triggered by entity L2. provisioning_complete /usr/lib/python2.7/site-packages/neutron/db/provisioning_blocks.py:138
2018-06-30 00:28:08.695 3385 DEBUG neutron_lib.callbacks.manager [req-37238272-8c8a-441d-8ef4-c9f772e978e5 - - - - -] Notify callbacks ['neutron.plugins.ml2.plugin.Ml2Plugin._port_provisioned-8241560'] for port, provisioning_complete _notify_loop /usr/lib/python2.7/site-packages/neutron_lib/callbacks/manager.py:167
2018-06-30 00:28:09.208 3383 DEBUG oslo_concurrency.lockutils [-] Lock "notifier-a6b162eb-77b6-4f71-85a9-9df158c02b9e" released by "neutron.notifiers.batch_notifier.synced_send" :: held 3.167s inner /usr/lib/python2.7/site-packages/oslo_concurrency/lockutils.py:282
2018-06-30 00:28:13.046 3376 INFO neutron.wsgi [req-1ca3d50b-07ef-49fc-a260-b5488822cebd b7df3e9401d84500bd1283c14b5fc998 6165b0e4dc8f4870a067b76906f775c7 - 18acfedeb8154c28999a48b7b63139de 18acfedeb8154c28999a48b7b63139de] 10.0.20.21 "GET /v2.0/ports?device_id=eb2fe16d-4b3e-49f2-a275-5f7c1496ab3a HTTP/1.1" status: 200  len: 1123 time: 1.7831881
2018-06-30 00:28:13.184 3376 INFO neutron.wsgi [req-55178a0b-2ab2-43e2-9668-23c9e3953cfd b7df3e9401d84500bd1283c14b5fc998 6165b0e4dc8f4870a067b76906f775c7 - 18acfedeb8154c28999a48b7b63139de 18acfedeb8154c28999a48b7b63139de] 10.0.20.21 "GET /v2.0/security-groups?id=fb2927fb-44a6-45df-8210-aa759e6c89d2 HTTP/1.1" status: 200  len: 2118 time: 0.1293559
2018-06-30 00:28:16.495 3397 DEBUG neutron.db.agents_db [req-de4d2dcf-986e-4261-824d-e696393157d7 - - - - -] Agent healthcheck: found 5 active agents agent_health_check /usr/lib/python2.7/site-packages/neutron/db/agents_db.py:281
2018-06-30 00:28:18.891 3387 DEBUG neutron_lib.callbacks.manager [req-37238272-8c8a-441d-8ef4-c9f772e978e5 - - - - -] Notify callbacks ['neutron.services.segments.db._update_segment_host_mapping_for_agent-8777348272178'] for agent, after_update _notify_loop /usr/lib/python2.7/site-packages/neutron_lib/callbacks/manager.py:167
2018-06-30 00:28:25.274 3383 DEBUG neutron_lib.callbacks.manager [req-b69da6d8-aceb-4a8e-a3d3-65465100c3d9 - - - - -] Notify callbacks ['neutron.services.segments.db._update_segment_host_mapping_for_agent-8777348272178'] for agent, after_update _notify_loop /usr/lib/python2.7/site-packages/neutron_lib/callbacks/manager.py:167
2018-06-30 00:28:25.281 3393 DEBUG neutron_lib.callbacks.manager [req-f0642a94-d2d8-4f06-a9de-b085c6755ba4 - - - - -] Notify callbacks ['neutron.services.segments.db._update_segment_host_mapping_for_agent-8777348272178'] for agent, after_update _notify_loop /usr/lib/python2.7/site-packages/neutron_lib/callbacks/manager.py:167
2018-06-30 00:28:25.519 3389 DEBUG neutron_lib.callbacks.manager [req-de3e5cb5-69c0-41f5-95eb-6be0148f007f - - - - -] Notify callbacks ['neutron.services.segments.db._update_segment_host_mapping_for_agent-8777348272178'] for agent, after_update _notify_loop /usr/lib/python2.7/site-packages/neutron_lib/callbacks/manager.py:167
2018-06-30 00:28:26.579 3391 DEBUG neutron_lib.callbacks.manager [req-c70c6ac7-da5c-4fd2-af40-aac787d5ea05 - - - - -] Notify callbacks ['neutron.services.segments.db._update_segment_host_mapping_for_agent-8777348272178'] for agent, after_update _notify_loop /usr/lib/python2.7/site-packages/neutron_lib/callbacks/manager.py:167
2018-06-30 00:28:30.792 3375 INFO neutron.wsgi [req-d262d716-355a-4a59-81de-a35f7875ca22 59f963f90a0940d0a0321d158c75bc86 6ce4dd91709c441d9f1b40034ea03af4 - default default] 10.0.20.21 "GET /v2.0/ports?tenant_id=6165b0e4dc8f4870a067b76906f775c7&device_id=eb2fe16d-4b3e-49f2-a275-5f7c1496ab3a HTTP/1.1" status: 200  len: 1123 time: 0.5731750
2018-06-30 00:28:31.041 3375 DEBUG neutron.pecan_wsgi.hooks.policy_enforcement [req-70d8fc9c-8c86-4e7b-8fea-c14dbe23dd5b 59f963f90a0940d0a0321d158c75bc86 6ce4dd91709c441d9f1b40034ea03af4 - default default] Attributes excluded by policy engine: [u'vlan_transparent'] _exclude_attributes_by_policy /usr/lib/python2.7/site-packages/neutron/pecan_wsgi/hooks/policy_enforcement.py:256
2018-06-30 00:28:31.043 3375 INFO neutron.wsgi [req-70d8fc9c-8c86-4e7b-8fea-c14dbe23dd5b 59f963f90a0940d0a0321d158c75bc86 6ce4dd91709c441d9f1b40034ea03af4 - default default] 10.0.20.21 "GET /v2.0/networks?id=03394868-b3d0-41f7-8e70-a78daeadbd26 HTTP/1.1" status: 200  len: 885 time: 0.2442400
2018-06-30 00:28:31.102 3375 INFO neutron.wsgi [req-faa45ac0-c9ed-4770-8db6-5aa9e64e9797 59f963f90a0940d0a0321d158c75bc86 6ce4dd91709c441d9f1b40034ea03af4 - default default] 10.0.20.21 "GET /v2.0/floatingips?fixed_ip_address=11.76.1.3&port_id=c2a5c4d5-fbb8-4cbd-9c01-b740c285246d HTTP/1.1" status: 200  len: 749 time: 0.0527279
2018-06-30 00:28:31.239 3375 DEBUG neutron.pecan_wsgi.hooks.policy_enforcement [req-48893abc-7602-4144-8a37-993279f6796a 59f963f90a0940d0a0321d158c75bc86 6ce4dd91709c441d9f1b40034ea03af4 - default default] Attributes excluded by policy engine: [u'shared'] _exclude_attributes_by_policy /usr/lib/python2.7/site-packages/neutron/pecan_wsgi/hooks/policy_enforcement.py:256
2018-06-30 00:28:31.242 3375 INFO neutron.wsgi [req-48893abc-7602-4144-8a37-993279f6796a 59f963f90a0940d0a0321d158c75bc86 6ce4dd91709c441d9f1b40034ea03af4 - default default] 10.0.20.21 "GET /v2.0/subnets?id=c97dcd86-055f-428e-840b-b9666a079aba HTTP/1.1" status: 200  len: 843 time: 0.1338871
2018-06-30 00:28:31.643 3375 INFO neutron.wsgi [req-4fd013c1-49c2-4948-9a61-ecd508dfb6f4 59f963f90a0940d0a0321d158c75bc86 6ce4dd91709c441d9f1b40034ea03af4 - default default] 10.0.20.21 "GET /v2.0/ports?network_id=03394868-b3d0-41f7-8e70-a78daeadbd26&device_owner=network%3Adhcp HTTP/1.1" status: 200  len: 1127 time: 0.3935759
2018-06-30 00:28:33.196 3381 DEBUG neutron.wsgi [-] (3381) accepted ('10.0.20.21', 38716) server /usr/lib/python2.7/site-packages/eventlet/wsgi.py:883
2018-06-30 00:28:34.200 3381 INFO neutron.wsgi [req-c26c0c42-865f-4ca3-bd64-0ed01610dcf3 59f963f90a0940d0a0321d158c75bc86 6ce4dd91709c441d9f1b40034ea03af4 - default default] 10.0.20.21 "GET /v2.0/ports?device_id=eb2fe16d-4b3e-49f2-a275-5f7c1496ab3a HTTP/1.1" status: 200  len: 1123 time: 1.0006080
2018-06-30 00:28:34.361 3381 INFO neutron.wsgi [req-73c79cbc-5b1a-4226-a7e9-df1ded9a74ef 59f963f90a0940d0a0321d158c75bc86 6ce4dd91709c441d9f1b40034ea03af4 - default default] 10.0.20.21 "GET /v2.0/security-groups?id=fb2927fb-44a6-45df-8210-aa759e6c89d2 HTTP/1.1" status: 200  len: 2118 time: 0.1306980
2018-06-30 00:28:36.751 3381 INFO neutron.wsgi [req-7bb1ed68-19c9-4d0a-b6fc-f3d02323d003 59f963f90a0940d0a0321d158c75bc86 6ce4dd91709c441d9f1b40034ea03af4 - default default] 10.0.20.21 "GET /v2.0/ports?device_id=eb2fe16d-4b3e-49f2-a275-5f7c1496ab3a HTTP/1.1" status: 200  len: 1123 time: 1.1174519
2018-06-30 00:28:36.983 3381 INFO neutron.wsgi [req-d010c98c-ad32-40a4-aa64-a3796cfdd395 59f963f90a0940d0a0321d158c75bc86 6ce4dd91709c441d9f1b40034ea03af4 - default default] 10.0.20.21 "GET /v2.0/security-groups?id=fb2927fb-44a6-45df-8210-aa759e6c89d2 HTTP/1.1" status: 200  len: 2118 time: 0.2202599
2018-06-30 00:28:38.527 3381 INFO neutron.wsgi [req-6abc774d-0c72-46d8-a514-92d3392a4110 59f963f90a0940d0a0321d158c75bc86 6ce4dd91709c441d9f1b40034ea03af4 - default default] 10.0.20.21 "GET /v2.0/ports?device_id=eb2fe16d-4b3e-49f2-a275-5f7c1496ab3a HTTP/1.1" status: 200  len: 1123 time: 0.5460050
2018-06-30 00:28:39.001 3381 INFO neutron.wsgi [req-21803a3f-c37d-4e9e-a826-dd3f3252acb6 59f963f90a0940d0a0321d158c75bc86 6ce4dd91709c441d9f1b40034ea03af4 - default default] 10.0.20.21 "GET /v2.0/security-groups?id=fb2927fb-44a6-45df-8210-aa759e6c89d2 HTTP/1.1" status: 200  len: 2118 time: 0.4660389
2018-06-30 00:28:40.395 3375 INFO neutron.wsgi [req-c8b4e54f-7927-4c8a-9509-c2d2494ff033 59f963f90a0940d0a0321d158c75bc86 6ce4dd91709c441d9f1b40034ea03af4 - default default] 10.0.20.21 "GET /v2.0/ports?device_id=eb2fe16d-4b3e-49f2-a275-5f7c1496ab3a HTTP/1.1" status: 200  len: 1123 time: 0.6536031
2018-06-30 00:28:40.554 3375 INFO neutron.wsgi [req-a5a0ba5c-80d7-4699-babc-2f4b75d4cbbf 59f963f90a0940d0a0321d158c75bc86 6ce4dd91709c441d9f1b40034ea03af4 - default default] 10.0.20.21 "GET /v2.0/security-groups?id=fb2927fb-44a6-45df-8210-aa759e6c89d2 HTTP/1.1" status: 200  len: 2118 time: 0.1538761
