2018-06-28 19:28:58.625 30516 DEBUG neutron_lib.callbacks.manager [req-968c6687-a71d-48fb-b0dc-9c4dc16ad609 - - - - -] Notify callbacks ['neutron.plugins.ml2.plugin.Ml2Plugin._ensure_default_security_group_handler--9223372036854337398'] for port, before_update _notify_loop /usr/lib/python2.7/site-packages/neutron_lib/callbacks/manager.py:167
2018-06-28 19:28:58.767 30516 DEBUG oslo_concurrency.lockutils [-] Lock "notifier-e7b70d2c-b3b2-4a6c-9e11-a7e5ac95f3b2" acquired by "neutron.notifiers.batch_notifier.synced_send" :: waited 0.000s inner /usr/lib/python2.7/site-packages/oslo_concurrency/lockutils.py:270
2018-06-28 19:28:58.769 30516 DEBUG neutron.notifiers.nova [-] Sending events: [{'status': 'completed', 'tag': u'2bf931bd-5534-44e5-bd91-64a3bddc7996', 'name': 'network-vif-plugged', 'server_uuid': u'eb657628-51b7-43cd-aa5e-02846b7813dd'}] send_events /usr/lib/python2.7/site-packages/neutron/notifiers/nova.py:242
2018-06-28 19:28:58.807 30516 DEBUG neutron.plugins.ml2.db [req-968c6687-a71d-48fb-b0dc-9c4dc16ad609 - - - - -] For port 2bf931bd-5534-44e5-bd91-64a3bddc7996, host localhost.localdomain, got binding levels [<neutron.plugins.ml2.models.PortBindingLevel[object at 7ff977a2ccd0] {port_id=u'2bf931bd-5534-44e5-bd91-64a3bddc7996', host=u'localhost.localdomain', level=0, driver=u'openvswitch', segment_id=u'7c581d1f-761e-4e18-8eea-672f8ba65097'}>] get_binding_levels /usr/lib/python2.7/site-packages/neutron/plugins/ml2/db.py:106
2018-06-28 19:28:58.852 30516 DEBUG neutron_lib.callbacks.manager [req-968c6687-a71d-48fb-b0dc-9c4dc16ad609 - - - - -] Notify callbacks ['neutron.api.rpc.agentnotifiers.dhcp_rpc_agent_api.DhcpAgentNotifyAPI._native_event_send_dhcp_notification--9223372036853350407', 'neutron.plugins.ml2.plugin.Ml2Plugin.notify_sg_on_port_change-438527', 'neutron.db.l3_hascheduler_db._notify_l3_agent_ha_port_update--9223363242514488037', 'neutron.plugins.ml2.ovo_rpc._ObjectChangeHandler.handle_event-1561088', 'neutron.db.l3_dvrscheduler_db._notify_l3_agent_port_update-8794340293576'] for port, after_update _notify_loop /usr/lib/python2.7/site-packages/neutron_lib/callbacks/manager.py:167
2018-06-28 19:28:59.243 30516 DEBUG oslo_concurrency.lockutils [-] Lock "event-dispatch" acquired by "neutron.plugins.ml2.ovo_rpc.dispatch_events" :: waited 0.000s inner /usr/lib/python2.7/site-packages/oslo_concurrency/lockutils.py:270
2018-06-28 19:28:59.423 30516 DEBUG neutron.api.rpc.handlers.resources_rpc [req-968c6687-a71d-48fb-b0dc-9c4dc16ad609 - - - - -] neutron.api.rpc.handlers.resources_rpc.ResourcesPushRpcApi method push called with arguments (<neutron_lib.context.Context object at 0x7ff977c541d0>, [Port(admin_state_up=True,allowed_address_pairs=[],binding=PortBinding,binding_levels=[PortBindingLevel],created_at=2018-06-28T17:25:13Z,data_plane_status=<?>,description='',device_id='eb657628-51b7-43cd-aa5e-02846b7813dd',device_owner='compute:nova',dhcp_options=[],distributed_binding=None,dns=None,fixed_ips=[IPAllocation],id=2bf931bd-5534-44e5-bd91-64a3bddc7996,mac_address=fa:16:3e:cd:b8:d8,name='',network_id=5b0213d3-b59d-4f1e-b3f9-362f307f0ccc,project_id='f30ec66ecc074928ac098902d4951951',qos_policy_id=None,revision_number=8,security=PortSecurity(2bf931bd-5534-44e5-bd91-64a3bddc7996),security_group_ids=set([5542005a-9777-410f-8eb3-61dec823da98]),status='ACTIVE',updated_at=2018-06-28T17:28:58Z)], 'updated') {} wrapper /usr/lib/python2.7/site-packages/oslo_log/helpers.py:66
2018-06-28 19:28:59.445 30516 DEBUG neutron.api.rpc.callbacks.version_manager [req-968c6687-a71d-48fb-b0dc-9c4dc16ad609 - - - - -] Version for resource type Subnet changed None to 1.0 on consumer Open vSwitch agent@localhost.localdomain _set_version /usr/lib/python2.7/site-packages/neutron/api/rpc/callbacks/version_manager.py:119
2018-06-28 19:28:59.446 30516 DEBUG neutron.api.rpc.callbacks.version_manager [req-968c6687-a71d-48fb-b0dc-9c4dc16ad609 - - - - -] Version for resource type Network changed None to 1.0 on consumer Open vSwitch agent@localhost.localdomain _set_version /usr/lib/python2.7/site-packages/neutron/api/rpc/callbacks/version_manager.py:119
2018-06-28 19:28:59.448 30516 DEBUG neutron.api.rpc.callbacks.version_manager [req-968c6687-a71d-48fb-b0dc-9c4dc16ad609 - - - - -] Version for resource type SubPort changed None to 1.0 on consumer Open vSwitch agent@localhost.localdomain _set_version /usr/lib/python2.7/site-packages/neutron/api/rpc/callbacks/version_manager.py:119
2018-06-28 19:28:59.449 30516 DEBUG neutron.api.rpc.callbacks.version_manager [req-968c6687-a71d-48fb-b0dc-9c4dc16ad609 - - - - -] Version for resource type SecurityGroup changed None to 1.0 on consumer Open vSwitch agent@localhost.localdomain _set_version /usr/lib/python2.7/site-packages/neutron/api/rpc/callbacks/version_manager.py:119
2018-06-28 19:28:59.450 30516 DEBUG neutron.api.rpc.callbacks.version_manager [req-968c6687-a71d-48fb-b0dc-9c4dc16ad609 - - - - -] Version for resource type SecurityGroupRule changed None to 1.0 on consumer Open vSwitch agent@localhost.localdomain _set_version /usr/lib/python2.7/site-packages/neutron/api/rpc/callbacks/version_manager.py:119
2018-06-28 19:28:59.450 30516 DEBUG neutron.api.rpc.callbacks.version_manager [req-968c6687-a71d-48fb-b0dc-9c4dc16ad609 - - - - -] Version for resource type Trunk changed None to 1.1 on consumer Open vSwitch agent@localhost.localdomain _set_version /usr/lib/python2.7/site-packages/neutron/api/rpc/callbacks/version_manager.py:119
2018-06-28 19:28:59.451 30516 DEBUG neutron.api.rpc.callbacks.version_manager [req-968c6687-a71d-48fb-b0dc-9c4dc16ad609 - - - - -] Version for resource type QosPolicy changed None to 1.6 on consumer Open vSwitch agent@localhost.localdomain _set_version /usr/lib/python2.7/site-packages/neutron/api/rpc/callbacks/version_manager.py:119
2018-06-28 19:28:59.452 30516 DEBUG neutron.api.rpc.callbacks.version_manager [req-968c6687-a71d-48fb-b0dc-9c4dc16ad609 - - - - -] Version for resource type Port changed None to 1.1 on consumer Open vSwitch agent@localhost.localdomain _set_version /usr/lib/python2.7/site-packages/neutron/api/rpc/callbacks/version_manager.py:119
2018-06-28 19:28:59.452 30516 DEBUG neutron.api.rpc.callbacks.version_manager [req-968c6687-a71d-48fb-b0dc-9c4dc16ad609 - - - - -] Version for resource type Log changed None to 1.0 on consumer Open vSwitch agent@localhost.localdomain _set_version /usr/lib/python2.7/site-packages/neutron/api/rpc/callbacks/version_manager.py:119
2018-06-28 19:28:59.455 30516 DEBUG neutron.api.rpc.callbacks.version_manager [req-968c6687-a71d-48fb-b0dc-9c4dc16ad609 - - - - -] Tracked resource versions report:
pushed versions:
{   'Log': set(['1.0']),
    'Network': set(['1.0']),
    'Port': set(['1.1']),
    'QosPolicy': set(['1.6']),
    'SecurityGroup': set(['1.0']),
    'SecurityGroupRule': set(['1.0']),
    'SubPort': set(['1.0']),
    'Subnet': set(['1.0']),
    'Trunk': set(['1.1'])}

consumer versions:
{   DHCP agent@localhost.localdomain: {   },
    L3 agent@localhost.localdomain: {   },
    Metadata agent@localhost.localdomain: {   },
    Metering agent@localhost.localdomain: {   },
    Open vSwitch agent@localhost.localdomain: {   u'Log': u'1.0',
                                                  u'Network': u'1.0',
                                                  u'Port': u'1.1',
                                                  u'QosPolicy': u'1.6',
                                                  u'SecurityGroup': u'1.0',
                                                  u'SecurityGroupRule': u'1.0',
                                                  u'SubPort': u'1.0',
                                                  u'Subnet': u'1.0',
                                                  u'Trunk': u'1.1'}}
 report /usr/lib/python2.7/site-packages/neutron/api/rpc/callbacks/version_manager.py:178
2018-06-28 19:28:59.483 30516 DEBUG oslo_concurrency.lockutils [req-968c6687-a71d-48fb-b0dc-9c4dc16ad609 - - - - -] Lock "event-dispatch" released by "neutron.plugins.ml2.ovo_rpc.dispatch_events" :: held 0.240s inner /usr/lib/python2.7/site-packages/oslo_concurrency/lockutils.py:282
2018-06-28 19:28:59.687 30510 INFO neutron.wsgi [req-ce760fb9-4fc8-4b95-a0b8-d3395e54e681 9ae1ba2e50e644c4bdb4fb23cc365e8a f30ec66ecc074928ac098902d4951951 - 800e7218ebf94b529f1a88c5a21c9574 800e7218ebf94b529f1a88c5a21c9574] 10.0.20.46 "GET /v2.0/ports?device_id=eb657628-51b7-43cd-aa5e-02846b7813dd HTTP/1.1" status: 200  len: 1123 time: 0.8155730
2018-06-28 19:28:59.807 30516 DEBUG novaclient.v2.client [-] REQ: curl -g -i -X POST http://10.0.20.46:8774/v2.1/0ca3103c90a24980adf86a98ed1a7af3/os-server-external-events -H "User-Agent: python-novaclient" -H "Content-Type: application/json" -H "Accept: application/json" -H "X-OpenStack-Nova-API-Version: 2.1" -H "X-Auth-Token: {SHA1}bf79660d4bc305cd3b6f862af2744582ee81bd3d" -d '{"events": [{"status": "completed", "tag": "2bf931bd-5534-44e5-bd91-64a3bddc7996", "name": "network-vif-plugged", "server_uuid": "eb657628-51b7-43cd-aa5e-02846b7813dd"}]}' _http_log_request /usr/lib/python2.7/site-packages/keystoneauth1/session.py:375
2018-06-28 19:28:59.849 30510 INFO neutron.wsgi [req-4b51b6d1-c9fd-4744-912d-c095d548dbae 9ae1ba2e50e644c4bdb4fb23cc365e8a f30ec66ecc074928ac098902d4951951 - 800e7218ebf94b529f1a88c5a21c9574 800e7218ebf94b529f1a88c5a21c9574] 10.0.20.46 "GET /v2.0/security-groups?id=5542005a-9777-410f-8eb3-61dec823da98 HTTP/1.1" status: 200  len: 2118 time: 0.1554048
2018-06-28 19:29:00.099 30518 DEBUG neutron.plugins.ml2.rpc [req-968c6687-a71d-48fb-b0dc-9c4dc16ad609 - - - - -] Device 2bf931bd-5534-44e5-bd91-64a3bddc7996 up at agent ovs-agent-localhost.localdomain update_device_up /usr/lib/python2.7/site-packages/neutron/plugins/ml2/rpc.py:244
2018-06-28 19:29:00.244 30516 DEBUG novaclient.v2.client [-] RESP: [200] Content-Length: 183 Content-Type: application/json Openstack-Api-Version: compute 2.1 X-Openstack-Nova-Api-Version: 2.1 Vary: OpenStack-API-Version, X-OpenStack-Nova-API-Version X-Openstack-Request-Id: req-06e5927c-f924-4f80-a0a6-03c3e44178ac X-Compute-Request-Id: req-06e5927c-f924-4f80-a0a6-03c3e44178ac Date: Thu, 28 Jun 2018 17:29:00 GMT Connection: keep-alive 
RESP BODY: {"events": [{"status": "completed", "tag": "2bf931bd-5534-44e5-bd91-64a3bddc7996", "name": "network-vif-plugged", "server_uuid": "eb657628-51b7-43cd-aa5e-02846b7813dd", "code": 200}]}
 _http_log_response /usr/lib/python2.7/site-packages/keystoneauth1/session.py:423
2018-06-28 19:29:00.243 30518 DEBUG neutron.db.provisioning_blocks [req-968c6687-a71d-48fb-b0dc-9c4dc16ad609 - - - - -] Provisioning complete for port 2bf931bd-5534-44e5-bd91-64a3bddc7996 triggered by entity L2. provisioning_complete /usr/lib/python2.7/site-packages/neutron/db/provisioning_blocks.py:138
2018-06-28 19:29:00.244 30516 DEBUG novaclient.v2.client [-] POST call to compute for http://10.0.20.46:8774/v2.1/0ca3103c90a24980adf86a98ed1a7af3/os-server-external-events used request id req-06e5927c-f924-4f80-a0a6-03c3e44178ac request /usr/lib/python2.7/site-packages/keystoneauth1/session.py:727
2018-06-28 19:29:00.244 30518 DEBUG neutron_lib.callbacks.manager [req-968c6687-a71d-48fb-b0dc-9c4dc16ad609 - - - - -] Notify callbacks ['neutron.plugins.ml2.plugin.Ml2Plugin._port_provisioned-1724366'] for port, provisioning_complete _notify_loop /usr/lib/python2.7/site-packages/neutron_lib/callbacks/manager.py:167
2018-06-28 19:29:00.250 30516 INFO neutron.notifiers.nova [-] Nova event response: {u'status': u'completed', u'tag': u'2bf931bd-5534-44e5-bd91-64a3bddc7996', u'name': u'network-vif-plugged', u'server_uuid': u'eb657628-51b7-43cd-aa5e-02846b7813dd', u'code': 200}
2018-06-28 19:29:01.412 30512 DEBUG neutron_lib.callbacks.manager [req-2877f0fe-1ff4-436b-8a06-7630659a00fe - - - - -] Notify callbacks ['neutron.services.segments.db._update_segment_host_mapping_for_agent-8794340654416'] for agent, after_update _notify_loop /usr/lib/python2.7/site-packages/neutron_lib/callbacks/manager.py:167
2018-06-28 19:29:01.490 30517 DEBUG neutron_lib.callbacks.manager [req-cb440a73-546a-486d-b272-1530eebf1365 - - - - -] Notify callbacks ['neutron.services.segments.db._update_segment_host_mapping_for_agent-8794340654416'] for agent, after_update _notify_loop /usr/lib/python2.7/site-packages/neutron_lib/callbacks/manager.py:167
2018-06-28 19:29:02.251 30516 DEBUG oslo_concurrency.lockutils [-] Lock "notifier-e7b70d2c-b3b2-4a6c-9e11-a7e5ac95f3b2" released by "neutron.notifiers.batch_notifier.synced_send" :: held 3.484s inner /usr/lib/python2.7/site-packages/oslo_concurrency/lockutils.py:282
2018-06-28 19:29:06.949 30513 DEBUG neutron_lib.callbacks.manager [req-3eade889-b38a-4d2c-b5e5-26025cc5942b - - - - -] Notify callbacks ['neutron.services.segments.db._update_segment_host_mapping_for_agent-8794340654416'] for agent, after_update _notify_loop /usr/lib/python2.7/site-packages/neutron_lib/callbacks/manager.py:167
2018-06-28 19:29:08.671 30518 DEBUG neutron_lib.callbacks.manager [req-968c6687-a71d-48fb-b0dc-9c4dc16ad609 - - - - -] Notify callbacks ['neutron.services.segments.db._update_segment_host_mapping_for_agent-8794340654416'] for agent, after_update _notify_loop /usr/lib/python2.7/site-packages/neutron_lib/callbacks/manager.py:167
2018-06-28 19:29:08.900 30504 INFO neutron.wsgi [req-60403892-81a7-4df1-b884-f94b8913bd36 655ab8e67d8e4ca680268ee96a43ee95 0ca3103c90a24980adf86a98ed1a7af3 - default default] 10.0.20.46 "GET /v2.0/ports?tenant_id=f30ec66ecc074928ac098902d4951951&device_id=eb657628-51b7-43cd-aa5e-02846b7813dd HTTP/1.1" status: 200  len: 1123 time: 0.2703068
2018-06-28 19:29:09.221 30504 DEBUG neutron.pecan_wsgi.hooks.policy_enforcement [req-e1ed48c3-a374-4a04-9305-335e3d1e3101 655ab8e67d8e4ca680268ee96a43ee95 0ca3103c90a24980adf86a98ed1a7af3 - default default] Attributes excluded by policy engine: [u'vlan_transparent'] _exclude_attributes_by_policy /usr/lib/python2.7/site-packages/neutron/pecan_wsgi/hooks/policy_enforcement.py:256
2018-06-28 19:29:09.226 30504 INFO neutron.wsgi [req-e1ed48c3-a374-4a04-9305-335e3d1e3101 655ab8e67d8e4ca680268ee96a43ee95 0ca3103c90a24980adf86a98ed1a7af3 - default default] 10.0.20.46 "GET /v2.0/networks?id=5b0213d3-b59d-4f1e-b3f9-362f307f0ccc HTTP/1.1" status: 200  len: 885 time: 0.3100989
2018-06-28 19:29:09.298 30504 INFO neutron.wsgi [req-6d3784e2-b3d7-4c78-974f-40d928d5f0f6 655ab8e67d8e4ca680268ee96a43ee95 0ca3103c90a24980adf86a98ed1a7af3 - default default] 10.0.20.46 "GET /v2.0/floatingips?fixed_ip_address=11.6.1.10&port_id=2bf931bd-5534-44e5-bd91-64a3bddc7996 HTTP/1.1" status: 200  len: 750 time: 0.0632310
2018-06-28 19:29:09.468 30504 DEBUG neutron.pecan_wsgi.hooks.policy_enforcement [req-1739bfed-61eb-4f79-8408-f92fc3fb6cf4 655ab8e67d8e4ca680268ee96a43ee95 0ca3103c90a24980adf86a98ed1a7af3 - default default] Attributes excluded by policy engine: [u'shared'] _exclude_attributes_by_policy /usr/lib/python2.7/site-packages/neutron/pecan_wsgi/hooks/policy_enforcement.py:256
2018-06-28 19:29:09.471 30504 INFO neutron.wsgi [req-1739bfed-61eb-4f79-8408-f92fc3fb6cf4 655ab8e67d8e4ca680268ee96a43ee95 0ca3103c90a24980adf86a98ed1a7af3 - default default] 10.0.20.46 "GET /v2.0/subnets?id=32a89ba7-134f-4e47-aa8e-7586bf726db0 HTTP/1.1" status: 200  len: 839 time: 0.1619589
2018-06-28 19:29:09.631 30504 INFO neutron.wsgi [req-359f5dc5-94a1-4f62-a3db-772a5657e49c 655ab8e67d8e4ca680268ee96a43ee95 0ca3103c90a24980adf86a98ed1a7af3 - default default] 10.0.20.46 "GET /v2.0/ports?network_id=5b0213d3-b59d-4f1e-b3f9-362f307f0ccc&device_owner=network%3Adhcp HTTP/1.1" status: 200  len: 1126 time: 0.1510019
2018-06-28 19:29:09.817 30519 DEBUG neutron_lib.callbacks.manager [req-d2949759-f463-42fd-bb69-84ee6b7701d5 - - - - -] Notify callbacks ['neutron.services.segments.db._update_segment_host_mapping_for_agent-8794340654416'] for agent, after_update _notify_loop /usr/lib/python2.7/site-packages/neutron_lib/callbacks/manager.py:167
2018-06-28 19:29:26.454 30506 INFO neutron.wsgi [req-0c210db1-9795-4a9c-aa5c-1461d95fdad7 655ab8e67d8e4ca680268ee96a43ee95 0ca3103c90a24980adf86a98ed1a7af3 - default default] 10.0.20.46 "GET /v2.0/ports?device_id=eb657628-51b7-43cd-aa5e-02846b7813dd HTTP/1.1" status: 200  len: 1123 time: 0.1796830
2018-06-28 19:29:26.648 30506 INFO neutron.wsgi [req-d123a260-100b-44ff-9917-9333102d70c2 655ab8e67d8e4ca680268ee96a43ee95 0ca3103c90a24980adf86a98ed1a7af3 - default default] 10.0.20.46 "GET /v2.0/security-groups?id=5542005a-9777-410f-8eb3-61dec823da98 HTTP/1.1" status: 200  len: 2118 time: 0.1873009
2018-06-28 19:29:27.925 30504 INFO neutron.wsgi [req-af6efc98-7d11-48b8-a90b-881381784f78 655ab8e67d8e4ca680268ee96a43ee95 0ca3103c90a24980adf86a98ed1a7af3 - default default] 10.0.20.46 "GET /v2.0/ports?device_id=eb657628-51b7-43cd-aa5e-02846b7813dd HTTP/1.1" status: 200  len: 1123 time: 0.1626391
2018-06-28 19:29:28.118 30504 INFO neutron.wsgi [req-13c29187-e71c-4fc4-8955-7aacc7aaf578 655ab8e67d8e4ca680268ee96a43ee95 0ca3103c90a24980adf86a98ed1a7af3 - default default] 10.0.20.46 "GET /v2.0/security-groups?id=5542005a-9777-410f-8eb3-61dec823da98 HTTP/1.1" status: 200  len: 2118 time: 0.1849749
2018-06-28 19:29:30.450 30507 INFO neutron.wsgi [req-003ed042-8910-4499-b709-320587f360ec 655ab8e67d8e4ca680268ee96a43ee95 0ca3103c90a24980adf86a98ed1a7af3 - default default] 10.0.20.46 "GET /v2.0/ports?device_id=eb657628-51b7-43cd-aa5e-02846b7813dd HTTP/1.1" status: 200  len: 1123 time: 0.1453691
2018-06-28 19:29:30.622 30507 INFO neutron.wsgi [req-e37df781-0112-4ccc-b760-1bbab4114ecd 655ab8e67d8e4ca680268ee96a43ee95 0ca3103c90a24980adf86a98ed1a7af3 - default default] 10.0.20.46 "GET /v2.0/security-groups?id=5542005a-9777-410f-8eb3-61dec823da98 HTTP/1.1" status: 200  len: 2118 time: 0.1624811
2018-06-28 19:29:31.071 30522 DEBUG neutron.db.agents_db [req-ffe8d0cd-c2e9-437b-87db-61acf9b3c68d - - - - -] Agent healthcheck: found 5 active agents agent_health_check /usr/lib/python2.7/site-packages/neutron/db/agents_db.py:281
2018-06-28 19:29:31.415 30521 DEBUG neutron_lib.callbacks.manager [req-0739ba36-15a1-405a-b7ff-f8e16e90dc64 - - - - -] Notify callbacks ['neutron.services.segments.db._update_segment_host_mapping_for_agent-8794340654416'] for agent, after_update _notify_loop /usr/lib/python2.7/site-packages/neutron_lib/callbacks/manager.py:167
2018-06-28 19:29:31.485 30516 DEBUG neutron_lib.callbacks.manager [req-cb440a73-546a-486d-b272-1530eebf1365 - - - - -] Notify callbacks ['neutron.services.segments.db._update_segment_host_mapping_for_agent-8794340654416'] for agent, after_update _notify_loop /usr/lib/python2.7/site-packages/neutron_lib/callbacks/manager.py:167
2018-06-28 19:29:32.372 30507 DEBUG neutron.wsgi [-] (30507) accepted ('10.0.20.46', 51226) server /usr/lib/python2.7/site-packages/eventlet/wsgi.py:883
2018-06-28 19:29:33.055 30507 INFO neutron.wsgi [req-5dd5fc31-5e61-4f1a-b579-774397b1ed25 655ab8e67d8e4ca680268ee96a43ee95 0ca3103c90a24980adf86a98ed1a7af3 - default default] 10.0.20.46 "GET /v2.0/ports?device_id=eb657628-51b7-43cd-aa5e-02846b7813dd HTTP/1.1" status: 200  len: 1123 time: 0.6794181
2018-06-28 19:29:33.249 30507 INFO neutron.wsgi [req-2966f4c7-2ed1-43a2-8fd5-2938e7f8acb4 655ab8e67d8e4ca680268ee96a43ee95 0ca3103c90a24980adf86a98ed1a7af3 - default default] 10.0.20.46 "GET /v2.0/security-groups?id=5542005a-9777-410f-8eb3-61dec823da98 HTTP/1.1" status: 200  len: 2118 time: 0.1529081
2018-06-28 19:29:34.410 30507 INFO neutron.wsgi [req-8f3932e7-f8c5-4bc7-b9c3-719f558797ca 655ab8e67d8e4ca680268ee96a43ee95 0ca3103c90a24980adf86a98ed1a7af3 - default default] 10.0.20.46 "GET /v2.0/ports?device_id=eb657628-51b7-43cd-aa5e-02846b7813dd HTTP/1.1" status: 200  len: 1123 time: 0.1568439
2018-06-28 19:29:34.581 30507 INFO neutron.wsgi [req-25a624be-b9bf-48d6-b2ee-c1a45ab8338a 655ab8e67d8e4ca680268ee96a43ee95 0ca3103c90a24980adf86a98ed1a7af3 - default default] 10.0.20.46 "GET /v2.0/security-groups?id=5542005a-9777-410f-8eb3-61dec823da98 HTTP/1.1" status: 200  len: 2118 time: 0.1622849
2018-06-28 19:29:36.956 30514 DEBUG neutron_lib.callbacks.manager [req-f5008519-a53f-4898-8763-f0cb09a0fb78 - - - - -] Notify callbacks ['neutron.services.segments.db._update_segment_host_mapping_for_agent-8794340654416'] for agent, after_update _notify_loop /usr/lib/python2.7/site-packages/neutron_lib/callbacks/manager.py:167
2018-06-28 19:29:38.063 30506 INFO neutron.wsgi [req-043298d8-b248-4f14-ae2a-613f50eb0b1c 655ab8e67d8e4ca680268ee96a43ee95 0ca3103c90a24980adf86a98ed1a7af3 - default default] 10.0.20.46 "GET /v2.0/ports?device_id=eb657628-51b7-43cd-aa5e-02846b7813dd HTTP/1.1" status: 200  len: 1123 time: 0.1900940
2018-06-28 19:29:38.264 30506 INFO neutron.wsgi [req-49797c0f-932d-412b-b856-14b7f1f2a7fc 655ab8e67d8e4ca680268ee96a43ee95 0ca3103c90a24980adf86a98ed1a7af3 - default default] 10.0.20.46 "GET /v2.0/security-groups?id=5542005a-9777-410f-8eb3-61dec823da98 HTTP/1.1" status: 200  len: 2118 time: 0.1885729
2018-06-28 19:29:38.680 30520 DEBUG neutron_lib.callbacks.manager [req-968c6687-a71d-48fb-b0dc-9c4dc16ad609 - - - - -] Notify callbacks ['neutron.services.segments.db._update_segment_host_mapping_for_agent-8794340654416'] for agent, after_update _notify_loop /usr/lib/python2.7/site-packages/neutron_lib/callbacks/manager.py:167
2018-06-28 19:29:39.791 30512 DEBUG neutron_lib.callbacks.manager [req-d2949759-f463-42fd-bb69-84ee6b7701d5 - - - - -] Notify callbacks ['neutron.services.segments.db._update_segment_host_mapping_for_agent-8794340654416'] for agent, after_update _notify_loop /usr/lib/python2.7/site-packages/neutron_lib/callbacks/manager.py:167
2018-06-28 19:29:40.141 30507 INFO neutron.wsgi [req-6097660c-6a81-41b1-b935-303ded399dd5 655ab8e67d8e4ca680268ee96a43ee95 0ca3103c90a24980adf86a98ed1a7af3 - default default] 10.0.20.46 "GET /v2.0/ports?device_id=eb657628-51b7-43cd-aa5e-02846b7813dd HTTP/1.1" status: 200  len: 1123 time: 0.1458728
2018-06-28 19:29:40.268 30507 INFO neutron.wsgi [req-3d0548b5-2426-4268-8a81-057b0fddf52a 655ab8e67d8e4ca680268ee96a43ee95 0ca3103c90a24980adf86a98ed1a7af3 - default default] 10.0.20.46 "GET /v2.0/security-groups?id=5542005a-9777-410f-8eb3-61dec823da98 HTTP/1.1" status: 200  len: 2118 time: 0.1224430
2018-06-28 19:30:00.704 30504 INFO neutron.wsgi [req-e53c260e-92b7-49af-bea4-abde7f29da94 d473e455e3b24776a524d2ea47d6e072 0ca3103c90a24980adf86a98ed1a7af3 - default default] 10.0.20.46 "GET /v2.0/ports?device_id=eb657628-51b7-43cd-aa5e-02846b7813dd HTTP/1.1" status: 200  len: 1123 time: 0.5323291
2018-06-28 19:30:00.793 30504 INFO neutron.wsgi [req-b9776c31-64dd-48ff-b24c-7c4158f59aee d473e455e3b24776a524d2ea47d6e072 0ca3103c90a24980adf86a98ed1a7af3 - default default] 10.0.20.46 "GET /v2.0/security-groups?id=5542005a-9777-410f-8eb3-61dec823da98 HTTP/1.1" status: 200  len: 2118 time: 0.0828040
2018-06-28 19:30:01.456 30517 DEBUG neutron_lib.callbacks.manager [req-87a3a069-b036-4ded-8668-ee5e0945955d - - - - -] Notify callbacks ['neutron.services.segments.db._update_segment_host_mapping_for_agent-8794340654416'] for agent, after_update _notify_loop /usr/lib/python2.7/site-packages/neutron_lib/callbacks/manager.py:167
2018-06-28 19:30:01.501 30513 DEBUG neutron_lib.callbacks.manager [req-cb440a73-546a-486d-b272-1530eebf1365 - - - - -] Notify callbacks ['neutron.services.segments.db._update_segment_host_mapping_for_agent-8794340654416'] for agent, after_update _notify_loop /usr/lib/python2.7/site-packages/neutron_lib/callbacks/manager.py:167
2018-06-28 19:30:06.946 30518 DEBUG neutron_lib.callbacks.manager [req-412d720c-6fe3-42e0-86bc-46aa6b6d0bae - - - - -] Notify callbacks ['neutron.services.segments.db._update_segment_host_mapping_for_agent-8794340654416'] for agent, after_update _notify_loop /usr/lib/python2.7/site-packages/neutron_lib/callbacks/manager.py:167
2018-06-28 19:30:08.076 30522 DEBUG neutron.db.agents_db [req-ffe8d0cd-c2e9-437b-87db-61acf9b3c68d - - - - -] Agent healthcheck: found 5 active agents agent_health_check /usr/lib/python2.7/site-packages/neutron/db/agents_db.py:281
2018-06-28 19:30:08.676 30519 DEBUG neutron_lib.callbacks.manager [req-968c6687-a71d-48fb-b0dc-9c4dc16ad609 - - - - -] Notify callbacks ['neutron.services.segments.db._update_segment_host_mapping_for_agent-8794340654416'] for agent, after_update _notify_loop /usr/lib/python2.7/site-packages/neutron_lib/callbacks/manager.py:167
2018-06-28 19:30:08.716 30504 INFO neutron.wsgi [req-8a72fcc8-fc24-45f8-b143-3a5a69bd882c 655ab8e67d8e4ca680268ee96a43ee95 0ca3103c90a24980adf86a98ed1a7af3 - default default] 10.0.20.46 "GET /v2.0/ports?tenant_id=f30ec66ecc074928ac098902d4951951&device_id=eb657628-51b7-43cd-aa5e-02846b7813dd HTTP/1.1" status: 200  len: 1123 time: 0.1487029
2018-06-28 19:30:09.039 30504 DEBUG neutron.pecan_wsgi.hooks.policy_enforcement [req-f2904fea-6c95-434c-ab9e-1f40528cb69b 655ab8e67d8e4ca680268ee96a43ee95 0ca3103c90a24980adf86a98ed1a7af3 - default default] Attributes excluded by policy engine: [u'vlan_transparent'] _exclude_attributes_by_policy /usr/lib/python2.7/site-packages/neutron/pecan_wsgi/hooks/policy_enforcement.py:256
2018-06-28 19:30:09.042 30504 INFO neutron.wsgi [req-f2904fea-6c95-434c-ab9e-1f40528cb69b 655ab8e67d8e4ca680268ee96a43ee95 0ca3103c90a24980adf86a98ed1a7af3 - default default] 10.0.20.46 "GET /v2.0/networks?id=5b0213d3-b59d-4f1e-b3f9-362f307f0ccc HTTP/1.1" status: 200  len: 885 time: 0.3169680
2018-06-28 19:30:09.102 30504 INFO neutron.wsgi [req-a6410761-195b-41e0-bd48-2f3efadfba07 655ab8e67d8e4ca680268ee96a43ee95 0ca3103c90a24980adf86a98ed1a7af3 - default default] 10.0.20.46 "GET /v2.0/floatingips?fixed_ip_address=11.6.1.10&port_id=2bf931bd-5534-44e5-bd91-64a3bddc7996 HTTP/1.1" status: 200  len: 750 time: 0.0525851
2018-06-28 19:30:09.238 30504 DEBUG neutron.pecan_wsgi.hooks.policy_enforcement [req-1f36fbd9-264c-4d66-a598-18a831200001 655ab8e67d8e4ca680268ee96a43ee95 0ca3103c90a24980adf86a98ed1a7af3 - default default] Attributes excluded by policy engine: [u'shared'] _exclude_attributes_by_policy /usr/lib/python2.7/site-packages/neutron/pecan_wsgi/hooks/policy_enforcement.py:256
2018-06-28 19:30:09.241 30504 INFO neutron.wsgi [req-1f36fbd9-264c-4d66-a598-18a831200001 655ab8e67d8e4ca680268ee96a43ee95 0ca3103c90a24980adf86a98ed1a7af3 - default default] 10.0.20.46 "GET /v2.0/subnets?id=32a89ba7-134f-4e47-aa8e-7586bf726db0 HTTP/1.1" status: 200  len: 839 time: 0.1294730
2018-06-28 19:30:09.362 30504 INFO neutron.wsgi [req-0268cba8-7c08-4163-841e-a36df83c3202 655ab8e67d8e4ca680268ee96a43ee95 0ca3103c90a24980adf86a98ed1a7af3 - default default] 10.0.20.46 "GET /v2.0/ports?network_id=5b0213d3-b59d-4f1e-b3f9-362f307f0ccc&device_owner=network%3Adhcp HTTP/1.1" status: 200  len: 1126 time: 0.1130860
2018-06-28 19:30:09.796 30521 DEBUG neutron_lib.callbacks.manager [req-d2949759-f463-42fd-bb69-84ee6b7701d5 - - - - -] Notify callbacks ['neutron.services.segments.db._update_segment_host_mapping_for_agent-8794340654416'] for agent, after_update _notify_loop /usr/lib/python2.7/site-packages/neutron_lib/callbacks/manager.py:167
2018-06-28 19:30:10.694 30507 DEBUG neutron.wsgi [-] (30507) accepted ('10.0.20.46', 52356) server /usr/lib/python2.7/site-packages/eventlet/wsgi.py:883
2018-06-28 19:30:10.701 30507 INFO neutron.wsgi [-] 10.0.20.46 "GET / HTTP/1.1" status: 200  len: 252 time: 0.0034070
2018-06-28 19:30:11.287 30507 INFO neutron.api.v2.resource [req-47546f13-6847-4a81-9278-588acf42f79e 9ae1ba2e50e644c4bdb4fb23cc365e8a f30ec66ecc074928ac098902d4951951 - 800e7218ebf94b529f1a88c5a21c9574 800e7218ebf94b529f1a88c5a21c9574] show failed (client error): The resource could not be found.
2018-06-28 19:30:11.289 30507 INFO neutron.wsgi [req-47546f13-6847-4a81-9278-588acf42f79e 9ae1ba2e50e644c4bdb4fb23cc365e8a f30ec66ecc074928ac098902d4951951 - 800e7218ebf94b529f1a88c5a21c9574 800e7218ebf94b529f1a88c5a21c9574] 10.0.20.46 "GET /v2.0/floatingips/172.24.4.13 HTTP/1.1" status: 404  len: 326 time: 0.5830760
2018-06-28 19:30:11.644 30507 INFO neutron.wsgi [req-ff77efa2-afe3-4b0f-82e3-71b0d4301709 9ae1ba2e50e644c4bdb4fb23cc365e8a f30ec66ecc074928ac098902d4951951 - 800e7218ebf94b529f1a88c5a21c9574 800e7218ebf94b529f1a88c5a21c9574] 10.0.20.46 "GET /v2.0/floatingips HTTP/1.1" status: 200  len: 750 time: 0.3496850
2018-06-28 19:30:11.717 30507 DEBUG neutron.plugins.ml2.plugin [req-c6de1ccb-a2b8-4a3a-8922-b82b6bcebede 9ae1ba2e50e644c4bdb4fb23cc365e8a f30ec66ecc074928ac098902d4951951 - 800e7218ebf94b529f1a88c5a21c9574 800e7218ebf94b529f1a88c5a21c9574] Deleting port 67187b24-659d-4222-9f4c-ce13010bd8ef _pre_delete_port /usr/lib/python2.7/site-packages/neutron/plugins/ml2/plugin.py:1488
2018-06-28 19:30:11.718 30507 DEBUG neutron_lib.callbacks.manager [req-c6de1ccb-a2b8-4a3a-8922-b82b6bcebede 9ae1ba2e50e644c4bdb4fb23cc365e8a f30ec66ecc074928ac098902d4951951 - 800e7218ebf94b529f1a88c5a21c9574 800e7218ebf94b529f1a88c5a21c9574] Notify callbacks ['neutron.db.l3_db._prevent_l3_port_delete_callback--9223363242513914100'] for port, before_delete _notify_loop /usr/lib/python2.7/site-packages/neutron_lib/callbacks/manager.py:167
2018-06-28 19:30:12.094 30507 DEBUG neutron.plugins.ml2.plugin [req-c6de1ccb-a2b8-4a3a-8922-b82b6bcebede 9ae1ba2e50e644c4bdb4fb23cc365e8a f30ec66ecc074928ac098902d4951951 - 800e7218ebf94b529f1a88c5a21c9574 800e7218ebf94b529f1a88c5a21c9574] Calling delete_port for 67187b24-659d-4222-9f4c-ce13010bd8ef owned by network:floatingip delete_port /usr/lib/python2.7/site-packages/neutron/plugins/ml2/plugin.py:1547
2018-06-28 19:30:12.443 30507 DEBUG neutron_lib.callbacks.manager [req-c6de1ccb-a2b8-4a3a-8922-b82b6bcebede 9ae1ba2e50e644c4bdb4fb23cc365e8a f30ec66ecc074928ac098902d4951951 - 800e7218ebf94b529f1a88c5a21c9574 800e7218ebf94b529f1a88c5a21c9574] Notify callbacks ['neutron.api.rpc.agentnotifiers.dhcp_rpc_agent_api.DhcpAgentNotifyAPI._native_event_send_dhcp_notification--9223372036853350407', 'neutron.plugins.ml2.plugin.Ml2Plugin.notify_sg_on_port_change-438527', 'neutron.db.l3_db._notify_routers_callback--9223363242513942818', 'neutron.plugins.ml2.ovo_rpc._ObjectChangeHandler.handle_event-1561088', 'neutron.db.l3_dvrscheduler_db._notify_port_delete--9223363242514482240'] for port, after_delete _notify_loop /usr/lib/python2.7/site-packages/neutron_lib/callbacks/manager.py:167
2018-06-28 19:30:12.756 30507 DEBUG oslo_concurrency.lockutils [-] Lock "event-dispatch" acquired by "neutron.plugins.ml2.ovo_rpc.dispatch_events" :: waited 0.000s inner /usr/lib/python2.7/site-packages/oslo_concurrency/lockutils.py:270
2018-06-28 19:30:12.863 30507 DEBUG neutron.api.rpc.handlers.resources_rpc [req-c6de1ccb-a2b8-4a3a-8922-b82b6bcebede 9ae1ba2e50e644c4bdb4fb23cc365e8a f30ec66ecc074928ac098902d4951951 - - -] neutron.api.rpc.handlers.resources_rpc.ResourcesPushRpcApi method push called with arguments (<neutron_lib.context.Context object at 0x7ff977fbd990>, [Port(admin_state_up=<?>,allowed_address_pairs=<?>,binding=<?>,binding_levels=<?>,created_at=<?>,data_plane_status=<?>,description=<?>,device_id=<?>,device_owner=<?>,dhcp_options=<?>,distributed_binding=<?>,dns=<?>,fixed_ips=<?>,id=67187b24-659d-4222-9f4c-ce13010bd8ef,mac_address=<?>,name=<?>,network_id=<?>,project_id=<?>,qos_policy_id=None,revision_number=<?>,security=<?>,security_group_ids=None,status=<?>,updated_at=<?>)], 'deleted') {} wrapper /usr/lib/python2.7/site-packages/oslo_log/helpers.py:66
2018-06-28 19:30:12.894 30507 DEBUG neutron.api.rpc.callbacks.version_manager [req-c6de1ccb-a2b8-4a3a-8922-b82b6bcebede 9ae1ba2e50e644c4bdb4fb23cc365e8a f30ec66ecc074928ac098902d4951951 - - -] Version for resource type Subnet changed None to 1.0 on consumer Open vSwitch agent@localhost.localdomain _set_version /usr/lib/python2.7/site-packages/neutron/api/rpc/callbacks/version_manager.py:119
2018-06-28 19:30:12.895 30507 DEBUG neutron.api.rpc.callbacks.version_manager [req-c6de1ccb-a2b8-4a3a-8922-b82b6bcebede 9ae1ba2e50e644c4bdb4fb23cc365e8a f30ec66ecc074928ac098902d4951951 - - -] Version for resource type Network changed None to 1.0 on consumer Open vSwitch agent@localhost.localdomain _set_version /usr/lib/python2.7/site-packages/neutron/api/rpc/callbacks/version_manager.py:119
2018-06-28 19:30:12.896 30507 DEBUG neutron.api.rpc.callbacks.version_manager [req-c6de1ccb-a2b8-4a3a-8922-b82b6bcebede 9ae1ba2e50e644c4bdb4fb23cc365e8a f30ec66ecc074928ac098902d4951951 - - -] Version for resource type SubPort changed None to 1.0 on consumer Open vSwitch agent@localhost.localdomain _set_version /usr/lib/python2.7/site-packages/neutron/api/rpc/callbacks/version_manager.py:119
2018-06-28 19:30:12.897 30507 DEBUG neutron.api.rpc.callbacks.version_manager [req-c6de1ccb-a2b8-4a3a-8922-b82b6bcebede 9ae1ba2e50e644c4bdb4fb23cc365e8a f30ec66ecc074928ac098902d4951951 - - -] Version for resource type SecurityGroup changed None to 1.0 on consumer Open vSwitch agent@localhost.localdomain _set_version /usr/lib/python2.7/site-packages/neutron/api/rpc/callbacks/version_manager.py:119
2018-06-28 19:30:12.898 30507 DEBUG neutron.api.rpc.callbacks.version_manager [req-c6de1ccb-a2b8-4a3a-8922-b82b6bcebede 9ae1ba2e50e644c4bdb4fb23cc365e8a f30ec66ecc074928ac098902d4951951 - - -] Version for resource type SecurityGroupRule changed None to 1.0 on consumer Open vSwitch agent@localhost.localdomain _set_version /usr/lib/python2.7/site-packages/neutron/api/rpc/callbacks/version_manager.py:119
2018-06-28 19:30:12.898 30507 DEBUG neutron.api.rpc.callbacks.version_manager [req-c6de1ccb-a2b8-4a3a-8922-b82b6bcebede 9ae1ba2e50e644c4bdb4fb23cc365e8a f30ec66ecc074928ac098902d4951951 - - -] Version for resource type Trunk changed None to 1.1 on consumer Open vSwitch agent@localhost.localdomain _set_version /usr/lib/python2.7/site-packages/neutron/api/rpc/callbacks/version_manager.py:119
2018-06-28 19:30:12.900 30507 DEBUG neutron.api.rpc.callbacks.version_manager [req-c6de1ccb-a2b8-4a3a-8922-b82b6bcebede 9ae1ba2e50e644c4bdb4fb23cc365e8a f30ec66ecc074928ac098902d4951951 - - -] Version for resource type QosPolicy changed None to 1.6 on consumer Open vSwitch agent@localhost.localdomain _set_version /usr/lib/python2.7/site-packages/neutron/api/rpc/callbacks/version_manager.py:119
2018-06-28 19:30:12.901 30507 DEBUG neutron.api.rpc.callbacks.version_manager [req-c6de1ccb-a2b8-4a3a-8922-b82b6bcebede 9ae1ba2e50e644c4bdb4fb23cc365e8a f30ec66ecc074928ac098902d4951951 - - -] Version for resource type Port changed None to 1.1 on consumer Open vSwitch agent@localhost.localdomain _set_version /usr/lib/python2.7/site-packages/neutron/api/rpc/callbacks/version_manager.py:119
2018-06-28 19:30:12.902 30507 DEBUG neutron.api.rpc.callbacks.version_manager [req-c6de1ccb-a2b8-4a3a-8922-b82b6bcebede 9ae1ba2e50e644c4bdb4fb23cc365e8a f30ec66ecc074928ac098902d4951951 - - -] Version for resource type Log changed None to 1.0 on consumer Open vSwitch agent@localhost.localdomain _set_version /usr/lib/python2.7/site-packages/neutron/api/rpc/callbacks/version_manager.py:119
2018-06-28 19:30:13.198 30507 DEBUG oslo_concurrency.lockutils [req-c6de1ccb-a2b8-4a3a-8922-b82b6bcebede 9ae1ba2e50e644c4bdb4fb23cc365e8a f30ec66ecc074928ac098902d4951951 - - -] Lock "event-dispatch" released by "neutron.plugins.ml2.ovo_rpc.dispatch_events" :: held 0.443s inner /usr/lib/python2.7/site-packages/oslo_concurrency/lockutils.py:282
2018-06-28 19:30:13.523 30507 DEBUG neutron.scheduler.l3_agent_scheduler [req-c6de1ccb-a2b8-4a3a-8922-b82b6bcebede 9ae1ba2e50e644c4bdb4fb23cc365e8a f30ec66ecc074928ac098902d4951951 - 800e7218ebf94b529f1a88c5a21c9574 800e7218ebf94b529f1a88c5a21c9574] Router 83d8ec77-c0cd-4897-9934-1aa87056d173 has already been hosted by L3 agent 60219d81-8e5e-4233-80e1-4b550fb5711a _get_candidates /usr/lib/python2.7/site-packages/neutron/scheduler/l3_agent_scheduler.py:141
2018-06-28 19:30:13.875 30507 DEBUG neutron.api.rpc.agentnotifiers.l3_rpc_agent_api [req-c6de1ccb-a2b8-4a3a-8922-b82b6bcebede 9ae1ba2e50e644c4bdb4fb23cc365e8a f30ec66ecc074928ac098902d4951951 - 800e7218ebf94b529f1a88c5a21c9574 800e7218ebf94b529f1a88c5a21c9574] Notify agent at l3_agent.localhost.localdomain the message routers_updated _agent_notification /usr/lib/python2.7/site-packages/neutron/api/rpc/agentnotifiers/l3_rpc_agent_api.py:69
2018-06-28 19:30:13.934 30507 DEBUG neutron.quota.resource [req-c6de1ccb-a2b8-4a3a-8922-b82b6bcebede 9ae1ba2e50e644c4bdb4fb23cc365e8a f30ec66ecc074928ac098902d4951951 - 800e7218ebf94b529f1a88c5a21c9574 800e7218ebf94b529f1a88c5a21c9574] Persisted dirty status for tenant:f30ec66ecc074928ac098902d4951951 on resource:floatingip mark_dirty /usr/lib/python2.7/site-packages/neutron/quota/resource.py:207
2018-06-28 19:30:14.002 30507 DEBUG neutron.quota.resource [req-c6de1ccb-a2b8-4a3a-8922-b82b6bcebede 9ae1ba2e50e644c4bdb4fb23cc365e8a f30ec66ecc074928ac098902d4951951 - 800e7218ebf94b529f1a88c5a21c9574 800e7218ebf94b529f1a88c5a21c9574] Persisted dirty status for tenant: on resource:port mark_dirty /usr/lib/python2.7/site-packages/neutron/quota/resource.py:207
2018-06-28 19:30:14.018 30507 DEBUG neutron_lib.callbacks.manager [req-c6de1ccb-a2b8-4a3a-8922-b82b6bcebede 9ae1ba2e50e644c4bdb4fb23cc365e8a f30ec66ecc074928ac098902d4951951 - 800e7218ebf94b529f1a88c5a21c9574 800e7218ebf94b529f1a88c5a21c9574] Notify callbacks ['neutron.notifiers.nova.Notifier._send_nova_notification--9223372036854772814'] for floatingip, before_response _notify_loop /usr/lib/python2.7/site-packages/neutron_lib/callbacks/manager.py:167
2018-06-28 19:30:14.049 30512 DEBUG neutron.db.l3_hamode_db [req-983f25f2-55a4-4060-ac66-f73f6684252f - - - - -] neutron.services.l3_router.l3_router_plugin.L3RouterPlugin method get_ha_sync_data_for_host called with arguments (<neutron_lib.context.Context object at 0x7ff977cbcf90>, u'localhost.localdomain', <neutron.db.models.agent.Agent[object at 7ff9779eced0] {id=u'60219d81-8e5e-4233-80e1-4b550fb5711a', agent_type=u'L3 agent', binary=u'neutron-l3-agent', topic=u'l3_agent', host=u'localhost.localdomain', availability_zone=u'nova', admin_state_up=True, created_at=datetime.datetime(2018, 6, 6, 18, 12, 54), started_at=datetime.datetime(2018, 6, 28, 17, 15, 6), heartbeat_timestamp=datetime.datetime(2018, 6, 28, 17, 30, 6), description=None, configurations=u'{"agent_mode": "legacy", "gateway_external_network_id": "", "handle_internal_only_routers": true, "routers": 2, "interfaces": 2, "floating_ips": 1, "interface_driver": "neutron.agent.linux.interface.OVSInterfaceDriver", "log_agent_heartbeats": false, "external_network_bridge": "", "ex_gw_ports": 2}', resource_versions=None, load=0}>) {'active': True, 'router_ids': ['83d8ec77-c0cd-4897-9934-1aa87056d173']} wrapper /usr/lib/python2.7/site-packages/oslo_log/helpers.py:66
2018-06-28 19:30:14.186 30507 INFO neutron.wsgi [req-c6de1ccb-a2b8-4a3a-8922-b82b6bcebede 9ae1ba2e50e644c4bdb4fb23cc365e8a f30ec66ecc074928ac098902d4951951 - 800e7218ebf94b529f1a88c5a21c9574 800e7218ebf94b529f1a88c5a21c9574] 10.0.20.46 "DELETE /v2.0/floatingips/d973b7ec-f343-474f-a1c7-3126dfcf3ceb HTTP/1.1" status: 204  len: 173 time: 2.5364602
2018-06-28 19:30:14.188 30507 DEBUG oslo_concurrency.lockutils [-] Lock "notifier-e7b70d2c-b3b2-4a6c-9e11-a7e5ac95f3b2" acquired by "neutron.notifiers.batch_notifier.synced_send" :: waited 0.000s inner /usr/lib/python2.7/site-packages/oslo_concurrency/lockutils.py:270
2018-06-28 19:30:14.189 30507 DEBUG neutron.notifiers.nova [-] Sending events: [{'tag': u'2bf931bd-5534-44e5-bd91-64a3bddc7996', 'name': 'network-changed', 'server_uuid': u'eb657628-51b7-43cd-aa5e-02846b7813dd'}] send_events /usr/lib/python2.7/site-packages/neutron/notifiers/nova.py:242
2018-06-28 19:30:15.286 30512 DEBUG neutron.db.l3_hamode_db [req-983f25f2-55a4-4060-ac66-f73f6684252f - - - - -] neutron.services.l3_router.l3_router_plugin.L3RouterPlugin method _process_sync_ha_data called with arguments (<neutron_lib.context.Context object at 0x7ff977cbcf90>, [{'status': u'ACTIVE', '_interfaces': [{'status': u'ACTIVE', 'subnets': [{'dns_nameservers': [u'8.8.4.4'], 'ipv6_ra_mode': None, 'gateway_ip': u'11.6.1.1', 'cidr': u'11.6.1.0/24', 'id': u'32a89ba7-134f-4e47-aa8e-7586bf726db0', 'subnetpool_id': None}], 'binding:host_id': u'localhost.localdomain', 'description': u'', 'allowed_address_pairs': [], 'tags': [], 'extra_dhcp_opts': [], 'updated_at': '2018-06-28T17:24:36Z', 'device_owner': u'network:router_interface', 'revision_number': 7, 'port_security_enabled': False, 'binding:profile': {}, 'mtu': 1450, 'fixed_ips': [{'subnet_id': u'32a89ba7-134f-4e47-aa8e-7586bf726db0', 'prefixlen': 24, 'ip_address': u'11.6.1.1'}], 'id': u'08cc4624-af39-47d8-885d-c1386dd710bf', 'security_groups': [], 'device_id': u'83d8ec77-c0cd-4897-9934-1aa87056d173', 'name': u'', 'admin_state_up': True, 'network_id': u'5b0213d3-b59d-4f1e-b3f9-362f307f0ccc', 'tenant_id': u'f30ec66ecc074928ac098902d4951951', 'binding:vif_details': {u'port_filter': True, u'datapath_type': u'system', u'ovs_hybrid_plug': True}, 'address_scopes': {4: None, 6: None}, 'binding:vnic_type': u'normal', 'binding:vif_type': u'ovs', 'mac_address': u'fa:16:3e:3e:ab:f1', 'project_id': u'f30ec66ecc074928ac098902d4951951', 'extra_subnets': [], 'created_at': '2018-06-28T17:24:28Z'}], 'enable_snat': True, 'ha_vr_id': 0, 'description': u'', 'tags': [], 'gw_port': {'status': u'ACTIVE', 'subnets': [{'dns_nameservers': [], 'ipv6_ra_mode': None, 'gateway_ip': u'172.24.4.1', 'cidr': u'172.24.4.0/24', 'id': u'42338adf-2e51-4eed-8e47-1b2f9d84cf85', 'subnetpool_id': None}], 'binding:host_id': u'localhost.localdomain', 'description': u'', 'allowed_address_pairs': [], 'tags': [], 'extra_dhcp_opts': [], 'updated_at': '2018-06-28T17:24:54Z', 'device_owner': u'network:router_gateway', 'revision_number': 6, 'port_security_enabled': False, 'binding:profile': {}, 'mtu': 1500, 'fixed_ips': [{'subnet_id': u'42338adf-2e51-4eed-8e47-1b2f9d84cf85', 'prefixlen': 24, 'ip_address': u'172.24.4.4'}], 'id': u'a15efae7-ffea-4cbc-a889-52fc0c0e3105', 'security_groups': [], 'device_id': u'83d8ec77-c0cd-4897-9934-1aa87056d173', 'name': u'', 'admin_state_up': True, 'network_id': u'badfb9c1-1612-4b74-9d18-206aaffd3895', 'tenant_id': u'', 'binding:vif_details': {u'port_filter': True, u'datapath_type': u'system', u'ovs_hybrid_plug': True}, 'address_scopes': {4: None, 6: None}, 'binding:vnic_type': u'normal', 'binding:vif_type': u'ovs', 'mac_address': u'fa:16:3e:34:5a:c6', 'project_id': u'', 'extra_subnets': [], 'created_at': '2018-06-28T17:24:45Z'}, 'updated_at': '2018-06-28T17:24:47Z', 'revision_number': 4, 'ha': False, 'id': u'83d8ec77-c0cd-4897-9934-1aa87056d173', 'gw_port_host': u'localhost.localdomain', 'external_gateway_info': {'network_id': u'badfb9c1-1612-4b74-9d18-206aaffd3895', 'enable_snat': True, 'external_fixed_ips': [{'subnet_id': u'42338adf-2e51-4eed-8e47-1b2f9d84cf85', 'ip_address': u'172.24.4.4'}]}, 'availability_zone_hints': [], 'availability_zones': [u'nova'], 'name': u'tempest-router-1530206468', 'gw_port_id': u'a15efae7-ffea-4cbc-a889-52fc0c0e3105', 'admin_state_up': True, 'tenant_id': u'f30ec66ecc074928ac098902d4951951', 'created_at': '2018-06-28T17:24:05Z', 'distributed': False, 'flavor_id': None, 'routes': [], 'project_id': u'f30ec66ecc074928ac098902d4951951'}], u'localhost.localdomain', False) {} wrapper /usr/lib/python2.7/site-packages/oslo_log/helpers.py:66
2018-06-28 19:30:15.296 30512 DEBUG neutron.api.rpc.handlers.l3_rpc [req-983f25f2-55a4-4060-ac66-f73f6684252f - - - - -] Checking router: 83d8ec77-c0cd-4897-9934-1aa87056d173 for host: localhost.localdomain _ensure_host_set_on_ports /usr/lib/python2.7/site-packages/neutron/api/rpc/handlers/l3_rpc.py:135
2018-06-28 19:30:15.380 30507 DEBUG novaclient.v2.client [-] REQ: curl -g -i -X POST http://10.0.20.46:8774/v2.1/0ca3103c90a24980adf86a98ed1a7af3/os-server-external-events -H "User-Agent: python-novaclient" -H "Content-Type: application/json" -H "Accept: application/json" -H "X-OpenStack-Nova-API-Version: 2.1" -H "X-Auth-Token: {SHA1}eb642570086d5f83cbee8aac50d7dd0f04c52dd6" -d '{"events": [{"tag": "2bf931bd-5534-44e5-bd91-64a3bddc7996", "name": "network-changed", "server_uuid": "eb657628-51b7-43cd-aa5e-02846b7813dd"}]}' _http_log_request /usr/lib/python2.7/site-packages/keystoneauth1/session.py:375
2018-06-28 19:30:15.516 30522 DEBUG neutron.api.rpc.handlers.l3_rpc [req-2132d534-6960-4055-8027-699b484aa7c5 - - - - -] New status for floating IP d973b7ec-f343-474f-a1c7-3126dfcf3ceb: DOWN update_floatingip_statuses /usr/lib/python2.7/site-packages/neutron/api/rpc/handlers/l3_rpc.py:252
2018-06-28 19:30:15.963 30507 DEBUG novaclient.v2.client [-] RESP: [200] Content-Length: 179 Content-Type: application/json Openstack-Api-Version: compute 2.1 X-Openstack-Nova-Api-Version: 2.1 Vary: OpenStack-API-Version, X-OpenStack-Nova-API-Version X-Openstack-Request-Id: req-1c64eebf-14b3-4186-933c-5c5cc6d13cc4 X-Compute-Request-Id: req-1c64eebf-14b3-4186-933c-5c5cc6d13cc4 Date: Thu, 28 Jun 2018 17:30:15 GMT Connection: keep-alive 
RESP BODY: {"events": [{"status": "completed", "tag": "2bf931bd-5534-44e5-bd91-64a3bddc7996", "name": "network-changed", "server_uuid": "eb657628-51b7-43cd-aa5e-02846b7813dd", "code": 200}]}
 _http_log_response /usr/lib/python2.7/site-packages/keystoneauth1/session.py:423
2018-06-28 19:30:15.963 30507 DEBUG novaclient.v2.client [-] POST call to compute for http://10.0.20.46:8774/v2.1/0ca3103c90a24980adf86a98ed1a7af3/os-server-external-events used request id req-1c64eebf-14b3-4186-933c-5c5cc6d13cc4 request /usr/lib/python2.7/site-packages/keystoneauth1/session.py:727
2018-06-28 19:30:15.971 30507 INFO neutron.notifiers.nova [-] Nova event response: {u'status': u'completed', u'tag': u'2bf931bd-5534-44e5-bd91-64a3bddc7996', u'name': u'network-changed', u'server_uuid': u'eb657628-51b7-43cd-aa5e-02846b7813dd', u'code': 200}
2018-06-28 19:30:16.135 30504 INFO neutron.wsgi [req-12442432-2f4a-4b91-adbb-ea4afae71498 655ab8e67d8e4ca680268ee96a43ee95 0ca3103c90a24980adf86a98ed1a7af3 - default default] 10.0.20.46 "GET /v2.0/ports?tenant_id=f30ec66ecc074928ac098902d4951951&device_id=eb657628-51b7-43cd-aa5e-02846b7813dd HTTP/1.1" status: 200  len: 1123 time: 0.1458600
2018-06-28 19:30:16.382 30504 DEBUG neutron.pecan_wsgi.hooks.policy_enforcement [req-4eb6cd66-d5ae-4fe2-97e2-1d2adcf63b59 655ab8e67d8e4ca680268ee96a43ee95 0ca3103c90a24980adf86a98ed1a7af3 - default default] Attributes excluded by policy engine: [u'vlan_transparent'] _exclude_attributes_by_policy /usr/lib/python2.7/site-packages/neutron/pecan_wsgi/hooks/policy_enforcement.py:256
2018-06-28 19:30:16.386 30504 INFO neutron.wsgi [req-4eb6cd66-d5ae-4fe2-97e2-1d2adcf63b59 655ab8e67d8e4ca680268ee96a43ee95 0ca3103c90a24980adf86a98ed1a7af3 - default default] 10.0.20.46 "GET /v2.0/networks?id=5b0213d3-b59d-4f1e-b3f9-362f307f0ccc HTTP/1.1" status: 200  len: 885 time: 0.2305481
2018-06-28 19:30:16.435 30504 INFO neutron.wsgi [req-00cc4ef2-d425-4c94-b9dd-551ab4b51ec8 655ab8e67d8e4ca680268ee96a43ee95 0ca3103c90a24980adf86a98ed1a7af3 - default default] 10.0.20.46 "GET /v2.0/floatingips?fixed_ip_address=11.6.1.10&port_id=2bf931bd-5534-44e5-bd91-64a3bddc7996 HTTP/1.1" status: 200  len: 217 time: 0.0425892
2018-06-28 19:30:16.597 30504 DEBUG neutron.pecan_wsgi.hooks.policy_enforcement [req-dffb6e94-4fc5-4766-8095-6dc44755a05c 655ab8e67d8e4ca680268ee96a43ee95 0ca3103c90a24980adf86a98ed1a7af3 - default default] Attributes excluded by policy engine: [u'shared'] _exclude_attributes_by_policy /usr/lib/python2.7/site-packages/neutron/pecan_wsgi/hooks/policy_enforcement.py:256
2018-06-28 19:30:16.599 30504 INFO neutron.wsgi [req-dffb6e94-4fc5-4766-8095-6dc44755a05c 655ab8e67d8e4ca680268ee96a43ee95 0ca3103c90a24980adf86a98ed1a7af3 - default default] 10.0.20.46 "GET /v2.0/subnets?id=32a89ba7-134f-4e47-aa8e-7586bf726db0 HTTP/1.1" status: 200  len: 839 time: 0.1548650
2018-06-28 19:30:16.775 30504 INFO neutron.wsgi [req-710550ec-ecf9-4150-bf95-1904def78079 655ab8e67d8e4ca680268ee96a43ee95 0ca3103c90a24980adf86a98ed1a7af3 - default default] 10.0.20.46 "GET /v2.0/ports?network_id=5b0213d3-b59d-4f1e-b3f9-362f307f0ccc&device_owner=network%3Adhcp HTTP/1.1" status: 200  len: 1126 time: 0.1664460
2018-06-28 19:30:17.972 30507 DEBUG oslo_concurrency.lockutils [-] Lock "notifier-e7b70d2c-b3b2-4a6c-9e11-a7e5ac95f3b2" released by "neutron.notifiers.batch_notifier.synced_send" :: held 3.784s inner /usr/lib/python2.7/site-packages/oslo_concurrency/lockutils.py:282
2018-06-28 19:30:23.955 30510 INFO neutron.wsgi [req-9510ba92-726f-4a42-8873-3d4f26c378f0 6dc66ca5b9b04acabc59bdf6487de4e0 71ea52d094344aa8ab5e0e5b41870b26 - default default] 10.0.20.46 "GET /v2.0/ports?device_id=eb657628-51b7-43cd-aa5e-02846b7813dd HTTP/1.1" status: 200  len: 1123 time: 1.7749090
2018-06-28 19:30:24.055 30510 INFO neutron.wsgi [req-46319529-6e28-4aba-a205-6b617f5bbe92 6dc66ca5b9b04acabc59bdf6487de4e0 71ea52d094344aa8ab5e0e5b41870b26 - default default] 10.0.20.46 "GET /v2.0/security-groups?id=5542005a-9777-410f-8eb3-61dec823da98 HTTP/1.1" status: 200  len: 2118 time: 0.0941079
2018-06-28 19:30:31.419 30516 DEBUG neutron_lib.callbacks.manager [req-a754b3dd-0a25-4e18-bba7-cd945ff46ff9 - - - - -] Notify callbacks ['neutron.services.segments.db._update_segment_host_mapping_for_agent-8794340654416'] for agent, after_update _notify_loop /usr/lib/python2.7/site-packages/neutron_lib/callbacks/manager.py:167
2018-06-28 19:30:31.512 30514 DEBUG neutron_lib.callbacks.manager [req-cb440a73-546a-486d-b272-1530eebf1365 - - - - -] Notify callbacks ['neutron.services.segments.db._update_segment_host_mapping_for_agent-8794340654416'] for agent, after_update _notify_loop /usr/lib/python2.7/site-packages/neutron_lib/callbacks/manager.py:167
2018-06-28 19:30:31.547 30511 INFO neutron.wsgi [req-1a278b78-719f-4752-a349-480593143031 6dc66ca5b9b04acabc59bdf6487de4e0 71ea52d094344aa8ab5e0e5b41870b26 - default default] 10.0.20.46 "GET /v2.0/ports?device_id=eb657628-51b7-43cd-aa5e-02846b7813dd HTTP/1.1" status: 200  len: 1123 time: 0.7778659
2018-06-28 19:30:31.711 30511 INFO neutron.wsgi [req-ebc39a43-f97b-46d1-a948-0b1fa2e772d9 6dc66ca5b9b04acabc59bdf6487de4e0 71ea52d094344aa8ab5e0e5b41870b26 - default default] 10.0.20.46 "GET /v2.0/security-groups?id=5542005a-9777-410f-8eb3-61dec823da98 HTTP/1.1" status: 200  len: 2118 time: 0.1540151
