2018-09-28 17:26:17.182 7262 DEBUG neutron.api.rpc.callbacks.version_manager [req-9be3e5f8-6c50-48de-b124-b233b81ad6d3 c6076d0e968d46daaf0fc5019a0f8a15 bd8a53962fd64ffeab7f2932b0e688c5 - - -] Version for resource type Trunk changed None to 1.1 on consumer Open vSwitch agent@localhost.localdomain _set_version /usr/lib/python2.7/site-packages/neutron/api/rpc/callbacks/version_manager.py:119
2018-09-28 17:26:17.183 7262 DEBUG neutron.api.rpc.callbacks.version_manager [req-9be3e5f8-6c50-48de-b124-b233b81ad6d3 c6076d0e968d46daaf0fc5019a0f8a15 bd8a53962fd64ffeab7f2932b0e688c5 - - -] Version for resource type QosPolicy changed None to 1.6 on consumer Open vSwitch agent@localhost.localdomain _set_version /usr/lib/python2.7/site-packages/neutron/api/rpc/callbacks/version_manager.py:119
2018-09-28 17:26:17.184 7262 DEBUG neutron.api.rpc.callbacks.version_manager [req-9be3e5f8-6c50-48de-b124-b233b81ad6d3 c6076d0e968d46daaf0fc5019a0f8a15 bd8a53962fd64ffeab7f2932b0e688c5 - - -] Version for resource type Port changed None to 1.1 on consumer Open vSwitch agent@localhost.localdomain _set_version /usr/lib/python2.7/site-packages/neutron/api/rpc/callbacks/version_manager.py:119
2018-09-28 17:26:17.185 7262 DEBUG neutron.api.rpc.callbacks.version_manager [req-9be3e5f8-6c50-48de-b124-b233b81ad6d3 c6076d0e968d46daaf0fc5019a0f8a15 bd8a53962fd64ffeab7f2932b0e688c5 - - -] Version for resource type Log changed None to 1.0 on consumer Open vSwitch agent@localhost.localdomain _set_version /usr/lib/python2.7/site-packages/neutron/api/rpc/callbacks/version_manager.py:119
2018-09-28 17:26:17.214 7262 DEBUG oslo_concurrency.lockutils [req-9be3e5f8-6c50-48de-b124-b233b81ad6d3 c6076d0e968d46daaf0fc5019a0f8a15 bd8a53962fd64ffeab7f2932b0e688c5 - - -] Lock "event-dispatch" released by "neutron.plugins.ml2.ovo_rpc.dispatch_events" :: held 0.322s inner /usr/lib/python2.7/site-packages/oslo_concurrency/lockutils.py:282
2018-09-28 17:26:17.243 7262 DEBUG neutron.scheduler.dhcp_agent_scheduler [req-9be3e5f8-6c50-48de-b124-b233b81ad6d3 c6076d0e968d46daaf0fc5019a0f8a15 bd8a53962fd64ffeab7f2932b0e688c5 - default default] Network 40fff4bc-a326-419b-b1c1-a7aa26b2d41a is already hosted by enough agents. _get_dhcp_agents_hosting_network /usr/lib/python2.7/site-packages/neutron/scheduler/dhcp_agent_scheduler.py:243
2018-09-28 17:26:17.266 7262 DEBUG neutron.db.l3_dvrscheduler_db [req-9be3e5f8-6c50-48de-b124-b233b81ad6d3 c6076d0e968d46daaf0fc5019a0f8a15 bd8a53962fd64ffeab7f2932b0e688c5 - default default] Received port after_create _notify_l3_agent_new_port /usr/lib/python2.7/site-packages/neutron/db/l3_dvrscheduler_db.py:392
2018-09-28 17:26:17.423 7262 DEBUG neutron_lib.callbacks.manager [req-9be3e5f8-6c50-48de-b124-b233b81ad6d3 c6076d0e968d46daaf0fc5019a0f8a15 bd8a53962fd64ffeab7f2932b0e688c5 - default default] Notify callbacks ['neutron.plugins.ml2.plugin.Ml2Plugin._ensure_default_security_group_handler-442431'] for port, before_update _notify_loop /usr/lib/python2.7/site-packages/neutron_lib/callbacks/manager.py:167
2018-09-28 17:26:18.260 7262 DEBUG neutron_lib.callbacks.manager [req-9be3e5f8-6c50-48de-b124-b233b81ad6d3 c6076d0e968d46daaf0fc5019a0f8a15 bd8a53962fd64ffeab7f2932b0e688c5 - default default] Notify callbacks [] for port, precommit_update _notify_loop /usr/lib/python2.7/site-packages/neutron_lib/callbacks/manager.py:167
2018-09-28 17:26:18.271 7262 DEBUG neutron_lib.callbacks.manager [req-9be3e5f8-6c50-48de-b124-b233b81ad6d3 c6076d0e968d46daaf0fc5019a0f8a15 bd8a53962fd64ffeab7f2932b0e688c5 - default default] Notify callbacks ['neutron.db.l3_hascheduler_db._notify_l3_agent_ha_port_update-8780962025266', 'neutron.plugins.ml2.ovo_rpc._ObjectChangeHandler.handle_event-3651359', 'neutron.plugins.ml2.plugin.Ml2Plugin.notify_sg_on_port_change-449688', 'neutron.api.rpc.agentnotifiers.dhcp_rpc_agent_api.DhcpAgentNotifyAPI._native_event_send_dhcp_notification-3563950', 'neutron.db.l3_dvrscheduler_db._notify_l3_agent_port_update--9223363255892750882'] for port, after_update _notify_loop /usr/lib/python2.7/site-packages/neutron_lib/callbacks/manager.py:167
2018-09-28 17:26:18.302 7262 DEBUG oslo_concurrency.lockutils [-] Lock "event-dispatch" acquired by "neutron.plugins.ml2.ovo_rpc.dispatch_events" :: waited 0.000s inner /usr/lib/python2.7/site-packages/oslo_concurrency/lockutils.py:270
2018-09-28 17:26:18.550 7262 DEBUG neutron.api.rpc.handlers.resources_rpc [req-9be3e5f8-6c50-48de-b124-b233b81ad6d3 c6076d0e968d46daaf0fc5019a0f8a15 bd8a53962fd64ffeab7f2932b0e688c5 - - -] neutron.api.rpc.handlers.resources_rpc.ResourcesPushRpcApi method push called with arguments (<neutron_lib.context.Context object at 0x7fc7a133dd90>, [Port(admin_state_up=True,allowed_address_pairs=[],binding=PortBinding,binding_levels=[],created_at=2018-09-28T21:26:16Z,data_plane_status=<?>,description='',device_id='211f15b3-80d4-47a6-af42-d58c4848ea6e',device_owner='network:floatingip',dhcp_options=[],distributed_binding=None,dns=None,fixed_ips=[IPAllocation],id=48b39667-dc69-4575-a1ce-3c2d295a0235,mac_address=fa:16:3e:33:6d:76,name='',network_id=40fff4bc-a326-419b-b1c1-a7aa26b2d41a,project_id='',qos_policy_id=None,revision_number=4,security=PortSecurity(48b39667-dc69-4575-a1ce-3c2d295a0235),security_group_ids=set([]),status='N/A',updated_at=2018-09-28T21:26:17Z)], 'updated') {} wrapper /usr/lib/python2.7/site-packages/oslo_log/helpers.py:66
2018-09-28 17:26:18.576 7262 DEBUG oslo_concurrency.lockutils [req-9be3e5f8-6c50-48de-b124-b233b81ad6d3 c6076d0e968d46daaf0fc5019a0f8a15 bd8a53962fd64ffeab7f2932b0e688c5 - - -] Lock "event-dispatch" released by "neutron.plugins.ml2.ovo_rpc.dispatch_events" :: held 0.274s inner /usr/lib/python2.7/site-packages/oslo_concurrency/lockutils.py:282
2018-09-28 17:26:18.653 7262 DEBUG neutron_lib.callbacks.manager [req-9be3e5f8-6c50-48de-b124-b233b81ad6d3 c6076d0e968d46daaf0fc5019a0f8a15 bd8a53962fd64ffeab7f2932b0e688c5 - default default] Notify callbacks ['neutron.services.l3_router.l3_router_plugin.L3RouterPlugin._create_dvr_floating_gw_port--9223372036851084011'] for floatingip, after_update _notify_loop /usr/lib/python2.7/site-packages/neutron_lib/callbacks/manager.py:167
2018-09-28 17:26:18.707 7262 DEBUG neutron.quota.resource [req-9be3e5f8-6c50-48de-b124-b233b81ad6d3 c6076d0e968d46daaf0fc5019a0f8a15 bd8a53962fd64ffeab7f2932b0e688c5 - default default] Persisted dirty status for tenant:dd070c0480774d87b83ff7bca9498051 on resource:floatingip mark_dirty /usr/lib/python2.7/site-packages/neutron/quota/resource.py:207
2018-09-28 17:26:18.717 7262 DEBUG neutron.quota.resource [req-9be3e5f8-6c50-48de-b124-b233b81ad6d3 c6076d0e968d46daaf0fc5019a0f8a15 bd8a53962fd64ffeab7f2932b0e688c5 - default default] Persisted dirty status for tenant: on resource:port mark_dirty /usr/lib/python2.7/site-packages/neutron/quota/resource.py:207
2018-09-28 17:26:18.733 7262 DEBUG neutron_lib.callbacks.manager [req-9be3e5f8-6c50-48de-b124-b233b81ad6d3 c6076d0e968d46daaf0fc5019a0f8a15 bd8a53962fd64ffeab7f2932b0e688c5 - default default] Notify callbacks ['neutron.notifiers.nova.Notifier._send_nova_notification-8131'] for floatingip, before_response _notify_loop /usr/lib/python2.7/site-packages/neutron_lib/callbacks/manager.py:167
2018-09-28 17:26:18.737 7262 INFO neutron.wsgi [req-9be3e5f8-6c50-48de-b124-b233b81ad6d3 c6076d0e968d46daaf0fc5019a0f8a15 bd8a53962fd64ffeab7f2932b0e688c5 - default default] 10.0.20.25 "POST /v2.0/floatingips HTTP/1.1" status: 201  len: 674 time: 3.4202900
2018-09-28 17:26:30.161 7277 DEBUG neutron_lib.callbacks.manager [req-fb151d20-3595-4b3c-a61d-ef0d60b50865 - - - - -] Notify callbacks ['neutron.services.segments.db._update_segment_host_mapping_for_agent-8780962388033'] for agent, after_update _notify_loop /usr/lib/python2.7/site-packages/neutron_lib/callbacks/manager.py:167
2018-09-28 17:26:30.665 7276 DEBUG neutron_lib.callbacks.manager [req-97d985dc-8c96-4896-acff-60d1557ed683 - - - - -] Notify callbacks ['neutron.services.segments.db._update_segment_host_mapping_for_agent-8780962388033'] for agent, after_update _notify_loop /usr/lib/python2.7/site-packages/neutron_lib/callbacks/manager.py:167
2018-09-28 17:26:30.986 7266 DEBUG neutron.wsgi [-] (7266) accepted ('10.0.20.25', 60960) server /usr/lib/python2.7/site-packages/eventlet/wsgi.py:883
2018-09-28 17:26:31.664 7266 INFO neutron.wsgi [req-905c0ffd-ec4c-4564-8cd9-8f7cb2f428f5 6041b01c631d425d829cf96874ce50bf 671ea1986554476bbcaa620e00697d23 - default default] 10.0.20.25 "GET /v2.0/ports?device_id=f5b7a6ad-1305-4cb6-a75c-b2dbe159dd7b HTTP/1.1" status: 200  len: 1124 time: 0.6752670
2018-09-28 17:26:31.844 7266 INFO neutron.wsgi [req-71fdeb26-1116-4f49-854c-c8ec17b23aa3 6041b01c631d425d829cf96874ce50bf 671ea1986554476bbcaa620e00697d23 - default default] 10.0.20.25 "GET /v2.0/security-groups?id=aa12ad18-e97e-4093-a9ae-cda6e3f24961 HTTP/1.1" status: 200  len: 2118 time: 0.1695561
2018-09-28 17:26:32.581 7267 INFO neutron.wsgi [req-ede0ea34-f21f-44ce-bc1e-33502191d141 e3713842bb9846eb962f52270defe003 dd070c0480774d87b83ff7bca9498051 - fe0ad55e1b934a669cd5a0117e45fade fe0ad55e1b934a669cd5a0117e45fade] 10.0.20.25 "GET /v2.0/ports?device_id=f5b7a6ad-1305-4cb6-a75c-b2dbe159dd7b HTTP/1.1" status: 200  len: 1124 time: 0.7003441
2018-09-28 17:26:32.707 7267 INFO neutron.wsgi [req-99eced4d-6b61-4254-aa52-9622e6997d90 e3713842bb9846eb962f52270defe003 dd070c0480774d87b83ff7bca9498051 - fe0ad55e1b934a669cd5a0117e45fade fe0ad55e1b934a669cd5a0117e45fade] 10.0.20.25 "GET /v2.0/security-groups?id=aa12ad18-e97e-4093-a9ae-cda6e3f24961 HTTP/1.1" status: 200  len: 2118 time: 0.1151171
2018-09-28 17:26:33.359 7267 INFO neutron.wsgi [req-9b5f783d-0c37-4fd6-aaa0-8dc5b0f89fc8 e3713842bb9846eb962f52270defe003 dd070c0480774d87b83ff7bca9498051 - fe0ad55e1b934a669cd5a0117e45fade fe0ad55e1b934a669cd5a0117e45fade] 10.0.20.25 "GET /v2.0/ports?device_owner=compute%3Anova&device_id=f5b7a6ad-1305-4cb6-a75c-b2dbe159dd7b HTTP/1.1" status: 200  len: 1124 time: 0.4794681
2018-09-28 17:26:33.416 7267 INFO neutron.wsgi [req-c82d929f-a21f-4e67-8c96-5c247583b349 e3713842bb9846eb962f52270defe003 dd070c0480774d87b83ff7bca9498051 - fe0ad55e1b934a669cd5a0117e45fade fe0ad55e1b934a669cd5a0117e45fade] 10.0.20.25 "GET /v2.0/floatingips?floating_ip_address=172.24.4.2 HTTP/1.1" status: 200  len: 672 time: 0.0467789
2018-09-28 17:26:33.440 7267 DEBUG neutron.api.v2.base [req-0080f9b1-86af-4020-af9f-53af8248e2e0 e3713842bb9846eb962f52270defe003 dd070c0480774d87b83ff7bca9498051 - fe0ad55e1b934a669cd5a0117e45fade fe0ad55e1b934a669cd5a0117e45fade] Request body: {u'floatingip': {u'fixed_ip_address': u'11.121.1.5', u'port_id': u'c38c89d3-a98b-4ac5-88e6-7cc1bd23bf5f'}} prepare_request_body /usr/lib/python2.7/site-packages/neutron/api/v2/base.py:695
2018-09-28 17:26:33.838 7267 DEBUG neutron_lib.callbacks.manager [req-0080f9b1-86af-4020-af9f-53af8248e2e0 e3713842bb9846eb962f52270defe003 dd070c0480774d87b83ff7bca9498051 - fe0ad55e1b934a669cd5a0117e45fade fe0ad55e1b934a669cd5a0117e45fade] Notify callbacks ['neutron.services.l3_router.l3_router_plugin.L3RouterPlugin._create_dvr_floating_gw_port--9223372036851084011'] for floatingip, after_update _notify_loop /usr/lib/python2.7/site-packages/neutron_lib/callbacks/manager.py:167
2018-09-28 17:26:33.913 7278 DEBUG neutron.db.agents_db [req-d57c5a6a-7df4-4b9a-bb4e-ae7480439903 - - - - -] Agent healthcheck: found 5 active agents agent_health_check /usr/lib/python2.7/site-packages/neutron/db/agents_db.py:281
2018-09-28 17:26:34.555 7267 DEBUG neutron.scheduler.l3_agent_scheduler [req-0080f9b1-86af-4020-af9f-53af8248e2e0 e3713842bb9846eb962f52270defe003 dd070c0480774d87b83ff7bca9498051 - fe0ad55e1b934a669cd5a0117e45fade fe0ad55e1b934a669cd5a0117e45fade] Router 1aa22e22-9754-48e3-9b3c-1cd1f93b7581 has already been hosted by L3 agent 4ac0ebe3-010d-4960-b1cd-6ee5ff761291 _get_candidates /usr/lib/python2.7/site-packages/neutron/scheduler/l3_agent_scheduler.py:141
2018-09-28 17:26:34.798 7267 DEBUG neutron.api.rpc.agentnotifiers.l3_rpc_agent_api [req-0080f9b1-86af-4020-af9f-53af8248e2e0 e3713842bb9846eb962f52270defe003 dd070c0480774d87b83ff7bca9498051 - fe0ad55e1b934a669cd5a0117e45fade fe0ad55e1b934a669cd5a0117e45fade] Notify agent at l3_agent.localhost.localdomain the message routers_updated _agent_notification /usr/lib/python2.7/site-packages/neutron/api/rpc/agentnotifiers/l3_rpc_agent_api.py:69
2018-09-28 17:26:34.834 7267 DEBUG neutron_lib.callbacks.manager [req-0080f9b1-86af-4020-af9f-53af8248e2e0 e3713842bb9846eb962f52270defe003 dd070c0480774d87b83ff7bca9498051 - fe0ad55e1b934a669cd5a0117e45fade fe0ad55e1b934a669cd5a0117e45fade] Notify callbacks ['neutron.notifiers.nova.Notifier._send_nova_notification-8131'] for floatingip, before_response _notify_loop /usr/lib/python2.7/site-packages/neutron_lib/callbacks/manager.py:167
2018-09-28 17:26:34.877 7275 DEBUG neutron.db.l3_hamode_db [req-f0b1ee30-0272-429b-b775-d1a29d42ebf5 - - - - -] neutron.services.l3_router.l3_router_plugin.L3RouterPlugin method get_ha_sync_data_for_host called with arguments (<neutron_lib.context.Context object at 0x7fc7a0f008d0>, u'localhost.localdomain', <neutron.db.models.agent.Agent[object at 7fc7a10f2cd0] {id=u'4ac0ebe3-010d-4960-b1cd-6ee5ff761291', agent_type=u'L3 agent', binary=u'neutron-l3-agent', topic=u'l3_agent', host=u'localhost.localdomain', availability_zone=u'nova', admin_state_up=True, created_at=datetime.datetime(2018, 9, 11, 21, 26, 19), started_at=datetime.datetime(2018, 9, 28, 21, 3, 30), heartbeat_timestamp=datetime.datetime(2018, 9, 28, 21, 26, 30), description=None, configurations=u'{"agent_mode": "legacy", "gateway_external_network_id": "", "handle_internal_only_routers": true, "routers": 2, "interfaces": 2, "floating_ips": 0, "interface_driver": "neutron.agent.linux.interface.OVSInterfaceDriver", "log_agent_heartbeats": false, "external_network_bridge": "", "ex_gw_ports": 2}', resource_versions=None, load=0}>) {'active': True, 'router_ids': ['1aa22e22-9754-48e3-9b3c-1cd1f93b7581']} wrapper /usr/lib/python2.7/site-packages/oslo_log/helpers.py:66
2018-09-28 17:26:34.964 7267 INFO neutron.wsgi [req-0080f9b1-86af-4020-af9f-53af8248e2e0 e3713842bb9846eb962f52270defe003 dd070c0480774d87b83ff7bca9498051 - fe0ad55e1b934a669cd5a0117e45fade fe0ad55e1b934a669cd5a0117e45fade] 10.0.20.25 "PUT /v2.0/floatingips/211f15b3-80d4-47a6-af42-d58c4848ea6e HTTP/1.1" status: 200  len: 745 time: 1.5401740
2018-09-28 17:26:34.966 7267 DEBUG oslo_concurrency.lockutils [-] Lock "notifier-ec6e2bcb-ce5c-41a1-b67a-125a76a9ff70" acquired by "neutron.notifiers.batch_notifier.synced_send" :: waited 0.000s inner /usr/lib/python2.7/site-packages/oslo_concurrency/lockutils.py:270
2018-09-28 17:26:34.966 7267 DEBUG neutron.notifiers.nova [-] Sending events: [{'tag': u'c38c89d3-a98b-4ac5-88e6-7cc1bd23bf5f', 'name': 'network-changed', 'server_uuid': u'f5b7a6ad-1305-4cb6-a75c-b2dbe159dd7b'}] send_events /usr/lib/python2.7/site-packages/neutron/notifiers/nova.py:242
2018-09-28 17:26:35.135 7274 DEBUG neutron_lib.callbacks.manager [req-d3473ee5-2030-4aa4-afbf-a36226f4aef3 - - - - -] Notify callbacks ['neutron.services.segments.db._update_segment_host_mapping_for_agent-8780962388033'] for agent, after_update _notify_loop /usr/lib/python2.7/site-packages/neutron_lib/callbacks/manager.py:167
2018-09-28 17:26:35.785 7267 INFO neutron.wsgi [req-f5313192-f0b4-49ba-887f-6a7199eb641f 6041b01c631d425d829cf96874ce50bf 671ea1986554476bbcaa620e00697d23 - default default] 10.0.20.25 "GET /v2.0/ports?device_id=f5b7a6ad-1305-4cb6-a75c-b2dbe159dd7b HTTP/1.1" status: 200  len: 1124 time: 0.5114460
2018-09-28 17:26:35.807 7275 DEBUG neutron.db.l3_hamode_db [req-f0b1ee30-0272-429b-b775-d1a29d42ebf5 - - - - -] neutron.services.l3_router.l3_router_plugin.L3RouterPlugin method _process_sync_ha_data called with arguments (<neutron_lib.context.Context object at 0x7fc7a0f008d0>, [{'status': u'ACTIVE', '_interfaces': [{'status': u'ACTIVE', 'subnets': [{'dns_nameservers': [u'8.8.4.4'], 'ipv6_ra_mode': None, 'gateway_ip': u'11.121.1.1', 'cidr': u'11.121.1.0/24', 'id': u'de5381e5-945a-4f79-bfe7-593136c24b8f', 'subnetpool_id': None}], 'binding:host_id': u'localhost.localdomain', 'description': u'', 'allowed_address_pairs': [], 'tags': [], 'extra_dhcp_opts': [], 'updated_at': '2018-09-28T21:25:18Z', 'device_owner': u'network:router_interface', 'revision_number': 7, 'port_security_enabled': False, 'binding:profile': {}, 'mtu': 1450, 'fixed_ips': [{'subnet_id': u'de5381e5-945a-4f79-bfe7-593136c24b8f', 'prefixlen': 24, 'ip_address': u'11.121.1.1'}], 'id': u'c0c903fa-90e1-4b93-94a7-d6103ec0d3b7', 'security_groups': [], 'device_id': u'1aa22e22-9754-48e3-9b3c-1cd1f93b7581', 'name': u'', 'admin_state_up': True, 'network_id': u'2e1a62fc-7692-445e-9578-3f306b34a7ee', 'tenant_id': u'dd070c0480774d87b83ff7bca9498051', 'binding:vif_details': {u'port_filter': True, u'datapath_type': u'system', u'ovs_hybrid_plug': True}, 'address_scopes': {4: None, 6: None}, 'binding:vnic_type': u'normal', 'binding:vif_type': u'ovs', 'mac_address': u'fa:16:3e:41:23:2b', 'project_id': u'dd070c0480774d87b83ff7bca9498051', 'extra_subnets': [], 'created_at': '2018-09-28T21:25:09Z'}], 'enable_snat': True, 'ha_vr_id': 0, 'description': u'', 'tags': [], 'gw_port': {'status': u'ACTIVE', 'subnets': [{'dns_nameservers': [], 'ipv6_ra_mode': None, 'gateway_ip': u'172.24.4.1', 'cidr': u'172.24.4.0/24', 'id': u'a3f065d6-c694-4228-b2c0-49725a850924', 'subnetpool_id': None}], 'binding:host_id': u'localhost.localdomain', 'description': u'', 'allowed_address_pairs': [], 'tags': [], 'extra_dhcp_opts': [], 'updated_at': '2018-09-28T21:25:32Z', 'device_owner': u'network:router_gateway', 'revision_number': 6, 'port_security_enabled': False, 'binding:profile': {}, 'mtu': 1500, 'fixed_ips': [{'subnet_id': u'a3f065d6-c694-4228-b2c0-49725a850924', 'prefixlen': 24, 'ip_address': u'172.24.4.10'}], 'id': u'cf619c60-79b1-4dca-9f66-84a45dc46db0', 'security_groups': [], 'device_id': u'1aa22e22-9754-48e3-9b3c-1cd1f93b7581', 'name': u'', 'admin_state_up': True, 'network_id': u'40fff4bc-a326-419b-b1c1-a7aa26b2d41a', 'tenant_id': u'', 'binding:vif_details': {u'port_filter': True, u'datapath_type': u'system', u'ovs_hybrid_plug': True}, 'address_scopes': {4: None, 6: None}, 'binding:vnic_type': u'normal', 'binding:vif_type': u'ovs', 'mac_address': u'fa:16:3e:e7:c7:15', 'project_id': u'', 'extra_subnets': [], 'created_at': '2018-09-28T21:25:25Z'}, 'updated_at': '2018-09-28T21:25:26Z', 'revision_number': 4, 'ha': False, 'id': u'1aa22e22-9754-48e3-9b3c-1cd1f93b7581', 'gw_port_host': u'localhost.localdomain', 'external_gateway_info': {'network_id': u'40fff4bc-a326-419b-b1c1-a7aa26b2d41a', 'enable_snat': True, 'external_fixed_ips': [{'subnet_id': u'a3f065d6-c694-4228-b2c0-49725a850924', 'ip_address': u'172.24.4.10'}]}, 'availability_zone_hints': [], 'availability_zones': [u'nova'], 'name': u'tempest-router-1538169715', 'gw_port_id': u'cf619c60-79b1-4dca-9f66-84a45dc46db0', 'admin_state_up': True, 'tenant_id': u'dd070c0480774d87b83ff7bca9498051', 'created_at': '2018-09-28T21:24:48Z', 'distributed': False, 'flavor_id': None, 'routes': [], 'project_id': u'dd070c0480774d87b83ff7bca9498051', '_floatingips': [{'router_id': u'1aa22e22-9754-48e3-9b3c-1cd1f93b7581', 'status': u'DOWN', 'description': u'', 'tags': [], 'updated_at': '2018-09-28T21:26:33Z', 'dns_domain': '', 'floating_network_id': u'40fff4bc-a326-419b-b1c1-a7aa26b2d41a', 'fixed_ip_address': u'11.121.1.5', 'floating_ip_address': u'172.24.4.2', 'revision_number': 1, 'port_id': u'c38c89d3-a98b-4ac5-88e6-7cc1bd23bf5f', 'id': u'211f15b3-80d4-47a6-af42-d58c4848ea6e', 'dns_name': '', 'created_at': '2018-09-28T21:26:17Z', 'tenant_id': u'dd070c0480774d87b83ff7bca9498051', 'fixed_ip_address_scope': None, 'project_id': u'dd070c0480774d87b83ff7bca9498051'}]}], u'localhost.localdomain', False) {} wrapper /usr/lib/python2.7/site-packages/oslo_log/helpers.py:66
2018-09-28 17:26:35.819 7275 DEBUG neutron.api.rpc.handlers.l3_rpc [req-f0b1ee30-0272-429b-b775-d1a29d42ebf5 - - - - -] Checking router: 1aa22e22-9754-48e3-9b3c-1cd1f93b7581 for host: localhost.localdomain _ensure_host_set_on_ports /usr/lib/python2.7/site-packages/neutron/api/rpc/handlers/l3_rpc.py:135
2018-09-28 17:26:35.942 7267 INFO neutron.wsgi [req-25362c11-492c-49d4-a867-232b4d636c15 6041b01c631d425d829cf96874ce50bf 671ea1986554476bbcaa620e00697d23 - default default] 10.0.20.25 "GET /v2.0/security-groups?id=aa12ad18-e97e-4093-a9ae-cda6e3f24961 HTTP/1.1" status: 200  len: 2118 time: 0.1498692
2018-09-28 17:26:36.192 7267 DEBUG novaclient.v2.client [-] REQ: curl -g -i -X POST http://10.0.20.25:8774/v2.1/671ea1986554476bbcaa620e00697d23/os-server-external-events -H "User-Agent: python-novaclient" -H "Content-Type: application/json" -H "Accept: application/json" -H "X-OpenStack-Nova-API-Version: 2.1" -H "X-Auth-Token: {SHA1}43934354c9ab933cd4a1e50a248568243660dac3" -d '{"events": [{"tag": "c38c89d3-a98b-4ac5-88e6-7cc1bd23bf5f", "name": "network-changed", "server_uuid": "f5b7a6ad-1305-4cb6-a75c-b2dbe159dd7b"}]}' _http_log_request /usr/lib/python2.7/site-packages/keystoneauth1/session.py:375
2018-09-28 17:26:36.234 7273 DEBUG neutron.api.rpc.handlers.l3_rpc [req-f0b02bd4-3f05-49d6-a065-221320b24723 - - - - -] New status for floating IP 211f15b3-80d4-47a6-af42-d58c4848ea6e: ACTIVE update_floatingip_statuses /usr/lib/python2.7/site-packages/neutron/api/rpc/handlers/l3_rpc.py:252
2018-09-28 17:26:37.012 7263 INFO neutron.wsgi [req-761d7def-93d0-48f6-ae4e-494ec4a61553 6041b01c631d425d829cf96874ce50bf 671ea1986554476bbcaa620e00697d23 - default default] 10.0.20.25 "GET /v2.0/ports?tenant_id=dd070c0480774d87b83ff7bca9498051&device_id=f5b7a6ad-1305-4cb6-a75c-b2dbe159dd7b HTTP/1.1" status: 200  len: 1124 time: 0.1657221
2018-09-28 17:26:37.303 7263 DEBUG neutron.pecan_wsgi.hooks.policy_enforcement [req-c310bd1e-294d-4b12-b62a-ed8473e5dad2 6041b01c631d425d829cf96874ce50bf 671ea1986554476bbcaa620e00697d23 - default default] Attributes excluded by policy engine: [u'vlan_transparent'] _exclude_attributes_by_policy /usr/lib/python2.7/site-packages/neutron/pecan_wsgi/hooks/policy_enforcement.py:256
2018-09-28 17:26:37.308 7263 INFO neutron.wsgi [req-c310bd1e-294d-4b12-b62a-ed8473e5dad2 6041b01c631d425d829cf96874ce50bf 671ea1986554476bbcaa620e00697d23 - default default] 10.0.20.25 "GET /v2.0/networks?id=2e1a62fc-7692-445e-9578-3f306b34a7ee HTTP/1.1" status: 200  len: 885 time: 0.2875180
2018-09-28 17:26:37.367 7263 INFO neutron.wsgi [req-1482cc14-1b05-44eb-913d-8b7a4f901c01 6041b01c631d425d829cf96874ce50bf 671ea1986554476bbcaa620e00697d23 - default default] 10.0.20.25 "GET /v2.0/floatingips?fixed_ip_address=11.121.1.5&port_id=c38c89d3-a98b-4ac5-88e6-7cc1bd23bf5f HTTP/1.1" status: 200  len: 750 time: 0.0493820
2018-09-28 17:26:37.522 7263 DEBUG neutron.pecan_wsgi.hooks.policy_enforcement [req-6548ea7c-769c-4a2a-aee5-453f95cfc288 6041b01c631d425d829cf96874ce50bf 671ea1986554476bbcaa620e00697d23 - default default] Attributes excluded by policy engine: [u'shared'] _exclude_attributes_by_policy /usr/lib/python2.7/site-packages/neutron/pecan_wsgi/hooks/policy_enforcement.py:256
2018-09-28 17:26:37.525 7263 INFO neutron.wsgi [req-6548ea7c-769c-4a2a-aee5-453f95cfc288 6041b01c631d425d829cf96874ce50bf 671ea1986554476bbcaa620e00697d23 - default default] 10.0.20.25 "GET /v2.0/subnets?id=de5381e5-945a-4f79-bfe7-593136c24b8f HTTP/1.1" status: 200  len: 847 time: 0.1481519
2018-09-28 17:26:37.567 7265 INFO neutron.wsgi [req-f8351175-a864-44bb-bac4-9245f9a6e6f2 6041b01c631d425d829cf96874ce50bf 671ea1986554476bbcaa620e00697d23 - default default] 10.0.20.25 "GET /v2.0/ports?device_id=f5b7a6ad-1305-4cb6-a75c-b2dbe159dd7b HTTP/1.1" status: 200  len: 1124 time: 0.7526929
2018-09-28 17:26:37.648 7263 INFO neutron.wsgi [req-ceef4d0f-5228-41a5-b788-cebe820e2fc6 6041b01c631d425d829cf96874ce50bf 671ea1986554476bbcaa620e00697d23 - default default] 10.0.20.25 "GET /v2.0/ports?network_id=2e1a62fc-7692-445e-9578-3f306b34a7ee&device_owner=network%3Adhcp HTTP/1.1" status: 200  len: 1128 time: 0.1144319
2018-09-28 17:26:37.737 7267 INFO neutron.wsgi [req-0d50d00b-e6fb-4d72-9dfa-ab7f44c8df20 6041b01c631d425d829cf96874ce50bf 671ea1986554476bbcaa620e00697d23 - default default] 10.0.20.25 "GET /v2.0/ports?tenant_id=dd070c0480774d87b83ff7bca9498051&device_id=f5b7a6ad-1305-4cb6-a75c-b2dbe159dd7b HTTP/1.1" status: 200  len: 1124 time: 1.5208840
2018-09-28 17:26:37.910 7267 DEBUG novaclient.v2.client [-] RESP: [200] Content-Length: 179 Content-Type: application/json Openstack-Api-Version: compute 2.1 X-Openstack-Nova-Api-Version: 2.1 Vary: OpenStack-API-Version, X-OpenStack-Nova-API-Version X-Openstack-Request-Id: req-f0fdec25-2434-43bb-8a04-5215d851f8a2 X-Compute-Request-Id: req-f0fdec25-2434-43bb-8a04-5215d851f8a2 Date: Fri, 28 Sep 2018 21:26:37 GMT Connection: keep-alive 
RESP BODY: {"events": [{"status": "completed", "tag": "c38c89d3-a98b-4ac5-88e6-7cc1bd23bf5f", "name": "network-changed", "server_uuid": "f5b7a6ad-1305-4cb6-a75c-b2dbe159dd7b", "code": 200}]}
 _http_log_response /usr/lib/python2.7/site-packages/keystoneauth1/session.py:423
2018-09-28 17:26:37.911 7267 DEBUG novaclient.v2.client [-] POST call to compute for http://10.0.20.25:8774/v2.1/671ea1986554476bbcaa620e00697d23/os-server-external-events used request id req-f0fdec25-2434-43bb-8a04-5215d851f8a2 request /usr/lib/python2.7/site-packages/keystoneauth1/session.py:727
2018-09-28 17:26:37.931 7267 INFO neutron.notifiers.nova [-] Nova event response: {u'status': u'completed', u'tag': u'c38c89d3-a98b-4ac5-88e6-7cc1bd23bf5f', u'name': u'network-changed', u'server_uuid': u'f5b7a6ad-1305-4cb6-a75c-b2dbe159dd7b', u'code': 200}
2018-09-28 17:26:37.940 7265 INFO neutron.wsgi [req-0295dc45-a800-47d1-876c-22257291c7f1 6041b01c631d425d829cf96874ce50bf 671ea1986554476bbcaa620e00697d23 - default default] 10.0.20.25 "GET /v2.0/security-groups?id=aa12ad18-e97e-4093-a9ae-cda6e3f24961 HTTP/1.1" status: 200  len: 2118 time: 0.3647249
2018-09-28 17:26:38.018 7263 INFO neutron.wsgi [req-0d8828d4-9e9b-471b-acfa-18c28face630 6041b01c631d425d829cf96874ce50bf 671ea1986554476bbcaa620e00697d23 - default default] 10.0.20.25 "GET /v2.0/ports?tenant_id=dd070c0480774d87b83ff7bca9498051&device_id=f5b7a6ad-1305-4cb6-a75c-b2dbe159dd7b HTTP/1.1" status: 200  len: 1124 time: 0.0886180
2018-09-28 17:26:38.130 7267 DEBUG neutron.pecan_wsgi.hooks.policy_enforcement [req-3e6c1490-0951-455c-9228-66e1759e2d29 6041b01c631d425d829cf96874ce50bf 671ea1986554476bbcaa620e00697d23 - default default] Attributes excluded by policy engine: [u'vlan_transparent'] _exclude_attributes_by_policy /usr/lib/python2.7/site-packages/neutron/pecan_wsgi/hooks/policy_enforcement.py:256
2018-09-28 17:26:38.132 7267 INFO neutron.wsgi [req-3e6c1490-0951-455c-9228-66e1759e2d29 6041b01c631d425d829cf96874ce50bf 671ea1986554476bbcaa620e00697d23 - default default] 10.0.20.25 "GET /v2.0/networks?id=2e1a62fc-7692-445e-9578-3f306b34a7ee HTTP/1.1" status: 200  len: 885 time: 0.2632718
2018-09-28 17:26:38.180 7267 INFO neutron.wsgi [req-605a2473-b252-44d0-bf56-c1539a1d2de7 6041b01c631d425d829cf96874ce50bf 671ea1986554476bbcaa620e00697d23 - default default] 10.0.20.25 "GET /v2.0/floatingips?fixed_ip_address=11.121.1.5&port_id=c38c89d3-a98b-4ac5-88e6-7cc1bd23bf5f HTTP/1.1" status: 200  len: 750 time: 0.0400579
2018-09-28 17:26:38.272 7263 DEBUG neutron.pecan_wsgi.hooks.policy_enforcement [req-300fa606-dd1d-4df7-979a-db710a8da038 6041b01c631d425d829cf96874ce50bf 671ea1986554476bbcaa620e00697d23 - default default] Attributes excluded by policy engine: [u'vlan_transparent'] _exclude_attributes_by_policy /usr/lib/python2.7/site-packages/neutron/pecan_wsgi/hooks/policy_enforcement.py:256
2018-09-28 17:26:38.275 7263 INFO neutron.wsgi [req-300fa606-dd1d-4df7-979a-db710a8da038 6041b01c631d425d829cf96874ce50bf 671ea1986554476bbcaa620e00697d23 - default default] 10.0.20.25 "GET /v2.0/networks?id=2e1a62fc-7692-445e-9578-3f306b34a7ee HTTP/1.1" status: 200  len: 885 time: 0.2489202
2018-09-28 17:26:38.316 7267 DEBUG neutron.pecan_wsgi.hooks.policy_enforcement [req-3af038e0-a772-4804-ab6a-1797e26be23d 6041b01c631d425d829cf96874ce50bf 671ea1986554476bbcaa620e00697d23 - default default] Attributes excluded by policy engine: [u'shared'] _exclude_attributes_by_policy /usr/lib/python2.7/site-packages/neutron/pecan_wsgi/hooks/policy_enforcement.py:256
2018-09-28 17:26:38.320 7267 INFO neutron.wsgi [req-3af038e0-a772-4804-ab6a-1797e26be23d 6041b01c631d425d829cf96874ce50bf 671ea1986554476bbcaa620e00697d23 - default default] 10.0.20.25 "GET /v2.0/subnets?id=de5381e5-945a-4f79-bfe7-593136c24b8f HTTP/1.1" status: 200  len: 847 time: 0.1308510
2018-09-28 17:26:38.320 7263 INFO neutron.wsgi [req-c34efa17-9999-4d4b-a4b1-3aaeffbcfeba 6041b01c631d425d829cf96874ce50bf 671ea1986554476bbcaa620e00697d23 - default default] 10.0.20.25 "GET /v2.0/floatingips?fixed_ip_address=11.121.1.5&port_id=c38c89d3-a98b-4ac5-88e6-7cc1bd23bf5f HTTP/1.1" status: 200  len: 750 time: 0.0394089
2018-09-28 17:26:38.470 7267 INFO neutron.wsgi [req-0400ff63-1738-42aa-be58-bec7463676e0 6041b01c631d425d829cf96874ce50bf 671ea1986554476bbcaa620e00697d23 - default default] 10.0.20.25 "GET /v2.0/ports?network_id=2e1a62fc-7692-445e-9578-3f306b34a7ee&device_owner=network%3Adhcp HTTP/1.1" status: 200  len: 1128 time: 0.1405571
2018-09-28 17:26:38.492 7263 DEBUG neutron.pecan_wsgi.hooks.policy_enforcement [req-82e4bd53-d3a6-4fe5-a22b-b10ea4a7b14c 6041b01c631d425d829cf96874ce50bf 671ea1986554476bbcaa620e00697d23 - default default] Attributes excluded by policy engine: [u'shared'] _exclude_attributes_by_policy /usr/lib/python2.7/site-packages/neutron/pecan_wsgi/hooks/policy_enforcement.py:256
2018-09-28 17:26:38.496 7263 INFO neutron.wsgi [req-82e4bd53-d3a6-4fe5-a22b-b10ea4a7b14c 6041b01c631d425d829cf96874ce50bf 671ea1986554476bbcaa620e00697d23 - default default] 10.0.20.25 "GET /v2.0/subnets?id=de5381e5-945a-4f79-bfe7-593136c24b8f HTTP/1.1" status: 200  len: 847 time: 0.1656928
2018-09-28 17:26:38.621 7263 INFO neutron.wsgi [req-7cc0f9b1-50fd-4a00-a50c-ed9bde73ee29 6041b01c631d425d829cf96874ce50bf 671ea1986554476bbcaa620e00697d23 - default default] 10.0.20.25 "GET /v2.0/ports?network_id=2e1a62fc-7692-445e-9578-3f306b34a7ee&device_owner=network%3Adhcp HTTP/1.1" status: 200  len: 1128 time: 0.1186011
2018-09-28 17:26:39.072 7261 INFO neutron.wsgi [req-fa80d5a0-d376-4d98-b10b-49630eb8c6eb 6041b01c631d425d829cf96874ce50bf 671ea1986554476bbcaa620e00697d23 - default default] 10.0.20.25 "GET /v2.0/ports?device_id=f5b7a6ad-1305-4cb6-a75c-b2dbe159dd7b HTTP/1.1" status: 200  len: 1124 time: 0.6376739
2018-09-28 17:26:39.244 7261 INFO neutron.wsgi [req-9c4be497-d872-4ec8-a30d-b4a568b5e4f1 6041b01c631d425d829cf96874ce50bf 671ea1986554476bbcaa620e00697d23 - default default] 10.0.20.25 "GET /v2.0/security-groups?id=aa12ad18-e97e-4093-a9ae-cda6e3f24961 HTTP/1.1" status: 200  len: 2118 time: 0.1622560
2018-09-28 17:26:39.932 7267 DEBUG oslo_concurrency.lockutils [-] Lock "notifier-ec6e2bcb-ce5c-41a1-b67a-125a76a9ff70" released by "neutron.notifiers.batch_notifier.synced_send" :: held 4.967s inner /usr/lib/python2.7/site-packages/oslo_concurrency/lockutils.py:282
2018-09-28 17:26:42.185 7271 DEBUG neutron_lib.callbacks.manager [req-23f94b65-01b6-4272-840a-eda79815e13a - - - - -] Notify callbacks ['neutron.services.segments.db._update_segment_host_mapping_for_agent-8780962388033'] for agent, after_update _notify_loop /usr/lib/python2.7/site-packages/neutron_lib/callbacks/manager.py:167
2018-09-28 17:26:44.323 7264 INFO neutron.wsgi [req-8efccc7c-b705-40f3-90d4-5f44cd081e06 6041b01c631d425d829cf96874ce50bf 671ea1986554476bbcaa620e00697d23 - default default] 10.0.20.25 "GET /v2.0/ports?device_id=f5b7a6ad-1305-4cb6-a75c-b2dbe159dd7b HTTP/1.1" status: 200  len: 1124 time: 0.7651222
2018-09-28 17:26:44.449 7264 INFO neutron.wsgi [req-7446073a-12bb-4c24-a722-2fb978157d37 6041b01c631d425d829cf96874ce50bf 671ea1986554476bbcaa620e00697d23 - default default] 10.0.20.25 "GET /v2.0/security-groups?id=aa12ad18-e97e-4093-a9ae-cda6e3f24961 HTTP/1.1" status: 200  len: 2118 time: 0.1186631
2018-09-28 17:26:45.231 7269 DEBUG neutron_lib.callbacks.manager [req-e6f62141-1e02-45d1-9fe9-3ff556353727 - - - - -] Notify callbacks ['neutron.services.segments.db._update_segment_host_mapping_for_agent-8780962388033'] for agent, after_update _notify_loop /usr/lib/python2.7/site-packages/neutron_lib/callbacks/manager.py:167
2018-09-28 17:26:45.483 7265 INFO neutron.wsgi [req-4c1d8471-137e-401c-a39a-fdf2d112a587 6041b01c631d425d829cf96874ce50bf 671ea1986554476bbcaa620e00697d23 - default default] 10.0.20.25 "GET /v2.0/ports?device_id=f5b7a6ad-1305-4cb6-a75c-b2dbe159dd7b HTTP/1.1" status: 200  len: 1124 time: 0.5889800
2018-09-28 17:26:45.588 7265 INFO neutron.wsgi [req-a6af8297-8c63-4ac4-a2b5-f009082d6231 6041b01c631d425d829cf96874ce50bf 671ea1986554476bbcaa620e00697d23 - default default] 10.0.20.25 "GET /v2.0/security-groups?id=aa12ad18-e97e-4093-a9ae-cda6e3f24961 HTTP/1.1" status: 200  len: 2118 time: 0.0984919
2018-09-28 17:26:50.554 7263 DEBUG neutron.quota.resource [req-96ff1bab-fe1e-445f-a047-0f63feed086e e3713842bb9846eb962f52270defe003 dd070c0480774d87b83ff7bca9498051 - fe0ad55e1b934a669cd5a0117e45fade fe0ad55e1b934a669cd5a0117e45fade] Synchronizing usage tracker for tenant:dd070c0480774d87b83ff7bca9498051 on resource:port resync /usr/lib/python2.7/site-packages/neutron/quota/resource.py:245
2018-09-28 17:26:50.615 7263 DEBUG neutron.quota.resource [req-96ff1bab-fe1e-445f-a047-0f63feed086e e3713842bb9846eb962f52270defe003 dd070c0480774d87b83ff7bca9498051 - fe0ad55e1b934a669cd5a0117e45fade fe0ad55e1b934a669cd5a0117e45fade] Unset dirty status for tenant:dd070c0480774d87b83ff7bca9498051 on resource:port _resync /usr/lib/python2.7/site-packages/neutron/quota/resource.py:237
2018-09-28 17:26:50.618 7263 INFO neutron.wsgi [req-96ff1bab-fe1e-445f-a047-0f63feed086e e3713842bb9846eb962f52270defe003 dd070c0480774d87b83ff7bca9498051 - fe0ad55e1b934a669cd5a0117e45fade fe0ad55e1b934a669cd5a0117e45fade] 10.0.20.25 "GET /v2.0/ports?device_id=f5b7a6ad-1305-4cb6-a75c-b2dbe159dd7b HTTP/1.1" status: 200  len: 1124 time: 1.0072939
2018-09-28 17:26:50.761 7263 INFO neutron.wsgi [req-1abee3a9-ca25-4fe0-8ac1-6c5fd15b1dad e3713842bb9846eb962f52270defe003 dd070c0480774d87b83ff7bca9498051 - fe0ad55e1b934a669cd5a0117e45fade fe0ad55e1b934a669cd5a0117e45fade] 10.0.20.25 "GET /v2.0/security-groups?id=aa12ad18-e97e-4093-a9ae-cda6e3f24961 HTTP/1.1" status: 200  len: 2118 time: 0.1344850
2018-09-28 17:27:00.180 7272 DEBUG neutron_lib.callbacks.manager [req-fb151d20-3595-4b3c-a61d-ef0d60b50865 - - - - -] Notify callbacks ['neutron.services.segments.db._update_segment_host_mapping_for_agent-8780962388033'] for agent, after_update _notify_loop /usr/lib/python2.7/site-packages/neutron_lib/callbacks/manager.py:167
2018-09-28 17:27:00.694 7270 DEBUG neutron_lib.callbacks.manager [req-09f83e21-9cec-47b1-b961-6bd032c36fa5 - - - - -] Notify callbacks ['neutron.services.segments.db._update_segment_host_mapping_for_agent-8780962388033'] for agent, after_update _notify_loop /usr/lib/python2.7/site-packages/neutron_lib/callbacks/manager.py:167
2018-09-28 17:27:05.144 7275 DEBUG neutron_lib.callbacks.manager [req-d3473ee5-2030-4aa4-afbf-a36226f4aef3 - - - - -] Notify callbacks ['neutron.services.segments.db._update_segment_host_mapping_for_agent-8780962388033'] for agent, after_update _notify_loop /usr/lib/python2.7/site-packages/neutron_lib/callbacks/manager.py:167
2018-09-28 17:27:08.920 7263 INFO neutron.wsgi [req-3d6d8050-3959-4fb0-a266-c535b9704e81 e3713842bb9846eb962f52270defe003 dd070c0480774d87b83ff7bca9498051 - fe0ad55e1b934a669cd5a0117e45fade fe0ad55e1b934a669cd5a0117e45fade] 10.0.20.25 "GET /v2.0/ports?device_id=f5b7a6ad-1305-4cb6-a75c-b2dbe159dd7b HTTP/1.1" status: 200  len: 1124 time: 0.3919382
2018-09-28 17:27:09.016 7263 INFO neutron.wsgi [req-a488273f-24ea-472a-b8d4-d8c620899611 e3713842bb9846eb962f52270defe003 dd070c0480774d87b83ff7bca9498051 - fe0ad55e1b934a669cd5a0117e45fade fe0ad55e1b934a669cd5a0117e45fade] 10.0.20.25 "GET /v2.0/security-groups?id=aa12ad18-e97e-4093-a9ae-cda6e3f24961 HTTP/1.1" status: 200  len: 2118 time: 0.0899708
2018-09-28 17:27:10.923 7278 DEBUG neutron.db.agents_db [req-d57c5a6a-7df4-4b9a-bb4e-ae7480439903 - - - - -] Agent healthcheck: found 5 active agents agent_health_check /usr/lib/python2.7/site-packages/neutron/db/agents_db.py:281
2018-09-28 17:27:12.181 7273 DEBUG neutron_lib.callbacks.manager [req-6b2e0bf3-6ff3-4586-90a9-05b2c7560698 - - - - -] Notify callbacks ['neutron.services.segments.db._update_segment_host_mapping_for_agent-8780962388033'] for agent, after_update _notify_loop /usr/lib/python2.7/site-packages/neutron_lib/callbacks/manager.py:167
2018-09-28 17:27:15.251 7277 DEBUG neutron_lib.callbacks.manager [req-e6f62141-1e02-45d1-9fe9-3ff556353727 - - - - -] Notify callbacks ['neutron.services.segments.db._update_segment_host_mapping_for_agent-8780962388033'] for agent, after_update _notify_loop /usr/lib/python2.7/site-packages/neutron_lib/callbacks/manager.py:167
2018-09-28 17:27:20.837 7263 INFO neutron.wsgi [req-a70f1323-45f8-4c47-90df-d163c5c998c6 e3713842bb9846eb962f52270defe003 dd070c0480774d87b83ff7bca9498051 - fe0ad55e1b934a669cd5a0117e45fade fe0ad55e1b934a669cd5a0117e45fade] 10.0.20.25 "GET /v2.0/ports?device_id=f5b7a6ad-1305-4cb6-a75c-b2dbe159dd7b HTTP/1.1" status: 200  len: 1124 time: 0.9529901
2018-09-28 17:27:20.944 7263 INFO neutron.wsgi [req-1dd75c5a-e6e5-4016-86fa-d3989942a095 e3713842bb9846eb962f52270defe003 dd070c0480774d87b83ff7bca9498051 - fe0ad55e1b934a669cd5a0117e45fade fe0ad55e1b934a669cd5a0117e45fade] 10.0.20.25 "GET /v2.0/security-groups?id=aa12ad18-e97e-4093-a9ae-cda6e3f24961 HTTP/1.1" status: 200  len: 2118 time: 0.0977840
2018-09-28 17:27:30.169 7276 DEBUG neutron_lib.callbacks.manager [req-fb151d20-3595-4b3c-a61d-ef0d60b50865 - - - - -] Notify callbacks ['neutron.services.segments.db._update_segment_host_mapping_for_agent-8780962388033'] for agent, after_update _notify_loop /usr/lib/python2.7/site-packages/neutron_lib/callbacks/manager.py:167
2018-09-28 17:27:30.674 7274 DEBUG neutron_lib.callbacks.manager [req-872dd946-3ea1-4402-aaee-fb350493b971 - - - - -] Notify callbacks ['neutron.services.segments.db._update_segment_host_mapping_for_agent-8780962388033'] for agent, after_update _notify_loop /usr/lib/python2.7/site-packages/neutron_lib/callbacks/manager.py:167
2018-09-28 17:27:34.089 7264 INFO neutron.wsgi [req-a2a91f68-e2a4-49e9-a896-9abe8db308ae bae51265fb0f4505a811a9fab7e142f1 671ea1986554476bbcaa620e00697d23 - default default] 10.0.20.25 "GET /v2.0/ports?device_id=f5b7a6ad-1305-4cb6-a75c-b2dbe159dd7b HTTP/1.1" status: 200  len: 1124 time: 1.0816529
2018-09-28 17:27:34.245 7264 INFO neutron.wsgi [req-b9fbca45-c45b-48fc-ad11-b78606baa6d6 bae51265fb0f4505a811a9fab7e142f1 671ea1986554476bbcaa620e00697d23 - default default] 10.0.20.25 "GET /v2.0/security-groups?id=aa12ad18-e97e-4093-a9ae-cda6e3f24961 HTTP/1.1" status: 200  len: 2118 time: 0.1480219
2018-09-28 17:27:35.133 7271 DEBUG neutron_lib.callbacks.manager [req-d3473ee5-2030-4aa4-afbf-a36226f4aef3 - - - - -] Notify callbacks ['neutron.services.segments.db._update_segment_host_mapping_for_agent-8780962388033'] for agent, after_update _notify_loop /usr/lib/python2.7/site-packages/neutron_lib/callbacks/manager.py:167
2018-09-28 17:27:35.153 7263 INFO neutron.wsgi [req-0ac735ae-6e9a-46ba-a9e2-6f78e17525a0 e3713842bb9846eb962f52270defe003 dd070c0480774d87b83ff7bca9498051 - fe0ad55e1b934a669cd5a0117e45fade fe0ad55e1b934a669cd5a0117e45fade] 10.0.20.25 "GET /v2.0/ports?device_id=f5b7a6ad-1305-4cb6-a75c-b2dbe159dd7b HTTP/1.1" status: 200  len: 1124 time: 0.6038692
2018-09-28 17:27:35.271 7263 INFO neutron.wsgi [req-84265304-d123-44fa-bd8c-0b766cf1eb7b e3713842bb9846eb962f52270defe003 dd070c0480774d87b83ff7bca9498051 - fe0ad55e1b934a669cd5a0117e45fade fe0ad55e1b934a669cd5a0117e45fade] 10.0.20.25 "GET /v2.0/security-groups?id=aa12ad18-e97e-4093-a9ae-cda6e3f24961 HTTP/1.1" status: 200  len: 2118 time: 0.1110051
2018-09-28 17:27:38.998 7263 INFO neutron.wsgi [req-ceedd556-53c0-4067-a65d-a89bbddc659d 6041b01c631d425d829cf96874ce50bf 671ea1986554476bbcaa620e00697d23 - default default] 10.0.20.25 "GET /v2.0/ports?tenant_id=dd070c0480774d87b83ff7bca9498051&device_id=f5b7a6ad-1305-4cb6-a75c-b2dbe159dd7b HTTP/1.1" status: 200  len: 1124 time: 0.1690021
2018-09-28 17:27:39.331 7263 DEBUG neutron.pecan_wsgi.hooks.policy_enforcement [req-0acd6efd-182b-4f92-a9a4-f9a8c90996c0 6041b01c631d425d829cf96874ce50bf 671ea1986554476bbcaa620e00697d23 - default default] Attributes excluded by policy engine: [u'vlan_transparent'] _exclude_attributes_by_policy /usr/lib/python2.7/site-packages/neutron/pecan_wsgi/hooks/policy_enforcement.py:256
2018-09-28 17:27:39.335 7263 INFO neutron.wsgi [req-0acd6efd-182b-4f92-a9a4-f9a8c90996c0 6041b01c631d425d829cf96874ce50bf 671ea1986554476bbcaa620e00697d23 - default default] 10.0.20.25 "GET /v2.0/networks?id=2e1a62fc-7692-445e-9578-3f306b34a7ee HTTP/1.1" status: 200  len: 885 time: 0.3257561
2018-09-28 17:27:39.408 7263 INFO neutron.wsgi [req-c24804f0-53de-429f-93d9-8bae69fcf567 6041b01c631d425d829cf96874ce50bf 671ea1986554476bbcaa620e00697d23 - default default] 10.0.20.25 "GET /v2.0/floatingips?fixed_ip_address=11.121.1.5&port_id=c38c89d3-a98b-4ac5-88e6-7cc1bd23bf5f HTTP/1.1" status: 200  len: 750 time: 0.0630510
2018-09-28 17:27:39.928 7263 DEBUG neutron.pecan_wsgi.hooks.policy_enforcement [req-7967aeb7-4bfe-4748-98a1-bdf1ab0c967f 6041b01c631d425d829cf96874ce50bf 671ea1986554476bbcaa620e00697d23 - default default] Attributes excluded by policy engine: [u'shared'] _exclude_attributes_by_policy /usr/lib/python2.7/site-packages/neutron/pecan_wsgi/hooks/policy_enforcement.py:256
2018-09-28 17:27:39.931 7263 INFO neutron.wsgi [req-7967aeb7-4bfe-4748-98a1-bdf1ab0c967f 6041b01c631d425d829cf96874ce50bf 671ea1986554476bbcaa620e00697d23 - default default] 10.0.20.25 "GET /v2.0/subnets?id=de5381e5-945a-4f79-bfe7-593136c24b8f HTTP/1.1" status: 200  len: 847 time: 0.5145202
2018-09-28 17:27:40.069 7263 INFO neutron.wsgi [req-294728e6-66cb-4669-a52d-c6e779bd5bfe 6041b01c631d425d829cf96874ce50bf 671ea1986554476bbcaa620e00697d23 - default default] 10.0.20.25 "GET /v2.0/ports?network_id=2e1a62fc-7692-445e-9578-3f306b34a7ee&device_owner=network%3Adhcp HTTP/1.1" status: 200  len: 1128 time: 0.1326718
2018-09-28 17:27:42.190 7269 DEBUG neutron_lib.callbacks.manager [req-8bd7bfe0-e563-4733-b1f0-5c3018a16fd0 - - - - -] Notify callbacks ['neutron.services.segments.db._update_segment_host_mapping_for_agent-8780962388033'] for agent, after_update _notify_loop /usr/lib/python2.7/site-packages/neutron_lib/callbacks/manager.py:167
2018-09-28 17:27:42.724 7264 INFO neutron.wsgi [req-5e75bf8e-d832-4555-9907-6a5429825382 bae51265fb0f4505a811a9fab7e142f1 671ea1986554476bbcaa620e00697d23 - default default] 10.0.20.25 "GET /v2.0/ports?device_id=f5b7a6ad-1305-4cb6-a75c-b2dbe159dd7b HTTP/1.1" status: 200  len: 1124 time: 0.6776659
2018-09-28 17:27:42.842 7264 INFO neutron.wsgi [req-b4851f65-bdb4-4335-bfc4-8405b3d35569 bae51265fb0f4505a811a9fab7e142f1 671ea1986554476bbcaa620e00697d23 - default default] 10.0.20.25 "GET /v2.0/security-groups?id=aa12ad18-e97e-4093-a9ae-cda6e3f24961 HTTP/1.1" status: 200  len: 2118 time: 0.1119411
2018-09-28 17:27:45.098 7263 INFO neutron.wsgi [req-2bf0f4fa-710e-47fd-9aa8-e5501de46cc9 e3713842bb9846eb962f52270defe003 dd070c0480774d87b83ff7bca9498051 - fe0ad55e1b934a669cd5a0117e45fade fe0ad55e1b934a669cd5a0117e45fade] 10.0.20.25 "GET /v2.0/ports?device_id=f5b7a6ad-1305-4cb6-a75c-b2dbe159dd7b HTTP/1.1" status: 200  len: 1124 time: 0.4729691
2018-09-28 17:27:45.189 7263 INFO neutron.wsgi [req-2db9e92e-e47c-49f8-85d1-a5aab8870e7c e3713842bb9846eb962f52270defe003 dd070c0480774d87b83ff7bca9498051 - fe0ad55e1b934a669cd5a0117e45fade fe0ad55e1b934a669cd5a0117e45fade] 10.0.20.25 "GET /v2.0/security-groups?id=aa12ad18-e97e-4093-a9ae-cda6e3f24961 HTTP/1.1" status: 200  len: 2118 time: 0.0854828
2018-09-28 17:27:45.247 7272 DEBUG neutron_lib.callbacks.manager [req-e6f62141-1e02-45d1-9fe9-3ff556353727 - - - - -] Notify callbacks ['neutron.services.segments.db._update_segment_host_mapping_for_agent-8780962388033'] for agent, after_update _notify_loop /usr/lib/python2.7/site-packages/neutron_lib/callbacks/manager.py:167
2018-09-28 17:27:47.917 7278 DEBUG neutron.db.agents_db [req-d57c5a6a-7df4-4b9a-bb4e-ae7480439903 - - - - -] Agent healthcheck: found 5 active agents agent_health_check /usr/lib/python2.7/site-packages/neutron/db/agents_db.py:281
2018-09-28 17:27:57.218 7263 INFO neutron.wsgi [req-c5c8afe1-2ec4-45e7-be8f-3d001fd2f24b e3713842bb9846eb962f52270defe003 dd070c0480774d87b83ff7bca9498051 - fe0ad55e1b934a669cd5a0117e45fade fe0ad55e1b934a669cd5a0117e45fade] 10.0.20.25 "GET /v2.0/ports?device_id=f5b7a6ad-1305-4cb6-a75c-b2dbe159dd7b HTTP/1.1" status: 200  len: 1124 time: 0.8270230
2018-09-28 17:27:57.357 7263 INFO neutron.wsgi [req-06ff1fc9-a729-47b9-b02b-89d92f34429e e3713842bb9846eb962f52270defe003 dd070c0480774d87b83ff7bca9498051 - fe0ad55e1b934a669cd5a0117e45fade fe0ad55e1b934a669cd5a0117e45fade] 10.0.20.25 "GET /v2.0/security-groups?id=aa12ad18-e97e-4093-a9ae-cda6e3f24961 HTTP/1.1" status: 200  len: 2118 time: 0.1318440
2018-09-28 17:28:00.180 7270 DEBUG neutron_lib.callbacks.manager [req-fb151d20-3595-4b3c-a61d-ef0d60b50865 - - - - -] Notify callbacks ['neutron.services.segments.db._update_segment_host_mapping_for_agent-8780962388033'] for agent, after_update _notify_loop /usr/lib/python2.7/site-packages/neutron_lib/callbacks/manager.py:167
2018-09-28 17:28:00.660 7275 DEBUG neutron_lib.callbacks.manager [req-31ce1dfb-5023-4c97-9290-97f6794a5218 - - - - -] Notify callbacks ['neutron.services.segments.db._update_segment_host_mapping_for_agent-8780962388033'] for agent, after_update _notify_loop /usr/lib/python2.7/site-packages/neutron_lib/callbacks/manager.py:167
2018-09-28 17:28:05.143 7273 DEBUG neutron_lib.callbacks.manager [req-d3473ee5-2030-4aa4-afbf-a36226f4aef3 - - - - -] Notify callbacks ['neutron.services.segments.db._update_segment_host_mapping_for_agent-8780962388033'] for agent, after_update _notify_loop /usr/lib/python2.7/site-packages/neutron_lib/callbacks/manager.py:167
2018-09-28 17:28:10.407 7263 INFO neutron.wsgi [req-8b98a3d8-b5a0-4424-949e-0612c0fedbd0 e3713842bb9846eb962f52270defe003 dd070c0480774d87b83ff7bca9498051 - fe0ad55e1b934a669cd5a0117e45fade fe0ad55e1b934a669cd5a0117e45fade] 10.0.20.25 "GET /v2.0/ports?device_id=f5b7a6ad-1305-4cb6-a75c-b2dbe159dd7b HTTP/1.1" status: 200  len: 1124 time: 0.7242382
2018-09-28 17:28:10.568 7263 INFO neutron.wsgi [req-24fdea2a-7137-465c-aa13-e0b35b3e6035 e3713842bb9846eb962f52270defe003 dd070c0480774d87b83ff7bca9498051 - fe0ad55e1b934a669cd5a0117e45fade fe0ad55e1b934a669cd5a0117e45fade] 10.0.20.25 "GET /v2.0/security-groups?id=aa12ad18-e97e-4093-a9ae-cda6e3f24961 HTTP/1.1" status: 200  len: 2118 time: 0.1508181
2018-09-28 17:28:12.166 7277 DEBUG neutron_lib.callbacks.manager [req-8182184f-df26-4821-badf-94022841c093 - - - - -] Notify callbacks ['neutron.services.segments.db._update_segment_host_mapping_for_agent-8780962388033'] for agent, after_update _notify_loop /usr/lib/python2.7/site-packages/neutron_lib/callbacks/manager.py:167
2018-09-28 17:28:15.271 7276 DEBUG neutron_lib.callbacks.manager [req-e6f62141-1e02-45d1-9fe9-3ff556353727 - - - - -] Notify callbacks ['neutron.services.segments.db._update_segment_host_mapping_for_agent-8780962388033'] for agent, after_update _notify_loop /usr/lib/python2.7/site-packages/neutron_lib/callbacks/manager.py:167
2018-09-28 17:28:24.339 7264 INFO neutron.wsgi [req-0d98d3c2-2482-4c56-bfe7-e4292a07623c e3713842bb9846eb962f52270defe003 dd070c0480774d87b83ff7bca9498051 - fe0ad55e1b934a669cd5a0117e45fade fe0ad55e1b934a669cd5a0117e45fade] 10.0.20.25 "GET /v2.0/ports?device_id=f5b7a6ad-1305-4cb6-a75c-b2dbe159dd7b HTTP/1.1" status: 200  len: 1124 time: 0.7093930
2018-09-28 17:28:24.481 7264 INFO neutron.wsgi [req-77f4a573-1322-4b79-84f8-521ae0cf7c8f e3713842bb9846eb962f52270defe003 dd070c0480774d87b83ff7bca9498051 - fe0ad55e1b934a669cd5a0117e45fade fe0ad55e1b934a669cd5a0117e45fade] 10.0.20.25 "GET /v2.0/security-groups?id=aa12ad18-e97e-4093-a9ae-cda6e3f24961 HTTP/1.1" status: 200  len: 2118 time: 0.1341541
2018-09-28 17:28:24.932 7278 DEBUG neutron.db.agents_db [req-d57c5a6a-7df4-4b9a-bb4e-ae7480439903 - - - - -] Agent healthcheck: found 5 active agents agent_health_check /usr/lib/python2.7/site-packages/neutron/db/agents_db.py:281
2018-09-28 17:28:30.174 7274 DEBUG neutron_lib.callbacks.manager [req-fb151d20-3595-4b3c-a61d-ef0d60b50865 - - - - -] Notify callbacks ['neutron.services.segments.db._update_segment_host_mapping_for_agent-8780962388033'] for agent, after_update _notify_loop /usr/lib/python2.7/site-packages/neutron_lib/callbacks/manager.py:167
2018-09-28 17:28:30.676 7271 DEBUG neutron_lib.callbacks.manager [req-ea3e5fe2-8a91-42b1-9ca1-9985b13144a4 - - - - -] Notify callbacks ['neutron.services.segments.db._update_segment_host_mapping_for_agent-8780962388033'] for agent, after_update _notify_loop /usr/lib/python2.7/site-packages/neutron_lib/callbacks/manager.py:167
2018-09-28 17:28:35.141 7269 DEBUG neutron_lib.callbacks.manager [req-d3473ee5-2030-4aa4-afbf-a36226f4aef3 - - - - -] Notify callbacks ['neutron.services.segments.db._update_segment_host_mapping_for_agent-8780962388033'] for agent, after_update _notify_loop /usr/lib/python2.7/site-packages/neutron_lib/callbacks/manager.py:167
2018-09-28 17:28:39.951 7263 INFO neutron.wsgi [req-68b3699c-7038-4a28-bdb1-af16347c291a 6041b01c631d425d829cf96874ce50bf 671ea1986554476bbcaa620e00697d23 - default default] 10.0.20.25 "GET /v2.0/ports?tenant_id=dd070c0480774d87b83ff7bca9498051&device_id=f5b7a6ad-1305-4cb6-a75c-b2dbe159dd7b HTTP/1.1" status: 200  len: 1124 time: 0.0997481
