2018-09-29 13:11:29.245 2154 DEBUG neutron_lib.callbacks.manager [req-e72cca53-c74b-4e50-b549-e64b7ec44cf1 e386cb43209f41fcb7173020f656e97e 63d6ee59c98741e4acf874cc7755dc45 - default default] Notify callbacks ['neutron.services.l3_router.l3_router_plugin.L3RouterPlugin._cleanup_ha_network-574910'] for router, after_delete _notify_loop /usr/lib/python2.7/site-packages/neutron_lib/callbacks/manager.py:167
2018-09-29 13:11:29.246 2154 DEBUG neutron.api.rpc.agentnotifiers.l3_rpc_agent_api [req-e72cca53-c74b-4e50-b549-e64b7ec44cf1 e386cb43209f41fcb7173020f656e97e 63d6ee59c98741e4acf874cc7755dc45 - default default] Fanout notify agent at l3_agent the message router_deleted on router 59fba414-e577-4d05-8662-2719ba84801e _notification_fanout /usr/lib/python2.7/site-packages/neutron/api/rpc/agentnotifiers/l3_rpc_agent_api.py:118
2018-09-29 13:11:29.280 2154 DEBUG neutron.quota.resource [req-e72cca53-c74b-4e50-b549-e64b7ec44cf1 e386cb43209f41fcb7173020f656e97e 63d6ee59c98741e4acf874cc7755dc45 - default default] Persisted dirty status for tenant:f69b570366124e5cb85f5ae5791ea5af on resource:router mark_dirty /usr/lib/python2.7/site-packages/neutron/quota/resource.py:207
2018-09-29 13:11:29.301 2154 DEBUG neutron_lib.callbacks.manager [req-e72cca53-c74b-4e50-b549-e64b7ec44cf1 e386cb43209f41fcb7173020f656e97e 63d6ee59c98741e4acf874cc7755dc45 - default default] Notify callbacks [] for router, before_response _notify_loop /usr/lib/python2.7/site-packages/neutron_lib/callbacks/manager.py:167
2018-09-29 13:11:29.303 2154 INFO neutron.wsgi [req-e72cca53-c74b-4e50-b549-e64b7ec44cf1 e386cb43209f41fcb7173020f656e97e 63d6ee59c98741e4acf874cc7755dc45 - default default] 10.0.20.36 "DELETE /v2.0/routers/59fba414-e577-4d05-8662-2719ba84801e HTTP/1.1" status: 204  len: 173 time: 0.5449779
2018-09-29 13:11:33.577 2167 DEBUG neutron_lib.callbacks.manager [req-79a7afbe-9cc7-44d9-9524-6af1222c3458 - - - - -] Notify callbacks ['neutron.services.segments.db._update_segment_host_mapping_for_agent-8790949549226'] for agent, after_update _notify_loop /usr/lib/python2.7/site-packages/neutron_lib/callbacks/manager.py:167
2018-09-29 13:11:35.507 2154 DEBUG neutron.wsgi [-] (2154) accepted ('10.0.20.36', 48142) server /usr/lib/python2.7/site-packages/eventlet/wsgi.py:883
2018-09-29 13:11:35.510 2154 INFO neutron.wsgi [-] 10.0.20.36 "GET / HTTP/1.1" status: 200  len: 252 time: 0.0020380
2018-09-29 13:11:35.984 2154 INFO neutron.pecan_wsgi.hooks.translation [req-588cff72-96bd-4012-b201-8c7dbc13b19d e386cb43209f41fcb7173020f656e97e 63d6ee59c98741e4acf874cc7755dc45 - default default] GET failed (client error): The resource could not be found.
2018-09-29 13:11:35.987 2154 INFO neutron.wsgi [req-588cff72-96bd-4012-b201-8c7dbc13b19d e386cb43209f41fcb7173020f656e97e 63d6ee59c98741e4acf874cc7755dc45 - default default] 10.0.20.36 "GET /v2.0/networks/tempest-private-1538240657 HTTP/1.1" status: 404  len: 334 time: 0.4695990
2018-09-29 13:11:36.220 2154 DEBUG neutron.pecan_wsgi.hooks.policy_enforcement [req-b06d6e5f-8b6c-4a1c-a679-d6bd9cc9163c e386cb43209f41fcb7173020f656e97e 63d6ee59c98741e4acf874cc7755dc45 - default default] Attributes excluded by policy engine: [u'vlan_transparent'] _exclude_attributes_by_policy /usr/lib/python2.7/site-packages/neutron/pecan_wsgi/hooks/policy_enforcement.py:256
2018-09-29 13:11:36.221 2154 DEBUG neutron.pecan_wsgi.hooks.policy_enforcement [req-b06d6e5f-8b6c-4a1c-a679-d6bd9cc9163c e386cb43209f41fcb7173020f656e97e 63d6ee59c98741e4acf874cc7755dc45 - default default] Attributes excluded by policy engine: [u'vlan_transparent'] _exclude_attributes_by_policy /usr/lib/python2.7/site-packages/neutron/pecan_wsgi/hooks/policy_enforcement.py:256
2018-09-29 13:11:36.222 2154 DEBUG neutron.pecan_wsgi.hooks.policy_enforcement [req-b06d6e5f-8b6c-4a1c-a679-d6bd9cc9163c e386cb43209f41fcb7173020f656e97e 63d6ee59c98741e4acf874cc7755dc45 - default default] Attributes excluded by policy engine: [u'vlan_transparent'] _exclude_attributes_by_policy /usr/lib/python2.7/site-packages/neutron/pecan_wsgi/hooks/policy_enforcement.py:256
2018-09-29 13:11:36.225 2154 INFO neutron.wsgi [req-b06d6e5f-8b6c-4a1c-a679-d6bd9cc9163c e386cb43209f41fcb7173020f656e97e 63d6ee59c98741e4acf874cc7755dc45 - default default] 10.0.20.36 "GET /v2.0/networks HTTP/1.1" status: 200  len: 2214 time: 0.2311389
2018-09-29 13:11:36.339 2154 INFO neutron.wsgi [req-4fdd6fdb-b839-49d0-8e7f-573392b17d38 e386cb43209f41fcb7173020f656e97e 63d6ee59c98741e4acf874cc7755dc45 - default default] 10.0.20.36 "GET /v2.0/ports?network_id=5664e780-993b-479d-900b-9c8aa7ec2e0f HTTP/1.1" status: 200  len: 1128 time: 0.1043460
2018-09-29 13:11:42.589 2155 DEBUG neutron.wsgi [-] (2155) accepted ('10.0.20.36', 48154) server /usr/lib/python2.7/site-packages/eventlet/wsgi.py:883
2018-09-29 13:11:42.593 2155 INFO neutron.wsgi [-] 10.0.20.36 "GET / HTTP/1.1" status: 200  len: 252 time: 0.0016601
2018-09-29 13:11:43.070 2155 INFO neutron.wsgi [req-1230e1ae-e628-4c51-be4f-403187ca785f e386cb43209f41fcb7173020f656e97e 63d6ee59c98741e4acf874cc7755dc45 - default default] 10.0.20.36 "GET /v2.0/ports/bf105ede-a73a-4c56-b613-9e32f91e091c HTTP/1.1" status: 200  len: 1125 time: 0.4736271
2018-09-29 13:11:43.164 2155 DEBUG neutron.plugins.ml2.plugin [req-40c9f41d-3bd8-4c70-8306-56e6083831bf e386cb43209f41fcb7173020f656e97e 63d6ee59c98741e4acf874cc7755dc45 - default default] Deleting port bf105ede-a73a-4c56-b613-9e32f91e091c _pre_delete_port /usr/lib/python2.7/site-packages/neutron/plugins/ml2/plugin.py:1488
2018-09-29 13:11:43.165 2155 DEBUG neutron_lib.callbacks.manager [req-40c9f41d-3bd8-4c70-8306-56e6083831bf e386cb43209f41fcb7173020f656e97e 63d6ee59c98741e4acf874cc7755dc45 - default default] Notify callbacks ['neutron.db.l3_db._prevent_l3_port_delete_callback--9223363245905022618'] for port, before_delete _notify_loop /usr/lib/python2.7/site-packages/neutron_lib/callbacks/manager.py:167
2018-09-29 13:11:43.486 2155 DEBUG neutron.plugins.ml2.db [req-40c9f41d-3bd8-4c70-8306-56e6083831bf e386cb43209f41fcb7173020f656e97e 63d6ee59c98741e4acf874cc7755dc45 - default default] For port bf105ede-a73a-4c56-b613-9e32f91e091c, host localhost.localdomain, got binding levels [<neutron.plugins.ml2.models.PortBindingLevel[object at 7fecd5d90cd0] {port_id=u'bf105ede-a73a-4c56-b613-9e32f91e091c', host=u'localhost.localdomain', level=0, driver=u'openvswitch', segment_id=u'7ddec130-4e4f-4349-8775-3117b48039ce'}>] get_binding_levels /usr/lib/python2.7/site-packages/neutron/plugins/ml2/db.py:106
2018-09-29 13:11:43.527 2155 DEBUG neutron.plugins.ml2.plugin [req-40c9f41d-3bd8-4c70-8306-56e6083831bf e386cb43209f41fcb7173020f656e97e 63d6ee59c98741e4acf874cc7755dc45 - default default] Calling delete_port for bf105ede-a73a-4c56-b613-9e32f91e091c owned by network:dhcp delete_port /usr/lib/python2.7/site-packages/neutron/plugins/ml2/plugin.py:1547
2018-09-29 13:11:43.761 2155 DEBUG neutron_lib.callbacks.manager [req-40c9f41d-3bd8-4c70-8306-56e6083831bf e386cb43209f41fcb7173020f656e97e 63d6ee59c98741e4acf874cc7755dc45 - default default] Notify callbacks ['neutron.plugins.ml2.ovo_rpc._ObjectChangeHandler.handle_event--9223372036853222494', 'neutron.api.rpc.agentnotifiers.dhcp_rpc_agent_api.DhcpAgentNotifyAPI._native_event_send_dhcp_notification-1467818', 'neutron.plugins.ml2.plugin.Ml2Plugin.notify_sg_on_port_change-449688', 'neutron.db.l3_dvrscheduler_db._notify_port_delete--9223363245905588273', 'neutron.db.l3_db._notify_routers_callback-8790949726785'] for port, after_delete _notify_loop /usr/lib/python2.7/site-packages/neutron_lib/callbacks/manager.py:167
2018-09-29 13:11:43.790 2155 DEBUG oslo_concurrency.lockutils [-] Lock "event-dispatch" acquired by "neutron.plugins.ml2.ovo_rpc.dispatch_events" :: waited 0.000s inner /usr/lib/python2.7/site-packages/oslo_concurrency/lockutils.py:270
2018-09-29 13:11:43.894 2155 DEBUG neutron.api.rpc.handlers.resources_rpc [req-40c9f41d-3bd8-4c70-8306-56e6083831bf e386cb43209f41fcb7173020f656e97e 63d6ee59c98741e4acf874cc7755dc45 - - -] neutron.api.rpc.handlers.resources_rpc.ResourcesPushRpcApi method push called with arguments (<neutron_lib.context.Context object at 0x7fecd612c7d0>, [Port(admin_state_up=<?>,allowed_address_pairs=<?>,binding=<?>,binding_levels=<?>,created_at=<?>,data_plane_status=<?>,description=<?>,device_id=<?>,device_owner=<?>,dhcp_options=<?>,distributed_binding=<?>,dns=<?>,fixed_ips=<?>,id=bf105ede-a73a-4c56-b613-9e32f91e091c,mac_address=<?>,name=<?>,network_id=<?>,project_id=<?>,qos_policy_id=None,revision_number=<?>,security=<?>,security_group_ids=None,status=<?>,updated_at=<?>)], 'deleted') {} wrapper /usr/lib/python2.7/site-packages/oslo_log/helpers.py:66
2018-09-29 13:11:43.957 2155 DEBUG neutron.api.rpc.callbacks.version_manager [req-40c9f41d-3bd8-4c70-8306-56e6083831bf e386cb43209f41fcb7173020f656e97e 63d6ee59c98741e4acf874cc7755dc45 - - -] Version for resource type Subnet changed None to 1.0 on consumer Open vSwitch agent@localhost.localdomain _set_version /usr/lib/python2.7/site-packages/neutron/api/rpc/callbacks/version_manager.py:119
2018-09-29 13:11:43.957 2155 DEBUG neutron.api.rpc.callbacks.version_manager [req-40c9f41d-3bd8-4c70-8306-56e6083831bf e386cb43209f41fcb7173020f656e97e 63d6ee59c98741e4acf874cc7755dc45 - - -] Version for resource type Network changed None to 1.0 on consumer Open vSwitch agent@localhost.localdomain _set_version /usr/lib/python2.7/site-packages/neutron/api/rpc/callbacks/version_manager.py:119
2018-09-29 13:11:43.958 2155 DEBUG neutron.api.rpc.callbacks.version_manager [req-40c9f41d-3bd8-4c70-8306-56e6083831bf e386cb43209f41fcb7173020f656e97e 63d6ee59c98741e4acf874cc7755dc45 - - -] Version for resource type SubPort changed None to 1.0 on consumer Open vSwitch agent@localhost.localdomain _set_version /usr/lib/python2.7/site-packages/neutron/api/rpc/callbacks/version_manager.py:119
2018-09-29 13:11:43.958 2155 DEBUG neutron.api.rpc.callbacks.version_manager [req-40c9f41d-3bd8-4c70-8306-56e6083831bf e386cb43209f41fcb7173020f656e97e 63d6ee59c98741e4acf874cc7755dc45 - - -] Version for resource type SecurityGroup changed None to 1.0 on consumer Open vSwitch agent@localhost.localdomain _set_version /usr/lib/python2.7/site-packages/neutron/api/rpc/callbacks/version_manager.py:119
2018-09-29 13:11:43.959 2155 DEBUG neutron.api.rpc.callbacks.version_manager [req-40c9f41d-3bd8-4c70-8306-56e6083831bf e386cb43209f41fcb7173020f656e97e 63d6ee59c98741e4acf874cc7755dc45 - - -] Version for resource type SecurityGroupRule changed None to 1.0 on consumer Open vSwitch agent@localhost.localdomain _set_version /usr/lib/python2.7/site-packages/neutron/api/rpc/callbacks/version_manager.py:119
2018-09-29 13:11:43.959 2155 DEBUG neutron.api.rpc.callbacks.version_manager [req-40c9f41d-3bd8-4c70-8306-56e6083831bf e386cb43209f41fcb7173020f656e97e 63d6ee59c98741e4acf874cc7755dc45 - - -] Version for resource type Trunk changed None to 1.1 on consumer Open vSwitch agent@localhost.localdomain _set_version /usr/lib/python2.7/site-packages/neutron/api/rpc/callbacks/version_manager.py:119
2018-09-29 13:11:43.960 2155 DEBUG neutron.api.rpc.callbacks.version_manager [req-40c9f41d-3bd8-4c70-8306-56e6083831bf e386cb43209f41fcb7173020f656e97e 63d6ee59c98741e4acf874cc7755dc45 - - -] Version for resource type QosPolicy changed None to 1.6 on consumer Open vSwitch agent@localhost.localdomain _set_version /usr/lib/python2.7/site-packages/neutron/api/rpc/callbacks/version_manager.py:119
2018-09-29 13:11:43.960 2155 DEBUG neutron.api.rpc.callbacks.version_manager [req-40c9f41d-3bd8-4c70-8306-56e6083831bf e386cb43209f41fcb7173020f656e97e 63d6ee59c98741e4acf874cc7755dc45 - - -] Version for resource type Port changed None to 1.1 on consumer Open vSwitch agent@localhost.localdomain _set_version /usr/lib/python2.7/site-packages/neutron/api/rpc/callbacks/version_manager.py:119
2018-09-29 13:11:43.961 2155 DEBUG neutron.api.rpc.callbacks.version_manager [req-40c9f41d-3bd8-4c70-8306-56e6083831bf e386cb43209f41fcb7173020f656e97e 63d6ee59c98741e4acf874cc7755dc45 - - -] Version for resource type Log changed None to 1.0 on consumer Open vSwitch agent@localhost.localdomain _set_version /usr/lib/python2.7/site-packages/neutron/api/rpc/callbacks/version_manager.py:119
2018-09-29 13:11:44.000 2155 DEBUG oslo_concurrency.lockutils [req-40c9f41d-3bd8-4c70-8306-56e6083831bf e386cb43209f41fcb7173020f656e97e 63d6ee59c98741e4acf874cc7755dc45 - - -] Lock "event-dispatch" released by "neutron.plugins.ml2.ovo_rpc.dispatch_events" :: held 0.210s inner /usr/lib/python2.7/site-packages/oslo_concurrency/lockutils.py:282
2018-09-29 13:11:44.359 2167 DEBUG neutron.api.rpc.handlers.dhcp_rpc [req-8e4cbe85-4c62-47c2-9123-642213400e8a - - - - -] DHCP port deletion for 5664e780-993b-479d-900b-9c8aa7ec2e0f request from localhost.localdomain release_dhcp_port /usr/lib/python2.7/site-packages/neutron/api/rpc/handlers/dhcp_rpc.py:246
2018-09-29 13:11:44.393 2155 DEBUG neutron.db.l3_dvrscheduler_db [req-40c9f41d-3bd8-4c70-8306-56e6083831bf e386cb43209f41fcb7173020f656e97e 63d6ee59c98741e4acf874cc7755dc45 - default default] No DVR routers for this DVR port bf105ede-a73a-4c56-b613-9e32f91e091c on host localhost.localdomain get_dvr_routers_to_remove /usr/lib/python2.7/site-packages/neutron/db/l3_dvrscheduler_db.py:191
2018-09-29 13:11:44.408 2155 DEBUG neutron_lib.callbacks.manager [req-40c9f41d-3bd8-4c70-8306-56e6083831bf e386cb43209f41fcb7173020f656e97e 63d6ee59c98741e4acf874cc7755dc45 - default default] Notify callbacks ['neutron.notifiers.nova.Notifier._send_nova_notification--9223372036854774500'] for port, before_response _notify_loop /usr/lib/python2.7/site-packages/neutron_lib/callbacks/manager.py:167
2018-09-29 13:11:44.427 2155 DEBUG neutron.quota.resource [req-40c9f41d-3bd8-4c70-8306-56e6083831bf e386cb43209f41fcb7173020f656e97e 63d6ee59c98741e4acf874cc7755dc45 - default default] Persisted dirty status for tenant:f69b570366124e5cb85f5ae5791ea5af on resource:port mark_dirty /usr/lib/python2.7/site-packages/neutron/quota/resource.py:207
2018-09-29 13:11:44.430 2155 INFO neutron.wsgi [req-40c9f41d-3bd8-4c70-8306-56e6083831bf e386cb43209f41fcb7173020f656e97e 63d6ee59c98741e4acf874cc7755dc45 - default default] 10.0.20.36 "DELETE /v2.0/ports/bf105ede-a73a-4c56-b613-9e32f91e091c HTTP/1.1" status: 204  len: 173 time: 1.3532200
2018-09-29 13:11:44.905 2165 DEBUG neutron.plugins.ml2.rpc [req-79a7afbe-9cc7-44d9-9524-6af1222c3458 - - - - -] Device bf105ede-a73a-4c56-b613-9e32f91e091c no longer exists at agent ovs-agent-localhost.localdomain update_device_down /usr/lib/python2.7/site-packages/neutron/plugins/ml2/rpc.py:213
2018-09-29 13:11:44.954 2165 DEBUG neutron.plugins.ml2.plugin [req-79a7afbe-9cc7-44d9-9524-6af1222c3458 - - - - -] No Port match for: bf105ede-a73a-4c56-b613-9e32f91e091c port_bound_to_host /usr/lib/python2.7/site-packages/neutron/plugins/ml2/plugin.py:1806
2018-09-29 13:11:44.955 2165 DEBUG neutron.plugins.ml2.rpc [req-79a7afbe-9cc7-44d9-9524-6af1222c3458 - - - - -] Device bf105ede-a73a-4c56-b613-9e32f91e091c not bound to the agent host localhost.localdomain update_device_down /usr/lib/python2.7/site-packages/neutron/plugins/ml2/rpc.py:221
2018-09-29 13:11:48.923 2164 DEBUG neutron_lib.callbacks.manager [req-3a7973a1-c9d1-4d02-913b-6625b8391c82 - - - - -] Notify callbacks ['neutron.services.segments.db._update_segment_host_mapping_for_agent-8790949549226'] for agent, after_update _notify_loop /usr/lib/python2.7/site-packages/neutron_lib/callbacks/manager.py:167
2018-09-29 13:11:49.066 2169 DEBUG neutron_lib.callbacks.manager [req-d5120257-ddb8-46ac-9c58-0306c236cf78 - - - - -] Notify callbacks ['neutron.services.segments.db._update_segment_host_mapping_for_agent-8790949549226'] for agent, after_update _notify_loop /usr/lib/python2.7/site-packages/neutron_lib/callbacks/manager.py:167
2018-09-29 13:11:49.350 2161 DEBUG neutron_lib.callbacks.manager [req-24fc1a24-095f-46c1-bfa3-3cfaecc86470 - - - - -] Notify callbacks ['neutron.services.segments.db._update_segment_host_mapping_for_agent-8790949549226'] for agent, after_update _notify_loop /usr/lib/python2.7/site-packages/neutron_lib/callbacks/manager.py:167
2018-09-29 13:11:49.534 2168 DEBUG neutron_lib.callbacks.manager [req-9de19dc3-8614-416e-8192-162f490cdd91 - - - - -] Notify callbacks ['neutron.services.segments.db._update_segment_host_mapping_for_agent-8790949549226'] for agent, after_update _notify_loop /usr/lib/python2.7/site-packages/neutron_lib/callbacks/manager.py:167
2018-09-29 13:11:49.641 2168 DEBUG neutron.api.rpc.handlers.dhcp_rpc [req-c2b55d1a-ceff-4c10-bd48-730e7796f453 - - - - -] get_active_networks_info from localhost.localdomain get_active_networks_info /usr/lib/python2.7/site-packages/neutron/api/rpc/handlers/dhcp_rpc.py:141
2018-09-29 13:11:50.333 2158 DEBUG neutron.wsgi [-] (2158) accepted ('10.0.20.36', 49208) server /usr/lib/python2.7/site-packages/eventlet/wsgi.py:883
2018-09-29 13:11:50.337 2158 INFO neutron.wsgi [-] 10.0.20.36 "GET / HTTP/1.1" status: 200  len: 252 time: 0.0023890
2018-09-29 13:11:50.563 2160 DEBUG neutron.api.rpc.handlers.dhcp_rpc [req-bad4617d-57e4-4a5d-a0b1-941f37b4174f - - - - -] Create dhcp port {u'port': {u'name': u'', u'admin_state_up': True, u'network_id': u'5664e780-993b-479d-900b-9c8aa7ec2e0f', u'tenant_id': u'f69b570366124e5cb85f5ae5791ea5af', u'fixed_ips': [{u'subnet_id': u'a2bf694a-e398-43f5-9a18-ae81b4f42153'}], u'device_id': u'dhcpcd8f5f9f-e3e8-569f-87ef-f03c6cfc29bc-5664e780-993b-479d-900b-9c8aa7ec2e0f'}} from localhost.localdomain. create_dhcp_port /usr/lib/python2.7/site-packages/neutron/api/rpc/handlers/dhcp_rpc.py:266
2018-09-29 13:11:50.565 2160 DEBUG neutron_lib.callbacks.manager [req-bad4617d-57e4-4a5d-a0b1-941f37b4174f - - - - -] Notify callbacks ['neutron.plugins.ml2.plugin.Ml2Plugin._ensure_default_security_group_handler-442431'] for port, before_create _notify_loop /usr/lib/python2.7/site-packages/neutron_lib/callbacks/manager.py:167
2018-09-29 13:11:50.794 2158 INFO neutron.pecan_wsgi.hooks.translation [req-b822982a-ea2b-419a-8ada-5b58bf30f265 e386cb43209f41fcb7173020f656e97e 63d6ee59c98741e4acf874cc7755dc45 - default default] GET failed (client error): The resource could not be found.
2018-09-29 13:11:50.796 2158 INFO neutron.wsgi [req-b822982a-ea2b-419a-8ada-5b58bf30f265 e386cb43209f41fcb7173020f656e97e 63d6ee59c98741e4acf874cc7755dc45 - default default] 10.0.20.36 "GET /v2.0/networks/tempest-private-1538240657 HTTP/1.1" status: 404  len: 334 time: 0.4550948
2018-09-29 13:11:51.012 2158 DEBUG neutron.pecan_wsgi.hooks.policy_enforcement [req-1f0b3c45-234b-48ce-b8e6-10fc75682343 e386cb43209f41fcb7173020f656e97e 63d6ee59c98741e4acf874cc7755dc45 - default default] Attributes excluded by policy engine: [u'vlan_transparent'] _exclude_attributes_by_policy /usr/lib/python2.7/site-packages/neutron/pecan_wsgi/hooks/policy_enforcement.py:256
2018-09-29 13:11:51.013 2158 DEBUG neutron.pecan_wsgi.hooks.policy_enforcement [req-1f0b3c45-234b-48ce-b8e6-10fc75682343 e386cb43209f41fcb7173020f656e97e 63d6ee59c98741e4acf874cc7755dc45 - default default] Attributes excluded by policy engine: [u'vlan_transparent'] _exclude_attributes_by_policy /usr/lib/python2.7/site-packages/neutron/pecan_wsgi/hooks/policy_enforcement.py:256
2018-09-29 13:11:51.014 2158 DEBUG neutron.pecan_wsgi.hooks.policy_enforcement [req-1f0b3c45-234b-48ce-b8e6-10fc75682343 e386cb43209f41fcb7173020f656e97e 63d6ee59c98741e4acf874cc7755dc45 - default default] Attributes excluded by policy engine: [u'vlan_transparent'] _exclude_attributes_by_policy /usr/lib/python2.7/site-packages/neutron/pecan_wsgi/hooks/policy_enforcement.py:256
2018-09-29 13:11:51.017 2158 INFO neutron.wsgi [req-1f0b3c45-234b-48ce-b8e6-10fc75682343 e386cb43209f41fcb7173020f656e97e 63d6ee59c98741e4acf874cc7755dc45 - default default] 10.0.20.36 "GET /v2.0/networks HTTP/1.1" status: 200  len: 2214 time: 0.2138510
2018-09-29 13:11:51.155 2160 DEBUG neutron.db.db_base_plugin_common [req-bad4617d-57e4-4a5d-a0b1-941f37b4174f - - - - -] Allocated IP 11.182.1.2 (5664e780-993b-479d-900b-9c8aa7ec2e0f/a2bf694a-e398-43f5-9a18-ae81b4f42153/5f2fc0f5-f5ad-4008-86ce-13d1fc7fc294) _store_ip_allocation /usr/lib/python2.7/site-packages/neutron/db/db_base_plugin_common.py:122
2018-09-29 13:11:51.251 2158 DEBUG neutron_lib.callbacks.manager [req-027a5139-be05-4026-876c-2f5916db40ec e386cb43209f41fcb7173020f656e97e 63d6ee59c98741e4acf874cc7755dc45 - default default] Notify callbacks ['neutron.plugins.ml2.plugin.Ml2Plugin._before_network_delete_handler-505459'] for network, before_delete _notify_loop /usr/lib/python2.7/site-packages/neutron_lib/callbacks/manager.py:167
2018-09-29 13:11:51.379 2158 DEBUG neutron.db.db_base_plugin_v2 [req-027a5139-be05-4026-876c-2f5916db40ec e386cb43209f41fcb7173020f656e97e 63d6ee59c98741e4acf874cc7755dc45 - default default] Deleting subnet a2bf694a-e398-43f5-9a18-ae81b4f42153 delete_subnet /usr/lib/python2.7/site-packages/neutron/db/db_base_plugin_v2.py:1022
2018-09-29 13:11:51.380 2158 DEBUG neutron_lib.callbacks.manager [req-027a5139-be05-4026-876c-2f5916db40ec e386cb43209f41fcb7173020f656e97e 63d6ee59c98741e4acf874cc7755dc45 - default default] Notify callbacks [] for subnet, before_delete _notify_loop /usr/lib/python2.7/site-packages/neutron_lib/callbacks/manager.py:167
2018-09-29 13:11:51.505 2160 DEBUG neutron_lib.callbacks.manager [req-bad4617d-57e4-4a5d-a0b1-941f37b4174f - - - - -] Notify callbacks [] for port, precommit_create _notify_loop /usr/lib/python2.7/site-packages/neutron_lib/callbacks/manager.py:167
2018-09-29 13:11:51.524 2160 DEBUG neutron.db.provisioning_blocks [req-bad4617d-57e4-4a5d-a0b1-941f37b4174f - - - - -] Transition to ACTIVE for port object 5f2fc0f5-f5ad-4008-86ce-13d1fc7fc294 will not be triggered until provisioned by entity L2. add_provisioning_component /usr/lib/python2.7/site-packages/neutron/db/provisioning_blocks.py:73
2018-09-29 13:11:51.559 2160 DEBUG neutron.db.provisioning_blocks [req-bad4617d-57e4-4a5d-a0b1-941f37b4174f - - - - -] Transition to ACTIVE for port object 5f2fc0f5-f5ad-4008-86ce-13d1fc7fc294 will not be triggered until provisioned by entity DHCP. add_provisioning_component /usr/lib/python2.7/site-packages/neutron/db/provisioning_blocks.py:73
2018-09-29 13:11:51.562 2160 DEBUG neutron_lib.callbacks.manager [req-bad4617d-57e4-4a5d-a0b1-941f37b4174f - - - - -] Notify callbacks ['neutron.plugins.ml2.ovo_rpc._ObjectChangeHandler.handle_event--9223372036853222494', 'neutron.api.rpc.agentnotifiers.dhcp_rpc_agent_api.DhcpAgentNotifyAPI._native_event_send_dhcp_notification-1467818', 'neutron.plugins.ml2.plugin.Ml2Plugin.notify_sg_on_port_change-449688', 'neutron.db.l3_dvrscheduler_db._notify_l3_agent_new_port-8790949187528'] for port, after_create _notify_loop /usr/lib/python2.7/site-packages/neutron_lib/callbacks/manager.py:167
2018-09-29 13:11:51.575 2158 DEBUG neutron_lib.callbacks.manager [req-027a5139-be05-4026-876c-2f5916db40ec e386cb43209f41fcb7173020f656e97e 63d6ee59c98741e4acf874cc7755dc45 - default default] Notify callbacks ['neutron.plugins.ml2.plugin.Ml2Plugin._subnet_delete_precommit_handler-1829183'] for subnet, precommit_delete _notify_loop /usr/lib/python2.7/site-packages/neutron_lib/callbacks/manager.py:167
2018-09-29 13:11:51.586 2160 DEBUG oslo_concurrency.lockutils [-] Lock "event-dispatch" acquired by "neutron.plugins.ml2.ovo_rpc.dispatch_events" :: waited 0.000s inner /usr/lib/python2.7/site-packages/oslo_concurrency/lockutils.py:270
2018-09-29 13:11:51.840 2160 DEBUG neutron.api.rpc.handlers.resources_rpc [req-bad4617d-57e4-4a5d-a0b1-941f37b4174f - - - - -] neutron.api.rpc.handlers.resources_rpc.ResourcesPushRpcApi method push called with arguments (<neutron_lib.context.Context object at 0x7fecd610ad10>, [Port(admin_state_up=True,allowed_address_pairs=[],binding=PortBinding,binding_levels=[],created_at=2018-09-29T17:11:50Z,data_plane_status=<?>,description='',device_id='dhcpcd8f5f9f-e3e8-569f-87ef-f03c6cfc29bc-5664e780-993b-479d-900b-9c8aa7ec2e0f',device_owner='network:dhcp',dhcp_options=[],distributed_binding=None,dns=None,fixed_ips=[IPAllocation],id=5f2fc0f5-f5ad-4008-86ce-13d1fc7fc294,mac_address=fa:16:3e:75:88:c8,name='',network_id=5664e780-993b-479d-900b-9c8aa7ec2e0f,project_id='f69b570366124e5cb85f5ae5791ea5af',qos_policy_id=None,revision_number=3,security=PortSecurity(5f2fc0f5-f5ad-4008-86ce-13d1fc7fc294),security_group_ids=set([]),status='DOWN',updated_at=2018-09-29T17:11:51Z)], 'updated') {} wrapper /usr/lib/python2.7/site-packages/oslo_log/helpers.py:66
2018-09-29 13:11:51.878 2160 DEBUG neutron.api.rpc.callbacks.version_manager [req-bad4617d-57e4-4a5d-a0b1-941f37b4174f - - - - -] Version for resource type Subnet changed None to 1.0 on consumer Open vSwitch agent@localhost.localdomain _set_version /usr/lib/python2.7/site-packages/neutron/api/rpc/callbacks/version_manager.py:119
2018-09-29 13:11:51.879 2160 DEBUG neutron.api.rpc.callbacks.version_manager [req-bad4617d-57e4-4a5d-a0b1-941f37b4174f - - - - -] Version for resource type Network changed None to 1.0 on consumer Open vSwitch agent@localhost.localdomain _set_version /usr/lib/python2.7/site-packages/neutron/api/rpc/callbacks/version_manager.py:119
2018-09-29 13:11:51.880 2160 DEBUG neutron.api.rpc.callbacks.version_manager [req-bad4617d-57e4-4a5d-a0b1-941f37b4174f - - - - -] Version for resource type SubPort changed None to 1.0 on consumer Open vSwitch agent@localhost.localdomain _set_version /usr/lib/python2.7/site-packages/neutron/api/rpc/callbacks/version_manager.py:119
2018-09-29 13:11:51.881 2160 DEBUG neutron.api.rpc.callbacks.version_manager [req-bad4617d-57e4-4a5d-a0b1-941f37b4174f - - - - -] Version for resource type SecurityGroup changed None to 1.0 on consumer Open vSwitch agent@localhost.localdomain _set_version /usr/lib/python2.7/site-packages/neutron/api/rpc/callbacks/version_manager.py:119
2018-09-29 13:11:51.882 2160 DEBUG neutron.api.rpc.callbacks.version_manager [req-bad4617d-57e4-4a5d-a0b1-941f37b4174f - - - - -] Version for resource type SecurityGroupRule changed None to 1.0 on consumer Open vSwitch agent@localhost.localdomain _set_version /usr/lib/python2.7/site-packages/neutron/api/rpc/callbacks/version_manager.py:119
2018-09-29 13:11:51.882 2160 DEBUG neutron.api.rpc.callbacks.version_manager [req-bad4617d-57e4-4a5d-a0b1-941f37b4174f - - - - -] Version for resource type Trunk changed None to 1.1 on consumer Open vSwitch agent@localhost.localdomain _set_version /usr/lib/python2.7/site-packages/neutron/api/rpc/callbacks/version_manager.py:119
2018-09-29 13:11:51.883 2160 DEBUG neutron.api.rpc.callbacks.version_manager [req-bad4617d-57e4-4a5d-a0b1-941f37b4174f - - - - -] Version for resource type QosPolicy changed None to 1.6 on consumer Open vSwitch agent@localhost.localdomain _set_version /usr/lib/python2.7/site-packages/neutron/api/rpc/callbacks/version_manager.py:119
2018-09-29 13:11:51.884 2160 DEBUG neutron.api.rpc.callbacks.version_manager [req-bad4617d-57e4-4a5d-a0b1-941f37b4174f - - - - -] Version for resource type Port changed None to 1.1 on consumer Open vSwitch agent@localhost.localdomain _set_version /usr/lib/python2.7/site-packages/neutron/api/rpc/callbacks/version_manager.py:119
2018-09-29 13:11:51.885 2158 DEBUG neutron_lib.callbacks.manager [req-027a5139-be05-4026-876c-2f5916db40ec e386cb43209f41fcb7173020f656e97e 63d6ee59c98741e4acf874cc7755dc45 - default default] Notify callbacks ['neutron.plugins.ml2.ovo_rpc._ObjectChangeHandler.handle_event--9223372036853222510', 'neutron.plugins.ml2.plugin.Ml2Plugin._subnet_delete_after_delete_handler--9223372036852946636', 'neutron.api.rpc.agentnotifiers.dhcp_rpc_agent_api.DhcpAgentNotifyAPI._native_event_send_dhcp_notification-1467818'] for subnet, after_delete _notify_loop /usr/lib/python2.7/site-packages/neutron_lib/callbacks/manager.py:167
2018-09-29 13:11:51.885 2160 DEBUG neutron.api.rpc.callbacks.version_manager [req-bad4617d-57e4-4a5d-a0b1-941f37b4174f - - - - -] Version for resource type Log changed None to 1.0 on consumer Open vSwitch agent@localhost.localdomain _set_version /usr/lib/python2.7/site-packages/neutron/api/rpc/callbacks/version_manager.py:119
2018-09-29 13:11:51.914 2158 DEBUG oslo_concurrency.lockutils [-] Lock "event-dispatch" acquired by "neutron.plugins.ml2.ovo_rpc.dispatch_events" :: waited 0.000s inner /usr/lib/python2.7/site-packages/oslo_concurrency/lockutils.py:270
2018-09-29 13:11:51.915 2160 DEBUG oslo_concurrency.lockutils [req-bad4617d-57e4-4a5d-a0b1-941f37b4174f - - - - -] Lock "event-dispatch" released by "neutron.plugins.ml2.ovo_rpc.dispatch_events" :: held 0.329s inner /usr/lib/python2.7/site-packages/oslo_concurrency/lockutils.py:282
2018-09-29 13:11:51.937 2160 DEBUG neutron.scheduler.dhcp_agent_scheduler [req-bad4617d-57e4-4a5d-a0b1-941f37b4174f - - - - -] Network 5664e780-993b-479d-900b-9c8aa7ec2e0f is already hosted by enough agents. _get_dhcp_agents_hosting_network /usr/lib/python2.7/site-packages/neutron/scheduler/dhcp_agent_scheduler.py:243
2018-09-29 13:11:51.971 2160 DEBUG neutron.db.l3_dvrscheduler_db [req-bad4617d-57e4-4a5d-a0b1-941f37b4174f - - - - -] Received port after_create _notify_l3_agent_new_port /usr/lib/python2.7/site-packages/neutron/db/l3_dvrscheduler_db.py:392
2018-09-29 13:11:51.985 2158 DEBUG neutron.api.rpc.handlers.resources_rpc [req-027a5139-be05-4026-876c-2f5916db40ec e386cb43209f41fcb7173020f656e97e 63d6ee59c98741e4acf874cc7755dc45 - - -] neutron.api.rpc.handlers.resources_rpc.ResourcesPushRpcApi method push called with arguments (<neutron_lib.context.Context object at 0x7fecd5629750>, [Subnet(allocation_pools=<?>,cidr=<?>,created_at=<?>,description=<?>,dns_nameservers=<?>,enable_dhcp=<?>,gateway_ip=<?>,host_routes=<?>,id=a2bf694a-e398-43f5-9a18-ae81b4f42153,ip_version=<?>,ipv6_address_mode=<?>,ipv6_ra_mode=<?>,name=<?>,network_id=<?>,project_id=<?>,revision_number=<?>,segment_id=<?>,service_types=<?>,shared=<?>,subnetpool_id=<?>,updated_at=<?>)], 'deleted') {} wrapper /usr/lib/python2.7/site-packages/oslo_log/helpers.py:66
2018-09-29 13:11:52.060 2158 DEBUG neutron.api.rpc.callbacks.version_manager [req-027a5139-be05-4026-876c-2f5916db40ec e386cb43209f41fcb7173020f656e97e 63d6ee59c98741e4acf874cc7755dc45 - - -] Version for resource type Subnet changed None to 1.0 on consumer Open vSwitch agent@localhost.localdomain _set_version /usr/lib/python2.7/site-packages/neutron/api/rpc/callbacks/version_manager.py:119
2018-09-29 13:11:52.061 2158 DEBUG neutron.api.rpc.callbacks.version_manager [req-027a5139-be05-4026-876c-2f5916db40ec e386cb43209f41fcb7173020f656e97e 63d6ee59c98741e4acf874cc7755dc45 - - -] Version for resource type Network changed None to 1.0 on consumer Open vSwitch agent@localhost.localdomain _set_version /usr/lib/python2.7/site-packages/neutron/api/rpc/callbacks/version_manager.py:119
2018-09-29 13:11:52.062 2158 DEBUG neutron.api.rpc.callbacks.version_manager [req-027a5139-be05-4026-876c-2f5916db40ec e386cb43209f41fcb7173020f656e97e 63d6ee59c98741e4acf874cc7755dc45 - - -] Version for resource type SubPort changed None to 1.0 on consumer Open vSwitch agent@localhost.localdomain _set_version /usr/lib/python2.7/site-packages/neutron/api/rpc/callbacks/version_manager.py:119
2018-09-29 13:11:52.062 2158 DEBUG neutron.api.rpc.callbacks.version_manager [req-027a5139-be05-4026-876c-2f5916db40ec e386cb43209f41fcb7173020f656e97e 63d6ee59c98741e4acf874cc7755dc45 - - -] Version for resource type SecurityGroup changed None to 1.0 on consumer Open vSwitch agent@localhost.localdomain _set_version /usr/lib/python2.7/site-packages/neutron/api/rpc/callbacks/version_manager.py:119
2018-09-29 13:11:52.062 2158 DEBUG neutron.api.rpc.callbacks.version_manager [req-027a5139-be05-4026-876c-2f5916db40ec e386cb43209f41fcb7173020f656e97e 63d6ee59c98741e4acf874cc7755dc45 - - -] Version for resource type SecurityGroupRule changed None to 1.0 on consumer Open vSwitch agent@localhost.localdomain _set_version /usr/lib/python2.7/site-packages/neutron/api/rpc/callbacks/version_manager.py:119
2018-09-29 13:11:52.063 2158 DEBUG neutron.api.rpc.callbacks.version_manager [req-027a5139-be05-4026-876c-2f5916db40ec e386cb43209f41fcb7173020f656e97e 63d6ee59c98741e4acf874cc7755dc45 - - -] Version for resource type Trunk changed None to 1.1 on consumer Open vSwitch agent@localhost.localdomain _set_version /usr/lib/python2.7/site-packages/neutron/api/rpc/callbacks/version_manager.py:119
2018-09-29 13:11:52.063 2158 DEBUG neutron.api.rpc.callbacks.version_manager [req-027a5139-be05-4026-876c-2f5916db40ec e386cb43209f41fcb7173020f656e97e 63d6ee59c98741e4acf874cc7755dc45 - - -] Version for resource type QosPolicy changed None to 1.6 on consumer Open vSwitch agent@localhost.localdomain _set_version /usr/lib/python2.7/site-packages/neutron/api/rpc/callbacks/version_manager.py:119
2018-09-29 13:11:52.064 2158 DEBUG neutron.api.rpc.callbacks.version_manager [req-027a5139-be05-4026-876c-2f5916db40ec e386cb43209f41fcb7173020f656e97e 63d6ee59c98741e4acf874cc7755dc45 - - -] Version for resource type Port changed None to 1.1 on consumer Open vSwitch agent@localhost.localdomain _set_version /usr/lib/python2.7/site-packages/neutron/api/rpc/callbacks/version_manager.py:119
2018-09-29 13:11:52.065 2158 DEBUG neutron.api.rpc.callbacks.version_manager [req-027a5139-be05-4026-876c-2f5916db40ec e386cb43209f41fcb7173020f656e97e 63d6ee59c98741e4acf874cc7755dc45 - - -] Version for resource type Log changed None to 1.0 on consumer Open vSwitch agent@localhost.localdomain _set_version /usr/lib/python2.7/site-packages/neutron/api/rpc/callbacks/version_manager.py:119
2018-09-29 13:11:52.104 2160 DEBUG neutron.plugins.ml2.managers [req-bad4617d-57e4-4a5d-a0b1-941f37b4174f - - - - -] Attempting to bind port 5f2fc0f5-f5ad-4008-86ce-13d1fc7fc294 on host localhost.localdomain for vnic_type normal with profile  bind_port /usr/lib/python2.7/site-packages/neutron/plugins/ml2/managers.py:744
2018-09-29 13:11:52.105 2160 DEBUG neutron.plugins.ml2.managers [req-bad4617d-57e4-4a5d-a0b1-941f37b4174f - - - - -] Attempting to bind port 5f2fc0f5-f5ad-4008-86ce-13d1fc7fc294 on host localhost.localdomain at level 0 using segments [{'network_id': '5664e780-993b-479d-900b-9c8aa7ec2e0f', 'segmentation_id': 80, 'physical_network': None, 'id': '7ddec130-4e4f-4349-8775-3117b48039ce', 'network_type': u'vxlan'}] _bind_port_level /usr/lib/python2.7/site-packages/neutron/plugins/ml2/managers.py:765
2018-09-29 13:11:52.106 2160 DEBUG neutron.plugins.ml2.drivers.mech_agent [req-bad4617d-57e4-4a5d-a0b1-941f37b4174f - - - - -] Attempting to bind port 5f2fc0f5-f5ad-4008-86ce-13d1fc7fc294 on network 5664e780-993b-479d-900b-9c8aa7ec2e0f bind_port /usr/lib/python2.7/site-packages/neutron/plugins/ml2/drivers/mech_agent.py:88
2018-09-29 13:11:52.116 2160 DEBUG neutron.plugins.ml2.drivers.mech_agent [req-bad4617d-57e4-4a5d-a0b1-941f37b4174f - - - - -] Checking agent: {'binary': u'neutron-openvswitch-agent', 'description': None, 'admin_state_up': True, 'heartbeat_timestamp': datetime.datetime(2018, 9, 29, 17, 11, 33), 'availability_zone': None, 'alive': True, 'topic': u'N/A', 'host': u'localhost.localdomain', 'agent_type': u'Open vSwitch agent', 'resource_versions': {u'Subnet': u'1.0', u'Network': u'1.0', u'SubPort': u'1.0', u'SecurityGroup': u'1.0', u'SecurityGroupRule': u'1.0', u'Trunk': u'1.1', u'QosPolicy': u'1.6', u'Port': u'1.1', u'Log': u'1.0'}, 'created_at': datetime.datetime(2018, 9, 12, 22, 21, 53), 'started_at': datetime.datetime(2018, 9, 29, 16, 46, 8), 'id': u'1b4de7c1-8af2-4c25-82ce-ae6040875f3b', 'configurations': {u'ovs_hybrid_plug': True, u'in_distributed_mode': False, u'datapath_type': u'system', u'vhostuser_socket_dir': u'/var/run/openvswitch', u'tunneling_ip': u'10.0.20.36', u'arp_responder_enabled': False, u'devices': 13, u'ovs_capabilities': {u'datapath_types': [u'netdev', u'system'], u'iface_types': [u'geneve', u'gre', u'internal', u'lisp', u'patch', u'stt', u'system', u'tap', u'vxlan']}, u'log_agent_heartbeats': False, u'l2_population': False, u'tunnel_types': [u'vxlan'], u'extensions': [], u'enable_distributed_routing': False, u'bridge_mappings': {u'extnet': u'br-ex'}}} bind_port /usr/lib/python2.7/site-packages/neutron/plugins/ml2/drivers/mech_agent.py:104
2018-09-29 13:11:52.117 2160 DEBUG neutron.plugins.ml2.drivers.mech_agent [req-bad4617d-57e4-4a5d-a0b1-941f37b4174f - - - - -] Checking segment: {'network_id': '5664e780-993b-479d-900b-9c8aa7ec2e0f', 'segmentation_id': 80, 'physical_network': None, 'id': '7ddec130-4e4f-4349-8775-3117b48039ce', 'network_type': u'vxlan'} for mappings: {u'extnet': u'br-ex'} with network types: [u'vxlan', 'local', 'flat', 'vlan'] check_segment_for_agent /usr/lib/python2.7/site-packages/neutron/plugins/ml2/drivers/mech_agent.py:237
2018-09-29 13:11:52.118 2160 DEBUG neutron_lib.callbacks.manager [req-bad4617d-57e4-4a5d-a0b1-941f37b4174f - - - - -] Notify callbacks [] for ovs_bridge_name, before_read _notify_loop /usr/lib/python2.7/site-packages/neutron_lib/callbacks/manager.py:167
2018-09-29 13:11:52.119 2160 DEBUG neutron.plugins.ml2.drivers.mech_agent [req-bad4617d-57e4-4a5d-a0b1-941f37b4174f - - - - -] Bound using segment: {'network_id': '5664e780-993b-479d-900b-9c8aa7ec2e0f', 'segmentation_id': 80, 'physical_network': None, 'id': '7ddec130-4e4f-4349-8775-3117b48039ce', 'network_type': u'vxlan'} bind_port /usr/lib/python2.7/site-packages/neutron/plugins/ml2/drivers/mech_agent.py:109
2018-09-29 13:11:52.120 2160 DEBUG neutron.plugins.ml2.managers [req-bad4617d-57e4-4a5d-a0b1-941f37b4174f - - - - -] Bound port: 5f2fc0f5-f5ad-4008-86ce-13d1fc7fc294, host: localhost.localdomain, vif_type: ovs, vif_details: {"port_filter": true, "datapath_type": "system", "ovs_hybrid_plug": true}, binding_levels: [{'bound_driver': 'openvswitch', 'bound_segment': {'network_id': '5664e780-993b-479d-900b-9c8aa7ec2e0f', 'segmentation_id': 80, 'physical_network': None, 'id': '7ddec130-4e4f-4349-8775-3117b48039ce', 'network_type': u'vxlan'}}] _bind_port_level /usr/lib/python2.7/site-packages/neutron/plugins/ml2/managers.py:813
2018-09-29 13:11:52.120 2158 DEBUG oslo_concurrency.lockutils [req-027a5139-be05-4026-876c-2f5916db40ec e386cb43209f41fcb7173020f656e97e 63d6ee59c98741e4acf874cc7755dc45 - - -] Lock "event-dispatch" released by "neutron.plugins.ml2.ovo_rpc.dispatch_events" :: held 0.206s inner /usr/lib/python2.7/site-packages/oslo_concurrency/lockutils.py:282
2018-09-29 13:11:52.120 2160 DEBUG neutron_lib.callbacks.manager [req-bad4617d-57e4-4a5d-a0b1-941f37b4174f - - - - -] Notify callbacks ['neutron.plugins.ml2.plugin.Ml2Plugin._ensure_default_security_group_handler-442431'] for port, before_update _notify_loop /usr/lib/python2.7/site-packages/neutron_lib/callbacks/manager.py:167
2018-09-29 13:11:52.259 2158 DEBUG neutron_lib.callbacks.manager [req-027a5139-be05-4026-876c-2f5916db40ec e386cb43209f41fcb7173020f656e97e 63d6ee59c98741e4acf874cc7755dc45 - default default] Notify callbacks ['neutron.plugins.ml2.plugin.Ml2Plugin._network_delete_precommit_handler--9223372036852946445', 'neutron.services.segments.db._delete_segments_for_network-8790949549241'] for network, precommit_delete _notify_loop /usr/lib/python2.7/site-packages/neutron_lib/callbacks/manager.py:167
2018-09-29 13:11:52.261 2160 DEBUG neutron.plugins.ml2.db [req-bad4617d-57e4-4a5d-a0b1-941f37b4174f - - - - -] For port 5f2fc0f5-f5ad-4008-86ce-13d1fc7fc294, host localhost.localdomain, cleared binding levels clear_binding_levels /usr/lib/python2.7/site-packages/neutron/plugins/ml2/db.py:119
2018-09-29 13:11:52.265 2160 DEBUG neutron.plugins.ml2.db [req-bad4617d-57e4-4a5d-a0b1-941f37b4174f - - - - -] For port 5f2fc0f5-f5ad-4008-86ce-13d1fc7fc294, host localhost.localdomain, set binding levels [<neutron.plugins.ml2.driver_context.InstanceSnapshot object at 0x7fecd5aed1d0>] set_binding_levels /usr/lib/python2.7/site-packages/neutron/plugins/ml2/db.py:90
2018-09-29 13:11:52.271 2160 DEBUG neutron_lib.callbacks.manager [req-bad4617d-57e4-4a5d-a0b1-941f37b4174f - - - - -] Notify callbacks ['neutron.plugins.ml2.ovo_rpc._ObjectChangeHandler.handle_event--9223372036853222494', 'neutron.api.rpc.agentnotifiers.dhcp_rpc_agent_api.DhcpAgentNotifyAPI._native_event_send_dhcp_notification-1467818', 'neutron.db.l3_hascheduler_db._notify_l3_agent_ha_port_update--9223363245905587414', 'neutron.plugins.ml2.plugin.Ml2Plugin.notify_sg_on_port_change-449688', 'neutron.db.l3_dvrscheduler_db._notify_l3_agent_port_update-8790949187543'] for port, after_update _notify_loop /usr/lib/python2.7/site-packages/neutron_lib/callbacks/manager.py:167
2018-09-29 13:11:52.291 2160 DEBUG oslo_concurrency.lockutils [-] Lock "event-dispatch" acquired by "neutron.plugins.ml2.ovo_rpc.dispatch_events" :: waited 0.000s inner /usr/lib/python2.7/site-packages/oslo_concurrency/lockutils.py:270
2018-09-29 13:11:52.418 2158 DEBUG neutron_lib.callbacks.manager [req-027a5139-be05-4026-876c-2f5916db40ec e386cb43209f41fcb7173020f656e97e 63d6ee59c98741e4acf874cc7755dc45 - default default] Subscribe: <bound method Plugin._prevent_segment_delete_with_subnet_associated of <neutron.services.segments.plugin.Plugin object at 0x7fecd58bd890>> segment before_delete subscribe /usr/lib/python2.7/site-packages/neutron_lib/callbacks/manager.py:41
2018-09-29 13:11:52.420 2158 DEBUG neutron_lib.callbacks.manager [req-027a5139-be05-4026-876c-2f5916db40ec e386cb43209f41fcb7173020f656e97e 63d6ee59c98741e4acf874cc7755dc45 - default default] Subscribe: <bound method NovaSegmentNotifier._notify_host_addition_to_aggregate of <neutron.services.segments.plugin.NovaSegmentNotifier object at 0x7fecd5ee5390>> segment_host_mapping after_create subscribe /usr/lib/python2.7/site-packages/neutron_lib/callbacks/manager.py:41
2018-09-29 13:11:52.421 2158 DEBUG neutron_lib.callbacks.manager [req-027a5139-be05-4026-876c-2f5916db40ec e386cb43209f41fcb7173020f656e97e 63d6ee59c98741e4acf874cc7755dc45 - default default] Subscribe: <bound method NovaSegmentNotifier._notify_port_created_or_deleted of <neutron.services.segments.plugin.NovaSegmentNotifier object at 0x7fecd5ee5390>> port after_create subscribe /usr/lib/python2.7/site-packages/neutron_lib/callbacks/manager.py:41
2018-09-29 13:11:52.422 2158 DEBUG neutron_lib.callbacks.manager [req-027a5139-be05-4026-876c-2f5916db40ec e386cb43209f41fcb7173020f656e97e 63d6ee59c98741e4acf874cc7755dc45 - default default] Subscribe: <bound method NovaSegmentNotifier._notify_port_created_or_deleted of <neutron.services.segments.plugin.NovaSegmentNotifier object at 0x7fecd5ee5390>> port after_delete subscribe /usr/lib/python2.7/site-packages/neutron_lib/callbacks/manager.py:41
2018-09-29 13:11:52.422 2158 DEBUG neutron_lib.callbacks.manager [req-027a5139-be05-4026-876c-2f5916db40ec e386cb43209f41fcb7173020f656e97e 63d6ee59c98741e4acf874cc7755dc45 - default default] Subscribe: <bound method NovaSegmentNotifier._notify_port_updated of <neutron.services.segments.plugin.NovaSegmentNotifier object at 0x7fecd5ee5390>> port after_update subscribe /usr/lib/python2.7/site-packages/neutron_lib/callbacks/manager.py:41
2018-09-29 13:11:52.423 2158 DEBUG neutron_lib.callbacks.manager [req-027a5139-be05-4026-876c-2f5916db40ec e386cb43209f41fcb7173020f656e97e 63d6ee59c98741e4acf874cc7755dc45 - default default] Subscribe: <bound method NovaSegmentNotifier._notify_subnet_created of <neutron.services.segments.plugin.NovaSegmentNotifier object at 0x7fecd5ee5390>> subnet after_create subscribe /usr/lib/python2.7/site-packages/neutron_lib/callbacks/manager.py:41
2018-09-29 13:11:52.423 2158 DEBUG neutron_lib.callbacks.manager [req-027a5139-be05-4026-876c-2f5916db40ec e386cb43209f41fcb7173020f656e97e 63d6ee59c98741e4acf874cc7755dc45 - default default] Subscribe: <bound method NovaSegmentNotifier._notify_subnet_deleted of <neutron.services.segments.plugin.NovaSegmentNotifier object at 0x7fecd5ee5390>> subnet after_delete subscribe /usr/lib/python2.7/site-packages/neutron_lib/callbacks/manager.py:41
2018-09-29 13:11:52.424 2158 DEBUG neutron_lib.callbacks.manager [req-027a5139-be05-4026-876c-2f5916db40ec e386cb43209f41fcb7173020f656e97e 63d6ee59c98741e4acf874cc7755dc45 - default default] Subscribe: <bound method NovaSegmentNotifier._notify_subnet_updated of <neutron.services.segments.plugin.NovaSegmentNotifier object at 0x7fecd5ee5390>> subnet after_update subscribe /usr/lib/python2.7/site-packages/neutron_lib/callbacks/manager.py:41
2018-09-29 13:11:52.523 2160 DEBUG neutron.api.rpc.handlers.resources_rpc [req-bad4617d-57e4-4a5d-a0b1-941f37b4174f - - - - -] neutron.api.rpc.handlers.resources_rpc.ResourcesPushRpcApi method push called with arguments (<neutron_lib.context.Context object at 0x7fecd5dbfa10>, [Port(admin_state_up=True,allowed_address_pairs=[],binding=PortBinding,binding_levels=[PortBindingLevel],created_at=2018-09-29T17:11:50Z,data_plane_status=<?>,description='',device_id='dhcpcd8f5f9f-e3e8-569f-87ef-f03c6cfc29bc-5664e780-993b-479d-900b-9c8aa7ec2e0f',device_owner='network:dhcp',dhcp_options=[],distributed_binding=None,dns=None,fixed_ips=[],id=5f2fc0f5-f5ad-4008-86ce-13d1fc7fc294,mac_address=fa:16:3e:75:88:c8,name='',network_id=5664e780-993b-479d-900b-9c8aa7ec2e0f,project_id='f69b570366124e5cb85f5ae5791ea5af',qos_policy_id=None,revision_number=4,security=PortSecurity(5f2fc0f5-f5ad-4008-86ce-13d1fc7fc294),security_group_ids=set([]),status='DOWN',updated_at=2018-09-29T17:11:52Z)], 'updated') {} wrapper /usr/lib/python2.7/site-packages/oslo_log/helpers.py:66
2018-09-29 13:11:52.538 2160 DEBUG oslo_concurrency.lockutils [req-bad4617d-57e4-4a5d-a0b1-941f37b4174f - - - - -] Lock "event-dispatch" released by "neutron.plugins.ml2.ovo_rpc.dispatch_events" :: held 0.247s inner /usr/lib/python2.7/site-packages/oslo_concurrency/lockutils.py:282
2018-09-29 13:11:52.582 2158 DEBUG neutron.services.segments.db [req-027a5139-be05-4026-876c-2f5916db40ec e386cb43209f41fcb7173020f656e97e 63d6ee59c98741e4acf874cc7755dc45 - default default] neutron.services.segments.plugin.Plugin method get_segments called with arguments (<neutron_lib.context.Context object at 0x7fecd5914410>,) {'filters': {'network_id': [u'5664e780-993b-479d-900b-9c8aa7ec2e0f']}} wrapper /usr/lib/python2.7/site-packages/oslo_log/helpers.py:66
2018-09-29 13:11:52.589 2160 DEBUG neutron.quota.resource [req-bad4617d-57e4-4a5d-a0b1-941f37b4174f - - - - -] Persisted dirty status for tenant:f69b570366124e5cb85f5ae5791ea5af on resource:port mark_dirty /usr/lib/python2.7/site-packages/neutron/quota/resource.py:207
2018-09-29 13:11:52.607 2158 DEBUG neutron.services.segments.db [req-027a5139-be05-4026-876c-2f5916db40ec e386cb43209f41fcb7173020f656e97e 63d6ee59c98741e4acf874cc7755dc45 - default default] neutron.services.segments.plugin.Plugin method delete_segment called with arguments (<neutron_lib.context.Context object at 0x7fecd5914410>, '7ddec130-4e4f-4349-8775-3117b48039ce') {'for_net_delete': True} wrapper /usr/lib/python2.7/site-packages/oslo_log/helpers.py:66
2018-09-29 13:11:52.608 2158 DEBUG neutron.services.segments.db [req-027a5139-be05-4026-876c-2f5916db40ec e386cb43209f41fcb7173020f656e97e 63d6ee59c98741e4acf874cc7755dc45 - default default] neutron.services.segments.plugin.Plugin method get_segment called with arguments (<neutron_lib.context.Context object at 0x7fecd5914410>, '7ddec130-4e4f-4349-8775-3117b48039ce') {} wrapper /usr/lib/python2.7/site-packages/oslo_log/helpers.py:66
2018-09-29 13:11:52.624 2158 DEBUG neutron_lib.callbacks.manager [req-027a5139-be05-4026-876c-2f5916db40ec e386cb43209f41fcb7173020f656e97e 63d6ee59c98741e4acf874cc7755dc45 - default default] Notify callbacks ['neutron.plugins.ml2.db._prevent_segment_delete_with_port_bound-8790949786177', 'neutron.services.segments.plugin.Plugin._prevent_segment_delete_with_subnet_associated--9223372036851342941'] for segment, before_delete _notify_loop /usr/lib/python2.7/site-packages/neutron_lib/callbacks/manager.py:167
2018-09-29 13:11:52.630 2161 DEBUG neutron.api.rpc.handlers.dhcp_rpc [req-c2abc9de-7510-423d-a442-d55bf7e0074e - - - - -] Network 5664e780-993b-479d-900b-9c8aa7ec2e0f requested from localhost.localdomain get_network_info /usr/lib/python2.7/site-packages/neutron/api/rpc/handlers/dhcp_rpc.py:199
2018-09-29 13:11:52.656 2158 DEBUG neutron_lib.callbacks.manager [req-027a5139-be05-4026-876c-2f5916db40ec e386cb43209f41fcb7173020f656e97e 63d6ee59c98741e4acf874cc7755dc45 - default default] Notify callbacks ['neutron.plugins.ml2.plugin.Ml2Plugin._handle_segment_change-1834219'] for segment, precommit_delete _notify_loop /usr/lib/python2.7/site-packages/neutron_lib/callbacks/manager.py:167
2018-09-29 13:11:52.660 2158 DEBUG neutron.plugins.ml2.drivers.type_tunnel [req-027a5139-be05-4026-876c-2f5916db40ec e386cb43209f41fcb7173020f656e97e 63d6ee59c98741e4acf874cc7755dc45 - default default] Releasing vxlan tunnel 80 to pool release_segment /usr/lib/python2.7/site-packages/neutron/plugins/ml2/drivers/type_tunnel.py:322
2018-09-29 13:11:52.923 2158 DEBUG neutron.plugins.ml2.managers [req-027a5139-be05-4026-876c-2f5916db40ec e386cb43209f41fcb7173020f656e97e 63d6ee59c98741e4acf874cc7755dc45 - default default] Network 5664e780-993b-479d-900b-9c8aa7ec2e0f has no segments _extend_network_dict_provider /usr/lib/python2.7/site-packages/neutron/plugins/ml2/managers.py:165
2018-09-29 13:11:52.940 2158 DEBUG neutron_lib.callbacks.manager [req-027a5139-be05-4026-876c-2f5916db40ec e386cb43209f41fcb7173020f656e97e 63d6ee59c98741e4acf874cc7755dc45 - default default] Notify callbacks ['neutron.plugins.ml2.plugin.Ml2Plugin._handle_segment_change-1834219'] for segment, after_delete _notify_loop /usr/lib/python2.7/site-packages/neutron_lib/callbacks/manager.py:167
2018-09-29 13:11:52.961 2163 DEBUG neutron.api.rpc.handlers.dhcp_rpc [req-9c7e3e5c-4c1e-4d02-a71f-d949531e93df - - - - -] DHCP port deletion for 5664e780-993b-479d-900b-9c8aa7ec2e0f request from localhost.localdomain release_dhcp_port /usr/lib/python2.7/site-packages/neutron/api/rpc/handlers/dhcp_rpc.py:246
