2018-09-13 22:53:12.557 26384 DEBUG neutron.db.provisioning_blocks [req-acc53a5f-2164-46f5-a3db-200b5340488a - - - - -] Provisioning complete for port daf05e66-6cc1-458c-a4e4-5bd588b27615 triggered by entity L2. provisioning_complete /usr/lib/python2.7/site-packages/neutron/db/provisioning_blocks.py:138
2018-09-13 22:53:12.558 26384 DEBUG neutron_lib.callbacks.manager [req-acc53a5f-2164-46f5-a3db-200b5340488a - - - - -] Notify callbacks ['neutron.plugins.ml2.plugin.Ml2Plugin._port_provisioned--9223372036846625770'] for port, provisioning_complete _notify_loop /usr/lib/python2.7/site-packages/neutron_lib/callbacks/manager.py:167
2018-09-13 22:53:12.718 26384 DEBUG neutron_lib.callbacks.manager [req-acc53a5f-2164-46f5-a3db-200b5340488a - - - - -] Notify callbacks ['neutron.plugins.ml2.plugin.Ml2Plugin._ensure_default_security_group_handler--9223372036846826700'] for port, before_update _notify_loop /usr/lib/python2.7/site-packages/neutron_lib/callbacks/manager.py:167
2018-09-13 22:53:12.785 26384 DEBUG oslo_concurrency.lockutils [-] Lock "notifier-ef01c4a8-e4f9-4b2b-87f9-8d6042325c24" acquired by "neutron.notifiers.batch_notifier.synced_send" :: waited 0.000s inner /usr/lib/python2.7/site-packages/oslo_concurrency/lockutils.py:270
2018-09-13 22:53:12.785 26384 DEBUG neutron.notifiers.nova [-] Sending events: [{'status': 'completed', 'tag': u'daf05e66-6cc1-458c-a4e4-5bd588b27615', 'name': 'network-vif-plugged', 'server_uuid': u'f4d2c7f3-8a7f-4aa3-b64a-75032f40a836'}] send_events /usr/lib/python2.7/site-packages/neutron/notifiers/nova.py:242
2018-09-13 22:53:12.793 26384 DEBUG neutron.plugins.ml2.db [req-acc53a5f-2164-46f5-a3db-200b5340488a - - - - -] For port daf05e66-6cc1-458c-a4e4-5bd588b27615, host localhost.localdomain, got binding levels [<neutron.plugins.ml2.models.PortBindingLevel[object at 7fec326f7290] {port_id=u'daf05e66-6cc1-458c-a4e4-5bd588b27615', host=u'localhost.localdomain', level=0, driver=u'openvswitch', segment_id=u'26bb1578-9b2f-4ec6-9e7f-a4d3afbed827'}>] get_binding_levels /usr/lib/python2.7/site-packages/neutron/plugins/ml2/db.py:106
2018-09-13 22:53:12.807 26384 DEBUG neutron_lib.callbacks.manager [req-acc53a5f-2164-46f5-a3db-200b5340488a - - - - -] Notify callbacks ['neutron.plugins.ml2.ovo_rpc._ObjectChangeHandler.handle_event--9223372036854200040', 'neutron.plugins.ml2.plugin.Ml2Plugin.notify_sg_on_port_change--9223372036846827631', 'neutron.api.rpc.agentnotifiers.dhcp_rpc_agent_api.DhcpAgentNotifyAPI._native_event_send_dhcp_notification--9223372036854089341', 'neutron.db.l3_hascheduler_db._notify_l3_agent_ha_port_update-8790778121958', 'neutron.db.l3_dvrscheduler_db._notify_l3_agent_port_update-8790778121883'] for port, after_update _notify_loop /usr/lib/python2.7/site-packages/neutron_lib/callbacks/manager.py:167
2018-09-13 22:53:12.815 26384 DEBUG oslo_concurrency.lockutils [-] Lock "event-dispatch" acquired by "neutron.plugins.ml2.ovo_rpc.dispatch_events" :: waited 0.000s inner /usr/lib/python2.7/site-packages/oslo_concurrency/lockutils.py:270
2018-09-13 22:53:13.010 26384 DEBUG neutron.api.rpc.handlers.resources_rpc [req-acc53a5f-2164-46f5-a3db-200b5340488a - - - - -] neutron.api.rpc.handlers.resources_rpc.ResourcesPushRpcApi method push called with arguments (<neutron_lib.context.Context object at 0x7fec329298d0>, [Port(admin_state_up=True,allowed_address_pairs=[],binding=PortBinding,binding_levels=[PortBindingLevel],created_at=2018-09-14T02:49:37Z,data_plane_status=<?>,description='',device_id='f4d2c7f3-8a7f-4aa3-b64a-75032f40a836',device_owner='compute:nova',dhcp_options=[],distributed_binding=None,dns=None,fixed_ips=[IPAllocation],id=daf05e66-6cc1-458c-a4e4-5bd588b27615,mac_address=fa:16:3e:04:7b:aa,name='',network_id=a4bee39c-45bc-4b05-bbca-6fd0b383207e,project_id='09add3139d4b49cc8a6eac76fd033e7f',qos_policy_id=None,revision_number=8,security=PortSecurity(daf05e66-6cc1-458c-a4e4-5bd588b27615),security_group_ids=set([a01d904c-1109-46de-906a-4ee3239e329c]),status='ACTIVE',updated_at=2018-09-14T02:53:12Z)], 'updated') {} wrapper /usr/lib/python2.7/site-packages/oslo_log/helpers.py:66
2018-09-13 22:53:13.026 26384 DEBUG neutron.api.rpc.callbacks.version_manager [req-acc53a5f-2164-46f5-a3db-200b5340488a - - - - -] Version for resource type Subnet changed None to 1.0 on consumer Open vSwitch agent@localhost.localdomain _set_version /usr/lib/python2.7/site-packages/neutron/api/rpc/callbacks/version_manager.py:119
2018-09-13 22:53:13.027 26384 DEBUG neutron.api.rpc.callbacks.version_manager [req-acc53a5f-2164-46f5-a3db-200b5340488a - - - - -] Version for resource type Network changed None to 1.0 on consumer Open vSwitch agent@localhost.localdomain _set_version /usr/lib/python2.7/site-packages/neutron/api/rpc/callbacks/version_manager.py:119
2018-09-13 22:53:13.027 26384 DEBUG neutron.api.rpc.callbacks.version_manager [req-acc53a5f-2164-46f5-a3db-200b5340488a - - - - -] Version for resource type SubPort changed None to 1.0 on consumer Open vSwitch agent@localhost.localdomain _set_version /usr/lib/python2.7/site-packages/neutron/api/rpc/callbacks/version_manager.py:119
2018-09-13 22:53:13.028 26384 DEBUG neutron.api.rpc.callbacks.version_manager [req-acc53a5f-2164-46f5-a3db-200b5340488a - - - - -] Version for resource type SecurityGroup changed None to 1.0 on consumer Open vSwitch agent@localhost.localdomain _set_version /usr/lib/python2.7/site-packages/neutron/api/rpc/callbacks/version_manager.py:119
2018-09-13 22:53:13.029 26384 DEBUG neutron.api.rpc.callbacks.version_manager [req-acc53a5f-2164-46f5-a3db-200b5340488a - - - - -] Version for resource type SecurityGroupRule changed None to 1.0 on consumer Open vSwitch agent@localhost.localdomain _set_version /usr/lib/python2.7/site-packages/neutron/api/rpc/callbacks/version_manager.py:119
2018-09-13 22:53:13.030 26384 DEBUG neutron.api.rpc.callbacks.version_manager [req-acc53a5f-2164-46f5-a3db-200b5340488a - - - - -] Version for resource type Trunk changed None to 1.1 on consumer Open vSwitch agent@localhost.localdomain _set_version /usr/lib/python2.7/site-packages/neutron/api/rpc/callbacks/version_manager.py:119
2018-09-13 22:53:13.030 26384 DEBUG neutron.api.rpc.callbacks.version_manager [req-acc53a5f-2164-46f5-a3db-200b5340488a - - - - -] Version for resource type QosPolicy changed None to 1.6 on consumer Open vSwitch agent@localhost.localdomain _set_version /usr/lib/python2.7/site-packages/neutron/api/rpc/callbacks/version_manager.py:119
2018-09-13 22:53:13.031 26384 DEBUG neutron.api.rpc.callbacks.version_manager [req-acc53a5f-2164-46f5-a3db-200b5340488a - - - - -] Version for resource type Port changed None to 1.1 on consumer Open vSwitch agent@localhost.localdomain _set_version /usr/lib/python2.7/site-packages/neutron/api/rpc/callbacks/version_manager.py:119
2018-09-13 22:53:13.032 26384 DEBUG neutron.api.rpc.callbacks.version_manager [req-acc53a5f-2164-46f5-a3db-200b5340488a - - - - -] Version for resource type Log changed None to 1.0 on consumer Open vSwitch agent@localhost.localdomain _set_version /usr/lib/python2.7/site-packages/neutron/api/rpc/callbacks/version_manager.py:119
2018-09-13 22:53:13.061 26384 DEBUG oslo_concurrency.lockutils [req-acc53a5f-2164-46f5-a3db-200b5340488a - - - - -] Lock "event-dispatch" released by "neutron.plugins.ml2.ovo_rpc.dispatch_events" :: held 0.246s inner /usr/lib/python2.7/site-packages/oslo_concurrency/lockutils.py:282
2018-09-13 22:53:13.727 26387 DEBUG neutron.plugins.ml2.rpc [req-acc53a5f-2164-46f5-a3db-200b5340488a - - - - -] Device daf05e66-6cc1-458c-a4e4-5bd588b27615 up at agent ovs-agent-localhost.localdomain update_device_up /usr/lib/python2.7/site-packages/neutron/plugins/ml2/rpc.py:244
2018-09-13 22:53:13.894 26387 DEBUG neutron.db.provisioning_blocks [req-acc53a5f-2164-46f5-a3db-200b5340488a - - - - -] Provisioning complete for port daf05e66-6cc1-458c-a4e4-5bd588b27615 triggered by entity L2. provisioning_complete /usr/lib/python2.7/site-packages/neutron/db/provisioning_blocks.py:138
2018-09-13 22:53:13.900 26387 DEBUG neutron_lib.callbacks.manager [req-acc53a5f-2164-46f5-a3db-200b5340488a - - - - -] Notify callbacks ['neutron.plugins.ml2.plugin.Ml2Plugin._port_provisioned--9223372036846625770'] for port, provisioning_complete _notify_loop /usr/lib/python2.7/site-packages/neutron_lib/callbacks/manager.py:167
2018-09-13 22:53:13.904 26384 DEBUG novaclient.v2.client [-] REQ: curl -g -i -X POST http://10.0.20.24:8774/v2.1/a6274edd06114a55b9dc116852780190/os-server-external-events -H "User-Agent: python-novaclient" -H "Content-Type: application/json" -H "Accept: application/json" -H "X-OpenStack-Nova-API-Version: 2.1" -H "X-Auth-Token: {SHA1}c8f0f8d9577b4822df13304aedae9ef40cc688a8" -d '{"events": [{"status": "completed", "tag": "daf05e66-6cc1-458c-a4e4-5bd588b27615", "name": "network-vif-plugged", "server_uuid": "f4d2c7f3-8a7f-4aa3-b64a-75032f40a836"}]}' _http_log_request /usr/lib/python2.7/site-packages/keystoneauth1/session.py:375
2018-09-13 22:53:14.622 26384 DEBUG novaclient.v2.client [-] RESP: [200] Content-Length: 183 Content-Type: application/json Openstack-Api-Version: compute 2.1 X-Openstack-Nova-Api-Version: 2.1 Vary: OpenStack-API-Version, X-OpenStack-Nova-API-Version X-Openstack-Request-Id: req-4ab2c3db-a5bc-4cef-bcc0-4b429247b513 X-Compute-Request-Id: req-4ab2c3db-a5bc-4cef-bcc0-4b429247b513 Date: Fri, 14 Sep 2018 02:53:14 GMT Connection: keep-alive 
RESP BODY: {"events": [{"status": "completed", "tag": "daf05e66-6cc1-458c-a4e4-5bd588b27615", "name": "network-vif-plugged", "server_uuid": "f4d2c7f3-8a7f-4aa3-b64a-75032f40a836", "code": 200}]}
 _http_log_response /usr/lib/python2.7/site-packages/keystoneauth1/session.py:423
2018-09-13 22:53:14.623 26384 DEBUG novaclient.v2.client [-] POST call to compute for http://10.0.20.24:8774/v2.1/a6274edd06114a55b9dc116852780190/os-server-external-events used request id req-4ab2c3db-a5bc-4cef-bcc0-4b429247b513 request /usr/lib/python2.7/site-packages/keystoneauth1/session.py:727
2018-09-13 22:53:14.639 26384 INFO neutron.notifiers.nova [-] Nova event response: {u'status': u'completed', u'tag': u'daf05e66-6cc1-458c-a4e4-5bd588b27615', u'name': u'network-vif-plugged', u'server_uuid': u'f4d2c7f3-8a7f-4aa3-b64a-75032f40a836', u'code': 200}
2018-09-13 22:53:16.641 26384 DEBUG oslo_concurrency.lockutils [-] Lock "notifier-ef01c4a8-e4f9-4b2b-87f9-8d6042325c24" released by "neutron.notifiers.batch_notifier.synced_send" :: held 3.856s inner /usr/lib/python2.7/site-packages/oslo_concurrency/lockutils.py:282
2018-09-13 22:53:22.885 26377 INFO neutron.wsgi [req-d2a1e59c-5164-41d5-a06e-b6b0b74535c0 cbfcd71c10fb409a8fdff598acd61c1f 09add3139d4b49cc8a6eac76fd033e7f - 044ea253c4ac4f6aaab398589250f3e8 044ea253c4ac4f6aaab398589250f3e8] 10.0.20.24 "GET /v2.0/ports?device_id=f4d2c7f3-8a7f-4aa3-b64a-75032f40a836 HTTP/1.1" status: 200  len: 1123 time: 1.0460651
2018-09-13 22:53:23.133 26377 INFO neutron.wsgi [req-1fc5af2a-4464-4b35-a94d-83fbfff4fe23 cbfcd71c10fb409a8fdff598acd61c1f 09add3139d4b49cc8a6eac76fd033e7f - 044ea253c4ac4f6aaab398589250f3e8 044ea253c4ac4f6aaab398589250f3e8] 10.0.20.24 "GET /v2.0/security-groups?id=a01d904c-1109-46de-906a-4ee3239e329c HTTP/1.1" status: 200  len: 2118 time: 0.2347181
2018-09-13 22:53:27.181 26386 DEBUG neutron_lib.callbacks.manager [req-5d8d6ce0-1de7-48fd-b404-d4987e78a4cf - - - - -] Notify callbacks ['neutron.services.segments.db._update_segment_host_mapping_for_agent--9223363246076319928'] for agent, after_update _notify_loop /usr/lib/python2.7/site-packages/neutron_lib/callbacks/manager.py:167
2018-09-13 22:53:27.196 26389 DEBUG neutron_lib.callbacks.manager [req-042884e5-9bd1-43d8-b25d-8ab2f4559e93 - - - - -] Notify callbacks ['neutron.services.segments.db._update_segment_host_mapping_for_agent--9223363246076319928'] for agent, after_update _notify_loop /usr/lib/python2.7/site-packages/neutron_lib/callbacks/manager.py:167
2018-09-13 22:53:27.279 26384 DEBUG neutron_lib.callbacks.manager [req-0fe1ed7c-5c57-4fcd-a3ef-81ecfcb31151 - - - - -] Notify callbacks ['neutron.services.segments.db._update_segment_host_mapping_for_agent--9223363246076319928'] for agent, after_update _notify_loop /usr/lib/python2.7/site-packages/neutron_lib/callbacks/manager.py:167
2018-09-13 22:53:27.742 26381 DEBUG neutron_lib.callbacks.manager [req-e56abb71-eb31-4072-b530-e0deda634e07 - - - - -] Notify callbacks ['neutron.services.segments.db._update_segment_host_mapping_for_agent--9223363246076319928'] for agent, after_update _notify_loop /usr/lib/python2.7/site-packages/neutron_lib/callbacks/manager.py:167
2018-09-13 22:53:39.797 26387 DEBUG neutron_lib.callbacks.manager [req-acc53a5f-2164-46f5-a3db-200b5340488a - - - - -] Notify callbacks ['neutron.services.segments.db._update_segment_host_mapping_for_agent--9223363246076319928'] for agent, after_update _notify_loop /usr/lib/python2.7/site-packages/neutron_lib/callbacks/manager.py:167
2018-09-13 22:53:41.849 26392 DEBUG neutron.db.agents_db [req-3ca730db-b894-483d-8a95-2d8365fd94a7 - - - - -] Agent healthcheck: found 5 active agents agent_health_check /usr/lib/python2.7/site-packages/neutron/db/agents_db.py:281
2018-09-13 22:53:45.058 26377 INFO neutron.wsgi [req-996af3c4-ec44-40f2-96bc-8580c7a57a28 392423df3617489b9a4259e561d5ba29 a6274edd06114a55b9dc116852780190 - default default] 10.0.20.24 "GET /v2.0/ports?device_id=f4d2c7f3-8a7f-4aa3-b64a-75032f40a836 HTTP/1.1" status: 200  len: 1123 time: 0.1465380
2018-09-13 22:53:45.193 26377 INFO neutron.wsgi [req-7d06645e-c3b2-4427-8fbb-dde7b89c8ddf 392423df3617489b9a4259e561d5ba29 a6274edd06114a55b9dc116852780190 - default default] 10.0.20.24 "GET /v2.0/security-groups?id=a01d904c-1109-46de-906a-4ee3239e329c HTTP/1.1" status: 200  len: 2118 time: 0.1279299
2018-09-13 22:53:46.820 26377 INFO neutron.wsgi [req-53c5a95d-c101-48af-8929-391d314507f1 392423df3617489b9a4259e561d5ba29 a6274edd06114a55b9dc116852780190 - default default] 10.0.20.24 "GET /v2.0/ports?device_id=f4d2c7f3-8a7f-4aa3-b64a-75032f40a836 HTTP/1.1" status: 200  len: 1123 time: 0.1659341
2018-09-13 22:53:47.000 26377 INFO neutron.wsgi [req-894f6479-3e83-429f-aa6a-6c520d0626a3 392423df3617489b9a4259e561d5ba29 a6274edd06114a55b9dc116852780190 - default default] 10.0.20.24 "GET /v2.0/security-groups?id=a01d904c-1109-46de-906a-4ee3239e329c HTTP/1.1" status: 200  len: 2118 time: 0.1704991
2018-09-13 22:53:48.329 26373 INFO neutron.wsgi [req-fd92bf8e-effd-469c-b6aa-71bb9ad91daa 392423df3617489b9a4259e561d5ba29 a6274edd06114a55b9dc116852780190 - default default] 10.0.20.24 "GET /v2.0/ports?device_id=f4d2c7f3-8a7f-4aa3-b64a-75032f40a836 HTTP/1.1" status: 200  len: 1123 time: 0.1343482
2018-09-13 22:53:48.530 26373 INFO neutron.wsgi [req-3eb92464-523c-4e01-b362-ae82611a69bc 392423df3617489b9a4259e561d5ba29 a6274edd06114a55b9dc116852780190 - default default] 10.0.20.24 "GET /v2.0/security-groups?id=a01d904c-1109-46de-906a-4ee3239e329c HTTP/1.1" status: 200  len: 2118 time: 0.1927619
2018-09-13 22:53:52.246 26373 DEBUG neutron.wsgi [-] (26373) accepted ('10.0.20.24', 40824) server /usr/lib/python2.7/site-packages/eventlet/wsgi.py:883
2018-09-13 22:53:53.272 26373 INFO neutron.wsgi [req-9e28dc46-a617-4ff3-b81b-c2362382b183 392423df3617489b9a4259e561d5ba29 a6274edd06114a55b9dc116852780190 - default default] 10.0.20.24 "GET /v2.0/ports?device_id=f4d2c7f3-8a7f-4aa3-b64a-75032f40a836 HTTP/1.1" status: 200  len: 1123 time: 1.0237038
2018-09-13 22:53:53.419 26373 INFO neutron.wsgi [req-96ce4b12-5dba-4858-9bb7-5a0eb3ed1f91 392423df3617489b9a4259e561d5ba29 a6274edd06114a55b9dc116852780190 - default default] 10.0.20.24 "GET /v2.0/security-groups?id=a01d904c-1109-46de-906a-4ee3239e329c HTTP/1.1" status: 200  len: 2118 time: 0.1359608
2018-09-13 22:53:54.672 26376 INFO neutron.wsgi [req-d5720774-c8dd-4745-a850-ea42824d9dae 392423df3617489b9a4259e561d5ba29 a6274edd06114a55b9dc116852780190 - default default] 10.0.20.24 "GET /v2.0/ports?device_id=f4d2c7f3-8a7f-4aa3-b64a-75032f40a836 HTTP/1.1" status: 200  len: 1123 time: 0.1771970
2018-09-13 22:53:54.821 26376 INFO neutron.wsgi [req-4cbfa22d-8db5-47df-9010-1d636596feb4 392423df3617489b9a4259e561d5ba29 a6274edd06114a55b9dc116852780190 - default default] 10.0.20.24 "GET /v2.0/security-groups?id=a01d904c-1109-46de-906a-4ee3239e329c HTTP/1.1" status: 200  len: 2118 time: 0.1382079
2018-09-13 22:53:57.194 26391 DEBUG neutron_lib.callbacks.manager [req-5d8d6ce0-1de7-48fd-b404-d4987e78a4cf - - - - -] Notify callbacks ['neutron.services.segments.db._update_segment_host_mapping_for_agent--9223363246076319928'] for agent, after_update _notify_loop /usr/lib/python2.7/site-packages/neutron_lib/callbacks/manager.py:167
2018-09-13 22:53:57.214 26390 DEBUG neutron_lib.callbacks.manager [req-042884e5-9bd1-43d8-b25d-8ab2f4559e93 - - - - -] Notify callbacks ['neutron.services.segments.db._update_segment_host_mapping_for_agent--9223363246076319928'] for agent, after_update _notify_loop /usr/lib/python2.7/site-packages/neutron_lib/callbacks/manager.py:167
2018-09-13 22:53:57.294 26383 DEBUG neutron_lib.callbacks.manager [req-a5e3b71b-b93b-4d6b-9381-381f2ab75ae5 - - - - -] Notify callbacks ['neutron.services.segments.db._update_segment_host_mapping_for_agent--9223363246076319928'] for agent, after_update _notify_loop /usr/lib/python2.7/site-packages/neutron_lib/callbacks/manager.py:167
2018-09-13 22:53:57.473 26376 INFO neutron.wsgi [req-d9aea6c0-d0c9-4079-b77e-0c176a280b85 392423df3617489b9a4259e561d5ba29 a6274edd06114a55b9dc116852780190 - default default] 10.0.20.24 "GET /v2.0/ports?device_id=f4d2c7f3-8a7f-4aa3-b64a-75032f40a836 HTTP/1.1" status: 200  len: 1123 time: 0.1726499
2018-09-13 22:53:57.624 26376 INFO neutron.wsgi [req-9d532c0b-e8be-40b2-a583-b9c6ca6fc840 392423df3617489b9a4259e561d5ba29 a6274edd06114a55b9dc116852780190 - default default] 10.0.20.24 "GET /v2.0/security-groups?id=a01d904c-1109-46de-906a-4ee3239e329c HTTP/1.1" status: 200  len: 2118 time: 0.1433871
2018-09-13 22:53:57.764 26382 DEBUG neutron_lib.callbacks.manager [req-f3b2b687-8e0e-4644-898d-7b1e508f9491 - - - - -] Notify callbacks ['neutron.services.segments.db._update_segment_host_mapping_for_agent--9223363246076319928'] for agent, after_update _notify_loop /usr/lib/python2.7/site-packages/neutron_lib/callbacks/manager.py:167
2018-09-13 22:54:09.787 26386 DEBUG neutron_lib.callbacks.manager [req-acc53a5f-2164-46f5-a3db-200b5340488a - - - - -] Notify callbacks ['neutron.services.segments.db._update_segment_host_mapping_for_agent--9223363246076319928'] for agent, after_update _notify_loop /usr/lib/python2.7/site-packages/neutron_lib/callbacks/manager.py:167
2018-09-13 22:54:10.248 26377 INFO neutron.wsgi [req-fcf0cb31-4d9f-4e75-acfe-516ee99f76cb 392423df3617489b9a4259e561d5ba29 a6274edd06114a55b9dc116852780190 - default default] 10.0.20.24 "GET /v2.0/ports?tenant_id=09add3139d4b49cc8a6eac76fd033e7f&device_id=f4d2c7f3-8a7f-4aa3-b64a-75032f40a836 HTTP/1.1" status: 200  len: 1123 time: 0.1660480
2018-09-13 22:54:10.601 26377 DEBUG neutron.pecan_wsgi.hooks.policy_enforcement [req-4863c6cf-4618-4d5a-8ecd-24e5960aeb33 392423df3617489b9a4259e561d5ba29 a6274edd06114a55b9dc116852780190 - default default] Attributes excluded by policy engine: [u'vlan_transparent'] _exclude_attributes_by_policy /usr/lib/python2.7/site-packages/neutron/pecan_wsgi/hooks/policy_enforcement.py:256
2018-09-13 22:54:10.605 26377 INFO neutron.wsgi [req-4863c6cf-4618-4d5a-8ecd-24e5960aeb33 392423df3617489b9a4259e561d5ba29 a6274edd06114a55b9dc116852780190 - default default] 10.0.20.24 "GET /v2.0/networks?id=a4bee39c-45bc-4b05-bbca-6fd0b383207e HTTP/1.1" status: 200  len: 885 time: 0.3488772
2018-09-13 22:54:10.670 26377 INFO neutron.wsgi [req-5e776eff-3846-4d0e-a3b8-0432a6f22355 392423df3617489b9a4259e561d5ba29 a6274edd06114a55b9dc116852780190 - default default] 10.0.20.24 "GET /v2.0/floatingips?fixed_ip_address=11.66.1.8&port_id=daf05e66-6cc1-458c-a4e4-5bd588b27615 HTTP/1.1" status: 200  len: 749 time: 0.0538108
2018-09-13 22:54:10.846 26377 DEBUG neutron.pecan_wsgi.hooks.policy_enforcement [req-6ae0bb00-be5f-4a0f-99f2-49a504602d30 392423df3617489b9a4259e561d5ba29 a6274edd06114a55b9dc116852780190 - default default] Attributes excluded by policy engine: [u'shared'] _exclude_attributes_by_policy /usr/lib/python2.7/site-packages/neutron/pecan_wsgi/hooks/policy_enforcement.py:256
2018-09-13 22:54:10.851 26377 INFO neutron.wsgi [req-6ae0bb00-be5f-4a0f-99f2-49a504602d30 392423df3617489b9a4259e561d5ba29 a6274edd06114a55b9dc116852780190 - default default] 10.0.20.24 "GET /v2.0/subnets?id=c32da466-b456-42d9-8689-a92233ee3018 HTTP/1.1" status: 200  len: 843 time: 0.1715009
2018-09-13 22:54:11.031 26377 INFO neutron.wsgi [req-f210c136-6483-44f0-ad86-df4fb4dad699 392423df3617489b9a4259e561d5ba29 a6274edd06114a55b9dc116852780190 - default default] 10.0.20.24 "GET /v2.0/ports?network_id=a4bee39c-45bc-4b05-bbca-6fd0b383207e&device_owner=network%3Adhcp HTTP/1.1" status: 200  len: 1127 time: 0.1738200
2018-09-13 22:54:18.844 26392 DEBUG neutron.db.agents_db [req-3ca730db-b894-483d-8a95-2d8365fd94a7 - - - - -] Agent healthcheck: found 5 active agents agent_health_check /usr/lib/python2.7/site-packages/neutron/db/agents_db.py:281
2018-09-13 22:54:23.485 26373 DEBUG neutron.wsgi [-] (26373) accepted ('10.0.20.24', 40986) server /usr/lib/python2.7/site-packages/eventlet/wsgi.py:883
2018-09-13 22:54:23.488 26373 INFO neutron.wsgi [-] 10.0.20.24 "GET / HTTP/1.1" status: 200  len: 252 time: 0.0016098
2018-09-13 22:54:24.025 26373 INFO neutron.api.v2.resource [req-1de0b6ca-009b-47e8-bb02-b1e672b28576 cbfcd71c10fb409a8fdff598acd61c1f 09add3139d4b49cc8a6eac76fd033e7f - 044ea253c4ac4f6aaab398589250f3e8 044ea253c4ac4f6aaab398589250f3e8] show failed (client error): The resource could not be found.
2018-09-13 22:54:24.027 26373 INFO neutron.wsgi [req-1de0b6ca-009b-47e8-bb02-b1e672b28576 cbfcd71c10fb409a8fdff598acd61c1f 09add3139d4b49cc8a6eac76fd033e7f - 044ea253c4ac4f6aaab398589250f3e8 044ea253c4ac4f6aaab398589250f3e8] 10.0.20.24 "GET /v2.0/floatingips/172.24.4.7 HTTP/1.1" status: 404  len: 324 time: 0.5333951
2018-09-13 22:54:24.070 26373 INFO neutron.wsgi [req-fc4900a5-32b6-4f09-94a4-e72094655168 cbfcd71c10fb409a8fdff598acd61c1f 09add3139d4b49cc8a6eac76fd033e7f - 044ea253c4ac4f6aaab398589250f3e8 044ea253c4ac4f6aaab398589250f3e8] 10.0.20.24 "GET /v2.0/floatingips HTTP/1.1" status: 200  len: 1207 time: 0.0382569
2018-09-13 22:54:24.162 26373 DEBUG neutron.plugins.ml2.plugin [req-f9eec971-08eb-43d5-b544-f57fe92ebb17 cbfcd71c10fb409a8fdff598acd61c1f 09add3139d4b49cc8a6eac76fd033e7f - 044ea253c4ac4f6aaab398589250f3e8 044ea253c4ac4f6aaab398589250f3e8] Deleting port 9861c2b0-96df-46f4-8c80-0db64cd6dbce _pre_delete_port /usr/lib/python2.7/site-packages/neutron/plugins/ml2/plugin.py:915
2018-09-13 22:54:24.163 26373 DEBUG neutron_lib.callbacks.manager [req-f9eec971-08eb-43d5-b544-f57fe92ebb17 cbfcd71c10fb409a8fdff598acd61c1f 09add3139d4b49cc8a6eac76fd033e7f - 044ea253c4ac4f6aaab398589250f3e8 044ea253c4ac4f6aaab398589250f3e8] Notify callbacks ['neutron.db.l3_db._prevent_l3_port_delete_callback-8790778662661'] for port, before_delete _notify_loop /usr/lib/python2.7/site-packages/neutron_lib/callbacks/manager.py:167
2018-09-13 22:54:24.614 26373 DEBUG neutron.plugins.ml2.plugin [req-f9eec971-08eb-43d5-b544-f57fe92ebb17 cbfcd71c10fb409a8fdff598acd61c1f 09add3139d4b49cc8a6eac76fd033e7f - 044ea253c4ac4f6aaab398589250f3e8 044ea253c4ac4f6aaab398589250f3e8] Calling delete_port for 9861c2b0-96df-46f4-8c80-0db64cd6dbce owned by network:floatingip delete_port /usr/lib/python2.7/site-packages/neutron/plugins/ml2/plugin.py:955
2018-09-13 22:54:25.019 26373 DEBUG neutron_lib.callbacks.manager [req-f9eec971-08eb-43d5-b544-f57fe92ebb17 cbfcd71c10fb409a8fdff598acd61c1f 09add3139d4b49cc8a6eac76fd033e7f - 044ea253c4ac4f6aaab398589250f3e8 044ea253c4ac4f6aaab398589250f3e8] Notify callbacks ['neutron.plugins.ml2.ovo_rpc._ObjectChangeHandler.handle_event--9223372036854200040', 'neutron.plugins.ml2.plugin.Ml2Plugin.notify_sg_on_port_change--9223372036846827631', 'neutron.api.rpc.agentnotifiers.dhcp_rpc_agent_api.DhcpAgentNotifyAPI._native_event_send_dhcp_notification--9223372036854089341', 'neutron.db.l3_dvrscheduler_db._notify_port_delete--9223363246076653933', 'neutron.db.l3_db._notify_routers_callback-8790778666199'] for port, after_delete _notify_loop /usr/lib/python2.7/site-packages/neutron_lib/callbacks/manager.py:167
2018-09-13 22:54:25.057 26373 DEBUG oslo_concurrency.lockutils [-] Lock "event-dispatch" acquired by "neutron.plugins.ml2.ovo_rpc.dispatch_events" :: waited 0.000s inner /usr/lib/python2.7/site-packages/oslo_concurrency/lockutils.py:270
2018-09-13 22:54:25.239 26373 DEBUG neutron.api.rpc.handlers.resources_rpc [req-f9eec971-08eb-43d5-b544-f57fe92ebb17 cbfcd71c10fb409a8fdff598acd61c1f 09add3139d4b49cc8a6eac76fd033e7f - - -] neutron.api.rpc.handlers.resources_rpc.ResourcesPushRpcApi method push called with arguments (<neutron_lib.context.Context object at 0x7fec32465210>, [Port(admin_state_up=<?>,allowed_address_pairs=<?>,binding=<?>,binding_levels=<?>,created_at=<?>,data_plane_status=<?>,description=<?>,device_id=<?>,device_owner=<?>,dhcp_options=<?>,distributed_binding=<?>,dns=<?>,fixed_ips=<?>,id=9861c2b0-96df-46f4-8c80-0db64cd6dbce,mac_address=<?>,name=<?>,network_id=<?>,project_id=<?>,qos_policy_id=None,revision_number=<?>,security=<?>,security_group_ids=None,status=<?>,updated_at=<?>)], 'deleted') {} wrapper /usr/lib/python2.7/site-packages/oslo_log/helpers.py:66
2018-09-13 22:54:25.356 26373 DEBUG neutron.api.rpc.callbacks.version_manager [req-f9eec971-08eb-43d5-b544-f57fe92ebb17 cbfcd71c10fb409a8fdff598acd61c1f 09add3139d4b49cc8a6eac76fd033e7f - - -] Version for resource type Subnet changed None to 1.0 on consumer Open vSwitch agent@localhost.localdomain _set_version /usr/lib/python2.7/site-packages/neutron/api/rpc/callbacks/version_manager.py:119
2018-09-13 22:54:25.357 26373 DEBUG neutron.api.rpc.callbacks.version_manager [req-f9eec971-08eb-43d5-b544-f57fe92ebb17 cbfcd71c10fb409a8fdff598acd61c1f 09add3139d4b49cc8a6eac76fd033e7f - - -] Version for resource type Network changed None to 1.0 on consumer Open vSwitch agent@localhost.localdomain _set_version /usr/lib/python2.7/site-packages/neutron/api/rpc/callbacks/version_manager.py:119
2018-09-13 22:54:25.357 26373 DEBUG neutron.api.rpc.callbacks.version_manager [req-f9eec971-08eb-43d5-b544-f57fe92ebb17 cbfcd71c10fb409a8fdff598acd61c1f 09add3139d4b49cc8a6eac76fd033e7f - - -] Version for resource type SubPort changed None to 1.0 on consumer Open vSwitch agent@localhost.localdomain _set_version /usr/lib/python2.7/site-packages/neutron/api/rpc/callbacks/version_manager.py:119
2018-09-13 22:54:25.358 26373 DEBUG neutron.api.rpc.callbacks.version_manager [req-f9eec971-08eb-43d5-b544-f57fe92ebb17 cbfcd71c10fb409a8fdff598acd61c1f 09add3139d4b49cc8a6eac76fd033e7f - - -] Version for resource type SecurityGroup changed None to 1.0 on consumer Open vSwitch agent@localhost.localdomain _set_version /usr/lib/python2.7/site-packages/neutron/api/rpc/callbacks/version_manager.py:119
2018-09-13 22:54:25.359 26373 DEBUG neutron.api.rpc.callbacks.version_manager [req-f9eec971-08eb-43d5-b544-f57fe92ebb17 cbfcd71c10fb409a8fdff598acd61c1f 09add3139d4b49cc8a6eac76fd033e7f - - -] Version for resource type SecurityGroupRule changed None to 1.0 on consumer Open vSwitch agent@localhost.localdomain _set_version /usr/lib/python2.7/site-packages/neutron/api/rpc/callbacks/version_manager.py:119
2018-09-13 22:54:25.362 26373 DEBUG neutron.api.rpc.callbacks.version_manager [req-f9eec971-08eb-43d5-b544-f57fe92ebb17 cbfcd71c10fb409a8fdff598acd61c1f 09add3139d4b49cc8a6eac76fd033e7f - - -] Version for resource type Trunk changed None to 1.1 on consumer Open vSwitch agent@localhost.localdomain _set_version /usr/lib/python2.7/site-packages/neutron/api/rpc/callbacks/version_manager.py:119
2018-09-13 22:54:25.364 26373 DEBUG neutron.api.rpc.callbacks.version_manager [req-f9eec971-08eb-43d5-b544-f57fe92ebb17 cbfcd71c10fb409a8fdff598acd61c1f 09add3139d4b49cc8a6eac76fd033e7f - - -] Version for resource type QosPolicy changed None to 1.6 on consumer Open vSwitch agent@localhost.localdomain _set_version /usr/lib/python2.7/site-packages/neutron/api/rpc/callbacks/version_manager.py:119
2018-09-13 22:54:25.365 26373 DEBUG neutron.api.rpc.callbacks.version_manager [req-f9eec971-08eb-43d5-b544-f57fe92ebb17 cbfcd71c10fb409a8fdff598acd61c1f 09add3139d4b49cc8a6eac76fd033e7f - - -] Version for resource type Port changed None to 1.1 on consumer Open vSwitch agent@localhost.localdomain _set_version /usr/lib/python2.7/site-packages/neutron/api/rpc/callbacks/version_manager.py:119
2018-09-13 22:54:25.366 26373 DEBUG neutron.api.rpc.callbacks.version_manager [req-f9eec971-08eb-43d5-b544-f57fe92ebb17 cbfcd71c10fb409a8fdff598acd61c1f 09add3139d4b49cc8a6eac76fd033e7f - - -] Version for resource type Log changed None to 1.0 on consumer Open vSwitch agent@localhost.localdomain _set_version /usr/lib/python2.7/site-packages/neutron/api/rpc/callbacks/version_manager.py:119
2018-09-13 22:54:25.451 26373 DEBUG oslo_concurrency.lockutils [req-f9eec971-08eb-43d5-b544-f57fe92ebb17 cbfcd71c10fb409a8fdff598acd61c1f 09add3139d4b49cc8a6eac76fd033e7f - - -] Lock "event-dispatch" released by "neutron.plugins.ml2.ovo_rpc.dispatch_events" :: held 0.394s inner /usr/lib/python2.7/site-packages/oslo_concurrency/lockutils.py:282
2018-09-13 22:54:26.500 26373 DEBUG neutron.scheduler.l3_agent_scheduler [req-f9eec971-08eb-43d5-b544-f57fe92ebb17 cbfcd71c10fb409a8fdff598acd61c1f 09add3139d4b49cc8a6eac76fd033e7f - 044ea253c4ac4f6aaab398589250f3e8 044ea253c4ac4f6aaab398589250f3e8] Router 5813bb59-9048-462a-8ebc-4b703c89882b has already been hosted by L3 agent 5abc080c-2542-43f1-8f39-0dc47ee4ff99 _get_candidates /usr/lib/python2.7/site-packages/neutron/scheduler/l3_agent_scheduler.py:141
2018-09-13 22:54:26.755 26373 DEBUG neutron.api.rpc.agentnotifiers.l3_rpc_agent_api [req-f9eec971-08eb-43d5-b544-f57fe92ebb17 cbfcd71c10fb409a8fdff598acd61c1f 09add3139d4b49cc8a6eac76fd033e7f - 044ea253c4ac4f6aaab398589250f3e8 044ea253c4ac4f6aaab398589250f3e8] Notify agent at l3_agent.localhost.localdomain the message routers_updated _agent_notification /usr/lib/python2.7/site-packages/neutron/api/rpc/agentnotifiers/l3_rpc_agent_api.py:69
2018-09-13 22:54:26.812 26382 DEBUG neutron.db.l3_hamode_db [req-90d4afaf-eab7-4472-a754-a885e0e0b3e1 - - - - -] neutron.services.l3_router.l3_router_plugin.L3RouterPlugin method get_ha_sync_data_for_host called with arguments (<neutron_lib.context.Context object at 0x7fec32981110>, u'localhost.localdomain', <neutron.db.models.agent.Agent[object at 7fec329c5e10] {id=u'5abc080c-2542-43f1-8f39-0dc47ee4ff99', agent_type=u'L3 agent', binary=u'neutron-l3-agent', topic=u'l3_agent', host=u'localhost.localdomain', availability_zone=u'nova', admin_state_up=True, created_at=datetime.datetime(2018, 9, 12, 22, 29, 15), started_at=datetime.datetime(2018, 9, 14, 2, 35, 27), heartbeat_timestamp=datetime.datetime(2018, 9, 14, 2, 53, 57), description=None, configurations=u'{"agent_mode": "legacy", "gateway_external_network_id": "", "handle_internal_only_routers": true, "routers": 2, "interfaces": 2, "floating_ips": 1, "interface_driver": "neutron.agent.linux.interface.OVSInterfaceDriver", "log_agent_heartbeats": false, "external_network_bridge": "", "ex_gw_ports": 2}', resource_versions=None, load=0}>) {'active': True, 'router_ids': ['5813bb59-9048-462a-8ebc-4b703c89882b']} wrapper /usr/lib/python2.7/site-packages/oslo_log/helpers.py:66
2018-09-13 22:54:26.821 26373 DEBUG neutron.quota.resource [req-f9eec971-08eb-43d5-b544-f57fe92ebb17 cbfcd71c10fb409a8fdff598acd61c1f 09add3139d4b49cc8a6eac76fd033e7f - 044ea253c4ac4f6aaab398589250f3e8 044ea253c4ac4f6aaab398589250f3e8] Persisted dirty status for tenant:09add3139d4b49cc8a6eac76fd033e7f on resource:floatingip mark_dirty /usr/lib/python2.7/site-packages/neutron/quota/resource.py:207
2018-09-13 22:54:26.865 26373 DEBUG neutron.quota.resource [req-f9eec971-08eb-43d5-b544-f57fe92ebb17 cbfcd71c10fb409a8fdff598acd61c1f 09add3139d4b49cc8a6eac76fd033e7f - 044ea253c4ac4f6aaab398589250f3e8 044ea253c4ac4f6aaab398589250f3e8] Persisted dirty status for tenant: on resource:port mark_dirty /usr/lib/python2.7/site-packages/neutron/quota/resource.py:207
2018-09-13 22:54:26.874 26373 DEBUG neutron_lib.callbacks.manager [req-f9eec971-08eb-43d5-b544-f57fe92ebb17 cbfcd71c10fb409a8fdff598acd61c1f 09add3139d4b49cc8a6eac76fd033e7f - 044ea253c4ac4f6aaab398589250f3e8 044ea253c4ac4f6aaab398589250f3e8] Notify callbacks ['neutron.notifiers.nova.Notifier._send_nova_notification--9223372036854759987'] for floatingip, before_response _notify_loop /usr/lib/python2.7/site-packages/neutron_lib/callbacks/manager.py:167
2018-09-13 22:54:27.010 26373 INFO neutron.wsgi [req-f9eec971-08eb-43d5-b544-f57fe92ebb17 cbfcd71c10fb409a8fdff598acd61c1f 09add3139d4b49cc8a6eac76fd033e7f - 044ea253c4ac4f6aaab398589250f3e8 044ea253c4ac4f6aaab398589250f3e8] 10.0.20.24 "DELETE /v2.0/floatingips/27debfe0-fa46-40de-936e-6562d9424610 HTTP/1.1" status: 204  len: 173 time: 2.9310129
2018-09-13 22:54:27.011 26373 DEBUG oslo_concurrency.lockutils [-] Lock "notifier-ef01c4a8-e4f9-4b2b-87f9-8d6042325c24" acquired by "neutron.notifiers.batch_notifier.synced_send" :: waited 0.000s inner /usr/lib/python2.7/site-packages/oslo_concurrency/lockutils.py:270
2018-09-13 22:54:27.011 26373 DEBUG neutron.notifiers.nova [-] Sending events: [{'tag': u'daf05e66-6cc1-458c-a4e4-5bd588b27615', 'name': 'network-changed', 'server_uuid': u'f4d2c7f3-8a7f-4aa3-b64a-75032f40a836'}] send_events /usr/lib/python2.7/site-packages/neutron/notifiers/nova.py:242
2018-09-13 22:54:27.221 26389 DEBUG neutron_lib.callbacks.manager [req-5d8d6ce0-1de7-48fd-b404-d4987e78a4cf - - - - -] Notify callbacks ['neutron.services.segments.db._update_segment_host_mapping_for_agent--9223363246076319928'] for agent, after_update _notify_loop /usr/lib/python2.7/site-packages/neutron_lib/callbacks/manager.py:167
2018-09-13 22:54:27.233 26384 DEBUG neutron_lib.callbacks.manager [req-042884e5-9bd1-43d8-b25d-8ab2f4559e93 - - - - -] Notify callbacks ['neutron.services.segments.db._update_segment_host_mapping_for_agent--9223363246076319928'] for agent, after_update _notify_loop /usr/lib/python2.7/site-packages/neutron_lib/callbacks/manager.py:167
2018-09-13 22:54:27.312 26381 DEBUG neutron_lib.callbacks.manager [req-1b6a851f-ac89-455f-91d6-073300d6b9ad - - - - -] Notify callbacks ['neutron.services.segments.db._update_segment_host_mapping_for_agent--9223363246076319928'] for agent, after_update _notify_loop /usr/lib/python2.7/site-packages/neutron_lib/callbacks/manager.py:167
2018-09-13 22:54:27.769 26387 DEBUG neutron_lib.callbacks.manager [req-51984b63-8c76-49c3-9932-760bc0394b49 - - - - -] Notify callbacks ['neutron.services.segments.db._update_segment_host_mapping_for_agent--9223363246076319928'] for agent, after_update _notify_loop /usr/lib/python2.7/site-packages/neutron_lib/callbacks/manager.py:167
2018-09-13 22:54:27.799 26382 DEBUG neutron.db.l3_hamode_db [req-90d4afaf-eab7-4472-a754-a885e0e0b3e1 - - - - -] neutron.services.l3_router.l3_router_plugin.L3RouterPlugin method _process_sync_ha_data called with arguments (<neutron_lib.context.Context object at 0x7fec32981110>, [{'status': u'ACTIVE', '_interfaces': [{'status': u'ACTIVE', 'subnets': [{'dns_nameservers': [u'8.8.4.4'], 'ipv6_ra_mode': None, 'gateway_ip': u'11.66.1.1', 'cidr': u'11.66.1.0/24', 'id': u'c32da466-b456-42d9-8689-a92233ee3018', 'subnetpool_id': None}], 'binding:host_id': u'localhost.localdomain', 'description': u'', 'allowed_address_pairs': [], 'tags': [], 'extra_dhcp_opts': [], 'updated_at': '2018-09-14T02:48:56Z', 'device_owner': u'network:router_interface', 'revision_number': 7, 'port_security_enabled': False, 'binding:profile': {}, 'mtu': 1450, 'fixed_ips': [{'subnet_id': u'c32da466-b456-42d9-8689-a92233ee3018', 'prefixlen': 24, 'ip_address': u'11.66.1.1'}], 'id': u'11823894-7d6c-417d-a28c-b6d1595e4484', 'security_groups': [], 'device_id': u'5813bb59-9048-462a-8ebc-4b703c89882b', 'name': u'', 'admin_state_up': True, 'network_id': u'a4bee39c-45bc-4b05-bbca-6fd0b383207e', 'tenant_id': u'09add3139d4b49cc8a6eac76fd033e7f', 'binding:vif_details': {u'port_filter': True, u'datapath_type': u'system', u'ovs_hybrid_plug': True}, 'address_scopes': {4: None, 6: None}, 'binding:vnic_type': u'normal', 'binding:vif_type': u'ovs', 'mac_address': u'fa:16:3e:cb:01:0d', 'project_id': u'09add3139d4b49cc8a6eac76fd033e7f', 'extra_subnets': [], 'created_at': '2018-09-14T02:48:44Z'}], 'enable_snat': True, 'ha_vr_id': 0, 'description': u'', 'tags': [], 'gw_port': {'status': u'ACTIVE', 'subnets': [{'dns_nameservers': [], 'ipv6_ra_mode': None, 'gateway_ip': u'172.24.4.1', 'cidr': u'172.24.4.0/24', 'id': u'b8522e6e-dd32-47d0-940c-b0479a41e5ff', 'subnetpool_id': None}], 'binding:host_id': u'localhost.localdomain', 'description': u'', 'allowed_address_pairs': [], 'tags': [], 'extra_dhcp_opts': [], 'updated_at': '2018-09-14T02:49:11Z', 'device_owner': u'network:router_gateway', 'revision_number': 6, 'port_security_enabled': False, 'binding:profile': {}, 'mtu': 1500, 'fixed_ips': [{'subnet_id': u'b8522e6e-dd32-47d0-940c-b0479a41e5ff', 'prefixlen': 24, 'ip_address': u'172.24.4.5'}], 'id': u'2d2dcecb-e2ec-4a00-a0a4-2b2fb5656c73', 'security_groups': [], 'device_id': u'5813bb59-9048-462a-8ebc-4b703c89882b', 'name': u'', 'admin_state_up': True, 'network_id': u'98cf6b49-91c1-422d-a1ec-9d49628670a5', 'tenant_id': u'', 'binding:vif_details': {u'port_filter': True, u'datapath_type': u'system', u'ovs_hybrid_plug': True}, 'address_scopes': {4: None, 6: None}, 'binding:vnic_type': u'normal', 'binding:vif_type': u'ovs', 'mac_address': u'fa:16:3e:91:f7:a9', 'project_id': u'', 'extra_subnets': [], 'created_at': '2018-09-14T02:49:01Z'}, 'updated_at': '2018-09-14T02:49:03Z', 'revision_number': 4, 'ha': False, 'id': u'5813bb59-9048-462a-8ebc-4b703c89882b', 'gw_port_host': u'localhost.localdomain', 'external_gateway_info': {'network_id': u'98cf6b49-91c1-422d-a1ec-9d49628670a5', 'enable_snat': True, 'external_fixed_ips': [{'subnet_id': u'b8522e6e-dd32-47d0-940c-b0479a41e5ff', 'ip_address': u'172.24.4.5'}]}, 'availability_zone_hints': [], 'availability_zones': [u'nova'], 'name': u'tempest-router-1536893119', 'gw_port_id': u'2d2dcecb-e2ec-4a00-a0a4-2b2fb5656c73', 'admin_state_up': True, 'tenant_id': u'09add3139d4b49cc8a6eac76fd033e7f', 'created_at': '2018-09-14T02:48:22Z', 'distributed': False, 'flavor_id': None, 'routes': [], 'project_id': u'09add3139d4b49cc8a6eac76fd033e7f'}], u'localhost.localdomain', False) {} wrapper /usr/lib/python2.7/site-packages/oslo_log/helpers.py:66
2018-09-13 22:54:27.813 26382 DEBUG neutron.api.rpc.handlers.l3_rpc [req-90d4afaf-eab7-4472-a754-a885e0e0b3e1 - - - - -] Checking router: 5813bb59-9048-462a-8ebc-4b703c89882b for host: localhost.localdomain _ensure_host_set_on_ports /usr/lib/python2.7/site-packages/neutron/api/rpc/handlers/l3_rpc.py:135
2018-09-13 22:54:28.094 26389 DEBUG neutron.api.rpc.handlers.l3_rpc [req-c4963001-2b77-4e46-9178-36e43c1f7b6d - - - - -] New status for floating IP 27debfe0-fa46-40de-936e-6562d9424610: DOWN update_floatingip_statuses /usr/lib/python2.7/site-packages/neutron/api/rpc/handlers/l3_rpc.py:252
2018-09-13 22:54:28.170 26373 DEBUG novaclient.v2.client [-] REQ: curl -g -i -X POST http://10.0.20.24:8774/v2.1/a6274edd06114a55b9dc116852780190/os-server-external-events -H "User-Agent: python-novaclient" -H "Content-Type: application/json" -H "Accept: application/json" -H "X-OpenStack-Nova-API-Version: 2.1" -H "X-Auth-Token: {SHA1}2f5fc7425764065933d21a820bbc8bffc2a84e40" -d '{"events": [{"tag": "daf05e66-6cc1-458c-a4e4-5bd588b27615", "name": "network-changed", "server_uuid": "f4d2c7f3-8a7f-4aa3-b64a-75032f40a836"}]}' _http_log_request /usr/lib/python2.7/site-packages/keystoneauth1/session.py:375
2018-09-13 22:54:28.858 26373 DEBUG novaclient.v2.client [-] RESP: [200] Content-Length: 179 Content-Type: application/json Openstack-Api-Version: compute 2.1 X-Openstack-Nova-Api-Version: 2.1 Vary: OpenStack-API-Version, X-OpenStack-Nova-API-Version X-Openstack-Request-Id: req-6c4a680f-6c7e-420f-aae4-86df9d441e2d X-Compute-Request-Id: req-6c4a680f-6c7e-420f-aae4-86df9d441e2d Date: Fri, 14 Sep 2018 02:54:28 GMT Connection: keep-alive 
RESP BODY: {"events": [{"status": "completed", "tag": "daf05e66-6cc1-458c-a4e4-5bd588b27615", "name": "network-changed", "server_uuid": "f4d2c7f3-8a7f-4aa3-b64a-75032f40a836", "code": 200}]}
 _http_log_response /usr/lib/python2.7/site-packages/keystoneauth1/session.py:423
2018-09-13 22:54:28.858 26373 DEBUG novaclient.v2.client [-] POST call to compute for http://10.0.20.24:8774/v2.1/a6274edd06114a55b9dc116852780190/os-server-external-events used request id req-6c4a680f-6c7e-420f-aae4-86df9d441e2d request /usr/lib/python2.7/site-packages/keystoneauth1/session.py:727
2018-09-13 22:54:28.873 26373 INFO neutron.notifiers.nova [-] Nova event response: {u'status': u'completed', u'tag': u'daf05e66-6cc1-458c-a4e4-5bd588b27615', u'name': u'network-changed', u'server_uuid': u'f4d2c7f3-8a7f-4aa3-b64a-75032f40a836', u'code': 200}
2018-09-13 22:54:29.034 26377 INFO neutron.wsgi [req-a8af12b4-3ba1-4ff6-9c17-47e0c51d15da 392423df3617489b9a4259e561d5ba29 a6274edd06114a55b9dc116852780190 - default default] 10.0.20.24 "GET /v2.0/ports?tenant_id=09add3139d4b49cc8a6eac76fd033e7f&device_id=f4d2c7f3-8a7f-4aa3-b64a-75032f40a836 HTTP/1.1" status: 200  len: 1123 time: 0.1338091
2018-09-13 22:54:29.542 26377 DEBUG neutron.pecan_wsgi.hooks.policy_enforcement [req-713465aa-171e-486e-851c-303cc13ea054 392423df3617489b9a4259e561d5ba29 a6274edd06114a55b9dc116852780190 - default default] Attributes excluded by policy engine: [u'vlan_transparent'] _exclude_attributes_by_policy /usr/lib/python2.7/site-packages/neutron/pecan_wsgi/hooks/policy_enforcement.py:256
2018-09-13 22:54:29.546 26377 INFO neutron.wsgi [req-713465aa-171e-486e-851c-303cc13ea054 392423df3617489b9a4259e561d5ba29 a6274edd06114a55b9dc116852780190 - default default] 10.0.20.24 "GET /v2.0/networks?id=a4bee39c-45bc-4b05-bbca-6fd0b383207e HTTP/1.1" status: 200  len: 885 time: 0.5033879
2018-09-13 22:54:29.588 26377 INFO neutron.wsgi [req-d6fd1cff-a370-4653-ba7f-de3b46eb1515 392423df3617489b9a4259e561d5ba29 a6274edd06114a55b9dc116852780190 - default default] 10.0.20.24 "GET /v2.0/floatingips?fixed_ip_address=11.66.1.8&port_id=daf05e66-6cc1-458c-a4e4-5bd588b27615 HTTP/1.1" status: 200  len: 217 time: 0.0360391
2018-09-13 22:54:29.773 26377 DEBUG neutron.pecan_wsgi.hooks.policy_enforcement [req-8bd09844-a1ee-4caa-98f9-caa159c4d0e3 392423df3617489b9a4259e561d5ba29 a6274edd06114a55b9dc116852780190 - default default] Attributes excluded by policy engine: [u'shared'] _exclude_attributes_by_policy /usr/lib/python2.7/site-packages/neutron/pecan_wsgi/hooks/policy_enforcement.py:256
2018-09-13 22:54:29.776 26377 INFO neutron.wsgi [req-8bd09844-a1ee-4caa-98f9-caa159c4d0e3 392423df3617489b9a4259e561d5ba29 a6274edd06114a55b9dc116852780190 - default default] 10.0.20.24 "GET /v2.0/subnets?id=c32da466-b456-42d9-8689-a92233ee3018 HTTP/1.1" status: 200  len: 843 time: 0.1778870
2018-09-13 22:54:29.956 26377 INFO neutron.wsgi [req-c5d8a388-a40d-473e-987b-5927e9d49299 392423df3617489b9a4259e561d5ba29 a6274edd06114a55b9dc116852780190 - default default] 10.0.20.24 "GET /v2.0/ports?network_id=a4bee39c-45bc-4b05-bbca-6fd0b383207e&device_owner=network%3Adhcp HTTP/1.1" status: 200  len: 1127 time: 0.1730771
2018-09-13 22:54:30.874 26373 DEBUG oslo_concurrency.lockutils [-] Lock "notifier-ef01c4a8-e4f9-4b2b-87f9-8d6042325c24" released by "neutron.notifiers.batch_notifier.synced_send" :: held 3.863s inner /usr/lib/python2.7/site-packages/oslo_concurrency/lockutils.py:282
2018-09-13 22:54:35.596 26376 INFO neutron.wsgi [req-8db4be89-c9d4-4e0e-9dbe-68f85d3f9d89 02e248cd8f0843eea56830a54be7a7df 194f3e7e9006484dbd7057072756dcfb - default default] 10.0.20.24 "GET /v2.0/ports?device_id=f4d2c7f3-8a7f-4aa3-b64a-75032f40a836 HTTP/1.1" status: 200  len: 1123 time: 1.6648819
2018-09-13 22:54:35.758 26376 INFO neutron.wsgi [req-9a2ca063-2f4d-4b21-ad76-a0e828cd743b 02e248cd8f0843eea56830a54be7a7df 194f3e7e9006484dbd7057072756dcfb - default default] 10.0.20.24 "GET /v2.0/security-groups?id=a01d904c-1109-46de-906a-4ee3239e329c HTTP/1.1" status: 200  len: 2118 time: 0.1523490
2018-09-13 22:54:39.792 26391 DEBUG neutron_lib.callbacks.manager [req-acc53a5f-2164-46f5-a3db-200b5340488a - - - - -] Notify callbacks ['neutron.services.segments.db._update_segment_host_mapping_for_agent--9223363246076319928'] for agent, after_update _notify_loop /usr/lib/python2.7/site-packages/neutron_lib/callbacks/manager.py:167
2018-09-13 22:54:45.379 26376 INFO neutron.wsgi [req-0b204c99-197a-490a-baad-52d77fc89eb3 02e248cd8f0843eea56830a54be7a7df 194f3e7e9006484dbd7057072756dcfb - default default] 10.0.20.24 "GET /v2.0/ports?device_id=f4d2c7f3-8a7f-4aa3-b64a-75032f40a836 HTTP/1.1" status: 200  len: 1123 time: 0.8322880
2018-09-13 22:54:45.531 26376 INFO neutron.wsgi [req-9080ba55-66c2-45ed-bf9f-4063a062f2ec 02e248cd8f0843eea56830a54be7a7df 194f3e7e9006484dbd7057072756dcfb - default default] 10.0.20.24 "GET /v2.0/security-groups?id=a01d904c-1109-46de-906a-4ee3239e329c HTTP/1.1" status: 200  len: 2118 time: 0.1411691
2018-09-13 22:54:47.830 26382 DEBUG neutron.plugins.ml2.rpc [req-acc53a5f-2164-46f5-a3db-200b5340488a - - - - -] Device daf05e66-6cc1-458c-a4e4-5bd588b27615 no longer exists at agent ovs-agent-localhost.localdomain update_device_down /usr/lib/python2.7/site-packages/neutron/plugins/ml2/rpc.py:213
2018-09-13 22:54:48.097 26382 DEBUG neutron_lib.callbacks.manager [req-acc53a5f-2164-46f5-a3db-200b5340488a - - - - -] Notify callbacks ['neutron.plugins.ml2.plugin.Ml2Plugin._ensure_default_security_group_handler--9223372036846826700'] for port, before_update _notify_loop /usr/lib/python2.7/site-packages/neutron_lib/callbacks/manager.py:167
2018-09-13 22:54:48.201 26382 DEBUG oslo_concurrency.lockutils [-] Lock "notifier-ef01c4a8-e4f9-4b2b-87f9-8d6042325c24" acquired by "neutron.notifiers.batch_notifier.synced_send" :: waited 0.000s inner /usr/lib/python2.7/site-packages/oslo_concurrency/lockutils.py:270
2018-09-13 22:54:48.202 26382 DEBUG neutron.notifiers.nova [-] Sending events: [{'status': 'completed', 'tag': u'daf05e66-6cc1-458c-a4e4-5bd588b27615', 'name': 'network-vif-unplugged', 'server_uuid': u'f4d2c7f3-8a7f-4aa3-b64a-75032f40a836'}] send_events /usr/lib/python2.7/site-packages/neutron/notifiers/nova.py:242
2018-09-13 22:54:48.212 26382 DEBUG neutron.plugins.ml2.db [req-acc53a5f-2164-46f5-a3db-200b5340488a - - - - -] For port daf05e66-6cc1-458c-a4e4-5bd588b27615, host localhost.localdomain, got binding levels [<neutron.plugins.ml2.models.PortBindingLevel[object at 7fec3276a350] {port_id=u'daf05e66-6cc1-458c-a4e4-5bd588b27615', host=u'localhost.localdomain', level=0, driver=u'openvswitch', segment_id=u'26bb1578-9b2f-4ec6-9e7f-a4d3afbed827'}>] get_binding_levels /usr/lib/python2.7/site-packages/neutron/plugins/ml2/db.py:106
2018-09-13 22:54:48.232 26382 DEBUG neutron_lib.callbacks.manager [req-acc53a5f-2164-46f5-a3db-200b5340488a - - - - -] Notify callbacks ['neutron.plugins.ml2.ovo_rpc._ObjectChangeHandler.handle_event--9223372036854200040', 'neutron.plugins.ml2.plugin.Ml2Plugin.notify_sg_on_port_change--9223372036846827631', 'neutron.api.rpc.agentnotifiers.dhcp_rpc_agent_api.DhcpAgentNotifyAPI._native_event_send_dhcp_notification--9223372036854089341', 'neutron.db.l3_hascheduler_db._notify_l3_agent_ha_port_update-8790778121958', 'neutron.db.l3_dvrscheduler_db._notify_l3_agent_port_update-8790778121883'] for port, after_update _notify_loop /usr/lib/python2.7/site-packages/neutron_lib/callbacks/manager.py:167
2018-09-13 22:54:48.251 26382 DEBUG oslo_concurrency.lockutils [-] Lock "event-dispatch" acquired by "neutron.plugins.ml2.ovo_rpc.dispatch_events" :: waited 0.000s inner /usr/lib/python2.7/site-packages/oslo_concurrency/lockutils.py:270
2018-09-13 22:54:48.433 26382 DEBUG neutron.api.rpc.handlers.resources_rpc [req-acc53a5f-2164-46f5-a3db-200b5340488a - - - - -] neutron.api.rpc.handlers.resources_rpc.ResourcesPushRpcApi method push called with arguments (<neutron_lib.context.Context object at 0x7fec3268d190>, [Port(admin_state_up=True,allowed_address_pairs=[],binding=PortBinding,binding_levels=[PortBindingLevel],created_at=2018-09-14T02:49:37Z,data_plane_status=<?>,description='',device_id='f4d2c7f3-8a7f-4aa3-b64a-75032f40a836',device_owner='compute:nova',dhcp_options=[],distributed_binding=None,dns=None,fixed_ips=[IPAllocation],id=daf05e66-6cc1-458c-a4e4-5bd588b27615,mac_address=fa:16:3e:04:7b:aa,name='',network_id=a4bee39c-45bc-4b05-bbca-6fd0b383207e,project_id='09add3139d4b49cc8a6eac76fd033e7f',qos_policy_id=None,revision_number=9,security=PortSecurity(daf05e66-6cc1-458c-a4e4-5bd588b27615),security_group_ids=set([a01d904c-1109-46de-906a-4ee3239e329c]),status='DOWN',updated_at=2018-09-14T02:54:48Z)], 'updated') {} wrapper /usr/lib/python2.7/site-packages/oslo_log/helpers.py:66
2018-09-13 22:54:48.460 26382 DEBUG neutron.api.rpc.callbacks.version_manager [req-acc53a5f-2164-46f5-a3db-200b5340488a - - - - -] Version for resource type Subnet changed None to 1.0 on consumer Open vSwitch agent@localhost.localdomain _set_version /usr/lib/python2.7/site-packages/neutron/api/rpc/callbacks/version_manager.py:119
2018-09-13 22:54:48.462 26382 DEBUG neutron.api.rpc.callbacks.version_manager [req-acc53a5f-2164-46f5-a3db-200b5340488a - - - - -] Version for resource type Network changed None to 1.0 on consumer Open vSwitch agent@localhost.localdomain _set_version /usr/lib/python2.7/site-packages/neutron/api/rpc/callbacks/version_manager.py:119
2018-09-13 22:54:48.464 26382 DEBUG neutron.api.rpc.callbacks.version_manager [req-acc53a5f-2164-46f5-a3db-200b5340488a - - - - -] Version for resource type SubPort changed None to 1.0 on consumer Open vSwitch agent@localhost.localdomain _set_version /usr/lib/python2.7/site-packages/neutron/api/rpc/callbacks/version_manager.py:119
