2018-09-29 08:37:29.357 11725 DEBUG neutron.wsgi [-] (11725) accepted ('10.0.20.36', 42508) server /usr/lib/python2.7/site-packages/eventlet/wsgi.py:883
2018-09-29 08:37:29.427 11729 DEBUG neutron.plugins.ml2.rpc [req-ec520a60-08d8-4bbe-bae2-38e7e945a1c8 - - - - -] Device 26c4266d-9e39-4b57-8cb4-9b01336e6fef up at agent ovs-agent-localhost.localdomain update_device_up /usr/lib/python2.7/site-packages/neutron/plugins/ml2/rpc.py:244
2018-09-29 08:37:29.539 11729 DEBUG neutron.db.provisioning_blocks [req-ec520a60-08d8-4bbe-bae2-38e7e945a1c8 - - - - -] Provisioning complete for port 26c4266d-9e39-4b57-8cb4-9b01336e6fef triggered by entity L2. provisioning_complete /usr/lib/python2.7/site-packages/neutron/db/provisioning_blocks.py:138
2018-09-29 08:37:29.540 11729 DEBUG neutron_lib.callbacks.manager [req-ec520a60-08d8-4bbe-bae2-38e7e945a1c8 - - - - -] Notify callbacks ['neutron.plugins.ml2.plugin.Ml2Plugin._port_provisioned--9223372036854088224'] for port, provisioning_complete _notify_loop /usr/lib/python2.7/site-packages/neutron_lib/callbacks/manager.py:167
2018-09-29 08:37:30.373 11725 INFO neutron.wsgi [req-9a941b49-6d02-45be-90b1-22cd4109b468 7307167d19cc439a83830286907e500d a52c011613cf48b0954ea229041f5b68 - 99842886cc7449b892513e1059975071 99842886cc7449b892513e1059975071] 10.0.20.36 "GET /v2.0/ports?device_id=cdbde68d-fca4-4200-bf7e-aad7d956439e HTTP/1.1" status: 200  len: 1124 time: 1.0120671
2018-09-29 08:37:30.476 11725 INFO neutron.wsgi [req-58e1636d-64db-478d-ae5e-b941c6a478eb 7307167d19cc439a83830286907e500d a52c011613cf48b0954ea229041f5b68 - 99842886cc7449b892513e1059975071 99842886cc7449b892513e1059975071] 10.0.20.36 "GET /v2.0/security-groups?id=3709e05f-db7d-410c-a765-6044b4f3b6c2 HTTP/1.1" status: 200  len: 2118 time: 0.0946429
2018-09-29 08:37:31.329 11728 DEBUG oslo_concurrency.lockutils [-] Lock "notifier-aa3f7874-e8f4-472d-923e-1db3fccf8da7" released by "neutron.notifiers.batch_notifier.synced_send" :: held 3.413s inner /usr/lib/python2.7/site-packages/oslo_concurrency/lockutils.py:282
2018-09-29 08:37:35.280 11731 DEBUG neutron_lib.callbacks.manager [req-a1e34d81-b9d3-4116-8787-f13a2a8ce578 - - - - -] Notify callbacks ['neutron.services.segments.db._update_segment_host_mapping_for_agent-8744925961642'] for agent, after_update _notify_loop /usr/lib/python2.7/site-packages/neutron_lib/callbacks/manager.py:167
2018-09-29 08:37:35.619 11735 DEBUG neutron_lib.callbacks.manager [req-ec520a60-08d8-4bbe-bae2-38e7e945a1c8 - - - - -] Notify callbacks ['neutron.services.segments.db._update_segment_host_mapping_for_agent-8744925961642'] for agent, after_update _notify_loop /usr/lib/python2.7/site-packages/neutron_lib/callbacks/manager.py:167
2018-09-29 08:37:38.387 11725 DEBUG neutron.wsgi [-] (11725) accepted ('10.0.20.36', 42552) server /usr/lib/python2.7/site-packages/eventlet/wsgi.py:883
2018-09-29 08:37:39.428 11725 INFO neutron.wsgi [req-b2e48bdb-9c17-46c9-a112-43eb4f31276c 87fdacb5fcfe463aba32e1ee92c67304 2826c499828f44719ccb8a386423ec45 - default default] 10.0.20.36 "GET /v2.0/ports?device_id=cdbde68d-fca4-4200-bf7e-aad7d956439e HTTP/1.1" status: 200  len: 1124 time: 1.0391068
2018-09-29 08:37:39.540 11725 INFO neutron.wsgi [req-cf283ecc-620f-43a3-bf60-fd9f514e003e 87fdacb5fcfe463aba32e1ee92c67304 2826c499828f44719ccb8a386423ec45 - default default] 10.0.20.36 "GET /v2.0/security-groups?id=3709e05f-db7d-410c-a765-6044b4f3b6c2 HTTP/1.1" status: 200  len: 2118 time: 0.1051631
2018-09-29 08:37:44.154 11725 INFO neutron.wsgi [req-af652ae1-9813-4abf-8532-7e34fb5279c2 7307167d19cc439a83830286907e500d a52c011613cf48b0954ea229041f5b68 - 99842886cc7449b892513e1059975071 99842886cc7449b892513e1059975071] 10.0.20.36 "GET /v2.0/ports?device_id=cdbde68d-fca4-4200-bf7e-aad7d956439e HTTP/1.1" status: 200  len: 1124 time: 1.1832690
2018-09-29 08:37:44.289 11725 INFO neutron.wsgi [req-98d38b2b-8f13-479a-8d74-043b514881ec 7307167d19cc439a83830286907e500d a52c011613cf48b0954ea229041f5b68 - 99842886cc7449b892513e1059975071 99842886cc7449b892513e1059975071] 10.0.20.36 "GET /v2.0/security-groups?id=3709e05f-db7d-410c-a765-6044b4f3b6c2 HTTP/1.1" status: 200  len: 2118 time: 0.1283779
2018-09-29 08:37:50.258 11728 DEBUG neutron_lib.callbacks.manager [req-09402b52-b424-42c0-9fe1-c587d7561bec - - - - -] Notify callbacks ['neutron.services.segments.db._update_segment_host_mapping_for_agent-8744925961642'] for agent, after_update _notify_loop /usr/lib/python2.7/site-packages/neutron_lib/callbacks/manager.py:167
2018-09-29 08:37:50.298 11736 DEBUG neutron_lib.callbacks.manager [req-b75f47a6-e1a0-4cf8-98ea-8c597938013c - - - - -] Notify callbacks ['neutron.services.segments.db._update_segment_host_mapping_for_agent-8744925961642'] for agent, after_update _notify_loop /usr/lib/python2.7/site-packages/neutron_lib/callbacks/manager.py:167
2018-09-29 08:37:55.713 11722 INFO neutron.wsgi [req-a63d6b6a-25ca-4c87-8db1-2eaa552c63b8 52db2c2bb2754474a9e626ac3befb2ef 2826c499828f44719ccb8a386423ec45 - default default] 10.0.20.36 "GET /v2.0/ports?tenant_id=a52c011613cf48b0954ea229041f5b68&device_id=cdbde68d-fca4-4200-bf7e-aad7d956439e HTTP/1.1" status: 200  len: 1124 time: 0.0957830
2018-09-29 08:37:55.919 11737 DEBUG neutron.db.agents_db [req-1bae03b2-808f-4ad5-8ef9-c0d92aa9f0e5 - - - - -] Agent healthcheck: found 5 active agents agent_health_check /usr/lib/python2.7/site-packages/neutron/db/agents_db.py:281
2018-09-29 08:37:55.927 11722 DEBUG neutron.pecan_wsgi.hooks.policy_enforcement [req-92613ec5-bd55-44da-b413-0722172c997a 52db2c2bb2754474a9e626ac3befb2ef 2826c499828f44719ccb8a386423ec45 - default default] Attributes excluded by policy engine: [u'vlan_transparent'] _exclude_attributes_by_policy /usr/lib/python2.7/site-packages/neutron/pecan_wsgi/hooks/policy_enforcement.py:256
2018-09-29 08:37:55.927 11725 DEBUG neutron.wsgi [-] (11725) accepted ('10.0.20.36', 43648) server /usr/lib/python2.7/site-packages/eventlet/wsgi.py:883
2018-09-29 08:37:55.929 11722 INFO neutron.wsgi [req-92613ec5-bd55-44da-b413-0722172c997a 52db2c2bb2754474a9e626ac3befb2ef 2826c499828f44719ccb8a386423ec45 - default default] 10.0.20.36 "GET /v2.0/networks?id=cfdd8bf9-8c03-4fdd-9173-288df84c26db HTTP/1.1" status: 200  len: 885 time: 0.2105069
2018-09-29 08:37:55.960 11722 INFO neutron.wsgi [req-f405be05-00e4-4bf6-8439-3289ab8d9d30 52db2c2bb2754474a9e626ac3befb2ef 2826c499828f44719ccb8a386423ec45 - default default] 10.0.20.36 "GET /v2.0/floatingips?fixed_ip_address=11.224.1.5&port_id=26c4266d-9e39-4b57-8cb4-9b01336e6fef HTTP/1.1" status: 200  len: 217 time: 0.0255711
2018-09-29 08:37:56.069 11722 DEBUG neutron.pecan_wsgi.hooks.policy_enforcement [req-8a7fcc01-06d0-4d72-877e-89b3f3985463 52db2c2bb2754474a9e626ac3befb2ef 2826c499828f44719ccb8a386423ec45 - default default] Attributes excluded by policy engine: [u'shared'] _exclude_attributes_by_policy /usr/lib/python2.7/site-packages/neutron/pecan_wsgi/hooks/policy_enforcement.py:256
2018-09-29 08:37:56.071 11722 INFO neutron.wsgi [req-8a7fcc01-06d0-4d72-877e-89b3f3985463 52db2c2bb2754474a9e626ac3befb2ef 2826c499828f44719ccb8a386423ec45 - default default] 10.0.20.36 "GET /v2.0/subnets?id=b0e9a00c-a7c8-4330-a34f-f01643d77c91 HTTP/1.1" status: 200  len: 847 time: 0.1065559
2018-09-29 08:37:56.167 11722 INFO neutron.wsgi [req-792791a8-f5b3-431e-9057-e9f4d44cf5d5 52db2c2bb2754474a9e626ac3befb2ef 2826c499828f44719ccb8a386423ec45 - default default] 10.0.20.36 "GET /v2.0/ports?network_id=cfdd8bf9-8c03-4fdd-9173-288df84c26db&device_owner=network%3Adhcp HTTP/1.1" status: 200  len: 1128 time: 0.0894232
2018-09-29 08:37:56.170 11727 DEBUG neutron.wsgi [-] (11727) accepted ('10.0.20.36', 43650) server /usr/lib/python2.7/site-packages/eventlet/wsgi.py:883
2018-09-29 08:37:56.176 11727 INFO neutron.wsgi [-] 10.0.20.36 "GET / HTTP/1.1" status: 200  len: 252 time: 0.0030341
2018-09-29 08:37:56.449 11725 INFO neutron.wsgi [req-e86efb27-69dc-4ecf-948f-d12839392385 52db2c2bb2754474a9e626ac3befb2ef 2826c499828f44719ccb8a386423ec45 - default default] 10.0.20.36 "GET /v2.0/ports?device_id=cdbde68d-fca4-4200-bf7e-aad7d956439e HTTP/1.1" status: 200  len: 1124 time: 0.5192609
2018-09-29 08:37:56.544 11725 INFO neutron.wsgi [req-c3c3b09c-9dd6-49dd-a3ad-a7fdb349cc10 52db2c2bb2754474a9e626ac3befb2ef 2826c499828f44719ccb8a386423ec45 - default default] 10.0.20.36 "GET /v2.0/security-groups?id=3709e05f-db7d-410c-a765-6044b4f3b6c2 HTTP/1.1" status: 200  len: 2118 time: 0.0845370
2018-09-29 08:37:56.612 11727 INFO neutron.pecan_wsgi.hooks.translation [req-5e36a858-8fa5-48cf-8829-e6955f18cc8e e386cb43209f41fcb7173020f656e97e 63d6ee59c98741e4acf874cc7755dc45 - default default] GET failed (client error): The resource could not be found.
2018-09-29 08:37:56.614 11727 INFO neutron.wsgi [req-5e36a858-8fa5-48cf-8829-e6955f18cc8e e386cb43209f41fcb7173020f656e97e 63d6ee59c98741e4acf874cc7755dc45 - default default] 10.0.20.36 "GET /v2.0/networks/public HTTP/1.1" status: 404  len: 314 time: 0.4310570
2018-09-29 08:37:56.845 11727 DEBUG neutron.pecan_wsgi.hooks.policy_enforcement [req-2add869d-7747-4b00-8c57-ba0d48c2b217 e386cb43209f41fcb7173020f656e97e 63d6ee59c98741e4acf874cc7755dc45 - default default] Attributes excluded by policy engine: [u'vlan_transparent'] _exclude_attributes_by_policy /usr/lib/python2.7/site-packages/neutron/pecan_wsgi/hooks/policy_enforcement.py:256
2018-09-29 08:37:56.846 11727 DEBUG neutron.pecan_wsgi.hooks.policy_enforcement [req-2add869d-7747-4b00-8c57-ba0d48c2b217 e386cb43209f41fcb7173020f656e97e 63d6ee59c98741e4acf874cc7755dc45 - default default] Attributes excluded by policy engine: [u'vlan_transparent'] _exclude_attributes_by_policy /usr/lib/python2.7/site-packages/neutron/pecan_wsgi/hooks/policy_enforcement.py:256
2018-09-29 08:37:56.846 11727 DEBUG neutron.pecan_wsgi.hooks.policy_enforcement [req-2add869d-7747-4b00-8c57-ba0d48c2b217 e386cb43209f41fcb7173020f656e97e 63d6ee59c98741e4acf874cc7755dc45 - default default] Attributes excluded by policy engine: [u'vlan_transparent'] _exclude_attributes_by_policy /usr/lib/python2.7/site-packages/neutron/pecan_wsgi/hooks/policy_enforcement.py:256
2018-09-29 08:37:56.849 11727 INFO neutron.wsgi [req-2add869d-7747-4b00-8c57-ba0d48c2b217 e386cb43209f41fcb7173020f656e97e 63d6ee59c98741e4acf874cc7755dc45 - default default] 10.0.20.36 "GET /v2.0/networks HTTP/1.1" status: 200  len: 2214 time: 0.2288711
2018-09-29 08:37:57.315 11727 DEBUG neutron.api.v2.base [req-16416823-3da5-4b1d-b323-aa765ed12217 e386cb43209f41fcb7173020f656e97e 63d6ee59c98741e4acf874cc7755dc45 - default default] Request body: {u'floatingip': {u'floating_network_id': u'c140d30c-ba37-4570-9e0b-48390f7eeee1', u'tenant_id': u'a52c011613cf48b0954ea229041f5b68'}} prepare_request_body /usr/lib/python2.7/site-packages/neutron/api/v2/base.py:695
2018-09-29 08:37:57.317 11727 INFO neutron.quota [req-16416823-3da5-4b1d-b323-aa765ed12217 e386cb43209f41fcb7173020f656e97e 63d6ee59c98741e4acf874cc7755dc45 - default default] Loaded quota_driver: <neutron.db.quota.driver.DbQuotaDriver object at 0x7f4162466b10>.
2018-09-29 08:37:57.325 11727 DEBUG neutron.db.quota.driver [req-16416823-3da5-4b1d-b323-aa765ed12217 e386cb43209f41fcb7173020f656e97e 63d6ee59c98741e4acf874cc7755dc45 - default default] Resources subnetpool have unlimited quota limit. It is not required to calculate headroom  make_reservation /usr/lib/python2.7/site-packages/neutron/db/quota/driver.py:223
2018-09-29 08:37:57.338 11727 DEBUG neutron.quota.resource [req-16416823-3da5-4b1d-b323-aa765ed12217 e386cb43209f41fcb7173020f656e97e 63d6ee59c98741e4acf874cc7755dc45 - default default] Usage tracker for resource:floatingip and tenant:a52c011613cf48b0954ea229041f5b68 is out of sync, need to count used quota count_used /usr/lib/python2.7/site-packages/neutron/quota/resource.py:274
2018-09-29 08:37:57.356 11727 DEBUG neutron.quota.resource [req-16416823-3da5-4b1d-b323-aa765ed12217 e386cb43209f41fcb7173020f656e97e 63d6ee59c98741e4acf874cc7755dc45 - default default] Quota usage for floatingip was recalculated. Used quota:0. count_used /usr/lib/python2.7/site-packages/neutron/quota/resource.py:293
2018-09-29 08:37:57.371 11727 DEBUG neutron.db.quota.driver [req-16416823-3da5-4b1d-b323-aa765ed12217 e386cb43209f41fcb7173020f656e97e 63d6ee59c98741e4acf874cc7755dc45 - default default] Attempting to reserve 1 items for resource floatingip. Total usage: 0; quota limit: 50; headroom:50 make_reservation /usr/lib/python2.7/site-packages/neutron/db/quota/driver.py:255
2018-09-29 08:37:57.681 11727 DEBUG neutron_lib.callbacks.manager [req-16416823-3da5-4b1d-b323-aa765ed12217 e386cb43209f41fcb7173020f656e97e 63d6ee59c98741e4acf874cc7755dc45 - default default] Notify callbacks ['neutron.plugins.ml2.plugin.Ml2Plugin._ensure_default_security_group_handler-475199'] for port, before_create _notify_loop /usr/lib/python2.7/site-packages/neutron_lib/callbacks/manager.py:167
2018-09-29 08:37:58.170 11727 DEBUG neutron.db.db_base_plugin_common [req-16416823-3da5-4b1d-b323-aa765ed12217 e386cb43209f41fcb7173020f656e97e 63d6ee59c98741e4acf874cc7755dc45 - default default] Allocated IP 172.24.4.7 (c140d30c-ba37-4570-9e0b-48390f7eeee1/ee2b427c-1494-4c9a-94e6-33722268815a/7c76d3b9-026e-42b4-886c-ea63bb84b7c4) _store_ip_allocation /usr/lib/python2.7/site-packages/neutron/db/db_base_plugin_common.py:122
2018-09-29 08:37:58.396 11727 DEBUG neutron_lib.callbacks.manager [req-16416823-3da5-4b1d-b323-aa765ed12217 e386cb43209f41fcb7173020f656e97e 63d6ee59c98741e4acf874cc7755dc45 - default default] Notify callbacks [] for port, precommit_create _notify_loop /usr/lib/python2.7/site-packages/neutron_lib/callbacks/manager.py:167
2018-09-29 08:37:58.466 11727 DEBUG neutron_lib.callbacks.manager [req-16416823-3da5-4b1d-b323-aa765ed12217 e386cb43209f41fcb7173020f656e97e 63d6ee59c98741e4acf874cc7755dc45 - default default] Notify callbacks ['neutron.plugins.ml2.ovo_rpc._ObjectChangeHandler.handle_event--9223372036853157726', 'neutron.api.rpc.agentnotifiers.dhcp_rpc_agent_api.DhcpAgentNotifyAPI._native_event_send_dhcp_notification-1499562', 'neutron.plugins.ml2.plugin.Ml2Plugin.notify_sg_on_port_change-478360', 'neutron.db.l3_dvrscheduler_db._notify_l3_agent_new_port-8744925599688'] for port, after_create _notify_loop /usr/lib/python2.7/site-packages/neutron_lib/callbacks/manager.py:167
2018-09-29 08:37:58.486 11727 DEBUG oslo_concurrency.lockutils [-] Lock "event-dispatch" acquired by "neutron.plugins.ml2.ovo_rpc.dispatch_events" :: waited 0.000s inner /usr/lib/python2.7/site-packages/oslo_concurrency/lockutils.py:270
2018-09-29 08:37:58.537 11725 DEBUG neutron.wsgi [-] (11725) accepted ('10.0.20.36', 43680) server /usr/lib/python2.7/site-packages/eventlet/wsgi.py:883
2018-09-29 08:37:58.696 11727 DEBUG neutron.api.rpc.handlers.resources_rpc [req-16416823-3da5-4b1d-b323-aa765ed12217 e386cb43209f41fcb7173020f656e97e 63d6ee59c98741e4acf874cc7755dc45 - - -] neutron.api.rpc.handlers.resources_rpc.ResourcesPushRpcApi method push called with arguments (<neutron_lib.context.Context object at 0x7f416207ac90>, [Port(admin_state_up=True,allowed_address_pairs=[],binding=PortBinding,binding_levels=[],created_at=2018-09-29T12:37:57Z,data_plane_status=<?>,description='',device_id='PENDING',device_owner='network:floatingip',dhcp_options=[],distributed_binding=None,dns=None,fixed_ips=[IPAllocation],id=7c76d3b9-026e-42b4-886c-ea63bb84b7c4,mac_address=fa:16:3e:81:bc:aa,name='',network_id=c140d30c-ba37-4570-9e0b-48390f7eeee1,project_id='',qos_policy_id=None,revision_number=3,security=PortSecurity(7c76d3b9-026e-42b4-886c-ea63bb84b7c4),security_group_ids=set([]),status='N/A',updated_at=2018-09-29T12:37:58Z)], 'updated') {} wrapper /usr/lib/python2.7/site-packages/oslo_log/helpers.py:66
2018-09-29 08:37:58.717 11727 DEBUG neutron.api.rpc.callbacks.version_manager [req-16416823-3da5-4b1d-b323-aa765ed12217 e386cb43209f41fcb7173020f656e97e 63d6ee59c98741e4acf874cc7755dc45 - - -] Version for resource type Subnet changed None to 1.0 on consumer Open vSwitch agent@localhost.localdomain _set_version /usr/lib/python2.7/site-packages/neutron/api/rpc/callbacks/version_manager.py:119
2018-09-29 08:37:58.718 11727 DEBUG neutron.api.rpc.callbacks.version_manager [req-16416823-3da5-4b1d-b323-aa765ed12217 e386cb43209f41fcb7173020f656e97e 63d6ee59c98741e4acf874cc7755dc45 - - -] Version for resource type Network changed None to 1.0 on consumer Open vSwitch agent@localhost.localdomain _set_version /usr/lib/python2.7/site-packages/neutron/api/rpc/callbacks/version_manager.py:119
2018-09-29 08:37:58.718 11727 DEBUG neutron.api.rpc.callbacks.version_manager [req-16416823-3da5-4b1d-b323-aa765ed12217 e386cb43209f41fcb7173020f656e97e 63d6ee59c98741e4acf874cc7755dc45 - - -] Version for resource type SubPort changed None to 1.0 on consumer Open vSwitch agent@localhost.localdomain _set_version /usr/lib/python2.7/site-packages/neutron/api/rpc/callbacks/version_manager.py:119
2018-09-29 08:37:58.719 11727 DEBUG neutron.api.rpc.callbacks.version_manager [req-16416823-3da5-4b1d-b323-aa765ed12217 e386cb43209f41fcb7173020f656e97e 63d6ee59c98741e4acf874cc7755dc45 - - -] Version for resource type SecurityGroup changed None to 1.0 on consumer Open vSwitch agent@localhost.localdomain _set_version /usr/lib/python2.7/site-packages/neutron/api/rpc/callbacks/version_manager.py:119
2018-09-29 08:37:58.719 11727 DEBUG neutron.api.rpc.callbacks.version_manager [req-16416823-3da5-4b1d-b323-aa765ed12217 e386cb43209f41fcb7173020f656e97e 63d6ee59c98741e4acf874cc7755dc45 - - -] Version for resource type SecurityGroupRule changed None to 1.0 on consumer Open vSwitch agent@localhost.localdomain _set_version /usr/lib/python2.7/site-packages/neutron/api/rpc/callbacks/version_manager.py:119
2018-09-29 08:37:58.720 11727 DEBUG neutron.api.rpc.callbacks.version_manager [req-16416823-3da5-4b1d-b323-aa765ed12217 e386cb43209f41fcb7173020f656e97e 63d6ee59c98741e4acf874cc7755dc45 - - -] Version for resource type Trunk changed None to 1.1 on consumer Open vSwitch agent@localhost.localdomain _set_version /usr/lib/python2.7/site-packages/neutron/api/rpc/callbacks/version_manager.py:119
2018-09-29 08:37:58.721 11727 DEBUG neutron.api.rpc.callbacks.version_manager [req-16416823-3da5-4b1d-b323-aa765ed12217 e386cb43209f41fcb7173020f656e97e 63d6ee59c98741e4acf874cc7755dc45 - - -] Version for resource type QosPolicy changed None to 1.6 on consumer Open vSwitch agent@localhost.localdomain _set_version /usr/lib/python2.7/site-packages/neutron/api/rpc/callbacks/version_manager.py:119
2018-09-29 08:37:58.721 11727 DEBUG neutron.api.rpc.callbacks.version_manager [req-16416823-3da5-4b1d-b323-aa765ed12217 e386cb43209f41fcb7173020f656e97e 63d6ee59c98741e4acf874cc7755dc45 - - -] Version for resource type Port changed None to 1.1 on consumer Open vSwitch agent@localhost.localdomain _set_version /usr/lib/python2.7/site-packages/neutron/api/rpc/callbacks/version_manager.py:119
2018-09-29 08:37:58.722 11727 DEBUG neutron.api.rpc.callbacks.version_manager [req-16416823-3da5-4b1d-b323-aa765ed12217 e386cb43209f41fcb7173020f656e97e 63d6ee59c98741e4acf874cc7755dc45 - - -] Version for resource type Log changed None to 1.0 on consumer Open vSwitch agent@localhost.localdomain _set_version /usr/lib/python2.7/site-packages/neutron/api/rpc/callbacks/version_manager.py:119
2018-09-29 08:37:58.725 11727 DEBUG neutron.api.rpc.callbacks.version_manager [req-16416823-3da5-4b1d-b323-aa765ed12217 e386cb43209f41fcb7173020f656e97e 63d6ee59c98741e4acf874cc7755dc45 - - -] Tracked resource versions report:
pushed versions:
{   'Log': set(['1.0']),
    'Network': set(['1.0']),
    'Port': set(['1.1']),
    'QosPolicy': set(['1.6']),
    'SecurityGroup': set(['1.0']),
    'SecurityGroupRule': set(['1.0']),
    'SubPort': set(['1.0']),
    'Subnet': set(['1.0']),
    'Trunk': set(['1.1'])}

consumer versions:
{   DHCP agent@localhost.localdomain: {   },
    L3 agent@localhost.localdomain: {   },
    Metadata agent@localhost.localdomain: {   },
    Metering agent@localhost.localdomain: {   },
    Open vSwitch agent@localhost.localdomain: {   u'Log': u'1.0',
                                                  u'Network': u'1.0',
                                                  u'Port': u'1.1',
                                                  u'QosPolicy': u'1.6',
                                                  u'SecurityGroup': u'1.0',
                                                  u'SecurityGroupRule': u'1.0',
                                                  u'SubPort': u'1.0',
                                                  u'Subnet': u'1.0',
                                                  u'Trunk': u'1.1'}}
 report /usr/lib/python2.7/site-packages/neutron/api/rpc/callbacks/version_manager.py:178
2018-09-29 08:37:59.001 11727 DEBUG neutron.scheduler.dhcp_agent_scheduler [req-16416823-3da5-4b1d-b323-aa765ed12217 e386cb43209f41fcb7173020f656e97e 63d6ee59c98741e4acf874cc7755dc45 - default default] Network c140d30c-ba37-4570-9e0b-48390f7eeee1 is already hosted by enough agents. _get_dhcp_agents_hosting_network /usr/lib/python2.7/site-packages/neutron/scheduler/dhcp_agent_scheduler.py:243
2018-09-29 08:37:59.012 11725 INFO neutron.wsgi [req-063c7eb1-2cc7-4c89-896e-ba002f59997a 52db2c2bb2754474a9e626ac3befb2ef 2826c499828f44719ccb8a386423ec45 - default default] 10.0.20.36 "GET /v2.0/ports?device_id=cdbde68d-fca4-4200-bf7e-aad7d956439e HTTP/1.1" status: 200  len: 1124 time: 0.4737329
2018-09-29 08:37:59.040 11727 DEBUG oslo_concurrency.lockutils [req-16416823-3da5-4b1d-b323-aa765ed12217 e386cb43209f41fcb7173020f656e97e 63d6ee59c98741e4acf874cc7755dc45 - - -] Lock "event-dispatch" released by "neutron.plugins.ml2.ovo_rpc.dispatch_events" :: held 0.554s inner /usr/lib/python2.7/site-packages/oslo_concurrency/lockutils.py:282
2018-09-29 08:37:59.055 11727 DEBUG neutron.db.l3_dvrscheduler_db [req-16416823-3da5-4b1d-b323-aa765ed12217 e386cb43209f41fcb7173020f656e97e 63d6ee59c98741e4acf874cc7755dc45 - default default] Received port after_create _notify_l3_agent_new_port /usr/lib/python2.7/site-packages/neutron/db/l3_dvrscheduler_db.py:392
2018-09-29 08:37:59.109 11725 INFO neutron.wsgi [req-9c443038-0c82-4cf9-abb9-756ef9e3fda1 52db2c2bb2754474a9e626ac3befb2ef 2826c499828f44719ccb8a386423ec45 - default default] 10.0.20.36 "GET /v2.0/security-groups?id=3709e05f-db7d-410c-a765-6044b4f3b6c2 HTTP/1.1" status: 200  len: 2118 time: 0.0851119
2018-09-29 08:37:59.244 11732 DEBUG neutron_lib.callbacks.manager [req-779f86aa-643f-4da3-b6de-dc7ae415d50b - - - - -] Notify callbacks ['neutron.services.segments.db._update_segment_host_mapping_for_agent-8744925961642'] for agent, after_update _notify_loop /usr/lib/python2.7/site-packages/neutron_lib/callbacks/manager.py:167
2018-09-29 08:37:59.389 11727 DEBUG neutron_lib.callbacks.manager [req-16416823-3da5-4b1d-b323-aa765ed12217 e386cb43209f41fcb7173020f656e97e 63d6ee59c98741e4acf874cc7755dc45 - default default] Notify callbacks ['neutron.plugins.ml2.plugin.Ml2Plugin._ensure_default_security_group_handler-475199'] for port, before_update _notify_loop /usr/lib/python2.7/site-packages/neutron_lib/callbacks/manager.py:167
2018-09-29 08:37:59.785 11727 DEBUG neutron_lib.callbacks.manager [req-16416823-3da5-4b1d-b323-aa765ed12217 e386cb43209f41fcb7173020f656e97e 63d6ee59c98741e4acf874cc7755dc45 - default default] Notify callbacks [] for port, precommit_update _notify_loop /usr/lib/python2.7/site-packages/neutron_lib/callbacks/manager.py:167
2018-09-29 08:37:59.789 11727 DEBUG neutron_lib.callbacks.manager [req-16416823-3da5-4b1d-b323-aa765ed12217 e386cb43209f41fcb7173020f656e97e 63d6ee59c98741e4acf874cc7755dc45 - default default] Notify callbacks ['neutron.plugins.ml2.ovo_rpc._ObjectChangeHandler.handle_event--9223372036853157726', 'neutron.api.rpc.agentnotifiers.dhcp_rpc_agent_api.DhcpAgentNotifyAPI._native_event_send_dhcp_notification-1499562', 'neutron.plugins.ml2.plugin.Ml2Plugin.notify_sg_on_port_change-478360', 'neutron.db.l3_hascheduler_db._notify_l3_agent_ha_port_update--9223363291929174742', 'neutron.db.l3_dvrscheduler_db._notify_l3_agent_port_update-8744925599703'] for port, after_update _notify_loop /usr/lib/python2.7/site-packages/neutron_lib/callbacks/manager.py:167
2018-09-29 08:37:59.803 11727 DEBUG oslo_concurrency.lockutils [-] Lock "event-dispatch" acquired by "neutron.plugins.ml2.ovo_rpc.dispatch_events" :: waited 0.000s inner /usr/lib/python2.7/site-packages/oslo_concurrency/lockutils.py:270
2018-09-29 08:37:59.962 11727 DEBUG neutron.api.rpc.handlers.resources_rpc [req-16416823-3da5-4b1d-b323-aa765ed12217 e386cb43209f41fcb7173020f656e97e 63d6ee59c98741e4acf874cc7755dc45 - - -] neutron.api.rpc.handlers.resources_rpc.ResourcesPushRpcApi method push called with arguments (<neutron_lib.context.Context object at 0x7f41622178d0>, [Port(admin_state_up=True,allowed_address_pairs=[],binding=PortBinding,binding_levels=[],created_at=2018-09-29T12:37:57Z,data_plane_status=<?>,description='',device_id='516099b3-b3ed-4d5d-bbdb-cfc319c66da6',device_owner='network:floatingip',dhcp_options=[],distributed_binding=None,dns=None,fixed_ips=[IPAllocation],id=7c76d3b9-026e-42b4-886c-ea63bb84b7c4,mac_address=fa:16:3e:81:bc:aa,name='',network_id=c140d30c-ba37-4570-9e0b-48390f7eeee1,project_id='',qos_policy_id=None,revision_number=4,security=PortSecurity(7c76d3b9-026e-42b4-886c-ea63bb84b7c4),security_group_ids=set([]),status='N/A',updated_at=2018-09-29T12:37:59Z)], 'updated') {} wrapper /usr/lib/python2.7/site-packages/oslo_log/helpers.py:66
2018-09-29 08:37:59.992 11727 DEBUG oslo_concurrency.lockutils [req-16416823-3da5-4b1d-b323-aa765ed12217 e386cb43209f41fcb7173020f656e97e 63d6ee59c98741e4acf874cc7755dc45 - - -] Lock "event-dispatch" released by "neutron.plugins.ml2.ovo_rpc.dispatch_events" :: held 0.189s inner /usr/lib/python2.7/site-packages/oslo_concurrency/lockutils.py:282
2018-09-29 08:38:00.019 11727 DEBUG neutron_lib.callbacks.manager [req-16416823-3da5-4b1d-b323-aa765ed12217 e386cb43209f41fcb7173020f656e97e 63d6ee59c98741e4acf874cc7755dc45 - default default] Notify callbacks ['neutron.services.l3_router.l3_router_plugin.L3RouterPlugin._create_dvr_floating_gw_port--9223372036853142384'] for floatingip, after_update _notify_loop /usr/lib/python2.7/site-packages/neutron_lib/callbacks/manager.py:167
2018-09-29 08:38:00.049 11727 DEBUG neutron.quota.resource [req-16416823-3da5-4b1d-b323-aa765ed12217 e386cb43209f41fcb7173020f656e97e 63d6ee59c98741e4acf874cc7755dc45 - default default] Persisted dirty status for tenant:a52c011613cf48b0954ea229041f5b68 on resource:floatingip mark_dirty /usr/lib/python2.7/site-packages/neutron/quota/resource.py:207
2018-09-29 08:38:00.055 11727 DEBUG neutron.quota.resource [req-16416823-3da5-4b1d-b323-aa765ed12217 e386cb43209f41fcb7173020f656e97e 63d6ee59c98741e4acf874cc7755dc45 - default default] Persisted dirty status for tenant: on resource:port mark_dirty /usr/lib/python2.7/site-packages/neutron/quota/resource.py:207
2018-09-29 08:38:00.067 11727 DEBUG neutron_lib.callbacks.manager [req-16416823-3da5-4b1d-b323-aa765ed12217 e386cb43209f41fcb7173020f656e97e 63d6ee59c98741e4acf874cc7755dc45 - default default] Notify callbacks ['neutron.notifiers.nova.Notifier._send_nova_notification--9223372036854772964'] for floatingip, before_response _notify_loop /usr/lib/python2.7/site-packages/neutron_lib/callbacks/manager.py:167
2018-09-29 08:38:00.069 11727 INFO neutron.wsgi [req-16416823-3da5-4b1d-b323-aa765ed12217 e386cb43209f41fcb7173020f656e97e 63d6ee59c98741e4acf874cc7755dc45 - default default] 10.0.20.36 "POST /v2.0/floatingips HTTP/1.1" status: 201  len: 674 time: 2.8042099
2018-09-29 08:38:01.186 11726 DEBUG neutron.wsgi [-] (11726) accepted ('10.0.20.36', 43740) server /usr/lib/python2.7/site-packages/eventlet/wsgi.py:883
2018-09-29 08:38:01.856 11726 INFO neutron.wsgi [req-13985f9d-06a5-43bf-8c9a-d3053890f30e 52db2c2bb2754474a9e626ac3befb2ef 2826c499828f44719ccb8a386423ec45 - default default] 10.0.20.36 "GET /v2.0/ports?device_id=cdbde68d-fca4-4200-bf7e-aad7d956439e HTTP/1.1" status: 200  len: 1124 time: 0.6681790
2018-09-29 08:38:01.982 11726 INFO neutron.wsgi [req-ee0781da-cbf2-42d1-887d-63f1373ee1cc 52db2c2bb2754474a9e626ac3befb2ef 2826c499828f44719ccb8a386423ec45 - default default] 10.0.20.36 "GET /v2.0/security-groups?id=3709e05f-db7d-410c-a765-6044b4f3b6c2 HTTP/1.1" status: 200  len: 2118 time: 0.1168060
2018-09-29 08:38:05.269 11734 DEBUG neutron_lib.callbacks.manager [req-3c2dbe25-70a4-428f-a277-aee84b405aa7 - - - - -] Notify callbacks ['neutron.services.segments.db._update_segment_host_mapping_for_agent-8744925961642'] for agent, after_update _notify_loop /usr/lib/python2.7/site-packages/neutron_lib/callbacks/manager.py:167
2018-09-29 08:38:05.613 11733 DEBUG neutron_lib.callbacks.manager [req-ec520a60-08d8-4bbe-bae2-38e7e945a1c8 - - - - -] Notify callbacks ['neutron.services.segments.db._update_segment_host_mapping_for_agent-8744925961642'] for agent, after_update _notify_loop /usr/lib/python2.7/site-packages/neutron_lib/callbacks/manager.py:167
2018-09-29 08:38:05.685 11727 DEBUG neutron.wsgi [-] (11727) accepted ('10.0.20.36', 43782) server /usr/lib/python2.7/site-packages/eventlet/wsgi.py:883
2018-09-29 08:38:06.247 11727 INFO neutron.wsgi [req-dde1f282-a8ba-41dc-a87f-2e9703777496 52db2c2bb2754474a9e626ac3befb2ef 2826c499828f44719ccb8a386423ec45 - default default] 10.0.20.36 "GET /v2.0/ports?device_id=cdbde68d-fca4-4200-bf7e-aad7d956439e HTTP/1.1" status: 200  len: 1124 time: 0.5605090
2018-09-29 08:38:06.341 11727 INFO neutron.wsgi [req-67223b53-07fa-463d-a1f0-e520155a5bb5 52db2c2bb2754474a9e626ac3befb2ef 2826c499828f44719ccb8a386423ec45 - default default] 10.0.20.36 "GET /v2.0/security-groups?id=3709e05f-db7d-410c-a765-6044b4f3b6c2 HTTP/1.1" status: 200  len: 2118 time: 0.0875590
2018-09-29 08:38:12.565 11727 DEBUG neutron.wsgi [-] (11727) accepted ('10.0.20.36', 43838) server /usr/lib/python2.7/site-packages/eventlet/wsgi.py:883
2018-09-29 08:38:13.392 11727 INFO neutron.wsgi [req-4745a40c-734a-47d4-9d6b-be9e935e1a9b 7307167d19cc439a83830286907e500d a52c011613cf48b0954ea229041f5b68 - 99842886cc7449b892513e1059975071 99842886cc7449b892513e1059975071] 10.0.20.36 "GET /v2.0/ports?device_id=cdbde68d-fca4-4200-bf7e-aad7d956439e HTTP/1.1" status: 200  len: 1124 time: 0.8249040
2018-09-29 08:38:13.490 11727 INFO neutron.wsgi [req-e0046644-841b-4ff7-8374-8d334e006afc 7307167d19cc439a83830286907e500d a52c011613cf48b0954ea229041f5b68 - 99842886cc7449b892513e1059975071 99842886cc7449b892513e1059975071] 10.0.20.36 "GET /v2.0/security-groups?id=3709e05f-db7d-410c-a765-6044b4f3b6c2 HTTP/1.1" status: 200  len: 2118 time: 0.0858979
2018-09-29 08:38:13.733 11727 INFO neutron.wsgi [req-a2147536-76e7-4f16-a1a4-4543816cf9e3 7307167d19cc439a83830286907e500d a52c011613cf48b0954ea229041f5b68 - 99842886cc7449b892513e1059975071 99842886cc7449b892513e1059975071] 10.0.20.36 "GET /v2.0/ports?device_owner=compute%3Anova&device_id=cdbde68d-fca4-4200-bf7e-aad7d956439e HTTP/1.1" status: 200  len: 1124 time: 0.0966010
2018-09-29 08:38:13.784 11727 DEBUG neutron.quota.resource [req-948eadb3-41be-4ea5-9a68-2510ad951c11 7307167d19cc439a83830286907e500d a52c011613cf48b0954ea229041f5b68 - 99842886cc7449b892513e1059975071 99842886cc7449b892513e1059975071] Synchronizing usage tracker for tenant:a52c011613cf48b0954ea229041f5b68 on resource:floatingip resync /usr/lib/python2.7/site-packages/neutron/quota/resource.py:245
2018-09-29 08:38:13.825 11727 DEBUG neutron.quota.resource [req-948eadb3-41be-4ea5-9a68-2510ad951c11 7307167d19cc439a83830286907e500d a52c011613cf48b0954ea229041f5b68 - 99842886cc7449b892513e1059975071 99842886cc7449b892513e1059975071] Unset dirty status for tenant:a52c011613cf48b0954ea229041f5b68 on resource:floatingip _resync /usr/lib/python2.7/site-packages/neutron/quota/resource.py:237
2018-09-29 08:38:13.827 11727 INFO neutron.wsgi [req-948eadb3-41be-4ea5-9a68-2510ad951c11 7307167d19cc439a83830286907e500d a52c011613cf48b0954ea229041f5b68 - 99842886cc7449b892513e1059975071 99842886cc7449b892513e1059975071] 10.0.20.36 "GET /v2.0/floatingips?floating_ip_address=172.24.4.7 HTTP/1.1" status: 200  len: 672 time: 0.0884769
2018-09-29 08:38:13.839 11727 DEBUG neutron.api.v2.base [req-68415800-46e5-4044-a9fc-3d33055ce729 7307167d19cc439a83830286907e500d a52c011613cf48b0954ea229041f5b68 - 99842886cc7449b892513e1059975071 99842886cc7449b892513e1059975071] Request body: {u'floatingip': {u'fixed_ip_address': u'11.224.1.5', u'port_id': u'26c4266d-9e39-4b57-8cb4-9b01336e6fef'}} prepare_request_body /usr/lib/python2.7/site-packages/neutron/api/v2/base.py:695
2018-09-29 08:38:14.108 11727 DEBUG neutron_lib.callbacks.manager [req-68415800-46e5-4044-a9fc-3d33055ce729 7307167d19cc439a83830286907e500d a52c011613cf48b0954ea229041f5b68 - 99842886cc7449b892513e1059975071 99842886cc7449b892513e1059975071] Notify callbacks ['neutron.services.l3_router.l3_router_plugin.L3RouterPlugin._create_dvr_floating_gw_port--9223372036853142384'] for floatingip, after_update _notify_loop /usr/lib/python2.7/site-packages/neutron_lib/callbacks/manager.py:167
2018-09-29 08:38:14.630 11727 DEBUG neutron.scheduler.l3_agent_scheduler [req-68415800-46e5-4044-a9fc-3d33055ce729 7307167d19cc439a83830286907e500d a52c011613cf48b0954ea229041f5b68 - 99842886cc7449b892513e1059975071 99842886cc7449b892513e1059975071] Router c8612f08-55d8-4dc3-a4f6-235aac1dd17f has already been hosted by L3 agent c95931d1-846c-45d1-8e0c-72fb3c900644 _get_candidates /usr/lib/python2.7/site-packages/neutron/scheduler/l3_agent_scheduler.py:141
2018-09-29 08:38:14.795 11727 DEBUG neutron.api.rpc.agentnotifiers.l3_rpc_agent_api [req-68415800-46e5-4044-a9fc-3d33055ce729 7307167d19cc439a83830286907e500d a52c011613cf48b0954ea229041f5b68 - 99842886cc7449b892513e1059975071 99842886cc7449b892513e1059975071] Notify agent at l3_agent.localhost.localdomain the message routers_updated _agent_notification /usr/lib/python2.7/site-packages/neutron/api/rpc/agentnotifiers/l3_rpc_agent_api.py:69
2018-09-29 08:38:14.826 11727 DEBUG neutron_lib.callbacks.manager [req-68415800-46e5-4044-a9fc-3d33055ce729 7307167d19cc439a83830286907e500d a52c011613cf48b0954ea229041f5b68 - 99842886cc7449b892513e1059975071 99842886cc7449b892513e1059975071] Notify callbacks ['neutron.notifiers.nova.Notifier._send_nova_notification--9223372036854772964'] for floatingip, before_response _notify_loop /usr/lib/python2.7/site-packages/neutron_lib/callbacks/manager.py:167
2018-09-29 08:38:14.840 11734 DEBUG neutron.db.l3_hamode_db [req-a4e4154f-a8e6-4325-90f7-28309c61bc3a - - - - -] neutron.services.l3_router.l3_router_plugin.L3RouterPlugin method get_ha_sync_data_for_host called with arguments (<neutron_lib.context.Context object at 0x7f41627b1f10>, u'localhost.localdomain', <neutron.db.models.agent.Agent[object at 7f4162679450] {id=u'c95931d1-846c-45d1-8e0c-72fb3c900644', agent_type=u'L3 agent', binary=u'neutron-l3-agent', topic=u'l3_agent', host=u'localhost.localdomain', availability_zone=u'nova', admin_state_up=True, created_at=datetime.datetime(2018, 9, 12, 22, 21, 46), started_at=datetime.datetime(2018, 9, 29, 12, 29, 5), heartbeat_timestamp=datetime.datetime(2018, 9, 29, 12, 38, 5), description=None, configurations=u'{"agent_mode": "legacy", "gateway_external_network_id": "", "handle_internal_only_routers": true, "routers": 2, "interfaces": 2, "floating_ips": 0, "interface_driver": "neutron.agent.linux.interface.OVSInterfaceDriver", "log_agent_heartbeats": false, "external_network_bridge": "", "ex_gw_ports": 2}', resource_versions=None, load=0}>) {'active': True, 'router_ids': ['c8612f08-55d8-4dc3-a4f6-235aac1dd17f']} wrapper /usr/lib/python2.7/site-packages/oslo_log/helpers.py:66
2018-09-29 08:38:14.922 11727 INFO neutron.wsgi [req-68415800-46e5-4044-a9fc-3d33055ce729 7307167d19cc439a83830286907e500d a52c011613cf48b0954ea229041f5b68 - 99842886cc7449b892513e1059975071 99842886cc7449b892513e1059975071] 10.0.20.36 "PUT /v2.0/floatingips/516099b3-b3ed-4d5d-bbdb-cfc319c66da6 HTTP/1.1" status: 200  len: 745 time: 1.0909209
2018-09-29 08:38:14.923 11727 DEBUG oslo_concurrency.lockutils [-] Lock "notifier-aa3f7874-e8f4-472d-923e-1db3fccf8da7" acquired by "neutron.notifiers.batch_notifier.synced_send" :: waited 0.000s inner /usr/lib/python2.7/site-packages/oslo_concurrency/lockutils.py:270
2018-09-29 08:38:14.924 11727 DEBUG neutron.notifiers.nova [-] Sending events: [{'tag': u'26c4266d-9e39-4b57-8cb4-9b01336e6fef', 'name': 'network-changed', 'server_uuid': u'cdbde68d-fca4-4200-bf7e-aad7d956439e'}] send_events /usr/lib/python2.7/site-packages/neutron/notifiers/nova.py:242
2018-09-29 08:38:15.491 11734 DEBUG neutron.db.l3_hamode_db [req-a4e4154f-a8e6-4325-90f7-28309c61bc3a - - - - -] neutron.services.l3_router.l3_router_plugin.L3RouterPlugin method _process_sync_ha_data called with arguments (<neutron_lib.context.Context object at 0x7f41627b1f10>, [{'status': u'ACTIVE', '_interfaces': [{'status': u'ACTIVE', 'subnets': [{'dns_nameservers': [u'8.8.4.4'], 'ipv6_ra_mode': None, 'gateway_ip': u'11.224.1.1', 'cidr': u'11.224.1.0/24', 'id': u'b0e9a00c-a7c8-4330-a34f-f01643d77c91', 'subnetpool_id': None}], 'binding:host_id': u'localhost.localdomain', 'description': u'', 'allowed_address_pairs': [], 'tags': [], 'extra_dhcp_opts': [], 'updated_at': '2018-09-29T12:36:49Z', 'device_owner': u'network:router_interface', 'revision_number': 7, 'port_security_enabled': False, 'binding:profile': {}, 'mtu': 1450, 'fixed_ips': [{'subnet_id': u'b0e9a00c-a7c8-4330-a34f-f01643d77c91', 'prefixlen': 24, 'ip_address': u'11.224.1.1'}], 'id': u'cb19e73a-4557-4950-82c6-97e3a6f356df', 'security_groups': [], 'device_id': u'c8612f08-55d8-4dc3-a4f6-235aac1dd17f', 'name': u'', 'admin_state_up': True, 'network_id': u'cfdd8bf9-8c03-4fdd-9173-288df84c26db', 'tenant_id': u'a52c011613cf48b0954ea229041f5b68', 'binding:vif_details': {u'port_filter': True, u'datapath_type': u'system', u'ovs_hybrid_plug': True}, 'address_scopes': {4: None, 6: None}, 'binding:vnic_type': u'normal', 'binding:vif_type': u'ovs', 'mac_address': u'fa:16:3e:ad:60:ef', 'project_id': u'a52c011613cf48b0954ea229041f5b68', 'extra_subnets': [], 'created_at': '2018-09-29T12:36:43Z'}], 'enable_snat': True, 'ha_vr_id': 0, 'description': u'', 'tags': [], 'gw_port': {'status': u'ACTIVE', 'subnets': [{'dns_nameservers': [], 'ipv6_ra_mode': None, 'gateway_ip': u'172.24.4.1', 'cidr': u'172.24.4.0/24', 'id': u'ee2b427c-1494-4c9a-94e6-33722268815a', 'subnetpool_id': None}], 'binding:host_id': u'localhost.localdomain', 'description': u'', 'allowed_address_pairs': [], 'tags': [], 'extra_dhcp_opts': [], 'updated_at': '2018-09-29T12:37:02Z', 'device_owner': u'network:router_gateway', 'revision_number': 6, 'port_security_enabled': False, 'binding:profile': {}, 'mtu': 1500, 'fixed_ips': [{'subnet_id': u'ee2b427c-1494-4c9a-94e6-33722268815a', 'prefixlen': 24, 'ip_address': u'172.24.4.13'}], 'id': u'c21115ad-114d-4c6b-890d-36970612bfcc', 'security_groups': [], 'device_id': u'c8612f08-55d8-4dc3-a4f6-235aac1dd17f', 'name': u'', 'admin_state_up': True, 'network_id': u'c140d30c-ba37-4570-9e0b-48390f7eeee1', 'tenant_id': u'', 'binding:vif_details': {u'port_filter': True, u'datapath_type': u'system', u'ovs_hybrid_plug': True}, 'address_scopes': {4: None, 6: None}, 'binding:vnic_type': u'normal', 'binding:vif_type': u'ovs', 'mac_address': u'fa:16:3e:b8:40:a7', 'project_id': u'', 'extra_subnets': [], 'created_at': '2018-09-29T12:36:54Z'}, 'updated_at': '2018-09-29T12:36:55Z', 'revision_number': 4, 'ha': False, 'id': u'c8612f08-55d8-4dc3-a4f6-235aac1dd17f', 'gw_port_host': u'localhost.localdomain', 'external_gateway_info': {'network_id': u'c140d30c-ba37-4570-9e0b-48390f7eeee1', 'enable_snat': True, 'external_fixed_ips': [{'subnet_id': u'ee2b427c-1494-4c9a-94e6-33722268815a', 'ip_address': u'172.24.4.13'}]}, 'availability_zone_hints': [], 'availability_zones': [u'nova'], 'name': u'tempest-router-1538224443', 'gw_port_id': u'c21115ad-114d-4c6b-890d-36970612bfcc', 'admin_state_up': True, 'tenant_id': u'a52c011613cf48b0954ea229041f5b68', 'created_at': '2018-09-29T12:36:25Z', 'distributed': False, 'flavor_id': None, 'routes': [], 'project_id': u'a52c011613cf48b0954ea229041f5b68', '_floatingips': [{'router_id': u'c8612f08-55d8-4dc3-a4f6-235aac1dd17f', 'status': u'DOWN', 'description': u'', 'tags': [], 'updated_at': '2018-09-29T12:38:14Z', 'dns_domain': '', 'floating_network_id': u'c140d30c-ba37-4570-9e0b-48390f7eeee1', 'fixed_ip_address': u'11.224.1.5', 'floating_ip_address': u'172.24.4.7', 'revision_number': 1, 'port_id': u'26c4266d-9e39-4b57-8cb4-9b01336e6fef', 'id': u'516099b3-b3ed-4d5d-bbdb-cfc319c66da6', 'dns_name': '', 'created_at': '2018-09-29T12:37:59Z', 'tenant_id': u'a52c011613cf48b0954ea229041f5b68', 'fixed_ip_address_scope': None, 'project_id': u'a52c011613cf48b0954ea229041f5b68'}]}], u'localhost.localdomain', False) {} wrapper /usr/lib/python2.7/site-packages/oslo_log/helpers.py:66
2018-09-29 08:38:15.503 11734 DEBUG neutron.api.rpc.handlers.l3_rpc [req-a4e4154f-a8e6-4325-90f7-28309c61bc3a - - - - -] Checking router: c8612f08-55d8-4dc3-a4f6-235aac1dd17f for host: localhost.localdomain _ensure_host_set_on_ports /usr/lib/python2.7/site-packages/neutron/api/rpc/handlers/l3_rpc.py:135
2018-09-29 08:38:15.799 11727 DEBUG novaclient.v2.client [-] REQ: curl -g -i -X POST http://10.0.20.36:8774/v2.1/2826c499828f44719ccb8a386423ec45/os-server-external-events -H "User-Agent: python-novaclient" -H "Content-Type: application/json" -H "Accept: application/json" -H "X-OpenStack-Nova-API-Version: 2.1" -H "X-Auth-Token: {SHA1}53f78bdbee812ae449ce3adea6144fa8bf7a73a2" -d '{"events": [{"tag": "26c4266d-9e39-4b57-8cb4-9b01336e6fef", "name": "network-changed", "server_uuid": "cdbde68d-fca4-4200-bf7e-aad7d956439e"}]}' _http_log_request /usr/lib/python2.7/site-packages/keystoneauth1/session.py:375
2018-09-29 08:38:15.835 11733 DEBUG neutron.api.rpc.handlers.l3_rpc [req-a3dca3cc-0d12-4079-907b-e060b8bf7a4c - - - - -] New status for floating IP 516099b3-b3ed-4d5d-bbdb-cfc319c66da6: ACTIVE update_floatingip_statuses /usr/lib/python2.7/site-packages/neutron/api/rpc/handlers/l3_rpc.py:252
2018-09-29 08:38:16.509 11722 INFO neutron.wsgi [req-34aa3cc3-5fa4-41f4-b7fc-50a22e836b75 52db2c2bb2754474a9e626ac3befb2ef 2826c499828f44719ccb8a386423ec45 - default default] 10.0.20.36 "GET /v2.0/ports?tenant_id=a52c011613cf48b0954ea229041f5b68&device_id=cdbde68d-fca4-4200-bf7e-aad7d956439e HTTP/1.1" status: 200  len: 1124 time: 0.1101451
2018-09-29 08:38:16.585 11727 DEBUG novaclient.v2.client [-] RESP: [200] Content-Length: 179 Content-Type: application/json Openstack-Api-Version: compute 2.1 X-Openstack-Nova-Api-Version: 2.1 Vary: OpenStack-API-Version, X-OpenStack-Nova-API-Version X-Openstack-Request-Id: req-a5fbd02f-050e-4340-88f0-d9e435447f08 X-Compute-Request-Id: req-a5fbd02f-050e-4340-88f0-d9e435447f08 Date: Sat, 29 Sep 2018 12:38:16 GMT Connection: keep-alive 
RESP BODY: {"events": [{"status": "completed", "tag": "26c4266d-9e39-4b57-8cb4-9b01336e6fef", "name": "network-changed", "server_uuid": "cdbde68d-fca4-4200-bf7e-aad7d956439e", "code": 200}]}
 _http_log_response /usr/lib/python2.7/site-packages/keystoneauth1/session.py:423
2018-09-29 08:38:16.585 11727 DEBUG novaclient.v2.client [-] POST call to compute for http://10.0.20.36:8774/v2.1/2826c499828f44719ccb8a386423ec45/os-server-external-events used request id req-a5fbd02f-050e-4340-88f0-d9e435447f08 request /usr/lib/python2.7/site-packages/keystoneauth1/session.py:727
2018-09-29 08:38:16.608 11727 INFO neutron.notifiers.nova [-] Nova event response: {u'status': u'completed', u'tag': u'26c4266d-9e39-4b57-8cb4-9b01336e6fef', u'name': u'network-changed', u'server_uuid': u'cdbde68d-fca4-4200-bf7e-aad7d956439e', u'code': 200}
2018-09-29 08:38:16.655 11727 INFO neutron.wsgi [req-c790d17a-8592-4ce2-a5f2-6003bf6377c8 52db2c2bb2754474a9e626ac3befb2ef 2826c499828f44719ccb8a386423ec45 - default default] 10.0.20.36 "GET /v2.0/ports?tenant_id=a52c011613cf48b0954ea229041f5b68&device_id=cdbde68d-fca4-4200-bf7e-aad7d956439e HTTP/1.1" status: 200  len: 1124 time: 0.7908769
2018-09-29 08:38:16.708 11722 DEBUG neutron.pecan_wsgi.hooks.policy_enforcement [req-4d50d368-0064-454e-a522-c69dfe4b9caf 52db2c2bb2754474a9e626ac3befb2ef 2826c499828f44719ccb8a386423ec45 - default default] Attributes excluded by policy engine: [u'vlan_transparent'] _exclude_attributes_by_policy /usr/lib/python2.7/site-packages/neutron/pecan_wsgi/hooks/policy_enforcement.py:256
2018-09-29 08:38:16.710 11722 INFO neutron.wsgi [req-4d50d368-0064-454e-a522-c69dfe4b9caf 52db2c2bb2754474a9e626ac3befb2ef 2826c499828f44719ccb8a386423ec45 - default default] 10.0.20.36 "GET /v2.0/networks?id=cfdd8bf9-8c03-4fdd-9173-288df84c26db HTTP/1.1" status: 200  len: 885 time: 0.1954529
2018-09-29 08:38:16.750 11722 INFO neutron.wsgi [req-baa0bfec-8a18-463b-981e-e0860632347d 52db2c2bb2754474a9e626ac3befb2ef 2826c499828f44719ccb8a386423ec45 - default default] 10.0.20.36 "GET /v2.0/floatingips?fixed_ip_address=11.224.1.5&port_id=26c4266d-9e39-4b57-8cb4-9b01336e6fef HTTP/1.1" status: 200  len: 750 time: 0.0301740
2018-09-29 08:38:16.848 11727 DEBUG neutron.pecan_wsgi.hooks.policy_enforcement [req-37ba701e-45b0-44bc-b596-239f2d793b10 52db2c2bb2754474a9e626ac3befb2ef 2826c499828f44719ccb8a386423ec45 - default default] Attributes excluded by policy engine: [u'vlan_transparent'] _exclude_attributes_by_policy /usr/lib/python2.7/site-packages/neutron/pecan_wsgi/hooks/policy_enforcement.py:256
2018-09-29 08:38:16.850 11727 INFO neutron.wsgi [req-37ba701e-45b0-44bc-b596-239f2d793b10 52db2c2bb2754474a9e626ac3befb2ef 2826c499828f44719ccb8a386423ec45 - default default] 10.0.20.36 "GET /v2.0/networks?id=cfdd8bf9-8c03-4fdd-9173-288df84c26db HTTP/1.1" status: 200  len: 885 time: 0.1885290
2018-09-29 08:38:16.860 11722 DEBUG neutron.pecan_wsgi.hooks.policy_enforcement [req-244d6d67-1157-409d-8a83-1c9c86749971 52db2c2bb2754474a9e626ac3befb2ef 2826c499828f44719ccb8a386423ec45 - default default] Attributes excluded by policy engine: [u'shared'] _exclude_attributes_by_policy /usr/lib/python2.7/site-packages/neutron/pecan_wsgi/hooks/policy_enforcement.py:256
2018-09-29 08:38:16.862 11722 INFO neutron.wsgi [req-244d6d67-1157-409d-8a83-1c9c86749971 52db2c2bb2754474a9e626ac3befb2ef 2826c499828f44719ccb8a386423ec45 - default default] 10.0.20.36 "GET /v2.0/subnets?id=b0e9a00c-a7c8-4330-a34f-f01643d77c91 HTTP/1.1" status: 200  len: 847 time: 0.1062520
2018-09-29 08:38:16.878 11727 INFO neutron.wsgi [req-40e00275-7915-4032-9806-a4168eceb090 52db2c2bb2754474a9e626ac3befb2ef 2826c499828f44719ccb8a386423ec45 - default default] 10.0.20.36 "GET /v2.0/floatingips?fixed_ip_address=11.224.1.5&port_id=26c4266d-9e39-4b57-8cb4-9b01336e6fef HTTP/1.1" status: 200  len: 750 time: 0.0250490
2018-09-29 08:38:16.975 11722 INFO neutron.wsgi [req-e5b7e900-4203-4213-bec0-964b7a4ec667 52db2c2bb2754474a9e626ac3befb2ef 2826c499828f44719ccb8a386423ec45 - default default] 10.0.20.36 "GET /v2.0/ports?network_id=cfdd8bf9-8c03-4fdd-9173-288df84c26db&device_owner=network%3Adhcp HTTP/1.1" status: 200  len: 1128 time: 0.1071830
2018-09-29 08:38:17.009 11727 DEBUG neutron.pecan_wsgi.hooks.policy_enforcement [req-4937c2c9-61ab-4b1f-a780-60a25d6378ad 52db2c2bb2754474a9e626ac3befb2ef 2826c499828f44719ccb8a386423ec45 - default default] Attributes excluded by policy engine: [u'shared'] _exclude_attributes_by_policy /usr/lib/python2.7/site-packages/neutron/pecan_wsgi/hooks/policy_enforcement.py:256
2018-09-29 08:38:17.012 11727 INFO neutron.wsgi [req-4937c2c9-61ab-4b1f-a780-60a25d6378ad 52db2c2bb2754474a9e626ac3befb2ef 2826c499828f44719ccb8a386423ec45 - default default] 10.0.20.36 "GET /v2.0/subnets?id=b0e9a00c-a7c8-4330-a34f-f01643d77c91 HTTP/1.1" status: 200  len: 847 time: 0.1287441
2018-09-29 08:38:17.109 11727 INFO neutron.wsgi [req-310a91de-db63-45d2-bace-dbd558c5f91c 52db2c2bb2754474a9e626ac3befb2ef 2826c499828f44719ccb8a386423ec45 - default default] 10.0.20.36 "GET /v2.0/ports?network_id=cfdd8bf9-8c03-4fdd-9173-288df84c26db&device_owner=network%3Adhcp HTTP/1.1" status: 200  len: 1128 time: 0.0915852
2018-09-29 08:38:18.610 11727 DEBUG oslo_concurrency.lockutils [-] Lock "notifier-aa3f7874-e8f4-472d-923e-1db3fccf8da7" released by "neutron.notifiers.batch_notifier.synced_send" :: held 3.685s inner /usr/lib/python2.7/site-packages/oslo_concurrency/lockutils.py:282
2018-09-29 08:38:20.254 11730 DEBUG neutron_lib.callbacks.manager [req-09402b52-b424-42c0-9fe1-c587d7561bec - - - - -] Notify callbacks ['neutron.services.segments.db._update_segment_host_mapping_for_agent-8744925961642'] for agent, after_update _notify_loop /usr/lib/python2.7/site-packages/neutron_lib/callbacks/manager.py:167
2018-09-29 08:38:20.287 11729 DEBUG neutron_lib.callbacks.manager [req-b75f47a6-e1a0-4cf8-98ea-8c597938013c - - - - -] Notify callbacks ['neutron.services.segments.db._update_segment_host_mapping_for_agent-8744925961642'] for agent, after_update _notify_loop /usr/lib/python2.7/site-packages/neutron_lib/callbacks/manager.py:167
2018-09-29 08:38:26.791 11727 INFO neutron.wsgi [req-67ba9d5b-8744-4014-9a8e-14735da06997 7307167d19cc439a83830286907e500d a52c011613cf48b0954ea229041f5b68 - 99842886cc7449b892513e1059975071 99842886cc7449b892513e1059975071] 10.0.20.36 "GET /v2.0/ports?device_id=cdbde68d-fca4-4200-bf7e-aad7d956439e HTTP/1.1" status: 200  len: 1124 time: 0.4802690
2018-09-29 08:38:26.897 11727 INFO neutron.wsgi [req-42a2a400-2771-40bf-9ae2-fecba63c4bde 7307167d19cc439a83830286907e500d a52c011613cf48b0954ea229041f5b68 - 99842886cc7449b892513e1059975071 99842886cc7449b892513e1059975071] 10.0.20.36 "GET /v2.0/security-groups?id=3709e05f-db7d-410c-a765-6044b4f3b6c2 HTTP/1.1" status: 200  len: 2118 time: 0.0991690
2018-09-29 08:38:29.245 11731 DEBUG neutron_lib.callbacks.manager [req-adfa3a87-9391-4971-b9d3-734ee88560ef - - - - -] Notify callbacks ['neutron.services.segments.db._update_segment_host_mapping_for_agent-8744925961642'] for agent, after_update _notify_loop /usr/lib/python2.7/site-packages/neutron_lib/callbacks/manager.py:167
