2018-06-28 22:28:51.581 11342 DEBUG neutron_lib.callbacks.manager [req-74109e90-e8d6-4037-9313-e3f8a0b1651d - - - - -] Notify callbacks ['neutron.services.segments.db._update_segment_host_mapping_for_agent-8747992035152'] for agent, after_update _notify_loop /usr/lib/python2.7/site-packages/neutron_lib/callbacks/manager.py:167
2018-06-28 22:28:59.474 11344 DEBUG neutron_lib.callbacks.manager [req-6f21ebb9-f6c6-491e-8d43-9c82935961bb - - - - -] Notify callbacks ['neutron.services.segments.db._update_segment_host_mapping_for_agent-8747992035152'] for agent, after_update _notify_loop /usr/lib/python2.7/site-packages/neutron_lib/callbacks/manager.py:167
2018-06-28 22:29:16.544 11346 DEBUG neutron_lib.callbacks.manager [req-ff865376-d573-4e77-ab68-996b129fe9dd - - - - -] Notify callbacks ['neutron.services.segments.db._update_segment_host_mapping_for_agent-8747992035152'] for agent, after_update _notify_loop /usr/lib/python2.7/site-packages/neutron_lib/callbacks/manager.py:167
2018-06-28 22:29:17.235 11348 DEBUG neutron.db.agents_db [req-f672b8a3-731e-4bdc-878c-3161b538ccb6 - - - - -] Agent healthcheck: found 5 active agents agent_health_check /usr/lib/python2.7/site-packages/neutron/db/agents_db.py:281
2018-06-28 22:29:18.850 11347 DEBUG neutron_lib.callbacks.manager [req-17e6d9b7-ab2b-4552-b156-c053c9f8d004 - - - - -] Notify callbacks ['neutron.services.segments.db._update_segment_host_mapping_for_agent-8747992035152'] for agent, after_update _notify_loop /usr/lib/python2.7/site-packages/neutron_lib/callbacks/manager.py:167
2018-06-28 22:29:19.280 11345 DEBUG neutron_lib.callbacks.manager [req-32cfd792-cec4-41ac-9aaf-97d877b691c0 - - - - -] Notify callbacks ['neutron.services.segments.db._update_segment_host_mapping_for_agent-8747992035152'] for agent, after_update _notify_loop /usr/lib/python2.7/site-packages/neutron_lib/callbacks/manager.py:167
2018-06-28 22:29:21.570 11343 DEBUG neutron_lib.callbacks.manager [req-7daf3e2c-2c7a-4cd7-906b-408d47813e23 - - - - -] Notify callbacks ['neutron.services.segments.db._update_segment_host_mapping_for_agent-8747992035152'] for agent, after_update _notify_loop /usr/lib/python2.7/site-packages/neutron_lib/callbacks/manager.py:167
2018-06-28 22:29:29.465 11341 DEBUG neutron_lib.callbacks.manager [req-6f21ebb9-f6c6-491e-8d43-9c82935961bb - - - - -] Notify callbacks ['neutron.services.segments.db._update_segment_host_mapping_for_agent-8747992035152'] for agent, after_update _notify_loop /usr/lib/python2.7/site-packages/neutron_lib/callbacks/manager.py:167
2018-06-28 22:29:34.014 11332 DEBUG neutron.wsgi [-] (11332) accepted ('10.0.20.28', 57570) server /usr/lib/python2.7/site-packages/eventlet/wsgi.py:883
2018-06-28 22:29:34.018 11332 INFO neutron.wsgi [-] 10.0.20.28 "GET / HTTP/1.1" status: 200  len: 252 time: 0.0019860
2018-06-28 22:29:34.768 11332 DEBUG neutron.pecan_wsgi.hooks.policy_enforcement [req-de6df65e-9c4c-4782-a985-70f0de6fe9c2 e2f55c110b6940c6a6028ab67812b246 65473b8a056f4e7da1de6d1a7fef1d69 - 09412361d0b94b86a56b16679abd91ac 09412361d0b94b86a56b16679abd91ac] Attributes excluded by policy engine: [u'shared', u'segment_id'] _exclude_attributes_by_policy /usr/lib/python2.7/site-packages/neutron/pecan_wsgi/hooks/policy_enforcement.py:256
2018-06-28 22:29:34.769 11332 DEBUG neutron.pecan_wsgi.hooks.policy_enforcement [req-de6df65e-9c4c-4782-a985-70f0de6fe9c2 e2f55c110b6940c6a6028ab67812b246 65473b8a056f4e7da1de6d1a7fef1d69 - 09412361d0b94b86a56b16679abd91ac 09412361d0b94b86a56b16679abd91ac] Attributes excluded by policy engine: [u'shared', u'segment_id'] _exclude_attributes_by_policy /usr/lib/python2.7/site-packages/neutron/pecan_wsgi/hooks/policy_enforcement.py:256
2018-06-28 22:29:34.772 11332 INFO neutron.wsgi [req-de6df65e-9c4c-4782-a985-70f0de6fe9c2 e2f55c110b6940c6a6028ab67812b246 65473b8a056f4e7da1de6d1a7fef1d69 - 09412361d0b94b86a56b16679abd91ac 09412361d0b94b86a56b16679abd91ac] 10.0.20.28 "GET /v2.0/subnets HTTP/1.1" status: 200  len: 1419 time: 0.7505028
2018-06-28 22:29:46.536 11340 DEBUG neutron_lib.callbacks.manager [req-ff865376-d573-4e77-ab68-996b129fe9dd - - - - -] Notify callbacks ['neutron.services.segments.db._update_segment_host_mapping_for_agent-8747992035152'] for agent, after_update _notify_loop /usr/lib/python2.7/site-packages/neutron_lib/callbacks/manager.py:167
2018-06-28 22:29:48.852 11339 DEBUG neutron_lib.callbacks.manager [req-17e6d9b7-ab2b-4552-b156-c053c9f8d004 - - - - -] Notify callbacks ['neutron.services.segments.db._update_segment_host_mapping_for_agent-8747992035152'] for agent, after_update _notify_loop /usr/lib/python2.7/site-packages/neutron_lib/callbacks/manager.py:167
2018-06-28 22:29:49.294 11342 DEBUG neutron_lib.callbacks.manager [req-d0f4046d-fe94-47ea-8e3f-d2398dba45e8 - - - - -] Notify callbacks ['neutron.services.segments.db._update_segment_host_mapping_for_agent-8747992035152'] for agent, after_update _notify_loop /usr/lib/python2.7/site-packages/neutron_lib/callbacks/manager.py:167
2018-06-28 22:29:51.567 11344 DEBUG neutron_lib.callbacks.manager [req-70533ae5-3ff5-4319-8b7f-947de65b6f90 - - - - -] Notify callbacks ['neutron.services.segments.db._update_segment_host_mapping_for_agent-8747992035152'] for agent, after_update _notify_loop /usr/lib/python2.7/site-packages/neutron_lib/callbacks/manager.py:167
2018-06-28 22:29:54.231 11348 DEBUG neutron.db.agents_db [req-f672b8a3-731e-4bdc-878c-3161b538ccb6 - - - - -] Agent healthcheck: found 5 active agents agent_health_check /usr/lib/python2.7/site-packages/neutron/db/agents_db.py:281
2018-06-28 22:29:59.458 11346 DEBUG neutron_lib.callbacks.manager [req-6f21ebb9-f6c6-491e-8d43-9c82935961bb - - - - -] Notify callbacks ['neutron.services.segments.db._update_segment_host_mapping_for_agent-8747992035152'] for agent, after_update _notify_loop /usr/lib/python2.7/site-packages/neutron_lib/callbacks/manager.py:167
2018-06-28 22:30:14.662 11336 DEBUG neutron.wsgi [-] (11336) accepted ('10.0.20.28', 58690) server /usr/lib/python2.7/site-packages/eventlet/wsgi.py:883
2018-06-28 22:30:14.667 11336 INFO neutron.wsgi [-] 10.0.20.28 "GET / HTTP/1.1" status: 200  len: 252 time: 0.0025532
2018-06-28 22:30:15.088 11336 DEBUG neutron.api.v2.base [req-a13ba8df-94bd-4165-b0e4-28d6fef780c3 e2f55c110b6940c6a6028ab67812b246 65473b8a056f4e7da1de6d1a7fef1d69 - 09412361d0b94b86a56b16679abd91ac 09412361d0b94b86a56b16679abd91ac] Request body: {u'security_group': {u'name': u'tempest-SECURITY_GROUP_SAMPLE-1530217735', u'description': u'tempest-SECURITY_GROUP_SAMPLE-1530217735'}} prepare_request_body /usr/lib/python2.7/site-packages/neutron/api/v2/base.py:695
2018-06-28 22:30:15.101 11336 DEBUG neutron.db.quota.driver [req-a13ba8df-94bd-4165-b0e4-28d6fef780c3 e2f55c110b6940c6a6028ab67812b246 65473b8a056f4e7da1de6d1a7fef1d69 - 09412361d0b94b86a56b16679abd91ac 09412361d0b94b86a56b16679abd91ac] Resources subnetpool have unlimited quota limit. It is not required to calculate headroom  make_reservation /usr/lib/python2.7/site-packages/neutron/db/quota/driver.py:223
2018-06-28 22:30:15.113 11336 DEBUG neutron.quota.resource [req-a13ba8df-94bd-4165-b0e4-28d6fef780c3 e2f55c110b6940c6a6028ab67812b246 65473b8a056f4e7da1de6d1a7fef1d69 - 09412361d0b94b86a56b16679abd91ac 09412361d0b94b86a56b16679abd91ac] Usage tracker for resource:security_group and tenant:65473b8a056f4e7da1de6d1a7fef1d69 is out of sync, need to count used quota count_used /usr/lib/python2.7/site-packages/neutron/quota/resource.py:274
2018-06-28 22:30:15.124 11336 DEBUG neutron.quota.resource [req-a13ba8df-94bd-4165-b0e4-28d6fef780c3 e2f55c110b6940c6a6028ab67812b246 65473b8a056f4e7da1de6d1a7fef1d69 - 09412361d0b94b86a56b16679abd91ac 09412361d0b94b86a56b16679abd91ac] Quota usage for security_group was recalculated. Used quota:0. count_used /usr/lib/python2.7/site-packages/neutron/quota/resource.py:293
2018-06-28 22:30:15.137 11336 DEBUG neutron.db.quota.driver [req-a13ba8df-94bd-4165-b0e4-28d6fef780c3 e2f55c110b6940c6a6028ab67812b246 65473b8a056f4e7da1de6d1a7fef1d69 - 09412361d0b94b86a56b16679abd91ac 09412361d0b94b86a56b16679abd91ac] Attempting to reserve 1 items for resource security_group. Total usage: 0; quota limit: 10; headroom:10 make_reservation /usr/lib/python2.7/site-packages/neutron/db/quota/driver.py:255
2018-06-28 22:30:15.175 11336 DEBUG neutron_lib.callbacks.manager [req-a13ba8df-94bd-4165-b0e4-28d6fef780c3 e2f55c110b6940c6a6028ab67812b246 65473b8a056f4e7da1de6d1a7fef1d69 - 09412361d0b94b86a56b16679abd91ac 09412361d0b94b86a56b16679abd91ac] Notify callbacks [] for security_group, before_create _notify_loop /usr/lib/python2.7/site-packages/neutron_lib/callbacks/manager.py:167
2018-06-28 22:30:15.217 11336 DEBUG neutron_lib.callbacks.manager [req-a13ba8df-94bd-4165-b0e4-28d6fef780c3 e2f55c110b6940c6a6028ab67812b246 65473b8a056f4e7da1de6d1a7fef1d69 - 09412361d0b94b86a56b16679abd91ac 09412361d0b94b86a56b16679abd91ac] Notify callbacks [] for security_group, before_create _notify_loop /usr/lib/python2.7/site-packages/neutron_lib/callbacks/manager.py:167
2018-06-28 22:30:15.552 11336 DEBUG neutron_lib.callbacks.manager [req-a13ba8df-94bd-4165-b0e4-28d6fef780c3 e2f55c110b6940c6a6028ab67812b246 65473b8a056f4e7da1de6d1a7fef1d69 - 09412361d0b94b86a56b16679abd91ac 09412361d0b94b86a56b16679abd91ac] Notify callbacks [] for security_group, precommit_create _notify_loop /usr/lib/python2.7/site-packages/neutron_lib/callbacks/manager.py:167
2018-06-28 22:30:15.561 11336 DEBUG neutron_lib.callbacks.manager [req-a13ba8df-94bd-4165-b0e4-28d6fef780c3 e2f55c110b6940c6a6028ab67812b246 65473b8a056f4e7da1de6d1a7fef1d69 - 09412361d0b94b86a56b16679abd91ac 09412361d0b94b86a56b16679abd91ac] Notify callbacks ['neutron.plugins.ml2.ovo_rpc._ObjectChangeHandler.handle_event-1537992'] for security_group, after_create _notify_loop /usr/lib/python2.7/site-packages/neutron_lib/callbacks/manager.py:167
2018-06-28 22:30:15.568 11336 DEBUG oslo_concurrency.lockutils [-] Lock "event-dispatch" acquired by "neutron.plugins.ml2.ovo_rpc.dispatch_events" :: waited 0.000s inner /usr/lib/python2.7/site-packages/oslo_concurrency/lockutils.py:270
2018-06-28 22:30:15.682 11336 DEBUG neutron.api.rpc.handlers.resources_rpc [req-a13ba8df-94bd-4165-b0e4-28d6fef780c3 e2f55c110b6940c6a6028ab67812b246 65473b8a056f4e7da1de6d1a7fef1d69 - - -] neutron.api.rpc.handlers.resources_rpc.ResourcesPushRpcApi method push called with arguments (<neutron_lib.context.Context object at 0x7f4cce4b4b50>, [SecurityGroup(created_at=2018-06-28T20:30:15Z,description='Gruppo di sicurezza predefinito',id=a2d12dd7-5891-4447-8af3-cafeff7accc1,is_default=True,name='default',project_id='65473b8a056f4e7da1de6d1a7fef1d69',revision_number=4,rules=[SecurityGroupRule(54287053-ba43-4ca8-a2b6-aafcdb3c2803),SecurityGroupRule(8ca8f1c4-0bf6-434b-915b-a78fd7fb2993),SecurityGroupRule(da2b776e-9bd0-462d-8b9a-bdefd4b1bb6c),SecurityGroupRule(e41c4f91-422c-4ed1-a364-31b960828773)],updated_at=2018-06-28T20:30:15Z)], 'updated') {} wrapper /usr/lib/python2.7/site-packages/oslo_log/helpers.py:66
2018-06-28 22:30:15.723 11336 DEBUG neutron.api.rpc.callbacks.version_manager [req-a13ba8df-94bd-4165-b0e4-28d6fef780c3 e2f55c110b6940c6a6028ab67812b246 65473b8a056f4e7da1de6d1a7fef1d69 - - -] Version for resource type Subnet changed None to 1.0 on consumer Open vSwitch agent@localhost.localdomain _set_version /usr/lib/python2.7/site-packages/neutron/api/rpc/callbacks/version_manager.py:119
2018-06-28 22:30:15.724 11336 DEBUG neutron.api.rpc.callbacks.version_manager [req-a13ba8df-94bd-4165-b0e4-28d6fef780c3 e2f55c110b6940c6a6028ab67812b246 65473b8a056f4e7da1de6d1a7fef1d69 - - -] Version for resource type Network changed None to 1.0 on consumer Open vSwitch agent@localhost.localdomain _set_version /usr/lib/python2.7/site-packages/neutron/api/rpc/callbacks/version_manager.py:119
2018-06-28 22:30:15.725 11336 DEBUG neutron.api.rpc.callbacks.version_manager [req-a13ba8df-94bd-4165-b0e4-28d6fef780c3 e2f55c110b6940c6a6028ab67812b246 65473b8a056f4e7da1de6d1a7fef1d69 - - -] Version for resource type SubPort changed None to 1.0 on consumer Open vSwitch agent@localhost.localdomain _set_version /usr/lib/python2.7/site-packages/neutron/api/rpc/callbacks/version_manager.py:119
2018-06-28 22:30:15.725 11336 DEBUG neutron.api.rpc.callbacks.version_manager [req-a13ba8df-94bd-4165-b0e4-28d6fef780c3 e2f55c110b6940c6a6028ab67812b246 65473b8a056f4e7da1de6d1a7fef1d69 - - -] Version for resource type SecurityGroup changed None to 1.0 on consumer Open vSwitch agent@localhost.localdomain _set_version /usr/lib/python2.7/site-packages/neutron/api/rpc/callbacks/version_manager.py:119
2018-06-28 22:30:15.726 11336 DEBUG neutron.api.rpc.callbacks.version_manager [req-a13ba8df-94bd-4165-b0e4-28d6fef780c3 e2f55c110b6940c6a6028ab67812b246 65473b8a056f4e7da1de6d1a7fef1d69 - - -] Version for resource type SecurityGroupRule changed None to 1.0 on consumer Open vSwitch agent@localhost.localdomain _set_version /usr/lib/python2.7/site-packages/neutron/api/rpc/callbacks/version_manager.py:119
2018-06-28 22:30:15.727 11336 DEBUG neutron.api.rpc.callbacks.version_manager [req-a13ba8df-94bd-4165-b0e4-28d6fef780c3 e2f55c110b6940c6a6028ab67812b246 65473b8a056f4e7da1de6d1a7fef1d69 - - -] Version for resource type Trunk changed None to 1.1 on consumer Open vSwitch agent@localhost.localdomain _set_version /usr/lib/python2.7/site-packages/neutron/api/rpc/callbacks/version_manager.py:119
2018-06-28 22:30:15.727 11336 DEBUG neutron.api.rpc.callbacks.version_manager [req-a13ba8df-94bd-4165-b0e4-28d6fef780c3 e2f55c110b6940c6a6028ab67812b246 65473b8a056f4e7da1de6d1a7fef1d69 - - -] Version for resource type QosPolicy changed None to 1.6 on consumer Open vSwitch agent@localhost.localdomain _set_version /usr/lib/python2.7/site-packages/neutron/api/rpc/callbacks/version_manager.py:119
2018-06-28 22:30:15.728 11336 DEBUG neutron.api.rpc.callbacks.version_manager [req-a13ba8df-94bd-4165-b0e4-28d6fef780c3 e2f55c110b6940c6a6028ab67812b246 65473b8a056f4e7da1de6d1a7fef1d69 - - -] Version for resource type Port changed None to 1.1 on consumer Open vSwitch agent@localhost.localdomain _set_version /usr/lib/python2.7/site-packages/neutron/api/rpc/callbacks/version_manager.py:119
2018-06-28 22:30:15.728 11336 DEBUG neutron.api.rpc.callbacks.version_manager [req-a13ba8df-94bd-4165-b0e4-28d6fef780c3 e2f55c110b6940c6a6028ab67812b246 65473b8a056f4e7da1de6d1a7fef1d69 - - -] Version for resource type Log changed None to 1.0 on consumer Open vSwitch agent@localhost.localdomain _set_version /usr/lib/python2.7/site-packages/neutron/api/rpc/callbacks/version_manager.py:119
2018-06-28 22:30:15.779 11336 DEBUG oslo_concurrency.lockutils [req-a13ba8df-94bd-4165-b0e4-28d6fef780c3 e2f55c110b6940c6a6028ab67812b246 65473b8a056f4e7da1de6d1a7fef1d69 - - -] Lock "event-dispatch" released by "neutron.plugins.ml2.ovo_rpc.dispatch_events" :: held 0.211s inner /usr/lib/python2.7/site-packages/oslo_concurrency/lockutils.py:282
2018-06-28 22:30:15.887 11336 DEBUG neutron_lib.callbacks.manager [req-a13ba8df-94bd-4165-b0e4-28d6fef780c3 e2f55c110b6940c6a6028ab67812b246 65473b8a056f4e7da1de6d1a7fef1d69 - 09412361d0b94b86a56b16679abd91ac 09412361d0b94b86a56b16679abd91ac] Notify callbacks [] for security_group, precommit_create _notify_loop /usr/lib/python2.7/site-packages/neutron_lib/callbacks/manager.py:167
2018-06-28 22:30:15.894 11336 DEBUG neutron_lib.callbacks.manager [req-a13ba8df-94bd-4165-b0e4-28d6fef780c3 e2f55c110b6940c6a6028ab67812b246 65473b8a056f4e7da1de6d1a7fef1d69 - 09412361d0b94b86a56b16679abd91ac 09412361d0b94b86a56b16679abd91ac] Notify callbacks ['neutron.plugins.ml2.ovo_rpc._ObjectChangeHandler.handle_event-1537992'] for security_group, after_create _notify_loop /usr/lib/python2.7/site-packages/neutron_lib/callbacks/manager.py:167
2018-06-28 22:30:15.904 11336 DEBUG oslo_concurrency.lockutils [-] Lock "event-dispatch" acquired by "neutron.plugins.ml2.ovo_rpc.dispatch_events" :: waited 0.000s inner /usr/lib/python2.7/site-packages/oslo_concurrency/lockutils.py:270
2018-06-28 22:30:15.968 11336 DEBUG neutron.quota.resource [req-a13ba8df-94bd-4165-b0e4-28d6fef780c3 e2f55c110b6940c6a6028ab67812b246 65473b8a056f4e7da1de6d1a7fef1d69 - 09412361d0b94b86a56b16679abd91ac 09412361d0b94b86a56b16679abd91ac] Persisted dirty status for tenant:65473b8a056f4e7da1de6d1a7fef1d69 on resource:security_group_rule mark_dirty /usr/lib/python2.7/site-packages/neutron/quota/resource.py:207
2018-06-28 22:30:15.978 11336 DEBUG neutron.quota.resource [req-a13ba8df-94bd-4165-b0e4-28d6fef780c3 e2f55c110b6940c6a6028ab67812b246 65473b8a056f4e7da1de6d1a7fef1d69 - 09412361d0b94b86a56b16679abd91ac 09412361d0b94b86a56b16679abd91ac] Persisted dirty status for tenant:65473b8a056f4e7da1de6d1a7fef1d69 on resource:security_group mark_dirty /usr/lib/python2.7/site-packages/neutron/quota/resource.py:207
2018-06-28 22:30:15.986 11336 DEBUG neutron.api.rpc.handlers.resources_rpc [req-a13ba8df-94bd-4165-b0e4-28d6fef780c3 e2f55c110b6940c6a6028ab67812b246 65473b8a056f4e7da1de6d1a7fef1d69 - - -] neutron.api.rpc.handlers.resources_rpc.ResourcesPushRpcApi method push called with arguments (<neutron_lib.context.Context object at 0x7f4cce462910>, [SecurityGroup(created_at=2018-06-28T20:30:15Z,description='tempest-SECURITY_GROUP_SAMPLE-1530217735',id=25a3db95-2bd7-496a-a915-4f2078067add,is_default=False,name='tempest-SECURITY_GROUP_SAMPLE-1530217735',project_id='65473b8a056f4e7da1de6d1a7fef1d69',revision_number=2,rules=[SecurityGroupRule(14bbdeb3-1f65-4e6c-bfef-b49a03ea6b84),SecurityGroupRule(6d9b6917-ce2a-4cba-88da-503ab7f966c9)],updated_at=2018-06-28T20:30:15Z)], 'updated') {} wrapper /usr/lib/python2.7/site-packages/oslo_log/helpers.py:66
2018-06-28 22:30:16.000 11336 DEBUG neutron_lib.callbacks.manager [req-a13ba8df-94bd-4165-b0e4-28d6fef780c3 e2f55c110b6940c6a6028ab67812b246 65473b8a056f4e7da1de6d1a7fef1d69 - 09412361d0b94b86a56b16679abd91ac 09412361d0b94b86a56b16679abd91ac] Notify callbacks [] for security_group, before_response _notify_loop /usr/lib/python2.7/site-packages/neutron_lib/callbacks/manager.py:167
2018-06-28 22:30:16.002 11336 INFO neutron.wsgi [req-a13ba8df-94bd-4165-b0e4-28d6fef780c3 e2f55c110b6940c6a6028ab67812b246 65473b8a056f4e7da1de6d1a7fef1d69 - 09412361d0b94b86a56b16679abd91ac 09412361d0b94b86a56b16679abd91ac] 10.0.20.28 "POST /v2.0/security-groups HTTP/1.1" status: 201  len: 1617 time: 1.3290191
2018-06-28 22:30:16.005 11336 DEBUG oslo_concurrency.lockutils [req-a13ba8df-94bd-4165-b0e4-28d6fef780c3 e2f55c110b6940c6a6028ab67812b246 65473b8a056f4e7da1de6d1a7fef1d69 - - -] Lock "event-dispatch" released by "neutron.plugins.ml2.ovo_rpc.dispatch_events" :: held 0.101s inner /usr/lib/python2.7/site-packages/oslo_concurrency/lockutils.py:282
2018-06-28 22:30:16.543 11347 DEBUG neutron_lib.callbacks.manager [req-ff865376-d573-4e77-ab68-996b129fe9dd - - - - -] Notify callbacks ['neutron.services.segments.db._update_segment_host_mapping_for_agent-8747992035152'] for agent, after_update _notify_loop /usr/lib/python2.7/site-packages/neutron_lib/callbacks/manager.py:167
2018-06-28 22:30:26.657 11341 DEBUG neutron_lib.callbacks.manager [req-b25a3a0e-ef5d-40a6-b083-8b3c921baeab - - - - -] Notify callbacks ['neutron.services.segments.db._update_segment_host_mapping_for_agent-8747992035152'] for agent, after_update _notify_loop /usr/lib/python2.7/site-packages/neutron_lib/callbacks/manager.py:167
2018-06-28 22:30:26.676 11345 DEBUG neutron_lib.callbacks.manager [req-307a5f18-db21-43f6-a113-3a3dc8f58951 - - - - -] Notify callbacks ['neutron.services.segments.db._update_segment_host_mapping_for_agent-8747992035152'] for agent, after_update _notify_loop /usr/lib/python2.7/site-packages/neutron_lib/callbacks/manager.py:167
2018-06-28 22:30:26.678 11343 DEBUG neutron_lib.callbacks.manager [req-17e6d9b7-ab2b-4552-b156-c053c9f8d004 - - - - -] Notify callbacks ['neutron.services.segments.db._update_segment_host_mapping_for_agent-8747992035152'] for agent, after_update _notify_loop /usr/lib/python2.7/site-packages/neutron_lib/callbacks/manager.py:167
2018-06-28 22:30:29.458 11340 DEBUG neutron_lib.callbacks.manager [req-6f21ebb9-f6c6-491e-8d43-9c82935961bb - - - - -] Notify callbacks ['neutron.services.segments.db._update_segment_host_mapping_for_agent-8747992035152'] for agent, after_update _notify_loop /usr/lib/python2.7/site-packages/neutron_lib/callbacks/manager.py:167
2018-06-28 22:30:30.531 11333 DEBUG neutron.wsgi [-] (11333) accepted ('10.0.20.28', 58720) server /usr/lib/python2.7/site-packages/eventlet/wsgi.py:883
2018-06-28 22:30:30.536 11333 INFO neutron.wsgi [-] 10.0.20.28 "GET / HTTP/1.1" status: 200  len: 252 time: 0.0031080
2018-06-28 22:30:31.078 11333 INFO neutron.api.v2.resource [req-68d3f7e6-8801-476b-ae8f-3f0afec54548 e2f55c110b6940c6a6028ab67812b246 65473b8a056f4e7da1de6d1a7fef1d69 - 09412361d0b94b86a56b16679abd91ac 09412361d0b94b86a56b16679abd91ac] show failed (client error): The resource could not be found.
2018-06-28 22:30:31.079 11333 INFO neutron.wsgi [req-68d3f7e6-8801-476b-ae8f-3f0afec54548 e2f55c110b6940c6a6028ab67812b246 65473b8a056f4e7da1de6d1a7fef1d69 - 09412361d0b94b86a56b16679abd91ac 09412361d0b94b86a56b16679abd91ac] 10.0.20.28 "GET /v2.0/security-groups/tempest-SECURITY_GROUP_SAMPLE-1530217735 HTTP/1.1" status: 404  len: 360 time: 0.5373840
2018-06-28 22:30:31.238 11348 DEBUG neutron.db.agents_db [req-f672b8a3-731e-4bdc-878c-3161b538ccb6 - - - - -] Agent healthcheck: found 5 active agents agent_health_check /usr/lib/python2.7/site-packages/neutron/db/agents_db.py:281
2018-06-28 22:30:31.319 11333 INFO neutron.wsgi [req-d2193374-d9ee-4e02-a284-3967ce35f964 e2f55c110b6940c6a6028ab67812b246 65473b8a056f4e7da1de6d1a7fef1d69 - 09412361d0b94b86a56b16679abd91ac 09412361d0b94b86a56b16679abd91ac] 10.0.20.28 "GET /v2.0/security-groups HTTP/1.1" status: 200  len: 23094 time: 0.2350020
2018-06-28 22:30:31.346 11333 DEBUG neutron.api.v2.base [req-e716bf7c-d1d1-43b7-b730-043b9a41a412 e2f55c110b6940c6a6028ab67812b246 65473b8a056f4e7da1de6d1a7fef1d69 - 09412361d0b94b86a56b16679abd91ac 09412361d0b94b86a56b16679abd91ac] Request body: {u'security_group_rule': {u'direction': u'ingress', u'protocol': u'tcp', u'ethertype': u'IPv4', u'port_range_max': 22, u'security_group_id': u'25a3db95-2bd7-496a-a915-4f2078067add', u'port_range_min': 22, u'remote_ip_prefix': u'0.0.0.0/0'}} prepare_request_body /usr/lib/python2.7/site-packages/neutron/api/v2/base.py:695
2018-06-28 22:30:31.356 11333 DEBUG neutron.db.quota.driver [req-e716bf7c-d1d1-43b7-b730-043b9a41a412 e2f55c110b6940c6a6028ab67812b246 65473b8a056f4e7da1de6d1a7fef1d69 - 09412361d0b94b86a56b16679abd91ac 09412361d0b94b86a56b16679abd91ac] Resources subnetpool have unlimited quota limit. It is not required to calculate headroom  make_reservation /usr/lib/python2.7/site-packages/neutron/db/quota/driver.py:223
2018-06-28 22:30:31.365 11333 DEBUG neutron.quota.resource [req-e716bf7c-d1d1-43b7-b730-043b9a41a412 e2f55c110b6940c6a6028ab67812b246 65473b8a056f4e7da1de6d1a7fef1d69 - 09412361d0b94b86a56b16679abd91ac 09412361d0b94b86a56b16679abd91ac] Usage tracker for resource:security_group_rule and tenant:65473b8a056f4e7da1de6d1a7fef1d69 is out of sync, need to count used quota count_used /usr/lib/python2.7/site-packages/neutron/quota/resource.py:274
2018-06-28 22:30:31.383 11333 DEBUG neutron.quota.resource [req-e716bf7c-d1d1-43b7-b730-043b9a41a412 e2f55c110b6940c6a6028ab67812b246 65473b8a056f4e7da1de6d1a7fef1d69 - 09412361d0b94b86a56b16679abd91ac 09412361d0b94b86a56b16679abd91ac] Quota usage for security_group_rule was recalculated. Used quota:6. count_used /usr/lib/python2.7/site-packages/neutron/quota/resource.py:293
2018-06-28 22:30:31.392 11333 DEBUG neutron.db.quota.driver [req-e716bf7c-d1d1-43b7-b730-043b9a41a412 e2f55c110b6940c6a6028ab67812b246 65473b8a056f4e7da1de6d1a7fef1d69 - 09412361d0b94b86a56b16679abd91ac 09412361d0b94b86a56b16679abd91ac] Attempting to reserve 1 items for resource security_group_rule. Total usage: 6; quota limit: 100; headroom:94 make_reservation /usr/lib/python2.7/site-packages/neutron/db/quota/driver.py:255
2018-06-28 22:30:31.480 11333 DEBUG neutron_lib.callbacks.manager [req-e716bf7c-d1d1-43b7-b730-043b9a41a412 e2f55c110b6940c6a6028ab67812b246 65473b8a056f4e7da1de6d1a7fef1d69 - 09412361d0b94b86a56b16679abd91ac 09412361d0b94b86a56b16679abd91ac] Notify callbacks [] for security_group_rule, before_create _notify_loop /usr/lib/python2.7/site-packages/neutron_lib/callbacks/manager.py:167
2018-06-28 22:30:31.580 11333 DEBUG neutron_lib.callbacks.manager [req-e716bf7c-d1d1-43b7-b730-043b9a41a412 e2f55c110b6940c6a6028ab67812b246 65473b8a056f4e7da1de6d1a7fef1d69 - 09412361d0b94b86a56b16679abd91ac 09412361d0b94b86a56b16679abd91ac] Notify callbacks [] for security_group_rule, precommit_create _notify_loop /usr/lib/python2.7/site-packages/neutron_lib/callbacks/manager.py:167
2018-06-28 22:30:31.591 11333 DEBUG neutron_lib.callbacks.manager [req-e716bf7c-d1d1-43b7-b730-043b9a41a412 e2f55c110b6940c6a6028ab67812b246 65473b8a056f4e7da1de6d1a7fef1d69 - 09412361d0b94b86a56b16679abd91ac 09412361d0b94b86a56b16679abd91ac] Notify callbacks ['neutron.plugins.ml2.ovo_rpc._ObjectChangeHandler.handle_event-1537820'] for security_group_rule, after_create _notify_loop /usr/lib/python2.7/site-packages/neutron_lib/callbacks/manager.py:167
2018-06-28 22:30:31.604 11333 DEBUG oslo_concurrency.lockutils [-] Lock "event-dispatch" acquired by "neutron.plugins.ml2.ovo_rpc.dispatch_events" :: waited 0.000s inner /usr/lib/python2.7/site-packages/oslo_concurrency/lockutils.py:270
2018-06-28 22:30:31.643 11333 DEBUG neutron.api.rpc.handlers.resources_rpc [req-e716bf7c-d1d1-43b7-b730-043b9a41a412 e2f55c110b6940c6a6028ab67812b246 65473b8a056f4e7da1de6d1a7fef1d69 - - -] neutron.api.rpc.handlers.resources_rpc.ResourcesPushRpcApi method push called with arguments (<neutron_lib.context.Context object at 0x7f4cce58ea10>, [SecurityGroupRule(created_at=2018-06-28T20:30:31Z,description='',direction='ingress',ethertype='IPv4',id=dd326e9c-5645-4628-ac1d-32886e6c276a,port_range_max=22,port_range_min=22,project_id='65473b8a056f4e7da1de6d1a7fef1d69',protocol='tcp',remote_group_id=<?>,remote_ip_prefix=0.0.0.0/0,revision_number=0,security_group_id=25a3db95-2bd7-496a-a915-4f2078067add,updated_at=2018-06-28T20:30:31Z)], 'updated') {} wrapper /usr/lib/python2.7/site-packages/oslo_log/helpers.py:66
2018-06-28 22:30:31.667 11333 DEBUG neutron.api.rpc.callbacks.version_manager [req-e716bf7c-d1d1-43b7-b730-043b9a41a412 e2f55c110b6940c6a6028ab67812b246 65473b8a056f4e7da1de6d1a7fef1d69 - - -] Version for resource type Subnet changed None to 1.0 on consumer Open vSwitch agent@localhost.localdomain _set_version /usr/lib/python2.7/site-packages/neutron/api/rpc/callbacks/version_manager.py:119
2018-06-28 22:30:31.669 11333 DEBUG neutron.api.rpc.callbacks.version_manager [req-e716bf7c-d1d1-43b7-b730-043b9a41a412 e2f55c110b6940c6a6028ab67812b246 65473b8a056f4e7da1de6d1a7fef1d69 - - -] Version for resource type Network changed None to 1.0 on consumer Open vSwitch agent@localhost.localdomain _set_version /usr/lib/python2.7/site-packages/neutron/api/rpc/callbacks/version_manager.py:119
2018-06-28 22:30:31.670 11333 DEBUG neutron.api.rpc.callbacks.version_manager [req-e716bf7c-d1d1-43b7-b730-043b9a41a412 e2f55c110b6940c6a6028ab67812b246 65473b8a056f4e7da1de6d1a7fef1d69 - - -] Version for resource type SubPort changed None to 1.0 on consumer Open vSwitch agent@localhost.localdomain _set_version /usr/lib/python2.7/site-packages/neutron/api/rpc/callbacks/version_manager.py:119
2018-06-28 22:30:31.672 11333 DEBUG neutron.api.rpc.callbacks.version_manager [req-e716bf7c-d1d1-43b7-b730-043b9a41a412 e2f55c110b6940c6a6028ab67812b246 65473b8a056f4e7da1de6d1a7fef1d69 - - -] Version for resource type SecurityGroup changed None to 1.0 on consumer Open vSwitch agent@localhost.localdomain _set_version /usr/lib/python2.7/site-packages/neutron/api/rpc/callbacks/version_manager.py:119
2018-06-28 22:30:31.672 11333 DEBUG neutron.api.rpc.callbacks.version_manager [req-e716bf7c-d1d1-43b7-b730-043b9a41a412 e2f55c110b6940c6a6028ab67812b246 65473b8a056f4e7da1de6d1a7fef1d69 - - -] Version for resource type SecurityGroupRule changed None to 1.0 on consumer Open vSwitch agent@localhost.localdomain _set_version /usr/lib/python2.7/site-packages/neutron/api/rpc/callbacks/version_manager.py:119
2018-06-28 22:30:31.673 11333 DEBUG neutron.api.rpc.callbacks.version_manager [req-e716bf7c-d1d1-43b7-b730-043b9a41a412 e2f55c110b6940c6a6028ab67812b246 65473b8a056f4e7da1de6d1a7fef1d69 - - -] Version for resource type Trunk changed None to 1.1 on consumer Open vSwitch agent@localhost.localdomain _set_version /usr/lib/python2.7/site-packages/neutron/api/rpc/callbacks/version_manager.py:119
2018-06-28 22:30:31.674 11333 DEBUG neutron.api.rpc.callbacks.version_manager [req-e716bf7c-d1d1-43b7-b730-043b9a41a412 e2f55c110b6940c6a6028ab67812b246 65473b8a056f4e7da1de6d1a7fef1d69 - - -] Version for resource type QosPolicy changed None to 1.6 on consumer Open vSwitch agent@localhost.localdomain _set_version /usr/lib/python2.7/site-packages/neutron/api/rpc/callbacks/version_manager.py:119
2018-06-28 22:30:31.675 11333 DEBUG neutron.api.rpc.callbacks.version_manager [req-e716bf7c-d1d1-43b7-b730-043b9a41a412 e2f55c110b6940c6a6028ab67812b246 65473b8a056f4e7da1de6d1a7fef1d69 - - -] Version for resource type Port changed None to 1.1 on consumer Open vSwitch agent@localhost.localdomain _set_version /usr/lib/python2.7/site-packages/neutron/api/rpc/callbacks/version_manager.py:119
2018-06-28 22:30:31.675 11333 DEBUG neutron.api.rpc.callbacks.version_manager [req-e716bf7c-d1d1-43b7-b730-043b9a41a412 e2f55c110b6940c6a6028ab67812b246 65473b8a056f4e7da1de6d1a7fef1d69 - - -] Version for resource type Log changed None to 1.0 on consumer Open vSwitch agent@localhost.localdomain _set_version /usr/lib/python2.7/site-packages/neutron/api/rpc/callbacks/version_manager.py:119
2018-06-28 22:30:31.695 11333 DEBUG neutron.quota.resource [req-e716bf7c-d1d1-43b7-b730-043b9a41a412 e2f55c110b6940c6a6028ab67812b246 65473b8a056f4e7da1de6d1a7fef1d69 - 09412361d0b94b86a56b16679abd91ac 09412361d0b94b86a56b16679abd91ac] Persisted dirty status for tenant:65473b8a056f4e7da1de6d1a7fef1d69 on resource:security_group_rule mark_dirty /usr/lib/python2.7/site-packages/neutron/quota/resource.py:207
2018-06-28 22:30:31.700 11333 DEBUG oslo_concurrency.lockutils [req-e716bf7c-d1d1-43b7-b730-043b9a41a412 e2f55c110b6940c6a6028ab67812b246 65473b8a056f4e7da1de6d1a7fef1d69 - - -] Lock "event-dispatch" released by "neutron.plugins.ml2.ovo_rpc.dispatch_events" :: held 0.096s inner /usr/lib/python2.7/site-packages/oslo_concurrency/lockutils.py:282
2018-06-28 22:30:31.706 11333 DEBUG neutron_lib.callbacks.manager [req-e716bf7c-d1d1-43b7-b730-043b9a41a412 e2f55c110b6940c6a6028ab67812b246 65473b8a056f4e7da1de6d1a7fef1d69 - 09412361d0b94b86a56b16679abd91ac 09412361d0b94b86a56b16679abd91ac] Notify callbacks [] for security_group_rule, before_response _notify_loop /usr/lib/python2.7/site-packages/neutron_lib/callbacks/manager.py:167
2018-06-28 22:30:31.708 11333 INFO neutron.wsgi [req-e716bf7c-d1d1-43b7-b730-043b9a41a412 e2f55c110b6940c6a6028ab67812b246 65473b8a056f4e7da1de6d1a7fef1d69 - 09412361d0b94b86a56b16679abd91ac 09412361d0b94b86a56b16679abd91ac] 10.0.20.28 "POST /v2.0/security-group-rules HTTP/1.1" status: 201  len: 718 time: 0.3794761
2018-06-28 22:30:38.003 11335 DEBUG neutron.wsgi [-] (11335) accepted ('10.0.20.28', 58738) server /usr/lib/python2.7/site-packages/eventlet/wsgi.py:883
2018-06-28 22:30:38.009 11335 INFO neutron.wsgi [-] 10.0.20.28 "GET / HTTP/1.1" status: 200  len: 252 time: 0.0029199
2018-06-28 22:30:39.036 11335 INFO neutron.wsgi [req-113e2aeb-15de-4b9b-b8ae-f63f7e858953 e2f55c110b6940c6a6028ab67812b246 65473b8a056f4e7da1de6d1a7fef1d69 - 09412361d0b94b86a56b16679abd91ac 09412361d0b94b86a56b16679abd91ac] 10.0.20.28 "GET /v2.0/security-groups HTTP/1.1" status: 200  len: 23597 time: 1.0208092
2018-06-28 22:30:46.755 11339 DEBUG neutron_lib.callbacks.manager [req-ff865376-d573-4e77-ab68-996b129fe9dd - - - - -] Notify callbacks ['neutron.services.segments.db._update_segment_host_mapping_for_agent-8747992035152'] for agent, after_update _notify_loop /usr/lib/python2.7/site-packages/neutron_lib/callbacks/manager.py:167
2018-06-28 22:30:48.532 11335 DEBUG neutron.wsgi [-] (11335) accepted ('10.0.20.28', 58764) server /usr/lib/python2.7/site-packages/eventlet/wsgi.py:883
2018-06-28 22:30:48.537 11335 INFO neutron.wsgi [-] 10.0.20.28 "GET / HTTP/1.1" status: 200  len: 252 time: 0.0028801
2018-06-28 22:30:49.391 11335 INFO neutron.pecan_wsgi.hooks.translation [req-19f7b8b5-7adc-4f72-86c9-c90e2ecdaf57 c5cd6ef06ce14dd690705b39bb3f1552 2776224a461d4a01833ab75847b98330 - default default] GET failed (client error): The resource could not be found.
2018-06-28 22:30:49.396 11335 INFO neutron.wsgi [req-19f7b8b5-7adc-4f72-86c9-c90e2ecdaf57 c5cd6ef06ce14dd690705b39bb3f1552 2776224a461d4a01833ab75847b98330 - default default] 10.0.20.28 "GET /v2.0/networks/public HTTP/1.1" status: 404  len: 314 time: 0.8524690
2018-06-28 22:30:49.791 11335 DEBUG neutron.pecan_wsgi.hooks.policy_enforcement [req-18084963-99d0-4a4c-8f0a-4d4d5ebed133 c5cd6ef06ce14dd690705b39bb3f1552 2776224a461d4a01833ab75847b98330 - default default] Attributes excluded by policy engine: [u'vlan_transparent'] _exclude_attributes_by_policy /usr/lib/python2.7/site-packages/neutron/pecan_wsgi/hooks/policy_enforcement.py:256
2018-06-28 22:30:49.792 11335 DEBUG neutron.pecan_wsgi.hooks.policy_enforcement [req-18084963-99d0-4a4c-8f0a-4d4d5ebed133 c5cd6ef06ce14dd690705b39bb3f1552 2776224a461d4a01833ab75847b98330 - default default] Attributes excluded by policy engine: [u'vlan_transparent'] _exclude_attributes_by_policy /usr/lib/python2.7/site-packages/neutron/pecan_wsgi/hooks/policy_enforcement.py:256
2018-06-28 22:30:49.794 11335 INFO neutron.wsgi [req-18084963-99d0-4a4c-8f0a-4d4d5ebed133 c5cd6ef06ce14dd690705b39bb3f1552 2776224a461d4a01833ab75847b98330 - default default] 10.0.20.28 "GET /v2.0/networks HTTP/1.1" status: 200  len: 1542 time: 0.3832271
2018-06-28 22:30:55.373 11342 DEBUG neutron_lib.callbacks.manager [req-17e6d9b7-ab2b-4552-b156-c053c9f8d004 - - - - -] Notify callbacks ['neutron.services.segments.db._update_segment_host_mapping_for_agent-8747992035152'] for agent, after_update _notify_loop /usr/lib/python2.7/site-packages/neutron_lib/callbacks/manager.py:167
2018-06-28 22:30:55.501 11344 DEBUG neutron_lib.callbacks.manager [req-ed8b4990-9adf-41fe-b5f6-58f62e560c8f - - - - -] Notify callbacks ['neutron.services.segments.db._update_segment_host_mapping_for_agent-8747992035152'] for agent, after_update _notify_loop /usr/lib/python2.7/site-packages/neutron_lib/callbacks/manager.py:167
2018-06-28 22:30:56.039 11346 DEBUG neutron_lib.callbacks.manager [req-5de48874-b735-46ca-8e18-b9a1b2f6dc08 - - - - -] Notify callbacks ['neutron.services.segments.db._update_segment_host_mapping_for_agent-8747992035152'] for agent, after_update _notify_loop /usr/lib/python2.7/site-packages/neutron_lib/callbacks/manager.py:167
2018-06-28 22:30:56.895 11333 DEBUG neutron.wsgi [-] (11333) accepted ('10.0.20.28', 59818) server /usr/lib/python2.7/site-packages/eventlet/wsgi.py:883
2018-06-28 22:30:56.899 11333 INFO neutron.wsgi [-] 10.0.20.28 "GET / HTTP/1.1" status: 200  len: 252 time: 0.0016620
2018-06-28 22:30:57.531 11333 DEBUG neutron.api.v2.base [req-1640c9bc-7f07-42ce-962d-ae6202f91058 e2f55c110b6940c6a6028ab67812b246 65473b8a056f4e7da1de6d1a7fef1d69 - 09412361d0b94b86a56b16679abd91ac 09412361d0b94b86a56b16679abd91ac] Request body: {u'network': {u'name': u'tempest-private-1530217735', u'admin_state_up': True}} prepare_request_body /usr/lib/python2.7/site-packages/neutron/api/v2/base.py:695
2018-06-28 22:30:57.541 11333 DEBUG neutron.db.quota.driver [req-1640c9bc-7f07-42ce-962d-ae6202f91058 e2f55c110b6940c6a6028ab67812b246 65473b8a056f4e7da1de6d1a7fef1d69 - 09412361d0b94b86a56b16679abd91ac 09412361d0b94b86a56b16679abd91ac] Resources subnetpool have unlimited quota limit. It is not required to calculate headroom  make_reservation /usr/lib/python2.7/site-packages/neutron/db/quota/driver.py:223
2018-06-28 22:30:57.551 11333 DEBUG neutron.quota.resource [req-1640c9bc-7f07-42ce-962d-ae6202f91058 e2f55c110b6940c6a6028ab67812b246 65473b8a056f4e7da1de6d1a7fef1d69 - 09412361d0b94b86a56b16679abd91ac 09412361d0b94b86a56b16679abd91ac] Usage tracker for resource:network and tenant:65473b8a056f4e7da1de6d1a7fef1d69 is out of sync, need to count used quota count_used /usr/lib/python2.7/site-packages/neutron/quota/resource.py:274
2018-06-28 22:30:57.564 11333 DEBUG neutron.quota.resource [req-1640c9bc-7f07-42ce-962d-ae6202f91058 e2f55c110b6940c6a6028ab67812b246 65473b8a056f4e7da1de6d1a7fef1d69 - 09412361d0b94b86a56b16679abd91ac 09412361d0b94b86a56b16679abd91ac] Quota usage for network was recalculated. Used quota:0. count_used /usr/lib/python2.7/site-packages/neutron/quota/resource.py:293
2018-06-28 22:30:57.577 11333 DEBUG neutron.db.quota.driver [req-1640c9bc-7f07-42ce-962d-ae6202f91058 e2f55c110b6940c6a6028ab67812b246 65473b8a056f4e7da1de6d1a7fef1d69 - 09412361d0b94b86a56b16679abd91ac 09412361d0b94b86a56b16679abd91ac] Attempting to reserve 1 items for resource network. Total usage: 0; quota limit: 100; headroom:100 make_reservation /usr/lib/python2.7/site-packages/neutron/db/quota/driver.py:255
2018-06-28 22:30:57.629 11333 DEBUG neutron.pecan_wsgi.hooks.quota_enforcement [req-1640c9bc-7f07-42ce-962d-ae6202f91058 e2f55c110b6940c6a6028ab67812b246 65473b8a056f4e7da1de6d1a7fef1d69 - 09412361d0b94b86a56b16679abd91ac 09412361d0b94b86a56b16679abd91ac] Made reservation on behalf of 65473b8a056f4e7da1de6d1a7fef1d69 for: {'network': 1} before /usr/lib/python2.7/site-packages/neutron/pecan_wsgi/hooks/quota_enforcement.py:55
2018-06-28 22:30:57.639 11333 DEBUG neutron_lib.callbacks.manager [req-1640c9bc-7f07-42ce-962d-ae6202f91058 e2f55c110b6940c6a6028ab67812b246 65473b8a056f4e7da1de6d1a7fef1d69 - 09412361d0b94b86a56b16679abd91ac 09412361d0b94b86a56b16679abd91ac] Notify callbacks ['neutron.plugins.ml2.plugin.Ml2Plugin._ensure_default_security_group_handler--9223372036854427510'] for network, before_create _notify_loop /usr/lib/python2.7/site-packages/neutron_lib/callbacks/manager.py:167
2018-06-28 22:30:57.730 11333 DEBUG neutron.plugins.ml2.drivers.helpers [req-1640c9bc-7f07-42ce-962d-ae6202f91058 e2f55c110b6940c6a6028ab67812b246 65473b8a056f4e7da1de6d1a7fef1d69 - 09412361d0b94b86a56b16679abd91ac 09412361d0b94b86a56b16679abd91ac] vxlan segment allocate from pool started with {'vxlan_vni': 73}  allocate_partially_specified_segment /usr/lib/python2.7/site-packages/neutron/plugins/ml2/drivers/helpers.py:157
2018-06-28 22:30:57.736 11333 DEBUG neutron.plugins.ml2.drivers.helpers [req-1640c9bc-7f07-42ce-962d-ae6202f91058 e2f55c110b6940c6a6028ab67812b246 65473b8a056f4e7da1de6d1a7fef1d69 - 09412361d0b94b86a56b16679abd91ac 09412361d0b94b86a56b16679abd91ac] vxlan segment allocate from pool success with {'vxlan_vni': 73}  allocate_partially_specified_segment /usr/lib/python2.7/site-packages/neutron/plugins/ml2/drivers/helpers.py:165
2018-06-28 22:30:57.765 11333 DEBUG neutron_lib.callbacks.manager [req-1640c9bc-7f07-42ce-962d-ae6202f91058 e2f55c110b6940c6a6028ab67812b246 65473b8a056f4e7da1de6d1a7fef1d69 - 09412361d0b94b86a56b16679abd91ac 09412361d0b94b86a56b16679abd91ac] Notify callbacks ['neutron.plugins.ml2.plugin.Ml2Plugin._handle_segment_change--9223372036854107178', 'neutron.services.segments.db._add_segment_host_mapping_for_segment--9223363288862740649'] for segment, precommit_create _notify_loop /usr/lib/python2.7/site-packages/neutron_lib/callbacks/manager.py:167
2018-06-28 22:30:57.766 11333 INFO neutron.db.segments_db [req-1640c9bc-7f07-42ce-962d-ae6202f91058 e2f55c110b6940c6a6028ab67812b246 65473b8a056f4e7da1de6d1a7fef1d69 - 09412361d0b94b86a56b16679abd91ac 09412361d0b94b86a56b16679abd91ac] Added segment 055b35fd-0528-45e2-8fb0-8a065564ddef of type vxlan for network b4c341ad-2fb9-4238-8756-3424ecf2423e
2018-06-28 22:30:57.920 11333 DEBUG neutron_lib.callbacks.manager [req-1640c9bc-7f07-42ce-962d-ae6202f91058 e2f55c110b6940c6a6028ab67812b246 65473b8a056f4e7da1de6d1a7fef1d69 - 09412361d0b94b86a56b16679abd91ac 09412361d0b94b86a56b16679abd91ac] Notify callbacks ['neutron.services.auto_allocate.db._ensure_external_network_default_value_callback-8747991664434'] for network, precommit_create _notify_loop /usr/lib/python2.7/site-packages/neutron_lib/callbacks/manager.py:167
2018-06-28 22:30:58.003 11333 DEBUG neutron_lib.callbacks.manager [req-1640c9bc-7f07-42ce-962d-ae6202f91058 e2f55c110b6940c6a6028ab67812b246 65473b8a056f4e7da1de6d1a7fef1d69 - 09412361d0b94b86a56b16679abd91ac 09412361d0b94b86a56b16679abd91ac] Notify callbacks ['neutron.plugins.ml2.ovo_rpc._ObjectChangeHandler.handle_event-1537900', 'neutron.api.rpc.agentnotifiers.dhcp_rpc_agent_api.DhcpAgentNotifyAPI._native_event_send_dhcp_notification--9223372036853356535'] for network, after_create _notify_loop /usr/lib/python2.7/site-packages/neutron_lib/callbacks/manager.py:167
2018-06-28 22:30:58.007 11333 DEBUG neutron.pecan_wsgi.hooks.policy_enforcement [req-1640c9bc-7f07-42ce-962d-ae6202f91058 e2f55c110b6940c6a6028ab67812b246 65473b8a056f4e7da1de6d1a7fef1d69 - 09412361d0b94b86a56b16679abd91ac 09412361d0b94b86a56b16679abd91ac] Attributes excluded by policy engine: [u'vlan_transparent'] _exclude_attributes_by_policy /usr/lib/python2.7/site-packages/neutron/pecan_wsgi/hooks/policy_enforcement.py:256
2018-06-28 22:30:58.008 11333 DEBUG neutron_lib.callbacks.manager [req-1640c9bc-7f07-42ce-962d-ae6202f91058 e2f55c110b6940c6a6028ab67812b246 65473b8a056f4e7da1de6d1a7fef1d69 - 09412361d0b94b86a56b16679abd91ac 09412361d0b94b86a56b16679abd91ac] Notify callbacks ['neutron.api.rpc.agentnotifiers.dhcp_rpc_agent_api.DhcpAgentNotifyAPI._send_dhcp_notification--9223372036853356514'] for network, before_response _notify_loop /usr/lib/python2.7/site-packages/neutron_lib/callbacks/manager.py:167
2018-06-28 22:30:58.011 11333 DEBUG oslo_concurrency.lockutils [-] Lock "event-dispatch" acquired by "neutron.plugins.ml2.ovo_rpc.dispatch_events" :: waited 0.000s inner /usr/lib/python2.7/site-packages/oslo_concurrency/lockutils.py:270
2018-06-28 22:30:58.189 11333 DEBUG neutron.quota.resource [req-1640c9bc-7f07-42ce-962d-ae6202f91058 e2f55c110b6940c6a6028ab67812b246 65473b8a056f4e7da1de6d1a7fef1d69 - 09412361d0b94b86a56b16679abd91ac 09412361d0b94b86a56b16679abd91ac] Persisted dirty status for tenant:65473b8a056f4e7da1de6d1a7fef1d69 on resource:network mark_dirty /usr/lib/python2.7/site-packages/neutron/quota/resource.py:207
2018-06-28 22:30:58.220 11333 INFO neutron.wsgi [req-1640c9bc-7f07-42ce-962d-ae6202f91058 e2f55c110b6940c6a6028ab67812b246 65473b8a056f4e7da1de6d1a7fef1d69 - 09412361d0b94b86a56b16679abd91ac 09412361d0b94b86a56b16679abd91ac] 10.0.20.28 "POST /v2.0/networks HTTP/1.1" status: 201  len: 862 time: 1.3156199
2018-06-28 22:30:58.236 11333 DEBUG neutron.api.rpc.handlers.resources_rpc [req-1640c9bc-7f07-42ce-962d-ae6202f91058 e2f55c110b6940c6a6028ab67812b246 65473b8a056f4e7da1de6d1a7fef1d69 - - -] neutron.api.rpc.handlers.resources_rpc.ResourcesPushRpcApi method push called with arguments (<neutron_lib.context.Context object at 0x7f4cce657890>, [Network(admin_state_up=True,availability_zone_hints=[],created_at=2018-06-28T20:30:57Z,description='',dns_domain=None,id=b4c341ad-2fb9-4238-8756-3424ecf2423e,mtu=1450,name='tempest-private-1530217735',project_id='65473b8a056f4e7da1de6d1a7fef1d69',qos_policy_id=None,revision_number=2,security=NetworkPortSecurity(b4c341ad-2fb9-4238-8756-3424ecf2423e),segments=[NetworkSegment(055b35fd-0528-45e2-8fb0-8a065564ddef)],shared=False,status='ACTIVE',updated_at=2018-06-28T20:30:57Z,vlan_transparent=<?>)], 'updated') {} wrapper /usr/lib/python2.7/site-packages/oslo_log/helpers.py:66
2018-06-28 22:30:58.269 11333 DEBUG oslo_concurrency.lockutils [req-1640c9bc-7f07-42ce-962d-ae6202f91058 e2f55c110b6940c6a6028ab67812b246 65473b8a056f4e7da1de6d1a7fef1d69 - - -] Lock "event-dispatch" released by "neutron.plugins.ml2.ovo_rpc.dispatch_events" :: held 0.258s inner /usr/lib/python2.7/site-packages/oslo_concurrency/lockutils.py:282
2018-06-28 22:30:59.512 11347 DEBUG neutron_lib.callbacks.manager [req-6f21ebb9-f6c6-491e-8d43-9c82935961bb - - - - -] Notify callbacks ['neutron.services.segments.db._update_segment_host_mapping_for_agent-8747992035152'] for agent, after_update _notify_loop /usr/lib/python2.7/site-packages/neutron_lib/callbacks/manager.py:167
2018-06-28 22:31:00.969 11338 INFO neutron.wsgi [req-b6770399-d3ff-404e-9493-fcf7c1af6366 0d36523847b7437682a959abed3e6696 0756a888a15d4216915a13bf41cedcba - default default] 10.0.20.28 "GET /v2.0/ports?device_id=13fe7456-9eaf-4578-900d-0b27a7361752 HTTP/1.1" status: 200  len: 210 time: 0.7825019
2018-06-28 22:31:05.705 11334 INFO neutron.wsgi [req-f4c6286d-ce50-4deb-97ef-e6ac8b27c685 0d36523847b7437682a959abed3e6696 0756a888a15d4216915a13bf41cedcba - default default] 10.0.20.28 "GET /v2.0/ports?device_id=13fe7456-9eaf-4578-900d-0b27a7361752 HTTP/1.1" status: 200  len: 210 time: 1.7618790
2018-06-28 22:31:06.057 11334 DEBUG neutron.wsgi [-] (11334) accepted ('10.0.20.28', 59844) server /usr/lib/python2.7/site-packages/eventlet/wsgi.py:883
2018-06-28 22:31:06.062 11334 INFO neutron.wsgi [-] 10.0.20.28 "GET / HTTP/1.1" status: 200  len: 252 time: 0.0016682
2018-06-28 22:31:07.416 11334 INFO neutron.pecan_wsgi.hooks.translation [req-2adb1047-942f-4f46-947e-f726a59b12f8 e2f55c110b6940c6a6028ab67812b246 65473b8a056f4e7da1de6d1a7fef1d69 - 09412361d0b94b86a56b16679abd91ac 09412361d0b94b86a56b16679abd91ac] GET failed (client error): The resource could not be found.
2018-06-28 22:31:07.419 11334 INFO neutron.wsgi [req-2adb1047-942f-4f46-947e-f726a59b12f8 e2f55c110b6940c6a6028ab67812b246 65473b8a056f4e7da1de6d1a7fef1d69 - 09412361d0b94b86a56b16679abd91ac 09412361d0b94b86a56b16679abd91ac] 10.0.20.28 "GET /v2.0/networks/tempest-private-1530217735 HTTP/1.1" status: 404  len: 334 time: 1.3521681
2018-06-28 22:31:07.717 11334 DEBUG neutron.pecan_wsgi.hooks.policy_enforcement [req-29203b69-62cb-44fc-87fb-49475b7d98c0 e2f55c110b6940c6a6028ab67812b246 65473b8a056f4e7da1de6d1a7fef1d69 - 09412361d0b94b86a56b16679abd91ac 09412361d0b94b86a56b16679abd91ac] Attributes excluded by policy engine: [u'vlan_transparent'] _exclude_attributes_by_policy /usr/lib/python2.7/site-packages/neutron/pecan_wsgi/hooks/policy_enforcement.py:256
2018-06-28 22:31:07.718 11334 DEBUG neutron.pecan_wsgi.hooks.policy_enforcement [req-29203b69-62cb-44fc-87fb-49475b7d98c0 e2f55c110b6940c6a6028ab67812b246 65473b8a056f4e7da1de6d1a7fef1d69 - 09412361d0b94b86a56b16679abd91ac 09412361d0b94b86a56b16679abd91ac] Attributes excluded by policy engine: [u'vlan_transparent'] _exclude_attributes_by_policy /usr/lib/python2.7/site-packages/neutron/pecan_wsgi/hooks/policy_enforcement.py:256
2018-06-28 22:31:07.719 11334 DEBUG neutron.pecan_wsgi.hooks.policy_enforcement [req-29203b69-62cb-44fc-87fb-49475b7d98c0 e2f55c110b6940c6a6028ab67812b246 65473b8a056f4e7da1de6d1a7fef1d69 - 09412361d0b94b86a56b16679abd91ac 09412361d0b94b86a56b16679abd91ac] Attributes excluded by policy engine: [u'vlan_transparent'] _exclude_attributes_by_policy /usr/lib/python2.7/site-packages/neutron/pecan_wsgi/hooks/policy_enforcement.py:256
2018-06-28 22:31:07.721 11334 INFO neutron.wsgi [req-29203b69-62cb-44fc-87fb-49475b7d98c0 e2f55c110b6940c6a6028ab67812b246 65473b8a056f4e7da1de6d1a7fef1d69 - 09412361d0b94b86a56b16679abd91ac 09412361d0b94b86a56b16679abd91ac] 10.0.20.28 "GET /v2.0/networks HTTP/1.1" status: 200  len: 2170 time: 0.2956002
2018-06-28 22:31:08.239 11348 DEBUG neutron.db.agents_db [req-f672b8a3-731e-4bdc-878c-3161b538ccb6 - - - - -] Agent healthcheck: found 5 active agents agent_health_check /usr/lib/python2.7/site-packages/neutron/db/agents_db.py:281
2018-06-28 22:31:16.426 11333 DEBUG neutron.wsgi [-] (11333) accepted ('10.0.20.28', 59858) server /usr/lib/python2.7/site-packages/eventlet/wsgi.py:883
2018-06-28 22:31:16.429 11333 INFO neutron.wsgi [-] 10.0.20.28 "GET / HTTP/1.1" status: 200  len: 252 time: 0.0019989
2018-06-28 22:31:16.554 11345 DEBUG neutron_lib.callbacks.manager [req-ff865376-d573-4e77-ab68-996b129fe9dd - - - - -] Notify callbacks ['neutron.services.segments.db._update_segment_host_mapping_for_agent-8747992035152'] for agent, after_update _notify_loop /usr/lib/python2.7/site-packages/neutron_lib/callbacks/manager.py:167
2018-06-28 22:31:17.032 11333 INFO neutron.pecan_wsgi.hooks.translation [req-4a9350d8-44da-455e-8f7a-49e1bcaa00c0 e2f55c110b6940c6a6028ab67812b246 65473b8a056f4e7da1de6d1a7fef1d69 - 09412361d0b94b86a56b16679abd91ac 09412361d0b94b86a56b16679abd91ac] GET failed (client error): The resource could not be found.
2018-06-28 22:31:17.034 11333 DEBUG neutron.quota.resource [req-4a9350d8-44da-455e-8f7a-49e1bcaa00c0 e2f55c110b6940c6a6028ab67812b246 65473b8a056f4e7da1de6d1a7fef1d69 - 09412361d0b94b86a56b16679abd91ac 09412361d0b94b86a56b16679abd91ac] Synchronizing usage tracker for tenant:65473b8a056f4e7da1de6d1a7fef1d69 on resource:network resync /usr/lib/python2.7/site-packages/neutron/quota/resource.py:245
2018-06-28 22:31:17.086 11333 DEBUG neutron.quota.resource [req-4a9350d8-44da-455e-8f7a-49e1bcaa00c0 e2f55c110b6940c6a6028ab67812b246 65473b8a056f4e7da1de6d1a7fef1d69 - 09412361d0b94b86a56b16679abd91ac 09412361d0b94b86a56b16679abd91ac] Unset dirty status for tenant:65473b8a056f4e7da1de6d1a7fef1d69 on resource:network _resync /usr/lib/python2.7/site-packages/neutron/quota/resource.py:237
2018-06-28 22:31:17.090 11333 INFO neutron.wsgi [req-4a9350d8-44da-455e-8f7a-49e1bcaa00c0 e2f55c110b6940c6a6028ab67812b246 65473b8a056f4e7da1de6d1a7fef1d69 - 09412361d0b94b86a56b16679abd91ac 09412361d0b94b86a56b16679abd91ac] 10.0.20.28 "GET /v2.0/networks/tempest-private-1530217735 HTTP/1.1" status: 404  len: 334 time: 0.6557550
