2018-06-27 04:03:06.220 21808 INFO neutron.wsgi [-] 10.0.20.21 "GET / HTTP/1.1" status: 200  len: 252 time: 0.0071230
2018-06-27 04:03:06.230 21808 WARNING keystonemiddleware.auth_token [-] Using the in-process token cache is deprecated as of the 4.2.0 release and may be removed in the 5.0.0 release or the 'O' development cycle. The in-process cache causes inconsistent results and high memory usage. When the feature is removed the auth_token middleware will not cache tokens by default which may result in performance issues. It is recommended to use  memcache for the auth_token token cache by setting the memcached_servers option.
2018-06-27 04:03:06.357 21821 DEBUG neutron_lib.callbacks.manager [req-c01f6ccc-632f-4de2-a814-30f910031fc5 - - - - -] Notify callbacks ['neutron.services.segments.db._update_segment_host_mapping_for_agent-8767652889906'] for agent, after_update _notify_loop /usr/lib/python2.7/site-packages/neutron_lib/callbacks/manager.py:167
2018-06-27 04:03:06.402 21823 DEBUG neutron_lib.callbacks.manager [req-63fbecea-8307-4993-a942-4986bdb903f1 - - - - -] Notify callbacks ['neutron.services.segments.db._update_segment_host_mapping_for_agent-8767652889906'] for agent, after_update _notify_loop /usr/lib/python2.7/site-packages/neutron_lib/callbacks/manager.py:167
2018-06-27 04:03:07.286 21830 DEBUG neutron_lib.callbacks.manager [req-b75a554e-7149-4111-8a0f-f58707aeb6e3 - - - - -] Notify callbacks ['neutron.services.segments.db._update_segment_host_mapping_for_agent-8767652889906'] for agent, after_update _notify_loop /usr/lib/python2.7/site-packages/neutron_lib/callbacks/manager.py:167
2018-06-27 04:03:07.500 21808 DEBUG oslo_policy._cache_handler [req-7007c2a1-8c1e-485f-a900-9bc4aaeda2c6 5feafc9ff48747df82912c2055bf7429 f4a570c942f04ee3b556f3e6756b5a50 - default default] Reloading cached file /etc/neutron/policy.json read_cached_file /usr/lib/python2.7/site-packages/oslo_policy/_cache_handler.py:40
2018-06-27 04:03:07.528 21808 DEBUG oslo_policy.policy [req-7007c2a1-8c1e-485f-a900-9bc4aaeda2c6 5feafc9ff48747df82912c2055bf7429 f4a570c942f04ee3b556f3e6756b5a50 - default default] Reloaded policy file: /etc/neutron/policy.json _load_policy_file /usr/lib/python2.7/site-packages/oslo_policy/policy.py:681
2018-06-27 04:03:08.084 21808 INFO neutron.pecan_wsgi.hooks.translation [req-7007c2a1-8c1e-485f-a900-9bc4aaeda2c6 5feafc9ff48747df82912c2055bf7429 f4a570c942f04ee3b556f3e6756b5a50 - default default] GET failed (client error): The resource could not be found.
2018-06-27 04:03:08.087 21808 INFO neutron.wsgi [req-7007c2a1-8c1e-485f-a900-9bc4aaeda2c6 5feafc9ff48747df82912c2055bf7429 f4a570c942f04ee3b556f3e6756b5a50 - default default] 10.0.20.21 "GET /v2.0/networks/public HTTP/1.1" status: 404  len: 314 time: 1.8622661
2018-06-27 04:03:08.395 21836 DEBUG neutron_lib.callbacks.manager [req-1dadb8ad-e295-4c1d-9dae-ba2797e3c944 - - - - -] Notify callbacks ['neutron.services.segments.db._update_segment_host_mapping_for_agent-8767652889906'] for agent, after_update _notify_loop /usr/lib/python2.7/site-packages/neutron_lib/callbacks/manager.py:167
2018-06-27 04:03:08.570 21808 DEBUG oslo_policy._cache_handler [req-d05a3b6a-76b6-401c-9890-44df57e83e0d 5feafc9ff48747df82912c2055bf7429 f4a570c942f04ee3b556f3e6756b5a50 - default default] Reloading cached file /etc/neutron/policy.json read_cached_file /usr/lib/python2.7/site-packages/oslo_policy/_cache_handler.py:40
2018-06-27 04:03:08.587 21808 DEBUG oslo_policy.policy [req-d05a3b6a-76b6-401c-9890-44df57e83e0d 5feafc9ff48747df82912c2055bf7429 f4a570c942f04ee3b556f3e6756b5a50 - default default] Reloaded policy file: /etc/neutron/policy.json _load_policy_file /usr/lib/python2.7/site-packages/oslo_policy/policy.py:681
2018-06-27 04:03:08.593 21808 DEBUG neutron.pecan_wsgi.hooks.policy_enforcement [req-d05a3b6a-76b6-401c-9890-44df57e83e0d 5feafc9ff48747df82912c2055bf7429 f4a570c942f04ee3b556f3e6756b5a50 - default default] Attributes excluded by policy engine: [u'vlan_transparent'] _exclude_attributes_by_policy /usr/lib/python2.7/site-packages/neutron/pecan_wsgi/hooks/policy_enforcement.py:256
2018-06-27 04:03:08.594 21808 DEBUG neutron.pecan_wsgi.hooks.policy_enforcement [req-d05a3b6a-76b6-401c-9890-44df57e83e0d 5feafc9ff48747df82912c2055bf7429 f4a570c942f04ee3b556f3e6756b5a50 - default default] Attributes excluded by policy engine: [u'vlan_transparent'] _exclude_attributes_by_policy /usr/lib/python2.7/site-packages/neutron/pecan_wsgi/hooks/policy_enforcement.py:256
2018-06-27 04:03:08.595 21808 DEBUG neutron.pecan_wsgi.hooks.policy_enforcement [req-d05a3b6a-76b6-401c-9890-44df57e83e0d 5feafc9ff48747df82912c2055bf7429 f4a570c942f04ee3b556f3e6756b5a50 - default default] Attributes excluded by policy engine: [u'vlan_transparent'] _exclude_attributes_by_policy /usr/lib/python2.7/site-packages/neutron/pecan_wsgi/hooks/policy_enforcement.py:256
2018-06-27 04:03:08.596 21808 DEBUG neutron.pecan_wsgi.hooks.policy_enforcement [req-d05a3b6a-76b6-401c-9890-44df57e83e0d 5feafc9ff48747df82912c2055bf7429 f4a570c942f04ee3b556f3e6756b5a50 - default default] Attributes excluded by policy engine: [u'vlan_transparent'] _exclude_attributes_by_policy /usr/lib/python2.7/site-packages/neutron/pecan_wsgi/hooks/policy_enforcement.py:256
2018-06-27 04:03:08.597 21808 INFO neutron.wsgi [req-d05a3b6a-76b6-401c-9890-44df57e83e0d 5feafc9ff48747df82912c2055bf7429 f4a570c942f04ee3b556f3e6756b5a50 - default default] 10.0.20.21 "GET /v2.0/networks HTTP/1.1" status: 200  len: 2886 time: 0.5057502
2018-06-27 04:03:09.079 21808 DEBUG neutron.api.v2.base [req-9701d4bd-e79b-4acb-b6a5-cd4194f19dcc 5feafc9ff48747df82912c2055bf7429 f4a570c942f04ee3b556f3e6756b5a50 - default default] Request body: {u'floatingip': {u'floating_network_id': u'65a63b5d-4ab6-4a89-8fc5-4ab4c578efe5', u'tenant_id': u'bfb8144b6e7246068bc3b2a3913887f8'}} prepare_request_body /usr/lib/python2.7/site-packages/neutron/api/v2/base.py:695
2018-06-27 04:03:09.081 21808 INFO neutron.quota [req-9701d4bd-e79b-4acb-b6a5-cd4194f19dcc 5feafc9ff48747df82912c2055bf7429 f4a570c942f04ee3b556f3e6756b5a50 - default default] Loaded quota_driver: <neutron.db.quota.driver.DbQuotaDriver object at 0x7f960ca4bdd0>.
2018-06-27 04:03:09.089 21808 DEBUG neutron.db.quota.driver [req-9701d4bd-e79b-4acb-b6a5-cd4194f19dcc 5feafc9ff48747df82912c2055bf7429 f4a570c942f04ee3b556f3e6756b5a50 - default default] Resources subnetpool have unlimited quota limit. It is not required to calculate headroom  make_reservation /usr/lib/python2.7/site-packages/neutron/db/quota/driver.py:223
2018-06-27 04:03:09.099 21808 DEBUG neutron.quota.resource [req-9701d4bd-e79b-4acb-b6a5-cd4194f19dcc 5feafc9ff48747df82912c2055bf7429 f4a570c942f04ee3b556f3e6756b5a50 - default default] Usage tracker for resource:floatingip and tenant:bfb8144b6e7246068bc3b2a3913887f8 is out of sync, need to count used quota count_used /usr/lib/python2.7/site-packages/neutron/quota/resource.py:274
2018-06-27 04:03:09.108 21808 DEBUG neutron.quota.resource [req-9701d4bd-e79b-4acb-b6a5-cd4194f19dcc 5feafc9ff48747df82912c2055bf7429 f4a570c942f04ee3b556f3e6756b5a50 - default default] Quota usage for floatingip was recalculated. Used quota:0. count_used /usr/lib/python2.7/site-packages/neutron/quota/resource.py:293
2018-06-27 04:03:09.117 21808 DEBUG neutron.db.quota.driver [req-9701d4bd-e79b-4acb-b6a5-cd4194f19dcc 5feafc9ff48747df82912c2055bf7429 f4a570c942f04ee3b556f3e6756b5a50 - default default] Attempting to reserve 1 items for resource floatingip. Total usage: 0; quota limit: 50; headroom:50 make_reservation /usr/lib/python2.7/site-packages/neutron/db/quota/driver.py:255
2018-06-27 04:03:09.312 21808 DEBUG neutron_lib.callbacks.manager [req-9701d4bd-e79b-4acb-b6a5-cd4194f19dcc 5feafc9ff48747df82912c2055bf7429 f4a570c942f04ee3b556f3e6756b5a50 - default default] Notify callbacks ['neutron.plugins.ml2.plugin.Ml2Plugin._ensure_default_security_group_handler--9223372036850928044'] for port, before_create _notify_loop /usr/lib/python2.7/site-packages/neutron_lib/callbacks/manager.py:167
2018-06-27 04:03:09.735 21808 DEBUG neutron.db.db_base_plugin_common [req-9701d4bd-e79b-4acb-b6a5-cd4194f19dcc 5feafc9ff48747df82912c2055bf7429 f4a570c942f04ee3b556f3e6756b5a50 - default default] Allocated IP 172.24.4.4 (65a63b5d-4ab6-4a89-8fc5-4ab4c578efe5/0db29b77-dce9-468d-9f4c-d777953f217f/0867b74d-54bd-44cb-a29c-fa297f50bd40) _store_ip_allocation /usr/lib/python2.7/site-packages/neutron/db/db_base_plugin_common.py:122
2018-06-27 04:03:09.931 21808 DEBUG neutron_lib.callbacks.manager [req-9701d4bd-e79b-4acb-b6a5-cd4194f19dcc 5feafc9ff48747df82912c2055bf7429 f4a570c942f04ee3b556f3e6756b5a50 - default default] Notify callbacks [] for port, precommit_create _notify_loop /usr/lib/python2.7/site-packages/neutron_lib/callbacks/manager.py:167
2018-06-27 04:03:10.018 21808 DEBUG neutron_lib.callbacks.manager [req-9701d4bd-e79b-4acb-b6a5-cd4194f19dcc 5feafc9ff48747df82912c2055bf7429 f4a570c942f04ee3b556f3e6756b5a50 - default default] Notify callbacks ['neutron.plugins.ml2.ovo_rpc._ObjectChangeHandler.handle_event-643106', 'neutron.db.l3_dvrscheduler_db._notify_l3_agent_new_port--9223363269202248241', 'neutron.plugins.ml2.plugin.Ml2Plugin.notify_sg_on_port_change-3847913', 'neutron.api.rpc.agentnotifiers.dhcp_rpc_agent_api.DhcpAgentNotifyAPI._native_event_send_dhcp_notification-769043'] for port, after_create _notify_loop /usr/lib/python2.7/site-packages/neutron_lib/callbacks/manager.py:167
2018-06-27 04:03:10.020 21808 DEBUG neutron.db.l3_dvrscheduler_db [req-9701d4bd-e79b-4acb-b6a5-cd4194f19dcc 5feafc9ff48747df82912c2055bf7429 f4a570c942f04ee3b556f3e6756b5a50 - default default] Received port after_create _notify_l3_agent_new_port /usr/lib/python2.7/site-packages/neutron/db/l3_dvrscheduler_db.py:392
2018-06-27 04:03:10.039 21808 DEBUG oslo_concurrency.lockutils [-] Lock "event-dispatch" acquired by "neutron.plugins.ml2.ovo_rpc.dispatch_events" :: waited 0.000s inner /usr/lib/python2.7/site-packages/oslo_concurrency/lockutils.py:270
2018-06-27 04:03:10.209 21808 DEBUG neutron.api.rpc.handlers.resources_rpc [req-9701d4bd-e79b-4acb-b6a5-cd4194f19dcc 5feafc9ff48747df82912c2055bf7429 f4a570c942f04ee3b556f3e6756b5a50 - - -] neutron.api.rpc.handlers.resources_rpc.ResourcesPushRpcApi method push called with arguments (<neutron_lib.context.Context object at 0x7f960c433b10>, [Port(admin_state_up=True,allowed_address_pairs=[],binding=PortBinding,binding_levels=[],created_at=2018-06-27T02:03:09Z,data_plane_status=<?>,description='',device_id='PENDING',device_owner='network:floatingip',dhcp_options=[],distributed_binding=None,dns=None,fixed_ips=[IPAllocation],id=0867b74d-54bd-44cb-a29c-fa297f50bd40,mac_address=fa:16:3e:61:8e:4b,name='',network_id=65a63b5d-4ab6-4a89-8fc5-4ab4c578efe5,project_id='',qos_policy_id=None,revision_number=3,security=PortSecurity(0867b74d-54bd-44cb-a29c-fa297f50bd40),security_group_ids=set([]),status='N/A',updated_at=2018-06-27T02:03:09Z)], 'updated') {} wrapper /usr/lib/python2.7/site-packages/oslo_log/helpers.py:66
2018-06-27 04:03:10.233 21808 DEBUG neutron.api.rpc.callbacks.version_manager [req-9701d4bd-e79b-4acb-b6a5-cd4194f19dcc 5feafc9ff48747df82912c2055bf7429 f4a570c942f04ee3b556f3e6756b5a50 - - -] Version for resource type Subnet changed None to 1.0 on consumer Open vSwitch agent@localhost.localdomain _set_version /usr/lib/python2.7/site-packages/neutron/api/rpc/callbacks/version_manager.py:119
2018-06-27 04:03:10.234 21808 DEBUG neutron.api.rpc.callbacks.version_manager [req-9701d4bd-e79b-4acb-b6a5-cd4194f19dcc 5feafc9ff48747df82912c2055bf7429 f4a570c942f04ee3b556f3e6756b5a50 - - -] Version for resource type Network changed None to 1.0 on consumer Open vSwitch agent@localhost.localdomain _set_version /usr/lib/python2.7/site-packages/neutron/api/rpc/callbacks/version_manager.py:119
2018-06-27 04:03:10.234 21808 DEBUG neutron.api.rpc.callbacks.version_manager [req-9701d4bd-e79b-4acb-b6a5-cd4194f19dcc 5feafc9ff48747df82912c2055bf7429 f4a570c942f04ee3b556f3e6756b5a50 - - -] Version for resource type SubPort changed None to 1.0 on consumer Open vSwitch agent@localhost.localdomain _set_version /usr/lib/python2.7/site-packages/neutron/api/rpc/callbacks/version_manager.py:119
2018-06-27 04:03:10.234 21808 DEBUG neutron.api.rpc.callbacks.version_manager [req-9701d4bd-e79b-4acb-b6a5-cd4194f19dcc 5feafc9ff48747df82912c2055bf7429 f4a570c942f04ee3b556f3e6756b5a50 - - -] Version for resource type SecurityGroup changed None to 1.0 on consumer Open vSwitch agent@localhost.localdomain _set_version /usr/lib/python2.7/site-packages/neutron/api/rpc/callbacks/version_manager.py:119
2018-06-27 04:03:10.235 21808 DEBUG neutron.api.rpc.callbacks.version_manager [req-9701d4bd-e79b-4acb-b6a5-cd4194f19dcc 5feafc9ff48747df82912c2055bf7429 f4a570c942f04ee3b556f3e6756b5a50 - - -] Version for resource type SecurityGroupRule changed None to 1.0 on consumer Open vSwitch agent@localhost.localdomain _set_version /usr/lib/python2.7/site-packages/neutron/api/rpc/callbacks/version_manager.py:119
2018-06-27 04:03:10.235 21808 DEBUG neutron.api.rpc.callbacks.version_manager [req-9701d4bd-e79b-4acb-b6a5-cd4194f19dcc 5feafc9ff48747df82912c2055bf7429 f4a570c942f04ee3b556f3e6756b5a50 - - -] Version for resource type Trunk changed None to 1.1 on consumer Open vSwitch agent@localhost.localdomain _set_version /usr/lib/python2.7/site-packages/neutron/api/rpc/callbacks/version_manager.py:119
2018-06-27 04:03:10.235 21808 DEBUG neutron.api.rpc.callbacks.version_manager [req-9701d4bd-e79b-4acb-b6a5-cd4194f19dcc 5feafc9ff48747df82912c2055bf7429 f4a570c942f04ee3b556f3e6756b5a50 - - -] Version for resource type QosPolicy changed None to 1.6 on consumer Open vSwitch agent@localhost.localdomain _set_version /usr/lib/python2.7/site-packages/neutron/api/rpc/callbacks/version_manager.py:119
2018-06-27 04:03:10.236 21808 DEBUG neutron.api.rpc.callbacks.version_manager [req-9701d4bd-e79b-4acb-b6a5-cd4194f19dcc 5feafc9ff48747df82912c2055bf7429 f4a570c942f04ee3b556f3e6756b5a50 - - -] Version for resource type Port changed None to 1.1 on consumer Open vSwitch agent@localhost.localdomain _set_version /usr/lib/python2.7/site-packages/neutron/api/rpc/callbacks/version_manager.py:119
2018-06-27 04:03:10.236 21808 DEBUG neutron.api.rpc.callbacks.version_manager [req-9701d4bd-e79b-4acb-b6a5-cd4194f19dcc 5feafc9ff48747df82912c2055bf7429 f4a570c942f04ee3b556f3e6756b5a50 - - -] Version for resource type Log changed None to 1.0 on consumer Open vSwitch agent@localhost.localdomain _set_version /usr/lib/python2.7/site-packages/neutron/api/rpc/callbacks/version_manager.py:119
2018-06-27 04:03:10.237 21808 DEBUG neutron.api.rpc.callbacks.version_manager [req-9701d4bd-e79b-4acb-b6a5-cd4194f19dcc 5feafc9ff48747df82912c2055bf7429 f4a570c942f04ee3b556f3e6756b5a50 - - -] Tracked resource versions report:
pushed versions:
{   'Log': set(['1.0']),
    'Network': set(['1.0']),
    'Port': set(['1.1']),
    'QosPolicy': set(['1.6']),
    'SecurityGroup': set(['1.0']),
    'SecurityGroupRule': set(['1.0']),
    'SubPort': set(['1.0']),
    'Subnet': set(['1.0']),
    'Trunk': set(['1.1'])}

consumer versions:
{   DHCP agent@localhost.localdomain: {   },
    L3 agent@localhost.localdomain: {   },
    Metadata agent@localhost.localdomain: {   },
    Metering agent@localhost.localdomain: {   },
    Open vSwitch agent@localhost.localdomain: {   u'Log': u'1.0',
                                                  u'Network': u'1.0',
                                                  u'Port': u'1.1',
                                                  u'QosPolicy': u'1.6',
                                                  u'SecurityGroup': u'1.0',
                                                  u'SecurityGroupRule': u'1.0',
                                                  u'SubPort': u'1.0',
                                                  u'Subnet': u'1.0',
                                                  u'Trunk': u'1.1'}}
 report /usr/lib/python2.7/site-packages/neutron/api/rpc/callbacks/version_manager.py:178
2018-06-27 04:03:10.435 21808 DEBUG neutron.scheduler.dhcp_agent_scheduler [req-9701d4bd-e79b-4acb-b6a5-cd4194f19dcc 5feafc9ff48747df82912c2055bf7429 f4a570c942f04ee3b556f3e6756b5a50 - default default] Network 65a63b5d-4ab6-4a89-8fc5-4ab4c578efe5 is already hosted by enough agents. _get_dhcp_agents_hosting_network /usr/lib/python2.7/site-packages/neutron/scheduler/dhcp_agent_scheduler.py:243
2018-06-27 04:03:10.467 21808 DEBUG oslo_concurrency.lockutils [req-9701d4bd-e79b-4acb-b6a5-cd4194f19dcc 5feafc9ff48747df82912c2055bf7429 f4a570c942f04ee3b556f3e6756b5a50 - - -] Lock "event-dispatch" released by "neutron.plugins.ml2.ovo_rpc.dispatch_events" :: held 0.428s inner /usr/lib/python2.7/site-packages/oslo_concurrency/lockutils.py:282
2018-06-27 04:03:10.599 21808 DEBUG neutron_lib.callbacks.manager [req-9701d4bd-e79b-4acb-b6a5-cd4194f19dcc 5feafc9ff48747df82912c2055bf7429 f4a570c942f04ee3b556f3e6756b5a50 - default default] Notify callbacks ['neutron.plugins.ml2.plugin.Ml2Plugin._ensure_default_security_group_handler--9223372036850928044'] for port, before_update _notify_loop /usr/lib/python2.7/site-packages/neutron_lib/callbacks/manager.py:167
2018-06-27 04:03:11.256 21808 DEBUG neutron_lib.callbacks.manager [req-9701d4bd-e79b-4acb-b6a5-cd4194f19dcc 5feafc9ff48747df82912c2055bf7429 f4a570c942f04ee3b556f3e6756b5a50 - default default] Notify callbacks [] for port, precommit_update _notify_loop /usr/lib/python2.7/site-packages/neutron_lib/callbacks/manager.py:167
2018-06-27 04:03:11.275 21808 DEBUG neutron_lib.callbacks.manager [req-9701d4bd-e79b-4acb-b6a5-cd4194f19dcc 5feafc9ff48747df82912c2055bf7429 f4a570c942f04ee3b556f3e6756b5a50 - default default] Notify callbacks ['neutron.plugins.ml2.ovo_rpc._ObjectChangeHandler.handle_event-643106', 'neutron.db.l3_dvrscheduler_db._notify_l3_agent_port_update--9223363269202248226', 'neutron.plugins.ml2.plugin.Ml2Plugin.notify_sg_on_port_change-3847913', 'neutron.db.l3_hascheduler_db._notify_l3_agent_ha_port_update-8767652528434', 'neutron.api.rpc.agentnotifiers.dhcp_rpc_agent_api.DhcpAgentNotifyAPI._native_event_send_dhcp_notification-769043'] for port, after_update _notify_loop /usr/lib/python2.7/site-packages/neutron_lib/callbacks/manager.py:167
2018-06-27 04:03:11.301 21808 DEBUG oslo_concurrency.lockutils [-] Lock "event-dispatch" acquired by "neutron.plugins.ml2.ovo_rpc.dispatch_events" :: waited 0.000s inner /usr/lib/python2.7/site-packages/oslo_concurrency/lockutils.py:270
2018-06-27 04:03:11.483 21808 DEBUG neutron.api.rpc.handlers.resources_rpc [req-9701d4bd-e79b-4acb-b6a5-cd4194f19dcc 5feafc9ff48747df82912c2055bf7429 f4a570c942f04ee3b556f3e6756b5a50 - - -] neutron.api.rpc.handlers.resources_rpc.ResourcesPushRpcApi method push called with arguments (<neutron_lib.context.Context object at 0x7f960bf07490>, [Port(admin_state_up=True,allowed_address_pairs=[],binding=PortBinding,binding_levels=[],created_at=2018-06-27T02:03:09Z,data_plane_status=<?>,description='',device_id='67272910-96ca-48a6-9335-ff7724d22983',device_owner='network:floatingip',dhcp_options=[],distributed_binding=None,dns=None,fixed_ips=[IPAllocation],id=0867b74d-54bd-44cb-a29c-fa297f50bd40,mac_address=fa:16:3e:61:8e:4b,name='',network_id=65a63b5d-4ab6-4a89-8fc5-4ab4c578efe5,project_id='',qos_policy_id=None,revision_number=4,security=PortSecurity(0867b74d-54bd-44cb-a29c-fa297f50bd40),security_group_ids=set([]),status='N/A',updated_at=2018-06-27T02:03:10Z)], 'updated') {} wrapper /usr/lib/python2.7/site-packages/oslo_log/helpers.py:66
2018-06-27 04:03:11.504 21808 DEBUG oslo_concurrency.lockutils [req-9701d4bd-e79b-4acb-b6a5-cd4194f19dcc 5feafc9ff48747df82912c2055bf7429 f4a570c942f04ee3b556f3e6756b5a50 - - -] Lock "event-dispatch" released by "neutron.plugins.ml2.ovo_rpc.dispatch_events" :: held 0.202s inner /usr/lib/python2.7/site-packages/oslo_concurrency/lockutils.py:282
2018-06-27 04:03:11.557 21808 DEBUG neutron_lib.callbacks.manager [req-9701d4bd-e79b-4acb-b6a5-cd4194f19dcc 5feafc9ff48747df82912c2055bf7429 f4a570c942f04ee3b556f3e6756b5a50 - default default] Notify callbacks ['neutron.services.l3_router.l3_router_plugin.L3RouterPlugin._create_dvr_floating_gw_port-555732'] for floatingip, after_update _notify_loop /usr/lib/python2.7/site-packages/neutron_lib/callbacks/manager.py:167
2018-06-27 04:03:11.618 21808 DEBUG neutron.quota.resource [req-9701d4bd-e79b-4acb-b6a5-cd4194f19dcc 5feafc9ff48747df82912c2055bf7429 f4a570c942f04ee3b556f3e6756b5a50 - default default] Persisted dirty status for tenant:bfb8144b6e7246068bc3b2a3913887f8 on resource:floatingip mark_dirty /usr/lib/python2.7/site-packages/neutron/quota/resource.py:207
2018-06-27 04:03:11.622 21808 DEBUG neutron.quota.resource [req-9701d4bd-e79b-4acb-b6a5-cd4194f19dcc 5feafc9ff48747df82912c2055bf7429 f4a570c942f04ee3b556f3e6756b5a50 - default default] Persisted dirty status for tenant: on resource:port mark_dirty /usr/lib/python2.7/site-packages/neutron/quota/resource.py:207
2018-06-27 04:03:11.639 21808 DEBUG neutron_lib.callbacks.manager [req-9701d4bd-e79b-4acb-b6a5-cd4194f19dcc 5feafc9ff48747df82912c2055bf7429 f4a570c942f04ee3b556f3e6756b5a50 - default default] Notify callbacks ['neutron.notifiers.nova.Notifier._send_nova_notification--9223372036854713900'] for floatingip, before_response _notify_loop /usr/lib/python2.7/site-packages/neutron_lib/callbacks/manager.py:167
2018-06-27 04:03:11.640 21808 INFO neutron.wsgi [req-9701d4bd-e79b-4acb-b6a5-cd4194f19dcc 5feafc9ff48747df82912c2055bf7429 f4a570c942f04ee3b556f3e6756b5a50 - default default] 10.0.20.21 "POST /v2.0/floatingips HTTP/1.1" status: 201  len: 674 time: 2.6069770
2018-06-27 04:03:13.503 21835 DEBUG neutron_lib.callbacks.manager [req-2d5431c2-cba7-4465-9f84-f85ba83da9d9 - - - - -] Notify callbacks ['neutron.services.segments.db._update_segment_host_mapping_for_agent-8767652889906'] for agent, after_update _notify_loop /usr/lib/python2.7/site-packages/neutron_lib/callbacks/manager.py:167
2018-06-27 04:03:23.164 21814 INFO neutron.wsgi [req-eed14740-1f38-44e0-9e02-d69714d4b5be 13e676d0ff06487ebd9212aded426041 bfb8144b6e7246068bc3b2a3913887f8 - 06b4da3d516c404cb9a61240b9be21e9 06b4da3d516c404cb9a61240b9be21e9] 10.0.20.21 "GET /v2.0/ports?device_id=48c4cde2-b86a-46f7-ac04-2d2ce7f31c7a HTTP/1.1" status: 200  len: 210 time: 0.4784460
2018-06-27 04:03:25.124 21814 INFO neutron.wsgi [req-126c6504-495a-4d0d-a104-6d8a918ac46f b5c7d57bbd1a48d5a86a8095ce57bfd4 6ce4dd91709c441d9f1b40034ea03af4 - default default] 10.0.20.21 "GET /v2.0/ports?device_id=48c4cde2-b86a-46f7-ac04-2d2ce7f31c7a HTTP/1.1" status: 200  len: 210 time: 0.4087331
2018-06-27 04:03:26.187 21809 INFO neutron.wsgi [req-33979a81-236a-4aea-aa13-2da8c1b524ac 59f963f90a0940d0a0321d158c75bc86 6ce4dd91709c441d9f1b40034ea03af4 - default default] 10.0.20.21 "GET /v2.0/ports?tenant_id=f4a570c942f04ee3b556f3e6756b5a50&device_id=fbe9921b-01af-42ef-a506-f7a67f25f76a HTTP/1.1" status: 200  len: 1125 time: 0.1045499
2018-06-27 04:03:26.394 21809 DEBUG neutron.pecan_wsgi.hooks.policy_enforcement [req-b01d1402-bcfc-40e5-a904-3d3be595df3b 59f963f90a0940d0a0321d158c75bc86 6ce4dd91709c441d9f1b40034ea03af4 - default default] Attributes excluded by policy engine: [u'vlan_transparent'] _exclude_attributes_by_policy /usr/lib/python2.7/site-packages/neutron/pecan_wsgi/hooks/policy_enforcement.py:256
2018-06-27 04:03:26.397 21809 INFO neutron.wsgi [req-b01d1402-bcfc-40e5-a904-3d3be595df3b 59f963f90a0940d0a0321d158c75bc86 6ce4dd91709c441d9f1b40034ea03af4 - default default] 10.0.20.21 "GET /v2.0/networks?id=65a63b5d-4ab6-4a89-8fc5-4ab4c578efe5 HTTP/1.1" status: 200  len: 888 time: 0.2037680
2018-06-27 04:03:26.434 21809 INFO neutron.wsgi [req-f772b182-ac2d-4aa3-bd6c-06453e6a55d7 59f963f90a0940d0a0321d158c75bc86 6ce4dd91709c441d9f1b40034ea03af4 - default default] 10.0.20.21 "GET /v2.0/floatingips?fixed_ip_address=172.24.4.11&port_id=de636301-2b4d-4580-966c-2174f43d6448 HTTP/1.1" status: 200  len: 217 time: 0.0312672
2018-06-27 04:03:26.563 21809 DEBUG neutron.pecan_wsgi.hooks.policy_enforcement [req-7617c520-94fa-4cce-b9d8-ec2c61a08895 59f963f90a0940d0a0321d158c75bc86 6ce4dd91709c441d9f1b40034ea03af4 - default default] Attributes excluded by policy engine: [u'shared'] _exclude_attributes_by_policy /usr/lib/python2.7/site-packages/neutron/pecan_wsgi/hooks/policy_enforcement.py:256
2018-06-27 04:03:26.565 21809 INFO neutron.wsgi [req-7617c520-94fa-4cce-b9d8-ec2c61a08895 59f963f90a0940d0a0321d158c75bc86 6ce4dd91709c441d9f1b40034ea03af4 - default default] 10.0.20.21 "GET /v2.0/subnets?id=0db29b77-dce9-468d-9f4c-d777953f217f HTTP/1.1" status: 200  len: 819 time: 0.1269851
2018-06-27 04:03:26.637 21809 INFO neutron.wsgi [req-5d55b1fc-7b6e-48e3-b2fc-bf647431e7bd 59f963f90a0940d0a0321d158c75bc86 6ce4dd91709c441d9f1b40034ea03af4 - default default] 10.0.20.21 "GET /v2.0/ports?network_id=65a63b5d-4ab6-4a89-8fc5-4ab4c578efe5&device_owner=network%3Adhcp HTTP/1.1" status: 200  len: 210 time: 0.0664070
2018-06-27 04:03:33.225 21816 INFO neutron.wsgi [req-223a03d2-da70-41f4-896b-55852f288739 13e676d0ff06487ebd9212aded426041 bfb8144b6e7246068bc3b2a3913887f8 - 06b4da3d516c404cb9a61240b9be21e9 06b4da3d516c404cb9a61240b9be21e9] 10.0.20.21 "GET /v2.0/ports?device_id=48c4cde2-b86a-46f7-ac04-2d2ce7f31c7a HTTP/1.1" status: 200  len: 210 time: 0.4350929
2018-06-27 04:03:35.823 21840 DEBUG neutron.db.agents_db [req-0c7038a9-cbd2-47cf-bfe6-b235fc110cb0 - - - - -] Agent healthcheck: found 5 active agents agent_health_check /usr/lib/python2.7/site-packages/neutron/db/agents_db.py:281
2018-06-27 04:03:36.329 21834 DEBUG neutron_lib.callbacks.manager [req-c01f6ccc-632f-4de2-a814-30f910031fc5 - - - - -] Notify callbacks ['neutron.services.segments.db._update_segment_host_mapping_for_agent-8767652889906'] for agent, after_update _notify_loop /usr/lib/python2.7/site-packages/neutron_lib/callbacks/manager.py:167
2018-06-27 04:03:36.373 21818 DEBUG neutron_lib.callbacks.manager [req-63fbecea-8307-4993-a942-4986bdb903f1 - - - - -] Notify callbacks ['neutron.services.segments.db._update_segment_host_mapping_for_agent-8767652889906'] for agent, after_update _notify_loop /usr/lib/python2.7/site-packages/neutron_lib/callbacks/manager.py:167
2018-06-27 04:03:37.260 21826 DEBUG neutron_lib.callbacks.manager [req-72b5c551-0c1d-4e7d-a959-6d10183a18a4 - - - - -] Notify callbacks ['neutron.services.segments.db._update_segment_host_mapping_for_agent-8767652889906'] for agent, after_update _notify_loop /usr/lib/python2.7/site-packages/neutron_lib/callbacks/manager.py:167
2018-06-27 04:03:38.407 21820 DEBUG neutron_lib.callbacks.manager [req-d2797e6b-3a34-4366-93f3-d76415e6c0b2 - - - - -] Notify callbacks ['neutron.services.segments.db._update_segment_host_mapping_for_agent-8767652889906'] for agent, after_update _notify_loop /usr/lib/python2.7/site-packages/neutron_lib/callbacks/manager.py:167
2018-06-27 04:03:43.509 21821 DEBUG neutron_lib.callbacks.manager [req-2d5431c2-cba7-4465-9f84-f85ba83da9d9 - - - - -] Notify callbacks ['neutron.services.segments.db._update_segment_host_mapping_for_agent-8767652889906'] for agent, after_update _notify_loop /usr/lib/python2.7/site-packages/neutron_lib/callbacks/manager.py:167
2018-06-27 04:03:54.281 21808 DEBUG neutron.wsgi [-] (21808) accepted ('10.0.20.21', 47386) server /usr/lib/python2.7/site-packages/eventlet/wsgi.py:883
2018-06-27 04:03:54.653 21808 WARNING keystonemiddleware.auth_token [-] A valid token was submitted as a service token, but it was not a valid service token. This is incorrect but backwards compatible behaviour. This will be removed in future releases.
2018-06-27 04:03:55.183 21808 INFO neutron.wsgi [req-c07048e0-5a44-4d62-8232-0ef240a84efb 13e676d0ff06487ebd9212aded426041 bfb8144b6e7246068bc3b2a3913887f8 - 06b4da3d516c404cb9a61240b9be21e9 06b4da3d516c404cb9a61240b9be21e9] 10.0.20.21 "GET /v2.0/ports?device_id=48c4cde2-b86a-46f7-ac04-2d2ce7f31c7a HTTP/1.1" status: 200  len: 210 time: 0.8996770
2018-06-27 04:04:06.353 21823 DEBUG neutron_lib.callbacks.manager [req-c01f6ccc-632f-4de2-a814-30f910031fc5 - - - - -] Notify callbacks ['neutron.services.segments.db._update_segment_host_mapping_for_agent-8767652889906'] for agent, after_update _notify_loop /usr/lib/python2.7/site-packages/neutron_lib/callbacks/manager.py:167
2018-06-27 04:04:06.393 21830 DEBUG neutron_lib.callbacks.manager [req-63fbecea-8307-4993-a942-4986bdb903f1 - - - - -] Notify callbacks ['neutron.services.segments.db._update_segment_host_mapping_for_agent-8767652889906'] for agent, after_update _notify_loop /usr/lib/python2.7/site-packages/neutron_lib/callbacks/manager.py:167
2018-06-27 04:04:06.394 21808 INFO neutron.wsgi [req-90860b4d-2044-48e7-9a86-3406ae4239d1 13e676d0ff06487ebd9212aded426041 bfb8144b6e7246068bc3b2a3913887f8 - 06b4da3d516c404cb9a61240b9be21e9 06b4da3d516c404cb9a61240b9be21e9] 10.0.20.21 "GET /v2.0/ports?device_id=48c4cde2-b86a-46f7-ac04-2d2ce7f31c7a HTTP/1.1" status: 200  len: 210 time: 0.6537061
2018-06-27 04:04:07.276 21836 DEBUG neutron_lib.callbacks.manager [req-7a32038d-bb17-472c-93d7-f079ff54fac6 - - - - -] Notify callbacks ['neutron.services.segments.db._update_segment_host_mapping_for_agent-8767652889906'] for agent, after_update _notify_loop /usr/lib/python2.7/site-packages/neutron_lib/callbacks/manager.py:167
2018-06-27 04:04:08.410 21835 DEBUG neutron_lib.callbacks.manager [req-14e0899a-b83d-4fd2-a2f5-cd90af06f4ac - - - - -] Notify callbacks ['neutron.services.segments.db._update_segment_host_mapping_for_agent-8767652889906'] for agent, after_update _notify_loop /usr/lib/python2.7/site-packages/neutron_lib/callbacks/manager.py:167
2018-06-27 04:04:12.857 21840 DEBUG neutron.db.agents_db [req-0c7038a9-cbd2-47cf-bfe6-b235fc110cb0 - - - - -] Agent healthcheck: found 5 active agents agent_health_check /usr/lib/python2.7/site-packages/neutron/db/agents_db.py:281
2018-06-27 04:04:13.509 21834 DEBUG neutron_lib.callbacks.manager [req-2d5431c2-cba7-4465-9f84-f85ba83da9d9 - - - - -] Notify callbacks ['neutron.services.segments.db._update_segment_host_mapping_for_agent-8767652889906'] for agent, after_update _notify_loop /usr/lib/python2.7/site-packages/neutron_lib/callbacks/manager.py:167
2018-06-27 04:04:20.718 21816 INFO neutron.wsgi [req-aabcbf62-d419-4ba3-8260-b092bd40012a 13e676d0ff06487ebd9212aded426041 bfb8144b6e7246068bc3b2a3913887f8 - 06b4da3d516c404cb9a61240b9be21e9 06b4da3d516c404cb9a61240b9be21e9] 10.0.20.21 "GET /v2.0/ports?device_id=48c4cde2-b86a-46f7-ac04-2d2ce7f31c7a HTTP/1.1" status: 200  len: 210 time: 0.4725368
2018-06-27 04:04:30.043 21809 INFO neutron.wsgi [req-103d1f46-78bb-46ea-9859-0bb767e3622e 59f963f90a0940d0a0321d158c75bc86 6ce4dd91709c441d9f1b40034ea03af4 - default default] 10.0.20.21 "GET /v2.0/ports?tenant_id=f4a570c942f04ee3b556f3e6756b5a50&device_id=fbe9921b-01af-42ef-a506-f7a67f25f76a HTTP/1.1" status: 200  len: 1125 time: 0.5588231
2018-06-27 04:04:30.280 21809 DEBUG neutron.pecan_wsgi.hooks.policy_enforcement [req-9eb47db4-e46a-4447-a0df-baccbbbb942c 59f963f90a0940d0a0321d158c75bc86 6ce4dd91709c441d9f1b40034ea03af4 - default default] Attributes excluded by policy engine: [u'vlan_transparent'] _exclude_attributes_by_policy /usr/lib/python2.7/site-packages/neutron/pecan_wsgi/hooks/policy_enforcement.py:256
2018-06-27 04:04:30.282 21809 INFO neutron.wsgi [req-9eb47db4-e46a-4447-a0df-baccbbbb942c 59f963f90a0940d0a0321d158c75bc86 6ce4dd91709c441d9f1b40034ea03af4 - default default] 10.0.20.21 "GET /v2.0/networks?id=65a63b5d-4ab6-4a89-8fc5-4ab4c578efe5 HTTP/1.1" status: 200  len: 888 time: 0.2328410
2018-06-27 04:04:30.326 21809 INFO neutron.wsgi [req-17e48547-ca5a-4aae-9729-ba403d1d05bf 59f963f90a0940d0a0321d158c75bc86 6ce4dd91709c441d9f1b40034ea03af4 - default default] 10.0.20.21 "GET /v2.0/floatingips?fixed_ip_address=172.24.4.11&port_id=de636301-2b4d-4580-966c-2174f43d6448 HTTP/1.1" status: 200  len: 217 time: 0.0380530
2018-06-27 04:04:30.451 21809 DEBUG neutron.pecan_wsgi.hooks.policy_enforcement [req-e946d186-7290-49f2-82e3-13bf41306c20 59f963f90a0940d0a0321d158c75bc86 6ce4dd91709c441d9f1b40034ea03af4 - default default] Attributes excluded by policy engine: [u'shared'] _exclude_attributes_by_policy /usr/lib/python2.7/site-packages/neutron/pecan_wsgi/hooks/policy_enforcement.py:256
2018-06-27 04:04:30.454 21809 INFO neutron.wsgi [req-e946d186-7290-49f2-82e3-13bf41306c20 59f963f90a0940d0a0321d158c75bc86 6ce4dd91709c441d9f1b40034ea03af4 - default default] 10.0.20.21 "GET /v2.0/subnets?id=0db29b77-dce9-468d-9f4c-d777953f217f HTTP/1.1" status: 200  len: 819 time: 0.1186311
2018-06-27 04:04:30.538 21809 INFO neutron.wsgi [req-7866c6ed-c5e3-4c16-8fcb-ec56bf6e409c 59f963f90a0940d0a0321d158c75bc86 6ce4dd91709c441d9f1b40034ea03af4 - default default] 10.0.20.21 "GET /v2.0/ports?network_id=65a63b5d-4ab6-4a89-8fc5-4ab4c578efe5&device_owner=network%3Adhcp HTTP/1.1" status: 200  len: 210 time: 0.0769789
2018-06-27 04:04:30.816 21814 INFO neutron.wsgi [req-e806e54c-cd9e-47a8-9c6f-9f32a7df0ec8 13e676d0ff06487ebd9212aded426041 bfb8144b6e7246068bc3b2a3913887f8 - 06b4da3d516c404cb9a61240b9be21e9 06b4da3d516c404cb9a61240b9be21e9] 10.0.20.21 "GET /v2.0/ports?device_id=48c4cde2-b86a-46f7-ac04-2d2ce7f31c7a HTTP/1.1" status: 200  len: 210 time: 1.0864968
