2018-09-28 16:46:20.173 30494 DEBUG neutron.db.agents_db [req-5c82619e-2260-43a0-9613-b5725dcec4bb - - - - -] Agent healthcheck: found 5 active agents agent_health_check /usr/lib/python2.7/site-packages/neutron/db/agents_db.py:281
2018-09-28 16:46:25.330 30485 DEBUG neutron_lib.callbacks.manager [req-04914da7-fa52-4288-a50e-a8a9f1593911 - - - - -] Notify callbacks ['neutron.services.segments.db._update_segment_host_mapping_for_agent-8782510677162'] for agent, after_update _notify_loop /usr/lib/python2.7/site-packages/neutron_lib/callbacks/manager.py:167
2018-09-28 16:46:25.468 30491 DEBUG neutron_lib.callbacks.manager [req-36e02625-e4df-4248-9429-1724b0e1b9e8 - - - - -] Notify callbacks ['neutron.services.segments.db._update_segment_host_mapping_for_agent-8782510677162'] for agent, after_update _notify_loop /usr/lib/python2.7/site-packages/neutron_lib/callbacks/manager.py:167
2018-09-28 16:46:25.501 30489 DEBUG neutron_lib.callbacks.manager [req-0949b1db-e933-45d8-8c1f-b17aeecb7b9f - - - - -] Notify callbacks ['neutron.services.segments.db._update_segment_host_mapping_for_agent-8782510677162'] for agent, after_update _notify_loop /usr/lib/python2.7/site-packages/neutron_lib/callbacks/manager.py:167
2018-09-28 16:46:27.287 30479 DEBUG neutron_lib.callbacks.manager [req-1a7b4e7c-392f-4ceb-8f3b-7152d40e2a09 - - - - -] Notify callbacks ['neutron.services.segments.db._update_segment_host_mapping_for_agent-8782510677162'] for agent, after_update _notify_loop /usr/lib/python2.7/site-packages/neutron_lib/callbacks/manager.py:167
2018-09-28 16:46:29.857 30483 DEBUG neutron_lib.callbacks.manager [req-d8508436-9e80-429a-8427-b3d15f38f9a9 - - - - -] Notify callbacks ['neutron.services.segments.db._update_segment_host_mapping_for_agent-8782510677162'] for agent, after_update _notify_loop /usr/lib/python2.7/site-packages/neutron_lib/callbacks/manager.py:167
2018-09-28 16:46:32.080 30476 INFO neutron.wsgi [req-8d45560f-2651-4cc9-b011-32726fd74000 385405652b74463ca36119e213a84b2c e169fa6db0c147f283ae7c6a936117f3 - default default] 10.0.20.26 "GET /v2.0/ports?tenant_id=bcc87d81243c4022b54ff0fc1eafe6a9&device_id=bd747628-f402-4b0c-bd0c-438711a442af HTTP/1.1" status: 200  len: 1124 time: 0.8115151
2018-09-28 16:46:32.751 30476 DEBUG neutron.pecan_wsgi.hooks.policy_enforcement [req-31b8d955-e425-4a76-9e55-f9bb5b701f1a 385405652b74463ca36119e213a84b2c e169fa6db0c147f283ae7c6a936117f3 - default default] Attributes excluded by policy engine: [u'vlan_transparent'] _exclude_attributes_by_policy /usr/lib/python2.7/site-packages/neutron/pecan_wsgi/hooks/policy_enforcement.py:256
2018-09-28 16:46:32.753 30476 INFO neutron.wsgi [req-31b8d955-e425-4a76-9e55-f9bb5b701f1a 385405652b74463ca36119e213a84b2c e169fa6db0c147f283ae7c6a936117f3 - default default] 10.0.20.26 "GET /v2.0/networks?id=e9638173-9938-4217-838b-474c75f1c870 HTTP/1.1" status: 200  len: 885 time: 0.6558189
2018-09-28 16:46:32.915 30476 INFO neutron.wsgi [req-e2eeb7ad-9ed8-44d3-b5ec-ed2422a60cc0 385405652b74463ca36119e213a84b2c e169fa6db0c147f283ae7c6a936117f3 - default default] 10.0.20.26 "GET /v2.0/floatingips?fixed_ip_address=11.217.1.8&port_id=4ae49ce9-68c4-4f50-843d-18f93434737f HTTP/1.1" status: 200  len: 750 time: 0.1523249
2018-09-28 16:46:33.178 30476 DEBUG neutron.pecan_wsgi.hooks.policy_enforcement [req-f98c852e-9c1b-44cb-8473-c045eb009fa8 385405652b74463ca36119e213a84b2c e169fa6db0c147f283ae7c6a936117f3 - default default] Attributes excluded by policy engine: [u'shared'] _exclude_attributes_by_policy /usr/lib/python2.7/site-packages/neutron/pecan_wsgi/hooks/policy_enforcement.py:256
2018-09-28 16:46:33.181 30476 INFO neutron.wsgi [req-f98c852e-9c1b-44cb-8473-c045eb009fa8 385405652b74463ca36119e213a84b2c e169fa6db0c147f283ae7c6a936117f3 - default default] 10.0.20.26 "GET /v2.0/subnets?id=d76a26b4-0f71-410d-bda6-b9183851d373 HTTP/1.1" status: 200  len: 847 time: 0.2561340
2018-09-28 16:46:33.436 30476 INFO neutron.wsgi [req-0cbe02fd-fd58-458b-ba04-93df16386116 385405652b74463ca36119e213a84b2c e169fa6db0c147f283ae7c6a936117f3 - default default] 10.0.20.26 "GET /v2.0/ports?network_id=e9638173-9938-4217-838b-474c75f1c870&device_owner=network%3Adhcp HTTP/1.1" status: 200  len: 1128 time: 0.2459090
2018-09-28 16:46:36.682 30474 INFO neutron.wsgi [req-d798084a-2e85-4df6-a6c8-3fccbb4d6c78 319698b42b0949de845552aab263ff10 e169fa6db0c147f283ae7c6a936117f3 - default default] 10.0.20.26 "GET /v2.0/ports?device_id=b37bda17-dcff-446b-b40a-bfdbf0c0c76b HTTP/1.1" status: 200  len: 1124 time: 1.3041170
2018-09-28 16:46:36.931 30474 INFO neutron.wsgi [req-1b2ceb35-f09e-4646-88c5-a66e45c7a7ec 319698b42b0949de845552aab263ff10 e169fa6db0c147f283ae7c6a936117f3 - default default] 10.0.20.26 "GET /v2.0/security-groups?id=139f1225-c5ff-4740-b7a3-31d0c0572e1f HTTP/1.1" status: 200  len: 2118 time: 0.2403409
2018-09-28 16:46:57.549 30481 DEBUG neutron_lib.callbacks.manager [req-895713d6-4f18-462a-8f14-20b7fcd5a045 - - - - -] Notify callbacks ['neutron.services.segments.db._update_segment_host_mapping_for_agent-8782510677162'] for agent, after_update _notify_loop /usr/lib/python2.7/site-packages/neutron_lib/callbacks/manager.py:167
2018-09-28 16:46:58.005 30494 DEBUG neutron.db.agents_db [req-5c82619e-2260-43a0-9613-b5725dcec4bb - - - - -] Agent healthcheck: found 5 active agents agent_health_check /usr/lib/python2.7/site-packages/neutron/db/agents_db.py:281
2018-09-28 16:46:58.236 30487 DEBUG neutron_lib.callbacks.manager [req-36e02625-e4df-4248-9429-1724b0e1b9e8 - - - - -] Notify callbacks ['neutron.services.segments.db._update_segment_host_mapping_for_agent-8782510677162'] for agent, after_update _notify_loop /usr/lib/python2.7/site-packages/neutron_lib/callbacks/manager.py:167
2018-09-28 16:46:58.321 30492 DEBUG neutron_lib.callbacks.manager [req-0949b1db-e933-45d8-8c1f-b17aeecb7b9f - - - - -] Notify callbacks ['neutron.services.segments.db._update_segment_host_mapping_for_agent-8782510677162'] for agent, after_update _notify_loop /usr/lib/python2.7/site-packages/neutron_lib/callbacks/manager.py:167
2018-09-28 16:46:58.322 30480 DEBUG neutron_lib.callbacks.manager [req-379c2586-f323-4866-bc5c-8a8dc1cb6142 - - - - -] Notify callbacks ['neutron.services.segments.db._update_segment_host_mapping_for_agent-8782510677162'] for agent, after_update _notify_loop /usr/lib/python2.7/site-packages/neutron_lib/callbacks/manager.py:167
2018-09-28 16:46:59.576 30485 DEBUG neutron_lib.callbacks.manager [req-d8508436-9e80-429a-8427-b3d15f38f9a9 - - - - -] Notify callbacks ['neutron.services.segments.db._update_segment_host_mapping_for_agent-8782510677162'] for agent, after_update _notify_loop /usr/lib/python2.7/site-packages/neutron_lib/callbacks/manager.py:167
2018-09-28 16:47:25.502 30489 DEBUG neutron_lib.callbacks.manager [req-36e02625-e4df-4248-9429-1724b0e1b9e8 - - - - -] Notify callbacks ['neutron.services.segments.db._update_segment_host_mapping_for_agent-8782510677162'] for agent, after_update _notify_loop /usr/lib/python2.7/site-packages/neutron_lib/callbacks/manager.py:167
2018-09-28 16:47:25.660 30479 DEBUG neutron_lib.callbacks.manager [req-0949b1db-e933-45d8-8c1f-b17aeecb7b9f - - - - -] Notify callbacks ['neutron.services.segments.db._update_segment_host_mapping_for_agent-8782510677162'] for agent, after_update _notify_loop /usr/lib/python2.7/site-packages/neutron_lib/callbacks/manager.py:167
2018-09-28 16:47:25.666 30491 DEBUG neutron_lib.callbacks.manager [req-85ec3540-23bb-40ac-9178-58f77d9bc2c1 - - - - -] Notify callbacks ['neutron.services.segments.db._update_segment_host_mapping_for_agent-8782510677162'] for agent, after_update _notify_loop /usr/lib/python2.7/site-packages/neutron_lib/callbacks/manager.py:167
2018-09-28 16:47:28.220 30483 DEBUG neutron_lib.callbacks.manager [req-1f84a734-df22-4309-96b8-fecf0518128d - - - - -] Notify callbacks ['neutron.services.segments.db._update_segment_host_mapping_for_agent-8782510677162'] for agent, after_update _notify_loop /usr/lib/python2.7/site-packages/neutron_lib/callbacks/manager.py:167
2018-09-28 16:47:29.336 30492 DEBUG neutron_lib.callbacks.manager [req-d8508436-9e80-429a-8427-b3d15f38f9a9 - - - - -] Notify callbacks ['neutron.services.segments.db._update_segment_host_mapping_for_agent-8782510677162'] for agent, after_update _notify_loop /usr/lib/python2.7/site-packages/neutron_lib/callbacks/manager.py:167
2018-09-28 16:47:30.045 30474 DEBUG neutron.quota.resource [req-9eba35e8-248f-45b0-a7ed-96d10769c49b 6d876a38a52f4212b52fb4889ab3d189 7e50f6c472194c20859283f7b1750005 - 9c8b3d742ee842939fceb7b674e37050 9c8b3d742ee842939fceb7b674e37050] Synchronizing usage tracker for tenant:7e50f6c472194c20859283f7b1750005 on resource:port resync /usr/lib/python2.7/site-packages/neutron/quota/resource.py:245
2018-09-28 16:47:30.564 30474 DEBUG neutron.quota.resource [req-9eba35e8-248f-45b0-a7ed-96d10769c49b 6d876a38a52f4212b52fb4889ab3d189 7e50f6c472194c20859283f7b1750005 - 9c8b3d742ee842939fceb7b674e37050 9c8b3d742ee842939fceb7b674e37050] Unset dirty status for tenant:7e50f6c472194c20859283f7b1750005 on resource:port _resync /usr/lib/python2.7/site-packages/neutron/quota/resource.py:237
2018-09-28 16:47:30.568 30474 INFO neutron.wsgi [req-9eba35e8-248f-45b0-a7ed-96d10769c49b 6d876a38a52f4212b52fb4889ab3d189 7e50f6c472194c20859283f7b1750005 - 9c8b3d742ee842939fceb7b674e37050 9c8b3d742ee842939fceb7b674e37050] 10.0.20.26 "GET /v2.0/ports?device_id=b37bda17-dcff-446b-b40a-bfdbf0c0c76b HTTP/1.1" status: 200  len: 1124 time: 6.3795412
2018-09-28 16:47:31.115 30474 INFO neutron.wsgi [req-6a6292ec-ce73-4572-8933-bbb66be94dc4 6d876a38a52f4212b52fb4889ab3d189 7e50f6c472194c20859283f7b1750005 - 9c8b3d742ee842939fceb7b674e37050 9c8b3d742ee842939fceb7b674e37050] 10.0.20.26 "GET /v2.0/security-groups?id=139f1225-c5ff-4740-b7a3-31d0c0572e1f HTTP/1.1" status: 200  len: 2118 time: 0.4510009
2018-09-28 16:47:34.174 30494 DEBUG neutron.db.agents_db [req-5c82619e-2260-43a0-9613-b5725dcec4bb - - - - -] Agent healthcheck: found 5 active agents agent_health_check /usr/lib/python2.7/site-packages/neutron/db/agents_db.py:281
2018-09-28 16:47:38.272 30476 INFO neutron.wsgi [req-7ca601bd-52d0-45cc-8019-e1d4d8fee0aa 385405652b74463ca36119e213a84b2c e169fa6db0c147f283ae7c6a936117f3 - default default] 10.0.20.26 "GET /v2.0/ports?tenant_id=7e50f6c472194c20859283f7b1750005&device_id=b37bda17-dcff-446b-b40a-bfdbf0c0c76b HTTP/1.1" status: 200  len: 1124 time: 0.8784020
2018-09-28 16:47:38.569 30476 DEBUG neutron.pecan_wsgi.hooks.policy_enforcement [req-471260c1-f10c-4b2d-b6f8-9c12c7908edc 385405652b74463ca36119e213a84b2c e169fa6db0c147f283ae7c6a936117f3 - default default] Attributes excluded by policy engine: [u'vlan_transparent'] _exclude_attributes_by_policy /usr/lib/python2.7/site-packages/neutron/pecan_wsgi/hooks/policy_enforcement.py:256
2018-09-28 16:47:38.573 30476 INFO neutron.wsgi [req-471260c1-f10c-4b2d-b6f8-9c12c7908edc 385405652b74463ca36119e213a84b2c e169fa6db0c147f283ae7c6a936117f3 - default default] 10.0.20.26 "GET /v2.0/networks?id=338f7c6b-5b64-4710-94ca-e159f1c6fb64 HTTP/1.1" status: 200  len: 885 time: 0.2947001
2018-09-28 16:47:38.637 30476 INFO neutron.wsgi [req-15b338b5-27b8-47a9-99ea-04d20f175184 385405652b74463ca36119e213a84b2c e169fa6db0c147f283ae7c6a936117f3 - default default] 10.0.20.26 "GET /v2.0/floatingips?fixed_ip_address=11.19.1.12&port_id=eaa7a7b2-e02a-4a11-a03e-90035b1a1198 HTTP/1.1" status: 200  len: 751 time: 0.0565779
2018-09-28 16:47:38.847 30476 DEBUG neutron.pecan_wsgi.hooks.policy_enforcement [req-e609cb7d-311e-4403-92f7-cb5ba5e776c9 385405652b74463ca36119e213a84b2c e169fa6db0c147f283ae7c6a936117f3 - default default] Attributes excluded by policy engine: [u'shared'] _exclude_attributes_by_policy /usr/lib/python2.7/site-packages/neutron/pecan_wsgi/hooks/policy_enforcement.py:256
2018-09-28 16:47:38.850 30476 INFO neutron.wsgi [req-e609cb7d-311e-4403-92f7-cb5ba5e776c9 385405652b74463ca36119e213a84b2c e169fa6db0c147f283ae7c6a936117f3 - default default] 10.0.20.26 "GET /v2.0/subnets?id=340e3b6c-73b8-45b1-8f6a-7961f66d8067 HTTP/1.1" status: 200  len: 843 time: 0.2059610
2018-09-28 16:47:39.158 30476 INFO neutron.wsgi [req-5ccd0913-144b-488d-be66-1e01e4916e84 385405652b74463ca36119e213a84b2c e169fa6db0c147f283ae7c6a936117f3 - default default] 10.0.20.26 "GET /v2.0/ports?network_id=338f7c6b-5b64-4710-94ca-e159f1c6fb64&device_owner=network%3Adhcp HTTP/1.1" status: 200  len: 1127 time: 0.2988698
2018-09-28 16:47:54.307 30472 INFO neutron.wsgi [req-b888c44d-aa44-4960-8f33-f18c73f0e03d 6d876a38a52f4212b52fb4889ab3d189 7e50f6c472194c20859283f7b1750005 - 9c8b3d742ee842939fceb7b674e37050 9c8b3d742ee842939fceb7b674e37050] 10.0.20.26 "GET /v2.0/ports?device_id=b37bda17-dcff-446b-b40a-bfdbf0c0c76b HTTP/1.1" status: 200  len: 1124 time: 0.8915782
2018-09-28 16:47:54.438 30472 INFO neutron.wsgi [req-02a5f524-2b3d-4e29-a594-a75a2dbaa199 6d876a38a52f4212b52fb4889ab3d189 7e50f6c472194c20859283f7b1750005 - 9c8b3d742ee842939fceb7b674e37050 9c8b3d742ee842939fceb7b674e37050] 10.0.20.26 "GET /v2.0/security-groups?id=139f1225-c5ff-4740-b7a3-31d0c0572e1f HTTP/1.1" status: 200  len: 2118 time: 0.1240330
2018-09-28 16:47:55.185 30487 DEBUG neutron_lib.callbacks.manager [req-cd5a66dd-7875-48a9-9d22-8aebc639027a - - - - -] Notify callbacks ['neutron.services.segments.db._update_segment_host_mapping_for_agent-8782510677162'] for agent, after_update _notify_loop /usr/lib/python2.7/site-packages/neutron_lib/callbacks/manager.py:167
2018-09-28 16:47:55.259 30481 DEBUG neutron_lib.callbacks.manager [req-36e02625-e4df-4248-9429-1724b0e1b9e8 - - - - -] Notify callbacks ['neutron.services.segments.db._update_segment_host_mapping_for_agent-8782510677162'] for agent, after_update _notify_loop /usr/lib/python2.7/site-packages/neutron_lib/callbacks/manager.py:167
2018-09-28 16:47:55.396 30480 DEBUG neutron_lib.callbacks.manager [req-0949b1db-e933-45d8-8c1f-b17aeecb7b9f - - - - -] Notify callbacks ['neutron.services.segments.db._update_segment_host_mapping_for_agent-8782510677162'] for agent, after_update _notify_loop /usr/lib/python2.7/site-packages/neutron_lib/callbacks/manager.py:167
2018-09-28 16:47:57.253 30485 DEBUG neutron_lib.callbacks.manager [req-0d3eb022-77d6-414d-a42d-46673966c431 - - - - -] Notify callbacks ['neutron.services.segments.db._update_segment_host_mapping_for_agent-8782510677162'] for agent, after_update _notify_loop /usr/lib/python2.7/site-packages/neutron_lib/callbacks/manager.py:167
2018-09-28 16:47:59.314 30491 DEBUG neutron_lib.callbacks.manager [req-d8508436-9e80-429a-8427-b3d15f38f9a9 - - - - -] Notify callbacks ['neutron.services.segments.db._update_segment_host_mapping_for_agent-8782510677162'] for agent, after_update _notify_loop /usr/lib/python2.7/site-packages/neutron_lib/callbacks/manager.py:167
2018-09-28 16:48:08.107 30476 INFO neutron.wsgi [req-ba8d1352-3cb6-4692-9374-1b31696ab87c 385405652b74463ca36119e213a84b2c e169fa6db0c147f283ae7c6a936117f3 - default default] 10.0.20.26 "GET /v2.0/ports?tenant_id=bcc87d81243c4022b54ff0fc1eafe6a9&device_id=bd747628-f402-4b0c-bd0c-438711a442af HTTP/1.1" status: 200  len: 1124 time: 0.1727390
2018-09-28 16:48:08.319 30476 DEBUG neutron.pecan_wsgi.hooks.policy_enforcement [req-52b9fa08-a0c5-4d21-a303-9291fb886d25 385405652b74463ca36119e213a84b2c e169fa6db0c147f283ae7c6a936117f3 - default default] Attributes excluded by policy engine: [u'vlan_transparent'] _exclude_attributes_by_policy /usr/lib/python2.7/site-packages/neutron/pecan_wsgi/hooks/policy_enforcement.py:256
2018-09-28 16:48:08.322 30476 INFO neutron.wsgi [req-52b9fa08-a0c5-4d21-a303-9291fb886d25 385405652b74463ca36119e213a84b2c e169fa6db0c147f283ae7c6a936117f3 - default default] 10.0.20.26 "GET /v2.0/networks?id=e9638173-9938-4217-838b-474c75f1c870 HTTP/1.1" status: 200  len: 885 time: 0.2088339
2018-09-28 16:48:08.405 30476 INFO neutron.wsgi [req-df1b6913-63ec-4e4d-a170-5b87e5f4b591 385405652b74463ca36119e213a84b2c e169fa6db0c147f283ae7c6a936117f3 - default default] 10.0.20.26 "GET /v2.0/floatingips?fixed_ip_address=11.217.1.8&port_id=4ae49ce9-68c4-4f50-843d-18f93434737f HTTP/1.1" status: 200  len: 750 time: 0.0761900
2018-09-28 16:48:08.576 30476 DEBUG neutron.pecan_wsgi.hooks.policy_enforcement [req-e187cca7-7f1b-430f-a01d-4c1d246d640d 385405652b74463ca36119e213a84b2c e169fa6db0c147f283ae7c6a936117f3 - default default] Attributes excluded by policy engine: [u'shared'] _exclude_attributes_by_policy /usr/lib/python2.7/site-packages/neutron/pecan_wsgi/hooks/policy_enforcement.py:256
2018-09-28 16:48:08.579 30476 INFO neutron.wsgi [req-e187cca7-7f1b-430f-a01d-4c1d246d640d 385405652b74463ca36119e213a84b2c e169fa6db0c147f283ae7c6a936117f3 - default default] 10.0.20.26 "GET /v2.0/subnets?id=d76a26b4-0f71-410d-bda6-b9183851d373 HTTP/1.1" status: 200  len: 847 time: 0.1691320
2018-09-28 16:48:08.823 30476 INFO neutron.wsgi [req-12de085e-12e0-423c-8766-526eac7c1450 385405652b74463ca36119e213a84b2c e169fa6db0c147f283ae7c6a936117f3 - default default] 10.0.20.26 "GET /v2.0/ports?network_id=e9638173-9938-4217-838b-474c75f1c870&device_owner=network%3Adhcp HTTP/1.1" status: 200  len: 1128 time: 0.2372911
2018-09-28 16:48:10.426 30472 INFO neutron.wsgi [req-f7a31e89-6fb7-46ae-8c1e-bf9cbefd418d 6d876a38a52f4212b52fb4889ab3d189 7e50f6c472194c20859283f7b1750005 - 9c8b3d742ee842939fceb7b674e37050 9c8b3d742ee842939fceb7b674e37050] 10.0.20.26 "GET /v2.0/ports?device_id=b37bda17-dcff-446b-b40a-bfdbf0c0c76b HTTP/1.1" status: 200  len: 1124 time: 0.7311561
2018-09-28 16:48:10.562 30472 INFO neutron.wsgi [req-d24b6722-9fcd-46d7-81fb-82db98a16f59 6d876a38a52f4212b52fb4889ab3d189 7e50f6c472194c20859283f7b1750005 - 9c8b3d742ee842939fceb7b674e37050 9c8b3d742ee842939fceb7b674e37050] 10.0.20.26 "GET /v2.0/security-groups?id=139f1225-c5ff-4740-b7a3-31d0c0572e1f HTTP/1.1" status: 200  len: 2118 time: 0.1293521
2018-09-28 16:48:11.166 30494 DEBUG neutron.db.agents_db [req-5c82619e-2260-43a0-9613-b5725dcec4bb - - - - -] Agent healthcheck: found 5 active agents agent_health_check /usr/lib/python2.7/site-packages/neutron/db/agents_db.py:281
2018-09-28 16:48:21.326 30467 INFO neutron.wsgi [req-476ee00b-9015-4241-aff4-97f64c76905d 6d876a38a52f4212b52fb4889ab3d189 7e50f6c472194c20859283f7b1750005 - 9c8b3d742ee842939fceb7b674e37050 9c8b3d742ee842939fceb7b674e37050] 10.0.20.26 "GET /v2.0/ports?device_id=b37bda17-dcff-446b-b40a-bfdbf0c0c76b HTTP/1.1" status: 200  len: 1124 time: 1.0240731
2018-09-28 16:48:21.526 30467 INFO neutron.wsgi [req-b058a9f5-b968-477c-b0d5-227efce336c7 6d876a38a52f4212b52fb4889ab3d189 7e50f6c472194c20859283f7b1750005 - 9c8b3d742ee842939fceb7b674e37050 9c8b3d742ee842939fceb7b674e37050] 10.0.20.26 "GET /v2.0/security-groups?id=139f1225-c5ff-4740-b7a3-31d0c0572e1f HTTP/1.1" status: 200  len: 2118 time: 0.1822779
2018-09-28 16:48:25.242 30479 DEBUG neutron_lib.callbacks.manager [req-36e02625-e4df-4248-9429-1724b0e1b9e8 - - - - -] Notify callbacks ['neutron.services.segments.db._update_segment_host_mapping_for_agent-8782510677162'] for agent, after_update _notify_loop /usr/lib/python2.7/site-packages/neutron_lib/callbacks/manager.py:167
2018-09-28 16:48:25.341 30483 DEBUG neutron_lib.callbacks.manager [req-0949b1db-e933-45d8-8c1f-b17aeecb7b9f - - - - -] Notify callbacks ['neutron.services.segments.db._update_segment_host_mapping_for_agent-8782510677162'] for agent, after_update _notify_loop /usr/lib/python2.7/site-packages/neutron_lib/callbacks/manager.py:167
2018-09-28 16:48:25.731 30489 DEBUG neutron_lib.callbacks.manager [req-809a0cb4-446a-4a5b-adda-6651ab96c514 - - - - -] Notify callbacks ['neutron.services.segments.db._update_segment_host_mapping_for_agent-8782510677162'] for agent, after_update _notify_loop /usr/lib/python2.7/site-packages/neutron_lib/callbacks/manager.py:167
2018-09-28 16:48:27.267 30492 DEBUG neutron_lib.callbacks.manager [req-a7c197e9-35c3-4415-92ca-6ae0bf022b88 - - - - -] Notify callbacks ['neutron.services.segments.db._update_segment_host_mapping_for_agent-8782510677162'] for agent, after_update _notify_loop /usr/lib/python2.7/site-packages/neutron_lib/callbacks/manager.py:167
2018-09-28 16:48:29.283 30487 DEBUG neutron_lib.callbacks.manager [req-d8508436-9e80-429a-8427-b3d15f38f9a9 - - - - -] Notify callbacks ['neutron.services.segments.db._update_segment_host_mapping_for_agent-8782510677162'] for agent, after_update _notify_loop /usr/lib/python2.7/site-packages/neutron_lib/callbacks/manager.py:167
2018-09-28 16:48:35.117 30472 INFO neutron.wsgi [req-88fac948-6430-419b-b5a0-7695f1473056 6d876a38a52f4212b52fb4889ab3d189 7e50f6c472194c20859283f7b1750005 - 9c8b3d742ee842939fceb7b674e37050 9c8b3d742ee842939fceb7b674e37050] 10.0.20.26 "GET /v2.0/ports?device_id=b37bda17-dcff-446b-b40a-bfdbf0c0c76b HTTP/1.1" status: 200  len: 1124 time: 1.0260160
2018-09-28 16:48:35.240 30472 INFO neutron.wsgi [req-ef09f13d-a76d-4acd-b7ac-605900d924b3 6d876a38a52f4212b52fb4889ab3d189 7e50f6c472194c20859283f7b1750005 - 9c8b3d742ee842939fceb7b674e37050 9c8b3d742ee842939fceb7b674e37050] 10.0.20.26 "GET /v2.0/security-groups?id=139f1225-c5ff-4740-b7a3-31d0c0572e1f HTTP/1.1" status: 200  len: 2118 time: 0.1166041
2018-09-28 16:48:46.962 30474 INFO neutron.wsgi [req-c6f0289c-b8f4-4b8c-aeb7-6e2442b9a8a6 6d876a38a52f4212b52fb4889ab3d189 7e50f6c472194c20859283f7b1750005 - 9c8b3d742ee842939fceb7b674e37050 9c8b3d742ee842939fceb7b674e37050] 10.0.20.26 "GET /v2.0/ports?device_id=b37bda17-dcff-446b-b40a-bfdbf0c0c76b HTTP/1.1" status: 200  len: 1124 time: 0.7875309
2018-09-28 16:48:47.059 30474 INFO neutron.wsgi [req-9dd2eaa1-bff4-423c-951c-5c7be7dd892c 6d876a38a52f4212b52fb4889ab3d189 7e50f6c472194c20859283f7b1750005 - 9c8b3d742ee842939fceb7b674e37050 9c8b3d742ee842939fceb7b674e37050] 10.0.20.26 "GET /v2.0/security-groups?id=139f1225-c5ff-4740-b7a3-31d0c0572e1f HTTP/1.1" status: 200  len: 2118 time: 0.0902052
2018-09-28 16:48:48.177 30494 DEBUG neutron.db.agents_db [req-5c82619e-2260-43a0-9613-b5725dcec4bb - - - - -] Agent healthcheck: found 5 active agents agent_health_check /usr/lib/python2.7/site-packages/neutron/db/agents_db.py:281
2018-09-28 16:48:55.186 30481 DEBUG neutron_lib.callbacks.manager [req-f8092488-5f13-4b98-a4bd-038a59fc864f - - - - -] Notify callbacks ['neutron.services.segments.db._update_segment_host_mapping_for_agent-8782510677162'] for agent, after_update _notify_loop /usr/lib/python2.7/site-packages/neutron_lib/callbacks/manager.py:167
2018-09-28 16:48:55.378 30480 DEBUG neutron_lib.callbacks.manager [req-36e02625-e4df-4248-9429-1724b0e1b9e8 - - - - -] Notify callbacks ['neutron.services.segments.db._update_segment_host_mapping_for_agent-8782510677162'] for agent, after_update _notify_loop /usr/lib/python2.7/site-packages/neutron_lib/callbacks/manager.py:167
2018-09-28 16:48:55.414 30485 DEBUG neutron_lib.callbacks.manager [req-0949b1db-e933-45d8-8c1f-b17aeecb7b9f - - - - -] Notify callbacks ['neutron.services.segments.db._update_segment_host_mapping_for_agent-8782510677162'] for agent, after_update _notify_loop /usr/lib/python2.7/site-packages/neutron_lib/callbacks/manager.py:167
2018-09-28 16:48:57.251 30491 DEBUG neutron_lib.callbacks.manager [req-55e2918d-324b-4822-ac75-023ac5ac03f7 - - - - -] Notify callbacks ['neutron.services.segments.db._update_segment_host_mapping_for_agent-8782510677162'] for agent, after_update _notify_loop /usr/lib/python2.7/site-packages/neutron_lib/callbacks/manager.py:167
2018-09-28 16:48:59.273 30489 DEBUG neutron_lib.callbacks.manager [req-d8508436-9e80-429a-8427-b3d15f38f9a9 - - - - -] Notify callbacks ['neutron.services.segments.db._update_segment_host_mapping_for_agent-8782510677162'] for agent, after_update _notify_loop /usr/lib/python2.7/site-packages/neutron_lib/callbacks/manager.py:167
2018-09-28 16:48:59.801 30474 INFO neutron.wsgi [req-ae78283b-5653-4844-bb07-45976cbd19e7 6d876a38a52f4212b52fb4889ab3d189 7e50f6c472194c20859283f7b1750005 - 9c8b3d742ee842939fceb7b674e37050 9c8b3d742ee842939fceb7b674e37050] 10.0.20.26 "GET /v2.0/ports?device_id=b37bda17-dcff-446b-b40a-bfdbf0c0c76b HTTP/1.1" status: 200  len: 1124 time: 1.0494950
2018-09-28 16:48:59.982 30474 INFO neutron.wsgi [req-a3304615-142b-4998-abee-71df63279176 6d876a38a52f4212b52fb4889ab3d189 7e50f6c472194c20859283f7b1750005 - 9c8b3d742ee842939fceb7b674e37050 9c8b3d742ee842939fceb7b674e37050] 10.0.20.26 "GET /v2.0/security-groups?id=139f1225-c5ff-4740-b7a3-31d0c0572e1f HTTP/1.1" status: 200  len: 2118 time: 0.1709950
2018-09-28 16:49:07.440 30476 INFO neutron.wsgi [req-aebee533-6028-4ee7-a1e5-16091cf8fc16 385405652b74463ca36119e213a84b2c e169fa6db0c147f283ae7c6a936117f3 - default default] 10.0.20.26 "GET /v2.0/ports?tenant_id=7e50f6c472194c20859283f7b1750005&device_id=b37bda17-dcff-446b-b40a-bfdbf0c0c76b HTTP/1.1" status: 200  len: 1124 time: 0.1466141
2018-09-28 16:49:07.650 30476 DEBUG neutron.pecan_wsgi.hooks.policy_enforcement [req-bc2d8821-57dc-43c6-bf52-ae9c7fee029a 385405652b74463ca36119e213a84b2c e169fa6db0c147f283ae7c6a936117f3 - default default] Attributes excluded by policy engine: [u'vlan_transparent'] _exclude_attributes_by_policy /usr/lib/python2.7/site-packages/neutron/pecan_wsgi/hooks/policy_enforcement.py:256
2018-09-28 16:49:07.652 30476 INFO neutron.wsgi [req-bc2d8821-57dc-43c6-bf52-ae9c7fee029a 385405652b74463ca36119e213a84b2c e169fa6db0c147f283ae7c6a936117f3 - default default] 10.0.20.26 "GET /v2.0/networks?id=338f7c6b-5b64-4710-94ca-e159f1c6fb64 HTTP/1.1" status: 200  len: 885 time: 0.2068770
2018-09-28 16:49:07.763 30476 INFO neutron.wsgi [req-9082583a-d14e-4fee-8451-496c4930dc15 385405652b74463ca36119e213a84b2c e169fa6db0c147f283ae7c6a936117f3 - default default] 10.0.20.26 "GET /v2.0/floatingips?fixed_ip_address=11.19.1.12&port_id=eaa7a7b2-e02a-4a11-a03e-90035b1a1198 HTTP/1.1" status: 200  len: 751 time: 0.1015689
2018-09-28 16:49:07.867 30476 DEBUG neutron.pecan_wsgi.hooks.policy_enforcement [req-3a8da4ce-13ab-4739-bcb7-8b21611cd404 385405652b74463ca36119e213a84b2c e169fa6db0c147f283ae7c6a936117f3 - default default] Attributes excluded by policy engine: [u'shared'] _exclude_attributes_by_policy /usr/lib/python2.7/site-packages/neutron/pecan_wsgi/hooks/policy_enforcement.py:256
2018-09-28 16:49:07.870 30476 INFO neutron.wsgi [req-3a8da4ce-13ab-4739-bcb7-8b21611cd404 385405652b74463ca36119e213a84b2c e169fa6db0c147f283ae7c6a936117f3 - default default] 10.0.20.26 "GET /v2.0/subnets?id=340e3b6c-73b8-45b1-8f6a-7961f66d8067 HTTP/1.1" status: 200  len: 843 time: 0.1016300
2018-09-28 16:49:07.978 30476 INFO neutron.wsgi [req-e33ffff9-2e02-4b71-85e2-6231da6c9dec 385405652b74463ca36119e213a84b2c e169fa6db0c147f283ae7c6a936117f3 - default default] 10.0.20.26 "GET /v2.0/ports?network_id=338f7c6b-5b64-4710-94ca-e159f1c6fb64&device_owner=network%3Adhcp HTTP/1.1" status: 200  len: 1127 time: 0.1020041
2018-09-28 16:49:16.630 30467 INFO neutron.wsgi [req-8d48484c-877d-4e6f-a61f-7b271955bc84 6d876a38a52f4212b52fb4889ab3d189 7e50f6c472194c20859283f7b1750005 - 9c8b3d742ee842939fceb7b674e37050 9c8b3d742ee842939fceb7b674e37050] 10.0.20.26 "GET /v2.0/ports?device_id=b37bda17-dcff-446b-b40a-bfdbf0c0c76b HTTP/1.1" status: 200  len: 1124 time: 0.7229092
2018-09-28 16:49:16.749 30467 INFO neutron.wsgi [req-7829205d-051f-4174-9051-9b0874624b29 6d876a38a52f4212b52fb4889ab3d189 7e50f6c472194c20859283f7b1750005 - 9c8b3d742ee842939fceb7b674e37050 9c8b3d742ee842939fceb7b674e37050] 10.0.20.26 "GET /v2.0/security-groups?id=139f1225-c5ff-4740-b7a3-31d0c0572e1f HTTP/1.1" status: 200  len: 2118 time: 0.1059380
2018-09-28 16:49:25.149 30479 DEBUG neutron_lib.callbacks.manager [req-5372b96d-951e-4836-aead-3cffdab25694 - - - - -] Notify callbacks ['neutron.services.segments.db._update_segment_host_mapping_for_agent-8782510677162'] for agent, after_update _notify_loop /usr/lib/python2.7/site-packages/neutron_lib/callbacks/manager.py:167
2018-09-28 16:49:25.168 30494 DEBUG neutron.db.agents_db [req-5c82619e-2260-43a0-9613-b5725dcec4bb - - - - -] Agent healthcheck: found 5 active agents agent_health_check /usr/lib/python2.7/site-packages/neutron/db/agents_db.py:281
2018-09-28 16:49:25.300 30492 DEBUG neutron_lib.callbacks.manager [req-0949b1db-e933-45d8-8c1f-b17aeecb7b9f - - - - -] Notify callbacks ['neutron.services.segments.db._update_segment_host_mapping_for_agent-8782510677162'] for agent, after_update _notify_loop /usr/lib/python2.7/site-packages/neutron_lib/callbacks/manager.py:167
2018-09-28 16:49:25.319 30483 DEBUG neutron_lib.callbacks.manager [req-36e02625-e4df-4248-9429-1724b0e1b9e8 - - - - -] Notify callbacks ['neutron.services.segments.db._update_segment_host_mapping_for_agent-8782510677162'] for agent, after_update _notify_loop /usr/lib/python2.7/site-packages/neutron_lib/callbacks/manager.py:167
2018-09-28 16:49:27.227 30487 DEBUG neutron_lib.callbacks.manager [req-7539add4-663d-4450-82fe-2c09ebe17f4e - - - - -] Notify callbacks ['neutron.services.segments.db._update_segment_host_mapping_for_agent-8782510677162'] for agent, after_update _notify_loop /usr/lib/python2.7/site-packages/neutron_lib/callbacks/manager.py:167
2018-09-28 16:49:29.307 30481 DEBUG neutron_lib.callbacks.manager [req-d8508436-9e80-429a-8427-b3d15f38f9a9 - - - - -] Notify callbacks ['neutron.services.segments.db._update_segment_host_mapping_for_agent-8782510677162'] for agent, after_update _notify_loop /usr/lib/python2.7/site-packages/neutron_lib/callbacks/manager.py:167
2018-09-28 16:49:29.690 30472 INFO neutron.wsgi [req-110f62fa-8eae-4f06-865e-4f76ef932c19 6d876a38a52f4212b52fb4889ab3d189 7e50f6c472194c20859283f7b1750005 - 9c8b3d742ee842939fceb7b674e37050 9c8b3d742ee842939fceb7b674e37050] 10.0.20.26 "GET /v2.0/ports?device_id=b37bda17-dcff-446b-b40a-bfdbf0c0c76b HTTP/1.1" status: 200  len: 1124 time: 0.6337600
2018-09-28 16:49:29.784 30472 INFO neutron.wsgi [req-d63a8926-979d-499a-b1dc-95f715e6ee2e 6d876a38a52f4212b52fb4889ab3d189 7e50f6c472194c20859283f7b1750005 - 9c8b3d742ee842939fceb7b674e37050 9c8b3d742ee842939fceb7b674e37050] 10.0.20.26 "GET /v2.0/security-groups?id=139f1225-c5ff-4740-b7a3-31d0c0572e1f HTTP/1.1" status: 200  len: 2118 time: 0.0871351
2018-09-28 16:49:30.855 30476 INFO neutron.wsgi [req-344738bb-64ad-476b-bb69-87dd410aad5a 385405652b74463ca36119e213a84b2c e169fa6db0c147f283ae7c6a936117f3 - default default] 10.0.20.26 "GET /v2.0/ports?tenant_id=7e50f6c472194c20859283f7b1750005&device_id=b37bda17-dcff-446b-b40a-bfdbf0c0c76b HTTP/1.1" status: 200  len: 1124 time: 0.1724229
2018-09-28 16:49:31.436 30476 DEBUG neutron.pecan_wsgi.hooks.policy_enforcement [req-a743e7b7-2c85-4b33-b003-9abd575315d1 385405652b74463ca36119e213a84b2c e169fa6db0c147f283ae7c6a936117f3 - default default] Attributes excluded by policy engine: [u'vlan_transparent'] _exclude_attributes_by_policy /usr/lib/python2.7/site-packages/neutron/pecan_wsgi/hooks/policy_enforcement.py:256
2018-09-28 16:49:31.438 30476 INFO neutron.wsgi [req-a743e7b7-2c85-4b33-b003-9abd575315d1 385405652b74463ca36119e213a84b2c e169fa6db0c147f283ae7c6a936117f3 - default default] 10.0.20.26 "GET /v2.0/networks?id=338f7c6b-5b64-4710-94ca-e159f1c6fb64 HTTP/1.1" status: 200  len: 885 time: 0.5762072
2018-09-28 16:49:31.500 30476 INFO neutron.wsgi [req-949214c4-9d0e-4eb0-bf69-bb18d900cd5c 385405652b74463ca36119e213a84b2c e169fa6db0c147f283ae7c6a936117f3 - default default] 10.0.20.26 "GET /v2.0/floatingips?fixed_ip_address=11.19.1.12&port_id=eaa7a7b2-e02a-4a11-a03e-90035b1a1198 HTTP/1.1" status: 200  len: 751 time: 0.0554249
2018-09-28 16:49:31.696 30476 DEBUG neutron.pecan_wsgi.hooks.policy_enforcement [req-15763169-1ba2-4b96-b9f0-89fd9f2386b5 385405652b74463ca36119e213a84b2c e169fa6db0c147f283ae7c6a936117f3 - default default] Attributes excluded by policy engine: [u'shared'] _exclude_attributes_by_policy /usr/lib/python2.7/site-packages/neutron/pecan_wsgi/hooks/policy_enforcement.py:256
2018-09-28 16:49:31.701 30476 INFO neutron.wsgi [req-15763169-1ba2-4b96-b9f0-89fd9f2386b5 385405652b74463ca36119e213a84b2c e169fa6db0c147f283ae7c6a936117f3 - default default] 10.0.20.26 "GET /v2.0/subnets?id=340e3b6c-73b8-45b1-8f6a-7961f66d8067 HTTP/1.1" status: 200  len: 843 time: 0.1891530
2018-09-28 16:49:31.842 30476 INFO neutron.wsgi [req-441c6521-eba0-4d60-8e40-342f5e5651b0 385405652b74463ca36119e213a84b2c e169fa6db0c147f283ae7c6a936117f3 - default default] 10.0.20.26 "GET /v2.0/ports?network_id=338f7c6b-5b64-4710-94ca-e159f1c6fb64&device_owner=network%3Adhcp HTTP/1.1" status: 200  len: 1127 time: 0.1324801
2018-09-28 16:49:36.515 30489 DEBUG neutron.plugins.ml2.rpc [req-d8508436-9e80-429a-8427-b3d15f38f9a9 - - - - -] Device eaa7a7b2-e02a-4a11-a03e-90035b1a1198 no longer exists at agent ovs-agent-localhost.localdomain update_device_down /usr/lib/python2.7/site-packages/neutron/plugins/ml2/rpc.py:213
2018-09-28 16:49:36.817 30489 DEBUG neutron_lib.callbacks.manager [req-d8508436-9e80-429a-8427-b3d15f38f9a9 - - - - -] Notify callbacks ['neutron.plugins.ml2.plugin.Ml2Plugin._ensure_default_security_group_handler-704563'] for port, before_update _notify_loop /usr/lib/python2.7/site-packages/neutron_lib/callbacks/manager.py:167
2018-09-28 16:49:37.034 30489 DEBUG oslo_concurrency.lockutils [-] Lock "notifier-1cd8e9f3-fd6f-44cc-92a7-33f38f766f03" acquired by "neutron.notifiers.batch_notifier.synced_send" :: waited 0.000s inner /usr/lib/python2.7/site-packages/oslo_concurrency/lockutils.py:270
2018-09-28 16:49:37.035 30489 DEBUG neutron.notifiers.nova [-] Sending events: [{'status': 'completed', 'tag': u'eaa7a7b2-e02a-4a11-a03e-90035b1a1198', 'name': 'network-vif-unplugged', 'server_uuid': u'b37bda17-dcff-446b-b40a-bfdbf0c0c76b'}] send_events /usr/lib/python2.7/site-packages/neutron/notifiers/nova.py:242
2018-09-28 16:49:37.048 30489 DEBUG neutron.plugins.ml2.db [req-d8508436-9e80-429a-8427-b3d15f38f9a9 - - - - -] For port eaa7a7b2-e02a-4a11-a03e-90035b1a1198, host localhost.localdomain, got binding levels [<neutron.plugins.ml2.models.PortBindingLevel[object at 7fcd65baba50] {port_id=u'eaa7a7b2-e02a-4a11-a03e-90035b1a1198', host=u'localhost.localdomain', level=0, driver=u'openvswitch', segment_id=u'97a4930d-a006-4682-aaeb-339b32d5a3cb'}>] get_binding_levels /usr/lib/python2.7/site-packages/neutron/plugins/ml2/db.py:106
2018-09-28 16:49:37.055 30489 DEBUG neutron_lib.callbacks.manager [req-d8508436-9e80-429a-8427-b3d15f38f9a9 - - - - -] Notify callbacks ['neutron.plugins.ml2.ovo_rpc._ObjectChangeHandler.handle_event--9223372036853091366', 'neutron.db.l3_hascheduler_db._notify_l3_agent_ha_port_update--9223363254344434375', 'neutron.db.l3_dvrscheduler_db._notify_l3_agent_port_update-8782510314726', 'neutron.plugins.ml2.plugin.Ml2Plugin.notify_sg_on_port_change-707732', 'neutron.api.rpc.agentnotifiers.dhcp_rpc_agent_api.DhcpAgentNotifyAPI._native_event_send_dhcp_notification-1734742'] for port, after_update _notify_loop /usr/lib/python2.7/site-packages/neutron_lib/callbacks/manager.py:167
2018-09-28 16:49:37.111 30489 DEBUG oslo_concurrency.lockutils [-] Lock "event-dispatch" acquired by "neutron.plugins.ml2.ovo_rpc.dispatch_events" :: waited 0.000s inner /usr/lib/python2.7/site-packages/oslo_concurrency/lockutils.py:270
2018-09-28 16:49:37.305 30489 DEBUG neutron.api.rpc.handlers.resources_rpc [req-d8508436-9e80-429a-8427-b3d15f38f9a9 - - - - -] neutron.api.rpc.handlers.resources_rpc.ResourcesPushRpcApi method push called with arguments (<neutron_lib.context.Context object at 0x7fcd65cb1050>, [Port(admin_state_up=True,allowed_address_pairs=[],binding=PortBinding,binding_levels=[PortBindingLevel],created_at=2018-09-28T20:43:40Z,data_plane_status=<?>,description='',device_id='b37bda17-dcff-446b-b40a-bfdbf0c0c76b',device_owner='compute:nova',dhcp_options=[],distributed_binding=None,dns=None,fixed_ips=[IPAllocation],id=eaa7a7b2-e02a-4a11-a03e-90035b1a1198,mac_address=fa:16:3e:85:fb:62,name='',network_id=338f7c6b-5b64-4710-94ca-e159f1c6fb64,project_id='7e50f6c472194c20859283f7b1750005',qos_policy_id=None,revision_number=7,security=PortSecurity(eaa7a7b2-e02a-4a11-a03e-90035b1a1198),security_group_ids=set([139f1225-c5ff-4740-b7a3-31d0c0572e1f]),status='DOWN',updated_at=2018-09-28T20:49:36Z)], 'updated') {} wrapper /usr/lib/python2.7/site-packages/oslo_log/helpers.py:66
2018-09-28 16:49:37.336 30489 DEBUG neutron.api.rpc.callbacks.version_manager [req-d8508436-9e80-429a-8427-b3d15f38f9a9 - - - - -] Version for resource type Subnet changed None to 1.0 on consumer Open vSwitch agent@localhost.localdomain _set_version /usr/lib/python2.7/site-packages/neutron/api/rpc/callbacks/version_manager.py:119
2018-09-28 16:49:37.337 30489 DEBUG neutron.api.rpc.callbacks.version_manager [req-d8508436-9e80-429a-8427-b3d15f38f9a9 - - - - -] Version for resource type Network changed None to 1.0 on consumer Open vSwitch agent@localhost.localdomain _set_version /usr/lib/python2.7/site-packages/neutron/api/rpc/callbacks/version_manager.py:119
2018-09-28 16:49:37.338 30489 DEBUG neutron.api.rpc.callbacks.version_manager [req-d8508436-9e80-429a-8427-b3d15f38f9a9 - - - - -] Version for resource type SubPort changed None to 1.0 on consumer Open vSwitch agent@localhost.localdomain _set_version /usr/lib/python2.7/site-packages/neutron/api/rpc/callbacks/version_manager.py:119
2018-09-28 16:49:37.339 30489 DEBUG neutron.api.rpc.callbacks.version_manager [req-d8508436-9e80-429a-8427-b3d15f38f9a9 - - - - -] Version for resource type SecurityGroup changed None to 1.0 on consumer Open vSwitch agent@localhost.localdomain _set_version /usr/lib/python2.7/site-packages/neutron/api/rpc/callbacks/version_manager.py:119
2018-09-28 16:49:37.340 30489 DEBUG neutron.api.rpc.callbacks.version_manager [req-d8508436-9e80-429a-8427-b3d15f38f9a9 - - - - -] Version for resource type SecurityGroupRule changed None to 1.0 on consumer Open vSwitch agent@localhost.localdomain _set_version /usr/lib/python2.7/site-packages/neutron/api/rpc/callbacks/version_manager.py:119
2018-09-28 16:49:37.342 30489 DEBUG neutron.api.rpc.callbacks.version_manager [req-d8508436-9e80-429a-8427-b3d15f38f9a9 - - - - -] Version for resource type Trunk changed None to 1.1 on consumer Open vSwitch agent@localhost.localdomain _set_version /usr/lib/python2.7/site-packages/neutron/api/rpc/callbacks/version_manager.py:119
2018-09-28 16:49:37.343 30489 DEBUG neutron.api.rpc.callbacks.version_manager [req-d8508436-9e80-429a-8427-b3d15f38f9a9 - - - - -] Version for resource type QosPolicy changed None to 1.6 on consumer Open vSwitch agent@localhost.localdomain _set_version /usr/lib/python2.7/site-packages/neutron/api/rpc/callbacks/version_manager.py:119
2018-09-28 16:49:37.344 30489 DEBUG neutron.api.rpc.callbacks.version_manager [req-d8508436-9e80-429a-8427-b3d15f38f9a9 - - - - -] Version for resource type Port changed None to 1.1 on consumer Open vSwitch agent@localhost.localdomain _set_version /usr/lib/python2.7/site-packages/neutron/api/rpc/callbacks/version_manager.py:119
2018-09-28 16:49:37.345 30489 DEBUG neutron.api.rpc.callbacks.version_manager [req-d8508436-9e80-429a-8427-b3d15f38f9a9 - - - - -] Version for resource type Log changed None to 1.0 on consumer Open vSwitch agent@localhost.localdomain _set_version /usr/lib/python2.7/site-packages/neutron/api/rpc/callbacks/version_manager.py:119
2018-09-28 16:49:37.383 30489 DEBUG oslo_concurrency.lockutils [req-d8508436-9e80-429a-8427-b3d15f38f9a9 - - - - -] Lock "event-dispatch" released by "neutron.plugins.ml2.ovo_rpc.dispatch_events" :: held 0.271s inner /usr/lib/python2.7/site-packages/oslo_concurrency/lockutils.py:282
2018-09-28 16:49:38.201 30489 DEBUG novaclient.v2.client [-] REQ: curl -g -i -X POST http://10.0.20.26:8774/v2.1/e169fa6db0c147f283ae7c6a936117f3/os-server-external-events -H "User-Agent: python-novaclient" -H "Content-Type: application/json" -H "Accept: application/json" -H "X-OpenStack-Nova-API-Version: 2.1" -H "X-Auth-Token: {SHA1}9299dd7552194e603a0d27b627d67750e939be40" -d '{"events": [{"status": "completed", "tag": "eaa7a7b2-e02a-4a11-a03e-90035b1a1198", "name": "network-vif-unplugged", "server_uuid": "b37bda17-dcff-446b-b40a-bfdbf0c0c76b"}]}' _http_log_request /usr/lib/python2.7/site-packages/keystoneauth1/session.py:375
2018-09-28 16:49:38.570 30467 INFO neutron.wsgi [req-13f98728-3505-4ae3-8ce8-03bed6333085 6d876a38a52f4212b52fb4889ab3d189 7e50f6c472194c20859283f7b1750005 - 9c8b3d742ee842939fceb7b674e37050 9c8b3d742ee842939fceb7b674e37050] 10.0.20.26 "GET /v2.0/ports?device_id=b37bda17-dcff-446b-b40a-bfdbf0c0c76b HTTP/1.1" status: 200  len: 1122 time: 0.7514160
2018-09-28 16:49:38.757 30467 INFO neutron.wsgi [req-bd1929da-2e53-40d2-a356-81944be1e28c 6d876a38a52f4212b52fb4889ab3d189 7e50f6c472194c20859283f7b1750005 - 9c8b3d742ee842939fceb7b674e37050 9c8b3d742ee842939fceb7b674e37050] 10.0.20.26 "GET /v2.0/security-groups?id=139f1225-c5ff-4740-b7a3-31d0c0572e1f HTTP/1.1" status: 200  len: 2118 time: 0.1792891
2018-09-28 16:49:39.090 30489 DEBUG novaclient.v2.client [-] RESP: [200] Content-Length: 185 Content-Type: application/json Openstack-Api-Version: compute 2.1 X-Openstack-Nova-Api-Version: 2.1 Vary: OpenStack-API-Version, X-OpenStack-Nova-API-Version X-Openstack-Request-Id: req-b78d508c-b0ec-4fa3-a614-88d4f307a421 X-Compute-Request-Id: req-b78d508c-b0ec-4fa3-a614-88d4f307a421 Date: Fri, 28 Sep 2018 20:49:39 GMT Connection: keep-alive 
RESP BODY: {"events": [{"status": "completed", "tag": "eaa7a7b2-e02a-4a11-a03e-90035b1a1198", "name": "network-vif-unplugged", "server_uuid": "b37bda17-dcff-446b-b40a-bfdbf0c0c76b", "code": 200}]}
 _http_log_response /usr/lib/python2.7/site-packages/keystoneauth1/session.py:423
2018-09-28 16:49:39.091 30489 DEBUG novaclient.v2.client [-] POST call to compute for http://10.0.20.26:8774/v2.1/e169fa6db0c147f283ae7c6a936117f3/os-server-external-events used request id req-b78d508c-b0ec-4fa3-a614-88d4f307a421 request /usr/lib/python2.7/site-packages/keystoneauth1/session.py:727
2018-09-28 16:49:39.101 30489 INFO neutron.notifiers.nova [-] Nova event response: {u'status': u'completed', u'tag': u'eaa7a7b2-e02a-4a11-a03e-90035b1a1198', u'name': u'network-vif-unplugged', u'server_uuid': u'b37bda17-dcff-446b-b40a-bfdbf0c0c76b', u'code': 200}
2018-09-28 16:49:41.103 30489 DEBUG oslo_concurrency.lockutils [-] Lock "notifier-1cd8e9f3-fd6f-44cc-92a7-33f38f766f03" released by "neutron.notifiers.batch_notifier.synced_send" :: held 4.069s inner /usr/lib/python2.7/site-packages/oslo_concurrency/lockutils.py:282
2018-09-28 16:49:43.463 30479 DEBUG neutron.plugins.ml2.rpc [req-d8508436-9e80-429a-8427-b3d15f38f9a9 - - - - -] Device eaa7a7b2-e02a-4a11-a03e-90035b1a1198 up at agent ovs-agent-localhost.localdomain update_device_up /usr/lib/python2.7/site-packages/neutron/plugins/ml2/rpc.py:244
2018-09-28 16:49:45.067 30479 DEBUG neutron.db.provisioning_blocks [req-d8508436-9e80-429a-8427-b3d15f38f9a9 - - - - -] Provisioning complete for port eaa7a7b2-e02a-4a11-a03e-90035b1a1198 triggered by entity L2. provisioning_complete /usr/lib/python2.7/site-packages/neutron/db/provisioning_blocks.py:138
2018-09-28 16:49:45.069 30479 DEBUG neutron_lib.callbacks.manager [req-d8508436-9e80-429a-8427-b3d15f38f9a9 - - - - -] Notify callbacks ['neutron.plugins.ml2.plugin.Ml2Plugin._port_provisioned--9223372036853334804'] for port, provisioning_complete _notify_loop /usr/lib/python2.7/site-packages/neutron_lib/callbacks/manager.py:167
2018-09-28 16:49:45.289 30479 DEBUG neutron_lib.callbacks.manager [req-d8508436-9e80-429a-8427-b3d15f38f9a9 - - - - -] Notify callbacks ['neutron.plugins.ml2.plugin.Ml2Plugin._ensure_default_security_group_handler-704563'] for port, before_update _notify_loop /usr/lib/python2.7/site-packages/neutron_lib/callbacks/manager.py:167
2018-09-28 16:49:45.383 30479 DEBUG oslo_concurrency.lockutils [-] Lock "notifier-1cd8e9f3-fd6f-44cc-92a7-33f38f766f03" acquired by "neutron.notifiers.batch_notifier.synced_send" :: waited 0.000s inner /usr/lib/python2.7/site-packages/oslo_concurrency/lockutils.py:270
2018-09-28 16:49:45.384 30479 DEBUG neutron.notifiers.nova [-] Sending events: [{'status': 'completed', 'tag': u'eaa7a7b2-e02a-4a11-a03e-90035b1a1198', 'name': 'network-vif-plugged', 'server_uuid': u'b37bda17-dcff-446b-b40a-bfdbf0c0c76b'}] send_events /usr/lib/python2.7/site-packages/neutron/notifiers/nova.py:242
2018-09-28 16:49:45.401 30479 DEBUG neutron.plugins.ml2.db [req-d8508436-9e80-429a-8427-b3d15f38f9a9 - - - - -] For port eaa7a7b2-e02a-4a11-a03e-90035b1a1198, host localhost.localdomain, got binding levels [<neutron.plugins.ml2.models.PortBindingLevel[object at 7fcd65ab38d0] {port_id=u'eaa7a7b2-e02a-4a11-a03e-90035b1a1198', host=u'localhost.localdomain', level=0, driver=u'openvswitch', segment_id=u'97a4930d-a006-4682-aaeb-339b32d5a3cb'}>] get_binding_levels /usr/lib/python2.7/site-packages/neutron/plugins/ml2/db.py:106
2018-09-28 16:49:45.424 30479 DEBUG neutron_lib.callbacks.manager [req-d8508436-9e80-429a-8427-b3d15f38f9a9 - - - - -] Notify callbacks ['neutron.plugins.ml2.ovo_rpc._ObjectChangeHandler.handle_event--9223372036853091366', 'neutron.db.l3_hascheduler_db._notify_l3_agent_ha_port_update--9223363254344434375', 'neutron.db.l3_dvrscheduler_db._notify_l3_agent_port_update-8782510314726', 'neutron.plugins.ml2.plugin.Ml2Plugin.notify_sg_on_port_change-707732', 'neutron.api.rpc.agentnotifiers.dhcp_rpc_agent_api.DhcpAgentNotifyAPI._native_event_send_dhcp_notification-1734742'] for port, after_update _notify_loop /usr/lib/python2.7/site-packages/neutron_lib/callbacks/manager.py:167
2018-09-28 16:49:46.221 30479 DEBUG oslo_concurrency.lockutils [-] Lock "event-dispatch" acquired by "neutron.plugins.ml2.ovo_rpc.dispatch_events" :: waited 0.000s inner /usr/lib/python2.7/site-packages/oslo_concurrency/lockutils.py:270
2018-09-28 16:49:46.351 30479 DEBUG neutron.api.rpc.handlers.resources_rpc [req-d8508436-9e80-429a-8427-b3d15f38f9a9 - - - - -] neutron.api.rpc.handlers.resources_rpc.ResourcesPushRpcApi method push called with arguments (<neutron_lib.context.Context object at 0x7fcd662104d0>, [Port(admin_state_up=True,allowed_address_pairs=[],binding=PortBinding,binding_levels=[PortBindingLevel],created_at=2018-09-28T20:43:40Z,data_plane_status=<?>,description='',device_id='b37bda17-dcff-446b-b40a-bfdbf0c0c76b',device_owner='compute:nova',dhcp_options=[],distributed_binding=None,dns=None,fixed_ips=[IPAllocation],id=eaa7a7b2-e02a-4a11-a03e-90035b1a1198,mac_address=fa:16:3e:85:fb:62,name='',network_id=338f7c6b-5b64-4710-94ca-e159f1c6fb64,project_id='7e50f6c472194c20859283f7b1750005',qos_policy_id=None,revision_number=8,security=PortSecurity(eaa7a7b2-e02a-4a11-a03e-90035b1a1198),security_group_ids=set([139f1225-c5ff-4740-b7a3-31d0c0572e1f]),status='ACTIVE',updated_at=2018-09-28T20:49:45Z)], 'updated') {} wrapper /usr/lib/python2.7/site-packages/oslo_log/helpers.py:66
2018-09-28 16:49:46.367 30479 DEBUG neutron.api.rpc.callbacks.version_manager [req-d8508436-9e80-429a-8427-b3d15f38f9a9 - - - - -] Version for resource type Subnet changed None to 1.0 on consumer Open vSwitch agent@localhost.localdomain _set_version /usr/lib/python2.7/site-packages/neutron/api/rpc/callbacks/version_manager.py:119
2018-09-28 16:49:46.369 30479 DEBUG neutron.api.rpc.callbacks.version_manager [req-d8508436-9e80-429a-8427-b3d15f38f9a9 - - - - -] Version for resource type Network changed None to 1.0 on consumer Open vSwitch agent@localhost.localdomain _set_version /usr/lib/python2.7/site-packages/neutron/api/rpc/callbacks/version_manager.py:119
2018-09-28 16:49:46.369 30479 DEBUG neutron.api.rpc.callbacks.version_manager [req-d8508436-9e80-429a-8427-b3d15f38f9a9 - - - - -] Version for resource type SubPort changed None to 1.0 on consumer Open vSwitch agent@localhost.localdomain _set_version /usr/lib/python2.7/site-packages/neutron/api/rpc/callbacks/version_manager.py:119
2018-09-28 16:49:46.370 30479 DEBUG neutron.api.rpc.callbacks.version_manager [req-d8508436-9e80-429a-8427-b3d15f38f9a9 - - - - -] Version for resource type SecurityGroup changed None to 1.0 on consumer Open vSwitch agent@localhost.localdomain _set_version /usr/lib/python2.7/site-packages/neutron/api/rpc/callbacks/version_manager.py:119
2018-09-28 16:49:46.371 30479 DEBUG neutron.api.rpc.callbacks.version_manager [req-d8508436-9e80-429a-8427-b3d15f38f9a9 - - - - -] Version for resource type SecurityGroupRule changed None to 1.0 on consumer Open vSwitch agent@localhost.localdomain _set_version /usr/lib/python2.7/site-packages/neutron/api/rpc/callbacks/version_manager.py:119
2018-09-28 16:49:46.371 30479 DEBUG neutron.api.rpc.callbacks.version_manager [req-d8508436-9e80-429a-8427-b3d15f38f9a9 - - - - -] Version for resource type Trunk changed None to 1.1 on consumer Open vSwitch agent@localhost.localdomain _set_version /usr/lib/python2.7/site-packages/neutron/api/rpc/callbacks/version_manager.py:119
2018-09-28 16:49:46.372 30479 DEBUG neutron.api.rpc.callbacks.version_manager [req-d8508436-9e80-429a-8427-b3d15f38f9a9 - - - - -] Version for resource type QosPolicy changed None to 1.6 on consumer Open vSwitch agent@localhost.localdomain _set_version /usr/lib/python2.7/site-packages/neutron/api/rpc/callbacks/version_manager.py:119
2018-09-28 16:49:46.373 30479 DEBUG neutron.api.rpc.callbacks.version_manager [req-d8508436-9e80-429a-8427-b3d15f38f9a9 - - - - -] Version for resource type Port changed None to 1.1 on consumer Open vSwitch agent@localhost.localdomain _set_version /usr/lib/python2.7/site-packages/neutron/api/rpc/callbacks/version_manager.py:119
2018-09-28 16:49:46.373 30479 DEBUG neutron.api.rpc.callbacks.version_manager [req-d8508436-9e80-429a-8427-b3d15f38f9a9 - - - - -] Version for resource type Log changed None to 1.0 on consumer Open vSwitch agent@localhost.localdomain _set_version /usr/lib/python2.7/site-packages/neutron/api/rpc/callbacks/version_manager.py:119
2018-09-28 16:49:46.376 30479 DEBUG neutron.api.rpc.callbacks.version_manager [req-d8508436-9e80-429a-8427-b3d15f38f9a9 - - - - -] Tracked resource versions report:
pushed versions:
{   'Log': set(['1.0']),
    'Network': set(['1.0']),
    'Port': set(['1.1']),
    'QosPolicy': set(['1.6']),
    'SecurityGroup': set(['1.0']),
    'SecurityGroupRule': set(['1.0']),
    'SubPort': set(['1.0']),
    'Subnet': set(['1.0']),
    'Trunk': set(['1.1'])}

consumer versions:
