2018-09-13 18:36:30.688 6293 DEBUG neutron_lib.callbacks.manager [req-9c687356-6451-4902-bbe2-b05492bc6cdb a0b552386d1c4b219c57cccb72b5015a 5e825804c2ec4547ab70bddc19ca0f9c - 1636cd8e3ffc40829020c3055201728a 1636cd8e3ffc40829020c3055201728a] Notify callbacks ['neutron.notifiers.nova.Notifier._send_nova_notification-3047'] for floatingip, before_response _notify_loop /usr/lib/python2.7/site-packages/neutron_lib/callbacks/manager.py:167
2018-09-13 18:36:30.695 6304 DEBUG neutron.db.l3_hamode_db [req-3b7eb58f-59e4-4bb4-9806-1ddb4bac69cf - - - - -] neutron.services.l3_router.l3_router_plugin.L3RouterPlugin method get_ha_sync_data_for_host called with arguments (<neutron_lib.context.Context object at 0x7feaf1cedf50>, u'localhost.localdomain', <neutron.db.models.agent.Agent[object at 7feaf19c8410] {id=u'3a7d0172-8068-4b92-83e9-dfd9fc41c250', agent_type=u'L3 agent', binary=u'neutron-l3-agent', topic=u'l3_agent', host=u'localhost.localdomain', availability_zone=u'nova', admin_state_up=True, created_at=datetime.datetime(2018, 9, 12, 22, 24), started_at=datetime.datetime(2018, 9, 13, 22, 25, 36), heartbeat_timestamp=datetime.datetime(2018, 9, 13, 22, 36, 6), description=None, configurations=u'{"agent_mode": "legacy", "gateway_external_network_id": "", "handle_internal_only_routers": true, "routers": 2, "interfaces": 2, "floating_ips": 0, "interface_driver": "neutron.agent.linux.interface.OVSInterfaceDriver", "log_agent_heartbeats": false, "external_network_bridge": "", "ex_gw_ports": 2}', resource_versions=None, load=0}>) {'active': True, 'router_ids': ['7ad91f57-e372-4e77-a3e8-ab945630e3dd']} wrapper /usr/lib/python2.7/site-packages/oslo_log/helpers.py:66
2018-09-13 18:36:30.767 6293 INFO neutron.wsgi [req-9c687356-6451-4902-bbe2-b05492bc6cdb a0b552386d1c4b219c57cccb72b5015a 5e825804c2ec4547ab70bddc19ca0f9c - 1636cd8e3ffc40829020c3055201728a 1636cd8e3ffc40829020c3055201728a] 10.0.20.23 "PUT /v2.0/floatingips/ccee3c38-569b-4043-bb1f-955c6b1ebbce HTTP/1.1" status: 200  len: 746 time: 1.4955330
2018-09-13 18:36:30.768 6293 DEBUG oslo_concurrency.lockutils [-] Lock "notifier-9fc4ec21-6f51-4c8d-9a0d-ba86fb34fa28" acquired by "neutron.notifiers.batch_notifier.synced_send" :: waited 0.000s inner /usr/lib/python2.7/site-packages/oslo_concurrency/lockutils.py:270
2018-09-13 18:36:30.768 6293 DEBUG neutron.notifiers.nova [-] Sending events: [{'tag': u'29bf4f50-fd80-4233-9cf8-006d61dd50ab', 'name': 'network-changed', 'server_uuid': u'b2351cb9-be86-484e-befa-5ebff8ac0d10'}] send_events /usr/lib/python2.7/site-packages/neutron/notifiers/nova.py:242
2018-09-13 18:36:31.371 6304 DEBUG neutron.db.l3_hamode_db [req-3b7eb58f-59e4-4bb4-9806-1ddb4bac69cf - - - - -] neutron.services.l3_router.l3_router_plugin.L3RouterPlugin method _process_sync_ha_data called with arguments (<neutron_lib.context.Context object at 0x7feaf1cedf50>, [{'status': u'ACTIVE', '_interfaces': [{'status': u'ACTIVE', 'subnets': [{'dns_nameservers': [u'8.8.4.4'], 'ipv6_ra_mode': None, 'gateway_ip': u'11.248.1.1', 'cidr': u'11.248.1.0/24', 'id': u'2ef8fcf1-f465-4aaa-bab4-e926f88d5b85', 'subnetpool_id': None}], 'binding:host_id': u'localhost.localdomain', 'description': u'', 'allowed_address_pairs': [], 'tags': [], 'extra_dhcp_opts': [], 'updated_at': '2018-09-13T22:35:02Z', 'device_owner': u'network:router_interface', 'revision_number': 7, 'port_security_enabled': False, 'binding:profile': {}, 'mtu': 1450, 'fixed_ips': [{'subnet_id': u'2ef8fcf1-f465-4aaa-bab4-e926f88d5b85', 'prefixlen': 24, 'ip_address': u'11.248.1.1'}], 'id': u'9f63fed5-db1b-4bfa-91db-29a4676f2385', 'security_groups': [], 'device_id': u'7ad91f57-e372-4e77-a3e8-ab945630e3dd', 'name': u'', 'admin_state_up': True, 'network_id': u'ed7a0056-6946-4a4f-b7c6-043750a833cb', 'tenant_id': u'5e825804c2ec4547ab70bddc19ca0f9c', 'binding:vif_details': {u'port_filter': True, u'datapath_type': u'system', u'ovs_hybrid_plug': True}, 'address_scopes': {4: None, 6: None}, 'binding:vnic_type': u'normal', 'binding:vif_type': u'ovs', 'mac_address': u'fa:16:3e:d0:77:2b', 'project_id': u'5e825804c2ec4547ab70bddc19ca0f9c', 'extra_subnets': [], 'created_at': '2018-09-13T22:34:54Z'}], 'enable_snat': True, 'ha_vr_id': 0, 'description': u'', 'tags': [], 'gw_port': {'status': u'ACTIVE', 'subnets': [{'dns_nameservers': [], 'ipv6_ra_mode': None, 'gateway_ip': u'172.24.4.1', 'cidr': u'172.24.4.0/24', 'id': u'997c6fe9-dc25-4cff-8564-acd631d97bd5', 'subnetpool_id': None}], 'binding:host_id': u'localhost.localdomain', 'description': u'', 'allowed_address_pairs': [], 'tags': [], 'extra_dhcp_opts': [], 'updated_at': '2018-09-13T22:35:14Z', 'device_owner': u'network:router_gateway', 'revision_number': 6, 'port_security_enabled': False, 'binding:profile': {}, 'mtu': 1500, 'fixed_ips': [{'subnet_id': u'997c6fe9-dc25-4cff-8564-acd631d97bd5', 'prefixlen': 24, 'ip_address': u'172.24.4.7'}], 'id': u'78cf206d-f61e-4601-9d7a-a017466a0628', 'security_groups': [], 'device_id': u'7ad91f57-e372-4e77-a3e8-ab945630e3dd', 'name': u'', 'admin_state_up': True, 'network_id': u'990b4ddf-dd04-44e0-920c-02fce451b987', 'tenant_id': u'', 'binding:vif_details': {u'port_filter': True, u'datapath_type': u'system', u'ovs_hybrid_plug': True}, 'address_scopes': {4: None, 6: None}, 'binding:vnic_type': u'normal', 'binding:vif_type': u'ovs', 'mac_address': u'fa:16:3e:8f:58:78', 'project_id': u'', 'extra_subnets': [], 'created_at': '2018-09-13T22:35:07Z'}, 'updated_at': '2018-09-13T22:35:08Z', 'revision_number': 3, 'ha': False, 'id': u'7ad91f57-e372-4e77-a3e8-ab945630e3dd', 'gw_port_host': u'localhost.localdomain', 'external_gateway_info': {'network_id': u'990b4ddf-dd04-44e0-920c-02fce451b987', 'enable_snat': True, 'external_fixed_ips': [{'subnet_id': u'997c6fe9-dc25-4cff-8564-acd631d97bd5', 'ip_address': u'172.24.4.7'}]}, 'availability_zone_hints': [], 'availability_zones': [u'nova'], 'name': u'tempest-router-1536877914', 'gw_port_id': u'78cf206d-f61e-4601-9d7a-a017466a0628', 'admin_state_up': True, 'tenant_id': u'5e825804c2ec4547ab70bddc19ca0f9c', 'created_at': '2018-09-13T22:34:33Z', 'distributed': False, 'flavor_id': None, 'routes': [], 'project_id': u'5e825804c2ec4547ab70bddc19ca0f9c', '_floatingips': [{'router_id': u'7ad91f57-e372-4e77-a3e8-ab945630e3dd', 'status': u'DOWN', 'description': u'', 'tags': [], 'updated_at': '2018-09-13T22:36:29Z', 'dns_domain': '', 'floating_network_id': u'990b4ddf-dd04-44e0-920c-02fce451b987', 'fixed_ip_address': u'11.248.1.9', 'floating_ip_address': u'172.24.4.14', 'revision_number': 1, 'port_id': u'29bf4f50-fd80-4233-9cf8-006d61dd50ab', 'id': u'ccee3c38-569b-4043-bb1f-955c6b1ebbce', 'dns_name': '', 'created_at': '2018-09-13T22:36:16Z', 'tenant_id': u'5e825804c2ec4547ab70bddc19ca0f9c', 'fixed_ip_address_scope': None, 'project_id': u'5e825804c2ec4547ab70bddc19ca0f9c'}]}], u'localhost.localdomain', False) {} wrapper /usr/lib/python2.7/site-packages/oslo_log/helpers.py:66
2018-09-13 18:36:31.385 6304 DEBUG neutron.api.rpc.handlers.l3_rpc [req-3b7eb58f-59e4-4bb4-9806-1ddb4bac69cf - - - - -] Checking router: 7ad91f57-e372-4e77-a3e8-ab945630e3dd for host: localhost.localdomain _ensure_host_set_on_ports /usr/lib/python2.7/site-packages/neutron/api/rpc/handlers/l3_rpc.py:135
2018-09-13 18:36:31.714 6293 DEBUG novaclient.v2.client [-] REQ: curl -g -i -X POST http://10.0.20.23:8774/v2.1/368f193974e14846a186e2cbdb34d110/os-server-external-events -H "User-Agent: python-novaclient" -H "Content-Type: application/json" -H "Accept: application/json" -H "X-OpenStack-Nova-API-Version: 2.1" -H "X-Auth-Token: {SHA1}ae3ed06a2933e2b76d624b278d851a73cd34d8a3" -d '{"events": [{"tag": "29bf4f50-fd80-4233-9cf8-006d61dd50ab", "name": "network-changed", "server_uuid": "b2351cb9-be86-484e-befa-5ebff8ac0d10"}]}' _http_log_request /usr/lib/python2.7/site-packages/keystoneauth1/session.py:375
2018-09-13 18:36:31.799 6307 DEBUG neutron.api.rpc.handlers.l3_rpc [req-9a7926d1-a94a-4fff-b3c7-60e2e70331e7 - - - - -] New status for floating IP ccee3c38-569b-4043-bb1f-955c6b1ebbce: ACTIVE update_floatingip_statuses /usr/lib/python2.7/site-packages/neutron/api/rpc/handlers/l3_rpc.py:252
2018-09-13 18:36:32.568 6293 DEBUG novaclient.v2.client [-] RESP: [200] Content-Length: 179 Content-Type: application/json Openstack-Api-Version: compute 2.1 X-Openstack-Nova-Api-Version: 2.1 Vary: OpenStack-API-Version, X-OpenStack-Nova-API-Version X-Openstack-Request-Id: req-48a5ead9-16fa-4a08-9d5d-d975106859cd X-Compute-Request-Id: req-48a5ead9-16fa-4a08-9d5d-d975106859cd Date: Thu, 13 Sep 2018 22:36:32 GMT Connection: keep-alive 
RESP BODY: {"events": [{"status": "completed", "tag": "29bf4f50-fd80-4233-9cf8-006d61dd50ab", "name": "network-changed", "server_uuid": "b2351cb9-be86-484e-befa-5ebff8ac0d10", "code": 200}]}
 _http_log_response /usr/lib/python2.7/site-packages/keystoneauth1/session.py:423
2018-09-13 18:36:32.575 6293 DEBUG novaclient.v2.client [-] POST call to compute for http://10.0.20.23:8774/v2.1/368f193974e14846a186e2cbdb34d110/os-server-external-events used request id req-48a5ead9-16fa-4a08-9d5d-d975106859cd request /usr/lib/python2.7/site-packages/keystoneauth1/session.py:727
2018-09-13 18:36:32.592 6293 INFO neutron.wsgi [req-41ba1834-6a35-4e9f-ae91-0b4a121f0251 10c05a22cea847f7a42d788fe8f1cd2e 368f193974e14846a186e2cbdb34d110 - default default] 10.0.20.23 "GET /v2.0/ports?tenant_id=5e825804c2ec4547ab70bddc19ca0f9c&device_id=b2351cb9-be86-484e-befa-5ebff8ac0d10 HTTP/1.1" status: 200  len: 1124 time: 0.8725169
2018-09-13 18:36:32.642 6293 INFO neutron.notifiers.nova [-] Nova event response: {u'status': u'completed', u'tag': u'29bf4f50-fd80-4233-9cf8-006d61dd50ab', u'name': u'network-changed', u'server_uuid': u'b2351cb9-be86-484e-befa-5ebff8ac0d10', u'code': 200}
2018-09-13 18:36:32.732 6298 INFO neutron.wsgi [req-d055734a-fc6e-4831-8c58-5d1cdd76b37c 10c05a22cea847f7a42d788fe8f1cd2e 368f193974e14846a186e2cbdb34d110 - default default] 10.0.20.23 "GET /v2.0/ports?tenant_id=5e825804c2ec4547ab70bddc19ca0f9c&device_id=b2351cb9-be86-484e-befa-5ebff8ac0d10 HTTP/1.1" status: 200  len: 1124 time: 0.1129129
2018-09-13 18:36:32.868 6293 DEBUG neutron.pecan_wsgi.hooks.policy_enforcement [req-ba1e6718-bfc3-4b19-8f13-22321342e0c3 10c05a22cea847f7a42d788fe8f1cd2e 368f193974e14846a186e2cbdb34d110 - default default] Attributes excluded by policy engine: [u'vlan_transparent'] _exclude_attributes_by_policy /usr/lib/python2.7/site-packages/neutron/pecan_wsgi/hooks/policy_enforcement.py:256
2018-09-13 18:36:32.871 6293 INFO neutron.wsgi [req-ba1e6718-bfc3-4b19-8f13-22321342e0c3 10c05a22cea847f7a42d788fe8f1cd2e 368f193974e14846a186e2cbdb34d110 - default default] 10.0.20.23 "GET /v2.0/networks?id=ed7a0056-6946-4a4f-b7c6-043750a833cb HTTP/1.1" status: 200  len: 885 time: 0.2704940
2018-09-13 18:36:32.925 6293 INFO neutron.wsgi [req-83352f61-347e-499c-bdf0-a05585aa1666 10c05a22cea847f7a42d788fe8f1cd2e 368f193974e14846a186e2cbdb34d110 - default default] 10.0.20.23 "GET /v2.0/floatingips?fixed_ip_address=11.248.1.9&port_id=29bf4f50-fd80-4233-9cf8-006d61dd50ab HTTP/1.1" status: 200  len: 751 time: 0.0472951
2018-09-13 18:36:32.993 6298 DEBUG neutron.pecan_wsgi.hooks.policy_enforcement [req-0c49e72f-73ec-4a57-91e7-920bce0f3baa 10c05a22cea847f7a42d788fe8f1cd2e 368f193974e14846a186e2cbdb34d110 - default default] Attributes excluded by policy engine: [u'vlan_transparent'] _exclude_attributes_by_policy /usr/lib/python2.7/site-packages/neutron/pecan_wsgi/hooks/policy_enforcement.py:256
2018-09-13 18:36:32.995 6298 INFO neutron.wsgi [req-0c49e72f-73ec-4a57-91e7-920bce0f3baa 10c05a22cea847f7a42d788fe8f1cd2e 368f193974e14846a186e2cbdb34d110 - default default] 10.0.20.23 "GET /v2.0/networks?id=ed7a0056-6946-4a4f-b7c6-043750a833cb HTTP/1.1" status: 200  len: 885 time: 0.2567449
2018-09-13 18:36:33.048 6298 INFO neutron.wsgi [req-c26d61e8-c7db-477b-bf76-e6dbcfc58045 10c05a22cea847f7a42d788fe8f1cd2e 368f193974e14846a186e2cbdb34d110 - default default] 10.0.20.23 "GET /v2.0/floatingips?fixed_ip_address=11.248.1.9&port_id=29bf4f50-fd80-4233-9cf8-006d61dd50ab HTTP/1.1" status: 200  len: 751 time: 0.0464170
2018-09-13 18:36:33.118 6293 DEBUG neutron.pecan_wsgi.hooks.policy_enforcement [req-12cb9cf6-9e85-4b73-ae8e-39b553418a4e 10c05a22cea847f7a42d788fe8f1cd2e 368f193974e14846a186e2cbdb34d110 - default default] Attributes excluded by policy engine: [u'shared'] _exclude_attributes_by_policy /usr/lib/python2.7/site-packages/neutron/pecan_wsgi/hooks/policy_enforcement.py:256
2018-09-13 18:36:33.122 6293 INFO neutron.wsgi [req-12cb9cf6-9e85-4b73-ae8e-39b553418a4e 10c05a22cea847f7a42d788fe8f1cd2e 368f193974e14846a186e2cbdb34d110 - default default] 10.0.20.23 "GET /v2.0/subnets?id=2ef8fcf1-f465-4aaa-bab4-e926f88d5b85 HTTP/1.1" status: 200  len: 847 time: 0.1866648
2018-09-13 18:36:33.132 6299 DEBUG neutron.wsgi [-] (6299) accepted ('10.0.20.23', 47716) server /usr/lib/python2.7/site-packages/eventlet/wsgi.py:883
2018-09-13 18:36:33.224 6298 DEBUG neutron.pecan_wsgi.hooks.policy_enforcement [req-2d5639fd-7f1f-4ea7-8829-095dea67c4d8 10c05a22cea847f7a42d788fe8f1cd2e 368f193974e14846a186e2cbdb34d110 - default default] Attributes excluded by policy engine: [u'shared'] _exclude_attributes_by_policy /usr/lib/python2.7/site-packages/neutron/pecan_wsgi/hooks/policy_enforcement.py:256
2018-09-13 18:36:33.227 6298 INFO neutron.wsgi [req-2d5639fd-7f1f-4ea7-8829-095dea67c4d8 10c05a22cea847f7a42d788fe8f1cd2e 368f193974e14846a186e2cbdb34d110 - default default] 10.0.20.23 "GET /v2.0/subnets?id=2ef8fcf1-f465-4aaa-bab4-e926f88d5b85 HTTP/1.1" status: 200  len: 847 time: 0.1697149
2018-09-13 18:36:33.277 6293 INFO neutron.wsgi [req-dde2d4de-fa5e-4201-b16d-e8522fdf6ebc 10c05a22cea847f7a42d788fe8f1cd2e 368f193974e14846a186e2cbdb34d110 - default default] 10.0.20.23 "GET /v2.0/ports?network_id=ed7a0056-6946-4a4f-b7c6-043750a833cb&device_owner=network%3Adhcp HTTP/1.1" status: 200  len: 1128 time: 0.1474721
2018-09-13 18:36:33.361 6298 INFO neutron.wsgi [req-6ce332b5-241b-4f28-836c-ad057e5f5a26 10c05a22cea847f7a42d788fe8f1cd2e 368f193974e14846a186e2cbdb34d110 - default default] 10.0.20.23 "GET /v2.0/ports?network_id=ed7a0056-6946-4a4f-b7c6-043750a833cb&device_owner=network%3Adhcp HTTP/1.1" status: 200  len: 1128 time: 0.1238010
2018-09-13 18:36:33.623 6299 INFO neutron.wsgi [req-816f03a2-42ef-4756-96a6-d5a6ea5069af 10c05a22cea847f7a42d788fe8f1cd2e 368f193974e14846a186e2cbdb34d110 - default default] 10.0.20.23 "GET /v2.0/ports?device_id=b2351cb9-be86-484e-befa-5ebff8ac0d10 HTTP/1.1" status: 200  len: 1124 time: 0.4887621
2018-09-13 18:36:33.795 6299 INFO neutron.wsgi [req-59398b5c-d264-49fc-8c3d-fc34adb6f9c1 10c05a22cea847f7a42d788fe8f1cd2e 368f193974e14846a186e2cbdb34d110 - default default] 10.0.20.23 "GET /v2.0/security-groups?id=777f7d59-a4db-47d9-a783-320852d9cbd8 HTTP/1.1" status: 200  len: 2118 time: 0.1612229
2018-09-13 18:36:34.644 6293 DEBUG oslo_concurrency.lockutils [-] Lock "notifier-9fc4ec21-6f51-4c8d-9a0d-ba86fb34fa28" released by "neutron.notifiers.batch_notifier.synced_send" :: held 3.875s inner /usr/lib/python2.7/site-packages/oslo_concurrency/lockutils.py:282
2018-09-13 18:36:36.024 6299 DEBUG neutron.wsgi [-] (6299) accepted ('10.0.20.23', 47752) server /usr/lib/python2.7/site-packages/eventlet/wsgi.py:883
2018-09-13 18:36:36.325 6303 DEBUG neutron_lib.callbacks.manager [req-a7627857-6695-4144-a217-db4b341420eb - - - - -] Notify callbacks ['neutron.services.segments.db._update_segment_host_mapping_for_agent-8790441767233'] for agent, after_update _notify_loop /usr/lib/python2.7/site-packages/neutron_lib/callbacks/manager.py:167
2018-09-13 18:36:36.365 6299 INFO neutron.wsgi [req-b8432e74-1ca4-4c80-8f74-e3d8130e4be6 10c05a22cea847f7a42d788fe8f1cd2e 368f193974e14846a186e2cbdb34d110 - default default] 10.0.20.23 "GET /v2.0/ports?device_id=b2351cb9-be86-484e-befa-5ebff8ac0d10 HTTP/1.1" status: 200  len: 1124 time: 0.3392112
2018-09-13 18:36:36.482 6299 INFO neutron.wsgi [req-c479fc9c-04e3-45ec-a62c-4c2f62262899 10c05a22cea847f7a42d788fe8f1cd2e 368f193974e14846a186e2cbdb34d110 - default default] 10.0.20.23 "GET /v2.0/security-groups?id=777f7d59-a4db-47d9-a783-320852d9cbd8 HTTP/1.1" status: 200  len: 2118 time: 0.1079350
2018-09-13 18:36:38.710 6307 DEBUG neutron_lib.callbacks.manager [req-940aa9df-ca68-4ff9-a591-37b48d85324c - - - - -] Notify callbacks ['neutron.services.segments.db._update_segment_host_mapping_for_agent-8790441767233'] for agent, after_update _notify_loop /usr/lib/python2.7/site-packages/neutron_lib/callbacks/manager.py:167
2018-09-13 18:36:41.196 6298 INFO neutron.wsgi [req-36637bcc-64eb-4c52-946c-35889615ed82 10c05a22cea847f7a42d788fe8f1cd2e 368f193974e14846a186e2cbdb34d110 - default default] 10.0.20.23 "GET /v2.0/ports?tenant_id=5e825804c2ec4547ab70bddc19ca0f9c&device_id=b2351cb9-be86-484e-befa-5ebff8ac0d10 HTTP/1.1" status: 200  len: 1124 time: 0.1458731
2018-09-13 18:36:41.470 6298 DEBUG neutron.pecan_wsgi.hooks.policy_enforcement [req-e5433d24-32be-428f-b407-909d58041a8b 10c05a22cea847f7a42d788fe8f1cd2e 368f193974e14846a186e2cbdb34d110 - default default] Attributes excluded by policy engine: [u'vlan_transparent'] _exclude_attributes_by_policy /usr/lib/python2.7/site-packages/neutron/pecan_wsgi/hooks/policy_enforcement.py:256
2018-09-13 18:36:41.474 6298 INFO neutron.wsgi [req-e5433d24-32be-428f-b407-909d58041a8b 10c05a22cea847f7a42d788fe8f1cd2e 368f193974e14846a186e2cbdb34d110 - default default] 10.0.20.23 "GET /v2.0/networks?id=ed7a0056-6946-4a4f-b7c6-043750a833cb HTTP/1.1" status: 200  len: 885 time: 0.2657011
2018-09-13 18:36:41.523 6298 INFO neutron.wsgi [req-e8ef4290-b95d-48bf-8db7-8f7a9f321ec3 10c05a22cea847f7a42d788fe8f1cd2e 368f193974e14846a186e2cbdb34d110 - default default] 10.0.20.23 "GET /v2.0/floatingips?fixed_ip_address=11.248.1.9&port_id=29bf4f50-fd80-4233-9cf8-006d61dd50ab HTTP/1.1" status: 200  len: 751 time: 0.0433688
2018-09-13 18:36:41.694 6298 DEBUG neutron.pecan_wsgi.hooks.policy_enforcement [req-5a5b06c1-6fec-4ceb-8793-4532e6559fd9 10c05a22cea847f7a42d788fe8f1cd2e 368f193974e14846a186e2cbdb34d110 - default default] Attributes excluded by policy engine: [u'shared'] _exclude_attributes_by_policy /usr/lib/python2.7/site-packages/neutron/pecan_wsgi/hooks/policy_enforcement.py:256
2018-09-13 18:36:41.697 6298 INFO neutron.wsgi [req-5a5b06c1-6fec-4ceb-8793-4532e6559fd9 10c05a22cea847f7a42d788fe8f1cd2e 368f193974e14846a186e2cbdb34d110 - default default] 10.0.20.23 "GET /v2.0/subnets?id=2ef8fcf1-f465-4aaa-bab4-e926f88d5b85 HTTP/1.1" status: 200  len: 847 time: 0.1686180
2018-09-13 18:36:41.864 6298 INFO neutron.wsgi [req-1e28a10b-6653-4146-a38b-f527797eb88d 10c05a22cea847f7a42d788fe8f1cd2e 368f193974e14846a186e2cbdb34d110 - default default] 10.0.20.23 "GET /v2.0/ports?network_id=ed7a0056-6946-4a4f-b7c6-043750a833cb&device_owner=network%3Adhcp HTTP/1.1" status: 200  len: 1128 time: 0.1596489
2018-09-13 18:36:43.356 6306 DEBUG neutron_lib.callbacks.manager [req-3b5ee350-9128-47db-9984-516edfc1ea34 - - - - -] Notify callbacks ['neutron.services.segments.db._update_segment_host_mapping_for_agent-8790441767233'] for agent, after_update _notify_loop /usr/lib/python2.7/site-packages/neutron_lib/callbacks/manager.py:167
2018-09-13 18:36:46.107 6299 DEBUG neutron.wsgi [-] (6299) accepted ('10.0.20.23', 47898) server /usr/lib/python2.7/site-packages/eventlet/wsgi.py:883
2018-09-13 18:36:46.469 6304 DEBUG neutron_lib.callbacks.manager [req-6668f317-2dbb-4556-926a-baa006538a2e - - - - -] Notify callbacks ['neutron.services.segments.db._update_segment_host_mapping_for_agent-8790441767233'] for agent, after_update _notify_loop /usr/lib/python2.7/site-packages/neutron_lib/callbacks/manager.py:167
2018-09-13 18:36:46.787 6299 INFO neutron.wsgi [req-fc4205e8-2f30-40c1-a3f8-2f965462f9fa a0b552386d1c4b219c57cccb72b5015a 5e825804c2ec4547ab70bddc19ca0f9c - 1636cd8e3ffc40829020c3055201728a 1636cd8e3ffc40829020c3055201728a] 10.0.20.23 "GET /v2.0/ports?device_id=b2351cb9-be86-484e-befa-5ebff8ac0d10 HTTP/1.1" status: 200  len: 1124 time: 0.6781402
2018-09-13 18:36:46.929 6299 INFO neutron.wsgi [req-940c2eea-7cff-49e7-9000-6e00a2710068 a0b552386d1c4b219c57cccb72b5015a 5e825804c2ec4547ab70bddc19ca0f9c - 1636cd8e3ffc40829020c3055201728a 1636cd8e3ffc40829020c3055201728a] 10.0.20.23 "GET /v2.0/security-groups?id=777f7d59-a4db-47d9-a783-320852d9cbd8 HTTP/1.1" status: 200  len: 2118 time: 0.1330199
2018-09-13 18:36:52.156 6305 DEBUG neutron_lib.callbacks.manager [req-713951f3-7308-4581-a14f-48ab8acd9e48 - - - - -] Notify callbacks ['neutron.services.segments.db._update_segment_host_mapping_for_agent-8790441767233'] for agent, after_update _notify_loop /usr/lib/python2.7/site-packages/neutron_lib/callbacks/manager.py:167
2018-09-13 18:36:56.042 6309 DEBUG neutron.db.agents_db [req-b5cafaf1-f504-499e-ac16-7cc1c70a5ec4 - - - - -] Agent healthcheck: found 5 active agents agent_health_check /usr/lib/python2.7/site-packages/neutron/db/agents_db.py:281
2018-09-13 18:37:06.333 6300 DEBUG neutron_lib.callbacks.manager [req-db65c1e5-f9a2-4095-8f7d-5e7a0d4de049 - - - - -] Notify callbacks ['neutron.services.segments.db._update_segment_host_mapping_for_agent-8790441767233'] for agent, after_update _notify_loop /usr/lib/python2.7/site-packages/neutron_lib/callbacks/manager.py:167
2018-09-13 18:37:08.716 6308 DEBUG neutron_lib.callbacks.manager [req-940aa9df-ca68-4ff9-a591-37b48d85324c - - - - -] Notify callbacks ['neutron.services.segments.db._update_segment_host_mapping_for_agent-8790441767233'] for agent, after_update _notify_loop /usr/lib/python2.7/site-packages/neutron_lib/callbacks/manager.py:167
2018-09-13 18:37:09.472 6299 INFO neutron.wsgi [req-916dd46a-2092-45d9-8903-84a057fec6d6 a0b552386d1c4b219c57cccb72b5015a 5e825804c2ec4547ab70bddc19ca0f9c - 1636cd8e3ffc40829020c3055201728a 1636cd8e3ffc40829020c3055201728a] 10.0.20.23 "GET /v2.0/ports?device_id=b2351cb9-be86-484e-befa-5ebff8ac0d10 HTTP/1.1" status: 200  len: 1124 time: 0.5746942
2018-09-13 18:37:09.573 6299 INFO neutron.wsgi [req-6df8182b-6f25-4b0d-a59d-10e6f085eab2 a0b552386d1c4b219c57cccb72b5015a 5e825804c2ec4547ab70bddc19ca0f9c - 1636cd8e3ffc40829020c3055201728a 1636cd8e3ffc40829020c3055201728a] 10.0.20.23 "GET /v2.0/security-groups?id=777f7d59-a4db-47d9-a783-320852d9cbd8 HTTP/1.1" status: 200  len: 2118 time: 0.0953190
2018-09-13 18:37:13.371 6301 DEBUG neutron_lib.callbacks.manager [req-3b5ee350-9128-47db-9984-516edfc1ea34 - - - - -] Notify callbacks ['neutron.services.segments.db._update_segment_host_mapping_for_agent-8790441767233'] for agent, after_update _notify_loop /usr/lib/python2.7/site-packages/neutron_lib/callbacks/manager.py:167
2018-09-13 18:37:16.482 6302 DEBUG neutron_lib.callbacks.manager [req-6668f317-2dbb-4556-926a-baa006538a2e - - - - -] Notify callbacks ['neutron.services.segments.db._update_segment_host_mapping_for_agent-8790441767233'] for agent, after_update _notify_loop /usr/lib/python2.7/site-packages/neutron_lib/callbacks/manager.py:167
2018-09-13 18:37:20.912 6299 INFO neutron.wsgi [req-59c587fa-8394-4cb9-8b57-687751a4fe2b a0b552386d1c4b219c57cccb72b5015a 5e825804c2ec4547ab70bddc19ca0f9c - 1636cd8e3ffc40829020c3055201728a 1636cd8e3ffc40829020c3055201728a] 10.0.20.23 "GET /v2.0/ports?device_id=b2351cb9-be86-484e-befa-5ebff8ac0d10 HTTP/1.1" status: 200  len: 1124 time: 0.3064461
2018-09-13 18:37:21.016 6299 INFO neutron.wsgi [req-6df52165-93c2-4260-bed2-e68461485895 a0b552386d1c4b219c57cccb72b5015a 5e825804c2ec4547ab70bddc19ca0f9c - 1636cd8e3ffc40829020c3055201728a 1636cd8e3ffc40829020c3055201728a] 10.0.20.23 "GET /v2.0/security-groups?id=777f7d59-a4db-47d9-a783-320852d9cbd8 HTTP/1.1" status: 200  len: 2118 time: 0.0954640
2018-09-13 18:37:22.160 6303 DEBUG neutron_lib.callbacks.manager [req-c98e1367-3e71-4f9b-8f22-04250552c217 - - - - -] Notify callbacks ['neutron.services.segments.db._update_segment_host_mapping_for_agent-8790441767233'] for agent, after_update _notify_loop /usr/lib/python2.7/site-packages/neutron_lib/callbacks/manager.py:167
2018-09-13 18:37:33.057 6309 DEBUG neutron.db.agents_db [req-b5cafaf1-f504-499e-ac16-7cc1c70a5ec4 - - - - -] Agent healthcheck: found 5 active agents agent_health_check /usr/lib/python2.7/site-packages/neutron/db/agents_db.py:281
2018-09-13 18:37:36.326 6307 DEBUG neutron_lib.callbacks.manager [req-b59496cb-83b6-44c3-99c7-510b2beddb81 - - - - -] Notify callbacks ['neutron.services.segments.db._update_segment_host_mapping_for_agent-8790441767233'] for agent, after_update _notify_loop /usr/lib/python2.7/site-packages/neutron_lib/callbacks/manager.py:167
2018-09-13 18:37:36.527 6299 DEBUG neutron.wsgi [-] (6299) accepted ('10.0.20.23', 49102) server /usr/lib/python2.7/site-packages/eventlet/wsgi.py:883
2018-09-13 18:37:37.494 6299 INFO neutron.wsgi [req-c6717088-850c-4891-bf6c-b04023acb5c9 a0b552386d1c4b219c57cccb72b5015a 5e825804c2ec4547ab70bddc19ca0f9c - 1636cd8e3ffc40829020c3055201728a 1636cd8e3ffc40829020c3055201728a] 10.0.20.23 "GET /v2.0/ports?device_id=b2351cb9-be86-484e-befa-5ebff8ac0d10 HTTP/1.1" status: 200  len: 1124 time: 0.9652441
2018-09-13 18:37:37.647 6299 INFO neutron.wsgi [req-73650ede-a70d-496a-a45c-f33c7428f33f a0b552386d1c4b219c57cccb72b5015a 5e825804c2ec4547ab70bddc19ca0f9c - 1636cd8e3ffc40829020c3055201728a 1636cd8e3ffc40829020c3055201728a] 10.0.20.23 "GET /v2.0/security-groups?id=777f7d59-a4db-47d9-a783-320852d9cbd8 HTTP/1.1" status: 200  len: 2118 time: 0.1472421
2018-09-13 18:37:38.327 6298 INFO neutron.wsgi [req-53e28980-3efc-4d71-88ec-3727cca74933 10c05a22cea847f7a42d788fe8f1cd2e 368f193974e14846a186e2cbdb34d110 - default default] 10.0.20.23 "GET /v2.0/ports?tenant_id=5e825804c2ec4547ab70bddc19ca0f9c&device_id=b2351cb9-be86-484e-befa-5ebff8ac0d10 HTTP/1.1" status: 200  len: 1124 time: 0.2396579
2018-09-13 18:37:38.613 6298 DEBUG neutron.pecan_wsgi.hooks.policy_enforcement [req-ba41fc4c-4f54-4b6d-a693-183e56e1410d 10c05a22cea847f7a42d788fe8f1cd2e 368f193974e14846a186e2cbdb34d110 - default default] Attributes excluded by policy engine: [u'vlan_transparent'] _exclude_attributes_by_policy /usr/lib/python2.7/site-packages/neutron/pecan_wsgi/hooks/policy_enforcement.py:256
2018-09-13 18:37:38.617 6298 INFO neutron.wsgi [req-ba41fc4c-4f54-4b6d-a693-183e56e1410d 10c05a22cea847f7a42d788fe8f1cd2e 368f193974e14846a186e2cbdb34d110 - default default] 10.0.20.23 "GET /v2.0/networks?id=ed7a0056-6946-4a4f-b7c6-043750a833cb HTTP/1.1" status: 200  len: 885 time: 0.2810130
2018-09-13 18:37:38.689 6298 INFO neutron.wsgi [req-f97f4bd1-0477-4c67-a9d9-94e52022c8ef 10c05a22cea847f7a42d788fe8f1cd2e 368f193974e14846a186e2cbdb34d110 - default default] 10.0.20.23 "GET /v2.0/floatingips?fixed_ip_address=11.248.1.9&port_id=29bf4f50-fd80-4233-9cf8-006d61dd50ab HTTP/1.1" status: 200  len: 751 time: 0.0623701
2018-09-13 18:37:38.732 6306 DEBUG neutron_lib.callbacks.manager [req-940aa9df-ca68-4ff9-a591-37b48d85324c - - - - -] Notify callbacks ['neutron.services.segments.db._update_segment_host_mapping_for_agent-8790441767233'] for agent, after_update _notify_loop /usr/lib/python2.7/site-packages/neutron_lib/callbacks/manager.py:167
2018-09-13 18:37:38.857 6298 DEBUG neutron.pecan_wsgi.hooks.policy_enforcement [req-e15b3fb2-16ad-48b7-96ef-379fe8731ce1 10c05a22cea847f7a42d788fe8f1cd2e 368f193974e14846a186e2cbdb34d110 - default default] Attributes excluded by policy engine: [u'shared'] _exclude_attributes_by_policy /usr/lib/python2.7/site-packages/neutron/pecan_wsgi/hooks/policy_enforcement.py:256
2018-09-13 18:37:38.860 6298 INFO neutron.wsgi [req-e15b3fb2-16ad-48b7-96ef-379fe8731ce1 10c05a22cea847f7a42d788fe8f1cd2e 368f193974e14846a186e2cbdb34d110 - default default] 10.0.20.23 "GET /v2.0/subnets?id=2ef8fcf1-f465-4aaa-bab4-e926f88d5b85 HTTP/1.1" status: 200  len: 847 time: 0.1621830
2018-09-13 18:37:39.025 6298 INFO neutron.wsgi [req-1dffae96-f7a2-452c-9b65-cea6e44badf8 10c05a22cea847f7a42d788fe8f1cd2e 368f193974e14846a186e2cbdb34d110 - default default] 10.0.20.23 "GET /v2.0/ports?network_id=ed7a0056-6946-4a4f-b7c6-043750a833cb&device_owner=network%3Adhcp HTTP/1.1" status: 200  len: 1128 time: 0.1582391
2018-09-13 18:37:43.368 6304 DEBUG neutron_lib.callbacks.manager [req-3b5ee350-9128-47db-9984-516edfc1ea34 - - - - -] Notify callbacks ['neutron.services.segments.db._update_segment_host_mapping_for_agent-8790441767233'] for agent, after_update _notify_loop /usr/lib/python2.7/site-packages/neutron_lib/callbacks/manager.py:167
2018-09-13 18:37:46.329 6299 INFO neutron.wsgi [req-4e1afebc-a836-4d86-886a-d006d97e8c04 a0b552386d1c4b219c57cccb72b5015a 5e825804c2ec4547ab70bddc19ca0f9c - 1636cd8e3ffc40829020c3055201728a 1636cd8e3ffc40829020c3055201728a] 10.0.20.23 "GET /v2.0/ports?device_id=b2351cb9-be86-484e-befa-5ebff8ac0d10 HTTP/1.1" status: 200  len: 1124 time: 0.3778269
2018-09-13 18:37:46.428 6299 INFO neutron.wsgi [req-d4ba0ae6-9974-45a7-bfc9-d96008af5838 a0b552386d1c4b219c57cccb72b5015a 5e825804c2ec4547ab70bddc19ca0f9c - 1636cd8e3ffc40829020c3055201728a 1636cd8e3ffc40829020c3055201728a] 10.0.20.23 "GET /v2.0/security-groups?id=777f7d59-a4db-47d9-a783-320852d9cbd8 HTTP/1.1" status: 200  len: 2118 time: 0.0936191
2018-09-13 18:37:46.466 6305 DEBUG neutron_lib.callbacks.manager [req-6668f317-2dbb-4556-926a-baa006538a2e - - - - -] Notify callbacks ['neutron.services.segments.db._update_segment_host_mapping_for_agent-8790441767233'] for agent, after_update _notify_loop /usr/lib/python2.7/site-packages/neutron_lib/callbacks/manager.py:167
2018-09-13 18:37:52.177 6300 DEBUG neutron_lib.callbacks.manager [req-4a999f3f-510e-4c51-b3ba-9baf214d6f2f - - - - -] Notify callbacks ['neutron.services.segments.db._update_segment_host_mapping_for_agent-8790441767233'] for agent, after_update _notify_loop /usr/lib/python2.7/site-packages/neutron_lib/callbacks/manager.py:167
2018-09-13 18:37:58.701 6298 DEBUG neutron.quota.resource [req-9758df11-76b5-42f8-9d59-5bbdecc4c602 a0b552386d1c4b219c57cccb72b5015a 5e825804c2ec4547ab70bddc19ca0f9c - 1636cd8e3ffc40829020c3055201728a 1636cd8e3ffc40829020c3055201728a] Synchronizing usage tracker for tenant:5e825804c2ec4547ab70bddc19ca0f9c on resource:port resync /usr/lib/python2.7/site-packages/neutron/quota/resource.py:245
2018-09-13 18:37:58.735 6298 DEBUG neutron.quota.resource [req-9758df11-76b5-42f8-9d59-5bbdecc4c602 a0b552386d1c4b219c57cccb72b5015a 5e825804c2ec4547ab70bddc19ca0f9c - 1636cd8e3ffc40829020c3055201728a 1636cd8e3ffc40829020c3055201728a] Unset dirty status for tenant:5e825804c2ec4547ab70bddc19ca0f9c on resource:port _resync /usr/lib/python2.7/site-packages/neutron/quota/resource.py:237
2018-09-13 18:37:58.737 6298 INFO neutron.wsgi [req-9758df11-76b5-42f8-9d59-5bbdecc4c602 a0b552386d1c4b219c57cccb72b5015a 5e825804c2ec4547ab70bddc19ca0f9c - 1636cd8e3ffc40829020c3055201728a 1636cd8e3ffc40829020c3055201728a] 10.0.20.23 "GET /v2.0/ports?device_id=b2351cb9-be86-484e-befa-5ebff8ac0d10 HTTP/1.1" status: 200  len: 1124 time: 0.6608908
2018-09-13 18:37:58.867 6298 INFO neutron.wsgi [req-9fbddd12-d21d-4f02-bac1-42ec2a1b4baf a0b552386d1c4b219c57cccb72b5015a 5e825804c2ec4547ab70bddc19ca0f9c - 1636cd8e3ffc40829020c3055201728a 1636cd8e3ffc40829020c3055201728a] 10.0.20.23 "GET /v2.0/security-groups?id=777f7d59-a4db-47d9-a783-320852d9cbd8 HTTP/1.1" status: 200  len: 2118 time: 0.1214452
2018-09-13 18:38:06.386 6308 DEBUG neutron_lib.callbacks.manager [req-1994a6e7-1147-4b91-8e39-d3f6b37d655d - - - - -] Notify callbacks ['neutron.services.segments.db._update_segment_host_mapping_for_agent-8790441767233'] for agent, after_update _notify_loop /usr/lib/python2.7/site-packages/neutron_lib/callbacks/manager.py:167
2018-09-13 18:38:08.726 6301 DEBUG neutron_lib.callbacks.manager [req-940aa9df-ca68-4ff9-a591-37b48d85324c - - - - -] Notify callbacks ['neutron.services.segments.db._update_segment_host_mapping_for_agent-8790441767233'] for agent, after_update _notify_loop /usr/lib/python2.7/site-packages/neutron_lib/callbacks/manager.py:167
2018-09-13 18:38:10.061 6309 DEBUG neutron.db.agents_db [req-b5cafaf1-f504-499e-ac16-7cc1c70a5ec4 - - - - -] Agent healthcheck: found 5 active agents agent_health_check /usr/lib/python2.7/site-packages/neutron/db/agents_db.py:281
2018-09-13 18:38:13.079 6298 DEBUG neutron.wsgi [-] (6298) accepted ('10.0.20.23', 49364) server /usr/lib/python2.7/site-packages/eventlet/wsgi.py:883
2018-09-13 18:38:13.368 6302 DEBUG neutron_lib.callbacks.manager [req-3b5ee350-9128-47db-9984-516edfc1ea34 - - - - -] Notify callbacks ['neutron.services.segments.db._update_segment_host_mapping_for_agent-8790441767233'] for agent, after_update _notify_loop /usr/lib/python2.7/site-packages/neutron_lib/callbacks/manager.py:167
2018-09-13 18:38:14.056 6298 INFO neutron.wsgi [req-acbc40bb-551b-4df0-b63a-f44eb4ed7123 a0b552386d1c4b219c57cccb72b5015a 5e825804c2ec4547ab70bddc19ca0f9c - 1636cd8e3ffc40829020c3055201728a 1636cd8e3ffc40829020c3055201728a] 10.0.20.23 "GET /v2.0/ports?device_id=b2351cb9-be86-484e-befa-5ebff8ac0d10 HTTP/1.1" status: 200  len: 1124 time: 0.9748762
2018-09-13 18:38:14.168 6298 INFO neutron.wsgi [req-8dde2a58-bdeb-432b-a4e7-e8b1339d870a a0b552386d1c4b219c57cccb72b5015a 5e825804c2ec4547ab70bddc19ca0f9c - 1636cd8e3ffc40829020c3055201728a 1636cd8e3ffc40829020c3055201728a] 10.0.20.23 "GET /v2.0/security-groups?id=777f7d59-a4db-47d9-a783-320852d9cbd8 HTTP/1.1" status: 200  len: 2118 time: 0.1055439
2018-09-13 18:38:16.472 6303 DEBUG neutron_lib.callbacks.manager [req-6668f317-2dbb-4556-926a-baa006538a2e - - - - -] Notify callbacks ['neutron.services.segments.db._update_segment_host_mapping_for_agent-8790441767233'] for agent, after_update _notify_loop /usr/lib/python2.7/site-packages/neutron_lib/callbacks/manager.py:167
2018-09-13 18:38:22.169 6307 DEBUG neutron_lib.callbacks.manager [req-9e17cb15-8079-43ae-9ff0-18cfda75d034 - - - - -] Notify callbacks ['neutron.services.segments.db._update_segment_host_mapping_for_agent-8790441767233'] for agent, after_update _notify_loop /usr/lib/python2.7/site-packages/neutron_lib/callbacks/manager.py:167
2018-09-13 18:38:27.383 6299 INFO neutron.wsgi [req-5493c783-563c-4137-8787-f0a4ab7743fa a0b552386d1c4b219c57cccb72b5015a 5e825804c2ec4547ab70bddc19ca0f9c - 1636cd8e3ffc40829020c3055201728a 1636cd8e3ffc40829020c3055201728a] 10.0.20.23 "GET /v2.0/ports?device_id=b2351cb9-be86-484e-befa-5ebff8ac0d10 HTTP/1.1" status: 200  len: 1124 time: 0.5282590
2018-09-13 18:38:27.484 6299 INFO neutron.wsgi [req-5b50ac76-6c72-4ebd-ae11-edab0d48154b a0b552386d1c4b219c57cccb72b5015a 5e825804c2ec4547ab70bddc19ca0f9c - 1636cd8e3ffc40829020c3055201728a 1636cd8e3ffc40829020c3055201728a] 10.0.20.23 "GET /v2.0/security-groups?id=777f7d59-a4db-47d9-a783-320852d9cbd8 HTTP/1.1" status: 200  len: 2118 time: 0.0932920
2018-09-13 18:38:36.342 6306 DEBUG neutron_lib.callbacks.manager [req-c4e82c78-d81a-4cf1-991c-dc5b71da4159 - - - - -] Notify callbacks ['neutron.services.segments.db._update_segment_host_mapping_for_agent-8790441767233'] for agent, after_update _notify_loop /usr/lib/python2.7/site-packages/neutron_lib/callbacks/manager.py:167
2018-09-13 18:38:38.211 6298 INFO neutron.wsgi [req-3b26fa13-fceb-4705-90d8-0d963b5d0701 10c05a22cea847f7a42d788fe8f1cd2e 368f193974e14846a186e2cbdb34d110 - default default] 10.0.20.23 "GET /v2.0/ports?tenant_id=5e825804c2ec4547ab70bddc19ca0f9c&device_id=b2351cb9-be86-484e-befa-5ebff8ac0d10 HTTP/1.1" status: 200  len: 1124 time: 0.1344512
2018-09-13 18:38:38.469 6298 DEBUG neutron.pecan_wsgi.hooks.policy_enforcement [req-0462c8df-7e48-4f49-a501-4adca12abd56 10c05a22cea847f7a42d788fe8f1cd2e 368f193974e14846a186e2cbdb34d110 - default default] Attributes excluded by policy engine: [u'vlan_transparent'] _exclude_attributes_by_policy /usr/lib/python2.7/site-packages/neutron/pecan_wsgi/hooks/policy_enforcement.py:256
2018-09-13 18:38:38.472 6298 INFO neutron.wsgi [req-0462c8df-7e48-4f49-a501-4adca12abd56 10c05a22cea847f7a42d788fe8f1cd2e 368f193974e14846a186e2cbdb34d110 - default default] 10.0.20.23 "GET /v2.0/networks?id=ed7a0056-6946-4a4f-b7c6-043750a833cb HTTP/1.1" status: 200  len: 885 time: 0.2530899
2018-09-13 18:38:38.519 6298 INFO neutron.wsgi [req-a66abc03-f495-4a81-b4b1-37cee7c96dbd 10c05a22cea847f7a42d788fe8f1cd2e 368f193974e14846a186e2cbdb34d110 - default default] 10.0.20.23 "GET /v2.0/floatingips?fixed_ip_address=11.248.1.9&port_id=29bf4f50-fd80-4233-9cf8-006d61dd50ab HTTP/1.1" status: 200  len: 751 time: 0.0393898
2018-09-13 18:38:38.650 6298 DEBUG neutron.pecan_wsgi.hooks.policy_enforcement [req-10e6fd8e-d69b-42a7-85b1-4e34496e0402 10c05a22cea847f7a42d788fe8f1cd2e 368f193974e14846a186e2cbdb34d110 - default default] Attributes excluded by policy engine: [u'shared'] _exclude_attributes_by_policy /usr/lib/python2.7/site-packages/neutron/pecan_wsgi/hooks/policy_enforcement.py:256
2018-09-13 18:38:38.652 6298 INFO neutron.wsgi [req-10e6fd8e-d69b-42a7-85b1-4e34496e0402 10c05a22cea847f7a42d788fe8f1cd2e 368f193974e14846a186e2cbdb34d110 - default default] 10.0.20.23 "GET /v2.0/subnets?id=2ef8fcf1-f465-4aaa-bab4-e926f88d5b85 HTTP/1.1" status: 200  len: 847 time: 0.1228871
2018-09-13 18:38:38.726 6304 DEBUG neutron_lib.callbacks.manager [req-940aa9df-ca68-4ff9-a591-37b48d85324c - - - - -] Notify callbacks ['neutron.services.segments.db._update_segment_host_mapping_for_agent-8790441767233'] for agent, after_update _notify_loop /usr/lib/python2.7/site-packages/neutron_lib/callbacks/manager.py:167
2018-09-13 18:38:39.013 6298 INFO neutron.wsgi [req-7640e0e9-06f5-420d-9792-5bcc2943602d 10c05a22cea847f7a42d788fe8f1cd2e 368f193974e14846a186e2cbdb34d110 - default default] 10.0.20.23 "GET /v2.0/ports?network_id=ed7a0056-6946-4a4f-b7c6-043750a833cb&device_owner=network%3Adhcp HTTP/1.1" status: 200  len: 1128 time: 0.3536971
2018-09-13 18:38:40.658 6299 INFO neutron.wsgi [req-38ca5abe-16dd-4ba7-a383-3b05077b5151 a0b552386d1c4b219c57cccb72b5015a 5e825804c2ec4547ab70bddc19ca0f9c - 1636cd8e3ffc40829020c3055201728a 1636cd8e3ffc40829020c3055201728a] 10.0.20.23 "GET /v2.0/ports?device_id=b2351cb9-be86-484e-befa-5ebff8ac0d10 HTTP/1.1" status: 200  len: 1124 time: 0.5159938
2018-09-13 18:38:41.041 6299 INFO neutron.wsgi [req-0c200a34-fa69-4cd9-842f-74dc91524053 a0b552386d1c4b219c57cccb72b5015a 5e825804c2ec4547ab70bddc19ca0f9c - 1636cd8e3ffc40829020c3055201728a 1636cd8e3ffc40829020c3055201728a] 10.0.20.23 "GET /v2.0/security-groups?id=777f7d59-a4db-47d9-a783-320852d9cbd8 HTTP/1.1" status: 200  len: 2118 time: 0.3755100
2018-09-13 18:38:41.735 6298 INFO neutron.wsgi [req-fceff072-8b8e-4d1a-a87a-37433e37c6cb 10c05a22cea847f7a42d788fe8f1cd2e 368f193974e14846a186e2cbdb34d110 - default default] 10.0.20.23 "GET /v2.0/ports?tenant_id=5e825804c2ec4547ab70bddc19ca0f9c&device_id=b2351cb9-be86-484e-befa-5ebff8ac0d10 HTTP/1.1" status: 200  len: 1124 time: 0.1138580
2018-09-13 18:38:41.942 6298 DEBUG neutron.pecan_wsgi.hooks.policy_enforcement [req-1256cfe1-450b-4433-baf5-934eb7f4f962 10c05a22cea847f7a42d788fe8f1cd2e 368f193974e14846a186e2cbdb34d110 - default default] Attributes excluded by policy engine: [u'vlan_transparent'] _exclude_attributes_by_policy /usr/lib/python2.7/site-packages/neutron/pecan_wsgi/hooks/policy_enforcement.py:256
2018-09-13 18:38:41.945 6298 INFO neutron.wsgi [req-1256cfe1-450b-4433-baf5-934eb7f4f962 10c05a22cea847f7a42d788fe8f1cd2e 368f193974e14846a186e2cbdb34d110 - default default] 10.0.20.23 "GET /v2.0/networks?id=ed7a0056-6946-4a4f-b7c6-043750a833cb HTTP/1.1" status: 200  len: 885 time: 0.2044840
2018-09-13 18:38:41.986 6298 INFO neutron.wsgi [req-d0bef82b-2a4c-4caf-994b-0765bc463ee7 10c05a22cea847f7a42d788fe8f1cd2e 368f193974e14846a186e2cbdb34d110 - default default] 10.0.20.23 "GET /v2.0/floatingips?fixed_ip_address=11.248.1.9&port_id=29bf4f50-fd80-4233-9cf8-006d61dd50ab HTTP/1.1" status: 200  len: 751 time: 0.0332050
2018-09-13 18:38:42.126 6298 DEBUG neutron.pecan_wsgi.hooks.policy_enforcement [req-255c7554-7d83-4488-8515-1e15af8dd43f 10c05a22cea847f7a42d788fe8f1cd2e 368f193974e14846a186e2cbdb34d110 - default default] Attributes excluded by policy engine: [u'shared'] _exclude_attributes_by_policy /usr/lib/python2.7/site-packages/neutron/pecan_wsgi/hooks/policy_enforcement.py:256
2018-09-13 18:38:42.129 6298 INFO neutron.wsgi [req-255c7554-7d83-4488-8515-1e15af8dd43f 10c05a22cea847f7a42d788fe8f1cd2e 368f193974e14846a186e2cbdb34d110 - default default] 10.0.20.23 "GET /v2.0/subnets?id=2ef8fcf1-f465-4aaa-bab4-e926f88d5b85 HTTP/1.1" status: 200  len: 847 time: 0.1236329
2018-09-13 18:38:42.248 6298 INFO neutron.wsgi [req-2b795222-09ca-4df3-9f41-c674e8412e9e 10c05a22cea847f7a42d788fe8f1cd2e 368f193974e14846a186e2cbdb34d110 - default default] 10.0.20.23 "GET /v2.0/ports?network_id=ed7a0056-6946-4a4f-b7c6-043750a833cb&device_owner=network%3Adhcp HTTP/1.1" status: 200  len: 1128 time: 0.1120350
2018-09-13 18:38:43.408 6305 DEBUG neutron_lib.callbacks.manager [req-3b5ee350-9128-47db-9984-516edfc1ea34 - - - - -] Notify callbacks ['neutron.services.segments.db._update_segment_host_mapping_for_agent-8790441767233'] for agent, after_update _notify_loop /usr/lib/python2.7/site-packages/neutron_lib/callbacks/manager.py:167
2018-09-13 18:38:44.547 6304 DEBUG neutron.plugins.ml2.rpc [req-940aa9df-ca68-4ff9-a591-37b48d85324c - - - - -] Device 29bf4f50-fd80-4233-9cf8-006d61dd50ab no longer exists at agent ovs-agent-localhost.localdomain update_device_down /usr/lib/python2.7/site-packages/neutron/plugins/ml2/rpc.py:213
2018-09-13 18:38:44.798 6304 DEBUG neutron_lib.callbacks.manager [req-940aa9df-ca68-4ff9-a591-37b48d85324c - - - - -] Notify callbacks ['neutron.plugins.ml2.plugin.Ml2Plugin._ensure_default_security_group_handler-2051043'] for port, before_update _notify_loop /usr/lib/python2.7/site-packages/neutron_lib/callbacks/manager.py:167
2018-09-13 18:38:44.892 6304 DEBUG oslo_concurrency.lockutils [-] Lock "notifier-9fc4ec21-6f51-4c8d-9a0d-ba86fb34fa28" acquired by "neutron.notifiers.batch_notifier.synced_send" :: waited 0.000s inner /usr/lib/python2.7/site-packages/oslo_concurrency/lockutils.py:270
2018-09-13 18:38:44.893 6304 DEBUG neutron.notifiers.nova [-] Sending events: [{'status': 'completed', 'tag': u'29bf4f50-fd80-4233-9cf8-006d61dd50ab', 'name': 'network-vif-unplugged', 'server_uuid': u'b2351cb9-be86-484e-befa-5ebff8ac0d10'}] send_events /usr/lib/python2.7/site-packages/neutron/notifiers/nova.py:242
2018-09-13 18:38:44.914 6304 DEBUG neutron.plugins.ml2.db [req-940aa9df-ca68-4ff9-a591-37b48d85324c - - - - -] For port 29bf4f50-fd80-4233-9cf8-006d61dd50ab, host localhost.localdomain, got binding levels [<neutron.plugins.ml2.models.PortBindingLevel[object at 7feaf1661710] {port_id=u'29bf4f50-fd80-4233-9cf8-006d61dd50ab', host=u'localhost.localdomain', level=0, driver=u'openvswitch', segment_id=u'9d6e6a62-295b-4920-ba21-379cfcaefb45'}>] get_binding_levels /usr/lib/python2.7/site-packages/neutron/plugins/ml2/db.py:106
2018-09-13 18:38:45.289 6304 DEBUG neutron_lib.callbacks.manager [req-940aa9df-ca68-4ff9-a591-37b48d85324c - - - - -] Notify callbacks ['neutron.api.rpc.agentnotifiers.dhcp_rpc_agent_api.DhcpAgentNotifyAPI._native_event_send_dhcp_notification-924586', 'neutron.db.l3_dvrscheduler_db._notify_l3_agent_port_update--9223363246413370402', 'neutron.plugins.ml2.plugin.Ml2Plugin.notify_sg_on_port_change-2051908', 'neutron.db.l3_hascheduler_db._notify_l3_agent_ha_port_update-8790441405746', 'neutron.plugins.ml2.ovo_rpc._ObjectChangeHandler.handle_event-1036051'] for port, after_update _notify_loop /usr/lib/python2.7/site-packages/neutron_lib/callbacks/manager.py:167
2018-09-13 18:38:45.631 6304 DEBUG oslo_concurrency.lockutils [-] Lock "event-dispatch" acquired by "neutron.plugins.ml2.ovo_rpc.dispatch_events" :: waited 0.000s inner /usr/lib/python2.7/site-packages/oslo_concurrency/lockutils.py:270
2018-09-13 18:38:45.778 6304 DEBUG neutron.api.rpc.handlers.resources_rpc [req-940aa9df-ca68-4ff9-a591-37b48d85324c - - - - -] neutron.api.rpc.handlers.resources_rpc.ResourcesPushRpcApi method push called with arguments (<neutron_lib.context.Context object at 0x7feaf1798790>, [Port(admin_state_up=True,allowed_address_pairs=[],binding=PortBinding,binding_levels=[PortBindingLevel],created_at=2018-09-13T22:35:30Z,data_plane_status=<?>,description='',device_id='b2351cb9-be86-484e-befa-5ebff8ac0d10',device_owner='compute:nova',dhcp_options=[],distributed_binding=None,dns=None,fixed_ips=[IPAllocation],id=29bf4f50-fd80-4233-9cf8-006d61dd50ab,mac_address=fa:16:3e:c6:1e:fe,name='',network_id=ed7a0056-6946-4a4f-b7c6-043750a833cb,project_id='5e825804c2ec4547ab70bddc19ca0f9c',qos_policy_id=None,revision_number=7,security=PortSecurity(29bf4f50-fd80-4233-9cf8-006d61dd50ab),security_group_ids=set([777f7d59-a4db-47d9-a783-320852d9cbd8]),status='DOWN',updated_at=2018-09-13T22:38:44Z)], 'updated') {} wrapper /usr/lib/python2.7/site-packages/oslo_log/helpers.py:66
2018-09-13 18:38:45.792 6304 DEBUG neutron.api.rpc.callbacks.version_manager [req-940aa9df-ca68-4ff9-a591-37b48d85324c - - - - -] Version for resource type Subnet changed None to 1.0 on consumer Open vSwitch agent@localhost.localdomain _set_version /usr/lib/python2.7/site-packages/neutron/api/rpc/callbacks/version_manager.py:119
2018-09-13 18:38:45.793 6304 DEBUG neutron.api.rpc.callbacks.version_manager [req-940aa9df-ca68-4ff9-a591-37b48d85324c - - - - -] Version for resource type Network changed None to 1.0 on consumer Open vSwitch agent@localhost.localdomain _set_version /usr/lib/python2.7/site-packages/neutron/api/rpc/callbacks/version_manager.py:119
2018-09-13 18:38:45.794 6304 DEBUG neutron.api.rpc.callbacks.version_manager [req-940aa9df-ca68-4ff9-a591-37b48d85324c - - - - -] Version for resource type SubPort changed None to 1.0 on consumer Open vSwitch agent@localhost.localdomain _set_version /usr/lib/python2.7/site-packages/neutron/api/rpc/callbacks/version_manager.py:119
2018-09-13 18:38:45.795 6304 DEBUG neutron.api.rpc.callbacks.version_manager [req-940aa9df-ca68-4ff9-a591-37b48d85324c - - - - -] Version for resource type SecurityGroup changed None to 1.0 on consumer Open vSwitch agent@localhost.localdomain _set_version /usr/lib/python2.7/site-packages/neutron/api/rpc/callbacks/version_manager.py:119
2018-09-13 18:38:45.796 6304 DEBUG neutron.api.rpc.callbacks.version_manager [req-940aa9df-ca68-4ff9-a591-37b48d85324c - - - - -] Version for resource type SecurityGroupRule changed None to 1.0 on consumer Open vSwitch agent@localhost.localdomain _set_version /usr/lib/python2.7/site-packages/neutron/api/rpc/callbacks/version_manager.py:119
2018-09-13 18:38:45.797 6304 DEBUG neutron.api.rpc.callbacks.version_manager [req-940aa9df-ca68-4ff9-a591-37b48d85324c - - - - -] Version for resource type Trunk changed None to 1.1 on consumer Open vSwitch agent@localhost.localdomain _set_version /usr/lib/python2.7/site-packages/neutron/api/rpc/callbacks/version_manager.py:119
2018-09-13 18:38:45.797 6304 DEBUG neutron.api.rpc.callbacks.version_manager [req-940aa9df-ca68-4ff9-a591-37b48d85324c - - - - -] Version for resource type QosPolicy changed None to 1.6 on consumer Open vSwitch agent@localhost.localdomain _set_version /usr/lib/python2.7/site-packages/neutron/api/rpc/callbacks/version_manager.py:119
2018-09-13 18:38:45.798 6304 DEBUG neutron.api.rpc.callbacks.version_manager [req-940aa9df-ca68-4ff9-a591-37b48d85324c - - - - -] Version for resource type Port changed None to 1.1 on consumer Open vSwitch agent@localhost.localdomain _set_version /usr/lib/python2.7/site-packages/neutron/api/rpc/callbacks/version_manager.py:119
2018-09-13 18:38:45.799 6304 DEBUG neutron.api.rpc.callbacks.version_manager [req-940aa9df-ca68-4ff9-a591-37b48d85324c - - - - -] Version for resource type Log changed None to 1.0 on consumer Open vSwitch agent@localhost.localdomain _set_version /usr/lib/python2.7/site-packages/neutron/api/rpc/callbacks/version_manager.py:119
2018-09-13 18:38:45.801 6304 DEBUG neutron.api.rpc.callbacks.version_manager [req-940aa9df-ca68-4ff9-a591-37b48d85324c - - - - -] Tracked resource versions report:
pushed versions:
{   'Log': set(['1.0']),
    'Network': set(['1.0']),
    'Port': set(['1.1']),
    'QosPolicy': set(['1.6']),
    'SecurityGroup': set(['1.0']),
    'SecurityGroupRule': set(['1.0']),
    'SubPort': set(['1.0']),
    'Subnet': set(['1.0']),
    'Trunk': set(['1.1'])}

consumer versions:
{   DHCP agent@localhost.localdomain: {   },
    L3 agent@localhost.localdomain: {   },
    Metadata agent@localhost.localdomain: {   },
    Metering agent@localhost.localdomain: {   },
    Open vSwitch agent@localhost.localdomain: {   u'Log': u'1.0',
                                                  u'Network': u'1.0',
                                                  u'Port': u'1.1',
                                                  u'QosPolicy': u'1.6',
                                                  u'SecurityGroup': u'1.0',
                                                  u'SecurityGroupRule': u'1.0',
                                                  u'SubPort': u'1.0',
                                                  u'Subnet': u'1.0',
                                                  u'Trunk': u'1.1'}}
 report /usr/lib/python2.7/site-packages/neutron/api/rpc/callbacks/version_manager.py:178
2018-09-13 18:38:45.815 6304 DEBUG novaclient.v2.client [-] REQ: curl -g -i -X POST http://10.0.20.23:8774/v2.1/368f193974e14846a186e2cbdb34d110/os-server-external-events -H "User-Agent: python-novaclient" -H "Content-Type: application/json" -H "Accept: application/json" -H "X-OpenStack-Nova-API-Version: 2.1" -H "X-Auth-Token: {SHA1}ca9aedbe607f473e5b44ccb772c94d965df04c87" -d '{"events": [{"status": "completed", "tag": "29bf4f50-fd80-4233-9cf8-006d61dd50ab", "name": "network-vif-unplugged", "server_uuid": "b2351cb9-be86-484e-befa-5ebff8ac0d10"}]}' _http_log_request /usr/lib/python2.7/site-packages/keystoneauth1/session.py:375
2018-09-13 18:38:45.839 6304 DEBUG oslo_concurrency.lockutils [req-940aa9df-ca68-4ff9-a591-37b48d85324c - - - - -] Lock "event-dispatch" released by "neutron.plugins.ml2.ovo_rpc.dispatch_events" :: held 0.208s inner /usr/lib/python2.7/site-packages/oslo_concurrency/lockutils.py:282
