2018-07-03 17:57:15.096 12254 DEBUG neutron.db.provisioning_blocks [req-ba55c93e-aa15-4b20-974b-fe71c8bd7c76 - - - - -] Provisioning complete for port b30d6bcc-ef25-44d4-a984-80e45ea1e401 triggered by entity L2. provisioning_complete /usr/lib/python2.7/site-packages/neutron/db/provisioning_blocks.py:138
2018-07-03 17:57:15.097 12254 DEBUG neutron_lib.callbacks.manager [req-ba55c93e-aa15-4b20-974b-fe71c8bd7c76 - - - - -] Notify callbacks ['neutron.plugins.ml2.plugin.Ml2Plugin._port_provisioned-8274340'] for port, provisioning_complete _notify_loop /usr/lib/python2.7/site-packages/neutron_lib/callbacks/manager.py:167
2018-07-03 17:57:15.296 12254 DEBUG neutron_lib.callbacks.manager [req-ba55c93e-aa15-4b20-974b-fe71c8bd7c76 - - - - -] Notify callbacks ['neutron.plugins.ml2.plugin.Ml2Plugin._ensure_default_security_group_handler--9223372036846694808'] for port, before_update _notify_loop /usr/lib/python2.7/site-packages/neutron_lib/callbacks/manager.py:167
2018-07-03 17:57:15.376 12254 DEBUG oslo_concurrency.lockutils [-] Lock "notifier-94c14bc2-46b9-4716-87f9-97fbb8b94c10" acquired by "neutron.notifiers.batch_notifier.synced_send" :: waited 0.000s inner /usr/lib/python2.7/site-packages/oslo_concurrency/lockutils.py:270
2018-07-03 17:57:15.377 12254 DEBUG neutron.notifiers.nova [-] Sending events: [{'status': 'completed', 'tag': u'b30d6bcc-ef25-44d4-a984-80e45ea1e401', 'name': 'network-vif-plugged', 'server_uuid': u'80dd1851-3f67-4409-8de1-8b2bb3d1a6f4'}] send_events /usr/lib/python2.7/site-packages/neutron/notifiers/nova.py:242
2018-07-03 17:57:15.383 12254 DEBUG neutron.plugins.ml2.db [req-ba55c93e-aa15-4b20-974b-fe71c8bd7c76 - - - - -] For port b30d6bcc-ef25-44d4-a984-80e45ea1e401, host localhost.localdomain, got binding levels [<neutron.plugins.ml2.models.PortBindingLevel[object at 7f49e2a43b50] {port_id=u'b30d6bcc-ef25-44d4-a984-80e45ea1e401', host=u'localhost.localdomain', level=0, driver=u'openvswitch', segment_id=u'3094b44f-c5b0-41a4-8ac1-77e3a458cd63'}>] get_binding_levels /usr/lib/python2.7/site-packages/neutron/plugins/ml2/db.py:106
2018-07-03 17:57:15.392 12254 DEBUG neutron_lib.callbacks.manager [req-ba55c93e-aa15-4b20-974b-fe71c8bd7c76 - - - - -] Notify callbacks ['neutron.db.l3_dvrscheduler_db._notify_l3_agent_port_update--9223363289647083343', 'neutron.plugins.ml2.ovo_rpc._ObjectChangeHandler.handle_event-572710', 'neutron.db.l3_hascheduler_db._notify_l3_agent_ha_port_update-8747207693061', 'neutron.plugins.ml2.plugin.Ml2Plugin.notify_sg_on_port_change-8081109', 'neutron.api.rpc.agentnotifiers.dhcp_rpc_agent_api.DhcpAgentNotifyAPI._native_event_send_dhcp_notification-711455'] for port, after_update _notify_loop /usr/lib/python2.7/site-packages/neutron_lib/callbacks/manager.py:167
2018-07-03 17:57:15.409 12254 DEBUG oslo_concurrency.lockutils [-] Lock "event-dispatch" acquired by "neutron.plugins.ml2.ovo_rpc.dispatch_events" :: waited 0.000s inner /usr/lib/python2.7/site-packages/oslo_concurrency/lockutils.py:270
2018-07-03 17:57:15.553 12254 DEBUG neutron.api.rpc.handlers.resources_rpc [req-ba55c93e-aa15-4b20-974b-fe71c8bd7c76 - - - - -] neutron.api.rpc.handlers.resources_rpc.ResourcesPushRpcApi method push called with arguments (<neutron_lib.context.Context object at 0x7f49e284fdd0>, [Port(admin_state_up=True,allowed_address_pairs=[],binding=PortBinding,binding_levels=[PortBindingLevel],created_at=2018-07-03T15:52:21Z,data_plane_status=<?>,description='',device_id='80dd1851-3f67-4409-8de1-8b2bb3d1a6f4',device_owner='compute:nova',dhcp_options=[],distributed_binding=None,dns=None,fixed_ips=[IPAllocation],id=b30d6bcc-ef25-44d4-a984-80e45ea1e401,mac_address=fa:16:3e:0c:08:81,name='',network_id=b4cf2cf1-9641-4f7d-b01c-a4fe72cce2e6,project_id='c7b89747d95d4b19ad8a81be8afb368b',qos_policy_id=None,revision_number=8,security=PortSecurity(b30d6bcc-ef25-44d4-a984-80e45ea1e401),security_group_ids=set([72b4ba5b-e3c0-4b4a-9d86-86187e7d6d44]),status='ACTIVE',updated_at=2018-07-03T15:57:15Z)], 'updated') {} wrapper /usr/lib/python2.7/site-packages/oslo_log/helpers.py:66
2018-07-03 17:57:15.568 12254 DEBUG neutron.api.rpc.callbacks.version_manager [req-ba55c93e-aa15-4b20-974b-fe71c8bd7c76 - - - - -] Version for resource type Subnet changed None to 1.0 on consumer Open vSwitch agent@localhost.localdomain _set_version /usr/lib/python2.7/site-packages/neutron/api/rpc/callbacks/version_manager.py:119
2018-07-03 17:57:15.569 12254 DEBUG neutron.api.rpc.callbacks.version_manager [req-ba55c93e-aa15-4b20-974b-fe71c8bd7c76 - - - - -] Version for resource type Network changed None to 1.0 on consumer Open vSwitch agent@localhost.localdomain _set_version /usr/lib/python2.7/site-packages/neutron/api/rpc/callbacks/version_manager.py:119
2018-07-03 17:57:15.569 12254 DEBUG neutron.api.rpc.callbacks.version_manager [req-ba55c93e-aa15-4b20-974b-fe71c8bd7c76 - - - - -] Version for resource type SubPort changed None to 1.0 on consumer Open vSwitch agent@localhost.localdomain _set_version /usr/lib/python2.7/site-packages/neutron/api/rpc/callbacks/version_manager.py:119
2018-07-03 17:57:15.570 12254 DEBUG neutron.api.rpc.callbacks.version_manager [req-ba55c93e-aa15-4b20-974b-fe71c8bd7c76 - - - - -] Version for resource type SecurityGroup changed None to 1.0 on consumer Open vSwitch agent@localhost.localdomain _set_version /usr/lib/python2.7/site-packages/neutron/api/rpc/callbacks/version_manager.py:119
2018-07-03 17:57:15.571 12254 DEBUG neutron.api.rpc.callbacks.version_manager [req-ba55c93e-aa15-4b20-974b-fe71c8bd7c76 - - - - -] Version for resource type SecurityGroupRule changed None to 1.0 on consumer Open vSwitch agent@localhost.localdomain _set_version /usr/lib/python2.7/site-packages/neutron/api/rpc/callbacks/version_manager.py:119
2018-07-03 17:57:15.571 12254 DEBUG neutron.api.rpc.callbacks.version_manager [req-ba55c93e-aa15-4b20-974b-fe71c8bd7c76 - - - - -] Version for resource type Trunk changed None to 1.1 on consumer Open vSwitch agent@localhost.localdomain _set_version /usr/lib/python2.7/site-packages/neutron/api/rpc/callbacks/version_manager.py:119
2018-07-03 17:57:15.572 12254 DEBUG neutron.api.rpc.callbacks.version_manager [req-ba55c93e-aa15-4b20-974b-fe71c8bd7c76 - - - - -] Version for resource type QosPolicy changed None to 1.6 on consumer Open vSwitch agent@localhost.localdomain _set_version /usr/lib/python2.7/site-packages/neutron/api/rpc/callbacks/version_manager.py:119
2018-07-03 17:57:15.573 12254 DEBUG neutron.api.rpc.callbacks.version_manager [req-ba55c93e-aa15-4b20-974b-fe71c8bd7c76 - - - - -] Version for resource type Port changed None to 1.1 on consumer Open vSwitch agent@localhost.localdomain _set_version /usr/lib/python2.7/site-packages/neutron/api/rpc/callbacks/version_manager.py:119
2018-07-03 17:57:15.574 12254 DEBUG neutron.api.rpc.callbacks.version_manager [req-ba55c93e-aa15-4b20-974b-fe71c8bd7c76 - - - - -] Version for resource type Log changed None to 1.0 on consumer Open vSwitch agent@localhost.localdomain _set_version /usr/lib/python2.7/site-packages/neutron/api/rpc/callbacks/version_manager.py:119
2018-07-03 17:57:15.596 12254 DEBUG oslo_concurrency.lockutils [req-ba55c93e-aa15-4b20-974b-fe71c8bd7c76 - - - - -] Lock "event-dispatch" released by "neutron.plugins.ml2.ovo_rpc.dispatch_events" :: held 0.188s inner /usr/lib/python2.7/site-packages/oslo_concurrency/lockutils.py:282
2018-07-03 17:57:16.299 12254 DEBUG novaclient.v2.client [-] REQ: curl -g -i -X POST http://10.0.20.23:8774/v2.1/4340e242277144a39aad7507a87ea19b/os-server-external-events -H "User-Agent: python-novaclient" -H "Content-Type: application/json" -H "Accept: application/json" -H "X-OpenStack-Nova-API-Version: 2.1" -H "X-Auth-Token: {SHA1}0ddef44b75a42cfe3a574addf631e9ce945c07e7" -d '{"events": [{"status": "completed", "tag": "b30d6bcc-ef25-44d4-a984-80e45ea1e401", "name": "network-vif-plugged", "server_uuid": "80dd1851-3f67-4409-8de1-8b2bb3d1a6f4"}]}' _http_log_request /usr/lib/python2.7/site-packages/keystoneauth1/session.py:375
2018-07-03 17:57:16.827 12258 DEBUG neutron.plugins.ml2.rpc [req-ba55c93e-aa15-4b20-974b-fe71c8bd7c76 - - - - -] Device b30d6bcc-ef25-44d4-a984-80e45ea1e401 up at agent ovs-agent-localhost.localdomain update_device_up /usr/lib/python2.7/site-packages/neutron/plugins/ml2/rpc.py:244
2018-07-03 17:57:16.951 12258 DEBUG neutron.db.provisioning_blocks [req-ba55c93e-aa15-4b20-974b-fe71c8bd7c76 - - - - -] Provisioning complete for port b30d6bcc-ef25-44d4-a984-80e45ea1e401 triggered by entity L2. provisioning_complete /usr/lib/python2.7/site-packages/neutron/db/provisioning_blocks.py:138
2018-07-03 17:57:16.952 12258 DEBUG neutron_lib.callbacks.manager [req-ba55c93e-aa15-4b20-974b-fe71c8bd7c76 - - - - -] Notify callbacks ['neutron.plugins.ml2.plugin.Ml2Plugin._port_provisioned-8274340'] for port, provisioning_complete _notify_loop /usr/lib/python2.7/site-packages/neutron_lib/callbacks/manager.py:167
2018-07-03 17:57:17.141 12254 DEBUG novaclient.v2.client [-] RESP: [200] Content-Length: 183 Content-Type: application/json Openstack-Api-Version: compute 2.1 X-Openstack-Nova-Api-Version: 2.1 Vary: OpenStack-API-Version, X-OpenStack-Nova-API-Version X-Openstack-Request-Id: req-62b6e96b-6976-46a3-85aa-0adfff702780 X-Compute-Request-Id: req-62b6e96b-6976-46a3-85aa-0adfff702780 Date: Tue, 03 Jul 2018 15:57:17 GMT Connection: keep-alive 
RESP BODY: {"events": [{"status": "completed", "tag": "b30d6bcc-ef25-44d4-a984-80e45ea1e401", "name": "network-vif-plugged", "server_uuid": "80dd1851-3f67-4409-8de1-8b2bb3d1a6f4", "code": 200}]}
 _http_log_response /usr/lib/python2.7/site-packages/keystoneauth1/session.py:423
2018-07-03 17:57:17.142 12254 DEBUG novaclient.v2.client [-] POST call to compute for http://10.0.20.23:8774/v2.1/4340e242277144a39aad7507a87ea19b/os-server-external-events used request id req-62b6e96b-6976-46a3-85aa-0adfff702780 request /usr/lib/python2.7/site-packages/keystoneauth1/session.py:727
2018-07-03 17:57:17.149 12254 INFO neutron.notifiers.nova [-] Nova event response: {u'status': u'completed', u'tag': u'b30d6bcc-ef25-44d4-a984-80e45ea1e401', u'name': u'network-vif-plugged', u'server_uuid': u'80dd1851-3f67-4409-8de1-8b2bb3d1a6f4', u'code': 200}
2018-07-03 17:57:18.844 12256 DEBUG neutron_lib.callbacks.manager [req-a505e6ed-0157-470e-9e1b-15d483fbf22b - - - - -] Notify callbacks ['neutron.services.segments.db._update_segment_host_mapping_for_agent-8747208054834'] for agent, after_update _notify_loop /usr/lib/python2.7/site-packages/neutron_lib/callbacks/manager.py:167
2018-07-03 17:57:19.150 12254 DEBUG oslo_concurrency.lockutils [-] Lock "notifier-94c14bc2-46b9-4716-87f9-97fbb8b94c10" released by "neutron.notifiers.batch_notifier.synced_send" :: held 3.774s inner /usr/lib/python2.7/site-packages/oslo_concurrency/lockutils.py:282
2018-07-03 17:57:24.421 12248 INFO neutron.wsgi [req-df0f5ef0-18ce-4331-9d7e-1fef6a22c036 648810f8887644628bce4df2d304b0f7 c7b89747d95d4b19ad8a81be8afb368b - c7d7b425f63f46d0b4a5e098d7efc031 c7d7b425f63f46d0b4a5e098d7efc031] 10.0.20.23 "GET /v2.0/ports?device_id=80dd1851-3f67-4409-8de1-8b2bb3d1a6f4 HTTP/1.1" status: 200  len: 1124 time: 1.9811950
2018-07-03 17:57:24.566 12248 INFO neutron.wsgi [req-697df097-cc23-4dbe-8edc-bb26e4dfc65f 648810f8887644628bce4df2d304b0f7 c7b89747d95d4b19ad8a81be8afb368b - c7d7b425f63f46d0b4a5e098d7efc031 c7d7b425f63f46d0b4a5e098d7efc031] 10.0.20.23 "GET /v2.0/security-groups?id=72b4ba5b-e3c0-4b4a-9d86-86187e7d6d44 HTTP/1.1" status: 200  len: 2118 time: 0.1386101
2018-07-03 17:57:33.776 12254 DEBUG neutron_lib.callbacks.manager [req-ba55c93e-aa15-4b20-974b-fe71c8bd7c76 - - - - -] Notify callbacks ['neutron.services.segments.db._update_segment_host_mapping_for_agent-8747208054834'] for agent, after_update _notify_loop /usr/lib/python2.7/site-packages/neutron_lib/callbacks/manager.py:167
2018-07-03 17:57:38.713 12248 INFO neutron.wsgi [req-b68032ea-296f-4e55-925f-a3f044d29c0e 72eef6c8af39495084702b0217df08d6 4340e242277144a39aad7507a87ea19b - default default] 10.0.20.23 "GET /v2.0/ports?device_id=80dd1851-3f67-4409-8de1-8b2bb3d1a6f4 HTTP/1.1" status: 200  len: 1124 time: 0.1075141
2018-07-03 17:57:38.826 12248 INFO neutron.wsgi [req-56949216-c8cb-4938-8eb4-7cd749d94501 72eef6c8af39495084702b0217df08d6 4340e242277144a39aad7507a87ea19b - default default] 10.0.20.23 "GET /v2.0/security-groups?id=72b4ba5b-e3c0-4b4a-9d86-86187e7d6d44 HTTP/1.1" status: 200  len: 2118 time: 0.1059470
2018-07-03 17:57:39.351 12245 INFO neutron.wsgi [req-46b0bb7f-1ba0-401c-a55c-939462a0a409 72eef6c8af39495084702b0217df08d6 4340e242277144a39aad7507a87ea19b - default default] 10.0.20.23 "GET /v2.0/ports?device_id=80dd1851-3f67-4409-8de1-8b2bb3d1a6f4 HTTP/1.1" status: 200  len: 1124 time: 0.1053019
2018-07-03 17:57:39.452 12245 INFO neutron.wsgi [req-4931a67d-b6d0-4e66-81fc-644714177517 72eef6c8af39495084702b0217df08d6 4340e242277144a39aad7507a87ea19b - default default] 10.0.20.23 "GET /v2.0/security-groups?id=72b4ba5b-e3c0-4b4a-9d86-86187e7d6d44 HTTP/1.1" status: 200  len: 2118 time: 0.0951941
2018-07-03 17:57:41.261 12244 DEBUG neutron.wsgi [-] (12244) accepted ('10.0.20.23', 50296) server /usr/lib/python2.7/site-packages/eventlet/wsgi.py:883
2018-07-03 17:57:41.961 12244 INFO neutron.wsgi [req-211d3f73-0e02-4065-9fe9-712238ff7109 72eef6c8af39495084702b0217df08d6 4340e242277144a39aad7507a87ea19b - default default] 10.0.20.23 "GET /v2.0/ports?device_id=80dd1851-3f67-4409-8de1-8b2bb3d1a6f4 HTTP/1.1" status: 200  len: 1124 time: 0.6983140
2018-07-03 17:57:42.092 12244 INFO neutron.wsgi [req-fca68202-9f9e-4673-808b-dd96cb06f016 72eef6c8af39495084702b0217df08d6 4340e242277144a39aad7507a87ea19b - default default] 10.0.20.23 "GET /v2.0/security-groups?id=72b4ba5b-e3c0-4b4a-9d86-86187e7d6d44 HTTP/1.1" status: 200  len: 2118 time: 0.1066511
2018-07-03 17:57:42.694 12247 INFO neutron.wsgi [req-54e1642a-906e-42e5-b1dc-97a0201616ad 72eef6c8af39495084702b0217df08d6 4340e242277144a39aad7507a87ea19b - default default] 10.0.20.23 "GET /v2.0/ports?tenant_id=c7b89747d95d4b19ad8a81be8afb368b&device_id=80dd1851-3f67-4409-8de1-8b2bb3d1a6f4 HTTP/1.1" status: 200  len: 1124 time: 0.5428240
2018-07-03 17:57:43.164 12247 DEBUG neutron.pecan_wsgi.hooks.policy_enforcement [req-b39226a8-fca4-4cf3-8754-de128daf4320 72eef6c8af39495084702b0217df08d6 4340e242277144a39aad7507a87ea19b - default default] Attributes excluded by policy engine: [u'vlan_transparent'] _exclude_attributes_by_policy /usr/lib/python2.7/site-packages/neutron/pecan_wsgi/hooks/policy_enforcement.py:256
2018-07-03 17:57:43.167 12247 INFO neutron.wsgi [req-b39226a8-fca4-4cf3-8754-de128daf4320 72eef6c8af39495084702b0217df08d6 4340e242277144a39aad7507a87ea19b - default default] 10.0.20.23 "GET /v2.0/networks?id=b4cf2cf1-9641-4f7d-b01c-a4fe72cce2e6 HTTP/1.1" status: 200  len: 885 time: 0.4660630
2018-07-03 17:57:43.262 12247 INFO neutron.wsgi [req-712fb939-d2a3-473b-8519-82cabbf0933a 72eef6c8af39495084702b0217df08d6 4340e242277144a39aad7507a87ea19b - default default] 10.0.20.23 "GET /v2.0/floatingips?fixed_ip_address=11.111.1.4&port_id=b30d6bcc-ef25-44d4-a984-80e45ea1e401 HTTP/1.1" status: 200  len: 751 time: 0.0858500
2018-07-03 17:57:43.470 12258 DEBUG neutron_lib.callbacks.manager [req-a111deb3-af68-4e59-8e33-ea6aa1eec35a - - - - -] Notify callbacks ['neutron.services.segments.db._update_segment_host_mapping_for_agent-8747208054834'] for agent, after_update _notify_loop /usr/lib/python2.7/site-packages/neutron_lib/callbacks/manager.py:167
2018-07-03 17:57:43.496 12247 DEBUG neutron.pecan_wsgi.hooks.policy_enforcement [req-63be129a-908c-43fe-b99a-821e8cf5639f 72eef6c8af39495084702b0217df08d6 4340e242277144a39aad7507a87ea19b - default default] Attributes excluded by policy engine: [u'shared'] _exclude_attributes_by_policy /usr/lib/python2.7/site-packages/neutron/pecan_wsgi/hooks/policy_enforcement.py:256
2018-07-03 17:57:43.502 12247 INFO neutron.wsgi [req-63be129a-908c-43fe-b99a-821e8cf5639f 72eef6c8af39495084702b0217df08d6 4340e242277144a39aad7507a87ea19b - default default] 10.0.20.23 "GET /v2.0/subnets?id=f31a3f3b-dba2-429a-8cfd-872a9b625a19 HTTP/1.1" status: 200  len: 847 time: 0.2253499
2018-07-03 17:57:43.726 12247 INFO neutron.wsgi [req-818447dc-9e9a-4c0f-ace4-cb771d8c2596 72eef6c8af39495084702b0217df08d6 4340e242277144a39aad7507a87ea19b - default default] 10.0.20.23 "GET /v2.0/ports?network_id=b4cf2cf1-9641-4f7d-b01c-a4fe72cce2e6&device_owner=network%3Adhcp HTTP/1.1" status: 200  len: 1128 time: 0.2028010
2018-07-03 17:57:43.844 12260 DEBUG neutron.db.agents_db [req-3edeef68-98a0-466f-affb-274a1bb4a0b0 - - - - -] Agent healthcheck: found 5 active agents agent_health_check /usr/lib/python2.7/site-packages/neutron/db/agents_db.py:281
2018-07-03 17:57:44.098 12259 DEBUG neutron_lib.callbacks.manager [req-0c267eb6-901f-4dc1-9700-30b399a9149d - - - - -] Notify callbacks ['neutron.services.segments.db._update_segment_host_mapping_for_agent-8747208054834'] for agent, after_update _notify_loop /usr/lib/python2.7/site-packages/neutron_lib/callbacks/manager.py:167
2018-07-03 17:57:44.175 12253 DEBUG neutron_lib.callbacks.manager [req-fac7a069-d609-41bd-b33c-9d6dec8f4b30 - - - - -] Notify callbacks ['neutron.services.segments.db._update_segment_host_mapping_for_agent-8747208054834'] for agent, after_update _notify_loop /usr/lib/python2.7/site-packages/neutron_lib/callbacks/manager.py:167
2018-07-03 17:57:44.755 12248 DEBUG neutron.wsgi [-] (12248) accepted ('10.0.20.23', 50336) server /usr/lib/python2.7/site-packages/eventlet/wsgi.py:883
2018-07-03 17:57:45.273 12248 INFO neutron.wsgi [req-9a81d0e0-3410-4acb-b7ad-abfc8bd67b68 72eef6c8af39495084702b0217df08d6 4340e242277144a39aad7507a87ea19b - default default] 10.0.20.23 "GET /v2.0/ports?device_id=80dd1851-3f67-4409-8de1-8b2bb3d1a6f4 HTTP/1.1" status: 200  len: 1124 time: 0.5159571
2018-07-03 17:57:45.399 12248 INFO neutron.wsgi [req-2944d0b9-4d88-422e-ad47-0358d5501d0e 72eef6c8af39495084702b0217df08d6 4340e242277144a39aad7507a87ea19b - default default] 10.0.20.23 "GET /v2.0/security-groups?id=72b4ba5b-e3c0-4b4a-9d86-86187e7d6d44 HTTP/1.1" status: 200  len: 2118 time: 0.1010630
2018-07-03 17:57:45.851 12244 INFO neutron.wsgi [req-4efc573b-4853-4104-b6e6-b36bb7b1e284 72eef6c8af39495084702b0217df08d6 4340e242277144a39aad7507a87ea19b - default default] 10.0.20.23 "GET /v2.0/ports?device_id=80dd1851-3f67-4409-8de1-8b2bb3d1a6f4 HTTP/1.1" status: 200  len: 1124 time: 0.1119859
2018-07-03 17:57:45.937 12244 INFO neutron.wsgi [req-a33710ce-3b2e-4bbf-9c29-41f73da83ec9 72eef6c8af39495084702b0217df08d6 4340e242277144a39aad7507a87ea19b - default default] 10.0.20.23 "GET /v2.0/security-groups?id=72b4ba5b-e3c0-4b4a-9d86-86187e7d6d44 HTTP/1.1" status: 200  len: 2118 time: 0.0798531
2018-07-03 17:57:48.105 12243 INFO neutron.wsgi [req-4e0d1130-f2cb-4b4e-99a1-b1285bdb25ef 72eef6c8af39495084702b0217df08d6 4340e242277144a39aad7507a87ea19b - default default] 10.0.20.23 "GET /v2.0/ports?device_id=80dd1851-3f67-4409-8de1-8b2bb3d1a6f4 HTTP/1.1" status: 200  len: 1124 time: 0.1262760
2018-07-03 17:57:48.213 12243 INFO neutron.wsgi [req-33bbd3e3-857f-465a-b88d-a465b26fbaf3 72eef6c8af39495084702b0217df08d6 4340e242277144a39aad7507a87ea19b - default default] 10.0.20.23 "GET /v2.0/security-groups?id=72b4ba5b-e3c0-4b4a-9d86-86187e7d6d44 HTTP/1.1" status: 200  len: 2118 time: 0.1008079
2018-07-03 17:57:48.826 12250 DEBUG neutron_lib.callbacks.manager [req-a505e6ed-0157-470e-9e1b-15d483fbf22b - - - - -] Notify callbacks ['neutron.services.segments.db._update_segment_host_mapping_for_agent-8747208054834'] for agent, after_update _notify_loop /usr/lib/python2.7/site-packages/neutron_lib/callbacks/manager.py:167
2018-07-03 17:58:03.813 12255 DEBUG neutron_lib.callbacks.manager [req-ba55c93e-aa15-4b20-974b-fe71c8bd7c76 - - - - -] Notify callbacks ['neutron.services.segments.db._update_segment_host_mapping_for_agent-8747208054834'] for agent, after_update _notify_loop /usr/lib/python2.7/site-packages/neutron_lib/callbacks/manager.py:167
2018-07-03 17:58:13.462 12251 DEBUG neutron_lib.callbacks.manager [req-a111deb3-af68-4e59-8e33-ea6aa1eec35a - - - - -] Notify callbacks ['neutron.services.segments.db._update_segment_host_mapping_for_agent-8747208054834'] for agent, after_update _notify_loop /usr/lib/python2.7/site-packages/neutron_lib/callbacks/manager.py:167
2018-07-03 17:58:14.083 12252 DEBUG neutron_lib.callbacks.manager [req-c5107099-7561-4dd7-89b9-0e7277a1d2ff - - - - -] Notify callbacks ['neutron.services.segments.db._update_segment_host_mapping_for_agent-8747208054834'] for agent, after_update _notify_loop /usr/lib/python2.7/site-packages/neutron_lib/callbacks/manager.py:167
2018-07-03 17:58:14.175 12256 DEBUG neutron_lib.callbacks.manager [req-bd41fd28-aeb2-4ba9-88f1-ac40d1abef0b - - - - -] Notify callbacks ['neutron.services.segments.db._update_segment_host_mapping_for_agent-8747208054834'] for agent, after_update _notify_loop /usr/lib/python2.7/site-packages/neutron_lib/callbacks/manager.py:167
2018-07-03 17:58:18.830 12254 DEBUG neutron_lib.callbacks.manager [req-a505e6ed-0157-470e-9e1b-15d483fbf22b - - - - -] Notify callbacks ['neutron.services.segments.db._update_segment_host_mapping_for_agent-8747208054834'] for agent, after_update _notify_loop /usr/lib/python2.7/site-packages/neutron_lib/callbacks/manager.py:167
2018-07-03 17:58:20.840 12260 DEBUG neutron.db.agents_db [req-3edeef68-98a0-466f-affb-274a1bb4a0b0 - - - - -] Agent healthcheck: found 5 active agents agent_health_check /usr/lib/python2.7/site-packages/neutron/db/agents_db.py:281
2018-07-03 17:58:33.769 12258 DEBUG neutron_lib.callbacks.manager [req-ba55c93e-aa15-4b20-974b-fe71c8bd7c76 - - - - -] Notify callbacks ['neutron.services.segments.db._update_segment_host_mapping_for_agent-8747208054834'] for agent, after_update _notify_loop /usr/lib/python2.7/site-packages/neutron_lib/callbacks/manager.py:167
2018-07-03 17:58:42.301 12247 INFO neutron.wsgi [req-60d80b0a-49dd-4710-a13c-4798ad998651 72eef6c8af39495084702b0217df08d6 4340e242277144a39aad7507a87ea19b - default default] 10.0.20.23 "GET /v2.0/ports?tenant_id=007e7f1ed2554995b505b934dd328646&device_id=f14c2b46-9095-4307-a38c-260473ea3ec3 HTTP/1.1" status: 200  len: 1125 time: 0.1240890
2018-07-03 17:58:42.556 12247 DEBUG neutron.pecan_wsgi.hooks.policy_enforcement [req-8acfd501-e049-4f80-90ac-fd23d559a94f 72eef6c8af39495084702b0217df08d6 4340e242277144a39aad7507a87ea19b - default default] Attributes excluded by policy engine: [u'vlan_transparent'] _exclude_attributes_by_policy /usr/lib/python2.7/site-packages/neutron/pecan_wsgi/hooks/policy_enforcement.py:256
2018-07-03 17:58:42.560 12247 INFO neutron.wsgi [req-8acfd501-e049-4f80-90ac-fd23d559a94f 72eef6c8af39495084702b0217df08d6 4340e242277144a39aad7507a87ea19b - default default] 10.0.20.23 "GET /v2.0/networks?id=27d015bc-8cdc-4cb5-ad0f-6c388c7b7d5e HTTP/1.1" status: 200  len: 888 time: 0.2529221
2018-07-03 17:58:42.608 12247 INFO neutron.wsgi [req-4f74f4a6-593d-40ed-b9d4-d8918f7ee0c1 72eef6c8af39495084702b0217df08d6 4340e242277144a39aad7507a87ea19b - default default] 10.0.20.23 "GET /v2.0/floatingips?fixed_ip_address=172.24.4.12&port_id=3bcb5505-8394-4288-9cf1-f80fb69834e3 HTTP/1.1" status: 200  len: 217 time: 0.0419040
2018-07-03 17:58:42.743 12247 DEBUG neutron.pecan_wsgi.hooks.policy_enforcement [req-8192bfb3-99c1-4a6e-aa27-9a0ce388db2c 72eef6c8af39495084702b0217df08d6 4340e242277144a39aad7507a87ea19b - default default] Attributes excluded by policy engine: [u'shared'] _exclude_attributes_by_policy /usr/lib/python2.7/site-packages/neutron/pecan_wsgi/hooks/policy_enforcement.py:256
2018-07-03 17:58:42.746 12247 INFO neutron.wsgi [req-8192bfb3-99c1-4a6e-aa27-9a0ce388db2c 72eef6c8af39495084702b0217df08d6 4340e242277144a39aad7507a87ea19b - default default] 10.0.20.23 "GET /v2.0/subnets?id=13c1b0d0-0ad2-44d1-9c10-321cd0119f52 HTTP/1.1" status: 200  len: 819 time: 0.1304400
2018-07-03 17:58:42.829 12247 INFO neutron.wsgi [req-c28efa48-15fb-4dcd-bf4b-3aa6f8314db0 72eef6c8af39495084702b0217df08d6 4340e242277144a39aad7507a87ea19b - default default] 10.0.20.23 "GET /v2.0/ports?network_id=27d015bc-8cdc-4cb5-ad0f-6c388c7b7d5e&device_owner=network%3Adhcp HTTP/1.1" status: 200  len: 210 time: 0.0777080
2018-07-03 17:58:43.456 12259 DEBUG neutron_lib.callbacks.manager [req-a111deb3-af68-4e59-8e33-ea6aa1eec35a - - - - -] Notify callbacks ['neutron.services.segments.db._update_segment_host_mapping_for_agent-8747208054834'] for agent, after_update _notify_loop /usr/lib/python2.7/site-packages/neutron_lib/callbacks/manager.py:167
2018-07-03 17:58:44.084 12253 DEBUG neutron_lib.callbacks.manager [req-15b39ee9-f6c9-4e3d-8527-fbf51676660b - - - - -] Notify callbacks ['neutron.services.segments.db._update_segment_host_mapping_for_agent-8747208054834'] for agent, after_update _notify_loop /usr/lib/python2.7/site-packages/neutron_lib/callbacks/manager.py:167
2018-07-03 17:58:44.179 12250 DEBUG neutron_lib.callbacks.manager [req-12e294be-1ffe-4778-b34d-a9817cf1c0d5 - - - - -] Notify callbacks ['neutron.services.segments.db._update_segment_host_mapping_for_agent-8747208054834'] for agent, after_update _notify_loop /usr/lib/python2.7/site-packages/neutron_lib/callbacks/manager.py:167
2018-07-03 17:58:48.832 12255 DEBUG neutron_lib.callbacks.manager [req-a505e6ed-0157-470e-9e1b-15d483fbf22b - - - - -] Notify callbacks ['neutron.services.segments.db._update_segment_host_mapping_for_agent-8747208054834'] for agent, after_update _notify_loop /usr/lib/python2.7/site-packages/neutron_lib/callbacks/manager.py:167
2018-07-03 17:58:57.842 12260 DEBUG neutron.db.agents_db [req-3edeef68-98a0-466f-affb-274a1bb4a0b0 - - - - -] Agent healthcheck: found 5 active agents agent_health_check /usr/lib/python2.7/site-packages/neutron/db/agents_db.py:281
2018-07-03 17:59:03.777 12251 DEBUG neutron_lib.callbacks.manager [req-ba55c93e-aa15-4b20-974b-fe71c8bd7c76 - - - - -] Notify callbacks ['neutron.services.segments.db._update_segment_host_mapping_for_agent-8747208054834'] for agent, after_update _notify_loop /usr/lib/python2.7/site-packages/neutron_lib/callbacks/manager.py:167
2018-07-03 17:59:13.463 12252 DEBUG neutron_lib.callbacks.manager [req-a111deb3-af68-4e59-8e33-ea6aa1eec35a - - - - -] Notify callbacks ['neutron.services.segments.db._update_segment_host_mapping_for_agent-8747208054834'] for agent, after_update _notify_loop /usr/lib/python2.7/site-packages/neutron_lib/callbacks/manager.py:167
2018-07-03 17:59:14.084 12256 DEBUG neutron_lib.callbacks.manager [req-7b283426-e4f6-4e1f-9fa1-8a5f7c036126 - - - - -] Notify callbacks ['neutron.services.segments.db._update_segment_host_mapping_for_agent-8747208054834'] for agent, after_update _notify_loop /usr/lib/python2.7/site-packages/neutron_lib/callbacks/manager.py:167
2018-07-03 17:59:14.173 12254 DEBUG neutron_lib.callbacks.manager [req-cecc8b23-5f77-4a63-a5b2-4dddec4d8db9 - - - - -] Notify callbacks ['neutron.services.segments.db._update_segment_host_mapping_for_agent-8747208054834'] for agent, after_update _notify_loop /usr/lib/python2.7/site-packages/neutron_lib/callbacks/manager.py:167
2018-07-03 17:59:18.833 12258 DEBUG neutron_lib.callbacks.manager [req-a505e6ed-0157-470e-9e1b-15d483fbf22b - - - - -] Notify callbacks ['neutron.services.segments.db._update_segment_host_mapping_for_agent-8747208054834'] for agent, after_update _notify_loop /usr/lib/python2.7/site-packages/neutron_lib/callbacks/manager.py:167
2018-07-03 17:59:33.768 12259 DEBUG neutron_lib.callbacks.manager [req-ba55c93e-aa15-4b20-974b-fe71c8bd7c76 - - - - -] Notify callbacks ['neutron.services.segments.db._update_segment_host_mapping_for_agent-8747208054834'] for agent, after_update _notify_loop /usr/lib/python2.7/site-packages/neutron_lib/callbacks/manager.py:167
2018-07-03 17:59:34.851 12260 DEBUG neutron.db.agents_db [req-3edeef68-98a0-466f-affb-274a1bb4a0b0 - - - - -] Agent healthcheck: found 5 active agents agent_health_check /usr/lib/python2.7/site-packages/neutron/db/agents_db.py:281
2018-07-03 17:59:42.907 12248 DEBUG neutron.wsgi [-] (12248) accepted ('10.0.20.23', 52590) server /usr/lib/python2.7/site-packages/eventlet/wsgi.py:883
2018-07-03 17:59:42.911 12248 INFO neutron.wsgi [-] 10.0.20.23 "GET / HTTP/1.1" status: 200  len: 252 time: 0.0025511
2018-07-03 17:59:43.375 12248 INFO neutron.api.v2.resource [req-42d96f89-b4ad-497d-a5a3-526a2fb326ea 648810f8887644628bce4df2d304b0f7 c7b89747d95d4b19ad8a81be8afb368b - c7d7b425f63f46d0b4a5e098d7efc031 c7d7b425f63f46d0b4a5e098d7efc031] show failed (client error): The resource could not be found.
2018-07-03 17:59:43.377 12248 INFO neutron.wsgi [req-42d96f89-b4ad-497d-a5a3-526a2fb326ea 648810f8887644628bce4df2d304b0f7 c7b89747d95d4b19ad8a81be8afb368b - c7d7b425f63f46d0b4a5e098d7efc031 c7d7b425f63f46d0b4a5e098d7efc031] 10.0.20.23 "GET /v2.0/floatingips/172.24.4.10 HTTP/1.1" status: 404  len: 326 time: 0.4614789
2018-07-03 17:59:43.431 12248 INFO neutron.wsgi [req-fadc3b00-3e0c-453a-a8b4-6a305b31685c 648810f8887644628bce4df2d304b0f7 c7b89747d95d4b19ad8a81be8afb368b - c7d7b425f63f46d0b4a5e098d7efc031 c7d7b425f63f46d0b4a5e098d7efc031] 10.0.20.23 "GET /v2.0/floatingips HTTP/1.1" status: 200  len: 1208 time: 0.0453329
2018-07-03 17:59:43.473 12253 DEBUG neutron_lib.callbacks.manager [req-a111deb3-af68-4e59-8e33-ea6aa1eec35a - - - - -] Notify callbacks ['neutron.services.segments.db._update_segment_host_mapping_for_agent-8747208054834'] for agent, after_update _notify_loop /usr/lib/python2.7/site-packages/neutron_lib/callbacks/manager.py:167
2018-07-03 17:59:43.513 12248 DEBUG neutron.plugins.ml2.plugin [req-64723eb8-b4ba-4c37-be2b-351252d12dfa 648810f8887644628bce4df2d304b0f7 c7b89747d95d4b19ad8a81be8afb368b - c7d7b425f63f46d0b4a5e098d7efc031 c7d7b425f63f46d0b4a5e098d7efc031] Deleting port a3bebad9-061c-41b5-886a-be675c5f4bea _pre_delete_port /usr/lib/python2.7/site-packages/neutron/plugins/ml2/plugin.py:1488
2018-07-03 17:59:43.514 12248 DEBUG neutron_lib.callbacks.manager [req-64723eb8-b4ba-4c37-be2b-351252d12dfa 648810f8887644628bce4df2d304b0f7 c7b89747d95d4b19ad8a81be8afb368b - c7d7b425f63f46d0b4a5e098d7efc031 c7d7b425f63f46d0b4a5e098d7efc031] Notify callbacks ['neutron.db.l3_db._prevent_l3_port_delete_callback-8747208254694'] for port, before_delete _notify_loop /usr/lib/python2.7/site-packages/neutron_lib/callbacks/manager.py:167
2018-07-03 17:59:44.131 12250 DEBUG neutron_lib.callbacks.manager [req-94fbc07e-22ba-4c0e-8ae4-9410810e0bf2 - - - - -] Notify callbacks ['neutron.services.segments.db._update_segment_host_mapping_for_agent-8747208054834'] for agent, after_update _notify_loop /usr/lib/python2.7/site-packages/neutron_lib/callbacks/manager.py:167
2018-07-03 17:59:44.187 12255 DEBUG neutron_lib.callbacks.manager [req-7d8cbd20-bb17-4313-936e-1db3adfaf5b8 - - - - -] Notify callbacks ['neutron.services.segments.db._update_segment_host_mapping_for_agent-8747208054834'] for agent, after_update _notify_loop /usr/lib/python2.7/site-packages/neutron_lib/callbacks/manager.py:167
2018-07-03 17:59:44.272 12248 DEBUG neutron.plugins.ml2.plugin [req-64723eb8-b4ba-4c37-be2b-351252d12dfa 648810f8887644628bce4df2d304b0f7 c7b89747d95d4b19ad8a81be8afb368b - c7d7b425f63f46d0b4a5e098d7efc031 c7d7b425f63f46d0b4a5e098d7efc031] Calling delete_port for a3bebad9-061c-41b5-886a-be675c5f4bea owned by network:floatingip delete_port /usr/lib/python2.7/site-packages/neutron/plugins/ml2/plugin.py:1547
2018-07-03 17:59:44.312 12247 INFO neutron.wsgi [req-73a3df5d-3e02-4a54-b380-63350c9374a0 72eef6c8af39495084702b0217df08d6 4340e242277144a39aad7507a87ea19b - default default] 10.0.20.23 "GET /v2.0/ports?tenant_id=c7b89747d95d4b19ad8a81be8afb368b&device_id=80dd1851-3f67-4409-8de1-8b2bb3d1a6f4 HTTP/1.1" status: 200  len: 1124 time: 0.1053579
2018-07-03 17:59:44.491 12248 DEBUG neutron_lib.callbacks.manager [req-64723eb8-b4ba-4c37-be2b-351252d12dfa 648810f8887644628bce4df2d304b0f7 c7b89747d95d4b19ad8a81be8afb368b - c7d7b425f63f46d0b4a5e098d7efc031 c7d7b425f63f46d0b4a5e098d7efc031] Notify callbacks ['neutron.db.l3_dvrscheduler_db._notify_port_delete-8747207692458', 'neutron.plugins.ml2.ovo_rpc._ObjectChangeHandler.handle_event-572710', 'neutron.db.l3_db._notify_routers_callback--9223363289646543168', 'neutron.plugins.ml2.plugin.Ml2Plugin.notify_sg_on_port_change-8081109', 'neutron.api.rpc.agentnotifiers.dhcp_rpc_agent_api.DhcpAgentNotifyAPI._native_event_send_dhcp_notification-711455'] for port, after_delete _notify_loop /usr/lib/python2.7/site-packages/neutron_lib/callbacks/manager.py:167
2018-07-03 17:59:44.542 12247 DEBUG neutron.pecan_wsgi.hooks.policy_enforcement [req-025622a5-51f2-487a-a295-5f354f88e2a5 72eef6c8af39495084702b0217df08d6 4340e242277144a39aad7507a87ea19b - default default] Attributes excluded by policy engine: [u'vlan_transparent'] _exclude_attributes_by_policy /usr/lib/python2.7/site-packages/neutron/pecan_wsgi/hooks/policy_enforcement.py:256
2018-07-03 17:59:44.544 12247 INFO neutron.wsgi [req-025622a5-51f2-487a-a295-5f354f88e2a5 72eef6c8af39495084702b0217df08d6 4340e242277144a39aad7507a87ea19b - default default] 10.0.20.23 "GET /v2.0/networks?id=b4cf2cf1-9641-4f7d-b01c-a4fe72cce2e6 HTTP/1.1" status: 200  len: 885 time: 0.2273200
2018-07-03 17:59:44.584 12248 DEBUG oslo_concurrency.lockutils [-] Lock "event-dispatch" acquired by "neutron.plugins.ml2.ovo_rpc.dispatch_events" :: waited 0.000s inner /usr/lib/python2.7/site-packages/oslo_concurrency/lockutils.py:270
2018-07-03 17:59:44.588 12247 INFO neutron.wsgi [req-4e43cc9d-9bec-46b0-91a6-1ddd194c2cfd 72eef6c8af39495084702b0217df08d6 4340e242277144a39aad7507a87ea19b - default default] 10.0.20.23 "GET /v2.0/floatingips?fixed_ip_address=11.111.1.4&port_id=b30d6bcc-ef25-44d4-a984-80e45ea1e401 HTTP/1.1" status: 200  len: 217 time: 0.0381370
2018-07-03 17:59:44.680 12248 DEBUG neutron.api.rpc.handlers.resources_rpc [req-64723eb8-b4ba-4c37-be2b-351252d12dfa 648810f8887644628bce4df2d304b0f7 c7b89747d95d4b19ad8a81be8afb368b - - -] neutron.api.rpc.handlers.resources_rpc.ResourcesPushRpcApi method push called with arguments (<neutron_lib.context.Context object at 0x7f49e24275d0>, [Port(admin_state_up=<?>,allowed_address_pairs=<?>,binding=<?>,binding_levels=<?>,created_at=<?>,data_plane_status=<?>,description=<?>,device_id=<?>,device_owner=<?>,dhcp_options=<?>,distributed_binding=<?>,dns=<?>,fixed_ips=<?>,id=a3bebad9-061c-41b5-886a-be675c5f4bea,mac_address=<?>,name=<?>,network_id=<?>,project_id=<?>,qos_policy_id=None,revision_number=<?>,security=<?>,security_group_ids=None,status=<?>,updated_at=<?>)], 'deleted') {} wrapper /usr/lib/python2.7/site-packages/oslo_log/helpers.py:66
2018-07-03 17:59:44.734 12247 DEBUG neutron.pecan_wsgi.hooks.policy_enforcement [req-9f50f597-3ea4-4ab2-a577-79141614a013 72eef6c8af39495084702b0217df08d6 4340e242277144a39aad7507a87ea19b - default default] Attributes excluded by policy engine: [u'shared'] _exclude_attributes_by_policy /usr/lib/python2.7/site-packages/neutron/pecan_wsgi/hooks/policy_enforcement.py:256
2018-07-03 17:59:44.736 12247 INFO neutron.wsgi [req-9f50f597-3ea4-4ab2-a577-79141614a013 72eef6c8af39495084702b0217df08d6 4340e242277144a39aad7507a87ea19b - default default] 10.0.20.23 "GET /v2.0/subnets?id=f31a3f3b-dba2-429a-8cfd-872a9b625a19 HTTP/1.1" status: 200  len: 847 time: 0.1417520
2018-07-03 17:59:44.778 12248 DEBUG neutron.api.rpc.callbacks.version_manager [req-64723eb8-b4ba-4c37-be2b-351252d12dfa 648810f8887644628bce4df2d304b0f7 c7b89747d95d4b19ad8a81be8afb368b - - -] Version for resource type Subnet changed None to 1.0 on consumer Open vSwitch agent@localhost.localdomain _set_version /usr/lib/python2.7/site-packages/neutron/api/rpc/callbacks/version_manager.py:119
2018-07-03 17:59:44.779 12248 DEBUG neutron.api.rpc.callbacks.version_manager [req-64723eb8-b4ba-4c37-be2b-351252d12dfa 648810f8887644628bce4df2d304b0f7 c7b89747d95d4b19ad8a81be8afb368b - - -] Version for resource type Network changed None to 1.0 on consumer Open vSwitch agent@localhost.localdomain _set_version /usr/lib/python2.7/site-packages/neutron/api/rpc/callbacks/version_manager.py:119
2018-07-03 17:59:44.780 12248 DEBUG neutron.api.rpc.callbacks.version_manager [req-64723eb8-b4ba-4c37-be2b-351252d12dfa 648810f8887644628bce4df2d304b0f7 c7b89747d95d4b19ad8a81be8afb368b - - -] Version for resource type SubPort changed None to 1.0 on consumer Open vSwitch agent@localhost.localdomain _set_version /usr/lib/python2.7/site-packages/neutron/api/rpc/callbacks/version_manager.py:119
2018-07-03 17:59:44.781 12248 DEBUG neutron.api.rpc.callbacks.version_manager [req-64723eb8-b4ba-4c37-be2b-351252d12dfa 648810f8887644628bce4df2d304b0f7 c7b89747d95d4b19ad8a81be8afb368b - - -] Version for resource type SecurityGroup changed None to 1.0 on consumer Open vSwitch agent@localhost.localdomain _set_version /usr/lib/python2.7/site-packages/neutron/api/rpc/callbacks/version_manager.py:119
2018-07-03 17:59:44.781 12248 DEBUG neutron.api.rpc.callbacks.version_manager [req-64723eb8-b4ba-4c37-be2b-351252d12dfa 648810f8887644628bce4df2d304b0f7 c7b89747d95d4b19ad8a81be8afb368b - - -] Version for resource type SecurityGroupRule changed None to 1.0 on consumer Open vSwitch agent@localhost.localdomain _set_version /usr/lib/python2.7/site-packages/neutron/api/rpc/callbacks/version_manager.py:119
2018-07-03 17:59:44.782 12248 DEBUG neutron.api.rpc.callbacks.version_manager [req-64723eb8-b4ba-4c37-be2b-351252d12dfa 648810f8887644628bce4df2d304b0f7 c7b89747d95d4b19ad8a81be8afb368b - - -] Version for resource type Trunk changed None to 1.1 on consumer Open vSwitch agent@localhost.localdomain _set_version /usr/lib/python2.7/site-packages/neutron/api/rpc/callbacks/version_manager.py:119
2018-07-03 17:59:44.783 12248 DEBUG neutron.api.rpc.callbacks.version_manager [req-64723eb8-b4ba-4c37-be2b-351252d12dfa 648810f8887644628bce4df2d304b0f7 c7b89747d95d4b19ad8a81be8afb368b - - -] Version for resource type QosPolicy changed None to 1.6 on consumer Open vSwitch agent@localhost.localdomain _set_version /usr/lib/python2.7/site-packages/neutron/api/rpc/callbacks/version_manager.py:119
2018-07-03 17:59:44.783 12248 DEBUG neutron.api.rpc.callbacks.version_manager [req-64723eb8-b4ba-4c37-be2b-351252d12dfa 648810f8887644628bce4df2d304b0f7 c7b89747d95d4b19ad8a81be8afb368b - - -] Version for resource type Port changed None to 1.1 on consumer Open vSwitch agent@localhost.localdomain _set_version /usr/lib/python2.7/site-packages/neutron/api/rpc/callbacks/version_manager.py:119
2018-07-03 17:59:44.784 12248 DEBUG neutron.api.rpc.callbacks.version_manager [req-64723eb8-b4ba-4c37-be2b-351252d12dfa 648810f8887644628bce4df2d304b0f7 c7b89747d95d4b19ad8a81be8afb368b - - -] Version for resource type Log changed None to 1.0 on consumer Open vSwitch agent@localhost.localdomain _set_version /usr/lib/python2.7/site-packages/neutron/api/rpc/callbacks/version_manager.py:119
2018-07-03 17:59:44.818 12248 DEBUG oslo_concurrency.lockutils [req-64723eb8-b4ba-4c37-be2b-351252d12dfa 648810f8887644628bce4df2d304b0f7 c7b89747d95d4b19ad8a81be8afb368b - - -] Lock "event-dispatch" released by "neutron.plugins.ml2.ovo_rpc.dispatch_events" :: held 0.235s inner /usr/lib/python2.7/site-packages/oslo_concurrency/lockutils.py:282
2018-07-03 17:59:44.858 12247 INFO neutron.wsgi [req-8fef6090-6f45-449c-a48a-701b972dff18 72eef6c8af39495084702b0217df08d6 4340e242277144a39aad7507a87ea19b - default default] 10.0.20.23 "GET /v2.0/ports?network_id=b4cf2cf1-9641-4f7d-b01c-a4fe72cce2e6&device_owner=network%3Adhcp HTTP/1.1" status: 200  len: 1128 time: 0.1131189
2018-07-03 17:59:45.301 12248 DEBUG neutron.scheduler.l3_agent_scheduler [req-64723eb8-b4ba-4c37-be2b-351252d12dfa 648810f8887644628bce4df2d304b0f7 c7b89747d95d4b19ad8a81be8afb368b - c7d7b425f63f46d0b4a5e098d7efc031 c7d7b425f63f46d0b4a5e098d7efc031] Router 51c90ac9-c466-4e30-84fb-1da2fe230f76 has already been hosted by L3 agent f3b2a706-18d3-46f7-853e-b527dfd7fad6 _get_candidates /usr/lib/python2.7/site-packages/neutron/scheduler/l3_agent_scheduler.py:141
2018-07-03 17:59:45.478 12248 DEBUG neutron.api.rpc.agentnotifiers.l3_rpc_agent_api [req-64723eb8-b4ba-4c37-be2b-351252d12dfa 648810f8887644628bce4df2d304b0f7 c7b89747d95d4b19ad8a81be8afb368b - c7d7b425f63f46d0b4a5e098d7efc031 c7d7b425f63f46d0b4a5e098d7efc031] Notify agent at l3_agent.localhost.localdomain the message routers_updated _agent_notification /usr/lib/python2.7/site-packages/neutron/api/rpc/agentnotifiers/l3_rpc_agent_api.py:69
2018-07-03 17:59:45.500 12248 DEBUG neutron.quota.resource [req-64723eb8-b4ba-4c37-be2b-351252d12dfa 648810f8887644628bce4df2d304b0f7 c7b89747d95d4b19ad8a81be8afb368b - c7d7b425f63f46d0b4a5e098d7efc031 c7d7b425f63f46d0b4a5e098d7efc031] Persisted dirty status for tenant:c7b89747d95d4b19ad8a81be8afb368b on resource:floatingip mark_dirty /usr/lib/python2.7/site-packages/neutron/quota/resource.py:207
2018-07-03 17:59:45.513 12248 DEBUG neutron.quota.resource [req-64723eb8-b4ba-4c37-be2b-351252d12dfa 648810f8887644628bce4df2d304b0f7 c7b89747d95d4b19ad8a81be8afb368b - c7d7b425f63f46d0b4a5e098d7efc031 c7d7b425f63f46d0b4a5e098d7efc031] Persisted dirty status for tenant: on resource:port mark_dirty /usr/lib/python2.7/site-packages/neutron/quota/resource.py:207
2018-07-03 17:59:45.520 12248 DEBUG neutron_lib.callbacks.manager [req-64723eb8-b4ba-4c37-be2b-351252d12dfa 648810f8887644628bce4df2d304b0f7 c7b89747d95d4b19ad8a81be8afb368b - c7d7b425f63f46d0b4a5e098d7efc031 c7d7b425f63f46d0b4a5e098d7efc031] Notify callbacks ['neutron.notifiers.nova.Notifier._send_nova_notification--9223372036854770992'] for floatingip, before_response _notify_loop /usr/lib/python2.7/site-packages/neutron_lib/callbacks/manager.py:167
2018-07-03 17:59:45.521 12254 DEBUG neutron.db.l3_hamode_db [req-50325b00-f5e5-471a-823e-2f1e29f8fbe2 - - - - -] neutron.services.l3_router.l3_router_plugin.L3RouterPlugin method get_ha_sync_data_for_host called with arguments (<neutron_lib.context.Context object at 0x7f49e2b96bd0>, u'localhost.localdomain', <neutron.db.models.agent.Agent[object at 7f49e2a76710] {id=u'f3b2a706-18d3-46f7-853e-b527dfd7fad6', agent_type=u'L3 agent', binary=u'neutron-l3-agent', topic=u'l3_agent', host=u'localhost.localdomain', availability_zone=u'nova', admin_state_up=True, created_at=datetime.datetime(2018, 6, 20, 16, 53, 37), started_at=datetime.datetime(2018, 7, 3, 15, 42, 44), heartbeat_timestamp=datetime.datetime(2018, 7, 3, 15, 59, 44), description=None, configurations=u'{"agent_mode": "legacy", "gateway_external_network_id": "", "handle_internal_only_routers": true, "routers": 2, "interfaces": 2, "floating_ips": 1, "interface_driver": "neutron.agent.linux.interface.OVSInterfaceDriver", "log_agent_heartbeats": false, "external_network_bridge": "", "ex_gw_ports": 2}', resource_versions=None, load=0}>) {'active': True, 'router_ids': ['51c90ac9-c466-4e30-84fb-1da2fe230f76']} wrapper /usr/lib/python2.7/site-packages/oslo_log/helpers.py:66
2018-07-03 17:59:45.621 12248 INFO neutron.wsgi [req-64723eb8-b4ba-4c37-be2b-351252d12dfa 648810f8887644628bce4df2d304b0f7 c7b89747d95d4b19ad8a81be8afb368b - c7d7b425f63f46d0b4a5e098d7efc031 c7d7b425f63f46d0b4a5e098d7efc031] 10.0.20.23 "DELETE /v2.0/floatingips/cd83005a-bcb9-4d3c-9515-20ec1667cbfd HTTP/1.1" status: 204  len: 173 time: 2.1835139
2018-07-03 17:59:45.622 12248 DEBUG oslo_concurrency.lockutils [-] Lock "notifier-94c14bc2-46b9-4716-87f9-97fbb8b94c10" acquired by "neutron.notifiers.batch_notifier.synced_send" :: waited 0.000s inner /usr/lib/python2.7/site-packages/oslo_concurrency/lockutils.py:270
2018-07-03 17:59:45.623 12248 DEBUG neutron.notifiers.nova [-] Sending events: [{'tag': u'b30d6bcc-ef25-44d4-a984-80e45ea1e401', 'name': 'network-changed', 'server_uuid': u'80dd1851-3f67-4409-8de1-8b2bb3d1a6f4'}] send_events /usr/lib/python2.7/site-packages/neutron/notifiers/nova.py:242
2018-07-03 17:59:46.296 12254 DEBUG neutron.db.l3_hamode_db [req-50325b00-f5e5-471a-823e-2f1e29f8fbe2 - - - - -] neutron.services.l3_router.l3_router_plugin.L3RouterPlugin method _process_sync_ha_data called with arguments (<neutron_lib.context.Context object at 0x7f49e2b96bd0>, [{'status': u'ACTIVE', '_interfaces': [{'status': u'ACTIVE', 'subnets': [{'dns_nameservers': [u'8.8.4.4'], 'ipv6_ra_mode': None, 'gateway_ip': u'11.111.1.1', 'cidr': u'11.111.1.0/24', 'id': u'f31a3f3b-dba2-429a-8cfd-872a9b625a19', 'subnetpool_id': None}], 'binding:host_id': u'localhost.localdomain', 'description': u'', 'allowed_address_pairs': [], 'tags': [], 'extra_dhcp_opts': [], 'updated_at': '2018-07-03T15:51:50Z', 'device_owner': u'network:router_interface', 'revision_number': 7, 'port_security_enabled': False, 'binding:profile': {}, 'mtu': 1450, 'fixed_ips': [{'subnet_id': u'f31a3f3b-dba2-429a-8cfd-872a9b625a19', 'prefixlen': 24, 'ip_address': u'11.111.1.1'}], 'id': u'1bea8601-326a-4808-9f0e-a933d3b28eff', 'security_groups': [], 'device_id': u'51c90ac9-c466-4e30-84fb-1da2fe230f76', 'name': u'', 'admin_state_up': True, 'network_id': u'b4cf2cf1-9641-4f7d-b01c-a4fe72cce2e6', 'tenant_id': u'c7b89747d95d4b19ad8a81be8afb368b', 'binding:vif_details': {u'port_filter': True, u'datapath_type': u'system', u'ovs_hybrid_plug': True}, 'address_scopes': {4: None, 6: None}, 'binding:vnic_type': u'normal', 'binding:vif_type': u'ovs', 'mac_address': u'fa:16:3e:ad:ea:74', 'project_id': u'c7b89747d95d4b19ad8a81be8afb368b', 'extra_subnets': [], 'created_at': '2018-07-03T15:51:43Z'}], 'enable_snat': True, 'ha_vr_id': 0, 'description': u'', 'tags': [], 'gw_port': {'status': u'ACTIVE', 'subnets': [{'dns_nameservers': [], 'ipv6_ra_mode': None, 'gateway_ip': u'172.24.4.1', 'cidr': u'172.24.4.0/24', 'id': u'13c1b0d0-0ad2-44d1-9c10-321cd0119f52', 'subnetpool_id': None}], 'binding:host_id': u'localhost.localdomain', 'description': u'', 'allowed_address_pairs': [], 'tags': [], 'extra_dhcp_opts': [], 'updated_at': '2018-07-03T15:52:05Z', 'device_owner': u'network:router_gateway', 'revision_number': 6, 'port_security_enabled': False, 'binding:profile': {}, 'mtu': 1500, 'fixed_ips': [{'subnet_id': u'13c1b0d0-0ad2-44d1-9c10-321cd0119f52', 'prefixlen': 24, 'ip_address': u'172.24.4.3'}], 'id': u'579d27b1-c32d-47a8-9f12-22691ed1aec0', 'security_groups': [], 'device_id': u'51c90ac9-c466-4e30-84fb-1da2fe230f76', 'name': u'', 'admin_state_up': True, 'network_id': u'27d015bc-8cdc-4cb5-ad0f-6c388c7b7d5e', 'tenant_id': u'', 'binding:vif_details': {u'port_filter': True, u'datapath_type': u'system', u'ovs_hybrid_plug': True}, 'address_scopes': {4: None, 6: None}, 'binding:vnic_type': u'normal', 'binding:vif_type': u'ovs', 'mac_address': u'fa:16:3e:1a:bc:48', 'project_id': u'', 'extra_subnets': [], 'created_at': '2018-07-03T15:51:57Z'}, 'updated_at': '2018-07-03T15:51:59Z', 'revision_number': 3, 'ha': False, 'id': u'51c90ac9-c466-4e30-84fb-1da2fe230f76', 'gw_port_host': u'localhost.localdomain', 'external_gateway_info': {'network_id': u'27d015bc-8cdc-4cb5-ad0f-6c388c7b7d5e', 'enable_snat': True, 'external_fixed_ips': [{'subnet_id': u'13c1b0d0-0ad2-44d1-9c10-321cd0119f52', 'ip_address': u'172.24.4.3'}]}, 'availability_zone_hints': [], 'availability_zones': [u'nova'], 'name': u'tempest-router-1530632940', 'gw_port_id': u'579d27b1-c32d-47a8-9f12-22691ed1aec0', 'admin_state_up': True, 'tenant_id': u'c7b89747d95d4b19ad8a81be8afb368b', 'created_at': '2018-07-03T15:51:24Z', 'distributed': False, 'flavor_id': None, 'routes': [], 'project_id': u'c7b89747d95d4b19ad8a81be8afb368b'}], u'localhost.localdomain', False) {} wrapper /usr/lib/python2.7/site-packages/oslo_log/helpers.py:66
2018-07-03 17:59:46.309 12254 DEBUG neutron.api.rpc.handlers.l3_rpc [req-50325b00-f5e5-471a-823e-2f1e29f8fbe2 - - - - -] Checking router: 51c90ac9-c466-4e30-84fb-1da2fe230f76 for host: localhost.localdomain _ensure_host_set_on_ports /usr/lib/python2.7/site-packages/neutron/api/rpc/handlers/l3_rpc.py:135
2018-07-03 17:59:46.519 12258 DEBUG neutron.api.rpc.handlers.l3_rpc [req-827d4455-cc83-411f-9a36-bf91731b15ba - - - - -] New status for floating IP cd83005a-bcb9-4d3c-9515-20ec1667cbfd: DOWN update_floatingip_statuses /usr/lib/python2.7/site-packages/neutron/api/rpc/handlers/l3_rpc.py:252
2018-07-03 17:59:46.558 12248 DEBUG novaclient.v2.client [-] REQ: curl -g -i -X POST http://10.0.20.23:8774/v2.1/4340e242277144a39aad7507a87ea19b/os-server-external-events -H "User-Agent: python-novaclient" -H "Content-Type: application/json" -H "Accept: application/json" -H "X-OpenStack-Nova-API-Version: 2.1" -H "X-Auth-Token: {SHA1}def1b721f39235a96f06cab736fe42576f3920a3" -d '{"events": [{"tag": "b30d6bcc-ef25-44d4-a984-80e45ea1e401", "name": "network-changed", "server_uuid": "80dd1851-3f67-4409-8de1-8b2bb3d1a6f4"}]}' _http_log_request /usr/lib/python2.7/site-packages/keystoneauth1/session.py:375
2018-07-03 17:59:47.155 12248 DEBUG novaclient.v2.client [-] RESP: [200] Content-Length: 179 Content-Type: application/json Openstack-Api-Version: compute 2.1 X-Openstack-Nova-Api-Version: 2.1 Vary: OpenStack-API-Version, X-OpenStack-Nova-API-Version X-Openstack-Request-Id: req-21303042-a03b-499a-a0bd-8b01c0d30268 X-Compute-Request-Id: req-21303042-a03b-499a-a0bd-8b01c0d30268 Date: Tue, 03 Jul 2018 15:59:47 GMT Connection: keep-alive 
RESP BODY: {"events": [{"status": "completed", "tag": "b30d6bcc-ef25-44d4-a984-80e45ea1e401", "name": "network-changed", "server_uuid": "80dd1851-3f67-4409-8de1-8b2bb3d1a6f4", "code": 200}]}
 _http_log_response /usr/lib/python2.7/site-packages/keystoneauth1/session.py:423
2018-07-03 17:59:47.156 12248 DEBUG novaclient.v2.client [-] POST call to compute for http://10.0.20.23:8774/v2.1/4340e242277144a39aad7507a87ea19b/os-server-external-events used request id req-21303042-a03b-499a-a0bd-8b01c0d30268 request /usr/lib/python2.7/site-packages/keystoneauth1/session.py:727
2018-07-03 17:59:47.163 12248 INFO neutron.notifiers.nova [-] Nova event response: {u'status': u'completed', u'tag': u'b30d6bcc-ef25-44d4-a984-80e45ea1e401', u'name': u'network-changed', u'server_uuid': u'80dd1851-3f67-4409-8de1-8b2bb3d1a6f4', u'code': 200}
