2018-09-28 19:53:40.132 1047 DEBUG neutron.db.agents_db [req-32798161-6c1d-46fe-86a3-22a872e4ef14 - - - - -] Agent healthcheck: found 5 active agents agent_health_check /usr/lib/python2.7/site-packages/neutron/db/agents_db.py:281
2018-09-28 19:53:50.418 1040 DEBUG neutron_lib.callbacks.manager [req-d2afb554-c835-4ac9-9a54-01a5d97fc0eb - - - - -] Notify callbacks ['neutron.services.segments.db._update_segment_host_mapping_for_agent-8750411603626'] for agent, after_update _notify_loop /usr/lib/python2.7/site-packages/neutron_lib/callbacks/manager.py:167
2018-09-28 19:53:50.433 1046 DEBUG neutron_lib.callbacks.manager [req-ecead1bc-3e41-4a07-ae85-9f120e15563b - - - - -] Notify callbacks ['neutron.services.segments.db._update_segment_host_mapping_for_agent-8750411603626'] for agent, after_update _notify_loop /usr/lib/python2.7/site-packages/neutron_lib/callbacks/manager.py:167
2018-09-28 19:53:51.229 1037 DEBUG neutron_lib.callbacks.manager [req-fdbc50fe-ae63-45a1-8940-263ee7a96cf0 - - - - -] Notify callbacks ['neutron.services.segments.db._update_segment_host_mapping_for_agent-8750411603626'] for agent, after_update _notify_loop /usr/lib/python2.7/site-packages/neutron_lib/callbacks/manager.py:167
2018-09-28 19:53:56.428 1045 DEBUG neutron_lib.callbacks.manager [req-ed2de40d-5487-4e6e-91d5-9ef20fb76356 - - - - -] Notify callbacks ['neutron.services.segments.db._update_segment_host_mapping_for_agent-8750411603626'] for agent, after_update _notify_loop /usr/lib/python2.7/site-packages/neutron_lib/callbacks/manager.py:167
2018-09-28 19:53:59.367 1041 DEBUG neutron_lib.callbacks.manager [req-c3b86899-862b-44d6-bb59-abf56857a1b3 - - - - -] Notify callbacks ['neutron.services.segments.db._update_segment_host_mapping_for_agent-8750411603626'] for agent, after_update _notify_loop /usr/lib/python2.7/site-packages/neutron_lib/callbacks/manager.py:167
2018-09-28 19:54:15.056 1035 DEBUG neutron.wsgi [-] (1035) accepted ('10.0.20.27', 48156) server /usr/lib/python2.7/site-packages/eventlet/wsgi.py:883
2018-09-28 19:54:15.062 1035 INFO neutron.wsgi [-] 10.0.20.27 "GET / HTTP/1.1" status: 200  len: 252 time: 0.0031459
2018-09-28 19:54:15.761 1035 DEBUG neutron.pecan_wsgi.hooks.policy_enforcement [req-129d0772-3f2c-4ebb-8213-92f2000f9b5b a87767d06cd14f8f9b4823336d847dd3 598e78a3186f4efca3ab0cd732e31788 - fea8b2c6ef604c3491912b5521d660fb fea8b2c6ef604c3491912b5521d660fb] Attributes excluded by policy engine: [u'shared'] _exclude_attributes_by_policy /usr/lib/python2.7/site-packages/neutron/pecan_wsgi/hooks/policy_enforcement.py:256
2018-09-28 19:54:15.762 1035 DEBUG neutron.pecan_wsgi.hooks.policy_enforcement [req-129d0772-3f2c-4ebb-8213-92f2000f9b5b a87767d06cd14f8f9b4823336d847dd3 598e78a3186f4efca3ab0cd732e31788 - fea8b2c6ef604c3491912b5521d660fb fea8b2c6ef604c3491912b5521d660fb] Attributes excluded by policy engine: [u'shared'] _exclude_attributes_by_policy /usr/lib/python2.7/site-packages/neutron/pecan_wsgi/hooks/policy_enforcement.py:256
2018-09-28 19:54:15.766 1035 INFO neutron.wsgi [req-129d0772-3f2c-4ebb-8213-92f2000f9b5b a87767d06cd14f8f9b4823336d847dd3 598e78a3186f4efca3ab0cd732e31788 - fea8b2c6ef604c3491912b5521d660fb fea8b2c6ef604c3491912b5521d660fb] 10.0.20.27 "GET /v2.0/subnets HTTP/1.1" status: 200  len: 1419 time: 0.6959310
2018-09-28 19:54:17.140 1047 DEBUG neutron.db.agents_db [req-32798161-6c1d-46fe-86a3-22a872e4ef14 - - - - -] Agent healthcheck: found 5 active agents agent_health_check /usr/lib/python2.7/site-packages/neutron/db/agents_db.py:281
2018-09-28 19:54:20.484 1042 DEBUG neutron_lib.callbacks.manager [req-d2afb554-c835-4ac9-9a54-01a5d97fc0eb - - - - -] Notify callbacks ['neutron.services.segments.db._update_segment_host_mapping_for_agent-8750411603626'] for agent, after_update _notify_loop /usr/lib/python2.7/site-packages/neutron_lib/callbacks/manager.py:167
2018-09-28 19:54:20.493 1036 DEBUG neutron_lib.callbacks.manager [req-ecead1bc-3e41-4a07-ae85-9f120e15563b - - - - -] Notify callbacks ['neutron.services.segments.db._update_segment_host_mapping_for_agent-8750411603626'] for agent, after_update _notify_loop /usr/lib/python2.7/site-packages/neutron_lib/callbacks/manager.py:167
2018-09-28 19:54:21.222 1039 DEBUG neutron_lib.callbacks.manager [req-648773f9-45c5-4d38-b50b-7f8571a66c71 - - - - -] Notify callbacks ['neutron.services.segments.db._update_segment_host_mapping_for_agent-8750411603626'] for agent, after_update _notify_loop /usr/lib/python2.7/site-packages/neutron_lib/callbacks/manager.py:167
2018-09-28 19:54:26.441 1043 DEBUG neutron_lib.callbacks.manager [req-ed2de40d-5487-4e6e-91d5-9ef20fb76356 - - - - -] Notify callbacks ['neutron.services.segments.db._update_segment_host_mapping_for_agent-8750411603626'] for agent, after_update _notify_loop /usr/lib/python2.7/site-packages/neutron_lib/callbacks/manager.py:167
2018-09-28 19:54:29.355 1040 DEBUG neutron_lib.callbacks.manager [req-1a7b2693-37a8-4302-a144-efdf91b6ae5e - - - - -] Notify callbacks ['neutron.services.segments.db._update_segment_host_mapping_for_agent-8750411603626'] for agent, after_update _notify_loop /usr/lib/python2.7/site-packages/neutron_lib/callbacks/manager.py:167
2018-09-28 19:54:50.423 1046 DEBUG neutron_lib.callbacks.manager [req-d2afb554-c835-4ac9-9a54-01a5d97fc0eb - - - - -] Notify callbacks ['neutron.services.segments.db._update_segment_host_mapping_for_agent-8750411603626'] for agent, after_update _notify_loop /usr/lib/python2.7/site-packages/neutron_lib/callbacks/manager.py:167
2018-09-28 19:54:50.441 1037 DEBUG neutron_lib.callbacks.manager [req-ecead1bc-3e41-4a07-ae85-9f120e15563b - - - - -] Notify callbacks ['neutron.services.segments.db._update_segment_host_mapping_for_agent-8750411603626'] for agent, after_update _notify_loop /usr/lib/python2.7/site-packages/neutron_lib/callbacks/manager.py:167
2018-09-28 19:54:51.231 1045 DEBUG neutron_lib.callbacks.manager [req-6538f850-6760-4ff4-af32-28fe168e5e99 - - - - -] Notify callbacks ['neutron.services.segments.db._update_segment_host_mapping_for_agent-8750411603626'] for agent, after_update _notify_loop /usr/lib/python2.7/site-packages/neutron_lib/callbacks/manager.py:167
2018-09-28 19:54:54.137 1047 DEBUG neutron.db.agents_db [req-32798161-6c1d-46fe-86a3-22a872e4ef14 - - - - -] Agent healthcheck: found 5 active agents agent_health_check /usr/lib/python2.7/site-packages/neutron/db/agents_db.py:281
2018-09-28 19:54:56.414 1041 DEBUG neutron_lib.callbacks.manager [req-ed2de40d-5487-4e6e-91d5-9ef20fb76356 - - - - -] Notify callbacks ['neutron.services.segments.db._update_segment_host_mapping_for_agent-8750411603626'] for agent, after_update _notify_loop /usr/lib/python2.7/site-packages/neutron_lib/callbacks/manager.py:167
2018-09-28 19:54:59.356 1042 DEBUG neutron_lib.callbacks.manager [req-7bc16048-777d-4ed5-8ad2-24317e32ea7d - - - - -] Notify callbacks ['neutron.services.segments.db._update_segment_host_mapping_for_agent-8750411603626'] for agent, after_update _notify_loop /usr/lib/python2.7/site-packages/neutron_lib/callbacks/manager.py:167
2018-09-28 19:55:06.831 1031 DEBUG neutron.wsgi [-] (1031) accepted ('10.0.20.27', 49290) server /usr/lib/python2.7/site-packages/eventlet/wsgi.py:883
2018-09-28 19:55:06.836 1031 INFO neutron.wsgi [-] 10.0.20.27 "GET / HTTP/1.1" status: 200  len: 252 time: 0.0028670
2018-09-28 19:55:07.302 1031 DEBUG neutron.api.v2.base [req-3ac5ebc0-36d3-4945-a01a-518159f2c40e a87767d06cd14f8f9b4823336d847dd3 598e78a3186f4efca3ab0cd732e31788 - fea8b2c6ef604c3491912b5521d660fb fea8b2c6ef604c3491912b5521d660fb] Request body: {u'security_group': {u'name': u'tempest-SECURITY_GROUP_SAMPLE-1538178811', u'description': u'tempest-SECURITY_GROUP_SAMPLE-1538178811'}} prepare_request_body /usr/lib/python2.7/site-packages/neutron/api/v2/base.py:695
2018-09-28 19:55:07.304 1031 INFO neutron.quota [req-3ac5ebc0-36d3-4945-a01a-518159f2c40e a87767d06cd14f8f9b4823336d847dd3 598e78a3186f4efca3ab0cd732e31788 - fea8b2c6ef604c3491912b5521d660fb fea8b2c6ef604c3491912b5521d660fb] Loaded quota_driver: <neutron.db.quota.driver.DbQuotaDriver object at 0x7f55d1e5d710>.
2018-09-28 19:55:07.315 1031 DEBUG neutron.db.quota.driver [req-3ac5ebc0-36d3-4945-a01a-518159f2c40e a87767d06cd14f8f9b4823336d847dd3 598e78a3186f4efca3ab0cd732e31788 - fea8b2c6ef604c3491912b5521d660fb fea8b2c6ef604c3491912b5521d660fb] Resources subnetpool have unlimited quota limit. It is not required to calculate headroom  make_reservation /usr/lib/python2.7/site-packages/neutron/db/quota/driver.py:223
2018-09-28 19:55:07.326 1031 DEBUG neutron.quota.resource [req-3ac5ebc0-36d3-4945-a01a-518159f2c40e a87767d06cd14f8f9b4823336d847dd3 598e78a3186f4efca3ab0cd732e31788 - fea8b2c6ef604c3491912b5521d660fb fea8b2c6ef604c3491912b5521d660fb] Usage tracker for resource:security_group and tenant:598e78a3186f4efca3ab0cd732e31788 is out of sync, need to count used quota count_used /usr/lib/python2.7/site-packages/neutron/quota/resource.py:274
2018-09-28 19:55:07.335 1031 DEBUG neutron.quota.resource [req-3ac5ebc0-36d3-4945-a01a-518159f2c40e a87767d06cd14f8f9b4823336d847dd3 598e78a3186f4efca3ab0cd732e31788 - fea8b2c6ef604c3491912b5521d660fb fea8b2c6ef604c3491912b5521d660fb] Quota usage for security_group was recalculated. Used quota:0. count_used /usr/lib/python2.7/site-packages/neutron/quota/resource.py:293
2018-09-28 19:55:07.348 1031 DEBUG neutron.db.quota.driver [req-3ac5ebc0-36d3-4945-a01a-518159f2c40e a87767d06cd14f8f9b4823336d847dd3 598e78a3186f4efca3ab0cd732e31788 - fea8b2c6ef604c3491912b5521d660fb fea8b2c6ef604c3491912b5521d660fb] Attempting to reserve 1 items for resource security_group. Total usage: 0; quota limit: 10; headroom:10 make_reservation /usr/lib/python2.7/site-packages/neutron/db/quota/driver.py:255
2018-09-28 19:55:07.380 1031 DEBUG neutron_lib.callbacks.manager [req-3ac5ebc0-36d3-4945-a01a-518159f2c40e a87767d06cd14f8f9b4823336d847dd3 598e78a3186f4efca3ab0cd732e31788 - fea8b2c6ef604c3491912b5521d660fb fea8b2c6ef604c3491912b5521d660fb] Notify callbacks [] for security_group, before_create _notify_loop /usr/lib/python2.7/site-packages/neutron_lib/callbacks/manager.py:167
2018-09-28 19:55:07.402 1031 DEBUG neutron_lib.callbacks.manager [req-3ac5ebc0-36d3-4945-a01a-518159f2c40e a87767d06cd14f8f9b4823336d847dd3 598e78a3186f4efca3ab0cd732e31788 - fea8b2c6ef604c3491912b5521d660fb fea8b2c6ef604c3491912b5521d660fb] Notify callbacks [] for security_group, before_create _notify_loop /usr/lib/python2.7/site-packages/neutron_lib/callbacks/manager.py:167
2018-09-28 19:55:07.755 1031 DEBUG neutron_lib.callbacks.manager [req-3ac5ebc0-36d3-4945-a01a-518159f2c40e a87767d06cd14f8f9b4823336d847dd3 598e78a3186f4efca3ab0cd732e31788 - fea8b2c6ef604c3491912b5521d660fb fea8b2c6ef604c3491912b5521d660fb] Notify callbacks [] for security_group, precommit_create _notify_loop /usr/lib/python2.7/site-packages/neutron_lib/callbacks/manager.py:167
2018-09-28 19:55:07.780 1031 DEBUG neutron_lib.callbacks.manager [req-3ac5ebc0-36d3-4945-a01a-518159f2c40e a87767d06cd14f8f9b4823336d847dd3 598e78a3186f4efca3ab0cd732e31788 - fea8b2c6ef604c3491912b5521d660fb fea8b2c6ef604c3491912b5521d660fb] Notify callbacks ['neutron.plugins.ml2.ovo_rpc._ObjectChangeHandler.handle_event--9223372036853222550'] for security_group, after_create _notify_loop /usr/lib/python2.7/site-packages/neutron_lib/callbacks/manager.py:167
2018-09-28 19:55:07.792 1031 DEBUG oslo_concurrency.lockutils [-] Lock "event-dispatch" acquired by "neutron.plugins.ml2.ovo_rpc.dispatch_events" :: waited 0.000s inner /usr/lib/python2.7/site-packages/oslo_concurrency/lockutils.py:270
2018-09-28 19:55:07.893 1031 DEBUG neutron.api.rpc.handlers.resources_rpc [req-3ac5ebc0-36d3-4945-a01a-518159f2c40e a87767d06cd14f8f9b4823336d847dd3 598e78a3186f4efca3ab0cd732e31788 - - -] neutron.api.rpc.handlers.resources_rpc.ResourcesPushRpcApi method push called with arguments (<neutron_lib.context.Context object at 0x7f55d1c7dd90>, [SecurityGroup(created_at=2018-09-28T23:55:07Z,description='Default security group',id=fede5f27-c4c3-409e-a65d-bbae3968bee0,is_default=True,name='default',project_id='598e78a3186f4efca3ab0cd732e31788',revision_number=4,rules=[SecurityGroupRule(0bfe3d31-65d8-4757-bcd5-a59388a92678),SecurityGroupRule(14f1c4f1-79f5-4b5d-b1e7-919b65935437),SecurityGroupRule(19a4a29d-e732-4c98-9720-56db5ba6f60c),SecurityGroupRule(89c31e56-c992-4378-8777-1be476740e32)],updated_at=2018-09-28T23:55:07Z)], 'updated') {} wrapper /usr/lib/python2.7/site-packages/oslo_log/helpers.py:66
2018-09-28 19:55:07.954 1031 DEBUG neutron.api.rpc.callbacks.version_manager [req-3ac5ebc0-36d3-4945-a01a-518159f2c40e a87767d06cd14f8f9b4823336d847dd3 598e78a3186f4efca3ab0cd732e31788 - - -] Version for resource type Subnet changed None to 1.0 on consumer Open vSwitch agent@localhost.localdomain _set_version /usr/lib/python2.7/site-packages/neutron/api/rpc/callbacks/version_manager.py:119
2018-09-28 19:55:07.955 1031 DEBUG neutron.api.rpc.callbacks.version_manager [req-3ac5ebc0-36d3-4945-a01a-518159f2c40e a87767d06cd14f8f9b4823336d847dd3 598e78a3186f4efca3ab0cd732e31788 - - -] Version for resource type Network changed None to 1.0 on consumer Open vSwitch agent@localhost.localdomain _set_version /usr/lib/python2.7/site-packages/neutron/api/rpc/callbacks/version_manager.py:119
2018-09-28 19:55:07.955 1031 DEBUG neutron.api.rpc.callbacks.version_manager [req-3ac5ebc0-36d3-4945-a01a-518159f2c40e a87767d06cd14f8f9b4823336d847dd3 598e78a3186f4efca3ab0cd732e31788 - - -] Version for resource type SubPort changed None to 1.0 on consumer Open vSwitch agent@localhost.localdomain _set_version /usr/lib/python2.7/site-packages/neutron/api/rpc/callbacks/version_manager.py:119
2018-09-28 19:55:07.956 1031 DEBUG neutron.api.rpc.callbacks.version_manager [req-3ac5ebc0-36d3-4945-a01a-518159f2c40e a87767d06cd14f8f9b4823336d847dd3 598e78a3186f4efca3ab0cd732e31788 - - -] Version for resource type SecurityGroup changed None to 1.0 on consumer Open vSwitch agent@localhost.localdomain _set_version /usr/lib/python2.7/site-packages/neutron/api/rpc/callbacks/version_manager.py:119
2018-09-28 19:55:07.957 1031 DEBUG neutron.api.rpc.callbacks.version_manager [req-3ac5ebc0-36d3-4945-a01a-518159f2c40e a87767d06cd14f8f9b4823336d847dd3 598e78a3186f4efca3ab0cd732e31788 - - -] Version for resource type SecurityGroupRule changed None to 1.0 on consumer Open vSwitch agent@localhost.localdomain _set_version /usr/lib/python2.7/site-packages/neutron/api/rpc/callbacks/version_manager.py:119
2018-09-28 19:55:07.958 1031 DEBUG neutron.api.rpc.callbacks.version_manager [req-3ac5ebc0-36d3-4945-a01a-518159f2c40e a87767d06cd14f8f9b4823336d847dd3 598e78a3186f4efca3ab0cd732e31788 - - -] Version for resource type Trunk changed None to 1.1 on consumer Open vSwitch agent@localhost.localdomain _set_version /usr/lib/python2.7/site-packages/neutron/api/rpc/callbacks/version_manager.py:119
2018-09-28 19:55:07.958 1031 DEBUG neutron.api.rpc.callbacks.version_manager [req-3ac5ebc0-36d3-4945-a01a-518159f2c40e a87767d06cd14f8f9b4823336d847dd3 598e78a3186f4efca3ab0cd732e31788 - - -] Version for resource type QosPolicy changed None to 1.6 on consumer Open vSwitch agent@localhost.localdomain _set_version /usr/lib/python2.7/site-packages/neutron/api/rpc/callbacks/version_manager.py:119
2018-09-28 19:55:07.959 1031 DEBUG neutron.api.rpc.callbacks.version_manager [req-3ac5ebc0-36d3-4945-a01a-518159f2c40e a87767d06cd14f8f9b4823336d847dd3 598e78a3186f4efca3ab0cd732e31788 - - -] Version for resource type Port changed None to 1.1 on consumer Open vSwitch agent@localhost.localdomain _set_version /usr/lib/python2.7/site-packages/neutron/api/rpc/callbacks/version_manager.py:119
2018-09-28 19:55:07.960 1031 DEBUG neutron.api.rpc.callbacks.version_manager [req-3ac5ebc0-36d3-4945-a01a-518159f2c40e a87767d06cd14f8f9b4823336d847dd3 598e78a3186f4efca3ab0cd732e31788 - - -] Version for resource type Log changed None to 1.0 on consumer Open vSwitch agent@localhost.localdomain _set_version /usr/lib/python2.7/site-packages/neutron/api/rpc/callbacks/version_manager.py:119
2018-09-28 19:55:08.023 1031 DEBUG oslo_concurrency.lockutils [req-3ac5ebc0-36d3-4945-a01a-518159f2c40e a87767d06cd14f8f9b4823336d847dd3 598e78a3186f4efca3ab0cd732e31788 - - -] Lock "event-dispatch" released by "neutron.plugins.ml2.ovo_rpc.dispatch_events" :: held 0.231s inner /usr/lib/python2.7/site-packages/oslo_concurrency/lockutils.py:282
2018-09-28 19:55:08.147 1031 DEBUG neutron_lib.callbacks.manager [req-3ac5ebc0-36d3-4945-a01a-518159f2c40e a87767d06cd14f8f9b4823336d847dd3 598e78a3186f4efca3ab0cd732e31788 - fea8b2c6ef604c3491912b5521d660fb fea8b2c6ef604c3491912b5521d660fb] Notify callbacks [] for security_group, precommit_create _notify_loop /usr/lib/python2.7/site-packages/neutron_lib/callbacks/manager.py:167
2018-09-28 19:55:08.154 1031 DEBUG neutron_lib.callbacks.manager [req-3ac5ebc0-36d3-4945-a01a-518159f2c40e a87767d06cd14f8f9b4823336d847dd3 598e78a3186f4efca3ab0cd732e31788 - fea8b2c6ef604c3491912b5521d660fb fea8b2c6ef604c3491912b5521d660fb] Notify callbacks ['neutron.plugins.ml2.ovo_rpc._ObjectChangeHandler.handle_event--9223372036853222550'] for security_group, after_create _notify_loop /usr/lib/python2.7/site-packages/neutron_lib/callbacks/manager.py:167
2018-09-28 19:55:08.165 1031 DEBUG oslo_concurrency.lockutils [-] Lock "event-dispatch" acquired by "neutron.plugins.ml2.ovo_rpc.dispatch_events" :: waited 0.000s inner /usr/lib/python2.7/site-packages/oslo_concurrency/lockutils.py:270
2018-09-28 19:55:08.233 1031 DEBUG neutron.quota.resource [req-3ac5ebc0-36d3-4945-a01a-518159f2c40e a87767d06cd14f8f9b4823336d847dd3 598e78a3186f4efca3ab0cd732e31788 - fea8b2c6ef604c3491912b5521d660fb fea8b2c6ef604c3491912b5521d660fb] Persisted dirty status for tenant:598e78a3186f4efca3ab0cd732e31788 on resource:security_group_rule mark_dirty /usr/lib/python2.7/site-packages/neutron/quota/resource.py:207
2018-09-28 19:55:08.238 1031 DEBUG neutron.api.rpc.handlers.resources_rpc [req-3ac5ebc0-36d3-4945-a01a-518159f2c40e a87767d06cd14f8f9b4823336d847dd3 598e78a3186f4efca3ab0cd732e31788 - - -] neutron.api.rpc.handlers.resources_rpc.ResourcesPushRpcApi method push called with arguments (<neutron_lib.context.Context object at 0x7f55d1c2e350>, [SecurityGroup(created_at=2018-09-28T23:55:07Z,description='tempest-SECURITY_GROUP_SAMPLE-1538178811',id=d8245a2a-af3e-42dc-bd49-6ed1340e4452,is_default=False,name='tempest-SECURITY_GROUP_SAMPLE-1538178811',project_id='598e78a3186f4efca3ab0cd732e31788',revision_number=2,rules=[SecurityGroupRule(26517f94-b908-4817-8713-e88482af56ae),SecurityGroupRule(6fe0065f-7339-4e80-bcaa-528acf2eb6e2)],updated_at=2018-09-28T23:55:08Z)], 'updated') {} wrapper /usr/lib/python2.7/site-packages/oslo_log/helpers.py:66
2018-09-28 19:55:08.246 1031 DEBUG neutron.quota.resource [req-3ac5ebc0-36d3-4945-a01a-518159f2c40e a87767d06cd14f8f9b4823336d847dd3 598e78a3186f4efca3ab0cd732e31788 - fea8b2c6ef604c3491912b5521d660fb fea8b2c6ef604c3491912b5521d660fb] Persisted dirty status for tenant:598e78a3186f4efca3ab0cd732e31788 on resource:security_group mark_dirty /usr/lib/python2.7/site-packages/neutron/quota/resource.py:207
2018-09-28 19:55:08.257 1031 DEBUG oslo_concurrency.lockutils [req-3ac5ebc0-36d3-4945-a01a-518159f2c40e a87767d06cd14f8f9b4823336d847dd3 598e78a3186f4efca3ab0cd732e31788 - - -] Lock "event-dispatch" released by "neutron.plugins.ml2.ovo_rpc.dispatch_events" :: held 0.091s inner /usr/lib/python2.7/site-packages/oslo_concurrency/lockutils.py:282
2018-09-28 19:55:08.264 1031 DEBUG neutron_lib.callbacks.manager [req-3ac5ebc0-36d3-4945-a01a-518159f2c40e a87767d06cd14f8f9b4823336d847dd3 598e78a3186f4efca3ab0cd732e31788 - fea8b2c6ef604c3491912b5521d660fb fea8b2c6ef604c3491912b5521d660fb] Notify callbacks [] for security_group, before_response _notify_loop /usr/lib/python2.7/site-packages/neutron_lib/callbacks/manager.py:167
2018-09-28 19:55:08.267 1031 INFO neutron.wsgi [req-3ac5ebc0-36d3-4945-a01a-518159f2c40e a87767d06cd14f8f9b4823336d847dd3 598e78a3186f4efca3ab0cd732e31788 - fea8b2c6ef604c3491912b5521d660fb fea8b2c6ef604c3491912b5521d660fb] 10.0.20.27 "POST /v2.0/security-groups HTTP/1.1" status: 201  len: 1617 time: 1.4237981
2018-09-28 19:55:16.557 1031 DEBUG neutron.wsgi [-] (1031) accepted ('10.0.20.27', 49310) server /usr/lib/python2.7/site-packages/eventlet/wsgi.py:883
2018-09-28 19:55:16.563 1031 INFO neutron.wsgi [-] 10.0.20.27 "GET / HTTP/1.1" status: 200  len: 252 time: 0.0023541
2018-09-28 19:55:17.201 1031 INFO neutron.api.v2.resource [req-a9329d45-c3cf-4080-8ab3-4371aca85642 a87767d06cd14f8f9b4823336d847dd3 598e78a3186f4efca3ab0cd732e31788 - fea8b2c6ef604c3491912b5521d660fb fea8b2c6ef604c3491912b5521d660fb] show failed (client error): The resource could not be found.
2018-09-28 19:55:17.204 1031 INFO neutron.wsgi [req-a9329d45-c3cf-4080-8ab3-4371aca85642 a87767d06cd14f8f9b4823336d847dd3 598e78a3186f4efca3ab0cd732e31788 - fea8b2c6ef604c3491912b5521d660fb fea8b2c6ef604c3491912b5521d660fb] 10.0.20.27 "GET /v2.0/security-groups/tempest-SECURITY_GROUP_SAMPLE-1538178811 HTTP/1.1" status: 404  len: 356 time: 0.6342709
2018-09-28 19:55:17.737 1031 DEBUG neutron.quota.resource [req-4fe9c9e8-259a-48d0-b8c5-3289e98b5075 a87767d06cd14f8f9b4823336d847dd3 598e78a3186f4efca3ab0cd732e31788 - fea8b2c6ef604c3491912b5521d660fb fea8b2c6ef604c3491912b5521d660fb] Synchronizing usage tracker for tenant:598e78a3186f4efca3ab0cd732e31788 on resource:security_group resync /usr/lib/python2.7/site-packages/neutron/quota/resource.py:245
2018-09-28 19:55:17.826 1031 DEBUG neutron.quota.resource [req-4fe9c9e8-259a-48d0-b8c5-3289e98b5075 a87767d06cd14f8f9b4823336d847dd3 598e78a3186f4efca3ab0cd732e31788 - fea8b2c6ef604c3491912b5521d660fb fea8b2c6ef604c3491912b5521d660fb] Unset dirty status for tenant:598e78a3186f4efca3ab0cd732e31788 on resource:security_group _resync /usr/lib/python2.7/site-packages/neutron/quota/resource.py:237
2018-09-28 19:55:17.832 1031 INFO neutron.wsgi [req-4fe9c9e8-259a-48d0-b8c5-3289e98b5075 a87767d06cd14f8f9b4823336d847dd3 598e78a3186f4efca3ab0cd732e31788 - fea8b2c6ef604c3491912b5521d660fb fea8b2c6ef604c3491912b5521d660fb] 10.0.20.27 "GET /v2.0/security-groups HTTP/1.1" status: 200  len: 18187 time: 0.6162369
2018-09-28 19:55:17.865 1031 DEBUG neutron.api.v2.base [req-d95dae87-17b5-4d74-91fb-bda1a532f3c3 a87767d06cd14f8f9b4823336d847dd3 598e78a3186f4efca3ab0cd732e31788 - fea8b2c6ef604c3491912b5521d660fb fea8b2c6ef604c3491912b5521d660fb] Request body: {u'security_group_rule': {u'direction': u'ingress', u'protocol': u'tcp', u'ethertype': u'IPv4', u'port_range_max': 22, u'security_group_id': u'd8245a2a-af3e-42dc-bd49-6ed1340e4452', u'port_range_min': 22, u'remote_ip_prefix': u'0.0.0.0/0'}} prepare_request_body /usr/lib/python2.7/site-packages/neutron/api/v2/base.py:695
2018-09-28 19:55:17.881 1031 DEBUG neutron.db.quota.driver [req-d95dae87-17b5-4d74-91fb-bda1a532f3c3 a87767d06cd14f8f9b4823336d847dd3 598e78a3186f4efca3ab0cd732e31788 - fea8b2c6ef604c3491912b5521d660fb fea8b2c6ef604c3491912b5521d660fb] Resources subnetpool have unlimited quota limit. It is not required to calculate headroom  make_reservation /usr/lib/python2.7/site-packages/neutron/db/quota/driver.py:223
2018-09-28 19:55:17.896 1031 DEBUG neutron.quota.resource [req-d95dae87-17b5-4d74-91fb-bda1a532f3c3 a87767d06cd14f8f9b4823336d847dd3 598e78a3186f4efca3ab0cd732e31788 - fea8b2c6ef604c3491912b5521d660fb fea8b2c6ef604c3491912b5521d660fb] Usage tracker for resource:security_group_rule and tenant:598e78a3186f4efca3ab0cd732e31788 is out of sync, need to count used quota count_used /usr/lib/python2.7/site-packages/neutron/quota/resource.py:274
2018-09-28 19:55:17.920 1031 DEBUG neutron.quota.resource [req-d95dae87-17b5-4d74-91fb-bda1a532f3c3 a87767d06cd14f8f9b4823336d847dd3 598e78a3186f4efca3ab0cd732e31788 - fea8b2c6ef604c3491912b5521d660fb fea8b2c6ef604c3491912b5521d660fb] Quota usage for security_group_rule was recalculated. Used quota:6. count_used /usr/lib/python2.7/site-packages/neutron/quota/resource.py:293
2018-09-28 19:55:17.943 1031 DEBUG neutron.db.quota.driver [req-d95dae87-17b5-4d74-91fb-bda1a532f3c3 a87767d06cd14f8f9b4823336d847dd3 598e78a3186f4efca3ab0cd732e31788 - fea8b2c6ef604c3491912b5521d660fb fea8b2c6ef604c3491912b5521d660fb] Attempting to reserve 1 items for resource security_group_rule. Total usage: 6; quota limit: 100; headroom:94 make_reservation /usr/lib/python2.7/site-packages/neutron/db/quota/driver.py:255
2018-09-28 19:55:18.072 1031 DEBUG neutron_lib.callbacks.manager [req-d95dae87-17b5-4d74-91fb-bda1a532f3c3 a87767d06cd14f8f9b4823336d847dd3 598e78a3186f4efca3ab0cd732e31788 - fea8b2c6ef604c3491912b5521d660fb fea8b2c6ef604c3491912b5521d660fb] Notify callbacks [] for security_group_rule, before_create _notify_loop /usr/lib/python2.7/site-packages/neutron_lib/callbacks/manager.py:167
2018-09-28 19:55:18.203 1031 DEBUG neutron_lib.callbacks.manager [req-d95dae87-17b5-4d74-91fb-bda1a532f3c3 a87767d06cd14f8f9b4823336d847dd3 598e78a3186f4efca3ab0cd732e31788 - fea8b2c6ef604c3491912b5521d660fb fea8b2c6ef604c3491912b5521d660fb] Notify callbacks [] for security_group_rule, precommit_create _notify_loop /usr/lib/python2.7/site-packages/neutron_lib/callbacks/manager.py:167
2018-09-28 19:55:18.212 1031 DEBUG neutron_lib.callbacks.manager [req-d95dae87-17b5-4d74-91fb-bda1a532f3c3 a87767d06cd14f8f9b4823336d847dd3 598e78a3186f4efca3ab0cd732e31788 - fea8b2c6ef604c3491912b5521d660fb fea8b2c6ef604c3491912b5521d660fb] Notify callbacks ['neutron.plugins.ml2.ovo_rpc._ObjectChangeHandler.handle_event--9223372036853222470'] for security_group_rule, after_create _notify_loop /usr/lib/python2.7/site-packages/neutron_lib/callbacks/manager.py:167
2018-09-28 19:55:18.222 1031 DEBUG oslo_concurrency.lockutils [-] Lock "event-dispatch" acquired by "neutron.plugins.ml2.ovo_rpc.dispatch_events" :: waited 0.000s inner /usr/lib/python2.7/site-packages/oslo_concurrency/lockutils.py:270
2018-09-28 19:55:18.259 1031 DEBUG neutron.api.rpc.handlers.resources_rpc [req-d95dae87-17b5-4d74-91fb-bda1a532f3c3 a87767d06cd14f8f9b4823336d847dd3 598e78a3186f4efca3ab0cd732e31788 - - -] neutron.api.rpc.handlers.resources_rpc.ResourcesPushRpcApi method push called with arguments (<neutron_lib.context.Context object at 0x7f55d1bed810>, [SecurityGroupRule(created_at=2018-09-28T23:55:18Z,description='',direction='ingress',ethertype='IPv4',id=08450a8b-b44d-4232-a972-84878c07730c,port_range_max=22,port_range_min=22,project_id='598e78a3186f4efca3ab0cd732e31788',protocol='tcp',remote_group_id=<?>,remote_ip_prefix=0.0.0.0/0,revision_number=0,security_group_id=d8245a2a-af3e-42dc-bd49-6ed1340e4452,updated_at=2018-09-28T23:55:18Z)], 'updated') {} wrapper /usr/lib/python2.7/site-packages/oslo_log/helpers.py:66
2018-09-28 19:55:18.295 1031 DEBUG oslo_concurrency.lockutils [req-d95dae87-17b5-4d74-91fb-bda1a532f3c3 a87767d06cd14f8f9b4823336d847dd3 598e78a3186f4efca3ab0cd732e31788 - - -] Lock "event-dispatch" released by "neutron.plugins.ml2.ovo_rpc.dispatch_events" :: held 0.073s inner /usr/lib/python2.7/site-packages/oslo_concurrency/lockutils.py:282
2018-09-28 19:55:18.317 1031 DEBUG neutron.quota.resource [req-d95dae87-17b5-4d74-91fb-bda1a532f3c3 a87767d06cd14f8f9b4823336d847dd3 598e78a3186f4efca3ab0cd732e31788 - fea8b2c6ef604c3491912b5521d660fb fea8b2c6ef604c3491912b5521d660fb] Persisted dirty status for tenant:598e78a3186f4efca3ab0cd732e31788 on resource:security_group_rule mark_dirty /usr/lib/python2.7/site-packages/neutron/quota/resource.py:207
2018-09-28 19:55:18.330 1031 DEBUG neutron_lib.callbacks.manager [req-d95dae87-17b5-4d74-91fb-bda1a532f3c3 a87767d06cd14f8f9b4823336d847dd3 598e78a3186f4efca3ab0cd732e31788 - fea8b2c6ef604c3491912b5521d660fb fea8b2c6ef604c3491912b5521d660fb] Notify callbacks [] for security_group_rule, before_response _notify_loop /usr/lib/python2.7/site-packages/neutron_lib/callbacks/manager.py:167
2018-09-28 19:55:18.334 1031 INFO neutron.wsgi [req-d95dae87-17b5-4d74-91fb-bda1a532f3c3 a87767d06cd14f8f9b4823336d847dd3 598e78a3186f4efca3ab0cd732e31788 - fea8b2c6ef604c3491912b5521d660fb fea8b2c6ef604c3491912b5521d660fb] 10.0.20.27 "POST /v2.0/security-group-rules HTTP/1.1" status: 201  len: 718 time: 0.4860480
2018-09-28 19:55:20.426 1036 DEBUG neutron_lib.callbacks.manager [req-d2afb554-c835-4ac9-9a54-01a5d97fc0eb - - - - -] Notify callbacks ['neutron.services.segments.db._update_segment_host_mapping_for_agent-8750411603626'] for agent, after_update _notify_loop /usr/lib/python2.7/site-packages/neutron_lib/callbacks/manager.py:167
2018-09-28 19:55:20.435 1039 DEBUG neutron_lib.callbacks.manager [req-ecead1bc-3e41-4a07-ae85-9f120e15563b - - - - -] Notify callbacks ['neutron.services.segments.db._update_segment_host_mapping_for_agent-8750411603626'] for agent, after_update _notify_loop /usr/lib/python2.7/site-packages/neutron_lib/callbacks/manager.py:167
2018-09-28 19:55:21.236 1043 DEBUG neutron_lib.callbacks.manager [req-3b321497-837c-4ac5-b4f2-0e4e34265b9c - - - - -] Notify callbacks ['neutron.services.segments.db._update_segment_host_mapping_for_agent-8750411603626'] for agent, after_update _notify_loop /usr/lib/python2.7/site-packages/neutron_lib/callbacks/manager.py:167
2018-09-28 19:55:26.362 1031 DEBUG neutron.wsgi [-] (1031) accepted ('10.0.20.27', 49328) server /usr/lib/python2.7/site-packages/eventlet/wsgi.py:883
2018-09-28 19:55:26.366 1031 INFO neutron.wsgi [-] 10.0.20.27 "GET / HTTP/1.1" status: 200  len: 252 time: 0.0022731
2018-09-28 19:55:26.427 1040 DEBUG neutron_lib.callbacks.manager [req-ed2de40d-5487-4e6e-91d5-9ef20fb76356 - - - - -] Notify callbacks ['neutron.services.segments.db._update_segment_host_mapping_for_agent-8750411603626'] for agent, after_update _notify_loop /usr/lib/python2.7/site-packages/neutron_lib/callbacks/manager.py:167
2018-09-28 19:55:27.173 1031 INFO neutron.wsgi [req-5705ed76-0497-4df7-8d16-7b811ffc47d2 a87767d06cd14f8f9b4823336d847dd3 598e78a3186f4efca3ab0cd732e31788 - fea8b2c6ef604c3491912b5521d660fb fea8b2c6ef604c3491912b5521d660fb] 10.0.20.27 "GET /v2.0/security-groups HTTP/1.1" status: 200  len: 18690 time: 0.7980230
2018-09-28 19:55:29.371 1046 DEBUG neutron_lib.callbacks.manager [req-eddfe553-3de2-4031-b391-8ac276c5ac0b - - - - -] Notify callbacks ['neutron.services.segments.db._update_segment_host_mapping_for_agent-8750411603626'] for agent, after_update _notify_loop /usr/lib/python2.7/site-packages/neutron_lib/callbacks/manager.py:167
2018-09-28 19:55:31.135 1047 DEBUG neutron.db.agents_db [req-32798161-6c1d-46fe-86a3-22a872e4ef14 - - - - -] Agent healthcheck: found 5 active agents agent_health_check /usr/lib/python2.7/site-packages/neutron/db/agents_db.py:281
2018-09-28 19:55:37.304 1026 DEBUG neutron.wsgi [-] (1026) accepted ('10.0.20.27', 49344) server /usr/lib/python2.7/site-packages/eventlet/wsgi.py:883
2018-09-28 19:55:37.321 1026 INFO neutron.wsgi [-] 10.0.20.27 "GET / HTTP/1.1" status: 200  len: 252 time: 0.0096281
2018-09-28 19:55:37.336 1026 WARNING keystonemiddleware.auth_token [-] Using the in-process token cache is deprecated as of the 4.2.0 release and may be removed in the 5.0.0 release or the 'O' development cycle. The in-process cache causes inconsistent results and high memory usage. When the feature is removed the auth_token middleware will not cache tokens by default which may result in performance issues. It is recommended to use  memcache for the auth_token token cache by setting the memcached_servers option.
2018-09-28 19:55:39.367 1026 DEBUG oslo_policy._cache_handler [req-600f58b1-b504-4936-9f3a-637aa8313eab 18d1f960831c48728a925f03113105ef 0f250fa08c1944bb994337cb65fd7528 - default default] Reloading cached file /etc/neutron/policy.json read_cached_file /usr/lib/python2.7/site-packages/oslo_policy/_cache_handler.py:40
2018-09-28 19:55:39.446 1026 DEBUG oslo_policy.policy [req-600f58b1-b504-4936-9f3a-637aa8313eab 18d1f960831c48728a925f03113105ef 0f250fa08c1944bb994337cb65fd7528 - default default] Reloaded policy file: /etc/neutron/policy.json _load_policy_file /usr/lib/python2.7/site-packages/oslo_policy/policy.py:685
2018-09-28 19:55:40.089 1026 INFO neutron.pecan_wsgi.hooks.translation [req-600f58b1-b504-4936-9f3a-637aa8313eab 18d1f960831c48728a925f03113105ef 0f250fa08c1944bb994337cb65fd7528 - default default] GET failed (client error): The resource could not be found.
2018-09-28 19:55:40.095 1026 INFO neutron.wsgi [req-600f58b1-b504-4936-9f3a-637aa8313eab 18d1f960831c48728a925f03113105ef 0f250fa08c1944bb994337cb65fd7528 - default default] 10.0.20.27 "GET /v2.0/networks/public HTTP/1.1" status: 404  len: 314 time: 2.7658439
2018-09-28 19:55:40.625 1026 DEBUG oslo_policy._cache_handler [req-99cbcacf-203d-4c55-99a9-b79590ab634d 18d1f960831c48728a925f03113105ef 0f250fa08c1944bb994337cb65fd7528 - default default] Reloading cached file /etc/neutron/policy.json read_cached_file /usr/lib/python2.7/site-packages/oslo_policy/_cache_handler.py:40
2018-09-28 19:55:40.651 1026 DEBUG oslo_policy.policy [req-99cbcacf-203d-4c55-99a9-b79590ab634d 18d1f960831c48728a925f03113105ef 0f250fa08c1944bb994337cb65fd7528 - default default] Reloaded policy file: /etc/neutron/policy.json _load_policy_file /usr/lib/python2.7/site-packages/oslo_policy/policy.py:685
2018-09-28 19:55:40.657 1026 DEBUG neutron.pecan_wsgi.hooks.policy_enforcement [req-99cbcacf-203d-4c55-99a9-b79590ab634d 18d1f960831c48728a925f03113105ef 0f250fa08c1944bb994337cb65fd7528 - default default] Attributes excluded by policy engine: [u'vlan_transparent'] _exclude_attributes_by_policy /usr/lib/python2.7/site-packages/neutron/pecan_wsgi/hooks/policy_enforcement.py:256
2018-09-28 19:55:40.658 1026 DEBUG neutron.pecan_wsgi.hooks.policy_enforcement [req-99cbcacf-203d-4c55-99a9-b79590ab634d 18d1f960831c48728a925f03113105ef 0f250fa08c1944bb994337cb65fd7528 - default default] Attributes excluded by policy engine: [u'vlan_transparent'] _exclude_attributes_by_policy /usr/lib/python2.7/site-packages/neutron/pecan_wsgi/hooks/policy_enforcement.py:256
2018-09-28 19:55:40.661 1026 INFO neutron.wsgi [req-99cbcacf-203d-4c55-99a9-b79590ab634d 18d1f960831c48728a925f03113105ef 0f250fa08c1944bb994337cb65fd7528 - default default] 10.0.20.27 "GET /v2.0/networks HTTP/1.1" status: 200  len: 1542 time: 0.5592642
2018-09-28 19:55:48.975 1026 DEBUG neutron.wsgi [-] (1026) accepted ('10.0.20.27', 50380) server /usr/lib/python2.7/site-packages/eventlet/wsgi.py:883
2018-09-28 19:55:48.979 1026 INFO neutron.wsgi [-] 10.0.20.27 "GET / HTTP/1.1" status: 200  len: 252 time: 0.0022669
2018-09-28 19:55:49.522 1026 DEBUG neutron.api.v2.base [req-7194d8a2-6ad7-4e9c-b43c-289e2c6122d0 a87767d06cd14f8f9b4823336d847dd3 598e78a3186f4efca3ab0cd732e31788 - fea8b2c6ef604c3491912b5521d660fb fea8b2c6ef604c3491912b5521d660fb] Request body: {u'network': {u'name': u'tempest-private-1538178811', u'admin_state_up': True}} prepare_request_body /usr/lib/python2.7/site-packages/neutron/api/v2/base.py:695
2018-09-28 19:55:49.524 1026 INFO neutron.quota [req-7194d8a2-6ad7-4e9c-b43c-289e2c6122d0 a87767d06cd14f8f9b4823336d847dd3 598e78a3186f4efca3ab0cd732e31788 - fea8b2c6ef604c3491912b5521d660fb fea8b2c6ef604c3491912b5521d660fb] Loaded quota_driver: <neutron.db.quota.driver.DbQuotaDriver object at 0x7f55d1ffe6d0>.
2018-09-28 19:55:49.536 1026 DEBUG neutron.db.quota.driver [req-7194d8a2-6ad7-4e9c-b43c-289e2c6122d0 a87767d06cd14f8f9b4823336d847dd3 598e78a3186f4efca3ab0cd732e31788 - fea8b2c6ef604c3491912b5521d660fb fea8b2c6ef604c3491912b5521d660fb] Resources subnetpool have unlimited quota limit. It is not required to calculate headroom  make_reservation /usr/lib/python2.7/site-packages/neutron/db/quota/driver.py:223
2018-09-28 19:55:49.551 1026 DEBUG neutron.quota.resource [req-7194d8a2-6ad7-4e9c-b43c-289e2c6122d0 a87767d06cd14f8f9b4823336d847dd3 598e78a3186f4efca3ab0cd732e31788 - fea8b2c6ef604c3491912b5521d660fb fea8b2c6ef604c3491912b5521d660fb] Usage tracker for resource:network and tenant:598e78a3186f4efca3ab0cd732e31788 is out of sync, need to count used quota count_used /usr/lib/python2.7/site-packages/neutron/quota/resource.py:274
2018-09-28 19:55:49.570 1026 DEBUG neutron.quota.resource [req-7194d8a2-6ad7-4e9c-b43c-289e2c6122d0 a87767d06cd14f8f9b4823336d847dd3 598e78a3186f4efca3ab0cd732e31788 - fea8b2c6ef604c3491912b5521d660fb fea8b2c6ef604c3491912b5521d660fb] Quota usage for network was recalculated. Used quota:0. count_used /usr/lib/python2.7/site-packages/neutron/quota/resource.py:293
2018-09-28 19:55:49.589 1026 DEBUG neutron.db.quota.driver [req-7194d8a2-6ad7-4e9c-b43c-289e2c6122d0 a87767d06cd14f8f9b4823336d847dd3 598e78a3186f4efca3ab0cd732e31788 - fea8b2c6ef604c3491912b5521d660fb fea8b2c6ef604c3491912b5521d660fb] Attempting to reserve 1 items for resource network. Total usage: 0; quota limit: 100; headroom:100 make_reservation /usr/lib/python2.7/site-packages/neutron/db/quota/driver.py:255
2018-09-28 19:55:49.653 1026 DEBUG neutron.pecan_wsgi.hooks.quota_enforcement [req-7194d8a2-6ad7-4e9c-b43c-289e2c6122d0 a87767d06cd14f8f9b4823336d847dd3 598e78a3186f4efca3ab0cd732e31788 - fea8b2c6ef604c3491912b5521d660fb fea8b2c6ef604c3491912b5521d660fb] Made reservation on behalf of 598e78a3186f4efca3ab0cd732e31788 for: {'network': 1} before /usr/lib/python2.7/site-packages/neutron/pecan_wsgi/hooks/quota_enforcement.py:55
2018-09-28 19:55:49.720 1026 DEBUG neutron_lib.callbacks.manager [req-7194d8a2-6ad7-4e9c-b43c-289e2c6122d0 a87767d06cd14f8f9b4823336d847dd3 598e78a3186f4efca3ab0cd732e31788 - fea8b2c6ef604c3491912b5521d660fb fea8b2c6ef604c3491912b5521d660fb] Notify callbacks ['neutron.plugins.ml2.plugin.Ml2Plugin._ensure_default_security_group_handler-442419'] for network, before_create _notify_loop /usr/lib/python2.7/site-packages/neutron_lib/callbacks/manager.py:167
2018-09-28 19:55:49.857 1026 DEBUG neutron.plugins.ml2.drivers.helpers [req-7194d8a2-6ad7-4e9c-b43c-289e2c6122d0 a87767d06cd14f8f9b4823336d847dd3 598e78a3186f4efca3ab0cd732e31788 - fea8b2c6ef604c3491912b5521d660fb fea8b2c6ef604c3491912b5521d660fb] vxlan segment allocate from pool started with {'vxlan_vni': 59}  allocate_partially_specified_segment /usr/lib/python2.7/site-packages/neutron/plugins/ml2/drivers/helpers.py:157
2018-09-28 19:55:49.865 1026 DEBUG neutron.plugins.ml2.drivers.helpers [req-7194d8a2-6ad7-4e9c-b43c-289e2c6122d0 a87767d06cd14f8f9b4823336d847dd3 598e78a3186f4efca3ab0cd732e31788 - fea8b2c6ef604c3491912b5521d660fb fea8b2c6ef604c3491912b5521d660fb] vxlan segment allocate from pool success with {'vxlan_vni': 59}  allocate_partially_specified_segment /usr/lib/python2.7/site-packages/neutron/plugins/ml2/drivers/helpers.py:165
2018-09-28 19:55:49.917 1026 DEBUG neutron_lib.callbacks.manager [req-7194d8a2-6ad7-4e9c-b43c-289e2c6122d0 a87767d06cd14f8f9b4823336d847dd3 598e78a3186f4efca3ab0cd732e31788 - fea8b2c6ef604c3491912b5521d660fb fea8b2c6ef604c3491912b5521d660fb] Notify callbacks ['neutron.services.segments.db._add_segment_host_mapping_for_segment--9223363286443172175', 'neutron.plugins.ml2.plugin.Ml2Plugin._handle_segment_change-1830119'] for segment, precommit_create _notify_loop /usr/lib/python2.7/site-packages/neutron_lib/callbacks/manager.py:167
2018-09-28 19:55:49.918 1026 INFO neutron.db.segments_db [req-7194d8a2-6ad7-4e9c-b43c-289e2c6122d0 a87767d06cd14f8f9b4823336d847dd3 598e78a3186f4efca3ab0cd732e31788 - fea8b2c6ef604c3491912b5521d660fb fea8b2c6ef604c3491912b5521d660fb] Added segment 6eed1f2a-88cd-4d1f-a2a3-f0d4151d949a of type vxlan for network d4884851-8216-4770-a0da-b91aaa902c4b
2018-09-28 19:55:50.063 1026 DEBUG neutron_lib.callbacks.manager [req-7194d8a2-6ad7-4e9c-b43c-289e2c6122d0 a87767d06cd14f8f9b4823336d847dd3 598e78a3186f4efca3ab0cd732e31788 - fea8b2c6ef604c3491912b5521d660fb fea8b2c6ef604c3491912b5521d660fb] Notify callbacks ['neutron.services.auto_allocate.db._ensure_external_network_default_value_callback--9223363286443581895'] for network, precommit_create _notify_loop /usr/lib/python2.7/site-packages/neutron_lib/callbacks/manager.py:167
2018-09-28 19:55:50.166 1026 DEBUG neutron_lib.callbacks.manager [req-7194d8a2-6ad7-4e9c-b43c-289e2c6122d0 a87767d06cd14f8f9b4823336d847dd3 598e78a3186f4efca3ab0cd732e31788 - fea8b2c6ef604c3491912b5521d660fb fea8b2c6ef604c3491912b5521d660fb] Notify callbacks ['neutron.api.rpc.agentnotifiers.dhcp_rpc_agent_api.DhcpAgentNotifyAPI._native_event_send_dhcp_notification-1467306', 'neutron.plugins.ml2.ovo_rpc._ObjectChangeHandler.handle_event--9223372036853222454'] for network, after_create _notify_loop /usr/lib/python2.7/site-packages/neutron_lib/callbacks/manager.py:167
2018-09-28 19:55:50.169 1026 DEBUG neutron.pecan_wsgi.hooks.policy_enforcement [req-7194d8a2-6ad7-4e9c-b43c-289e2c6122d0 a87767d06cd14f8f9b4823336d847dd3 598e78a3186f4efca3ab0cd732e31788 - fea8b2c6ef604c3491912b5521d660fb fea8b2c6ef604c3491912b5521d660fb] Attributes excluded by policy engine: [u'vlan_transparent'] _exclude_attributes_by_policy /usr/lib/python2.7/site-packages/neutron/pecan_wsgi/hooks/policy_enforcement.py:256
2018-09-28 19:55:50.170 1026 DEBUG neutron_lib.callbacks.manager [req-7194d8a2-6ad7-4e9c-b43c-289e2c6122d0 a87767d06cd14f8f9b4823336d847dd3 598e78a3186f4efca3ab0cd732e31788 - fea8b2c6ef604c3491912b5521d660fb fea8b2c6ef604c3491912b5521d660fb] Notify callbacks ['neutron.api.rpc.agentnotifiers.dhcp_rpc_agent_api.DhcpAgentNotifyAPI._send_dhcp_notification-1467291'] for network, before_response _notify_loop /usr/lib/python2.7/site-packages/neutron_lib/callbacks/manager.py:167
2018-09-28 19:55:50.174 1026 DEBUG oslo_concurrency.lockutils [-] Lock "event-dispatch" acquired by "neutron.plugins.ml2.ovo_rpc.dispatch_events" :: waited 0.000s inner /usr/lib/python2.7/site-packages/oslo_concurrency/lockutils.py:270
2018-09-28 19:55:50.407 1026 DEBUG neutron.quota.resource [req-7194d8a2-6ad7-4e9c-b43c-289e2c6122d0 a87767d06cd14f8f9b4823336d847dd3 598e78a3186f4efca3ab0cd732e31788 - fea8b2c6ef604c3491912b5521d660fb fea8b2c6ef604c3491912b5521d660fb] Persisted dirty status for tenant:598e78a3186f4efca3ab0cd732e31788 on resource:network mark_dirty /usr/lib/python2.7/site-packages/neutron/quota/resource.py:207
2018-09-28 19:55:50.416 1026 DEBUG neutron.api.rpc.handlers.resources_rpc [req-7194d8a2-6ad7-4e9c-b43c-289e2c6122d0 a87767d06cd14f8f9b4823336d847dd3 598e78a3186f4efca3ab0cd732e31788 - - -] neutron.api.rpc.handlers.resources_rpc.ResourcesPushRpcApi method push called with arguments (<neutron_lib.context.Context object at 0x7f55d1dde350>, [Network(admin_state_up=True,availability_zone_hints=[],created_at=2018-09-28T23:55:49Z,description='',dns_domain=None,id=d4884851-8216-4770-a0da-b91aaa902c4b,mtu=1450,name='tempest-private-1538178811',project_id='598e78a3186f4efca3ab0cd732e31788',qos_policy_id=None,revision_number=2,security=NetworkPortSecurity(d4884851-8216-4770-a0da-b91aaa902c4b),segments=[NetworkSegment(6eed1f2a-88cd-4d1f-a2a3-f0d4151d949a)],shared=False,status='ACTIVE',updated_at=2018-09-28T23:55:50Z,vlan_transparent=<?>)], 'updated') {} wrapper /usr/lib/python2.7/site-packages/oslo_log/helpers.py:66
2018-09-28 19:55:50.439 1026 INFO neutron.wsgi [req-7194d8a2-6ad7-4e9c-b43c-289e2c6122d0 a87767d06cd14f8f9b4823336d847dd3 598e78a3186f4efca3ab0cd732e31788 - fea8b2c6ef604c3491912b5521d660fb fea8b2c6ef604c3491912b5521d660fb] 10.0.20.27 "POST /v2.0/networks HTTP/1.1" status: 201  len: 862 time: 1.4523249
2018-09-28 19:55:50.444 1026 DEBUG neutron.api.rpc.callbacks.version_manager [req-7194d8a2-6ad7-4e9c-b43c-289e2c6122d0 a87767d06cd14f8f9b4823336d847dd3 598e78a3186f4efca3ab0cd732e31788 - - -] Version for resource type Subnet changed None to 1.0 on consumer Open vSwitch agent@localhost.localdomain _set_version /usr/lib/python2.7/site-packages/neutron/api/rpc/callbacks/version_manager.py:119
2018-09-28 19:55:50.446 1037 DEBUG neutron_lib.callbacks.manager [req-d2afb554-c835-4ac9-9a54-01a5d97fc0eb - - - - -] Notify callbacks ['neutron.services.segments.db._update_segment_host_mapping_for_agent-8750411603626'] for agent, after_update _notify_loop /usr/lib/python2.7/site-packages/neutron_lib/callbacks/manager.py:167
2018-09-28 19:55:50.446 1026 DEBUG neutron.api.rpc.callbacks.version_manager [req-7194d8a2-6ad7-4e9c-b43c-289e2c6122d0 a87767d06cd14f8f9b4823336d847dd3 598e78a3186f4efca3ab0cd732e31788 - - -] Version for resource type Network changed None to 1.0 on consumer Open vSwitch agent@localhost.localdomain _set_version /usr/lib/python2.7/site-packages/neutron/api/rpc/callbacks/version_manager.py:119
2018-09-28 19:55:50.448 1026 DEBUG neutron.api.rpc.callbacks.version_manager [req-7194d8a2-6ad7-4e9c-b43c-289e2c6122d0 a87767d06cd14f8f9b4823336d847dd3 598e78a3186f4efca3ab0cd732e31788 - - -] Version for resource type SubPort changed None to 1.0 on consumer Open vSwitch agent@localhost.localdomain _set_version /usr/lib/python2.7/site-packages/neutron/api/rpc/callbacks/version_manager.py:119
2018-09-28 19:55:50.453 1026 DEBUG neutron.api.rpc.callbacks.version_manager [req-7194d8a2-6ad7-4e9c-b43c-289e2c6122d0 a87767d06cd14f8f9b4823336d847dd3 598e78a3186f4efca3ab0cd732e31788 - - -] Version for resource type SecurityGroup changed None to 1.0 on consumer Open vSwitch agent@localhost.localdomain _set_version /usr/lib/python2.7/site-packages/neutron/api/rpc/callbacks/version_manager.py:119
2018-09-28 19:55:50.454 1026 DEBUG neutron.api.rpc.callbacks.version_manager [req-7194d8a2-6ad7-4e9c-b43c-289e2c6122d0 a87767d06cd14f8f9b4823336d847dd3 598e78a3186f4efca3ab0cd732e31788 - - -] Version for resource type SecurityGroupRule changed None to 1.0 on consumer Open vSwitch agent@localhost.localdomain _set_version /usr/lib/python2.7/site-packages/neutron/api/rpc/callbacks/version_manager.py:119
2018-09-28 19:55:50.456 1026 DEBUG neutron.api.rpc.callbacks.version_manager [req-7194d8a2-6ad7-4e9c-b43c-289e2c6122d0 a87767d06cd14f8f9b4823336d847dd3 598e78a3186f4efca3ab0cd732e31788 - - -] Version for resource type Trunk changed None to 1.1 on consumer Open vSwitch agent@localhost.localdomain _set_version /usr/lib/python2.7/site-packages/neutron/api/rpc/callbacks/version_manager.py:119
2018-09-28 19:55:50.457 1026 DEBUG neutron.api.rpc.callbacks.version_manager [req-7194d8a2-6ad7-4e9c-b43c-289e2c6122d0 a87767d06cd14f8f9b4823336d847dd3 598e78a3186f4efca3ab0cd732e31788 - - -] Version for resource type QosPolicy changed None to 1.6 on consumer Open vSwitch agent@localhost.localdomain _set_version /usr/lib/python2.7/site-packages/neutron/api/rpc/callbacks/version_manager.py:119
2018-09-28 19:55:50.457 1045 DEBUG neutron_lib.callbacks.manager [req-ecead1bc-3e41-4a07-ae85-9f120e15563b - - - - -] Notify callbacks ['neutron.services.segments.db._update_segment_host_mapping_for_agent-8750411603626'] for agent, after_update _notify_loop /usr/lib/python2.7/site-packages/neutron_lib/callbacks/manager.py:167
2018-09-28 19:55:50.457 1026 DEBUG neutron.api.rpc.callbacks.version_manager [req-7194d8a2-6ad7-4e9c-b43c-289e2c6122d0 a87767d06cd14f8f9b4823336d847dd3 598e78a3186f4efca3ab0cd732e31788 - - -] Version for resource type Port changed None to 1.1 on consumer Open vSwitch agent@localhost.localdomain _set_version /usr/lib/python2.7/site-packages/neutron/api/rpc/callbacks/version_manager.py:119
2018-09-28 19:55:50.458 1026 DEBUG neutron.api.rpc.callbacks.version_manager [req-7194d8a2-6ad7-4e9c-b43c-289e2c6122d0 a87767d06cd14f8f9b4823336d847dd3 598e78a3186f4efca3ab0cd732e31788 - - -] Version for resource type Log changed None to 1.0 on consumer Open vSwitch agent@localhost.localdomain _set_version /usr/lib/python2.7/site-packages/neutron/api/rpc/callbacks/version_manager.py:119
2018-09-28 19:55:50.461 1026 DEBUG neutron.api.rpc.callbacks.version_manager [req-7194d8a2-6ad7-4e9c-b43c-289e2c6122d0 a87767d06cd14f8f9b4823336d847dd3 598e78a3186f4efca3ab0cd732e31788 - - -] Tracked resource versions report:
pushed versions:
{   'Log': set(['1.0']),
    'Network': set(['1.0']),
    'Port': set(['1.1']),
    'QosPolicy': set(['1.6']),
    'SecurityGroup': set(['1.0']),
    'SecurityGroupRule': set(['1.0']),
    'SubPort': set(['1.0']),
    'Subnet': set(['1.0']),
    'Trunk': set(['1.1'])}

consumer versions:
{   DHCP agent@localhost.localdomain: {   },
    L3 agent@localhost.localdomain: {   },
    Metadata agent@localhost.localdomain: {   },
    Metering agent@localhost.localdomain: {   },
    Open vSwitch agent@localhost.localdomain: {   u'Log': u'1.0',
                                                  u'Network': u'1.0',
                                                  u'Port': u'1.1',
                                                  u'QosPolicy': u'1.6',
                                                  u'SecurityGroup': u'1.0',
                                                  u'SecurityGroupRule': u'1.0',
                                                  u'SubPort': u'1.0',
                                                  u'Subnet': u'1.0',
                                                  u'Trunk': u'1.1'}}
 report /usr/lib/python2.7/site-packages/neutron/api/rpc/callbacks/version_manager.py:178
2018-09-28 19:55:50.848 1026 DEBUG oslo_concurrency.lockutils [req-7194d8a2-6ad7-4e9c-b43c-289e2c6122d0 a87767d06cd14f8f9b4823336d847dd3 598e78a3186f4efca3ab0cd732e31788 - - -] Lock "event-dispatch" released by "neutron.plugins.ml2.ovo_rpc.dispatch_events" :: held 0.673s inner /usr/lib/python2.7/site-packages/oslo_concurrency/lockutils.py:282
2018-09-28 19:55:51.232 1041 DEBUG neutron_lib.callbacks.manager [req-d2fabe84-57e2-4cb1-a8be-89ca365e194f - - - - -] Notify callbacks ['neutron.services.segments.db._update_segment_host_mapping_for_agent-8750411603626'] for agent, after_update _notify_loop /usr/lib/python2.7/site-packages/neutron_lib/callbacks/manager.py:167
2018-09-28 19:55:56.408 1042 DEBUG neutron_lib.callbacks.manager [req-ed2de40d-5487-4e6e-91d5-9ef20fb76356 - - - - -] Notify callbacks ['neutron.services.segments.db._update_segment_host_mapping_for_agent-8750411603626'] for agent, after_update _notify_loop /usr/lib/python2.7/site-packages/neutron_lib/callbacks/manager.py:167
2018-09-28 19:55:58.331 1029 DEBUG neutron.wsgi [-] (1029) accepted ('10.0.20.27', 50404) server /usr/lib/python2.7/site-packages/eventlet/wsgi.py:883
