2018-09-29 00:34:44.139 21391 DEBUG neutron.api.rpc.callbacks.version_manager [req-f0fc05dc-ea78-4168-acbf-508ec8aa933a - - - - -] Version for resource type Trunk changed None to 1.1 on consumer Open vSwitch agent@localhost.localdomain _set_version /usr/lib/python2.7/site-packages/neutron/api/rpc/callbacks/version_manager.py:119
2018-09-29 00:34:44.139 21391 DEBUG neutron.api.rpc.callbacks.version_manager [req-f0fc05dc-ea78-4168-acbf-508ec8aa933a - - - - -] Version for resource type QosPolicy changed None to 1.6 on consumer Open vSwitch agent@localhost.localdomain _set_version /usr/lib/python2.7/site-packages/neutron/api/rpc/callbacks/version_manager.py:119
2018-09-29 00:34:44.140 21391 DEBUG neutron.api.rpc.callbacks.version_manager [req-f0fc05dc-ea78-4168-acbf-508ec8aa933a - - - - -] Version for resource type Port changed None to 1.1 on consumer Open vSwitch agent@localhost.localdomain _set_version /usr/lib/python2.7/site-packages/neutron/api/rpc/callbacks/version_manager.py:119
2018-09-29 00:34:44.141 21391 DEBUG neutron.api.rpc.callbacks.version_manager [req-f0fc05dc-ea78-4168-acbf-508ec8aa933a - - - - -] Version for resource type Log changed None to 1.0 on consumer Open vSwitch agent@localhost.localdomain _set_version /usr/lib/python2.7/site-packages/neutron/api/rpc/callbacks/version_manager.py:119
2018-09-29 00:34:44.156 21391 DEBUG oslo_concurrency.lockutils [req-f0fc05dc-ea78-4168-acbf-508ec8aa933a - - - - -] Lock "event-dispatch" released by "neutron.plugins.ml2.ovo_rpc.dispatch_events" :: held 0.151s inner /usr/lib/python2.7/site-packages/oslo_concurrency/lockutils.py:282
2018-09-29 00:34:44.364 21374 INFO neutron.pecan_wsgi.hooks.translation [req-f8de8c78-33da-4d9c-8ec9-969bc27f0b9f e386cb43209f41fcb7173020f656e97e 63d6ee59c98741e4acf874cc7755dc45 - default default] GET failed (client error): The resource could not be found.
2018-09-29 00:34:44.366 21374 INFO neutron.wsgi [req-f8de8c78-33da-4d9c-8ec9-969bc27f0b9f e386cb43209f41fcb7173020f656e97e 63d6ee59c98741e4acf874cc7755dc45 - default default] 10.0.20.36 "GET /v2.0/networks/tempest-private-1538195211 HTTP/1.1" status: 404  len: 334 time: 0.4208992
2018-09-29 00:34:44.571 21374 DEBUG neutron.pecan_wsgi.hooks.policy_enforcement [req-b521e83a-83b3-4350-83a4-72a119cc8652 e386cb43209f41fcb7173020f656e97e 63d6ee59c98741e4acf874cc7755dc45 - default default] Attributes excluded by policy engine: [u'vlan_transparent'] _exclude_attributes_by_policy /usr/lib/python2.7/site-packages/neutron/pecan_wsgi/hooks/policy_enforcement.py:256
2018-09-29 00:34:44.572 21374 DEBUG neutron.pecan_wsgi.hooks.policy_enforcement [req-b521e83a-83b3-4350-83a4-72a119cc8652 e386cb43209f41fcb7173020f656e97e 63d6ee59c98741e4acf874cc7755dc45 - default default] Attributes excluded by policy engine: [u'vlan_transparent'] _exclude_attributes_by_policy /usr/lib/python2.7/site-packages/neutron/pecan_wsgi/hooks/policy_enforcement.py:256
2018-09-29 00:34:44.572 21374 DEBUG neutron.pecan_wsgi.hooks.policy_enforcement [req-b521e83a-83b3-4350-83a4-72a119cc8652 e386cb43209f41fcb7173020f656e97e 63d6ee59c98741e4acf874cc7755dc45 - default default] Attributes excluded by policy engine: [u'vlan_transparent'] _exclude_attributes_by_policy /usr/lib/python2.7/site-packages/neutron/pecan_wsgi/hooks/policy_enforcement.py:256
2018-09-29 00:34:44.575 21374 INFO neutron.wsgi [req-b521e83a-83b3-4350-83a4-72a119cc8652 e386cb43209f41fcb7173020f656e97e 63d6ee59c98741e4acf874cc7755dc45 - default default] 10.0.20.36 "GET /v2.0/networks HTTP/1.1" status: 200  len: 2214 time: 0.2038729
2018-09-29 00:34:44.753 21374 DEBUG neutron_lib.callbacks.manager [req-c7c9ece6-b53d-4487-9bd1-2c20e0370f90 e386cb43209f41fcb7173020f656e97e 63d6ee59c98741e4acf874cc7755dc45 - default default] Notify callbacks ['neutron.plugins.ml2.plugin.Ml2Plugin._before_network_delete_handler-4182631'] for network, before_delete _notify_loop /usr/lib/python2.7/site-packages/neutron_lib/callbacks/manager.py:167
2018-09-29 00:34:44.777 21374 DEBUG neutron.plugins.ml2.plugin [req-c7c9ece6-b53d-4487-9bd1-2c20e0370f90 e386cb43209f41fcb7173020f656e97e 63d6ee59c98741e4acf874cc7755dc45 - default default] Deleting port 30c9605b-cfa8-4192-8d89-7c1a02706ab2 _pre_delete_port /usr/lib/python2.7/site-packages/neutron/plugins/ml2/plugin.py:1488
2018-09-29 00:34:44.778 21374 DEBUG neutron_lib.callbacks.manager [req-c7c9ece6-b53d-4487-9bd1-2c20e0370f90 e386cb43209f41fcb7173020f656e97e 63d6ee59c98741e4acf874cc7755dc45 - default default] Notify callbacks ['neutron.db.l3_db._prevent_l3_port_delete_callback--9223363291490018202'] for port, before_delete _notify_loop /usr/lib/python2.7/site-packages/neutron_lib/callbacks/manager.py:167
2018-09-29 00:34:45.050 21374 DEBUG neutron.plugins.ml2.db [req-c7c9ece6-b53d-4487-9bd1-2c20e0370f90 e386cb43209f41fcb7173020f656e97e 63d6ee59c98741e4acf874cc7755dc45 - default default] For port 30c9605b-cfa8-4192-8d89-7c1a02706ab2, host localhost.localdomain, got binding levels [<neutron.plugins.ml2.models.PortBindingLevel[object at 7f4304c13490] {port_id=u'30c9605b-cfa8-4192-8d89-7c1a02706ab2', host=u'localhost.localdomain', level=0, driver=u'openvswitch', segment_id=u'bbddc335-cff8-4c84-aaaf-7076d7669f46'}>] get_binding_levels /usr/lib/python2.7/site-packages/neutron/plugins/ml2/db.py:106
2018-09-29 00:34:45.081 21374 DEBUG neutron.plugins.ml2.plugin [req-c7c9ece6-b53d-4487-9bd1-2c20e0370f90 e386cb43209f41fcb7173020f656e97e 63d6ee59c98741e4acf874cc7755dc45 - default default] Calling delete_port for 30c9605b-cfa8-4192-8d89-7c1a02706ab2 owned by network:dhcp delete_port /usr/lib/python2.7/site-packages/neutron/plugins/ml2/plugin.py:1547
2018-09-29 00:34:45.264 21374 DEBUG neutron_lib.callbacks.manager [req-c7c9ece6-b53d-4487-9bd1-2c20e0370f90 e386cb43209f41fcb7173020f656e97e 63d6ee59c98741e4acf874cc7755dc45 - default default] Notify callbacks ['neutron.db.l3_db._notify_routers_callback-8745364731457', 'neutron.services.segments.plugin.NovaSegmentNotifier._notify_port_created_or_deleted-2085845', 'neutron.api.rpc.agentnotifiers.dhcp_rpc_agent_api.DhcpAgentNotifyAPI._native_event_send_dhcp_notification-901034', 'neutron.db.l3_dvrscheduler_db._notify_port_delete--9223363291490583149', 'neutron.plugins.ml2.ovo_rpc._ObjectChangeHandler.handle_event--9223372036853738590', 'neutron.plugins.ml2.plugin.Ml2Plugin.notify_sg_on_port_change-4115596'] for port, after_delete _notify_loop /usr/lib/python2.7/site-packages/neutron_lib/callbacks/manager.py:167
2018-09-29 00:34:45.585 21398 DEBUG neutron.api.rpc.handlers.dhcp_rpc [req-905a9102-6333-45bb-9ac7-86674162256d - - - - -] DHCP port deletion for fcecd5b7-9af7-4b71-92f2-a108b10dc93c request from localhost.localdomain release_dhcp_port /usr/lib/python2.7/site-packages/neutron/api/rpc/handlers/dhcp_rpc.py:246
2018-09-29 00:34:45.616 21374 DEBUG neutron.db.l3_dvrscheduler_db [req-c7c9ece6-b53d-4487-9bd1-2c20e0370f90 e386cb43209f41fcb7173020f656e97e 63d6ee59c98741e4acf874cc7755dc45 - default default] No DVR routers for this DVR port 30c9605b-cfa8-4192-8d89-7c1a02706ab2 on host localhost.localdomain get_dvr_routers_to_remove /usr/lib/python2.7/site-packages/neutron/db/l3_dvrscheduler_db.py:191
2018-09-29 00:34:45.619 21374 DEBUG oslo_concurrency.lockutils [-] Lock "event-dispatch" acquired by "neutron.plugins.ml2.ovo_rpc.dispatch_events" :: waited 0.000s inner /usr/lib/python2.7/site-packages/oslo_concurrency/lockutils.py:270
2018-09-29 00:34:45.671 21396 DEBUG neutron.plugins.ml2.rpc [req-f0fc05dc-ea78-4168-acbf-508ec8aa933a - - - - -] Device 30c9605b-cfa8-4192-8d89-7c1a02706ab2 no longer exists at agent ovs-agent-localhost.localdomain update_device_down /usr/lib/python2.7/site-packages/neutron/plugins/ml2/rpc.py:213
2018-09-29 00:34:45.672 21374 DEBUG neutron.api.rpc.handlers.resources_rpc [req-c7c9ece6-b53d-4487-9bd1-2c20e0370f90 e386cb43209f41fcb7173020f656e97e 63d6ee59c98741e4acf874cc7755dc45 - - -] neutron.api.rpc.handlers.resources_rpc.ResourcesPushRpcApi method push called with arguments (<neutron_lib.context.Context object at 0x7f4303fc6250>, [Port(admin_state_up=<?>,allowed_address_pairs=<?>,binding=<?>,binding_levels=<?>,created_at=<?>,data_plane_status=<?>,description=<?>,device_id=<?>,device_owner=<?>,dhcp_options=<?>,distributed_binding=<?>,dns=<?>,fixed_ips=<?>,id=30c9605b-cfa8-4192-8d89-7c1a02706ab2,mac_address=<?>,name=<?>,network_id=<?>,project_id=<?>,qos_policy_id=None,revision_number=<?>,security=<?>,security_group_ids=None,status=<?>,updated_at=<?>)], 'deleted') {} wrapper /usr/lib/python2.7/site-packages/oslo_log/helpers.py:66
2018-09-29 00:34:45.695 21374 DEBUG oslo_concurrency.lockutils [req-c7c9ece6-b53d-4487-9bd1-2c20e0370f90 e386cb43209f41fcb7173020f656e97e 63d6ee59c98741e4acf874cc7755dc45 - - -] Lock "event-dispatch" released by "neutron.plugins.ml2.ovo_rpc.dispatch_events" :: held 0.076s inner /usr/lib/python2.7/site-packages/oslo_concurrency/lockutils.py:282
2018-09-29 00:34:45.756 21396 DEBUG neutron.plugins.ml2.plugin [req-f0fc05dc-ea78-4168-acbf-508ec8aa933a - - - - -] No Port match for: 30c9605b-cfa8-4192-8d89-7c1a02706ab2 port_bound_to_host /usr/lib/python2.7/site-packages/neutron/plugins/ml2/plugin.py:1806
2018-09-29 00:34:45.757 21396 DEBUG neutron.plugins.ml2.rpc [req-f0fc05dc-ea78-4168-acbf-508ec8aa933a - - - - -] Device 30c9605b-cfa8-4192-8d89-7c1a02706ab2 not bound to the agent host localhost.localdomain update_device_down /usr/lib/python2.7/site-packages/neutron/plugins/ml2/rpc.py:221
2018-09-29 00:34:45.823 21374 DEBUG neutron.db.db_base_plugin_v2 [req-c7c9ece6-b53d-4487-9bd1-2c20e0370f90 e386cb43209f41fcb7173020f656e97e 63d6ee59c98741e4acf874cc7755dc45 - default default] Deleting subnet c03abe89-b078-4f2c-9d7e-bb0f76d6fd34 delete_subnet /usr/lib/python2.7/site-packages/neutron/db/db_base_plugin_v2.py:1022
2018-09-29 00:34:45.824 21374 DEBUG neutron_lib.callbacks.manager [req-c7c9ece6-b53d-4487-9bd1-2c20e0370f90 e386cb43209f41fcb7173020f656e97e 63d6ee59c98741e4acf874cc7755dc45 - default default] Notify callbacks [] for subnet, before_delete _notify_loop /usr/lib/python2.7/site-packages/neutron_lib/callbacks/manager.py:167
2018-09-29 00:34:46.038 21374 DEBUG neutron_lib.callbacks.manager [req-c7c9ece6-b53d-4487-9bd1-2c20e0370f90 e386cb43209f41fcb7173020f656e97e 63d6ee59c98741e4acf874cc7755dc45 - default default] Notify callbacks ['neutron.plugins.ml2.plugin.Ml2Plugin._subnet_delete_precommit_handler-3810347'] for subnet, precommit_delete _notify_loop /usr/lib/python2.7/site-packages/neutron_lib/callbacks/manager.py:167
2018-09-29 00:34:46.560 21374 DEBUG neutron_lib.callbacks.manager [req-c7c9ece6-b53d-4487-9bd1-2c20e0370f90 e386cb43209f41fcb7173020f656e97e 63d6ee59c98741e4acf874cc7755dc45 - default default] Notify callbacks ['neutron.plugins.ml2.ovo_rpc._ObjectChangeHandler.handle_event--9223372036853738606', 'neutron.api.rpc.agentnotifiers.dhcp_rpc_agent_api.DhcpAgentNotifyAPI._native_event_send_dhcp_notification-901034', 'neutron.services.segments.plugin.NovaSegmentNotifier._notify_subnet_deleted--9223372036852689985', 'neutron.plugins.ml2.plugin.Ml2Plugin._subnet_delete_after_delete_handler--9223372036850965472'] for subnet, after_delete _notify_loop /usr/lib/python2.7/site-packages/neutron_lib/callbacks/manager.py:167
2018-09-29 00:34:46.578 21374 DEBUG oslo_concurrency.lockutils [-] Lock "event-dispatch" acquired by "neutron.plugins.ml2.ovo_rpc.dispatch_events" :: waited 0.000s inner /usr/lib/python2.7/site-packages/oslo_concurrency/lockutils.py:270
2018-09-29 00:34:46.681 21374 DEBUG neutron.api.rpc.handlers.resources_rpc [req-c7c9ece6-b53d-4487-9bd1-2c20e0370f90 e386cb43209f41fcb7173020f656e97e 63d6ee59c98741e4acf874cc7755dc45 - - -] neutron.api.rpc.handlers.resources_rpc.ResourcesPushRpcApi method push called with arguments (<neutron_lib.context.Context object at 0x7f43040c27d0>, [Subnet(allocation_pools=<?>,cidr=<?>,created_at=<?>,description=<?>,dns_nameservers=<?>,enable_dhcp=<?>,gateway_ip=<?>,host_routes=<?>,id=c03abe89-b078-4f2c-9d7e-bb0f76d6fd34,ip_version=<?>,ipv6_address_mode=<?>,ipv6_ra_mode=<?>,name=<?>,network_id=<?>,project_id=<?>,revision_number=<?>,segment_id=<?>,service_types=<?>,shared=<?>,subnetpool_id=<?>,updated_at=<?>)], 'deleted') {} wrapper /usr/lib/python2.7/site-packages/oslo_log/helpers.py:66
2018-09-29 00:34:46.715 21374 DEBUG oslo_concurrency.lockutils [req-c7c9ece6-b53d-4487-9bd1-2c20e0370f90 e386cb43209f41fcb7173020f656e97e 63d6ee59c98741e4acf874cc7755dc45 - - -] Lock "event-dispatch" released by "neutron.plugins.ml2.ovo_rpc.dispatch_events" :: held 0.136s inner /usr/lib/python2.7/site-packages/oslo_concurrency/lockutils.py:282
2018-09-29 00:34:46.779 21395 DEBUG neutron.api.rpc.handlers.dhcp_rpc [req-de33eaa1-8538-43f9-89ca-1e88b5247cfe - - - - -] Network fcecd5b7-9af7-4b71-92f2-a108b10dc93c requested from localhost.localdomain get_network_info /usr/lib/python2.7/site-packages/neutron/api/rpc/handlers/dhcp_rpc.py:199
2018-09-29 00:34:46.853 21392 DEBUG neutron_lib.callbacks.manager [req-11cbe970-2be6-4769-bcff-e5ec6dcc7103 - - - - -] Notify callbacks ['neutron.services.segments.db._update_segment_host_mapping_for_agent-8745364554154'] for agent, after_update _notify_loop /usr/lib/python2.7/site-packages/neutron_lib/callbacks/manager.py:167
2018-09-29 00:34:46.880 21374 DEBUG neutron_lib.callbacks.manager [req-c7c9ece6-b53d-4487-9bd1-2c20e0370f90 e386cb43209f41fcb7173020f656e97e 63d6ee59c98741e4acf874cc7755dc45 - default default] Notify callbacks ['neutron.plugins.ml2.plugin.Ml2Plugin._network_delete_precommit_handler--9223372036850965273', 'neutron.services.segments.db._delete_segments_for_network-8745364554169'] for network, precommit_delete _notify_loop /usr/lib/python2.7/site-packages/neutron_lib/callbacks/manager.py:167
2018-09-29 00:34:47.040 21397 DEBUG neutron.api.rpc.handlers.dhcp_rpc [req-685433a2-b410-4dcb-93cb-dda01099a160 - - - - -] DHCP port deletion for fcecd5b7-9af7-4b71-92f2-a108b10dc93c request from localhost.localdomain release_dhcp_port /usr/lib/python2.7/site-packages/neutron/api/rpc/handlers/dhcp_rpc.py:246
2018-09-29 00:34:47.053 21374 DEBUG neutron.services.segments.db [req-c7c9ece6-b53d-4487-9bd1-2c20e0370f90 e386cb43209f41fcb7173020f656e97e 63d6ee59c98741e4acf874cc7755dc45 - default default] neutron.services.segments.plugin.Plugin method get_segments called with arguments (<neutron_lib.context.Context object at 0x7f430418cf90>,) {'filters': {'network_id': [u'fcecd5b7-9af7-4b71-92f2-a108b10dc93c']}} wrapper /usr/lib/python2.7/site-packages/oslo_log/helpers.py:66
2018-09-29 00:34:47.079 21374 DEBUG neutron.services.segments.db [req-c7c9ece6-b53d-4487-9bd1-2c20e0370f90 e386cb43209f41fcb7173020f656e97e 63d6ee59c98741e4acf874cc7755dc45 - default default] neutron.services.segments.plugin.Plugin method delete_segment called with arguments (<neutron_lib.context.Context object at 0x7f430418cf90>, 'bbddc335-cff8-4c84-aaaf-7076d7669f46') {'for_net_delete': True} wrapper /usr/lib/python2.7/site-packages/oslo_log/helpers.py:66
2018-09-29 00:34:47.080 21374 DEBUG neutron.services.segments.db [req-c7c9ece6-b53d-4487-9bd1-2c20e0370f90 e386cb43209f41fcb7173020f656e97e 63d6ee59c98741e4acf874cc7755dc45 - default default] neutron.services.segments.plugin.Plugin method get_segment called with arguments (<neutron_lib.context.Context object at 0x7f430418cf90>, 'bbddc335-cff8-4c84-aaaf-7076d7669f46') {} wrapper /usr/lib/python2.7/site-packages/oslo_log/helpers.py:66
2018-09-29 00:34:47.104 21374 DEBUG neutron_lib.callbacks.manager [req-c7c9ece6-b53d-4487-9bd1-2c20e0370f90 e386cb43209f41fcb7173020f656e97e 63d6ee59c98741e4acf874cc7755dc45 - default default] Notify callbacks ['neutron.services.segments.plugin.Plugin._prevent_segment_delete_with_subnet_associated--9223372036853055689', 'neutron.plugins.ml2.db._prevent_segment_delete_with_port_bound-8745364791105'] for segment, before_delete _notify_loop /usr/lib/python2.7/site-packages/neutron_lib/callbacks/manager.py:167
2018-09-29 00:34:47.131 21374 DEBUG neutron_lib.callbacks.manager [req-c7c9ece6-b53d-4487-9bd1-2c20e0370f90 e386cb43209f41fcb7173020f656e97e 63d6ee59c98741e4acf874cc7755dc45 - default default] Notify callbacks ['neutron.plugins.ml2.plugin.Ml2Plugin._handle_segment_change-3812095'] for segment, precommit_delete _notify_loop /usr/lib/python2.7/site-packages/neutron_lib/callbacks/manager.py:167
2018-09-29 00:34:47.136 21374 DEBUG neutron.plugins.ml2.drivers.type_tunnel [req-c7c9ece6-b53d-4487-9bd1-2c20e0370f90 e386cb43209f41fcb7173020f656e97e 63d6ee59c98741e4acf874cc7755dc45 - default default] Releasing vxlan tunnel 13 to pool release_segment /usr/lib/python2.7/site-packages/neutron/plugins/ml2/drivers/type_tunnel.py:322
2018-09-29 00:34:47.421 21374 DEBUG neutron.plugins.ml2.managers [req-c7c9ece6-b53d-4487-9bd1-2c20e0370f90 e386cb43209f41fcb7173020f656e97e 63d6ee59c98741e4acf874cc7755dc45 - default default] Network fcecd5b7-9af7-4b71-92f2-a108b10dc93c has no segments _extend_network_dict_provider /usr/lib/python2.7/site-packages/neutron/plugins/ml2/managers.py:165
2018-09-29 00:34:47.442 21374 DEBUG neutron_lib.callbacks.manager [req-c7c9ece6-b53d-4487-9bd1-2c20e0370f90 e386cb43209f41fcb7173020f656e97e 63d6ee59c98741e4acf874cc7755dc45 - default default] Notify callbacks ['neutron.plugins.ml2.plugin.Ml2Plugin._handle_segment_change-3812095'] for segment, after_delete _notify_loop /usr/lib/python2.7/site-packages/neutron_lib/callbacks/manager.py:167
2018-09-29 00:34:47.737 21374 DEBUG neutron.plugins.ml2.managers [req-c7c9ece6-b53d-4487-9bd1-2c20e0370f90 e386cb43209f41fcb7173020f656e97e 63d6ee59c98741e4acf874cc7755dc45 - default default] Network fcecd5b7-9af7-4b71-92f2-a108b10dc93c has no segments _extend_network_dict_provider /usr/lib/python2.7/site-packages/neutron/plugins/ml2/managers.py:165
2018-09-29 00:34:47.909 21374 DEBUG neutron_lib.callbacks.manager [req-c7c9ece6-b53d-4487-9bd1-2c20e0370f90 e386cb43209f41fcb7173020f656e97e 63d6ee59c98741e4acf874cc7755dc45 - default default] Notify callbacks ['neutron.plugins.ml2.plugin.Ml2Plugin._network_delete_after_delete_handler-3810559', 'neutron.api.rpc.agentnotifiers.dhcp_rpc_agent_api.DhcpAgentNotifyAPI._native_event_send_dhcp_notification-901034', 'neutron.plugins.ml2.ovo_rpc._ObjectChangeHandler.handle_event--9223372036853738550'] for network, after_delete _notify_loop /usr/lib/python2.7/site-packages/neutron_lib/callbacks/manager.py:167
2018-09-29 00:34:47.934 21374 DEBUG neutron_lib.callbacks.manager [req-c7c9ece6-b53d-4487-9bd1-2c20e0370f90 e386cb43209f41fcb7173020f656e97e 63d6ee59c98741e4acf874cc7755dc45 - default default] Notify callbacks ['neutron.api.rpc.agentnotifiers.dhcp_rpc_agent_api.DhcpAgentNotifyAPI._send_dhcp_notification-901019'] for network, before_response _notify_loop /usr/lib/python2.7/site-packages/neutron_lib/callbacks/manager.py:167
2018-09-29 00:34:47.936 21374 DEBUG oslo_concurrency.lockutils [-] Lock "event-dispatch" acquired by "neutron.plugins.ml2.ovo_rpc.dispatch_events" :: waited 0.000s inner /usr/lib/python2.7/site-packages/oslo_concurrency/lockutils.py:270
2018-09-29 00:34:47.963 21374 DEBUG neutron.quota.resource [req-c7c9ece6-b53d-4487-9bd1-2c20e0370f90 e386cb43209f41fcb7173020f656e97e 63d6ee59c98741e4acf874cc7755dc45 - default default] Persisted dirty status for tenant:9c636026f5a24aceb811ab86d31e49ba on resource:subnet mark_dirty /usr/lib/python2.7/site-packages/neutron/quota/resource.py:207
2018-09-29 00:34:47.967 21374 DEBUG neutron.api.rpc.handlers.resources_rpc [req-c7c9ece6-b53d-4487-9bd1-2c20e0370f90 e386cb43209f41fcb7173020f656e97e 63d6ee59c98741e4acf874cc7755dc45 - - -] neutron.api.rpc.handlers.resources_rpc.ResourcesPushRpcApi method push called with arguments (<neutron_lib.context.Context object at 0x7f430484e550>, [Network(admin_state_up=<?>,availability_zone_hints=<?>,created_at=<?>,description=<?>,dns_domain=<?>,id=fcecd5b7-9af7-4b71-92f2-a108b10dc93c,mtu=<?>,name=<?>,project_id=<?>,qos_policy_id=None,revision_number=<?>,security=<?>,segments=<?>,shared=False,status=<?>,updated_at=<?>,vlan_transparent=<?>)], 'deleted') {} wrapper /usr/lib/python2.7/site-packages/oslo_log/helpers.py:66
2018-09-29 00:34:47.971 21374 DEBUG neutron.quota.resource [req-c7c9ece6-b53d-4487-9bd1-2c20e0370f90 e386cb43209f41fcb7173020f656e97e 63d6ee59c98741e4acf874cc7755dc45 - default default] Persisted dirty status for tenant:9c636026f5a24aceb811ab86d31e49ba on resource:network mark_dirty /usr/lib/python2.7/site-packages/neutron/quota/resource.py:207
2018-09-29 00:34:47.986 21374 DEBUG neutron.quota.resource [req-c7c9ece6-b53d-4487-9bd1-2c20e0370f90 e386cb43209f41fcb7173020f656e97e 63d6ee59c98741e4acf874cc7755dc45 - default default] Persisted dirty status for tenant:9c636026f5a24aceb811ab86d31e49ba on resource:port mark_dirty /usr/lib/python2.7/site-packages/neutron/quota/resource.py:207
2018-09-29 00:34:47.988 21374 DEBUG oslo_concurrency.lockutils [req-c7c9ece6-b53d-4487-9bd1-2c20e0370f90 e386cb43209f41fcb7173020f656e97e 63d6ee59c98741e4acf874cc7755dc45 - - -] Lock "event-dispatch" released by "neutron.plugins.ml2.ovo_rpc.dispatch_events" :: held 0.052s inner /usr/lib/python2.7/site-packages/oslo_concurrency/lockutils.py:282
2018-09-29 00:34:47.990 21374 INFO neutron.wsgi [req-c7c9ece6-b53d-4487-9bd1-2c20e0370f90 e386cb43209f41fcb7173020f656e97e 63d6ee59c98741e4acf874cc7755dc45 - default default] 10.0.20.36 "DELETE /v2.0/networks/fcecd5b7-9af7-4b71-92f2-a108b10dc93c HTTP/1.1" status: 204  len: 173 time: 3.4072120
2018-09-29 00:34:51.066 21391 DEBUG neutron_lib.callbacks.manager [req-001fdc18-0c8e-4a26-b055-1481f4318d71 - - - - -] Notify callbacks ['neutron.services.segments.db._update_segment_host_mapping_for_agent-8745364554154'] for agent, after_update _notify_loop /usr/lib/python2.7/site-packages/neutron_lib/callbacks/manager.py:167
2018-09-29 00:34:53.617 21374 DEBUG neutron.wsgi [-] (21374) accepted ('10.0.20.36', 45612) server /usr/lib/python2.7/site-packages/eventlet/wsgi.py:883
2018-09-29 00:34:53.621 21374 INFO neutron.wsgi [-] 10.0.20.36 "GET / HTTP/1.1" status: 200  len: 252 time: 0.0024290
2018-09-29 00:34:54.027 21374 INFO neutron.api.v2.resource [req-600703fb-8f5a-435c-9e71-70789debc797 e386cb43209f41fcb7173020f656e97e 63d6ee59c98741e4acf874cc7755dc45 - default default] show failed (client error): The resource could not be found.
2018-09-29 00:34:54.028 21374 INFO neutron.wsgi [req-600703fb-8f5a-435c-9e71-70789debc797 e386cb43209f41fcb7173020f656e97e 63d6ee59c98741e4acf874cc7755dc45 - default default] 10.0.20.36 "GET /v2.0/security-groups/tempest-SECURITY_GROUP_SAMPLE-1538195211 HTTP/1.1" status: 404  len: 356 time: 0.4026370
2018-09-29 00:34:54.172 21374 INFO neutron.wsgi [req-68232a5e-2b82-4806-8894-81323ac92e1f e386cb43209f41fcb7173020f656e97e 63d6ee59c98741e4acf874cc7755dc45 - default default] 10.0.20.36 "GET /v2.0/security-groups HTTP/1.1" status: 200  len: 21103 time: 0.1381242
2018-09-29 00:34:54.272 21374 DEBUG neutron_lib.callbacks.manager [req-1fa96398-f205-4e89-9861-de20596ed8cc e386cb43209f41fcb7173020f656e97e 63d6ee59c98741e4acf874cc7755dc45 - default default] Notify callbacks [] for security_group, before_delete _notify_loop /usr/lib/python2.7/site-packages/neutron_lib/callbacks/manager.py:167
2018-09-29 00:34:54.319 21374 DEBUG neutron_lib.callbacks.manager [req-1fa96398-f205-4e89-9861-de20596ed8cc e386cb43209f41fcb7173020f656e97e 63d6ee59c98741e4acf874cc7755dc45 - default default] Notify callbacks [] for security_group, precommit_delete _notify_loop /usr/lib/python2.7/site-packages/neutron_lib/callbacks/manager.py:167
2018-09-29 00:34:54.392 21374 DEBUG neutron_lib.callbacks.manager [req-1fa96398-f205-4e89-9861-de20596ed8cc e386cb43209f41fcb7173020f656e97e 63d6ee59c98741e4acf874cc7755dc45 - default default] Notify callbacks ['neutron.plugins.ml2.ovo_rpc._ObjectChangeHandler.handle_event--9223372036853738646'] for security_group, after_delete _notify_loop /usr/lib/python2.7/site-packages/neutron_lib/callbacks/manager.py:167
2018-09-29 00:34:54.400 21374 DEBUG oslo_concurrency.lockutils [-] Lock "event-dispatch" acquired by "neutron.plugins.ml2.ovo_rpc.dispatch_events" :: waited 0.000s inner /usr/lib/python2.7/site-packages/oslo_concurrency/lockutils.py:270
2018-09-29 00:34:54.416 21374 DEBUG neutron.quota.resource [req-1fa96398-f205-4e89-9861-de20596ed8cc e386cb43209f41fcb7173020f656e97e 63d6ee59c98741e4acf874cc7755dc45 - default default] Persisted dirty status for tenant:9c636026f5a24aceb811ab86d31e49ba on resource:security_group_rule mark_dirty /usr/lib/python2.7/site-packages/neutron/quota/resource.py:207
2018-09-29 00:34:54.421 21374 DEBUG neutron.api.rpc.handlers.resources_rpc [req-1fa96398-f205-4e89-9861-de20596ed8cc e386cb43209f41fcb7173020f656e97e 63d6ee59c98741e4acf874cc7755dc45 - - -] neutron.api.rpc.handlers.resources_rpc.ResourcesPushRpcApi method push called with arguments (<neutron_lib.context.Context object at 0x7f4303fa6750>, [SecurityGroup(created_at=<?>,description=<?>,id=733eff52-e7b7-4c2a-992f-079cad705588,is_default=False,name=<?>,project_id=<?>,revision_number=<?>,rules=<?>,updated_at=<?>)], 'deleted') {} wrapper /usr/lib/python2.7/site-packages/oslo_log/helpers.py:66
2018-09-29 00:34:54.448 21374 DEBUG oslo_concurrency.lockutils [req-1fa96398-f205-4e89-9861-de20596ed8cc e386cb43209f41fcb7173020f656e97e 63d6ee59c98741e4acf874cc7755dc45 - - -] Lock "event-dispatch" released by "neutron.plugins.ml2.ovo_rpc.dispatch_events" :: held 0.047s inner /usr/lib/python2.7/site-packages/oslo_concurrency/lockutils.py:282
2018-09-29 00:34:54.450 21374 DEBUG neutron.quota.resource [req-1fa96398-f205-4e89-9861-de20596ed8cc e386cb43209f41fcb7173020f656e97e 63d6ee59c98741e4acf874cc7755dc45 - default default] Persisted dirty status for tenant:9c636026f5a24aceb811ab86d31e49ba on resource:security_group mark_dirty /usr/lib/python2.7/site-packages/neutron/quota/resource.py:207
2018-09-29 00:34:54.457 21374 DEBUG neutron_lib.callbacks.manager [req-1fa96398-f205-4e89-9861-de20596ed8cc e386cb43209f41fcb7173020f656e97e 63d6ee59c98741e4acf874cc7755dc45 - default default] Notify callbacks [] for security_group, before_response _notify_loop /usr/lib/python2.7/site-packages/neutron_lib/callbacks/manager.py:167
2018-09-29 00:34:54.459 21374 INFO neutron.wsgi [req-1fa96398-f205-4e89-9861-de20596ed8cc e386cb43209f41fcb7173020f656e97e 63d6ee59c98741e4acf874cc7755dc45 - default default] 10.0.20.36 "DELETE /v2.0/security-groups/733eff52-e7b7-4c2a-992f-079cad705588 HTTP/1.1" status: 204  len: 173 time: 0.2787249
2018-09-29 00:35:05.028 21389 DEBUG neutron_lib.callbacks.manager [req-f0fc05dc-ea78-4168-acbf-508ec8aa933a - - - - -] Notify callbacks ['neutron.services.segments.db._update_segment_host_mapping_for_agent-8745364554154'] for agent, after_update _notify_loop /usr/lib/python2.7/site-packages/neutron_lib/callbacks/manager.py:167
2018-09-29 00:35:07.950 21400 DEBUG neutron.db.agents_db [req-021f59f5-136a-46ed-880d-846dde3471cf - - - - -] Agent healthcheck: found 5 active agents agent_health_check /usr/lib/python2.7/site-packages/neutron/db/agents_db.py:281
2018-09-29 00:35:08.433 21393 DEBUG neutron_lib.callbacks.manager [req-8eebbdae-88ac-4638-9a5c-2427d1a8bde3 - - - - -] Notify callbacks ['neutron.services.segments.db._update_segment_host_mapping_for_agent-8745364554154'] for agent, after_update _notify_loop /usr/lib/python2.7/site-packages/neutron_lib/callbacks/manager.py:167
2018-09-29 00:35:09.146 21398 DEBUG neutron_lib.callbacks.manager [req-15452707-f4dd-40e0-8486-6a9f7989ecdf - - - - -] Notify callbacks ['neutron.services.segments.db._update_segment_host_mapping_for_agent-8745364554154'] for agent, after_update _notify_loop /usr/lib/python2.7/site-packages/neutron_lib/callbacks/manager.py:167
2018-09-29 00:35:13.584 21389 DEBUG neutron.api.rpc.handlers.dhcp_rpc [req-fa2ccbaa-66d3-4135-921a-690ffbe91ff9 - - - - -] get_active_networks_info from localhost.localdomain get_active_networks_info /usr/lib/python2.7/site-packages/neutron/api/rpc/handlers/dhcp_rpc.py:141
2018-09-29 00:35:16.854 21396 DEBUG neutron_lib.callbacks.manager [req-bbe936ce-26c6-4807-9170-f419f49a0e53 - - - - -] Notify callbacks ['neutron.services.segments.db._update_segment_host_mapping_for_agent-8745364554154'] for agent, after_update _notify_loop /usr/lib/python2.7/site-packages/neutron_lib/callbacks/manager.py:167
2018-09-29 00:35:21.075 21395 DEBUG neutron_lib.callbacks.manager [req-001fdc18-0c8e-4a26-b055-1481f4318d71 - - - - -] Notify callbacks ['neutron.services.segments.db._update_segment_host_mapping_for_agent-8745364554154'] for agent, after_update _notify_loop /usr/lib/python2.7/site-packages/neutron_lib/callbacks/manager.py:167
