2018-09-13 02:31:19.769 5756 DEBUG neutron_lib.callbacks.manager [req-913eea78-c807-4ccf-b841-8c8bf41fdeb9 - - - - -] Notify callbacks ['neutron.services.segments.db._update_segment_host_mapping_for_agent--9223363245682386164'] for agent, after_update _notify_loop /usr/lib/python2.7/site-packages/neutron_lib/callbacks/manager.py:167
2018-09-13 02:31:20.552 5753 DEBUG neutron_lib.callbacks.manager [req-85af57c3-6b97-4bb1-aa47-a5b955c45e16 - - - - -] Notify callbacks ['neutron.services.segments.db._update_segment_host_mapping_for_agent--9223363245682386164'] for agent, after_update _notify_loop /usr/lib/python2.7/site-packages/neutron_lib/callbacks/manager.py:167
2018-09-13 02:31:25.790 5755 DEBUG neutron_lib.callbacks.manager [req-fd55f91d-b4f1-4bfa-9775-6d80242180a0 - - - - -] Notify callbacks ['neutron.services.segments.db._update_segment_host_mapping_for_agent--9223363245682386164'] for agent, after_update _notify_loop /usr/lib/python2.7/site-packages/neutron_lib/callbacks/manager.py:167
2018-09-13 02:31:27.050 5745 DEBUG neutron.wsgi [-] (5745) accepted ('10.0.20.20', 37604) server /usr/lib/python2.7/site-packages/eventlet/wsgi.py:883
2018-09-13 02:31:27.737 5745 WARNING keystonemiddleware.auth_token [-] A valid token was submitted as a service token, but it was not a valid service token. This is incorrect but backwards compatible behaviour. This will be removed in future releases.
2018-09-13 02:31:28.601 5745 DEBUG neutron.quota.resource [req-66b06286-369d-475e-bc87-ca1cd500dcee f65c401c8f784f51b17054ef5ad7b6f0 01985932156540c3a9fb8312fc149952 - e23fc252138d4f8a822a8646baf281f6 e23fc252138d4f8a822a8646baf281f6] Synchronizing usage tracker for tenant:01985932156540c3a9fb8312fc149952 on resource:port resync /usr/lib/python2.7/site-packages/neutron/quota/resource.py:245
2018-09-13 02:31:28.659 5745 DEBUG neutron.quota.resource [req-66b06286-369d-475e-bc87-ca1cd500dcee f65c401c8f784f51b17054ef5ad7b6f0 01985932156540c3a9fb8312fc149952 - e23fc252138d4f8a822a8646baf281f6 e23fc252138d4f8a822a8646baf281f6] Unset dirty status for tenant:01985932156540c3a9fb8312fc149952 on resource:port _resync /usr/lib/python2.7/site-packages/neutron/quota/resource.py:237
2018-09-13 02:31:28.663 5745 INFO neutron.wsgi [req-66b06286-369d-475e-bc87-ca1cd500dcee f65c401c8f784f51b17054ef5ad7b6f0 01985932156540c3a9fb8312fc149952 - e23fc252138d4f8a822a8646baf281f6 e23fc252138d4f8a822a8646baf281f6] 10.0.20.20 "GET /v2.0/ports?device_id=1bd51231-b1be-4adf-97a7-86a2dc6e4b12 HTTP/1.1" status: 200  len: 1124 time: 1.6083181
2018-09-13 02:31:28.834 5745 INFO neutron.wsgi [req-4ef8fff2-270c-4d28-a3ba-132760a025a6 f65c401c8f784f51b17054ef5ad7b6f0 01985932156540c3a9fb8312fc149952 - e23fc252138d4f8a822a8646baf281f6 e23fc252138d4f8a822a8646baf281f6] 10.0.20.20 "GET /v2.0/security-groups?id=60e40101-61c7-4f47-aa31-cd7a0578f494 HTTP/1.1" status: 200  len: 2118 time: 0.1601839
2018-09-13 02:31:30.620 5745 INFO neutron.wsgi [req-7f635e10-b3ca-49d5-9d39-3738cd40c52d 23e04251e35a4af8836d799cdbc6c009 4eeeddb45ad446a68ed4de7bd550932a - default default] 10.0.20.20 "GET /v2.0/ports?tenant_id=01985932156540c3a9fb8312fc149952&device_id=1bd51231-b1be-4adf-97a7-86a2dc6e4b12 HTTP/1.1" status: 200  len: 1124 time: 0.1424601
2018-09-13 02:31:30.860 5745 DEBUG neutron.pecan_wsgi.hooks.policy_enforcement [req-1b9aee62-cacd-4fdf-8b8e-f0f76d4293a3 23e04251e35a4af8836d799cdbc6c009 4eeeddb45ad446a68ed4de7bd550932a - default default] Attributes excluded by policy engine: [u'vlan_transparent'] _exclude_attributes_by_policy /usr/lib/python2.7/site-packages/neutron/pecan_wsgi/hooks/policy_enforcement.py:256
2018-09-13 02:31:30.862 5745 INFO neutron.wsgi [req-1b9aee62-cacd-4fdf-8b8e-f0f76d4293a3 23e04251e35a4af8836d799cdbc6c009 4eeeddb45ad446a68ed4de7bd550932a - default default] 10.0.20.20 "GET /v2.0/networks?id=d4e0d4cb-baa1-450d-8dc0-60829c1914f6 HTTP/1.1" status: 200  len: 885 time: 0.2344131
2018-09-13 02:31:30.910 5745 INFO neutron.wsgi [req-b327b9fa-8d97-46e6-b798-bae1949dcaf4 23e04251e35a4af8836d799cdbc6c009 4eeeddb45ad446a68ed4de7bd550932a - default default] 10.0.20.20 "GET /v2.0/floatingips?fixed_ip_address=11.159.1.8&port_id=c2efbb42-362e-4d7f-ab77-f5be2aada01a HTTP/1.1" status: 200  len: 217 time: 0.0396969
2018-09-13 02:31:31.084 5745 DEBUG neutron.pecan_wsgi.hooks.policy_enforcement [req-f7d824ad-7e3d-4e8b-be16-c38a26c9416e 23e04251e35a4af8836d799cdbc6c009 4eeeddb45ad446a68ed4de7bd550932a - default default] Attributes excluded by policy engine: [u'shared'] _exclude_attributes_by_policy /usr/lib/python2.7/site-packages/neutron/pecan_wsgi/hooks/policy_enforcement.py:256
2018-09-13 02:31:31.088 5745 INFO neutron.wsgi [req-f7d824ad-7e3d-4e8b-be16-c38a26c9416e 23e04251e35a4af8836d799cdbc6c009 4eeeddb45ad446a68ed4de7bd550932a - default default] 10.0.20.20 "GET /v2.0/subnets?id=f11151e2-23a6-491e-b248-7b3e8f152021 HTTP/1.1" status: 200  len: 847 time: 0.1651189
2018-09-13 02:31:31.241 5745 INFO neutron.wsgi [req-2800f930-de8b-4d99-aa24-df97b1ff45d4 23e04251e35a4af8836d799cdbc6c009 4eeeddb45ad446a68ed4de7bd550932a - default default] 10.0.20.20 "GET /v2.0/ports?network_id=d4e0d4cb-baa1-450d-8dc0-60829c1914f6&device_owner=network%3Adhcp HTTP/1.1" status: 200  len: 1128 time: 0.1447020
2018-09-13 02:31:42.376 5743 INFO neutron.wsgi [req-52a4d00f-b707-4958-abb2-626d4a1a2e36 55b191cca8cc468d8e5831144e357a76 4eeeddb45ad446a68ed4de7bd550932a - default default] 10.0.20.20 "GET /v2.0/ports?device_id=1bd51231-b1be-4adf-97a7-86a2dc6e4b12 HTTP/1.1" status: 200  len: 1124 time: 0.6838791
2018-09-13 02:31:42.492 5743 INFO neutron.wsgi [req-f3263d9e-8838-4b6a-b215-af9e4c1e9601 55b191cca8cc468d8e5831144e357a76 4eeeddb45ad446a68ed4de7bd550932a - default default] 10.0.20.20 "GET /v2.0/security-groups?id=60e40101-61c7-4f47-aa31-cd7a0578f494 HTTP/1.1" status: 200  len: 2118 time: 0.1074700
2018-09-13 02:31:42.808 5745 DEBUG neutron.wsgi [-] (5745) accepted ('10.0.20.20', 37880) server /usr/lib/python2.7/site-packages/eventlet/wsgi.py:883
2018-09-13 02:31:44.592 5745 INFO neutron.wsgi [req-f4f039c2-9b42-4fc9-8e00-49aec9c2f729 55b191cca8cc468d8e5831144e357a76 4eeeddb45ad446a68ed4de7bd550932a - default default] 10.0.20.20 "GET /v2.0/ports?device_id=1bd51231-b1be-4adf-97a7-86a2dc6e4b12 HTTP/1.1" status: 200  len: 1124 time: 1.7812781
2018-09-13 02:31:44.761 5745 INFO neutron.wsgi [req-97ec5c1e-04ca-4625-bf91-d19802768a39 55b191cca8cc468d8e5831144e357a76 4eeeddb45ad446a68ed4de7bd550932a - default default] 10.0.20.20 "GET /v2.0/security-groups?id=60e40101-61c7-4f47-aa31-cd7a0578f494 HTTP/1.1" status: 200  len: 2118 time: 0.1584699
2018-09-13 02:31:49.674 5754 DEBUG neutron_lib.callbacks.manager [req-24f661ab-e7ce-4801-ac2a-155203b9833f - - - - -] Notify callbacks ['neutron.services.segments.db._update_segment_host_mapping_for_agent--9223363245682386164'] for agent, after_update _notify_loop /usr/lib/python2.7/site-packages/neutron_lib/callbacks/manager.py:167
2018-09-13 02:31:49.735 5758 DEBUG neutron_lib.callbacks.manager [req-7b1a1fe6-9335-4af1-9cb7-c05edf702442 - - - - -] Notify callbacks ['neutron.services.segments.db._update_segment_host_mapping_for_agent--9223363245682386164'] for agent, after_update _notify_loop /usr/lib/python2.7/site-packages/neutron_lib/callbacks/manager.py:167
2018-09-13 02:31:49.752 5757 DEBUG neutron_lib.callbacks.manager [req-3332d37f-a83b-480f-b0dc-aa29b52ebd6a - - - - -] Notify callbacks ['neutron.services.segments.db._update_segment_host_mapping_for_agent--9223363245682386164'] for agent, after_update _notify_loop /usr/lib/python2.7/site-packages/neutron_lib/callbacks/manager.py:167
2018-09-13 02:31:50.557 5752 DEBUG neutron_lib.callbacks.manager [req-a7a1bd29-3c3e-42ed-9028-1ffb6f032f03 - - - - -] Notify callbacks ['neutron.services.segments.db._update_segment_host_mapping_for_agent--9223363245682386164'] for agent, after_update _notify_loop /usr/lib/python2.7/site-packages/neutron_lib/callbacks/manager.py:167
2018-09-13 02:31:55.542 5760 DEBUG neutron.db.agents_db [req-7b0247a3-82dc-48a7-ba11-fd0842e73de0 - - - - -] Agent healthcheck: found 5 active agents agent_health_check /usr/lib/python2.7/site-packages/neutron/db/agents_db.py:281
2018-09-13 02:31:55.793 5759 DEBUG neutron_lib.callbacks.manager [req-fd55f91d-b4f1-4bfa-9775-6d80242180a0 - - - - -] Notify callbacks ['neutron.services.segments.db._update_segment_host_mapping_for_agent--9223363245682386164'] for agent, after_update _notify_loop /usr/lib/python2.7/site-packages/neutron_lib/callbacks/manager.py:167
2018-09-13 02:32:19.658 5751 DEBUG neutron_lib.callbacks.manager [req-24f661ab-e7ce-4801-ac2a-155203b9833f - - - - -] Notify callbacks ['neutron.services.segments.db._update_segment_host_mapping_for_agent--9223363245682386164'] for agent, after_update _notify_loop /usr/lib/python2.7/site-packages/neutron_lib/callbacks/manager.py:167
2018-09-13 02:32:19.690 5756 DEBUG neutron_lib.callbacks.manager [req-7b1a1fe6-9335-4af1-9cb7-c05edf702442 - - - - -] Notify callbacks ['neutron.services.segments.db._update_segment_host_mapping_for_agent--9223363245682386164'] for agent, after_update _notify_loop /usr/lib/python2.7/site-packages/neutron_lib/callbacks/manager.py:167
2018-09-13 02:32:19.739 5753 DEBUG neutron_lib.callbacks.manager [req-4a7c364e-b570-4f27-a809-5844b196d8fa - - - - -] Notify callbacks ['neutron.services.segments.db._update_segment_host_mapping_for_agent--9223363245682386164'] for agent, after_update _notify_loop /usr/lib/python2.7/site-packages/neutron_lib/callbacks/manager.py:167
2018-09-13 02:32:20.532 5755 DEBUG neutron_lib.callbacks.manager [req-2b912e51-5898-4483-98f7-03c58e32833c - - - - -] Notify callbacks ['neutron.services.segments.db._update_segment_host_mapping_for_agent--9223363245682386164'] for agent, after_update _notify_loop /usr/lib/python2.7/site-packages/neutron_lib/callbacks/manager.py:167
2018-09-13 02:32:25.813 5754 DEBUG neutron_lib.callbacks.manager [req-fd55f91d-b4f1-4bfa-9775-6d80242180a0 - - - - -] Notify callbacks ['neutron.services.segments.db._update_segment_host_mapping_for_agent--9223363245682386164'] for agent, after_update _notify_loop /usr/lib/python2.7/site-packages/neutron_lib/callbacks/manager.py:167
2018-09-13 02:32:27.538 5745 INFO neutron.wsgi [req-f28afbe4-67d6-48ea-9c7b-e8d3c8d20886 23e04251e35a4af8836d799cdbc6c009 4eeeddb45ad446a68ed4de7bd550932a - default default] 10.0.20.20 "GET /v2.0/ports?tenant_id=01985932156540c3a9fb8312fc149952&device_id=1bd51231-b1be-4adf-97a7-86a2dc6e4b12 HTTP/1.1" status: 200  len: 1124 time: 0.1347749
2018-09-13 02:32:27.845 5745 DEBUG neutron.pecan_wsgi.hooks.policy_enforcement [req-80b8418f-5387-4200-9164-a4f01220e0e2 23e04251e35a4af8836d799cdbc6c009 4eeeddb45ad446a68ed4de7bd550932a - default default] Attributes excluded by policy engine: [u'vlan_transparent'] _exclude_attributes_by_policy /usr/lib/python2.7/site-packages/neutron/pecan_wsgi/hooks/policy_enforcement.py:256
2018-09-13 02:32:27.849 5745 INFO neutron.wsgi [req-80b8418f-5387-4200-9164-a4f01220e0e2 23e04251e35a4af8836d799cdbc6c009 4eeeddb45ad446a68ed4de7bd550932a - default default] 10.0.20.20 "GET /v2.0/networks?id=d4e0d4cb-baa1-450d-8dc0-60829c1914f6 HTTP/1.1" status: 200  len: 885 time: 0.3055480
2018-09-13 02:32:27.897 5745 INFO neutron.wsgi [req-7b807a45-b71b-4325-8eea-2181eb8975a5 23e04251e35a4af8836d799cdbc6c009 4eeeddb45ad446a68ed4de7bd550932a - default default] 10.0.20.20 "GET /v2.0/floatingips?fixed_ip_address=11.159.1.8&port_id=c2efbb42-362e-4d7f-ab77-f5be2aada01a HTTP/1.1" status: 200  len: 217 time: 0.0374212
2018-09-13 02:32:28.055 5745 DEBUG neutron.pecan_wsgi.hooks.policy_enforcement [req-d1ddfe8e-86ea-46f8-a39c-448be11fa98c 23e04251e35a4af8836d799cdbc6c009 4eeeddb45ad446a68ed4de7bd550932a - default default] Attributes excluded by policy engine: [u'shared'] _exclude_attributes_by_policy /usr/lib/python2.7/site-packages/neutron/pecan_wsgi/hooks/policy_enforcement.py:256
2018-09-13 02:32:28.058 5745 INFO neutron.wsgi [req-d1ddfe8e-86ea-46f8-a39c-448be11fa98c 23e04251e35a4af8836d799cdbc6c009 4eeeddb45ad446a68ed4de7bd550932a - default default] 10.0.20.20 "GET /v2.0/subnets?id=f11151e2-23a6-491e-b248-7b3e8f152021 HTTP/1.1" status: 200  len: 847 time: 0.1536269
2018-09-13 02:32:28.184 5745 INFO neutron.wsgi [req-c4471227-0231-4587-9c68-6e1c28454f98 23e04251e35a4af8836d799cdbc6c009 4eeeddb45ad446a68ed4de7bd550932a - default default] 10.0.20.20 "GET /v2.0/ports?network_id=d4e0d4cb-baa1-450d-8dc0-60829c1914f6&device_owner=network%3Adhcp HTTP/1.1" status: 200  len: 1128 time: 0.1180751
2018-09-13 02:32:32.556 5760 DEBUG neutron.db.agents_db [req-7b0247a3-82dc-48a7-ba11-fd0842e73de0 - - - - -] Agent healthcheck: found 5 active agents agent_health_check /usr/lib/python2.7/site-packages/neutron/db/agents_db.py:281
2018-09-13 02:32:49.681 5758 DEBUG neutron_lib.callbacks.manager [req-24f661ab-e7ce-4801-ac2a-155203b9833f - - - - -] Notify callbacks ['neutron.services.segments.db._update_segment_host_mapping_for_agent--9223363245682386164'] for agent, after_update _notify_loop /usr/lib/python2.7/site-packages/neutron_lib/callbacks/manager.py:167
2018-09-13 02:32:49.707 5757 DEBUG neutron_lib.callbacks.manager [req-7b1a1fe6-9335-4af1-9cb7-c05edf702442 - - - - -] Notify callbacks ['neutron.services.segments.db._update_segment_host_mapping_for_agent--9223363245682386164'] for agent, after_update _notify_loop /usr/lib/python2.7/site-packages/neutron_lib/callbacks/manager.py:167
2018-09-13 02:32:49.748 5752 DEBUG neutron_lib.callbacks.manager [req-3e9bd7e6-ba34-4451-9bae-8fdec0eb7a38 - - - - -] Notify callbacks ['neutron.services.segments.db._update_segment_host_mapping_for_agent--9223363245682386164'] for agent, after_update _notify_loop /usr/lib/python2.7/site-packages/neutron_lib/callbacks/manager.py:167
2018-09-13 02:32:50.552 5759 DEBUG neutron_lib.callbacks.manager [req-d01dc932-636a-4288-8d1f-3c8e94951013 - - - - -] Notify callbacks ['neutron.services.segments.db._update_segment_host_mapping_for_agent--9223363245682386164'] for agent, after_update _notify_loop /usr/lib/python2.7/site-packages/neutron_lib/callbacks/manager.py:167
2018-09-13 02:32:55.784 5751 DEBUG neutron_lib.callbacks.manager [req-fd55f91d-b4f1-4bfa-9775-6d80242180a0 - - - - -] Notify callbacks ['neutron.services.segments.db._update_segment_host_mapping_for_agent--9223363245682386164'] for agent, after_update _notify_loop /usr/lib/python2.7/site-packages/neutron_lib/callbacks/manager.py:167
2018-09-13 02:33:09.558 5760 DEBUG neutron.db.agents_db [req-7b0247a3-82dc-48a7-ba11-fd0842e73de0 - - - - -] Agent healthcheck: found 5 active agents agent_health_check /usr/lib/python2.7/site-packages/neutron/db/agents_db.py:281
2018-09-13 02:33:19.653 5756 DEBUG neutron_lib.callbacks.manager [req-24f661ab-e7ce-4801-ac2a-155203b9833f - - - - -] Notify callbacks ['neutron.services.segments.db._update_segment_host_mapping_for_agent--9223363245682386164'] for agent, after_update _notify_loop /usr/lib/python2.7/site-packages/neutron_lib/callbacks/manager.py:167
2018-09-13 02:33:19.698 5753 DEBUG neutron_lib.callbacks.manager [req-7b1a1fe6-9335-4af1-9cb7-c05edf702442 - - - - -] Notify callbacks ['neutron.services.segments.db._update_segment_host_mapping_for_agent--9223363245682386164'] for agent, after_update _notify_loop /usr/lib/python2.7/site-packages/neutron_lib/callbacks/manager.py:167
2018-09-13 02:33:19.732 5755 DEBUG neutron_lib.callbacks.manager [req-ebe3dd77-d445-4318-b696-3b7f258e75f4 - - - - -] Notify callbacks ['neutron.services.segments.db._update_segment_host_mapping_for_agent--9223363245682386164'] for agent, after_update _notify_loop /usr/lib/python2.7/site-packages/neutron_lib/callbacks/manager.py:167
2018-09-13 02:33:20.537 5754 DEBUG neutron_lib.callbacks.manager [req-52e90fa9-192d-46de-9e1a-2ce74f3e42a8 - - - - -] Notify callbacks ['neutron.services.segments.db._update_segment_host_mapping_for_agent--9223363245682386164'] for agent, after_update _notify_loop /usr/lib/python2.7/site-packages/neutron_lib/callbacks/manager.py:167
2018-09-13 02:33:25.777 5758 DEBUG neutron_lib.callbacks.manager [req-fd55f91d-b4f1-4bfa-9775-6d80242180a0 - - - - -] Notify callbacks ['neutron.services.segments.db._update_segment_host_mapping_for_agent--9223363245682386164'] for agent, after_update _notify_loop /usr/lib/python2.7/site-packages/neutron_lib/callbacks/manager.py:167
2018-09-13 02:33:28.414 5745 INFO neutron.wsgi [req-94136a44-9b33-43be-b846-32519cba5cf4 23e04251e35a4af8836d799cdbc6c009 4eeeddb45ad446a68ed4de7bd550932a - default default] 10.0.20.20 "GET /v2.0/ports?tenant_id=01985932156540c3a9fb8312fc149952&device_id=1bd51231-b1be-4adf-97a7-86a2dc6e4b12 HTTP/1.1" status: 200  len: 1124 time: 0.9132910
2018-09-13 02:33:28.767 5745 DEBUG neutron.pecan_wsgi.hooks.policy_enforcement [req-5a268ebc-8e34-45bf-8a18-7af57e222208 23e04251e35a4af8836d799cdbc6c009 4eeeddb45ad446a68ed4de7bd550932a - default default] Attributes excluded by policy engine: [u'vlan_transparent'] _exclude_attributes_by_policy /usr/lib/python2.7/site-packages/neutron/pecan_wsgi/hooks/policy_enforcement.py:256
2018-09-13 02:33:28.771 5745 INFO neutron.wsgi [req-5a268ebc-8e34-45bf-8a18-7af57e222208 23e04251e35a4af8836d799cdbc6c009 4eeeddb45ad446a68ed4de7bd550932a - default default] 10.0.20.20 "GET /v2.0/networks?id=d4e0d4cb-baa1-450d-8dc0-60829c1914f6 HTTP/1.1" status: 200  len: 885 time: 0.3473411
2018-09-13 02:33:28.828 5745 INFO neutron.wsgi [req-8380383a-626d-478a-8af4-81b8bdf4142f 23e04251e35a4af8836d799cdbc6c009 4eeeddb45ad446a68ed4de7bd550932a - default default] 10.0.20.20 "GET /v2.0/floatingips?fixed_ip_address=11.159.1.8&port_id=c2efbb42-362e-4d7f-ab77-f5be2aada01a HTTP/1.1" status: 200  len: 217 time: 0.0488629
2018-09-13 02:33:29.447 5745 DEBUG neutron.pecan_wsgi.hooks.policy_enforcement [req-0c40888b-1876-4991-a146-74b4e91499cd 23e04251e35a4af8836d799cdbc6c009 4eeeddb45ad446a68ed4de7bd550932a - default default] Attributes excluded by policy engine: [u'shared'] _exclude_attributes_by_policy /usr/lib/python2.7/site-packages/neutron/pecan_wsgi/hooks/policy_enforcement.py:256
2018-09-13 02:33:29.451 5745 INFO neutron.wsgi [req-0c40888b-1876-4991-a146-74b4e91499cd 23e04251e35a4af8836d799cdbc6c009 4eeeddb45ad446a68ed4de7bd550932a - default default] 10.0.20.20 "GET /v2.0/subnets?id=f11151e2-23a6-491e-b248-7b3e8f152021 HTTP/1.1" status: 200  len: 847 time: 0.6139410
2018-09-13 02:33:29.608 5745 INFO neutron.wsgi [req-4d091551-c0c6-41e5-b511-0201beb94daa 23e04251e35a4af8836d799cdbc6c009 4eeeddb45ad446a68ed4de7bd550932a - default default] 10.0.20.20 "GET /v2.0/ports?network_id=d4e0d4cb-baa1-450d-8dc0-60829c1914f6&device_owner=network%3Adhcp HTTP/1.1" status: 200  len: 1128 time: 0.1476071
2018-09-13 02:33:46.568 5760 DEBUG neutron.db.agents_db [req-7b0247a3-82dc-48a7-ba11-fd0842e73de0 - - - - -] Agent healthcheck: found 5 active agents agent_health_check /usr/lib/python2.7/site-packages/neutron/db/agents_db.py:281
2018-09-13 02:33:49.656 5757 DEBUG neutron_lib.callbacks.manager [req-24f661ab-e7ce-4801-ac2a-155203b9833f - - - - -] Notify callbacks ['neutron.services.segments.db._update_segment_host_mapping_for_agent--9223363245682386164'] for agent, after_update _notify_loop /usr/lib/python2.7/site-packages/neutron_lib/callbacks/manager.py:167
2018-09-13 02:33:49.699 5752 DEBUG neutron_lib.callbacks.manager [req-7b1a1fe6-9335-4af1-9cb7-c05edf702442 - - - - -] Notify callbacks ['neutron.services.segments.db._update_segment_host_mapping_for_agent--9223363245682386164'] for agent, after_update _notify_loop /usr/lib/python2.7/site-packages/neutron_lib/callbacks/manager.py:167
2018-09-13 02:33:49.756 5759 DEBUG neutron_lib.callbacks.manager [req-aada6d2c-7044-42e5-9736-db7eff00c97e - - - - -] Notify callbacks ['neutron.services.segments.db._update_segment_host_mapping_for_agent--9223363245682386164'] for agent, after_update _notify_loop /usr/lib/python2.7/site-packages/neutron_lib/callbacks/manager.py:167
2018-09-13 02:33:50.531 5751 DEBUG neutron_lib.callbacks.manager [req-2fd27d23-ddde-4c83-879e-67fde74b1153 - - - - -] Notify callbacks ['neutron.services.segments.db._update_segment_host_mapping_for_agent--9223363245682386164'] for agent, after_update _notify_loop /usr/lib/python2.7/site-packages/neutron_lib/callbacks/manager.py:167
2018-09-13 02:33:55.774 5756 DEBUG neutron_lib.callbacks.manager [req-fd55f91d-b4f1-4bfa-9775-6d80242180a0 - - - - -] Notify callbacks ['neutron.services.segments.db._update_segment_host_mapping_for_agent--9223363245682386164'] for agent, after_update _notify_loop /usr/lib/python2.7/site-packages/neutron_lib/callbacks/manager.py:167
2018-09-13 02:34:15.976 5743 INFO neutron.wsgi [req-8c82902c-ec11-4bb4-bf87-a1f2b8b41d72 f65c401c8f784f51b17054ef5ad7b6f0 01985932156540c3a9fb8312fc149952 - e23fc252138d4f8a822a8646baf281f6 e23fc252138d4f8a822a8646baf281f6] 10.0.20.20 "GET /v2.0/ports?device_id=1bd51231-b1be-4adf-97a7-86a2dc6e4b12 HTTP/1.1" status: 200  len: 1124 time: 1.5120411
2018-09-13 02:34:16.155 5743 INFO neutron.wsgi [req-ce4344d2-e21c-4b13-af9e-414344ad0855 f65c401c8f784f51b17054ef5ad7b6f0 01985932156540c3a9fb8312fc149952 - e23fc252138d4f8a822a8646baf281f6 e23fc252138d4f8a822a8646baf281f6] 10.0.20.20 "GET /v2.0/security-groups?id=60e40101-61c7-4f47-aa31-cd7a0578f494 HTTP/1.1" status: 200  len: 2118 time: 0.1659539
2018-09-13 02:34:17.098 5745 INFO neutron.wsgi [req-0ff9068c-05ad-4cee-bdf3-e25086042f79 23e04251e35a4af8836d799cdbc6c009 4eeeddb45ad446a68ed4de7bd550932a - default default] 10.0.20.20 "GET /v2.0/ports?tenant_id=01985932156540c3a9fb8312fc149952&device_id=1bd51231-b1be-4adf-97a7-86a2dc6e4b12 HTTP/1.1" status: 200  len: 1124 time: 0.1762321
2018-09-13 02:34:17.432 5745 DEBUG neutron.pecan_wsgi.hooks.policy_enforcement [req-d9d4e973-af87-4e87-8817-60f31142a92e 23e04251e35a4af8836d799cdbc6c009 4eeeddb45ad446a68ed4de7bd550932a - default default] Attributes excluded by policy engine: [u'vlan_transparent'] _exclude_attributes_by_policy /usr/lib/python2.7/site-packages/neutron/pecan_wsgi/hooks/policy_enforcement.py:256
2018-09-13 02:34:17.436 5745 INFO neutron.wsgi [req-d9d4e973-af87-4e87-8817-60f31142a92e 23e04251e35a4af8836d799cdbc6c009 4eeeddb45ad446a68ed4de7bd550932a - default default] 10.0.20.20 "GET /v2.0/networks?id=d4e0d4cb-baa1-450d-8dc0-60829c1914f6 HTTP/1.1" status: 200  len: 885 time: 0.3266361
2018-09-13 02:34:17.486 5745 INFO neutron.wsgi [req-596fded5-ec1a-4865-b8ab-bdc19b4828a2 23e04251e35a4af8836d799cdbc6c009 4eeeddb45ad446a68ed4de7bd550932a - default default] 10.0.20.20 "GET /v2.0/floatingips?fixed_ip_address=11.159.1.8&port_id=c2efbb42-362e-4d7f-ab77-f5be2aada01a HTTP/1.1" status: 200  len: 217 time: 0.0409310
2018-09-13 02:34:17.674 5745 DEBUG neutron.pecan_wsgi.hooks.policy_enforcement [req-582c6661-35ba-415f-8630-95fe9574500d 23e04251e35a4af8836d799cdbc6c009 4eeeddb45ad446a68ed4de7bd550932a - default default] Attributes excluded by policy engine: [u'shared'] _exclude_attributes_by_policy /usr/lib/python2.7/site-packages/neutron/pecan_wsgi/hooks/policy_enforcement.py:256
2018-09-13 02:34:17.679 5745 INFO neutron.wsgi [req-582c6661-35ba-415f-8630-95fe9574500d 23e04251e35a4af8836d799cdbc6c009 4eeeddb45ad446a68ed4de7bd550932a - default default] 10.0.20.20 "GET /v2.0/subnets?id=f11151e2-23a6-491e-b248-7b3e8f152021 HTTP/1.1" status: 200  len: 847 time: 0.1848021
2018-09-13 02:34:17.857 5745 INFO neutron.wsgi [req-11241bdc-3e39-4db8-bc9b-a1f8999bcb80 23e04251e35a4af8836d799cdbc6c009 4eeeddb45ad446a68ed4de7bd550932a - default default] 10.0.20.20 "GET /v2.0/ports?network_id=d4e0d4cb-baa1-450d-8dc0-60829c1914f6&device_owner=network%3Adhcp HTTP/1.1" status: 200  len: 1128 time: 0.1674521
2018-09-13 02:34:19.659 5753 DEBUG neutron_lib.callbacks.manager [req-24f661ab-e7ce-4801-ac2a-155203b9833f - - - - -] Notify callbacks ['neutron.services.segments.db._update_segment_host_mapping_for_agent--9223363245682386164'] for agent, after_update _notify_loop /usr/lib/python2.7/site-packages/neutron_lib/callbacks/manager.py:167
2018-09-13 02:34:19.702 5755 DEBUG neutron_lib.callbacks.manager [req-7b1a1fe6-9335-4af1-9cb7-c05edf702442 - - - - -] Notify callbacks ['neutron.services.segments.db._update_segment_host_mapping_for_agent--9223363245682386164'] for agent, after_update _notify_loop /usr/lib/python2.7/site-packages/neutron_lib/callbacks/manager.py:167
2018-09-13 02:34:19.845 5754 DEBUG neutron_lib.callbacks.manager [req-23981558-29e4-4a64-bc9f-1c5ded9b585d - - - - -] Notify callbacks ['neutron.services.segments.db._update_segment_host_mapping_for_agent--9223363245682386164'] for agent, after_update _notify_loop /usr/lib/python2.7/site-packages/neutron_lib/callbacks/manager.py:167
2018-09-13 02:34:20.144 5751 DEBUG neutron.plugins.ml2.rpc [req-fd55f91d-b4f1-4bfa-9775-6d80242180a0 - - - - -] Device c2efbb42-362e-4d7f-ab77-f5be2aada01a no longer exists at agent ovs-agent-localhost.localdomain update_device_down /usr/lib/python2.7/site-packages/neutron/plugins/ml2/rpc.py:213
2018-09-13 02:34:20.451 5751 DEBUG neutron_lib.callbacks.manager [req-fd55f91d-b4f1-4bfa-9775-6d80242180a0 - - - - -] Notify callbacks ['neutron.plugins.ml2.plugin.Ml2Plugin._ensure_default_security_group_handler-374166'] for port, before_update _notify_loop /usr/lib/python2.7/site-packages/neutron_lib/callbacks/manager.py:167
2018-09-13 02:34:20.542 5758 DEBUG neutron_lib.callbacks.manager [req-083728b9-dc56-430d-a307-23222e360dc3 - - - - -] Notify callbacks ['neutron.services.segments.db._update_segment_host_mapping_for_agent--9223363245682386164'] for agent, after_update _notify_loop /usr/lib/python2.7/site-packages/neutron_lib/callbacks/manager.py:167
2018-09-13 02:34:20.607 5751 DEBUG oslo_concurrency.lockutils [-] Lock "notifier-3a5a9c1f-5a50-43cf-97f3-9b0836b410b1" acquired by "neutron.notifiers.batch_notifier.synced_send" :: waited 0.001s inner /usr/lib/python2.7/site-packages/oslo_concurrency/lockutils.py:270
2018-09-13 02:34:20.609 5751 DEBUG neutron.notifiers.nova [-] Sending events: [{'status': 'completed', 'tag': u'c2efbb42-362e-4d7f-ab77-f5be2aada01a', 'name': 'network-vif-unplugged', 'server_uuid': u'1bd51231-b1be-4adf-97a7-86a2dc6e4b12'}] send_events /usr/lib/python2.7/site-packages/neutron/notifiers/nova.py:242
2018-09-13 02:34:20.653 5751 DEBUG neutron.plugins.ml2.db [req-fd55f91d-b4f1-4bfa-9775-6d80242180a0 - - - - -] For port c2efbb42-362e-4d7f-ab77-f5be2aada01a, host localhost.localdomain, got binding levels [<neutron.plugins.ml2.models.PortBindingLevel[object at 7fedaa2f24d0] {port_id=u'c2efbb42-362e-4d7f-ab77-f5be2aada01a', host=u'localhost.localdomain', level=0, driver=u'openvswitch', segment_id=u'4919df3f-4116-4bfe-ac40-092a0638a5ec'}>] get_binding_levels /usr/lib/python2.7/site-packages/neutron/plugins/ml2/db.py:106
2018-09-13 02:34:20.677 5751 DEBUG neutron_lib.callbacks.manager [req-fd55f91d-b4f1-4bfa-9775-6d80242180a0 - - - - -] Notify callbacks ['neutron.api.rpc.agentnotifiers.dhcp_rpc_agent_api.DhcpAgentNotifyAPI._native_event_send_dhcp_notification-1327040', 'neutron.db.l3_hascheduler_db._notify_l3_agent_ha_port_update-8791171849416', 'neutron.db.l3_dvrscheduler_db._notify_l3_agent_port_update-8791171849341', 'neutron.plugins.ml2.plugin.Ml2Plugin.notify_sg_on_port_change-374250', 'neutron.plugins.ml2.ovo_rpc._ObjectChangeHandler.handle_event-1600269'] for port, after_update _notify_loop /usr/lib/python2.7/site-packages/neutron_lib/callbacks/manager.py:167
2018-09-13 02:34:20.706 5751 DEBUG oslo_concurrency.lockutils [-] Lock "event-dispatch" acquired by "neutron.plugins.ml2.ovo_rpc.dispatch_events" :: waited 0.000s inner /usr/lib/python2.7/site-packages/oslo_concurrency/lockutils.py:270
2018-09-13 02:34:20.937 5751 DEBUG neutron.api.rpc.handlers.resources_rpc [req-fd55f91d-b4f1-4bfa-9775-6d80242180a0 - - - - -] neutron.api.rpc.handlers.resources_rpc.ResourcesPushRpcApi method push called with arguments (<neutron_lib.context.Context object at 0x7fedaa3db390>, [Port(admin_state_up=True,allowed_address_pairs=[],binding=PortBinding,binding_levels=[PortBindingLevel],created_at=2018-09-13T06:27:41Z,data_plane_status=<?>,description='',device_id='1bd51231-b1be-4adf-97a7-86a2dc6e4b12',device_owner='compute:nova',dhcp_options=[],distributed_binding=None,dns=None,fixed_ips=[IPAllocation],id=c2efbb42-362e-4d7f-ab77-f5be2aada01a,mac_address=fa:16:3e:0c:4b:fd,name='',network_id=d4e0d4cb-baa1-450d-8dc0-60829c1914f6,project_id='01985932156540c3a9fb8312fc149952',qos_policy_id=None,revision_number=7,security=PortSecurity(c2efbb42-362e-4d7f-ab77-f5be2aada01a),security_group_ids=set([60e40101-61c7-4f47-aa31-cd7a0578f494]),status='DOWN',updated_at=2018-09-13T06:34:20Z)], 'updated') {} wrapper /usr/lib/python2.7/site-packages/oslo_log/helpers.py:66
2018-09-13 02:34:20.962 5751 DEBUG neutron.api.rpc.callbacks.version_manager [req-fd55f91d-b4f1-4bfa-9775-6d80242180a0 - - - - -] Version for resource type Subnet changed None to 1.0 on consumer Open vSwitch agent@localhost.localdomain _set_version /usr/lib/python2.7/site-packages/neutron/api/rpc/callbacks/version_manager.py:119
2018-09-13 02:34:20.964 5751 DEBUG neutron.api.rpc.callbacks.version_manager [req-fd55f91d-b4f1-4bfa-9775-6d80242180a0 - - - - -] Version for resource type Network changed None to 1.0 on consumer Open vSwitch agent@localhost.localdomain _set_version /usr/lib/python2.7/site-packages/neutron/api/rpc/callbacks/version_manager.py:119
2018-09-13 02:34:20.965 5751 DEBUG neutron.api.rpc.callbacks.version_manager [req-fd55f91d-b4f1-4bfa-9775-6d80242180a0 - - - - -] Version for resource type SubPort changed None to 1.0 on consumer Open vSwitch agent@localhost.localdomain _set_version /usr/lib/python2.7/site-packages/neutron/api/rpc/callbacks/version_manager.py:119
2018-09-13 02:34:20.966 5751 DEBUG neutron.api.rpc.callbacks.version_manager [req-fd55f91d-b4f1-4bfa-9775-6d80242180a0 - - - - -] Version for resource type SecurityGroup changed None to 1.0 on consumer Open vSwitch agent@localhost.localdomain _set_version /usr/lib/python2.7/site-packages/neutron/api/rpc/callbacks/version_manager.py:119
2018-09-13 02:34:20.967 5751 DEBUG neutron.api.rpc.callbacks.version_manager [req-fd55f91d-b4f1-4bfa-9775-6d80242180a0 - - - - -] Version for resource type SecurityGroupRule changed None to 1.0 on consumer Open vSwitch agent@localhost.localdomain _set_version /usr/lib/python2.7/site-packages/neutron/api/rpc/callbacks/version_manager.py:119
2018-09-13 02:34:20.968 5751 DEBUG neutron.api.rpc.callbacks.version_manager [req-fd55f91d-b4f1-4bfa-9775-6d80242180a0 - - - - -] Version for resource type Trunk changed None to 1.1 on consumer Open vSwitch agent@localhost.localdomain _set_version /usr/lib/python2.7/site-packages/neutron/api/rpc/callbacks/version_manager.py:119
2018-09-13 02:34:20.969 5751 DEBUG neutron.api.rpc.callbacks.version_manager [req-fd55f91d-b4f1-4bfa-9775-6d80242180a0 - - - - -] Version for resource type QosPolicy changed None to 1.6 on consumer Open vSwitch agent@localhost.localdomain _set_version /usr/lib/python2.7/site-packages/neutron/api/rpc/callbacks/version_manager.py:119
2018-09-13 02:34:20.970 5751 DEBUG neutron.api.rpc.callbacks.version_manager [req-fd55f91d-b4f1-4bfa-9775-6d80242180a0 - - - - -] Version for resource type Port changed None to 1.1 on consumer Open vSwitch agent@localhost.localdomain _set_version /usr/lib/python2.7/site-packages/neutron/api/rpc/callbacks/version_manager.py:119
2018-09-13 02:34:20.971 5751 DEBUG neutron.api.rpc.callbacks.version_manager [req-fd55f91d-b4f1-4bfa-9775-6d80242180a0 - - - - -] Version for resource type Log changed None to 1.0 on consumer Open vSwitch agent@localhost.localdomain _set_version /usr/lib/python2.7/site-packages/neutron/api/rpc/callbacks/version_manager.py:119
2018-09-13 02:34:20.975 5751 DEBUG neutron.api.rpc.callbacks.version_manager [req-fd55f91d-b4f1-4bfa-9775-6d80242180a0 - - - - -] Tracked resource versions report:
pushed versions:
{   'Log': set(['1.0']),
    'Network': set(['1.0']),
    'Port': set(['1.1']),
    'QosPolicy': set(['1.6']),
    'SecurityGroup': set(['1.0']),
    'SecurityGroupRule': set(['1.0']),
    'SubPort': set(['1.0']),
    'Subnet': set(['1.0']),
    'Trunk': set(['1.1'])}

consumer versions:
{   DHCP agent@localhost.localdomain: {   },
    L3 agent@localhost.localdomain: {   },
    Metadata agent@localhost.localdomain: {   },
    Metering agent@localhost.localdomain: {   },
    Open vSwitch agent@localhost.localdomain: {   u'Log': u'1.0',
                                                  u'Network': u'1.0',
                                                  u'Port': u'1.1',
                                                  u'QosPolicy': u'1.6',
                                                  u'SecurityGroup': u'1.0',
                                                  u'SecurityGroupRule': u'1.0',
                                                  u'SubPort': u'1.0',
                                                  u'Subnet': u'1.0',
                                                  u'Trunk': u'1.1'}}
 report /usr/lib/python2.7/site-packages/neutron/api/rpc/callbacks/version_manager.py:178
2018-09-13 02:34:20.999 5751 DEBUG oslo_concurrency.lockutils [req-fd55f91d-b4f1-4bfa-9775-6d80242180a0 - - - - -] Lock "event-dispatch" released by "neutron.plugins.ml2.ovo_rpc.dispatch_events" :: held 0.293s inner /usr/lib/python2.7/site-packages/oslo_concurrency/lockutils.py:282
2018-09-13 02:34:22.107 5751 DEBUG novaclient.v2.client [-] REQ: curl -g -i -X POST http://10.0.20.20:8774/v2.1/4eeeddb45ad446a68ed4de7bd550932a/os-server-external-events -H "User-Agent: python-novaclient" -H "Content-Type: application/json" -H "Accept: application/json" -H "X-OpenStack-Nova-API-Version: 2.1" -H "X-Auth-Token: {SHA1}0fc70303724f9cd247b1b81365342805a87764e6" -d '{"events": [{"status": "completed", "tag": "c2efbb42-362e-4d7f-ab77-f5be2aada01a", "name": "network-vif-unplugged", "server_uuid": "1bd51231-b1be-4adf-97a7-86a2dc6e4b12"}]}' _http_log_request /usr/lib/python2.7/site-packages/keystoneauth1/session.py:375
2018-09-13 02:34:22.836 5751 DEBUG novaclient.v2.client [-] RESP: [200] Content-Length: 185 Content-Type: application/json Openstack-Api-Version: compute 2.1 X-Openstack-Nova-Api-Version: 2.1 Vary: OpenStack-API-Version, X-OpenStack-Nova-API-Version X-Openstack-Request-Id: req-e05decba-7705-4038-88cd-33d4f3984f11 X-Compute-Request-Id: req-e05decba-7705-4038-88cd-33d4f3984f11 Date: Thu, 13 Sep 2018 06:34:22 GMT Connection: keep-alive 
RESP BODY: {"events": [{"status": "completed", "tag": "c2efbb42-362e-4d7f-ab77-f5be2aada01a", "name": "network-vif-unplugged", "server_uuid": "1bd51231-b1be-4adf-97a7-86a2dc6e4b12", "code": 200}]}
 _http_log_response /usr/lib/python2.7/site-packages/keystoneauth1/session.py:423
2018-09-13 02:34:22.837 5751 DEBUG novaclient.v2.client [-] POST call to compute for http://10.0.20.20:8774/v2.1/4eeeddb45ad446a68ed4de7bd550932a/os-server-external-events used request id req-e05decba-7705-4038-88cd-33d4f3984f11 request /usr/lib/python2.7/site-packages/keystoneauth1/session.py:727
2018-09-13 02:34:22.839 5751 INFO neutron.notifiers.nova [-] Nova event response: {u'status': u'completed', u'tag': u'c2efbb42-362e-4d7f-ab77-f5be2aada01a', u'name': u'network-vif-unplugged', u'server_uuid': u'1bd51231-b1be-4adf-97a7-86a2dc6e4b12', u'code': 200}
2018-09-13 02:34:23.572 5760 DEBUG neutron.db.agents_db [req-7b0247a3-82dc-48a7-ba11-fd0842e73de0 - - - - -] Agent healthcheck: found 5 active agents agent_health_check /usr/lib/python2.7/site-packages/neutron/db/agents_db.py:281
2018-09-13 02:34:24.842 5751 DEBUG oslo_concurrency.lockutils [-] Lock "notifier-3a5a9c1f-5a50-43cf-97f3-9b0836b410b1" released by "neutron.notifiers.batch_notifier.synced_send" :: held 4.235s inner /usr/lib/python2.7/site-packages/oslo_concurrency/lockutils.py:282
2018-09-13 02:34:25.786 5757 DEBUG neutron_lib.callbacks.manager [req-fd55f91d-b4f1-4bfa-9775-6d80242180a0 - - - - -] Notify callbacks ['neutron.services.segments.db._update_segment_host_mapping_for_agent--9223363245682386164'] for agent, after_update _notify_loop /usr/lib/python2.7/site-packages/neutron_lib/callbacks/manager.py:167
2018-09-13 02:34:27.380 5748 INFO neutron.wsgi [req-87cb9c40-262f-4fc2-a1fc-be1982995b5f f65c401c8f784f51b17054ef5ad7b6f0 01985932156540c3a9fb8312fc149952 - e23fc252138d4f8a822a8646baf281f6 e23fc252138d4f8a822a8646baf281f6] 10.0.20.20 "GET /v2.0/ports?device_id=1bd51231-b1be-4adf-97a7-86a2dc6e4b12 HTTP/1.1" status: 200  len: 1122 time: 1.6473489
2018-09-13 02:34:27.547 5748 INFO neutron.wsgi [req-af2f2fe2-1f2c-4c97-95b6-2e1b3e37c7f9 f65c401c8f784f51b17054ef5ad7b6f0 01985932156540c3a9fb8312fc149952 - e23fc252138d4f8a822a8646baf281f6 e23fc252138d4f8a822a8646baf281f6] 10.0.20.20 "GET /v2.0/security-groups?id=60e40101-61c7-4f47-aa31-cd7a0578f494 HTTP/1.1" status: 200  len: 2118 time: 0.1568100
2018-09-13 02:34:28.210 5754 DEBUG neutron.plugins.ml2.rpc [req-fd55f91d-b4f1-4bfa-9775-6d80242180a0 - - - - -] Device c2efbb42-362e-4d7f-ab77-f5be2aada01a up at agent ovs-agent-localhost.localdomain update_device_up /usr/lib/python2.7/site-packages/neutron/plugins/ml2/rpc.py:244
2018-09-13 02:34:28.425 5754 DEBUG neutron.db.provisioning_blocks [req-fd55f91d-b4f1-4bfa-9775-6d80242180a0 - - - - -] Provisioning complete for port c2efbb42-362e-4d7f-ab77-f5be2aada01a triggered by entity L2. provisioning_complete /usr/lib/python2.7/site-packages/neutron/db/provisioning_blocks.py:138
2018-09-13 02:34:28.427 5754 DEBUG neutron_lib.callbacks.manager [req-fd55f91d-b4f1-4bfa-9775-6d80242180a0 - - - - -] Notify callbacks ['neutron.plugins.ml2.plugin.Ml2Plugin._port_provisioned--9223372036853920474'] for port, provisioning_complete _notify_loop /usr/lib/python2.7/site-packages/neutron_lib/callbacks/manager.py:167
2018-09-13 02:34:28.748 5754 DEBUG neutron_lib.callbacks.manager [req-fd55f91d-b4f1-4bfa-9775-6d80242180a0 - - - - -] Notify callbacks ['neutron.plugins.ml2.plugin.Ml2Plugin._ensure_default_security_group_handler-374166'] for port, before_update _notify_loop /usr/lib/python2.7/site-packages/neutron_lib/callbacks/manager.py:167
2018-09-13 02:34:28.928 5754 DEBUG oslo_concurrency.lockutils [-] Lock "notifier-3a5a9c1f-5a50-43cf-97f3-9b0836b410b1" acquired by "neutron.notifiers.batch_notifier.synced_send" :: waited 0.002s inner /usr/lib/python2.7/site-packages/oslo_concurrency/lockutils.py:270
2018-09-13 02:34:28.931 5754 DEBUG neutron.notifiers.nova [-] Sending events: [{'status': 'completed', 'tag': u'c2efbb42-362e-4d7f-ab77-f5be2aada01a', 'name': 'network-vif-plugged', 'server_uuid': u'1bd51231-b1be-4adf-97a7-86a2dc6e4b12'}] send_events /usr/lib/python2.7/site-packages/neutron/notifiers/nova.py:242
2018-09-13 02:34:28.977 5754 DEBUG neutron.plugins.ml2.db [req-fd55f91d-b4f1-4bfa-9775-6d80242180a0 - - - - -] For port c2efbb42-362e-4d7f-ab77-f5be2aada01a, host localhost.localdomain, got binding levels [<neutron.plugins.ml2.models.PortBindingLevel[object at 7fedaa0afad0] {port_id=u'c2efbb42-362e-4d7f-ab77-f5be2aada01a', host=u'localhost.localdomain', level=0, driver=u'openvswitch', segment_id=u'4919df3f-4116-4bfe-ac40-092a0638a5ec'}>] get_binding_levels /usr/lib/python2.7/site-packages/neutron/plugins/ml2/db.py:106
2018-09-13 02:34:28.988 5754 DEBUG neutron_lib.callbacks.manager [req-fd55f91d-b4f1-4bfa-9775-6d80242180a0 - - - - -] Notify callbacks ['neutron.api.rpc.agentnotifiers.dhcp_rpc_agent_api.DhcpAgentNotifyAPI._native_event_send_dhcp_notification-1327040', 'neutron.db.l3_hascheduler_db._notify_l3_agent_ha_port_update-8791171849416', 'neutron.db.l3_dvrscheduler_db._notify_l3_agent_port_update-8791171849341', 'neutron.plugins.ml2.plugin.Ml2Plugin.notify_sg_on_port_change-374250', 'neutron.plugins.ml2.ovo_rpc._ObjectChangeHandler.handle_event-1600269'] for port, after_update _notify_loop /usr/lib/python2.7/site-packages/neutron_lib/callbacks/manager.py:167
2018-09-13 02:34:29.018 5754 DEBUG oslo_concurrency.lockutils [-] Lock "event-dispatch" acquired by "neutron.plugins.ml2.ovo_rpc.dispatch_events" :: waited 0.000s inner /usr/lib/python2.7/site-packages/oslo_concurrency/lockutils.py:270
2018-09-13 02:34:29.220 5754 DEBUG neutron.api.rpc.handlers.resources_rpc [req-fd55f91d-b4f1-4bfa-9775-6d80242180a0 - - - - -] neutron.api.rpc.handlers.resources_rpc.ResourcesPushRpcApi method push called with arguments (<neutron_lib.context.Context object at 0x7fedaa2308d0>, [Port(admin_state_up=True,allowed_address_pairs=[],binding=PortBinding,binding_levels=[PortBindingLevel],created_at=2018-09-13T06:27:41Z,data_plane_status=<?>,description='',device_id='1bd51231-b1be-4adf-97a7-86a2dc6e4b12',device_owner='compute:nova',dhcp_options=[],distributed_binding=None,dns=None,fixed_ips=[IPAllocation],id=c2efbb42-362e-4d7f-ab77-f5be2aada01a,mac_address=fa:16:3e:0c:4b:fd,name='',network_id=d4e0d4cb-baa1-450d-8dc0-60829c1914f6,project_id='01985932156540c3a9fb8312fc149952',qos_policy_id=None,revision_number=8,security=PortSecurity(c2efbb42-362e-4d7f-ab77-f5be2aada01a),security_group_ids=set([60e40101-61c7-4f47-aa31-cd7a0578f494]),status='ACTIVE',updated_at=2018-09-13T06:34:28Z)], 'updated') {} wrapper /usr/lib/python2.7/site-packages/oslo_log/helpers.py:66
2018-09-13 02:34:29.244 5754 DEBUG neutron.api.rpc.callbacks.version_manager [req-fd55f91d-b4f1-4bfa-9775-6d80242180a0 - - - - -] Version for resource type Subnet changed None to 1.0 on consumer Open vSwitch agent@localhost.localdomain _set_version /usr/lib/python2.7/site-packages/neutron/api/rpc/callbacks/version_manager.py:119
2018-09-13 02:34:29.245 5754 DEBUG neutron.api.rpc.callbacks.version_manager [req-fd55f91d-b4f1-4bfa-9775-6d80242180a0 - - - - -] Version for resource type Network changed None to 1.0 on consumer Open vSwitch agent@localhost.localdomain _set_version /usr/lib/python2.7/site-packages/neutron/api/rpc/callbacks/version_manager.py:119
2018-09-13 02:34:29.245 5754 DEBUG neutron.api.rpc.callbacks.version_manager [req-fd55f91d-b4f1-4bfa-9775-6d80242180a0 - - - - -] Version for resource type SubPort changed None to 1.0 on consumer Open vSwitch agent@localhost.localdomain _set_version /usr/lib/python2.7/site-packages/neutron/api/rpc/callbacks/version_manager.py:119
2018-09-13 02:34:29.247 5754 DEBUG neutron.api.rpc.callbacks.version_manager [req-fd55f91d-b4f1-4bfa-9775-6d80242180a0 - - - - -] Version for resource type SecurityGroup changed None to 1.0 on consumer Open vSwitch agent@localhost.localdomain _set_version /usr/lib/python2.7/site-packages/neutron/api/rpc/callbacks/version_manager.py:119
2018-09-13 02:34:29.248 5754 DEBUG neutron.api.rpc.callbacks.version_manager [req-fd55f91d-b4f1-4bfa-9775-6d80242180a0 - - - - -] Version for resource type SecurityGroupRule changed None to 1.0 on consumer Open vSwitch agent@localhost.localdomain _set_version /usr/lib/python2.7/site-packages/neutron/api/rpc/callbacks/version_manager.py:119
2018-09-13 02:34:29.249 5754 DEBUG neutron.api.rpc.callbacks.version_manager [req-fd55f91d-b4f1-4bfa-9775-6d80242180a0 - - - - -] Version for resource type Trunk changed None to 1.1 on consumer Open vSwitch agent@localhost.localdomain _set_version /usr/lib/python2.7/site-packages/neutron/api/rpc/callbacks/version_manager.py:119
2018-09-13 02:34:29.250 5754 DEBUG neutron.api.rpc.callbacks.version_manager [req-fd55f91d-b4f1-4bfa-9775-6d80242180a0 - - - - -] Version for resource type QosPolicy changed None to 1.6 on consumer Open vSwitch agent@localhost.localdomain _set_version /usr/lib/python2.7/site-packages/neutron/api/rpc/callbacks/version_manager.py:119
2018-09-13 02:34:29.251 5754 DEBUG neutron.api.rpc.callbacks.version_manager [req-fd55f91d-b4f1-4bfa-9775-6d80242180a0 - - - - -] Version for resource type Port changed None to 1.1 on consumer Open vSwitch agent@localhost.localdomain _set_version /usr/lib/python2.7/site-packages/neutron/api/rpc/callbacks/version_manager.py:119
2018-09-13 02:34:29.251 5754 DEBUG neutron.api.rpc.callbacks.version_manager [req-fd55f91d-b4f1-4bfa-9775-6d80242180a0 - - - - -] Version for resource type Log changed None to 1.0 on consumer Open vSwitch agent@localhost.localdomain _set_version /usr/lib/python2.7/site-packages/neutron/api/rpc/callbacks/version_manager.py:119
2018-09-13 02:34:29.256 5754 DEBUG neutron.api.rpc.callbacks.version_manager [req-fd55f91d-b4f1-4bfa-9775-6d80242180a0 - - - - -] Tracked resource versions report:
pushed versions:
{   'Log': set(['1.0']),
    'Network': set(['1.0']),
    'Port': set(['1.1']),
    'QosPolicy': set(['1.6']),
    'SecurityGroup': set(['1.0']),
    'SecurityGroupRule': set(['1.0']),
    'SubPort': set(['1.0']),
    'Subnet': set(['1.0']),
    'Trunk': set(['1.1'])}

consumer versions:
{   DHCP agent@localhost.localdomain: {   },
    L3 agent@localhost.localdomain: {   },
    Metadata agent@localhost.localdomain: {   },
    Metering agent@localhost.localdomain: {   },
    Open vSwitch agent@localhost.localdomain: {   u'Log': u'1.0',
                                                  u'Network': u'1.0',
                                                  u'Port': u'1.1',
                                                  u'QosPolicy': u'1.6',
                                                  u'SecurityGroup': u'1.0',
                                                  u'SecurityGroupRule': u'1.0',
                                                  u'SubPort': u'1.0',
                                                  u'Subnet': u'1.0',
                                                  u'Trunk': u'1.1'}}
 report /usr/lib/python2.7/site-packages/neutron/api/rpc/callbacks/version_manager.py:178
2018-09-13 02:34:29.268 5754 DEBUG oslo_concurrency.lockutils [req-fd55f91d-b4f1-4bfa-9775-6d80242180a0 - - - - -] Lock "event-dispatch" released by "neutron.plugins.ml2.ovo_rpc.dispatch_events" :: held 0.250s inner /usr/lib/python2.7/site-packages/oslo_concurrency/lockutils.py:282
2018-09-13 02:34:29.564 5745 INFO neutron.wsgi [req-bc31f356-eadc-4f86-a5c4-674be99bf865 23e04251e35a4af8836d799cdbc6c009 4eeeddb45ad446a68ed4de7bd550932a - default default] 10.0.20.20 "GET /v2.0/ports?tenant_id=01985932156540c3a9fb8312fc149952&device_id=1bd51231-b1be-4adf-97a7-86a2dc6e4b12 HTTP/1.1" status: 200  len: 1124 time: 0.1634130
2018-09-13 02:34:29.913 5745 DEBUG neutron.pecan_wsgi.hooks.policy_enforcement [req-73045f9a-6fd1-41da-b089-6d1f5da734e6 23e04251e35a4af8836d799cdbc6c009 4eeeddb45ad446a68ed4de7bd550932a - default default] Attributes excluded by policy engine: [u'vlan_transparent'] _exclude_attributes_by_policy /usr/lib/python2.7/site-packages/neutron/pecan_wsgi/hooks/policy_enforcement.py:256
2018-09-13 02:34:29.918 5745 INFO neutron.wsgi [req-73045f9a-6fd1-41da-b089-6d1f5da734e6 23e04251e35a4af8836d799cdbc6c009 4eeeddb45ad446a68ed4de7bd550932a - default default] 10.0.20.20 "GET /v2.0/networks?id=d4e0d4cb-baa1-450d-8dc0-60829c1914f6 HTTP/1.1" status: 200  len: 885 time: 0.3455629
2018-09-13 02:34:29.998 5745 INFO neutron.wsgi [req-45254100-2c38-4af9-99b5-02ed5d9689fa 23e04251e35a4af8836d799cdbc6c009 4eeeddb45ad446a68ed4de7bd550932a - default default] 10.0.20.20 "GET /v2.0/floatingips?fixed_ip_address=11.159.1.8&port_id=c2efbb42-362e-4d7f-ab77-f5be2aada01a HTTP/1.1" status: 200  len: 217 time: 0.0641630
2018-09-13 02:34:30.190 5753 DEBUG neutron.plugins.ml2.rpc [req-fd55f91d-b4f1-4bfa-9775-6d80242180a0 - - - - -] Device c2efbb42-362e-4d7f-ab77-f5be2aada01a up at agent ovs-agent-localhost.localdomain update_device_up /usr/lib/python2.7/site-packages/neutron/plugins/ml2/rpc.py:244
2018-09-13 02:34:30.236 5745 DEBUG neutron.pecan_wsgi.hooks.policy_enforcement [req-cdb08cb3-d154-4da1-a948-331350657fdb 23e04251e35a4af8836d799cdbc6c009 4eeeddb45ad446a68ed4de7bd550932a - default default] Attributes excluded by policy engine: [u'shared'] _exclude_attributes_by_policy /usr/lib/python2.7/site-packages/neutron/pecan_wsgi/hooks/policy_enforcement.py:256
2018-09-13 02:34:30.241 5745 INFO neutron.wsgi [req-cdb08cb3-d154-4da1-a948-331350657fdb 23e04251e35a4af8836d799cdbc6c009 4eeeddb45ad446a68ed4de7bd550932a - default default] 10.0.20.20 "GET /v2.0/subnets?id=f11151e2-23a6-491e-b248-7b3e8f152021 HTTP/1.1" status: 200  len: 847 time: 0.2350821
2018-09-13 02:34:30.348 5753 DEBUG neutron.db.provisioning_blocks [req-fd55f91d-b4f1-4bfa-9775-6d80242180a0 - - - - -] Provisioning complete for port c2efbb42-362e-4d7f-ab77-f5be2aada01a triggered by entity L2. provisioning_complete /usr/lib/python2.7/site-packages/neutron/db/provisioning_blocks.py:138
2018-09-13 02:34:30.349 5753 DEBUG neutron_lib.callbacks.manager [req-fd55f91d-b4f1-4bfa-9775-6d80242180a0 - - - - -] Notify callbacks ['neutron.plugins.ml2.plugin.Ml2Plugin._port_provisioned--9223372036853920474'] for port, provisioning_complete _notify_loop /usr/lib/python2.7/site-packages/neutron_lib/callbacks/manager.py:167
2018-09-13 02:34:30.407 5745 INFO neutron.wsgi [req-86abc5ea-3064-4ac2-a5cb-86b5b4737660 23e04251e35a4af8836d799cdbc6c009 4eeeddb45ad446a68ed4de7bd550932a - default default] 10.0.20.20 "GET /v2.0/ports?network_id=d4e0d4cb-baa1-450d-8dc0-60829c1914f6&device_owner=network%3Adhcp HTTP/1.1" status: 200  len: 1128 time: 0.1551678
2018-09-13 02:34:30.438 5754 DEBUG novaclient.v2.client [-] REQ: curl -g -i -X POST http://10.0.20.20:8774/v2.1/4eeeddb45ad446a68ed4de7bd550932a/os-server-external-events -H "User-Agent: python-novaclient" -H "Content-Type: application/json" -H "Accept: application/json" -H "X-OpenStack-Nova-API-Version: 2.1" -H "X-Auth-Token: {SHA1}6cc3e89fc168a0c69757cff945b103858f16b830" -d '{"events": [{"status": "completed", "tag": "c2efbb42-362e-4d7f-ab77-f5be2aada01a", "name": "network-vif-plugged", "server_uuid": "1bd51231-b1be-4adf-97a7-86a2dc6e4b12"}]}' _http_log_request /usr/lib/python2.7/site-packages/keystoneauth1/session.py:375
2018-09-13 02:34:31.007 5754 DEBUG novaclient.v2.client [-] RESP: [200] Content-Length: 183 Content-Type: application/json Openstack-Api-Version: compute 2.1 X-Openstack-Nova-Api-Version: 2.1 Vary: OpenStack-API-Version, X-OpenStack-Nova-API-Version X-Openstack-Request-Id: req-1c6c73e1-6ef6-4e9d-930d-908191de0ed2 X-Compute-Request-Id: req-1c6c73e1-6ef6-4e9d-930d-908191de0ed2 Date: Thu, 13 Sep 2018 06:34:31 GMT Connection: keep-alive 
