2018-06-29 02:29:08.845 27431 DEBUG neutron_lib.callbacks.manager [req-386df493-ea4b-409e-895c-ef2862733991 - - - - -] Notify callbacks ['neutron.services.segments.db._update_segment_host_mapping_for_agent-8762843649842'] for agent, after_update _notify_loop /usr/lib/python2.7/site-packages/neutron_lib/callbacks/manager.py:167
2018-06-29 02:29:08.895 27429 DEBUG neutron_lib.callbacks.manager [req-9fa10846-e87a-401b-a148-6dd8bd9eb301 - - - - -] Notify callbacks ['neutron.services.segments.db._update_segment_host_mapping_for_agent-8762843649842'] for agent, after_update _notify_loop /usr/lib/python2.7/site-packages/neutron_lib/callbacks/manager.py:167
2018-06-29 02:29:10.102 27433 DEBUG neutron_lib.callbacks.manager [req-715dc920-a184-4c62-8f60-1e8227c51cb9 - - - - -] Notify callbacks ['neutron.services.segments.db._update_segment_host_mapping_for_agent-8762843649842'] for agent, after_update _notify_loop /usr/lib/python2.7/site-packages/neutron_lib/callbacks/manager.py:167
2018-06-29 02:29:10.414 27424 INFO neutron.wsgi [req-b37896cb-93a7-4d50-a1e6-57ad71f8261f f6205f2f3fa0425fb86221f8569964cf 6aaf08df8f1e4ef4a06883ae6d6b61c2 - fbf5c05d490d4496974ddd3f305d016e fbf5c05d490d4496974ddd3f305d016e] 10.0.20.21 "GET /v2.0/ports?device_id=f8d8b45d-f7e4-4df9-955b-9e526258d989 HTTP/1.1" status: 200  len: 1123 time: 0.7012830
2018-06-29 02:29:10.567 27424 INFO neutron.wsgi [req-b9272124-2ef5-4c1e-9c85-66c346d34585 f6205f2f3fa0425fb86221f8569964cf 6aaf08df8f1e4ef4a06883ae6d6b61c2 - fbf5c05d490d4496974ddd3f305d016e fbf5c05d490d4496974ddd3f305d016e] 10.0.20.21 "GET /v2.0/security-groups?id=b9f9affd-c354-4ac6-a622-78ba61bff3aa HTTP/1.1" status: 200  len: 2118 time: 0.1464491
2018-06-29 02:29:11.301 27425 DEBUG neutron.wsgi [-] (27425) accepted ('10.0.20.21', 41670) server /usr/lib/python2.7/site-packages/eventlet/wsgi.py:883
2018-06-29 02:29:11.735 27425 INFO neutron.wsgi [req-1f7f0259-583d-46a7-88f9-2a6c85663b2e 59f963f90a0940d0a0321d158c75bc86 6ce4dd91709c441d9f1b40034ea03af4 - default default] 10.0.20.21 "GET /v2.0/ports?device_id=f8d8b45d-f7e4-4df9-955b-9e526258d989 HTTP/1.1" status: 200  len: 1123 time: 0.4318180
2018-06-29 02:29:11.897 27425 INFO neutron.wsgi [req-134da2db-e934-4f7a-8cea-453bba1053da 59f963f90a0940d0a0321d158c75bc86 6ce4dd91709c441d9f1b40034ea03af4 - default default] 10.0.20.21 "GET /v2.0/security-groups?id=b9f9affd-c354-4ac6-a622-78ba61bff3aa HTTP/1.1" status: 200  len: 2118 time: 0.1357288
2018-06-29 02:29:15.340 27424 INFO neutron.wsgi [req-0992af5c-c9ab-43ab-8680-29b07dee6f74 59f963f90a0940d0a0321d158c75bc86 6ce4dd91709c441d9f1b40034ea03af4 - default default] 10.0.20.21 "GET /v2.0/ports?device_id=f8d8b45d-f7e4-4df9-955b-9e526258d989 HTTP/1.1" status: 200  len: 1123 time: 0.1798122
2018-06-29 02:29:15.485 27424 INFO neutron.wsgi [req-57c876de-1ccf-44a7-a47a-688f4dcdf430 59f963f90a0940d0a0321d158c75bc86 6ce4dd91709c441d9f1b40034ea03af4 - default default] 10.0.20.21 "GET /v2.0/security-groups?id=b9f9affd-c354-4ac6-a622-78ba61bff3aa HTTP/1.1" status: 200  len: 2118 time: 0.1338501
2018-06-29 02:29:22.963 27424 INFO neutron.wsgi [req-26eed857-a347-4247-9bc8-79818e4eb525 59f963f90a0940d0a0321d158c75bc86 6ce4dd91709c441d9f1b40034ea03af4 - default default] 10.0.20.21 "GET /v2.0/ports?device_id=f8d8b45d-f7e4-4df9-955b-9e526258d989 HTTP/1.1" status: 200  len: 1123 time: 0.1504672
2018-06-29 02:29:23.108 27424 INFO neutron.wsgi [req-66a3e2d5-668e-484e-ae5a-766df33fd7d9 59f963f90a0940d0a0321d158c75bc86 6ce4dd91709c441d9f1b40034ea03af4 - default default] 10.0.20.21 "GET /v2.0/security-groups?id=b9f9affd-c354-4ac6-a622-78ba61bff3aa HTTP/1.1" status: 200  len: 2118 time: 0.1346841
2018-06-29 02:29:31.187 27435 DEBUG neutron_lib.callbacks.manager [req-697a0c7e-5021-43ee-b399-4acffb7096f3 - - - - -] Notify callbacks ['neutron.services.segments.db._update_segment_host_mapping_for_agent-8762843649842'] for agent, after_update _notify_loop /usr/lib/python2.7/site-packages/neutron_lib/callbacks/manager.py:167
2018-06-29 02:29:32.466 27425 DEBUG neutron.wsgi [-] (27425) accepted ('10.0.20.21', 42820) server /usr/lib/python2.7/site-packages/eventlet/wsgi.py:883
2018-06-29 02:29:33.075 27437 DEBUG neutron.db.agents_db [req-3e8dc846-6ae3-4534-9da7-9320beba195a - - - - -] Agent healthcheck: found 5 active agents agent_health_check /usr/lib/python2.7/site-packages/neutron/db/agents_db.py:281
2018-06-29 02:29:33.159 27425 INFO neutron.wsgi [req-a401f961-1710-43bf-b2c9-7fac294c9241 59f963f90a0940d0a0321d158c75bc86 6ce4dd91709c441d9f1b40034ea03af4 - default default] 10.0.20.21 "GET /v2.0/ports?device_id=f8d8b45d-f7e4-4df9-955b-9e526258d989 HTTP/1.1" status: 200  len: 1123 time: 0.6900601
2018-06-29 02:29:33.327 27425 INFO neutron.wsgi [req-327824ab-f2ba-4d60-a8dc-3a2b8b00e538 59f963f90a0940d0a0321d158c75bc86 6ce4dd91709c441d9f1b40034ea03af4 - default default] 10.0.20.21 "GET /v2.0/security-groups?id=b9f9affd-c354-4ac6-a622-78ba61bff3aa HTTP/1.1" status: 200  len: 2118 time: 0.1314700
2018-06-29 02:29:34.613 27422 DEBUG neutron.wsgi [-] (27422) accepted ('10.0.20.21', 42832) server /usr/lib/python2.7/site-packages/eventlet/wsgi.py:883
2018-06-29 02:29:35.166 27422 WARNING keystonemiddleware.auth_token [-] A valid token was submitted as a service token, but it was not a valid service token. This is incorrect but backwards compatible behaviour. This will be removed in future releases.
2018-06-29 02:29:35.987 27422 INFO neutron.wsgi [req-d05a93dd-ab32-4e20-a769-07f1ed162ba9 f6205f2f3fa0425fb86221f8569964cf 6aaf08df8f1e4ef4a06883ae6d6b61c2 - fbf5c05d490d4496974ddd3f305d016e fbf5c05d490d4496974ddd3f305d016e] 10.0.20.21 "GET /v2.0/ports?device_id=f8d8b45d-f7e4-4df9-955b-9e526258d989 HTTP/1.1" status: 200  len: 1123 time: 1.3702879
2018-06-29 02:29:36.198 27422 INFO neutron.wsgi [req-9fdc5806-183c-489c-878e-0893031301f4 f6205f2f3fa0425fb86221f8569964cf 6aaf08df8f1e4ef4a06883ae6d6b61c2 - fbf5c05d490d4496974ddd3f305d016e fbf5c05d490d4496974ddd3f305d016e] 10.0.20.21 "GET /v2.0/security-groups?id=b9f9affd-c354-4ac6-a622-78ba61bff3aa HTTP/1.1" status: 200  len: 2118 time: 0.1683910
2018-06-29 02:29:38.858 27434 DEBUG neutron_lib.callbacks.manager [req-530e0b84-68ee-4f27-a715-ff91675ea9fa - - - - -] Notify callbacks ['neutron.services.segments.db._update_segment_host_mapping_for_agent-8762843649842'] for agent, after_update _notify_loop /usr/lib/python2.7/site-packages/neutron_lib/callbacks/manager.py:167
2018-06-29 02:29:38.881 27428 DEBUG neutron_lib.callbacks.manager [req-386df493-ea4b-409e-895c-ef2862733991 - - - - -] Notify callbacks ['neutron.services.segments.db._update_segment_host_mapping_for_agent-8762843649842'] for agent, after_update _notify_loop /usr/lib/python2.7/site-packages/neutron_lib/callbacks/manager.py:167
2018-06-29 02:29:38.905 27432 DEBUG neutron_lib.callbacks.manager [req-9fa10846-e87a-401b-a148-6dd8bd9eb301 - - - - -] Notify callbacks ['neutron.services.segments.db._update_segment_host_mapping_for_agent-8762843649842'] for agent, after_update _notify_loop /usr/lib/python2.7/site-packages/neutron_lib/callbacks/manager.py:167
2018-06-29 02:29:39.829 27425 INFO neutron.wsgi [req-8631b18e-2aae-4e4d-963c-aa1bdd4766dd 59f963f90a0940d0a0321d158c75bc86 6ce4dd91709c441d9f1b40034ea03af4 - default default] 10.0.20.21 "GET /v2.0/ports?device_id=f8d8b45d-f7e4-4df9-955b-9e526258d989 HTTP/1.1" status: 200  len: 1123 time: 0.1663361
2018-06-29 02:29:39.970 27425 INFO neutron.wsgi [req-e0a05a08-01e8-4fe5-b34e-7bd794af3898 59f963f90a0940d0a0321d158c75bc86 6ce4dd91709c441d9f1b40034ea03af4 - default default] 10.0.20.21 "GET /v2.0/security-groups?id=b9f9affd-c354-4ac6-a622-78ba61bff3aa HTTP/1.1" status: 200  len: 2118 time: 0.1341491
2018-06-29 02:29:40.117 27430 DEBUG neutron_lib.callbacks.manager [req-3cc19de4-c340-4125-b875-aa83c6e57b76 - - - - -] Notify callbacks ['neutron.services.segments.db._update_segment_host_mapping_for_agent-8762843649842'] for agent, after_update _notify_loop /usr/lib/python2.7/site-packages/neutron_lib/callbacks/manager.py:167
2018-06-29 02:29:42.577 27424 INFO neutron.wsgi [req-8bb5500c-91c6-416f-8d31-65a3d5ddd976 59f963f90a0940d0a0321d158c75bc86 6ce4dd91709c441d9f1b40034ea03af4 - default default] 10.0.20.21 "GET /v2.0/ports?device_id=f8d8b45d-f7e4-4df9-955b-9e526258d989 HTTP/1.1" status: 200  len: 1123 time: 0.1772408
2018-06-29 02:29:42.996 27424 INFO neutron.wsgi [req-003f7ec8-8d6a-4c61-9040-0a4b1f9143bc 59f963f90a0940d0a0321d158c75bc86 6ce4dd91709c441d9f1b40034ea03af4 - default default] 10.0.20.21 "GET /v2.0/security-groups?id=b9f9affd-c354-4ac6-a622-78ba61bff3aa HTTP/1.1" status: 200  len: 2118 time: 0.4125400
2018-06-29 02:29:49.157 27426 INFO neutron.wsgi [req-c0ed153e-ae74-4a9f-90a9-e43f47a588af f6205f2f3fa0425fb86221f8569964cf 6aaf08df8f1e4ef4a06883ae6d6b61c2 - fbf5c05d490d4496974ddd3f305d016e fbf5c05d490d4496974ddd3f305d016e] 10.0.20.21 "GET /v2.0/ports?device_id=f8d8b45d-f7e4-4df9-955b-9e526258d989 HTTP/1.1" status: 200  len: 1123 time: 0.7305491
2018-06-29 02:29:49.300 27426 INFO neutron.wsgi [req-4f45c14e-efb0-4b5d-964c-d8220a0674cc f6205f2f3fa0425fb86221f8569964cf 6aaf08df8f1e4ef4a06883ae6d6b61c2 - fbf5c05d490d4496974ddd3f305d016e fbf5c05d490d4496974ddd3f305d016e] 10.0.20.21 "GET /v2.0/security-groups?id=b9f9affd-c354-4ac6-a622-78ba61bff3aa HTTP/1.1" status: 200  len: 2118 time: 0.1384230
2018-06-29 02:29:50.203 27424 DEBUG neutron.wsgi [-] (27424) accepted ('10.0.20.21', 42908) server /usr/lib/python2.7/site-packages/eventlet/wsgi.py:883
2018-06-29 02:29:50.812 27424 INFO neutron.wsgi [req-2a6273c8-2e47-4dc6-b0c2-bf8e0b08f796 59f963f90a0940d0a0321d158c75bc86 6ce4dd91709c441d9f1b40034ea03af4 - default default] 10.0.20.21 "GET /v2.0/ports?device_id=f8d8b45d-f7e4-4df9-955b-9e526258d989 HTTP/1.1" status: 200  len: 1123 time: 0.6057420
2018-06-29 02:29:50.966 27424 INFO neutron.wsgi [req-ec353055-4db6-4cfd-8dfa-87762eb9b289 59f963f90a0940d0a0321d158c75bc86 6ce4dd91709c441d9f1b40034ea03af4 - default default] 10.0.20.21 "GET /v2.0/security-groups?id=b9f9affd-c354-4ac6-a622-78ba61bff3aa HTTP/1.1" status: 200  len: 2118 time: 0.1189861
2018-06-29 02:29:51.617 27426 INFO neutron.wsgi [req-8f6f100d-cbba-458a-bd62-e3314dafd82b b5c7d57bbd1a48d5a86a8095ce57bfd4 6ce4dd91709c441d9f1b40034ea03af4 - default default] 10.0.20.21 "GET /v2.0/ports?device_id=f8d8b45d-f7e4-4df9-955b-9e526258d989 HTTP/1.1" status: 200  len: 1123 time: 0.6094110
2018-06-29 02:29:51.734 27426 INFO neutron.wsgi [req-92fd7cf6-d2f2-41cb-b2ed-9c2e01946986 b5c7d57bbd1a48d5a86a8095ce57bfd4 6ce4dd91709c441d9f1b40034ea03af4 - default default] 10.0.20.21 "GET /v2.0/security-groups?id=b9f9affd-c354-4ac6-a622-78ba61bff3aa HTTP/1.1" status: 200  len: 2118 time: 0.1101809
2018-06-29 02:29:53.770 27425 INFO neutron.wsgi [req-a2911bde-a2ae-40e1-926a-d6df50c585f6 59f963f90a0940d0a0321d158c75bc86 6ce4dd91709c441d9f1b40034ea03af4 - default default] 10.0.20.21 "GET /v2.0/ports?device_id=f8d8b45d-f7e4-4df9-955b-9e526258d989 HTTP/1.1" status: 200  len: 1123 time: 0.1125710
2018-06-29 02:29:53.889 27425 INFO neutron.wsgi [req-e177d4d9-d177-4342-8605-393e3f04d95d 59f963f90a0940d0a0321d158c75bc86 6ce4dd91709c441d9f1b40034ea03af4 - default default] 10.0.20.21 "GET /v2.0/security-groups?id=b9f9affd-c354-4ac6-a622-78ba61bff3aa HTTP/1.1" status: 200  len: 2118 time: 0.1135671
2018-06-29 02:29:58.592 27425 INFO neutron.wsgi [req-2a4d2072-ec09-4daf-bb9d-faabebec4e11 59f963f90a0940d0a0321d158c75bc86 6ce4dd91709c441d9f1b40034ea03af4 - default default] 10.0.20.21 "GET /v2.0/ports?tenant_id=6aaf08df8f1e4ef4a06883ae6d6b61c2&device_id=f8d8b45d-f7e4-4df9-955b-9e526258d989 HTTP/1.1" status: 200  len: 1123 time: 0.1224630
2018-06-29 02:29:58.820 27425 DEBUG neutron.pecan_wsgi.hooks.policy_enforcement [req-ae53a0c2-03ce-4211-a551-62dcbe4dd2b2 59f963f90a0940d0a0321d158c75bc86 6ce4dd91709c441d9f1b40034ea03af4 - default default] Attributes excluded by policy engine: [u'vlan_transparent'] _exclude_attributes_by_policy /usr/lib/python2.7/site-packages/neutron/pecan_wsgi/hooks/policy_enforcement.py:256
2018-06-29 02:29:58.822 27425 INFO neutron.wsgi [req-ae53a0c2-03ce-4211-a551-62dcbe4dd2b2 59f963f90a0940d0a0321d158c75bc86 6ce4dd91709c441d9f1b40034ea03af4 - default default] 10.0.20.21 "GET /v2.0/networks?id=2273416b-ee4d-41d1-8a31-f9ad810318e3 HTTP/1.1" status: 200  len: 885 time: 0.2250981
2018-06-29 02:29:58.879 27425 INFO neutron.wsgi [req-d37030e2-92fe-423e-b56d-34bbe7aa0137 59f963f90a0940d0a0321d158c75bc86 6ce4dd91709c441d9f1b40034ea03af4 - default default] 10.0.20.21 "GET /v2.0/floatingips?fixed_ip_address=11.35.1.6&port_id=eaac9b44-8bd8-4100-aad1-ad7c18a7ce21 HTTP/1.1" status: 200  len: 750 time: 0.0466640
2018-06-29 02:29:59.035 27425 DEBUG neutron.pecan_wsgi.hooks.policy_enforcement [req-66d90c8f-773d-48f2-80a6-fd920ea67286 59f963f90a0940d0a0321d158c75bc86 6ce4dd91709c441d9f1b40034ea03af4 - default default] Attributes excluded by policy engine: [u'shared'] _exclude_attributes_by_policy /usr/lib/python2.7/site-packages/neutron/pecan_wsgi/hooks/policy_enforcement.py:256
2018-06-29 02:29:59.039 27425 INFO neutron.wsgi [req-66d90c8f-773d-48f2-80a6-fd920ea67286 59f963f90a0940d0a0321d158c75bc86 6ce4dd91709c441d9f1b40034ea03af4 - default default] 10.0.20.21 "GET /v2.0/subnets?id=60e5c129-0b2e-45c4-95bb-87514588a94a HTTP/1.1" status: 200  len: 843 time: 0.1523809
2018-06-29 02:29:59.171 27425 INFO neutron.wsgi [req-ea7c7d01-aba8-4ebd-a77c-c73a5c36c105 59f963f90a0940d0a0321d158c75bc86 6ce4dd91709c441d9f1b40034ea03af4 - default default] 10.0.20.21 "GET /v2.0/ports?network_id=2273416b-ee4d-41d1-8a31-f9ad810318e3&device_owner=network%3Adhcp HTTP/1.1" status: 200  len: 1127 time: 0.1249480
2018-06-29 02:30:01.183 27427 DEBUG neutron_lib.callbacks.manager [req-697a0c7e-5021-43ee-b399-4acffb7096f3 - - - - -] Notify callbacks ['neutron.services.segments.db._update_segment_host_mapping_for_agent-8762843649842'] for agent, after_update _notify_loop /usr/lib/python2.7/site-packages/neutron_lib/callbacks/manager.py:167
2018-06-29 02:30:03.914 27419 DEBUG neutron.wsgi [-] (27419) accepted ('10.0.20.21', 42996) server /usr/lib/python2.7/site-packages/eventlet/wsgi.py:883
2018-06-29 02:30:04.272 27419 WARNING keystonemiddleware.auth_token [-] A valid token was submitted as a service token, but it was not a valid service token. This is incorrect but backwards compatible behaviour. This will be removed in future releases.
2018-06-29 02:30:04.982 27419 INFO neutron.wsgi [req-15259b60-8dd7-4221-9522-603df7bb454c f6205f2f3fa0425fb86221f8569964cf 6aaf08df8f1e4ef4a06883ae6d6b61c2 - fbf5c05d490d4496974ddd3f305d016e fbf5c05d490d4496974ddd3f305d016e] 10.0.20.21 "GET /v2.0/ports?device_id=f8d8b45d-f7e4-4df9-955b-9e526258d989 HTTP/1.1" status: 200  len: 1123 time: 1.0591772
2018-06-29 02:30:05.173 27419 INFO neutron.wsgi [req-1b28d71e-99e4-4da6-8e9b-320c8246947b f6205f2f3fa0425fb86221f8569964cf 6aaf08df8f1e4ef4a06883ae6d6b61c2 - fbf5c05d490d4496974ddd3f305d016e fbf5c05d490d4496974ddd3f305d016e] 10.0.20.21 "GET /v2.0/security-groups?id=b9f9affd-c354-4ac6-a622-78ba61bff3aa HTTP/1.1" status: 200  len: 2118 time: 0.1607270
2018-06-29 02:30:05.664 27419 DEBUG neutron.wsgi [-] (27419) accepted ('10.0.20.21', 43014) server /usr/lib/python2.7/site-packages/eventlet/wsgi.py:883
2018-06-29 02:30:06.164 27419 INFO neutron.wsgi [req-238c8b94-cb47-46eb-a065-842d9999485a 59f963f90a0940d0a0321d158c75bc86 6ce4dd91709c441d9f1b40034ea03af4 - default default] 10.0.20.21 "GET /v2.0/ports?device_id=f8d8b45d-f7e4-4df9-955b-9e526258d989 HTTP/1.1" status: 200  len: 1123 time: 0.4963610
2018-06-29 02:30:06.362 27419 INFO neutron.wsgi [req-c4ac8d57-ecec-4591-b851-57c2c8511e0c 59f963f90a0940d0a0321d158c75bc86 6ce4dd91709c441d9f1b40034ea03af4 - default default] 10.0.20.21 "GET /v2.0/security-groups?id=b9f9affd-c354-4ac6-a622-78ba61bff3aa HTTP/1.1" status: 200  len: 2118 time: 0.1640241
2018-06-29 02:30:08.837 27431 DEBUG neutron_lib.callbacks.manager [req-f953821d-6453-40c2-b95f-b6c64844711b - - - - -] Notify callbacks ['neutron.services.segments.db._update_segment_host_mapping_for_agent-8762843649842'] for agent, after_update _notify_loop /usr/lib/python2.7/site-packages/neutron_lib/callbacks/manager.py:167
2018-06-29 02:30:08.843 27429 DEBUG neutron_lib.callbacks.manager [req-386df493-ea4b-409e-895c-ef2862733991 - - - - -] Notify callbacks ['neutron.services.segments.db._update_segment_host_mapping_for_agent-8762843649842'] for agent, after_update _notify_loop /usr/lib/python2.7/site-packages/neutron_lib/callbacks/manager.py:167
2018-06-29 02:30:08.891 27433 DEBUG neutron_lib.callbacks.manager [req-9fa10846-e87a-401b-a148-6dd8bd9eb301 - - - - -] Notify callbacks ['neutron.services.segments.db._update_segment_host_mapping_for_agent-8762843649842'] for agent, after_update _notify_loop /usr/lib/python2.7/site-packages/neutron_lib/callbacks/manager.py:167
2018-06-29 02:30:10.058 27437 DEBUG neutron.db.agents_db [req-3e8dc846-6ae3-4534-9da7-9320beba195a - - - - -] Agent healthcheck: found 5 active agents agent_health_check /usr/lib/python2.7/site-packages/neutron/db/agents_db.py:281
2018-06-29 02:30:10.104 27435 DEBUG neutron_lib.callbacks.manager [req-e419715f-575b-4e9f-a622-937c466eb44f - - - - -] Notify callbacks ['neutron.services.segments.db._update_segment_host_mapping_for_agent-8762843649842'] for agent, after_update _notify_loop /usr/lib/python2.7/site-packages/neutron_lib/callbacks/manager.py:167
2018-06-29 02:30:14.612 27422 INFO neutron.wsgi [req-6825d4b5-f836-402d-abea-7949a0e5ea19 f6205f2f3fa0425fb86221f8569964cf 6aaf08df8f1e4ef4a06883ae6d6b61c2 - fbf5c05d490d4496974ddd3f305d016e fbf5c05d490d4496974ddd3f305d016e] 10.0.20.21 "GET /v2.0/ports?device_id=f8d8b45d-f7e4-4df9-955b-9e526258d989 HTTP/1.1" status: 200  len: 1123 time: 0.7018921
2018-06-29 02:30:14.799 27422 INFO neutron.wsgi [req-9e39a03f-acd0-4dd4-9a3d-4489e2684669 f6205f2f3fa0425fb86221f8569964cf 6aaf08df8f1e4ef4a06883ae6d6b61c2 - fbf5c05d490d4496974ddd3f305d016e fbf5c05d490d4496974ddd3f305d016e] 10.0.20.21 "GET /v2.0/security-groups?id=b9f9affd-c354-4ac6-a622-78ba61bff3aa HTTP/1.1" status: 200  len: 2118 time: 0.1774809
2018-06-29 02:30:31.210 27434 DEBUG neutron_lib.callbacks.manager [req-697a0c7e-5021-43ee-b399-4acffb7096f3 - - - - -] Notify callbacks ['neutron.services.segments.db._update_segment_host_mapping_for_agent-8762843649842'] for agent, after_update _notify_loop /usr/lib/python2.7/site-packages/neutron_lib/callbacks/manager.py:167
2018-06-29 02:30:36.817 27419 DEBUG neutron.wsgi [-] (27419) accepted ('10.0.20.21', 44124) server /usr/lib/python2.7/site-packages/eventlet/wsgi.py:883
2018-06-29 02:30:38.278 27419 INFO neutron.wsgi [req-620f5fdd-810c-4968-b594-8e8b54f9f3bc f6205f2f3fa0425fb86221f8569964cf 6aaf08df8f1e4ef4a06883ae6d6b61c2 - fbf5c05d490d4496974ddd3f305d016e fbf5c05d490d4496974ddd3f305d016e] 10.0.20.21 "GET /v2.0/ports?device_id=f8d8b45d-f7e4-4df9-955b-9e526258d989 HTTP/1.1" status: 200  len: 1123 time: 1.4547398
2018-06-29 02:30:38.440 27419 INFO neutron.wsgi [req-3b77c75f-6d5c-4d39-8bf7-3dcde0833549 f6205f2f3fa0425fb86221f8569964cf 6aaf08df8f1e4ef4a06883ae6d6b61c2 - fbf5c05d490d4496974ddd3f305d016e fbf5c05d490d4496974ddd3f305d016e] 10.0.20.21 "GET /v2.0/security-groups?id=b9f9affd-c354-4ac6-a622-78ba61bff3aa HTTP/1.1" status: 200  len: 2118 time: 0.1309719
2018-06-29 02:30:38.851 27428 DEBUG neutron_lib.callbacks.manager [req-fdad50b3-0598-4388-9b3f-610785e40a37 - - - - -] Notify callbacks ['neutron.services.segments.db._update_segment_host_mapping_for_agent-8762843649842'] for agent, after_update _notify_loop /usr/lib/python2.7/site-packages/neutron_lib/callbacks/manager.py:167
2018-06-29 02:30:38.870 27432 DEBUG neutron_lib.callbacks.manager [req-386df493-ea4b-409e-895c-ef2862733991 - - - - -] Notify callbacks ['neutron.services.segments.db._update_segment_host_mapping_for_agent-8762843649842'] for agent, after_update _notify_loop /usr/lib/python2.7/site-packages/neutron_lib/callbacks/manager.py:167
2018-06-29 02:30:38.899 27430 DEBUG neutron_lib.callbacks.manager [req-9fa10846-e87a-401b-a148-6dd8bd9eb301 - - - - -] Notify callbacks ['neutron.services.segments.db._update_segment_host_mapping_for_agent-8762843649842'] for agent, after_update _notify_loop /usr/lib/python2.7/site-packages/neutron_lib/callbacks/manager.py:167
2018-06-29 02:30:40.132 27427 DEBUG neutron_lib.callbacks.manager [req-315a9638-9aab-4781-a2ac-31d49f67cc72 - - - - -] Notify callbacks ['neutron.services.segments.db._update_segment_host_mapping_for_agent-8762843649842'] for agent, after_update _notify_loop /usr/lib/python2.7/site-packages/neutron_lib/callbacks/manager.py:167
2018-06-29 02:30:47.073 27437 DEBUG neutron.db.agents_db [req-3e8dc846-6ae3-4534-9da7-9320beba195a - - - - -] Agent healthcheck: found 5 active agents agent_health_check /usr/lib/python2.7/site-packages/neutron/db/agents_db.py:281
2018-06-29 02:30:48.786 27419 INFO neutron.wsgi [req-4f8ee828-b299-44a6-9aa7-ca6dd189b2bc f6205f2f3fa0425fb86221f8569964cf 6aaf08df8f1e4ef4a06883ae6d6b61c2 - fbf5c05d490d4496974ddd3f305d016e fbf5c05d490d4496974ddd3f305d016e] 10.0.20.21 "GET /v2.0/ports?device_id=f8d8b45d-f7e4-4df9-955b-9e526258d989 HTTP/1.1" status: 200  len: 1123 time: 0.7166219
2018-06-29 02:30:48.898 27419 INFO neutron.wsgi [req-aece14e6-b748-435c-879e-cbab3c35b3f8 f6205f2f3fa0425fb86221f8569964cf 6aaf08df8f1e4ef4a06883ae6d6b61c2 - fbf5c05d490d4496974ddd3f305d016e fbf5c05d490d4496974ddd3f305d016e] 10.0.20.21 "GET /v2.0/security-groups?id=b9f9affd-c354-4ac6-a622-78ba61bff3aa HTTP/1.1" status: 200  len: 2118 time: 0.1076770
2018-06-29 02:31:00.685 27425 INFO neutron.wsgi [req-4611cd14-826b-4008-b14a-0f066ee9c664 59f963f90a0940d0a0321d158c75bc86 6ce4dd91709c441d9f1b40034ea03af4 - default default] 10.0.20.21 "GET /v2.0/ports?tenant_id=f4a570c942f04ee3b556f3e6756b5a50&device_id=fbe9921b-01af-42ef-a506-f7a67f25f76a HTTP/1.1" status: 200  len: 1125 time: 0.1310821
2018-06-29 02:31:00.871 27425 DEBUG neutron.pecan_wsgi.hooks.policy_enforcement [req-9e46df0f-c4f8-4147-a297-84dfe73555c5 59f963f90a0940d0a0321d158c75bc86 6ce4dd91709c441d9f1b40034ea03af4 - default default] Attributes excluded by policy engine: [u'vlan_transparent'] _exclude_attributes_by_policy /usr/lib/python2.7/site-packages/neutron/pecan_wsgi/hooks/policy_enforcement.py:256
2018-06-29 02:31:00.873 27425 INFO neutron.wsgi [req-9e46df0f-c4f8-4147-a297-84dfe73555c5 59f963f90a0940d0a0321d158c75bc86 6ce4dd91709c441d9f1b40034ea03af4 - default default] 10.0.20.21 "GET /v2.0/networks?id=65a63b5d-4ab6-4a89-8fc5-4ab4c578efe5 HTTP/1.1" status: 200  len: 888 time: 0.1822572
2018-06-29 02:31:00.918 27425 INFO neutron.wsgi [req-f40b500e-c171-4667-9c67-d2c204b870b7 59f963f90a0940d0a0321d158c75bc86 6ce4dd91709c441d9f1b40034ea03af4 - default default] 10.0.20.21 "GET /v2.0/floatingips?fixed_ip_address=172.24.4.11&port_id=de636301-2b4d-4580-966c-2174f43d6448 HTTP/1.1" status: 200  len: 217 time: 0.0327539
2018-06-29 02:31:01.036 27425 DEBUG neutron.pecan_wsgi.hooks.policy_enforcement [req-9f427f25-e52a-4d00-a051-f84ef7bb7c2f 59f963f90a0940d0a0321d158c75bc86 6ce4dd91709c441d9f1b40034ea03af4 - default default] Attributes excluded by policy engine: [u'shared'] _exclude_attributes_by_policy /usr/lib/python2.7/site-packages/neutron/pecan_wsgi/hooks/policy_enforcement.py:256
2018-06-29 02:31:01.040 27425 INFO neutron.wsgi [req-9f427f25-e52a-4d00-a051-f84ef7bb7c2f 59f963f90a0940d0a0321d158c75bc86 6ce4dd91709c441d9f1b40034ea03af4 - default default] 10.0.20.21 "GET /v2.0/subnets?id=0db29b77-dce9-468d-9f4c-d777953f217f HTTP/1.1" status: 200  len: 819 time: 0.1160121
2018-06-29 02:31:01.115 27425 INFO neutron.wsgi [req-bfd9afb1-4cf9-438c-ba82-cb2fcde3eef7 59f963f90a0940d0a0321d158c75bc86 6ce4dd91709c441d9f1b40034ea03af4 - default default] 10.0.20.21 "GET /v2.0/ports?network_id=65a63b5d-4ab6-4a89-8fc5-4ab4c578efe5&device_owner=network%3Adhcp HTTP/1.1" status: 200  len: 210 time: 0.0671420
2018-06-29 02:31:01.180 27431 DEBUG neutron_lib.callbacks.manager [req-697a0c7e-5021-43ee-b399-4acffb7096f3 - - - - -] Notify callbacks ['neutron.services.segments.db._update_segment_host_mapping_for_agent-8762843649842'] for agent, after_update _notify_loop /usr/lib/python2.7/site-packages/neutron_lib/callbacks/manager.py:167
2018-06-29 02:31:02.140 27424 DEBUG neutron.wsgi [-] (27424) accepted ('10.0.20.21', 44222) server /usr/lib/python2.7/site-packages/eventlet/wsgi.py:883
2018-06-29 02:31:03.496 27424 INFO neutron.wsgi [req-ccdb899d-23ad-45ee-ae4d-2abfcd65aca0 f6205f2f3fa0425fb86221f8569964cf 6aaf08df8f1e4ef4a06883ae6d6b61c2 - fbf5c05d490d4496974ddd3f305d016e fbf5c05d490d4496974ddd3f305d016e] 10.0.20.21 "GET /v2.0/ports?device_id=f8d8b45d-f7e4-4df9-955b-9e526258d989 HTTP/1.1" status: 200  len: 1123 time: 1.3458560
2018-06-29 02:31:03.706 27424 INFO neutron.wsgi [req-f5509691-6630-4491-95e2-c501e971de11 f6205f2f3fa0425fb86221f8569964cf 6aaf08df8f1e4ef4a06883ae6d6b61c2 - fbf5c05d490d4496974ddd3f305d016e fbf5c05d490d4496974ddd3f305d016e] 10.0.20.21 "GET /v2.0/security-groups?id=b9f9affd-c354-4ac6-a622-78ba61bff3aa HTTP/1.1" status: 200  len: 2118 time: 0.1481950
2018-06-29 02:31:08.848 27429 DEBUG neutron_lib.callbacks.manager [req-7901e480-0bd0-4c0f-ba43-9d77665fef85 - - - - -] Notify callbacks ['neutron.services.segments.db._update_segment_host_mapping_for_agent-8762843649842'] for agent, after_update _notify_loop /usr/lib/python2.7/site-packages/neutron_lib/callbacks/manager.py:167
2018-06-29 02:31:08.862 27433 DEBUG neutron_lib.callbacks.manager [req-386df493-ea4b-409e-895c-ef2862733991 - - - - -] Notify callbacks ['neutron.services.segments.db._update_segment_host_mapping_for_agent-8762843649842'] for agent, after_update _notify_loop /usr/lib/python2.7/site-packages/neutron_lib/callbacks/manager.py:167
2018-06-29 02:31:08.899 27435 DEBUG neutron_lib.callbacks.manager [req-9fa10846-e87a-401b-a148-6dd8bd9eb301 - - - - -] Notify callbacks ['neutron.services.segments.db._update_segment_host_mapping_for_agent-8762843649842'] for agent, after_update _notify_loop /usr/lib/python2.7/site-packages/neutron_lib/callbacks/manager.py:167
2018-06-29 02:31:10.099 27434 DEBUG neutron_lib.callbacks.manager [req-3e67a0d1-84fe-41c1-9775-c0965ab4b13d - - - - -] Notify callbacks ['neutron.services.segments.db._update_segment_host_mapping_for_agent-8762843649842'] for agent, after_update _notify_loop /usr/lib/python2.7/site-packages/neutron_lib/callbacks/manager.py:167
2018-06-29 02:31:24.061 27437 DEBUG neutron.db.agents_db [req-3e8dc846-6ae3-4534-9da7-9320beba195a - - - - -] Agent healthcheck: found 5 active agents agent_health_check /usr/lib/python2.7/site-packages/neutron/db/agents_db.py:281
2018-06-29 02:31:31.179 27428 DEBUG neutron_lib.callbacks.manager [req-697a0c7e-5021-43ee-b399-4acffb7096f3 - - - - -] Notify callbacks ['neutron.services.segments.db._update_segment_host_mapping_for_agent-8762843649842'] for agent, after_update _notify_loop /usr/lib/python2.7/site-packages/neutron_lib/callbacks/manager.py:167
2018-06-29 02:31:38.833 27432 DEBUG neutron_lib.callbacks.manager [req-5d98b863-6426-4536-a436-8620a78a3b52 - - - - -] Notify callbacks ['neutron.services.segments.db._update_segment_host_mapping_for_agent-8762843649842'] for agent, after_update _notify_loop /usr/lib/python2.7/site-packages/neutron_lib/callbacks/manager.py:167
2018-06-29 02:31:38.849 27430 DEBUG neutron_lib.callbacks.manager [req-386df493-ea4b-409e-895c-ef2862733991 - - - - -] Notify callbacks ['neutron.services.segments.db._update_segment_host_mapping_for_agent-8762843649842'] for agent, after_update _notify_loop /usr/lib/python2.7/site-packages/neutron_lib/callbacks/manager.py:167
2018-06-29 02:31:38.889 27427 DEBUG neutron_lib.callbacks.manager [req-9fa10846-e87a-401b-a148-6dd8bd9eb301 - - - - -] Notify callbacks ['neutron.services.segments.db._update_segment_host_mapping_for_agent-8762843649842'] for agent, after_update _notify_loop /usr/lib/python2.7/site-packages/neutron_lib/callbacks/manager.py:167
2018-06-29 02:31:40.108 27431 DEBUG neutron_lib.callbacks.manager [req-a5da3705-c9a7-406f-99d8-7cfa159aadf1 - - - - -] Notify callbacks ['neutron.services.segments.db._update_segment_host_mapping_for_agent-8762843649842'] for agent, after_update _notify_loop /usr/lib/python2.7/site-packages/neutron_lib/callbacks/manager.py:167
2018-06-29 02:32:01.069 27437 DEBUG neutron.db.agents_db [req-3e8dc846-6ae3-4534-9da7-9320beba195a - - - - -] Agent healthcheck: found 5 active agents agent_health_check /usr/lib/python2.7/site-packages/neutron/db/agents_db.py:281
2018-06-29 02:32:01.185 27429 DEBUG neutron_lib.callbacks.manager [req-697a0c7e-5021-43ee-b399-4acffb7096f3 - - - - -] Notify callbacks ['neutron.services.segments.db._update_segment_host_mapping_for_agent-8762843649842'] for agent, after_update _notify_loop /usr/lib/python2.7/site-packages/neutron_lib/callbacks/manager.py:167
2018-06-29 02:32:01.963 27425 INFO neutron.wsgi [req-e7059d23-081e-452a-92ea-afedafc07d88 59f963f90a0940d0a0321d158c75bc86 6ce4dd91709c441d9f1b40034ea03af4 - default default] 10.0.20.21 "GET /v2.0/ports?tenant_id=6aaf08df8f1e4ef4a06883ae6d6b61c2&device_id=f8d8b45d-f7e4-4df9-955b-9e526258d989 HTTP/1.1" status: 200  len: 1123 time: 0.4882739
2018-06-29 02:32:02.196 27425 DEBUG neutron.pecan_wsgi.hooks.policy_enforcement [req-5d636bca-0e67-4bd2-9aae-cdc71543711e 59f963f90a0940d0a0321d158c75bc86 6ce4dd91709c441d9f1b40034ea03af4 - default default] Attributes excluded by policy engine: [u'vlan_transparent'] _exclude_attributes_by_policy /usr/lib/python2.7/site-packages/neutron/pecan_wsgi/hooks/policy_enforcement.py:256
2018-06-29 02:32:02.199 27425 INFO neutron.wsgi [req-5d636bca-0e67-4bd2-9aae-cdc71543711e 59f963f90a0940d0a0321d158c75bc86 6ce4dd91709c441d9f1b40034ea03af4 - default default] 10.0.20.21 "GET /v2.0/networks?id=2273416b-ee4d-41d1-8a31-f9ad810318e3 HTTP/1.1" status: 200  len: 885 time: 0.2297058
2018-06-29 02:32:02.250 27425 INFO neutron.wsgi [req-d169140d-306d-473f-bff4-4626713b03d4 59f963f90a0940d0a0321d158c75bc86 6ce4dd91709c441d9f1b40034ea03af4 - default default] 10.0.20.21 "GET /v2.0/floatingips?fixed_ip_address=11.35.1.6&port_id=eaac9b44-8bd8-4100-aad1-ad7c18a7ce21 HTTP/1.1" status: 200  len: 750 time: 0.0449829
2018-06-29 02:32:02.385 27425 DEBUG neutron.pecan_wsgi.hooks.policy_enforcement [req-e88f12cd-d594-4517-aca0-815cb2524e5a 59f963f90a0940d0a0321d158c75bc86 6ce4dd91709c441d9f1b40034ea03af4 - default default] Attributes excluded by policy engine: [u'shared'] _exclude_attributes_by_policy /usr/lib/python2.7/site-packages/neutron/pecan_wsgi/hooks/policy_enforcement.py:256
2018-06-29 02:32:02.387 27425 INFO neutron.wsgi [req-e88f12cd-d594-4517-aca0-815cb2524e5a 59f963f90a0940d0a0321d158c75bc86 6ce4dd91709c441d9f1b40034ea03af4 - default default] 10.0.20.21 "GET /v2.0/subnets?id=60e5c129-0b2e-45c4-95bb-87514588a94a HTTP/1.1" status: 200  len: 843 time: 0.1312768
2018-06-29 02:32:02.561 27425 INFO neutron.wsgi [req-10974ec4-1069-4b77-9602-ae6a4e0aab4c 59f963f90a0940d0a0321d158c75bc86 6ce4dd91709c441d9f1b40034ea03af4 - default default] 10.0.20.21 "GET /v2.0/ports?network_id=2273416b-ee4d-41d1-8a31-f9ad810318e3&device_owner=network%3Adhcp HTTP/1.1" status: 200  len: 1127 time: 0.1672571
2018-06-29 02:32:08.847 27433 DEBUG neutron_lib.callbacks.manager [req-6d83e631-69b0-4041-9837-ca0d743be152 - - - - -] Notify callbacks ['neutron.services.segments.db._update_segment_host_mapping_for_agent-8762843649842'] for agent, after_update _notify_loop /usr/lib/python2.7/site-packages/neutron_lib/callbacks/manager.py:167
2018-06-29 02:32:08.870 27435 DEBUG neutron_lib.callbacks.manager [req-386df493-ea4b-409e-895c-ef2862733991 - - - - -] Notify callbacks ['neutron.services.segments.db._update_segment_host_mapping_for_agent-8762843649842'] for agent, after_update _notify_loop /usr/lib/python2.7/site-packages/neutron_lib/callbacks/manager.py:167
2018-06-29 02:32:08.900 27434 DEBUG neutron_lib.callbacks.manager [req-9fa10846-e87a-401b-a148-6dd8bd9eb301 - - - - -] Notify callbacks ['neutron.services.segments.db._update_segment_host_mapping_for_agent-8762843649842'] for agent, after_update _notify_loop /usr/lib/python2.7/site-packages/neutron_lib/callbacks/manager.py:167
2018-06-29 02:32:10.110 27428 DEBUG neutron_lib.callbacks.manager [req-ead6f237-1494-43bd-8201-d986fa9c0406 - - - - -] Notify callbacks ['neutron.services.segments.db._update_segment_host_mapping_for_agent-8762843649842'] for agent, after_update _notify_loop /usr/lib/python2.7/site-packages/neutron_lib/callbacks/manager.py:167
2018-06-29 02:32:31.172 27432 DEBUG neutron_lib.callbacks.manager [req-697a0c7e-5021-43ee-b399-4acffb7096f3 - - - - -] Notify callbacks ['neutron.services.segments.db._update_segment_host_mapping_for_agent-8762843649842'] for agent, after_update _notify_loop /usr/lib/python2.7/site-packages/neutron_lib/callbacks/manager.py:167
2018-06-29 02:32:38.089 27437 DEBUG neutron.db.agents_db [req-3e8dc846-6ae3-4534-9da7-9320beba195a - - - - -] Agent healthcheck: found 5 active agents agent_health_check /usr/lib/python2.7/site-packages/neutron/db/agents_db.py:281
2018-06-29 02:32:38.840 27430 DEBUG neutron_lib.callbacks.manager [req-025953fe-eda7-4a09-8cbd-20f72d706b48 - - - - -] Notify callbacks ['neutron.services.segments.db._update_segment_host_mapping_for_agent-8762843649842'] for agent, after_update _notify_loop /usr/lib/python2.7/site-packages/neutron_lib/callbacks/manager.py:167
2018-06-29 02:32:38.863 27427 DEBUG neutron_lib.callbacks.manager [req-386df493-ea4b-409e-895c-ef2862733991 - - - - -] Notify callbacks ['neutron.services.segments.db._update_segment_host_mapping_for_agent-8762843649842'] for agent, after_update _notify_loop /usr/lib/python2.7/site-packages/neutron_lib/callbacks/manager.py:167
2018-06-29 02:32:38.898 27431 DEBUG neutron_lib.callbacks.manager [req-9fa10846-e87a-401b-a148-6dd8bd9eb301 - - - - -] Notify callbacks ['neutron.services.segments.db._update_segment_host_mapping_for_agent-8762843649842'] for agent, after_update _notify_loop /usr/lib/python2.7/site-packages/neutron_lib/callbacks/manager.py:167
2018-06-29 02:32:40.105 27429 DEBUG neutron_lib.callbacks.manager [req-8f0bceaf-2e92-4556-8328-122754c98a16 - - - - -] Notify callbacks ['neutron.services.segments.db._update_segment_host_mapping_for_agent-8762843649842'] for agent, after_update _notify_loop /usr/lib/python2.7/site-packages/neutron_lib/callbacks/manager.py:167
2018-06-29 02:33:01.177 27433 DEBUG neutron_lib.callbacks.manager [req-697a0c7e-5021-43ee-b399-4acffb7096f3 - - - - -] Notify callbacks ['neutron.services.segments.db._update_segment_host_mapping_for_agent-8762843649842'] for agent, after_update _notify_loop /usr/lib/python2.7/site-packages/neutron_lib/callbacks/manager.py:167
2018-06-29 02:33:03.758 27425 INFO neutron.wsgi [req-af0d994c-51b6-4ae0-b187-f2b286fa41a6 59f963f90a0940d0a0321d158c75bc86 6ce4dd91709c441d9f1b40034ea03af4 - default default] 10.0.20.21 "GET /v2.0/ports?tenant_id=f4a570c942f04ee3b556f3e6756b5a50&device_id=fbe9921b-01af-42ef-a506-f7a67f25f76a HTTP/1.1" status: 200  len: 1125 time: 0.1439738
2018-06-29 02:33:04.033 27425 DEBUG neutron.pecan_wsgi.hooks.policy_enforcement [req-927449ad-37e0-4244-8505-5fdbf89a2198 59f963f90a0940d0a0321d158c75bc86 6ce4dd91709c441d9f1b40034ea03af4 - default default] Attributes excluded by policy engine: [u'vlan_transparent'] _exclude_attributes_by_policy /usr/lib/python2.7/site-packages/neutron/pecan_wsgi/hooks/policy_enforcement.py:256
2018-06-29 02:33:04.036 27425 INFO neutron.wsgi [req-927449ad-37e0-4244-8505-5fdbf89a2198 59f963f90a0940d0a0321d158c75bc86 6ce4dd91709c441d9f1b40034ea03af4 - default default] 10.0.20.21 "GET /v2.0/networks?id=65a63b5d-4ab6-4a89-8fc5-4ab4c578efe5 HTTP/1.1" status: 200  len: 888 time: 0.2715991
2018-06-29 02:33:04.089 27425 INFO neutron.wsgi [req-1df0e6b1-e3ee-49b7-aa1e-6208b67d6562 59f963f90a0940d0a0321d158c75bc86 6ce4dd91709c441d9f1b40034ea03af4 - default default] 10.0.20.21 "GET /v2.0/floatingips?fixed_ip_address=172.24.4.11&port_id=de636301-2b4d-4580-966c-2174f43d6448 HTTP/1.1" status: 200  len: 217 time: 0.0444090
2018-06-29 02:33:04.269 27425 DEBUG neutron.pecan_wsgi.hooks.policy_enforcement [req-1f69410b-8d21-4f06-86f4-35538c8e944f 59f963f90a0940d0a0321d158c75bc86 6ce4dd91709c441d9f1b40034ea03af4 - default default] Attributes excluded by policy engine: [u'shared'] _exclude_attributes_by_policy /usr/lib/python2.7/site-packages/neutron/pecan_wsgi/hooks/policy_enforcement.py:256
2018-06-29 02:33:04.274 27425 INFO neutron.wsgi [req-1f69410b-8d21-4f06-86f4-35538c8e944f 59f963f90a0940d0a0321d158c75bc86 6ce4dd91709c441d9f1b40034ea03af4 - default default] 10.0.20.21 "GET /v2.0/subnets?id=0db29b77-dce9-468d-9f4c-d777953f217f HTTP/1.1" status: 200  len: 819 time: 0.1771390
2018-06-29 02:33:04.359 27425 INFO neutron.wsgi [req-2f3e36b0-4c53-49a6-ae4d-ac763084c91e 59f963f90a0940d0a0321d158c75bc86 6ce4dd91709c441d9f1b40034ea03af4 - default default] 10.0.20.21 "GET /v2.0/ports?network_id=65a63b5d-4ab6-4a89-8fc5-4ab4c578efe5&device_owner=network%3Adhcp HTTP/1.1" status: 200  len: 210 time: 0.0757730
2018-06-29 02:33:07.207 27422 INFO neutron.wsgi [req-c931ff9d-51d1-47d5-9ec3-a99593253810 f6205f2f3fa0425fb86221f8569964cf 6aaf08df8f1e4ef4a06883ae6d6b61c2 - fbf5c05d490d4496974ddd3f305d016e fbf5c05d490d4496974ddd3f305d016e] 10.0.20.21 "GET /v2.0/ports?device_id=f8d8b45d-f7e4-4df9-955b-9e526258d989 HTTP/1.1" status: 200  len: 1123 time: 0.6045971
2018-06-29 02:33:07.312 27422 INFO neutron.wsgi [req-1a3f9841-289e-4f88-b80d-a15614898577 f6205f2f3fa0425fb86221f8569964cf 6aaf08df8f1e4ef4a06883ae6d6b61c2 - fbf5c05d490d4496974ddd3f305d016e fbf5c05d490d4496974ddd3f305d016e] 10.0.20.21 "GET /v2.0/security-groups?id=b9f9affd-c354-4ac6-a622-78ba61bff3aa HTTP/1.1" status: 200  len: 2118 time: 0.0982602
2018-06-29 02:33:08.130 27425 INFO neutron.wsgi [req-fa7e124f-5728-4d51-9537-dd6cc9de4a68 59f963f90a0940d0a0321d158c75bc86 6ce4dd91709c441d9f1b40034ea03af4 - default default] 10.0.20.21 "GET /v2.0/ports?tenant_id=6aaf08df8f1e4ef4a06883ae6d6b61c2&device_id=f8d8b45d-f7e4-4df9-955b-9e526258d989 HTTP/1.1" status: 200  len: 1123 time: 0.2099938
2018-06-29 02:33:08.326 27425 DEBUG neutron.pecan_wsgi.hooks.policy_enforcement [req-b550d63f-7709-444c-9268-2381f823b908 59f963f90a0940d0a0321d158c75bc86 6ce4dd91709c441d9f1b40034ea03af4 - default default] Attributes excluded by policy engine: [u'vlan_transparent'] _exclude_attributes_by_policy /usr/lib/python2.7/site-packages/neutron/pecan_wsgi/hooks/policy_enforcement.py:256
2018-06-29 02:33:08.328 27425 INFO neutron.wsgi [req-b550d63f-7709-444c-9268-2381f823b908 59f963f90a0940d0a0321d158c75bc86 6ce4dd91709c441d9f1b40034ea03af4 - default default] 10.0.20.21 "GET /v2.0/networks?id=2273416b-ee4d-41d1-8a31-f9ad810318e3 HTTP/1.1" status: 200  len: 885 time: 0.1874552
2018-06-29 02:33:08.376 27425 INFO neutron.wsgi [req-4018a7a9-c520-43b2-8307-750e9c496081 59f963f90a0940d0a0321d158c75bc86 6ce4dd91709c441d9f1b40034ea03af4 - default default] 10.0.20.21 "GET /v2.0/floatingips?fixed_ip_address=11.35.1.6&port_id=eaac9b44-8bd8-4100-aad1-ad7c18a7ce21 HTTP/1.1" status: 200  len: 750 time: 0.0398140
2018-06-29 02:33:08.489 27425 DEBUG neutron.pecan_wsgi.hooks.policy_enforcement [req-a727ac2e-b0d6-4560-a711-a08438028fd7 59f963f90a0940d0a0321d158c75bc86 6ce4dd91709c441d9f1b40034ea03af4 - default default] Attributes excluded by policy engine: [u'shared'] _exclude_attributes_by_policy /usr/lib/python2.7/site-packages/neutron/pecan_wsgi/hooks/policy_enforcement.py:256
2018-06-29 02:33:08.492 27425 INFO neutron.wsgi [req-a727ac2e-b0d6-4560-a711-a08438028fd7 59f963f90a0940d0a0321d158c75bc86 6ce4dd91709c441d9f1b40034ea03af4 - default default] 10.0.20.21 "GET /v2.0/subnets?id=60e5c129-0b2e-45c4-95bb-87514588a94a HTTP/1.1" status: 200  len: 843 time: 0.1089458
2018-06-29 02:33:08.625 27425 INFO neutron.wsgi [req-e9118639-d9ea-411f-940c-b3be02287317 59f963f90a0940d0a0321d158c75bc86 6ce4dd91709c441d9f1b40034ea03af4 - default default] 10.0.20.21 "GET /v2.0/ports?network_id=2273416b-ee4d-41d1-8a31-f9ad810318e3&device_owner=network%3Adhcp HTTP/1.1" status: 200  len: 1127 time: 0.1279159
2018-06-29 02:33:08.833 27435 DEBUG neutron_lib.callbacks.manager [req-32ec0fe2-00ad-4bf4-9898-5d5a3f90ac18 - - - - -] Notify callbacks ['neutron.services.segments.db._update_segment_host_mapping_for_agent-8762843649842'] for agent, after_update _notify_loop /usr/lib/python2.7/site-packages/neutron_lib/callbacks/manager.py:167
2018-06-29 02:33:08.869 27434 DEBUG neutron_lib.callbacks.manager [req-386df493-ea4b-409e-895c-ef2862733991 - - - - -] Notify callbacks ['neutron.services.segments.db._update_segment_host_mapping_for_agent-8762843649842'] for agent, after_update _notify_loop /usr/lib/python2.7/site-packages/neutron_lib/callbacks/manager.py:167
2018-06-29 02:33:08.902 27428 DEBUG neutron_lib.callbacks.manager [req-9fa10846-e87a-401b-a148-6dd8bd9eb301 - - - - -] Notify callbacks ['neutron.services.segments.db._update_segment_host_mapping_for_agent-8762843649842'] for agent, after_update _notify_loop /usr/lib/python2.7/site-packages/neutron_lib/callbacks/manager.py:167
2018-06-29 02:33:10.091 27432 DEBUG neutron_lib.callbacks.manager [req-a4395746-ee1d-4f9c-8703-5baee11f566d - - - - -] Notify callbacks ['neutron.services.segments.db._update_segment_host_mapping_for_agent-8762843649842'] for agent, after_update _notify_loop /usr/lib/python2.7/site-packages/neutron_lib/callbacks/manager.py:167
2018-06-29 02:33:10.885 27428 DEBUG neutron.plugins.ml2.rpc [req-697a0c7e-5021-43ee-b399-4acffb7096f3 - - - - -] Device eaac9b44-8bd8-4100-aad1-ad7c18a7ce21 no longer exists at agent ovs-agent-localhost.localdomain update_device_down /usr/lib/python2.7/site-packages/neutron/plugins/ml2/rpc.py:213
2018-06-29 02:33:11.100 27428 DEBUG neutron_lib.callbacks.manager [req-697a0c7e-5021-43ee-b399-4acffb7096f3 - - - - -] Notify callbacks ['neutron.plugins.ml2.plugin.Ml2Plugin._ensure_default_security_group_handler--9223372036854071976'] for port, before_update _notify_loop /usr/lib/python2.7/site-packages/neutron_lib/callbacks/manager.py:167
2018-06-29 02:33:11.168 27428 DEBUG oslo_concurrency.lockutils [-] Lock "notifier-b38374e0-c0c9-4fe4-83d3-5c2fbcf873d6" acquired by "neutron.notifiers.batch_notifier.synced_send" :: waited 0.000s inner /usr/lib/python2.7/site-packages/oslo_concurrency/lockutils.py:270
2018-06-29 02:33:11.169 27428 DEBUG neutron.notifiers.nova [-] Sending events: [{'status': 'completed', 'tag': u'eaac9b44-8bd8-4100-aad1-ad7c18a7ce21', 'name': 'network-vif-unplugged', 'server_uuid': u'f8d8b45d-f7e4-4df9-955b-9e526258d989'}] send_events /usr/lib/python2.7/site-packages/neutron/notifiers/nova.py:242
2018-06-29 02:33:11.176 27428 DEBUG novaclient.v2.client [-] REQ: curl -g -i -X POST http://10.0.20.21:8774/v2.1/6ce4dd91709c441d9f1b40034ea03af4/os-server-external-events -H "User-Agent: python-novaclient" -H "Content-Type: application/json" -H "Accept: application/json" -H "X-OpenStack-Nova-API-Version: 2.1" -H "X-Auth-Token: {SHA1}3091e1f6bc49b6a671fd1cf7c07e8e5c9ae89be1" -d '{"events": [{"status": "completed", "tag": "eaac9b44-8bd8-4100-aad1-ad7c18a7ce21", "name": "network-vif-unplugged", "server_uuid": "f8d8b45d-f7e4-4df9-955b-9e526258d989"}]}' _http_log_request /usr/lib/python2.7/site-packages/keystoneauth1/session.py:375
2018-06-29 02:33:11.182 27428 DEBUG neutron.plugins.ml2.db [req-697a0c7e-5021-43ee-b399-4acffb7096f3 - - - - -] For port eaac9b44-8bd8-4100-aad1-ad7c18a7ce21, host localhost.localdomain, got binding levels [<neutron.plugins.ml2.models.PortBindingLevel[object at 7f8421c0bed0] {port_id=u'eaac9b44-8bd8-4100-aad1-ad7c18a7ce21', host=u'localhost.localdomain', level=0, driver=u'openvswitch', segment_id=u'ca78d119-6076-40fa-b865-e80b357c74cf'}>] get_binding_levels /usr/lib/python2.7/site-packages/neutron/plugins/ml2/db.py:106
2018-06-29 02:33:11.245 27428 DEBUG neutron_lib.callbacks.manager [req-697a0c7e-5021-43ee-b399-4acffb7096f3 - - - - -] Notify callbacks ['neutron.db.l3_dvrscheduler_db._notify_l3_agent_port_update--9223363274011489103', 'neutron.plugins.ml2.ovo_rpc._ObjectChangeHandler.handle_event-1588570', 'neutron.api.rpc.agentnotifiers.dhcp_rpc_agent_api.DhcpAgentNotifyAPI._native_event_send_dhcp_notification-1724911', 'neutron.plugins.ml2.plugin.Ml2Plugin.notify_sg_on_port_change-703973', 'neutron.db.l3_hascheduler_db._notify_l3_agent_ha_port_update-8762843287557'] for port, after_update _notify_loop /usr/lib/python2.7/site-packages/neutron_lib/callbacks/manager.py:167
2018-06-29 02:33:11.259 27428 DEBUG oslo_concurrency.lockutils [-] Lock "event-dispatch" acquired by "neutron.plugins.ml2.ovo_rpc.dispatch_events" :: waited 0.000s inner /usr/lib/python2.7/site-packages/oslo_concurrency/lockutils.py:270
2018-06-29 02:33:11.315 27428 DEBUG novaclient.v2.client [-] RESP: [200] Content-Length: 185 Content-Type: application/json Openstack-Api-Version: compute 2.1 X-Openstack-Nova-Api-Version: 2.1 Vary: OpenStack-API-Version, X-OpenStack-Nova-API-Version X-Openstack-Request-Id: req-22c8580a-9a05-4c15-8a2a-b1a7abcb08ee X-Compute-Request-Id: req-22c8580a-9a05-4c15-8a2a-b1a7abcb08ee Date: Fri, 29 Jun 2018 00:33:11 GMT Connection: keep-alive 
RESP BODY: {"events": [{"status": "completed", "tag": "eaac9b44-8bd8-4100-aad1-ad7c18a7ce21", "name": "network-vif-unplugged", "server_uuid": "f8d8b45d-f7e4-4df9-955b-9e526258d989", "code": 200}]}
 _http_log_response /usr/lib/python2.7/site-packages/keystoneauth1/session.py:423
2018-06-29 02:33:11.316 27428 DEBUG novaclient.v2.client [-] POST call to compute for http://10.0.20.21:8774/v2.1/6ce4dd91709c441d9f1b40034ea03af4/os-server-external-events used request id req-22c8580a-9a05-4c15-8a2a-b1a7abcb08ee request /usr/lib/python2.7/site-packages/keystoneauth1/session.py:727
2018-06-29 02:33:11.347 27428 INFO neutron.notifiers.nova [-] Nova event response: {u'status': u'completed', u'tag': u'eaac9b44-8bd8-4100-aad1-ad7c18a7ce21', u'name': u'network-vif-unplugged', u'server_uuid': u'f8d8b45d-f7e4-4df9-955b-9e526258d989', u'code': 200}
2018-06-29 02:33:12.057 27428 DEBUG neutron.api.rpc.handlers.resources_rpc [req-697a0c7e-5021-43ee-b399-4acffb7096f3 - - - - -] neutron.api.rpc.handlers.resources_rpc.ResourcesPushRpcApi method push called with arguments (<neutron_lib.context.Context object at 0x7f8421b6fed0>, [Port(admin_state_up=True,allowed_address_pairs=[],binding=PortBinding,binding_levels=[PortBindingLevel],created_at=2018-06-29T00:28:01Z,data_plane_status=<?>,description='',device_id='f8d8b45d-f7e4-4df9-955b-9e526258d989',device_owner='compute:nova',dhcp_options=[],distributed_binding=None,dns=None,fixed_ips=[IPAllocation],id=eaac9b44-8bd8-4100-aad1-ad7c18a7ce21,mac_address=fa:16:3e:61:61:4e,name='',network_id=2273416b-ee4d-41d1-8a31-f9ad810318e3,project_id='6aaf08df8f1e4ef4a06883ae6d6b61c2',qos_policy_id=None,revision_number=7,security=PortSecurity(eaac9b44-8bd8-4100-aad1-ad7c18a7ce21),security_group_ids=set([b9f9affd-c354-4ac6-a622-78ba61bff3aa]),status='DOWN',updated_at=2018-06-29T00:33:11Z)], 'updated') {} wrapper /usr/lib/python2.7/site-packages/oslo_log/helpers.py:66
2018-06-29 02:33:12.068 27428 DEBUG neutron.api.rpc.callbacks.version_manager [req-697a0c7e-5021-43ee-b399-4acffb7096f3 - - - - -] Version for resource type Subnet changed None to 1.0 on consumer Open vSwitch agent@localhost.localdomain _set_version /usr/lib/python2.7/site-packages/neutron/api/rpc/callbacks/version_manager.py:119
2018-06-29 02:33:12.069 27428 DEBUG neutron.api.rpc.callbacks.version_manager [req-697a0c7e-5021-43ee-b399-4acffb7096f3 - - - - -] Version for resource type Network changed None to 1.0 on consumer Open vSwitch agent@localhost.localdomain _set_version /usr/lib/python2.7/site-packages/neutron/api/rpc/callbacks/version_manager.py:119
2018-06-29 02:33:12.069 27428 DEBUG neutron.api.rpc.callbacks.version_manager [req-697a0c7e-5021-43ee-b399-4acffb7096f3 - - - - -] Version for resource type SubPort changed None to 1.0 on consumer Open vSwitch agent@localhost.localdomain _set_version /usr/lib/python2.7/site-packages/neutron/api/rpc/callbacks/version_manager.py:119
2018-06-29 02:33:12.070 27428 DEBUG neutron.api.rpc.callbacks.version_manager [req-697a0c7e-5021-43ee-b399-4acffb7096f3 - - - - -] Version for resource type SecurityGroup changed None to 1.0 on consumer Open vSwitch agent@localhost.localdomain _set_version /usr/lib/python2.7/site-packages/neutron/api/rpc/callbacks/version_manager.py:119
2018-06-29 02:33:12.071 27428 DEBUG neutron.api.rpc.callbacks.version_manager [req-697a0c7e-5021-43ee-b399-4acffb7096f3 - - - - -] Version for resource type SecurityGroupRule changed None to 1.0 on consumer Open vSwitch agent@localhost.localdomain _set_version /usr/lib/python2.7/site-packages/neutron/api/rpc/callbacks/version_manager.py:119
2018-06-29 02:33:12.071 27428 DEBUG neutron.api.rpc.callbacks.version_manager [req-697a0c7e-5021-43ee-b399-4acffb7096f3 - - - - -] Version for resource type Trunk changed None to 1.1 on consumer Open vSwitch agent@localhost.localdomain _set_version /usr/lib/python2.7/site-packages/neutron/api/rpc/callbacks/version_manager.py:119
2018-06-29 02:33:12.072 27428 DEBUG neutron.api.rpc.callbacks.version_manager [req-697a0c7e-5021-43ee-b399-4acffb7096f3 - - - - -] Version for resource type QosPolicy changed None to 1.6 on consumer Open vSwitch agent@localhost.localdomain _set_version /usr/lib/python2.7/site-packages/neutron/api/rpc/callbacks/version_manager.py:119
2018-06-29 02:33:12.072 27428 DEBUG neutron.api.rpc.callbacks.version_manager [req-697a0c7e-5021-43ee-b399-4acffb7096f3 - - - - -] Version for resource type Port changed None to 1.1 on consumer Open vSwitch agent@localhost.localdomain _set_version /usr/lib/python2.7/site-packages/neutron/api/rpc/callbacks/version_manager.py:119
2018-06-29 02:33:12.073 27428 DEBUG neutron.api.rpc.callbacks.version_manager [req-697a0c7e-5021-43ee-b399-4acffb7096f3 - - - - -] Version for resource type Log changed None to 1.0 on consumer Open vSwitch agent@localhost.localdomain _set_version /usr/lib/python2.7/site-packages/neutron/api/rpc/callbacks/version_manager.py:119
