2018-07-03 15:00:40.088 14728 INFO neutron.wsgi [req-b76b512c-08f2-4f58-bc22-7f2f5e1ae7d1 41f81b51431f44bd96d368d9b49cd4bd 688c18a1c85f4751b329806136ced2ee - default default] 10.0.20.22 "GET /v2.0/networks/public HTTP/1.1" status: 404  len: 314 time: 0.7325220
2018-07-03 15:00:40.415 14728 DEBUG neutron.pecan_wsgi.hooks.policy_enforcement [req-9811d309-4bd0-496c-95c7-df16cc04c2b0 41f81b51431f44bd96d368d9b49cd4bd 688c18a1c85f4751b329806136ced2ee - default default] Attributes excluded by policy engine: [u'vlan_transparent'] _exclude_attributes_by_policy /usr/lib/python2.7/site-packages/neutron/pecan_wsgi/hooks/policy_enforcement.py:256
2018-07-03 15:00:40.416 14728 DEBUG neutron.pecan_wsgi.hooks.policy_enforcement [req-9811d309-4bd0-496c-95c7-df16cc04c2b0 41f81b51431f44bd96d368d9b49cd4bd 688c18a1c85f4751b329806136ced2ee - default default] Attributes excluded by policy engine: [u'vlan_transparent'] _exclude_attributes_by_policy /usr/lib/python2.7/site-packages/neutron/pecan_wsgi/hooks/policy_enforcement.py:256
2018-07-03 15:00:40.417 14728 DEBUG neutron.pecan_wsgi.hooks.policy_enforcement [req-9811d309-4bd0-496c-95c7-df16cc04c2b0 41f81b51431f44bd96d368d9b49cd4bd 688c18a1c85f4751b329806136ced2ee - default default] Attributes excluded by policy engine: [u'vlan_transparent'] _exclude_attributes_by_policy /usr/lib/python2.7/site-packages/neutron/pecan_wsgi/hooks/policy_enforcement.py:256
2018-07-03 15:00:40.419 14728 INFO neutron.wsgi [req-9811d309-4bd0-496c-95c7-df16cc04c2b0 41f81b51431f44bd96d368d9b49cd4bd 688c18a1c85f4751b329806136ced2ee - default default] 10.0.20.22 "GET /v2.0/networks HTTP/1.1" status: 200  len: 2214 time: 0.3235381
2018-07-03 15:00:41.099 14728 DEBUG neutron.api.v2.base [req-68d72685-ee1d-4eef-b678-37f8cd086846 41f81b51431f44bd96d368d9b49cd4bd 688c18a1c85f4751b329806136ced2ee - default default] Request body: {u'floatingip': {u'floating_network_id': u'2ce34dd7-df32-4a77-980f-3c1215fa4847', u'tenant_id': u'5ff27f14b1eb4aaf9172fe06107c3557'}} prepare_request_body /usr/lib/python2.7/site-packages/neutron/api/v2/base.py:695
2018-07-03 15:00:41.130 14728 DEBUG neutron.db.quota.driver [req-68d72685-ee1d-4eef-b678-37f8cd086846 41f81b51431f44bd96d368d9b49cd4bd 688c18a1c85f4751b329806136ced2ee - default default] Resources subnetpool have unlimited quota limit. It is not required to calculate headroom  make_reservation /usr/lib/python2.7/site-packages/neutron/db/quota/driver.py:223
2018-07-03 15:00:41.148 14728 DEBUG neutron.quota.resource [req-68d72685-ee1d-4eef-b678-37f8cd086846 41f81b51431f44bd96d368d9b49cd4bd 688c18a1c85f4751b329806136ced2ee - default default] Usage tracker for resource:floatingip and tenant:5ff27f14b1eb4aaf9172fe06107c3557 is out of sync, need to count used quota count_used /usr/lib/python2.7/site-packages/neutron/quota/resource.py:274
2018-07-03 15:00:41.164 14728 DEBUG neutron.quota.resource [req-68d72685-ee1d-4eef-b678-37f8cd086846 41f81b51431f44bd96d368d9b49cd4bd 688c18a1c85f4751b329806136ced2ee - default default] Quota usage for floatingip was recalculated. Used quota:0. count_used /usr/lib/python2.7/site-packages/neutron/quota/resource.py:293
2018-07-03 15:00:41.180 14728 DEBUG neutron.db.quota.driver [req-68d72685-ee1d-4eef-b678-37f8cd086846 41f81b51431f44bd96d368d9b49cd4bd 688c18a1c85f4751b329806136ced2ee - default default] Attempting to reserve 1 items for resource floatingip. Total usage: 0; quota limit: 50; headroom:50 make_reservation /usr/lib/python2.7/site-packages/neutron/db/quota/driver.py:255
2018-07-03 15:00:41.569 14728 DEBUG neutron_lib.callbacks.manager [req-68d72685-ee1d-4eef-b678-37f8cd086846 41f81b51431f44bd96d368d9b49cd4bd 688c18a1c85f4751b329806136ced2ee - default default] Notify callbacks ['neutron.plugins.ml2.plugin.Ml2Plugin._ensure_default_security_group_handler--9223372036854385048'] for port, before_create _notify_loop /usr/lib/python2.7/site-packages/neutron_lib/callbacks/manager.py:167
2018-07-03 15:00:42.302 14728 DEBUG neutron.db.db_base_plugin_common [req-68d72685-ee1d-4eef-b678-37f8cd086846 41f81b51431f44bd96d368d9b49cd4bd 688c18a1c85f4751b329806136ced2ee - default default] Allocated IP 172.24.4.15 (2ce34dd7-df32-4a77-980f-3c1215fa4847/482aeca8-a24a-4c41-a222-a086cb79ba31/58e682dc-5590-45a2-85b0-63d70ef4390d) _store_ip_allocation /usr/lib/python2.7/site-packages/neutron/db/db_base_plugin_common.py:122
2018-07-03 15:00:42.701 14728 DEBUG neutron_lib.callbacks.manager [req-68d72685-ee1d-4eef-b678-37f8cd086846 41f81b51431f44bd96d368d9b49cd4bd 688c18a1c85f4751b329806136ced2ee - default default] Notify callbacks [] for port, precommit_create _notify_loop /usr/lib/python2.7/site-packages/neutron_lib/callbacks/manager.py:167
2018-07-03 15:00:42.805 14728 DEBUG neutron_lib.callbacks.manager [req-68d72685-ee1d-4eef-b678-37f8cd086846 41f81b51431f44bd96d368d9b49cd4bd 688c18a1c85f4751b329806136ced2ee - default default] Notify callbacks ['neutron.api.rpc.agentnotifiers.dhcp_rpc_agent_api.DhcpAgentNotifyAPI._native_event_send_dhcp_notification-1469983', 'neutron.plugins.ml2.plugin.Ml2Plugin.notify_sg_on_port_change-390869', 'neutron.db.l3_dvrscheduler_db._notify_l3_agent_new_port--9223363260669110622', 'neutron.plugins.ml2.ovo_rpc._ObjectChangeHandler.handle_event-1625126'] for port, after_create _notify_loop /usr/lib/python2.7/site-packages/neutron_lib/callbacks/manager.py:167
2018-07-03 15:00:43.481 14728 DEBUG neutron.scheduler.dhcp_agent_scheduler [req-68d72685-ee1d-4eef-b678-37f8cd086846 41f81b51431f44bd96d368d9b49cd4bd 688c18a1c85f4751b329806136ced2ee - default default] Network 2ce34dd7-df32-4a77-980f-3c1215fa4847 is already hosted by enough agents. _get_dhcp_agents_hosting_network /usr/lib/python2.7/site-packages/neutron/scheduler/dhcp_agent_scheduler.py:243
2018-07-03 15:00:43.569 14728 DEBUG neutron.db.l3_dvrscheduler_db [req-68d72685-ee1d-4eef-b678-37f8cd086846 41f81b51431f44bd96d368d9b49cd4bd 688c18a1c85f4751b329806136ced2ee - default default] Received port after_create _notify_l3_agent_new_port /usr/lib/python2.7/site-packages/neutron/db/l3_dvrscheduler_db.py:392
2018-07-03 15:00:43.578 14728 DEBUG oslo_concurrency.lockutils [-] Lock "event-dispatch" acquired by "neutron.plugins.ml2.ovo_rpc.dispatch_events" :: waited 0.002s inner /usr/lib/python2.7/site-packages/oslo_concurrency/lockutils.py:270
2018-07-03 15:00:43.682 14728 DEBUG neutron.api.rpc.handlers.resources_rpc [req-68d72685-ee1d-4eef-b678-37f8cd086846 41f81b51431f44bd96d368d9b49cd4bd 688c18a1c85f4751b329806136ced2ee - - -] neutron.api.rpc.handlers.resources_rpc.ResourcesPushRpcApi method push called with arguments (<neutron_lib.context.Context object at 0x7fb5d64abb10>, [Port(admin_state_up=True,allowed_address_pairs=[],binding=PortBinding,binding_levels=[],created_at=2018-07-03T13:00:41Z,data_plane_status=<?>,description='',device_id='PENDING',device_owner='network:floatingip',dhcp_options=[],distributed_binding=None,dns=None,fixed_ips=[IPAllocation],id=58e682dc-5590-45a2-85b0-63d70ef4390d,mac_address=fa:16:3e:91:31:15,name='',network_id=2ce34dd7-df32-4a77-980f-3c1215fa4847,project_id='',qos_policy_id=None,revision_number=3,security=PortSecurity(58e682dc-5590-45a2-85b0-63d70ef4390d),security_group_ids=set([]),status='N/A',updated_at=2018-07-03T13:00:42Z)], 'updated') {} wrapper /usr/lib/python2.7/site-packages/oslo_log/helpers.py:66
2018-07-03 15:00:43.742 14728 DEBUG neutron.api.rpc.callbacks.version_manager [req-68d72685-ee1d-4eef-b678-37f8cd086846 41f81b51431f44bd96d368d9b49cd4bd 688c18a1c85f4751b329806136ced2ee - - -] Version for resource type Subnet changed None to 1.0 on consumer Open vSwitch agent@localhost.localdomain _set_version /usr/lib/python2.7/site-packages/neutron/api/rpc/callbacks/version_manager.py:119
2018-07-03 15:00:43.742 14728 DEBUG neutron.api.rpc.callbacks.version_manager [req-68d72685-ee1d-4eef-b678-37f8cd086846 41f81b51431f44bd96d368d9b49cd4bd 688c18a1c85f4751b329806136ced2ee - - -] Version for resource type Network changed None to 1.0 on consumer Open vSwitch agent@localhost.localdomain _set_version /usr/lib/python2.7/site-packages/neutron/api/rpc/callbacks/version_manager.py:119
2018-07-03 15:00:43.743 14728 DEBUG neutron.api.rpc.callbacks.version_manager [req-68d72685-ee1d-4eef-b678-37f8cd086846 41f81b51431f44bd96d368d9b49cd4bd 688c18a1c85f4751b329806136ced2ee - - -] Version for resource type SubPort changed None to 1.0 on consumer Open vSwitch agent@localhost.localdomain _set_version /usr/lib/python2.7/site-packages/neutron/api/rpc/callbacks/version_manager.py:119
2018-07-03 15:00:43.743 14728 DEBUG neutron.api.rpc.callbacks.version_manager [req-68d72685-ee1d-4eef-b678-37f8cd086846 41f81b51431f44bd96d368d9b49cd4bd 688c18a1c85f4751b329806136ced2ee - - -] Version for resource type SecurityGroup changed None to 1.0 on consumer Open vSwitch agent@localhost.localdomain _set_version /usr/lib/python2.7/site-packages/neutron/api/rpc/callbacks/version_manager.py:119
2018-07-03 15:00:43.744 14728 DEBUG neutron.api.rpc.callbacks.version_manager [req-68d72685-ee1d-4eef-b678-37f8cd086846 41f81b51431f44bd96d368d9b49cd4bd 688c18a1c85f4751b329806136ced2ee - - -] Version for resource type SecurityGroupRule changed None to 1.0 on consumer Open vSwitch agent@localhost.localdomain _set_version /usr/lib/python2.7/site-packages/neutron/api/rpc/callbacks/version_manager.py:119
2018-07-03 15:00:43.744 14728 DEBUG neutron.api.rpc.callbacks.version_manager [req-68d72685-ee1d-4eef-b678-37f8cd086846 41f81b51431f44bd96d368d9b49cd4bd 688c18a1c85f4751b329806136ced2ee - - -] Version for resource type Trunk changed None to 1.1 on consumer Open vSwitch agent@localhost.localdomain _set_version /usr/lib/python2.7/site-packages/neutron/api/rpc/callbacks/version_manager.py:119
2018-07-03 15:00:43.744 14728 DEBUG neutron.api.rpc.callbacks.version_manager [req-68d72685-ee1d-4eef-b678-37f8cd086846 41f81b51431f44bd96d368d9b49cd4bd 688c18a1c85f4751b329806136ced2ee - - -] Version for resource type QosPolicy changed None to 1.6 on consumer Open vSwitch agent@localhost.localdomain _set_version /usr/lib/python2.7/site-packages/neutron/api/rpc/callbacks/version_manager.py:119
2018-07-03 15:00:43.745 14728 DEBUG neutron.api.rpc.callbacks.version_manager [req-68d72685-ee1d-4eef-b678-37f8cd086846 41f81b51431f44bd96d368d9b49cd4bd 688c18a1c85f4751b329806136ced2ee - - -] Version for resource type Port changed None to 1.1 on consumer Open vSwitch agent@localhost.localdomain _set_version /usr/lib/python2.7/site-packages/neutron/api/rpc/callbacks/version_manager.py:119
2018-07-03 15:00:43.745 14728 DEBUG neutron.api.rpc.callbacks.version_manager [req-68d72685-ee1d-4eef-b678-37f8cd086846 41f81b51431f44bd96d368d9b49cd4bd 688c18a1c85f4751b329806136ced2ee - - -] Version for resource type Log changed None to 1.0 on consumer Open vSwitch agent@localhost.localdomain _set_version /usr/lib/python2.7/site-packages/neutron/api/rpc/callbacks/version_manager.py:119
2018-07-03 15:00:43.793 14728 DEBUG oslo_concurrency.lockutils [req-68d72685-ee1d-4eef-b678-37f8cd086846 41f81b51431f44bd96d368d9b49cd4bd 688c18a1c85f4751b329806136ced2ee - - -] Lock "event-dispatch" released by "neutron.plugins.ml2.ovo_rpc.dispatch_events" :: held 0.215s inner /usr/lib/python2.7/site-packages/oslo_concurrency/lockutils.py:282
2018-07-03 15:00:43.809 14728 DEBUG neutron_lib.callbacks.manager [req-68d72685-ee1d-4eef-b678-37f8cd086846 41f81b51431f44bd96d368d9b49cd4bd 688c18a1c85f4751b329806136ced2ee - default default] Notify callbacks ['neutron.plugins.ml2.plugin.Ml2Plugin._ensure_default_security_group_handler--9223372036854385048'] for port, before_update _notify_loop /usr/lib/python2.7/site-packages/neutron_lib/callbacks/manager.py:167
2018-07-03 15:00:45.310 14728 DEBUG neutron_lib.callbacks.manager [req-68d72685-ee1d-4eef-b678-37f8cd086846 41f81b51431f44bd96d368d9b49cd4bd 688c18a1c85f4751b329806136ced2ee - default default] Notify callbacks [] for port, precommit_update _notify_loop /usr/lib/python2.7/site-packages/neutron_lib/callbacks/manager.py:167
2018-07-03 15:00:45.411 14728 DEBUG neutron_lib.callbacks.manager [req-68d72685-ee1d-4eef-b678-37f8cd086846 41f81b51431f44bd96d368d9b49cd4bd 688c18a1c85f4751b329806136ced2ee - default default] Notify callbacks ['neutron.api.rpc.agentnotifiers.dhcp_rpc_agent_api.DhcpAgentNotifyAPI._native_event_send_dhcp_notification-1469983', 'neutron.plugins.ml2.plugin.Ml2Plugin.notify_sg_on_port_change-390869', 'neutron.db.l3_hascheduler_db._notify_l3_agent_ha_port_update-8776185665541', 'neutron.db.l3_dvrscheduler_db._notify_l3_agent_port_update--9223363260669110607', 'neutron.plugins.ml2.ovo_rpc._ObjectChangeHandler.handle_event-1625126'] for port, after_update _notify_loop /usr/lib/python2.7/site-packages/neutron_lib/callbacks/manager.py:167
2018-07-03 15:00:45.862 14728 DEBUG neutron_lib.callbacks.manager [req-68d72685-ee1d-4eef-b678-37f8cd086846 41f81b51431f44bd96d368d9b49cd4bd 688c18a1c85f4751b329806136ced2ee - default default] Notify callbacks ['neutron.services.l3_router.l3_router_plugin.L3RouterPlugin._create_dvr_floating_gw_port-1576144'] for floatingip, after_update _notify_loop /usr/lib/python2.7/site-packages/neutron_lib/callbacks/manager.py:167
2018-07-03 15:00:45.894 14728 DEBUG oslo_concurrency.lockutils [-] Lock "event-dispatch" acquired by "neutron.plugins.ml2.ovo_rpc.dispatch_events" :: waited 0.000s inner /usr/lib/python2.7/site-packages/oslo_concurrency/lockutils.py:270
2018-07-03 15:00:46.010 14728 DEBUG neutron.quota.resource [req-68d72685-ee1d-4eef-b678-37f8cd086846 41f81b51431f44bd96d368d9b49cd4bd 688c18a1c85f4751b329806136ced2ee - default default] Persisted dirty status for tenant:5ff27f14b1eb4aaf9172fe06107c3557 on resource:floatingip mark_dirty /usr/lib/python2.7/site-packages/neutron/quota/resource.py:207
2018-07-03 15:00:46.015 14728 DEBUG neutron.quota.resource [req-68d72685-ee1d-4eef-b678-37f8cd086846 41f81b51431f44bd96d368d9b49cd4bd 688c18a1c85f4751b329806136ced2ee - default default] Persisted dirty status for tenant: on resource:port mark_dirty /usr/lib/python2.7/site-packages/neutron/quota/resource.py:207
2018-07-03 15:00:46.058 14728 DEBUG neutron_lib.callbacks.manager [req-68d72685-ee1d-4eef-b678-37f8cd086846 41f81b51431f44bd96d368d9b49cd4bd 688c18a1c85f4751b329806136ced2ee - default default] Notify callbacks ['neutron.notifiers.nova.Notifier._send_nova_notification--9223372036854770992'] for floatingip, before_response _notify_loop /usr/lib/python2.7/site-packages/neutron_lib/callbacks/manager.py:167
2018-07-03 15:00:46.065 14728 INFO neutron.wsgi [req-68d72685-ee1d-4eef-b678-37f8cd086846 41f81b51431f44bd96d368d9b49cd4bd 688c18a1c85f4751b329806136ced2ee - default default] 10.0.20.22 "POST /v2.0/floatingips HTTP/1.1" status: 201  len: 675 time: 5.0037692
2018-07-03 15:00:46.085 14728 DEBUG neutron.api.rpc.handlers.resources_rpc [req-68d72685-ee1d-4eef-b678-37f8cd086846 41f81b51431f44bd96d368d9b49cd4bd 688c18a1c85f4751b329806136ced2ee - - -] neutron.api.rpc.handlers.resources_rpc.ResourcesPushRpcApi method push called with arguments (<neutron_lib.context.Context object at 0x7fb5d5dcbbd0>, [Port(admin_state_up=True,allowed_address_pairs=[],binding=PortBinding,binding_levels=[],created_at=2018-07-03T13:00:41Z,data_plane_status=<?>,description='',device_id='6a37d936-697b-47ed-bd6c-e6d1fd83766e',device_owner='network:floatingip',dhcp_options=[],distributed_binding=None,dns=None,fixed_ips=[IPAllocation],id=58e682dc-5590-45a2-85b0-63d70ef4390d,mac_address=fa:16:3e:91:31:15,name='',network_id=2ce34dd7-df32-4a77-980f-3c1215fa4847,project_id='',qos_policy_id=None,revision_number=4,security=PortSecurity(58e682dc-5590-45a2-85b0-63d70ef4390d),security_group_ids=set([]),status='N/A',updated_at=2018-07-03T13:00:44Z)], 'updated') {} wrapper /usr/lib/python2.7/site-packages/oslo_log/helpers.py:66
2018-07-03 15:00:46.126 14728 DEBUG oslo_concurrency.lockutils [req-68d72685-ee1d-4eef-b678-37f8cd086846 41f81b51431f44bd96d368d9b49cd4bd 688c18a1c85f4751b329806136ced2ee - - -] Lock "event-dispatch" released by "neutron.plugins.ml2.ovo_rpc.dispatch_events" :: held 0.232s inner /usr/lib/python2.7/site-packages/oslo_concurrency/lockutils.py:282
2018-07-03 15:00:48.066 14745 DEBUG neutron_lib.callbacks.manager [req-e038251c-c312-4772-a51b-97da342774a7 - - - - -] Notify callbacks ['neutron.services.segments.db._update_segment_host_mapping_for_agent-8776186027314'] for agent, after_update _notify_loop /usr/lib/python2.7/site-packages/neutron_lib/callbacks/manager.py:167
2018-07-03 15:00:58.145 14728 INFO neutron.wsgi [req-1ac56df6-5133-4252-8891-1915adf2040e 1e4a3b3df0eb48a98ff649109b1dfc5e 5ff27f14b1eb4aaf9172fe06107c3557 - e98428933b8846458a11cfed5cc1b7ae e98428933b8846458a11cfed5cc1b7ae] 10.0.20.22 "GET /v2.0/ports?device_id=40c1f7c5-de49-4e97-9d8b-73b0307f066e HTTP/1.1" status: 200  len: 1124 time: 1.0178442
2018-07-03 15:00:58.255 14728 INFO neutron.wsgi [req-889fb486-1c3a-4aa6-be43-90b65f5785b9 1e4a3b3df0eb48a98ff649109b1dfc5e 5ff27f14b1eb4aaf9172fe06107c3557 - e98428933b8846458a11cfed5cc1b7ae e98428933b8846458a11cfed5cc1b7ae] 10.0.20.22 "GET /v2.0/security-groups?id=34045944-65fb-4fa2-9917-ee7bb970e1b5 HTTP/1.1" status: 200  len: 2118 time: 0.1044550
2018-07-03 15:00:58.555 14728 INFO neutron.wsgi [req-a1fc2923-b3c2-4982-920c-be2d559411ff 1e4a3b3df0eb48a98ff649109b1dfc5e 5ff27f14b1eb4aaf9172fe06107c3557 - e98428933b8846458a11cfed5cc1b7ae e98428933b8846458a11cfed5cc1b7ae] 10.0.20.22 "GET /v2.0/ports?device_owner=compute%3Anova&device_id=40c1f7c5-de49-4e97-9d8b-73b0307f066e HTTP/1.1" status: 200  len: 1124 time: 0.1477911
2018-07-03 15:00:58.616 14728 DEBUG neutron.quota.resource [req-883182f5-8d11-4a37-8517-9ba460cc482c 1e4a3b3df0eb48a98ff649109b1dfc5e 5ff27f14b1eb4aaf9172fe06107c3557 - e98428933b8846458a11cfed5cc1b7ae e98428933b8846458a11cfed5cc1b7ae] Synchronizing usage tracker for tenant:5ff27f14b1eb4aaf9172fe06107c3557 on resource:floatingip resync /usr/lib/python2.7/site-packages/neutron/quota/resource.py:245
2018-07-03 15:00:58.705 14728 DEBUG neutron.quota.resource [req-883182f5-8d11-4a37-8517-9ba460cc482c 1e4a3b3df0eb48a98ff649109b1dfc5e 5ff27f14b1eb4aaf9172fe06107c3557 - e98428933b8846458a11cfed5cc1b7ae e98428933b8846458a11cfed5cc1b7ae] Unset dirty status for tenant:5ff27f14b1eb4aaf9172fe06107c3557 on resource:floatingip _resync /usr/lib/python2.7/site-packages/neutron/quota/resource.py:237
2018-07-03 15:00:58.705 14755 DEBUG neutron.db.agents_db [req-fe8c81cd-0fa6-4a7f-a4ab-5c370100e2e3 - - - - -] Agent healthcheck: found 5 active agents agent_health_check /usr/lib/python2.7/site-packages/neutron/db/agents_db.py:281
2018-07-03 15:00:58.707 14728 INFO neutron.wsgi [req-883182f5-8d11-4a37-8517-9ba460cc482c 1e4a3b3df0eb48a98ff649109b1dfc5e 5ff27f14b1eb4aaf9172fe06107c3557 - e98428933b8846458a11cfed5cc1b7ae e98428933b8846458a11cfed5cc1b7ae] 10.0.20.22 "GET /v2.0/floatingips?floating_ip_address=172.24.4.15 HTTP/1.1" status: 200  len: 673 time: 0.1416600
2018-07-03 15:00:58.735 14728 DEBUG neutron.api.v2.base [req-45e73e73-51ab-45b7-8f3a-f7b332e3b82e 1e4a3b3df0eb48a98ff649109b1dfc5e 5ff27f14b1eb4aaf9172fe06107c3557 - e98428933b8846458a11cfed5cc1b7ae e98428933b8846458a11cfed5cc1b7ae] Request body: {u'floatingip': {u'fixed_ip_address': u'11.169.1.6', u'port_id': u'8f6deeec-0c59-4ff2-88bd-b4e67b3b1e46'}} prepare_request_body /usr/lib/python2.7/site-packages/neutron/api/v2/base.py:695
2018-07-03 15:00:58.971 14720 INFO neutron.wsgi [req-cf89891c-d180-4639-9099-d26f8924348f 8d51c6595f7b4b648f3775454a985b0c e3731f8202904eebb3e6658e91a6b0b5 - default default] 10.0.20.22 "GET /v2.0/ports?device_id=40c1f7c5-de49-4e97-9d8b-73b0307f066e HTTP/1.1" status: 200  len: 1124 time: 0.7312489
2018-07-03 15:00:59.011 14750 DEBUG neutron_lib.callbacks.manager [req-46f880df-755b-4a9e-9d3d-5003e21dd163 - - - - -] Notify callbacks ['neutron.services.segments.db._update_segment_host_mapping_for_agent-8776186027314'] for agent, after_update _notify_loop /usr/lib/python2.7/site-packages/neutron_lib/callbacks/manager.py:167
2018-07-03 15:00:59.134 14728 DEBUG neutron_lib.callbacks.manager [req-45e73e73-51ab-45b7-8f3a-f7b332e3b82e 1e4a3b3df0eb48a98ff649109b1dfc5e 5ff27f14b1eb4aaf9172fe06107c3557 - e98428933b8846458a11cfed5cc1b7ae e98428933b8846458a11cfed5cc1b7ae] Notify callbacks ['neutron.services.l3_router.l3_router_plugin.L3RouterPlugin._create_dvr_floating_gw_port-1576144'] for floatingip, after_update _notify_loop /usr/lib/python2.7/site-packages/neutron_lib/callbacks/manager.py:167
2018-07-03 15:00:59.212 14720 INFO neutron.wsgi [req-13334275-e10b-4f58-b5ef-e00bf141fd4f 8d51c6595f7b4b648f3775454a985b0c e3731f8202904eebb3e6658e91a6b0b5 - default default] 10.0.20.22 "GET /v2.0/security-groups?id=34045944-65fb-4fa2-9917-ee7bb970e1b5 HTTP/1.1" status: 200  len: 2118 time: 0.2171810
2018-07-03 15:00:59.226 14743 DEBUG neutron_lib.callbacks.manager [req-442273c1-4448-43e2-a787-33cf22be560a - - - - -] Notify callbacks ['neutron.services.segments.db._update_segment_host_mapping_for_agent-8776186027314'] for agent, after_update _notify_loop /usr/lib/python2.7/site-packages/neutron_lib/callbacks/manager.py:167
2018-07-03 15:00:59.759 14728 DEBUG neutron.scheduler.l3_agent_scheduler [req-45e73e73-51ab-45b7-8f3a-f7b332e3b82e 1e4a3b3df0eb48a98ff649109b1dfc5e 5ff27f14b1eb4aaf9172fe06107c3557 - e98428933b8846458a11cfed5cc1b7ae e98428933b8846458a11cfed5cc1b7ae] Router 80fe2938-5d21-4592-800e-42cc075caa55 has already been hosted by L3 agent 02b9079f-1e37-44d1-b612-ac2f663faf90 _get_candidates /usr/lib/python2.7/site-packages/neutron/scheduler/l3_agent_scheduler.py:141
2018-07-03 15:00:59.999 14728 DEBUG neutron.api.rpc.agentnotifiers.l3_rpc_agent_api [req-45e73e73-51ab-45b7-8f3a-f7b332e3b82e 1e4a3b3df0eb48a98ff649109b1dfc5e 5ff27f14b1eb4aaf9172fe06107c3557 - e98428933b8846458a11cfed5cc1b7ae e98428933b8846458a11cfed5cc1b7ae] Notify agent at l3_agent.localhost.localdomain the message routers_updated _agent_notification /usr/lib/python2.7/site-packages/neutron/api/rpc/agentnotifiers/l3_rpc_agent_api.py:69
2018-07-03 15:01:00.046 14728 DEBUG neutron_lib.callbacks.manager [req-45e73e73-51ab-45b7-8f3a-f7b332e3b82e 1e4a3b3df0eb48a98ff649109b1dfc5e 5ff27f14b1eb4aaf9172fe06107c3557 - e98428933b8846458a11cfed5cc1b7ae e98428933b8846458a11cfed5cc1b7ae] Notify callbacks ['neutron.notifiers.nova.Notifier._send_nova_notification--9223372036854770992'] for floatingip, before_response _notify_loop /usr/lib/python2.7/site-packages/neutron_lib/callbacks/manager.py:167
2018-07-03 15:01:00.076 14743 DEBUG neutron.db.l3_hamode_db [req-22b52278-9c26-45a3-9247-b376b90e5ad7 - - - - -] neutron.services.l3_router.l3_router_plugin.L3RouterPlugin method get_ha_sync_data_for_host called with arguments (<neutron_lib.context.Context object at 0x7fb5d60dc350>, u'localhost.localdomain', <neutron.db.models.agent.Agent[object at 7fb5d5db7710] {id=u'02b9079f-1e37-44d1-b612-ac2f663faf90', agent_type=u'L3 agent', binary=u'neutron-l3-agent', topic=u'l3_agent', host=u'localhost.localdomain', availability_zone=u'nova', admin_state_up=True, created_at=datetime.datetime(2018, 6, 20, 16, 53, 44), started_at=datetime.datetime(2018, 7, 3, 12, 40), heartbeat_timestamp=datetime.datetime(2018, 7, 3, 13, 0, 30), description=None, configurations=u'{"agent_mode": "legacy", "gateway_external_network_id": "", "handle_internal_only_routers": true, "routers": 2, "interfaces": 2, "floating_ips": 0, "interface_driver": "neutron.agent.linux.interface.OVSInterfaceDriver", "log_agent_heartbeats": false, "external_network_bridge": "", "ex_gw_ports": 2}', resource_versions=None, load=0}>) {'active': True, 'router_ids': ['80fe2938-5d21-4592-800e-42cc075caa55']} wrapper /usr/lib/python2.7/site-packages/oslo_log/helpers.py:66
2018-07-03 15:01:00.158 14728 INFO neutron.wsgi [req-45e73e73-51ab-45b7-8f3a-f7b332e3b82e 1e4a3b3df0eb48a98ff649109b1dfc5e 5ff27f14b1eb4aaf9172fe06107c3557 - e98428933b8846458a11cfed5cc1b7ae e98428933b8846458a11cfed5cc1b7ae] 10.0.20.22 "PUT /v2.0/floatingips/6a37d936-697b-47ed-bd6c-e6d1fd83766e HTTP/1.1" status: 200  len: 746 time: 1.4445240
2018-07-03 15:01:00.160 14728 DEBUG oslo_concurrency.lockutils [-] Lock "notifier-bb8447e6-6100-4c42-aa8b-7a1576e5f4a6" acquired by "neutron.notifiers.batch_notifier.synced_send" :: waited 0.000s inner /usr/lib/python2.7/site-packages/oslo_concurrency/lockutils.py:270
2018-07-03 15:01:00.160 14728 DEBUG neutron.notifiers.nova [-] Sending events: [{'tag': u'8f6deeec-0c59-4ff2-88bd-b4e67b3b1e46', 'name': 'network-changed', 'server_uuid': u'40c1f7c5-de49-4e97-9d8b-73b0307f066e'}] send_events /usr/lib/python2.7/site-packages/neutron/notifiers/nova.py:242
2018-07-03 15:01:00.168 14728 DEBUG novaclient.v2.client [-] REQ: curl -g -i -X POST http://10.0.20.22:8774/v2.1/e3731f8202904eebb3e6658e91a6b0b5/os-server-external-events -H "User-Agent: python-novaclient" -H "Content-Type: application/json" -H "Accept: application/json" -H "X-OpenStack-Nova-API-Version: 2.1" -H "X-Auth-Token: {SHA1}d1eb03dda342833976ba3d3a169cc95fa52a334a" -d '{"events": [{"tag": "8f6deeec-0c59-4ff2-88bd-b4e67b3b1e46", "name": "network-changed", "server_uuid": "40c1f7c5-de49-4e97-9d8b-73b0307f066e"}]}' _http_log_request /usr/lib/python2.7/site-packages/keystoneauth1/session.py:375
2018-07-03 15:01:00.657 14753 DEBUG neutron_lib.callbacks.manager [req-7a7c5a91-f7bf-4353-9c65-8b20170088e7 - - - - -] Notify callbacks ['neutron.services.segments.db._update_segment_host_mapping_for_agent-8776186027314'] for agent, after_update _notify_loop /usr/lib/python2.7/site-packages/neutron_lib/callbacks/manager.py:167
2018-07-03 15:01:01.642 14749 DEBUG neutron_lib.callbacks.manager [req-720bbe4e-d52c-42d5-96f7-50191786c13c - - - - -] Notify callbacks ['neutron.services.segments.db._update_segment_host_mapping_for_agent-8776186027314'] for agent, after_update _notify_loop /usr/lib/python2.7/site-packages/neutron_lib/callbacks/manager.py:167
2018-07-03 15:01:02.247 14728 DEBUG novaclient.v2.client [-] RESP: [200] Content-Length: 179 Content-Type: application/json Openstack-Api-Version: compute 2.1 X-Openstack-Nova-Api-Version: 2.1 Vary: OpenStack-API-Version, X-OpenStack-Nova-API-Version X-Openstack-Request-Id: req-dd734d44-4a16-49fe-9193-5a0903b52fe2 X-Compute-Request-Id: req-dd734d44-4a16-49fe-9193-5a0903b52fe2 Date: Tue, 03 Jul 2018 13:01:02 GMT Connection: keep-alive 
RESP BODY: {"events": [{"status": "completed", "tag": "8f6deeec-0c59-4ff2-88bd-b4e67b3b1e46", "name": "network-changed", "server_uuid": "40c1f7c5-de49-4e97-9d8b-73b0307f066e", "code": 200}]}
 _http_log_response /usr/lib/python2.7/site-packages/keystoneauth1/session.py:423
2018-07-03 15:01:02.248 14728 DEBUG novaclient.v2.client [-] POST call to compute for http://10.0.20.22:8774/v2.1/e3731f8202904eebb3e6658e91a6b0b5/os-server-external-events used request id req-dd734d44-4a16-49fe-9193-5a0903b52fe2 request /usr/lib/python2.7/site-packages/keystoneauth1/session.py:727
2018-07-03 15:01:02.265 14728 INFO neutron.notifiers.nova [-] Nova event response: {u'status': u'completed', u'tag': u'8f6deeec-0c59-4ff2-88bd-b4e67b3b1e46', u'name': u'network-changed', u'server_uuid': u'40c1f7c5-de49-4e97-9d8b-73b0307f066e', u'code': 200}
2018-07-03 15:01:02.660 14737 INFO neutron.wsgi [req-65a40f54-4671-4c7f-bc26-34b07f4d0a60 8d51c6595f7b4b648f3775454a985b0c e3731f8202904eebb3e6658e91a6b0b5 - default default] 10.0.20.22 "GET /v2.0/ports?tenant_id=5ff27f14b1eb4aaf9172fe06107c3557&device_id=40c1f7c5-de49-4e97-9d8b-73b0307f066e HTTP/1.1" status: 200  len: 1124 time: 0.2579689
2018-07-03 15:01:03.146 14728 INFO neutron.wsgi [req-0e9b180c-1742-4a84-ae95-dd79639904b1 8d51c6595f7b4b648f3775454a985b0c e3731f8202904eebb3e6658e91a6b0b5 - default default] 10.0.20.22 "GET /v2.0/ports?tenant_id=5ff27f14b1eb4aaf9172fe06107c3557&device_id=40c1f7c5-de49-4e97-9d8b-73b0307f066e HTTP/1.1" status: 200  len: 1124 time: 0.9366958
2018-07-03 15:01:03.350 14737 DEBUG neutron.pecan_wsgi.hooks.policy_enforcement [req-b1f7782c-8c84-430a-aab4-b02d0f451a35 8d51c6595f7b4b648f3775454a985b0c e3731f8202904eebb3e6658e91a6b0b5 - default default] Attributes excluded by policy engine: [u'vlan_transparent'] _exclude_attributes_by_policy /usr/lib/python2.7/site-packages/neutron/pecan_wsgi/hooks/policy_enforcement.py:256
2018-07-03 15:01:03.354 14737 INFO neutron.wsgi [req-b1f7782c-8c84-430a-aab4-b02d0f451a35 8d51c6595f7b4b648f3775454a985b0c e3731f8202904eebb3e6658e91a6b0b5 - default default] 10.0.20.22 "GET /v2.0/networks?id=fffca574-1afd-4788-8dab-9927bee819f1 HTTP/1.1" status: 200  len: 885 time: 0.6848199
2018-07-03 15:01:03.509 14737 INFO neutron.wsgi [req-144e496c-48c3-4e89-98c4-e6c3f8357812 8d51c6595f7b4b648f3775454a985b0c e3731f8202904eebb3e6658e91a6b0b5 - default default] 10.0.20.22 "GET /v2.0/floatingips?fixed_ip_address=11.169.1.6&port_id=8f6deeec-0c59-4ff2-88bd-b4e67b3b1e46 HTTP/1.1" status: 200  len: 749 time: 0.1053920
2018-07-03 15:01:03.541 14725 INFO neutron.wsgi [req-56af3f27-f2f9-44cd-acf7-6d58f061d39b 8d51c6595f7b4b648f3775454a985b0c e3731f8202904eebb3e6658e91a6b0b5 - default default] 10.0.20.22 "GET /v2.0/ports?device_id=40c1f7c5-de49-4e97-9d8b-73b0307f066e HTTP/1.1" status: 200  len: 1124 time: 1.0187030
2018-07-03 15:01:03.565 14728 DEBUG neutron.pecan_wsgi.hooks.policy_enforcement [req-7fa0a13a-290a-4edd-a683-407c93a577c1 8d51c6595f7b4b648f3775454a985b0c e3731f8202904eebb3e6658e91a6b0b5 - default default] Attributes excluded by policy engine: [u'vlan_transparent'] _exclude_attributes_by_policy /usr/lib/python2.7/site-packages/neutron/pecan_wsgi/hooks/policy_enforcement.py:256
2018-07-03 15:01:03.568 14728 INFO neutron.wsgi [req-7fa0a13a-290a-4edd-a683-407c93a577c1 8d51c6595f7b4b648f3775454a985b0c e3731f8202904eebb3e6658e91a6b0b5 - default default] 10.0.20.22 "GET /v2.0/networks?id=fffca574-1afd-4788-8dab-9927bee819f1 HTTP/1.1" status: 200  len: 885 time: 0.4163129
2018-07-03 15:01:03.712 14728 INFO neutron.wsgi [req-e3c6f26b-d53f-45aa-b594-eebf84ae3791 8d51c6595f7b4b648f3775454a985b0c e3731f8202904eebb3e6658e91a6b0b5 - default default] 10.0.20.22 "GET /v2.0/floatingips?fixed_ip_address=11.169.1.6&port_id=8f6deeec-0c59-4ff2-88bd-b4e67b3b1e46 HTTP/1.1" status: 200  len: 749 time: 0.1318018
2018-07-03 15:01:03.856 14737 DEBUG neutron.pecan_wsgi.hooks.policy_enforcement [req-6a6a2214-dd8e-460b-9261-5d52b1fe35e0 8d51c6595f7b4b648f3775454a985b0c e3731f8202904eebb3e6658e91a6b0b5 - default default] Attributes excluded by policy engine: [u'shared'] _exclude_attributes_by_policy /usr/lib/python2.7/site-packages/neutron/pecan_wsgi/hooks/policy_enforcement.py:256
2018-07-03 15:01:03.867 14737 INFO neutron.wsgi [req-6a6a2214-dd8e-460b-9261-5d52b1fe35e0 8d51c6595f7b4b648f3775454a985b0c e3731f8202904eebb3e6658e91a6b0b5 - default default] 10.0.20.22 "GET /v2.0/subnets?id=d6740610-e9cb-494f-9ccb-db5d68f5d7aa HTTP/1.1" status: 200  len: 847 time: 0.3218699
2018-07-03 15:01:03.930 14725 INFO neutron.wsgi [req-0801a7fd-fe47-4b43-8e5b-34b62771044e 8d51c6595f7b4b648f3775454a985b0c e3731f8202904eebb3e6658e91a6b0b5 - default default] 10.0.20.22 "GET /v2.0/security-groups?id=34045944-65fb-4fa2-9917-ee7bb970e1b5 HTTP/1.1" status: 200  len: 2118 time: 0.3762410
2018-07-03 15:01:04.162 14728 DEBUG neutron.pecan_wsgi.hooks.policy_enforcement [req-7a6f5687-cb97-4a3f-9b1d-ffd0b85e7936 8d51c6595f7b4b648f3775454a985b0c e3731f8202904eebb3e6658e91a6b0b5 - default default] Attributes excluded by policy engine: [u'shared'] _exclude_attributes_by_policy /usr/lib/python2.7/site-packages/neutron/pecan_wsgi/hooks/policy_enforcement.py:256
2018-07-03 15:01:04.165 14728 INFO neutron.wsgi [req-7a6f5687-cb97-4a3f-9b1d-ffd0b85e7936 8d51c6595f7b4b648f3775454a985b0c e3731f8202904eebb3e6658e91a6b0b5 - default default] 10.0.20.22 "GET /v2.0/subnets?id=d6740610-e9cb-494f-9ccb-db5d68f5d7aa HTTP/1.1" status: 200  len: 847 time: 0.4286220
2018-07-03 15:01:04.207 14743 DEBUG neutron.db.l3_hamode_db [req-22b52278-9c26-45a3-9247-b376b90e5ad7 - - - - -] neutron.services.l3_router.l3_router_plugin.L3RouterPlugin method _process_sync_ha_data called with arguments (<neutron_lib.context.Context object at 0x7fb5d60dc350>, [{'status': u'ACTIVE', '_interfaces': [{'status': u'ACTIVE', 'subnets': [{'dns_nameservers': [u'8.8.4.4'], 'ipv6_ra_mode': None, 'gateway_ip': u'11.169.1.1', 'cidr': u'11.169.1.0/24', 'id': u'd6740610-e9cb-494f-9ccb-db5d68f5d7aa', 'subnetpool_id': None}], 'binding:host_id': u'localhost.localdomain', 'description': u'', 'allowed_address_pairs': [], 'tags': [], 'extra_dhcp_opts': [], 'updated_at': '2018-07-03T12:59:44Z', 'device_owner': u'network:router_interface', 'revision_number': 7, 'port_security_enabled': False, 'binding:profile': {}, 'mtu': 1450, 'fixed_ips': [{'subnet_id': u'd6740610-e9cb-494f-9ccb-db5d68f5d7aa', 'prefixlen': 24, 'ip_address': u'11.169.1.1'}], 'id': u'182ee834-4f27-4057-9ab9-10fd9c028741', 'security_groups': [], 'device_id': u'80fe2938-5d21-4592-800e-42cc075caa55', 'name': u'', 'admin_state_up': True, 'network_id': u'fffca574-1afd-4788-8dab-9927bee819f1', 'tenant_id': u'5ff27f14b1eb4aaf9172fe06107c3557', 'binding:vif_details': {u'port_filter': True, u'datapath_type': u'system', u'ovs_hybrid_plug': True}, 'address_scopes': {4: None, 6: None}, 'binding:vnic_type': u'normal', 'binding:vif_type': u'ovs', 'mac_address': u'fa:16:3e:53:09:6c', 'project_id': u'5ff27f14b1eb4aaf9172fe06107c3557', 'extra_subnets': [], 'created_at': '2018-07-03T12:59:37Z'}], 'enable_snat': True, 'ha_vr_id': 0, 'description': u'', 'tags': [], 'gw_port': {'status': u'ACTIVE', 'subnets': [{'dns_nameservers': [], 'ipv6_ra_mode': None, 'gateway_ip': u'172.24.4.1', 'cidr': u'172.24.4.0/24', 'id': u'482aeca8-a24a-4c41-a222-a086cb79ba31', 'subnetpool_id': None}], 'binding:host_id': u'localhost.localdomain', 'description': u'', 'allowed_address_pairs': [], 'tags': [], 'extra_dhcp_opts': [], 'updated_at': '2018-07-03T12:59:56Z', 'device_owner': u'network:router_gateway', 'revision_number': 6, 'port_security_enabled': False, 'binding:profile': {}, 'mtu': 1500, 'fixed_ips': [{'subnet_id': u'482aeca8-a24a-4c41-a222-a086cb79ba31', 'prefixlen': 24, 'ip_address': u'172.24.4.4'}], 'id': u'6308716d-5862-4305-9dd7-aac52eea0f0d', 'security_groups': [], 'device_id': u'80fe2938-5d21-4592-800e-42cc075caa55', 'name': u'', 'admin_state_up': True, 'network_id': u'2ce34dd7-df32-4a77-980f-3c1215fa4847', 'tenant_id': u'', 'binding:vif_details': {u'port_filter': True, u'datapath_type': u'system', u'ovs_hybrid_plug': True}, 'address_scopes': {4: None, 6: None}, 'binding:vnic_type': u'normal', 'binding:vif_type': u'ovs', 'mac_address': u'fa:16:3e:38:17:c3', 'project_id': u'', 'extra_subnets': [], 'created_at': '2018-07-03T12:59:49Z'}, 'updated_at': '2018-07-03T12:59:50Z', 'revision_number': 4, 'ha': False, 'id': u'80fe2938-5d21-4592-800e-42cc075caa55', 'gw_port_host': u'localhost.localdomain', 'external_gateway_info': {'network_id': u'2ce34dd7-df32-4a77-980f-3c1215fa4847', 'enable_snat': True, 'external_fixed_ips': [{'subnet_id': u'482aeca8-a24a-4c41-a222-a086cb79ba31', 'ip_address': u'172.24.4.4'}]}, 'availability_zone_hints': [], 'availability_zones': [u'nova'], 'name': u'tempest-router-1530622619', 'gw_port_id': u'6308716d-5862-4305-9dd7-aac52eea0f0d', 'admin_state_up': True, 'tenant_id': u'5ff27f14b1eb4aaf9172fe06107c3557', 'created_at': '2018-07-03T12:59:20Z', 'distributed': False, 'flavor_id': None, 'routes': [], 'project_id': u'5ff27f14b1eb4aaf9172fe06107c3557', '_floatingips': [{'router_id': u'80fe2938-5d21-4592-800e-42cc075caa55', 'status': u'DOWN', 'description': u'', 'tags': [], 'updated_at': '2018-07-03T13:00:59Z', 'dns_domain': '', 'floating_network_id': u'2ce34dd7-df32-4a77-980f-3c1215fa4847', 'fixed_ip_address': u'11.169.1.6', 'floating_ip_address': u'172.24.4.15', 'revision_number': 1, 'port_id': u'8f6deeec-0c59-4ff2-88bd-b4e67b3b1e46', 'id': u'6a37d936-697b-47ed-bd6c-e6d1fd83766e', 'dns_name': '', 'created_at': '2018-07-03T13:00:43Z', 'tenant_id': u'5ff27f14b1eb4aaf9172fe06107c3557', 'fixed_ip_address_scope': None, 'project_id': u'5ff27f14b1eb4aaf9172fe06107c3557'}]}], u'localhost.localdomain', False) {} wrapper /usr/lib/python2.7/site-packages/oslo_log/helpers.py:66
2018-07-03 15:01:04.232 14743 DEBUG neutron.api.rpc.handlers.l3_rpc [req-22b52278-9c26-45a3-9247-b376b90e5ad7 - - - - -] Checking router: 80fe2938-5d21-4592-800e-42cc075caa55 for host: localhost.localdomain _ensure_host_set_on_ports /usr/lib/python2.7/site-packages/neutron/api/rpc/handlers/l3_rpc.py:135
2018-07-03 15:01:04.265 14737 INFO neutron.wsgi [req-5675e654-70cf-49d7-8bcc-b668c62bc023 8d51c6595f7b4b648f3775454a985b0c e3731f8202904eebb3e6658e91a6b0b5 - default default] 10.0.20.22 "GET /v2.0/ports?network_id=fffca574-1afd-4788-8dab-9927bee819f1&device_owner=network%3Adhcp HTTP/1.1" status: 200  len: 1128 time: 0.3650770
2018-07-03 15:01:04.304 14728 DEBUG oslo_concurrency.lockutils [-] Lock "notifier-bb8447e6-6100-4c42-aa8b-7a1576e5f4a6" released by "neutron.notifiers.batch_notifier.synced_send" :: held 4.144s inner /usr/lib/python2.7/site-packages/oslo_concurrency/lockutils.py:282
2018-07-03 15:01:05.317 14728 INFO neutron.wsgi [req-e2678f3a-d88b-40be-9647-b0b97e02e2da 8d51c6595f7b4b648f3775454a985b0c e3731f8202904eebb3e6658e91a6b0b5 - default default] 10.0.20.22 "GET /v2.0/ports?network_id=fffca574-1afd-4788-8dab-9927bee819f1&device_owner=network%3Adhcp HTTP/1.1" status: 200  len: 1128 time: 1.1367970
2018-07-03 15:01:05.451 14750 DEBUG neutron.api.rpc.handlers.l3_rpc [req-c443b20d-9dc0-41e5-a4c7-461f32d14c9d - - - - -] New status for floating IP 6a37d936-697b-47ed-bd6c-e6d1fd83766e: ACTIVE update_floatingip_statuses /usr/lib/python2.7/site-packages/neutron/api/rpc/handlers/l3_rpc.py:252
2018-07-03 15:01:07.218 14738 INFO neutron.wsgi [req-12ab76f9-630f-4db0-91c6-7b96f16196bd 8d51c6595f7b4b648f3775454a985b0c e3731f8202904eebb3e6658e91a6b0b5 - default default] 10.0.20.22 "GET /v2.0/ports?device_id=40c1f7c5-de49-4e97-9d8b-73b0307f066e HTTP/1.1" status: 200  len: 1124 time: 1.3747339
2018-07-03 15:01:07.558 14738 INFO neutron.wsgi [req-ab3d6a4f-4874-4e56-aaa4-c51d3f2a1e70 8d51c6595f7b4b648f3775454a985b0c e3731f8202904eebb3e6658e91a6b0b5 - default default] 10.0.20.22 "GET /v2.0/security-groups?id=34045944-65fb-4fa2-9917-ee7bb970e1b5 HTTP/1.1" status: 200  len: 2118 time: 0.2990170
2018-07-03 15:01:10.426 14737 INFO neutron.wsgi [req-20d16a3b-4000-45a0-9670-25a22ccf49cb 8d51c6595f7b4b648f3775454a985b0c e3731f8202904eebb3e6658e91a6b0b5 - default default] 10.0.20.22 "GET /v2.0/ports?tenant_id=688c18a1c85f4751b329806136ced2ee&device_id=06deffa3-c274-4da5-a3ab-17f1d4e0a067 HTTP/1.1" status: 200  len: 1124 time: 0.2405858
2018-07-03 15:01:10.889 14737 DEBUG neutron.pecan_wsgi.hooks.policy_enforcement [req-474f8f84-e28d-4616-b74e-b0ae80341792 8d51c6595f7b4b648f3775454a985b0c e3731f8202904eebb3e6658e91a6b0b5 - default default] Attributes excluded by policy engine: [u'vlan_transparent'] _exclude_attributes_by_policy /usr/lib/python2.7/site-packages/neutron/pecan_wsgi/hooks/policy_enforcement.py:256
2018-07-03 15:01:10.893 14737 INFO neutron.wsgi [req-474f8f84-e28d-4616-b74e-b0ae80341792 8d51c6595f7b4b648f3775454a985b0c e3731f8202904eebb3e6658e91a6b0b5 - default default] 10.0.20.22 "GET /v2.0/networks?id=2ce34dd7-df32-4a77-980f-3c1215fa4847 HTTP/1.1" status: 200  len: 888 time: 0.4589310
2018-07-03 15:01:10.980 14737 INFO neutron.wsgi [req-640e6df1-c86f-4b22-b262-25860d3d0ac8 8d51c6595f7b4b648f3775454a985b0c e3731f8202904eebb3e6658e91a6b0b5 - default default] 10.0.20.22 "GET /v2.0/floatingips?fixed_ip_address=172.24.4.3&port_id=34ae3945-8340-4ff1-9d1f-d0bdb80875f3 HTTP/1.1" status: 200  len: 217 time: 0.0779080
2018-07-03 15:01:11.248 14737 DEBUG neutron.pecan_wsgi.hooks.policy_enforcement [req-e8a2d9c1-39ca-45e7-9198-88f198ad8138 8d51c6595f7b4b648f3775454a985b0c e3731f8202904eebb3e6658e91a6b0b5 - default default] Attributes excluded by policy engine: [u'shared'] _exclude_attributes_by_policy /usr/lib/python2.7/site-packages/neutron/pecan_wsgi/hooks/policy_enforcement.py:256
2018-07-03 15:01:11.251 14737 INFO neutron.wsgi [req-e8a2d9c1-39ca-45e7-9198-88f198ad8138 8d51c6595f7b4b648f3775454a985b0c e3731f8202904eebb3e6658e91a6b0b5 - default default] 10.0.20.22 "GET /v2.0/subnets?id=482aeca8-a24a-4c41-a222-a086cb79ba31 HTTP/1.1" status: 200  len: 819 time: 0.2606359
2018-07-03 15:01:11.372 14737 INFO neutron.wsgi [req-af8899af-6edb-49c6-98b9-87ce187e31d7 8d51c6595f7b4b648f3775454a985b0c e3731f8202904eebb3e6658e91a6b0b5 - default default] 10.0.20.22 "GET /v2.0/ports?network_id=2ce34dd7-df32-4a77-980f-3c1215fa4847&device_owner=network%3Adhcp HTTP/1.1" status: 200  len: 210 time: 0.1095800
2018-07-03 15:01:11.801 14738 DEBUG neutron.wsgi [-] (14738) accepted ('10.0.20.22', 48034) server /usr/lib/python2.7/site-packages/eventlet/wsgi.py:883
2018-07-03 15:01:12.306 14738 INFO neutron.wsgi [req-50db3b0c-d48e-42b2-aceb-93f567059ecc 8d51c6595f7b4b648f3775454a985b0c e3731f8202904eebb3e6658e91a6b0b5 - default default] 10.0.20.22 "GET /v2.0/ports?device_id=40c1f7c5-de49-4e97-9d8b-73b0307f066e HTTP/1.1" status: 200  len: 1124 time: 0.5009160
2018-07-03 15:01:12.490 14738 INFO neutron.wsgi [req-61bd87d2-f739-4a5f-a9e3-af13f0f71b95 8d51c6595f7b4b648f3775454a985b0c e3731f8202904eebb3e6658e91a6b0b5 - default default] 10.0.20.22 "GET /v2.0/security-groups?id=34045944-65fb-4fa2-9917-ee7bb970e1b5 HTTP/1.1" status: 200  len: 2118 time: 0.1425090
2018-07-03 15:01:15.430 14738 INFO neutron.wsgi [req-aff69a6a-e092-4590-8e35-b41f78499233 8d51c6595f7b4b648f3775454a985b0c e3731f8202904eebb3e6658e91a6b0b5 - default default] 10.0.20.22 "GET /v2.0/ports?device_id=40c1f7c5-de49-4e97-9d8b-73b0307f066e HTTP/1.1" status: 200  len: 1124 time: 0.6759772
2018-07-03 15:01:15.559 14738 INFO neutron.wsgi [req-60fbc530-12f2-4033-93a9-3a5412929461 8d51c6595f7b4b648f3775454a985b0c e3731f8202904eebb3e6658e91a6b0b5 - default default] 10.0.20.22 "GET /v2.0/security-groups?id=34045944-65fb-4fa2-9917-ee7bb970e1b5 HTTP/1.1" status: 200  len: 2118 time: 0.1109512
2018-07-03 15:01:17.692 14720 INFO neutron.wsgi [req-63b1ea2b-619a-47ee-9597-3eb5f172f683 8d51c6595f7b4b648f3775454a985b0c e3731f8202904eebb3e6658e91a6b0b5 - default default] 10.0.20.22 "GET /v2.0/ports?device_id=40c1f7c5-de49-4e97-9d8b-73b0307f066e HTTP/1.1" status: 200  len: 1124 time: 0.1908011
2018-07-03 15:01:17.842 14720 INFO neutron.wsgi [req-12a0ca3a-441d-4183-bccd-d3348eb1c64e 8d51c6595f7b4b648f3775454a985b0c e3731f8202904eebb3e6658e91a6b0b5 - default default] 10.0.20.22 "GET /v2.0/security-groups?id=34045944-65fb-4fa2-9917-ee7bb970e1b5 HTTP/1.1" status: 200  len: 2118 time: 0.1425841
2018-07-03 15:01:18.059 14728 INFO neutron.wsgi [req-1a6354e1-acaa-4d39-a220-74568fd5fcbb 1e4a3b3df0eb48a98ff649109b1dfc5e 5ff27f14b1eb4aaf9172fe06107c3557 - e98428933b8846458a11cfed5cc1b7ae e98428933b8846458a11cfed5cc1b7ae] 10.0.20.22 "GET /v2.0/ports?device_id=40c1f7c5-de49-4e97-9d8b-73b0307f066e HTTP/1.1" status: 200  len: 1124 time: 0.5505991
2018-07-03 15:01:18.099 14754 DEBUG neutron_lib.callbacks.manager [req-e038251c-c312-4772-a51b-97da342774a7 - - - - -] Notify callbacks ['neutron.services.segments.db._update_segment_host_mapping_for_agent-8776186027314'] for agent, after_update _notify_loop /usr/lib/python2.7/site-packages/neutron_lib/callbacks/manager.py:167
2018-07-03 15:01:18.240 14728 INFO neutron.wsgi [req-f4d31dbc-deb9-4b62-8b90-06c7e8f7a4d3 1e4a3b3df0eb48a98ff649109b1dfc5e 5ff27f14b1eb4aaf9172fe06107c3557 - e98428933b8846458a11cfed5cc1b7ae e98428933b8846458a11cfed5cc1b7ae] 10.0.20.22 "GET /v2.0/security-groups?id=34045944-65fb-4fa2-9917-ee7bb970e1b5 HTTP/1.1" status: 200  len: 2118 time: 0.1697462
2018-07-03 15:01:28.996 14746 DEBUG neutron_lib.callbacks.manager [req-7b2a9048-dea1-4661-aa2e-5ea45235962e - - - - -] Notify callbacks ['neutron.services.segments.db._update_segment_host_mapping_for_agent-8776186027314'] for agent, after_update _notify_loop /usr/lib/python2.7/site-packages/neutron_lib/callbacks/manager.py:167
2018-07-03 15:01:29.189 14751 DEBUG neutron_lib.callbacks.manager [req-442273c1-4448-43e2-a787-33cf22be560a - - - - -] Notify callbacks ['neutron.services.segments.db._update_segment_host_mapping_for_agent-8776186027314'] for agent, after_update _notify_loop /usr/lib/python2.7/site-packages/neutron_lib/callbacks/manager.py:167
2018-07-03 15:01:30.644 14739 DEBUG neutron_lib.callbacks.manager [req-4104784f-e23d-4c8d-9a90-d989f0fba0ec - - - - -] Notify callbacks ['neutron.services.segments.db._update_segment_host_mapping_for_agent-8776186027314'] for agent, after_update _notify_loop /usr/lib/python2.7/site-packages/neutron_lib/callbacks/manager.py:167
2018-07-03 15:01:31.603 14745 DEBUG neutron_lib.callbacks.manager [req-720bbe4e-d52c-42d5-96f7-50191786c13c - - - - -] Notify callbacks ['neutron.services.segments.db._update_segment_host_mapping_for_agent-8776186027314'] for agent, after_update _notify_loop /usr/lib/python2.7/site-packages/neutron_lib/callbacks/manager.py:167
2018-07-03 15:01:35.680 14755 DEBUG neutron.db.agents_db [req-fe8c81cd-0fa6-4a7f-a4ab-5c370100e2e3 - - - - -] Agent healthcheck: found 5 active agents agent_health_check /usr/lib/python2.7/site-packages/neutron/db/agents_db.py:281
2018-07-03 15:01:42.761 14728 INFO neutron.wsgi [req-311bf07b-1273-42cf-9149-8f6146d32e13 1e4a3b3df0eb48a98ff649109b1dfc5e 5ff27f14b1eb4aaf9172fe06107c3557 - e98428933b8846458a11cfed5cc1b7ae e98428933b8846458a11cfed5cc1b7ae] 10.0.20.22 "GET /v2.0/ports?device_id=40c1f7c5-de49-4e97-9d8b-73b0307f066e HTTP/1.1" status: 200  len: 1124 time: 0.5204091
2018-07-03 15:01:42.907 14728 INFO neutron.wsgi [req-f84a0ef5-b058-4ee0-8ece-bf52f041b66b 1e4a3b3df0eb48a98ff649109b1dfc5e 5ff27f14b1eb4aaf9172fe06107c3557 - e98428933b8846458a11cfed5cc1b7ae e98428933b8846458a11cfed5cc1b7ae] 10.0.20.22 "GET /v2.0/security-groups?id=34045944-65fb-4fa2-9917-ee7bb970e1b5 HTTP/1.1" status: 200  len: 2118 time: 0.1376431
2018-07-03 15:01:48.062 14750 DEBUG neutron_lib.callbacks.manager [req-e038251c-c312-4772-a51b-97da342774a7 - - - - -] Notify callbacks ['neutron.services.segments.db._update_segment_host_mapping_for_agent-8776186027314'] for agent, after_update _notify_loop /usr/lib/python2.7/site-packages/neutron_lib/callbacks/manager.py:167
2018-07-03 15:01:55.570 14737 DEBUG neutron.quota.resource [req-dbba78e0-68ed-417c-af16-6b01a5fc2cae 1e4a3b3df0eb48a98ff649109b1dfc5e 5ff27f14b1eb4aaf9172fe06107c3557 - e98428933b8846458a11cfed5cc1b7ae e98428933b8846458a11cfed5cc1b7ae] Synchronizing usage tracker for tenant:5ff27f14b1eb4aaf9172fe06107c3557 on resource:port resync /usr/lib/python2.7/site-packages/neutron/quota/resource.py:245
2018-07-03 15:01:55.612 14737 DEBUG neutron.quota.resource [req-dbba78e0-68ed-417c-af16-6b01a5fc2cae 1e4a3b3df0eb48a98ff649109b1dfc5e 5ff27f14b1eb4aaf9172fe06107c3557 - e98428933b8846458a11cfed5cc1b7ae e98428933b8846458a11cfed5cc1b7ae] Unset dirty status for tenant:5ff27f14b1eb4aaf9172fe06107c3557 on resource:port _resync /usr/lib/python2.7/site-packages/neutron/quota/resource.py:237
2018-07-03 15:01:55.614 14737 INFO neutron.wsgi [req-dbba78e0-68ed-417c-af16-6b01a5fc2cae 1e4a3b3df0eb48a98ff649109b1dfc5e 5ff27f14b1eb4aaf9172fe06107c3557 - e98428933b8846458a11cfed5cc1b7ae e98428933b8846458a11cfed5cc1b7ae] 10.0.20.22 "GET /v2.0/ports?device_id=40c1f7c5-de49-4e97-9d8b-73b0307f066e HTTP/1.1" status: 200  len: 1124 time: 0.6556730
2018-07-03 15:01:55.756 14737 INFO neutron.wsgi [req-7a848265-39f2-49f5-963d-004e33c481f0 1e4a3b3df0eb48a98ff649109b1dfc5e 5ff27f14b1eb4aaf9172fe06107c3557 - e98428933b8846458a11cfed5cc1b7ae e98428933b8846458a11cfed5cc1b7ae] 10.0.20.22 "GET /v2.0/security-groups?id=34045944-65fb-4fa2-9917-ee7bb970e1b5 HTTP/1.1" status: 200  len: 2118 time: 0.1352110
2018-07-03 15:01:58.983 14743 DEBUG neutron_lib.callbacks.manager [req-fccaefe7-0e08-4363-9fb6-db108b82aee3 - - - - -] Notify callbacks ['neutron.services.segments.db._update_segment_host_mapping_for_agent-8776186027314'] for agent, after_update _notify_loop /usr/lib/python2.7/site-packages/neutron_lib/callbacks/manager.py:167
2018-07-03 15:01:59.177 14753 DEBUG neutron_lib.callbacks.manager [req-442273c1-4448-43e2-a787-33cf22be560a - - - - -] Notify callbacks ['neutron.services.segments.db._update_segment_host_mapping_for_agent-8776186027314'] for agent, after_update _notify_loop /usr/lib/python2.7/site-packages/neutron_lib/callbacks/manager.py:167
2018-07-03 15:02:00.632 14749 DEBUG neutron_lib.callbacks.manager [req-bb32c9eb-66fe-4af7-ae9b-5e6fce322884 - - - - -] Notify callbacks ['neutron.services.segments.db._update_segment_host_mapping_for_agent-8776186027314'] for agent, after_update _notify_loop /usr/lib/python2.7/site-packages/neutron_lib/callbacks/manager.py:167
2018-07-03 15:02:01.578 14754 DEBUG neutron_lib.callbacks.manager [req-720bbe4e-d52c-42d5-96f7-50191786c13c - - - - -] Notify callbacks ['neutron.services.segments.db._update_segment_host_mapping_for_agent-8776186027314'] for agent, after_update _notify_loop /usr/lib/python2.7/site-packages/neutron_lib/callbacks/manager.py:167
2018-07-03 15:02:04.153 14737 INFO neutron.wsgi [req-75912b59-b849-4d25-b49d-a1a9c3205066 8d51c6595f7b4b648f3775454a985b0c e3731f8202904eebb3e6658e91a6b0b5 - default default] 10.0.20.22 "GET /v2.0/ports?tenant_id=5ff27f14b1eb4aaf9172fe06107c3557&device_id=40c1f7c5-de49-4e97-9d8b-73b0307f066e HTTP/1.1" status: 200  len: 1124 time: 0.1906152
2018-07-03 15:02:04.423 14737 DEBUG neutron.pecan_wsgi.hooks.policy_enforcement [req-b365ecdc-95bf-44c4-be62-dfa3ed4196a0 8d51c6595f7b4b648f3775454a985b0c e3731f8202904eebb3e6658e91a6b0b5 - default default] Attributes excluded by policy engine: [u'vlan_transparent'] _exclude_attributes_by_policy /usr/lib/python2.7/site-packages/neutron/pecan_wsgi/hooks/policy_enforcement.py:256
2018-07-03 15:02:04.425 14737 INFO neutron.wsgi [req-b365ecdc-95bf-44c4-be62-dfa3ed4196a0 8d51c6595f7b4b648f3775454a985b0c e3731f8202904eebb3e6658e91a6b0b5 - default default] 10.0.20.22 "GET /v2.0/networks?id=fffca574-1afd-4788-8dab-9927bee819f1 HTTP/1.1" status: 200  len: 885 time: 0.2632871
