2018-09-29 03:52:36.810 16768 DEBUG neutron_lib.callbacks.manager [req-4c1a70bb-0bec-4360-b26e-3bb9eb47c8f7 - - - - -] Notify callbacks ['neutron.services.segments.db._update_segment_host_mapping_for_agent-8739281598122'] for agent, after_update _notify_loop /usr/lib/python2.7/site-packages/neutron_lib/callbacks/manager.py:167
2018-09-29 03:52:37.615 16764 DEBUG neutron_lib.callbacks.manager [req-fa4e6519-f1fe-4c68-ae5e-c520fb731ff0 - - - - -] Notify callbacks ['neutron.services.segments.db._update_segment_host_mapping_for_agent-8739281598122'] for agent, after_update _notify_loop /usr/lib/python2.7/site-packages/neutron_lib/callbacks/manager.py:167
2018-09-29 03:52:41.543 16761 DEBUG neutron_lib.callbacks.manager [req-24799f23-1a06-4b28-aeea-ec9f3a8647b2 - - - - -] Notify callbacks ['neutron.services.segments.db._update_segment_host_mapping_for_agent-8739281598122'] for agent, after_update _notify_loop /usr/lib/python2.7/site-packages/neutron_lib/callbacks/manager.py:167
2018-09-29 03:52:41.968 16765 DEBUG neutron_lib.callbacks.manager [req-d70899c8-cbe0-4090-a531-9ff791dd808d - - - - -] Notify callbacks ['neutron.services.segments.db._update_segment_host_mapping_for_agent-8739281598122'] for agent, after_update _notify_loop /usr/lib/python2.7/site-packages/neutron_lib/callbacks/manager.py:167
2018-09-29 03:52:46.165 16766 DEBUG neutron_lib.callbacks.manager [req-aaa5a0ce-89ba-4b07-93e5-88e606bad062 - - - - -] Notify callbacks ['neutron.services.segments.db._update_segment_host_mapping_for_agent-8739281598122'] for agent, after_update _notify_loop /usr/lib/python2.7/site-packages/neutron_lib/callbacks/manager.py:167
2018-09-29 03:52:47.505 16770 DEBUG neutron.db.agents_db [req-2589b06d-4b6a-4dad-a723-1914959ffe9b - - - - -] Agent healthcheck: found 5 active agents agent_health_check /usr/lib/python2.7/site-packages/neutron/db/agents_db.py:281
2018-09-29 03:53:06.825 16767 DEBUG neutron_lib.callbacks.manager [req-4c1a70bb-0bec-4360-b26e-3bb9eb47c8f7 - - - - -] Notify callbacks ['neutron.services.segments.db._update_segment_host_mapping_for_agent-8739281598122'] for agent, after_update _notify_loop /usr/lib/python2.7/site-packages/neutron_lib/callbacks/manager.py:167
2018-09-29 03:53:07.639 16760 DEBUG neutron_lib.callbacks.manager [req-b8a76df1-4b6b-4cd2-a5af-daf80e60bb3c - - - - -] Notify callbacks ['neutron.services.segments.db._update_segment_host_mapping_for_agent-8739281598122'] for agent, after_update _notify_loop /usr/lib/python2.7/site-packages/neutron_lib/callbacks/manager.py:167
2018-09-29 03:53:11.559 16763 DEBUG neutron_lib.callbacks.manager [req-24799f23-1a06-4b28-aeea-ec9f3a8647b2 - - - - -] Notify callbacks ['neutron.services.segments.db._update_segment_host_mapping_for_agent-8739281598122'] for agent, after_update _notify_loop /usr/lib/python2.7/site-packages/neutron_lib/callbacks/manager.py:167
2018-09-29 03:53:11.998 16762 DEBUG neutron_lib.callbacks.manager [req-d70899c8-cbe0-4090-a531-9ff791dd808d - - - - -] Notify callbacks ['neutron.services.segments.db._update_segment_host_mapping_for_agent-8739281598122'] for agent, after_update _notify_loop /usr/lib/python2.7/site-packages/neutron_lib/callbacks/manager.py:167
2018-09-29 03:53:16.166 16768 DEBUG neutron_lib.callbacks.manager [req-e75b686d-e9a7-427a-a2a9-cfb9f574ac78 - - - - -] Notify callbacks ['neutron.services.segments.db._update_segment_host_mapping_for_agent-8739281598122'] for agent, after_update _notify_loop /usr/lib/python2.7/site-packages/neutron_lib/callbacks/manager.py:167
2018-09-29 03:53:18.052 16759 DEBUG neutron.wsgi [-] (16759) accepted ('10.0.20.28', 50012) server /usr/lib/python2.7/site-packages/eventlet/wsgi.py:883
2018-09-29 03:53:18.057 16759 INFO neutron.wsgi [-] 10.0.20.28 "GET / HTTP/1.1" status: 200  len: 252 time: 0.0025671
2018-09-29 03:53:18.663 16759 DEBUG neutron.pecan_wsgi.hooks.policy_enforcement [req-462b4727-2142-4f5a-bc30-b53a51708dad 4b03028a189a47d2bcb45218621182c6 cfb66d2143704daeb408421d8f34ee93 - 4bcdadbb0d194564be3b9d3a6b2c0f38 4bcdadbb0d194564be3b9d3a6b2c0f38] Attributes excluded by policy engine: [u'shared'] _exclude_attributes_by_policy /usr/lib/python2.7/site-packages/neutron/pecan_wsgi/hooks/policy_enforcement.py:256
2018-09-29 03:53:18.664 16759 DEBUG neutron.pecan_wsgi.hooks.policy_enforcement [req-462b4727-2142-4f5a-bc30-b53a51708dad 4b03028a189a47d2bcb45218621182c6 cfb66d2143704daeb408421d8f34ee93 - 4bcdadbb0d194564be3b9d3a6b2c0f38 4bcdadbb0d194564be3b9d3a6b2c0f38] Attributes excluded by policy engine: [u'shared'] _exclude_attributes_by_policy /usr/lib/python2.7/site-packages/neutron/pecan_wsgi/hooks/policy_enforcement.py:256
2018-09-29 03:53:18.667 16759 INFO neutron.wsgi [req-462b4727-2142-4f5a-bc30-b53a51708dad 4b03028a189a47d2bcb45218621182c6 cfb66d2143704daeb408421d8f34ee93 - 4bcdadbb0d194564be3b9d3a6b2c0f38 4bcdadbb0d194564be3b9d3a6b2c0f38] 10.0.20.28 "GET /v2.0/subnets HTTP/1.1" status: 200  len: 1419 time: 0.6040509
2018-09-29 03:53:24.514 16770 DEBUG neutron.db.agents_db [req-2589b06d-4b6a-4dad-a723-1914959ffe9b - - - - -] Agent healthcheck: found 5 active agents agent_health_check /usr/lib/python2.7/site-packages/neutron/db/agents_db.py:281
2018-09-29 03:53:36.814 16764 DEBUG neutron_lib.callbacks.manager [req-4c1a70bb-0bec-4360-b26e-3bb9eb47c8f7 - - - - -] Notify callbacks ['neutron.services.segments.db._update_segment_host_mapping_for_agent-8739281598122'] for agent, after_update _notify_loop /usr/lib/python2.7/site-packages/neutron_lib/callbacks/manager.py:167
2018-09-29 03:53:37.623 16761 DEBUG neutron_lib.callbacks.manager [req-223fabf1-d8a5-4b80-9ed9-2e0f2108fd9a - - - - -] Notify callbacks ['neutron.services.segments.db._update_segment_host_mapping_for_agent-8739281598122'] for agent, after_update _notify_loop /usr/lib/python2.7/site-packages/neutron_lib/callbacks/manager.py:167
2018-09-29 03:53:41.541 16765 DEBUG neutron_lib.callbacks.manager [req-24799f23-1a06-4b28-aeea-ec9f3a8647b2 - - - - -] Notify callbacks ['neutron.services.segments.db._update_segment_host_mapping_for_agent-8739281598122'] for agent, after_update _notify_loop /usr/lib/python2.7/site-packages/neutron_lib/callbacks/manager.py:167
2018-09-29 03:53:41.962 16766 DEBUG neutron_lib.callbacks.manager [req-d70899c8-cbe0-4090-a531-9ff791dd808d - - - - -] Notify callbacks ['neutron.services.segments.db._update_segment_host_mapping_for_agent-8739281598122'] for agent, after_update _notify_loop /usr/lib/python2.7/site-packages/neutron_lib/callbacks/manager.py:167
2018-09-29 03:53:46.182 16767 DEBUG neutron_lib.callbacks.manager [req-017f2a00-e678-4213-aca6-0bd58177fb2c - - - - -] Notify callbacks ['neutron.services.segments.db._update_segment_host_mapping_for_agent-8739281598122'] for agent, after_update _notify_loop /usr/lib/python2.7/site-packages/neutron_lib/callbacks/manager.py:167
2018-09-29 03:54:00.753 16759 DEBUG neutron.wsgi [-] (16759) accepted ('10.0.20.28', 51122) server /usr/lib/python2.7/site-packages/eventlet/wsgi.py:883
2018-09-29 03:54:00.765 16759 INFO neutron.wsgi [-] 10.0.20.28 "GET / HTTP/1.1" status: 200  len: 252 time: 0.0103219
2018-09-29 03:54:01.267 16759 DEBUG neutron.api.v2.base [req-0c1cfd77-7530-4616-abb8-63f799811b4f 4b03028a189a47d2bcb45218621182c6 cfb66d2143704daeb408421d8f34ee93 - 4bcdadbb0d194564be3b9d3a6b2c0f38 4bcdadbb0d194564be3b9d3a6b2c0f38] Request body: {u'security_group': {u'name': u'tempest-SECURITY_GROUP_SAMPLE-1538207560', u'description': u'tempest-SECURITY_GROUP_SAMPLE-1538207560'}} prepare_request_body /usr/lib/python2.7/site-packages/neutron/api/v2/base.py:695
2018-09-29 03:54:01.269 16759 INFO neutron.quota [req-0c1cfd77-7530-4616-abb8-63f799811b4f 4b03028a189a47d2bcb45218621182c6 cfb66d2143704daeb408421d8f34ee93 - 4bcdadbb0d194564be3b9d3a6b2c0f38 4bcdadbb0d194564be3b9d3a6b2c0f38] Loaded quota_driver: <neutron.db.quota.driver.DbQuotaDriver object at 0x7f2c5b2439d0>.
2018-09-29 03:54:01.287 16759 DEBUG neutron.db.quota.driver [req-0c1cfd77-7530-4616-abb8-63f799811b4f 4b03028a189a47d2bcb45218621182c6 cfb66d2143704daeb408421d8f34ee93 - 4bcdadbb0d194564be3b9d3a6b2c0f38 4bcdadbb0d194564be3b9d3a6b2c0f38] Resources subnetpool have unlimited quota limit. It is not required to calculate headroom  make_reservation /usr/lib/python2.7/site-packages/neutron/db/quota/driver.py:223
2018-09-29 03:54:01.307 16759 DEBUG neutron.quota.resource [req-0c1cfd77-7530-4616-abb8-63f799811b4f 4b03028a189a47d2bcb45218621182c6 cfb66d2143704daeb408421d8f34ee93 - 4bcdadbb0d194564be3b9d3a6b2c0f38 4bcdadbb0d194564be3b9d3a6b2c0f38] Usage tracker for resource:security_group and tenant:cfb66d2143704daeb408421d8f34ee93 is out of sync, need to count used quota count_used /usr/lib/python2.7/site-packages/neutron/quota/resource.py:274
2018-09-29 03:54:01.317 16759 DEBUG neutron.quota.resource [req-0c1cfd77-7530-4616-abb8-63f799811b4f 4b03028a189a47d2bcb45218621182c6 cfb66d2143704daeb408421d8f34ee93 - 4bcdadbb0d194564be3b9d3a6b2c0f38 4bcdadbb0d194564be3b9d3a6b2c0f38] Quota usage for security_group was recalculated. Used quota:0. count_used /usr/lib/python2.7/site-packages/neutron/quota/resource.py:293
2018-09-29 03:54:01.332 16759 DEBUG neutron.db.quota.driver [req-0c1cfd77-7530-4616-abb8-63f799811b4f 4b03028a189a47d2bcb45218621182c6 cfb66d2143704daeb408421d8f34ee93 - 4bcdadbb0d194564be3b9d3a6b2c0f38 4bcdadbb0d194564be3b9d3a6b2c0f38] Attempting to reserve 1 items for resource security_group. Total usage: 0; quota limit: 10; headroom:10 make_reservation /usr/lib/python2.7/site-packages/neutron/db/quota/driver.py:255
2018-09-29 03:54:01.415 16759 DEBUG neutron_lib.callbacks.manager [req-0c1cfd77-7530-4616-abb8-63f799811b4f 4b03028a189a47d2bcb45218621182c6 cfb66d2143704daeb408421d8f34ee93 - 4bcdadbb0d194564be3b9d3a6b2c0f38 4bcdadbb0d194564be3b9d3a6b2c0f38] Notify callbacks [] for security_group, before_create _notify_loop /usr/lib/python2.7/site-packages/neutron_lib/callbacks/manager.py:167
2018-09-29 03:54:01.440 16759 DEBUG neutron_lib.callbacks.manager [req-0c1cfd77-7530-4616-abb8-63f799811b4f 4b03028a189a47d2bcb45218621182c6 cfb66d2143704daeb408421d8f34ee93 - 4bcdadbb0d194564be3b9d3a6b2c0f38 4bcdadbb0d194564be3b9d3a6b2c0f38] Notify callbacks [] for security_group, before_create _notify_loop /usr/lib/python2.7/site-packages/neutron_lib/callbacks/manager.py:167
2018-09-29 03:54:01.510 16770 DEBUG neutron.db.agents_db [req-2589b06d-4b6a-4dad-a723-1914959ffe9b - - - - -] Agent healthcheck: found 5 active agents agent_health_check /usr/lib/python2.7/site-packages/neutron/db/agents_db.py:281
2018-09-29 03:54:01.806 16759 DEBUG neutron_lib.callbacks.manager [req-0c1cfd77-7530-4616-abb8-63f799811b4f 4b03028a189a47d2bcb45218621182c6 cfb66d2143704daeb408421d8f34ee93 - 4bcdadbb0d194564be3b9d3a6b2c0f38 4bcdadbb0d194564be3b9d3a6b2c0f38] Notify callbacks [] for security_group, precommit_create _notify_loop /usr/lib/python2.7/site-packages/neutron_lib/callbacks/manager.py:167
2018-09-29 03:54:01.842 16759 DEBUG neutron_lib.callbacks.manager [req-0c1cfd77-7530-4616-abb8-63f799811b4f 4b03028a189a47d2bcb45218621182c6 cfb66d2143704daeb408421d8f34ee93 - 4bcdadbb0d194564be3b9d3a6b2c0f38 4bcdadbb0d194564be3b9d3a6b2c0f38] Notify callbacks ['neutron.plugins.ml2.ovo_rpc._ObjectChangeHandler.handle_event--9223372036854186134'] for security_group, after_create _notify_loop /usr/lib/python2.7/site-packages/neutron_lib/callbacks/manager.py:167
2018-09-29 03:54:01.851 16759 DEBUG oslo_concurrency.lockutils [-] Lock "event-dispatch" acquired by "neutron.plugins.ml2.ovo_rpc.dispatch_events" :: waited 0.000s inner /usr/lib/python2.7/site-packages/oslo_concurrency/lockutils.py:270
2018-09-29 03:54:01.935 16759 DEBUG neutron.api.rpc.handlers.resources_rpc [req-0c1cfd77-7530-4616-abb8-63f799811b4f 4b03028a189a47d2bcb45218621182c6 cfb66d2143704daeb408421d8f34ee93 - - -] neutron.api.rpc.handlers.resources_rpc.ResourcesPushRpcApi method push called with arguments (<neutron_lib.context.Context object at 0x7f2c5b841ed0>, [SecurityGroup(created_at=2018-09-29T07:54:01Z,description='Default security group',id=5825d311-e791-4d0a-a8b8-0a0600156e4a,is_default=True,name='default',project_id='cfb66d2143704daeb408421d8f34ee93',revision_number=4,rules=[SecurityGroupRule(18b57566-c334-4106-8396-c71b42f4085d),SecurityGroupRule(1cbaf3e4-a6da-49a5-9247-a9abc59bf99e),SecurityGroupRule(ea737667-215a-44c4-b11f-b3ee08c41b00),SecurityGroupRule(f13835e1-a65f-42f4-80aa-28f547e58e6b)],updated_at=2018-09-29T07:54:01Z)], 'updated') {} wrapper /usr/lib/python2.7/site-packages/oslo_log/helpers.py:66
2018-09-29 03:54:01.982 16759 DEBUG neutron.api.rpc.callbacks.version_manager [req-0c1cfd77-7530-4616-abb8-63f799811b4f 4b03028a189a47d2bcb45218621182c6 cfb66d2143704daeb408421d8f34ee93 - - -] Version for resource type Subnet changed None to 1.0 on consumer Open vSwitch agent@localhost.localdomain _set_version /usr/lib/python2.7/site-packages/neutron/api/rpc/callbacks/version_manager.py:119
2018-09-29 03:54:01.983 16759 DEBUG neutron.api.rpc.callbacks.version_manager [req-0c1cfd77-7530-4616-abb8-63f799811b4f 4b03028a189a47d2bcb45218621182c6 cfb66d2143704daeb408421d8f34ee93 - - -] Version for resource type Network changed None to 1.0 on consumer Open vSwitch agent@localhost.localdomain _set_version /usr/lib/python2.7/site-packages/neutron/api/rpc/callbacks/version_manager.py:119
2018-09-29 03:54:01.984 16759 DEBUG neutron.api.rpc.callbacks.version_manager [req-0c1cfd77-7530-4616-abb8-63f799811b4f 4b03028a189a47d2bcb45218621182c6 cfb66d2143704daeb408421d8f34ee93 - - -] Version for resource type SubPort changed None to 1.0 on consumer Open vSwitch agent@localhost.localdomain _set_version /usr/lib/python2.7/site-packages/neutron/api/rpc/callbacks/version_manager.py:119
2018-09-29 03:54:01.989 16759 DEBUG neutron.api.rpc.callbacks.version_manager [req-0c1cfd77-7530-4616-abb8-63f799811b4f 4b03028a189a47d2bcb45218621182c6 cfb66d2143704daeb408421d8f34ee93 - - -] Version for resource type SecurityGroup changed None to 1.0 on consumer Open vSwitch agent@localhost.localdomain _set_version /usr/lib/python2.7/site-packages/neutron/api/rpc/callbacks/version_manager.py:119
2018-09-29 03:54:01.990 16759 DEBUG neutron.api.rpc.callbacks.version_manager [req-0c1cfd77-7530-4616-abb8-63f799811b4f 4b03028a189a47d2bcb45218621182c6 cfb66d2143704daeb408421d8f34ee93 - - -] Version for resource type SecurityGroupRule changed None to 1.0 on consumer Open vSwitch agent@localhost.localdomain _set_version /usr/lib/python2.7/site-packages/neutron/api/rpc/callbacks/version_manager.py:119
2018-09-29 03:54:01.990 16759 DEBUG neutron.api.rpc.callbacks.version_manager [req-0c1cfd77-7530-4616-abb8-63f799811b4f 4b03028a189a47d2bcb45218621182c6 cfb66d2143704daeb408421d8f34ee93 - - -] Version for resource type Trunk changed None to 1.1 on consumer Open vSwitch agent@localhost.localdomain _set_version /usr/lib/python2.7/site-packages/neutron/api/rpc/callbacks/version_manager.py:119
2018-09-29 03:54:01.991 16759 DEBUG neutron.api.rpc.callbacks.version_manager [req-0c1cfd77-7530-4616-abb8-63f799811b4f 4b03028a189a47d2bcb45218621182c6 cfb66d2143704daeb408421d8f34ee93 - - -] Version for resource type QosPolicy changed None to 1.6 on consumer Open vSwitch agent@localhost.localdomain _set_version /usr/lib/python2.7/site-packages/neutron/api/rpc/callbacks/version_manager.py:119
2018-09-29 03:54:01.992 16759 DEBUG neutron.api.rpc.callbacks.version_manager [req-0c1cfd77-7530-4616-abb8-63f799811b4f 4b03028a189a47d2bcb45218621182c6 cfb66d2143704daeb408421d8f34ee93 - - -] Version for resource type Port changed None to 1.1 on consumer Open vSwitch agent@localhost.localdomain _set_version /usr/lib/python2.7/site-packages/neutron/api/rpc/callbacks/version_manager.py:119
2018-09-29 03:54:01.993 16759 DEBUG neutron.api.rpc.callbacks.version_manager [req-0c1cfd77-7530-4616-abb8-63f799811b4f 4b03028a189a47d2bcb45218621182c6 cfb66d2143704daeb408421d8f34ee93 - - -] Version for resource type Log changed None to 1.0 on consumer Open vSwitch agent@localhost.localdomain _set_version /usr/lib/python2.7/site-packages/neutron/api/rpc/callbacks/version_manager.py:119
2018-09-29 03:54:02.040 16759 DEBUG oslo_concurrency.lockutils [req-0c1cfd77-7530-4616-abb8-63f799811b4f 4b03028a189a47d2bcb45218621182c6 cfb66d2143704daeb408421d8f34ee93 - - -] Lock "event-dispatch" released by "neutron.plugins.ml2.ovo_rpc.dispatch_events" :: held 0.189s inner /usr/lib/python2.7/site-packages/oslo_concurrency/lockutils.py:282
2018-09-29 03:54:02.193 16759 DEBUG neutron_lib.callbacks.manager [req-0c1cfd77-7530-4616-abb8-63f799811b4f 4b03028a189a47d2bcb45218621182c6 cfb66d2143704daeb408421d8f34ee93 - 4bcdadbb0d194564be3b9d3a6b2c0f38 4bcdadbb0d194564be3b9d3a6b2c0f38] Notify callbacks [] for security_group, precommit_create _notify_loop /usr/lib/python2.7/site-packages/neutron_lib/callbacks/manager.py:167
2018-09-29 03:54:02.216 16759 DEBUG neutron_lib.callbacks.manager [req-0c1cfd77-7530-4616-abb8-63f799811b4f 4b03028a189a47d2bcb45218621182c6 cfb66d2143704daeb408421d8f34ee93 - 4bcdadbb0d194564be3b9d3a6b2c0f38 4bcdadbb0d194564be3b9d3a6b2c0f38] Notify callbacks ['neutron.plugins.ml2.ovo_rpc._ObjectChangeHandler.handle_event--9223372036854186134'] for security_group, after_create _notify_loop /usr/lib/python2.7/site-packages/neutron_lib/callbacks/manager.py:167
2018-09-29 03:54:02.227 16759 DEBUG oslo_concurrency.lockutils [-] Lock "event-dispatch" acquired by "neutron.plugins.ml2.ovo_rpc.dispatch_events" :: waited 0.000s inner /usr/lib/python2.7/site-packages/oslo_concurrency/lockutils.py:270
2018-09-29 03:54:02.285 16759 DEBUG neutron.quota.resource [req-0c1cfd77-7530-4616-abb8-63f799811b4f 4b03028a189a47d2bcb45218621182c6 cfb66d2143704daeb408421d8f34ee93 - 4bcdadbb0d194564be3b9d3a6b2c0f38 4bcdadbb0d194564be3b9d3a6b2c0f38] Persisted dirty status for tenant:cfb66d2143704daeb408421d8f34ee93 on resource:security_group_rule mark_dirty /usr/lib/python2.7/site-packages/neutron/quota/resource.py:207
2018-09-29 03:54:02.295 16759 DEBUG neutron.quota.resource [req-0c1cfd77-7530-4616-abb8-63f799811b4f 4b03028a189a47d2bcb45218621182c6 cfb66d2143704daeb408421d8f34ee93 - 4bcdadbb0d194564be3b9d3a6b2c0f38 4bcdadbb0d194564be3b9d3a6b2c0f38] Persisted dirty status for tenant:cfb66d2143704daeb408421d8f34ee93 on resource:security_group mark_dirty /usr/lib/python2.7/site-packages/neutron/quota/resource.py:207
2018-09-29 03:54:02.306 16759 DEBUG neutron.api.rpc.handlers.resources_rpc [req-0c1cfd77-7530-4616-abb8-63f799811b4f 4b03028a189a47d2bcb45218621182c6 cfb66d2143704daeb408421d8f34ee93 - - -] neutron.api.rpc.handlers.resources_rpc.ResourcesPushRpcApi method push called with arguments (<neutron_lib.context.Context object at 0x7f2c5b1eff90>, [SecurityGroup(created_at=2018-09-29T07:54:01Z,description='tempest-SECURITY_GROUP_SAMPLE-1538207560',id=36a6d8d7-3b2c-4008-9f27-391ced6d8598,is_default=False,name='tempest-SECURITY_GROUP_SAMPLE-1538207560',project_id='cfb66d2143704daeb408421d8f34ee93',revision_number=2,rules=[SecurityGroupRule(2881a909-f3d0-4413-8e48-181691295ffd),SecurityGroupRule(4fdfddc0-cc0f-4ef3-a25d-70e1b0a6e83a)],updated_at=2018-09-29T07:54:02Z)], 'updated') {} wrapper /usr/lib/python2.7/site-packages/oslo_log/helpers.py:66
2018-09-29 03:54:02.324 16759 DEBUG oslo_concurrency.lockutils [req-0c1cfd77-7530-4616-abb8-63f799811b4f 4b03028a189a47d2bcb45218621182c6 cfb66d2143704daeb408421d8f34ee93 - - -] Lock "event-dispatch" released by "neutron.plugins.ml2.ovo_rpc.dispatch_events" :: held 0.097s inner /usr/lib/python2.7/site-packages/oslo_concurrency/lockutils.py:282
2018-09-29 03:54:02.326 16759 DEBUG neutron_lib.callbacks.manager [req-0c1cfd77-7530-4616-abb8-63f799811b4f 4b03028a189a47d2bcb45218621182c6 cfb66d2143704daeb408421d8f34ee93 - 4bcdadbb0d194564be3b9d3a6b2c0f38 4bcdadbb0d194564be3b9d3a6b2c0f38] Notify callbacks [] for security_group, before_response _notify_loop /usr/lib/python2.7/site-packages/neutron_lib/callbacks/manager.py:167
2018-09-29 03:54:02.328 16759 INFO neutron.wsgi [req-0c1cfd77-7530-4616-abb8-63f799811b4f 4b03028a189a47d2bcb45218621182c6 cfb66d2143704daeb408421d8f34ee93 - 4bcdadbb0d194564be3b9d3a6b2c0f38 4bcdadbb0d194564be3b9d3a6b2c0f38] 10.0.20.28 "POST /v2.0/security-groups HTTP/1.1" status: 201  len: 1617 time: 1.5557251
2018-09-29 03:54:06.834 16760 DEBUG neutron_lib.callbacks.manager [req-4c1a70bb-0bec-4360-b26e-3bb9eb47c8f7 - - - - -] Notify callbacks ['neutron.services.segments.db._update_segment_host_mapping_for_agent-8739281598122'] for agent, after_update _notify_loop /usr/lib/python2.7/site-packages/neutron_lib/callbacks/manager.py:167
2018-09-29 03:54:07.645 16763 DEBUG neutron_lib.callbacks.manager [req-d2a803b4-60f1-4036-8ae8-039fdcdaac88 - - - - -] Notify callbacks ['neutron.services.segments.db._update_segment_host_mapping_for_agent-8739281598122'] for agent, after_update _notify_loop /usr/lib/python2.7/site-packages/neutron_lib/callbacks/manager.py:167
2018-09-29 03:54:09.919 16759 DEBUG neutron.wsgi [-] (16759) accepted ('10.0.20.28', 51142) server /usr/lib/python2.7/site-packages/eventlet/wsgi.py:883
2018-09-29 03:54:09.924 16759 INFO neutron.wsgi [-] 10.0.20.28 "GET / HTTP/1.1" status: 200  len: 252 time: 0.0030899
2018-09-29 03:54:10.664 16759 INFO neutron.api.v2.resource [req-a77aa9fb-9c0e-4422-9e70-0c1a27f008ba 4b03028a189a47d2bcb45218621182c6 cfb66d2143704daeb408421d8f34ee93 - 4bcdadbb0d194564be3b9d3a6b2c0f38 4bcdadbb0d194564be3b9d3a6b2c0f38] show failed (client error): The resource could not be found.
2018-09-29 03:54:10.667 16759 INFO neutron.wsgi [req-a77aa9fb-9c0e-4422-9e70-0c1a27f008ba 4b03028a189a47d2bcb45218621182c6 cfb66d2143704daeb408421d8f34ee93 - 4bcdadbb0d194564be3b9d3a6b2c0f38 4bcdadbb0d194564be3b9d3a6b2c0f38] 10.0.20.28 "GET /v2.0/security-groups/tempest-SECURITY_GROUP_SAMPLE-1538207560 HTTP/1.1" status: 404  len: 356 time: 0.7380621
2018-09-29 03:54:10.941 16759 DEBUG neutron.quota.resource [req-c90c6c80-5ffd-4095-b2c6-f7b2e1f3b311 4b03028a189a47d2bcb45218621182c6 cfb66d2143704daeb408421d8f34ee93 - 4bcdadbb0d194564be3b9d3a6b2c0f38 4bcdadbb0d194564be3b9d3a6b2c0f38] Synchronizing usage tracker for tenant:cfb66d2143704daeb408421d8f34ee93 on resource:security_group resync /usr/lib/python2.7/site-packages/neutron/quota/resource.py:245
2018-09-29 03:54:10.995 16759 DEBUG neutron.quota.resource [req-c90c6c80-5ffd-4095-b2c6-f7b2e1f3b311 4b03028a189a47d2bcb45218621182c6 cfb66d2143704daeb408421d8f34ee93 - 4bcdadbb0d194564be3b9d3a6b2c0f38 4bcdadbb0d194564be3b9d3a6b2c0f38] Unset dirty status for tenant:cfb66d2143704daeb408421d8f34ee93 on resource:security_group _resync /usr/lib/python2.7/site-packages/neutron/quota/resource.py:237
2018-09-29 03:54:11.001 16759 INFO neutron.wsgi [req-c90c6c80-5ffd-4095-b2c6-f7b2e1f3b311 4b03028a189a47d2bcb45218621182c6 cfb66d2143704daeb408421d8f34ee93 - 4bcdadbb0d194564be3b9d3a6b2c0f38 4bcdadbb0d194564be3b9d3a6b2c0f38] 10.0.20.28 "GET /v2.0/security-groups HTTP/1.1" status: 200  len: 20600 time: 0.3211510
2018-09-29 03:54:11.033 16759 DEBUG neutron.api.v2.base [req-8e0592ec-904c-483d-937b-cce2e36db5a9 4b03028a189a47d2bcb45218621182c6 cfb66d2143704daeb408421d8f34ee93 - 4bcdadbb0d194564be3b9d3a6b2c0f38 4bcdadbb0d194564be3b9d3a6b2c0f38] Request body: {u'security_group_rule': {u'direction': u'ingress', u'protocol': u'tcp', u'ethertype': u'IPv4', u'port_range_max': 22, u'security_group_id': u'36a6d8d7-3b2c-4008-9f27-391ced6d8598', u'port_range_min': 22, u'remote_ip_prefix': u'0.0.0.0/0'}} prepare_request_body /usr/lib/python2.7/site-packages/neutron/api/v2/base.py:695
2018-09-29 03:54:11.043 16759 DEBUG neutron.db.quota.driver [req-8e0592ec-904c-483d-937b-cce2e36db5a9 4b03028a189a47d2bcb45218621182c6 cfb66d2143704daeb408421d8f34ee93 - 4bcdadbb0d194564be3b9d3a6b2c0f38 4bcdadbb0d194564be3b9d3a6b2c0f38] Resources subnetpool have unlimited quota limit. It is not required to calculate headroom  make_reservation /usr/lib/python2.7/site-packages/neutron/db/quota/driver.py:223
2018-09-29 03:54:11.052 16759 DEBUG neutron.quota.resource [req-8e0592ec-904c-483d-937b-cce2e36db5a9 4b03028a189a47d2bcb45218621182c6 cfb66d2143704daeb408421d8f34ee93 - 4bcdadbb0d194564be3b9d3a6b2c0f38 4bcdadbb0d194564be3b9d3a6b2c0f38] Usage tracker for resource:security_group_rule and tenant:cfb66d2143704daeb408421d8f34ee93 is out of sync, need to count used quota count_used /usr/lib/python2.7/site-packages/neutron/quota/resource.py:274
2018-09-29 03:54:11.077 16759 DEBUG neutron.quota.resource [req-8e0592ec-904c-483d-937b-cce2e36db5a9 4b03028a189a47d2bcb45218621182c6 cfb66d2143704daeb408421d8f34ee93 - 4bcdadbb0d194564be3b9d3a6b2c0f38 4bcdadbb0d194564be3b9d3a6b2c0f38] Quota usage for security_group_rule was recalculated. Used quota:6. count_used /usr/lib/python2.7/site-packages/neutron/quota/resource.py:293
2018-09-29 03:54:11.100 16759 DEBUG neutron.db.quota.driver [req-8e0592ec-904c-483d-937b-cce2e36db5a9 4b03028a189a47d2bcb45218621182c6 cfb66d2143704daeb408421d8f34ee93 - 4bcdadbb0d194564be3b9d3a6b2c0f38 4bcdadbb0d194564be3b9d3a6b2c0f38] Attempting to reserve 1 items for resource security_group_rule. Total usage: 6; quota limit: 100; headroom:94 make_reservation /usr/lib/python2.7/site-packages/neutron/db/quota/driver.py:255
2018-09-29 03:54:11.297 16759 DEBUG neutron_lib.callbacks.manager [req-8e0592ec-904c-483d-937b-cce2e36db5a9 4b03028a189a47d2bcb45218621182c6 cfb66d2143704daeb408421d8f34ee93 - 4bcdadbb0d194564be3b9d3a6b2c0f38 4bcdadbb0d194564be3b9d3a6b2c0f38] Notify callbacks [] for security_group_rule, before_create _notify_loop /usr/lib/python2.7/site-packages/neutron_lib/callbacks/manager.py:167
2018-09-29 03:54:11.416 16759 DEBUG neutron_lib.callbacks.manager [req-8e0592ec-904c-483d-937b-cce2e36db5a9 4b03028a189a47d2bcb45218621182c6 cfb66d2143704daeb408421d8f34ee93 - 4bcdadbb0d194564be3b9d3a6b2c0f38 4bcdadbb0d194564be3b9d3a6b2c0f38] Notify callbacks [] for security_group_rule, precommit_create _notify_loop /usr/lib/python2.7/site-packages/neutron_lib/callbacks/manager.py:167
2018-09-29 03:54:11.436 16759 DEBUG neutron_lib.callbacks.manager [req-8e0592ec-904c-483d-937b-cce2e36db5a9 4b03028a189a47d2bcb45218621182c6 cfb66d2143704daeb408421d8f34ee93 - 4bcdadbb0d194564be3b9d3a6b2c0f38 4bcdadbb0d194564be3b9d3a6b2c0f38] Notify callbacks ['neutron.plugins.ml2.ovo_rpc._ObjectChangeHandler.handle_event--9223372036854186054'] for security_group_rule, after_create _notify_loop /usr/lib/python2.7/site-packages/neutron_lib/callbacks/manager.py:167
2018-09-29 03:54:11.449 16759 DEBUG oslo_concurrency.lockutils [-] Lock "event-dispatch" acquired by "neutron.plugins.ml2.ovo_rpc.dispatch_events" :: waited 0.000s inner /usr/lib/python2.7/site-packages/oslo_concurrency/lockutils.py:270
2018-09-29 03:54:11.518 16759 DEBUG neutron.api.rpc.handlers.resources_rpc [req-8e0592ec-904c-483d-937b-cce2e36db5a9 4b03028a189a47d2bcb45218621182c6 cfb66d2143704daeb408421d8f34ee93 - - -] neutron.api.rpc.handlers.resources_rpc.ResourcesPushRpcApi method push called with arguments (<neutron_lib.context.Context object at 0x7f2c5afbdf10>, [SecurityGroupRule(created_at=2018-09-29T07:54:11Z,description='',direction='ingress',ethertype='IPv4',id=14e63155-8e56-4869-bd78-ffed53955dee,port_range_max=22,port_range_min=22,project_id='cfb66d2143704daeb408421d8f34ee93',protocol='tcp',remote_group_id=<?>,remote_ip_prefix=0.0.0.0/0,revision_number=0,security_group_id=36a6d8d7-3b2c-4008-9f27-391ced6d8598,updated_at=2018-09-29T07:54:11Z)], 'updated') {} wrapper /usr/lib/python2.7/site-packages/oslo_log/helpers.py:66
2018-09-29 03:54:11.548 16762 DEBUG neutron_lib.callbacks.manager [req-24799f23-1a06-4b28-aeea-ec9f3a8647b2 - - - - -] Notify callbacks ['neutron.services.segments.db._update_segment_host_mapping_for_agent-8739281598122'] for agent, after_update _notify_loop /usr/lib/python2.7/site-packages/neutron_lib/callbacks/manager.py:167
2018-09-29 03:54:11.556 16759 DEBUG oslo_concurrency.lockutils [req-8e0592ec-904c-483d-937b-cce2e36db5a9 4b03028a189a47d2bcb45218621182c6 cfb66d2143704daeb408421d8f34ee93 - - -] Lock "event-dispatch" released by "neutron.plugins.ml2.ovo_rpc.dispatch_events" :: held 0.107s inner /usr/lib/python2.7/site-packages/oslo_concurrency/lockutils.py:282
2018-09-29 03:54:11.572 16759 DEBUG neutron.quota.resource [req-8e0592ec-904c-483d-937b-cce2e36db5a9 4b03028a189a47d2bcb45218621182c6 cfb66d2143704daeb408421d8f34ee93 - 4bcdadbb0d194564be3b9d3a6b2c0f38 4bcdadbb0d194564be3b9d3a6b2c0f38] Persisted dirty status for tenant:cfb66d2143704daeb408421d8f34ee93 on resource:security_group_rule mark_dirty /usr/lib/python2.7/site-packages/neutron/quota/resource.py:207
2018-09-29 03:54:11.584 16759 DEBUG neutron_lib.callbacks.manager [req-8e0592ec-904c-483d-937b-cce2e36db5a9 4b03028a189a47d2bcb45218621182c6 cfb66d2143704daeb408421d8f34ee93 - 4bcdadbb0d194564be3b9d3a6b2c0f38 4bcdadbb0d194564be3b9d3a6b2c0f38] Notify callbacks [] for security_group_rule, before_response _notify_loop /usr/lib/python2.7/site-packages/neutron_lib/callbacks/manager.py:167
2018-09-29 03:54:11.588 16759 INFO neutron.wsgi [req-8e0592ec-904c-483d-937b-cce2e36db5a9 4b03028a189a47d2bcb45218621182c6 cfb66d2143704daeb408421d8f34ee93 - 4bcdadbb0d194564be3b9d3a6b2c0f38 4bcdadbb0d194564be3b9d3a6b2c0f38] 10.0.20.28 "POST /v2.0/security-group-rules HTTP/1.1" status: 201  len: 718 time: 0.5706301
2018-09-29 03:54:11.991 16768 DEBUG neutron_lib.callbacks.manager [req-d70899c8-cbe0-4090-a531-9ff791dd808d - - - - -] Notify callbacks ['neutron.services.segments.db._update_segment_host_mapping_for_agent-8739281598122'] for agent, after_update _notify_loop /usr/lib/python2.7/site-packages/neutron_lib/callbacks/manager.py:167
2018-09-29 03:54:16.168 16764 DEBUG neutron_lib.callbacks.manager [req-d534bf80-0d70-4cc5-a6fd-52b01366b7cd - - - - -] Notify callbacks ['neutron.services.segments.db._update_segment_host_mapping_for_agent-8739281598122'] for agent, after_update _notify_loop /usr/lib/python2.7/site-packages/neutron_lib/callbacks/manager.py:167
2018-09-29 03:54:18.968 16757 DEBUG neutron.wsgi [-] (16757) accepted ('10.0.20.28', 51160) server /usr/lib/python2.7/site-packages/eventlet/wsgi.py:883
2018-09-29 03:54:18.997 16757 INFO neutron.wsgi [-] 10.0.20.28 "GET / HTTP/1.1" status: 200  len: 252 time: 0.0234599
2018-09-29 03:54:19.787 16757 INFO neutron.wsgi [req-04ab4b39-7a99-44e2-93a8-d74241eba67a 4b03028a189a47d2bcb45218621182c6 cfb66d2143704daeb408421d8f34ee93 - 4bcdadbb0d194564be3b9d3a6b2c0f38 4bcdadbb0d194564be3b9d3a6b2c0f38] 10.0.20.28 "GET /v2.0/security-groups HTTP/1.1" status: 200  len: 21103 time: 0.7841330
2018-09-29 03:54:29.000 16759 DEBUG neutron.wsgi [-] (16759) accepted ('10.0.20.28', 52196) server /usr/lib/python2.7/site-packages/eventlet/wsgi.py:883
2018-09-29 03:54:29.004 16759 INFO neutron.wsgi [-] 10.0.20.28 "GET / HTTP/1.1" status: 200  len: 252 time: 0.0015872
2018-09-29 03:54:29.687 16759 INFO neutron.pecan_wsgi.hooks.translation [req-58be6046-3f1e-4405-8d2e-d748dc426735 19fd61da60674b2e91a07d2494333a2a 2727c1c6bd314bc0863d48295fa76702 - default default] GET failed (client error): The resource could not be found.
2018-09-29 03:54:29.688 16759 INFO neutron.wsgi [req-58be6046-3f1e-4405-8d2e-d748dc426735 19fd61da60674b2e91a07d2494333a2a 2727c1c6bd314bc0863d48295fa76702 - default default] 10.0.20.28 "GET /v2.0/networks/public HTTP/1.1" status: 404  len: 314 time: 0.6790891
2018-09-29 03:54:29.943 16759 DEBUG neutron.pecan_wsgi.hooks.policy_enforcement [req-4d9728ed-a692-4afb-9b96-620398c4e913 19fd61da60674b2e91a07d2494333a2a 2727c1c6bd314bc0863d48295fa76702 - default default] Attributes excluded by policy engine: [u'vlan_transparent'] _exclude_attributes_by_policy /usr/lib/python2.7/site-packages/neutron/pecan_wsgi/hooks/policy_enforcement.py:256
2018-09-29 03:54:29.944 16759 DEBUG neutron.pecan_wsgi.hooks.policy_enforcement [req-4d9728ed-a692-4afb-9b96-620398c4e913 19fd61da60674b2e91a07d2494333a2a 2727c1c6bd314bc0863d48295fa76702 - default default] Attributes excluded by policy engine: [u'vlan_transparent'] _exclude_attributes_by_policy /usr/lib/python2.7/site-packages/neutron/pecan_wsgi/hooks/policy_enforcement.py:256
2018-09-29 03:54:29.947 16759 INFO neutron.wsgi [req-4d9728ed-a692-4afb-9b96-620398c4e913 19fd61da60674b2e91a07d2494333a2a 2727c1c6bd314bc0863d48295fa76702 - default default] 10.0.20.28 "GET /v2.0/networks HTTP/1.1" status: 200  len: 1542 time: 0.2533450
2018-09-29 03:54:36.694 16753 DEBUG neutron.wsgi [-] (16753) accepted ('10.0.20.28', 52210) server /usr/lib/python2.7/site-packages/eventlet/wsgi.py:883
2018-09-29 03:54:36.700 16753 INFO neutron.wsgi [-] 10.0.20.28 "GET / HTTP/1.1" status: 200  len: 252 time: 0.0023859
2018-09-29 03:54:36.810 16761 DEBUG neutron_lib.callbacks.manager [req-4c1a70bb-0bec-4360-b26e-3bb9eb47c8f7 - - - - -] Notify callbacks ['neutron.services.segments.db._update_segment_host_mapping_for_agent-8739281598122'] for agent, after_update _notify_loop /usr/lib/python2.7/site-packages/neutron_lib/callbacks/manager.py:167
2018-09-29 03:54:37.223 16753 DEBUG neutron.api.v2.base [req-d09d0cab-214d-4638-bf79-0bfb2d148388 4b03028a189a47d2bcb45218621182c6 cfb66d2143704daeb408421d8f34ee93 - 4bcdadbb0d194564be3b9d3a6b2c0f38 4bcdadbb0d194564be3b9d3a6b2c0f38] Request body: {u'network': {u'name': u'tempest-private-1538207560', u'admin_state_up': True}} prepare_request_body /usr/lib/python2.7/site-packages/neutron/api/v2/base.py:695
2018-09-29 03:54:37.239 16753 DEBUG neutron.db.quota.driver [req-d09d0cab-214d-4638-bf79-0bfb2d148388 4b03028a189a47d2bcb45218621182c6 cfb66d2143704daeb408421d8f34ee93 - 4bcdadbb0d194564be3b9d3a6b2c0f38 4bcdadbb0d194564be3b9d3a6b2c0f38] Resources subnetpool have unlimited quota limit. It is not required to calculate headroom  make_reservation /usr/lib/python2.7/site-packages/neutron/db/quota/driver.py:223
2018-09-29 03:54:37.249 16753 DEBUG neutron.quota.resource [req-d09d0cab-214d-4638-bf79-0bfb2d148388 4b03028a189a47d2bcb45218621182c6 cfb66d2143704daeb408421d8f34ee93 - 4bcdadbb0d194564be3b9d3a6b2c0f38 4bcdadbb0d194564be3b9d3a6b2c0f38] Usage tracker for resource:network and tenant:cfb66d2143704daeb408421d8f34ee93 is out of sync, need to count used quota count_used /usr/lib/python2.7/site-packages/neutron/quota/resource.py:274
2018-09-29 03:54:37.262 16753 DEBUG neutron.quota.resource [req-d09d0cab-214d-4638-bf79-0bfb2d148388 4b03028a189a47d2bcb45218621182c6 cfb66d2143704daeb408421d8f34ee93 - 4bcdadbb0d194564be3b9d3a6b2c0f38 4bcdadbb0d194564be3b9d3a6b2c0f38] Quota usage for network was recalculated. Used quota:0. count_used /usr/lib/python2.7/site-packages/neutron/quota/resource.py:293
2018-09-29 03:54:37.275 16753 DEBUG neutron.db.quota.driver [req-d09d0cab-214d-4638-bf79-0bfb2d148388 4b03028a189a47d2bcb45218621182c6 cfb66d2143704daeb408421d8f34ee93 - 4bcdadbb0d194564be3b9d3a6b2c0f38 4bcdadbb0d194564be3b9d3a6b2c0f38] Attempting to reserve 1 items for resource network. Total usage: 0; quota limit: 100; headroom:100 make_reservation /usr/lib/python2.7/site-packages/neutron/db/quota/driver.py:255
2018-09-29 03:54:37.311 16753 DEBUG neutron.pecan_wsgi.hooks.quota_enforcement [req-d09d0cab-214d-4638-bf79-0bfb2d148388 4b03028a189a47d2bcb45218621182c6 cfb66d2143704daeb408421d8f34ee93 - 4bcdadbb0d194564be3b9d3a6b2c0f38 4bcdadbb0d194564be3b9d3a6b2c0f38] Made reservation on behalf of cfb66d2143704daeb408421d8f34ee93 for: {'network': 1} before /usr/lib/python2.7/site-packages/neutron/pecan_wsgi/hooks/quota_enforcement.py:55
2018-09-29 03:54:37.316 16753 DEBUG neutron_lib.callbacks.manager [req-d09d0cab-214d-4638-bf79-0bfb2d148388 4b03028a189a47d2bcb45218621182c6 cfb66d2143704daeb408421d8f34ee93 - 4bcdadbb0d194564be3b9d3a6b2c0f38 4bcdadbb0d194564be3b9d3a6b2c0f38] Notify callbacks ['neutron.plugins.ml2.plugin.Ml2Plugin._ensure_default_security_group_handler-1818671'] for network, before_create _notify_loop /usr/lib/python2.7/site-packages/neutron_lib/callbacks/manager.py:167
2018-09-29 03:54:37.403 16753 DEBUG neutron.plugins.ml2.drivers.helpers [req-d09d0cab-214d-4638-bf79-0bfb2d148388 4b03028a189a47d2bcb45218621182c6 cfb66d2143704daeb408421d8f34ee93 - 4bcdadbb0d194564be3b9d3a6b2c0f38 4bcdadbb0d194564be3b9d3a6b2c0f38] vxlan segment allocate from pool started with {'vxlan_vni': 84}  allocate_partially_specified_segment /usr/lib/python2.7/site-packages/neutron/plugins/ml2/drivers/helpers.py:157
2018-09-29 03:54:37.410 16753 DEBUG neutron.plugins.ml2.drivers.helpers [req-d09d0cab-214d-4638-bf79-0bfb2d148388 4b03028a189a47d2bcb45218621182c6 cfb66d2143704daeb408421d8f34ee93 - 4bcdadbb0d194564be3b9d3a6b2c0f38 4bcdadbb0d194564be3b9d3a6b2c0f38] vxlan segment allocate from pool success with {'vxlan_vni': 84}  allocate_partially_specified_segment /usr/lib/python2.7/site-packages/neutron/plugins/ml2/drivers/helpers.py:165
2018-09-29 03:54:37.445 16753 DEBUG neutron_lib.callbacks.manager [req-d09d0cab-214d-4638-bf79-0bfb2d148388 4b03028a189a47d2bcb45218621182c6 cfb66d2143704daeb408421d8f34ee93 - 4bcdadbb0d194564be3b9d3a6b2c0f38 4bcdadbb0d194564be3b9d3a6b2c0f38] Notify callbacks ['neutron.plugins.ml2.plugin.Ml2Plugin._handle_segment_change-1458171', 'neutron.services.segments.db._add_segment_host_mapping_for_segment--9223363297573177679'] for segment, precommit_create _notify_loop /usr/lib/python2.7/site-packages/neutron_lib/callbacks/manager.py:167
2018-09-29 03:54:37.446 16753 INFO neutron.db.segments_db [req-d09d0cab-214d-4638-bf79-0bfb2d148388 4b03028a189a47d2bcb45218621182c6 cfb66d2143704daeb408421d8f34ee93 - 4bcdadbb0d194564be3b9d3a6b2c0f38 4bcdadbb0d194564be3b9d3a6b2c0f38] Added segment 44ba56a3-3260-49c6-94fc-eafcaadecacf of type vxlan for network 3977236a-70df-4042-80e4-8590e68de6fc
2018-09-29 03:54:37.591 16753 DEBUG neutron_lib.callbacks.manager [req-d09d0cab-214d-4638-bf79-0bfb2d148388 4b03028a189a47d2bcb45218621182c6 cfb66d2143704daeb408421d8f34ee93 - 4bcdadbb0d194564be3b9d3a6b2c0f38 4bcdadbb0d194564be3b9d3a6b2c0f38] Notify callbacks ['neutron.services.auto_allocate.db._ensure_external_network_default_value_callback-8739281188146'] for network, precommit_create _notify_loop /usr/lib/python2.7/site-packages/neutron_lib/callbacks/manager.py:167
2018-09-29 03:54:37.631 16765 DEBUG neutron_lib.callbacks.manager [req-c3d3c2fe-5ee0-4dc1-ad2d-e8b8462b929f - - - - -] Notify callbacks ['neutron.services.segments.db._update_segment_host_mapping_for_agent-8739281598122'] for agent, after_update _notify_loop /usr/lib/python2.7/site-packages/neutron_lib/callbacks/manager.py:167
2018-09-29 03:54:37.672 16753 DEBUG neutron_lib.callbacks.manager [req-d09d0cab-214d-4638-bf79-0bfb2d148388 4b03028a189a47d2bcb45218621182c6 cfb66d2143704daeb408421d8f34ee93 - 4bcdadbb0d194564be3b9d3a6b2c0f38 4bcdadbb0d194564be3b9d3a6b2c0f38] Notify callbacks ['neutron.plugins.ml2.ovo_rpc._ObjectChangeHandler.handle_event--9223372036854186038', 'neutron.api.rpc.agentnotifiers.dhcp_rpc_agent_api.DhcpAgentNotifyAPI._native_event_send_dhcp_notification-699306'] for network, after_create _notify_loop /usr/lib/python2.7/site-packages/neutron_lib/callbacks/manager.py:167
2018-09-29 03:54:37.674 16753 DEBUG neutron.pecan_wsgi.hooks.policy_enforcement [req-d09d0cab-214d-4638-bf79-0bfb2d148388 4b03028a189a47d2bcb45218621182c6 cfb66d2143704daeb408421d8f34ee93 - 4bcdadbb0d194564be3b9d3a6b2c0f38 4bcdadbb0d194564be3b9d3a6b2c0f38] Attributes excluded by policy engine: [u'vlan_transparent'] _exclude_attributes_by_policy /usr/lib/python2.7/site-packages/neutron/pecan_wsgi/hooks/policy_enforcement.py:256
2018-09-29 03:54:37.676 16753 DEBUG neutron_lib.callbacks.manager [req-d09d0cab-214d-4638-bf79-0bfb2d148388 4b03028a189a47d2bcb45218621182c6 cfb66d2143704daeb408421d8f34ee93 - 4bcdadbb0d194564be3b9d3a6b2c0f38 4bcdadbb0d194564be3b9d3a6b2c0f38] Notify callbacks ['neutron.api.rpc.agentnotifiers.dhcp_rpc_agent_api.DhcpAgentNotifyAPI._send_dhcp_notification-699291'] for network, before_response _notify_loop /usr/lib/python2.7/site-packages/neutron_lib/callbacks/manager.py:167
2018-09-29 03:54:37.679 16753 DEBUG oslo_concurrency.lockutils [-] Lock "event-dispatch" acquired by "neutron.plugins.ml2.ovo_rpc.dispatch_events" :: waited 0.000s inner /usr/lib/python2.7/site-packages/oslo_concurrency/lockutils.py:270
2018-09-29 03:54:37.779 16753 DEBUG neutron.quota.resource [req-d09d0cab-214d-4638-bf79-0bfb2d148388 4b03028a189a47d2bcb45218621182c6 cfb66d2143704daeb408421d8f34ee93 - 4bcdadbb0d194564be3b9d3a6b2c0f38 4bcdadbb0d194564be3b9d3a6b2c0f38] Persisted dirty status for tenant:cfb66d2143704daeb408421d8f34ee93 on resource:network mark_dirty /usr/lib/python2.7/site-packages/neutron/quota/resource.py:207
2018-09-29 03:54:37.842 16753 INFO neutron.wsgi [req-d09d0cab-214d-4638-bf79-0bfb2d148388 4b03028a189a47d2bcb45218621182c6 cfb66d2143704daeb408421d8f34ee93 - 4bcdadbb0d194564be3b9d3a6b2c0f38 4bcdadbb0d194564be3b9d3a6b2c0f38] 10.0.20.28 "POST /v2.0/networks HTTP/1.1" status: 201  len: 862 time: 1.1362450
2018-09-29 03:54:37.857 16753 DEBUG neutron.api.rpc.handlers.resources_rpc [req-d09d0cab-214d-4638-bf79-0bfb2d148388 4b03028a189a47d2bcb45218621182c6 cfb66d2143704daeb408421d8f34ee93 - - -] neutron.api.rpc.handlers.resources_rpc.ResourcesPushRpcApi method push called with arguments (<neutron_lib.context.Context object at 0x7f2c5b123650>, [Network(admin_state_up=True,availability_zone_hints=[],created_at=2018-09-29T07:54:37Z,description='',dns_domain=None,id=3977236a-70df-4042-80e4-8590e68de6fc,mtu=1450,name='tempest-private-1538207560',project_id='cfb66d2143704daeb408421d8f34ee93',qos_policy_id=None,revision_number=2,security=NetworkPortSecurity(3977236a-70df-4042-80e4-8590e68de6fc),segments=[NetworkSegment(44ba56a3-3260-49c6-94fc-eafcaadecacf)],shared=False,status='ACTIVE',updated_at=2018-09-29T07:54:37Z,vlan_transparent=<?>)], 'updated') {} wrapper /usr/lib/python2.7/site-packages/oslo_log/helpers.py:66
2018-09-29 03:54:37.872 16753 DEBUG neutron.api.rpc.callbacks.version_manager [req-d09d0cab-214d-4638-bf79-0bfb2d148388 4b03028a189a47d2bcb45218621182c6 cfb66d2143704daeb408421d8f34ee93 - - -] Version for resource type Subnet changed None to 1.0 on consumer Open vSwitch agent@localhost.localdomain _set_version /usr/lib/python2.7/site-packages/neutron/api/rpc/callbacks/version_manager.py:119
2018-09-29 03:54:37.873 16753 DEBUG neutron.api.rpc.callbacks.version_manager [req-d09d0cab-214d-4638-bf79-0bfb2d148388 4b03028a189a47d2bcb45218621182c6 cfb66d2143704daeb408421d8f34ee93 - - -] Version for resource type Network changed None to 1.0 on consumer Open vSwitch agent@localhost.localdomain _set_version /usr/lib/python2.7/site-packages/neutron/api/rpc/callbacks/version_manager.py:119
2018-09-29 03:54:37.874 16753 DEBUG neutron.api.rpc.callbacks.version_manager [req-d09d0cab-214d-4638-bf79-0bfb2d148388 4b03028a189a47d2bcb45218621182c6 cfb66d2143704daeb408421d8f34ee93 - - -] Version for resource type SubPort changed None to 1.0 on consumer Open vSwitch agent@localhost.localdomain _set_version /usr/lib/python2.7/site-packages/neutron/api/rpc/callbacks/version_manager.py:119
2018-09-29 03:54:37.874 16753 DEBUG neutron.api.rpc.callbacks.version_manager [req-d09d0cab-214d-4638-bf79-0bfb2d148388 4b03028a189a47d2bcb45218621182c6 cfb66d2143704daeb408421d8f34ee93 - - -] Version for resource type SecurityGroup changed None to 1.0 on consumer Open vSwitch agent@localhost.localdomain _set_version /usr/lib/python2.7/site-packages/neutron/api/rpc/callbacks/version_manager.py:119
2018-09-29 03:54:37.875 16753 DEBUG neutron.api.rpc.callbacks.version_manager [req-d09d0cab-214d-4638-bf79-0bfb2d148388 4b03028a189a47d2bcb45218621182c6 cfb66d2143704daeb408421d8f34ee93 - - -] Version for resource type SecurityGroupRule changed None to 1.0 on consumer Open vSwitch agent@localhost.localdomain _set_version /usr/lib/python2.7/site-packages/neutron/api/rpc/callbacks/version_manager.py:119
2018-09-29 03:54:37.875 16753 DEBUG neutron.api.rpc.callbacks.version_manager [req-d09d0cab-214d-4638-bf79-0bfb2d148388 4b03028a189a47d2bcb45218621182c6 cfb66d2143704daeb408421d8f34ee93 - - -] Version for resource type Trunk changed None to 1.1 on consumer Open vSwitch agent@localhost.localdomain _set_version /usr/lib/python2.7/site-packages/neutron/api/rpc/callbacks/version_manager.py:119
2018-09-29 03:54:37.875 16753 DEBUG neutron.api.rpc.callbacks.version_manager [req-d09d0cab-214d-4638-bf79-0bfb2d148388 4b03028a189a47d2bcb45218621182c6 cfb66d2143704daeb408421d8f34ee93 - - -] Version for resource type QosPolicy changed None to 1.6 on consumer Open vSwitch agent@localhost.localdomain _set_version /usr/lib/python2.7/site-packages/neutron/api/rpc/callbacks/version_manager.py:119
2018-09-29 03:54:37.876 16753 DEBUG neutron.api.rpc.callbacks.version_manager [req-d09d0cab-214d-4638-bf79-0bfb2d148388 4b03028a189a47d2bcb45218621182c6 cfb66d2143704daeb408421d8f34ee93 - - -] Version for resource type Port changed None to 1.1 on consumer Open vSwitch agent@localhost.localdomain _set_version /usr/lib/python2.7/site-packages/neutron/api/rpc/callbacks/version_manager.py:119
2018-09-29 03:54:37.876 16753 DEBUG neutron.api.rpc.callbacks.version_manager [req-d09d0cab-214d-4638-bf79-0bfb2d148388 4b03028a189a47d2bcb45218621182c6 cfb66d2143704daeb408421d8f34ee93 - - -] Version for resource type Log changed None to 1.0 on consumer Open vSwitch agent@localhost.localdomain _set_version /usr/lib/python2.7/site-packages/neutron/api/rpc/callbacks/version_manager.py:119
2018-09-29 03:54:37.903 16753 DEBUG oslo_concurrency.lockutils [req-d09d0cab-214d-4638-bf79-0bfb2d148388 4b03028a189a47d2bcb45218621182c6 cfb66d2143704daeb408421d8f34ee93 - - -] Lock "event-dispatch" released by "neutron.plugins.ml2.ovo_rpc.dispatch_events" :: held 0.224s inner /usr/lib/python2.7/site-packages/oslo_concurrency/lockutils.py:282
2018-09-29 03:54:38.513 16770 DEBUG neutron.db.agents_db [req-2589b06d-4b6a-4dad-a723-1914959ffe9b - - - - -] Agent healthcheck: found 5 active agents agent_health_check /usr/lib/python2.7/site-packages/neutron/db/agents_db.py:281
2018-09-29 03:54:41.549 16766 DEBUG neutron_lib.callbacks.manager [req-24799f23-1a06-4b28-aeea-ec9f3a8647b2 - - - - -] Notify callbacks ['neutron.services.segments.db._update_segment_host_mapping_for_agent-8739281598122'] for agent, after_update _notify_loop /usr/lib/python2.7/site-packages/neutron_lib/callbacks/manager.py:167
2018-09-29 03:54:41.965 16767 DEBUG neutron_lib.callbacks.manager [req-d70899c8-cbe0-4090-a531-9ff791dd808d - - - - -] Notify callbacks ['neutron.services.segments.db._update_segment_host_mapping_for_agent-8739281598122'] for agent, after_update _notify_loop /usr/lib/python2.7/site-packages/neutron_lib/callbacks/manager.py:167
2018-09-29 03:54:44.090 16753 DEBUG neutron.wsgi [-] (16753) accepted ('10.0.20.28', 52234) server /usr/lib/python2.7/site-packages/eventlet/wsgi.py:883
2018-09-29 03:54:44.094 16753 INFO neutron.wsgi [-] 10.0.20.28 "GET / HTTP/1.1" status: 200  len: 252 time: 0.0023730
2018-09-29 03:54:44.605 16753 INFO neutron.pecan_wsgi.hooks.translation [req-b09a646a-c23e-416c-9de4-38473e516515 4b03028a189a47d2bcb45218621182c6 cfb66d2143704daeb408421d8f34ee93 - 4bcdadbb0d194564be3b9d3a6b2c0f38 4bcdadbb0d194564be3b9d3a6b2c0f38] GET failed (client error): The resource could not be found.
2018-09-29 03:54:44.607 16753 DEBUG neutron.quota.resource [req-b09a646a-c23e-416c-9de4-38473e516515 4b03028a189a47d2bcb45218621182c6 cfb66d2143704daeb408421d8f34ee93 - 4bcdadbb0d194564be3b9d3a6b2c0f38 4bcdadbb0d194564be3b9d3a6b2c0f38] Synchronizing usage tracker for tenant:cfb66d2143704daeb408421d8f34ee93 on resource:network resync /usr/lib/python2.7/site-packages/neutron/quota/resource.py:245
2018-09-29 03:54:44.666 16753 DEBUG neutron.quota.resource [req-b09a646a-c23e-416c-9de4-38473e516515 4b03028a189a47d2bcb45218621182c6 cfb66d2143704daeb408421d8f34ee93 - 4bcdadbb0d194564be3b9d3a6b2c0f38 4bcdadbb0d194564be3b9d3a6b2c0f38] Unset dirty status for tenant:cfb66d2143704daeb408421d8f34ee93 on resource:network _resync /usr/lib/python2.7/site-packages/neutron/quota/resource.py:237
2018-09-29 03:54:44.669 16753 INFO neutron.wsgi [req-b09a646a-c23e-416c-9de4-38473e516515 4b03028a189a47d2bcb45218621182c6 cfb66d2143704daeb408421d8f34ee93 - 4bcdadbb0d194564be3b9d3a6b2c0f38 4bcdadbb0d194564be3b9d3a6b2c0f38] 10.0.20.28 "GET /v2.0/networks/tempest-private-1538207560 HTTP/1.1" status: 404  len: 334 time: 0.5705080
2018-09-29 03:54:44.911 16753 DEBUG neutron.pecan_wsgi.hooks.policy_enforcement [req-93cdb4de-7231-45b0-b2fa-c34ba46ad246 4b03028a189a47d2bcb45218621182c6 cfb66d2143704daeb408421d8f34ee93 - 4bcdadbb0d194564be3b9d3a6b2c0f38 4bcdadbb0d194564be3b9d3a6b2c0f38] Attributes excluded by policy engine: [u'vlan_transparent'] _exclude_attributes_by_policy /usr/lib/python2.7/site-packages/neutron/pecan_wsgi/hooks/policy_enforcement.py:256
2018-09-29 03:54:44.912 16753 DEBUG neutron.pecan_wsgi.hooks.policy_enforcement [req-93cdb4de-7231-45b0-b2fa-c34ba46ad246 4b03028a189a47d2bcb45218621182c6 cfb66d2143704daeb408421d8f34ee93 - 4bcdadbb0d194564be3b9d3a6b2c0f38 4bcdadbb0d194564be3b9d3a6b2c0f38] Attributes excluded by policy engine: [u'vlan_transparent'] _exclude_attributes_by_policy /usr/lib/python2.7/site-packages/neutron/pecan_wsgi/hooks/policy_enforcement.py:256
2018-09-29 03:54:44.913 16753 DEBUG neutron.pecan_wsgi.hooks.policy_enforcement [req-93cdb4de-7231-45b0-b2fa-c34ba46ad246 4b03028a189a47d2bcb45218621182c6 cfb66d2143704daeb408421d8f34ee93 - 4bcdadbb0d194564be3b9d3a6b2c0f38 4bcdadbb0d194564be3b9d3a6b2c0f38] Attributes excluded by policy engine: [u'vlan_transparent'] _exclude_attributes_by_policy /usr/lib/python2.7/site-packages/neutron/pecan_wsgi/hooks/policy_enforcement.py:256
2018-09-29 03:54:44.916 16753 INFO neutron.wsgi [req-93cdb4de-7231-45b0-b2fa-c34ba46ad246 4b03028a189a47d2bcb45218621182c6 cfb66d2143704daeb408421d8f34ee93 - 4bcdadbb0d194564be3b9d3a6b2c0f38 4bcdadbb0d194564be3b9d3a6b2c0f38] 10.0.20.28 "GET /v2.0/networks HTTP/1.1" status: 200  len: 2170 time: 0.2412841
