2018-09-13 21:44:03.997 27134 DEBUG neutron_lib.callbacks.manager [req-38a863eb-c35b-4a92-b623-a60d27c3a3ea 392423df3617489b9a4259e561d5ba29 a6274edd06114a55b9dc116852780190 - default default] Notify callbacks ['neutron.db.l3_hascheduler_db._notify_l3_agent_ha_port_update-8748548444722', 'neutron.api.rpc.agentnotifiers.dhcp_rpc_agent_api.DhcpAgentNotifyAPI._native_event_send_dhcp_notification--9223372036851342510', 'neutron.plugins.ml2.ovo_rpc._ObjectChangeHandler.handle_event-672772', 'neutron.plugins.ml2.plugin.Ml2Plugin.notify_sg_on_port_change--9223372036853020940', 'neutron.db.l3_dvrscheduler_db._notify_l3_agent_port_update--9223363288306332194'] for port, after_update _notify_loop /usr/lib/python2.7/site-packages/neutron_lib/callbacks/manager.py:167
2018-09-13 21:44:04.346 27134 DEBUG oslo_concurrency.lockutils [-] Lock "event-dispatch" acquired by "neutron.plugins.ml2.ovo_rpc.dispatch_events" :: waited 0.007s inner /usr/lib/python2.7/site-packages/oslo_concurrency/lockutils.py:270
2018-09-13 21:44:04.518 27134 DEBUG neutron.api.rpc.handlers.resources_rpc [req-38a863eb-c35b-4a92-b623-a60d27c3a3ea 392423df3617489b9a4259e561d5ba29 a6274edd06114a55b9dc116852780190 - - -] neutron.api.rpc.handlers.resources_rpc.ResourcesPushRpcApi method push called with arguments (<neutron_lib.context.Context object at 0x7f4ee1745fd0>, [Port(admin_state_up=True,allowed_address_pairs=[],binding=PortBinding,binding_levels=[PortBindingLevel],created_at=2018-09-14T01:43:58Z,data_plane_status=<?>,description='',device_id='f3c5386b-646e-46ca-aba3-f9488acb9f90',device_owner='compute:nova',dhcp_options=[],distributed_binding=None,dns=None,fixed_ips=[IPAllocation],id=cf30adca-d553-4f4c-b18a-0776cfc03534,mac_address=fa:16:3e:ac:23:ac,name='',network_id=6e2142c1-d0ff-4f35-8392-afb281cf3998,project_id='243cc79e367f4a808180f137d950f62c',qos_policy_id=None,revision_number=5,security=PortSecurity(cf30adca-d553-4f4c-b18a-0776cfc03534),security_group_ids=set([aa2e1582-575d-4949-8da8-5a18ec2a4b54]),status='DOWN',updated_at=2018-09-14T01:44:03Z)], 'updated') {} wrapper /usr/lib/python2.7/site-packages/oslo_log/helpers.py:66
2018-09-13 21:44:04.529 27134 DEBUG neutron_lib.callbacks.manager [req-38a863eb-c35b-4a92-b623-a60d27c3a3ea 392423df3617489b9a4259e561d5ba29 a6274edd06114a55b9dc116852780190 - default default] Notify callbacks ['neutron.api.rpc.agentnotifiers.dhcp_rpc_agent_api.DhcpAgentNotifyAPI._send_dhcp_notification--9223372036851342493', 'neutron.notifiers.nova.Notifier._send_nova_notification-39556'] for port, before_response _notify_loop /usr/lib/python2.7/site-packages/neutron_lib/callbacks/manager.py:167
2018-09-13 21:44:04.533 27134 DEBUG oslo_concurrency.lockutils [-] Lock "notifier-3ca67ce1-4116-4718-a730-3705d8ccc02e" acquired by "neutron.notifiers.batch_notifier.synced_send" :: waited 0.000s inner /usr/lib/python2.7/site-packages/oslo_concurrency/lockutils.py:270
2018-09-13 21:44:04.533 27134 DEBUG neutron.notifiers.nova [-] Sending events: [{'tag': u'cf30adca-d553-4f4c-b18a-0776cfc03534', 'name': 'network-changed', 'server_uuid': u'f3c5386b-646e-46ca-aba3-f9488acb9f90'}] send_events /usr/lib/python2.7/site-packages/neutron/notifiers/nova.py:242
2018-09-13 21:44:04.545 27134 INFO neutron.wsgi [req-38a863eb-c35b-4a92-b623-a60d27c3a3ea 392423df3617489b9a4259e561d5ba29 a6274edd06114a55b9dc116852780190 - default default] 10.0.20.24 "PUT /v2.0/ports/cf30adca-d553-4f4c-b18a-0776cfc03534 HTTP/1.1" status: 200  len: 1118 time: 3.0026870
2018-09-13 21:44:04.557 27134 DEBUG oslo_concurrency.lockutils [req-38a863eb-c35b-4a92-b623-a60d27c3a3ea 392423df3617489b9a4259e561d5ba29 a6274edd06114a55b9dc116852780190 - - -] Lock "event-dispatch" released by "neutron.plugins.ml2.ovo_rpc.dispatch_events" :: held 0.211s inner /usr/lib/python2.7/site-packages/oslo_concurrency/lockutils.py:282
2018-09-13 21:44:04.832 27134 INFO neutron.wsgi [req-835b6a1f-9d94-47f1-a724-455c50a65feb 392423df3617489b9a4259e561d5ba29 a6274edd06114a55b9dc116852780190 - default default] 10.0.20.24 "GET /v2.0/ports?tenant_id=243cc79e367f4a808180f137d950f62c&device_id=f3c5386b-646e-46ca-aba3-f9488acb9f90 HTTP/1.1" status: 200  len: 1121 time: 0.1193609
2018-09-13 21:44:04.878 27134 INFO neutron.wsgi [req-1fbf5952-06c9-49e7-b59b-551f3d229399 392423df3617489b9a4259e561d5ba29 a6274edd06114a55b9dc116852780190 - default default] 10.0.20.24 "GET /v2.0/floatingips?fixed_ip_address=11.14.1.5&port_id=cf30adca-d553-4f4c-b18a-0776cfc03534 HTTP/1.1" status: 200  len: 217 time: 0.0364740
2018-09-13 21:44:05.035 27134 DEBUG neutron.pecan_wsgi.hooks.policy_enforcement [req-c7ffdaab-52c7-4edd-9175-a5ec359694f5 392423df3617489b9a4259e561d5ba29 a6274edd06114a55b9dc116852780190 - default default] Attributes excluded by policy engine: [u'shared'] _exclude_attributes_by_policy /usr/lib/python2.7/site-packages/neutron/pecan_wsgi/hooks/policy_enforcement.py:256
2018-09-13 21:44:05.038 27134 INFO neutron.wsgi [req-c7ffdaab-52c7-4edd-9175-a5ec359694f5 392423df3617489b9a4259e561d5ba29 a6274edd06114a55b9dc116852780190 - default default] 10.0.20.24 "GET /v2.0/subnets?id=0a144775-fedf-4f70-9034-ee3320dd95b6 HTTP/1.1" status: 200  len: 843 time: 0.1516371
2018-09-13 21:44:05.152 27134 INFO neutron.wsgi [req-a5e36930-5733-494f-9c08-ea29289f23dc 392423df3617489b9a4259e561d5ba29 a6274edd06114a55b9dc116852780190 - default default] 10.0.20.24 "GET /v2.0/ports?network_id=6e2142c1-d0ff-4f35-8392-afb281cf3998&device_owner=network%3Adhcp HTTP/1.1" status: 200  len: 1127 time: 0.1060600
2018-09-13 21:44:05.557 27134 DEBUG novaclient.v2.client [-] REQ: curl -g -i -X POST http://10.0.20.24:8774/v2.1/a6274edd06114a55b9dc116852780190/os-server-external-events -H "User-Agent: python-novaclient" -H "Content-Type: application/json" -H "Accept: application/json" -H "X-OpenStack-Nova-API-Version: 2.1" -H "X-Auth-Token: {SHA1}5af2813fdbb822fc4658a52839f53dcbf7d37a1e" -d '{"events": [{"tag": "cf30adca-d553-4f4c-b18a-0776cfc03534", "name": "network-changed", "server_uuid": "f3c5386b-646e-46ca-aba3-f9488acb9f90"}]}' _http_log_request /usr/lib/python2.7/site-packages/keystoneauth1/session.py:375
2018-09-13 21:44:06.141 27134 DEBUG novaclient.v2.client [-] RESP: [200] Content-Length: 179 Content-Type: application/json Openstack-Api-Version: compute 2.1 X-Openstack-Nova-Api-Version: 2.1 Vary: OpenStack-API-Version, X-OpenStack-Nova-API-Version X-Openstack-Request-Id: req-f17866ed-c49c-4b53-a460-c33bec50e0b7 X-Compute-Request-Id: req-f17866ed-c49c-4b53-a460-c33bec50e0b7 Date: Fri, 14 Sep 2018 01:44:06 GMT Connection: keep-alive 
RESP BODY: {"events": [{"status": "completed", "tag": "cf30adca-d553-4f4c-b18a-0776cfc03534", "name": "network-changed", "server_uuid": "f3c5386b-646e-46ca-aba3-f9488acb9f90", "code": 200}]}
 _http_log_response /usr/lib/python2.7/site-packages/keystoneauth1/session.py:423
2018-09-13 21:44:06.142 27134 DEBUG novaclient.v2.client [-] POST call to compute for http://10.0.20.24:8774/v2.1/a6274edd06114a55b9dc116852780190/os-server-external-events used request id req-f17866ed-c49c-4b53-a460-c33bec50e0b7 request /usr/lib/python2.7/site-packages/keystoneauth1/session.py:727
2018-09-13 21:44:06.157 27134 INFO neutron.notifiers.nova [-] Nova event response: {u'status': u'completed', u'tag': u'cf30adca-d553-4f4c-b18a-0776cfc03534', u'name': u'network-changed', u'server_uuid': u'f3c5386b-646e-46ca-aba3-f9488acb9f90', u'code': 200}
2018-09-13 21:44:06.335 27134 INFO neutron.wsgi [req-4a2b87a8-111c-48e5-93db-1ff0b34e5f03 392423df3617489b9a4259e561d5ba29 a6274edd06114a55b9dc116852780190 - default default] 10.0.20.24 "GET /v2.0/ports?tenant_id=243cc79e367f4a808180f137d950f62c&device_id=f3c5386b-646e-46ca-aba3-f9488acb9f90 HTTP/1.1" status: 200  len: 1121 time: 0.1085689
2018-09-13 21:44:06.856 27134 DEBUG neutron.pecan_wsgi.hooks.policy_enforcement [req-590185e3-54de-4643-9eff-84ec988343bc 392423df3617489b9a4259e561d5ba29 a6274edd06114a55b9dc116852780190 - default default] Attributes excluded by policy engine: [u'vlan_transparent'] _exclude_attributes_by_policy /usr/lib/python2.7/site-packages/neutron/pecan_wsgi/hooks/policy_enforcement.py:256
2018-09-13 21:44:06.858 27134 INFO neutron.wsgi [req-590185e3-54de-4643-9eff-84ec988343bc 392423df3617489b9a4259e561d5ba29 a6274edd06114a55b9dc116852780190 - default default] 10.0.20.24 "GET /v2.0/networks?id=6e2142c1-d0ff-4f35-8392-afb281cf3998 HTTP/1.1" status: 200  len: 885 time: 0.5183241
2018-09-13 21:44:06.904 27134 INFO neutron.wsgi [req-53120631-ffbd-4057-a4cb-f404d2ade977 392423df3617489b9a4259e561d5ba29 a6274edd06114a55b9dc116852780190 - default default] 10.0.20.24 "GET /v2.0/floatingips?fixed_ip_address=11.14.1.5&port_id=cf30adca-d553-4f4c-b18a-0776cfc03534 HTTP/1.1" status: 200  len: 217 time: 0.0371540
2018-09-13 21:44:07.073 27134 DEBUG neutron.pecan_wsgi.hooks.policy_enforcement [req-2063ad6d-7f30-4cb2-96f7-790ba4e5a45e 392423df3617489b9a4259e561d5ba29 a6274edd06114a55b9dc116852780190 - default default] Attributes excluded by policy engine: [u'shared'] _exclude_attributes_by_policy /usr/lib/python2.7/site-packages/neutron/pecan_wsgi/hooks/policy_enforcement.py:256
2018-09-13 21:44:07.077 27134 INFO neutron.wsgi [req-2063ad6d-7f30-4cb2-96f7-790ba4e5a45e 392423df3617489b9a4259e561d5ba29 a6274edd06114a55b9dc116852780190 - default default] 10.0.20.24 "GET /v2.0/subnets?id=0a144775-fedf-4f70-9034-ee3320dd95b6 HTTP/1.1" status: 200  len: 843 time: 0.1672950
2018-09-13 21:44:07.198 27134 INFO neutron.wsgi [req-e565536a-6564-452b-a194-d8ece58ae738 392423df3617489b9a4259e561d5ba29 a6274edd06114a55b9dc116852780190 - default default] 10.0.20.24 "GET /v2.0/ports?network_id=6e2142c1-d0ff-4f35-8392-afb281cf3998&device_owner=network%3Adhcp HTTP/1.1" status: 200  len: 1127 time: 0.1126549
2018-09-13 21:44:08.159 27134 DEBUG oslo_concurrency.lockutils [-] Lock "notifier-3ca67ce1-4116-4718-a730-3705d8ccc02e" released by "neutron.notifiers.batch_notifier.synced_send" :: held 3.626s inner /usr/lib/python2.7/site-packages/oslo_concurrency/lockutils.py:282
2018-09-13 21:44:08.564 27148 DEBUG neutron.plugins.ml2.rpc [req-171f8cd3-76e2-4f02-b540-ce4a2ec672c8 - - - - -] Device cf30adca-d553-4f4c-b18a-0776cfc03534 up at agent ovs-agent-localhost.localdomain update_device_up /usr/lib/python2.7/site-packages/neutron/plugins/ml2/rpc.py:244
2018-09-13 21:44:08.677 27148 DEBUG neutron.db.provisioning_blocks [req-171f8cd3-76e2-4f02-b540-ce4a2ec672c8 - - - - -] Provisioning for port cf30adca-d553-4f4c-b18a-0776cfc03534 completed by entity L2. provisioning_complete /usr/lib/python2.7/site-packages/neutron/db/provisioning_blocks.py:132
2018-09-13 21:44:08.686 27148 DEBUG neutron.db.provisioning_blocks [req-171f8cd3-76e2-4f02-b540-ce4a2ec672c8 - - - - -] Provisioning complete for port cf30adca-d553-4f4c-b18a-0776cfc03534 triggered by entity L2. provisioning_complete /usr/lib/python2.7/site-packages/neutron/db/provisioning_blocks.py:138
2018-09-13 21:44:08.688 27148 DEBUG neutron_lib.callbacks.manager [req-171f8cd3-76e2-4f02-b540-ce4a2ec672c8 - - - - -] Notify callbacks ['neutron.plugins.ml2.plugin.Ml2Plugin._port_provisioned-1440282'] for port, provisioning_complete _notify_loop /usr/lib/python2.7/site-packages/neutron_lib/callbacks/manager.py:167
2018-09-13 21:44:08.918 27148 DEBUG neutron_lib.callbacks.manager [req-171f8cd3-76e2-4f02-b540-ce4a2ec672c8 - - - - -] Notify callbacks ['neutron.plugins.ml2.plugin.Ml2Plugin._ensure_default_security_group_handler--9223372036853022445'] for port, before_update _notify_loop /usr/lib/python2.7/site-packages/neutron_lib/callbacks/manager.py:167
2018-09-13 21:44:08.990 27148 DEBUG oslo_concurrency.lockutils [-] Lock "notifier-3ca67ce1-4116-4718-a730-3705d8ccc02e" acquired by "neutron.notifiers.batch_notifier.synced_send" :: waited 0.000s inner /usr/lib/python2.7/site-packages/oslo_concurrency/lockutils.py:270
2018-09-13 21:44:08.991 27148 DEBUG neutron.notifiers.nova [-] Sending events: [{'status': 'completed', 'tag': u'cf30adca-d553-4f4c-b18a-0776cfc03534', 'name': 'network-vif-plugged', 'server_uuid': u'f3c5386b-646e-46ca-aba3-f9488acb9f90'}] send_events /usr/lib/python2.7/site-packages/neutron/notifiers/nova.py:242
2018-09-13 21:44:09.006 27148 DEBUG neutron.plugins.ml2.db [req-171f8cd3-76e2-4f02-b540-ce4a2ec672c8 - - - - -] For port cf30adca-d553-4f4c-b18a-0776cfc03534, host localhost.localdomain, got binding levels [<neutron.plugins.ml2.models.PortBindingLevel[object at 7f4ee14506d0] {port_id=u'cf30adca-d553-4f4c-b18a-0776cfc03534', host=u'localhost.localdomain', level=0, driver=u'openvswitch', segment_id=u'd237dd02-8b52-4fb4-b717-932a5a75deeb'}>] get_binding_levels /usr/lib/python2.7/site-packages/neutron/plugins/ml2/db.py:106
2018-09-13 21:44:09.015 27148 DEBUG neutron_lib.callbacks.manager [req-171f8cd3-76e2-4f02-b540-ce4a2ec672c8 - - - - -] Notify callbacks ['neutron.db.l3_hascheduler_db._notify_l3_agent_ha_port_update-8748548444722', 'neutron.api.rpc.agentnotifiers.dhcp_rpc_agent_api.DhcpAgentNotifyAPI._native_event_send_dhcp_notification--9223372036851342510', 'neutron.plugins.ml2.ovo_rpc._ObjectChangeHandler.handle_event-672772', 'neutron.plugins.ml2.plugin.Ml2Plugin.notify_sg_on_port_change--9223372036853020940', 'neutron.db.l3_dvrscheduler_db._notify_l3_agent_port_update--9223363288306332194'] for port, after_update _notify_loop /usr/lib/python2.7/site-packages/neutron_lib/callbacks/manager.py:167
2018-09-13 21:44:09.038 27148 DEBUG oslo_concurrency.lockutils [-] Lock "event-dispatch" acquired by "neutron.plugins.ml2.ovo_rpc.dispatch_events" :: waited 0.000s inner /usr/lib/python2.7/site-packages/oslo_concurrency/lockutils.py:270
2018-09-13 21:44:09.285 27148 DEBUG neutron.api.rpc.handlers.resources_rpc [req-171f8cd3-76e2-4f02-b540-ce4a2ec672c8 - - - - -] neutron.api.rpc.handlers.resources_rpc.ResourcesPushRpcApi method push called with arguments (<neutron_lib.context.Context object at 0x7f4ee13a2ed0>, [Port(admin_state_up=True,allowed_address_pairs=[],binding=PortBinding,binding_levels=[PortBindingLevel],created_at=2018-09-14T01:43:58Z,data_plane_status=<?>,description='',device_id='f3c5386b-646e-46ca-aba3-f9488acb9f90',device_owner='compute:nova',dhcp_options=[],distributed_binding=None,dns=None,fixed_ips=[IPAllocation],id=cf30adca-d553-4f4c-b18a-0776cfc03534,mac_address=fa:16:3e:ac:23:ac,name='',network_id=6e2142c1-d0ff-4f35-8392-afb281cf3998,project_id='243cc79e367f4a808180f137d950f62c',qos_policy_id=None,revision_number=6,security=PortSecurity(cf30adca-d553-4f4c-b18a-0776cfc03534),security_group_ids=set([aa2e1582-575d-4949-8da8-5a18ec2a4b54]),status='ACTIVE',updated_at=2018-09-14T01:44:08Z)], 'updated') {} wrapper /usr/lib/python2.7/site-packages/oslo_log/helpers.py:66
2018-09-13 21:44:09.330 27148 DEBUG oslo_concurrency.lockutils [req-171f8cd3-76e2-4f02-b540-ce4a2ec672c8 - - - - -] Lock "event-dispatch" released by "neutron.plugins.ml2.ovo_rpc.dispatch_events" :: held 0.292s inner /usr/lib/python2.7/site-packages/oslo_concurrency/lockutils.py:282
2018-09-13 21:44:10.223 27148 DEBUG novaclient.v2.client [-] REQ: curl -g -i -X POST http://10.0.20.24:8774/v2.1/a6274edd06114a55b9dc116852780190/os-server-external-events -H "User-Agent: python-novaclient" -H "Content-Type: application/json" -H "Accept: application/json" -H "X-OpenStack-Nova-API-Version: 2.1" -H "X-Auth-Token: {SHA1}9a43e8329489c447e497d70fc8d3de41c04a2075" -d '{"events": [{"status": "completed", "tag": "cf30adca-d553-4f4c-b18a-0776cfc03534", "name": "network-vif-plugged", "server_uuid": "f3c5386b-646e-46ca-aba3-f9488acb9f90"}]}' _http_log_request /usr/lib/python2.7/site-packages/keystoneauth1/session.py:375
2018-09-13 21:44:10.314 27149 DEBUG neutron.plugins.ml2.rpc [req-171f8cd3-76e2-4f02-b540-ce4a2ec672c8 - - - - -] Device cf30adca-d553-4f4c-b18a-0776cfc03534 up at agent ovs-agent-localhost.localdomain update_device_up /usr/lib/python2.7/site-packages/neutron/plugins/ml2/rpc.py:244
2018-09-13 21:44:10.494 27149 DEBUG neutron.db.provisioning_blocks [req-171f8cd3-76e2-4f02-b540-ce4a2ec672c8 - - - - -] Provisioning complete for port cf30adca-d553-4f4c-b18a-0776cfc03534 triggered by entity L2. provisioning_complete /usr/lib/python2.7/site-packages/neutron/db/provisioning_blocks.py:138
2018-09-13 21:44:10.495 27149 DEBUG neutron_lib.callbacks.manager [req-171f8cd3-76e2-4f02-b540-ce4a2ec672c8 - - - - -] Notify callbacks ['neutron.plugins.ml2.plugin.Ml2Plugin._port_provisioned-1440282'] for port, provisioning_complete _notify_loop /usr/lib/python2.7/site-packages/neutron_lib/callbacks/manager.py:167
2018-09-13 21:44:11.511 27148 DEBUG novaclient.v2.client [-] RESP: [200] Content-Length: 183 Content-Type: application/json Openstack-Api-Version: compute 2.1 X-Openstack-Nova-Api-Version: 2.1 Vary: OpenStack-API-Version, X-OpenStack-Nova-API-Version X-Openstack-Request-Id: req-dbdcf262-ea80-49e2-9400-573d0eda2f7c X-Compute-Request-Id: req-dbdcf262-ea80-49e2-9400-573d0eda2f7c Date: Fri, 14 Sep 2018 01:44:11 GMT Connection: keep-alive 
RESP BODY: {"events": [{"status": "completed", "tag": "cf30adca-d553-4f4c-b18a-0776cfc03534", "name": "network-vif-plugged", "server_uuid": "f3c5386b-646e-46ca-aba3-f9488acb9f90", "code": 200}]}
 _http_log_response /usr/lib/python2.7/site-packages/keystoneauth1/session.py:423
2018-09-13 21:44:11.513 27148 DEBUG novaclient.v2.client [-] POST call to compute for http://10.0.20.24:8774/v2.1/a6274edd06114a55b9dc116852780190/os-server-external-events used request id req-dbdcf262-ea80-49e2-9400-573d0eda2f7c request /usr/lib/python2.7/site-packages/keystoneauth1/session.py:727
2018-09-13 21:44:11.549 27148 INFO neutron.notifiers.nova [-] Nova event response: {u'status': u'completed', u'tag': u'cf30adca-d553-4f4c-b18a-0776cfc03534', u'name': u'network-vif-plugged', u'server_uuid': u'f3c5386b-646e-46ca-aba3-f9488acb9f90', u'code': 200}
2018-09-13 21:44:11.809 27134 DEBUG neutron.wsgi [-] (27134) accepted ('10.0.20.24', 50090) server /usr/lib/python2.7/site-packages/eventlet/wsgi.py:883
2018-09-13 21:44:12.619 27134 WARNING keystonemiddleware.auth_token [-] A valid token was submitted as a service token, but it was not a valid service token. This is incorrect but backwards compatible behaviour. This will be removed in future releases.
2018-09-13 21:44:13.456 27134 DEBUG neutron.quota.resource [req-8e0277a1-7585-4b6c-972c-e6f46c3d4f73 d557bb6fec5b47948bc8b050b5947252 243cc79e367f4a808180f137d950f62c - 40598011047b4feab99b2d150f2a81c9 40598011047b4feab99b2d150f2a81c9] Synchronizing usage tracker for tenant:243cc79e367f4a808180f137d950f62c on resource:port resync /usr/lib/python2.7/site-packages/neutron/quota/resource.py:245
2018-09-13 21:44:13.539 27134 DEBUG neutron.quota.resource [req-8e0277a1-7585-4b6c-972c-e6f46c3d4f73 d557bb6fec5b47948bc8b050b5947252 243cc79e367f4a808180f137d950f62c - 40598011047b4feab99b2d150f2a81c9 40598011047b4feab99b2d150f2a81c9] Unset dirty status for tenant:243cc79e367f4a808180f137d950f62c on resource:port _resync /usr/lib/python2.7/site-packages/neutron/quota/resource.py:237
2018-09-13 21:44:13.541 27134 INFO neutron.wsgi [req-8e0277a1-7585-4b6c-972c-e6f46c3d4f73 d557bb6fec5b47948bc8b050b5947252 243cc79e367f4a808180f137d950f62c - 40598011047b4feab99b2d150f2a81c9 40598011047b4feab99b2d150f2a81c9] 10.0.20.24 "GET /v2.0/ports?device_id=f3c5386b-646e-46ca-aba3-f9488acb9f90 HTTP/1.1" status: 200  len: 1123 time: 1.7304790
2018-09-13 21:44:13.552 27148 DEBUG oslo_concurrency.lockutils [-] Lock "notifier-3ca67ce1-4116-4718-a730-3705d8ccc02e" released by "neutron.notifiers.batch_notifier.synced_send" :: held 4.562s inner /usr/lib/python2.7/site-packages/oslo_concurrency/lockutils.py:282
2018-09-13 21:44:13.682 27134 INFO neutron.wsgi [req-325ba2cb-1f5c-4fed-98b8-0d0031702eb8 d557bb6fec5b47948bc8b050b5947252 243cc79e367f4a808180f137d950f62c - 40598011047b4feab99b2d150f2a81c9 40598011047b4feab99b2d150f2a81c9] 10.0.20.24 "GET /v2.0/security-groups?id=aa2e1582-575d-4949-8da8-5a18ec2a4b54 HTTP/1.1" status: 200  len: 2118 time: 0.1297650
2018-09-13 21:44:19.636 27151 DEBUG neutron.db.agents_db [req-4edfa47a-bd70-4f66-86af-81ec69568997 - - - - -] Agent healthcheck: found 5 active agents agent_health_check /usr/lib/python2.7/site-packages/neutron/db/agents_db.py:281
2018-09-13 21:44:27.139 27134 INFO neutron.wsgi [req-7d66c3c3-3724-46c9-a002-7c333dd704b5 d557bb6fec5b47948bc8b050b5947252 243cc79e367f4a808180f137d950f62c - 40598011047b4feab99b2d150f2a81c9 40598011047b4feab99b2d150f2a81c9] 10.0.20.24 "GET /v2.0/ports?device_id=f3c5386b-646e-46ca-aba3-f9488acb9f90 HTTP/1.1" status: 200  len: 1123 time: 0.7801869
2018-09-13 21:44:27.158 27145 DEBUG neutron_lib.callbacks.manager [req-9b773fec-f1ae-4c63-b953-89fa77f9e4a8 - - - - -] Notify callbacks ['neutron.services.segments.db._update_segment_host_mapping_for_agent-8748548806736'] for agent, after_update _notify_loop /usr/lib/python2.7/site-packages/neutron_lib/callbacks/manager.py:167
2018-09-13 21:44:27.341 27134 INFO neutron.wsgi [req-e091c8ca-d622-4eb6-b439-ea3fed22a16d d557bb6fec5b47948bc8b050b5947252 243cc79e367f4a808180f137d950f62c - 40598011047b4feab99b2d150f2a81c9 40598011047b4feab99b2d150f2a81c9] 10.0.20.24 "GET /v2.0/security-groups?id=aa2e1582-575d-4949-8da8-5a18ec2a4b54 HTTP/1.1" status: 200  len: 2118 time: 0.1910689
2018-09-13 21:44:27.382 27147 DEBUG neutron_lib.callbacks.manager [req-f4b59a7a-805b-4dcf-9e6f-5907e249dca0 - - - - -] Notify callbacks ['neutron.services.segments.db._update_segment_host_mapping_for_agent-8748548806736'] for agent, after_update _notify_loop /usr/lib/python2.7/site-packages/neutron_lib/callbacks/manager.py:167
2018-09-13 21:44:27.600 27143 DEBUG neutron_lib.callbacks.manager [req-40ddffc9-2891-45e6-9855-3b090cfeda5e - - - - -] Notify callbacks ['neutron.services.segments.db._update_segment_host_mapping_for_agent-8748548806736'] for agent, after_update _notify_loop /usr/lib/python2.7/site-packages/neutron_lib/callbacks/manager.py:167
2018-09-13 21:44:28.195 27146 DEBUG neutron_lib.callbacks.manager [req-2bcfce14-f174-4175-b041-6a21e5798bf7 - - - - -] Notify callbacks ['neutron.services.segments.db._update_segment_host_mapping_for_agent-8748548806736'] for agent, after_update _notify_loop /usr/lib/python2.7/site-packages/neutron_lib/callbacks/manager.py:167
2018-09-13 21:44:30.513 27150 DEBUG neutron_lib.callbacks.manager [req-171f8cd3-76e2-4f02-b540-ce4a2ec672c8 - - - - -] Notify callbacks ['neutron.services.segments.db._update_segment_host_mapping_for_agent-8748548806736'] for agent, after_update _notify_loop /usr/lib/python2.7/site-packages/neutron_lib/callbacks/manager.py:167
2018-09-13 21:44:40.968 27134 DEBUG neutron.wsgi [-] (27134) accepted ('10.0.20.24', 51242) server /usr/lib/python2.7/site-packages/eventlet/wsgi.py:883
2018-09-13 21:44:40.972 27134 INFO neutron.wsgi [-] 10.0.20.24 "GET / HTTP/1.1" status: 200  len: 252 time: 0.0018749
2018-09-13 21:44:41.667 27134 INFO neutron.pecan_wsgi.hooks.translation [req-b6751fb1-2301-48db-b457-6d70766a0087 02e248cd8f0843eea56830a54be7a7df 194f3e7e9006484dbd7057072756dcfb - default default] GET failed (client error): The resource could not be found.
2018-09-13 21:44:41.671 27134 INFO neutron.wsgi [req-b6751fb1-2301-48db-b457-6d70766a0087 02e248cd8f0843eea56830a54be7a7df 194f3e7e9006484dbd7057072756dcfb - default default] 10.0.20.24 "GET /v2.0/networks/public HTTP/1.1" status: 404  len: 314 time: 0.6933298
2018-09-13 21:44:42.020 27134 DEBUG neutron.pecan_wsgi.hooks.policy_enforcement [req-0ad2deed-58e6-4a2a-9ed6-ec21d5607987 02e248cd8f0843eea56830a54be7a7df 194f3e7e9006484dbd7057072756dcfb - default default] Attributes excluded by policy engine: [u'vlan_transparent'] _exclude_attributes_by_policy /usr/lib/python2.7/site-packages/neutron/pecan_wsgi/hooks/policy_enforcement.py:256
2018-09-13 21:44:42.023 27134 DEBUG neutron.pecan_wsgi.hooks.policy_enforcement [req-0ad2deed-58e6-4a2a-9ed6-ec21d5607987 02e248cd8f0843eea56830a54be7a7df 194f3e7e9006484dbd7057072756dcfb - default default] Attributes excluded by policy engine: [u'vlan_transparent'] _exclude_attributes_by_policy /usr/lib/python2.7/site-packages/neutron/pecan_wsgi/hooks/policy_enforcement.py:256
2018-09-13 21:44:42.024 27134 DEBUG neutron.pecan_wsgi.hooks.policy_enforcement [req-0ad2deed-58e6-4a2a-9ed6-ec21d5607987 02e248cd8f0843eea56830a54be7a7df 194f3e7e9006484dbd7057072756dcfb - default default] Attributes excluded by policy engine: [u'vlan_transparent'] _exclude_attributes_by_policy /usr/lib/python2.7/site-packages/neutron/pecan_wsgi/hooks/policy_enforcement.py:256
2018-09-13 21:44:42.028 27134 INFO neutron.wsgi [req-0ad2deed-58e6-4a2a-9ed6-ec21d5607987 02e248cd8f0843eea56830a54be7a7df 194f3e7e9006484dbd7057072756dcfb - default default] 10.0.20.24 "GET /v2.0/networks HTTP/1.1" status: 200  len: 2214 time: 0.3478370
2018-09-13 21:44:42.937 27134 DEBUG neutron.api.v2.base [req-50e2c290-e3ec-4828-ba6e-8bd250e42a58 02e248cd8f0843eea56830a54be7a7df 194f3e7e9006484dbd7057072756dcfb - default default] Request body: {u'floatingip': {u'floating_network_id': u'98cf6b49-91c1-422d-a1ec-9d49628670a5', u'tenant_id': u'243cc79e367f4a808180f137d950f62c'}} prepare_request_body /usr/lib/python2.7/site-packages/neutron/api/v2/base.py:695
2018-09-13 21:44:42.951 27134 DEBUG neutron.db.quota.driver [req-50e2c290-e3ec-4828-ba6e-8bd250e42a58 02e248cd8f0843eea56830a54be7a7df 194f3e7e9006484dbd7057072756dcfb - default default] Resources subnetpool have unlimited quota limit. It is not required to calculate headroom  make_reservation /usr/lib/python2.7/site-packages/neutron/db/quota/driver.py:223
2018-09-13 21:44:42.964 27134 DEBUG neutron.quota.resource [req-50e2c290-e3ec-4828-ba6e-8bd250e42a58 02e248cd8f0843eea56830a54be7a7df 194f3e7e9006484dbd7057072756dcfb - default default] Usage tracker for resource:floatingip and tenant:243cc79e367f4a808180f137d950f62c is out of sync, need to count used quota count_used /usr/lib/python2.7/site-packages/neutron/quota/resource.py:274
2018-09-13 21:44:42.984 27134 DEBUG neutron.quota.resource [req-50e2c290-e3ec-4828-ba6e-8bd250e42a58 02e248cd8f0843eea56830a54be7a7df 194f3e7e9006484dbd7057072756dcfb - default default] Quota usage for floatingip was recalculated. Used quota:0. count_used /usr/lib/python2.7/site-packages/neutron/quota/resource.py:293
2018-09-13 21:44:43.002 27134 DEBUG neutron.db.quota.driver [req-50e2c290-e3ec-4828-ba6e-8bd250e42a58 02e248cd8f0843eea56830a54be7a7df 194f3e7e9006484dbd7057072756dcfb - default default] Attempting to reserve 1 items for resource floatingip. Total usage: 0; quota limit: 50; headroom:50 make_reservation /usr/lib/python2.7/site-packages/neutron/db/quota/driver.py:255
2018-09-13 21:44:43.520 27134 DEBUG neutron_lib.callbacks.manager [req-50e2c290-e3ec-4828-ba6e-8bd250e42a58 02e248cd8f0843eea56830a54be7a7df 194f3e7e9006484dbd7057072756dcfb - default default] Notify callbacks ['neutron.plugins.ml2.plugin.Ml2Plugin._ensure_default_security_group_handler--9223372036853022445'] for port, before_create _notify_loop /usr/lib/python2.7/site-packages/neutron_lib/callbacks/manager.py:167
2018-09-13 21:44:44.337 27134 DEBUG neutron.db.db_base_plugin_common [req-50e2c290-e3ec-4828-ba6e-8bd250e42a58 02e248cd8f0843eea56830a54be7a7df 194f3e7e9006484dbd7057072756dcfb - default default] Allocated IP 172.24.4.7 (98cf6b49-91c1-422d-a1ec-9d49628670a5/b8522e6e-dd32-47d0-940c-b0479a41e5ff/0f9609a4-91bd-44c8-afa4-a3d27adca186) _store_ip_allocation /usr/lib/python2.7/site-packages/neutron/db/db_base_plugin_common.py:122
2018-09-13 21:44:44.784 27134 DEBUG neutron_lib.callbacks.manager [req-50e2c290-e3ec-4828-ba6e-8bd250e42a58 02e248cd8f0843eea56830a54be7a7df 194f3e7e9006484dbd7057072756dcfb - default default] Notify callbacks [] for port, precommit_create _notify_loop /usr/lib/python2.7/site-packages/neutron_lib/callbacks/manager.py:167
2018-09-13 21:44:44.903 27134 DEBUG neutron_lib.callbacks.manager [req-50e2c290-e3ec-4828-ba6e-8bd250e42a58 02e248cd8f0843eea56830a54be7a7df 194f3e7e9006484dbd7057072756dcfb - default default] Notify callbacks ['neutron.api.rpc.agentnotifiers.dhcp_rpc_agent_api.DhcpAgentNotifyAPI._native_event_send_dhcp_notification--9223372036851342510', 'neutron.db.l3_dvrscheduler_db._notify_l3_agent_new_port--9223363288306332209', 'neutron.plugins.ml2.ovo_rpc._ObjectChangeHandler.handle_event-672772', 'neutron.plugins.ml2.plugin.Ml2Plugin.notify_sg_on_port_change--9223372036853020940'] for port, after_create _notify_loop /usr/lib/python2.7/site-packages/neutron_lib/callbacks/manager.py:167
2018-09-13 21:44:45.244 27134 DEBUG neutron.scheduler.dhcp_agent_scheduler [req-50e2c290-e3ec-4828-ba6e-8bd250e42a58 02e248cd8f0843eea56830a54be7a7df 194f3e7e9006484dbd7057072756dcfb - default default] Network 98cf6b49-91c1-422d-a1ec-9d49628670a5 is already hosted by enough agents. _get_dhcp_agents_hosting_network /usr/lib/python2.7/site-packages/neutron/scheduler/dhcp_agent_scheduler.py:243
2018-09-13 21:44:45.290 27134 DEBUG neutron.db.l3_dvrscheduler_db [req-50e2c290-e3ec-4828-ba6e-8bd250e42a58 02e248cd8f0843eea56830a54be7a7df 194f3e7e9006484dbd7057072756dcfb - default default] Received port after_create _notify_l3_agent_new_port /usr/lib/python2.7/site-packages/neutron/db/l3_dvrscheduler_db.py:392
2018-09-13 21:44:45.298 27134 DEBUG oslo_concurrency.lockutils [-] Lock "event-dispatch" acquired by "neutron.plugins.ml2.ovo_rpc.dispatch_events" :: waited 0.000s inner /usr/lib/python2.7/site-packages/oslo_concurrency/lockutils.py:270
2018-09-13 21:44:46.006 27134 DEBUG neutron.api.rpc.handlers.resources_rpc [req-50e2c290-e3ec-4828-ba6e-8bd250e42a58 02e248cd8f0843eea56830a54be7a7df 194f3e7e9006484dbd7057072756dcfb - - -] neutron.api.rpc.handlers.resources_rpc.ResourcesPushRpcApi method push called with arguments (<neutron_lib.context.Context object at 0x7f4ee0ba5f50>, [Port(admin_state_up=True,allowed_address_pairs=[],binding=PortBinding,binding_levels=[],created_at=2018-09-14T01:44:43Z,data_plane_status=<?>,description='',device_id='PENDING',device_owner='network:floatingip',dhcp_options=[],distributed_binding=None,dns=None,fixed_ips=[IPAllocation],id=0f9609a4-91bd-44c8-afa4-a3d27adca186,mac_address=fa:16:3e:05:11:2d,name='',network_id=98cf6b49-91c1-422d-a1ec-9d49628670a5,project_id='',qos_policy_id=None,revision_number=3,security=PortSecurity(0f9609a4-91bd-44c8-afa4-a3d27adca186),security_group_ids=set([]),status='N/A',updated_at=2018-09-14T01:44:44Z)], 'updated') {} wrapper /usr/lib/python2.7/site-packages/oslo_log/helpers.py:66
2018-09-13 21:44:46.097 27134 DEBUG neutron.api.rpc.callbacks.version_manager [req-50e2c290-e3ec-4828-ba6e-8bd250e42a58 02e248cd8f0843eea56830a54be7a7df 194f3e7e9006484dbd7057072756dcfb - - -] Version for resource type Subnet changed None to 1.0 on consumer Open vSwitch agent@localhost.localdomain _set_version /usr/lib/python2.7/site-packages/neutron/api/rpc/callbacks/version_manager.py:119
2018-09-13 21:44:46.097 27134 DEBUG neutron.api.rpc.callbacks.version_manager [req-50e2c290-e3ec-4828-ba6e-8bd250e42a58 02e248cd8f0843eea56830a54be7a7df 194f3e7e9006484dbd7057072756dcfb - - -] Version for resource type Network changed None to 1.0 on consumer Open vSwitch agent@localhost.localdomain _set_version /usr/lib/python2.7/site-packages/neutron/api/rpc/callbacks/version_manager.py:119
2018-09-13 21:44:46.099 27134 DEBUG neutron.api.rpc.callbacks.version_manager [req-50e2c290-e3ec-4828-ba6e-8bd250e42a58 02e248cd8f0843eea56830a54be7a7df 194f3e7e9006484dbd7057072756dcfb - - -] Version for resource type SubPort changed None to 1.0 on consumer Open vSwitch agent@localhost.localdomain _set_version /usr/lib/python2.7/site-packages/neutron/api/rpc/callbacks/version_manager.py:119
2018-09-13 21:44:46.100 27134 DEBUG neutron.api.rpc.callbacks.version_manager [req-50e2c290-e3ec-4828-ba6e-8bd250e42a58 02e248cd8f0843eea56830a54be7a7df 194f3e7e9006484dbd7057072756dcfb - - -] Version for resource type SecurityGroup changed None to 1.0 on consumer Open vSwitch agent@localhost.localdomain _set_version /usr/lib/python2.7/site-packages/neutron/api/rpc/callbacks/version_manager.py:119
2018-09-13 21:44:46.101 27134 DEBUG neutron.api.rpc.callbacks.version_manager [req-50e2c290-e3ec-4828-ba6e-8bd250e42a58 02e248cd8f0843eea56830a54be7a7df 194f3e7e9006484dbd7057072756dcfb - - -] Version for resource type SecurityGroupRule changed None to 1.0 on consumer Open vSwitch agent@localhost.localdomain _set_version /usr/lib/python2.7/site-packages/neutron/api/rpc/callbacks/version_manager.py:119
2018-09-13 21:44:46.102 27134 DEBUG neutron.api.rpc.callbacks.version_manager [req-50e2c290-e3ec-4828-ba6e-8bd250e42a58 02e248cd8f0843eea56830a54be7a7df 194f3e7e9006484dbd7057072756dcfb - - -] Version for resource type Trunk changed None to 1.1 on consumer Open vSwitch agent@localhost.localdomain _set_version /usr/lib/python2.7/site-packages/neutron/api/rpc/callbacks/version_manager.py:119
2018-09-13 21:44:46.102 27134 DEBUG neutron.api.rpc.callbacks.version_manager [req-50e2c290-e3ec-4828-ba6e-8bd250e42a58 02e248cd8f0843eea56830a54be7a7df 194f3e7e9006484dbd7057072756dcfb - - -] Version for resource type QosPolicy changed None to 1.6 on consumer Open vSwitch agent@localhost.localdomain _set_version /usr/lib/python2.7/site-packages/neutron/api/rpc/callbacks/version_manager.py:119
2018-09-13 21:44:46.103 27134 DEBUG neutron.api.rpc.callbacks.version_manager [req-50e2c290-e3ec-4828-ba6e-8bd250e42a58 02e248cd8f0843eea56830a54be7a7df 194f3e7e9006484dbd7057072756dcfb - - -] Version for resource type Port changed None to 1.1 on consumer Open vSwitch agent@localhost.localdomain _set_version /usr/lib/python2.7/site-packages/neutron/api/rpc/callbacks/version_manager.py:119
2018-09-13 21:44:46.104 27134 DEBUG neutron.api.rpc.callbacks.version_manager [req-50e2c290-e3ec-4828-ba6e-8bd250e42a58 02e248cd8f0843eea56830a54be7a7df 194f3e7e9006484dbd7057072756dcfb - - -] Version for resource type Log changed None to 1.0 on consumer Open vSwitch agent@localhost.localdomain _set_version /usr/lib/python2.7/site-packages/neutron/api/rpc/callbacks/version_manager.py:119
2018-09-13 21:44:46.214 27134 DEBUG oslo_concurrency.lockutils [req-50e2c290-e3ec-4828-ba6e-8bd250e42a58 02e248cd8f0843eea56830a54be7a7df 194f3e7e9006484dbd7057072756dcfb - - -] Lock "event-dispatch" released by "neutron.plugins.ml2.ovo_rpc.dispatch_events" :: held 0.916s inner /usr/lib/python2.7/site-packages/oslo_concurrency/lockutils.py:282
2018-09-13 21:44:46.247 27134 DEBUG neutron_lib.callbacks.manager [req-50e2c290-e3ec-4828-ba6e-8bd250e42a58 02e248cd8f0843eea56830a54be7a7df 194f3e7e9006484dbd7057072756dcfb - default default] Notify callbacks ['neutron.plugins.ml2.plugin.Ml2Plugin._ensure_default_security_group_handler--9223372036853022445'] for port, before_update _notify_loop /usr/lib/python2.7/site-packages/neutron_lib/callbacks/manager.py:167
2018-09-13 21:44:46.414 27134 INFO neutron.wsgi [req-6f7e9e20-8ffc-40bd-9831-4c3c14945aa9 392423df3617489b9a4259e561d5ba29 a6274edd06114a55b9dc116852780190 - default default] 10.0.20.24 "GET /v2.0/ports?tenant_id=243cc79e367f4a808180f137d950f62c&device_id=f3c5386b-646e-46ca-aba3-f9488acb9f90 HTTP/1.1" status: 200  len: 1123 time: 0.9815130
2018-09-13 21:44:47.018 27134 DEBUG neutron.pecan_wsgi.hooks.policy_enforcement [req-1024862d-351c-42c1-8291-ee26d25c2c8f 392423df3617489b9a4259e561d5ba29 a6274edd06114a55b9dc116852780190 - default default] Attributes excluded by policy engine: [u'vlan_transparent'] _exclude_attributes_by_policy /usr/lib/python2.7/site-packages/neutron/pecan_wsgi/hooks/policy_enforcement.py:256
2018-09-13 21:44:47.022 27134 INFO neutron.wsgi [req-1024862d-351c-42c1-8291-ee26d25c2c8f 392423df3617489b9a4259e561d5ba29 a6274edd06114a55b9dc116852780190 - default default] 10.0.20.24 "GET /v2.0/networks?id=6e2142c1-d0ff-4f35-8392-afb281cf3998 HTTP/1.1" status: 200  len: 885 time: 0.5938959
2018-09-13 21:44:47.145 27134 INFO neutron.wsgi [req-47bd33ae-53cd-4b8a-8a6e-9e03db718543 392423df3617489b9a4259e561d5ba29 a6274edd06114a55b9dc116852780190 - default default] 10.0.20.24 "GET /v2.0/floatingips?fixed_ip_address=11.14.1.5&port_id=cf30adca-d553-4f4c-b18a-0776cfc03534 HTTP/1.1" status: 200  len: 217 time: 0.0953281
2018-09-13 21:44:47.340 27134 DEBUG neutron_lib.callbacks.manager [req-50e2c290-e3ec-4828-ba6e-8bd250e42a58 02e248cd8f0843eea56830a54be7a7df 194f3e7e9006484dbd7057072756dcfb - default default] Notify callbacks [] for port, precommit_update _notify_loop /usr/lib/python2.7/site-packages/neutron_lib/callbacks/manager.py:167
2018-09-13 21:44:47.362 27134 DEBUG neutron_lib.callbacks.manager [req-50e2c290-e3ec-4828-ba6e-8bd250e42a58 02e248cd8f0843eea56830a54be7a7df 194f3e7e9006484dbd7057072756dcfb - default default] Notify callbacks ['neutron.db.l3_hascheduler_db._notify_l3_agent_ha_port_update-8748548444722', 'neutron.api.rpc.agentnotifiers.dhcp_rpc_agent_api.DhcpAgentNotifyAPI._native_event_send_dhcp_notification--9223372036851342510', 'neutron.plugins.ml2.ovo_rpc._ObjectChangeHandler.handle_event-672772', 'neutron.plugins.ml2.plugin.Ml2Plugin.notify_sg_on_port_change--9223372036853020940', 'neutron.db.l3_dvrscheduler_db._notify_l3_agent_port_update--9223363288306332194'] for port, after_update _notify_loop /usr/lib/python2.7/site-packages/neutron_lib/callbacks/manager.py:167
2018-09-13 21:44:47.582 27134 DEBUG neutron.pecan_wsgi.hooks.policy_enforcement [req-0c322f51-32d4-412a-9d29-9eef7f372142 392423df3617489b9a4259e561d5ba29 a6274edd06114a55b9dc116852780190 - default default] Attributes excluded by policy engine: [u'shared'] _exclude_attributes_by_policy /usr/lib/python2.7/site-packages/neutron/pecan_wsgi/hooks/policy_enforcement.py:256
2018-09-13 21:44:47.586 27134 INFO neutron.wsgi [req-0c322f51-32d4-412a-9d29-9eef7f372142 392423df3617489b9a4259e561d5ba29 a6274edd06114a55b9dc116852780190 - default default] 10.0.20.24 "GET /v2.0/subnets?id=0a144775-fedf-4f70-9034-ee3320dd95b6 HTTP/1.1" status: 200  len: 843 time: 0.4099131
2018-09-13 21:44:47.883 27134 DEBUG neutron_lib.callbacks.manager [req-50e2c290-e3ec-4828-ba6e-8bd250e42a58 02e248cd8f0843eea56830a54be7a7df 194f3e7e9006484dbd7057072756dcfb - default default] Notify callbacks ['neutron.services.l3_router.l3_router_plugin.L3RouterPlugin._create_dvr_floating_gw_port--9223372036851088338'] for floatingip, after_update _notify_loop /usr/lib/python2.7/site-packages/neutron_lib/callbacks/manager.py:167
2018-09-13 21:44:47.891 27134 DEBUG oslo_concurrency.lockutils [-] Lock "event-dispatch" acquired by "neutron.plugins.ml2.ovo_rpc.dispatch_events" :: waited 0.000s inner /usr/lib/python2.7/site-packages/oslo_concurrency/lockutils.py:270
2018-09-13 21:44:48.047 27134 DEBUG neutron.quota.resource [req-50e2c290-e3ec-4828-ba6e-8bd250e42a58 02e248cd8f0843eea56830a54be7a7df 194f3e7e9006484dbd7057072756dcfb - default default] Persisted dirty status for tenant:243cc79e367f4a808180f137d950f62c on resource:floatingip mark_dirty /usr/lib/python2.7/site-packages/neutron/quota/resource.py:207
2018-09-13 21:44:48.059 27134 DEBUG neutron.quota.resource [req-50e2c290-e3ec-4828-ba6e-8bd250e42a58 02e248cd8f0843eea56830a54be7a7df 194f3e7e9006484dbd7057072756dcfb - default default] Persisted dirty status for tenant: on resource:port mark_dirty /usr/lib/python2.7/site-packages/neutron/quota/resource.py:207
2018-09-13 21:44:48.077 27134 INFO neutron.wsgi [req-341825c5-7809-4939-8186-d3f55615c56d 392423df3617489b9a4259e561d5ba29 a6274edd06114a55b9dc116852780190 - default default] 10.0.20.24 "GET /v2.0/ports?network_id=6e2142c1-d0ff-4f35-8392-afb281cf3998&device_owner=network%3Adhcp HTTP/1.1" status: 200  len: 1127 time: 0.4796472
2018-09-13 21:44:48.105 27134 DEBUG neutron_lib.callbacks.manager [req-50e2c290-e3ec-4828-ba6e-8bd250e42a58 02e248cd8f0843eea56830a54be7a7df 194f3e7e9006484dbd7057072756dcfb - default default] Notify callbacks ['neutron.notifiers.nova.Notifier._send_nova_notification-39556'] for floatingip, before_response _notify_loop /usr/lib/python2.7/site-packages/neutron_lib/callbacks/manager.py:167
2018-09-13 21:44:48.108 27134 INFO neutron.wsgi [req-50e2c290-e3ec-4828-ba6e-8bd250e42a58 02e248cd8f0843eea56830a54be7a7df 194f3e7e9006484dbd7057072756dcfb - default default] 10.0.20.24 "POST /v2.0/floatingips HTTP/1.1" status: 201  len: 674 time: 5.1902549
2018-09-13 21:44:48.138 27134 DEBUG neutron.api.rpc.handlers.resources_rpc [req-50e2c290-e3ec-4828-ba6e-8bd250e42a58 02e248cd8f0843eea56830a54be7a7df 194f3e7e9006484dbd7057072756dcfb - - -] neutron.api.rpc.handlers.resources_rpc.ResourcesPushRpcApi method push called with arguments (<neutron_lib.context.Context object at 0x7f4ee10b2950>, [Port(admin_state_up=True,allowed_address_pairs=[],binding=PortBinding,binding_levels=[],created_at=2018-09-14T01:44:43Z,data_plane_status=<?>,description='',device_id='432dcd6d-f7eb-4092-b1f8-1333005006b5',device_owner='network:floatingip',dhcp_options=[],distributed_binding=None,dns=None,fixed_ips=[IPAllocation],id=0f9609a4-91bd-44c8-afa4-a3d27adca186,mac_address=fa:16:3e:05:11:2d,name='',network_id=98cf6b49-91c1-422d-a1ec-9d49628670a5,project_id='',qos_policy_id=None,revision_number=4,security=PortSecurity(0f9609a4-91bd-44c8-afa4-a3d27adca186),security_group_ids=set([]),status='N/A',updated_at=2018-09-14T01:44:46Z)], 'updated') {} wrapper /usr/lib/python2.7/site-packages/oslo_log/helpers.py:66
2018-09-13 21:44:48.175 27134 DEBUG oslo_concurrency.lockutils [req-50e2c290-e3ec-4828-ba6e-8bd250e42a58 02e248cd8f0843eea56830a54be7a7df 194f3e7e9006484dbd7057072756dcfb - - -] Lock "event-dispatch" released by "neutron.plugins.ml2.ovo_rpc.dispatch_events" :: held 0.283s inner /usr/lib/python2.7/site-packages/oslo_concurrency/lockutils.py:282
2018-09-13 21:44:52.120 27138 DEBUG neutron.wsgi [-] (27138) accepted ('10.0.20.24', 51362) server /usr/lib/python2.7/site-packages/eventlet/wsgi.py:883
2018-09-13 21:44:52.981 27138 INFO neutron.wsgi [req-2499b9a5-1b81-42b5-a9fc-3abaabc209d3 392423df3617489b9a4259e561d5ba29 a6274edd06114a55b9dc116852780190 - default default] 10.0.20.24 "GET /v2.0/ports?device_id=f3c5386b-646e-46ca-aba3-f9488acb9f90 HTTP/1.1" status: 200  len: 1123 time: 0.8579681
2018-09-13 21:44:53.196 27138 INFO neutron.wsgi [req-acc11bf7-35ae-4149-8ef1-0be01a21dbd5 392423df3617489b9a4259e561d5ba29 a6274edd06114a55b9dc116852780190 - default default] 10.0.20.24 "GET /v2.0/security-groups?id=aa2e1582-575d-4949-8da8-5a18ec2a4b54 HTTP/1.1" status: 200  len: 2118 time: 0.2007351
2018-09-13 21:44:56.636 27138 DEBUG neutron.wsgi [-] (27138) accepted ('10.0.20.24', 51388) server /usr/lib/python2.7/site-packages/eventlet/wsgi.py:883
2018-09-13 21:44:56.639 27151 DEBUG neutron.db.agents_db [req-4edfa47a-bd70-4f66-86af-81ec69568997 - - - - -] Agent healthcheck: found 5 active agents agent_health_check /usr/lib/python2.7/site-packages/neutron/db/agents_db.py:281
2018-09-13 21:44:57.143 27148 DEBUG neutron_lib.callbacks.manager [req-1aa57bf9-141f-4e59-a902-ad18b321e059 - - - - -] Notify callbacks ['neutron.services.segments.db._update_segment_host_mapping_for_agent-8748548806736'] for agent, after_update _notify_loop /usr/lib/python2.7/site-packages/neutron_lib/callbacks/manager.py:167
2018-09-13 21:44:57.205 27144 DEBUG neutron_lib.callbacks.manager [req-f4b59a7a-805b-4dcf-9e6f-5907e249dca0 - - - - -] Notify callbacks ['neutron.services.segments.db._update_segment_host_mapping_for_agent-8748548806736'] for agent, after_update _notify_loop /usr/lib/python2.7/site-packages/neutron_lib/callbacks/manager.py:167
2018-09-13 21:44:57.466 27138 INFO neutron.wsgi [req-9ec0cb4e-0c02-4956-b15c-4e6bda46a97f 392423df3617489b9a4259e561d5ba29 a6274edd06114a55b9dc116852780190 - default default] 10.0.20.24 "GET /v2.0/ports?device_id=f3c5386b-646e-46ca-aba3-f9488acb9f90 HTTP/1.1" status: 200  len: 1123 time: 0.8270969
2018-09-13 21:44:57.511 27149 DEBUG neutron_lib.callbacks.manager [req-40ddffc9-2891-45e6-9855-3b090cfeda5e - - - - -] Notify callbacks ['neutron.services.segments.db._update_segment_host_mapping_for_agent-8748548806736'] for agent, after_update _notify_loop /usr/lib/python2.7/site-packages/neutron_lib/callbacks/manager.py:167
2018-09-13 21:44:57.620 27138 INFO neutron.wsgi [req-90425f0f-9a1e-4aa5-afe2-3315eb12a9d1 392423df3617489b9a4259e561d5ba29 a6274edd06114a55b9dc116852780190 - default default] 10.0.20.24 "GET /v2.0/security-groups?id=aa2e1582-575d-4949-8da8-5a18ec2a4b54 HTTP/1.1" status: 200  len: 2118 time: 0.1447160
2018-09-13 21:44:58.200 27142 DEBUG neutron_lib.callbacks.manager [req-cad12bc0-97c4-4021-9c22-02ff363ff2a6 - - - - -] Notify callbacks ['neutron.services.segments.db._update_segment_host_mapping_for_agent-8748548806736'] for agent, after_update _notify_loop /usr/lib/python2.7/site-packages/neutron_lib/callbacks/manager.py:167
2018-09-13 21:45:00.482 27145 DEBUG neutron_lib.callbacks.manager [req-171f8cd3-76e2-4f02-b540-ce4a2ec672c8 - - - - -] Notify callbacks ['neutron.services.segments.db._update_segment_host_mapping_for_agent-8748548806736'] for agent, after_update _notify_loop /usr/lib/python2.7/site-packages/neutron_lib/callbacks/manager.py:167
2018-09-13 21:45:00.544 27134 DEBUG neutron.wsgi [-] (27134) accepted ('10.0.20.24', 51432) server /usr/lib/python2.7/site-packages/eventlet/wsgi.py:883
2018-09-13 21:45:01.178 27134 INFO neutron.wsgi [req-efd38607-6644-48c7-9540-a07b4d764885 392423df3617489b9a4259e561d5ba29 a6274edd06114a55b9dc116852780190 - default default] 10.0.20.24 "GET /v2.0/ports?device_id=f3c5386b-646e-46ca-aba3-f9488acb9f90 HTTP/1.1" status: 200  len: 1123 time: 0.6310811
2018-09-13 21:45:01.297 27134 INFO neutron.wsgi [req-3a95eafe-82f6-4ebf-ad1b-79f133a009f8 392423df3617489b9a4259e561d5ba29 a6274edd06114a55b9dc116852780190 - default default] 10.0.20.24 "GET /v2.0/security-groups?id=aa2e1582-575d-4949-8da8-5a18ec2a4b54 HTTP/1.1" status: 200  len: 2118 time: 0.1108809
2018-09-13 21:45:02.389 27138 DEBUG neutron.wsgi [-] (27138) accepted ('10.0.20.24', 51468) server /usr/lib/python2.7/site-packages/eventlet/wsgi.py:883
2018-09-13 21:45:03.014 27138 WARNING keystonemiddleware.auth_token [-] A valid token was submitted as a service token, but it was not a valid service token. This is incorrect but backwards compatible behaviour. This will be removed in future releases.
2018-09-13 21:45:03.698 27138 INFO neutron.wsgi [req-5b923e44-d462-4840-b81d-7834747dffba d557bb6fec5b47948bc8b050b5947252 243cc79e367f4a808180f137d950f62c - 40598011047b4feab99b2d150f2a81c9 40598011047b4feab99b2d150f2a81c9] 10.0.20.24 "GET /v2.0/ports?device_id=f3c5386b-646e-46ca-aba3-f9488acb9f90 HTTP/1.1" status: 200  len: 1123 time: 1.3054280
2018-09-13 21:45:03.852 27138 INFO neutron.wsgi [req-b891815b-6d0b-453d-b410-441bcf578ff2 d557bb6fec5b47948bc8b050b5947252 243cc79e367f4a808180f137d950f62c - 40598011047b4feab99b2d150f2a81c9 40598011047b4feab99b2d150f2a81c9] 10.0.20.24 "GET /v2.0/security-groups?id=aa2e1582-575d-4949-8da8-5a18ec2a4b54 HTTP/1.1" status: 200  len: 2118 time: 0.1451120
2018-09-13 21:45:04.129 27138 INFO neutron.wsgi [req-6efc4de4-60e5-4125-9b35-45bc7ce84f20 d557bb6fec5b47948bc8b050b5947252 243cc79e367f4a808180f137d950f62c - 40598011047b4feab99b2d150f2a81c9 40598011047b4feab99b2d150f2a81c9] 10.0.20.24 "GET /v2.0/ports?device_owner=compute%3Anova&device_id=f3c5386b-646e-46ca-aba3-f9488acb9f90 HTTP/1.1" status: 200  len: 1123 time: 0.1299460
2018-09-13 21:45:04.145 27134 DEBUG neutron.wsgi [-] (27134) accepted ('10.0.20.24', 51482) server /usr/lib/python2.7/site-packages/eventlet/wsgi.py:883
2018-09-13 21:45:04.190 27138 INFO neutron.wsgi [req-4135e17f-5234-4489-91e6-9fa24b463501 d557bb6fec5b47948bc8b050b5947252 243cc79e367f4a808180f137d950f62c - 40598011047b4feab99b2d150f2a81c9 40598011047b4feab99b2d150f2a81c9] 10.0.20.24 "GET /v2.0/floatingips?floating_ip_address=172.24.4.7 HTTP/1.1" status: 200  len: 672 time: 0.0521178
2018-09-13 21:45:04.215 27138 DEBUG neutron.api.v2.base [req-ad4c22b6-0526-44e0-bca3-e7d3a4a19d27 d557bb6fec5b47948bc8b050b5947252 243cc79e367f4a808180f137d950f62c - 40598011047b4feab99b2d150f2a81c9 40598011047b4feab99b2d150f2a81c9] Request body: {u'floatingip': {u'fixed_ip_address': u'11.14.1.5', u'port_id': u'cf30adca-d553-4f4c-b18a-0776cfc03534'}} prepare_request_body /usr/lib/python2.7/site-packages/neutron/api/v2/base.py:695
2018-09-13 21:45:04.562 27134 INFO neutron.wsgi [req-634f2c9a-0404-45bc-84f7-b8ab4b01c85b 392423df3617489b9a4259e561d5ba29 a6274edd06114a55b9dc116852780190 - default default] 10.0.20.24 "GET /v2.0/ports?device_id=f3c5386b-646e-46ca-aba3-f9488acb9f90 HTTP/1.1" status: 200  len: 1123 time: 0.4154131
2018-09-13 21:45:04.650 27138 DEBUG neutron_lib.callbacks.manager [req-ad4c22b6-0526-44e0-bca3-e7d3a4a19d27 d557bb6fec5b47948bc8b050b5947252 243cc79e367f4a808180f137d950f62c - 40598011047b4feab99b2d150f2a81c9 40598011047b4feab99b2d150f2a81c9] Notify callbacks ['neutron.services.l3_router.l3_router_plugin.L3RouterPlugin._create_dvr_floating_gw_port--9223372036851088338'] for floatingip, after_update _notify_loop /usr/lib/python2.7/site-packages/neutron_lib/callbacks/manager.py:167
2018-09-13 21:45:04.750 27134 INFO neutron.wsgi [req-41b7c7b6-ccba-4c61-b119-9766c36653ce 392423df3617489b9a4259e561d5ba29 a6274edd06114a55b9dc116852780190 - default default] 10.0.20.24 "GET /v2.0/security-groups?id=aa2e1582-575d-4949-8da8-5a18ec2a4b54 HTTP/1.1" status: 200  len: 2118 time: 0.1718171
2018-09-13 21:45:05.730 27138 DEBUG neutron.scheduler.l3_agent_scheduler [req-ad4c22b6-0526-44e0-bca3-e7d3a4a19d27 d557bb6fec5b47948bc8b050b5947252 243cc79e367f4a808180f137d950f62c - 40598011047b4feab99b2d150f2a81c9 40598011047b4feab99b2d150f2a81c9] Router 5b3645a9-c0dd-4f67-a085-3c8d96588af2 has already been hosted by L3 agent 5abc080c-2542-43f1-8f39-0dc47ee4ff99 _get_candidates /usr/lib/python2.7/site-packages/neutron/scheduler/l3_agent_scheduler.py:141
2018-09-13 21:45:05.978 27138 DEBUG neutron.api.rpc.agentnotifiers.l3_rpc_agent_api [req-ad4c22b6-0526-44e0-bca3-e7d3a4a19d27 d557bb6fec5b47948bc8b050b5947252 243cc79e367f4a808180f137d950f62c - 40598011047b4feab99b2d150f2a81c9 40598011047b4feab99b2d150f2a81c9] Notify agent at l3_agent.localhost.localdomain the message routers_updated _agent_notification /usr/lib/python2.7/site-packages/neutron/api/rpc/agentnotifiers/l3_rpc_agent_api.py:69
