2018-06-29 01:51:43.644 25556 INFO neutron.wsgi [req-8144e5c7-0ae9-45e0-b85d-ab9043d777cd 655ab8e67d8e4ca680268ee96a43ee95 0ca3103c90a24980adf86a98ed1a7af3 - default default] 10.0.20.46 "GET /v2.0/networks?id=284452f9-169b-4782-99e5-1b8e93b3d679 HTTP/1.1" status: 200  len: 885 time: 0.2440438
2018-06-29 01:51:43.694 25556 INFO neutron.wsgi [req-d58b66f5-9c0d-4fd2-80df-3661e958a5be 655ab8e67d8e4ca680268ee96a43ee95 0ca3103c90a24980adf86a98ed1a7af3 - default default] 10.0.20.46 "GET /v2.0/floatingips?fixed_ip_address=11.35.1.4&port_id=c5cc27dc-2627-4652-a539-4f91a43f11e6 HTTP/1.1" status: 200  len: 217 time: 0.0423191
2018-06-29 01:51:43.828 25556 DEBUG neutron.pecan_wsgi.hooks.policy_enforcement [req-091ab145-c283-4c44-90bd-974257d88067 655ab8e67d8e4ca680268ee96a43ee95 0ca3103c90a24980adf86a98ed1a7af3 - default default] Attributes excluded by policy engine: [u'shared'] _exclude_attributes_by_policy /usr/lib/python2.7/site-packages/neutron/pecan_wsgi/hooks/policy_enforcement.py:256
2018-06-29 01:51:43.831 25556 INFO neutron.wsgi [req-091ab145-c283-4c44-90bd-974257d88067 655ab8e67d8e4ca680268ee96a43ee95 0ca3103c90a24980adf86a98ed1a7af3 - default default] 10.0.20.46 "GET /v2.0/subnets?id=e166f3b1-805a-449e-a4d9-2500f7e357dc HTTP/1.1" status: 200  len: 843 time: 0.1303360
2018-06-29 01:51:44.015 25556 INFO neutron.wsgi [req-6bd319c8-1bb4-4c39-8a6b-ed5ea1517c05 655ab8e67d8e4ca680268ee96a43ee95 0ca3103c90a24980adf86a98ed1a7af3 - default default] 10.0.20.46 "GET /v2.0/ports?network_id=284452f9-169b-4782-99e5-1b8e93b3d679&device_owner=network%3Adhcp HTTP/1.1" status: 200  len: 1127 time: 0.1751089
2018-06-29 01:51:45.210 25556 DEBUG oslo_concurrency.lockutils [-] Lock "notifier-6490e53d-49aa-46cc-8dd7-2c4324f2319b" released by "neutron.notifiers.batch_notifier.synced_send" :: held 3.803s inner /usr/lib/python2.7/site-packages/oslo_concurrency/lockutils.py:282
2018-06-29 01:51:46.206 25565 DEBUG neutron.plugins.ml2.rpc [req-ffba4c41-64af-4f42-8e7c-e1543bfa4b1f - - - - -] Device c5cc27dc-2627-4652-a539-4f91a43f11e6 up at agent ovs-agent-localhost.localdomain update_device_up /usr/lib/python2.7/site-packages/neutron/plugins/ml2/rpc.py:244
2018-06-29 01:51:46.318 25565 DEBUG neutron.db.provisioning_blocks [req-ffba4c41-64af-4f42-8e7c-e1543bfa4b1f - - - - -] Provisioning for port c5cc27dc-2627-4652-a539-4f91a43f11e6 completed by entity L2. provisioning_complete /usr/lib/python2.7/site-packages/neutron/db/provisioning_blocks.py:132
2018-06-29 01:51:46.327 25565 DEBUG neutron.db.provisioning_blocks [req-ffba4c41-64af-4f42-8e7c-e1543bfa4b1f - - - - -] Provisioning complete for port c5cc27dc-2627-4652-a539-4f91a43f11e6 triggered by entity L2. provisioning_complete /usr/lib/python2.7/site-packages/neutron/db/provisioning_blocks.py:138
2018-06-29 01:51:46.328 25565 DEBUG neutron_lib.callbacks.manager [req-ffba4c41-64af-4f42-8e7c-e1543bfa4b1f - - - - -] Notify callbacks ['neutron.plugins.ml2.plugin.Ml2Plugin._port_provisioned-3850702'] for port, provisioning_complete _notify_loop /usr/lib/python2.7/site-packages/neutron_lib/callbacks/manager.py:167
2018-06-29 01:51:46.519 25565 DEBUG neutron_lib.callbacks.manager [req-ffba4c41-64af-4f42-8e7c-e1543bfa4b1f - - - - -] Notify callbacks ['neutron.plugins.ml2.plugin.Ml2Plugin._ensure_default_security_group_handler--9223372036854263670'] for port, before_update _notify_loop /usr/lib/python2.7/site-packages/neutron_lib/callbacks/manager.py:167
2018-06-29 01:51:46.597 25565 DEBUG oslo_concurrency.lockutils [-] Lock "notifier-6490e53d-49aa-46cc-8dd7-2c4324f2319b" acquired by "neutron.notifiers.batch_notifier.synced_send" :: waited 0.000s inner /usr/lib/python2.7/site-packages/oslo_concurrency/lockutils.py:270
2018-06-29 01:51:46.597 25565 DEBUG neutron.notifiers.nova [-] Sending events: [{'status': 'completed', 'tag': u'c5cc27dc-2627-4652-a539-4f91a43f11e6', 'name': 'network-vif-plugged', 'server_uuid': u'a54e4153-e696-4def-ab5b-3114b445cffe'}] send_events /usr/lib/python2.7/site-packages/neutron/notifiers/nova.py:242
2018-06-29 01:51:46.604 25565 DEBUG neutron.plugins.ml2.db [req-ffba4c41-64af-4f42-8e7c-e1543bfa4b1f - - - - -] For port c5cc27dc-2627-4652-a539-4f91a43f11e6, host localhost.localdomain, got binding levels [<neutron.plugins.ml2.models.PortBindingLevel[object at 7f5d28ebc850] {port_id=u'c5cc27dc-2627-4652-a539-4f91a43f11e6', host=u'localhost.localdomain', level=0, driver=u'openvswitch', segment_id=u'dc056f2d-2a3c-4791-b88f-cc218e5cd16c'}>] get_binding_levels /usr/lib/python2.7/site-packages/neutron/plugins/ml2/db.py:106
2018-06-29 01:51:46.614 25565 DEBUG neutron_lib.callbacks.manager [req-ffba4c41-64af-4f42-8e7c-e1543bfa4b1f - - - - -] Notify callbacks ['neutron.plugins.ml2.ovo_rpc._ObjectChangeHandler.handle_event-585728', 'neutron.db.l3_hascheduler_db._notify_l3_agent_ha_port_update--9223363284473260758', 'neutron.api.rpc.agentnotifiers.dhcp_rpc_agent_api.DhcpAgentNotifyAPI._native_event_send_dhcp_notification--9223372036851213319', 'neutron.plugins.ml2.plugin.Ml2Plugin.notify_sg_on_port_change-512255', 'neutron.db.l3_dvrscheduler_db._notify_l3_agent_port_update-8752381488087'] for port, after_update _notify_loop /usr/lib/python2.7/site-packages/neutron_lib/callbacks/manager.py:167
2018-06-29 01:51:46.624 25565 DEBUG oslo_concurrency.lockutils [-] Lock "event-dispatch" acquired by "neutron.plugins.ml2.ovo_rpc.dispatch_events" :: waited 0.000s inner /usr/lib/python2.7/site-packages/oslo_concurrency/lockutils.py:270
2018-06-29 01:51:46.764 25565 DEBUG neutron.api.rpc.handlers.resources_rpc [req-ffba4c41-64af-4f42-8e7c-e1543bfa4b1f - - - - -] neutron.api.rpc.handlers.resources_rpc.ResourcesPushRpcApi method push called with arguments (<neutron_lib.context.Context object at 0x7f5d28ba0810>, [Port(admin_state_up=True,allowed_address_pairs=[],binding=PortBinding,binding_levels=[PortBindingLevel],created_at=2018-06-28T23:51:36Z,data_plane_status=<?>,description='',device_id='a54e4153-e696-4def-ab5b-3114b445cffe',device_owner='compute:nova',dhcp_options=[],distributed_binding=None,dns=None,fixed_ips=[IPAllocation],id=c5cc27dc-2627-4652-a539-4f91a43f11e6,mac_address=fa:16:3e:c0:60:1e,name='',network_id=284452f9-169b-4782-99e5-1b8e93b3d679,project_id='b1d0145b4ff74ab299c558aa72e2f805',qos_policy_id=None,revision_number=6,security=PortSecurity(c5cc27dc-2627-4652-a539-4f91a43f11e6),security_group_ids=set([0f038a6f-9adb-4838-bdb8-58508dad0ac7]),status='ACTIVE',updated_at=2018-06-28T23:51:46Z)], 'updated') {} wrapper /usr/lib/python2.7/site-packages/oslo_log/helpers.py:66
2018-06-29 01:51:46.786 25565 DEBUG oslo_concurrency.lockutils [req-ffba4c41-64af-4f42-8e7c-e1543bfa4b1f - - - - -] Lock "event-dispatch" released by "neutron.plugins.ml2.ovo_rpc.dispatch_events" :: held 0.161s inner /usr/lib/python2.7/site-packages/oslo_concurrency/lockutils.py:282
2018-06-29 01:51:47.837 25565 DEBUG novaclient.v2.client [-] REQ: curl -g -i -X POST http://10.0.20.46:8774/v2.1/0ca3103c90a24980adf86a98ed1a7af3/os-server-external-events -H "User-Agent: python-novaclient" -H "Content-Type: application/json" -H "Accept: application/json" -H "X-OpenStack-Nova-API-Version: 2.1" -H "X-Auth-Token: {SHA1}594108d80c030eda3437d71079f06ab07392a09e" -d '{"events": [{"status": "completed", "tag": "c5cc27dc-2627-4652-a539-4f91a43f11e6", "name": "network-vif-plugged", "server_uuid": "a54e4153-e696-4def-ab5b-3114b445cffe"}]}' _http_log_request /usr/lib/python2.7/site-packages/keystoneauth1/session.py:375
2018-06-29 01:51:48.039 25566 DEBUG neutron.plugins.ml2.rpc [req-ffba4c41-64af-4f42-8e7c-e1543bfa4b1f - - - - -] Device c5cc27dc-2627-4652-a539-4f91a43f11e6 up at agent ovs-agent-localhost.localdomain update_device_up /usr/lib/python2.7/site-packages/neutron/plugins/ml2/rpc.py:244
2018-06-29 01:51:48.169 25566 DEBUG neutron.db.provisioning_blocks [req-ffba4c41-64af-4f42-8e7c-e1543bfa4b1f - - - - -] Provisioning complete for port c5cc27dc-2627-4652-a539-4f91a43f11e6 triggered by entity L2. provisioning_complete /usr/lib/python2.7/site-packages/neutron/db/provisioning_blocks.py:138
2018-06-29 01:51:48.170 25566 DEBUG neutron_lib.callbacks.manager [req-ffba4c41-64af-4f42-8e7c-e1543bfa4b1f - - - - -] Notify callbacks ['neutron.plugins.ml2.plugin.Ml2Plugin._port_provisioned-3850702'] for port, provisioning_complete _notify_loop /usr/lib/python2.7/site-packages/neutron_lib/callbacks/manager.py:167
2018-06-29 01:51:48.766 25557 DEBUG neutron.wsgi [-] (25557) accepted ('10.0.20.46', 50072) server /usr/lib/python2.7/site-packages/eventlet/wsgi.py:883
2018-06-29 01:51:48.807 25565 DEBUG novaclient.v2.client [-] RESP: [200] Content-Length: 183 Content-Type: application/json Openstack-Api-Version: compute 2.1 X-Openstack-Nova-Api-Version: 2.1 Vary: OpenStack-API-Version, X-OpenStack-Nova-API-Version X-Openstack-Request-Id: req-772ca878-8cbc-4bcd-8e21-881698167d62 X-Compute-Request-Id: req-772ca878-8cbc-4bcd-8e21-881698167d62 Date: Thu, 28 Jun 2018 23:51:48 GMT Connection: keep-alive 
RESP BODY: {"events": [{"status": "completed", "tag": "c5cc27dc-2627-4652-a539-4f91a43f11e6", "name": "network-vif-plugged", "server_uuid": "a54e4153-e696-4def-ab5b-3114b445cffe", "code": 200}]}
 _http_log_response /usr/lib/python2.7/site-packages/keystoneauth1/session.py:423
2018-06-29 01:51:48.808 25565 DEBUG novaclient.v2.client [-] POST call to compute for http://10.0.20.46:8774/v2.1/0ca3103c90a24980adf86a98ed1a7af3/os-server-external-events used request id req-772ca878-8cbc-4bcd-8e21-881698167d62 request /usr/lib/python2.7/site-packages/keystoneauth1/session.py:727
2018-06-29 01:51:48.816 25565 INFO neutron.notifiers.nova [-] Nova event response: {u'status': u'completed', u'tag': u'c5cc27dc-2627-4652-a539-4f91a43f11e6', u'name': u'network-vif-plugged', u'server_uuid': u'a54e4153-e696-4def-ab5b-3114b445cffe', u'code': 200}
2018-06-29 01:51:49.916 25557 INFO neutron.wsgi [req-57aa8881-7421-499b-8b5d-70904eca44f6 3fd4914156fa4f9fb901b569cfaef3f8 b1d0145b4ff74ab299c558aa72e2f805 - 3286de30a3574f64a2eb46057de061ad 3286de30a3574f64a2eb46057de061ad] 10.0.20.46 "GET /v2.0/ports?device_id=a54e4153-e696-4def-ab5b-3114b445cffe HTTP/1.1" status: 200  len: 1123 time: 1.1464760
2018-06-29 01:51:50.078 25557 INFO neutron.wsgi [req-3bad3e1b-9dc2-4540-8195-84a447f3e412 3fd4914156fa4f9fb901b569cfaef3f8 b1d0145b4ff74ab299c558aa72e2f805 - 3286de30a3574f64a2eb46057de061ad 3286de30a3574f64a2eb46057de061ad] 10.0.20.46 "GET /v2.0/security-groups?id=0f038a6f-9adb-4838-bdb8-58508dad0ac7 HTTP/1.1" status: 200  len: 2118 time: 0.1309981
2018-06-29 01:51:50.376 25556 INFO neutron.wsgi [req-ed44858a-d503-4a38-841c-d08fd34c3326 655ab8e67d8e4ca680268ee96a43ee95 0ca3103c90a24980adf86a98ed1a7af3 - default default] 10.0.20.46 "GET /v2.0/ports?tenant_id=b1d0145b4ff74ab299c558aa72e2f805&device_id=a54e4153-e696-4def-ab5b-3114b445cffe HTTP/1.1" status: 200  len: 1123 time: 0.1446509
2018-06-29 01:51:50.642 25556 DEBUG neutron.pecan_wsgi.hooks.policy_enforcement [req-3786a368-c7fc-4edc-9531-36555274f20e 655ab8e67d8e4ca680268ee96a43ee95 0ca3103c90a24980adf86a98ed1a7af3 - default default] Attributes excluded by policy engine: [u'vlan_transparent'] _exclude_attributes_by_policy /usr/lib/python2.7/site-packages/neutron/pecan_wsgi/hooks/policy_enforcement.py:256
2018-06-29 01:51:50.645 25556 INFO neutron.wsgi [req-3786a368-c7fc-4edc-9531-36555274f20e 655ab8e67d8e4ca680268ee96a43ee95 0ca3103c90a24980adf86a98ed1a7af3 - default default] 10.0.20.46 "GET /v2.0/networks?id=284452f9-169b-4782-99e5-1b8e93b3d679 HTTP/1.1" status: 200  len: 885 time: 0.2620499
2018-06-29 01:51:50.712 25556 INFO neutron.wsgi [req-7b2b1d2a-79ff-40b7-884b-913527d795fc 655ab8e67d8e4ca680268ee96a43ee95 0ca3103c90a24980adf86a98ed1a7af3 - default default] 10.0.20.46 "GET /v2.0/floatingips?fixed_ip_address=11.35.1.4&port_id=c5cc27dc-2627-4652-a539-4f91a43f11e6 HTTP/1.1" status: 200  len: 217 time: 0.0581369
2018-06-29 01:51:50.818 25565 DEBUG oslo_concurrency.lockutils [-] Lock "notifier-6490e53d-49aa-46cc-8dd7-2c4324f2319b" released by "neutron.notifiers.batch_notifier.synced_send" :: held 4.220s inner /usr/lib/python2.7/site-packages/oslo_concurrency/lockutils.py:282
2018-06-29 01:51:50.873 25556 DEBUG neutron.pecan_wsgi.hooks.policy_enforcement [req-ebfbb762-8e67-45f6-9798-e65e018ca4df 655ab8e67d8e4ca680268ee96a43ee95 0ca3103c90a24980adf86a98ed1a7af3 - default default] Attributes excluded by policy engine: [u'shared'] _exclude_attributes_by_policy /usr/lib/python2.7/site-packages/neutron/pecan_wsgi/hooks/policy_enforcement.py:256
2018-06-29 01:51:50.877 25556 INFO neutron.wsgi [req-ebfbb762-8e67-45f6-9798-e65e018ca4df 655ab8e67d8e4ca680268ee96a43ee95 0ca3103c90a24980adf86a98ed1a7af3 - default default] 10.0.20.46 "GET /v2.0/subnets?id=e166f3b1-805a-449e-a4d9-2500f7e357dc HTTP/1.1" status: 200  len: 843 time: 0.1585970
2018-06-29 01:51:51.013 25556 INFO neutron.wsgi [req-cda25ab3-3596-4c7f-b23d-dc3043107887 655ab8e67d8e4ca680268ee96a43ee95 0ca3103c90a24980adf86a98ed1a7af3 - default default] 10.0.20.46 "GET /v2.0/ports?network_id=284452f9-169b-4782-99e5-1b8e93b3d679&device_owner=network%3Adhcp HTTP/1.1" status: 200  len: 1127 time: 0.1291490
2018-06-29 01:52:02.848 25566 DEBUG neutron_lib.callbacks.manager [req-3f001c94-cfbf-42ca-87de-ff3cb3304065 - - - - -] Notify callbacks ['neutron.services.segments.db._update_segment_host_mapping_for_agent-8752381849168'] for agent, after_update _notify_loop /usr/lib/python2.7/site-packages/neutron_lib/callbacks/manager.py:167
2018-06-29 01:52:04.300 25572 DEBUG neutron_lib.callbacks.manager [req-f7218039-c4d4-4079-bc0e-713d876991a8 - - - - -] Notify callbacks ['neutron.services.segments.db._update_segment_host_mapping_for_agent-8752381849168'] for agent, after_update _notify_loop /usr/lib/python2.7/site-packages/neutron_lib/callbacks/manager.py:167
2018-06-29 01:52:04.489 25565 DEBUG neutron_lib.callbacks.manager [req-f9a44395-01c5-4298-a65a-d3e1cc7e2525 - - - - -] Notify callbacks ['neutron.services.segments.db._update_segment_host_mapping_for_agent-8752381849168'] for agent, after_update _notify_loop /usr/lib/python2.7/site-packages/neutron_lib/callbacks/manager.py:167
2018-06-29 01:52:04.543 25575 DEBUG neutron_lib.callbacks.manager [req-f60f0e0f-a4b8-4889-8390-68be31b24e23 - - - - -] Notify callbacks ['neutron.services.segments.db._update_segment_host_mapping_for_agent-8752381849168'] for agent, after_update _notify_loop /usr/lib/python2.7/site-packages/neutron_lib/callbacks/manager.py:167
2018-06-29 01:52:05.199 25560 DEBUG neutron.wsgi [-] (25560) accepted ('10.0.20.46', 50148) server /usr/lib/python2.7/site-packages/eventlet/wsgi.py:883
2018-06-29 01:52:06.726 25560 INFO neutron.wsgi [req-6b298b5c-d743-4a17-bea4-423d89493e78 3fd4914156fa4f9fb901b569cfaef3f8 b1d0145b4ff74ab299c558aa72e2f805 - 3286de30a3574f64a2eb46057de061ad 3286de30a3574f64a2eb46057de061ad] 10.0.20.46 "GET /v2.0/ports?device_id=a54e4153-e696-4def-ab5b-3114b445cffe HTTP/1.1" status: 200  len: 1123 time: 1.5232131
2018-06-29 01:52:06.889 25560 INFO neutron.wsgi [req-3b5de354-e657-4419-acea-d72b0fd80a5e 3fd4914156fa4f9fb901b569cfaef3f8 b1d0145b4ff74ab299c558aa72e2f805 - 3286de30a3574f64a2eb46057de061ad 3286de30a3574f64a2eb46057de061ad] 10.0.20.46 "GET /v2.0/security-groups?id=0f038a6f-9adb-4838-bdb8-58508dad0ac7 HTTP/1.1" status: 200  len: 2118 time: 0.1281421
2018-06-29 01:52:10.282 25567 DEBUG neutron_lib.callbacks.manager [req-ffba4c41-64af-4f42-8e7c-e1543bfa4b1f - - - - -] Notify callbacks ['neutron.services.segments.db._update_segment_host_mapping_for_agent-8752381849168'] for agent, after_update _notify_loop /usr/lib/python2.7/site-packages/neutron_lib/callbacks/manager.py:167
2018-06-29 01:52:11.950 25576 DEBUG neutron.db.agents_db [req-71cdf47c-3f09-4ea3-8dfb-2c0853f423e7 - - - - -] Agent healthcheck: found 5 active agents agent_health_check /usr/lib/python2.7/site-packages/neutron/db/agents_db.py:281
2018-06-29 01:52:20.801 25556 DEBUG neutron.wsgi [-] (25556) accepted ('10.0.20.46', 50174) server /usr/lib/python2.7/site-packages/eventlet/wsgi.py:883
2018-06-29 01:52:20.805 25556 INFO neutron.wsgi [-] 10.0.20.46 "GET / HTTP/1.1" status: 200  len: 252 time: 0.0021799
2018-06-29 01:52:21.469 25556 INFO neutron.pecan_wsgi.hooks.translation [req-b68a1e96-6657-4b65-bb46-7eb08ab5f963 6dc66ca5b9b04acabc59bdf6487de4e0 71ea52d094344aa8ab5e0e5b41870b26 - default default] GET failed (client error): The resource could not be found.
2018-06-29 01:52:21.473 25556 INFO neutron.wsgi [req-b68a1e96-6657-4b65-bb46-7eb08ab5f963 6dc66ca5b9b04acabc59bdf6487de4e0 71ea52d094344aa8ab5e0e5b41870b26 - default default] 10.0.20.46 "GET /v2.0/networks/public HTTP/1.1" status: 404  len: 314 time: 0.6611562
2018-06-29 01:52:21.975 25556 DEBUG neutron.pecan_wsgi.hooks.policy_enforcement [req-0a00040d-ffa3-4685-b288-a4a429d4ea21 6dc66ca5b9b04acabc59bdf6487de4e0 71ea52d094344aa8ab5e0e5b41870b26 - default default] Attributes excluded by policy engine: [u'vlan_transparent'] _exclude_attributes_by_policy /usr/lib/python2.7/site-packages/neutron/pecan_wsgi/hooks/policy_enforcement.py:256
2018-06-29 01:52:21.978 25556 DEBUG neutron.pecan_wsgi.hooks.policy_enforcement [req-0a00040d-ffa3-4685-b288-a4a429d4ea21 6dc66ca5b9b04acabc59bdf6487de4e0 71ea52d094344aa8ab5e0e5b41870b26 - default default] Attributes excluded by policy engine: [u'vlan_transparent'] _exclude_attributes_by_policy /usr/lib/python2.7/site-packages/neutron/pecan_wsgi/hooks/policy_enforcement.py:256
2018-06-29 01:52:21.979 25556 DEBUG neutron.pecan_wsgi.hooks.policy_enforcement [req-0a00040d-ffa3-4685-b288-a4a429d4ea21 6dc66ca5b9b04acabc59bdf6487de4e0 71ea52d094344aa8ab5e0e5b41870b26 - default default] Attributes excluded by policy engine: [u'vlan_transparent'] _exclude_attributes_by_policy /usr/lib/python2.7/site-packages/neutron/pecan_wsgi/hooks/policy_enforcement.py:256
2018-06-29 01:52:21.982 25556 INFO neutron.wsgi [req-0a00040d-ffa3-4685-b288-a4a429d4ea21 6dc66ca5b9b04acabc59bdf6487de4e0 71ea52d094344aa8ab5e0e5b41870b26 - default default] 10.0.20.46 "GET /v2.0/networks HTTP/1.1" status: 200  len: 2214 time: 0.5025139
2018-06-29 01:52:22.762 25556 DEBUG neutron.api.v2.base [req-cb20e675-269e-4095-be03-0335fd5584f4 6dc66ca5b9b04acabc59bdf6487de4e0 71ea52d094344aa8ab5e0e5b41870b26 - default default] Request body: {u'floatingip': {u'floating_network_id': u'badfb9c1-1612-4b74-9d18-206aaffd3895', u'tenant_id': u'b1d0145b4ff74ab299c558aa72e2f805'}} prepare_request_body /usr/lib/python2.7/site-packages/neutron/api/v2/base.py:695
2018-06-29 01:52:22.788 25556 DEBUG neutron.db.quota.driver [req-cb20e675-269e-4095-be03-0335fd5584f4 6dc66ca5b9b04acabc59bdf6487de4e0 71ea52d094344aa8ab5e0e5b41870b26 - default default] Resources subnetpool have unlimited quota limit. It is not required to calculate headroom  make_reservation /usr/lib/python2.7/site-packages/neutron/db/quota/driver.py:223
2018-06-29 01:52:22.799 25556 DEBUG neutron.quota.resource [req-cb20e675-269e-4095-be03-0335fd5584f4 6dc66ca5b9b04acabc59bdf6487de4e0 71ea52d094344aa8ab5e0e5b41870b26 - default default] Usage tracker for resource:floatingip and tenant:b1d0145b4ff74ab299c558aa72e2f805 is out of sync, need to count used quota count_used /usr/lib/python2.7/site-packages/neutron/quota/resource.py:274
2018-06-29 01:52:22.815 25556 DEBUG neutron.quota.resource [req-cb20e675-269e-4095-be03-0335fd5584f4 6dc66ca5b9b04acabc59bdf6487de4e0 71ea52d094344aa8ab5e0e5b41870b26 - default default] Quota usage for floatingip was recalculated. Used quota:0. count_used /usr/lib/python2.7/site-packages/neutron/quota/resource.py:293
2018-06-29 01:52:22.836 25556 DEBUG neutron.db.quota.driver [req-cb20e675-269e-4095-be03-0335fd5584f4 6dc66ca5b9b04acabc59bdf6487de4e0 71ea52d094344aa8ab5e0e5b41870b26 - default default] Attempting to reserve 1 items for resource floatingip. Total usage: 0; quota limit: 50; headroom:50 make_reservation /usr/lib/python2.7/site-packages/neutron/db/quota/driver.py:255
2018-06-29 01:52:23.154 25556 DEBUG neutron_lib.callbacks.manager [req-cb20e675-269e-4095-be03-0335fd5584f4 6dc66ca5b9b04acabc59bdf6487de4e0 71ea52d094344aa8ab5e0e5b41870b26 - default default] Notify callbacks ['neutron.plugins.ml2.plugin.Ml2Plugin._ensure_default_security_group_handler--9223372036854263670'] for port, before_create _notify_loop /usr/lib/python2.7/site-packages/neutron_lib/callbacks/manager.py:167
2018-06-29 01:52:23.719 25556 DEBUG neutron.db.db_base_plugin_common [req-cb20e675-269e-4095-be03-0335fd5584f4 6dc66ca5b9b04acabc59bdf6487de4e0 71ea52d094344aa8ab5e0e5b41870b26 - default default] Allocated IP 172.24.4.8 (badfb9c1-1612-4b74-9d18-206aaffd3895/42338adf-2e51-4eed-8e47-1b2f9d84cf85/3e40869f-46dc-4a34-894d-e666112d4e39) _store_ip_allocation /usr/lib/python2.7/site-packages/neutron/db/db_base_plugin_common.py:122
2018-06-29 01:52:24.018 25556 DEBUG neutron_lib.callbacks.manager [req-cb20e675-269e-4095-be03-0335fd5584f4 6dc66ca5b9b04acabc59bdf6487de4e0 71ea52d094344aa8ab5e0e5b41870b26 - default default] Notify callbacks [] for port, precommit_create _notify_loop /usr/lib/python2.7/site-packages/neutron_lib/callbacks/manager.py:167
2018-06-29 01:52:24.099 25556 DEBUG neutron_lib.callbacks.manager [req-cb20e675-269e-4095-be03-0335fd5584f4 6dc66ca5b9b04acabc59bdf6487de4e0 71ea52d094344aa8ab5e0e5b41870b26 - default default] Notify callbacks ['neutron.plugins.ml2.ovo_rpc._ObjectChangeHandler.handle_event-585728', 'neutron.api.rpc.agentnotifiers.dhcp_rpc_agent_api.DhcpAgentNotifyAPI._native_event_send_dhcp_notification--9223372036851213319', 'neutron.plugins.ml2.plugin.Ml2Plugin.notify_sg_on_port_change-512255', 'neutron.db.l3_dvrscheduler_db._notify_l3_agent_new_port-8752381488072'] for port, after_create _notify_loop /usr/lib/python2.7/site-packages/neutron_lib/callbacks/manager.py:167
2018-06-29 01:52:24.118 25556 DEBUG oslo_concurrency.lockutils [-] Lock "event-dispatch" acquired by "neutron.plugins.ml2.ovo_rpc.dispatch_events" :: waited 0.000s inner /usr/lib/python2.7/site-packages/oslo_concurrency/lockutils.py:270
2018-06-29 01:52:24.327 25556 DEBUG neutron.api.rpc.handlers.resources_rpc [req-cb20e675-269e-4095-be03-0335fd5584f4 6dc66ca5b9b04acabc59bdf6487de4e0 71ea52d094344aa8ab5e0e5b41870b26 - - -] neutron.api.rpc.handlers.resources_rpc.ResourcesPushRpcApi method push called with arguments (<neutron_lib.context.Context object at 0x7f5d28be9710>, [Port(admin_state_up=True,allowed_address_pairs=[],binding=PortBinding,binding_levels=[],created_at=2018-06-28T23:52:23Z,data_plane_status=<?>,description='',device_id='PENDING',device_owner='network:floatingip',dhcp_options=[],distributed_binding=None,dns=None,fixed_ips=[IPAllocation],id=3e40869f-46dc-4a34-894d-e666112d4e39,mac_address=fa:16:3e:aa:bc:37,name='',network_id=badfb9c1-1612-4b74-9d18-206aaffd3895,project_id='',qos_policy_id=None,revision_number=3,security=PortSecurity(3e40869f-46dc-4a34-894d-e666112d4e39),security_group_ids=set([]),status='N/A',updated_at=2018-06-28T23:52:23Z)], 'updated') {} wrapper /usr/lib/python2.7/site-packages/oslo_log/helpers.py:66
2018-06-29 01:52:24.357 25556 DEBUG oslo_concurrency.lockutils [req-cb20e675-269e-4095-be03-0335fd5584f4 6dc66ca5b9b04acabc59bdf6487de4e0 71ea52d094344aa8ab5e0e5b41870b26 - - -] Lock "event-dispatch" released by "neutron.plugins.ml2.ovo_rpc.dispatch_events" :: held 0.239s inner /usr/lib/python2.7/site-packages/oslo_concurrency/lockutils.py:282
2018-06-29 01:52:24.416 25556 DEBUG neutron.scheduler.dhcp_agent_scheduler [req-cb20e675-269e-4095-be03-0335fd5584f4 6dc66ca5b9b04acabc59bdf6487de4e0 71ea52d094344aa8ab5e0e5b41870b26 - default default] Network badfb9c1-1612-4b74-9d18-206aaffd3895 is already hosted by enough agents. _get_dhcp_agents_hosting_network /usr/lib/python2.7/site-packages/neutron/scheduler/dhcp_agent_scheduler.py:243
2018-06-29 01:52:24.457 25556 DEBUG neutron.db.l3_dvrscheduler_db [req-cb20e675-269e-4095-be03-0335fd5584f4 6dc66ca5b9b04acabc59bdf6487de4e0 71ea52d094344aa8ab5e0e5b41870b26 - default default] Received port after_create _notify_l3_agent_new_port /usr/lib/python2.7/site-packages/neutron/db/l3_dvrscheduler_db.py:392
2018-06-29 01:52:24.595 25556 DEBUG neutron_lib.callbacks.manager [req-cb20e675-269e-4095-be03-0335fd5584f4 6dc66ca5b9b04acabc59bdf6487de4e0 71ea52d094344aa8ab5e0e5b41870b26 - default default] Notify callbacks ['neutron.plugins.ml2.plugin.Ml2Plugin._ensure_default_security_group_handler--9223372036854263670'] for port, before_update _notify_loop /usr/lib/python2.7/site-packages/neutron_lib/callbacks/manager.py:167
2018-06-29 01:52:24.838 25557 DEBUG neutron.wsgi [-] (25557) accepted ('10.0.20.46', 50202) server /usr/lib/python2.7/site-packages/eventlet/wsgi.py:883
2018-06-29 01:52:25.095 25556 DEBUG neutron_lib.callbacks.manager [req-cb20e675-269e-4095-be03-0335fd5584f4 6dc66ca5b9b04acabc59bdf6487de4e0 71ea52d094344aa8ab5e0e5b41870b26 - default default] Notify callbacks [] for port, precommit_update _notify_loop /usr/lib/python2.7/site-packages/neutron_lib/callbacks/manager.py:167
2018-06-29 01:52:25.116 25556 DEBUG neutron_lib.callbacks.manager [req-cb20e675-269e-4095-be03-0335fd5584f4 6dc66ca5b9b04acabc59bdf6487de4e0 71ea52d094344aa8ab5e0e5b41870b26 - default default] Notify callbacks ['neutron.plugins.ml2.ovo_rpc._ObjectChangeHandler.handle_event-585728', 'neutron.db.l3_hascheduler_db._notify_l3_agent_ha_port_update--9223363284473260758', 'neutron.api.rpc.agentnotifiers.dhcp_rpc_agent_api.DhcpAgentNotifyAPI._native_event_send_dhcp_notification--9223372036851213319', 'neutron.plugins.ml2.plugin.Ml2Plugin.notify_sg_on_port_change-512255', 'neutron.db.l3_dvrscheduler_db._notify_l3_agent_port_update-8752381488087'] for port, after_update _notify_loop /usr/lib/python2.7/site-packages/neutron_lib/callbacks/manager.py:167
2018-06-29 01:52:25.138 25556 DEBUG oslo_concurrency.lockutils [-] Lock "event-dispatch" acquired by "neutron.plugins.ml2.ovo_rpc.dispatch_events" :: waited 0.000s inner /usr/lib/python2.7/site-packages/oslo_concurrency/lockutils.py:270
2018-06-29 01:52:25.436 25557 INFO neutron.wsgi [req-96fa9ac2-e05d-473a-8180-3d615d62273f 655ab8e67d8e4ca680268ee96a43ee95 0ca3103c90a24980adf86a98ed1a7af3 - default default] 10.0.20.46 "GET /v2.0/ports?device_id=a54e4153-e696-4def-ab5b-3114b445cffe HTTP/1.1" status: 200  len: 1123 time: 0.5961790
2018-06-29 01:52:25.528 25556 DEBUG neutron.api.rpc.handlers.resources_rpc [req-cb20e675-269e-4095-be03-0335fd5584f4 6dc66ca5b9b04acabc59bdf6487de4e0 71ea52d094344aa8ab5e0e5b41870b26 - - -] neutron.api.rpc.handlers.resources_rpc.ResourcesPushRpcApi method push called with arguments (<neutron_lib.context.Context object at 0x7f5d28c2e790>, [Port(admin_state_up=True,allowed_address_pairs=[],binding=PortBinding,binding_levels=[],created_at=2018-06-28T23:52:23Z,data_plane_status=<?>,description='',device_id='7330d0bd-73a2-477d-a2e9-04423df1410b',device_owner='network:floatingip',dhcp_options=[],distributed_binding=None,dns=None,fixed_ips=[IPAllocation],id=3e40869f-46dc-4a34-894d-e666112d4e39,mac_address=fa:16:3e:aa:bc:37,name='',network_id=badfb9c1-1612-4b74-9d18-206aaffd3895,project_id='',qos_policy_id=None,revision_number=4,security=PortSecurity(3e40869f-46dc-4a34-894d-e666112d4e39),security_group_ids=set([]),status='N/A',updated_at=2018-06-28T23:52:24Z)], 'updated') {} wrapper /usr/lib/python2.7/site-packages/oslo_log/helpers.py:66
2018-06-29 01:52:25.568 25556 DEBUG oslo_concurrency.lockutils [req-cb20e675-269e-4095-be03-0335fd5584f4 6dc66ca5b9b04acabc59bdf6487de4e0 71ea52d094344aa8ab5e0e5b41870b26 - - -] Lock "event-dispatch" released by "neutron.plugins.ml2.ovo_rpc.dispatch_events" :: held 0.430s inner /usr/lib/python2.7/site-packages/oslo_concurrency/lockutils.py:282
2018-06-29 01:52:25.598 25556 DEBUG neutron_lib.callbacks.manager [req-cb20e675-269e-4095-be03-0335fd5584f4 6dc66ca5b9b04acabc59bdf6487de4e0 71ea52d094344aa8ab5e0e5b41870b26 - default default] Notify callbacks ['neutron.services.l3_router.l3_router_plugin.L3RouterPlugin._create_dvr_floating_gw_port--9223372036854243782'] for floatingip, after_update _notify_loop /usr/lib/python2.7/site-packages/neutron_lib/callbacks/manager.py:167
2018-06-29 01:52:25.647 25556 DEBUG neutron.quota.resource [req-cb20e675-269e-4095-be03-0335fd5584f4 6dc66ca5b9b04acabc59bdf6487de4e0 71ea52d094344aa8ab5e0e5b41870b26 - default default] Persisted dirty status for tenant:b1d0145b4ff74ab299c558aa72e2f805 on resource:floatingip mark_dirty /usr/lib/python2.7/site-packages/neutron/quota/resource.py:207
2018-06-29 01:52:25.652 25556 DEBUG neutron.quota.resource [req-cb20e675-269e-4095-be03-0335fd5584f4 6dc66ca5b9b04acabc59bdf6487de4e0 71ea52d094344aa8ab5e0e5b41870b26 - default default] Persisted dirty status for tenant: on resource:port mark_dirty /usr/lib/python2.7/site-packages/neutron/quota/resource.py:207
2018-06-29 01:52:25.668 25556 DEBUG neutron_lib.callbacks.manager [req-cb20e675-269e-4095-be03-0335fd5584f4 6dc66ca5b9b04acabc59bdf6487de4e0 71ea52d094344aa8ab5e0e5b41870b26 - default default] Notify callbacks ['neutron.notifiers.nova.Notifier._send_nova_notification--9223372036854773326'] for floatingip, before_response _notify_loop /usr/lib/python2.7/site-packages/neutron_lib/callbacks/manager.py:167
2018-06-29 01:52:25.675 25556 INFO neutron.wsgi [req-cb20e675-269e-4095-be03-0335fd5584f4 6dc66ca5b9b04acabc59bdf6487de4e0 71ea52d094344aa8ab5e0e5b41870b26 - default default] 10.0.20.46 "POST /v2.0/floatingips HTTP/1.1" status: 201  len: 674 time: 2.9557340
2018-06-29 01:52:25.781 25557 INFO neutron.wsgi [req-e7aecf0d-caa7-4f7d-9403-c69630764c24 655ab8e67d8e4ca680268ee96a43ee95 0ca3103c90a24980adf86a98ed1a7af3 - default default] 10.0.20.46 "GET /v2.0/security-groups?id=0f038a6f-9adb-4838-bdb8-58508dad0ac7 HTTP/1.1" status: 200  len: 2118 time: 0.3166051
2018-06-29 01:52:28.281 25557 DEBUG neutron.wsgi [-] (25557) accepted ('10.0.20.46', 50232) server /usr/lib/python2.7/site-packages/eventlet/wsgi.py:883
2018-06-29 01:52:29.109 25557 INFO neutron.wsgi [req-51f7d90b-5bdd-48d2-8c4a-64d1bfb494e7 655ab8e67d8e4ca680268ee96a43ee95 0ca3103c90a24980adf86a98ed1a7af3 - default default] 10.0.20.46 "GET /v2.0/ports?device_id=a54e4153-e696-4def-ab5b-3114b445cffe HTTP/1.1" status: 200  len: 1123 time: 0.8263760
2018-06-29 01:52:29.309 25557 INFO neutron.wsgi [req-94ab3083-a6df-4d34-9975-922b15e4fc44 655ab8e67d8e4ca680268ee96a43ee95 0ca3103c90a24980adf86a98ed1a7af3 - default default] 10.0.20.46 "GET /v2.0/security-groups?id=0f038a6f-9adb-4838-bdb8-58508dad0ac7 HTTP/1.1" status: 200  len: 2118 time: 0.1626201
2018-06-29 01:52:31.356 25557 DEBUG neutron.wsgi [-] (25557) accepted ('10.0.20.46', 50242) server /usr/lib/python2.7/site-packages/eventlet/wsgi.py:883
2018-06-29 01:52:32.002 25557 INFO neutron.wsgi [req-3bb410d2-1481-4278-9cd6-a874cd2eb065 655ab8e67d8e4ca680268ee96a43ee95 0ca3103c90a24980adf86a98ed1a7af3 - default default] 10.0.20.46 "GET /v2.0/ports?device_id=a54e4153-e696-4def-ab5b-3114b445cffe HTTP/1.1" status: 200  len: 1123 time: 0.6440001
2018-06-29 01:52:32.154 25557 INFO neutron.wsgi [req-2492b0c7-9b57-4767-bb54-eab6e1c097f7 655ab8e67d8e4ca680268ee96a43ee95 0ca3103c90a24980adf86a98ed1a7af3 - default default] 10.0.20.46 "GET /v2.0/security-groups?id=0f038a6f-9adb-4838-bdb8-58508dad0ac7 HTTP/1.1" status: 200  len: 2118 time: 0.1235831
2018-06-29 01:52:32.860 25568 DEBUG neutron_lib.callbacks.manager [req-a96c5e0f-bc45-4bda-b56b-84d49b9bdff2 - - - - -] Notify callbacks ['neutron.services.segments.db._update_segment_host_mapping_for_agent-8752381849168'] for agent, after_update _notify_loop /usr/lib/python2.7/site-packages/neutron_lib/callbacks/manager.py:167
2018-06-29 01:52:34.280 25573 DEBUG neutron_lib.callbacks.manager [req-db70bc5c-37ff-4355-ba1a-149e0d1b47f1 - - - - -] Notify callbacks ['neutron.services.segments.db._update_segment_host_mapping_for_agent-8752381849168'] for agent, after_update _notify_loop /usr/lib/python2.7/site-packages/neutron_lib/callbacks/manager.py:167
2018-06-29 01:52:34.493 25570 DEBUG neutron_lib.callbacks.manager [req-f9a44395-01c5-4298-a65a-d3e1cc7e2525 - - - - -] Notify callbacks ['neutron.services.segments.db._update_segment_host_mapping_for_agent-8752381849168'] for agent, after_update _notify_loop /usr/lib/python2.7/site-packages/neutron_lib/callbacks/manager.py:167
2018-06-29 01:52:34.532 25569 DEBUG neutron_lib.callbacks.manager [req-f60f0e0f-a4b8-4889-8390-68be31b24e23 - - - - -] Notify callbacks ['neutron.services.segments.db._update_segment_host_mapping_for_agent-8752381849168'] for agent, after_update _notify_loop /usr/lib/python2.7/site-packages/neutron_lib/callbacks/manager.py:167
2018-06-29 01:52:37.487 25557 DEBUG neutron.wsgi [-] (25557) accepted ('10.0.20.46', 50296) server /usr/lib/python2.7/site-packages/eventlet/wsgi.py:883
2018-06-29 01:52:38.348 25557 INFO neutron.wsgi [req-a2749967-ad42-44ed-8939-3d3fe26a6f39 655ab8e67d8e4ca680268ee96a43ee95 0ca3103c90a24980adf86a98ed1a7af3 - default default] 10.0.20.46 "GET /v2.0/ports?device_id=a54e4153-e696-4def-ab5b-3114b445cffe HTTP/1.1" status: 200  len: 1123 time: 0.8581390
2018-06-29 01:52:38.516 25557 INFO neutron.wsgi [req-4e81d435-787b-4a1f-a849-ad39e8792b54 655ab8e67d8e4ca680268ee96a43ee95 0ca3103c90a24980adf86a98ed1a7af3 - default default] 10.0.20.46 "GET /v2.0/security-groups?id=0f038a6f-9adb-4838-bdb8-58508dad0ac7 HTTP/1.1" status: 200  len: 2118 time: 0.1379030
2018-06-29 01:52:39.493 25560 INFO neutron.wsgi [req-1278e340-e0d0-42a5-8a97-ad6f25c7f76b 3fd4914156fa4f9fb901b569cfaef3f8 b1d0145b4ff74ab299c558aa72e2f805 - 3286de30a3574f64a2eb46057de061ad 3286de30a3574f64a2eb46057de061ad] 10.0.20.46 "GET /v2.0/ports?device_id=a54e4153-e696-4def-ab5b-3114b445cffe HTTP/1.1" status: 200  len: 1123 time: 0.8416750
2018-06-29 01:52:39.626 25560 INFO neutron.wsgi [req-266a1a74-ceb3-4280-99be-b9e097cc96a7 3fd4914156fa4f9fb901b569cfaef3f8 b1d0145b4ff74ab299c558aa72e2f805 - 3286de30a3574f64a2eb46057de061ad 3286de30a3574f64a2eb46057de061ad] 10.0.20.46 "GET /v2.0/security-groups?id=0f038a6f-9adb-4838-bdb8-58508dad0ac7 HTTP/1.1" status: 200  len: 2118 time: 0.1233509
2018-06-29 01:52:39.911 25560 INFO neutron.wsgi [req-78a08d7e-8cfa-417c-81a0-d0e16775d40d 3fd4914156fa4f9fb901b569cfaef3f8 b1d0145b4ff74ab299c558aa72e2f805 - 3286de30a3574f64a2eb46057de061ad 3286de30a3574f64a2eb46057de061ad] 10.0.20.46 "GET /v2.0/ports?device_owner=compute%3Anova&device_id=a54e4153-e696-4def-ab5b-3114b445cffe HTTP/1.1" status: 200  len: 1123 time: 0.1427841
2018-06-29 01:52:39.968 25560 INFO neutron.wsgi [req-59a215f8-ccd0-4298-87f0-d663d365762d 3fd4914156fa4f9fb901b569cfaef3f8 b1d0145b4ff74ab299c558aa72e2f805 - 3286de30a3574f64a2eb46057de061ad 3286de30a3574f64a2eb46057de061ad] 10.0.20.46 "GET /v2.0/floatingips?floating_ip_address=172.24.4.8 HTTP/1.1" status: 200  len: 672 time: 0.0507140
2018-06-29 01:52:40.049 25560 DEBUG neutron.api.v2.base [req-1dcf959d-bd62-4f82-8a47-f9c90fd94b61 3fd4914156fa4f9fb901b569cfaef3f8 b1d0145b4ff74ab299c558aa72e2f805 - 3286de30a3574f64a2eb46057de061ad 3286de30a3574f64a2eb46057de061ad] Request body: {u'floatingip': {u'fixed_ip_address': u'11.35.1.4', u'port_id': u'c5cc27dc-2627-4652-a539-4f91a43f11e6'}} prepare_request_body /usr/lib/python2.7/site-packages/neutron/api/v2/base.py:695
2018-06-29 01:52:40.269 25566 DEBUG neutron_lib.callbacks.manager [req-ffba4c41-64af-4f42-8e7c-e1543bfa4b1f - - - - -] Notify callbacks ['neutron.services.segments.db._update_segment_host_mapping_for_agent-8752381849168'] for agent, after_update _notify_loop /usr/lib/python2.7/site-packages/neutron_lib/callbacks/manager.py:167
2018-06-29 01:52:40.419 25560 DEBUG neutron_lib.callbacks.manager [req-1dcf959d-bd62-4f82-8a47-f9c90fd94b61 3fd4914156fa4f9fb901b569cfaef3f8 b1d0145b4ff74ab299c558aa72e2f805 - 3286de30a3574f64a2eb46057de061ad 3286de30a3574f64a2eb46057de061ad] Notify callbacks ['neutron.services.l3_router.l3_router_plugin.L3RouterPlugin._create_dvr_floating_gw_port--9223372036854243782'] for floatingip, after_update _notify_loop /usr/lib/python2.7/site-packages/neutron_lib/callbacks/manager.py:167
2018-06-29 01:52:40.974 25560 DEBUG neutron.scheduler.l3_agent_scheduler [req-1dcf959d-bd62-4f82-8a47-f9c90fd94b61 3fd4914156fa4f9fb901b569cfaef3f8 b1d0145b4ff74ab299c558aa72e2f805 - 3286de30a3574f64a2eb46057de061ad 3286de30a3574f64a2eb46057de061ad] Router c6e2037a-085e-438f-ae1f-76a861b37fc2 has already been hosted by L3 agent 60219d81-8e5e-4233-80e1-4b550fb5711a _get_candidates /usr/lib/python2.7/site-packages/neutron/scheduler/l3_agent_scheduler.py:141
2018-06-29 01:52:41.081 25563 DEBUG neutron.wsgi [-] (25563) accepted ('10.0.20.46', 51352) server /usr/lib/python2.7/site-packages/eventlet/wsgi.py:883
2018-06-29 01:52:41.188 25560 DEBUG neutron.api.rpc.agentnotifiers.l3_rpc_agent_api [req-1dcf959d-bd62-4f82-8a47-f9c90fd94b61 3fd4914156fa4f9fb901b569cfaef3f8 b1d0145b4ff74ab299c558aa72e2f805 - 3286de30a3574f64a2eb46057de061ad 3286de30a3574f64a2eb46057de061ad] Notify agent at l3_agent.localhost.localdomain the message routers_updated _agent_notification /usr/lib/python2.7/site-packages/neutron/api/rpc/agentnotifiers/l3_rpc_agent_api.py:69
2018-06-29 01:52:41.478 25563 INFO neutron.wsgi [req-5f191f76-dc3a-42e0-b251-ef3e0e48e136 655ab8e67d8e4ca680268ee96a43ee95 0ca3103c90a24980adf86a98ed1a7af3 - default default] 10.0.20.46 "GET /v2.0/ports?device_id=a54e4153-e696-4def-ab5b-3114b445cffe HTTP/1.1" status: 200  len: 1123 time: 0.3945448
2018-06-29 01:52:41.547 25560 DEBUG neutron_lib.callbacks.manager [req-1dcf959d-bd62-4f82-8a47-f9c90fd94b61 3fd4914156fa4f9fb901b569cfaef3f8 b1d0145b4ff74ab299c558aa72e2f805 - 3286de30a3574f64a2eb46057de061ad 3286de30a3574f64a2eb46057de061ad] Notify callbacks ['neutron.notifiers.nova.Notifier._send_nova_notification--9223372036854773326'] for floatingip, before_response _notify_loop /usr/lib/python2.7/site-packages/neutron_lib/callbacks/manager.py:167
2018-06-29 01:52:41.562 25566 DEBUG neutron.db.l3_hamode_db [req-2d54a707-021a-4a4e-a9ce-aed896b23c68 - - - - -] neutron.services.l3_router.l3_router_plugin.L3RouterPlugin method get_ha_sync_data_for_host called with arguments (<neutron_lib.context.Context object at 0x7f5d291874d0>, u'localhost.localdomain', <neutron.db.models.agent.Agent[object at 7f5d28c6f290] {id=u'60219d81-8e5e-4233-80e1-4b550fb5711a', agent_type=u'L3 agent', binary=u'neutron-l3-agent', topic=u'l3_agent', host=u'localhost.localdomain', availability_zone=u'nova', admin_state_up=True, created_at=datetime.datetime(2018, 6, 6, 18, 12, 54), started_at=datetime.datetime(2018, 6, 28, 23, 42, 32), heartbeat_timestamp=datetime.datetime(2018, 6, 28, 23, 52, 32), description=None, configurations=u'{"agent_mode": "legacy", "gateway_external_network_id": "", "handle_internal_only_routers": true, "routers": 2, "interfaces": 2, "floating_ips": 0, "interface_driver": "neutron.agent.linux.interface.OVSInterfaceDriver", "log_agent_heartbeats": false, "external_network_bridge": "", "ex_gw_ports": 2}', resource_versions=None, load=0}>) {'active': True, 'router_ids': ['c6e2037a-085e-438f-ae1f-76a861b37fc2']} wrapper /usr/lib/python2.7/site-packages/oslo_log/helpers.py:66
2018-06-29 01:52:41.632 25560 INFO neutron.wsgi [req-1dcf959d-bd62-4f82-8a47-f9c90fd94b61 3fd4914156fa4f9fb901b569cfaef3f8 b1d0145b4ff74ab299c558aa72e2f805 - 3286de30a3574f64a2eb46057de061ad 3286de30a3574f64a2eb46057de061ad] 10.0.20.46 "PUT /v2.0/floatingips/7330d0bd-73a2-477d-a2e9-04423df1410b HTTP/1.1" status: 200  len: 744 time: 1.6567161
2018-06-29 01:52:41.633 25560 DEBUG oslo_concurrency.lockutils [-] Lock "notifier-6490e53d-49aa-46cc-8dd7-2c4324f2319b" acquired by "neutron.notifiers.batch_notifier.synced_send" :: waited 0.000s inner /usr/lib/python2.7/site-packages/oslo_concurrency/lockutils.py:270
2018-06-29 01:52:41.634 25560 DEBUG neutron.notifiers.nova [-] Sending events: [{'tag': u'c5cc27dc-2627-4652-a539-4f91a43f11e6', 'name': 'network-changed', 'server_uuid': u'a54e4153-e696-4def-ab5b-3114b445cffe'}] send_events /usr/lib/python2.7/site-packages/neutron/notifiers/nova.py:242
2018-06-29 01:52:41.654 25563 INFO neutron.wsgi [req-3cf949d9-e16d-44cc-a2ef-91ef3e13e485 655ab8e67d8e4ca680268ee96a43ee95 0ca3103c90a24980adf86a98ed1a7af3 - default default] 10.0.20.46 "GET /v2.0/security-groups?id=0f038a6f-9adb-4838-bdb8-58508dad0ac7 HTTP/1.1" status: 200  len: 2118 time: 0.1529310
2018-06-29 01:52:42.307 25566 DEBUG neutron.db.l3_hamode_db [req-2d54a707-021a-4a4e-a9ce-aed896b23c68 - - - - -] neutron.services.l3_router.l3_router_plugin.L3RouterPlugin method _process_sync_ha_data called with arguments (<neutron_lib.context.Context object at 0x7f5d291874d0>, [{'status': u'ACTIVE', '_interfaces': [{'status': u'ACTIVE', 'subnets': [{'dns_nameservers': [u'8.8.4.4'], 'ipv6_ra_mode': None, 'gateway_ip': u'11.35.1.1', 'cidr': u'11.35.1.0/24', 'id': u'e166f3b1-805a-449e-a4d9-2500f7e357dc', 'subnetpool_id': None}], 'binding:host_id': u'localhost.localdomain', 'description': u'', 'allowed_address_pairs': [], 'tags': [], 'extra_dhcp_opts': [], 'updated_at': '2018-06-28T23:51:04Z', 'device_owner': u'network:router_interface', 'revision_number': 7, 'port_security_enabled': False, 'binding:profile': {}, 'mtu': 1450, 'fixed_ips': [{'subnet_id': u'e166f3b1-805a-449e-a4d9-2500f7e357dc', 'prefixlen': 24, 'ip_address': u'11.35.1.1'}], 'id': u'8a484c93-b71b-47cc-9dad-2a2b926962de', 'security_groups': [], 'device_id': u'c6e2037a-085e-438f-ae1f-76a861b37fc2', 'name': u'', 'admin_state_up': True, 'network_id': u'284452f9-169b-4782-99e5-1b8e93b3d679', 'tenant_id': u'b1d0145b4ff74ab299c558aa72e2f805', 'binding:vif_details': {u'port_filter': True, u'datapath_type': u'system', u'ovs_hybrid_plug': True}, 'address_scopes': {4: None, 6: None}, 'binding:vnic_type': u'normal', 'binding:vif_type': u'ovs', 'mac_address': u'fa:16:3e:05:01:f6', 'project_id': u'b1d0145b4ff74ab299c558aa72e2f805', 'extra_subnets': [], 'created_at': '2018-06-28T23:50:55Z'}], 'enable_snat': True, 'ha_vr_id': 0, 'description': u'', 'tags': [], 'gw_port': {'status': u'ACTIVE', 'subnets': [{'dns_nameservers': [], 'ipv6_ra_mode': None, 'gateway_ip': u'172.24.4.1', 'cidr': u'172.24.4.0/24', 'id': u'42338adf-2e51-4eed-8e47-1b2f9d84cf85', 'subnetpool_id': None}], 'binding:host_id': u'localhost.localdomain', 'description': u'', 'allowed_address_pairs': [], 'tags': [], 'extra_dhcp_opts': [], 'updated_at': '2018-06-28T23:51:14Z', 'device_owner': u'network:router_gateway', 'revision_number': 6, 'port_security_enabled': False, 'binding:profile': {}, 'mtu': 1500, 'fixed_ips': [{'subnet_id': u'42338adf-2e51-4eed-8e47-1b2f9d84cf85', 'prefixlen': 24, 'ip_address': u'172.24.4.3'}], 'id': u'f4f369f8-8912-4d3a-987c-88775fdf8e17', 'security_groups': [], 'device_id': u'c6e2037a-085e-438f-ae1f-76a861b37fc2', 'name': u'', 'admin_state_up': True, 'network_id': u'badfb9c1-1612-4b74-9d18-206aaffd3895', 'tenant_id': u'', 'binding:vif_details': {u'port_filter': True, u'datapath_type': u'system', u'ovs_hybrid_plug': True}, 'address_scopes': {4: None, 6: None}, 'binding:vnic_type': u'normal', 'binding:vif_type': u'ovs', 'mac_address': u'fa:16:3e:94:71:d9', 'project_id': u'', 'extra_subnets': [], 'created_at': '2018-06-28T23:51:08Z'}, 'updated_at': '2018-06-28T23:51:09Z', 'revision_number': 3, 'ha': False, 'id': u'c6e2037a-085e-438f-ae1f-76a861b37fc2', 'gw_port_host': u'localhost.localdomain', 'external_gateway_info': {'network_id': u'badfb9c1-1612-4b74-9d18-206aaffd3895', 'enable_snat': True, 'external_fixed_ips': [{'subnet_id': u'42338adf-2e51-4eed-8e47-1b2f9d84cf85', 'ip_address': u'172.24.4.3'}]}, 'availability_zone_hints': [], 'availability_zones': [u'nova'], 'name': u'tempest-router-1530229655', 'gw_port_id': u'f4f369f8-8912-4d3a-987c-88775fdf8e17', 'admin_state_up': True, 'tenant_id': u'b1d0145b4ff74ab299c558aa72e2f805', 'created_at': '2018-06-28T23:50:33Z', 'distributed': False, 'flavor_id': None, 'routes': [], 'project_id': u'b1d0145b4ff74ab299c558aa72e2f805', '_floatingips': [{'router_id': u'c6e2037a-085e-438f-ae1f-76a861b37fc2', 'status': u'DOWN', 'description': u'', 'tags': [], 'updated_at': '2018-06-28T23:52:40Z', 'dns_domain': '', 'floating_network_id': u'badfb9c1-1612-4b74-9d18-206aaffd3895', 'fixed_ip_address': u'11.35.1.4', 'floating_ip_address': u'172.24.4.8', 'revision_number': 1, 'port_id': u'c5cc27dc-2627-4652-a539-4f91a43f11e6', 'id': u'7330d0bd-73a2-477d-a2e9-04423df1410b', 'dns_name': '', 'created_at': '2018-06-28T23:52:24Z', 'tenant_id': u'b1d0145b4ff74ab299c558aa72e2f805', 'fixed_ip_address_scope': None, 'project_id': u'b1d0145b4ff74ab299c558aa72e2f805'}]}], u'localhost.localdomain', False) {} wrapper /usr/lib/python2.7/site-packages/oslo_log/helpers.py:66
2018-06-29 01:52:42.316 25566 DEBUG neutron.api.rpc.handlers.l3_rpc [req-2d54a707-021a-4a4e-a9ce-aed896b23c68 - - - - -] Checking router: c6e2037a-085e-438f-ae1f-76a861b37fc2 for host: localhost.localdomain _ensure_host_set_on_ports /usr/lib/python2.7/site-packages/neutron/api/rpc/handlers/l3_rpc.py:135
2018-06-29 01:52:42.482 25560 DEBUG novaclient.v2.client [-] REQ: curl -g -i -X POST http://10.0.20.46:8774/v2.1/0ca3103c90a24980adf86a98ed1a7af3/os-server-external-events -H "User-Agent: python-novaclient" -H "Content-Type: application/json" -H "Accept: application/json" -H "X-OpenStack-Nova-API-Version: 2.1" -H "X-Auth-Token: {SHA1}c3470df8f3b005f3965c181eb082ef5520754c1f" -d '{"events": [{"tag": "c5cc27dc-2627-4652-a539-4f91a43f11e6", "name": "network-changed", "server_uuid": "a54e4153-e696-4def-ab5b-3114b445cffe"}]}' _http_log_request /usr/lib/python2.7/site-packages/keystoneauth1/session.py:375
2018-06-29 01:52:42.777 25572 DEBUG neutron.api.rpc.handlers.l3_rpc [req-583e37b6-2bc0-4d41-9b8b-1d89aa82cfb5 - - - - -] New status for floating IP 7330d0bd-73a2-477d-a2e9-04423df1410b: ACTIVE update_floatingip_statuses /usr/lib/python2.7/site-packages/neutron/api/rpc/handlers/l3_rpc.py:252
2018-06-29 01:52:43.219 25560 DEBUG novaclient.v2.client [-] RESP: [200] Content-Length: 179 Content-Type: application/json Openstack-Api-Version: compute 2.1 X-Openstack-Nova-Api-Version: 2.1 Vary: OpenStack-API-Version, X-OpenStack-Nova-API-Version X-Openstack-Request-Id: req-83fa8f5d-62d0-423e-b914-d3f5c487b25f X-Compute-Request-Id: req-83fa8f5d-62d0-423e-b914-d3f5c487b25f Date: Thu, 28 Jun 2018 23:52:43 GMT Connection: keep-alive 
RESP BODY: {"events": [{"status": "completed", "tag": "c5cc27dc-2627-4652-a539-4f91a43f11e6", "name": "network-changed", "server_uuid": "a54e4153-e696-4def-ab5b-3114b445cffe", "code": 200}]}
 _http_log_response /usr/lib/python2.7/site-packages/keystoneauth1/session.py:423
2018-06-29 01:52:43.220 25560 DEBUG novaclient.v2.client [-] POST call to compute for http://10.0.20.46:8774/v2.1/0ca3103c90a24980adf86a98ed1a7af3/os-server-external-events used request id req-83fa8f5d-62d0-423e-b914-d3f5c487b25f request /usr/lib/python2.7/site-packages/keystoneauth1/session.py:727
2018-06-29 01:52:43.227 25560 INFO neutron.notifiers.nova [-] Nova event response: {u'status': u'completed', u'tag': u'c5cc27dc-2627-4652-a539-4f91a43f11e6', u'name': u'network-changed', u'server_uuid': u'a54e4153-e696-4def-ab5b-3114b445cffe', u'code': 200}
2018-06-29 01:52:43.336 25556 INFO neutron.wsgi [req-4884b972-83b1-400f-828f-1bb319886ae5 655ab8e67d8e4ca680268ee96a43ee95 0ca3103c90a24980adf86a98ed1a7af3 - default default] 10.0.20.46 "GET /v2.0/ports?tenant_id=b1d0145b4ff74ab299c558aa72e2f805&device_id=a54e4153-e696-4def-ab5b-3114b445cffe HTTP/1.1" status: 200  len: 1123 time: 0.0925739
2018-06-29 01:52:43.547 25556 DEBUG neutron.pecan_wsgi.hooks.policy_enforcement [req-60b2302d-bd9c-4eb7-b935-c82b7e7d538b 655ab8e67d8e4ca680268ee96a43ee95 0ca3103c90a24980adf86a98ed1a7af3 - default default] Attributes excluded by policy engine: [u'vlan_transparent'] _exclude_attributes_by_policy /usr/lib/python2.7/site-packages/neutron/pecan_wsgi/hooks/policy_enforcement.py:256
2018-06-29 01:52:43.550 25556 INFO neutron.wsgi [req-60b2302d-bd9c-4eb7-b935-c82b7e7d538b 655ab8e67d8e4ca680268ee96a43ee95 0ca3103c90a24980adf86a98ed1a7af3 - default default] 10.0.20.46 "GET /v2.0/networks?id=284452f9-169b-4782-99e5-1b8e93b3d679 HTTP/1.1" status: 200  len: 885 time: 0.2076170
2018-06-29 01:52:43.611 25556 INFO neutron.wsgi [req-8f1bd47a-90d4-4afc-9f78-2201096f7e06 655ab8e67d8e4ca680268ee96a43ee95 0ca3103c90a24980adf86a98ed1a7af3 - default default] 10.0.20.46 "GET /v2.0/floatingips?fixed_ip_address=11.35.1.4&port_id=c5cc27dc-2627-4652-a539-4f91a43f11e6 HTTP/1.1" status: 200  len: 749 time: 0.0547020
2018-06-29 01:52:43.759 25556 DEBUG neutron.pecan_wsgi.hooks.policy_enforcement [req-b1c99078-eb2b-4062-9458-fabe3eb652c6 655ab8e67d8e4ca680268ee96a43ee95 0ca3103c90a24980adf86a98ed1a7af3 - default default] Attributes excluded by policy engine: [u'shared'] _exclude_attributes_by_policy /usr/lib/python2.7/site-packages/neutron/pecan_wsgi/hooks/policy_enforcement.py:256
2018-06-29 01:52:43.764 25556 INFO neutron.wsgi [req-b1c99078-eb2b-4062-9458-fabe3eb652c6 655ab8e67d8e4ca680268ee96a43ee95 0ca3103c90a24980adf86a98ed1a7af3 - default default] 10.0.20.46 "GET /v2.0/subnets?id=e166f3b1-805a-449e-a4d9-2500f7e357dc HTTP/1.1" status: 200  len: 843 time: 0.1461492
2018-06-29 01:52:43.913 25556 INFO neutron.wsgi [req-53fceba5-ae17-4d71-8115-2e805b461caf 655ab8e67d8e4ca680268ee96a43ee95 0ca3103c90a24980adf86a98ed1a7af3 - default default] 10.0.20.46 "GET /v2.0/ports?network_id=284452f9-169b-4782-99e5-1b8e93b3d679&device_owner=network%3Adhcp HTTP/1.1" status: 200  len: 1127 time: 0.1424589
2018-06-29 01:52:44.797 25557 INFO neutron.wsgi [req-40a220ee-71ab-4092-a878-7b38684bd580 655ab8e67d8e4ca680268ee96a43ee95 0ca3103c90a24980adf86a98ed1a7af3 - default default] 10.0.20.46 "GET /v2.0/ports?device_id=a54e4153-e696-4def-ab5b-3114b445cffe HTTP/1.1" status: 200  len: 1123 time: 0.1734080
2018-06-29 01:52:44.955 25557 INFO neutron.wsgi [req-262e7d7c-c83a-4e97-8698-cb456b79c472 655ab8e67d8e4ca680268ee96a43ee95 0ca3103c90a24980adf86a98ed1a7af3 - default default] 10.0.20.46 "GET /v2.0/security-groups?id=0f038a6f-9adb-4838-bdb8-58508dad0ac7 HTTP/1.1" status: 200  len: 2118 time: 0.1495519
