2018-06-30 01:19:16.503 29157 DEBUG neutron_lib.callbacks.manager [req-9aa0f636-d305-46df-b2b5-5a67afdbd13b - - - - -] Notify callbacks ['neutron.plugins.ml2.plugin.Ml2Plugin.notify_sg_on_port_change-2060543', 'neutron.api.rpc.agentnotifiers.dhcp_rpc_agent_api.DhcpAgentNotifyAPI._native_event_send_dhcp_notification--9223372036853728247', 'neutron.db.l3_hascheduler_db._notify_l3_agent_ha_port_update-8781677395265', 'neutron.db.l3_dvrscheduler_db._notify_l3_agent_port_update--9223363255177406483', 'neutron.plugins.ml2.ovo_rpc._ObjectChangeHandler.handle_event-635000'] for port, after_update _notify_loop /usr/lib/python2.7/site-packages/neutron_lib/callbacks/manager.py:167
2018-06-30 01:19:16.527 29157 DEBUG oslo_concurrency.lockutils [-] Lock "event-dispatch" acquired by "neutron.plugins.ml2.ovo_rpc.dispatch_events" :: waited 0.000s inner /usr/lib/python2.7/site-packages/oslo_concurrency/lockutils.py:270
2018-06-30 01:19:16.600 29157 DEBUG novaclient.v2.client [-] RESP: [200] Content-Length: 185 Content-Type: application/json Openstack-Api-Version: compute 2.1 X-Openstack-Nova-Api-Version: 2.1 Vary: OpenStack-API-Version, X-OpenStack-Nova-API-Version X-Openstack-Request-Id: req-8ffab2e0-0c42-4b9d-862c-904e723e6a81 X-Compute-Request-Id: req-8ffab2e0-0c42-4b9d-862c-904e723e6a81 Date: Fri, 29 Jun 2018 23:19:16 GMT Connection: keep-alive 
RESP BODY: {"events": [{"status": "completed", "tag": "12b07f3c-b4b1-4996-97d4-8163a77c28b2", "name": "network-vif-unplugged", "server_uuid": "32e41806-87de-4c0c-b3b4-ce858133fe96", "code": 200}]}
 _http_log_response /usr/lib/python2.7/site-packages/keystoneauth1/session.py:423
2018-06-30 01:19:16.601 29157 DEBUG novaclient.v2.client [-] POST call to compute for http://10.0.20.46:8774/v2.1/0ca3103c90a24980adf86a98ed1a7af3/os-server-external-events used request id req-8ffab2e0-0c42-4b9d-862c-904e723e6a81 request /usr/lib/python2.7/site-packages/keystoneauth1/session.py:727
2018-06-30 01:19:16.619 29157 INFO neutron.notifiers.nova [-] Nova event response: {u'status': u'completed', u'tag': u'12b07f3c-b4b1-4996-97d4-8163a77c28b2', u'name': u'network-vif-unplugged', u'server_uuid': u'32e41806-87de-4c0c-b3b4-ce858133fe96', u'code': 200}
2018-06-30 01:19:16.685 29157 DEBUG neutron.api.rpc.handlers.resources_rpc [req-9aa0f636-d305-46df-b2b5-5a67afdbd13b - - - - -] neutron.api.rpc.handlers.resources_rpc.ResourcesPushRpcApi method push called with arguments (<neutron_lib.context.Context object at 0x7fca4b9bde50>, [Port(admin_state_up=True,allowed_address_pairs=[],binding=PortBinding,binding_levels=[PortBindingLevel],created_at=2018-06-29T23:16:15Z,data_plane_status=<?>,description='',device_id='32e41806-87de-4c0c-b3b4-ce858133fe96',device_owner='compute:nova',dhcp_options=[],distributed_binding=None,dns=None,fixed_ips=[IPAllocation],id=12b07f3c-b4b1-4996-97d4-8163a77c28b2,mac_address=fa:16:3e:48:8b:3a,name='',network_id=81b1c6da-c7bc-443a-b4e4-e13ebc16ffba,project_id='9f3cf670b89d46f09aef2011893ea165',qos_policy_id=None,revision_number=7,security=PortSecurity(12b07f3c-b4b1-4996-97d4-8163a77c28b2),security_group_ids=set([b1109439-c521-4e93-b2db-15b8117cfb8c]),status='DOWN',updated_at=2018-06-29T23:19:16Z)], 'updated') {} wrapper /usr/lib/python2.7/site-packages/oslo_log/helpers.py:66
2018-06-30 01:19:16.701 29157 DEBUG neutron.api.rpc.callbacks.version_manager [req-9aa0f636-d305-46df-b2b5-5a67afdbd13b - - - - -] Version for resource type Subnet changed None to 1.0 on consumer Open vSwitch agent@localhost.localdomain _set_version /usr/lib/python2.7/site-packages/neutron/api/rpc/callbacks/version_manager.py:119
2018-06-30 01:19:16.702 29157 DEBUG neutron.api.rpc.callbacks.version_manager [req-9aa0f636-d305-46df-b2b5-5a67afdbd13b - - - - -] Version for resource type Network changed None to 1.0 on consumer Open vSwitch agent@localhost.localdomain _set_version /usr/lib/python2.7/site-packages/neutron/api/rpc/callbacks/version_manager.py:119
2018-06-30 01:19:16.703 29157 DEBUG neutron.api.rpc.callbacks.version_manager [req-9aa0f636-d305-46df-b2b5-5a67afdbd13b - - - - -] Version for resource type SubPort changed None to 1.0 on consumer Open vSwitch agent@localhost.localdomain _set_version /usr/lib/python2.7/site-packages/neutron/api/rpc/callbacks/version_manager.py:119
2018-06-30 01:19:16.703 29157 DEBUG neutron.api.rpc.callbacks.version_manager [req-9aa0f636-d305-46df-b2b5-5a67afdbd13b - - - - -] Version for resource type SecurityGroup changed None to 1.0 on consumer Open vSwitch agent@localhost.localdomain _set_version /usr/lib/python2.7/site-packages/neutron/api/rpc/callbacks/version_manager.py:119
2018-06-30 01:19:16.704 29157 DEBUG neutron.api.rpc.callbacks.version_manager [req-9aa0f636-d305-46df-b2b5-5a67afdbd13b - - - - -] Version for resource type SecurityGroupRule changed None to 1.0 on consumer Open vSwitch agent@localhost.localdomain _set_version /usr/lib/python2.7/site-packages/neutron/api/rpc/callbacks/version_manager.py:119
2018-06-30 01:19:16.704 29157 DEBUG neutron.api.rpc.callbacks.version_manager [req-9aa0f636-d305-46df-b2b5-5a67afdbd13b - - - - -] Version for resource type Trunk changed None to 1.1 on consumer Open vSwitch agent@localhost.localdomain _set_version /usr/lib/python2.7/site-packages/neutron/api/rpc/callbacks/version_manager.py:119
2018-06-30 01:19:16.705 29157 DEBUG neutron.api.rpc.callbacks.version_manager [req-9aa0f636-d305-46df-b2b5-5a67afdbd13b - - - - -] Version for resource type QosPolicy changed None to 1.6 on consumer Open vSwitch agent@localhost.localdomain _set_version /usr/lib/python2.7/site-packages/neutron/api/rpc/callbacks/version_manager.py:119
2018-06-30 01:19:16.706 29157 DEBUG neutron.api.rpc.callbacks.version_manager [req-9aa0f636-d305-46df-b2b5-5a67afdbd13b - - - - -] Version for resource type Port changed None to 1.1 on consumer Open vSwitch agent@localhost.localdomain _set_version /usr/lib/python2.7/site-packages/neutron/api/rpc/callbacks/version_manager.py:119
2018-06-30 01:19:16.706 29157 DEBUG neutron.api.rpc.callbacks.version_manager [req-9aa0f636-d305-46df-b2b5-5a67afdbd13b - - - - -] Version for resource type Log changed None to 1.0 on consumer Open vSwitch agent@localhost.localdomain _set_version /usr/lib/python2.7/site-packages/neutron/api/rpc/callbacks/version_manager.py:119
2018-06-30 01:19:16.729 29157 DEBUG oslo_concurrency.lockutils [req-9aa0f636-d305-46df-b2b5-5a67afdbd13b - - - - -] Lock "event-dispatch" released by "neutron.plugins.ml2.ovo_rpc.dispatch_events" :: held 0.203s inner /usr/lib/python2.7/site-packages/oslo_concurrency/lockutils.py:282
2018-06-30 01:19:18.620 29157 DEBUG oslo_concurrency.lockutils [-] Lock "notifier-b3fd574a-d244-4d74-9065-d8cb04b2cadb" released by "neutron.notifiers.batch_notifier.synced_send" :: held 2.141s inner /usr/lib/python2.7/site-packages/oslo_concurrency/lockutils.py:282
2018-06-30 01:19:19.278 29156 DEBUG neutron_lib.callbacks.manager [req-9aa0f636-d305-46df-b2b5-5a67afdbd13b - - - - -] Notify callbacks ['neutron.services.segments.db._update_segment_host_mapping_for_agent-8781677730128'] for agent, after_update _notify_loop /usr/lib/python2.7/site-packages/neutron_lib/callbacks/manager.py:167
2018-06-30 01:19:20.322 29155 DEBUG neutron.plugins.ml2.rpc [req-9aa0f636-d305-46df-b2b5-5a67afdbd13b - - - - -] Device 12b07f3c-b4b1-4996-97d4-8163a77c28b2 up at agent ovs-agent-localhost.localdomain update_device_up /usr/lib/python2.7/site-packages/neutron/plugins/ml2/rpc.py:244
2018-06-30 01:19:20.542 29155 DEBUG neutron.db.provisioning_blocks [req-9aa0f636-d305-46df-b2b5-5a67afdbd13b - - - - -] Provisioning complete for port 12b07f3c-b4b1-4996-97d4-8163a77c28b2 triggered by entity L2. provisioning_complete /usr/lib/python2.7/site-packages/neutron/db/provisioning_blocks.py:138
2018-06-30 01:19:20.543 29155 DEBUG neutron_lib.callbacks.manager [req-9aa0f636-d305-46df-b2b5-5a67afdbd13b - - - - -] Notify callbacks ['neutron.plugins.ml2.plugin.Ml2Plugin._port_provisioned-1722318'] for port, provisioning_complete _notify_loop /usr/lib/python2.7/site-packages/neutron_lib/callbacks/manager.py:167
2018-06-30 01:19:20.661 29149 INFO neutron.wsgi [req-4d16903d-8aa6-487e-a311-9d4b5c48f8ab ade33f80147847ad81de1d17854b4608 9f3cf670b89d46f09aef2011893ea165 - 5d2c9277b2044188874fd5faab454608 5d2c9277b2044188874fd5faab454608] 10.0.20.46 "GET /v2.0/ports?device_id=32e41806-87de-4c0c-b3b4-ce858133fe96 HTTP/1.1" status: 200  len: 1123 time: 0.8913801
2018-06-30 01:19:20.789 29155 DEBUG neutron_lib.callbacks.manager [req-9aa0f636-d305-46df-b2b5-5a67afdbd13b - - - - -] Notify callbacks ['neutron.plugins.ml2.plugin.Ml2Plugin._ensure_default_security_group_handler--9223372036852715382'] for port, before_update _notify_loop /usr/lib/python2.7/site-packages/neutron_lib/callbacks/manager.py:167
2018-06-30 01:19:20.831 29149 INFO neutron.wsgi [req-957c33f2-ccbe-443c-b907-7dd691602cf8 ade33f80147847ad81de1d17854b4608 9f3cf670b89d46f09aef2011893ea165 - 5d2c9277b2044188874fd5faab454608 5d2c9277b2044188874fd5faab454608] 10.0.20.46 "GET /v2.0/security-groups?id=b1109439-c521-4e93-b2db-15b8117cfb8c HTTP/1.1" status: 200  len: 2118 time: 0.1615510
2018-06-30 01:19:20.886 29155 DEBUG oslo_concurrency.lockutils [-] Lock "notifier-b3fd574a-d244-4d74-9065-d8cb04b2cadb" acquired by "neutron.notifiers.batch_notifier.synced_send" :: waited 0.000s inner /usr/lib/python2.7/site-packages/oslo_concurrency/lockutils.py:270
2018-06-30 01:19:20.887 29155 DEBUG neutron.notifiers.nova [-] Sending events: [{'status': 'completed', 'tag': u'12b07f3c-b4b1-4996-97d4-8163a77c28b2', 'name': 'network-vif-plugged', 'server_uuid': u'32e41806-87de-4c0c-b3b4-ce858133fe96'}] send_events /usr/lib/python2.7/site-packages/neutron/notifiers/nova.py:242
2018-06-30 01:19:20.905 29155 DEBUG neutron.plugins.ml2.db [req-9aa0f636-d305-46df-b2b5-5a67afdbd13b - - - - -] For port 12b07f3c-b4b1-4996-97d4-8163a77c28b2, host localhost.localdomain, got binding levels [<neutron.plugins.ml2.models.PortBindingLevel[object at 7fca4b693890] {port_id=u'12b07f3c-b4b1-4996-97d4-8163a77c28b2', host=u'localhost.localdomain', level=0, driver=u'openvswitch', segment_id=u'dae83f39-1d7a-4c9a-b5fe-7d423daf5a2d'}>] get_binding_levels /usr/lib/python2.7/site-packages/neutron/plugins/ml2/db.py:106
2018-06-30 01:19:20.921 29155 DEBUG neutron_lib.callbacks.manager [req-9aa0f636-d305-46df-b2b5-5a67afdbd13b - - - - -] Notify callbacks ['neutron.plugins.ml2.plugin.Ml2Plugin.notify_sg_on_port_change-2060543', 'neutron.api.rpc.agentnotifiers.dhcp_rpc_agent_api.DhcpAgentNotifyAPI._native_event_send_dhcp_notification--9223372036853728247', 'neutron.db.l3_hascheduler_db._notify_l3_agent_ha_port_update-8781677395265', 'neutron.db.l3_dvrscheduler_db._notify_l3_agent_port_update--9223363255177406483', 'neutron.plugins.ml2.ovo_rpc._ObjectChangeHandler.handle_event-635000'] for port, after_update _notify_loop /usr/lib/python2.7/site-packages/neutron_lib/callbacks/manager.py:167
2018-06-30 01:19:20.976 29155 DEBUG oslo_concurrency.lockutils [-] Lock "event-dispatch" acquired by "neutron.plugins.ml2.ovo_rpc.dispatch_events" :: waited 0.000s inner /usr/lib/python2.7/site-packages/oslo_concurrency/lockutils.py:270
2018-06-30 01:19:21.183 29155 DEBUG neutron.api.rpc.handlers.resources_rpc [req-9aa0f636-d305-46df-b2b5-5a67afdbd13b - - - - -] neutron.api.rpc.handlers.resources_rpc.ResourcesPushRpcApi method push called with arguments (<neutron_lib.context.Context object at 0x7fca4b763b50>, [Port(admin_state_up=True,allowed_address_pairs=[],binding=PortBinding,binding_levels=[PortBindingLevel],created_at=2018-06-29T23:16:15Z,data_plane_status=<?>,description='',device_id='32e41806-87de-4c0c-b3b4-ce858133fe96',device_owner='compute:nova',dhcp_options=[],distributed_binding=None,dns=None,fixed_ips=[IPAllocation],id=12b07f3c-b4b1-4996-97d4-8163a77c28b2,mac_address=fa:16:3e:48:8b:3a,name='',network_id=81b1c6da-c7bc-443a-b4e4-e13ebc16ffba,project_id='9f3cf670b89d46f09aef2011893ea165',qos_policy_id=None,revision_number=8,security=PortSecurity(12b07f3c-b4b1-4996-97d4-8163a77c28b2),security_group_ids=set([b1109439-c521-4e93-b2db-15b8117cfb8c]),status='ACTIVE',updated_at=2018-06-29T23:19:20Z)], 'updated') {} wrapper /usr/lib/python2.7/site-packages/oslo_log/helpers.py:66
2018-06-30 01:19:21.200 29155 DEBUG neutron.api.rpc.callbacks.version_manager [req-9aa0f636-d305-46df-b2b5-5a67afdbd13b - - - - -] Version for resource type Subnet changed None to 1.0 on consumer Open vSwitch agent@localhost.localdomain _set_version /usr/lib/python2.7/site-packages/neutron/api/rpc/callbacks/version_manager.py:119
2018-06-30 01:19:21.201 29155 DEBUG neutron.api.rpc.callbacks.version_manager [req-9aa0f636-d305-46df-b2b5-5a67afdbd13b - - - - -] Version for resource type Network changed None to 1.0 on consumer Open vSwitch agent@localhost.localdomain _set_version /usr/lib/python2.7/site-packages/neutron/api/rpc/callbacks/version_manager.py:119
2018-06-30 01:19:21.202 29155 DEBUG neutron.api.rpc.callbacks.version_manager [req-9aa0f636-d305-46df-b2b5-5a67afdbd13b - - - - -] Version for resource type SubPort changed None to 1.0 on consumer Open vSwitch agent@localhost.localdomain _set_version /usr/lib/python2.7/site-packages/neutron/api/rpc/callbacks/version_manager.py:119
2018-06-30 01:19:21.203 29155 DEBUG neutron.api.rpc.callbacks.version_manager [req-9aa0f636-d305-46df-b2b5-5a67afdbd13b - - - - -] Version for resource type SecurityGroup changed None to 1.0 on consumer Open vSwitch agent@localhost.localdomain _set_version /usr/lib/python2.7/site-packages/neutron/api/rpc/callbacks/version_manager.py:119
2018-06-30 01:19:21.204 29155 DEBUG neutron.api.rpc.callbacks.version_manager [req-9aa0f636-d305-46df-b2b5-5a67afdbd13b - - - - -] Version for resource type SecurityGroupRule changed None to 1.0 on consumer Open vSwitch agent@localhost.localdomain _set_version /usr/lib/python2.7/site-packages/neutron/api/rpc/callbacks/version_manager.py:119
2018-06-30 01:19:21.204 29155 DEBUG neutron.api.rpc.callbacks.version_manager [req-9aa0f636-d305-46df-b2b5-5a67afdbd13b - - - - -] Version for resource type Trunk changed None to 1.1 on consumer Open vSwitch agent@localhost.localdomain _set_version /usr/lib/python2.7/site-packages/neutron/api/rpc/callbacks/version_manager.py:119
2018-06-30 01:19:21.205 29155 DEBUG neutron.api.rpc.callbacks.version_manager [req-9aa0f636-d305-46df-b2b5-5a67afdbd13b - - - - -] Version for resource type QosPolicy changed None to 1.6 on consumer Open vSwitch agent@localhost.localdomain _set_version /usr/lib/python2.7/site-packages/neutron/api/rpc/callbacks/version_manager.py:119
2018-06-30 01:19:21.206 29155 DEBUG neutron.api.rpc.callbacks.version_manager [req-9aa0f636-d305-46df-b2b5-5a67afdbd13b - - - - -] Version for resource type Port changed None to 1.1 on consumer Open vSwitch agent@localhost.localdomain _set_version /usr/lib/python2.7/site-packages/neutron/api/rpc/callbacks/version_manager.py:119
2018-06-30 01:19:21.206 29155 DEBUG neutron.api.rpc.callbacks.version_manager [req-9aa0f636-d305-46df-b2b5-5a67afdbd13b - - - - -] Version for resource type Log changed None to 1.0 on consumer Open vSwitch agent@localhost.localdomain _set_version /usr/lib/python2.7/site-packages/neutron/api/rpc/callbacks/version_manager.py:119
2018-06-30 01:19:21.228 29155 DEBUG oslo_concurrency.lockutils [req-9aa0f636-d305-46df-b2b5-5a67afdbd13b - - - - -] Lock "event-dispatch" released by "neutron.plugins.ml2.ovo_rpc.dispatch_events" :: held 0.252s inner /usr/lib/python2.7/site-packages/oslo_concurrency/lockutils.py:282
2018-06-30 01:19:21.880 29155 DEBUG novaclient.v2.client [-] REQ: curl -g -i -X POST http://10.0.20.46:8774/v2.1/0ca3103c90a24980adf86a98ed1a7af3/os-server-external-events -H "User-Agent: python-novaclient" -H "Content-Type: application/json" -H "Accept: application/json" -H "X-OpenStack-Nova-API-Version: 2.1" -H "X-Auth-Token: {SHA1}3ff942bf4a87ab90401312ae71e57ae98525233f" -d '{"events": [{"status": "completed", "tag": "12b07f3c-b4b1-4996-97d4-8163a77c28b2", "name": "network-vif-plugged", "server_uuid": "32e41806-87de-4c0c-b3b4-ce858133fe96"}]}' _http_log_request /usr/lib/python2.7/site-packages/keystoneauth1/session.py:375
2018-06-30 01:19:22.120 29160 DEBUG neutron.plugins.ml2.rpc [req-9aa0f636-d305-46df-b2b5-5a67afdbd13b - - - - -] Device 12b07f3c-b4b1-4996-97d4-8163a77c28b2 up at agent ovs-agent-localhost.localdomain update_device_up /usr/lib/python2.7/site-packages/neutron/plugins/ml2/rpc.py:244
2018-06-30 01:19:22.260 29160 DEBUG neutron.db.provisioning_blocks [req-9aa0f636-d305-46df-b2b5-5a67afdbd13b - - - - -] Provisioning complete for port 12b07f3c-b4b1-4996-97d4-8163a77c28b2 triggered by entity L2. provisioning_complete /usr/lib/python2.7/site-packages/neutron/db/provisioning_blocks.py:138
2018-06-30 01:19:22.262 29160 DEBUG neutron_lib.callbacks.manager [req-9aa0f636-d305-46df-b2b5-5a67afdbd13b - - - - -] Notify callbacks ['neutron.plugins.ml2.plugin.Ml2Plugin._port_provisioned-1722318'] for port, provisioning_complete _notify_loop /usr/lib/python2.7/site-packages/neutron_lib/callbacks/manager.py:167
2018-06-30 01:19:22.605 29155 DEBUG novaclient.v2.client [-] RESP: [200] Content-Length: 183 Content-Type: application/json Openstack-Api-Version: compute 2.1 X-Openstack-Nova-Api-Version: 2.1 Vary: OpenStack-API-Version, X-OpenStack-Nova-API-Version X-Openstack-Request-Id: req-7e00e445-5a67-44e6-a677-0007bef3ca36 X-Compute-Request-Id: req-7e00e445-5a67-44e6-a677-0007bef3ca36 Date: Fri, 29 Jun 2018 23:19:22 GMT Connection: keep-alive 
RESP BODY: {"events": [{"status": "completed", "tag": "12b07f3c-b4b1-4996-97d4-8163a77c28b2", "name": "network-vif-plugged", "server_uuid": "32e41806-87de-4c0c-b3b4-ce858133fe96", "code": 200}]}
 _http_log_response /usr/lib/python2.7/site-packages/keystoneauth1/session.py:423
2018-06-30 01:19:22.606 29155 DEBUG novaclient.v2.client [-] POST call to compute for http://10.0.20.46:8774/v2.1/0ca3103c90a24980adf86a98ed1a7af3/os-server-external-events used request id req-7e00e445-5a67-44e6-a677-0007bef3ca36 request /usr/lib/python2.7/site-packages/keystoneauth1/session.py:727
2018-06-30 01:19:22.614 29155 INFO neutron.notifiers.nova [-] Nova event response: {u'status': u'completed', u'tag': u'12b07f3c-b4b1-4996-97d4-8163a77c28b2', u'name': u'network-vif-plugged', u'server_uuid': u'32e41806-87de-4c0c-b3b4-ce858133fe96', u'code': 200}
2018-06-30 01:19:24.616 29155 DEBUG oslo_concurrency.lockutils [-] Lock "notifier-b3fd574a-d244-4d74-9065-d8cb04b2cadb" released by "neutron.notifiers.batch_notifier.synced_send" :: held 3.730s inner /usr/lib/python2.7/site-packages/oslo_concurrency/lockutils.py:282
2018-06-30 01:19:32.066 29161 DEBUG neutron_lib.callbacks.manager [req-9a479a36-9199-4dfc-abc9-b0898c4eda7e - - - - -] Notify callbacks ['neutron.services.segments.db._update_segment_host_mapping_for_agent-8781677730128'] for agent, after_update _notify_loop /usr/lib/python2.7/site-packages/neutron_lib/callbacks/manager.py:167
2018-06-30 01:19:32.082 29148 INFO neutron.wsgi [req-dcc13199-7737-4daa-aa15-168c5efcfb43 ade33f80147847ad81de1d17854b4608 9f3cf670b89d46f09aef2011893ea165 - 5d2c9277b2044188874fd5faab454608 5d2c9277b2044188874fd5faab454608] 10.0.20.46 "GET /v2.0/ports?device_id=32e41806-87de-4c0c-b3b4-ce858133fe96 HTTP/1.1" status: 200  len: 1125 time: 0.7018101
2018-06-30 01:19:32.595 29148 INFO neutron.wsgi [req-d93f81bc-d856-443e-b921-fd64bc4fc391 ade33f80147847ad81de1d17854b4608 9f3cf670b89d46f09aef2011893ea165 - 5d2c9277b2044188874fd5faab454608 5d2c9277b2044188874fd5faab454608] 10.0.20.46 "GET /v2.0/security-groups?id=b1109439-c521-4e93-b2db-15b8117cfb8c HTTP/1.1" status: 200  len: 2118 time: 0.5038419
2018-06-30 01:19:37.076 29160 DEBUG neutron_lib.callbacks.manager [req-a3579e7f-a2e4-42a9-bdf0-ea27d9777965 - - - - -] Notify callbacks ['neutron.services.segments.db._update_segment_host_mapping_for_agent-8781677730128'] for agent, after_update _notify_loop /usr/lib/python2.7/site-packages/neutron_lib/callbacks/manager.py:167
2018-06-30 01:19:37.124 29159 DEBUG neutron_lib.callbacks.manager [req-d3d143e6-324b-42b6-b2bd-59aa94709423 - - - - -] Notify callbacks ['neutron.services.segments.db._update_segment_host_mapping_for_agent-8781677730128'] for agent, after_update _notify_loop /usr/lib/python2.7/site-packages/neutron_lib/callbacks/manager.py:167
2018-06-30 01:19:41.756 29153 DEBUG neutron_lib.callbacks.manager [req-e93e7318-7937-4c44-b974-799321c2e15a - - - - -] Notify callbacks ['neutron.services.segments.db._update_segment_host_mapping_for_agent-8781677730128'] for agent, after_update _notify_loop /usr/lib/python2.7/site-packages/neutron_lib/callbacks/manager.py:167
2018-06-30 01:19:42.113 29150 INFO neutron.wsgi [req-b0bf2370-a02f-4c7f-b70b-255b20b3e720 655ab8e67d8e4ca680268ee96a43ee95 0ca3103c90a24980adf86a98ed1a7af3 - default default] 10.0.20.46 "GET /v2.0/ports?tenant_id=9f3cf670b89d46f09aef2011893ea165&device_id=32e41806-87de-4c0c-b3b4-ce858133fe96 HTTP/1.1" status: 200  len: 1125 time: 0.1692760
2018-06-30 01:19:42.451 29150 DEBUG neutron.pecan_wsgi.hooks.policy_enforcement [req-474b3aa5-9d70-443e-a189-6f6f4ca0cdc5 655ab8e67d8e4ca680268ee96a43ee95 0ca3103c90a24980adf86a98ed1a7af3 - default default] Attributes excluded by policy engine: [u'vlan_transparent'] _exclude_attributes_by_policy /usr/lib/python2.7/site-packages/neutron/pecan_wsgi/hooks/policy_enforcement.py:256
2018-06-30 01:19:42.455 29150 INFO neutron.wsgi [req-474b3aa5-9d70-443e-a189-6f6f4ca0cdc5 655ab8e67d8e4ca680268ee96a43ee95 0ca3103c90a24980adf86a98ed1a7af3 - default default] 10.0.20.46 "GET /v2.0/networks?id=81b1c6da-c7bc-443a-b4e4-e13ebc16ffba HTTP/1.1" status: 200  len: 885 time: 0.3308520
2018-06-30 01:19:42.519 29150 INFO neutron.wsgi [req-6fb15248-7346-4272-80d9-25d49c59a43b 655ab8e67d8e4ca680268ee96a43ee95 0ca3103c90a24980adf86a98ed1a7af3 - default default] 10.0.20.46 "GET /v2.0/floatingips?fixed_ip_address=11.214.1.11&port_id=12b07f3c-b4b1-4996-97d4-8163a77c28b2 HTTP/1.1" status: 200  len: 751 time: 0.0565588
2018-06-30 01:19:42.963 29150 DEBUG neutron.pecan_wsgi.hooks.policy_enforcement [req-fb1cc10a-7951-4b16-8eba-c14cc6d45cd4 655ab8e67d8e4ca680268ee96a43ee95 0ca3103c90a24980adf86a98ed1a7af3 - default default] Attributes excluded by policy engine: [u'shared', u'segment_id'] _exclude_attributes_by_policy /usr/lib/python2.7/site-packages/neutron/pecan_wsgi/hooks/policy_enforcement.py:256
2018-06-30 01:19:42.967 29150 INFO neutron.wsgi [req-fb1cc10a-7951-4b16-8eba-c14cc6d45cd4 655ab8e67d8e4ca680268ee96a43ee95 0ca3103c90a24980adf86a98ed1a7af3 - default default] 10.0.20.46 "GET /v2.0/subnets?id=62e2b9e9-0b56-43cc-a5d2-d5ca8603e872 HTTP/1.1" status: 200  len: 847 time: 0.4394281
2018-06-30 01:19:43.124 29150 INFO neutron.wsgi [req-59a4e753-8a04-4198-82d9-0e2f48bc520e 655ab8e67d8e4ca680268ee96a43ee95 0ca3103c90a24980adf86a98ed1a7af3 - default default] 10.0.20.46 "GET /v2.0/ports?network_id=81b1c6da-c7bc-443a-b4e4-e13ebc16ffba&device_owner=network%3Adhcp HTTP/1.1" status: 200  len: 1128 time: 0.1460018
2018-06-30 01:19:49.347 29155 DEBUG neutron_lib.callbacks.manager [req-9aa0f636-d305-46df-b2b5-5a67afdbd13b - - - - -] Notify callbacks ['neutron.services.segments.db._update_segment_host_mapping_for_agent-8781677730128'] for agent, after_update _notify_loop /usr/lib/python2.7/site-packages/neutron_lib/callbacks/manager.py:167
2018-06-30 01:19:51.747 29163 DEBUG neutron.db.agents_db [req-fef06aca-18fa-4f54-b729-b01be5eae254 - - - - -] Agent healthcheck: found 5 active agents agent_health_check /usr/lib/python2.7/site-packages/neutron/db/agents_db.py:281
2018-06-30 01:19:52.156 29150 INFO neutron.wsgi [req-de8c8eeb-d191-41e0-9760-de6315f547eb 655ab8e67d8e4ca680268ee96a43ee95 0ca3103c90a24980adf86a98ed1a7af3 - default default] 10.0.20.46 "GET /v2.0/ports?device_id=32e41806-87de-4c0c-b3b4-ce858133fe96 HTTP/1.1" status: 200  len: 1125 time: 0.1587739
2018-06-30 01:19:52.333 29150 INFO neutron.wsgi [req-6437352b-3790-4cb9-bb2c-ffa432a47c3e 655ab8e67d8e4ca680268ee96a43ee95 0ca3103c90a24980adf86a98ed1a7af3 - default default] 10.0.20.46 "GET /v2.0/security-groups?id=b1109439-c521-4e93-b2db-15b8117cfb8c HTTP/1.1" status: 200  len: 2118 time: 0.1676540
2018-06-30 01:19:53.536 29148 INFO neutron.wsgi [req-cc76f252-d4ec-4d85-91e7-9c442adad9f1 655ab8e67d8e4ca680268ee96a43ee95 0ca3103c90a24980adf86a98ed1a7af3 - default default] 10.0.20.46 "GET /v2.0/ports?device_id=32e41806-87de-4c0c-b3b4-ce858133fe96 HTTP/1.1" status: 200  len: 1125 time: 0.1660712
2018-06-30 01:19:53.723 29148 INFO neutron.wsgi [req-b061afca-c871-42e2-b8bf-b26e4f3076b3 655ab8e67d8e4ca680268ee96a43ee95 0ca3103c90a24980adf86a98ed1a7af3 - default default] 10.0.20.46 "GET /v2.0/security-groups?id=b1109439-c521-4e93-b2db-15b8117cfb8c HTTP/1.1" status: 200  len: 2118 time: 0.1787210
2018-06-30 01:19:54.380 29151 INFO neutron.wsgi [req-8713ce65-c08b-45d4-b832-9e90e465dfc4 655ab8e67d8e4ca680268ee96a43ee95 0ca3103c90a24980adf86a98ed1a7af3 - default default] 10.0.20.46 "GET /v2.0/ports?device_id=32e41806-87de-4c0c-b3b4-ce858133fe96 HTTP/1.1" status: 200  len: 1125 time: 0.1665421
2018-06-30 01:19:54.524 29151 INFO neutron.wsgi [req-0d4c1580-8a20-49ee-95d5-b96b788301d3 655ab8e67d8e4ca680268ee96a43ee95 0ca3103c90a24980adf86a98ed1a7af3 - default default] 10.0.20.46 "GET /v2.0/security-groups?id=b1109439-c521-4e93-b2db-15b8117cfb8c HTTP/1.1" status: 200  len: 2118 time: 0.1341641
2018-06-30 01:19:55.552 29146 DEBUG neutron.wsgi [req-86d7f424-8a35-460a-bffb-3cb5a25f8db8 58ea243210cb40e5ae46810c1770ec23 c5b71ad0492c4ee3a4fad9db62a9e988 - 5da56da2aa994e43a9009b5d14b837b5 5da56da2aa994e43a9009b5d14b837b5] (29146) timed out ('10.0.20.46', 47020) process_request /usr/lib/python2.7/site-packages/eventlet/wsgi.py:739
2018-06-30 01:19:58.136 29148 INFO neutron.wsgi [req-97b8450c-c78f-4eb3-b411-c682b8ed057a 655ab8e67d8e4ca680268ee96a43ee95 0ca3103c90a24980adf86a98ed1a7af3 - default default] 10.0.20.46 "GET /v2.0/ports?device_id=32e41806-87de-4c0c-b3b4-ce858133fe96 HTTP/1.1" status: 200  len: 1125 time: 0.1635330
2018-06-30 01:19:58.331 29148 INFO neutron.wsgi [req-35738cea-323b-42e2-bc60-2a69c7ce4083 655ab8e67d8e4ca680268ee96a43ee95 0ca3103c90a24980adf86a98ed1a7af3 - default default] 10.0.20.46 "GET /v2.0/security-groups?id=b1109439-c521-4e93-b2db-15b8117cfb8c HTTP/1.1" status: 200  len: 2118 time: 0.1840920
2018-06-30 01:20:01.137 29150 INFO neutron.wsgi [req-434792d5-659c-422c-b408-7f14cbd38f57 655ab8e67d8e4ca680268ee96a43ee95 0ca3103c90a24980adf86a98ed1a7af3 - default default] 10.0.20.46 "GET /v2.0/ports?device_id=32e41806-87de-4c0c-b3b4-ce858133fe96 HTTP/1.1" status: 200  len: 1125 time: 0.7581830
2018-06-30 01:20:01.301 29150 INFO neutron.wsgi [req-aef2be2d-c330-4528-bc96-27e9f902ed8e 655ab8e67d8e4ca680268ee96a43ee95 0ca3103c90a24980adf86a98ed1a7af3 - default default] 10.0.20.46 "GET /v2.0/security-groups?id=b1109439-c521-4e93-b2db-15b8117cfb8c HTTP/1.1" status: 200  len: 2118 time: 0.1536140
2018-06-30 01:20:02.078 29162 DEBUG neutron_lib.callbacks.manager [req-d54ace46-a5a5-4243-830f-de64ac9d7f5b - - - - -] Notify callbacks ['neutron.services.segments.db._update_segment_host_mapping_for_agent-8781677730128'] for agent, after_update _notify_loop /usr/lib/python2.7/site-packages/neutron_lib/callbacks/manager.py:167
2018-06-30 01:20:02.781 29149 INFO neutron.wsgi [req-30587e25-8213-4248-8d98-705d6913efdf 655ab8e67d8e4ca680268ee96a43ee95 0ca3103c90a24980adf86a98ed1a7af3 - default default] 10.0.20.46 "GET /v2.0/ports?device_id=32e41806-87de-4c0c-b3b4-ce858133fe96 HTTP/1.1" status: 200  len: 1125 time: 0.1421549
2018-06-30 01:20:03.218 29149 INFO neutron.wsgi [req-3cfde60f-aee2-4b0e-b2f6-020975773ff4 655ab8e67d8e4ca680268ee96a43ee95 0ca3103c90a24980adf86a98ed1a7af3 - default default] 10.0.20.46 "GET /v2.0/security-groups?id=b1109439-c521-4e93-b2db-15b8117cfb8c HTTP/1.1" status: 200  len: 2118 time: 0.4297631
2018-06-30 01:20:07.042 29157 DEBUG neutron_lib.callbacks.manager [req-9933c4f4-1248-40da-9daf-8327e7b0bc10 - - - - -] Notify callbacks ['neutron.services.segments.db._update_segment_host_mapping_for_agent-8781677730128'] for agent, after_update _notify_loop /usr/lib/python2.7/site-packages/neutron_lib/callbacks/manager.py:167
2018-06-30 01:20:07.084 29154 DEBUG neutron_lib.callbacks.manager [req-d3d143e6-324b-42b6-b2bd-59aa94709423 - - - - -] Notify callbacks ['neutron.services.segments.db._update_segment_host_mapping_for_agent-8781677730128'] for agent, after_update _notify_loop /usr/lib/python2.7/site-packages/neutron_lib/callbacks/manager.py:167
2018-06-30 01:20:11.751 29156 DEBUG neutron_lib.callbacks.manager [req-e93e7318-7937-4c44-b974-799321c2e15a - - - - -] Notify callbacks ['neutron.services.segments.db._update_segment_host_mapping_for_agent-8781677730128'] for agent, after_update _notify_loop /usr/lib/python2.7/site-packages/neutron_lib/callbacks/manager.py:167
2018-06-30 01:20:14.010 29147 INFO neutron.wsgi [req-35bb395e-156b-4a32-9a9d-135a96f89679 d473e455e3b24776a524d2ea47d6e072 0ca3103c90a24980adf86a98ed1a7af3 - default default] 10.0.20.46 "GET /v2.0/ports?device_id=32e41806-87de-4c0c-b3b4-ce858133fe96 HTTP/1.1" status: 200  len: 1125 time: 0.7410531
2018-06-30 01:20:14.202 29147 INFO neutron.wsgi [req-c5ca5ee7-57eb-495a-bd74-07ce3bfcca2d d473e455e3b24776a524d2ea47d6e072 0ca3103c90a24980adf86a98ed1a7af3 - default default] 10.0.20.46 "GET /v2.0/security-groups?id=b1109439-c521-4e93-b2db-15b8117cfb8c HTTP/1.1" status: 200  len: 2118 time: 0.1846421
2018-06-30 01:20:19.288 29161 DEBUG neutron_lib.callbacks.manager [req-9aa0f636-d305-46df-b2b5-5a67afdbd13b - - - - -] Notify callbacks ['neutron.services.segments.db._update_segment_host_mapping_for_agent-8781677730128'] for agent, after_update _notify_loop /usr/lib/python2.7/site-packages/neutron_lib/callbacks/manager.py:167
2018-06-30 01:20:28.745 29163 DEBUG neutron.db.agents_db [req-fef06aca-18fa-4f54-b729-b01be5eae254 - - - - -] Agent healthcheck: found 5 active agents agent_health_check /usr/lib/python2.7/site-packages/neutron/db/agents_db.py:281
2018-06-30 01:20:30.557 29151 DEBUG neutron.wsgi [-] (29151) accepted ('10.0.20.46', 38550) server /usr/lib/python2.7/site-packages/eventlet/wsgi.py:883
2018-06-30 01:20:30.563 29151 INFO neutron.wsgi [-] 10.0.20.46 "GET / HTTP/1.1" status: 200  len: 252 time: 0.0040810
2018-06-30 01:20:31.145 29151 INFO neutron.api.v2.resource [req-887bd388-9ffe-4589-9441-7d5d1f93f6d2 ade33f80147847ad81de1d17854b4608 9f3cf670b89d46f09aef2011893ea165 - 5d2c9277b2044188874fd5faab454608 5d2c9277b2044188874fd5faab454608] show failed (client error): The resource could not be found.
2018-06-30 01:20:31.147 29151 INFO neutron.wsgi [req-887bd388-9ffe-4589-9441-7d5d1f93f6d2 ade33f80147847ad81de1d17854b4608 9f3cf670b89d46f09aef2011893ea165 - 5d2c9277b2044188874fd5faab454608 5d2c9277b2044188874fd5faab454608] 10.0.20.46 "GET /v2.0/floatingips/172.24.4.2 HTTP/1.1" status: 404  len: 325 time: 0.5737991
2018-06-30 01:20:31.208 29151 INFO neutron.wsgi [req-adcd57f3-af61-46c6-89c9-62851abd2005 ade33f80147847ad81de1d17854b4608 9f3cf670b89d46f09aef2011893ea165 - 5d2c9277b2044188874fd5faab454608 5d2c9277b2044188874fd5faab454608] 10.0.20.46 "GET /v2.0/floatingips HTTP/1.1" status: 200  len: 751 time: 0.0517509
2018-06-30 01:20:31.352 29151 DEBUG neutron.plugins.ml2.plugin [req-a22dfc4d-0c1e-4a70-b71e-51e9af7cb018 ade33f80147847ad81de1d17854b4608 9f3cf670b89d46f09aef2011893ea165 - 5d2c9277b2044188874fd5faab454608 5d2c9277b2044188874fd5faab454608] Deleting port a4030b2d-edcf-4443-8cdd-41a6ef11125c _pre_delete_port /usr/lib/python2.7/site-packages/neutron/plugins/ml2/plugin.py:1488
2018-06-30 01:20:31.353 29151 DEBUG neutron_lib.callbacks.manager [req-a22dfc4d-0c1e-4a70-b71e-51e9af7cb018 ade33f80147847ad81de1d17854b4608 9f3cf670b89d46f09aef2011893ea165 - 5d2c9277b2044188874fd5faab454608 5d2c9277b2044188874fd5faab454608] Notify callbacks ['neutron.db.l3_db._prevent_l3_port_delete_callback--9223363255176838388'] for port, before_delete _notify_loop /usr/lib/python2.7/site-packages/neutron_lib/callbacks/manager.py:167
2018-06-30 01:20:31.770 29151 DEBUG neutron.plugins.ml2.plugin [req-a22dfc4d-0c1e-4a70-b71e-51e9af7cb018 ade33f80147847ad81de1d17854b4608 9f3cf670b89d46f09aef2011893ea165 - 5d2c9277b2044188874fd5faab454608 5d2c9277b2044188874fd5faab454608] Calling delete_port for a4030b2d-edcf-4443-8cdd-41a6ef11125c owned by network:floatingip delete_port /usr/lib/python2.7/site-packages/neutron/plugins/ml2/plugin.py:1547
2018-06-30 01:20:32.085 29160 DEBUG neutron_lib.callbacks.manager [req-76c8ecf5-81ec-4ff7-8d64-6826f13ebdaf - - - - -] Notify callbacks ['neutron.services.segments.db._update_segment_host_mapping_for_agent-8781677730128'] for agent, after_update _notify_loop /usr/lib/python2.7/site-packages/neutron_lib/callbacks/manager.py:167
2018-06-30 01:20:32.237 29151 DEBUG neutron_lib.callbacks.manager [req-a22dfc4d-0c1e-4a70-b71e-51e9af7cb018 ade33f80147847ad81de1d17854b4608 9f3cf670b89d46f09aef2011893ea165 - 5d2c9277b2044188874fd5faab454608 5d2c9277b2044188874fd5faab454608] Notify callbacks ['neutron.plugins.ml2.plugin.Ml2Plugin.notify_sg_on_port_change-2060543', 'neutron.api.rpc.agentnotifiers.dhcp_rpc_agent_api.DhcpAgentNotifyAPI._native_event_send_dhcp_notification--9223372036853728247', 'neutron.db.l3_db._notify_routers_callback--9223363255176867106', 'neutron.plugins.ml2.ovo_rpc._ObjectChangeHandler.handle_event-635000', 'neutron.db.l3_dvrscheduler_db._notify_port_delete-8781677369318'] for port, after_delete _notify_loop /usr/lib/python2.7/site-packages/neutron_lib/callbacks/manager.py:167
2018-06-30 01:20:33.037 29151 DEBUG oslo_concurrency.lockutils [-] Lock "event-dispatch" acquired by "neutron.plugins.ml2.ovo_rpc.dispatch_events" :: waited 0.000s inner /usr/lib/python2.7/site-packages/oslo_concurrency/lockutils.py:270
2018-06-30 01:20:33.150 29151 DEBUG neutron.api.rpc.handlers.resources_rpc [req-a22dfc4d-0c1e-4a70-b71e-51e9af7cb018 ade33f80147847ad81de1d17854b4608 9f3cf670b89d46f09aef2011893ea165 - - -] neutron.api.rpc.handlers.resources_rpc.ResourcesPushRpcApi method push called with arguments (<neutron_lib.context.Context object at 0x7fca4b3557d0>, [Port(admin_state_up=<?>,allowed_address_pairs=<?>,binding=<?>,binding_levels=<?>,created_at=<?>,data_plane_status=<?>,description=<?>,device_id=<?>,device_owner=<?>,dhcp_options=<?>,distributed_binding=<?>,dns=<?>,fixed_ips=<?>,id=a4030b2d-edcf-4443-8cdd-41a6ef11125c,mac_address=<?>,name=<?>,network_id=<?>,project_id=<?>,qos_policy_id=None,revision_number=<?>,security=<?>,security_group_ids=None,status=<?>,updated_at=<?>)], 'deleted') {} wrapper /usr/lib/python2.7/site-packages/oslo_log/helpers.py:66
2018-06-30 01:20:33.294 29151 DEBUG neutron.api.rpc.callbacks.version_manager [req-a22dfc4d-0c1e-4a70-b71e-51e9af7cb018 ade33f80147847ad81de1d17854b4608 9f3cf670b89d46f09aef2011893ea165 - - -] Version for resource type Subnet changed None to 1.0 on consumer Open vSwitch agent@localhost.localdomain _set_version /usr/lib/python2.7/site-packages/neutron/api/rpc/callbacks/version_manager.py:119
2018-06-30 01:20:33.295 29151 DEBUG neutron.api.rpc.callbacks.version_manager [req-a22dfc4d-0c1e-4a70-b71e-51e9af7cb018 ade33f80147847ad81de1d17854b4608 9f3cf670b89d46f09aef2011893ea165 - - -] Version for resource type Network changed None to 1.0 on consumer Open vSwitch agent@localhost.localdomain _set_version /usr/lib/python2.7/site-packages/neutron/api/rpc/callbacks/version_manager.py:119
2018-06-30 01:20:33.296 29151 DEBUG neutron.api.rpc.callbacks.version_manager [req-a22dfc4d-0c1e-4a70-b71e-51e9af7cb018 ade33f80147847ad81de1d17854b4608 9f3cf670b89d46f09aef2011893ea165 - - -] Version for resource type SubPort changed None to 1.0 on consumer Open vSwitch agent@localhost.localdomain _set_version /usr/lib/python2.7/site-packages/neutron/api/rpc/callbacks/version_manager.py:119
2018-06-30 01:20:33.297 29151 DEBUG neutron.api.rpc.callbacks.version_manager [req-a22dfc4d-0c1e-4a70-b71e-51e9af7cb018 ade33f80147847ad81de1d17854b4608 9f3cf670b89d46f09aef2011893ea165 - - -] Version for resource type SecurityGroup changed None to 1.0 on consumer Open vSwitch agent@localhost.localdomain _set_version /usr/lib/python2.7/site-packages/neutron/api/rpc/callbacks/version_manager.py:119
2018-06-30 01:20:33.298 29151 DEBUG neutron.api.rpc.callbacks.version_manager [req-a22dfc4d-0c1e-4a70-b71e-51e9af7cb018 ade33f80147847ad81de1d17854b4608 9f3cf670b89d46f09aef2011893ea165 - - -] Version for resource type SecurityGroupRule changed None to 1.0 on consumer Open vSwitch agent@localhost.localdomain _set_version /usr/lib/python2.7/site-packages/neutron/api/rpc/callbacks/version_manager.py:119
2018-06-30 01:20:33.299 29151 DEBUG neutron.api.rpc.callbacks.version_manager [req-a22dfc4d-0c1e-4a70-b71e-51e9af7cb018 ade33f80147847ad81de1d17854b4608 9f3cf670b89d46f09aef2011893ea165 - - -] Version for resource type Trunk changed None to 1.1 on consumer Open vSwitch agent@localhost.localdomain _set_version /usr/lib/python2.7/site-packages/neutron/api/rpc/callbacks/version_manager.py:119
2018-06-30 01:20:33.300 29151 DEBUG neutron.api.rpc.callbacks.version_manager [req-a22dfc4d-0c1e-4a70-b71e-51e9af7cb018 ade33f80147847ad81de1d17854b4608 9f3cf670b89d46f09aef2011893ea165 - - -] Version for resource type QosPolicy changed None to 1.6 on consumer Open vSwitch agent@localhost.localdomain _set_version /usr/lib/python2.7/site-packages/neutron/api/rpc/callbacks/version_manager.py:119
2018-06-30 01:20:33.301 29151 DEBUG neutron.api.rpc.callbacks.version_manager [req-a22dfc4d-0c1e-4a70-b71e-51e9af7cb018 ade33f80147847ad81de1d17854b4608 9f3cf670b89d46f09aef2011893ea165 - - -] Version for resource type Port changed None to 1.1 on consumer Open vSwitch agent@localhost.localdomain _set_version /usr/lib/python2.7/site-packages/neutron/api/rpc/callbacks/version_manager.py:119
2018-06-30 01:20:33.301 29151 DEBUG neutron.api.rpc.callbacks.version_manager [req-a22dfc4d-0c1e-4a70-b71e-51e9af7cb018 ade33f80147847ad81de1d17854b4608 9f3cf670b89d46f09aef2011893ea165 - - -] Version for resource type Log changed None to 1.0 on consumer Open vSwitch agent@localhost.localdomain _set_version /usr/lib/python2.7/site-packages/neutron/api/rpc/callbacks/version_manager.py:119
2018-06-30 01:20:33.304 29151 DEBUG neutron.api.rpc.callbacks.version_manager [req-a22dfc4d-0c1e-4a70-b71e-51e9af7cb018 ade33f80147847ad81de1d17854b4608 9f3cf670b89d46f09aef2011893ea165 - - -] Tracked resource versions report:
pushed versions:
{   'Log': set(['1.0']),
    'Network': set(['1.0']),
    'Port': set(['1.1']),
    'QosPolicy': set(['1.6']),
    'SecurityGroup': set(['1.0']),
    'SecurityGroupRule': set(['1.0']),
    'SubPort': set(['1.0']),
    'Subnet': set(['1.0']),
    'Trunk': set(['1.1'])}

consumer versions:
{   DHCP agent@localhost.localdomain: {   },
    L3 agent@localhost.localdomain: {   },
    Metadata agent@localhost.localdomain: {   },
    Metering agent@localhost.localdomain: {   },
    Open vSwitch agent@localhost.localdomain: {   u'Log': u'1.0',
                                                  u'Network': u'1.0',
                                                  u'Port': u'1.1',
                                                  u'QosPolicy': u'1.6',
                                                  u'SecurityGroup': u'1.0',
                                                  u'SecurityGroupRule': u'1.0',
                                                  u'SubPort': u'1.0',
                                                  u'Subnet': u'1.0',
                                                  u'Trunk': u'1.1'}}
 report /usr/lib/python2.7/site-packages/neutron/api/rpc/callbacks/version_manager.py:178
2018-06-30 01:20:33.352 29151 DEBUG oslo_concurrency.lockutils [req-a22dfc4d-0c1e-4a70-b71e-51e9af7cb018 ade33f80147847ad81de1d17854b4608 9f3cf670b89d46f09aef2011893ea165 - - -] Lock "event-dispatch" released by "neutron.plugins.ml2.ovo_rpc.dispatch_events" :: held 0.315s inner /usr/lib/python2.7/site-packages/oslo_concurrency/lockutils.py:282
2018-06-30 01:20:33.962 29151 DEBUG neutron.scheduler.l3_agent_scheduler [req-a22dfc4d-0c1e-4a70-b71e-51e9af7cb018 ade33f80147847ad81de1d17854b4608 9f3cf670b89d46f09aef2011893ea165 - 5d2c9277b2044188874fd5faab454608 5d2c9277b2044188874fd5faab454608] Router f43a9ffc-0938-4a96-acbd-56c41d6a3ae6 has already been hosted by L3 agent 60219d81-8e5e-4233-80e1-4b550fb5711a _get_candidates /usr/lib/python2.7/site-packages/neutron/scheduler/l3_agent_scheduler.py:141
2018-06-30 01:20:34.171 29151 DEBUG neutron.api.rpc.agentnotifiers.l3_rpc_agent_api [req-a22dfc4d-0c1e-4a70-b71e-51e9af7cb018 ade33f80147847ad81de1d17854b4608 9f3cf670b89d46f09aef2011893ea165 - 5d2c9277b2044188874fd5faab454608 5d2c9277b2044188874fd5faab454608] Notify agent at l3_agent.localhost.localdomain the message routers_updated _agent_notification /usr/lib/python2.7/site-packages/neutron/api/rpc/agentnotifiers/l3_rpc_agent_api.py:69
2018-06-30 01:20:34.241 29156 DEBUG neutron.db.l3_hamode_db [req-50fd5539-55ed-45c3-8afe-7f6faced9e65 - - - - -] neutron.services.l3_router.l3_router_plugin.L3RouterPlugin method get_ha_sync_data_for_host called with arguments (<neutron_lib.context.Context object at 0x7fca4b728a50>, u'localhost.localdomain', <neutron.db.models.agent.Agent[object at 7fca4b4c9dd0] {id=u'60219d81-8e5e-4233-80e1-4b550fb5711a', agent_type=u'L3 agent', binary=u'neutron-l3-agent', topic=u'l3_agent', host=u'localhost.localdomain', availability_zone=u'nova', admin_state_up=True, created_at=datetime.datetime(2018, 6, 6, 18, 12, 54), started_at=datetime.datetime(2018, 6, 29, 22, 54, 32), heartbeat_timestamp=datetime.datetime(2018, 6, 29, 23, 20, 32), description=None, configurations=u'{"agent_mode": "legacy", "gateway_external_network_id": "", "handle_internal_only_routers": true, "routers": 2, "interfaces": 2, "floating_ips": 1, "interface_driver": "neutron.agent.linux.interface.OVSInterfaceDriver", "log_agent_heartbeats": false, "external_network_bridge": "", "ex_gw_ports": 2}', resource_versions=None, load=0}>) {'active': True, 'router_ids': ['f43a9ffc-0938-4a96-acbd-56c41d6a3ae6']} wrapper /usr/lib/python2.7/site-packages/oslo_log/helpers.py:66
2018-06-30 01:20:34.243 29151 DEBUG neutron.quota.resource [req-a22dfc4d-0c1e-4a70-b71e-51e9af7cb018 ade33f80147847ad81de1d17854b4608 9f3cf670b89d46f09aef2011893ea165 - 5d2c9277b2044188874fd5faab454608 5d2c9277b2044188874fd5faab454608] Persisted dirty status for tenant:9f3cf670b89d46f09aef2011893ea165 on resource:floatingip mark_dirty /usr/lib/python2.7/site-packages/neutron/quota/resource.py:207
2018-06-30 01:20:34.273 29151 DEBUG neutron.quota.resource [req-a22dfc4d-0c1e-4a70-b71e-51e9af7cb018 ade33f80147847ad81de1d17854b4608 9f3cf670b89d46f09aef2011893ea165 - 5d2c9277b2044188874fd5faab454608 5d2c9277b2044188874fd5faab454608] Persisted dirty status for tenant: on resource:port mark_dirty /usr/lib/python2.7/site-packages/neutron/quota/resource.py:207
2018-06-30 01:20:34.282 29151 DEBUG neutron_lib.callbacks.manager [req-a22dfc4d-0c1e-4a70-b71e-51e9af7cb018 ade33f80147847ad81de1d17854b4608 9f3cf670b89d46f09aef2011893ea165 - 5d2c9277b2044188874fd5faab454608 5d2c9277b2044188874fd5faab454608] Notify callbacks ['neutron.notifiers.nova.Notifier._send_nova_notification--9223372036854772814'] for floatingip, before_response _notify_loop /usr/lib/python2.7/site-packages/neutron_lib/callbacks/manager.py:167
2018-06-30 01:20:34.393 29151 INFO neutron.wsgi [req-a22dfc4d-0c1e-4a70-b71e-51e9af7cb018 ade33f80147847ad81de1d17854b4608 9f3cf670b89d46f09aef2011893ea165 - 5d2c9277b2044188874fd5faab454608 5d2c9277b2044188874fd5faab454608] 10.0.20.46 "DELETE /v2.0/floatingips/7a7e131d-5144-4979-900e-db7440d4480c HTTP/1.1" status: 204  len: 173 time: 3.1756580
2018-06-30 01:20:34.395 29151 DEBUG oslo_concurrency.lockutils [-] Lock "notifier-b3fd574a-d244-4d74-9065-d8cb04b2cadb" acquired by "neutron.notifiers.batch_notifier.synced_send" :: waited 0.000s inner /usr/lib/python2.7/site-packages/oslo_concurrency/lockutils.py:270
2018-06-30 01:20:34.396 29151 DEBUG neutron.notifiers.nova [-] Sending events: [{'tag': u'12b07f3c-b4b1-4996-97d4-8163a77c28b2', 'name': 'network-changed', 'server_uuid': u'32e41806-87de-4c0c-b3b4-ce858133fe96'}] send_events /usr/lib/python2.7/site-packages/neutron/notifiers/nova.py:242
2018-06-30 01:20:35.168 29156 DEBUG neutron.db.l3_hamode_db [req-50fd5539-55ed-45c3-8afe-7f6faced9e65 - - - - -] neutron.services.l3_router.l3_router_plugin.L3RouterPlugin method _process_sync_ha_data called with arguments (<neutron_lib.context.Context object at 0x7fca4b728a50>, [{'status': u'ACTIVE', '_interfaces': [{'status': u'ACTIVE', 'subnets': [{'dns_nameservers': [u'8.8.4.4'], 'ipv6_ra_mode': None, 'gateway_ip': u'11.214.1.1', 'cidr': u'11.214.1.0/24', 'id': u'62e2b9e9-0b56-43cc-a5d2-d5ca8603e872', 'subnetpool_id': None}], 'binding:host_id': u'localhost.localdomain', 'description': u'', 'allowed_address_pairs': [], 'tags': [], 'extra_dhcp_opts': [], 'updated_at': '2018-06-29T23:15:44Z', 'device_owner': u'network:router_interface', 'revision_number': 7, 'port_security_enabled': False, 'binding:profile': {}, 'mtu': 1450, 'fixed_ips': [{'subnet_id': u'62e2b9e9-0b56-43cc-a5d2-d5ca8603e872', 'prefixlen': 24, 'ip_address': u'11.214.1.1'}], 'id': u'f94a500b-39a2-4134-b3a6-cfc0c9cd9246', 'security_groups': [], 'device_id': u'f43a9ffc-0938-4a96-acbd-56c41d6a3ae6', 'name': u'', 'admin_state_up': True, 'network_id': u'81b1c6da-c7bc-443a-b4e4-e13ebc16ffba', 'tenant_id': u'9f3cf670b89d46f09aef2011893ea165', 'binding:vif_details': {u'port_filter': True, u'datapath_type': u'system', u'ovs_hybrid_plug': True}, 'address_scopes': {4: None, 6: None}, 'binding:vnic_type': u'normal', 'binding:vif_type': u'ovs', 'mac_address': u'fa:16:3e:6f:0f:2b', 'project_id': u'9f3cf670b89d46f09aef2011893ea165', 'extra_subnets': [], 'created_at': '2018-06-29T23:15:36Z'}], 'enable_snat': True, 'ha_vr_id': 0, 'description': u'', 'tags': [], 'gw_port': {'status': u'ACTIVE', 'subnets': [{'dns_nameservers': [], 'ipv6_ra_mode': None, 'gateway_ip': u'172.24.4.1', 'cidr': u'172.24.4.0/24', 'id': u'42338adf-2e51-4eed-8e47-1b2f9d84cf85', 'subnetpool_id': None}], 'binding:host_id': u'localhost.localdomain', 'description': u'', 'allowed_address_pairs': [], 'tags': [], 'extra_dhcp_opts': [], 'updated_at': '2018-06-29T23:15:58Z', 'device_owner': u'network:router_gateway', 'revision_number': 6, 'port_security_enabled': False, 'binding:profile': {}, 'mtu': 1500, 'fixed_ips': [{'subnet_id': u'42338adf-2e51-4eed-8e47-1b2f9d84cf85', 'prefixlen': 24, 'ip_address': u'172.24.4.5'}], 'id': u'a8d0d209-aca5-491d-959f-fbaba9802960', 'security_groups': [], 'device_id': u'f43a9ffc-0938-4a96-acbd-56c41d6a3ae6', 'name': u'', 'admin_state_up': True, 'network_id': u'badfb9c1-1612-4b74-9d18-206aaffd3895', 'tenant_id': u'', 'binding:vif_details': {u'port_filter': True, u'datapath_type': u'system', u'ovs_hybrid_plug': True}, 'address_scopes': {4: None, 6: None}, 'binding:vnic_type': u'normal', 'binding:vif_type': u'ovs', 'mac_address': u'fa:16:3e:b7:cf:b3', 'project_id': u'', 'extra_subnets': [], 'created_at': '2018-06-29T23:15:51Z'}, 'updated_at': '2018-06-29T23:15:53Z', 'revision_number': 3, 'ha': False, 'id': u'f43a9ffc-0938-4a96-acbd-56c41d6a3ae6', 'gw_port_host': u'localhost.localdomain', 'external_gateway_info': {'network_id': u'badfb9c1-1612-4b74-9d18-206aaffd3895', 'enable_snat': True, 'external_fixed_ips': [{'subnet_id': u'42338adf-2e51-4eed-8e47-1b2f9d84cf85', 'ip_address': u'172.24.4.5'}]}, 'availability_zone_hints': [], 'availability_zones': [u'nova'], 'name': u'tempest-router-1530313946', 'gw_port_id': u'a8d0d209-aca5-491d-959f-fbaba9802960', 'admin_state_up': True, 'tenant_id': u'9f3cf670b89d46f09aef2011893ea165', 'created_at': '2018-06-29T23:15:15Z', 'distributed': False, 'flavor_id': None, 'routes': [], 'project_id': u'9f3cf670b89d46f09aef2011893ea165'}], u'localhost.localdomain', False) {} wrapper /usr/lib/python2.7/site-packages/oslo_log/helpers.py:66
2018-06-30 01:20:35.179 29156 DEBUG neutron.api.rpc.handlers.l3_rpc [req-50fd5539-55ed-45c3-8afe-7f6faced9e65 - - - - -] Checking router: f43a9ffc-0938-4a96-acbd-56c41d6a3ae6 for host: localhost.localdomain _ensure_host_set_on_ports /usr/lib/python2.7/site-packages/neutron/api/rpc/handlers/l3_rpc.py:135
2018-06-30 01:20:35.365 29159 DEBUG neutron.api.rpc.handlers.l3_rpc [req-8daf0d40-97b9-412b-8b3c-63e1903b467a - - - - -] New status for floating IP 7a7e131d-5144-4979-900e-db7440d4480c: DOWN update_floatingip_statuses /usr/lib/python2.7/site-packages/neutron/api/rpc/handlers/l3_rpc.py:252
2018-06-30 01:20:35.542 29151 DEBUG novaclient.v2.client [-] REQ: curl -g -i -X POST http://10.0.20.46:8774/v2.1/0ca3103c90a24980adf86a98ed1a7af3/os-server-external-events -H "User-Agent: python-novaclient" -H "Content-Type: application/json" -H "Accept: application/json" -H "X-OpenStack-Nova-API-Version: 2.1" -H "X-Auth-Token: {SHA1}87c3ca86d0bb61863f12a4db904821a0a5576cd1" -d '{"events": [{"tag": "12b07f3c-b4b1-4996-97d4-8163a77c28b2", "name": "network-changed", "server_uuid": "32e41806-87de-4c0c-b3b4-ce858133fe96"}]}' _http_log_request /usr/lib/python2.7/site-packages/keystoneauth1/session.py:375
2018-06-30 01:20:35.876 29151 DEBUG novaclient.v2.client [-] RESP: [200] Content-Length: 179 Content-Type: application/json Openstack-Api-Version: compute 2.1 X-Openstack-Nova-Api-Version: 2.1 Vary: OpenStack-API-Version, X-OpenStack-Nova-API-Version X-Openstack-Request-Id: req-1b2032ff-bd98-4619-84cd-2e696dde2202 X-Compute-Request-Id: req-1b2032ff-bd98-4619-84cd-2e696dde2202 Date: Fri, 29 Jun 2018 23:20:35 GMT Connection: keep-alive 
RESP BODY: {"events": [{"status": "completed", "tag": "12b07f3c-b4b1-4996-97d4-8163a77c28b2", "name": "network-changed", "server_uuid": "32e41806-87de-4c0c-b3b4-ce858133fe96", "code": 200}]}
 _http_log_response /usr/lib/python2.7/site-packages/keystoneauth1/session.py:423
