2018-06-28 17:44:43.491 3603 DEBUG neutron_lib.callbacks.manager [req-04b49262-ebbc-461c-ae2e-296609bd8353 - - - - -] Notify callbacks ['neutron.db.l3_hascheduler_db._notify_l3_agent_ha_port_update-8789456679459', 'neutron.plugins.ml2.ovo_rpc._ObjectChangeHandler.handle_event-773888', 'neutron.api.rpc.agentnotifiers.dhcp_rpc_agent_api.DhcpAgentNotifyAPI._native_event_send_dhcp_notification--9223372036853881607', 'neutron.db.l3_dvrscheduler_db._notify_l3_agent_port_update--9223363247398090801', 'neutron.plugins.ml2.plugin.Ml2Plugin.notify_sg_on_port_change-16601343'] for port, after_update _notify_loop /usr/lib/python2.7/site-packages/neutron_lib/callbacks/manager.py:167
2018-06-28 17:44:43.788 3603 DEBUG oslo_concurrency.lockutils [-] Lock "event-dispatch" acquired by "neutron.plugins.ml2.ovo_rpc.dispatch_events" :: waited 0.000s inner /usr/lib/python2.7/site-packages/oslo_concurrency/lockutils.py:270
2018-06-28 17:44:43.925 3603 DEBUG neutron.api.rpc.handlers.resources_rpc [req-04b49262-ebbc-461c-ae2e-296609bd8353 - - - - -] neutron.api.rpc.handlers.resources_rpc.ResourcesPushRpcApi method push called with arguments (<neutron_lib.context.Context object at 0x7fe74690a2d0>, [Port(admin_state_up=True,allowed_address_pairs=[],binding=PortBinding,binding_levels=[PortBindingLevel],created_at=2018-06-28T15:41:56Z,data_plane_status=<?>,description='',device_id='1158eba0-80b5-4786-a4dc-15259191882e',device_owner='compute:nova',dhcp_options=[],distributed_binding=None,dns=None,fixed_ips=[IPAllocation],id=98f3ce5e-8d10-4a97-8ec0-e9c5511597e9,mac_address=fa:16:3e:8f:5d:00,name='',network_id=c846482c-0952-4049-85c9-f47c251a4ab5,project_id='3882763251954e5ead655745d4ac70b5',qos_policy_id=None,revision_number=7,security=PortSecurity(98f3ce5e-8d10-4a97-8ec0-e9c5511597e9),security_group_ids=set([b548cc34-e1b7-4973-b122-3a89a1933205]),status='DOWN',updated_at=2018-06-28T15:44:43Z)], 'updated') {} wrapper /usr/lib/python2.7/site-packages/oslo_log/helpers.py:66
2018-06-28 17:44:43.939 3603 DEBUG neutron.api.rpc.callbacks.version_manager [req-04b49262-ebbc-461c-ae2e-296609bd8353 - - - - -] Version for resource type Subnet changed None to 1.0 on consumer Open vSwitch agent@localhost.localdomain _set_version /usr/lib/python2.7/site-packages/neutron/api/rpc/callbacks/version_manager.py:119
2018-06-28 17:44:43.940 3603 DEBUG neutron.api.rpc.callbacks.version_manager [req-04b49262-ebbc-461c-ae2e-296609bd8353 - - - - -] Version for resource type Network changed None to 1.0 on consumer Open vSwitch agent@localhost.localdomain _set_version /usr/lib/python2.7/site-packages/neutron/api/rpc/callbacks/version_manager.py:119
2018-06-28 17:44:43.941 3603 DEBUG neutron.api.rpc.callbacks.version_manager [req-04b49262-ebbc-461c-ae2e-296609bd8353 - - - - -] Version for resource type SubPort changed None to 1.0 on consumer Open vSwitch agent@localhost.localdomain _set_version /usr/lib/python2.7/site-packages/neutron/api/rpc/callbacks/version_manager.py:119
2018-06-28 17:44:43.941 3603 DEBUG neutron.api.rpc.callbacks.version_manager [req-04b49262-ebbc-461c-ae2e-296609bd8353 - - - - -] Version for resource type SecurityGroup changed None to 1.0 on consumer Open vSwitch agent@localhost.localdomain _set_version /usr/lib/python2.7/site-packages/neutron/api/rpc/callbacks/version_manager.py:119
2018-06-28 17:44:43.942 3603 DEBUG neutron.api.rpc.callbacks.version_manager [req-04b49262-ebbc-461c-ae2e-296609bd8353 - - - - -] Version for resource type SecurityGroupRule changed None to 1.0 on consumer Open vSwitch agent@localhost.localdomain _set_version /usr/lib/python2.7/site-packages/neutron/api/rpc/callbacks/version_manager.py:119
2018-06-28 17:44:43.943 3603 DEBUG neutron.api.rpc.callbacks.version_manager [req-04b49262-ebbc-461c-ae2e-296609bd8353 - - - - -] Version for resource type Trunk changed None to 1.1 on consumer Open vSwitch agent@localhost.localdomain _set_version /usr/lib/python2.7/site-packages/neutron/api/rpc/callbacks/version_manager.py:119
2018-06-28 17:44:43.944 3603 DEBUG neutron.api.rpc.callbacks.version_manager [req-04b49262-ebbc-461c-ae2e-296609bd8353 - - - - -] Version for resource type QosPolicy changed None to 1.6 on consumer Open vSwitch agent@localhost.localdomain _set_version /usr/lib/python2.7/site-packages/neutron/api/rpc/callbacks/version_manager.py:119
2018-06-28 17:44:43.944 3603 DEBUG neutron.api.rpc.callbacks.version_manager [req-04b49262-ebbc-461c-ae2e-296609bd8353 - - - - -] Version for resource type Port changed None to 1.1 on consumer Open vSwitch agent@localhost.localdomain _set_version /usr/lib/python2.7/site-packages/neutron/api/rpc/callbacks/version_manager.py:119
2018-06-28 17:44:43.945 3603 DEBUG neutron.api.rpc.callbacks.version_manager [req-04b49262-ebbc-461c-ae2e-296609bd8353 - - - - -] Version for resource type Log changed None to 1.0 on consumer Open vSwitch agent@localhost.localdomain _set_version /usr/lib/python2.7/site-packages/neutron/api/rpc/callbacks/version_manager.py:119
2018-06-28 17:44:43.948 3603 DEBUG neutron.api.rpc.callbacks.version_manager [req-04b49262-ebbc-461c-ae2e-296609bd8353 - - - - -] Tracked resource versions report:
pushed versions:
{   'Log': set(['1.0']),
    'Network': set(['1.0']),
    'Port': set(['1.1']),
    'QosPolicy': set(['1.6']),
    'SecurityGroup': set(['1.0']),
    'SecurityGroupRule': set(['1.0']),
    'SubPort': set(['1.0']),
    'Subnet': set(['1.0']),
    'Trunk': set(['1.1'])}

consumer versions:
{   DHCP agent@localhost.localdomain: {   },
    L3 agent@localhost.localdomain: {   },
    Metadata agent@localhost.localdomain: {   },
    Metering agent@localhost.localdomain: {   },
    Open vSwitch agent@localhost.localdomain: {   u'Log': u'1.0',
                                                  u'Network': u'1.0',
                                                  u'Port': u'1.1',
                                                  u'QosPolicy': u'1.6',
                                                  u'SecurityGroup': u'1.0',
                                                  u'SecurityGroupRule': u'1.0',
                                                  u'SubPort': u'1.0',
                                                  u'Subnet': u'1.0',
                                                  u'Trunk': u'1.1'}}
 report /usr/lib/python2.7/site-packages/neutron/api/rpc/callbacks/version_manager.py:178
2018-06-28 17:44:43.968 3603 DEBUG oslo_concurrency.lockutils [req-04b49262-ebbc-461c-ae2e-296609bd8353 - - - - -] Lock "event-dispatch" released by "neutron.plugins.ml2.ovo_rpc.dispatch_events" :: held 0.180s inner /usr/lib/python2.7/site-packages/oslo_concurrency/lockutils.py:282
2018-06-28 17:44:44.671 3603 DEBUG novaclient.v2.client [-] REQ: curl -g -i -X POST http://10.0.20.24:8774/v2.1/e80c8f8d9a994fdcb38348700180bb81/os-server-external-events -H "User-Agent: python-novaclient" -H "Content-Type: application/json" -H "Accept: application/json" -H "X-OpenStack-Nova-API-Version: 2.1" -H "X-Auth-Token: {SHA1}05300bab56f9b71130b0c3159171b3b204d6a728" -d '{"events": [{"status": "completed", "tag": "98f3ce5e-8d10-4a97-8ec0-e9c5511597e9", "name": "network-vif-unplugged", "server_uuid": "1158eba0-80b5-4786-a4dc-15259191882e"}]}' _http_log_request /usr/lib/python2.7/site-packages/keystoneauth1/session.py:375
2018-06-28 17:44:45.395 3603 DEBUG novaclient.v2.client [-] RESP: [200] Content-Length: 185 Content-Type: application/json Openstack-Api-Version: compute 2.1 X-Openstack-Nova-Api-Version: 2.1 Vary: OpenStack-API-Version, X-OpenStack-Nova-API-Version X-Openstack-Request-Id: req-f53a1b80-2a42-4e7a-a457-642f313a8048 X-Compute-Request-Id: req-f53a1b80-2a42-4e7a-a457-642f313a8048 Date: Thu, 28 Jun 2018 15:44:45 GMT Connection: keep-alive 
RESP BODY: {"events": [{"status": "completed", "tag": "98f3ce5e-8d10-4a97-8ec0-e9c5511597e9", "name": "network-vif-unplugged", "server_uuid": "1158eba0-80b5-4786-a4dc-15259191882e", "code": 200}]}
 _http_log_response /usr/lib/python2.7/site-packages/keystoneauth1/session.py:423
2018-06-28 17:44:45.396 3603 DEBUG novaclient.v2.client [-] POST call to compute for http://10.0.20.24:8774/v2.1/e80c8f8d9a994fdcb38348700180bb81/os-server-external-events used request id req-f53a1b80-2a42-4e7a-a457-642f313a8048 request /usr/lib/python2.7/site-packages/keystoneauth1/session.py:727
2018-06-28 17:44:45.402 3603 INFO neutron.notifiers.nova [-] Nova event response: {u'status': u'completed', u'tag': u'98f3ce5e-8d10-4a97-8ec0-e9c5511597e9', u'name': u'network-vif-unplugged', u'server_uuid': u'1158eba0-80b5-4786-a4dc-15259191882e', u'code': 200}
2018-06-28 17:44:47.345 3597 INFO neutron.wsgi [req-f84aaa8f-5f5a-436c-8a20-0fa2d3d4e402 0010595e3de744e994fc37ddc9cf5c13 3882763251954e5ead655745d4ac70b5 - 1b7d434dc07642fe9ad73dba95a75dc6 1b7d434dc07642fe9ad73dba95a75dc6] 10.0.20.24 "GET /v2.0/ports?device_id=1158eba0-80b5-4786-a4dc-15259191882e HTTP/1.1" status: 200  len: 1122 time: 0.6339610
2018-06-28 17:44:47.403 3603 DEBUG oslo_concurrency.lockutils [-] Lock "notifier-98bc6bd0-99f8-491b-9616-2885644971dc" released by "neutron.notifiers.batch_notifier.synced_send" :: held 3.940s inner /usr/lib/python2.7/site-packages/oslo_concurrency/lockutils.py:282
2018-06-28 17:44:47.502 3597 INFO neutron.wsgi [req-fb27f2d5-f47e-48d9-82bc-9041e376cfc8 0010595e3de744e994fc37ddc9cf5c13 3882763251954e5ead655745d4ac70b5 - 1b7d434dc07642fe9ad73dba95a75dc6 1b7d434dc07642fe9ad73dba95a75dc6] 10.0.20.24 "GET /v2.0/security-groups?id=b548cc34-e1b7-4973-b122-3a89a1933205 HTTP/1.1" status: 200  len: 2118 time: 0.1478460
2018-06-28 17:44:49.335 3608 DEBUG neutron.plugins.ml2.rpc [req-04b49262-ebbc-461c-ae2e-296609bd8353 - - - - -] Device 98f3ce5e-8d10-4a97-8ec0-e9c5511597e9 up at agent ovs-agent-localhost.localdomain update_device_up /usr/lib/python2.7/site-packages/neutron/plugins/ml2/rpc.py:244
2018-06-28 17:44:49.453 3608 DEBUG neutron.db.provisioning_blocks [req-04b49262-ebbc-461c-ae2e-296609bd8353 - - - - -] Provisioning complete for port 98f3ce5e-8d10-4a97-8ec0-e9c5511597e9 triggered by entity L2. provisioning_complete /usr/lib/python2.7/site-packages/neutron/db/provisioning_blocks.py:138
2018-06-28 17:44:49.453 3608 DEBUG neutron_lib.callbacks.manager [req-04b49262-ebbc-461c-ae2e-296609bd8353 - - - - -] Notify callbacks ['neutron.plugins.ml2.plugin.Ml2Plugin._port_provisioned-16138702'] for port, provisioning_complete _notify_loop /usr/lib/python2.7/site-packages/neutron_lib/callbacks/manager.py:167
2018-06-28 17:44:49.646 3608 DEBUG neutron_lib.callbacks.manager [req-04b49262-ebbc-461c-ae2e-296609bd8353 - - - - -] Notify callbacks ['neutron.plugins.ml2.plugin.Ml2Plugin._ensure_default_security_group_handler--9223372036838174582'] for port, before_update _notify_loop /usr/lib/python2.7/site-packages/neutron_lib/callbacks/manager.py:167
2018-06-28 17:44:49.767 3608 DEBUG oslo_concurrency.lockutils [-] Lock "notifier-98bc6bd0-99f8-491b-9616-2885644971dc" acquired by "neutron.notifiers.batch_notifier.synced_send" :: waited 0.001s inner /usr/lib/python2.7/site-packages/oslo_concurrency/lockutils.py:270
2018-06-28 17:44:49.768 3608 DEBUG neutron.notifiers.nova [-] Sending events: [{'status': 'completed', 'tag': u'98f3ce5e-8d10-4a97-8ec0-e9c5511597e9', 'name': 'network-vif-plugged', 'server_uuid': u'1158eba0-80b5-4786-a4dc-15259191882e'}] send_events /usr/lib/python2.7/site-packages/neutron/notifiers/nova.py:242
2018-06-28 17:44:49.797 3608 DEBUG neutron.plugins.ml2.db [req-04b49262-ebbc-461c-ae2e-296609bd8353 - - - - -] For port 98f3ce5e-8d10-4a97-8ec0-e9c5511597e9, host localhost.localdomain, got binding levels [<neutron.plugins.ml2.models.PortBindingLevel[object at 7fe7466fa350] {port_id=u'98f3ce5e-8d10-4a97-8ec0-e9c5511597e9', host=u'localhost.localdomain', level=0, driver=u'openvswitch', segment_id=u'69d51847-d4ad-41fc-affa-ca0d66d8b893'}>] get_binding_levels /usr/lib/python2.7/site-packages/neutron/plugins/ml2/db.py:106
2018-06-28 17:44:49.816 3608 DEBUG neutron_lib.callbacks.manager [req-04b49262-ebbc-461c-ae2e-296609bd8353 - - - - -] Notify callbacks ['neutron.db.l3_hascheduler_db._notify_l3_agent_ha_port_update-8789456679459', 'neutron.plugins.ml2.ovo_rpc._ObjectChangeHandler.handle_event-773888', 'neutron.api.rpc.agentnotifiers.dhcp_rpc_agent_api.DhcpAgentNotifyAPI._native_event_send_dhcp_notification--9223372036853881607', 'neutron.db.l3_dvrscheduler_db._notify_l3_agent_port_update--9223363247398090801', 'neutron.plugins.ml2.plugin.Ml2Plugin.notify_sg_on_port_change-16601343'] for port, after_update _notify_loop /usr/lib/python2.7/site-packages/neutron_lib/callbacks/manager.py:167
2018-06-28 17:44:50.115 3608 DEBUG oslo_concurrency.lockutils [-] Lock "event-dispatch" acquired by "neutron.plugins.ml2.ovo_rpc.dispatch_events" :: waited 0.000s inner /usr/lib/python2.7/site-packages/oslo_concurrency/lockutils.py:270
2018-06-28 17:44:50.269 3608 DEBUG neutron.api.rpc.handlers.resources_rpc [req-04b49262-ebbc-461c-ae2e-296609bd8353 - - - - -] neutron.api.rpc.handlers.resources_rpc.ResourcesPushRpcApi method push called with arguments (<neutron_lib.context.Context object at 0x7fe746985450>, [Port(admin_state_up=True,allowed_address_pairs=[],binding=PortBinding,binding_levels=[PortBindingLevel],created_at=2018-06-28T15:41:56Z,data_plane_status=<?>,description='',device_id='1158eba0-80b5-4786-a4dc-15259191882e',device_owner='compute:nova',dhcp_options=[],distributed_binding=None,dns=None,fixed_ips=[IPAllocation],id=98f3ce5e-8d10-4a97-8ec0-e9c5511597e9,mac_address=fa:16:3e:8f:5d:00,name='',network_id=c846482c-0952-4049-85c9-f47c251a4ab5,project_id='3882763251954e5ead655745d4ac70b5',qos_policy_id=None,revision_number=8,security=PortSecurity(98f3ce5e-8d10-4a97-8ec0-e9c5511597e9),security_group_ids=set([b548cc34-e1b7-4973-b122-3a89a1933205]),status='ACTIVE',updated_at=2018-06-28T15:44:49Z)], 'updated') {} wrapper /usr/lib/python2.7/site-packages/oslo_log/helpers.py:66
2018-06-28 17:44:50.283 3608 DEBUG neutron.api.rpc.callbacks.version_manager [req-04b49262-ebbc-461c-ae2e-296609bd8353 - - - - -] Version for resource type Subnet changed None to 1.0 on consumer Open vSwitch agent@localhost.localdomain _set_version /usr/lib/python2.7/site-packages/neutron/api/rpc/callbacks/version_manager.py:119
2018-06-28 17:44:50.284 3608 DEBUG neutron.api.rpc.callbacks.version_manager [req-04b49262-ebbc-461c-ae2e-296609bd8353 - - - - -] Version for resource type Network changed None to 1.0 on consumer Open vSwitch agent@localhost.localdomain _set_version /usr/lib/python2.7/site-packages/neutron/api/rpc/callbacks/version_manager.py:119
2018-06-28 17:44:50.285 3608 DEBUG neutron.api.rpc.callbacks.version_manager [req-04b49262-ebbc-461c-ae2e-296609bd8353 - - - - -] Version for resource type SubPort changed None to 1.0 on consumer Open vSwitch agent@localhost.localdomain _set_version /usr/lib/python2.7/site-packages/neutron/api/rpc/callbacks/version_manager.py:119
2018-06-28 17:44:50.285 3608 DEBUG neutron.api.rpc.callbacks.version_manager [req-04b49262-ebbc-461c-ae2e-296609bd8353 - - - - -] Version for resource type SecurityGroup changed None to 1.0 on consumer Open vSwitch agent@localhost.localdomain _set_version /usr/lib/python2.7/site-packages/neutron/api/rpc/callbacks/version_manager.py:119
2018-06-28 17:44:50.286 3608 DEBUG neutron.api.rpc.callbacks.version_manager [req-04b49262-ebbc-461c-ae2e-296609bd8353 - - - - -] Version for resource type SecurityGroupRule changed None to 1.0 on consumer Open vSwitch agent@localhost.localdomain _set_version /usr/lib/python2.7/site-packages/neutron/api/rpc/callbacks/version_manager.py:119
2018-06-28 17:44:50.287 3608 DEBUG neutron.api.rpc.callbacks.version_manager [req-04b49262-ebbc-461c-ae2e-296609bd8353 - - - - -] Version for resource type Trunk changed None to 1.1 on consumer Open vSwitch agent@localhost.localdomain _set_version /usr/lib/python2.7/site-packages/neutron/api/rpc/callbacks/version_manager.py:119
2018-06-28 17:44:50.288 3608 DEBUG neutron.api.rpc.callbacks.version_manager [req-04b49262-ebbc-461c-ae2e-296609bd8353 - - - - -] Version for resource type QosPolicy changed None to 1.6 on consumer Open vSwitch agent@localhost.localdomain _set_version /usr/lib/python2.7/site-packages/neutron/api/rpc/callbacks/version_manager.py:119
2018-06-28 17:44:50.288 3608 DEBUG neutron.api.rpc.callbacks.version_manager [req-04b49262-ebbc-461c-ae2e-296609bd8353 - - - - -] Version for resource type Port changed None to 1.1 on consumer Open vSwitch agent@localhost.localdomain _set_version /usr/lib/python2.7/site-packages/neutron/api/rpc/callbacks/version_manager.py:119
2018-06-28 17:44:50.289 3608 DEBUG neutron.api.rpc.callbacks.version_manager [req-04b49262-ebbc-461c-ae2e-296609bd8353 - - - - -] Version for resource type Log changed None to 1.0 on consumer Open vSwitch agent@localhost.localdomain _set_version /usr/lib/python2.7/site-packages/neutron/api/rpc/callbacks/version_manager.py:119
2018-06-28 17:44:50.292 3608 DEBUG neutron.api.rpc.callbacks.version_manager [req-04b49262-ebbc-461c-ae2e-296609bd8353 - - - - -] Tracked resource versions report:
pushed versions:
{   'Log': set(['1.0']),
    'Network': set(['1.0']),
    'Port': set(['1.1']),
    'QosPolicy': set(['1.6']),
    'SecurityGroup': set(['1.0']),
    'SecurityGroupRule': set(['1.0']),
    'SubPort': set(['1.0']),
    'Subnet': set(['1.0']),
    'Trunk': set(['1.1'])}

consumer versions:
{   DHCP agent@localhost.localdomain: {   },
    L3 agent@localhost.localdomain: {   },
    Metadata agent@localhost.localdomain: {   },
    Metering agent@localhost.localdomain: {   },
    Open vSwitch agent@localhost.localdomain: {   u'Log': u'1.0',
                                                  u'Network': u'1.0',
                                                  u'Port': u'1.1',
                                                  u'QosPolicy': u'1.6',
                                                  u'SecurityGroup': u'1.0',
                                                  u'SecurityGroupRule': u'1.0',
                                                  u'SubPort': u'1.0',
                                                  u'Subnet': u'1.0',
                                                  u'Trunk': u'1.1'}}
 report /usr/lib/python2.7/site-packages/neutron/api/rpc/callbacks/version_manager.py:178
2018-06-28 17:44:50.306 3608 DEBUG oslo_concurrency.lockutils [req-04b49262-ebbc-461c-ae2e-296609bd8353 - - - - -] Lock "event-dispatch" released by "neutron.plugins.ml2.ovo_rpc.dispatch_events" :: held 0.191s inner /usr/lib/python2.7/site-packages/oslo_concurrency/lockutils.py:282
2018-06-28 17:44:50.621 3608 DEBUG novaclient.v2.client [-] REQ: curl -g -i -X POST http://10.0.20.24:8774/v2.1/e80c8f8d9a994fdcb38348700180bb81/os-server-external-events -H "User-Agent: python-novaclient" -H "Content-Type: application/json" -H "Accept: application/json" -H "X-OpenStack-Nova-API-Version: 2.1" -H "X-Auth-Token: {SHA1}901377cb5ab9e3bcd4945c5b2ca7fb43850a031d" -d '{"events": [{"status": "completed", "tag": "98f3ce5e-8d10-4a97-8ec0-e9c5511597e9", "name": "network-vif-plugged", "server_uuid": "1158eba0-80b5-4786-a4dc-15259191882e"}]}' _http_log_request /usr/lib/python2.7/site-packages/keystoneauth1/session.py:375
2018-06-28 17:44:51.105 3602 INFO neutron.wsgi [req-721202cb-f3da-4c31-ad98-224eb3752249 5890a01f91614c928c650e60460b0cc2 e80c8f8d9a994fdcb38348700180bb81 - default default] 10.0.20.24 "GET /v2.0/ports?tenant_id=3882763251954e5ead655745d4ac70b5&device_id=1158eba0-80b5-4786-a4dc-15259191882e HTTP/1.1" status: 200  len: 1124 time: 0.1309290
2018-06-28 17:44:51.235 3609 DEBUG neutron.plugins.ml2.rpc [req-04b49262-ebbc-461c-ae2e-296609bd8353 - - - - -] Device 98f3ce5e-8d10-4a97-8ec0-e9c5511597e9 up at agent ovs-agent-localhost.localdomain update_device_up /usr/lib/python2.7/site-packages/neutron/plugins/ml2/rpc.py:244
2018-06-28 17:44:51.250 3608 DEBUG novaclient.v2.client [-] RESP: [200] Content-Length: 183 Content-Type: application/json Openstack-Api-Version: compute 2.1 X-Openstack-Nova-Api-Version: 2.1 Vary: OpenStack-API-Version, X-OpenStack-Nova-API-Version X-Openstack-Request-Id: req-cc8aee8d-fd0a-4b5d-9405-a0b95a8dcfa5 X-Compute-Request-Id: req-cc8aee8d-fd0a-4b5d-9405-a0b95a8dcfa5 Date: Thu, 28 Jun 2018 15:44:51 GMT Connection: keep-alive 
RESP BODY: {"events": [{"status": "completed", "tag": "98f3ce5e-8d10-4a97-8ec0-e9c5511597e9", "name": "network-vif-plugged", "server_uuid": "1158eba0-80b5-4786-a4dc-15259191882e", "code": 200}]}
 _http_log_response /usr/lib/python2.7/site-packages/keystoneauth1/session.py:423
2018-06-28 17:44:51.251 3608 DEBUG novaclient.v2.client [-] POST call to compute for http://10.0.20.24:8774/v2.1/e80c8f8d9a994fdcb38348700180bb81/os-server-external-events used request id req-cc8aee8d-fd0a-4b5d-9405-a0b95a8dcfa5 request /usr/lib/python2.7/site-packages/keystoneauth1/session.py:727
2018-06-28 17:44:51.258 3608 INFO neutron.notifiers.nova [-] Nova event response: {u'status': u'completed', u'tag': u'98f3ce5e-8d10-4a97-8ec0-e9c5511597e9', u'name': u'network-vif-plugged', u'server_uuid': u'1158eba0-80b5-4786-a4dc-15259191882e', u'code': 200}
2018-06-28 17:44:51.339 3602 DEBUG neutron.pecan_wsgi.hooks.policy_enforcement [req-1b4dc35d-b68f-471d-b260-dbef4b913f8f 5890a01f91614c928c650e60460b0cc2 e80c8f8d9a994fdcb38348700180bb81 - default default] Attributes excluded by policy engine: [u'vlan_transparent'] _exclude_attributes_by_policy /usr/lib/python2.7/site-packages/neutron/pecan_wsgi/hooks/policy_enforcement.py:256
2018-06-28 17:44:51.342 3602 INFO neutron.wsgi [req-1b4dc35d-b68f-471d-b260-dbef4b913f8f 5890a01f91614c928c650e60460b0cc2 e80c8f8d9a994fdcb38348700180bb81 - default default] 10.0.20.24 "GET /v2.0/networks?id=c846482c-0952-4049-85c9-f47c251a4ab5 HTTP/1.1" status: 200  len: 885 time: 0.2283549
2018-06-28 17:44:51.344 3609 DEBUG neutron.db.provisioning_blocks [req-04b49262-ebbc-461c-ae2e-296609bd8353 - - - - -] Provisioning complete for port 98f3ce5e-8d10-4a97-8ec0-e9c5511597e9 triggered by entity L2. provisioning_complete /usr/lib/python2.7/site-packages/neutron/db/provisioning_blocks.py:138
2018-06-28 17:44:51.345 3609 DEBUG neutron_lib.callbacks.manager [req-04b49262-ebbc-461c-ae2e-296609bd8353 - - - - -] Notify callbacks ['neutron.plugins.ml2.plugin.Ml2Plugin._port_provisioned-16138702'] for port, provisioning_complete _notify_loop /usr/lib/python2.7/site-packages/neutron_lib/callbacks/manager.py:167
2018-06-28 17:44:51.401 3602 INFO neutron.wsgi [req-40933d09-4c75-47bc-a54b-0bc45db15464 5890a01f91614c928c650e60460b0cc2 e80c8f8d9a994fdcb38348700180bb81 - default default] 10.0.20.24 "GET /v2.0/floatingips?fixed_ip_address=11.230.1.6&port_id=98f3ce5e-8d10-4a97-8ec0-e9c5511597e9 HTTP/1.1" status: 200  len: 750 time: 0.0502810
2018-06-28 17:44:51.527 3602 DEBUG neutron.pecan_wsgi.hooks.policy_enforcement [req-06ac3e42-2b49-4d9e-9f4b-d4eaacc14b69 5890a01f91614c928c650e60460b0cc2 e80c8f8d9a994fdcb38348700180bb81 - default default] Attributes excluded by policy engine: [u'shared'] _exclude_attributes_by_policy /usr/lib/python2.7/site-packages/neutron/pecan_wsgi/hooks/policy_enforcement.py:256
2018-06-28 17:44:51.529 3602 INFO neutron.wsgi [req-06ac3e42-2b49-4d9e-9f4b-d4eaacc14b69 5890a01f91614c928c650e60460b0cc2 e80c8f8d9a994fdcb38348700180bb81 - default default] 10.0.20.24 "GET /v2.0/subnets?id=e7761593-07b1-480c-85d3-210b089d743e HTTP/1.1" status: 200  len: 847 time: 0.1215301
2018-06-28 17:44:51.651 3602 INFO neutron.wsgi [req-a85efb15-2318-4649-a9e1-cc77f756b17b 5890a01f91614c928c650e60460b0cc2 e80c8f8d9a994fdcb38348700180bb81 - default default] 10.0.20.24 "GET /v2.0/ports?network_id=c846482c-0952-4049-85c9-f47c251a4ab5&device_owner=network%3Adhcp HTTP/1.1" status: 200  len: 1128 time: 0.1145341
2018-06-28 17:44:53.259 3608 DEBUG oslo_concurrency.lockutils [-] Lock "notifier-98bc6bd0-99f8-491b-9616-2885644971dc" released by "neutron.notifiers.batch_notifier.synced_send" :: held 3.496s inner /usr/lib/python2.7/site-packages/oslo_concurrency/lockutils.py:282
2018-06-28 17:44:53.780 3613 DEBUG neutron.db.agents_db [req-7a5bf4f5-d071-4f8e-9313-ca140d62c7f8 - - - - -] Agent healthcheck: found 5 active agents agent_health_check /usr/lib/python2.7/site-packages/neutron/db/agents_db.py:281
2018-06-28 17:44:54.834 3611 DEBUG neutron_lib.callbacks.manager [req-04b49262-ebbc-461c-ae2e-296609bd8353 - - - - -] Notify callbacks ['neutron.services.segments.db._update_segment_host_mapping_for_agent-8789457046096'] for agent, after_update _notify_loop /usr/lib/python2.7/site-packages/neutron_lib/callbacks/manager.py:167
2018-06-28 17:44:57.528 3602 INFO neutron.wsgi [req-98ae6542-11ef-48a6-80bd-b12f68b3f5a6 0010595e3de744e994fc37ddc9cf5c13 3882763251954e5ead655745d4ac70b5 - 1b7d434dc07642fe9ad73dba95a75dc6 1b7d434dc07642fe9ad73dba95a75dc6] 10.0.20.24 "GET /v2.0/ports?device_id=1158eba0-80b5-4786-a4dc-15259191882e HTTP/1.1" status: 200  len: 1124 time: 0.5783250
2018-06-28 17:44:57.708 3602 INFO neutron.wsgi [req-570028cf-b367-4cd2-9a73-211b3594e8e2 0010595e3de744e994fc37ddc9cf5c13 3882763251954e5ead655745d4ac70b5 - 1b7d434dc07642fe9ad73dba95a75dc6 1b7d434dc07642fe9ad73dba95a75dc6] 10.0.20.24 "GET /v2.0/security-groups?id=b548cc34-e1b7-4973-b122-3a89a1933205 HTTP/1.1" status: 200  len: 2118 time: 0.1730921
2018-06-28 17:45:12.193 3610 DEBUG neutron_lib.callbacks.manager [req-642fcda5-e120-4192-92fe-687a1a41cc06 - - - - -] Notify callbacks ['neutron.services.segments.db._update_segment_host_mapping_for_agent-8789457046096'] for agent, after_update _notify_loop /usr/lib/python2.7/site-packages/neutron_lib/callbacks/manager.py:167
2018-06-28 17:45:12.197 3605 DEBUG neutron_lib.callbacks.manager [req-e19300bb-412e-4cb2-9d24-ee53347d51a3 - - - - -] Notify callbacks ['neutron.services.segments.db._update_segment_host_mapping_for_agent-8789457046096'] for agent, after_update _notify_loop /usr/lib/python2.7/site-packages/neutron_lib/callbacks/manager.py:167
2018-06-28 17:45:12.222 3607 DEBUG neutron_lib.callbacks.manager [req-dae2c7d1-e614-4421-800c-43e79a81973a - - - - -] Notify callbacks ['neutron.services.segments.db._update_segment_host_mapping_for_agent-8789457046096'] for agent, after_update _notify_loop /usr/lib/python2.7/site-packages/neutron_lib/callbacks/manager.py:167
2018-06-28 17:45:12.712 3609 DEBUG neutron_lib.callbacks.manager [req-738d1b6f-2aa7-462c-8845-9815ed25301a - - - - -] Notify callbacks ['neutron.services.segments.db._update_segment_host_mapping_for_agent-8789457046096'] for agent, after_update _notify_loop /usr/lib/python2.7/site-packages/neutron_lib/callbacks/manager.py:167
2018-06-28 17:45:16.432 3600 INFO neutron.wsgi [req-b6f96a0b-d7cc-40cb-9f80-c6ed51ed29a2 5890a01f91614c928c650e60460b0cc2 e80c8f8d9a994fdcb38348700180bb81 - default default] 10.0.20.24 "GET /v2.0/ports?device_id=1158eba0-80b5-4786-a4dc-15259191882e HTTP/1.1" status: 200  len: 1124 time: 0.1821749
2018-06-28 17:45:16.639 3600 INFO neutron.wsgi [req-eea029f8-f1ff-4531-941e-94a8a30e563c 5890a01f91614c928c650e60460b0cc2 e80c8f8d9a994fdcb38348700180bb81 - default default] 10.0.20.24 "GET /v2.0/security-groups?id=b548cc34-e1b7-4973-b122-3a89a1933205 HTTP/1.1" status: 200  len: 2118 time: 0.1970129
2018-06-28 17:45:18.093 3601 INFO neutron.wsgi [req-497ff11f-5446-43c6-9d39-2abd8ba6cfb6 5890a01f91614c928c650e60460b0cc2 e80c8f8d9a994fdcb38348700180bb81 - default default] 10.0.20.24 "GET /v2.0/ports?device_id=1158eba0-80b5-4786-a4dc-15259191882e HTTP/1.1" status: 200  len: 1124 time: 0.1949470
2018-06-28 17:45:18.246 3601 INFO neutron.wsgi [req-4ef49264-6242-4d6c-8a3e-1c650ab79078 5890a01f91614c928c650e60460b0cc2 e80c8f8d9a994fdcb38348700180bb81 - default default] 10.0.20.24 "GET /v2.0/security-groups?id=b548cc34-e1b7-4973-b122-3a89a1933205 HTTP/1.1" status: 200  len: 2118 time: 0.1426380
2018-06-28 17:45:19.401 3602 INFO neutron.wsgi [req-51752bb9-1f5b-4b06-9f1c-0349c67e6bdb 5890a01f91614c928c650e60460b0cc2 e80c8f8d9a994fdcb38348700180bb81 - default default] 10.0.20.24 "GET /v2.0/ports?device_id=1158eba0-80b5-4786-a4dc-15259191882e HTTP/1.1" status: 200  len: 1124 time: 0.1260340
2018-06-28 17:45:19.540 3602 INFO neutron.wsgi [req-fd7501c0-7919-4323-b6e5-fd070147bd59 5890a01f91614c928c650e60460b0cc2 e80c8f8d9a994fdcb38348700180bb81 - default default] 10.0.20.24 "GET /v2.0/security-groups?id=b548cc34-e1b7-4973-b122-3a89a1933205 HTTP/1.1" status: 200  len: 2118 time: 0.1322899
2018-06-28 17:45:24.323 3612 DEBUG neutron_lib.callbacks.manager [req-04b49262-ebbc-461c-ae2e-296609bd8353 - - - - -] Notify callbacks ['neutron.services.segments.db._update_segment_host_mapping_for_agent-8789457046096'] for agent, after_update _notify_loop /usr/lib/python2.7/site-packages/neutron_lib/callbacks/manager.py:167
2018-06-28 17:45:24.882 3601 INFO neutron.wsgi [req-dc811aa0-3e4f-4756-8edf-115c74a9d1a0 5890a01f91614c928c650e60460b0cc2 e80c8f8d9a994fdcb38348700180bb81 - default default] 10.0.20.24 "GET /v2.0/ports?device_id=1158eba0-80b5-4786-a4dc-15259191882e HTTP/1.1" status: 200  len: 1124 time: 0.7441452
2018-06-28 17:45:25.007 3601 INFO neutron.wsgi [req-0c3f5d8e-cd9d-410f-a65b-050383e1d532 5890a01f91614c928c650e60460b0cc2 e80c8f8d9a994fdcb38348700180bb81 - default default] 10.0.20.24 "GET /v2.0/security-groups?id=b548cc34-e1b7-4973-b122-3a89a1933205 HTTP/1.1" status: 200  len: 2118 time: 0.1166818
2018-06-28 17:45:30.783 3613 DEBUG neutron.db.agents_db [req-7a5bf4f5-d071-4f8e-9313-ca140d62c7f8 - - - - -] Agent healthcheck: found 5 active agents agent_health_check /usr/lib/python2.7/site-packages/neutron/db/agents_db.py:281
2018-06-28 17:45:42.109 3608 DEBUG neutron_lib.callbacks.manager [req-e19300bb-412e-4cb2-9d24-ee53347d51a3 - - - - -] Notify callbacks ['neutron.services.segments.db._update_segment_host_mapping_for_agent-8789457046096'] for agent, after_update _notify_loop /usr/lib/python2.7/site-packages/neutron_lib/callbacks/manager.py:167
2018-06-28 17:45:42.145 3603 DEBUG neutron_lib.callbacks.manager [req-642fcda5-e120-4192-92fe-687a1a41cc06 - - - - -] Notify callbacks ['neutron.services.segments.db._update_segment_host_mapping_for_agent-8789457046096'] for agent, after_update _notify_loop /usr/lib/python2.7/site-packages/neutron_lib/callbacks/manager.py:167
2018-06-28 17:45:42.190 3606 DEBUG neutron_lib.callbacks.manager [req-027b4cee-b206-40fb-9585-5cd5478bdc23 - - - - -] Notify callbacks ['neutron.services.segments.db._update_segment_host_mapping_for_agent-8789457046096'] for agent, after_update _notify_loop /usr/lib/python2.7/site-packages/neutron_lib/callbacks/manager.py:167
2018-06-28 17:45:42.685 3611 DEBUG neutron_lib.callbacks.manager [req-fbc90acc-ba10-4969-bfb5-e7c2cc13252a - - - - -] Notify callbacks ['neutron.services.segments.db._update_segment_host_mapping_for_agent-8789457046096'] for agent, after_update _notify_loop /usr/lib/python2.7/site-packages/neutron_lib/callbacks/manager.py:167
2018-06-28 17:45:45.597 3599 DEBUG neutron.wsgi [-] (3599) accepted ('10.0.20.24', 48070) server /usr/lib/python2.7/site-packages/eventlet/wsgi.py:883
2018-06-28 17:45:45.602 3599 INFO neutron.wsgi [-] 10.0.20.24 "GET / HTTP/1.1" status: 200  len: 252 time: 0.0030501
2018-06-28 17:45:46.111 3599 INFO neutron.api.v2.resource [req-15d756cb-c98a-42b0-9f8e-903e8fd9b799 0010595e3de744e994fc37ddc9cf5c13 3882763251954e5ead655745d4ac70b5 - 1b7d434dc07642fe9ad73dba95a75dc6 1b7d434dc07642fe9ad73dba95a75dc6] show failed (client error): The resource could not be found.
2018-06-28 17:45:46.113 3599 INFO neutron.wsgi [req-15d756cb-c98a-42b0-9f8e-903e8fd9b799 0010595e3de744e994fc37ddc9cf5c13 3882763251954e5ead655745d4ac70b5 - 1b7d434dc07642fe9ad73dba95a75dc6 1b7d434dc07642fe9ad73dba95a75dc6] 10.0.20.24 "GET /v2.0/floatingips/172.24.4.7 HTTP/1.1" status: 404  len: 325 time: 0.5032170
2018-06-28 17:45:46.167 3599 INFO neutron.wsgi [req-ccf21f2e-37af-41c7-916e-979ef7728cbd 0010595e3de744e994fc37ddc9cf5c13 3882763251954e5ead655745d4ac70b5 - 1b7d434dc07642fe9ad73dba95a75dc6 1b7d434dc07642fe9ad73dba95a75dc6] 10.0.20.24 "GET /v2.0/floatingips HTTP/1.1" status: 200  len: 750 time: 0.0488911
2018-06-28 17:45:46.256 3599 DEBUG neutron.plugins.ml2.plugin [req-179ee4a3-afca-468e-a063-ac4a3490e5f3 0010595e3de744e994fc37ddc9cf5c13 3882763251954e5ead655745d4ac70b5 - 1b7d434dc07642fe9ad73dba95a75dc6 1b7d434dc07642fe9ad73dba95a75dc6] Deleting port e0cddf40-d0bd-43de-b68c-e9d9971ac26b _pre_delete_port /usr/lib/python2.7/site-packages/neutron/plugins/ml2/plugin.py:1488
2018-06-28 17:45:46.257 3599 DEBUG neutron_lib.callbacks.manager [req-179ee4a3-afca-468e-a063-ac4a3490e5f3 0010595e3de744e994fc37ddc9cf5c13 3882763251954e5ead655745d4ac70b5 - 1b7d434dc07642fe9ad73dba95a75dc6 1b7d434dc07642fe9ad73dba95a75dc6] Notify callbacks ['neutron.db.l3_db._prevent_l3_port_delete_callback--9223363247397522420'] for port, before_delete _notify_loop /usr/lib/python2.7/site-packages/neutron_lib/callbacks/manager.py:167
2018-06-28 17:45:46.666 3599 DEBUG neutron.plugins.ml2.plugin [req-179ee4a3-afca-468e-a063-ac4a3490e5f3 0010595e3de744e994fc37ddc9cf5c13 3882763251954e5ead655745d4ac70b5 - 1b7d434dc07642fe9ad73dba95a75dc6 1b7d434dc07642fe9ad73dba95a75dc6] Calling delete_port for e0cddf40-d0bd-43de-b68c-e9d9971ac26b owned by network:floatingip delete_port /usr/lib/python2.7/site-packages/neutron/plugins/ml2/plugin.py:1547
2018-06-28 17:45:46.987 3599 DEBUG neutron_lib.callbacks.manager [req-179ee4a3-afca-468e-a063-ac4a3490e5f3 0010595e3de744e994fc37ddc9cf5c13 3882763251954e5ead655745d4ac70b5 - 1b7d434dc07642fe9ad73dba95a75dc6 1b7d434dc07642fe9ad73dba95a75dc6] Notify callbacks ['neutron.db.l3_db._notify_routers_callback--9223363247397551138', 'neutron.services.segments.plugin.NovaSegmentNotifier._notify_port_created_or_deleted-1433327', 'neutron.api.rpc.agentnotifiers.dhcp_rpc_agent_api.DhcpAgentNotifyAPI._native_event_send_dhcp_notification--9223372036853881607', 'neutron.db.l3_dvrscheduler_db._notify_port_delete-8789456685000', 'neutron.plugins.ml2.ovo_rpc._ObjectChangeHandler.handle_event-773888', 'neutron.plugins.ml2.plugin.Ml2Plugin.notify_sg_on_port_change-16601343'] for port, after_delete _notify_loop /usr/lib/python2.7/site-packages/neutron_lib/callbacks/manager.py:167
2018-06-28 17:45:47.827 3599 DEBUG oslo_concurrency.lockutils [-] Lock "event-dispatch" acquired by "neutron.plugins.ml2.ovo_rpc.dispatch_events" :: waited 0.000s inner /usr/lib/python2.7/site-packages/oslo_concurrency/lockutils.py:270
2018-06-28 17:45:48.056 3599 DEBUG neutron.api.rpc.handlers.resources_rpc [req-179ee4a3-afca-468e-a063-ac4a3490e5f3 0010595e3de744e994fc37ddc9cf5c13 3882763251954e5ead655745d4ac70b5 - - -] neutron.api.rpc.handlers.resources_rpc.ResourcesPushRpcApi method push called with arguments (<neutron_lib.context.Context object at 0x7fe746083110>, [Port(admin_state_up=<?>,allowed_address_pairs=<?>,binding=<?>,binding_levels=<?>,created_at=<?>,data_plane_status=<?>,description=<?>,device_id=<?>,device_owner=<?>,dhcp_options=<?>,distributed_binding=<?>,dns=<?>,fixed_ips=<?>,id=e0cddf40-d0bd-43de-b68c-e9d9971ac26b,mac_address=<?>,name=<?>,network_id=<?>,project_id=<?>,qos_policy_id=None,revision_number=<?>,security=<?>,security_group_ids=None,status=<?>,updated_at=<?>)], 'deleted') {} wrapper /usr/lib/python2.7/site-packages/oslo_log/helpers.py:66
2018-06-28 17:45:48.094 3599 DEBUG neutron.api.rpc.callbacks.version_manager [req-179ee4a3-afca-468e-a063-ac4a3490e5f3 0010595e3de744e994fc37ddc9cf5c13 3882763251954e5ead655745d4ac70b5 - - -] Version for resource type Subnet changed None to 1.0 on consumer Open vSwitch agent@localhost.localdomain _set_version /usr/lib/python2.7/site-packages/neutron/api/rpc/callbacks/version_manager.py:119
2018-06-28 17:45:48.095 3599 DEBUG neutron.api.rpc.callbacks.version_manager [req-179ee4a3-afca-468e-a063-ac4a3490e5f3 0010595e3de744e994fc37ddc9cf5c13 3882763251954e5ead655745d4ac70b5 - - -] Version for resource type Network changed None to 1.0 on consumer Open vSwitch agent@localhost.localdomain _set_version /usr/lib/python2.7/site-packages/neutron/api/rpc/callbacks/version_manager.py:119
2018-06-28 17:45:48.096 3599 DEBUG neutron.api.rpc.callbacks.version_manager [req-179ee4a3-afca-468e-a063-ac4a3490e5f3 0010595e3de744e994fc37ddc9cf5c13 3882763251954e5ead655745d4ac70b5 - - -] Version for resource type SubPort changed None to 1.0 on consumer Open vSwitch agent@localhost.localdomain _set_version /usr/lib/python2.7/site-packages/neutron/api/rpc/callbacks/version_manager.py:119
2018-06-28 17:45:48.097 3599 DEBUG neutron.api.rpc.callbacks.version_manager [req-179ee4a3-afca-468e-a063-ac4a3490e5f3 0010595e3de744e994fc37ddc9cf5c13 3882763251954e5ead655745d4ac70b5 - - -] Version for resource type SecurityGroup changed None to 1.0 on consumer Open vSwitch agent@localhost.localdomain _set_version /usr/lib/python2.7/site-packages/neutron/api/rpc/callbacks/version_manager.py:119
2018-06-28 17:45:48.097 3599 DEBUG neutron.api.rpc.callbacks.version_manager [req-179ee4a3-afca-468e-a063-ac4a3490e5f3 0010595e3de744e994fc37ddc9cf5c13 3882763251954e5ead655745d4ac70b5 - - -] Version for resource type SecurityGroupRule changed None to 1.0 on consumer Open vSwitch agent@localhost.localdomain _set_version /usr/lib/python2.7/site-packages/neutron/api/rpc/callbacks/version_manager.py:119
2018-06-28 17:45:48.098 3599 DEBUG neutron.api.rpc.callbacks.version_manager [req-179ee4a3-afca-468e-a063-ac4a3490e5f3 0010595e3de744e994fc37ddc9cf5c13 3882763251954e5ead655745d4ac70b5 - - -] Version for resource type Trunk changed None to 1.1 on consumer Open vSwitch agent@localhost.localdomain _set_version /usr/lib/python2.7/site-packages/neutron/api/rpc/callbacks/version_manager.py:119
2018-06-28 17:45:48.099 3599 DEBUG neutron.api.rpc.callbacks.version_manager [req-179ee4a3-afca-468e-a063-ac4a3490e5f3 0010595e3de744e994fc37ddc9cf5c13 3882763251954e5ead655745d4ac70b5 - - -] Version for resource type QosPolicy changed None to 1.6 on consumer Open vSwitch agent@localhost.localdomain _set_version /usr/lib/python2.7/site-packages/neutron/api/rpc/callbacks/version_manager.py:119
2018-06-28 17:45:48.100 3599 DEBUG neutron.api.rpc.callbacks.version_manager [req-179ee4a3-afca-468e-a063-ac4a3490e5f3 0010595e3de744e994fc37ddc9cf5c13 3882763251954e5ead655745d4ac70b5 - - -] Version for resource type Port changed None to 1.1 on consumer Open vSwitch agent@localhost.localdomain _set_version /usr/lib/python2.7/site-packages/neutron/api/rpc/callbacks/version_manager.py:119
2018-06-28 17:45:48.101 3599 DEBUG neutron.api.rpc.callbacks.version_manager [req-179ee4a3-afca-468e-a063-ac4a3490e5f3 0010595e3de744e994fc37ddc9cf5c13 3882763251954e5ead655745d4ac70b5 - - -] Version for resource type Log changed None to 1.0 on consumer Open vSwitch agent@localhost.localdomain _set_version /usr/lib/python2.7/site-packages/neutron/api/rpc/callbacks/version_manager.py:119
2018-06-28 17:45:48.122 3599 DEBUG oslo_concurrency.lockutils [req-179ee4a3-afca-468e-a063-ac4a3490e5f3 0010595e3de744e994fc37ddc9cf5c13 3882763251954e5ead655745d4ac70b5 - - -] Lock "event-dispatch" released by "neutron.plugins.ml2.ovo_rpc.dispatch_events" :: held 0.295s inner /usr/lib/python2.7/site-packages/oslo_concurrency/lockutils.py:282
2018-06-28 17:45:48.428 3599 DEBUG neutron.scheduler.l3_agent_scheduler [req-179ee4a3-afca-468e-a063-ac4a3490e5f3 0010595e3de744e994fc37ddc9cf5c13 3882763251954e5ead655745d4ac70b5 - 1b7d434dc07642fe9ad73dba95a75dc6 1b7d434dc07642fe9ad73dba95a75dc6] Router 2bebda46-b68d-4347-8175-49b7356ae312 has already been hosted by L3 agent f5d070e7-be6d-4df3-ab9e-52b79e66576a _get_candidates /usr/lib/python2.7/site-packages/neutron/scheduler/l3_agent_scheduler.py:141
2018-06-28 17:45:48.627 3599 DEBUG neutron.api.rpc.agentnotifiers.l3_rpc_agent_api [req-179ee4a3-afca-468e-a063-ac4a3490e5f3 0010595e3de744e994fc37ddc9cf5c13 3882763251954e5ead655745d4ac70b5 - 1b7d434dc07642fe9ad73dba95a75dc6 1b7d434dc07642fe9ad73dba95a75dc6] Notify agent at l3_agent.localhost.localdomain the message routers_updated _agent_notification /usr/lib/python2.7/site-packages/neutron/api/rpc/agentnotifiers/l3_rpc_agent_api.py:69
2018-06-28 17:45:48.670 3599 DEBUG neutron.quota.resource [req-179ee4a3-afca-468e-a063-ac4a3490e5f3 0010595e3de744e994fc37ddc9cf5c13 3882763251954e5ead655745d4ac70b5 - 1b7d434dc07642fe9ad73dba95a75dc6 1b7d434dc07642fe9ad73dba95a75dc6] Persisted dirty status for tenant:3882763251954e5ead655745d4ac70b5 on resource:floatingip mark_dirty /usr/lib/python2.7/site-packages/neutron/quota/resource.py:207
2018-06-28 17:45:48.686 3608 DEBUG neutron.db.l3_hamode_db [req-d65d5c2e-5b63-4523-8abd-bbc8b2a2c68e - - - - -] neutron.services.l3_router.l3_router_plugin.L3RouterPlugin method get_ha_sync_data_for_host called with arguments (<neutron_lib.context.Context object at 0x7fe746a66a10>, u'localhost.localdomain', <neutron.db.models.agent.Agent[object at 7fe746927d50] {id=u'f5d070e7-be6d-4df3-ab9e-52b79e66576a', agent_type=u'L3 agent', binary=u'neutron-l3-agent', topic=u'l3_agent', host=u'localhost.localdomain', availability_zone=u'nova', admin_state_up=True, created_at=datetime.datetime(2018, 6, 6, 18, 4, 36), started_at=datetime.datetime(2018, 6, 28, 15, 19, 42), heartbeat_timestamp=datetime.datetime(2018, 6, 28, 15, 45, 42), description=None, configurations=u'{"agent_mode": "legacy", "gateway_external_network_id": "", "handle_internal_only_routers": true, "routers": 2, "interfaces": 2, "floating_ips": 1, "interface_driver": "neutron.agent.linux.interface.OVSInterfaceDriver", "log_agent_heartbeats": false, "external_network_bridge": "", "ex_gw_ports": 2}', resource_versions=None, load=0}>) {'active': True, 'router_ids': ['2bebda46-b68d-4347-8175-49b7356ae312']} wrapper /usr/lib/python2.7/site-packages/oslo_log/helpers.py:66
2018-06-28 17:45:48.702 3599 DEBUG neutron.quota.resource [req-179ee4a3-afca-468e-a063-ac4a3490e5f3 0010595e3de744e994fc37ddc9cf5c13 3882763251954e5ead655745d4ac70b5 - 1b7d434dc07642fe9ad73dba95a75dc6 1b7d434dc07642fe9ad73dba95a75dc6] Persisted dirty status for tenant: on resource:port mark_dirty /usr/lib/python2.7/site-packages/neutron/quota/resource.py:207
2018-06-28 17:45:48.711 3599 DEBUG neutron_lib.callbacks.manager [req-179ee4a3-afca-468e-a063-ac4a3490e5f3 0010595e3de744e994fc37ddc9cf5c13 3882763251954e5ead655745d4ac70b5 - 1b7d434dc07642fe9ad73dba95a75dc6 1b7d434dc07642fe9ad73dba95a75dc6] Notify callbacks ['neutron.notifiers.nova.Notifier._send_nova_notification--9223372036854773326'] for floatingip, before_response _notify_loop /usr/lib/python2.7/site-packages/neutron_lib/callbacks/manager.py:167
2018-06-28 17:45:48.818 3599 INFO neutron.wsgi [req-179ee4a3-afca-468e-a063-ac4a3490e5f3 0010595e3de744e994fc37ddc9cf5c13 3882763251954e5ead655745d4ac70b5 - 1b7d434dc07642fe9ad73dba95a75dc6 1b7d434dc07642fe9ad73dba95a75dc6] 10.0.20.24 "DELETE /v2.0/floatingips/a549b336-5ea0-4cbc-a823-903a283a6c85 HTTP/1.1" status: 204  len: 173 time: 2.6405861
2018-06-28 17:45:48.820 3599 DEBUG oslo_concurrency.lockutils [-] Lock "notifier-98bc6bd0-99f8-491b-9616-2885644971dc" acquired by "neutron.notifiers.batch_notifier.synced_send" :: waited 0.000s inner /usr/lib/python2.7/site-packages/oslo_concurrency/lockutils.py:270
2018-06-28 17:45:48.820 3599 DEBUG neutron.notifiers.nova [-] Sending events: [{'tag': u'98f3ce5e-8d10-4a97-8ec0-e9c5511597e9', 'name': 'network-changed', 'server_uuid': u'1158eba0-80b5-4786-a4dc-15259191882e'}] send_events /usr/lib/python2.7/site-packages/neutron/notifiers/nova.py:242
2018-06-28 17:45:49.264 3602 INFO neutron.wsgi [req-5959c088-4ed2-4b3a-9d78-beba6c4b993e 5890a01f91614c928c650e60460b0cc2 e80c8f8d9a994fdcb38348700180bb81 - default default] 10.0.20.24 "GET /v2.0/ports?tenant_id=3882763251954e5ead655745d4ac70b5&device_id=1158eba0-80b5-4786-a4dc-15259191882e HTTP/1.1" status: 200  len: 1124 time: 0.1864181
2018-06-28 17:45:49.581 3602 DEBUG neutron.pecan_wsgi.hooks.policy_enforcement [req-a576133e-8a4e-44ba-98ec-21558a7a8d0e 5890a01f91614c928c650e60460b0cc2 e80c8f8d9a994fdcb38348700180bb81 - default default] Attributes excluded by policy engine: [u'vlan_transparent'] _exclude_attributes_by_policy /usr/lib/python2.7/site-packages/neutron/pecan_wsgi/hooks/policy_enforcement.py:256
2018-06-28 17:45:49.585 3602 INFO neutron.wsgi [req-a576133e-8a4e-44ba-98ec-21558a7a8d0e 5890a01f91614c928c650e60460b0cc2 e80c8f8d9a994fdcb38348700180bb81 - default default] 10.0.20.24 "GET /v2.0/networks?id=c846482c-0952-4049-85c9-f47c251a4ab5 HTTP/1.1" status: 200  len: 885 time: 0.3144829
2018-06-28 17:45:49.609 3608 DEBUG neutron.db.l3_hamode_db [req-d65d5c2e-5b63-4523-8abd-bbc8b2a2c68e - - - - -] neutron.services.l3_router.l3_router_plugin.L3RouterPlugin method _process_sync_ha_data called with arguments (<neutron_lib.context.Context object at 0x7fe746a66a10>, [{'status': u'ACTIVE', '_interfaces': [{'status': u'ACTIVE', 'subnets': [{'dns_nameservers': [u'8.8.4.4'], 'ipv6_ra_mode': None, 'gateway_ip': u'11.230.1.1', 'cidr': u'11.230.1.0/24', 'id': u'e7761593-07b1-480c-85d3-210b089d743e', 'subnetpool_id': None}], 'binding:host_id': u'localhost.localdomain', 'description': u'', 'allowed_address_pairs': [], 'tags': [], 'extra_dhcp_opts': [], 'updated_at': '2018-06-28T15:41:27Z', 'device_owner': u'network:router_interface', 'revision_number': 7, 'port_security_enabled': False, 'binding:profile': {}, 'mtu': 1450, 'fixed_ips': [{'subnet_id': u'e7761593-07b1-480c-85d3-210b089d743e', 'prefixlen': 24, 'ip_address': u'11.230.1.1'}], 'id': u'd884f60e-ae9d-4ec3-b81b-3e406b7f6403', 'security_groups': [], 'device_id': u'2bebda46-b68d-4347-8175-49b7356ae312', 'name': u'', 'admin_state_up': True, 'network_id': u'c846482c-0952-4049-85c9-f47c251a4ab5', 'tenant_id': u'3882763251954e5ead655745d4ac70b5', 'binding:vif_details': {u'port_filter': True, u'datapath_type': u'system', u'ovs_hybrid_plug': True}, 'address_scopes': {4: None, 6: None}, 'binding:vnic_type': u'normal', 'binding:vif_type': u'ovs', 'mac_address': u'fa:16:3e:fe:56:0d', 'project_id': u'3882763251954e5ead655745d4ac70b5', 'extra_subnets': [], 'created_at': '2018-06-28T15:41:18Z'}], 'enable_snat': True, 'ha_vr_id': 0, 'description': u'', 'tags': [], 'gw_port': {'status': u'ACTIVE', 'subnets': [{'dns_nameservers': [], 'ipv6_ra_mode': None, 'gateway_ip': u'172.24.4.1', 'cidr': u'172.24.4.0/24', 'id': u'b9318fa8-4541-4df2-b5e9-58dd572f2238', 'subnetpool_id': None}], 'binding:host_id': u'localhost.localdomain', 'description': u'', 'allowed_address_pairs': [], 'tags': [], 'extra_dhcp_opts': [], 'updated_at': '2018-06-28T15:41:40Z', 'device_owner': u'network:router_gateway', 'revision_number': 6, 'port_security_enabled': False, 'binding:profile': {}, 'mtu': 1500, 'fixed_ips': [{'subnet_id': u'b9318fa8-4541-4df2-b5e9-58dd572f2238', 'prefixlen': 24, 'ip_address': u'172.24.4.3'}], 'id': u'c0e8f512-3ffc-4644-97fd-7159997e1133', 'security_groups': [], 'device_id': u'2bebda46-b68d-4347-8175-49b7356ae312', 'name': u'', 'admin_state_up': True, 'network_id': u'c6b5bb99-dcc0-4f71-b6f8-268e791b3287', 'tenant_id': u'', 'binding:vif_details': {u'port_filter': True, u'datapath_type': u'system', u'ovs_hybrid_plug': True}, 'address_scopes': {4: None, 6: None}, 'binding:vnic_type': u'normal', 'binding:vif_type': u'ovs', 'mac_address': u'fa:16:3e:34:db:03', 'project_id': u'', 'extra_subnets': [], 'created_at': '2018-06-28T15:41:32Z'}, 'updated_at': '2018-06-28T15:41:33Z', 'revision_number': 4, 'ha': False, 'id': u'2bebda46-b68d-4347-8175-49b7356ae312', 'gw_port_host': u'localhost.localdomain', 'external_gateway_info': {'network_id': u'c6b5bb99-dcc0-4f71-b6f8-268e791b3287', 'enable_snat': True, 'external_fixed_ips': [{'subnet_id': u'b9318fa8-4541-4df2-b5e9-58dd572f2238', 'ip_address': u'172.24.4.3'}]}, 'availability_zone_hints': [], 'availability_zones': [u'nova'], 'name': u'tempest-router-1530200299', 'gw_port_id': u'c0e8f512-3ffc-4644-97fd-7159997e1133', 'admin_state_up': True, 'tenant_id': u'3882763251954e5ead655745d4ac70b5', 'created_at': '2018-06-28T15:40:58Z', 'distributed': False, 'flavor_id': None, 'routes': [], 'project_id': u'3882763251954e5ead655745d4ac70b5'}], u'localhost.localdomain', False) {} wrapper /usr/lib/python2.7/site-packages/oslo_log/helpers.py:66
2018-06-28 17:45:49.622 3608 DEBUG neutron.api.rpc.handlers.l3_rpc [req-d65d5c2e-5b63-4523-8abd-bbc8b2a2c68e - - - - -] Checking router: 2bebda46-b68d-4347-8175-49b7356ae312 for host: localhost.localdomain _ensure_host_set_on_ports /usr/lib/python2.7/site-packages/neutron/api/rpc/handlers/l3_rpc.py:135
2018-06-28 17:45:49.649 3602 INFO neutron.wsgi [req-3724a802-7170-4b6a-85d2-b3238e1895ea 5890a01f91614c928c650e60460b0cc2 e80c8f8d9a994fdcb38348700180bb81 - default default] 10.0.20.24 "GET /v2.0/floatingips?fixed_ip_address=11.230.1.6&port_id=98f3ce5e-8d10-4a97-8ec0-e9c5511597e9 HTTP/1.1" status: 200  len: 217 time: 0.0562842
2018-06-28 17:45:49.852 3603 DEBUG neutron.api.rpc.handlers.l3_rpc [req-196255bd-42b4-4c2d-8e23-67abdfbe332a - - - - -] New status for floating IP a549b336-5ea0-4cbc-a823-903a283a6c85: DOWN update_floatingip_statuses /usr/lib/python2.7/site-packages/neutron/api/rpc/handlers/l3_rpc.py:252
2018-06-28 17:45:49.945 3599 DEBUG novaclient.v2.client [-] REQ: curl -g -i -X POST http://10.0.20.24:8774/v2.1/e80c8f8d9a994fdcb38348700180bb81/os-server-external-events -H "User-Agent: python-novaclient" -H "Content-Type: application/json" -H "Accept: application/json" -H "X-OpenStack-Nova-API-Version: 2.1" -H "X-Auth-Token: {SHA1}a86131d36061f34259faa7172d03450fe21c1de9" -d '{"events": [{"tag": "98f3ce5e-8d10-4a97-8ec0-e9c5511597e9", "name": "network-changed", "server_uuid": "1158eba0-80b5-4786-a4dc-15259191882e"}]}' _http_log_request /usr/lib/python2.7/site-packages/keystoneauth1/session.py:375
2018-06-28 17:45:50.167 3602 DEBUG neutron.pecan_wsgi.hooks.policy_enforcement [req-aff32894-401c-416c-ae62-6c76e31a0858 5890a01f91614c928c650e60460b0cc2 e80c8f8d9a994fdcb38348700180bb81 - default default] Attributes excluded by policy engine: [u'shared'] _exclude_attributes_by_policy /usr/lib/python2.7/site-packages/neutron/pecan_wsgi/hooks/policy_enforcement.py:256
