2018-06-30 06:24:52.591 14949 DEBUG neutron.api.rpc.callbacks.version_manager [req-90a5acab-4228-44c3-8274-71d084c88959 - - - - -] Version for resource type SecurityGroupRule changed None to 1.0 on consumer Open vSwitch agent@localhost.localdomain _set_version /usr/lib/python2.7/site-packages/neutron/api/rpc/callbacks/version_manager.py:119
2018-06-30 06:24:52.591 14949 DEBUG neutron.api.rpc.callbacks.version_manager [req-90a5acab-4228-44c3-8274-71d084c88959 - - - - -] Version for resource type Trunk changed None to 1.1 on consumer Open vSwitch agent@localhost.localdomain _set_version /usr/lib/python2.7/site-packages/neutron/api/rpc/callbacks/version_manager.py:119
2018-06-30 06:24:52.592 14949 DEBUG neutron.api.rpc.callbacks.version_manager [req-90a5acab-4228-44c3-8274-71d084c88959 - - - - -] Version for resource type QosPolicy changed None to 1.6 on consumer Open vSwitch agent@localhost.localdomain _set_version /usr/lib/python2.7/site-packages/neutron/api/rpc/callbacks/version_manager.py:119
2018-06-30 06:24:52.592 14949 DEBUG neutron.api.rpc.callbacks.version_manager [req-90a5acab-4228-44c3-8274-71d084c88959 - - - - -] Version for resource type Port changed None to 1.1 on consumer Open vSwitch agent@localhost.localdomain _set_version /usr/lib/python2.7/site-packages/neutron/api/rpc/callbacks/version_manager.py:119
2018-06-30 06:24:52.593 14949 DEBUG neutron.api.rpc.callbacks.version_manager [req-90a5acab-4228-44c3-8274-71d084c88959 - - - - -] Version for resource type Log changed None to 1.0 on consumer Open vSwitch agent@localhost.localdomain _set_version /usr/lib/python2.7/site-packages/neutron/api/rpc/callbacks/version_manager.py:119
2018-06-30 06:24:52.596 14949 DEBUG neutron.api.rpc.callbacks.version_manager [req-90a5acab-4228-44c3-8274-71d084c88959 - - - - -] Tracked resource versions report:
pushed versions:
{   'Log': set(['1.0']),
    'Network': set(['1.0']),
    'Port': set(['1.1']),
    'QosPolicy': set(['1.6']),
    'SecurityGroup': set(['1.0']),
    'SecurityGroupRule': set(['1.0']),
    'SubPort': set(['1.0']),
    'Subnet': set(['1.0']),
    'Trunk': set(['1.1'])}

consumer versions:
{   DHCP agent@localhost.localdomain: {   },
    L3 agent@localhost.localdomain: {   },
    Metadata agent@localhost.localdomain: {   },
    Metering agent@localhost.localdomain: {   },
    Open vSwitch agent@localhost.localdomain: {   u'Log': u'1.0',
                                                  u'Network': u'1.0',
                                                  u'Port': u'1.1',
                                                  u'QosPolicy': u'1.6',
                                                  u'SecurityGroup': u'1.0',
                                                  u'SecurityGroupRule': u'1.0',
                                                  u'SubPort': u'1.0',
                                                  u'Subnet': u'1.0',
                                                  u'Trunk': u'1.1'}}
 report /usr/lib/python2.7/site-packages/neutron/api/rpc/callbacks/version_manager.py:178
2018-06-30 06:24:52.916 14949 DEBUG oslo_concurrency.lockutils [req-90a5acab-4228-44c3-8274-71d084c88959 - - - - -] Lock "event-dispatch" released by "neutron.plugins.ml2.ovo_rpc.dispatch_events" :: held 0.487s inner /usr/lib/python2.7/site-packages/oslo_concurrency/lockutils.py:282
2018-06-30 06:24:54.010 14944 DEBUG neutron.plugins.ml2.rpc [req-90a5acab-4228-44c3-8274-71d084c88959 - - - - -] Device 19e18366-0724-4766-bb90-d7960af18601 up at agent ovs-agent-localhost.localdomain update_device_up /usr/lib/python2.7/site-packages/neutron/plugins/ml2/rpc.py:244
2018-06-30 06:24:54.182 14944 DEBUG neutron.db.provisioning_blocks [req-90a5acab-4228-44c3-8274-71d084c88959 - - - - -] Provisioning complete for port 19e18366-0724-4766-bb90-d7960af18601 triggered by entity L2. provisioning_complete /usr/lib/python2.7/site-packages/neutron/db/provisioning_blocks.py:138
2018-06-30 06:24:54.183 14944 DEBUG neutron_lib.callbacks.manager [req-90a5acab-4228-44c3-8274-71d084c88959 - - - - -] Notify callbacks ['neutron.plugins.ml2.plugin.Ml2Plugin._port_provisioned-1558478'] for port, provisioning_complete _notify_loop /usr/lib/python2.7/site-packages/neutron_lib/callbacks/manager.py:167
2018-06-30 06:24:57.760 14944 DEBUG neutron_lib.callbacks.manager [req-90a5acab-4228-44c3-8274-71d084c88959 - - - - -] Notify callbacks ['neutron.services.segments.db._update_segment_host_mapping_for_agent-8773073037648'] for agent, after_update _notify_loop /usr/lib/python2.7/site-packages/neutron_lib/callbacks/manager.py:167
2018-06-30 06:24:58.081 14939 DEBUG neutron.wsgi [-] (14939) accepted ('10.0.20.26', 45306) server /usr/lib/python2.7/site-packages/eventlet/wsgi.py:883
2018-06-30 06:24:58.084 14939 INFO neutron.wsgi [-] 10.0.20.26 "GET / HTTP/1.1" status: 200  len: 252 time: 0.0016041
2018-06-30 06:24:58.688 14939 INFO neutron.pecan_wsgi.hooks.translation [req-08ec90f4-1c2f-4969-9989-a777d8d07c86 85f298c27b5549858ba8b3c5fdebffb2 a631aa5a777d409ea437d534df6679e4 - c5642bd34d1a4de097a7a5a83d6b4e9b c5642bd34d1a4de097a7a5a83d6b4e9b] GET failed (client error): The resource could not be found.
2018-06-30 06:24:58.691 14939 INFO neutron.wsgi [req-08ec90f4-1c2f-4969-9989-a777d8d07c86 85f298c27b5549858ba8b3c5fdebffb2 a631aa5a777d409ea437d534df6679e4 - c5642bd34d1a4de097a7a5a83d6b4e9b c5642bd34d1a4de097a7a5a83d6b4e9b] 10.0.20.26 "GET /v2.0/networks/tempest-private-1530332488 HTTP/1.1" status: 404  len: 334 time: 0.5990670
2018-06-30 06:24:59.039 14939 DEBUG neutron.pecan_wsgi.hooks.policy_enforcement [req-ea6e725b-65a9-4b4e-a76c-5ac88d71d95d 85f298c27b5549858ba8b3c5fdebffb2 a631aa5a777d409ea437d534df6679e4 - c5642bd34d1a4de097a7a5a83d6b4e9b c5642bd34d1a4de097a7a5a83d6b4e9b] Attributes excluded by policy engine: [u'vlan_transparent'] _exclude_attributes_by_policy /usr/lib/python2.7/site-packages/neutron/pecan_wsgi/hooks/policy_enforcement.py:256
2018-06-30 06:24:59.041 14939 DEBUG neutron.pecan_wsgi.hooks.policy_enforcement [req-ea6e725b-65a9-4b4e-a76c-5ac88d71d95d 85f298c27b5549858ba8b3c5fdebffb2 a631aa5a777d409ea437d534df6679e4 - c5642bd34d1a4de097a7a5a83d6b4e9b c5642bd34d1a4de097a7a5a83d6b4e9b] Attributes excluded by policy engine: [u'vlan_transparent'] _exclude_attributes_by_policy /usr/lib/python2.7/site-packages/neutron/pecan_wsgi/hooks/policy_enforcement.py:256
2018-06-30 06:24:59.041 14939 DEBUG neutron.pecan_wsgi.hooks.policy_enforcement [req-ea6e725b-65a9-4b4e-a76c-5ac88d71d95d 85f298c27b5549858ba8b3c5fdebffb2 a631aa5a777d409ea437d534df6679e4 - c5642bd34d1a4de097a7a5a83d6b4e9b c5642bd34d1a4de097a7a5a83d6b4e9b] Attributes excluded by policy engine: [u'vlan_transparent'] _exclude_attributes_by_policy /usr/lib/python2.7/site-packages/neutron/pecan_wsgi/hooks/policy_enforcement.py:256
2018-06-30 06:24:59.045 14939 INFO neutron.wsgi [req-ea6e725b-65a9-4b4e-a76c-5ac88d71d95d 85f298c27b5549858ba8b3c5fdebffb2 a631aa5a777d409ea437d534df6679e4 - c5642bd34d1a4de097a7a5a83d6b4e9b c5642bd34d1a4de097a7a5a83d6b4e9b] 10.0.20.26 "GET /v2.0/networks HTTP/1.1" status: 200  len: 2214 time: 0.3438561
2018-06-30 06:24:59.106 14939 INFO neutron.api.v2.resource [req-e4c46877-36e0-4908-8d75-517b822d31c6 85f298c27b5549858ba8b3c5fdebffb2 a631aa5a777d409ea437d534df6679e4 - c5642bd34d1a4de097a7a5a83d6b4e9b c5642bd34d1a4de097a7a5a83d6b4e9b] show failed (client error): The resource could not be found.
2018-06-30 06:24:59.108 14939 INFO neutron.wsgi [req-e4c46877-36e0-4908-8d75-517b822d31c6 85f298c27b5549858ba8b3c5fdebffb2 a631aa5a777d409ea437d534df6679e4 - c5642bd34d1a4de097a7a5a83d6b4e9b c5642bd34d1a4de097a7a5a83d6b4e9b] 10.0.20.26 "GET /v2.0/security-groups/tempest-SECURITY_GROUP_SAMPLE-1530332488 HTTP/1.1" status: 404  len: 360 time: 0.0410159
2018-06-30 06:24:59.366 14939 INFO neutron.wsgi [req-ec3b4393-4c9d-41d7-8cab-a4e683561e2b 85f298c27b5549858ba8b3c5fdebffb2 a631aa5a777d409ea437d534df6679e4 - c5642bd34d1a4de097a7a5a83d6b4e9b c5642bd34d1a4de097a7a5a83d6b4e9b] 10.0.20.26 "GET /v2.0/security-groups HTTP/1.1" status: 200  len: 18753 time: 0.2451448
2018-06-30 06:25:01.273 14939 DEBUG neutron.wsgi [-] (14939) accepted ('10.0.20.26', 45330) server /usr/lib/python2.7/site-packages/eventlet/wsgi.py:883
2018-06-30 06:25:02.012 14939 WARNING keystonemiddleware.auth_token [-] A valid token was submitted as a service token, but it was not a valid service token. This is incorrect but backwards compatible behaviour. This will be removed in future releases.
2018-06-30 06:25:02.696 14939 INFO neutron.wsgi [req-2da27de5-1f46-4f1d-82f6-8fa2b168d0bc 85f298c27b5549858ba8b3c5fdebffb2 a631aa5a777d409ea437d534df6679e4 - c5642bd34d1a4de097a7a5a83d6b4e9b c5642bd34d1a4de097a7a5a83d6b4e9b] 10.0.20.26 "GET /v2.0/security-groups?fields=id&id=d3fb0fca-9ade-4cd3-af25-850367cdb7cf HTTP/1.1" status: 200  len: 267 time: 1.4144759
2018-06-30 06:25:02.839 14939 INFO neutron.wsgi [req-a4d49875-7046-4145-94cc-2556d0541989 85f298c27b5549858ba8b3c5fdebffb2 a631aa5a777d409ea437d534df6679e4 - c5642bd34d1a4de097a7a5a83d6b4e9b c5642bd34d1a4de097a7a5a83d6b4e9b] 10.0.20.26 "GET /v2.0/security-groups/d3fb0fca-9ade-4cd3-af25-850367cdb7cf HTTP/1.1" status: 200  len: 2115 time: 0.1315820
2018-06-30 06:25:03.218 14939 DEBUG neutron.pecan_wsgi.hooks.policy_enforcement [req-d0db19c1-a838-4cca-a473-a9eba62cfc39 85f298c27b5549858ba8b3c5fdebffb2 a631aa5a777d409ea437d534df6679e4 - c5642bd34d1a4de097a7a5a83d6b4e9b c5642bd34d1a4de097a7a5a83d6b4e9b] Attributes excluded by policy engine: [u'vlan_transparent'] _exclude_attributes_by_policy /usr/lib/python2.7/site-packages/neutron/pecan_wsgi/hooks/policy_enforcement.py:256
2018-06-30 06:25:03.221 14939 INFO neutron.wsgi [req-d0db19c1-a838-4cca-a473-a9eba62cfc39 85f298c27b5549858ba8b3c5fdebffb2 a631aa5a777d409ea437d534df6679e4 - c5642bd34d1a4de097a7a5a83d6b4e9b c5642bd34d1a4de097a7a5a83d6b4e9b] 10.0.20.26 "GET /v2.0/networks?id=afe2385f-071d-486d-9fa8-55e44564cbc8 HTTP/1.1" status: 200  len: 885 time: 0.3700690
2018-06-30 06:25:03.302 14939 INFO neutron.wsgi [req-27f19369-bd9a-4ddd-9241-c282e4fcab12 85f298c27b5549858ba8b3c5fdebffb2 a631aa5a777d409ea437d534df6679e4 - c5642bd34d1a4de097a7a5a83d6b4e9b c5642bd34d1a4de097a7a5a83d6b4e9b] 10.0.20.26 "GET /v2.0/quotas/a631aa5a777d409ea437d534df6679e4 HTTP/1.1" status: 200  len: 373 time: 0.0661690
2018-06-30 06:25:03.556 14939 INFO neutron.wsgi [req-c9f6e2dd-dac9-4524-8f16-603663f7929c 85f298c27b5549858ba8b3c5fdebffb2 a631aa5a777d409ea437d534df6679e4 - c5642bd34d1a4de097a7a5a83d6b4e9b c5642bd34d1a4de097a7a5a83d6b4e9b] 10.0.20.26 "GET /v2.0/ports?fields=id&tenant_id=a631aa5a777d409ea437d534df6679e4 HTTP/1.1" status: 200  len: 302 time: 0.2458110
2018-06-30 06:25:05.498 14939 INFO neutron.wsgi [req-928b7fc4-54b3-4653-b13c-e773cf955827 85f298c27b5549858ba8b3c5fdebffb2 a631aa5a777d409ea437d534df6679e4 - c5642bd34d1a4de097a7a5a83d6b4e9b c5642bd34d1a4de097a7a5a83d6b4e9b] 10.0.20.26 "GET /v2.0/ports?device_id=4e1c0a04-e2c5-4a02-ba56-8b2a93bbe8eb HTTP/1.1" status: 200  len: 210 time: 0.0898280
2018-06-30 06:25:06.697 14942 DEBUG neutron_lib.callbacks.manager [req-63209b8b-0b73-4af3-8da7-e1f692ef3a3e - - - - -] Notify callbacks ['neutron.services.segments.db._update_segment_host_mapping_for_agent-8773073037648'] for agent, after_update _notify_loop /usr/lib/python2.7/site-packages/neutron_lib/callbacks/manager.py:167
2018-06-30 06:25:06.768 14953 DEBUG neutron_lib.callbacks.manager [req-c03da607-aae0-4ba1-a6c3-e8f7d33353b7 - - - - -] Notify callbacks ['neutron.services.segments.db._update_segment_host_mapping_for_agent-8773073037648'] for agent, after_update _notify_loop /usr/lib/python2.7/site-packages/neutron_lib/callbacks/manager.py:167
2018-06-30 06:25:09.108 14946 DEBUG neutron_lib.callbacks.manager [req-767f7c2d-c2ac-4c33-8282-4eb195cc40de - - - - -] Notify callbacks ['neutron.services.segments.db._update_segment_host_mapping_for_agent-8773073037648'] for agent, after_update _notify_loop /usr/lib/python2.7/site-packages/neutron_lib/callbacks/manager.py:167
2018-06-30 06:25:10.310 14943 DEBUG neutron_lib.callbacks.manager [req-249eff29-d1a2-4556-a64c-34b4df452922 - - - - -] Notify callbacks ['neutron.services.segments.db._update_segment_host_mapping_for_agent-8773073037648'] for agent, after_update _notify_loop /usr/lib/python2.7/site-packages/neutron_lib/callbacks/manager.py:167
2018-06-30 06:25:12.105 14937 DEBUG neutron.wsgi [-] (14937) accepted ('10.0.20.26', 45394) server /usr/lib/python2.7/site-packages/eventlet/wsgi.py:883
2018-06-30 06:25:12.601 14937 WARNING keystonemiddleware.auth_token [-] A valid token was submitted as a service token, but it was not a valid service token. This is incorrect but backwards compatible behaviour. This will be removed in future releases.
2018-06-30 06:25:13.178 14937 INFO neutron.wsgi [req-3df114c4-873e-47c3-a76d-a66b269ba605 85f298c27b5549858ba8b3c5fdebffb2 a631aa5a777d409ea437d534df6679e4 - c5642bd34d1a4de097a7a5a83d6b4e9b c5642bd34d1a4de097a7a5a83d6b4e9b] 10.0.20.26 "GET /v2.0/ports?device_id=4e1c0a04-e2c5-4a02-ba56-8b2a93bbe8eb HTTP/1.1" status: 200  len: 210 time: 1.0711682
2018-06-30 06:25:14.156 14955 DEBUG neutron.db.agents_db [req-c70eee07-5dd4-444d-a130-7d8e62693eea - - - - -] Agent healthcheck: found 5 active agents agent_health_check /usr/lib/python2.7/site-packages/neutron/db/agents_db.py:281
2018-06-30 06:25:24.064 14939 DEBUG neutron.wsgi [-] (14939) accepted ('10.0.20.26', 46448) server /usr/lib/python2.7/site-packages/eventlet/wsgi.py:883
2018-06-30 06:25:25.410 14939 INFO neutron.wsgi [req-6d4807bf-35fe-4d98-8da8-705e4ad1e9c7 85f298c27b5549858ba8b3c5fdebffb2 a631aa5a777d409ea437d534df6679e4 - c5642bd34d1a4de097a7a5a83d6b4e9b c5642bd34d1a4de097a7a5a83d6b4e9b] 10.0.20.26 "GET /v2.0/ports?device_id=4e1c0a04-e2c5-4a02-ba56-8b2a93bbe8eb HTTP/1.1" status: 200  len: 210 time: 1.3438611
2018-06-30 06:25:27.739 14945 DEBUG neutron_lib.callbacks.manager [req-90a5acab-4228-44c3-8274-71d084c88959 - - - - -] Notify callbacks ['neutron.services.segments.db._update_segment_host_mapping_for_agent-8773073037648'] for agent, after_update _notify_loop /usr/lib/python2.7/site-packages/neutron_lib/callbacks/manager.py:167
2018-06-30 06:25:36.720 14948 DEBUG neutron_lib.callbacks.manager [req-864d90b5-3827-493e-b036-e7777bc94d28 - - - - -] Notify callbacks ['neutron.services.segments.db._update_segment_host_mapping_for_agent-8773073037648'] for agent, after_update _notify_loop /usr/lib/python2.7/site-packages/neutron_lib/callbacks/manager.py:167
2018-06-30 06:25:36.799 14950 DEBUG neutron_lib.callbacks.manager [req-c03da607-aae0-4ba1-a6c3-e8f7d33353b7 - - - - -] Notify callbacks ['neutron.services.segments.db._update_segment_host_mapping_for_agent-8773073037648'] for agent, after_update _notify_loop /usr/lib/python2.7/site-packages/neutron_lib/callbacks/manager.py:167
2018-06-30 06:25:38.981 14939 INFO neutron.wsgi [req-851a061e-ea12-45fd-b9dd-f1d046ff8898 85f298c27b5549858ba8b3c5fdebffb2 a631aa5a777d409ea437d534df6679e4 - c5642bd34d1a4de097a7a5a83d6b4e9b c5642bd34d1a4de097a7a5a83d6b4e9b] 10.0.20.26 "GET /v2.0/ports?device_id=4e1c0a04-e2c5-4a02-ba56-8b2a93bbe8eb HTTP/1.1" status: 200  len: 210 time: 0.6360638
2018-06-30 06:25:39.086 14949 DEBUG neutron_lib.callbacks.manager [req-20062706-bbfe-423f-a7fc-afdd8a39e9ca - - - - -] Notify callbacks ['neutron.services.segments.db._update_segment_host_mapping_for_agent-8773073037648'] for agent, after_update _notify_loop /usr/lib/python2.7/site-packages/neutron_lib/callbacks/manager.py:167
2018-06-30 06:25:40.320 14944 DEBUG neutron_lib.callbacks.manager [req-249eff29-d1a2-4556-a64c-34b4df452922 - - - - -] Notify callbacks ['neutron.services.segments.db._update_segment_host_mapping_for_agent-8773073037648'] for agent, after_update _notify_loop /usr/lib/python2.7/site-packages/neutron_lib/callbacks/manager.py:167
2018-06-30 06:25:51.161 14955 DEBUG neutron.db.agents_db [req-c70eee07-5dd4-444d-a130-7d8e62693eea - - - - -] Agent healthcheck: found 5 active agents agent_health_check /usr/lib/python2.7/site-packages/neutron/db/agents_db.py:281
2018-06-30 06:25:55.407 14939 INFO neutron.wsgi [req-23fc4e60-0eb1-4170-8439-363437899030 85f298c27b5549858ba8b3c5fdebffb2 a631aa5a777d409ea437d534df6679e4 - c5642bd34d1a4de097a7a5a83d6b4e9b c5642bd34d1a4de097a7a5a83d6b4e9b] 10.0.20.26 "GET /v2.0/ports?device_id=4e1c0a04-e2c5-4a02-ba56-8b2a93bbe8eb HTTP/1.1" status: 200  len: 210 time: 0.6229551
2018-06-30 06:25:57.766 14942 DEBUG neutron_lib.callbacks.manager [req-90a5acab-4228-44c3-8274-71d084c88959 - - - - -] Notify callbacks ['neutron.services.segments.db._update_segment_host_mapping_for_agent-8773073037648'] for agent, after_update _notify_loop /usr/lib/python2.7/site-packages/neutron_lib/callbacks/manager.py:167
2018-06-30 06:26:06.695 14953 DEBUG neutron_lib.callbacks.manager [req-d2943135-bac5-43e7-967d-50e413ec8f55 - - - - -] Notify callbacks ['neutron.services.segments.db._update_segment_host_mapping_for_agent-8773073037648'] for agent, after_update _notify_loop /usr/lib/python2.7/site-packages/neutron_lib/callbacks/manager.py:167
2018-06-30 06:26:06.773 14946 DEBUG neutron_lib.callbacks.manager [req-c03da607-aae0-4ba1-a6c3-e8f7d33353b7 - - - - -] Notify callbacks ['neutron.services.segments.db._update_segment_host_mapping_for_agent-8773073037648'] for agent, after_update _notify_loop /usr/lib/python2.7/site-packages/neutron_lib/callbacks/manager.py:167
2018-06-30 06:26:09.090 14943 DEBUG neutron_lib.callbacks.manager [req-0add0fdd-7caa-4b5e-a871-9dc692c4cf6e - - - - -] Notify callbacks ['neutron.services.segments.db._update_segment_host_mapping_for_agent-8773073037648'] for agent, after_update _notify_loop /usr/lib/python2.7/site-packages/neutron_lib/callbacks/manager.py:167
2018-06-30 06:26:10.302 14945 DEBUG neutron_lib.callbacks.manager [req-249eff29-d1a2-4556-a64c-34b4df452922 - - - - -] Notify callbacks ['neutron.services.segments.db._update_segment_host_mapping_for_agent-8773073037648'] for agent, after_update _notify_loop /usr/lib/python2.7/site-packages/neutron_lib/callbacks/manager.py:167
2018-06-30 06:26:12.479 14939 INFO neutron.wsgi [req-180d9b51-9a95-4e50-939e-c0553bcc7899 85f298c27b5549858ba8b3c5fdebffb2 a631aa5a777d409ea437d534df6679e4 - c5642bd34d1a4de097a7a5a83d6b4e9b c5642bd34d1a4de097a7a5a83d6b4e9b] 10.0.20.26 "GET /v2.0/ports?device_id=4e1c0a04-e2c5-4a02-ba56-8b2a93bbe8eb HTTP/1.1" status: 200  len: 210 time: 0.4837341
2018-06-30 06:26:27.755 14948 DEBUG neutron_lib.callbacks.manager [req-90a5acab-4228-44c3-8274-71d084c88959 - - - - -] Notify callbacks ['neutron.services.segments.db._update_segment_host_mapping_for_agent-8773073037648'] for agent, after_update _notify_loop /usr/lib/python2.7/site-packages/neutron_lib/callbacks/manager.py:167
2018-06-30 06:26:28.158 14955 DEBUG neutron.db.agents_db [req-c70eee07-5dd4-444d-a130-7d8e62693eea - - - - -] Agent healthcheck: found 5 active agents agent_health_check /usr/lib/python2.7/site-packages/neutron/db/agents_db.py:281
2018-06-30 06:26:32.725 14937 DEBUG neutron.wsgi [-] (14937) accepted ('10.0.20.26', 47626) server /usr/lib/python2.7/site-packages/eventlet/wsgi.py:883
2018-06-30 06:26:32.731 14937 INFO neutron.wsgi [-] 10.0.20.26 "GET / HTTP/1.1" status: 200  len: 252 time: 0.0030010
2018-06-30 06:26:33.428 14937 INFO neutron.wsgi [req-93ab2353-d920-4a5c-90f9-986c98ebbd50 34449420d71643ff9c143c132ecdb7b4 0d772b180b3c41e2ae2eba61c236b149 - default default] 10.0.20.26 "GET /v2.0/ports?device_id=4e1c0a04-e2c5-4a02-ba56-8b2a93bbe8eb HTTP/1.1" status: 200  len: 210 time: 0.6690102
2018-06-30 06:26:33.436 14937 INFO neutron.pecan_wsgi.hooks.translation [req-f4b9996e-96cd-4013-9ad0-0c4423754bca 95cf4ee261b740498c206cbae584ebbe 046e8009a8b544bfbe9ff50b26903464 - default default] GET failed (client error): The resource could not be found.
2018-06-30 06:26:33.439 14937 INFO neutron.wsgi [req-f4b9996e-96cd-4013-9ad0-0c4423754bca 95cf4ee261b740498c206cbae584ebbe 046e8009a8b544bfbe9ff50b26903464 - default default] 10.0.20.26 "GET /v2.0/networks/public HTTP/1.1" status: 404  len: 314 time: 0.7015259
2018-06-30 06:26:33.751 14937 DEBUG neutron.pecan_wsgi.hooks.policy_enforcement [req-61dcec28-b96f-41d6-8cd2-58aaf549ce72 95cf4ee261b740498c206cbae584ebbe 046e8009a8b544bfbe9ff50b26903464 - default default] Attributes excluded by policy engine: [u'vlan_transparent'] _exclude_attributes_by_policy /usr/lib/python2.7/site-packages/neutron/pecan_wsgi/hooks/policy_enforcement.py:256
2018-06-30 06:26:33.753 14937 DEBUG neutron.pecan_wsgi.hooks.policy_enforcement [req-61dcec28-b96f-41d6-8cd2-58aaf549ce72 95cf4ee261b740498c206cbae584ebbe 046e8009a8b544bfbe9ff50b26903464 - default default] Attributes excluded by policy engine: [u'vlan_transparent'] _exclude_attributes_by_policy /usr/lib/python2.7/site-packages/neutron/pecan_wsgi/hooks/policy_enforcement.py:256
2018-06-30 06:26:33.755 14937 DEBUG neutron.pecan_wsgi.hooks.policy_enforcement [req-61dcec28-b96f-41d6-8cd2-58aaf549ce72 95cf4ee261b740498c206cbae584ebbe 046e8009a8b544bfbe9ff50b26903464 - default default] Attributes excluded by policy engine: [u'vlan_transparent'] _exclude_attributes_by_policy /usr/lib/python2.7/site-packages/neutron/pecan_wsgi/hooks/policy_enforcement.py:256
2018-06-30 06:26:33.760 14937 INFO neutron.wsgi [req-61dcec28-b96f-41d6-8cd2-58aaf549ce72 95cf4ee261b740498c206cbae584ebbe 046e8009a8b544bfbe9ff50b26903464 - default default] 10.0.20.26 "GET /v2.0/networks HTTP/1.1" status: 200  len: 2214 time: 0.3100529
2018-06-30 06:26:34.387 14937 DEBUG neutron.api.v2.base [req-8a0439fd-7fc9-455c-983d-0fef009b4dd0 95cf4ee261b740498c206cbae584ebbe 046e8009a8b544bfbe9ff50b26903464 - default default] Request body: {u'floatingip': {u'floating_network_id': u'8fa9a212-be1e-480a-988d-8a3f899b6e3c', u'tenant_id': u'a631aa5a777d409ea437d534df6679e4'}} prepare_request_body /usr/lib/python2.7/site-packages/neutron/api/v2/base.py:695
2018-06-30 06:26:34.390 14937 INFO neutron.quota [req-8a0439fd-7fc9-455c-983d-0fef009b4dd0 95cf4ee261b740498c206cbae584ebbe 046e8009a8b544bfbe9ff50b26903464 - default default] Loaded quota_driver: <neutron.db.quota.driver.DbQuotaDriver object at 0x7faa3d213690>.
2018-06-30 06:26:34.403 14937 DEBUG neutron.db.quota.driver [req-8a0439fd-7fc9-455c-983d-0fef009b4dd0 95cf4ee261b740498c206cbae584ebbe 046e8009a8b544bfbe9ff50b26903464 - default default] Resources subnetpool have unlimited quota limit. It is not required to calculate headroom  make_reservation /usr/lib/python2.7/site-packages/neutron/db/quota/driver.py:223
2018-06-30 06:26:34.413 14937 DEBUG neutron.quota.resource [req-8a0439fd-7fc9-455c-983d-0fef009b4dd0 95cf4ee261b740498c206cbae584ebbe 046e8009a8b544bfbe9ff50b26903464 - default default] Usage tracker for resource:floatingip and tenant:a631aa5a777d409ea437d534df6679e4 is out of sync, need to count used quota count_used /usr/lib/python2.7/site-packages/neutron/quota/resource.py:274
2018-06-30 06:26:34.432 14937 DEBUG neutron.quota.resource [req-8a0439fd-7fc9-455c-983d-0fef009b4dd0 95cf4ee261b740498c206cbae584ebbe 046e8009a8b544bfbe9ff50b26903464 - default default] Quota usage for floatingip was recalculated. Used quota:0. count_used /usr/lib/python2.7/site-packages/neutron/quota/resource.py:293
2018-06-30 06:26:34.448 14937 DEBUG neutron.db.quota.driver [req-8a0439fd-7fc9-455c-983d-0fef009b4dd0 95cf4ee261b740498c206cbae584ebbe 046e8009a8b544bfbe9ff50b26903464 - default default] Attempting to reserve 1 items for resource floatingip. Total usage: 0; quota limit: 50; headroom:50 make_reservation /usr/lib/python2.7/site-packages/neutron/db/quota/driver.py:255
2018-06-30 06:26:34.793 14937 DEBUG neutron_lib.callbacks.manager [req-8a0439fd-7fc9-455c-983d-0fef009b4dd0 95cf4ee261b740498c206cbae584ebbe 046e8009a8b544bfbe9ff50b26903464 - default default] Notify callbacks ['neutron.plugins.ml2.plugin.Ml2Plugin._ensure_default_security_group_handler--9223372036853018486'] for port, before_create _notify_loop /usr/lib/python2.7/site-packages/neutron_lib/callbacks/manager.py:167
2018-06-30 06:26:35.454 14936 DEBUG neutron.wsgi [-] (14936) accepted ('10.0.20.26', 47638) server /usr/lib/python2.7/site-packages/eventlet/wsgi.py:883
2018-06-30 06:26:35.466 14936 WARNING keystonemiddleware.auth_token [-] Using the in-process token cache is deprecated as of the 4.2.0 release and may be removed in the 5.0.0 release or the 'O' development cycle. The in-process cache causes inconsistent results and high memory usage. When the feature is removed the auth_token middleware will not cache tokens by default which may result in performance issues. It is recommended to use  memcache for the auth_token token cache by setting the memcached_servers option.
2018-06-30 06:26:35.768 14937 DEBUG neutron.db.db_base_plugin_common [req-8a0439fd-7fc9-455c-983d-0fef009b4dd0 95cf4ee261b740498c206cbae584ebbe 046e8009a8b544bfbe9ff50b26903464 - default default] Allocated IP 172.24.4.3 (8fa9a212-be1e-480a-988d-8a3f899b6e3c/606cc7a3-2eae-4ba0-be88-1f3c9fd67e5e/5ae2f483-7e98-4c90-8a16-afbd7548e412) _store_ip_allocation /usr/lib/python2.7/site-packages/neutron/db/db_base_plugin_common.py:122
2018-06-30 06:26:36.167 14937 DEBUG neutron_lib.callbacks.manager [req-8a0439fd-7fc9-455c-983d-0fef009b4dd0 95cf4ee261b740498c206cbae584ebbe 046e8009a8b544bfbe9ff50b26903464 - default default] Notify callbacks [] for port, precommit_create _notify_loop /usr/lib/python2.7/site-packages/neutron_lib/callbacks/manager.py:167
2018-06-30 06:26:36.283 14937 DEBUG neutron_lib.callbacks.manager [req-8a0439fd-7fc9-455c-983d-0fef009b4dd0 95cf4ee261b740498c206cbae584ebbe 046e8009a8b544bfbe9ff50b26903464 - default default] Notify callbacks ['neutron.plugins.ml2.plugin.Ml2Plugin.notify_sg_on_port_change-1757439', 'neutron.api.rpc.agentnotifiers.dhcp_rpc_agent_api.DhcpAgentNotifyAPI._native_event_send_dhcp_notification--9223372036854094599', 'neutron.plugins.ml2.ovo_rpc._ObjectChangeHandler.handle_event-774400', 'neutron.db.l3_dvrscheduler_db._notify_l3_agent_new_port--9223363263782099249'] for port, after_create _notify_loop /usr/lib/python2.7/site-packages/neutron_lib/callbacks/manager.py:167
2018-06-30 06:26:36.610 14937 DEBUG neutron.scheduler.dhcp_agent_scheduler [req-8a0439fd-7fc9-455c-983d-0fef009b4dd0 95cf4ee261b740498c206cbae584ebbe 046e8009a8b544bfbe9ff50b26903464 - default default] Network 8fa9a212-be1e-480a-988d-8a3f899b6e3c is already hosted by enough agents. _get_dhcp_agents_hosting_network /usr/lib/python2.7/site-packages/neutron/scheduler/dhcp_agent_scheduler.py:243
2018-06-30 06:26:36.647 14937 DEBUG neutron.db.l3_dvrscheduler_db [req-8a0439fd-7fc9-455c-983d-0fef009b4dd0 95cf4ee261b740498c206cbae584ebbe 046e8009a8b544bfbe9ff50b26903464 - default default] Received port after_create _notify_l3_agent_new_port /usr/lib/python2.7/site-packages/neutron/db/l3_dvrscheduler_db.py:392
2018-06-30 06:26:36.653 14937 DEBUG oslo_concurrency.lockutils [-] Lock "event-dispatch" acquired by "neutron.plugins.ml2.ovo_rpc.dispatch_events" :: waited 0.000s inner /usr/lib/python2.7/site-packages/oslo_concurrency/lockutils.py:270
2018-06-30 06:26:36.725 14950 DEBUG neutron_lib.callbacks.manager [req-a92f191f-82a7-4dbe-b064-5c15e649c1e9 - - - - -] Notify callbacks ['neutron.services.segments.db._update_segment_host_mapping_for_agent-8773073037648'] for agent, after_update _notify_loop /usr/lib/python2.7/site-packages/neutron_lib/callbacks/manager.py:167
2018-06-30 06:26:36.791 14949 DEBUG neutron_lib.callbacks.manager [req-c03da607-aae0-4ba1-a6c3-e8f7d33353b7 - - - - -] Notify callbacks ['neutron.services.segments.db._update_segment_host_mapping_for_agent-8773073037648'] for agent, after_update _notify_loop /usr/lib/python2.7/site-packages/neutron_lib/callbacks/manager.py:167
2018-06-30 06:26:36.874 14937 DEBUG neutron.api.rpc.handlers.resources_rpc [req-8a0439fd-7fc9-455c-983d-0fef009b4dd0 95cf4ee261b740498c206cbae584ebbe 046e8009a8b544bfbe9ff50b26903464 - - -] neutron.api.rpc.handlers.resources_rpc.ResourcesPushRpcApi method push called with arguments (<neutron_lib.context.Context object at 0x7faa3db45dd0>, [Port(admin_state_up=True,allowed_address_pairs=[],binding=PortBinding,binding_levels=[],created_at=2018-06-30T04:26:35Z,data_plane_status=<?>,description='',device_id='PENDING',device_owner='network:floatingip',dhcp_options=[],distributed_binding=None,dns=None,fixed_ips=[IPAllocation],id=5ae2f483-7e98-4c90-8a16-afbd7548e412,mac_address=fa:16:3e:1d:f8:32,name='',network_id=8fa9a212-be1e-480a-988d-8a3f899b6e3c,project_id='',qos_policy_id=None,revision_number=3,security=PortSecurity(5ae2f483-7e98-4c90-8a16-afbd7548e412),security_group_ids=set([]),status='N/A',updated_at=2018-06-30T04:26:36Z)], 'updated') {} wrapper /usr/lib/python2.7/site-packages/oslo_log/helpers.py:66
2018-06-30 06:26:36.911 14937 DEBUG neutron.api.rpc.callbacks.version_manager [req-8a0439fd-7fc9-455c-983d-0fef009b4dd0 95cf4ee261b740498c206cbae584ebbe 046e8009a8b544bfbe9ff50b26903464 - - -] Version for resource type Subnet changed None to 1.0 on consumer Open vSwitch agent@localhost.localdomain _set_version /usr/lib/python2.7/site-packages/neutron/api/rpc/callbacks/version_manager.py:119
2018-06-30 06:26:36.912 14937 DEBUG neutron.api.rpc.callbacks.version_manager [req-8a0439fd-7fc9-455c-983d-0fef009b4dd0 95cf4ee261b740498c206cbae584ebbe 046e8009a8b544bfbe9ff50b26903464 - - -] Version for resource type Network changed None to 1.0 on consumer Open vSwitch agent@localhost.localdomain _set_version /usr/lib/python2.7/site-packages/neutron/api/rpc/callbacks/version_manager.py:119
2018-06-30 06:26:36.913 14937 DEBUG neutron.api.rpc.callbacks.version_manager [req-8a0439fd-7fc9-455c-983d-0fef009b4dd0 95cf4ee261b740498c206cbae584ebbe 046e8009a8b544bfbe9ff50b26903464 - - -] Version for resource type SubPort changed None to 1.0 on consumer Open vSwitch agent@localhost.localdomain _set_version /usr/lib/python2.7/site-packages/neutron/api/rpc/callbacks/version_manager.py:119
2018-06-30 06:26:36.913 14937 DEBUG neutron.api.rpc.callbacks.version_manager [req-8a0439fd-7fc9-455c-983d-0fef009b4dd0 95cf4ee261b740498c206cbae584ebbe 046e8009a8b544bfbe9ff50b26903464 - - -] Version for resource type SecurityGroup changed None to 1.0 on consumer Open vSwitch agent@localhost.localdomain _set_version /usr/lib/python2.7/site-packages/neutron/api/rpc/callbacks/version_manager.py:119
2018-06-30 06:26:36.914 14937 DEBUG neutron.api.rpc.callbacks.version_manager [req-8a0439fd-7fc9-455c-983d-0fef009b4dd0 95cf4ee261b740498c206cbae584ebbe 046e8009a8b544bfbe9ff50b26903464 - - -] Version for resource type SecurityGroupRule changed None to 1.0 on consumer Open vSwitch agent@localhost.localdomain _set_version /usr/lib/python2.7/site-packages/neutron/api/rpc/callbacks/version_manager.py:119
2018-06-30 06:26:36.914 14937 DEBUG neutron.api.rpc.callbacks.version_manager [req-8a0439fd-7fc9-455c-983d-0fef009b4dd0 95cf4ee261b740498c206cbae584ebbe 046e8009a8b544bfbe9ff50b26903464 - - -] Version for resource type Trunk changed None to 1.1 on consumer Open vSwitch agent@localhost.localdomain _set_version /usr/lib/python2.7/site-packages/neutron/api/rpc/callbacks/version_manager.py:119
2018-06-30 06:26:36.915 14937 DEBUG neutron.api.rpc.callbacks.version_manager [req-8a0439fd-7fc9-455c-983d-0fef009b4dd0 95cf4ee261b740498c206cbae584ebbe 046e8009a8b544bfbe9ff50b26903464 - - -] Version for resource type QosPolicy changed None to 1.6 on consumer Open vSwitch agent@localhost.localdomain _set_version /usr/lib/python2.7/site-packages/neutron/api/rpc/callbacks/version_manager.py:119
2018-06-30 06:26:36.916 14937 DEBUG neutron.api.rpc.callbacks.version_manager [req-8a0439fd-7fc9-455c-983d-0fef009b4dd0 95cf4ee261b740498c206cbae584ebbe 046e8009a8b544bfbe9ff50b26903464 - - -] Version for resource type Port changed None to 1.1 on consumer Open vSwitch agent@localhost.localdomain _set_version /usr/lib/python2.7/site-packages/neutron/api/rpc/callbacks/version_manager.py:119
2018-06-30 06:26:36.917 14937 DEBUG neutron.api.rpc.callbacks.version_manager [req-8a0439fd-7fc9-455c-983d-0fef009b4dd0 95cf4ee261b740498c206cbae584ebbe 046e8009a8b544bfbe9ff50b26903464 - - -] Version for resource type Log changed None to 1.0 on consumer Open vSwitch agent@localhost.localdomain _set_version /usr/lib/python2.7/site-packages/neutron/api/rpc/callbacks/version_manager.py:119
2018-06-30 06:26:36.942 14937 DEBUG oslo_concurrency.lockutils [req-8a0439fd-7fc9-455c-983d-0fef009b4dd0 95cf4ee261b740498c206cbae584ebbe 046e8009a8b544bfbe9ff50b26903464 - - -] Lock "event-dispatch" released by "neutron.plugins.ml2.ovo_rpc.dispatch_events" :: held 0.289s inner /usr/lib/python2.7/site-packages/oslo_concurrency/lockutils.py:282
2018-06-30 06:26:36.954 14937 DEBUG neutron_lib.callbacks.manager [req-8a0439fd-7fc9-455c-983d-0fef009b4dd0 95cf4ee261b740498c206cbae584ebbe 046e8009a8b544bfbe9ff50b26903464 - default default] Notify callbacks ['neutron.plugins.ml2.plugin.Ml2Plugin._ensure_default_security_group_handler--9223372036853018486'] for port, before_update _notify_loop /usr/lib/python2.7/site-packages/neutron_lib/callbacks/manager.py:167
2018-06-30 06:26:37.268 14936 WARNING keystonemiddleware.auth_token [-] A valid token was submitted as a service token, but it was not a valid service token. This is incorrect but backwards compatible behaviour. This will be removed in future releases.
2018-06-30 06:26:37.492 14937 DEBUG neutron_lib.callbacks.manager [req-8a0439fd-7fc9-455c-983d-0fef009b4dd0 95cf4ee261b740498c206cbae584ebbe 046e8009a8b544bfbe9ff50b26903464 - default default] Notify callbacks [] for port, precommit_update _notify_loop /usr/lib/python2.7/site-packages/neutron_lib/callbacks/manager.py:167
2018-06-30 06:26:37.503 14937 DEBUG neutron_lib.callbacks.manager [req-8a0439fd-7fc9-455c-983d-0fef009b4dd0 95cf4ee261b740498c206cbae584ebbe 046e8009a8b544bfbe9ff50b26903464 - default default] Notify callbacks ['neutron.db.l3_dvrscheduler_db._notify_l3_agent_port_update--9223363263782099234', 'neutron.plugins.ml2.plugin.Ml2Plugin.notify_sg_on_port_change-1757439', 'neutron.api.rpc.agentnotifiers.dhcp_rpc_agent_api.DhcpAgentNotifyAPI._native_event_send_dhcp_notification--9223372036854094599', 'neutron.plugins.ml2.ovo_rpc._ObjectChangeHandler.handle_event-774400', 'neutron.db.l3_hascheduler_db._notify_l3_agent_ha_port_update-8773072671282'] for port, after_update _notify_loop /usr/lib/python2.7/site-packages/neutron_lib/callbacks/manager.py:167
2018-06-30 06:26:37.781 14937 DEBUG neutron_lib.callbacks.manager [req-8a0439fd-7fc9-455c-983d-0fef009b4dd0 95cf4ee261b740498c206cbae584ebbe 046e8009a8b544bfbe9ff50b26903464 - default default] Notify callbacks ['neutron.services.l3_router.l3_router_plugin.L3RouterPlugin._create_dvr_floating_gw_port--9223372036854246086'] for floatingip, after_update _notify_loop /usr/lib/python2.7/site-packages/neutron_lib/callbacks/manager.py:167
2018-06-30 06:26:37.789 14937 DEBUG oslo_concurrency.lockutils [-] Lock "event-dispatch" acquired by "neutron.plugins.ml2.ovo_rpc.dispatch_events" :: waited 0.000s inner /usr/lib/python2.7/site-packages/oslo_concurrency/lockutils.py:270
2018-06-30 06:26:37.818 14936 DEBUG oslo_policy._cache_handler [req-a0789862-7162-4f71-a378-b71658ad41b4 34449420d71643ff9c143c132ecdb7b4 0d772b180b3c41e2ae2eba61c236b149 - default default] Reloading cached file /etc/neutron/policy.json read_cached_file /usr/lib/python2.7/site-packages/oslo_policy/_cache_handler.py:40
2018-06-30 06:26:37.859 14936 DEBUG oslo_policy.policy [req-a0789862-7162-4f71-a378-b71658ad41b4 34449420d71643ff9c143c132ecdb7b4 0d772b180b3c41e2ae2eba61c236b149 - default default] Reloaded policy file: /etc/neutron/policy.json _load_policy_file /usr/lib/python2.7/site-packages/oslo_policy/policy.py:681
2018-06-30 06:26:37.930 14937 DEBUG neutron.quota.resource [req-8a0439fd-7fc9-455c-983d-0fef009b4dd0 95cf4ee261b740498c206cbae584ebbe 046e8009a8b544bfbe9ff50b26903464 - default default] Persisted dirty status for tenant:a631aa5a777d409ea437d534df6679e4 on resource:floatingip mark_dirty /usr/lib/python2.7/site-packages/neutron/quota/resource.py:207
2018-06-30 06:26:37.939 14937 DEBUG neutron.quota.resource [req-8a0439fd-7fc9-455c-983d-0fef009b4dd0 95cf4ee261b740498c206cbae584ebbe 046e8009a8b544bfbe9ff50b26903464 - default default] Persisted dirty status for tenant: on resource:port mark_dirty /usr/lib/python2.7/site-packages/neutron/quota/resource.py:207
2018-06-30 06:26:37.956 14937 DEBUG neutron.api.rpc.handlers.resources_rpc [req-8a0439fd-7fc9-455c-983d-0fef009b4dd0 95cf4ee261b740498c206cbae584ebbe 046e8009a8b544bfbe9ff50b26903464 - - -] neutron.api.rpc.handlers.resources_rpc.ResourcesPushRpcApi method push called with arguments (<neutron_lib.context.Context object at 0x7faa3d264690>, [Port(admin_state_up=True,allowed_address_pairs=[],binding=PortBinding,binding_levels=[],created_at=2018-06-30T04:26:35Z,data_plane_status=<?>,description='',device_id='719bbb6c-698e-4e85-9001-a963a5adf3f6',device_owner='network:floatingip',dhcp_options=[],distributed_binding=None,dns=None,fixed_ips=[IPAllocation],id=5ae2f483-7e98-4c90-8a16-afbd7548e412,mac_address=fa:16:3e:1d:f8:32,name='',network_id=8fa9a212-be1e-480a-988d-8a3f899b6e3c,project_id='',qos_policy_id=None,revision_number=4,security=PortSecurity(5ae2f483-7e98-4c90-8a16-afbd7548e412),security_group_ids=set([]),status='N/A',updated_at=2018-06-30T04:26:37Z)], 'updated') {} wrapper /usr/lib/python2.7/site-packages/oslo_log/helpers.py:66
2018-06-30 06:26:37.962 14937 DEBUG neutron_lib.callbacks.manager [req-8a0439fd-7fc9-455c-983d-0fef009b4dd0 95cf4ee261b740498c206cbae584ebbe 046e8009a8b544bfbe9ff50b26903464 - default default] Notify callbacks ['neutron.notifiers.nova.Notifier._send_nova_notification--9223372036854772814'] for floatingip, before_response _notify_loop /usr/lib/python2.7/site-packages/neutron_lib/callbacks/manager.py:167
2018-06-30 06:26:37.965 14937 INFO neutron.wsgi [req-8a0439fd-7fc9-455c-983d-0fef009b4dd0 95cf4ee261b740498c206cbae584ebbe 046e8009a8b544bfbe9ff50b26903464 - default default] 10.0.20.26 "POST /v2.0/floatingips HTTP/1.1" status: 201  len: 674 time: 3.6055770
2018-06-30 06:26:37.979 14937 DEBUG oslo_concurrency.lockutils [req-8a0439fd-7fc9-455c-983d-0fef009b4dd0 95cf4ee261b740498c206cbae584ebbe 046e8009a8b544bfbe9ff50b26903464 - - -] Lock "event-dispatch" released by "neutron.plugins.ml2.ovo_rpc.dispatch_events" :: held 0.190s inner /usr/lib/python2.7/site-packages/oslo_concurrency/lockutils.py:282
2018-06-30 06:26:38.347 14936 DEBUG oslo_policy._cache_handler [req-a0789862-7162-4f71-a378-b71658ad41b4 34449420d71643ff9c143c132ecdb7b4 0d772b180b3c41e2ae2eba61c236b149 - default default] Reloading cached file /etc/neutron/policy.json read_cached_file /usr/lib/python2.7/site-packages/oslo_policy/_cache_handler.py:40
2018-06-30 06:26:38.363 14936 DEBUG oslo_policy.policy [req-a0789862-7162-4f71-a378-b71658ad41b4 34449420d71643ff9c143c132ecdb7b4 0d772b180b3c41e2ae2eba61c236b149 - default default] Reloaded policy file: /etc/neutron/policy.json _load_policy_file /usr/lib/python2.7/site-packages/oslo_policy/policy.py:681
2018-06-30 06:26:38.370 14936 INFO neutron.wsgi [req-a0789862-7162-4f71-a378-b71658ad41b4 34449420d71643ff9c143c132ecdb7b4 0d772b180b3c41e2ae2eba61c236b149 - default default] 10.0.20.26 "GET /v2.0/ports?device_id=4e1c0a04-e2c5-4a02-ba56-8b2a93bbe8eb HTTP/1.1" status: 200  len: 210 time: 2.9111631
2018-06-30 06:26:39.105 14944 DEBUG neutron_lib.callbacks.manager [req-fd83d0ad-52f4-4e39-9d03-6c0d0f64792c - - - - -] Notify callbacks ['neutron.services.segments.db._update_segment_host_mapping_for_agent-8773073037648'] for agent, after_update _notify_loop /usr/lib/python2.7/site-packages/neutron_lib/callbacks/manager.py:167
2018-06-30 06:26:40.307 14942 DEBUG neutron_lib.callbacks.manager [req-249eff29-d1a2-4556-a64c-34b4df452922 - - - - -] Notify callbacks ['neutron.services.segments.db._update_segment_host_mapping_for_agent-8773073037648'] for agent, after_update _notify_loop /usr/lib/python2.7/site-packages/neutron_lib/callbacks/manager.py:167
2018-06-30 06:26:51.340 14939 INFO neutron.wsgi [req-8b7c6c05-e3a1-49f3-be2a-445d1073253a 85f298c27b5549858ba8b3c5fdebffb2 a631aa5a777d409ea437d534df6679e4 - c5642bd34d1a4de097a7a5a83d6b4e9b c5642bd34d1a4de097a7a5a83d6b4e9b] 10.0.20.26 "GET /v2.0/ports?device_id=4e1c0a04-e2c5-4a02-ba56-8b2a93bbe8eb HTTP/1.1" status: 200  len: 210 time: 0.7772670
2018-06-30 06:26:57.746 14953 DEBUG neutron_lib.callbacks.manager [req-90a5acab-4228-44c3-8274-71d084c88959 - - - - -] Notify callbacks ['neutron.services.segments.db._update_segment_host_mapping_for_agent-8773073037648'] for agent, after_update _notify_loop /usr/lib/python2.7/site-packages/neutron_lib/callbacks/manager.py:167
2018-06-30 06:27:04.893 14936 DEBUG neutron.wsgi [-] (14936) accepted ('10.0.20.26', 47726) server /usr/lib/python2.7/site-packages/eventlet/wsgi.py:883
2018-06-30 06:27:05.163 14955 DEBUG neutron.db.agents_db [req-c70eee07-5dd4-444d-a130-7d8e62693eea - - - - -] Agent healthcheck: found 5 active agents agent_health_check /usr/lib/python2.7/site-packages/neutron/db/agents_db.py:281
2018-06-30 06:27:05.905 14936 INFO neutron.wsgi [req-15ec7741-0670-4233-b3ad-d73c3368d08f 85f298c27b5549858ba8b3c5fdebffb2 a631aa5a777d409ea437d534df6679e4 - c5642bd34d1a4de097a7a5a83d6b4e9b c5642bd34d1a4de097a7a5a83d6b4e9b] 10.0.20.26 "GET /v2.0/ports?device_id=4e1c0a04-e2c5-4a02-ba56-8b2a93bbe8eb HTTP/1.1" status: 200  len: 210 time: 1.0096209
2018-06-30 06:27:06.702 14946 DEBUG neutron_lib.callbacks.manager [req-2a0f89dd-b037-4929-883e-7b1bfbbc3792 - - - - -] Notify callbacks ['neutron.services.segments.db._update_segment_host_mapping_for_agent-8773073037648'] for agent, after_update _notify_loop /usr/lib/python2.7/site-packages/neutron_lib/callbacks/manager.py:167
2018-06-30 06:27:06.767 14943 DEBUG neutron_lib.callbacks.manager [req-c03da607-aae0-4ba1-a6c3-e8f7d33353b7 - - - - -] Notify callbacks ['neutron.services.segments.db._update_segment_host_mapping_for_agent-8773073037648'] for agent, after_update _notify_loop /usr/lib/python2.7/site-packages/neutron_lib/callbacks/manager.py:167
2018-06-30 06:27:09.106 14945 DEBUG neutron_lib.callbacks.manager [req-25ba8a59-9bdf-44fb-ac50-0d453a5d8853 - - - - -] Notify callbacks ['neutron.services.segments.db._update_segment_host_mapping_for_agent-8773073037648'] for agent, after_update _notify_loop /usr/lib/python2.7/site-packages/neutron_lib/callbacks/manager.py:167
2018-06-30 06:27:10.346 14948 DEBUG neutron_lib.callbacks.manager [req-249eff29-d1a2-4556-a64c-34b4df452922 - - - - -] Notify callbacks ['neutron.services.segments.db._update_segment_host_mapping_for_agent-8773073037648'] for agent, after_update _notify_loop /usr/lib/python2.7/site-packages/neutron_lib/callbacks/manager.py:167
2018-06-30 06:27:27.763 14950 DEBUG neutron_lib.callbacks.manager [req-90a5acab-4228-44c3-8274-71d084c88959 - - - - -] Notify callbacks ['neutron.services.segments.db._update_segment_host_mapping_for_agent-8773073037648'] for agent, after_update _notify_loop /usr/lib/python2.7/site-packages/neutron_lib/callbacks/manager.py:167
2018-06-30 06:27:32.881 14936 INFO neutron.wsgi [req-54b1b8c4-c9c2-4bc1-b153-f794e6bebbc6 85f298c27b5549858ba8b3c5fdebffb2 a631aa5a777d409ea437d534df6679e4 - c5642bd34d1a4de097a7a5a83d6b4e9b c5642bd34d1a4de097a7a5a83d6b4e9b] 10.0.20.26 "GET /v2.0/ports?device_id=4e1c0a04-e2c5-4a02-ba56-8b2a93bbe8eb HTTP/1.1" status: 200  len: 210 time: 1.2295849
2018-06-30 06:27:36.764 14949 DEBUG neutron_lib.callbacks.manager [req-1c81f827-153d-4f1b-b6ec-143b2b5236b6 - - - - -] Notify callbacks ['neutron.services.segments.db._update_segment_host_mapping_for_agent-8773073037648'] for agent, after_update _notify_loop /usr/lib/python2.7/site-packages/neutron_lib/callbacks/manager.py:167
2018-06-30 06:27:36.824 14944 DEBUG neutron_lib.callbacks.manager [req-c03da607-aae0-4ba1-a6c3-e8f7d33353b7 - - - - -] Notify callbacks ['neutron.services.segments.db._update_segment_host_mapping_for_agent-8773073037648'] for agent, after_update _notify_loop /usr/lib/python2.7/site-packages/neutron_lib/callbacks/manager.py:167
2018-06-30 06:27:39.156 14942 DEBUG neutron_lib.callbacks.manager [req-da7f069e-cd67-42a4-af7e-7e12272d9faf - - - - -] Notify callbacks ['neutron.services.segments.db._update_segment_host_mapping_for_agent-8773073037648'] for agent, after_update _notify_loop /usr/lib/python2.7/site-packages/neutron_lib/callbacks/manager.py:167
2018-06-30 06:27:40.364 14953 DEBUG neutron_lib.callbacks.manager [req-249eff29-d1a2-4556-a64c-34b4df452922 - - - - -] Notify callbacks ['neutron.services.segments.db._update_segment_host_mapping_for_agent-8773073037648'] for agent, after_update _notify_loop /usr/lib/python2.7/site-packages/neutron_lib/callbacks/manager.py:167
2018-06-30 06:27:42.179 14955 DEBUG neutron.db.agents_db [req-c70eee07-5dd4-444d-a130-7d8e62693eea - - - - -] Agent healthcheck: found 5 active agents agent_health_check /usr/lib/python2.7/site-packages/neutron/db/agents_db.py:281
2018-06-30 06:27:50.358 14935 DEBUG neutron.wsgi [-] (14935) accepted ('10.0.20.26', 48892) server /usr/lib/python2.7/site-packages/eventlet/wsgi.py:883
2018-06-30 06:27:50.993 14935 WARNING keystonemiddleware.auth_token [-] A valid token was submitted as a service token, but it was not a valid service token. This is incorrect but backwards compatible behaviour. This will be removed in future releases.
2018-06-30 06:27:51.665 14935 INFO neutron.wsgi [req-20d9dfc1-49c9-46ed-99ed-7dec9a9e755e 85f298c27b5549858ba8b3c5fdebffb2 a631aa5a777d409ea437d534df6679e4 - c5642bd34d1a4de097a7a5a83d6b4e9b c5642bd34d1a4de097a7a5a83d6b4e9b] 10.0.20.26 "GET /v2.0/ports?device_id=4e1c0a04-e2c5-4a02-ba56-8b2a93bbe8eb HTTP/1.1" status: 200  len: 210 time: 1.3020790
2018-06-30 06:27:57.733 14946 DEBUG neutron_lib.callbacks.manager [req-90a5acab-4228-44c3-8274-71d084c88959 - - - - -] Notify callbacks ['neutron.services.segments.db._update_segment_host_mapping_for_agent-8773073037648'] for agent, after_update _notify_loop /usr/lib/python2.7/site-packages/neutron_lib/callbacks/manager.py:167
2018-06-30 06:28:06.689 14943 DEBUG neutron_lib.callbacks.manager [req-8869c617-d6c2-4697-bfa9-9b7129d369e0 - - - - -] Notify callbacks ['neutron.services.segments.db._update_segment_host_mapping_for_agent-8773073037648'] for agent, after_update _notify_loop /usr/lib/python2.7/site-packages/neutron_lib/callbacks/manager.py:167
2018-06-30 06:28:06.786 14945 DEBUG neutron_lib.callbacks.manager [req-c03da607-aae0-4ba1-a6c3-e8f7d33353b7 - - - - -] Notify callbacks ['neutron.services.segments.db._update_segment_host_mapping_for_agent-8773073037648'] for agent, after_update _notify_loop /usr/lib/python2.7/site-packages/neutron_lib/callbacks/manager.py:167
2018-06-30 06:28:07.123 14935 INFO neutron.wsgi [req-f4a51b7b-1a3b-4454-956c-4d54bc9ad101 85f298c27b5549858ba8b3c5fdebffb2 a631aa5a777d409ea437d534df6679e4 - c5642bd34d1a4de097a7a5a83d6b4e9b c5642bd34d1a4de097a7a5a83d6b4e9b] 10.0.20.26 "GET /v2.0/ports?device_id=4e1c0a04-e2c5-4a02-ba56-8b2a93bbe8eb HTTP/1.1" status: 200  len: 210 time: 0.6779699
2018-06-30 06:28:09.089 14948 DEBUG neutron_lib.callbacks.manager [req-25e1a6e0-2c97-4d5a-9f8c-873381f8a1ef - - - - -] Notify callbacks ['neutron.services.segments.db._update_segment_host_mapping_for_agent-8773073037648'] for agent, after_update _notify_loop /usr/lib/python2.7/site-packages/neutron_lib/callbacks/manager.py:167
2018-06-30 06:28:10.326 14950 DEBUG neutron_lib.callbacks.manager [req-249eff29-d1a2-4556-a64c-34b4df452922 - - - - -] Notify callbacks ['neutron.services.segments.db._update_segment_host_mapping_for_agent-8773073037648'] for agent, after_update _notify_loop /usr/lib/python2.7/site-packages/neutron_lib/callbacks/manager.py:167
2018-06-30 06:28:15.269 14939 INFO neutron.wsgi [req-50c7e7ef-a197-4700-a5f4-f35ab4a46941 85f298c27b5549858ba8b3c5fdebffb2 a631aa5a777d409ea437d534df6679e4 - c5642bd34d1a4de097a7a5a83d6b4e9b c5642bd34d1a4de097a7a5a83d6b4e9b] 10.0.20.26 "GET /v2.0/ports?device_id=4e1c0a04-e2c5-4a02-ba56-8b2a93bbe8eb HTTP/1.1" status: 200  len: 210 time: 0.6269000
