2018-06-27 03:00:15.330 29303 DEBUG oslo_concurrency.lockutils [req-f200fe68-64ca-423f-a528-daf1c9a04402 92d5a12c11a24e98bce9deb1a9950466 d04e07f9c1ee4f8fa495dcd920530f63 - 067f25da5ad342ec93b7ee0386653cef 067f25da5ad342ec93b7ee0386653cef] Lock "33ddd5a9-57b2-4fc6-bb77-252a0aff0e9c" released by "nova.context.get_or_set_cached_cell_and_set_connections" :: held 0.000s inner /usr/lib/python2.7/site-packages/oslo_concurrency/lockutils.py:282
2018-06-27 03:00:15.409 29303 INFO nova.osapi_compute.wsgi.server [req-f200fe68-64ca-423f-a528-daf1c9a04402 92d5a12c11a24e98bce9deb1a9950466 d04e07f9c1ee4f8fa495dcd920530f63 - 067f25da5ad342ec93b7ee0386653cef 067f25da5ad342ec93b7ee0386653cef] 10.0.20.28 "GET /v2.1/d04e07f9c1ee4f8fa495dcd920530f63/servers?name=tempest-INSTANCE_SAMPLE-1530060963 HTTP/1.1" status: 200 len: 786 time: 0.1862371
2018-06-27 03:00:15.436 29303 DEBUG nova.api.openstack.wsgi [req-fe04185c-e1e9-4f34-a6c6-4f82ec5b02b9 92d5a12c11a24e98bce9deb1a9950466 d04e07f9c1ee4f8fa495dcd920530f63 - 067f25da5ad342ec93b7ee0386653cef 067f25da5ad342ec93b7ee0386653cef] Calling method '<bound method ServersController.show of <nova.api.openstack.compute.servers.ServersController object at 0x7f2b2a96df90>>' _process_stack /usr/lib/python2.7/site-packages/nova/api/openstack/wsgi.py:612
2018-06-27 03:00:15.440 29303 DEBUG nova.compute.api [req-fe04185c-e1e9-4f34-a6c6-4f82ec5b02b9 92d5a12c11a24e98bce9deb1a9950466 d04e07f9c1ee4f8fa495dcd920530f63 - 067f25da5ad342ec93b7ee0386653cef 067f25da5ad342ec93b7ee0386653cef] [instance: f8c7758c-17af-490d-b785-beaff77bc353] Fetching instance by UUID get /usr/lib/python2.7/site-packages/nova/compute/api.py:2324
2018-06-27 03:00:15.454 29303 DEBUG oslo_concurrency.lockutils [req-fe04185c-e1e9-4f34-a6c6-4f82ec5b02b9 92d5a12c11a24e98bce9deb1a9950466 d04e07f9c1ee4f8fa495dcd920530f63 - 067f25da5ad342ec93b7ee0386653cef 067f25da5ad342ec93b7ee0386653cef] Lock "33ddd5a9-57b2-4fc6-bb77-252a0aff0e9c" acquired by "nova.context.get_or_set_cached_cell_and_set_connections" :: waited 0.000s inner /usr/lib/python2.7/site-packages/oslo_concurrency/lockutils.py:270
2018-06-27 03:00:15.456 29303 DEBUG oslo_concurrency.lockutils [req-fe04185c-e1e9-4f34-a6c6-4f82ec5b02b9 92d5a12c11a24e98bce9deb1a9950466 d04e07f9c1ee4f8fa495dcd920530f63 - 067f25da5ad342ec93b7ee0386653cef 067f25da5ad342ec93b7ee0386653cef] Lock "33ddd5a9-57b2-4fc6-bb77-252a0aff0e9c" released by "nova.context.get_or_set_cached_cell_and_set_connections" :: held 0.001s inner /usr/lib/python2.7/site-packages/oslo_concurrency/lockutils.py:282
2018-06-27 03:00:15.603 29303 DEBUG nova.objects.instance [req-fe04185c-e1e9-4f34-a6c6-4f82ec5b02b9 92d5a12c11a24e98bce9deb1a9950466 d04e07f9c1ee4f8fa495dcd920530f63 - 067f25da5ad342ec93b7ee0386653cef 067f25da5ad342ec93b7ee0386653cef] Lazy-loading 'services' on Instance uuid f8c7758c-17af-490d-b785-beaff77bc353 obj_load_attr /usr/lib/python2.7/site-packages/nova/objects/instance.py:1049
2018-06-27 03:00:15.724 29303 DEBUG nova.policy [req-fe04185c-e1e9-4f34-a6c6-4f82ec5b02b9 92d5a12c11a24e98bce9deb1a9950466 d04e07f9c1ee4f8fa495dcd920530f63 - 067f25da5ad342ec93b7ee0386653cef 067f25da5ad342ec93b7ee0386653cef] Policy check for os_compute_api:os-hide-server-addresses failed with credentials {'service_roles': [], 'user_id': u'92d5a12c11a24e98bce9deb1a9950466', 'roles': [u'admin'], 'user_domain_id': u'067f25da5ad342ec93b7ee0386653cef', 'service_project_id': None, 'service_user_id': None, 'service_user_domain_id': None, 'service_project_domain_id': None, 'is_admin_project': True, 'is_admin': True, 'project_id': u'd04e07f9c1ee4f8fa495dcd920530f63', 'project_domain_id': u'067f25da5ad342ec93b7ee0386653cef'} authorize /usr/lib/python2.7/site-packages/nova/policy.py:168
2018-06-27 03:00:16.621 29303 INFO nova.osapi_compute.wsgi.server [req-fe04185c-e1e9-4f34-a6c6-4f82ec5b02b9 92d5a12c11a24e98bce9deb1a9950466 d04e07f9c1ee4f8fa495dcd920530f63 - 067f25da5ad342ec93b7ee0386653cef 067f25da5ad342ec93b7ee0386653cef] 10.0.20.28 "GET /v2.1/d04e07f9c1ee4f8fa495dcd920530f63/servers/f8c7758c-17af-490d-b785-beaff77bc353 HTTP/1.1" status: 200 len: 2599 time: 1.1936848
2018-06-27 03:00:35.685 29298 DEBUG nova.api.openstack.wsgi [req-e2bd96c8-7ee0-4afe-8a0e-e3c678e3fe4c 0d36523847b7437682a959abed3e6696 0756a888a15d4216915a13bf41cedcba - default default] Calling method '<bound method ServersController.detail of <nova.api.openstack.compute.servers.ServersController object at 0x7f2b2a9cfc10>>' _process_stack /usr/lib/python2.7/site-packages/nova/api/openstack/wsgi.py:612
2018-06-27 03:00:35.702 29298 DEBUG nova.compute.api [req-e2bd96c8-7ee0-4afe-8a0e-e3c678e3fe4c 0d36523847b7437682a959abed3e6696 0756a888a15d4216915a13bf41cedcba - default default] Searching by: {u'changes-since': datetime.datetime(2018, 6, 27, 0, 55, 37, 58672, tzinfo=<FixedOffset u'+00:00' datetime.timedelta(0)>)} get_all /usr/lib/python2.7/site-packages/nova/compute/api.py:2356
2018-06-27 03:00:35.731 29298 DEBUG oslo_concurrency.lockutils [req-e2bd96c8-7ee0-4afe-8a0e-e3c678e3fe4c 0d36523847b7437682a959abed3e6696 0756a888a15d4216915a13bf41cedcba - default default] Lock "00000000-0000-0000-0000-000000000000" acquired by "nova.context.get_or_set_cached_cell_and_set_connections" :: waited 0.001s inner /usr/lib/python2.7/site-packages/oslo_concurrency/lockutils.py:270
2018-06-27 03:00:35.732 29298 DEBUG oslo_concurrency.lockutils [req-e2bd96c8-7ee0-4afe-8a0e-e3c678e3fe4c 0d36523847b7437682a959abed3e6696 0756a888a15d4216915a13bf41cedcba - default default] Lock "00000000-0000-0000-0000-000000000000" released by "nova.context.get_or_set_cached_cell_and_set_connections" :: held 0.001s inner /usr/lib/python2.7/site-packages/oslo_concurrency/lockutils.py:282
2018-06-27 03:00:36.142 29298 DEBUG nova.compute.api [req-e2bd96c8-7ee0-4afe-8a0e-e3c678e3fe4c 0d36523847b7437682a959abed3e6696 0756a888a15d4216915a13bf41cedcba - default default] Skipping already-collected cell0 list _get_instances_by_filters_all_cells /usr/lib/python2.7/site-packages/nova/compute/api.py:2556
2018-06-27 03:00:36.143 29298 DEBUG nova.compute.api [req-e2bd96c8-7ee0-4afe-8a0e-e3c678e3fe4c 0d36523847b7437682a959abed3e6696 0756a888a15d4216915a13bf41cedcba - default default] Listing 1000 instances in cell 33ddd5a9-57b2-4fc6-bb77-252a0aff0e9c(default) _get_instances_by_filters_all_cells /usr/lib/python2.7/site-packages/nova/compute/api.py:2559
2018-06-27 03:00:36.144 29298 DEBUG oslo_concurrency.lockutils [req-e2bd96c8-7ee0-4afe-8a0e-e3c678e3fe4c 0d36523847b7437682a959abed3e6696 0756a888a15d4216915a13bf41cedcba - default default] Lock "33ddd5a9-57b2-4fc6-bb77-252a0aff0e9c" acquired by "nova.context.get_or_set_cached_cell_and_set_connections" :: waited 0.000s inner /usr/lib/python2.7/site-packages/oslo_concurrency/lockutils.py:270
2018-06-27 03:00:36.145 29298 DEBUG oslo_concurrency.lockutils [req-e2bd96c8-7ee0-4afe-8a0e-e3c678e3fe4c 0d36523847b7437682a959abed3e6696 0756a888a15d4216915a13bf41cedcba - default default] Lock "33ddd5a9-57b2-4fc6-bb77-252a0aff0e9c" released by "nova.context.get_or_set_cached_cell_and_set_connections" :: held 0.001s inner /usr/lib/python2.7/site-packages/oslo_concurrency/lockutils.py:282
2018-06-27 03:00:36.331 29298 DEBUG oslo_concurrency.lockutils [req-e2bd96c8-7ee0-4afe-8a0e-e3c678e3fe4c 0d36523847b7437682a959abed3e6696 0756a888a15d4216915a13bf41cedcba - default default] Lock "33ddd5a9-57b2-4fc6-bb77-252a0aff0e9c" acquired by "nova.context.get_or_set_cached_cell_and_set_connections" :: waited 0.000s inner /usr/lib/python2.7/site-packages/oslo_concurrency/lockutils.py:270
2018-06-27 03:00:36.332 29298 DEBUG oslo_concurrency.lockutils [req-e2bd96c8-7ee0-4afe-8a0e-e3c678e3fe4c 0d36523847b7437682a959abed3e6696 0756a888a15d4216915a13bf41cedcba - default default] Lock "33ddd5a9-57b2-4fc6-bb77-252a0aff0e9c" released by "nova.context.get_or_set_cached_cell_and_set_connections" :: held 0.001s inner /usr/lib/python2.7/site-packages/oslo_concurrency/lockutils.py:282
2018-06-27 03:00:36.356 29298 DEBUG nova.policy [req-e2bd96c8-7ee0-4afe-8a0e-e3c678e3fe4c 0d36523847b7437682a959abed3e6696 0756a888a15d4216915a13bf41cedcba - default default] Policy check for os_compute_api:os-hide-server-addresses failed with credentials {'service_roles': [], 'user_id': u'0d36523847b7437682a959abed3e6696', 'roles': [u'admin', u'ResellerAdmin'], 'user_domain_id': u'default', 'service_project_id': None, 'service_user_id': None, 'service_user_domain_id': None, 'service_project_domain_id': None, 'is_admin_project': True, 'is_admin': True, 'project_id': u'0756a888a15d4216915a13bf41cedcba', 'project_domain_id': u'default'} authorize /usr/lib/python2.7/site-packages/nova/policy.py:168
2018-06-27 03:00:37.816 29298 INFO nova.osapi_compute.wsgi.server [req-e2bd96c8-7ee0-4afe-8a0e-e3c678e3fe4c 0d36523847b7437682a959abed3e6696 0756a888a15d4216915a13bf41cedcba - default default] 10.0.20.28 "GET /v2.1/0756a888a15d4216915a13bf41cedcba/servers/detail?all_tenants=True&changes-since=2018-06-27T00%3A55%3A37.058672%2B00%3A00 HTTP/1.1" status: 200 len: 2209 time: 2.1488161
2018-06-27 03:00:38.774 29321 DEBUG nova.metadata.wsgi.server [req-633ee870-2c9f-46fe-9246-561e0a90b5fd - - - - -] (29321) accepted ('10.0.20.28', 42320) server /usr/lib/python2.7/site-packages/eventlet/wsgi.py:883
2018-06-27 03:00:38.886 29321 DEBUG oslo_db.sqlalchemy.engines [req-633ee870-2c9f-46fe-9246-561e0a90b5fd - - - - -] MySQL server mode set to STRICT_TRANS_TABLES,STRICT_ALL_TABLES,NO_ZERO_IN_DATE,NO_ZERO_DATE,ERROR_FOR_DIVISION_BY_ZERO,TRADITIONAL,NO_AUTO_CREATE_USER,NO_ENGINE_SUBSTITUTION _check_effective_sql_mode /usr/lib/python2.7/site-packages/oslo_db/sqlalchemy/engines.py:285
2018-06-27 03:00:38.954 29321 DEBUG oslo_concurrency.lockutils [req-498cae91-c3d5-4614-a222-f5276b90b5cf - - - - -] Lock "33ddd5a9-57b2-4fc6-bb77-252a0aff0e9c" acquired by "nova.context.get_or_set_cached_cell_and_set_connections" :: waited 0.000s inner /usr/lib/python2.7/site-packages/oslo_concurrency/lockutils.py:270
2018-06-27 03:00:38.971 29321 DEBUG oslo_concurrency.lockutils [req-498cae91-c3d5-4614-a222-f5276b90b5cf - - - - -] Lock "33ddd5a9-57b2-4fc6-bb77-252a0aff0e9c" released by "nova.context.get_or_set_cached_cell_and_set_connections" :: held 0.017s inner /usr/lib/python2.7/site-packages/oslo_concurrency/lockutils.py:282
2018-06-27 03:00:39.008 29321 DEBUG oslo_db.sqlalchemy.engines [req-498cae91-c3d5-4614-a222-f5276b90b5cf - - - - -] MySQL server mode set to STRICT_TRANS_TABLES,STRICT_ALL_TABLES,NO_ZERO_IN_DATE,NO_ZERO_DATE,ERROR_FOR_DIVISION_BY_ZERO,TRADITIONAL,NO_AUTO_CREATE_USER,NO_ENGINE_SUBSTITUTION _check_effective_sql_mode /usr/lib/python2.7/site-packages/oslo_db/sqlalchemy/engines.py:285
2018-06-27 03:00:41.166 29321 WARNING oslo_config.cfg [req-498cae91-c3d5-4614-a222-f5276b90b5cf - - - - -] Option "dhcp_domain" from group "DEFAULT" is deprecated for removal (
nova-network is deprecated, as are any related configuration options.
).  Its value may be silently ignored in the future.
2018-06-27 03:00:41.169 29321 INFO nova.metadata.wsgi.server [req-498cae91-c3d5-4614-a222-f5276b90b5cf - - - - -] 11.12.1.11,10.0.20.28 "GET /2009-04-04/meta-data/instance-id HTTP/1.1" status: 200 len: 127 time: 2.3804259
2018-06-27 03:00:42.070 29312 DEBUG nova.metadata.wsgi.server [req-633ee870-2c9f-46fe-9246-561e0a90b5fd - - - - -] (29312) accepted ('10.0.20.28', 42344) server /usr/lib/python2.7/site-packages/eventlet/wsgi.py:883
2018-06-27 03:00:42.113 29312 DEBUG oslo_db.sqlalchemy.engines [req-633ee870-2c9f-46fe-9246-561e0a90b5fd - - - - -] MySQL server mode set to STRICT_TRANS_TABLES,STRICT_ALL_TABLES,NO_ZERO_IN_DATE,NO_ZERO_DATE,ERROR_FOR_DIVISION_BY_ZERO,TRADITIONAL,NO_AUTO_CREATE_USER,NO_ENGINE_SUBSTITUTION _check_effective_sql_mode /usr/lib/python2.7/site-packages/oslo_db/sqlalchemy/engines.py:285
2018-06-27 03:00:42.163 29312 DEBUG oslo_concurrency.lockutils [req-701e47cc-755b-4e64-bbf7-a0089b1b28ad - - - - -] Lock "33ddd5a9-57b2-4fc6-bb77-252a0aff0e9c" acquired by "nova.context.get_or_set_cached_cell_and_set_connections" :: waited 0.000s inner /usr/lib/python2.7/site-packages/oslo_concurrency/lockutils.py:270
2018-06-27 03:00:42.170 29312 DEBUG oslo_concurrency.lockutils [req-701e47cc-755b-4e64-bbf7-a0089b1b28ad - - - - -] Lock "33ddd5a9-57b2-4fc6-bb77-252a0aff0e9c" released by "nova.context.get_or_set_cached_cell_and_set_connections" :: held 0.008s inner /usr/lib/python2.7/site-packages/oslo_concurrency/lockutils.py:282
2018-06-27 03:00:42.191 29312 DEBUG oslo_db.sqlalchemy.engines [req-701e47cc-755b-4e64-bbf7-a0089b1b28ad - - - - -] MySQL server mode set to STRICT_TRANS_TABLES,STRICT_ALL_TABLES,NO_ZERO_IN_DATE,NO_ZERO_DATE,ERROR_FOR_DIVISION_BY_ZERO,TRADITIONAL,NO_AUTO_CREATE_USER,NO_ENGINE_SUBSTITUTION _check_effective_sql_mode /usr/lib/python2.7/site-packages/oslo_db/sqlalchemy/engines.py:285
2018-06-27 03:00:44.041 29312 WARNING oslo_config.cfg [req-701e47cc-755b-4e64-bbf7-a0089b1b28ad - - - - -] Option "dhcp_domain" from group "DEFAULT" is deprecated for removal (
nova-network is deprecated, as are any related configuration options.
).  Its value may be silently ignored in the future.
2018-06-27 03:00:44.044 29312 INFO nova.metadata.wsgi.server [req-701e47cc-755b-4e64-bbf7-a0089b1b28ad - - - - -] 11.12.1.11,10.0.20.28 "GET /2009-04-04/meta-data/public-keys HTTP/1.1" status: 200 len: 152 time: 1.9653189
2018-06-27 03:00:44.253 29312 DEBUG nova.metadata.wsgi.server [req-701e47cc-755b-4e64-bbf7-a0089b1b28ad - - - - -] (29312) accepted ('10.0.20.28', 42358) server /usr/lib/python2.7/site-packages/eventlet/wsgi.py:883
2018-06-27 03:00:44.256 29312 DEBUG nova.api.metadata.handler [req-701e47cc-755b-4e64-bbf7-a0089b1b28ad - - - - -] Using cached metadata for instance f8c7758c-17af-490d-b785-beaff77bc353 get_metadata_by_instance_id /usr/lib/python2.7/site-packages/nova/api/metadata/handler.py:78
2018-06-27 03:00:44.258 29312 INFO nova.metadata.wsgi.server [req-701e47cc-755b-4e64-bbf7-a0089b1b28ad - - - - -] 11.12.1.11,10.0.20.28 "GET /2009-04-04/meta-data/public-keys/0/openssh-key HTTP/1.1" status: 200 len: 526 time: 0.0027611
2018-06-27 03:00:44.726 29299 DEBUG nova.osapi_compute.wsgi.server [req-df7f50cf-a3e4-4fda-a807-e3c834a4140a 92d5a12c11a24e98bce9deb1a9950466 d04e07f9c1ee4f8fa495dcd920530f63 - 067f25da5ad342ec93b7ee0386653cef 067f25da5ad342ec93b7ee0386653cef] (29299) accepted ('10.0.20.28', 36330) server /usr/lib/python2.7/site-packages/eventlet/wsgi.py:883
2018-06-27 03:00:45.217 29312 DEBUG nova.metadata.wsgi.server [req-701e47cc-755b-4e64-bbf7-a0089b1b28ad - - - - -] (29312) accepted ('10.0.20.28', 42372) server /usr/lib/python2.7/site-packages/eventlet/wsgi.py:883
2018-06-27 03:00:45.220 29312 DEBUG nova.api.metadata.handler [req-701e47cc-755b-4e64-bbf7-a0089b1b28ad - - - - -] Using cached metadata for instance f8c7758c-17af-490d-b785-beaff77bc353 get_metadata_by_instance_id /usr/lib/python2.7/site-packages/nova/api/metadata/handler.py:78
2018-06-27 03:00:45.226 29312 INFO nova.metadata.wsgi.server [req-701e47cc-755b-4e64-bbf7-a0089b1b28ad - - - - -] 11.12.1.11,10.0.20.28 "GET /2009-04-04/meta-data/instance-id HTTP/1.1" status: 200 len: 127 time: 0.0068641
2018-06-27 03:00:45.239 29299 DEBUG nova.api.openstack.wsgi [req-197d54f4-ec95-414c-8bbd-ab1da05f04cf 92d5a12c11a24e98bce9deb1a9950466 d04e07f9c1ee4f8fa495dcd920530f63 - 067f25da5ad342ec93b7ee0386653cef 067f25da5ad342ec93b7ee0386653cef] Calling method '<bound method ServersController.show of <nova.api.openstack.compute.servers.ServersController object at 0x7f2b2a96df90>>' _process_stack /usr/lib/python2.7/site-packages/nova/api/openstack/wsgi.py:612
2018-06-27 03:00:45.246 29299 DEBUG nova.compute.api [req-197d54f4-ec95-414c-8bbd-ab1da05f04cf 92d5a12c11a24e98bce9deb1a9950466 d04e07f9c1ee4f8fa495dcd920530f63 - 067f25da5ad342ec93b7ee0386653cef 067f25da5ad342ec93b7ee0386653cef] Failed to fetch instance by id tempest-INSTANCE_SAMPLE-1530060963 get /usr/lib/python2.7/site-packages/nova/compute/api.py:2329
2018-06-27 03:00:45.252 29299 INFO nova.api.openstack.wsgi [req-197d54f4-ec95-414c-8bbd-ab1da05f04cf 92d5a12c11a24e98bce9deb1a9950466 d04e07f9c1ee4f8fa495dcd920530f63 - 067f25da5ad342ec93b7ee0386653cef 067f25da5ad342ec93b7ee0386653cef] HTTP exception thrown: Impossibile trovare l'istanza tempest-INSTANCE_SAMPLE-1530060963.
2018-06-27 03:00:45.253 29299 DEBUG nova.api.openstack.wsgi [req-197d54f4-ec95-414c-8bbd-ab1da05f04cf 92d5a12c11a24e98bce9deb1a9950466 d04e07f9c1ee4f8fa495dcd920530f63 - 067f25da5ad342ec93b7ee0386653cef 067f25da5ad342ec93b7ee0386653cef] Returning 404 to user: Impossibile trovare l'istanza tempest-INSTANCE_SAMPLE-1530060963. __call__ /usr/lib/python2.7/site-packages/nova/api/openstack/wsgi.py:1029
2018-06-27 03:00:45.255 29299 INFO nova.osapi_compute.wsgi.server [req-197d54f4-ec95-414c-8bbd-ab1da05f04cf 92d5a12c11a24e98bce9deb1a9950466 d04e07f9c1ee4f8fa495dcd920530f63 - 067f25da5ad342ec93b7ee0386653cef 067f25da5ad342ec93b7ee0386653cef] 10.0.20.28 "GET /v2.1/d04e07f9c1ee4f8fa495dcd920530f63/servers/tempest-INSTANCE_SAMPLE-1530060963 HTTP/1.1" status: 404 len: 532 time: 0.5256910
2018-06-27 03:00:45.285 29299 DEBUG nova.api.openstack.wsgi [req-979a7135-be97-4b63-89f3-4cf460320020 92d5a12c11a24e98bce9deb1a9950466 d04e07f9c1ee4f8fa495dcd920530f63 - 067f25da5ad342ec93b7ee0386653cef 067f25da5ad342ec93b7ee0386653cef] Calling method '<bound method ServersController.index of <nova.api.openstack.compute.servers.ServersController object at 0x7f2b2aa1ab10>>' _process_stack /usr/lib/python2.7/site-packages/nova/api/openstack/wsgi.py:612
2018-06-27 03:00:45.298 29299 DEBUG nova.compute.api [req-979a7135-be97-4b63-89f3-4cf460320020 92d5a12c11a24e98bce9deb1a9950466 d04e07f9c1ee4f8fa495dcd920530f63 - 067f25da5ad342ec93b7ee0386653cef 067f25da5ad342ec93b7ee0386653cef] Searching by: {'deleted': False, 'project_id': u'd04e07f9c1ee4f8fa495dcd920530f63', u'name': u'tempest-INSTANCE_SAMPLE-1530060963'} get_all /usr/lib/python2.7/site-packages/nova/compute/api.py:2356
2018-06-27 03:00:45.333 29299 DEBUG oslo_concurrency.lockutils [req-979a7135-be97-4b63-89f3-4cf460320020 92d5a12c11a24e98bce9deb1a9950466 d04e07f9c1ee4f8fa495dcd920530f63 - 067f25da5ad342ec93b7ee0386653cef 067f25da5ad342ec93b7ee0386653cef] Lock "00000000-0000-0000-0000-000000000000" acquired by "nova.context.get_or_set_cached_cell_and_set_connections" :: waited 0.001s inner /usr/lib/python2.7/site-packages/oslo_concurrency/lockutils.py:270
2018-06-27 03:00:45.335 29299 DEBUG oslo_concurrency.lockutils [req-979a7135-be97-4b63-89f3-4cf460320020 92d5a12c11a24e98bce9deb1a9950466 d04e07f9c1ee4f8fa495dcd920530f63 - 067f25da5ad342ec93b7ee0386653cef 067f25da5ad342ec93b7ee0386653cef] Lock "00000000-0000-0000-0000-000000000000" released by "nova.context.get_or_set_cached_cell_and_set_connections" :: held 0.002s inner /usr/lib/python2.7/site-packages/oslo_concurrency/lockutils.py:282
2018-06-27 03:00:45.429 29299 DEBUG nova.compute.api [req-979a7135-be97-4b63-89f3-4cf460320020 92d5a12c11a24e98bce9deb1a9950466 d04e07f9c1ee4f8fa495dcd920530f63 - 067f25da5ad342ec93b7ee0386653cef 067f25da5ad342ec93b7ee0386653cef] Skipping already-collected cell0 list _get_instances_by_filters_all_cells /usr/lib/python2.7/site-packages/nova/compute/api.py:2556
2018-06-27 03:00:45.430 29299 DEBUG nova.compute.api [req-979a7135-be97-4b63-89f3-4cf460320020 92d5a12c11a24e98bce9deb1a9950466 d04e07f9c1ee4f8fa495dcd920530f63 - 067f25da5ad342ec93b7ee0386653cef 067f25da5ad342ec93b7ee0386653cef] Listing 1000 instances in cell 33ddd5a9-57b2-4fc6-bb77-252a0aff0e9c(default) _get_instances_by_filters_all_cells /usr/lib/python2.7/site-packages/nova/compute/api.py:2559
2018-06-27 03:00:45.432 29299 DEBUG oslo_concurrency.lockutils [req-979a7135-be97-4b63-89f3-4cf460320020 92d5a12c11a24e98bce9deb1a9950466 d04e07f9c1ee4f8fa495dcd920530f63 - 067f25da5ad342ec93b7ee0386653cef 067f25da5ad342ec93b7ee0386653cef] Lock "33ddd5a9-57b2-4fc6-bb77-252a0aff0e9c" acquired by "nova.context.get_or_set_cached_cell_and_set_connections" :: waited 0.000s inner /usr/lib/python2.7/site-packages/oslo_concurrency/lockutils.py:270
2018-06-27 03:00:45.433 29299 DEBUG oslo_concurrency.lockutils [req-979a7135-be97-4b63-89f3-4cf460320020 92d5a12c11a24e98bce9deb1a9950466 d04e07f9c1ee4f8fa495dcd920530f63 - 067f25da5ad342ec93b7ee0386653cef 067f25da5ad342ec93b7ee0386653cef] Lock "33ddd5a9-57b2-4fc6-bb77-252a0aff0e9c" released by "nova.context.get_or_set_cached_cell_and_set_connections" :: held 0.001s inner /usr/lib/python2.7/site-packages/oslo_concurrency/lockutils.py:282
2018-06-27 03:00:45.521 29299 INFO nova.osapi_compute.wsgi.server [req-979a7135-be97-4b63-89f3-4cf460320020 92d5a12c11a24e98bce9deb1a9950466 d04e07f9c1ee4f8fa495dcd920530f63 - 067f25da5ad342ec93b7ee0386653cef 067f25da5ad342ec93b7ee0386653cef] 10.0.20.28 "GET /v2.1/d04e07f9c1ee4f8fa495dcd920530f63/servers?name=tempest-INSTANCE_SAMPLE-1530060963 HTTP/1.1" status: 200 len: 784 time: 0.2506361
2018-06-27 03:00:45.548 29299 DEBUG nova.api.openstack.wsgi [req-ec087f42-5bc6-44fe-a57c-8daa89ce286a 92d5a12c11a24e98bce9deb1a9950466 d04e07f9c1ee4f8fa495dcd920530f63 - 067f25da5ad342ec93b7ee0386653cef 067f25da5ad342ec93b7ee0386653cef] Calling method '<bound method ServersController.show of <nova.api.openstack.compute.servers.ServersController object at 0x7f2b2a96df90>>' _process_stack /usr/lib/python2.7/site-packages/nova/api/openstack/wsgi.py:612
2018-06-27 03:00:45.562 29299 DEBUG nova.compute.api [req-ec087f42-5bc6-44fe-a57c-8daa89ce286a 92d5a12c11a24e98bce9deb1a9950466 d04e07f9c1ee4f8fa495dcd920530f63 - 067f25da5ad342ec93b7ee0386653cef 067f25da5ad342ec93b7ee0386653cef] [instance: f8c7758c-17af-490d-b785-beaff77bc353] Fetching instance by UUID get /usr/lib/python2.7/site-packages/nova/compute/api.py:2324
2018-06-27 03:00:45.579 29299 DEBUG oslo_concurrency.lockutils [req-ec087f42-5bc6-44fe-a57c-8daa89ce286a 92d5a12c11a24e98bce9deb1a9950466 d04e07f9c1ee4f8fa495dcd920530f63 - 067f25da5ad342ec93b7ee0386653cef 067f25da5ad342ec93b7ee0386653cef] Lock "33ddd5a9-57b2-4fc6-bb77-252a0aff0e9c" acquired by "nova.context.get_or_set_cached_cell_and_set_connections" :: waited 0.000s inner /usr/lib/python2.7/site-packages/oslo_concurrency/lockutils.py:270
2018-06-27 03:00:45.580 29299 DEBUG oslo_concurrency.lockutils [req-ec087f42-5bc6-44fe-a57c-8daa89ce286a 92d5a12c11a24e98bce9deb1a9950466 d04e07f9c1ee4f8fa495dcd920530f63 - 067f25da5ad342ec93b7ee0386653cef 067f25da5ad342ec93b7ee0386653cef] Lock "33ddd5a9-57b2-4fc6-bb77-252a0aff0e9c" released by "nova.context.get_or_set_cached_cell_and_set_connections" :: held 0.001s inner /usr/lib/python2.7/site-packages/oslo_concurrency/lockutils.py:282
2018-06-27 03:00:45.692 29299 DEBUG nova.policy [req-ec087f42-5bc6-44fe-a57c-8daa89ce286a 92d5a12c11a24e98bce9deb1a9950466 d04e07f9c1ee4f8fa495dcd920530f63 - 067f25da5ad342ec93b7ee0386653cef 067f25da5ad342ec93b7ee0386653cef] Policy check for os_compute_api:os-hide-server-addresses failed with credentials {'service_roles': [], 'user_id': u'92d5a12c11a24e98bce9deb1a9950466', 'roles': [u'admin'], 'user_domain_id': u'067f25da5ad342ec93b7ee0386653cef', 'service_project_id': None, 'service_user_id': None, 'service_user_domain_id': None, 'service_project_domain_id': None, 'is_admin_project': True, 'is_admin': True, 'project_id': u'd04e07f9c1ee4f8fa495dcd920530f63', 'project_domain_id': u'067f25da5ad342ec93b7ee0386653cef'} authorize /usr/lib/python2.7/site-packages/nova/policy.py:168
2018-06-27 03:00:46.137 29315 DEBUG nova.metadata.wsgi.server [req-633ee870-2c9f-46fe-9246-561e0a90b5fd - - - - -] (29315) accepted ('10.0.20.28', 42390) server /usr/lib/python2.7/site-packages/eventlet/wsgi.py:883
2018-06-27 03:00:46.190 29315 DEBUG oslo_db.sqlalchemy.engines [req-633ee870-2c9f-46fe-9246-561e0a90b5fd - - - - -] MySQL server mode set to STRICT_TRANS_TABLES,STRICT_ALL_TABLES,NO_ZERO_IN_DATE,NO_ZERO_DATE,ERROR_FOR_DIVISION_BY_ZERO,TRADITIONAL,NO_AUTO_CREATE_USER,NO_ENGINE_SUBSTITUTION _check_effective_sql_mode /usr/lib/python2.7/site-packages/oslo_db/sqlalchemy/engines.py:285
2018-06-27 03:00:46.254 29315 DEBUG oslo_concurrency.lockutils [req-f45b5093-94ad-4f65-8f25-07010df64c20 - - - - -] Lock "33ddd5a9-57b2-4fc6-bb77-252a0aff0e9c" acquired by "nova.context.get_or_set_cached_cell_and_set_connections" :: waited 0.000s inner /usr/lib/python2.7/site-packages/oslo_concurrency/lockutils.py:270
2018-06-27 03:00:46.261 29315 DEBUG oslo_concurrency.lockutils [req-f45b5093-94ad-4f65-8f25-07010df64c20 - - - - -] Lock "33ddd5a9-57b2-4fc6-bb77-252a0aff0e9c" released by "nova.context.get_or_set_cached_cell_and_set_connections" :: held 0.007s inner /usr/lib/python2.7/site-packages/oslo_concurrency/lockutils.py:282
2018-06-27 03:00:46.284 29315 DEBUG oslo_db.sqlalchemy.engines [req-f45b5093-94ad-4f65-8f25-07010df64c20 - - - - -] MySQL server mode set to STRICT_TRANS_TABLES,STRICT_ALL_TABLES,NO_ZERO_IN_DATE,NO_ZERO_DATE,ERROR_FOR_DIVISION_BY_ZERO,TRADITIONAL,NO_AUTO_CREATE_USER,NO_ENGINE_SUBSTITUTION _check_effective_sql_mode /usr/lib/python2.7/site-packages/oslo_db/sqlalchemy/engines.py:285
2018-06-27 03:00:46.439 29299 INFO nova.osapi_compute.wsgi.server [req-ec087f42-5bc6-44fe-a57c-8daa89ce286a 92d5a12c11a24e98bce9deb1a9950466 d04e07f9c1ee4f8fa495dcd920530f63 - 067f25da5ad342ec93b7ee0386653cef 067f25da5ad342ec93b7ee0386653cef] 10.0.20.28 "GET /v2.1/d04e07f9c1ee4f8fa495dcd920530f63/servers/f8c7758c-17af-490d-b785-beaff77bc353 HTTP/1.1" status: 200 len: 2206 time: 0.9013538
2018-06-27 03:00:46.462 29299 DEBUG nova.api.openstack.wsgi [req-9aba5e67-78a5-499b-9e1a-7634d361c3a0 92d5a12c11a24e98bce9deb1a9950466 d04e07f9c1ee4f8fa495dcd920530f63 - 067f25da5ad342ec93b7ee0386653cef 067f25da5ad342ec93b7ee0386653cef] Azione: 'action', metodo chiamata: <function version_select at 0x7f2b2a945050>, corpo: {"addFloatingIp": {"address": "172.24.4.13"}} _process_stack /usr/lib/python2.7/site-packages/nova/api/openstack/wsgi.py:609
2018-06-27 03:00:46.468 29299 DEBUG nova.compute.api [req-9aba5e67-78a5-499b-9e1a-7634d361c3a0 92d5a12c11a24e98bce9deb1a9950466 d04e07f9c1ee4f8fa495dcd920530f63 - 067f25da5ad342ec93b7ee0386653cef 067f25da5ad342ec93b7ee0386653cef] [instance: f8c7758c-17af-490d-b785-beaff77bc353] Fetching instance by UUID get /usr/lib/python2.7/site-packages/nova/compute/api.py:2324
2018-06-27 03:00:46.483 29299 DEBUG oslo_concurrency.lockutils [req-9aba5e67-78a5-499b-9e1a-7634d361c3a0 92d5a12c11a24e98bce9deb1a9950466 d04e07f9c1ee4f8fa495dcd920530f63 - 067f25da5ad342ec93b7ee0386653cef 067f25da5ad342ec93b7ee0386653cef] Lock "33ddd5a9-57b2-4fc6-bb77-252a0aff0e9c" acquired by "nova.context.get_or_set_cached_cell_and_set_connections" :: waited 0.000s inner /usr/lib/python2.7/site-packages/oslo_concurrency/lockutils.py:270
2018-06-27 03:00:46.484 29299 DEBUG oslo_concurrency.lockutils [req-9aba5e67-78a5-499b-9e1a-7634d361c3a0 92d5a12c11a24e98bce9deb1a9950466 d04e07f9c1ee4f8fa495dcd920530f63 - 067f25da5ad342ec93b7ee0386653cef 067f25da5ad342ec93b7ee0386653cef] Lock "33ddd5a9-57b2-4fc6-bb77-252a0aff0e9c" released by "nova.context.get_or_set_cached_cell_and_set_connections" :: held 0.001s inner /usr/lib/python2.7/site-packages/oslo_concurrency/lockutils.py:282
2018-06-27 03:00:46.565 29299 DEBUG oslo_concurrency.lockutils [req-9aba5e67-78a5-499b-9e1a-7634d361c3a0 92d5a12c11a24e98bce9deb1a9950466 d04e07f9c1ee4f8fa495dcd920530f63 - 067f25da5ad342ec93b7ee0386653cef 067f25da5ad342ec93b7ee0386653cef] Acquired semaphore "refresh_cache-f8c7758c-17af-490d-b785-beaff77bc353" lock /usr/lib/python2.7/site-packages/oslo_concurrency/lockutils.py:212
2018-06-27 03:00:48.421 29299 DEBUG nova.network.neutronv2.api [req-9aba5e67-78a5-499b-9e1a-7634d361c3a0 92d5a12c11a24e98bce9deb1a9950466 d04e07f9c1ee4f8fa495dcd920530f63 - 067f25da5ad342ec93b7ee0386653cef 067f25da5ad342ec93b7ee0386653cef] [instance: f8c7758c-17af-490d-b785-beaff77bc353] _get_instance_nw_info() _get_instance_nw_info /usr/lib/python2.7/site-packages/nova/network/neutronv2/api.py:1315
2018-06-27 03:00:49.953 29295 DEBUG nova.osapi_compute.wsgi.server [req-1dfe0b54-0638-4760-a313-7c6a84997472 c5cd6ef06ce14dd690705b39bb3f1552 2776224a461d4a01833ab75847b98330 - default default] (29295) accepted ('10.0.20.28', 36394) server /usr/lib/python2.7/site-packages/eventlet/wsgi.py:883
2018-06-27 03:00:50.499 29295 DEBUG nova.api.openstack.wsgi [req-7dbe144e-fa86-4419-9697-dbeabf522117 6d8b37fc134649cdb78d2d648a4d92e2 0756a888a15d4216915a13bf41cedcba - default default] Azione: 'create', metodo chiamata: <bound method ServerExternalEventsController.create of <nova.api.openstack.compute.server_external_events.ServerExternalEventsController object at 0x7f2b2abd1e50>>, corpo: {"events": [{"tag": "afd378a9-65d8-4e65-acb1-5cad87f3633b", "name": "network-changed", "server_uuid": "f8c7758c-17af-490d-b785-beaff77bc353"}]} _process_stack /usr/lib/python2.7/site-packages/nova/api/openstack/wsgi.py:609
2018-06-27 03:00:50.554 29295 DEBUG oslo_concurrency.lockutils [req-7dbe144e-fa86-4419-9697-dbeabf522117 6d8b37fc134649cdb78d2d648a4d92e2 0756a888a15d4216915a13bf41cedcba - default default] Lock "33ddd5a9-57b2-4fc6-bb77-252a0aff0e9c" acquired by "nova.context.get_or_set_cached_cell_and_set_connections" :: waited 0.000s inner /usr/lib/python2.7/site-packages/oslo_concurrency/lockutils.py:270
2018-06-27 03:00:50.555 29299 DEBUG nova.api.openstack.wsgi [req-2d417b68-467b-444a-b833-7ad3b9a7868a 0d36523847b7437682a959abed3e6696 0756a888a15d4216915a13bf41cedcba - default default] Calling method '<bound method ServersController.detail of <nova.api.openstack.compute.servers.ServersController object at 0x7f2b2a9cfc10>>' _process_stack /usr/lib/python2.7/site-packages/nova/api/openstack/wsgi.py:612
2018-06-27 03:00:50.564 29295 DEBUG oslo_concurrency.lockutils [req-7dbe144e-fa86-4419-9697-dbeabf522117 6d8b37fc134649cdb78d2d648a4d92e2 0756a888a15d4216915a13bf41cedcba - default default] Lock "33ddd5a9-57b2-4fc6-bb77-252a0aff0e9c" released by "nova.context.get_or_set_cached_cell_and_set_connections" :: held 0.011s inner /usr/lib/python2.7/site-packages/oslo_concurrency/lockutils.py:282
2018-06-27 03:00:50.574 29299 DEBUG nova.compute.api [req-2d417b68-467b-444a-b833-7ad3b9a7868a 0d36523847b7437682a959abed3e6696 0756a888a15d4216915a13bf41cedcba - default default] Searching by: {u'changes-since': datetime.datetime(2018, 6, 27, 0, 55, 48, 203541, tzinfo=<FixedOffset u'+00:00' datetime.timedelta(0)>)} get_all /usr/lib/python2.7/site-packages/nova/compute/api.py:2356
2018-06-27 03:00:50.588 29299 DEBUG oslo_concurrency.lockutils [req-2d417b68-467b-444a-b833-7ad3b9a7868a 0d36523847b7437682a959abed3e6696 0756a888a15d4216915a13bf41cedcba - default default] Lock "00000000-0000-0000-0000-000000000000" acquired by "nova.context.get_or_set_cached_cell_and_set_connections" :: waited 0.000s inner /usr/lib/python2.7/site-packages/oslo_concurrency/lockutils.py:270
2018-06-27 03:00:50.589 29299 DEBUG oslo_concurrency.lockutils [req-2d417b68-467b-444a-b833-7ad3b9a7868a 0d36523847b7437682a959abed3e6696 0756a888a15d4216915a13bf41cedcba - default default] Lock "00000000-0000-0000-0000-000000000000" released by "nova.context.get_or_set_cached_cell_and_set_connections" :: held 0.001s inner /usr/lib/python2.7/site-packages/oslo_concurrency/lockutils.py:282
2018-06-27 03:00:50.590 29295 DEBUG oslo_db.sqlalchemy.engines [req-7dbe144e-fa86-4419-9697-dbeabf522117 6d8b37fc134649cdb78d2d648a4d92e2 0756a888a15d4216915a13bf41cedcba - default default] MySQL server mode set to STRICT_TRANS_TABLES,STRICT_ALL_TABLES,NO_ZERO_IN_DATE,NO_ZERO_DATE,ERROR_FOR_DIVISION_BY_ZERO,TRADITIONAL,NO_AUTO_CREATE_USER,NO_ENGINE_SUBSTITUTION _check_effective_sql_mode /usr/lib/python2.7/site-packages/oslo_db/sqlalchemy/engines.py:285
2018-06-27 03:00:50.648 29295 INFO nova.api.openstack.compute.server_external_events [req-7dbe144e-fa86-4419-9697-dbeabf522117 6d8b37fc134649cdb78d2d648a4d92e2 0756a888a15d4216915a13bf41cedcba - default default] Creating event network-changed:afd378a9-65d8-4e65-acb1-5cad87f3633b for instance f8c7758c-17af-490d-b785-beaff77bc353 on localhost.localdomain
2018-06-27 03:00:50.692 29299 DEBUG nova.compute.api [req-2d417b68-467b-444a-b833-7ad3b9a7868a 0d36523847b7437682a959abed3e6696 0756a888a15d4216915a13bf41cedcba - default default] Skipping already-collected cell0 list _get_instances_by_filters_all_cells /usr/lib/python2.7/site-packages/nova/compute/api.py:2556
2018-06-27 03:00:50.693 29299 DEBUG nova.compute.api [req-2d417b68-467b-444a-b833-7ad3b9a7868a 0d36523847b7437682a959abed3e6696 0756a888a15d4216915a13bf41cedcba - default default] Listing 1000 instances in cell 33ddd5a9-57b2-4fc6-bb77-252a0aff0e9c(default) _get_instances_by_filters_all_cells /usr/lib/python2.7/site-packages/nova/compute/api.py:2559
2018-06-27 03:00:50.695 29299 DEBUG oslo_concurrency.lockutils [req-2d417b68-467b-444a-b833-7ad3b9a7868a 0d36523847b7437682a959abed3e6696 0756a888a15d4216915a13bf41cedcba - default default] Lock "33ddd5a9-57b2-4fc6-bb77-252a0aff0e9c" acquired by "nova.context.get_or_set_cached_cell_and_set_connections" :: waited 0.000s inner /usr/lib/python2.7/site-packages/oslo_concurrency/lockutils.py:270
2018-06-27 03:00:50.696 29299 DEBUG oslo_concurrency.lockutils [req-2d417b68-467b-444a-b833-7ad3b9a7868a 0d36523847b7437682a959abed3e6696 0756a888a15d4216915a13bf41cedcba - default default] Lock "33ddd5a9-57b2-4fc6-bb77-252a0aff0e9c" released by "nova.context.get_or_set_cached_cell_and_set_connections" :: held 0.001s inner /usr/lib/python2.7/site-packages/oslo_concurrency/lockutils.py:282
2018-06-27 03:00:50.857 29299 DEBUG nova.network.base_api [req-2d417b68-467b-444a-b833-7ad3b9a7868a 0d36523847b7437682a959abed3e6696 0756a888a15d4216915a13bf41cedcba - default default] [instance: f8c7758c-17af-490d-b785-beaff77bc353] Updating instance_info_cache with network_info: [{"profile": {}, "ovs_interfaceid": "afd378a9-65d8-4e65-acb1-5cad87f3633b", "preserve_on_delete": false, "network": {"bridge": "br-int", "subnets": [{"ips": [{"meta": {}, "version": 4, "type": "fixed", "floating_ips": [{"meta": {}, "version": 4, "type": "floating", "address": "172.24.4.13"}], "address": "11.12.1.11"}], "version": 4, "meta": {"dhcp_server": "11.12.1.2"}, "dns": [{"meta": {}, "version": 4, "type": "dns", "address": "8.8.4.4"}], "routes": [], "cidr": "11.12.1.0/24", "gateway": {"meta": {}, "version": 4, "type": "gateway", "address": "11.12.1.1"}}], "meta": {"injected": false, "tenant_id": "d04e07f9c1ee4f8fa495dcd920530f63", "mtu": 1450}, "id": "c889d02d-2f07-4cfd-bb85-5f5ad0cf9013", "label": "tempest-private-1530060963"}, "devname": "tapafd378a9-65", "vnic_type": "normal", "qbh_params": null, "meta": {}, "details": {"port_filter": true, "datapath_type": "system", "ovs_hybrid_plug": true}, "address": "fa:16:3e:dd:77:89", "active": true, "type": "ovs", "id": "afd378a9-65d8-4e65-acb1-5cad87f3633b", "qbg_params": null}] update_instance_cache_with_nw_info /usr/lib/python2.7/site-packages/nova/network/base_api.py:48
2018-06-27 03:00:50.869 29299 DEBUG oslo_concurrency.lockutils [req-2d417b68-467b-444a-b833-7ad3b9a7868a 0d36523847b7437682a959abed3e6696 0756a888a15d4216915a13bf41cedcba - default default] Lock "33ddd5a9-57b2-4fc6-bb77-252a0aff0e9c" acquired by "nova.context.get_or_set_cached_cell_and_set_connections" :: waited 0.000s inner /usr/lib/python2.7/site-packages/oslo_concurrency/lockutils.py:270
2018-06-27 03:00:50.870 29299 DEBUG oslo_concurrency.lockutils [req-2d417b68-467b-444a-b833-7ad3b9a7868a 0d36523847b7437682a959abed3e6696 0756a888a15d4216915a13bf41cedcba - default default] Lock "33ddd5a9-57b2-4fc6-bb77-252a0aff0e9c" released by "nova.context.get_or_set_cached_cell_and_set_connections" :: held 0.001s inner /usr/lib/python2.7/site-packages/oslo_concurrency/lockutils.py:282
2018-06-27 03:00:50.872 29295 INFO nova.osapi_compute.wsgi.server [req-7dbe144e-fa86-4419-9697-dbeabf522117 6d8b37fc134649cdb78d2d648a4d92e2 0756a888a15d4216915a13bf41cedcba - default default] 10.0.20.28 "POST /v2.1/0756a888a15d4216915a13bf41cedcba/os-server-external-events HTTP/1.1" status: 200 len: 578 time: 0.9150541
2018-06-27 03:00:50.897 29299 DEBUG nova.policy [req-2d417b68-467b-444a-b833-7ad3b9a7868a 0d36523847b7437682a959abed3e6696 0756a888a15d4216915a13bf41cedcba - default default] Policy check for os_compute_api:os-hide-server-addresses failed with credentials {'service_roles': [], 'user_id': u'0d36523847b7437682a959abed3e6696', 'roles': [u'admin', u'ResellerAdmin'], 'user_domain_id': u'default', 'service_project_id': None, 'service_user_id': None, 'service_user_domain_id': None, 'service_project_domain_id': None, 'is_admin_project': True, 'is_admin': True, 'project_id': u'0756a888a15d4216915a13bf41cedcba', 'project_domain_id': u'default'} authorize /usr/lib/python2.7/site-packages/nova/policy.py:168
2018-06-27 03:00:50.918 29299 DEBUG oslo_concurrency.lockutils [req-2d417b68-467b-444a-b833-7ad3b9a7868a 0d36523847b7437682a959abed3e6696 0756a888a15d4216915a13bf41cedcba - default default] Releasing semaphore "refresh_cache-f8c7758c-17af-490d-b785-beaff77bc353" lock /usr/lib/python2.7/site-packages/oslo_concurrency/lockutils.py:225
2018-06-27 03:00:50.920 29299 INFO nova.osapi_compute.wsgi.server [req-2d417b68-467b-444a-b833-7ad3b9a7868a 0d36523847b7437682a959abed3e6696 0756a888a15d4216915a13bf41cedcba - default default] 10.0.20.28 "POST /v2.1/d04e07f9c1ee4f8fa495dcd920530f63/servers/f8c7758c-17af-490d-b785-beaff77bc353/action HTTP/1.1" status: 202 len: 411 time: 4.4678440
2018-06-27 03:00:51.083 29315 WARNING oslo_config.cfg [req-f45b5093-94ad-4f65-8f25-07010df64c20 - - - - -] Option "dhcp_domain" from group "DEFAULT" is deprecated for removal (
nova-network is deprecated, as are any related configuration options.
).  Its value may be silently ignored in the future.
2018-06-27 03:00:51.086 29315 INFO nova.metadata.wsgi.server [req-f45b5093-94ad-4f65-8f25-07010df64c20 - - - - -] 11.12.1.11,10.0.20.28 "GET /2009-04-04/meta-data/ami-launch-index HTTP/1.1" status: 200 len: 117 time: 4.9409060
2018-06-27 03:00:51.692 29299 INFO nova.osapi_compute.wsgi.server [req-2d417b68-467b-444a-b833-7ad3b9a7868a 0d36523847b7437682a959abed3e6696 0756a888a15d4216915a13bf41cedcba - default default] 10.0.20.28 "GET /v2.1/0756a888a15d4216915a13bf41cedcba/servers/detail?all_tenants=True&changes-since=2018-06-27T00%3A55%3A48.203541%2B00%3A00 HTTP/1.1" status: 200 len: 2209 time: 1.6523252
2018-06-27 03:00:52.116 29338 DEBUG nova.metadata.wsgi.server [req-633ee870-2c9f-46fe-9246-561e0a90b5fd - - - - -] (29338) accepted ('10.0.20.28', 42456) server /usr/lib/python2.7/site-packages/eventlet/wsgi.py:883
2018-06-27 03:00:52.160 29338 DEBUG oslo_db.sqlalchemy.engines [req-633ee870-2c9f-46fe-9246-561e0a90b5fd - - - - -] MySQL server mode set to STRICT_TRANS_TABLES,STRICT_ALL_TABLES,NO_ZERO_IN_DATE,NO_ZERO_DATE,ERROR_FOR_DIVISION_BY_ZERO,TRADITIONAL,NO_AUTO_CREATE_USER,NO_ENGINE_SUBSTITUTION _check_effective_sql_mode /usr/lib/python2.7/site-packages/oslo_db/sqlalchemy/engines.py:285
2018-06-27 03:00:52.200 29338 DEBUG oslo_concurrency.lockutils [req-5ad27479-c189-4cc4-9a3f-e79bc0387b1b - - - - -] Lock "33ddd5a9-57b2-4fc6-bb77-252a0aff0e9c" acquired by "nova.context.get_or_set_cached_cell_and_set_connections" :: waited 0.000s inner /usr/lib/python2.7/site-packages/oslo_concurrency/lockutils.py:270
2018-06-27 03:00:52.204 29338 DEBUG oslo_concurrency.lockutils [req-5ad27479-c189-4cc4-9a3f-e79bc0387b1b - - - - -] Lock "33ddd5a9-57b2-4fc6-bb77-252a0aff0e9c" released by "nova.context.get_or_set_cached_cell_and_set_connections" :: held 0.005s inner /usr/lib/python2.7/site-packages/oslo_concurrency/lockutils.py:282
2018-06-27 03:00:52.225 29338 DEBUG oslo_db.sqlalchemy.engines [req-5ad27479-c189-4cc4-9a3f-e79bc0387b1b - - - - -] MySQL server mode set to STRICT_TRANS_TABLES,STRICT_ALL_TABLES,NO_ZERO_IN_DATE,NO_ZERO_DATE,ERROR_FOR_DIVISION_BY_ZERO,TRADITIONAL,NO_AUTO_CREATE_USER,NO_ENGINE_SUBSTITUTION _check_effective_sql_mode /usr/lib/python2.7/site-packages/oslo_db/sqlalchemy/engines.py:285
2018-06-27 03:00:54.238 29338 WARNING oslo_config.cfg [req-5ad27479-c189-4cc4-9a3f-e79bc0387b1b - - - - -] Option "dhcp_domain" from group "DEFAULT" is deprecated for removal (
nova-network is deprecated, as are any related configuration options.
).  Its value may be silently ignored in the future.
2018-06-27 03:00:54.242 29338 INFO nova.metadata.wsgi.server [req-5ad27479-c189-4cc4-9a3f-e79bc0387b1b - - - - -] 11.12.1.11,10.0.20.28 "GET /2009-04-04/meta-data/instance-type HTTP/1.1" status: 200 len: 123 time: 2.1185911
2018-06-27 03:00:55.553 29318 DEBUG nova.metadata.wsgi.server [req-633ee870-2c9f-46fe-9246-561e0a90b5fd - - - - -] (29318) accepted ('10.0.20.28', 42484) server /usr/lib/python2.7/site-packages/eventlet/wsgi.py:883
2018-06-27 03:00:55.628 29318 DEBUG oslo_db.sqlalchemy.engines [req-633ee870-2c9f-46fe-9246-561e0a90b5fd - - - - -] MySQL server mode set to STRICT_TRANS_TABLES,STRICT_ALL_TABLES,NO_ZERO_IN_DATE,NO_ZERO_DATE,ERROR_FOR_DIVISION_BY_ZERO,TRADITIONAL,NO_AUTO_CREATE_USER,NO_ENGINE_SUBSTITUTION _check_effective_sql_mode /usr/lib/python2.7/site-packages/oslo_db/sqlalchemy/engines.py:285
2018-06-27 03:00:55.677 29318 DEBUG oslo_concurrency.lockutils [req-7c17bfbe-f5b8-47d2-b0a5-a5d551dbf71d - - - - -] Lock "33ddd5a9-57b2-4fc6-bb77-252a0aff0e9c" acquired by "nova.context.get_or_set_cached_cell_and_set_connections" :: waited 0.000s inner /usr/lib/python2.7/site-packages/oslo_concurrency/lockutils.py:270
2018-06-27 03:00:55.683 29318 DEBUG oslo_concurrency.lockutils [req-7c17bfbe-f5b8-47d2-b0a5-a5d551dbf71d - - - - -] Lock "33ddd5a9-57b2-4fc6-bb77-252a0aff0e9c" released by "nova.context.get_or_set_cached_cell_and_set_connections" :: held 0.007s inner /usr/lib/python2.7/site-packages/oslo_concurrency/lockutils.py:282
2018-06-27 03:00:55.715 29318 DEBUG oslo_db.sqlalchemy.engines [req-7c17bfbe-f5b8-47d2-b0a5-a5d551dbf71d - - - - -] MySQL server mode set to STRICT_TRANS_TABLES,STRICT_ALL_TABLES,NO_ZERO_IN_DATE,NO_ZERO_DATE,ERROR_FOR_DIVISION_BY_ZERO,TRADITIONAL,NO_AUTO_CREATE_USER,NO_ENGINE_SUBSTITUTION _check_effective_sql_mode /usr/lib/python2.7/site-packages/oslo_db/sqlalchemy/engines.py:285
2018-06-27 03:00:58.004 29318 WARNING oslo_config.cfg [req-7c17bfbe-f5b8-47d2-b0a5-a5d551dbf71d - - - - -] Option "dhcp_domain" from group "DEFAULT" is deprecated for removal (
nova-network is deprecated, as are any related configuration options.
).  Its value may be silently ignored in the future.
2018-06-27 03:00:58.007 29318 INFO nova.metadata.wsgi.server [req-7c17bfbe-f5b8-47d2-b0a5-a5d551dbf71d - - - - -] 11.12.1.11,10.0.20.28 "GET /2009-04-04/meta-data/local-ipv4 HTTP/1.1" status: 200 len: 127 time: 2.4429059
2018-06-27 03:00:58.247 29312 DEBUG nova.metadata.wsgi.server [req-701e47cc-755b-4e64-bbf7-a0089b1b28ad - - - - -] (29312) accepted ('10.0.20.28', 42500) server /usr/lib/python2.7/site-packages/eventlet/wsgi.py:883
2018-06-27 03:00:58.250 29312 DEBUG nova.api.metadata.handler [req-701e47cc-755b-4e64-bbf7-a0089b1b28ad - - - - -] Using cached metadata for instance f8c7758c-17af-490d-b785-beaff77bc353 get_metadata_by_instance_id /usr/lib/python2.7/site-packages/nova/api/metadata/handler.py:78
2018-06-27 03:00:58.257 29312 INFO nova.metadata.wsgi.server [req-701e47cc-755b-4e64-bbf7-a0089b1b28ad - - - - -] 11.12.1.11,10.0.20.28 "GET /2009-04-04/meta-data/public-ipv4 HTTP/1.1" status: 200 len: 116 time: 0.0080528
2018-06-27 03:00:59.229 29318 DEBUG nova.metadata.wsgi.server [req-7c17bfbe-f5b8-47d2-b0a5-a5d551dbf71d - - - - -] (29318) accepted ('10.0.20.28', 42510) server /usr/lib/python2.7/site-packages/eventlet/wsgi.py:883
2018-06-27 03:00:59.233 29318 DEBUG nova.api.metadata.handler [req-7c17bfbe-f5b8-47d2-b0a5-a5d551dbf71d - - - - -] Using cached metadata for instance f8c7758c-17af-490d-b785-beaff77bc353 get_metadata_by_instance_id /usr/lib/python2.7/site-packages/nova/api/metadata/handler.py:78
2018-06-27 03:00:59.244 29318 INFO nova.metadata.wsgi.server [req-7c17bfbe-f5b8-47d2-b0a5-a5d551dbf71d - - - - -] 11.12.1.11,10.0.20.28 "GET /2009-04-04/meta-data/hostname HTTP/1.1" status: 200 len: 161 time: 0.0113931
2018-06-27 03:00:59.485 29312 DEBUG nova.metadata.wsgi.server [req-701e47cc-755b-4e64-bbf7-a0089b1b28ad - - - - -] (29312) accepted ('10.0.20.28', 42512) server /usr/lib/python2.7/site-packages/eventlet/wsgi.py:883
2018-06-27 03:00:59.504 29312 DEBUG oslo_concurrency.lockutils [req-11b7054d-769b-4f78-b45e-b127d91e9267 - - - - -] Lock "33ddd5a9-57b2-4fc6-bb77-252a0aff0e9c" acquired by "nova.context.get_or_set_cached_cell_and_set_connections" :: waited 0.000s inner /usr/lib/python2.7/site-packages/oslo_concurrency/lockutils.py:270
2018-06-27 03:00:59.505 29312 DEBUG oslo_concurrency.lockutils [req-11b7054d-769b-4f78-b45e-b127d91e9267 - - - - -] Lock "33ddd5a9-57b2-4fc6-bb77-252a0aff0e9c" released by "nova.context.get_or_set_cached_cell_and_set_connections" :: held 0.001s inner /usr/lib/python2.7/site-packages/oslo_concurrency/lockutils.py:282
2018-06-27 03:00:59.924 29312 INFO nova.metadata.wsgi.server [req-11b7054d-769b-4f78-b45e-b127d91e9267 - - - - -] 11.12.1.11,10.0.20.28 "GET /2009-04-04/meta-data/local-hostname HTTP/1.1" status: 200 len: 161 time: 0.4358280
2018-06-27 03:01:00.218 29318 DEBUG nova.metadata.wsgi.server [req-7c17bfbe-f5b8-47d2-b0a5-a5d551dbf71d - - - - -] (29318) accepted ('10.0.20.28', 42520) server /usr/lib/python2.7/site-packages/eventlet/wsgi.py:883
2018-06-27 03:01:00.221 29318 DEBUG nova.api.metadata.handler [req-7c17bfbe-f5b8-47d2-b0a5-a5d551dbf71d - - - - -] Using cached metadata for instance f8c7758c-17af-490d-b785-beaff77bc353 get_metadata_by_instance_id /usr/lib/python2.7/site-packages/nova/api/metadata/handler.py:78
2018-06-27 03:01:00.234 29318 INFO nova.metadata.wsgi.server [req-7c17bfbe-f5b8-47d2-b0a5-a5d551dbf71d - - - - -] 11.12.1.11,10.0.20.28 "GET /2009-04-04/user-data HTTP/1.1" status: 404 len: 176 time: 0.0139191
2018-06-27 03:01:00.746 29318 DEBUG nova.metadata.wsgi.server [req-7c17bfbe-f5b8-47d2-b0a5-a5d551dbf71d - - - - -] (29318) accepted ('10.0.20.28', 42526) server /usr/lib/python2.7/site-packages/eventlet/wsgi.py:883
2018-06-27 03:01:00.749 29318 DEBUG nova.api.metadata.handler [req-7c17bfbe-f5b8-47d2-b0a5-a5d551dbf71d - - - - -] Using cached metadata for instance f8c7758c-17af-490d-b785-beaff77bc353 get_metadata_by_instance_id /usr/lib/python2.7/site-packages/nova/api/metadata/handler.py:78
2018-06-27 03:01:00.749 29295 DEBUG nova.osapi_compute.wsgi.server [req-7dbe144e-fa86-4419-9697-dbeabf522117 6d8b37fc134649cdb78d2d648a4d92e2 0756a888a15d4216915a13bf41cedcba - default default] (29295) accepted ('10.0.20.28', 36498) server /usr/lib/python2.7/site-packages/eventlet/wsgi.py:883
2018-06-27 03:01:00.751 29318 INFO nova.metadata.wsgi.server [req-7c17bfbe-f5b8-47d2-b0a5-a5d551dbf71d - - - - -] 11.12.1.11,10.0.20.28 "GET /2009-04-04/meta-data/block-device-mapping HTTP/1.1" status: 200 len: 124 time: 0.0023980
2018-06-27 03:01:01.140 29295 INFO nova.osapi_compute.wsgi.server [req-e4d8f18e-8c36-4d55-bf39-95b3525d646d 92d5a12c11a24e98bce9deb1a9950466 d04e07f9c1ee4f8fa495dcd920530f63 - 067f25da5ad342ec93b7ee0386653cef 067f25da5ad342ec93b7ee0386653cef] 10.0.20.28 "GET /v2.1/d04e07f9c1ee4f8fa495dcd920530f63 HTTP/1.1" status: 404 len: 382 time: 0.3895419
2018-06-27 03:01:01.156 29318 DEBUG nova.metadata.wsgi.server [req-7c17bfbe-f5b8-47d2-b0a5-a5d551dbf71d - - - - -] (29318) accepted ('10.0.20.28', 42536) server /usr/lib/python2.7/site-packages/eventlet/wsgi.py:883
2018-06-27 03:01:01.159 29318 DEBUG nova.api.metadata.handler [req-7c17bfbe-f5b8-47d2-b0a5-a5d551dbf71d - - - - -] Using cached metadata for instance f8c7758c-17af-490d-b785-beaff77bc353 get_metadata_by_instance_id /usr/lib/python2.7/site-packages/nova/api/metadata/handler.py:78
2018-06-27 03:01:01.160 29318 INFO nova.metadata.wsgi.server [req-7c17bfbe-f5b8-47d2-b0a5-a5d551dbf71d - - - - -] 11.12.1.11,10.0.20.28 "GET /2009-04-04/meta-data/block-device-mapping/ami HTTP/1.1" status: 200 len: 119 time: 0.0017660
2018-06-27 03:01:01.163 29295 DEBUG nova.api.openstack.wsgi [req-f61b4273-8f60-48ff-bfe4-05c6d36e7c31 92d5a12c11a24e98bce9deb1a9950466 d04e07f9c1ee4f8fa495dcd920530f63 - 067f25da5ad342ec93b7ee0386653cef 067f25da5ad342ec93b7ee0386653cef] Calling method '<bound method VersionsController.show of <nova.api.openstack.compute.versionsV21.VersionsController object at 0x7f2b2adf3c10>>' _process_stack /usr/lib/python2.7/site-packages/nova/api/openstack/wsgi.py:612
2018-06-27 03:01:01.166 29295 INFO nova.osapi_compute.wsgi.server [req-f61b4273-8f60-48ff-bfe4-05c6d36e7c31 92d5a12c11a24e98bce9deb1a9950466 d04e07f9c1ee4f8fa495dcd920530f63 - 067f25da5ad342ec93b7ee0386653cef 067f25da5ad342ec93b7ee0386653cef] 10.0.20.28 "GET /v2.1/ HTTP/1.1" status: 200 len: 783 time: 0.0136840
2018-06-27 03:01:01.425 29295 DEBUG nova.api.openstack.wsgi [req-9ae85059-9254-446b-82a5-79645a39c128 92d5a12c11a24e98bce9deb1a9950466 d04e07f9c1ee4f8fa495dcd920530f63 - 067f25da5ad342ec93b7ee0386653cef 067f25da5ad342ec93b7ee0386653cef] Calling method '<bound method ServersController.detail of <nova.api.openstack.compute.servers.ServersController object at 0x7f2b2a9cfc10>>' _process_stack /usr/lib/python2.7/site-packages/nova/api/openstack/wsgi.py:612
2018-06-27 03:01:01.432 29295 DEBUG nova.compute.api [req-9ae85059-9254-446b-82a5-79645a39c128 92d5a12c11a24e98bce9deb1a9950466 d04e07f9c1ee4f8fa495dcd920530f63 - 067f25da5ad342ec93b7ee0386653cef 067f25da5ad342ec93b7ee0386653cef] Searching by: {'deleted': False, 'project_id': u'd04e07f9c1ee4f8fa495dcd920530f63'} get_all /usr/lib/python2.7/site-packages/nova/compute/api.py:2356
2018-06-27 03:01:01.464 29295 DEBUG oslo_concurrency.lockutils [req-9ae85059-9254-446b-82a5-79645a39c128 92d5a12c11a24e98bce9deb1a9950466 d04e07f9c1ee4f8fa495dcd920530f63 - 067f25da5ad342ec93b7ee0386653cef 067f25da5ad342ec93b7ee0386653cef] Lock "00000000-0000-0000-0000-000000000000" acquired by "nova.context.get_or_set_cached_cell_and_set_connections" :: waited 0.000s inner /usr/lib/python2.7/site-packages/oslo_concurrency/lockutils.py:270
