2018-06-27 01:32:00.834 28666 DEBUG neutron.pecan_wsgi.hooks.policy_enforcement [req-367477a6-b6d2-4b85-b65f-c3edc4c8d938 8d51c6595f7b4b648f3775454a985b0c e3731f8202904eebb3e6658e91a6b0b5 - default default] Attributes excluded by policy engine: [u'shared'] _exclude_attributes_by_policy /usr/lib/python2.7/site-packages/neutron/pecan_wsgi/hooks/policy_enforcement.py:256
2018-06-27 01:32:00.975 28666 INFO neutron.wsgi [req-367477a6-b6d2-4b85-b65f-c3edc4c8d938 8d51c6595f7b4b648f3775454a985b0c e3731f8202904eebb3e6658e91a6b0b5 - default default] 10.0.20.22 "GET /v2.0/subnets?id=482aeca8-a24a-4c41-a222-a086cb79ba31 HTTP/1.1" status: 200  len: 819 time: 0.3091791
2018-06-27 01:32:01.104 28666 INFO neutron.wsgi [req-2c4bab95-c4fc-426f-8546-4307a9871fb3 8d51c6595f7b4b648f3775454a985b0c e3731f8202904eebb3e6658e91a6b0b5 - default default] 10.0.20.22 "GET /v2.0/ports?network_id=2ce34dd7-df32-4a77-980f-3c1215fa4847&device_owner=network%3Adhcp HTTP/1.1" status: 200  len: 210 time: 0.1204321
2018-06-27 01:32:14.032 28710 DEBUG neutron_lib.callbacks.manager [req-4afe5ea8-9f4d-4900-adca-d70d284b1358 - - - - -] Notify callbacks ['neutron.services.segments.db._update_segment_host_mapping_for_agent-8755516982834'] for agent, after_update _notify_loop /usr/lib/python2.7/site-packages/neutron_lib/callbacks/manager.py:167
2018-06-27 01:32:14.639 28699 DEBUG neutron_lib.callbacks.manager [req-07bef465-9517-483e-9799-b24b2699d240 - - - - -] Notify callbacks ['neutron.services.segments.db._update_segment_host_mapping_for_agent-8755516982834'] for agent, after_update _notify_loop /usr/lib/python2.7/site-packages/neutron_lib/callbacks/manager.py:167
2018-06-27 01:32:14.875 28664 INFO neutron.wsgi [req-0ff44f51-6e5a-42ae-93ce-34a62bdb1fae cd4b890ab2de4fca948c5657f420244e a0366c0bae764e6ca25ab5def1cb88ea - 195ad9c8e5d942bea80b59fdb252f70d 195ad9c8e5d942bea80b59fdb252f70d] 10.0.20.22 "GET /v2.0/ports?device_id=6a978619-873f-45fe-b880-0fb397d5be2e HTTP/1.1" status: 200  len: 1124 time: 2.5056639
2018-06-27 01:32:15.019 28664 INFO neutron.wsgi [req-0d0a0217-a070-4c9d-a563-1e97ebe94e75 cd4b890ab2de4fca948c5657f420244e a0366c0bae764e6ca25ab5def1cb88ea - 195ad9c8e5d942bea80b59fdb252f70d 195ad9c8e5d942bea80b59fdb252f70d] 10.0.20.22 "GET /v2.0/security-groups?id=d4fa282a-d3e6-4cb1-844f-18ba1c47a64a HTTP/1.1" status: 200  len: 2118 time: 0.1370530
2018-06-27 01:32:15.226 28715 DEBUG neutron_lib.callbacks.manager [req-e2c49504-537d-42e1-9837-e5d0c5a1cf40 - - - - -] Notify callbacks ['neutron.services.segments.db._update_segment_host_mapping_for_agent-8755516982834'] for agent, after_update _notify_loop /usr/lib/python2.7/site-packages/neutron_lib/callbacks/manager.py:167
2018-06-27 01:32:16.077 28666 INFO neutron.wsgi [req-e499d4c4-d34e-49f8-858a-17b69b80dab3 8d51c6595f7b4b648f3775454a985b0c e3731f8202904eebb3e6658e91a6b0b5 - default default] 10.0.20.22 "GET /v2.0/ports?tenant_id=a0366c0bae764e6ca25ab5def1cb88ea&device_id=6a978619-873f-45fe-b880-0fb397d5be2e HTTP/1.1" status: 200  len: 1124 time: 0.1951170
2018-06-27 01:32:16.338 28666 DEBUG neutron.pecan_wsgi.hooks.policy_enforcement [req-f4711af3-0c89-4a3c-8231-2be65854eef0 8d51c6595f7b4b648f3775454a985b0c e3731f8202904eebb3e6658e91a6b0b5 - default default] Attributes excluded by policy engine: [u'vlan_transparent'] _exclude_attributes_by_policy /usr/lib/python2.7/site-packages/neutron/pecan_wsgi/hooks/policy_enforcement.py:256
2018-06-27 01:32:16.340 28666 INFO neutron.wsgi [req-f4711af3-0c89-4a3c-8231-2be65854eef0 8d51c6595f7b4b648f3775454a985b0c e3731f8202904eebb3e6658e91a6b0b5 - default default] 10.0.20.22 "GET /v2.0/networks?id=b4a992d7-4d32-4c9c-b481-e0a3d482915e HTTP/1.1" status: 200  len: 885 time: 0.2533898
2018-06-27 01:32:16.397 28666 INFO neutron.wsgi [req-06105545-a38f-4b5b-992a-0ff29ec171ff 8d51c6595f7b4b648f3775454a985b0c e3731f8202904eebb3e6658e91a6b0b5 - default default] 10.0.20.22 "GET /v2.0/floatingips?fixed_ip_address=11.82.1.12&port_id=df347eb5-06ac-43cf-9fc5-72ef2e74f7c9 HTTP/1.1" status: 200  len: 751 time: 0.0520072
2018-06-27 01:32:16.545 28666 DEBUG neutron.pecan_wsgi.hooks.policy_enforcement [req-b7f0c537-6a23-47e4-a7c7-4110254748b5 8d51c6595f7b4b648f3775454a985b0c e3731f8202904eebb3e6658e91a6b0b5 - default default] Attributes excluded by policy engine: [u'shared'] _exclude_attributes_by_policy /usr/lib/python2.7/site-packages/neutron/pecan_wsgi/hooks/policy_enforcement.py:256
2018-06-27 01:32:16.547 28666 INFO neutron.wsgi [req-b7f0c537-6a23-47e4-a7c7-4110254748b5 8d51c6595f7b4b648f3775454a985b0c e3731f8202904eebb3e6658e91a6b0b5 - default default] 10.0.20.22 "GET /v2.0/subnets?id=960cec58-02f1-4d0d-bea0-5c7f3c42e67c HTTP/1.1" status: 200  len: 843 time: 0.1426320
2018-06-27 01:32:16.717 28666 INFO neutron.wsgi [req-1aab0104-4240-4bab-bb44-77770f241864 8d51c6595f7b4b648f3775454a985b0c e3731f8202904eebb3e6658e91a6b0b5 - default default] 10.0.20.22 "GET /v2.0/ports?network_id=b4a992d7-4d32-4c9c-b481-e0a3d482915e&device_owner=network%3Adhcp HTTP/1.1" status: 200  len: 1127 time: 0.1528790
2018-06-27 01:32:16.896 28729 DEBUG neutron.db.agents_db [req-621518ec-b71d-4ad7-b66c-e9f939c33098 - - - - -] Agent healthcheck: found 5 active agents agent_health_check /usr/lib/python2.7/site-packages/neutron/db/agents_db.py:281
2018-06-27 01:32:20.750 28696 DEBUG neutron.plugins.ml2.rpc [req-e2c49504-537d-42e1-9837-e5d0c5a1cf40 - - - - -] Device df347eb5-06ac-43cf-9fc5-72ef2e74f7c9 no longer exists at agent ovs-agent-localhost.localdomain update_device_down /usr/lib/python2.7/site-packages/neutron/plugins/ml2/rpc.py:213
2018-06-27 01:32:21.055 28696 DEBUG neutron_lib.callbacks.manager [req-e2c49504-537d-42e1-9837-e5d0c5a1cf40 - - - - -] Notify callbacks ['neutron.plugins.ml2.plugin.Ml2Plugin._ensure_default_security_group_handler--9223372036838346136'] for port, before_update _notify_loop /usr/lib/python2.7/site-packages/neutron_lib/callbacks/manager.py:167
2018-06-27 01:32:21.152 28696 DEBUG neutron.plugins.ml2.db [req-e2c49504-537d-42e1-9837-e5d0c5a1cf40 - - - - -] For port df347eb5-06ac-43cf-9fc5-72ef2e74f7c9, host localhost.localdomain, got binding levels [<neutron.plugins.ml2.models.PortBindingLevel[object at 7f68d6cb6190] {port_id=u'df347eb5-06ac-43cf-9fc5-72ef2e74f7c9', host=u'localhost.localdomain', level=0, driver=u'openvswitch', segment_id=u'9fc2f1d4-4705-4f1f-b0d4-d7b04f227940'}>] get_binding_levels /usr/lib/python2.7/site-packages/neutron/plugins/ml2/db.py:106
2018-06-27 01:32:21.161 28696 DEBUG oslo_concurrency.lockutils [-] Lock "notifier-87412442-0548-446f-b867-a78030e6ee3c" acquired by "neutron.notifiers.batch_notifier.synced_send" :: waited 0.005s inner /usr/lib/python2.7/site-packages/oslo_concurrency/lockutils.py:270
2018-06-27 01:32:21.162 28696 DEBUG neutron.notifiers.nova [-] Sending events: [{'status': 'completed', 'tag': u'df347eb5-06ac-43cf-9fc5-72ef2e74f7c9', 'name': 'network-vif-unplugged', 'server_uuid': u'6a978619-873f-45fe-b880-0fb397d5be2e'}] send_events /usr/lib/python2.7/site-packages/neutron/notifiers/nova.py:242
2018-06-27 01:32:21.193 28696 DEBUG novaclient.v2.client [-] REQ: curl -g -i -X POST http://10.0.20.22:8774/v2.1/e3731f8202904eebb3e6658e91a6b0b5/os-server-external-events -H "User-Agent: python-novaclient" -H "Content-Type: application/json" -H "Accept: application/json" -H "X-OpenStack-Nova-API-Version: 2.1" -H "X-Auth-Token: {SHA1}c4c7b52868dd42a6774a8a23ebd77939847b70d2" -d '{"events": [{"status": "completed", "tag": "df347eb5-06ac-43cf-9fc5-72ef2e74f7c9", "name": "network-vif-unplugged", "server_uuid": "6a978619-873f-45fe-b880-0fb397d5be2e"}]}' _http_log_request /usr/lib/python2.7/site-packages/keystoneauth1/session.py:375
2018-06-27 01:32:21.227 28696 DEBUG neutron_lib.callbacks.manager [req-e2c49504-537d-42e1-9837-e5d0c5a1cf40 - - - - -] Notify callbacks ['neutron.plugins.ml2.ovo_rpc._ObjectChangeHandler.handle_event-743970', 'neutron.plugins.ml2.plugin.Ml2Plugin.notify_sg_on_port_change-16429781', 'neutron.db.l3_dvrscheduler_db._notify_l3_agent_port_update-8755516619946', 'neutron.db.l3_hascheduler_db._notify_l3_agent_ha_port_update-8755516620021', 'neutron.api.rpc.agentnotifiers.dhcp_rpc_agent_api.DhcpAgentNotifyAPI._native_event_send_dhcp_notification-702483'] for port, after_update _notify_loop /usr/lib/python2.7/site-packages/neutron_lib/callbacks/manager.py:167
2018-06-27 01:32:21.264 28696 DEBUG oslo_concurrency.lockutils [-] Lock "event-dispatch" acquired by "neutron.plugins.ml2.ovo_rpc.dispatch_events" :: waited 0.001s inner /usr/lib/python2.7/site-packages/oslo_concurrency/lockutils.py:270
2018-06-27 01:32:21.447 28696 DEBUG neutron.api.rpc.handlers.resources_rpc [req-e2c49504-537d-42e1-9837-e5d0c5a1cf40 - - - - -] neutron.api.rpc.handlers.resources_rpc.ResourcesPushRpcApi method push called with arguments (<neutron_lib.context.Context object at 0x7f68d6d83ed0>, [Port(admin_state_up=True,allowed_address_pairs=[],binding=PortBinding,binding_levels=[PortBindingLevel],created_at=2018-06-26T23:29:22Z,data_plane_status=<?>,description='',device_id='6a978619-873f-45fe-b880-0fb397d5be2e',device_owner='compute:nova',dhcp_options=[],distributed_binding=None,dns=None,fixed_ips=[IPAllocation],id=df347eb5-06ac-43cf-9fc5-72ef2e74f7c9,mac_address=fa:16:3e:0c:f2:0f,name='',network_id=b4a992d7-4d32-4c9c-b481-e0a3d482915e,project_id='a0366c0bae764e6ca25ab5def1cb88ea',qos_policy_id=None,revision_number=7,security=PortSecurity(df347eb5-06ac-43cf-9fc5-72ef2e74f7c9),security_group_ids=set([d4fa282a-d3e6-4cb1-844f-18ba1c47a64a]),status='DOWN',updated_at=2018-06-26T23:32:21Z)], 'updated') {} wrapper /usr/lib/python2.7/site-packages/oslo_log/helpers.py:66
2018-06-27 01:32:21.468 28696 DEBUG neutron.api.rpc.callbacks.version_manager [req-e2c49504-537d-42e1-9837-e5d0c5a1cf40 - - - - -] Version for resource type Subnet changed None to 1.0 on consumer Open vSwitch agent@localhost.localdomain _set_version /usr/lib/python2.7/site-packages/neutron/api/rpc/callbacks/version_manager.py:119
2018-06-27 01:32:21.469 28696 DEBUG neutron.api.rpc.callbacks.version_manager [req-e2c49504-537d-42e1-9837-e5d0c5a1cf40 - - - - -] Version for resource type Network changed None to 1.0 on consumer Open vSwitch agent@localhost.localdomain _set_version /usr/lib/python2.7/site-packages/neutron/api/rpc/callbacks/version_manager.py:119
2018-06-27 01:32:21.469 28696 DEBUG neutron.api.rpc.callbacks.version_manager [req-e2c49504-537d-42e1-9837-e5d0c5a1cf40 - - - - -] Version for resource type SubPort changed None to 1.0 on consumer Open vSwitch agent@localhost.localdomain _set_version /usr/lib/python2.7/site-packages/neutron/api/rpc/callbacks/version_manager.py:119
2018-06-27 01:32:21.470 28696 DEBUG neutron.api.rpc.callbacks.version_manager [req-e2c49504-537d-42e1-9837-e5d0c5a1cf40 - - - - -] Version for resource type SecurityGroup changed None to 1.0 on consumer Open vSwitch agent@localhost.localdomain _set_version /usr/lib/python2.7/site-packages/neutron/api/rpc/callbacks/version_manager.py:119
2018-06-27 01:32:21.470 28696 DEBUG neutron.api.rpc.callbacks.version_manager [req-e2c49504-537d-42e1-9837-e5d0c5a1cf40 - - - - -] Version for resource type SecurityGroupRule changed None to 1.0 on consumer Open vSwitch agent@localhost.localdomain _set_version /usr/lib/python2.7/site-packages/neutron/api/rpc/callbacks/version_manager.py:119
2018-06-27 01:32:21.472 28696 DEBUG neutron.api.rpc.callbacks.version_manager [req-e2c49504-537d-42e1-9837-e5d0c5a1cf40 - - - - -] Version for resource type Trunk changed None to 1.1 on consumer Open vSwitch agent@localhost.localdomain _set_version /usr/lib/python2.7/site-packages/neutron/api/rpc/callbacks/version_manager.py:119
2018-06-27 01:32:21.474 28696 DEBUG neutron.api.rpc.callbacks.version_manager [req-e2c49504-537d-42e1-9837-e5d0c5a1cf40 - - - - -] Version for resource type QosPolicy changed None to 1.6 on consumer Open vSwitch agent@localhost.localdomain _set_version /usr/lib/python2.7/site-packages/neutron/api/rpc/callbacks/version_manager.py:119
2018-06-27 01:32:21.475 28696 DEBUG neutron.api.rpc.callbacks.version_manager [req-e2c49504-537d-42e1-9837-e5d0c5a1cf40 - - - - -] Version for resource type Port changed None to 1.1 on consumer Open vSwitch agent@localhost.localdomain _set_version /usr/lib/python2.7/site-packages/neutron/api/rpc/callbacks/version_manager.py:119
2018-06-27 01:32:21.476 28696 DEBUG neutron.api.rpc.callbacks.version_manager [req-e2c49504-537d-42e1-9837-e5d0c5a1cf40 - - - - -] Version for resource type Log changed None to 1.0 on consumer Open vSwitch agent@localhost.localdomain _set_version /usr/lib/python2.7/site-packages/neutron/api/rpc/callbacks/version_manager.py:119
2018-06-27 01:32:21.510 28696 DEBUG oslo_concurrency.lockutils [req-e2c49504-537d-42e1-9837-e5d0c5a1cf40 - - - - -] Lock "event-dispatch" released by "neutron.plugins.ml2.ovo_rpc.dispatch_events" :: held 0.246s inner /usr/lib/python2.7/site-packages/oslo_concurrency/lockutils.py:282
2018-06-27 01:32:22.076 28696 DEBUG novaclient.v2.client [-] RESP: [200] Content-Length: 185 Content-Type: application/json Openstack-Api-Version: compute 2.1 X-Openstack-Nova-Api-Version: 2.1 Vary: OpenStack-API-Version, X-OpenStack-Nova-API-Version X-Openstack-Request-Id: req-e93fa3f5-726f-401a-aa75-a7d604915a70 X-Compute-Request-Id: req-e93fa3f5-726f-401a-aa75-a7d604915a70 Date: Tue, 26 Jun 2018 23:32:22 GMT Connection: keep-alive 
RESP BODY: {"events": [{"status": "completed", "tag": "df347eb5-06ac-43cf-9fc5-72ef2e74f7c9", "name": "network-vif-unplugged", "server_uuid": "6a978619-873f-45fe-b880-0fb397d5be2e", "code": 200}]}
 _http_log_response /usr/lib/python2.7/site-packages/keystoneauth1/session.py:423
2018-06-27 01:32:22.076 28696 DEBUG novaclient.v2.client [-] POST call to compute for http://10.0.20.22:8774/v2.1/e3731f8202904eebb3e6658e91a6b0b5/os-server-external-events used request id req-e93fa3f5-726f-401a-aa75-a7d604915a70 request /usr/lib/python2.7/site-packages/keystoneauth1/session.py:727
2018-06-27 01:32:22.086 28696 INFO neutron.notifiers.nova [-] Nova event response: {u'status': u'completed', u'tag': u'df347eb5-06ac-43cf-9fc5-72ef2e74f7c9', u'name': u'network-vif-unplugged', u'server_uuid': u'6a978619-873f-45fe-b880-0fb397d5be2e', u'code': 200}
2018-06-27 01:32:22.702 28725 DEBUG neutron_lib.callbacks.manager [req-30537a03-82b3-456b-8319-c2ea73320c31 - - - - -] Notify callbacks ['neutron.services.segments.db._update_segment_host_mapping_for_agent-8755516982834'] for agent, after_update _notify_loop /usr/lib/python2.7/site-packages/neutron_lib/callbacks/manager.py:167
2018-06-27 01:32:22.816 28728 DEBUG neutron_lib.callbacks.manager [req-527c6a35-aece-4400-a83c-36cde9cb51cb - - - - -] Notify callbacks ['neutron.services.segments.db._update_segment_host_mapping_for_agent-8755516982834'] for agent, after_update _notify_loop /usr/lib/python2.7/site-packages/neutron_lib/callbacks/manager.py:167
2018-06-27 01:32:24.087 28696 DEBUG oslo_concurrency.lockutils [-] Lock "notifier-87412442-0548-446f-b867-a78030e6ee3c" released by "neutron.notifiers.batch_notifier.synced_send" :: held 2.926s inner /usr/lib/python2.7/site-packages/oslo_concurrency/lockutils.py:282
2018-06-27 01:32:26.690 28722 DEBUG neutron.plugins.ml2.rpc [req-e2c49504-537d-42e1-9837-e5d0c5a1cf40 - - - - -] Device df347eb5-06ac-43cf-9fc5-72ef2e74f7c9 up at agent ovs-agent-localhost.localdomain update_device_up /usr/lib/python2.7/site-packages/neutron/plugins/ml2/rpc.py:244
2018-06-27 01:32:26.845 28722 DEBUG neutron.db.provisioning_blocks [req-e2c49504-537d-42e1-9837-e5d0c5a1cf40 - - - - -] Provisioning complete for port df347eb5-06ac-43cf-9fc5-72ef2e74f7c9 triggered by entity L2. provisioning_complete /usr/lib/python2.7/site-packages/neutron/db/provisioning_blocks.py:138
2018-06-27 01:32:26.846 28722 DEBUG neutron_lib.callbacks.manager [req-e2c49504-537d-42e1-9837-e5d0c5a1cf40 - - - - -] Notify callbacks ['neutron.plugins.ml2.plugin.Ml2Plugin._port_provisioned-16761252'] for port, provisioning_complete _notify_loop /usr/lib/python2.7/site-packages/neutron_lib/callbacks/manager.py:167
2018-06-27 01:32:27.048 28722 DEBUG neutron_lib.callbacks.manager [req-e2c49504-537d-42e1-9837-e5d0c5a1cf40 - - - - -] Notify callbacks ['neutron.plugins.ml2.plugin.Ml2Plugin._ensure_default_security_group_handler--9223372036838346136'] for port, before_update _notify_loop /usr/lib/python2.7/site-packages/neutron_lib/callbacks/manager.py:167
2018-06-27 01:32:27.152 28722 DEBUG neutron.plugins.ml2.db [req-e2c49504-537d-42e1-9837-e5d0c5a1cf40 - - - - -] For port df347eb5-06ac-43cf-9fc5-72ef2e74f7c9, host localhost.localdomain, got binding levels [<neutron.plugins.ml2.models.PortBindingLevel[object at 7f68d6d748d0] {port_id=u'df347eb5-06ac-43cf-9fc5-72ef2e74f7c9', host=u'localhost.localdomain', level=0, driver=u'openvswitch', segment_id=u'9fc2f1d4-4705-4f1f-b0d4-d7b04f227940'}>] get_binding_levels /usr/lib/python2.7/site-packages/neutron/plugins/ml2/db.py:106
2018-06-27 01:32:27.159 28722 DEBUG oslo_concurrency.lockutils [-] Lock "notifier-87412442-0548-446f-b867-a78030e6ee3c" acquired by "neutron.notifiers.batch_notifier.synced_send" :: waited 0.000s inner /usr/lib/python2.7/site-packages/oslo_concurrency/lockutils.py:270
2018-06-27 01:32:27.159 28722 DEBUG neutron.notifiers.nova [-] Sending events: [{'status': 'completed', 'tag': u'df347eb5-06ac-43cf-9fc5-72ef2e74f7c9', 'name': 'network-vif-plugged', 'server_uuid': u'6a978619-873f-45fe-b880-0fb397d5be2e'}] send_events /usr/lib/python2.7/site-packages/neutron/notifiers/nova.py:242
2018-06-27 01:32:27.186 28722 DEBUG neutron_lib.callbacks.manager [req-e2c49504-537d-42e1-9837-e5d0c5a1cf40 - - - - -] Notify callbacks ['neutron.plugins.ml2.ovo_rpc._ObjectChangeHandler.handle_event-743970', 'neutron.plugins.ml2.plugin.Ml2Plugin.notify_sg_on_port_change-16429781', 'neutron.db.l3_dvrscheduler_db._notify_l3_agent_port_update-8755516619946', 'neutron.db.l3_hascheduler_db._notify_l3_agent_ha_port_update-8755516620021', 'neutron.api.rpc.agentnotifiers.dhcp_rpc_agent_api.DhcpAgentNotifyAPI._native_event_send_dhcp_notification-702483'] for port, after_update _notify_loop /usr/lib/python2.7/site-packages/neutron_lib/callbacks/manager.py:167
2018-06-27 01:32:27.240 28722 DEBUG oslo_concurrency.lockutils [-] Lock "event-dispatch" acquired by "neutron.plugins.ml2.ovo_rpc.dispatch_events" :: waited 0.003s inner /usr/lib/python2.7/site-packages/oslo_concurrency/lockutils.py:270
2018-06-27 01:32:27.441 28722 DEBUG neutron.api.rpc.handlers.resources_rpc [req-e2c49504-537d-42e1-9837-e5d0c5a1cf40 - - - - -] neutron.api.rpc.handlers.resources_rpc.ResourcesPushRpcApi method push called with arguments (<neutron_lib.context.Context object at 0x7f68d6ae5850>, [Port(admin_state_up=True,allowed_address_pairs=[],binding=PortBinding,binding_levels=[PortBindingLevel],created_at=2018-06-26T23:29:22Z,data_plane_status=<?>,description='',device_id='6a978619-873f-45fe-b880-0fb397d5be2e',device_owner='compute:nova',dhcp_options=[],distributed_binding=None,dns=None,fixed_ips=[IPAllocation],id=df347eb5-06ac-43cf-9fc5-72ef2e74f7c9,mac_address=fa:16:3e:0c:f2:0f,name='',network_id=b4a992d7-4d32-4c9c-b481-e0a3d482915e,project_id='a0366c0bae764e6ca25ab5def1cb88ea',qos_policy_id=None,revision_number=8,security=PortSecurity(df347eb5-06ac-43cf-9fc5-72ef2e74f7c9),security_group_ids=set([d4fa282a-d3e6-4cb1-844f-18ba1c47a64a]),status='ACTIVE',updated_at=2018-06-26T23:32:27Z)], 'updated') {} wrapper /usr/lib/python2.7/site-packages/oslo_log/helpers.py:66
2018-06-27 01:32:27.462 28722 DEBUG neutron.api.rpc.callbacks.version_manager [req-e2c49504-537d-42e1-9837-e5d0c5a1cf40 - - - - -] Version for resource type Subnet changed None to 1.0 on consumer Open vSwitch agent@localhost.localdomain _set_version /usr/lib/python2.7/site-packages/neutron/api/rpc/callbacks/version_manager.py:119
2018-06-27 01:32:27.463 28722 DEBUG neutron.api.rpc.callbacks.version_manager [req-e2c49504-537d-42e1-9837-e5d0c5a1cf40 - - - - -] Version for resource type Network changed None to 1.0 on consumer Open vSwitch agent@localhost.localdomain _set_version /usr/lib/python2.7/site-packages/neutron/api/rpc/callbacks/version_manager.py:119
2018-06-27 01:32:27.463 28722 DEBUG neutron.api.rpc.callbacks.version_manager [req-e2c49504-537d-42e1-9837-e5d0c5a1cf40 - - - - -] Version for resource type SubPort changed None to 1.0 on consumer Open vSwitch agent@localhost.localdomain _set_version /usr/lib/python2.7/site-packages/neutron/api/rpc/callbacks/version_manager.py:119
2018-06-27 01:32:27.464 28722 DEBUG neutron.api.rpc.callbacks.version_manager [req-e2c49504-537d-42e1-9837-e5d0c5a1cf40 - - - - -] Version for resource type SecurityGroup changed None to 1.0 on consumer Open vSwitch agent@localhost.localdomain _set_version /usr/lib/python2.7/site-packages/neutron/api/rpc/callbacks/version_manager.py:119
2018-06-27 01:32:27.464 28722 DEBUG neutron.api.rpc.callbacks.version_manager [req-e2c49504-537d-42e1-9837-e5d0c5a1cf40 - - - - -] Version for resource type SecurityGroupRule changed None to 1.0 on consumer Open vSwitch agent@localhost.localdomain _set_version /usr/lib/python2.7/site-packages/neutron/api/rpc/callbacks/version_manager.py:119
2018-06-27 01:32:27.465 28722 DEBUG neutron.api.rpc.callbacks.version_manager [req-e2c49504-537d-42e1-9837-e5d0c5a1cf40 - - - - -] Version for resource type Trunk changed None to 1.1 on consumer Open vSwitch agent@localhost.localdomain _set_version /usr/lib/python2.7/site-packages/neutron/api/rpc/callbacks/version_manager.py:119
2018-06-27 01:32:27.465 28722 DEBUG neutron.api.rpc.callbacks.version_manager [req-e2c49504-537d-42e1-9837-e5d0c5a1cf40 - - - - -] Version for resource type QosPolicy changed None to 1.6 on consumer Open vSwitch agent@localhost.localdomain _set_version /usr/lib/python2.7/site-packages/neutron/api/rpc/callbacks/version_manager.py:119
2018-06-27 01:32:27.466 28722 DEBUG neutron.api.rpc.callbacks.version_manager [req-e2c49504-537d-42e1-9837-e5d0c5a1cf40 - - - - -] Version for resource type Port changed None to 1.1 on consumer Open vSwitch agent@localhost.localdomain _set_version /usr/lib/python2.7/site-packages/neutron/api/rpc/callbacks/version_manager.py:119
2018-06-27 01:32:27.466 28722 DEBUG neutron.api.rpc.callbacks.version_manager [req-e2c49504-537d-42e1-9837-e5d0c5a1cf40 - - - - -] Version for resource type Log changed None to 1.0 on consumer Open vSwitch agent@localhost.localdomain _set_version /usr/lib/python2.7/site-packages/neutron/api/rpc/callbacks/version_manager.py:119
2018-06-27 01:32:27.492 28722 DEBUG oslo_concurrency.lockutils [req-e2c49504-537d-42e1-9837-e5d0c5a1cf40 - - - - -] Lock "event-dispatch" released by "neutron.plugins.ml2.ovo_rpc.dispatch_events" :: held 0.251s inner /usr/lib/python2.7/site-packages/oslo_concurrency/lockutils.py:282
2018-06-27 01:32:28.277 28722 DEBUG novaclient.v2.client [-] REQ: curl -g -i -X POST http://10.0.20.22:8774/v2.1/e3731f8202904eebb3e6658e91a6b0b5/os-server-external-events -H "User-Agent: python-novaclient" -H "Content-Type: application/json" -H "Accept: application/json" -H "X-OpenStack-Nova-API-Version: 2.1" -H "X-Auth-Token: {SHA1}7a919bb215d776bc1e719e8861c873bbe143a15f" -d '{"events": [{"status": "completed", "tag": "df347eb5-06ac-43cf-9fc5-72ef2e74f7c9", "name": "network-vif-plugged", "server_uuid": "6a978619-873f-45fe-b880-0fb397d5be2e"}]}' _http_log_request /usr/lib/python2.7/site-packages/keystoneauth1/session.py:375
2018-06-27 01:32:28.419 28664 INFO neutron.wsgi [req-e4797b12-638f-4443-a4ea-f9fd2bcf167f cd4b890ab2de4fca948c5657f420244e a0366c0bae764e6ca25ab5def1cb88ea - 195ad9c8e5d942bea80b59fdb252f70d 195ad9c8e5d942bea80b59fdb252f70d] 10.0.20.22 "GET /v2.0/ports?device_id=6a978619-873f-45fe-b880-0fb397d5be2e HTTP/1.1" status: 200  len: 1124 time: 0.6804109
2018-06-27 01:32:28.567 28725 DEBUG neutron.plugins.ml2.rpc [req-e2c49504-537d-42e1-9837-e5d0c5a1cf40 - - - - -] Device df347eb5-06ac-43cf-9fc5-72ef2e74f7c9 up at agent ovs-agent-localhost.localdomain update_device_up /usr/lib/python2.7/site-packages/neutron/plugins/ml2/rpc.py:244
2018-06-27 01:32:28.576 28664 INFO neutron.wsgi [req-5ab4f99d-364c-4ab2-bdcb-a2ba286353c3 cd4b890ab2de4fca948c5657f420244e a0366c0bae764e6ca25ab5def1cb88ea - 195ad9c8e5d942bea80b59fdb252f70d 195ad9c8e5d942bea80b59fdb252f70d] 10.0.20.22 "GET /v2.0/security-groups?id=d4fa282a-d3e6-4cb1-844f-18ba1c47a64a HTTP/1.1" status: 200  len: 2118 time: 0.1507301
2018-06-27 01:32:28.728 28725 DEBUG neutron.db.provisioning_blocks [req-e2c49504-537d-42e1-9837-e5d0c5a1cf40 - - - - -] Provisioning complete for port df347eb5-06ac-43cf-9fc5-72ef2e74f7c9 triggered by entity L2. provisioning_complete /usr/lib/python2.7/site-packages/neutron/db/provisioning_blocks.py:138
2018-06-27 01:32:28.732 28725 DEBUG neutron_lib.callbacks.manager [req-e2c49504-537d-42e1-9837-e5d0c5a1cf40 - - - - -] Notify callbacks ['neutron.plugins.ml2.plugin.Ml2Plugin._port_provisioned-16761252'] for port, provisioning_complete _notify_loop /usr/lib/python2.7/site-packages/neutron_lib/callbacks/manager.py:167
2018-06-27 01:32:29.150 28722 DEBUG novaclient.v2.client [-] RESP: [200] Content-Length: 183 Content-Type: application/json Openstack-Api-Version: compute 2.1 X-Openstack-Nova-Api-Version: 2.1 Vary: OpenStack-API-Version, X-OpenStack-Nova-API-Version X-Openstack-Request-Id: req-560a6ae5-d8d6-4c5f-95b4-44faf845ae07 X-Compute-Request-Id: req-560a6ae5-d8d6-4c5f-95b4-44faf845ae07 Date: Tue, 26 Jun 2018 23:32:28 GMT Connection: keep-alive 
RESP BODY: {"events": [{"status": "completed", "tag": "df347eb5-06ac-43cf-9fc5-72ef2e74f7c9", "name": "network-vif-plugged", "server_uuid": "6a978619-873f-45fe-b880-0fb397d5be2e", "code": 200}]}
 _http_log_response /usr/lib/python2.7/site-packages/keystoneauth1/session.py:423
2018-06-27 01:32:29.151 28722 DEBUG novaclient.v2.client [-] POST call to compute for http://10.0.20.22:8774/v2.1/e3731f8202904eebb3e6658e91a6b0b5/os-server-external-events used request id req-560a6ae5-d8d6-4c5f-95b4-44faf845ae07 request /usr/lib/python2.7/site-packages/keystoneauth1/session.py:727
2018-06-27 01:32:29.160 28722 INFO neutron.notifiers.nova [-] Nova event response: {u'status': u'completed', u'tag': u'df347eb5-06ac-43cf-9fc5-72ef2e74f7c9', u'name': u'network-vif-plugged', u'server_uuid': u'6a978619-873f-45fe-b880-0fb397d5be2e', u'code': 200}
2018-06-27 01:32:31.178 28722 DEBUG oslo_concurrency.lockutils [-] Lock "notifier-87412442-0548-446f-b867-a78030e6ee3c" released by "neutron.notifiers.batch_notifier.synced_send" :: held 4.020s inner /usr/lib/python2.7/site-packages/oslo_concurrency/lockutils.py:282
2018-06-27 01:32:37.110 28665 DEBUG neutron.wsgi [req-951875b8-62e3-4ec6-82fb-7abf700a1257 8d51c6595f7b4b648f3775454a985b0c e3731f8202904eebb3e6658e91a6b0b5 - default default] (28665) timed out ('10.0.20.22', 36514) process_request /usr/lib/python2.7/site-packages/eventlet/wsgi.py:739
2018-06-27 01:32:43.978 28690 DEBUG neutron_lib.callbacks.manager [req-b3fc1311-b5e7-4bd4-b8f3-2766098616b4 - - - - -] Notify callbacks ['neutron.services.segments.db._update_segment_host_mapping_for_agent-8755516982834'] for agent, after_update _notify_loop /usr/lib/python2.7/site-packages/neutron_lib/callbacks/manager.py:167
2018-06-27 01:32:44.643 28696 DEBUG neutron_lib.callbacks.manager [req-1f67107c-7b69-4f6c-9c25-faea9cbabfa4 - - - - -] Notify callbacks ['neutron.services.segments.db._update_segment_host_mapping_for_agent-8755516982834'] for agent, after_update _notify_loop /usr/lib/python2.7/site-packages/neutron_lib/callbacks/manager.py:167
2018-06-27 01:32:45.213 28722 DEBUG neutron_lib.callbacks.manager [req-e2c49504-537d-42e1-9837-e5d0c5a1cf40 - - - - -] Notify callbacks ['neutron.services.segments.db._update_segment_host_mapping_for_agent-8755516982834'] for agent, after_update _notify_loop /usr/lib/python2.7/site-packages/neutron_lib/callbacks/manager.py:167
2018-06-27 01:32:52.729 28703 DEBUG neutron_lib.callbacks.manager [req-30537a03-82b3-456b-8319-c2ea73320c31 - - - - -] Notify callbacks ['neutron.services.segments.db._update_segment_host_mapping_for_agent-8755516982834'] for agent, after_update _notify_loop /usr/lib/python2.7/site-packages/neutron_lib/callbacks/manager.py:167
2018-06-27 01:32:52.801 28710 DEBUG neutron_lib.callbacks.manager [req-527c6a35-aece-4400-a83c-36cde9cb51cb - - - - -] Notify callbacks ['neutron.services.segments.db._update_segment_host_mapping_for_agent-8755516982834'] for agent, after_update _notify_loop /usr/lib/python2.7/site-packages/neutron_lib/callbacks/manager.py:167
2018-06-27 01:32:53.891 28729 DEBUG neutron.db.agents_db [req-621518ec-b71d-4ad7-b66c-e9f939c33098 - - - - -] Agent healthcheck: found 5 active agents agent_health_check /usr/lib/python2.7/site-packages/neutron/db/agents_db.py:281
2018-06-27 01:33:00.163 28665 INFO neutron.wsgi [req-f6af6bd9-2f43-4d56-afab-3ad0c4ab219e 8d51c6595f7b4b648f3775454a985b0c e3731f8202904eebb3e6658e91a6b0b5 - default default] 10.0.20.22 "GET /v2.0/ports?device_id=6a978619-873f-45fe-b880-0fb397d5be2e HTTP/1.1" status: 200  len: 1124 time: 0.1655560
2018-06-27 01:33:00.302 28665 INFO neutron.wsgi [req-9fee7fe4-879d-4462-a08b-e991a33f42d3 8d51c6595f7b4b648f3775454a985b0c e3731f8202904eebb3e6658e91a6b0b5 - default default] 10.0.20.22 "GET /v2.0/security-groups?id=d4fa282a-d3e6-4cb1-844f-18ba1c47a64a HTTP/1.1" status: 200  len: 2118 time: 0.1321521
2018-06-27 01:33:00.613 28666 INFO neutron.wsgi [req-524c6353-3c71-42ee-9dca-af727fe36091 8d51c6595f7b4b648f3775454a985b0c e3731f8202904eebb3e6658e91a6b0b5 - default default] 10.0.20.22 "GET /v2.0/ports?tenant_id=a0366c0bae764e6ca25ab5def1cb88ea&device_id=6a978619-873f-45fe-b880-0fb397d5be2e HTTP/1.1" status: 200  len: 1124 time: 0.1334550
2018-06-27 01:33:01.262 28665 INFO neutron.wsgi [req-5ffc43fd-8733-433b-b219-1feb9d839e05 8d51c6595f7b4b648f3775454a985b0c e3731f8202904eebb3e6658e91a6b0b5 - default default] 10.0.20.22 "GET /v2.0/ports?device_id=6a978619-873f-45fe-b880-0fb397d5be2e HTTP/1.1" status: 200  len: 1124 time: 0.1254621
2018-06-27 01:33:01.287 28666 DEBUG neutron.pecan_wsgi.hooks.policy_enforcement [req-2a1b45fc-1116-47cf-94bc-2f3effd230bb 8d51c6595f7b4b648f3775454a985b0c e3731f8202904eebb3e6658e91a6b0b5 - default default] Attributes excluded by policy engine: [u'vlan_transparent'] _exclude_attributes_by_policy /usr/lib/python2.7/site-packages/neutron/pecan_wsgi/hooks/policy_enforcement.py:256
2018-06-27 01:33:01.289 28666 INFO neutron.wsgi [req-2a1b45fc-1116-47cf-94bc-2f3effd230bb 8d51c6595f7b4b648f3775454a985b0c e3731f8202904eebb3e6658e91a6b0b5 - default default] 10.0.20.22 "GET /v2.0/networks?id=b4a992d7-4d32-4c9c-b481-e0a3d482915e HTTP/1.1" status: 200  len: 885 time: 0.6696510
2018-06-27 01:33:01.349 28666 INFO neutron.wsgi [req-5c2e9d3d-99de-4f7d-a752-e974096243b9 8d51c6595f7b4b648f3775454a985b0c e3731f8202904eebb3e6658e91a6b0b5 - default default] 10.0.20.22 "GET /v2.0/floatingips?fixed_ip_address=11.82.1.12&port_id=df347eb5-06ac-43cf-9fc5-72ef2e74f7c9 HTTP/1.1" status: 200  len: 751 time: 0.0546329
2018-06-27 01:33:01.395 28665 INFO neutron.wsgi [req-a4b73ae6-f79d-4d9b-94cd-2b47cc6ef393 8d51c6595f7b4b648f3775454a985b0c e3731f8202904eebb3e6658e91a6b0b5 - default default] 10.0.20.22 "GET /v2.0/security-groups?id=d4fa282a-d3e6-4cb1-844f-18ba1c47a64a HTTP/1.1" status: 200  len: 2118 time: 0.1226039
2018-06-27 01:33:01.500 28666 DEBUG neutron.pecan_wsgi.hooks.policy_enforcement [req-9869d8b1-9cfd-4886-81cf-5c9d797aa117 8d51c6595f7b4b648f3775454a985b0c e3731f8202904eebb3e6658e91a6b0b5 - default default] Attributes excluded by policy engine: [u'shared'] _exclude_attributes_by_policy /usr/lib/python2.7/site-packages/neutron/pecan_wsgi/hooks/policy_enforcement.py:256
2018-06-27 01:33:01.506 28666 INFO neutron.wsgi [req-9869d8b1-9cfd-4886-81cf-5c9d797aa117 8d51c6595f7b4b648f3775454a985b0c e3731f8202904eebb3e6658e91a6b0b5 - default default] 10.0.20.22 "GET /v2.0/subnets?id=960cec58-02f1-4d0d-bea0-5c7f3c42e67c HTTP/1.1" status: 200  len: 843 time: 0.1502120
2018-06-27 01:33:01.634 28666 INFO neutron.wsgi [req-60620d83-c2f0-4f14-88ef-fb7a578d9347 8d51c6595f7b4b648f3775454a985b0c e3731f8202904eebb3e6658e91a6b0b5 - default default] 10.0.20.22 "GET /v2.0/ports?network_id=b4a992d7-4d32-4c9c-b481-e0a3d482915e&device_owner=network%3Adhcp HTTP/1.1" status: 200  len: 1127 time: 0.1184521
2018-06-27 01:33:03.544 28666 DEBUG neutron.wsgi [-] (28666) accepted ('10.0.20.22', 56058) server /usr/lib/python2.7/site-packages/eventlet/wsgi.py:883
2018-06-27 01:33:04.155 28666 INFO neutron.wsgi [req-9d06b707-c055-4abe-8bbe-c146c0ad7abd 8d51c6595f7b4b648f3775454a985b0c e3731f8202904eebb3e6658e91a6b0b5 - default default] 10.0.20.22 "GET /v2.0/ports?device_id=6a978619-873f-45fe-b880-0fb397d5be2e HTTP/1.1" status: 200  len: 1124 time: 0.6092770
2018-06-27 01:33:04.292 28666 INFO neutron.wsgi [req-ef652fdf-3bf3-4280-9c97-a5f5b8c3ee26 8d51c6595f7b4b648f3775454a985b0c e3731f8202904eebb3e6658e91a6b0b5 - default default] 10.0.20.22 "GET /v2.0/security-groups?id=d4fa282a-d3e6-4cb1-844f-18ba1c47a64a HTTP/1.1" status: 200  len: 2118 time: 0.0996459
2018-06-27 01:33:06.382 28683 INFO neutron.wsgi [req-0a0dc6fd-cd51-4986-aa68-5b5270e54399 8d51c6595f7b4b648f3775454a985b0c e3731f8202904eebb3e6658e91a6b0b5 - default default] 10.0.20.22 "GET /v2.0/ports?device_id=6a978619-873f-45fe-b880-0fb397d5be2e HTTP/1.1" status: 200  len: 1124 time: 0.1398282
2018-06-27 01:33:06.501 28683 INFO neutron.wsgi [req-92f9804e-a73a-4b9f-b7ea-31a8c53b66e1 8d51c6595f7b4b648f3775454a985b0c e3731f8202904eebb3e6658e91a6b0b5 - default default] 10.0.20.22 "GET /v2.0/security-groups?id=d4fa282a-d3e6-4cb1-844f-18ba1c47a64a HTTP/1.1" status: 200  len: 2118 time: 0.1028841
2018-06-27 01:33:08.130 28665 INFO neutron.wsgi [req-dbae8309-516c-4330-a2c2-1880b76d4336 8d51c6595f7b4b648f3775454a985b0c e3731f8202904eebb3e6658e91a6b0b5 - default default] 10.0.20.22 "GET /v2.0/ports?device_id=6a978619-873f-45fe-b880-0fb397d5be2e HTTP/1.1" status: 200  len: 1124 time: 0.1684861
2018-06-27 01:33:08.289 28665 INFO neutron.wsgi [req-441bc7c2-9d3a-4868-8ca9-2f63be6733cd 8d51c6595f7b4b648f3775454a985b0c e3731f8202904eebb3e6658e91a6b0b5 - default default] 10.0.20.22 "GET /v2.0/security-groups?id=d4fa282a-d3e6-4cb1-844f-18ba1c47a64a HTTP/1.1" status: 200  len: 2118 time: 0.1446080
2018-06-27 01:33:09.493 28665 DEBUG neutron.wsgi [-] (28665) accepted ('10.0.20.22', 56122) server /usr/lib/python2.7/site-packages/eventlet/wsgi.py:883
2018-06-27 01:33:10.128 28665 INFO neutron.wsgi [req-05d55727-5c09-476b-ac62-59d79b65125c 8d51c6595f7b4b648f3775454a985b0c e3731f8202904eebb3e6658e91a6b0b5 - default default] 10.0.20.22 "GET /v2.0/ports?device_id=6a978619-873f-45fe-b880-0fb397d5be2e HTTP/1.1" status: 200  len: 1124 time: 0.6331310
2018-06-27 01:33:10.239 28665 INFO neutron.wsgi [req-146693cb-4179-4502-8a02-0db4c1b667db 8d51c6595f7b4b648f3775454a985b0c e3731f8202904eebb3e6658e91a6b0b5 - default default] 10.0.20.22 "GET /v2.0/security-groups?id=d4fa282a-d3e6-4cb1-844f-18ba1c47a64a HTTP/1.1" status: 200  len: 2118 time: 0.0999830
2018-06-27 01:33:12.497 28664 INFO neutron.wsgi [req-48cbcace-eef1-4ca5-b39f-5af4588d4e69 8d51c6595f7b4b648f3775454a985b0c e3731f8202904eebb3e6658e91a6b0b5 - default default] 10.0.20.22 "GET /v2.0/ports?device_id=6a978619-873f-45fe-b880-0fb397d5be2e HTTP/1.1" status: 200  len: 1124 time: 0.2173948
2018-06-27 01:33:12.631 28664 INFO neutron.wsgi [req-7a6e2653-bcc0-48d0-b769-a331338fb8b2 8d51c6595f7b4b648f3775454a985b0c e3731f8202904eebb3e6658e91a6b0b5 - default default] 10.0.20.22 "GET /v2.0/security-groups?id=d4fa282a-d3e6-4cb1-844f-18ba1c47a64a HTTP/1.1" status: 200  len: 2118 time: 0.1276870
2018-06-27 01:33:13.971 28699 DEBUG neutron_lib.callbacks.manager [req-d4d8bbd5-7db6-4ede-9752-1f4aaa31cdb6 - - - - -] Notify callbacks ['neutron.services.segments.db._update_segment_host_mapping_for_agent-8755516982834'] for agent, after_update _notify_loop /usr/lib/python2.7/site-packages/neutron_lib/callbacks/manager.py:167
2018-06-27 01:33:14.619 28715 DEBUG neutron_lib.callbacks.manager [req-a5b16766-1384-4306-9a97-bd76c4b4df74 - - - - -] Notify callbacks ['neutron.services.segments.db._update_segment_host_mapping_for_agent-8755516982834'] for agent, after_update _notify_loop /usr/lib/python2.7/site-packages/neutron_lib/callbacks/manager.py:167
2018-06-27 01:33:15.210 28725 DEBUG neutron_lib.callbacks.manager [req-e2c49504-537d-42e1-9837-e5d0c5a1cf40 - - - - -] Notify callbacks ['neutron.services.segments.db._update_segment_host_mapping_for_agent-8755516982834'] for agent, after_update _notify_loop /usr/lib/python2.7/site-packages/neutron_lib/callbacks/manager.py:167
2018-06-27 01:33:22.701 28728 DEBUG neutron_lib.callbacks.manager [req-30537a03-82b3-456b-8319-c2ea73320c31 - - - - -] Notify callbacks ['neutron.services.segments.db._update_segment_host_mapping_for_agent-8755516982834'] for agent, after_update _notify_loop /usr/lib/python2.7/site-packages/neutron_lib/callbacks/manager.py:167
2018-06-27 01:33:22.799 28690 DEBUG neutron_lib.callbacks.manager [req-527c6a35-aece-4400-a83c-36cde9cb51cb - - - - -] Notify callbacks ['neutron.services.segments.db._update_segment_host_mapping_for_agent-8755516982834'] for agent, after_update _notify_loop /usr/lib/python2.7/site-packages/neutron_lib/callbacks/manager.py:167
2018-06-27 01:33:30.881 28729 DEBUG neutron.db.agents_db [req-621518ec-b71d-4ad7-b66c-e9f939c33098 - - - - -] Agent healthcheck: found 5 active agents agent_health_check /usr/lib/python2.7/site-packages/neutron/db/agents_db.py:281
2018-06-27 01:33:31.538 28663 DEBUG neutron.wsgi [-] (28663) accepted ('10.0.20.22', 56456) server /usr/lib/python2.7/site-packages/eventlet/wsgi.py:883
2018-06-27 01:33:31.578 28663 INFO neutron.wsgi [-] 10.0.20.22 "GET / HTTP/1.1" status: 200  len: 252 time: 0.0207181
2018-06-27 01:33:32.340 28663 INFO neutron.api.v2.resource [req-9db02bc1-d31e-4ea3-9e21-d2153e05e143 cd4b890ab2de4fca948c5657f420244e a0366c0bae764e6ca25ab5def1cb88ea - 195ad9c8e5d942bea80b59fdb252f70d 195ad9c8e5d942bea80b59fdb252f70d] show failed (client error): The resource could not be found.
2018-06-27 01:33:32.347 28663 INFO neutron.wsgi [req-9db02bc1-d31e-4ea3-9e21-d2153e05e143 cd4b890ab2de4fca948c5657f420244e a0366c0bae764e6ca25ab5def1cb88ea - 195ad9c8e5d942bea80b59fdb252f70d 195ad9c8e5d942bea80b59fdb252f70d] 10.0.20.22 "GET /v2.0/floatingips/172.24.4.14 HTTP/1.1" status: 404  len: 326 time: 0.7646110
2018-06-27 01:33:32.408 28663 INFO neutron.wsgi [req-4a2957ba-d73b-4fd0-9f56-c6a7028f519e cd4b890ab2de4fca948c5657f420244e a0366c0bae764e6ca25ab5def1cb88ea - 195ad9c8e5d942bea80b59fdb252f70d 195ad9c8e5d942bea80b59fdb252f70d] 10.0.20.22 "GET /v2.0/floatingips HTTP/1.1" status: 200  len: 1208 time: 0.0555952
2018-06-27 01:33:32.511 28663 DEBUG neutron.plugins.ml2.plugin [req-3a38c41b-f985-4fcd-97d0-33a9dad45bef cd4b890ab2de4fca948c5657f420244e a0366c0bae764e6ca25ab5def1cb88ea - 195ad9c8e5d942bea80b59fdb252f70d 195ad9c8e5d942bea80b59fdb252f70d] Deleting port 9636c2c3-2622-4c52-ac53-45858ec62b01 _pre_delete_port /usr/lib/python2.7/site-packages/neutron/plugins/ml2/plugin.py:1488
2018-06-27 01:33:32.512 28663 DEBUG neutron_lib.callbacks.manager [req-3a38c41b-f985-4fcd-97d0-33a9dad45bef cd4b890ab2de4fca948c5657f420244e a0366c0bae764e6ca25ab5def1cb88ea - 195ad9c8e5d942bea80b59fdb252f70d 195ad9c8e5d942bea80b59fdb252f70d] Notify callbacks ['neutron.db.l3_db._prevent_l3_port_delete_callback-8755517182694'] for port, before_delete _notify_loop /usr/lib/python2.7/site-packages/neutron_lib/callbacks/manager.py:167
2018-06-27 01:33:33.863 28663 DEBUG neutron.plugins.ml2.plugin [req-3a38c41b-f985-4fcd-97d0-33a9dad45bef cd4b890ab2de4fca948c5657f420244e a0366c0bae764e6ca25ab5def1cb88ea - 195ad9c8e5d942bea80b59fdb252f70d 195ad9c8e5d942bea80b59fdb252f70d] Calling delete_port for 9636c2c3-2622-4c52-ac53-45858ec62b01 owned by network:floatingip delete_port /usr/lib/python2.7/site-packages/neutron/plugins/ml2/plugin.py:1547
2018-06-27 01:33:34.167 28663 DEBUG neutron_lib.callbacks.manager [req-3a38c41b-f985-4fcd-97d0-33a9dad45bef cd4b890ab2de4fca948c5657f420244e a0366c0bae764e6ca25ab5def1cb88ea - 195ad9c8e5d942bea80b59fdb252f70d 195ad9c8e5d942bea80b59fdb252f70d] Notify callbacks ['neutron.plugins.ml2.ovo_rpc._ObjectChangeHandler.handle_event-743970', 'neutron.plugins.ml2.plugin.Ml2Plugin.notify_sg_on_port_change-16429781', 'neutron.db.l3_db._notify_routers_callback--9223363281337615168', 'neutron.db.l3_dvrscheduler_db._notify_port_delete--9223363281338155870', 'neutron.api.rpc.agentnotifiers.dhcp_rpc_agent_api.DhcpAgentNotifyAPI._native_event_send_dhcp_notification-702483'] for port, after_delete _notify_loop /usr/lib/python2.7/site-packages/neutron_lib/callbacks/manager.py:167
2018-06-27 01:33:34.192 28663 DEBUG oslo_concurrency.lockutils [-] Lock "event-dispatch" acquired by "neutron.plugins.ml2.ovo_rpc.dispatch_events" :: waited 0.000s inner /usr/lib/python2.7/site-packages/oslo_concurrency/lockutils.py:270
2018-06-27 01:33:34.285 28663 DEBUG neutron.api.rpc.handlers.resources_rpc [req-3a38c41b-f985-4fcd-97d0-33a9dad45bef cd4b890ab2de4fca948c5657f420244e a0366c0bae764e6ca25ab5def1cb88ea - - -] neutron.api.rpc.handlers.resources_rpc.ResourcesPushRpcApi method push called with arguments (<neutron_lib.context.Context object at 0x7f68d612cc10>, [Port(admin_state_up=<?>,allowed_address_pairs=<?>,binding=<?>,binding_levels=<?>,created_at=<?>,data_plane_status=<?>,description=<?>,device_id=<?>,device_owner=<?>,dhcp_options=<?>,distributed_binding=<?>,dns=<?>,fixed_ips=<?>,id=9636c2c3-2622-4c52-ac53-45858ec62b01,mac_address=<?>,name=<?>,network_id=<?>,project_id=<?>,qos_policy_id=None,revision_number=<?>,security=<?>,security_group_ids=None,status=<?>,updated_at=<?>)], 'deleted') {} wrapper /usr/lib/python2.7/site-packages/oslo_log/helpers.py:66
2018-06-27 01:33:34.345 28663 DEBUG neutron.api.rpc.callbacks.version_manager [req-3a38c41b-f985-4fcd-97d0-33a9dad45bef cd4b890ab2de4fca948c5657f420244e a0366c0bae764e6ca25ab5def1cb88ea - - -] Version for resource type Subnet changed None to 1.0 on consumer Open vSwitch agent@localhost.localdomain _set_version /usr/lib/python2.7/site-packages/neutron/api/rpc/callbacks/version_manager.py:119
2018-06-27 01:33:34.345 28663 DEBUG neutron.api.rpc.callbacks.version_manager [req-3a38c41b-f985-4fcd-97d0-33a9dad45bef cd4b890ab2de4fca948c5657f420244e a0366c0bae764e6ca25ab5def1cb88ea - - -] Version for resource type Network changed None to 1.0 on consumer Open vSwitch agent@localhost.localdomain _set_version /usr/lib/python2.7/site-packages/neutron/api/rpc/callbacks/version_manager.py:119
2018-06-27 01:33:34.346 28663 DEBUG neutron.api.rpc.callbacks.version_manager [req-3a38c41b-f985-4fcd-97d0-33a9dad45bef cd4b890ab2de4fca948c5657f420244e a0366c0bae764e6ca25ab5def1cb88ea - - -] Version for resource type SubPort changed None to 1.0 on consumer Open vSwitch agent@localhost.localdomain _set_version /usr/lib/python2.7/site-packages/neutron/api/rpc/callbacks/version_manager.py:119
2018-06-27 01:33:34.346 28663 DEBUG neutron.api.rpc.callbacks.version_manager [req-3a38c41b-f985-4fcd-97d0-33a9dad45bef cd4b890ab2de4fca948c5657f420244e a0366c0bae764e6ca25ab5def1cb88ea - - -] Version for resource type SecurityGroup changed None to 1.0 on consumer Open vSwitch agent@localhost.localdomain _set_version /usr/lib/python2.7/site-packages/neutron/api/rpc/callbacks/version_manager.py:119
2018-06-27 01:33:34.346 28663 DEBUG neutron.api.rpc.callbacks.version_manager [req-3a38c41b-f985-4fcd-97d0-33a9dad45bef cd4b890ab2de4fca948c5657f420244e a0366c0bae764e6ca25ab5def1cb88ea - - -] Version for resource type SecurityGroupRule changed None to 1.0 on consumer Open vSwitch agent@localhost.localdomain _set_version /usr/lib/python2.7/site-packages/neutron/api/rpc/callbacks/version_manager.py:119
2018-06-27 01:33:34.347 28663 DEBUG neutron.api.rpc.callbacks.version_manager [req-3a38c41b-f985-4fcd-97d0-33a9dad45bef cd4b890ab2de4fca948c5657f420244e a0366c0bae764e6ca25ab5def1cb88ea - - -] Version for resource type Trunk changed None to 1.1 on consumer Open vSwitch agent@localhost.localdomain _set_version /usr/lib/python2.7/site-packages/neutron/api/rpc/callbacks/version_manager.py:119
2018-06-27 01:33:34.347 28663 DEBUG neutron.api.rpc.callbacks.version_manager [req-3a38c41b-f985-4fcd-97d0-33a9dad45bef cd4b890ab2de4fca948c5657f420244e a0366c0bae764e6ca25ab5def1cb88ea - - -] Version for resource type QosPolicy changed None to 1.6 on consumer Open vSwitch agent@localhost.localdomain _set_version /usr/lib/python2.7/site-packages/neutron/api/rpc/callbacks/version_manager.py:119
2018-06-27 01:33:34.348 28663 DEBUG neutron.api.rpc.callbacks.version_manager [req-3a38c41b-f985-4fcd-97d0-33a9dad45bef cd4b890ab2de4fca948c5657f420244e a0366c0bae764e6ca25ab5def1cb88ea - - -] Version for resource type Port changed None to 1.1 on consumer Open vSwitch agent@localhost.localdomain _set_version /usr/lib/python2.7/site-packages/neutron/api/rpc/callbacks/version_manager.py:119
2018-06-27 01:33:34.348 28663 DEBUG neutron.api.rpc.callbacks.version_manager [req-3a38c41b-f985-4fcd-97d0-33a9dad45bef cd4b890ab2de4fca948c5657f420244e a0366c0bae764e6ca25ab5def1cb88ea - - -] Version for resource type Log changed None to 1.0 on consumer Open vSwitch agent@localhost.localdomain _set_version /usr/lib/python2.7/site-packages/neutron/api/rpc/callbacks/version_manager.py:119
2018-06-27 01:33:34.369 28663 DEBUG oslo_concurrency.lockutils [req-3a38c41b-f985-4fcd-97d0-33a9dad45bef cd4b890ab2de4fca948c5657f420244e a0366c0bae764e6ca25ab5def1cb88ea - - -] Lock "event-dispatch" released by "neutron.plugins.ml2.ovo_rpc.dispatch_events" :: held 0.177s inner /usr/lib/python2.7/site-packages/oslo_concurrency/lockutils.py:282
2018-06-27 01:33:34.804 28663 DEBUG neutron.scheduler.l3_agent_scheduler [req-3a38c41b-f985-4fcd-97d0-33a9dad45bef cd4b890ab2de4fca948c5657f420244e a0366c0bae764e6ca25ab5def1cb88ea - 195ad9c8e5d942bea80b59fdb252f70d 195ad9c8e5d942bea80b59fdb252f70d] Router b3e360e4-60e4-444b-bf6d-58fb21b078db has already been hosted by L3 agent 02b9079f-1e37-44d1-b612-ac2f663faf90 _get_candidates /usr/lib/python2.7/site-packages/neutron/scheduler/l3_agent_scheduler.py:141
2018-06-27 01:33:34.988 28663 DEBUG neutron.api.rpc.agentnotifiers.l3_rpc_agent_api [req-3a38c41b-f985-4fcd-97d0-33a9dad45bef cd4b890ab2de4fca948c5657f420244e a0366c0bae764e6ca25ab5def1cb88ea - 195ad9c8e5d942bea80b59fdb252f70d 195ad9c8e5d942bea80b59fdb252f70d] Notify agent at l3_agent.localhost.localdomain the message routers_updated _agent_notification /usr/lib/python2.7/site-packages/neutron/api/rpc/agentnotifiers/l3_rpc_agent_api.py:69
2018-06-27 01:33:35.010 28663 DEBUG neutron.quota.resource [req-3a38c41b-f985-4fcd-97d0-33a9dad45bef cd4b890ab2de4fca948c5657f420244e a0366c0bae764e6ca25ab5def1cb88ea - 195ad9c8e5d942bea80b59fdb252f70d 195ad9c8e5d942bea80b59fdb252f70d] Persisted dirty status for tenant:a0366c0bae764e6ca25ab5def1cb88ea on resource:floatingip mark_dirty /usr/lib/python2.7/site-packages/neutron/quota/resource.py:207
2018-06-27 01:33:35.018 28663 DEBUG neutron.quota.resource [req-3a38c41b-f985-4fcd-97d0-33a9dad45bef cd4b890ab2de4fca948c5657f420244e a0366c0bae764e6ca25ab5def1cb88ea - 195ad9c8e5d942bea80b59fdb252f70d 195ad9c8e5d942bea80b59fdb252f70d] Persisted dirty status for tenant: on resource:port mark_dirty /usr/lib/python2.7/site-packages/neutron/quota/resource.py:207
2018-06-27 01:33:35.026 28663 DEBUG neutron_lib.callbacks.manager [req-3a38c41b-f985-4fcd-97d0-33a9dad45bef cd4b890ab2de4fca948c5657f420244e a0366c0bae764e6ca25ab5def1cb88ea - 195ad9c8e5d942bea80b59fdb252f70d 195ad9c8e5d942bea80b59fdb252f70d] Notify callbacks ['neutron.notifiers.nova.Notifier._send_nova_notification--9223372036854743344'] for floatingip, before_response _notify_loop /usr/lib/python2.7/site-packages/neutron_lib/callbacks/manager.py:167
2018-06-27 01:33:35.033 28715 DEBUG neutron.db.l3_hamode_db [req-f1bad442-077e-4621-bdf4-b39daf87483f - - - - -] neutron.services.l3_router.l3_router_plugin.L3RouterPlugin method get_ha_sync_data_for_host called with arguments (<neutron_lib.context.Context object at 0x7f68d6ae5250>, u'localhost.localdomain', <neutron.db.models.agent.Agent[object at 7f68d6af3c50] {id=u'02b9079f-1e37-44d1-b612-ac2f663faf90', agent_type=u'L3 agent', binary=u'neutron-l3-agent', topic=u'l3_agent', host=u'localhost.localdomain', availability_zone=u'nova', admin_state_up=True, created_at=datetime.datetime(2018, 6, 20, 16, 53, 44), started_at=datetime.datetime(2018, 6, 26, 23, 6, 44), heartbeat_timestamp=datetime.datetime(2018, 6, 26, 23, 33, 14), description=None, configurations=u'{"agent_mode": "legacy", "gateway_external_network_id": "", "handle_internal_only_routers": true, "routers": 2, "interfaces": 2, "floating_ips": 1, "interface_driver": "neutron.agent.linux.interface.OVSInterfaceDriver", "log_agent_heartbeats": false, "external_network_bridge": "", "ex_gw_ports": 2}', resource_versions=None, load=0}>) {'active': True, 'router_ids': ['b3e360e4-60e4-444b-bf6d-58fb21b078db']} wrapper /usr/lib/python2.7/site-packages/oslo_log/helpers.py:66
2018-06-27 01:33:35.114 28663 INFO neutron.wsgi [req-3a38c41b-f985-4fcd-97d0-33a9dad45bef cd4b890ab2de4fca948c5657f420244e a0366c0bae764e6ca25ab5def1cb88ea - 195ad9c8e5d942bea80b59fdb252f70d 195ad9c8e5d942bea80b59fdb252f70d] 10.0.20.22 "DELETE /v2.0/floatingips/1c1fe47b-32c3-48bd-8c48-2f25c5a9e21a HTTP/1.1" status: 204  len: 173 time: 2.6967561
2018-06-27 01:33:35.115 28663 DEBUG oslo_concurrency.lockutils [-] Lock "notifier-87412442-0548-446f-b867-a78030e6ee3c" acquired by "neutron.notifiers.batch_notifier.synced_send" :: waited 0.000s inner /usr/lib/python2.7/site-packages/oslo_concurrency/lockutils.py:270
2018-06-27 01:33:35.115 28663 DEBUG neutron.notifiers.nova [-] Sending events: [{'tag': u'df347eb5-06ac-43cf-9fc5-72ef2e74f7c9', 'name': 'network-changed', 'server_uuid': u'6a978619-873f-45fe-b880-0fb397d5be2e'}] send_events /usr/lib/python2.7/site-packages/neutron/notifiers/nova.py:242
