2018-06-27 23:05:24.459 28603 DEBUG neutron.pecan_wsgi.hooks.policy_enforcement [req-87803a16-9fd6-4b8f-a02f-58cae5d9208d 82758ee9dbed4bdf919e32bc6135cc36 f7db0ec7eef2499fb14973cea9da1187 - default default] Attributes excluded by policy engine: [u'vlan_transparent'] _exclude_attributes_by_policy /usr/lib/python2.7/site-packages/neutron/pecan_wsgi/hooks/policy_enforcement.py:256
2018-06-27 23:05:24.460 28603 DEBUG neutron.pecan_wsgi.hooks.policy_enforcement [req-87803a16-9fd6-4b8f-a02f-58cae5d9208d 82758ee9dbed4bdf919e32bc6135cc36 f7db0ec7eef2499fb14973cea9da1187 - default default] Attributes excluded by policy engine: [u'vlan_transparent'] _exclude_attributes_by_policy /usr/lib/python2.7/site-packages/neutron/pecan_wsgi/hooks/policy_enforcement.py:256
2018-06-27 23:05:24.461 28603 DEBUG neutron.pecan_wsgi.hooks.policy_enforcement [req-87803a16-9fd6-4b8f-a02f-58cae5d9208d 82758ee9dbed4bdf919e32bc6135cc36 f7db0ec7eef2499fb14973cea9da1187 - default default] Attributes excluded by policy engine: [u'vlan_transparent'] _exclude_attributes_by_policy /usr/lib/python2.7/site-packages/neutron/pecan_wsgi/hooks/policy_enforcement.py:256
2018-06-27 23:05:24.464 28603 INFO neutron.wsgi [req-87803a16-9fd6-4b8f-a02f-58cae5d9208d 82758ee9dbed4bdf919e32bc6135cc36 f7db0ec7eef2499fb14973cea9da1187 - default default] 10.0.20.25 "GET /v2.0/networks HTTP/1.1" status: 200  len: 2214 time: 0.3068190
2018-06-27 23:05:25.157 28603 DEBUG neutron.api.v2.base [req-2fffbb85-1ed8-4fe9-a1d5-43d8722cbb6c 82758ee9dbed4bdf919e32bc6135cc36 f7db0ec7eef2499fb14973cea9da1187 - default default] Request body: {u'floatingip': {u'floating_network_id': u'bccef923-8280-488c-84aa-955d7841d8ff', u'tenant_id': u'73e6240db8ce4ce1a5817c5a87553996'}} prepare_request_body /usr/lib/python2.7/site-packages/neutron/api/v2/base.py:695
2018-06-27 23:05:25.168 28603 DEBUG neutron.db.quota.driver [req-2fffbb85-1ed8-4fe9-a1d5-43d8722cbb6c 82758ee9dbed4bdf919e32bc6135cc36 f7db0ec7eef2499fb14973cea9da1187 - default default] Resources subnetpool have unlimited quota limit. It is not required to calculate headroom  make_reservation /usr/lib/python2.7/site-packages/neutron/db/quota/driver.py:223
2018-06-27 23:05:25.176 28603 DEBUG neutron.quota.resource [req-2fffbb85-1ed8-4fe9-a1d5-43d8722cbb6c 82758ee9dbed4bdf919e32bc6135cc36 f7db0ec7eef2499fb14973cea9da1187 - default default] Usage tracker for resource:floatingip and tenant:73e6240db8ce4ce1a5817c5a87553996 is out of sync, need to count used quota count_used /usr/lib/python2.7/site-packages/neutron/quota/resource.py:274
2018-06-27 23:05:25.187 28603 DEBUG neutron.quota.resource [req-2fffbb85-1ed8-4fe9-a1d5-43d8722cbb6c 82758ee9dbed4bdf919e32bc6135cc36 f7db0ec7eef2499fb14973cea9da1187 - default default] Quota usage for floatingip was recalculated. Used quota:0. count_used /usr/lib/python2.7/site-packages/neutron/quota/resource.py:293
2018-06-27 23:05:25.196 28603 DEBUG neutron.db.quota.driver [req-2fffbb85-1ed8-4fe9-a1d5-43d8722cbb6c 82758ee9dbed4bdf919e32bc6135cc36 f7db0ec7eef2499fb14973cea9da1187 - default default] Attempting to reserve 1 items for resource floatingip. Total usage: 0; quota limit: 50; headroom:50 make_reservation /usr/lib/python2.7/site-packages/neutron/db/quota/driver.py:255
2018-06-27 23:05:25.519 28603 DEBUG neutron_lib.callbacks.manager [req-2fffbb85-1ed8-4fe9-a1d5-43d8722cbb6c 82758ee9dbed4bdf919e32bc6135cc36 f7db0ec7eef2499fb14973cea9da1187 - default default] Notify callbacks ['neutron.plugins.ml2.plugin.Ml2Plugin._ensure_default_security_group_handler--9223372036853811872'] for port, before_create _notify_loop /usr/lib/python2.7/site-packages/neutron_lib/callbacks/manager.py:167
2018-06-27 23:05:26.073 28603 DEBUG neutron.db.db_base_plugin_common [req-2fffbb85-1ed8-4fe9-a1d5-43d8722cbb6c 82758ee9dbed4bdf919e32bc6135cc36 f7db0ec7eef2499fb14973cea9da1187 - default default] Allocated IP 172.24.4.5 (bccef923-8280-488c-84aa-955d7841d8ff/4c4b2f34-8d32-4a55-b583-46e460575449/62478b23-67d7-41a0-9387-baae90375497) _store_ip_allocation /usr/lib/python2.7/site-packages/neutron/db/db_base_plugin_common.py:122
2018-06-27 23:05:26.407 28603 DEBUG neutron_lib.callbacks.manager [req-2fffbb85-1ed8-4fe9-a1d5-43d8722cbb6c 82758ee9dbed4bdf919e32bc6135cc36 f7db0ec7eef2499fb14973cea9da1187 - default default] Notify callbacks [] for port, precommit_create _notify_loop /usr/lib/python2.7/site-packages/neutron_lib/callbacks/manager.py:167
2018-06-27 23:05:26.520 28603 DEBUG neutron_lib.callbacks.manager [req-2fffbb85-1ed8-4fe9-a1d5-43d8722cbb6c 82758ee9dbed4bdf919e32bc6135cc36 f7db0ec7eef2499fb14973cea9da1187 - default default] Notify callbacks ['neutron.services.segments.plugin.NovaSegmentNotifier._notify_port_created_or_deleted-1129525', 'neutron.api.rpc.agentnotifiers.dhcp_rpc_agent_api.DhcpAgentNotifyAPI._native_event_send_dhcp_notification-2079775', 'neutron.plugins.ml2.plugin.Ml2Plugin.notify_sg_on_port_change-964061', 'neutron.plugins.ml2.ovo_rpc._ObjectChangeHandler.handle_event-1691942', 'neutron.db.l3_dvrscheduler_db._notify_l3_agent_new_port-8764426713755'] for port, after_create _notify_loop /usr/lib/python2.7/site-packages/neutron_lib/callbacks/manager.py:167
2018-06-27 23:05:26.938 28603 DEBUG neutron.scheduler.dhcp_agent_scheduler [req-2fffbb85-1ed8-4fe9-a1d5-43d8722cbb6c 82758ee9dbed4bdf919e32bc6135cc36 f7db0ec7eef2499fb14973cea9da1187 - default default] Network bccef923-8280-488c-84aa-955d7841d8ff is already hosted by enough agents. _get_dhcp_agents_hosting_network /usr/lib/python2.7/site-packages/neutron/scheduler/dhcp_agent_scheduler.py:243
2018-06-27 23:05:26.965 28603 DEBUG neutron.db.l3_dvrscheduler_db [req-2fffbb85-1ed8-4fe9-a1d5-43d8722cbb6c 82758ee9dbed4bdf919e32bc6135cc36 f7db0ec7eef2499fb14973cea9da1187 - default default] Received port after_create _notify_l3_agent_new_port /usr/lib/python2.7/site-packages/neutron/db/l3_dvrscheduler_db.py:392
2018-06-27 23:05:26.975 28603 DEBUG oslo_concurrency.lockutils [-] Lock "event-dispatch" acquired by "neutron.plugins.ml2.ovo_rpc.dispatch_events" :: waited 0.000s inner /usr/lib/python2.7/site-packages/oslo_concurrency/lockutils.py:270
2018-06-27 23:05:27.471 28603 DEBUG neutron.api.rpc.handlers.resources_rpc [req-2fffbb85-1ed8-4fe9-a1d5-43d8722cbb6c 82758ee9dbed4bdf919e32bc6135cc36 f7db0ec7eef2499fb14973cea9da1187 - - -] neutron.api.rpc.handlers.resources_rpc.ResourcesPushRpcApi method push called with arguments (<neutron_lib.context.Context object at 0x7f8a07cb75d0>, [Port(admin_state_up=True,allowed_address_pairs=[],binding=PortBinding,binding_levels=[],created_at=2018-06-27T21:05:25Z,data_plane_status=<?>,description='',device_id='PENDING',device_owner='network:floatingip',dhcp_options=[],distributed_binding=None,dns=None,fixed_ips=[IPAllocation],id=62478b23-67d7-41a0-9387-baae90375497,mac_address=fa:16:3e:a6:21:2a,name='',network_id=bccef923-8280-488c-84aa-955d7841d8ff,project_id='',qos_policy_id=None,revision_number=3,security=PortSecurity(62478b23-67d7-41a0-9387-baae90375497),security_group_ids=set([]),status='N/A',updated_at=2018-06-27T21:05:26Z)], 'updated') {} wrapper /usr/lib/python2.7/site-packages/oslo_log/helpers.py:66
2018-06-27 23:05:27.490 28603 DEBUG neutron.api.rpc.callbacks.version_manager [req-2fffbb85-1ed8-4fe9-a1d5-43d8722cbb6c 82758ee9dbed4bdf919e32bc6135cc36 f7db0ec7eef2499fb14973cea9da1187 - - -] Version for resource type Subnet changed None to 1.0 on consumer Open vSwitch agent@localhost.localdomain _set_version /usr/lib/python2.7/site-packages/neutron/api/rpc/callbacks/version_manager.py:119
2018-06-27 23:05:27.491 28603 DEBUG neutron.api.rpc.callbacks.version_manager [req-2fffbb85-1ed8-4fe9-a1d5-43d8722cbb6c 82758ee9dbed4bdf919e32bc6135cc36 f7db0ec7eef2499fb14973cea9da1187 - - -] Version for resource type Network changed None to 1.0 on consumer Open vSwitch agent@localhost.localdomain _set_version /usr/lib/python2.7/site-packages/neutron/api/rpc/callbacks/version_manager.py:119
2018-06-27 23:05:27.491 28603 DEBUG neutron.api.rpc.callbacks.version_manager [req-2fffbb85-1ed8-4fe9-a1d5-43d8722cbb6c 82758ee9dbed4bdf919e32bc6135cc36 f7db0ec7eef2499fb14973cea9da1187 - - -] Version for resource type SubPort changed None to 1.0 on consumer Open vSwitch agent@localhost.localdomain _set_version /usr/lib/python2.7/site-packages/neutron/api/rpc/callbacks/version_manager.py:119
2018-06-27 23:05:27.492 28603 DEBUG neutron.api.rpc.callbacks.version_manager [req-2fffbb85-1ed8-4fe9-a1d5-43d8722cbb6c 82758ee9dbed4bdf919e32bc6135cc36 f7db0ec7eef2499fb14973cea9da1187 - - -] Version for resource type SecurityGroup changed None to 1.0 on consumer Open vSwitch agent@localhost.localdomain _set_version /usr/lib/python2.7/site-packages/neutron/api/rpc/callbacks/version_manager.py:119
2018-06-27 23:05:27.492 28603 DEBUG neutron.api.rpc.callbacks.version_manager [req-2fffbb85-1ed8-4fe9-a1d5-43d8722cbb6c 82758ee9dbed4bdf919e32bc6135cc36 f7db0ec7eef2499fb14973cea9da1187 - - -] Version for resource type SecurityGroupRule changed None to 1.0 on consumer Open vSwitch agent@localhost.localdomain _set_version /usr/lib/python2.7/site-packages/neutron/api/rpc/callbacks/version_manager.py:119
2018-06-27 23:05:27.493 28603 DEBUG neutron.api.rpc.callbacks.version_manager [req-2fffbb85-1ed8-4fe9-a1d5-43d8722cbb6c 82758ee9dbed4bdf919e32bc6135cc36 f7db0ec7eef2499fb14973cea9da1187 - - -] Version for resource type Trunk changed None to 1.1 on consumer Open vSwitch agent@localhost.localdomain _set_version /usr/lib/python2.7/site-packages/neutron/api/rpc/callbacks/version_manager.py:119
2018-06-27 23:05:27.494 28603 DEBUG neutron.api.rpc.callbacks.version_manager [req-2fffbb85-1ed8-4fe9-a1d5-43d8722cbb6c 82758ee9dbed4bdf919e32bc6135cc36 f7db0ec7eef2499fb14973cea9da1187 - - -] Version for resource type QosPolicy changed None to 1.6 on consumer Open vSwitch agent@localhost.localdomain _set_version /usr/lib/python2.7/site-packages/neutron/api/rpc/callbacks/version_manager.py:119
2018-06-27 23:05:27.494 28603 DEBUG neutron.api.rpc.callbacks.version_manager [req-2fffbb85-1ed8-4fe9-a1d5-43d8722cbb6c 82758ee9dbed4bdf919e32bc6135cc36 f7db0ec7eef2499fb14973cea9da1187 - - -] Version for resource type Port changed None to 1.1 on consumer Open vSwitch agent@localhost.localdomain _set_version /usr/lib/python2.7/site-packages/neutron/api/rpc/callbacks/version_manager.py:119
2018-06-27 23:05:27.495 28603 DEBUG neutron.api.rpc.callbacks.version_manager [req-2fffbb85-1ed8-4fe9-a1d5-43d8722cbb6c 82758ee9dbed4bdf919e32bc6135cc36 f7db0ec7eef2499fb14973cea9da1187 - - -] Version for resource type Log changed None to 1.0 on consumer Open vSwitch agent@localhost.localdomain _set_version /usr/lib/python2.7/site-packages/neutron/api/rpc/callbacks/version_manager.py:119
2018-06-27 23:05:27.514 28603 DEBUG neutron_lib.callbacks.manager [req-2fffbb85-1ed8-4fe9-a1d5-43d8722cbb6c 82758ee9dbed4bdf919e32bc6135cc36 f7db0ec7eef2499fb14973cea9da1187 - default default] Notify callbacks ['neutron.plugins.ml2.plugin.Ml2Plugin._ensure_default_security_group_handler--9223372036853811872'] for port, before_update _notify_loop /usr/lib/python2.7/site-packages/neutron_lib/callbacks/manager.py:167
2018-06-27 23:05:27.535 28603 DEBUG oslo_concurrency.lockutils [req-2fffbb85-1ed8-4fe9-a1d5-43d8722cbb6c 82758ee9dbed4bdf919e32bc6135cc36 f7db0ec7eef2499fb14973cea9da1187 - - -] Lock "event-dispatch" released by "neutron.plugins.ml2.ovo_rpc.dispatch_events" :: held 0.559s inner /usr/lib/python2.7/site-packages/oslo_concurrency/lockutils.py:282
2018-06-27 23:05:28.074 28603 DEBUG neutron_lib.callbacks.manager [req-2fffbb85-1ed8-4fe9-a1d5-43d8722cbb6c 82758ee9dbed4bdf919e32bc6135cc36 f7db0ec7eef2499fb14973cea9da1187 - default default] Notify callbacks [] for port, precommit_update _notify_loop /usr/lib/python2.7/site-packages/neutron_lib/callbacks/manager.py:167
2018-06-27 23:05:28.090 28603 DEBUG neutron_lib.callbacks.manager [req-2fffbb85-1ed8-4fe9-a1d5-43d8722cbb6c 82758ee9dbed4bdf919e32bc6135cc36 f7db0ec7eef2499fb14973cea9da1187 - default default] Notify callbacks ['neutron.api.rpc.agentnotifiers.dhcp_rpc_agent_api.DhcpAgentNotifyAPI._native_event_send_dhcp_notification-2079775', 'neutron.plugins.ml2.plugin.Ml2Plugin.notify_sg_on_port_change-964061', 'neutron.db.l3_dvrscheduler_db._notify_l3_agent_port_update-8764426713770', 'neutron.services.segments.plugin.NovaSegmentNotifier._notify_port_updated--9223372036853646286', 'neutron.db.l3_hascheduler_db._notify_l3_agent_ha_port_update-8764426713845', 'neutron.plugins.ml2.ovo_rpc._ObjectChangeHandler.handle_event-1691942'] for port, after_update _notify_loop /usr/lib/python2.7/site-packages/neutron_lib/callbacks/manager.py:167
2018-06-27 23:05:28.570 28603 DEBUG neutron_lib.callbacks.manager [req-2fffbb85-1ed8-4fe9-a1d5-43d8722cbb6c 82758ee9dbed4bdf919e32bc6135cc36 f7db0ec7eef2499fb14973cea9da1187 - default default] Notify callbacks ['neutron.services.l3_router.l3_router_plugin.L3RouterPlugin._create_dvr_floating_gw_port-1605328'] for floatingip, after_update _notify_loop /usr/lib/python2.7/site-packages/neutron_lib/callbacks/manager.py:167
2018-06-27 23:05:28.580 28603 DEBUG oslo_concurrency.lockutils [-] Lock "event-dispatch" acquired by "neutron.plugins.ml2.ovo_rpc.dispatch_events" :: waited 0.000s inner /usr/lib/python2.7/site-packages/oslo_concurrency/lockutils.py:270
2018-06-27 23:05:28.701 28603 DEBUG neutron.quota.resource [req-2fffbb85-1ed8-4fe9-a1d5-43d8722cbb6c 82758ee9dbed4bdf919e32bc6135cc36 f7db0ec7eef2499fb14973cea9da1187 - default default] Persisted dirty status for tenant:73e6240db8ce4ce1a5817c5a87553996 on resource:floatingip mark_dirty /usr/lib/python2.7/site-packages/neutron/quota/resource.py:207
2018-06-27 23:05:28.714 28603 DEBUG neutron.quota.resource [req-2fffbb85-1ed8-4fe9-a1d5-43d8722cbb6c 82758ee9dbed4bdf919e32bc6135cc36 f7db0ec7eef2499fb14973cea9da1187 - default default] Persisted dirty status for tenant: on resource:port mark_dirty /usr/lib/python2.7/site-packages/neutron/quota/resource.py:207
2018-06-27 23:05:28.744 28603 DEBUG neutron_lib.callbacks.manager [req-2fffbb85-1ed8-4fe9-a1d5-43d8722cbb6c 82758ee9dbed4bdf919e32bc6135cc36 f7db0ec7eef2499fb14973cea9da1187 - default default] Notify callbacks ['neutron.notifiers.nova.Notifier._send_nova_notification--9223372036854712616'] for floatingip, before_response _notify_loop /usr/lib/python2.7/site-packages/neutron_lib/callbacks/manager.py:167
2018-06-27 23:05:28.748 28603 INFO neutron.wsgi [req-2fffbb85-1ed8-4fe9-a1d5-43d8722cbb6c 82758ee9dbed4bdf919e32bc6135cc36 f7db0ec7eef2499fb14973cea9da1187 - default default] 10.0.20.25 "POST /v2.0/floatingips HTTP/1.1" status: 201  len: 674 time: 3.6201999
2018-06-27 23:05:28.751 28603 DEBUG neutron.api.rpc.handlers.resources_rpc [req-2fffbb85-1ed8-4fe9-a1d5-43d8722cbb6c 82758ee9dbed4bdf919e32bc6135cc36 f7db0ec7eef2499fb14973cea9da1187 - - -] neutron.api.rpc.handlers.resources_rpc.ResourcesPushRpcApi method push called with arguments (<neutron_lib.context.Context object at 0x7f8a0830b550>, [Port(admin_state_up=True,allowed_address_pairs=[],binding=PortBinding,binding_levels=[],created_at=2018-06-27T21:05:25Z,data_plane_status=<?>,description='',device_id='033e7b47-031c-44d9-98a5-837817508253',device_owner='network:floatingip',dhcp_options=[],distributed_binding=None,dns=None,fixed_ips=[IPAllocation],id=62478b23-67d7-41a0-9387-baae90375497,mac_address=fa:16:3e:a6:21:2a,name='',network_id=bccef923-8280-488c-84aa-955d7841d8ff,project_id='',qos_policy_id=None,revision_number=4,security=PortSecurity(62478b23-67d7-41a0-9387-baae90375497),security_group_ids=set([]),status='N/A',updated_at=2018-06-27T21:05:27Z)], 'updated') {} wrapper /usr/lib/python2.7/site-packages/oslo_log/helpers.py:66
2018-06-27 23:05:28.777 28603 DEBUG oslo_concurrency.lockutils [req-2fffbb85-1ed8-4fe9-a1d5-43d8722cbb6c 82758ee9dbed4bdf919e32bc6135cc36 f7db0ec7eef2499fb14973cea9da1187 - - -] Lock "event-dispatch" released by "neutron.plugins.ml2.ovo_rpc.dispatch_events" :: held 0.198s inner /usr/lib/python2.7/site-packages/oslo_concurrency/lockutils.py:282
2018-06-27 23:05:29.083 28604 DEBUG neutron_lib.callbacks.manager [req-967dd821-8bcd-422c-b74a-f2dea0cca0a6 - - - - -] Notify callbacks ['neutron.services.segments.db._update_segment_host_mapping_for_agent-8764427075634'] for agent, after_update _notify_loop /usr/lib/python2.7/site-packages/neutron_lib/callbacks/manager.py:167
2018-06-27 23:05:31.434 28617 DEBUG neutron_lib.callbacks.manager [req-db0a7c77-cce7-4723-96bb-5925b412c0a9 - - - - -] Notify callbacks ['neutron.services.segments.db._update_segment_host_mapping_for_agent-8764427075634'] for agent, after_update _notify_loop /usr/lib/python2.7/site-packages/neutron_lib/callbacks/manager.py:167
2018-06-27 23:05:34.915 28619 DEBUG neutron.db.agents_db [req-8e8a24d9-6b8c-4d16-8832-96f3f5615aea - - - - -] Agent healthcheck: found 5 active agents agent_health_check /usr/lib/python2.7/site-packages/neutron/db/agents_db.py:281
2018-06-27 23:05:39.018 28599 INFO neutron.wsgi [req-d6e0a434-cc74-4acd-a3a1-980d0d50805a db7e024eefa34f0d9525ad1ee1475527 910acf3b84b64f358e48f506530f7cb1 - default default] 10.0.20.25 "GET /v2.0/ports?device_id=1c46ca94-f43a-49e6-8cc6-aaab511a41b9 HTTP/1.1" status: 200  len: 1124 time: 0.7374749
2018-06-27 23:05:39.184 28599 INFO neutron.wsgi [req-cb4b8e71-ca0a-40d4-9ce5-714bb805fc5d db7e024eefa34f0d9525ad1ee1475527 910acf3b84b64f358e48f506530f7cb1 - default default] 10.0.20.25 "GET /v2.0/security-groups?id=2a97229c-ff05-4fa4-9cc4-d491ea79482f HTTP/1.1" status: 200  len: 2118 time: 0.1584780
2018-06-27 23:05:41.715 28603 INFO neutron.wsgi [req-c1a5d7aa-aa40-4944-9188-aeab61fb3bc1 db7e024eefa34f0d9525ad1ee1475527 910acf3b84b64f358e48f506530f7cb1 - default default] 10.0.20.25 "GET /v2.0/ports?device_id=1c46ca94-f43a-49e6-8cc6-aaab511a41b9 HTTP/1.1" status: 200  len: 1124 time: 0.6980250
2018-06-27 23:05:41.876 28603 INFO neutron.wsgi [req-7db10914-5e1e-4983-ae43-4d78e9dd8a96 db7e024eefa34f0d9525ad1ee1475527 910acf3b84b64f358e48f506530f7cb1 - default default] 10.0.20.25 "GET /v2.0/security-groups?id=2a97229c-ff05-4fa4-9cc4-d491ea79482f HTTP/1.1" status: 200  len: 2118 time: 0.1513112
2018-06-27 23:05:43.920 28599 INFO neutron.wsgi [req-71144173-3549-4e1a-8385-086daa4c8557 a5e015a5810e4f6e8e474cc6f3324bd0 73e6240db8ce4ce1a5817c5a87553996 - 41f43dd92e20479e96f218d99652c654 41f43dd92e20479e96f218d99652c654] 10.0.20.25 "GET /v2.0/ports?device_id=1c46ca94-f43a-49e6-8cc6-aaab511a41b9 HTTP/1.1" status: 200  len: 1124 time: 1.4442160
2018-06-27 23:05:44.037 28602 INFO neutron.wsgi [req-52838abe-2a35-46a1-b1be-652eed4edd08 db7e024eefa34f0d9525ad1ee1475527 910acf3b84b64f358e48f506530f7cb1 - default default] 10.0.20.25 "GET /v2.0/ports?device_id=1c46ca94-f43a-49e6-8cc6-aaab511a41b9 HTTP/1.1" status: 200  len: 1124 time: 0.8332009
2018-06-27 23:05:44.063 28599 INFO neutron.wsgi [req-c0ec4938-ecd8-4302-883e-e92bf88b116e a5e015a5810e4f6e8e474cc6f3324bd0 73e6240db8ce4ce1a5817c5a87553996 - 41f43dd92e20479e96f218d99652c654 41f43dd92e20479e96f218d99652c654] 10.0.20.25 "GET /v2.0/security-groups?id=2a97229c-ff05-4fa4-9cc4-d491ea79482f HTTP/1.1" status: 200  len: 2118 time: 0.1360841
2018-06-27 23:05:44.200 28602 INFO neutron.wsgi [req-cb1013a1-f501-41d5-a659-c0b5f239dfc1 db7e024eefa34f0d9525ad1ee1475527 910acf3b84b64f358e48f506530f7cb1 - default default] 10.0.20.25 "GET /v2.0/security-groups?id=2a97229c-ff05-4fa4-9cc4-d491ea79482f HTTP/1.1" status: 200  len: 2118 time: 0.1542640
2018-06-27 23:05:44.346 28599 INFO neutron.wsgi [req-9a3726f3-18f8-4fe4-9be2-7a1b185dd7da a5e015a5810e4f6e8e474cc6f3324bd0 73e6240db8ce4ce1a5817c5a87553996 - 41f43dd92e20479e96f218d99652c654 41f43dd92e20479e96f218d99652c654] 10.0.20.25 "GET /v2.0/ports?device_owner=compute%3Anova&device_id=1c46ca94-f43a-49e6-8cc6-aaab511a41b9 HTTP/1.1" status: 200  len: 1124 time: 0.1363220
2018-06-27 23:05:44.420 28599 INFO neutron.wsgi [req-7658e8ef-d2ab-4014-ae94-78ee4d945ec8 a5e015a5810e4f6e8e474cc6f3324bd0 73e6240db8ce4ce1a5817c5a87553996 - 41f43dd92e20479e96f218d99652c654 41f43dd92e20479e96f218d99652c654] 10.0.20.25 "GET /v2.0/floatingips?floating_ip_address=172.24.4.5 HTTP/1.1" status: 200  len: 672 time: 0.0648789
2018-06-27 23:05:44.458 28599 DEBUG neutron.api.v2.base [req-a9017682-0cee-405c-b4ee-02a3280edf44 a5e015a5810e4f6e8e474cc6f3324bd0 73e6240db8ce4ce1a5817c5a87553996 - 41f43dd92e20479e96f218d99652c654 41f43dd92e20479e96f218d99652c654] Request body: {u'floatingip': {u'fixed_ip_address': u'11.176.1.8', u'port_id': u'3bf63eb5-b593-49c4-ae4a-5c9845e61916'}} prepare_request_body /usr/lib/python2.7/site-packages/neutron/api/v2/base.py:695
2018-06-27 23:05:44.920 28599 DEBUG neutron_lib.callbacks.manager [req-a9017682-0cee-405c-b4ee-02a3280edf44 a5e015a5810e4f6e8e474cc6f3324bd0 73e6240db8ce4ce1a5817c5a87553996 - 41f43dd92e20479e96f218d99652c654 41f43dd92e20479e96f218d99652c654] Notify callbacks ['neutron.services.l3_router.l3_router_plugin.L3RouterPlugin._create_dvr_floating_gw_port-1605328'] for floatingip, after_update _notify_loop /usr/lib/python2.7/site-packages/neutron_lib/callbacks/manager.py:167
2018-06-27 23:05:45.659 28599 DEBUG neutron.scheduler.l3_agent_scheduler [req-a9017682-0cee-405c-b4ee-02a3280edf44 a5e015a5810e4f6e8e474cc6f3324bd0 73e6240db8ce4ce1a5817c5a87553996 - 41f43dd92e20479e96f218d99652c654 41f43dd92e20479e96f218d99652c654] Router 2f2eabf8-a4f7-47e1-8fe6-ed59d9f5453c has already been hosted by L3 agent 9de63611-f1b0-4194-a76c-11d015d282db _get_candidates /usr/lib/python2.7/site-packages/neutron/scheduler/l3_agent_scheduler.py:141
2018-06-27 23:05:46.301 28599 INFO neutron.wsgi [req-e43c77a3-43cd-4c4d-92d0-4edd5a47892e db7e024eefa34f0d9525ad1ee1475527 910acf3b84b64f358e48f506530f7cb1 - default default] 10.0.20.25 "GET /v2.0/ports?device_id=1c46ca94-f43a-49e6-8cc6-aaab511a41b9 HTTP/1.1" status: 200  len: 1124 time: 1.1957259
2018-06-27 23:05:46.363 28599 DEBUG neutron.api.rpc.agentnotifiers.l3_rpc_agent_api [req-a9017682-0cee-405c-b4ee-02a3280edf44 a5e015a5810e4f6e8e474cc6f3324bd0 73e6240db8ce4ce1a5817c5a87553996 - 41f43dd92e20479e96f218d99652c654 41f43dd92e20479e96f218d99652c654] Notify agent at l3_agent.localhost.localdomain the message routers_updated _agent_notification /usr/lib/python2.7/site-packages/neutron/api/rpc/agentnotifiers/l3_rpc_agent_api.py:69
2018-06-27 23:05:46.422 28608 DEBUG neutron.db.l3_hamode_db [req-201bd09b-dc15-4370-a276-3e7fe5482d8a - - - - -] neutron.services.l3_router.l3_router_plugin.L3RouterPlugin method get_ha_sync_data_for_host called with arguments (<neutron_lib.context.Context object at 0x7f8a083d5a50>, u'localhost.localdomain', <neutron.db.models.agent.Agent[object at 7f8a07ec2a90] {id=u'9de63611-f1b0-4194-a76c-11d015d282db', agent_type=u'L3 agent', binary=u'neutron-l3-agent', topic=u'l3_agent', host=u'localhost.localdomain', availability_zone=u'nova', admin_state_up=True, created_at=datetime.datetime(2018, 6, 7, 12, 43, 41), started_at=datetime.datetime(2018, 6, 27, 20, 43, 1), heartbeat_timestamp=datetime.datetime(2018, 6, 27, 21, 5, 31), description=None, configurations=u'{"agent_mode": "legacy", "gateway_external_network_id": "", "handle_internal_only_routers": true, "routers": 2, "interfaces": 2, "floating_ips": 0, "interface_driver": "neutron.agent.linux.interface.OVSInterfaceDriver", "log_agent_heartbeats": false, "external_network_bridge": "", "ex_gw_ports": 2}', resource_versions=None, load=0}>) {'active': True, 'router_ids': ['2f2eabf8-a4f7-47e1-8fe6-ed59d9f5453c']} wrapper /usr/lib/python2.7/site-packages/oslo_log/helpers.py:66
2018-06-27 23:05:46.451 28599 DEBUG neutron_lib.callbacks.manager [req-a9017682-0cee-405c-b4ee-02a3280edf44 a5e015a5810e4f6e8e474cc6f3324bd0 73e6240db8ce4ce1a5817c5a87553996 - 41f43dd92e20479e96f218d99652c654 41f43dd92e20479e96f218d99652c654] Notify callbacks ['neutron.notifiers.nova.Notifier._send_nova_notification--9223372036854712616'] for floatingip, before_response _notify_loop /usr/lib/python2.7/site-packages/neutron_lib/callbacks/manager.py:167
2018-06-27 23:05:46.627 28599 INFO neutron.wsgi [req-177d6be3-82c6-4559-ab69-5aebca6b3dd6 db7e024eefa34f0d9525ad1ee1475527 910acf3b84b64f358e48f506530f7cb1 - default default] 10.0.20.25 "GET /v2.0/security-groups?id=2a97229c-ff05-4fa4-9cc4-d491ea79482f HTTP/1.1" status: 200  len: 2118 time: 0.3154120
2018-06-27 23:05:46.631 28599 INFO neutron.wsgi [req-a9017682-0cee-405c-b4ee-02a3280edf44 a5e015a5810e4f6e8e474cc6f3324bd0 73e6240db8ce4ce1a5817c5a87553996 - 41f43dd92e20479e96f218d99652c654 41f43dd92e20479e96f218d99652c654] 10.0.20.25 "PUT /v2.0/floatingips/033e7b47-031c-44d9-98a5-837817508253 HTTP/1.1" status: 200  len: 745 time: 2.2005858
2018-06-27 23:05:46.632 28599 DEBUG oslo_concurrency.lockutils [-] Lock "notifier-1c8f840c-6cdc-48a5-8028-3128fab12937" acquired by "neutron.notifiers.batch_notifier.synced_send" :: waited 0.000s inner /usr/lib/python2.7/site-packages/oslo_concurrency/lockutils.py:270
2018-06-27 23:05:46.634 28599 DEBUG neutron.notifiers.nova [-] Sending events: [{'tag': u'3bf63eb5-b593-49c4-ae4a-5c9845e61916', 'name': 'network-changed', 'server_uuid': u'1c46ca94-f43a-49e6-8cc6-aaab511a41b9'}] send_events /usr/lib/python2.7/site-packages/neutron/notifiers/nova.py:242
2018-06-27 23:05:46.639 28599 DEBUG novaclient.v2.client [-] REQ: curl -g -i -X POST http://10.0.20.25:8774/v2.1/910acf3b84b64f358e48f506530f7cb1/os-server-external-events -H "User-Agent: python-novaclient" -H "Content-Type: application/json" -H "Accept: application/json" -H "X-OpenStack-Nova-API-Version: 2.1" -H "X-Auth-Token: {SHA1}82af28a6b18eb113ce562713c3f71745f7378521" -d '{"events": [{"tag": "3bf63eb5-b593-49c4-ae4a-5c9845e61916", "name": "network-changed", "server_uuid": "1c46ca94-f43a-49e6-8cc6-aaab511a41b9"}]}' _http_log_request /usr/lib/python2.7/site-packages/keystoneauth1/session.py:375
2018-06-27 23:05:46.801 28599 DEBUG novaclient.v2.client [-] RESP: [200] Content-Length: 179 Content-Type: application/json Openstack-Api-Version: compute 2.1 X-Openstack-Nova-Api-Version: 2.1 Vary: OpenStack-API-Version, X-OpenStack-Nova-API-Version X-Openstack-Request-Id: req-c5ae6a54-45b7-4c95-9225-d3fbb2b8f7f1 X-Compute-Request-Id: req-c5ae6a54-45b7-4c95-9225-d3fbb2b8f7f1 Date: Wed, 27 Jun 2018 21:05:46 GMT Connection: keep-alive 
RESP BODY: {"events": [{"status": "completed", "tag": "3bf63eb5-b593-49c4-ae4a-5c9845e61916", "name": "network-changed", "server_uuid": "1c46ca94-f43a-49e6-8cc6-aaab511a41b9", "code": 200}]}
 _http_log_response /usr/lib/python2.7/site-packages/keystoneauth1/session.py:423
2018-06-27 23:05:46.802 28599 DEBUG novaclient.v2.client [-] POST call to compute for http://10.0.20.25:8774/v2.1/910acf3b84b64f358e48f506530f7cb1/os-server-external-events used request id req-c5ae6a54-45b7-4c95-9225-d3fbb2b8f7f1 request /usr/lib/python2.7/site-packages/keystoneauth1/session.py:727
2018-06-27 23:05:46.815 28599 INFO neutron.notifiers.nova [-] Nova event response: {u'status': u'completed', u'tag': u'3bf63eb5-b593-49c4-ae4a-5c9845e61916', u'name': u'network-changed', u'server_uuid': u'1c46ca94-f43a-49e6-8cc6-aaab511a41b9', u'code': 200}
2018-06-27 23:05:47.055 28599 INFO neutron.wsgi [req-624b7911-9911-40b2-866f-ddcff017d308 db7e024eefa34f0d9525ad1ee1475527 910acf3b84b64f358e48f506530f7cb1 - default default] 10.0.20.25 "GET /v2.0/ports?tenant_id=73e6240db8ce4ce1a5817c5a87553996&device_id=1c46ca94-f43a-49e6-8cc6-aaab511a41b9 HTTP/1.1" status: 200  len: 1124 time: 0.1910169
2018-06-27 23:05:47.445 28599 DEBUG neutron.pecan_wsgi.hooks.policy_enforcement [req-6f20b91b-c703-47dd-b7b8-bff08c8c5003 db7e024eefa34f0d9525ad1ee1475527 910acf3b84b64f358e48f506530f7cb1 - default default] Attributes excluded by policy engine: [u'vlan_transparent'] _exclude_attributes_by_policy /usr/lib/python2.7/site-packages/neutron/pecan_wsgi/hooks/policy_enforcement.py:256
2018-06-27 23:05:47.449 28599 INFO neutron.wsgi [req-6f20b91b-c703-47dd-b7b8-bff08c8c5003 db7e024eefa34f0d9525ad1ee1475527 910acf3b84b64f358e48f506530f7cb1 - default default] 10.0.20.25 "GET /v2.0/networks?id=582920d6-5934-4336-9ae5-35f9ba7a03d8 HTTP/1.1" status: 200  len: 885 time: 0.3838649
2018-06-27 23:05:47.450 28608 DEBUG neutron.db.l3_hamode_db [req-201bd09b-dc15-4370-a276-3e7fe5482d8a - - - - -] neutron.services.l3_router.l3_router_plugin.L3RouterPlugin method _process_sync_ha_data called with arguments (<neutron_lib.context.Context object at 0x7f8a083d5a50>, [{'status': u'ACTIVE', '_interfaces': [{'status': u'ACTIVE', 'subnets': [{'dns_nameservers': [u'8.8.4.4'], 'ipv6_ra_mode': None, 'gateway_ip': u'11.176.1.1', 'cidr': u'11.176.1.0/24', 'id': u'89dc94ec-b0ad-49fe-bbd5-6644caae7c43', 'subnetpool_id': None}], 'binding:host_id': u'localhost.localdomain', 'description': u'', 'allowed_address_pairs': [], 'tags': [], 'extra_dhcp_opts': [], 'updated_at': '2018-06-27T21:04:23Z', 'device_owner': u'network:router_interface', 'revision_number': 7, 'port_security_enabled': False, 'binding:profile': {}, 'mtu': 1450, 'fixed_ips': [{'subnet_id': u'89dc94ec-b0ad-49fe-bbd5-6644caae7c43', 'prefixlen': 24, 'ip_address': u'11.176.1.1'}], 'id': u'0aaf3530-e9b5-4193-8d7c-4583173e9fd6', 'security_groups': [], 'device_id': u'2f2eabf8-a4f7-47e1-8fe6-ed59d9f5453c', 'name': u'', 'admin_state_up': True, 'network_id': u'582920d6-5934-4336-9ae5-35f9ba7a03d8', 'tenant_id': u'73e6240db8ce4ce1a5817c5a87553996', 'binding:vif_details': {u'port_filter': True, u'datapath_type': u'system', u'ovs_hybrid_plug': True}, 'address_scopes': {4: None, 6: None}, 'binding:vnic_type': u'normal', 'binding:vif_type': u'ovs', 'mac_address': u'fa:16:3e:34:d5:3f', 'project_id': u'73e6240db8ce4ce1a5817c5a87553996', 'extra_subnets': [], 'created_at': '2018-06-27T21:04:13Z'}], 'enable_snat': True, 'ha_vr_id': 0, 'description': u'', 'tags': [], 'gw_port': {'status': u'ACTIVE', 'subnets': [{'dns_nameservers': [], 'ipv6_ra_mode': None, 'gateway_ip': u'172.24.4.1', 'cidr': u'172.24.4.0/24', 'id': u'4c4b2f34-8d32-4a55-b583-46e460575449', 'subnetpool_id': None}], 'binding:host_id': u'localhost.localdomain', 'description': u'', 'allowed_address_pairs': [], 'tags': [], 'extra_dhcp_opts': [], 'updated_at': '2018-06-27T21:04:35Z', 'device_owner': u'network:router_gateway', 'revision_number': 6, 'port_security_enabled': False, 'binding:profile': {}, 'mtu': 1500, 'fixed_ips': [{'subnet_id': u'4c4b2f34-8d32-4a55-b583-46e460575449', 'prefixlen': 24, 'ip_address': u'172.24.4.12'}], 'id': u'74f71e0b-f5c8-46ea-ac26-dedf4ab8d425', 'security_groups': [], 'device_id': u'2f2eabf8-a4f7-47e1-8fe6-ed59d9f5453c', 'name': u'', 'admin_state_up': True, 'network_id': u'bccef923-8280-488c-84aa-955d7841d8ff', 'tenant_id': u'', 'binding:vif_details': {u'port_filter': True, u'datapath_type': u'system', u'ovs_hybrid_plug': True}, 'address_scopes': {4: None, 6: None}, 'binding:vnic_type': u'normal', 'binding:vif_type': u'ovs', 'mac_address': u'fa:16:3e:1f:2f:af', 'project_id': u'', 'extra_subnets': [], 'created_at': '2018-06-27T21:04:28Z'}, 'updated_at': '2018-06-27T21:04:29Z', 'revision_number': 4, 'ha': False, 'id': u'2f2eabf8-a4f7-47e1-8fe6-ed59d9f5453c', 'gw_port_host': u'localhost.localdomain', 'external_gateway_info': {'network_id': u'bccef923-8280-488c-84aa-955d7841d8ff', 'enable_snat': True, 'external_fixed_ips': [{'subnet_id': u'4c4b2f34-8d32-4a55-b583-46e460575449', 'ip_address': u'172.24.4.12'}]}, 'availability_zone_hints': [], 'availability_zones': [u'nova'], 'name': u'tempest-router-1530133257', 'gw_port_id': u'74f71e0b-f5c8-46ea-ac26-dedf4ab8d425', 'admin_state_up': True, 'tenant_id': u'73e6240db8ce4ce1a5817c5a87553996', 'created_at': '2018-06-27T21:03:50Z', 'distributed': False, 'flavor_id': None, 'routes': [], 'project_id': u'73e6240db8ce4ce1a5817c5a87553996', '_floatingips': [{'router_id': u'2f2eabf8-a4f7-47e1-8fe6-ed59d9f5453c', 'status': u'DOWN', 'description': u'', 'tags': [], 'updated_at': '2018-06-27T21:05:44Z', 'dns_domain': '', 'floating_network_id': u'bccef923-8280-488c-84aa-955d7841d8ff', 'fixed_ip_address': u'11.176.1.8', 'floating_ip_address': u'172.24.4.5', 'revision_number': 1, 'port_id': u'3bf63eb5-b593-49c4-ae4a-5c9845e61916', 'id': u'033e7b47-031c-44d9-98a5-837817508253', 'dns_name': '', 'created_at': '2018-06-27T21:05:27Z', 'tenant_id': u'73e6240db8ce4ce1a5817c5a87553996', 'fixed_ip_address_scope': None, 'project_id': u'73e6240db8ce4ce1a5817c5a87553996'}]}], u'localhost.localdomain', False) {} wrapper /usr/lib/python2.7/site-packages/oslo_log/helpers.py:66
2018-06-27 23:05:47.464 28608 DEBUG neutron.api.rpc.handlers.l3_rpc [req-201bd09b-dc15-4370-a276-3e7fe5482d8a - - - - -] Checking router: 2f2eabf8-a4f7-47e1-8fe6-ed59d9f5453c for host: localhost.localdomain _ensure_host_set_on_ports /usr/lib/python2.7/site-packages/neutron/api/rpc/handlers/l3_rpc.py:135
2018-06-27 23:05:47.530 28599 INFO neutron.wsgi [req-1cda3a91-1bab-454d-af18-8579744b203f db7e024eefa34f0d9525ad1ee1475527 910acf3b84b64f358e48f506530f7cb1 - default default] 10.0.20.25 "GET /v2.0/floatingips?fixed_ip_address=11.176.1.8&port_id=3bf63eb5-b593-49c4-ae4a-5c9845e61916 HTTP/1.1" status: 200  len: 748 time: 0.0698519
2018-06-27 23:05:47.748 28599 DEBUG neutron.pecan_wsgi.hooks.policy_enforcement [req-6e5e9543-4863-44ce-af11-9d4ab1452386 db7e024eefa34f0d9525ad1ee1475527 910acf3b84b64f358e48f506530f7cb1 - default default] Attributes excluded by policy engine: [u'shared'] _exclude_attributes_by_policy /usr/lib/python2.7/site-packages/neutron/pecan_wsgi/hooks/policy_enforcement.py:256
2018-06-27 23:05:47.751 28599 INFO neutron.wsgi [req-6e5e9543-4863-44ce-af11-9d4ab1452386 db7e024eefa34f0d9525ad1ee1475527 910acf3b84b64f358e48f506530f7cb1 - default default] 10.0.20.25 "GET /v2.0/subnets?id=89dc94ec-b0ad-49fe-bbd5-6644caae7c43 HTTP/1.1" status: 200  len: 847 time: 0.2129400
2018-06-27 23:05:47.905 28617 DEBUG neutron.api.rpc.handlers.l3_rpc [req-42de09f0-00b1-4210-88f9-37a5ed1e31c9 - - - - -] New status for floating IP 033e7b47-031c-44d9-98a5-837817508253: ACTIVE update_floatingip_statuses /usr/lib/python2.7/site-packages/neutron/api/rpc/handlers/l3_rpc.py:252
2018-06-27 23:05:47.936 28599 INFO neutron.wsgi [req-dffc3b70-3679-49da-a2c8-99fa5677c464 db7e024eefa34f0d9525ad1ee1475527 910acf3b84b64f358e48f506530f7cb1 - default default] 10.0.20.25 "GET /v2.0/ports?network_id=582920d6-5934-4336-9ae5-35f9ba7a03d8&device_owner=network%3Adhcp HTTP/1.1" status: 200  len: 1128 time: 0.1744919
2018-06-27 23:05:48.628 28601 INFO neutron.wsgi [req-45a6fd3d-0ecc-4b9e-81ee-1b6eb30db795 db7e024eefa34f0d9525ad1ee1475527 910acf3b84b64f358e48f506530f7cb1 - default default] 10.0.20.25 "GET /v2.0/ports?device_id=1c46ca94-f43a-49e6-8cc6-aaab511a41b9 HTTP/1.1" status: 200  len: 1124 time: 0.7947772
2018-06-27 23:05:48.738 28599 INFO neutron.wsgi [req-c186e246-7d83-45eb-a6c1-6f6fef4b6721 db7e024eefa34f0d9525ad1ee1475527 910acf3b84b64f358e48f506530f7cb1 - default default] 10.0.20.25 "GET /v2.0/ports?tenant_id=73e6240db8ce4ce1a5817c5a87553996&device_id=1c46ca94-f43a-49e6-8cc6-aaab511a41b9 HTTP/1.1" status: 200  len: 1124 time: 0.6886809
2018-06-27 23:05:48.813 28601 INFO neutron.wsgi [req-3ec46865-43d4-40bc-b884-4e4e35e4b5cb db7e024eefa34f0d9525ad1ee1475527 910acf3b84b64f358e48f506530f7cb1 - default default] 10.0.20.25 "GET /v2.0/security-groups?id=2a97229c-ff05-4fa4-9cc4-d491ea79482f HTTP/1.1" status: 200  len: 2118 time: 0.1785960
2018-06-27 23:05:48.877 28599 DEBUG oslo_concurrency.lockutils [-] Lock "notifier-1c8f840c-6cdc-48a5-8028-3128fab12937" released by "neutron.notifiers.batch_notifier.synced_send" :: held 2.245s inner /usr/lib/python2.7/site-packages/oslo_concurrency/lockutils.py:282
2018-06-27 23:05:49.000 28599 DEBUG neutron.pecan_wsgi.hooks.policy_enforcement [req-01df957e-a759-482a-9c8b-a14474eac886 db7e024eefa34f0d9525ad1ee1475527 910acf3b84b64f358e48f506530f7cb1 - default default] Attributes excluded by policy engine: [u'vlan_transparent'] _exclude_attributes_by_policy /usr/lib/python2.7/site-packages/neutron/pecan_wsgi/hooks/policy_enforcement.py:256
2018-06-27 23:05:49.002 28599 INFO neutron.wsgi [req-01df957e-a759-482a-9c8b-a14474eac886 db7e024eefa34f0d9525ad1ee1475527 910acf3b84b64f358e48f506530f7cb1 - default default] 10.0.20.25 "GET /v2.0/networks?id=582920d6-5934-4336-9ae5-35f9ba7a03d8 HTTP/1.1" status: 200  len: 885 time: 0.2577810
2018-06-27 23:05:49.051 28599 INFO neutron.wsgi [req-8301c5a5-b12b-43cc-90c2-0b15208999bd db7e024eefa34f0d9525ad1ee1475527 910acf3b84b64f358e48f506530f7cb1 - default default] 10.0.20.25 "GET /v2.0/floatingips?fixed_ip_address=11.176.1.8&port_id=3bf63eb5-b593-49c4-ae4a-5c9845e61916 HTTP/1.1" status: 200  len: 750 time: 0.0411680
2018-06-27 23:05:49.191 28599 DEBUG neutron.pecan_wsgi.hooks.policy_enforcement [req-448fcf25-dc68-426f-adb5-96dd5c22a69f db7e024eefa34f0d9525ad1ee1475527 910acf3b84b64f358e48f506530f7cb1 - default default] Attributes excluded by policy engine: [u'shared'] _exclude_attributes_by_policy /usr/lib/python2.7/site-packages/neutron/pecan_wsgi/hooks/policy_enforcement.py:256
2018-06-27 23:05:49.194 28599 INFO neutron.wsgi [req-448fcf25-dc68-426f-adb5-96dd5c22a69f db7e024eefa34f0d9525ad1ee1475527 910acf3b84b64f358e48f506530f7cb1 - default default] 10.0.20.25 "GET /v2.0/subnets?id=89dc94ec-b0ad-49fe-bbd5-6644caae7c43 HTTP/1.1" status: 200  len: 847 time: 0.1334448
2018-06-27 23:05:49.337 28599 INFO neutron.wsgi [req-49da1000-667d-46cc-b1f6-99530563f810 db7e024eefa34f0d9525ad1ee1475527 910acf3b84b64f358e48f506530f7cb1 - default default] 10.0.20.25 "GET /v2.0/ports?network_id=582920d6-5934-4336-9ae5-35f9ba7a03d8&device_owner=network%3Adhcp HTTP/1.1" status: 200  len: 1128 time: 0.1313112
2018-06-27 23:05:50.535 28603 INFO neutron.wsgi [req-602ec1e2-f95c-49a7-a96f-338cfa659e04 db7e024eefa34f0d9525ad1ee1475527 910acf3b84b64f358e48f506530f7cb1 - default default] 10.0.20.25 "GET /v2.0/ports?device_id=1c46ca94-f43a-49e6-8cc6-aaab511a41b9 HTTP/1.1" status: 200  len: 1124 time: 0.6778791
2018-06-27 23:05:50.700 28603 INFO neutron.wsgi [req-53ed45dd-28f3-4bad-b976-9de0b95efd7e db7e024eefa34f0d9525ad1ee1475527 910acf3b84b64f358e48f506530f7cb1 - default default] 10.0.20.25 "GET /v2.0/security-groups?id=2a97229c-ff05-4fa4-9cc4-d491ea79482f HTTP/1.1" status: 200  len: 2118 time: 0.1563790
2018-06-27 23:05:52.208 28608 DEBUG neutron_lib.callbacks.manager [req-b36b3415-9347-4657-92c3-c2920ded5d9c - - - - -] Notify callbacks ['neutron.services.segments.db._update_segment_host_mapping_for_agent-8764427075634'] for agent, after_update _notify_loop /usr/lib/python2.7/site-packages/neutron_lib/callbacks/manager.py:167
2018-06-27 23:05:52.230 28606 DEBUG neutron_lib.callbacks.manager [req-b8e83e74-dcb3-45b8-a9c0-b7fa8210ffa4 - - - - -] Notify callbacks ['neutron.services.segments.db._update_segment_host_mapping_for_agent-8764427075634'] for agent, after_update _notify_loop /usr/lib/python2.7/site-packages/neutron_lib/callbacks/manager.py:167
2018-06-27 23:05:52.339 28611 DEBUG neutron_lib.callbacks.manager [req-eade6c38-6960-4143-9af6-d9d140ae1a4f - - - - -] Notify callbacks ['neutron.services.segments.db._update_segment_host_mapping_for_agent-8764427075634'] for agent, after_update _notify_loop /usr/lib/python2.7/site-packages/neutron_lib/callbacks/manager.py:167
2018-06-27 23:05:59.092 28615 DEBUG neutron_lib.callbacks.manager [req-8f8ccb49-37dd-43e6-92d0-a8bd5930bb83 - - - - -] Notify callbacks ['neutron.services.segments.db._update_segment_host_mapping_for_agent-8764427075634'] for agent, after_update _notify_loop /usr/lib/python2.7/site-packages/neutron_lib/callbacks/manager.py:167
2018-06-27 23:06:01.423 28607 DEBUG neutron_lib.callbacks.manager [req-c6f2f66f-152f-4217-ad5b-985481a53337 - - - - -] Notify callbacks ['neutron.services.segments.db._update_segment_host_mapping_for_agent-8764427075634'] for agent, after_update _notify_loop /usr/lib/python2.7/site-packages/neutron_lib/callbacks/manager.py:167
2018-06-27 23:06:02.129 28603 INFO neutron.wsgi [req-81375b18-8ab3-4e5a-a8c1-58908e0e0f92 a5e015a5810e4f6e8e474cc6f3324bd0 73e6240db8ce4ce1a5817c5a87553996 - 41f43dd92e20479e96f218d99652c654 41f43dd92e20479e96f218d99652c654] 10.0.20.25 "GET /v2.0/ports?device_id=1c46ca94-f43a-49e6-8cc6-aaab511a41b9 HTTP/1.1" status: 200  len: 1124 time: 1.0549369
2018-06-27 23:06:02.313 28603 INFO neutron.wsgi [req-e3716ee4-ba28-45ee-8b05-882c300512bf a5e015a5810e4f6e8e474cc6f3324bd0 73e6240db8ce4ce1a5817c5a87553996 - 41f43dd92e20479e96f218d99652c654 41f43dd92e20479e96f218d99652c654] 10.0.20.25 "GET /v2.0/security-groups?id=2a97229c-ff05-4fa4-9cc4-d491ea79482f HTTP/1.1" status: 200  len: 2118 time: 0.1809671
2018-06-27 23:06:11.914 28619 DEBUG neutron.db.agents_db [req-8e8a24d9-6b8c-4d16-8832-96f3f5615aea - - - - -] Agent healthcheck: found 5 active agents agent_health_check /usr/lib/python2.7/site-packages/neutron/db/agents_db.py:281
2018-06-27 23:06:15.226 28599 INFO neutron.wsgi [req-5d9767fc-3892-4ab8-a3f0-f7f7040dcab9 db7e024eefa34f0d9525ad1ee1475527 910acf3b84b64f358e48f506530f7cb1 - default default] 10.0.20.25 "GET /v2.0/ports?tenant_id=73e6240db8ce4ce1a5817c5a87553996&device_id=1c46ca94-f43a-49e6-8cc6-aaab511a41b9 HTTP/1.1" status: 200  len: 1124 time: 0.1865261
2018-06-27 23:06:15.552 28599 DEBUG neutron.pecan_wsgi.hooks.policy_enforcement [req-b6451dad-8ba2-4dae-9d92-47d9a6f76814 db7e024eefa34f0d9525ad1ee1475527 910acf3b84b64f358e48f506530f7cb1 - default default] Attributes excluded by policy engine: [u'vlan_transparent'] _exclude_attributes_by_policy /usr/lib/python2.7/site-packages/neutron/pecan_wsgi/hooks/policy_enforcement.py:256
2018-06-27 23:06:15.555 28599 INFO neutron.wsgi [req-b6451dad-8ba2-4dae-9d92-47d9a6f76814 db7e024eefa34f0d9525ad1ee1475527 910acf3b84b64f358e48f506530f7cb1 - default default] 10.0.20.25 "GET /v2.0/networks?id=582920d6-5934-4336-9ae5-35f9ba7a03d8 HTTP/1.1" status: 200  len: 885 time: 0.3181500
2018-06-27 23:06:15.617 28599 INFO neutron.wsgi [req-54019b98-5e86-4c4e-bb54-50acb63e8c39 db7e024eefa34f0d9525ad1ee1475527 910acf3b84b64f358e48f506530f7cb1 - default default] 10.0.20.25 "GET /v2.0/floatingips?fixed_ip_address=11.176.1.8&port_id=3bf63eb5-b593-49c4-ae4a-5c9845e61916 HTTP/1.1" status: 200  len: 750 time: 0.0535691
2018-06-27 23:06:15.799 28599 DEBUG neutron.pecan_wsgi.hooks.policy_enforcement [req-bc63e421-e1af-442c-b440-793b19604e6f db7e024eefa34f0d9525ad1ee1475527 910acf3b84b64f358e48f506530f7cb1 - default default] Attributes excluded by policy engine: [u'shared'] _exclude_attributes_by_policy /usr/lib/python2.7/site-packages/neutron/pecan_wsgi/hooks/policy_enforcement.py:256
2018-06-27 23:06:15.802 28599 INFO neutron.wsgi [req-bc63e421-e1af-442c-b440-793b19604e6f db7e024eefa34f0d9525ad1ee1475527 910acf3b84b64f358e48f506530f7cb1 - default default] 10.0.20.25 "GET /v2.0/subnets?id=89dc94ec-b0ad-49fe-bbd5-6644caae7c43 HTTP/1.1" status: 200  len: 847 time: 0.1763010
2018-06-27 23:06:15.973 28599 INFO neutron.wsgi [req-60bac474-5057-42c5-89d4-ad98ee709979 db7e024eefa34f0d9525ad1ee1475527 910acf3b84b64f358e48f506530f7cb1 - default default] 10.0.20.25 "GET /v2.0/ports?network_id=582920d6-5934-4336-9ae5-35f9ba7a03d8&device_owner=network%3Adhcp HTTP/1.1" status: 200  len: 1128 time: 0.1619802
2018-06-27 23:06:22.236 28618 DEBUG neutron_lib.callbacks.manager [req-b36b3415-9347-4657-92c3-c2920ded5d9c - - - - -] Notify callbacks ['neutron.services.segments.db._update_segment_host_mapping_for_agent-8764427075634'] for agent, after_update _notify_loop /usr/lib/python2.7/site-packages/neutron_lib/callbacks/manager.py:167
2018-06-27 23:06:22.245 28605 DEBUG neutron_lib.callbacks.manager [req-b8e83e74-dcb3-45b8-a9c0-b7fa8210ffa4 - - - - -] Notify callbacks ['neutron.services.segments.db._update_segment_host_mapping_for_agent-8764427075634'] for agent, after_update _notify_loop /usr/lib/python2.7/site-packages/neutron_lib/callbacks/manager.py:167
2018-06-27 23:06:22.374 28604 DEBUG neutron_lib.callbacks.manager [req-eade6c38-6960-4143-9af6-d9d140ae1a4f - - - - -] Notify callbacks ['neutron.services.segments.db._update_segment_host_mapping_for_agent-8764427075634'] for agent, after_update _notify_loop /usr/lib/python2.7/site-packages/neutron_lib/callbacks/manager.py:167
2018-06-27 23:06:23.202 28600 INFO neutron.wsgi [req-11a1400c-2b0e-48aa-8262-108d615dca26 0508a2373b814911b1d6723f2f75b8cd 910acf3b84b64f358e48f506530f7cb1 - default default] 10.0.20.25 "GET /v2.0/ports?device_id=1c46ca94-f43a-49e6-8cc6-aaab511a41b9 HTTP/1.1" status: 200  len: 1124 time: 1.2280080
2018-06-27 23:06:23.325 28600 INFO neutron.wsgi [req-81589f24-5a8e-46fd-8e75-dc4628408e2f 0508a2373b814911b1d6723f2f75b8cd 910acf3b84b64f358e48f506530f7cb1 - default default] 10.0.20.25 "GET /v2.0/security-groups?id=2a97229c-ff05-4fa4-9cc4-d491ea79482f HTTP/1.1" status: 200  len: 2118 time: 0.1154640
2018-06-27 23:06:27.458 28596 INFO neutron.wsgi [req-a79479cd-16d1-46bd-bd62-955c02853f6e a5e015a5810e4f6e8e474cc6f3324bd0 73e6240db8ce4ce1a5817c5a87553996 - 41f43dd92e20479e96f218d99652c654 41f43dd92e20479e96f218d99652c654] 10.0.20.25 "GET /v2.0/ports?device_id=1c46ca94-f43a-49e6-8cc6-aaab511a41b9 HTTP/1.1" status: 200  len: 1124 time: 1.4714210
2018-06-27 23:06:27.631 28596 INFO neutron.wsgi [req-3ebefb8b-cd1c-4cbe-a5f3-e718c668fff0 a5e015a5810e4f6e8e474cc6f3324bd0 73e6240db8ce4ce1a5817c5a87553996 - 41f43dd92e20479e96f218d99652c654 41f43dd92e20479e96f218d99652c654] 10.0.20.25 "GET /v2.0/security-groups?id=2a97229c-ff05-4fa4-9cc4-d491ea79482f HTTP/1.1" status: 200  len: 2118 time: 0.1625810
2018-06-27 23:06:29.099 28617 DEBUG neutron_lib.callbacks.manager [req-e0e9f3c3-8091-4da8-a855-0aa048cc27c2 - - - - -] Notify callbacks ['neutron.services.segments.db._update_segment_host_mapping_for_agent-8764427075634'] for agent, after_update _notify_loop /usr/lib/python2.7/site-packages/neutron_lib/callbacks/manager.py:167
2018-06-27 23:06:31.422 28608 DEBUG neutron_lib.callbacks.manager [req-6d6f3129-e0a4-4544-beb6-65eaac3ecd55 - - - - -] Notify callbacks ['neutron.services.segments.db._update_segment_host_mapping_for_agent-8764427075634'] for agent, after_update _notify_loop /usr/lib/python2.7/site-packages/neutron_lib/callbacks/manager.py:167
2018-06-27 23:06:40.495 28596 INFO neutron.wsgi [req-c20db139-4610-4fd6-b83e-77acbfd8995d a5e015a5810e4f6e8e474cc6f3324bd0 73e6240db8ce4ce1a5817c5a87553996 - 41f43dd92e20479e96f218d99652c654 41f43dd92e20479e96f218d99652c654] 10.0.20.25 "GET /v2.0/ports?device_id=1c46ca94-f43a-49e6-8cc6-aaab511a41b9 HTTP/1.1" status: 200  len: 1124 time: 0.7984111
2018-06-27 23:06:40.639 28596 INFO neutron.wsgi [req-1b2f9fa2-e420-4d54-ad00-7565582479dd a5e015a5810e4f6e8e474cc6f3324bd0 73e6240db8ce4ce1a5817c5a87553996 - 41f43dd92e20479e96f218d99652c654 41f43dd92e20479e96f218d99652c654] 10.0.20.25 "GET /v2.0/security-groups?id=2a97229c-ff05-4fa4-9cc4-d491ea79482f HTTP/1.1" status: 200  len: 2118 time: 0.1356421
2018-06-27 23:06:48.911 28619 DEBUG neutron.db.agents_db [req-8e8a24d9-6b8c-4d16-8832-96f3f5615aea - - - - -] Agent healthcheck: found 5 active agents agent_health_check /usr/lib/python2.7/site-packages/neutron/db/agents_db.py:281
2018-06-27 23:06:52.218 28606 DEBUG neutron_lib.callbacks.manager [req-b36b3415-9347-4657-92c3-c2920ded5d9c - - - - -] Notify callbacks ['neutron.services.segments.db._update_segment_host_mapping_for_agent-8764427075634'] for agent, after_update _notify_loop /usr/lib/python2.7/site-packages/neutron_lib/callbacks/manager.py:167
2018-06-27 23:06:52.221 28611 DEBUG neutron_lib.callbacks.manager [req-b8e83e74-dcb3-45b8-a9c0-b7fa8210ffa4 - - - - -] Notify callbacks ['neutron.services.segments.db._update_segment_host_mapping_for_agent-8764427075634'] for agent, after_update _notify_loop /usr/lib/python2.7/site-packages/neutron_lib/callbacks/manager.py:167
2018-06-27 23:06:52.360 28615 DEBUG neutron_lib.callbacks.manager [req-eade6c38-6960-4143-9af6-d9d140ae1a4f - - - - -] Notify callbacks ['neutron.services.segments.db._update_segment_host_mapping_for_agent-8764427075634'] for agent, after_update _notify_loop /usr/lib/python2.7/site-packages/neutron_lib/callbacks/manager.py:167
2018-06-27 23:06:56.025 28603 DEBUG neutron.wsgi [-] (28603) accepted ('10.0.20.25', 57856) server /usr/lib/python2.7/site-packages/eventlet/wsgi.py:883
2018-06-27 23:06:57.032 28603 INFO neutron.wsgi [req-8b168354-b16d-499a-bd6f-7801e513d0dd a5e015a5810e4f6e8e474cc6f3324bd0 73e6240db8ce4ce1a5817c5a87553996 - 41f43dd92e20479e96f218d99652c654 41f43dd92e20479e96f218d99652c654] 10.0.20.25 "GET /v2.0/ports?device_id=1c46ca94-f43a-49e6-8cc6-aaab511a41b9 HTTP/1.1" status: 200  len: 1124 time: 1.0039909
2018-06-27 23:06:57.195 28603 INFO neutron.wsgi [req-bbb316dc-bdf4-4d0b-8cae-e4775a2862da a5e015a5810e4f6e8e474cc6f3324bd0 73e6240db8ce4ce1a5817c5a87553996 - 41f43dd92e20479e96f218d99652c654 41f43dd92e20479e96f218d99652c654] 10.0.20.25 "GET /v2.0/security-groups?id=2a97229c-ff05-4fa4-9cc4-d491ea79482f HTTP/1.1" status: 200  len: 2118 time: 0.1270781
2018-06-27 23:06:59.114 28607 DEBUG neutron_lib.callbacks.manager [req-3fef6447-f366-46d3-9993-bf357968f876 - - - - -] Notify callbacks ['neutron.services.segments.db._update_segment_host_mapping_for_agent-8764427075634'] for agent, after_update _notify_loop /usr/lib/python2.7/site-packages/neutron_lib/callbacks/manager.py:167
2018-06-27 23:07:01.436 28618 DEBUG neutron_lib.callbacks.manager [req-b95c9a4a-b328-4eab-8f46-79aa254ba33b - - - - -] Notify callbacks ['neutron.services.segments.db._update_segment_host_mapping_for_agent-8764427075634'] for agent, after_update _notify_loop /usr/lib/python2.7/site-packages/neutron_lib/callbacks/manager.py:167
2018-06-27 23:07:07.538 28599 INFO neutron.wsgi [req-25ad3a5a-34a1-426d-871e-636191a130d5 a5e015a5810e4f6e8e474cc6f3324bd0 73e6240db8ce4ce1a5817c5a87553996 - 41f43dd92e20479e96f218d99652c654 41f43dd92e20479e96f218d99652c654] 10.0.20.25 "GET /v2.0/ports?device_id=1c46ca94-f43a-49e6-8cc6-aaab511a41b9 HTTP/1.1" status: 200  len: 1124 time: 0.6297510
