2018-06-27 06:19:06.716 15591 DEBUG novaclient.v2.client [-] RESP: [200] Content-Length: 185 Content-Type: application/json Openstack-Api-Version: compute 2.1 X-Openstack-Nova-Api-Version: 2.1 Vary: OpenStack-API-Version, X-OpenStack-Nova-API-Version X-Openstack-Request-Id: req-3bbdb9c0-b6fd-40fc-b17b-61d21b9d8059 X-Compute-Request-Id: req-3bbdb9c0-b6fd-40fc-b17b-61d21b9d8059 Date: Wed, 27 Jun 2018 04:19:06 GMT Connection: keep-alive 
RESP BODY: {"events": [{"status": "completed", "tag": "14d3c4e7-37e9-448b-b422-d4ceba210072", "name": "network-vif-unplugged", "server_uuid": "543f0c85-57a3-43dc-a17a-afd60ab2f526", "code": 200}]}
 _http_log_response /usr/lib/python2.7/site-packages/keystoneauth1/session.py:423
2018-06-27 06:19:06.717 15591 DEBUG novaclient.v2.client [-] POST call to compute for http://10.0.20.46:8774/v2.1/0ca3103c90a24980adf86a98ed1a7af3/os-server-external-events used request id req-3bbdb9c0-b6fd-40fc-b17b-61d21b9d8059 request /usr/lib/python2.7/site-packages/keystoneauth1/session.py:727
2018-06-27 06:19:06.730 15591 INFO neutron.notifiers.nova [-] Nova event response: {u'status': u'completed', u'tag': u'14d3c4e7-37e9-448b-b422-d4ceba210072', u'name': u'network-vif-unplugged', u'server_uuid': u'543f0c85-57a3-43dc-a17a-afd60ab2f526', u'code': 200}
2018-06-27 06:19:06.792 15591 DEBUG neutron.api.rpc.handlers.resources_rpc [req-8d84f412-aedc-4388-9a97-466897fe1446 - - - - -] neutron.api.rpc.handlers.resources_rpc.ResourcesPushRpcApi method push called with arguments (<neutron_lib.context.Context object at 0x7fec78f91610>, [Port(admin_state_up=True,allowed_address_pairs=[],binding=PortBinding,binding_levels=[PortBindingLevel],created_at=2018-06-27T04:16:09Z,data_plane_status=<?>,description='',device_id='543f0c85-57a3-43dc-a17a-afd60ab2f526',device_owner='compute:nova',dhcp_options=[],distributed_binding=None,dns=None,fixed_ips=[IPAllocation],id=14d3c4e7-37e9-448b-b422-d4ceba210072,mac_address=fa:16:3e:df:cf:5d,name='',network_id=4fec194f-1455-4dab-8eae-c785b27489fe,project_id='7253aaee0cc342679bc2c25bd1c6b67b',qos_policy_id=None,revision_number=7,security=PortSecurity(14d3c4e7-37e9-448b-b422-d4ceba210072),security_group_ids=set([5ead0ad4-a397-4ef1-9f74-ee020402c0d8]),status='DOWN',updated_at=2018-06-27T04:19:06Z)], 'updated') {} wrapper /usr/lib/python2.7/site-packages/oslo_log/helpers.py:66
2018-06-27 06:19:06.803 15591 DEBUG neutron.api.rpc.callbacks.version_manager [req-8d84f412-aedc-4388-9a97-466897fe1446 - - - - -] Version for resource type Subnet changed None to 1.0 on consumer Open vSwitch agent@localhost.localdomain _set_version /usr/lib/python2.7/site-packages/neutron/api/rpc/callbacks/version_manager.py:119
2018-06-27 06:19:06.804 15591 DEBUG neutron.api.rpc.callbacks.version_manager [req-8d84f412-aedc-4388-9a97-466897fe1446 - - - - -] Version for resource type Network changed None to 1.0 on consumer Open vSwitch agent@localhost.localdomain _set_version /usr/lib/python2.7/site-packages/neutron/api/rpc/callbacks/version_manager.py:119
2018-06-27 06:19:06.804 15591 DEBUG neutron.api.rpc.callbacks.version_manager [req-8d84f412-aedc-4388-9a97-466897fe1446 - - - - -] Version for resource type SubPort changed None to 1.0 on consumer Open vSwitch agent@localhost.localdomain _set_version /usr/lib/python2.7/site-packages/neutron/api/rpc/callbacks/version_manager.py:119
2018-06-27 06:19:06.805 15591 DEBUG neutron.api.rpc.callbacks.version_manager [req-8d84f412-aedc-4388-9a97-466897fe1446 - - - - -] Version for resource type SecurityGroup changed None to 1.0 on consumer Open vSwitch agent@localhost.localdomain _set_version /usr/lib/python2.7/site-packages/neutron/api/rpc/callbacks/version_manager.py:119
2018-06-27 06:19:06.805 15591 DEBUG neutron.api.rpc.callbacks.version_manager [req-8d84f412-aedc-4388-9a97-466897fe1446 - - - - -] Version for resource type SecurityGroupRule changed None to 1.0 on consumer Open vSwitch agent@localhost.localdomain _set_version /usr/lib/python2.7/site-packages/neutron/api/rpc/callbacks/version_manager.py:119
2018-06-27 06:19:06.806 15591 DEBUG neutron.api.rpc.callbacks.version_manager [req-8d84f412-aedc-4388-9a97-466897fe1446 - - - - -] Version for resource type Trunk changed None to 1.1 on consumer Open vSwitch agent@localhost.localdomain _set_version /usr/lib/python2.7/site-packages/neutron/api/rpc/callbacks/version_manager.py:119
2018-06-27 06:19:06.807 15591 DEBUG neutron.api.rpc.callbacks.version_manager [req-8d84f412-aedc-4388-9a97-466897fe1446 - - - - -] Version for resource type QosPolicy changed None to 1.6 on consumer Open vSwitch agent@localhost.localdomain _set_version /usr/lib/python2.7/site-packages/neutron/api/rpc/callbacks/version_manager.py:119
2018-06-27 06:19:06.807 15591 DEBUG neutron.api.rpc.callbacks.version_manager [req-8d84f412-aedc-4388-9a97-466897fe1446 - - - - -] Version for resource type Port changed None to 1.1 on consumer Open vSwitch agent@localhost.localdomain _set_version /usr/lib/python2.7/site-packages/neutron/api/rpc/callbacks/version_manager.py:119
2018-06-27 06:19:06.808 15591 DEBUG neutron.api.rpc.callbacks.version_manager [req-8d84f412-aedc-4388-9a97-466897fe1446 - - - - -] Version for resource type Log changed None to 1.0 on consumer Open vSwitch agent@localhost.localdomain _set_version /usr/lib/python2.7/site-packages/neutron/api/rpc/callbacks/version_manager.py:119
2018-06-27 06:19:06.824 15591 DEBUG oslo_concurrency.lockutils [req-8d84f412-aedc-4388-9a97-466897fe1446 - - - - -] Lock "event-dispatch" released by "neutron.plugins.ml2.ovo_rpc.dispatch_events" :: held 0.209s inner /usr/lib/python2.7/site-packages/oslo_concurrency/lockutils.py:282
2018-06-27 06:19:08.733 15591 DEBUG oslo_concurrency.lockutils [-] Lock "notifier-030bf892-77ee-48f9-a697-8800a5fd382a" released by "neutron.notifiers.batch_notifier.synced_send" :: held 2.166s inner /usr/lib/python2.7/site-packages/oslo_concurrency/lockutils.py:282
2018-06-27 06:19:08.897 15580 INFO neutron.wsgi [req-75474d04-5b26-4d71-9d5d-6bbd790f5fb1 046fd8812a684688a381b61d5a9719bb 7253aaee0cc342679bc2c25bd1c6b67b - 483bce833a3242259f80355e9145e141 483bce833a3242259f80355e9145e141] 10.0.20.46 "GET /v2.0/ports?device_id=543f0c85-57a3-43dc-a17a-afd60ab2f526 HTTP/1.1" status: 200  len: 1123 time: 0.6463020
2018-06-27 06:19:09.071 15580 INFO neutron.wsgi [req-53ebb6ad-1286-434a-accf-435a165dffd3 046fd8812a684688a381b61d5a9719bb 7253aaee0cc342679bc2c25bd1c6b67b - 483bce833a3242259f80355e9145e141 483bce833a3242259f80355e9145e141] 10.0.20.46 "GET /v2.0/security-groups?id=5ead0ad4-a397-4ef1-9f74-ee020402c0d8 HTTP/1.1" status: 200  len: 2118 time: 0.1674540
2018-06-27 06:19:11.931 15597 DEBUG neutron.db.agents_db [req-6d9a5c59-2269-473d-8351-7f3eb3944b59 - - - - -] Agent healthcheck: found 5 active agents agent_health_check /usr/lib/python2.7/site-packages/neutron/db/agents_db.py:281
2018-06-27 06:19:14.293 15588 DEBUG neutron.plugins.ml2.rpc [req-8d84f412-aedc-4388-9a97-466897fe1446 - - - - -] Device 14d3c4e7-37e9-448b-b422-d4ceba210072 up at agent ovs-agent-localhost.localdomain update_device_up /usr/lib/python2.7/site-packages/neutron/plugins/ml2/rpc.py:244
2018-06-27 06:19:14.477 15588 DEBUG neutron.db.provisioning_blocks [req-8d84f412-aedc-4388-9a97-466897fe1446 - - - - -] Provisioning complete for port 14d3c4e7-37e9-448b-b422-d4ceba210072 triggered by entity L2. provisioning_complete /usr/lib/python2.7/site-packages/neutron/db/provisioning_blocks.py:138
2018-06-27 06:19:14.479 15588 DEBUG neutron_lib.callbacks.manager [req-8d84f412-aedc-4388-9a97-466897fe1446 - - - - -] Notify callbacks ['neutron.plugins.ml2.plugin.Ml2Plugin._port_provisioned-672718'] for port, provisioning_complete _notify_loop /usr/lib/python2.7/site-packages/neutron_lib/callbacks/manager.py:167
2018-06-27 06:19:14.802 15588 DEBUG neutron_lib.callbacks.manager [req-8d84f412-aedc-4388-9a97-466897fe1446 - - - - -] Notify callbacks ['neutron.plugins.ml2.plugin.Ml2Plugin._ensure_default_security_group_handler--9223372036854419318'] for port, before_update _notify_loop /usr/lib/python2.7/site-packages/neutron_lib/callbacks/manager.py:167
2018-06-27 06:19:14.964 15588 DEBUG oslo_concurrency.lockutils [-] Lock "notifier-030bf892-77ee-48f9-a697-8800a5fd382a" acquired by "neutron.notifiers.batch_notifier.synced_send" :: waited 0.000s inner /usr/lib/python2.7/site-packages/oslo_concurrency/lockutils.py:270
2018-06-27 06:19:14.965 15588 DEBUG neutron.notifiers.nova [-] Sending events: [{'status': 'completed', 'tag': u'14d3c4e7-37e9-448b-b422-d4ceba210072', 'name': 'network-vif-plugged', 'server_uuid': u'543f0c85-57a3-43dc-a17a-afd60ab2f526'}] send_events /usr/lib/python2.7/site-packages/neutron/notifiers/nova.py:242
2018-06-27 06:19:14.993 15588 DEBUG novaclient.v2.client [-] REQ: curl -g -i -X POST http://10.0.20.46:8774/v2.1/0ca3103c90a24980adf86a98ed1a7af3/os-server-external-events -H "User-Agent: python-novaclient" -H "Content-Type: application/json" -H "Accept: application/json" -H "X-OpenStack-Nova-API-Version: 2.1" -H "X-Auth-Token: {SHA1}6f5bfe411f72e82e2148b3a3ff161e65c5be3e42" -d '{"events": [{"status": "completed", "tag": "14d3c4e7-37e9-448b-b422-d4ceba210072", "name": "network-vif-plugged", "server_uuid": "543f0c85-57a3-43dc-a17a-afd60ab2f526"}]}' _http_log_request /usr/lib/python2.7/site-packages/keystoneauth1/session.py:375
2018-06-27 06:19:15.011 15588 DEBUG neutron.plugins.ml2.db [req-8d84f412-aedc-4388-9a97-466897fe1446 - - - - -] For port 14d3c4e7-37e9-448b-b422-d4ceba210072, host localhost.localdomain, got binding levels [<neutron.plugins.ml2.models.PortBindingLevel[object at 7fec79ae1c90] {port_id=u'14d3c4e7-37e9-448b-b422-d4ceba210072', host=u'localhost.localdomain', level=0, driver=u'openvswitch', segment_id=u'ccbf4807-6810-4f7b-80cc-20d185d5af97'}>] get_binding_levels /usr/lib/python2.7/site-packages/neutron/plugins/ml2/db.py:106
2018-06-27 06:19:15.043 15588 DEBUG neutron_lib.callbacks.manager [req-8d84f412-aedc-4388-9a97-466897fe1446 - - - - -] Notify callbacks ['neutron.plugins.ml2.ovo_rpc._ObjectChangeHandler.handle_event-610560', 'neutron.db.l3_hascheduler_db._notify_l3_agent_ha_port_update-8790852245539', 'neutron.api.rpc.agentnotifiers.dhcp_rpc_agent_api.DhcpAgentNotifyAPI._native_event_send_dhcp_notification--9223372036854055687', 'neutron.plugins.ml2.plugin.Ml2Plugin.notify_sg_on_port_change-356607', 'neutron.db.l3_dvrscheduler_db._notify_l3_agent_port_update--9223363246002530609'] for port, after_update _notify_loop /usr/lib/python2.7/site-packages/neutron_lib/callbacks/manager.py:167
2018-06-27 06:19:15.059 15588 DEBUG oslo_concurrency.lockutils [-] Lock "event-dispatch" acquired by "neutron.plugins.ml2.ovo_rpc.dispatch_events" :: waited 0.000s inner /usr/lib/python2.7/site-packages/oslo_concurrency/lockutils.py:270
2018-06-27 06:19:15.289 15588 DEBUG neutron.api.rpc.handlers.resources_rpc [req-8d84f412-aedc-4388-9a97-466897fe1446 - - - - -] neutron.api.rpc.handlers.resources_rpc.ResourcesPushRpcApi method push called with arguments (<neutron_lib.context.Context object at 0x7fec796ee310>, [Port(admin_state_up=True,allowed_address_pairs=[],binding=PortBinding,binding_levels=[PortBindingLevel],created_at=2018-06-27T04:16:09Z,data_plane_status=<?>,description='',device_id='543f0c85-57a3-43dc-a17a-afd60ab2f526',device_owner='compute:nova',dhcp_options=[],distributed_binding=None,dns=None,fixed_ips=[IPAllocation],id=14d3c4e7-37e9-448b-b422-d4ceba210072,mac_address=fa:16:3e:df:cf:5d,name='',network_id=4fec194f-1455-4dab-8eae-c785b27489fe,project_id='7253aaee0cc342679bc2c25bd1c6b67b',qos_policy_id=None,revision_number=8,security=PortSecurity(14d3c4e7-37e9-448b-b422-d4ceba210072),security_group_ids=set([5ead0ad4-a397-4ef1-9f74-ee020402c0d8]),status='ACTIVE',updated_at=2018-06-27T04:19:14Z)], 'updated') {} wrapper /usr/lib/python2.7/site-packages/oslo_log/helpers.py:66
2018-06-27 06:19:15.313 15588 DEBUG neutron.api.rpc.callbacks.version_manager [req-8d84f412-aedc-4388-9a97-466897fe1446 - - - - -] Version for resource type Subnet changed None to 1.0 on consumer Open vSwitch agent@localhost.localdomain _set_version /usr/lib/python2.7/site-packages/neutron/api/rpc/callbacks/version_manager.py:119
2018-06-27 06:19:15.314 15588 DEBUG neutron.api.rpc.callbacks.version_manager [req-8d84f412-aedc-4388-9a97-466897fe1446 - - - - -] Version for resource type Network changed None to 1.0 on consumer Open vSwitch agent@localhost.localdomain _set_version /usr/lib/python2.7/site-packages/neutron/api/rpc/callbacks/version_manager.py:119
2018-06-27 06:19:15.315 15588 DEBUG neutron.api.rpc.callbacks.version_manager [req-8d84f412-aedc-4388-9a97-466897fe1446 - - - - -] Version for resource type SubPort changed None to 1.0 on consumer Open vSwitch agent@localhost.localdomain _set_version /usr/lib/python2.7/site-packages/neutron/api/rpc/callbacks/version_manager.py:119
2018-06-27 06:19:15.316 15588 DEBUG neutron.api.rpc.callbacks.version_manager [req-8d84f412-aedc-4388-9a97-466897fe1446 - - - - -] Version for resource type SecurityGroup changed None to 1.0 on consumer Open vSwitch agent@localhost.localdomain _set_version /usr/lib/python2.7/site-packages/neutron/api/rpc/callbacks/version_manager.py:119
2018-06-27 06:19:15.316 15588 DEBUG neutron.api.rpc.callbacks.version_manager [req-8d84f412-aedc-4388-9a97-466897fe1446 - - - - -] Version for resource type SecurityGroupRule changed None to 1.0 on consumer Open vSwitch agent@localhost.localdomain _set_version /usr/lib/python2.7/site-packages/neutron/api/rpc/callbacks/version_manager.py:119
2018-06-27 06:19:15.317 15588 DEBUG neutron.api.rpc.callbacks.version_manager [req-8d84f412-aedc-4388-9a97-466897fe1446 - - - - -] Version for resource type Trunk changed None to 1.1 on consumer Open vSwitch agent@localhost.localdomain _set_version /usr/lib/python2.7/site-packages/neutron/api/rpc/callbacks/version_manager.py:119
2018-06-27 06:19:15.317 15588 DEBUG neutron.api.rpc.callbacks.version_manager [req-8d84f412-aedc-4388-9a97-466897fe1446 - - - - -] Version for resource type QosPolicy changed None to 1.6 on consumer Open vSwitch agent@localhost.localdomain _set_version /usr/lib/python2.7/site-packages/neutron/api/rpc/callbacks/version_manager.py:119
2018-06-27 06:19:15.318 15588 DEBUG neutron.api.rpc.callbacks.version_manager [req-8d84f412-aedc-4388-9a97-466897fe1446 - - - - -] Version for resource type Port changed None to 1.1 on consumer Open vSwitch agent@localhost.localdomain _set_version /usr/lib/python2.7/site-packages/neutron/api/rpc/callbacks/version_manager.py:119
2018-06-27 06:19:15.323 15588 DEBUG neutron.api.rpc.callbacks.version_manager [req-8d84f412-aedc-4388-9a97-466897fe1446 - - - - -] Version for resource type Log changed None to 1.0 on consumer Open vSwitch agent@localhost.localdomain _set_version /usr/lib/python2.7/site-packages/neutron/api/rpc/callbacks/version_manager.py:119
2018-06-27 06:19:15.365 15588 DEBUG oslo_concurrency.lockutils [req-8d84f412-aedc-4388-9a97-466897fe1446 - - - - -] Lock "event-dispatch" released by "neutron.plugins.ml2.ovo_rpc.dispatch_events" :: held 0.306s inner /usr/lib/python2.7/site-packages/oslo_concurrency/lockutils.py:282
2018-06-27 06:19:15.427 15580 INFO neutron.wsgi [req-7e913f2c-b33f-4a2d-a22f-bfb3b0ca2797 655ab8e67d8e4ca680268ee96a43ee95 0ca3103c90a24980adf86a98ed1a7af3 - default default] 10.0.20.46 "GET /v2.0/ports?tenant_id=7253aaee0cc342679bc2c25bd1c6b67b&device_id=543f0c85-57a3-43dc-a17a-afd60ab2f526 HTTP/1.1" status: 200  len: 1125 time: 0.1940491
2018-06-27 06:19:15.866 15580 DEBUG neutron.pecan_wsgi.hooks.policy_enforcement [req-56958451-54f1-4744-a1b2-42feb9a91bb2 655ab8e67d8e4ca680268ee96a43ee95 0ca3103c90a24980adf86a98ed1a7af3 - default default] Attributes excluded by policy engine: [u'vlan_transparent'] _exclude_attributes_by_policy /usr/lib/python2.7/site-packages/neutron/pecan_wsgi/hooks/policy_enforcement.py:256
2018-06-27 06:19:15.871 15580 INFO neutron.wsgi [req-56958451-54f1-4744-a1b2-42feb9a91bb2 655ab8e67d8e4ca680268ee96a43ee95 0ca3103c90a24980adf86a98ed1a7af3 - default default] 10.0.20.46 "GET /v2.0/networks?id=4fec194f-1455-4dab-8eae-c785b27489fe HTTP/1.1" status: 200  len: 885 time: 0.4344630
2018-06-27 06:19:15.950 15580 INFO neutron.wsgi [req-1d0a3782-3a93-4131-98d8-4ce0ff345bc4 655ab8e67d8e4ca680268ee96a43ee95 0ca3103c90a24980adf86a98ed1a7af3 - default default] 10.0.20.46 "GET /v2.0/floatingips?fixed_ip_address=11.120.1.11&port_id=14d3c4e7-37e9-448b-b422-d4ceba210072 HTTP/1.1" status: 200  len: 752 time: 0.0682271
2018-06-27 06:19:16.006 15588 DEBUG novaclient.v2.client [-] RESP: [200] Content-Length: 183 Content-Type: application/json Openstack-Api-Version: compute 2.1 X-Openstack-Nova-Api-Version: 2.1 Vary: OpenStack-API-Version, X-OpenStack-Nova-API-Version X-Openstack-Request-Id: req-afc3c4b4-5903-4fa7-af80-3f632d7d8c5e X-Compute-Request-Id: req-afc3c4b4-5903-4fa7-af80-3f632d7d8c5e Date: Wed, 27 Jun 2018 04:19:16 GMT Connection: keep-alive 
RESP BODY: {"events": [{"status": "completed", "tag": "14d3c4e7-37e9-448b-b422-d4ceba210072", "name": "network-vif-plugged", "server_uuid": "543f0c85-57a3-43dc-a17a-afd60ab2f526", "code": 200}]}
 _http_log_response /usr/lib/python2.7/site-packages/keystoneauth1/session.py:423
2018-06-27 06:19:16.006 15588 DEBUG novaclient.v2.client [-] POST call to compute for http://10.0.20.46:8774/v2.1/0ca3103c90a24980adf86a98ed1a7af3/os-server-external-events used request id req-afc3c4b4-5903-4fa7-af80-3f632d7d8c5e request /usr/lib/python2.7/site-packages/keystoneauth1/session.py:727
2018-06-27 06:19:16.015 15588 INFO neutron.notifiers.nova [-] Nova event response: {u'status': u'completed', u'tag': u'14d3c4e7-37e9-448b-b422-d4ceba210072', u'name': u'network-vif-plugged', u'server_uuid': u'543f0c85-57a3-43dc-a17a-afd60ab2f526', u'code': 200}
2018-06-27 06:19:16.110 15592 DEBUG neutron.plugins.ml2.rpc [req-8d84f412-aedc-4388-9a97-466897fe1446 - - - - -] Device 14d3c4e7-37e9-448b-b422-d4ceba210072 up at agent ovs-agent-localhost.localdomain update_device_up /usr/lib/python2.7/site-packages/neutron/plugins/ml2/rpc.py:244
2018-06-27 06:19:16.126 15580 DEBUG neutron.pecan_wsgi.hooks.policy_enforcement [req-202285aa-8546-44a3-a1fa-19c3aeb1843e 655ab8e67d8e4ca680268ee96a43ee95 0ca3103c90a24980adf86a98ed1a7af3 - default default] Attributes excluded by policy engine: [u'shared'] _exclude_attributes_by_policy /usr/lib/python2.7/site-packages/neutron/pecan_wsgi/hooks/policy_enforcement.py:256
2018-06-27 06:19:16.130 15580 INFO neutron.wsgi [req-202285aa-8546-44a3-a1fa-19c3aeb1843e 655ab8e67d8e4ca680268ee96a43ee95 0ca3103c90a24980adf86a98ed1a7af3 - default default] 10.0.20.46 "GET /v2.0/subnets?id=c3fe13af-dde8-4284-99cd-ec3b4cfd19f5 HTTP/1.1" status: 200  len: 847 time: 0.1712999
2018-06-27 06:19:16.319 15592 DEBUG neutron.db.provisioning_blocks [req-8d84f412-aedc-4388-9a97-466897fe1446 - - - - -] Provisioning complete for port 14d3c4e7-37e9-448b-b422-d4ceba210072 triggered by entity L2. provisioning_complete /usr/lib/python2.7/site-packages/neutron/db/provisioning_blocks.py:138
2018-06-27 06:19:16.320 15592 DEBUG neutron_lib.callbacks.manager [req-8d84f412-aedc-4388-9a97-466897fe1446 - - - - -] Notify callbacks ['neutron.plugins.ml2.plugin.Ml2Plugin._port_provisioned-672718'] for port, provisioning_complete _notify_loop /usr/lib/python2.7/site-packages/neutron_lib/callbacks/manager.py:167
2018-06-27 06:19:16.359 15580 INFO neutron.wsgi [req-77df5312-0031-442f-ab72-4d411d8d83cd 655ab8e67d8e4ca680268ee96a43ee95 0ca3103c90a24980adf86a98ed1a7af3 - default default] 10.0.20.46 "GET /v2.0/ports?network_id=4fec194f-1455-4dab-8eae-c785b27489fe&device_owner=network%3Adhcp HTTP/1.1" status: 200  len: 1128 time: 0.2203910
2018-06-27 06:19:18.017 15588 DEBUG oslo_concurrency.lockutils [-] Lock "notifier-030bf892-77ee-48f9-a697-8800a5fd382a" released by "neutron.notifiers.batch_notifier.synced_send" :: held 3.053s inner /usr/lib/python2.7/site-packages/oslo_concurrency/lockutils.py:282
2018-06-27 06:19:20.038 15580 INFO neutron.wsgi [req-2597446b-887c-42cb-bdc8-f60d22820b24 046fd8812a684688a381b61d5a9719bb 7253aaee0cc342679bc2c25bd1c6b67b - 483bce833a3242259f80355e9145e141 483bce833a3242259f80355e9145e141] 10.0.20.46 "GET /v2.0/ports?device_id=543f0c85-57a3-43dc-a17a-afd60ab2f526 HTTP/1.1" status: 200  len: 1125 time: 1.0362260
2018-06-27 06:19:20.196 15580 INFO neutron.wsgi [req-b057c457-2434-42f1-9947-c48bdbf2efca 046fd8812a684688a381b61d5a9719bb 7253aaee0cc342679bc2c25bd1c6b67b - 483bce833a3242259f80355e9145e141 483bce833a3242259f80355e9145e141] 10.0.20.46 "GET /v2.0/security-groups?id=5ead0ad4-a397-4ef1-9f74-ee020402c0d8 HTTP/1.1" status: 200  len: 2118 time: 0.1443772
2018-06-27 06:19:20.284 15594 DEBUG neutron_lib.callbacks.manager [req-4d6a6f2d-2a9b-42c8-87db-898887099826 - - - - -] Notify callbacks ['neutron.services.segments.db._update_segment_host_mapping_for_agent-8790852606800'] for agent, after_update _notify_loop /usr/lib/python2.7/site-packages/neutron_lib/callbacks/manager.py:167
2018-06-27 06:19:20.344 15595 DEBUG neutron_lib.callbacks.manager [req-09144845-c337-4228-b27c-9bc3d110e13b - - - - -] Notify callbacks ['neutron.services.segments.db._update_segment_host_mapping_for_agent-8790852606800'] for agent, after_update _notify_loop /usr/lib/python2.7/site-packages/neutron_lib/callbacks/manager.py:167
2018-06-27 06:19:20.434 15593 DEBUG neutron_lib.callbacks.manager [req-997aeeea-643f-4285-a159-b4141b7aa12d - - - - -] Notify callbacks ['neutron.services.segments.db._update_segment_host_mapping_for_agent-8790852606800'] for agent, after_update _notify_loop /usr/lib/python2.7/site-packages/neutron_lib/callbacks/manager.py:167
2018-06-27 06:19:21.236 15596 DEBUG neutron_lib.callbacks.manager [req-09781c25-75a6-40f7-acea-74630421cd29 - - - - -] Notify callbacks ['neutron.services.segments.db._update_segment_host_mapping_for_agent-8790852606800'] for agent, after_update _notify_loop /usr/lib/python2.7/site-packages/neutron_lib/callbacks/manager.py:167
2018-06-27 06:19:23.357 15591 DEBUG neutron_lib.callbacks.manager [req-8d84f412-aedc-4388-9a97-466897fe1446 - - - - -] Notify callbacks ['neutron.services.segments.db._update_segment_host_mapping_for_agent-8790852606800'] for agent, after_update _notify_loop /usr/lib/python2.7/site-packages/neutron_lib/callbacks/manager.py:167
2018-06-27 06:19:44.954 15582 INFO neutron.wsgi [req-9e643ca4-fad2-4411-9c64-35792578240f 655ab8e67d8e4ca680268ee96a43ee95 0ca3103c90a24980adf86a98ed1a7af3 - default default] 10.0.20.46 "GET /v2.0/ports?device_id=543f0c85-57a3-43dc-a17a-afd60ab2f526 HTTP/1.1" status: 200  len: 1125 time: 0.1430550
2018-06-27 06:19:45.098 15582 INFO neutron.wsgi [req-a4043e50-9be8-49d3-8b57-ac4459485c9b 655ab8e67d8e4ca680268ee96a43ee95 0ca3103c90a24980adf86a98ed1a7af3 - default default] 10.0.20.46 "GET /v2.0/security-groups?id=5ead0ad4-a397-4ef1-9f74-ee020402c0d8 HTTP/1.1" status: 200  len: 2118 time: 0.1341879
2018-06-27 06:19:45.736 15587 INFO neutron.wsgi [req-5743ead3-8392-4339-b262-1c3daaa9f395 655ab8e67d8e4ca680268ee96a43ee95 0ca3103c90a24980adf86a98ed1a7af3 - default default] 10.0.20.46 "GET /v2.0/ports?device_id=543f0c85-57a3-43dc-a17a-afd60ab2f526 HTTP/1.1" status: 200  len: 1125 time: 0.1432641
2018-06-27 06:19:45.897 15587 INFO neutron.wsgi [req-3184dbfd-3e0f-441f-8192-9300f29c9202 655ab8e67d8e4ca680268ee96a43ee95 0ca3103c90a24980adf86a98ed1a7af3 - default default] 10.0.20.46 "GET /v2.0/security-groups?id=5ead0ad4-a397-4ef1-9f74-ee020402c0d8 HTTP/1.1" status: 200  len: 2118 time: 0.1539969
2018-06-27 06:19:47.265 15586 INFO neutron.wsgi [req-e1fd9123-b867-4e3c-acbe-cc336ee3f7d6 655ab8e67d8e4ca680268ee96a43ee95 0ca3103c90a24980adf86a98ed1a7af3 - default default] 10.0.20.46 "GET /v2.0/ports?device_id=543f0c85-57a3-43dc-a17a-afd60ab2f526 HTTP/1.1" status: 200  len: 1125 time: 0.1676090
2018-06-27 06:19:47.387 15586 INFO neutron.wsgi [req-f98e7d4f-e1df-48ca-a415-71492a1e0fee 655ab8e67d8e4ca680268ee96a43ee95 0ca3103c90a24980adf86a98ed1a7af3 - default default] 10.0.20.46 "GET /v2.0/security-groups?id=5ead0ad4-a397-4ef1-9f74-ee020402c0d8 HTTP/1.1" status: 200  len: 2118 time: 0.1128788
2018-06-27 06:19:48.923 15597 DEBUG neutron.db.agents_db [req-6d9a5c59-2269-473d-8351-7f3eb3944b59 - - - - -] Agent healthcheck: found 5 active agents agent_health_check /usr/lib/python2.7/site-packages/neutron/db/agents_db.py:281
2018-06-27 06:19:50.262 15580 INFO neutron.wsgi [req-6e5c0a4e-557e-40ec-ac1c-2769b8ab3cd6 655ab8e67d8e4ca680268ee96a43ee95 0ca3103c90a24980adf86a98ed1a7af3 - default default] 10.0.20.46 "GET /v2.0/ports?device_id=543f0c85-57a3-43dc-a17a-afd60ab2f526 HTTP/1.1" status: 200  len: 1125 time: 0.7690971
2018-06-27 06:19:50.262 15590 DEBUG neutron_lib.callbacks.manager [req-03363c63-7106-41eb-89fb-bb906f56c5b1 - - - - -] Notify callbacks ['neutron.services.segments.db._update_segment_host_mapping_for_agent-8790852606800'] for agent, after_update _notify_loop /usr/lib/python2.7/site-packages/neutron_lib/callbacks/manager.py:167
2018-06-27 06:19:50.336 15588 DEBUG neutron_lib.callbacks.manager [req-09144845-c337-4228-b27c-9bc3d110e13b - - - - -] Notify callbacks ['neutron.services.segments.db._update_segment_host_mapping_for_agent-8790852606800'] for agent, after_update _notify_loop /usr/lib/python2.7/site-packages/neutron_lib/callbacks/manager.py:167
2018-06-27 06:19:50.428 15589 DEBUG neutron_lib.callbacks.manager [req-997aeeea-643f-4285-a159-b4141b7aa12d - - - - -] Notify callbacks ['neutron.services.segments.db._update_segment_host_mapping_for_agent-8790852606800'] for agent, after_update _notify_loop /usr/lib/python2.7/site-packages/neutron_lib/callbacks/manager.py:167
2018-06-27 06:19:50.431 15580 INFO neutron.wsgi [req-dd35a139-6737-412e-913c-646741177954 655ab8e67d8e4ca680268ee96a43ee95 0ca3103c90a24980adf86a98ed1a7af3 - default default] 10.0.20.46 "GET /v2.0/security-groups?id=5ead0ad4-a397-4ef1-9f74-ee020402c0d8 HTTP/1.1" status: 200  len: 2118 time: 0.1609941
2018-06-27 06:19:51.234 15592 DEBUG neutron_lib.callbacks.manager [req-760b12dc-b62e-46b2-8738-ad6027954f4a - - - - -] Notify callbacks ['neutron.services.segments.db._update_segment_host_mapping_for_agent-8790852606800'] for agent, after_update _notify_loop /usr/lib/python2.7/site-packages/neutron_lib/callbacks/manager.py:167
2018-06-27 06:19:53.371 15594 DEBUG neutron_lib.callbacks.manager [req-8d84f412-aedc-4388-9a97-466897fe1446 - - - - -] Notify callbacks ['neutron.services.segments.db._update_segment_host_mapping_for_agent-8790852606800'] for agent, after_update _notify_loop /usr/lib/python2.7/site-packages/neutron_lib/callbacks/manager.py:167
2018-06-27 06:19:54.835 15586 INFO neutron.wsgi [req-b90dc3d0-e12c-461a-8c6d-bb1bb730b64e 655ab8e67d8e4ca680268ee96a43ee95 0ca3103c90a24980adf86a98ed1a7af3 - default default] 10.0.20.46 "GET /v2.0/ports?device_id=543f0c85-57a3-43dc-a17a-afd60ab2f526 HTTP/1.1" status: 200  len: 1125 time: 0.7771492
2018-06-27 06:19:54.985 15586 INFO neutron.wsgi [req-87e59a55-e6d3-4f4f-8535-8ac4310647e9 655ab8e67d8e4ca680268ee96a43ee95 0ca3103c90a24980adf86a98ed1a7af3 - default default] 10.0.20.46 "GET /v2.0/security-groups?id=5ead0ad4-a397-4ef1-9f74-ee020402c0d8 HTTP/1.1" status: 200  len: 2118 time: 0.1404350
2018-06-27 06:20:03.404 15585 INFO neutron.wsgi [req-b1b28ee4-5477-4cc1-ab27-ab35adb4f976 d473e455e3b24776a524d2ea47d6e072 0ca3103c90a24980adf86a98ed1a7af3 - default default] 10.0.20.46 "GET /v2.0/ports?device_id=543f0c85-57a3-43dc-a17a-afd60ab2f526 HTTP/1.1" status: 200  len: 1125 time: 1.3201959
2018-06-27 06:20:03.546 15585 INFO neutron.wsgi [req-9423733e-ed69-4e33-96c7-75610e11fb9a d473e455e3b24776a524d2ea47d6e072 0ca3103c90a24980adf86a98ed1a7af3 - default default] 10.0.20.46 "GET /v2.0/security-groups?id=5ead0ad4-a397-4ef1-9f74-ee020402c0d8 HTTP/1.1" status: 200  len: 2118 time: 0.1349850
2018-06-27 06:20:09.958 15580 INFO neutron.wsgi [req-f91ea7eb-c26a-4794-973c-61dcdfff1560 d473e455e3b24776a524d2ea47d6e072 0ca3103c90a24980adf86a98ed1a7af3 - default default] 10.0.20.46 "GET /v2.0/ports?device_id=543f0c85-57a3-43dc-a17a-afd60ab2f526 HTTP/1.1" status: 200  len: 1125 time: 0.7267740
2018-06-27 06:20:10.110 15580 INFO neutron.wsgi [req-0f4d99ba-c573-48f7-858a-f18dcdab41d8 d473e455e3b24776a524d2ea47d6e072 0ca3103c90a24980adf86a98ed1a7af3 - default default] 10.0.20.46 "GET /v2.0/security-groups?id=5ead0ad4-a397-4ef1-9f74-ee020402c0d8 HTTP/1.1" status: 200  len: 2118 time: 0.1433122
2018-06-27 06:20:17.038 15585 DEBUG neutron.wsgi [-] (15585) accepted ('10.0.20.46', 38358) server /usr/lib/python2.7/site-packages/eventlet/wsgi.py:883
2018-06-27 06:20:17.043 15585 INFO neutron.wsgi [-] 10.0.20.46 "GET / HTTP/1.1" status: 200  len: 252 time: 0.0023892
2018-06-27 06:20:17.213 15580 INFO neutron.wsgi [req-c457dc6d-dbc0-446f-abc2-f21ed9670065 655ab8e67d8e4ca680268ee96a43ee95 0ca3103c90a24980adf86a98ed1a7af3 - default default] 10.0.20.46 "GET /v2.0/ports?tenant_id=7253aaee0cc342679bc2c25bd1c6b67b&device_id=543f0c85-57a3-43dc-a17a-afd60ab2f526 HTTP/1.1" status: 200  len: 1125 time: 0.1213591
2018-06-27 06:20:17.428 15580 DEBUG neutron.pecan_wsgi.hooks.policy_enforcement [req-37ab1d6e-6c2d-49d3-8bbd-644ade13b9b8 655ab8e67d8e4ca680268ee96a43ee95 0ca3103c90a24980adf86a98ed1a7af3 - default default] Attributes excluded by policy engine: [u'vlan_transparent'] _exclude_attributes_by_policy /usr/lib/python2.7/site-packages/neutron/pecan_wsgi/hooks/policy_enforcement.py:256
2018-06-27 06:20:17.430 15580 INFO neutron.wsgi [req-37ab1d6e-6c2d-49d3-8bbd-644ade13b9b8 655ab8e67d8e4ca680268ee96a43ee95 0ca3103c90a24980adf86a98ed1a7af3 - default default] 10.0.20.46 "GET /v2.0/networks?id=4fec194f-1455-4dab-8eae-c785b27489fe HTTP/1.1" status: 200  len: 885 time: 0.2109780
2018-06-27 06:20:17.477 15580 INFO neutron.wsgi [req-af41d6c6-bbed-487b-b35d-49bdbad16230 655ab8e67d8e4ca680268ee96a43ee95 0ca3103c90a24980adf86a98ed1a7af3 - default default] 10.0.20.46 "GET /v2.0/floatingips?fixed_ip_address=11.120.1.11&port_id=14d3c4e7-37e9-448b-b422-d4ceba210072 HTTP/1.1" status: 200  len: 752 time: 0.0394418
2018-06-27 06:20:17.525 15585 INFO neutron.api.v2.resource [req-b3baab47-32e8-4fe9-b106-997e458ac75e 046fd8812a684688a381b61d5a9719bb 7253aaee0cc342679bc2c25bd1c6b67b - 483bce833a3242259f80355e9145e141 483bce833a3242259f80355e9145e141] show failed (client error): The resource could not be found.
2018-06-27 06:20:17.526 15585 INFO neutron.wsgi [req-b3baab47-32e8-4fe9-b106-997e458ac75e 046fd8812a684688a381b61d5a9719bb 7253aaee0cc342679bc2c25bd1c6b67b - 483bce833a3242259f80355e9145e141 483bce833a3242259f80355e9145e141] 10.0.20.46 "GET /v2.0/floatingips/172.24.4.11 HTTP/1.1" status: 404  len: 326 time: 0.4780400
2018-06-27 06:20:17.579 15585 INFO neutron.wsgi [req-5b407745-d7df-4fa5-a463-2e1a689e8c34 046fd8812a684688a381b61d5a9719bb 7253aaee0cc342679bc2c25bd1c6b67b - 483bce833a3242259f80355e9145e141 483bce833a3242259f80355e9145e141] 10.0.20.46 "GET /v2.0/floatingips HTTP/1.1" status: 200  len: 752 time: 0.0468309
2018-06-27 06:20:17.689 15585 DEBUG neutron.plugins.ml2.plugin [req-4ab89be0-91ee-4b0c-99c5-7aa0406b5467 046fd8812a684688a381b61d5a9719bb 7253aaee0cc342679bc2c25bd1c6b67b - 483bce833a3242259f80355e9145e141 483bce833a3242259f80355e9145e141] Deleting port 9ef8e9d4-ebd5-49d3-8a5b-353af293c117 _pre_delete_port /usr/lib/python2.7/site-packages/neutron/plugins/ml2/plugin.py:1488
2018-06-27 06:20:17.690 15585 DEBUG neutron_lib.callbacks.manager [req-4ab89be0-91ee-4b0c-99c5-7aa0406b5467 046fd8812a684688a381b61d5a9719bb 7253aaee0cc342679bc2c25bd1c6b67b - 483bce833a3242259f80355e9145e141 483bce833a3242259f80355e9145e141] Notify callbacks ['neutron.db.l3_db._prevent_l3_port_delete_callback--9223363246001961716'] for port, before_delete _notify_loop /usr/lib/python2.7/site-packages/neutron_lib/callbacks/manager.py:167
2018-06-27 06:20:17.904 15580 DEBUG neutron.pecan_wsgi.hooks.policy_enforcement [req-1e903559-f59d-4c54-b6c9-c9d00e265d50 655ab8e67d8e4ca680268ee96a43ee95 0ca3103c90a24980adf86a98ed1a7af3 - default default] Attributes excluded by policy engine: [u'shared'] _exclude_attributes_by_policy /usr/lib/python2.7/site-packages/neutron/pecan_wsgi/hooks/policy_enforcement.py:256
2018-06-27 06:20:17.908 15580 INFO neutron.wsgi [req-1e903559-f59d-4c54-b6c9-c9d00e265d50 655ab8e67d8e4ca680268ee96a43ee95 0ca3103c90a24980adf86a98ed1a7af3 - default default] 10.0.20.46 "GET /v2.0/subnets?id=c3fe13af-dde8-4284-99cd-ec3b4cfd19f5 HTTP/1.1" status: 200  len: 847 time: 0.4219000
2018-06-27 06:20:18.018 15580 INFO neutron.wsgi [req-eed293a5-c7c4-46e7-b5ce-2610a926162c 655ab8e67d8e4ca680268ee96a43ee95 0ca3103c90a24980adf86a98ed1a7af3 - default default] 10.0.20.46 "GET /v2.0/ports?network_id=4fec194f-1455-4dab-8eae-c785b27489fe&device_owner=network%3Adhcp HTTP/1.1" status: 200  len: 1128 time: 0.1044791
2018-06-27 06:20:18.081 15585 DEBUG neutron.plugins.ml2.plugin [req-4ab89be0-91ee-4b0c-99c5-7aa0406b5467 046fd8812a684688a381b61d5a9719bb 7253aaee0cc342679bc2c25bd1c6b67b - 483bce833a3242259f80355e9145e141 483bce833a3242259f80355e9145e141] Calling delete_port for 9ef8e9d4-ebd5-49d3-8a5b-353af293c117 owned by network:floatingip delete_port /usr/lib/python2.7/site-packages/neutron/plugins/ml2/plugin.py:1547
2018-06-27 06:20:18.475 15585 DEBUG neutron_lib.callbacks.manager [req-4ab89be0-91ee-4b0c-99c5-7aa0406b5467 046fd8812a684688a381b61d5a9719bb 7253aaee0cc342679bc2c25bd1c6b67b - 483bce833a3242259f80355e9145e141 483bce833a3242259f80355e9145e141] Notify callbacks ['neutron.plugins.ml2.ovo_rpc._ObjectChangeHandler.handle_event-610560', 'neutron.db.l3_db._notify_routers_callback--9223363246001990434', 'neutron.db.l3_dvrscheduler_db._notify_port_delete-8790852245192', 'neutron.api.rpc.agentnotifiers.dhcp_rpc_agent_api.DhcpAgentNotifyAPI._native_event_send_dhcp_notification--9223372036854055687', 'neutron.plugins.ml2.plugin.Ml2Plugin.notify_sg_on_port_change-356607'] for port, after_delete _notify_loop /usr/lib/python2.7/site-packages/neutron_lib/callbacks/manager.py:167
2018-06-27 06:20:18.550 15585 DEBUG oslo_concurrency.lockutils [-] Lock "event-dispatch" acquired by "neutron.plugins.ml2.ovo_rpc.dispatch_events" :: waited 0.000s inner /usr/lib/python2.7/site-packages/oslo_concurrency/lockutils.py:270
2018-06-27 06:20:18.816 15585 DEBUG neutron.api.rpc.handlers.resources_rpc [req-4ab89be0-91ee-4b0c-99c5-7aa0406b5467 046fd8812a684688a381b61d5a9719bb 7253aaee0cc342679bc2c25bd1c6b67b - - -] neutron.api.rpc.handlers.resources_rpc.ResourcesPushRpcApi method push called with arguments (<neutron_lib.context.Context object at 0x7fec7920dc10>, [Port(admin_state_up=<?>,allowed_address_pairs=<?>,binding=<?>,binding_levels=<?>,created_at=<?>,data_plane_status=<?>,description=<?>,device_id=<?>,device_owner=<?>,dhcp_options=<?>,distributed_binding=<?>,dns=<?>,fixed_ips=<?>,id=9ef8e9d4-ebd5-49d3-8a5b-353af293c117,mac_address=<?>,name=<?>,network_id=<?>,project_id=<?>,qos_policy_id=None,revision_number=<?>,security=<?>,security_group_ids=None,status=<?>,updated_at=<?>)], 'deleted') {} wrapper /usr/lib/python2.7/site-packages/oslo_log/helpers.py:66
2018-06-27 06:20:19.181 15585 DEBUG neutron.api.rpc.callbacks.version_manager [req-4ab89be0-91ee-4b0c-99c5-7aa0406b5467 046fd8812a684688a381b61d5a9719bb 7253aaee0cc342679bc2c25bd1c6b67b - - -] Version for resource type Subnet changed None to 1.0 on consumer Open vSwitch agent@localhost.localdomain _set_version /usr/lib/python2.7/site-packages/neutron/api/rpc/callbacks/version_manager.py:119
2018-06-27 06:20:19.182 15585 DEBUG neutron.api.rpc.callbacks.version_manager [req-4ab89be0-91ee-4b0c-99c5-7aa0406b5467 046fd8812a684688a381b61d5a9719bb 7253aaee0cc342679bc2c25bd1c6b67b - - -] Version for resource type Network changed None to 1.0 on consumer Open vSwitch agent@localhost.localdomain _set_version /usr/lib/python2.7/site-packages/neutron/api/rpc/callbacks/version_manager.py:119
2018-06-27 06:20:19.183 15585 DEBUG neutron.api.rpc.callbacks.version_manager [req-4ab89be0-91ee-4b0c-99c5-7aa0406b5467 046fd8812a684688a381b61d5a9719bb 7253aaee0cc342679bc2c25bd1c6b67b - - -] Version for resource type SubPort changed None to 1.0 on consumer Open vSwitch agent@localhost.localdomain _set_version /usr/lib/python2.7/site-packages/neutron/api/rpc/callbacks/version_manager.py:119
2018-06-27 06:20:19.184 15585 DEBUG neutron.api.rpc.callbacks.version_manager [req-4ab89be0-91ee-4b0c-99c5-7aa0406b5467 046fd8812a684688a381b61d5a9719bb 7253aaee0cc342679bc2c25bd1c6b67b - - -] Version for resource type SecurityGroup changed None to 1.0 on consumer Open vSwitch agent@localhost.localdomain _set_version /usr/lib/python2.7/site-packages/neutron/api/rpc/callbacks/version_manager.py:119
2018-06-27 06:20:19.185 15585 DEBUG neutron.api.rpc.callbacks.version_manager [req-4ab89be0-91ee-4b0c-99c5-7aa0406b5467 046fd8812a684688a381b61d5a9719bb 7253aaee0cc342679bc2c25bd1c6b67b - - -] Version for resource type SecurityGroupRule changed None to 1.0 on consumer Open vSwitch agent@localhost.localdomain _set_version /usr/lib/python2.7/site-packages/neutron/api/rpc/callbacks/version_manager.py:119
2018-06-27 06:20:19.186 15585 DEBUG neutron.api.rpc.callbacks.version_manager [req-4ab89be0-91ee-4b0c-99c5-7aa0406b5467 046fd8812a684688a381b61d5a9719bb 7253aaee0cc342679bc2c25bd1c6b67b - - -] Version for resource type Trunk changed None to 1.1 on consumer Open vSwitch agent@localhost.localdomain _set_version /usr/lib/python2.7/site-packages/neutron/api/rpc/callbacks/version_manager.py:119
2018-06-27 06:20:19.187 15585 DEBUG neutron.api.rpc.callbacks.version_manager [req-4ab89be0-91ee-4b0c-99c5-7aa0406b5467 046fd8812a684688a381b61d5a9719bb 7253aaee0cc342679bc2c25bd1c6b67b - - -] Version for resource type QosPolicy changed None to 1.6 on consumer Open vSwitch agent@localhost.localdomain _set_version /usr/lib/python2.7/site-packages/neutron/api/rpc/callbacks/version_manager.py:119
2018-06-27 06:20:19.188 15585 DEBUG neutron.api.rpc.callbacks.version_manager [req-4ab89be0-91ee-4b0c-99c5-7aa0406b5467 046fd8812a684688a381b61d5a9719bb 7253aaee0cc342679bc2c25bd1c6b67b - - -] Version for resource type Port changed None to 1.1 on consumer Open vSwitch agent@localhost.localdomain _set_version /usr/lib/python2.7/site-packages/neutron/api/rpc/callbacks/version_manager.py:119
2018-06-27 06:20:19.189 15585 DEBUG neutron.api.rpc.callbacks.version_manager [req-4ab89be0-91ee-4b0c-99c5-7aa0406b5467 046fd8812a684688a381b61d5a9719bb 7253aaee0cc342679bc2c25bd1c6b67b - - -] Version for resource type Log changed None to 1.0 on consumer Open vSwitch agent@localhost.localdomain _set_version /usr/lib/python2.7/site-packages/neutron/api/rpc/callbacks/version_manager.py:119
2018-06-27 06:20:19.235 15585 DEBUG oslo_concurrency.lockutils [req-4ab89be0-91ee-4b0c-99c5-7aa0406b5467 046fd8812a684688a381b61d5a9719bb 7253aaee0cc342679bc2c25bd1c6b67b - - -] Lock "event-dispatch" released by "neutron.plugins.ml2.ovo_rpc.dispatch_events" :: held 0.685s inner /usr/lib/python2.7/site-packages/oslo_concurrency/lockutils.py:282
2018-06-27 06:20:19.752 15585 DEBUG neutron.scheduler.l3_agent_scheduler [req-4ab89be0-91ee-4b0c-99c5-7aa0406b5467 046fd8812a684688a381b61d5a9719bb 7253aaee0cc342679bc2c25bd1c6b67b - 483bce833a3242259f80355e9145e141 483bce833a3242259f80355e9145e141] Router fc4ace60-6212-4396-be28-187b19baf601 has already been hosted by L3 agent 60219d81-8e5e-4233-80e1-4b550fb5711a _get_candidates /usr/lib/python2.7/site-packages/neutron/scheduler/l3_agent_scheduler.py:141
2018-06-27 06:20:19.994 15585 DEBUG neutron.api.rpc.agentnotifiers.l3_rpc_agent_api [req-4ab89be0-91ee-4b0c-99c5-7aa0406b5467 046fd8812a684688a381b61d5a9719bb 7253aaee0cc342679bc2c25bd1c6b67b - 483bce833a3242259f80355e9145e141 483bce833a3242259f80355e9145e141] Notify agent at l3_agent.localhost.localdomain the message routers_updated _agent_notification /usr/lib/python2.7/site-packages/neutron/api/rpc/agentnotifiers/l3_rpc_agent_api.py:69
2018-06-27 06:20:20.053 15585 DEBUG neutron.quota.resource [req-4ab89be0-91ee-4b0c-99c5-7aa0406b5467 046fd8812a684688a381b61d5a9719bb 7253aaee0cc342679bc2c25bd1c6b67b - 483bce833a3242259f80355e9145e141 483bce833a3242259f80355e9145e141] Persisted dirty status for tenant:7253aaee0cc342679bc2c25bd1c6b67b on resource:floatingip mark_dirty /usr/lib/python2.7/site-packages/neutron/quota/resource.py:207
2018-06-27 06:20:20.071 15585 DEBUG neutron.quota.resource [req-4ab89be0-91ee-4b0c-99c5-7aa0406b5467 046fd8812a684688a381b61d5a9719bb 7253aaee0cc342679bc2c25bd1c6b67b - 483bce833a3242259f80355e9145e141 483bce833a3242259f80355e9145e141] Persisted dirty status for tenant: on resource:port mark_dirty /usr/lib/python2.7/site-packages/neutron/quota/resource.py:207
2018-06-27 06:20:20.082 15585 DEBUG neutron_lib.callbacks.manager [req-4ab89be0-91ee-4b0c-99c5-7aa0406b5467 046fd8812a684688a381b61d5a9719bb 7253aaee0cc342679bc2c25bd1c6b67b - 483bce833a3242259f80355e9145e141 483bce833a3242259f80355e9145e141] Notify callbacks ['neutron.notifiers.nova.Notifier._send_nova_notification--9223372036854771790'] for floatingip, before_response _notify_loop /usr/lib/python2.7/site-packages/neutron_lib/callbacks/manager.py:167
2018-06-27 06:20:20.087 15593 DEBUG neutron.db.l3_hamode_db [req-8129b737-cebc-4bb2-a66b-d858446f9da6 - - - - -] neutron.services.l3_router.l3_router_plugin.L3RouterPlugin method get_ha_sync_data_for_host called with arguments (<neutron_lib.context.Context object at 0x7fec78fab310>, u'localhost.localdomain', <neutron.db.models.agent.Agent[object at 7fec7911f890] {id=u'60219d81-8e5e-4233-80e1-4b550fb5711a', agent_type=u'L3 agent', binary=u'neutron-l3-agent', topic=u'l3_agent', host=u'localhost.localdomain', availability_zone=u'nova', admin_state_up=True, created_at=datetime.datetime(2018, 6, 6, 18, 12, 54), started_at=datetime.datetime(2018, 6, 27, 3, 54, 21), heartbeat_timestamp=datetime.datetime(2018, 6, 27, 4, 19, 51), description=None, configurations=u'{"agent_mode": "legacy", "gateway_external_network_id": "", "handle_internal_only_routers": true, "routers": 2, "interfaces": 2, "floating_ips": 1, "interface_driver": "neutron.agent.linux.interface.OVSInterfaceDriver", "log_agent_heartbeats": false, "external_network_bridge": "", "ex_gw_ports": 2}', resource_versions=None, load=0}>) {'active': True, 'router_ids': ['fc4ace60-6212-4396-be28-187b19baf601']} wrapper /usr/lib/python2.7/site-packages/oslo_log/helpers.py:66
2018-06-27 06:20:20.206 15585 INFO neutron.wsgi [req-4ab89be0-91ee-4b0c-99c5-7aa0406b5467 046fd8812a684688a381b61d5a9719bb 7253aaee0cc342679bc2c25bd1c6b67b - 483bce833a3242259f80355e9145e141 483bce833a3242259f80355e9145e141] 10.0.20.46 "DELETE /v2.0/floatingips/badb2ab5-721f-427d-b2cf-66ecf2c62dbd HTTP/1.1" status: 204  len: 173 time: 2.6205149
2018-06-27 06:20:20.207 15585 DEBUG oslo_concurrency.lockutils [-] Lock "notifier-030bf892-77ee-48f9-a697-8800a5fd382a" acquired by "neutron.notifiers.batch_notifier.synced_send" :: waited 0.000s inner /usr/lib/python2.7/site-packages/oslo_concurrency/lockutils.py:270
2018-06-27 06:20:20.208 15585 DEBUG neutron.notifiers.nova [-] Sending events: [{'tag': u'14d3c4e7-37e9-448b-b422-d4ceba210072', 'name': 'network-changed', 'server_uuid': u'543f0c85-57a3-43dc-a17a-afd60ab2f526'}] send_events /usr/lib/python2.7/site-packages/neutron/notifiers/nova.py:242
2018-06-27 06:20:20.304 15595 DEBUG neutron_lib.callbacks.manager [req-d73783a6-e573-414e-9a45-cb2d59e0a40f - - - - -] Notify callbacks ['neutron.services.segments.db._update_segment_host_mapping_for_agent-8790852606800'] for agent, after_update _notify_loop /usr/lib/python2.7/site-packages/neutron_lib/callbacks/manager.py:167
2018-06-27 06:20:20.449 15596 DEBUG neutron_lib.callbacks.manager [req-997aeeea-643f-4285-a159-b4141b7aa12d - - - - -] Notify callbacks ['neutron.services.segments.db._update_segment_host_mapping_for_agent-8790852606800'] for agent, after_update _notify_loop /usr/lib/python2.7/site-packages/neutron_lib/callbacks/manager.py:167
2018-06-27 06:20:20.544 15593 DEBUG neutron_lib.callbacks.manager [req-09144845-c337-4228-b27c-9bc3d110e13b - - - - -] Notify callbacks ['neutron.services.segments.db._update_segment_host_mapping_for_agent-8790852606800'] for agent, after_update _notify_loop /usr/lib/python2.7/site-packages/neutron_lib/callbacks/manager.py:167
2018-06-27 06:20:21.285 15593 DEBUG neutron.db.l3_hamode_db [req-8129b737-cebc-4bb2-a66b-d858446f9da6 - - - - -] neutron.services.l3_router.l3_router_plugin.L3RouterPlugin method _process_sync_ha_data called with arguments (<neutron_lib.context.Context object at 0x7fec78fab310>, [{'status': u'ACTIVE', '_interfaces': [{'status': u'ACTIVE', 'subnets': [{'dns_nameservers': [u'8.8.4.4'], 'ipv6_ra_mode': None, 'gateway_ip': u'11.120.1.1', 'cidr': u'11.120.1.0/24', 'id': u'c3fe13af-dde8-4284-99cd-ec3b4cfd19f5', 'subnetpool_id': None}], 'binding:host_id': u'localhost.localdomain', 'description': u'', 'allowed_address_pairs': [], 'tags': [], 'extra_dhcp_opts': [], 'updated_at': '2018-06-27T04:15:36Z', 'device_owner': u'network:router_interface', 'revision_number': 7, 'port_security_enabled': False, 'binding:profile': {}, 'mtu': 1450, 'fixed_ips': [{'subnet_id': u'c3fe13af-dde8-4284-99cd-ec3b4cfd19f5', 'prefixlen': 24, 'ip_address': u'11.120.1.1'}], 'id': u'8e53d78c-9fa0-4f70-ab10-240b04324edd', 'security_groups': [], 'device_id': u'fc4ace60-6212-4396-be28-187b19baf601', 'name': u'', 'admin_state_up': True, 'network_id': u'4fec194f-1455-4dab-8eae-c785b27489fe', 'tenant_id': u'7253aaee0cc342679bc2c25bd1c6b67b', 'binding:vif_details': {u'port_filter': True, u'datapath_type': u'system', u'ovs_hybrid_plug': True}, 'address_scopes': {4: None, 6: None}, 'binding:vnic_type': u'normal', 'binding:vif_type': u'ovs', 'mac_address': u'fa:16:3e:37:48:9b', 'project_id': u'7253aaee0cc342679bc2c25bd1c6b67b', 'extra_subnets': [], 'created_at': '2018-06-27T04:15:29Z'}], 'enable_snat': True, 'ha_vr_id': 0, 'description': u'', 'tags': [], 'gw_port': {'status': u'ACTIVE', 'subnets': [{'dns_nameservers': [], 'ipv6_ra_mode': None, 'gateway_ip': u'172.24.4.1', 'cidr': u'172.24.4.0/24', 'id': u'42338adf-2e51-4eed-8e47-1b2f9d84cf85', 'subnetpool_id': None}], 'binding:host_id': u'localhost.localdomain', 'description': u'', 'allowed_address_pairs': [], 'tags': [], 'extra_dhcp_opts': [], 'updated_at': '2018-06-27T04:15:52Z', 'device_owner': u'network:router_gateway', 'revision_number': 6, 'port_security_enabled': False, 'binding:profile': {}, 'mtu': 1500, 'fixed_ips': [{'subnet_id': u'42338adf-2e51-4eed-8e47-1b2f9d84cf85', 'prefixlen': 24, 'ip_address': u'172.24.4.8'}], 'id': u'ff5a87ee-6cb0-42c7-8df1-3399f6fe7ce8', 'security_groups': [], 'device_id': u'fc4ace60-6212-4396-be28-187b19baf601', 'name': u'', 'admin_state_up': True, 'network_id': u'badfb9c1-1612-4b74-9d18-206aaffd3895', 'tenant_id': u'', 'binding:vif_details': {u'port_filter': True, u'datapath_type': u'system', u'ovs_hybrid_plug': True}, 'address_scopes': {4: None, 6: None}, 'binding:vnic_type': u'normal', 'binding:vif_type': u'ovs', 'mac_address': u'fa:16:3e:05:bf:ec', 'project_id': u'', 'extra_subnets': [], 'created_at': '2018-06-27T04:15:44Z'}, 'updated_at': '2018-06-27T04:15:45Z', 'revision_number': 4, 'ha': False, 'id': u'fc4ace60-6212-4396-be28-187b19baf601', 'gw_port_host': u'localhost.localdomain', 'external_gateway_info': {'network_id': u'badfb9c1-1612-4b74-9d18-206aaffd3895', 'enable_snat': True, 'external_fixed_ips': [{'subnet_id': u'42338adf-2e51-4eed-8e47-1b2f9d84cf85', 'ip_address': u'172.24.4.8'}]}, 'availability_zone_hints': [], 'availability_zones': [u'nova'], 'name': u'tempest-router-1530072744', 'gw_port_id': u'ff5a87ee-6cb0-42c7-8df1-3399f6fe7ce8', 'admin_state_up': True, 'tenant_id': u'7253aaee0cc342679bc2c25bd1c6b67b', 'created_at': '2018-06-27T04:15:08Z', 'distributed': False, 'flavor_id': None, 'routes': [], 'project_id': u'7253aaee0cc342679bc2c25bd1c6b67b'}], u'localhost.localdomain', False) {} wrapper /usr/lib/python2.7/site-packages/oslo_log/helpers.py:66
2018-06-27 06:20:21.317 15593 DEBUG neutron.api.rpc.handlers.l3_rpc [req-8129b737-cebc-4bb2-a66b-d858446f9da6 - - - - -] Checking router: fc4ace60-6212-4396-be28-187b19baf601 for host: localhost.localdomain _ensure_host_set_on_ports /usr/lib/python2.7/site-packages/neutron/api/rpc/handlers/l3_rpc.py:135
2018-06-27 06:20:21.350 15591 DEBUG neutron_lib.callbacks.manager [req-c35b8f17-d041-4780-8112-bf59d37abb8f - - - - -] Notify callbacks ['neutron.services.segments.db._update_segment_host_mapping_for_agent-8790852606800'] for agent, after_update _notify_loop /usr/lib/python2.7/site-packages/neutron_lib/callbacks/manager.py:167
2018-06-27 06:20:21.646 15585 DEBUG novaclient.v2.client [-] REQ: curl -g -i -X POST http://10.0.20.46:8774/v2.1/0ca3103c90a24980adf86a98ed1a7af3/os-server-external-events -H "User-Agent: python-novaclient" -H "Content-Type: application/json" -H "Accept: application/json" -H "X-OpenStack-Nova-API-Version: 2.1" -H "X-Auth-Token: {SHA1}9035fd89377148d93027391ff8f58b65028644fe" -d '{"events": [{"tag": "14d3c4e7-37e9-448b-b422-d4ceba210072", "name": "network-changed", "server_uuid": "543f0c85-57a3-43dc-a17a-afd60ab2f526"}]}' _http_log_request /usr/lib/python2.7/site-packages/keystoneauth1/session.py:375
2018-06-27 06:20:21.658 15589 DEBUG neutron.api.rpc.handlers.l3_rpc [req-bd1e7bf7-9c29-4451-aebe-dd4b6553aba5 - - - - -] New status for floating IP badb2ab5-721f-427d-b2cf-66ecf2c62dbd: DOWN update_floatingip_statuses /usr/lib/python2.7/site-packages/neutron/api/rpc/handlers/l3_rpc.py:252
2018-06-27 06:20:22.274 15585 DEBUG novaclient.v2.client [-] RESP: [200] Content-Length: 179 Content-Type: application/json Openstack-Api-Version: compute 2.1 X-Openstack-Nova-Api-Version: 2.1 Vary: OpenStack-API-Version, X-OpenStack-Nova-API-Version X-Openstack-Request-Id: req-18c4273d-dbd6-4cd9-97eb-2e6978a1e64f X-Compute-Request-Id: req-18c4273d-dbd6-4cd9-97eb-2e6978a1e64f Date: Wed, 27 Jun 2018 04:20:22 GMT Connection: keep-alive 
RESP BODY: {"events": [{"status": "completed", "tag": "14d3c4e7-37e9-448b-b422-d4ceba210072", "name": "network-changed", "server_uuid": "543f0c85-57a3-43dc-a17a-afd60ab2f526", "code": 200}]}
