2018-09-29 11:12:45.904 7127 DEBUG novaclient.v2.client [-] RESP: [200] Content-Length: 179 Content-Type: application/json Openstack-Api-Version: compute 2.1 X-Openstack-Nova-Api-Version: 2.1 Vary: OpenStack-API-Version, X-OpenStack-Nova-API-Version X-Openstack-Request-Id: req-045b6f4d-6b28-4627-b31e-6403844ca06f X-Compute-Request-Id: req-045b6f4d-6b28-4627-b31e-6403844ca06f Date: Sat, 29 Sep 2018 15:12:45 GMT Connection: keep-alive 
RESP BODY: {"events": [{"status": "completed", "tag": "7ae9b713-7458-4362-bb34-433b5a1ae0ac", "name": "network-changed", "server_uuid": "5854035b-407d-4432-bb66-7bfa50f14a09", "code": 200}]}
 _http_log_response /usr/lib/python2.7/site-packages/keystoneauth1/session.py:423
2018-09-29 11:12:45.904 7127 DEBUG novaclient.v2.client [-] POST call to compute for http://10.0.20.22:8774/v2.1/007b5c587a144e49a50c9008f27cd2bd/os-server-external-events used request id req-045b6f4d-6b28-4627-b31e-6403844ca06f request /usr/lib/python2.7/site-packages/keystoneauth1/session.py:727
2018-09-29 11:12:45.912 7127 INFO neutron.notifiers.nova [-] Nova event response: {u'status': u'completed', u'tag': u'7ae9b713-7458-4362-bb34-433b5a1ae0ac', u'name': u'network-changed', u'server_uuid': u'5854035b-407d-4432-bb66-7bfa50f14a09', u'code': 200}
2018-09-29 11:12:46.059 7122 INFO neutron.wsgi [req-6d8e9341-3046-4223-afba-5d8e8c4f4029 d1138ec1c77349f9b95c6580aab47cb8 007b5c587a144e49a50c9008f27cd2bd - default default] 10.0.20.22 "GET /v2.0/ports?tenant_id=c24081ffd5b7428c95bf4d0c3c18e7d0&device_id=5854035b-407d-4432-bb66-7bfa50f14a09 HTTP/1.1" status: 200  len: 1124 time: 0.1055000
2018-09-29 11:12:46.254 7122 DEBUG neutron.pecan_wsgi.hooks.policy_enforcement [req-dff5cd24-de4d-49de-abb6-0f2992cf6b1b d1138ec1c77349f9b95c6580aab47cb8 007b5c587a144e49a50c9008f27cd2bd - default default] Attributes excluded by policy engine: [u'vlan_transparent'] _exclude_attributes_by_policy /usr/lib/python2.7/site-packages/neutron/pecan_wsgi/hooks/policy_enforcement.py:256
2018-09-29 11:12:46.257 7122 INFO neutron.wsgi [req-dff5cd24-de4d-49de-abb6-0f2992cf6b1b d1138ec1c77349f9b95c6580aab47cb8 007b5c587a144e49a50c9008f27cd2bd - default default] 10.0.20.22 "GET /v2.0/networks?id=1d5f37fe-dc5f-4b9b-bff2-ab5dc73fb6bf HTTP/1.1" status: 200  len: 885 time: 0.1920402
2018-09-29 11:12:46.293 7122 INFO neutron.wsgi [req-fea3a09b-e979-4391-a5d8-cb9f0b863644 d1138ec1c77349f9b95c6580aab47cb8 007b5c587a144e49a50c9008f27cd2bd - default default] 10.0.20.22 "GET /v2.0/floatingips?fixed_ip_address=11.248.1.5&port_id=7ae9b713-7458-4362-bb34-433b5a1ae0ac HTTP/1.1" status: 200  len: 750 time: 0.0286038
2018-09-29 11:12:46.428 7122 DEBUG neutron.pecan_wsgi.hooks.policy_enforcement [req-3d37874c-4414-4db6-8d11-7d62b6c2fadf d1138ec1c77349f9b95c6580aab47cb8 007b5c587a144e49a50c9008f27cd2bd - default default] Attributes excluded by policy engine: [u'shared'] _exclude_attributes_by_policy /usr/lib/python2.7/site-packages/neutron/pecan_wsgi/hooks/policy_enforcement.py:256
2018-09-29 11:12:46.431 7122 INFO neutron.wsgi [req-3d37874c-4414-4db6-8d11-7d62b6c2fadf d1138ec1c77349f9b95c6580aab47cb8 007b5c587a144e49a50c9008f27cd2bd - default default] 10.0.20.22 "GET /v2.0/subnets?id=3cab9491-a7a6-4f7e-9e07-b05a88167aa5 HTTP/1.1" status: 200  len: 847 time: 0.1311018
2018-09-29 11:12:46.561 7122 INFO neutron.wsgi [req-b9001190-d75a-4fef-ab8e-5e8900c7c16a d1138ec1c77349f9b95c6580aab47cb8 007b5c587a144e49a50c9008f27cd2bd - default default] 10.0.20.22 "GET /v2.0/ports?network_id=1d5f37fe-dc5f-4b9b-bff2-ab5dc73fb6bf&device_owner=network%3Adhcp HTTP/1.1" status: 200  len: 1128 time: 0.1215990
2018-09-29 11:12:47.918 7127 DEBUG oslo_concurrency.lockutils [-] Lock "notifier-1ea95376-4950-4563-b042-6b7b833fb7a3" released by "neutron.notifiers.batch_notifier.synced_send" :: held 4.856s inner /usr/lib/python2.7/site-packages/oslo_concurrency/lockutils.py:282
2018-09-29 11:12:55.833 7122 INFO neutron.wsgi [req-efa16c3d-5ed0-413f-9ada-c784be023f76 9a1f746c49304cb29e19b366d068354b c24081ffd5b7428c95bf4d0c3c18e7d0 - dca3a527d5a14870aa76b8ea38ad2cb4 dca3a527d5a14870aa76b8ea38ad2cb4] 10.0.20.22 "GET /v2.0/ports?device_id=5854035b-407d-4432-bb66-7bfa50f14a09 HTTP/1.1" status: 200  len: 1124 time: 0.7217669
2018-09-29 11:12:55.939 7122 INFO neutron.wsgi [req-7b9b5b46-229c-4aa7-89fa-97e961d8715b 9a1f746c49304cb29e19b366d068354b c24081ffd5b7428c95bf4d0c3c18e7d0 - dca3a527d5a14870aa76b8ea38ad2cb4 dca3a527d5a14870aa76b8ea38ad2cb4] 10.0.20.22 "GET /v2.0/security-groups?id=90d6078e-dfef-406e-800d-bd0b83799b14 HTTP/1.1" status: 200  len: 2118 time: 0.1004961
2018-09-29 11:12:55.956 7135 DEBUG neutron_lib.callbacks.manager [req-ca62bfdc-f866-47f3-a748-0da1652df6a2 - - - - -] Notify callbacks ['neutron.services.segments.db._update_segment_host_mapping_for_agent-8738939440554'] for agent, after_update _notify_loop /usr/lib/python2.7/site-packages/neutron_lib/callbacks/manager.py:167
2018-09-29 11:13:03.659 7136 DEBUG neutron_lib.callbacks.manager [req-141bbd9c-134a-4d4e-a585-1207e4d63bea - - - - -] Notify callbacks ['neutron.services.segments.db._update_segment_host_mapping_for_agent-8738939440554'] for agent, after_update _notify_loop /usr/lib/python2.7/site-packages/neutron_lib/callbacks/manager.py:167
2018-09-29 11:13:04.342 7134 DEBUG neutron_lib.callbacks.manager [req-7cad381b-d3c7-4ba4-b067-ba27a35ee3e1 - - - - -] Notify callbacks ['neutron.services.segments.db._update_segment_host_mapping_for_agent-8738939440554'] for agent, after_update _notify_loop /usr/lib/python2.7/site-packages/neutron_lib/callbacks/manager.py:167
2018-09-29 11:13:06.025 7130 DEBUG neutron_lib.callbacks.manager [req-4c21d310-68c2-4f83-b91c-add5d4cced8d - - - - -] Notify callbacks ['neutron.services.segments.db._update_segment_host_mapping_for_agent-8738939440554'] for agent, after_update _notify_loop /usr/lib/python2.7/site-packages/neutron_lib/callbacks/manager.py:167
2018-09-29 11:13:13.232 7132 DEBUG neutron_lib.callbacks.manager [req-70daa3da-66f2-4504-871d-09267bd33ece - - - - -] Notify callbacks ['neutron.services.segments.db._update_segment_host_mapping_for_agent-8738939440554'] for agent, after_update _notify_loop /usr/lib/python2.7/site-packages/neutron_lib/callbacks/manager.py:167
2018-09-29 11:13:17.504 7122 INFO neutron.wsgi [req-0dfd2a12-96df-4703-bc4a-b16939b2d83f 9a1f746c49304cb29e19b366d068354b c24081ffd5b7428c95bf4d0c3c18e7d0 - dca3a527d5a14870aa76b8ea38ad2cb4 dca3a527d5a14870aa76b8ea38ad2cb4] 10.0.20.22 "GET /v2.0/ports?device_id=5854035b-407d-4432-bb66-7bfa50f14a09 HTTP/1.1" status: 200  len: 1124 time: 0.5540891
2018-09-29 11:13:17.624 7122 INFO neutron.wsgi [req-dfeb083e-1616-4e6a-922e-9aa460e67922 9a1f746c49304cb29e19b366d068354b c24081ffd5b7428c95bf4d0c3c18e7d0 - dca3a527d5a14870aa76b8ea38ad2cb4 dca3a527d5a14870aa76b8ea38ad2cb4] 10.0.20.22 "GET /v2.0/security-groups?id=90d6078e-dfef-406e-800d-bd0b83799b14 HTTP/1.1" status: 200  len: 2118 time: 0.1126549
2018-09-29 11:13:21.357 7139 DEBUG neutron.db.agents_db [req-22d80be5-a64f-4b94-af0e-d7132d42e9f8 - - - - -] Agent healthcheck: found 5 active agents agent_health_check /usr/lib/python2.7/site-packages/neutron/db/agents_db.py:281
2018-09-29 11:13:25.959 7131 DEBUG neutron_lib.callbacks.manager [req-ca62bfdc-f866-47f3-a748-0da1652df6a2 - - - - -] Notify callbacks ['neutron.services.segments.db._update_segment_host_mapping_for_agent-8738939440554'] for agent, after_update _notify_loop /usr/lib/python2.7/site-packages/neutron_lib/callbacks/manager.py:167
2018-09-29 11:13:26.328 7126 INFO neutron.wsgi [req-497ef8ea-7230-4703-b503-4ed02046a406 f875a10b07be43c197ef478066dc3a8e 007b5c587a144e49a50c9008f27cd2bd - default default] 10.0.20.22 "GET /v2.0/ports?device_id=5854035b-407d-4432-bb66-7bfa50f14a09 HTTP/1.1" status: 200  len: 1124 time: 0.4072111
2018-09-29 11:13:26.450 7126 INFO neutron.wsgi [req-c502c800-d7fe-4729-beb1-cdfa35299153 f875a10b07be43c197ef478066dc3a8e 007b5c587a144e49a50c9008f27cd2bd - default default] 10.0.20.22 "GET /v2.0/security-groups?id=90d6078e-dfef-406e-800d-bd0b83799b14 HTTP/1.1" status: 200  len: 2118 time: 0.1156020
2018-09-29 11:13:27.597 7127 INFO neutron.wsgi [req-e734528d-fa4c-4032-9522-4f0c2c3a38e4 9a1f746c49304cb29e19b366d068354b c24081ffd5b7428c95bf4d0c3c18e7d0 - dca3a527d5a14870aa76b8ea38ad2cb4 dca3a527d5a14870aa76b8ea38ad2cb4] 10.0.20.22 "GET /v2.0/ports?device_id=5854035b-407d-4432-bb66-7bfa50f14a09 HTTP/1.1" status: 200  len: 1124 time: 0.5539892
2018-09-29 11:13:27.714 7127 INFO neutron.wsgi [req-52079585-c1eb-438e-a14e-81d0be7993ed 9a1f746c49304cb29e19b366d068354b c24081ffd5b7428c95bf4d0c3c18e7d0 - dca3a527d5a14870aa76b8ea38ad2cb4 dca3a527d5a14870aa76b8ea38ad2cb4] 10.0.20.22 "GET /v2.0/security-groups?id=90d6078e-dfef-406e-800d-bd0b83799b14 HTTP/1.1" status: 200  len: 2118 time: 0.1104481
2018-09-29 11:13:30.239 7122 INFO neutron.wsgi [req-9227fba0-86a2-4993-99fb-24e43951a5e5 d1138ec1c77349f9b95c6580aab47cb8 007b5c587a144e49a50c9008f27cd2bd - default default] 10.0.20.22 "GET /v2.0/ports?tenant_id=c24081ffd5b7428c95bf4d0c3c18e7d0&device_id=5854035b-407d-4432-bb66-7bfa50f14a09 HTTP/1.1" status: 200  len: 1124 time: 0.0749478
2018-09-29 11:13:30.406 7122 DEBUG neutron.pecan_wsgi.hooks.policy_enforcement [req-e7b87168-293d-4e89-a644-f5b4722e0380 d1138ec1c77349f9b95c6580aab47cb8 007b5c587a144e49a50c9008f27cd2bd - default default] Attributes excluded by policy engine: [u'vlan_transparent'] _exclude_attributes_by_policy /usr/lib/python2.7/site-packages/neutron/pecan_wsgi/hooks/policy_enforcement.py:256
2018-09-29 11:13:30.408 7122 INFO neutron.wsgi [req-e7b87168-293d-4e89-a644-f5b4722e0380 d1138ec1c77349f9b95c6580aab47cb8 007b5c587a144e49a50c9008f27cd2bd - default default] 10.0.20.22 "GET /v2.0/networks?id=1d5f37fe-dc5f-4b9b-bff2-ab5dc73fb6bf HTTP/1.1" status: 200  len: 885 time: 0.1633208
2018-09-29 11:13:30.453 7122 INFO neutron.wsgi [req-cc968758-86b8-4c88-a2aa-270e8c7eed63 d1138ec1c77349f9b95c6580aab47cb8 007b5c587a144e49a50c9008f27cd2bd - default default] 10.0.20.22 "GET /v2.0/floatingips?fixed_ip_address=11.248.1.5&port_id=7ae9b713-7458-4362-bb34-433b5a1ae0ac HTTP/1.1" status: 200  len: 750 time: 0.0399861
2018-09-29 11:13:30.578 7122 DEBUG neutron.pecan_wsgi.hooks.policy_enforcement [req-ded6ac72-9945-47fb-81a8-be931063d212 d1138ec1c77349f9b95c6580aab47cb8 007b5c587a144e49a50c9008f27cd2bd - default default] Attributes excluded by policy engine: [u'shared'] _exclude_attributes_by_policy /usr/lib/python2.7/site-packages/neutron/pecan_wsgi/hooks/policy_enforcement.py:256
2018-09-29 11:13:30.580 7122 INFO neutron.wsgi [req-ded6ac72-9945-47fb-81a8-be931063d212 d1138ec1c77349f9b95c6580aab47cb8 007b5c587a144e49a50c9008f27cd2bd - default default] 10.0.20.22 "GET /v2.0/subnets?id=3cab9491-a7a6-4f7e-9e07-b05a88167aa5 HTTP/1.1" status: 200  len: 847 time: 0.1197770
2018-09-29 11:13:30.691 7122 INFO neutron.wsgi [req-ecdb4a58-00df-4ea2-8772-9dea6f56200e d1138ec1c77349f9b95c6580aab47cb8 007b5c587a144e49a50c9008f27cd2bd - default default] 10.0.20.22 "GET /v2.0/ports?network_id=1d5f37fe-dc5f-4b9b-bff2-ab5dc73fb6bf&device_owner=network%3Adhcp HTTP/1.1" status: 200  len: 1128 time: 0.1047740
2018-09-29 11:13:33.638 7137 DEBUG neutron_lib.callbacks.manager [req-bc50bae1-b750-41fe-9d79-01bef0bd8988 - - - - -] Notify callbacks ['neutron.services.segments.db._update_segment_host_mapping_for_agent-8738939440554'] for agent, after_update _notify_loop /usr/lib/python2.7/site-packages/neutron_lib/callbacks/manager.py:167
2018-09-29 11:13:34.346 7133 DEBUG neutron_lib.callbacks.manager [req-867e0011-7b0a-4a36-8a62-9c14e1347941 - - - - -] Notify callbacks ['neutron.services.segments.db._update_segment_host_mapping_for_agent-8738939440554'] for agent, after_update _notify_loop /usr/lib/python2.7/site-packages/neutron_lib/callbacks/manager.py:167
2018-09-29 11:13:36.003 7138 DEBUG neutron_lib.callbacks.manager [req-4c21d310-68c2-4f83-b91c-add5d4cced8d - - - - -] Notify callbacks ['neutron.services.segments.db._update_segment_host_mapping_for_agent-8738939440554'] for agent, after_update _notify_loop /usr/lib/python2.7/site-packages/neutron_lib/callbacks/manager.py:167
2018-09-29 11:13:40.725 7127 DEBUG neutron.wsgi [-] (7127) accepted ('10.0.20.22', 42840) server /usr/lib/python2.7/site-packages/eventlet/wsgi.py:883
2018-09-29 11:13:41.686 7127 INFO neutron.wsgi [req-7a60de48-abc3-44c0-8dac-5a351bd7d673 9a1f746c49304cb29e19b366d068354b c24081ffd5b7428c95bf4d0c3c18e7d0 - dca3a527d5a14870aa76b8ea38ad2cb4 dca3a527d5a14870aa76b8ea38ad2cb4] 10.0.20.22 "GET /v2.0/ports?device_id=5854035b-407d-4432-bb66-7bfa50f14a09 HTTP/1.1" status: 200  len: 1124 time: 0.9591939
2018-09-29 11:13:41.801 7127 INFO neutron.wsgi [req-8ab98ac4-c350-4c49-8b5b-f1141388d4b8 9a1f746c49304cb29e19b366d068354b c24081ffd5b7428c95bf4d0c3c18e7d0 - dca3a527d5a14870aa76b8ea38ad2cb4 dca3a527d5a14870aa76b8ea38ad2cb4] 10.0.20.22 "GET /v2.0/security-groups?id=90d6078e-dfef-406e-800d-bd0b83799b14 HTTP/1.1" status: 200  len: 2118 time: 0.1088688
2018-09-29 11:13:43.225 7135 DEBUG neutron_lib.callbacks.manager [req-70daa3da-66f2-4504-871d-09267bd33ece - - - - -] Notify callbacks ['neutron.services.segments.db._update_segment_host_mapping_for_agent-8738939440554'] for agent, after_update _notify_loop /usr/lib/python2.7/site-packages/neutron_lib/callbacks/manager.py:167
2018-09-29 11:13:50.627 7127 INFO neutron.wsgi [req-49db4906-1ece-4425-8a56-88d335be7ef1 9a1f746c49304cb29e19b366d068354b c24081ffd5b7428c95bf4d0c3c18e7d0 - dca3a527d5a14870aa76b8ea38ad2cb4 dca3a527d5a14870aa76b8ea38ad2cb4] 10.0.20.22 "GET /v2.0/ports?device_id=5854035b-407d-4432-bb66-7bfa50f14a09 HTTP/1.1" status: 200  len: 1124 time: 0.5051591
2018-09-29 11:13:50.721 7127 INFO neutron.wsgi [req-45a8fdf2-b848-4dc7-8d17-34813d45f436 9a1f746c49304cb29e19b366d068354b c24081ffd5b7428c95bf4d0c3c18e7d0 - dca3a527d5a14870aa76b8ea38ad2cb4 dca3a527d5a14870aa76b8ea38ad2cb4] 10.0.20.22 "GET /v2.0/security-groups?id=90d6078e-dfef-406e-800d-bd0b83799b14 HTTP/1.1" status: 200  len: 2118 time: 0.0888720
2018-09-29 11:13:56.021 7136 DEBUG neutron_lib.callbacks.manager [req-ca62bfdc-f866-47f3-a748-0da1652df6a2 - - - - -] Notify callbacks ['neutron.services.segments.db._update_segment_host_mapping_for_agent-8738939440554'] for agent, after_update _notify_loop /usr/lib/python2.7/site-packages/neutron_lib/callbacks/manager.py:167
2018-09-29 11:13:58.365 7139 DEBUG neutron.db.agents_db [req-22d80be5-a64f-4b94-af0e-d7132d42e9f8 - - - - -] Agent healthcheck: found 5 active agents agent_health_check /usr/lib/python2.7/site-packages/neutron/db/agents_db.py:281
2018-09-29 11:14:01.085 7122 INFO neutron.wsgi [req-1517aee2-ad39-4054-9516-7ef823b9ff97 9a1f746c49304cb29e19b366d068354b c24081ffd5b7428c95bf4d0c3c18e7d0 - dca3a527d5a14870aa76b8ea38ad2cb4 dca3a527d5a14870aa76b8ea38ad2cb4] 10.0.20.22 "GET /v2.0/ports?device_id=5854035b-407d-4432-bb66-7bfa50f14a09 HTTP/1.1" status: 200  len: 1124 time: 0.4734111
2018-09-29 11:14:01.187 7122 INFO neutron.wsgi [req-43eab04e-15ab-4b19-a9b5-20babd01f21c 9a1f746c49304cb29e19b366d068354b c24081ffd5b7428c95bf4d0c3c18e7d0 - dca3a527d5a14870aa76b8ea38ad2cb4 dca3a527d5a14870aa76b8ea38ad2cb4] 10.0.20.22 "GET /v2.0/security-groups?id=90d6078e-dfef-406e-800d-bd0b83799b14 HTTP/1.1" status: 200  len: 2118 time: 0.0972850
2018-09-29 11:14:03.661 7134 DEBUG neutron_lib.callbacks.manager [req-3eef28bd-6f00-43de-9699-700069f19d89 - - - - -] Notify callbacks ['neutron.services.segments.db._update_segment_host_mapping_for_agent-8738939440554'] for agent, after_update _notify_loop /usr/lib/python2.7/site-packages/neutron_lib/callbacks/manager.py:167
2018-09-29 11:14:04.332 7130 DEBUG neutron_lib.callbacks.manager [req-d43a28ea-44ba-46cb-b719-d5f3a1aecaf8 - - - - -] Notify callbacks ['neutron.services.segments.db._update_segment_host_mapping_for_agent-8738939440554'] for agent, after_update _notify_loop /usr/lib/python2.7/site-packages/neutron_lib/callbacks/manager.py:167
2018-09-29 11:14:06.022 7132 DEBUG neutron_lib.callbacks.manager [req-4c21d310-68c2-4f83-b91c-add5d4cced8d - - - - -] Notify callbacks ['neutron.services.segments.db._update_segment_host_mapping_for_agent-8738939440554'] for agent, after_update _notify_loop /usr/lib/python2.7/site-packages/neutron_lib/callbacks/manager.py:167
2018-09-29 11:14:10.929 7122 INFO neutron.wsgi [req-7f815286-9f92-42b5-aa6e-95b7f60a8984 9a1f746c49304cb29e19b366d068354b c24081ffd5b7428c95bf4d0c3c18e7d0 - dca3a527d5a14870aa76b8ea38ad2cb4 dca3a527d5a14870aa76b8ea38ad2cb4] 10.0.20.22 "GET /v2.0/ports?device_id=5854035b-407d-4432-bb66-7bfa50f14a09 HTTP/1.1" status: 200  len: 1124 time: 0.4524319
2018-09-29 11:14:11.031 7122 INFO neutron.wsgi [req-c2ee97bf-d849-4f4c-807c-58df6abd282b 9a1f746c49304cb29e19b366d068354b c24081ffd5b7428c95bf4d0c3c18e7d0 - dca3a527d5a14870aa76b8ea38ad2cb4 dca3a527d5a14870aa76b8ea38ad2cb4] 10.0.20.22 "GET /v2.0/security-groups?id=90d6078e-dfef-406e-800d-bd0b83799b14 HTTP/1.1" status: 200  len: 2118 time: 0.0959730
2018-09-29 11:14:13.262 7131 DEBUG neutron_lib.callbacks.manager [req-70daa3da-66f2-4504-871d-09267bd33ece - - - - -] Notify callbacks ['neutron.services.segments.db._update_segment_host_mapping_for_agent-8738939440554'] for agent, after_update _notify_loop /usr/lib/python2.7/site-packages/neutron_lib/callbacks/manager.py:167
2018-09-29 11:14:13.670 7126 INFO neutron.wsgi [req-3def6f67-5416-463a-af8e-f2683c620c78 f875a10b07be43c197ef478066dc3a8e 007b5c587a144e49a50c9008f27cd2bd - default default] 10.0.20.22 "GET /v2.0/ports?device_id=5854035b-407d-4432-bb66-7bfa50f14a09 HTTP/1.1" status: 200  len: 1124 time: 0.5152519
2018-09-29 11:14:13.791 7126 INFO neutron.wsgi [req-60553193-a48c-48de-98ac-8c6c51082012 f875a10b07be43c197ef478066dc3a8e 007b5c587a144e49a50c9008f27cd2bd - default default] 10.0.20.22 "GET /v2.0/security-groups?id=90d6078e-dfef-406e-800d-bd0b83799b14 HTTP/1.1" status: 200  len: 2118 time: 0.1140232
2018-09-29 11:14:23.986 7122 INFO neutron.wsgi [req-980194ec-c0ae-4249-a8aa-4f41931652ec 9a1f746c49304cb29e19b366d068354b c24081ffd5b7428c95bf4d0c3c18e7d0 - dca3a527d5a14870aa76b8ea38ad2cb4 dca3a527d5a14870aa76b8ea38ad2cb4] 10.0.20.22 "GET /v2.0/ports?device_id=5854035b-407d-4432-bb66-7bfa50f14a09 HTTP/1.1" status: 200  len: 1124 time: 0.5405841
2018-09-29 11:14:24.080 7122 INFO neutron.wsgi [req-a1fd22a3-57e5-4d7b-a2fb-7d54d376a9a4 9a1f746c49304cb29e19b366d068354b c24081ffd5b7428c95bf4d0c3c18e7d0 - dca3a527d5a14870aa76b8ea38ad2cb4 dca3a527d5a14870aa76b8ea38ad2cb4] 10.0.20.22 "GET /v2.0/security-groups?id=90d6078e-dfef-406e-800d-bd0b83799b14 HTTP/1.1" status: 200  len: 2118 time: 0.0879240
2018-09-29 11:14:25.950 7137 DEBUG neutron_lib.callbacks.manager [req-ca62bfdc-f866-47f3-a748-0da1652df6a2 - - - - -] Notify callbacks ['neutron.services.segments.db._update_segment_host_mapping_for_agent-8738939440554'] for agent, after_update _notify_loop /usr/lib/python2.7/site-packages/neutron_lib/callbacks/manager.py:167
2018-09-29 11:14:30.997 7122 INFO neutron.wsgi [req-074f20f3-71c0-4b17-8c3a-18e13dd75adb d1138ec1c77349f9b95c6580aab47cb8 007b5c587a144e49a50c9008f27cd2bd - default default] 10.0.20.22 "GET /v2.0/ports?tenant_id=c24081ffd5b7428c95bf4d0c3c18e7d0&device_id=5854035b-407d-4432-bb66-7bfa50f14a09 HTTP/1.1" status: 200  len: 1124 time: 0.1134439
2018-09-29 11:14:31.279 7122 DEBUG neutron.pecan_wsgi.hooks.policy_enforcement [req-9c396721-2fd5-45d2-89ec-17bf0590c8a1 d1138ec1c77349f9b95c6580aab47cb8 007b5c587a144e49a50c9008f27cd2bd - default default] Attributes excluded by policy engine: [u'vlan_transparent'] _exclude_attributes_by_policy /usr/lib/python2.7/site-packages/neutron/pecan_wsgi/hooks/policy_enforcement.py:256
2018-09-29 11:14:31.282 7122 INFO neutron.wsgi [req-9c396721-2fd5-45d2-89ec-17bf0590c8a1 d1138ec1c77349f9b95c6580aab47cb8 007b5c587a144e49a50c9008f27cd2bd - default default] 10.0.20.22 "GET /v2.0/networks?id=1d5f37fe-dc5f-4b9b-bff2-ab5dc73fb6bf HTTP/1.1" status: 200  len: 885 time: 0.2776442
2018-09-29 11:14:31.326 7122 INFO neutron.wsgi [req-ce1d5dcf-eae7-49e0-b3fa-fffe67db41e0 d1138ec1c77349f9b95c6580aab47cb8 007b5c587a144e49a50c9008f27cd2bd - default default] 10.0.20.22 "GET /v2.0/floatingips?fixed_ip_address=11.248.1.5&port_id=7ae9b713-7458-4362-bb34-433b5a1ae0ac HTTP/1.1" status: 200  len: 750 time: 0.0369351
2018-09-29 11:14:31.483 7122 DEBUG neutron.pecan_wsgi.hooks.policy_enforcement [req-2ab3f784-04d4-4f34-8f70-d43c34f5499d d1138ec1c77349f9b95c6580aab47cb8 007b5c587a144e49a50c9008f27cd2bd - default default] Attributes excluded by policy engine: [u'shared'] _exclude_attributes_by_policy /usr/lib/python2.7/site-packages/neutron/pecan_wsgi/hooks/policy_enforcement.py:256
2018-09-29 11:14:31.486 7122 INFO neutron.wsgi [req-2ab3f784-04d4-4f34-8f70-d43c34f5499d d1138ec1c77349f9b95c6580aab47cb8 007b5c587a144e49a50c9008f27cd2bd - default default] 10.0.20.22 "GET /v2.0/subnets?id=3cab9491-a7a6-4f7e-9e07-b05a88167aa5 HTTP/1.1" status: 200  len: 847 time: 0.1501808
2018-09-29 11:14:31.599 7122 INFO neutron.wsgi [req-540471f2-3e5b-465a-8645-d21b6ce2703d d1138ec1c77349f9b95c6580aab47cb8 007b5c587a144e49a50c9008f27cd2bd - default default] 10.0.20.22 "GET /v2.0/ports?network_id=1d5f37fe-dc5f-4b9b-bff2-ab5dc73fb6bf&device_owner=network%3Adhcp HTTP/1.1" status: 200  len: 1128 time: 0.1044278
2018-09-29 11:14:33.637 7133 DEBUG neutron_lib.callbacks.manager [req-db77e1f0-5244-464c-8555-ffa433defbe2 - - - - -] Notify callbacks ['neutron.services.segments.db._update_segment_host_mapping_for_agent-8738939440554'] for agent, after_update _notify_loop /usr/lib/python2.7/site-packages/neutron_lib/callbacks/manager.py:167
2018-09-29 11:14:34.317 7138 DEBUG neutron_lib.callbacks.manager [req-82c371c0-b463-4160-9de2-8b99e307343c - - - - -] Notify callbacks ['neutron.services.segments.db._update_segment_host_mapping_for_agent-8738939440554'] for agent, after_update _notify_loop /usr/lib/python2.7/site-packages/neutron_lib/callbacks/manager.py:167
2018-09-29 11:14:35.362 7139 DEBUG neutron.db.agents_db [req-22d80be5-a64f-4b94-af0e-d7132d42e9f8 - - - - -] Agent healthcheck: found 5 active agents agent_health_check /usr/lib/python2.7/site-packages/neutron/db/agents_db.py:281
2018-09-29 11:14:36.008 7135 DEBUG neutron_lib.callbacks.manager [req-4c21d310-68c2-4f83-b91c-add5d4cced8d - - - - -] Notify callbacks ['neutron.services.segments.db._update_segment_host_mapping_for_agent-8738939440554'] for agent, after_update _notify_loop /usr/lib/python2.7/site-packages/neutron_lib/callbacks/manager.py:167
2018-09-29 11:14:37.820 7122 INFO neutron.wsgi [req-3c439171-d107-4676-bdd3-9b272315fbf5 9a1f746c49304cb29e19b366d068354b c24081ffd5b7428c95bf4d0c3c18e7d0 - dca3a527d5a14870aa76b8ea38ad2cb4 dca3a527d5a14870aa76b8ea38ad2cb4] 10.0.20.22 "GET /v2.0/ports?device_id=5854035b-407d-4432-bb66-7bfa50f14a09 HTTP/1.1" status: 200  len: 1124 time: 0.5766509
2018-09-29 11:14:37.920 7122 INFO neutron.wsgi [req-fa698c7d-67ea-4a1b-889e-590167d2d6bc 9a1f746c49304cb29e19b366d068354b c24081ffd5b7428c95bf4d0c3c18e7d0 - dca3a527d5a14870aa76b8ea38ad2cb4 dca3a527d5a14870aa76b8ea38ad2cb4] 10.0.20.22 "GET /v2.0/security-groups?id=90d6078e-dfef-406e-800d-bd0b83799b14 HTTP/1.1" status: 200  len: 2118 time: 0.0943480
2018-09-29 11:14:43.241 7136 DEBUG neutron_lib.callbacks.manager [req-70daa3da-66f2-4504-871d-09267bd33ece - - - - -] Notify callbacks ['neutron.services.segments.db._update_segment_host_mapping_for_agent-8738939440554'] for agent, after_update _notify_loop /usr/lib/python2.7/site-packages/neutron_lib/callbacks/manager.py:167
2018-09-29 11:14:55.937 7122 INFO neutron.wsgi [req-28c90538-e6ee-4fc8-a0c5-da665eeb327c 9a1f746c49304cb29e19b366d068354b c24081ffd5b7428c95bf4d0c3c18e7d0 - dca3a527d5a14870aa76b8ea38ad2cb4 dca3a527d5a14870aa76b8ea38ad2cb4] 10.0.20.22 "GET /v2.0/ports?device_id=5854035b-407d-4432-bb66-7bfa50f14a09 HTTP/1.1" status: 200  len: 1124 time: 0.5419700
2018-09-29 11:14:55.965 7134 DEBUG neutron_lib.callbacks.manager [req-ca62bfdc-f866-47f3-a748-0da1652df6a2 - - - - -] Notify callbacks ['neutron.services.segments.db._update_segment_host_mapping_for_agent-8738939440554'] for agent, after_update _notify_loop /usr/lib/python2.7/site-packages/neutron_lib/callbacks/manager.py:167
2018-09-29 11:14:56.042 7122 INFO neutron.wsgi [req-041cdfe6-ee51-4351-b2f8-47b161cf204d 9a1f746c49304cb29e19b366d068354b c24081ffd5b7428c95bf4d0c3c18e7d0 - dca3a527d5a14870aa76b8ea38ad2cb4 dca3a527d5a14870aa76b8ea38ad2cb4] 10.0.20.22 "GET /v2.0/security-groups?id=90d6078e-dfef-406e-800d-bd0b83799b14 HTTP/1.1" status: 200  len: 2118 time: 0.0991261
2018-09-29 11:15:03.652 7130 DEBUG neutron_lib.callbacks.manager [req-843d82de-6085-43b0-aced-4b16fa116825 - - - - -] Notify callbacks ['neutron.services.segments.db._update_segment_host_mapping_for_agent-8738939440554'] for agent, after_update _notify_loop /usr/lib/python2.7/site-packages/neutron_lib/callbacks/manager.py:167
2018-09-29 11:15:04.330 7132 DEBUG neutron_lib.callbacks.manager [req-7d0287c9-aaef-470f-9c0b-ab9d74abbfbe - - - - -] Notify callbacks ['neutron.services.segments.db._update_segment_host_mapping_for_agent-8738939440554'] for agent, after_update _notify_loop /usr/lib/python2.7/site-packages/neutron_lib/callbacks/manager.py:167
2018-09-29 11:15:06.012 7131 DEBUG neutron_lib.callbacks.manager [req-4c21d310-68c2-4f83-b91c-add5d4cced8d - - - - -] Notify callbacks ['neutron.services.segments.db._update_segment_host_mapping_for_agent-8738939440554'] for agent, after_update _notify_loop /usr/lib/python2.7/site-packages/neutron_lib/callbacks/manager.py:167
2018-09-29 11:15:12.362 7139 DEBUG neutron.db.agents_db [req-22d80be5-a64f-4b94-af0e-d7132d42e9f8 - - - - -] Agent healthcheck: found 5 active agents agent_health_check /usr/lib/python2.7/site-packages/neutron/db/agents_db.py:281
2018-09-29 11:15:13.245 7137 DEBUG neutron_lib.callbacks.manager [req-70daa3da-66f2-4504-871d-09267bd33ece - - - - -] Notify callbacks ['neutron.services.segments.db._update_segment_host_mapping_for_agent-8738939440554'] for agent, after_update _notify_loop /usr/lib/python2.7/site-packages/neutron_lib/callbacks/manager.py:167
2018-09-29 11:15:15.653 7124 DEBUG neutron.wsgi [-] (7124) accepted ('10.0.20.22', 44142) server /usr/lib/python2.7/site-packages/eventlet/wsgi.py:883
2018-09-29 11:15:16.034 7124 WARNING keystonemiddleware.auth_token [-] A valid token was submitted as a service token, but it was not a valid service token. This is incorrect but backwards compatible behaviour. This will be removed in future releases.
2018-09-29 11:15:16.537 7124 INFO neutron.wsgi [req-0398d55f-8d77-4d8b-883c-f8f64ed5e0fe 9a1f746c49304cb29e19b366d068354b c24081ffd5b7428c95bf4d0c3c18e7d0 - dca3a527d5a14870aa76b8ea38ad2cb4 dca3a527d5a14870aa76b8ea38ad2cb4] 10.0.20.22 "GET /v2.0/ports?device_id=5854035b-407d-4432-bb66-7bfa50f14a09 HTTP/1.1" status: 200  len: 1124 time: 0.8815231
2018-09-29 11:15:16.641 7124 INFO neutron.wsgi [req-0300252d-63c8-4dda-ba55-1c04acf6dee9 9a1f746c49304cb29e19b366d068354b c24081ffd5b7428c95bf4d0c3c18e7d0 - dca3a527d5a14870aa76b8ea38ad2cb4 dca3a527d5a14870aa76b8ea38ad2cb4] 10.0.20.22 "GET /v2.0/security-groups?id=90d6078e-dfef-406e-800d-bd0b83799b14 HTTP/1.1" status: 200  len: 2118 time: 0.0984321
2018-09-29 11:15:25.949 7133 DEBUG neutron_lib.callbacks.manager [req-ca62bfdc-f866-47f3-a748-0da1652df6a2 - - - - -] Notify callbacks ['neutron.services.segments.db._update_segment_host_mapping_for_agent-8738939440554'] for agent, after_update _notify_loop /usr/lib/python2.7/site-packages/neutron_lib/callbacks/manager.py:167
2018-09-29 11:15:28.587 7124 DEBUG neutron.wsgi [-] (7124) accepted ('10.0.20.22', 45200) server /usr/lib/python2.7/site-packages/eventlet/wsgi.py:883
2018-09-29 11:15:29.481 7124 INFO neutron.wsgi [req-39ce6433-d7b8-4424-a803-63cc432d9b27 9a1f746c49304cb29e19b366d068354b c24081ffd5b7428c95bf4d0c3c18e7d0 - dca3a527d5a14870aa76b8ea38ad2cb4 dca3a527d5a14870aa76b8ea38ad2cb4] 10.0.20.22 "GET /v2.0/ports?device_id=5854035b-407d-4432-bb66-7bfa50f14a09 HTTP/1.1" status: 200  len: 1124 time: 0.8916850
2018-09-29 11:15:29.591 7124 INFO neutron.wsgi [req-7e9aa25d-6b32-47fa-90a7-519620d2b8de 9a1f746c49304cb29e19b366d068354b c24081ffd5b7428c95bf4d0c3c18e7d0 - dca3a527d5a14870aa76b8ea38ad2cb4 dca3a527d5a14870aa76b8ea38ad2cb4] 10.0.20.22 "GET /v2.0/security-groups?id=90d6078e-dfef-406e-800d-bd0b83799b14 HTTP/1.1" status: 200  len: 2118 time: 0.1051450
2018-09-29 11:15:30.320 7122 INFO neutron.wsgi [req-fcdcf64e-301d-407a-9bc8-b7289abea5b9 d1138ec1c77349f9b95c6580aab47cb8 007b5c587a144e49a50c9008f27cd2bd - default default] 10.0.20.22 "GET /v2.0/ports?tenant_id=c24081ffd5b7428c95bf4d0c3c18e7d0&device_id=5854035b-407d-4432-bb66-7bfa50f14a09 HTTP/1.1" status: 200  len: 1124 time: 0.1297059
2018-09-29 11:15:30.782 7122 DEBUG neutron.pecan_wsgi.hooks.policy_enforcement [req-c24bd553-0254-4977-9ca4-64b1fb9bf746 d1138ec1c77349f9b95c6580aab47cb8 007b5c587a144e49a50c9008f27cd2bd - default default] Attributes excluded by policy engine: [u'vlan_transparent'] _exclude_attributes_by_policy /usr/lib/python2.7/site-packages/neutron/pecan_wsgi/hooks/policy_enforcement.py:256
2018-09-29 11:15:30.785 7122 INFO neutron.wsgi [req-c24bd553-0254-4977-9ca4-64b1fb9bf746 d1138ec1c77349f9b95c6580aab47cb8 007b5c587a144e49a50c9008f27cd2bd - default default] 10.0.20.22 "GET /v2.0/networks?id=1d5f37fe-dc5f-4b9b-bff2-ab5dc73fb6bf HTTP/1.1" status: 200  len: 885 time: 0.4598479
2018-09-29 11:15:30.847 7122 INFO neutron.wsgi [req-3bf5cd5d-1737-45f2-bbdf-31957b01b4ce d1138ec1c77349f9b95c6580aab47cb8 007b5c587a144e49a50c9008f27cd2bd - default default] 10.0.20.22 "GET /v2.0/floatingips?fixed_ip_address=11.248.1.5&port_id=7ae9b713-7458-4362-bb34-433b5a1ae0ac HTTP/1.1" status: 200  len: 750 time: 0.0408511
2018-09-29 11:15:30.983 7122 DEBUG neutron.pecan_wsgi.hooks.policy_enforcement [req-f6f066be-53bc-47d3-b77a-d69380ddb39b d1138ec1c77349f9b95c6580aab47cb8 007b5c587a144e49a50c9008f27cd2bd - default default] Attributes excluded by policy engine: [u'shared'] _exclude_attributes_by_policy /usr/lib/python2.7/site-packages/neutron/pecan_wsgi/hooks/policy_enforcement.py:256
2018-09-29 11:15:30.987 7122 INFO neutron.wsgi [req-f6f066be-53bc-47d3-b77a-d69380ddb39b d1138ec1c77349f9b95c6580aab47cb8 007b5c587a144e49a50c9008f27cd2bd - default default] 10.0.20.22 "GET /v2.0/subnets?id=3cab9491-a7a6-4f7e-9e07-b05a88167aa5 HTTP/1.1" status: 200  len: 847 time: 0.1308000
2018-09-29 11:15:31.102 7122 INFO neutron.wsgi [req-edaa26a2-e7b9-422b-97c9-1ffb475ca9e3 d1138ec1c77349f9b95c6580aab47cb8 007b5c587a144e49a50c9008f27cd2bd - default default] 10.0.20.22 "GET /v2.0/ports?network_id=1d5f37fe-dc5f-4b9b-bff2-ab5dc73fb6bf&device_owner=network%3Adhcp HTTP/1.1" status: 200  len: 1128 time: 0.1066840
2018-09-29 11:15:32.574 7122 INFO neutron.wsgi [req-f3d57dec-71e1-4594-b72c-da0619e6d933 d1138ec1c77349f9b95c6580aab47cb8 007b5c587a144e49a50c9008f27cd2bd - default default] 10.0.20.22 "GET /v2.0/ports?tenant_id=c24081ffd5b7428c95bf4d0c3c18e7d0&device_id=5854035b-407d-4432-bb66-7bfa50f14a09 HTTP/1.1" status: 200  len: 1124 time: 0.1127100
2018-09-29 11:15:32.787 7122 DEBUG neutron.pecan_wsgi.hooks.policy_enforcement [req-80e3992b-3279-4583-98aa-a3d4608370e9 d1138ec1c77349f9b95c6580aab47cb8 007b5c587a144e49a50c9008f27cd2bd - default default] Attributes excluded by policy engine: [u'vlan_transparent'] _exclude_attributes_by_policy /usr/lib/python2.7/site-packages/neutron/pecan_wsgi/hooks/policy_enforcement.py:256
2018-09-29 11:15:32.791 7122 INFO neutron.wsgi [req-80e3992b-3279-4583-98aa-a3d4608370e9 d1138ec1c77349f9b95c6580aab47cb8 007b5c587a144e49a50c9008f27cd2bd - default default] 10.0.20.22 "GET /v2.0/networks?id=1d5f37fe-dc5f-4b9b-bff2-ab5dc73fb6bf HTTP/1.1" status: 200  len: 885 time: 0.2072480
2018-09-29 11:15:32.837 7122 INFO neutron.wsgi [req-3a715b3f-d3ec-4179-a85a-9b1c4501f3a0 d1138ec1c77349f9b95c6580aab47cb8 007b5c587a144e49a50c9008f27cd2bd - default default] 10.0.20.22 "GET /v2.0/floatingips?fixed_ip_address=11.248.1.5&port_id=7ae9b713-7458-4362-bb34-433b5a1ae0ac HTTP/1.1" status: 200  len: 750 time: 0.0333569
2018-09-29 11:15:32.968 7122 DEBUG neutron.pecan_wsgi.hooks.policy_enforcement [req-ff42c869-6f4d-467c-80f3-bcd22b7c508a d1138ec1c77349f9b95c6580aab47cb8 007b5c587a144e49a50c9008f27cd2bd - default default] Attributes excluded by policy engine: [u'shared'] _exclude_attributes_by_policy /usr/lib/python2.7/site-packages/neutron/pecan_wsgi/hooks/policy_enforcement.py:256
2018-09-29 11:15:32.971 7122 INFO neutron.wsgi [req-ff42c869-6f4d-467c-80f3-bcd22b7c508a d1138ec1c77349f9b95c6580aab47cb8 007b5c587a144e49a50c9008f27cd2bd - default default] 10.0.20.22 "GET /v2.0/subnets?id=3cab9491-a7a6-4f7e-9e07-b05a88167aa5 HTTP/1.1" status: 200  len: 847 time: 0.1283150
2018-09-29 11:15:33.083 7122 INFO neutron.wsgi [req-64ae4206-90dd-4b8e-9e66-549e8f3006bb d1138ec1c77349f9b95c6580aab47cb8 007b5c587a144e49a50c9008f27cd2bd - default default] 10.0.20.22 "GET /v2.0/ports?network_id=1d5f37fe-dc5f-4b9b-bff2-ab5dc73fb6bf&device_owner=network%3Adhcp HTTP/1.1" status: 200  len: 1128 time: 0.1025021
2018-09-29 11:15:33.106 7130 DEBUG neutron.plugins.ml2.rpc [req-ca62bfdc-f866-47f3-a748-0da1652df6a2 - - - - -] Device 7ae9b713-7458-4362-bb34-433b5a1ae0ac no longer exists at agent ovs-agent-localhost.localdomain update_device_down /usr/lib/python2.7/site-packages/neutron/plugins/ml2/rpc.py:213
2018-09-29 11:15:33.311 7130 DEBUG neutron_lib.callbacks.manager [req-ca62bfdc-f866-47f3-a748-0da1652df6a2 - - - - -] Notify callbacks ['neutron.plugins.ml2.plugin.Ml2Plugin._ensure_default_security_group_handler-868415'] for port, before_update _notify_loop /usr/lib/python2.7/site-packages/neutron_lib/callbacks/manager.py:167
2018-09-29 11:15:33.397 7130 DEBUG oslo_concurrency.lockutils [-] Lock "notifier-1ea95376-4950-4563-b042-6b7b833fb7a3" acquired by "neutron.notifiers.batch_notifier.synced_send" :: waited 0.000s inner /usr/lib/python2.7/site-packages/oslo_concurrency/lockutils.py:270
2018-09-29 11:15:33.398 7130 DEBUG neutron.notifiers.nova [-] Sending events: [{'status': 'completed', 'tag': u'7ae9b713-7458-4362-bb34-433b5a1ae0ac', 'name': 'network-vif-unplugged', 'server_uuid': u'5854035b-407d-4432-bb66-7bfa50f14a09'}] send_events /usr/lib/python2.7/site-packages/neutron/notifiers/nova.py:242
2018-09-29 11:15:33.409 7130 DEBUG neutron.plugins.ml2.db [req-ca62bfdc-f866-47f3-a748-0da1652df6a2 - - - - -] For port 7ae9b713-7458-4362-bb34-433b5a1ae0ac, host localhost.localdomain, got binding levels [<neutron.plugins.ml2.models.PortBindingLevel[object at 7f2b1519c510] {port_id=u'7ae9b713-7458-4362-bb34-433b5a1ae0ac', host=u'localhost.localdomain', level=0, driver=u'openvswitch', segment_id=u'50e8f12d-2753-4d28-a8b4-5651f0229aa5'}>] get_binding_levels /usr/lib/python2.7/site-packages/neutron/plugins/ml2/db.py:106
2018-09-29 11:15:33.433 7130 DEBUG neutron_lib.callbacks.manager [req-ca62bfdc-f866-47f3-a748-0da1652df6a2 - - - - -] Notify callbacks ['neutron.api.rpc.agentnotifiers.dhcp_rpc_agent_api.DhcpAgentNotifyAPI._native_event_send_dhcp_notification-3844010', 'neutron.plugins.ml2.plugin.Ml2Plugin.notify_sg_on_port_change-871576', 'neutron.plugins.ml2.ovo_rpc._ObjectChangeHandler.handle_event--9223372036851052126', 'neutron.db.l3_hascheduler_db._notify_l3_agent_ha_port_update-8738939079715', 'neutron.db.l3_dvrscheduler_db._notify_l3_agent_port_update--9223363297915696945'] for port, after_update _notify_loop /usr/lib/python2.7/site-packages/neutron_lib/callbacks/manager.py:167
2018-09-29 11:15:33.457 7130 DEBUG oslo_concurrency.lockutils [-] Lock "event-dispatch" acquired by "neutron.plugins.ml2.ovo_rpc.dispatch_events" :: waited 0.000s inner /usr/lib/python2.7/site-packages/oslo_concurrency/lockutils.py:270
2018-09-29 11:15:33.597 7130 DEBUG neutron.api.rpc.handlers.resources_rpc [req-ca62bfdc-f866-47f3-a748-0da1652df6a2 - - - - -] neutron.api.rpc.handlers.resources_rpc.ResourcesPushRpcApi method push called with arguments (<neutron_lib.context.Context object at 0x7f2b150dc810>, [Port(admin_state_up=True,allowed_address_pairs=[],binding=PortBinding,binding_levels=[PortBindingLevel],created_at=2018-09-29T15:11:47Z,data_plane_status=<?>,description='',device_id='5854035b-407d-4432-bb66-7bfa50f14a09',device_owner='compute:nova',dhcp_options=[],distributed_binding=None,dns=None,fixed_ips=[IPAllocation],id=7ae9b713-7458-4362-bb34-433b5a1ae0ac,mac_address=fa:16:3e:88:b5:51,name='',network_id=1d5f37fe-dc5f-4b9b-bff2-ab5dc73fb6bf,project_id='c24081ffd5b7428c95bf4d0c3c18e7d0',qos_policy_id=None,revision_number=7,security=PortSecurity(7ae9b713-7458-4362-bb34-433b5a1ae0ac),security_group_ids=set([90d6078e-dfef-406e-800d-bd0b83799b14]),status='DOWN',updated_at=2018-09-29T15:15:33Z)], 'updated') {} wrapper /usr/lib/python2.7/site-packages/oslo_log/helpers.py:66
2018-09-29 11:15:33.613 7130 DEBUG neutron.api.rpc.callbacks.version_manager [req-ca62bfdc-f866-47f3-a748-0da1652df6a2 - - - - -] Version for resource type Subnet changed None to 1.0 on consumer Open vSwitch agent@localhost.localdomain _set_version /usr/lib/python2.7/site-packages/neutron/api/rpc/callbacks/version_manager.py:119
2018-09-29 11:15:33.614 7130 DEBUG neutron.api.rpc.callbacks.version_manager [req-ca62bfdc-f866-47f3-a748-0da1652df6a2 - - - - -] Version for resource type Network changed None to 1.0 on consumer Open vSwitch agent@localhost.localdomain _set_version /usr/lib/python2.7/site-packages/neutron/api/rpc/callbacks/version_manager.py:119
2018-09-29 11:15:33.614 7130 DEBUG neutron.api.rpc.callbacks.version_manager [req-ca62bfdc-f866-47f3-a748-0da1652df6a2 - - - - -] Version for resource type SubPort changed None to 1.0 on consumer Open vSwitch agent@localhost.localdomain _set_version /usr/lib/python2.7/site-packages/neutron/api/rpc/callbacks/version_manager.py:119
2018-09-29 11:15:33.615 7130 DEBUG neutron.api.rpc.callbacks.version_manager [req-ca62bfdc-f866-47f3-a748-0da1652df6a2 - - - - -] Version for resource type SecurityGroup changed None to 1.0 on consumer Open vSwitch agent@localhost.localdomain _set_version /usr/lib/python2.7/site-packages/neutron/api/rpc/callbacks/version_manager.py:119
2018-09-29 11:15:33.615 7130 DEBUG neutron.api.rpc.callbacks.version_manager [req-ca62bfdc-f866-47f3-a748-0da1652df6a2 - - - - -] Version for resource type SecurityGroupRule changed None to 1.0 on consumer Open vSwitch agent@localhost.localdomain _set_version /usr/lib/python2.7/site-packages/neutron/api/rpc/callbacks/version_manager.py:119
2018-09-29 11:15:33.616 7130 DEBUG neutron.api.rpc.callbacks.version_manager [req-ca62bfdc-f866-47f3-a748-0da1652df6a2 - - - - -] Version for resource type Trunk changed None to 1.1 on consumer Open vSwitch agent@localhost.localdomain _set_version /usr/lib/python2.7/site-packages/neutron/api/rpc/callbacks/version_manager.py:119
2018-09-29 11:15:33.617 7130 DEBUG neutron.api.rpc.callbacks.version_manager [req-ca62bfdc-f866-47f3-a748-0da1652df6a2 - - - - -] Version for resource type QosPolicy changed None to 1.6 on consumer Open vSwitch agent@localhost.localdomain _set_version /usr/lib/python2.7/site-packages/neutron/api/rpc/callbacks/version_manager.py:119
2018-09-29 11:15:33.618 7130 DEBUG neutron.api.rpc.callbacks.version_manager [req-ca62bfdc-f866-47f3-a748-0da1652df6a2 - - - - -] Version for resource type Port changed None to 1.1 on consumer Open vSwitch agent@localhost.localdomain _set_version /usr/lib/python2.7/site-packages/neutron/api/rpc/callbacks/version_manager.py:119
2018-09-29 11:15:33.619 7130 DEBUG neutron.api.rpc.callbacks.version_manager [req-ca62bfdc-f866-47f3-a748-0da1652df6a2 - - - - -] Version for resource type Log changed None to 1.0 on consumer Open vSwitch agent@localhost.localdomain _set_version /usr/lib/python2.7/site-packages/neutron/api/rpc/callbacks/version_manager.py:119
2018-09-29 11:15:33.651 7130 DEBUG oslo_concurrency.lockutils [req-ca62bfdc-f866-47f3-a748-0da1652df6a2 - - - - -] Lock "event-dispatch" released by "neutron.plugins.ml2.ovo_rpc.dispatch_events" :: held 0.194s inner /usr/lib/python2.7/site-packages/oslo_concurrency/lockutils.py:282
2018-09-29 11:15:33.664 7138 DEBUG neutron_lib.callbacks.manager [req-6ecc4e69-2bb8-4b09-bf08-2bd47b889ec7 - - - - -] Notify callbacks ['neutron.services.segments.db._update_segment_host_mapping_for_agent-8738939440554'] for agent, after_update _notify_loop /usr/lib/python2.7/site-packages/neutron_lib/callbacks/manager.py:167
2018-09-29 11:15:34.369 7135 DEBUG neutron_lib.callbacks.manager [req-0710b875-6677-4b39-8be3-c420f6465aad - - - - -] Notify callbacks ['neutron.services.segments.db._update_segment_host_mapping_for_agent-8738939440554'] for agent, after_update _notify_loop /usr/lib/python2.7/site-packages/neutron_lib/callbacks/manager.py:167
2018-09-29 11:15:34.556 7130 DEBUG novaclient.v2.client [-] REQ: curl -g -i -X POST http://10.0.20.22:8774/v2.1/007b5c587a144e49a50c9008f27cd2bd/os-server-external-events -H "User-Agent: python-novaclient" -H "Content-Type: application/json" -H "Accept: application/json" -H "X-OpenStack-Nova-API-Version: 2.1" -H "X-Auth-Token: {SHA1}fc8a009fbd8946dff892818405991496795fbba8" -d '{"events": [{"status": "completed", "tag": "7ae9b713-7458-4362-bb34-433b5a1ae0ac", "name": "network-vif-unplugged", "server_uuid": "5854035b-407d-4432-bb66-7bfa50f14a09"}]}' _http_log_request /usr/lib/python2.7/site-packages/keystoneauth1/session.py:375
2018-09-29 11:15:35.175 7132 DEBUG neutron.plugins.ml2.rpc [req-ca62bfdc-f866-47f3-a748-0da1652df6a2 - - - - -] Device 7ae9b713-7458-4362-bb34-433b5a1ae0ac up at agent ovs-agent-localhost.localdomain update_device_up /usr/lib/python2.7/site-packages/neutron/plugins/ml2/rpc.py:244
2018-09-29 11:15:35.329 7132 DEBUG neutron.db.provisioning_blocks [req-ca62bfdc-f866-47f3-a748-0da1652df6a2 - - - - -] Provisioning complete for port 7ae9b713-7458-4362-bb34-433b5a1ae0ac triggered by entity L2. provisioning_complete /usr/lib/python2.7/site-packages/neutron/db/provisioning_blocks.py:138
2018-09-29 11:15:35.329 7132 DEBUG neutron_lib.callbacks.manager [req-ca62bfdc-f866-47f3-a748-0da1652df6a2 - - - - -] Notify callbacks ['neutron.plugins.ml2.plugin.Ml2Plugin._port_provisioned--9223372036854096160'] for port, provisioning_complete _notify_loop /usr/lib/python2.7/site-packages/neutron_lib/callbacks/manager.py:167
2018-09-29 11:15:35.357 7130 DEBUG novaclient.v2.client [-] RESP: [200] Content-Length: 185 Content-Type: application/json Openstack-Api-Version: compute 2.1 X-Openstack-Nova-Api-Version: 2.1 Vary: OpenStack-API-Version, X-OpenStack-Nova-API-Version X-Openstack-Request-Id: req-0a1acfda-1c4c-4778-b0c1-e7a2fe3f59ae X-Compute-Request-Id: req-0a1acfda-1c4c-4778-b0c1-e7a2fe3f59ae Date: Sat, 29 Sep 2018 15:15:35 GMT Connection: keep-alive 
RESP BODY: {"events": [{"status": "completed", "tag": "7ae9b713-7458-4362-bb34-433b5a1ae0ac", "name": "network-vif-unplugged", "server_uuid": "5854035b-407d-4432-bb66-7bfa50f14a09", "code": 200}]}
 _http_log_response /usr/lib/python2.7/site-packages/keystoneauth1/session.py:423
2018-09-29 11:15:35.358 7130 DEBUG novaclient.v2.client [-] POST call to compute for http://10.0.20.22:8774/v2.1/007b5c587a144e49a50c9008f27cd2bd/os-server-external-events used request id req-0a1acfda-1c4c-4778-b0c1-e7a2fe3f59ae request /usr/lib/python2.7/site-packages/keystoneauth1/session.py:727
2018-09-29 11:15:35.372 7130 INFO neutron.notifiers.nova [-] Nova event response: {u'status': u'completed', u'tag': u'7ae9b713-7458-4362-bb34-433b5a1ae0ac', u'name': u'network-vif-unplugged', u'server_uuid': u'5854035b-407d-4432-bb66-7bfa50f14a09', u'code': 200}
2018-09-29 11:15:35.604 7132 DEBUG neutron_lib.callbacks.manager [req-ca62bfdc-f866-47f3-a748-0da1652df6a2 - - - - -] Notify callbacks ['neutron.plugins.ml2.plugin.Ml2Plugin._ensure_default_security_group_handler-868415'] for port, before_update _notify_loop /usr/lib/python2.7/site-packages/neutron_lib/callbacks/manager.py:167
2018-09-29 11:15:35.798 7132 DEBUG oslo_concurrency.lockutils [-] Lock "notifier-1ea95376-4950-4563-b042-6b7b833fb7a3" acquired by "neutron.notifiers.batch_notifier.synced_send" :: waited 0.001s inner /usr/lib/python2.7/site-packages/oslo_concurrency/lockutils.py:270
2018-09-29 11:15:35.807 7132 DEBUG neutron.notifiers.nova [-] Sending events: [{'status': 'completed', 'tag': u'7ae9b713-7458-4362-bb34-433b5a1ae0ac', 'name': 'network-vif-plugged', 'server_uuid': u'5854035b-407d-4432-bb66-7bfa50f14a09'}] send_events /usr/lib/python2.7/site-packages/neutron/notifiers/nova.py:242
2018-09-29 11:15:35.838 7132 DEBUG neutron.plugins.ml2.db [req-ca62bfdc-f866-47f3-a748-0da1652df6a2 - - - - -] For port 7ae9b713-7458-4362-bb34-433b5a1ae0ac, host localhost.localdomain, got binding levels [<neutron.plugins.ml2.models.PortBindingLevel[object at 7f2b150371d0] {port_id=u'7ae9b713-7458-4362-bb34-433b5a1ae0ac', host=u'localhost.localdomain', level=0, driver=u'openvswitch', segment_id=u'50e8f12d-2753-4d28-a8b4-5651f0229aa5'}>] get_binding_levels /usr/lib/python2.7/site-packages/neutron/plugins/ml2/db.py:106
2018-09-29 11:15:35.848 7132 DEBUG neutron_lib.callbacks.manager [req-ca62bfdc-f866-47f3-a748-0da1652df6a2 - - - - -] Notify callbacks ['neutron.api.rpc.agentnotifiers.dhcp_rpc_agent_api.DhcpAgentNotifyAPI._native_event_send_dhcp_notification-3844010', 'neutron.plugins.ml2.plugin.Ml2Plugin.notify_sg_on_port_change-871576', 'neutron.plugins.ml2.ovo_rpc._ObjectChangeHandler.handle_event--9223372036851052126', 'neutron.db.l3_hascheduler_db._notify_l3_agent_ha_port_update-8738939079715', 'neutron.db.l3_dvrscheduler_db._notify_l3_agent_port_update--9223363297915696945'] for port, after_update _notify_loop /usr/lib/python2.7/site-packages/neutron_lib/callbacks/manager.py:167
2018-09-29 11:15:36.027 7136 DEBUG neutron_lib.callbacks.manager [req-4c21d310-68c2-4f83-b91c-add5d4cced8d - - - - -] Notify callbacks ['neutron.services.segments.db._update_segment_host_mapping_for_agent-8738939440554'] for agent, after_update _notify_loop /usr/lib/python2.7/site-packages/neutron_lib/callbacks/manager.py:167
2018-09-29 11:15:36.302 7132 DEBUG oslo_concurrency.lockutils [-] Lock "event-dispatch" acquired by "neutron.plugins.ml2.ovo_rpc.dispatch_events" :: waited 0.000s inner /usr/lib/python2.7/site-packages/oslo_concurrency/lockutils.py:270
2018-09-29 11:15:36.455 7132 DEBUG neutron.api.rpc.handlers.resources_rpc [req-ca62bfdc-f866-47f3-a748-0da1652df6a2 - - - - -] neutron.api.rpc.handlers.resources_rpc.ResourcesPushRpcApi method push called with arguments (<neutron_lib.context.Context object at 0x7f2b14f73d90>, [Port(admin_state_up=True,allowed_address_pairs=[],binding=PortBinding,binding_levels=[PortBindingLevel],created_at=2018-09-29T15:11:47Z,data_plane_status=<?>,description='',device_id='5854035b-407d-4432-bb66-7bfa50f14a09',device_owner='compute:nova',dhcp_options=[],distributed_binding=None,dns=None,fixed_ips=[IPAllocation],id=7ae9b713-7458-4362-bb34-433b5a1ae0ac,mac_address=fa:16:3e:88:b5:51,name='',network_id=1d5f37fe-dc5f-4b9b-bff2-ab5dc73fb6bf,project_id='c24081ffd5b7428c95bf4d0c3c18e7d0',qos_policy_id=None,revision_number=8,security=PortSecurity(7ae9b713-7458-4362-bb34-433b5a1ae0ac),security_group_ids=set([90d6078e-dfef-406e-800d-bd0b83799b14]),status='ACTIVE',updated_at=2018-09-29T15:15:35Z)], 'updated') {} wrapper /usr/lib/python2.7/site-packages/oslo_log/helpers.py:66
2018-09-29 11:15:36.467 7132 DEBUG neutron.api.rpc.callbacks.version_manager [req-ca62bfdc-f866-47f3-a748-0da1652df6a2 - - - - -] Version for resource type Subnet changed None to 1.0 on consumer Open vSwitch agent@localhost.localdomain _set_version /usr/lib/python2.7/site-packages/neutron/api/rpc/callbacks/version_manager.py:119
2018-09-29 11:15:36.468 7132 DEBUG neutron.api.rpc.callbacks.version_manager [req-ca62bfdc-f866-47f3-a748-0da1652df6a2 - - - - -] Version for resource type Network changed None to 1.0 on consumer Open vSwitch agent@localhost.localdomain _set_version /usr/lib/python2.7/site-packages/neutron/api/rpc/callbacks/version_manager.py:119
2018-09-29 11:15:36.468 7132 DEBUG neutron.api.rpc.callbacks.version_manager [req-ca62bfdc-f866-47f3-a748-0da1652df6a2 - - - - -] Version for resource type SubPort changed None to 1.0 on consumer Open vSwitch agent@localhost.localdomain _set_version /usr/lib/python2.7/site-packages/neutron/api/rpc/callbacks/version_manager.py:119
2018-09-29 11:15:36.469 7132 DEBUG neutron.api.rpc.callbacks.version_manager [req-ca62bfdc-f866-47f3-a748-0da1652df6a2 - - - - -] Version for resource type SecurityGroup changed None to 1.0 on consumer Open vSwitch agent@localhost.localdomain _set_version /usr/lib/python2.7/site-packages/neutron/api/rpc/callbacks/version_manager.py:119
2018-09-29 11:15:36.470 7132 DEBUG neutron.api.rpc.callbacks.version_manager [req-ca62bfdc-f866-47f3-a748-0da1652df6a2 - - - - -] Version for resource type SecurityGroupRule changed None to 1.0 on consumer Open vSwitch agent@localhost.localdomain _set_version /usr/lib/python2.7/site-packages/neutron/api/rpc/callbacks/version_manager.py:119
2018-09-29 11:15:36.471 7132 DEBUG neutron.api.rpc.callbacks.version_manager [req-ca62bfdc-f866-47f3-a748-0da1652df6a2 - - - - -] Version for resource type Trunk changed None to 1.1 on consumer Open vSwitch agent@localhost.localdomain _set_version /usr/lib/python2.7/site-packages/neutron/api/rpc/callbacks/version_manager.py:119
2018-09-29 11:15:36.471 7132 DEBUG neutron.api.rpc.callbacks.version_manager [req-ca62bfdc-f866-47f3-a748-0da1652df6a2 - - - - -] Version for resource type QosPolicy changed None to 1.6 on consumer Open vSwitch agent@localhost.localdomain _set_version /usr/lib/python2.7/site-packages/neutron/api/rpc/callbacks/version_manager.py:119
2018-09-29 11:15:36.472 7132 DEBUG neutron.api.rpc.callbacks.version_manager [req-ca62bfdc-f866-47f3-a748-0da1652df6a2 - - - - -] Version for resource type Port changed None to 1.1 on consumer Open vSwitch agent@localhost.localdomain _set_version /usr/lib/python2.7/site-packages/neutron/api/rpc/callbacks/version_manager.py:119
