2018-09-13 00:29:21.934 22376 DEBUG neutron.db.l3_hamode_db [req-8d74b8d7-b621-441e-87a3-9754740bc3ae - - - - -] neutron.services.l3_router.l3_router_plugin.L3RouterPlugin method _process_sync_ha_data called with arguments (<neutron_lib.context.Context object at 0x7fbc30b0a9d0>, [{'status': u'ACTIVE', '_interfaces': [{'status': u'ACTIVE', 'subnets': [{'dns_nameservers': [u'8.8.4.4'], 'ipv6_ra_mode': None, 'gateway_ip': u'11.18.1.1', 'cidr': u'11.18.1.0/24', 'id': u'0d9f93e3-7dd7-4351-87fc-10cf79eb3efa', 'subnetpool_id': None}], 'binding:host_id': u'localhost.localdomain', 'description': u'', 'allowed_address_pairs': [], 'tags': [], 'extra_dhcp_opts': [], 'updated_at': '2018-09-13T04:27:33Z', 'device_owner': u'network:router_interface', 'revision_number': 7, 'port_security_enabled': False, 'binding:profile': {}, 'mtu': 1450, 'fixed_ips': [{'subnet_id': u'0d9f93e3-7dd7-4351-87fc-10cf79eb3efa', 'prefixlen': 24, 'ip_address': u'11.18.1.1'}], 'id': u'19d55b5f-2eed-45f6-a138-839c39ecec90', 'security_groups': [], 'device_id': u'53879f0f-7280-4090-955d-19142238ef7b', 'name': u'', 'admin_state_up': True, 'network_id': u'183bf78b-95d0-4003-abef-029c37727b20', 'tenant_id': u'4a18aaa21843494eb985e6059213a90a', 'binding:vif_details': {u'port_filter': True, u'datapath_type': u'system', u'ovs_hybrid_plug': True}, 'address_scopes': {4: None, 6: None}, 'binding:vnic_type': u'normal', 'binding:vif_type': u'ovs', 'mac_address': u'fa:16:3e:a9:4a:bc', 'project_id': u'4a18aaa21843494eb985e6059213a90a', 'extra_subnets': [], 'created_at': '2018-09-13T04:27:22Z'}], 'enable_snat': True, 'ha_vr_id': 0, 'description': u'', 'tags': [], 'gw_port': {'status': u'ACTIVE', 'subnets': [{'dns_nameservers': [], 'ipv6_ra_mode': None, 'gateway_ip': u'172.24.4.1', 'cidr': u'172.24.4.0/24', 'id': u'5f4e1ac0-b77f-4630-ace6-541a6f9c266c', 'subnetpool_id': None}], 'binding:host_id': u'localhost.localdomain', 'description': u'', 'allowed_address_pairs': [], 'tags': [], 'extra_dhcp_opts': [], 'updated_at': '2018-09-13T04:27:45Z', 'device_owner': u'network:router_gateway', 'revision_number': 6, 'port_security_enabled': False, 'binding:profile': {}, 'mtu': 1500, 'fixed_ips': [{'subnet_id': u'5f4e1ac0-b77f-4630-ace6-541a6f9c266c', 'prefixlen': 24, 'ip_address': u'172.24.4.13'}], 'id': u'317d87c1-b699-4f39-b27b-c9d22967c566', 'security_groups': [], 'device_id': u'53879f0f-7280-4090-955d-19142238ef7b', 'name': u'', 'admin_state_up': True, 'network_id': u'bcf73fc2-8df6-4f12-801c-ef4abf269c73', 'tenant_id': u'', 'binding:vif_details': {u'port_filter': True, u'datapath_type': u'system', u'ovs_hybrid_plug': True}, 'address_scopes': {4: None, 6: None}, 'binding:vnic_type': u'normal', 'binding:vif_type': u'ovs', 'mac_address': u'fa:16:3e:cf:da:73', 'project_id': u'', 'extra_subnets': [], 'created_at': '2018-09-13T04:27:38Z'}, 'updated_at': '2018-09-13T04:27:40Z', 'revision_number': 3, 'ha': False, 'id': u'53879f0f-7280-4090-955d-19142238ef7b', 'gw_port_host': u'localhost.localdomain', 'external_gateway_info': {'network_id': u'bcf73fc2-8df6-4f12-801c-ef4abf269c73', 'enable_snat': True, 'external_fixed_ips': [{'subnet_id': u'5f4e1ac0-b77f-4630-ace6-541a6f9c266c', 'ip_address': u'172.24.4.13'}]}, 'availability_zone_hints': [], 'availability_zones': [u'nova'], 'name': u'tempest-router-1536812616', 'gw_port_id': u'317d87c1-b699-4f39-b27b-c9d22967c566', 'admin_state_up': True, 'tenant_id': u'4a18aaa21843494eb985e6059213a90a', 'created_at': '2018-09-13T04:27:01Z', 'distributed': False, 'flavor_id': None, 'routes': [], 'project_id': u'4a18aaa21843494eb985e6059213a90a', '_floatingips': [{'router_id': u'53879f0f-7280-4090-955d-19142238ef7b', 'status': u'DOWN', 'description': u'', 'tags': [], 'updated_at': '2018-09-13T04:29:19Z', 'dns_domain': '', 'floating_network_id': u'bcf73fc2-8df6-4f12-801c-ef4abf269c73', 'fixed_ip_address': u'11.18.1.12', 'floating_ip_address': u'172.24.4.4', 'revision_number': 1, 'port_id': u'8326ca5e-c46a-4788-95c3-92cf8aa0ebce', 'id': u'e3d2e706-3275-4b8d-a2b6-9156ae3208a4', 'dns_name': '', 'created_at': '2018-09-13T04:29:02Z', 'tenant_id': u'4a18aaa21843494eb985e6059213a90a', 'fixed_ip_address_scope': None, 'project_id': u'4a18aaa21843494eb985e6059213a90a'}]}], u'localhost.localdomain', False) {} wrapper /usr/lib/python2.7/site-packages/oslo_log/helpers.py:66
2018-09-13 00:29:21.952 22376 DEBUG neutron.api.rpc.handlers.l3_rpc [req-8d74b8d7-b621-441e-87a3-9754740bc3ae - - - - -] Checking router: 53879f0f-7280-4090-955d-19142238ef7b for host: localhost.localdomain _ensure_host_set_on_ports /usr/lib/python2.7/site-packages/neutron/api/rpc/handlers/l3_rpc.py:135
2018-09-13 00:29:22.312 22356 DEBUG novaclient.v2.client [-] REQ: curl -g -i -X POST http://10.0.20.20:8774/v2.1/4eeeddb45ad446a68ed4de7bd550932a/os-server-external-events -H "User-Agent: python-novaclient" -H "Content-Type: application/json" -H "Accept: application/json" -H "X-OpenStack-Nova-API-Version: 2.1" -H "X-Auth-Token: {SHA1}43b78bffd3640e38d00fceea6b6a0c8acbbe467c" -d '{"events": [{"tag": "8326ca5e-c46a-4788-95c3-92cf8aa0ebce", "name": "network-changed", "server_uuid": "9176af33-f411-408f-939c-873bb7429259"}]}' _http_log_request /usr/lib/python2.7/site-packages/keystoneauth1/session.py:375
2018-09-13 00:29:22.374 22367 DEBUG neutron.api.rpc.handlers.l3_rpc [req-4544c86b-2a4a-4439-8dd1-95e4f7c3346e - - - - -] New status for floating IP e3d2e706-3275-4b8d-a2b6-9156ae3208a4: ACTIVE update_floatingip_statuses /usr/lib/python2.7/site-packages/neutron/api/rpc/handlers/l3_rpc.py:252
2018-09-13 00:29:22.984 22356 DEBUG novaclient.v2.client [-] RESP: [200] Content-Length: 179 Content-Type: application/json Openstack-Api-Version: compute 2.1 X-Openstack-Nova-Api-Version: 2.1 Vary: OpenStack-API-Version, X-OpenStack-Nova-API-Version X-Openstack-Request-Id: req-0452b2af-bd97-4acd-8a30-b6ae7a2dfb36 X-Compute-Request-Id: req-0452b2af-bd97-4acd-8a30-b6ae7a2dfb36 Date: Thu, 13 Sep 2018 04:29:22 GMT Connection: keep-alive 
RESP BODY: {"events": [{"status": "completed", "tag": "8326ca5e-c46a-4788-95c3-92cf8aa0ebce", "name": "network-changed", "server_uuid": "9176af33-f411-408f-939c-873bb7429259", "code": 200}]}
 _http_log_response /usr/lib/python2.7/site-packages/keystoneauth1/session.py:423
2018-09-13 00:29:22.985 22356 DEBUG novaclient.v2.client [-] POST call to compute for http://10.0.20.20:8774/v2.1/4eeeddb45ad446a68ed4de7bd550932a/os-server-external-events used request id req-0452b2af-bd97-4acd-8a30-b6ae7a2dfb36 request /usr/lib/python2.7/site-packages/keystoneauth1/session.py:727
2018-09-13 00:29:22.986 22356 INFO neutron.notifiers.nova [-] Nova event response: {u'status': u'completed', u'tag': u'8326ca5e-c46a-4788-95c3-92cf8aa0ebce', u'name': u'network-changed', u'server_uuid': u'9176af33-f411-408f-939c-873bb7429259', u'code': 200}
2018-09-13 00:29:23.057 22356 INFO neutron.wsgi [req-63c490bc-0c11-402e-b5e7-1df024bd178b 23e04251e35a4af8836d799cdbc6c009 4eeeddb45ad446a68ed4de7bd550932a - default default] 10.0.20.20 "GET /v2.0/ports?tenant_id=4a18aaa21843494eb985e6059213a90a&device_id=9176af33-f411-408f-939c-873bb7429259 HTTP/1.1" status: 200  len: 1124 time: 0.7134831
2018-09-13 00:29:23.231 22360 INFO neutron.wsgi [req-84b0bd28-bf9b-479a-be6e-ff09101bae60 23e04251e35a4af8836d799cdbc6c009 4eeeddb45ad446a68ed4de7bd550932a - default default] 10.0.20.20 "GET /v2.0/ports?tenant_id=4a18aaa21843494eb985e6059213a90a&device_id=9176af33-f411-408f-939c-873bb7429259 HTTP/1.1" status: 200  len: 1124 time: 0.1921151
2018-09-13 00:29:23.558 22360 DEBUG neutron.pecan_wsgi.hooks.policy_enforcement [req-c01b02ee-dbb3-4338-83bc-65ddc80eb497 23e04251e35a4af8836d799cdbc6c009 4eeeddb45ad446a68ed4de7bd550932a - default default] Attributes excluded by policy engine: [u'vlan_transparent'] _exclude_attributes_by_policy /usr/lib/python2.7/site-packages/neutron/pecan_wsgi/hooks/policy_enforcement.py:256
2018-09-13 00:29:23.563 22360 INFO neutron.wsgi [req-c01b02ee-dbb3-4338-83bc-65ddc80eb497 23e04251e35a4af8836d799cdbc6c009 4eeeddb45ad446a68ed4de7bd550932a - default default] 10.0.20.20 "GET /v2.0/networks?id=183bf78b-95d0-4003-abef-029c37727b20 HTTP/1.1" status: 200  len: 885 time: 0.3205948
2018-09-13 00:29:23.637 22360 INFO neutron.wsgi [req-6a2ae60b-68c5-45d0-b84a-e1107e6f17d4 23e04251e35a4af8836d799cdbc6c009 4eeeddb45ad446a68ed4de7bd550932a - default default] 10.0.20.20 "GET /v2.0/floatingips?fixed_ip_address=11.18.1.12&port_id=8326ca5e-c46a-4788-95c3-92cf8aa0ebce HTTP/1.1" status: 200  len: 750 time: 0.0632420
2018-09-13 00:29:23.647 22356 DEBUG neutron.pecan_wsgi.hooks.policy_enforcement [req-1433eb6a-c714-4f05-a60c-cd1500a8b831 23e04251e35a4af8836d799cdbc6c009 4eeeddb45ad446a68ed4de7bd550932a - default default] Attributes excluded by policy engine: [u'vlan_transparent'] _exclude_attributes_by_policy /usr/lib/python2.7/site-packages/neutron/pecan_wsgi/hooks/policy_enforcement.py:256
2018-09-13 00:29:23.652 22356 INFO neutron.wsgi [req-1433eb6a-c714-4f05-a60c-cd1500a8b831 23e04251e35a4af8836d799cdbc6c009 4eeeddb45ad446a68ed4de7bd550932a - default default] 10.0.20.20 "GET /v2.0/networks?id=183bf78b-95d0-4003-abef-029c37727b20 HTTP/1.1" status: 200  len: 885 time: 0.5835810
2018-09-13 00:29:23.710 22356 INFO neutron.wsgi [req-e04d0fd4-8527-4569-aedd-b93199d8b4fc 23e04251e35a4af8836d799cdbc6c009 4eeeddb45ad446a68ed4de7bd550932a - default default] 10.0.20.20 "GET /v2.0/floatingips?fixed_ip_address=11.18.1.12&port_id=8326ca5e-c46a-4788-95c3-92cf8aa0ebce HTTP/1.1" status: 200  len: 750 time: 0.0465221
2018-09-13 00:29:23.853 22360 DEBUG neutron.pecan_wsgi.hooks.policy_enforcement [req-1565799e-04cd-4714-ab14-50728c7a3158 23e04251e35a4af8836d799cdbc6c009 4eeeddb45ad446a68ed4de7bd550932a - default default] Attributes excluded by policy engine: [u'shared'] _exclude_attributes_by_policy /usr/lib/python2.7/site-packages/neutron/pecan_wsgi/hooks/policy_enforcement.py:256
2018-09-13 00:29:23.858 22360 INFO neutron.wsgi [req-1565799e-04cd-4714-ab14-50728c7a3158 23e04251e35a4af8836d799cdbc6c009 4eeeddb45ad446a68ed4de7bd550932a - default default] 10.0.20.20 "GET /v2.0/subnets?id=0d9f93e3-7dd7-4351-87fc-10cf79eb3efa HTTP/1.1" status: 200  len: 843 time: 0.2102120
2018-09-13 00:29:23.926 22356 DEBUG neutron.pecan_wsgi.hooks.policy_enforcement [req-b76c8eaf-266a-4422-9bf8-bb40b2fb88a4 23e04251e35a4af8836d799cdbc6c009 4eeeddb45ad446a68ed4de7bd550932a - default default] Attributes excluded by policy engine: [u'shared'] _exclude_attributes_by_policy /usr/lib/python2.7/site-packages/neutron/pecan_wsgi/hooks/policy_enforcement.py:256
2018-09-13 00:29:23.931 22356 INFO neutron.wsgi [req-b76c8eaf-266a-4422-9bf8-bb40b2fb88a4 23e04251e35a4af8836d799cdbc6c009 4eeeddb45ad446a68ed4de7bd550932a - default default] 10.0.20.20 "GET /v2.0/subnets?id=0d9f93e3-7dd7-4351-87fc-10cf79eb3efa HTTP/1.1" status: 200  len: 843 time: 0.2109158
2018-09-13 00:29:24.122 22356 INFO neutron.wsgi [req-1af13d16-0e64-4f2a-8a63-50698a224c17 23e04251e35a4af8836d799cdbc6c009 4eeeddb45ad446a68ed4de7bd550932a - default default] 10.0.20.20 "GET /v2.0/ports?network_id=183bf78b-95d0-4003-abef-029c37727b20&device_owner=network%3Adhcp HTTP/1.1" status: 200  len: 1127 time: 0.1760700
2018-09-13 00:29:24.373 22360 INFO neutron.wsgi [req-8e52796b-c183-4c02-834b-6b5d13169824 23e04251e35a4af8836d799cdbc6c009 4eeeddb45ad446a68ed4de7bd550932a - default default] 10.0.20.20 "GET /v2.0/ports?network_id=183bf78b-95d0-4003-abef-029c37727b20&device_owner=network%3Adhcp HTTP/1.1" status: 200  len: 1127 time: 0.5039029
2018-09-13 00:29:24.988 22356 DEBUG oslo_concurrency.lockutils [-] Lock "notifier-dd96ef63-ae87-4992-97f6-596aa21209c7" released by "neutron.notifiers.batch_notifier.synced_send" :: held 4.057s inner /usr/lib/python2.7/site-packages/oslo_concurrency/lockutils.py:282
2018-09-13 00:29:25.899 22356 DEBUG neutron.wsgi [-] (22356) accepted ('10.0.20.20', 48644) server /usr/lib/python2.7/site-packages/eventlet/wsgi.py:883
2018-09-13 00:29:26.424 22356 INFO neutron.wsgi [req-6a221282-741e-454b-8aa6-44ca548634f7 23e04251e35a4af8836d799cdbc6c009 4eeeddb45ad446a68ed4de7bd550932a - default default] 10.0.20.20 "GET /v2.0/ports?device_id=9176af33-f411-408f-939c-873bb7429259 HTTP/1.1" status: 200  len: 1124 time: 0.5218272
2018-09-13 00:29:26.584 22356 INFO neutron.wsgi [req-2d670ebc-8c66-4154-9840-60bcf0579076 23e04251e35a4af8836d799cdbc6c009 4eeeddb45ad446a68ed4de7bd550932a - default default] 10.0.20.20 "GET /v2.0/security-groups?id=f71d9788-af73-4d7e-8d06-202a90f529c9 HTTP/1.1" status: 200  len: 2118 time: 0.1468360
2018-09-13 00:29:28.462 22362 INFO neutron.wsgi [req-667bc365-1e68-43c3-b17e-57654f192f8e 23e04251e35a4af8836d799cdbc6c009 4eeeddb45ad446a68ed4de7bd550932a - default default] 10.0.20.20 "GET /v2.0/ports?device_id=9176af33-f411-408f-939c-873bb7429259 HTTP/1.1" status: 200  len: 1124 time: 0.1434889
2018-09-13 00:29:28.607 22362 INFO neutron.wsgi [req-b2e3582e-b3d2-4e83-ae97-54ff6711370e 23e04251e35a4af8836d799cdbc6c009 4eeeddb45ad446a68ed4de7bd550932a - default default] 10.0.20.20 "GET /v2.0/security-groups?id=f71d9788-af73-4d7e-8d06-202a90f529c9 HTTP/1.1" status: 200  len: 2118 time: 0.1368680
2018-09-13 00:29:37.156 22359 DEBUG neutron.wsgi [-] (22359) accepted ('10.0.20.20', 48668) server /usr/lib/python2.7/site-packages/eventlet/wsgi.py:883
2018-09-13 00:29:37.875 22359 WARNING keystonemiddleware.auth_token [-] A valid token was submitted as a service token, but it was not a valid service token. This is incorrect but backwards compatible behaviour. This will be removed in future releases.
2018-09-13 00:29:38.211 22372 DEBUG neutron_lib.callbacks.manager [req-1e35d35f-6570-4fd7-bc4a-86ec2795b516 - - - - -] Notify callbacks ['neutron.services.segments.db._update_segment_host_mapping_for_agent-8777891586068'] for agent, after_update _notify_loop /usr/lib/python2.7/site-packages/neutron_lib/callbacks/manager.py:167
2018-09-13 00:29:38.218 22364 DEBUG neutron_lib.callbacks.manager [req-dfea6a9d-fc8e-49bc-bcb4-f22976109a50 - - - - -] Notify callbacks ['neutron.services.segments.db._update_segment_host_mapping_for_agent-8777891586068'] for agent, after_update _notify_loop /usr/lib/python2.7/site-packages/neutron_lib/callbacks/manager.py:167
2018-09-13 00:29:38.288 22369 DEBUG neutron_lib.callbacks.manager [req-5281f9c8-28d1-4879-b6bc-89c9ab9048b4 - - - - -] Notify callbacks ['neutron.services.segments.db._update_segment_host_mapping_for_agent-8777891586068'] for agent, after_update _notify_loop /usr/lib/python2.7/site-packages/neutron_lib/callbacks/manager.py:167
2018-09-13 00:29:38.567 22359 DEBUG neutron.quota.resource [req-45e27e13-828b-4144-ac70-365ca85f4b8c d3bf663d5ddc46bcae3e6e45330df3e9 4a18aaa21843494eb985e6059213a90a - dcac052d3be04f8c93b3ababc517b30b dcac052d3be04f8c93b3ababc517b30b] Synchronizing usage tracker for tenant:4a18aaa21843494eb985e6059213a90a on resource:port resync /usr/lib/python2.7/site-packages/neutron/quota/resource.py:245
2018-09-13 00:29:38.626 22359 DEBUG neutron.quota.resource [req-45e27e13-828b-4144-ac70-365ca85f4b8c d3bf663d5ddc46bcae3e6e45330df3e9 4a18aaa21843494eb985e6059213a90a - dcac052d3be04f8c93b3ababc517b30b dcac052d3be04f8c93b3ababc517b30b] Unset dirty status for tenant:4a18aaa21843494eb985e6059213a90a on resource:port _resync /usr/lib/python2.7/site-packages/neutron/quota/resource.py:237
2018-09-13 00:29:38.629 22359 INFO neutron.wsgi [req-45e27e13-828b-4144-ac70-365ca85f4b8c d3bf663d5ddc46bcae3e6e45330df3e9 4a18aaa21843494eb985e6059213a90a - dcac052d3be04f8c93b3ababc517b30b dcac052d3be04f8c93b3ababc517b30b] 10.0.20.20 "GET /v2.0/ports?device_id=9176af33-f411-408f-939c-873bb7429259 HTTP/1.1" status: 200  len: 1124 time: 1.4686329
2018-09-13 00:29:38.796 22359 INFO neutron.wsgi [req-5560ca36-65dd-4183-9965-bbd89ff8ebb0 d3bf663d5ddc46bcae3e6e45330df3e9 4a18aaa21843494eb985e6059213a90a - dcac052d3be04f8c93b3ababc517b30b dcac052d3be04f8c93b3ababc517b30b] 10.0.20.20 "GET /v2.0/security-groups?id=f71d9788-af73-4d7e-8d06-202a90f529c9 HTTP/1.1" status: 200  len: 2118 time: 0.1587181
2018-09-13 00:29:38.911 22370 DEBUG neutron_lib.callbacks.manager [req-69cf239e-4e77-45da-8a9f-ff030bffd960 - - - - -] Notify callbacks ['neutron.services.segments.db._update_segment_host_mapping_for_agent-8777891586068'] for agent, after_update _notify_loop /usr/lib/python2.7/site-packages/neutron_lib/callbacks/manager.py:167
2018-09-13 00:29:42.744 22365 DEBUG neutron_lib.callbacks.manager [req-070d24b9-3c69-4e82-8e5f-45cc2d36866c - - - - -] Notify callbacks ['neutron.services.segments.db._update_segment_host_mapping_for_agent-8777891586068'] for agent, after_update _notify_loop /usr/lib/python2.7/site-packages/neutron_lib/callbacks/manager.py:167
2018-09-13 00:29:42.999 22376 DEBUG neutron.db.agents_db [req-a13d4f48-fd78-45e9-83e4-a0ebf7b28343 - - - - -] Agent healthcheck: found 5 active agents agent_health_check /usr/lib/python2.7/site-packages/neutron/db/agents_db.py:281
2018-09-13 00:29:46.962 22360 INFO neutron.wsgi [req-eb110d2e-5ae6-4d7a-b432-ea709b6ee73c 23e04251e35a4af8836d799cdbc6c009 4eeeddb45ad446a68ed4de7bd550932a - default default] 10.0.20.20 "GET /v2.0/ports?tenant_id=4a18aaa21843494eb985e6059213a90a&device_id=9176af33-f411-408f-939c-873bb7429259 HTTP/1.1" status: 200  len: 1124 time: 0.1607769
2018-09-13 00:29:47.214 22360 DEBUG neutron.pecan_wsgi.hooks.policy_enforcement [req-1e2bcbb8-0db3-44cc-b222-bd3a2d2c393f 23e04251e35a4af8836d799cdbc6c009 4eeeddb45ad446a68ed4de7bd550932a - default default] Attributes excluded by policy engine: [u'vlan_transparent'] _exclude_attributes_by_policy /usr/lib/python2.7/site-packages/neutron/pecan_wsgi/hooks/policy_enforcement.py:256
2018-09-13 00:29:47.219 22360 INFO neutron.wsgi [req-1e2bcbb8-0db3-44cc-b222-bd3a2d2c393f 23e04251e35a4af8836d799cdbc6c009 4eeeddb45ad446a68ed4de7bd550932a - default default] 10.0.20.20 "GET /v2.0/networks?id=183bf78b-95d0-4003-abef-029c37727b20 HTTP/1.1" status: 200  len: 885 time: 0.2465739
2018-09-13 00:29:47.281 22360 INFO neutron.wsgi [req-bf0d08d8-879f-43d3-b3db-a9bd917bf326 23e04251e35a4af8836d799cdbc6c009 4eeeddb45ad446a68ed4de7bd550932a - default default] 10.0.20.20 "GET /v2.0/floatingips?fixed_ip_address=11.18.1.12&port_id=8326ca5e-c46a-4788-95c3-92cf8aa0ebce HTTP/1.1" status: 200  len: 750 time: 0.0528648
2018-09-13 00:29:47.475 22360 DEBUG neutron.pecan_wsgi.hooks.policy_enforcement [req-f2b6873d-ee2a-4967-a28f-f9709f0f04a7 23e04251e35a4af8836d799cdbc6c009 4eeeddb45ad446a68ed4de7bd550932a - default default] Attributes excluded by policy engine: [u'shared'] _exclude_attributes_by_policy /usr/lib/python2.7/site-packages/neutron/pecan_wsgi/hooks/policy_enforcement.py:256
2018-09-13 00:29:47.478 22360 INFO neutron.wsgi [req-f2b6873d-ee2a-4967-a28f-f9709f0f04a7 23e04251e35a4af8836d799cdbc6c009 4eeeddb45ad446a68ed4de7bd550932a - default default] 10.0.20.20 "GET /v2.0/subnets?id=0d9f93e3-7dd7-4351-87fc-10cf79eb3efa HTTP/1.1" status: 200  len: 843 time: 0.1892970
2018-09-13 00:29:47.654 22360 INFO neutron.wsgi [req-b9359a2e-8a3f-41fa-8e20-9d30df9ffab5 23e04251e35a4af8836d799cdbc6c009 4eeeddb45ad446a68ed4de7bd550932a - default default] 10.0.20.20 "GET /v2.0/ports?network_id=183bf78b-95d0-4003-abef-029c37727b20&device_owner=network%3Adhcp HTTP/1.1" status: 200  len: 1127 time: 0.1641181
2018-09-13 00:30:07.295 22359 INFO neutron.wsgi [req-a425bbe8-d9b0-4506-be4c-a3a8e43d8522 d3bf663d5ddc46bcae3e6e45330df3e9 4a18aaa21843494eb985e6059213a90a - dcac052d3be04f8c93b3ababc517b30b dcac052d3be04f8c93b3ababc517b30b] 10.0.20.20 "GET /v2.0/ports?device_id=9176af33-f411-408f-939c-873bb7429259 HTTP/1.1" status: 200  len: 1124 time: 1.0071030
2018-09-13 00:30:07.395 22359 INFO neutron.wsgi [req-db89c7be-7993-4850-bf9e-b55c67bbd8b1 d3bf663d5ddc46bcae3e6e45330df3e9 4a18aaa21843494eb985e6059213a90a - dcac052d3be04f8c93b3ababc517b30b dcac052d3be04f8c93b3ababc517b30b] 10.0.20.20 "GET /v2.0/security-groups?id=f71d9788-af73-4d7e-8d06-202a90f529c9 HTTP/1.1" status: 200  len: 2118 time: 0.0938070
2018-09-13 00:30:08.230 22373 DEBUG neutron_lib.callbacks.manager [req-e0da4d4a-0198-4321-8e61-21176f7a99f3 - - - - -] Notify callbacks ['neutron.services.segments.db._update_segment_host_mapping_for_agent-8777891586068'] for agent, after_update _notify_loop /usr/lib/python2.7/site-packages/neutron_lib/callbacks/manager.py:167
2018-09-13 00:30:08.236 22374 DEBUG neutron_lib.callbacks.manager [req-dfea6a9d-fc8e-49bc-bcb4-f22976109a50 - - - - -] Notify callbacks ['neutron.services.segments.db._update_segment_host_mapping_for_agent-8777891586068'] for agent, after_update _notify_loop /usr/lib/python2.7/site-packages/neutron_lib/callbacks/manager.py:167
2018-09-13 00:30:08.308 22367 DEBUG neutron_lib.callbacks.manager [req-5281f9c8-28d1-4879-b6bc-89c9ab9048b4 - - - - -] Notify callbacks ['neutron.services.segments.db._update_segment_host_mapping_for_agent-8777891586068'] for agent, after_update _notify_loop /usr/lib/python2.7/site-packages/neutron_lib/callbacks/manager.py:167
2018-09-13 00:30:08.929 22366 DEBUG neutron_lib.callbacks.manager [req-1381bcba-4350-485f-b999-697cf2420ec9 - - - - -] Notify callbacks ['neutron.services.segments.db._update_segment_host_mapping_for_agent-8777891586068'] for agent, after_update _notify_loop /usr/lib/python2.7/site-packages/neutron_lib/callbacks/manager.py:167
2018-09-13 00:30:12.739 22372 DEBUG neutron_lib.callbacks.manager [req-070d24b9-3c69-4e82-8e5f-45cc2d36866c - - - - -] Notify callbacks ['neutron.services.segments.db._update_segment_host_mapping_for_agent-8777891586068'] for agent, after_update _notify_loop /usr/lib/python2.7/site-packages/neutron_lib/callbacks/manager.py:167
2018-09-13 00:30:20.003 22376 DEBUG neutron.db.agents_db [req-a13d4f48-fd78-45e9-83e4-a0ebf7b28343 - - - - -] Agent healthcheck: found 5 active agents agent_health_check /usr/lib/python2.7/site-packages/neutron/db/agents_db.py:281
2018-09-13 00:30:22.353 22359 DEBUG neutron.wsgi [-] (22359) accepted ('10.0.20.20', 49792) server /usr/lib/python2.7/site-packages/eventlet/wsgi.py:883
2018-09-13 00:30:23.681 22359 INFO neutron.wsgi [req-cbe1f2a8-c041-4444-bc87-287dfe8b593d d3bf663d5ddc46bcae3e6e45330df3e9 4a18aaa21843494eb985e6059213a90a - dcac052d3be04f8c93b3ababc517b30b dcac052d3be04f8c93b3ababc517b30b] 10.0.20.20 "GET /v2.0/ports?device_id=9176af33-f411-408f-939c-873bb7429259 HTTP/1.1" status: 200  len: 1124 time: 1.3251998
2018-09-13 00:30:23.838 22359 INFO neutron.wsgi [req-8a2f3768-8c35-492d-898e-9ead10e7e3df d3bf663d5ddc46bcae3e6e45330df3e9 4a18aaa21843494eb985e6059213a90a - dcac052d3be04f8c93b3ababc517b30b dcac052d3be04f8c93b3ababc517b30b] 10.0.20.20 "GET /v2.0/security-groups?id=f71d9788-af73-4d7e-8d06-202a90f529c9 HTTP/1.1" status: 200  len: 2118 time: 0.1455870
2018-09-13 00:30:38.232 22364 DEBUG neutron_lib.callbacks.manager [req-33090863-39ff-4999-863c-385928ff8d8b - - - - -] Notify callbacks ['neutron.services.segments.db._update_segment_host_mapping_for_agent-8777891586068'] for agent, after_update _notify_loop /usr/lib/python2.7/site-packages/neutron_lib/callbacks/manager.py:167
2018-09-13 00:30:38.248 22369 DEBUG neutron_lib.callbacks.manager [req-dfea6a9d-fc8e-49bc-bcb4-f22976109a50 - - - - -] Notify callbacks ['neutron.services.segments.db._update_segment_host_mapping_for_agent-8777891586068'] for agent, after_update _notify_loop /usr/lib/python2.7/site-packages/neutron_lib/callbacks/manager.py:167
2018-09-13 00:30:38.320 22370 DEBUG neutron_lib.callbacks.manager [req-5281f9c8-28d1-4879-b6bc-89c9ab9048b4 - - - - -] Notify callbacks ['neutron.services.segments.db._update_segment_host_mapping_for_agent-8777891586068'] for agent, after_update _notify_loop /usr/lib/python2.7/site-packages/neutron_lib/callbacks/manager.py:167
2018-09-13 00:30:38.935 22365 DEBUG neutron_lib.callbacks.manager [req-e30163af-f376-4c19-9e25-b96944d664d3 - - - - -] Notify callbacks ['neutron.services.segments.db._update_segment_host_mapping_for_agent-8777891586068'] for agent, after_update _notify_loop /usr/lib/python2.7/site-packages/neutron_lib/callbacks/manager.py:167
2018-09-13 00:30:41.694 22356 INFO neutron.wsgi [req-c614f726-1eca-470b-80ac-58a510350537 d3bf663d5ddc46bcae3e6e45330df3e9 4a18aaa21843494eb985e6059213a90a - dcac052d3be04f8c93b3ababc517b30b dcac052d3be04f8c93b3ababc517b30b] 10.0.20.20 "GET /v2.0/ports?device_id=9176af33-f411-408f-939c-873bb7429259 HTTP/1.1" status: 200  len: 1124 time: 0.8738160
2018-09-13 00:30:41.881 22356 INFO neutron.wsgi [req-a09fc31d-30a4-4e27-b621-2d5d9c10770f d3bf663d5ddc46bcae3e6e45330df3e9 4a18aaa21843494eb985e6059213a90a - dcac052d3be04f8c93b3ababc517b30b dcac052d3be04f8c93b3ababc517b30b] 10.0.20.20 "GET /v2.0/security-groups?id=f71d9788-af73-4d7e-8d06-202a90f529c9 HTTP/1.1" status: 200  len: 2118 time: 0.1765380
2018-09-13 00:30:42.763 22373 DEBUG neutron_lib.callbacks.manager [req-070d24b9-3c69-4e82-8e5f-45cc2d36866c - - - - -] Notify callbacks ['neutron.services.segments.db._update_segment_host_mapping_for_agent-8777891586068'] for agent, after_update _notify_loop /usr/lib/python2.7/site-packages/neutron_lib/callbacks/manager.py:167
2018-09-13 00:30:48.086 22360 INFO neutron.wsgi [req-81dc4d26-8393-4dae-8567-0c283cb10f56 23e04251e35a4af8836d799cdbc6c009 4eeeddb45ad446a68ed4de7bd550932a - default default] 10.0.20.20 "GET /v2.0/ports?tenant_id=4a18aaa21843494eb985e6059213a90a&device_id=9176af33-f411-408f-939c-873bb7429259 HTTP/1.1" status: 200  len: 1124 time: 0.2014010
2018-09-13 00:30:48.394 22360 DEBUG neutron.pecan_wsgi.hooks.policy_enforcement [req-61b9226b-c710-4cf5-9761-d8274d38935d 23e04251e35a4af8836d799cdbc6c009 4eeeddb45ad446a68ed4de7bd550932a - default default] Attributes excluded by policy engine: [u'vlan_transparent'] _exclude_attributes_by_policy /usr/lib/python2.7/site-packages/neutron/pecan_wsgi/hooks/policy_enforcement.py:256
2018-09-13 00:30:48.400 22360 INFO neutron.wsgi [req-61b9226b-c710-4cf5-9761-d8274d38935d 23e04251e35a4af8836d799cdbc6c009 4eeeddb45ad446a68ed4de7bd550932a - default default] 10.0.20.20 "GET /v2.0/networks?id=183bf78b-95d0-4003-abef-029c37727b20 HTTP/1.1" status: 200  len: 885 time: 0.3060958
2018-09-13 00:30:48.451 22360 INFO neutron.wsgi [req-6a747180-67c4-45ae-993b-665e76cd18e4 23e04251e35a4af8836d799cdbc6c009 4eeeddb45ad446a68ed4de7bd550932a - default default] 10.0.20.20 "GET /v2.0/floatingips?fixed_ip_address=11.18.1.12&port_id=8326ca5e-c46a-4788-95c3-92cf8aa0ebce HTTP/1.1" status: 200  len: 750 time: 0.0415840
2018-09-13 00:30:48.630 22360 DEBUG neutron.pecan_wsgi.hooks.policy_enforcement [req-5d1a6f99-8f7b-4e8a-80ef-03900ec77d4d 23e04251e35a4af8836d799cdbc6c009 4eeeddb45ad446a68ed4de7bd550932a - default default] Attributes excluded by policy engine: [u'shared'] _exclude_attributes_by_policy /usr/lib/python2.7/site-packages/neutron/pecan_wsgi/hooks/policy_enforcement.py:256
2018-09-13 00:30:48.633 22360 INFO neutron.wsgi [req-5d1a6f99-8f7b-4e8a-80ef-03900ec77d4d 23e04251e35a4af8836d799cdbc6c009 4eeeddb45ad446a68ed4de7bd550932a - default default] 10.0.20.20 "GET /v2.0/subnets?id=0d9f93e3-7dd7-4351-87fc-10cf79eb3efa HTTP/1.1" status: 200  len: 843 time: 0.1742120
2018-09-13 00:30:48.783 22360 INFO neutron.wsgi [req-2afa4ffe-7a9a-4fcf-b5d9-18c2721b23a2 23e04251e35a4af8836d799cdbc6c009 4eeeddb45ad446a68ed4de7bd550932a - default default] 10.0.20.20 "GET /v2.0/ports?network_id=183bf78b-95d0-4003-abef-029c37727b20&device_owner=network%3Adhcp HTTP/1.1" status: 200  len: 1127 time: 0.1407528
2018-09-13 00:30:53.590 22359 INFO neutron.wsgi [req-a734bbec-e814-4c2d-99c0-b99c369e4d15 d3bf663d5ddc46bcae3e6e45330df3e9 4a18aaa21843494eb985e6059213a90a - dcac052d3be04f8c93b3ababc517b30b dcac052d3be04f8c93b3ababc517b30b] 10.0.20.20 "GET /v2.0/ports?device_id=9176af33-f411-408f-939c-873bb7429259 HTTP/1.1" status: 200  len: 1124 time: 0.8176172
2018-09-13 00:30:53.735 22359 INFO neutron.wsgi [req-d989bb30-8f1b-4985-aaec-0e351074e638 d3bf663d5ddc46bcae3e6e45330df3e9 4a18aaa21843494eb985e6059213a90a - dcac052d3be04f8c93b3ababc517b30b dcac052d3be04f8c93b3ababc517b30b] 10.0.20.20 "GET /v2.0/security-groups?id=f71d9788-af73-4d7e-8d06-202a90f529c9 HTTP/1.1" status: 200  len: 2118 time: 0.1345870
2018-09-13 00:30:57.016 22376 DEBUG neutron.db.agents_db [req-a13d4f48-fd78-45e9-83e4-a0ebf7b28343 - - - - -] Agent healthcheck: found 5 active agents agent_health_check /usr/lib/python2.7/site-packages/neutron/db/agents_db.py:281
2018-09-13 00:31:08.000 22359 INFO neutron.wsgi [req-7decfcf1-7d3a-4b04-b7d5-adebf73b9c25 d3bf663d5ddc46bcae3e6e45330df3e9 4a18aaa21843494eb985e6059213a90a - dcac052d3be04f8c93b3ababc517b30b dcac052d3be04f8c93b3ababc517b30b] 10.0.20.20 "GET /v2.0/ports?device_id=9176af33-f411-408f-939c-873bb7429259 HTTP/1.1" status: 200  len: 1124 time: 0.7490139
2018-09-13 00:31:08.156 22359 INFO neutron.wsgi [req-e2650401-9254-4346-b1c4-cf4e3a88fed5 d3bf663d5ddc46bcae3e6e45330df3e9 4a18aaa21843494eb985e6059213a90a - dcac052d3be04f8c93b3ababc517b30b dcac052d3be04f8c93b3ababc517b30b] 10.0.20.20 "GET /v2.0/security-groups?id=f71d9788-af73-4d7e-8d06-202a90f529c9 HTTP/1.1" status: 200  len: 2118 time: 0.1470780
2018-09-13 00:31:08.213 22374 DEBUG neutron_lib.callbacks.manager [req-bf99630e-955a-4ce7-889d-cc91b90b194a - - - - -] Notify callbacks ['neutron.services.segments.db._update_segment_host_mapping_for_agent-8777891586068'] for agent, after_update _notify_loop /usr/lib/python2.7/site-packages/neutron_lib/callbacks/manager.py:167
2018-09-13 00:31:08.227 22367 DEBUG neutron_lib.callbacks.manager [req-dfea6a9d-fc8e-49bc-bcb4-f22976109a50 - - - - -] Notify callbacks ['neutron.services.segments.db._update_segment_host_mapping_for_agent-8777891586068'] for agent, after_update _notify_loop /usr/lib/python2.7/site-packages/neutron_lib/callbacks/manager.py:167
2018-09-13 00:31:08.301 22366 DEBUG neutron_lib.callbacks.manager [req-5281f9c8-28d1-4879-b6bc-89c9ab9048b4 - - - - -] Notify callbacks ['neutron.services.segments.db._update_segment_host_mapping_for_agent-8777891586068'] for agent, after_update _notify_loop /usr/lib/python2.7/site-packages/neutron_lib/callbacks/manager.py:167
2018-09-13 00:31:08.924 22372 DEBUG neutron_lib.callbacks.manager [req-8404aac4-f28e-473b-a16a-4f5d026b127a - - - - -] Notify callbacks ['neutron.services.segments.db._update_segment_host_mapping_for_agent-8777891586068'] for agent, after_update _notify_loop /usr/lib/python2.7/site-packages/neutron_lib/callbacks/manager.py:167
2018-09-13 00:31:12.799 22364 DEBUG neutron_lib.callbacks.manager [req-070d24b9-3c69-4e82-8e5f-45cc2d36866c - - - - -] Notify callbacks ['neutron.services.segments.db._update_segment_host_mapping_for_agent-8777891586068'] for agent, after_update _notify_loop /usr/lib/python2.7/site-packages/neutron_lib/callbacks/manager.py:167
2018-09-13 00:31:23.721 22359 INFO neutron.wsgi [req-4aa7cc77-4697-4dde-a469-e6df5a11c49f d3bf663d5ddc46bcae3e6e45330df3e9 4a18aaa21843494eb985e6059213a90a - dcac052d3be04f8c93b3ababc517b30b dcac052d3be04f8c93b3ababc517b30b] 10.0.20.20 "GET /v2.0/ports?device_id=9176af33-f411-408f-939c-873bb7429259 HTTP/1.1" status: 200  len: 1124 time: 0.8469710
2018-09-13 00:31:23.857 22359 INFO neutron.wsgi [req-9eae9395-2b93-4e36-8b1c-80a237a3f240 d3bf663d5ddc46bcae3e6e45330df3e9 4a18aaa21843494eb985e6059213a90a - dcac052d3be04f8c93b3ababc517b30b dcac052d3be04f8c93b3ababc517b30b] 10.0.20.20 "GET /v2.0/security-groups?id=f71d9788-af73-4d7e-8d06-202a90f529c9 HTTP/1.1" status: 200  len: 2118 time: 0.1266530
2018-09-13 00:31:34.020 22376 DEBUG neutron.db.agents_db [req-a13d4f48-fd78-45e9-83e4-a0ebf7b28343 - - - - -] Agent healthcheck: found 5 active agents agent_health_check /usr/lib/python2.7/site-packages/neutron/db/agents_db.py:281
2018-09-13 00:31:38.195 22369 DEBUG neutron_lib.callbacks.manager [req-52d00e65-cb0c-4212-98b0-6c5069208093 - - - - -] Notify callbacks ['neutron.services.segments.db._update_segment_host_mapping_for_agent-8777891586068'] for agent, after_update _notify_loop /usr/lib/python2.7/site-packages/neutron_lib/callbacks/manager.py:167
2018-09-13 00:31:38.208 22370 DEBUG neutron_lib.callbacks.manager [req-dfea6a9d-fc8e-49bc-bcb4-f22976109a50 - - - - -] Notify callbacks ['neutron.services.segments.db._update_segment_host_mapping_for_agent-8777891586068'] for agent, after_update _notify_loop /usr/lib/python2.7/site-packages/neutron_lib/callbacks/manager.py:167
2018-09-13 00:31:38.302 22365 DEBUG neutron_lib.callbacks.manager [req-5281f9c8-28d1-4879-b6bc-89c9ab9048b4 - - - - -] Notify callbacks ['neutron.services.segments.db._update_segment_host_mapping_for_agent-8777891586068'] for agent, after_update _notify_loop /usr/lib/python2.7/site-packages/neutron_lib/callbacks/manager.py:167
2018-09-13 00:31:38.922 22373 DEBUG neutron_lib.callbacks.manager [req-172f2edf-d6a9-4f5d-b15b-5e6b5e361ac9 - - - - -] Notify callbacks ['neutron.services.segments.db._update_segment_host_mapping_for_agent-8777891586068'] for agent, after_update _notify_loop /usr/lib/python2.7/site-packages/neutron_lib/callbacks/manager.py:167
2018-09-13 00:31:40.315 22359 DEBUG neutron.wsgi [-] (22359) accepted ('10.0.20.20', 50920) server /usr/lib/python2.7/site-packages/eventlet/wsgi.py:883
2018-09-13 00:31:41.698 22359 INFO neutron.wsgi [req-8e867c9d-b949-4485-a292-bdf9351873b2 d3bf663d5ddc46bcae3e6e45330df3e9 4a18aaa21843494eb985e6059213a90a - dcac052d3be04f8c93b3ababc517b30b dcac052d3be04f8c93b3ababc517b30b] 10.0.20.20 "GET /v2.0/ports?device_id=9176af33-f411-408f-939c-873bb7429259 HTTP/1.1" status: 200  len: 1124 time: 1.3809700
2018-09-13 00:31:41.879 22359 INFO neutron.wsgi [req-6e3d5f3e-35dc-4560-897a-1821391c29ba d3bf663d5ddc46bcae3e6e45330df3e9 4a18aaa21843494eb985e6059213a90a - dcac052d3be04f8c93b3ababc517b30b dcac052d3be04f8c93b3ababc517b30b] 10.0.20.20 "GET /v2.0/security-groups?id=f71d9788-af73-4d7e-8d06-202a90f529c9 HTTP/1.1" status: 200  len: 2118 time: 0.1693041
2018-09-13 00:31:42.534 22359 INFO neutron.wsgi [req-99038eaa-f5e1-455a-a4bb-227c2d268339 55b191cca8cc468d8e5831144e357a76 4eeeddb45ad446a68ed4de7bd550932a - default default] 10.0.20.20 "GET /v2.0/ports?device_id=9176af33-f411-408f-939c-873bb7429259 HTTP/1.1" status: 200  len: 1124 time: 0.8794699
2018-09-13 00:31:42.718 22359 INFO neutron.wsgi [req-f10dd084-f805-4233-b5c0-4830e7fbbabe 55b191cca8cc468d8e5831144e357a76 4eeeddb45ad446a68ed4de7bd550932a - default default] 10.0.20.20 "GET /v2.0/security-groups?id=f71d9788-af73-4d7e-8d06-202a90f529c9 HTTP/1.1" status: 200  len: 2118 time: 0.1740181
2018-09-13 00:31:42.756 22374 DEBUG neutron_lib.callbacks.manager [req-070d24b9-3c69-4e82-8e5f-45cc2d36866c - - - - -] Notify callbacks ['neutron.services.segments.db._update_segment_host_mapping_for_agent-8777891586068'] for agent, after_update _notify_loop /usr/lib/python2.7/site-packages/neutron_lib/callbacks/manager.py:167
2018-09-13 00:31:43.721 22356 INFO neutron.wsgi [req-de7126db-2147-4daa-a105-ea1f26bedeee 55b191cca8cc468d8e5831144e357a76 4eeeddb45ad446a68ed4de7bd550932a - default default] 10.0.20.20 "GET /v2.0/ports?device_id=9176af33-f411-408f-939c-873bb7429259 HTTP/1.1" status: 200  len: 1124 time: 1.0300770
2018-09-13 00:31:43.928 22356 INFO neutron.wsgi [req-6c02fd4f-80eb-442d-8750-3c1222df0f80 55b191cca8cc468d8e5831144e357a76 4eeeddb45ad446a68ed4de7bd550932a - default default] 10.0.20.20 "GET /v2.0/security-groups?id=f71d9788-af73-4d7e-8d06-202a90f529c9 HTTP/1.1" status: 200  len: 2118 time: 0.1954560
2018-09-13 00:31:49.101 22360 INFO neutron.wsgi [req-6a8e7b15-c902-4251-a412-186ffc2d11d2 23e04251e35a4af8836d799cdbc6c009 4eeeddb45ad446a68ed4de7bd550932a - default default] 10.0.20.20 "GET /v2.0/ports?tenant_id=4a18aaa21843494eb985e6059213a90a&device_id=9176af33-f411-408f-939c-873bb7429259 HTTP/1.1" status: 200  len: 1124 time: 0.2434580
2018-09-13 00:31:49.574 22360 DEBUG neutron.pecan_wsgi.hooks.policy_enforcement [req-fe01f483-9681-4745-96dd-a43892e0ac70 23e04251e35a4af8836d799cdbc6c009 4eeeddb45ad446a68ed4de7bd550932a - default default] Attributes excluded by policy engine: [u'vlan_transparent'] _exclude_attributes_by_policy /usr/lib/python2.7/site-packages/neutron/pecan_wsgi/hooks/policy_enforcement.py:256
2018-09-13 00:31:49.580 22360 INFO neutron.wsgi [req-fe01f483-9681-4745-96dd-a43892e0ac70 23e04251e35a4af8836d799cdbc6c009 4eeeddb45ad446a68ed4de7bd550932a - default default] 10.0.20.20 "GET /v2.0/networks?id=183bf78b-95d0-4003-abef-029c37727b20 HTTP/1.1" status: 200  len: 885 time: 0.4633081
2018-09-13 00:31:49.660 22360 INFO neutron.wsgi [req-975bbc43-5f37-4dba-af48-593cc888849f 23e04251e35a4af8836d799cdbc6c009 4eeeddb45ad446a68ed4de7bd550932a - default default] 10.0.20.20 "GET /v2.0/floatingips?fixed_ip_address=11.18.1.12&port_id=8326ca5e-c46a-4788-95c3-92cf8aa0ebce HTTP/1.1" status: 200  len: 750 time: 0.0695801
2018-09-13 00:31:49.863 22360 DEBUG neutron.pecan_wsgi.hooks.policy_enforcement [req-9ee8a896-c3d5-4595-94ef-2794b27eb1f9 23e04251e35a4af8836d799cdbc6c009 4eeeddb45ad446a68ed4de7bd550932a - default default] Attributes excluded by policy engine: [u'shared'] _exclude_attributes_by_policy /usr/lib/python2.7/site-packages/neutron/pecan_wsgi/hooks/policy_enforcement.py:256
2018-09-13 00:31:49.866 22360 INFO neutron.wsgi [req-9ee8a896-c3d5-4595-94ef-2794b27eb1f9 23e04251e35a4af8836d799cdbc6c009 4eeeddb45ad446a68ed4de7bd550932a - default default] 10.0.20.20 "GET /v2.0/subnets?id=0d9f93e3-7dd7-4351-87fc-10cf79eb3efa HTTP/1.1" status: 200  len: 843 time: 0.1942959
2018-09-13 00:31:49.995 22360 INFO neutron.wsgi [req-571376d5-992c-49c7-b90d-96b1c8364c09 23e04251e35a4af8836d799cdbc6c009 4eeeddb45ad446a68ed4de7bd550932a - default default] 10.0.20.20 "GET /v2.0/ports?network_id=183bf78b-95d0-4003-abef-029c37727b20&device_owner=network%3Adhcp HTTP/1.1" status: 200  len: 1127 time: 0.1233420
2018-09-13 00:31:57.043 22359 INFO neutron.wsgi [req-ee17c0f7-0df3-47cd-8018-4cafc4b4c84e d3bf663d5ddc46bcae3e6e45330df3e9 4a18aaa21843494eb985e6059213a90a - dcac052d3be04f8c93b3ababc517b30b dcac052d3be04f8c93b3ababc517b30b] 10.0.20.20 "GET /v2.0/ports?device_id=9176af33-f411-408f-939c-873bb7429259 HTTP/1.1" status: 200  len: 1124 time: 0.8277740
2018-09-13 00:31:57.211 22359 INFO neutron.wsgi [req-d690e4df-e5ee-4686-af50-a9bd0377cba4 d3bf663d5ddc46bcae3e6e45330df3e9 4a18aaa21843494eb985e6059213a90a - dcac052d3be04f8c93b3ababc517b30b dcac052d3be04f8c93b3ababc517b30b] 10.0.20.20 "GET /v2.0/security-groups?id=f71d9788-af73-4d7e-8d06-202a90f529c9 HTTP/1.1" status: 200  len: 2118 time: 0.1582510
2018-09-13 00:31:58.142 22360 INFO neutron.wsgi [req-9f96bb28-d8c5-4583-b19f-5babe7e1b892 23e04251e35a4af8836d799cdbc6c009 4eeeddb45ad446a68ed4de7bd550932a - default default] 10.0.20.20 "GET /v2.0/ports?tenant_id=4a18aaa21843494eb985e6059213a90a&device_id=9176af33-f411-408f-939c-873bb7429259 HTTP/1.1" status: 200  len: 1124 time: 0.1939590
2018-09-13 00:31:58.463 22360 DEBUG neutron.pecan_wsgi.hooks.policy_enforcement [req-a1685921-141a-4f90-b4a8-6d4865728cd8 23e04251e35a4af8836d799cdbc6c009 4eeeddb45ad446a68ed4de7bd550932a - default default] Attributes excluded by policy engine: [u'vlan_transparent'] _exclude_attributes_by_policy /usr/lib/python2.7/site-packages/neutron/pecan_wsgi/hooks/policy_enforcement.py:256
2018-09-13 00:31:58.467 22360 INFO neutron.wsgi [req-a1685921-141a-4f90-b4a8-6d4865728cd8 23e04251e35a4af8836d799cdbc6c009 4eeeddb45ad446a68ed4de7bd550932a - default default] 10.0.20.20 "GET /v2.0/networks?id=183bf78b-95d0-4003-abef-029c37727b20 HTTP/1.1" status: 200  len: 885 time: 0.3146729
2018-09-13 00:31:58.532 22360 INFO neutron.wsgi [req-d897e0b7-a912-4ca7-9293-494f3d1a9f7f 23e04251e35a4af8836d799cdbc6c009 4eeeddb45ad446a68ed4de7bd550932a - default default] 10.0.20.20 "GET /v2.0/floatingips?fixed_ip_address=11.18.1.12&port_id=8326ca5e-c46a-4788-95c3-92cf8aa0ebce HTTP/1.1" status: 200  len: 750 time: 0.0552640
2018-09-13 00:31:58.702 22360 DEBUG neutron.pecan_wsgi.hooks.policy_enforcement [req-53e1259b-16fb-4699-8dc6-b80ce7b26629 23e04251e35a4af8836d799cdbc6c009 4eeeddb45ad446a68ed4de7bd550932a - default default] Attributes excluded by policy engine: [u'shared'] _exclude_attributes_by_policy /usr/lib/python2.7/site-packages/neutron/pecan_wsgi/hooks/policy_enforcement.py:256
2018-09-13 00:31:58.706 22360 INFO neutron.wsgi [req-53e1259b-16fb-4699-8dc6-b80ce7b26629 23e04251e35a4af8836d799cdbc6c009 4eeeddb45ad446a68ed4de7bd550932a - default default] 10.0.20.20 "GET /v2.0/subnets?id=0d9f93e3-7dd7-4351-87fc-10cf79eb3efa HTTP/1.1" status: 200  len: 843 time: 0.1661279
2018-09-13 00:31:58.872 22360 INFO neutron.wsgi [req-d46a944c-e85b-426b-a1ea-88fac1759ed6 23e04251e35a4af8836d799cdbc6c009 4eeeddb45ad446a68ed4de7bd550932a - default default] 10.0.20.20 "GET /v2.0/ports?network_id=183bf78b-95d0-4003-abef-029c37727b20&device_owner=network%3Adhcp HTTP/1.1" status: 200  len: 1127 time: 0.1579561
2018-09-13 00:32:01.614 22367 DEBUG neutron.plugins.ml2.rpc [req-070d24b9-3c69-4e82-8e5f-45cc2d36866c - - - - -] Device 8326ca5e-c46a-4788-95c3-92cf8aa0ebce no longer exists at agent ovs-agent-localhost.localdomain update_device_down /usr/lib/python2.7/site-packages/neutron/plugins/ml2/rpc.py:213
2018-09-13 00:32:01.980 22367 DEBUG neutron_lib.callbacks.manager [req-070d24b9-3c69-4e82-8e5f-45cc2d36866c - - - - -] Notify callbacks ['neutron.plugins.ml2.plugin.Ml2Plugin._ensure_default_security_group_handler-506594'] for port, before_update _notify_loop /usr/lib/python2.7/site-packages/neutron_lib/callbacks/manager.py:167
2018-09-13 00:32:02.091 22367 DEBUG oslo_concurrency.lockutils [-] Lock "notifier-dd96ef63-ae87-4992-97f6-596aa21209c7" acquired by "neutron.notifiers.batch_notifier.synced_send" :: waited 0.000s inner /usr/lib/python2.7/site-packages/oslo_concurrency/lockutils.py:270
2018-09-13 00:32:02.092 22367 DEBUG neutron.notifiers.nova [-] Sending events: [{'status': 'completed', 'tag': u'8326ca5e-c46a-4788-95c3-92cf8aa0ebce', 'name': 'network-vif-unplugged', 'server_uuid': u'9176af33-f411-408f-939c-873bb7429259'}] send_events /usr/lib/python2.7/site-packages/neutron/notifiers/nova.py:242
2018-09-13 00:32:02.097 22367 DEBUG novaclient.v2.client [-] REQ: curl -g -i -X POST http://10.0.20.20:8774/v2.1/4eeeddb45ad446a68ed4de7bd550932a/os-server-external-events -H "User-Agent: python-novaclient" -H "Content-Type: application/json" -H "Accept: application/json" -H "X-OpenStack-Nova-API-Version: 2.1" -H "X-Auth-Token: {SHA1}85366795d1a053cc59562854da03b6df19e63307" -d '{"events": [{"status": "completed", "tag": "8326ca5e-c46a-4788-95c3-92cf8aa0ebce", "name": "network-vif-unplugged", "server_uuid": "9176af33-f411-408f-939c-873bb7429259"}]}' _http_log_request /usr/lib/python2.7/site-packages/keystoneauth1/session.py:375
2018-09-13 00:32:02.105 22367 DEBUG neutron.plugins.ml2.db [req-070d24b9-3c69-4e82-8e5f-45cc2d36866c - - - - -] For port 8326ca5e-c46a-4788-95c3-92cf8aa0ebce, host localhost.localdomain, got binding levels [<neutron.plugins.ml2.models.PortBindingLevel[object at 7fbc3076fdd0] {port_id=u'8326ca5e-c46a-4788-95c3-92cf8aa0ebce', host=u'localhost.localdomain', level=0, driver=u'openvswitch', segment_id=u'cb59135f-4b01-4786-8025-02e71aec39bd'}>] get_binding_levels /usr/lib/python2.7/site-packages/neutron/plugins/ml2/db.py:106
2018-09-13 00:32:02.121 22367 DEBUG neutron_lib.callbacks.manager [req-070d24b9-3c69-4e82-8e5f-45cc2d36866c - - - - -] Notify callbacks ['neutron.db.l3_dvrscheduler_db._notify_l3_agent_port_update--9223363258963698963', 'neutron.plugins.ml2.ovo_rpc._ObjectChangeHandler.handle_event--9223372036854223386', 'neutron.plugins.ml2.plugin.Ml2Plugin.notify_sg_on_port_change-506526', 'neutron.db.l3_hascheduler_db._notify_l3_agent_ha_port_update-8777891044673', 'neutron.api.rpc.agentnotifiers.dhcp_rpc_agent_api.DhcpAgentNotifyAPI._native_event_send_dhcp_notification-3417548'] for port, after_update _notify_loop /usr/lib/python2.7/site-packages/neutron_lib/callbacks/manager.py:167
2018-09-13 00:32:02.130 22367 DEBUG oslo_concurrency.lockutils [-] Lock "event-dispatch" acquired by "neutron.plugins.ml2.ovo_rpc.dispatch_events" :: waited 0.000s inner /usr/lib/python2.7/site-packages/oslo_concurrency/lockutils.py:270
2018-09-13 00:32:02.242 22367 DEBUG novaclient.v2.client [-] RESP: [200] Content-Length: 185 Content-Type: application/json Openstack-Api-Version: compute 2.1 X-Openstack-Nova-Api-Version: 2.1 Vary: OpenStack-API-Version, X-OpenStack-Nova-API-Version X-Openstack-Request-Id: req-65c6002e-af73-46cb-8bad-66615455b8a5 X-Compute-Request-Id: req-65c6002e-af73-46cb-8bad-66615455b8a5 Date: Thu, 13 Sep 2018 04:32:02 GMT Connection: keep-alive 
RESP BODY: {"events": [{"status": "completed", "tag": "8326ca5e-c46a-4788-95c3-92cf8aa0ebce", "name": "network-vif-unplugged", "server_uuid": "9176af33-f411-408f-939c-873bb7429259", "code": 200}]}
 _http_log_response /usr/lib/python2.7/site-packages/keystoneauth1/session.py:423
2018-09-13 00:32:02.242 22367 DEBUG novaclient.v2.client [-] POST call to compute for http://10.0.20.20:8774/v2.1/4eeeddb45ad446a68ed4de7bd550932a/os-server-external-events used request id req-65c6002e-af73-46cb-8bad-66615455b8a5 request /usr/lib/python2.7/site-packages/keystoneauth1/session.py:727
2018-09-13 00:32:02.244 22367 INFO neutron.notifiers.nova [-] Nova event response: {u'status': u'completed', u'tag': u'8326ca5e-c46a-4788-95c3-92cf8aa0ebce', u'name': u'network-vif-unplugged', u'server_uuid': u'9176af33-f411-408f-939c-873bb7429259', u'code': 200}
2018-09-13 00:32:02.292 22367 DEBUG neutron.api.rpc.handlers.resources_rpc [req-070d24b9-3c69-4e82-8e5f-45cc2d36866c - - - - -] neutron.api.rpc.handlers.resources_rpc.ResourcesPushRpcApi method push called with arguments (<neutron_lib.context.Context object at 0x7fbc3076f710>, [Port(admin_state_up=True,allowed_address_pairs=[],binding=PortBinding,binding_levels=[PortBindingLevel],created_at=2018-09-13T04:28:14Z,data_plane_status=<?>,description='',device_id='9176af33-f411-408f-939c-873bb7429259',device_owner='compute:nova',dhcp_options=[],distributed_binding=None,dns=None,fixed_ips=[IPAllocation],id=8326ca5e-c46a-4788-95c3-92cf8aa0ebce,mac_address=fa:16:3e:5e:a8:61,name='',network_id=183bf78b-95d0-4003-abef-029c37727b20,project_id='4a18aaa21843494eb985e6059213a90a',qos_policy_id=None,revision_number=7,security=PortSecurity(8326ca5e-c46a-4788-95c3-92cf8aa0ebce),security_group_ids=set([f71d9788-af73-4d7e-8d06-202a90f529c9]),status='DOWN',updated_at=2018-09-13T04:32:02Z)], 'updated') {} wrapper /usr/lib/python2.7/site-packages/oslo_log/helpers.py:66
2018-09-13 00:32:02.308 22367 DEBUG neutron.api.rpc.callbacks.version_manager [req-070d24b9-3c69-4e82-8e5f-45cc2d36866c - - - - -] Version for resource type Subnet changed None to 1.0 on consumer Open vSwitch agent@localhost.localdomain _set_version /usr/lib/python2.7/site-packages/neutron/api/rpc/callbacks/version_manager.py:119
2018-09-13 00:32:02.309 22367 DEBUG neutron.api.rpc.callbacks.version_manager [req-070d24b9-3c69-4e82-8e5f-45cc2d36866c - - - - -] Version for resource type Network changed None to 1.0 on consumer Open vSwitch agent@localhost.localdomain _set_version /usr/lib/python2.7/site-packages/neutron/api/rpc/callbacks/version_manager.py:119
2018-09-13 00:32:02.310 22367 DEBUG neutron.api.rpc.callbacks.version_manager [req-070d24b9-3c69-4e82-8e5f-45cc2d36866c - - - - -] Version for resource type SubPort changed None to 1.0 on consumer Open vSwitch agent@localhost.localdomain _set_version /usr/lib/python2.7/site-packages/neutron/api/rpc/callbacks/version_manager.py:119
2018-09-13 00:32:02.311 22367 DEBUG neutron.api.rpc.callbacks.version_manager [req-070d24b9-3c69-4e82-8e5f-45cc2d36866c - - - - -] Version for resource type SecurityGroup changed None to 1.0 on consumer Open vSwitch agent@localhost.localdomain _set_version /usr/lib/python2.7/site-packages/neutron/api/rpc/callbacks/version_manager.py:119
2018-09-13 00:32:02.312 22367 DEBUG neutron.api.rpc.callbacks.version_manager [req-070d24b9-3c69-4e82-8e5f-45cc2d36866c - - - - -] Version for resource type SecurityGroupRule changed None to 1.0 on consumer Open vSwitch agent@localhost.localdomain _set_version /usr/lib/python2.7/site-packages/neutron/api/rpc/callbacks/version_manager.py:119
2018-09-13 00:32:02.313 22367 DEBUG neutron.api.rpc.callbacks.version_manager [req-070d24b9-3c69-4e82-8e5f-45cc2d36866c - - - - -] Version for resource type Trunk changed None to 1.1 on consumer Open vSwitch agent@localhost.localdomain _set_version /usr/lib/python2.7/site-packages/neutron/api/rpc/callbacks/version_manager.py:119
2018-09-13 00:32:02.314 22367 DEBUG neutron.api.rpc.callbacks.version_manager [req-070d24b9-3c69-4e82-8e5f-45cc2d36866c - - - - -] Version for resource type QosPolicy changed None to 1.6 on consumer Open vSwitch agent@localhost.localdomain _set_version /usr/lib/python2.7/site-packages/neutron/api/rpc/callbacks/version_manager.py:119
2018-09-13 00:32:02.315 22367 DEBUG neutron.api.rpc.callbacks.version_manager [req-070d24b9-3c69-4e82-8e5f-45cc2d36866c - - - - -] Version for resource type Port changed None to 1.1 on consumer Open vSwitch agent@localhost.localdomain _set_version /usr/lib/python2.7/site-packages/neutron/api/rpc/callbacks/version_manager.py:119
2018-09-13 00:32:02.315 22367 DEBUG neutron.api.rpc.callbacks.version_manager [req-070d24b9-3c69-4e82-8e5f-45cc2d36866c - - - - -] Version for resource type Log changed None to 1.0 on consumer Open vSwitch agent@localhost.localdomain _set_version /usr/lib/python2.7/site-packages/neutron/api/rpc/callbacks/version_manager.py:119
2018-09-13 00:32:02.325 22367 DEBUG oslo_concurrency.lockutils [req-070d24b9-3c69-4e82-8e5f-45cc2d36866c - - - - -] Lock "event-dispatch" released by "neutron.plugins.ml2.ovo_rpc.dispatch_events" :: held 0.195s inner /usr/lib/python2.7/site-packages/oslo_concurrency/lockutils.py:282
2018-09-13 00:32:03.667 22366 DEBUG neutron.plugins.ml2.rpc [req-070d24b9-3c69-4e82-8e5f-45cc2d36866c - - - - -] Device 8326ca5e-c46a-4788-95c3-92cf8aa0ebce up at agent ovs-agent-localhost.localdomain update_device_up /usr/lib/python2.7/site-packages/neutron/plugins/ml2/rpc.py:244
