2018-06-27 05:11:00.559 5333 DEBUG neutron_lib.callbacks.manager [req-5055ef54-ef58-45aa-8c7f-3c57952dbf28 - - - - -] Notify callbacks ['neutron.services.segments.db._update_segment_host_mapping_for_agent-8742816101682'] for agent, after_update _notify_loop /usr/lib/python2.7/site-packages/neutron_lib/callbacks/manager.py:167
2018-06-27 05:11:00.588 5335 DEBUG neutron_lib.callbacks.manager [req-484a3123-45bf-4fd0-9222-817af9c03dc7 - - - - -] Notify callbacks ['neutron.services.segments.db._update_segment_host_mapping_for_agent-8742816101682'] for agent, after_update _notify_loop /usr/lib/python2.7/site-packages/neutron_lib/callbacks/manager.py:167
2018-06-27 05:11:00.656 5327 DEBUG neutron_lib.callbacks.manager [req-6a07889e-7575-48ab-a327-ab89fbae17bf - - - - -] Notify callbacks ['neutron.services.segments.db._update_segment_host_mapping_for_agent-8742816101682'] for agent, after_update _notify_loop /usr/lib/python2.7/site-packages/neutron_lib/callbacks/manager.py:167
2018-06-27 05:11:01.267 5334 DEBUG neutron_lib.callbacks.manager [req-8964b649-fb5b-4784-be55-11efdecd20f7 - - - - -] Notify callbacks ['neutron.services.segments.db._update_segment_host_mapping_for_agent-8742816101682'] for agent, after_update _notify_loop /usr/lib/python2.7/site-packages/neutron_lib/callbacks/manager.py:167
2018-06-27 05:11:04.576 5332 DEBUG neutron_lib.callbacks.manager [req-eb428074-04f1-442e-9dc1-c84ea31865f2 - - - - -] Notify callbacks ['neutron.services.segments.db._update_segment_host_mapping_for_agent-8742816101682'] for agent, after_update _notify_loop /usr/lib/python2.7/site-packages/neutron_lib/callbacks/manager.py:167
2018-06-27 05:11:08.612 5324 INFO neutron.wsgi [req-69ceabea-32ad-43e9-919e-6df6fc631a42 0508a2373b814911b1d6723f2f75b8cd 910acf3b84b64f358e48f506530f7cb1 - default default] 10.0.20.25 "GET /v2.0/ports?device_id=b1e09695-8ace-41a3-a4d2-22bdc5e91653 HTTP/1.1" status: 200  len: 1125 time: 0.6128571
2018-06-27 05:11:08.751 5324 INFO neutron.wsgi [req-30d85356-2654-4bed-a48c-c0eb1e4fbf3b 0508a2373b814911b1d6723f2f75b8cd 910acf3b84b64f358e48f506530f7cb1 - default default] 10.0.20.25 "GET /v2.0/security-groups?id=c5452db5-9297-4706-9a5d-c7c1caaadfd6 HTTP/1.1" status: 200  len: 2118 time: 0.1259251
2018-06-27 05:11:25.554 5321 INFO neutron.wsgi [req-2cf01cb0-f332-445d-97ee-24e39a50a197 0508a2373b814911b1d6723f2f75b8cd 910acf3b84b64f358e48f506530f7cb1 - default default] 10.0.20.25 "GET /v2.0/ports?device_id=b1e09695-8ace-41a3-a4d2-22bdc5e91653 HTTP/1.1" status: 200  len: 1125 time: 0.9138851
2018-06-27 05:11:25.691 5321 INFO neutron.wsgi [req-66ed93ba-1463-4294-936f-5bdd476537a4 0508a2373b814911b1d6723f2f75b8cd 910acf3b84b64f358e48f506530f7cb1 - default default] 10.0.20.25 "GET /v2.0/security-groups?id=c5452db5-9297-4706-9a5d-c7c1caaadfd6 HTTP/1.1" status: 200  len: 2118 time: 0.1283031
2018-06-27 05:11:30.206 5336 DEBUG neutron.db.agents_db [req-6ec39776-7847-4fe1-b732-bd3141c53759 - - - - -] Agent healthcheck: found 5 active agents agent_health_check /usr/lib/python2.7/site-packages/neutron/db/agents_db.py:281
2018-06-27 05:11:30.567 5325 DEBUG neutron_lib.callbacks.manager [req-5055ef54-ef58-45aa-8c7f-3c57952dbf28 - - - - -] Notify callbacks ['neutron.services.segments.db._update_segment_host_mapping_for_agent-8742816101682'] for agent, after_update _notify_loop /usr/lib/python2.7/site-packages/neutron_lib/callbacks/manager.py:167
2018-06-27 05:11:30.587 5326 DEBUG neutron_lib.callbacks.manager [req-6a7bd380-4df6-4fa2-b903-df8470b2bd6c - - - - -] Notify callbacks ['neutron.services.segments.db._update_segment_host_mapping_for_agent-8742816101682'] for agent, after_update _notify_loop /usr/lib/python2.7/site-packages/neutron_lib/callbacks/manager.py:167
2018-06-27 05:11:30.642 5329 DEBUG neutron_lib.callbacks.manager [req-6a07889e-7575-48ab-a327-ab89fbae17bf - - - - -] Notify callbacks ['neutron.services.segments.db._update_segment_host_mapping_for_agent-8742816101682'] for agent, after_update _notify_loop /usr/lib/python2.7/site-packages/neutron_lib/callbacks/manager.py:167
2018-06-27 05:11:31.281 5330 DEBUG neutron_lib.callbacks.manager [req-1f5b3467-d072-42d3-8e4a-2b5e2eb1a055 - - - - -] Notify callbacks ['neutron.services.segments.db._update_segment_host_mapping_for_agent-8742816101682'] for agent, after_update _notify_loop /usr/lib/python2.7/site-packages/neutron_lib/callbacks/manager.py:167
2018-06-27 05:11:34.549 5333 DEBUG neutron_lib.callbacks.manager [req-eb428074-04f1-442e-9dc1-c84ea31865f2 - - - - -] Notify callbacks ['neutron.services.segments.db._update_segment_host_mapping_for_agent-8742816101682'] for agent, after_update _notify_loop /usr/lib/python2.7/site-packages/neutron_lib/callbacks/manager.py:167
2018-06-27 05:11:50.240 5317 DEBUG neutron.wsgi [-] (5317) accepted ('10.0.20.25', 34500) server /usr/lib/python2.7/site-packages/eventlet/wsgi.py:883
2018-06-27 05:11:50.246 5317 INFO neutron.wsgi [-] 10.0.20.25 "GET / HTTP/1.1" status: 200  len: 252 time: 0.0033929
2018-06-27 05:11:51.053 5317 DEBUG neutron.pecan_wsgi.hooks.policy_enforcement [req-181a3b7f-77e8-43e9-8e2c-c6f2a11468fc 9b8a4d5a4955424f872d7da244eb8b10 7c758e6d25d24f9e8722aa6aabe72f94 - 6d1e3b9a6f4a48fcb98cd917ebd08ee6 6d1e3b9a6f4a48fcb98cd917ebd08ee6] Attributes excluded by policy engine: [u'shared'] _exclude_attributes_by_policy /usr/lib/python2.7/site-packages/neutron/pecan_wsgi/hooks/policy_enforcement.py:256
2018-06-27 05:11:51.057 5317 DEBUG neutron.pecan_wsgi.hooks.policy_enforcement [req-181a3b7f-77e8-43e9-8e2c-c6f2a11468fc 9b8a4d5a4955424f872d7da244eb8b10 7c758e6d25d24f9e8722aa6aabe72f94 - 6d1e3b9a6f4a48fcb98cd917ebd08ee6 6d1e3b9a6f4a48fcb98cd917ebd08ee6] Attributes excluded by policy engine: [u'shared'] _exclude_attributes_by_policy /usr/lib/python2.7/site-packages/neutron/pecan_wsgi/hooks/policy_enforcement.py:256
2018-06-27 05:11:51.059 5317 DEBUG neutron.pecan_wsgi.hooks.policy_enforcement [req-181a3b7f-77e8-43e9-8e2c-c6f2a11468fc 9b8a4d5a4955424f872d7da244eb8b10 7c758e6d25d24f9e8722aa6aabe72f94 - 6d1e3b9a6f4a48fcb98cd917ebd08ee6 6d1e3b9a6f4a48fcb98cd917ebd08ee6] Attributes excluded by policy engine: [u'shared'] _exclude_attributes_by_policy /usr/lib/python2.7/site-packages/neutron/pecan_wsgi/hooks/policy_enforcement.py:256
2018-06-27 05:11:51.062 5317 INFO neutron.wsgi [req-181a3b7f-77e8-43e9-8e2c-c6f2a11468fc 9b8a4d5a4955424f872d7da244eb8b10 7c758e6d25d24f9e8722aa6aabe72f94 - 6d1e3b9a6f4a48fcb98cd917ebd08ee6 6d1e3b9a6f4a48fcb98cd917ebd08ee6] 10.0.20.25 "GET /v2.0/subnets HTTP/1.1" status: 200  len: 2054 time: 0.8101010
2018-06-27 05:12:00.588 5335 DEBUG neutron_lib.callbacks.manager [req-5055ef54-ef58-45aa-8c7f-3c57952dbf28 - - - - -] Notify callbacks ['neutron.services.segments.db._update_segment_host_mapping_for_agent-8742816101682'] for agent, after_update _notify_loop /usr/lib/python2.7/site-packages/neutron_lib/callbacks/manager.py:167
2018-06-27 05:12:00.604 5327 DEBUG neutron_lib.callbacks.manager [req-00f972b7-cb96-42e6-b88e-b121d2afc631 - - - - -] Notify callbacks ['neutron.services.segments.db._update_segment_host_mapping_for_agent-8742816101682'] for agent, after_update _notify_loop /usr/lib/python2.7/site-packages/neutron_lib/callbacks/manager.py:167
2018-06-27 05:12:00.663 5334 DEBUG neutron_lib.callbacks.manager [req-6a07889e-7575-48ab-a327-ab89fbae17bf - - - - -] Notify callbacks ['neutron.services.segments.db._update_segment_host_mapping_for_agent-8742816101682'] for agent, after_update _notify_loop /usr/lib/python2.7/site-packages/neutron_lib/callbacks/manager.py:167
2018-06-27 05:12:01.282 5332 DEBUG neutron_lib.callbacks.manager [req-0dce66a0-0c51-427f-82d9-a44cbe39f3cf - - - - -] Notify callbacks ['neutron.services.segments.db._update_segment_host_mapping_for_agent-8742816101682'] for agent, after_update _notify_loop /usr/lib/python2.7/site-packages/neutron_lib/callbacks/manager.py:167
2018-06-27 05:12:04.569 5325 DEBUG neutron_lib.callbacks.manager [req-eb428074-04f1-442e-9dc1-c84ea31865f2 - - - - -] Notify callbacks ['neutron.services.segments.db._update_segment_host_mapping_for_agent-8742816101682'] for agent, after_update _notify_loop /usr/lib/python2.7/site-packages/neutron_lib/callbacks/manager.py:167
2018-06-27 05:12:07.210 5336 DEBUG neutron.db.agents_db [req-6ec39776-7847-4fe1-b732-bd3141c53759 - - - - -] Agent healthcheck: found 5 active agents agent_health_check /usr/lib/python2.7/site-packages/neutron/db/agents_db.py:281
2018-06-27 05:12:30.551 5326 DEBUG neutron_lib.callbacks.manager [req-5055ef54-ef58-45aa-8c7f-3c57952dbf28 - - - - -] Notify callbacks ['neutron.services.segments.db._update_segment_host_mapping_for_agent-8742816101682'] for agent, after_update _notify_loop /usr/lib/python2.7/site-packages/neutron_lib/callbacks/manager.py:167
2018-06-27 05:12:30.586 5329 DEBUG neutron_lib.callbacks.manager [req-cef3dd50-da52-4982-b2ff-688214733b60 - - - - -] Notify callbacks ['neutron.services.segments.db._update_segment_host_mapping_for_agent-8742816101682'] for agent, after_update _notify_loop /usr/lib/python2.7/site-packages/neutron_lib/callbacks/manager.py:167
2018-06-27 05:12:30.639 5330 DEBUG neutron_lib.callbacks.manager [req-6a07889e-7575-48ab-a327-ab89fbae17bf - - - - -] Notify callbacks ['neutron.services.segments.db._update_segment_host_mapping_for_agent-8742816101682'] for agent, after_update _notify_loop /usr/lib/python2.7/site-packages/neutron_lib/callbacks/manager.py:167
2018-06-27 05:12:31.277 5333 DEBUG neutron_lib.callbacks.manager [req-549d4d83-494b-4b8b-baa3-c5e6b2ddf88f - - - - -] Notify callbacks ['neutron.services.segments.db._update_segment_host_mapping_for_agent-8742816101682'] for agent, after_update _notify_loop /usr/lib/python2.7/site-packages/neutron_lib/callbacks/manager.py:167
2018-06-27 05:12:34.571 5335 DEBUG neutron_lib.callbacks.manager [req-eb428074-04f1-442e-9dc1-c84ea31865f2 - - - - -] Notify callbacks ['neutron.services.segments.db._update_segment_host_mapping_for_agent-8742816101682'] for agent, after_update _notify_loop /usr/lib/python2.7/site-packages/neutron_lib/callbacks/manager.py:167
2018-06-27 05:12:42.318 5318 DEBUG neutron.wsgi [-] (5318) accepted ('10.0.20.25', 35604) server /usr/lib/python2.7/site-packages/eventlet/wsgi.py:883
2018-06-27 05:12:42.335 5318 INFO neutron.wsgi [-] 10.0.20.25 "GET / HTTP/1.1" status: 200  len: 252 time: 0.0099349
2018-06-27 05:12:42.352 5318 WARNING keystonemiddleware.auth_token [-] Using the in-process token cache is deprecated as of the 4.2.0 release and may be removed in the 5.0.0 release or the 'O' development cycle. The in-process cache causes inconsistent results and high memory usage. When the feature is removed the auth_token middleware will not cache tokens by default which may result in performance issues. It is recommended to use  memcache for the auth_token token cache by setting the memcached_servers option.
2018-06-27 05:12:44.216 5336 DEBUG neutron.db.agents_db [req-6ec39776-7847-4fe1-b732-bd3141c53759 - - - - -] Agent healthcheck: found 5 active agents agent_health_check /usr/lib/python2.7/site-packages/neutron/db/agents_db.py:281
2018-06-27 05:12:44.232 5318 DEBUG oslo_policy._cache_handler [req-56fb14ab-2946-4678-874a-c86c65a60e3f 9b8a4d5a4955424f872d7da244eb8b10 7c758e6d25d24f9e8722aa6aabe72f94 - 6d1e3b9a6f4a48fcb98cd917ebd08ee6 6d1e3b9a6f4a48fcb98cd917ebd08ee6] Reloading cached file /etc/neutron/policy.json read_cached_file /usr/lib/python2.7/site-packages/oslo_policy/_cache_handler.py:40
2018-06-27 05:12:44.272 5318 DEBUG oslo_policy.policy [req-56fb14ab-2946-4678-874a-c86c65a60e3f 9b8a4d5a4955424f872d7da244eb8b10 7c758e6d25d24f9e8722aa6aabe72f94 - 6d1e3b9a6f4a48fcb98cd917ebd08ee6 6d1e3b9a6f4a48fcb98cd917ebd08ee6] Reloaded policy file: /etc/neutron/policy.json _load_policy_file /usr/lib/python2.7/site-packages/oslo_policy/policy.py:681
2018-06-27 05:12:44.888 5318 DEBUG neutron.api.v2.base [req-56fb14ab-2946-4678-874a-c86c65a60e3f 9b8a4d5a4955424f872d7da244eb8b10 7c758e6d25d24f9e8722aa6aabe72f94 - 6d1e3b9a6f4a48fcb98cd917ebd08ee6 6d1e3b9a6f4a48fcb98cd917ebd08ee6] Request body: {u'security_group': {u'name': u'tempest-SECURITY_GROUP_SAMPLE-1530069065', u'description': u'tempest-SECURITY_GROUP_SAMPLE-1530069065'}} prepare_request_body /usr/lib/python2.7/site-packages/neutron/api/v2/base.py:695
2018-06-27 05:12:44.892 5318 DEBUG oslo_policy._cache_handler [req-56fb14ab-2946-4678-874a-c86c65a60e3f 9b8a4d5a4955424f872d7da244eb8b10 7c758e6d25d24f9e8722aa6aabe72f94 - 6d1e3b9a6f4a48fcb98cd917ebd08ee6 6d1e3b9a6f4a48fcb98cd917ebd08ee6] Reloading cached file /etc/neutron/policy.json read_cached_file /usr/lib/python2.7/site-packages/oslo_policy/_cache_handler.py:40
2018-06-27 05:12:44.921 5318 DEBUG oslo_policy.policy [req-56fb14ab-2946-4678-874a-c86c65a60e3f 9b8a4d5a4955424f872d7da244eb8b10 7c758e6d25d24f9e8722aa6aabe72f94 - 6d1e3b9a6f4a48fcb98cd917ebd08ee6 6d1e3b9a6f4a48fcb98cd917ebd08ee6] Reloaded policy file: /etc/neutron/policy.json _load_policy_file /usr/lib/python2.7/site-packages/oslo_policy/policy.py:681
2018-06-27 05:12:44.930 5318 INFO neutron.quota [req-56fb14ab-2946-4678-874a-c86c65a60e3f 9b8a4d5a4955424f872d7da244eb8b10 7c758e6d25d24f9e8722aa6aabe72f94 - 6d1e3b9a6f4a48fcb98cd917ebd08ee6 6d1e3b9a6f4a48fcb98cd917ebd08ee6] Loaded quota_driver: <neutron.db.quota.driver.DbQuotaDriver object at 0x7f39864bc110>.
2018-06-27 05:12:45.014 5318 DEBUG neutron.db.quota.driver [req-56fb14ab-2946-4678-874a-c86c65a60e3f 9b8a4d5a4955424f872d7da244eb8b10 7c758e6d25d24f9e8722aa6aabe72f94 - 6d1e3b9a6f4a48fcb98cd917ebd08ee6 6d1e3b9a6f4a48fcb98cd917ebd08ee6] Resources subnetpool have unlimited quota limit. It is not required to calculate headroom  make_reservation /usr/lib/python2.7/site-packages/neutron/db/quota/driver.py:223
2018-06-27 05:12:45.029 5318 DEBUG neutron.quota.resource [req-56fb14ab-2946-4678-874a-c86c65a60e3f 9b8a4d5a4955424f872d7da244eb8b10 7c758e6d25d24f9e8722aa6aabe72f94 - 6d1e3b9a6f4a48fcb98cd917ebd08ee6 6d1e3b9a6f4a48fcb98cd917ebd08ee6] Usage tracker for resource:security_group and tenant:7c758e6d25d24f9e8722aa6aabe72f94 is out of sync, need to count used quota count_used /usr/lib/python2.7/site-packages/neutron/quota/resource.py:274
2018-06-27 05:12:45.047 5318 DEBUG neutron.quota.resource [req-56fb14ab-2946-4678-874a-c86c65a60e3f 9b8a4d5a4955424f872d7da244eb8b10 7c758e6d25d24f9e8722aa6aabe72f94 - 6d1e3b9a6f4a48fcb98cd917ebd08ee6 6d1e3b9a6f4a48fcb98cd917ebd08ee6] Quota usage for security_group was recalculated. Used quota:0. count_used /usr/lib/python2.7/site-packages/neutron/quota/resource.py:293
2018-06-27 05:12:45.071 5318 DEBUG neutron.db.quota.driver [req-56fb14ab-2946-4678-874a-c86c65a60e3f 9b8a4d5a4955424f872d7da244eb8b10 7c758e6d25d24f9e8722aa6aabe72f94 - 6d1e3b9a6f4a48fcb98cd917ebd08ee6 6d1e3b9a6f4a48fcb98cd917ebd08ee6] Attempting to reserve 1 items for resource security_group. Total usage: 0; quota limit: 10; headroom:10 make_reservation /usr/lib/python2.7/site-packages/neutron/db/quota/driver.py:255
2018-06-27 05:12:45.138 5318 DEBUG neutron_lib.callbacks.manager [req-56fb14ab-2946-4678-874a-c86c65a60e3f 9b8a4d5a4955424f872d7da244eb8b10 7c758e6d25d24f9e8722aa6aabe72f94 - 6d1e3b9a6f4a48fcb98cd917ebd08ee6 6d1e3b9a6f4a48fcb98cd917ebd08ee6] Notify callbacks [] for security_group, before_create _notify_loop /usr/lib/python2.7/site-packages/neutron_lib/callbacks/manager.py:167
2018-06-27 05:12:45.181 5318 DEBUG neutron_lib.callbacks.manager [req-56fb14ab-2946-4678-874a-c86c65a60e3f 9b8a4d5a4955424f872d7da244eb8b10 7c758e6d25d24f9e8722aa6aabe72f94 - 6d1e3b9a6f4a48fcb98cd917ebd08ee6 6d1e3b9a6f4a48fcb98cd917ebd08ee6] Notify callbacks [] for security_group, before_create _notify_loop /usr/lib/python2.7/site-packages/neutron_lib/callbacks/manager.py:167
2018-06-27 05:12:45.907 5318 DEBUG neutron_lib.callbacks.manager [req-56fb14ab-2946-4678-874a-c86c65a60e3f 9b8a4d5a4955424f872d7da244eb8b10 7c758e6d25d24f9e8722aa6aabe72f94 - 6d1e3b9a6f4a48fcb98cd917ebd08ee6 6d1e3b9a6f4a48fcb98cd917ebd08ee6] Notify callbacks [] for security_group, precommit_create _notify_loop /usr/lib/python2.7/site-packages/neutron_lib/callbacks/manager.py:167
2018-06-27 05:12:45.918 5318 DEBUG neutron_lib.callbacks.manager [req-56fb14ab-2946-4678-874a-c86c65a60e3f 9b8a4d5a4955424f872d7da244eb8b10 7c758e6d25d24f9e8722aa6aabe72f94 - 6d1e3b9a6f4a48fcb98cd917ebd08ee6 6d1e3b9a6f4a48fcb98cd917ebd08ee6] Notify callbacks ['neutron.plugins.ml2.ovo_rpc._ObjectChangeHandler.handle_event-1801698'] for security_group, after_create _notify_loop /usr/lib/python2.7/site-packages/neutron_lib/callbacks/manager.py:167
2018-06-27 05:12:45.925 5318 DEBUG oslo_concurrency.lockutils [-] Lock "event-dispatch" acquired by "neutron.plugins.ml2.ovo_rpc.dispatch_events" :: waited 0.000s inner /usr/lib/python2.7/site-packages/oslo_concurrency/lockutils.py:270
2018-06-27 05:12:46.101 5318 DEBUG neutron.api.rpc.handlers.resources_rpc [req-56fb14ab-2946-4678-874a-c86c65a60e3f 9b8a4d5a4955424f872d7da244eb8b10 7c758e6d25d24f9e8722aa6aabe72f94 - - -] neutron.api.rpc.handlers.resources_rpc.ResourcesPushRpcApi method push called with arguments (<neutron_lib.context.Context object at 0x7f39865838d0>, [SecurityGroup(created_at=2018-06-27T03:12:45Z,description='Gruppo di sicurezza predefinito',id=96c872af-78b6-499e-bfdc-4e1277b4850d,is_default=True,name='default',project_id='7c758e6d25d24f9e8722aa6aabe72f94',revision_number=4,rules=[SecurityGroupRule(17b59723-17bd-43f0-a891-fc1a4e10fa9d),SecurityGroupRule(340925bb-c7f3-42c2-8816-b786ee8dd69e),SecurityGroupRule(ad045e52-b75d-4b66-aa16-c066e7b5ed37),SecurityGroupRule(f7e1bf52-3c19-4d5a-8683-f2916564d9aa)],updated_at=2018-06-27T03:12:45Z)], 'updated') {} wrapper /usr/lib/python2.7/site-packages/oslo_log/helpers.py:66
2018-06-27 05:12:46.143 5318 DEBUG neutron.api.rpc.callbacks.version_manager [req-56fb14ab-2946-4678-874a-c86c65a60e3f 9b8a4d5a4955424f872d7da244eb8b10 7c758e6d25d24f9e8722aa6aabe72f94 - - -] Version for resource type Subnet changed None to 1.0 on consumer Open vSwitch agent@localhost.localdomain _set_version /usr/lib/python2.7/site-packages/neutron/api/rpc/callbacks/version_manager.py:119
2018-06-27 05:12:46.145 5318 DEBUG neutron.api.rpc.callbacks.version_manager [req-56fb14ab-2946-4678-874a-c86c65a60e3f 9b8a4d5a4955424f872d7da244eb8b10 7c758e6d25d24f9e8722aa6aabe72f94 - - -] Version for resource type Network changed None to 1.0 on consumer Open vSwitch agent@localhost.localdomain _set_version /usr/lib/python2.7/site-packages/neutron/api/rpc/callbacks/version_manager.py:119
2018-06-27 05:12:46.146 5318 DEBUG neutron.api.rpc.callbacks.version_manager [req-56fb14ab-2946-4678-874a-c86c65a60e3f 9b8a4d5a4955424f872d7da244eb8b10 7c758e6d25d24f9e8722aa6aabe72f94 - - -] Version for resource type SubPort changed None to 1.0 on consumer Open vSwitch agent@localhost.localdomain _set_version /usr/lib/python2.7/site-packages/neutron/api/rpc/callbacks/version_manager.py:119
2018-06-27 05:12:46.147 5318 DEBUG neutron.api.rpc.callbacks.version_manager [req-56fb14ab-2946-4678-874a-c86c65a60e3f 9b8a4d5a4955424f872d7da244eb8b10 7c758e6d25d24f9e8722aa6aabe72f94 - - -] Version for resource type SecurityGroup changed None to 1.0 on consumer Open vSwitch agent@localhost.localdomain _set_version /usr/lib/python2.7/site-packages/neutron/api/rpc/callbacks/version_manager.py:119
2018-06-27 05:12:46.148 5318 DEBUG neutron.api.rpc.callbacks.version_manager [req-56fb14ab-2946-4678-874a-c86c65a60e3f 9b8a4d5a4955424f872d7da244eb8b10 7c758e6d25d24f9e8722aa6aabe72f94 - - -] Version for resource type SecurityGroupRule changed None to 1.0 on consumer Open vSwitch agent@localhost.localdomain _set_version /usr/lib/python2.7/site-packages/neutron/api/rpc/callbacks/version_manager.py:119
2018-06-27 05:12:46.149 5318 DEBUG neutron.api.rpc.callbacks.version_manager [req-56fb14ab-2946-4678-874a-c86c65a60e3f 9b8a4d5a4955424f872d7da244eb8b10 7c758e6d25d24f9e8722aa6aabe72f94 - - -] Version for resource type Trunk changed None to 1.1 on consumer Open vSwitch agent@localhost.localdomain _set_version /usr/lib/python2.7/site-packages/neutron/api/rpc/callbacks/version_manager.py:119
2018-06-27 05:12:46.150 5318 DEBUG neutron.api.rpc.callbacks.version_manager [req-56fb14ab-2946-4678-874a-c86c65a60e3f 9b8a4d5a4955424f872d7da244eb8b10 7c758e6d25d24f9e8722aa6aabe72f94 - - -] Version for resource type QosPolicy changed None to 1.6 on consumer Open vSwitch agent@localhost.localdomain _set_version /usr/lib/python2.7/site-packages/neutron/api/rpc/callbacks/version_manager.py:119
2018-06-27 05:12:46.151 5318 DEBUG neutron.api.rpc.callbacks.version_manager [req-56fb14ab-2946-4678-874a-c86c65a60e3f 9b8a4d5a4955424f872d7da244eb8b10 7c758e6d25d24f9e8722aa6aabe72f94 - - -] Version for resource type Port changed None to 1.1 on consumer Open vSwitch agent@localhost.localdomain _set_version /usr/lib/python2.7/site-packages/neutron/api/rpc/callbacks/version_manager.py:119
2018-06-27 05:12:46.152 5318 DEBUG neutron.api.rpc.callbacks.version_manager [req-56fb14ab-2946-4678-874a-c86c65a60e3f 9b8a4d5a4955424f872d7da244eb8b10 7c758e6d25d24f9e8722aa6aabe72f94 - - -] Version for resource type Log changed None to 1.0 on consumer Open vSwitch agent@localhost.localdomain _set_version /usr/lib/python2.7/site-packages/neutron/api/rpc/callbacks/version_manager.py:119
2018-06-27 05:12:46.155 5318 DEBUG neutron.api.rpc.callbacks.version_manager [req-56fb14ab-2946-4678-874a-c86c65a60e3f 9b8a4d5a4955424f872d7da244eb8b10 7c758e6d25d24f9e8722aa6aabe72f94 - - -] Tracked resource versions report:
pushed versions:
{   'Log': set(['1.0']),
    'Network': set(['1.0']),
    'Port': set(['1.1']),
    'QosPolicy': set(['1.6']),
    'SecurityGroup': set(['1.0']),
    'SecurityGroupRule': set(['1.0']),
    'SubPort': set(['1.0']),
    'Subnet': set(['1.0']),
    'Trunk': set(['1.1'])}

consumer versions:
{   DHCP agent@localhost.localdomain: {   },
    L3 agent@localhost.localdomain: {   },
    Metadata agent@localhost.localdomain: {   },
    Metering agent@localhost.localdomain: {   },
    Open vSwitch agent@localhost.localdomain: {   u'Log': u'1.0',
                                                  u'Network': u'1.0',
                                                  u'Port': u'1.1',
                                                  u'QosPolicy': u'1.6',
                                                  u'SecurityGroup': u'1.0',
                                                  u'SecurityGroupRule': u'1.0',
                                                  u'SubPort': u'1.0',
                                                  u'Subnet': u'1.0',
                                                  u'Trunk': u'1.1'}}
 report /usr/lib/python2.7/site-packages/neutron/api/rpc/callbacks/version_manager.py:178
2018-06-27 05:12:46.583 5318 DEBUG oslo_concurrency.lockutils [req-56fb14ab-2946-4678-874a-c86c65a60e3f 9b8a4d5a4955424f872d7da244eb8b10 7c758e6d25d24f9e8722aa6aabe72f94 - - -] Lock "event-dispatch" released by "neutron.plugins.ml2.ovo_rpc.dispatch_events" :: held 0.658s inner /usr/lib/python2.7/site-packages/oslo_concurrency/lockutils.py:282
2018-06-27 05:12:46.697 5318 DEBUG neutron_lib.callbacks.manager [req-56fb14ab-2946-4678-874a-c86c65a60e3f 9b8a4d5a4955424f872d7da244eb8b10 7c758e6d25d24f9e8722aa6aabe72f94 - 6d1e3b9a6f4a48fcb98cd917ebd08ee6 6d1e3b9a6f4a48fcb98cd917ebd08ee6] Notify callbacks [] for security_group, precommit_create _notify_loop /usr/lib/python2.7/site-packages/neutron_lib/callbacks/manager.py:167
2018-06-27 05:12:46.705 5318 DEBUG neutron_lib.callbacks.manager [req-56fb14ab-2946-4678-874a-c86c65a60e3f 9b8a4d5a4955424f872d7da244eb8b10 7c758e6d25d24f9e8722aa6aabe72f94 - 6d1e3b9a6f4a48fcb98cd917ebd08ee6 6d1e3b9a6f4a48fcb98cd917ebd08ee6] Notify callbacks ['neutron.plugins.ml2.ovo_rpc._ObjectChangeHandler.handle_event-1801698'] for security_group, after_create _notify_loop /usr/lib/python2.7/site-packages/neutron_lib/callbacks/manager.py:167
2018-06-27 05:12:46.719 5318 DEBUG oslo_concurrency.lockutils [-] Lock "event-dispatch" acquired by "neutron.plugins.ml2.ovo_rpc.dispatch_events" :: waited 0.000s inner /usr/lib/python2.7/site-packages/oslo_concurrency/lockutils.py:270
2018-06-27 05:12:46.807 5318 DEBUG neutron.quota.resource [req-56fb14ab-2946-4678-874a-c86c65a60e3f 9b8a4d5a4955424f872d7da244eb8b10 7c758e6d25d24f9e8722aa6aabe72f94 - 6d1e3b9a6f4a48fcb98cd917ebd08ee6 6d1e3b9a6f4a48fcb98cd917ebd08ee6] Persisted dirty status for tenant:7c758e6d25d24f9e8722aa6aabe72f94 on resource:security_group_rule mark_dirty /usr/lib/python2.7/site-packages/neutron/quota/resource.py:207
2018-06-27 05:12:46.818 5318 DEBUG neutron.quota.resource [req-56fb14ab-2946-4678-874a-c86c65a60e3f 9b8a4d5a4955424f872d7da244eb8b10 7c758e6d25d24f9e8722aa6aabe72f94 - 6d1e3b9a6f4a48fcb98cd917ebd08ee6 6d1e3b9a6f4a48fcb98cd917ebd08ee6] Persisted dirty status for tenant:7c758e6d25d24f9e8722aa6aabe72f94 on resource:security_group mark_dirty /usr/lib/python2.7/site-packages/neutron/quota/resource.py:207
2018-06-27 05:12:46.824 5318 DEBUG neutron.api.rpc.handlers.resources_rpc [req-56fb14ab-2946-4678-874a-c86c65a60e3f 9b8a4d5a4955424f872d7da244eb8b10 7c758e6d25d24f9e8722aa6aabe72f94 - - -] neutron.api.rpc.handlers.resources_rpc.ResourcesPushRpcApi method push called with arguments (<neutron_lib.context.Context object at 0x7f3986406990>, [SecurityGroup(created_at=2018-06-27T03:12:45Z,description='tempest-SECURITY_GROUP_SAMPLE-1530069065',id=26fbdde3-8b38-435a-bdc4-92db3f16d6fd,is_default=False,name='tempest-SECURITY_GROUP_SAMPLE-1530069065',project_id='7c758e6d25d24f9e8722aa6aabe72f94',revision_number=2,rules=[SecurityGroupRule(08fa4b34-26a0-4f62-9fdf-f4443a68a0eb),SecurityGroupRule(1c90e41b-e47e-4f4d-8e49-42b1e09f9a17)],updated_at=2018-06-27T03:12:46Z)], 'updated') {} wrapper /usr/lib/python2.7/site-packages/oslo_log/helpers.py:66
2018-06-27 05:12:46.841 5318 DEBUG neutron_lib.callbacks.manager [req-56fb14ab-2946-4678-874a-c86c65a60e3f 9b8a4d5a4955424f872d7da244eb8b10 7c758e6d25d24f9e8722aa6aabe72f94 - 6d1e3b9a6f4a48fcb98cd917ebd08ee6 6d1e3b9a6f4a48fcb98cd917ebd08ee6] Notify callbacks [] for security_group, before_response _notify_loop /usr/lib/python2.7/site-packages/neutron_lib/callbacks/manager.py:167
2018-06-27 05:12:46.844 5318 INFO neutron.wsgi [req-56fb14ab-2946-4678-874a-c86c65a60e3f 9b8a4d5a4955424f872d7da244eb8b10 7c758e6d25d24f9e8722aa6aabe72f94 - 6d1e3b9a6f4a48fcb98cd917ebd08ee6 6d1e3b9a6f4a48fcb98cd917ebd08ee6] 10.0.20.25 "POST /v2.0/security-groups HTTP/1.1" status: 201  len: 1617 time: 4.4976921
2018-06-27 05:12:46.847 5318 DEBUG oslo_concurrency.lockutils [req-56fb14ab-2946-4678-874a-c86c65a60e3f 9b8a4d5a4955424f872d7da244eb8b10 7c758e6d25d24f9e8722aa6aabe72f94 - - -] Lock "event-dispatch" released by "neutron.plugins.ml2.ovo_rpc.dispatch_events" :: held 0.129s inner /usr/lib/python2.7/site-packages/oslo_concurrency/lockutils.py:282
2018-06-27 05:12:55.480 5324 DEBUG neutron.wsgi [-] (5324) accepted ('10.0.20.25', 35660) server /usr/lib/python2.7/site-packages/eventlet/wsgi.py:883
2018-06-27 05:12:55.487 5324 INFO neutron.wsgi [-] 10.0.20.25 "GET / HTTP/1.1" status: 200  len: 252 time: 0.0037432
2018-06-27 05:12:56.470 5324 INFO neutron.api.v2.resource [req-b17ff7d7-50dc-4978-9a38-9735b2f62281 9b8a4d5a4955424f872d7da244eb8b10 7c758e6d25d24f9e8722aa6aabe72f94 - 6d1e3b9a6f4a48fcb98cd917ebd08ee6 6d1e3b9a6f4a48fcb98cd917ebd08ee6] show failed (client error): The resource could not be found.
2018-06-27 05:12:56.472 5324 INFO neutron.wsgi [req-b17ff7d7-50dc-4978-9a38-9735b2f62281 9b8a4d5a4955424f872d7da244eb8b10 7c758e6d25d24f9e8722aa6aabe72f94 - 6d1e3b9a6f4a48fcb98cd917ebd08ee6 6d1e3b9a6f4a48fcb98cd917ebd08ee6] 10.0.20.25 "GET /v2.0/security-groups/tempest-SECURITY_GROUP_SAMPLE-1530069065 HTTP/1.1" status: 404  len: 360 time: 0.9791710
2018-06-27 05:12:56.868 5324 INFO neutron.wsgi [req-c984088a-48a6-4157-998b-d7970b991b10 9b8a4d5a4955424f872d7da244eb8b10 7c758e6d25d24f9e8722aa6aabe72f94 - 6d1e3b9a6f4a48fcb98cd917ebd08ee6 6d1e3b9a6f4a48fcb98cd917ebd08ee6] 10.0.20.25 "GET /v2.0/security-groups HTTP/1.1" status: 200  len: 39523 time: 0.3880591
2018-06-27 05:12:56.959 5324 DEBUG neutron.api.v2.base [req-c82c0667-2573-41db-8d06-66e9b4c3685a 9b8a4d5a4955424f872d7da244eb8b10 7c758e6d25d24f9e8722aa6aabe72f94 - 6d1e3b9a6f4a48fcb98cd917ebd08ee6 6d1e3b9a6f4a48fcb98cd917ebd08ee6] Request body: {u'security_group_rule': {u'direction': u'ingress', u'protocol': u'tcp', u'ethertype': u'IPv4', u'port_range_max': 22, u'security_group_id': u'26fbdde3-8b38-435a-bdc4-92db3f16d6fd', u'port_range_min': 22, u'remote_ip_prefix': u'0.0.0.0/0'}} prepare_request_body /usr/lib/python2.7/site-packages/neutron/api/v2/base.py:695
2018-06-27 05:12:56.972 5324 DEBUG neutron.db.quota.driver [req-c82c0667-2573-41db-8d06-66e9b4c3685a 9b8a4d5a4955424f872d7da244eb8b10 7c758e6d25d24f9e8722aa6aabe72f94 - 6d1e3b9a6f4a48fcb98cd917ebd08ee6 6d1e3b9a6f4a48fcb98cd917ebd08ee6] Resources subnetpool have unlimited quota limit. It is not required to calculate headroom  make_reservation /usr/lib/python2.7/site-packages/neutron/db/quota/driver.py:223
2018-06-27 05:12:56.981 5324 DEBUG neutron.quota.resource [req-c82c0667-2573-41db-8d06-66e9b4c3685a 9b8a4d5a4955424f872d7da244eb8b10 7c758e6d25d24f9e8722aa6aabe72f94 - 6d1e3b9a6f4a48fcb98cd917ebd08ee6 6d1e3b9a6f4a48fcb98cd917ebd08ee6] Usage tracker for resource:security_group_rule and tenant:7c758e6d25d24f9e8722aa6aabe72f94 is out of sync, need to count used quota count_used /usr/lib/python2.7/site-packages/neutron/quota/resource.py:274
2018-06-27 05:12:56.996 5324 DEBUG neutron.quota.resource [req-c82c0667-2573-41db-8d06-66e9b4c3685a 9b8a4d5a4955424f872d7da244eb8b10 7c758e6d25d24f9e8722aa6aabe72f94 - 6d1e3b9a6f4a48fcb98cd917ebd08ee6 6d1e3b9a6f4a48fcb98cd917ebd08ee6] Quota usage for security_group_rule was recalculated. Used quota:6. count_used /usr/lib/python2.7/site-packages/neutron/quota/resource.py:293
2018-06-27 05:12:57.011 5324 DEBUG neutron.db.quota.driver [req-c82c0667-2573-41db-8d06-66e9b4c3685a 9b8a4d5a4955424f872d7da244eb8b10 7c758e6d25d24f9e8722aa6aabe72f94 - 6d1e3b9a6f4a48fcb98cd917ebd08ee6 6d1e3b9a6f4a48fcb98cd917ebd08ee6] Attempting to reserve 1 items for resource security_group_rule. Total usage: 6; quota limit: 100; headroom:94 make_reservation /usr/lib/python2.7/site-packages/neutron/db/quota/driver.py:255
2018-06-27 05:12:57.134 5324 DEBUG neutron_lib.callbacks.manager [req-c82c0667-2573-41db-8d06-66e9b4c3685a 9b8a4d5a4955424f872d7da244eb8b10 7c758e6d25d24f9e8722aa6aabe72f94 - 6d1e3b9a6f4a48fcb98cd917ebd08ee6 6d1e3b9a6f4a48fcb98cd917ebd08ee6] Notify callbacks [] for security_group_rule, before_create _notify_loop /usr/lib/python2.7/site-packages/neutron_lib/callbacks/manager.py:167
2018-06-27 05:12:57.256 5324 DEBUG neutron_lib.callbacks.manager [req-c82c0667-2573-41db-8d06-66e9b4c3685a 9b8a4d5a4955424f872d7da244eb8b10 7c758e6d25d24f9e8722aa6aabe72f94 - 6d1e3b9a6f4a48fcb98cd917ebd08ee6 6d1e3b9a6f4a48fcb98cd917ebd08ee6] Notify callbacks [] for security_group_rule, precommit_create _notify_loop /usr/lib/python2.7/site-packages/neutron_lib/callbacks/manager.py:167
2018-06-27 05:12:57.263 5324 DEBUG neutron_lib.callbacks.manager [req-c82c0667-2573-41db-8d06-66e9b4c3685a 9b8a4d5a4955424f872d7da244eb8b10 7c758e6d25d24f9e8722aa6aabe72f94 - 6d1e3b9a6f4a48fcb98cd917ebd08ee6 6d1e3b9a6f4a48fcb98cd917ebd08ee6] Notify callbacks ['neutron.plugins.ml2.ovo_rpc._ObjectChangeHandler.handle_event-1801522'] for security_group_rule, after_create _notify_loop /usr/lib/python2.7/site-packages/neutron_lib/callbacks/manager.py:167
2018-06-27 05:12:57.273 5324 DEBUG oslo_concurrency.lockutils [-] Lock "event-dispatch" acquired by "neutron.plugins.ml2.ovo_rpc.dispatch_events" :: waited 0.000s inner /usr/lib/python2.7/site-packages/oslo_concurrency/lockutils.py:270
2018-06-27 05:12:57.330 5324 DEBUG neutron.api.rpc.handlers.resources_rpc [req-c82c0667-2573-41db-8d06-66e9b4c3685a 9b8a4d5a4955424f872d7da244eb8b10 7c758e6d25d24f9e8722aa6aabe72f94 - - -] neutron.api.rpc.handlers.resources_rpc.ResourcesPushRpcApi method push called with arguments (<neutron_lib.context.Context object at 0x7f3985ce3250>, [SecurityGroupRule(created_at=2018-06-27T03:12:57Z,description='',direction='ingress',ethertype='IPv4',id=940ab39c-c712-44ba-b6bf-f6e4d57790fc,port_range_max=22,port_range_min=22,project_id='7c758e6d25d24f9e8722aa6aabe72f94',protocol='tcp',remote_group_id=<?>,remote_ip_prefix=0.0.0.0/0,revision_number=0,security_group_id=26fbdde3-8b38-435a-bdc4-92db3f16d6fd,updated_at=2018-06-27T03:12:57Z)], 'updated') {} wrapper /usr/lib/python2.7/site-packages/oslo_log/helpers.py:66
2018-06-27 05:12:57.366 5324 DEBUG neutron.api.rpc.callbacks.version_manager [req-c82c0667-2573-41db-8d06-66e9b4c3685a 9b8a4d5a4955424f872d7da244eb8b10 7c758e6d25d24f9e8722aa6aabe72f94 - - -] Version for resource type Subnet changed None to 1.0 on consumer Open vSwitch agent@localhost.localdomain _set_version /usr/lib/python2.7/site-packages/neutron/api/rpc/callbacks/version_manager.py:119
2018-06-27 05:12:57.367 5324 DEBUG neutron.api.rpc.callbacks.version_manager [req-c82c0667-2573-41db-8d06-66e9b4c3685a 9b8a4d5a4955424f872d7da244eb8b10 7c758e6d25d24f9e8722aa6aabe72f94 - - -] Version for resource type Network changed None to 1.0 on consumer Open vSwitch agent@localhost.localdomain _set_version /usr/lib/python2.7/site-packages/neutron/api/rpc/callbacks/version_manager.py:119
2018-06-27 05:12:57.367 5324 DEBUG neutron.api.rpc.callbacks.version_manager [req-c82c0667-2573-41db-8d06-66e9b4c3685a 9b8a4d5a4955424f872d7da244eb8b10 7c758e6d25d24f9e8722aa6aabe72f94 - - -] Version for resource type SubPort changed None to 1.0 on consumer Open vSwitch agent@localhost.localdomain _set_version /usr/lib/python2.7/site-packages/neutron/api/rpc/callbacks/version_manager.py:119
2018-06-27 05:12:57.368 5324 DEBUG neutron.api.rpc.callbacks.version_manager [req-c82c0667-2573-41db-8d06-66e9b4c3685a 9b8a4d5a4955424f872d7da244eb8b10 7c758e6d25d24f9e8722aa6aabe72f94 - - -] Version for resource type SecurityGroup changed None to 1.0 on consumer Open vSwitch agent@localhost.localdomain _set_version /usr/lib/python2.7/site-packages/neutron/api/rpc/callbacks/version_manager.py:119
2018-06-27 05:12:57.369 5324 DEBUG neutron.api.rpc.callbacks.version_manager [req-c82c0667-2573-41db-8d06-66e9b4c3685a 9b8a4d5a4955424f872d7da244eb8b10 7c758e6d25d24f9e8722aa6aabe72f94 - - -] Version for resource type SecurityGroupRule changed None to 1.0 on consumer Open vSwitch agent@localhost.localdomain _set_version /usr/lib/python2.7/site-packages/neutron/api/rpc/callbacks/version_manager.py:119
2018-06-27 05:12:57.370 5324 DEBUG neutron.api.rpc.callbacks.version_manager [req-c82c0667-2573-41db-8d06-66e9b4c3685a 9b8a4d5a4955424f872d7da244eb8b10 7c758e6d25d24f9e8722aa6aabe72f94 - - -] Version for resource type Trunk changed None to 1.1 on consumer Open vSwitch agent@localhost.localdomain _set_version /usr/lib/python2.7/site-packages/neutron/api/rpc/callbacks/version_manager.py:119
2018-06-27 05:12:57.372 5324 DEBUG neutron.api.rpc.callbacks.version_manager [req-c82c0667-2573-41db-8d06-66e9b4c3685a 9b8a4d5a4955424f872d7da244eb8b10 7c758e6d25d24f9e8722aa6aabe72f94 - - -] Version for resource type QosPolicy changed None to 1.6 on consumer Open vSwitch agent@localhost.localdomain _set_version /usr/lib/python2.7/site-packages/neutron/api/rpc/callbacks/version_manager.py:119
2018-06-27 05:12:57.373 5324 DEBUG neutron.api.rpc.callbacks.version_manager [req-c82c0667-2573-41db-8d06-66e9b4c3685a 9b8a4d5a4955424f872d7da244eb8b10 7c758e6d25d24f9e8722aa6aabe72f94 - - -] Version for resource type Port changed None to 1.1 on consumer Open vSwitch agent@localhost.localdomain _set_version /usr/lib/python2.7/site-packages/neutron/api/rpc/callbacks/version_manager.py:119
2018-06-27 05:12:57.374 5324 DEBUG neutron.api.rpc.callbacks.version_manager [req-c82c0667-2573-41db-8d06-66e9b4c3685a 9b8a4d5a4955424f872d7da244eb8b10 7c758e6d25d24f9e8722aa6aabe72f94 - - -] Version for resource type Log changed None to 1.0 on consumer Open vSwitch agent@localhost.localdomain _set_version /usr/lib/python2.7/site-packages/neutron/api/rpc/callbacks/version_manager.py:119
2018-06-27 05:12:57.401 5324 DEBUG neutron.quota.resource [req-c82c0667-2573-41db-8d06-66e9b4c3685a 9b8a4d5a4955424f872d7da244eb8b10 7c758e6d25d24f9e8722aa6aabe72f94 - 6d1e3b9a6f4a48fcb98cd917ebd08ee6 6d1e3b9a6f4a48fcb98cd917ebd08ee6] Persisted dirty status for tenant:7c758e6d25d24f9e8722aa6aabe72f94 on resource:security_group_rule mark_dirty /usr/lib/python2.7/site-packages/neutron/quota/resource.py:207
2018-06-27 05:12:57.405 5324 DEBUG oslo_concurrency.lockutils [req-c82c0667-2573-41db-8d06-66e9b4c3685a 9b8a4d5a4955424f872d7da244eb8b10 7c758e6d25d24f9e8722aa6aabe72f94 - - -] Lock "event-dispatch" released by "neutron.plugins.ml2.ovo_rpc.dispatch_events" :: held 0.132s inner /usr/lib/python2.7/site-packages/oslo_concurrency/lockutils.py:282
2018-06-27 05:12:57.416 5324 DEBUG neutron_lib.callbacks.manager [req-c82c0667-2573-41db-8d06-66e9b4c3685a 9b8a4d5a4955424f872d7da244eb8b10 7c758e6d25d24f9e8722aa6aabe72f94 - 6d1e3b9a6f4a48fcb98cd917ebd08ee6 6d1e3b9a6f4a48fcb98cd917ebd08ee6] Notify callbacks [] for security_group_rule, before_response _notify_loop /usr/lib/python2.7/site-packages/neutron_lib/callbacks/manager.py:167
2018-06-27 05:12:57.418 5324 INFO neutron.wsgi [req-c82c0667-2573-41db-8d06-66e9b4c3685a 9b8a4d5a4955424f872d7da244eb8b10 7c758e6d25d24f9e8722aa6aabe72f94 - 6d1e3b9a6f4a48fcb98cd917ebd08ee6 6d1e3b9a6f4a48fcb98cd917ebd08ee6] 10.0.20.25 "POST /v2.0/security-group-rules HTTP/1.1" status: 201  len: 718 time: 0.4907429
2018-06-27 05:13:00.556 5327 DEBUG neutron_lib.callbacks.manager [req-5055ef54-ef58-45aa-8c7f-3c57952dbf28 - - - - -] Notify callbacks ['neutron.services.segments.db._update_segment_host_mapping_for_agent-8742816101682'] for agent, after_update _notify_loop /usr/lib/python2.7/site-packages/neutron_lib/callbacks/manager.py:167
2018-06-27 05:13:00.593 5334 DEBUG neutron_lib.callbacks.manager [req-0075a450-7723-4590-8181-b3986ee13362 - - - - -] Notify callbacks ['neutron.services.segments.db._update_segment_host_mapping_for_agent-8742816101682'] for agent, after_update _notify_loop /usr/lib/python2.7/site-packages/neutron_lib/callbacks/manager.py:167
2018-06-27 05:13:00.680 5332 DEBUG neutron_lib.callbacks.manager [req-6a07889e-7575-48ab-a327-ab89fbae17bf - - - - -] Notify callbacks ['neutron.services.segments.db._update_segment_host_mapping_for_agent-8742816101682'] for agent, after_update _notify_loop /usr/lib/python2.7/site-packages/neutron_lib/callbacks/manager.py:167
2018-06-27 05:13:01.290 5325 DEBUG neutron_lib.callbacks.manager [req-43e679fb-2ce1-48f7-a187-59c6f30988c6 - - - - -] Notify callbacks ['neutron.services.segments.db._update_segment_host_mapping_for_agent-8742816101682'] for agent, after_update _notify_loop /usr/lib/python2.7/site-packages/neutron_lib/callbacks/manager.py:167
2018-06-27 05:13:04.573 5326 DEBUG neutron_lib.callbacks.manager [req-eb428074-04f1-442e-9dc1-c84ea31865f2 - - - - -] Notify callbacks ['neutron.services.segments.db._update_segment_host_mapping_for_agent-8742816101682'] for agent, after_update _notify_loop /usr/lib/python2.7/site-packages/neutron_lib/callbacks/manager.py:167
2018-06-27 05:13:05.490 5324 DEBUG neutron.wsgi [-] (5324) accepted ('10.0.20.25', 36712) server /usr/lib/python2.7/site-packages/eventlet/wsgi.py:883
2018-06-27 05:13:05.494 5324 INFO neutron.wsgi [-] 10.0.20.25 "GET / HTTP/1.1" status: 200  len: 252 time: 0.0018759
2018-06-27 05:13:06.465 5324 INFO neutron.wsgi [req-367b8b48-f07a-4ad2-aca8-0ff4596d191f 9b8a4d5a4955424f872d7da244eb8b10 7c758e6d25d24f9e8722aa6aabe72f94 - 6d1e3b9a6f4a48fcb98cd917ebd08ee6 6d1e3b9a6f4a48fcb98cd917ebd08ee6] 10.0.20.25 "GET /v2.0/security-groups HTTP/1.1" status: 200  len: 40026 time: 0.9677858
2018-06-27 05:13:16.504 5324 DEBUG neutron.wsgi [-] (5324) accepted ('10.0.20.25', 36722) server /usr/lib/python2.7/site-packages/eventlet/wsgi.py:883
2018-06-27 05:13:16.509 5324 INFO neutron.wsgi [-] 10.0.20.25 "GET / HTTP/1.1" status: 200  len: 252 time: 0.0028548
2018-06-27 05:13:17.214 5324 INFO neutron.pecan_wsgi.hooks.translation [req-ade06268-cdab-46b1-8006-673bbc231293 82758ee9dbed4bdf919e32bc6135cc36 f7db0ec7eef2499fb14973cea9da1187 - default default] GET failed (client error): The resource could not be found.
2018-06-27 05:13:17.217 5324 INFO neutron.wsgi [req-ade06268-cdab-46b1-8006-673bbc231293 82758ee9dbed4bdf919e32bc6135cc36 f7db0ec7eef2499fb14973cea9da1187 - default default] 10.0.20.25 "GET /v2.0/networks/public HTTP/1.1" status: 404  len: 314 time: 0.7006831
2018-06-27 05:13:17.807 5324 DEBUG neutron.pecan_wsgi.hooks.policy_enforcement [req-07ecae08-6ad7-4fef-b46f-8195c482640b 82758ee9dbed4bdf919e32bc6135cc36 f7db0ec7eef2499fb14973cea9da1187 - default default] Attributes excluded by policy engine: [u'vlan_transparent'] _exclude_attributes_by_policy /usr/lib/python2.7/site-packages/neutron/pecan_wsgi/hooks/policy_enforcement.py:256
2018-06-27 05:13:17.809 5324 DEBUG neutron.pecan_wsgi.hooks.policy_enforcement [req-07ecae08-6ad7-4fef-b46f-8195c482640b 82758ee9dbed4bdf919e32bc6135cc36 f7db0ec7eef2499fb14973cea9da1187 - default default] Attributes excluded by policy engine: [u'vlan_transparent'] _exclude_attributes_by_policy /usr/lib/python2.7/site-packages/neutron/pecan_wsgi/hooks/policy_enforcement.py:256
2018-06-27 05:13:17.814 5324 DEBUG neutron.pecan_wsgi.hooks.policy_enforcement [req-07ecae08-6ad7-4fef-b46f-8195c482640b 82758ee9dbed4bdf919e32bc6135cc36 f7db0ec7eef2499fb14973cea9da1187 - default default] Attributes excluded by policy engine: [u'vlan_transparent'] _exclude_attributes_by_policy /usr/lib/python2.7/site-packages/neutron/pecan_wsgi/hooks/policy_enforcement.py:256
2018-06-27 05:13:17.818 5324 INFO neutron.wsgi [req-07ecae08-6ad7-4fef-b46f-8195c482640b 82758ee9dbed4bdf919e32bc6135cc36 f7db0ec7eef2499fb14973cea9da1187 - default default] 10.0.20.25 "GET /v2.0/networks HTTP/1.1" status: 200  len: 2214 time: 0.5921731
2018-06-27 05:13:21.227 5336 DEBUG neutron.db.agents_db [req-6ec39776-7847-4fe1-b732-bd3141c53759 - - - - -] Agent healthcheck: found 5 active agents agent_health_check /usr/lib/python2.7/site-packages/neutron/db/agents_db.py:281
2018-06-27 05:13:26.068 5323 DEBUG neutron.wsgi [-] (5323) accepted ('10.0.20.25', 36730) server /usr/lib/python2.7/site-packages/eventlet/wsgi.py:883
2018-06-27 05:13:26.080 5323 INFO neutron.wsgi [-] 10.0.20.25 "GET / HTTP/1.1" status: 200  len: 252 time: 0.0061069
2018-06-27 05:13:26.502 5323 DEBUG neutron.api.v2.base [req-fb95b989-5c3a-4ff3-8e01-7a3a61b3479f 9b8a4d5a4955424f872d7da244eb8b10 7c758e6d25d24f9e8722aa6aabe72f94 - 6d1e3b9a6f4a48fcb98cd917ebd08ee6 6d1e3b9a6f4a48fcb98cd917ebd08ee6] Request body: {u'network': {u'name': u'tempest-private-1530069065', u'admin_state_up': True}} prepare_request_body /usr/lib/python2.7/site-packages/neutron/api/v2/base.py:695
2018-06-27 05:13:26.505 5323 INFO neutron.quota [req-fb95b989-5c3a-4ff3-8e01-7a3a61b3479f 9b8a4d5a4955424f872d7da244eb8b10 7c758e6d25d24f9e8722aa6aabe72f94 - 6d1e3b9a6f4a48fcb98cd917ebd08ee6 6d1e3b9a6f4a48fcb98cd917ebd08ee6] Loaded quota_driver: <neutron.db.quota.driver.DbQuotaDriver object at 0x7f3986243590>.
2018-06-27 05:13:26.523 5323 DEBUG neutron.db.quota.driver [req-fb95b989-5c3a-4ff3-8e01-7a3a61b3479f 9b8a4d5a4955424f872d7da244eb8b10 7c758e6d25d24f9e8722aa6aabe72f94 - 6d1e3b9a6f4a48fcb98cd917ebd08ee6 6d1e3b9a6f4a48fcb98cd917ebd08ee6] Resources subnetpool have unlimited quota limit. It is not required to calculate headroom  make_reservation /usr/lib/python2.7/site-packages/neutron/db/quota/driver.py:223
2018-06-27 05:13:26.535 5323 DEBUG neutron.quota.resource [req-fb95b989-5c3a-4ff3-8e01-7a3a61b3479f 9b8a4d5a4955424f872d7da244eb8b10 7c758e6d25d24f9e8722aa6aabe72f94 - 6d1e3b9a6f4a48fcb98cd917ebd08ee6 6d1e3b9a6f4a48fcb98cd917ebd08ee6] Usage tracker for resource:network and tenant:7c758e6d25d24f9e8722aa6aabe72f94 is out of sync, need to count used quota count_used /usr/lib/python2.7/site-packages/neutron/quota/resource.py:274
2018-06-27 05:13:26.550 5323 DEBUG neutron.quota.resource [req-fb95b989-5c3a-4ff3-8e01-7a3a61b3479f 9b8a4d5a4955424f872d7da244eb8b10 7c758e6d25d24f9e8722aa6aabe72f94 - 6d1e3b9a6f4a48fcb98cd917ebd08ee6 6d1e3b9a6f4a48fcb98cd917ebd08ee6] Quota usage for network was recalculated. Used quota:0. count_used /usr/lib/python2.7/site-packages/neutron/quota/resource.py:293
2018-06-27 05:13:26.567 5323 DEBUG neutron.db.quota.driver [req-fb95b989-5c3a-4ff3-8e01-7a3a61b3479f 9b8a4d5a4955424f872d7da244eb8b10 7c758e6d25d24f9e8722aa6aabe72f94 - 6d1e3b9a6f4a48fcb98cd917ebd08ee6 6d1e3b9a6f4a48fcb98cd917ebd08ee6] Attempting to reserve 1 items for resource network. Total usage: 0; quota limit: 100; headroom:100 make_reservation /usr/lib/python2.7/site-packages/neutron/db/quota/driver.py:255
2018-06-27 05:13:26.622 5323 DEBUG neutron.pecan_wsgi.hooks.quota_enforcement [req-fb95b989-5c3a-4ff3-8e01-7a3a61b3479f 9b8a4d5a4955424f872d7da244eb8b10 7c758e6d25d24f9e8722aa6aabe72f94 - 6d1e3b9a6f4a48fcb98cd917ebd08ee6 6d1e3b9a6f4a48fcb98cd917ebd08ee6] Made reservation on behalf of 7c758e6d25d24f9e8722aa6aabe72f94 for: {'network': 1} before /usr/lib/python2.7/site-packages/neutron/pecan_wsgi/hooks/quota_enforcement.py:55
2018-06-27 05:13:26.631 5323 DEBUG neutron_lib.callbacks.manager [req-fb95b989-5c3a-4ff3-8e01-7a3a61b3479f 9b8a4d5a4955424f872d7da244eb8b10 7c758e6d25d24f9e8722aa6aabe72f94 - 6d1e3b9a6f4a48fcb98cd917ebd08ee6 6d1e3b9a6f4a48fcb98cd917ebd08ee6] Notify callbacks ['neutron.plugins.ml2.plugin.Ml2Plugin._ensure_default_security_group_handler--9223372036854034592'] for network, before_create _notify_loop /usr/lib/python2.7/site-packages/neutron_lib/callbacks/manager.py:167
2018-06-27 05:13:26.756 5323 DEBUG neutron.plugins.ml2.drivers.helpers [req-fb95b989-5c3a-4ff3-8e01-7a3a61b3479f 9b8a4d5a4955424f872d7da244eb8b10 7c758e6d25d24f9e8722aa6aabe72f94 - 6d1e3b9a6f4a48fcb98cd917ebd08ee6 6d1e3b9a6f4a48fcb98cd917ebd08ee6] vxlan segment allocate from pool started with {'vxlan_vni': 51}  allocate_partially_specified_segment /usr/lib/python2.7/site-packages/neutron/plugins/ml2/drivers/helpers.py:157
2018-06-27 05:13:26.764 5323 DEBUG neutron.plugins.ml2.drivers.helpers [req-fb95b989-5c3a-4ff3-8e01-7a3a61b3479f 9b8a4d5a4955424f872d7da244eb8b10 7c758e6d25d24f9e8722aa6aabe72f94 - 6d1e3b9a6f4a48fcb98cd917ebd08ee6 6d1e3b9a6f4a48fcb98cd917ebd08ee6] vxlan segment allocate from pool success with {'vxlan_vni': 51}  allocate_partially_specified_segment /usr/lib/python2.7/site-packages/neutron/plugins/ml2/drivers/helpers.py:165
2018-06-27 05:13:26.803 5323 DEBUG neutron_lib.callbacks.manager [req-fb95b989-5c3a-4ff3-8e01-7a3a61b3479f 9b8a4d5a4955424f872d7da244eb8b10 7c758e6d25d24f9e8722aa6aabe72f94 - 6d1e3b9a6f4a48fcb98cd917ebd08ee6 6d1e3b9a6f4a48fcb98cd917ebd08ee6] Notify callbacks ['neutron.services.segments.db._add_segment_host_mapping_for_segment--9223363294038674119', 'neutron.plugins.ml2.plugin.Ml2Plugin._handle_segment_change--9223372036853845596'] for segment, precommit_create _notify_loop /usr/lib/python2.7/site-packages/neutron_lib/callbacks/manager.py:167
2018-06-27 05:13:26.805 5323 INFO neutron.db.segments_db [req-fb95b989-5c3a-4ff3-8e01-7a3a61b3479f 9b8a4d5a4955424f872d7da244eb8b10 7c758e6d25d24f9e8722aa6aabe72f94 - 6d1e3b9a6f4a48fcb98cd917ebd08ee6 6d1e3b9a6f4a48fcb98cd917ebd08ee6] Added segment b9164bfd-137c-4c97-9bca-86c2fb913c8a of type vxlan for network 40f286b6-2528-4882-8372-a7aa9c7ee77d
2018-06-27 05:13:26.939 5323 DEBUG neutron_lib.callbacks.manager [req-fb95b989-5c3a-4ff3-8e01-7a3a61b3479f 9b8a4d5a4955424f872d7da244eb8b10 7c758e6d25d24f9e8722aa6aabe72f94 - 6d1e3b9a6f4a48fcb98cd917ebd08ee6 6d1e3b9a6f4a48fcb98cd917ebd08ee6] Notify callbacks ['neutron.services.auto_allocate.db._ensure_external_network_default_value_callback--9223363294039086038'] for network, precommit_create _notify_loop /usr/lib/python2.7/site-packages/neutron_lib/callbacks/manager.py:167
2018-06-27 05:13:27.018 5323 DEBUG neutron_lib.callbacks.manager [req-fb95b989-5c3a-4ff3-8e01-7a3a61b3479f 9b8a4d5a4955424f872d7da244eb8b10 7c758e6d25d24f9e8722aa6aabe72f94 - 6d1e3b9a6f4a48fcb98cd917ebd08ee6 6d1e3b9a6f4a48fcb98cd917ebd08ee6] Notify callbacks ['neutron.plugins.ml2.ovo_rpc._ObjectChangeHandler.handle_event-1801538', 'neutron.api.rpc.agentnotifiers.dhcp_rpc_agent_api.DhcpAgentNotifyAPI._native_event_send_dhcp_notification-1758191'] for network, after_create _notify_loop /usr/lib/python2.7/site-packages/neutron_lib/callbacks/manager.py:167
2018-06-27 05:13:27.021 5323 DEBUG neutron.pecan_wsgi.hooks.policy_enforcement [req-fb95b989-5c3a-4ff3-8e01-7a3a61b3479f 9b8a4d5a4955424f872d7da244eb8b10 7c758e6d25d24f9e8722aa6aabe72f94 - 6d1e3b9a6f4a48fcb98cd917ebd08ee6 6d1e3b9a6f4a48fcb98cd917ebd08ee6] Attributes excluded by policy engine: [u'vlan_transparent'] _exclude_attributes_by_policy /usr/lib/python2.7/site-packages/neutron/pecan_wsgi/hooks/policy_enforcement.py:256
2018-06-27 05:13:27.022 5323 DEBUG neutron_lib.callbacks.manager [req-fb95b989-5c3a-4ff3-8e01-7a3a61b3479f 9b8a4d5a4955424f872d7da244eb8b10 7c758e6d25d24f9e8722aa6aabe72f94 - 6d1e3b9a6f4a48fcb98cd917ebd08ee6 6d1e3b9a6f4a48fcb98cd917ebd08ee6] Notify callbacks ['neutron.api.rpc.agentnotifiers.dhcp_rpc_agent_api.DhcpAgentNotifyAPI._send_dhcp_notification-1758204'] for network, before_response _notify_loop /usr/lib/python2.7/site-packages/neutron_lib/callbacks/manager.py:167
2018-06-27 05:13:27.025 5323 DEBUG oslo_concurrency.lockutils [-] Lock "event-dispatch" acquired by "neutron.plugins.ml2.ovo_rpc.dispatch_events" :: waited 0.000s inner /usr/lib/python2.7/site-packages/oslo_concurrency/lockutils.py:270
2018-06-27 05:13:27.211 5323 DEBUG neutron.quota.resource [req-fb95b989-5c3a-4ff3-8e01-7a3a61b3479f 9b8a4d5a4955424f872d7da244eb8b10 7c758e6d25d24f9e8722aa6aabe72f94 - 6d1e3b9a6f4a48fcb98cd917ebd08ee6 6d1e3b9a6f4a48fcb98cd917ebd08ee6] Persisted dirty status for tenant:7c758e6d25d24f9e8722aa6aabe72f94 on resource:network mark_dirty /usr/lib/python2.7/site-packages/neutron/quota/resource.py:207
