2018-09-13 19:23:57.553 24088 DEBUG neutron.wsgi [-] (24088) accepted ('10.0.20.24', 42218) server /usr/lib/python2.7/site-packages/eventlet/wsgi.py:883
2018-09-13 19:23:57.587 24099 DEBUG novaclient.v2.client [-] REQ: curl -g -i -X POST http://10.0.20.24:8774/v2.1/a6274edd06114a55b9dc116852780190/os-server-external-events -H "User-Agent: python-novaclient" -H "Content-Type: application/json" -H "Accept: application/json" -H "X-OpenStack-Nova-API-Version: 2.1" -H "X-Auth-Token: {SHA1}e9ea987da0fab0ba91d37667f098f5d644264882" -d '{"events": [{"status": "completed", "tag": "edffe885-0556-4844-ad32-20745b485142", "name": "network-vif-plugged", "server_uuid": "37157c39-899c-4e18-86f9-9f35c7ca5a44"}]}' _http_log_request /usr/lib/python2.7/site-packages/keystoneauth1/session.py:375
2018-09-13 19:23:58.902 24099 DEBUG novaclient.v2.client [-] RESP: [200] Content-Length: 183 Content-Type: application/json Openstack-Api-Version: compute 2.1 X-Openstack-Nova-Api-Version: 2.1 Vary: OpenStack-API-Version, X-OpenStack-Nova-API-Version X-Openstack-Request-Id: req-c20b9650-58d2-422c-a7ec-2a98f5f130a8 X-Compute-Request-Id: req-c20b9650-58d2-422c-a7ec-2a98f5f130a8 Date: Thu, 13 Sep 2018 23:23:58 GMT Connection: keep-alive 
RESP BODY: {"events": [{"status": "completed", "tag": "edffe885-0556-4844-ad32-20745b485142", "name": "network-vif-plugged", "server_uuid": "37157c39-899c-4e18-86f9-9f35c7ca5a44", "code": 200}]}
 _http_log_response /usr/lib/python2.7/site-packages/keystoneauth1/session.py:423
2018-09-13 19:23:58.902 24099 DEBUG novaclient.v2.client [-] POST call to compute for http://10.0.20.24:8774/v2.1/a6274edd06114a55b9dc116852780190/os-server-external-events used request id req-c20b9650-58d2-422c-a7ec-2a98f5f130a8 request /usr/lib/python2.7/site-packages/keystoneauth1/session.py:727
2018-09-13 19:23:58.920 24099 INFO neutron.notifiers.nova [-] Nova event response: {u'status': u'completed', u'tag': u'edffe885-0556-4844-ad32-20745b485142', u'name': u'network-vif-plugged', u'server_uuid': u'37157c39-899c-4e18-86f9-9f35c7ca5a44', u'code': 200}
2018-09-13 19:23:59.304 24088 INFO neutron.wsgi [req-856685f1-cbc1-4092-a7d6-143fa55abaff 0da226585bef4b18bba172a108554741 4ff000cdf8ca44d195d9bda6d958550d - 9e663bce5c714337ba53f134875a671a 9e663bce5c714337ba53f134875a671a] 10.0.20.24 "GET /v2.0/ports?device_id=37157c39-899c-4e18-86f9-9f35c7ca5a44 HTTP/1.1" status: 200  len: 1125 time: 1.7473681
2018-09-13 19:23:59.458 24088 INFO neutron.wsgi [req-fe06f537-ce4f-4cfd-89d4-d550dea5e3c9 0da226585bef4b18bba172a108554741 4ff000cdf8ca44d195d9bda6d958550d - 9e663bce5c714337ba53f134875a671a 9e663bce5c714337ba53f134875a671a] 10.0.20.24 "GET /v2.0/security-groups?id=29ee0b9b-7634-4050-9a7d-9c37e4b498b8 HTTP/1.1" status: 200  len: 2118 time: 0.1448650
2018-09-13 19:23:59.961 24098 DEBUG neutron_lib.callbacks.manager [req-cf68db21-5a7e-441c-b0dd-4b74e5d9df94 - - - - -] Notify callbacks ['neutron.services.segments.db._update_segment_host_mapping_for_agent--9223363274809746104'] for agent, after_update _notify_loop /usr/lib/python2.7/site-packages/neutron_lib/callbacks/manager.py:167
2018-09-13 19:24:00.921 24099 DEBUG oslo_concurrency.lockutils [-] Lock "notifier-0e814a2f-a84e-4722-906b-79975c655b09" released by "neutron.notifiers.batch_notifier.synced_send" :: held 4.839s inner /usr/lib/python2.7/site-packages/oslo_concurrency/lockutils.py:282
2018-09-13 19:24:10.950 24106 DEBUG neutron.db.agents_db [req-9a45eeea-583e-4bd0-a359-b017f8a8a9ae - - - - -] Agent healthcheck: found 5 active agents agent_health_check /usr/lib/python2.7/site-packages/neutron/db/agents_db.py:281
2018-09-13 19:24:16.707 24101 DEBUG neutron_lib.callbacks.manager [req-908ea8e2-7c4c-4f98-bd70-437d3976f049 - - - - -] Notify callbacks ['neutron.services.segments.db._update_segment_host_mapping_for_agent--9223363274809746104'] for agent, after_update _notify_loop /usr/lib/python2.7/site-packages/neutron_lib/callbacks/manager.py:167
2018-09-13 19:24:18.601 24103 DEBUG neutron_lib.callbacks.manager [req-1054ade6-91d3-4d44-bce9-c1624905c5d7 - - - - -] Notify callbacks ['neutron.services.segments.db._update_segment_host_mapping_for_agent--9223363274809746104'] for agent, after_update _notify_loop /usr/lib/python2.7/site-packages/neutron_lib/callbacks/manager.py:167
2018-09-13 19:24:19.566 24104 DEBUG neutron_lib.callbacks.manager [req-4a7be6b5-7951-4b2f-b725-686ecb2220ee - - - - -] Notify callbacks ['neutron.services.segments.db._update_segment_host_mapping_for_agent--9223363274809746104'] for agent, after_update _notify_loop /usr/lib/python2.7/site-packages/neutron_lib/callbacks/manager.py:167
2018-09-13 19:24:22.827 24102 DEBUG neutron_lib.callbacks.manager [req-6aff4b84-b3bb-49db-a940-dc60e3af5a80 - - - - -] Notify callbacks ['neutron.services.segments.db._update_segment_host_mapping_for_agent--9223363274809746104'] for agent, after_update _notify_loop /usr/lib/python2.7/site-packages/neutron_lib/callbacks/manager.py:167
2018-09-13 19:24:29.002 24090 INFO neutron.wsgi [req-ad0411dc-73fd-46c7-b069-b22427d13e53 392423df3617489b9a4259e561d5ba29 a6274edd06114a55b9dc116852780190 - default default] 10.0.20.24 "GET /v2.0/ports?device_id=37157c39-899c-4e18-86f9-9f35c7ca5a44 HTTP/1.1" status: 200  len: 1125 time: 0.2162480
2018-09-13 19:24:29.220 24090 INFO neutron.wsgi [req-7c3f0b5c-fb90-4655-a337-b43ace5da0de 392423df3617489b9a4259e561d5ba29 a6274edd06114a55b9dc116852780190 - default default] 10.0.20.24 "GET /v2.0/security-groups?id=29ee0b9b-7634-4050-9a7d-9c37e4b498b8 HTTP/1.1" status: 200  len: 2118 time: 0.2072639
2018-09-13 19:24:29.977 24105 DEBUG neutron_lib.callbacks.manager [req-cf68db21-5a7e-441c-b0dd-4b74e5d9df94 - - - - -] Notify callbacks ['neutron.services.segments.db._update_segment_host_mapping_for_agent--9223363274809746104'] for agent, after_update _notify_loop /usr/lib/python2.7/site-packages/neutron_lib/callbacks/manager.py:167
2018-09-13 19:24:30.527 24090 INFO neutron.wsgi [req-9f943ba7-414e-474d-9eef-0bc544bea664 392423df3617489b9a4259e561d5ba29 a6274edd06114a55b9dc116852780190 - default default] 10.0.20.24 "GET /v2.0/ports?device_id=37157c39-899c-4e18-86f9-9f35c7ca5a44 HTTP/1.1" status: 200  len: 1125 time: 0.1486080
2018-09-13 19:24:30.697 24090 INFO neutron.wsgi [req-9610cdc9-ae10-4acc-97ac-51a0b1d79bd8 392423df3617489b9a4259e561d5ba29 a6274edd06114a55b9dc116852780190 - default default] 10.0.20.24 "GET /v2.0/security-groups?id=29ee0b9b-7634-4050-9a7d-9c37e4b498b8 HTTP/1.1" status: 200  len: 2118 time: 0.1592748
2018-09-13 19:24:33.435 24089 DEBUG neutron.wsgi [-] (24089) accepted ('10.0.20.24', 42342) server /usr/lib/python2.7/site-packages/eventlet/wsgi.py:883
2018-09-13 19:24:33.459 24089 WARNING keystonemiddleware.auth_token [-] Using the in-process token cache is deprecated as of the 4.2.0 release and may be removed in the 5.0.0 release or the 'O' development cycle. The in-process cache causes inconsistent results and high memory usage. When the feature is removed the auth_token middleware will not cache tokens by default which may result in performance issues. It is recommended to use  memcache for the auth_token token cache by setting the memcached_servers option.
2018-09-13 19:24:35.699 24089 DEBUG oslo_policy._cache_handler [req-01d4806c-3474-449e-9ec2-70345f8f1f48 392423df3617489b9a4259e561d5ba29 a6274edd06114a55b9dc116852780190 - default default] Reloading cached file /etc/neutron/policy.json read_cached_file /usr/lib/python2.7/site-packages/oslo_policy/_cache_handler.py:40
2018-09-13 19:24:35.750 24089 DEBUG oslo_policy.policy [req-01d4806c-3474-449e-9ec2-70345f8f1f48 392423df3617489b9a4259e561d5ba29 a6274edd06114a55b9dc116852780190 - default default] Reloaded policy file: /etc/neutron/policy.json _load_policy_file /usr/lib/python2.7/site-packages/oslo_policy/policy.py:685
2018-09-13 19:24:36.362 24089 DEBUG oslo_policy._cache_handler [req-01d4806c-3474-449e-9ec2-70345f8f1f48 392423df3617489b9a4259e561d5ba29 a6274edd06114a55b9dc116852780190 - default default] Reloading cached file /etc/neutron/policy.json read_cached_file /usr/lib/python2.7/site-packages/oslo_policy/_cache_handler.py:40
2018-09-13 19:24:36.388 24089 DEBUG oslo_policy.policy [req-01d4806c-3474-449e-9ec2-70345f8f1f48 392423df3617489b9a4259e561d5ba29 a6274edd06114a55b9dc116852780190 - default default] Reloaded policy file: /etc/neutron/policy.json _load_policy_file /usr/lib/python2.7/site-packages/oslo_policy/policy.py:685
2018-09-13 19:24:36.398 24089 INFO neutron.wsgi [req-01d4806c-3474-449e-9ec2-70345f8f1f48 392423df3617489b9a4259e561d5ba29 a6274edd06114a55b9dc116852780190 - default default] 10.0.20.24 "GET /v2.0/ports?device_id=37157c39-899c-4e18-86f9-9f35c7ca5a44 HTTP/1.1" status: 200  len: 1125 time: 2.9487321
2018-09-13 19:24:36.834 24089 INFO neutron.wsgi [req-623753fc-83dd-48ee-b623-3c80f8297dd8 392423df3617489b9a4259e561d5ba29 a6274edd06114a55b9dc116852780190 - default default] 10.0.20.24 "GET /v2.0/security-groups?id=29ee0b9b-7634-4050-9a7d-9c37e4b498b8 HTTP/1.1" status: 200  len: 2118 time: 0.4268410
2018-09-13 19:24:42.211 24090 INFO neutron.wsgi [req-3c0cdf51-433f-41df-90ef-034170d41d69 392423df3617489b9a4259e561d5ba29 a6274edd06114a55b9dc116852780190 - default default] 10.0.20.24 "GET /v2.0/ports?device_id=37157c39-899c-4e18-86f9-9f35c7ca5a44 HTTP/1.1" status: 200  len: 1125 time: 0.2322130
2018-09-13 19:24:42.373 24090 INFO neutron.wsgi [req-b929d821-bd1d-4cf1-93ef-d0b994d06db0 392423df3617489b9a4259e561d5ba29 a6274edd06114a55b9dc116852780190 - default default] 10.0.20.24 "GET /v2.0/security-groups?id=29ee0b9b-7634-4050-9a7d-9c37e4b498b8 HTTP/1.1" status: 200  len: 2118 time: 0.1519892
2018-09-13 19:24:43.271 24090 INFO neutron.wsgi [req-f91c6dfd-005f-4abe-b2bf-c7338f8424c7 392423df3617489b9a4259e561d5ba29 a6274edd06114a55b9dc116852780190 - default default] 10.0.20.24 "GET /v2.0/ports?device_id=37157c39-899c-4e18-86f9-9f35c7ca5a44 HTTP/1.1" status: 200  len: 1125 time: 0.1901979
2018-09-13 19:24:43.464 24090 INFO neutron.wsgi [req-4432e34d-264a-48df-b7b1-d00cdb8c3fe0 392423df3617489b9a4259e561d5ba29 a6274edd06114a55b9dc116852780190 - default default] 10.0.20.24 "GET /v2.0/security-groups?id=29ee0b9b-7634-4050-9a7d-9c37e4b498b8 HTTP/1.1" status: 200  len: 2118 time: 0.1772070
2018-09-13 19:24:46.632 24090 INFO neutron.wsgi [req-e0ec0ec3-8ed4-474e-b907-4ac9e4a87dae 392423df3617489b9a4259e561d5ba29 a6274edd06114a55b9dc116852780190 - default default] 10.0.20.24 "GET /v2.0/ports?device_id=37157c39-899c-4e18-86f9-9f35c7ca5a44 HTTP/1.1" status: 200  len: 1125 time: 0.1236029
2018-09-13 19:24:46.668 24100 DEBUG neutron_lib.callbacks.manager [req-55ac642e-764c-49c4-a1d6-4a3bed4b45a9 - - - - -] Notify callbacks ['neutron.services.segments.db._update_segment_host_mapping_for_agent--9223363274809746104'] for agent, after_update _notify_loop /usr/lib/python2.7/site-packages/neutron_lib/callbacks/manager.py:167
2018-09-13 19:24:46.751 24090 INFO neutron.wsgi [req-9c2e08f5-a9d2-46e4-b278-0831a7ba2897 392423df3617489b9a4259e561d5ba29 a6274edd06114a55b9dc116852780190 - default default] 10.0.20.24 "GET /v2.0/security-groups?id=29ee0b9b-7634-4050-9a7d-9c37e4b498b8 HTTP/1.1" status: 200  len: 2118 time: 0.1126401
2018-09-13 19:24:47.719 24090 INFO neutron.wsgi [req-6420818b-e627-450a-9438-6a987fdb9ca2 392423df3617489b9a4259e561d5ba29 a6274edd06114a55b9dc116852780190 - default default] 10.0.20.24 "GET /v2.0/ports?device_id=37157c39-899c-4e18-86f9-9f35c7ca5a44 HTTP/1.1" status: 200  len: 1125 time: 0.1085529
2018-09-13 19:24:47.841 24090 INFO neutron.wsgi [req-85ea1dc1-d0aa-4362-bf0b-3d4c707768a3 392423df3617489b9a4259e561d5ba29 a6274edd06114a55b9dc116852780190 - default default] 10.0.20.24 "GET /v2.0/security-groups?id=29ee0b9b-7634-4050-9a7d-9c37e4b498b8 HTTP/1.1" status: 200  len: 2118 time: 0.1125481
2018-09-13 19:24:47.933 24106 DEBUG neutron.db.agents_db [req-9a45eeea-583e-4bd0-a359-b017f8a8a9ae - - - - -] Agent healthcheck: found 5 active agents agent_health_check /usr/lib/python2.7/site-packages/neutron/db/agents_db.py:281
2018-09-13 19:24:48.575 24097 DEBUG neutron_lib.callbacks.manager [req-1054ade6-91d3-4d44-bce9-c1624905c5d7 - - - - -] Notify callbacks ['neutron.services.segments.db._update_segment_host_mapping_for_agent--9223363274809746104'] for agent, after_update _notify_loop /usr/lib/python2.7/site-packages/neutron_lib/callbacks/manager.py:167
2018-09-13 19:24:49.543 24099 DEBUG neutron_lib.callbacks.manager [req-4a7be6b5-7951-4b2f-b725-686ecb2220ee - - - - -] Notify callbacks ['neutron.services.segments.db._update_segment_host_mapping_for_agent--9223363274809746104'] for agent, after_update _notify_loop /usr/lib/python2.7/site-packages/neutron_lib/callbacks/manager.py:167
2018-09-13 19:24:52.831 24098 DEBUG neutron_lib.callbacks.manager [req-66a08bd5-d25e-4376-9150-d0e9036b3baa - - - - -] Notify callbacks ['neutron.services.segments.db._update_segment_host_mapping_for_agent--9223363274809746104'] for agent, after_update _notify_loop /usr/lib/python2.7/site-packages/neutron_lib/callbacks/manager.py:167
2018-09-13 19:24:55.920 24091 INFO neutron.wsgi [req-03c10cad-a6db-4c96-bfa3-ded9415f3630 392423df3617489b9a4259e561d5ba29 a6274edd06114a55b9dc116852780190 - default default] 10.0.20.24 "GET /v2.0/ports?tenant_id=4ff000cdf8ca44d195d9bda6d958550d&device_id=37157c39-899c-4e18-86f9-9f35c7ca5a44 HTTP/1.1" status: 200  len: 1125 time: 0.1670141
2018-09-13 19:24:56.609 24091 DEBUG neutron.pecan_wsgi.hooks.policy_enforcement [req-34f37485-6708-4ec3-b3cf-548267038700 392423df3617489b9a4259e561d5ba29 a6274edd06114a55b9dc116852780190 - default default] Attributes excluded by policy engine: [u'vlan_transparent'] _exclude_attributes_by_policy /usr/lib/python2.7/site-packages/neutron/pecan_wsgi/hooks/policy_enforcement.py:256
2018-09-13 19:24:56.613 24091 INFO neutron.wsgi [req-34f37485-6708-4ec3-b3cf-548267038700 392423df3617489b9a4259e561d5ba29 a6274edd06114a55b9dc116852780190 - default default] 10.0.20.24 "GET /v2.0/networks?id=36fd5292-af83-442e-a196-e3f9911d6abe HTTP/1.1" status: 200  len: 885 time: 0.6819608
2018-09-13 19:24:56.675 24091 INFO neutron.wsgi [req-35211735-933b-4481-b3b7-c8e1089d566f 392423df3617489b9a4259e561d5ba29 a6274edd06114a55b9dc116852780190 - default default] 10.0.20.24 "GET /v2.0/floatingips?fixed_ip_address=11.101.1.11&port_id=edffe885-0556-4844-ad32-20745b485142 HTTP/1.1" status: 200  len: 751 time: 0.0529320
2018-09-13 19:24:56.892 24091 DEBUG neutron.pecan_wsgi.hooks.policy_enforcement [req-9094e404-6155-479f-9a0d-879c0e8706b2 392423df3617489b9a4259e561d5ba29 a6274edd06114a55b9dc116852780190 - default default] Attributes excluded by policy engine: [u'shared'] _exclude_attributes_by_policy /usr/lib/python2.7/site-packages/neutron/pecan_wsgi/hooks/policy_enforcement.py:256
2018-09-13 19:24:56.897 24091 INFO neutron.wsgi [req-9094e404-6155-479f-9a0d-879c0e8706b2 392423df3617489b9a4259e561d5ba29 a6274edd06114a55b9dc116852780190 - default default] 10.0.20.24 "GET /v2.0/subnets?id=192109af-fe60-4310-9fa4-33c3650c7834 HTTP/1.1" status: 200  len: 847 time: 0.2116580
2018-09-13 19:24:57.084 24091 INFO neutron.wsgi [req-e10e2671-5e43-42af-9220-a03d3591e8dc 392423df3617489b9a4259e561d5ba29 a6274edd06114a55b9dc116852780190 - default default] 10.0.20.24 "GET /v2.0/ports?network_id=36fd5292-af83-442e-a196-e3f9911d6abe&device_owner=network%3Adhcp HTTP/1.1" status: 200  len: 1128 time: 0.1766450
2018-09-13 19:24:59.970 24101 DEBUG neutron_lib.callbacks.manager [req-cf68db21-5a7e-441c-b0dd-4b74e5d9df94 - - - - -] Notify callbacks ['neutron.services.segments.db._update_segment_host_mapping_for_agent--9223363274809746104'] for agent, after_update _notify_loop /usr/lib/python2.7/site-packages/neutron_lib/callbacks/manager.py:167
2018-09-13 19:25:12.488 24089 DEBUG neutron.wsgi [-] (24089) accepted ('10.0.20.24', 43568) server /usr/lib/python2.7/site-packages/eventlet/wsgi.py:883
2018-09-13 19:25:12.498 24089 INFO neutron.wsgi [-] 10.0.20.24 "GET / HTTP/1.1" status: 200  len: 252 time: 0.0045290
2018-09-13 19:25:13.122 24089 INFO neutron.api.v2.resource [req-d27e689b-aabe-4d09-9538-70e55cafe262 0da226585bef4b18bba172a108554741 4ff000cdf8ca44d195d9bda6d958550d - 9e663bce5c714337ba53f134875a671a 9e663bce5c714337ba53f134875a671a] show failed (client error): The resource could not be found.
2018-09-13 19:25:13.125 24089 INFO neutron.wsgi [req-d27e689b-aabe-4d09-9538-70e55cafe262 0da226585bef4b18bba172a108554741 4ff000cdf8ca44d195d9bda6d958550d - 9e663bce5c714337ba53f134875a671a 9e663bce5c714337ba53f134875a671a] 10.0.20.24 "GET /v2.0/floatingips/172.24.4.9 HTTP/1.1" status: 404  len: 324 time: 0.6206970
2018-09-13 19:25:13.171 24089 INFO neutron.wsgi [req-22851c54-5716-4aff-bd4f-d1d82db368a8 0da226585bef4b18bba172a108554741 4ff000cdf8ca44d195d9bda6d958550d - 9e663bce5c714337ba53f134875a671a 9e663bce5c714337ba53f134875a671a] 10.0.20.24 "GET /v2.0/floatingips HTTP/1.1" status: 200  len: 1209 time: 0.0389411
2018-09-13 19:25:13.315 24089 DEBUG neutron.plugins.ml2.plugin [req-0cec1d88-9245-45bf-aa4b-27001cace5c0 0da226585bef4b18bba172a108554741 4ff000cdf8ca44d195d9bda6d958550d - 9e663bce5c714337ba53f134875a671a 9e663bce5c714337ba53f134875a671a] Deleting port 9e9b3594-f781-45bf-8f22-7ace677997c3 _pre_delete_port /usr/lib/python2.7/site-packages/neutron/plugins/ml2/plugin.py:1488
2018-09-13 19:25:13.316 24089 DEBUG neutron_lib.callbacks.manager [req-0cec1d88-9245-45bf-aa4b-27001cace5c0 0da226585bef4b18bba172a108554741 4ff000cdf8ca44d195d9bda6d958550d - 9e663bce5c714337ba53f134875a671a 9e663bce5c714337ba53f134875a671a] Notify callbacks ['neutron.db.l3_db._prevent_l3_port_delete_callback--9223363274809539557'] for port, before_delete _notify_loop /usr/lib/python2.7/site-packages/neutron_lib/callbacks/manager.py:167
2018-09-13 19:25:13.865 24089 DEBUG neutron.plugins.ml2.plugin [req-0cec1d88-9245-45bf-aa4b-27001cace5c0 0da226585bef4b18bba172a108554741 4ff000cdf8ca44d195d9bda6d958550d - 9e663bce5c714337ba53f134875a671a 9e663bce5c714337ba53f134875a671a] Calling delete_port for 9e9b3594-f781-45bf-8f22-7ace677997c3 owned by network:floatingip delete_port /usr/lib/python2.7/site-packages/neutron/plugins/ml2/plugin.py:1547
2018-09-13 19:25:14.379 24089 DEBUG neutron_lib.callbacks.manager [req-0cec1d88-9245-45bf-aa4b-27001cace5c0 0da226585bef4b18bba172a108554741 4ff000cdf8ca44d195d9bda6d958550d - 9e663bce5c714337ba53f134875a671a 9e663bce5c714337ba53f134875a671a] Notify callbacks ['neutron.db.l3_db._notify_routers_callback-8762045239767', 'neutron.plugins.ml2.plugin.Ml2Plugin.notify_sg_on_port_change--9223372036850924832', 'neutron.api.rpc.agentnotifiers.dhcp_rpc_agent_api.DhcpAgentNotifyAPI._native_event_send_dhcp_notification--9223372036853989726', 'neutron.db.l3_dvrscheduler_db._notify_port_delete-8762044667276', 'neutron.plugins.ml2.ovo_rpc._ObjectChangeHandler.handle_event-537969'] for port, after_delete _notify_loop /usr/lib/python2.7/site-packages/neutron_lib/callbacks/manager.py:167
2018-09-13 19:25:15.304 24089 DEBUG oslo_concurrency.lockutils [-] Lock "event-dispatch" acquired by "neutron.plugins.ml2.ovo_rpc.dispatch_events" :: waited 0.000s inner /usr/lib/python2.7/site-packages/oslo_concurrency/lockutils.py:270
2018-09-13 19:25:15.417 24089 DEBUG neutron.api.rpc.handlers.resources_rpc [req-0cec1d88-9245-45bf-aa4b-27001cace5c0 0da226585bef4b18bba172a108554741 4ff000cdf8ca44d195d9bda6d958550d - - -] neutron.api.rpc.handlers.resources_rpc.ResourcesPushRpcApi method push called with arguments (<neutron_lib.context.Context object at 0x7f81284fb290>, [Port(admin_state_up=<?>,allowed_address_pairs=<?>,binding=<?>,binding_levels=<?>,created_at=<?>,data_plane_status=<?>,description=<?>,device_id=<?>,device_owner=<?>,dhcp_options=<?>,distributed_binding=<?>,dns=<?>,fixed_ips=<?>,id=9e9b3594-f781-45bf-8f22-7ace677997c3,mac_address=<?>,name=<?>,network_id=<?>,project_id=<?>,qos_policy_id=None,revision_number=<?>,security=<?>,security_group_ids=None,status=<?>,updated_at=<?>)], 'deleted') {} wrapper /usr/lib/python2.7/site-packages/oslo_log/helpers.py:66
2018-09-13 19:25:15.560 24089 DEBUG neutron.api.rpc.callbacks.version_manager [req-0cec1d88-9245-45bf-aa4b-27001cace5c0 0da226585bef4b18bba172a108554741 4ff000cdf8ca44d195d9bda6d958550d - - -] Version for resource type Subnet changed None to 1.0 on consumer Open vSwitch agent@localhost.localdomain _set_version /usr/lib/python2.7/site-packages/neutron/api/rpc/callbacks/version_manager.py:119
2018-09-13 19:25:15.561 24089 DEBUG neutron.api.rpc.callbacks.version_manager [req-0cec1d88-9245-45bf-aa4b-27001cace5c0 0da226585bef4b18bba172a108554741 4ff000cdf8ca44d195d9bda6d958550d - - -] Version for resource type Network changed None to 1.0 on consumer Open vSwitch agent@localhost.localdomain _set_version /usr/lib/python2.7/site-packages/neutron/api/rpc/callbacks/version_manager.py:119
2018-09-13 19:25:15.563 24089 DEBUG neutron.api.rpc.callbacks.version_manager [req-0cec1d88-9245-45bf-aa4b-27001cace5c0 0da226585bef4b18bba172a108554741 4ff000cdf8ca44d195d9bda6d958550d - - -] Version for resource type SubPort changed None to 1.0 on consumer Open vSwitch agent@localhost.localdomain _set_version /usr/lib/python2.7/site-packages/neutron/api/rpc/callbacks/version_manager.py:119
2018-09-13 19:25:15.564 24089 DEBUG neutron.api.rpc.callbacks.version_manager [req-0cec1d88-9245-45bf-aa4b-27001cace5c0 0da226585bef4b18bba172a108554741 4ff000cdf8ca44d195d9bda6d958550d - - -] Version for resource type SecurityGroup changed None to 1.0 on consumer Open vSwitch agent@localhost.localdomain _set_version /usr/lib/python2.7/site-packages/neutron/api/rpc/callbacks/version_manager.py:119
2018-09-13 19:25:15.564 24089 DEBUG neutron.api.rpc.callbacks.version_manager [req-0cec1d88-9245-45bf-aa4b-27001cace5c0 0da226585bef4b18bba172a108554741 4ff000cdf8ca44d195d9bda6d958550d - - -] Version for resource type SecurityGroupRule changed None to 1.0 on consumer Open vSwitch agent@localhost.localdomain _set_version /usr/lib/python2.7/site-packages/neutron/api/rpc/callbacks/version_manager.py:119
2018-09-13 19:25:15.565 24089 DEBUG neutron.api.rpc.callbacks.version_manager [req-0cec1d88-9245-45bf-aa4b-27001cace5c0 0da226585bef4b18bba172a108554741 4ff000cdf8ca44d195d9bda6d958550d - - -] Version for resource type Trunk changed None to 1.1 on consumer Open vSwitch agent@localhost.localdomain _set_version /usr/lib/python2.7/site-packages/neutron/api/rpc/callbacks/version_manager.py:119
2018-09-13 19:25:15.566 24089 DEBUG neutron.api.rpc.callbacks.version_manager [req-0cec1d88-9245-45bf-aa4b-27001cace5c0 0da226585bef4b18bba172a108554741 4ff000cdf8ca44d195d9bda6d958550d - - -] Version for resource type QosPolicy changed None to 1.6 on consumer Open vSwitch agent@localhost.localdomain _set_version /usr/lib/python2.7/site-packages/neutron/api/rpc/callbacks/version_manager.py:119
2018-09-13 19:25:15.567 24089 DEBUG neutron.api.rpc.callbacks.version_manager [req-0cec1d88-9245-45bf-aa4b-27001cace5c0 0da226585bef4b18bba172a108554741 4ff000cdf8ca44d195d9bda6d958550d - - -] Version for resource type Port changed None to 1.1 on consumer Open vSwitch agent@localhost.localdomain _set_version /usr/lib/python2.7/site-packages/neutron/api/rpc/callbacks/version_manager.py:119
2018-09-13 19:25:15.568 24089 DEBUG neutron.api.rpc.callbacks.version_manager [req-0cec1d88-9245-45bf-aa4b-27001cace5c0 0da226585bef4b18bba172a108554741 4ff000cdf8ca44d195d9bda6d958550d - - -] Version for resource type Log changed None to 1.0 on consumer Open vSwitch agent@localhost.localdomain _set_version /usr/lib/python2.7/site-packages/neutron/api/rpc/callbacks/version_manager.py:119
2018-09-13 19:25:15.572 24089 DEBUG neutron.api.rpc.callbacks.version_manager [req-0cec1d88-9245-45bf-aa4b-27001cace5c0 0da226585bef4b18bba172a108554741 4ff000cdf8ca44d195d9bda6d958550d - - -] Tracked resource versions report:
pushed versions:
{   'Log': set(['1.0']),
    'Network': set(['1.0']),
    'Port': set(['1.1']),
    'QosPolicy': set(['1.6']),
    'SecurityGroup': set(['1.0']),
    'SecurityGroupRule': set(['1.0']),
    'SubPort': set(['1.0']),
    'Subnet': set(['1.0']),
    'Trunk': set(['1.1'])}

consumer versions:
{   DHCP agent@localhost.localdomain: {   },
    L3 agent@localhost.localdomain: {   },
    Metadata agent@localhost.localdomain: {   },
    Metering agent@localhost.localdomain: {   },
    Open vSwitch agent@localhost.localdomain: {   u'Log': u'1.0',
                                                  u'Network': u'1.0',
                                                  u'Port': u'1.1',
                                                  u'QosPolicy': u'1.6',
                                                  u'SecurityGroup': u'1.0',
                                                  u'SecurityGroupRule': u'1.0',
                                                  u'SubPort': u'1.0',
                                                  u'Subnet': u'1.0',
                                                  u'Trunk': u'1.1'}}
 report /usr/lib/python2.7/site-packages/neutron/api/rpc/callbacks/version_manager.py:178
2018-09-13 19:25:15.634 24089 DEBUG oslo_concurrency.lockutils [req-0cec1d88-9245-45bf-aa4b-27001cace5c0 0da226585bef4b18bba172a108554741 4ff000cdf8ca44d195d9bda6d958550d - - -] Lock "event-dispatch" released by "neutron.plugins.ml2.ovo_rpc.dispatch_events" :: held 0.330s inner /usr/lib/python2.7/site-packages/oslo_concurrency/lockutils.py:282
2018-09-13 19:25:15.999 24089 DEBUG neutron.scheduler.l3_agent_scheduler [req-0cec1d88-9245-45bf-aa4b-27001cace5c0 0da226585bef4b18bba172a108554741 4ff000cdf8ca44d195d9bda6d958550d - 9e663bce5c714337ba53f134875a671a 9e663bce5c714337ba53f134875a671a] Router d6afde7d-5b4e-43b6-86bd-3b3bbd97c3ad has already been hosted by L3 agent 5abc080c-2542-43f1-8f39-0dc47ee4ff99 _get_candidates /usr/lib/python2.7/site-packages/neutron/scheduler/l3_agent_scheduler.py:141
2018-09-13 19:25:16.256 24089 DEBUG neutron.api.rpc.agentnotifiers.l3_rpc_agent_api [req-0cec1d88-9245-45bf-aa4b-27001cace5c0 0da226585bef4b18bba172a108554741 4ff000cdf8ca44d195d9bda6d958550d - 9e663bce5c714337ba53f134875a671a 9e663bce5c714337ba53f134875a671a] Notify agent at l3_agent.localhost.localdomain the message routers_updated _agent_notification /usr/lib/python2.7/site-packages/neutron/api/rpc/agentnotifiers/l3_rpc_agent_api.py:69
2018-09-13 19:25:16.319 24089 DEBUG neutron.quota.resource [req-0cec1d88-9245-45bf-aa4b-27001cace5c0 0da226585bef4b18bba172a108554741 4ff000cdf8ca44d195d9bda6d958550d - 9e663bce5c714337ba53f134875a671a 9e663bce5c714337ba53f134875a671a] Persisted dirty status for tenant:4ff000cdf8ca44d195d9bda6d958550d on resource:floatingip mark_dirty /usr/lib/python2.7/site-packages/neutron/quota/resource.py:207
2018-09-13 19:25:16.324 24100 DEBUG neutron.db.l3_hamode_db [req-3a32a6ef-b7f0-4a6b-a4ec-e44b7d414a1d - - - - -] neutron.services.l3_router.l3_router_plugin.L3RouterPlugin method get_ha_sync_data_for_host called with arguments (<neutron_lib.context.Context object at 0x7f8128373990>, u'localhost.localdomain', <neutron.db.models.agent.Agent[object at 7f81283bfa50] {id=u'5abc080c-2542-43f1-8f39-0dc47ee4ff99', agent_type=u'L3 agent', binary=u'neutron-l3-agent', topic=u'l3_agent', host=u'localhost.localdomain', availability_zone=u'nova', admin_state_up=True, created_at=datetime.datetime(2018, 9, 12, 22, 29, 15), started_at=datetime.datetime(2018, 9, 13, 23, 6, 16), heartbeat_timestamp=datetime.datetime(2018, 9, 13, 23, 24, 46), description=None, configurations=u'{"agent_mode": "legacy", "gateway_external_network_id": "", "handle_internal_only_routers": true, "routers": 2, "interfaces": 2, "floating_ips": 1, "interface_driver": "neutron.agent.linux.interface.OVSInterfaceDriver", "log_agent_heartbeats": false, "external_network_bridge": "", "ex_gw_ports": 2}', resource_versions=None, load=0}>) {'active': True, 'router_ids': ['d6afde7d-5b4e-43b6-86bd-3b3bbd97c3ad']} wrapper /usr/lib/python2.7/site-packages/oslo_log/helpers.py:66
2018-09-13 19:25:16.342 24089 DEBUG neutron.quota.resource [req-0cec1d88-9245-45bf-aa4b-27001cace5c0 0da226585bef4b18bba172a108554741 4ff000cdf8ca44d195d9bda6d958550d - 9e663bce5c714337ba53f134875a671a 9e663bce5c714337ba53f134875a671a] Persisted dirty status for tenant: on resource:port mark_dirty /usr/lib/python2.7/site-packages/neutron/quota/resource.py:207
2018-09-13 19:25:16.350 24089 DEBUG neutron_lib.callbacks.manager [req-0cec1d88-9245-45bf-aa4b-27001cace5c0 0da226585bef4b18bba172a108554741 4ff000cdf8ca44d195d9bda6d958550d - 9e663bce5c714337ba53f134875a671a 9e663bce5c714337ba53f134875a671a] Notify callbacks ['neutron.notifiers.nova.Notifier._send_nova_notification-37958'] for floatingip, before_response _notify_loop /usr/lib/python2.7/site-packages/neutron_lib/callbacks/manager.py:167
2018-09-13 19:25:16.476 24089 INFO neutron.wsgi [req-0cec1d88-9245-45bf-aa4b-27001cace5c0 0da226585bef4b18bba172a108554741 4ff000cdf8ca44d195d9bda6d958550d - 9e663bce5c714337ba53f134875a671a 9e663bce5c714337ba53f134875a671a] 10.0.20.24 "DELETE /v2.0/floatingips/4b869d86-55e5-46d9-8208-79f8e53499f1 HTTP/1.1" status: 204  len: 173 time: 3.2929740
2018-09-13 19:25:16.478 24089 DEBUG oslo_concurrency.lockutils [-] Lock "notifier-0e814a2f-a84e-4722-906b-79975c655b09" acquired by "neutron.notifiers.batch_notifier.synced_send" :: waited 0.000s inner /usr/lib/python2.7/site-packages/oslo_concurrency/lockutils.py:270
2018-09-13 19:25:16.479 24089 DEBUG neutron.notifiers.nova [-] Sending events: [{'tag': u'edffe885-0556-4844-ad32-20745b485142', 'name': 'network-changed', 'server_uuid': u'37157c39-899c-4e18-86f9-9f35c7ca5a44'}] send_events /usr/lib/python2.7/site-packages/neutron/notifiers/nova.py:242
2018-09-13 19:25:16.686 24103 DEBUG neutron_lib.callbacks.manager [req-43ce3f04-4da1-448f-aca6-6b1f5113e952 - - - - -] Notify callbacks ['neutron.services.segments.db._update_segment_host_mapping_for_agent--9223363274809746104'] for agent, after_update _notify_loop /usr/lib/python2.7/site-packages/neutron_lib/callbacks/manager.py:167
2018-09-13 19:25:17.236 24100 DEBUG neutron.db.l3_hamode_db [req-3a32a6ef-b7f0-4a6b-a4ec-e44b7d414a1d - - - - -] neutron.services.l3_router.l3_router_plugin.L3RouterPlugin method _process_sync_ha_data called with arguments (<neutron_lib.context.Context object at 0x7f8128373990>, [{'status': u'ACTIVE', '_interfaces': [{'status': u'ACTIVE', 'subnets': [{'dns_nameservers': [u'8.8.4.4'], 'ipv6_ra_mode': None, 'gateway_ip': u'11.101.1.1', 'cidr': u'11.101.1.0/24', 'id': u'192109af-fe60-4310-9fa4-33c3650c7834', 'subnetpool_id': None}], 'binding:host_id': u'localhost.localdomain', 'description': u'', 'allowed_address_pairs': [], 'tags': [], 'extra_dhcp_opts': [], 'updated_at': '2018-09-13T23:19:35Z', 'device_owner': u'network:router_interface', 'revision_number': 7, 'port_security_enabled': False, 'binding:profile': {}, 'mtu': 1450, 'fixed_ips': [{'subnet_id': u'192109af-fe60-4310-9fa4-33c3650c7834', 'prefixlen': 24, 'ip_address': u'11.101.1.1'}], 'id': u'2c7fab33-6e31-4b72-8b92-be61ae7f37a2', 'security_groups': [], 'device_id': u'd6afde7d-5b4e-43b6-86bd-3b3bbd97c3ad', 'name': u'', 'admin_state_up': True, 'network_id': u'36fd5292-af83-442e-a196-e3f9911d6abe', 'tenant_id': u'4ff000cdf8ca44d195d9bda6d958550d', 'binding:vif_details': {u'port_filter': True, u'datapath_type': u'system', u'ovs_hybrid_plug': True}, 'address_scopes': {4: None, 6: None}, 'binding:vnic_type': u'normal', 'binding:vif_type': u'ovs', 'mac_address': u'fa:16:3e:d9:8b:83', 'project_id': u'4ff000cdf8ca44d195d9bda6d958550d', 'extra_subnets': [], 'created_at': '2018-09-13T23:19:26Z'}], 'enable_snat': True, 'ha_vr_id': 0, 'description': u'', 'tags': [], 'gw_port': {'status': u'ACTIVE', 'subnets': [{'dns_nameservers': [], 'ipv6_ra_mode': None, 'gateway_ip': u'172.24.4.1', 'cidr': u'172.24.4.0/24', 'id': u'b8522e6e-dd32-47d0-940c-b0479a41e5ff', 'subnetpool_id': None}], 'binding:host_id': u'localhost.localdomain', 'description': u'', 'allowed_address_pairs': [], 'tags': [], 'extra_dhcp_opts': [], 'updated_at': '2018-09-13T23:19:51Z', 'device_owner': u'network:router_gateway', 'revision_number': 6, 'port_security_enabled': False, 'binding:profile': {}, 'mtu': 1500, 'fixed_ips': [{'subnet_id': u'b8522e6e-dd32-47d0-940c-b0479a41e5ff', 'prefixlen': 24, 'ip_address': u'172.24.4.8'}], 'id': u'dc512bb2-9d9d-4021-99e8-d11b1360218b', 'security_groups': [], 'device_id': u'd6afde7d-5b4e-43b6-86bd-3b3bbd97c3ad', 'name': u'', 'admin_state_up': True, 'network_id': u'98cf6b49-91c1-422d-a1ec-9d49628670a5', 'tenant_id': u'', 'binding:vif_details': {u'port_filter': True, u'datapath_type': u'system', u'ovs_hybrid_plug': True}, 'address_scopes': {4: None, 6: None}, 'binding:vnic_type': u'normal', 'binding:vif_type': u'ovs', 'mac_address': u'fa:16:3e:74:4a:42', 'project_id': u'', 'extra_subnets': [], 'created_at': '2018-09-13T23:19:42Z'}, 'updated_at': '2018-09-13T23:19:44Z', 'revision_number': 4, 'ha': False, 'id': u'd6afde7d-5b4e-43b6-86bd-3b3bbd97c3ad', 'gw_port_host': u'localhost.localdomain', 'external_gateway_info': {'network_id': u'98cf6b49-91c1-422d-a1ec-9d49628670a5', 'enable_snat': True, 'external_fixed_ips': [{'subnet_id': u'b8522e6e-dd32-47d0-940c-b0479a41e5ff', 'ip_address': u'172.24.4.8'}]}, 'availability_zone_hints': [], 'availability_zones': [u'nova'], 'name': u'tempest-router-1536880550', 'gw_port_id': u'dc512bb2-9d9d-4021-99e8-d11b1360218b', 'admin_state_up': True, 'tenant_id': u'4ff000cdf8ca44d195d9bda6d958550d', 'created_at': '2018-09-13T23:19:04Z', 'distributed': False, 'flavor_id': None, 'routes': [], 'project_id': u'4ff000cdf8ca44d195d9bda6d958550d'}], u'localhost.localdomain', False) {} wrapper /usr/lib/python2.7/site-packages/oslo_log/helpers.py:66
2018-09-13 19:25:17.251 24100 DEBUG neutron.api.rpc.handlers.l3_rpc [req-3a32a6ef-b7f0-4a6b-a4ec-e44b7d414a1d - - - - -] Checking router: d6afde7d-5b4e-43b6-86bd-3b3bbd97c3ad for host: localhost.localdomain _ensure_host_set_on_ports /usr/lib/python2.7/site-packages/neutron/api/rpc/handlers/l3_rpc.py:135
2018-09-13 19:25:17.497 24106 DEBUG neutron.api.rpc.handlers.l3_rpc [req-fe6c2ab5-52b8-4654-82ea-32824844829d - - - - -] New status for floating IP 4b869d86-55e5-46d9-8208-79f8e53499f1: DOWN update_floatingip_statuses /usr/lib/python2.7/site-packages/neutron/api/rpc/handlers/l3_rpc.py:252
2018-09-13 19:25:17.753 24089 DEBUG novaclient.v2.client [-] REQ: curl -g -i -X POST http://10.0.20.24:8774/v2.1/a6274edd06114a55b9dc116852780190/os-server-external-events -H "User-Agent: python-novaclient" -H "Content-Type: application/json" -H "Accept: application/json" -H "X-OpenStack-Nova-API-Version: 2.1" -H "X-Auth-Token: {SHA1}247739dd5af0ad0bea4a70528408ced5fee2371b" -d '{"events": [{"tag": "edffe885-0556-4844-ad32-20745b485142", "name": "network-changed", "server_uuid": "37157c39-899c-4e18-86f9-9f35c7ca5a44"}]}' _http_log_request /usr/lib/python2.7/site-packages/keystoneauth1/session.py:375
2018-09-13 19:25:18.438 24089 DEBUG novaclient.v2.client [-] RESP: [200] Content-Length: 179 Content-Type: application/json Openstack-Api-Version: compute 2.1 X-Openstack-Nova-Api-Version: 2.1 Vary: OpenStack-API-Version, X-OpenStack-Nova-API-Version X-Openstack-Request-Id: req-f2a7e29b-f036-42e6-aaec-495a79d417c6 X-Compute-Request-Id: req-f2a7e29b-f036-42e6-aaec-495a79d417c6 Date: Thu, 13 Sep 2018 23:25:18 GMT Connection: keep-alive 
RESP BODY: {"events": [{"status": "completed", "tag": "edffe885-0556-4844-ad32-20745b485142", "name": "network-changed", "server_uuid": "37157c39-899c-4e18-86f9-9f35c7ca5a44", "code": 200}]}
 _http_log_response /usr/lib/python2.7/site-packages/keystoneauth1/session.py:423
2018-09-13 19:25:18.439 24089 DEBUG novaclient.v2.client [-] POST call to compute for http://10.0.20.24:8774/v2.1/a6274edd06114a55b9dc116852780190/os-server-external-events used request id req-f2a7e29b-f036-42e6-aaec-495a79d417c6 request /usr/lib/python2.7/site-packages/keystoneauth1/session.py:727
2018-09-13 19:25:18.457 24089 INFO neutron.notifiers.nova [-] Nova event response: {u'status': u'completed', u'tag': u'edffe885-0556-4844-ad32-20745b485142', u'name': u'network-changed', u'server_uuid': u'37157c39-899c-4e18-86f9-9f35c7ca5a44', u'code': 200}
2018-09-13 19:25:18.594 24104 DEBUG neutron_lib.callbacks.manager [req-1054ade6-91d3-4d44-bce9-c1624905c5d7 - - - - -] Notify callbacks ['neutron.services.segments.db._update_segment_host_mapping_for_agent--9223363274809746104'] for agent, after_update _notify_loop /usr/lib/python2.7/site-packages/neutron_lib/callbacks/manager.py:167
2018-09-13 19:25:19.505 24091 INFO neutron.wsgi [req-b355b1dc-713e-43ef-91ca-d27564c39a2c 392423df3617489b9a4259e561d5ba29 a6274edd06114a55b9dc116852780190 - default default] 10.0.20.24 "GET /v2.0/ports?tenant_id=4ff000cdf8ca44d195d9bda6d958550d&device_id=37157c39-899c-4e18-86f9-9f35c7ca5a44 HTTP/1.1" status: 200  len: 1125 time: 0.9930589
2018-09-13 19:25:19.576 24102 DEBUG neutron_lib.callbacks.manager [req-4a7be6b5-7951-4b2f-b725-686ecb2220ee - - - - -] Notify callbacks ['neutron.services.segments.db._update_segment_host_mapping_for_agent--9223363274809746104'] for agent, after_update _notify_loop /usr/lib/python2.7/site-packages/neutron_lib/callbacks/manager.py:167
2018-09-13 19:25:19.879 24091 DEBUG neutron.pecan_wsgi.hooks.policy_enforcement [req-cc8b3320-65b1-4cf5-8071-bc27e8070989 392423df3617489b9a4259e561d5ba29 a6274edd06114a55b9dc116852780190 - default default] Attributes excluded by policy engine: [u'vlan_transparent'] _exclude_attributes_by_policy /usr/lib/python2.7/site-packages/neutron/pecan_wsgi/hooks/policy_enforcement.py:256
2018-09-13 19:25:19.884 24091 INFO neutron.wsgi [req-cc8b3320-65b1-4cf5-8071-bc27e8070989 392423df3617489b9a4259e561d5ba29 a6274edd06114a55b9dc116852780190 - default default] 10.0.20.24 "GET /v2.0/networks?id=36fd5292-af83-442e-a196-e3f9911d6abe HTTP/1.1" status: 200  len: 885 time: 0.3710411
2018-09-13 19:25:19.948 24091 INFO neutron.wsgi [req-b4b1d23a-57d8-44f7-8944-4afde1c39feb 392423df3617489b9a4259e561d5ba29 a6274edd06114a55b9dc116852780190 - default default] 10.0.20.24 "GET /v2.0/floatingips?fixed_ip_address=11.101.1.11&port_id=edffe885-0556-4844-ad32-20745b485142 HTTP/1.1" status: 200  len: 217 time: 0.0566390
2018-09-13 19:25:20.136 24091 DEBUG neutron.pecan_wsgi.hooks.policy_enforcement [req-88afd16d-0a20-4fb3-ba11-a4c930a7b49d 392423df3617489b9a4259e561d5ba29 a6274edd06114a55b9dc116852780190 - default default] Attributes excluded by policy engine: [u'shared'] _exclude_attributes_by_policy /usr/lib/python2.7/site-packages/neutron/pecan_wsgi/hooks/policy_enforcement.py:256
2018-09-13 19:25:20.140 24091 INFO neutron.wsgi [req-88afd16d-0a20-4fb3-ba11-a4c930a7b49d 392423df3617489b9a4259e561d5ba29 a6274edd06114a55b9dc116852780190 - default default] 10.0.20.24 "GET /v2.0/subnets?id=192109af-fe60-4310-9fa4-33c3650c7834 HTTP/1.1" status: 200  len: 847 time: 0.1836410
2018-09-13 19:25:20.313 24091 INFO neutron.wsgi [req-b52a8e0b-36a1-4e9f-9809-3be14b36790d 392423df3617489b9a4259e561d5ba29 a6274edd06114a55b9dc116852780190 - default default] 10.0.20.24 "GET /v2.0/ports?network_id=36fd5292-af83-442e-a196-e3f9911d6abe&device_owner=network%3Adhcp HTTP/1.1" status: 200  len: 1128 time: 0.1622381
2018-09-13 19:25:20.459 24089 DEBUG oslo_concurrency.lockutils [-] Lock "notifier-0e814a2f-a84e-4722-906b-79975c655b09" released by "neutron.notifiers.batch_notifier.synced_send" :: held 3.981s inner /usr/lib/python2.7/site-packages/oslo_concurrency/lockutils.py:282
2018-09-13 19:25:22.839 24105 DEBUG neutron_lib.callbacks.manager [req-13958fdd-4dd9-4ab6-9568-28c905e2a1a2 - - - - -] Notify callbacks ['neutron.services.segments.db._update_segment_host_mapping_for_agent--9223363274809746104'] for agent, after_update _notify_loop /usr/lib/python2.7/site-packages/neutron_lib/callbacks/manager.py:167
2018-09-13 19:25:24.936 24106 DEBUG neutron.db.agents_db [req-9a45eeea-583e-4bd0-a359-b017f8a8a9ae - - - - -] Agent healthcheck: found 5 active agents agent_health_check /usr/lib/python2.7/site-packages/neutron/db/agents_db.py:281
2018-09-13 19:25:25.788 24091 INFO neutron.wsgi [req-bc58d2f3-9465-4326-8d57-7358a849a916 02e248cd8f0843eea56830a54be7a7df 194f3e7e9006484dbd7057072756dcfb - default default] 10.0.20.24 "GET /v2.0/ports?device_id=37157c39-899c-4e18-86f9-9f35c7ca5a44 HTTP/1.1" status: 200  len: 1125 time: 0.8847830
2018-09-13 19:25:25.923 24091 INFO neutron.wsgi [req-131d17ba-daf3-4fcd-b73d-358051cbfdc0 02e248cd8f0843eea56830a54be7a7df 194f3e7e9006484dbd7057072756dcfb - default default] 10.0.20.24 "GET /v2.0/security-groups?id=29ee0b9b-7634-4050-9a7d-9c37e4b498b8 HTTP/1.1" status: 200  len: 2118 time: 0.1263559
2018-09-13 19:25:29.968 24100 DEBUG neutron_lib.callbacks.manager [req-cf68db21-5a7e-441c-b0dd-4b74e5d9df94 - - - - -] Notify callbacks ['neutron.services.segments.db._update_segment_host_mapping_for_agent--9223363274809746104'] for agent, after_update _notify_loop /usr/lib/python2.7/site-packages/neutron_lib/callbacks/manager.py:167
2018-09-13 19:25:34.627 24093 INFO neutron.wsgi [req-9b1e1a6b-58be-4f7d-9ece-4ff80b5dcb48 02e248cd8f0843eea56830a54be7a7df 194f3e7e9006484dbd7057072756dcfb - default default] 10.0.20.24 "GET /v2.0/ports?device_id=37157c39-899c-4e18-86f9-9f35c7ca5a44 HTTP/1.1" status: 200  len: 1125 time: 0.7507029
2018-09-13 19:25:34.795 24093 INFO neutron.wsgi [req-61c86bde-2669-4374-a371-1ea3305d7b8f 02e248cd8f0843eea56830a54be7a7df 194f3e7e9006484dbd7057072756dcfb - default default] 10.0.20.24 "GET /v2.0/security-groups?id=29ee0b9b-7634-4050-9a7d-9c37e4b498b8 HTTP/1.1" status: 200  len: 2118 time: 0.1573520
2018-09-13 19:25:37.420 24103 DEBUG neutron.plugins.ml2.rpc [req-cf68db21-5a7e-441c-b0dd-4b74e5d9df94 - - - - -] Device edffe885-0556-4844-ad32-20745b485142 no longer exists at agent ovs-agent-localhost.localdomain update_device_down /usr/lib/python2.7/site-packages/neutron/plugins/ml2/rpc.py:213
2018-09-13 19:25:37.611 24091 INFO neutron.wsgi [req-0cc4bdb0-b15e-4a63-b27d-f62d72c8c021 02e248cd8f0843eea56830a54be7a7df 194f3e7e9006484dbd7057072756dcfb - default default] 10.0.20.24 "GET /v2.0/ports?device_id=37157c39-899c-4e18-86f9-9f35c7ca5a44 HTTP/1.1" status: 200  len: 1125 time: 0.7579501
2018-09-13 19:25:37.705 24091 DEBUG neutron.plugins.ml2.plugin [req-dde84487-6453-4d1a-a72b-32ea43d66d4a 02e248cd8f0843eea56830a54be7a7df 194f3e7e9006484dbd7057072756dcfb - default default] Deleting port edffe885-0556-4844-ad32-20745b485142 _pre_delete_port /usr/lib/python2.7/site-packages/neutron/plugins/ml2/plugin.py:1488
2018-09-13 19:25:37.706 24091 DEBUG neutron_lib.callbacks.manager [req-dde84487-6453-4d1a-a72b-32ea43d66d4a 02e248cd8f0843eea56830a54be7a7df 194f3e7e9006484dbd7057072756dcfb - default default] Notify callbacks ['neutron.db.l3_db._prevent_l3_port_delete_callback--9223363274809539557'] for port, before_delete _notify_loop /usr/lib/python2.7/site-packages/neutron_lib/callbacks/manager.py:167
2018-09-13 19:25:37.706 24103 DEBUG neutron_lib.callbacks.manager [req-cf68db21-5a7e-441c-b0dd-4b74e5d9df94 - - - - -] Notify callbacks ['neutron.plugins.ml2.plugin.Ml2Plugin._ensure_default_security_group_handler--9223372036850925305'] for port, before_update _notify_loop /usr/lib/python2.7/site-packages/neutron_lib/callbacks/manager.py:167
2018-09-13 19:25:37.822 24103 DEBUG oslo_concurrency.lockutils [-] Lock "notifier-0e814a2f-a84e-4722-906b-79975c655b09" acquired by "neutron.notifiers.batch_notifier.synced_send" :: waited 0.000s inner /usr/lib/python2.7/site-packages/oslo_concurrency/lockutils.py:270
2018-09-13 19:25:37.823 24103 DEBUG neutron.notifiers.nova [-] Sending events: [{'status': 'completed', 'tag': u'edffe885-0556-4844-ad32-20745b485142', 'name': 'network-vif-unplugged', 'server_uuid': u'37157c39-899c-4e18-86f9-9f35c7ca5a44'}] send_events /usr/lib/python2.7/site-packages/neutron/notifiers/nova.py:242
2018-09-13 19:25:37.840 24103 DEBUG neutron.plugins.ml2.db [req-cf68db21-5a7e-441c-b0dd-4b74e5d9df94 - - - - -] For port edffe885-0556-4844-ad32-20745b485142, host localhost.localdomain, got binding levels [<neutron.plugins.ml2.models.PortBindingLevel[object at 7f8128667850] {port_id=u'edffe885-0556-4844-ad32-20745b485142', host=u'localhost.localdomain', level=0, driver=u'openvswitch', segment_id=u'129e011b-d7b9-47e6-afef-0ba6561f608d'}>] get_binding_levels /usr/lib/python2.7/site-packages/neutron/plugins/ml2/db.py:106
2018-09-13 19:25:37.859 24103 DEBUG neutron_lib.callbacks.manager [req-cf68db21-5a7e-441c-b0dd-4b74e5d9df94 - - - - -] Notify callbacks ['neutron.db.l3_hascheduler_db._notify_l3_agent_ha_port_update--9223363274810108450', 'neutron.db.l3_dvrscheduler_db._notify_l3_agent_port_update--9223363274810108525', 'neutron.plugins.ml2.plugin.Ml2Plugin.notify_sg_on_port_change--9223372036850924832', 'neutron.api.rpc.agentnotifiers.dhcp_rpc_agent_api.DhcpAgentNotifyAPI._native_event_send_dhcp_notification--9223372036853989726', 'neutron.plugins.ml2.ovo_rpc._ObjectChangeHandler.handle_event-537969'] for port, after_update _notify_loop /usr/lib/python2.7/site-packages/neutron_lib/callbacks/manager.py:167
2018-09-13 19:25:37.893 24103 DEBUG oslo_concurrency.lockutils [-] Lock "event-dispatch" acquired by "neutron.plugins.ml2.ovo_rpc.dispatch_events" :: waited 0.000s inner /usr/lib/python2.7/site-packages/oslo_concurrency/lockutils.py:270
2018-09-13 19:25:38.056 24103 DEBUG neutron.api.rpc.handlers.resources_rpc [req-cf68db21-5a7e-441c-b0dd-4b74e5d9df94 - - - - -] neutron.api.rpc.handlers.resources_rpc.ResourcesPushRpcApi method push called with arguments (<neutron_lib.context.Context object at 0x7f81286676d0>, [Port(admin_state_up=True,allowed_address_pairs=[],binding=PortBinding,binding_levels=[PortBindingLevel],created_at=2018-09-13T23:20:13Z,data_plane_status=<?>,description='',device_id='37157c39-899c-4e18-86f9-9f35c7ca5a44',device_owner='compute:nova',dhcp_options=[],distributed_binding=None,dns=None,fixed_ips=[IPAllocation],id=edffe885-0556-4844-ad32-20745b485142,mac_address=fa:16:3e:ca:c2:02,name='',network_id=36fd5292-af83-442e-a196-e3f9911d6abe,project_id='4ff000cdf8ca44d195d9bda6d958550d',qos_policy_id=None,revision_number=9,security=PortSecurity(edffe885-0556-4844-ad32-20745b485142),security_group_ids=set([29ee0b9b-7634-4050-9a7d-9c37e4b498b8]),status='DOWN',updated_at=2018-09-13T23:25:37Z)], 'updated') {} wrapper /usr/lib/python2.7/site-packages/oslo_log/helpers.py:66
2018-09-13 19:25:38.068 24103 DEBUG neutron.api.rpc.callbacks.version_manager [req-cf68db21-5a7e-441c-b0dd-4b74e5d9df94 - - - - -] Version for resource type Subnet changed None to 1.0 on consumer Open vSwitch agent@localhost.localdomain _set_version /usr/lib/python2.7/site-packages/neutron/api/rpc/callbacks/version_manager.py:119
2018-09-13 19:25:38.069 24103 DEBUG neutron.api.rpc.callbacks.version_manager [req-cf68db21-5a7e-441c-b0dd-4b74e5d9df94 - - - - -] Version for resource type Network changed None to 1.0 on consumer Open vSwitch agent@localhost.localdomain _set_version /usr/lib/python2.7/site-packages/neutron/api/rpc/callbacks/version_manager.py:119
2018-09-13 19:25:38.070 24103 DEBUG neutron.api.rpc.callbacks.version_manager [req-cf68db21-5a7e-441c-b0dd-4b74e5d9df94 - - - - -] Version for resource type SubPort changed None to 1.0 on consumer Open vSwitch agent@localhost.localdomain _set_version /usr/lib/python2.7/site-packages/neutron/api/rpc/callbacks/version_manager.py:119
2018-09-13 19:25:38.070 24103 DEBUG neutron.api.rpc.callbacks.version_manager [req-cf68db21-5a7e-441c-b0dd-4b74e5d9df94 - - - - -] Version for resource type SecurityGroup changed None to 1.0 on consumer Open vSwitch agent@localhost.localdomain _set_version /usr/lib/python2.7/site-packages/neutron/api/rpc/callbacks/version_manager.py:119
2018-09-13 19:25:38.071 24103 DEBUG neutron.api.rpc.callbacks.version_manager [req-cf68db21-5a7e-441c-b0dd-4b74e5d9df94 - - - - -] Version for resource type SecurityGroupRule changed None to 1.0 on consumer Open vSwitch agent@localhost.localdomain _set_version /usr/lib/python2.7/site-packages/neutron/api/rpc/callbacks/version_manager.py:119
2018-09-13 19:25:38.071 24103 DEBUG neutron.api.rpc.callbacks.version_manager [req-cf68db21-5a7e-441c-b0dd-4b74e5d9df94 - - - - -] Version for resource type Trunk changed None to 1.1 on consumer Open vSwitch agent@localhost.localdomain _set_version /usr/lib/python2.7/site-packages/neutron/api/rpc/callbacks/version_manager.py:119
2018-09-13 19:25:38.072 24103 DEBUG neutron.api.rpc.callbacks.version_manager [req-cf68db21-5a7e-441c-b0dd-4b74e5d9df94 - - - - -] Version for resource type QosPolicy changed None to 1.6 on consumer Open vSwitch agent@localhost.localdomain _set_version /usr/lib/python2.7/site-packages/neutron/api/rpc/callbacks/version_manager.py:119
2018-09-13 19:25:38.073 24103 DEBUG neutron.api.rpc.callbacks.version_manager [req-cf68db21-5a7e-441c-b0dd-4b74e5d9df94 - - - - -] Version for resource type Port changed None to 1.1 on consumer Open vSwitch agent@localhost.localdomain _set_version /usr/lib/python2.7/site-packages/neutron/api/rpc/callbacks/version_manager.py:119
2018-09-13 19:25:38.073 24103 DEBUG neutron.api.rpc.callbacks.version_manager [req-cf68db21-5a7e-441c-b0dd-4b74e5d9df94 - - - - -] Version for resource type Log changed None to 1.0 on consumer Open vSwitch agent@localhost.localdomain _set_version /usr/lib/python2.7/site-packages/neutron/api/rpc/callbacks/version_manager.py:119
2018-09-13 19:25:38.104 24103 DEBUG oslo_concurrency.lockutils [req-cf68db21-5a7e-441c-b0dd-4b74e5d9df94 - - - - -] Lock "event-dispatch" released by "neutron.plugins.ml2.ovo_rpc.dispatch_events" :: held 0.211s inner /usr/lib/python2.7/site-packages/oslo_concurrency/lockutils.py:282
