2018-09-30 09:09:02.883 4475 INFO neutron.notifiers.nova [-] Nova event response: {u'status': u'completed', u'tag': u'0c55789d-20cd-475d-bcaf-5a463d5d25b0', u'name': u'network-vif-unplugged', u'server_uuid': u'ab2139f3-5bbd-40f4-a630-34a88b3ca9fc', u'code': 200}
2018-09-30 09:09:02.965 4475 DEBUG neutron.api.rpc.handlers.resources_rpc [req-0a954996-4ae6-4663-a48b-ec1bf09ea210 - - - - -] neutron.api.rpc.handlers.resources_rpc.ResourcesPushRpcApi method push called with arguments (<neutron_lib.context.Context object at 0x7f53b5475290>, [Port(admin_state_up=True,allowed_address_pairs=[],binding=PortBinding,binding_levels=[PortBindingLevel],created_at=2018-09-30T13:05:49Z,data_plane_status=<?>,description='',device_id='ab2139f3-5bbd-40f4-a630-34a88b3ca9fc',device_owner='compute:nova',dhcp_options=[],distributed_binding=None,dns=None,fixed_ips=[IPAllocation],id=0c55789d-20cd-475d-bcaf-5a463d5d25b0,mac_address=fa:16:3e:42:8b:ea,name='',network_id=226a82c0-f458-4144-a2c1-4d895bced03c,project_id='df61b1e2a4e740dab70a532325323acb',qos_policy_id=None,revision_number=7,security=PortSecurity(0c55789d-20cd-475d-bcaf-5a463d5d25b0),security_group_ids=set([c809077e-66d2-42d7-a4dc-24e60767fb82]),status='DOWN',updated_at=2018-09-30T13:09:02Z)], 'updated') {} wrapper /usr/lib/python2.7/site-packages/oslo_log/helpers.py:66
2018-09-30 09:09:02.990 4475 DEBUG neutron.api.rpc.callbacks.version_manager [req-0a954996-4ae6-4663-a48b-ec1bf09ea210 - - - - -] Version for resource type Subnet changed None to 1.0 on consumer Open vSwitch agent@localhost.localdomain _set_version /usr/lib/python2.7/site-packages/neutron/api/rpc/callbacks/version_manager.py:119
2018-09-30 09:09:02.991 4475 DEBUG neutron.api.rpc.callbacks.version_manager [req-0a954996-4ae6-4663-a48b-ec1bf09ea210 - - - - -] Version for resource type Network changed None to 1.0 on consumer Open vSwitch agent@localhost.localdomain _set_version /usr/lib/python2.7/site-packages/neutron/api/rpc/callbacks/version_manager.py:119
2018-09-30 09:09:02.991 4475 DEBUG neutron.api.rpc.callbacks.version_manager [req-0a954996-4ae6-4663-a48b-ec1bf09ea210 - - - - -] Version for resource type SubPort changed None to 1.0 on consumer Open vSwitch agent@localhost.localdomain _set_version /usr/lib/python2.7/site-packages/neutron/api/rpc/callbacks/version_manager.py:119
2018-09-30 09:09:02.992 4475 DEBUG neutron.api.rpc.callbacks.version_manager [req-0a954996-4ae6-4663-a48b-ec1bf09ea210 - - - - -] Version for resource type SecurityGroup changed None to 1.0 on consumer Open vSwitch agent@localhost.localdomain _set_version /usr/lib/python2.7/site-packages/neutron/api/rpc/callbacks/version_manager.py:119
2018-09-30 09:09:02.992 4475 DEBUG neutron.api.rpc.callbacks.version_manager [req-0a954996-4ae6-4663-a48b-ec1bf09ea210 - - - - -] Version for resource type SecurityGroupRule changed None to 1.0 on consumer Open vSwitch agent@localhost.localdomain _set_version /usr/lib/python2.7/site-packages/neutron/api/rpc/callbacks/version_manager.py:119
2018-09-30 09:09:02.992 4475 DEBUG neutron.api.rpc.callbacks.version_manager [req-0a954996-4ae6-4663-a48b-ec1bf09ea210 - - - - -] Version for resource type Trunk changed None to 1.1 on consumer Open vSwitch agent@localhost.localdomain _set_version /usr/lib/python2.7/site-packages/neutron/api/rpc/callbacks/version_manager.py:119
2018-09-30 09:09:02.993 4475 DEBUG neutron.api.rpc.callbacks.version_manager [req-0a954996-4ae6-4663-a48b-ec1bf09ea210 - - - - -] Version for resource type QosPolicy changed None to 1.6 on consumer Open vSwitch agent@localhost.localdomain _set_version /usr/lib/python2.7/site-packages/neutron/api/rpc/callbacks/version_manager.py:119
2018-09-30 09:09:02.993 4475 DEBUG neutron.api.rpc.callbacks.version_manager [req-0a954996-4ae6-4663-a48b-ec1bf09ea210 - - - - -] Version for resource type Port changed None to 1.1 on consumer Open vSwitch agent@localhost.localdomain _set_version /usr/lib/python2.7/site-packages/neutron/api/rpc/callbacks/version_manager.py:119
2018-09-30 09:09:02.994 4475 DEBUG neutron.api.rpc.callbacks.version_manager [req-0a954996-4ae6-4663-a48b-ec1bf09ea210 - - - - -] Version for resource type Log changed None to 1.0 on consumer Open vSwitch agent@localhost.localdomain _set_version /usr/lib/python2.7/site-packages/neutron/api/rpc/callbacks/version_manager.py:119
2018-09-30 09:09:03.013 4475 DEBUG oslo_concurrency.lockutils [req-0a954996-4ae6-4663-a48b-ec1bf09ea210 - - - - -] Lock "event-dispatch" released by "neutron.plugins.ml2.ovo_rpc.dispatch_events" :: held 0.234s inner /usr/lib/python2.7/site-packages/oslo_concurrency/lockutils.py:282
2018-09-30 09:09:04.884 4475 DEBUG oslo_concurrency.lockutils [-] Lock "notifier-d26a7850-d4b8-488b-a60e-ccc6e93fdd49" released by "neutron.notifiers.batch_notifier.synced_send" :: held 2.180s inner /usr/lib/python2.7/site-packages/oslo_concurrency/lockutils.py:282
2018-09-30 09:09:06.363 4477 DEBUG neutron.plugins.ml2.rpc [req-0a954996-4ae6-4663-a48b-ec1bf09ea210 - - - - -] Device 0c55789d-20cd-475d-bcaf-5a463d5d25b0 up at agent ovs-agent-localhost.localdomain update_device_up /usr/lib/python2.7/site-packages/neutron/plugins/ml2/rpc.py:244
2018-09-30 09:09:06.530 4477 DEBUG neutron.db.provisioning_blocks [req-0a954996-4ae6-4663-a48b-ec1bf09ea210 - - - - -] Provisioning complete for port 0c55789d-20cd-475d-bcaf-5a463d5d25b0 triggered by entity L2. provisioning_complete /usr/lib/python2.7/site-packages/neutron/db/provisioning_blocks.py:138
2018-09-30 09:09:06.531 4477 DEBUG neutron_lib.callbacks.manager [req-0a954996-4ae6-4663-a48b-ec1bf09ea210 - - - - -] Notify callbacks ['neutron.plugins.ml2.plugin.Ml2Plugin._port_provisioned-1037317'] for port, provisioning_complete _notify_loop /usr/lib/python2.7/site-packages/neutron_lib/callbacks/manager.py:167
2018-09-30 09:09:06.769 4468 INFO neutron.wsgi [req-d7653cfb-d898-4390-87db-6fff44419c06 6ffdc8d95b3d41eca141c93c6ab51ba8 df61b1e2a4e740dab70a532325323acb - 2d2643693f78425cb14ab03add494189 2d2643693f78425cb14ab03add494189] 10.0.20.25 "GET /v2.0/ports?device_id=ab2139f3-5bbd-40f4-a630-34a88b3ca9fc HTTP/1.1" status: 200  len: 1122 time: 0.8729539
2018-09-30 09:09:06.950 4468 INFO neutron.wsgi [req-573a4ff4-8595-445c-b409-9cecc274cd29 6ffdc8d95b3d41eca141c93c6ab51ba8 df61b1e2a4e740dab70a532325323acb - 2d2643693f78425cb14ab03add494189 2d2643693f78425cb14ab03add494189] 10.0.20.25 "GET /v2.0/security-groups?id=c809077e-66d2-42d7-a4dc-24e60767fb82 HTTP/1.1" status: 200  len: 2118 time: 0.1725750
2018-09-30 09:09:07.242 4477 DEBUG neutron_lib.callbacks.manager [req-0a954996-4ae6-4663-a48b-ec1bf09ea210 - - - - -] Notify callbacks ['neutron.plugins.ml2.plugin.Ml2Plugin._ensure_default_security_group_handler-704811'] for port, before_update _notify_loop /usr/lib/python2.7/site-packages/neutron_lib/callbacks/manager.py:167
2018-09-30 09:09:07.318 4474 DEBUG neutron_lib.callbacks.manager [req-0a954996-4ae6-4663-a48b-ec1bf09ea210 - - - - -] Notify callbacks ['neutron.services.segments.db._update_segment_host_mapping_for_agent-8749844722497'] for agent, after_update _notify_loop /usr/lib/python2.7/site-packages/neutron_lib/callbacks/manager.py:167
2018-09-30 09:09:07.320 4477 DEBUG oslo_concurrency.lockutils [-] Lock "notifier-d26a7850-d4b8-488b-a60e-ccc6e93fdd49" acquired by "neutron.notifiers.batch_notifier.synced_send" :: waited 0.000s inner /usr/lib/python2.7/site-packages/oslo_concurrency/lockutils.py:270
2018-09-30 09:09:07.321 4477 DEBUG neutron.notifiers.nova [-] Sending events: [{'status': 'completed', 'tag': u'0c55789d-20cd-475d-bcaf-5a463d5d25b0', 'name': 'network-vif-plugged', 'server_uuid': u'ab2139f3-5bbd-40f4-a630-34a88b3ca9fc'}] send_events /usr/lib/python2.7/site-packages/neutron/notifiers/nova.py:242
2018-09-30 09:09:07.329 4477 DEBUG neutron.plugins.ml2.db [req-0a954996-4ae6-4663-a48b-ec1bf09ea210 - - - - -] For port 0c55789d-20cd-475d-bcaf-5a463d5d25b0, host localhost.localdomain, got binding levels [<neutron.plugins.ml2.models.PortBindingLevel[object at 7f53b53a6550] {port_id=u'0c55789d-20cd-475d-bcaf-5a463d5d25b0', host=u'localhost.localdomain', level=0, driver=u'openvswitch', segment_id=u'3d5924a6-1e8b-44d0-b2c5-08aa3e1a8c43'}>] get_binding_levels /usr/lib/python2.7/site-packages/neutron/plugins/ml2/db.py:106
2018-09-30 09:09:07.345 4477 DEBUG neutron_lib.callbacks.manager [req-0a954996-4ae6-4663-a48b-ec1bf09ea210 - - - - -] Notify callbacks ['neutron.plugins.ml2.plugin.Ml2Plugin.notify_sg_on_port_change-705676', 'neutron.db.l3_dvrscheduler_db._notify_l3_agent_port_update-8749844360181', 'neutron.api.rpc.agentnotifiers.dhcp_rpc_agent_api.DhcpAgentNotifyAPI._native_event_send_dhcp_notification-3824806', 'neutron.db.l3_hascheduler_db._notify_l3_agent_ha_port_update--9223363287010415032', 'neutron.plugins.ml2.ovo_rpc._ObjectChangeHandler.handle_event-3927575'] for port, after_update _notify_loop /usr/lib/python2.7/site-packages/neutron_lib/callbacks/manager.py:167
2018-09-30 09:09:07.388 4477 DEBUG oslo_concurrency.lockutils [-] Lock "event-dispatch" acquired by "neutron.plugins.ml2.ovo_rpc.dispatch_events" :: waited 0.000s inner /usr/lib/python2.7/site-packages/oslo_concurrency/lockutils.py:270
2018-09-30 09:09:07.499 4477 DEBUG neutron.api.rpc.handlers.resources_rpc [req-0a954996-4ae6-4663-a48b-ec1bf09ea210 - - - - -] neutron.api.rpc.handlers.resources_rpc.ResourcesPushRpcApi method push called with arguments (<neutron_lib.context.Context object at 0x7f53b551e090>, [Port(admin_state_up=True,allowed_address_pairs=[],binding=PortBinding,binding_levels=[PortBindingLevel],created_at=2018-09-30T13:05:49Z,data_plane_status=<?>,description='',device_id='ab2139f3-5bbd-40f4-a630-34a88b3ca9fc',device_owner='compute:nova',dhcp_options=[],distributed_binding=None,dns=None,fixed_ips=[IPAllocation],id=0c55789d-20cd-475d-bcaf-5a463d5d25b0,mac_address=fa:16:3e:42:8b:ea,name='',network_id=226a82c0-f458-4144-a2c1-4d895bced03c,project_id='df61b1e2a4e740dab70a532325323acb',qos_policy_id=None,revision_number=8,security=PortSecurity(0c55789d-20cd-475d-bcaf-5a463d5d25b0),security_group_ids=set([c809077e-66d2-42d7-a4dc-24e60767fb82]),status='ACTIVE',updated_at=2018-09-30T13:09:07Z)], 'updated') {} wrapper /usr/lib/python2.7/site-packages/oslo_log/helpers.py:66
2018-09-30 09:09:07.511 4477 DEBUG neutron.api.rpc.callbacks.version_manager [req-0a954996-4ae6-4663-a48b-ec1bf09ea210 - - - - -] Version for resource type Subnet changed None to 1.0 on consumer Open vSwitch agent@localhost.localdomain _set_version /usr/lib/python2.7/site-packages/neutron/api/rpc/callbacks/version_manager.py:119
2018-09-30 09:09:07.512 4477 DEBUG neutron.api.rpc.callbacks.version_manager [req-0a954996-4ae6-4663-a48b-ec1bf09ea210 - - - - -] Version for resource type Network changed None to 1.0 on consumer Open vSwitch agent@localhost.localdomain _set_version /usr/lib/python2.7/site-packages/neutron/api/rpc/callbacks/version_manager.py:119
2018-09-30 09:09:07.512 4477 DEBUG neutron.api.rpc.callbacks.version_manager [req-0a954996-4ae6-4663-a48b-ec1bf09ea210 - - - - -] Version for resource type SubPort changed None to 1.0 on consumer Open vSwitch agent@localhost.localdomain _set_version /usr/lib/python2.7/site-packages/neutron/api/rpc/callbacks/version_manager.py:119
2018-09-30 09:09:07.513 4477 DEBUG neutron.api.rpc.callbacks.version_manager [req-0a954996-4ae6-4663-a48b-ec1bf09ea210 - - - - -] Version for resource type SecurityGroup changed None to 1.0 on consumer Open vSwitch agent@localhost.localdomain _set_version /usr/lib/python2.7/site-packages/neutron/api/rpc/callbacks/version_manager.py:119
2018-09-30 09:09:07.515 4477 DEBUG neutron.api.rpc.callbacks.version_manager [req-0a954996-4ae6-4663-a48b-ec1bf09ea210 - - - - -] Version for resource type SecurityGroupRule changed None to 1.0 on consumer Open vSwitch agent@localhost.localdomain _set_version /usr/lib/python2.7/site-packages/neutron/api/rpc/callbacks/version_manager.py:119
2018-09-30 09:09:07.515 4477 DEBUG neutron.api.rpc.callbacks.version_manager [req-0a954996-4ae6-4663-a48b-ec1bf09ea210 - - - - -] Version for resource type Trunk changed None to 1.1 on consumer Open vSwitch agent@localhost.localdomain _set_version /usr/lib/python2.7/site-packages/neutron/api/rpc/callbacks/version_manager.py:119
2018-09-30 09:09:07.516 4477 DEBUG neutron.api.rpc.callbacks.version_manager [req-0a954996-4ae6-4663-a48b-ec1bf09ea210 - - - - -] Version for resource type QosPolicy changed None to 1.6 on consumer Open vSwitch agent@localhost.localdomain _set_version /usr/lib/python2.7/site-packages/neutron/api/rpc/callbacks/version_manager.py:119
2018-09-30 09:09:07.517 4477 DEBUG neutron.api.rpc.callbacks.version_manager [req-0a954996-4ae6-4663-a48b-ec1bf09ea210 - - - - -] Version for resource type Port changed None to 1.1 on consumer Open vSwitch agent@localhost.localdomain _set_version /usr/lib/python2.7/site-packages/neutron/api/rpc/callbacks/version_manager.py:119
2018-09-30 09:09:07.517 4477 DEBUG neutron.api.rpc.callbacks.version_manager [req-0a954996-4ae6-4663-a48b-ec1bf09ea210 - - - - -] Version for resource type Log changed None to 1.0 on consumer Open vSwitch agent@localhost.localdomain _set_version /usr/lib/python2.7/site-packages/neutron/api/rpc/callbacks/version_manager.py:119
2018-09-30 09:09:07.534 4477 DEBUG oslo_concurrency.lockutils [req-0a954996-4ae6-4663-a48b-ec1bf09ea210 - - - - -] Lock "event-dispatch" released by "neutron.plugins.ml2.ovo_rpc.dispatch_events" :: held 0.146s inner /usr/lib/python2.7/site-packages/oslo_concurrency/lockutils.py:282
2018-09-30 09:09:08.153 4470 DEBUG neutron.plugins.ml2.rpc [req-0a954996-4ae6-4663-a48b-ec1bf09ea210 - - - - -] Device 0c55789d-20cd-475d-bcaf-5a463d5d25b0 up at agent ovs-agent-localhost.localdomain update_device_up /usr/lib/python2.7/site-packages/neutron/plugins/ml2/rpc.py:244
2018-09-30 09:09:08.283 4477 DEBUG novaclient.v2.client [-] REQ: curl -g -i -X POST http://10.0.20.25:8774/v2.1/671ea1986554476bbcaa620e00697d23/os-server-external-events -H "User-Agent: python-novaclient" -H "Content-Type: application/json" -H "Accept: application/json" -H "X-OpenStack-Nova-API-Version: 2.1" -H "X-Auth-Token: {SHA1}aa14d7c3bc32a21460d2277df804c3505b4c9200" -d '{"events": [{"status": "completed", "tag": "0c55789d-20cd-475d-bcaf-5a463d5d25b0", "name": "network-vif-plugged", "server_uuid": "ab2139f3-5bbd-40f4-a630-34a88b3ca9fc"}]}' _http_log_request /usr/lib/python2.7/site-packages/keystoneauth1/session.py:375
2018-09-30 09:09:08.283 4470 DEBUG neutron.db.provisioning_blocks [req-0a954996-4ae6-4663-a48b-ec1bf09ea210 - - - - -] Provisioning complete for port 0c55789d-20cd-475d-bcaf-5a463d5d25b0 triggered by entity L2. provisioning_complete /usr/lib/python2.7/site-packages/neutron/db/provisioning_blocks.py:138
2018-09-30 09:09:08.285 4470 DEBUG neutron_lib.callbacks.manager [req-0a954996-4ae6-4663-a48b-ec1bf09ea210 - - - - -] Notify callbacks ['neutron.plugins.ml2.plugin.Ml2Plugin._port_provisioned-1037317'] for port, provisioning_complete _notify_loop /usr/lib/python2.7/site-packages/neutron_lib/callbacks/manager.py:167
2018-09-30 09:09:08.986 4477 DEBUG novaclient.v2.client [-] RESP: [200] Content-Length: 183 Content-Type: application/json Openstack-Api-Version: compute 2.1 X-Openstack-Nova-Api-Version: 2.1 Vary: OpenStack-API-Version, X-OpenStack-Nova-API-Version X-Openstack-Request-Id: req-606fe57b-029a-48fc-bb86-304b8b7623da X-Compute-Request-Id: req-606fe57b-029a-48fc-bb86-304b8b7623da Date: Sun, 30 Sep 2018 13:09:08 GMT Connection: keep-alive 
RESP BODY: {"events": [{"status": "completed", "tag": "0c55789d-20cd-475d-bcaf-5a463d5d25b0", "name": "network-vif-plugged", "server_uuid": "ab2139f3-5bbd-40f4-a630-34a88b3ca9fc", "code": 200}]}
 _http_log_response /usr/lib/python2.7/site-packages/keystoneauth1/session.py:423
2018-09-30 09:09:08.986 4477 DEBUG novaclient.v2.client [-] POST call to compute for http://10.0.20.25:8774/v2.1/671ea1986554476bbcaa620e00697d23/os-server-external-events used request id req-606fe57b-029a-48fc-bb86-304b8b7623da request /usr/lib/python2.7/site-packages/keystoneauth1/session.py:727
2018-09-30 09:09:09.002 4477 INFO neutron.notifiers.nova [-] Nova event response: {u'status': u'completed', u'tag': u'0c55789d-20cd-475d-bcaf-5a463d5d25b0', u'name': u'network-vif-plugged', u'server_uuid': u'ab2139f3-5bbd-40f4-a630-34a88b3ca9fc', u'code': 200}
2018-09-30 09:09:11.004 4477 DEBUG oslo_concurrency.lockutils [-] Lock "notifier-d26a7850-d4b8-488b-a60e-ccc6e93fdd49" released by "neutron.notifiers.batch_notifier.synced_send" :: held 3.684s inner /usr/lib/python2.7/site-packages/oslo_concurrency/lockutils.py:282
2018-09-30 09:09:13.958 4473 DEBUG neutron_lib.callbacks.manager [req-0075b6cf-3480-44bd-84f1-a55053acd832 - - - - -] Notify callbacks ['neutron.services.segments.db._update_segment_host_mapping_for_agent-8749844722497'] for agent, after_update _notify_loop /usr/lib/python2.7/site-packages/neutron_lib/callbacks/manager.py:167
2018-09-30 09:09:14.202 4475 DEBUG neutron_lib.callbacks.manager [req-ed9c5481-3d40-48a0-bb94-b98098302d10 - - - - -] Notify callbacks ['neutron.services.segments.db._update_segment_host_mapping_for_agent-8749844722497'] for agent, after_update _notify_loop /usr/lib/python2.7/site-packages/neutron_lib/callbacks/manager.py:167
2018-09-30 09:09:18.655 4477 DEBUG neutron_lib.callbacks.manager [req-0082ce22-b3f2-427e-b305-02a8a723b081 - - - - -] Notify callbacks ['neutron.services.segments.db._update_segment_host_mapping_for_agent-8749844722497'] for agent, after_update _notify_loop /usr/lib/python2.7/site-packages/neutron_lib/callbacks/manager.py:167
2018-09-30 09:09:18.942 4462 INFO neutron.wsgi [req-dd2055ee-dd85-4bed-8c90-bf01c7937747 6ffdc8d95b3d41eca141c93c6ab51ba8 df61b1e2a4e740dab70a532325323acb - 2d2643693f78425cb14ab03add494189 2d2643693f78425cb14ab03add494189] 10.0.20.25 "GET /v2.0/ports?device_id=ab2139f3-5bbd-40f4-a630-34a88b3ca9fc HTTP/1.1" status: 200  len: 1124 time: 0.8231502
2018-09-30 09:09:19.114 4462 INFO neutron.wsgi [req-0830bc0f-55fc-4232-b3a6-5e71134f1dc7 6ffdc8d95b3d41eca141c93c6ab51ba8 df61b1e2a4e740dab70a532325323acb - 2d2643693f78425cb14ab03add494189 2d2643693f78425cb14ab03add494189] 10.0.20.25 "GET /v2.0/security-groups?id=c809077e-66d2-42d7-a4dc-24e60767fb82 HTTP/1.1" status: 200  len: 2118 time: 0.1611710
2018-09-30 09:09:23.903 4476 DEBUG neutron_lib.callbacks.manager [req-0e14f489-1eaa-45de-aff1-3532c3c8dff8 - - - - -] Notify callbacks ['neutron.services.segments.db._update_segment_host_mapping_for_agent-8749844722497'] for agent, after_update _notify_loop /usr/lib/python2.7/site-packages/neutron_lib/callbacks/manager.py:167
2018-09-30 09:09:26.412 4479 DEBUG neutron.db.agents_db [req-cfcf11f0-a91c-4089-9f90-406c3041281b - - - - -] Agent healthcheck: found 5 active agents agent_health_check /usr/lib/python2.7/site-packages/neutron/db/agents_db.py:281
2018-09-30 09:09:37.313 4471 DEBUG neutron_lib.callbacks.manager [req-0a954996-4ae6-4663-a48b-ec1bf09ea210 - - - - -] Notify callbacks ['neutron.services.segments.db._update_segment_host_mapping_for_agent-8749844722497'] for agent, after_update _notify_loop /usr/lib/python2.7/site-packages/neutron_lib/callbacks/manager.py:167
2018-09-30 09:09:38.800 4468 INFO neutron.wsgi [req-ca0dec46-d97b-4526-b18f-d35662eb6756 6041b01c631d425d829cf96874ce50bf 671ea1986554476bbcaa620e00697d23 - default default] 10.0.20.25 "GET /v2.0/ports?device_id=ab2139f3-5bbd-40f4-a630-34a88b3ca9fc HTTP/1.1" status: 200  len: 1124 time: 0.1476359
2018-09-30 09:09:38.948 4468 INFO neutron.wsgi [req-2f0cc25b-c0e9-4cc5-b6c0-eff950eff80f 6041b01c631d425d829cf96874ce50bf 671ea1986554476bbcaa620e00697d23 - default default] 10.0.20.25 "GET /v2.0/security-groups?id=c809077e-66d2-42d7-a4dc-24e60767fb82 HTTP/1.1" status: 200  len: 2118 time: 0.1389081
2018-09-30 09:09:40.035 4464 INFO neutron.wsgi [req-3203f802-0db0-4b41-a1e8-aa9688420b9f 6041b01c631d425d829cf96874ce50bf 671ea1986554476bbcaa620e00697d23 - default default] 10.0.20.25 "GET /v2.0/ports?device_id=ab2139f3-5bbd-40f4-a630-34a88b3ca9fc HTTP/1.1" status: 200  len: 1124 time: 0.1602709
2018-09-30 09:09:40.204 4464 INFO neutron.wsgi [req-2924b988-3443-4171-82cd-f5033f98451e 6041b01c631d425d829cf96874ce50bf 671ea1986554476bbcaa620e00697d23 - default default] 10.0.20.25 "GET /v2.0/security-groups?id=c809077e-66d2-42d7-a4dc-24e60767fb82 HTTP/1.1" status: 200  len: 2118 time: 0.1590941
2018-09-30 09:09:42.386 4466 INFO neutron.wsgi [req-63febd4a-64ef-48e0-a149-8756d964cf40 6041b01c631d425d829cf96874ce50bf 671ea1986554476bbcaa620e00697d23 - default default] 10.0.20.25 "GET /v2.0/ports?device_id=ab2139f3-5bbd-40f4-a630-34a88b3ca9fc HTTP/1.1" status: 200  len: 1124 time: 0.7519522
2018-09-30 09:09:42.541 4466 INFO neutron.wsgi [req-45eedcfa-4c9c-4d68-b6bb-bdde6335473a 6041b01c631d425d829cf96874ce50bf 671ea1986554476bbcaa620e00697d23 - default default] 10.0.20.25 "GET /v2.0/security-groups?id=c809077e-66d2-42d7-a4dc-24e60767fb82 HTTP/1.1" status: 200  len: 2118 time: 0.1430230
2018-09-30 09:09:43.799 4466 INFO neutron.wsgi [req-89140eda-a8f1-42e6-9efe-0566c73cdfc0 6041b01c631d425d829cf96874ce50bf 671ea1986554476bbcaa620e00697d23 - default default] 10.0.20.25 "GET /v2.0/ports?device_id=ab2139f3-5bbd-40f4-a630-34a88b3ca9fc HTTP/1.1" status: 200  len: 1124 time: 0.2590520
2018-09-30 09:09:43.948 4478 DEBUG neutron_lib.callbacks.manager [req-0075b6cf-3480-44bd-84f1-a55053acd832 - - - - -] Notify callbacks ['neutron.services.segments.db._update_segment_host_mapping_for_agent-8749844722497'] for agent, after_update _notify_loop /usr/lib/python2.7/site-packages/neutron_lib/callbacks/manager.py:167
2018-09-30 09:09:43.964 4466 INFO neutron.wsgi [req-a8caeec3-da43-400e-aab4-85575974611c 6041b01c631d425d829cf96874ce50bf 671ea1986554476bbcaa620e00697d23 - default default] 10.0.20.25 "GET /v2.0/security-groups?id=c809077e-66d2-42d7-a4dc-24e60767fb82 HTTP/1.1" status: 200  len: 2118 time: 0.1318421
2018-09-30 09:09:44.201 4470 DEBUG neutron_lib.callbacks.manager [req-95077ac6-c5ef-44b6-a631-95909bd0684f - - - - -] Notify callbacks ['neutron.services.segments.db._update_segment_host_mapping_for_agent-8749844722497'] for agent, after_update _notify_loop /usr/lib/python2.7/site-packages/neutron_lib/callbacks/manager.py:167
2018-09-30 09:09:45.358 4468 INFO neutron.wsgi [req-af2e72c4-c3f0-455c-9cf7-9e1e6a081d2b 6041b01c631d425d829cf96874ce50bf 671ea1986554476bbcaa620e00697d23 - default default] 10.0.20.25 "GET /v2.0/ports?device_id=ab2139f3-5bbd-40f4-a630-34a88b3ca9fc HTTP/1.1" status: 200  len: 1124 time: 0.1389689
2018-09-30 09:09:45.506 4468 INFO neutron.wsgi [req-c92f5ab1-e76c-49fd-b3e8-201848a35b70 6041b01c631d425d829cf96874ce50bf 671ea1986554476bbcaa620e00697d23 - default default] 10.0.20.25 "GET /v2.0/security-groups?id=c809077e-66d2-42d7-a4dc-24e60767fb82 HTTP/1.1" status: 200  len: 2118 time: 0.1398430
2018-09-30 09:09:48.284 4464 INFO neutron.wsgi [req-14ba4af7-9d73-41da-a6e7-044414023c9b 6041b01c631d425d829cf96874ce50bf 671ea1986554476bbcaa620e00697d23 - default default] 10.0.20.25 "GET /v2.0/ports?device_id=ab2139f3-5bbd-40f4-a630-34a88b3ca9fc HTTP/1.1" status: 200  len: 1124 time: 0.1220210
2018-09-30 09:09:48.407 4464 INFO neutron.wsgi [req-6a592ca9-586e-4a15-aac1-03b353014112 6041b01c631d425d829cf96874ce50bf 671ea1986554476bbcaa620e00697d23 - default default] 10.0.20.25 "GET /v2.0/security-groups?id=c809077e-66d2-42d7-a4dc-24e60767fb82 HTTP/1.1" status: 200  len: 2118 time: 0.1131859
2018-09-30 09:09:48.642 4472 DEBUG neutron_lib.callbacks.manager [req-0082ce22-b3f2-427e-b305-02a8a723b081 - - - - -] Notify callbacks ['neutron.services.segments.db._update_segment_host_mapping_for_agent-8749844722497'] for agent, after_update _notify_loop /usr/lib/python2.7/site-packages/neutron_lib/callbacks/manager.py:167
2018-09-30 09:09:53.891 4474 DEBUG neutron_lib.callbacks.manager [req-5121ecd5-b0c2-458e-8374-070f34eaf720 - - - - -] Notify callbacks ['neutron.services.segments.db._update_segment_host_mapping_for_agent-8749844722497'] for agent, after_update _notify_loop /usr/lib/python2.7/site-packages/neutron_lib/callbacks/manager.py:167
2018-09-30 09:10:03.411 4479 DEBUG neutron.db.agents_db [req-cfcf11f0-a91c-4089-9f90-406c3041281b - - - - -] Agent healthcheck: found 5 active agents agent_health_check /usr/lib/python2.7/site-packages/neutron/db/agents_db.py:281
2018-09-30 09:10:03.688 4465 INFO neutron.wsgi [req-d9cbceeb-7ea5-4eed-afff-7c5dd85b7ba2 6041b01c631d425d829cf96874ce50bf 671ea1986554476bbcaa620e00697d23 - default default] 10.0.20.25 "GET /v2.0/ports?tenant_id=df61b1e2a4e740dab70a532325323acb&device_id=ab2139f3-5bbd-40f4-a630-34a88b3ca9fc HTTP/1.1" status: 200  len: 1124 time: 0.1387110
2018-09-30 09:10:03.927 4465 DEBUG neutron.pecan_wsgi.hooks.policy_enforcement [req-fd3e9fa4-f5e6-43e7-90fd-6124a0b6b969 6041b01c631d425d829cf96874ce50bf 671ea1986554476bbcaa620e00697d23 - default default] Attributes excluded by policy engine: [u'vlan_transparent'] _exclude_attributes_by_policy /usr/lib/python2.7/site-packages/neutron/pecan_wsgi/hooks/policy_enforcement.py:256
2018-09-30 09:10:03.929 4465 INFO neutron.wsgi [req-fd3e9fa4-f5e6-43e7-90fd-6124a0b6b969 6041b01c631d425d829cf96874ce50bf 671ea1986554476bbcaa620e00697d23 - default default] 10.0.20.25 "GET /v2.0/networks?id=226a82c0-f458-4144-a2c1-4d895bced03c HTTP/1.1" status: 200  len: 885 time: 0.2335501
2018-09-30 09:10:03.983 4465 INFO neutron.wsgi [req-f7ddfa40-826f-4520-a4dd-d6677db1f0a2 6041b01c631d425d829cf96874ce50bf 671ea1986554476bbcaa620e00697d23 - default default] 10.0.20.25 "GET /v2.0/floatingips?fixed_ip_address=11.248.1.8&port_id=0c55789d-20cd-475d-bcaf-5a463d5d25b0 HTTP/1.1" status: 200  len: 750 time: 0.0442970
2018-09-30 09:10:04.135 4465 DEBUG neutron.pecan_wsgi.hooks.policy_enforcement [req-dbfe771f-c902-450d-ae39-584c60acc929 6041b01c631d425d829cf96874ce50bf 671ea1986554476bbcaa620e00697d23 - default default] Attributes excluded by policy engine: [u'shared'] _exclude_attributes_by_policy /usr/lib/python2.7/site-packages/neutron/pecan_wsgi/hooks/policy_enforcement.py:256
2018-09-30 09:10:04.139 4465 INFO neutron.wsgi [req-dbfe771f-c902-450d-ae39-584c60acc929 6041b01c631d425d829cf96874ce50bf 671ea1986554476bbcaa620e00697d23 - default default] 10.0.20.25 "GET /v2.0/subnets?id=6fdab0c6-0bec-4079-9304-0b01e87357a3 HTTP/1.1" status: 200  len: 847 time: 0.1480329
2018-09-30 09:10:04.260 4465 INFO neutron.wsgi [req-1c33a49d-86ee-48b8-a6ba-17cd70846175 6041b01c631d425d829cf96874ce50bf 671ea1986554476bbcaa620e00697d23 - default default] 10.0.20.25 "GET /v2.0/ports?network_id=226a82c0-f458-4144-a2c1-4d895bced03c&device_owner=network%3Adhcp HTTP/1.1" status: 200  len: 1128 time: 0.1123531
2018-09-30 09:10:07.318 4473 DEBUG neutron_lib.callbacks.manager [req-0a954996-4ae6-4663-a48b-ec1bf09ea210 - - - - -] Notify callbacks ['neutron.services.segments.db._update_segment_host_mapping_for_agent-8749844722497'] for agent, after_update _notify_loop /usr/lib/python2.7/site-packages/neutron_lib/callbacks/manager.py:167
2018-09-30 09:10:14.047 4475 DEBUG neutron_lib.callbacks.manager [req-0075b6cf-3480-44bd-84f1-a55053acd832 - - - - -] Notify callbacks ['neutron.services.segments.db._update_segment_host_mapping_for_agent-8749844722497'] for agent, after_update _notify_loop /usr/lib/python2.7/site-packages/neutron_lib/callbacks/manager.py:167
2018-09-30 09:10:14.231 4477 DEBUG neutron_lib.callbacks.manager [req-a76a8c1b-af7d-41b8-b8db-f7116c0063fe - - - - -] Notify callbacks ['neutron.services.segments.db._update_segment_host_mapping_for_agent-8749844722497'] for agent, after_update _notify_loop /usr/lib/python2.7/site-packages/neutron_lib/callbacks/manager.py:167
2018-09-30 09:10:18.597 4467 DEBUG neutron.wsgi [-] (4467) accepted ('10.0.20.25', 58572) server /usr/lib/python2.7/site-packages/eventlet/wsgi.py:883
2018-09-30 09:10:18.605 4467 INFO neutron.wsgi [-] 10.0.20.25 "GET / HTTP/1.1" status: 200  len: 252 time: 0.0048769
2018-09-30 09:10:18.660 4476 DEBUG neutron_lib.callbacks.manager [req-0082ce22-b3f2-427e-b305-02a8a723b081 - - - - -] Notify callbacks ['neutron.services.segments.db._update_segment_host_mapping_for_agent-8749844722497'] for agent, after_update _notify_loop /usr/lib/python2.7/site-packages/neutron_lib/callbacks/manager.py:167
2018-09-30 09:10:19.216 4467 INFO neutron.api.v2.resource [req-532b240e-b03a-484f-a4f5-66deb608b378 6ffdc8d95b3d41eca141c93c6ab51ba8 df61b1e2a4e740dab70a532325323acb - 2d2643693f78425cb14ab03add494189 2d2643693f78425cb14ab03add494189] show failed (client error): The resource could not be found.
2018-09-30 09:10:19.219 4467 INFO neutron.wsgi [req-532b240e-b03a-484f-a4f5-66deb608b378 6ffdc8d95b3d41eca141c93c6ab51ba8 df61b1e2a4e740dab70a532325323acb - 2d2643693f78425cb14ab03add494189 2d2643693f78425cb14ab03add494189] 10.0.20.25 "GET /v2.0/floatingips/172.24.4.7 HTTP/1.1" status: 404  len: 324 time: 0.6057842
2018-09-30 09:10:19.274 4467 INFO neutron.wsgi [req-866b62cb-cd29-4a94-90b1-4ab2ce299822 6ffdc8d95b3d41eca141c93c6ab51ba8 df61b1e2a4e740dab70a532325323acb - 2d2643693f78425cb14ab03add494189 2d2643693f78425cb14ab03add494189] 10.0.20.25 "GET /v2.0/floatingips HTTP/1.1" status: 200  len: 1208 time: 0.0460830
2018-09-30 09:10:19.356 4467 DEBUG neutron.plugins.ml2.plugin [req-8ef92c2f-9cea-42d6-b656-44f08255d576 6ffdc8d95b3d41eca141c93c6ab51ba8 df61b1e2a4e740dab70a532325323acb - 2d2643693f78425cb14ab03add494189 2d2643693f78425cb14ab03add494189] Deleting port 13db6c4f-c62d-479b-a3d2-6c455f5640f8 _pre_delete_port /usr/lib/python2.7/site-packages/neutron/plugins/ml2/plugin.py:1488
2018-09-30 09:10:19.358 4467 DEBUG neutron_lib.callbacks.manager [req-8ef92c2f-9cea-42d6-b656-44f08255d576 6ffdc8d95b3d41eca141c93c6ab51ba8 df61b1e2a4e740dab70a532325323acb - 2d2643693f78425cb14ab03add494189 2d2643693f78425cb14ab03add494189] Notify callbacks ['neutron.db.l3_db._prevent_l3_port_delete_callback-8749844921845'] for port, before_delete _notify_loop /usr/lib/python2.7/site-packages/neutron_lib/callbacks/manager.py:167
2018-09-30 09:10:19.902 4467 DEBUG neutron.plugins.ml2.plugin [req-8ef92c2f-9cea-42d6-b656-44f08255d576 6ffdc8d95b3d41eca141c93c6ab51ba8 df61b1e2a4e740dab70a532325323acb - 2d2643693f78425cb14ab03add494189 2d2643693f78425cb14ab03add494189] Calling delete_port for 13db6c4f-c62d-479b-a3d2-6c455f5640f8 owned by network:floatingip delete_port /usr/lib/python2.7/site-packages/neutron/plugins/ml2/plugin.py:1547
2018-09-30 09:10:20.512 4467 DEBUG neutron_lib.callbacks.manager [req-8ef92c2f-9cea-42d6-b656-44f08255d576 6ffdc8d95b3d41eca141c93c6ab51ba8 df61b1e2a4e740dab70a532325323acb - 2d2643693f78425cb14ab03add494189 2d2643693f78425cb14ab03add494189] Notify callbacks ['neutron.plugins.ml2.plugin.Ml2Plugin.notify_sg_on_port_change-705676', 'neutron.db.l3_db._notify_routers_callback--9223363287009876273', 'neutron.api.rpc.agentnotifiers.dhcp_rpc_agent_api.DhcpAgentNotifyAPI._native_event_send_dhcp_notification-3824806', 'neutron.db.l3_dvrscheduler_db._notify_port_delete--9223363287010415635', 'neutron.plugins.ml2.ovo_rpc._ObjectChangeHandler.handle_event-3927575'] for port, after_delete _notify_loop /usr/lib/python2.7/site-packages/neutron_lib/callbacks/manager.py:167
2018-09-30 09:10:21.438 4467 DEBUG oslo_concurrency.lockutils [-] Lock "event-dispatch" acquired by "neutron.plugins.ml2.ovo_rpc.dispatch_events" :: waited 0.000s inner /usr/lib/python2.7/site-packages/oslo_concurrency/lockutils.py:270
2018-09-30 09:10:21.524 4467 DEBUG neutron.api.rpc.handlers.resources_rpc [req-8ef92c2f-9cea-42d6-b656-44f08255d576 6ffdc8d95b3d41eca141c93c6ab51ba8 df61b1e2a4e740dab70a532325323acb - - -] neutron.api.rpc.handlers.resources_rpc.ResourcesPushRpcApi method push called with arguments (<neutron_lib.context.Context object at 0x7f53b4ea9050>, [Port(admin_state_up=<?>,allowed_address_pairs=<?>,binding=<?>,binding_levels=<?>,created_at=<?>,data_plane_status=<?>,description=<?>,device_id=<?>,device_owner=<?>,dhcp_options=<?>,distributed_binding=<?>,dns=<?>,fixed_ips=<?>,id=13db6c4f-c62d-479b-a3d2-6c455f5640f8,mac_address=<?>,name=<?>,network_id=<?>,project_id=<?>,qos_policy_id=None,revision_number=<?>,security=<?>,security_group_ids=None,status=<?>,updated_at=<?>)], 'deleted') {} wrapper /usr/lib/python2.7/site-packages/oslo_log/helpers.py:66
2018-09-30 09:10:21.635 4467 DEBUG neutron.api.rpc.callbacks.version_manager [req-8ef92c2f-9cea-42d6-b656-44f08255d576 6ffdc8d95b3d41eca141c93c6ab51ba8 df61b1e2a4e740dab70a532325323acb - - -] Version for resource type Subnet changed None to 1.0 on consumer Open vSwitch agent@localhost.localdomain _set_version /usr/lib/python2.7/site-packages/neutron/api/rpc/callbacks/version_manager.py:119
2018-09-30 09:10:21.636 4467 DEBUG neutron.api.rpc.callbacks.version_manager [req-8ef92c2f-9cea-42d6-b656-44f08255d576 6ffdc8d95b3d41eca141c93c6ab51ba8 df61b1e2a4e740dab70a532325323acb - - -] Version for resource type Network changed None to 1.0 on consumer Open vSwitch agent@localhost.localdomain _set_version /usr/lib/python2.7/site-packages/neutron/api/rpc/callbacks/version_manager.py:119
2018-09-30 09:10:21.637 4467 DEBUG neutron.api.rpc.callbacks.version_manager [req-8ef92c2f-9cea-42d6-b656-44f08255d576 6ffdc8d95b3d41eca141c93c6ab51ba8 df61b1e2a4e740dab70a532325323acb - - -] Version for resource type SubPort changed None to 1.0 on consumer Open vSwitch agent@localhost.localdomain _set_version /usr/lib/python2.7/site-packages/neutron/api/rpc/callbacks/version_manager.py:119
2018-09-30 09:10:21.637 4467 DEBUG neutron.api.rpc.callbacks.version_manager [req-8ef92c2f-9cea-42d6-b656-44f08255d576 6ffdc8d95b3d41eca141c93c6ab51ba8 df61b1e2a4e740dab70a532325323acb - - -] Version for resource type SecurityGroup changed None to 1.0 on consumer Open vSwitch agent@localhost.localdomain _set_version /usr/lib/python2.7/site-packages/neutron/api/rpc/callbacks/version_manager.py:119
2018-09-30 09:10:21.638 4467 DEBUG neutron.api.rpc.callbacks.version_manager [req-8ef92c2f-9cea-42d6-b656-44f08255d576 6ffdc8d95b3d41eca141c93c6ab51ba8 df61b1e2a4e740dab70a532325323acb - - -] Version for resource type SecurityGroupRule changed None to 1.0 on consumer Open vSwitch agent@localhost.localdomain _set_version /usr/lib/python2.7/site-packages/neutron/api/rpc/callbacks/version_manager.py:119
2018-09-30 09:10:21.639 4467 DEBUG neutron.api.rpc.callbacks.version_manager [req-8ef92c2f-9cea-42d6-b656-44f08255d576 6ffdc8d95b3d41eca141c93c6ab51ba8 df61b1e2a4e740dab70a532325323acb - - -] Version for resource type Trunk changed None to 1.1 on consumer Open vSwitch agent@localhost.localdomain _set_version /usr/lib/python2.7/site-packages/neutron/api/rpc/callbacks/version_manager.py:119
2018-09-30 09:10:21.640 4467 DEBUG neutron.api.rpc.callbacks.version_manager [req-8ef92c2f-9cea-42d6-b656-44f08255d576 6ffdc8d95b3d41eca141c93c6ab51ba8 df61b1e2a4e740dab70a532325323acb - - -] Version for resource type QosPolicy changed None to 1.6 on consumer Open vSwitch agent@localhost.localdomain _set_version /usr/lib/python2.7/site-packages/neutron/api/rpc/callbacks/version_manager.py:119
2018-09-30 09:10:21.641 4467 DEBUG neutron.api.rpc.callbacks.version_manager [req-8ef92c2f-9cea-42d6-b656-44f08255d576 6ffdc8d95b3d41eca141c93c6ab51ba8 df61b1e2a4e740dab70a532325323acb - - -] Version for resource type Port changed None to 1.1 on consumer Open vSwitch agent@localhost.localdomain _set_version /usr/lib/python2.7/site-packages/neutron/api/rpc/callbacks/version_manager.py:119
2018-09-30 09:10:21.641 4467 DEBUG neutron.api.rpc.callbacks.version_manager [req-8ef92c2f-9cea-42d6-b656-44f08255d576 6ffdc8d95b3d41eca141c93c6ab51ba8 df61b1e2a4e740dab70a532325323acb - - -] Version for resource type Log changed None to 1.0 on consumer Open vSwitch agent@localhost.localdomain _set_version /usr/lib/python2.7/site-packages/neutron/api/rpc/callbacks/version_manager.py:119
2018-09-30 09:10:21.643 4467 DEBUG neutron.api.rpc.callbacks.version_manager [req-8ef92c2f-9cea-42d6-b656-44f08255d576 6ffdc8d95b3d41eca141c93c6ab51ba8 df61b1e2a4e740dab70a532325323acb - - -] Tracked resource versions report:
pushed versions:
{   'Log': set(['1.0']),
    'Network': set(['1.0']),
    'Port': set(['1.1']),
    'QosPolicy': set(['1.6']),
    'SecurityGroup': set(['1.0']),
    'SecurityGroupRule': set(['1.0']),
    'SubPort': set(['1.0']),
    'Subnet': set(['1.0']),
    'Trunk': set(['1.1'])}

consumer versions:
{   DHCP agent@localhost.localdomain: {   },
    L3 agent@localhost.localdomain: {   },
    Metadata agent@localhost.localdomain: {   },
    Metering agent@localhost.localdomain: {   },
    Open vSwitch agent@localhost.localdomain: {   u'Log': u'1.0',
                                                  u'Network': u'1.0',
                                                  u'Port': u'1.1',
                                                  u'QosPolicy': u'1.6',
                                                  u'SecurityGroup': u'1.0',
                                                  u'SecurityGroupRule': u'1.0',
                                                  u'SubPort': u'1.0',
                                                  u'Subnet': u'1.0',
                                                  u'Trunk': u'1.1'}}
 report /usr/lib/python2.7/site-packages/neutron/api/rpc/callbacks/version_manager.py:178
2018-09-30 09:10:21.695 4467 DEBUG oslo_concurrency.lockutils [req-8ef92c2f-9cea-42d6-b656-44f08255d576 6ffdc8d95b3d41eca141c93c6ab51ba8 df61b1e2a4e740dab70a532325323acb - - -] Lock "event-dispatch" released by "neutron.plugins.ml2.ovo_rpc.dispatch_events" :: held 0.257s inner /usr/lib/python2.7/site-packages/oslo_concurrency/lockutils.py:282
2018-09-30 09:10:22.110 4467 DEBUG neutron.scheduler.l3_agent_scheduler [req-8ef92c2f-9cea-42d6-b656-44f08255d576 6ffdc8d95b3d41eca141c93c6ab51ba8 df61b1e2a4e740dab70a532325323acb - 2d2643693f78425cb14ab03add494189 2d2643693f78425cb14ab03add494189] Router a7cccfe3-64f1-4876-80ce-f262f6b834fe has already been hosted by L3 agent 4ac0ebe3-010d-4960-b1cd-6ee5ff761291 _get_candidates /usr/lib/python2.7/site-packages/neutron/scheduler/l3_agent_scheduler.py:141
2018-09-30 09:10:22.797 4467 DEBUG neutron.api.rpc.agentnotifiers.l3_rpc_agent_api [req-8ef92c2f-9cea-42d6-b656-44f08255d576 6ffdc8d95b3d41eca141c93c6ab51ba8 df61b1e2a4e740dab70a532325323acb - 2d2643693f78425cb14ab03add494189 2d2643693f78425cb14ab03add494189] Notify agent at l3_agent.localhost.localdomain the message routers_updated _agent_notification /usr/lib/python2.7/site-packages/neutron/api/rpc/agentnotifiers/l3_rpc_agent_api.py:69
2018-09-30 09:10:22.857 4467 DEBUG neutron.quota.resource [req-8ef92c2f-9cea-42d6-b656-44f08255d576 6ffdc8d95b3d41eca141c93c6ab51ba8 df61b1e2a4e740dab70a532325323acb - 2d2643693f78425cb14ab03add494189 2d2643693f78425cb14ab03add494189] Persisted dirty status for tenant:df61b1e2a4e740dab70a532325323acb on resource:floatingip mark_dirty /usr/lib/python2.7/site-packages/neutron/quota/resource.py:207
2018-09-30 09:10:22.875 4474 DEBUG neutron.db.l3_hamode_db [req-eb1ed4e1-8d97-44b1-8131-5b2bc4ee1e61 - - - - -] neutron.services.l3_router.l3_router_plugin.L3RouterPlugin method get_ha_sync_data_for_host called with arguments (<neutron_lib.context.Context object at 0x7f53b51dc450>, u'localhost.localdomain', <neutron.db.models.agent.Agent[object at 7f53b4e3ee90] {id=u'4ac0ebe3-010d-4960-b1cd-6ee5ff761291', agent_type=u'L3 agent', binary=u'neutron-l3-agent', topic=u'l3_agent', host=u'localhost.localdomain', availability_zone=u'nova', admin_state_up=True, created_at=datetime.datetime(2018, 9, 11, 21, 26, 19), started_at=datetime.datetime(2018, 9, 30, 12, 42, 14), heartbeat_timestamp=datetime.datetime(2018, 9, 30, 13, 10, 14), description=None, configurations=u'{"agent_mode": "legacy", "gateway_external_network_id": "", "handle_internal_only_routers": true, "routers": 2, "interfaces": 2, "floating_ips": 1, "interface_driver": "neutron.agent.linux.interface.OVSInterfaceDriver", "log_agent_heartbeats": false, "external_network_bridge": "", "ex_gw_ports": 2}', resource_versions=None, load=0}>) {'active': True, 'router_ids': ['a7cccfe3-64f1-4876-80ce-f262f6b834fe']} wrapper /usr/lib/python2.7/site-packages/oslo_log/helpers.py:66
2018-09-30 09:10:22.891 4467 DEBUG neutron.quota.resource [req-8ef92c2f-9cea-42d6-b656-44f08255d576 6ffdc8d95b3d41eca141c93c6ab51ba8 df61b1e2a4e740dab70a532325323acb - 2d2643693f78425cb14ab03add494189 2d2643693f78425cb14ab03add494189] Persisted dirty status for tenant: on resource:port mark_dirty /usr/lib/python2.7/site-packages/neutron/quota/resource.py:207
2018-09-30 09:10:22.900 4467 DEBUG neutron_lib.callbacks.manager [req-8ef92c2f-9cea-42d6-b656-44f08255d576 6ffdc8d95b3d41eca141c93c6ab51ba8 df61b1e2a4e740dab70a532325323acb - 2d2643693f78425cb14ab03add494189 2d2643693f78425cb14ab03add494189] Notify callbacks ['neutron.notifiers.nova.Notifier._send_nova_notification-1739'] for floatingip, before_response _notify_loop /usr/lib/python2.7/site-packages/neutron_lib/callbacks/manager.py:167
2018-09-30 09:10:23.019 4467 INFO neutron.wsgi [req-8ef92c2f-9cea-42d6-b656-44f08255d576 6ffdc8d95b3d41eca141c93c6ab51ba8 df61b1e2a4e740dab70a532325323acb - 2d2643693f78425cb14ab03add494189 2d2643693f78425cb14ab03add494189] 10.0.20.25 "DELETE /v2.0/floatingips/bfabb148-512e-4008-a484-dd5bc6e37757 HTTP/1.1" status: 204  len: 173 time: 3.7348330
2018-09-30 09:10:23.020 4467 DEBUG oslo_concurrency.lockutils [-] Lock "notifier-d26a7850-d4b8-488b-a60e-ccc6e93fdd49" acquired by "neutron.notifiers.batch_notifier.synced_send" :: waited 0.000s inner /usr/lib/python2.7/site-packages/oslo_concurrency/lockutils.py:270
2018-09-30 09:10:23.021 4467 DEBUG neutron.notifiers.nova [-] Sending events: [{'tag': u'0c55789d-20cd-475d-bcaf-5a463d5d25b0', 'name': 'network-changed', 'server_uuid': u'ab2139f3-5bbd-40f4-a630-34a88b3ca9fc'}] send_events /usr/lib/python2.7/site-packages/neutron/notifiers/nova.py:242
2018-09-30 09:10:23.900 4471 DEBUG neutron_lib.callbacks.manager [req-38b3f00b-ec95-4aaa-913a-82ad3ce6c790 - - - - -] Notify callbacks ['neutron.services.segments.db._update_segment_host_mapping_for_agent-8749844722497'] for agent, after_update _notify_loop /usr/lib/python2.7/site-packages/neutron_lib/callbacks/manager.py:167
2018-09-30 09:10:24.200 4474 DEBUG neutron.db.l3_hamode_db [req-eb1ed4e1-8d97-44b1-8131-5b2bc4ee1e61 - - - - -] neutron.services.l3_router.l3_router_plugin.L3RouterPlugin method _process_sync_ha_data called with arguments (<neutron_lib.context.Context object at 0x7f53b51dc450>, [{'status': u'ACTIVE', '_interfaces': [{'status': u'ACTIVE', 'subnets': [{'dns_nameservers': [u'8.8.4.4'], 'ipv6_ra_mode': None, 'gateway_ip': u'11.248.1.1', 'cidr': u'11.248.1.0/24', 'id': u'6fdab0c6-0bec-4079-9304-0b01e87357a3', 'subnetpool_id': None}], 'binding:host_id': u'localhost.localdomain', 'description': u'', 'allowed_address_pairs': [], 'tags': [], 'extra_dhcp_opts': [], 'updated_at': '2018-09-30T13:05:18Z', 'device_owner': u'network:router_interface', 'revision_number': 7, 'port_security_enabled': False, 'binding:profile': {}, 'mtu': 1450, 'fixed_ips': [{'subnet_id': u'6fdab0c6-0bec-4079-9304-0b01e87357a3', 'prefixlen': 24, 'ip_address': u'11.248.1.1'}], 'id': u'321b242e-e705-421e-9913-7a7fda1e2928', 'security_groups': [], 'device_id': u'a7cccfe3-64f1-4876-80ce-f262f6b834fe', 'name': u'', 'admin_state_up': True, 'network_id': u'226a82c0-f458-4144-a2c1-4d895bced03c', 'tenant_id': u'df61b1e2a4e740dab70a532325323acb', 'binding:vif_details': {u'port_filter': True, u'datapath_type': u'system', u'ovs_hybrid_plug': True}, 'address_scopes': {4: None, 6: None}, 'binding:vnic_type': u'normal', 'binding:vif_type': u'ovs', 'mac_address': u'fa:16:3e:08:6c:e2', 'project_id': u'df61b1e2a4e740dab70a532325323acb', 'extra_subnets': [], 'created_at': '2018-09-30T13:05:10Z'}], 'enable_snat': True, 'ha_vr_id': 0, 'description': u'', 'tags': [], 'gw_port': {'status': u'ACTIVE', 'subnets': [{'dns_nameservers': [], 'ipv6_ra_mode': None, 'gateway_ip': u'172.24.4.1', 'cidr': u'172.24.4.0/24', 'id': u'a3f065d6-c694-4228-b2c0-49725a850924', 'subnetpool_id': None}], 'binding:host_id': u'localhost.localdomain', 'description': u'', 'allowed_address_pairs': [], 'tags': [], 'extra_dhcp_opts': [], 'updated_at': '2018-09-30T13:05:33Z', 'device_owner': u'network:router_gateway', 'revision_number': 6, 'port_security_enabled': False, 'binding:profile': {}, 'mtu': 1500, 'fixed_ips': [{'subnet_id': u'a3f065d6-c694-4228-b2c0-49725a850924', 'prefixlen': 24, 'ip_address': u'172.24.4.12'}], 'id': u'92a2da08-893a-42ff-bcea-fe9d1d8cdbe8', 'security_groups': [], 'device_id': u'a7cccfe3-64f1-4876-80ce-f262f6b834fe', 'name': u'', 'admin_state_up': True, 'network_id': u'40fff4bc-a326-419b-b1c1-a7aa26b2d41a', 'tenant_id': u'', 'binding:vif_details': {u'port_filter': True, u'datapath_type': u'system', u'ovs_hybrid_plug': True}, 'address_scopes': {4: None, 6: None}, 'binding:vnic_type': u'normal', 'binding:vif_type': u'ovs', 'mac_address': u'fa:16:3e:7f:30:8e', 'project_id': u'', 'extra_subnets': [], 'created_at': '2018-09-30T13:05:24Z'}, 'updated_at': '2018-09-30T13:05:25Z', 'revision_number': 4, 'ha': False, 'id': u'a7cccfe3-64f1-4876-80ce-f262f6b834fe', 'gw_port_host': u'localhost.localdomain', 'external_gateway_info': {'network_id': u'40fff4bc-a326-419b-b1c1-a7aa26b2d41a', 'enable_snat': True, 'external_fixed_ips': [{'subnet_id': u'a3f065d6-c694-4228-b2c0-49725a850924', 'ip_address': u'172.24.4.12'}]}, 'availability_zone_hints': [], 'availability_zones': [u'nova'], 'name': u'tempest-router-1538312519', 'gw_port_id': u'92a2da08-893a-42ff-bcea-fe9d1d8cdbe8', 'admin_state_up': True, 'tenant_id': u'df61b1e2a4e740dab70a532325323acb', 'created_at': '2018-09-30T13:04:48Z', 'distributed': False, 'flavor_id': None, 'routes': [], 'project_id': u'df61b1e2a4e740dab70a532325323acb'}], u'localhost.localdomain', False) {} wrapper /usr/lib/python2.7/site-packages/oslo_log/helpers.py:66
2018-09-30 09:10:24.212 4474 DEBUG neutron.api.rpc.handlers.l3_rpc [req-eb1ed4e1-8d97-44b1-8131-5b2bc4ee1e61 - - - - -] Checking router: a7cccfe3-64f1-4876-80ce-f262f6b834fe for host: localhost.localdomain _ensure_host_set_on_ports /usr/lib/python2.7/site-packages/neutron/api/rpc/handlers/l3_rpc.py:135
2018-09-30 09:10:24.329 4467 DEBUG novaclient.v2.client [-] REQ: curl -g -i -X POST http://10.0.20.25:8774/v2.1/671ea1986554476bbcaa620e00697d23/os-server-external-events -H "User-Agent: python-novaclient" -H "Content-Type: application/json" -H "Accept: application/json" -H "X-OpenStack-Nova-API-Version: 2.1" -H "X-Auth-Token: {SHA1}6df3774560ffcffa900b9157dcf6d92ba465aa89" -d '{"events": [{"tag": "0c55789d-20cd-475d-bcaf-5a463d5d25b0", "name": "network-changed", "server_uuid": "ab2139f3-5bbd-40f4-a630-34a88b3ca9fc"}]}' _http_log_request /usr/lib/python2.7/site-packages/keystoneauth1/session.py:375
2018-09-30 09:10:24.446 4477 DEBUG neutron.api.rpc.handlers.l3_rpc [req-ba0b53fb-a4ab-4a8e-9456-75e2edc9c761 - - - - -] New status for floating IP bfabb148-512e-4008-a484-dd5bc6e37757: DOWN update_floatingip_statuses /usr/lib/python2.7/site-packages/neutron/api/rpc/handlers/l3_rpc.py:252
2018-09-30 09:10:26.117 4467 DEBUG novaclient.v2.client [-] RESP: [200] Content-Length: 179 Content-Type: application/json Openstack-Api-Version: compute 2.1 X-Openstack-Nova-Api-Version: 2.1 Vary: OpenStack-API-Version, X-OpenStack-Nova-API-Version X-Openstack-Request-Id: req-09943342-1966-4a6c-81fe-56fabc661c11 X-Compute-Request-Id: req-09943342-1966-4a6c-81fe-56fabc661c11 Date: Sun, 30 Sep 2018 13:10:26 GMT Connection: keep-alive 
RESP BODY: {"events": [{"status": "completed", "tag": "0c55789d-20cd-475d-bcaf-5a463d5d25b0", "name": "network-changed", "server_uuid": "ab2139f3-5bbd-40f4-a630-34a88b3ca9fc", "code": 200}]}
 _http_log_response /usr/lib/python2.7/site-packages/keystoneauth1/session.py:423
2018-09-30 09:10:26.119 4467 DEBUG novaclient.v2.client [-] POST call to compute for http://10.0.20.25:8774/v2.1/671ea1986554476bbcaa620e00697d23/os-server-external-events used request id req-09943342-1966-4a6c-81fe-56fabc661c11 request /usr/lib/python2.7/site-packages/keystoneauth1/session.py:727
2018-09-30 09:10:26.132 4467 INFO neutron.notifiers.nova [-] Nova event response: {u'status': u'completed', u'tag': u'0c55789d-20cd-475d-bcaf-5a463d5d25b0', u'name': u'network-changed', u'server_uuid': u'ab2139f3-5bbd-40f4-a630-34a88b3ca9fc', u'code': 200}
2018-09-30 09:10:26.371 4465 INFO neutron.wsgi [req-3e7258db-1089-466c-aeb9-b520b85c952e 6041b01c631d425d829cf96874ce50bf 671ea1986554476bbcaa620e00697d23 - default default] 10.0.20.25 "GET /v2.0/ports?tenant_id=df61b1e2a4e740dab70a532325323acb&device_id=ab2139f3-5bbd-40f4-a630-34a88b3ca9fc HTTP/1.1" status: 200  len: 1124 time: 0.1870701
2018-09-30 09:10:26.715 4465 DEBUG neutron.pecan_wsgi.hooks.policy_enforcement [req-ab0ef0de-faa5-49e2-8115-ba63e15d9ab3 6041b01c631d425d829cf96874ce50bf 671ea1986554476bbcaa620e00697d23 - default default] Attributes excluded by policy engine: [u'vlan_transparent'] _exclude_attributes_by_policy /usr/lib/python2.7/site-packages/neutron/pecan_wsgi/hooks/policy_enforcement.py:256
2018-09-30 09:10:26.718 4465 INFO neutron.wsgi [req-ab0ef0de-faa5-49e2-8115-ba63e15d9ab3 6041b01c631d425d829cf96874ce50bf 671ea1986554476bbcaa620e00697d23 - default default] 10.0.20.25 "GET /v2.0/networks?id=226a82c0-f458-4144-a2c1-4d895bced03c HTTP/1.1" status: 200  len: 885 time: 0.3385921
2018-09-30 09:10:26.786 4465 INFO neutron.wsgi [req-f18cf2fd-3f7c-457d-9500-8353482ef33e 6041b01c631d425d829cf96874ce50bf 671ea1986554476bbcaa620e00697d23 - default default] 10.0.20.25 "GET /v2.0/floatingips?fixed_ip_address=11.248.1.8&port_id=0c55789d-20cd-475d-bcaf-5a463d5d25b0 HTTP/1.1" status: 200  len: 217 time: 0.0576880
2018-09-30 09:10:26.962 4465 DEBUG neutron.pecan_wsgi.hooks.policy_enforcement [req-9e92a371-cee9-4e76-98d0-9ed038ffc5bd 6041b01c631d425d829cf96874ce50bf 671ea1986554476bbcaa620e00697d23 - default default] Attributes excluded by policy engine: [u'shared'] _exclude_attributes_by_policy /usr/lib/python2.7/site-packages/neutron/pecan_wsgi/hooks/policy_enforcement.py:256
