2018-09-13 04:07:23.442 7491 DEBUG neutron_lib.callbacks.manager [req-8072e272-84fb-45bb-88ea-e96b349cf465 6bce0e5766c84e1a98c3cb5ccb2e3772 4cff21d35d8b43b9a2a1ce042bb4f9f9 - default default] Notify callbacks ['neutron.plugins.ml2.plugin.Ml2Plugin._ensure_default_security_group_handler-366306'] for port, before_create _notify_loop /usr/lib/python2.7/site-packages/neutron_lib/callbacks/manager.py:167
2018-09-13 04:07:24.363 7491 DEBUG neutron.db.db_base_plugin_common [req-8072e272-84fb-45bb-88ea-e96b349cf465 6bce0e5766c84e1a98c3cb5ccb2e3772 4cff21d35d8b43b9a2a1ce042bb4f9f9 - default default] Allocated IP 172.24.4.15 (bcf73fc2-8df6-4f12-801c-ef4abf269c73/5f4e1ac0-b77f-4630-ace6-541a6f9c266c/60ff4c8a-5998-4973-b4ac-ceb931cd9695) _store_ip_allocation /usr/lib/python2.7/site-packages/neutron/db/db_base_plugin_common.py:122
2018-09-13 04:07:24.743 7491 DEBUG neutron_lib.callbacks.manager [req-8072e272-84fb-45bb-88ea-e96b349cf465 6bce0e5766c84e1a98c3cb5ccb2e3772 4cff21d35d8b43b9a2a1ce042bb4f9f9 - default default] Notify callbacks [] for port, precommit_create _notify_loop /usr/lib/python2.7/site-packages/neutron_lib/callbacks/manager.py:167
2018-09-13 04:07:24.858 7491 DEBUG neutron_lib.callbacks.manager [req-8072e272-84fb-45bb-88ea-e96b349cf465 6bce0e5766c84e1a98c3cb5ccb2e3772 4cff21d35d8b43b9a2a1ce042bb4f9f9 - default default] Notify callbacks ['neutron.plugins.ml2.ovo_rpc._ObjectChangeHandler.handle_event-3905778', 'neutron.api.rpc.agentnotifiers.dhcp_rpc_agent_api.DhcpAgentNotifyAPI._native_event_send_dhcp_notification-3416280', 'neutron.db.l3_dvrscheduler_db._notify_l3_agent_new_port--9223363260305299339', 'neutron.plugins.ml2.plugin.Ml2Plugin.notify_sg_on_port_change-366238'] for port, after_create _notify_loop /usr/lib/python2.7/site-packages/neutron_lib/callbacks/manager.py:167
2018-09-13 04:07:24.892 7491 DEBUG oslo_concurrency.lockutils [-] Lock "event-dispatch" acquired by "neutron.plugins.ml2.ovo_rpc.dispatch_events" :: waited 0.000s inner /usr/lib/python2.7/site-packages/oslo_concurrency/lockutils.py:270
2018-09-13 04:07:25.266 7491 DEBUG neutron.api.rpc.handlers.resources_rpc [req-8072e272-84fb-45bb-88ea-e96b349cf465 6bce0e5766c84e1a98c3cb5ccb2e3772 4cff21d35d8b43b9a2a1ce042bb4f9f9 - - -] neutron.api.rpc.handlers.resources_rpc.ResourcesPushRpcApi method push called with arguments (<neutron_lib.context.Context object at 0x7fb730e11a10>, [Port(admin_state_up=True,allowed_address_pairs=[],binding=PortBinding,binding_levels=[],created_at=2018-09-13T08:07:23Z,data_plane_status=<?>,description='',device_id='PENDING',device_owner='network:floatingip',dhcp_options=[],distributed_binding=None,dns=None,fixed_ips=[IPAllocation],id=60ff4c8a-5998-4973-b4ac-ceb931cd9695,mac_address=fa:16:3e:7e:12:6b,name='',network_id=bcf73fc2-8df6-4f12-801c-ef4abf269c73,project_id='',qos_policy_id=None,revision_number=3,security=PortSecurity(60ff4c8a-5998-4973-b4ac-ceb931cd9695),security_group_ids=set([]),status='N/A',updated_at=2018-09-13T08:07:24Z)], 'updated') {} wrapper /usr/lib/python2.7/site-packages/oslo_log/helpers.py:66
2018-09-13 04:07:25.317 7491 DEBUG neutron.api.rpc.callbacks.version_manager [req-8072e272-84fb-45bb-88ea-e96b349cf465 6bce0e5766c84e1a98c3cb5ccb2e3772 4cff21d35d8b43b9a2a1ce042bb4f9f9 - - -] Version for resource type Subnet changed None to 1.0 on consumer Open vSwitch agent@localhost.localdomain _set_version /usr/lib/python2.7/site-packages/neutron/api/rpc/callbacks/version_manager.py:119
2018-09-13 04:07:25.318 7491 DEBUG neutron.api.rpc.callbacks.version_manager [req-8072e272-84fb-45bb-88ea-e96b349cf465 6bce0e5766c84e1a98c3cb5ccb2e3772 4cff21d35d8b43b9a2a1ce042bb4f9f9 - - -] Version for resource type Network changed None to 1.0 on consumer Open vSwitch agent@localhost.localdomain _set_version /usr/lib/python2.7/site-packages/neutron/api/rpc/callbacks/version_manager.py:119
2018-09-13 04:07:25.319 7491 DEBUG neutron.api.rpc.callbacks.version_manager [req-8072e272-84fb-45bb-88ea-e96b349cf465 6bce0e5766c84e1a98c3cb5ccb2e3772 4cff21d35d8b43b9a2a1ce042bb4f9f9 - - -] Version for resource type SubPort changed None to 1.0 on consumer Open vSwitch agent@localhost.localdomain _set_version /usr/lib/python2.7/site-packages/neutron/api/rpc/callbacks/version_manager.py:119
2018-09-13 04:07:25.320 7491 DEBUG neutron.api.rpc.callbacks.version_manager [req-8072e272-84fb-45bb-88ea-e96b349cf465 6bce0e5766c84e1a98c3cb5ccb2e3772 4cff21d35d8b43b9a2a1ce042bb4f9f9 - - -] Version for resource type SecurityGroup changed None to 1.0 on consumer Open vSwitch agent@localhost.localdomain _set_version /usr/lib/python2.7/site-packages/neutron/api/rpc/callbacks/version_manager.py:119
2018-09-13 04:07:25.321 7491 DEBUG neutron.api.rpc.callbacks.version_manager [req-8072e272-84fb-45bb-88ea-e96b349cf465 6bce0e5766c84e1a98c3cb5ccb2e3772 4cff21d35d8b43b9a2a1ce042bb4f9f9 - - -] Version for resource type SecurityGroupRule changed None to 1.0 on consumer Open vSwitch agent@localhost.localdomain _set_version /usr/lib/python2.7/site-packages/neutron/api/rpc/callbacks/version_manager.py:119
2018-09-13 04:07:25.322 7491 DEBUG neutron.api.rpc.callbacks.version_manager [req-8072e272-84fb-45bb-88ea-e96b349cf465 6bce0e5766c84e1a98c3cb5ccb2e3772 4cff21d35d8b43b9a2a1ce042bb4f9f9 - - -] Version for resource type Trunk changed None to 1.1 on consumer Open vSwitch agent@localhost.localdomain _set_version /usr/lib/python2.7/site-packages/neutron/api/rpc/callbacks/version_manager.py:119
2018-09-13 04:07:25.323 7491 DEBUG neutron.api.rpc.callbacks.version_manager [req-8072e272-84fb-45bb-88ea-e96b349cf465 6bce0e5766c84e1a98c3cb5ccb2e3772 4cff21d35d8b43b9a2a1ce042bb4f9f9 - - -] Version for resource type QosPolicy changed None to 1.6 on consumer Open vSwitch agent@localhost.localdomain _set_version /usr/lib/python2.7/site-packages/neutron/api/rpc/callbacks/version_manager.py:119
2018-09-13 04:07:25.324 7491 DEBUG neutron.api.rpc.callbacks.version_manager [req-8072e272-84fb-45bb-88ea-e96b349cf465 6bce0e5766c84e1a98c3cb5ccb2e3772 4cff21d35d8b43b9a2a1ce042bb4f9f9 - - -] Version for resource type Port changed None to 1.1 on consumer Open vSwitch agent@localhost.localdomain _set_version /usr/lib/python2.7/site-packages/neutron/api/rpc/callbacks/version_manager.py:119
2018-09-13 04:07:25.325 7491 DEBUG neutron.api.rpc.callbacks.version_manager [req-8072e272-84fb-45bb-88ea-e96b349cf465 6bce0e5766c84e1a98c3cb5ccb2e3772 4cff21d35d8b43b9a2a1ce042bb4f9f9 - - -] Version for resource type Log changed None to 1.0 on consumer Open vSwitch agent@localhost.localdomain _set_version /usr/lib/python2.7/site-packages/neutron/api/rpc/callbacks/version_manager.py:119
2018-09-13 04:07:25.329 7491 DEBUG neutron.api.rpc.callbacks.version_manager [req-8072e272-84fb-45bb-88ea-e96b349cf465 6bce0e5766c84e1a98c3cb5ccb2e3772 4cff21d35d8b43b9a2a1ce042bb4f9f9 - - -] Tracked resource versions report:
pushed versions:
{   'Log': set(['1.0']),
    'Network': set(['1.0']),
    'Port': set(['1.1']),
    'QosPolicy': set(['1.6']),
    'SecurityGroup': set(['1.0']),
    'SecurityGroupRule': set(['1.0']),
    'SubPort': set(['1.0']),
    'Subnet': set(['1.0']),
    'Trunk': set(['1.1'])}

consumer versions:
{   DHCP agent@localhost.localdomain: {   },
    L3 agent@localhost.localdomain: {   },
    Metadata agent@localhost.localdomain: {   },
    Metering agent@localhost.localdomain: {   },
    Open vSwitch agent@localhost.localdomain: {   u'Log': u'1.0',
                                                  u'Network': u'1.0',
                                                  u'Port': u'1.1',
                                                  u'QosPolicy': u'1.6',
                                                  u'SecurityGroup': u'1.0',
                                                  u'SecurityGroupRule': u'1.0',
                                                  u'SubPort': u'1.0',
                                                  u'Subnet': u'1.0',
                                                  u'Trunk': u'1.1'}}
 report /usr/lib/python2.7/site-packages/neutron/api/rpc/callbacks/version_manager.py:178
2018-09-13 04:07:25.339 7491 DEBUG oslo_concurrency.lockutils [req-8072e272-84fb-45bb-88ea-e96b349cf465 6bce0e5766c84e1a98c3cb5ccb2e3772 4cff21d35d8b43b9a2a1ce042bb4f9f9 - - -] Lock "event-dispatch" released by "neutron.plugins.ml2.ovo_rpc.dispatch_events" :: held 0.446s inner /usr/lib/python2.7/site-packages/oslo_concurrency/lockutils.py:282
2018-09-13 04:07:25.384 7491 DEBUG neutron.scheduler.dhcp_agent_scheduler [req-8072e272-84fb-45bb-88ea-e96b349cf465 6bce0e5766c84e1a98c3cb5ccb2e3772 4cff21d35d8b43b9a2a1ce042bb4f9f9 - default default] Network bcf73fc2-8df6-4f12-801c-ef4abf269c73 is already hosted by enough agents. _get_dhcp_agents_hosting_network /usr/lib/python2.7/site-packages/neutron/scheduler/dhcp_agent_scheduler.py:243
2018-09-13 04:07:25.408 7491 DEBUG neutron.db.l3_dvrscheduler_db [req-8072e272-84fb-45bb-88ea-e96b349cf465 6bce0e5766c84e1a98c3cb5ccb2e3772 4cff21d35d8b43b9a2a1ce042bb4f9f9 - default default] Received port after_create _notify_l3_agent_new_port /usr/lib/python2.7/site-packages/neutron/db/l3_dvrscheduler_db.py:392
2018-09-13 04:07:25.904 7491 DEBUG neutron_lib.callbacks.manager [req-8072e272-84fb-45bb-88ea-e96b349cf465 6bce0e5766c84e1a98c3cb5ccb2e3772 4cff21d35d8b43b9a2a1ce042bb4f9f9 - default default] Notify callbacks ['neutron.plugins.ml2.plugin.Ml2Plugin._ensure_default_security_group_handler-366306'] for port, before_update _notify_loop /usr/lib/python2.7/site-packages/neutron_lib/callbacks/manager.py:167
2018-09-13 04:07:26.723 7491 DEBUG neutron_lib.callbacks.manager [req-8072e272-84fb-45bb-88ea-e96b349cf465 6bce0e5766c84e1a98c3cb5ccb2e3772 4cff21d35d8b43b9a2a1ce042bb4f9f9 - default default] Notify callbacks [] for port, precommit_update _notify_loop /usr/lib/python2.7/site-packages/neutron_lib/callbacks/manager.py:167
2018-09-13 04:07:26.748 7491 DEBUG neutron_lib.callbacks.manager [req-8072e272-84fb-45bb-88ea-e96b349cf465 6bce0e5766c84e1a98c3cb5ccb2e3772 4cff21d35d8b43b9a2a1ce042bb4f9f9 - default default] Notify callbacks ['neutron.plugins.ml2.ovo_rpc._ObjectChangeHandler.handle_event-3905778', 'neutron.api.rpc.agentnotifiers.dhcp_rpc_agent_api.DhcpAgentNotifyAPI._native_event_send_dhcp_notification-3416280', 'neutron.db.l3_hascheduler_db._notify_l3_agent_ha_port_update--9223363260305299249', 'neutron.db.l3_dvrscheduler_db._notify_l3_agent_port_update--9223363260305299324', 'neutron.plugins.ml2.plugin.Ml2Plugin.notify_sg_on_port_change-366238'] for port, after_update _notify_loop /usr/lib/python2.7/site-packages/neutron_lib/callbacks/manager.py:167
2018-09-13 04:07:26.785 7491 DEBUG oslo_concurrency.lockutils [-] Lock "event-dispatch" acquired by "neutron.plugins.ml2.ovo_rpc.dispatch_events" :: waited 0.000s inner /usr/lib/python2.7/site-packages/oslo_concurrency/lockutils.py:270
2018-09-13 04:07:27.102 7491 DEBUG neutron.api.rpc.handlers.resources_rpc [req-8072e272-84fb-45bb-88ea-e96b349cf465 6bce0e5766c84e1a98c3cb5ccb2e3772 4cff21d35d8b43b9a2a1ce042bb4f9f9 - - -] neutron.api.rpc.handlers.resources_rpc.ResourcesPushRpcApi method push called with arguments (<neutron_lib.context.Context object at 0x7fb73151cd50>, [Port(admin_state_up=True,allowed_address_pairs=[],binding=PortBinding,binding_levels=[],created_at=2018-09-13T08:07:23Z,data_plane_status=<?>,description='',device_id='1bf0e262-0032-40f7-b2af-94602c5ffbd8',device_owner='network:floatingip',dhcp_options=[],distributed_binding=None,dns=None,fixed_ips=[IPAllocation],id=60ff4c8a-5998-4973-b4ac-ceb931cd9695,mac_address=fa:16:3e:7e:12:6b,name='',network_id=bcf73fc2-8df6-4f12-801c-ef4abf269c73,project_id='',qos_policy_id=None,revision_number=4,security=PortSecurity(60ff4c8a-5998-4973-b4ac-ceb931cd9695),security_group_ids=set([]),status='N/A',updated_at=2018-09-13T08:07:26Z)], 'updated') {} wrapper /usr/lib/python2.7/site-packages/oslo_log/helpers.py:66
2018-09-13 04:07:27.144 7491 DEBUG oslo_concurrency.lockutils [req-8072e272-84fb-45bb-88ea-e96b349cf465 6bce0e5766c84e1a98c3cb5ccb2e3772 4cff21d35d8b43b9a2a1ce042bb4f9f9 - - -] Lock "event-dispatch" released by "neutron.plugins.ml2.ovo_rpc.dispatch_events" :: held 0.359s inner /usr/lib/python2.7/site-packages/oslo_concurrency/lockutils.py:282
2018-09-13 04:07:27.240 7491 DEBUG neutron_lib.callbacks.manager [req-8072e272-84fb-45bb-88ea-e96b349cf465 6bce0e5766c84e1a98c3cb5ccb2e3772 4cff21d35d8b43b9a2a1ce042bb4f9f9 - default default] Notify callbacks ['neutron.services.l3_router.l3_router_plugin.L3RouterPlugin._create_dvr_floating_gw_port-3930148'] for floatingip, after_update _notify_loop /usr/lib/python2.7/site-packages/neutron_lib/callbacks/manager.py:167
2018-09-13 04:07:27.292 7491 DEBUG neutron.quota.resource [req-8072e272-84fb-45bb-88ea-e96b349cf465 6bce0e5766c84e1a98c3cb5ccb2e3772 4cff21d35d8b43b9a2a1ce042bb4f9f9 - default default] Persisted dirty status for tenant:79c51a29288744f58c2815e52ac0a1c9 on resource:floatingip mark_dirty /usr/lib/python2.7/site-packages/neutron/quota/resource.py:207
2018-09-13 04:07:27.306 7491 DEBUG neutron.quota.resource [req-8072e272-84fb-45bb-88ea-e96b349cf465 6bce0e5766c84e1a98c3cb5ccb2e3772 4cff21d35d8b43b9a2a1ce042bb4f9f9 - default default] Persisted dirty status for tenant: on resource:port mark_dirty /usr/lib/python2.7/site-packages/neutron/quota/resource.py:207
2018-09-13 04:07:27.327 7491 DEBUG neutron_lib.callbacks.manager [req-8072e272-84fb-45bb-88ea-e96b349cf465 6bce0e5766c84e1a98c3cb5ccb2e3772 4cff21d35d8b43b9a2a1ce042bb4f9f9 - default default] Notify callbacks ['neutron.notifiers.nova.Notifier._send_nova_notification-1806'] for floatingip, before_response _notify_loop /usr/lib/python2.7/site-packages/neutron_lib/callbacks/manager.py:167
2018-09-13 04:07:27.331 7491 INFO neutron.wsgi [req-8072e272-84fb-45bb-88ea-e96b349cf465 6bce0e5766c84e1a98c3cb5ccb2e3772 4cff21d35d8b43b9a2a1ce042bb4f9f9 - default default] 10.0.20.20 "POST /v2.0/floatingips HTTP/1.1" status: 201  len: 675 time: 4.3892179
2018-09-13 04:07:33.210 7488 INFO neutron.wsgi [req-8d5c7fbe-3faf-4cfa-adc0-c7d759e7d6a0 23e04251e35a4af8836d799cdbc6c009 4eeeddb45ad446a68ed4de7bd550932a - default default] 10.0.20.20 "GET /v2.0/ports?tenant_id=79c51a29288744f58c2815e52ac0a1c9&device_id=0a3023d1-b65f-44a7-9560-bc28fc8c43c1 HTTP/1.1" status: 200  len: 1124 time: 0.1801000
2018-09-13 04:07:33.481 7488 DEBUG neutron.pecan_wsgi.hooks.policy_enforcement [req-0272694c-5829-446b-85aa-d2592025bac9 23e04251e35a4af8836d799cdbc6c009 4eeeddb45ad446a68ed4de7bd550932a - default default] Attributes excluded by policy engine: [u'vlan_transparent'] _exclude_attributes_by_policy /usr/lib/python2.7/site-packages/neutron/pecan_wsgi/hooks/policy_enforcement.py:256
2018-09-13 04:07:33.484 7488 INFO neutron.wsgi [req-0272694c-5829-446b-85aa-d2592025bac9 23e04251e35a4af8836d799cdbc6c009 4eeeddb45ad446a68ed4de7bd550932a - default default] 10.0.20.20 "GET /v2.0/networks?id=a7cb550a-63a6-4205-8422-b1a5b88484fa HTTP/1.1" status: 200  len: 885 time: 0.2656081
2018-09-13 04:07:33.538 7488 INFO neutron.wsgi [req-50d4e0f4-1a6a-4a8d-8e43-b8b9811e77d5 23e04251e35a4af8836d799cdbc6c009 4eeeddb45ad446a68ed4de7bd550932a - default default] 10.0.20.20 "GET /v2.0/floatingips?fixed_ip_address=11.199.1.9&port_id=a61423d5-6e6d-4b96-86b2-ae645d71713a HTTP/1.1" status: 200  len: 217 time: 0.0463710
2018-09-13 04:07:33.694 7488 DEBUG neutron.pecan_wsgi.hooks.policy_enforcement [req-76e36915-be58-4739-b589-fdad0deb8f7b 23e04251e35a4af8836d799cdbc6c009 4eeeddb45ad446a68ed4de7bd550932a - default default] Attributes excluded by policy engine: [u'shared'] _exclude_attributes_by_policy /usr/lib/python2.7/site-packages/neutron/pecan_wsgi/hooks/policy_enforcement.py:256
2018-09-13 04:07:33.697 7488 INFO neutron.wsgi [req-76e36915-be58-4739-b589-fdad0deb8f7b 23e04251e35a4af8836d799cdbc6c009 4eeeddb45ad446a68ed4de7bd550932a - default default] 10.0.20.20 "GET /v2.0/subnets?id=c1cbbfff-387d-4d6f-aa89-8c215fd2da52 HTTP/1.1" status: 200  len: 847 time: 0.1492810
2018-09-13 04:07:33.816 7488 INFO neutron.wsgi [req-0155f52e-889a-4eed-b926-417740e962a1 23e04251e35a4af8836d799cdbc6c009 4eeeddb45ad446a68ed4de7bd550932a - default default] 10.0.20.20 "GET /v2.0/ports?network_id=a7cb550a-63a6-4205-8422-b1a5b88484fa&device_owner=network%3Adhcp HTTP/1.1" status: 200  len: 1128 time: 0.1116118
2018-09-13 04:07:41.174 7497 DEBUG neutron_lib.callbacks.manager [req-5d3cc860-9977-4aa9-a7bc-63691ea79fe8 - - - - -] Notify callbacks ['neutron.services.segments.db._update_segment_host_mapping_for_agent--9223363260304757989'] for agent, after_update _notify_loop /usr/lib/python2.7/site-packages/neutron_lib/callbacks/manager.py:167
2018-09-13 04:07:41.245 7498 DEBUG neutron_lib.callbacks.manager [req-34a0641e-29f1-42b8-b1a1-0fb7d60d3e6a - - - - -] Notify callbacks ['neutron.services.segments.db._update_segment_host_mapping_for_agent--9223363260304757989'] for agent, after_update _notify_loop /usr/lib/python2.7/site-packages/neutron_lib/callbacks/manager.py:167
2018-09-13 04:07:41.301 7494 DEBUG neutron_lib.callbacks.manager [req-126c43cf-3571-4bec-a163-2db981b4a0cf - - - - -] Notify callbacks ['neutron.services.segments.db._update_segment_host_mapping_for_agent--9223363260304757989'] for agent, after_update _notify_loop /usr/lib/python2.7/site-packages/neutron_lib/callbacks/manager.py:167
2018-09-13 04:07:42.163 7491 INFO neutron.wsgi [req-f700c774-de36-4e8b-90e6-986f37afe439 bfdde99e4bed48c8ae0420e3e5bbfaa5 79c51a29288744f58c2815e52ac0a1c9 - 9dc4aee61dfd463ea5767bb12da1df2a 9dc4aee61dfd463ea5767bb12da1df2a] 10.0.20.20 "GET /v2.0/ports?device_id=0a3023d1-b65f-44a7-9560-bc28fc8c43c1 HTTP/1.1" status: 200  len: 1124 time: 0.8062892
2018-09-13 04:07:42.296 7500 DEBUG neutron_lib.callbacks.manager [req-39fec7cf-91fd-4bb4-a68e-68ee324843e5 - - - - -] Notify callbacks ['neutron.services.segments.db._update_segment_host_mapping_for_agent--9223363260304757989'] for agent, after_update _notify_loop /usr/lib/python2.7/site-packages/neutron_lib/callbacks/manager.py:167
2018-09-13 04:07:42.386 7491 INFO neutron.wsgi [req-5ed324f9-3392-41e6-bb21-f8242755ede2 bfdde99e4bed48c8ae0420e3e5bbfaa5 79c51a29288744f58c2815e52ac0a1c9 - 9dc4aee61dfd463ea5767bb12da1df2a 9dc4aee61dfd463ea5767bb12da1df2a] 10.0.20.20 "GET /v2.0/security-groups?id=05bddca4-697d-46fa-9f46-859f8a35a34d HTTP/1.1" status: 200  len: 2118 time: 0.2107501
2018-09-13 04:07:42.812 7491 INFO neutron.wsgi [req-3d946126-1539-4f8b-bb8a-3a73a06539fe bfdde99e4bed48c8ae0420e3e5bbfaa5 79c51a29288744f58c2815e52ac0a1c9 - 9dc4aee61dfd463ea5767bb12da1df2a 9dc4aee61dfd463ea5767bb12da1df2a] 10.0.20.20 "GET /v2.0/ports?device_owner=compute%3Anova&device_id=0a3023d1-b65f-44a7-9560-bc28fc8c43c1 HTTP/1.1" status: 200  len: 1124 time: 0.1899340
2018-09-13 04:07:42.870 7491 DEBUG neutron.quota.resource [req-95ab9d1d-51d2-4930-adcc-73a1a67bf76e bfdde99e4bed48c8ae0420e3e5bbfaa5 79c51a29288744f58c2815e52ac0a1c9 - 9dc4aee61dfd463ea5767bb12da1df2a 9dc4aee61dfd463ea5767bb12da1df2a] Synchronizing usage tracker for tenant:79c51a29288744f58c2815e52ac0a1c9 on resource:floatingip resync /usr/lib/python2.7/site-packages/neutron/quota/resource.py:245
2018-09-13 04:07:43.105 7491 DEBUG neutron.quota.resource [req-95ab9d1d-51d2-4930-adcc-73a1a67bf76e bfdde99e4bed48c8ae0420e3e5bbfaa5 79c51a29288744f58c2815e52ac0a1c9 - 9dc4aee61dfd463ea5767bb12da1df2a 9dc4aee61dfd463ea5767bb12da1df2a] Unset dirty status for tenant:79c51a29288744f58c2815e52ac0a1c9 on resource:floatingip _resync /usr/lib/python2.7/site-packages/neutron/quota/resource.py:237
2018-09-13 04:07:43.107 7491 INFO neutron.wsgi [req-95ab9d1d-51d2-4930-adcc-73a1a67bf76e bfdde99e4bed48c8ae0420e3e5bbfaa5 79c51a29288744f58c2815e52ac0a1c9 - 9dc4aee61dfd463ea5767bb12da1df2a 9dc4aee61dfd463ea5767bb12da1df2a] 10.0.20.20 "GET /v2.0/floatingips?floating_ip_address=172.24.4.15 HTTP/1.1" status: 200  len: 673 time: 0.2860160
2018-09-13 04:07:43.135 7491 DEBUG neutron.api.v2.base [req-9eb90ede-5b83-4514-9b2d-29eb2dd5071a bfdde99e4bed48c8ae0420e3e5bbfaa5 79c51a29288744f58c2815e52ac0a1c9 - 9dc4aee61dfd463ea5767bb12da1df2a 9dc4aee61dfd463ea5767bb12da1df2a] Request body: {u'floatingip': {u'fixed_ip_address': u'11.199.1.9', u'port_id': u'a61423d5-6e6d-4b96-86b2-ae645d71713a'}} prepare_request_body /usr/lib/python2.7/site-packages/neutron/api/v2/base.py:695
2018-09-13 04:07:43.646 7491 DEBUG neutron_lib.callbacks.manager [req-9eb90ede-5b83-4514-9b2d-29eb2dd5071a bfdde99e4bed48c8ae0420e3e5bbfaa5 79c51a29288744f58c2815e52ac0a1c9 - 9dc4aee61dfd463ea5767bb12da1df2a 9dc4aee61dfd463ea5767bb12da1df2a] Notify callbacks ['neutron.services.l3_router.l3_router_plugin.L3RouterPlugin._create_dvr_floating_gw_port-3930148'] for floatingip, after_update _notify_loop /usr/lib/python2.7/site-packages/neutron_lib/callbacks/manager.py:167
2018-09-13 04:07:44.431 7491 DEBUG neutron.scheduler.l3_agent_scheduler [req-9eb90ede-5b83-4514-9b2d-29eb2dd5071a bfdde99e4bed48c8ae0420e3e5bbfaa5 79c51a29288744f58c2815e52ac0a1c9 - 9dc4aee61dfd463ea5767bb12da1df2a 9dc4aee61dfd463ea5767bb12da1df2a] Router 62bbb279-a673-4c24-bb8e-4b3ec48d1a8e has already been hosted by L3 agent dc541052-a402-4423-8a23-121d937110f6 _get_candidates /usr/lib/python2.7/site-packages/neutron/scheduler/l3_agent_scheduler.py:141
2018-09-13 04:07:44.674 7491 DEBUG neutron.api.rpc.agentnotifiers.l3_rpc_agent_api [req-9eb90ede-5b83-4514-9b2d-29eb2dd5071a bfdde99e4bed48c8ae0420e3e5bbfaa5 79c51a29288744f58c2815e52ac0a1c9 - 9dc4aee61dfd463ea5767bb12da1df2a 9dc4aee61dfd463ea5767bb12da1df2a] Notify agent at l3_agent.localhost.localdomain the message routers_updated _agent_notification /usr/lib/python2.7/site-packages/neutron/api/rpc/agentnotifiers/l3_rpc_agent_api.py:69
2018-09-13 04:07:44.690 7491 DEBUG neutron_lib.callbacks.manager [req-9eb90ede-5b83-4514-9b2d-29eb2dd5071a bfdde99e4bed48c8ae0420e3e5bbfaa5 79c51a29288744f58c2815e52ac0a1c9 - 9dc4aee61dfd463ea5767bb12da1df2a 9dc4aee61dfd463ea5767bb12da1df2a] Notify callbacks ['neutron.notifiers.nova.Notifier._send_nova_notification-1806'] for floatingip, before_response _notify_loop /usr/lib/python2.7/site-packages/neutron_lib/callbacks/manager.py:167
2018-09-13 04:07:44.738 7498 DEBUG neutron.db.l3_hamode_db [req-5da2de2b-136c-4e5f-a8ee-1568555b68a2 - - - - -] neutron.services.l3_router.l3_router_plugin.L3RouterPlugin method get_ha_sync_data_for_host called with arguments (<neutron_lib.context.Context object at 0x7fb730d743d0>, u'localhost.localdomain', <neutron.db.models.agent.Agent[object at 7fb730f26150] {id=u'dc541052-a402-4423-8a23-121d937110f6', agent_type=u'L3 agent', binary=u'neutron-l3-agent', topic=u'l3_agent', host=u'localhost.localdomain', availability_zone=u'nova', admin_state_up=True, created_at=datetime.datetime(2018, 8, 30, 12, 16, 29), started_at=datetime.datetime(2018, 9, 13, 7, 36, 42), heartbeat_timestamp=datetime.datetime(2018, 9, 13, 8, 7, 42), description=None, configurations=u'{"agent_mode": "legacy", "gateway_external_network_id": "", "handle_internal_only_routers": true, "routers": 2, "interfaces": 2, "floating_ips": 0, "interface_driver": "neutron.agent.linux.interface.OVSInterfaceDriver", "log_agent_heartbeats": false, "external_network_bridge": "", "ex_gw_ports": 2}', resource_versions=None, load=0}>) {'active': True, 'router_ids': ['62bbb279-a673-4c24-bb8e-4b3ec48d1a8e']} wrapper /usr/lib/python2.7/site-packages/oslo_log/helpers.py:66
2018-09-13 04:07:44.814 7491 INFO neutron.wsgi [req-9eb90ede-5b83-4514-9b2d-29eb2dd5071a bfdde99e4bed48c8ae0420e3e5bbfaa5 79c51a29288744f58c2815e52ac0a1c9 - 9dc4aee61dfd463ea5767bb12da1df2a 9dc4aee61dfd463ea5767bb12da1df2a] 10.0.20.20 "PUT /v2.0/floatingips/1bf0e262-0032-40f7-b2af-94602c5ffbd8 HTTP/1.1" status: 200  len: 746 time: 1.6985900
2018-09-13 04:07:44.816 7491 DEBUG oslo_concurrency.lockutils [-] Lock "notifier-3ff330c3-50c8-4eaa-a695-5196e6c28df4" acquired by "neutron.notifiers.batch_notifier.synced_send" :: waited 0.000s inner /usr/lib/python2.7/site-packages/oslo_concurrency/lockutils.py:270
2018-09-13 04:07:44.816 7491 DEBUG neutron.notifiers.nova [-] Sending events: [{'tag': u'a61423d5-6e6d-4b96-86b2-ae645d71713a', 'name': 'network-changed', 'server_uuid': u'0a3023d1-b65f-44a7-9560-bc28fc8c43c1'}] send_events /usr/lib/python2.7/site-packages/neutron/notifiers/nova.py:242
2018-09-13 04:07:45.089 7503 DEBUG neutron.db.agents_db [req-d78cb791-78a6-4f6d-ae99-cdd0394dea42 - - - - -] Agent healthcheck: found 5 active agents agent_health_check /usr/lib/python2.7/site-packages/neutron/db/agents_db.py:281
2018-09-13 04:07:45.745 7498 DEBUG neutron.db.l3_hamode_db [req-5da2de2b-136c-4e5f-a8ee-1568555b68a2 - - - - -] neutron.services.l3_router.l3_router_plugin.L3RouterPlugin method _process_sync_ha_data called with arguments (<neutron_lib.context.Context object at 0x7fb730d743d0>, [{'status': u'ACTIVE', '_interfaces': [{'status': u'ACTIVE', 'subnets': [{'dns_nameservers': [u'8.8.4.4'], 'ipv6_ra_mode': None, 'gateway_ip': u'11.199.1.1', 'cidr': u'11.199.1.0/24', 'id': u'c1cbbfff-387d-4d6f-aa89-8c215fd2da52', 'subnetpool_id': None}], 'binding:host_id': u'localhost.localdomain', 'description': u'', 'allowed_address_pairs': [], 'tags': [], 'extra_dhcp_opts': [], 'updated_at': '2018-09-13T08:06:19Z', 'device_owner': u'network:router_interface', 'revision_number': 7, 'port_security_enabled': False, 'binding:profile': {}, 'mtu': 1450, 'fixed_ips': [{'subnet_id': u'c1cbbfff-387d-4d6f-aa89-8c215fd2da52', 'prefixlen': 24, 'ip_address': u'11.199.1.1'}], 'id': u'32fac479-1bdc-4f36-969e-e3b4f8040f2a', 'security_groups': [], 'device_id': u'62bbb279-a673-4c24-bb8e-4b3ec48d1a8e', 'name': u'', 'admin_state_up': True, 'network_id': u'a7cb550a-63a6-4205-8422-b1a5b88484fa', 'tenant_id': u'79c51a29288744f58c2815e52ac0a1c9', 'binding:vif_details': {u'port_filter': True, u'datapath_type': u'system', u'ovs_hybrid_plug': True}, 'address_scopes': {4: None, 6: None}, 'binding:vnic_type': u'normal', 'binding:vif_type': u'ovs', 'mac_address': u'fa:16:3e:d8:bd:6f', 'project_id': u'79c51a29288744f58c2815e52ac0a1c9', 'extra_subnets': [], 'created_at': '2018-09-13T08:06:09Z'}], 'enable_snat': True, 'ha_vr_id': 0, 'description': u'', 'tags': [], 'gw_port': {'status': u'ACTIVE', 'subnets': [{'dns_nameservers': [], 'ipv6_ra_mode': None, 'gateway_ip': u'172.24.4.1', 'cidr': u'172.24.4.0/24', 'id': u'5f4e1ac0-b77f-4630-ace6-541a6f9c266c', 'subnetpool_id': None}], 'binding:host_id': u'localhost.localdomain', 'description': u'', 'allowed_address_pairs': [], 'tags': [], 'extra_dhcp_opts': [], 'updated_at': '2018-09-13T08:06:33Z', 'device_owner': u'network:router_gateway', 'revision_number': 6, 'port_security_enabled': False, 'binding:profile': {}, 'mtu': 1500, 'fixed_ips': [{'subnet_id': u'5f4e1ac0-b77f-4630-ace6-541a6f9c266c', 'prefixlen': 24, 'ip_address': u'172.24.4.9'}], 'id': u'a5f8322b-75fd-454b-882a-3e800d005ee8', 'security_groups': [], 'device_id': u'62bbb279-a673-4c24-bb8e-4b3ec48d1a8e', 'name': u'', 'admin_state_up': True, 'network_id': u'bcf73fc2-8df6-4f12-801c-ef4abf269c73', 'tenant_id': u'', 'binding:vif_details': {u'port_filter': True, u'datapath_type': u'system', u'ovs_hybrid_plug': True}, 'address_scopes': {4: None, 6: None}, 'binding:vnic_type': u'normal', 'binding:vif_type': u'ovs', 'mac_address': u'fa:16:3e:96:53:43', 'project_id': u'', 'extra_subnets': [], 'created_at': '2018-09-13T08:06:25Z'}, 'updated_at': '2018-09-13T08:06:26Z', 'revision_number': 4, 'ha': False, 'id': u'62bbb279-a673-4c24-bb8e-4b3ec48d1a8e', 'gw_port_host': u'localhost.localdomain', 'external_gateway_info': {'network_id': u'bcf73fc2-8df6-4f12-801c-ef4abf269c73', 'enable_snat': True, 'external_fixed_ips': [{'subnet_id': u'5f4e1ac0-b77f-4630-ace6-541a6f9c266c', 'ip_address': u'172.24.4.9'}]}, 'availability_zone_hints': [], 'availability_zones': [u'nova'], 'name': u'tempest-router-1536825755', 'gw_port_id': u'a5f8322b-75fd-454b-882a-3e800d005ee8', 'admin_state_up': True, 'tenant_id': u'79c51a29288744f58c2815e52ac0a1c9', 'created_at': '2018-09-13T08:05:46Z', 'distributed': False, 'flavor_id': None, 'routes': [], 'project_id': u'79c51a29288744f58c2815e52ac0a1c9', '_floatingips': [{'router_id': u'62bbb279-a673-4c24-bb8e-4b3ec48d1a8e', 'status': u'DOWN', 'description': u'', 'tags': [], 'updated_at': '2018-09-13T08:07:43Z', 'dns_domain': '', 'floating_network_id': u'bcf73fc2-8df6-4f12-801c-ef4abf269c73', 'fixed_ip_address': u'11.199.1.9', 'floating_ip_address': u'172.24.4.15', 'revision_number': 1, 'port_id': u'a61423d5-6e6d-4b96-86b2-ae645d71713a', 'id': u'1bf0e262-0032-40f7-b2af-94602c5ffbd8', 'dns_name': '', 'created_at': '2018-09-13T08:07:25Z', 'tenant_id': u'79c51a29288744f58c2815e52ac0a1c9', 'fixed_ip_address_scope': None, 'project_id': u'79c51a29288744f58c2815e52ac0a1c9'}]}], u'localhost.localdomain', False) {} wrapper /usr/lib/python2.7/site-packages/oslo_log/helpers.py:66
2018-09-13 04:07:45.758 7498 DEBUG neutron.api.rpc.handlers.l3_rpc [req-5da2de2b-136c-4e5f-a8ee-1568555b68a2 - - - - -] Checking router: 62bbb279-a673-4c24-bb8e-4b3ec48d1a8e for host: localhost.localdomain _ensure_host_set_on_ports /usr/lib/python2.7/site-packages/neutron/api/rpc/handlers/l3_rpc.py:135
2018-09-13 04:07:46.079 7491 DEBUG novaclient.v2.client [-] REQ: curl -g -i -X POST http://10.0.20.20:8774/v2.1/4eeeddb45ad446a68ed4de7bd550932a/os-server-external-events -H "User-Agent: python-novaclient" -H "Content-Type: application/json" -H "Accept: application/json" -H "X-OpenStack-Nova-API-Version: 2.1" -H "X-Auth-Token: {SHA1}36a571e90e4c4af10e28cda1f9508b56ad1dd6cd" -d '{"events": [{"tag": "a61423d5-6e6d-4b96-86b2-ae645d71713a", "name": "network-changed", "server_uuid": "0a3023d1-b65f-44a7-9560-bc28fc8c43c1"}]}' _http_log_request /usr/lib/python2.7/site-packages/keystoneauth1/session.py:375
2018-09-13 04:07:46.134 7499 DEBUG neutron.api.rpc.handlers.l3_rpc [req-09cc9b21-c208-40d3-adc1-5071950de006 - - - - -] New status for floating IP 1bf0e262-0032-40f7-b2af-94602c5ffbd8: ACTIVE update_floatingip_statuses /usr/lib/python2.7/site-packages/neutron/api/rpc/handlers/l3_rpc.py:252
2018-09-13 04:07:46.157 7486 INFO neutron.wsgi [req-a1fc3ebc-933b-4031-b4bc-1e2d6c702207 23e04251e35a4af8836d799cdbc6c009 4eeeddb45ad446a68ed4de7bd550932a - default default] 10.0.20.20 "GET /v2.0/ports?device_id=0a3023d1-b65f-44a7-9560-bc28fc8c43c1 HTTP/1.1" status: 200  len: 1124 time: 0.7426980
2018-09-13 04:07:46.289 7486 INFO neutron.wsgi [req-2018f322-7b99-4b58-9357-47d62b68d8ae 23e04251e35a4af8836d799cdbc6c009 4eeeddb45ad446a68ed4de7bd550932a - default default] 10.0.20.20 "GET /v2.0/security-groups?id=05bddca4-697d-46fa-9f46-859f8a35a34d HTTP/1.1" status: 200  len: 2118 time: 0.1222301
2018-09-13 04:07:46.741 7491 DEBUG novaclient.v2.client [-] RESP: [200] Content-Length: 179 Content-Type: application/json Openstack-Api-Version: compute 2.1 X-Openstack-Nova-Api-Version: 2.1 Vary: OpenStack-API-Version, X-OpenStack-Nova-API-Version X-Openstack-Request-Id: req-74c0b457-4d4e-4ea2-a686-b2d2b7dc4c0c X-Compute-Request-Id: req-74c0b457-4d4e-4ea2-a686-b2d2b7dc4c0c Date: Thu, 13 Sep 2018 08:07:46 GMT Connection: keep-alive 
RESP BODY: {"events": [{"status": "completed", "tag": "a61423d5-6e6d-4b96-86b2-ae645d71713a", "name": "network-changed", "server_uuid": "0a3023d1-b65f-44a7-9560-bc28fc8c43c1", "code": 200}]}
 _http_log_response /usr/lib/python2.7/site-packages/keystoneauth1/session.py:423
2018-09-13 04:07:46.741 7491 DEBUG novaclient.v2.client [-] POST call to compute for http://10.0.20.20:8774/v2.1/4eeeddb45ad446a68ed4de7bd550932a/os-server-external-events used request id req-74c0b457-4d4e-4ea2-a686-b2d2b7dc4c0c request /usr/lib/python2.7/site-packages/keystoneauth1/session.py:727
2018-09-13 04:07:46.742 7491 INFO neutron.notifiers.nova [-] Nova event response: {u'status': u'completed', u'tag': u'a61423d5-6e6d-4b96-86b2-ae645d71713a', u'name': u'network-changed', u'server_uuid': u'0a3023d1-b65f-44a7-9560-bc28fc8c43c1', u'code': 200}
2018-09-13 04:07:46.925 7488 INFO neutron.wsgi [req-04c33f7b-c9df-475e-8948-4bf8fe730f08 23e04251e35a4af8836d799cdbc6c009 4eeeddb45ad446a68ed4de7bd550932a - default default] 10.0.20.20 "GET /v2.0/ports?tenant_id=79c51a29288744f58c2815e52ac0a1c9&device_id=0a3023d1-b65f-44a7-9560-bc28fc8c43c1 HTTP/1.1" status: 200  len: 1124 time: 0.1272788
2018-09-13 04:07:46.955 7491 INFO neutron.wsgi [req-6e9fe878-fee4-47e3-99f5-e0a142825581 23e04251e35a4af8836d799cdbc6c009 4eeeddb45ad446a68ed4de7bd550932a - default default] 10.0.20.20 "GET /v2.0/ports?tenant_id=79c51a29288744f58c2815e52ac0a1c9&device_id=0a3023d1-b65f-44a7-9560-bc28fc8c43c1 HTTP/1.1" status: 200  len: 1124 time: 0.6643870
2018-09-13 04:07:47.103 7486 DEBUG neutron.wsgi [req-2655f071-0db9-45de-80e3-3ff8ad7d2e05 ecca85992cb1455686995959c7dd68f9 339d60ba19904bf5b24251c5c90f2494 - eca4d23993d1426699841c16a15e3923 eca4d23993d1426699841c16a15e3923] (7486) timed out ('10.0.20.20', 54344) process_request /usr/lib/python2.7/site-packages/eventlet/wsgi.py:739
2018-09-13 04:07:47.205 7488 DEBUG neutron.pecan_wsgi.hooks.policy_enforcement [req-ca8d41b5-a240-4e08-b290-76491516a3e6 23e04251e35a4af8836d799cdbc6c009 4eeeddb45ad446a68ed4de7bd550932a - default default] Attributes excluded by policy engine: [u'vlan_transparent'] _exclude_attributes_by_policy /usr/lib/python2.7/site-packages/neutron/pecan_wsgi/hooks/policy_enforcement.py:256
2018-09-13 04:07:47.209 7488 INFO neutron.wsgi [req-ca8d41b5-a240-4e08-b290-76491516a3e6 23e04251e35a4af8836d799cdbc6c009 4eeeddb45ad446a68ed4de7bd550932a - default default] 10.0.20.20 "GET /v2.0/networks?id=a7cb550a-63a6-4205-8422-b1a5b88484fa HTTP/1.1" status: 200  len: 885 time: 0.2774630
2018-09-13 04:07:47.212 7491 DEBUG neutron.pecan_wsgi.hooks.policy_enforcement [req-7a9ce1bf-3e76-4041-a190-ea15a522d95c 23e04251e35a4af8836d799cdbc6c009 4eeeddb45ad446a68ed4de7bd550932a - default default] Attributes excluded by policy engine: [u'vlan_transparent'] _exclude_attributes_by_policy /usr/lib/python2.7/site-packages/neutron/pecan_wsgi/hooks/policy_enforcement.py:256
2018-09-13 04:07:47.215 7491 INFO neutron.wsgi [req-7a9ce1bf-3e76-4041-a190-ea15a522d95c 23e04251e35a4af8836d799cdbc6c009 4eeeddb45ad446a68ed4de7bd550932a - default default] 10.0.20.20 "GET /v2.0/networks?id=a7cb550a-63a6-4205-8422-b1a5b88484fa HTTP/1.1" status: 200  len: 885 time: 0.2528279
2018-09-13 04:07:47.261 7488 INFO neutron.wsgi [req-9beb3683-aa98-44a0-8ce9-9e869162d1bc 23e04251e35a4af8836d799cdbc6c009 4eeeddb45ad446a68ed4de7bd550932a - default default] 10.0.20.20 "GET /v2.0/floatingips?fixed_ip_address=11.199.1.9&port_id=a61423d5-6e6d-4b96-86b2-ae645d71713a HTTP/1.1" status: 200  len: 751 time: 0.0459390
2018-09-13 04:07:47.263 7491 INFO neutron.wsgi [req-add229db-3746-4691-87ff-0d01b5140d31 23e04251e35a4af8836d799cdbc6c009 4eeeddb45ad446a68ed4de7bd550932a - default default] 10.0.20.20 "GET /v2.0/floatingips?fixed_ip_address=11.199.1.9&port_id=a61423d5-6e6d-4b96-86b2-ae645d71713a HTTP/1.1" status: 200  len: 751 time: 0.0402422
2018-09-13 04:07:47.418 7491 DEBUG neutron.pecan_wsgi.hooks.policy_enforcement [req-9316c3c0-4193-4557-9fdc-863bb1c3868e 23e04251e35a4af8836d799cdbc6c009 4eeeddb45ad446a68ed4de7bd550932a - default default] Attributes excluded by policy engine: [u'shared'] _exclude_attributes_by_policy /usr/lib/python2.7/site-packages/neutron/pecan_wsgi/hooks/policy_enforcement.py:256
2018-09-13 04:07:47.422 7491 INFO neutron.wsgi [req-9316c3c0-4193-4557-9fdc-863bb1c3868e 23e04251e35a4af8836d799cdbc6c009 4eeeddb45ad446a68ed4de7bd550932a - default default] 10.0.20.20 "GET /v2.0/subnets?id=c1cbbfff-387d-4d6f-aa89-8c215fd2da52 HTTP/1.1" status: 200  len: 847 time: 0.1486001
2018-09-13 04:07:47.437 7488 DEBUG neutron.pecan_wsgi.hooks.policy_enforcement [req-1614c706-5e36-49e5-ad89-8fcecd7d0c04 23e04251e35a4af8836d799cdbc6c009 4eeeddb45ad446a68ed4de7bd550932a - default default] Attributes excluded by policy engine: [u'shared'] _exclude_attributes_by_policy /usr/lib/python2.7/site-packages/neutron/pecan_wsgi/hooks/policy_enforcement.py:256
2018-09-13 04:07:47.440 7488 INFO neutron.wsgi [req-1614c706-5e36-49e5-ad89-8fcecd7d0c04 23e04251e35a4af8836d799cdbc6c009 4eeeddb45ad446a68ed4de7bd550932a - default default] 10.0.20.20 "GET /v2.0/subnets?id=c1cbbfff-387d-4d6f-aa89-8c215fd2da52 HTTP/1.1" status: 200  len: 847 time: 0.1678920
2018-09-13 04:07:47.596 7491 INFO neutron.wsgi [req-972e0513-c145-41dc-8d1e-18b170220c03 23e04251e35a4af8836d799cdbc6c009 4eeeddb45ad446a68ed4de7bd550932a - default default] 10.0.20.20 "GET /v2.0/ports?network_id=a7cb550a-63a6-4205-8422-b1a5b88484fa&device_owner=network%3Adhcp HTTP/1.1" status: 200  len: 1128 time: 0.1640370
2018-09-13 04:07:47.866 7488 INFO neutron.wsgi [req-51f2fcde-ac9c-4bb9-9294-c2efb822ee79 23e04251e35a4af8836d799cdbc6c009 4eeeddb45ad446a68ed4de7bd550932a - default default] 10.0.20.20 "GET /v2.0/ports?network_id=a7cb550a-63a6-4205-8422-b1a5b88484fa&device_owner=network%3Adhcp HTTP/1.1" status: 200  len: 1128 time: 0.4173100
2018-09-13 04:07:47.873 7499 DEBUG neutron_lib.callbacks.manager [req-530295cc-edf9-468e-90e5-ce0b988b6e38 - - - - -] Notify callbacks ['neutron.services.segments.db._update_segment_host_mapping_for_agent--9223363260304757989'] for agent, after_update _notify_loop /usr/lib/python2.7/site-packages/neutron_lib/callbacks/manager.py:167
2018-09-13 04:07:48.554 7488 INFO neutron.wsgi [req-5fa19b91-43a6-4c08-bb76-d04dfd3270c0 23e04251e35a4af8836d799cdbc6c009 4eeeddb45ad446a68ed4de7bd550932a - default default] 10.0.20.20 "GET /v2.0/ports?device_id=0a3023d1-b65f-44a7-9560-bc28fc8c43c1 HTTP/1.1" status: 200  len: 1124 time: 0.6855879
2018-09-13 04:07:48.683 7488 INFO neutron.wsgi [req-0e984021-528f-4f69-aa2f-b79491c39dfe 23e04251e35a4af8836d799cdbc6c009 4eeeddb45ad446a68ed4de7bd550932a - default default] 10.0.20.20 "GET /v2.0/security-groups?id=05bddca4-697d-46fa-9f46-859f8a35a34d HTTP/1.1" status: 200  len: 2118 time: 0.1198959
2018-09-13 04:07:48.745 7491 DEBUG oslo_concurrency.lockutils [-] Lock "notifier-3ff330c3-50c8-4eaa-a695-5196e6c28df4" released by "neutron.notifiers.batch_notifier.synced_send" :: held 3.930s inner /usr/lib/python2.7/site-packages/oslo_concurrency/lockutils.py:282
2018-09-13 04:07:50.460 7486 INFO neutron.wsgi [req-002f727b-7c38-417a-9e1d-6253ae87be92 23e04251e35a4af8836d799cdbc6c009 4eeeddb45ad446a68ed4de7bd550932a - default default] 10.0.20.20 "GET /v2.0/ports?device_id=0a3023d1-b65f-44a7-9560-bc28fc8c43c1 HTTP/1.1" status: 200  len: 1124 time: 0.7887380
2018-09-13 04:07:50.607 7486 INFO neutron.wsgi [req-a2ee185e-37a5-43d0-9ac6-75ed28ce506a 23e04251e35a4af8836d799cdbc6c009 4eeeddb45ad446a68ed4de7bd550932a - default default] 10.0.20.20 "GET /v2.0/security-groups?id=05bddca4-697d-46fa-9f46-859f8a35a34d HTTP/1.1" status: 200  len: 2118 time: 0.1375079
2018-09-13 04:07:53.323 7491 DEBUG neutron.wsgi [-] (7491) accepted ('10.0.20.20', 47188) server /usr/lib/python2.7/site-packages/eventlet/wsgi.py:883
2018-09-13 04:07:54.541 7491 INFO neutron.wsgi [req-e2114e41-0ad9-4d2c-8402-785f490a3d83 23e04251e35a4af8836d799cdbc6c009 4eeeddb45ad446a68ed4de7bd550932a - default default] 10.0.20.20 "GET /v2.0/ports?device_id=0a3023d1-b65f-44a7-9560-bc28fc8c43c1 HTTP/1.1" status: 200  len: 1124 time: 1.2144809
2018-09-13 04:07:54.707 7491 INFO neutron.wsgi [req-90378866-962f-4ecc-b87b-8e02f2852b4c 23e04251e35a4af8836d799cdbc6c009 4eeeddb45ad446a68ed4de7bd550932a - default default] 10.0.20.20 "GET /v2.0/security-groups?id=05bddca4-697d-46fa-9f46-859f8a35a34d HTTP/1.1" status: 200  len: 2118 time: 0.1500771
2018-09-13 04:07:57.986 7490 INFO neutron.wsgi [req-95afbc04-6184-457e-a8a6-0cdd81eb1373 23e04251e35a4af8836d799cdbc6c009 4eeeddb45ad446a68ed4de7bd550932a - default default] 10.0.20.20 "GET /v2.0/ports?device_id=0a3023d1-b65f-44a7-9560-bc28fc8c43c1 HTTP/1.1" status: 200  len: 1124 time: 0.9427850
2018-09-13 04:07:58.793 7490 INFO neutron.wsgi [req-b52ee716-a1d0-473f-88ff-5acf911a8dde 23e04251e35a4af8836d799cdbc6c009 4eeeddb45ad446a68ed4de7bd550932a - default default] 10.0.20.20 "GET /v2.0/security-groups?id=05bddca4-697d-46fa-9f46-859f8a35a34d HTTP/1.1" status: 200  len: 2118 time: 0.7961171
2018-09-13 04:08:02.266 7486 INFO neutron.wsgi [req-0870c0dd-d6eb-4211-a86c-cfec683b6f4e 23e04251e35a4af8836d799cdbc6c009 4eeeddb45ad446a68ed4de7bd550932a - default default] 10.0.20.20 "GET /v2.0/ports?device_id=0a3023d1-b65f-44a7-9560-bc28fc8c43c1 HTTP/1.1" status: 200  len: 1124 time: 0.1185341
2018-09-13 04:08:02.419 7486 INFO neutron.wsgi [req-b7f154dd-5b59-4116-9606-5eacc1e856fe 23e04251e35a4af8836d799cdbc6c009 4eeeddb45ad446a68ed4de7bd550932a - default default] 10.0.20.20 "GET /v2.0/security-groups?id=05bddca4-697d-46fa-9f46-859f8a35a34d HTTP/1.1" status: 200  len: 2118 time: 0.1436028
2018-09-13 04:08:02.576 7487 INFO neutron.wsgi [req-7c9e3bcc-03e2-4ab5-a58f-f8e2db2e431d bfdde99e4bed48c8ae0420e3e5bbfaa5 79c51a29288744f58c2815e52ac0a1c9 - 9dc4aee61dfd463ea5767bb12da1df2a 9dc4aee61dfd463ea5767bb12da1df2a] 10.0.20.20 "GET /v2.0/ports?device_id=0a3023d1-b65f-44a7-9560-bc28fc8c43c1 HTTP/1.1" status: 200  len: 1124 time: 1.1909931
2018-09-13 04:08:02.732 7487 INFO neutron.wsgi [req-ab5d68de-ca03-41c8-bdf9-841b98d13de0 bfdde99e4bed48c8ae0420e3e5bbfaa5 79c51a29288744f58c2815e52ac0a1c9 - 9dc4aee61dfd463ea5767bb12da1df2a 9dc4aee61dfd463ea5767bb12da1df2a] 10.0.20.20 "GET /v2.0/security-groups?id=05bddca4-697d-46fa-9f46-859f8a35a34d HTTP/1.1" status: 200  len: 2118 time: 0.1507671
2018-09-13 04:08:11.181 7501 DEBUG neutron_lib.callbacks.manager [req-5d3cc860-9977-4aa9-a7bc-63691ea79fe8 - - - - -] Notify callbacks ['neutron.services.segments.db._update_segment_host_mapping_for_agent--9223363260304757989'] for agent, after_update _notify_loop /usr/lib/python2.7/site-packages/neutron_lib/callbacks/manager.py:167
2018-09-13 04:08:11.236 7495 DEBUG neutron_lib.callbacks.manager [req-45b36bbe-3258-4ee8-be90-0df3e0859a31 - - - - -] Notify callbacks ['neutron.services.segments.db._update_segment_host_mapping_for_agent--9223363260304757989'] for agent, after_update _notify_loop /usr/lib/python2.7/site-packages/neutron_lib/callbacks/manager.py:167
2018-09-13 04:08:11.303 7502 DEBUG neutron_lib.callbacks.manager [req-126c43cf-3571-4bec-a163-2db981b4a0cf - - - - -] Notify callbacks ['neutron.services.segments.db._update_segment_host_mapping_for_agent--9223363260304757989'] for agent, after_update _notify_loop /usr/lib/python2.7/site-packages/neutron_lib/callbacks/manager.py:167
2018-09-13 04:08:12.275 7496 DEBUG neutron_lib.callbacks.manager [req-8cba4e28-844c-4817-af4f-b9c0ed471e38 - - - - -] Notify callbacks ['neutron.services.segments.db._update_segment_host_mapping_for_agent--9223363260304757989'] for agent, after_update _notify_loop /usr/lib/python2.7/site-packages/neutron_lib/callbacks/manager.py:167
2018-09-13 04:08:17.866 7497 DEBUG neutron_lib.callbacks.manager [req-530295cc-edf9-468e-90e5-ce0b988b6e38 - - - - -] Notify callbacks ['neutron.services.segments.db._update_segment_host_mapping_for_agent--9223363260304757989'] for agent, after_update _notify_loop /usr/lib/python2.7/site-packages/neutron_lib/callbacks/manager.py:167
2018-09-13 04:08:22.079 7503 DEBUG neutron.db.agents_db [req-d78cb791-78a6-4f6d-ae99-cdd0394dea42 - - - - -] Agent healthcheck: found 5 active agents agent_health_check /usr/lib/python2.7/site-packages/neutron/db/agents_db.py:281
2018-09-13 04:08:25.553 7488 DEBUG neutron.quota.resource [req-4782104e-d9fd-4f42-a361-51ff0d5ebd88 bfdde99e4bed48c8ae0420e3e5bbfaa5 79c51a29288744f58c2815e52ac0a1c9 - 9dc4aee61dfd463ea5767bb12da1df2a 9dc4aee61dfd463ea5767bb12da1df2a] Synchronizing usage tracker for tenant:79c51a29288744f58c2815e52ac0a1c9 on resource:port resync /usr/lib/python2.7/site-packages/neutron/quota/resource.py:245
2018-09-13 04:08:25.614 7488 DEBUG neutron.quota.resource [req-4782104e-d9fd-4f42-a361-51ff0d5ebd88 bfdde99e4bed48c8ae0420e3e5bbfaa5 79c51a29288744f58c2815e52ac0a1c9 - 9dc4aee61dfd463ea5767bb12da1df2a 9dc4aee61dfd463ea5767bb12da1df2a] Unset dirty status for tenant:79c51a29288744f58c2815e52ac0a1c9 on resource:port _resync /usr/lib/python2.7/site-packages/neutron/quota/resource.py:237
2018-09-13 04:08:25.616 7488 INFO neutron.wsgi [req-4782104e-d9fd-4f42-a361-51ff0d5ebd88 bfdde99e4bed48c8ae0420e3e5bbfaa5 79c51a29288744f58c2815e52ac0a1c9 - 9dc4aee61dfd463ea5767bb12da1df2a 9dc4aee61dfd463ea5767bb12da1df2a] 10.0.20.20 "GET /v2.0/ports?device_id=0a3023d1-b65f-44a7-9560-bc28fc8c43c1 HTTP/1.1" status: 200  len: 1124 time: 1.1068819
2018-09-13 04:08:25.741 7488 INFO neutron.wsgi [req-233f9af0-a6dc-4c0b-98e6-e6869df09498 bfdde99e4bed48c8ae0420e3e5bbfaa5 79c51a29288744f58c2815e52ac0a1c9 - 9dc4aee61dfd463ea5767bb12da1df2a 9dc4aee61dfd463ea5767bb12da1df2a] 10.0.20.20 "GET /v2.0/security-groups?id=05bddca4-697d-46fa-9f46-859f8a35a34d HTTP/1.1" status: 200  len: 2118 time: 0.1153491
2018-09-13 04:08:33.232 7488 INFO neutron.wsgi [req-e9f5ff71-40d3-47d5-ae01-e21470988241 23e04251e35a4af8836d799cdbc6c009 4eeeddb45ad446a68ed4de7bd550932a - default default] 10.0.20.20 "GET /v2.0/ports?tenant_id=79c51a29288744f58c2815e52ac0a1c9&device_id=0a3023d1-b65f-44a7-9560-bc28fc8c43c1 HTTP/1.1" status: 200  len: 1124 time: 0.1686649
2018-09-13 04:08:33.536 7488 DEBUG neutron.pecan_wsgi.hooks.policy_enforcement [req-9269e82f-b849-4cc1-a664-9e3b09ff14d6 23e04251e35a4af8836d799cdbc6c009 4eeeddb45ad446a68ed4de7bd550932a - default default] Attributes excluded by policy engine: [u'vlan_transparent'] _exclude_attributes_by_policy /usr/lib/python2.7/site-packages/neutron/pecan_wsgi/hooks/policy_enforcement.py:256
2018-09-13 04:08:33.540 7488 INFO neutron.wsgi [req-9269e82f-b849-4cc1-a664-9e3b09ff14d6 23e04251e35a4af8836d799cdbc6c009 4eeeddb45ad446a68ed4de7bd550932a - default default] 10.0.20.20 "GET /v2.0/networks?id=a7cb550a-63a6-4205-8422-b1a5b88484fa HTTP/1.1" status: 200  len: 885 time: 0.2974741
2018-09-13 04:08:33.593 7488 INFO neutron.wsgi [req-f66282ea-bca6-42d2-ae5a-e04462d3f2fb 23e04251e35a4af8836d799cdbc6c009 4eeeddb45ad446a68ed4de7bd550932a - default default] 10.0.20.20 "GET /v2.0/floatingips?fixed_ip_address=11.199.1.9&port_id=a61423d5-6e6d-4b96-86b2-ae645d71713a HTTP/1.1" status: 200  len: 751 time: 0.0431051
2018-09-13 04:08:33.794 7488 DEBUG neutron.pecan_wsgi.hooks.policy_enforcement [req-d490c5e1-f06f-4908-a732-6145f6aad743 23e04251e35a4af8836d799cdbc6c009 4eeeddb45ad446a68ed4de7bd550932a - default default] Attributes excluded by policy engine: [u'shared'] _exclude_attributes_by_policy /usr/lib/python2.7/site-packages/neutron/pecan_wsgi/hooks/policy_enforcement.py:256
2018-09-13 04:08:33.798 7488 INFO neutron.wsgi [req-d490c5e1-f06f-4908-a732-6145f6aad743 23e04251e35a4af8836d799cdbc6c009 4eeeddb45ad446a68ed4de7bd550932a - default default] 10.0.20.20 "GET /v2.0/subnets?id=c1cbbfff-387d-4d6f-aa89-8c215fd2da52 HTTP/1.1" status: 200  len: 847 time: 0.1941311
2018-09-13 04:08:33.969 7488 INFO neutron.wsgi [req-9fca3aeb-706f-43b2-9aab-7c3ded725df5 23e04251e35a4af8836d799cdbc6c009 4eeeddb45ad446a68ed4de7bd550932a - default default] 10.0.20.20 "GET /v2.0/ports?network_id=a7cb550a-63a6-4205-8422-b1a5b88484fa&device_owner=network%3Adhcp HTTP/1.1" status: 200  len: 1128 time: 0.1621959
2018-09-13 04:08:41.142 7498 DEBUG neutron_lib.callbacks.manager [req-5d3cc860-9977-4aa9-a7bc-63691ea79fe8 - - - - -] Notify callbacks ['neutron.services.segments.db._update_segment_host_mapping_for_agent--9223363260304757989'] for agent, after_update _notify_loop /usr/lib/python2.7/site-packages/neutron_lib/callbacks/manager.py:167
2018-09-13 04:08:41.239 7494 DEBUG neutron_lib.callbacks.manager [req-155dcc18-2cd6-492e-9ae5-64d015b5305a - - - - -] Notify callbacks ['neutron.services.segments.db._update_segment_host_mapping_for_agent--9223363260304757989'] for agent, after_update _notify_loop /usr/lib/python2.7/site-packages/neutron_lib/callbacks/manager.py:167
2018-09-13 04:08:41.294 7500 DEBUG neutron_lib.callbacks.manager [req-126c43cf-3571-4bec-a163-2db981b4a0cf - - - - -] Notify callbacks ['neutron.services.segments.db._update_segment_host_mapping_for_agent--9223363260304757989'] for agent, after_update _notify_loop /usr/lib/python2.7/site-packages/neutron_lib/callbacks/manager.py:167
2018-09-13 04:08:41.352 7487 INFO neutron.wsgi [req-926880aa-7425-4dc0-bce9-bf57baa11f90 bfdde99e4bed48c8ae0420e3e5bbfaa5 79c51a29288744f58c2815e52ac0a1c9 - 9dc4aee61dfd463ea5767bb12da1df2a 9dc4aee61dfd463ea5767bb12da1df2a] 10.0.20.20 "GET /v2.0/ports?device_id=0a3023d1-b65f-44a7-9560-bc28fc8c43c1 HTTP/1.1" status: 200  len: 1124 time: 0.6910121
2018-09-13 04:08:41.489 7487 INFO neutron.wsgi [req-a8d06a0f-af8f-47ad-9389-b60f1f967a30 bfdde99e4bed48c8ae0420e3e5bbfaa5 79c51a29288744f58c2815e52ac0a1c9 - 9dc4aee61dfd463ea5767bb12da1df2a 9dc4aee61dfd463ea5767bb12da1df2a] 10.0.20.20 "GET /v2.0/security-groups?id=05bddca4-697d-46fa-9f46-859f8a35a34d HTTP/1.1" status: 200  len: 2118 time: 0.1291721
2018-09-13 04:08:42.263 7499 DEBUG neutron_lib.callbacks.manager [req-a12b661f-c9d5-4559-b158-89a9e588c78a - - - - -] Notify callbacks ['neutron.services.segments.db._update_segment_host_mapping_for_agent--9223363260304757989'] for agent, after_update _notify_loop /usr/lib/python2.7/site-packages/neutron_lib/callbacks/manager.py:167
2018-09-13 04:08:47.865 7501 DEBUG neutron_lib.callbacks.manager [req-530295cc-edf9-468e-90e5-ce0b988b6e38 - - - - -] Notify callbacks ['neutron.services.segments.db._update_segment_host_mapping_for_agent--9223363260304757989'] for agent, after_update _notify_loop /usr/lib/python2.7/site-packages/neutron_lib/callbacks/manager.py:167
2018-09-13 04:08:58.734 7488 INFO neutron.wsgi [req-55706192-b4f2-4170-8bea-84f4e5e6d757 bfdde99e4bed48c8ae0420e3e5bbfaa5 79c51a29288744f58c2815e52ac0a1c9 - 9dc4aee61dfd463ea5767bb12da1df2a 9dc4aee61dfd463ea5767bb12da1df2a] 10.0.20.20 "GET /v2.0/ports?device_id=0a3023d1-b65f-44a7-9560-bc28fc8c43c1 HTTP/1.1" status: 200  len: 1124 time: 1.6591330
