2018-09-17 05:00:17.347 29538 DEBUG novaclient.v2.client [-] REQ: curl -g -i -X POST http://10.0.20.20:8774/v2.1/4eeeddb45ad446a68ed4de7bd550932a/os-server-external-events -H "User-Agent: python-novaclient" -H "Content-Type: application/json" -H "Accept: application/json" -H "X-OpenStack-Nova-API-Version: 2.1" -H "X-Auth-Token: {SHA1}0a1a39100845f0ea637cdd6d630b0a90a831f4fd" -d '{"events": [{"tag": "ab14d078-1f4d-4c9c-9087-bf9d7e0332e9", "name": "network-changed", "server_uuid": "34d487e6-b878-4f09-b3e8-cdb9b850031d"}]}' _http_log_request /usr/lib/python2.7/site-packages/keystoneauth1/session.py:375
2018-09-17 05:00:17.464 29547 DEBUG neutron.api.rpc.handlers.l3_rpc [req-e7fa1493-03de-4fb7-8438-7f150b8d9292 - - - - -] New status for floating IP 58555f14-852a-4851-a298-b9078142ae36: ACTIVE update_floatingip_statuses /usr/lib/python2.7/site-packages/neutron/api/rpc/handlers/l3_rpc.py:252
2018-09-17 05:00:17.475 29540 DEBUG neutron.wsgi [-] (29540) accepted ('10.0.20.20', 33928) server /usr/lib/python2.7/site-packages/eventlet/wsgi.py:883
2018-09-17 05:00:17.873 29538 INFO neutron.wsgi [req-1abf7c36-97e4-4e46-adf6-0b8c8bf272a7 23e04251e35a4af8836d799cdbc6c009 4eeeddb45ad446a68ed4de7bd550932a - default default] 10.0.20.20 "GET /v2.0/ports?tenant_id=a11910cb45e943d98519759041aee97b&device_id=34d487e6-b878-4f09-b3e8-cdb9b850031d HTTP/1.1" status: 200  len: 1122 time: 0.4930189
2018-09-17 05:00:18.238 29538 DEBUG novaclient.v2.client [-] RESP: [200] Content-Length: 179 Content-Type: application/json Openstack-Api-Version: compute 2.1 X-Openstack-Nova-Api-Version: 2.1 Vary: OpenStack-API-Version, X-OpenStack-Nova-API-Version X-Openstack-Request-Id: req-7586db52-c3cd-47c0-8eb9-9730573beb4c X-Compute-Request-Id: req-7586db52-c3cd-47c0-8eb9-9730573beb4c Date: Mon, 17 Sep 2018 09:00:18 GMT Connection: keep-alive 
RESP BODY: {"events": [{"status": "completed", "tag": "ab14d078-1f4d-4c9c-9087-bf9d7e0332e9", "name": "network-changed", "server_uuid": "34d487e6-b878-4f09-b3e8-cdb9b850031d", "code": 200}]}
 _http_log_response /usr/lib/python2.7/site-packages/keystoneauth1/session.py:423
2018-09-17 05:00:18.238 29538 DEBUG novaclient.v2.client [-] POST call to compute for http://10.0.20.20:8774/v2.1/4eeeddb45ad446a68ed4de7bd550932a/os-server-external-events used request id req-7586db52-c3cd-47c0-8eb9-9730573beb4c request /usr/lib/python2.7/site-packages/keystoneauth1/session.py:727
2018-09-17 05:00:18.252 29538 INFO neutron.notifiers.nova [-] Nova event response: {u'status': u'completed', u'tag': u'ab14d078-1f4d-4c9c-9087-bf9d7e0332e9', u'name': u'network-changed', u'server_uuid': u'34d487e6-b878-4f09-b3e8-cdb9b850031d', u'code': 200}
2018-09-17 05:00:18.266 29540 INFO neutron.wsgi [req-74e82e9e-dca3-4502-af2f-7e303bb205d5 23e04251e35a4af8836d799cdbc6c009 4eeeddb45ad446a68ed4de7bd550932a - default default] 10.0.20.20 "GET /v2.0/ports?device_id=34d487e6-b878-4f09-b3e8-cdb9b850031d HTTP/1.1" status: 200  len: 1122 time: 0.7825620
2018-09-17 05:00:18.406 29535 INFO neutron.wsgi [req-501e7443-dbbc-4ea1-b19b-7f0834f10463 23e04251e35a4af8836d799cdbc6c009 4eeeddb45ad446a68ed4de7bd550932a - default default] 10.0.20.20 "GET /v2.0/ports?tenant_id=a11910cb45e943d98519759041aee97b&device_id=34d487e6-b878-4f09-b3e8-cdb9b850031d HTTP/1.1" status: 200  len: 1122 time: 0.1488810
2018-09-17 05:00:18.427 29538 DEBUG neutron.pecan_wsgi.hooks.policy_enforcement [req-20ba3bf8-52d1-48ac-adc3-9527f7e55f20 23e04251e35a4af8836d799cdbc6c009 4eeeddb45ad446a68ed4de7bd550932a - default default] Attributes excluded by policy engine: [u'vlan_transparent'] _exclude_attributes_by_policy /usr/lib/python2.7/site-packages/neutron/pecan_wsgi/hooks/policy_enforcement.py:256
2018-09-17 05:00:18.430 29538 INFO neutron.wsgi [req-20ba3bf8-52d1-48ac-adc3-9527f7e55f20 23e04251e35a4af8836d799cdbc6c009 4eeeddb45ad446a68ed4de7bd550932a - default default] 10.0.20.20 "GET /v2.0/networks?id=abd2fb5c-3a32-4476-886b-db7e83077629 HTTP/1.1" status: 200  len: 885 time: 0.5515411
2018-09-17 05:00:18.442 29540 INFO neutron.wsgi [req-7ab86b03-8bd0-44c3-a6c1-4551e4795797 23e04251e35a4af8836d799cdbc6c009 4eeeddb45ad446a68ed4de7bd550932a - default default] 10.0.20.20 "GET /v2.0/security-groups?id=c1ebbcd9-db79-4e7f-b1d1-8ecc4c0017a1 HTTP/1.1" status: 200  len: 2118 time: 0.1654172
2018-09-17 05:00:18.476 29538 INFO neutron.wsgi [req-541a5f23-d248-4ff4-b2df-62495df65140 23e04251e35a4af8836d799cdbc6c009 4eeeddb45ad446a68ed4de7bd550932a - default default] 10.0.20.20 "GET /v2.0/floatingips?fixed_ip_address=11.2.1.9&port_id=ab14d078-1f4d-4c9c-9087-bf9d7e0332e9 HTTP/1.1" status: 200  len: 749 time: 0.0392711
2018-09-17 05:00:18.644 29538 DEBUG neutron.pecan_wsgi.hooks.policy_enforcement [req-9c7a8771-6bae-494b-9507-a08c4cb8f0d4 23e04251e35a4af8836d799cdbc6c009 4eeeddb45ad446a68ed4de7bd550932a - default default] Attributes excluded by policy engine: [u'shared'] _exclude_attributes_by_policy /usr/lib/python2.7/site-packages/neutron/pecan_wsgi/hooks/policy_enforcement.py:256
2018-09-17 05:00:18.647 29538 INFO neutron.wsgi [req-9c7a8771-6bae-494b-9507-a08c4cb8f0d4 23e04251e35a4af8836d799cdbc6c009 4eeeddb45ad446a68ed4de7bd550932a - default default] 10.0.20.20 "GET /v2.0/subnets?id=83f6cae9-77fb-4e04-bdf4-c0101bcbd62a HTTP/1.1" status: 200  len: 839 time: 0.1636281
2018-09-17 05:00:18.674 29535 DEBUG neutron.pecan_wsgi.hooks.policy_enforcement [req-7ceabeca-c99a-462b-b069-b963caea015a 23e04251e35a4af8836d799cdbc6c009 4eeeddb45ad446a68ed4de7bd550932a - default default] Attributes excluded by policy engine: [u'vlan_transparent'] _exclude_attributes_by_policy /usr/lib/python2.7/site-packages/neutron/pecan_wsgi/hooks/policy_enforcement.py:256
2018-09-17 05:00:18.678 29535 INFO neutron.wsgi [req-7ceabeca-c99a-462b-b069-b963caea015a 23e04251e35a4af8836d799cdbc6c009 4eeeddb45ad446a68ed4de7bd550932a - default default] 10.0.20.20 "GET /v2.0/networks?id=abd2fb5c-3a32-4476-886b-db7e83077629 HTTP/1.1" status: 200  len: 885 time: 0.2638929
2018-09-17 05:00:18.738 29535 INFO neutron.wsgi [req-af84b9c8-3afa-4329-b29e-1245264659e0 23e04251e35a4af8836d799cdbc6c009 4eeeddb45ad446a68ed4de7bd550932a - default default] 10.0.20.20 "GET /v2.0/floatingips?fixed_ip_address=11.2.1.9&port_id=ab14d078-1f4d-4c9c-9087-bf9d7e0332e9 HTTP/1.1" status: 200  len: 749 time: 0.0495760
2018-09-17 05:00:18.803 29538 INFO neutron.wsgi [req-b17993ec-ad25-4a30-a040-985a0fa4dffb 23e04251e35a4af8836d799cdbc6c009 4eeeddb45ad446a68ed4de7bd550932a - default default] 10.0.20.20 "GET /v2.0/ports?network_id=abd2fb5c-3a32-4476-886b-db7e83077629&device_owner=network%3Adhcp HTTP/1.1" status: 200  len: 1126 time: 0.1469901
2018-09-17 05:00:18.938 29535 DEBUG neutron.pecan_wsgi.hooks.policy_enforcement [req-5c920b97-bb7f-403a-81f3-d87a636a470a 23e04251e35a4af8836d799cdbc6c009 4eeeddb45ad446a68ed4de7bd550932a - default default] Attributes excluded by policy engine: [u'shared'] _exclude_attributes_by_policy /usr/lib/python2.7/site-packages/neutron/pecan_wsgi/hooks/policy_enforcement.py:256
2018-09-17 05:00:18.942 29535 INFO neutron.wsgi [req-5c920b97-bb7f-403a-81f3-d87a636a470a 23e04251e35a4af8836d799cdbc6c009 4eeeddb45ad446a68ed4de7bd550932a - default default] 10.0.20.20 "GET /v2.0/subnets?id=83f6cae9-77fb-4e04-bdf4-c0101bcbd62a HTTP/1.1" status: 200  len: 839 time: 0.1968210
2018-09-17 05:00:19.060 29535 INFO neutron.wsgi [req-0c5767c1-fa48-4b46-98a2-7800e1a8467e 23e04251e35a4af8836d799cdbc6c009 4eeeddb45ad446a68ed4de7bd550932a - default default] 10.0.20.20 "GET /v2.0/ports?network_id=abd2fb5c-3a32-4476-886b-db7e83077629&device_owner=network%3Adhcp HTTP/1.1" status: 200  len: 1126 time: 0.1108570
2018-09-17 05:00:20.254 29538 DEBUG oslo_concurrency.lockutils [-] Lock "notifier-edd92356-4712-479f-9494-6ad6c5a986ed" released by "neutron.notifiers.batch_notifier.synced_send" :: held 4.300s inner /usr/lib/python2.7/site-packages/oslo_concurrency/lockutils.py:282
2018-09-17 05:00:22.274 29540 DEBUG neutron.wsgi [-] (29540) accepted ('10.0.20.20', 33970) server /usr/lib/python2.7/site-packages/eventlet/wsgi.py:883
2018-09-17 05:00:22.917 29540 INFO neutron.wsgi [req-dd7b7c92-408b-444e-8022-78d6f503a1b1 23e04251e35a4af8836d799cdbc6c009 4eeeddb45ad446a68ed4de7bd550932a - default default] 10.0.20.20 "GET /v2.0/ports?device_id=34d487e6-b878-4f09-b3e8-cdb9b850031d HTTP/1.1" status: 200  len: 1122 time: 0.6402931
2018-09-17 05:00:23.120 29540 INFO neutron.wsgi [req-ed946e5e-0f2a-4280-a992-01e04fe0ce6c 23e04251e35a4af8836d799cdbc6c009 4eeeddb45ad446a68ed4de7bd550932a - default default] 10.0.20.20 "GET /v2.0/security-groups?id=c1ebbcd9-db79-4e7f-b1d1-8ecc4c0017a1 HTTP/1.1" status: 200  len: 2118 time: 0.1912780
2018-09-17 05:00:24.370 29538 INFO neutron.wsgi [req-4c74c51d-5bde-4c31-af37-ff518ad48cc5 23e04251e35a4af8836d799cdbc6c009 4eeeddb45ad446a68ed4de7bd550932a - default default] 10.0.20.20 "GET /v2.0/ports?device_id=34d487e6-b878-4f09-b3e8-cdb9b850031d HTTP/1.1" status: 200  len: 1122 time: 0.1735339
2018-09-17 05:00:24.505 29538 INFO neutron.wsgi [req-d4865cf8-4963-4891-af65-a0beda755cfb 23e04251e35a4af8836d799cdbc6c009 4eeeddb45ad446a68ed4de7bd550932a - default default] 10.0.20.20 "GET /v2.0/security-groups?id=c1ebbcd9-db79-4e7f-b1d1-8ecc4c0017a1 HTTP/1.1" status: 200  len: 2118 time: 0.1266329
2018-09-17 05:00:25.297 29538 INFO neutron.wsgi [req-d23d6896-87fe-47b6-8fd8-7ea11850d385 23e04251e35a4af8836d799cdbc6c009 4eeeddb45ad446a68ed4de7bd550932a - default default] 10.0.20.20 "GET /v2.0/ports?device_id=34d487e6-b878-4f09-b3e8-cdb9b850031d HTTP/1.1" status: 200  len: 1122 time: 0.1997280
2018-09-17 05:00:25.463 29538 INFO neutron.wsgi [req-f1073444-45a8-4867-9789-44d330191b9a 23e04251e35a4af8836d799cdbc6c009 4eeeddb45ad446a68ed4de7bd550932a - default default] 10.0.20.20 "GET /v2.0/security-groups?id=c1ebbcd9-db79-4e7f-b1d1-8ecc4c0017a1 HTTP/1.1" status: 200  len: 2118 time: 0.1529412
2018-09-17 05:00:29.955 29537 DEBUG neutron.wsgi [-] (29537) accepted ('10.0.20.20', 34008) server /usr/lib/python2.7/site-packages/eventlet/wsgi.py:883
2018-09-17 05:00:30.766 29537 INFO neutron.wsgi [req-1687faed-acff-43a4-b5c1-26c5f09bfc32 23e04251e35a4af8836d799cdbc6c009 4eeeddb45ad446a68ed4de7bd550932a - default default] 10.0.20.20 "GET /v2.0/ports?device_id=34d487e6-b878-4f09-b3e8-cdb9b850031d HTTP/1.1" status: 200  len: 1122 time: 0.8091300
2018-09-17 05:00:30.919 29537 INFO neutron.wsgi [req-c8e89e15-4099-4a71-9cbb-1de24db58d41 23e04251e35a4af8836d799cdbc6c009 4eeeddb45ad446a68ed4de7bd550932a - default default] 10.0.20.20 "GET /v2.0/security-groups?id=c1ebbcd9-db79-4e7f-b1d1-8ecc4c0017a1 HTTP/1.1" status: 200  len: 2118 time: 0.1408830
2018-09-17 05:00:32.889 29537 INFO neutron.wsgi [req-c3c78b55-5a55-461e-a1da-49bbc2870742 dc10d5534ade47f38cda8e5e7a5c2fdd a11910cb45e943d98519759041aee97b - 704a402bd8014abb9684afc64f415dc8 704a402bd8014abb9684afc64f415dc8] 10.0.20.20 "GET /v2.0/ports?device_id=34d487e6-b878-4f09-b3e8-cdb9b850031d HTTP/1.1" status: 200  len: 1122 time: 0.6919260
2018-09-17 05:00:33.039 29537 INFO neutron.wsgi [req-7b54a825-7f76-48f7-91cb-82cadfc53762 dc10d5534ade47f38cda8e5e7a5c2fdd a11910cb45e943d98519759041aee97b - 704a402bd8014abb9684afc64f415dc8 704a402bd8014abb9684afc64f415dc8] 10.0.20.20 "GET /v2.0/security-groups?id=c1ebbcd9-db79-4e7f-b1d1-8ecc4c0017a1 HTTP/1.1" status: 200  len: 2118 time: 0.1400211
2018-09-17 05:00:36.382 29552 DEBUG neutron.db.agents_db [req-55bd26b6-e9c0-4d30-8227-e9fd03ecaf8c - - - - -] Agent healthcheck: found 5 active agents agent_health_check /usr/lib/python2.7/site-packages/neutron/db/agents_db.py:281
2018-09-17 05:00:36.767 29549 DEBUG neutron_lib.callbacks.manager [req-e485bc25-ac74-48f3-9a46-d3ef5f286d29 - - - - -] Notify callbacks ['neutron.services.segments.db._update_segment_host_mapping_for_agent--9223363246183686102'] for agent, after_update _notify_loop /usr/lib/python2.7/site-packages/neutron_lib/callbacks/manager.py:167
2018-09-17 05:00:36.831 29543 DEBUG neutron_lib.callbacks.manager [req-e5d107c1-4b9f-4ed0-8cfb-cd0df57e84a3 - - - - -] Notify callbacks ['neutron.services.segments.db._update_segment_host_mapping_for_agent--9223363246183686102'] for agent, after_update _notify_loop /usr/lib/python2.7/site-packages/neutron_lib/callbacks/manager.py:167
2018-09-17 05:00:37.357 29548 DEBUG neutron_lib.callbacks.manager [req-52620b1d-a1fc-4785-a0e8-12bcadf1553c - - - - -] Notify callbacks ['neutron.services.segments.db._update_segment_host_mapping_for_agent--9223363246183686102'] for agent, after_update _notify_loop /usr/lib/python2.7/site-packages/neutron_lib/callbacks/manager.py:167
2018-09-17 05:00:40.967 29546 DEBUG neutron_lib.callbacks.manager [req-45c75426-b1e0-4421-ae39-2ed7f6c2b3e6 - - - - -] Notify callbacks ['neutron.services.segments.db._update_segment_host_mapping_for_agent--9223363246183686102'] for agent, after_update _notify_loop /usr/lib/python2.7/site-packages/neutron_lib/callbacks/manager.py:167
2018-09-17 05:00:44.052 29544 DEBUG neutron_lib.callbacks.manager [req-6ad068f8-1f70-4037-b2ca-bcafa6a7461b - - - - -] Notify callbacks ['neutron.services.segments.db._update_segment_host_mapping_for_agent--9223363246183686102'] for agent, after_update _notify_loop /usr/lib/python2.7/site-packages/neutron_lib/callbacks/manager.py:167
2018-09-17 05:01:01.652 29538 INFO neutron.wsgi [req-83f6f6cf-9d8e-4ecd-a317-121a0979748a dc10d5534ade47f38cda8e5e7a5c2fdd a11910cb45e943d98519759041aee97b - 704a402bd8014abb9684afc64f415dc8 704a402bd8014abb9684afc64f415dc8] 10.0.20.20 "GET /v2.0/ports?device_id=34d487e6-b878-4f09-b3e8-cdb9b850031d HTTP/1.1" status: 200  len: 1122 time: 0.5480142
2018-09-17 05:01:01.834 29538 INFO neutron.wsgi [req-944b0004-c4a4-4841-8069-8ba3ca8dc116 dc10d5534ade47f38cda8e5e7a5c2fdd a11910cb45e943d98519759041aee97b - 704a402bd8014abb9684afc64f415dc8 704a402bd8014abb9684afc64f415dc8] 10.0.20.20 "GET /v2.0/security-groups?id=c1ebbcd9-db79-4e7f-b1d1-8ecc4c0017a1 HTTP/1.1" status: 200  len: 2118 time: 0.1711390
2018-09-17 05:01:07.432 29551 DEBUG neutron_lib.callbacks.manager [req-3e2e0b3c-1929-47da-b30a-22c7cbdf05c0 - - - - -] Notify callbacks ['neutron.services.segments.db._update_segment_host_mapping_for_agent--9223363246183686102'] for agent, after_update _notify_loop /usr/lib/python2.7/site-packages/neutron_lib/callbacks/manager.py:167
2018-09-17 05:01:07.456 29547 DEBUG neutron_lib.callbacks.manager [req-83d281ce-ec37-4a6b-bdb9-b9735163d61e - - - - -] Notify callbacks ['neutron.services.segments.db._update_segment_host_mapping_for_agent--9223363246183686102'] for agent, after_update _notify_loop /usr/lib/python2.7/site-packages/neutron_lib/callbacks/manager.py:167
2018-09-17 05:01:08.046 29545 DEBUG neutron_lib.callbacks.manager [req-e5d107c1-4b9f-4ed0-8cfb-cd0df57e84a3 - - - - -] Notify callbacks ['neutron.services.segments.db._update_segment_host_mapping_for_agent--9223363246183686102'] for agent, after_update _notify_loop /usr/lib/python2.7/site-packages/neutron_lib/callbacks/manager.py:167
2018-09-17 05:01:10.665 29535 INFO neutron.wsgi [req-292c169e-3a11-4180-be34-8c612a4c19e3 23e04251e35a4af8836d799cdbc6c009 4eeeddb45ad446a68ed4de7bd550932a - default default] 10.0.20.20 "GET /v2.0/ports?tenant_id=a11910cb45e943d98519759041aee97b&device_id=34d487e6-b878-4f09-b3e8-cdb9b850031d HTTP/1.1" status: 200  len: 1122 time: 0.1672580
2018-09-17 05:01:10.971 29550 DEBUG neutron_lib.callbacks.manager [req-45c75426-b1e0-4421-ae39-2ed7f6c2b3e6 - - - - -] Notify callbacks ['neutron.services.segments.db._update_segment_host_mapping_for_agent--9223363246183686102'] for agent, after_update _notify_loop /usr/lib/python2.7/site-packages/neutron_lib/callbacks/manager.py:167
2018-09-17 05:01:10.976 29535 DEBUG neutron.pecan_wsgi.hooks.policy_enforcement [req-4b5df30a-58e0-43e8-946f-11ea73106bcc 23e04251e35a4af8836d799cdbc6c009 4eeeddb45ad446a68ed4de7bd550932a - default default] Attributes excluded by policy engine: [u'vlan_transparent'] _exclude_attributes_by_policy /usr/lib/python2.7/site-packages/neutron/pecan_wsgi/hooks/policy_enforcement.py:256
2018-09-17 05:01:10.981 29535 INFO neutron.wsgi [req-4b5df30a-58e0-43e8-946f-11ea73106bcc 23e04251e35a4af8836d799cdbc6c009 4eeeddb45ad446a68ed4de7bd550932a - default default] 10.0.20.20 "GET /v2.0/networks?id=abd2fb5c-3a32-4476-886b-db7e83077629 HTTP/1.1" status: 200  len: 885 time: 0.3089108
2018-09-17 05:01:11.041 29535 INFO neutron.wsgi [req-7f018933-a856-4760-93d3-e6ec725b33a5 23e04251e35a4af8836d799cdbc6c009 4eeeddb45ad446a68ed4de7bd550932a - default default] 10.0.20.20 "GET /v2.0/floatingips?fixed_ip_address=11.2.1.9&port_id=ab14d078-1f4d-4c9c-9087-bf9d7e0332e9 HTTP/1.1" status: 200  len: 749 time: 0.0506179
2018-09-17 05:01:11.220 29535 DEBUG neutron.pecan_wsgi.hooks.policy_enforcement [req-6f07678a-db47-4963-8b8e-90c96667e5ee 23e04251e35a4af8836d799cdbc6c009 4eeeddb45ad446a68ed4de7bd550932a - default default] Attributes excluded by policy engine: [u'shared'] _exclude_attributes_by_policy /usr/lib/python2.7/site-packages/neutron/pecan_wsgi/hooks/policy_enforcement.py:256
2018-09-17 05:01:11.224 29535 INFO neutron.wsgi [req-6f07678a-db47-4963-8b8e-90c96667e5ee 23e04251e35a4af8836d799cdbc6c009 4eeeddb45ad446a68ed4de7bd550932a - default default] 10.0.20.20 "GET /v2.0/subnets?id=83f6cae9-77fb-4e04-bdf4-c0101bcbd62a HTTP/1.1" status: 200  len: 839 time: 0.1727679
2018-09-17 05:01:11.401 29535 INFO neutron.wsgi [req-b201b323-5a25-4ed0-b226-5dfcda49c3af 23e04251e35a4af8836d799cdbc6c009 4eeeddb45ad446a68ed4de7bd550932a - default default] 10.0.20.20 "GET /v2.0/ports?network_id=abd2fb5c-3a32-4476-886b-db7e83077629&device_owner=network%3Adhcp HTTP/1.1" status: 200  len: 1126 time: 0.1676672
2018-09-17 05:01:13.387 29552 DEBUG neutron.db.agents_db [req-55bd26b6-e9c0-4d30-8227-e9fd03ecaf8c - - - - -] Agent healthcheck: found 5 active agents agent_health_check /usr/lib/python2.7/site-packages/neutron/db/agents_db.py:281
2018-09-17 05:01:14.064 29549 DEBUG neutron_lib.callbacks.manager [req-6ad068f8-1f70-4037-b2ca-bcafa6a7461b - - - - -] Notify callbacks ['neutron.services.segments.db._update_segment_host_mapping_for_agent--9223363246183686102'] for agent, after_update _notify_loop /usr/lib/python2.7/site-packages/neutron_lib/callbacks/manager.py:167
2018-09-17 05:01:17.123 29538 INFO neutron.wsgi [req-f8050f4f-46d5-47e4-8cd6-28dc02a6aea4 dc10d5534ade47f38cda8e5e7a5c2fdd a11910cb45e943d98519759041aee97b - 704a402bd8014abb9684afc64f415dc8 704a402bd8014abb9684afc64f415dc8] 10.0.20.20 "GET /v2.0/ports?device_id=34d487e6-b878-4f09-b3e8-cdb9b850031d HTTP/1.1" status: 200  len: 1122 time: 0.8294239
2018-09-17 05:01:17.280 29538 INFO neutron.wsgi [req-61754123-fae0-4f1a-a317-a69a6bbd97f3 dc10d5534ade47f38cda8e5e7a5c2fdd a11910cb45e943d98519759041aee97b - 704a402bd8014abb9684afc64f415dc8 704a402bd8014abb9684afc64f415dc8] 10.0.20.20 "GET /v2.0/security-groups?id=c1ebbcd9-db79-4e7f-b1d1-8ecc4c0017a1 HTTP/1.1" status: 200  len: 2118 time: 0.1492870
2018-09-17 05:01:33.146 29538 INFO neutron.wsgi [req-06b65e85-9a4e-4387-8f05-284c7fa1dfec dc10d5534ade47f38cda8e5e7a5c2fdd a11910cb45e943d98519759041aee97b - 704a402bd8014abb9684afc64f415dc8 704a402bd8014abb9684afc64f415dc8] 10.0.20.20 "GET /v2.0/ports?device_id=34d487e6-b878-4f09-b3e8-cdb9b850031d HTTP/1.1" status: 200  len: 1122 time: 0.8591561
2018-09-17 05:01:33.315 29538 INFO neutron.wsgi [req-7edd6bd9-9fed-464b-a7b1-fd2bce463240 dc10d5534ade47f38cda8e5e7a5c2fdd a11910cb45e943d98519759041aee97b - 704a402bd8014abb9684afc64f415dc8 704a402bd8014abb9684afc64f415dc8] 10.0.20.20 "GET /v2.0/security-groups?id=c1ebbcd9-db79-4e7f-b1d1-8ecc4c0017a1 HTTP/1.1" status: 200  len: 2118 time: 0.1581180
2018-09-17 05:01:36.792 29543 DEBUG neutron_lib.callbacks.manager [req-d217ac1e-19cf-4b78-b712-c4e719915f1a - - - - -] Notify callbacks ['neutron.services.segments.db._update_segment_host_mapping_for_agent--9223363246183686102'] for agent, after_update _notify_loop /usr/lib/python2.7/site-packages/neutron_lib/callbacks/manager.py:167
2018-09-17 05:01:36.897 29548 DEBUG neutron_lib.callbacks.manager [req-e5d107c1-4b9f-4ed0-8cfb-cd0df57e84a3 - - - - -] Notify callbacks ['neutron.services.segments.db._update_segment_host_mapping_for_agent--9223363246183686102'] for agent, after_update _notify_loop /usr/lib/python2.7/site-packages/neutron_lib/callbacks/manager.py:167
2018-09-17 05:01:37.365 29546 DEBUG neutron_lib.callbacks.manager [req-24929234-7736-441d-809f-3b911be8207e - - - - -] Notify callbacks ['neutron.services.segments.db._update_segment_host_mapping_for_agent--9223363246183686102'] for agent, after_update _notify_loop /usr/lib/python2.7/site-packages/neutron_lib/callbacks/manager.py:167
2018-09-17 05:01:40.974 29544 DEBUG neutron_lib.callbacks.manager [req-45c75426-b1e0-4421-ae39-2ed7f6c2b3e6 - - - - -] Notify callbacks ['neutron.services.segments.db._update_segment_host_mapping_for_agent--9223363246183686102'] for agent, after_update _notify_loop /usr/lib/python2.7/site-packages/neutron_lib/callbacks/manager.py:167
2018-09-17 05:01:44.088 29551 DEBUG neutron_lib.callbacks.manager [req-6ad068f8-1f70-4037-b2ca-bcafa6a7461b - - - - -] Notify callbacks ['neutron.services.segments.db._update_segment_host_mapping_for_agent--9223363246183686102'] for agent, after_update _notify_loop /usr/lib/python2.7/site-packages/neutron_lib/callbacks/manager.py:167
2018-09-17 05:01:44.120 29537 INFO neutron.wsgi [req-d189a8d4-9ec3-4e2c-9c66-e413d5b10377 55b191cca8cc468d8e5831144e357a76 4eeeddb45ad446a68ed4de7bd550932a - default default] 10.0.20.20 "GET /v2.0/ports?device_id=34d487e6-b878-4f09-b3e8-cdb9b850031d HTTP/1.1" status: 200  len: 1122 time: 0.8951299
2018-09-17 05:01:44.288 29537 INFO neutron.wsgi [req-d5c0ee53-72ca-40b8-bf8a-00be2ff1c8c6 55b191cca8cc468d8e5831144e357a76 4eeeddb45ad446a68ed4de7bd550932a - default default] 10.0.20.20 "GET /v2.0/security-groups?id=c1ebbcd9-db79-4e7f-b1d1-8ecc4c0017a1 HTTP/1.1" status: 200  len: 2118 time: 0.1561079
2018-09-17 05:01:44.448 29537 DEBUG neutron.wsgi [-] (29537) accepted ('10.0.20.20', 35248) server /usr/lib/python2.7/site-packages/eventlet/wsgi.py:883
2018-09-17 05:01:45.938 29537 INFO neutron.wsgi [req-9867fdf2-c66e-4058-9a76-2afd33c2b419 55b191cca8cc468d8e5831144e357a76 4eeeddb45ad446a68ed4de7bd550932a - default default] 10.0.20.20 "GET /v2.0/ports?device_id=34d487e6-b878-4f09-b3e8-cdb9b850031d HTTP/1.1" status: 200  len: 1122 time: 1.4869359
2018-09-17 05:01:46.065 29537 INFO neutron.wsgi [req-cf8baf43-f4da-4542-a2a9-c6316c138510 55b191cca8cc468d8e5831144e357a76 4eeeddb45ad446a68ed4de7bd550932a - default default] 10.0.20.20 "GET /v2.0/security-groups?id=c1ebbcd9-db79-4e7f-b1d1-8ecc4c0017a1 HTTP/1.1" status: 200  len: 2118 time: 0.1139910
2018-09-17 05:01:48.343 29537 INFO neutron.wsgi [req-4522fa26-9d07-44df-ad8e-c87b6d69dd93 dc10d5534ade47f38cda8e5e7a5c2fdd a11910cb45e943d98519759041aee97b - 704a402bd8014abb9684afc64f415dc8 704a402bd8014abb9684afc64f415dc8] 10.0.20.20 "GET /v2.0/ports?device_id=34d487e6-b878-4f09-b3e8-cdb9b850031d HTTP/1.1" status: 200  len: 1122 time: 1.1557348
2018-09-17 05:01:48.510 29537 INFO neutron.wsgi [req-70e6d390-0ade-40cd-88aa-72a32f48ef24 dc10d5534ade47f38cda8e5e7a5c2fdd a11910cb45e943d98519759041aee97b - 704a402bd8014abb9684afc64f415dc8 704a402bd8014abb9684afc64f415dc8] 10.0.20.20 "GET /v2.0/security-groups?id=c1ebbcd9-db79-4e7f-b1d1-8ecc4c0017a1 HTTP/1.1" status: 200  len: 2118 time: 0.1570952
2018-09-17 05:01:50.396 29552 DEBUG neutron.db.agents_db [req-55bd26b6-e9c0-4d30-8227-e9fd03ecaf8c - - - - -] Agent healthcheck: found 5 active agents agent_health_check /usr/lib/python2.7/site-packages/neutron/db/agents_db.py:281
2018-09-17 05:02:05.778 29537 INFO neutron.wsgi [req-92915913-5599-4494-a077-ef737620f143 dc10d5534ade47f38cda8e5e7a5c2fdd a11910cb45e943d98519759041aee97b - 704a402bd8014abb9684afc64f415dc8 704a402bd8014abb9684afc64f415dc8] 10.0.20.20 "GET /v2.0/ports?device_id=34d487e6-b878-4f09-b3e8-cdb9b850031d HTTP/1.1" status: 200  len: 1122 time: 0.7380910
2018-09-17 05:02:05.950 29537 INFO neutron.wsgi [req-d2fd271d-9451-4d9d-a277-b9a54adf46e5 dc10d5534ade47f38cda8e5e7a5c2fdd a11910cb45e943d98519759041aee97b - 704a402bd8014abb9684afc64f415dc8 704a402bd8014abb9684afc64f415dc8] 10.0.20.20 "GET /v2.0/security-groups?id=c1ebbcd9-db79-4e7f-b1d1-8ecc4c0017a1 HTTP/1.1" status: 200  len: 2118 time: 0.1609480
2018-09-17 05:02:06.805 29545 DEBUG neutron_lib.callbacks.manager [req-705a3911-3e41-4f1d-84f2-c445050ec5cf - - - - -] Notify callbacks ['neutron.services.segments.db._update_segment_host_mapping_for_agent--9223363246183686102'] for agent, after_update _notify_loop /usr/lib/python2.7/site-packages/neutron_lib/callbacks/manager.py:167
2018-09-17 05:02:06.904 29547 DEBUG neutron_lib.callbacks.manager [req-e5d107c1-4b9f-4ed0-8cfb-cd0df57e84a3 - - - - -] Notify callbacks ['neutron.services.segments.db._update_segment_host_mapping_for_agent--9223363246183686102'] for agent, after_update _notify_loop /usr/lib/python2.7/site-packages/neutron_lib/callbacks/manager.py:167
2018-09-17 05:02:07.369 29550 DEBUG neutron_lib.callbacks.manager [req-038a5375-6a7d-4618-b017-ce4970dca994 - - - - -] Notify callbacks ['neutron.services.segments.db._update_segment_host_mapping_for_agent--9223363246183686102'] for agent, after_update _notify_loop /usr/lib/python2.7/site-packages/neutron_lib/callbacks/manager.py:167
2018-09-17 05:02:09.176 29535 INFO neutron.wsgi [req-338bce14-2d04-4620-9f2f-4477db8f87b6 23e04251e35a4af8836d799cdbc6c009 4eeeddb45ad446a68ed4de7bd550932a - default default] 10.0.20.20 "GET /v2.0/ports?tenant_id=a11910cb45e943d98519759041aee97b&device_id=34d487e6-b878-4f09-b3e8-cdb9b850031d HTTP/1.1" status: 200  len: 1122 time: 0.1559670
2018-09-17 05:02:09.740 29535 DEBUG neutron.pecan_wsgi.hooks.policy_enforcement [req-6d7c411b-39e7-40dd-a4c2-b51202a0c77f 23e04251e35a4af8836d799cdbc6c009 4eeeddb45ad446a68ed4de7bd550932a - default default] Attributes excluded by policy engine: [u'vlan_transparent'] _exclude_attributes_by_policy /usr/lib/python2.7/site-packages/neutron/pecan_wsgi/hooks/policy_enforcement.py:256
2018-09-17 05:02:09.743 29535 INFO neutron.wsgi [req-6d7c411b-39e7-40dd-a4c2-b51202a0c77f 23e04251e35a4af8836d799cdbc6c009 4eeeddb45ad446a68ed4de7bd550932a - default default] 10.0.20.20 "GET /v2.0/networks?id=abd2fb5c-3a32-4476-886b-db7e83077629 HTTP/1.1" status: 200  len: 885 time: 0.5586519
2018-09-17 05:02:09.781 29535 INFO neutron.wsgi [req-80ca6f6e-614c-4901-b2d8-7f251a06391e 23e04251e35a4af8836d799cdbc6c009 4eeeddb45ad446a68ed4de7bd550932a - default default] 10.0.20.20 "GET /v2.0/floatingips?fixed_ip_address=11.2.1.9&port_id=ab14d078-1f4d-4c9c-9087-bf9d7e0332e9 HTTP/1.1" status: 200  len: 749 time: 0.0317690
2018-09-17 05:02:09.941 29535 DEBUG neutron.pecan_wsgi.hooks.policy_enforcement [req-318ab009-fa8f-422b-9112-498fd52689bf 23e04251e35a4af8836d799cdbc6c009 4eeeddb45ad446a68ed4de7bd550932a - default default] Attributes excluded by policy engine: [u'shared'] _exclude_attributes_by_policy /usr/lib/python2.7/site-packages/neutron/pecan_wsgi/hooks/policy_enforcement.py:256
2018-09-17 05:02:09.944 29535 INFO neutron.wsgi [req-318ab009-fa8f-422b-9112-498fd52689bf 23e04251e35a4af8836d799cdbc6c009 4eeeddb45ad446a68ed4de7bd550932a - default default] 10.0.20.20 "GET /v2.0/subnets?id=83f6cae9-77fb-4e04-bdf4-c0101bcbd62a HTTP/1.1" status: 200  len: 839 time: 0.1551878
2018-09-17 05:02:10.107 29535 INFO neutron.wsgi [req-99138205-d7fd-4e30-9f5c-d385855d7b0b 23e04251e35a4af8836d799cdbc6c009 4eeeddb45ad446a68ed4de7bd550932a - default default] 10.0.20.20 "GET /v2.0/ports?network_id=abd2fb5c-3a32-4476-886b-db7e83077629&device_owner=network%3Adhcp HTTP/1.1" status: 200  len: 1126 time: 0.1542649
2018-09-17 05:02:11.173 29549 DEBUG neutron_lib.callbacks.manager [req-45c75426-b1e0-4421-ae39-2ed7f6c2b3e6 - - - - -] Notify callbacks ['neutron.services.segments.db._update_segment_host_mapping_for_agent--9223363246183686102'] for agent, after_update _notify_loop /usr/lib/python2.7/site-packages/neutron_lib/callbacks/manager.py:167
2018-09-17 05:02:14.077 29543 DEBUG neutron_lib.callbacks.manager [req-6ad068f8-1f70-4037-b2ca-bcafa6a7461b - - - - -] Notify callbacks ['neutron.services.segments.db._update_segment_host_mapping_for_agent--9223363246183686102'] for agent, after_update _notify_loop /usr/lib/python2.7/site-packages/neutron_lib/callbacks/manager.py:167
2018-09-17 05:02:21.995 29537 INFO neutron.wsgi [req-161f3f1f-6cbe-42bd-a383-33b4e709c5f2 dc10d5534ade47f38cda8e5e7a5c2fdd a11910cb45e943d98519759041aee97b - 704a402bd8014abb9684afc64f415dc8 704a402bd8014abb9684afc64f415dc8] 10.0.20.20 "GET /v2.0/ports?device_id=34d487e6-b878-4f09-b3e8-cdb9b850031d HTTP/1.1" status: 200  len: 1122 time: 1.0093050
2018-09-17 05:02:22.144 29537 INFO neutron.wsgi [req-6c414c76-2d64-4ea8-9b56-18291e6277d5 dc10d5534ade47f38cda8e5e7a5c2fdd a11910cb45e943d98519759041aee97b - 704a402bd8014abb9684afc64f415dc8 704a402bd8014abb9684afc64f415dc8] 10.0.20.20 "GET /v2.0/security-groups?id=c1ebbcd9-db79-4e7f-b1d1-8ecc4c0017a1 HTTP/1.1" status: 200  len: 2118 time: 0.1394889
2018-09-17 05:02:27.395 29552 DEBUG neutron.db.agents_db [req-55bd26b6-e9c0-4d30-8227-e9fd03ecaf8c - - - - -] Agent healthcheck: found 5 active agents agent_health_check /usr/lib/python2.7/site-packages/neutron/db/agents_db.py:281
2018-09-17 05:02:36.779 29548 DEBUG neutron_lib.callbacks.manager [req-0535aa0c-9224-4d57-995e-913872822eed - - - - -] Notify callbacks ['neutron.services.segments.db._update_segment_host_mapping_for_agent--9223363246183686102'] for agent, after_update _notify_loop /usr/lib/python2.7/site-packages/neutron_lib/callbacks/manager.py:167
2018-09-17 05:02:36.902 29546 DEBUG neutron_lib.callbacks.manager [req-e5d107c1-4b9f-4ed0-8cfb-cd0df57e84a3 - - - - -] Notify callbacks ['neutron.services.segments.db._update_segment_host_mapping_for_agent--9223363246183686102'] for agent, after_update _notify_loop /usr/lib/python2.7/site-packages/neutron_lib/callbacks/manager.py:167
2018-09-17 05:02:37.362 29544 DEBUG neutron_lib.callbacks.manager [req-61ee1c1f-06e7-4389-a412-0aad43f577bb - - - - -] Notify callbacks ['neutron.services.segments.db._update_segment_host_mapping_for_agent--9223363246183686102'] for agent, after_update _notify_loop /usr/lib/python2.7/site-packages/neutron_lib/callbacks/manager.py:167
2018-09-17 05:02:37.509 29538 INFO neutron.wsgi [req-f0f710e9-6b45-432d-9389-9bc588fa40a7 dc10d5534ade47f38cda8e5e7a5c2fdd a11910cb45e943d98519759041aee97b - 704a402bd8014abb9684afc64f415dc8 704a402bd8014abb9684afc64f415dc8] 10.0.20.20 "GET /v2.0/ports?device_id=34d487e6-b878-4f09-b3e8-cdb9b850031d HTTP/1.1" status: 200  len: 1122 time: 0.8160620
2018-09-17 05:02:37.671 29538 INFO neutron.wsgi [req-4de1eee0-e3ba-4979-ad4f-0ab9ba8c90bc dc10d5534ade47f38cda8e5e7a5c2fdd a11910cb45e943d98519759041aee97b - 704a402bd8014abb9684afc64f415dc8 704a402bd8014abb9684afc64f415dc8] 10.0.20.20 "GET /v2.0/security-groups?id=c1ebbcd9-db79-4e7f-b1d1-8ecc4c0017a1 HTTP/1.1" status: 200  len: 2118 time: 0.1526439
2018-09-17 05:02:40.971 29551 DEBUG neutron_lib.callbacks.manager [req-45c75426-b1e0-4421-ae39-2ed7f6c2b3e6 - - - - -] Notify callbacks ['neutron.services.segments.db._update_segment_host_mapping_for_agent--9223363246183686102'] for agent, after_update _notify_loop /usr/lib/python2.7/site-packages/neutron_lib/callbacks/manager.py:167
2018-09-17 05:02:44.075 29545 DEBUG neutron_lib.callbacks.manager [req-6ad068f8-1f70-4037-b2ca-bcafa6a7461b - - - - -] Notify callbacks ['neutron.services.segments.db._update_segment_host_mapping_for_agent--9223363246183686102'] for agent, after_update _notify_loop /usr/lib/python2.7/site-packages/neutron_lib/callbacks/manager.py:167
2018-09-17 05:02:55.900 29537 INFO neutron.wsgi [req-e5135db8-c96c-4dbf-bcf8-0068696f71f6 dc10d5534ade47f38cda8e5e7a5c2fdd a11910cb45e943d98519759041aee97b - 704a402bd8014abb9684afc64f415dc8 704a402bd8014abb9684afc64f415dc8] 10.0.20.20 "GET /v2.0/ports?device_id=34d487e6-b878-4f09-b3e8-cdb9b850031d HTTP/1.1" status: 200  len: 1122 time: 0.9516759
2018-09-17 05:02:56.075 29537 INFO neutron.wsgi [req-193de3e4-84d7-4ea8-b729-959d7a387159 dc10d5534ade47f38cda8e5e7a5c2fdd a11910cb45e943d98519759041aee97b - 704a402bd8014abb9684afc64f415dc8 704a402bd8014abb9684afc64f415dc8] 10.0.20.20 "GET /v2.0/security-groups?id=c1ebbcd9-db79-4e7f-b1d1-8ecc4c0017a1 HTTP/1.1" status: 200  len: 2118 time: 0.1618469
2018-09-17 05:02:57.554 29535 INFO neutron.wsgi [req-07dbef66-dc01-4f17-8251-39583cc1bd94 23e04251e35a4af8836d799cdbc6c009 4eeeddb45ad446a68ed4de7bd550932a - default default] 10.0.20.20 "GET /v2.0/ports?tenant_id=a11910cb45e943d98519759041aee97b&device_id=34d487e6-b878-4f09-b3e8-cdb9b850031d HTTP/1.1" status: 200  len: 1122 time: 0.2013581
2018-09-17 05:02:57.910 29535 DEBUG neutron.pecan_wsgi.hooks.policy_enforcement [req-2b9e4b9c-5857-41ca-bf38-dee35a50594d 23e04251e35a4af8836d799cdbc6c009 4eeeddb45ad446a68ed4de7bd550932a - default default] Attributes excluded by policy engine: [u'vlan_transparent'] _exclude_attributes_by_policy /usr/lib/python2.7/site-packages/neutron/pecan_wsgi/hooks/policy_enforcement.py:256
2018-09-17 05:02:57.913 29535 INFO neutron.wsgi [req-2b9e4b9c-5857-41ca-bf38-dee35a50594d 23e04251e35a4af8836d799cdbc6c009 4eeeddb45ad446a68ed4de7bd550932a - default default] 10.0.20.20 "GET /v2.0/networks?id=abd2fb5c-3a32-4476-886b-db7e83077629 HTTP/1.1" status: 200  len: 885 time: 0.3504941
2018-09-17 05:02:57.983 29535 INFO neutron.wsgi [req-89356356-8c6d-4f71-bab6-f196e3d9b7c1 23e04251e35a4af8836d799cdbc6c009 4eeeddb45ad446a68ed4de7bd550932a - default default] 10.0.20.20 "GET /v2.0/floatingips?fixed_ip_address=11.2.1.9&port_id=ab14d078-1f4d-4c9c-9087-bf9d7e0332e9 HTTP/1.1" status: 200  len: 749 time: 0.0596700
2018-09-17 05:02:58.181 29535 DEBUG neutron.pecan_wsgi.hooks.policy_enforcement [req-942ca565-4a9c-443d-b5b2-ff6bc56052cd 23e04251e35a4af8836d799cdbc6c009 4eeeddb45ad446a68ed4de7bd550932a - default default] Attributes excluded by policy engine: [u'shared'] _exclude_attributes_by_policy /usr/lib/python2.7/site-packages/neutron/pecan_wsgi/hooks/policy_enforcement.py:256
2018-09-17 05:02:58.186 29535 INFO neutron.wsgi [req-942ca565-4a9c-443d-b5b2-ff6bc56052cd 23e04251e35a4af8836d799cdbc6c009 4eeeddb45ad446a68ed4de7bd550932a - default default] 10.0.20.20 "GET /v2.0/subnets?id=83f6cae9-77fb-4e04-bdf4-c0101bcbd62a HTTP/1.1" status: 200  len: 839 time: 0.1934800
2018-09-17 05:02:58.366 29535 INFO neutron.wsgi [req-fc562c9e-857e-4b75-a32f-6c57fee18375 23e04251e35a4af8836d799cdbc6c009 4eeeddb45ad446a68ed4de7bd550932a - default default] 10.0.20.20 "GET /v2.0/ports?network_id=abd2fb5c-3a32-4476-886b-db7e83077629&device_owner=network%3Adhcp HTTP/1.1" status: 200  len: 1126 time: 0.1721771
2018-09-17 05:03:01.901 29548 DEBUG neutron.plugins.ml2.rpc [req-45c75426-b1e0-4421-ae39-2ed7f6c2b3e6 - - - - -] Device ab14d078-1f4d-4c9c-9087-bf9d7e0332e9 no longer exists at agent ovs-agent-localhost.localdomain update_device_down /usr/lib/python2.7/site-packages/neutron/plugins/ml2/rpc.py:213
2018-09-17 05:03:02.219 29548 DEBUG neutron_lib.callbacks.manager [req-45c75426-b1e0-4421-ae39-2ed7f6c2b3e6 - - - - -] Notify callbacks ['neutron.plugins.ml2.plugin.Ml2Plugin._ensure_default_security_group_handler--9223372036854430015'] for port, before_update _notify_loop /usr/lib/python2.7/site-packages/neutron_lib/callbacks/manager.py:167
2018-09-17 05:03:02.334 29548 DEBUG neutron.plugins.ml2.db [req-45c75426-b1e0-4421-ae39-2ed7f6c2b3e6 - - - - -] For port ab14d078-1f4d-4c9c-9087-bf9d7e0332e9, host localhost.localdomain, got binding levels [<neutron.plugins.ml2.models.PortBindingLevel[object at 7febcc4c4710] {port_id=u'ab14d078-1f4d-4c9c-9087-bf9d7e0332e9', host=u'localhost.localdomain', level=0, driver=u'openvswitch', segment_id=u'f0c6ece1-19b5-42df-a9e1-50ae08d3d2c0'}>] get_binding_levels /usr/lib/python2.7/site-packages/neutron/plugins/ml2/db.py:106
2018-09-17 05:03:02.338 29548 DEBUG oslo_concurrency.lockutils [-] Lock "notifier-edd92356-4712-479f-9494-6ad6c5a986ed" acquired by "neutron.notifiers.batch_notifier.synced_send" :: waited 0.001s inner /usr/lib/python2.7/site-packages/oslo_concurrency/lockutils.py:270
2018-09-17 05:03:02.339 29548 DEBUG neutron.notifiers.nova [-] Sending events: [{'status': 'completed', 'tag': u'ab14d078-1f4d-4c9c-9087-bf9d7e0332e9', 'name': 'network-vif-unplugged', 'server_uuid': u'34d487e6-b878-4f09-b3e8-cdb9b850031d'}] send_events /usr/lib/python2.7/site-packages/neutron/notifiers/nova.py:242
2018-09-17 05:03:02.357 29548 DEBUG neutron_lib.callbacks.manager [req-45c75426-b1e0-4421-ae39-2ed7f6c2b3e6 - - - - -] Notify callbacks ['neutron.api.rpc.agentnotifiers.dhcp_rpc_agent_api.DhcpAgentNotifyAPI._native_event_send_dhcp_notification-1371792', 'neutron.plugins.ml2.plugin.Ml2Plugin.notify_sg_on_port_change-345746', 'neutron.plugins.ml2.ovo_rpc._ObjectChangeHandler.handle_event--9223372036853188574', 'neutron.db.l3_hascheduler_db._notify_l3_agent_ha_port_update--9223363246184181718', 'neutron.db.l3_dvrscheduler_db._notify_l3_agent_port_update-8790670592983'] for port, after_update _notify_loop /usr/lib/python2.7/site-packages/neutron_lib/callbacks/manager.py:167
2018-09-17 05:03:02.405 29548 DEBUG oslo_concurrency.lockutils [-] Lock "event-dispatch" acquired by "neutron.plugins.ml2.ovo_rpc.dispatch_events" :: waited 0.000s inner /usr/lib/python2.7/site-packages/oslo_concurrency/lockutils.py:270
2018-09-17 05:03:02.621 29548 DEBUG neutron.api.rpc.handlers.resources_rpc [req-45c75426-b1e0-4421-ae39-2ed7f6c2b3e6 - - - - -] neutron.api.rpc.handlers.resources_rpc.ResourcesPushRpcApi method push called with arguments (<neutron_lib.context.Context object at 0x7febcc221990>, [Port(admin_state_up=True,allowed_address_pairs=[],binding=PortBinding,binding_levels=[PortBindingLevel],created_at=2018-09-17T08:59:03Z,data_plane_status=<?>,description='',device_id='34d487e6-b878-4f09-b3e8-cdb9b850031d',device_owner='compute:nova',dhcp_options=[],distributed_binding=None,dns=None,fixed_ips=[IPAllocation],id=ab14d078-1f4d-4c9c-9087-bf9d7e0332e9,mac_address=fa:16:3e:38:a0:7d,name='',network_id=abd2fb5c-3a32-4476-886b-db7e83077629,project_id='a11910cb45e943d98519759041aee97b',qos_policy_id=None,revision_number=7,security=PortSecurity(ab14d078-1f4d-4c9c-9087-bf9d7e0332e9),security_group_ids=set([c1ebbcd9-db79-4e7f-b1d1-8ecc4c0017a1]),status='DOWN',updated_at=2018-09-17T09:03:02Z)], 'updated') {} wrapper /usr/lib/python2.7/site-packages/oslo_log/helpers.py:66
2018-09-17 05:03:02.646 29548 DEBUG neutron.api.rpc.callbacks.version_manager [req-45c75426-b1e0-4421-ae39-2ed7f6c2b3e6 - - - - -] Version for resource type Subnet changed None to 1.0 on consumer Open vSwitch agent@localhost.localdomain _set_version /usr/lib/python2.7/site-packages/neutron/api/rpc/callbacks/version_manager.py:119
2018-09-17 05:03:02.647 29548 DEBUG neutron.api.rpc.callbacks.version_manager [req-45c75426-b1e0-4421-ae39-2ed7f6c2b3e6 - - - - -] Version for resource type Network changed None to 1.0 on consumer Open vSwitch agent@localhost.localdomain _set_version /usr/lib/python2.7/site-packages/neutron/api/rpc/callbacks/version_manager.py:119
2018-09-17 05:03:02.648 29548 DEBUG neutron.api.rpc.callbacks.version_manager [req-45c75426-b1e0-4421-ae39-2ed7f6c2b3e6 - - - - -] Version for resource type SubPort changed None to 1.0 on consumer Open vSwitch agent@localhost.localdomain _set_version /usr/lib/python2.7/site-packages/neutron/api/rpc/callbacks/version_manager.py:119
2018-09-17 05:03:02.649 29548 DEBUG neutron.api.rpc.callbacks.version_manager [req-45c75426-b1e0-4421-ae39-2ed7f6c2b3e6 - - - - -] Version for resource type SecurityGroup changed None to 1.0 on consumer Open vSwitch agent@localhost.localdomain _set_version /usr/lib/python2.7/site-packages/neutron/api/rpc/callbacks/version_manager.py:119
2018-09-17 05:03:02.650 29548 DEBUG neutron.api.rpc.callbacks.version_manager [req-45c75426-b1e0-4421-ae39-2ed7f6c2b3e6 - - - - -] Version for resource type SecurityGroupRule changed None to 1.0 on consumer Open vSwitch agent@localhost.localdomain _set_version /usr/lib/python2.7/site-packages/neutron/api/rpc/callbacks/version_manager.py:119
2018-09-17 05:03:02.651 29548 DEBUG neutron.api.rpc.callbacks.version_manager [req-45c75426-b1e0-4421-ae39-2ed7f6c2b3e6 - - - - -] Version for resource type Trunk changed None to 1.1 on consumer Open vSwitch agent@localhost.localdomain _set_version /usr/lib/python2.7/site-packages/neutron/api/rpc/callbacks/version_manager.py:119
2018-09-17 05:03:02.652 29548 DEBUG neutron.api.rpc.callbacks.version_manager [req-45c75426-b1e0-4421-ae39-2ed7f6c2b3e6 - - - - -] Version for resource type QosPolicy changed None to 1.6 on consumer Open vSwitch agent@localhost.localdomain _set_version /usr/lib/python2.7/site-packages/neutron/api/rpc/callbacks/version_manager.py:119
2018-09-17 05:03:02.653 29548 DEBUG neutron.api.rpc.callbacks.version_manager [req-45c75426-b1e0-4421-ae39-2ed7f6c2b3e6 - - - - -] Version for resource type Port changed None to 1.1 on consumer Open vSwitch agent@localhost.localdomain _set_version /usr/lib/python2.7/site-packages/neutron/api/rpc/callbacks/version_manager.py:119
2018-09-17 05:03:02.654 29548 DEBUG neutron.api.rpc.callbacks.version_manager [req-45c75426-b1e0-4421-ae39-2ed7f6c2b3e6 - - - - -] Version for resource type Log changed None to 1.0 on consumer Open vSwitch agent@localhost.localdomain _set_version /usr/lib/python2.7/site-packages/neutron/api/rpc/callbacks/version_manager.py:119
2018-09-17 05:03:02.681 29548 DEBUG oslo_concurrency.lockutils [req-45c75426-b1e0-4421-ae39-2ed7f6c2b3e6 - - - - -] Lock "event-dispatch" released by "neutron.plugins.ml2.ovo_rpc.dispatch_events" :: held 0.276s inner /usr/lib/python2.7/site-packages/oslo_concurrency/lockutils.py:282
2018-09-17 05:03:03.593 29548 DEBUG novaclient.v2.client [-] REQ: curl -g -i -X POST http://10.0.20.20:8774/v2.1/4eeeddb45ad446a68ed4de7bd550932a/os-server-external-events -H "User-Agent: python-novaclient" -H "Content-Type: application/json" -H "Accept: application/json" -H "X-OpenStack-Nova-API-Version: 2.1" -H "X-Auth-Token: {SHA1}5f4c24b58bc557ed02d13d1017b8697f0ccee5b1" -d '{"events": [{"status": "completed", "tag": "ab14d078-1f4d-4c9c-9087-bf9d7e0332e9", "name": "network-vif-unplugged", "server_uuid": "34d487e6-b878-4f09-b3e8-cdb9b850031d"}]}' _http_log_request /usr/lib/python2.7/site-packages/keystoneauth1/session.py:375
2018-09-17 05:03:03.923 29544 DEBUG neutron.plugins.ml2.rpc [req-45c75426-b1e0-4421-ae39-2ed7f6c2b3e6 - - - - -] Device ab14d078-1f4d-4c9c-9087-bf9d7e0332e9 up at agent ovs-agent-localhost.localdomain update_device_up /usr/lib/python2.7/site-packages/neutron/plugins/ml2/rpc.py:244
2018-09-17 05:03:04.131 29544 DEBUG neutron.db.provisioning_blocks [req-45c75426-b1e0-4421-ae39-2ed7f6c2b3e6 - - - - -] Provisioning complete for port ab14d078-1f4d-4c9c-9087-bf9d7e0332e9 triggered by entity L2. provisioning_complete /usr/lib/python2.7/site-packages/neutron/db/provisioning_blocks.py:138
2018-09-17 05:03:04.132 29544 DEBUG neutron_lib.callbacks.manager [req-45c75426-b1e0-4421-ae39-2ed7f6c2b3e6 - - - - -] Notify callbacks ['neutron.plugins.ml2.plugin.Ml2Plugin._port_provisioned--9223372036853841284'] for port, provisioning_complete _notify_loop /usr/lib/python2.7/site-packages/neutron_lib/callbacks/manager.py:167
2018-09-17 05:03:04.407 29552 DEBUG neutron.db.agents_db [req-55bd26b6-e9c0-4d30-8227-e9fd03ecaf8c - - - - -] Agent healthcheck: found 5 active agents agent_health_check /usr/lib/python2.7/site-packages/neutron/db/agents_db.py:281
2018-09-17 05:03:04.444 29544 DEBUG neutron_lib.callbacks.manager [req-45c75426-b1e0-4421-ae39-2ed7f6c2b3e6 - - - - -] Notify callbacks ['neutron.plugins.ml2.plugin.Ml2Plugin._ensure_default_security_group_handler--9223372036854430015'] for port, before_update _notify_loop /usr/lib/python2.7/site-packages/neutron_lib/callbacks/manager.py:167
2018-09-17 05:03:04.562 29544 DEBUG oslo_concurrency.lockutils [-] Lock "notifier-edd92356-4712-479f-9494-6ad6c5a986ed" acquired by "neutron.notifiers.batch_notifier.synced_send" :: waited 0.001s inner /usr/lib/python2.7/site-packages/oslo_concurrency/lockutils.py:270
2018-09-17 05:03:04.563 29544 DEBUG neutron.notifiers.nova [-] Sending events: [{'status': 'completed', 'tag': u'ab14d078-1f4d-4c9c-9087-bf9d7e0332e9', 'name': 'network-vif-plugged', 'server_uuid': u'34d487e6-b878-4f09-b3e8-cdb9b850031d'}] send_events /usr/lib/python2.7/site-packages/neutron/notifiers/nova.py:242
2018-09-17 05:03:04.576 29544 DEBUG neutron.plugins.ml2.db [req-45c75426-b1e0-4421-ae39-2ed7f6c2b3e6 - - - - -] For port ab14d078-1f4d-4c9c-9087-bf9d7e0332e9, host localhost.localdomain, got binding levels [<neutron.plugins.ml2.models.PortBindingLevel[object at 7febcc32c950] {port_id=u'ab14d078-1f4d-4c9c-9087-bf9d7e0332e9', host=u'localhost.localdomain', level=0, driver=u'openvswitch', segment_id=u'f0c6ece1-19b5-42df-a9e1-50ae08d3d2c0'}>] get_binding_levels /usr/lib/python2.7/site-packages/neutron/plugins/ml2/db.py:106
2018-09-17 05:03:04.604 29544 DEBUG neutron_lib.callbacks.manager [req-45c75426-b1e0-4421-ae39-2ed7f6c2b3e6 - - - - -] Notify callbacks ['neutron.api.rpc.agentnotifiers.dhcp_rpc_agent_api.DhcpAgentNotifyAPI._native_event_send_dhcp_notification-1371792', 'neutron.plugins.ml2.plugin.Ml2Plugin.notify_sg_on_port_change-345746', 'neutron.plugins.ml2.ovo_rpc._ObjectChangeHandler.handle_event--9223372036853188574', 'neutron.db.l3_hascheduler_db._notify_l3_agent_ha_port_update--9223363246184181718', 'neutron.db.l3_dvrscheduler_db._notify_l3_agent_port_update-8790670592983'] for port, after_update _notify_loop /usr/lib/python2.7/site-packages/neutron_lib/callbacks/manager.py:167
2018-09-17 05:03:04.670 29544 DEBUG oslo_concurrency.lockutils [-] Lock "event-dispatch" acquired by "neutron.plugins.ml2.ovo_rpc.dispatch_events" :: waited 0.000s inner /usr/lib/python2.7/site-packages/oslo_concurrency/lockutils.py:270
2018-09-17 05:03:04.677 29548 DEBUG novaclient.v2.client [-] RESP: [200] Content-Length: 185 Content-Type: application/json Openstack-Api-Version: compute 2.1 X-Openstack-Nova-Api-Version: 2.1 Vary: OpenStack-API-Version, X-OpenStack-Nova-API-Version X-Openstack-Request-Id: req-3268d3d1-32a9-455f-8e0d-bc9401740a5d X-Compute-Request-Id: req-3268d3d1-32a9-455f-8e0d-bc9401740a5d Date: Mon, 17 Sep 2018 09:03:04 GMT Connection: keep-alive 
RESP BODY: {"events": [{"status": "completed", "tag": "ab14d078-1f4d-4c9c-9087-bf9d7e0332e9", "name": "network-vif-unplugged", "server_uuid": "34d487e6-b878-4f09-b3e8-cdb9b850031d", "code": 200}]}
 _http_log_response /usr/lib/python2.7/site-packages/keystoneauth1/session.py:423
2018-09-17 05:03:04.678 29548 DEBUG novaclient.v2.client [-] POST call to compute for http://10.0.20.20:8774/v2.1/4eeeddb45ad446a68ed4de7bd550932a/os-server-external-events used request id req-3268d3d1-32a9-455f-8e0d-bc9401740a5d request /usr/lib/python2.7/site-packages/keystoneauth1/session.py:727
2018-09-17 05:03:04.691 29548 INFO neutron.notifiers.nova [-] Nova event response: {u'status': u'completed', u'tag': u'ab14d078-1f4d-4c9c-9087-bf9d7e0332e9', u'name': u'network-vif-unplugged', u'server_uuid': u'34d487e6-b878-4f09-b3e8-cdb9b850031d', u'code': 200}
2018-09-17 05:03:04.848 29544 DEBUG neutron.api.rpc.handlers.resources_rpc [req-45c75426-b1e0-4421-ae39-2ed7f6c2b3e6 - - - - -] neutron.api.rpc.handlers.resources_rpc.ResourcesPushRpcApi method push called with arguments (<neutron_lib.context.Context object at 0x7febcc4f3850>, [Port(admin_state_up=True,allowed_address_pairs=[],binding=PortBinding,binding_levels=[PortBindingLevel],created_at=2018-09-17T08:59:03Z,data_plane_status=<?>,description='',device_id='34d487e6-b878-4f09-b3e8-cdb9b850031d',device_owner='compute:nova',dhcp_options=[],distributed_binding=None,dns=None,fixed_ips=[IPAllocation],id=ab14d078-1f4d-4c9c-9087-bf9d7e0332e9,mac_address=fa:16:3e:38:a0:7d,name='',network_id=abd2fb5c-3a32-4476-886b-db7e83077629,project_id='a11910cb45e943d98519759041aee97b',qos_policy_id=None,revision_number=8,security=PortSecurity(ab14d078-1f4d-4c9c-9087-bf9d7e0332e9),security_group_ids=set([c1ebbcd9-db79-4e7f-b1d1-8ecc4c0017a1]),status='ACTIVE',updated_at=2018-09-17T09:03:04Z)], 'updated') {} wrapper /usr/lib/python2.7/site-packages/oslo_log/helpers.py:66
2018-09-17 05:03:04.864 29544 DEBUG neutron.api.rpc.callbacks.version_manager [req-45c75426-b1e0-4421-ae39-2ed7f6c2b3e6 - - - - -] Version for resource type Subnet changed None to 1.0 on consumer Open vSwitch agent@localhost.localdomain _set_version /usr/lib/python2.7/site-packages/neutron/api/rpc/callbacks/version_manager.py:119
2018-09-17 05:03:04.865 29544 DEBUG neutron.api.rpc.callbacks.version_manager [req-45c75426-b1e0-4421-ae39-2ed7f6c2b3e6 - - - - -] Version for resource type Network changed None to 1.0 on consumer Open vSwitch agent@localhost.localdomain _set_version /usr/lib/python2.7/site-packages/neutron/api/rpc/callbacks/version_manager.py:119
2018-09-17 05:03:04.866 29544 DEBUG neutron.api.rpc.callbacks.version_manager [req-45c75426-b1e0-4421-ae39-2ed7f6c2b3e6 - - - - -] Version for resource type SubPort changed None to 1.0 on consumer Open vSwitch agent@localhost.localdomain _set_version /usr/lib/python2.7/site-packages/neutron/api/rpc/callbacks/version_manager.py:119
2018-09-17 05:03:04.866 29544 DEBUG neutron.api.rpc.callbacks.version_manager [req-45c75426-b1e0-4421-ae39-2ed7f6c2b3e6 - - - - -] Version for resource type SecurityGroup changed None to 1.0 on consumer Open vSwitch agent@localhost.localdomain _set_version /usr/lib/python2.7/site-packages/neutron/api/rpc/callbacks/version_manager.py:119
2018-09-17 05:03:04.867 29544 DEBUG neutron.api.rpc.callbacks.version_manager [req-45c75426-b1e0-4421-ae39-2ed7f6c2b3e6 - - - - -] Version for resource type SecurityGroupRule changed None to 1.0 on consumer Open vSwitch agent@localhost.localdomain _set_version /usr/lib/python2.7/site-packages/neutron/api/rpc/callbacks/version_manager.py:119
