2018-09-29 02:55:12.182 28694 DEBUG nova.policy [req-c2a6e1bf-fa68-465e-8469-a51fd6574592 f5afe1b8aee948ab99be00f8a5a74e14 8961986b09aa454c91f8843d75e99a17 - default default] Policy check for os_compute_api:os-hide-server-addresses failed with credentials {'service_roles': [], 'user_id': u'f5afe1b8aee948ab99be00f8a5a74e14', 'roles': [u'ResellerAdmin', u'admin'], 'user_domain_id': u'default', 'service_project_id': None, 'service_user_id': None, 'service_user_domain_id': None, 'service_project_domain_id': None, 'is_admin_project': True, 'is_admin': True, 'project_id': u'8961986b09aa454c91f8843d75e99a17', 'project_domain_id': u'default'} authorize /usr/lib/python2.7/site-packages/nova/policy.py:168
2018-09-29 02:55:13.530 28694 INFO nova.osapi_compute.wsgi.server [req-c2a6e1bf-fa68-465e-8469-a51fd6574592 f5afe1b8aee948ab99be00f8a5a74e14 8961986b09aa454c91f8843d75e99a17 - default default] 10.0.20.27 "GET /v2.1/8961986b09aa454c91f8843d75e99a17/servers/detail?all_tenants=True&changes-since=2018-09-29T06%3A50%3A12.574544%2B00%3A00 HTTP/1.1" status: 200 len: 2209 time: 1.9434619
2018-09-29 02:55:27.223 28691 DEBUG nova.osapi_compute.wsgi.server [req-6b2899b0-5b71-4f76-b5e4-3f422c12501f - - - - -] (28691) accepted ('10.0.20.27', 50508) server /usr/lib/python2.7/site-packages/eventlet/wsgi.py:883
2018-09-29 02:55:27.239 28691 WARNING keystonemiddleware.auth_token [req-6b2899b0-5b71-4f76-b5e4-3f422c12501f - - - - -] Using the in-process token cache is deprecated as of the 4.2.0 release and may be removed in the 5.0.0 release or the 'O' development cycle. The in-process cache causes inconsistent results and high memory usage. When the feature is removed the auth_token middleware will not cache tokens by default which may result in performance issues. It is recommended to use  memcache for the auth_token token cache by setting the memcached_servers option.
2018-09-29 02:55:28.989 28691 DEBUG nova.api.openstack.wsgi [req-ddbce62b-3ec6-4cbd-877a-a662dae6825c 08619b608cd947b1b41fbd92082556df c95dedb8775b4b658ff6d91908ac2d45 - 0b13519dedd542d78a3039fd56b0fb66 0b13519dedd542d78a3039fd56b0fb66] Calling method '<bound method ServersController.show of <nova.api.openstack.compute.servers.ServersController object at 0x7fd154657990>>' _process_stack /usr/lib/python2.7/site-packages/nova/api/openstack/wsgi.py:612
2018-09-29 02:55:28.992 28691 DEBUG nova.compute.api [req-ddbce62b-3ec6-4cbd-877a-a662dae6825c 08619b608cd947b1b41fbd92082556df c95dedb8775b4b658ff6d91908ac2d45 - 0b13519dedd542d78a3039fd56b0fb66 0b13519dedd542d78a3039fd56b0fb66] Failed to fetch instance by id tempest-INSTANCE_SAMPLE-1538203837 get /usr/lib/python2.7/site-packages/nova/compute/api.py:2329
2018-09-29 02:55:28.994 28691 INFO nova.api.openstack.wsgi [req-ddbce62b-3ec6-4cbd-877a-a662dae6825c 08619b608cd947b1b41fbd92082556df c95dedb8775b4b658ff6d91908ac2d45 - 0b13519dedd542d78a3039fd56b0fb66 0b13519dedd542d78a3039fd56b0fb66] HTTP exception thrown: Instance tempest-INSTANCE_SAMPLE-1538203837 could not be found.
2018-09-29 02:55:28.995 28691 DEBUG nova.api.openstack.wsgi [req-ddbce62b-3ec6-4cbd-877a-a662dae6825c 08619b608cd947b1b41fbd92082556df c95dedb8775b4b658ff6d91908ac2d45 - 0b13519dedd542d78a3039fd56b0fb66 0b13519dedd542d78a3039fd56b0fb66] Returning 404 to user: Instance tempest-INSTANCE_SAMPLE-1538203837 could not be found. __call__ /usr/lib/python2.7/site-packages/nova/api/openstack/wsgi.py:1029
2018-09-29 02:55:28.999 28691 INFO nova.osapi_compute.wsgi.server [req-ddbce62b-3ec6-4cbd-877a-a662dae6825c 08619b608cd947b1b41fbd92082556df c95dedb8775b4b658ff6d91908ac2d45 - 0b13519dedd542d78a3039fd56b0fb66 0b13519dedd542d78a3039fd56b0fb66] 10.0.20.27 "GET /v2.1/c95dedb8775b4b658ff6d91908ac2d45/servers/tempest-INSTANCE_SAMPLE-1538203837 HTTP/1.1" status: 404 len: 530 time: 1.7685041
2018-09-29 02:55:29.031 28691 DEBUG nova.api.openstack.wsgi [req-373fa23a-810a-43da-ae71-b23dfa8e5adc 08619b608cd947b1b41fbd92082556df c95dedb8775b4b658ff6d91908ac2d45 - 0b13519dedd542d78a3039fd56b0fb66 0b13519dedd542d78a3039fd56b0fb66] Calling method '<bound method ServersController.index of <nova.api.openstack.compute.servers.ServersController object at 0x7fd154780510>>' _process_stack /usr/lib/python2.7/site-packages/nova/api/openstack/wsgi.py:612
2018-09-29 02:55:29.037 28691 DEBUG nova.compute.api [req-373fa23a-810a-43da-ae71-b23dfa8e5adc 08619b608cd947b1b41fbd92082556df c95dedb8775b4b658ff6d91908ac2d45 - 0b13519dedd542d78a3039fd56b0fb66 0b13519dedd542d78a3039fd56b0fb66] Searching by: {'deleted': False, 'project_id': u'c95dedb8775b4b658ff6d91908ac2d45', u'name': u'tempest-INSTANCE_SAMPLE-1538203837'} get_all /usr/lib/python2.7/site-packages/nova/compute/api.py:2356
2018-09-29 02:55:29.077 28691 DEBUG oslo_db.sqlalchemy.engines [req-373fa23a-810a-43da-ae71-b23dfa8e5adc 08619b608cd947b1b41fbd92082556df c95dedb8775b4b658ff6d91908ac2d45 - 0b13519dedd542d78a3039fd56b0fb66 0b13519dedd542d78a3039fd56b0fb66] MySQL server mode set to STRICT_TRANS_TABLES,STRICT_ALL_TABLES,NO_ZERO_IN_DATE,NO_ZERO_DATE,ERROR_FOR_DIVISION_BY_ZERO,TRADITIONAL,NO_AUTO_CREATE_USER,NO_ENGINE_SUBSTITUTION _check_effective_sql_mode /usr/lib/python2.7/site-packages/oslo_db/sqlalchemy/engines.py:285
2018-09-29 02:55:29.124 28691 DEBUG oslo_concurrency.lockutils [req-373fa23a-810a-43da-ae71-b23dfa8e5adc 08619b608cd947b1b41fbd92082556df c95dedb8775b4b658ff6d91908ac2d45 - 0b13519dedd542d78a3039fd56b0fb66 0b13519dedd542d78a3039fd56b0fb66] Lock "00000000-0000-0000-0000-000000000000" acquired by "nova.context.get_or_set_cached_cell_and_set_connections" :: waited 0.001s inner /usr/lib/python2.7/site-packages/oslo_concurrency/lockutils.py:270
2018-09-29 02:55:29.127 28691 DEBUG oslo_concurrency.lockutils [req-373fa23a-810a-43da-ae71-b23dfa8e5adc 08619b608cd947b1b41fbd92082556df c95dedb8775b4b658ff6d91908ac2d45 - 0b13519dedd542d78a3039fd56b0fb66 0b13519dedd542d78a3039fd56b0fb66] Lock "00000000-0000-0000-0000-000000000000" released by "nova.context.get_or_set_cached_cell_and_set_connections" :: held 0.003s inner /usr/lib/python2.7/site-packages/oslo_concurrency/lockutils.py:282
2018-09-29 02:55:29.151 28691 DEBUG oslo_db.sqlalchemy.engines [req-373fa23a-810a-43da-ae71-b23dfa8e5adc 08619b608cd947b1b41fbd92082556df c95dedb8775b4b658ff6d91908ac2d45 - 0b13519dedd542d78a3039fd56b0fb66 0b13519dedd542d78a3039fd56b0fb66] MySQL server mode set to STRICT_TRANS_TABLES,STRICT_ALL_TABLES,NO_ZERO_IN_DATE,NO_ZERO_DATE,ERROR_FOR_DIVISION_BY_ZERO,TRADITIONAL,NO_AUTO_CREATE_USER,NO_ENGINE_SUBSTITUTION _check_effective_sql_mode /usr/lib/python2.7/site-packages/oslo_db/sqlalchemy/engines.py:285
2018-09-29 02:55:29.166 28721 DEBUG nova.metadata.wsgi.server [req-6b2899b0-5b71-4f76-b5e4-3f422c12501f - - - - -] (28721) accepted ('10.0.20.27', 34900) server /usr/lib/python2.7/site-packages/eventlet/wsgi.py:883
2018-09-29 02:55:29.239 28721 DEBUG oslo_db.sqlalchemy.engines [req-6b2899b0-5b71-4f76-b5e4-3f422c12501f - - - - -] MySQL server mode set to STRICT_TRANS_TABLES,STRICT_ALL_TABLES,NO_ZERO_IN_DATE,NO_ZERO_DATE,ERROR_FOR_DIVISION_BY_ZERO,TRADITIONAL,NO_AUTO_CREATE_USER,NO_ENGINE_SUBSTITUTION _check_effective_sql_mode /usr/lib/python2.7/site-packages/oslo_db/sqlalchemy/engines.py:285
2018-09-29 02:55:29.279 28691 DEBUG nova.compute.api [req-373fa23a-810a-43da-ae71-b23dfa8e5adc 08619b608cd947b1b41fbd92082556df c95dedb8775b4b658ff6d91908ac2d45 - 0b13519dedd542d78a3039fd56b0fb66 0b13519dedd542d78a3039fd56b0fb66] Found 2 cells: 00000000-0000-0000-0000-000000000000(cell0),b4cf805b-f6f1-4a21-9579-857adb7abc84(default) load_cells /usr/lib/python2.7/site-packages/nova/compute/api.py:236
2018-09-29 02:55:29.280 28691 DEBUG nova.compute.api [req-373fa23a-810a-43da-ae71-b23dfa8e5adc 08619b608cd947b1b41fbd92082556df c95dedb8775b4b658ff6d91908ac2d45 - 0b13519dedd542d78a3039fd56b0fb66 0b13519dedd542d78a3039fd56b0fb66] Skipping already-collected cell0 list _get_instances_by_filters_all_cells /usr/lib/python2.7/site-packages/nova/compute/api.py:2556
2018-09-29 02:55:29.281 28691 DEBUG nova.compute.api [req-373fa23a-810a-43da-ae71-b23dfa8e5adc 08619b608cd947b1b41fbd92082556df c95dedb8775b4b658ff6d91908ac2d45 - 0b13519dedd542d78a3039fd56b0fb66 0b13519dedd542d78a3039fd56b0fb66] Listing 1000 instances in cell b4cf805b-f6f1-4a21-9579-857adb7abc84(default) _get_instances_by_filters_all_cells /usr/lib/python2.7/site-packages/nova/compute/api.py:2559
2018-09-29 02:55:29.283 28691 DEBUG oslo_concurrency.lockutils [req-373fa23a-810a-43da-ae71-b23dfa8e5adc 08619b608cd947b1b41fbd92082556df c95dedb8775b4b658ff6d91908ac2d45 - 0b13519dedd542d78a3039fd56b0fb66 0b13519dedd542d78a3039fd56b0fb66] Lock "b4cf805b-f6f1-4a21-9579-857adb7abc84" acquired by "nova.context.get_or_set_cached_cell_and_set_connections" :: waited 0.000s inner /usr/lib/python2.7/site-packages/oslo_concurrency/lockutils.py:270
2018-09-29 02:55:29.291 28691 DEBUG oslo_concurrency.lockutils [req-373fa23a-810a-43da-ae71-b23dfa8e5adc 08619b608cd947b1b41fbd92082556df c95dedb8775b4b658ff6d91908ac2d45 - 0b13519dedd542d78a3039fd56b0fb66 0b13519dedd542d78a3039fd56b0fb66] Lock "b4cf805b-f6f1-4a21-9579-857adb7abc84" released by "nova.context.get_or_set_cached_cell_and_set_connections" :: held 0.008s inner /usr/lib/python2.7/site-packages/oslo_concurrency/lockutils.py:282
2018-09-29 02:55:29.296 28721 DEBUG oslo_concurrency.lockutils [req-fb2ac070-4a9c-4efb-85e7-2beee0fabb28 - - - - -] Lock "b4cf805b-f6f1-4a21-9579-857adb7abc84" acquired by "nova.context.get_or_set_cached_cell_and_set_connections" :: waited 0.000s inner /usr/lib/python2.7/site-packages/oslo_concurrency/lockutils.py:270
2018-09-29 02:55:29.304 28721 DEBUG oslo_concurrency.lockutils [req-fb2ac070-4a9c-4efb-85e7-2beee0fabb28 - - - - -] Lock "b4cf805b-f6f1-4a21-9579-857adb7abc84" released by "nova.context.get_or_set_cached_cell_and_set_connections" :: held 0.007s inner /usr/lib/python2.7/site-packages/oslo_concurrency/lockutils.py:282
2018-09-29 02:55:29.313 28691 DEBUG oslo_db.sqlalchemy.engines [req-373fa23a-810a-43da-ae71-b23dfa8e5adc 08619b608cd947b1b41fbd92082556df c95dedb8775b4b658ff6d91908ac2d45 - 0b13519dedd542d78a3039fd56b0fb66 0b13519dedd542d78a3039fd56b0fb66] MySQL server mode set to STRICT_TRANS_TABLES,STRICT_ALL_TABLES,NO_ZERO_IN_DATE,NO_ZERO_DATE,ERROR_FOR_DIVISION_BY_ZERO,TRADITIONAL,NO_AUTO_CREATE_USER,NO_ENGINE_SUBSTITUTION _check_effective_sql_mode /usr/lib/python2.7/site-packages/oslo_db/sqlalchemy/engines.py:285
2018-09-29 02:55:29.325 28721 DEBUG oslo_db.sqlalchemy.engines [req-fb2ac070-4a9c-4efb-85e7-2beee0fabb28 - - - - -] MySQL server mode set to STRICT_TRANS_TABLES,STRICT_ALL_TABLES,NO_ZERO_IN_DATE,NO_ZERO_DATE,ERROR_FOR_DIVISION_BY_ZERO,TRADITIONAL,NO_AUTO_CREATE_USER,NO_ENGINE_SUBSTITUTION _check_effective_sql_mode /usr/lib/python2.7/site-packages/oslo_db/sqlalchemy/engines.py:285
2018-09-29 02:55:29.422 28691 INFO nova.osapi_compute.wsgi.server [req-373fa23a-810a-43da-ae71-b23dfa8e5adc 08619b608cd947b1b41fbd92082556df c95dedb8775b4b658ff6d91908ac2d45 - 0b13519dedd542d78a3039fd56b0fb66 0b13519dedd542d78a3039fd56b0fb66] 10.0.20.27 "GET /v2.1/c95dedb8775b4b658ff6d91908ac2d45/servers?name=tempest-INSTANCE_SAMPLE-1538203837 HTTP/1.1" status: 200 len: 784 time: 0.3993750
2018-09-29 02:55:29.450 28691 DEBUG nova.api.openstack.wsgi [req-47fe135c-36c2-4b7e-bc29-e8427004db78 08619b608cd947b1b41fbd92082556df c95dedb8775b4b658ff6d91908ac2d45 - 0b13519dedd542d78a3039fd56b0fb66 0b13519dedd542d78a3039fd56b0fb66] Calling method '<bound method ServersController.show of <nova.api.openstack.compute.servers.ServersController object at 0x7fd154657990>>' _process_stack /usr/lib/python2.7/site-packages/nova/api/openstack/wsgi.py:612
2018-09-29 02:55:29.451 28691 DEBUG nova.compute.api [req-47fe135c-36c2-4b7e-bc29-e8427004db78 08619b608cd947b1b41fbd92082556df c95dedb8775b4b658ff6d91908ac2d45 - 0b13519dedd542d78a3039fd56b0fb66 0b13519dedd542d78a3039fd56b0fb66] [instance: 41f36df7-17b4-4fd1-af72-a052e3dcbd4d] Fetching instance by UUID get /usr/lib/python2.7/site-packages/nova/compute/api.py:2324
2018-09-29 02:55:29.481 28691 DEBUG oslo_concurrency.lockutils [req-47fe135c-36c2-4b7e-bc29-e8427004db78 08619b608cd947b1b41fbd92082556df c95dedb8775b4b658ff6d91908ac2d45 - 0b13519dedd542d78a3039fd56b0fb66 0b13519dedd542d78a3039fd56b0fb66] Lock "b4cf805b-f6f1-4a21-9579-857adb7abc84" acquired by "nova.context.get_or_set_cached_cell_and_set_connections" :: waited 0.000s inner /usr/lib/python2.7/site-packages/oslo_concurrency/lockutils.py:270
2018-09-29 02:55:29.482 28691 DEBUG oslo_concurrency.lockutils [req-47fe135c-36c2-4b7e-bc29-e8427004db78 08619b608cd947b1b41fbd92082556df c95dedb8775b4b658ff6d91908ac2d45 - 0b13519dedd542d78a3039fd56b0fb66 0b13519dedd542d78a3039fd56b0fb66] Lock "b4cf805b-f6f1-4a21-9579-857adb7abc84" released by "nova.context.get_or_set_cached_cell_and_set_connections" :: held 0.001s inner /usr/lib/python2.7/site-packages/oslo_concurrency/lockutils.py:282
2018-09-29 02:55:30.016 28691 DEBUG nova.policy [req-47fe135c-36c2-4b7e-bc29-e8427004db78 08619b608cd947b1b41fbd92082556df c95dedb8775b4b658ff6d91908ac2d45 - 0b13519dedd542d78a3039fd56b0fb66 0b13519dedd542d78a3039fd56b0fb66] Policy check for os_compute_api:os-hide-server-addresses failed with credentials {'service_roles': [], 'user_id': u'08619b608cd947b1b41fbd92082556df', 'roles': [u'admin'], 'user_domain_id': u'0b13519dedd542d78a3039fd56b0fb66', 'service_project_id': None, 'service_user_id': None, 'service_user_domain_id': None, 'service_project_domain_id': None, 'is_admin_project': True, 'is_admin': True, 'project_id': u'c95dedb8775b4b658ff6d91908ac2d45', 'project_domain_id': u'0b13519dedd542d78a3039fd56b0fb66'} authorize /usr/lib/python2.7/site-packages/nova/policy.py:168
2018-09-29 02:55:31.196 28691 INFO nova.osapi_compute.wsgi.server [req-47fe135c-36c2-4b7e-bc29-e8427004db78 08619b608cd947b1b41fbd92082556df c95dedb8775b4b658ff6d91908ac2d45 - 0b13519dedd542d78a3039fd56b0fb66 0b13519dedd542d78a3039fd56b0fb66] 10.0.20.27 "GET /v2.1/c95dedb8775b4b658ff6d91908ac2d45/servers/41f36df7-17b4-4fd1-af72-a052e3dcbd4d HTTP/1.1" status: 200 len: 2206 time: 1.7523692
2018-09-29 02:55:31.219 28691 DEBUG nova.api.openstack.wsgi [req-2da7177c-6570-4b42-bdf6-fd5fb8a80761 08619b608cd947b1b41fbd92082556df c95dedb8775b4b658ff6d91908ac2d45 - 0b13519dedd542d78a3039fd56b0fb66 0b13519dedd542d78a3039fd56b0fb66] Action: 'action', calling method: <function version_select at 0x7fd1546a9b18>, body: {"addFloatingIp": {"address": "172.24.4.13"}} _process_stack /usr/lib/python2.7/site-packages/nova/api/openstack/wsgi.py:609
2018-09-29 02:55:31.222 28691 DEBUG nova.compute.api [req-2da7177c-6570-4b42-bdf6-fd5fb8a80761 08619b608cd947b1b41fbd92082556df c95dedb8775b4b658ff6d91908ac2d45 - 0b13519dedd542d78a3039fd56b0fb66 0b13519dedd542d78a3039fd56b0fb66] [instance: 41f36df7-17b4-4fd1-af72-a052e3dcbd4d] Fetching instance by UUID get /usr/lib/python2.7/site-packages/nova/compute/api.py:2324
2018-09-29 02:55:31.235 28691 DEBUG oslo_concurrency.lockutils [req-2da7177c-6570-4b42-bdf6-fd5fb8a80761 08619b608cd947b1b41fbd92082556df c95dedb8775b4b658ff6d91908ac2d45 - 0b13519dedd542d78a3039fd56b0fb66 0b13519dedd542d78a3039fd56b0fb66] Lock "b4cf805b-f6f1-4a21-9579-857adb7abc84" acquired by "nova.context.get_or_set_cached_cell_and_set_connections" :: waited 0.000s inner /usr/lib/python2.7/site-packages/oslo_concurrency/lockutils.py:270
2018-09-29 02:55:31.235 28691 DEBUG oslo_concurrency.lockutils [req-2da7177c-6570-4b42-bdf6-fd5fb8a80761 08619b608cd947b1b41fbd92082556df c95dedb8775b4b658ff6d91908ac2d45 - 0b13519dedd542d78a3039fd56b0fb66 0b13519dedd542d78a3039fd56b0fb66] Lock "b4cf805b-f6f1-4a21-9579-857adb7abc84" released by "nova.context.get_or_set_cached_cell_and_set_connections" :: held 0.001s inner /usr/lib/python2.7/site-packages/oslo_concurrency/lockutils.py:282
2018-09-29 02:55:31.254 28721 WARNING oslo_config.cfg [req-fb2ac070-4a9c-4efb-85e7-2beee0fabb28 - - - - -] Option "dhcp_domain" from group "DEFAULT" is deprecated for removal (
nova-network is deprecated, as are any related configuration options.
).  Its value may be silently ignored in the future.
2018-09-29 02:55:31.256 28721 INFO nova.metadata.wsgi.server [req-fb2ac070-4a9c-4efb-85e7-2beee0fabb28 - - - - -] 11.42.1.12,10.0.20.27 "GET /2009-04-04/meta-data/instance-id HTTP/1.1" status: 200 len: 127 time: 2.0737250
2018-09-29 02:55:31.340 28691 DEBUG oslo_concurrency.lockutils [req-2da7177c-6570-4b42-bdf6-fd5fb8a80761 08619b608cd947b1b41fbd92082556df c95dedb8775b4b658ff6d91908ac2d45 - 0b13519dedd542d78a3039fd56b0fb66 0b13519dedd542d78a3039fd56b0fb66] Acquired semaphore "refresh_cache-41f36df7-17b4-4fd1-af72-a052e3dcbd4d" lock /usr/lib/python2.7/site-packages/oslo_concurrency/lockutils.py:212
2018-09-29 02:55:32.306 28723 DEBUG nova.metadata.wsgi.server [req-6b2899b0-5b71-4f76-b5e4-3f422c12501f - - - - -] (28723) accepted ('10.0.20.27', 34930) server /usr/lib/python2.7/site-packages/eventlet/wsgi.py:883
2018-09-29 02:55:32.382 28723 DEBUG oslo_db.sqlalchemy.engines [req-6b2899b0-5b71-4f76-b5e4-3f422c12501f - - - - -] MySQL server mode set to STRICT_TRANS_TABLES,STRICT_ALL_TABLES,NO_ZERO_IN_DATE,NO_ZERO_DATE,ERROR_FOR_DIVISION_BY_ZERO,TRADITIONAL,NO_AUTO_CREATE_USER,NO_ENGINE_SUBSTITUTION _check_effective_sql_mode /usr/lib/python2.7/site-packages/oslo_db/sqlalchemy/engines.py:285
2018-09-29 02:55:32.443 28723 DEBUG oslo_concurrency.lockutils [req-b23aa0bf-58f8-4ab5-aa01-793fa8b360b1 - - - - -] Lock "b4cf805b-f6f1-4a21-9579-857adb7abc84" acquired by "nova.context.get_or_set_cached_cell_and_set_connections" :: waited 0.000s inner /usr/lib/python2.7/site-packages/oslo_concurrency/lockutils.py:270
2018-09-29 02:55:32.455 28723 DEBUG oslo_concurrency.lockutils [req-b23aa0bf-58f8-4ab5-aa01-793fa8b360b1 - - - - -] Lock "b4cf805b-f6f1-4a21-9579-857adb7abc84" released by "nova.context.get_or_set_cached_cell_and_set_connections" :: held 0.012s inner /usr/lib/python2.7/site-packages/oslo_concurrency/lockutils.py:282
2018-09-29 02:55:32.479 28723 DEBUG oslo_db.sqlalchemy.engines [req-b23aa0bf-58f8-4ab5-aa01-793fa8b360b1 - - - - -] MySQL server mode set to STRICT_TRANS_TABLES,STRICT_ALL_TABLES,NO_ZERO_IN_DATE,NO_ZERO_DATE,ERROR_FOR_DIVISION_BY_ZERO,TRADITIONAL,NO_AUTO_CREATE_USER,NO_ENGINE_SUBSTITUTION _check_effective_sql_mode /usr/lib/python2.7/site-packages/oslo_db/sqlalchemy/engines.py:285
2018-09-29 02:55:33.075 28691 DEBUG nova.network.neutronv2.api [req-2da7177c-6570-4b42-bdf6-fd5fb8a80761 08619b608cd947b1b41fbd92082556df c95dedb8775b4b658ff6d91908ac2d45 - 0b13519dedd542d78a3039fd56b0fb66 0b13519dedd542d78a3039fd56b0fb66] [instance: 41f36df7-17b4-4fd1-af72-a052e3dcbd4d] _get_instance_nw_info() _get_instance_nw_info /usr/lib/python2.7/site-packages/nova/network/neutronv2/api.py:1315
2018-09-29 02:55:33.088 28694 DEBUG nova.api.openstack.wsgi [req-744c4072-4968-4346-8265-156dd0649080 188c109c57d64c60913702830ccfec0b 8961986b09aa454c91f8843d75e99a17 - default default] Action: 'create', calling method: <bound method ServerExternalEventsController.create of <nova.api.openstack.compute.server_external_events.ServerExternalEventsController object at 0x7fd1549077d0>>, body: {"events": [{"tag": "3802e3fb-8e88-4a1b-b262-673637a5c52a", "name": "network-changed", "server_uuid": "41f36df7-17b4-4fd1-af72-a052e3dcbd4d"}]} _process_stack /usr/lib/python2.7/site-packages/nova/api/openstack/wsgi.py:609
2018-09-29 02:55:33.103 28694 DEBUG oslo_concurrency.lockutils [req-744c4072-4968-4346-8265-156dd0649080 188c109c57d64c60913702830ccfec0b 8961986b09aa454c91f8843d75e99a17 - default default] Lock "b4cf805b-f6f1-4a21-9579-857adb7abc84" acquired by "nova.context.get_or_set_cached_cell_and_set_connections" :: waited 0.000s inner /usr/lib/python2.7/site-packages/oslo_concurrency/lockutils.py:270
2018-09-29 02:55:33.104 28694 DEBUG oslo_concurrency.lockutils [req-744c4072-4968-4346-8265-156dd0649080 188c109c57d64c60913702830ccfec0b 8961986b09aa454c91f8843d75e99a17 - default default] Lock "b4cf805b-f6f1-4a21-9579-857adb7abc84" released by "nova.context.get_or_set_cached_cell_and_set_connections" :: held 0.001s inner /usr/lib/python2.7/site-packages/oslo_concurrency/lockutils.py:282
2018-09-29 02:55:33.133 28694 INFO nova.api.openstack.compute.server_external_events [req-744c4072-4968-4346-8265-156dd0649080 188c109c57d64c60913702830ccfec0b 8961986b09aa454c91f8843d75e99a17 - default default] Creating event network-changed:3802e3fb-8e88-4a1b-b262-673637a5c52a for instance 41f36df7-17b4-4fd1-af72-a052e3dcbd4d on localhost.localdomain
2018-09-29 02:55:33.160 28694 INFO nova.osapi_compute.wsgi.server [req-744c4072-4968-4346-8265-156dd0649080 188c109c57d64c60913702830ccfec0b 8961986b09aa454c91f8843d75e99a17 - default default] 10.0.20.27 "POST /v2.1/8961986b09aa454c91f8843d75e99a17/os-server-external-events HTTP/1.1" status: 200 len: 578 time: 0.0810380
2018-09-29 02:55:34.417 28723 WARNING oslo_config.cfg [req-b23aa0bf-58f8-4ab5-aa01-793fa8b360b1 - - - - -] Option "dhcp_domain" from group "DEFAULT" is deprecated for removal (
nova-network is deprecated, as are any related configuration options.
).  Its value may be silently ignored in the future.
2018-09-29 02:55:34.421 28723 INFO nova.metadata.wsgi.server [req-b23aa0bf-58f8-4ab5-aa01-793fa8b360b1 - - - - -] 11.42.1.12,10.0.20.27 "GET /2009-04-04/meta-data/public-keys HTTP/1.1" status: 200 len: 152 time: 2.0965562
2018-09-29 02:55:34.616 28721 DEBUG nova.metadata.wsgi.server [req-fb2ac070-4a9c-4efb-85e7-2beee0fabb28 - - - - -] (28721) accepted ('10.0.20.27', 34958) server /usr/lib/python2.7/site-packages/eventlet/wsgi.py:883
2018-09-29 02:55:34.619 28721 DEBUG nova.api.metadata.handler [req-fb2ac070-4a9c-4efb-85e7-2beee0fabb28 - - - - -] Using cached metadata for instance 41f36df7-17b4-4fd1-af72-a052e3dcbd4d get_metadata_by_instance_id /usr/lib/python2.7/site-packages/nova/api/metadata/handler.py:78
2018-09-29 02:55:34.620 28721 INFO nova.metadata.wsgi.server [req-fb2ac070-4a9c-4efb-85e7-2beee0fabb28 - - - - -] 11.42.1.12,10.0.20.27 "GET /2009-04-04/meta-data/public-keys/0/openssh-key HTTP/1.1" status: 200 len: 526 time: 0.0020180
2018-09-29 02:55:35.384 28691 DEBUG nova.network.base_api [req-2da7177c-6570-4b42-bdf6-fd5fb8a80761 08619b608cd947b1b41fbd92082556df c95dedb8775b4b658ff6d91908ac2d45 - 0b13519dedd542d78a3039fd56b0fb66 0b13519dedd542d78a3039fd56b0fb66] [instance: 41f36df7-17b4-4fd1-af72-a052e3dcbd4d] Updating instance_info_cache with network_info: [{"profile": {}, "ovs_interfaceid": "3802e3fb-8e88-4a1b-b262-673637a5c52a", "preserve_on_delete": false, "network": {"bridge": "br-int", "subnets": [{"ips": [{"meta": {}, "version": 4, "type": "fixed", "floating_ips": [{"meta": {}, "version": 4, "type": "floating", "address": "172.24.4.13"}], "address": "11.42.1.12"}], "version": 4, "meta": {"dhcp_server": "11.42.1.2"}, "dns": [{"meta": {}, "version": 4, "type": "dns", "address": "8.8.4.4"}], "routes": [], "cidr": "11.42.1.0/24", "gateway": {"meta": {}, "version": 4, "type": "gateway", "address": "11.42.1.1"}}], "meta": {"injected": false, "tenant_id": "c95dedb8775b4b658ff6d91908ac2d45", "mtu": 1450}, "id": "14934d48-fd62-4f09-b515-50cc7f988c2f", "label": "tempest-private-1538203837"}, "devname": "tap3802e3fb-8e", "vnic_type": "normal", "qbh_params": null, "meta": {}, "details": {"port_filter": true, "datapath_type": "system", "ovs_hybrid_plug": true}, "address": "fa:16:3e:c2:25:bf", "active": true, "type": "ovs", "id": "3802e3fb-8e88-4a1b-b262-673637a5c52a", "qbg_params": null}] update_instance_cache_with_nw_info /usr/lib/python2.7/site-packages/nova/network/base_api.py:48
2018-09-29 02:55:35.412 28691 DEBUG oslo_concurrency.lockutils [req-2da7177c-6570-4b42-bdf6-fd5fb8a80761 08619b608cd947b1b41fbd92082556df c95dedb8775b4b658ff6d91908ac2d45 - 0b13519dedd542d78a3039fd56b0fb66 0b13519dedd542d78a3039fd56b0fb66] Releasing semaphore "refresh_cache-41f36df7-17b4-4fd1-af72-a052e3dcbd4d" lock /usr/lib/python2.7/site-packages/oslo_concurrency/lockutils.py:225
2018-09-29 02:55:35.415 28691 INFO nova.osapi_compute.wsgi.server [req-2da7177c-6570-4b42-bdf6-fd5fb8a80761 08619b608cd947b1b41fbd92082556df c95dedb8775b4b658ff6d91908ac2d45 - 0b13519dedd542d78a3039fd56b0fb66 0b13519dedd542d78a3039fd56b0fb66] 10.0.20.27 "POST /v2.1/c95dedb8775b4b658ff6d91908ac2d45/servers/41f36df7-17b4-4fd1-af72-a052e3dcbd4d/action HTTP/1.1" status: 202 len: 411 time: 4.2031941
2018-09-29 02:55:35.581 28721 DEBUG nova.metadata.wsgi.server [req-fb2ac070-4a9c-4efb-85e7-2beee0fabb28 - - - - -] (28721) accepted ('10.0.20.27', 34970) server /usr/lib/python2.7/site-packages/eventlet/wsgi.py:883
2018-09-29 02:55:35.586 28721 DEBUG nova.api.metadata.handler [req-fb2ac070-4a9c-4efb-85e7-2beee0fabb28 - - - - -] Using cached metadata for instance 41f36df7-17b4-4fd1-af72-a052e3dcbd4d get_metadata_by_instance_id /usr/lib/python2.7/site-packages/nova/api/metadata/handler.py:78
2018-09-29 02:55:35.590 28721 INFO nova.metadata.wsgi.server [req-fb2ac070-4a9c-4efb-85e7-2beee0fabb28 - - - - -] 11.42.1.12,10.0.20.27 "GET /2009-04-04/meta-data/instance-id HTTP/1.1" status: 200 len: 127 time: 0.0049410
2018-09-29 02:55:35.867 28723 DEBUG nova.metadata.wsgi.server [req-b23aa0bf-58f8-4ab5-aa01-793fa8b360b1 - - - - -] (28723) accepted ('10.0.20.27', 34972) server /usr/lib/python2.7/site-packages/eventlet/wsgi.py:883
2018-09-29 02:55:35.870 28723 DEBUG nova.api.metadata.handler [req-b23aa0bf-58f8-4ab5-aa01-793fa8b360b1 - - - - -] Using cached metadata for instance 41f36df7-17b4-4fd1-af72-a052e3dcbd4d get_metadata_by_instance_id /usr/lib/python2.7/site-packages/nova/api/metadata/handler.py:78
2018-09-29 02:55:35.871 28723 INFO nova.metadata.wsgi.server [req-b23aa0bf-58f8-4ab5-aa01-793fa8b360b1 - - - - -] 11.42.1.12,10.0.20.27 "GET /2009-04-04/meta-data/ami-launch-index HTTP/1.1" status: 200 len: 117 time: 0.0019839
2018-09-29 02:55:36.853 28689 DEBUG nova.api.openstack.wsgi [req-f1cf503a-f0b2-4cca-8775-6445d34acfdc f5afe1b8aee948ab99be00f8a5a74e14 8961986b09aa454c91f8843d75e99a17 - default default] Calling method '<bound method ServersController.detail of <nova.api.openstack.compute.servers.ServersController object at 0x7fd154737650>>' _process_stack /usr/lib/python2.7/site-packages/nova/api/openstack/wsgi.py:612
2018-09-29 02:55:36.859 28689 DEBUG nova.compute.api [req-f1cf503a-f0b2-4cca-8775-6445d34acfdc f5afe1b8aee948ab99be00f8a5a74e14 8961986b09aa454c91f8843d75e99a17 - default default] Searching by: {u'changes-since': datetime.datetime(2018, 9, 29, 6, 50, 38, 232556, tzinfo=<FixedOffset u'+00:00' datetime.timedelta(0)>)} get_all /usr/lib/python2.7/site-packages/nova/compute/api.py:2356
2018-09-29 02:55:36.885 28689 DEBUG oslo_concurrency.lockutils [req-f1cf503a-f0b2-4cca-8775-6445d34acfdc f5afe1b8aee948ab99be00f8a5a74e14 8961986b09aa454c91f8843d75e99a17 - default default] Lock "00000000-0000-0000-0000-000000000000" acquired by "nova.context.get_or_set_cached_cell_and_set_connections" :: waited 0.000s inner /usr/lib/python2.7/site-packages/oslo_concurrency/lockutils.py:270
2018-09-29 02:55:36.886 28689 DEBUG oslo_concurrency.lockutils [req-f1cf503a-f0b2-4cca-8775-6445d34acfdc f5afe1b8aee948ab99be00f8a5a74e14 8961986b09aa454c91f8843d75e99a17 - default default] Lock "00000000-0000-0000-0000-000000000000" released by "nova.context.get_or_set_cached_cell_and_set_connections" :: held 0.001s inner /usr/lib/python2.7/site-packages/oslo_concurrency/lockutils.py:282
2018-09-29 02:55:37.000 28689 DEBUG nova.compute.api [req-f1cf503a-f0b2-4cca-8775-6445d34acfdc f5afe1b8aee948ab99be00f8a5a74e14 8961986b09aa454c91f8843d75e99a17 - default default] Skipping already-collected cell0 list _get_instances_by_filters_all_cells /usr/lib/python2.7/site-packages/nova/compute/api.py:2556
2018-09-29 02:55:37.002 28689 DEBUG nova.compute.api [req-f1cf503a-f0b2-4cca-8775-6445d34acfdc f5afe1b8aee948ab99be00f8a5a74e14 8961986b09aa454c91f8843d75e99a17 - default default] Listing 1000 instances in cell b4cf805b-f6f1-4a21-9579-857adb7abc84(default) _get_instances_by_filters_all_cells /usr/lib/python2.7/site-packages/nova/compute/api.py:2559
2018-09-29 02:55:37.004 28689 DEBUG oslo_concurrency.lockutils [req-f1cf503a-f0b2-4cca-8775-6445d34acfdc f5afe1b8aee948ab99be00f8a5a74e14 8961986b09aa454c91f8843d75e99a17 - default default] Lock "b4cf805b-f6f1-4a21-9579-857adb7abc84" acquired by "nova.context.get_or_set_cached_cell_and_set_connections" :: waited 0.000s inner /usr/lib/python2.7/site-packages/oslo_concurrency/lockutils.py:270
2018-09-29 02:55:37.006 28689 DEBUG oslo_concurrency.lockutils [req-f1cf503a-f0b2-4cca-8775-6445d34acfdc f5afe1b8aee948ab99be00f8a5a74e14 8961986b09aa454c91f8843d75e99a17 - default default] Lock "b4cf805b-f6f1-4a21-9579-857adb7abc84" released by "nova.context.get_or_set_cached_cell_and_set_connections" :: held 0.001s inner /usr/lib/python2.7/site-packages/oslo_concurrency/lockutils.py:282
2018-09-29 02:55:37.112 28723 DEBUG nova.metadata.wsgi.server [req-b23aa0bf-58f8-4ab5-aa01-793fa8b360b1 - - - - -] (28723) accepted ('10.0.20.27', 34986) server /usr/lib/python2.7/site-packages/eventlet/wsgi.py:883
2018-09-29 02:55:37.115 28723 DEBUG nova.api.metadata.handler [req-b23aa0bf-58f8-4ab5-aa01-793fa8b360b1 - - - - -] Using cached metadata for instance 41f36df7-17b4-4fd1-af72-a052e3dcbd4d get_metadata_by_instance_id /usr/lib/python2.7/site-packages/nova/api/metadata/handler.py:78
2018-09-29 02:55:37.117 28723 INFO nova.metadata.wsgi.server [req-b23aa0bf-58f8-4ab5-aa01-793fa8b360b1 - - - - -] 11.42.1.12,10.0.20.27 "GET /2009-04-04/meta-data/instance-type HTTP/1.1" status: 200 len: 123 time: 0.0028110
2018-09-29 02:55:37.179 28689 DEBUG oslo_concurrency.lockutils [req-f1cf503a-f0b2-4cca-8775-6445d34acfdc f5afe1b8aee948ab99be00f8a5a74e14 8961986b09aa454c91f8843d75e99a17 - default default] Lock "b4cf805b-f6f1-4a21-9579-857adb7abc84" acquired by "nova.context.get_or_set_cached_cell_and_set_connections" :: waited 0.000s inner /usr/lib/python2.7/site-packages/oslo_concurrency/lockutils.py:270
2018-09-29 02:55:37.180 28689 DEBUG oslo_concurrency.lockutils [req-f1cf503a-f0b2-4cca-8775-6445d34acfdc f5afe1b8aee948ab99be00f8a5a74e14 8961986b09aa454c91f8843d75e99a17 - default default] Lock "b4cf805b-f6f1-4a21-9579-857adb7abc84" released by "nova.context.get_or_set_cached_cell_and_set_connections" :: held 0.001s inner /usr/lib/python2.7/site-packages/oslo_concurrency/lockutils.py:282
2018-09-29 02:55:37.202 28689 DEBUG nova.policy [req-f1cf503a-f0b2-4cca-8775-6445d34acfdc f5afe1b8aee948ab99be00f8a5a74e14 8961986b09aa454c91f8843d75e99a17 - default default] Policy check for os_compute_api:os-hide-server-addresses failed with credentials {'service_roles': [], 'user_id': u'f5afe1b8aee948ab99be00f8a5a74e14', 'roles': [u'ResellerAdmin', u'admin'], 'user_domain_id': u'default', 'service_project_id': None, 'service_user_id': None, 'service_user_domain_id': None, 'service_project_domain_id': None, 'is_admin_project': True, 'is_admin': True, 'project_id': u'8961986b09aa454c91f8843d75e99a17', 'project_domain_id': u'default'} authorize /usr/lib/python2.7/site-packages/nova/policy.py:168
2018-09-29 02:55:37.712 28727 DEBUG nova.metadata.wsgi.server [req-6b2899b0-5b71-4f76-b5e4-3f422c12501f - - - - -] (28727) accepted ('10.0.20.27', 35000) server /usr/lib/python2.7/site-packages/eventlet/wsgi.py:883
2018-09-29 02:55:37.783 28727 DEBUG oslo_db.sqlalchemy.engines [req-6b2899b0-5b71-4f76-b5e4-3f422c12501f - - - - -] MySQL server mode set to STRICT_TRANS_TABLES,STRICT_ALL_TABLES,NO_ZERO_IN_DATE,NO_ZERO_DATE,ERROR_FOR_DIVISION_BY_ZERO,TRADITIONAL,NO_AUTO_CREATE_USER,NO_ENGINE_SUBSTITUTION _check_effective_sql_mode /usr/lib/python2.7/site-packages/oslo_db/sqlalchemy/engines.py:285
2018-09-29 02:55:37.835 28727 DEBUG oslo_concurrency.lockutils [req-74885c8f-bd35-4090-8086-c3f0fb19894c - - - - -] Lock "b4cf805b-f6f1-4a21-9579-857adb7abc84" acquired by "nova.context.get_or_set_cached_cell_and_set_connections" :: waited 0.001s inner /usr/lib/python2.7/site-packages/oslo_concurrency/lockutils.py:270
2018-09-29 02:55:37.844 28727 DEBUG oslo_concurrency.lockutils [req-74885c8f-bd35-4090-8086-c3f0fb19894c - - - - -] Lock "b4cf805b-f6f1-4a21-9579-857adb7abc84" released by "nova.context.get_or_set_cached_cell_and_set_connections" :: held 0.009s inner /usr/lib/python2.7/site-packages/oslo_concurrency/lockutils.py:282
2018-09-29 02:55:37.870 28727 DEBUG oslo_db.sqlalchemy.engines [req-74885c8f-bd35-4090-8086-c3f0fb19894c - - - - -] MySQL server mode set to STRICT_TRANS_TABLES,STRICT_ALL_TABLES,NO_ZERO_IN_DATE,NO_ZERO_DATE,ERROR_FOR_DIVISION_BY_ZERO,TRADITIONAL,NO_AUTO_CREATE_USER,NO_ENGINE_SUBSTITUTION _check_effective_sql_mode /usr/lib/python2.7/site-packages/oslo_db/sqlalchemy/engines.py:285
2018-09-29 02:55:38.043 28689 INFO nova.osapi_compute.wsgi.server [req-f1cf503a-f0b2-4cca-8775-6445d34acfdc f5afe1b8aee948ab99be00f8a5a74e14 8961986b09aa454c91f8843d75e99a17 - default default] 10.0.20.27 "GET /v2.1/8961986b09aa454c91f8843d75e99a17/servers/detail?all_tenants=True&changes-since=2018-09-29T06%3A50%3A38.232556%2B00%3A00 HTTP/1.1" status: 200 len: 2327 time: 1.7496839
2018-09-29 02:55:39.937 28727 WARNING oslo_config.cfg [req-74885c8f-bd35-4090-8086-c3f0fb19894c - - - - -] Option "dhcp_domain" from group "DEFAULT" is deprecated for removal (
nova-network is deprecated, as are any related configuration options.
).  Its value may be silently ignored in the future.
2018-09-29 02:55:39.940 28727 INFO nova.metadata.wsgi.server [req-74885c8f-bd35-4090-8086-c3f0fb19894c - - - - -] 11.42.1.12,10.0.20.27 "GET /2009-04-04/meta-data/local-ipv4 HTTP/1.1" status: 200 len: 127 time: 2.2147422
2018-09-29 02:55:40.318 28720 DEBUG nova.metadata.wsgi.server [req-6b2899b0-5b71-4f76-b5e4-3f422c12501f - - - - -] (28720) accepted ('10.0.20.27', 35938) server /usr/lib/python2.7/site-packages/eventlet/wsgi.py:883
2018-09-29 02:55:40.392 28720 DEBUG oslo_db.sqlalchemy.engines [req-6b2899b0-5b71-4f76-b5e4-3f422c12501f - - - - -] MySQL server mode set to STRICT_TRANS_TABLES,STRICT_ALL_TABLES,NO_ZERO_IN_DATE,NO_ZERO_DATE,ERROR_FOR_DIVISION_BY_ZERO,TRADITIONAL,NO_AUTO_CREATE_USER,NO_ENGINE_SUBSTITUTION _check_effective_sql_mode /usr/lib/python2.7/site-packages/oslo_db/sqlalchemy/engines.py:285
2018-09-29 02:55:40.449 28720 DEBUG oslo_concurrency.lockutils [req-5b24177f-50de-41e3-860b-b09e578595b8 - - - - -] Lock "b4cf805b-f6f1-4a21-9579-857adb7abc84" acquired by "nova.context.get_or_set_cached_cell_and_set_connections" :: waited 0.000s inner /usr/lib/python2.7/site-packages/oslo_concurrency/lockutils.py:270
2018-09-29 02:55:40.455 28720 DEBUG oslo_concurrency.lockutils [req-5b24177f-50de-41e3-860b-b09e578595b8 - - - - -] Lock "b4cf805b-f6f1-4a21-9579-857adb7abc84" released by "nova.context.get_or_set_cached_cell_and_set_connections" :: held 0.006s inner /usr/lib/python2.7/site-packages/oslo_concurrency/lockutils.py:282
2018-09-29 02:55:40.477 28720 DEBUG oslo_db.sqlalchemy.engines [req-5b24177f-50de-41e3-860b-b09e578595b8 - - - - -] MySQL server mode set to STRICT_TRANS_TABLES,STRICT_ALL_TABLES,NO_ZERO_IN_DATE,NO_ZERO_DATE,ERROR_FOR_DIVISION_BY_ZERO,TRADITIONAL,NO_AUTO_CREATE_USER,NO_ENGINE_SUBSTITUTION _check_effective_sql_mode /usr/lib/python2.7/site-packages/oslo_db/sqlalchemy/engines.py:285
2018-09-29 02:55:42.461 28720 WARNING oslo_config.cfg [req-5b24177f-50de-41e3-860b-b09e578595b8 - - - - -] Option "dhcp_domain" from group "DEFAULT" is deprecated for removal (
nova-network is deprecated, as are any related configuration options.
).  Its value may be silently ignored in the future.
2018-09-29 02:55:42.464 28720 INFO nova.metadata.wsgi.server [req-5b24177f-50de-41e3-860b-b09e578595b8 - - - - -] 11.42.1.12,10.0.20.27 "GET /2009-04-04/meta-data/public-ipv4 HTTP/1.1" status: 200 len: 128 time: 2.1325212
2018-09-29 02:55:43.168 28734 DEBUG nova.metadata.wsgi.server [req-6b2899b0-5b71-4f76-b5e4-3f422c12501f - - - - -] (28734) accepted ('10.0.20.27', 36098) server /usr/lib/python2.7/site-packages/eventlet/wsgi.py:883
2018-09-29 02:55:43.244 28734 DEBUG oslo_db.sqlalchemy.engines [req-6b2899b0-5b71-4f76-b5e4-3f422c12501f - - - - -] MySQL server mode set to STRICT_TRANS_TABLES,STRICT_ALL_TABLES,NO_ZERO_IN_DATE,NO_ZERO_DATE,ERROR_FOR_DIVISION_BY_ZERO,TRADITIONAL,NO_AUTO_CREATE_USER,NO_ENGINE_SUBSTITUTION _check_effective_sql_mode /usr/lib/python2.7/site-packages/oslo_db/sqlalchemy/engines.py:285
2018-09-29 02:55:43.308 28734 DEBUG oslo_concurrency.lockutils [req-c2248479-9caf-4fb2-b68a-5c9ee3d693f9 - - - - -] Lock "b4cf805b-f6f1-4a21-9579-857adb7abc84" acquired by "nova.context.get_or_set_cached_cell_and_set_connections" :: waited 0.000s inner /usr/lib/python2.7/site-packages/oslo_concurrency/lockutils.py:270
2018-09-29 02:55:43.316 28734 DEBUG oslo_concurrency.lockutils [req-c2248479-9caf-4fb2-b68a-5c9ee3d693f9 - - - - -] Lock "b4cf805b-f6f1-4a21-9579-857adb7abc84" released by "nova.context.get_or_set_cached_cell_and_set_connections" :: held 0.008s inner /usr/lib/python2.7/site-packages/oslo_concurrency/lockutils.py:282
2018-09-29 02:55:43.343 28734 DEBUG oslo_db.sqlalchemy.engines [req-c2248479-9caf-4fb2-b68a-5c9ee3d693f9 - - - - -] MySQL server mode set to STRICT_TRANS_TABLES,STRICT_ALL_TABLES,NO_ZERO_IN_DATE,NO_ZERO_DATE,ERROR_FOR_DIVISION_BY_ZERO,TRADITIONAL,NO_AUTO_CREATE_USER,NO_ENGINE_SUBSTITUTION _check_effective_sql_mode /usr/lib/python2.7/site-packages/oslo_db/sqlalchemy/engines.py:285
2018-09-29 02:55:44.915 28695 DEBUG nova.osapi_compute.wsgi.server [req-3c832d62-0b32-41c4-84c9-308176aca9c7 08619b608cd947b1b41fbd92082556df c95dedb8775b4b658ff6d91908ac2d45 - 0b13519dedd542d78a3039fd56b0fb66 0b13519dedd542d78a3039fd56b0fb66] (28695) accepted ('10.0.20.27', 51752) server /usr/lib/python2.7/site-packages/eventlet/wsgi.py:883
2018-09-29 02:55:45.015 28734 WARNING oslo_config.cfg [req-c2248479-9caf-4fb2-b68a-5c9ee3d693f9 - - - - -] Option "dhcp_domain" from group "DEFAULT" is deprecated for removal (
nova-network is deprecated, as are any related configuration options.
).  Its value may be silently ignored in the future.
2018-09-29 02:55:45.017 28734 INFO nova.metadata.wsgi.server [req-c2248479-9caf-4fb2-b68a-5c9ee3d693f9 - - - - -] 11.42.1.12,10.0.20.27 "GET /2009-04-04/meta-data/hostname HTTP/1.1" status: 200 len: 161 time: 1.8301020
2018-09-29 02:55:45.187 28695 INFO nova.osapi_compute.wsgi.server [req-9ccfa013-043c-4c75-9b27-bfc89a67f8ba 08619b608cd947b1b41fbd92082556df c95dedb8775b4b658ff6d91908ac2d45 - 0b13519dedd542d78a3039fd56b0fb66 0b13519dedd542d78a3039fd56b0fb66] 10.0.20.27 "GET /v2.1/c95dedb8775b4b658ff6d91908ac2d45 HTTP/1.1" status: 404 len: 382 time: 0.2705140
2018-09-29 02:55:45.208 28695 DEBUG nova.api.openstack.wsgi [req-98f2a2b6-c134-4a4e-9957-27dc99d917ae 08619b608cd947b1b41fbd92082556df c95dedb8775b4b658ff6d91908ac2d45 - 0b13519dedd542d78a3039fd56b0fb66 0b13519dedd542d78a3039fd56b0fb66] Calling method '<bound method VersionsController.show of <nova.api.openstack.compute.versionsV21.VersionsController object at 0x7fd154b37490>>' _process_stack /usr/lib/python2.7/site-packages/nova/api/openstack/wsgi.py:612
2018-09-29 02:55:45.211 28695 INFO nova.osapi_compute.wsgi.server [req-98f2a2b6-c134-4a4e-9957-27dc99d917ae 08619b608cd947b1b41fbd92082556df c95dedb8775b4b658ff6d91908ac2d45 - 0b13519dedd542d78a3039fd56b0fb66 0b13519dedd542d78a3039fd56b0fb66] 10.0.20.27 "GET /v2.1/ HTTP/1.1" status: 200 len: 783 time: 0.0080791
2018-09-29 02:55:45.538 28695 DEBUG nova.api.openstack.wsgi [req-d56ce4ab-5397-4d1a-8f3a-d3d159636fda 08619b608cd947b1b41fbd92082556df c95dedb8775b4b658ff6d91908ac2d45 - 0b13519dedd542d78a3039fd56b0fb66 0b13519dedd542d78a3039fd56b0fb66] Calling method '<bound method ServersController.detail of <nova.api.openstack.compute.servers.ServersController object at 0x7fd154737650>>' _process_stack /usr/lib/python2.7/site-packages/nova/api/openstack/wsgi.py:612
2018-09-29 02:55:45.543 28695 DEBUG nova.compute.api [req-d56ce4ab-5397-4d1a-8f3a-d3d159636fda 08619b608cd947b1b41fbd92082556df c95dedb8775b4b658ff6d91908ac2d45 - 0b13519dedd542d78a3039fd56b0fb66 0b13519dedd542d78a3039fd56b0fb66] Searching by: {'deleted': False, 'project_id': u'c95dedb8775b4b658ff6d91908ac2d45'} get_all /usr/lib/python2.7/site-packages/nova/compute/api.py:2356
2018-09-29 02:55:45.579 28695 DEBUG oslo_concurrency.lockutils [req-d56ce4ab-5397-4d1a-8f3a-d3d159636fda 08619b608cd947b1b41fbd92082556df c95dedb8775b4b658ff6d91908ac2d45 - 0b13519dedd542d78a3039fd56b0fb66 0b13519dedd542d78a3039fd56b0fb66] Lock "00000000-0000-0000-0000-000000000000" acquired by "nova.context.get_or_set_cached_cell_and_set_connections" :: waited 0.000s inner /usr/lib/python2.7/site-packages/oslo_concurrency/lockutils.py:270
2018-09-29 02:55:45.581 28695 DEBUG oslo_concurrency.lockutils [req-d56ce4ab-5397-4d1a-8f3a-d3d159636fda 08619b608cd947b1b41fbd92082556df c95dedb8775b4b658ff6d91908ac2d45 - 0b13519dedd542d78a3039fd56b0fb66 0b13519dedd542d78a3039fd56b0fb66] Lock "00000000-0000-0000-0000-000000000000" released by "nova.context.get_or_set_cached_cell_and_set_connections" :: held 0.002s inner /usr/lib/python2.7/site-packages/oslo_concurrency/lockutils.py:282
2018-09-29 02:55:45.644 28720 DEBUG nova.metadata.wsgi.server [req-5b24177f-50de-41e3-860b-b09e578595b8 - - - - -] (28720) accepted ('10.0.20.27', 36138) server /usr/lib/python2.7/site-packages/eventlet/wsgi.py:883
2018-09-29 02:55:45.647 28720 DEBUG nova.api.metadata.handler [req-5b24177f-50de-41e3-860b-b09e578595b8 - - - - -] Using cached metadata for instance 41f36df7-17b4-4fd1-af72-a052e3dcbd4d get_metadata_by_instance_id /usr/lib/python2.7/site-packages/nova/api/metadata/handler.py:78
2018-09-29 02:55:45.648 28720 INFO nova.metadata.wsgi.server [req-5b24177f-50de-41e3-860b-b09e578595b8 - - - - -] 11.42.1.12,10.0.20.27 "GET /2009-04-04/meta-data/local-hostname HTTP/1.1" status: 200 len: 161 time: 0.0020280
2018-09-29 02:55:45.715 28695 DEBUG nova.compute.api [req-d56ce4ab-5397-4d1a-8f3a-d3d159636fda 08619b608cd947b1b41fbd92082556df c95dedb8775b4b658ff6d91908ac2d45 - 0b13519dedd542d78a3039fd56b0fb66 0b13519dedd542d78a3039fd56b0fb66] Skipping already-collected cell0 list _get_instances_by_filters_all_cells /usr/lib/python2.7/site-packages/nova/compute/api.py:2556
2018-09-29 02:55:45.716 28695 DEBUG nova.compute.api [req-d56ce4ab-5397-4d1a-8f3a-d3d159636fda 08619b608cd947b1b41fbd92082556df c95dedb8775b4b658ff6d91908ac2d45 - 0b13519dedd542d78a3039fd56b0fb66 0b13519dedd542d78a3039fd56b0fb66] Listing 1000 instances in cell b4cf805b-f6f1-4a21-9579-857adb7abc84(default) _get_instances_by_filters_all_cells /usr/lib/python2.7/site-packages/nova/compute/api.py:2559
2018-09-29 02:55:45.719 28695 DEBUG oslo_concurrency.lockutils [req-d56ce4ab-5397-4d1a-8f3a-d3d159636fda 08619b608cd947b1b41fbd92082556df c95dedb8775b4b658ff6d91908ac2d45 - 0b13519dedd542d78a3039fd56b0fb66 0b13519dedd542d78a3039fd56b0fb66] Lock "b4cf805b-f6f1-4a21-9579-857adb7abc84" acquired by "nova.context.get_or_set_cached_cell_and_set_connections" :: waited 0.000s inner /usr/lib/python2.7/site-packages/oslo_concurrency/lockutils.py:270
2018-09-29 02:55:45.720 28695 DEBUG oslo_concurrency.lockutils [req-d56ce4ab-5397-4d1a-8f3a-d3d159636fda 08619b608cd947b1b41fbd92082556df c95dedb8775b4b658ff6d91908ac2d45 - 0b13519dedd542d78a3039fd56b0fb66 0b13519dedd542d78a3039fd56b0fb66] Lock "b4cf805b-f6f1-4a21-9579-857adb7abc84" released by "nova.context.get_or_set_cached_cell_and_set_connections" :: held 0.001s inner /usr/lib/python2.7/site-packages/oslo_concurrency/lockutils.py:282
2018-09-29 02:55:45.865 28695 DEBUG oslo_concurrency.lockutils [req-d56ce4ab-5397-4d1a-8f3a-d3d159636fda 08619b608cd947b1b41fbd92082556df c95dedb8775b4b658ff6d91908ac2d45 - 0b13519dedd542d78a3039fd56b0fb66 0b13519dedd542d78a3039fd56b0fb66] Lock "b4cf805b-f6f1-4a21-9579-857adb7abc84" acquired by "nova.context.get_or_set_cached_cell_and_set_connections" :: waited 0.000s inner /usr/lib/python2.7/site-packages/oslo_concurrency/lockutils.py:270
2018-09-29 02:55:45.866 28695 DEBUG oslo_concurrency.lockutils [req-d56ce4ab-5397-4d1a-8f3a-d3d159636fda 08619b608cd947b1b41fbd92082556df c95dedb8775b4b658ff6d91908ac2d45 - 0b13519dedd542d78a3039fd56b0fb66 0b13519dedd542d78a3039fd56b0fb66] Lock "b4cf805b-f6f1-4a21-9579-857adb7abc84" released by "nova.context.get_or_set_cached_cell_and_set_connections" :: held 0.001s inner /usr/lib/python2.7/site-packages/oslo_concurrency/lockutils.py:282
2018-09-29 02:55:45.877 28695 DEBUG nova.policy [req-d56ce4ab-5397-4d1a-8f3a-d3d159636fda 08619b608cd947b1b41fbd92082556df c95dedb8775b4b658ff6d91908ac2d45 - 0b13519dedd542d78a3039fd56b0fb66 0b13519dedd542d78a3039fd56b0fb66] Policy check for os_compute_api:os-hide-server-addresses failed with credentials {'service_roles': [], 'user_id': u'08619b608cd947b1b41fbd92082556df', 'roles': [u'admin'], 'user_domain_id': u'0b13519dedd542d78a3039fd56b0fb66', 'service_project_id': None, 'service_user_id': None, 'service_user_domain_id': None, 'service_project_domain_id': None, 'is_admin_project': True, 'is_admin': True, 'project_id': u'c95dedb8775b4b658ff6d91908ac2d45', 'project_domain_id': u'0b13519dedd542d78a3039fd56b0fb66'} authorize /usr/lib/python2.7/site-packages/nova/policy.py:168
2018-09-29 02:55:45.990 28720 DEBUG nova.metadata.wsgi.server [req-5b24177f-50de-41e3-860b-b09e578595b8 - - - - -] (28720) accepted ('10.0.20.27', 36140) server /usr/lib/python2.7/site-packages/eventlet/wsgi.py:883
2018-09-29 02:55:45.992 28720 DEBUG nova.api.metadata.handler [req-5b24177f-50de-41e3-860b-b09e578595b8 - - - - -] Using cached metadata for instance 41f36df7-17b4-4fd1-af72-a052e3dcbd4d get_metadata_by_instance_id /usr/lib/python2.7/site-packages/nova/api/metadata/handler.py:78
2018-09-29 02:55:45.995 28720 INFO nova.metadata.wsgi.server [req-5b24177f-50de-41e3-860b-b09e578595b8 - - - - -] 11.42.1.12,10.0.20.27 "GET /2009-04-04/user-data HTTP/1.1" status: 404 len: 176 time: 0.0031030
2018-09-29 02:55:46.283 28736 DEBUG nova.metadata.wsgi.server [req-6b2899b0-5b71-4f76-b5e4-3f422c12501f - - - - -] (28736) accepted ('10.0.20.27', 36142) server /usr/lib/python2.7/site-packages/eventlet/wsgi.py:883
2018-09-29 02:55:46.357 28736 DEBUG oslo_db.sqlalchemy.engines [req-6b2899b0-5b71-4f76-b5e4-3f422c12501f - - - - -] MySQL server mode set to STRICT_TRANS_TABLES,STRICT_ALL_TABLES,NO_ZERO_IN_DATE,NO_ZERO_DATE,ERROR_FOR_DIVISION_BY_ZERO,TRADITIONAL,NO_AUTO_CREATE_USER,NO_ENGINE_SUBSTITUTION _check_effective_sql_mode /usr/lib/python2.7/site-packages/oslo_db/sqlalchemy/engines.py:285
2018-09-29 02:55:46.427 28736 DEBUG oslo_concurrency.lockutils [req-cbe158b5-2fc7-4baa-bbba-0ce7c0855807 - - - - -] Lock "b4cf805b-f6f1-4a21-9579-857adb7abc84" acquired by "nova.context.get_or_set_cached_cell_and_set_connections" :: waited 0.001s inner /usr/lib/python2.7/site-packages/oslo_concurrency/lockutils.py:270
2018-09-29 02:55:46.445 28736 DEBUG oslo_concurrency.lockutils [req-cbe158b5-2fc7-4baa-bbba-0ce7c0855807 - - - - -] Lock "b4cf805b-f6f1-4a21-9579-857adb7abc84" released by "nova.context.get_or_set_cached_cell_and_set_connections" :: held 0.021s inner /usr/lib/python2.7/site-packages/oslo_concurrency/lockutils.py:282
2018-09-29 02:55:46.458 28695 INFO nova.osapi_compute.wsgi.server [req-d56ce4ab-5397-4d1a-8f3a-d3d159636fda 08619b608cd947b1b41fbd92082556df c95dedb8775b4b658ff6d91908ac2d45 - 0b13519dedd542d78a3039fd56b0fb66 0b13519dedd542d78a3039fd56b0fb66] 10.0.20.27 "GET /v2.1/c95dedb8775b4b658ff6d91908ac2d45/servers/detail HTTP/1.1" status: 200 len: 2720 time: 0.9321690
2018-09-29 02:55:46.479 28736 DEBUG oslo_db.sqlalchemy.engines [req-cbe158b5-2fc7-4baa-bbba-0ce7c0855807 - - - - -] MySQL server mode set to STRICT_TRANS_TABLES,STRICT_ALL_TABLES,NO_ZERO_IN_DATE,NO_ZERO_DATE,ERROR_FOR_DIVISION_BY_ZERO,TRADITIONAL,NO_AUTO_CREATE_USER,NO_ENGINE_SUBSTITUTION _check_effective_sql_mode /usr/lib/python2.7/site-packages/oslo_db/sqlalchemy/engines.py:285
2018-09-29 02:55:48.710 28736 WARNING oslo_config.cfg [req-cbe158b5-2fc7-4baa-bbba-0ce7c0855807 - - - - -] Option "dhcp_domain" from group "DEFAULT" is deprecated for removal (
nova-network is deprecated, as are any related configuration options.
).  Its value may be silently ignored in the future.
2018-09-29 02:55:48.713 28736 INFO nova.metadata.wsgi.server [req-cbe158b5-2fc7-4baa-bbba-0ce7c0855807 - - - - -] 11.42.1.12,10.0.20.27 "GET /2009-04-04/meta-data/block-device-mapping HTTP/1.1" status: 200 len: 124 time: 2.4225781
2018-09-29 02:55:49.011 28736 DEBUG nova.metadata.wsgi.server [req-cbe158b5-2fc7-4baa-bbba-0ce7c0855807 - - - - -] (28736) accepted ('10.0.20.27', 36164) server /usr/lib/python2.7/site-packages/eventlet/wsgi.py:883
2018-09-29 02:55:49.015 28736 DEBUG nova.api.metadata.handler [req-cbe158b5-2fc7-4baa-bbba-0ce7c0855807 - - - - -] Using cached metadata for instance 41f36df7-17b4-4fd1-af72-a052e3dcbd4d get_metadata_by_instance_id /usr/lib/python2.7/site-packages/nova/api/metadata/handler.py:78
2018-09-29 02:55:49.018 28736 INFO nova.metadata.wsgi.server [req-cbe158b5-2fc7-4baa-bbba-0ce7c0855807 - - - - -] 11.42.1.12,10.0.20.27 "GET /2009-04-04/meta-data/block-device-mapping/ami HTTP/1.1" status: 200 len: 119 time: 0.0031080
2018-09-29 02:55:49.682 28720 DEBUG nova.metadata.wsgi.server [req-5b24177f-50de-41e3-860b-b09e578595b8 - - - - -] (28720) accepted ('10.0.20.27', 36170) server /usr/lib/python2.7/site-packages/eventlet/wsgi.py:883
2018-09-29 02:55:49.685 28720 DEBUG nova.api.metadata.handler [req-5b24177f-50de-41e3-860b-b09e578595b8 - - - - -] Using cached metadata for instance 41f36df7-17b4-4fd1-af72-a052e3dcbd4d get_metadata_by_instance_id /usr/lib/python2.7/site-packages/nova/api/metadata/handler.py:78
2018-09-29 02:55:49.687 28720 INFO nova.metadata.wsgi.server [req-5b24177f-50de-41e3-860b-b09e578595b8 - - - - -] 11.42.1.12,10.0.20.27 "GET /2009-04-04/meta-data/block-device-mapping/root HTTP/1.1" status: 200 len: 124 time: 0.0026209
2018-09-29 02:55:49.991 28720 DEBUG nova.metadata.wsgi.server [req-5b24177f-50de-41e3-860b-b09e578595b8 - - - - -] (28720) accepted ('10.0.20.27', 36172) server /usr/lib/python2.7/site-packages/eventlet/wsgi.py:883
