2018-09-14 06:38:54.955 19799 DEBUG neutron_lib.callbacks.manager [req-c365cec0-63ec-4563-a525-9c2c9bd153c3 - - - - -] Notify callbacks ['neutron.services.segments.db._update_segment_host_mapping_for_agent--9223363267686839736'] for agent, after_update _notify_loop /usr/lib/python2.7/site-packages/neutron_lib/callbacks/manager.py:167
2018-09-14 06:38:57.058 19790 INFO neutron.wsgi [req-e94109e6-4243-4d56-8c17-7111914a5924 02e248cd8f0843eea56830a54be7a7df 194f3e7e9006484dbd7057072756dcfb - default default] 10.0.20.24 "GET /v2.0/ports?device_id=0d6573e3-1f95-4760-918f-71ed0f107a2e HTTP/1.1" status: 200  len: 1125 time: 0.5090590
2018-09-14 06:38:57.190 19790 INFO neutron.wsgi [req-cb70153c-4f31-4040-8053-98484d649a4e 02e248cd8f0843eea56830a54be7a7df 194f3e7e9006484dbd7057072756dcfb - default default] 10.0.20.24 "GET /v2.0/security-groups?id=951b0827-cb33-446e-9ce3-ba6a9a269ec7 HTTP/1.1" status: 200  len: 2118 time: 0.1234789
2018-09-14 06:38:58.989 19800 DEBUG neutron.plugins.ml2.rpc [req-c365cec0-63ec-4563-a525-9c2c9bd153c3 - - - - -] Device 3e183902-7a23-4a00-ae6b-776a100f3d15 no longer exists at agent ovs-agent-localhost.localdomain update_device_down /usr/lib/python2.7/site-packages/neutron/plugins/ml2/rpc.py:213
2018-09-14 06:38:59.251 19800 DEBUG neutron_lib.callbacks.manager [req-c365cec0-63ec-4563-a525-9c2c9bd153c3 - - - - -] Notify callbacks ['neutron.plugins.ml2.plugin.Ml2Plugin._ensure_default_security_group_handler--9223372036853152204'] for port, before_update _notify_loop /usr/lib/python2.7/site-packages/neutron_lib/callbacks/manager.py:167
2018-09-14 06:38:59.362 19790 INFO neutron.wsgi [req-f1949d10-1075-4633-ac30-e4aba9c128ed 02e248cd8f0843eea56830a54be7a7df 194f3e7e9006484dbd7057072756dcfb - default default] 10.0.20.24 "GET /v2.0/ports?device_id=0d6573e3-1f95-4760-918f-71ed0f107a2e HTTP/1.1" status: 200  len: 1125 time: 0.1510251
2018-09-14 06:38:59.398 19800 DEBUG oslo_concurrency.lockutils [-] Lock "notifier-48efa96e-05e9-4bd1-8a2b-baf0ccceb2be" acquired by "neutron.notifiers.batch_notifier.synced_send" :: waited 0.000s inner /usr/lib/python2.7/site-packages/oslo_concurrency/lockutils.py:270
2018-09-14 06:38:59.399 19800 DEBUG neutron.notifiers.nova [-] Sending events: [{'status': 'completed', 'tag': u'3e183902-7a23-4a00-ae6b-776a100f3d15', 'name': 'network-vif-unplugged', 'server_uuid': u'0d6573e3-1f95-4760-918f-71ed0f107a2e'}] send_events /usr/lib/python2.7/site-packages/neutron/notifiers/nova.py:242
2018-09-14 06:38:59.453 19800 DEBUG neutron.plugins.ml2.db [req-c365cec0-63ec-4563-a525-9c2c9bd153c3 - - - - -] For port 3e183902-7a23-4a00-ae6b-776a100f3d15, host localhost.localdomain, got binding levels [<neutron.plugins.ml2.models.PortBindingLevel[object at 7f9bb0fdd810] {port_id=u'3e183902-7a23-4a00-ae6b-776a100f3d15', host=u'localhost.localdomain', level=0, driver=u'openvswitch', segment_id=u'd8fec8b0-7936-4660-b756-f9e8a188b1d0'}>] get_binding_levels /usr/lib/python2.7/site-packages/neutron/plugins/ml2/db.py:106
2018-09-14 06:38:59.474 19800 DEBUG neutron_lib.callbacks.manager [req-c365cec0-63ec-4563-a525-9c2c9bd153c3 - - - - -] Notify callbacks ['neutron.db.l3_hascheduler_db._notify_l3_agent_ha_port_update-8769167603174', 'neutron.db.l3_dvrscheduler_db._notify_l3_agent_port_update-8769167603099', 'neutron.plugins.ml2.plugin.Ml2Plugin.notify_sg_on_port_change--9223372036853153135', 'neutron.api.rpc.agentnotifiers.dhcp_rpc_agent_api.DhcpAgentNotifyAPI._native_event_send_dhcp_notification--9223372036851222389', 'neutron.plugins.ml2.ovo_rpc._ObjectChangeHandler.handle_event--9223372036850989056'] for port, after_update _notify_loop /usr/lib/python2.7/site-packages/neutron_lib/callbacks/manager.py:167
2018-09-14 06:38:59.515 19790 DEBUG neutron.plugins.ml2.plugin [req-c34a23b2-c5af-4a8b-9723-1101c38df1cc 02e248cd8f0843eea56830a54be7a7df 194f3e7e9006484dbd7057072756dcfb - default default] Deleting port 3e183902-7a23-4a00-ae6b-776a100f3d15 _pre_delete_port /usr/lib/python2.7/site-packages/neutron/plugins/ml2/plugin.py:915
2018-09-14 06:38:59.516 19790 DEBUG neutron_lib.callbacks.manager [req-c34a23b2-c5af-4a8b-9723-1101c38df1cc 02e248cd8f0843eea56830a54be7a7df 194f3e7e9006484dbd7057072756dcfb - default default] Notify callbacks ['neutron.db.l3_db._prevent_l3_port_delete_callback-8769168142341'] for port, before_delete _notify_loop /usr/lib/python2.7/site-packages/neutron_lib/callbacks/manager.py:167
2018-09-14 06:39:00.034 19800 DEBUG oslo_concurrency.lockutils [-] Lock "event-dispatch" acquired by "neutron.plugins.ml2.ovo_rpc.dispatch_events" :: waited 0.000s inner /usr/lib/python2.7/site-packages/oslo_concurrency/lockutils.py:270
2018-09-14 06:39:00.044 19790 DEBUG neutron.plugins.ml2.db [req-c34a23b2-c5af-4a8b-9723-1101c38df1cc 02e248cd8f0843eea56830a54be7a7df 194f3e7e9006484dbd7057072756dcfb - default default] For port 3e183902-7a23-4a00-ae6b-776a100f3d15, host localhost.localdomain, got binding levels [<neutron.plugins.ml2.models.PortBindingLevel[object at 7f9bb1953410] {port_id=u'3e183902-7a23-4a00-ae6b-776a100f3d15', host=u'localhost.localdomain', level=0, driver=u'openvswitch', segment_id=u'd8fec8b0-7936-4660-b756-f9e8a188b1d0'}>] get_binding_levels /usr/lib/python2.7/site-packages/neutron/plugins/ml2/db.py:106
2018-09-14 06:39:00.095 19790 DEBUG neutron.plugins.ml2.plugin [req-c34a23b2-c5af-4a8b-9723-1101c38df1cc 02e248cd8f0843eea56830a54be7a7df 194f3e7e9006484dbd7057072756dcfb - default default] Calling delete_port for 3e183902-7a23-4a00-ae6b-776a100f3d15 owned by compute:nova delete_port /usr/lib/python2.7/site-packages/neutron/plugins/ml2/plugin.py:955
2018-09-14 06:39:00.241 19800 DEBUG neutron.api.rpc.handlers.resources_rpc [req-c365cec0-63ec-4563-a525-9c2c9bd153c3 - - - - -] neutron.api.rpc.handlers.resources_rpc.ResourcesPushRpcApi method push called with arguments (<neutron_lib.context.Context object at 0x7f9bb0effc10>, [Port(admin_state_up=True,allowed_address_pairs=[],binding=PortBinding,binding_levels=[PortBindingLevel],created_at=2018-09-14T10:33:14Z,data_plane_status=<?>,description='',device_id='0d6573e3-1f95-4760-918f-71ed0f107a2e',device_owner='compute:nova',dhcp_options=[],distributed_binding=None,dns=None,fixed_ips=[IPAllocation],id=3e183902-7a23-4a00-ae6b-776a100f3d15,mac_address=fa:16:3e:9c:67:d4,name='',network_id=cb52f000-7d09-47ee-9cdc-6e6ba3016123,project_id='eadb20856eb24aadad087deae69b5a2d',qos_policy_id=None,revision_number=9,security=PortSecurity(3e183902-7a23-4a00-ae6b-776a100f3d15),security_group_ids=set([951b0827-cb33-446e-9ce3-ba6a9a269ec7]),status='DOWN',updated_at=2018-09-14T10:38:59Z)], 'updated') {} wrapper /usr/lib/python2.7/site-packages/oslo_log/helpers.py:66
2018-09-14 06:39:00.258 19800 DEBUG neutron.api.rpc.callbacks.version_manager [req-c365cec0-63ec-4563-a525-9c2c9bd153c3 - - - - -] Version for resource type Subnet changed None to 1.0 on consumer Open vSwitch agent@localhost.localdomain _set_version /usr/lib/python2.7/site-packages/neutron/api/rpc/callbacks/version_manager.py:119
2018-09-14 06:39:00.259 19800 DEBUG neutron.api.rpc.callbacks.version_manager [req-c365cec0-63ec-4563-a525-9c2c9bd153c3 - - - - -] Version for resource type Network changed None to 1.0 on consumer Open vSwitch agent@localhost.localdomain _set_version /usr/lib/python2.7/site-packages/neutron/api/rpc/callbacks/version_manager.py:119
2018-09-14 06:39:00.260 19800 DEBUG neutron.api.rpc.callbacks.version_manager [req-c365cec0-63ec-4563-a525-9c2c9bd153c3 - - - - -] Version for resource type SubPort changed None to 1.0 on consumer Open vSwitch agent@localhost.localdomain _set_version /usr/lib/python2.7/site-packages/neutron/api/rpc/callbacks/version_manager.py:119
2018-09-14 06:39:00.261 19800 DEBUG neutron.api.rpc.callbacks.version_manager [req-c365cec0-63ec-4563-a525-9c2c9bd153c3 - - - - -] Version for resource type SecurityGroup changed None to 1.0 on consumer Open vSwitch agent@localhost.localdomain _set_version /usr/lib/python2.7/site-packages/neutron/api/rpc/callbacks/version_manager.py:119
2018-09-14 06:39:00.262 19800 DEBUG neutron.api.rpc.callbacks.version_manager [req-c365cec0-63ec-4563-a525-9c2c9bd153c3 - - - - -] Version for resource type SecurityGroupRule changed None to 1.0 on consumer Open vSwitch agent@localhost.localdomain _set_version /usr/lib/python2.7/site-packages/neutron/api/rpc/callbacks/version_manager.py:119
2018-09-14 06:39:00.262 19800 DEBUG neutron.api.rpc.callbacks.version_manager [req-c365cec0-63ec-4563-a525-9c2c9bd153c3 - - - - -] Version for resource type Trunk changed None to 1.1 on consumer Open vSwitch agent@localhost.localdomain _set_version /usr/lib/python2.7/site-packages/neutron/api/rpc/callbacks/version_manager.py:119
2018-09-14 06:39:00.263 19800 DEBUG neutron.api.rpc.callbacks.version_manager [req-c365cec0-63ec-4563-a525-9c2c9bd153c3 - - - - -] Version for resource type QosPolicy changed None to 1.6 on consumer Open vSwitch agent@localhost.localdomain _set_version /usr/lib/python2.7/site-packages/neutron/api/rpc/callbacks/version_manager.py:119
2018-09-14 06:39:00.264 19800 DEBUG neutron.api.rpc.callbacks.version_manager [req-c365cec0-63ec-4563-a525-9c2c9bd153c3 - - - - -] Version for resource type Port changed None to 1.1 on consumer Open vSwitch agent@localhost.localdomain _set_version /usr/lib/python2.7/site-packages/neutron/api/rpc/callbacks/version_manager.py:119
2018-09-14 06:39:00.264 19800 DEBUG neutron.api.rpc.callbacks.version_manager [req-c365cec0-63ec-4563-a525-9c2c9bd153c3 - - - - -] Version for resource type Log changed None to 1.0 on consumer Open vSwitch agent@localhost.localdomain _set_version /usr/lib/python2.7/site-packages/neutron/api/rpc/callbacks/version_manager.py:119
2018-09-14 06:39:00.272 19800 DEBUG neutron.api.rpc.callbacks.version_manager [req-c365cec0-63ec-4563-a525-9c2c9bd153c3 - - - - -] Tracked resource versions report:
pushed versions:
{   'Log': set(['1.0']),
    'Network': set(['1.0']),
    'Port': set(['1.1']),
    'QosPolicy': set(['1.6']),
    'SecurityGroup': set(['1.0']),
    'SecurityGroupRule': set(['1.0']),
    'SubPort': set(['1.0']),
    'Subnet': set(['1.0']),
    'Trunk': set(['1.1'])}

consumer versions:
{   DHCP agent@localhost.localdomain: {   },
    L3 agent@localhost.localdomain: {   },
    Metadata agent@localhost.localdomain: {   },
    Metering agent@localhost.localdomain: {   },
    Open vSwitch agent@localhost.localdomain: {   u'Log': u'1.0',
                                                  u'Network': u'1.0',
                                                  u'Port': u'1.1',
                                                  u'QosPolicy': u'1.6',
                                                  u'SecurityGroup': u'1.0',
                                                  u'SecurityGroupRule': u'1.0',
                                                  u'SubPort': u'1.0',
                                                  u'Subnet': u'1.0',
                                                  u'Trunk': u'1.1'}}
 report /usr/lib/python2.7/site-packages/neutron/api/rpc/callbacks/version_manager.py:178
2018-09-14 06:39:00.323 19800 DEBUG oslo_concurrency.lockutils [req-c365cec0-63ec-4563-a525-9c2c9bd153c3 - - - - -] Lock "event-dispatch" released by "neutron.plugins.ml2.ovo_rpc.dispatch_events" :: held 0.289s inner /usr/lib/python2.7/site-packages/oslo_concurrency/lockutils.py:282
2018-09-14 06:39:00.367 19802 DEBUG neutron_lib.callbacks.manager [req-80e1f58e-4006-4b2c-bc12-c28a27418a6d - - - - -] Notify callbacks ['neutron.services.segments.db._update_segment_host_mapping_for_agent--9223363267686839736'] for agent, after_update _notify_loop /usr/lib/python2.7/site-packages/neutron_lib/callbacks/manager.py:167
2018-09-14 06:39:00.479 19790 DEBUG neutron_lib.callbacks.manager [req-c34a23b2-c5af-4a8b-9723-1101c38df1cc 02e248cd8f0843eea56830a54be7a7df 194f3e7e9006484dbd7057072756dcfb - default default] Notify callbacks ['neutron.db.l3_dvrscheduler_db._notify_port_delete--9223363267687172717', 'neutron.plugins.ml2.plugin.Ml2Plugin.notify_sg_on_port_change--9223372036853153135', 'neutron.api.rpc.agentnotifiers.dhcp_rpc_agent_api.DhcpAgentNotifyAPI._native_event_send_dhcp_notification--9223372036851222389', 'neutron.db.l3_db._notify_routers_callback-8769168146135', 'neutron.plugins.ml2.ovo_rpc._ObjectChangeHandler.handle_event--9223372036850989056'] for port, after_delete _notify_loop /usr/lib/python2.7/site-packages/neutron_lib/callbacks/manager.py:167
2018-09-14 06:39:00.609 19800 DEBUG novaclient.v2.client [-] REQ: curl -g -i -X POST http://10.0.20.24:8774/v2.1/a6274edd06114a55b9dc116852780190/os-server-external-events -H "User-Agent: python-novaclient" -H "Content-Type: application/json" -H "Accept: application/json" -H "X-OpenStack-Nova-API-Version: 2.1" -H "X-Auth-Token: {SHA1}f6dbc547c89dbd069d7ebe623f8163334f2ecd7a" -d '{"events": [{"status": "completed", "tag": "3e183902-7a23-4a00-ae6b-776a100f3d15", "name": "network-vif-unplugged", "server_uuid": "0d6573e3-1f95-4760-918f-71ed0f107a2e"}]}' _http_log_request /usr/lib/python2.7/site-packages/keystoneauth1/session.py:375
2018-09-14 06:39:00.620 19790 DEBUG neutron.db.l3_dvrscheduler_db [req-c34a23b2-c5af-4a8b-9723-1101c38df1cc 02e248cd8f0843eea56830a54be7a7df 194f3e7e9006484dbd7057072756dcfb - default default] No DVR routers for this DVR port 3e183902-7a23-4a00-ae6b-776a100f3d15 on host localhost.localdomain get_dvr_routers_to_remove /usr/lib/python2.7/site-packages/neutron/db/l3_dvrscheduler_db.py:191
2018-09-14 06:39:00.913 19790 DEBUG oslo_concurrency.lockutils [-] Lock "event-dispatch" acquired by "neutron.plugins.ml2.ovo_rpc.dispatch_events" :: waited 0.000s inner /usr/lib/python2.7/site-packages/oslo_concurrency/lockutils.py:270
2018-09-14 06:39:01.036 19790 DEBUG neutron.api.rpc.handlers.resources_rpc [req-c34a23b2-c5af-4a8b-9723-1101c38df1cc 02e248cd8f0843eea56830a54be7a7df 194f3e7e9006484dbd7057072756dcfb - - -] neutron.api.rpc.handlers.resources_rpc.ResourcesPushRpcApi method push called with arguments (<neutron_lib.context.Context object at 0x7f9bb155f150>, [Port(admin_state_up=<?>,allowed_address_pairs=<?>,binding=<?>,binding_levels=<?>,created_at=<?>,data_plane_status=<?>,description=<?>,device_id=<?>,device_owner=<?>,dhcp_options=<?>,distributed_binding=<?>,dns=<?>,fixed_ips=<?>,id=3e183902-7a23-4a00-ae6b-776a100f3d15,mac_address=<?>,name=<?>,network_id=<?>,project_id=<?>,qos_policy_id=None,revision_number=<?>,security=<?>,security_group_ids=None,status=<?>,updated_at=<?>)], 'deleted') {} wrapper /usr/lib/python2.7/site-packages/oslo_log/helpers.py:66
2018-09-14 06:39:01.046 19790 DEBUG neutron_lib.callbacks.manager [req-c34a23b2-c5af-4a8b-9723-1101c38df1cc 02e248cd8f0843eea56830a54be7a7df 194f3e7e9006484dbd7057072756dcfb - default default] Notify callbacks ['neutron.notifiers.nova.Notifier._send_nova_notification--9223372036854745167'] for port, before_response _notify_loop /usr/lib/python2.7/site-packages/neutron_lib/callbacks/manager.py:167
2018-09-14 06:39:01.050 19790 DEBUG oslo_concurrency.lockutils [-] Lock "notifier-48efa96e-05e9-4bd1-8a2b-baf0ccceb2be" acquired by "neutron.notifiers.batch_notifier.synced_send" :: waited 0.000s inner /usr/lib/python2.7/site-packages/oslo_concurrency/lockutils.py:270
2018-09-14 06:39:01.050 19790 DEBUG neutron.notifiers.nova [-] Sending events: [{'tag': u'3e183902-7a23-4a00-ae6b-776a100f3d15', 'name': 'network-vif-deleted', 'server_uuid': u'0d6573e3-1f95-4760-918f-71ed0f107a2e'}] send_events /usr/lib/python2.7/site-packages/neutron/notifiers/nova.py:242
2018-09-14 06:39:01.054 19790 DEBUG novaclient.v2.client [-] REQ: curl -g -i -X POST http://10.0.20.24:8774/v2.1/a6274edd06114a55b9dc116852780190/os-server-external-events -H "User-Agent: python-novaclient" -H "Content-Type: application/json" -H "Accept: application/json" -H "X-OpenStack-Nova-API-Version: 2.1" -H "X-Auth-Token: {SHA1}3f02d16f013a52f07ea0a785e3424c2c4c2716f3" -d '{"events": [{"tag": "3e183902-7a23-4a00-ae6b-776a100f3d15", "name": "network-vif-deleted", "server_uuid": "0d6573e3-1f95-4760-918f-71ed0f107a2e"}]}' _http_log_request /usr/lib/python2.7/site-packages/keystoneauth1/session.py:375
2018-09-14 06:39:01.071 19790 DEBUG neutron.api.rpc.callbacks.version_manager [req-c34a23b2-c5af-4a8b-9723-1101c38df1cc 02e248cd8f0843eea56830a54be7a7df 194f3e7e9006484dbd7057072756dcfb - - -] Version for resource type Subnet changed None to 1.0 on consumer Open vSwitch agent@localhost.localdomain _set_version /usr/lib/python2.7/site-packages/neutron/api/rpc/callbacks/version_manager.py:119
2018-09-14 06:39:01.072 19790 DEBUG neutron.api.rpc.callbacks.version_manager [req-c34a23b2-c5af-4a8b-9723-1101c38df1cc 02e248cd8f0843eea56830a54be7a7df 194f3e7e9006484dbd7057072756dcfb - - -] Version for resource type Network changed None to 1.0 on consumer Open vSwitch agent@localhost.localdomain _set_version /usr/lib/python2.7/site-packages/neutron/api/rpc/callbacks/version_manager.py:119
2018-09-14 06:39:01.073 19790 DEBUG neutron.api.rpc.callbacks.version_manager [req-c34a23b2-c5af-4a8b-9723-1101c38df1cc 02e248cd8f0843eea56830a54be7a7df 194f3e7e9006484dbd7057072756dcfb - - -] Version for resource type SubPort changed None to 1.0 on consumer Open vSwitch agent@localhost.localdomain _set_version /usr/lib/python2.7/site-packages/neutron/api/rpc/callbacks/version_manager.py:119
2018-09-14 06:39:01.074 19790 DEBUG neutron.api.rpc.callbacks.version_manager [req-c34a23b2-c5af-4a8b-9723-1101c38df1cc 02e248cd8f0843eea56830a54be7a7df 194f3e7e9006484dbd7057072756dcfb - - -] Version for resource type SecurityGroup changed None to 1.0 on consumer Open vSwitch agent@localhost.localdomain _set_version /usr/lib/python2.7/site-packages/neutron/api/rpc/callbacks/version_manager.py:119
2018-09-14 06:39:01.074 19790 DEBUG neutron.api.rpc.callbacks.version_manager [req-c34a23b2-c5af-4a8b-9723-1101c38df1cc 02e248cd8f0843eea56830a54be7a7df 194f3e7e9006484dbd7057072756dcfb - - -] Version for resource type SecurityGroupRule changed None to 1.0 on consumer Open vSwitch agent@localhost.localdomain _set_version /usr/lib/python2.7/site-packages/neutron/api/rpc/callbacks/version_manager.py:119
2018-09-14 06:39:01.075 19790 DEBUG neutron.api.rpc.callbacks.version_manager [req-c34a23b2-c5af-4a8b-9723-1101c38df1cc 02e248cd8f0843eea56830a54be7a7df 194f3e7e9006484dbd7057072756dcfb - - -] Version for resource type Trunk changed None to 1.1 on consumer Open vSwitch agent@localhost.localdomain _set_version /usr/lib/python2.7/site-packages/neutron/api/rpc/callbacks/version_manager.py:119
2018-09-14 06:39:01.076 19790 DEBUG neutron.api.rpc.callbacks.version_manager [req-c34a23b2-c5af-4a8b-9723-1101c38df1cc 02e248cd8f0843eea56830a54be7a7df 194f3e7e9006484dbd7057072756dcfb - - -] Version for resource type QosPolicy changed None to 1.6 on consumer Open vSwitch agent@localhost.localdomain _set_version /usr/lib/python2.7/site-packages/neutron/api/rpc/callbacks/version_manager.py:119
2018-09-14 06:39:01.077 19790 DEBUG neutron.api.rpc.callbacks.version_manager [req-c34a23b2-c5af-4a8b-9723-1101c38df1cc 02e248cd8f0843eea56830a54be7a7df 194f3e7e9006484dbd7057072756dcfb - - -] Version for resource type Port changed None to 1.1 on consumer Open vSwitch agent@localhost.localdomain _set_version /usr/lib/python2.7/site-packages/neutron/api/rpc/callbacks/version_manager.py:119
2018-09-14 06:39:01.078 19790 DEBUG neutron.api.rpc.callbacks.version_manager [req-c34a23b2-c5af-4a8b-9723-1101c38df1cc 02e248cd8f0843eea56830a54be7a7df 194f3e7e9006484dbd7057072756dcfb - - -] Version for resource type Log changed None to 1.0 on consumer Open vSwitch agent@localhost.localdomain _set_version /usr/lib/python2.7/site-packages/neutron/api/rpc/callbacks/version_manager.py:119
2018-09-14 06:39:01.111 19790 DEBUG neutron.quota.resource [req-c34a23b2-c5af-4a8b-9723-1101c38df1cc 02e248cd8f0843eea56830a54be7a7df 194f3e7e9006484dbd7057072756dcfb - default default] Persisted dirty status for tenant:eadb20856eb24aadad087deae69b5a2d on resource:port mark_dirty /usr/lib/python2.7/site-packages/neutron/quota/resource.py:207
2018-09-14 06:39:01.114 19790 DEBUG oslo_concurrency.lockutils [req-c34a23b2-c5af-4a8b-9723-1101c38df1cc 02e248cd8f0843eea56830a54be7a7df 194f3e7e9006484dbd7057072756dcfb - - -] Lock "event-dispatch" released by "neutron.plugins.ml2.ovo_rpc.dispatch_events" :: held 0.200s inner /usr/lib/python2.7/site-packages/oslo_concurrency/lockutils.py:282
2018-09-14 06:39:01.139 19790 INFO neutron.wsgi [req-c34a23b2-c5af-4a8b-9723-1101c38df1cc 02e248cd8f0843eea56830a54be7a7df 194f3e7e9006484dbd7057072756dcfb - default default] 10.0.20.24 "DELETE /v2.0/ports/3e183902-7a23-4a00-ae6b-776a100f3d15 HTTP/1.1" status: 204  len: 173 time: 1.7651551
2018-09-14 06:39:01.332 19800 DEBUG novaclient.v2.client [-] RESP: [200] Content-Length: 185 Content-Type: application/json Openstack-Api-Version: compute 2.1 X-Openstack-Nova-Api-Version: 2.1 Vary: OpenStack-API-Version, X-OpenStack-Nova-API-Version X-Openstack-Request-Id: req-318d308b-23f5-4343-87a5-271d89cffe61 X-Compute-Request-Id: req-318d308b-23f5-4343-87a5-271d89cffe61 Date: Fri, 14 Sep 2018 10:39:01 GMT Connection: keep-alive 
RESP BODY: {"events": [{"status": "completed", "tag": "3e183902-7a23-4a00-ae6b-776a100f3d15", "name": "network-vif-unplugged", "server_uuid": "0d6573e3-1f95-4760-918f-71ed0f107a2e", "code": 200}]}
 _http_log_response /usr/lib/python2.7/site-packages/keystoneauth1/session.py:423
2018-09-14 06:39:01.332 19800 DEBUG novaclient.v2.client [-] POST call to compute for http://10.0.20.24:8774/v2.1/a6274edd06114a55b9dc116852780190/os-server-external-events used request id req-318d308b-23f5-4343-87a5-271d89cffe61 request /usr/lib/python2.7/site-packages/keystoneauth1/session.py:727
2018-09-14 06:39:01.350 19800 INFO neutron.notifiers.nova [-] Nova event response: {u'status': u'completed', u'tag': u'3e183902-7a23-4a00-ae6b-776a100f3d15', u'name': u'network-vif-unplugged', u'server_uuid': u'0d6573e3-1f95-4760-918f-71ed0f107a2e', u'code': 200}
2018-09-14 06:39:01.570 19790 DEBUG novaclient.v2.client [-] RESP: [200] Content-Length: 183 Content-Type: application/json Openstack-Api-Version: compute 2.1 X-Openstack-Nova-Api-Version: 2.1 Vary: OpenStack-API-Version, X-OpenStack-Nova-API-Version X-Openstack-Request-Id: req-675fd672-8cb6-4f79-b13a-db12fbd1389d X-Compute-Request-Id: req-675fd672-8cb6-4f79-b13a-db12fbd1389d Date: Fri, 14 Sep 2018 10:39:01 GMT Connection: keep-alive 
RESP BODY: {"events": [{"status": "completed", "tag": "3e183902-7a23-4a00-ae6b-776a100f3d15", "name": "network-vif-deleted", "server_uuid": "0d6573e3-1f95-4760-918f-71ed0f107a2e", "code": 200}]}
 _http_log_response /usr/lib/python2.7/site-packages/keystoneauth1/session.py:423
2018-09-14 06:39:01.571 19790 DEBUG novaclient.v2.client [-] POST call to compute for http://10.0.20.24:8774/v2.1/a6274edd06114a55b9dc116852780190/os-server-external-events used request id req-675fd672-8cb6-4f79-b13a-db12fbd1389d request /usr/lib/python2.7/site-packages/keystoneauth1/session.py:727
2018-09-14 06:39:01.582 19790 INFO neutron.notifiers.nova [-] Nova event response: {u'status': u'completed', u'tag': u'3e183902-7a23-4a00-ae6b-776a100f3d15', u'name': u'network-vif-deleted', u'server_uuid': u'0d6573e3-1f95-4760-918f-71ed0f107a2e', u'code': 200}
2018-09-14 06:39:03.352 19800 DEBUG oslo_concurrency.lockutils [-] Lock "notifier-48efa96e-05e9-4bd1-8a2b-baf0ccceb2be" released by "neutron.notifiers.batch_notifier.synced_send" :: held 3.954s inner /usr/lib/python2.7/site-packages/oslo_concurrency/lockutils.py:282
2018-09-14 06:39:03.583 19790 DEBUG oslo_concurrency.lockutils [-] Lock "notifier-48efa96e-05e9-4bd1-8a2b-baf0ccceb2be" released by "neutron.notifiers.batch_notifier.synced_send" :: held 2.534s inner /usr/lib/python2.7/site-packages/oslo_concurrency/lockutils.py:282
2018-09-14 06:39:05.795 19801 DEBUG neutron_lib.callbacks.manager [req-a99a65b7-3edd-445e-a7bb-a295f52150e7 - - - - -] Notify callbacks ['neutron.services.segments.db._update_segment_host_mapping_for_agent--9223363267686839736'] for agent, after_update _notify_loop /usr/lib/python2.7/site-packages/neutron_lib/callbacks/manager.py:167
2018-09-14 06:39:08.888 19805 DEBUG neutron_lib.callbacks.manager [req-e6a79232-565c-470b-b245-d0b1d9a711dd - - - - -] Notify callbacks ['neutron.services.segments.db._update_segment_host_mapping_for_agent--9223363267686839736'] for agent, after_update _notify_loop /usr/lib/python2.7/site-packages/neutron_lib/callbacks/manager.py:167
2018-09-14 06:39:10.706 19800 DEBUG neutron_lib.callbacks.manager [req-10a7760b-6971-495f-b931-4340d81f9909 - - - - -] Notify callbacks ['neutron.services.segments.db._update_segment_host_mapping_for_agent--9223363267686839736'] for agent, after_update _notify_loop /usr/lib/python2.7/site-packages/neutron_lib/callbacks/manager.py:167
2018-09-14 06:39:24.959 19803 DEBUG neutron_lib.callbacks.manager [req-c365cec0-63ec-4563-a525-9c2c9bd153c3 - - - - -] Notify callbacks ['neutron.services.segments.db._update_segment_host_mapping_for_agent--9223363267686839736'] for agent, after_update _notify_loop /usr/lib/python2.7/site-packages/neutron_lib/callbacks/manager.py:167
2018-09-14 06:39:27.788 19807 DEBUG neutron.db.agents_db [req-bd7a2530-80fc-42ce-9d39-e99432e3ae5f - - - - -] Agent healthcheck: found 5 active agents agent_health_check /usr/lib/python2.7/site-packages/neutron/db/agents_db.py:281
2018-09-14 06:39:30.349 19804 DEBUG neutron_lib.callbacks.manager [req-80e1f58e-4006-4b2c-bc12-c28a27418a6d - - - - -] Notify callbacks ['neutron.services.segments.db._update_segment_host_mapping_for_agent--9223363267686839736'] for agent, after_update _notify_loop /usr/lib/python2.7/site-packages/neutron_lib/callbacks/manager.py:167
2018-09-14 06:39:35.829 19806 DEBUG neutron_lib.callbacks.manager [req-c34562dd-b125-474b-ae64-4fa033a1e1d4 - - - - -] Notify callbacks ['neutron.services.segments.db._update_segment_host_mapping_for_agent--9223363267686839736'] for agent, after_update _notify_loop /usr/lib/python2.7/site-packages/neutron_lib/callbacks/manager.py:167
2018-09-14 06:39:37.798 19790 DEBUG neutron.wsgi [-] (19790) accepted ('10.0.20.24', 50186) server /usr/lib/python2.7/site-packages/eventlet/wsgi.py:883
2018-09-14 06:39:37.805 19790 INFO neutron.wsgi [-] 10.0.20.24 "GET / HTTP/1.1" status: 200  len: 252 time: 0.0040648
2018-09-14 06:39:38.582 19790 INFO neutron.api.v2.resource [req-eea67107-af4e-4987-9b07-0927376f2a3b 02e248cd8f0843eea56830a54be7a7df 194f3e7e9006484dbd7057072756dcfb - default default] show failed (client error): The resource could not be found.
2018-09-14 06:39:38.586 19790 INFO neutron.wsgi [req-eea67107-af4e-4987-9b07-0927376f2a3b 02e248cd8f0843eea56830a54be7a7df 194f3e7e9006484dbd7057072756dcfb - default default] 10.0.20.24 "GET /v2.0/routers/tempest-router-1536920931 HTTP/1.1" status: 404  len: 330 time: 0.7721860
2018-09-14 06:39:38.838 19798 DEBUG neutron_lib.callbacks.manager [req-1a431ea2-81cd-49e0-805d-c95e2ce5da66 - - - - -] Notify callbacks ['neutron.services.segments.db._update_segment_host_mapping_for_agent--9223363267686839736'] for agent, after_update _notify_loop /usr/lib/python2.7/site-packages/neutron_lib/callbacks/manager.py:167
2018-09-14 06:39:38.857 19790 INFO neutron.wsgi [req-14fb5ee4-54c9-429a-babe-c7cc8fff8578 02e248cd8f0843eea56830a54be7a7df 194f3e7e9006484dbd7057072756dcfb - default default] 10.0.20.24 "GET /v2.0/routers HTTP/1.1" status: 200  len: 1590 time: 0.2631252
2018-09-14 06:39:38.884 19790 DEBUG neutron.api.v2.base [req-b3b91d52-bff0-439e-99d9-def0c5014877 02e248cd8f0843eea56830a54be7a7df 194f3e7e9006484dbd7057072756dcfb - default default] Request body: {u'router': {u'external_gateway_info': {}}} prepare_request_body /usr/lib/python2.7/site-packages/neutron/api/v2/base.py:695
2018-09-14 06:39:39.889 19790 DEBUG neutron_lib.callbacks.manager [req-b3b91d52-bff0-439e-99d9-def0c5014877 02e248cd8f0843eea56830a54be7a7df 194f3e7e9006484dbd7057072756dcfb - default default] Notify callbacks [] for router_gateway, before_delete _notify_loop /usr/lib/python2.7/site-packages/neutron_lib/callbacks/manager.py:167
2018-09-14 06:39:39.915 19790 DEBUG neutron.plugins.ml2.plugin [req-b3b91d52-bff0-439e-99d9-def0c5014877 02e248cd8f0843eea56830a54be7a7df 194f3e7e9006484dbd7057072756dcfb - default default] Deleting port dd9956be-7afa-4f67-b05f-2fe1d97a048f _pre_delete_port /usr/lib/python2.7/site-packages/neutron/plugins/ml2/plugin.py:915
2018-09-14 06:39:39.917 19790 DEBUG neutron_lib.callbacks.manager [req-b3b91d52-bff0-439e-99d9-def0c5014877 02e248cd8f0843eea56830a54be7a7df 194f3e7e9006484dbd7057072756dcfb - default default] Notify callbacks ['neutron.db.l3_db._prevent_l3_port_delete_callback-8769168142341'] for port, before_delete _notify_loop /usr/lib/python2.7/site-packages/neutron_lib/callbacks/manager.py:167
2018-09-14 06:39:40.332 19790 DEBUG neutron.plugins.ml2.db [req-b3b91d52-bff0-439e-99d9-def0c5014877 02e248cd8f0843eea56830a54be7a7df 194f3e7e9006484dbd7057072756dcfb - default default] For port dd9956be-7afa-4f67-b05f-2fe1d97a048f, host localhost.localdomain, got binding levels [<neutron.plugins.ml2.models.PortBindingLevel[object at 7f9bb0c78790] {port_id=u'dd9956be-7afa-4f67-b05f-2fe1d97a048f', host=u'localhost.localdomain', level=0, driver=u'openvswitch', segment_id=u'b7b1e160-698c-4ed1-a6cd-646af24818c8'}>] get_binding_levels /usr/lib/python2.7/site-packages/neutron/plugins/ml2/db.py:106
2018-09-14 06:39:40.384 19790 DEBUG neutron.plugins.ml2.plugin [req-b3b91d52-bff0-439e-99d9-def0c5014877 02e248cd8f0843eea56830a54be7a7df 194f3e7e9006484dbd7057072756dcfb - default default] Calling delete_port for dd9956be-7afa-4f67-b05f-2fe1d97a048f owned by network:router_gateway delete_port /usr/lib/python2.7/site-packages/neutron/plugins/ml2/plugin.py:955
2018-09-14 06:39:40.721 19799 DEBUG neutron_lib.callbacks.manager [req-10a7760b-6971-495f-b931-4340d81f9909 - - - - -] Notify callbacks ['neutron.services.segments.db._update_segment_host_mapping_for_agent--9223363267686839736'] for agent, after_update _notify_loop /usr/lib/python2.7/site-packages/neutron_lib/callbacks/manager.py:167
2018-09-14 06:39:40.963 19790 DEBUG neutron_lib.callbacks.manager [req-b3b91d52-bff0-439e-99d9-def0c5014877 02e248cd8f0843eea56830a54be7a7df 194f3e7e9006484dbd7057072756dcfb - default default] Notify callbacks ['neutron.db.l3_dvrscheduler_db._notify_port_delete--9223363267687172717', 'neutron.plugins.ml2.plugin.Ml2Plugin.notify_sg_on_port_change--9223372036853153135', 'neutron.api.rpc.agentnotifiers.dhcp_rpc_agent_api.DhcpAgentNotifyAPI._native_event_send_dhcp_notification--9223372036851222389', 'neutron.db.l3_db._notify_routers_callback-8769168146135', 'neutron.plugins.ml2.ovo_rpc._ObjectChangeHandler.handle_event--9223372036850989056'] for port, after_delete _notify_loop /usr/lib/python2.7/site-packages/neutron_lib/callbacks/manager.py:167
2018-09-14 06:39:41.382 19790 DEBUG oslo_concurrency.lockutils [-] Lock "event-dispatch" acquired by "neutron.plugins.ml2.ovo_rpc.dispatch_events" :: waited 0.000s inner /usr/lib/python2.7/site-packages/oslo_concurrency/lockutils.py:270
2018-09-14 06:39:41.493 19790 DEBUG neutron.api.rpc.handlers.resources_rpc [req-b3b91d52-bff0-439e-99d9-def0c5014877 02e248cd8f0843eea56830a54be7a7df 194f3e7e9006484dbd7057072756dcfb - - -] neutron.api.rpc.handlers.resources_rpc.ResourcesPushRpcApi method push called with arguments (<neutron_lib.context.Context object at 0x7f9bb0c7f890>, [Port(admin_state_up=<?>,allowed_address_pairs=<?>,binding=<?>,binding_levels=<?>,created_at=<?>,data_plane_status=<?>,description=<?>,device_id=<?>,device_owner=<?>,dhcp_options=<?>,distributed_binding=<?>,dns=<?>,fixed_ips=<?>,id=dd9956be-7afa-4f67-b05f-2fe1d97a048f,mac_address=<?>,name=<?>,network_id=<?>,project_id=<?>,qos_policy_id=None,revision_number=<?>,security=<?>,security_group_ids=None,status=<?>,updated_at=<?>)], 'deleted') {} wrapper /usr/lib/python2.7/site-packages/oslo_log/helpers.py:66
2018-09-14 06:39:41.503 19790 DEBUG neutron_lib.callbacks.manager [req-b3b91d52-bff0-439e-99d9-def0c5014877 02e248cd8f0843eea56830a54be7a7df 194f3e7e9006484dbd7057072756dcfb - default default] Notify callbacks ['neutron.services.l3_router.l3_router_plugin.L3RouterPlugin._delete_dvr_internal_ports-477920'] for router_gateway, after_delete _notify_loop /usr/lib/python2.7/site-packages/neutron_lib/callbacks/manager.py:167
2018-09-14 06:39:41.676 19790 DEBUG neutron_lib.callbacks.manager [req-b3b91d52-bff0-439e-99d9-def0c5014877 02e248cd8f0843eea56830a54be7a7df 194f3e7e9006484dbd7057072756dcfb - default default] Notify callbacks ['neutron.services.l3_router.l3_router_plugin.L3RouterPlugin._handle_distributed_migration-477917', 'neutron.services.l3_router.l3_router_plugin.L3RouterPlugin._validate_migration-482152', 'neutron.services.l3_router.service_providers.driver_controller.DriverController._update_router_provider-13484'] for router, precommit_update _notify_loop /usr/lib/python2.7/site-packages/neutron_lib/callbacks/manager.py:167
2018-09-14 06:39:41.683 19790 DEBUG oslo_concurrency.lockutils [req-b3b91d52-bff0-439e-99d9-def0c5014877 02e248cd8f0843eea56830a54be7a7df 194f3e7e9006484dbd7057072756dcfb - - -] Lock "event-dispatch" released by "neutron.plugins.ml2.ovo_rpc.dispatch_events" :: held 0.300s inner /usr/lib/python2.7/site-packages/oslo_concurrency/lockutils.py:282
2018-09-14 06:39:41.688 19790 DEBUG neutron_lib.callbacks.manager [req-b3b91d52-bff0-439e-99d9-def0c5014877 02e248cd8f0843eea56830a54be7a7df 194f3e7e9006484dbd7057072756dcfb - default default] Notify callbacks ['neutron.services.l3_router.l3_router_plugin.L3RouterPlugin._reconfigure_ha_resources--9223372036854285877', 'neutron.services.l3_router.l3_router_plugin.L3RouterPlugin._delete_snat_interfaces_after_change--9223372036854297894', 'neutron.services.l3_router.l3_router_plugin.L3RouterPlugin._create_snat_interfaces_after_change-477890'] for router, after_update _notify_loop /usr/lib/python2.7/site-packages/neutron_lib/callbacks/manager.py:167
2018-09-14 06:39:41.888 19790 DEBUG neutron.scheduler.l3_agent_scheduler [req-b3b91d52-bff0-439e-99d9-def0c5014877 02e248cd8f0843eea56830a54be7a7df 194f3e7e9006484dbd7057072756dcfb - default default] Router 34ef2eed-c331-4208-b2c3-e7f7d30af5d3 has already been hosted by L3 agent 5abc080c-2542-43f1-8f39-0dc47ee4ff99 _get_candidates /usr/lib/python2.7/site-packages/neutron/scheduler/l3_agent_scheduler.py:141
2018-09-14 06:39:42.061 19790 DEBUG neutron.api.rpc.agentnotifiers.l3_rpc_agent_api [req-b3b91d52-bff0-439e-99d9-def0c5014877 02e248cd8f0843eea56830a54be7a7df 194f3e7e9006484dbd7057072756dcfb - default default] Notify agent at l3_agent.localhost.localdomain the message routers_updated _agent_notification /usr/lib/python2.7/site-packages/neutron/api/rpc/agentnotifiers/l3_rpc_agent_api.py:69
2018-09-14 06:39:42.110 19790 DEBUG neutron.quota.resource [req-b3b91d52-bff0-439e-99d9-def0c5014877 02e248cd8f0843eea56830a54be7a7df 194f3e7e9006484dbd7057072756dcfb - default default] Persisted dirty status for tenant: on resource:port mark_dirty /usr/lib/python2.7/site-packages/neutron/quota/resource.py:207
2018-09-14 06:39:42.122 19790 DEBUG neutron_lib.callbacks.manager [req-b3b91d52-bff0-439e-99d9-def0c5014877 02e248cd8f0843eea56830a54be7a7df 194f3e7e9006484dbd7057072756dcfb - default default] Notify callbacks [] for router, before_response _notify_loop /usr/lib/python2.7/site-packages/neutron_lib/callbacks/manager.py:167
2018-09-14 06:39:42.125 19790 INFO neutron.wsgi [req-b3b91d52-bff0-439e-99d9-def0c5014877 02e248cd8f0843eea56830a54be7a7df 194f3e7e9006484dbd7057072756dcfb - default default] 10.0.20.24 "PUT /v2.0/routers/34ef2eed-c331-4208-b2c3-e7f7d30af5d3 HTTP/1.1" status: 200  len: 728 time: 3.2542911
2018-09-14 06:39:42.125 19799 DEBUG neutron.db.l3_hamode_db [req-4a41605f-6c8a-4eed-bc04-52325ed72290 - - - - -] neutron.services.l3_router.l3_router_plugin.L3RouterPlugin method get_ha_sync_data_for_host called with arguments (<neutron_lib.context.Context object at 0x7f9bb119fb10>, u'localhost.localdomain', <neutron.db.models.agent.Agent[object at 7f9bb1155510] {id=u'5abc080c-2542-43f1-8f39-0dc47ee4ff99', agent_type=u'L3 agent', binary=u'neutron-l3-agent', topic=u'l3_agent', host=u'localhost.localdomain', availability_zone=u'nova', admin_state_up=True, created_at=datetime.datetime(2018, 9, 12, 22, 29, 15), started_at=datetime.datetime(2018, 9, 14, 10, 19, 5), heartbeat_timestamp=datetime.datetime(2018, 9, 14, 10, 39, 35), description=None, configurations=u'{"agent_mode": "legacy", "gateway_external_network_id": "", "handle_internal_only_routers": true, "routers": 2, "interfaces": 2, "floating_ips": 0, "interface_driver": "neutron.agent.linux.interface.OVSInterfaceDriver", "log_agent_heartbeats": false, "external_network_bridge": "", "ex_gw_ports": 2}', resource_versions=None, load=0}>) {'active': True, 'router_ids': ['34ef2eed-c331-4208-b2c3-e7f7d30af5d3']} wrapper /usr/lib/python2.7/site-packages/oslo_log/helpers.py:66
2018-09-14 06:39:42.996 19799 DEBUG neutron.db.l3_hamode_db [req-4a41605f-6c8a-4eed-bc04-52325ed72290 - - - - -] neutron.services.l3_router.l3_router_plugin.L3RouterPlugin method _process_sync_ha_data called with arguments (<neutron_lib.context.Context object at 0x7f9bb119fb10>, [{'status': u'ACTIVE', '_interfaces': [{'status': u'ACTIVE', 'subnets': [{'dns_nameservers': [u'8.8.4.4'], 'ipv6_ra_mode': None, 'gateway_ip': u'11.144.1.1', 'cidr': u'11.144.1.0/24', 'id': u'79757778-7e94-4f16-839b-fc625d02b107', 'subnetpool_id': None}], 'binding:host_id': u'localhost.localdomain', 'description': u'', 'allowed_address_pairs': [], 'tags': [], 'extra_dhcp_opts': [], 'updated_at': '2018-09-14T10:32:35Z', 'device_owner': u'network:router_interface', 'revision_number': 7, 'port_security_enabled': False, 'binding:profile': {}, 'mtu': 1450, 'fixed_ips': [{'subnet_id': u'79757778-7e94-4f16-839b-fc625d02b107', 'prefixlen': 24, 'ip_address': u'11.144.1.1'}], 'id': u'8203b5c0-83d9-49dd-b037-f260edddce45', 'security_groups': [], 'device_id': u'34ef2eed-c331-4208-b2c3-e7f7d30af5d3', 'name': u'', 'admin_state_up': True, 'network_id': u'cb52f000-7d09-47ee-9cdc-6e6ba3016123', 'tenant_id': u'eadb20856eb24aadad087deae69b5a2d', 'binding:vif_details': {u'port_filter': True, u'datapath_type': u'system', u'ovs_hybrid_plug': True}, 'address_scopes': {4: None, 6: None}, 'binding:vnic_type': u'normal', 'binding:vif_type': u'ovs', 'mac_address': u'fa:16:3e:a1:c7:06', 'project_id': u'eadb20856eb24aadad087deae69b5a2d', 'extra_subnets': [], 'created_at': '2018-09-14T10:32:24Z'}], 'ha_vr_id': 0, 'description': u'', 'tags': [], 'updated_at': '2018-09-14T10:39:40Z', 'revision_number': 7, 'ha': False, 'id': u'34ef2eed-c331-4208-b2c3-e7f7d30af5d3', 'external_gateway_info': None, 'availability_zone_hints': [], 'availability_zones': [u'nova'], 'name': u'tempest-router-1536920931', 'gw_port_id': None, 'admin_state_up': True, 'tenant_id': u'eadb20856eb24aadad087deae69b5a2d', 'created_at': '2018-09-14T10:32:00Z', 'distributed': False, 'flavor_id': None, 'routes': [], 'project_id': u'eadb20856eb24aadad087deae69b5a2d'}], u'localhost.localdomain', False) {} wrapper /usr/lib/python2.7/site-packages/oslo_log/helpers.py:66
2018-09-14 06:39:43.010 19799 DEBUG neutron.api.rpc.handlers.l3_rpc [req-4a41605f-6c8a-4eed-bc04-52325ed72290 - - - - -] Checking router: 34ef2eed-c331-4208-b2c3-e7f7d30af5d3 for host: localhost.localdomain _ensure_host_set_on_ports /usr/lib/python2.7/site-packages/neutron/api/rpc/handlers/l3_rpc.py:135
2018-09-14 06:39:44.963 19805 DEBUG neutron.plugins.ml2.rpc [req-c365cec0-63ec-4563-a525-9c2c9bd153c3 - - - - -] Device dd9956be-7afa-4f67-b05f-2fe1d97a048f no longer exists at agent ovs-agent-localhost.localdomain update_device_down /usr/lib/python2.7/site-packages/neutron/plugins/ml2/rpc.py:213
2018-09-14 06:39:45.072 19805 DEBUG neutron.plugins.ml2.plugin [req-c365cec0-63ec-4563-a525-9c2c9bd153c3 - - - - -] No Port match for: dd9956be-7afa-4f67-b05f-2fe1d97a048f port_bound_to_host /usr/lib/python2.7/site-packages/neutron/plugins/ml2/plugin.py:1117
2018-09-14 06:39:45.073 19805 DEBUG neutron.plugins.ml2.rpc [req-c365cec0-63ec-4563-a525-9c2c9bd153c3 - - - - -] Device dd9956be-7afa-4f67-b05f-2fe1d97a048f not bound to the agent host localhost.localdomain update_device_down /usr/lib/python2.7/site-packages/neutron/plugins/ml2/rpc.py:221
2018-09-14 06:39:51.819 19790 DEBUG neutron.wsgi [-] (19790) accepted ('10.0.20.24', 50244) server /usr/lib/python2.7/site-packages/eventlet/wsgi.py:883
2018-09-14 06:39:51.826 19790 INFO neutron.wsgi [-] 10.0.20.24 "GET / HTTP/1.1" status: 200  len: 252 time: 0.0034211
2018-09-14 06:39:52.637 19790 INFO neutron.api.v2.resource [req-ca0e7135-4ce9-4739-ab32-940a36b08c7e 02e248cd8f0843eea56830a54be7a7df 194f3e7e9006484dbd7057072756dcfb - default default] show failed (client error): The resource could not be found.
2018-09-14 06:39:52.639 19790 INFO neutron.wsgi [req-ca0e7135-4ce9-4739-ab32-940a36b08c7e 02e248cd8f0843eea56830a54be7a7df 194f3e7e9006484dbd7057072756dcfb - default default] 10.0.20.24 "GET /v2.0/routers/tempest-router-1536920931 HTTP/1.1" status: 404  len: 330 time: 0.8060961
2018-09-14 06:39:52.889 19790 INFO neutron.wsgi [req-22f17417-eb23-44e4-9260-441fc7339fd8 02e248cd8f0843eea56830a54be7a7df 194f3e7e9006484dbd7057072756dcfb - default default] 10.0.20.24 "GET /v2.0/routers HTTP/1.1" status: 200  len: 1411 time: 0.2421401
2018-09-14 06:39:53.047 19790 INFO neutron.wsgi [req-f4ac26fd-a6b2-4c08-8a58-5e85ce81fdbd 02e248cd8f0843eea56830a54be7a7df 194f3e7e9006484dbd7057072756dcfb - default default] 10.0.20.24 "GET /v2.0/ports?device_id=34ef2eed-c331-4208-b2c3-e7f7d30af5d3 HTTP/1.1" status: 200  len: 1099 time: 0.1424329
2018-09-14 06:39:54.968 19802 DEBUG neutron_lib.callbacks.manager [req-c365cec0-63ec-4563-a525-9c2c9bd153c3 - - - - -] Notify callbacks ['neutron.services.segments.db._update_segment_host_mapping_for_agent--9223363267686839736'] for agent, after_update _notify_loop /usr/lib/python2.7/site-packages/neutron_lib/callbacks/manager.py:167
2018-09-14 06:40:00.351 19801 DEBUG neutron_lib.callbacks.manager [req-80e1f58e-4006-4b2c-bc12-c28a27418a6d - - - - -] Notify callbacks ['neutron.services.segments.db._update_segment_host_mapping_for_agent--9223363267686839736'] for agent, after_update _notify_loop /usr/lib/python2.7/site-packages/neutron_lib/callbacks/manager.py:167
2018-09-14 06:40:01.364 19790 DEBUG neutron.wsgi [-] (19790) accepted ('10.0.20.24', 50264) server /usr/lib/python2.7/site-packages/eventlet/wsgi.py:883
2018-09-14 06:40:01.373 19790 INFO neutron.wsgi [-] 10.0.20.24 "GET / HTTP/1.1" status: 200  len: 252 time: 0.0059531
2018-09-14 06:40:02.214 19790 INFO neutron.wsgi [req-98d96477-37be-4383-98bc-ddf3ca0fafc7 02e248cd8f0843eea56830a54be7a7df 194f3e7e9006484dbd7057072756dcfb - default default] 10.0.20.24 "GET /v2.0/ports/8203b5c0-83d9-49dd-b037-f260edddce45 HTTP/1.1" status: 200  len: 1096 time: 0.8336658
2018-09-14 06:40:02.423 19790 INFO neutron.api.v2.resource [req-ce58776b-43b4-4173-ac09-468014bb395b 02e248cd8f0843eea56830a54be7a7df 194f3e7e9006484dbd7057072756dcfb - default default] show failed (client error): The resource could not be found.
2018-09-14 06:40:02.427 19790 INFO neutron.wsgi [req-ce58776b-43b4-4173-ac09-468014bb395b 02e248cd8f0843eea56830a54be7a7df 194f3e7e9006484dbd7057072756dcfb - default default] 10.0.20.24 "GET /v2.0/routers/tempest-router-1536920931 HTTP/1.1" status: 404  len: 330 time: 0.2005570
2018-09-14 06:40:02.963 19790 INFO neutron.wsgi [req-41054bf1-a50b-4c9b-8ff6-5c9b06ae3c54 02e248cd8f0843eea56830a54be7a7df 194f3e7e9006484dbd7057072756dcfb - default default] 10.0.20.24 "GET /v2.0/routers HTTP/1.1" status: 200  len: 1411 time: 0.5262969
2018-09-14 06:40:03.909 19790 DEBUG neutron_lib.callbacks.manager [req-bb86cd2c-b3a9-48c9-bf32-904271087ed8 02e248cd8f0843eea56830a54be7a7df 194f3e7e9006484dbd7057072756dcfb - default default] Notify callbacks [] for router_interface, before_delete _notify_loop /usr/lib/python2.7/site-packages/neutron_lib/callbacks/manager.py:167
2018-09-14 06:40:04.084 19790 DEBUG neutron.plugins.ml2.plugin [req-bb86cd2c-b3a9-48c9-bf32-904271087ed8 02e248cd8f0843eea56830a54be7a7df 194f3e7e9006484dbd7057072756dcfb - default default] Deleting port 8203b5c0-83d9-49dd-b037-f260edddce45 _pre_delete_port /usr/lib/python2.7/site-packages/neutron/plugins/ml2/plugin.py:915
2018-09-14 06:40:04.085 19790 DEBUG neutron_lib.callbacks.manager [req-bb86cd2c-b3a9-48c9-bf32-904271087ed8 02e248cd8f0843eea56830a54be7a7df 194f3e7e9006484dbd7057072756dcfb - default default] Notify callbacks ['neutron.db.l3_db._prevent_l3_port_delete_callback-8769168142341'] for port, before_delete _notify_loop /usr/lib/python2.7/site-packages/neutron_lib/callbacks/manager.py:167
2018-09-14 06:40:04.494 19790 DEBUG neutron.plugins.ml2.db [req-bb86cd2c-b3a9-48c9-bf32-904271087ed8 02e248cd8f0843eea56830a54be7a7df 194f3e7e9006484dbd7057072756dcfb - default default] For port 8203b5c0-83d9-49dd-b037-f260edddce45, host localhost.localdomain, got binding levels [<neutron.plugins.ml2.models.PortBindingLevel[object at 7f9bb0e21490] {port_id=u'8203b5c0-83d9-49dd-b037-f260edddce45', host=u'localhost.localdomain', level=0, driver=u'openvswitch', segment_id=u'd8fec8b0-7936-4660-b756-f9e8a188b1d0'}>] get_binding_levels /usr/lib/python2.7/site-packages/neutron/plugins/ml2/db.py:106
2018-09-14 06:40:04.545 19790 DEBUG neutron.plugins.ml2.plugin [req-bb86cd2c-b3a9-48c9-bf32-904271087ed8 02e248cd8f0843eea56830a54be7a7df 194f3e7e9006484dbd7057072756dcfb - default default] Calling delete_port for 8203b5c0-83d9-49dd-b037-f260edddce45 owned by network:router_interface delete_port /usr/lib/python2.7/site-packages/neutron/plugins/ml2/plugin.py:955
2018-09-14 06:40:04.798 19807 DEBUG neutron.db.agents_db [req-bd7a2530-80fc-42ce-9d39-e99432e3ae5f - - - - -] Agent healthcheck: found 5 active agents agent_health_check /usr/lib/python2.7/site-packages/neutron/db/agents_db.py:281
2018-09-14 06:40:05.106 19790 DEBUG neutron_lib.callbacks.manager [req-bb86cd2c-b3a9-48c9-bf32-904271087ed8 02e248cd8f0843eea56830a54be7a7df 194f3e7e9006484dbd7057072756dcfb - default default] Notify callbacks ['neutron.db.l3_dvrscheduler_db._notify_port_delete--9223363267687172717', 'neutron.plugins.ml2.plugin.Ml2Plugin.notify_sg_on_port_change--9223372036853153135', 'neutron.api.rpc.agentnotifiers.dhcp_rpc_agent_api.DhcpAgentNotifyAPI._native_event_send_dhcp_notification--9223372036851222389', 'neutron.db.l3_db._notify_routers_callback-8769168146135', 'neutron.plugins.ml2.ovo_rpc._ObjectChangeHandler.handle_event--9223372036850989056'] for port, after_delete _notify_loop /usr/lib/python2.7/site-packages/neutron_lib/callbacks/manager.py:167
2018-09-14 06:40:05.604 19790 DEBUG oslo_concurrency.lockutils [-] Lock "event-dispatch" acquired by "neutron.plugins.ml2.ovo_rpc.dispatch_events" :: waited 0.000s inner /usr/lib/python2.7/site-packages/oslo_concurrency/lockutils.py:270
2018-09-14 06:40:05.725 19790 DEBUG neutron.api.rpc.handlers.resources_rpc [req-bb86cd2c-b3a9-48c9-bf32-904271087ed8 02e248cd8f0843eea56830a54be7a7df 194f3e7e9006484dbd7057072756dcfb - - -] neutron.api.rpc.handlers.resources_rpc.ResourcesPushRpcApi method push called with arguments (<neutron_lib.context.Context object at 0x7f9bb1133290>, [Port(admin_state_up=<?>,allowed_address_pairs=<?>,binding=<?>,binding_levels=<?>,created_at=<?>,data_plane_status=<?>,description=<?>,device_id=<?>,device_owner=<?>,dhcp_options=<?>,distributed_binding=<?>,dns=<?>,fixed_ips=<?>,id=8203b5c0-83d9-49dd-b037-f260edddce45,mac_address=<?>,name=<?>,network_id=<?>,project_id=<?>,qos_policy_id=None,revision_number=<?>,security=<?>,security_group_ids=None,status=<?>,updated_at=<?>)], 'deleted') {} wrapper /usr/lib/python2.7/site-packages/oslo_log/helpers.py:66
2018-09-14 06:40:05.800 19805 DEBUG neutron_lib.callbacks.manager [req-c01a7d69-4057-47e0-99e4-8e20105a3c06 - - - - -] Notify callbacks ['neutron.services.segments.db._update_segment_host_mapping_for_agent--9223363267686839736'] for agent, after_update _notify_loop /usr/lib/python2.7/site-packages/neutron_lib/callbacks/manager.py:167
2018-09-14 06:40:05.865 19790 DEBUG neutron.api.rpc.callbacks.version_manager [req-bb86cd2c-b3a9-48c9-bf32-904271087ed8 02e248cd8f0843eea56830a54be7a7df 194f3e7e9006484dbd7057072756dcfb - - -] Version for resource type Subnet changed None to 1.0 on consumer Open vSwitch agent@localhost.localdomain _set_version /usr/lib/python2.7/site-packages/neutron/api/rpc/callbacks/version_manager.py:119
2018-09-14 06:40:05.866 19790 DEBUG neutron.api.rpc.callbacks.version_manager [req-bb86cd2c-b3a9-48c9-bf32-904271087ed8 02e248cd8f0843eea56830a54be7a7df 194f3e7e9006484dbd7057072756dcfb - - -] Version for resource type Network changed None to 1.0 on consumer Open vSwitch agent@localhost.localdomain _set_version /usr/lib/python2.7/site-packages/neutron/api/rpc/callbacks/version_manager.py:119
2018-09-14 06:40:05.867 19790 DEBUG neutron.api.rpc.callbacks.version_manager [req-bb86cd2c-b3a9-48c9-bf32-904271087ed8 02e248cd8f0843eea56830a54be7a7df 194f3e7e9006484dbd7057072756dcfb - - -] Version for resource type SubPort changed None to 1.0 on consumer Open vSwitch agent@localhost.localdomain _set_version /usr/lib/python2.7/site-packages/neutron/api/rpc/callbacks/version_manager.py:119
2018-09-14 06:40:05.868 19790 DEBUG neutron.api.rpc.callbacks.version_manager [req-bb86cd2c-b3a9-48c9-bf32-904271087ed8 02e248cd8f0843eea56830a54be7a7df 194f3e7e9006484dbd7057072756dcfb - - -] Version for resource type SecurityGroup changed None to 1.0 on consumer Open vSwitch agent@localhost.localdomain _set_version /usr/lib/python2.7/site-packages/neutron/api/rpc/callbacks/version_manager.py:119
2018-09-14 06:40:05.868 19790 DEBUG neutron.api.rpc.callbacks.version_manager [req-bb86cd2c-b3a9-48c9-bf32-904271087ed8 02e248cd8f0843eea56830a54be7a7df 194f3e7e9006484dbd7057072756dcfb - - -] Version for resource type SecurityGroupRule changed None to 1.0 on consumer Open vSwitch agent@localhost.localdomain _set_version /usr/lib/python2.7/site-packages/neutron/api/rpc/callbacks/version_manager.py:119
