2018-09-29 16:13:59.368 14254 INFO neutron.wsgi [req-c1c8e66d-2308-4d72-b298-8488c662fb46 52db2c2bb2754474a9e626ac3befb2ef 2826c499828f44719ccb8a386423ec45 - default default] 10.0.20.36 "GET /v2.0/ports?network_id=597779f4-aa41-4ffa-8fcc-f40d2684c681&device_owner=network%3Adhcp HTTP/1.1" status: 200  len: 1128 time: 0.1185451
2018-09-29 16:14:00.703 14254 DEBUG oslo_concurrency.lockutils [-] Lock "notifier-d2b3a37e-4e4b-42fc-818b-e30ece16e94b" released by "neutron.notifiers.batch_notifier.synced_send" :: held 3.541s inner /usr/lib/python2.7/site-packages/oslo_concurrency/lockutils.py:282
2018-09-29 16:14:01.581 14263 DEBUG neutron_lib.callbacks.manager [req-23810ecc-aab1-4724-814e-bd535a08a863 - - - - -] Notify callbacks ['neutron.services.segments.db._update_segment_host_mapping_for_agent-8734322625450'] for agent, after_update _notify_loop /usr/lib/python2.7/site-packages/neutron_lib/callbacks/manager.py:167
2018-09-29 16:14:02.127 14254 INFO neutron.wsgi [req-dd722bff-902e-47fd-9963-ed4eda8f1906 87fdacb5fcfe463aba32e1ee92c67304 2826c499828f44719ccb8a386423ec45 - default default] 10.0.20.36 "GET /v2.0/ports?device_id=5ff2c322-5f46-467a-ab3b-dcd27e8452ce HTTP/1.1" status: 200  len: 1122 time: 1.0079839
2018-09-29 16:14:02.226 14270 DEBUG neutron.db.agents_db [req-daf93956-498e-4eb2-b15e-34ff8d8627be - - - - -] Agent healthcheck: found 5 active agents agent_health_check /usr/lib/python2.7/site-packages/neutron/db/agents_db.py:281
2018-09-29 16:14:02.360 14262 DEBUG neutron.plugins.ml2.rpc [req-5d5f1b7a-512c-44a5-ac26-96374823b3ef - - - - -] Device b0d6ec20-4539-42c8-9868-3e00c3005089 up at agent ovs-agent-localhost.localdomain update_device_up /usr/lib/python2.7/site-packages/neutron/plugins/ml2/rpc.py:244
2018-09-29 16:14:02.542 14254 INFO neutron.wsgi [req-5323a349-2d7d-4e24-b1c3-dfa4b6520924 87fdacb5fcfe463aba32e1ee92c67304 2826c499828f44719ccb8a386423ec45 - default default] 10.0.20.36 "GET /v2.0/security-groups?id=9b9e6c1b-b541-43c2-aece-4ed5171a8b0c HTTP/1.1" status: 200  len: 2118 time: 0.4009058
2018-09-29 16:14:02.604 14262 DEBUG neutron.db.provisioning_blocks [req-5d5f1b7a-512c-44a5-ac26-96374823b3ef - - - - -] Provisioning for port b0d6ec20-4539-42c8-9868-3e00c3005089 completed by entity L2. provisioning_complete /usr/lib/python2.7/site-packages/neutron/db/provisioning_blocks.py:132
2018-09-29 16:14:02.615 14262 DEBUG neutron.db.provisioning_blocks [req-5d5f1b7a-512c-44a5-ac26-96374823b3ef - - - - -] Provisioning complete for port b0d6ec20-4539-42c8-9868-3e00c3005089 triggered by entity L2. provisioning_complete /usr/lib/python2.7/site-packages/neutron/db/provisioning_blocks.py:138
2018-09-29 16:14:02.616 14262 DEBUG neutron_lib.callbacks.manager [req-5d5f1b7a-512c-44a5-ac26-96374823b3ef - - - - -] Notify callbacks ['neutron.plugins.ml2.plugin.Ml2Plugin._port_provisioned--9223372036853835788'] for port, provisioning_complete _notify_loop /usr/lib/python2.7/site-packages/neutron_lib/callbacks/manager.py:167
2018-09-29 16:14:02.702 14267 DEBUG neutron_lib.callbacks.manager [req-18cbb984-eeaa-4c0e-887f-d61a73e05a7d - - - - -] Notify callbacks ['neutron.services.segments.db._update_segment_host_mapping_for_agent-8734322625450'] for agent, after_update _notify_loop /usr/lib/python2.7/site-packages/neutron_lib/callbacks/manager.py:167
2018-09-29 16:14:02.888 14262 DEBUG neutron_lib.callbacks.manager [req-5d5f1b7a-512c-44a5-ac26-96374823b3ef - - - - -] Notify callbacks ['neutron.plugins.ml2.plugin.Ml2Plugin._ensure_default_security_group_handler-738091'] for port, before_update _notify_loop /usr/lib/python2.7/site-packages/neutron_lib/callbacks/manager.py:167
2018-09-29 16:14:02.984 14262 DEBUG oslo_concurrency.lockutils [-] Lock "notifier-d2b3a37e-4e4b-42fc-818b-e30ece16e94b" acquired by "neutron.notifiers.batch_notifier.synced_send" :: waited 0.000s inner /usr/lib/python2.7/site-packages/oslo_concurrency/lockutils.py:270
2018-09-29 16:14:02.985 14262 DEBUG neutron.notifiers.nova [-] Sending events: [{'status': 'completed', 'tag': u'b0d6ec20-4539-42c8-9868-3e00c3005089', 'name': 'network-vif-plugged', 'server_uuid': u'5ff2c322-5f46-467a-ab3b-dcd27e8452ce'}] send_events /usr/lib/python2.7/site-packages/neutron/notifiers/nova.py:242
2018-09-29 16:14:02.998 14262 DEBUG neutron.plugins.ml2.db [req-5d5f1b7a-512c-44a5-ac26-96374823b3ef - - - - -] For port b0d6ec20-4539-42c8-9868-3e00c3005089, host localhost.localdomain, got binding levels [<neutron.plugins.ml2.models.PortBindingLevel[object at 7f19e20c6810] {port_id=u'b0d6ec20-4539-42c8-9868-3e00c3005089', host=u'localhost.localdomain', level=0, driver=u'openvswitch', segment_id=u'8026917a-a734-4057-afda-30cb59224d59'}>] get_binding_levels /usr/lib/python2.7/site-packages/neutron/plugins/ml2/db.py:106
2018-09-29 16:14:03.013 14262 DEBUG neutron_lib.callbacks.manager [req-5d5f1b7a-512c-44a5-ac26-96374823b3ef - - - - -] Notify callbacks ['neutron.api.rpc.agentnotifiers.dhcp_rpc_agent_api.DhcpAgentNotifyAPI._native_event_send_dhcp_notification-1747882', 'neutron.db.l3_hascheduler_db._notify_l3_agent_ha_port_update--9223363302532511958', 'neutron.plugins.ml2.ovo_rpc._ObjectChangeHandler.handle_event--9223372036853147742', 'neutron.db.l3_dvrscheduler_db._notify_l3_agent_port_update-8734322262743', 'neutron.plugins.ml2.plugin.Ml2Plugin.notify_sg_on_port_change-738444'] for port, after_update _notify_loop /usr/lib/python2.7/site-packages/neutron_lib/callbacks/manager.py:167
2018-09-29 16:14:03.025 14262 DEBUG oslo_concurrency.lockutils [-] Lock "event-dispatch" acquired by "neutron.plugins.ml2.ovo_rpc.dispatch_events" :: waited 0.000s inner /usr/lib/python2.7/site-packages/oslo_concurrency/lockutils.py:270
2018-09-29 16:14:03.246 14262 DEBUG neutron.api.rpc.handlers.resources_rpc [req-5d5f1b7a-512c-44a5-ac26-96374823b3ef - - - - -] neutron.api.rpc.handlers.resources_rpc.ResourcesPushRpcApi method push called with arguments (<neutron_lib.context.Context object at 0x7f19e2251110>, [Port(admin_state_up=True,allowed_address_pairs=[],binding=PortBinding,binding_levels=[PortBindingLevel],created_at=2018-09-29T20:13:51Z,data_plane_status=<?>,description='',device_id='5ff2c322-5f46-467a-ab3b-dcd27e8452ce',device_owner='compute:nova',dhcp_options=[],distributed_binding=None,dns=None,fixed_ips=[IPAllocation],id=b0d6ec20-4539-42c8-9868-3e00c3005089,mac_address=fa:16:3e:0e:2f:b6,name='',network_id=597779f4-aa41-4ffa-8fcc-f40d2684c681,project_id='aa0ac3ab0c4d4f568192645be138865e',qos_policy_id=None,revision_number=6,security=PortSecurity(b0d6ec20-4539-42c8-9868-3e00c3005089),security_group_ids=set([9b9e6c1b-b541-43c2-aece-4ed5171a8b0c]),status='ACTIVE',updated_at=2018-09-29T20:14:02Z)], 'updated') {} wrapper /usr/lib/python2.7/site-packages/oslo_log/helpers.py:66
2018-09-29 16:14:03.268 14262 DEBUG neutron.api.rpc.callbacks.version_manager [req-5d5f1b7a-512c-44a5-ac26-96374823b3ef - - - - -] Version for resource type Subnet changed None to 1.0 on consumer Open vSwitch agent@localhost.localdomain _set_version /usr/lib/python2.7/site-packages/neutron/api/rpc/callbacks/version_manager.py:119
2018-09-29 16:14:03.269 14262 DEBUG neutron.api.rpc.callbacks.version_manager [req-5d5f1b7a-512c-44a5-ac26-96374823b3ef - - - - -] Version for resource type Network changed None to 1.0 on consumer Open vSwitch agent@localhost.localdomain _set_version /usr/lib/python2.7/site-packages/neutron/api/rpc/callbacks/version_manager.py:119
2018-09-29 16:14:03.270 14262 DEBUG neutron.api.rpc.callbacks.version_manager [req-5d5f1b7a-512c-44a5-ac26-96374823b3ef - - - - -] Version for resource type SubPort changed None to 1.0 on consumer Open vSwitch agent@localhost.localdomain _set_version /usr/lib/python2.7/site-packages/neutron/api/rpc/callbacks/version_manager.py:119
2018-09-29 16:14:03.270 14262 DEBUG neutron.api.rpc.callbacks.version_manager [req-5d5f1b7a-512c-44a5-ac26-96374823b3ef - - - - -] Version for resource type SecurityGroup changed None to 1.0 on consumer Open vSwitch agent@localhost.localdomain _set_version /usr/lib/python2.7/site-packages/neutron/api/rpc/callbacks/version_manager.py:119
2018-09-29 16:14:03.271 14262 DEBUG neutron.api.rpc.callbacks.version_manager [req-5d5f1b7a-512c-44a5-ac26-96374823b3ef - - - - -] Version for resource type SecurityGroupRule changed None to 1.0 on consumer Open vSwitch agent@localhost.localdomain _set_version /usr/lib/python2.7/site-packages/neutron/api/rpc/callbacks/version_manager.py:119
2018-09-29 16:14:03.272 14262 DEBUG neutron.api.rpc.callbacks.version_manager [req-5d5f1b7a-512c-44a5-ac26-96374823b3ef - - - - -] Version for resource type Trunk changed None to 1.1 on consumer Open vSwitch agent@localhost.localdomain _set_version /usr/lib/python2.7/site-packages/neutron/api/rpc/callbacks/version_manager.py:119
2018-09-29 16:14:03.272 14262 DEBUG neutron.api.rpc.callbacks.version_manager [req-5d5f1b7a-512c-44a5-ac26-96374823b3ef - - - - -] Version for resource type QosPolicy changed None to 1.6 on consumer Open vSwitch agent@localhost.localdomain _set_version /usr/lib/python2.7/site-packages/neutron/api/rpc/callbacks/version_manager.py:119
2018-09-29 16:14:03.273 14262 DEBUG neutron.api.rpc.callbacks.version_manager [req-5d5f1b7a-512c-44a5-ac26-96374823b3ef - - - - -] Version for resource type Port changed None to 1.1 on consumer Open vSwitch agent@localhost.localdomain _set_version /usr/lib/python2.7/site-packages/neutron/api/rpc/callbacks/version_manager.py:119
2018-09-29 16:14:03.273 14262 DEBUG neutron.api.rpc.callbacks.version_manager [req-5d5f1b7a-512c-44a5-ac26-96374823b3ef - - - - -] Version for resource type Log changed None to 1.0 on consumer Open vSwitch agent@localhost.localdomain _set_version /usr/lib/python2.7/site-packages/neutron/api/rpc/callbacks/version_manager.py:119
2018-09-29 16:14:03.328 14262 DEBUG oslo_concurrency.lockutils [req-5d5f1b7a-512c-44a5-ac26-96374823b3ef - - - - -] Lock "event-dispatch" released by "neutron.plugins.ml2.ovo_rpc.dispatch_events" :: held 0.304s inner /usr/lib/python2.7/site-packages/oslo_concurrency/lockutils.py:282
2018-09-29 16:14:04.093 14262 DEBUG novaclient.v2.client [-] REQ: curl -g -i -X POST http://10.0.20.36:8774/v2.1/2826c499828f44719ccb8a386423ec45/os-server-external-events -H "User-Agent: python-novaclient" -H "Content-Type: application/json" -H "Accept: application/json" -H "X-OpenStack-Nova-API-Version: 2.1" -H "X-Auth-Token: {SHA1}f95cbb49b7d86b5b9cb9611d95169ace47c57436" -d '{"events": [{"status": "completed", "tag": "b0d6ec20-4539-42c8-9868-3e00c3005089", "name": "network-vif-plugged", "server_uuid": "5ff2c322-5f46-467a-ab3b-dcd27e8452ce"}]}' _http_log_request /usr/lib/python2.7/site-packages/keystoneauth1/session.py:375
2018-09-29 16:14:04.295 14260 DEBUG neutron.plugins.ml2.rpc [req-5d5f1b7a-512c-44a5-ac26-96374823b3ef - - - - -] Device b0d6ec20-4539-42c8-9868-3e00c3005089 up at agent ovs-agent-localhost.localdomain update_device_up /usr/lib/python2.7/site-packages/neutron/plugins/ml2/rpc.py:244
2018-09-29 16:14:04.484 14260 DEBUG neutron.db.provisioning_blocks [req-5d5f1b7a-512c-44a5-ac26-96374823b3ef - - - - -] Provisioning complete for port b0d6ec20-4539-42c8-9868-3e00c3005089 triggered by entity L2. provisioning_complete /usr/lib/python2.7/site-packages/neutron/db/provisioning_blocks.py:138
2018-09-29 16:14:04.486 14260 DEBUG neutron_lib.callbacks.manager [req-5d5f1b7a-512c-44a5-ac26-96374823b3ef - - - - -] Notify callbacks ['neutron.plugins.ml2.plugin.Ml2Plugin._port_provisioned--9223372036853835788'] for port, provisioning_complete _notify_loop /usr/lib/python2.7/site-packages/neutron_lib/callbacks/manager.py:167
2018-09-29 16:14:06.008 14264 DEBUG neutron_lib.callbacks.manager [req-8aece6e8-46c9-4ba6-aca0-30114415d0a8 - - - - -] Notify callbacks ['neutron.services.segments.db._update_segment_host_mapping_for_agent-8734322625450'] for agent, after_update _notify_loop /usr/lib/python2.7/site-packages/neutron_lib/callbacks/manager.py:167
2018-09-29 16:14:07.657 14262 DEBUG novaclient.v2.client [-] RESP: [200] Content-Length: 183 Content-Type: application/json Openstack-Api-Version: compute 2.1 X-Openstack-Nova-Api-Version: 2.1 Vary: OpenStack-API-Version, X-OpenStack-Nova-API-Version X-Openstack-Request-Id: req-f038f96a-42fb-44e9-a933-7d8092960bf2 X-Compute-Request-Id: req-f038f96a-42fb-44e9-a933-7d8092960bf2 Date: Sat, 29 Sep 2018 20:14:07 GMT Connection: keep-alive 
RESP BODY: {"events": [{"status": "completed", "tag": "b0d6ec20-4539-42c8-9868-3e00c3005089", "name": "network-vif-plugged", "server_uuid": "5ff2c322-5f46-467a-ab3b-dcd27e8452ce", "code": 200}]}
 _http_log_response /usr/lib/python2.7/site-packages/keystoneauth1/session.py:423
2018-09-29 16:14:07.658 14262 DEBUG novaclient.v2.client [-] POST call to compute for http://10.0.20.36:8774/v2.1/2826c499828f44719ccb8a386423ec45/os-server-external-events used request id req-f038f96a-42fb-44e9-a933-7d8092960bf2 request /usr/lib/python2.7/site-packages/keystoneauth1/session.py:727
2018-09-29 16:14:07.669 14262 INFO neutron.notifiers.nova [-] Nova event response: {u'status': u'completed', u'tag': u'b0d6ec20-4539-42c8-9868-3e00c3005089', u'name': u'network-vif-plugged', u'server_uuid': u'5ff2c322-5f46-467a-ab3b-dcd27e8452ce', u'code': 200}
2018-09-29 16:14:08.777 14254 DEBUG neutron.wsgi [-] (14254) accepted ('10.0.20.36', 59270) server /usr/lib/python2.7/site-packages/eventlet/wsgi.py:883
2018-09-29 16:14:09.669 14262 DEBUG oslo_concurrency.lockutils [-] Lock "notifier-d2b3a37e-4e4b-42fc-818b-e30ece16e94b" released by "neutron.notifiers.batch_notifier.synced_send" :: held 6.686s inner /usr/lib/python2.7/site-packages/oslo_concurrency/lockutils.py:282
2018-09-29 16:14:09.740 14254 INFO neutron.wsgi [req-7b836dfe-fd35-4ef7-9b1b-4147c114dde5 d6a75815250c478d88e883744ac9f125 aa0ac3ab0c4d4f568192645be138865e - d4868f6ebd8d4b1eb99c160b6df8a558 d4868f6ebd8d4b1eb99c160b6df8a558] 10.0.20.36 "GET /v2.0/ports?device_id=5ff2c322-5f46-467a-ab3b-dcd27e8452ce HTTP/1.1" status: 200  len: 1124 time: 0.9593539
2018-09-29 16:14:09.870 14254 INFO neutron.wsgi [req-b0eed28f-0c1b-4fc8-9e19-167ccca533f0 d6a75815250c478d88e883744ac9f125 aa0ac3ab0c4d4f568192645be138865e - d4868f6ebd8d4b1eb99c160b6df8a558 d4868f6ebd8d4b1eb99c160b6df8a558] 10.0.20.36 "GET /v2.0/security-groups?id=9b9e6c1b-b541-43c2-aece-4ed5171a8b0c HTTP/1.1" status: 200  len: 2118 time: 0.1232021
2018-09-29 16:14:20.480 14254 DEBUG neutron.wsgi [-] (14254) accepted ('10.0.20.36', 59290) server /usr/lib/python2.7/site-packages/eventlet/wsgi.py:883
2018-09-29 16:14:20.484 14254 INFO neutron.wsgi [-] 10.0.20.36 "GET / HTTP/1.1" status: 200  len: 252 time: 0.0019660
2018-09-29 16:14:21.047 14254 INFO neutron.pecan_wsgi.hooks.translation [req-e7abcdc3-fe85-4407-b1ca-b9682308062c e386cb43209f41fcb7173020f656e97e 63d6ee59c98741e4acf874cc7755dc45 - default default] GET failed (client error): The resource could not be found.
2018-09-29 16:14:21.050 14254 INFO neutron.wsgi [req-e7abcdc3-fe85-4407-b1ca-b9682308062c e386cb43209f41fcb7173020f656e97e 63d6ee59c98741e4acf874cc7755dc45 - default default] 10.0.20.36 "GET /v2.0/networks/public HTTP/1.1" status: 404  len: 314 time: 0.5599730
2018-09-29 16:14:21.302 14254 DEBUG neutron.pecan_wsgi.hooks.policy_enforcement [req-08d8f673-977a-4edd-855a-c2547ac0c6ac e386cb43209f41fcb7173020f656e97e 63d6ee59c98741e4acf874cc7755dc45 - default default] Attributes excluded by policy engine: [u'vlan_transparent'] _exclude_attributes_by_policy /usr/lib/python2.7/site-packages/neutron/pecan_wsgi/hooks/policy_enforcement.py:256
2018-09-29 16:14:21.303 14254 DEBUG neutron.pecan_wsgi.hooks.policy_enforcement [req-08d8f673-977a-4edd-855a-c2547ac0c6ac e386cb43209f41fcb7173020f656e97e 63d6ee59c98741e4acf874cc7755dc45 - default default] Attributes excluded by policy engine: [u'vlan_transparent'] _exclude_attributes_by_policy /usr/lib/python2.7/site-packages/neutron/pecan_wsgi/hooks/policy_enforcement.py:256
2018-09-29 16:14:21.303 14254 DEBUG neutron.pecan_wsgi.hooks.policy_enforcement [req-08d8f673-977a-4edd-855a-c2547ac0c6ac e386cb43209f41fcb7173020f656e97e 63d6ee59c98741e4acf874cc7755dc45 - default default] Attributes excluded by policy engine: [u'vlan_transparent'] _exclude_attributes_by_policy /usr/lib/python2.7/site-packages/neutron/pecan_wsgi/hooks/policy_enforcement.py:256
2018-09-29 16:14:21.306 14254 INFO neutron.wsgi [req-08d8f673-977a-4edd-855a-c2547ac0c6ac e386cb43209f41fcb7173020f656e97e 63d6ee59c98741e4acf874cc7755dc45 - default default] 10.0.20.36 "GET /v2.0/networks HTTP/1.1" status: 200  len: 2214 time: 0.2489049
2018-09-29 16:14:21.366 14265 DEBUG neutron_lib.callbacks.manager [req-f0b66701-4992-4242-bc96-acc54a57238b - - - - -] Notify callbacks ['neutron.services.segments.db._update_segment_host_mapping_for_agent-8734322625450'] for agent, after_update _notify_loop /usr/lib/python2.7/site-packages/neutron_lib/callbacks/manager.py:167
2018-09-29 16:14:21.796 14254 DEBUG neutron.api.v2.base [req-44413a48-6762-48ab-86c9-98d678935645 e386cb43209f41fcb7173020f656e97e 63d6ee59c98741e4acf874cc7755dc45 - default default] Request body: {u'floatingip': {u'floating_network_id': u'c140d30c-ba37-4570-9e0b-48390f7eeee1', u'tenant_id': u'aa0ac3ab0c4d4f568192645be138865e'}} prepare_request_body /usr/lib/python2.7/site-packages/neutron/api/v2/base.py:695
2018-09-29 16:14:21.809 14254 DEBUG neutron.db.quota.driver [req-44413a48-6762-48ab-86c9-98d678935645 e386cb43209f41fcb7173020f656e97e 63d6ee59c98741e4acf874cc7755dc45 - default default] Resources subnetpool have unlimited quota limit. It is not required to calculate headroom  make_reservation /usr/lib/python2.7/site-packages/neutron/db/quota/driver.py:223
2018-09-29 16:14:21.817 14254 DEBUG neutron.quota.resource [req-44413a48-6762-48ab-86c9-98d678935645 e386cb43209f41fcb7173020f656e97e 63d6ee59c98741e4acf874cc7755dc45 - default default] Usage tracker for resource:floatingip and tenant:aa0ac3ab0c4d4f568192645be138865e is out of sync, need to count used quota count_used /usr/lib/python2.7/site-packages/neutron/quota/resource.py:274
2018-09-29 16:14:21.832 14254 DEBUG neutron.quota.resource [req-44413a48-6762-48ab-86c9-98d678935645 e386cb43209f41fcb7173020f656e97e 63d6ee59c98741e4acf874cc7755dc45 - default default] Quota usage for floatingip was recalculated. Used quota:0. count_used /usr/lib/python2.7/site-packages/neutron/quota/resource.py:293
2018-09-29 16:14:21.844 14254 DEBUG neutron.db.quota.driver [req-44413a48-6762-48ab-86c9-98d678935645 e386cb43209f41fcb7173020f656e97e 63d6ee59c98741e4acf874cc7755dc45 - default default] Attempting to reserve 1 items for resource floatingip. Total usage: 0; quota limit: 50; headroom:50 make_reservation /usr/lib/python2.7/site-packages/neutron/db/quota/driver.py:255
2018-09-29 16:14:22.131 14254 DEBUG neutron_lib.callbacks.manager [req-44413a48-6762-48ab-86c9-98d678935645 e386cb43209f41fcb7173020f656e97e 63d6ee59c98741e4acf874cc7755dc45 - default default] Notify callbacks ['neutron.plugins.ml2.plugin.Ml2Plugin._ensure_default_security_group_handler-738091'] for port, before_create _notify_loop /usr/lib/python2.7/site-packages/neutron_lib/callbacks/manager.py:167
2018-09-29 16:14:22.573 14254 DEBUG neutron.db.db_base_plugin_common [req-44413a48-6762-48ab-86c9-98d678935645 e386cb43209f41fcb7173020f656e97e 63d6ee59c98741e4acf874cc7755dc45 - default default] Allocated IP 172.24.4.14 (c140d30c-ba37-4570-9e0b-48390f7eeee1/ee2b427c-1494-4c9a-94e6-33722268815a/e77a5ebb-89ad-45ff-b689-f546cba2ac50) _store_ip_allocation /usr/lib/python2.7/site-packages/neutron/db/db_base_plugin_common.py:122
2018-09-29 16:14:22.844 14254 DEBUG neutron_lib.callbacks.manager [req-44413a48-6762-48ab-86c9-98d678935645 e386cb43209f41fcb7173020f656e97e 63d6ee59c98741e4acf874cc7755dc45 - default default] Notify callbacks [] for port, precommit_create _notify_loop /usr/lib/python2.7/site-packages/neutron_lib/callbacks/manager.py:167
2018-09-29 16:14:22.918 14254 DEBUG neutron_lib.callbacks.manager [req-44413a48-6762-48ab-86c9-98d678935645 e386cb43209f41fcb7173020f656e97e 63d6ee59c98741e4acf874cc7755dc45 - default default] Notify callbacks ['neutron.api.rpc.agentnotifiers.dhcp_rpc_agent_api.DhcpAgentNotifyAPI._native_event_send_dhcp_notification-1747882', 'neutron.plugins.ml2.ovo_rpc._ObjectChangeHandler.handle_event--9223372036853147742', 'neutron.db.l3_dvrscheduler_db._notify_l3_agent_new_port-8734322262728', 'neutron.plugins.ml2.plugin.Ml2Plugin.notify_sg_on_port_change-738444'] for port, after_create _notify_loop /usr/lib/python2.7/site-packages/neutron_lib/callbacks/manager.py:167
2018-09-29 16:14:23.124 14254 DEBUG neutron.scheduler.dhcp_agent_scheduler [req-44413a48-6762-48ab-86c9-98d678935645 e386cb43209f41fcb7173020f656e97e 63d6ee59c98741e4acf874cc7755dc45 - default default] Network c140d30c-ba37-4570-9e0b-48390f7eeee1 is already hosted by enough agents. _get_dhcp_agents_hosting_network /usr/lib/python2.7/site-packages/neutron/scheduler/dhcp_agent_scheduler.py:243
2018-09-29 16:14:23.155 14254 DEBUG neutron.db.l3_dvrscheduler_db [req-44413a48-6762-48ab-86c9-98d678935645 e386cb43209f41fcb7173020f656e97e 63d6ee59c98741e4acf874cc7755dc45 - default default] Received port after_create _notify_l3_agent_new_port /usr/lib/python2.7/site-packages/neutron/db/l3_dvrscheduler_db.py:392
2018-09-29 16:14:23.160 14254 DEBUG oslo_concurrency.lockutils [-] Lock "event-dispatch" acquired by "neutron.plugins.ml2.ovo_rpc.dispatch_events" :: waited 0.000s inner /usr/lib/python2.7/site-packages/oslo_concurrency/lockutils.py:270
2018-09-29 16:14:23.322 14254 DEBUG neutron.api.rpc.handlers.resources_rpc [req-44413a48-6762-48ab-86c9-98d678935645 e386cb43209f41fcb7173020f656e97e 63d6ee59c98741e4acf874cc7755dc45 - - -] neutron.api.rpc.handlers.resources_rpc.ResourcesPushRpcApi method push called with arguments (<neutron_lib.context.Context object at 0x7f19e227e090>, [Port(admin_state_up=True,allowed_address_pairs=[],binding=PortBinding,binding_levels=[],created_at=2018-09-29T20:14:22Z,data_plane_status=<?>,description='',device_id='PENDING',device_owner='network:floatingip',dhcp_options=[],distributed_binding=None,dns=None,fixed_ips=[IPAllocation],id=e77a5ebb-89ad-45ff-b689-f546cba2ac50,mac_address=fa:16:3e:d3:b5:27,name='',network_id=c140d30c-ba37-4570-9e0b-48390f7eeee1,project_id='',qos_policy_id=None,revision_number=3,security=PortSecurity(e77a5ebb-89ad-45ff-b689-f546cba2ac50),security_group_ids=set([]),status='N/A',updated_at=2018-09-29T20:14:22Z)], 'updated') {} wrapper /usr/lib/python2.7/site-packages/oslo_log/helpers.py:66
2018-09-29 16:14:23.348 14254 DEBUG oslo_concurrency.lockutils [req-44413a48-6762-48ab-86c9-98d678935645 e386cb43209f41fcb7173020f656e97e 63d6ee59c98741e4acf874cc7755dc45 - - -] Lock "event-dispatch" released by "neutron.plugins.ml2.ovo_rpc.dispatch_events" :: held 0.188s inner /usr/lib/python2.7/site-packages/oslo_concurrency/lockutils.py:282
2018-09-29 16:14:23.353 14254 DEBUG neutron_lib.callbacks.manager [req-44413a48-6762-48ab-86c9-98d678935645 e386cb43209f41fcb7173020f656e97e 63d6ee59c98741e4acf874cc7755dc45 - default default] Notify callbacks ['neutron.plugins.ml2.plugin.Ml2Plugin._ensure_default_security_group_handler-738091'] for port, before_update _notify_loop /usr/lib/python2.7/site-packages/neutron_lib/callbacks/manager.py:167
2018-09-29 16:14:24.025 14254 DEBUG neutron_lib.callbacks.manager [req-44413a48-6762-48ab-86c9-98d678935645 e386cb43209f41fcb7173020f656e97e 63d6ee59c98741e4acf874cc7755dc45 - default default] Notify callbacks [] for port, precommit_update _notify_loop /usr/lib/python2.7/site-packages/neutron_lib/callbacks/manager.py:167
2018-09-29 16:14:24.030 14254 DEBUG neutron_lib.callbacks.manager [req-44413a48-6762-48ab-86c9-98d678935645 e386cb43209f41fcb7173020f656e97e 63d6ee59c98741e4acf874cc7755dc45 - default default] Notify callbacks ['neutron.api.rpc.agentnotifiers.dhcp_rpc_agent_api.DhcpAgentNotifyAPI._native_event_send_dhcp_notification-1747882', 'neutron.db.l3_hascheduler_db._notify_l3_agent_ha_port_update--9223363302532511958', 'neutron.plugins.ml2.ovo_rpc._ObjectChangeHandler.handle_event--9223372036853147742', 'neutron.db.l3_dvrscheduler_db._notify_l3_agent_port_update-8734322262743', 'neutron.plugins.ml2.plugin.Ml2Plugin.notify_sg_on_port_change-738444'] for port, after_update _notify_loop /usr/lib/python2.7/site-packages/neutron_lib/callbacks/manager.py:167
2018-09-29 16:14:24.051 14268 DEBUG neutron_lib.callbacks.manager [req-5d5f1b7a-512c-44a5-ac26-96374823b3ef - - - - -] Notify callbacks ['neutron.services.segments.db._update_segment_host_mapping_for_agent-8734322625450'] for agent, after_update _notify_loop /usr/lib/python2.7/site-packages/neutron_lib/callbacks/manager.py:167
2018-09-29 16:14:24.254 14254 DEBUG neutron_lib.callbacks.manager [req-44413a48-6762-48ab-86c9-98d678935645 e386cb43209f41fcb7173020f656e97e 63d6ee59c98741e4acf874cc7755dc45 - default default] Notify callbacks ['neutron.services.l3_router.l3_router_plugin.L3RouterPlugin._create_dvr_floating_gw_port--9223372036853154724'] for floatingip, after_update _notify_loop /usr/lib/python2.7/site-packages/neutron_lib/callbacks/manager.py:167
2018-09-29 16:14:24.260 14254 DEBUG oslo_concurrency.lockutils [-] Lock "event-dispatch" acquired by "neutron.plugins.ml2.ovo_rpc.dispatch_events" :: waited 0.000s inner /usr/lib/python2.7/site-packages/oslo_concurrency/lockutils.py:270
2018-09-29 16:14:24.364 14254 DEBUG neutron.quota.resource [req-44413a48-6762-48ab-86c9-98d678935645 e386cb43209f41fcb7173020f656e97e 63d6ee59c98741e4acf874cc7755dc45 - default default] Persisted dirty status for tenant:aa0ac3ab0c4d4f568192645be138865e on resource:floatingip mark_dirty /usr/lib/python2.7/site-packages/neutron/quota/resource.py:207
2018-09-29 16:14:24.374 14254 DEBUG neutron.quota.resource [req-44413a48-6762-48ab-86c9-98d678935645 e386cb43209f41fcb7173020f656e97e 63d6ee59c98741e4acf874cc7755dc45 - default default] Persisted dirty status for tenant: on resource:port mark_dirty /usr/lib/python2.7/site-packages/neutron/quota/resource.py:207
2018-09-29 16:14:24.392 14254 DEBUG neutron_lib.callbacks.manager [req-44413a48-6762-48ab-86c9-98d678935645 e386cb43209f41fcb7173020f656e97e 63d6ee59c98741e4acf874cc7755dc45 - default default] Notify callbacks ['neutron.notifiers.nova.Notifier._send_nova_notification--9223372036854774764'] for floatingip, before_response _notify_loop /usr/lib/python2.7/site-packages/neutron_lib/callbacks/manager.py:167
2018-09-29 16:14:24.395 14254 INFO neutron.wsgi [req-44413a48-6762-48ab-86c9-98d678935645 e386cb43209f41fcb7173020f656e97e 63d6ee59c98741e4acf874cc7755dc45 - default default] 10.0.20.36 "POST /v2.0/floatingips HTTP/1.1" status: 201  len: 675 time: 2.6084011
2018-09-29 16:14:24.399 14254 DEBUG neutron.api.rpc.handlers.resources_rpc [req-44413a48-6762-48ab-86c9-98d678935645 e386cb43209f41fcb7173020f656e97e 63d6ee59c98741e4acf874cc7755dc45 - - -] neutron.api.rpc.handlers.resources_rpc.ResourcesPushRpcApi method push called with arguments (<neutron_lib.context.Context object at 0x7f19e2265650>, [Port(admin_state_up=True,allowed_address_pairs=[],binding=PortBinding,binding_levels=[],created_at=2018-09-29T20:14:22Z,data_plane_status=<?>,description='',device_id='22b4b4ba-019f-4ee4-a67d-a8cd239928d8',device_owner='network:floatingip',dhcp_options=[],distributed_binding=None,dns=None,fixed_ips=[IPAllocation],id=e77a5ebb-89ad-45ff-b689-f546cba2ac50,mac_address=fa:16:3e:d3:b5:27,name='',network_id=c140d30c-ba37-4570-9e0b-48390f7eeee1,project_id='',qos_policy_id=None,revision_number=4,security=PortSecurity(e77a5ebb-89ad-45ff-b689-f546cba2ac50),security_group_ids=set([]),status='N/A',updated_at=2018-09-29T20:14:23Z)], 'updated') {} wrapper /usr/lib/python2.7/site-packages/oslo_log/helpers.py:66
2018-09-29 16:14:24.425 14254 DEBUG oslo_concurrency.lockutils [req-44413a48-6762-48ab-86c9-98d678935645 e386cb43209f41fcb7173020f656e97e 63d6ee59c98741e4acf874cc7755dc45 - - -] Lock "event-dispatch" released by "neutron.plugins.ml2.ovo_rpc.dispatch_events" :: held 0.164s inner /usr/lib/python2.7/site-packages/oslo_concurrency/lockutils.py:282
2018-09-29 16:14:31.529 14259 DEBUG neutron_lib.callbacks.manager [req-23810ecc-aab1-4724-814e-bd535a08a863 - - - - -] Notify callbacks ['neutron.services.segments.db._update_segment_host_mapping_for_agent-8734322625450'] for agent, after_update _notify_loop /usr/lib/python2.7/site-packages/neutron_lib/callbacks/manager.py:167
2018-09-29 16:14:32.221 14256 DEBUG neutron.wsgi [-] (14256) accepted ('10.0.20.36', 59348) server /usr/lib/python2.7/site-packages/eventlet/wsgi.py:883
2018-09-29 16:14:32.606 14256 INFO neutron.wsgi [req-1e4a847c-e419-47bb-a55d-ab4179eff6d2 52db2c2bb2754474a9e626ac3befb2ef 2826c499828f44719ccb8a386423ec45 - default default] 10.0.20.36 "GET /v2.0/ports?device_id=5ff2c322-5f46-467a-ab3b-dcd27e8452ce HTTP/1.1" status: 200  len: 1124 time: 0.3821609
2018-09-29 16:14:32.684 14269 DEBUG neutron_lib.callbacks.manager [req-019ebf53-c10f-437b-b680-cb21fb97a2bf - - - - -] Notify callbacks ['neutron.services.segments.db._update_segment_host_mapping_for_agent-8734322625450'] for agent, after_update _notify_loop /usr/lib/python2.7/site-packages/neutron_lib/callbacks/manager.py:167
2018-09-29 16:14:32.721 14256 INFO neutron.wsgi [req-937b6596-9c25-4d84-a079-5a43966401ad 52db2c2bb2754474a9e626ac3befb2ef 2826c499828f44719ccb8a386423ec45 - default default] 10.0.20.36 "GET /v2.0/security-groups?id=9b9e6c1b-b541-43c2-aece-4ed5171a8b0c HTTP/1.1" status: 200  len: 2118 time: 0.1070280
2018-09-29 16:14:35.565 14258 DEBUG neutron.wsgi [-] (14258) accepted ('10.0.20.36', 59392) server /usr/lib/python2.7/site-packages/eventlet/wsgi.py:883
2018-09-29 16:14:35.867 14254 DEBUG neutron.wsgi [-] (14254) accepted ('10.0.20.36', 59396) server /usr/lib/python2.7/site-packages/eventlet/wsgi.py:883
2018-09-29 16:14:35.952 14258 WARNING keystonemiddleware.auth_token [-] A valid token was submitted as a service token, but it was not a valid service token. This is incorrect but backwards compatible behaviour. This will be removed in future releases.
2018-09-29 16:14:35.984 14262 DEBUG neutron_lib.callbacks.manager [req-8aece6e8-46c9-4ba6-aca0-30114415d0a8 - - - - -] Notify callbacks ['neutron.services.segments.db._update_segment_host_mapping_for_agent-8734322625450'] for agent, after_update _notify_loop /usr/lib/python2.7/site-packages/neutron_lib/callbacks/manager.py:167
2018-09-29 16:14:36.399 14254 INFO neutron.wsgi [req-48571aa3-3982-48ed-8584-ef851853be36 52db2c2bb2754474a9e626ac3befb2ef 2826c499828f44719ccb8a386423ec45 - default default] 10.0.20.36 "GET /v2.0/ports?device_id=5ff2c322-5f46-467a-ab3b-dcd27e8452ce HTTP/1.1" status: 200  len: 1124 time: 0.5296609
2018-09-29 16:14:36.459 14258 INFO neutron.wsgi [req-8b99f90d-8384-40a7-b249-c4165fb4799b d6a75815250c478d88e883744ac9f125 aa0ac3ab0c4d4f568192645be138865e - d4868f6ebd8d4b1eb99c160b6df8a558 d4868f6ebd8d4b1eb99c160b6df8a558] 10.0.20.36 "GET /v2.0/ports?device_id=5ff2c322-5f46-467a-ab3b-dcd27e8452ce HTTP/1.1" status: 200  len: 1124 time: 0.8918769
2018-09-29 16:14:36.506 14254 INFO neutron.wsgi [req-779685a4-c22c-4ef2-b891-d48b289203e5 52db2c2bb2754474a9e626ac3befb2ef 2826c499828f44719ccb8a386423ec45 - default default] 10.0.20.36 "GET /v2.0/security-groups?id=9b9e6c1b-b541-43c2-aece-4ed5171a8b0c HTTP/1.1" status: 200  len: 2118 time: 0.1014509
2018-09-29 16:14:36.586 14258 INFO neutron.wsgi [req-694a1b8a-ad87-49e5-8d39-9c7ba48580c6 d6a75815250c478d88e883744ac9f125 aa0ac3ab0c4d4f568192645be138865e - d4868f6ebd8d4b1eb99c160b6df8a558 d4868f6ebd8d4b1eb99c160b6df8a558] 10.0.20.36 "GET /v2.0/security-groups?id=9b9e6c1b-b541-43c2-aece-4ed5171a8b0c HTTP/1.1" status: 200  len: 2118 time: 0.1195729
2018-09-29 16:14:36.826 14258 INFO neutron.wsgi [req-4e7fabfd-33d0-4d0c-8dd3-a4f51577ab9e d6a75815250c478d88e883744ac9f125 aa0ac3ab0c4d4f568192645be138865e - d4868f6ebd8d4b1eb99c160b6df8a558 d4868f6ebd8d4b1eb99c160b6df8a558] 10.0.20.36 "GET /v2.0/ports?device_owner=compute%3Anova&device_id=5ff2c322-5f46-467a-ab3b-dcd27e8452ce HTTP/1.1" status: 200  len: 1124 time: 0.1007431
2018-09-29 16:14:36.877 14258 INFO neutron.wsgi [req-e69e019b-330e-4ff2-baac-6feac7da0b8c d6a75815250c478d88e883744ac9f125 aa0ac3ab0c4d4f568192645be138865e - d4868f6ebd8d4b1eb99c160b6df8a558 d4868f6ebd8d4b1eb99c160b6df8a558] 10.0.20.36 "GET /v2.0/floatingips?floating_ip_address=172.24.4.14 HTTP/1.1" status: 200  len: 673 time: 0.0436900
2018-09-29 16:14:36.891 14258 DEBUG neutron.api.v2.base [req-38166e3c-9504-4291-bea7-8d4bb2d26c5a d6a75815250c478d88e883744ac9f125 aa0ac3ab0c4d4f568192645be138865e - d4868f6ebd8d4b1eb99c160b6df8a558 d4868f6ebd8d4b1eb99c160b6df8a558] Request body: {u'floatingip': {u'fixed_ip_address': u'11.117.1.8', u'port_id': u'b0d6ec20-4539-42c8-9868-3e00c3005089'}} prepare_request_body /usr/lib/python2.7/site-packages/neutron/api/v2/base.py:695
2018-09-29 16:14:37.216 14258 DEBUG neutron_lib.callbacks.manager [req-38166e3c-9504-4291-bea7-8d4bb2d26c5a d6a75815250c478d88e883744ac9f125 aa0ac3ab0c4d4f568192645be138865e - d4868f6ebd8d4b1eb99c160b6df8a558 d4868f6ebd8d4b1eb99c160b6df8a558] Notify callbacks ['neutron.services.l3_router.l3_router_plugin.L3RouterPlugin._create_dvr_floating_gw_port--9223372036853154724'] for floatingip, after_update _notify_loop /usr/lib/python2.7/site-packages/neutron_lib/callbacks/manager.py:167
2018-09-29 16:14:38.001 14258 DEBUG neutron.scheduler.l3_agent_scheduler [req-38166e3c-9504-4291-bea7-8d4bb2d26c5a d6a75815250c478d88e883744ac9f125 aa0ac3ab0c4d4f568192645be138865e - d4868f6ebd8d4b1eb99c160b6df8a558 d4868f6ebd8d4b1eb99c160b6df8a558] Router 7f0638f6-691c-4f1d-a382-68489344c42b has already been hosted by L3 agent c95931d1-846c-45d1-8e0c-72fb3c900644 _get_candidates /usr/lib/python2.7/site-packages/neutron/scheduler/l3_agent_scheduler.py:141
2018-09-29 16:14:38.231 14258 DEBUG neutron.api.rpc.agentnotifiers.l3_rpc_agent_api [req-38166e3c-9504-4291-bea7-8d4bb2d26c5a d6a75815250c478d88e883744ac9f125 aa0ac3ab0c4d4f568192645be138865e - d4868f6ebd8d4b1eb99c160b6df8a558 d4868f6ebd8d4b1eb99c160b6df8a558] Notify agent at l3_agent.localhost.localdomain the message routers_updated _agent_notification /usr/lib/python2.7/site-packages/neutron/api/rpc/agentnotifiers/l3_rpc_agent_api.py:69
2018-09-29 16:14:38.259 14254 DEBUG neutron.wsgi [-] (14254) accepted ('10.0.20.36', 59414) server /usr/lib/python2.7/site-packages/eventlet/wsgi.py:883
2018-09-29 16:14:38.273 14258 DEBUG neutron_lib.callbacks.manager [req-38166e3c-9504-4291-bea7-8d4bb2d26c5a d6a75815250c478d88e883744ac9f125 aa0ac3ab0c4d4f568192645be138865e - d4868f6ebd8d4b1eb99c160b6df8a558 d4868f6ebd8d4b1eb99c160b6df8a558] Notify callbacks ['neutron.notifiers.nova.Notifier._send_nova_notification--9223372036854774764'] for floatingip, before_response _notify_loop /usr/lib/python2.7/site-packages/neutron_lib/callbacks/manager.py:167
2018-09-29 16:14:38.312 14264 DEBUG neutron.db.l3_hamode_db [req-43a8b7bf-dbd2-431d-8421-f8be43a0b8b1 - - - - -] neutron.services.l3_router.l3_router_plugin.L3RouterPlugin method get_ha_sync_data_for_host called with arguments (<neutron_lib.context.Context object at 0x7f19e2610150>, u'localhost.localdomain', <neutron.db.models.agent.Agent[object at 7f19e26ef610] {id=u'c95931d1-846c-45d1-8e0c-72fb3c900644', agent_type=u'L3 agent', binary=u'neutron-l3-agent', topic=u'l3_agent', host=u'localhost.localdomain', availability_zone=u'nova', admin_state_up=True, created_at=datetime.datetime(2018, 9, 12, 22, 21, 46), started_at=datetime.datetime(2018, 9, 29, 20, 4, 51), heartbeat_timestamp=datetime.datetime(2018, 9, 29, 20, 14, 21), description=None, configurations=u'{"agent_mode": "legacy", "gateway_external_network_id": "", "handle_internal_only_routers": true, "routers": 2, "interfaces": 2, "floating_ips": 0, "interface_driver": "neutron.agent.linux.interface.OVSInterfaceDriver", "log_agent_heartbeats": false, "external_network_bridge": "", "ex_gw_ports": 2}', resource_versions=None, load=0}>) {'active': True, 'router_ids': ['7f0638f6-691c-4f1d-a382-68489344c42b']} wrapper /usr/lib/python2.7/site-packages/oslo_log/helpers.py:66
2018-09-29 16:14:38.395 14258 INFO neutron.wsgi [req-38166e3c-9504-4291-bea7-8d4bb2d26c5a d6a75815250c478d88e883744ac9f125 aa0ac3ab0c4d4f568192645be138865e - d4868f6ebd8d4b1eb99c160b6df8a558 d4868f6ebd8d4b1eb99c160b6df8a558] 10.0.20.36 "PUT /v2.0/floatingips/22b4b4ba-019f-4ee4-a67d-a8cd239928d8 HTTP/1.1" status: 200  len: 746 time: 1.5133410
2018-09-29 16:14:38.397 14258 DEBUG oslo_concurrency.lockutils [-] Lock "notifier-d2b3a37e-4e4b-42fc-818b-e30ece16e94b" acquired by "neutron.notifiers.batch_notifier.synced_send" :: waited 0.000s inner /usr/lib/python2.7/site-packages/oslo_concurrency/lockutils.py:270
2018-09-29 16:14:38.397 14258 DEBUG neutron.notifiers.nova [-] Sending events: [{'tag': u'b0d6ec20-4539-42c8-9868-3e00c3005089', 'name': 'network-changed', 'server_uuid': u'5ff2c322-5f46-467a-ab3b-dcd27e8452ce'}] send_events /usr/lib/python2.7/site-packages/neutron/notifiers/nova.py:242
2018-09-29 16:14:39.032 14254 INFO neutron.wsgi [req-d7e7553d-ef2b-4ab4-b2c8-3463368a8c19 52db2c2bb2754474a9e626ac3befb2ef 2826c499828f44719ccb8a386423ec45 - default default] 10.0.20.36 "GET /v2.0/ports?device_id=5ff2c322-5f46-467a-ab3b-dcd27e8452ce HTTP/1.1" status: 200  len: 1124 time: 0.7707691
2018-09-29 16:14:39.202 14254 INFO neutron.wsgi [req-9a0e0f38-8dd8-4ac8-b688-61ad3666d7e1 52db2c2bb2754474a9e626ac3befb2ef 2826c499828f44719ccb8a386423ec45 - default default] 10.0.20.36 "GET /v2.0/security-groups?id=9b9e6c1b-b541-43c2-aece-4ed5171a8b0c HTTP/1.1" status: 200  len: 2118 time: 0.1591620
2018-09-29 16:14:39.232 14270 DEBUG neutron.db.agents_db [req-daf93956-498e-4eb2-b15e-34ff8d8627be - - - - -] Agent healthcheck: found 5 active agents agent_health_check /usr/lib/python2.7/site-packages/neutron/db/agents_db.py:281
2018-09-29 16:14:39.238 14264 DEBUG neutron.db.l3_hamode_db [req-43a8b7bf-dbd2-431d-8421-f8be43a0b8b1 - - - - -] neutron.services.l3_router.l3_router_plugin.L3RouterPlugin method _process_sync_ha_data called with arguments (<neutron_lib.context.Context object at 0x7f19e2610150>, [{'status': u'ACTIVE', '_interfaces': [{'status': u'ACTIVE', 'subnets': [{'dns_nameservers': [u'8.8.4.4'], 'ipv6_ra_mode': None, 'gateway_ip': u'11.117.1.1', 'cidr': u'11.117.1.0/24', 'id': u'f93c70c3-2742-4313-915b-16e32b7ab251', 'subnetpool_id': None}], 'binding:host_id': u'localhost.localdomain', 'description': u'', 'allowed_address_pairs': [], 'tags': [], 'extra_dhcp_opts': [], 'updated_at': '2018-09-29T20:13:28Z', 'device_owner': u'network:router_interface', 'revision_number': 7, 'port_security_enabled': False, 'binding:profile': {}, 'mtu': 1450, 'fixed_ips': [{'subnet_id': u'f93c70c3-2742-4313-915b-16e32b7ab251', 'prefixlen': 24, 'ip_address': u'11.117.1.1'}], 'id': u'52bb6baa-6d8c-45c9-adce-419c4a409e24', 'security_groups': [], 'device_id': u'7f0638f6-691c-4f1d-a382-68489344c42b', 'name': u'', 'admin_state_up': True, 'network_id': u'597779f4-aa41-4ffa-8fcc-f40d2684c681', 'tenant_id': u'aa0ac3ab0c4d4f568192645be138865e', 'binding:vif_details': {u'port_filter': True, u'datapath_type': u'system', u'ovs_hybrid_plug': True}, 'address_scopes': {4: None, 6: None}, 'binding:vnic_type': u'normal', 'binding:vif_type': u'ovs', 'mac_address': u'fa:16:3e:fc:71:7b', 'project_id': u'aa0ac3ab0c4d4f568192645be138865e', 'extra_subnets': [], 'created_at': '2018-09-29T20:13:21Z'}], 'enable_snat': True, 'ha_vr_id': 0, 'description': u'', 'tags': [], 'gw_port': {'status': u'ACTIVE', 'subnets': [{'dns_nameservers': [], 'ipv6_ra_mode': None, 'gateway_ip': u'172.24.4.1', 'cidr': u'172.24.4.0/24', 'id': u'ee2b427c-1494-4c9a-94e6-33722268815a', 'subnetpool_id': None}], 'binding:host_id': u'localhost.localdomain', 'description': u'', 'allowed_address_pairs': [], 'tags': [], 'extra_dhcp_opts': [], 'updated_at': '2018-09-29T20:13:38Z', 'device_owner': u'network:router_gateway', 'revision_number': 6, 'port_security_enabled': False, 'binding:profile': {}, 'mtu': 1500, 'fixed_ips': [{'subnet_id': u'ee2b427c-1494-4c9a-94e6-33722268815a', 'prefixlen': 24, 'ip_address': u'172.24.4.2'}], 'id': u'526920b5-ba65-4c53-aa53-80ec122387c6', 'security_groups': [], 'device_id': u'7f0638f6-691c-4f1d-a382-68489344c42b', 'name': u'', 'admin_state_up': True, 'network_id': u'c140d30c-ba37-4570-9e0b-48390f7eeee1', 'tenant_id': u'', 'binding:vif_details': {u'port_filter': True, u'datapath_type': u'system', u'ovs_hybrid_plug': True}, 'address_scopes': {4: None, 6: None}, 'binding:vnic_type': u'normal', 'binding:vif_type': u'ovs', 'mac_address': u'fa:16:3e:5b:bb:43', 'project_id': u'', 'extra_subnets': [], 'created_at': '2018-09-29T20:13:32Z'}, 'updated_at': '2018-09-29T20:13:34Z', 'revision_number': 4, 'ha': False, 'id': u'7f0638f6-691c-4f1d-a382-68489344c42b', 'gw_port_host': u'localhost.localdomain', 'external_gateway_info': {'network_id': u'c140d30c-ba37-4570-9e0b-48390f7eeee1', 'enable_snat': True, 'external_fixed_ips': [{'subnet_id': u'ee2b427c-1494-4c9a-94e6-33722268815a', 'ip_address': u'172.24.4.2'}]}, 'availability_zone_hints': [], 'availability_zones': [u'nova'], 'name': u'tempest-router-1538251844', 'gw_port_id': u'526920b5-ba65-4c53-aa53-80ec122387c6', 'admin_state_up': True, 'tenant_id': u'aa0ac3ab0c4d4f568192645be138865e', 'created_at': '2018-09-29T20:13:02Z', 'distributed': False, 'flavor_id': None, 'routes': [], 'project_id': u'aa0ac3ab0c4d4f568192645be138865e', '_floatingips': [{'router_id': u'7f0638f6-691c-4f1d-a382-68489344c42b', 'status': u'DOWN', 'description': u'', 'tags': [], 'updated_at': '2018-09-29T20:14:37Z', 'dns_domain': '', 'floating_network_id': u'c140d30c-ba37-4570-9e0b-48390f7eeee1', 'fixed_ip_address': u'11.117.1.8', 'floating_ip_address': u'172.24.4.14', 'revision_number': 1, 'port_id': u'b0d6ec20-4539-42c8-9868-3e00c3005089', 'id': u'22b4b4ba-019f-4ee4-a67d-a8cd239928d8', 'dns_name': '', 'created_at': '2018-09-29T20:14:23Z', 'tenant_id': u'aa0ac3ab0c4d4f568192645be138865e', 'fixed_ip_address_scope': None, 'project_id': u'aa0ac3ab0c4d4f568192645be138865e'}]}], u'localhost.localdomain', False) {} wrapper /usr/lib/python2.7/site-packages/oslo_log/helpers.py:66
2018-09-29 16:14:39.252 14264 DEBUG neutron.api.rpc.handlers.l3_rpc [req-43a8b7bf-dbd2-431d-8421-f8be43a0b8b1 - - - - -] Checking router: 7f0638f6-691c-4f1d-a382-68489344c42b for host: localhost.localdomain _ensure_host_set_on_ports /usr/lib/python2.7/site-packages/neutron/api/rpc/handlers/l3_rpc.py:135
2018-09-29 16:14:39.498 14258 DEBUG novaclient.v2.client [-] REQ: curl -g -i -X POST http://10.0.20.36:8774/v2.1/2826c499828f44719ccb8a386423ec45/os-server-external-events -H "User-Agent: python-novaclient" -H "Content-Type: application/json" -H "Accept: application/json" -H "X-OpenStack-Nova-API-Version: 2.1" -H "X-Auth-Token: {SHA1}9595420e6fe0132e32aae116e058b9062555830c" -d '{"events": [{"tag": "b0d6ec20-4539-42c8-9868-3e00c3005089", "name": "network-changed", "server_uuid": "5ff2c322-5f46-467a-ab3b-dcd27e8452ce"}]}' _http_log_request /usr/lib/python2.7/site-packages/keystoneauth1/session.py:375
2018-09-29 16:14:39.643 14265 DEBUG neutron.api.rpc.handlers.l3_rpc [req-34bab82f-a817-4e26-b5cf-985ffea305bd - - - - -] New status for floating IP 22b4b4ba-019f-4ee4-a67d-a8cd239928d8: ACTIVE update_floatingip_statuses /usr/lib/python2.7/site-packages/neutron/api/rpc/handlers/l3_rpc.py:252
2018-09-29 16:14:40.017 14258 INFO neutron.wsgi [req-2e26ebd5-4bdd-4128-a1ff-4449f1ef164c 52db2c2bb2754474a9e626ac3befb2ef 2826c499828f44719ccb8a386423ec45 - default default] 10.0.20.36 "GET /v2.0/ports?tenant_id=aa0ac3ab0c4d4f568192645be138865e&device_id=5ff2c322-5f46-467a-ab3b-dcd27e8452ce HTTP/1.1" status: 200  len: 1124 time: 0.4753170
2018-09-29 16:14:40.311 14258 DEBUG neutron.pecan_wsgi.hooks.policy_enforcement [req-8d3ff9a0-aed6-47c0-a5f7-d9e2d1311389 52db2c2bb2754474a9e626ac3befb2ef 2826c499828f44719ccb8a386423ec45 - default default] Attributes excluded by policy engine: [u'vlan_transparent'] _exclude_attributes_by_policy /usr/lib/python2.7/site-packages/neutron/pecan_wsgi/hooks/policy_enforcement.py:256
2018-09-29 16:14:40.314 14258 INFO neutron.wsgi [req-8d3ff9a0-aed6-47c0-a5f7-d9e2d1311389 52db2c2bb2754474a9e626ac3befb2ef 2826c499828f44719ccb8a386423ec45 - default default] 10.0.20.36 "GET /v2.0/networks?id=597779f4-aa41-4ffa-8fcc-f40d2684c681 HTTP/1.1" status: 200  len: 885 time: 0.2893200
2018-09-29 16:14:40.368 14258 INFO neutron.wsgi [req-d77f3a03-6ed4-47bf-83d9-06d5f9d2ffea 52db2c2bb2754474a9e626ac3befb2ef 2826c499828f44719ccb8a386423ec45 - default default] 10.0.20.36 "GET /v2.0/floatingips?fixed_ip_address=11.117.1.8&port_id=b0d6ec20-4539-42c8-9868-3e00c3005089 HTTP/1.1" status: 200  len: 751 time: 0.0432281
2018-09-29 16:14:40.444 14258 DEBUG novaclient.v2.client [-] RESP: [200] Content-Length: 179 Content-Type: application/json Openstack-Api-Version: compute 2.1 X-Openstack-Nova-Api-Version: 2.1 Vary: OpenStack-API-Version, X-OpenStack-Nova-API-Version X-Openstack-Request-Id: req-a5cbf0bb-5d98-4df6-a774-f1e5766382a0 X-Compute-Request-Id: req-a5cbf0bb-5d98-4df6-a774-f1e5766382a0 Date: Sat, 29 Sep 2018 20:14:40 GMT Connection: keep-alive 
RESP BODY: {"events": [{"status": "completed", "tag": "b0d6ec20-4539-42c8-9868-3e00c3005089", "name": "network-changed", "server_uuid": "5ff2c322-5f46-467a-ab3b-dcd27e8452ce", "code": 200}]}
 _http_log_response /usr/lib/python2.7/site-packages/keystoneauth1/session.py:423
2018-09-29 16:14:40.445 14258 DEBUG novaclient.v2.client [-] POST call to compute for http://10.0.20.36:8774/v2.1/2826c499828f44719ccb8a386423ec45/os-server-external-events used request id req-a5cbf0bb-5d98-4df6-a774-f1e5766382a0 request /usr/lib/python2.7/site-packages/keystoneauth1/session.py:727
2018-09-29 16:14:40.465 14258 INFO neutron.notifiers.nova [-] Nova event response: {u'status': u'completed', u'tag': u'b0d6ec20-4539-42c8-9868-3e00c3005089', u'name': u'network-changed', u'server_uuid': u'5ff2c322-5f46-467a-ab3b-dcd27e8452ce', u'code': 200}
2018-09-29 16:14:40.527 14258 DEBUG neutron.pecan_wsgi.hooks.policy_enforcement [req-a7fbc5dd-49cd-4408-8f5c-7137a1306c21 52db2c2bb2754474a9e626ac3befb2ef 2826c499828f44719ccb8a386423ec45 - default default] Attributes excluded by policy engine: [u'shared'] _exclude_attributes_by_policy /usr/lib/python2.7/site-packages/neutron/pecan_wsgi/hooks/policy_enforcement.py:256
2018-09-29 16:14:40.529 14258 INFO neutron.wsgi [req-a7fbc5dd-49cd-4408-8f5c-7137a1306c21 52db2c2bb2754474a9e626ac3befb2ef 2826c499828f44719ccb8a386423ec45 - default default] 10.0.20.36 "GET /v2.0/subnets?id=f93c70c3-2742-4313-915b-16e32b7ab251 HTTP/1.1" status: 200  len: 847 time: 0.1544702
2018-09-29 16:14:40.630 14254 INFO neutron.wsgi [req-cdb59a24-21bb-4ad1-8e61-75231556f1ec 52db2c2bb2754474a9e626ac3befb2ef 2826c499828f44719ccb8a386423ec45 - default default] 10.0.20.36 "GET /v2.0/ports?tenant_id=aa0ac3ab0c4d4f568192645be138865e&device_id=5ff2c322-5f46-467a-ab3b-dcd27e8452ce HTTP/1.1" status: 200  len: 1124 time: 0.1371291
2018-09-29 16:14:40.659 14258 INFO neutron.wsgi [req-d783ad93-b5e2-496f-8db2-94a03d1ccc37 52db2c2bb2754474a9e626ac3befb2ef 2826c499828f44719ccb8a386423ec45 - default default] 10.0.20.36 "GET /v2.0/ports?network_id=597779f4-aa41-4ffa-8fcc-f40d2684c681&device_owner=network%3Adhcp HTTP/1.1" status: 200  len: 1128 time: 0.1239271
2018-09-29 16:14:40.877 14254 DEBUG neutron.pecan_wsgi.hooks.policy_enforcement [req-714484cf-759b-4827-9ef8-7b0acf86ba93 52db2c2bb2754474a9e626ac3befb2ef 2826c499828f44719ccb8a386423ec45 - default default] Attributes excluded by policy engine: [u'vlan_transparent'] _exclude_attributes_by_policy /usr/lib/python2.7/site-packages/neutron/pecan_wsgi/hooks/policy_enforcement.py:256
2018-09-29 16:14:40.881 14254 INFO neutron.wsgi [req-714484cf-759b-4827-9ef8-7b0acf86ba93 52db2c2bb2754474a9e626ac3befb2ef 2826c499828f44719ccb8a386423ec45 - default default] 10.0.20.36 "GET /v2.0/networks?id=597779f4-aa41-4ffa-8fcc-f40d2684c681 HTTP/1.1" status: 200  len: 885 time: 0.2442942
2018-09-29 16:14:40.928 14254 INFO neutron.wsgi [req-97f1809b-230f-4287-b566-0701625b84f2 52db2c2bb2754474a9e626ac3befb2ef 2826c499828f44719ccb8a386423ec45 - default default] 10.0.20.36 "GET /v2.0/floatingips?fixed_ip_address=11.117.1.8&port_id=b0d6ec20-4539-42c8-9868-3e00c3005089 HTTP/1.1" status: 200  len: 751 time: 0.0398381
2018-09-29 16:14:41.055 14254 DEBUG neutron.pecan_wsgi.hooks.policy_enforcement [req-8a90484a-bbf5-4f16-bacf-170517d4f6f7 52db2c2bb2754474a9e626ac3befb2ef 2826c499828f44719ccb8a386423ec45 - default default] Attributes excluded by policy engine: [u'shared'] _exclude_attributes_by_policy /usr/lib/python2.7/site-packages/neutron/pecan_wsgi/hooks/policy_enforcement.py:256
2018-09-29 16:14:41.058 14254 INFO neutron.wsgi [req-8a90484a-bbf5-4f16-bacf-170517d4f6f7 52db2c2bb2754474a9e626ac3befb2ef 2826c499828f44719ccb8a386423ec45 - default default] 10.0.20.36 "GET /v2.0/subnets?id=f93c70c3-2742-4313-915b-16e32b7ab251 HTTP/1.1" status: 200  len: 847 time: 0.1246500
2018-09-29 16:14:41.184 14254 INFO neutron.wsgi [req-6b284c8e-1048-4cda-b174-3e5e8d160479 52db2c2bb2754474a9e626ac3befb2ef 2826c499828f44719ccb8a386423ec45 - default default] 10.0.20.36 "GET /v2.0/ports?network_id=597779f4-aa41-4ffa-8fcc-f40d2684c681&device_owner=network%3Adhcp HTTP/1.1" status: 200  len: 1128 time: 0.1191151
2018-09-29 16:14:41.559 14254 DEBUG neutron.wsgi [-] (14254) accepted ('10.0.20.36', 59456) server /usr/lib/python2.7/site-packages/eventlet/wsgi.py:883
2018-09-29 16:14:42.191 14254 INFO neutron.wsgi [req-88e5d15a-209b-4b0a-8487-ad7345a7eeac 52db2c2bb2754474a9e626ac3befb2ef 2826c499828f44719ccb8a386423ec45 - default default] 10.0.20.36 "GET /v2.0/ports?device_id=5ff2c322-5f46-467a-ab3b-dcd27e8452ce HTTP/1.1" status: 200  len: 1124 time: 0.6302550
2018-09-29 16:14:42.316 14254 INFO neutron.wsgi [req-cc18fdd2-c194-4ab0-ac2a-04e1f0022ce0 52db2c2bb2754474a9e626ac3befb2ef 2826c499828f44719ccb8a386423ec45 - default default] 10.0.20.36 "GET /v2.0/security-groups?id=9b9e6c1b-b541-43c2-aece-4ed5171a8b0c HTTP/1.1" status: 200  len: 2118 time: 0.1175301
