2018-09-28 15:10:29.590 21150 INFO neutron.wsgi [req-90f6cd05-2208-4e83-8dcd-4b937002e607 10c05a22cea847f7a42d788fe8f1cd2e 368f193974e14846a186e2cbdb34d110 - default default] 10.0.20.23 "GET /v2.0/ports?network_id=ad8e4dfd-1ea8-440d-809d-b153de92fe01&device_owner=network%3Adhcp HTTP/1.1" status: 200  len: 1128 time: 0.1323071
2018-09-28 15:10:30.061 21148 DEBUG neutron.wsgi [-] (21148) accepted ('10.0.20.23', 32870) server /usr/lib/python2.7/site-packages/eventlet/wsgi.py:883
2018-09-28 15:10:30.066 21148 INFO neutron.wsgi [-] 10.0.20.23 "GET / HTTP/1.1" status: 200  len: 252 time: 0.0022359
2018-09-28 15:10:30.675 21148 INFO neutron.pecan_wsgi.hooks.translation [req-2f130369-907c-40c5-8cbc-44cff671ab92 d5ce6e22423945b3856059aa9d9f9c35 24a4048b7dbb4950873e581bf0067256 - default default] GET failed (client error): The resource could not be found.
2018-09-28 15:10:30.677 21148 INFO neutron.wsgi [req-2f130369-907c-40c5-8cbc-44cff671ab92 d5ce6e22423945b3856059aa9d9f9c35 24a4048b7dbb4950873e581bf0067256 - default default] 10.0.20.23 "GET /v2.0/networks/public HTTP/1.1" status: 404  len: 314 time: 0.6061680
2018-09-28 15:10:30.909 21148 DEBUG neutron.pecan_wsgi.hooks.policy_enforcement [req-88b8a49d-38c2-4b6c-b93d-bf6424b1ac41 d5ce6e22423945b3856059aa9d9f9c35 24a4048b7dbb4950873e581bf0067256 - default default] Attributes excluded by policy engine: [u'vlan_transparent'] _exclude_attributes_by_policy /usr/lib/python2.7/site-packages/neutron/pecan_wsgi/hooks/policy_enforcement.py:256
2018-09-28 15:10:30.910 21148 DEBUG neutron.pecan_wsgi.hooks.policy_enforcement [req-88b8a49d-38c2-4b6c-b93d-bf6424b1ac41 d5ce6e22423945b3856059aa9d9f9c35 24a4048b7dbb4950873e581bf0067256 - default default] Attributes excluded by policy engine: [u'vlan_transparent'] _exclude_attributes_by_policy /usr/lib/python2.7/site-packages/neutron/pecan_wsgi/hooks/policy_enforcement.py:256
2018-09-28 15:10:30.911 21148 DEBUG neutron.pecan_wsgi.hooks.policy_enforcement [req-88b8a49d-38c2-4b6c-b93d-bf6424b1ac41 d5ce6e22423945b3856059aa9d9f9c35 24a4048b7dbb4950873e581bf0067256 - default default] Attributes excluded by policy engine: [u'vlan_transparent'] _exclude_attributes_by_policy /usr/lib/python2.7/site-packages/neutron/pecan_wsgi/hooks/policy_enforcement.py:256
2018-09-28 15:10:30.912 21148 DEBUG neutron.pecan_wsgi.hooks.policy_enforcement [req-88b8a49d-38c2-4b6c-b93d-bf6424b1ac41 d5ce6e22423945b3856059aa9d9f9c35 24a4048b7dbb4950873e581bf0067256 - default default] Attributes excluded by policy engine: [u'vlan_transparent'] _exclude_attributes_by_policy /usr/lib/python2.7/site-packages/neutron/pecan_wsgi/hooks/policy_enforcement.py:256
2018-09-28 15:10:30.914 21148 INFO neutron.wsgi [req-88b8a49d-38c2-4b6c-b93d-bf6424b1ac41 d5ce6e22423945b3856059aa9d9f9c35 24a4048b7dbb4950873e581bf0067256 - default default] 10.0.20.23 "GET /v2.0/networks HTTP/1.1" status: 200  len: 2886 time: 0.2325091
2018-09-28 15:10:31.518 21148 DEBUG neutron.api.v2.base [req-931515f2-3ebe-43b7-99b2-13471b88cd5f d5ce6e22423945b3856059aa9d9f9c35 24a4048b7dbb4950873e581bf0067256 - default default] Request body: {u'floatingip': {u'floating_network_id': u'990b4ddf-dd04-44e0-920c-02fce451b987', u'tenant_id': u'074415791d654ecd8fa679568ad08402'}} prepare_request_body /usr/lib/python2.7/site-packages/neutron/api/v2/base.py:695
2018-09-28 15:10:31.528 21148 DEBUG neutron.db.quota.driver [req-931515f2-3ebe-43b7-99b2-13471b88cd5f d5ce6e22423945b3856059aa9d9f9c35 24a4048b7dbb4950873e581bf0067256 - default default] Resources subnetpool have unlimited quota limit. It is not required to calculate headroom  make_reservation /usr/lib/python2.7/site-packages/neutron/db/quota/driver.py:223
2018-09-28 15:10:31.537 21148 DEBUG neutron.quota.resource [req-931515f2-3ebe-43b7-99b2-13471b88cd5f d5ce6e22423945b3856059aa9d9f9c35 24a4048b7dbb4950873e581bf0067256 - default default] Usage tracker for resource:floatingip and tenant:074415791d654ecd8fa679568ad08402 is out of sync, need to count used quota count_used /usr/lib/python2.7/site-packages/neutron/quota/resource.py:274
2018-09-28 15:10:31.555 21148 DEBUG neutron.quota.resource [req-931515f2-3ebe-43b7-99b2-13471b88cd5f d5ce6e22423945b3856059aa9d9f9c35 24a4048b7dbb4950873e581bf0067256 - default default] Quota usage for floatingip was recalculated. Used quota:0. count_used /usr/lib/python2.7/site-packages/neutron/quota/resource.py:293
2018-09-28 15:10:31.567 21148 DEBUG neutron.db.quota.driver [req-931515f2-3ebe-43b7-99b2-13471b88cd5f d5ce6e22423945b3856059aa9d9f9c35 24a4048b7dbb4950873e581bf0067256 - default default] Attempting to reserve 1 items for resource floatingip. Total usage: 0; quota limit: 50; headroom:50 make_reservation /usr/lib/python2.7/site-packages/neutron/db/quota/driver.py:255
2018-09-28 15:10:31.779 21148 DEBUG neutron_lib.callbacks.manager [req-931515f2-3ebe-43b7-99b2-13471b88cd5f d5ce6e22423945b3856059aa9d9f9c35 24a4048b7dbb4950873e581bf0067256 - default default] Notify callbacks ['neutron.plugins.ml2.plugin.Ml2Plugin._ensure_default_security_group_handler-1916991'] for port, before_create _notify_loop /usr/lib/python2.7/site-packages/neutron_lib/callbacks/manager.py:167
2018-09-28 15:10:32.279 21148 DEBUG neutron.db.db_base_plugin_common [req-931515f2-3ebe-43b7-99b2-13471b88cd5f d5ce6e22423945b3856059aa9d9f9c35 24a4048b7dbb4950873e581bf0067256 - default default] Allocated IP 172.24.4.13 (990b4ddf-dd04-44e0-920c-02fce451b987/997c6fe9-dc25-4cff-8564-acd631d97bd5/6cb99bbb-76c6-4d90-9ad8-1496af6fef6c) _store_ip_allocation /usr/lib/python2.7/site-packages/neutron/db/db_base_plugin_common.py:122
2018-09-28 15:10:32.936 21148 DEBUG neutron_lib.callbacks.manager [req-931515f2-3ebe-43b7-99b2-13471b88cd5f d5ce6e22423945b3856059aa9d9f9c35 24a4048b7dbb4950873e581bf0067256 - default default] Notify callbacks [] for port, precommit_create _notify_loop /usr/lib/python2.7/site-packages/neutron_lib/callbacks/manager.py:167
2018-09-28 15:10:33.029 21148 DEBUG neutron_lib.callbacks.manager [req-931515f2-3ebe-43b7-99b2-13471b88cd5f d5ce6e22423945b3856059aa9d9f9c35 24a4048b7dbb4950873e581bf0067256 - default default] Notify callbacks ['neutron.plugins.ml2.ovo_rpc._ObjectChangeHandler.handle_event--9223372036854163806', 'neutron.plugins.ml2.plugin.Ml2Plugin.notify_sg_on_port_change-1920152', 'neutron.api.rpc.agentnotifiers.dhcp_rpc_agent_api.DhcpAgentNotifyAPI._native_event_send_dhcp_notification-714666', 'neutron.db.l3_dvrscheduler_db._notify_l3_agent_new_port--9223363286894631006'] for port, after_create _notify_loop /usr/lib/python2.7/site-packages/neutron_lib/callbacks/manager.py:167
2018-09-28 15:10:33.049 21148 DEBUG oslo_concurrency.lockutils [-] Lock "event-dispatch" acquired by "neutron.plugins.ml2.ovo_rpc.dispatch_events" :: waited 0.000s inner /usr/lib/python2.7/site-packages/oslo_concurrency/lockutils.py:270
2018-09-28 15:10:33.338 21148 DEBUG neutron.api.rpc.handlers.resources_rpc [req-931515f2-3ebe-43b7-99b2-13471b88cd5f d5ce6e22423945b3856059aa9d9f9c35 24a4048b7dbb4950873e581bf0067256 - - -] neutron.api.rpc.handlers.resources_rpc.ResourcesPushRpcApi method push called with arguments (<neutron_lib.context.Context object at 0x7f54235d4890>, [Port(admin_state_up=True,allowed_address_pairs=[],binding=PortBinding,binding_levels=[],created_at=2018-09-28T19:10:32Z,data_plane_status=<?>,description='',device_id='PENDING',device_owner='network:floatingip',dhcp_options=[],distributed_binding=None,dns=None,fixed_ips=[IPAllocation],id=6cb99bbb-76c6-4d90-9ad8-1496af6fef6c,mac_address=fa:16:3e:4d:4d:fe,name='',network_id=990b4ddf-dd04-44e0-920c-02fce451b987,project_id='',qos_policy_id=None,revision_number=3,security=PortSecurity(6cb99bbb-76c6-4d90-9ad8-1496af6fef6c),security_group_ids=set([]),status='N/A',updated_at=2018-09-28T19:10:32Z)], 'updated') {} wrapper /usr/lib/python2.7/site-packages/oslo_log/helpers.py:66
2018-09-28 15:10:33.365 21148 DEBUG neutron.api.rpc.callbacks.version_manager [req-931515f2-3ebe-43b7-99b2-13471b88cd5f d5ce6e22423945b3856059aa9d9f9c35 24a4048b7dbb4950873e581bf0067256 - - -] Version for resource type Subnet changed None to 1.0 on consumer Open vSwitch agent@localhost.localdomain _set_version /usr/lib/python2.7/site-packages/neutron/api/rpc/callbacks/version_manager.py:119
2018-09-28 15:10:33.365 21148 DEBUG neutron.api.rpc.callbacks.version_manager [req-931515f2-3ebe-43b7-99b2-13471b88cd5f d5ce6e22423945b3856059aa9d9f9c35 24a4048b7dbb4950873e581bf0067256 - - -] Version for resource type Network changed None to 1.0 on consumer Open vSwitch agent@localhost.localdomain _set_version /usr/lib/python2.7/site-packages/neutron/api/rpc/callbacks/version_manager.py:119
2018-09-28 15:10:33.366 21148 DEBUG neutron.api.rpc.callbacks.version_manager [req-931515f2-3ebe-43b7-99b2-13471b88cd5f d5ce6e22423945b3856059aa9d9f9c35 24a4048b7dbb4950873e581bf0067256 - - -] Version for resource type SubPort changed None to 1.0 on consumer Open vSwitch agent@localhost.localdomain _set_version /usr/lib/python2.7/site-packages/neutron/api/rpc/callbacks/version_manager.py:119
2018-09-28 15:10:33.367 21148 DEBUG neutron.api.rpc.callbacks.version_manager [req-931515f2-3ebe-43b7-99b2-13471b88cd5f d5ce6e22423945b3856059aa9d9f9c35 24a4048b7dbb4950873e581bf0067256 - - -] Version for resource type SecurityGroup changed None to 1.0 on consumer Open vSwitch agent@localhost.localdomain _set_version /usr/lib/python2.7/site-packages/neutron/api/rpc/callbacks/version_manager.py:119
2018-09-28 15:10:33.367 21148 DEBUG neutron.api.rpc.callbacks.version_manager [req-931515f2-3ebe-43b7-99b2-13471b88cd5f d5ce6e22423945b3856059aa9d9f9c35 24a4048b7dbb4950873e581bf0067256 - - -] Version for resource type SecurityGroupRule changed None to 1.0 on consumer Open vSwitch agent@localhost.localdomain _set_version /usr/lib/python2.7/site-packages/neutron/api/rpc/callbacks/version_manager.py:119
2018-09-28 15:10:33.368 21148 DEBUG neutron.api.rpc.callbacks.version_manager [req-931515f2-3ebe-43b7-99b2-13471b88cd5f d5ce6e22423945b3856059aa9d9f9c35 24a4048b7dbb4950873e581bf0067256 - - -] Version for resource type Trunk changed None to 1.1 on consumer Open vSwitch agent@localhost.localdomain _set_version /usr/lib/python2.7/site-packages/neutron/api/rpc/callbacks/version_manager.py:119
2018-09-28 15:10:33.369 21148 DEBUG neutron.api.rpc.callbacks.version_manager [req-931515f2-3ebe-43b7-99b2-13471b88cd5f d5ce6e22423945b3856059aa9d9f9c35 24a4048b7dbb4950873e581bf0067256 - - -] Version for resource type QosPolicy changed None to 1.6 on consumer Open vSwitch agent@localhost.localdomain _set_version /usr/lib/python2.7/site-packages/neutron/api/rpc/callbacks/version_manager.py:119
2018-09-28 15:10:33.370 21148 DEBUG neutron.api.rpc.callbacks.version_manager [req-931515f2-3ebe-43b7-99b2-13471b88cd5f d5ce6e22423945b3856059aa9d9f9c35 24a4048b7dbb4950873e581bf0067256 - - -] Version for resource type Port changed None to 1.1 on consumer Open vSwitch agent@localhost.localdomain _set_version /usr/lib/python2.7/site-packages/neutron/api/rpc/callbacks/version_manager.py:119
2018-09-28 15:10:33.371 21148 DEBUG neutron.api.rpc.callbacks.version_manager [req-931515f2-3ebe-43b7-99b2-13471b88cd5f d5ce6e22423945b3856059aa9d9f9c35 24a4048b7dbb4950873e581bf0067256 - - -] Version for resource type Log changed None to 1.0 on consumer Open vSwitch agent@localhost.localdomain _set_version /usr/lib/python2.7/site-packages/neutron/api/rpc/callbacks/version_manager.py:119
2018-09-28 15:10:33.421 21148 DEBUG oslo_concurrency.lockutils [req-931515f2-3ebe-43b7-99b2-13471b88cd5f d5ce6e22423945b3856059aa9d9f9c35 24a4048b7dbb4950873e581bf0067256 - - -] Lock "event-dispatch" released by "neutron.plugins.ml2.ovo_rpc.dispatch_events" :: held 0.371s inner /usr/lib/python2.7/site-packages/oslo_concurrency/lockutils.py:282
2018-09-28 15:10:33.443 21148 DEBUG neutron.scheduler.dhcp_agent_scheduler [req-931515f2-3ebe-43b7-99b2-13471b88cd5f d5ce6e22423945b3856059aa9d9f9c35 24a4048b7dbb4950873e581bf0067256 - default default] Network 990b4ddf-dd04-44e0-920c-02fce451b987 is already hosted by enough agents. _get_dhcp_agents_hosting_network /usr/lib/python2.7/site-packages/neutron/scheduler/dhcp_agent_scheduler.py:243
2018-09-28 15:10:33.478 21148 DEBUG neutron.db.l3_dvrscheduler_db [req-931515f2-3ebe-43b7-99b2-13471b88cd5f d5ce6e22423945b3856059aa9d9f9c35 24a4048b7dbb4950873e581bf0067256 - default default] Received port after_create _notify_l3_agent_new_port /usr/lib/python2.7/site-packages/neutron/db/l3_dvrscheduler_db.py:392
2018-09-28 15:10:33.596 21148 DEBUG neutron_lib.callbacks.manager [req-931515f2-3ebe-43b7-99b2-13471b88cd5f d5ce6e22423945b3856059aa9d9f9c35 24a4048b7dbb4950873e581bf0067256 - default default] Notify callbacks ['neutron.plugins.ml2.plugin.Ml2Plugin._ensure_default_security_group_handler-1916991'] for port, before_update _notify_loop /usr/lib/python2.7/site-packages/neutron_lib/callbacks/manager.py:167
2018-09-28 15:10:34.086 21148 DEBUG neutron_lib.callbacks.manager [req-931515f2-3ebe-43b7-99b2-13471b88cd5f d5ce6e22423945b3856059aa9d9f9c35 24a4048b7dbb4950873e581bf0067256 - default default] Notify callbacks [] for port, precommit_update _notify_loop /usr/lib/python2.7/site-packages/neutron_lib/callbacks/manager.py:167
2018-09-28 15:10:34.097 21148 DEBUG neutron_lib.callbacks.manager [req-931515f2-3ebe-43b7-99b2-13471b88cd5f d5ce6e22423945b3856059aa9d9f9c35 24a4048b7dbb4950873e581bf0067256 - default default] Notify callbacks ['neutron.plugins.ml2.ovo_rpc._ObjectChangeHandler.handle_event--9223372036854163806', 'neutron.plugins.ml2.plugin.Ml2Plugin.notify_sg_on_port_change-1920152', 'neutron.api.rpc.agentnotifiers.dhcp_rpc_agent_api.DhcpAgentNotifyAPI._native_event_send_dhcp_notification-714666', 'neutron.db.l3_hascheduler_db._notify_l3_agent_ha_port_update-8749960145413', 'neutron.db.l3_dvrscheduler_db._notify_l3_agent_port_update--9223363286894630991'] for port, after_update _notify_loop /usr/lib/python2.7/site-packages/neutron_lib/callbacks/manager.py:167
2018-09-28 15:10:34.129 21148 DEBUG oslo_concurrency.lockutils [-] Lock "event-dispatch" acquired by "neutron.plugins.ml2.ovo_rpc.dispatch_events" :: waited 0.000s inner /usr/lib/python2.7/site-packages/oslo_concurrency/lockutils.py:270
2018-09-28 15:10:34.366 21148 DEBUG neutron.api.rpc.handlers.resources_rpc [req-931515f2-3ebe-43b7-99b2-13471b88cd5f d5ce6e22423945b3856059aa9d9f9c35 24a4048b7dbb4950873e581bf0067256 - - -] neutron.api.rpc.handlers.resources_rpc.ResourcesPushRpcApi method push called with arguments (<neutron_lib.context.Context object at 0x7f5423c7fd10>, [Port(admin_state_up=True,allowed_address_pairs=[],binding=PortBinding,binding_levels=[],created_at=2018-09-28T19:10:32Z,data_plane_status=<?>,description='',device_id='cc7ec637-086f-434c-b824-a6db22118868',device_owner='network:floatingip',dhcp_options=[],distributed_binding=None,dns=None,fixed_ips=[IPAllocation],id=6cb99bbb-76c6-4d90-9ad8-1496af6fef6c,mac_address=fa:16:3e:4d:4d:fe,name='',network_id=990b4ddf-dd04-44e0-920c-02fce451b987,project_id='',qos_policy_id=None,revision_number=4,security=PortSecurity(6cb99bbb-76c6-4d90-9ad8-1496af6fef6c),security_group_ids=set([]),status='N/A',updated_at=2018-09-28T19:10:33Z)], 'updated') {} wrapper /usr/lib/python2.7/site-packages/oslo_log/helpers.py:66
2018-09-28 15:10:34.395 21148 DEBUG oslo_concurrency.lockutils [req-931515f2-3ebe-43b7-99b2-13471b88cd5f d5ce6e22423945b3856059aa9d9f9c35 24a4048b7dbb4950873e581bf0067256 - - -] Lock "event-dispatch" released by "neutron.plugins.ml2.ovo_rpc.dispatch_events" :: held 0.266s inner /usr/lib/python2.7/site-packages/oslo_concurrency/lockutils.py:282
2018-09-28 15:10:34.455 21148 DEBUG neutron_lib.callbacks.manager [req-931515f2-3ebe-43b7-99b2-13471b88cd5f d5ce6e22423945b3856059aa9d9f9c35 24a4048b7dbb4950873e581bf0067256 - default default] Notify callbacks ['neutron.services.l3_router.l3_router_plugin.L3RouterPlugin._create_dvr_floating_gw_port--9223372036854246576'] for floatingip, after_update _notify_loop /usr/lib/python2.7/site-packages/neutron_lib/callbacks/manager.py:167
2018-09-28 15:10:34.529 21148 DEBUG neutron.quota.resource [req-931515f2-3ebe-43b7-99b2-13471b88cd5f d5ce6e22423945b3856059aa9d9f9c35 24a4048b7dbb4950873e581bf0067256 - default default] Persisted dirty status for tenant:074415791d654ecd8fa679568ad08402 on resource:floatingip mark_dirty /usr/lib/python2.7/site-packages/neutron/quota/resource.py:207
2018-09-28 15:10:34.535 21148 DEBUG neutron.quota.resource [req-931515f2-3ebe-43b7-99b2-13471b88cd5f d5ce6e22423945b3856059aa9d9f9c35 24a4048b7dbb4950873e581bf0067256 - default default] Persisted dirty status for tenant: on resource:port mark_dirty /usr/lib/python2.7/site-packages/neutron/quota/resource.py:207
2018-09-28 15:10:34.558 21148 DEBUG neutron_lib.callbacks.manager [req-931515f2-3ebe-43b7-99b2-13471b88cd5f d5ce6e22423945b3856059aa9d9f9c35 24a4048b7dbb4950873e581bf0067256 - default default] Notify callbacks ['neutron.notifiers.nova.Notifier._send_nova_notification--9223372036854774500'] for floatingip, before_response _notify_loop /usr/lib/python2.7/site-packages/neutron_lib/callbacks/manager.py:167
2018-09-28 15:10:34.559 21148 INFO neutron.wsgi [req-931515f2-3ebe-43b7-99b2-13471b88cd5f d5ce6e22423945b3856059aa9d9f9c35 24a4048b7dbb4950873e581bf0067256 - default default] 10.0.20.23 "POST /v2.0/floatingips HTTP/1.1" status: 201  len: 675 time: 3.0531020
2018-09-28 15:10:35.758 21160 DEBUG neutron_lib.callbacks.manager [req-1d1a9f76-cd24-4297-8d7d-e61ea50b9560 - - - - -] Notify callbacks ['neutron.services.segments.db._update_segment_host_mapping_for_agent-8749960506538'] for agent, after_update _notify_loop /usr/lib/python2.7/site-packages/neutron_lib/callbacks/manager.py:167
2018-09-28 15:10:36.952 21152 DEBUG neutron_lib.callbacks.manager [req-902fc8a6-b6f9-4144-b053-c31e2f0702fd - - - - -] Notify callbacks ['neutron.services.segments.db._update_segment_host_mapping_for_agent-8749960506538'] for agent, after_update _notify_loop /usr/lib/python2.7/site-packages/neutron_lib/callbacks/manager.py:167
2018-09-28 15:10:37.433 21153 DEBUG neutron_lib.callbacks.manager [req-f38e023e-73fb-4b85-bc5d-e237d70a27a4 - - - - -] Notify callbacks ['neutron.services.segments.db._update_segment_host_mapping_for_agent-8749960506538'] for agent, after_update _notify_loop /usr/lib/python2.7/site-packages/neutron_lib/callbacks/manager.py:167
2018-09-28 15:10:37.501 21156 DEBUG neutron_lib.callbacks.manager [req-3bc1d58f-afb5-491d-9727-0fc590a0f2be - - - - -] Notify callbacks ['neutron.services.segments.db._update_segment_host_mapping_for_agent-8749960506538'] for agent, after_update _notify_loop /usr/lib/python2.7/site-packages/neutron_lib/callbacks/manager.py:167
2018-09-28 15:10:38.414 21155 DEBUG neutron_lib.callbacks.manager [req-399c412f-378c-42b8-825b-0c5a6f9b77bc - - - - -] Notify callbacks ['neutron.services.segments.db._update_segment_host_mapping_for_agent-8749960506538'] for agent, after_update _notify_loop /usr/lib/python2.7/site-packages/neutron_lib/callbacks/manager.py:167
2018-09-28 15:10:42.023 21151 INFO neutron.wsgi [req-28ba2399-3ce8-4a3f-bac4-efb0d98d25cb 10c05a22cea847f7a42d788fe8f1cd2e 368f193974e14846a186e2cbdb34d110 - default default] 10.0.20.23 "GET /v2.0/ports?device_id=7140a3bf-3e63-4b03-9f4a-6ab61810ca53 HTTP/1.1" status: 200  len: 1124 time: 0.5173919
2018-09-28 15:10:42.143 21151 INFO neutron.wsgi [req-2daa5752-cd12-41e1-abc8-443fb9c0252a 10c05a22cea847f7a42d788fe8f1cd2e 368f193974e14846a186e2cbdb34d110 - default default] 10.0.20.23 "GET /v2.0/security-groups?id=3621abdc-b619-4d58-a950-a4b12acac1d0 HTTP/1.1" status: 200  len: 2118 time: 0.1143329
2018-09-28 15:10:43.821 21148 DEBUG neutron.wsgi [-] (21148) accepted ('10.0.20.23', 32938) server /usr/lib/python2.7/site-packages/eventlet/wsgi.py:883
2018-09-28 15:10:44.304 21148 INFO neutron.wsgi [req-93c92ed9-7f8f-49f2-9eb2-ebf9dd2c36a1 10c05a22cea847f7a42d788fe8f1cd2e 368f193974e14846a186e2cbdb34d110 - default default] 10.0.20.23 "GET /v2.0/ports?device_id=7140a3bf-3e63-4b03-9f4a-6ab61810ca53 HTTP/1.1" status: 200  len: 1124 time: 0.4821920
2018-09-28 15:10:44.385 21148 INFO neutron.wsgi [req-e32ddcb0-d50a-45fe-a7dc-7b22043c28ba 10c05a22cea847f7a42d788fe8f1cd2e 368f193974e14846a186e2cbdb34d110 - default default] 10.0.20.23 "GET /v2.0/security-groups?id=3621abdc-b619-4d58-a950-a4b12acac1d0 HTTP/1.1" status: 200  len: 2118 time: 0.0754559
2018-09-28 15:10:45.626 21146 INFO neutron.wsgi [req-04bd188d-1b6c-4f60-8864-712b7ce844d6 10c05a22cea847f7a42d788fe8f1cd2e 368f193974e14846a186e2cbdb34d110 - default default] 10.0.20.23 "GET /v2.0/ports?device_id=7140a3bf-3e63-4b03-9f4a-6ab61810ca53 HTTP/1.1" status: 200  len: 1124 time: 0.5046101
2018-09-28 15:10:45.747 21146 INFO neutron.wsgi [req-54377822-433c-497b-ad95-ae1fd23b6d86 10c05a22cea847f7a42d788fe8f1cd2e 368f193974e14846a186e2cbdb34d110 - default default] 10.0.20.23 "GET /v2.0/security-groups?id=3621abdc-b619-4d58-a950-a4b12acac1d0 HTTP/1.1" status: 200  len: 2118 time: 0.1130681
2018-09-28 15:10:45.805 21145 INFO neutron.wsgi [req-a158ecf9-c83d-4552-a56d-8a71602fcb69 5079ade94f084817bae12ef21461deab 074415791d654ecd8fa679568ad08402 - 25a5b510792d46fb9d7ff58fb72882dd 25a5b510792d46fb9d7ff58fb72882dd] 10.0.20.23 "GET /v2.0/ports?device_id=7140a3bf-3e63-4b03-9f4a-6ab61810ca53 HTTP/1.1" status: 200  len: 1124 time: 0.5155501
2018-09-28 15:10:45.903 21145 INFO neutron.wsgi [req-2a5b537b-9186-41b1-8830-a040a8bb653e 5079ade94f084817bae12ef21461deab 074415791d654ecd8fa679568ad08402 - 25a5b510792d46fb9d7ff58fb72882dd 25a5b510792d46fb9d7ff58fb72882dd] 10.0.20.23 "GET /v2.0/security-groups?id=3621abdc-b619-4d58-a950-a4b12acac1d0 HTTP/1.1" status: 200  len: 2118 time: 0.0933001
2018-09-28 15:10:46.029 21161 DEBUG neutron.db.agents_db [req-7d3154fb-e654-45a0-b4fd-b597402c3820 - - - - -] Agent healthcheck: found 5 active agents agent_health_check /usr/lib/python2.7/site-packages/neutron/db/agents_db.py:281
2018-09-28 15:10:46.171 21145 INFO neutron.wsgi [req-90b82847-2884-4054-a713-7f3605781809 5079ade94f084817bae12ef21461deab 074415791d654ecd8fa679568ad08402 - 25a5b510792d46fb9d7ff58fb72882dd 25a5b510792d46fb9d7ff58fb72882dd] 10.0.20.23 "GET /v2.0/ports?device_owner=compute%3Anova&device_id=7140a3bf-3e63-4b03-9f4a-6ab61810ca53 HTTP/1.1" status: 200  len: 1124 time: 0.1123669
2018-09-28 15:10:46.215 21145 INFO neutron.wsgi [req-18bb3aa2-2c14-4c55-85ce-8e4a613bf508 5079ade94f084817bae12ef21461deab 074415791d654ecd8fa679568ad08402 - 25a5b510792d46fb9d7ff58fb72882dd 25a5b510792d46fb9d7ff58fb72882dd] 10.0.20.23 "GET /v2.0/floatingips?floating_ip_address=172.24.4.13 HTTP/1.1" status: 200  len: 673 time: 0.0378921
2018-09-28 15:10:46.274 21145 DEBUG neutron.api.v2.base [req-8954ab97-8b90-4ed4-bf73-e64a7e249e9b 5079ade94f084817bae12ef21461deab 074415791d654ecd8fa679568ad08402 - 25a5b510792d46fb9d7ff58fb72882dd 25a5b510792d46fb9d7ff58fb72882dd] Request body: {u'floatingip': {u'fixed_ip_address': u'11.193.1.9', u'port_id': u'db75548a-f75f-4f1e-ab80-f9e735432acd'}} prepare_request_body /usr/lib/python2.7/site-packages/neutron/api/v2/base.py:695
2018-09-28 15:10:46.584 21145 DEBUG neutron_lib.callbacks.manager [req-8954ab97-8b90-4ed4-bf73-e64a7e249e9b 5079ade94f084817bae12ef21461deab 074415791d654ecd8fa679568ad08402 - 25a5b510792d46fb9d7ff58fb72882dd 25a5b510792d46fb9d7ff58fb72882dd] Notify callbacks ['neutron.services.l3_router.l3_router_plugin.L3RouterPlugin._create_dvr_floating_gw_port--9223372036854246576'] for floatingip, after_update _notify_loop /usr/lib/python2.7/site-packages/neutron_lib/callbacks/manager.py:167
2018-09-28 15:10:47.070 21145 DEBUG neutron.scheduler.l3_agent_scheduler [req-8954ab97-8b90-4ed4-bf73-e64a7e249e9b 5079ade94f084817bae12ef21461deab 074415791d654ecd8fa679568ad08402 - 25a5b510792d46fb9d7ff58fb72882dd 25a5b510792d46fb9d7ff58fb72882dd] Router cae9a838-15fe-4e20-936e-aa39eeaa95fd has already been hosted by L3 agent 3a7d0172-8068-4b92-83e9-dfd9fc41c250 _get_candidates /usr/lib/python2.7/site-packages/neutron/scheduler/l3_agent_scheduler.py:141
2018-09-28 15:10:47.398 21146 INFO neutron.wsgi [req-4b0bf4d6-29ce-420c-906b-314c1d07c501 10c05a22cea847f7a42d788fe8f1cd2e 368f193974e14846a186e2cbdb34d110 - default default] 10.0.20.23 "GET /v2.0/ports?device_id=7140a3bf-3e63-4b03-9f4a-6ab61810ca53 HTTP/1.1" status: 200  len: 1124 time: 0.5655520
2018-09-28 15:10:47.515 21146 INFO neutron.wsgi [req-55bb572e-558d-4b6a-be4c-1730be27c997 10c05a22cea847f7a42d788fe8f1cd2e 368f193974e14846a186e2cbdb34d110 - default default] 10.0.20.23 "GET /v2.0/security-groups?id=3621abdc-b619-4d58-a950-a4b12acac1d0 HTTP/1.1" status: 200  len: 2118 time: 0.1097879
2018-09-28 15:10:47.532 21145 DEBUG neutron.api.rpc.agentnotifiers.l3_rpc_agent_api [req-8954ab97-8b90-4ed4-bf73-e64a7e249e9b 5079ade94f084817bae12ef21461deab 074415791d654ecd8fa679568ad08402 - 25a5b510792d46fb9d7ff58fb72882dd 25a5b510792d46fb9d7ff58fb72882dd] Notify agent at l3_agent.localhost.localdomain the message routers_updated _agent_notification /usr/lib/python2.7/site-packages/neutron/api/rpc/agentnotifiers/l3_rpc_agent_api.py:69
2018-09-28 15:10:47.815 21145 DEBUG neutron_lib.callbacks.manager [req-8954ab97-8b90-4ed4-bf73-e64a7e249e9b 5079ade94f084817bae12ef21461deab 074415791d654ecd8fa679568ad08402 - 25a5b510792d46fb9d7ff58fb72882dd 25a5b510792d46fb9d7ff58fb72882dd] Notify callbacks ['neutron.notifiers.nova.Notifier._send_nova_notification--9223372036854774500'] for floatingip, before_response _notify_loop /usr/lib/python2.7/site-packages/neutron_lib/callbacks/manager.py:167
2018-09-28 15:10:47.832 21152 DEBUG neutron.db.l3_hamode_db [req-f499ad20-85bf-427c-8e5d-696aad717a3c - - - - -] neutron.services.l3_router.l3_router_plugin.L3RouterPlugin method get_ha_sync_data_for_host called with arguments (<neutron_lib.context.Context object at 0x7f54236767d0>, u'localhost.localdomain', <neutron.db.models.agent.Agent[object at 7f54236a2410] {id=u'3a7d0172-8068-4b92-83e9-dfd9fc41c250', agent_type=u'L3 agent', binary=u'neutron-l3-agent', topic=u'l3_agent', host=u'localhost.localdomain', availability_zone=u'nova', admin_state_up=True, created_at=datetime.datetime(2018, 9, 12, 22, 24), started_at=datetime.datetime(2018, 9, 28, 18, 54, 35), heartbeat_timestamp=datetime.datetime(2018, 9, 28, 19, 10, 35), description=None, configurations=u'{"agent_mode": "legacy", "gateway_external_network_id": "", "handle_internal_only_routers": true, "routers": 3, "interfaces": 3, "floating_ips": 1, "interface_driver": "neutron.agent.linux.interface.OVSInterfaceDriver", "log_agent_heartbeats": false, "external_network_bridge": "", "ex_gw_ports": 3}', resource_versions=None, load=0}>) {'active': True, 'router_ids': ['cae9a838-15fe-4e20-936e-aa39eeaa95fd']} wrapper /usr/lib/python2.7/site-packages/oslo_log/helpers.py:66
2018-09-28 15:10:47.879 21145 INFO neutron.wsgi [req-8954ab97-8b90-4ed4-bf73-e64a7e249e9b 5079ade94f084817bae12ef21461deab 074415791d654ecd8fa679568ad08402 - 25a5b510792d46fb9d7ff58fb72882dd 25a5b510792d46fb9d7ff58fb72882dd] 10.0.20.23 "PUT /v2.0/floatingips/cc7ec637-086f-434c-b824-a6db22118868 HTTP/1.1" status: 200  len: 746 time: 1.6578560
2018-09-28 15:10:47.881 21145 DEBUG oslo_concurrency.lockutils [-] Lock "notifier-4d10ec70-a0a0-4a76-b82b-f6f96f175418" acquired by "neutron.notifiers.batch_notifier.synced_send" :: waited 0.000s inner /usr/lib/python2.7/site-packages/oslo_concurrency/lockutils.py:270
2018-09-28 15:10:47.881 21145 DEBUG neutron.notifiers.nova [-] Sending events: [{'tag': u'db75548a-f75f-4f1e-ab80-f9e735432acd', 'name': 'network-changed', 'server_uuid': u'7140a3bf-3e63-4b03-9f4a-6ab61810ca53'}] send_events /usr/lib/python2.7/site-packages/neutron/notifiers/nova.py:242
2018-09-28 15:10:48.696 21145 DEBUG novaclient.v2.client [-] REQ: curl -g -i -X POST http://10.0.20.23:8774/v2.1/368f193974e14846a186e2cbdb34d110/os-server-external-events -H "User-Agent: python-novaclient" -H "Content-Type: application/json" -H "Accept: application/json" -H "X-OpenStack-Nova-API-Version: 2.1" -H "X-Auth-Token: {SHA1}5ce9dfb122c9ce5dd03aa0dffb303a3b584f8333" -d '{"events": [{"tag": "db75548a-f75f-4f1e-ab80-f9e735432acd", "name": "network-changed", "server_uuid": "7140a3bf-3e63-4b03-9f4a-6ab61810ca53"}]}' _http_log_request /usr/lib/python2.7/site-packages/keystoneauth1/session.py:375
2018-09-28 15:10:48.982 21152 DEBUG neutron.db.l3_hamode_db [req-f499ad20-85bf-427c-8e5d-696aad717a3c - - - - -] neutron.services.l3_router.l3_router_plugin.L3RouterPlugin method _process_sync_ha_data called with arguments (<neutron_lib.context.Context object at 0x7f54236767d0>, [{'status': u'ACTIVE', '_interfaces': [{'status': u'ACTIVE', 'subnets': [{'dns_nameservers': [u'8.8.4.4'], 'ipv6_ra_mode': None, 'gateway_ip': u'11.193.1.1', 'cidr': u'11.193.1.0/24', 'id': u'1d947e7f-0ccb-4232-9acb-9f10a31cb83b', 'subnetpool_id': None}], 'binding:host_id': u'localhost.localdomain', 'description': u'', 'allowed_address_pairs': [], 'tags': [], 'extra_dhcp_opts': [], 'updated_at': '2018-09-28T19:09:44Z', 'device_owner': u'network:router_interface', 'revision_number': 7, 'port_security_enabled': False, 'binding:profile': {}, 'mtu': 1450, 'fixed_ips': [{'subnet_id': u'1d947e7f-0ccb-4232-9acb-9f10a31cb83b', 'prefixlen': 24, 'ip_address': u'11.193.1.1'}], 'id': u'd68a9b27-afbf-46b9-a31b-0b6f061c4796', 'security_groups': [], 'device_id': u'cae9a838-15fe-4e20-936e-aa39eeaa95fd', 'name': u'', 'admin_state_up': True, 'network_id': u'e5e77d3d-1777-4138-86cd-ed508d3d6207', 'tenant_id': u'074415791d654ecd8fa679568ad08402', 'binding:vif_details': {u'port_filter': True, u'datapath_type': u'system', u'ovs_hybrid_plug': True}, 'address_scopes': {4: None, 6: None}, 'binding:vnic_type': u'normal', 'binding:vif_type': u'ovs', 'mac_address': u'fa:16:3e:47:ed:1c', 'project_id': u'074415791d654ecd8fa679568ad08402', 'extra_subnets': [], 'created_at': '2018-09-28T19:09:37Z'}], 'enable_snat': True, 'ha_vr_id': 0, 'description': u'', 'tags': [], 'gw_port': {'status': u'ACTIVE', 'subnets': [{'dns_nameservers': [], 'ipv6_ra_mode': None, 'gateway_ip': u'172.24.4.1', 'cidr': u'172.24.4.0/24', 'id': u'997c6fe9-dc25-4cff-8564-acd631d97bd5', 'subnetpool_id': None}], 'binding:host_id': u'localhost.localdomain', 'description': u'', 'allowed_address_pairs': [], 'tags': [], 'extra_dhcp_opts': [], 'updated_at': '2018-09-28T19:09:54Z', 'device_owner': u'network:router_gateway', 'revision_number': 6, 'port_security_enabled': False, 'binding:profile': {}, 'mtu': 1500, 'fixed_ips': [{'subnet_id': u'997c6fe9-dc25-4cff-8564-acd631d97bd5', 'prefixlen': 24, 'ip_address': u'172.24.4.7'}], 'id': u'eeb99c6b-dd91-4b1e-a6b9-c73f5178c8a0', 'security_groups': [], 'device_id': u'cae9a838-15fe-4e20-936e-aa39eeaa95fd', 'name': u'', 'admin_state_up': True, 'network_id': u'990b4ddf-dd04-44e0-920c-02fce451b987', 'tenant_id': u'', 'binding:vif_details': {u'port_filter': True, u'datapath_type': u'system', u'ovs_hybrid_plug': True}, 'address_scopes': {4: None, 6: None}, 'binding:vnic_type': u'normal', 'binding:vif_type': u'ovs', 'mac_address': u'fa:16:3e:b7:d7:e5', 'project_id': u'', 'extra_subnets': [], 'created_at': '2018-09-28T19:09:48Z'}, 'updated_at': '2018-09-28T19:09:50Z', 'revision_number': 3, 'ha': False, 'id': u'cae9a838-15fe-4e20-936e-aa39eeaa95fd', 'gw_port_host': u'localhost.localdomain', 'external_gateway_info': {'network_id': u'990b4ddf-dd04-44e0-920c-02fce451b987', 'enable_snat': True, 'external_fixed_ips': [{'subnet_id': u'997c6fe9-dc25-4cff-8564-acd631d97bd5', 'ip_address': u'172.24.4.7'}]}, 'availability_zone_hints': [], 'availability_zones': [u'nova'], 'name': u'tempest-router-1538161620', 'gw_port_id': u'eeb99c6b-dd91-4b1e-a6b9-c73f5178c8a0', 'admin_state_up': True, 'tenant_id': u'074415791d654ecd8fa679568ad08402', 'created_at': '2018-09-28T19:09:19Z', 'distributed': False, 'flavor_id': None, 'routes': [], 'project_id': u'074415791d654ecd8fa679568ad08402', '_floatingips': [{'router_id': u'cae9a838-15fe-4e20-936e-aa39eeaa95fd', 'status': u'DOWN', 'description': u'', 'tags': [], 'updated_at': '2018-09-28T19:10:46Z', 'dns_domain': '', 'floating_network_id': u'990b4ddf-dd04-44e0-920c-02fce451b987', 'fixed_ip_address': u'11.193.1.9', 'floating_ip_address': u'172.24.4.13', 'revision_number': 1, 'port_id': u'db75548a-f75f-4f1e-ab80-f9e735432acd', 'id': u'cc7ec637-086f-434c-b824-a6db22118868', 'dns_name': '', 'created_at': '2018-09-28T19:10:33Z', 'tenant_id': u'074415791d654ecd8fa679568ad08402', 'fixed_ip_address_scope': None, 'project_id': u'074415791d654ecd8fa679568ad08402'}]}], u'localhost.localdomain', False) {} wrapper /usr/lib/python2.7/site-packages/oslo_log/helpers.py:66
2018-09-28 15:10:48.992 21152 DEBUG neutron.api.rpc.handlers.l3_rpc [req-f499ad20-85bf-427c-8e5d-696aad717a3c - - - - -] Checking router: cae9a838-15fe-4e20-936e-aa39eeaa95fd for host: localhost.localdomain _ensure_host_set_on_ports /usr/lib/python2.7/site-packages/neutron/api/rpc/handlers/l3_rpc.py:135
2018-09-28 15:10:49.278 21145 INFO neutron.wsgi [req-2a98d3b0-870e-43b5-b6de-a0f79b03583c 10c05a22cea847f7a42d788fe8f1cd2e 368f193974e14846a186e2cbdb34d110 - default default] 10.0.20.23 "GET /v2.0/ports?tenant_id=074415791d654ecd8fa679568ad08402&device_id=7140a3bf-3e63-4b03-9f4a-6ab61810ca53 HTTP/1.1" status: 200  len: 1124 time: 0.5261629
2018-09-28 15:10:49.296 21153 DEBUG neutron.api.rpc.handlers.l3_rpc [req-7228bed2-8d28-44f5-af1e-2c414d986cca - - - - -] New status for floating IP cc7ec637-086f-434c-b824-a6db22118868: ACTIVE update_floatingip_statuses /usr/lib/python2.7/site-packages/neutron/api/rpc/handlers/l3_rpc.py:252
2018-09-28 15:10:49.373 21145 DEBUG novaclient.v2.client [-] RESP: [200] Content-Length: 179 Content-Type: application/json Openstack-Api-Version: compute 2.1 X-Openstack-Nova-Api-Version: 2.1 Vary: OpenStack-API-Version, X-OpenStack-Nova-API-Version X-Openstack-Request-Id: req-ecc743e7-da10-4d9d-80cf-6012e828ea16 X-Compute-Request-Id: req-ecc743e7-da10-4d9d-80cf-6012e828ea16 Date: Fri, 28 Sep 2018 19:10:49 GMT Connection: keep-alive 
RESP BODY: {"events": [{"status": "completed", "tag": "db75548a-f75f-4f1e-ab80-f9e735432acd", "name": "network-changed", "server_uuid": "7140a3bf-3e63-4b03-9f4a-6ab61810ca53", "code": 200}]}
 _http_log_response /usr/lib/python2.7/site-packages/keystoneauth1/session.py:423
2018-09-28 15:10:49.374 21145 DEBUG novaclient.v2.client [-] POST call to compute for http://10.0.20.23:8774/v2.1/368f193974e14846a186e2cbdb34d110/os-server-external-events used request id req-ecc743e7-da10-4d9d-80cf-6012e828ea16 request /usr/lib/python2.7/site-packages/keystoneauth1/session.py:727
2018-09-28 15:10:49.397 21145 INFO neutron.notifiers.nova [-] Nova event response: {u'status': u'completed', u'tag': u'db75548a-f75f-4f1e-ab80-f9e735432acd', u'name': u'network-changed', u'server_uuid': u'7140a3bf-3e63-4b03-9f4a-6ab61810ca53', u'code': 200}
2018-09-28 15:10:49.512 21150 INFO neutron.wsgi [req-f21779c1-509b-41c3-8f1a-e94d727ef357 10c05a22cea847f7a42d788fe8f1cd2e 368f193974e14846a186e2cbdb34d110 - default default] 10.0.20.23 "GET /v2.0/ports?tenant_id=074415791d654ecd8fa679568ad08402&device_id=7140a3bf-3e63-4b03-9f4a-6ab61810ca53 HTTP/1.1" status: 200  len: 1124 time: 0.1090710
2018-09-28 15:10:49.553 21145 DEBUG neutron.pecan_wsgi.hooks.policy_enforcement [req-7c2fb140-c00b-46a6-82b8-30c3dee89d7d 10c05a22cea847f7a42d788fe8f1cd2e 368f193974e14846a186e2cbdb34d110 - default default] Attributes excluded by policy engine: [u'vlan_transparent'] _exclude_attributes_by_policy /usr/lib/python2.7/site-packages/neutron/pecan_wsgi/hooks/policy_enforcement.py:256
2018-09-28 15:10:49.555 21145 INFO neutron.wsgi [req-7c2fb140-c00b-46a6-82b8-30c3dee89d7d 10c05a22cea847f7a42d788fe8f1cd2e 368f193974e14846a186e2cbdb34d110 - default default] 10.0.20.23 "GET /v2.0/networks?id=e5e77d3d-1777-4138-86cd-ed508d3d6207 HTTP/1.1" status: 200  len: 885 time: 0.2090518
2018-09-28 15:10:49.587 21145 INFO neutron.wsgi [req-9e2e6344-212d-4344-8bb9-7c718d1f1e74 10c05a22cea847f7a42d788fe8f1cd2e 368f193974e14846a186e2cbdb34d110 - default default] 10.0.20.23 "GET /v2.0/floatingips?fixed_ip_address=11.193.1.9&port_id=db75548a-f75f-4f1e-ab80-f9e735432acd HTTP/1.1" status: 200  len: 751 time: 0.0265820
2018-09-28 15:10:49.699 21150 DEBUG neutron.pecan_wsgi.hooks.policy_enforcement [req-11f6bd50-8044-470a-a2fc-49cdf1365cf7 10c05a22cea847f7a42d788fe8f1cd2e 368f193974e14846a186e2cbdb34d110 - default default] Attributes excluded by policy engine: [u'vlan_transparent'] _exclude_attributes_by_policy /usr/lib/python2.7/site-packages/neutron/pecan_wsgi/hooks/policy_enforcement.py:256
2018-09-28 15:10:49.700 21150 INFO neutron.wsgi [req-11f6bd50-8044-470a-a2fc-49cdf1365cf7 10c05a22cea847f7a42d788fe8f1cd2e 368f193974e14846a186e2cbdb34d110 - default default] 10.0.20.23 "GET /v2.0/networks?id=e5e77d3d-1777-4138-86cd-ed508d3d6207 HTTP/1.1" status: 200  len: 885 time: 0.1808960
2018-09-28 15:10:49.704 21145 DEBUG neutron.pecan_wsgi.hooks.policy_enforcement [req-289e6197-6b50-4e92-886d-0e3cd86ffec0 10c05a22cea847f7a42d788fe8f1cd2e 368f193974e14846a186e2cbdb34d110 - default default] Attributes excluded by policy engine: [u'shared'] _exclude_attributes_by_policy /usr/lib/python2.7/site-packages/neutron/pecan_wsgi/hooks/policy_enforcement.py:256
2018-09-28 15:10:49.707 21145 INFO neutron.wsgi [req-289e6197-6b50-4e92-886d-0e3cd86ffec0 10c05a22cea847f7a42d788fe8f1cd2e 368f193974e14846a186e2cbdb34d110 - default default] 10.0.20.23 "GET /v2.0/subnets?id=1d947e7f-0ccb-4232-9acb-9f10a31cb83b HTTP/1.1" status: 200  len: 847 time: 0.1148119
2018-09-28 15:10:49.736 21150 INFO neutron.wsgi [req-129ce563-a704-47f7-bea3-714aa038da8c 10c05a22cea847f7a42d788fe8f1cd2e 368f193974e14846a186e2cbdb34d110 - default default] 10.0.20.23 "GET /v2.0/floatingips?fixed_ip_address=11.193.1.9&port_id=db75548a-f75f-4f1e-ab80-f9e735432acd HTTP/1.1" status: 200  len: 751 time: 0.0302579
2018-09-28 15:10:49.811 21145 INFO neutron.wsgi [req-8c75f7c3-0b71-49d2-b172-da80c0ba37b5 10c05a22cea847f7a42d788fe8f1cd2e 368f193974e14846a186e2cbdb34d110 - default default] 10.0.20.23 "GET /v2.0/ports?network_id=e5e77d3d-1777-4138-86cd-ed508d3d6207&device_owner=network%3Adhcp HTTP/1.1" status: 200  len: 1128 time: 0.0971990
2018-09-28 15:10:49.845 21150 DEBUG neutron.pecan_wsgi.hooks.policy_enforcement [req-1e1b42d0-9e19-4dc5-b90d-f5adbdc4c44e 10c05a22cea847f7a42d788fe8f1cd2e 368f193974e14846a186e2cbdb34d110 - default default] Attributes excluded by policy engine: [u'shared'] _exclude_attributes_by_policy /usr/lib/python2.7/site-packages/neutron/pecan_wsgi/hooks/policy_enforcement.py:256
2018-09-28 15:10:49.848 21150 INFO neutron.wsgi [req-1e1b42d0-9e19-4dc5-b90d-f5adbdc4c44e 10c05a22cea847f7a42d788fe8f1cd2e 368f193974e14846a186e2cbdb34d110 - default default] 10.0.20.23 "GET /v2.0/subnets?id=1d947e7f-0ccb-4232-9acb-9f10a31cb83b HTTP/1.1" status: 200  len: 847 time: 0.1065838
2018-09-28 15:10:49.954 21150 INFO neutron.wsgi [req-03e1103c-8bf8-4591-93f8-6ea783b1b355 10c05a22cea847f7a42d788fe8f1cd2e 368f193974e14846a186e2cbdb34d110 - default default] 10.0.20.23 "GET /v2.0/ports?network_id=e5e77d3d-1777-4138-86cd-ed508d3d6207&device_owner=network%3Adhcp HTTP/1.1" status: 200  len: 1128 time: 0.0991452
2018-09-28 15:10:51.398 21145 DEBUG oslo_concurrency.lockutils [-] Lock "notifier-4d10ec70-a0a0-4a76-b82b-f6f96f175418" released by "neutron.notifiers.batch_notifier.synced_send" :: held 3.517s inner /usr/lib/python2.7/site-packages/oslo_concurrency/lockutils.py:282
2018-09-28 15:10:57.285 21144 INFO neutron.wsgi [req-98e7c9f5-fa53-4c6e-92be-3452da75f383 d620094bd6d047979241572f64ecaca7 368f193974e14846a186e2cbdb34d110 - default default] 10.0.20.23 "GET /v2.0/ports?device_id=7140a3bf-3e63-4b03-9f4a-6ab61810ca53 HTTP/1.1" status: 200  len: 1124 time: 0.7595479
2018-09-28 15:10:57.381 21144 INFO neutron.wsgi [req-788bb664-5d6c-42f6-8e38-e90d16143a1b d620094bd6d047979241572f64ecaca7 368f193974e14846a186e2cbdb34d110 - default default] 10.0.20.23 "GET /v2.0/security-groups?id=3621abdc-b619-4d58-a950-a4b12acac1d0 HTTP/1.1" status: 200  len: 2118 time: 0.0894320
2018-09-28 15:11:00.394 21145 INFO neutron.wsgi [req-cb678521-17c2-47b5-ad54-fa70b51568d5 5079ade94f084817bae12ef21461deab 074415791d654ecd8fa679568ad08402 - 25a5b510792d46fb9d7ff58fb72882dd 25a5b510792d46fb9d7ff58fb72882dd] 10.0.20.23 "GET /v2.0/ports?device_id=7140a3bf-3e63-4b03-9f4a-6ab61810ca53 HTTP/1.1" status: 200  len: 1124 time: 0.5238380
2018-09-28 15:11:00.510 21145 INFO neutron.wsgi [req-1bf7ed66-5673-411d-992f-2f71b2c9b343 5079ade94f084817bae12ef21461deab 074415791d654ecd8fa679568ad08402 - 25a5b510792d46fb9d7ff58fb72882dd 25a5b510792d46fb9d7ff58fb72882dd] 10.0.20.23 "GET /v2.0/security-groups?id=3621abdc-b619-4d58-a950-a4b12acac1d0 HTTP/1.1" status: 200  len: 2118 time: 0.1079919
2018-09-28 15:11:05.795 21154 DEBUG neutron_lib.callbacks.manager [req-b16ede79-d98c-4e17-9753-f8df99745636 - - - - -] Notify callbacks ['neutron.services.segments.db._update_segment_host_mapping_for_agent-8749960506538'] for agent, after_update _notify_loop /usr/lib/python2.7/site-packages/neutron_lib/callbacks/manager.py:167
2018-09-28 15:11:06.986 21158 DEBUG neutron_lib.callbacks.manager [req-902fc8a6-b6f9-4144-b053-c31e2f0702fd - - - - -] Notify callbacks ['neutron.services.segments.db._update_segment_host_mapping_for_agent-8749960506538'] for agent, after_update _notify_loop /usr/lib/python2.7/site-packages/neutron_lib/callbacks/manager.py:167
2018-09-28 15:11:07.439 21157 DEBUG neutron_lib.callbacks.manager [req-f38e023e-73fb-4b85-bc5d-e237d70a27a4 - - - - -] Notify callbacks ['neutron.services.segments.db._update_segment_host_mapping_for_agent-8749960506538'] for agent, after_update _notify_loop /usr/lib/python2.7/site-packages/neutron_lib/callbacks/manager.py:167
2018-09-28 15:11:07.509 21159 DEBUG neutron_lib.callbacks.manager [req-3bc1d58f-afb5-491d-9727-0fc590a0f2be - - - - -] Notify callbacks ['neutron.services.segments.db._update_segment_host_mapping_for_agent-8749960506538'] for agent, after_update _notify_loop /usr/lib/python2.7/site-packages/neutron_lib/callbacks/manager.py:167
2018-09-28 15:11:08.423 21160 DEBUG neutron_lib.callbacks.manager [req-fb2dd7c7-dbe9-4d78-b08a-58b140d411ea - - - - -] Notify callbacks ['neutron.services.segments.db._update_segment_host_mapping_for_agent-8749960506538'] for agent, after_update _notify_loop /usr/lib/python2.7/site-packages/neutron_lib/callbacks/manager.py:167
2018-09-28 15:11:17.010 21145 INFO neutron.wsgi [req-7bf2432d-dca1-4947-bfec-93ab5978ed50 5079ade94f084817bae12ef21461deab 074415791d654ecd8fa679568ad08402 - 25a5b510792d46fb9d7ff58fb72882dd 25a5b510792d46fb9d7ff58fb72882dd] 10.0.20.23 "GET /v2.0/ports?device_id=7140a3bf-3e63-4b03-9f4a-6ab61810ca53 HTTP/1.1" status: 200  len: 1124 time: 0.4831321
2018-09-28 15:11:17.095 21145 INFO neutron.wsgi [req-6db5cb94-8660-4f25-b488-9d58c7f69728 5079ade94f084817bae12ef21461deab 074415791d654ecd8fa679568ad08402 - 25a5b510792d46fb9d7ff58fb72882dd 25a5b510792d46fb9d7ff58fb72882dd] 10.0.20.23 "GET /v2.0/security-groups?id=3621abdc-b619-4d58-a950-a4b12acac1d0 HTTP/1.1" status: 200  len: 2118 time: 0.0804031
2018-09-28 15:11:23.036 21161 DEBUG neutron.db.agents_db [req-7d3154fb-e654-45a0-b4fd-b597402c3820 - - - - -] Agent healthcheck: found 5 active agents agent_health_check /usr/lib/python2.7/site-packages/neutron/db/agents_db.py:281
2018-09-28 15:11:27.413 21145 INFO neutron.wsgi [req-d4fa9492-7d3d-4499-b434-0be1faf3a030 5079ade94f084817bae12ef21461deab 074415791d654ecd8fa679568ad08402 - 25a5b510792d46fb9d7ff58fb72882dd 25a5b510792d46fb9d7ff58fb72882dd] 10.0.20.23 "GET /v2.0/ports?device_id=7140a3bf-3e63-4b03-9f4a-6ab61810ca53 HTTP/1.1" status: 200  len: 1124 time: 0.5105650
2018-09-28 15:11:27.511 21145 INFO neutron.wsgi [req-b20e0776-c1af-4752-8e87-fef84ccf874b 5079ade94f084817bae12ef21461deab 074415791d654ecd8fa679568ad08402 - 25a5b510792d46fb9d7ff58fb72882dd 25a5b510792d46fb9d7ff58fb72882dd] 10.0.20.23 "GET /v2.0/security-groups?id=3621abdc-b619-4d58-a950-a4b12acac1d0 HTTP/1.1" status: 200  len: 2118 time: 0.0924160
2018-09-28 15:11:29.348 21150 INFO neutron.wsgi [req-0f9c2d0d-bedf-4e1f-8361-8f1338efb44a 10c05a22cea847f7a42d788fe8f1cd2e 368f193974e14846a186e2cbdb34d110 - default default] 10.0.20.23 "GET /v2.0/ports?tenant_id=074415791d654ecd8fa679568ad08402&device_id=7140a3bf-3e63-4b03-9f4a-6ab61810ca53 HTTP/1.1" status: 200  len: 1124 time: 0.1234829
2018-09-28 15:11:29.589 21150 DEBUG neutron.pecan_wsgi.hooks.policy_enforcement [req-298ec153-b95d-4379-b75b-0f281669cc98 10c05a22cea847f7a42d788fe8f1cd2e 368f193974e14846a186e2cbdb34d110 - default default] Attributes excluded by policy engine: [u'vlan_transparent'] _exclude_attributes_by_policy /usr/lib/python2.7/site-packages/neutron/pecan_wsgi/hooks/policy_enforcement.py:256
2018-09-28 15:11:29.591 21150 INFO neutron.wsgi [req-298ec153-b95d-4379-b75b-0f281669cc98 10c05a22cea847f7a42d788fe8f1cd2e 368f193974e14846a186e2cbdb34d110 - default default] 10.0.20.23 "GET /v2.0/networks?id=e5e77d3d-1777-4138-86cd-ed508d3d6207 HTTP/1.1" status: 200  len: 885 time: 0.2377629
2018-09-28 15:11:29.635 21150 INFO neutron.wsgi [req-8d69fb12-9fd7-4b5c-ae53-aa0614994526 10c05a22cea847f7a42d788fe8f1cd2e 368f193974e14846a186e2cbdb34d110 - default default] 10.0.20.23 "GET /v2.0/floatingips?fixed_ip_address=11.193.1.9&port_id=db75548a-f75f-4f1e-ab80-f9e735432acd HTTP/1.1" status: 200  len: 751 time: 0.0378861
2018-09-28 15:11:29.755 21150 DEBUG neutron.pecan_wsgi.hooks.policy_enforcement [req-711d49ac-72ff-46b0-900c-ca5f0f94d29d 10c05a22cea847f7a42d788fe8f1cd2e 368f193974e14846a186e2cbdb34d110 - default default] Attributes excluded by policy engine: [u'shared'] _exclude_attributes_by_policy /usr/lib/python2.7/site-packages/neutron/pecan_wsgi/hooks/policy_enforcement.py:256
2018-09-28 15:11:29.757 21150 INFO neutron.wsgi [req-711d49ac-72ff-46b0-900c-ca5f0f94d29d 10c05a22cea847f7a42d788fe8f1cd2e 368f193974e14846a186e2cbdb34d110 - default default] 10.0.20.23 "GET /v2.0/subnets?id=1d947e7f-0ccb-4232-9acb-9f10a31cb83b HTTP/1.1" status: 200  len: 847 time: 0.1163211
2018-09-28 15:11:29.878 21150 INFO neutron.wsgi [req-b0015f96-914c-42a5-a5f4-f6d35b5b95ba 10c05a22cea847f7a42d788fe8f1cd2e 368f193974e14846a186e2cbdb34d110 - default default] 10.0.20.23 "GET /v2.0/ports?network_id=e5e77d3d-1777-4138-86cd-ed508d3d6207&device_owner=network%3Adhcp HTTP/1.1" status: 200  len: 1128 time: 0.1145790
2018-09-28 15:11:35.777 21152 DEBUG neutron_lib.callbacks.manager [req-2499c4a2-5844-45a0-a02f-66805597ed86 - - - - -] Notify callbacks ['neutron.services.segments.db._update_segment_host_mapping_for_agent-8749960506538'] for agent, after_update _notify_loop /usr/lib/python2.7/site-packages/neutron_lib/callbacks/manager.py:167
2018-09-28 15:11:36.973 21153 DEBUG neutron_lib.callbacks.manager [req-902fc8a6-b6f9-4144-b053-c31e2f0702fd - - - - -] Notify callbacks ['neutron.services.segments.db._update_segment_host_mapping_for_agent-8749960506538'] for agent, after_update _notify_loop /usr/lib/python2.7/site-packages/neutron_lib/callbacks/manager.py:167
2018-09-28 15:11:37.434 21156 DEBUG neutron_lib.callbacks.manager [req-f38e023e-73fb-4b85-bc5d-e237d70a27a4 - - - - -] Notify callbacks ['neutron.services.segments.db._update_segment_host_mapping_for_agent-8749960506538'] for agent, after_update _notify_loop /usr/lib/python2.7/site-packages/neutron_lib/callbacks/manager.py:167
2018-09-28 15:11:37.524 21155 DEBUG neutron_lib.callbacks.manager [req-3bc1d58f-afb5-491d-9727-0fc590a0f2be - - - - -] Notify callbacks ['neutron.services.segments.db._update_segment_host_mapping_for_agent-8749960506538'] for agent, after_update _notify_loop /usr/lib/python2.7/site-packages/neutron_lib/callbacks/manager.py:167
2018-09-28 15:11:38.413 21154 DEBUG neutron_lib.callbacks.manager [req-c2f4a897-0124-4360-b71f-cc6577376c67 - - - - -] Notify callbacks ['neutron.services.segments.db._update_segment_host_mapping_for_agent-8749960506538'] for agent, after_update _notify_loop /usr/lib/python2.7/site-packages/neutron_lib/callbacks/manager.py:167
2018-09-28 15:11:41.658 21145 INFO neutron.wsgi [req-4e825158-b854-44df-83e1-65d6a1617070 5079ade94f084817bae12ef21461deab 074415791d654ecd8fa679568ad08402 - 25a5b510792d46fb9d7ff58fb72882dd 25a5b510792d46fb9d7ff58fb72882dd] 10.0.20.23 "GET /v2.0/ports?device_id=7140a3bf-3e63-4b03-9f4a-6ab61810ca53 HTTP/1.1" status: 200  len: 1124 time: 0.5684860
2018-09-28 15:11:41.791 21145 INFO neutron.wsgi [req-3fdbcb6f-35a5-4b3a-9b52-cbc86ec0ed87 5079ade94f084817bae12ef21461deab 074415791d654ecd8fa679568ad08402 - 25a5b510792d46fb9d7ff58fb72882dd 25a5b510792d46fb9d7ff58fb72882dd] 10.0.20.23 "GET /v2.0/security-groups?id=3621abdc-b619-4d58-a950-a4b12acac1d0 HTTP/1.1" status: 200  len: 2118 time: 0.1287298
2018-09-28 15:11:51.521 21147 DEBUG neutron.wsgi [-] (21147) accepted ('10.0.20.23', 34286) server /usr/lib/python2.7/site-packages/eventlet/wsgi.py:883
2018-09-28 15:11:52.452 21147 INFO neutron.wsgi [req-91b6fb92-1131-401f-a6be-3d01b5b546ef 5079ade94f084817bae12ef21461deab 074415791d654ecd8fa679568ad08402 - 25a5b510792d46fb9d7ff58fb72882dd 25a5b510792d46fb9d7ff58fb72882dd] 10.0.20.23 "GET /v2.0/ports?device_id=7140a3bf-3e63-4b03-9f4a-6ab61810ca53 HTTP/1.1" status: 200  len: 1124 time: 0.9286718
2018-09-28 15:11:52.557 21147 INFO neutron.wsgi [req-159deef9-b23d-4d7f-9cad-a5a63b6fe1bb 5079ade94f084817bae12ef21461deab 074415791d654ecd8fa679568ad08402 - 25a5b510792d46fb9d7ff58fb72882dd 25a5b510792d46fb9d7ff58fb72882dd] 10.0.20.23 "GET /v2.0/security-groups?id=3621abdc-b619-4d58-a950-a4b12acac1d0 HTTP/1.1" status: 200  len: 2118 time: 0.1001420
2018-09-28 15:12:00.039 21161 DEBUG neutron.db.agents_db [req-7d3154fb-e654-45a0-b4fd-b597402c3820 - - - - -] Agent healthcheck: found 5 active agents agent_health_check /usr/lib/python2.7/site-packages/neutron/db/agents_db.py:281
2018-09-28 15:12:02.616 21147 INFO neutron.wsgi [req-87abbbfb-6d74-4df9-966a-50815bc0bde1 5079ade94f084817bae12ef21461deab 074415791d654ecd8fa679568ad08402 - 25a5b510792d46fb9d7ff58fb72882dd 25a5b510792d46fb9d7ff58fb72882dd] 10.0.20.23 "GET /v2.0/ports?device_id=7140a3bf-3e63-4b03-9f4a-6ab61810ca53 HTTP/1.1" status: 200  len: 1124 time: 0.7035120
