2018-09-29 19:22:05.624 17159 INFO neutron.wsgi [req-3f3205c0-e5cd-45e7-aace-4d8902aa76e1 89d2c2720ef34114925e329c8ff8dde1 43ecbb7e5e4e469d985fc66dddaefc44 - b9baffcfd4c249e6b4a24ece2c7697f8 b9baffcfd4c249e6b4a24ece2c7697f8] 10.0.20.25 "GET /v2.0/ports?device_id=711ec310-a639-4177-850e-5133340b8949 HTTP/1.1" status: 200  len: 1124 time: 0.6082709
2018-09-29 19:22:05.760 17159 INFO neutron.wsgi [req-bf198c07-30b4-43f0-8e10-99847b1ebfe6 89d2c2720ef34114925e329c8ff8dde1 43ecbb7e5e4e469d985fc66dddaefc44 - b9baffcfd4c249e6b4a24ece2c7697f8 b9baffcfd4c249e6b4a24ece2c7697f8] 10.0.20.25 "GET /v2.0/security-groups?id=72d81c23-fdb7-4cdb-bdcb-9f1cd77ad385 HTTP/1.1" status: 200  len: 2118 time: 0.1279759
2018-09-29 19:22:06.356 17172 DEBUG neutron_lib.callbacks.manager [req-32c19e71-86bd-4707-8b0d-11fedcfe6a9b - - - - -] Notify callbacks ['neutron.services.segments.db._update_segment_host_mapping_for_agent-8739778938433'] for agent, after_update _notify_loop /usr/lib/python2.7/site-packages/neutron_lib/callbacks/manager.py:167
2018-09-29 19:22:18.761 17166 INFO neutron.wsgi [req-d1352b45-7a3c-4d85-a71f-48a3c12853cd 89d2c2720ef34114925e329c8ff8dde1 43ecbb7e5e4e469d985fc66dddaefc44 - b9baffcfd4c249e6b4a24ece2c7697f8 b9baffcfd4c249e6b4a24ece2c7697f8] 10.0.20.25 "GET /v2.0/ports?device_id=711ec310-a639-4177-850e-5133340b8949 HTTP/1.1" status: 200  len: 1124 time: 0.6892450
2018-09-29 19:22:18.877 17166 INFO neutron.wsgi [req-18bda868-7b82-418a-a721-f57bbc49e316 89d2c2720ef34114925e329c8ff8dde1 43ecbb7e5e4e469d985fc66dddaefc44 - b9baffcfd4c249e6b4a24ece2c7697f8 b9baffcfd4c249e6b4a24ece2c7697f8] 10.0.20.25 "GET /v2.0/security-groups?id=72d81c23-fdb7-4cdb-bdcb-9f1cd77ad385 HTTP/1.1" status: 200  len: 2118 time: 0.1086140
2018-09-29 19:22:25.919 17176 DEBUG neutron.db.agents_db [req-8a182811-4b2a-4130-84e8-10b92874e458 - - - - -] Agent healthcheck: found 5 active agents agent_health_check /usr/lib/python2.7/site-packages/neutron/db/agents_db.py:281
2018-09-29 19:22:29.996 17167 DEBUG neutron_lib.callbacks.manager [req-955dbae5-6442-403d-a775-054454cfc8c5 - - - - -] Notify callbacks ['neutron.services.segments.db._update_segment_host_mapping_for_agent-8739778938433'] for agent, after_update _notify_loop /usr/lib/python2.7/site-packages/neutron_lib/callbacks/manager.py:167
2018-09-29 19:22:30.052 17175 DEBUG neutron_lib.callbacks.manager [req-ab41c32d-5fb6-40a4-848d-fbd5bd4c72b9 - - - - -] Notify callbacks ['neutron.services.segments.db._update_segment_host_mapping_for_agent-8739778938433'] for agent, after_update _notify_loop /usr/lib/python2.7/site-packages/neutron_lib/callbacks/manager.py:167
2018-09-29 19:22:30.090 17171 DEBUG neutron_lib.callbacks.manager [req-5c2a0556-d25d-4f9d-8e83-4a47a492f733 - - - - -] Notify callbacks ['neutron.services.segments.db._update_segment_host_mapping_for_agent-8739778938433'] for agent, after_update _notify_loop /usr/lib/python2.7/site-packages/neutron_lib/callbacks/manager.py:167
2018-09-29 19:22:30.589 17168 DEBUG neutron_lib.callbacks.manager [req-5cac9fe9-ac17-4ea3-9cb9-726cd5c6aac5 - - - - -] Notify callbacks ['neutron.services.segments.db._update_segment_host_mapping_for_agent-8739778938433'] for agent, after_update _notify_loop /usr/lib/python2.7/site-packages/neutron_lib/callbacks/manager.py:167
2018-09-29 19:22:33.505 17164 DEBUG neutron.wsgi [-] (17164) accepted ('10.0.20.25', 49996) server /usr/lib/python2.7/site-packages/eventlet/wsgi.py:883
2018-09-29 19:22:33.651 17166 INFO neutron.wsgi [req-2570a074-fa4d-497a-8638-511fbd005477 bae51265fb0f4505a811a9fab7e142f1 671ea1986554476bbcaa620e00697d23 - default default] 10.0.20.25 "GET /v2.0/ports?device_id=711ec310-a639-4177-850e-5133340b8949 HTTP/1.1" status: 200  len: 1124 time: 0.1699600
2018-09-29 19:22:33.810 17166 INFO neutron.wsgi [req-9e2cce56-aae7-4cff-8fec-b64ed39c6e48 bae51265fb0f4505a811a9fab7e142f1 671ea1986554476bbcaa620e00697d23 - default default] 10.0.20.25 "GET /v2.0/security-groups?id=72d81c23-fdb7-4cdb-bdcb-9f1cd77ad385 HTTP/1.1" status: 200  len: 2118 time: 0.1504710
2018-09-29 19:22:35.243 17164 INFO neutron.wsgi [req-bd3ade9f-a5ad-4283-9a7f-93be2016f35d 89d2c2720ef34114925e329c8ff8dde1 43ecbb7e5e4e469d985fc66dddaefc44 - b9baffcfd4c249e6b4a24ece2c7697f8 b9baffcfd4c249e6b4a24ece2c7697f8] 10.0.20.25 "GET /v2.0/ports?device_id=711ec310-a639-4177-850e-5133340b8949 HTTP/1.1" status: 200  len: 1124 time: 1.7347970
2018-09-29 19:22:35.376 17164 INFO neutron.wsgi [req-3a3b46bf-da9d-44c4-96d5-e35b6b361164 89d2c2720ef34114925e329c8ff8dde1 43ecbb7e5e4e469d985fc66dddaefc44 - b9baffcfd4c249e6b4a24ece2c7697f8 b9baffcfd4c249e6b4a24ece2c7697f8] 10.0.20.25 "GET /v2.0/security-groups?id=72d81c23-fdb7-4cdb-bdcb-9f1cd77ad385 HTTP/1.1" status: 200  len: 2118 time: 0.1227272
2018-09-29 19:22:36.361 17169 DEBUG neutron_lib.callbacks.manager [req-32c19e71-86bd-4707-8b0d-11fedcfe6a9b - - - - -] Notify callbacks ['neutron.services.segments.db._update_segment_host_mapping_for_agent-8739778938433'] for agent, after_update _notify_loop /usr/lib/python2.7/site-packages/neutron_lib/callbacks/manager.py:167
2018-09-29 19:22:41.252 17166 INFO neutron.wsgi [req-5e2bc3fb-0080-4647-ac7c-9808a4c38696 6041b01c631d425d829cf96874ce50bf 671ea1986554476bbcaa620e00697d23 - default default] 10.0.20.25 "GET /v2.0/ports?tenant_id=43ecbb7e5e4e469d985fc66dddaefc44&device_id=711ec310-a639-4177-850e-5133340b8949 HTTP/1.1" status: 200  len: 1124 time: 0.1183901
2018-09-29 19:22:41.537 17166 DEBUG neutron.pecan_wsgi.hooks.policy_enforcement [req-78931f4c-210a-4b44-bb9e-c9cd2fe19e61 6041b01c631d425d829cf96874ce50bf 671ea1986554476bbcaa620e00697d23 - default default] Attributes excluded by policy engine: [u'vlan_transparent'] _exclude_attributes_by_policy /usr/lib/python2.7/site-packages/neutron/pecan_wsgi/hooks/policy_enforcement.py:256
2018-09-29 19:22:41.540 17166 INFO neutron.wsgi [req-78931f4c-210a-4b44-bb9e-c9cd2fe19e61 6041b01c631d425d829cf96874ce50bf 671ea1986554476bbcaa620e00697d23 - default default] 10.0.20.25 "GET /v2.0/networks?id=3c635bca-cff6-4c0c-8823-238b4f9edff0 HTTP/1.1" status: 200  len: 885 time: 0.2798150
2018-09-29 19:22:41.603 17166 INFO neutron.wsgi [req-7c3d456c-7b14-4e57-971d-bf407d4400e5 6041b01c631d425d829cf96874ce50bf 671ea1986554476bbcaa620e00697d23 - default default] 10.0.20.25 "GET /v2.0/floatingips?fixed_ip_address=11.33.1.12&port_id=5ae0447c-8acb-499c-af30-9e1125207b02 HTTP/1.1" status: 200  len: 750 time: 0.0511711
2018-09-29 19:22:41.752 17166 DEBUG neutron.pecan_wsgi.hooks.policy_enforcement [req-f8416548-1dba-4766-b10a-0589c8301a17 6041b01c631d425d829cf96874ce50bf 671ea1986554476bbcaa620e00697d23 - default default] Attributes excluded by policy engine: [u'shared'] _exclude_attributes_by_policy /usr/lib/python2.7/site-packages/neutron/pecan_wsgi/hooks/policy_enforcement.py:256
2018-09-29 19:22:41.756 17166 INFO neutron.wsgi [req-f8416548-1dba-4766-b10a-0589c8301a17 6041b01c631d425d829cf96874ce50bf 671ea1986554476bbcaa620e00697d23 - default default] 10.0.20.25 "GET /v2.0/subnets?id=59915c3c-df63-4007-a9a1-6cf1cae9da48 HTTP/1.1" status: 200  len: 843 time: 0.1456649
2018-09-29 19:22:42.216 17166 INFO neutron.wsgi [req-5d77fa90-4249-4436-b541-f7970029fdc2 6041b01c631d425d829cf96874ce50bf 671ea1986554476bbcaa620e00697d23 - default default] 10.0.20.25 "GET /v2.0/ports?network_id=3c635bca-cff6-4c0c-8823-238b4f9edff0&device_owner=network%3Adhcp HTTP/1.1" status: 200  len: 1127 time: 0.4487510
2018-09-29 19:22:43.577 17164 INFO neutron.wsgi [req-a57f8d6b-7201-4def-8966-4f7b788f32e1 bae51265fb0f4505a811a9fab7e142f1 671ea1986554476bbcaa620e00697d23 - default default] 10.0.20.25 "GET /v2.0/ports?device_id=711ec310-a639-4177-850e-5133340b8949 HTTP/1.1" status: 200  len: 1124 time: 0.6238081
2018-09-29 19:22:43.701 17164 INFO neutron.wsgi [req-9818b7f4-2eab-4c01-a379-2b66914ff6af bae51265fb0f4505a811a9fab7e142f1 671ea1986554476bbcaa620e00697d23 - default default] 10.0.20.25 "GET /v2.0/security-groups?id=72d81c23-fdb7-4cdb-bdcb-9f1cd77ad385 HTTP/1.1" status: 200  len: 2118 time: 0.1158991
2018-09-29 19:22:49.041 17164 INFO neutron.wsgi [req-0a8c84e9-0a36-4b6d-8a34-c96c202cb2e5 89d2c2720ef34114925e329c8ff8dde1 43ecbb7e5e4e469d985fc66dddaefc44 - b9baffcfd4c249e6b4a24ece2c7697f8 b9baffcfd4c249e6b4a24ece2c7697f8] 10.0.20.25 "GET /v2.0/ports?device_id=711ec310-a639-4177-850e-5133340b8949 HTTP/1.1" status: 200  len: 1124 time: 0.8304861
2018-09-29 19:22:49.194 17164 INFO neutron.wsgi [req-cb9083c3-1c9a-4222-a366-c04cf79ccc98 89d2c2720ef34114925e329c8ff8dde1 43ecbb7e5e4e469d985fc66dddaefc44 - b9baffcfd4c249e6b4a24ece2c7697f8 b9baffcfd4c249e6b4a24ece2c7697f8] 10.0.20.25 "GET /v2.0/security-groups?id=72d81c23-fdb7-4cdb-bdcb-9f1cd77ad385 HTTP/1.1" status: 200  len: 2118 time: 0.1435142
2018-09-29 19:22:50.045 17166 INFO neutron.wsgi [req-1d43258b-7ecd-4977-b397-320634d25acb 6041b01c631d425d829cf96874ce50bf 671ea1986554476bbcaa620e00697d23 - default default] 10.0.20.25 "GET /v2.0/ports?tenant_id=43ecbb7e5e4e469d985fc66dddaefc44&device_id=711ec310-a639-4177-850e-5133340b8949 HTTP/1.1" status: 200  len: 1124 time: 0.1625850
2018-09-29 19:22:50.348 17166 DEBUG neutron.pecan_wsgi.hooks.policy_enforcement [req-7915a9aa-7f8e-43bd-b35a-18f50b44a38a 6041b01c631d425d829cf96874ce50bf 671ea1986554476bbcaa620e00697d23 - default default] Attributes excluded by policy engine: [u'vlan_transparent'] _exclude_attributes_by_policy /usr/lib/python2.7/site-packages/neutron/pecan_wsgi/hooks/policy_enforcement.py:256
2018-09-29 19:22:50.353 17166 INFO neutron.wsgi [req-7915a9aa-7f8e-43bd-b35a-18f50b44a38a 6041b01c631d425d829cf96874ce50bf 671ea1986554476bbcaa620e00697d23 - default default] 10.0.20.25 "GET /v2.0/networks?id=3c635bca-cff6-4c0c-8823-238b4f9edff0 HTTP/1.1" status: 200  len: 885 time: 0.2957079
2018-09-29 19:22:50.409 17166 INFO neutron.wsgi [req-eef7e34a-b7f8-473b-b4b4-e79676d0c9fd 6041b01c631d425d829cf96874ce50bf 671ea1986554476bbcaa620e00697d23 - default default] 10.0.20.25 "GET /v2.0/floatingips?fixed_ip_address=11.33.1.12&port_id=5ae0447c-8acb-499c-af30-9e1125207b02 HTTP/1.1" status: 200  len: 750 time: 0.0452268
2018-09-29 19:22:50.587 17166 DEBUG neutron.pecan_wsgi.hooks.policy_enforcement [req-8a84efe6-98d6-49ee-b00f-4054b7c1e78f 6041b01c631d425d829cf96874ce50bf 671ea1986554476bbcaa620e00697d23 - default default] Attributes excluded by policy engine: [u'shared'] _exclude_attributes_by_policy /usr/lib/python2.7/site-packages/neutron/pecan_wsgi/hooks/policy_enforcement.py:256
2018-09-29 19:22:50.591 17166 INFO neutron.wsgi [req-8a84efe6-98d6-49ee-b00f-4054b7c1e78f 6041b01c631d425d829cf96874ce50bf 671ea1986554476bbcaa620e00697d23 - default default] 10.0.20.25 "GET /v2.0/subnets?id=59915c3c-df63-4007-a9a1-6cf1cae9da48 HTTP/1.1" status: 200  len: 843 time: 0.1651802
2018-09-29 19:22:50.760 17166 INFO neutron.wsgi [req-fd09281e-fa14-46f0-864b-0048c012b802 6041b01c631d425d829cf96874ce50bf 671ea1986554476bbcaa620e00697d23 - default default] 10.0.20.25 "GET /v2.0/ports?network_id=3c635bca-cff6-4c0c-8823-238b4f9edff0&device_owner=network%3Adhcp HTTP/1.1" status: 200  len: 1127 time: 0.1610861
2018-09-29 19:22:53.698 17173 DEBUG neutron.plugins.ml2.rpc [req-32c19e71-86bd-4707-8b0d-11fedcfe6a9b - - - - -] Device 5ae0447c-8acb-499c-af30-9e1125207b02 no longer exists at agent ovs-agent-localhost.localdomain update_device_down /usr/lib/python2.7/site-packages/neutron/plugins/ml2/rpc.py:213
2018-09-29 19:22:53.943 17173 DEBUG neutron_lib.callbacks.manager [req-32c19e71-86bd-4707-8b0d-11fedcfe6a9b - - - - -] Notify callbacks ['neutron.plugins.ml2.plugin.Ml2Plugin._ensure_default_security_group_handler-344127'] for port, before_update _notify_loop /usr/lib/python2.7/site-packages/neutron_lib/callbacks/manager.py:167
2018-09-29 19:22:54.049 17173 DEBUG oslo_concurrency.lockutils [-] Lock "notifier-41bbb622-22e9-4f16-a15b-77099d647551" acquired by "neutron.notifiers.batch_notifier.synced_send" :: waited 0.000s inner /usr/lib/python2.7/site-packages/oslo_concurrency/lockutils.py:270
2018-09-29 19:22:54.050 17173 DEBUG neutron.notifiers.nova [-] Sending events: [{'status': 'completed', 'tag': u'5ae0447c-8acb-499c-af30-9e1125207b02', 'name': 'network-vif-unplugged', 'server_uuid': u'711ec310-a639-4177-850e-5133340b8949'}] send_events /usr/lib/python2.7/site-packages/neutron/notifiers/nova.py:242
2018-09-29 19:22:54.057 17173 DEBUG novaclient.v2.client [-] REQ: curl -g -i -X POST http://10.0.20.25:8774/v2.1/671ea1986554476bbcaa620e00697d23/os-server-external-events -H "User-Agent: python-novaclient" -H "Content-Type: application/json" -H "Accept: application/json" -H "X-OpenStack-Nova-API-Version: 2.1" -H "X-Auth-Token: {SHA1}fc1203be5d56d2cc1e116c6d884ddff4463bfabd" -d '{"events": [{"status": "completed", "tag": "5ae0447c-8acb-499c-af30-9e1125207b02", "name": "network-vif-unplugged", "server_uuid": "711ec310-a639-4177-850e-5133340b8949"}]}' _http_log_request /usr/lib/python2.7/site-packages/keystoneauth1/session.py:375
2018-09-29 19:22:54.065 17173 DEBUG neutron.plugins.ml2.db [req-32c19e71-86bd-4707-8b0d-11fedcfe6a9b - - - - -] For port 5ae0447c-8acb-499c-af30-9e1125207b02, host localhost.localdomain, got binding levels [<neutron.plugins.ml2.models.PortBindingLevel[object at 7f2e35e7b850] {port_id=u'5ae0447c-8acb-499c-af30-9e1125207b02', host=u'localhost.localdomain', level=0, driver=u'openvswitch', segment_id=u'29e898ee-1c98-4246-b1ac-a7f64b8b6742'}>] get_binding_levels /usr/lib/python2.7/site-packages/neutron/plugins/ml2/db.py:106
2018-09-29 19:22:54.078 17173 DEBUG neutron_lib.callbacks.manager [req-32c19e71-86bd-4707-8b0d-11fedcfe6a9b - - - - -] Notify callbacks ['neutron.plugins.ml2.plugin.Ml2Plugin.notify_sg_on_port_change-343192', 'neutron.api.rpc.agentnotifiers.dhcp_rpc_agent_api.DhcpAgentNotifyAPI._native_event_send_dhcp_notification-1418922', 'neutron.db.l3_hascheduler_db._notify_l3_agent_ha_port_update--9223363297076198554', 'neutron.db.l3_dvrscheduler_db._notify_l3_agent_port_update--9223363297076198629', 'neutron.plugins.ml2.ovo_rpc._ObjectChangeHandler.handle_event-742675'] for port, after_update _notify_loop /usr/lib/python2.7/site-packages/neutron_lib/callbacks/manager.py:167
2018-09-29 19:22:54.111 17173 DEBUG oslo_concurrency.lockutils [-] Lock "event-dispatch" acquired by "neutron.plugins.ml2.ovo_rpc.dispatch_events" :: waited 0.000s inner /usr/lib/python2.7/site-packages/oslo_concurrency/lockutils.py:270
2018-09-29 19:22:54.207 17173 DEBUG novaclient.v2.client [-] RESP: [200] Content-Length: 185 Content-Type: application/json Openstack-Api-Version: compute 2.1 X-Openstack-Nova-Api-Version: 2.1 Vary: OpenStack-API-Version, X-OpenStack-Nova-API-Version X-Openstack-Request-Id: req-01607f87-6903-4c79-8014-8bee61641ab8 X-Compute-Request-Id: req-01607f87-6903-4c79-8014-8bee61641ab8 Date: Sat, 29 Sep 2018 23:22:54 GMT Connection: keep-alive 
RESP BODY: {"events": [{"status": "completed", "tag": "5ae0447c-8acb-499c-af30-9e1125207b02", "name": "network-vif-unplugged", "server_uuid": "711ec310-a639-4177-850e-5133340b8949", "code": 200}]}
 _http_log_response /usr/lib/python2.7/site-packages/keystoneauth1/session.py:423
2018-09-29 19:22:54.208 17173 DEBUG novaclient.v2.client [-] POST call to compute for http://10.0.20.25:8774/v2.1/671ea1986554476bbcaa620e00697d23/os-server-external-events used request id req-01607f87-6903-4c79-8014-8bee61641ab8 request /usr/lib/python2.7/site-packages/keystoneauth1/session.py:727
2018-09-29 19:22:54.226 17173 INFO neutron.notifiers.nova [-] Nova event response: {u'status': u'completed', u'tag': u'5ae0447c-8acb-499c-af30-9e1125207b02', u'name': u'network-vif-unplugged', u'server_uuid': u'711ec310-a639-4177-850e-5133340b8949', u'code': 200}
2018-09-29 19:22:54.304 17173 DEBUG neutron.api.rpc.handlers.resources_rpc [req-32c19e71-86bd-4707-8b0d-11fedcfe6a9b - - - - -] neutron.api.rpc.handlers.resources_rpc.ResourcesPushRpcApi method push called with arguments (<neutron_lib.context.Context object at 0x7f2e35cbbb90>, [Port(admin_state_up=True,allowed_address_pairs=[],binding=PortBinding,binding_levels=[PortBindingLevel],created_at=2018-09-29T23:19:42Z,data_plane_status=<?>,description='',device_id='711ec310-a639-4177-850e-5133340b8949',device_owner='compute:nova',dhcp_options=[],distributed_binding=None,dns=None,fixed_ips=[IPAllocation],id=5ae0447c-8acb-499c-af30-9e1125207b02,mac_address=fa:16:3e:1d:7f:09,name='',network_id=3c635bca-cff6-4c0c-8823-238b4f9edff0,project_id='43ecbb7e5e4e469d985fc66dddaefc44',qos_policy_id=None,revision_number=7,security=PortSecurity(5ae0447c-8acb-499c-af30-9e1125207b02),security_group_ids=set([72d81c23-fdb7-4cdb-bdcb-9f1cd77ad385]),status='DOWN',updated_at=2018-09-29T23:22:54Z)], 'updated') {} wrapper /usr/lib/python2.7/site-packages/oslo_log/helpers.py:66
2018-09-29 19:22:54.324 17173 DEBUG neutron.api.rpc.callbacks.version_manager [req-32c19e71-86bd-4707-8b0d-11fedcfe6a9b - - - - -] Version for resource type Subnet changed None to 1.0 on consumer Open vSwitch agent@localhost.localdomain _set_version /usr/lib/python2.7/site-packages/neutron/api/rpc/callbacks/version_manager.py:119
2018-09-29 19:22:54.325 17173 DEBUG neutron.api.rpc.callbacks.version_manager [req-32c19e71-86bd-4707-8b0d-11fedcfe6a9b - - - - -] Version for resource type Network changed None to 1.0 on consumer Open vSwitch agent@localhost.localdomain _set_version /usr/lib/python2.7/site-packages/neutron/api/rpc/callbacks/version_manager.py:119
2018-09-29 19:22:54.326 17173 DEBUG neutron.api.rpc.callbacks.version_manager [req-32c19e71-86bd-4707-8b0d-11fedcfe6a9b - - - - -] Version for resource type SubPort changed None to 1.0 on consumer Open vSwitch agent@localhost.localdomain _set_version /usr/lib/python2.7/site-packages/neutron/api/rpc/callbacks/version_manager.py:119
2018-09-29 19:22:54.327 17173 DEBUG neutron.api.rpc.callbacks.version_manager [req-32c19e71-86bd-4707-8b0d-11fedcfe6a9b - - - - -] Version for resource type SecurityGroup changed None to 1.0 on consumer Open vSwitch agent@localhost.localdomain _set_version /usr/lib/python2.7/site-packages/neutron/api/rpc/callbacks/version_manager.py:119
2018-09-29 19:22:54.328 17173 DEBUG neutron.api.rpc.callbacks.version_manager [req-32c19e71-86bd-4707-8b0d-11fedcfe6a9b - - - - -] Version for resource type SecurityGroupRule changed None to 1.0 on consumer Open vSwitch agent@localhost.localdomain _set_version /usr/lib/python2.7/site-packages/neutron/api/rpc/callbacks/version_manager.py:119
2018-09-29 19:22:54.329 17173 DEBUG neutron.api.rpc.callbacks.version_manager [req-32c19e71-86bd-4707-8b0d-11fedcfe6a9b - - - - -] Version for resource type Trunk changed None to 1.1 on consumer Open vSwitch agent@localhost.localdomain _set_version /usr/lib/python2.7/site-packages/neutron/api/rpc/callbacks/version_manager.py:119
2018-09-29 19:22:54.330 17173 DEBUG neutron.api.rpc.callbacks.version_manager [req-32c19e71-86bd-4707-8b0d-11fedcfe6a9b - - - - -] Version for resource type QosPolicy changed None to 1.6 on consumer Open vSwitch agent@localhost.localdomain _set_version /usr/lib/python2.7/site-packages/neutron/api/rpc/callbacks/version_manager.py:119
2018-09-29 19:22:54.330 17173 DEBUG neutron.api.rpc.callbacks.version_manager [req-32c19e71-86bd-4707-8b0d-11fedcfe6a9b - - - - -] Version for resource type Port changed None to 1.1 on consumer Open vSwitch agent@localhost.localdomain _set_version /usr/lib/python2.7/site-packages/neutron/api/rpc/callbacks/version_manager.py:119
2018-09-29 19:22:54.331 17173 DEBUG neutron.api.rpc.callbacks.version_manager [req-32c19e71-86bd-4707-8b0d-11fedcfe6a9b - - - - -] Version for resource type Log changed None to 1.0 on consumer Open vSwitch agent@localhost.localdomain _set_version /usr/lib/python2.7/site-packages/neutron/api/rpc/callbacks/version_manager.py:119
2018-09-29 19:22:54.362 17173 DEBUG oslo_concurrency.lockutils [req-32c19e71-86bd-4707-8b0d-11fedcfe6a9b - - - - -] Lock "event-dispatch" released by "neutron.plugins.ml2.ovo_rpc.dispatch_events" :: held 0.251s inner /usr/lib/python2.7/site-packages/oslo_concurrency/lockutils.py:282
2018-09-29 19:22:56.229 17173 DEBUG oslo_concurrency.lockutils [-] Lock "notifier-41bbb622-22e9-4f16-a15b-77099d647551" released by "neutron.notifiers.batch_notifier.synced_send" :: held 2.179s inner /usr/lib/python2.7/site-packages/oslo_concurrency/lockutils.py:282
2018-09-29 19:22:59.361 17163 INFO neutron.wsgi [req-fa728a26-2892-4967-90ac-2cfa573a9dbb 89d2c2720ef34114925e329c8ff8dde1 43ecbb7e5e4e469d985fc66dddaefc44 - b9baffcfd4c249e6b4a24ece2c7697f8 b9baffcfd4c249e6b4a24ece2c7697f8] 10.0.20.25 "GET /v2.0/ports?device_id=711ec310-a639-4177-850e-5133340b8949 HTTP/1.1" status: 200  len: 1122 time: 1.3765481
2018-09-29 19:22:59.548 17163 INFO neutron.wsgi [req-127674ae-6fe9-4b92-b487-e7ac7297a51c 89d2c2720ef34114925e329c8ff8dde1 43ecbb7e5e4e469d985fc66dddaefc44 - b9baffcfd4c249e6b4a24ece2c7697f8 b9baffcfd4c249e6b4a24ece2c7697f8] 10.0.20.25 "GET /v2.0/security-groups?id=72d81c23-fdb7-4cdb-bdcb-9f1cd77ad385 HTTP/1.1" status: 200  len: 2118 time: 0.1750929
2018-09-29 19:23:00.013 17173 DEBUG neutron_lib.callbacks.manager [req-6ca4b9f3-13b8-417b-8000-c92bc3ab6f7c - - - - -] Notify callbacks ['neutron.services.segments.db._update_segment_host_mapping_for_agent-8739778938433'] for agent, after_update _notify_loop /usr/lib/python2.7/site-packages/neutron_lib/callbacks/manager.py:167
2018-09-29 19:23:00.060 17174 DEBUG neutron_lib.callbacks.manager [req-ab41c32d-5fb6-40a4-848d-fbd5bd4c72b9 - - - - -] Notify callbacks ['neutron.services.segments.db._update_segment_host_mapping_for_agent-8739778938433'] for agent, after_update _notify_loop /usr/lib/python2.7/site-packages/neutron_lib/callbacks/manager.py:167
2018-09-29 19:23:00.098 17170 DEBUG neutron_lib.callbacks.manager [req-5c2a0556-d25d-4f9d-8e83-4a47a492f733 - - - - -] Notify callbacks ['neutron.services.segments.db._update_segment_host_mapping_for_agent-8739778938433'] for agent, after_update _notify_loop /usr/lib/python2.7/site-packages/neutron_lib/callbacks/manager.py:167
2018-09-29 19:23:00.628 17172 DEBUG neutron_lib.callbacks.manager [req-3d31b865-827b-497f-bec7-60ec40685ab6 - - - - -] Notify callbacks ['neutron.services.segments.db._update_segment_host_mapping_for_agent-8739778938433'] for agent, after_update _notify_loop /usr/lib/python2.7/site-packages/neutron_lib/callbacks/manager.py:167
2018-09-29 19:23:01.898 17174 DEBUG neutron.plugins.ml2.rpc [req-32c19e71-86bd-4707-8b0d-11fedcfe6a9b - - - - -] Device 5ae0447c-8acb-499c-af30-9e1125207b02 up at agent ovs-agent-localhost.localdomain update_device_up /usr/lib/python2.7/site-packages/neutron/plugins/ml2/rpc.py:244
2018-09-29 19:23:02.126 17174 DEBUG neutron.db.provisioning_blocks [req-32c19e71-86bd-4707-8b0d-11fedcfe6a9b - - - - -] Provisioning complete for port 5ae0447c-8acb-499c-af30-9e1125207b02 triggered by entity L2. provisioning_complete /usr/lib/python2.7/site-packages/neutron/db/provisioning_blocks.py:138
2018-09-29 19:23:02.126 17174 DEBUG neutron_lib.callbacks.manager [req-32c19e71-86bd-4707-8b0d-11fedcfe6a9b - - - - -] Notify callbacks ['neutron.plugins.ml2.plugin.Ml2Plugin._port_provisioned-1977617'] for port, provisioning_complete _notify_loop /usr/lib/python2.7/site-packages/neutron_lib/callbacks/manager.py:167
2018-09-29 19:23:02.322 17174 DEBUG neutron_lib.callbacks.manager [req-32c19e71-86bd-4707-8b0d-11fedcfe6a9b - - - - -] Notify callbacks ['neutron.plugins.ml2.plugin.Ml2Plugin._ensure_default_security_group_handler-344127'] for port, before_update _notify_loop /usr/lib/python2.7/site-packages/neutron_lib/callbacks/manager.py:167
2018-09-29 19:23:02.396 17174 DEBUG oslo_concurrency.lockutils [-] Lock "notifier-41bbb622-22e9-4f16-a15b-77099d647551" acquired by "neutron.notifiers.batch_notifier.synced_send" :: waited 0.000s inner /usr/lib/python2.7/site-packages/oslo_concurrency/lockutils.py:270
2018-09-29 19:23:02.397 17174 DEBUG neutron.notifiers.nova [-] Sending events: [{'status': 'completed', 'tag': u'5ae0447c-8acb-499c-af30-9e1125207b02', 'name': 'network-vif-plugged', 'server_uuid': u'711ec310-a639-4177-850e-5133340b8949'}] send_events /usr/lib/python2.7/site-packages/neutron/notifiers/nova.py:242
2018-09-29 19:23:02.408 17174 DEBUG novaclient.v2.client [-] REQ: curl -g -i -X POST http://10.0.20.25:8774/v2.1/671ea1986554476bbcaa620e00697d23/os-server-external-events -H "User-Agent: python-novaclient" -H "Content-Type: application/json" -H "Accept: application/json" -H "X-OpenStack-Nova-API-Version: 2.1" -H "X-Auth-Token: {SHA1}3d9916bcdba8f5d7a91a787cba854b8fc2bc9830" -d '{"events": [{"status": "completed", "tag": "5ae0447c-8acb-499c-af30-9e1125207b02", "name": "network-vif-plugged", "server_uuid": "711ec310-a639-4177-850e-5133340b8949"}]}' _http_log_request /usr/lib/python2.7/site-packages/keystoneauth1/session.py:375
2018-09-29 19:23:02.415 17174 DEBUG neutron.plugins.ml2.db [req-32c19e71-86bd-4707-8b0d-11fedcfe6a9b - - - - -] For port 5ae0447c-8acb-499c-af30-9e1125207b02, host localhost.localdomain, got binding levels [<neutron.plugins.ml2.models.PortBindingLevel[object at 7f2e35869690] {port_id=u'5ae0447c-8acb-499c-af30-9e1125207b02', host=u'localhost.localdomain', level=0, driver=u'openvswitch', segment_id=u'29e898ee-1c98-4246-b1ac-a7f64b8b6742'}>] get_binding_levels /usr/lib/python2.7/site-packages/neutron/plugins/ml2/db.py:106
2018-09-29 19:23:02.428 17174 DEBUG neutron_lib.callbacks.manager [req-32c19e71-86bd-4707-8b0d-11fedcfe6a9b - - - - -] Notify callbacks ['neutron.plugins.ml2.plugin.Ml2Plugin.notify_sg_on_port_change-343192', 'neutron.api.rpc.agentnotifiers.dhcp_rpc_agent_api.DhcpAgentNotifyAPI._native_event_send_dhcp_notification-1418922', 'neutron.db.l3_hascheduler_db._notify_l3_agent_ha_port_update--9223363297076198554', 'neutron.db.l3_dvrscheduler_db._notify_l3_agent_port_update--9223363297076198629', 'neutron.plugins.ml2.ovo_rpc._ObjectChangeHandler.handle_event-742675'] for port, after_update _notify_loop /usr/lib/python2.7/site-packages/neutron_lib/callbacks/manager.py:167
2018-09-29 19:23:02.451 17174 DEBUG oslo_concurrency.lockutils [-] Lock "event-dispatch" acquired by "neutron.plugins.ml2.ovo_rpc.dispatch_events" :: waited 0.000s inner /usr/lib/python2.7/site-packages/oslo_concurrency/lockutils.py:270
2018-09-29 19:23:02.920 17176 DEBUG neutron.db.agents_db [req-8a182811-4b2a-4130-84e8-10b92874e458 - - - - -] Agent healthcheck: found 5 active agents agent_health_check /usr/lib/python2.7/site-packages/neutron/db/agents_db.py:281
2018-09-29 19:23:03.076 17174 DEBUG neutron.api.rpc.handlers.resources_rpc [req-32c19e71-86bd-4707-8b0d-11fedcfe6a9b - - - - -] neutron.api.rpc.handlers.resources_rpc.ResourcesPushRpcApi method push called with arguments (<neutron_lib.context.Context object at 0x7f2e355dc990>, [Port(admin_state_up=True,allowed_address_pairs=[],binding=PortBinding,binding_levels=[PortBindingLevel],created_at=2018-09-29T23:19:42Z,data_plane_status=<?>,description='',device_id='711ec310-a639-4177-850e-5133340b8949',device_owner='compute:nova',dhcp_options=[],distributed_binding=None,dns=None,fixed_ips=[IPAllocation],id=5ae0447c-8acb-499c-af30-9e1125207b02,mac_address=fa:16:3e:1d:7f:09,name='',network_id=3c635bca-cff6-4c0c-8823-238b4f9edff0,project_id='43ecbb7e5e4e469d985fc66dddaefc44',qos_policy_id=None,revision_number=8,security=PortSecurity(5ae0447c-8acb-499c-af30-9e1125207b02),security_group_ids=set([72d81c23-fdb7-4cdb-bdcb-9f1cd77ad385]),status='ACTIVE',updated_at=2018-09-29T23:23:02Z)], 'updated') {} wrapper /usr/lib/python2.7/site-packages/oslo_log/helpers.py:66
2018-09-29 19:23:03.092 17174 DEBUG neutron.api.rpc.callbacks.version_manager [req-32c19e71-86bd-4707-8b0d-11fedcfe6a9b - - - - -] Version for resource type Subnet changed None to 1.0 on consumer Open vSwitch agent@localhost.localdomain _set_version /usr/lib/python2.7/site-packages/neutron/api/rpc/callbacks/version_manager.py:119
2018-09-29 19:23:03.093 17174 DEBUG neutron.api.rpc.callbacks.version_manager [req-32c19e71-86bd-4707-8b0d-11fedcfe6a9b - - - - -] Version for resource type Network changed None to 1.0 on consumer Open vSwitch agent@localhost.localdomain _set_version /usr/lib/python2.7/site-packages/neutron/api/rpc/callbacks/version_manager.py:119
2018-09-29 19:23:03.094 17174 DEBUG neutron.api.rpc.callbacks.version_manager [req-32c19e71-86bd-4707-8b0d-11fedcfe6a9b - - - - -] Version for resource type SubPort changed None to 1.0 on consumer Open vSwitch agent@localhost.localdomain _set_version /usr/lib/python2.7/site-packages/neutron/api/rpc/callbacks/version_manager.py:119
2018-09-29 19:23:03.095 17174 DEBUG neutron.api.rpc.callbacks.version_manager [req-32c19e71-86bd-4707-8b0d-11fedcfe6a9b - - - - -] Version for resource type SecurityGroup changed None to 1.0 on consumer Open vSwitch agent@localhost.localdomain _set_version /usr/lib/python2.7/site-packages/neutron/api/rpc/callbacks/version_manager.py:119
2018-09-29 19:23:03.095 17174 DEBUG neutron.api.rpc.callbacks.version_manager [req-32c19e71-86bd-4707-8b0d-11fedcfe6a9b - - - - -] Version for resource type SecurityGroupRule changed None to 1.0 on consumer Open vSwitch agent@localhost.localdomain _set_version /usr/lib/python2.7/site-packages/neutron/api/rpc/callbacks/version_manager.py:119
2018-09-29 19:23:03.096 17174 DEBUG neutron.api.rpc.callbacks.version_manager [req-32c19e71-86bd-4707-8b0d-11fedcfe6a9b - - - - -] Version for resource type Trunk changed None to 1.1 on consumer Open vSwitch agent@localhost.localdomain _set_version /usr/lib/python2.7/site-packages/neutron/api/rpc/callbacks/version_manager.py:119
2018-09-29 19:23:03.097 17174 DEBUG neutron.api.rpc.callbacks.version_manager [req-32c19e71-86bd-4707-8b0d-11fedcfe6a9b - - - - -] Version for resource type QosPolicy changed None to 1.6 on consumer Open vSwitch agent@localhost.localdomain _set_version /usr/lib/python2.7/site-packages/neutron/api/rpc/callbacks/version_manager.py:119
2018-09-29 19:23:03.098 17174 DEBUG neutron.api.rpc.callbacks.version_manager [req-32c19e71-86bd-4707-8b0d-11fedcfe6a9b - - - - -] Version for resource type Port changed None to 1.1 on consumer Open vSwitch agent@localhost.localdomain _set_version /usr/lib/python2.7/site-packages/neutron/api/rpc/callbacks/version_manager.py:119
2018-09-29 19:23:03.099 17174 DEBUG neutron.api.rpc.callbacks.version_manager [req-32c19e71-86bd-4707-8b0d-11fedcfe6a9b - - - - -] Version for resource type Log changed None to 1.0 on consumer Open vSwitch agent@localhost.localdomain _set_version /usr/lib/python2.7/site-packages/neutron/api/rpc/callbacks/version_manager.py:119
2018-09-29 19:23:03.123 17174 DEBUG oslo_concurrency.lockutils [req-32c19e71-86bd-4707-8b0d-11fedcfe6a9b - - - - -] Lock "event-dispatch" released by "neutron.plugins.ml2.ovo_rpc.dispatch_events" :: held 0.673s inner /usr/lib/python2.7/site-packages/oslo_concurrency/lockutils.py:282
2018-09-29 19:23:03.127 17174 DEBUG novaclient.v2.client [-] RESP: [200] Content-Length: 183 Content-Type: application/json Openstack-Api-Version: compute 2.1 X-Openstack-Nova-Api-Version: 2.1 Vary: OpenStack-API-Version, X-OpenStack-Nova-API-Version X-Openstack-Request-Id: req-74b17fc3-d383-4615-9749-8d584f1ca257 X-Compute-Request-Id: req-74b17fc3-d383-4615-9749-8d584f1ca257 Date: Sat, 29 Sep 2018 23:23:03 GMT Connection: keep-alive 
RESP BODY: {"events": [{"status": "completed", "tag": "5ae0447c-8acb-499c-af30-9e1125207b02", "name": "network-vif-plugged", "server_uuid": "711ec310-a639-4177-850e-5133340b8949", "code": 200}]}
 _http_log_response /usr/lib/python2.7/site-packages/keystoneauth1/session.py:423
2018-09-29 19:23:03.127 17174 DEBUG novaclient.v2.client [-] POST call to compute for http://10.0.20.25:8774/v2.1/671ea1986554476bbcaa620e00697d23/os-server-external-events used request id req-74b17fc3-d383-4615-9749-8d584f1ca257 request /usr/lib/python2.7/site-packages/keystoneauth1/session.py:727
2018-09-29 19:23:03.136 17174 INFO neutron.notifiers.nova [-] Nova event response: {u'status': u'completed', u'tag': u'5ae0447c-8acb-499c-af30-9e1125207b02', u'name': u'network-vif-plugged', u'server_uuid': u'711ec310-a639-4177-850e-5133340b8949', u'code': 200}
2018-09-29 19:23:03.609 17167 DEBUG neutron.plugins.ml2.rpc [req-32c19e71-86bd-4707-8b0d-11fedcfe6a9b - - - - -] Device 5ae0447c-8acb-499c-af30-9e1125207b02 up at agent ovs-agent-localhost.localdomain update_device_up /usr/lib/python2.7/site-packages/neutron/plugins/ml2/rpc.py:244
2018-09-29 19:23:03.750 17167 DEBUG neutron.db.provisioning_blocks [req-32c19e71-86bd-4707-8b0d-11fedcfe6a9b - - - - -] Provisioning complete for port 5ae0447c-8acb-499c-af30-9e1125207b02 triggered by entity L2. provisioning_complete /usr/lib/python2.7/site-packages/neutron/db/provisioning_blocks.py:138
2018-09-29 19:23:03.751 17167 DEBUG neutron_lib.callbacks.manager [req-32c19e71-86bd-4707-8b0d-11fedcfe6a9b - - - - -] Notify callbacks ['neutron.plugins.ml2.plugin.Ml2Plugin._port_provisioned-1977617'] for port, provisioning_complete _notify_loop /usr/lib/python2.7/site-packages/neutron_lib/callbacks/manager.py:167
2018-09-29 19:23:05.138 17174 DEBUG oslo_concurrency.lockutils [-] Lock "notifier-41bbb622-22e9-4f16-a15b-77099d647551" released by "neutron.notifiers.batch_notifier.synced_send" :: held 2.742s inner /usr/lib/python2.7/site-packages/oslo_concurrency/lockutils.py:282
2018-09-29 19:23:06.377 17167 DEBUG neutron_lib.callbacks.manager [req-32c19e71-86bd-4707-8b0d-11fedcfe6a9b - - - - -] Notify callbacks ['neutron.services.segments.db._update_segment_host_mapping_for_agent-8739778938433'] for agent, after_update _notify_loop /usr/lib/python2.7/site-packages/neutron_lib/callbacks/manager.py:167
2018-09-29 19:23:09.898 17163 INFO neutron.wsgi [req-a67862ea-db3c-4d82-ae08-e1759d44d596 89d2c2720ef34114925e329c8ff8dde1 43ecbb7e5e4e469d985fc66dddaefc44 - b9baffcfd4c249e6b4a24ece2c7697f8 b9baffcfd4c249e6b4a24ece2c7697f8] 10.0.20.25 "GET /v2.0/ports?device_id=711ec310-a639-4177-850e-5133340b8949 HTTP/1.1" status: 200  len: 1124 time: 1.0680430
2018-09-29 19:23:10.057 17163 INFO neutron.wsgi [req-5d545923-c5b4-4608-96f6-4f3828789cab 89d2c2720ef34114925e329c8ff8dde1 43ecbb7e5e4e469d985fc66dddaefc44 - b9baffcfd4c249e6b4a24ece2c7697f8 b9baffcfd4c249e6b4a24ece2c7697f8] 10.0.20.25 "GET /v2.0/security-groups?id=72d81c23-fdb7-4cdb-bdcb-9f1cd77ad385 HTTP/1.1" status: 200  len: 2118 time: 0.1467109
2018-09-29 19:23:29.989 17175 DEBUG neutron_lib.callbacks.manager [req-72a7ad29-8aba-4f65-9919-41349238f9f8 - - - - -] Notify callbacks ['neutron.services.segments.db._update_segment_host_mapping_for_agent-8739778938433'] for agent, after_update _notify_loop /usr/lib/python2.7/site-packages/neutron_lib/callbacks/manager.py:167
2018-09-29 19:23:30.041 17171 DEBUG neutron_lib.callbacks.manager [req-ab41c32d-5fb6-40a4-848d-fbd5bd4c72b9 - - - - -] Notify callbacks ['neutron.services.segments.db._update_segment_host_mapping_for_agent-8739778938433'] for agent, after_update _notify_loop /usr/lib/python2.7/site-packages/neutron_lib/callbacks/manager.py:167
2018-09-29 19:23:30.088 17168 DEBUG neutron_lib.callbacks.manager [req-5c2a0556-d25d-4f9d-8e83-4a47a492f733 - - - - -] Notify callbacks ['neutron.services.segments.db._update_segment_host_mapping_for_agent-8739778938433'] for agent, after_update _notify_loop /usr/lib/python2.7/site-packages/neutron_lib/callbacks/manager.py:167
2018-09-29 19:23:30.583 17169 DEBUG neutron_lib.callbacks.manager [req-934aee05-24c0-40dc-bca2-c89abe4af63f - - - - -] Notify callbacks ['neutron.services.segments.db._update_segment_host_mapping_for_agent-8739778938433'] for agent, after_update _notify_loop /usr/lib/python2.7/site-packages/neutron_lib/callbacks/manager.py:167
2018-09-29 19:23:32.145 17163 INFO neutron.wsgi [req-7e6c6021-8f84-45e9-be80-5ef11d0cf3a7 6041b01c631d425d829cf96874ce50bf 671ea1986554476bbcaa620e00697d23 - default default] 10.0.20.25 "GET /v2.0/ports?device_id=711ec310-a639-4177-850e-5133340b8949 HTTP/1.1" status: 200  len: 1124 time: 0.1561961
2018-09-29 19:23:32.276 17163 INFO neutron.wsgi [req-09977c40-d3cb-4232-9977-187ca53528de 6041b01c631d425d829cf96874ce50bf 671ea1986554476bbcaa620e00697d23 - default default] 10.0.20.25 "GET /v2.0/security-groups?id=72d81c23-fdb7-4cdb-bdcb-9f1cd77ad385 HTTP/1.1" status: 200  len: 2118 time: 0.1207769
2018-09-29 19:23:35.908 17163 INFO neutron.wsgi [req-4bbbe3e4-8653-4a09-aaf6-c59e18872fb7 6041b01c631d425d829cf96874ce50bf 671ea1986554476bbcaa620e00697d23 - default default] 10.0.20.25 "GET /v2.0/ports?device_id=711ec310-a639-4177-850e-5133340b8949 HTTP/1.1" status: 200  len: 1124 time: 0.7169631
2018-09-29 19:23:36.061 17163 INFO neutron.wsgi [req-d6ef7689-372a-45cd-8be7-6cb531b5cf92 6041b01c631d425d829cf96874ce50bf 671ea1986554476bbcaa620e00697d23 - default default] 10.0.20.25 "GET /v2.0/security-groups?id=72d81c23-fdb7-4cdb-bdcb-9f1cd77ad385 HTTP/1.1" status: 200  len: 2118 time: 0.1421821
2018-09-29 19:23:36.357 17173 DEBUG neutron_lib.callbacks.manager [req-32c19e71-86bd-4707-8b0d-11fedcfe6a9b - - - - -] Notify callbacks ['neutron.services.segments.db._update_segment_host_mapping_for_agent-8739778938433'] for agent, after_update _notify_loop /usr/lib/python2.7/site-packages/neutron_lib/callbacks/manager.py:167
2018-09-29 19:23:37.752 17166 INFO neutron.wsgi [req-194c40d1-8d1d-450c-8a8d-a437fe9cc854 6041b01c631d425d829cf96874ce50bf 671ea1986554476bbcaa620e00697d23 - default default] 10.0.20.25 "GET /v2.0/ports?device_id=711ec310-a639-4177-850e-5133340b8949 HTTP/1.1" status: 200  len: 1124 time: 0.1653481
2018-09-29 19:23:37.891 17166 INFO neutron.wsgi [req-06ad164b-13fd-4752-92cd-6f117d196fd0 6041b01c631d425d829cf96874ce50bf 671ea1986554476bbcaa620e00697d23 - default default] 10.0.20.25 "GET /v2.0/security-groups?id=72d81c23-fdb7-4cdb-bdcb-9f1cd77ad385 HTTP/1.1" status: 200  len: 2118 time: 0.1322341
2018-09-29 19:23:38.831 17159 INFO neutron.wsgi [req-7cda065f-cfdc-4853-a585-949dc3a0cacf 6041b01c631d425d829cf96874ce50bf 671ea1986554476bbcaa620e00697d23 - default default] 10.0.20.25 "GET /v2.0/ports?device_id=711ec310-a639-4177-850e-5133340b8949 HTTP/1.1" status: 200  len: 1124 time: 0.1579468
2018-09-29 19:23:38.964 17159 INFO neutron.wsgi [req-ade5ed8e-e2aa-4c6c-b2b8-d7d8b323e5b0 6041b01c631d425d829cf96874ce50bf 671ea1986554476bbcaa620e00697d23 - default default] 10.0.20.25 "GET /v2.0/security-groups?id=72d81c23-fdb7-4cdb-bdcb-9f1cd77ad385 HTTP/1.1" status: 200  len: 2118 time: 0.1214640
2018-09-29 19:23:39.921 17176 DEBUG neutron.db.agents_db [req-8a182811-4b2a-4130-84e8-10b92874e458 - - - - -] Agent healthcheck: found 5 active agents agent_health_check /usr/lib/python2.7/site-packages/neutron/db/agents_db.py:281
2018-09-29 19:23:40.861 17159 INFO neutron.wsgi [req-0f276e69-05ef-4be6-9e4a-b974cc233f49 6041b01c631d425d829cf96874ce50bf 671ea1986554476bbcaa620e00697d23 - default default] 10.0.20.25 "GET /v2.0/ports?device_id=711ec310-a639-4177-850e-5133340b8949 HTTP/1.1" status: 200  len: 1124 time: 0.8729579
2018-09-29 19:23:40.992 17159 INFO neutron.wsgi [req-fe8c8e3f-f03a-4bab-a6e3-d90f4e2d80f2 6041b01c631d425d829cf96874ce50bf 671ea1986554476bbcaa620e00697d23 - default default] 10.0.20.25 "GET /v2.0/security-groups?id=72d81c23-fdb7-4cdb-bdcb-9f1cd77ad385 HTTP/1.1" status: 200  len: 2118 time: 0.1220899
2018-09-29 19:23:43.357 17166 INFO neutron.wsgi [req-9aa72709-eece-4a2b-a230-91b0adf05b0c 6041b01c631d425d829cf96874ce50bf 671ea1986554476bbcaa620e00697d23 - default default] 10.0.20.25 "GET /v2.0/ports?tenant_id=43ecbb7e5e4e469d985fc66dddaefc44&device_id=711ec310-a639-4177-850e-5133340b8949 HTTP/1.1" status: 200  len: 1124 time: 0.1601021
2018-09-29 19:23:43.652 17166 DEBUG neutron.pecan_wsgi.hooks.policy_enforcement [req-9a760f70-0c36-43f7-953d-3838f77a4595 6041b01c631d425d829cf96874ce50bf 671ea1986554476bbcaa620e00697d23 - default default] Attributes excluded by policy engine: [u'vlan_transparent'] _exclude_attributes_by_policy /usr/lib/python2.7/site-packages/neutron/pecan_wsgi/hooks/policy_enforcement.py:256
2018-09-29 19:23:43.655 17166 INFO neutron.wsgi [req-9a760f70-0c36-43f7-953d-3838f77a4595 6041b01c631d425d829cf96874ce50bf 671ea1986554476bbcaa620e00697d23 - default default] 10.0.20.25 "GET /v2.0/networks?id=3c635bca-cff6-4c0c-8823-238b4f9edff0 HTTP/1.1" status: 200  len: 885 time: 0.2902329
2018-09-29 19:23:43.707 17166 INFO neutron.wsgi [req-8e66d66e-7b94-47d0-bbc9-010d1a1512f9 6041b01c631d425d829cf96874ce50bf 671ea1986554476bbcaa620e00697d23 - default default] 10.0.20.25 "GET /v2.0/floatingips?fixed_ip_address=11.33.1.12&port_id=5ae0447c-8acb-499c-af30-9e1125207b02 HTTP/1.1" status: 200  len: 750 time: 0.0445769
2018-09-29 19:23:43.869 17166 DEBUG neutron.pecan_wsgi.hooks.policy_enforcement [req-a0527790-c34a-4a7a-9789-87992ebc9aa3 6041b01c631d425d829cf96874ce50bf 671ea1986554476bbcaa620e00697d23 - default default] Attributes excluded by policy engine: [u'shared'] _exclude_attributes_by_policy /usr/lib/python2.7/site-packages/neutron/pecan_wsgi/hooks/policy_enforcement.py:256
2018-09-29 19:23:43.873 17166 INFO neutron.wsgi [req-a0527790-c34a-4a7a-9789-87992ebc9aa3 6041b01c631d425d829cf96874ce50bf 671ea1986554476bbcaa620e00697d23 - default default] 10.0.20.25 "GET /v2.0/subnets?id=59915c3c-df63-4007-a9a1-6cf1cae9da48 HTTP/1.1" status: 200  len: 843 time: 0.1546969
2018-09-29 19:23:44.053 17166 INFO neutron.wsgi [req-794fb4a2-6824-454a-b26c-aefc52a2a01c 6041b01c631d425d829cf96874ce50bf 671ea1986554476bbcaa620e00697d23 - default default] 10.0.20.25 "GET /v2.0/ports?network_id=3c635bca-cff6-4c0c-8823-238b4f9edff0&device_owner=network%3Adhcp HTTP/1.1" status: 200  len: 1127 time: 0.1681702
2018-09-29 19:23:59.983 17174 DEBUG neutron_lib.callbacks.manager [req-5371df63-083f-4334-89ec-4c02c83a39b0 - - - - -] Notify callbacks ['neutron.services.segments.db._update_segment_host_mapping_for_agent-8739778938433'] for agent, after_update _notify_loop /usr/lib/python2.7/site-packages/neutron_lib/callbacks/manager.py:167
2018-09-29 19:24:00.040 17170 DEBUG neutron_lib.callbacks.manager [req-ab41c32d-5fb6-40a4-848d-fbd5bd4c72b9 - - - - -] Notify callbacks ['neutron.services.segments.db._update_segment_host_mapping_for_agent-8739778938433'] for agent, after_update _notify_loop /usr/lib/python2.7/site-packages/neutron_lib/callbacks/manager.py:167
2018-09-29 19:24:00.075 17172 DEBUG neutron_lib.callbacks.manager [req-5c2a0556-d25d-4f9d-8e83-4a47a492f733 - - - - -] Notify callbacks ['neutron.services.segments.db._update_segment_host_mapping_for_agent-8739778938433'] for agent, after_update _notify_loop /usr/lib/python2.7/site-packages/neutron_lib/callbacks/manager.py:167
2018-09-29 19:24:00.580 17167 DEBUG neutron_lib.callbacks.manager [req-00bd7cab-91ba-4135-bb2b-6f391cd202be - - - - -] Notify callbacks ['neutron.services.segments.db._update_segment_host_mapping_for_agent-8739778938433'] for agent, after_update _notify_loop /usr/lib/python2.7/site-packages/neutron_lib/callbacks/manager.py:167
2018-09-29 19:24:06.356 17175 DEBUG neutron_lib.callbacks.manager [req-32c19e71-86bd-4707-8b0d-11fedcfe6a9b - - - - -] Notify callbacks ['neutron.services.segments.db._update_segment_host_mapping_for_agent-8739778938433'] for agent, after_update _notify_loop /usr/lib/python2.7/site-packages/neutron_lib/callbacks/manager.py:167
2018-09-29 19:24:08.928 17166 DEBUG neutron.wsgi [-] (17166) accepted ('10.0.20.25', 51638) server /usr/lib/python2.7/site-packages/eventlet/wsgi.py:883
2018-09-29 19:24:08.932 17166 INFO neutron.wsgi [-] 10.0.20.25 "GET / HTTP/1.1" status: 200  len: 252 time: 0.0015731
2018-09-29 19:24:09.659 17166 INFO neutron.api.v2.resource [req-4684a0ca-4861-4e13-b699-efef2764c67d 89d2c2720ef34114925e329c8ff8dde1 43ecbb7e5e4e469d985fc66dddaefc44 - b9baffcfd4c249e6b4a24ece2c7697f8 b9baffcfd4c249e6b4a24ece2c7697f8] show failed (client error): The resource could not be found.
2018-09-29 19:24:09.661 17166 INFO neutron.wsgi [req-4684a0ca-4861-4e13-b699-efef2764c67d 89d2c2720ef34114925e329c8ff8dde1 43ecbb7e5e4e469d985fc66dddaefc44 - b9baffcfd4c249e6b4a24ece2c7697f8 b9baffcfd4c249e6b4a24ece2c7697f8] 10.0.20.25 "GET /v2.0/floatingips/172.24.4.2 HTTP/1.1" status: 404  len: 324 time: 0.7232869
2018-09-29 19:24:09.716 17166 INFO neutron.wsgi [req-5dfb43a9-6b08-4474-ae8a-9a8a086a1e06 89d2c2720ef34114925e329c8ff8dde1 43ecbb7e5e4e469d985fc66dddaefc44 - b9baffcfd4c249e6b4a24ece2c7697f8 b9baffcfd4c249e6b4a24ece2c7697f8] 10.0.20.25 "GET /v2.0/floatingips HTTP/1.1" status: 200  len: 1208 time: 0.0472081
2018-09-29 19:24:09.814 17166 DEBUG neutron.plugins.ml2.plugin [req-8b65f42d-f5c7-46fa-b66a-94d0567bcc20 89d2c2720ef34114925e329c8ff8dde1 43ecbb7e5e4e469d985fc66dddaefc44 - b9baffcfd4c249e6b4a24ece2c7697f8 b9baffcfd4c249e6b4a24ece2c7697f8] Deleting port e9f08a7c-b0e2-4161-a1b6-69949963f597 _pre_delete_port /usr/lib/python2.7/site-packages/neutron/plugins/ml2/plugin.py:1488
2018-09-29 19:24:09.816 17166 DEBUG neutron_lib.callbacks.manager [req-8b65f42d-f5c7-46fa-b66a-94d0567bcc20 89d2c2720ef34114925e329c8ff8dde1 43ecbb7e5e4e469d985fc66dddaefc44 - b9baffcfd4c249e6b4a24ece2c7697f8 b9baffcfd4c249e6b4a24ece2c7697f8] Notify callbacks ['neutron.db.l3_db._prevent_l3_port_delete_callback-8739779138037'] for port, before_delete _notify_loop /usr/lib/python2.7/site-packages/neutron_lib/callbacks/manager.py:167
2018-09-29 19:24:10.253 17166 DEBUG neutron.plugins.ml2.plugin [req-8b65f42d-f5c7-46fa-b66a-94d0567bcc20 89d2c2720ef34114925e329c8ff8dde1 43ecbb7e5e4e469d985fc66dddaefc44 - b9baffcfd4c249e6b4a24ece2c7697f8 b9baffcfd4c249e6b4a24ece2c7697f8] Calling delete_port for e9f08a7c-b0e2-4161-a1b6-69949963f597 owned by network:floatingip delete_port /usr/lib/python2.7/site-packages/neutron/plugins/ml2/plugin.py:1547
2018-09-29 19:24:10.656 17166 DEBUG neutron_lib.callbacks.manager [req-8b65f42d-f5c7-46fa-b66a-94d0567bcc20 89d2c2720ef34114925e329c8ff8dde1 43ecbb7e5e4e469d985fc66dddaefc44 - b9baffcfd4c249e6b4a24ece2c7697f8 b9baffcfd4c249e6b4a24ece2c7697f8] Notify callbacks ['neutron.plugins.ml2.plugin.Ml2Plugin.notify_sg_on_port_change-343192', 'neutron.api.rpc.agentnotifiers.dhcp_rpc_agent_api.DhcpAgentNotifyAPI._native_event_send_dhcp_notification-1418922', 'neutron.db.l3_db._notify_routers_callback--9223363297075660081', 'neutron.db.l3_dvrscheduler_db._notify_port_delete-8739778577172', 'neutron.plugins.ml2.ovo_rpc._ObjectChangeHandler.handle_event-742675'] for port, after_delete _notify_loop /usr/lib/python2.7/site-packages/neutron_lib/callbacks/manager.py:167
2018-09-29 19:24:11.095 17166 DEBUG oslo_concurrency.lockutils [-] Lock "event-dispatch" acquired by "neutron.plugins.ml2.ovo_rpc.dispatch_events" :: waited 0.000s inner /usr/lib/python2.7/site-packages/oslo_concurrency/lockutils.py:270
2018-09-29 19:24:11.310 17166 DEBUG neutron.api.rpc.handlers.resources_rpc [req-8b65f42d-f5c7-46fa-b66a-94d0567bcc20 89d2c2720ef34114925e329c8ff8dde1 43ecbb7e5e4e469d985fc66dddaefc44 - - -] neutron.api.rpc.handlers.resources_rpc.ResourcesPushRpcApi method push called with arguments (<neutron_lib.context.Context object at 0x7f2e3549e8d0>, [Port(admin_state_up=<?>,allowed_address_pairs=<?>,binding=<?>,binding_levels=<?>,created_at=<?>,data_plane_status=<?>,description=<?>,device_id=<?>,device_owner=<?>,dhcp_options=<?>,distributed_binding=<?>,dns=<?>,fixed_ips=<?>,id=e9f08a7c-b0e2-4161-a1b6-69949963f597,mac_address=<?>,name=<?>,network_id=<?>,project_id=<?>,qos_policy_id=None,revision_number=<?>,security=<?>,security_group_ids=None,status=<?>,updated_at=<?>)], 'deleted') {} wrapper /usr/lib/python2.7/site-packages/oslo_log/helpers.py:66
2018-09-29 19:24:11.327 17166 DEBUG neutron.api.rpc.callbacks.version_manager [req-8b65f42d-f5c7-46fa-b66a-94d0567bcc20 89d2c2720ef34114925e329c8ff8dde1 43ecbb7e5e4e469d985fc66dddaefc44 - - -] Version for resource type Subnet changed None to 1.0 on consumer Open vSwitch agent@localhost.localdomain _set_version /usr/lib/python2.7/site-packages/neutron/api/rpc/callbacks/version_manager.py:119
2018-09-29 19:24:11.328 17166 DEBUG neutron.api.rpc.callbacks.version_manager [req-8b65f42d-f5c7-46fa-b66a-94d0567bcc20 89d2c2720ef34114925e329c8ff8dde1 43ecbb7e5e4e469d985fc66dddaefc44 - - -] Version for resource type Network changed None to 1.0 on consumer Open vSwitch agent@localhost.localdomain _set_version /usr/lib/python2.7/site-packages/neutron/api/rpc/callbacks/version_manager.py:119
2018-09-29 19:24:11.329 17166 DEBUG neutron.api.rpc.callbacks.version_manager [req-8b65f42d-f5c7-46fa-b66a-94d0567bcc20 89d2c2720ef34114925e329c8ff8dde1 43ecbb7e5e4e469d985fc66dddaefc44 - - -] Version for resource type SubPort changed None to 1.0 on consumer Open vSwitch agent@localhost.localdomain _set_version /usr/lib/python2.7/site-packages/neutron/api/rpc/callbacks/version_manager.py:119
2018-09-29 19:24:11.329 17166 DEBUG neutron.api.rpc.callbacks.version_manager [req-8b65f42d-f5c7-46fa-b66a-94d0567bcc20 89d2c2720ef34114925e329c8ff8dde1 43ecbb7e5e4e469d985fc66dddaefc44 - - -] Version for resource type SecurityGroup changed None to 1.0 on consumer Open vSwitch agent@localhost.localdomain _set_version /usr/lib/python2.7/site-packages/neutron/api/rpc/callbacks/version_manager.py:119
2018-09-29 19:24:11.330 17166 DEBUG neutron.api.rpc.callbacks.version_manager [req-8b65f42d-f5c7-46fa-b66a-94d0567bcc20 89d2c2720ef34114925e329c8ff8dde1 43ecbb7e5e4e469d985fc66dddaefc44 - - -] Version for resource type SecurityGroupRule changed None to 1.0 on consumer Open vSwitch agent@localhost.localdomain _set_version /usr/lib/python2.7/site-packages/neutron/api/rpc/callbacks/version_manager.py:119
2018-09-29 19:24:11.331 17166 DEBUG neutron.api.rpc.callbacks.version_manager [req-8b65f42d-f5c7-46fa-b66a-94d0567bcc20 89d2c2720ef34114925e329c8ff8dde1 43ecbb7e5e4e469d985fc66dddaefc44 - - -] Version for resource type Trunk changed None to 1.1 on consumer Open vSwitch agent@localhost.localdomain _set_version /usr/lib/python2.7/site-packages/neutron/api/rpc/callbacks/version_manager.py:119
