2018-09-13 16:20:15.347 20946 DEBUG neutron.api.rpc.callbacks.version_manager [req-2d0d011f-3740-4a01-be8d-085db6218c7b aade3447accb4ba6835bc5ec3454f5a6 892b3d52c94348d8a7355f6390963dca - - -] Version for resource type SecurityGroup changed None to 1.0 on consumer Open vSwitch agent@localhost.localdomain _set_version /usr/lib/python2.7/site-packages/neutron/api/rpc/callbacks/version_manager.py:119
2018-09-13 16:20:15.347 20946 DEBUG neutron.api.rpc.callbacks.version_manager [req-2d0d011f-3740-4a01-be8d-085db6218c7b aade3447accb4ba6835bc5ec3454f5a6 892b3d52c94348d8a7355f6390963dca - - -] Version for resource type SecurityGroupRule changed None to 1.0 on consumer Open vSwitch agent@localhost.localdomain _set_version /usr/lib/python2.7/site-packages/neutron/api/rpc/callbacks/version_manager.py:119
2018-09-13 16:20:15.348 20946 DEBUG neutron.api.rpc.callbacks.version_manager [req-2d0d011f-3740-4a01-be8d-085db6218c7b aade3447accb4ba6835bc5ec3454f5a6 892b3d52c94348d8a7355f6390963dca - - -] Version for resource type Trunk changed None to 1.1 on consumer Open vSwitch agent@localhost.localdomain _set_version /usr/lib/python2.7/site-packages/neutron/api/rpc/callbacks/version_manager.py:119
2018-09-13 16:20:15.349 20946 DEBUG neutron.api.rpc.callbacks.version_manager [req-2d0d011f-3740-4a01-be8d-085db6218c7b aade3447accb4ba6835bc5ec3454f5a6 892b3d52c94348d8a7355f6390963dca - - -] Version for resource type QosPolicy changed None to 1.6 on consumer Open vSwitch agent@localhost.localdomain _set_version /usr/lib/python2.7/site-packages/neutron/api/rpc/callbacks/version_manager.py:119
2018-09-13 16:20:15.349 20946 DEBUG neutron.api.rpc.callbacks.version_manager [req-2d0d011f-3740-4a01-be8d-085db6218c7b aade3447accb4ba6835bc5ec3454f5a6 892b3d52c94348d8a7355f6390963dca - - -] Version for resource type Port changed None to 1.1 on consumer Open vSwitch agent@localhost.localdomain _set_version /usr/lib/python2.7/site-packages/neutron/api/rpc/callbacks/version_manager.py:119
2018-09-13 16:20:15.350 20946 DEBUG neutron.api.rpc.callbacks.version_manager [req-2d0d011f-3740-4a01-be8d-085db6218c7b aade3447accb4ba6835bc5ec3454f5a6 892b3d52c94348d8a7355f6390963dca - - -] Version for resource type Log changed None to 1.0 on consumer Open vSwitch agent@localhost.localdomain _set_version /usr/lib/python2.7/site-packages/neutron/api/rpc/callbacks/version_manager.py:119
2018-09-13 16:20:15.390 20946 DEBUG oslo_concurrency.lockutils [req-2d0d011f-3740-4a01-be8d-085db6218c7b aade3447accb4ba6835bc5ec3454f5a6 892b3d52c94348d8a7355f6390963dca - - -] Lock "event-dispatch" released by "neutron.plugins.ml2.ovo_rpc.dispatch_events" :: held 0.294s inner /usr/lib/python2.7/site-packages/oslo_concurrency/lockutils.py:282
2018-09-13 16:20:15.424 20946 DEBUG neutron_lib.callbacks.manager [req-2d0d011f-3740-4a01-be8d-085db6218c7b aade3447accb4ba6835bc5ec3454f5a6 892b3d52c94348d8a7355f6390963dca - default default] Notify callbacks ['neutron.services.l3_router.l3_router_plugin.L3RouterPlugin._create_dvr_floating_gw_port--9223372036853175822'] for floatingip, after_update _notify_loop /usr/lib/python2.7/site-packages/neutron_lib/callbacks/manager.py:167
2018-09-13 16:20:15.805 20946 DEBUG neutron.quota.resource [req-2d0d011f-3740-4a01-be8d-085db6218c7b aade3447accb4ba6835bc5ec3454f5a6 892b3d52c94348d8a7355f6390963dca - default default] Persisted dirty status for tenant:a0cf05b2897a4568a459be7e7ac8cdc1 on resource:floatingip mark_dirty /usr/lib/python2.7/site-packages/neutron/quota/resource.py:207
2018-09-13 16:20:15.812 20946 DEBUG neutron.quota.resource [req-2d0d011f-3740-4a01-be8d-085db6218c7b aade3447accb4ba6835bc5ec3454f5a6 892b3d52c94348d8a7355f6390963dca - default default] Persisted dirty status for tenant: on resource:port mark_dirty /usr/lib/python2.7/site-packages/neutron/quota/resource.py:207
2018-09-13 16:20:15.830 20946 DEBUG neutron_lib.callbacks.manager [req-2d0d011f-3740-4a01-be8d-085db6218c7b aade3447accb4ba6835bc5ec3454f5a6 892b3d52c94348d8a7355f6390963dca - default default] Notify callbacks ['neutron.notifiers.nova.Notifier._send_nova_notification--9223372036854739700'] for floatingip, before_response _notify_loop /usr/lib/python2.7/site-packages/neutron_lib/callbacks/manager.py:167
2018-09-13 16:20:15.832 20946 INFO neutron.wsgi [req-2d0d011f-3740-4a01-be8d-085db6218c7b aade3447accb4ba6835bc5ec3454f5a6 892b3d52c94348d8a7355f6390963dca - default default] 10.0.20.22 "POST /v2.0/floatingips HTTP/1.1" status: 201  len: 674 time: 3.5651181
2018-09-13 16:20:22.362 20953 DEBUG neutron_lib.callbacks.manager [req-5d41210b-d665-452a-b8ae-ffdc4d6cc2a2 - - - - -] Notify callbacks ['neutron.services.segments.db._update_segment_host_mapping_for_agent--9223363287365849031'] for agent, after_update _notify_loop /usr/lib/python2.7/site-packages/neutron_lib/callbacks/manager.py:167
2018-09-13 16:20:25.841 20958 DEBUG neutron.db.agents_db [req-d9054052-f2b5-4b05-8284-412f2f5caa3b - - - - -] Agent healthcheck: found 5 active agents agent_health_check /usr/lib/python2.7/site-packages/neutron/db/agents_db.py:281
2018-09-13 16:20:25.923 20945 INFO neutron.wsgi [req-aeecc670-d3f1-4bdb-8d45-adde99cf0b92 d1138ec1c77349f9b95c6580aab47cb8 007b5c587a144e49a50c9008f27cd2bd - default default] 10.0.20.22 "GET /v2.0/ports?tenant_id=a0cf05b2897a4568a459be7e7ac8cdc1&device_id=4e44a93f-a084-4cb7-9cc5-1363b7dfe5c3 HTTP/1.1" status: 200  len: 1125 time: 0.1327000
2018-09-13 16:20:26.190 20945 DEBUG neutron.pecan_wsgi.hooks.policy_enforcement [req-32223b4e-4fd0-483f-8d95-1a578c6e74c0 d1138ec1c77349f9b95c6580aab47cb8 007b5c587a144e49a50c9008f27cd2bd - default default] Attributes excluded by policy engine: [u'vlan_transparent'] _exclude_attributes_by_policy /usr/lib/python2.7/site-packages/neutron/pecan_wsgi/hooks/policy_enforcement.py:256
2018-09-13 16:20:26.194 20945 INFO neutron.wsgi [req-32223b4e-4fd0-483f-8d95-1a578c6e74c0 d1138ec1c77349f9b95c6580aab47cb8 007b5c587a144e49a50c9008f27cd2bd - default default] 10.0.20.22 "GET /v2.0/networks?id=f6f03275-1cde-46ea-b2ab-58646a349a18 HTTP/1.1" status: 200  len: 885 time: 0.2603419
2018-09-13 16:20:26.232 20945 INFO neutron.wsgi [req-25492b72-dcbb-45b3-8a00-87fa5d90142d d1138ec1c77349f9b95c6580aab47cb8 007b5c587a144e49a50c9008f27cd2bd - default default] 10.0.20.22 "GET /v2.0/floatingips?fixed_ip_address=11.138.1.11&port_id=877a5046-0288-43cc-b2c4-7d5471a0c0a0 HTTP/1.1" status: 200  len: 217 time: 0.0307958
2018-09-13 16:20:26.375 20945 DEBUG neutron.pecan_wsgi.hooks.policy_enforcement [req-db6438c3-6df2-4733-9bd3-1b9a7d678462 d1138ec1c77349f9b95c6580aab47cb8 007b5c587a144e49a50c9008f27cd2bd - default default] Attributes excluded by policy engine: [u'shared'] _exclude_attributes_by_policy /usr/lib/python2.7/site-packages/neutron/pecan_wsgi/hooks/policy_enforcement.py:256
2018-09-13 16:20:26.378 20945 INFO neutron.wsgi [req-db6438c3-6df2-4733-9bd3-1b9a7d678462 d1138ec1c77349f9b95c6580aab47cb8 007b5c587a144e49a50c9008f27cd2bd - default default] 10.0.20.22 "GET /v2.0/subnets?id=f98463cb-d838-4067-93d0-0ab865b090b1 HTTP/1.1" status: 200  len: 847 time: 0.1394360
2018-09-13 16:20:26.517 20945 INFO neutron.wsgi [req-58bdc9bf-c621-4dad-9bd0-77e7c5ee3ff2 d1138ec1c77349f9b95c6580aab47cb8 007b5c587a144e49a50c9008f27cd2bd - default default] 10.0.20.22 "GET /v2.0/ports?network_id=f6f03275-1cde-46ea-b2ab-58646a349a18&device_owner=network%3Adhcp HTTP/1.1" status: 200  len: 1128 time: 0.1310930
2018-09-13 16:20:27.122 20940 INFO neutron.wsgi [req-33970217-51c3-4070-af6b-098fcedc1659 d1138ec1c77349f9b95c6580aab47cb8 007b5c587a144e49a50c9008f27cd2bd - default default] 10.0.20.22 "GET /v2.0/ports?device_id=4e44a93f-a084-4cb7-9cc5-1363b7dfe5c3 HTTP/1.1" status: 200  len: 1125 time: 0.6319761
2018-09-13 16:20:27.248 20940 INFO neutron.wsgi [req-4eb6dcee-1ad8-403a-9948-c1af9e3a9339 d1138ec1c77349f9b95c6580aab47cb8 007b5c587a144e49a50c9008f27cd2bd - default default] 10.0.20.22 "GET /v2.0/security-groups?id=c26e8a52-33ca-4253-ae6f-a353488caddf HTTP/1.1" status: 200  len: 2118 time: 0.1189950
2018-09-13 16:20:28.689 20940 INFO neutron.wsgi [req-12a119b5-b24b-49c7-a0e0-ff75016b8e68 7c610fa11364410991fa9edef475e0e3 a0cf05b2897a4568a459be7e7ac8cdc1 - aa8201fe06bf4a2ca9176941cd07a995 aa8201fe06bf4a2ca9176941cd07a995] 10.0.20.22 "GET /v2.0/ports?device_id=4e44a93f-a084-4cb7-9cc5-1363b7dfe5c3 HTTP/1.1" status: 200  len: 1125 time: 1.1082358
2018-09-13 16:20:28.812 20940 INFO neutron.wsgi [req-c8c2db71-6f7a-4a7c-bf8f-0a901387852e 7c610fa11364410991fa9edef475e0e3 a0cf05b2897a4568a459be7e7ac8cdc1 - aa8201fe06bf4a2ca9176941cd07a995 aa8201fe06bf4a2ca9176941cd07a995] 10.0.20.22 "GET /v2.0/security-groups?id=c26e8a52-33ca-4253-ae6f-a353488caddf HTTP/1.1" status: 200  len: 2118 time: 0.1152999
2018-09-13 16:20:29.080 20940 INFO neutron.wsgi [req-3f585e1e-ac79-44fd-9c23-9edd13aa1244 7c610fa11364410991fa9edef475e0e3 a0cf05b2897a4568a459be7e7ac8cdc1 - aa8201fe06bf4a2ca9176941cd07a995 aa8201fe06bf4a2ca9176941cd07a995] 10.0.20.22 "GET /v2.0/ports?device_owner=compute%3Anova&device_id=4e44a93f-a084-4cb7-9cc5-1363b7dfe5c3 HTTP/1.1" status: 200  len: 1125 time: 0.1202409
2018-09-13 16:20:29.125 20940 INFO neutron.wsgi [req-8b0b3d96-6627-416e-8103-b233f34fb919 7c610fa11364410991fa9edef475e0e3 a0cf05b2897a4568a459be7e7ac8cdc1 - aa8201fe06bf4a2ca9176941cd07a995 aa8201fe06bf4a2ca9176941cd07a995] 10.0.20.22 "GET /v2.0/floatingips?floating_ip_address=172.24.4.6 HTTP/1.1" status: 200  len: 672 time: 0.0396988
2018-09-13 16:20:29.142 20940 DEBUG neutron.api.v2.base [req-14d83bf4-50ca-4241-8508-1d3684a60772 7c610fa11364410991fa9edef475e0e3 a0cf05b2897a4568a459be7e7ac8cdc1 - aa8201fe06bf4a2ca9176941cd07a995 aa8201fe06bf4a2ca9176941cd07a995] Request body: {u'floatingip': {u'fixed_ip_address': u'11.138.1.11', u'port_id': u'877a5046-0288-43cc-b2c4-7d5471a0c0a0'}} prepare_request_body /usr/lib/python2.7/site-packages/neutron/api/v2/base.py:695
2018-09-13 16:20:29.453 20940 DEBUG neutron_lib.callbacks.manager [req-14d83bf4-50ca-4241-8508-1d3684a60772 7c610fa11364410991fa9edef475e0e3 a0cf05b2897a4568a459be7e7ac8cdc1 - aa8201fe06bf4a2ca9176941cd07a995 aa8201fe06bf4a2ca9176941cd07a995] Notify callbacks ['neutron.services.l3_router.l3_router_plugin.L3RouterPlugin._create_dvr_floating_gw_port--9223372036853175822'] for floatingip, after_update _notify_loop /usr/lib/python2.7/site-packages/neutron_lib/callbacks/manager.py:167
2018-09-13 16:20:29.464 20942 INFO neutron.wsgi [req-934a271e-2a2c-4818-971c-919ce235d302 d1138ec1c77349f9b95c6580aab47cb8 007b5c587a144e49a50c9008f27cd2bd - default default] 10.0.20.22 "GET /v2.0/ports?device_id=4e44a93f-a084-4cb7-9cc5-1363b7dfe5c3 HTTP/1.1" status: 200  len: 1125 time: 0.5570321
2018-09-13 16:20:29.563 20942 INFO neutron.wsgi [req-b67d192e-3896-48e3-a977-a91bf38f50d0 d1138ec1c77349f9b95c6580aab47cb8 007b5c587a144e49a50c9008f27cd2bd - default default] 10.0.20.22 "GET /v2.0/security-groups?id=c26e8a52-33ca-4253-ae6f-a353488caddf HTTP/1.1" status: 200  len: 2118 time: 0.0904140
2018-09-13 16:20:29.894 20940 DEBUG neutron.scheduler.l3_agent_scheduler [req-14d83bf4-50ca-4241-8508-1d3684a60772 7c610fa11364410991fa9edef475e0e3 a0cf05b2897a4568a459be7e7ac8cdc1 - aa8201fe06bf4a2ca9176941cd07a995 aa8201fe06bf4a2ca9176941cd07a995] Router 0a3b79c0-1988-439b-8a19-6c363404d08f has already been hosted by L3 agent bbe33573-c700-4200-b44f-d2ad03ddf329 _get_candidates /usr/lib/python2.7/site-packages/neutron/scheduler/l3_agent_scheduler.py:141
2018-09-13 16:20:30.038 20940 DEBUG neutron.api.rpc.agentnotifiers.l3_rpc_agent_api [req-14d83bf4-50ca-4241-8508-1d3684a60772 7c610fa11364410991fa9edef475e0e3 a0cf05b2897a4568a459be7e7ac8cdc1 - aa8201fe06bf4a2ca9176941cd07a995 aa8201fe06bf4a2ca9176941cd07a995] Notify agent at l3_agent.localhost.localdomain the message routers_updated _agent_notification /usr/lib/python2.7/site-packages/neutron/api/rpc/agentnotifiers/l3_rpc_agent_api.py:69
2018-09-13 16:20:30.048 20940 DEBUG neutron_lib.callbacks.manager [req-14d83bf4-50ca-4241-8508-1d3684a60772 7c610fa11364410991fa9edef475e0e3 a0cf05b2897a4568a459be7e7ac8cdc1 - aa8201fe06bf4a2ca9176941cd07a995 aa8201fe06bf4a2ca9176941cd07a995] Notify callbacks ['neutron.notifiers.nova.Notifier._send_nova_notification--9223372036854739700'] for floatingip, before_response _notify_loop /usr/lib/python2.7/site-packages/neutron_lib/callbacks/manager.py:167
2018-09-13 16:20:30.068 20953 DEBUG neutron.db.l3_hamode_db [req-ca595e3d-625f-476b-aaf3-a98e294113a0 - - - - -] neutron.services.l3_router.l3_router_plugin.L3RouterPlugin method get_ha_sync_data_for_host called with arguments (<neutron_lib.context.Context object at 0x7f5261fbf390>, u'localhost.localdomain', <neutron.db.models.agent.Agent[object at 7f5262049510] {id=u'bbe33573-c700-4200-b44f-d2ad03ddf329', agent_type=u'L3 agent', binary=u'neutron-l3-agent', topic=u'l3_agent', host=u'localhost.localdomain', availability_zone=u'nova', admin_state_up=True, created_at=datetime.datetime(2018, 9, 12, 22, 23, 13), started_at=datetime.datetime(2018, 9, 13, 20, 1, 32), heartbeat_timestamp=datetime.datetime(2018, 9, 13, 20, 20, 2), description=None, configurations=u'{"agent_mode": "legacy", "gateway_external_network_id": "", "handle_internal_only_routers": true, "routers": 2, "interfaces": 2, "floating_ips": 0, "interface_driver": "neutron.agent.linux.interface.OVSInterfaceDriver", "log_agent_heartbeats": false, "external_network_bridge": "", "ex_gw_ports": 2}', resource_versions=None, load=0}>) {'active': True, 'router_ids': ['0a3b79c0-1988-439b-8a19-6c363404d08f']} wrapper /usr/lib/python2.7/site-packages/oslo_log/helpers.py:66
2018-09-13 16:20:30.105 20940 INFO neutron.wsgi [req-14d83bf4-50ca-4241-8508-1d3684a60772 7c610fa11364410991fa9edef475e0e3 a0cf05b2897a4568a459be7e7ac8cdc1 - aa8201fe06bf4a2ca9176941cd07a995 aa8201fe06bf4a2ca9176941cd07a995] 10.0.20.22 "PUT /v2.0/floatingips/783fb120-868b-4bad-806f-122b217d8fa7 HTTP/1.1" status: 200  len: 746 time: 0.9751501
2018-09-13 16:20:30.106 20940 DEBUG oslo_concurrency.lockutils [-] Lock "notifier-12c5811b-b8aa-4b2d-9722-66fb779f92bd" acquired by "neutron.notifiers.batch_notifier.synced_send" :: waited 0.000s inner /usr/lib/python2.7/site-packages/oslo_concurrency/lockutils.py:270
2018-09-13 16:20:30.107 20940 DEBUG neutron.notifiers.nova [-] Sending events: [{'tag': u'877a5046-0288-43cc-b2c4-7d5471a0c0a0', 'name': 'network-changed', 'server_uuid': u'4e44a93f-a084-4cb7-9cc5-1363b7dfe5c3'}] send_events /usr/lib/python2.7/site-packages/neutron/notifiers/nova.py:242
2018-09-13 16:20:30.683 20953 DEBUG neutron.db.l3_hamode_db [req-ca595e3d-625f-476b-aaf3-a98e294113a0 - - - - -] neutron.services.l3_router.l3_router_plugin.L3RouterPlugin method _process_sync_ha_data called with arguments (<neutron_lib.context.Context object at 0x7f5261fbf390>, [{'status': u'ACTIVE', '_interfaces': [{'status': u'ACTIVE', 'subnets': [{'dns_nameservers': [u'8.8.4.4'], 'ipv6_ra_mode': None, 'gateway_ip': u'11.138.1.1', 'cidr': u'11.138.1.0/24', 'id': u'f98463cb-d838-4067-93d0-0ab865b090b1', 'subnetpool_id': None}], 'binding:host_id': u'localhost.localdomain', 'description': u'', 'allowed_address_pairs': [], 'tags': [], 'extra_dhcp_opts': [], 'updated_at': '2018-09-13T20:19:20Z', 'device_owner': u'network:router_interface', 'revision_number': 7, 'port_security_enabled': False, 'binding:profile': {}, 'mtu': 1450, 'fixed_ips': [{'subnet_id': u'f98463cb-d838-4067-93d0-0ab865b090b1', 'prefixlen': 24, 'ip_address': u'11.138.1.1'}], 'id': u'32cf2724-a990-4ea5-ab26-d51605320719', 'security_groups': [], 'device_id': u'0a3b79c0-1988-439b-8a19-6c363404d08f', 'name': u'', 'admin_state_up': True, 'network_id': u'f6f03275-1cde-46ea-b2ab-58646a349a18', 'tenant_id': u'a0cf05b2897a4568a459be7e7ac8cdc1', 'binding:vif_details': {u'port_filter': True, u'datapath_type': u'system', u'ovs_hybrid_plug': True}, 'address_scopes': {4: None, 6: None}, 'binding:vnic_type': u'normal', 'binding:vif_type': u'ovs', 'mac_address': u'fa:16:3e:80:b9:c9', 'project_id': u'a0cf05b2897a4568a459be7e7ac8cdc1', 'extra_subnets': [], 'created_at': '2018-09-13T20:19:13Z'}], 'enable_snat': True, 'ha_vr_id': 0, 'description': u'', 'tags': [], 'gw_port': {'status': u'ACTIVE', 'subnets': [{'dns_nameservers': [], 'ipv6_ra_mode': None, 'gateway_ip': u'172.24.4.1', 'cidr': u'172.24.4.0/24', 'id': u'6852f693-9617-43cb-89eb-377974cd9510', 'subnetpool_id': None}], 'binding:host_id': u'localhost.localdomain', 'description': u'', 'allowed_address_pairs': [], 'tags': [], 'extra_dhcp_opts': [], 'updated_at': '2018-09-13T20:19:30Z', 'device_owner': u'network:router_gateway', 'revision_number': 6, 'port_security_enabled': False, 'binding:profile': {}, 'mtu': 1500, 'fixed_ips': [{'subnet_id': u'6852f693-9617-43cb-89eb-377974cd9510', 'prefixlen': 24, 'ip_address': u'172.24.4.3'}], 'id': u'55fe8d8c-2955-419d-8b59-70a62bc60454', 'security_groups': [], 'device_id': u'0a3b79c0-1988-439b-8a19-6c363404d08f', 'name': u'', 'admin_state_up': True, 'network_id': u'9619842c-a15f-4600-bdce-bfe274d454b0', 'tenant_id': u'', 'binding:vif_details': {u'port_filter': True, u'datapath_type': u'system', u'ovs_hybrid_plug': True}, 'address_scopes': {4: None, 6: None}, 'binding:vnic_type': u'normal', 'binding:vif_type': u'ovs', 'mac_address': u'fa:16:3e:96:50:ed', 'project_id': u'', 'extra_subnets': [], 'created_at': '2018-09-13T20:19:25Z'}, 'updated_at': '2018-09-13T20:19:26Z', 'revision_number': 4, 'ha': False, 'id': u'0a3b79c0-1988-439b-8a19-6c363404d08f', 'gw_port_host': u'localhost.localdomain', 'external_gateway_info': {'network_id': u'9619842c-a15f-4600-bdce-bfe274d454b0', 'enable_snat': True, 'external_fixed_ips': [{'subnet_id': u'6852f693-9617-43cb-89eb-377974cd9510', 'ip_address': u'172.24.4.3'}]}, 'availability_zone_hints': [], 'availability_zones': [u'nova'], 'name': u'tempest-router-1536869797', 'gw_port_id': u'55fe8d8c-2955-419d-8b59-70a62bc60454', 'admin_state_up': True, 'tenant_id': u'a0cf05b2897a4568a459be7e7ac8cdc1', 'created_at': '2018-09-13T20:18:55Z', 'distributed': False, 'flavor_id': None, 'routes': [], 'project_id': u'a0cf05b2897a4568a459be7e7ac8cdc1', '_floatingips': [{'router_id': u'0a3b79c0-1988-439b-8a19-6c363404d08f', 'status': u'DOWN', 'description': u'', 'tags': [], 'updated_at': '2018-09-13T20:20:29Z', 'dns_domain': '', 'floating_network_id': u'9619842c-a15f-4600-bdce-bfe274d454b0', 'fixed_ip_address': u'11.138.1.11', 'floating_ip_address': u'172.24.4.6', 'revision_number': 1, 'port_id': u'877a5046-0288-43cc-b2c4-7d5471a0c0a0', 'id': u'783fb120-868b-4bad-806f-122b217d8fa7', 'dns_name': '', 'created_at': '2018-09-13T20:20:14Z', 'tenant_id': u'a0cf05b2897a4568a459be7e7ac8cdc1', 'fixed_ip_address_scope': None, 'project_id': u'a0cf05b2897a4568a459be7e7ac8cdc1'}]}], u'localhost.localdomain', False) {} wrapper /usr/lib/python2.7/site-packages/oslo_log/helpers.py:66
2018-09-13 16:20:30.699 20953 DEBUG neutron.api.rpc.handlers.l3_rpc [req-ca595e3d-625f-476b-aaf3-a98e294113a0 - - - - -] Checking router: 0a3b79c0-1988-439b-8a19-6c363404d08f for host: localhost.localdomain _ensure_host_set_on_ports /usr/lib/python2.7/site-packages/neutron/api/rpc/handlers/l3_rpc.py:135
2018-09-13 16:20:30.956 20940 DEBUG novaclient.v2.client [-] REQ: curl -g -i -X POST http://10.0.20.22:8774/v2.1/007b5c587a144e49a50c9008f27cd2bd/os-server-external-events -H "User-Agent: python-novaclient" -H "Content-Type: application/json" -H "Accept: application/json" -H "X-OpenStack-Nova-API-Version: 2.1" -H "X-Auth-Token: {SHA1}6372d6fd721e10e6a68e5ca440870bc5162eed29" -d '{"events": [{"tag": "877a5046-0288-43cc-b2c4-7d5471a0c0a0", "name": "network-changed", "server_uuid": "4e44a93f-a084-4cb7-9cc5-1363b7dfe5c3"}]}' _http_log_request /usr/lib/python2.7/site-packages/keystoneauth1/session.py:375
2018-09-13 16:20:31.001 20949 DEBUG neutron.api.rpc.handlers.l3_rpc [req-333479cd-6208-470e-9d92-242e4e518cec - - - - -] New status for floating IP 783fb120-868b-4bad-806f-122b217d8fa7: ACTIVE update_floatingip_statuses /usr/lib/python2.7/site-packages/neutron/api/rpc/handlers/l3_rpc.py:252
2018-09-13 16:20:31.576 20940 INFO neutron.wsgi [req-7134e328-bf54-42de-bad2-1dc34e8e14fa d1138ec1c77349f9b95c6580aab47cb8 007b5c587a144e49a50c9008f27cd2bd - default default] 10.0.20.22 "GET /v2.0/ports?tenant_id=a0cf05b2897a4568a459be7e7ac8cdc1&device_id=4e44a93f-a084-4cb7-9cc5-1363b7dfe5c3 HTTP/1.1" status: 200  len: 1125 time: 0.6146579
2018-09-13 16:20:31.579 20940 DEBUG novaclient.v2.client [-] RESP: [200] Content-Length: 179 Content-Type: application/json Openstack-Api-Version: compute 2.1 X-Openstack-Nova-Api-Version: 2.1 Vary: OpenStack-API-Version, X-OpenStack-Nova-API-Version X-Openstack-Request-Id: req-22273a76-fb77-449a-aacf-a1bb49387262 X-Compute-Request-Id: req-22273a76-fb77-449a-aacf-a1bb49387262 Date: Thu, 13 Sep 2018 20:20:31 GMT Connection: keep-alive 
RESP BODY: {"events": [{"status": "completed", "tag": "877a5046-0288-43cc-b2c4-7d5471a0c0a0", "name": "network-changed", "server_uuid": "4e44a93f-a084-4cb7-9cc5-1363b7dfe5c3", "code": 200}]}
 _http_log_response /usr/lib/python2.7/site-packages/keystoneauth1/session.py:423
2018-09-13 16:20:31.579 20940 DEBUG novaclient.v2.client [-] POST call to compute for http://10.0.20.22:8774/v2.1/007b5c587a144e49a50c9008f27cd2bd/os-server-external-events used request id req-22273a76-fb77-449a-aacf-a1bb49387262 request /usr/lib/python2.7/site-packages/keystoneauth1/session.py:727
2018-09-13 16:20:31.580 20940 INFO neutron.notifiers.nova [-] Nova event response: {u'status': u'completed', u'tag': u'877a5046-0288-43cc-b2c4-7d5471a0c0a0', u'name': u'network-changed', u'server_uuid': u'4e44a93f-a084-4cb7-9cc5-1363b7dfe5c3', u'code': 200}
2018-09-13 16:20:31.731 20945 INFO neutron.wsgi [req-fc2fb21c-b867-4fdf-bef3-57710660f212 d1138ec1c77349f9b95c6580aab47cb8 007b5c587a144e49a50c9008f27cd2bd - default default] 10.0.20.22 "GET /v2.0/ports?tenant_id=a0cf05b2897a4568a459be7e7ac8cdc1&device_id=4e44a93f-a084-4cb7-9cc5-1363b7dfe5c3 HTTP/1.1" status: 200  len: 1125 time: 0.1188610
2018-09-13 16:20:31.982 20945 DEBUG neutron.pecan_wsgi.hooks.policy_enforcement [req-d72f5182-6fce-46a6-bb56-6380e7edfbcc d1138ec1c77349f9b95c6580aab47cb8 007b5c587a144e49a50c9008f27cd2bd - default default] Attributes excluded by policy engine: [u'vlan_transparent'] _exclude_attributes_by_policy /usr/lib/python2.7/site-packages/neutron/pecan_wsgi/hooks/policy_enforcement.py:256
2018-09-13 16:20:31.984 20945 INFO neutron.wsgi [req-d72f5182-6fce-46a6-bb56-6380e7edfbcc d1138ec1c77349f9b95c6580aab47cb8 007b5c587a144e49a50c9008f27cd2bd - default default] 10.0.20.22 "GET /v2.0/networks?id=f6f03275-1cde-46ea-b2ab-58646a349a18 HTTP/1.1" status: 200  len: 885 time: 0.2462409
2018-09-13 16:20:32.031 20945 INFO neutron.wsgi [req-3256203b-40a5-450e-9aee-a6763d39b9d1 d1138ec1c77349f9b95c6580aab47cb8 007b5c587a144e49a50c9008f27cd2bd - default default] 10.0.20.22 "GET /v2.0/floatingips?fixed_ip_address=11.138.1.11&port_id=877a5046-0288-43cc-b2c4-7d5471a0c0a0 HTTP/1.1" status: 200  len: 751 time: 0.0387011
2018-09-13 16:20:32.091 20948 DEBUG neutron_lib.callbacks.manager [req-4395b5dc-bbd5-4e40-b9a2-1115d141f99b - - - - -] Notify callbacks ['neutron.services.segments.db._update_segment_host_mapping_for_agent--9223363287365849031'] for agent, after_update _notify_loop /usr/lib/python2.7/site-packages/neutron_lib/callbacks/manager.py:167
2018-09-13 16:20:32.099 20950 DEBUG neutron_lib.callbacks.manager [req-bf64946c-41bb-49ae-9493-697dda9df069 - - - - -] Notify callbacks ['neutron.services.segments.db._update_segment_host_mapping_for_agent--9223363287365849031'] for agent, after_update _notify_loop /usr/lib/python2.7/site-packages/neutron_lib/callbacks/manager.py:167
2018-09-13 16:20:32.141 20940 DEBUG neutron.pecan_wsgi.hooks.policy_enforcement [req-295c1b5f-bd0a-4ef6-846d-3047e1ceba1b d1138ec1c77349f9b95c6580aab47cb8 007b5c587a144e49a50c9008f27cd2bd - default default] Attributes excluded by policy engine: [u'vlan_transparent'] _exclude_attributes_by_policy /usr/lib/python2.7/site-packages/neutron/pecan_wsgi/hooks/policy_enforcement.py:256
2018-09-13 16:20:32.145 20940 INFO neutron.wsgi [req-295c1b5f-bd0a-4ef6-846d-3047e1ceba1b d1138ec1c77349f9b95c6580aab47cb8 007b5c587a144e49a50c9008f27cd2bd - default default] 10.0.20.22 "GET /v2.0/networks?id=f6f03275-1cde-46ea-b2ab-58646a349a18 HTTP/1.1" status: 200  len: 885 time: 0.5608580
2018-09-13 16:20:32.152 20955 DEBUG neutron_lib.callbacks.manager [req-e534ff0a-7bb5-4bf4-883b-e0a24ecb0bb5 - - - - -] Notify callbacks ['neutron.services.segments.db._update_segment_host_mapping_for_agent--9223363287365849031'] for agent, after_update _notify_loop /usr/lib/python2.7/site-packages/neutron_lib/callbacks/manager.py:167
2018-09-13 16:20:32.174 20945 DEBUG neutron.pecan_wsgi.hooks.policy_enforcement [req-ae2d22db-6445-4826-b232-f8b22c9399aa d1138ec1c77349f9b95c6580aab47cb8 007b5c587a144e49a50c9008f27cd2bd - default default] Attributes excluded by policy engine: [u'shared'] _exclude_attributes_by_policy /usr/lib/python2.7/site-packages/neutron/pecan_wsgi/hooks/policy_enforcement.py:256
2018-09-13 16:20:32.176 20945 INFO neutron.wsgi [req-ae2d22db-6445-4826-b232-f8b22c9399aa d1138ec1c77349f9b95c6580aab47cb8 007b5c587a144e49a50c9008f27cd2bd - default default] 10.0.20.22 "GET /v2.0/subnets?id=f98463cb-d838-4067-93d0-0ab865b090b1 HTTP/1.1" status: 200  len: 847 time: 0.1367879
2018-09-13 16:20:32.191 20940 INFO neutron.wsgi [req-7090a83e-7a37-4bd7-8127-18f587288c66 d1138ec1c77349f9b95c6580aab47cb8 007b5c587a144e49a50c9008f27cd2bd - default default] 10.0.20.22 "GET /v2.0/floatingips?fixed_ip_address=11.138.1.11&port_id=877a5046-0288-43cc-b2c4-7d5471a0c0a0 HTTP/1.1" status: 200  len: 751 time: 0.0406880
2018-09-13 16:20:32.219 20946 DEBUG neutron.wsgi [-] (20946) accepted ('10.0.20.22', 47616) server /usr/lib/python2.7/site-packages/eventlet/wsgi.py:883
2018-09-13 16:20:32.295 20945 INFO neutron.wsgi [req-32a281b7-bac5-4f87-b454-b1ca4ad808f6 d1138ec1c77349f9b95c6580aab47cb8 007b5c587a144e49a50c9008f27cd2bd - default default] 10.0.20.22 "GET /v2.0/ports?network_id=f6f03275-1cde-46ea-b2ab-58646a349a18&device_owner=network%3Adhcp HTTP/1.1" status: 200  len: 1128 time: 0.1095960
2018-09-13 16:20:32.321 20940 DEBUG neutron.pecan_wsgi.hooks.policy_enforcement [req-c60dfed3-422a-463a-8561-8a917690ca61 d1138ec1c77349f9b95c6580aab47cb8 007b5c587a144e49a50c9008f27cd2bd - default default] Attributes excluded by policy engine: [u'shared'] _exclude_attributes_by_policy /usr/lib/python2.7/site-packages/neutron/pecan_wsgi/hooks/policy_enforcement.py:256
2018-09-13 16:20:32.324 20940 INFO neutron.wsgi [req-c60dfed3-422a-463a-8561-8a917690ca61 d1138ec1c77349f9b95c6580aab47cb8 007b5c587a144e49a50c9008f27cd2bd - default default] 10.0.20.22 "GET /v2.0/subnets?id=f98463cb-d838-4067-93d0-0ab865b090b1 HTTP/1.1" status: 200  len: 847 time: 0.1232152
2018-09-13 16:20:32.459 20940 INFO neutron.wsgi [req-3e80e851-e28a-4950-8b64-65f5ca99b860 d1138ec1c77349f9b95c6580aab47cb8 007b5c587a144e49a50c9008f27cd2bd - default default] 10.0.20.22 "GET /v2.0/ports?network_id=f6f03275-1cde-46ea-b2ab-58646a349a18&device_owner=network%3Adhcp HTTP/1.1" status: 200  len: 1128 time: 0.1266470
2018-09-13 16:20:32.644 20957 DEBUG neutron_lib.callbacks.manager [req-1c9ffa0f-a82e-44e2-9366-74f1edbc8399 - - - - -] Notify callbacks ['neutron.services.segments.db._update_segment_host_mapping_for_agent--9223363287365849031'] for agent, after_update _notify_loop /usr/lib/python2.7/site-packages/neutron_lib/callbacks/manager.py:167
2018-09-13 16:20:32.824 20946 INFO neutron.wsgi [req-f8782bf5-a809-431f-9b8e-e2369c2cb243 d1138ec1c77349f9b95c6580aab47cb8 007b5c587a144e49a50c9008f27cd2bd - default default] 10.0.20.22 "GET /v2.0/ports?device_id=4e44a93f-a084-4cb7-9cc5-1363b7dfe5c3 HTTP/1.1" status: 200  len: 1125 time: 0.6030321
2018-09-13 16:20:32.926 20946 INFO neutron.wsgi [req-c48306e6-6f6f-4c37-8b36-9d6a4b36e768 d1138ec1c77349f9b95c6580aab47cb8 007b5c587a144e49a50c9008f27cd2bd - default default] 10.0.20.22 "GET /v2.0/security-groups?id=c26e8a52-33ca-4253-ae6f-a353488caddf HTTP/1.1" status: 200  len: 2118 time: 0.0935099
2018-09-13 16:20:33.581 20940 DEBUG oslo_concurrency.lockutils [-] Lock "notifier-12c5811b-b8aa-4b2d-9722-66fb779f92bd" released by "neutron.notifiers.batch_notifier.synced_send" :: held 3.474s inner /usr/lib/python2.7/site-packages/oslo_concurrency/lockutils.py:282
2018-09-13 16:20:34.937 20941 INFO neutron.wsgi [req-649377b0-522a-4ab1-a7d4-3756e616162e d1138ec1c77349f9b95c6580aab47cb8 007b5c587a144e49a50c9008f27cd2bd - default default] 10.0.20.22 "GET /v2.0/ports?device_id=4e44a93f-a084-4cb7-9cc5-1363b7dfe5c3 HTTP/1.1" status: 200  len: 1125 time: 0.3540881
2018-09-13 16:20:35.269 20941 INFO neutron.wsgi [req-de673a9e-4be3-4c11-ac73-2d52288a08ae d1138ec1c77349f9b95c6580aab47cb8 007b5c587a144e49a50c9008f27cd2bd - default default] 10.0.20.22 "GET /v2.0/security-groups?id=c26e8a52-33ca-4253-ae6f-a353488caddf HTTP/1.1" status: 200  len: 2118 time: 0.3242729
2018-09-13 16:20:42.592 20940 INFO neutron.wsgi [req-285b8be0-deaf-4910-b02c-8f3d11386dff 7c610fa11364410991fa9edef475e0e3 a0cf05b2897a4568a459be7e7ac8cdc1 - aa8201fe06bf4a2ca9176941cd07a995 aa8201fe06bf4a2ca9176941cd07a995] 10.0.20.22 "GET /v2.0/ports?device_id=4e44a93f-a084-4cb7-9cc5-1363b7dfe5c3 HTTP/1.1" status: 200  len: 1125 time: 0.3219841
2018-09-13 16:20:42.695 20940 INFO neutron.wsgi [req-fff4f46e-9f3d-4338-ae9a-a1aae167b754 7c610fa11364410991fa9edef475e0e3 a0cf05b2897a4568a459be7e7ac8cdc1 - aa8201fe06bf4a2ca9176941cd07a995 aa8201fe06bf4a2ca9176941cd07a995] 10.0.20.22 "GET /v2.0/security-groups?id=c26e8a52-33ca-4253-ae6f-a353488caddf HTTP/1.1" status: 200  len: 2118 time: 0.0989399
2018-09-13 16:20:52.367 20949 DEBUG neutron_lib.callbacks.manager [req-5d41210b-d665-452a-b8ae-ffdc4d6cc2a2 - - - - -] Notify callbacks ['neutron.services.segments.db._update_segment_host_mapping_for_agent--9223363287365849031'] for agent, after_update _notify_loop /usr/lib/python2.7/site-packages/neutron_lib/callbacks/manager.py:167
2018-09-13 16:21:02.128 20954 DEBUG neutron_lib.callbacks.manager [req-bf64946c-41bb-49ae-9493-697dda9df069 - - - - -] Notify callbacks ['neutron.services.segments.db._update_segment_host_mapping_for_agent--9223363287365849031'] for agent, after_update _notify_loop /usr/lib/python2.7/site-packages/neutron_lib/callbacks/manager.py:167
2018-09-13 16:21:02.163 20951 DEBUG neutron_lib.callbacks.manager [req-4a1684fb-33af-4db2-889f-4ee85690108e - - - - -] Notify callbacks ['neutron.services.segments.db._update_segment_host_mapping_for_agent--9223363287365849031'] for agent, after_update _notify_loop /usr/lib/python2.7/site-packages/neutron_lib/callbacks/manager.py:167
2018-09-13 16:21:02.212 20956 DEBUG neutron_lib.callbacks.manager [req-e534ff0a-7bb5-4bf4-883b-e0a24ecb0bb5 - - - - -] Notify callbacks ['neutron.services.segments.db._update_segment_host_mapping_for_agent--9223363287365849031'] for agent, after_update _notify_loop /usr/lib/python2.7/site-packages/neutron_lib/callbacks/manager.py:167
2018-09-13 16:21:02.712 20953 DEBUG neutron_lib.callbacks.manager [req-52c0726e-9edc-4d31-9baa-15269ebbe743 - - - - -] Notify callbacks ['neutron.services.segments.db._update_segment_host_mapping_for_agent--9223363287365849031'] for agent, after_update _notify_loop /usr/lib/python2.7/site-packages/neutron_lib/callbacks/manager.py:167
2018-09-13 16:21:02.845 20958 DEBUG neutron.db.agents_db [req-d9054052-f2b5-4b05-8284-412f2f5caa3b - - - - -] Agent healthcheck: found 5 active agents agent_health_check /usr/lib/python2.7/site-packages/neutron/db/agents_db.py:281
2018-09-13 16:21:03.008 20940 INFO neutron.wsgi [req-9307985b-1a6c-4804-8ea4-c230e03ccbac 7c610fa11364410991fa9edef475e0e3 a0cf05b2897a4568a459be7e7ac8cdc1 - aa8201fe06bf4a2ca9176941cd07a995 aa8201fe06bf4a2ca9176941cd07a995] 10.0.20.22 "GET /v2.0/ports?device_id=4e44a93f-a084-4cb7-9cc5-1363b7dfe5c3 HTTP/1.1" status: 200  len: 1125 time: 0.5908489
2018-09-13 16:21:03.188 20940 INFO neutron.wsgi [req-ddbbf984-b42b-4f8b-9a82-a27d9e1470f7 7c610fa11364410991fa9edef475e0e3 a0cf05b2897a4568a459be7e7ac8cdc1 - aa8201fe06bf4a2ca9176941cd07a995 aa8201fe06bf4a2ca9176941cd07a995] 10.0.20.22 "GET /v2.0/security-groups?id=c26e8a52-33ca-4253-ae6f-a353488caddf HTTP/1.1" status: 200  len: 2118 time: 0.1676350
2018-09-13 16:21:07.375 20940 INFO neutron.wsgi [req-98312285-7582-4a7e-9144-d09de02587b4 f875a10b07be43c197ef478066dc3a8e 007b5c587a144e49a50c9008f27cd2bd - default default] 10.0.20.22 "GET /v2.0/ports?device_id=4e44a93f-a084-4cb7-9cc5-1363b7dfe5c3 HTTP/1.1" status: 200  len: 1125 time: 0.1138089
2018-09-13 16:21:07.510 20940 INFO neutron.wsgi [req-24c236b6-6a7a-4957-8796-11edf771b155 f875a10b07be43c197ef478066dc3a8e 007b5c587a144e49a50c9008f27cd2bd - default default] 10.0.20.22 "GET /v2.0/security-groups?id=c26e8a52-33ca-4253-ae6f-a353488caddf HTTP/1.1" status: 200  len: 2118 time: 0.1278260
2018-09-13 16:21:10.091 20940 INFO neutron.wsgi [req-91c2c711-a07e-4e92-bb5b-3c3e20373704 f875a10b07be43c197ef478066dc3a8e 007b5c587a144e49a50c9008f27cd2bd - default default] 10.0.20.22 "GET /v2.0/ports?device_id=4e44a93f-a084-4cb7-9cc5-1363b7dfe5c3 HTTP/1.1" status: 200  len: 1125 time: 1.3195059
2018-09-13 16:21:10.195 20940 INFO neutron.wsgi [req-ba967030-9666-4d9a-81f8-f79c1b33d9a3 f875a10b07be43c197ef478066dc3a8e 007b5c587a144e49a50c9008f27cd2bd - default default] 10.0.20.22 "GET /v2.0/security-groups?id=c26e8a52-33ca-4253-ae6f-a353488caddf HTTP/1.1" status: 200  len: 2118 time: 0.0963800
2018-09-13 16:21:14.499 20940 INFO neutron.wsgi [req-b90e544f-50b8-4272-a442-ef33b9ef8c94 7c610fa11364410991fa9edef475e0e3 a0cf05b2897a4568a459be7e7ac8cdc1 - aa8201fe06bf4a2ca9176941cd07a995 aa8201fe06bf4a2ca9176941cd07a995] 10.0.20.22 "GET /v2.0/ports?device_id=4e44a93f-a084-4cb7-9cc5-1363b7dfe5c3 HTTP/1.1" status: 200  len: 1125 time: 0.3857820
2018-09-13 16:21:14.607 20940 INFO neutron.wsgi [req-84fb0fa6-cd88-426c-a3e4-9235c7ad148d 7c610fa11364410991fa9edef475e0e3 a0cf05b2897a4568a459be7e7ac8cdc1 - aa8201fe06bf4a2ca9176941cd07a995 aa8201fe06bf4a2ca9176941cd07a995] 10.0.20.22 "GET /v2.0/security-groups?id=c26e8a52-33ca-4253-ae6f-a353488caddf HTTP/1.1" status: 200  len: 2118 time: 0.1022110
2018-09-13 16:21:22.375 20948 DEBUG neutron_lib.callbacks.manager [req-5d41210b-d665-452a-b8ae-ffdc4d6cc2a2 - - - - -] Notify callbacks ['neutron.services.segments.db._update_segment_host_mapping_for_agent--9223363287365849031'] for agent, after_update _notify_loop /usr/lib/python2.7/site-packages/neutron_lib/callbacks/manager.py:167
2018-09-13 16:21:26.389 20940 INFO neutron.wsgi [req-ce6c65a6-93b2-400f-acdb-b6290a40900e 7c610fa11364410991fa9edef475e0e3 a0cf05b2897a4568a459be7e7ac8cdc1 - aa8201fe06bf4a2ca9176941cd07a995 aa8201fe06bf4a2ca9176941cd07a995] 10.0.20.22 "GET /v2.0/ports?device_id=4e44a93f-a084-4cb7-9cc5-1363b7dfe5c3 HTTP/1.1" status: 200  len: 1125 time: 0.4935918
2018-09-13 16:21:26.506 20940 INFO neutron.wsgi [req-1d6a5c71-c1b3-4ee5-9a42-3addabd33454 7c610fa11364410991fa9edef475e0e3 a0cf05b2897a4568a459be7e7ac8cdc1 - aa8201fe06bf4a2ca9176941cd07a995 aa8201fe06bf4a2ca9176941cd07a995] 10.0.20.22 "GET /v2.0/security-groups?id=c26e8a52-33ca-4253-ae6f-a353488caddf HTTP/1.1" status: 200  len: 2118 time: 0.1112270
2018-09-13 16:21:27.915 20945 INFO neutron.wsgi [req-38cbbf19-0132-49e6-aaaa-f144d0533fc4 d1138ec1c77349f9b95c6580aab47cb8 007b5c587a144e49a50c9008f27cd2bd - default default] 10.0.20.22 "GET /v2.0/ports?tenant_id=a0cf05b2897a4568a459be7e7ac8cdc1&device_id=4e44a93f-a084-4cb7-9cc5-1363b7dfe5c3 HTTP/1.1" status: 200  len: 1125 time: 0.1303759
2018-09-13 16:21:28.122 20945 DEBUG neutron.pecan_wsgi.hooks.policy_enforcement [req-48615231-f154-440a-9644-93dff0a9f287 d1138ec1c77349f9b95c6580aab47cb8 007b5c587a144e49a50c9008f27cd2bd - default default] Attributes excluded by policy engine: [u'vlan_transparent'] _exclude_attributes_by_policy /usr/lib/python2.7/site-packages/neutron/pecan_wsgi/hooks/policy_enforcement.py:256
2018-09-13 16:21:28.125 20945 INFO neutron.wsgi [req-48615231-f154-440a-9644-93dff0a9f287 d1138ec1c77349f9b95c6580aab47cb8 007b5c587a144e49a50c9008f27cd2bd - default default] 10.0.20.22 "GET /v2.0/networks?id=f6f03275-1cde-46ea-b2ab-58646a349a18 HTTP/1.1" status: 200  len: 885 time: 0.2013490
2018-09-13 16:21:28.165 20945 INFO neutron.wsgi [req-823b82fb-38a5-4220-a3bd-1d983ac1e22b d1138ec1c77349f9b95c6580aab47cb8 007b5c587a144e49a50c9008f27cd2bd - default default] 10.0.20.22 "GET /v2.0/floatingips?fixed_ip_address=11.138.1.11&port_id=877a5046-0288-43cc-b2c4-7d5471a0c0a0 HTTP/1.1" status: 200  len: 751 time: 0.0338390
2018-09-13 16:21:28.290 20945 DEBUG neutron.pecan_wsgi.hooks.policy_enforcement [req-d071131b-8026-4c66-b078-ac2dd1ef2670 d1138ec1c77349f9b95c6580aab47cb8 007b5c587a144e49a50c9008f27cd2bd - default default] Attributes excluded by policy engine: [u'shared'] _exclude_attributes_by_policy /usr/lib/python2.7/site-packages/neutron/pecan_wsgi/hooks/policy_enforcement.py:256
2018-09-13 16:21:28.293 20945 INFO neutron.wsgi [req-d071131b-8026-4c66-b078-ac2dd1ef2670 d1138ec1c77349f9b95c6580aab47cb8 007b5c587a144e49a50c9008f27cd2bd - default default] 10.0.20.22 "GET /v2.0/subnets?id=f98463cb-d838-4067-93d0-0ab865b090b1 HTTP/1.1" status: 200  len: 847 time: 0.1226439
2018-09-13 16:21:28.419 20945 INFO neutron.wsgi [req-ec711512-8ba3-4226-8c71-bd84fb1d506a d1138ec1c77349f9b95c6580aab47cb8 007b5c587a144e49a50c9008f27cd2bd - default default] 10.0.20.22 "GET /v2.0/ports?network_id=f6f03275-1cde-46ea-b2ab-58646a349a18&device_owner=network%3Adhcp HTTP/1.1" status: 200  len: 1128 time: 0.1202989
2018-09-13 16:21:32.091 20950 DEBUG neutron_lib.callbacks.manager [req-edeb3807-47de-4bad-83cf-2a697e818243 - - - - -] Notify callbacks ['neutron.services.segments.db._update_segment_host_mapping_for_agent--9223363287365849031'] for agent, after_update _notify_loop /usr/lib/python2.7/site-packages/neutron_lib/callbacks/manager.py:167
2018-09-13 16:21:32.111 20955 DEBUG neutron_lib.callbacks.manager [req-bf64946c-41bb-49ae-9493-697dda9df069 - - - - -] Notify callbacks ['neutron.services.segments.db._update_segment_host_mapping_for_agent--9223363287365849031'] for agent, after_update _notify_loop /usr/lib/python2.7/site-packages/neutron_lib/callbacks/manager.py:167
2018-09-13 16:21:32.170 20957 DEBUG neutron_lib.callbacks.manager [req-e534ff0a-7bb5-4bf4-883b-e0a24ecb0bb5 - - - - -] Notify callbacks ['neutron.services.segments.db._update_segment_host_mapping_for_agent--9223363287365849031'] for agent, after_update _notify_loop /usr/lib/python2.7/site-packages/neutron_lib/callbacks/manager.py:167
2018-09-13 16:21:32.644 20949 DEBUG neutron_lib.callbacks.manager [req-0d9b98ab-ac04-468e-b9d1-994ca74f402c - - - - -] Notify callbacks ['neutron.services.segments.db._update_segment_host_mapping_for_agent--9223363287365849031'] for agent, after_update _notify_loop /usr/lib/python2.7/site-packages/neutron_lib/callbacks/manager.py:167
2018-09-13 16:21:33.646 20940 INFO neutron.wsgi [req-4ff70afe-5e5e-4a3a-99ca-e4f76bbbe76a 7c610fa11364410991fa9edef475e0e3 a0cf05b2897a4568a459be7e7ac8cdc1 - aa8201fe06bf4a2ca9176941cd07a995 aa8201fe06bf4a2ca9176941cd07a995] 10.0.20.22 "GET /v2.0/ports?device_id=4e44a93f-a084-4cb7-9cc5-1363b7dfe5c3 HTTP/1.1" status: 200  len: 1125 time: 0.4956498
2018-09-13 16:21:33.732 20940 INFO neutron.wsgi [req-c9b3fe66-8393-45dd-bf0b-2359fe9e791e 7c610fa11364410991fa9edef475e0e3 a0cf05b2897a4568a459be7e7ac8cdc1 - aa8201fe06bf4a2ca9176941cd07a995 aa8201fe06bf4a2ca9176941cd07a995] 10.0.20.22 "GET /v2.0/security-groups?id=c26e8a52-33ca-4253-ae6f-a353488caddf HTTP/1.1" status: 200  len: 2118 time: 0.0802939
2018-09-13 16:21:39.838 20958 DEBUG neutron.db.agents_db [req-d9054052-f2b5-4b05-8284-412f2f5caa3b - - - - -] Agent healthcheck: found 5 active agents agent_health_check /usr/lib/python2.7/site-packages/neutron/db/agents_db.py:281
2018-09-13 16:21:42.601 20940 INFO neutron.wsgi [req-f1661386-44c5-4349-80bb-e4702e9e1d63 7c610fa11364410991fa9edef475e0e3 a0cf05b2897a4568a459be7e7ac8cdc1 - aa8201fe06bf4a2ca9176941cd07a995 aa8201fe06bf4a2ca9176941cd07a995] 10.0.20.22 "GET /v2.0/ports?device_id=4e44a93f-a084-4cb7-9cc5-1363b7dfe5c3 HTTP/1.1" status: 200  len: 1125 time: 0.4320321
2018-09-13 16:21:42.713 20940 INFO neutron.wsgi [req-8188edc6-3c72-4e7a-be69-a904fe827716 7c610fa11364410991fa9edef475e0e3 a0cf05b2897a4568a459be7e7ac8cdc1 - aa8201fe06bf4a2ca9176941cd07a995 aa8201fe06bf4a2ca9176941cd07a995] 10.0.20.22 "GET /v2.0/security-groups?id=c26e8a52-33ca-4253-ae6f-a353488caddf HTTP/1.1" status: 200  len: 2118 time: 0.1058719
2018-09-13 16:21:52.389 20951 DEBUG neutron_lib.callbacks.manager [req-5d41210b-d665-452a-b8ae-ffdc4d6cc2a2 - - - - -] Notify callbacks ['neutron.services.segments.db._update_segment_host_mapping_for_agent--9223363287365849031'] for agent, after_update _notify_loop /usr/lib/python2.7/site-packages/neutron_lib/callbacks/manager.py:167
2018-09-13 16:21:52.887 20940 INFO neutron.wsgi [req-d9fece12-93ee-4f6b-afde-f973ee564ad4 7c610fa11364410991fa9edef475e0e3 a0cf05b2897a4568a459be7e7ac8cdc1 - aa8201fe06bf4a2ca9176941cd07a995 aa8201fe06bf4a2ca9176941cd07a995] 10.0.20.22 "GET /v2.0/ports?device_id=4e44a93f-a084-4cb7-9cc5-1363b7dfe5c3 HTTP/1.1" status: 200  len: 1125 time: 0.5729432
2018-09-13 16:21:53.004 20940 INFO neutron.wsgi [req-c240a7f7-6a02-472f-9ce6-6257044ba921 7c610fa11364410991fa9edef475e0e3 a0cf05b2897a4568a459be7e7ac8cdc1 - aa8201fe06bf4a2ca9176941cd07a995 aa8201fe06bf4a2ca9176941cd07a995] 10.0.20.22 "GET /v2.0/security-groups?id=c26e8a52-33ca-4253-ae6f-a353488caddf HTTP/1.1" status: 200  len: 2118 time: 0.1115370
2018-09-13 16:22:02.115 20954 DEBUG neutron_lib.callbacks.manager [req-a5b09835-62f8-4455-9d88-823ba1ae6871 - - - - -] Notify callbacks ['neutron.services.segments.db._update_segment_host_mapping_for_agent--9223363287365849031'] for agent, after_update _notify_loop /usr/lib/python2.7/site-packages/neutron_lib/callbacks/manager.py:167
2018-09-13 16:22:02.144 20956 DEBUG neutron_lib.callbacks.manager [req-bf64946c-41bb-49ae-9493-697dda9df069 - - - - -] Notify callbacks ['neutron.services.segments.db._update_segment_host_mapping_for_agent--9223363287365849031'] for agent, after_update _notify_loop /usr/lib/python2.7/site-packages/neutron_lib/callbacks/manager.py:167
2018-09-13 16:22:02.193 20953 DEBUG neutron_lib.callbacks.manager [req-e534ff0a-7bb5-4bf4-883b-e0a24ecb0bb5 - - - - -] Notify callbacks ['neutron.services.segments.db._update_segment_host_mapping_for_agent--9223363287365849031'] for agent, after_update _notify_loop /usr/lib/python2.7/site-packages/neutron_lib/callbacks/manager.py:167
2018-09-13 16:22:02.672 20948 DEBUG neutron_lib.callbacks.manager [req-a03968af-4d85-4f11-9baf-500de4dc576e - - - - -] Notify callbacks ['neutron.services.segments.db._update_segment_host_mapping_for_agent--9223363287365849031'] for agent, after_update _notify_loop /usr/lib/python2.7/site-packages/neutron_lib/callbacks/manager.py:167
2018-09-13 16:22:06.248 20940 INFO neutron.wsgi [req-bc97e9b5-005f-432e-9f2e-4a94c5078efd 7c610fa11364410991fa9edef475e0e3 a0cf05b2897a4568a459be7e7ac8cdc1 - aa8201fe06bf4a2ca9176941cd07a995 aa8201fe06bf4a2ca9176941cd07a995] 10.0.20.22 "GET /v2.0/ports?device_id=4e44a93f-a084-4cb7-9cc5-1363b7dfe5c3 HTTP/1.1" status: 200  len: 1125 time: 0.7387240
2018-09-13 16:22:06.378 20940 INFO neutron.wsgi [req-5a620e72-24c2-442c-9f8b-db12540a6057 7c610fa11364410991fa9edef475e0e3 a0cf05b2897a4568a459be7e7ac8cdc1 - aa8201fe06bf4a2ca9176941cd07a995 aa8201fe06bf4a2ca9176941cd07a995] 10.0.20.22 "GET /v2.0/security-groups?id=c26e8a52-33ca-4253-ae6f-a353488caddf HTTP/1.1" status: 200  len: 2118 time: 0.1229270
2018-09-13 16:22:16.843 20958 DEBUG neutron.db.agents_db [req-d9054052-f2b5-4b05-8284-412f2f5caa3b - - - - -] Agent healthcheck: found 5 active agents agent_health_check /usr/lib/python2.7/site-packages/neutron/db/agents_db.py:281
2018-09-13 16:22:18.403 20939 INFO neutron.wsgi [req-9a987533-34f4-4991-9d16-84316dd9b75a 7c610fa11364410991fa9edef475e0e3 a0cf05b2897a4568a459be7e7ac8cdc1 - aa8201fe06bf4a2ca9176941cd07a995 aa8201fe06bf4a2ca9176941cd07a995] 10.0.20.22 "GET /v2.0/ports?device_id=4e44a93f-a084-4cb7-9cc5-1363b7dfe5c3 HTTP/1.1" status: 200  len: 1125 time: 0.5030320
2018-09-13 16:22:18.499 20939 INFO neutron.wsgi [req-a51a0a0f-5b6d-4f65-bbe6-9337e3afa97e 7c610fa11364410991fa9edef475e0e3 a0cf05b2897a4568a459be7e7ac8cdc1 - aa8201fe06bf4a2ca9176941cd07a995 aa8201fe06bf4a2ca9176941cd07a995] 10.0.20.22 "GET /v2.0/security-groups?id=c26e8a52-33ca-4253-ae6f-a353488caddf HTTP/1.1" status: 200  len: 2118 time: 0.0907400
2018-09-13 16:22:19.090 20945 INFO neutron.wsgi [req-92723254-b443-4752-8b50-77b27f29de03 d1138ec1c77349f9b95c6580aab47cb8 007b5c587a144e49a50c9008f27cd2bd - default default] 10.0.20.22 "GET /v2.0/ports?tenant_id=a0cf05b2897a4568a459be7e7ac8cdc1&device_id=4e44a93f-a084-4cb7-9cc5-1363b7dfe5c3 HTTP/1.1" status: 200  len: 1125 time: 0.0995920
2018-09-13 16:22:19.315 20945 DEBUG neutron.pecan_wsgi.hooks.policy_enforcement [req-adb72e21-f610-4f9e-a102-f0d02c2c0f9f d1138ec1c77349f9b95c6580aab47cb8 007b5c587a144e49a50c9008f27cd2bd - default default] Attributes excluded by policy engine: [u'vlan_transparent'] _exclude_attributes_by_policy /usr/lib/python2.7/site-packages/neutron/pecan_wsgi/hooks/policy_enforcement.py:256
2018-09-13 16:22:19.318 20945 INFO neutron.wsgi [req-adb72e21-f610-4f9e-a102-f0d02c2c0f9f d1138ec1c77349f9b95c6580aab47cb8 007b5c587a144e49a50c9008f27cd2bd - default default] 10.0.20.22 "GET /v2.0/networks?id=f6f03275-1cde-46ea-b2ab-58646a349a18 HTTP/1.1" status: 200  len: 885 time: 0.2199390
2018-09-13 16:22:19.355 20945 INFO neutron.wsgi [req-1dc948ea-e09e-4576-9f13-b54069afca01 d1138ec1c77349f9b95c6580aab47cb8 007b5c587a144e49a50c9008f27cd2bd - default default] 10.0.20.22 "GET /v2.0/floatingips?fixed_ip_address=11.138.1.11&port_id=877a5046-0288-43cc-b2c4-7d5471a0c0a0 HTTP/1.1" status: 200  len: 751 time: 0.0310512
2018-09-13 16:22:19.741 20945 DEBUG neutron.pecan_wsgi.hooks.policy_enforcement [req-6158358a-b612-4dd0-9977-a8afc460fbed d1138ec1c77349f9b95c6580aab47cb8 007b5c587a144e49a50c9008f27cd2bd - default default] Attributes excluded by policy engine: [u'shared'] _exclude_attributes_by_policy /usr/lib/python2.7/site-packages/neutron/pecan_wsgi/hooks/policy_enforcement.py:256
2018-09-13 16:22:19.744 20945 INFO neutron.wsgi [req-6158358a-b612-4dd0-9977-a8afc460fbed d1138ec1c77349f9b95c6580aab47cb8 007b5c587a144e49a50c9008f27cd2bd - default default] 10.0.20.22 "GET /v2.0/subnets?id=f98463cb-d838-4067-93d0-0ab865b090b1 HTTP/1.1" status: 200  len: 847 time: 0.3831758
2018-09-13 16:22:19.861 20945 INFO neutron.wsgi [req-898da45b-f655-47cd-bc90-db75e02c80e0 d1138ec1c77349f9b95c6580aab47cb8 007b5c587a144e49a50c9008f27cd2bd - default default] 10.0.20.22 "GET /v2.0/ports?network_id=f6f03275-1cde-46ea-b2ab-58646a349a18&device_owner=network%3Adhcp HTTP/1.1" status: 200  len: 1128 time: 0.1107569
2018-09-13 16:22:22.082 20949 DEBUG neutron.plugins.ml2.rpc [req-5d41210b-d665-452a-b8ae-ffdc4d6cc2a2 - - - - -] Device 877a5046-0288-43cc-b2c4-7d5471a0c0a0 no longer exists at agent ovs-agent-localhost.localdomain update_device_down /usr/lib/python2.7/site-packages/neutron/plugins/ml2/rpc.py:213
2018-09-13 16:22:22.265 20949 DEBUG neutron_lib.callbacks.manager [req-5d41210b-d665-452a-b8ae-ffdc4d6cc2a2 - - - - -] Notify callbacks ['neutron.plugins.ml2.plugin.Ml2Plugin._ensure_default_security_group_handler-531925'] for port, before_update _notify_loop /usr/lib/python2.7/site-packages/neutron_lib/callbacks/manager.py:167
2018-09-13 16:22:22.335 20949 DEBUG oslo_concurrency.lockutils [-] Lock "notifier-12c5811b-b8aa-4b2d-9722-66fb779f92bd" acquired by "neutron.notifiers.batch_notifier.synced_send" :: waited 0.000s inner /usr/lib/python2.7/site-packages/oslo_concurrency/lockutils.py:270
2018-09-13 16:22:22.335 20949 DEBUG neutron.notifiers.nova [-] Sending events: [{'status': 'completed', 'tag': u'877a5046-0288-43cc-b2c4-7d5471a0c0a0', 'name': 'network-vif-unplugged', 'server_uuid': u'4e44a93f-a084-4cb7-9cc5-1363b7dfe5c3'}] send_events /usr/lib/python2.7/site-packages/neutron/notifiers/nova.py:242
2018-09-13 16:22:22.341 20949 DEBUG novaclient.v2.client [-] REQ: curl -g -i -X POST http://10.0.20.22:8774/v2.1/007b5c587a144e49a50c9008f27cd2bd/os-server-external-events -H "User-Agent: python-novaclient" -H "Content-Type: application/json" -H "Accept: application/json" -H "X-OpenStack-Nova-API-Version: 2.1" -H "X-Auth-Token: {SHA1}cfc8acd09aad7c0e46d780a15a6cf3b5c964b2a4" -d '{"events": [{"status": "completed", "tag": "877a5046-0288-43cc-b2c4-7d5471a0c0a0", "name": "network-vif-unplugged", "server_uuid": "4e44a93f-a084-4cb7-9cc5-1363b7dfe5c3"}]}' _http_log_request /usr/lib/python2.7/site-packages/keystoneauth1/session.py:375
2018-09-13 16:22:22.347 20949 DEBUG neutron.plugins.ml2.db [req-5d41210b-d665-452a-b8ae-ffdc4d6cc2a2 - - - - -] For port 877a5046-0288-43cc-b2c4-7d5471a0c0a0, host localhost.localdomain, got binding levels [<neutron.plugins.ml2.models.PortBindingLevel[object at 7f5261c07a10] {port_id=u'877a5046-0288-43cc-b2c4-7d5471a0c0a0', host=u'localhost.localdomain', level=0, driver=u'openvswitch', segment_id=u'736d8721-f9f6-486c-9a7b-f94db3f14471'}>] get_binding_levels /usr/lib/python2.7/site-packages/neutron/plugins/ml2/db.py:106
2018-09-13 16:22:22.354 20950 DEBUG neutron_lib.callbacks.manager [req-5d41210b-d665-452a-b8ae-ffdc4d6cc2a2 - - - - -] Notify callbacks ['neutron.services.segments.db._update_segment_host_mapping_for_agent--9223363287365849031'] for agent, after_update _notify_loop /usr/lib/python2.7/site-packages/neutron_lib/callbacks/manager.py:167
