2018-07-02 18:28:28.505 23040 DEBUG neutron_lib.callbacks.manager [req-2f368518-0786-40f7-9d8d-f23b198af9ea - - - - -] Notify callbacks ['neutron.services.segments.db._update_segment_host_mapping_for_agent-8790044581968'] for agent, after_update _notify_loop /usr/lib/python2.7/site-packages/neutron_lib/callbacks/manager.py:167
2018-07-02 18:28:31.634 23029 INFO neutron.wsgi [req-47b8f865-ba87-46ab-9a57-9d7653085a15 bb07efd5e12445969fd1da4b9b5b16da 5169ca086ef4431f94e7989a8507e5a1 - 5539f5bea9ea4a1fbe385016f596ebff 5539f5bea9ea4a1fbe385016f596ebff] 10.0.20.26 "GET /v2.0/ports?device_id=79c08f86-fcf0-4278-8c05-1b32f7a0b3e1 HTTP/1.1" status: 200  len: 1124 time: 0.5096040
2018-07-02 18:28:31.771 23029 INFO neutron.wsgi [req-7c23a3f0-e464-4b99-bb68-043a93140ace bb07efd5e12445969fd1da4b9b5b16da 5169ca086ef4431f94e7989a8507e5a1 - 5539f5bea9ea4a1fbe385016f596ebff 5539f5bea9ea4a1fbe385016f596ebff] 10.0.20.26 "GET /v2.0/security-groups?id=607973ea-01d4-4826-8ba8-d3bcc5307515 HTTP/1.1" status: 200  len: 2118 time: 0.1309330
2018-07-02 18:28:32.986 23038 DEBUG neutron_lib.callbacks.manager [req-6d7da957-c69a-49c5-886e-49ba2a5be3c9 - - - - -] Notify callbacks ['neutron.services.segments.db._update_segment_host_mapping_for_agent-8790044581968'] for agent, after_update _notify_loop /usr/lib/python2.7/site-packages/neutron_lib/callbacks/manager.py:167
2018-07-02 18:28:33.611 23046 DEBUG neutron.db.agents_db [req-395eee7e-990a-4580-9b40-d73467e4f382 - - - - -] Agent healthcheck: found 5 active agents agent_health_check /usr/lib/python2.7/site-packages/neutron/db/agents_db.py:281
2018-07-02 18:28:35.549 23044 DEBUG neutron_lib.callbacks.manager [req-2b3fd2a2-b756-498d-bc89-c5d3cd9a4773 - - - - -] Notify callbacks ['neutron.services.segments.db._update_segment_host_mapping_for_agent-8790044581968'] for agent, after_update _notify_loop /usr/lib/python2.7/site-packages/neutron_lib/callbacks/manager.py:167
2018-07-02 18:28:43.703 23039 DEBUG neutron_lib.callbacks.manager [req-beaa7ce9-71ee-4119-9e6d-bb31c9f0dca7 - - - - -] Notify callbacks ['neutron.services.segments.db._update_segment_host_mapping_for_agent-8790044581968'] for agent, after_update _notify_loop /usr/lib/python2.7/site-packages/neutron_lib/callbacks/manager.py:167
2018-07-02 18:28:45.121 23034 DEBUG neutron.wsgi [-] (23034) accepted ('10.0.20.26', 40196) server /usr/lib/python2.7/site-packages/eventlet/wsgi.py:883
2018-07-02 18:28:45.129 23034 INFO neutron.wsgi [-] 10.0.20.26 "GET / HTTP/1.1" status: 200  len: 252 time: 0.0051980
2018-07-02 18:28:45.741 23034 INFO neutron.pecan_wsgi.hooks.translation [req-a247f70b-d51a-4664-b55e-050850f86164 95cf4ee261b740498c206cbae584ebbe 046e8009a8b544bfbe9ff50b26903464 - default default] GET failed (client error): The resource could not be found.
2018-07-02 18:28:45.745 23034 INFO neutron.wsgi [req-a247f70b-d51a-4664-b55e-050850f86164 95cf4ee261b740498c206cbae584ebbe 046e8009a8b544bfbe9ff50b26903464 - default default] 10.0.20.26 "GET /v2.0/networks/public HTTP/1.1" status: 404  len: 314 time: 0.6102390
2018-07-02 18:28:46.371 23034 DEBUG neutron.pecan_wsgi.hooks.policy_enforcement [req-b939b764-4103-4953-958f-77438814075f 95cf4ee261b740498c206cbae584ebbe 046e8009a8b544bfbe9ff50b26903464 - default default] Attributes excluded by policy engine: [u'vlan_transparent'] _exclude_attributes_by_policy /usr/lib/python2.7/site-packages/neutron/pecan_wsgi/hooks/policy_enforcement.py:256
2018-07-02 18:28:46.373 23034 DEBUG neutron.pecan_wsgi.hooks.policy_enforcement [req-b939b764-4103-4953-958f-77438814075f 95cf4ee261b740498c206cbae584ebbe 046e8009a8b544bfbe9ff50b26903464 - default default] Attributes excluded by policy engine: [u'vlan_transparent'] _exclude_attributes_by_policy /usr/lib/python2.7/site-packages/neutron/pecan_wsgi/hooks/policy_enforcement.py:256
2018-07-02 18:28:46.376 23034 DEBUG neutron.pecan_wsgi.hooks.policy_enforcement [req-b939b764-4103-4953-958f-77438814075f 95cf4ee261b740498c206cbae584ebbe 046e8009a8b544bfbe9ff50b26903464 - default default] Attributes excluded by policy engine: [u'vlan_transparent'] _exclude_attributes_by_policy /usr/lib/python2.7/site-packages/neutron/pecan_wsgi/hooks/policy_enforcement.py:256
2018-07-02 18:28:46.377 23034 DEBUG neutron.pecan_wsgi.hooks.policy_enforcement [req-b939b764-4103-4953-958f-77438814075f 95cf4ee261b740498c206cbae584ebbe 046e8009a8b544bfbe9ff50b26903464 - default default] Attributes excluded by policy engine: [u'vlan_transparent'] _exclude_attributes_by_policy /usr/lib/python2.7/site-packages/neutron/pecan_wsgi/hooks/policy_enforcement.py:256
2018-07-02 18:28:46.380 23034 INFO neutron.wsgi [req-b939b764-4103-4953-958f-77438814075f 95cf4ee261b740498c206cbae584ebbe 046e8009a8b544bfbe9ff50b26903464 - default default] 10.0.20.26 "GET /v2.0/networks HTTP/1.1" status: 200  len: 2886 time: 0.6299119
2018-07-02 18:28:47.009 23034 DEBUG neutron.api.v2.base [req-16782385-a2a2-4c64-bb81-3a51d5b87bd5 95cf4ee261b740498c206cbae584ebbe 046e8009a8b544bfbe9ff50b26903464 - default default] Request body: {u'floatingip': {u'floating_network_id': u'8fa9a212-be1e-480a-988d-8a3f899b6e3c', u'tenant_id': u'5169ca086ef4431f94e7989a8507e5a1'}} prepare_request_body /usr/lib/python2.7/site-packages/neutron/api/v2/base.py:695
2018-07-02 18:28:47.012 23034 INFO neutron.quota [req-16782385-a2a2-4c64-bb81-3a51d5b87bd5 95cf4ee261b740498c206cbae584ebbe 046e8009a8b544bfbe9ff50b26903464 - default default] Loaded quota_driver: <neutron.db.quota.driver.DbQuotaDriver object at 0x7fe976f7b6d0>.
2018-07-02 18:28:47.023 23034 DEBUG neutron.db.quota.driver [req-16782385-a2a2-4c64-bb81-3a51d5b87bd5 95cf4ee261b740498c206cbae584ebbe 046e8009a8b544bfbe9ff50b26903464 - default default] Resources subnetpool have unlimited quota limit. It is not required to calculate headroom  make_reservation /usr/lib/python2.7/site-packages/neutron/db/quota/driver.py:223
2018-07-02 18:28:47.037 23034 DEBUG neutron.quota.resource [req-16782385-a2a2-4c64-bb81-3a51d5b87bd5 95cf4ee261b740498c206cbae584ebbe 046e8009a8b544bfbe9ff50b26903464 - default default] Usage tracker for resource:floatingip and tenant:5169ca086ef4431f94e7989a8507e5a1 is out of sync, need to count used quota count_used /usr/lib/python2.7/site-packages/neutron/quota/resource.py:274
2018-07-02 18:28:47.060 23034 DEBUG neutron.quota.resource [req-16782385-a2a2-4c64-bb81-3a51d5b87bd5 95cf4ee261b740498c206cbae584ebbe 046e8009a8b544bfbe9ff50b26903464 - default default] Quota usage for floatingip was recalculated. Used quota:0. count_used /usr/lib/python2.7/site-packages/neutron/quota/resource.py:293
2018-07-02 18:28:47.082 23034 DEBUG neutron.db.quota.driver [req-16782385-a2a2-4c64-bb81-3a51d5b87bd5 95cf4ee261b740498c206cbae584ebbe 046e8009a8b544bfbe9ff50b26903464 - default default] Attempting to reserve 1 items for resource floatingip. Total usage: 0; quota limit: 50; headroom:50 make_reservation /usr/lib/python2.7/site-packages/neutron/db/quota/driver.py:255
2018-07-02 18:28:47.648 23034 DEBUG neutron_lib.callbacks.manager [req-16782385-a2a2-4c64-bb81-3a51d5b87bd5 95cf4ee261b740498c206cbae584ebbe 046e8009a8b544bfbe9ff50b26903464 - default default] Notify callbacks ['neutron.plugins.ml2.plugin.Ml2Plugin._ensure_default_security_group_handler--9223372036854288246'] for port, before_create _notify_loop /usr/lib/python2.7/site-packages/neutron_lib/callbacks/manager.py:167
2018-07-02 18:28:48.071 23042 DEBUG neutron_lib.callbacks.manager [req-9310cff4-5264-443e-9299-6d500d749259 - - - - -] Notify callbacks ['neutron.services.segments.db._update_segment_host_mapping_for_agent-8790044581968'] for agent, after_update _notify_loop /usr/lib/python2.7/site-packages/neutron_lib/callbacks/manager.py:167
2018-07-02 18:28:48.354 23034 DEBUG neutron.db.db_base_plugin_common [req-16782385-a2a2-4c64-bb81-3a51d5b87bd5 95cf4ee261b740498c206cbae584ebbe 046e8009a8b544bfbe9ff50b26903464 - default default] Allocated IP 172.24.4.3 (8fa9a212-be1e-480a-988d-8a3f899b6e3c/606cc7a3-2eae-4ba0-be88-1f3c9fd67e5e/e9441b83-b3d6-455f-bbec-f15364eebe22) _store_ip_allocation /usr/lib/python2.7/site-packages/neutron/db/db_base_plugin_common.py:122
2018-07-02 18:28:48.718 23034 DEBUG neutron_lib.callbacks.manager [req-16782385-a2a2-4c64-bb81-3a51d5b87bd5 95cf4ee261b740498c206cbae584ebbe 046e8009a8b544bfbe9ff50b26903464 - default default] Notify callbacks [] for port, precommit_create _notify_loop /usr/lib/python2.7/site-packages/neutron_lib/callbacks/manager.py:167
2018-07-02 18:28:48.873 23034 DEBUG neutron_lib.callbacks.manager [req-16782385-a2a2-4c64-bb81-3a51d5b87bd5 95cf4ee261b740498c206cbae584ebbe 046e8009a8b544bfbe9ff50b26903464 - default default] Notify callbacks ['neutron.db.l3_dvrscheduler_db._notify_l3_agent_new_port--9223363246810554929', 'neutron.plugins.ml2.plugin.Ml2Plugin.notify_sg_on_port_change-487679', 'neutron.plugins.ml2.ovo_rpc._ObjectChangeHandler.handle_event-611072', 'neutron.api.rpc.agentnotifiers.dhcp_rpc_agent_api.DhcpAgentNotifyAPI._native_event_send_dhcp_notification--9223372036838529799'] for port, after_create _notify_loop /usr/lib/python2.7/site-packages/neutron_lib/callbacks/manager.py:167
2018-07-02 18:28:48.874 23034 DEBUG neutron.db.l3_dvrscheduler_db [req-16782385-a2a2-4c64-bb81-3a51d5b87bd5 95cf4ee261b740498c206cbae584ebbe 046e8009a8b544bfbe9ff50b26903464 - default default] Received port after_create _notify_l3_agent_new_port /usr/lib/python2.7/site-packages/neutron/db/l3_dvrscheduler_db.py:392
2018-07-02 18:28:48.897 23034 DEBUG oslo_concurrency.lockutils [-] Lock "event-dispatch" acquired by "neutron.plugins.ml2.ovo_rpc.dispatch_events" :: waited 0.000s inner /usr/lib/python2.7/site-packages/oslo_concurrency/lockutils.py:270
2018-07-02 18:28:49.216 23034 DEBUG neutron.api.rpc.handlers.resources_rpc [req-16782385-a2a2-4c64-bb81-3a51d5b87bd5 95cf4ee261b740498c206cbae584ebbe 046e8009a8b544bfbe9ff50b26903464 - - -] neutron.api.rpc.handlers.resources_rpc.ResourcesPushRpcApi method push called with arguments (<neutron_lib.context.Context object at 0x7fe9768b9f10>, [Port(admin_state_up=True,allowed_address_pairs=[],binding=PortBinding,binding_levels=[],created_at=2018-07-02T16:28:48Z,data_plane_status=<?>,description='',device_id='PENDING',device_owner='network:floatingip',dhcp_options=[],distributed_binding=None,dns=None,fixed_ips=[IPAllocation],id=e9441b83-b3d6-455f-bbec-f15364eebe22,mac_address=fa:16:3e:e7:5a:cc,name='',network_id=8fa9a212-be1e-480a-988d-8a3f899b6e3c,project_id='',qos_policy_id=None,revision_number=3,security=PortSecurity(e9441b83-b3d6-455f-bbec-f15364eebe22),security_group_ids=set([]),status='N/A',updated_at=2018-07-02T16:28:48Z)], 'updated') {} wrapper /usr/lib/python2.7/site-packages/oslo_log/helpers.py:66
2018-07-02 18:28:49.253 23034 DEBUG neutron.api.rpc.callbacks.version_manager [req-16782385-a2a2-4c64-bb81-3a51d5b87bd5 95cf4ee261b740498c206cbae584ebbe 046e8009a8b544bfbe9ff50b26903464 - - -] Version for resource type Subnet changed None to 1.0 on consumer Open vSwitch agent@localhost.localdomain _set_version /usr/lib/python2.7/site-packages/neutron/api/rpc/callbacks/version_manager.py:119
2018-07-02 18:28:49.254 23034 DEBUG neutron.api.rpc.callbacks.version_manager [req-16782385-a2a2-4c64-bb81-3a51d5b87bd5 95cf4ee261b740498c206cbae584ebbe 046e8009a8b544bfbe9ff50b26903464 - - -] Version for resource type Network changed None to 1.0 on consumer Open vSwitch agent@localhost.localdomain _set_version /usr/lib/python2.7/site-packages/neutron/api/rpc/callbacks/version_manager.py:119
2018-07-02 18:28:49.255 23034 DEBUG neutron.api.rpc.callbacks.version_manager [req-16782385-a2a2-4c64-bb81-3a51d5b87bd5 95cf4ee261b740498c206cbae584ebbe 046e8009a8b544bfbe9ff50b26903464 - - -] Version for resource type SubPort changed None to 1.0 on consumer Open vSwitch agent@localhost.localdomain _set_version /usr/lib/python2.7/site-packages/neutron/api/rpc/callbacks/version_manager.py:119
2018-07-02 18:28:49.255 23034 DEBUG neutron.api.rpc.callbacks.version_manager [req-16782385-a2a2-4c64-bb81-3a51d5b87bd5 95cf4ee261b740498c206cbae584ebbe 046e8009a8b544bfbe9ff50b26903464 - - -] Version for resource type SecurityGroup changed None to 1.0 on consumer Open vSwitch agent@localhost.localdomain _set_version /usr/lib/python2.7/site-packages/neutron/api/rpc/callbacks/version_manager.py:119
2018-07-02 18:28:49.256 23034 DEBUG neutron.api.rpc.callbacks.version_manager [req-16782385-a2a2-4c64-bb81-3a51d5b87bd5 95cf4ee261b740498c206cbae584ebbe 046e8009a8b544bfbe9ff50b26903464 - - -] Version for resource type SecurityGroupRule changed None to 1.0 on consumer Open vSwitch agent@localhost.localdomain _set_version /usr/lib/python2.7/site-packages/neutron/api/rpc/callbacks/version_manager.py:119
2018-07-02 18:28:49.257 23034 DEBUG neutron.api.rpc.callbacks.version_manager [req-16782385-a2a2-4c64-bb81-3a51d5b87bd5 95cf4ee261b740498c206cbae584ebbe 046e8009a8b544bfbe9ff50b26903464 - - -] Version for resource type Trunk changed None to 1.1 on consumer Open vSwitch agent@localhost.localdomain _set_version /usr/lib/python2.7/site-packages/neutron/api/rpc/callbacks/version_manager.py:119
2018-07-02 18:28:49.257 23034 DEBUG neutron.api.rpc.callbacks.version_manager [req-16782385-a2a2-4c64-bb81-3a51d5b87bd5 95cf4ee261b740498c206cbae584ebbe 046e8009a8b544bfbe9ff50b26903464 - - -] Version for resource type QosPolicy changed None to 1.6 on consumer Open vSwitch agent@localhost.localdomain _set_version /usr/lib/python2.7/site-packages/neutron/api/rpc/callbacks/version_manager.py:119
2018-07-02 18:28:49.258 23034 DEBUG neutron.api.rpc.callbacks.version_manager [req-16782385-a2a2-4c64-bb81-3a51d5b87bd5 95cf4ee261b740498c206cbae584ebbe 046e8009a8b544bfbe9ff50b26903464 - - -] Version for resource type Port changed None to 1.1 on consumer Open vSwitch agent@localhost.localdomain _set_version /usr/lib/python2.7/site-packages/neutron/api/rpc/callbacks/version_manager.py:119
2018-07-02 18:28:49.259 23034 DEBUG neutron.api.rpc.callbacks.version_manager [req-16782385-a2a2-4c64-bb81-3a51d5b87bd5 95cf4ee261b740498c206cbae584ebbe 046e8009a8b544bfbe9ff50b26903464 - - -] Version for resource type Log changed None to 1.0 on consumer Open vSwitch agent@localhost.localdomain _set_version /usr/lib/python2.7/site-packages/neutron/api/rpc/callbacks/version_manager.py:119
2018-07-02 18:28:49.261 23034 DEBUG neutron.api.rpc.callbacks.version_manager [req-16782385-a2a2-4c64-bb81-3a51d5b87bd5 95cf4ee261b740498c206cbae584ebbe 046e8009a8b544bfbe9ff50b26903464 - - -] Tracked resource versions report:
pushed versions:
{   'Log': set(['1.0']),
    'Network': set(['1.0']),
    'Port': set(['1.1']),
    'QosPolicy': set(['1.6']),
    'SecurityGroup': set(['1.0']),
    'SecurityGroupRule': set(['1.0']),
    'SubPort': set(['1.0']),
    'Subnet': set(['1.0']),
    'Trunk': set(['1.1'])}

consumer versions:
{   DHCP agent@localhost.localdomain: {   },
    L3 agent@localhost.localdomain: {   },
    Metadata agent@localhost.localdomain: {   },
    Metering agent@localhost.localdomain: {   },
    Open vSwitch agent@localhost.localdomain: {   u'Log': u'1.0',
                                                  u'Network': u'1.0',
                                                  u'Port': u'1.1',
                                                  u'QosPolicy': u'1.6',
                                                  u'SecurityGroup': u'1.0',
                                                  u'SecurityGroupRule': u'1.0',
                                                  u'SubPort': u'1.0',
                                                  u'Subnet': u'1.0',
                                                  u'Trunk': u'1.1'}}
 report /usr/lib/python2.7/site-packages/neutron/api/rpc/callbacks/version_manager.py:178
2018-07-02 18:28:49.611 23034 DEBUG neutron.scheduler.dhcp_agent_scheduler [req-16782385-a2a2-4c64-bb81-3a51d5b87bd5 95cf4ee261b740498c206cbae584ebbe 046e8009a8b544bfbe9ff50b26903464 - default default] Network 8fa9a212-be1e-480a-988d-8a3f899b6e3c is already hosted by enough agents. _get_dhcp_agents_hosting_network /usr/lib/python2.7/site-packages/neutron/scheduler/dhcp_agent_scheduler.py:243
2018-07-02 18:28:49.634 23034 DEBUG oslo_concurrency.lockutils [req-16782385-a2a2-4c64-bb81-3a51d5b87bd5 95cf4ee261b740498c206cbae584ebbe 046e8009a8b544bfbe9ff50b26903464 - - -] Lock "event-dispatch" released by "neutron.plugins.ml2.ovo_rpc.dispatch_events" :: held 0.737s inner /usr/lib/python2.7/site-packages/oslo_concurrency/lockutils.py:282
2018-07-02 18:28:49.754 23034 DEBUG neutron_lib.callbacks.manager [req-16782385-a2a2-4c64-bb81-3a51d5b87bd5 95cf4ee261b740498c206cbae584ebbe 046e8009a8b544bfbe9ff50b26903464 - default default] Notify callbacks ['neutron.plugins.ml2.plugin.Ml2Plugin._ensure_default_security_group_handler--9223372036854288246'] for port, before_update _notify_loop /usr/lib/python2.7/site-packages/neutron_lib/callbacks/manager.py:167
2018-07-02 18:28:50.461 23034 DEBUG neutron_lib.callbacks.manager [req-16782385-a2a2-4c64-bb81-3a51d5b87bd5 95cf4ee261b740498c206cbae584ebbe 046e8009a8b544bfbe9ff50b26903464 - default default] Notify callbacks [] for port, precommit_update _notify_loop /usr/lib/python2.7/site-packages/neutron_lib/callbacks/manager.py:167
2018-07-02 18:28:50.472 23034 DEBUG neutron_lib.callbacks.manager [req-16782385-a2a2-4c64-bb81-3a51d5b87bd5 95cf4ee261b740498c206cbae584ebbe 046e8009a8b544bfbe9ff50b26903464 - default default] Notify callbacks ['neutron.db.l3_hascheduler_db._notify_l3_agent_ha_port_update-8790044221234', 'neutron.db.l3_dvrscheduler_db._notify_l3_agent_port_update--9223363246810554914', 'neutron.plugins.ml2.plugin.Ml2Plugin.notify_sg_on_port_change-487679', 'neutron.plugins.ml2.ovo_rpc._ObjectChangeHandler.handle_event-611072', 'neutron.api.rpc.agentnotifiers.dhcp_rpc_agent_api.DhcpAgentNotifyAPI._native_event_send_dhcp_notification--9223372036838529799'] for port, after_update _notify_loop /usr/lib/python2.7/site-packages/neutron_lib/callbacks/manager.py:167
2018-07-02 18:28:50.494 23034 DEBUG oslo_concurrency.lockutils [-] Lock "event-dispatch" acquired by "neutron.plugins.ml2.ovo_rpc.dispatch_events" :: waited 0.000s inner /usr/lib/python2.7/site-packages/oslo_concurrency/lockutils.py:270
2018-07-02 18:28:50.687 23034 DEBUG neutron.api.rpc.handlers.resources_rpc [req-16782385-a2a2-4c64-bb81-3a51d5b87bd5 95cf4ee261b740498c206cbae584ebbe 046e8009a8b544bfbe9ff50b26903464 - - -] neutron.api.rpc.handlers.resources_rpc.ResourcesPushRpcApi method push called with arguments (<neutron_lib.context.Context object at 0x7fe9768b2c50>, [Port(admin_state_up=True,allowed_address_pairs=[],binding=PortBinding,binding_levels=[],created_at=2018-07-02T16:28:48Z,data_plane_status=<?>,description='',device_id='46c18d3c-0ca7-43e1-8137-25f0ecf29d02',device_owner='network:floatingip',dhcp_options=[],distributed_binding=None,dns=None,fixed_ips=[IPAllocation],id=e9441b83-b3d6-455f-bbec-f15364eebe22,mac_address=fa:16:3e:e7:5a:cc,name='',network_id=8fa9a212-be1e-480a-988d-8a3f899b6e3c,project_id='',qos_policy_id=None,revision_number=4,security=PortSecurity(e9441b83-b3d6-455f-bbec-f15364eebe22),security_group_ids=set([]),status='N/A',updated_at=2018-07-02T16:28:49Z)], 'updated') {} wrapper /usr/lib/python2.7/site-packages/oslo_log/helpers.py:66
2018-07-02 18:28:50.708 23034 DEBUG oslo_concurrency.lockutils [req-16782385-a2a2-4c64-bb81-3a51d5b87bd5 95cf4ee261b740498c206cbae584ebbe 046e8009a8b544bfbe9ff50b26903464 - - -] Lock "event-dispatch" released by "neutron.plugins.ml2.ovo_rpc.dispatch_events" :: held 0.214s inner /usr/lib/python2.7/site-packages/oslo_concurrency/lockutils.py:282
2018-07-02 18:28:50.798 23034 DEBUG neutron_lib.callbacks.manager [req-16782385-a2a2-4c64-bb81-3a51d5b87bd5 95cf4ee261b740498c206cbae584ebbe 046e8009a8b544bfbe9ff50b26903464 - default default] Notify callbacks ['neutron.services.l3_router.l3_router_plugin.L3RouterPlugin._create_dvr_floating_gw_port--9223372036854236354'] for floatingip, after_update _notify_loop /usr/lib/python2.7/site-packages/neutron_lib/callbacks/manager.py:167
2018-07-02 18:28:50.842 23034 DEBUG neutron.quota.resource [req-16782385-a2a2-4c64-bb81-3a51d5b87bd5 95cf4ee261b740498c206cbae584ebbe 046e8009a8b544bfbe9ff50b26903464 - default default] Persisted dirty status for tenant:5169ca086ef4431f94e7989a8507e5a1 on resource:floatingip mark_dirty /usr/lib/python2.7/site-packages/neutron/quota/resource.py:207
2018-07-02 18:28:50.847 23034 DEBUG neutron.quota.resource [req-16782385-a2a2-4c64-bb81-3a51d5b87bd5 95cf4ee261b740498c206cbae584ebbe 046e8009a8b544bfbe9ff50b26903464 - default default] Persisted dirty status for tenant: on resource:port mark_dirty /usr/lib/python2.7/site-packages/neutron/quota/resource.py:207
2018-07-02 18:28:50.860 23034 DEBUG neutron_lib.callbacks.manager [req-16782385-a2a2-4c64-bb81-3a51d5b87bd5 95cf4ee261b740498c206cbae584ebbe 046e8009a8b544bfbe9ff50b26903464 - default default] Notify callbacks ['neutron.notifiers.nova.Notifier._send_nova_notification--9223372036854761038'] for floatingip, before_response _notify_loop /usr/lib/python2.7/site-packages/neutron_lib/callbacks/manager.py:167
2018-07-02 18:28:50.862 23034 INFO neutron.wsgi [req-16782385-a2a2-4c64-bb81-3a51d5b87bd5 95cf4ee261b740498c206cbae584ebbe 046e8009a8b544bfbe9ff50b26903464 - default default] 10.0.20.26 "POST /v2.0/floatingips HTTP/1.1" status: 201  len: 674 time: 3.9294269
2018-07-02 18:28:54.409 23029 DEBUG neutron.wsgi [-] (23029) accepted ('10.0.20.26', 40242) server /usr/lib/python2.7/site-packages/eventlet/wsgi.py:883
2018-07-02 18:28:55.212 23029 INFO neutron.wsgi [req-9b125a08-a7f3-48bc-a359-58585496de21 2381c87c24634e059255e904a45e06ef 0d772b180b3c41e2ae2eba61c236b149 - default default] 10.0.20.26 "GET /v2.0/ports?device_id=79c08f86-fcf0-4278-8c05-1b32f7a0b3e1 HTTP/1.1" status: 200  len: 1124 time: 0.8013611
2018-07-02 18:28:55.446 23029 INFO neutron.wsgi [req-f61dcd95-c886-4eae-88e1-ffc2e8c30143 2381c87c24634e059255e904a45e06ef 0d772b180b3c41e2ae2eba61c236b149 - default default] 10.0.20.26 "GET /v2.0/security-groups?id=607973ea-01d4-4826-8ba8-d3bcc5307515 HTTP/1.1" status: 200  len: 2118 time: 0.1821301
2018-07-02 18:28:55.663 23033 INFO neutron.wsgi [req-131af493-6f1b-400a-a04c-2903be58391c 2381c87c24634e059255e904a45e06ef 0d772b180b3c41e2ae2eba61c236b149 - default default] 10.0.20.26 "GET /v2.0/ports?tenant_id=5169ca086ef4431f94e7989a8507e5a1&device_id=79c08f86-fcf0-4278-8c05-1b32f7a0b3e1 HTTP/1.1" status: 200  len: 1124 time: 0.1875789
2018-07-02 18:28:55.972 23033 DEBUG neutron.pecan_wsgi.hooks.policy_enforcement [req-e4d57ce9-6692-4c67-8f37-aa3218d83b63 2381c87c24634e059255e904a45e06ef 0d772b180b3c41e2ae2eba61c236b149 - default default] Attributes excluded by policy engine: [u'vlan_transparent'] _exclude_attributes_by_policy /usr/lib/python2.7/site-packages/neutron/pecan_wsgi/hooks/policy_enforcement.py:256
2018-07-02 18:28:55.974 23033 INFO neutron.wsgi [req-e4d57ce9-6692-4c67-8f37-aa3218d83b63 2381c87c24634e059255e904a45e06ef 0d772b180b3c41e2ae2eba61c236b149 - default default] 10.0.20.26 "GET /v2.0/networks?id=079029d5-21ae-4e87-8a5e-8e9bd7fb7e6a HTTP/1.1" status: 200  len: 885 time: 0.3027642
2018-07-02 18:28:56.018 23033 INFO neutron.wsgi [req-15716fa8-501f-4f4f-9649-e442fe372fda 2381c87c24634e059255e904a45e06ef 0d772b180b3c41e2ae2eba61c236b149 - default default] 10.0.20.26 "GET /v2.0/floatingips?fixed_ip_address=11.230.1.7&port_id=8083f749-e452-4003-b8af-7bf281fc71db HTTP/1.1" status: 200  len: 217 time: 0.0363712
2018-07-02 18:28:56.194 23033 DEBUG neutron.pecan_wsgi.hooks.policy_enforcement [req-8175c235-6ad0-4268-8f39-046472f6e1da 2381c87c24634e059255e904a45e06ef 0d772b180b3c41e2ae2eba61c236b149 - default default] Attributes excluded by policy engine: [u'shared'] _exclude_attributes_by_policy /usr/lib/python2.7/site-packages/neutron/pecan_wsgi/hooks/policy_enforcement.py:256
2018-07-02 18:28:56.198 23033 INFO neutron.wsgi [req-8175c235-6ad0-4268-8f39-046472f6e1da 2381c87c24634e059255e904a45e06ef 0d772b180b3c41e2ae2eba61c236b149 - default default] 10.0.20.26 "GET /v2.0/subnets?id=f541797d-74d2-4495-957b-1b5ddf62f23e HTTP/1.1" status: 200  len: 847 time: 0.1742139
2018-07-02 18:28:56.389 23033 INFO neutron.wsgi [req-5673cff8-a22f-4a3f-93bf-02944b0c4b4f 2381c87c24634e059255e904a45e06ef 0d772b180b3c41e2ae2eba61c236b149 - default default] 10.0.20.26 "GET /v2.0/ports?network_id=079029d5-21ae-4e87-8a5e-8e9bd7fb7e6a&device_owner=network%3Adhcp HTTP/1.1" status: 200  len: 1128 time: 0.1835380
2018-07-02 18:28:58.509 23041 DEBUG neutron_lib.callbacks.manager [req-c51b47b4-8224-4328-826d-a1f0cf8547d4 - - - - -] Notify callbacks ['neutron.services.segments.db._update_segment_host_mapping_for_agent-8790044581968'] for agent, after_update _notify_loop /usr/lib/python2.7/site-packages/neutron_lib/callbacks/manager.py:167
2018-07-02 18:29:01.080 23029 DEBUG neutron.wsgi [-] (23029) accepted ('10.0.20.26', 40324) server /usr/lib/python2.7/site-packages/eventlet/wsgi.py:883
2018-07-02 18:29:01.661 23029 INFO neutron.wsgi [req-a8984118-fca1-4d29-bd8d-0b03dd99a89b 2381c87c24634e059255e904a45e06ef 0d772b180b3c41e2ae2eba61c236b149 - default default] 10.0.20.26 "GET /v2.0/ports?device_id=79c08f86-fcf0-4278-8c05-1b32f7a0b3e1 HTTP/1.1" status: 200  len: 1124 time: 0.5792961
2018-07-02 18:29:01.862 23029 INFO neutron.wsgi [req-1ef62325-a13a-4661-9fe3-04a7b7dd792d 2381c87c24634e059255e904a45e06ef 0d772b180b3c41e2ae2eba61c236b149 - default default] 10.0.20.26 "GET /v2.0/security-groups?id=607973ea-01d4-4826-8ba8-d3bcc5307515 HTTP/1.1" status: 200  len: 2118 time: 0.1615880
2018-07-02 18:29:03.026 23045 DEBUG neutron_lib.callbacks.manager [req-6d7da957-c69a-49c5-886e-49ba2a5be3c9 - - - - -] Notify callbacks ['neutron.services.segments.db._update_segment_host_mapping_for_agent-8790044581968'] for agent, after_update _notify_loop /usr/lib/python2.7/site-packages/neutron_lib/callbacks/manager.py:167
2018-07-02 18:29:04.136 23033 DEBUG neutron.quota.resource [req-270b7ce0-b94e-4da0-a5fa-f4cf1466aa02 bb07efd5e12445969fd1da4b9b5b16da 5169ca086ef4431f94e7989a8507e5a1 - 5539f5bea9ea4a1fbe385016f596ebff 5539f5bea9ea4a1fbe385016f596ebff] Synchronizing usage tracker for tenant:5169ca086ef4431f94e7989a8507e5a1 on resource:port resync /usr/lib/python2.7/site-packages/neutron/quota/resource.py:245
2018-07-02 18:29:04.228 23033 DEBUG neutron.quota.resource [req-270b7ce0-b94e-4da0-a5fa-f4cf1466aa02 bb07efd5e12445969fd1da4b9b5b16da 5169ca086ef4431f94e7989a8507e5a1 - 5539f5bea9ea4a1fbe385016f596ebff 5539f5bea9ea4a1fbe385016f596ebff] Unset dirty status for tenant:5169ca086ef4431f94e7989a8507e5a1 on resource:port _resync /usr/lib/python2.7/site-packages/neutron/quota/resource.py:237
2018-07-02 18:29:04.231 23033 INFO neutron.wsgi [req-270b7ce0-b94e-4da0-a5fa-f4cf1466aa02 bb07efd5e12445969fd1da4b9b5b16da 5169ca086ef4431f94e7989a8507e5a1 - 5539f5bea9ea4a1fbe385016f596ebff 5539f5bea9ea4a1fbe385016f596ebff] 10.0.20.26 "GET /v2.0/ports?device_id=79c08f86-fcf0-4278-8c05-1b32f7a0b3e1 HTTP/1.1" status: 200  len: 1124 time: 0.7435012
2018-07-02 18:29:04.408 23033 INFO neutron.wsgi [req-4971d7f4-1320-454f-a6f4-b9b46831771a bb07efd5e12445969fd1da4b9b5b16da 5169ca086ef4431f94e7989a8507e5a1 - 5539f5bea9ea4a1fbe385016f596ebff 5539f5bea9ea4a1fbe385016f596ebff] 10.0.20.26 "GET /v2.0/security-groups?id=607973ea-01d4-4826-8ba8-d3bcc5307515 HTTP/1.1" status: 200  len: 2118 time: 0.1700020
2018-07-02 18:29:04.834 23033 INFO neutron.wsgi [req-aa0def3e-360b-4cf6-9f29-8a483d292b10 bb07efd5e12445969fd1da4b9b5b16da 5169ca086ef4431f94e7989a8507e5a1 - 5539f5bea9ea4a1fbe385016f596ebff 5539f5bea9ea4a1fbe385016f596ebff] 10.0.20.26 "GET /v2.0/ports?device_owner=compute%3Anova&device_id=79c08f86-fcf0-4278-8c05-1b32f7a0b3e1 HTTP/1.1" status: 200  len: 1124 time: 0.1478961
2018-07-02 18:29:04.893 23033 INFO neutron.wsgi [req-1d16605f-ef9a-484a-869f-6013cdb12235 bb07efd5e12445969fd1da4b9b5b16da 5169ca086ef4431f94e7989a8507e5a1 - 5539f5bea9ea4a1fbe385016f596ebff 5539f5bea9ea4a1fbe385016f596ebff] 10.0.20.26 "GET /v2.0/floatingips?floating_ip_address=172.24.4.3 HTTP/1.1" status: 200  len: 672 time: 0.0525641
2018-07-02 18:29:04.927 23033 DEBUG neutron.api.v2.base [req-2b5b57fa-e5dd-41f6-b0cf-69e03caf0474 bb07efd5e12445969fd1da4b9b5b16da 5169ca086ef4431f94e7989a8507e5a1 - 5539f5bea9ea4a1fbe385016f596ebff 5539f5bea9ea4a1fbe385016f596ebff] Request body: {u'floatingip': {u'fixed_ip_address': u'11.230.1.7', u'port_id': u'8083f749-e452-4003-b8af-7bf281fc71db'}} prepare_request_body /usr/lib/python2.7/site-packages/neutron/api/v2/base.py:695
2018-07-02 18:29:05.360 23033 DEBUG neutron_lib.callbacks.manager [req-2b5b57fa-e5dd-41f6-b0cf-69e03caf0474 bb07efd5e12445969fd1da4b9b5b16da 5169ca086ef4431f94e7989a8507e5a1 - 5539f5bea9ea4a1fbe385016f596ebff 5539f5bea9ea4a1fbe385016f596ebff] Notify callbacks ['neutron.services.l3_router.l3_router_plugin.L3RouterPlugin._create_dvr_floating_gw_port--9223372036854236354'] for floatingip, after_update _notify_loop /usr/lib/python2.7/site-packages/neutron_lib/callbacks/manager.py:167
2018-07-02 18:29:05.550 23043 DEBUG neutron_lib.callbacks.manager [req-8fa9f2c3-9834-4270-b5e5-372f16dd2746 - - - - -] Notify callbacks ['neutron.services.segments.db._update_segment_host_mapping_for_agent-8790044581968'] for agent, after_update _notify_loop /usr/lib/python2.7/site-packages/neutron_lib/callbacks/manager.py:167
2018-07-02 18:29:06.260 23033 DEBUG neutron.scheduler.l3_agent_scheduler [req-2b5b57fa-e5dd-41f6-b0cf-69e03caf0474 bb07efd5e12445969fd1da4b9b5b16da 5169ca086ef4431f94e7989a8507e5a1 - 5539f5bea9ea4a1fbe385016f596ebff 5539f5bea9ea4a1fbe385016f596ebff] Router a844f9f9-dfef-4bed-bd82-018c5150b375 has already been hosted by L3 agent 7579a3a7-c911-4c20-8f69-3d18d2c83252 _get_candidates /usr/lib/python2.7/site-packages/neutron/scheduler/l3_agent_scheduler.py:141
2018-07-02 18:29:06.433 23033 DEBUG neutron.api.rpc.agentnotifiers.l3_rpc_agent_api [req-2b5b57fa-e5dd-41f6-b0cf-69e03caf0474 bb07efd5e12445969fd1da4b9b5b16da 5169ca086ef4431f94e7989a8507e5a1 - 5539f5bea9ea4a1fbe385016f596ebff 5539f5bea9ea4a1fbe385016f596ebff] Notify agent at l3_agent.localhost.localdomain the message routers_updated _agent_notification /usr/lib/python2.7/site-packages/neutron/api/rpc/agentnotifiers/l3_rpc_agent_api.py:69
2018-07-02 18:29:06.476 23033 DEBUG neutron_lib.callbacks.manager [req-2b5b57fa-e5dd-41f6-b0cf-69e03caf0474 bb07efd5e12445969fd1da4b9b5b16da 5169ca086ef4431f94e7989a8507e5a1 - 5539f5bea9ea4a1fbe385016f596ebff 5539f5bea9ea4a1fbe385016f596ebff] Notify callbacks ['neutron.notifiers.nova.Notifier._send_nova_notification--9223372036854761038'] for floatingip, before_response _notify_loop /usr/lib/python2.7/site-packages/neutron_lib/callbacks/manager.py:167
2018-07-02 18:29:06.497 23042 DEBUG neutron.db.l3_hamode_db [req-f58f2ab4-3087-4a40-9584-c553b753d232 - - - - -] neutron.services.l3_router.l3_router_plugin.L3RouterPlugin method get_ha_sync_data_for_host called with arguments (<neutron_lib.context.Context object at 0x7fe9768c5550>, u'localhost.localdomain', <neutron.db.models.agent.Agent[object at 7fe9768adc10] {id=u'7579a3a7-c911-4c20-8f69-3d18d2c83252', agent_type=u'L3 agent', binary=u'neutron-l3-agent', topic=u'l3_agent', host=u'localhost.localdomain', availability_zone=u'nova', admin_state_up=True, created_at=datetime.datetime(2018, 6, 6, 18, 7, 18), started_at=datetime.datetime(2018, 7, 2, 16, 13, 58), heartbeat_timestamp=datetime.datetime(2018, 7, 2, 16, 28, 58), description=None, configurations=u'{"agent_mode": "legacy", "gateway_external_network_id": "", "handle_internal_only_routers": true, "routers": 3, "interfaces": 3, "floating_ips": 0, "interface_driver": "neutron.agent.linux.interface.OVSInterfaceDriver", "log_agent_heartbeats": false, "external_network_bridge": "", "ex_gw_ports": 3}', resource_versions=None, load=0}>) {'active': True, 'router_ids': ['a844f9f9-dfef-4bed-bd82-018c5150b375']} wrapper /usr/lib/python2.7/site-packages/oslo_log/helpers.py:66
2018-07-02 18:29:06.570 23033 INFO neutron.wsgi [req-2b5b57fa-e5dd-41f6-b0cf-69e03caf0474 bb07efd5e12445969fd1da4b9b5b16da 5169ca086ef4431f94e7989a8507e5a1 - 5539f5bea9ea4a1fbe385016f596ebff 5539f5bea9ea4a1fbe385016f596ebff] 10.0.20.26 "PUT /v2.0/floatingips/46c18d3c-0ca7-43e1-8137-25f0ecf29d02 HTTP/1.1" status: 200  len: 745 time: 1.6707549
2018-07-02 18:29:06.573 23033 DEBUG oslo_concurrency.lockutils [-] Lock "notifier-60f1044e-a955-42b4-9db5-045cc83bf199" acquired by "neutron.notifiers.batch_notifier.synced_send" :: waited 0.000s inner /usr/lib/python2.7/site-packages/oslo_concurrency/lockutils.py:270
2018-07-02 18:29:06.574 23033 DEBUG neutron.notifiers.nova [-] Sending events: [{'tag': u'8083f749-e452-4003-b8af-7bf281fc71db', 'name': 'network-changed', 'server_uuid': u'79c08f86-fcf0-4278-8c05-1b32f7a0b3e1'}] send_events /usr/lib/python2.7/site-packages/neutron/notifiers/nova.py:242
2018-07-02 18:29:06.578 23033 DEBUG novaclient.v2.client [-] REQ: curl -g -i -X POST http://10.0.20.26:8774/v2.1/0d772b180b3c41e2ae2eba61c236b149/os-server-external-events -H "User-Agent: python-novaclient" -H "Content-Type: application/json" -H "Accept: application/json" -H "X-OpenStack-Nova-API-Version: 2.1" -H "X-Auth-Token: {SHA1}69a7745f20d3a64e32dc112213a667b4d608d115" -d '{"events": [{"tag": "8083f749-e452-4003-b8af-7bf281fc71db", "name": "network-changed", "server_uuid": "79c08f86-fcf0-4278-8c05-1b32f7a0b3e1"}]}' _http_log_request /usr/lib/python2.7/site-packages/keystoneauth1/session.py:375
2018-07-02 18:29:06.684 23033 DEBUG novaclient.v2.client [-] RESP: [200] Content-Length: 179 Content-Type: application/json Openstack-Api-Version: compute 2.1 X-Openstack-Nova-Api-Version: 2.1 Vary: OpenStack-API-Version, X-OpenStack-Nova-API-Version X-Openstack-Request-Id: req-0eede5cf-fad5-4e08-ab0e-13825ee2d3bc X-Compute-Request-Id: req-0eede5cf-fad5-4e08-ab0e-13825ee2d3bc Date: Mon, 02 Jul 2018 16:29:06 GMT Connection: keep-alive 
RESP BODY: {"events": [{"status": "completed", "tag": "8083f749-e452-4003-b8af-7bf281fc71db", "name": "network-changed", "server_uuid": "79c08f86-fcf0-4278-8c05-1b32f7a0b3e1", "code": 200}]}
 _http_log_response /usr/lib/python2.7/site-packages/keystoneauth1/session.py:423
2018-07-02 18:29:06.685 23033 DEBUG novaclient.v2.client [-] POST call to compute for http://10.0.20.26:8774/v2.1/0d772b180b3c41e2ae2eba61c236b149/os-server-external-events used request id req-0eede5cf-fad5-4e08-ab0e-13825ee2d3bc request /usr/lib/python2.7/site-packages/keystoneauth1/session.py:727
2018-07-02 18:29:06.695 23033 INFO neutron.notifiers.nova [-] Nova event response: {u'status': u'completed', u'tag': u'8083f749-e452-4003-b8af-7bf281fc71db', u'name': u'network-changed', u'server_uuid': u'79c08f86-fcf0-4278-8c05-1b32f7a0b3e1', u'code': 200}
2018-07-02 18:29:06.888 23033 INFO neutron.wsgi [req-25602f18-26b3-4b43-bf80-d89b1861fffc 2381c87c24634e059255e904a45e06ef 0d772b180b3c41e2ae2eba61c236b149 - default default] 10.0.20.26 "GET /v2.0/ports?tenant_id=5169ca086ef4431f94e7989a8507e5a1&device_id=79c08f86-fcf0-4278-8c05-1b32f7a0b3e1 HTTP/1.1" status: 200  len: 1124 time: 0.1574991
2018-07-02 18:29:07.184 23033 DEBUG neutron.pecan_wsgi.hooks.policy_enforcement [req-57e48545-c315-4aae-bf4a-a82af06ea8c1 2381c87c24634e059255e904a45e06ef 0d772b180b3c41e2ae2eba61c236b149 - default default] Attributes excluded by policy engine: [u'vlan_transparent'] _exclude_attributes_by_policy /usr/lib/python2.7/site-packages/neutron/pecan_wsgi/hooks/policy_enforcement.py:256
2018-07-02 18:29:07.189 23033 INFO neutron.wsgi [req-57e48545-c315-4aae-bf4a-a82af06ea8c1 2381c87c24634e059255e904a45e06ef 0d772b180b3c41e2ae2eba61c236b149 - default default] 10.0.20.26 "GET /v2.0/networks?id=079029d5-21ae-4e87-8a5e-8e9bd7fb7e6a HTTP/1.1" status: 200  len: 885 time: 0.2941391
2018-07-02 18:29:07.256 23033 INFO neutron.wsgi [req-cc73ddb6-3090-4d76-8fd8-7749a6d1c18e 2381c87c24634e059255e904a45e06ef 0d772b180b3c41e2ae2eba61c236b149 - default default] 10.0.20.26 "GET /v2.0/floatingips?fixed_ip_address=11.230.1.7&port_id=8083f749-e452-4003-b8af-7bf281fc71db HTTP/1.1" status: 200  len: 748 time: 0.0569720
2018-07-02 18:29:07.404 23033 DEBUG neutron.pecan_wsgi.hooks.policy_enforcement [req-5d6472ac-7889-4cfc-82e3-659649af8c2e 2381c87c24634e059255e904a45e06ef 0d772b180b3c41e2ae2eba61c236b149 - default default] Attributes excluded by policy engine: [u'shared'] _exclude_attributes_by_policy /usr/lib/python2.7/site-packages/neutron/pecan_wsgi/hooks/policy_enforcement.py:256
2018-07-02 18:29:07.407 23033 INFO neutron.wsgi [req-5d6472ac-7889-4cfc-82e3-659649af8c2e 2381c87c24634e059255e904a45e06ef 0d772b180b3c41e2ae2eba61c236b149 - default default] 10.0.20.26 "GET /v2.0/subnets?id=f541797d-74d2-4495-957b-1b5ddf62f23e HTTP/1.1" status: 200  len: 847 time: 0.1423631
2018-07-02 18:29:07.450 23036 DEBUG neutron.wsgi [-] (23036) accepted ('10.0.20.26', 40398) server /usr/lib/python2.7/site-packages/eventlet/wsgi.py:883
2018-07-02 18:29:07.567 23033 INFO neutron.wsgi [req-47af5453-0d07-40c6-a93d-8d28d6a17d61 2381c87c24634e059255e904a45e06ef 0d772b180b3c41e2ae2eba61c236b149 - default default] 10.0.20.26 "GET /v2.0/ports?network_id=079029d5-21ae-4e87-8a5e-8e9bd7fb7e6a&device_owner=network%3Adhcp HTTP/1.1" status: 200  len: 1128 time: 0.1537302
2018-07-02 18:29:07.566 23042 DEBUG neutron.db.l3_hamode_db [req-f58f2ab4-3087-4a40-9584-c553b753d232 - - - - -] neutron.services.l3_router.l3_router_plugin.L3RouterPlugin method _process_sync_ha_data called with arguments (<neutron_lib.context.Context object at 0x7fe9768c5550>, [{'status': u'ACTIVE', '_interfaces': [{'status': u'ACTIVE', 'subnets': [{'dns_nameservers': [u'8.8.4.4'], 'ipv6_ra_mode': None, 'gateway_ip': u'11.230.1.1', 'cidr': u'11.230.1.0/24', 'id': u'f541797d-74d2-4495-957b-1b5ddf62f23e', 'subnetpool_id': None}], 'binding:host_id': u'localhost.localdomain', 'description': u'', 'allowed_address_pairs': [], 'tags': [], 'extra_dhcp_opts': [], 'updated_at': '2018-07-02T16:27:30Z', 'device_owner': u'network:router_interface', 'revision_number': 7, 'port_security_enabled': False, 'binding:profile': {}, 'mtu': 1450, 'fixed_ips': [{'subnet_id': u'f541797d-74d2-4495-957b-1b5ddf62f23e', 'prefixlen': 24, 'ip_address': u'11.230.1.1'}], 'id': u'1ac2ecfb-5bef-49aa-8f64-df9bd469c109', 'security_groups': [], 'device_id': u'a844f9f9-dfef-4bed-bd82-018c5150b375', 'name': u'', 'admin_state_up': True, 'network_id': u'079029d5-21ae-4e87-8a5e-8e9bd7fb7e6a', 'tenant_id': u'5169ca086ef4431f94e7989a8507e5a1', 'binding:vif_details': {u'port_filter': True, u'datapath_type': u'system', u'ovs_hybrid_plug': True}, 'address_scopes': {4: None, 6: None}, 'binding:vnic_type': u'normal', 'binding:vif_type': u'ovs', 'mac_address': u'fa:16:3e:a3:ab:44', 'project_id': u'5169ca086ef4431f94e7989a8507e5a1', 'extra_subnets': [], 'created_at': '2018-07-02T16:27:21Z'}], 'enable_snat': True, 'ha_vr_id': 0, 'description': u'', 'tags': [], 'gw_port': {'status': u'ACTIVE', 'subnets': [{'dns_nameservers': [], 'ipv6_ra_mode': None, 'gateway_ip': u'172.24.4.1', 'cidr': u'172.24.4.0/24', 'id': u'606cc7a3-2eae-4ba0-be88-1f3c9fd67e5e', 'subnetpool_id': None}], 'binding:host_id': u'localhost.localdomain', 'description': u'', 'allowed_address_pairs': [], 'tags': [], 'extra_dhcp_opts': [], 'updated_at': '2018-07-02T16:27:42Z', 'device_owner': u'network:router_gateway', 'revision_number': 6, 'port_security_enabled': False, 'binding:profile': {}, 'mtu': 1500, 'fixed_ips': [{'subnet_id': u'606cc7a3-2eae-4ba0-be88-1f3c9fd67e5e', 'prefixlen': 24, 'ip_address': u'172.24.4.13'}], 'id': u'ad22b927-9980-4927-8c8e-7aff11c6950f', 'security_groups': [], 'device_id': u'a844f9f9-dfef-4bed-bd82-018c5150b375', 'name': u'', 'admin_state_up': True, 'network_id': u'8fa9a212-be1e-480a-988d-8a3f899b6e3c', 'tenant_id': u'', 'binding:vif_details': {u'port_filter': True, u'datapath_type': u'system', u'ovs_hybrid_plug': True}, 'address_scopes': {4: None, 6: None}, 'binding:vnic_type': u'normal', 'binding:vif_type': u'ovs', 'mac_address': u'fa:16:3e:20:6d:2f', 'project_id': u'', 'extra_subnets': [], 'created_at': '2018-07-02T16:27:35Z'}, 'updated_at': '2018-07-02T16:27:37Z', 'revision_number': 3, 'ha': False, 'id': u'a844f9f9-dfef-4bed-bd82-018c5150b375', 'gw_port_host': u'localhost.localdomain', 'external_gateway_info': {'network_id': u'8fa9a212-be1e-480a-988d-8a3f899b6e3c', 'enable_snat': True, 'external_fixed_ips': [{'subnet_id': u'606cc7a3-2eae-4ba0-be88-1f3c9fd67e5e', 'ip_address': u'172.24.4.13'}]}, 'availability_zone_hints': [], 'availability_zones': [u'nova'], 'name': u'tempest-router-1530548660', 'gw_port_id': u'ad22b927-9980-4927-8c8e-7aff11c6950f', 'admin_state_up': True, 'tenant_id': u'5169ca086ef4431f94e7989a8507e5a1', 'created_at': '2018-07-02T16:26:59Z', 'distributed': False, 'flavor_id': None, 'routes': [], 'project_id': u'5169ca086ef4431f94e7989a8507e5a1', '_floatingips': [{'router_id': u'a844f9f9-dfef-4bed-bd82-018c5150b375', 'status': u'DOWN', 'description': u'', 'tags': [], 'updated_at': '2018-07-02T16:29:05Z', 'dns_domain': '', 'floating_network_id': u'8fa9a212-be1e-480a-988d-8a3f899b6e3c', 'fixed_ip_address': u'11.230.1.7', 'floating_ip_address': u'172.24.4.3', 'revision_number': 1, 'port_id': u'8083f749-e452-4003-b8af-7bf281fc71db', 'id': u'46c18d3c-0ca7-43e1-8137-25f0ecf29d02', 'dns_name': '', 'created_at': '2018-07-02T16:28:49Z', 'tenant_id': u'5169ca086ef4431f94e7989a8507e5a1', 'fixed_ip_address_scope': None, 'project_id': u'5169ca086ef4431f94e7989a8507e5a1'}]}], u'localhost.localdomain', False) {} wrapper /usr/lib/python2.7/site-packages/oslo_log/helpers.py:66
2018-07-02 18:29:07.580 23042 DEBUG neutron.api.rpc.handlers.l3_rpc [req-f58f2ab4-3087-4a40-9584-c553b753d232 - - - - -] Checking router: a844f9f9-dfef-4bed-bd82-018c5150b375 for host: localhost.localdomain _ensure_host_set_on_ports /usr/lib/python2.7/site-packages/neutron/api/rpc/handlers/l3_rpc.py:135
2018-07-02 18:29:07.984 23041 DEBUG neutron.api.rpc.handlers.l3_rpc [req-748f4fc9-2897-4406-9d3f-d6b19d3fa4f3 - - - - -] New status for floating IP 46c18d3c-0ca7-43e1-8137-25f0ecf29d02: ACTIVE update_floatingip_statuses /usr/lib/python2.7/site-packages/neutron/api/rpc/handlers/l3_rpc.py:252
2018-07-02 18:29:08.230 23036 INFO neutron.wsgi [req-c14d3b77-0c2b-4789-8f6f-992696719bad 2381c87c24634e059255e904a45e06ef 0d772b180b3c41e2ae2eba61c236b149 - default default] 10.0.20.26 "GET /v2.0/ports?device_id=79c08f86-fcf0-4278-8c05-1b32f7a0b3e1 HTTP/1.1" status: 200  len: 1124 time: 0.7783139
2018-07-02 18:29:08.245 23033 INFO neutron.wsgi [req-bce5d6f2-f335-4454-87d6-70c9154b23aa 2381c87c24634e059255e904a45e06ef 0d772b180b3c41e2ae2eba61c236b149 - default default] 10.0.20.26 "GET /v2.0/ports?tenant_id=5169ca086ef4431f94e7989a8507e5a1&device_id=79c08f86-fcf0-4278-8c05-1b32f7a0b3e1 HTTP/1.1" status: 200  len: 1124 time: 0.7257440
2018-07-02 18:29:08.434 23036 INFO neutron.wsgi [req-28a9f972-4fff-4df4-918d-388b668d24ac 2381c87c24634e059255e904a45e06ef 0d772b180b3c41e2ae2eba61c236b149 - default default] 10.0.20.26 "GET /v2.0/security-groups?id=607973ea-01d4-4826-8ba8-d3bcc5307515 HTTP/1.1" status: 200  len: 2118 time: 0.1621079
2018-07-02 18:29:08.512 23033 DEBUG neutron.pecan_wsgi.hooks.policy_enforcement [req-e8f668b8-b34a-44dd-86c1-23caabb138ef 2381c87c24634e059255e904a45e06ef 0d772b180b3c41e2ae2eba61c236b149 - default default] Attributes excluded by policy engine: [u'vlan_transparent'] _exclude_attributes_by_policy /usr/lib/python2.7/site-packages/neutron/pecan_wsgi/hooks/policy_enforcement.py:256
2018-07-02 18:29:08.515 23033 INFO neutron.wsgi [req-e8f668b8-b34a-44dd-86c1-23caabb138ef 2381c87c24634e059255e904a45e06ef 0d772b180b3c41e2ae2eba61c236b149 - default default] 10.0.20.26 "GET /v2.0/networks?id=079029d5-21ae-4e87-8a5e-8e9bd7fb7e6a HTTP/1.1" status: 200  len: 885 time: 0.2615490
2018-07-02 18:29:08.577 23033 INFO neutron.wsgi [req-5dc49b82-449f-4022-b70d-abb95a40a895 2381c87c24634e059255e904a45e06ef 0d772b180b3c41e2ae2eba61c236b149 - default default] 10.0.20.26 "GET /v2.0/floatingips?fixed_ip_address=11.230.1.7&port_id=8083f749-e452-4003-b8af-7bf281fc71db HTTP/1.1" status: 200  len: 750 time: 0.0540869
2018-07-02 18:29:08.696 23033 DEBUG oslo_concurrency.lockutils [-] Lock "notifier-60f1044e-a955-42b4-9db5-045cc83bf199" released by "neutron.notifiers.batch_notifier.synced_send" :: held 2.123s inner /usr/lib/python2.7/site-packages/oslo_concurrency/lockutils.py:282
2018-07-02 18:29:08.729 23033 DEBUG neutron.pecan_wsgi.hooks.policy_enforcement [req-69963abe-6afb-4f02-969f-97c850b3da49 2381c87c24634e059255e904a45e06ef 0d772b180b3c41e2ae2eba61c236b149 - default default] Attributes excluded by policy engine: [u'shared'] _exclude_attributes_by_policy /usr/lib/python2.7/site-packages/neutron/pecan_wsgi/hooks/policy_enforcement.py:256
2018-07-02 18:29:08.731 23033 INFO neutron.wsgi [req-69963abe-6afb-4f02-969f-97c850b3da49 2381c87c24634e059255e904a45e06ef 0d772b180b3c41e2ae2eba61c236b149 - default default] 10.0.20.26 "GET /v2.0/subnets?id=f541797d-74d2-4495-957b-1b5ddf62f23e HTTP/1.1" status: 200  len: 847 time: 0.1461260
2018-07-02 18:29:08.872 23033 INFO neutron.wsgi [req-bcb8f791-ae35-481f-a30a-6e6e0b59fff8 2381c87c24634e059255e904a45e06ef 0d772b180b3c41e2ae2eba61c236b149 - default default] 10.0.20.26 "GET /v2.0/ports?network_id=079029d5-21ae-4e87-8a5e-8e9bd7fb7e6a&device_owner=network%3Adhcp HTTP/1.1" status: 200  len: 1128 time: 0.1325741
2018-07-02 18:29:10.434 23033 DEBUG neutron.wsgi [-] (23033) accepted ('10.0.20.26', 40426) server /usr/lib/python2.7/site-packages/eventlet/wsgi.py:883
2018-07-02 18:29:10.650 23046 DEBUG neutron.db.agents_db [req-395eee7e-990a-4580-9b40-d73467e4f382 - - - - -] Agent healthcheck: found 5 active agents agent_health_check /usr/lib/python2.7/site-packages/neutron/db/agents_db.py:281
2018-07-02 18:29:11.109 23033 INFO neutron.wsgi [req-862aa3e9-0820-489f-8d3c-80a9d631713a 2381c87c24634e059255e904a45e06ef 0d772b180b3c41e2ae2eba61c236b149 - default default] 10.0.20.26 "GET /v2.0/ports?device_id=79c08f86-fcf0-4278-8c05-1b32f7a0b3e1 HTTP/1.1" status: 200  len: 1124 time: 0.6721740
2018-07-02 18:29:11.259 23033 INFO neutron.wsgi [req-58e467fc-dd3d-4892-b1ed-317360a45689 2381c87c24634e059255e904a45e06ef 0d772b180b3c41e2ae2eba61c236b149 - default default] 10.0.20.26 "GET /v2.0/security-groups?id=607973ea-01d4-4826-8ba8-d3bcc5307515 HTTP/1.1" status: 200  len: 2118 time: 0.1213570
2018-07-02 18:29:13.708 23037 DEBUG neutron_lib.callbacks.manager [req-beaa7ce9-71ee-4119-9e6d-bb31c9f0dca7 - - - - -] Notify callbacks ['neutron.services.segments.db._update_segment_host_mapping_for_agent-8790044581968'] for agent, after_update _notify_loop /usr/lib/python2.7/site-packages/neutron_lib/callbacks/manager.py:167
2018-07-02 18:29:14.317 23033 DEBUG neutron.wsgi [-] (23033) accepted ('10.0.20.26', 40664) server /usr/lib/python2.7/site-packages/eventlet/wsgi.py:883
2018-07-02 18:29:14.985 23033 INFO neutron.wsgi [req-3be41a25-8087-4418-b7f8-aeff86ac1be8 2381c87c24634e059255e904a45e06ef 0d772b180b3c41e2ae2eba61c236b149 - default default] 10.0.20.26 "GET /v2.0/ports?device_id=79c08f86-fcf0-4278-8c05-1b32f7a0b3e1 HTTP/1.1" status: 200  len: 1124 time: 0.6664271
2018-07-02 18:29:15.180 23033 INFO neutron.wsgi [req-8743ef59-18f5-4cdd-b9df-d9d97f301b2b 2381c87c24634e059255e904a45e06ef 0d772b180b3c41e2ae2eba61c236b149 - default default] 10.0.20.26 "GET /v2.0/security-groups?id=607973ea-01d4-4826-8ba8-d3bcc5307515 HTTP/1.1" status: 200  len: 2118 time: 0.1363649
2018-07-02 18:29:18.053 23040 DEBUG neutron_lib.callbacks.manager [req-9310cff4-5264-443e-9299-6d500d749259 - - - - -] Notify callbacks ['neutron.services.segments.db._update_segment_host_mapping_for_agent-8790044581968'] for agent, after_update _notify_loop /usr/lib/python2.7/site-packages/neutron_lib/callbacks/manager.py:167
2018-07-02 18:29:20.232 23029 INFO neutron.wsgi [req-bf12fda1-3851-49ea-927c-ea6c3599697e bb07efd5e12445969fd1da4b9b5b16da 5169ca086ef4431f94e7989a8507e5a1 - 5539f5bea9ea4a1fbe385016f596ebff 5539f5bea9ea4a1fbe385016f596ebff] 10.0.20.26 "GET /v2.0/ports?device_id=79c08f86-fcf0-4278-8c05-1b32f7a0b3e1 HTTP/1.1" status: 200  len: 1124 time: 0.4470441
2018-07-02 18:29:20.357 23029 INFO neutron.wsgi [req-d682863a-c16a-483b-b3b1-905016d06b36 bb07efd5e12445969fd1da4b9b5b16da 5169ca086ef4431f94e7989a8507e5a1 - 5539f5bea9ea4a1fbe385016f596ebff 5539f5bea9ea4a1fbe385016f596ebff] 10.0.20.26 "GET /v2.0/security-groups?id=607973ea-01d4-4826-8ba8-d3bcc5307515 HTTP/1.1" status: 200  len: 2118 time: 0.1177790
2018-07-02 18:29:28.522 23038 DEBUG neutron_lib.callbacks.manager [req-b0ae9c79-2efd-4c93-8458-2e427cbd8d94 - - - - -] Notify callbacks ['neutron.services.segments.db._update_segment_host_mapping_for_agent-8790044581968'] for agent, after_update _notify_loop /usr/lib/python2.7/site-packages/neutron_lib/callbacks/manager.py:167
2018-07-02 18:29:33.017 23044 DEBUG neutron_lib.callbacks.manager [req-6d7da957-c69a-49c5-886e-49ba2a5be3c9 - - - - -] Notify callbacks ['neutron.services.segments.db._update_segment_host_mapping_for_agent-8790044581968'] for agent, after_update _notify_loop /usr/lib/python2.7/site-packages/neutron_lib/callbacks/manager.py:167
2018-07-02 18:29:35.549 23039 DEBUG neutron_lib.callbacks.manager [req-8b49dcda-6975-4765-891d-05723529d1dd - - - - -] Notify callbacks ['neutron.services.segments.db._update_segment_host_mapping_for_agent-8790044581968'] for agent, after_update _notify_loop /usr/lib/python2.7/site-packages/neutron_lib/callbacks/manager.py:167
2018-07-02 18:29:42.430 23033 DEBUG neutron.wsgi [-] (23033) accepted ('10.0.20.26', 41588) server /usr/lib/python2.7/site-packages/eventlet/wsgi.py:883
2018-07-02 18:29:43.712 23042 DEBUG neutron_lib.callbacks.manager [req-beaa7ce9-71ee-4119-9e6d-bb31c9f0dca7 - - - - -] Notify callbacks ['neutron.services.segments.db._update_segment_host_mapping_for_agent-8790044581968'] for agent, after_update _notify_loop /usr/lib/python2.7/site-packages/neutron_lib/callbacks/manager.py:167
