2018-06-28 21:39:11.867 24451 DEBUG neutron_lib.callbacks.manager [req-ea6803fb-2a7e-41d5-aa48-99cd2a7f0223 - - - - -] Notify callbacks ['neutron.services.segments.db._update_segment_host_mapping_for_agent-8773284544080'] for agent, after_update _notify_loop /usr/lib/python2.7/site-packages/neutron_lib/callbacks/manager.py:167
2018-06-28 21:39:18.118 24448 DEBUG neutron_lib.callbacks.manager [req-cd2cdbc2-67b9-43ef-9ec0-ad05274d42c0 - - - - -] Notify callbacks ['neutron.services.segments.db._update_segment_host_mapping_for_agent-8773284544080'] for agent, after_update _notify_loop /usr/lib/python2.7/site-packages/neutron_lib/callbacks/manager.py:167
2018-06-28 21:39:23.402 24453 DEBUG neutron.db.agents_db [req-935480ff-3e81-470b-af23-b1389427a450 - - - - -] Agent healthcheck: found 5 active agents agent_health_check /usr/lib/python2.7/site-packages/neutron/db/agents_db.py:281
2018-06-28 21:39:32.602 24450 DEBUG neutron_lib.callbacks.manager [req-23dc4552-dd21-4f9a-9458-26cd185c9a43 - - - - -] Notify callbacks ['neutron.services.segments.db._update_segment_host_mapping_for_agent-8773284544080'] for agent, after_update _notify_loop /usr/lib/python2.7/site-packages/neutron_lib/callbacks/manager.py:167
2018-06-28 21:39:32.638 24449 DEBUG neutron_lib.callbacks.manager [req-bf30118c-4d89-4e85-a625-c5ceff53c335 - - - - -] Notify callbacks ['neutron.services.segments.db._update_segment_host_mapping_for_agent-8773284544080'] for agent, after_update _notify_loop /usr/lib/python2.7/site-packages/neutron_lib/callbacks/manager.py:167
2018-06-28 21:39:33.187 24452 DEBUG neutron_lib.callbacks.manager [req-61c479f2-405e-4fc3-bc1a-1d9d6c3bbd89 - - - - -] Notify callbacks ['neutron.services.segments.db._update_segment_host_mapping_for_agent-8773284544080'] for agent, after_update _notify_loop /usr/lib/python2.7/site-packages/neutron_lib/callbacks/manager.py:167
2018-06-28 21:39:40.250 24438 DEBUG neutron.wsgi [-] (24438) accepted ('10.0.20.28', 45162) server /usr/lib/python2.7/site-packages/eventlet/wsgi.py:883
2018-06-28 21:39:40.273 24438 INFO neutron.wsgi [-] 10.0.20.28 "GET / HTTP/1.1" status: 200  len: 252 time: 0.0122609
2018-06-28 21:39:40.281 24438 WARNING keystonemiddleware.auth_token [-] Using the in-process token cache is deprecated as of the 4.2.0 release and may be removed in the 5.0.0 release or the 'O' development cycle. The in-process cache causes inconsistent results and high memory usage. When the feature is removed the auth_token middleware will not cache tokens by default which may result in performance issues. It is recommended to use  memcache for the auth_token token cache by setting the memcached_servers option.
2018-06-28 21:39:41.538 24438 DEBUG oslo_policy._cache_handler [req-74bafc38-1c1f-4043-a5cb-6c147fa23ea4 e0b6d60491824f8a80053b1228452429 132aeaeeb390472aa0c37794d7155e98 - e3b2c62900704981b9a296c6a65b2218 e3b2c62900704981b9a296c6a65b2218] Reloading cached file /etc/neutron/policy.json read_cached_file /usr/lib/python2.7/site-packages/oslo_policy/_cache_handler.py:40
2018-06-28 21:39:41.590 24438 DEBUG oslo_policy.policy [req-74bafc38-1c1f-4043-a5cb-6c147fa23ea4 e0b6d60491824f8a80053b1228452429 132aeaeeb390472aa0c37794d7155e98 - e3b2c62900704981b9a296c6a65b2218 e3b2c62900704981b9a296c6a65b2218] Reloaded policy file: /etc/neutron/policy.json _load_policy_file /usr/lib/python2.7/site-packages/oslo_policy/policy.py:681
2018-06-28 21:39:41.903 24444 DEBUG neutron_lib.callbacks.manager [req-ea6803fb-2a7e-41d5-aa48-99cd2a7f0223 - - - - -] Notify callbacks ['neutron.services.segments.db._update_segment_host_mapping_for_agent-8773284544080'] for agent, after_update _notify_loop /usr/lib/python2.7/site-packages/neutron_lib/callbacks/manager.py:167
2018-06-28 21:39:42.288 24438 DEBUG oslo_policy._cache_handler [req-74bafc38-1c1f-4043-a5cb-6c147fa23ea4 e0b6d60491824f8a80053b1228452429 132aeaeeb390472aa0c37794d7155e98 - e3b2c62900704981b9a296c6a65b2218 e3b2c62900704981b9a296c6a65b2218] Reloading cached file /etc/neutron/policy.json read_cached_file /usr/lib/python2.7/site-packages/oslo_policy/_cache_handler.py:40
2018-06-28 21:39:42.316 24438 DEBUG oslo_policy.policy [req-74bafc38-1c1f-4043-a5cb-6c147fa23ea4 e0b6d60491824f8a80053b1228452429 132aeaeeb390472aa0c37794d7155e98 - e3b2c62900704981b9a296c6a65b2218 e3b2c62900704981b9a296c6a65b2218] Reloaded policy file: /etc/neutron/policy.json _load_policy_file /usr/lib/python2.7/site-packages/oslo_policy/policy.py:681
2018-06-28 21:39:42.324 24438 DEBUG neutron.pecan_wsgi.hooks.policy_enforcement [req-74bafc38-1c1f-4043-a5cb-6c147fa23ea4 e0b6d60491824f8a80053b1228452429 132aeaeeb390472aa0c37794d7155e98 - e3b2c62900704981b9a296c6a65b2218 e3b2c62900704981b9a296c6a65b2218] Attributes excluded by policy engine: [u'shared'] _exclude_attributes_by_policy /usr/lib/python2.7/site-packages/neutron/pecan_wsgi/hooks/policy_enforcement.py:256
2018-06-28 21:39:42.325 24438 DEBUG neutron.pecan_wsgi.hooks.policy_enforcement [req-74bafc38-1c1f-4043-a5cb-6c147fa23ea4 e0b6d60491824f8a80053b1228452429 132aeaeeb390472aa0c37794d7155e98 - e3b2c62900704981b9a296c6a65b2218 e3b2c62900704981b9a296c6a65b2218] Attributes excluded by policy engine: [u'shared'] _exclude_attributes_by_policy /usr/lib/python2.7/site-packages/neutron/pecan_wsgi/hooks/policy_enforcement.py:256
2018-06-28 21:39:42.328 24438 INFO neutron.wsgi [req-74bafc38-1c1f-4043-a5cb-6c147fa23ea4 e0b6d60491824f8a80053b1228452429 132aeaeeb390472aa0c37794d7155e98 - e3b2c62900704981b9a296c6a65b2218 e3b2c62900704981b9a296c6a65b2218] 10.0.20.28 "GET /v2.0/subnets HTTP/1.1" status: 200  len: 1419 time: 2.0503070
2018-06-28 21:39:48.122 24446 DEBUG neutron_lib.callbacks.manager [req-cd2cdbc2-67b9-43ef-9ec0-ad05274d42c0 - - - - -] Notify callbacks ['neutron.services.segments.db._update_segment_host_mapping_for_agent-8773284544080'] for agent, after_update _notify_loop /usr/lib/python2.7/site-packages/neutron_lib/callbacks/manager.py:167
2018-06-28 21:40:00.414 24453 DEBUG neutron.db.agents_db [req-935480ff-3e81-470b-af23-b1389427a450 - - - - -] Agent healthcheck: found 5 active agents agent_health_check /usr/lib/python2.7/site-packages/neutron/db/agents_db.py:281
2018-06-28 21:40:02.615 24445 DEBUG neutron_lib.callbacks.manager [req-53aac8ca-06ab-499f-9e16-5c2905235eba - - - - -] Notify callbacks ['neutron.services.segments.db._update_segment_host_mapping_for_agent-8773284544080'] for agent, after_update _notify_loop /usr/lib/python2.7/site-packages/neutron_lib/callbacks/manager.py:167
2018-06-28 21:40:02.679 24447 DEBUG neutron_lib.callbacks.manager [req-bf30118c-4d89-4e85-a625-c5ceff53c335 - - - - -] Notify callbacks ['neutron.services.segments.db._update_segment_host_mapping_for_agent-8773284544080'] for agent, after_update _notify_loop /usr/lib/python2.7/site-packages/neutron_lib/callbacks/manager.py:167
2018-06-28 21:40:03.194 24451 DEBUG neutron_lib.callbacks.manager [req-2af96977-6e9d-40f4-9e3c-15446fd138d4 - - - - -] Notify callbacks ['neutron.services.segments.db._update_segment_host_mapping_for_agent-8773284544080'] for agent, after_update _notify_loop /usr/lib/python2.7/site-packages/neutron_lib/callbacks/manager.py:167
2018-06-28 21:40:11.894 24448 DEBUG neutron_lib.callbacks.manager [req-ea6803fb-2a7e-41d5-aa48-99cd2a7f0223 - - - - -] Notify callbacks ['neutron.services.segments.db._update_segment_host_mapping_for_agent-8773284544080'] for agent, after_update _notify_loop /usr/lib/python2.7/site-packages/neutron_lib/callbacks/manager.py:167
2018-06-28 21:40:18.743 24450 DEBUG neutron_lib.callbacks.manager [req-cd2cdbc2-67b9-43ef-9ec0-ad05274d42c0 - - - - -] Notify callbacks ['neutron.services.segments.db._update_segment_host_mapping_for_agent-8773284544080'] for agent, after_update _notify_loop /usr/lib/python2.7/site-packages/neutron_lib/callbacks/manager.py:167
2018-06-28 21:40:32.700 24449 DEBUG neutron_lib.callbacks.manager [req-1a1e79ba-fa25-493c-b5f6-a1b4bdb58585 - - - - -] Notify callbacks ['neutron.services.segments.db._update_segment_host_mapping_for_agent-8773284544080'] for agent, after_update _notify_loop /usr/lib/python2.7/site-packages/neutron_lib/callbacks/manager.py:167
2018-06-28 21:40:32.721 24452 DEBUG neutron_lib.callbacks.manager [req-bf30118c-4d89-4e85-a625-c5ceff53c335 - - - - -] Notify callbacks ['neutron.services.segments.db._update_segment_host_mapping_for_agent-8773284544080'] for agent, after_update _notify_loop /usr/lib/python2.7/site-packages/neutron_lib/callbacks/manager.py:167
2018-06-28 21:40:32.989 24438 DEBUG neutron.wsgi [-] (24438) accepted ('10.0.20.28', 46348) server /usr/lib/python2.7/site-packages/eventlet/wsgi.py:883
2018-06-28 21:40:32.996 24438 INFO neutron.wsgi [-] 10.0.20.28 "GET / HTTP/1.1" status: 200  len: 252 time: 0.0032840
2018-06-28 21:40:33.219 24444 DEBUG neutron_lib.callbacks.manager [req-c16c6c3b-8517-4e16-847f-84778ca0356e - - - - -] Notify callbacks ['neutron.services.segments.db._update_segment_host_mapping_for_agent-8773284544080'] for agent, after_update _notify_loop /usr/lib/python2.7/site-packages/neutron_lib/callbacks/manager.py:167
2018-06-28 21:40:34.052 24438 DEBUG neutron.api.v2.base [req-eebe7cac-d756-42bf-bcab-9307cbb5f1c8 e0b6d60491824f8a80053b1228452429 132aeaeeb390472aa0c37794d7155e98 - e3b2c62900704981b9a296c6a65b2218 e3b2c62900704981b9a296c6a65b2218] Request body: {u'security_group': {u'name': u'tempest-SECURITY_GROUP_SAMPLE-1530214746', u'description': u'tempest-SECURITY_GROUP_SAMPLE-1530214746'}} prepare_request_body /usr/lib/python2.7/site-packages/neutron/api/v2/base.py:695
2018-06-28 21:40:34.055 24438 INFO neutron.quota [req-eebe7cac-d756-42bf-bcab-9307cbb5f1c8 e0b6d60491824f8a80053b1228452429 132aeaeeb390472aa0c37794d7155e98 - e3b2c62900704981b9a296c6a65b2218 e3b2c62900704981b9a296c6a65b2218] Loaded quota_driver: <neutron.db.quota.driver.DbQuotaDriver object at 0x7fab074f4510>.
2018-06-28 21:40:34.086 24438 DEBUG neutron.db.quota.driver [req-eebe7cac-d756-42bf-bcab-9307cbb5f1c8 e0b6d60491824f8a80053b1228452429 132aeaeeb390472aa0c37794d7155e98 - e3b2c62900704981b9a296c6a65b2218 e3b2c62900704981b9a296c6a65b2218] Resources subnetpool have unlimited quota limit. It is not required to calculate headroom  make_reservation /usr/lib/python2.7/site-packages/neutron/db/quota/driver.py:223
2018-06-28 21:40:34.105 24438 DEBUG neutron.quota.resource [req-eebe7cac-d756-42bf-bcab-9307cbb5f1c8 e0b6d60491824f8a80053b1228452429 132aeaeeb390472aa0c37794d7155e98 - e3b2c62900704981b9a296c6a65b2218 e3b2c62900704981b9a296c6a65b2218] Usage tracker for resource:security_group and tenant:132aeaeeb390472aa0c37794d7155e98 is out of sync, need to count used quota count_used /usr/lib/python2.7/site-packages/neutron/quota/resource.py:274
2018-06-28 21:40:34.126 24438 DEBUG neutron.quota.resource [req-eebe7cac-d756-42bf-bcab-9307cbb5f1c8 e0b6d60491824f8a80053b1228452429 132aeaeeb390472aa0c37794d7155e98 - e3b2c62900704981b9a296c6a65b2218 e3b2c62900704981b9a296c6a65b2218] Quota usage for security_group was recalculated. Used quota:0. count_used /usr/lib/python2.7/site-packages/neutron/quota/resource.py:293
2018-06-28 21:40:34.149 24438 DEBUG neutron.db.quota.driver [req-eebe7cac-d756-42bf-bcab-9307cbb5f1c8 e0b6d60491824f8a80053b1228452429 132aeaeeb390472aa0c37794d7155e98 - e3b2c62900704981b9a296c6a65b2218 e3b2c62900704981b9a296c6a65b2218] Attempting to reserve 1 items for resource security_group. Total usage: 0; quota limit: 10; headroom:10 make_reservation /usr/lib/python2.7/site-packages/neutron/db/quota/driver.py:255
2018-06-28 21:40:34.246 24438 DEBUG neutron_lib.callbacks.manager [req-eebe7cac-d756-42bf-bcab-9307cbb5f1c8 e0b6d60491824f8a80053b1228452429 132aeaeeb390472aa0c37794d7155e98 - e3b2c62900704981b9a296c6a65b2218 e3b2c62900704981b9a296c6a65b2218] Notify callbacks [] for security_group, before_create _notify_loop /usr/lib/python2.7/site-packages/neutron_lib/callbacks/manager.py:167
2018-06-28 21:40:34.312 24438 DEBUG neutron_lib.callbacks.manager [req-eebe7cac-d756-42bf-bcab-9307cbb5f1c8 e0b6d60491824f8a80053b1228452429 132aeaeeb390472aa0c37794d7155e98 - e3b2c62900704981b9a296c6a65b2218 e3b2c62900704981b9a296c6a65b2218] Notify callbacks [] for security_group, before_create _notify_loop /usr/lib/python2.7/site-packages/neutron_lib/callbacks/manager.py:167
2018-06-28 21:40:35.326 24438 DEBUG neutron_lib.callbacks.manager [req-eebe7cac-d756-42bf-bcab-9307cbb5f1c8 e0b6d60491824f8a80053b1228452429 132aeaeeb390472aa0c37794d7155e98 - e3b2c62900704981b9a296c6a65b2218 e3b2c62900704981b9a296c6a65b2218] Notify callbacks [] for security_group, precommit_create _notify_loop /usr/lib/python2.7/site-packages/neutron_lib/callbacks/manager.py:167
2018-06-28 21:40:35.340 24438 DEBUG neutron_lib.callbacks.manager [req-eebe7cac-d756-42bf-bcab-9307cbb5f1c8 e0b6d60491824f8a80053b1228452429 132aeaeeb390472aa0c37794d7155e98 - e3b2c62900704981b9a296c6a65b2218 e3b2c62900704981b9a296c6a65b2218] Notify callbacks ['neutron.plugins.ml2.ovo_rpc._ObjectChangeHandler.handle_event-16340928'] for security_group, after_create _notify_loop /usr/lib/python2.7/site-packages/neutron_lib/callbacks/manager.py:167
2018-06-28 21:40:35.347 24438 DEBUG oslo_concurrency.lockutils [-] Lock "event-dispatch" acquired by "neutron.plugins.ml2.ovo_rpc.dispatch_events" :: waited 0.002s inner /usr/lib/python2.7/site-packages/oslo_concurrency/lockutils.py:270
2018-06-28 21:40:35.518 24438 DEBUG neutron.api.rpc.handlers.resources_rpc [req-eebe7cac-d756-42bf-bcab-9307cbb5f1c8 e0b6d60491824f8a80053b1228452429 132aeaeeb390472aa0c37794d7155e98 - - -] neutron.api.rpc.handlers.resources_rpc.ResourcesPushRpcApi method push called with arguments (<neutron_lib.context.Context object at 0x7fab076ddcd0>, [SecurityGroup(created_at=2018-06-28T19:40:34Z,description='Gruppo di sicurezza predefinito',id=9782972f-1c11-4285-b057-b43c6009cf85,is_default=True,name='default',project_id='132aeaeeb390472aa0c37794d7155e98',revision_number=4,rules=[SecurityGroupRule(4c824f6d-7a98-4130-9e82-cd6fd762cd2d),SecurityGroupRule(54961873-202c-4ce9-8516-32b857a57b86),SecurityGroupRule(895182e5-4590-4c06-8287-ec6f54a30ab3),SecurityGroupRule(af321f3a-cce5-4a63-8188-498bd652b419)],updated_at=2018-06-28T19:40:35Z)], 'updated') {} wrapper /usr/lib/python2.7/site-packages/oslo_log/helpers.py:66
2018-06-28 21:40:35.590 24438 DEBUG neutron.api.rpc.callbacks.version_manager [req-eebe7cac-d756-42bf-bcab-9307cbb5f1c8 e0b6d60491824f8a80053b1228452429 132aeaeeb390472aa0c37794d7155e98 - - -] Version for resource type Subnet changed None to 1.0 on consumer Open vSwitch agent@localhost.localdomain _set_version /usr/lib/python2.7/site-packages/neutron/api/rpc/callbacks/version_manager.py:119
2018-06-28 21:40:35.592 24438 DEBUG neutron.api.rpc.callbacks.version_manager [req-eebe7cac-d756-42bf-bcab-9307cbb5f1c8 e0b6d60491824f8a80053b1228452429 132aeaeeb390472aa0c37794d7155e98 - - -] Version for resource type Network changed None to 1.0 on consumer Open vSwitch agent@localhost.localdomain _set_version /usr/lib/python2.7/site-packages/neutron/api/rpc/callbacks/version_manager.py:119
2018-06-28 21:40:35.594 24438 DEBUG neutron.api.rpc.callbacks.version_manager [req-eebe7cac-d756-42bf-bcab-9307cbb5f1c8 e0b6d60491824f8a80053b1228452429 132aeaeeb390472aa0c37794d7155e98 - - -] Version for resource type SubPort changed None to 1.0 on consumer Open vSwitch agent@localhost.localdomain _set_version /usr/lib/python2.7/site-packages/neutron/api/rpc/callbacks/version_manager.py:119
2018-06-28 21:40:35.597 24438 DEBUG neutron.api.rpc.callbacks.version_manager [req-eebe7cac-d756-42bf-bcab-9307cbb5f1c8 e0b6d60491824f8a80053b1228452429 132aeaeeb390472aa0c37794d7155e98 - - -] Version for resource type SecurityGroup changed None to 1.0 on consumer Open vSwitch agent@localhost.localdomain _set_version /usr/lib/python2.7/site-packages/neutron/api/rpc/callbacks/version_manager.py:119
2018-06-28 21:40:35.600 24438 DEBUG neutron.api.rpc.callbacks.version_manager [req-eebe7cac-d756-42bf-bcab-9307cbb5f1c8 e0b6d60491824f8a80053b1228452429 132aeaeeb390472aa0c37794d7155e98 - - -] Version for resource type SecurityGroupRule changed None to 1.0 on consumer Open vSwitch agent@localhost.localdomain _set_version /usr/lib/python2.7/site-packages/neutron/api/rpc/callbacks/version_manager.py:119
2018-06-28 21:40:35.601 24438 DEBUG neutron.api.rpc.callbacks.version_manager [req-eebe7cac-d756-42bf-bcab-9307cbb5f1c8 e0b6d60491824f8a80053b1228452429 132aeaeeb390472aa0c37794d7155e98 - - -] Version for resource type Trunk changed None to 1.1 on consumer Open vSwitch agent@localhost.localdomain _set_version /usr/lib/python2.7/site-packages/neutron/api/rpc/callbacks/version_manager.py:119
2018-06-28 21:40:35.602 24438 DEBUG neutron.api.rpc.callbacks.version_manager [req-eebe7cac-d756-42bf-bcab-9307cbb5f1c8 e0b6d60491824f8a80053b1228452429 132aeaeeb390472aa0c37794d7155e98 - - -] Version for resource type QosPolicy changed None to 1.6 on consumer Open vSwitch agent@localhost.localdomain _set_version /usr/lib/python2.7/site-packages/neutron/api/rpc/callbacks/version_manager.py:119
2018-06-28 21:40:35.602 24438 DEBUG neutron.api.rpc.callbacks.version_manager [req-eebe7cac-d756-42bf-bcab-9307cbb5f1c8 e0b6d60491824f8a80053b1228452429 132aeaeeb390472aa0c37794d7155e98 - - -] Version for resource type Port changed None to 1.1 on consumer Open vSwitch agent@localhost.localdomain _set_version /usr/lib/python2.7/site-packages/neutron/api/rpc/callbacks/version_manager.py:119
2018-06-28 21:40:35.603 24438 DEBUG neutron.api.rpc.callbacks.version_manager [req-eebe7cac-d756-42bf-bcab-9307cbb5f1c8 e0b6d60491824f8a80053b1228452429 132aeaeeb390472aa0c37794d7155e98 - - -] Version for resource type Log changed None to 1.0 on consumer Open vSwitch agent@localhost.localdomain _set_version /usr/lib/python2.7/site-packages/neutron/api/rpc/callbacks/version_manager.py:119
2018-06-28 21:40:35.605 24438 DEBUG neutron.api.rpc.callbacks.version_manager [req-eebe7cac-d756-42bf-bcab-9307cbb5f1c8 e0b6d60491824f8a80053b1228452429 132aeaeeb390472aa0c37794d7155e98 - - -] Tracked resource versions report:
pushed versions:
{   'Log': set(['1.0']),
    'Network': set(['1.0']),
    'Port': set(['1.1']),
    'QosPolicy': set(['1.6']),
    'SecurityGroup': set(['1.0']),
    'SecurityGroupRule': set(['1.0']),
    'SubPort': set(['1.0']),
    'Subnet': set(['1.0']),
    'Trunk': set(['1.1'])}

consumer versions:
{   DHCP agent@localhost.localdomain: {   },
    L3 agent@localhost.localdomain: {   },
    Metadata agent@localhost.localdomain: {   },
    Metering agent@localhost.localdomain: {   },
    Open vSwitch agent@localhost.localdomain: {   u'Log': u'1.0',
                                                  u'Network': u'1.0',
                                                  u'Port': u'1.1',
                                                  u'QosPolicy': u'1.6',
                                                  u'SecurityGroup': u'1.0',
                                                  u'SecurityGroupRule': u'1.0',
                                                  u'SubPort': u'1.0',
                                                  u'Subnet': u'1.0',
                                                  u'Trunk': u'1.1'}}
 report /usr/lib/python2.7/site-packages/neutron/api/rpc/callbacks/version_manager.py:178
2018-06-28 21:40:36.130 24438 DEBUG oslo_concurrency.lockutils [req-eebe7cac-d756-42bf-bcab-9307cbb5f1c8 e0b6d60491824f8a80053b1228452429 132aeaeeb390472aa0c37794d7155e98 - - -] Lock "event-dispatch" released by "neutron.plugins.ml2.ovo_rpc.dispatch_events" :: held 0.783s inner /usr/lib/python2.7/site-packages/oslo_concurrency/lockutils.py:282
2018-06-28 21:40:36.192 24438 DEBUG neutron_lib.callbacks.manager [req-eebe7cac-d756-42bf-bcab-9307cbb5f1c8 e0b6d60491824f8a80053b1228452429 132aeaeeb390472aa0c37794d7155e98 - e3b2c62900704981b9a296c6a65b2218 e3b2c62900704981b9a296c6a65b2218] Notify callbacks [] for security_group, precommit_create _notify_loop /usr/lib/python2.7/site-packages/neutron_lib/callbacks/manager.py:167
2018-06-28 21:40:36.206 24438 DEBUG neutron_lib.callbacks.manager [req-eebe7cac-d756-42bf-bcab-9307cbb5f1c8 e0b6d60491824f8a80053b1228452429 132aeaeeb390472aa0c37794d7155e98 - e3b2c62900704981b9a296c6a65b2218 e3b2c62900704981b9a296c6a65b2218] Notify callbacks ['neutron.plugins.ml2.ovo_rpc._ObjectChangeHandler.handle_event-16340928'] for security_group, after_create _notify_loop /usr/lib/python2.7/site-packages/neutron_lib/callbacks/manager.py:167
2018-06-28 21:40:36.212 24438 DEBUG oslo_concurrency.lockutils [-] Lock "event-dispatch" acquired by "neutron.plugins.ml2.ovo_rpc.dispatch_events" :: waited 0.000s inner /usr/lib/python2.7/site-packages/oslo_concurrency/lockutils.py:270
2018-06-28 21:40:36.353 24438 DEBUG neutron.quota.resource [req-eebe7cac-d756-42bf-bcab-9307cbb5f1c8 e0b6d60491824f8a80053b1228452429 132aeaeeb390472aa0c37794d7155e98 - e3b2c62900704981b9a296c6a65b2218 e3b2c62900704981b9a296c6a65b2218] Persisted dirty status for tenant:132aeaeeb390472aa0c37794d7155e98 on resource:security_group_rule mark_dirty /usr/lib/python2.7/site-packages/neutron/quota/resource.py:207
2018-06-28 21:40:36.358 24438 DEBUG neutron.api.rpc.handlers.resources_rpc [req-eebe7cac-d756-42bf-bcab-9307cbb5f1c8 e0b6d60491824f8a80053b1228452429 132aeaeeb390472aa0c37794d7155e98 - - -] neutron.api.rpc.handlers.resources_rpc.ResourcesPushRpcApi method push called with arguments (<neutron_lib.context.Context object at 0x7fab073c3090>, [SecurityGroup(created_at=2018-06-28T19:40:35Z,description='tempest-SECURITY_GROUP_SAMPLE-1530214746',id=19ef1f39-dd28-433b-ab38-b0f80c7d96d2,is_default=False,name='tempest-SECURITY_GROUP_SAMPLE-1530214746',project_id='132aeaeeb390472aa0c37794d7155e98',revision_number=2,rules=[SecurityGroupRule(27f9cd09-ee8b-4884-8e23-7a975805450e),SecurityGroupRule(b0d6b04b-0cd8-4909-8865-beb8f0fe9956)],updated_at=2018-06-28T19:40:36Z)], 'updated') {} wrapper /usr/lib/python2.7/site-packages/oslo_log/helpers.py:66
2018-06-28 21:40:36.366 24438 DEBUG neutron.quota.resource [req-eebe7cac-d756-42bf-bcab-9307cbb5f1c8 e0b6d60491824f8a80053b1228452429 132aeaeeb390472aa0c37794d7155e98 - e3b2c62900704981b9a296c6a65b2218 e3b2c62900704981b9a296c6a65b2218] Persisted dirty status for tenant:132aeaeeb390472aa0c37794d7155e98 on resource:security_group mark_dirty /usr/lib/python2.7/site-packages/neutron/quota/resource.py:207
2018-06-28 21:40:36.395 24438 DEBUG neutron_lib.callbacks.manager [req-eebe7cac-d756-42bf-bcab-9307cbb5f1c8 e0b6d60491824f8a80053b1228452429 132aeaeeb390472aa0c37794d7155e98 - e3b2c62900704981b9a296c6a65b2218 e3b2c62900704981b9a296c6a65b2218] Notify callbacks [] for security_group, before_response _notify_loop /usr/lib/python2.7/site-packages/neutron_lib/callbacks/manager.py:167
2018-06-28 21:40:36.400 24438 INFO neutron.wsgi [req-eebe7cac-d756-42bf-bcab-9307cbb5f1c8 e0b6d60491824f8a80053b1228452429 132aeaeeb390472aa0c37794d7155e98 - e3b2c62900704981b9a296c6a65b2218 e3b2c62900704981b9a296c6a65b2218] 10.0.20.28 "POST /v2.0/security-groups HTTP/1.1" status: 201  len: 1617 time: 3.3838229
2018-06-28 21:40:36.402 24438 DEBUG oslo_concurrency.lockutils [req-eebe7cac-d756-42bf-bcab-9307cbb5f1c8 e0b6d60491824f8a80053b1228452429 132aeaeeb390472aa0c37794d7155e98 - - -] Lock "event-dispatch" released by "neutron.plugins.ml2.ovo_rpc.dispatch_events" :: held 0.190s inner /usr/lib/python2.7/site-packages/oslo_concurrency/lockutils.py:282
2018-06-28 21:40:37.436 24453 DEBUG neutron.db.agents_db [req-935480ff-3e81-470b-af23-b1389427a450 - - - - -] Agent healthcheck: found 5 active agents agent_health_check /usr/lib/python2.7/site-packages/neutron/db/agents_db.py:281
2018-06-28 21:40:41.884 24446 DEBUG neutron_lib.callbacks.manager [req-ea6803fb-2a7e-41d5-aa48-99cd2a7f0223 - - - - -] Notify callbacks ['neutron.services.segments.db._update_segment_host_mapping_for_agent-8773284544080'] for agent, after_update _notify_loop /usr/lib/python2.7/site-packages/neutron_lib/callbacks/manager.py:167
2018-06-28 21:40:44.776 24443 DEBUG neutron.wsgi [-] (24443) accepted ('10.0.20.28', 46390) server /usr/lib/python2.7/site-packages/eventlet/wsgi.py:883
2018-06-28 21:40:44.783 24443 INFO neutron.wsgi [-] 10.0.20.28 "GET / HTTP/1.1" status: 200  len: 252 time: 0.0018861
2018-06-28 21:40:45.445 24443 INFO neutron.api.v2.resource [req-21ba877e-676b-495b-9f2f-dea18a1f7902 e0b6d60491824f8a80053b1228452429 132aeaeeb390472aa0c37794d7155e98 - e3b2c62900704981b9a296c6a65b2218 e3b2c62900704981b9a296c6a65b2218] show failed (client error): The resource could not be found.
2018-06-28 21:40:45.446 24443 INFO neutron.wsgi [req-21ba877e-676b-495b-9f2f-dea18a1f7902 e0b6d60491824f8a80053b1228452429 132aeaeeb390472aa0c37794d7155e98 - e3b2c62900704981b9a296c6a65b2218 e3b2c62900704981b9a296c6a65b2218] 10.0.20.28 "GET /v2.0/security-groups/tempest-SECURITY_GROUP_SAMPLE-1530214746 HTTP/1.1" status: 404  len: 360 time: 0.6563902
2018-06-28 21:40:45.689 24443 INFO neutron.wsgi [req-f0244f7c-c501-497c-bbd8-0ed395f3276e e0b6d60491824f8a80053b1228452429 132aeaeeb390472aa0c37794d7155e98 - e3b2c62900704981b9a296c6a65b2218 e3b2c62900704981b9a296c6a65b2218] 10.0.20.28 "GET /v2.0/security-groups HTTP/1.1" status: 200  len: 20672 time: 0.2361209
2018-06-28 21:40:45.794 24443 DEBUG neutron.api.v2.base [req-a5edad9e-e35b-4769-947b-27b3cf9e3968 e0b6d60491824f8a80053b1228452429 132aeaeeb390472aa0c37794d7155e98 - e3b2c62900704981b9a296c6a65b2218 e3b2c62900704981b9a296c6a65b2218] Request body: {u'security_group_rule': {u'direction': u'ingress', u'protocol': u'tcp', u'ethertype': u'IPv4', u'port_range_max': 22, u'security_group_id': u'19ef1f39-dd28-433b-ab38-b0f80c7d96d2', u'port_range_min': 22, u'remote_ip_prefix': u'0.0.0.0/0'}} prepare_request_body /usr/lib/python2.7/site-packages/neutron/api/v2/base.py:695
2018-06-28 21:40:45.796 24443 INFO neutron.quota [req-a5edad9e-e35b-4769-947b-27b3cf9e3968 e0b6d60491824f8a80053b1228452429 132aeaeeb390472aa0c37794d7155e98 - e3b2c62900704981b9a296c6a65b2218 e3b2c62900704981b9a296c6a65b2218] Loaded quota_driver: <neutron.db.quota.driver.DbQuotaDriver object at 0x7fab07437d90>.
2018-06-28 21:40:45.810 24443 DEBUG neutron.db.quota.driver [req-a5edad9e-e35b-4769-947b-27b3cf9e3968 e0b6d60491824f8a80053b1228452429 132aeaeeb390472aa0c37794d7155e98 - e3b2c62900704981b9a296c6a65b2218 e3b2c62900704981b9a296c6a65b2218] Resources subnetpool have unlimited quota limit. It is not required to calculate headroom  make_reservation /usr/lib/python2.7/site-packages/neutron/db/quota/driver.py:223
2018-06-28 21:40:45.828 24443 DEBUG neutron.quota.resource [req-a5edad9e-e35b-4769-947b-27b3cf9e3968 e0b6d60491824f8a80053b1228452429 132aeaeeb390472aa0c37794d7155e98 - e3b2c62900704981b9a296c6a65b2218 e3b2c62900704981b9a296c6a65b2218] Usage tracker for resource:security_group_rule and tenant:132aeaeeb390472aa0c37794d7155e98 is out of sync, need to count used quota count_used /usr/lib/python2.7/site-packages/neutron/quota/resource.py:274
2018-06-28 21:40:45.843 24443 DEBUG neutron.quota.resource [req-a5edad9e-e35b-4769-947b-27b3cf9e3968 e0b6d60491824f8a80053b1228452429 132aeaeeb390472aa0c37794d7155e98 - e3b2c62900704981b9a296c6a65b2218 e3b2c62900704981b9a296c6a65b2218] Quota usage for security_group_rule was recalculated. Used quota:6. count_used /usr/lib/python2.7/site-packages/neutron/quota/resource.py:293
2018-06-28 21:40:45.858 24443 DEBUG neutron.db.quota.driver [req-a5edad9e-e35b-4769-947b-27b3cf9e3968 e0b6d60491824f8a80053b1228452429 132aeaeeb390472aa0c37794d7155e98 - e3b2c62900704981b9a296c6a65b2218 e3b2c62900704981b9a296c6a65b2218] Attempting to reserve 1 items for resource security_group_rule. Total usage: 6; quota limit: 100; headroom:94 make_reservation /usr/lib/python2.7/site-packages/neutron/db/quota/driver.py:255
2018-06-28 21:40:45.991 24443 DEBUG neutron_lib.callbacks.manager [req-a5edad9e-e35b-4769-947b-27b3cf9e3968 e0b6d60491824f8a80053b1228452429 132aeaeeb390472aa0c37794d7155e98 - e3b2c62900704981b9a296c6a65b2218 e3b2c62900704981b9a296c6a65b2218] Notify callbacks [] for security_group_rule, before_create _notify_loop /usr/lib/python2.7/site-packages/neutron_lib/callbacks/manager.py:167
2018-06-28 21:40:46.126 24443 DEBUG neutron_lib.callbacks.manager [req-a5edad9e-e35b-4769-947b-27b3cf9e3968 e0b6d60491824f8a80053b1228452429 132aeaeeb390472aa0c37794d7155e98 - e3b2c62900704981b9a296c6a65b2218 e3b2c62900704981b9a296c6a65b2218] Notify callbacks [] for security_group_rule, precommit_create _notify_loop /usr/lib/python2.7/site-packages/neutron_lib/callbacks/manager.py:167
2018-06-28 21:40:46.144 24443 DEBUG neutron_lib.callbacks.manager [req-a5edad9e-e35b-4769-947b-27b3cf9e3968 e0b6d60491824f8a80053b1228452429 132aeaeeb390472aa0c37794d7155e98 - e3b2c62900704981b9a296c6a65b2218 e3b2c62900704981b9a296c6a65b2218] Notify callbacks ['neutron.plugins.ml2.ovo_rpc._ObjectChangeHandler.handle_event-16340752'] for security_group_rule, after_create _notify_loop /usr/lib/python2.7/site-packages/neutron_lib/callbacks/manager.py:167
2018-06-28 21:40:46.476 24443 DEBUG oslo_concurrency.lockutils [-] Lock "event-dispatch" acquired by "neutron.plugins.ml2.ovo_rpc.dispatch_events" :: waited 0.000s inner /usr/lib/python2.7/site-packages/oslo_concurrency/lockutils.py:270
2018-06-28 21:40:46.510 24443 DEBUG neutron.api.rpc.handlers.resources_rpc [req-a5edad9e-e35b-4769-947b-27b3cf9e3968 e0b6d60491824f8a80053b1228452429 132aeaeeb390472aa0c37794d7155e98 - - -] neutron.api.rpc.handlers.resources_rpc.ResourcesPushRpcApi method push called with arguments (<neutron_lib.context.Context object at 0x7fab072d52d0>, [SecurityGroupRule(created_at=2018-06-28T19:40:46Z,description='',direction='ingress',ethertype='IPv4',id=9ee201dc-9388-4bbc-961d-fc3727ea576f,port_range_max=22,port_range_min=22,project_id='132aeaeeb390472aa0c37794d7155e98',protocol='tcp',remote_group_id=<?>,remote_ip_prefix=0.0.0.0/0,revision_number=0,security_group_id=19ef1f39-dd28-433b-ab38-b0f80c7d96d2,updated_at=2018-06-28T19:40:46Z)], 'updated') {} wrapper /usr/lib/python2.7/site-packages/oslo_log/helpers.py:66
2018-06-28 21:40:46.538 24443 DEBUG neutron.api.rpc.callbacks.version_manager [req-a5edad9e-e35b-4769-947b-27b3cf9e3968 e0b6d60491824f8a80053b1228452429 132aeaeeb390472aa0c37794d7155e98 - - -] Version for resource type Subnet changed None to 1.0 on consumer Open vSwitch agent@localhost.localdomain _set_version /usr/lib/python2.7/site-packages/neutron/api/rpc/callbacks/version_manager.py:119
2018-06-28 21:40:46.539 24443 DEBUG neutron.api.rpc.callbacks.version_manager [req-a5edad9e-e35b-4769-947b-27b3cf9e3968 e0b6d60491824f8a80053b1228452429 132aeaeeb390472aa0c37794d7155e98 - - -] Version for resource type Network changed None to 1.0 on consumer Open vSwitch agent@localhost.localdomain _set_version /usr/lib/python2.7/site-packages/neutron/api/rpc/callbacks/version_manager.py:119
2018-06-28 21:40:46.540 24443 DEBUG neutron.api.rpc.callbacks.version_manager [req-a5edad9e-e35b-4769-947b-27b3cf9e3968 e0b6d60491824f8a80053b1228452429 132aeaeeb390472aa0c37794d7155e98 - - -] Version for resource type SubPort changed None to 1.0 on consumer Open vSwitch agent@localhost.localdomain _set_version /usr/lib/python2.7/site-packages/neutron/api/rpc/callbacks/version_manager.py:119
2018-06-28 21:40:46.540 24443 DEBUG neutron.api.rpc.callbacks.version_manager [req-a5edad9e-e35b-4769-947b-27b3cf9e3968 e0b6d60491824f8a80053b1228452429 132aeaeeb390472aa0c37794d7155e98 - - -] Version for resource type SecurityGroup changed None to 1.0 on consumer Open vSwitch agent@localhost.localdomain _set_version /usr/lib/python2.7/site-packages/neutron/api/rpc/callbacks/version_manager.py:119
2018-06-28 21:40:46.541 24443 DEBUG neutron.api.rpc.callbacks.version_manager [req-a5edad9e-e35b-4769-947b-27b3cf9e3968 e0b6d60491824f8a80053b1228452429 132aeaeeb390472aa0c37794d7155e98 - - -] Version for resource type SecurityGroupRule changed None to 1.0 on consumer Open vSwitch agent@localhost.localdomain _set_version /usr/lib/python2.7/site-packages/neutron/api/rpc/callbacks/version_manager.py:119
2018-06-28 21:40:46.542 24443 DEBUG neutron.api.rpc.callbacks.version_manager [req-a5edad9e-e35b-4769-947b-27b3cf9e3968 e0b6d60491824f8a80053b1228452429 132aeaeeb390472aa0c37794d7155e98 - - -] Version for resource type Trunk changed None to 1.1 on consumer Open vSwitch agent@localhost.localdomain _set_version /usr/lib/python2.7/site-packages/neutron/api/rpc/callbacks/version_manager.py:119
2018-06-28 21:40:46.542 24443 DEBUG neutron.api.rpc.callbacks.version_manager [req-a5edad9e-e35b-4769-947b-27b3cf9e3968 e0b6d60491824f8a80053b1228452429 132aeaeeb390472aa0c37794d7155e98 - - -] Version for resource type QosPolicy changed None to 1.6 on consumer Open vSwitch agent@localhost.localdomain _set_version /usr/lib/python2.7/site-packages/neutron/api/rpc/callbacks/version_manager.py:119
2018-06-28 21:40:46.543 24443 DEBUG neutron.api.rpc.callbacks.version_manager [req-a5edad9e-e35b-4769-947b-27b3cf9e3968 e0b6d60491824f8a80053b1228452429 132aeaeeb390472aa0c37794d7155e98 - - -] Version for resource type Port changed None to 1.1 on consumer Open vSwitch agent@localhost.localdomain _set_version /usr/lib/python2.7/site-packages/neutron/api/rpc/callbacks/version_manager.py:119
2018-06-28 21:40:46.544 24443 DEBUG neutron.api.rpc.callbacks.version_manager [req-a5edad9e-e35b-4769-947b-27b3cf9e3968 e0b6d60491824f8a80053b1228452429 132aeaeeb390472aa0c37794d7155e98 - - -] Version for resource type Log changed None to 1.0 on consumer Open vSwitch agent@localhost.localdomain _set_version /usr/lib/python2.7/site-packages/neutron/api/rpc/callbacks/version_manager.py:119
2018-06-28 21:40:46.547 24443 DEBUG neutron.api.rpc.callbacks.version_manager [req-a5edad9e-e35b-4769-947b-27b3cf9e3968 e0b6d60491824f8a80053b1228452429 132aeaeeb390472aa0c37794d7155e98 - - -] Tracked resource versions report:
pushed versions:
{   'Log': set(['1.0']),
    'Network': set(['1.0']),
    'Port': set(['1.1']),
    'QosPolicy': set(['1.6']),
    'SecurityGroup': set(['1.0']),
    'SecurityGroupRule': set(['1.0']),
    'SubPort': set(['1.0']),
    'Subnet': set(['1.0']),
    'Trunk': set(['1.1'])}

consumer versions:
{   DHCP agent@localhost.localdomain: {   },
    L3 agent@localhost.localdomain: {   },
    Metadata agent@localhost.localdomain: {   },
    Metering agent@localhost.localdomain: {   },
    Open vSwitch agent@localhost.localdomain: {   u'Log': u'1.0',
                                                  u'Network': u'1.0',
                                                  u'Port': u'1.1',
                                                  u'QosPolicy': u'1.6',
                                                  u'SecurityGroup': u'1.0',
                                                  u'SecurityGroupRule': u'1.0',
                                                  u'SubPort': u'1.0',
                                                  u'Subnet': u'1.0',
                                                  u'Trunk': u'1.1'}}
 report /usr/lib/python2.7/site-packages/neutron/api/rpc/callbacks/version_manager.py:178
2018-06-28 21:40:46.626 24443 DEBUG oslo_concurrency.lockutils [req-a5edad9e-e35b-4769-947b-27b3cf9e3968 e0b6d60491824f8a80053b1228452429 132aeaeeb390472aa0c37794d7155e98 - - -] Lock "event-dispatch" released by "neutron.plugins.ml2.ovo_rpc.dispatch_events" :: held 0.151s inner /usr/lib/python2.7/site-packages/oslo_concurrency/lockutils.py:282
2018-06-28 21:40:46.634 24443 DEBUG neutron.quota.resource [req-a5edad9e-e35b-4769-947b-27b3cf9e3968 e0b6d60491824f8a80053b1228452429 132aeaeeb390472aa0c37794d7155e98 - e3b2c62900704981b9a296c6a65b2218 e3b2c62900704981b9a296c6a65b2218] Persisted dirty status for tenant:132aeaeeb390472aa0c37794d7155e98 on resource:security_group_rule mark_dirty /usr/lib/python2.7/site-packages/neutron/quota/resource.py:207
2018-06-28 21:40:46.648 24443 DEBUG neutron_lib.callbacks.manager [req-a5edad9e-e35b-4769-947b-27b3cf9e3968 e0b6d60491824f8a80053b1228452429 132aeaeeb390472aa0c37794d7155e98 - e3b2c62900704981b9a296c6a65b2218 e3b2c62900704981b9a296c6a65b2218] Notify callbacks [] for security_group_rule, before_response _notify_loop /usr/lib/python2.7/site-packages/neutron_lib/callbacks/manager.py:167
2018-06-28 21:40:46.651 24443 INFO neutron.wsgi [req-a5edad9e-e35b-4769-947b-27b3cf9e3968 e0b6d60491824f8a80053b1228452429 132aeaeeb390472aa0c37794d7155e98 - e3b2c62900704981b9a296c6a65b2218 e3b2c62900704981b9a296c6a65b2218] 10.0.20.28 "POST /v2.0/security-group-rules HTTP/1.1" status: 201  len: 718 time: 0.9420972
2018-06-28 21:40:48.176 24445 DEBUG neutron_lib.callbacks.manager [req-cd2cdbc2-67b9-43ef-9ec0-ad05274d42c0 - - - - -] Notify callbacks ['neutron.services.segments.db._update_segment_host_mapping_for_agent-8773284544080'] for agent, after_update _notify_loop /usr/lib/python2.7/site-packages/neutron_lib/callbacks/manager.py:167
2018-06-28 21:40:52.868 24437 DEBUG neutron.wsgi [-] (24437) accepted ('10.0.20.28', 46414) server /usr/lib/python2.7/site-packages/eventlet/wsgi.py:883
2018-06-28 21:40:52.874 24437 INFO neutron.wsgi [-] 10.0.20.28 "GET / HTTP/1.1" status: 200  len: 252 time: 0.0023491
2018-06-28 21:40:53.546 24437 INFO neutron.wsgi [req-477b4bd8-b779-4524-8162-5020f7171830 e0b6d60491824f8a80053b1228452429 132aeaeeb390472aa0c37794d7155e98 - e3b2c62900704981b9a296c6a65b2218 e3b2c62900704981b9a296c6a65b2218] 10.0.20.28 "GET /v2.0/security-groups HTTP/1.1" status: 200  len: 21175 time: 0.6669650
2018-06-28 21:41:01.728 24438 DEBUG neutron.wsgi [-] (24438) accepted ('10.0.20.28', 47456) server /usr/lib/python2.7/site-packages/eventlet/wsgi.py:883
2018-06-28 21:41:01.740 24438 INFO neutron.wsgi [-] 10.0.20.28 "GET / HTTP/1.1" status: 200  len: 252 time: 0.0022938
2018-06-28 21:41:02.604 24438 INFO neutron.pecan_wsgi.hooks.translation [req-e21797d2-2074-4bd0-961b-daa6b2239e28 c5cd6ef06ce14dd690705b39bb3f1552 2776224a461d4a01833ab75847b98330 - default default] GET failed (client error): The resource could not be found.
2018-06-28 21:41:02.606 24438 INFO neutron.wsgi [req-e21797d2-2074-4bd0-961b-daa6b2239e28 c5cd6ef06ce14dd690705b39bb3f1552 2776224a461d4a01833ab75847b98330 - default default] 10.0.20.28 "GET /v2.0/networks/public HTTP/1.1" status: 404  len: 314 time: 0.8529730
2018-06-28 21:41:02.609 24447 DEBUG neutron_lib.callbacks.manager [req-69829f1d-d616-488e-a062-3de9c97ef0ae - - - - -] Notify callbacks ['neutron.services.segments.db._update_segment_host_mapping_for_agent-8773284544080'] for agent, after_update _notify_loop /usr/lib/python2.7/site-packages/neutron_lib/callbacks/manager.py:167
2018-06-28 21:41:02.690 24451 DEBUG neutron_lib.callbacks.manager [req-bf30118c-4d89-4e85-a625-c5ceff53c335 - - - - -] Notify callbacks ['neutron.services.segments.db._update_segment_host_mapping_for_agent-8773284544080'] for agent, after_update _notify_loop /usr/lib/python2.7/site-packages/neutron_lib/callbacks/manager.py:167
2018-06-28 21:41:02.983 24438 DEBUG neutron.pecan_wsgi.hooks.policy_enforcement [req-97c0650b-ea2e-43e0-a7db-80dc2328b090 c5cd6ef06ce14dd690705b39bb3f1552 2776224a461d4a01833ab75847b98330 - default default] Attributes excluded by policy engine: [u'vlan_transparent'] _exclude_attributes_by_policy /usr/lib/python2.7/site-packages/neutron/pecan_wsgi/hooks/policy_enforcement.py:256
2018-06-28 21:41:02.984 24438 DEBUG neutron.pecan_wsgi.hooks.policy_enforcement [req-97c0650b-ea2e-43e0-a7db-80dc2328b090 c5cd6ef06ce14dd690705b39bb3f1552 2776224a461d4a01833ab75847b98330 - default default] Attributes excluded by policy engine: [u'vlan_transparent'] _exclude_attributes_by_policy /usr/lib/python2.7/site-packages/neutron/pecan_wsgi/hooks/policy_enforcement.py:256
2018-06-28 21:41:02.986 24438 INFO neutron.wsgi [req-97c0650b-ea2e-43e0-a7db-80dc2328b090 c5cd6ef06ce14dd690705b39bb3f1552 2776224a461d4a01833ab75847b98330 - default default] 10.0.20.28 "GET /v2.0/networks HTTP/1.1" status: 200  len: 1542 time: 0.3679838
2018-06-28 21:41:03.210 24448 DEBUG neutron_lib.callbacks.manager [req-d4dffe25-5ae6-41f1-ae85-305e99c0265e - - - - -] Notify callbacks ['neutron.services.segments.db._update_segment_host_mapping_for_agent-8773284544080'] for agent, after_update _notify_loop /usr/lib/python2.7/site-packages/neutron_lib/callbacks/manager.py:167
2018-06-28 21:41:09.279 24443 DEBUG neutron.wsgi [-] (24443) accepted ('10.0.20.28', 47474) server /usr/lib/python2.7/site-packages/eventlet/wsgi.py:883
2018-06-28 21:41:09.283 24443 INFO neutron.wsgi [-] 10.0.20.28 "GET / HTTP/1.1" status: 200  len: 252 time: 0.0021100
2018-06-28 21:41:09.779 24443 DEBUG neutron.api.v2.base [req-bbdee9c4-d44d-43af-8a9a-d2fe299e7066 e0b6d60491824f8a80053b1228452429 132aeaeeb390472aa0c37794d7155e98 - e3b2c62900704981b9a296c6a65b2218 e3b2c62900704981b9a296c6a65b2218] Request body: {u'network': {u'name': u'tempest-private-1530214746', u'admin_state_up': True}} prepare_request_body /usr/lib/python2.7/site-packages/neutron/api/v2/base.py:695
2018-06-28 21:41:09.788 24443 DEBUG neutron.db.quota.driver [req-bbdee9c4-d44d-43af-8a9a-d2fe299e7066 e0b6d60491824f8a80053b1228452429 132aeaeeb390472aa0c37794d7155e98 - e3b2c62900704981b9a296c6a65b2218 e3b2c62900704981b9a296c6a65b2218] Resources subnetpool have unlimited quota limit. It is not required to calculate headroom  make_reservation /usr/lib/python2.7/site-packages/neutron/db/quota/driver.py:223
2018-06-28 21:41:09.796 24443 DEBUG neutron.quota.resource [req-bbdee9c4-d44d-43af-8a9a-d2fe299e7066 e0b6d60491824f8a80053b1228452429 132aeaeeb390472aa0c37794d7155e98 - e3b2c62900704981b9a296c6a65b2218 e3b2c62900704981b9a296c6a65b2218] Usage tracker for resource:network and tenant:132aeaeeb390472aa0c37794d7155e98 is out of sync, need to count used quota count_used /usr/lib/python2.7/site-packages/neutron/quota/resource.py:274
2018-06-28 21:41:09.805 24443 DEBUG neutron.quota.resource [req-bbdee9c4-d44d-43af-8a9a-d2fe299e7066 e0b6d60491824f8a80053b1228452429 132aeaeeb390472aa0c37794d7155e98 - e3b2c62900704981b9a296c6a65b2218 e3b2c62900704981b9a296c6a65b2218] Quota usage for network was recalculated. Used quota:0. count_used /usr/lib/python2.7/site-packages/neutron/quota/resource.py:293
2018-06-28 21:41:09.821 24443 DEBUG neutron.db.quota.driver [req-bbdee9c4-d44d-43af-8a9a-d2fe299e7066 e0b6d60491824f8a80053b1228452429 132aeaeeb390472aa0c37794d7155e98 - e3b2c62900704981b9a296c6a65b2218 e3b2c62900704981b9a296c6a65b2218] Attempting to reserve 1 items for resource network. Total usage: 0; quota limit: 100; headroom:100 make_reservation /usr/lib/python2.7/site-packages/neutron/db/quota/driver.py:255
2018-06-28 21:41:09.888 24443 DEBUG neutron.pecan_wsgi.hooks.quota_enforcement [req-bbdee9c4-d44d-43af-8a9a-d2fe299e7066 e0b6d60491824f8a80053b1228452429 132aeaeeb390472aa0c37794d7155e98 - e3b2c62900704981b9a296c6a65b2218 e3b2c62900704981b9a296c6a65b2218] Made reservation on behalf of 132aeaeeb390472aa0c37794d7155e98 for: {'network': 1} before /usr/lib/python2.7/site-packages/neutron/pecan_wsgi/hooks/quota_enforcement.py:55
2018-06-28 21:41:09.897 24443 DEBUG neutron_lib.callbacks.manager [req-bbdee9c4-d44d-43af-8a9a-d2fe299e7066 e0b6d60491824f8a80053b1228452429 132aeaeeb390472aa0c37794d7155e98 - e3b2c62900704981b9a296c6a65b2218 e3b2c62900704981b9a296c6a65b2218] Notify callbacks ['neutron.plugins.ml2.plugin.Ml2Plugin._ensure_default_security_group_handler--9223372036854009718'] for network, before_create _notify_loop /usr/lib/python2.7/site-packages/neutron_lib/callbacks/manager.py:167
2018-06-28 21:41:09.996 24443 DEBUG neutron.plugins.ml2.drivers.helpers [req-bbdee9c4-d44d-43af-8a9a-d2fe299e7066 e0b6d60491824f8a80053b1228452429 132aeaeeb390472aa0c37794d7155e98 - e3b2c62900704981b9a296c6a65b2218 e3b2c62900704981b9a296c6a65b2218] vxlan segment allocate from pool started with {'vxlan_vni': 60}  allocate_partially_specified_segment /usr/lib/python2.7/site-packages/neutron/plugins/ml2/drivers/helpers.py:157
2018-06-28 21:41:10.003 24443 DEBUG neutron.plugins.ml2.drivers.helpers [req-bbdee9c4-d44d-43af-8a9a-d2fe299e7066 e0b6d60491824f8a80053b1228452429 132aeaeeb390472aa0c37794d7155e98 - e3b2c62900704981b9a296c6a65b2218 e3b2c62900704981b9a296c6a65b2218] vxlan segment allocate from pool success with {'vxlan_vni': 60}  allocate_partially_specified_segment /usr/lib/python2.7/site-packages/neutron/plugins/ml2/drivers/helpers.py:165
2018-06-28 21:41:10.031 24443 DEBUG neutron_lib.callbacks.manager [req-bbdee9c4-d44d-43af-8a9a-d2fe299e7066 e0b6d60491824f8a80053b1228452429 132aeaeeb390472aa0c37794d7155e98 - e3b2c62900704981b9a296c6a65b2218 e3b2c62900704981b9a296c6a65b2218] Notify callbacks ['neutron.plugins.ml2.plugin.Ml2Plugin._handle_segment_change--9223372036853804586', 'neutron.services.segments.db._add_segment_host_mapping_for_segment--9223363263570231721'] for segment, precommit_create _notify_loop /usr/lib/python2.7/site-packages/neutron_lib/callbacks/manager.py:167
2018-06-28 21:41:10.033 24443 INFO neutron.db.segments_db [req-bbdee9c4-d44d-43af-8a9a-d2fe299e7066 e0b6d60491824f8a80053b1228452429 132aeaeeb390472aa0c37794d7155e98 - e3b2c62900704981b9a296c6a65b2218 e3b2c62900704981b9a296c6a65b2218] Added segment 563a309f-0602-4690-a263-65dccbb5e6db of type vxlan for network 731e30e1-3077-45c8-a06f-5f8e7d519503
2018-06-28 21:41:10.179 24443 DEBUG neutron_lib.callbacks.manager [req-bbdee9c4-d44d-43af-8a9a-d2fe299e7066 e0b6d60491824f8a80053b1228452429 132aeaeeb390472aa0c37794d7155e98 - e3b2c62900704981b9a296c6a65b2218 e3b2c62900704981b9a296c6a65b2218] Notify callbacks ['neutron.services.auto_allocate.db._ensure_external_network_default_value_callback--9223363263570622362'] for network, precommit_create _notify_loop /usr/lib/python2.7/site-packages/neutron_lib/callbacks/manager.py:167
2018-06-28 21:41:10.265 24443 DEBUG neutron_lib.callbacks.manager [req-bbdee9c4-d44d-43af-8a9a-d2fe299e7066 e0b6d60491824f8a80053b1228452429 132aeaeeb390472aa0c37794d7155e98 - e3b2c62900704981b9a296c6a65b2218 e3b2c62900704981b9a296c6a65b2218] Notify callbacks ['neutron.plugins.ml2.ovo_rpc._ObjectChangeHandler.handle_event-16340832', 'neutron.api.rpc.agentnotifiers.dhcp_rpc_agent_api.DhcpAgentNotifyAPI._native_event_send_dhcp_notification--9223372036838280187'] for network, after_create _notify_loop /usr/lib/python2.7/site-packages/neutron_lib/callbacks/manager.py:167
2018-06-28 21:41:10.267 24443 DEBUG neutron.pecan_wsgi.hooks.policy_enforcement [req-bbdee9c4-d44d-43af-8a9a-d2fe299e7066 e0b6d60491824f8a80053b1228452429 132aeaeeb390472aa0c37794d7155e98 - e3b2c62900704981b9a296c6a65b2218 e3b2c62900704981b9a296c6a65b2218] Attributes excluded by policy engine: [u'vlan_transparent'] _exclude_attributes_by_policy /usr/lib/python2.7/site-packages/neutron/pecan_wsgi/hooks/policy_enforcement.py:256
2018-06-28 21:41:10.269 24443 DEBUG neutron_lib.callbacks.manager [req-bbdee9c4-d44d-43af-8a9a-d2fe299e7066 e0b6d60491824f8a80053b1228452429 132aeaeeb390472aa0c37794d7155e98 - e3b2c62900704981b9a296c6a65b2218 e3b2c62900704981b9a296c6a65b2218] Notify callbacks ['neutron.api.rpc.agentnotifiers.dhcp_rpc_agent_api.DhcpAgentNotifyAPI._send_dhcp_notification--9223372036838280174'] for network, before_response _notify_loop /usr/lib/python2.7/site-packages/neutron_lib/callbacks/manager.py:167
2018-06-28 21:41:10.273 24443 DEBUG oslo_concurrency.lockutils [-] Lock "event-dispatch" acquired by "neutron.plugins.ml2.ovo_rpc.dispatch_events" :: waited 0.000s inner /usr/lib/python2.7/site-packages/oslo_concurrency/lockutils.py:270
2018-06-28 21:41:10.471 24443 DEBUG neutron.quota.resource [req-bbdee9c4-d44d-43af-8a9a-d2fe299e7066 e0b6d60491824f8a80053b1228452429 132aeaeeb390472aa0c37794d7155e98 - e3b2c62900704981b9a296c6a65b2218 e3b2c62900704981b9a296c6a65b2218] Persisted dirty status for tenant:132aeaeeb390472aa0c37794d7155e98 on resource:network mark_dirty /usr/lib/python2.7/site-packages/neutron/quota/resource.py:207
2018-06-28 21:41:10.473 24443 DEBUG neutron.api.rpc.handlers.resources_rpc [req-bbdee9c4-d44d-43af-8a9a-d2fe299e7066 e0b6d60491824f8a80053b1228452429 132aeaeeb390472aa0c37794d7155e98 - - -] neutron.api.rpc.handlers.resources_rpc.ResourcesPushRpcApi method push called with arguments (<neutron_lib.context.Context object at 0x7fab0717bb10>, [Network(admin_state_up=True,availability_zone_hints=[],created_at=2018-06-28T19:41:09Z,description='',dns_domain=None,id=731e30e1-3077-45c8-a06f-5f8e7d519503,mtu=1450,name='tempest-private-1530214746',project_id='132aeaeeb390472aa0c37794d7155e98',qos_policy_id=None,revision_number=2,security=NetworkPortSecurity(731e30e1-3077-45c8-a06f-5f8e7d519503),segments=[NetworkSegment(563a309f-0602-4690-a263-65dccbb5e6db)],shared=False,status='ACTIVE',updated_at=2018-06-28T19:41:10Z,vlan_transparent=<?>)], 'updated') {} wrapper /usr/lib/python2.7/site-packages/oslo_log/helpers.py:66
2018-06-28 21:41:10.484 24443 INFO neutron.wsgi [req-bbdee9c4-d44d-43af-8a9a-d2fe299e7066 e0b6d60491824f8a80053b1228452429 132aeaeeb390472aa0c37794d7155e98 - e3b2c62900704981b9a296c6a65b2218 e3b2c62900704981b9a296c6a65b2218] 10.0.20.28 "POST /v2.0/networks HTTP/1.1" status: 201  len: 862 time: 1.1948769
2018-06-28 21:41:10.498 24443 DEBUG oslo_concurrency.lockutils [req-bbdee9c4-d44d-43af-8a9a-d2fe299e7066 e0b6d60491824f8a80053b1228452429 132aeaeeb390472aa0c37794d7155e98 - - -] Lock "event-dispatch" released by "neutron.plugins.ml2.ovo_rpc.dispatch_events" :: held 0.225s inner /usr/lib/python2.7/site-packages/oslo_concurrency/lockutils.py:282
2018-06-28 21:41:11.903 24450 DEBUG neutron_lib.callbacks.manager [req-ea6803fb-2a7e-41d5-aa48-99cd2a7f0223 - - - - -] Notify callbacks ['neutron.services.segments.db._update_segment_host_mapping_for_agent-8773284544080'] for agent, after_update _notify_loop /usr/lib/python2.7/site-packages/neutron_lib/callbacks/manager.py:167
2018-06-28 21:41:14.417 24453 DEBUG neutron.db.agents_db [req-935480ff-3e81-470b-af23-b1389427a450 - - - - -] Agent healthcheck: found 5 active agents agent_health_check /usr/lib/python2.7/site-packages/neutron/db/agents_db.py:281
2018-06-28 21:41:17.762 24443 DEBUG neutron.wsgi [-] (24443) accepted ('10.0.20.28', 47494) server /usr/lib/python2.7/site-packages/eventlet/wsgi.py:883
