RESP BODY: {"events": [{"status": "completed", "tag": "4941851c-29b0-4ec2-a847-94e1f5fdd56e", "name": "network-changed", "server_uuid": "598a6b3f-0fc0-4372-a469-9a14acdca7c9", "code": 200}]}
 _http_log_response /usr/lib/python2.7/site-packages/keystoneauth1/session.py:423
2018-09-29 01:11:28.299 30309 DEBUG novaclient.v2.client [-] POST call to compute for http://10.0.20.22:8774/v2.1/007b5c587a144e49a50c9008f27cd2bd/os-server-external-events used request id req-4fe69fc0-93bc-4841-a613-07d1bb344e51 request /usr/lib/python2.7/site-packages/keystoneauth1/session.py:727
2018-09-29 01:11:28.313 30309 INFO neutron.notifiers.nova [-] Nova event response: {u'status': u'completed', u'tag': u'4941851c-29b0-4ec2-a847-94e1f5fdd56e', u'name': u'network-changed', u'server_uuid': u'598a6b3f-0fc0-4372-a469-9a14acdca7c9', u'code': 200}
2018-09-29 01:11:28.399 30322 DEBUG neutron_lib.callbacks.manager [req-d11dd8e9-278b-44be-8e6d-7b03a9ffc149 - - - - -] Notify callbacks ['neutron.services.segments.db._update_segment_host_mapping_for_agent-8730485932202'] for agent, after_update _notify_loop /usr/lib/python2.7/site-packages/neutron_lib/callbacks/manager.py:167
2018-09-29 01:11:28.411 30309 DEBUG neutron.pecan_wsgi.hooks.policy_enforcement [req-50418a78-e6bc-4858-bb21-c5e8caf21ef1 d1138ec1c77349f9b95c6580aab47cb8 007b5c587a144e49a50c9008f27cd2bd - default default] Attributes excluded by policy engine: [u'vlan_transparent'] _exclude_attributes_by_policy /usr/lib/python2.7/site-packages/neutron/pecan_wsgi/hooks/policy_enforcement.py:256
2018-09-29 01:11:28.413 30309 INFO neutron.wsgi [req-50418a78-e6bc-4858-bb21-c5e8caf21ef1 d1138ec1c77349f9b95c6580aab47cb8 007b5c587a144e49a50c9008f27cd2bd - default default] 10.0.20.22 "GET /v2.0/networks?id=c06c50d6-0d19-4de8-a049-f9a76c5e5e51 HTTP/1.1" status: 200  len: 885 time: 0.2400682
2018-09-29 01:11:28.455 30309 INFO neutron.wsgi [req-3b73736c-0216-42c3-af8d-3611f6470c23 d1138ec1c77349f9b95c6580aab47cb8 007b5c587a144e49a50c9008f27cd2bd - default default] 10.0.20.22 "GET /v2.0/floatingips?fixed_ip_address=11.109.1.7&port_id=4941851c-29b0-4ec2-a847-94e1f5fdd56e HTTP/1.1" status: 200  len: 751 time: 0.0333700
2018-09-29 01:11:28.602 30309 DEBUG neutron.pecan_wsgi.hooks.policy_enforcement [req-f9d0cc3d-0d28-45f1-80b1-7c88ea271558 d1138ec1c77349f9b95c6580aab47cb8 007b5c587a144e49a50c9008f27cd2bd - default default] Attributes excluded by policy engine: [u'shared'] _exclude_attributes_by_policy /usr/lib/python2.7/site-packages/neutron/pecan_wsgi/hooks/policy_enforcement.py:256
2018-09-29 01:11:28.604 30309 INFO neutron.wsgi [req-f9d0cc3d-0d28-45f1-80b1-7c88ea271558 d1138ec1c77349f9b95c6580aab47cb8 007b5c587a144e49a50c9008f27cd2bd - default default] 10.0.20.22 "GET /v2.0/subnets?id=451d8b72-2864-4a9a-9571-5544cc4b68aa HTTP/1.1" status: 200  len: 847 time: 0.1356430
2018-09-29 01:11:28.666 30307 INFO neutron.wsgi [req-508a826d-6caf-4226-bed6-c40676263f90 d1138ec1c77349f9b95c6580aab47cb8 007b5c587a144e49a50c9008f27cd2bd - default default] 10.0.20.22 "GET /v2.0/ports?tenant_id=655b14bf603b4371b5553ba73964ec1c&device_id=598a6b3f-0fc0-4372-a469-9a14acdca7c9 HTTP/1.1" status: 200  len: 1124 time: 0.3758240
2018-09-29 01:11:28.737 30309 INFO neutron.wsgi [req-711a1a26-7fd6-47b5-97aa-8840e11f9211 d1138ec1c77349f9b95c6580aab47cb8 007b5c587a144e49a50c9008f27cd2bd - default default] 10.0.20.22 "GET /v2.0/ports?network_id=c06c50d6-0d19-4de8-a049-f9a76c5e5e51&device_owner=network%3Adhcp HTTP/1.1" status: 200  len: 1128 time: 0.1262040
2018-09-29 01:11:28.864 30307 DEBUG neutron.pecan_wsgi.hooks.policy_enforcement [req-cfa8c4a1-1f71-440d-94c7-2e1761028e96 d1138ec1c77349f9b95c6580aab47cb8 007b5c587a144e49a50c9008f27cd2bd - default default] Attributes excluded by policy engine: [u'vlan_transparent'] _exclude_attributes_by_policy /usr/lib/python2.7/site-packages/neutron/pecan_wsgi/hooks/policy_enforcement.py:256
2018-09-29 01:11:28.869 30307 INFO neutron.wsgi [req-cfa8c4a1-1f71-440d-94c7-2e1761028e96 d1138ec1c77349f9b95c6580aab47cb8 007b5c587a144e49a50c9008f27cd2bd - default default] 10.0.20.22 "GET /v2.0/networks?id=c06c50d6-0d19-4de8-a049-f9a76c5e5e51 HTTP/1.1" status: 200  len: 885 time: 0.1973789
2018-09-29 01:11:28.912 30307 INFO neutron.wsgi [req-e33cd0a6-8309-4974-9910-99f76935b308 d1138ec1c77349f9b95c6580aab47cb8 007b5c587a144e49a50c9008f27cd2bd - default default] 10.0.20.22 "GET /v2.0/floatingips?fixed_ip_address=11.109.1.7&port_id=4941851c-29b0-4ec2-a847-94e1f5fdd56e HTTP/1.1" status: 200  len: 751 time: 0.0369301
2018-09-29 01:11:29.040 30307 DEBUG neutron.pecan_wsgi.hooks.policy_enforcement [req-213ca628-4cac-46b7-a5b0-3bc10d92e50b d1138ec1c77349f9b95c6580aab47cb8 007b5c587a144e49a50c9008f27cd2bd - default default] Attributes excluded by policy engine: [u'shared'] _exclude_attributes_by_policy /usr/lib/python2.7/site-packages/neutron/pecan_wsgi/hooks/policy_enforcement.py:256
2018-09-29 01:11:29.043 30307 INFO neutron.wsgi [req-213ca628-4cac-46b7-a5b0-3bc10d92e50b d1138ec1c77349f9b95c6580aab47cb8 007b5c587a144e49a50c9008f27cd2bd - default default] 10.0.20.22 "GET /v2.0/subnets?id=451d8b72-2864-4a9a-9571-5544cc4b68aa HTTP/1.1" status: 200  len: 847 time: 0.1236620
2018-09-29 01:11:29.144 30307 INFO neutron.wsgi [req-345aad2e-bdcf-4b51-a8f6-fb98a4f45df7 d1138ec1c77349f9b95c6580aab47cb8 007b5c587a144e49a50c9008f27cd2bd - default default] 10.0.20.22 "GET /v2.0/ports?network_id=c06c50d6-0d19-4de8-a049-f9a76c5e5e51&device_owner=network%3Adhcp HTTP/1.1" status: 200  len: 1128 time: 0.0953190
2018-09-29 01:11:29.970 30306 DEBUG neutron.wsgi [-] (30306) accepted ('10.0.20.22', 41600) server /usr/lib/python2.7/site-packages/eventlet/wsgi.py:883
2018-09-29 01:11:30.105 30307 INFO neutron.wsgi [req-547bce0e-960c-44e1-ba36-f4e991bf2d24 d1138ec1c77349f9b95c6580aab47cb8 007b5c587a144e49a50c9008f27cd2bd - default default] 10.0.20.22 "GET /v2.0/ports?tenant_id=655b14bf603b4371b5553ba73964ec1c&device_id=598a6b3f-0fc0-4372-a469-9a14acdca7c9 HTTP/1.1" status: 200  len: 1124 time: 0.0938818
2018-09-29 01:11:30.276 30307 DEBUG neutron.pecan_wsgi.hooks.policy_enforcement [req-e1a79ad6-6edc-42fa-84f0-304918b44cc3 d1138ec1c77349f9b95c6580aab47cb8 007b5c587a144e49a50c9008f27cd2bd - default default] Attributes excluded by policy engine: [u'vlan_transparent'] _exclude_attributes_by_policy /usr/lib/python2.7/site-packages/neutron/pecan_wsgi/hooks/policy_enforcement.py:256
2018-09-29 01:11:30.278 30307 INFO neutron.wsgi [req-e1a79ad6-6edc-42fa-84f0-304918b44cc3 d1138ec1c77349f9b95c6580aab47cb8 007b5c587a144e49a50c9008f27cd2bd - default default] 10.0.20.22 "GET /v2.0/networks?id=c06c50d6-0d19-4de8-a049-f9a76c5e5e51 HTTP/1.1" status: 200  len: 885 time: 0.1677899
2018-09-29 01:11:30.315 30309 DEBUG oslo_concurrency.lockutils [-] Lock "notifier-2d4ec134-cca4-4420-badb-36de356ccb06" released by "neutron.notifiers.batch_notifier.synced_send" :: held 3.656s inner /usr/lib/python2.7/site-packages/oslo_concurrency/lockutils.py:282
2018-09-29 01:11:30.334 30307 INFO neutron.wsgi [req-9904e25d-f178-4e2b-8560-0579b2274b7f d1138ec1c77349f9b95c6580aab47cb8 007b5c587a144e49a50c9008f27cd2bd - default default] 10.0.20.22 "GET /v2.0/floatingips?fixed_ip_address=11.109.1.7&port_id=4941851c-29b0-4ec2-a847-94e1f5fdd56e HTTP/1.1" status: 200  len: 751 time: 0.0480151
2018-09-29 01:11:30.460 30306 INFO neutron.wsgi [req-01035978-7783-4856-925f-806b3d1ca88d d1138ec1c77349f9b95c6580aab47cb8 007b5c587a144e49a50c9008f27cd2bd - default default] 10.0.20.22 "GET /v2.0/ports?device_id=598a6b3f-0fc0-4372-a469-9a14acdca7c9 HTTP/1.1" status: 200  len: 1124 time: 0.4891791
2018-09-29 01:11:30.470 30307 DEBUG neutron.pecan_wsgi.hooks.policy_enforcement [req-7cf39b7a-9ddd-4c3d-9c5b-cfd0efdaa21c d1138ec1c77349f9b95c6580aab47cb8 007b5c587a144e49a50c9008f27cd2bd - default default] Attributes excluded by policy engine: [u'shared'] _exclude_attributes_by_policy /usr/lib/python2.7/site-packages/neutron/pecan_wsgi/hooks/policy_enforcement.py:256
2018-09-29 01:11:30.474 30307 INFO neutron.wsgi [req-7cf39b7a-9ddd-4c3d-9c5b-cfd0efdaa21c d1138ec1c77349f9b95c6580aab47cb8 007b5c587a144e49a50c9008f27cd2bd - default default] 10.0.20.22 "GET /v2.0/subnets?id=451d8b72-2864-4a9a-9571-5544cc4b68aa HTTP/1.1" status: 200  len: 847 time: 0.1335239
2018-09-29 01:11:30.568 30306 INFO neutron.wsgi [req-ae3679e1-1a0a-4a20-9529-e2245f86e329 d1138ec1c77349f9b95c6580aab47cb8 007b5c587a144e49a50c9008f27cd2bd - default default] 10.0.20.22 "GET /v2.0/security-groups?id=9a36d10b-83ef-4a19-9c0c-cb92ce2e246f HTTP/1.1" status: 200  len: 2118 time: 0.1010950
2018-09-29 01:11:30.577 30307 INFO neutron.wsgi [req-e83dba71-3455-4119-bb4c-7722506335ae d1138ec1c77349f9b95c6580aab47cb8 007b5c587a144e49a50c9008f27cd2bd - default default] 10.0.20.22 "GET /v2.0/ports?network_id=c06c50d6-0d19-4de8-a049-f9a76c5e5e51&device_owner=network%3Adhcp HTTP/1.1" status: 200  len: 1128 time: 0.0977340
2018-09-29 01:11:30.901 30319 DEBUG neutron_lib.callbacks.manager [req-d2ccf6ef-84ab-46ae-b2c0-20494de06bfb - - - - -] Notify callbacks ['neutron.services.segments.db._update_segment_host_mapping_for_agent-8730485932202'] for agent, after_update _notify_loop /usr/lib/python2.7/site-packages/neutron_lib/callbacks/manager.py:167
2018-09-29 01:11:33.081 30308 DEBUG neutron.wsgi [-] (30308) accepted ('10.0.20.22', 41632) server /usr/lib/python2.7/site-packages/eventlet/wsgi.py:883
2018-09-29 01:11:33.687 30308 INFO neutron.wsgi [req-ca876f39-96f5-4ec4-a0cc-2fa9cd61f8ed d1138ec1c77349f9b95c6580aab47cb8 007b5c587a144e49a50c9008f27cd2bd - default default] 10.0.20.22 "GET /v2.0/ports?device_id=598a6b3f-0fc0-4372-a469-9a14acdca7c9 HTTP/1.1" status: 200  len: 1124 time: 0.6038001
2018-09-29 01:11:33.797 30308 INFO neutron.wsgi [req-2f14e762-a8ce-4d9d-a63c-4f527d1a888e d1138ec1c77349f9b95c6580aab47cb8 007b5c587a144e49a50c9008f27cd2bd - default default] 10.0.20.22 "GET /v2.0/security-groups?id=9a36d10b-83ef-4a19-9c0c-cb92ce2e246f HTTP/1.1" status: 200  len: 2118 time: 0.1017849
2018-09-29 01:11:34.070 30318 DEBUG neutron_lib.callbacks.manager [req-4c24e943-184e-4a28-bd41-49d173a49a82 - - - - -] Notify callbacks ['neutron.services.segments.db._update_segment_host_mapping_for_agent-8730485932202'] for agent, after_update _notify_loop /usr/lib/python2.7/site-packages/neutron_lib/callbacks/manager.py:167
2018-09-29 01:11:36.640 30306 DEBUG neutron.wsgi [-] (30306) accepted ('10.0.20.22', 41664) server /usr/lib/python2.7/site-packages/eventlet/wsgi.py:883
2018-09-29 01:11:36.954 30306 INFO neutron.wsgi [req-b22b5f38-858f-45e5-8f6e-88e39e74fd71 d1138ec1c77349f9b95c6580aab47cb8 007b5c587a144e49a50c9008f27cd2bd - default default] 10.0.20.22 "GET /v2.0/ports?device_id=598a6b3f-0fc0-4372-a469-9a14acdca7c9 HTTP/1.1" status: 200  len: 1124 time: 0.3114851
2018-09-29 01:11:37.056 30306 INFO neutron.wsgi [req-88340c68-13e3-427a-b689-ac98a3f14565 d1138ec1c77349f9b95c6580aab47cb8 007b5c587a144e49a50c9008f27cd2bd - default default] 10.0.20.22 "GET /v2.0/security-groups?id=9a36d10b-83ef-4a19-9c0c-cb92ce2e246f HTTP/1.1" status: 200  len: 2118 time: 0.0954010
2018-09-29 01:11:39.676 30306 INFO neutron.wsgi [req-38edc219-be77-4ba5-93a5-7f7c54fa20ba c5aa5749aff3422ba5812a3e78e04cbf 655b14bf603b4371b5553ba73964ec1c - 0bc1104661f04824a9f3d3a949881759 0bc1104661f04824a9f3d3a949881759] 10.0.20.22 "GET /v2.0/ports?device_id=598a6b3f-0fc0-4372-a469-9a14acdca7c9 HTTP/1.1" status: 200  len: 1124 time: 0.4894829
2018-09-29 01:11:39.780 30306 INFO neutron.wsgi [req-ae8895a1-bfe3-4697-8cb6-b4b4becee4ff c5aa5749aff3422ba5812a3e78e04cbf 655b14bf603b4371b5553ba73964ec1c - 0bc1104661f04824a9f3d3a949881759 0bc1104661f04824a9f3d3a949881759] 10.0.20.22 "GET /v2.0/security-groups?id=9a36d10b-83ef-4a19-9c0c-cb92ce2e246f HTTP/1.1" status: 200  len: 2118 time: 0.0992992
2018-09-29 01:11:40.181 30306 DEBUG neutron.wsgi [-] (30306) accepted ('10.0.20.22', 41704) server /usr/lib/python2.7/site-packages/eventlet/wsgi.py:883
2018-09-29 01:11:40.910 30306 INFO neutron.wsgi [req-d1166017-da85-48e3-99ff-777cdcb0a881 d1138ec1c77349f9b95c6580aab47cb8 007b5c587a144e49a50c9008f27cd2bd - default default] 10.0.20.22 "GET /v2.0/ports?device_id=598a6b3f-0fc0-4372-a469-9a14acdca7c9 HTTP/1.1" status: 200  len: 1124 time: 0.7273531
2018-09-29 01:11:41.019 30306 INFO neutron.wsgi [req-7390db52-b3c7-4478-8491-f8c5de72df5f d1138ec1c77349f9b95c6580aab47cb8 007b5c587a144e49a50c9008f27cd2bd - default default] 10.0.20.22 "GET /v2.0/security-groups?id=9a36d10b-83ef-4a19-9c0c-cb92ce2e246f HTTP/1.1" status: 200  len: 2118 time: 0.1018229
2018-09-29 01:11:47.065 30325 DEBUG neutron.db.agents_db [req-b3cc819f-d485-4803-bb38-ae7dc4cc92c7 - - - - -] Agent healthcheck: found 5 active agents agent_health_check /usr/lib/python2.7/site-packages/neutron/db/agents_db.py:281
2018-09-29 01:11:53.532 30323 DEBUG neutron_lib.callbacks.manager [req-a0b05d8e-e1bd-4d60-b34e-a1459bc5d558 - - - - -] Notify callbacks ['neutron.services.segments.db._update_segment_host_mapping_for_agent-8730485932202'] for agent, after_update _notify_loop /usr/lib/python2.7/site-packages/neutron_lib/callbacks/manager.py:167
2018-09-29 01:11:58.135 30320 DEBUG neutron_lib.callbacks.manager [req-2ea89043-8a01-414e-ad42-37042025929b - - - - -] Notify callbacks ['neutron.services.segments.db._update_segment_host_mapping_for_agent-8730485932202'] for agent, after_update _notify_loop /usr/lib/python2.7/site-packages/neutron_lib/callbacks/manager.py:167
2018-09-29 01:11:58.409 30324 DEBUG neutron_lib.callbacks.manager [req-44ab8ef0-53c9-48a4-9c95-60b9f3bdb1cf - - - - -] Notify callbacks ['neutron.services.segments.db._update_segment_host_mapping_for_agent-8730485932202'] for agent, after_update _notify_loop /usr/lib/python2.7/site-packages/neutron_lib/callbacks/manager.py:167
2018-09-29 01:12:00.323 30306 DEBUG neutron.wsgi [-] (30306) accepted ('10.0.20.22', 41798) server /usr/lib/python2.7/site-packages/eventlet/wsgi.py:883
2018-09-29 01:12:00.927 30316 DEBUG neutron_lib.callbacks.manager [req-d2ccf6ef-84ab-46ae-b2c0-20494de06bfb - - - - -] Notify callbacks ['neutron.services.segments.db._update_segment_host_mapping_for_agent-8730485932202'] for agent, after_update _notify_loop /usr/lib/python2.7/site-packages/neutron_lib/callbacks/manager.py:167
2018-09-29 01:12:01.217 30306 INFO neutron.wsgi [req-2dfc616a-bcdb-47cf-b6c2-59e9bb687762 c5aa5749aff3422ba5812a3e78e04cbf 655b14bf603b4371b5553ba73964ec1c - 0bc1104661f04824a9f3d3a949881759 0bc1104661f04824a9f3d3a949881759] 10.0.20.22 "GET /v2.0/ports?device_id=598a6b3f-0fc0-4372-a469-9a14acdca7c9 HTTP/1.1" status: 200  len: 1124 time: 0.8921030
2018-09-29 01:12:01.306 30306 INFO neutron.wsgi [req-20f6f1ae-6656-4961-84c5-8949f7117c34 c5aa5749aff3422ba5812a3e78e04cbf 655b14bf603b4371b5553ba73964ec1c - 0bc1104661f04824a9f3d3a949881759 0bc1104661f04824a9f3d3a949881759] 10.0.20.22 "GET /v2.0/security-groups?id=9a36d10b-83ef-4a19-9c0c-cb92ce2e246f HTTP/1.1" status: 200  len: 2118 time: 0.0831470
2018-09-29 01:12:04.097 30315 DEBUG neutron_lib.callbacks.manager [req-39521b63-9ca9-45ae-accb-cff50e15aa10 - - - - -] Notify callbacks ['neutron.services.segments.db._update_segment_host_mapping_for_agent-8730485932202'] for agent, after_update _notify_loop /usr/lib/python2.7/site-packages/neutron_lib/callbacks/manager.py:167
2018-09-29 01:12:13.718 30306 INFO neutron.wsgi [req-1f285e01-e03a-45e9-8c28-ec4f611f2f0e c5aa5749aff3422ba5812a3e78e04cbf 655b14bf603b4371b5553ba73964ec1c - 0bc1104661f04824a9f3d3a949881759 0bc1104661f04824a9f3d3a949881759] 10.0.20.22 "GET /v2.0/ports?device_id=598a6b3f-0fc0-4372-a469-9a14acdca7c9 HTTP/1.1" status: 200  len: 1124 time: 0.4245291
2018-09-29 01:12:13.846 30306 INFO neutron.wsgi [req-8071aa87-3da5-4430-81d0-e55d77ef078b c5aa5749aff3422ba5812a3e78e04cbf 655b14bf603b4371b5553ba73964ec1c - 0bc1104661f04824a9f3d3a949881759 0bc1104661f04824a9f3d3a949881759] 10.0.20.22 "GET /v2.0/security-groups?id=9a36d10b-83ef-4a19-9c0c-cb92ce2e246f HTTP/1.1" status: 200  len: 2118 time: 0.1217589
2018-09-29 01:12:21.161 30307 INFO neutron.wsgi [req-8ab48e48-9946-4254-b22e-ec554812c28d d1138ec1c77349f9b95c6580aab47cb8 007b5c587a144e49a50c9008f27cd2bd - default default] 10.0.20.22 "GET /v2.0/ports?tenant_id=655b14bf603b4371b5553ba73964ec1c&device_id=598a6b3f-0fc0-4372-a469-9a14acdca7c9 HTTP/1.1" status: 200  len: 1124 time: 0.1191020
2018-09-29 01:12:21.396 30307 DEBUG neutron.pecan_wsgi.hooks.policy_enforcement [req-07caabd4-5b5e-4812-a0d0-33fdfc17d3a4 d1138ec1c77349f9b95c6580aab47cb8 007b5c587a144e49a50c9008f27cd2bd - default default] Attributes excluded by policy engine: [u'vlan_transparent'] _exclude_attributes_by_policy /usr/lib/python2.7/site-packages/neutron/pecan_wsgi/hooks/policy_enforcement.py:256
2018-09-29 01:12:21.398 30307 INFO neutron.wsgi [req-07caabd4-5b5e-4812-a0d0-33fdfc17d3a4 d1138ec1c77349f9b95c6580aab47cb8 007b5c587a144e49a50c9008f27cd2bd - default default] 10.0.20.22 "GET /v2.0/networks?id=c06c50d6-0d19-4de8-a049-f9a76c5e5e51 HTTP/1.1" status: 200  len: 885 time: 0.2322891
2018-09-29 01:12:21.444 30307 INFO neutron.wsgi [req-d3e0a603-5c46-4bca-941a-e5cee917e1c9 d1138ec1c77349f9b95c6580aab47cb8 007b5c587a144e49a50c9008f27cd2bd - default default] 10.0.20.22 "GET /v2.0/floatingips?fixed_ip_address=11.109.1.7&port_id=4941851c-29b0-4ec2-a847-94e1f5fdd56e HTTP/1.1" status: 200  len: 751 time: 0.0371439
2018-09-29 01:12:21.569 30307 DEBUG neutron.pecan_wsgi.hooks.policy_enforcement [req-309202b7-6cb9-4be6-b0dc-16caa36babd5 d1138ec1c77349f9b95c6580aab47cb8 007b5c587a144e49a50c9008f27cd2bd - default default] Attributes excluded by policy engine: [u'shared'] _exclude_attributes_by_policy /usr/lib/python2.7/site-packages/neutron/pecan_wsgi/hooks/policy_enforcement.py:256
2018-09-29 01:12:21.571 30307 INFO neutron.wsgi [req-309202b7-6cb9-4be6-b0dc-16caa36babd5 d1138ec1c77349f9b95c6580aab47cb8 007b5c587a144e49a50c9008f27cd2bd - default default] 10.0.20.22 "GET /v2.0/subnets?id=451d8b72-2864-4a9a-9571-5544cc4b68aa HTTP/1.1" status: 200  len: 847 time: 0.1210680
2018-09-29 01:12:21.674 30307 INFO neutron.wsgi [req-c22e5db2-b729-41f2-8cd0-cae9833fa69d d1138ec1c77349f9b95c6580aab47cb8 007b5c587a144e49a50c9008f27cd2bd - default default] 10.0.20.22 "GET /v2.0/ports?network_id=c06c50d6-0d19-4de8-a049-f9a76c5e5e51&device_owner=network%3Adhcp HTTP/1.1" status: 200  len: 1128 time: 0.0968461
2018-09-29 01:12:23.259 30317 DEBUG neutron_lib.callbacks.manager [req-a0b05d8e-e1bd-4d60-b34e-a1459bc5d558 - - - - -] Notify callbacks ['neutron.services.segments.db._update_segment_host_mapping_for_agent-8730485932202'] for agent, after_update _notify_loop /usr/lib/python2.7/site-packages/neutron_lib/callbacks/manager.py:167
2018-09-29 01:12:24.073 30325 DEBUG neutron.db.agents_db [req-b3cc819f-d485-4803-bb38-ae7dc4cc92c7 - - - - -] Agent healthcheck: found 5 active agents agent_health_check /usr/lib/python2.7/site-packages/neutron/db/agents_db.py:281
2018-09-29 01:12:27.480 30306 INFO neutron.wsgi [req-68741110-63ce-4191-aed0-0bbef940e86f c5aa5749aff3422ba5812a3e78e04cbf 655b14bf603b4371b5553ba73964ec1c - 0bc1104661f04824a9f3d3a949881759 0bc1104661f04824a9f3d3a949881759] 10.0.20.22 "GET /v2.0/ports?device_id=598a6b3f-0fc0-4372-a469-9a14acdca7c9 HTTP/1.1" status: 200  len: 1124 time: 0.5363700
2018-09-29 01:12:27.568 30306 INFO neutron.wsgi [req-64a4c3fd-f2d2-492d-a56a-87625c54fe2a c5aa5749aff3422ba5812a3e78e04cbf 655b14bf603b4371b5553ba73964ec1c - 0bc1104661f04824a9f3d3a949881759 0bc1104661f04824a9f3d3a949881759] 10.0.20.22 "GET /v2.0/security-groups?id=9a36d10b-83ef-4a19-9c0c-cb92ce2e246f HTTP/1.1" status: 200  len: 2118 time: 0.0811889
2018-09-29 01:12:28.108 30322 DEBUG neutron_lib.callbacks.manager [req-2ea89043-8a01-414e-ad42-37042025929b - - - - -] Notify callbacks ['neutron.services.segments.db._update_segment_host_mapping_for_agent-8730485932202'] for agent, after_update _notify_loop /usr/lib/python2.7/site-packages/neutron_lib/callbacks/manager.py:167
2018-09-29 01:12:28.374 30319 DEBUG neutron_lib.callbacks.manager [req-ea8177ad-269b-4f36-9548-62ce60ad346a - - - - -] Notify callbacks ['neutron.services.segments.db._update_segment_host_mapping_for_agent-8730485932202'] for agent, after_update _notify_loop /usr/lib/python2.7/site-packages/neutron_lib/callbacks/manager.py:167
2018-09-29 01:12:30.917 30318 DEBUG neutron_lib.callbacks.manager [req-d2ccf6ef-84ab-46ae-b2c0-20494de06bfb - - - - -] Notify callbacks ['neutron.services.segments.db._update_segment_host_mapping_for_agent-8730485932202'] for agent, after_update _notify_loop /usr/lib/python2.7/site-packages/neutron_lib/callbacks/manager.py:167
2018-09-29 01:12:34.103 30323 DEBUG neutron_lib.callbacks.manager [req-6573e02d-5316-45d9-9d6a-138b304392f3 - - - - -] Notify callbacks ['neutron.services.segments.db._update_segment_host_mapping_for_agent-8730485932202'] for agent, after_update _notify_loop /usr/lib/python2.7/site-packages/neutron_lib/callbacks/manager.py:167
2018-09-29 01:12:37.585 30306 INFO neutron.wsgi [req-a33fd58e-5f41-4aeb-8994-13ca79a15620 c5aa5749aff3422ba5812a3e78e04cbf 655b14bf603b4371b5553ba73964ec1c - 0bc1104661f04824a9f3d3a949881759 0bc1104661f04824a9f3d3a949881759] 10.0.20.22 "GET /v2.0/ports?device_id=598a6b3f-0fc0-4372-a469-9a14acdca7c9 HTTP/1.1" status: 200  len: 1124 time: 0.5342069
2018-09-29 01:12:37.872 30306 INFO neutron.wsgi [req-7ca103f6-6a95-44f0-8185-1ec112e76644 c5aa5749aff3422ba5812a3e78e04cbf 655b14bf603b4371b5553ba73964ec1c - 0bc1104661f04824a9f3d3a949881759 0bc1104661f04824a9f3d3a949881759] 10.0.20.22 "GET /v2.0/security-groups?id=9a36d10b-83ef-4a19-9c0c-cb92ce2e246f HTTP/1.1" status: 200  len: 2118 time: 0.2807209
2018-09-29 01:12:48.186 30306 INFO neutron.wsgi [req-9b353da4-7e68-4e03-9000-3fd9284445a1 c5aa5749aff3422ba5812a3e78e04cbf 655b14bf603b4371b5553ba73964ec1c - 0bc1104661f04824a9f3d3a949881759 0bc1104661f04824a9f3d3a949881759] 10.0.20.22 "GET /v2.0/ports?device_id=598a6b3f-0fc0-4372-a469-9a14acdca7c9 HTTP/1.1" status: 200  len: 1124 time: 0.4470251
2018-09-29 01:12:48.280 30306 INFO neutron.wsgi [req-888065b9-a760-4b90-898d-b38781eac641 c5aa5749aff3422ba5812a3e78e04cbf 655b14bf603b4371b5553ba73964ec1c - 0bc1104661f04824a9f3d3a949881759 0bc1104661f04824a9f3d3a949881759] 10.0.20.22 "GET /v2.0/security-groups?id=9a36d10b-83ef-4a19-9c0c-cb92ce2e246f HTTP/1.1" status: 200  len: 2118 time: 0.0900729
2018-09-29 01:12:53.252 30320 DEBUG neutron_lib.callbacks.manager [req-a0b05d8e-e1bd-4d60-b34e-a1459bc5d558 - - - - -] Notify callbacks ['neutron.services.segments.db._update_segment_host_mapping_for_agent-8730485932202'] for agent, after_update _notify_loop /usr/lib/python2.7/site-packages/neutron_lib/callbacks/manager.py:167
2018-09-29 01:12:57.642 30306 INFO neutron.wsgi [req-5a99091e-71ba-47d5-85c2-df99c2346484 c5aa5749aff3422ba5812a3e78e04cbf 655b14bf603b4371b5553ba73964ec1c - 0bc1104661f04824a9f3d3a949881759 0bc1104661f04824a9f3d3a949881759] 10.0.20.22 "GET /v2.0/ports?device_id=598a6b3f-0fc0-4372-a469-9a14acdca7c9 HTTP/1.1" status: 200  len: 1124 time: 0.5664110
2018-09-29 01:12:57.784 30306 INFO neutron.wsgi [req-f8c75062-14e1-4845-bcc4-3b62dfd88cf8 c5aa5749aff3422ba5812a3e78e04cbf 655b14bf603b4371b5553ba73964ec1c - 0bc1104661f04824a9f3d3a949881759 0bc1104661f04824a9f3d3a949881759] 10.0.20.22 "GET /v2.0/security-groups?id=9a36d10b-83ef-4a19-9c0c-cb92ce2e246f HTTP/1.1" status: 200  len: 2118 time: 0.1333601
2018-09-29 01:12:58.113 30324 DEBUG neutron_lib.callbacks.manager [req-2ea89043-8a01-414e-ad42-37042025929b - - - - -] Notify callbacks ['neutron.services.segments.db._update_segment_host_mapping_for_agent-8730485932202'] for agent, after_update _notify_loop /usr/lib/python2.7/site-packages/neutron_lib/callbacks/manager.py:167
2018-09-29 01:12:58.454 30316 DEBUG neutron_lib.callbacks.manager [req-ed8c6f0d-7024-4ecc-9ad4-b831927b0a82 - - - - -] Notify callbacks ['neutron.services.segments.db._update_segment_host_mapping_for_agent-8730485932202'] for agent, after_update _notify_loop /usr/lib/python2.7/site-packages/neutron_lib/callbacks/manager.py:167
2018-09-29 01:13:00.927 30315 DEBUG neutron_lib.callbacks.manager [req-d2ccf6ef-84ab-46ae-b2c0-20494de06bfb - - - - -] Notify callbacks ['neutron.services.segments.db._update_segment_host_mapping_for_agent-8730485932202'] for agent, after_update _notify_loop /usr/lib/python2.7/site-packages/neutron_lib/callbacks/manager.py:167
2018-09-29 01:13:01.078 30325 DEBUG neutron.db.agents_db [req-b3cc819f-d485-4803-bb38-ae7dc4cc92c7 - - - - -] Agent healthcheck: found 5 active agents agent_health_check /usr/lib/python2.7/site-packages/neutron/db/agents_db.py:281
2018-09-29 01:13:04.098 30317 DEBUG neutron_lib.callbacks.manager [req-c2730c4f-3f60-450b-9159-b05649f31401 - - - - -] Notify callbacks ['neutron.services.segments.db._update_segment_host_mapping_for_agent-8730485932202'] for agent, after_update _notify_loop /usr/lib/python2.7/site-packages/neutron_lib/callbacks/manager.py:167
2018-09-29 01:13:11.705 30306 INFO neutron.wsgi [req-24d55b0a-164e-40ff-961c-7325acaa2931 c5aa5749aff3422ba5812a3e78e04cbf 655b14bf603b4371b5553ba73964ec1c - 0bc1104661f04824a9f3d3a949881759 0bc1104661f04824a9f3d3a949881759] 10.0.20.22 "GET /v2.0/ports?device_id=598a6b3f-0fc0-4372-a469-9a14acdca7c9 HTTP/1.1" status: 200  len: 1124 time: 0.4601440
2018-09-29 01:13:11.802 30306 INFO neutron.wsgi [req-ea61125e-29e1-49f1-8d13-d1fe0f01b8ef c5aa5749aff3422ba5812a3e78e04cbf 655b14bf603b4371b5553ba73964ec1c - 0bc1104661f04824a9f3d3a949881759 0bc1104661f04824a9f3d3a949881759] 10.0.20.22 "GET /v2.0/security-groups?id=9a36d10b-83ef-4a19-9c0c-cb92ce2e246f HTTP/1.1" status: 200  len: 2118 time: 0.0927060
2018-09-29 01:13:21.391 30307 INFO neutron.wsgi [req-25b4132e-6489-4385-8f17-bf04f0b7b340 d1138ec1c77349f9b95c6580aab47cb8 007b5c587a144e49a50c9008f27cd2bd - default default] 10.0.20.22 "GET /v2.0/ports?tenant_id=655b14bf603b4371b5553ba73964ec1c&device_id=598a6b3f-0fc0-4372-a469-9a14acdca7c9 HTTP/1.1" status: 200  len: 1124 time: 0.1112521
2018-09-29 01:13:21.496 30306 INFO neutron.wsgi [req-7bef3142-5584-43c8-b03e-f59b33c882a4 c5aa5749aff3422ba5812a3e78e04cbf 655b14bf603b4371b5553ba73964ec1c - 0bc1104661f04824a9f3d3a949881759 0bc1104661f04824a9f3d3a949881759] 10.0.20.22 "GET /v2.0/ports?device_id=598a6b3f-0fc0-4372-a469-9a14acdca7c9 HTTP/1.1" status: 200  len: 1124 time: 0.5154130
2018-09-29 01:13:21.623 30307 DEBUG neutron.pecan_wsgi.hooks.policy_enforcement [req-fab11915-c0ad-4d21-b9c7-6ff04a8060f9 d1138ec1c77349f9b95c6580aab47cb8 007b5c587a144e49a50c9008f27cd2bd - default default] Attributes excluded by policy engine: [u'vlan_transparent'] _exclude_attributes_by_policy /usr/lib/python2.7/site-packages/neutron/pecan_wsgi/hooks/policy_enforcement.py:256
2018-09-29 01:13:21.626 30307 INFO neutron.wsgi [req-fab11915-c0ad-4d21-b9c7-6ff04a8060f9 d1138ec1c77349f9b95c6580aab47cb8 007b5c587a144e49a50c9008f27cd2bd - default default] 10.0.20.22 "GET /v2.0/networks?id=c06c50d6-0d19-4de8-a049-f9a76c5e5e51 HTTP/1.1" status: 200  len: 885 time: 0.2280340
2018-09-29 01:13:21.627 30306 INFO neutron.wsgi [req-812967db-3edd-4fe6-b52f-8b2e7b56a825 c5aa5749aff3422ba5812a3e78e04cbf 655b14bf603b4371b5553ba73964ec1c - 0bc1104661f04824a9f3d3a949881759 0bc1104661f04824a9f3d3a949881759] 10.0.20.22 "GET /v2.0/security-groups?id=9a36d10b-83ef-4a19-9c0c-cb92ce2e246f HTTP/1.1" status: 200  len: 2118 time: 0.1251421
2018-09-29 01:13:21.678 30307 INFO neutron.wsgi [req-0f8005c3-b6cb-4d1e-affe-cf04460f95ec d1138ec1c77349f9b95c6580aab47cb8 007b5c587a144e49a50c9008f27cd2bd - default default] 10.0.20.22 "GET /v2.0/floatingips?fixed_ip_address=11.109.1.7&port_id=4941851c-29b0-4ec2-a847-94e1f5fdd56e HTTP/1.1" status: 200  len: 751 time: 0.0455730
2018-09-29 01:13:21.833 30307 DEBUG neutron.pecan_wsgi.hooks.policy_enforcement [req-a2c6c581-078e-4472-aabf-afac6d298311 d1138ec1c77349f9b95c6580aab47cb8 007b5c587a144e49a50c9008f27cd2bd - default default] Attributes excluded by policy engine: [u'shared'] _exclude_attributes_by_policy /usr/lib/python2.7/site-packages/neutron/pecan_wsgi/hooks/policy_enforcement.py:256
2018-09-29 01:13:21.836 30307 INFO neutron.wsgi [req-a2c6c581-078e-4472-aabf-afac6d298311 d1138ec1c77349f9b95c6580aab47cb8 007b5c587a144e49a50c9008f27cd2bd - default default] 10.0.20.22 "GET /v2.0/subnets?id=451d8b72-2864-4a9a-9571-5544cc4b68aa HTTP/1.1" status: 200  len: 847 time: 0.1511812
2018-09-29 01:13:21.970 30307 INFO neutron.wsgi [req-95457e80-bbaf-44de-839b-9286c2d5a578 d1138ec1c77349f9b95c6580aab47cb8 007b5c587a144e49a50c9008f27cd2bd - default default] 10.0.20.22 "GET /v2.0/ports?network_id=c06c50d6-0d19-4de8-a049-f9a76c5e5e51&device_owner=network%3Adhcp HTTP/1.1" status: 200  len: 1128 time: 0.1289270
2018-09-29 01:13:22.297 30307 INFO neutron.wsgi [req-5bee9e98-5b7c-4952-923d-ea51105af003 d1138ec1c77349f9b95c6580aab47cb8 007b5c587a144e49a50c9008f27cd2bd - default default] 10.0.20.22 "GET /v2.0/ports?tenant_id=655b14bf603b4371b5553ba73964ec1c&device_id=598a6b3f-0fc0-4372-a469-9a14acdca7c9 HTTP/1.1" status: 200  len: 1124 time: 0.1111991
2018-09-29 01:13:22.500 30307 DEBUG neutron.pecan_wsgi.hooks.policy_enforcement [req-a70c3f3b-a1c0-47f4-9bb2-4c415ce70c10 d1138ec1c77349f9b95c6580aab47cb8 007b5c587a144e49a50c9008f27cd2bd - default default] Attributes excluded by policy engine: [u'vlan_transparent'] _exclude_attributes_by_policy /usr/lib/python2.7/site-packages/neutron/pecan_wsgi/hooks/policy_enforcement.py:256
2018-09-29 01:13:22.502 30307 INFO neutron.wsgi [req-a70c3f3b-a1c0-47f4-9bb2-4c415ce70c10 d1138ec1c77349f9b95c6580aab47cb8 007b5c587a144e49a50c9008f27cd2bd - default default] 10.0.20.22 "GET /v2.0/networks?id=c06c50d6-0d19-4de8-a049-f9a76c5e5e51 HTTP/1.1" status: 200  len: 885 time: 0.1981261
2018-09-29 01:13:22.545 30307 INFO neutron.wsgi [req-eaa6e929-9a83-4fb0-bb8d-56d03961c2d0 d1138ec1c77349f9b95c6580aab47cb8 007b5c587a144e49a50c9008f27cd2bd - default default] 10.0.20.22 "GET /v2.0/floatingips?fixed_ip_address=11.109.1.7&port_id=4941851c-29b0-4ec2-a847-94e1f5fdd56e HTTP/1.1" status: 200  len: 751 time: 0.0375042
2018-09-29 01:13:22.658 30307 DEBUG neutron.pecan_wsgi.hooks.policy_enforcement [req-ad00ae01-40ea-4566-8e59-13e8422dbf57 d1138ec1c77349f9b95c6580aab47cb8 007b5c587a144e49a50c9008f27cd2bd - default default] Attributes excluded by policy engine: [u'shared'] _exclude_attributes_by_policy /usr/lib/python2.7/site-packages/neutron/pecan_wsgi/hooks/policy_enforcement.py:256
2018-09-29 01:13:22.660 30307 INFO neutron.wsgi [req-ad00ae01-40ea-4566-8e59-13e8422dbf57 d1138ec1c77349f9b95c6580aab47cb8 007b5c587a144e49a50c9008f27cd2bd - default default] 10.0.20.22 "GET /v2.0/subnets?id=451d8b72-2864-4a9a-9571-5544cc4b68aa HTTP/1.1" status: 200  len: 847 time: 0.0992322
2018-09-29 01:13:22.770 30307 INFO neutron.wsgi [req-1353d846-6376-4607-a8b4-18e51e8d5a78 d1138ec1c77349f9b95c6580aab47cb8 007b5c587a144e49a50c9008f27cd2bd - default default] 10.0.20.22 "GET /v2.0/ports?network_id=c06c50d6-0d19-4de8-a049-f9a76c5e5e51&device_owner=network%3Adhcp HTTP/1.1" status: 200  len: 1128 time: 0.1034172
2018-09-29 01:13:23.252 30322 DEBUG neutron_lib.callbacks.manager [req-a0b05d8e-e1bd-4d60-b34e-a1459bc5d558 - - - - -] Notify callbacks ['neutron.services.segments.db._update_segment_host_mapping_for_agent-8730485932202'] for agent, after_update _notify_loop /usr/lib/python2.7/site-packages/neutron_lib/callbacks/manager.py:167
2018-09-29 01:13:24.329 30305 DEBUG neutron.wsgi [-] (30305) accepted ('10.0.20.22', 44142) server /usr/lib/python2.7/site-packages/eventlet/wsgi.py:883
2018-09-29 01:13:24.901 30319 DEBUG neutron.plugins.ml2.rpc [req-a0b05d8e-e1bd-4d60-b34e-a1459bc5d558 - - - - -] Device 4941851c-29b0-4ec2-a847-94e1f5fdd56e no longer exists at agent ovs-agent-localhost.localdomain update_device_down /usr/lib/python2.7/site-packages/neutron/plugins/ml2/rpc.py:213
2018-09-29 01:13:25.045 30319 DEBUG neutron_lib.callbacks.manager [req-a0b05d8e-e1bd-4d60-b34e-a1459bc5d558 - - - - -] Notify callbacks ['neutron.plugins.ml2.plugin.Ml2Plugin._ensure_default_security_group_handler-344127'] for port, before_update _notify_loop /usr/lib/python2.7/site-packages/neutron_lib/callbacks/manager.py:167
2018-09-29 01:13:25.126 30319 DEBUG oslo_concurrency.lockutils [-] Lock "notifier-2d4ec134-cca4-4420-badb-36de356ccb06" acquired by "neutron.notifiers.batch_notifier.synced_send" :: waited 0.002s inner /usr/lib/python2.7/site-packages/oslo_concurrency/lockutils.py:270
2018-09-29 01:13:25.127 30319 DEBUG neutron.notifiers.nova [-] Sending events: [{'status': 'completed', 'tag': u'4941851c-29b0-4ec2-a847-94e1f5fdd56e', 'name': 'network-vif-unplugged', 'server_uuid': u'598a6b3f-0fc0-4372-a469-9a14acdca7c9'}] send_events /usr/lib/python2.7/site-packages/neutron/notifiers/nova.py:242
2018-09-29 01:13:25.133 30319 DEBUG neutron.plugins.ml2.db [req-a0b05d8e-e1bd-4d60-b34e-a1459bc5d558 - - - - -] For port 4941851c-29b0-4ec2-a847-94e1f5fdd56e, host localhost.localdomain, got binding levels [<neutron.plugins.ml2.models.PortBindingLevel[object at 7f0b9736e150] {port_id=u'4941851c-29b0-4ec2-a847-94e1f5fdd56e', host=u'localhost.localdomain', level=0, driver=u'openvswitch', segment_id=u'3f563dd2-57ee-409f-815c-85cd542e8023'}>] get_binding_levels /usr/lib/python2.7/site-packages/neutron/plugins/ml2/db.py:106
2018-09-29 01:13:25.150 30319 DEBUG neutron_lib.callbacks.manager [req-a0b05d8e-e1bd-4d60-b34e-a1459bc5d558 - - - - -] Notify callbacks ['neutron.plugins.ml2.plugin.Ml2Plugin.notify_sg_on_port_change-345240', 'neutron.db.l3_hascheduler_db._notify_l3_agent_ha_port_update-8730485571122', 'neutron.plugins.ml2.ovo_rpc._ObjectChangeHandler.handle_event--9223372036838305374', 'neutron.db.l3_dvrscheduler_db._notify_l3_agent_port_update--9223363306369205282', 'neutron.api.rpc.agentnotifiers.dhcp_rpc_agent_api.DhcpAgentNotifyAPI._native_event_send_dhcp_notification-16105130'] for port, after_update _notify_loop /usr/lib/python2.7/site-packages/neutron_lib/callbacks/manager.py:167
2018-09-29 01:13:25.168 30319 DEBUG oslo_concurrency.lockutils [-] Lock "event-dispatch" acquired by "neutron.plugins.ml2.ovo_rpc.dispatch_events" :: waited 0.000s inner /usr/lib/python2.7/site-packages/oslo_concurrency/lockutils.py:270
2018-09-29 01:13:25.289 30319 DEBUG neutron.api.rpc.handlers.resources_rpc [req-a0b05d8e-e1bd-4d60-b34e-a1459bc5d558 - - - - -] neutron.api.rpc.handlers.resources_rpc.ResourcesPushRpcApi method push called with arguments (<neutron_lib.context.Context object at 0x7f0b97077e90>, [Port(admin_state_up=True,allowed_address_pairs=[],binding=PortBinding,binding_levels=[PortBindingLevel],created_at=2018-09-29T05:10:43Z,data_plane_status=<?>,description='',device_id='598a6b3f-0fc0-4372-a469-9a14acdca7c9',device_owner='compute:nova',dhcp_options=[],distributed_binding=None,dns=None,fixed_ips=[IPAllocation],id=4941851c-29b0-4ec2-a847-94e1f5fdd56e,mac_address=fa:16:3e:66:56:7a,name='',network_id=c06c50d6-0d19-4de8-a049-f9a76c5e5e51,project_id='655b14bf603b4371b5553ba73964ec1c',qos_policy_id=None,revision_number=7,security=PortSecurity(4941851c-29b0-4ec2-a847-94e1f5fdd56e),security_group_ids=set([9a36d10b-83ef-4a19-9c0c-cb92ce2e246f]),status='DOWN',updated_at=2018-09-29T05:13:25Z)], 'updated') {} wrapper /usr/lib/python2.7/site-packages/oslo_log/helpers.py:66
2018-09-29 01:13:25.299 30319 DEBUG neutron.api.rpc.callbacks.version_manager [req-a0b05d8e-e1bd-4d60-b34e-a1459bc5d558 - - - - -] Version for resource type Subnet changed None to 1.0 on consumer Open vSwitch agent@localhost.localdomain _set_version /usr/lib/python2.7/site-packages/neutron/api/rpc/callbacks/version_manager.py:119
2018-09-29 01:13:25.300 30319 DEBUG neutron.api.rpc.callbacks.version_manager [req-a0b05d8e-e1bd-4d60-b34e-a1459bc5d558 - - - - -] Version for resource type Network changed None to 1.0 on consumer Open vSwitch agent@localhost.localdomain _set_version /usr/lib/python2.7/site-packages/neutron/api/rpc/callbacks/version_manager.py:119
2018-09-29 01:13:25.300 30319 DEBUG neutron.api.rpc.callbacks.version_manager [req-a0b05d8e-e1bd-4d60-b34e-a1459bc5d558 - - - - -] Version for resource type SubPort changed None to 1.0 on consumer Open vSwitch agent@localhost.localdomain _set_version /usr/lib/python2.7/site-packages/neutron/api/rpc/callbacks/version_manager.py:119
2018-09-29 01:13:25.300 30319 DEBUG neutron.api.rpc.callbacks.version_manager [req-a0b05d8e-e1bd-4d60-b34e-a1459bc5d558 - - - - -] Version for resource type SecurityGroup changed None to 1.0 on consumer Open vSwitch agent@localhost.localdomain _set_version /usr/lib/python2.7/site-packages/neutron/api/rpc/callbacks/version_manager.py:119
2018-09-29 01:13:25.301 30319 DEBUG neutron.api.rpc.callbacks.version_manager [req-a0b05d8e-e1bd-4d60-b34e-a1459bc5d558 - - - - -] Version for resource type SecurityGroupRule changed None to 1.0 on consumer Open vSwitch agent@localhost.localdomain _set_version /usr/lib/python2.7/site-packages/neutron/api/rpc/callbacks/version_manager.py:119
2018-09-29 01:13:25.306 30319 DEBUG neutron.api.rpc.callbacks.version_manager [req-a0b05d8e-e1bd-4d60-b34e-a1459bc5d558 - - - - -] Version for resource type Trunk changed None to 1.1 on consumer Open vSwitch agent@localhost.localdomain _set_version /usr/lib/python2.7/site-packages/neutron/api/rpc/callbacks/version_manager.py:119
2018-09-29 01:13:25.307 30319 DEBUG neutron.api.rpc.callbacks.version_manager [req-a0b05d8e-e1bd-4d60-b34e-a1459bc5d558 - - - - -] Version for resource type QosPolicy changed None to 1.6 on consumer Open vSwitch agent@localhost.localdomain _set_version /usr/lib/python2.7/site-packages/neutron/api/rpc/callbacks/version_manager.py:119
2018-09-29 01:13:25.307 30319 DEBUG neutron.api.rpc.callbacks.version_manager [req-a0b05d8e-e1bd-4d60-b34e-a1459bc5d558 - - - - -] Version for resource type Port changed None to 1.1 on consumer Open vSwitch agent@localhost.localdomain _set_version /usr/lib/python2.7/site-packages/neutron/api/rpc/callbacks/version_manager.py:119
2018-09-29 01:13:25.308 30319 DEBUG neutron.api.rpc.callbacks.version_manager [req-a0b05d8e-e1bd-4d60-b34e-a1459bc5d558 - - - - -] Version for resource type Log changed None to 1.0 on consumer Open vSwitch agent@localhost.localdomain _set_version /usr/lib/python2.7/site-packages/neutron/api/rpc/callbacks/version_manager.py:119
2018-09-29 01:13:25.320 30319 DEBUG oslo_concurrency.lockutils [req-a0b05d8e-e1bd-4d60-b34e-a1459bc5d558 - - - - -] Lock "event-dispatch" released by "neutron.plugins.ml2.ovo_rpc.dispatch_events" :: held 0.152s inner /usr/lib/python2.7/site-packages/oslo_concurrency/lockutils.py:282
2018-09-29 01:13:25.410 30305 INFO neutron.wsgi [req-24932c70-75e9-4c0d-af3a-93dce673f612 f875a10b07be43c197ef478066dc3a8e 007b5c587a144e49a50c9008f27cd2bd - default default] 10.0.20.22 "GET /v2.0/ports?device_id=598a6b3f-0fc0-4372-a469-9a14acdca7c9 HTTP/1.1" status: 200  len: 1122 time: 1.0775630
2018-09-29 01:13:25.524 30305 INFO neutron.wsgi [req-10ee0f2e-5252-4464-8c95-cf17933284f1 f875a10b07be43c197ef478066dc3a8e 007b5c587a144e49a50c9008f27cd2bd - default default] 10.0.20.22 "GET /v2.0/security-groups?id=9a36d10b-83ef-4a19-9c0c-cb92ce2e246f HTTP/1.1" status: 200  len: 2118 time: 0.1098120
2018-09-29 01:13:26.005 30319 DEBUG novaclient.v2.client [-] REQ: curl -g -i -X POST http://10.0.20.22:8774/v2.1/007b5c587a144e49a50c9008f27cd2bd/os-server-external-events -H "User-Agent: python-novaclient" -H "Content-Type: application/json" -H "Accept: application/json" -H "X-OpenStack-Nova-API-Version: 2.1" -H "X-Auth-Token: {SHA1}f7583ae9e7b2cab59c7e0126563cc638893cff7d" -d '{"events": [{"status": "completed", "tag": "4941851c-29b0-4ec2-a847-94e1f5fdd56e", "name": "network-vif-unplugged", "server_uuid": "598a6b3f-0fc0-4372-a469-9a14acdca7c9"}]}' _http_log_request /usr/lib/python2.7/site-packages/keystoneauth1/session.py:375
2018-09-29 01:13:26.624 30319 DEBUG novaclient.v2.client [-] RESP: [200] Content-Length: 185 Content-Type: application/json Openstack-Api-Version: compute 2.1 X-Openstack-Nova-Api-Version: 2.1 Vary: OpenStack-API-Version, X-OpenStack-Nova-API-Version X-Openstack-Request-Id: req-31a495e8-9df5-42f2-b3a8-81f0d7c8f5d5 X-Compute-Request-Id: req-31a495e8-9df5-42f2-b3a8-81f0d7c8f5d5 Date: Sat, 29 Sep 2018 05:13:26 GMT Connection: keep-alive 
RESP BODY: {"events": [{"status": "completed", "tag": "4941851c-29b0-4ec2-a847-94e1f5fdd56e", "name": "network-vif-unplugged", "server_uuid": "598a6b3f-0fc0-4372-a469-9a14acdca7c9", "code": 200}]}
 _http_log_response /usr/lib/python2.7/site-packages/keystoneauth1/session.py:423
2018-09-29 01:13:26.625 30319 DEBUG novaclient.v2.client [-] POST call to compute for http://10.0.20.22:8774/v2.1/007b5c587a144e49a50c9008f27cd2bd/os-server-external-events used request id req-31a495e8-9df5-42f2-b3a8-81f0d7c8f5d5 request /usr/lib/python2.7/site-packages/keystoneauth1/session.py:727
2018-09-29 01:13:26.634 30319 INFO neutron.notifiers.nova [-] Nova event response: {u'status': u'completed', u'tag': u'4941851c-29b0-4ec2-a847-94e1f5fdd56e', u'name': u'network-vif-unplugged', u'server_uuid': u'598a6b3f-0fc0-4372-a469-9a14acdca7c9', u'code': 200}
2018-09-29 01:13:28.120 30319 DEBUG neutron_lib.callbacks.manager [req-2ea89043-8a01-414e-ad42-37042025929b - - - - -] Notify callbacks ['neutron.services.segments.db._update_segment_host_mapping_for_agent-8730485932202'] for agent, after_update _notify_loop /usr/lib/python2.7/site-packages/neutron_lib/callbacks/manager.py:167
2018-09-29 01:13:28.389 30318 DEBUG neutron_lib.callbacks.manager [req-b3370ae0-fe24-46d4-80bb-222bd5a6f5bf - - - - -] Notify callbacks ['neutron.services.segments.db._update_segment_host_mapping_for_agent-8730485932202'] for agent, after_update _notify_loop /usr/lib/python2.7/site-packages/neutron_lib/callbacks/manager.py:167
2018-09-29 01:13:28.590 30306 DEBUG neutron.wsgi [-] (30306) accepted ('10.0.20.22', 44188) server /usr/lib/python2.7/site-packages/eventlet/wsgi.py:883
2018-09-29 01:13:28.635 30319 DEBUG oslo_concurrency.lockutils [-] Lock "notifier-2d4ec134-cca4-4420-badb-36de356ccb06" released by "neutron.notifiers.batch_notifier.synced_send" :: held 3.509s inner /usr/lib/python2.7/site-packages/oslo_concurrency/lockutils.py:282
2018-09-29 01:13:29.236 30306 INFO neutron.wsgi [req-dbd8631f-e116-44cf-960f-092590108333 c5aa5749aff3422ba5812a3e78e04cbf 655b14bf603b4371b5553ba73964ec1c - 0bc1104661f04824a9f3d3a949881759 0bc1104661f04824a9f3d3a949881759] 10.0.20.22 "GET /v2.0/ports?device_id=598a6b3f-0fc0-4372-a469-9a14acdca7c9 HTTP/1.1" status: 200  len: 1122 time: 0.6448631
2018-09-29 01:13:29.343 30306 INFO neutron.wsgi [req-83dd6fd9-b81c-4350-9f5b-a092905817e7 c5aa5749aff3422ba5812a3e78e04cbf 655b14bf603b4371b5553ba73964ec1c - 0bc1104661f04824a9f3d3a949881759 0bc1104661f04824a9f3d3a949881759] 10.0.20.22 "GET /v2.0/security-groups?id=9a36d10b-83ef-4a19-9c0c-cb92ce2e246f HTTP/1.1" status: 200  len: 2118 time: 0.0896561
2018-09-29 01:13:30.913 30323 DEBUG neutron_lib.callbacks.manager [req-d2ccf6ef-84ab-46ae-b2c0-20494de06bfb - - - - -] Notify callbacks ['neutron.services.segments.db._update_segment_host_mapping_for_agent-8730485932202'] for agent, after_update _notify_loop /usr/lib/python2.7/site-packages/neutron_lib/callbacks/manager.py:167
2018-09-29 01:13:32.938 30323 DEBUG neutron.plugins.ml2.rpc [req-a0b05d8e-e1bd-4d60-b34e-a1459bc5d558 - - - - -] Device 4941851c-29b0-4ec2-a847-94e1f5fdd56e up at agent ovs-agent-localhost.localdomain update_device_up /usr/lib/python2.7/site-packages/neutron/plugins/ml2/rpc.py:244
2018-09-29 01:13:33.072 30323 DEBUG neutron.db.provisioning_blocks [req-a0b05d8e-e1bd-4d60-b34e-a1459bc5d558 - - - - -] Provisioning complete for port 4941851c-29b0-4ec2-a847-94e1f5fdd56e triggered by entity L2. provisioning_complete /usr/lib/python2.7/site-packages/neutron/db/provisioning_blocks.py:138
2018-09-29 01:13:33.072 30323 DEBUG neutron_lib.callbacks.manager [req-a0b05d8e-e1bd-4d60-b34e-a1459bc5d558 - - - - -] Notify callbacks ['neutron.plugins.ml2.plugin.Ml2Plugin._port_provisioned--9223372036853845280'] for port, provisioning_complete _notify_loop /usr/lib/python2.7/site-packages/neutron_lib/callbacks/manager.py:167
2018-09-29 01:13:33.262 30323 DEBUG neutron_lib.callbacks.manager [req-a0b05d8e-e1bd-4d60-b34e-a1459bc5d558 - - - - -] Notify callbacks ['neutron.plugins.ml2.plugin.Ml2Plugin._ensure_default_security_group_handler-344127'] for port, before_update _notify_loop /usr/lib/python2.7/site-packages/neutron_lib/callbacks/manager.py:167
2018-09-29 01:13:33.364 30323 DEBUG oslo_concurrency.lockutils [-] Lock "notifier-2d4ec134-cca4-4420-badb-36de356ccb06" acquired by "neutron.notifiers.batch_notifier.synced_send" :: waited 0.000s inner /usr/lib/python2.7/site-packages/oslo_concurrency/lockutils.py:270
2018-09-29 01:13:33.364 30323 DEBUG neutron.notifiers.nova [-] Sending events: [{'status': 'completed', 'tag': u'4941851c-29b0-4ec2-a847-94e1f5fdd56e', 'name': 'network-vif-plugged', 'server_uuid': u'598a6b3f-0fc0-4372-a469-9a14acdca7c9'}] send_events /usr/lib/python2.7/site-packages/neutron/notifiers/nova.py:242
2018-09-29 01:13:33.384 30323 DEBUG neutron.plugins.ml2.db [req-a0b05d8e-e1bd-4d60-b34e-a1459bc5d558 - - - - -] For port 4941851c-29b0-4ec2-a847-94e1f5fdd56e, host localhost.localdomain, got binding levels [<neutron.plugins.ml2.models.PortBindingLevel[object at 7f0b97468490] {port_id=u'4941851c-29b0-4ec2-a847-94e1f5fdd56e', host=u'localhost.localdomain', level=0, driver=u'openvswitch', segment_id=u'3f563dd2-57ee-409f-815c-85cd542e8023'}>] get_binding_levels /usr/lib/python2.7/site-packages/neutron/plugins/ml2/db.py:106
2018-09-29 01:13:33.407 30323 DEBUG neutron_lib.callbacks.manager [req-a0b05d8e-e1bd-4d60-b34e-a1459bc5d558 - - - - -] Notify callbacks ['neutron.plugins.ml2.plugin.Ml2Plugin.notify_sg_on_port_change-345240', 'neutron.db.l3_hascheduler_db._notify_l3_agent_ha_port_update-8730485571122', 'neutron.plugins.ml2.ovo_rpc._ObjectChangeHandler.handle_event--9223372036838305374', 'neutron.db.l3_dvrscheduler_db._notify_l3_agent_port_update--9223363306369205282', 'neutron.api.rpc.agentnotifiers.dhcp_rpc_agent_api.DhcpAgentNotifyAPI._native_event_send_dhcp_notification-16105130'] for port, after_update _notify_loop /usr/lib/python2.7/site-packages/neutron_lib/callbacks/manager.py:167
2018-09-29 01:13:33.791 30323 DEBUG oslo_concurrency.lockutils [-] Lock "event-dispatch" acquired by "neutron.plugins.ml2.ovo_rpc.dispatch_events" :: waited 0.000s inner /usr/lib/python2.7/site-packages/oslo_concurrency/lockutils.py:270
2018-09-29 01:13:33.938 30323 DEBUG neutron.api.rpc.handlers.resources_rpc [req-a0b05d8e-e1bd-4d60-b34e-a1459bc5d558 - - - - -] neutron.api.rpc.handlers.resources_rpc.ResourcesPushRpcApi method push called with arguments (<neutron_lib.context.Context object at 0x7f0b975af2d0>, [Port(admin_state_up=True,allowed_address_pairs=[],binding=PortBinding,binding_levels=[PortBindingLevel],created_at=2018-09-29T05:10:43Z,data_plane_status=<?>,description='',device_id='598a6b3f-0fc0-4372-a469-9a14acdca7c9',device_owner='compute:nova',dhcp_options=[],distributed_binding=None,dns=None,fixed_ips=[IPAllocation],id=4941851c-29b0-4ec2-a847-94e1f5fdd56e,mac_address=fa:16:3e:66:56:7a,name='',network_id=c06c50d6-0d19-4de8-a049-f9a76c5e5e51,project_id='655b14bf603b4371b5553ba73964ec1c',qos_policy_id=None,revision_number=8,security=PortSecurity(4941851c-29b0-4ec2-a847-94e1f5fdd56e),security_group_ids=set([9a36d10b-83ef-4a19-9c0c-cb92ce2e246f]),status='ACTIVE',updated_at=2018-09-29T05:13:33Z)], 'updated') {} wrapper /usr/lib/python2.7/site-packages/oslo_log/helpers.py:66
2018-09-29 01:13:33.965 30323 DEBUG neutron.api.rpc.callbacks.version_manager [req-a0b05d8e-e1bd-4d60-b34e-a1459bc5d558 - - - - -] Version for resource type Subnet changed None to 1.0 on consumer Open vSwitch agent@localhost.localdomain _set_version /usr/lib/python2.7/site-packages/neutron/api/rpc/callbacks/version_manager.py:119
2018-09-29 01:13:33.965 30323 DEBUG neutron.api.rpc.callbacks.version_manager [req-a0b05d8e-e1bd-4d60-b34e-a1459bc5d558 - - - - -] Version for resource type Network changed None to 1.0 on consumer Open vSwitch agent@localhost.localdomain _set_version /usr/lib/python2.7/site-packages/neutron/api/rpc/callbacks/version_manager.py:119
2018-09-29 01:13:33.966 30323 DEBUG neutron.api.rpc.callbacks.version_manager [req-a0b05d8e-e1bd-4d60-b34e-a1459bc5d558 - - - - -] Version for resource type SubPort changed None to 1.0 on consumer Open vSwitch agent@localhost.localdomain _set_version /usr/lib/python2.7/site-packages/neutron/api/rpc/callbacks/version_manager.py:119
2018-09-29 01:13:33.967 30323 DEBUG neutron.api.rpc.callbacks.version_manager [req-a0b05d8e-e1bd-4d60-b34e-a1459bc5d558 - - - - -] Version for resource type SecurityGroup changed None to 1.0 on consumer Open vSwitch agent@localhost.localdomain _set_version /usr/lib/python2.7/site-packages/neutron/api/rpc/callbacks/version_manager.py:119
2018-09-29 01:13:33.968 30323 DEBUG neutron.api.rpc.callbacks.version_manager [req-a0b05d8e-e1bd-4d60-b34e-a1459bc5d558 - - - - -] Version for resource type SecurityGroupRule changed None to 1.0 on consumer Open vSwitch agent@localhost.localdomain _set_version /usr/lib/python2.7/site-packages/neutron/api/rpc/callbacks/version_manager.py:119
2018-09-29 01:13:33.969 30323 DEBUG neutron.api.rpc.callbacks.version_manager [req-a0b05d8e-e1bd-4d60-b34e-a1459bc5d558 - - - - -] Version for resource type Trunk changed None to 1.1 on consumer Open vSwitch agent@localhost.localdomain _set_version /usr/lib/python2.7/site-packages/neutron/api/rpc/callbacks/version_manager.py:119
2018-09-29 01:13:33.969 30323 DEBUG neutron.api.rpc.callbacks.version_manager [req-a0b05d8e-e1bd-4d60-b34e-a1459bc5d558 - - - - -] Version for resource type QosPolicy changed None to 1.6 on consumer Open vSwitch agent@localhost.localdomain _set_version /usr/lib/python2.7/site-packages/neutron/api/rpc/callbacks/version_manager.py:119
