2018-07-02 18:06:45.698 1787 DEBUG neutron_lib.callbacks.manager [req-c3e051d3-86e3-4563-b3c6-e58cd4aa27f8 - - - - -] Notify callbacks ['neutron.services.segments.db._update_segment_host_mapping_for_agent-8774391299634'] for agent, after_update _notify_loop /usr/lib/python2.7/site-packages/neutron_lib/callbacks/manager.py:167
2018-07-02 18:06:47.087 1789 DEBUG neutron_lib.callbacks.manager [req-da8be7c8-dac3-4f9e-a686-f3590ffe1889 - - - - -] Notify callbacks ['neutron.services.segments.db._update_segment_host_mapping_for_agent-8774391299634'] for agent, after_update _notify_loop /usr/lib/python2.7/site-packages/neutron_lib/callbacks/manager.py:167
2018-07-02 18:06:47.134 1794 DEBUG neutron.plugins.ml2.rpc [req-8cb01f04-820d-42f8-a333-5c2e8427db23 - - - - -] Device cea86677-6553-4c83-b4b7-8405465dd3f2 no longer exists at agent ovs-agent-localhost.localdomain update_device_down /usr/lib/python2.7/site-packages/neutron/plugins/ml2/rpc.py:213
2018-07-02 18:06:47.210 1794 DEBUG neutron.plugins.ml2.plugin [req-8cb01f04-820d-42f8-a333-5c2e8427db23 - - - - -] No Port match for: cea86677-6553-4c83-b4b7-8405465dd3f2 port_bound_to_host /usr/lib/python2.7/site-packages/neutron/plugins/ml2/plugin.py:1806
2018-07-02 18:06:47.210 1794 DEBUG neutron.plugins.ml2.rpc [req-8cb01f04-820d-42f8-a333-5c2e8427db23 - - - - -] Device cea86677-6553-4c83-b4b7-8405465dd3f2 not bound to the agent host localhost.localdomain update_device_down /usr/lib/python2.7/site-packages/neutron/plugins/ml2/rpc.py:221
2018-07-02 18:06:52.683 1779 DEBUG neutron.wsgi [-] (1779) accepted ('10.0.20.27', 39008) server /usr/lib/python2.7/site-packages/eventlet/wsgi.py:883
2018-07-02 18:06:52.688 1779 INFO neutron.wsgi [-] 10.0.20.27 "GET / HTTP/1.1" status: 200  len: 252 time: 0.0024440
2018-07-02 18:06:53.416 1779 INFO neutron.api.v2.resource [req-5df73211-1a69-4b47-9672-a5a458611c40 48ab82a30a8f41a1a784b8bc09bc487a 5528f1fe5f894ddba5fb2776fb82674e - default default] show failed (client error): The resource could not be found.
2018-07-02 18:06:53.418 1779 INFO neutron.wsgi [req-5df73211-1a69-4b47-9672-a5a458611c40 48ab82a30a8f41a1a784b8bc09bc487a 5528f1fe5f894ddba5fb2776fb82674e - default default] 10.0.20.27 "GET /v2.0/routers/tempest-router-1530547042 HTTP/1.1" status: 404  len: 334 time: 0.7230420
2018-07-02 18:06:53.628 1779 INFO neutron.wsgi [req-fabfe00d-3eee-44ac-aaf4-a7663836bd66 48ab82a30a8f41a1a784b8bc09bc487a 5528f1fe5f894ddba5fb2776fb82674e - default default] 10.0.20.27 "GET /v2.0/routers HTTP/1.1" status: 200  len: 1411 time: 0.2013562
2018-07-02 18:06:53.763 1779 INFO neutron.wsgi [req-8a74b276-04f3-4143-be3a-e16e03c4231c 48ab82a30a8f41a1a784b8bc09bc487a 5528f1fe5f894ddba5fb2776fb82674e - default default] 10.0.20.27 "GET /v2.0/ports?device_id=f8b26d14-8fbb-4cac-b044-dc8cde771db6 HTTP/1.1" status: 200  len: 1099 time: 0.1272299
2018-07-02 18:06:54.845 1784 INFO neutron.wsgi [req-2dfaa260-9edf-41f0-8025-fc014b943611 479e046780fe410b9faee29c0cb53b35 3218dc7862004758b6a8f5b0cc5d6ad5 - default default] 10.0.20.27 "GET /v2.0/ports?tenant_id=0a86124ed9d64d18b0d4a437462bc1f1&device_id=1cbff9b1-098e-474a-960b-18146d3c5f42 HTTP/1.1" status: 200  len: 210 time: 0.0863371
2018-07-02 18:06:54.924 1790 DEBUG neutron_lib.callbacks.manager [req-d043c099-ffca-431f-8ab1-8271a8e657db - - - - -] Notify callbacks ['neutron.services.segments.db._update_segment_host_mapping_for_agent-8774391299634'] for agent, after_update _notify_loop /usr/lib/python2.7/site-packages/neutron_lib/callbacks/manager.py:167
2018-07-02 18:06:54.926 1784 INFO neutron.wsgi [req-d995f21e-cccc-4b38-a756-8c02942899d4 479e046780fe410b9faee29c0cb53b35 3218dc7862004758b6a8f5b0cc5d6ad5 - default default] 10.0.20.27 "GET /v2.0/networks?tenant_id=0a86124ed9d64d18b0d4a437462bc1f1&shared=False HTTP/1.1" status: 200  len: 213 time: 0.0687931
2018-07-02 18:06:55.007 1784 INFO neutron.wsgi [req-d8fa90c8-3f23-4fc2-8aad-0769b581c484 479e046780fe410b9faee29c0cb53b35 3218dc7862004758b6a8f5b0cc5d6ad5 - default default] 10.0.20.27 "GET /v2.0/networks?shared=True HTTP/1.1" status: 200  len: 213 time: 0.0685098
2018-07-02 18:07:02.092 1778 DEBUG neutron.wsgi [-] (1778) accepted ('10.0.20.27', 39030) server /usr/lib/python2.7/site-packages/eventlet/wsgi.py:883
2018-07-02 18:07:02.098 1778 INFO neutron.wsgi [-] 10.0.20.27 "GET / HTTP/1.1" status: 200  len: 252 time: 0.0024400
2018-07-02 18:07:02.412 1793 DEBUG neutron_lib.callbacks.manager [req-8cb01f04-820d-42f8-a333-5c2e8427db23 - - - - -] Notify callbacks ['neutron.services.segments.db._update_segment_host_mapping_for_agent-8774391299634'] for agent, after_update _notify_loop /usr/lib/python2.7/site-packages/neutron_lib/callbacks/manager.py:167
2018-07-02 18:07:02.915 1778 INFO neutron.wsgi [req-e234b769-0127-4907-80f2-db45d47ae831 48ab82a30a8f41a1a784b8bc09bc487a 5528f1fe5f894ddba5fb2776fb82674e - default default] 10.0.20.27 "GET /v2.0/ports/5f274a45-0d36-4fb5-98dd-cf291ed41151 HTTP/1.1" status: 200  len: 1096 time: 0.8058951
2018-07-02 18:07:03.139 1778 INFO neutron.api.v2.resource [req-55b86c58-b28e-4293-88f6-fc895cc4b85f 48ab82a30a8f41a1a784b8bc09bc487a 5528f1fe5f894ddba5fb2776fb82674e - default default] show failed (client error): The resource could not be found.
2018-07-02 18:07:03.142 1778 INFO neutron.wsgi [req-55b86c58-b28e-4293-88f6-fc895cc4b85f 48ab82a30a8f41a1a784b8bc09bc487a 5528f1fe5f894ddba5fb2776fb82674e - default default] 10.0.20.27 "GET /v2.0/routers/tempest-router-1530547042 HTTP/1.1" status: 404  len: 334 time: 0.2176819
2018-07-02 18:07:03.868 1778 INFO neutron.wsgi [req-668069ad-3c79-4507-909a-854d88de5cb8 48ab82a30a8f41a1a784b8bc09bc487a 5528f1fe5f894ddba5fb2776fb82674e - default default] 10.0.20.27 "GET /v2.0/routers HTTP/1.1" status: 200  len: 1411 time: 0.7165940
2018-07-02 18:07:04.743 1778 DEBUG neutron_lib.callbacks.manager [req-ee7c2e69-d511-410a-a288-8ed5e46207fd 48ab82a30a8f41a1a784b8bc09bc487a 5528f1fe5f894ddba5fb2776fb82674e - default default] Notify callbacks [] for router_interface, before_delete _notify_loop /usr/lib/python2.7/site-packages/neutron_lib/callbacks/manager.py:167
2018-07-02 18:07:04.920 1778 DEBUG neutron.plugins.ml2.plugin [req-ee7c2e69-d511-410a-a288-8ed5e46207fd 48ab82a30a8f41a1a784b8bc09bc487a 5528f1fe5f894ddba5fb2776fb82674e - default default] Deleting port 5f274a45-0d36-4fb5-98dd-cf291ed41151 _pre_delete_port /usr/lib/python2.7/site-packages/neutron/plugins/ml2/plugin.py:1488
2018-07-02 18:07:04.921 1778 DEBUG neutron_lib.callbacks.manager [req-ee7c2e69-d511-410a-a288-8ed5e46207fd 48ab82a30a8f41a1a784b8bc09bc487a 5528f1fe5f894ddba5fb2776fb82674e - default default] Notify callbacks ['neutron.db.l3_db._prevent_l3_port_delete_callback-8774391500518'] for port, before_delete _notify_loop /usr/lib/python2.7/site-packages/neutron_lib/callbacks/manager.py:167
2018-07-02 18:07:05.273 1778 DEBUG neutron.plugins.ml2.db [req-ee7c2e69-d511-410a-a288-8ed5e46207fd 48ab82a30a8f41a1a784b8bc09bc487a 5528f1fe5f894ddba5fb2776fb82674e - default default] For port 5f274a45-0d36-4fb5-98dd-cf291ed41151, host localhost.localdomain, got binding levels [<neutron.plugins.ml2.models.PortBindingLevel[object at 7faf26aee350] {port_id=u'5f274a45-0d36-4fb5-98dd-cf291ed41151', host=u'localhost.localdomain', level=0, driver=u'openvswitch', segment_id=u'a781592a-ce91-4471-a406-2b9a1b68f527'}>] get_binding_levels /usr/lib/python2.7/site-packages/neutron/plugins/ml2/db.py:106
2018-07-02 18:07:05.319 1778 DEBUG neutron.plugins.ml2.plugin [req-ee7c2e69-d511-410a-a288-8ed5e46207fd 48ab82a30a8f41a1a784b8bc09bc487a 5528f1fe5f894ddba5fb2776fb82674e - default default] Calling delete_port for 5f274a45-0d36-4fb5-98dd-cf291ed41151 owned by network:router_interface delete_port /usr/lib/python2.7/site-packages/neutron/plugins/ml2/plugin.py:1547
2018-07-02 18:07:05.794 1778 DEBUG neutron_lib.callbacks.manager [req-ee7c2e69-d511-410a-a288-8ed5e46207fd 48ab82a30a8f41a1a784b8bc09bc487a 5528f1fe5f894ddba5fb2776fb82674e - default default] Notify callbacks ['neutron.plugins.ml2.ovo_rpc._ObjectChangeHandler.handle_event-643418', 'neutron.api.rpc.agentnotifiers.dhcp_rpc_agent_api.DhcpAgentNotifyAPI._native_event_send_dhcp_notification-770031', 'neutron.db.l3_db._notify_routers_callback--9223363262463297600', 'neutron.plugins.ml2.plugin.Ml2Plugin.notify_sg_on_port_change-16432861', 'neutron.db.l3_dvrscheduler_db._notify_port_delete--9223363262463838001'] for port, after_delete _notify_loop /usr/lib/python2.7/site-packages/neutron_lib/callbacks/manager.py:167
2018-07-02 18:07:05.831 1778 DEBUG oslo_concurrency.lockutils [-] Lock "event-dispatch" acquired by "neutron.plugins.ml2.ovo_rpc.dispatch_events" :: waited 0.000s inner /usr/lib/python2.7/site-packages/oslo_concurrency/lockutils.py:270
2018-07-02 18:07:05.947 1778 DEBUG neutron.api.rpc.handlers.resources_rpc [req-ee7c2e69-d511-410a-a288-8ed5e46207fd 48ab82a30a8f41a1a784b8bc09bc487a 5528f1fe5f894ddba5fb2776fb82674e - - -] neutron.api.rpc.handlers.resources_rpc.ResourcesPushRpcApi method push called with arguments (<neutron_lib.context.Context object at 0x7faf269b2ed0>, [Port(admin_state_up=<?>,allowed_address_pairs=<?>,binding=<?>,binding_levels=<?>,created_at=<?>,data_plane_status=<?>,description=<?>,device_id=<?>,device_owner=<?>,dhcp_options=<?>,distributed_binding=<?>,dns=<?>,fixed_ips=<?>,id=5f274a45-0d36-4fb5-98dd-cf291ed41151,mac_address=<?>,name=<?>,network_id=<?>,project_id=<?>,qos_policy_id=None,revision_number=<?>,security=<?>,security_group_ids=None,status=<?>,updated_at=<?>)], 'deleted') {} wrapper /usr/lib/python2.7/site-packages/oslo_log/helpers.py:66
2018-07-02 18:07:06.050 1778 DEBUG neutron.api.rpc.callbacks.version_manager [req-ee7c2e69-d511-410a-a288-8ed5e46207fd 48ab82a30a8f41a1a784b8bc09bc487a 5528f1fe5f894ddba5fb2776fb82674e - - -] Version for resource type Subnet changed None to 1.0 on consumer Open vSwitch agent@localhost.localdomain _set_version /usr/lib/python2.7/site-packages/neutron/api/rpc/callbacks/version_manager.py:119
2018-07-02 18:07:06.051 1778 DEBUG neutron.api.rpc.callbacks.version_manager [req-ee7c2e69-d511-410a-a288-8ed5e46207fd 48ab82a30a8f41a1a784b8bc09bc487a 5528f1fe5f894ddba5fb2776fb82674e - - -] Version for resource type Network changed None to 1.0 on consumer Open vSwitch agent@localhost.localdomain _set_version /usr/lib/python2.7/site-packages/neutron/api/rpc/callbacks/version_manager.py:119
2018-07-02 18:07:06.052 1778 DEBUG neutron.api.rpc.callbacks.version_manager [req-ee7c2e69-d511-410a-a288-8ed5e46207fd 48ab82a30a8f41a1a784b8bc09bc487a 5528f1fe5f894ddba5fb2776fb82674e - - -] Version for resource type SubPort changed None to 1.0 on consumer Open vSwitch agent@localhost.localdomain _set_version /usr/lib/python2.7/site-packages/neutron/api/rpc/callbacks/version_manager.py:119
2018-07-02 18:07:06.053 1778 DEBUG neutron.api.rpc.callbacks.version_manager [req-ee7c2e69-d511-410a-a288-8ed5e46207fd 48ab82a30a8f41a1a784b8bc09bc487a 5528f1fe5f894ddba5fb2776fb82674e - - -] Version for resource type SecurityGroup changed None to 1.0 on consumer Open vSwitch agent@localhost.localdomain _set_version /usr/lib/python2.7/site-packages/neutron/api/rpc/callbacks/version_manager.py:119
2018-07-02 18:07:06.054 1778 DEBUG neutron.api.rpc.callbacks.version_manager [req-ee7c2e69-d511-410a-a288-8ed5e46207fd 48ab82a30a8f41a1a784b8bc09bc487a 5528f1fe5f894ddba5fb2776fb82674e - - -] Version for resource type SecurityGroupRule changed None to 1.0 on consumer Open vSwitch agent@localhost.localdomain _set_version /usr/lib/python2.7/site-packages/neutron/api/rpc/callbacks/version_manager.py:119
2018-07-02 18:07:06.055 1778 DEBUG neutron.api.rpc.callbacks.version_manager [req-ee7c2e69-d511-410a-a288-8ed5e46207fd 48ab82a30a8f41a1a784b8bc09bc487a 5528f1fe5f894ddba5fb2776fb82674e - - -] Version for resource type Trunk changed None to 1.1 on consumer Open vSwitch agent@localhost.localdomain _set_version /usr/lib/python2.7/site-packages/neutron/api/rpc/callbacks/version_manager.py:119
2018-07-02 18:07:06.055 1778 DEBUG neutron.api.rpc.callbacks.version_manager [req-ee7c2e69-d511-410a-a288-8ed5e46207fd 48ab82a30a8f41a1a784b8bc09bc487a 5528f1fe5f894ddba5fb2776fb82674e - - -] Version for resource type QosPolicy changed None to 1.6 on consumer Open vSwitch agent@localhost.localdomain _set_version /usr/lib/python2.7/site-packages/neutron/api/rpc/callbacks/version_manager.py:119
2018-07-02 18:07:06.056 1778 DEBUG neutron.api.rpc.callbacks.version_manager [req-ee7c2e69-d511-410a-a288-8ed5e46207fd 48ab82a30a8f41a1a784b8bc09bc487a 5528f1fe5f894ddba5fb2776fb82674e - - -] Version for resource type Port changed None to 1.1 on consumer Open vSwitch agent@localhost.localdomain _set_version /usr/lib/python2.7/site-packages/neutron/api/rpc/callbacks/version_manager.py:119
2018-07-02 18:07:06.057 1778 DEBUG neutron.api.rpc.callbacks.version_manager [req-ee7c2e69-d511-410a-a288-8ed5e46207fd 48ab82a30a8f41a1a784b8bc09bc487a 5528f1fe5f894ddba5fb2776fb82674e - - -] Version for resource type Log changed None to 1.0 on consumer Open vSwitch agent@localhost.localdomain _set_version /usr/lib/python2.7/site-packages/neutron/api/rpc/callbacks/version_manager.py:119
2018-07-02 18:07:06.095 1778 DEBUG oslo_concurrency.lockutils [req-ee7c2e69-d511-410a-a288-8ed5e46207fd 48ab82a30a8f41a1a784b8bc09bc487a 5528f1fe5f894ddba5fb2776fb82674e - - -] Lock "event-dispatch" released by "neutron.plugins.ml2.ovo_rpc.dispatch_events" :: held 0.264s inner /usr/lib/python2.7/site-packages/oslo_concurrency/lockutils.py:282
2018-07-02 18:07:06.441 1778 DEBUG neutron_lib.callbacks.manager [req-ee7c2e69-d511-410a-a288-8ed5e46207fd 48ab82a30a8f41a1a784b8bc09bc487a 5528f1fe5f894ddba5fb2776fb82674e - default default] Notify callbacks ['neutron.services.l3_router.l3_router_plugin.L3RouterPlugin._cleanup_after_interface_removal--9223372036854219586', 'neutron.api.rpc.agentnotifiers.dhcp_rpc_agent_api.DhcpAgentNotifyAPI._after_router_interface_deleted--9223372036854005801'] for router_interface, after_delete _notify_loop /usr/lib/python2.7/site-packages/neutron_lib/callbacks/manager.py:167
2018-07-02 18:07:07.250 1778 DEBUG neutron.scheduler.l3_agent_scheduler [req-ee7c2e69-d511-410a-a288-8ed5e46207fd 48ab82a30a8f41a1a784b8bc09bc487a 5528f1fe5f894ddba5fb2776fb82674e - default default] Router f8b26d14-8fbb-4cac-b044-dc8cde771db6 has already been hosted by L3 agent 8a7f04c5-f50c-4882-a215-ed76ffaf1adf _get_candidates /usr/lib/python2.7/site-packages/neutron/scheduler/l3_agent_scheduler.py:141
2018-07-02 18:07:07.406 1778 DEBUG neutron.api.rpc.agentnotifiers.l3_rpc_agent_api [req-ee7c2e69-d511-410a-a288-8ed5e46207fd 48ab82a30a8f41a1a784b8bc09bc487a 5528f1fe5f894ddba5fb2776fb82674e - default default] Notify agent at l3_agent.localhost.localdomain the message routers_updated _agent_notification /usr/lib/python2.7/site-packages/neutron/api/rpc/agentnotifiers/l3_rpc_agent_api.py:69
2018-07-02 18:07:07.466 1787 DEBUG neutron.db.l3_hamode_db [req-55cf38ba-9b32-477d-9ff0-3da1b03e7513 - - - - -] neutron.services.l3_router.l3_router_plugin.L3RouterPlugin method get_ha_sync_data_for_host called with arguments (<neutron_lib.context.Context object at 0x7faf26d72a10>, u'localhost.localdomain', <neutron.db.models.agent.Agent[object at 7faf2653b790] {id=u'8a7f04c5-f50c-4882-a215-ed76ffaf1adf', agent_type=u'L3 agent', binary=u'neutron-l3-agent', topic=u'l3_agent', host=u'localhost.localdomain', availability_zone=u'nova', admin_state_up=True, created_at=datetime.datetime(2018, 6, 7, 12, 44, 57), started_at=datetime.datetime(2018, 7, 2, 15, 39, 24), heartbeat_timestamp=datetime.datetime(2018, 7, 2, 16, 6, 54), description=None, configurations=u'{"agent_mode": "legacy", "gateway_external_network_id": "", "handle_internal_only_routers": true, "routers": 2, "interfaces": 2, "floating_ips": 0, "interface_driver": "neutron.agent.linux.interface.OVSInterfaceDriver", "log_agent_heartbeats": false, "external_network_bridge": "", "ex_gw_ports": 1}', resource_versions=None, load=0}>) {'active': True, 'router_ids': ['f8b26d14-8fbb-4cac-b044-dc8cde771db6']} wrapper /usr/lib/python2.7/site-packages/oslo_log/helpers.py:66
2018-07-02 18:07:07.468 1778 DEBUG neutron.quota.resource [req-ee7c2e69-d511-410a-a288-8ed5e46207fd 48ab82a30a8f41a1a784b8bc09bc487a 5528f1fe5f894ddba5fb2776fb82674e - default default] Persisted dirty status for tenant:ca875881695b4d64a4b46a9038dfcc06 on resource:port mark_dirty /usr/lib/python2.7/site-packages/neutron/quota/resource.py:207
2018-07-02 18:07:07.472 1778 INFO neutron.wsgi [req-ee7c2e69-d511-410a-a288-8ed5e46207fd 48ab82a30a8f41a1a784b8bc09bc487a 5528f1fe5f894ddba5fb2776fb82674e - default default] 10.0.20.27 "PUT /v2.0/routers/f8b26d14-8fbb-4cac-b044-dc8cde771db6/remove_router_interface HTTP/1.1" status: 200  len: 508 time: 3.5942700
2018-07-02 18:07:07.759 1787 DEBUG neutron.db.l3_hamode_db [req-55cf38ba-9b32-477d-9ff0-3da1b03e7513 - - - - -] neutron.services.l3_router.l3_router_plugin.L3RouterPlugin method _process_sync_ha_data called with arguments (<neutron_lib.context.Context object at 0x7faf26d72a10>, [{'status': u'ACTIVE', 'ha_vr_id': 0, 'description': u'', 'tags': [], 'updated_at': '2018-07-02T16:07:05Z', 'revision_number': 7, 'ha': False, 'id': u'f8b26d14-8fbb-4cac-b044-dc8cde771db6', 'external_gateway_info': None, 'availability_zone_hints': [], 'availability_zones': [u'nova'], 'name': u'tempest-router-1530547042', 'gw_port_id': None, 'admin_state_up': True, 'tenant_id': u'ca875881695b4d64a4b46a9038dfcc06', 'created_at': '2018-07-02T16:00:14Z', 'distributed': False, 'flavor_id': None, 'routes': [], 'project_id': u'ca875881695b4d64a4b46a9038dfcc06'}], u'localhost.localdomain', False) {} wrapper /usr/lib/python2.7/site-packages/oslo_log/helpers.py:66
2018-07-02 18:07:07.771 1787 DEBUG neutron.api.rpc.handlers.l3_rpc [req-55cf38ba-9b32-477d-9ff0-3da1b03e7513 - - - - -] Checking router: f8b26d14-8fbb-4cac-b044-dc8cde771db6 for host: localhost.localdomain _ensure_host_set_on_ports /usr/lib/python2.7/site-packages/neutron/api/rpc/handlers/l3_rpc.py:135
2018-07-02 18:07:09.141 1788 DEBUG neutron.plugins.ml2.rpc [req-8cb01f04-820d-42f8-a333-5c2e8427db23 - - - - -] Device 5f274a45-0d36-4fb5-98dd-cf291ed41151 no longer exists at agent ovs-agent-localhost.localdomain update_device_down /usr/lib/python2.7/site-packages/neutron/plugins/ml2/rpc.py:213
2018-07-02 18:07:09.224 1788 DEBUG neutron.plugins.ml2.plugin [req-8cb01f04-820d-42f8-a333-5c2e8427db23 - - - - -] No Port match for: 5f274a45-0d36-4fb5-98dd-cf291ed41151 port_bound_to_host /usr/lib/python2.7/site-packages/neutron/plugins/ml2/plugin.py:1806
2018-07-02 18:07:09.225 1788 DEBUG neutron.plugins.ml2.rpc [req-8cb01f04-820d-42f8-a333-5c2e8427db23 - - - - -] Device 5f274a45-0d36-4fb5-98dd-cf291ed41151 not bound to the agent host localhost.localdomain update_device_down /usr/lib/python2.7/site-packages/neutron/plugins/ml2/rpc.py:221
2018-07-02 18:07:12.366 1792 DEBUG neutron_lib.callbacks.manager [req-cb384f01-a470-449a-92b2-ce46f4e649c7 - - - - -] Notify callbacks ['neutron.services.segments.db._update_segment_host_mapping_for_agent-8774391299634'] for agent, after_update _notify_loop /usr/lib/python2.7/site-packages/neutron_lib/callbacks/manager.py:167
2018-07-02 18:07:14.027 1796 DEBUG neutron.db.agents_db [req-b99b4afa-4277-484e-b752-bd2fea95dd33 - - - - -] Agent healthcheck: found 5 active agents agent_health_check /usr/lib/python2.7/site-packages/neutron/db/agents_db.py:281
2018-07-02 18:07:15.664 1794 DEBUG neutron_lib.callbacks.manager [req-c3e051d3-86e3-4563-b3c6-e58cd4aa27f8 - - - - -] Notify callbacks ['neutron.services.segments.db._update_segment_host_mapping_for_agent-8774391299634'] for agent, after_update _notify_loop /usr/lib/python2.7/site-packages/neutron_lib/callbacks/manager.py:167
2018-07-02 18:07:15.823 1778 DEBUG neutron.wsgi [-] (1778) accepted ('10.0.20.27', 39080) server /usr/lib/python2.7/site-packages/eventlet/wsgi.py:883
2018-07-02 18:07:15.828 1778 INFO neutron.wsgi [-] 10.0.20.27 "GET / HTTP/1.1" status: 200  len: 252 time: 0.0022910
2018-07-02 18:07:16.553 1778 INFO neutron.api.v2.resource [req-5d3b1148-79ec-4cf7-9c22-b687a99a303f 48ab82a30a8f41a1a784b8bc09bc487a 5528f1fe5f894ddba5fb2776fb82674e - default default] show failed (client error): The resource could not be found.
2018-07-02 18:07:16.556 1778 INFO neutron.wsgi [req-5d3b1148-79ec-4cf7-9c22-b687a99a303f 48ab82a30a8f41a1a784b8bc09bc487a 5528f1fe5f894ddba5fb2776fb82674e - default default] 10.0.20.27 "GET /v2.0/routers/tempest-router-1530547042 HTTP/1.1" status: 404  len: 334 time: 0.7225530
2018-07-02 18:07:16.819 1778 INFO neutron.wsgi [req-a6b32c3e-609c-42ce-b42e-03ef4f48eecc 48ab82a30a8f41a1a784b8bc09bc487a 5528f1fe5f894ddba5fb2776fb82674e - default default] 10.0.20.27 "GET /v2.0/routers HTTP/1.1" status: 200  len: 1411 time: 0.2530639
2018-07-02 18:07:17.007 1778 DEBUG neutron_lib.callbacks.manager [req-15a66377-e32a-429b-8e95-29c2ea042ea7 48ab82a30a8f41a1a784b8bc09bc487a 5528f1fe5f894ddba5fb2776fb82674e - default default] Notify callbacks [] for router, before_delete _notify_loop /usr/lib/python2.7/site-packages/neutron_lib/callbacks/manager.py:167
2018-07-02 18:07:17.077 1788 DEBUG neutron_lib.callbacks.manager [req-da8be7c8-dac3-4f9e-a686-f3590ffe1889 - - - - -] Notify callbacks ['neutron.services.segments.db._update_segment_host_mapping_for_agent-8774391299634'] for agent, after_update _notify_loop /usr/lib/python2.7/site-packages/neutron_lib/callbacks/manager.py:167
2018-07-02 18:07:17.395 1778 DEBUG neutron_lib.callbacks.manager [req-15a66377-e32a-429b-8e95-29c2ea042ea7 48ab82a30a8f41a1a784b8bc09bc487a 5528f1fe5f894ddba5fb2776fb82674e - default default] Notify callbacks ['neutron.services.l3_router.service_providers.driver_controller.DriverController._clear_router_provider--9223372036854733476', 'neutron.services.l3_router.l3_router_plugin.L3RouterPlugin._release_router_vr_id-576459'] for router, precommit_delete _notify_loop /usr/lib/python2.7/site-packages/neutron_lib/callbacks/manager.py:167
2018-07-02 18:07:17.546 1778 DEBUG neutron_lib.callbacks.manager [req-15a66377-e32a-429b-8e95-29c2ea042ea7 48ab82a30a8f41a1a784b8bc09bc487a 5528f1fe5f894ddba5fb2776fb82674e - default default] Notify callbacks ['neutron.services.l3_router.l3_router_plugin.L3RouterPlugin._cleanup_ha_network-577294'] for router, after_delete _notify_loop /usr/lib/python2.7/site-packages/neutron_lib/callbacks/manager.py:167
2018-07-02 18:07:17.548 1778 DEBUG neutron.api.rpc.agentnotifiers.l3_rpc_agent_api [req-15a66377-e32a-429b-8e95-29c2ea042ea7 48ab82a30a8f41a1a784b8bc09bc487a 5528f1fe5f894ddba5fb2776fb82674e - default default] Fanout notify agent at l3_agent the message router_deleted on router f8b26d14-8fbb-4cac-b044-dc8cde771db6 _notification_fanout /usr/lib/python2.7/site-packages/neutron/api/rpc/agentnotifiers/l3_rpc_agent_api.py:118
2018-07-02 18:07:17.590 1778 DEBUG neutron.quota.resource [req-15a66377-e32a-429b-8e95-29c2ea042ea7 48ab82a30a8f41a1a784b8bc09bc487a 5528f1fe5f894ddba5fb2776fb82674e - default default] Persisted dirty status for tenant:ca875881695b4d64a4b46a9038dfcc06 on resource:router mark_dirty /usr/lib/python2.7/site-packages/neutron/quota/resource.py:207
2018-07-02 18:07:17.636 1778 DEBUG neutron_lib.callbacks.manager [req-15a66377-e32a-429b-8e95-29c2ea042ea7 48ab82a30a8f41a1a784b8bc09bc487a 5528f1fe5f894ddba5fb2776fb82674e - default default] Notify callbacks [] for router, before_response _notify_loop /usr/lib/python2.7/site-packages/neutron_lib/callbacks/manager.py:167
2018-07-02 18:07:17.639 1778 INFO neutron.wsgi [req-15a66377-e32a-429b-8e95-29c2ea042ea7 48ab82a30a8f41a1a784b8bc09bc487a 5528f1fe5f894ddba5fb2776fb82674e - default default] 10.0.20.27 "DELETE /v2.0/routers/f8b26d14-8fbb-4cac-b044-dc8cde771db6 HTTP/1.1" status: 204  len: 173 time: 0.8089001
2018-07-02 18:07:24.908 1795 DEBUG neutron_lib.callbacks.manager [req-6de58c2a-55b9-4a1d-828f-9d355838d232 - - - - -] Notify callbacks ['neutron.services.segments.db._update_segment_host_mapping_for_agent-8774391299634'] for agent, after_update _notify_loop /usr/lib/python2.7/site-packages/neutron_lib/callbacks/manager.py:167
2018-07-02 18:07:25.886 1778 DEBUG neutron.wsgi [-] (1778) accepted ('10.0.20.27', 39096) server /usr/lib/python2.7/site-packages/eventlet/wsgi.py:883
2018-07-02 18:07:25.891 1778 INFO neutron.wsgi [-] 10.0.20.27 "GET / HTTP/1.1" status: 200  len: 252 time: 0.0027409
2018-07-02 18:07:26.591 1778 INFO neutron.pecan_wsgi.hooks.translation [req-6a224ec5-1544-4b19-88a3-6dfc67adf291 48ab82a30a8f41a1a784b8bc09bc487a 5528f1fe5f894ddba5fb2776fb82674e - default default] GET failed (client error): The resource could not be found.
2018-07-02 18:07:26.594 1778 INFO neutron.wsgi [req-6a224ec5-1544-4b19-88a3-6dfc67adf291 48ab82a30a8f41a1a784b8bc09bc487a 5528f1fe5f894ddba5fb2776fb82674e - default default] 10.0.20.27 "GET /v2.0/networks/tempest-private-1530547042 HTTP/1.1" status: 404  len: 334 time: 0.6949089
2018-07-02 18:07:26.906 1778 DEBUG neutron.pecan_wsgi.hooks.policy_enforcement [req-fb3883b9-9984-4a38-9840-5e6f993212df 48ab82a30a8f41a1a784b8bc09bc487a 5528f1fe5f894ddba5fb2776fb82674e - default default] Attributes excluded by policy engine: [u'vlan_transparent'] _exclude_attributes_by_policy /usr/lib/python2.7/site-packages/neutron/pecan_wsgi/hooks/policy_enforcement.py:256
2018-07-02 18:07:26.908 1778 DEBUG neutron.pecan_wsgi.hooks.policy_enforcement [req-fb3883b9-9984-4a38-9840-5e6f993212df 48ab82a30a8f41a1a784b8bc09bc487a 5528f1fe5f894ddba5fb2776fb82674e - default default] Attributes excluded by policy engine: [u'vlan_transparent'] _exclude_attributes_by_policy /usr/lib/python2.7/site-packages/neutron/pecan_wsgi/hooks/policy_enforcement.py:256
2018-07-02 18:07:26.909 1778 DEBUG neutron.pecan_wsgi.hooks.policy_enforcement [req-fb3883b9-9984-4a38-9840-5e6f993212df 48ab82a30a8f41a1a784b8bc09bc487a 5528f1fe5f894ddba5fb2776fb82674e - default default] Attributes excluded by policy engine: [u'vlan_transparent'] _exclude_attributes_by_policy /usr/lib/python2.7/site-packages/neutron/pecan_wsgi/hooks/policy_enforcement.py:256
2018-07-02 18:07:26.913 1778 INFO neutron.wsgi [req-fb3883b9-9984-4a38-9840-5e6f993212df 48ab82a30a8f41a1a784b8bc09bc487a 5528f1fe5f894ddba5fb2776fb82674e - default default] 10.0.20.27 "GET /v2.0/networks HTTP/1.1" status: 200  len: 2214 time: 0.3129849
2018-07-02 18:07:27.069 1778 INFO neutron.wsgi [req-f977ad10-5b70-4fa0-ae96-02ec48db9b5d 48ab82a30a8f41a1a784b8bc09bc487a 5528f1fe5f894ddba5fb2776fb82674e - default default] 10.0.20.27 "GET /v2.0/ports?network_id=33fca1eb-1358-4c3d-b2bc-5ddb9a4d150e HTTP/1.1" status: 200  len: 1128 time: 0.1489410
2018-07-02 18:07:32.390 1791 DEBUG neutron_lib.callbacks.manager [req-8cb01f04-820d-42f8-a333-5c2e8427db23 - - - - -] Notify callbacks ['neutron.services.segments.db._update_segment_host_mapping_for_agent-8774391299634'] for agent, after_update _notify_loop /usr/lib/python2.7/site-packages/neutron_lib/callbacks/manager.py:167
2018-07-02 18:07:34.108 1778 DEBUG neutron.wsgi [-] (1778) accepted ('10.0.20.27', 39106) server /usr/lib/python2.7/site-packages/eventlet/wsgi.py:883
2018-07-02 18:07:34.112 1778 INFO neutron.wsgi [-] 10.0.20.27 "GET / HTTP/1.1" status: 200  len: 252 time: 0.0024149
2018-07-02 18:07:34.873 1778 INFO neutron.wsgi [req-c5388811-458d-4b07-9a75-4a87acb89840 48ab82a30a8f41a1a784b8bc09bc487a 5528f1fe5f894ddba5fb2776fb82674e - default default] 10.0.20.27 "GET /v2.0/ports/9c828f3b-f5e4-4b2e-86f3-4297354d8624 HTTP/1.1" status: 200  len: 1125 time: 0.7531450
2018-07-02 18:07:35.036 1778 DEBUG neutron.plugins.ml2.plugin [req-b27786bb-ecc4-4621-bcd6-18872037790a 48ab82a30a8f41a1a784b8bc09bc487a 5528f1fe5f894ddba5fb2776fb82674e - default default] Deleting port 9c828f3b-f5e4-4b2e-86f3-4297354d8624 _pre_delete_port /usr/lib/python2.7/site-packages/neutron/plugins/ml2/plugin.py:1488
2018-07-02 18:07:35.037 1778 DEBUG neutron_lib.callbacks.manager [req-b27786bb-ecc4-4621-bcd6-18872037790a 48ab82a30a8f41a1a784b8bc09bc487a 5528f1fe5f894ddba5fb2776fb82674e - default default] Notify callbacks ['neutron.db.l3_db._prevent_l3_port_delete_callback-8774391500518'] for port, before_delete _notify_loop /usr/lib/python2.7/site-packages/neutron_lib/callbacks/manager.py:167
2018-07-02 18:07:35.824 1778 DEBUG neutron.plugins.ml2.db [req-b27786bb-ecc4-4621-bcd6-18872037790a 48ab82a30a8f41a1a784b8bc09bc487a 5528f1fe5f894ddba5fb2776fb82674e - default default] For port 9c828f3b-f5e4-4b2e-86f3-4297354d8624, host localhost.localdomain, got binding levels [<neutron.plugins.ml2.models.PortBindingLevel[object at 7faf26aee690] {port_id=u'9c828f3b-f5e4-4b2e-86f3-4297354d8624', host=u'localhost.localdomain', level=0, driver=u'openvswitch', segment_id=u'a781592a-ce91-4471-a406-2b9a1b68f527'}>] get_binding_levels /usr/lib/python2.7/site-packages/neutron/plugins/ml2/db.py:106
2018-07-02 18:07:35.873 1778 DEBUG neutron.plugins.ml2.plugin [req-b27786bb-ecc4-4621-bcd6-18872037790a 48ab82a30a8f41a1a784b8bc09bc487a 5528f1fe5f894ddba5fb2776fb82674e - default default] Calling delete_port for 9c828f3b-f5e4-4b2e-86f3-4297354d8624 owned by network:dhcp delete_port /usr/lib/python2.7/site-packages/neutron/plugins/ml2/plugin.py:1547
2018-07-02 18:07:36.208 1778 DEBUG neutron_lib.callbacks.manager [req-b27786bb-ecc4-4621-bcd6-18872037790a 48ab82a30a8f41a1a784b8bc09bc487a 5528f1fe5f894ddba5fb2776fb82674e - default default] Notify callbacks ['neutron.plugins.ml2.ovo_rpc._ObjectChangeHandler.handle_event-643418', 'neutron.api.rpc.agentnotifiers.dhcp_rpc_agent_api.DhcpAgentNotifyAPI._native_event_send_dhcp_notification-770031', 'neutron.db.l3_db._notify_routers_callback--9223363262463297600', 'neutron.plugins.ml2.plugin.Ml2Plugin.notify_sg_on_port_change-16432861', 'neutron.db.l3_dvrscheduler_db._notify_port_delete--9223363262463838001'] for port, after_delete _notify_loop /usr/lib/python2.7/site-packages/neutron_lib/callbacks/manager.py:167
2018-07-02 18:07:36.239 1778 DEBUG oslo_concurrency.lockutils [-] Lock "event-dispatch" acquired by "neutron.plugins.ml2.ovo_rpc.dispatch_events" :: waited 0.000s inner /usr/lib/python2.7/site-packages/oslo_concurrency/lockutils.py:270
2018-07-02 18:07:36.364 1778 DEBUG neutron.api.rpc.handlers.resources_rpc [req-b27786bb-ecc4-4621-bcd6-18872037790a 48ab82a30a8f41a1a784b8bc09bc487a 5528f1fe5f894ddba5fb2776fb82674e - - -] neutron.api.rpc.handlers.resources_rpc.ResourcesPushRpcApi method push called with arguments (<neutron_lib.context.Context object at 0x7faf263ca6d0>, [Port(admin_state_up=<?>,allowed_address_pairs=<?>,binding=<?>,binding_levels=<?>,created_at=<?>,data_plane_status=<?>,description=<?>,device_id=<?>,device_owner=<?>,dhcp_options=<?>,distributed_binding=<?>,dns=<?>,fixed_ips=<?>,id=9c828f3b-f5e4-4b2e-86f3-4297354d8624,mac_address=<?>,name=<?>,network_id=<?>,project_id=<?>,qos_policy_id=None,revision_number=<?>,security=<?>,security_group_ids=None,status=<?>,updated_at=<?>)], 'deleted') {} wrapper /usr/lib/python2.7/site-packages/oslo_log/helpers.py:66
2018-07-02 18:07:36.488 1778 DEBUG oslo_concurrency.lockutils [req-b27786bb-ecc4-4621-bcd6-18872037790a 48ab82a30a8f41a1a784b8bc09bc487a 5528f1fe5f894ddba5fb2776fb82674e - - -] Lock "event-dispatch" released by "neutron.plugins.ml2.ovo_rpc.dispatch_events" :: held 0.249s inner /usr/lib/python2.7/site-packages/oslo_concurrency/lockutils.py:282
2018-07-02 18:07:36.749 1787 DEBUG neutron.api.rpc.handlers.dhcp_rpc [req-62c417a6-2487-49f4-add1-babf81972abc - - - - -] DHCP port deletion for 33fca1eb-1358-4c3d-b2bc-5ddb9a4d150e request from localhost.localdomain release_dhcp_port /usr/lib/python2.7/site-packages/neutron/api/rpc/handlers/dhcp_rpc.py:244
2018-07-02 18:07:36.814 1778 DEBUG neutron.db.l3_dvrscheduler_db [req-b27786bb-ecc4-4621-bcd6-18872037790a 48ab82a30a8f41a1a784b8bc09bc487a 5528f1fe5f894ddba5fb2776fb82674e - default default] No DVR routers for this DVR port 9c828f3b-f5e4-4b2e-86f3-4297354d8624 on host localhost.localdomain get_dvr_routers_to_remove /usr/lib/python2.7/site-packages/neutron/db/l3_dvrscheduler_db.py:191
2018-07-02 18:07:36.839 1778 DEBUG neutron_lib.callbacks.manager [req-b27786bb-ecc4-4621-bcd6-18872037790a 48ab82a30a8f41a1a784b8bc09bc487a 5528f1fe5f894ddba5fb2776fb82674e - default default] Notify callbacks ['neutron.notifiers.nova.Notifier._send_nova_notification--9223372036854713896', 'neutron.api.rpc.agentnotifiers.dhcp_rpc_agent_api.DhcpAgentNotifyAPI._send_dhcp_notification-770044'] for port, before_response _notify_loop /usr/lib/python2.7/site-packages/neutron_lib/callbacks/manager.py:167
2018-07-02 18:07:36.867 1778 DEBUG neutron.quota.resource [req-b27786bb-ecc4-4621-bcd6-18872037790a 48ab82a30a8f41a1a784b8bc09bc487a 5528f1fe5f894ddba5fb2776fb82674e - default default] Persisted dirty status for tenant:ca875881695b4d64a4b46a9038dfcc06 on resource:port mark_dirty /usr/lib/python2.7/site-packages/neutron/quota/resource.py:207
2018-07-02 18:07:36.871 1778 INFO neutron.wsgi [req-b27786bb-ecc4-4621-bcd6-18872037790a 48ab82a30a8f41a1a784b8bc09bc487a 5528f1fe5f894ddba5fb2776fb82674e - default default] 10.0.20.27 "DELETE /v2.0/ports/9c828f3b-f5e4-4b2e-86f3-4297354d8624 HTTP/1.1" status: 204  len: 173 time: 1.9881990
2018-07-02 18:07:37.201 1789 DEBUG neutron.plugins.ml2.rpc [req-8cb01f04-820d-42f8-a333-5c2e8427db23 - - - - -] Device 9c828f3b-f5e4-4b2e-86f3-4297354d8624 no longer exists at agent ovs-agent-localhost.localdomain update_device_down /usr/lib/python2.7/site-packages/neutron/plugins/ml2/rpc.py:213
2018-07-02 18:07:37.306 1789 DEBUG neutron.plugins.ml2.plugin [req-8cb01f04-820d-42f8-a333-5c2e8427db23 - - - - -] No Port match for: 9c828f3b-f5e4-4b2e-86f3-4297354d8624 port_bound_to_host /usr/lib/python2.7/site-packages/neutron/plugins/ml2/plugin.py:1806
2018-07-02 18:07:37.307 1789 DEBUG neutron.plugins.ml2.rpc [req-8cb01f04-820d-42f8-a333-5c2e8427db23 - - - - -] Device 9c828f3b-f5e4-4b2e-86f3-4297354d8624 not bound to the agent host localhost.localdomain update_device_down /usr/lib/python2.7/site-packages/neutron/plugins/ml2/rpc.py:221
2018-07-02 18:07:42.357 1787 DEBUG neutron_lib.callbacks.manager [req-fe2b49bb-65fd-452d-bb6e-017fbf154566 - - - - -] Notify callbacks ['neutron.services.segments.db._update_segment_host_mapping_for_agent-8774391299634'] for agent, after_update _notify_loop /usr/lib/python2.7/site-packages/neutron_lib/callbacks/manager.py:167
2018-07-02 18:07:45.446 1791 DEBUG neutron.api.rpc.handlers.dhcp_rpc [req-348d011c-3a7e-46e3-a6e4-0afbecefe8ec - - - - -] get_active_networks_info from localhost.localdomain get_active_networks_info /usr/lib/python2.7/site-packages/neutron/api/rpc/handlers/dhcp_rpc.py:141
2018-07-02 18:07:45.654 1786 DEBUG neutron.wsgi [-] (1786) accepted ('10.0.20.27', 40154) server /usr/lib/python2.7/site-packages/eventlet/wsgi.py:883
2018-07-02 18:07:45.658 1786 INFO neutron.wsgi [-] 10.0.20.27 "GET / HTTP/1.1" status: 200  len: 252 time: 0.0026569
2018-07-02 18:07:45.667 1789 DEBUG neutron_lib.callbacks.manager [req-c3e051d3-86e3-4563-b3c6-e58cd4aa27f8 - - - - -] Notify callbacks ['neutron.services.segments.db._update_segment_host_mapping_for_agent-8774391299634'] for agent, after_update _notify_loop /usr/lib/python2.7/site-packages/neutron_lib/callbacks/manager.py:167
2018-07-02 18:07:46.439 1792 DEBUG neutron.api.rpc.handlers.dhcp_rpc [req-8f42f646-85f0-483a-8425-801e1c8c3bf2 - - - - -] Create dhcp port {u'port': {u'name': u'', u'admin_state_up': True, u'network_id': u'33fca1eb-1358-4c3d-b2bc-5ddb9a4d150e', u'tenant_id': u'ca875881695b4d64a4b46a9038dfcc06', u'fixed_ips': [{u'subnet_id': u'91592444-f167-476d-9d43-bd7e712161de'}], u'device_id': u'dhcpcd8f5f9f-e3e8-569f-87ef-f03c6cfc29bc-33fca1eb-1358-4c3d-b2bc-5ddb9a4d150e'}} from localhost.localdomain. create_dhcp_port /usr/lib/python2.7/site-packages/neutron/api/rpc/handlers/dhcp_rpc.py:264
2018-07-02 18:07:46.442 1792 DEBUG neutron_lib.callbacks.manager [req-8f42f646-85f0-483a-8425-801e1c8c3bf2 - - - - -] Notify callbacks ['neutron.plugins.ml2.plugin.Ml2Plugin._ensure_default_security_group_handler--9223372036838343072'] for port, before_create _notify_loop /usr/lib/python2.7/site-packages/neutron_lib/callbacks/manager.py:167
2018-07-02 18:07:46.444 1786 INFO neutron.pecan_wsgi.hooks.translation [req-b2930180-cfb4-4be7-ae7e-d2d9a02905c8 48ab82a30a8f41a1a784b8bc09bc487a 5528f1fe5f894ddba5fb2776fb82674e - default default] GET failed (client error): The resource could not be found.
2018-07-02 18:07:46.447 1786 INFO neutron.wsgi [req-b2930180-cfb4-4be7-ae7e-d2d9a02905c8 48ab82a30a8f41a1a784b8bc09bc487a 5528f1fe5f894ddba5fb2776fb82674e - default default] 10.0.20.27 "GET /v2.0/networks/tempest-private-1530547042 HTTP/1.1" status: 404  len: 334 time: 0.7809291
2018-07-02 18:07:46.755 1786 DEBUG neutron.pecan_wsgi.hooks.policy_enforcement [req-5e0ec626-07ab-4fac-93fb-1e58c321288e 48ab82a30a8f41a1a784b8bc09bc487a 5528f1fe5f894ddba5fb2776fb82674e - default default] Attributes excluded by policy engine: [u'vlan_transparent'] _exclude_attributes_by_policy /usr/lib/python2.7/site-packages/neutron/pecan_wsgi/hooks/policy_enforcement.py:256
2018-07-02 18:07:46.757 1786 DEBUG neutron.pecan_wsgi.hooks.policy_enforcement [req-5e0ec626-07ab-4fac-93fb-1e58c321288e 48ab82a30a8f41a1a784b8bc09bc487a 5528f1fe5f894ddba5fb2776fb82674e - default default] Attributes excluded by policy engine: [u'vlan_transparent'] _exclude_attributes_by_policy /usr/lib/python2.7/site-packages/neutron/pecan_wsgi/hooks/policy_enforcement.py:256
2018-07-02 18:07:46.759 1786 DEBUG neutron.pecan_wsgi.hooks.policy_enforcement [req-5e0ec626-07ab-4fac-93fb-1e58c321288e 48ab82a30a8f41a1a784b8bc09bc487a 5528f1fe5f894ddba5fb2776fb82674e - default default] Attributes excluded by policy engine: [u'vlan_transparent'] _exclude_attributes_by_policy /usr/lib/python2.7/site-packages/neutron/pecan_wsgi/hooks/policy_enforcement.py:256
2018-07-02 18:07:46.763 1786 INFO neutron.wsgi [req-5e0ec626-07ab-4fac-93fb-1e58c321288e 48ab82a30a8f41a1a784b8bc09bc487a 5528f1fe5f894ddba5fb2776fb82674e - default default] 10.0.20.27 "GET /v2.0/networks HTTP/1.1" status: 200  len: 2214 time: 0.3076770
2018-07-02 18:07:47.080 1790 DEBUG neutron_lib.callbacks.manager [req-da8be7c8-dac3-4f9e-a686-f3590ffe1889 - - - - -] Notify callbacks ['neutron.services.segments.db._update_segment_host_mapping_for_agent-8774391299634'] for agent, after_update _notify_loop /usr/lib/python2.7/site-packages/neutron_lib/callbacks/manager.py:167
2018-07-02 18:07:47.209 1792 DEBUG neutron.db.db_base_plugin_common [req-8f42f646-85f0-483a-8425-801e1c8c3bf2 - - - - -] Allocated IP 11.178.1.2 (33fca1eb-1358-4c3d-b2bc-5ddb9a4d150e/91592444-f167-476d-9d43-bd7e712161de/3eb3cfde-ecd3-4eda-a5f8-2c59589383bc) _store_ip_allocation /usr/lib/python2.7/site-packages/neutron/db/db_base_plugin_common.py:122
2018-07-02 18:07:47.392 1786 DEBUG neutron_lib.callbacks.manager [req-a2e46405-7b9d-4d00-b086-34dfccffe1fa 48ab82a30a8f41a1a784b8bc09bc487a 5528f1fe5f894ddba5fb2776fb82674e - default default] Notify callbacks ['neutron.plugins.ml2.plugin.Ml2Plugin._before_network_delete_handler--9223372036838445780'] for network, before_delete _notify_loop /usr/lib/python2.7/site-packages/neutron_lib/callbacks/manager.py:167
2018-07-02 18:07:47.500 1786 DEBUG neutron.db.db_base_plugin_v2 [req-a2e46405-7b9d-4d00-b086-34dfccffe1fa 48ab82a30a8f41a1a784b8bc09bc487a 5528f1fe5f894ddba5fb2776fb82674e - default default] Deleting subnet 91592444-f167-476d-9d43-bd7e712161de delete_subnet /usr/lib/python2.7/site-packages/neutron/db/db_base_plugin_v2.py:1022
2018-07-02 18:07:47.501 1786 DEBUG neutron_lib.callbacks.manager [req-a2e46405-7b9d-4d00-b086-34dfccffe1fa 48ab82a30a8f41a1a784b8bc09bc487a 5528f1fe5f894ddba5fb2776fb82674e - default default] Notify callbacks [] for subnet, before_delete _notify_loop /usr/lib/python2.7/site-packages/neutron_lib/callbacks/manager.py:167
2018-07-02 18:07:47.656 1792 DEBUG neutron_lib.callbacks.manager [req-8f42f646-85f0-483a-8425-801e1c8c3bf2 - - - - -] Notify callbacks [] for port, precommit_create _notify_loop /usr/lib/python2.7/site-packages/neutron_lib/callbacks/manager.py:167
2018-07-02 18:07:47.696 1792 DEBUG neutron.db.provisioning_blocks [req-8f42f646-85f0-483a-8425-801e1c8c3bf2 - - - - -] Transition to ACTIVE for port object 3eb3cfde-ecd3-4eda-a5f8-2c59589383bc will not be triggered until provisioned by entity L2. add_provisioning_component /usr/lib/python2.7/site-packages/neutron/db/provisioning_blocks.py:73
2018-07-02 18:07:47.736 1792 DEBUG neutron.db.provisioning_blocks [req-8f42f646-85f0-483a-8425-801e1c8c3bf2 - - - - -] Transition to ACTIVE for port object 3eb3cfde-ecd3-4eda-a5f8-2c59589383bc will not be triggered until provisioned by entity DHCP. add_provisioning_component /usr/lib/python2.7/site-packages/neutron/db/provisioning_blocks.py:73
2018-07-02 18:07:47.745 1792 DEBUG neutron_lib.callbacks.manager [req-8f42f646-85f0-483a-8425-801e1c8c3bf2 - - - - -] Notify callbacks ['neutron.plugins.ml2.ovo_rpc._ObjectChangeHandler.handle_event-643418', 'neutron.api.rpc.agentnotifiers.dhcp_rpc_agent_api.DhcpAgentNotifyAPI._native_event_send_dhcp_notification-770031', 'neutron.plugins.ml2.plugin.Ml2Plugin.notify_sg_on_port_change-16432861', 'neutron.db.l3_dvrscheduler_db._notify_l3_agent_new_port-8774390937800'] for port, after_create _notify_loop /usr/lib/python2.7/site-packages/neutron_lib/callbacks/manager.py:167
2018-07-02 18:07:47.749 1786 DEBUG neutron_lib.callbacks.manager [req-a2e46405-7b9d-4d00-b086-34dfccffe1fa 48ab82a30a8f41a1a784b8bc09bc487a 5528f1fe5f894ddba5fb2776fb82674e - default default] Notify callbacks ['neutron.plugins.ml2.plugin.Ml2Plugin._subnet_delete_precommit_handler-16668539'] for subnet, precommit_delete _notify_loop /usr/lib/python2.7/site-packages/neutron_lib/callbacks/manager.py:167
2018-07-02 18:07:47.775 1792 DEBUG oslo_concurrency.lockutils [-] Lock "event-dispatch" acquired by "neutron.plugins.ml2.ovo_rpc.dispatch_events" :: waited 0.000s inner /usr/lib/python2.7/site-packages/oslo_concurrency/lockutils.py:270
2018-07-02 18:07:48.041 1792 DEBUG neutron.api.rpc.handlers.resources_rpc [req-8f42f646-85f0-483a-8425-801e1c8c3bf2 - - - - -] neutron.api.rpc.handlers.resources_rpc.ResourcesPushRpcApi method push called with arguments (<neutron_lib.context.Context object at 0x7faf26b52790>, [Port(admin_state_up=True,allowed_address_pairs=[],binding=PortBinding,binding_levels=[],created_at=2018-07-02T16:07:46Z,data_plane_status=<?>,description='',device_id='dhcpcd8f5f9f-e3e8-569f-87ef-f03c6cfc29bc-33fca1eb-1358-4c3d-b2bc-5ddb9a4d150e',device_owner='network:dhcp',dhcp_options=[],distributed_binding=None,dns=None,fixed_ips=[IPAllocation],id=3eb3cfde-ecd3-4eda-a5f8-2c59589383bc,mac_address=fa:16:3e:67:c8:da,name='',network_id=33fca1eb-1358-4c3d-b2bc-5ddb9a4d150e,project_id='ca875881695b4d64a4b46a9038dfcc06',qos_policy_id=None,revision_number=3,security=PortSecurity(3eb3cfde-ecd3-4eda-a5f8-2c59589383bc),security_group_ids=set([]),status='DOWN',updated_at=2018-07-02T16:07:47Z)], 'updated') {} wrapper /usr/lib/python2.7/site-packages/oslo_log/helpers.py:66
2018-07-02 18:07:48.076 1792 DEBUG neutron.api.rpc.callbacks.version_manager [req-8f42f646-85f0-483a-8425-801e1c8c3bf2 - - - - -] Version for resource type Subnet changed None to 1.0 on consumer Open vSwitch agent@localhost.localdomain _set_version /usr/lib/python2.7/site-packages/neutron/api/rpc/callbacks/version_manager.py:119
2018-07-02 18:07:48.077 1792 DEBUG neutron.api.rpc.callbacks.version_manager [req-8f42f646-85f0-483a-8425-801e1c8c3bf2 - - - - -] Version for resource type Network changed None to 1.0 on consumer Open vSwitch agent@localhost.localdomain _set_version /usr/lib/python2.7/site-packages/neutron/api/rpc/callbacks/version_manager.py:119
2018-07-02 18:07:48.077 1792 DEBUG neutron.api.rpc.callbacks.version_manager [req-8f42f646-85f0-483a-8425-801e1c8c3bf2 - - - - -] Version for resource type SubPort changed None to 1.0 on consumer Open vSwitch agent@localhost.localdomain _set_version /usr/lib/python2.7/site-packages/neutron/api/rpc/callbacks/version_manager.py:119
2018-07-02 18:07:48.078 1792 DEBUG neutron.api.rpc.callbacks.version_manager [req-8f42f646-85f0-483a-8425-801e1c8c3bf2 - - - - -] Version for resource type SecurityGroup changed None to 1.0 on consumer Open vSwitch agent@localhost.localdomain _set_version /usr/lib/python2.7/site-packages/neutron/api/rpc/callbacks/version_manager.py:119
2018-07-02 18:07:48.079 1792 DEBUG neutron.api.rpc.callbacks.version_manager [req-8f42f646-85f0-483a-8425-801e1c8c3bf2 - - - - -] Version for resource type SecurityGroupRule changed None to 1.0 on consumer Open vSwitch agent@localhost.localdomain _set_version /usr/lib/python2.7/site-packages/neutron/api/rpc/callbacks/version_manager.py:119
2018-07-02 18:07:48.079 1792 DEBUG neutron.api.rpc.callbacks.version_manager [req-8f42f646-85f0-483a-8425-801e1c8c3bf2 - - - - -] Version for resource type Trunk changed None to 1.1 on consumer Open vSwitch agent@localhost.localdomain _set_version /usr/lib/python2.7/site-packages/neutron/api/rpc/callbacks/version_manager.py:119
2018-07-02 18:07:48.080 1792 DEBUG neutron.api.rpc.callbacks.version_manager [req-8f42f646-85f0-483a-8425-801e1c8c3bf2 - - - - -] Version for resource type QosPolicy changed None to 1.6 on consumer Open vSwitch agent@localhost.localdomain _set_version /usr/lib/python2.7/site-packages/neutron/api/rpc/callbacks/version_manager.py:119
2018-07-02 18:07:48.081 1792 DEBUG neutron.api.rpc.callbacks.version_manager [req-8f42f646-85f0-483a-8425-801e1c8c3bf2 - - - - -] Version for resource type Port changed None to 1.1 on consumer Open vSwitch agent@localhost.localdomain _set_version /usr/lib/python2.7/site-packages/neutron/api/rpc/callbacks/version_manager.py:119
2018-07-02 18:07:48.081 1792 DEBUG neutron.api.rpc.callbacks.version_manager [req-8f42f646-85f0-483a-8425-801e1c8c3bf2 - - - - -] Version for resource type Log changed None to 1.0 on consumer Open vSwitch agent@localhost.localdomain _set_version /usr/lib/python2.7/site-packages/neutron/api/rpc/callbacks/version_manager.py:119
2018-07-02 18:07:48.107 1792 DEBUG oslo_concurrency.lockutils [req-8f42f646-85f0-483a-8425-801e1c8c3bf2 - - - - -] Lock "event-dispatch" released by "neutron.plugins.ml2.ovo_rpc.dispatch_events" :: held 0.332s inner /usr/lib/python2.7/site-packages/oslo_concurrency/lockutils.py:282
2018-07-02 18:07:48.128 1792 DEBUG neutron.scheduler.dhcp_agent_scheduler [req-8f42f646-85f0-483a-8425-801e1c8c3bf2 - - - - -] Network 33fca1eb-1358-4c3d-b2bc-5ddb9a4d150e is already hosted by enough agents. _get_dhcp_agents_hosting_network /usr/lib/python2.7/site-packages/neutron/scheduler/dhcp_agent_scheduler.py:243
2018-07-02 18:07:48.183 1792 DEBUG neutron.db.l3_dvrscheduler_db [req-8f42f646-85f0-483a-8425-801e1c8c3bf2 - - - - -] Received port after_create _notify_l3_agent_new_port /usr/lib/python2.7/site-packages/neutron/db/l3_dvrscheduler_db.py:392
2018-07-02 18:07:48.279 1786 DEBUG neutron_lib.callbacks.manager [req-a2e46405-7b9d-4d00-b086-34dfccffe1fa 48ab82a30a8f41a1a784b8bc09bc487a 5528f1fe5f894ddba5fb2776fb82674e - default default] Notify callbacks ['neutron.plugins.ml2.plugin.Ml2Plugin._subnet_delete_after_delete_handler--9223372036838107296', 'neutron.api.rpc.agentnotifiers.dhcp_rpc_agent_api.DhcpAgentNotifyAPI._native_event_send_dhcp_notification-770031', 'neutron.plugins.ml2.ovo_rpc._ObjectChangeHandler.handle_event-643338'] for subnet, after_delete _notify_loop /usr/lib/python2.7/site-packages/neutron_lib/callbacks/manager.py:167
2018-07-02 18:07:48.393 1792 DEBUG neutron.plugins.ml2.managers [req-8f42f646-85f0-483a-8425-801e1c8c3bf2 - - - - -] Attempting to bind port 3eb3cfde-ecd3-4eda-a5f8-2c59589383bc on host localhost.localdomain for vnic_type normal with profile  bind_port /usr/lib/python2.7/site-packages/neutron/plugins/ml2/managers.py:744
2018-07-02 18:07:48.394 1792 DEBUG neutron.plugins.ml2.managers [req-8f42f646-85f0-483a-8425-801e1c8c3bf2 - - - - -] Attempting to bind port 3eb3cfde-ecd3-4eda-a5f8-2c59589383bc on host localhost.localdomain at level 0 using segments [{'network_id': '33fca1eb-1358-4c3d-b2bc-5ddb9a4d150e', 'segmentation_id': 65, 'physical_network': None, 'id': 'a781592a-ce91-4471-a406-2b9a1b68f527', 'network_type': u'vxlan'}] _bind_port_level /usr/lib/python2.7/site-packages/neutron/plugins/ml2/managers.py:765
2018-07-02 18:07:48.394 1792 DEBUG neutron.plugins.ml2.drivers.mech_agent [req-8f42f646-85f0-483a-8425-801e1c8c3bf2 - - - - -] Attempting to bind port 3eb3cfde-ecd3-4eda-a5f8-2c59589383bc on network 33fca1eb-1358-4c3d-b2bc-5ddb9a4d150e bind_port /usr/lib/python2.7/site-packages/neutron/plugins/ml2/drivers/mech_agent.py:88
2018-07-02 18:07:48.405 1792 DEBUG neutron.plugins.ml2.drivers.mech_agent [req-8f42f646-85f0-483a-8425-801e1c8c3bf2 - - - - -] Checking agent: {'binary': u'neutron-openvswitch-agent', 'description': None, 'admin_state_up': True, 'heartbeat_timestamp': datetime.datetime(2018, 7, 2, 16, 7, 32), 'availability_zone': None, 'alive': True, 'topic': u'N/A', 'host': u'localhost.localdomain', 'agent_type': u'Open vSwitch agent', 'resource_versions': {u'Subnet': u'1.0', u'Network': u'1.0', u'SubPort': u'1.0', u'SecurityGroup': u'1.0', u'SecurityGroupRule': u'1.0', u'Trunk': u'1.1', u'QosPolicy': u'1.6', u'Port': u'1.1', u'Log': u'1.0'}, 'created_at': datetime.datetime(2018, 6, 7, 12, 45, 6), 'started_at': datetime.datetime(2018, 6, 7, 12, 45, 6), 'id': u'd2188e5f-e0ac-4c57-91e1-31fe0eab57e2', 'configurations': {u'ovs_hybrid_plug': True, u'in_distributed_mode': False, u'datapath_type': u'system', u'vhostuser_socket_dir': u'/var/run/openvswitch', u'tunneling_ip': u'10.0.20.27', u'arp_responder_enabled': False, u'devices': 3, u'ovs_capabilities': {u'datapath_types': [u'netdev', u'system'], u'iface_types': [u'geneve', u'gre', u'internal', u'lisp', u'patch', u'stt', u'system', u'tap', u'vxlan']}, u'log_agent_heartbeats': False, u'l2_population': False, u'tunnel_types': [u'vxlan'], u'extensions': [], u'enable_distributed_routing': False, u'bridge_mappings': {u'extnet': u'br-ex'}}} bind_port /usr/lib/python2.7/site-packages/neutron/plugins/ml2/drivers/mech_agent.py:104
