2018-06-27 01:57:26.608 16654 INFO neutron.wsgi [req-500b3302-53b5-4f43-bbe9-65a805eba5c4 6c41c56f0fc34c67b136b9c1a5a62cd1 48042a07a9bb4f29899dfff32b93a80f - e1ccc9544a9f46c5b58d50a10c6a77b8 e1ccc9544a9f46c5b58d50a10c6a77b8] 10.0.20.21 "GET /v2.0/ports?device_id=a09d0be2-07eb-4c27-9eb3-f8884c7ddf5c HTTP/1.1" status: 200  len: 1124 time: 0.5595100
2018-06-27 01:57:26.725 16654 INFO neutron.wsgi [req-1d698f19-2148-490d-84da-79e228d576fa 6c41c56f0fc34c67b136b9c1a5a62cd1 48042a07a9bb4f29899dfff32b93a80f - e1ccc9544a9f46c5b58d50a10c6a77b8 e1ccc9544a9f46c5b58d50a10c6a77b8] 10.0.20.21 "GET /v2.0/security-groups?id=5bfebfed-49e7-4726-9c93-3d5bdb509b96 HTTP/1.1" status: 200  len: 2118 time: 0.1130869
2018-06-27 01:57:35.553 16675 DEBUG neutron.db.agents_db [req-2fb9f975-c74b-4e9a-b419-0c15533d0d25 - - - - -] Agent healthcheck: found 5 active agents agent_health_check /usr/lib/python2.7/site-packages/neutron/db/agents_db.py:281
2018-06-27 01:57:36.939 16671 DEBUG neutron_lib.callbacks.manager [req-05007c5e-47cc-4b59-a21e-034159b5fa1e - - - - -] Notify callbacks ['neutron.services.segments.db._update_segment_host_mapping_for_agent-8733873408306'] for agent, after_update _notify_loop /usr/lib/python2.7/site-packages/neutron_lib/callbacks/manager.py:167
2018-06-27 01:57:38.705 16654 INFO neutron.wsgi [req-4abb700c-e8cd-41a1-9bf8-517d270a7f3d 6c41c56f0fc34c67b136b9c1a5a62cd1 48042a07a9bb4f29899dfff32b93a80f - e1ccc9544a9f46c5b58d50a10c6a77b8 e1ccc9544a9f46c5b58d50a10c6a77b8] 10.0.20.21 "GET /v2.0/ports?device_id=a09d0be2-07eb-4c27-9eb3-f8884c7ddf5c HTTP/1.1" status: 200  len: 1124 time: 0.7042172
2018-06-27 01:57:39.080 16654 INFO neutron.wsgi [req-7b246587-35bb-440d-a951-dd9d6c8b333b 6c41c56f0fc34c67b136b9c1a5a62cd1 48042a07a9bb4f29899dfff32b93a80f - e1ccc9544a9f46c5b58d50a10c6a77b8 e1ccc9544a9f46c5b58d50a10c6a77b8] 10.0.20.21 "GET /v2.0/security-groups?id=5bfebfed-49e7-4726-9c93-3d5bdb509b96 HTTP/1.1" status: 200  len: 2118 time: 0.3684890
2018-06-27 01:57:40.954 16670 DEBUG neutron_lib.callbacks.manager [req-18e823d6-77ec-4c9e-ab21-3870cb104561 - - - - -] Notify callbacks ['neutron.services.segments.db._update_segment_host_mapping_for_agent-8733873408306'] for agent, after_update _notify_loop /usr/lib/python2.7/site-packages/neutron_lib/callbacks/manager.py:167
2018-06-27 01:57:43.850 16662 DEBUG neutron_lib.callbacks.manager [req-be7ac071-1c91-4dda-ba56-b0abaaa530cc - - - - -] Notify callbacks ['neutron.services.segments.db._update_segment_host_mapping_for_agent-8733873408306'] for agent, after_update _notify_loop /usr/lib/python2.7/site-packages/neutron_lib/callbacks/manager.py:167
2018-06-27 01:57:44.601 16666 DEBUG neutron_lib.callbacks.manager [req-37e4ce78-72b2-41cc-9cc2-2a19a0fd24e9 - - - - -] Notify callbacks ['neutron.services.segments.db._update_segment_host_mapping_for_agent-8733873408306'] for agent, after_update _notify_loop /usr/lib/python2.7/site-packages/neutron_lib/callbacks/manager.py:167
2018-06-27 01:57:48.379 16664 DEBUG neutron_lib.callbacks.manager [req-fa9239f8-da0d-4ea6-81c8-3f07cb40f26c - - - - -] Notify callbacks ['neutron.services.segments.db._update_segment_host_mapping_for_agent-8733873408306'] for agent, after_update _notify_loop /usr/lib/python2.7/site-packages/neutron_lib/callbacks/manager.py:167
2018-06-27 01:57:50.489 16656 INFO neutron.wsgi [req-25343152-d7f2-48fa-a60b-e2cc384bb931 59f963f90a0940d0a0321d158c75bc86 6ce4dd91709c441d9f1b40034ea03af4 - default default] 10.0.20.21 "GET /v2.0/ports?tenant_id=48042a07a9bb4f29899dfff32b93a80f&device_id=a09d0be2-07eb-4c27-9eb3-f8884c7ddf5c HTTP/1.1" status: 200  len: 1124 time: 0.1279640
2018-06-27 01:57:50.955 16656 DEBUG neutron.pecan_wsgi.hooks.policy_enforcement [req-fdc1e177-ccd5-414a-b7d5-2bb06cad53cc 59f963f90a0940d0a0321d158c75bc86 6ce4dd91709c441d9f1b40034ea03af4 - default default] Attributes excluded by policy engine: [u'vlan_transparent'] _exclude_attributes_by_policy /usr/lib/python2.7/site-packages/neutron/pecan_wsgi/hooks/policy_enforcement.py:256
2018-06-27 01:57:50.957 16656 INFO neutron.wsgi [req-fdc1e177-ccd5-414a-b7d5-2bb06cad53cc 59f963f90a0940d0a0321d158c75bc86 6ce4dd91709c441d9f1b40034ea03af4 - default default] 10.0.20.21 "GET /v2.0/networks?id=993a97a9-4dbc-4784-9b0b-28a4f534b7ab HTTP/1.1" status: 200  len: 885 time: 0.4623139
2018-06-27 01:57:51.010 16656 INFO neutron.wsgi [req-f4d376e6-6676-4861-a84f-df9d11e613e0 59f963f90a0940d0a0321d158c75bc86 6ce4dd91709c441d9f1b40034ea03af4 - default default] 10.0.20.21 "GET /v2.0/floatingips?fixed_ip_address=11.226.1.3&port_id=8cd77ea0-5227-4965-9396-3d31703e9499 HTTP/1.1" status: 200  len: 751 time: 0.0472469
2018-06-27 01:57:51.126 16656 DEBUG neutron.pecan_wsgi.hooks.policy_enforcement [req-e4c1e915-d76e-42fe-87e9-a9c33aed5d1b 59f963f90a0940d0a0321d158c75bc86 6ce4dd91709c441d9f1b40034ea03af4 - default default] Attributes excluded by policy engine: [u'shared'] _exclude_attributes_by_policy /usr/lib/python2.7/site-packages/neutron/pecan_wsgi/hooks/policy_enforcement.py:256
2018-06-27 01:57:51.129 16656 INFO neutron.wsgi [req-e4c1e915-d76e-42fe-87e9-a9c33aed5d1b 59f963f90a0940d0a0321d158c75bc86 6ce4dd91709c441d9f1b40034ea03af4 - default default] 10.0.20.21 "GET /v2.0/subnets?id=c68e81f0-bca1-4318-ba42-7cb251fcd98c HTTP/1.1" status: 200  len: 847 time: 0.1129210
2018-06-27 01:57:51.247 16656 INFO neutron.wsgi [req-fc48406a-0e31-4e8d-a1e6-1f7f8c0759de 59f963f90a0940d0a0321d158c75bc86 6ce4dd91709c441d9f1b40034ea03af4 - default default] 10.0.20.21 "GET /v2.0/ports?network_id=993a97a9-4dbc-4784-9b0b-28a4f534b7ab&device_owner=network%3Adhcp HTTP/1.1" status: 200  len: 1128 time: 0.1116960
2018-06-27 01:57:53.805 16654 INFO neutron.wsgi [req-dd19ae55-fd4d-48c3-9ca7-90233a163c62 6c41c56f0fc34c67b136b9c1a5a62cd1 48042a07a9bb4f29899dfff32b93a80f - e1ccc9544a9f46c5b58d50a10c6a77b8 e1ccc9544a9f46c5b58d50a10c6a77b8] 10.0.20.21 "GET /v2.0/ports?device_id=a09d0be2-07eb-4c27-9eb3-f8884c7ddf5c HTTP/1.1" status: 200  len: 1124 time: 0.5365000
2018-06-27 01:57:53.917 16654 INFO neutron.wsgi [req-67518355-71ed-49a5-b8d1-9b3a06ed64db 6c41c56f0fc34c67b136b9c1a5a62cd1 48042a07a9bb4f29899dfff32b93a80f - e1ccc9544a9f46c5b58d50a10c6a77b8 e1ccc9544a9f46c5b58d50a10c6a77b8] 10.0.20.21 "GET /v2.0/security-groups?id=5bfebfed-49e7-4726-9c93-3d5bdb509b96 HTTP/1.1" status: 200  len: 2118 time: 0.1071119
2018-06-27 01:58:06.920 16665 DEBUG neutron_lib.callbacks.manager [req-2764d4d6-79cb-494a-a40d-7c6f0138310e - - - - -] Notify callbacks ['neutron.services.segments.db._update_segment_host_mapping_for_agent-8733873408306'] for agent, after_update _notify_loop /usr/lib/python2.7/site-packages/neutron_lib/callbacks/manager.py:167
2018-06-27 01:58:07.019 16654 INFO neutron.wsgi [req-8e49f394-c674-4a1d-a992-5e2eb686d58e 6c41c56f0fc34c67b136b9c1a5a62cd1 48042a07a9bb4f29899dfff32b93a80f - e1ccc9544a9f46c5b58d50a10c6a77b8 e1ccc9544a9f46c5b58d50a10c6a77b8] 10.0.20.21 "GET /v2.0/ports?device_id=a09d0be2-07eb-4c27-9eb3-f8884c7ddf5c HTTP/1.1" status: 200  len: 1124 time: 0.6344650
2018-06-27 01:58:07.149 16654 INFO neutron.wsgi [req-6c417455-2478-4200-8c94-14befe8e8d7b 6c41c56f0fc34c67b136b9c1a5a62cd1 48042a07a9bb4f29899dfff32b93a80f - e1ccc9544a9f46c5b58d50a10c6a77b8 e1ccc9544a9f46c5b58d50a10c6a77b8] 10.0.20.21 "GET /v2.0/security-groups?id=5bfebfed-49e7-4726-9c93-3d5bdb509b96 HTTP/1.1" status: 200  len: 2118 time: 0.1241250
2018-06-27 01:58:08.114 16656 INFO neutron.wsgi [req-cb065265-7e94-494d-a72e-ac9ff3e24d63 59f963f90a0940d0a0321d158c75bc86 6ce4dd91709c441d9f1b40034ea03af4 - default default] 10.0.20.21 "GET /v2.0/ports?tenant_id=48042a07a9bb4f29899dfff32b93a80f&device_id=a09d0be2-07eb-4c27-9eb3-f8884c7ddf5c HTTP/1.1" status: 200  len: 1124 time: 0.1360400
2018-06-27 01:58:08.369 16656 DEBUG neutron.pecan_wsgi.hooks.policy_enforcement [req-c9d94150-5df4-4da2-a154-be2b2bcb5110 59f963f90a0940d0a0321d158c75bc86 6ce4dd91709c441d9f1b40034ea03af4 - default default] Attributes excluded by policy engine: [u'vlan_transparent'] _exclude_attributes_by_policy /usr/lib/python2.7/site-packages/neutron/pecan_wsgi/hooks/policy_enforcement.py:256
2018-06-27 01:58:08.371 16656 INFO neutron.wsgi [req-c9d94150-5df4-4da2-a154-be2b2bcb5110 59f963f90a0940d0a0321d158c75bc86 6ce4dd91709c441d9f1b40034ea03af4 - default default] 10.0.20.21 "GET /v2.0/networks?id=993a97a9-4dbc-4784-9b0b-28a4f534b7ab HTTP/1.1" status: 200  len: 885 time: 0.2483561
2018-06-27 01:58:08.426 16656 INFO neutron.wsgi [req-883b3498-d5de-4d93-8b99-1186621529b9 59f963f90a0940d0a0321d158c75bc86 6ce4dd91709c441d9f1b40034ea03af4 - default default] 10.0.20.21 "GET /v2.0/floatingips?fixed_ip_address=11.226.1.3&port_id=8cd77ea0-5227-4965-9396-3d31703e9499 HTTP/1.1" status: 200  len: 751 time: 0.0472221
2018-06-27 01:58:08.586 16656 DEBUG neutron.pecan_wsgi.hooks.policy_enforcement [req-938bad74-e3e1-43ef-a8aa-6c15bb113c78 59f963f90a0940d0a0321d158c75bc86 6ce4dd91709c441d9f1b40034ea03af4 - default default] Attributes excluded by policy engine: [u'shared'] _exclude_attributes_by_policy /usr/lib/python2.7/site-packages/neutron/pecan_wsgi/hooks/policy_enforcement.py:256
2018-06-27 01:58:08.588 16656 INFO neutron.wsgi [req-938bad74-e3e1-43ef-a8aa-6c15bb113c78 59f963f90a0940d0a0321d158c75bc86 6ce4dd91709c441d9f1b40034ea03af4 - default default] 10.0.20.21 "GET /v2.0/subnets?id=c68e81f0-bca1-4318-ba42-7cb251fcd98c HTTP/1.1" status: 200  len: 847 time: 0.1561949
2018-06-27 01:58:08.715 16656 INFO neutron.wsgi [req-17bf963e-2347-4338-bb36-5dd60ee95d65 59f963f90a0940d0a0321d158c75bc86 6ce4dd91709c441d9f1b40034ea03af4 - default default] 10.0.20.21 "GET /v2.0/ports?network_id=993a97a9-4dbc-4784-9b0b-28a4f534b7ab&device_owner=network%3Adhcp HTTP/1.1" status: 200  len: 1128 time: 0.1203251
2018-06-27 01:58:10.964 16669 DEBUG neutron_lib.callbacks.manager [req-18e823d6-77ec-4c9e-ab21-3870cb104561 - - - - -] Notify callbacks ['neutron.services.segments.db._update_segment_host_mapping_for_agent-8733873408306'] for agent, after_update _notify_loop /usr/lib/python2.7/site-packages/neutron_lib/callbacks/manager.py:167
2018-06-27 01:58:11.221 16665 DEBUG neutron.plugins.ml2.rpc [req-be7ac071-1c91-4dda-ba56-b0abaaa530cc - - - - -] Device 8cd77ea0-5227-4965-9396-3d31703e9499 no longer exists at agent ovs-agent-localhost.localdomain update_device_down /usr/lib/python2.7/site-packages/neutron/plugins/ml2/rpc.py:213
2018-06-27 01:58:11.438 16665 DEBUG neutron_lib.callbacks.manager [req-be7ac071-1c91-4dda-ba56-b0abaaa530cc - - - - -] Notify callbacks ['neutron.plugins.ml2.plugin.Ml2Plugin._ensure_default_security_group_handler--9223372036854297004'] for port, before_update _notify_loop /usr/lib/python2.7/site-packages/neutron_lib/callbacks/manager.py:167
2018-06-27 01:58:11.512 16665 DEBUG oslo_concurrency.lockutils [-] Lock "notifier-d13db7b0-92b0-4101-98f4-84c295d01f81" acquired by "neutron.notifiers.batch_notifier.synced_send" :: waited 0.000s inner /usr/lib/python2.7/site-packages/oslo_concurrency/lockutils.py:270
2018-06-27 01:58:11.513 16665 DEBUG neutron.notifiers.nova [-] Sending events: [{'status': 'completed', 'tag': u'8cd77ea0-5227-4965-9396-3d31703e9499', 'name': 'network-vif-unplugged', 'server_uuid': u'a09d0be2-07eb-4c27-9eb3-f8884c7ddf5c'}] send_events /usr/lib/python2.7/site-packages/neutron/notifiers/nova.py:242
2018-06-27 01:58:11.524 16665 DEBUG neutron.plugins.ml2.db [req-be7ac071-1c91-4dda-ba56-b0abaaa530cc - - - - -] For port 8cd77ea0-5227-4965-9396-3d31703e9499, host localhost.localdomain, got binding levels [<neutron.plugins.ml2.models.PortBindingLevel[object at 7f18358c5ad0] {port_id=u'8cd77ea0-5227-4965-9396-3d31703e9499', host=u'localhost.localdomain', level=0, driver=u'openvswitch', segment_id=u'6898eb51-516b-44ee-aa18-7a708e3613fe'}>] get_binding_levels /usr/lib/python2.7/site-packages/neutron/plugins/ml2/db.py:106
2018-06-27 01:58:11.538 16665 DEBUG neutron_lib.callbacks.manager [req-be7ac071-1c91-4dda-ba56-b0abaaa530cc - - - - -] Notify callbacks ['neutron.db.l3_hascheduler_db._notify_l3_agent_ha_port_update--9223363302981728982', 'neutron.plugins.ml2.plugin.Ml2Plugin.notify_sg_on_port_change-478953', 'neutron.api.rpc.agentnotifiers.dhcp_rpc_agent_api.DhcpAgentNotifyAPI._native_event_send_dhcp_notification-1553939', 'neutron.plugins.ml2.ovo_rpc._ObjectChangeHandler.handle_event-643618', 'neutron.db.l3_dvrscheduler_db._notify_l3_agent_port_update-8733873046231'] for port, after_update _notify_loop /usr/lib/python2.7/site-packages/neutron_lib/callbacks/manager.py:167
2018-06-27 01:58:11.558 16665 DEBUG oslo_concurrency.lockutils [-] Lock "event-dispatch" acquired by "neutron.plugins.ml2.ovo_rpc.dispatch_events" :: waited 0.000s inner /usr/lib/python2.7/site-packages/oslo_concurrency/lockutils.py:270
2018-06-27 01:58:11.719 16665 DEBUG neutron.api.rpc.handlers.resources_rpc [req-be7ac071-1c91-4dda-ba56-b0abaaa530cc - - - - -] neutron.api.rpc.handlers.resources_rpc.ResourcesPushRpcApi method push called with arguments (<neutron_lib.context.Context object at 0x7f1835aec150>, [Port(admin_state_up=True,allowed_address_pairs=[],binding=PortBinding,binding_levels=[PortBindingLevel],created_at=2018-06-26T23:55:04Z,data_plane_status=<?>,description='',device_id='a09d0be2-07eb-4c27-9eb3-f8884c7ddf5c',device_owner='compute:nova',dhcp_options=[],distributed_binding=None,dns=None,fixed_ips=[IPAllocation],id=8cd77ea0-5227-4965-9396-3d31703e9499,mac_address=fa:16:3e:57:33:e2,name='',network_id=993a97a9-4dbc-4784-9b0b-28a4f534b7ab,project_id='48042a07a9bb4f29899dfff32b93a80f',qos_policy_id=None,revision_number=7,security=PortSecurity(8cd77ea0-5227-4965-9396-3d31703e9499),security_group_ids=set([5bfebfed-49e7-4726-9c93-3d5bdb509b96]),status='DOWN',updated_at=2018-06-26T23:58:11Z)], 'updated') {} wrapper /usr/lib/python2.7/site-packages/oslo_log/helpers.py:66
2018-06-27 01:58:11.734 16665 DEBUG neutron.api.rpc.callbacks.version_manager [req-be7ac071-1c91-4dda-ba56-b0abaaa530cc - - - - -] Version for resource type Subnet changed None to 1.0 on consumer Open vSwitch agent@localhost.localdomain _set_version /usr/lib/python2.7/site-packages/neutron/api/rpc/callbacks/version_manager.py:119
2018-06-27 01:58:11.734 16665 DEBUG neutron.api.rpc.callbacks.version_manager [req-be7ac071-1c91-4dda-ba56-b0abaaa530cc - - - - -] Version for resource type Network changed None to 1.0 on consumer Open vSwitch agent@localhost.localdomain _set_version /usr/lib/python2.7/site-packages/neutron/api/rpc/callbacks/version_manager.py:119
2018-06-27 01:58:11.735 16665 DEBUG neutron.api.rpc.callbacks.version_manager [req-be7ac071-1c91-4dda-ba56-b0abaaa530cc - - - - -] Version for resource type SubPort changed None to 1.0 on consumer Open vSwitch agent@localhost.localdomain _set_version /usr/lib/python2.7/site-packages/neutron/api/rpc/callbacks/version_manager.py:119
2018-06-27 01:58:11.736 16665 DEBUG neutron.api.rpc.callbacks.version_manager [req-be7ac071-1c91-4dda-ba56-b0abaaa530cc - - - - -] Version for resource type SecurityGroup changed None to 1.0 on consumer Open vSwitch agent@localhost.localdomain _set_version /usr/lib/python2.7/site-packages/neutron/api/rpc/callbacks/version_manager.py:119
2018-06-27 01:58:11.736 16665 DEBUG neutron.api.rpc.callbacks.version_manager [req-be7ac071-1c91-4dda-ba56-b0abaaa530cc - - - - -] Version for resource type SecurityGroupRule changed None to 1.0 on consumer Open vSwitch agent@localhost.localdomain _set_version /usr/lib/python2.7/site-packages/neutron/api/rpc/callbacks/version_manager.py:119
2018-06-27 01:58:11.737 16665 DEBUG neutron.api.rpc.callbacks.version_manager [req-be7ac071-1c91-4dda-ba56-b0abaaa530cc - - - - -] Version for resource type Trunk changed None to 1.1 on consumer Open vSwitch agent@localhost.localdomain _set_version /usr/lib/python2.7/site-packages/neutron/api/rpc/callbacks/version_manager.py:119
2018-06-27 01:58:11.738 16665 DEBUG neutron.api.rpc.callbacks.version_manager [req-be7ac071-1c91-4dda-ba56-b0abaaa530cc - - - - -] Version for resource type QosPolicy changed None to 1.6 on consumer Open vSwitch agent@localhost.localdomain _set_version /usr/lib/python2.7/site-packages/neutron/api/rpc/callbacks/version_manager.py:119
2018-06-27 01:58:11.738 16665 DEBUG neutron.api.rpc.callbacks.version_manager [req-be7ac071-1c91-4dda-ba56-b0abaaa530cc - - - - -] Version for resource type Port changed None to 1.1 on consumer Open vSwitch agent@localhost.localdomain _set_version /usr/lib/python2.7/site-packages/neutron/api/rpc/callbacks/version_manager.py:119
2018-06-27 01:58:11.739 16665 DEBUG neutron.api.rpc.callbacks.version_manager [req-be7ac071-1c91-4dda-ba56-b0abaaa530cc - - - - -] Version for resource type Log changed None to 1.0 on consumer Open vSwitch agent@localhost.localdomain _set_version /usr/lib/python2.7/site-packages/neutron/api/rpc/callbacks/version_manager.py:119
2018-06-27 01:58:11.763 16665 DEBUG oslo_concurrency.lockutils [req-be7ac071-1c91-4dda-ba56-b0abaaa530cc - - - - -] Lock "event-dispatch" released by "neutron.plugins.ml2.ovo_rpc.dispatch_events" :: held 0.205s inner /usr/lib/python2.7/site-packages/oslo_concurrency/lockutils.py:282
2018-06-27 01:58:12.454 16665 DEBUG novaclient.v2.client [-] REQ: curl -g -i -X POST http://10.0.20.21:8774/v2.1/6ce4dd91709c441d9f1b40034ea03af4/os-server-external-events -H "User-Agent: python-novaclient" -H "Content-Type: application/json" -H "Accept: application/json" -H "X-OpenStack-Nova-API-Version: 2.1" -H "X-Auth-Token: {SHA1}ec1ef17c0aec772a9c9e4cc70a8f5c3683e8559a" -d '{"events": [{"status": "completed", "tag": "8cd77ea0-5227-4965-9396-3d31703e9499", "name": "network-vif-unplugged", "server_uuid": "a09d0be2-07eb-4c27-9eb3-f8884c7ddf5c"}]}' _http_log_request /usr/lib/python2.7/site-packages/keystoneauth1/session.py:375
2018-06-27 01:58:12.556 16675 DEBUG neutron.db.agents_db [req-2fb9f975-c74b-4e9a-b419-0c15533d0d25 - - - - -] Agent healthcheck: found 5 active agents agent_health_check /usr/lib/python2.7/site-packages/neutron/db/agents_db.py:281
2018-06-27 01:58:13.120 16665 DEBUG novaclient.v2.client [-] RESP: [200] Content-Length: 185 Content-Type: application/json Openstack-Api-Version: compute 2.1 X-Openstack-Nova-Api-Version: 2.1 Vary: OpenStack-API-Version, X-OpenStack-Nova-API-Version X-Openstack-Request-Id: req-683e8840-b87a-4b88-88ce-c5d51fb1bf6a X-Compute-Request-Id: req-683e8840-b87a-4b88-88ce-c5d51fb1bf6a Date: Tue, 26 Jun 2018 23:58:13 GMT Connection: keep-alive 
RESP BODY: {"events": [{"status": "completed", "tag": "8cd77ea0-5227-4965-9396-3d31703e9499", "name": "network-vif-unplugged", "server_uuid": "a09d0be2-07eb-4c27-9eb3-f8884c7ddf5c", "code": 200}]}
 _http_log_response /usr/lib/python2.7/site-packages/keystoneauth1/session.py:423
2018-06-27 01:58:13.120 16665 DEBUG novaclient.v2.client [-] POST call to compute for http://10.0.20.21:8774/v2.1/6ce4dd91709c441d9f1b40034ea03af4/os-server-external-events used request id req-683e8840-b87a-4b88-88ce-c5d51fb1bf6a request /usr/lib/python2.7/site-packages/keystoneauth1/session.py:727
2018-06-27 01:58:13.128 16665 INFO neutron.notifiers.nova [-] Nova event response: {u'status': u'completed', u'tag': u'8cd77ea0-5227-4965-9396-3d31703e9499', u'name': u'network-vif-unplugged', u'server_uuid': u'a09d0be2-07eb-4c27-9eb3-f8884c7ddf5c', u'code': 200}
2018-06-27 01:58:13.860 16672 DEBUG neutron_lib.callbacks.manager [req-be7ac071-1c91-4dda-ba56-b0abaaa530cc - - - - -] Notify callbacks ['neutron.services.segments.db._update_segment_host_mapping_for_agent-8733873408306'] for agent, after_update _notify_loop /usr/lib/python2.7/site-packages/neutron_lib/callbacks/manager.py:167
2018-06-27 01:58:14.607 16674 DEBUG neutron_lib.callbacks.manager [req-37e4ce78-72b2-41cc-9cc2-2a19a0fd24e9 - - - - -] Notify callbacks ['neutron.services.segments.db._update_segment_host_mapping_for_agent-8733873408306'] for agent, after_update _notify_loop /usr/lib/python2.7/site-packages/neutron_lib/callbacks/manager.py:167
2018-06-27 01:58:15.130 16665 DEBUG oslo_concurrency.lockutils [-] Lock "notifier-d13db7b0-92b0-4101-98f4-84c295d01f81" released by "neutron.notifiers.batch_notifier.synced_send" :: held 3.618s inner /usr/lib/python2.7/site-packages/oslo_concurrency/lockutils.py:282
2018-06-27 01:58:15.225 16658 INFO neutron.wsgi [req-893fc645-bd41-4622-94e4-a73ac595614b 6c41c56f0fc34c67b136b9c1a5a62cd1 48042a07a9bb4f29899dfff32b93a80f - e1ccc9544a9f46c5b58d50a10c6a77b8 e1ccc9544a9f46c5b58d50a10c6a77b8] 10.0.20.21 "GET /v2.0/ports?device_id=a09d0be2-07eb-4c27-9eb3-f8884c7ddf5c HTTP/1.1" status: 200  len: 1122 time: 0.5826600
2018-06-27 01:58:15.364 16658 INFO neutron.wsgi [req-8cce7d27-5a46-443f-a8d8-a76120dfb3b6 6c41c56f0fc34c67b136b9c1a5a62cd1 48042a07a9bb4f29899dfff32b93a80f - e1ccc9544a9f46c5b58d50a10c6a77b8 e1ccc9544a9f46c5b58d50a10c6a77b8] 10.0.20.21 "GET /v2.0/security-groups?id=5bfebfed-49e7-4726-9c93-3d5bdb509b96 HTTP/1.1" status: 200  len: 2118 time: 0.1350110
2018-06-27 01:58:18.369 16671 DEBUG neutron_lib.callbacks.manager [req-2b4975dd-e3bd-4dfd-b715-4f10b5649f22 - - - - -] Notify callbacks ['neutron.services.segments.db._update_segment_host_mapping_for_agent-8733873408306'] for agent, after_update _notify_loop /usr/lib/python2.7/site-packages/neutron_lib/callbacks/manager.py:167
2018-06-27 01:58:24.849 16654 INFO neutron.wsgi [req-28ea0858-2eb2-4ee0-9655-d6e703b71d16 b5c7d57bbd1a48d5a86a8095ce57bfd4 6ce4dd91709c441d9f1b40034ea03af4 - default default] 10.0.20.21 "GET /v2.0/ports?device_id=a09d0be2-07eb-4c27-9eb3-f8884c7ddf5c HTTP/1.1" status: 200  len: 1122 time: 0.1108661
2018-06-27 01:58:24.981 16654 INFO neutron.wsgi [req-e06bce61-451c-4882-bf41-50f94efb61d3 b5c7d57bbd1a48d5a86a8095ce57bfd4 6ce4dd91709c441d9f1b40034ea03af4 - default default] 10.0.20.21 "GET /v2.0/security-groups?id=5bfebfed-49e7-4726-9c93-3d5bdb509b96 HTTP/1.1" status: 200  len: 2118 time: 0.1254611
2018-06-27 01:58:25.145 16658 INFO neutron.wsgi [req-d404f21a-5c7c-49b5-89f0-8a20490d4448 6c41c56f0fc34c67b136b9c1a5a62cd1 48042a07a9bb4f29899dfff32b93a80f - e1ccc9544a9f46c5b58d50a10c6a77b8 e1ccc9544a9f46c5b58d50a10c6a77b8] 10.0.20.21 "GET /v2.0/ports?device_id=a09d0be2-07eb-4c27-9eb3-f8884c7ddf5c HTTP/1.1" status: 200  len: 1122 time: 0.8005149
2018-06-27 01:58:25.260 16658 INFO neutron.wsgi [req-1899c9d9-c840-4d44-8749-ebdf81f9d14d 6c41c56f0fc34c67b136b9c1a5a62cd1 48042a07a9bb4f29899dfff32b93a80f - e1ccc9544a9f46c5b58d50a10c6a77b8 e1ccc9544a9f46c5b58d50a10c6a77b8] 10.0.20.21 "GET /v2.0/security-groups?id=5bfebfed-49e7-4726-9c93-3d5bdb509b96 HTTP/1.1" status: 200  len: 2118 time: 0.1095181
2018-06-27 01:58:31.476 16672 DEBUG neutron.plugins.ml2.rpc [req-be7ac071-1c91-4dda-ba56-b0abaaa530cc - - - - -] Device 8cd77ea0-5227-4965-9396-3d31703e9499 up at agent ovs-agent-localhost.localdomain update_device_up /usr/lib/python2.7/site-packages/neutron/plugins/ml2/rpc.py:244
2018-06-27 01:58:31.683 16672 DEBUG neutron.db.provisioning_blocks [req-be7ac071-1c91-4dda-ba56-b0abaaa530cc - - - - -] Provisioning complete for port 8cd77ea0-5227-4965-9396-3d31703e9499 triggered by entity L2. provisioning_complete /usr/lib/python2.7/site-packages/neutron/db/provisioning_blocks.py:138
2018-06-27 01:58:31.684 16672 DEBUG neutron_lib.callbacks.manager [req-be7ac071-1c91-4dda-ba56-b0abaaa530cc - - - - -] Notify callbacks ['neutron.plugins.ml2.plugin.Ml2Plugin._port_provisioned-1728408'] for port, provisioning_complete _notify_loop /usr/lib/python2.7/site-packages/neutron_lib/callbacks/manager.py:167
2018-06-27 01:58:31.955 16672 DEBUG neutron_lib.callbacks.manager [req-be7ac071-1c91-4dda-ba56-b0abaaa530cc - - - - -] Notify callbacks ['neutron.plugins.ml2.plugin.Ml2Plugin._ensure_default_security_group_handler--9223372036854297004'] for port, before_update _notify_loop /usr/lib/python2.7/site-packages/neutron_lib/callbacks/manager.py:167
2018-06-27 01:58:32.053 16672 DEBUG neutron.plugins.ml2.db [req-be7ac071-1c91-4dda-ba56-b0abaaa530cc - - - - -] For port 8cd77ea0-5227-4965-9396-3d31703e9499, host localhost.localdomain, got binding levels [<neutron.plugins.ml2.models.PortBindingLevel[object at 7f1835a9a550] {port_id=u'8cd77ea0-5227-4965-9396-3d31703e9499', host=u'localhost.localdomain', level=0, driver=u'openvswitch', segment_id=u'6898eb51-516b-44ee-aa18-7a708e3613fe'}>] get_binding_levels /usr/lib/python2.7/site-packages/neutron/plugins/ml2/db.py:106
2018-06-27 01:58:32.058 16672 DEBUG oslo_concurrency.lockutils [-] Lock "notifier-d13db7b0-92b0-4101-98f4-84c295d01f81" acquired by "neutron.notifiers.batch_notifier.synced_send" :: waited 0.000s inner /usr/lib/python2.7/site-packages/oslo_concurrency/lockutils.py:270
2018-06-27 01:58:32.058 16672 DEBUG neutron.notifiers.nova [-] Sending events: [{'status': 'completed', 'tag': u'8cd77ea0-5227-4965-9396-3d31703e9499', 'name': 'network-vif-plugged', 'server_uuid': u'a09d0be2-07eb-4c27-9eb3-f8884c7ddf5c'}] send_events /usr/lib/python2.7/site-packages/neutron/notifiers/nova.py:242
2018-06-27 01:58:32.122 16672 DEBUG neutron_lib.callbacks.manager [req-be7ac071-1c91-4dda-ba56-b0abaaa530cc - - - - -] Notify callbacks ['neutron.db.l3_hascheduler_db._notify_l3_agent_ha_port_update--9223363302981728982', 'neutron.plugins.ml2.plugin.Ml2Plugin.notify_sg_on_port_change-478953', 'neutron.api.rpc.agentnotifiers.dhcp_rpc_agent_api.DhcpAgentNotifyAPI._native_event_send_dhcp_notification-1553939', 'neutron.plugins.ml2.ovo_rpc._ObjectChangeHandler.handle_event-643618', 'neutron.db.l3_dvrscheduler_db._notify_l3_agent_port_update-8733873046231'] for port, after_update _notify_loop /usr/lib/python2.7/site-packages/neutron_lib/callbacks/manager.py:167
2018-06-27 01:58:32.164 16672 DEBUG oslo_concurrency.lockutils [-] Lock "event-dispatch" acquired by "neutron.plugins.ml2.ovo_rpc.dispatch_events" :: waited 0.004s inner /usr/lib/python2.7/site-packages/oslo_concurrency/lockutils.py:270
2018-06-27 01:58:32.350 16672 DEBUG neutron.api.rpc.handlers.resources_rpc [req-be7ac071-1c91-4dda-ba56-b0abaaa530cc - - - - -] neutron.api.rpc.handlers.resources_rpc.ResourcesPushRpcApi method push called with arguments (<neutron_lib.context.Context object at 0x7f18359e78d0>, [Port(admin_state_up=True,allowed_address_pairs=[],binding=PortBinding,binding_levels=[PortBindingLevel],created_at=2018-06-26T23:55:04Z,data_plane_status=<?>,description='',device_id='a09d0be2-07eb-4c27-9eb3-f8884c7ddf5c',device_owner='compute:nova',dhcp_options=[],distributed_binding=None,dns=None,fixed_ips=[IPAllocation],id=8cd77ea0-5227-4965-9396-3d31703e9499,mac_address=fa:16:3e:57:33:e2,name='',network_id=993a97a9-4dbc-4784-9b0b-28a4f534b7ab,project_id='48042a07a9bb4f29899dfff32b93a80f',qos_policy_id=None,revision_number=8,security=PortSecurity(8cd77ea0-5227-4965-9396-3d31703e9499),security_group_ids=set([5bfebfed-49e7-4726-9c93-3d5bdb509b96]),status='ACTIVE',updated_at=2018-06-26T23:58:32Z)], 'updated') {} wrapper /usr/lib/python2.7/site-packages/oslo_log/helpers.py:66
2018-06-27 01:58:32.366 16672 DEBUG neutron.api.rpc.callbacks.version_manager [req-be7ac071-1c91-4dda-ba56-b0abaaa530cc - - - - -] Version for resource type Subnet changed None to 1.0 on consumer Open vSwitch agent@localhost.localdomain _set_version /usr/lib/python2.7/site-packages/neutron/api/rpc/callbacks/version_manager.py:119
2018-06-27 01:58:32.367 16672 DEBUG neutron.api.rpc.callbacks.version_manager [req-be7ac071-1c91-4dda-ba56-b0abaaa530cc - - - - -] Version for resource type Network changed None to 1.0 on consumer Open vSwitch agent@localhost.localdomain _set_version /usr/lib/python2.7/site-packages/neutron/api/rpc/callbacks/version_manager.py:119
2018-06-27 01:58:32.367 16672 DEBUG neutron.api.rpc.callbacks.version_manager [req-be7ac071-1c91-4dda-ba56-b0abaaa530cc - - - - -] Version for resource type SubPort changed None to 1.0 on consumer Open vSwitch agent@localhost.localdomain _set_version /usr/lib/python2.7/site-packages/neutron/api/rpc/callbacks/version_manager.py:119
2018-06-27 01:58:32.368 16672 DEBUG neutron.api.rpc.callbacks.version_manager [req-be7ac071-1c91-4dda-ba56-b0abaaa530cc - - - - -] Version for resource type SecurityGroup changed None to 1.0 on consumer Open vSwitch agent@localhost.localdomain _set_version /usr/lib/python2.7/site-packages/neutron/api/rpc/callbacks/version_manager.py:119
2018-06-27 01:58:32.369 16672 DEBUG neutron.api.rpc.callbacks.version_manager [req-be7ac071-1c91-4dda-ba56-b0abaaa530cc - - - - -] Version for resource type SecurityGroupRule changed None to 1.0 on consumer Open vSwitch agent@localhost.localdomain _set_version /usr/lib/python2.7/site-packages/neutron/api/rpc/callbacks/version_manager.py:119
2018-06-27 01:58:32.369 16672 DEBUG neutron.api.rpc.callbacks.version_manager [req-be7ac071-1c91-4dda-ba56-b0abaaa530cc - - - - -] Version for resource type Trunk changed None to 1.1 on consumer Open vSwitch agent@localhost.localdomain _set_version /usr/lib/python2.7/site-packages/neutron/api/rpc/callbacks/version_manager.py:119
2018-06-27 01:58:32.370 16672 DEBUG neutron.api.rpc.callbacks.version_manager [req-be7ac071-1c91-4dda-ba56-b0abaaa530cc - - - - -] Version for resource type QosPolicy changed None to 1.6 on consumer Open vSwitch agent@localhost.localdomain _set_version /usr/lib/python2.7/site-packages/neutron/api/rpc/callbacks/version_manager.py:119
2018-06-27 01:58:32.371 16672 DEBUG neutron.api.rpc.callbacks.version_manager [req-be7ac071-1c91-4dda-ba56-b0abaaa530cc - - - - -] Version for resource type Port changed None to 1.1 on consumer Open vSwitch agent@localhost.localdomain _set_version /usr/lib/python2.7/site-packages/neutron/api/rpc/callbacks/version_manager.py:119
2018-06-27 01:58:32.371 16672 DEBUG neutron.api.rpc.callbacks.version_manager [req-be7ac071-1c91-4dda-ba56-b0abaaa530cc - - - - -] Version for resource type Log changed None to 1.0 on consumer Open vSwitch agent@localhost.localdomain _set_version /usr/lib/python2.7/site-packages/neutron/api/rpc/callbacks/version_manager.py:119
2018-06-27 01:58:32.418 16672 DEBUG oslo_concurrency.lockutils [req-be7ac071-1c91-4dda-ba56-b0abaaa530cc - - - - -] Lock "event-dispatch" released by "neutron.plugins.ml2.ovo_rpc.dispatch_events" :: held 0.254s inner /usr/lib/python2.7/site-packages/oslo_concurrency/lockutils.py:282
2018-06-27 01:58:33.282 16672 DEBUG novaclient.v2.client [-] REQ: curl -g -i -X POST http://10.0.20.21:8774/v2.1/6ce4dd91709c441d9f1b40034ea03af4/os-server-external-events -H "User-Agent: python-novaclient" -H "Content-Type: application/json" -H "Accept: application/json" -H "X-OpenStack-Nova-API-Version: 2.1" -H "X-Auth-Token: {SHA1}54fe7094c17b82db02561c26fca30bff26e8fc47" -d '{"events": [{"status": "completed", "tag": "8cd77ea0-5227-4965-9396-3d31703e9499", "name": "network-vif-plugged", "server_uuid": "a09d0be2-07eb-4c27-9eb3-f8884c7ddf5c"}]}' _http_log_request /usr/lib/python2.7/site-packages/keystoneauth1/session.py:375
2018-06-27 01:58:33.368 16669 DEBUG neutron.plugins.ml2.rpc [req-be7ac071-1c91-4dda-ba56-b0abaaa530cc - - - - -] Device 8cd77ea0-5227-4965-9396-3d31703e9499 up at agent ovs-agent-localhost.localdomain update_device_up /usr/lib/python2.7/site-packages/neutron/plugins/ml2/rpc.py:244
2018-06-27 01:58:33.514 16669 DEBUG neutron.db.provisioning_blocks [req-be7ac071-1c91-4dda-ba56-b0abaaa530cc - - - - -] Provisioning complete for port 8cd77ea0-5227-4965-9396-3d31703e9499 triggered by entity L2. provisioning_complete /usr/lib/python2.7/site-packages/neutron/db/provisioning_blocks.py:138
2018-06-27 01:58:33.515 16669 DEBUG neutron_lib.callbacks.manager [req-be7ac071-1c91-4dda-ba56-b0abaaa530cc - - - - -] Notify callbacks ['neutron.plugins.ml2.plugin.Ml2Plugin._port_provisioned-1728408'] for port, provisioning_complete _notify_loop /usr/lib/python2.7/site-packages/neutron_lib/callbacks/manager.py:167
2018-06-27 01:58:34.444 16672 DEBUG novaclient.v2.client [-] RESP: [200] Content-Length: 183 Content-Type: application/json Openstack-Api-Version: compute 2.1 X-Openstack-Nova-Api-Version: 2.1 Vary: OpenStack-API-Version, X-OpenStack-Nova-API-Version X-Openstack-Request-Id: req-18c39035-2917-47fd-ad5e-35ee3943220e X-Compute-Request-Id: req-18c39035-2917-47fd-ad5e-35ee3943220e Date: Tue, 26 Jun 2018 23:58:34 GMT Connection: keep-alive 
RESP BODY: {"events": [{"status": "completed", "tag": "8cd77ea0-5227-4965-9396-3d31703e9499", "name": "network-vif-plugged", "server_uuid": "a09d0be2-07eb-4c27-9eb3-f8884c7ddf5c", "code": 200}]}
 _http_log_response /usr/lib/python2.7/site-packages/keystoneauth1/session.py:423
2018-06-27 01:58:34.445 16672 DEBUG novaclient.v2.client [-] POST call to compute for http://10.0.20.21:8774/v2.1/6ce4dd91709c441d9f1b40034ea03af4/os-server-external-events used request id req-18c39035-2917-47fd-ad5e-35ee3943220e request /usr/lib/python2.7/site-packages/keystoneauth1/session.py:727
2018-06-27 01:58:34.458 16672 INFO neutron.notifiers.nova [-] Nova event response: {u'status': u'completed', u'tag': u'8cd77ea0-5227-4965-9396-3d31703e9499', u'name': u'network-vif-plugged', u'server_uuid': u'a09d0be2-07eb-4c27-9eb3-f8884c7ddf5c', u'code': 200}
2018-06-27 01:58:36.460 16672 DEBUG oslo_concurrency.lockutils [-] Lock "notifier-d13db7b0-92b0-4101-98f4-84c295d01f81" released by "neutron.notifiers.batch_notifier.synced_send" :: held 4.402s inner /usr/lib/python2.7/site-packages/oslo_concurrency/lockutils.py:282
2018-06-27 01:58:36.957 16670 DEBUG neutron_lib.callbacks.manager [req-abf0844a-04fc-4cd3-bd7b-2d2fa32be95e - - - - -] Notify callbacks ['neutron.services.segments.db._update_segment_host_mapping_for_agent-8733873408306'] for agent, after_update _notify_loop /usr/lib/python2.7/site-packages/neutron_lib/callbacks/manager.py:167
2018-06-27 01:58:38.932 16657 INFO neutron.wsgi [req-b5a9b499-5ca7-43fe-a9c1-6a2d7d834f0f 6c41c56f0fc34c67b136b9c1a5a62cd1 48042a07a9bb4f29899dfff32b93a80f - e1ccc9544a9f46c5b58d50a10c6a77b8 e1ccc9544a9f46c5b58d50a10c6a77b8] 10.0.20.21 "GET /v2.0/ports?device_id=a09d0be2-07eb-4c27-9eb3-f8884c7ddf5c HTTP/1.1" status: 200  len: 1124 time: 0.9483030
2018-06-27 01:58:39.067 16657 INFO neutron.wsgi [req-68805e0d-82ce-4306-91ad-7add26806ce2 6c41c56f0fc34c67b136b9c1a5a62cd1 48042a07a9bb4f29899dfff32b93a80f - e1ccc9544a9f46c5b58d50a10c6a77b8 e1ccc9544a9f46c5b58d50a10c6a77b8] 10.0.20.21 "GET /v2.0/security-groups?id=5bfebfed-49e7-4726-9c93-3d5bdb509b96 HTTP/1.1" status: 200  len: 2118 time: 0.1289661
2018-06-27 01:58:40.938 16662 DEBUG neutron_lib.callbacks.manager [req-18e823d6-77ec-4c9e-ab21-3870cb104561 - - - - -] Notify callbacks ['neutron.services.segments.db._update_segment_host_mapping_for_agent-8733873408306'] for agent, after_update _notify_loop /usr/lib/python2.7/site-packages/neutron_lib/callbacks/manager.py:167
2018-06-27 01:58:43.849 16666 DEBUG neutron_lib.callbacks.manager [req-be7ac071-1c91-4dda-ba56-b0abaaa530cc - - - - -] Notify callbacks ['neutron.services.segments.db._update_segment_host_mapping_for_agent-8733873408306'] for agent, after_update _notify_loop /usr/lib/python2.7/site-packages/neutron_lib/callbacks/manager.py:167
2018-06-27 01:58:44.590 16664 DEBUG neutron_lib.callbacks.manager [req-37e4ce78-72b2-41cc-9cc2-2a19a0fd24e9 - - - - -] Notify callbacks ['neutron.services.segments.db._update_segment_host_mapping_for_agent-8733873408306'] for agent, after_update _notify_loop /usr/lib/python2.7/site-packages/neutron_lib/callbacks/manager.py:167
2018-06-27 01:58:48.377 16665 DEBUG neutron_lib.callbacks.manager [req-fd2adffe-899c-4969-a0f9-5974121602a6 - - - - -] Notify callbacks ['neutron.services.segments.db._update_segment_host_mapping_for_agent-8733873408306'] for agent, after_update _notify_loop /usr/lib/python2.7/site-packages/neutron_lib/callbacks/manager.py:167
2018-06-27 01:58:49.604 16675 DEBUG neutron.db.agents_db [req-2fb9f975-c74b-4e9a-b419-0c15533d0d25 - - - - -] Agent healthcheck: found 5 active agents agent_health_check /usr/lib/python2.7/site-packages/neutron/db/agents_db.py:281
2018-06-27 01:58:50.139 16656 INFO neutron.wsgi [req-abe944bf-113a-4108-bb74-8a0e7f7c8b8f 59f963f90a0940d0a0321d158c75bc86 6ce4dd91709c441d9f1b40034ea03af4 - default default] 10.0.20.21 "GET /v2.0/ports?tenant_id=f4a570c942f04ee3b556f3e6756b5a50&device_id=fbe9921b-01af-42ef-a506-f7a67f25f76a HTTP/1.1" status: 200  len: 1125 time: 0.1610432
2018-06-27 01:58:50.404 16656 DEBUG neutron.pecan_wsgi.hooks.policy_enforcement [req-45c7a1f0-f7c8-4f22-8fda-cee90d93b94f 59f963f90a0940d0a0321d158c75bc86 6ce4dd91709c441d9f1b40034ea03af4 - default default] Attributes excluded by policy engine: [u'vlan_transparent'] _exclude_attributes_by_policy /usr/lib/python2.7/site-packages/neutron/pecan_wsgi/hooks/policy_enforcement.py:256
2018-06-27 01:58:50.406 16656 INFO neutron.wsgi [req-45c7a1f0-f7c8-4f22-8fda-cee90d93b94f 59f963f90a0940d0a0321d158c75bc86 6ce4dd91709c441d9f1b40034ea03af4 - default default] 10.0.20.21 "GET /v2.0/networks?id=65a63b5d-4ab6-4a89-8fc5-4ab4c578efe5 HTTP/1.1" status: 200  len: 888 time: 0.2606380
2018-06-27 01:58:50.462 16656 INFO neutron.wsgi [req-126a0bd5-93fc-4d0d-baef-76d7aac55505 59f963f90a0940d0a0321d158c75bc86 6ce4dd91709c441d9f1b40034ea03af4 - default default] 10.0.20.21 "GET /v2.0/floatingips?fixed_ip_address=172.24.4.11&port_id=de636301-2b4d-4580-966c-2174f43d6448 HTTP/1.1" status: 200  len: 217 time: 0.0458691
2018-06-27 01:58:50.623 16656 DEBUG neutron.pecan_wsgi.hooks.policy_enforcement [req-48a00943-ea06-4506-a8bf-6e6094ee7ad3 59f963f90a0940d0a0321d158c75bc86 6ce4dd91709c441d9f1b40034ea03af4 - default default] Attributes excluded by policy engine: [u'shared'] _exclude_attributes_by_policy /usr/lib/python2.7/site-packages/neutron/pecan_wsgi/hooks/policy_enforcement.py:256
2018-06-27 01:58:50.630 16656 INFO neutron.wsgi [req-48a00943-ea06-4506-a8bf-6e6094ee7ad3 59f963f90a0940d0a0321d158c75bc86 6ce4dd91709c441d9f1b40034ea03af4 - default default] 10.0.20.21 "GET /v2.0/subnets?id=0db29b77-dce9-468d-9f4c-d777953f217f HTTP/1.1" status: 200  len: 819 time: 0.1605299
2018-06-27 01:58:50.722 16656 INFO neutron.wsgi [req-31c75cbc-d1df-47d1-8469-71d1ff1f83cd 59f963f90a0940d0a0321d158c75bc86 6ce4dd91709c441d9f1b40034ea03af4 - default default] 10.0.20.21 "GET /v2.0/ports?network_id=65a63b5d-4ab6-4a89-8fc5-4ab4c578efe5&device_owner=network%3Adhcp HTTP/1.1" status: 200  len: 210 time: 0.0883558
2018-06-27 01:58:58.142 16654 INFO neutron.wsgi [req-b2e59871-7762-4b33-8974-80cf9a846d42 59f963f90a0940d0a0321d158c75bc86 6ce4dd91709c441d9f1b40034ea03af4 - default default] 10.0.20.21 "GET /v2.0/ports?device_id=a09d0be2-07eb-4c27-9eb3-f8884c7ddf5c HTTP/1.1" status: 200  len: 1124 time: 0.4373410
2018-06-27 01:58:58.247 16654 INFO neutron.wsgi [req-3ddf0419-2f5d-474d-b0d5-a83b487e589a 59f963f90a0940d0a0321d158c75bc86 6ce4dd91709c441d9f1b40034ea03af4 - default default] 10.0.20.21 "GET /v2.0/security-groups?id=5bfebfed-49e7-4726-9c93-3d5bdb509b96 HTTP/1.1" status: 200  len: 2118 time: 0.1007340
2018-06-27 01:58:59.755 16654 DEBUG neutron.wsgi [-] (16654) accepted ('10.0.20.21', 60298) server /usr/lib/python2.7/site-packages/eventlet/wsgi.py:883
2018-06-27 01:59:00.379 16654 INFO neutron.wsgi [req-138c039c-d025-4579-a02b-cd76a5567f2d 59f963f90a0940d0a0321d158c75bc86 6ce4dd91709c441d9f1b40034ea03af4 - default default] 10.0.20.21 "GET /v2.0/ports?device_id=a09d0be2-07eb-4c27-9eb3-f8884c7ddf5c HTTP/1.1" status: 200  len: 1124 time: 0.6221471
2018-06-27 01:59:00.571 16654 INFO neutron.wsgi [req-16c0ece8-d9f1-4d78-a696-32f10127acb9 59f963f90a0940d0a0321d158c75bc86 6ce4dd91709c441d9f1b40034ea03af4 - default default] 10.0.20.21 "GET /v2.0/security-groups?id=5bfebfed-49e7-4726-9c93-3d5bdb509b96 HTTP/1.1" status: 200  len: 2118 time: 0.1281450
2018-06-27 01:59:02.239 16654 INFO neutron.wsgi [req-f503764e-044f-4322-8c9f-a7d8c731728e 59f963f90a0940d0a0321d158c75bc86 6ce4dd91709c441d9f1b40034ea03af4 - default default] 10.0.20.21 "GET /v2.0/ports?device_id=a09d0be2-07eb-4c27-9eb3-f8884c7ddf5c HTTP/1.1" status: 200  len: 1124 time: 0.6501510
2018-06-27 01:59:02.369 16654 INFO neutron.wsgi [req-36e383e4-958f-4ef2-b483-b50078a7e976 59f963f90a0940d0a0321d158c75bc86 6ce4dd91709c441d9f1b40034ea03af4 - default default] 10.0.20.21 "GET /v2.0/security-groups?id=5bfebfed-49e7-4726-9c93-3d5bdb509b96 HTTP/1.1" status: 200  len: 2118 time: 0.1237471
2018-06-27 01:59:03.695 16654 INFO neutron.wsgi [req-bb039ab9-cc15-4285-b5d3-43f41735108a 59f963f90a0940d0a0321d158c75bc86 6ce4dd91709c441d9f1b40034ea03af4 - default default] 10.0.20.21 "GET /v2.0/ports?device_id=a09d0be2-07eb-4c27-9eb3-f8884c7ddf5c HTTP/1.1" status: 200  len: 1124 time: 0.5906911
2018-06-27 01:59:03.831 16654 INFO neutron.wsgi [req-380afde5-ce92-44fa-bed8-fd02210c5795 59f963f90a0940d0a0321d158c75bc86 6ce4dd91709c441d9f1b40034ea03af4 - default default] 10.0.20.21 "GET /v2.0/security-groups?id=5bfebfed-49e7-4726-9c93-3d5bdb509b96 HTTP/1.1" status: 200  len: 2118 time: 0.1256099
2018-06-27 01:59:04.818 16661 INFO neutron.wsgi [req-ec2abde3-fd57-442d-ba8b-8ac6673ecf62 59f963f90a0940d0a0321d158c75bc86 6ce4dd91709c441d9f1b40034ea03af4 - default default] 10.0.20.21 "GET /v2.0/ports?device_id=a09d0be2-07eb-4c27-9eb3-f8884c7ddf5c HTTP/1.1" status: 200  len: 1124 time: 0.1819680
2018-06-27 01:59:04.969 16661 INFO neutron.wsgi [req-6e1619bf-f86f-4090-9824-a41fd867dd17 59f963f90a0940d0a0321d158c75bc86 6ce4dd91709c441d9f1b40034ea03af4 - default default] 10.0.20.21 "GET /v2.0/security-groups?id=5bfebfed-49e7-4726-9c93-3d5bdb509b96 HTTP/1.1" status: 200  len: 2118 time: 0.1434331
2018-06-27 01:59:06.922 16669 DEBUG neutron_lib.callbacks.manager [req-a1f86d88-5c53-44c1-9ade-7db785e9ae52 - - - - -] Notify callbacks ['neutron.services.segments.db._update_segment_host_mapping_for_agent-8733873408306'] for agent, after_update _notify_loop /usr/lib/python2.7/site-packages/neutron_lib/callbacks/manager.py:167
2018-06-27 01:59:07.245 16656 DEBUG neutron.wsgi [-] (16656) accepted ('10.0.20.21', 60864) server /usr/lib/python2.7/site-packages/eventlet/wsgi.py:883
2018-06-27 01:59:07.812 16656 INFO neutron.wsgi [req-76af5c76-e2d3-45de-8fdb-08f9355096f5 59f963f90a0940d0a0321d158c75bc86 6ce4dd91709c441d9f1b40034ea03af4 - default default] 10.0.20.21 "GET /v2.0/ports?device_id=a09d0be2-07eb-4c27-9eb3-f8884c7ddf5c HTTP/1.1" status: 200  len: 1124 time: 0.5652170
2018-06-27 01:59:07.995 16656 INFO neutron.wsgi [req-86310b40-1e7b-4deb-8f3e-448a695df467 59f963f90a0940d0a0321d158c75bc86 6ce4dd91709c441d9f1b40034ea03af4 - default default] 10.0.20.21 "GET /v2.0/security-groups?id=5bfebfed-49e7-4726-9c93-3d5bdb509b96 HTTP/1.1" status: 200  len: 2118 time: 0.1236980
2018-06-27 01:59:09.436 16654 INFO neutron.wsgi [req-e88b6689-77cf-4805-8108-c95b035dd338 59f963f90a0940d0a0321d158c75bc86 6ce4dd91709c441d9f1b40034ea03af4 - default default] 10.0.20.21 "GET /v2.0/ports?device_id=a09d0be2-07eb-4c27-9eb3-f8884c7ddf5c HTTP/1.1" status: 200  len: 1124 time: 0.4481671
2018-06-27 01:59:09.522 16654 INFO neutron.wsgi [req-e466b0c9-f339-4f22-994d-41ad0bf9f215 59f963f90a0940d0a0321d158c75bc86 6ce4dd91709c441d9f1b40034ea03af4 - default default] 10.0.20.21 "GET /v2.0/security-groups?id=5bfebfed-49e7-4726-9c93-3d5bdb509b96 HTTP/1.1" status: 200  len: 2118 time: 0.0818930
2018-06-27 01:59:10.946 16672 DEBUG neutron_lib.callbacks.manager [req-18e823d6-77ec-4c9e-ab21-3870cb104561 - - - - -] Notify callbacks ['neutron.services.segments.db._update_segment_host_mapping_for_agent-8733873408306'] for agent, after_update _notify_loop /usr/lib/python2.7/site-packages/neutron_lib/callbacks/manager.py:167
2018-06-27 01:59:13.857 16674 DEBUG neutron_lib.callbacks.manager [req-be7ac071-1c91-4dda-ba56-b0abaaa530cc - - - - -] Notify callbacks ['neutron.services.segments.db._update_segment_host_mapping_for_agent-8733873408306'] for agent, after_update _notify_loop /usr/lib/python2.7/site-packages/neutron_lib/callbacks/manager.py:167
2018-06-27 01:59:14.604 16671 DEBUG neutron_lib.callbacks.manager [req-37e4ce78-72b2-41cc-9cc2-2a19a0fd24e9 - - - - -] Notify callbacks ['neutron.services.segments.db._update_segment_host_mapping_for_agent-8733873408306'] for agent, after_update _notify_loop /usr/lib/python2.7/site-packages/neutron_lib/callbacks/manager.py:167
2018-06-27 01:59:18.388 16670 DEBUG neutron_lib.callbacks.manager [req-db31893b-a553-4177-aac1-b5bb25267ea4 - - - - -] Notify callbacks ['neutron.services.segments.db._update_segment_host_mapping_for_agent-8733873408306'] for agent, after_update _notify_loop /usr/lib/python2.7/site-packages/neutron_lib/callbacks/manager.py:167
2018-06-27 01:59:26.568 16675 DEBUG neutron.db.agents_db [req-2fb9f975-c74b-4e9a-b419-0c15533d0d25 - - - - -] Agent healthcheck: found 5 active agents agent_health_check /usr/lib/python2.7/site-packages/neutron/db/agents_db.py:281
2018-06-27 01:59:28.681 16661 DEBUG neutron.wsgi [-] (16661) accepted ('10.0.20.21', 32928) server /usr/lib/python2.7/site-packages/eventlet/wsgi.py:883
2018-06-27 01:59:28.684 16661 INFO neutron.wsgi [-] 10.0.20.21 "GET / HTTP/1.1" status: 200  len: 252 time: 0.0020471
2018-06-27 01:59:29.235 16661 INFO neutron.api.v2.resource [req-47317293-3bcb-4ac0-858d-3dafcc64896e 6c41c56f0fc34c67b136b9c1a5a62cd1 48042a07a9bb4f29899dfff32b93a80f - e1ccc9544a9f46c5b58d50a10c6a77b8 e1ccc9544a9f46c5b58d50a10c6a77b8] show failed (client error): The resource could not be found.
2018-06-27 01:59:29.237 16661 INFO neutron.wsgi [req-47317293-3bcb-4ac0-858d-3dafcc64896e 6c41c56f0fc34c67b136b9c1a5a62cd1 48042a07a9bb4f29899dfff32b93a80f - e1ccc9544a9f46c5b58d50a10c6a77b8 e1ccc9544a9f46c5b58d50a10c6a77b8] 10.0.20.21 "GET /v2.0/floatingips/172.24.4.12 HTTP/1.1" status: 404  len: 326 time: 0.5437880
2018-06-27 01:59:29.297 16661 DEBUG neutron.quota.resource [req-5a6664f6-5f37-40c7-9bfa-b87afd033b1e 6c41c56f0fc34c67b136b9c1a5a62cd1 48042a07a9bb4f29899dfff32b93a80f - e1ccc9544a9f46c5b58d50a10c6a77b8 e1ccc9544a9f46c5b58d50a10c6a77b8] Synchronizing usage tracker for tenant:48042a07a9bb4f29899dfff32b93a80f on resource:floatingip resync /usr/lib/python2.7/site-packages/neutron/quota/resource.py:245
2018-06-27 01:59:29.363 16661 DEBUG neutron.quota.resource [req-5a6664f6-5f37-40c7-9bfa-b87afd033b1e 6c41c56f0fc34c67b136b9c1a5a62cd1 48042a07a9bb4f29899dfff32b93a80f - e1ccc9544a9f46c5b58d50a10c6a77b8 e1ccc9544a9f46c5b58d50a10c6a77b8] Unset dirty status for tenant:48042a07a9bb4f29899dfff32b93a80f on resource:floatingip _resync /usr/lib/python2.7/site-packages/neutron/quota/resource.py:237
2018-06-27 01:59:29.366 16661 INFO neutron.wsgi [req-5a6664f6-5f37-40c7-9bfa-b87afd033b1e 6c41c56f0fc34c67b136b9c1a5a62cd1 48042a07a9bb4f29899dfff32b93a80f - e1ccc9544a9f46c5b58d50a10c6a77b8 e1ccc9544a9f46c5b58d50a10c6a77b8] 10.0.20.21 "GET /v2.0/floatingips HTTP/1.1" status: 200  len: 1743 time: 0.1203990
2018-06-27 01:59:29.456 16661 DEBUG neutron.plugins.ml2.plugin [req-3ad24311-f60b-4b07-9bce-9d0d5248bdc3 6c41c56f0fc34c67b136b9c1a5a62cd1 48042a07a9bb4f29899dfff32b93a80f - e1ccc9544a9f46c5b58d50a10c6a77b8 e1ccc9544a9f46c5b58d50a10c6a77b8] Deleting port 66fce421-0920-4d07-90d1-ebd42c1e207f _pre_delete_port /usr/lib/python2.7/site-packages/neutron/plugins/ml2/plugin.py:1488
2018-06-27 01:59:29.457 16661 DEBUG neutron_lib.callbacks.manager [req-3ad24311-f60b-4b07-9bce-9d0d5248bdc3 6c41c56f0fc34c67b136b9c1a5a62cd1 48042a07a9bb4f29899dfff32b93a80f - e1ccc9544a9f46c5b58d50a10c6a77b8 e1ccc9544a9f46c5b58d50a10c6a77b8] Notify callbacks ['neutron.db.l3_db._prevent_l3_port_delete_callback-8733873608166'] for port, before_delete _notify_loop /usr/lib/python2.7/site-packages/neutron_lib/callbacks/manager.py:167
2018-06-27 01:59:29.847 16661 DEBUG neutron.plugins.ml2.plugin [req-3ad24311-f60b-4b07-9bce-9d0d5248bdc3 6c41c56f0fc34c67b136b9c1a5a62cd1 48042a07a9bb4f29899dfff32b93a80f - e1ccc9544a9f46c5b58d50a10c6a77b8 e1ccc9544a9f46c5b58d50a10c6a77b8] Calling delete_port for 66fce421-0920-4d07-90d1-ebd42c1e207f owned by network:floatingip delete_port /usr/lib/python2.7/site-packages/neutron/plugins/ml2/plugin.py:1547
2018-06-27 01:59:30.131 16661 DEBUG neutron_lib.callbacks.manager [req-3ad24311-f60b-4b07-9bce-9d0d5248bdc3 6c41c56f0fc34c67b136b9c1a5a62cd1 48042a07a9bb4f29899dfff32b93a80f - e1ccc9544a9f46c5b58d50a10c6a77b8 e1ccc9544a9f46c5b58d50a10c6a77b8] Notify callbacks ['neutron.db.l3_db._notify_routers_callback--9223363302981189696', 'neutron.db.l3_dvrscheduler_db._notify_port_delete--9223363302981729585', 'neutron.plugins.ml2.plugin.Ml2Plugin.notify_sg_on_port_change-478953', 'neutron.api.rpc.agentnotifiers.dhcp_rpc_agent_api.DhcpAgentNotifyAPI._native_event_send_dhcp_notification-1553939', 'neutron.plugins.ml2.ovo_rpc._ObjectChangeHandler.handle_event-643618'] for port, after_delete _notify_loop /usr/lib/python2.7/site-packages/neutron_lib/callbacks/manager.py:167
2018-06-27 01:59:30.388 16661 DEBUG oslo_concurrency.lockutils [-] Lock "event-dispatch" acquired by "neutron.plugins.ml2.ovo_rpc.dispatch_events" :: waited 0.001s inner /usr/lib/python2.7/site-packages/oslo_concurrency/lockutils.py:270
2018-06-27 01:59:30.439 16661 DEBUG neutron.api.rpc.handlers.resources_rpc [req-3ad24311-f60b-4b07-9bce-9d0d5248bdc3 6c41c56f0fc34c67b136b9c1a5a62cd1 48042a07a9bb4f29899dfff32b93a80f - - -] neutron.api.rpc.handlers.resources_rpc.ResourcesPushRpcApi method push called with arguments (<neutron_lib.context.Context object at 0x7f1835fa7110>, [Port(admin_state_up=<?>,allowed_address_pairs=<?>,binding=<?>,binding_levels=<?>,created_at=<?>,data_plane_status=<?>,description=<?>,device_id=<?>,device_owner=<?>,dhcp_options=<?>,distributed_binding=<?>,dns=<?>,fixed_ips=<?>,id=66fce421-0920-4d07-90d1-ebd42c1e207f,mac_address=<?>,name=<?>,network_id=<?>,project_id=<?>,qos_policy_id=None,revision_number=<?>,security=<?>,security_group_ids=None,status=<?>,updated_at=<?>)], 'deleted') {} wrapper /usr/lib/python2.7/site-packages/oslo_log/helpers.py:66
2018-06-27 01:59:30.498 16661 DEBUG neutron.api.rpc.callbacks.version_manager [req-3ad24311-f60b-4b07-9bce-9d0d5248bdc3 6c41c56f0fc34c67b136b9c1a5a62cd1 48042a07a9bb4f29899dfff32b93a80f - - -] Version for resource type Subnet changed None to 1.0 on consumer Open vSwitch agent@localhost.localdomain _set_version /usr/lib/python2.7/site-packages/neutron/api/rpc/callbacks/version_manager.py:119
