2018-09-13 14:07:18.029 15201 DEBUG neutron.plugins.ml2.rpc [req-8a56263c-44fb-420c-aebe-985fdf9c2833 - - - - -] Device 4ecc6cb4-6ba7-447c-84b8-602cd74cbbb9 up at agent ovs-agent-localhost.localdomain update_device_up /usr/lib/python2.7/site-packages/neutron/plugins/ml2/rpc.py:244
2018-09-13 14:07:18.146 15201 DEBUG neutron.db.provisioning_blocks [req-8a56263c-44fb-420c-aebe-985fdf9c2833 - - - - -] Provisioning complete for port 4ecc6cb4-6ba7-447c-84b8-602cd74cbbb9 triggered by entity L2. provisioning_complete /usr/lib/python2.7/site-packages/neutron/db/provisioning_blocks.py:138
2018-09-13 14:07:18.146 15201 DEBUG neutron_lib.callbacks.manager [req-8a56263c-44fb-420c-aebe-985fdf9c2833 - - - - -] Notify callbacks ['neutron.plugins.ml2.plugin.Ml2Plugin._port_provisioned--9223372036853526271'] for port, provisioning_complete _notify_loop /usr/lib/python2.7/site-packages/neutron_lib/callbacks/manager.py:167
2018-09-13 14:07:19.825 15202 DEBUG oslo_concurrency.lockutils [-] Lock "notifier-54642a4d-86c5-4880-be5c-1a3f514252ca" released by "neutron.notifiers.batch_notifier.synced_send" :: held 3.383s inner /usr/lib/python2.7/site-packages/oslo_concurrency/lockutils.py:282
2018-09-13 14:07:26.080 15201 DEBUG neutron_lib.callbacks.manager [req-8080e663-494a-4243-9a6f-46eda12e61c1 - - - - -] Notify callbacks ['neutron.services.segments.db._update_segment_host_mapping_for_agent--9223363247941661895'] for agent, after_update _notify_loop /usr/lib/python2.7/site-packages/neutron_lib/callbacks/manager.py:167
2018-09-13 14:07:26.278 15205 DEBUG neutron_lib.callbacks.manager [req-8a56263c-44fb-420c-aebe-985fdf9c2833 - - - - -] Notify callbacks ['neutron.services.segments.db._update_segment_host_mapping_for_agent--9223363247941661895'] for agent, after_update _notify_loop /usr/lib/python2.7/site-packages/neutron_lib/callbacks/manager.py:167
2018-09-13 14:07:28.331 15206 DEBUG neutron_lib.callbacks.manager [req-0ef622ef-117c-4b79-be01-4a3099d7b80f - - - - -] Notify callbacks ['neutron.services.segments.db._update_segment_host_mapping_for_agent--9223363247941661895'] for agent, after_update _notify_loop /usr/lib/python2.7/site-packages/neutron_lib/callbacks/manager.py:167
2018-09-13 14:07:28.771 15202 DEBUG neutron_lib.callbacks.manager [req-64e607c0-7be8-4789-9cd4-0d510c9ddf83 - - - - -] Notify callbacks ['neutron.services.segments.db._update_segment_host_mapping_for_agent--9223363247941661895'] for agent, after_update _notify_loop /usr/lib/python2.7/site-packages/neutron_lib/callbacks/manager.py:167
2018-09-13 14:07:32.048 15209 DEBUG neutron.db.agents_db [req-3602e86b-0c0b-4954-a36a-961714bd9383 - - - - -] Agent healthcheck: found 5 active agents agent_health_check /usr/lib/python2.7/site-packages/neutron/db/agents_db.py:281
2018-09-13 14:07:37.995 15196 INFO neutron.wsgi [req-ded807ab-d87b-4a24-8c08-6b35712dd500 d1138ec1c77349f9b95c6580aab47cb8 007b5c587a144e49a50c9008f27cd2bd - default default] 10.0.20.22 "GET /v2.0/ports?device_id=0a7e3a32-dd0a-44ea-aff9-ccc89453f72b HTTP/1.1" status: 200  len: 1124 time: 0.1109881
2018-09-13 14:07:38.129 15196 INFO neutron.wsgi [req-e16ebfa5-9750-46c9-9c69-93f30f5d54a9 d1138ec1c77349f9b95c6580aab47cb8 007b5c587a144e49a50c9008f27cd2bd - default default] 10.0.20.22 "GET /v2.0/security-groups?id=4a9b0231-6c48-4fa4-ba1d-42b11df1250b HTTP/1.1" status: 200  len: 2118 time: 0.1266239
2018-09-13 14:07:39.982 15190 DEBUG neutron.wsgi [-] (15190) accepted ('10.0.20.22', 37722) server /usr/lib/python2.7/site-packages/eventlet/wsgi.py:883
2018-09-13 14:07:40.609 15190 INFO neutron.wsgi [req-c3d79386-55d0-4f83-8128-635d53cb76e3 d1138ec1c77349f9b95c6580aab47cb8 007b5c587a144e49a50c9008f27cd2bd - default default] 10.0.20.22 "GET /v2.0/ports?device_id=0a7e3a32-dd0a-44ea-aff9-ccc89453f72b HTTP/1.1" status: 200  len: 1124 time: 0.6260059
2018-09-13 14:07:40.686 15190 INFO neutron.wsgi [req-64c087dc-ea9f-4912-affc-93ee8d5baa73 d1138ec1c77349f9b95c6580aab47cb8 007b5c587a144e49a50c9008f27cd2bd - default default] 10.0.20.22 "GET /v2.0/security-groups?id=4a9b0231-6c48-4fa4-ba1d-42b11df1250b HTTP/1.1" status: 200  len: 2118 time: 0.0700660
2018-09-13 14:07:41.088 15190 INFO neutron.wsgi [req-7ed1ab6f-a599-43cc-907e-29e7650c38ae d1138ec1c77349f9b95c6580aab47cb8 007b5c587a144e49a50c9008f27cd2bd - default default] 10.0.20.22 "GET /v2.0/ports?device_id=0a7e3a32-dd0a-44ea-aff9-ccc89453f72b HTTP/1.1" status: 200  len: 1124 time: 0.1001239
2018-09-13 14:07:41.178 15190 INFO neutron.wsgi [req-80428cf1-f2a6-4459-ba49-7d3a197b13c2 d1138ec1c77349f9b95c6580aab47cb8 007b5c587a144e49a50c9008f27cd2bd - default default] 10.0.20.22 "GET /v2.0/security-groups?id=4a9b0231-6c48-4fa4-ba1d-42b11df1250b HTTP/1.1" status: 200  len: 2118 time: 0.0835588
2018-09-13 14:07:42.131 15203 DEBUG neutron_lib.callbacks.manager [req-f62ea0c6-3b57-40f6-a8e2-4eba849d24ec - - - - -] Notify callbacks ['neutron.services.segments.db._update_segment_host_mapping_for_agent--9223363247941661895'] for agent, after_update _notify_loop /usr/lib/python2.7/site-packages/neutron_lib/callbacks/manager.py:167
2018-09-13 14:07:42.682 15190 INFO neutron.wsgi [req-d056ace6-e6e6-42ff-83dd-2d180fabccce d1138ec1c77349f9b95c6580aab47cb8 007b5c587a144e49a50c9008f27cd2bd - default default] 10.0.20.22 "GET /v2.0/ports?device_id=0a7e3a32-dd0a-44ea-aff9-ccc89453f72b HTTP/1.1" status: 200  len: 1124 time: 0.1061740
2018-09-13 14:07:42.775 15190 INFO neutron.wsgi [req-f4d52d7c-fbce-4b83-9992-545c9ea4993f d1138ec1c77349f9b95c6580aab47cb8 007b5c587a144e49a50c9008f27cd2bd - default default] 10.0.20.22 "GET /v2.0/security-groups?id=4a9b0231-6c48-4fa4-ba1d-42b11df1250b HTTP/1.1" status: 200  len: 2118 time: 0.0866239
2018-09-13 14:07:43.516 15196 INFO neutron.wsgi [req-feba354d-fd09-43c6-89d7-fc57e8835eea d1138ec1c77349f9b95c6580aab47cb8 007b5c587a144e49a50c9008f27cd2bd - default default] 10.0.20.22 "GET /v2.0/ports?device_id=0a7e3a32-dd0a-44ea-aff9-ccc89453f72b HTTP/1.1" status: 200  len: 1124 time: 0.1280429
2018-09-13 14:07:43.616 15196 INFO neutron.wsgi [req-d876dc28-64eb-4a7b-a3b3-185b71fc1aaa d1138ec1c77349f9b95c6580aab47cb8 007b5c587a144e49a50c9008f27cd2bd - default default] 10.0.20.22 "GET /v2.0/security-groups?id=4a9b0231-6c48-4fa4-ba1d-42b11df1250b HTTP/1.1" status: 200  len: 2118 time: 0.0927470
2018-09-13 14:07:56.080 15207 DEBUG neutron_lib.callbacks.manager [req-9593b500-7c3b-41b3-a421-b7e416a7d229 - - - - -] Notify callbacks ['neutron.services.segments.db._update_segment_host_mapping_for_agent--9223363247941661895'] for agent, after_update _notify_loop /usr/lib/python2.7/site-packages/neutron_lib/callbacks/manager.py:167
2018-09-13 14:07:56.267 15199 DEBUG neutron_lib.callbacks.manager [req-8a56263c-44fb-420c-aebe-985fdf9c2833 - - - - -] Notify callbacks ['neutron.services.segments.db._update_segment_host_mapping_for_agent--9223363247941661895'] for agent, after_update _notify_loop /usr/lib/python2.7/site-packages/neutron_lib/callbacks/manager.py:167
2018-09-13 14:07:58.331 15208 DEBUG neutron_lib.callbacks.manager [req-a3e9a88a-dc0b-4045-9074-caac744dab04 - - - - -] Notify callbacks ['neutron.services.segments.db._update_segment_host_mapping_for_agent--9223363247941661895'] for agent, after_update _notify_loop /usr/lib/python2.7/site-packages/neutron_lib/callbacks/manager.py:167
2018-09-13 14:07:58.774 15200 DEBUG neutron_lib.callbacks.manager [req-64e607c0-7be8-4789-9cd4-0d510c9ddf83 - - - - -] Notify callbacks ['neutron.services.segments.db._update_segment_host_mapping_for_agent--9223363247941661895'] for agent, after_update _notify_loop /usr/lib/python2.7/site-packages/neutron_lib/callbacks/manager.py:167
2018-09-13 14:07:58.994 15190 DEBUG neutron.wsgi [-] (15190) accepted ('10.0.20.22', 37768) server /usr/lib/python2.7/site-packages/eventlet/wsgi.py:883
2018-09-13 14:07:58.997 15190 INFO neutron.wsgi [-] 10.0.20.22 "GET / HTTP/1.1" status: 200  len: 252 time: 0.0019500
2018-09-13 14:07:59.437 15190 INFO neutron.api.v2.resource [req-960bfba2-30ba-4399-8609-5b0922558ee5 375c0f9c7b7a4cbca2b48006e38d6daf 5c463417f9c7451baf3ebef3028d85de - cacf5f8ef0e54722812ed33fa318e37f cacf5f8ef0e54722812ed33fa318e37f] show failed (client error): The resource could not be found.
2018-09-13 14:07:59.439 15190 INFO neutron.wsgi [req-960bfba2-30ba-4399-8609-5b0922558ee5 375c0f9c7b7a4cbca2b48006e38d6daf 5c463417f9c7451baf3ebef3028d85de - cacf5f8ef0e54722812ed33fa318e37f cacf5f8ef0e54722812ed33fa318e37f] 10.0.20.22 "GET /v2.0/floatingips/172.24.4.14 HTTP/1.1" status: 404  len: 325 time: 0.4365728
2018-09-13 14:07:59.477 15190 INFO neutron.wsgi [req-a18a029d-0dfa-453b-bf2d-8d5ae711f0e9 375c0f9c7b7a4cbca2b48006e38d6daf 5c463417f9c7451baf3ebef3028d85de - cacf5f8ef0e54722812ed33fa318e37f cacf5f8ef0e54722812ed33fa318e37f] 10.0.20.22 "GET /v2.0/floatingips HTTP/1.1" status: 200  len: 1209 time: 0.0324240
2018-09-13 14:07:59.541 15190 DEBUG neutron.plugins.ml2.plugin [req-d45e23d1-a079-41a3-84b1-04778940fe9e 375c0f9c7b7a4cbca2b48006e38d6daf 5c463417f9c7451baf3ebef3028d85de - cacf5f8ef0e54722812ed33fa318e37f cacf5f8ef0e54722812ed33fa318e37f] Deleting port 398895ad-89f5-42b1-b6b1-673df5ee3eac _pre_delete_port /usr/lib/python2.7/site-packages/neutron/plugins/ml2/plugin.py:915
2018-09-13 14:07:59.542 15190 DEBUG neutron_lib.callbacks.manager [req-d45e23d1-a079-41a3-84b1-04778940fe9e 375c0f9c7b7a4cbca2b48006e38d6daf 5c463417f9c7451baf3ebef3028d85de - cacf5f8ef0e54722812ed33fa318e37f cacf5f8ef0e54722812ed33fa318e37f] Notify callbacks ['neutron.db.l3_db._prevent_l3_port_delete_callback--9223363247941455092'] for port, before_delete _notify_loop /usr/lib/python2.7/site-packages/neutron_lib/callbacks/manager.py:167
2018-09-13 14:07:59.857 15190 DEBUG neutron.plugins.ml2.plugin [req-d45e23d1-a079-41a3-84b1-04778940fe9e 375c0f9c7b7a4cbca2b48006e38d6daf 5c463417f9c7451baf3ebef3028d85de - cacf5f8ef0e54722812ed33fa318e37f cacf5f8ef0e54722812ed33fa318e37f] Calling delete_port for 398895ad-89f5-42b1-b6b1-673df5ee3eac owned by network:floatingip delete_port /usr/lib/python2.7/site-packages/neutron/plugins/ml2/plugin.py:955
2018-09-13 14:08:00.119 15190 DEBUG neutron_lib.callbacks.manager [req-d45e23d1-a079-41a3-84b1-04778940fe9e 375c0f9c7b7a4cbca2b48006e38d6daf 5c463417f9c7451baf3ebef3028d85de - cacf5f8ef0e54722812ed33fa318e37f cacf5f8ef0e54722812ed33fa318e37f] Notify callbacks ['neutron.db.l3_dvrscheduler_db._notify_port_delete-8788912767538', 'neutron.plugins.ml2.ovo_rpc._ObjectChangeHandler.handle_event-571176', 'neutron.api.rpc.agentnotifiers.dhcp_rpc_agent_api.DhcpAgentNotifyAPI._native_event_send_dhcp_notification-1460131', 'neutron.plugins.ml2.plugin.Ml2Plugin.notify_sg_on_port_change-529809', 'neutron.db.l3_db._notify_routers_callback--9223363247941451810'] for port, after_delete _notify_loop /usr/lib/python2.7/site-packages/neutron_lib/callbacks/manager.py:167
2018-09-13 14:08:00.199 15190 DEBUG oslo_concurrency.lockutils [-] Lock "event-dispatch" acquired by "neutron.plugins.ml2.ovo_rpc.dispatch_events" :: waited 0.000s inner /usr/lib/python2.7/site-packages/oslo_concurrency/lockutils.py:270
2018-09-13 14:08:00.320 15190 DEBUG neutron.api.rpc.handlers.resources_rpc [req-d45e23d1-a079-41a3-84b1-04778940fe9e 375c0f9c7b7a4cbca2b48006e38d6daf 5c463417f9c7451baf3ebef3028d85de - - -] neutron.api.rpc.handlers.resources_rpc.ResourcesPushRpcApi method push called with arguments (<neutron_lib.context.Context object at 0x7fe53fcaa310>, [Port(admin_state_up=<?>,allowed_address_pairs=<?>,binding=<?>,binding_levels=<?>,created_at=<?>,data_plane_status=<?>,description=<?>,device_id=<?>,device_owner=<?>,dhcp_options=<?>,distributed_binding=<?>,dns=<?>,fixed_ips=<?>,id=398895ad-89f5-42b1-b6b1-673df5ee3eac,mac_address=<?>,name=<?>,network_id=<?>,project_id=<?>,qos_policy_id=None,revision_number=<?>,security=<?>,security_group_ids=None,status=<?>,updated_at=<?>)], 'deleted') {} wrapper /usr/lib/python2.7/site-packages/oslo_log/helpers.py:66
2018-09-13 14:08:00.346 15190 DEBUG neutron.api.rpc.callbacks.version_manager [req-d45e23d1-a079-41a3-84b1-04778940fe9e 375c0f9c7b7a4cbca2b48006e38d6daf 5c463417f9c7451baf3ebef3028d85de - - -] Version for resource type Subnet changed None to 1.0 on consumer Open vSwitch agent@localhost.localdomain _set_version /usr/lib/python2.7/site-packages/neutron/api/rpc/callbacks/version_manager.py:119
2018-09-13 14:08:00.346 15190 DEBUG neutron.api.rpc.callbacks.version_manager [req-d45e23d1-a079-41a3-84b1-04778940fe9e 375c0f9c7b7a4cbca2b48006e38d6daf 5c463417f9c7451baf3ebef3028d85de - - -] Version for resource type Network changed None to 1.0 on consumer Open vSwitch agent@localhost.localdomain _set_version /usr/lib/python2.7/site-packages/neutron/api/rpc/callbacks/version_manager.py:119
2018-09-13 14:08:00.347 15190 DEBUG neutron.api.rpc.callbacks.version_manager [req-d45e23d1-a079-41a3-84b1-04778940fe9e 375c0f9c7b7a4cbca2b48006e38d6daf 5c463417f9c7451baf3ebef3028d85de - - -] Version for resource type SubPort changed None to 1.0 on consumer Open vSwitch agent@localhost.localdomain _set_version /usr/lib/python2.7/site-packages/neutron/api/rpc/callbacks/version_manager.py:119
2018-09-13 14:08:00.347 15190 DEBUG neutron.api.rpc.callbacks.version_manager [req-d45e23d1-a079-41a3-84b1-04778940fe9e 375c0f9c7b7a4cbca2b48006e38d6daf 5c463417f9c7451baf3ebef3028d85de - - -] Version for resource type SecurityGroup changed None to 1.0 on consumer Open vSwitch agent@localhost.localdomain _set_version /usr/lib/python2.7/site-packages/neutron/api/rpc/callbacks/version_manager.py:119
2018-09-13 14:08:00.348 15190 DEBUG neutron.api.rpc.callbacks.version_manager [req-d45e23d1-a079-41a3-84b1-04778940fe9e 375c0f9c7b7a4cbca2b48006e38d6daf 5c463417f9c7451baf3ebef3028d85de - - -] Version for resource type SecurityGroupRule changed None to 1.0 on consumer Open vSwitch agent@localhost.localdomain _set_version /usr/lib/python2.7/site-packages/neutron/api/rpc/callbacks/version_manager.py:119
2018-09-13 14:08:00.349 15190 DEBUG neutron.api.rpc.callbacks.version_manager [req-d45e23d1-a079-41a3-84b1-04778940fe9e 375c0f9c7b7a4cbca2b48006e38d6daf 5c463417f9c7451baf3ebef3028d85de - - -] Version for resource type Trunk changed None to 1.1 on consumer Open vSwitch agent@localhost.localdomain _set_version /usr/lib/python2.7/site-packages/neutron/api/rpc/callbacks/version_manager.py:119
2018-09-13 14:08:00.349 15190 DEBUG neutron.api.rpc.callbacks.version_manager [req-d45e23d1-a079-41a3-84b1-04778940fe9e 375c0f9c7b7a4cbca2b48006e38d6daf 5c463417f9c7451baf3ebef3028d85de - - -] Version for resource type QosPolicy changed None to 1.6 on consumer Open vSwitch agent@localhost.localdomain _set_version /usr/lib/python2.7/site-packages/neutron/api/rpc/callbacks/version_manager.py:119
2018-09-13 14:08:00.350 15190 DEBUG neutron.api.rpc.callbacks.version_manager [req-d45e23d1-a079-41a3-84b1-04778940fe9e 375c0f9c7b7a4cbca2b48006e38d6daf 5c463417f9c7451baf3ebef3028d85de - - -] Version for resource type Port changed None to 1.1 on consumer Open vSwitch agent@localhost.localdomain _set_version /usr/lib/python2.7/site-packages/neutron/api/rpc/callbacks/version_manager.py:119
2018-09-13 14:08:00.351 15190 DEBUG neutron.api.rpc.callbacks.version_manager [req-d45e23d1-a079-41a3-84b1-04778940fe9e 375c0f9c7b7a4cbca2b48006e38d6daf 5c463417f9c7451baf3ebef3028d85de - - -] Version for resource type Log changed None to 1.0 on consumer Open vSwitch agent@localhost.localdomain _set_version /usr/lib/python2.7/site-packages/neutron/api/rpc/callbacks/version_manager.py:119
2018-09-13 14:08:00.363 15190 DEBUG oslo_concurrency.lockutils [req-d45e23d1-a079-41a3-84b1-04778940fe9e 375c0f9c7b7a4cbca2b48006e38d6daf 5c463417f9c7451baf3ebef3028d85de - - -] Lock "event-dispatch" released by "neutron.plugins.ml2.ovo_rpc.dispatch_events" :: held 0.163s inner /usr/lib/python2.7/site-packages/oslo_concurrency/lockutils.py:282
2018-09-13 14:08:00.733 15190 DEBUG neutron.scheduler.l3_agent_scheduler [req-d45e23d1-a079-41a3-84b1-04778940fe9e 375c0f9c7b7a4cbca2b48006e38d6daf 5c463417f9c7451baf3ebef3028d85de - cacf5f8ef0e54722812ed33fa318e37f cacf5f8ef0e54722812ed33fa318e37f] Router ff229d2a-de03-4b3d-a536-e82f8dd92fc9 has already been hosted by L3 agent bbe33573-c700-4200-b44f-d2ad03ddf329 _get_candidates /usr/lib/python2.7/site-packages/neutron/scheduler/l3_agent_scheduler.py:141
2018-09-13 14:08:00.900 15190 DEBUG neutron.api.rpc.agentnotifiers.l3_rpc_agent_api [req-d45e23d1-a079-41a3-84b1-04778940fe9e 375c0f9c7b7a4cbca2b48006e38d6daf 5c463417f9c7451baf3ebef3028d85de - cacf5f8ef0e54722812ed33fa318e37f cacf5f8ef0e54722812ed33fa318e37f] Notify agent at l3_agent.localhost.localdomain the message routers_updated _agent_notification /usr/lib/python2.7/site-packages/neutron/api/rpc/agentnotifiers/l3_rpc_agent_api.py:69
2018-09-13 14:08:00.911 15190 DEBUG neutron.quota.resource [req-d45e23d1-a079-41a3-84b1-04778940fe9e 375c0f9c7b7a4cbca2b48006e38d6daf 5c463417f9c7451baf3ebef3028d85de - cacf5f8ef0e54722812ed33fa318e37f cacf5f8ef0e54722812ed33fa318e37f] Persisted dirty status for tenant:5c463417f9c7451baf3ebef3028d85de on resource:floatingip mark_dirty /usr/lib/python2.7/site-packages/neutron/quota/resource.py:207
2018-09-13 14:08:00.922 15190 DEBUG neutron.quota.resource [req-d45e23d1-a079-41a3-84b1-04778940fe9e 375c0f9c7b7a4cbca2b48006e38d6daf 5c463417f9c7451baf3ebef3028d85de - cacf5f8ef0e54722812ed33fa318e37f cacf5f8ef0e54722812ed33fa318e37f] Persisted dirty status for tenant: on resource:port mark_dirty /usr/lib/python2.7/site-packages/neutron/quota/resource.py:207
2018-09-13 14:08:00.930 15190 DEBUG neutron_lib.callbacks.manager [req-d45e23d1-a079-41a3-84b1-04778940fe9e 375c0f9c7b7a4cbca2b48006e38d6daf 5c463417f9c7451baf3ebef3028d85de - cacf5f8ef0e54722812ed33fa318e37f cacf5f8ef0e54722812ed33fa318e37f] Notify callbacks ['neutron.notifiers.nova.Notifier._send_nova_notification--9223372036854646004'] for floatingip, before_response _notify_loop /usr/lib/python2.7/site-packages/neutron_lib/callbacks/manager.py:167
2018-09-13 14:08:00.933 15203 DEBUG neutron.db.l3_hamode_db [req-f4f11cb1-4d21-4481-8453-ec1c4038a76f - - - - -] neutron.services.l3_router.l3_router_plugin.L3RouterPlugin method get_ha_sync_data_for_host called with arguments (<neutron_lib.context.Context object at 0x7fe53fb989d0>, u'localhost.localdomain', <neutron.db.models.agent.Agent[object at 7fe53face450] {id=u'bbe33573-c700-4200-b44f-d2ad03ddf329', agent_type=u'L3 agent', binary=u'neutron-l3-agent', topic=u'l3_agent', host=u'localhost.localdomain', availability_zone=u'nova', admin_state_up=True, created_at=datetime.datetime(2018, 9, 12, 22, 23, 13), started_at=datetime.datetime(2018, 9, 13, 17, 56, 28), heartbeat_timestamp=datetime.datetime(2018, 9, 13, 18, 7, 58), description=None, configurations=u'{"agent_mode": "legacy", "gateway_external_network_id": "", "handle_internal_only_routers": true, "routers": 2, "interfaces": 2, "floating_ips": 1, "interface_driver": "neutron.agent.linux.interface.OVSInterfaceDriver", "log_agent_heartbeats": false, "external_network_bridge": "", "ex_gw_ports": 2}', resource_versions=None, load=0}>) {'active': True, 'router_ids': ['ff229d2a-de03-4b3d-a536-e82f8dd92fc9']} wrapper /usr/lib/python2.7/site-packages/oslo_log/helpers.py:66
2018-09-13 14:08:01.009 15190 INFO neutron.wsgi [req-d45e23d1-a079-41a3-84b1-04778940fe9e 375c0f9c7b7a4cbca2b48006e38d6daf 5c463417f9c7451baf3ebef3028d85de - cacf5f8ef0e54722812ed33fa318e37f cacf5f8ef0e54722812ed33fa318e37f] 10.0.20.22 "DELETE /v2.0/floatingips/e09a260a-d06c-4ccb-9888-f610d085a4f8 HTTP/1.1" status: 204  len: 173 time: 1.5262280
2018-09-13 14:08:01.010 15190 DEBUG oslo_concurrency.lockutils [-] Lock "notifier-54642a4d-86c5-4880-be5c-1a3f514252ca" acquired by "neutron.notifiers.batch_notifier.synced_send" :: waited 0.000s inner /usr/lib/python2.7/site-packages/oslo_concurrency/lockutils.py:270
2018-09-13 14:08:01.010 15190 DEBUG neutron.notifiers.nova [-] Sending events: [{'tag': u'4ecc6cb4-6ba7-447c-84b8-602cd74cbbb9', 'name': 'network-changed', 'server_uuid': u'0a7e3a32-dd0a-44ea-aff9-ccc89453f72b'}] send_events /usr/lib/python2.7/site-packages/neutron/notifiers/nova.py:242
2018-09-13 14:08:01.756 15203 DEBUG neutron.db.l3_hamode_db [req-f4f11cb1-4d21-4481-8453-ec1c4038a76f - - - - -] neutron.services.l3_router.l3_router_plugin.L3RouterPlugin method _process_sync_ha_data called with arguments (<neutron_lib.context.Context object at 0x7fe53fb989d0>, [{'status': u'ACTIVE', '_interfaces': [{'status': u'ACTIVE', 'subnets': [{'dns_nameservers': [u'8.8.4.4'], 'ipv6_ra_mode': None, 'gateway_ip': u'11.145.1.1', 'cidr': u'11.145.1.0/24', 'id': u'9c32c80c-b745-4ba5-a2e7-ef34fc0a8b34', 'subnetpool_id': None}], 'binding:host_id': u'localhost.localdomain', 'description': u'', 'allowed_address_pairs': [], 'tags': [], 'extra_dhcp_opts': [], 'updated_at': '2018-09-13T18:03:52Z', 'device_owner': u'network:router_interface', 'revision_number': 7, 'port_security_enabled': False, 'binding:profile': {}, 'mtu': 1450, 'fixed_ips': [{'subnet_id': u'9c32c80c-b745-4ba5-a2e7-ef34fc0a8b34', 'prefixlen': 24, 'ip_address': u'11.145.1.1'}], 'id': u'9217e460-04ab-49ee-8260-2a46c920053b', 'security_groups': [], 'device_id': u'ff229d2a-de03-4b3d-a536-e82f8dd92fc9', 'name': u'', 'admin_state_up': True, 'network_id': u'e89c9383-a5e0-4261-b350-f878c143e263', 'tenant_id': u'5c463417f9c7451baf3ebef3028d85de', 'binding:vif_details': {u'port_filter': True, u'datapath_type': u'system', u'ovs_hybrid_plug': True}, 'address_scopes': {4: None, 6: None}, 'binding:vnic_type': u'normal', 'binding:vif_type': u'ovs', 'mac_address': u'fa:16:3e:32:1f:a5', 'project_id': u'5c463417f9c7451baf3ebef3028d85de', 'extra_subnets': [], 'created_at': '2018-09-13T18:03:45Z'}], 'enable_snat': True, 'ha_vr_id': 0, 'description': u'', 'tags': [], 'gw_port': {'status': u'ACTIVE', 'subnets': [{'dns_nameservers': [], 'ipv6_ra_mode': None, 'gateway_ip': u'172.24.4.1', 'cidr': u'172.24.4.0/24', 'id': u'6852f693-9617-43cb-89eb-377974cd9510', 'subnetpool_id': None}], 'binding:host_id': u'localhost.localdomain', 'description': u'', 'allowed_address_pairs': [], 'tags': [], 'extra_dhcp_opts': [], 'updated_at': '2018-09-13T18:04:06Z', 'device_owner': u'network:router_gateway', 'revision_number': 6, 'port_security_enabled': False, 'binding:profile': {}, 'mtu': 1500, 'fixed_ips': [{'subnet_id': u'6852f693-9617-43cb-89eb-377974cd9510', 'prefixlen': 24, 'ip_address': u'172.24.4.9'}], 'id': u'19bf9808-bfda-4609-bffb-bdd385b0c599', 'security_groups': [], 'device_id': u'ff229d2a-de03-4b3d-a536-e82f8dd92fc9', 'name': u'', 'admin_state_up': True, 'network_id': u'9619842c-a15f-4600-bdce-bfe274d454b0', 'tenant_id': u'', 'binding:vif_details': {u'port_filter': True, u'datapath_type': u'system', u'ovs_hybrid_plug': True}, 'address_scopes': {4: None, 6: None}, 'binding:vnic_type': u'normal', 'binding:vif_type': u'ovs', 'mac_address': u'fa:16:3e:fe:da:9d', 'project_id': u'', 'extra_subnets': [], 'created_at': '2018-09-13T18:03:58Z'}, 'updated_at': '2018-09-13T18:04:00Z', 'revision_number': 4, 'ha': False, 'id': u'ff229d2a-de03-4b3d-a536-e82f8dd92fc9', 'gw_port_host': u'localhost.localdomain', 'external_gateway_info': {'network_id': u'9619842c-a15f-4600-bdce-bfe274d454b0', 'enable_snat': True, 'external_fixed_ips': [{'subnet_id': u'6852f693-9617-43cb-89eb-377974cd9510', 'ip_address': u'172.24.4.9'}]}, 'availability_zone_hints': [], 'availability_zones': [u'nova'], 'name': u'tempest-router-1536861663', 'gw_port_id': u'19bf9808-bfda-4609-bffb-bdd385b0c599', 'admin_state_up': True, 'tenant_id': u'5c463417f9c7451baf3ebef3028d85de', 'created_at': '2018-09-13T18:03:27Z', 'distributed': False, 'flavor_id': None, 'routes': [], 'project_id': u'5c463417f9c7451baf3ebef3028d85de'}], u'localhost.localdomain', False) {} wrapper /usr/lib/python2.7/site-packages/oslo_log/helpers.py:66
2018-09-13 14:08:01.768 15203 DEBUG neutron.api.rpc.handlers.l3_rpc [req-f4f11cb1-4d21-4481-8453-ec1c4038a76f - - - - -] Checking router: ff229d2a-de03-4b3d-a536-e82f8dd92fc9 for host: localhost.localdomain _ensure_host_set_on_ports /usr/lib/python2.7/site-packages/neutron/api/rpc/handlers/l3_rpc.py:135
2018-09-13 14:08:01.999 15190 DEBUG novaclient.v2.client [-] REQ: curl -g -i -X POST http://10.0.20.22:8774/v2.1/007b5c587a144e49a50c9008f27cd2bd/os-server-external-events -H "User-Agent: python-novaclient" -H "Content-Type: application/json" -H "Accept: application/json" -H "X-OpenStack-Nova-API-Version: 2.1" -H "X-Auth-Token: {SHA1}81daf06117b450365df4eed2720cb5fbe4154f8f" -d '{"events": [{"tag": "4ecc6cb4-6ba7-447c-84b8-602cd74cbbb9", "name": "network-changed", "server_uuid": "0a7e3a32-dd0a-44ea-aff9-ccc89453f72b"}]}' _http_log_request /usr/lib/python2.7/site-packages/keystoneauth1/session.py:375
2018-09-13 14:08:02.076 15202 DEBUG neutron.api.rpc.handlers.l3_rpc [req-d0e9f9f2-6ea0-4490-9c7d-93e71b40fcd1 - - - - -] New status for floating IP e09a260a-d06c-4ccb-9888-f610d085a4f8: DOWN update_floatingip_statuses /usr/lib/python2.7/site-packages/neutron/api/rpc/handlers/l3_rpc.py:252
2018-09-13 14:08:02.768 15190 DEBUG novaclient.v2.client [-] RESP: [200] Content-Length: 179 Content-Type: application/json Openstack-Api-Version: compute 2.1 X-Openstack-Nova-Api-Version: 2.1 Vary: OpenStack-API-Version, X-OpenStack-Nova-API-Version X-Openstack-Request-Id: req-4e93fadc-f7d1-49f4-b441-8c9aaa19a087 X-Compute-Request-Id: req-4e93fadc-f7d1-49f4-b441-8c9aaa19a087 Date: Thu, 13 Sep 2018 18:08:02 GMT Connection: keep-alive 
RESP BODY: {"events": [{"status": "completed", "tag": "4ecc6cb4-6ba7-447c-84b8-602cd74cbbb9", "name": "network-changed", "server_uuid": "0a7e3a32-dd0a-44ea-aff9-ccc89453f72b", "code": 200}]}
 _http_log_response /usr/lib/python2.7/site-packages/keystoneauth1/session.py:423
2018-09-13 14:08:02.770 15190 DEBUG novaclient.v2.client [-] POST call to compute for http://10.0.20.22:8774/v2.1/007b5c587a144e49a50c9008f27cd2bd/os-server-external-events used request id req-4e93fadc-f7d1-49f4-b441-8c9aaa19a087 request /usr/lib/python2.7/site-packages/keystoneauth1/session.py:727
2018-09-13 14:08:02.771 15190 INFO neutron.notifiers.nova [-] Nova event response: {u'status': u'completed', u'tag': u'4ecc6cb4-6ba7-447c-84b8-602cd74cbbb9', u'name': u'network-changed', u'server_uuid': u'0a7e3a32-dd0a-44ea-aff9-ccc89453f72b', u'code': 200}
2018-09-13 14:08:03.004 15196 INFO neutron.wsgi [req-6b1e7824-35b5-46d9-9385-6d167d5cca5a d1138ec1c77349f9b95c6580aab47cb8 007b5c587a144e49a50c9008f27cd2bd - default default] 10.0.20.22 "GET /v2.0/ports?tenant_id=5c463417f9c7451baf3ebef3028d85de&device_id=0a7e3a32-dd0a-44ea-aff9-ccc89453f72b HTTP/1.1" status: 200  len: 1124 time: 0.1652720
2018-09-13 14:08:03.361 15196 DEBUG neutron.pecan_wsgi.hooks.policy_enforcement [req-c08dc209-1cc4-4f9e-976a-68e7a0d2b8ce d1138ec1c77349f9b95c6580aab47cb8 007b5c587a144e49a50c9008f27cd2bd - default default] Attributes excluded by policy engine: [u'vlan_transparent'] _exclude_attributes_by_policy /usr/lib/python2.7/site-packages/neutron/pecan_wsgi/hooks/policy_enforcement.py:256
2018-09-13 14:08:03.365 15196 INFO neutron.wsgi [req-c08dc209-1cc4-4f9e-976a-68e7a0d2b8ce d1138ec1c77349f9b95c6580aab47cb8 007b5c587a144e49a50c9008f27cd2bd - default default] 10.0.20.22 "GET /v2.0/networks?id=e89c9383-a5e0-4261-b350-f878c143e263 HTTP/1.1" status: 200  len: 885 time: 0.3519340
2018-09-13 14:08:03.409 15196 INFO neutron.wsgi [req-8ce03290-1cfc-4a87-ba15-bfa72cd3738b d1138ec1c77349f9b95c6580aab47cb8 007b5c587a144e49a50c9008f27cd2bd - default default] 10.0.20.22 "GET /v2.0/floatingips?fixed_ip_address=11.145.1.6&port_id=4ecc6cb4-6ba7-447c-84b8-602cd74cbbb9 HTTP/1.1" status: 200  len: 217 time: 0.0352490
2018-09-13 14:08:03.636 15196 DEBUG neutron.pecan_wsgi.hooks.policy_enforcement [req-a10ceb7b-2dec-4b4b-86ba-6bc431b6bf72 d1138ec1c77349f9b95c6580aab47cb8 007b5c587a144e49a50c9008f27cd2bd - default default] Attributes excluded by policy engine: [u'shared'] _exclude_attributes_by_policy /usr/lib/python2.7/site-packages/neutron/pecan_wsgi/hooks/policy_enforcement.py:256
2018-09-13 14:08:03.642 15196 INFO neutron.wsgi [req-a10ceb7b-2dec-4b4b-86ba-6bc431b6bf72 d1138ec1c77349f9b95c6580aab47cb8 007b5c587a144e49a50c9008f27cd2bd - default default] 10.0.20.22 "GET /v2.0/subnets?id=9c32c80c-b745-4ba5-a2e7-ef34fc0a8b34 HTTP/1.1" status: 200  len: 847 time: 0.2265599
2018-09-13 14:08:03.825 15196 INFO neutron.wsgi [req-ce325f7b-4edf-4881-af10-a7ecab2e4e87 d1138ec1c77349f9b95c6580aab47cb8 007b5c587a144e49a50c9008f27cd2bd - default default] 10.0.20.22 "GET /v2.0/ports?network_id=e89c9383-a5e0-4261-b350-f878c143e263&device_owner=network%3Adhcp HTTP/1.1" status: 200  len: 1128 time: 0.1733541
2018-09-13 14:08:04.278 15196 INFO neutron.wsgi [req-12e428a4-44e5-4239-900d-365218afffd0 d1138ec1c77349f9b95c6580aab47cb8 007b5c587a144e49a50c9008f27cd2bd - default default] 10.0.20.22 "GET /v2.0/ports?tenant_id=5c463417f9c7451baf3ebef3028d85de&device_id=0a7e3a32-dd0a-44ea-aff9-ccc89453f72b HTTP/1.1" status: 200  len: 1124 time: 0.1821530
2018-09-13 14:08:04.611 15196 DEBUG neutron.pecan_wsgi.hooks.policy_enforcement [req-36211717-c6d0-4e2e-8911-1d14524b40f2 d1138ec1c77349f9b95c6580aab47cb8 007b5c587a144e49a50c9008f27cd2bd - default default] Attributes excluded by policy engine: [u'vlan_transparent'] _exclude_attributes_by_policy /usr/lib/python2.7/site-packages/neutron/pecan_wsgi/hooks/policy_enforcement.py:256
2018-09-13 14:08:04.616 15196 INFO neutron.wsgi [req-36211717-c6d0-4e2e-8911-1d14524b40f2 d1138ec1c77349f9b95c6580aab47cb8 007b5c587a144e49a50c9008f27cd2bd - default default] 10.0.20.22 "GET /v2.0/networks?id=e89c9383-a5e0-4261-b350-f878c143e263 HTTP/1.1" status: 200  len: 885 time: 0.3293400
2018-09-13 14:08:04.676 15196 INFO neutron.wsgi [req-ad167aef-d58a-4875-bf3a-40bb25cc5b72 d1138ec1c77349f9b95c6580aab47cb8 007b5c587a144e49a50c9008f27cd2bd - default default] 10.0.20.22 "GET /v2.0/floatingips?fixed_ip_address=11.145.1.6&port_id=4ecc6cb4-6ba7-447c-84b8-602cd74cbbb9 HTTP/1.1" status: 200  len: 217 time: 0.0499361
2018-09-13 14:08:04.773 15190 DEBUG oslo_concurrency.lockutils [-] Lock "notifier-54642a4d-86c5-4880-be5c-1a3f514252ca" released by "neutron.notifiers.batch_notifier.synced_send" :: held 3.763s inner /usr/lib/python2.7/site-packages/oslo_concurrency/lockutils.py:282
2018-09-13 14:08:04.869 15196 DEBUG neutron.pecan_wsgi.hooks.policy_enforcement [req-998c34cb-4d4e-4d83-bb1b-be44493b1a4f d1138ec1c77349f9b95c6580aab47cb8 007b5c587a144e49a50c9008f27cd2bd - default default] Attributes excluded by policy engine: [u'shared'] _exclude_attributes_by_policy /usr/lib/python2.7/site-packages/neutron/pecan_wsgi/hooks/policy_enforcement.py:256
2018-09-13 14:08:04.871 15196 INFO neutron.wsgi [req-998c34cb-4d4e-4d83-bb1b-be44493b1a4f d1138ec1c77349f9b95c6580aab47cb8 007b5c587a144e49a50c9008f27cd2bd - default default] 10.0.20.22 "GET /v2.0/subnets?id=9c32c80c-b745-4ba5-a2e7-ef34fc0a8b34 HTTP/1.1" status: 200  len: 847 time: 0.1857810
2018-09-13 14:08:05.061 15196 INFO neutron.wsgi [req-c9405ac0-c175-46c1-8f90-277747aec203 d1138ec1c77349f9b95c6580aab47cb8 007b5c587a144e49a50c9008f27cd2bd - default default] 10.0.20.22 "GET /v2.0/ports?network_id=e89c9383-a5e0-4261-b350-f878c143e263&device_owner=network%3Adhcp HTTP/1.1" status: 200  len: 1128 time: 0.1792369
2018-09-13 14:08:08.166 15195 DEBUG neutron.wsgi [-] (15195) accepted ('10.0.20.22', 38050) server /usr/lib/python2.7/site-packages/eventlet/wsgi.py:883
2018-09-13 14:08:08.543 15195 WARNING keystonemiddleware.auth_token [-] A valid token was submitted as a service token, but it was not a valid service token. This is incorrect but backwards compatible behaviour. This will be removed in future releases.
2018-09-13 14:08:09.004 15195 INFO neutron.wsgi [req-918752bd-a7eb-4e56-970c-436ed5004d89 aade3447accb4ba6835bc5ec3454f5a6 892b3d52c94348d8a7355f6390963dca - default default] 10.0.20.22 "GET /v2.0/ports?device_id=0a7e3a32-dd0a-44ea-aff9-ccc89453f72b HTTP/1.1" status: 200  len: 1124 time: 0.8345361
2018-09-13 14:08:09.057 15209 DEBUG neutron.db.agents_db [req-3602e86b-0c0b-4954-a36a-961714bd9383 - - - - -] Agent healthcheck: found 5 active agents agent_health_check /usr/lib/python2.7/site-packages/neutron/db/agents_db.py:281
2018-09-13 14:08:09.089 15195 INFO neutron.wsgi [req-01b25ecb-afd1-4fca-bda3-0bf07fe56e48 aade3447accb4ba6835bc5ec3454f5a6 892b3d52c94348d8a7355f6390963dca - default default] 10.0.20.22 "GET /v2.0/security-groups?id=4a9b0231-6c48-4fa4-ba1d-42b11df1250b HTTP/1.1" status: 200  len: 2118 time: 0.0772719
2018-09-13 14:08:12.142 15201 DEBUG neutron_lib.callbacks.manager [req-f62ea0c6-3b57-40f6-a8e2-4eba849d24ec - - - - -] Notify callbacks ['neutron.services.segments.db._update_segment_host_mapping_for_agent--9223363247941661895'] for agent, after_update _notify_loop /usr/lib/python2.7/site-packages/neutron_lib/callbacks/manager.py:167
2018-09-13 14:08:15.096 15190 INFO neutron.wsgi [req-6930bc1e-0816-4c9e-9d11-28abf94ca944 aade3447accb4ba6835bc5ec3454f5a6 892b3d52c94348d8a7355f6390963dca - default default] 10.0.20.22 "GET /v2.0/ports?device_id=0a7e3a32-dd0a-44ea-aff9-ccc89453f72b HTTP/1.1" status: 200  len: 1124 time: 0.6132221
2018-09-13 14:08:15.200 15190 INFO neutron.wsgi [req-3dff1c66-a186-4f5d-bc3f-2bf83ed75028 aade3447accb4ba6835bc5ec3454f5a6 892b3d52c94348d8a7355f6390963dca - default default] 10.0.20.22 "GET /v2.0/security-groups?id=4a9b0231-6c48-4fa4-ba1d-42b11df1250b HTTP/1.1" status: 200  len: 2118 time: 0.0991349
2018-09-13 14:08:18.111 15207 DEBUG neutron.plugins.ml2.rpc [req-8a56263c-44fb-420c-aebe-985fdf9c2833 - - - - -] Device 4ecc6cb4-6ba7-447c-84b8-602cd74cbbb9 no longer exists at agent ovs-agent-localhost.localdomain update_device_down /usr/lib/python2.7/site-packages/neutron/plugins/ml2/rpc.py:213
2018-09-13 14:08:18.322 15207 DEBUG neutron_lib.callbacks.manager [req-8a56263c-44fb-420c-aebe-985fdf9c2833 - - - - -] Notify callbacks ['neutron.plugins.ml2.plugin.Ml2Plugin._ensure_default_security_group_handler-529877'] for port, before_update _notify_loop /usr/lib/python2.7/site-packages/neutron_lib/callbacks/manager.py:167
2018-09-13 14:08:18.409 15207 DEBUG oslo_concurrency.lockutils [-] Lock "notifier-54642a4d-86c5-4880-be5c-1a3f514252ca" acquired by "neutron.notifiers.batch_notifier.synced_send" :: waited 0.000s inner /usr/lib/python2.7/site-packages/oslo_concurrency/lockutils.py:270
2018-09-13 14:08:18.409 15207 DEBUG neutron.notifiers.nova [-] Sending events: [{'status': 'completed', 'tag': u'4ecc6cb4-6ba7-447c-84b8-602cd74cbbb9', 'name': 'network-vif-unplugged', 'server_uuid': u'0a7e3a32-dd0a-44ea-aff9-ccc89453f72b'}] send_events /usr/lib/python2.7/site-packages/neutron/notifiers/nova.py:242
2018-09-13 14:08:18.420 15207 DEBUG neutron.plugins.ml2.db [req-8a56263c-44fb-420c-aebe-985fdf9c2833 - - - - -] For port 4ecc6cb4-6ba7-447c-84b8-602cd74cbbb9, host localhost.localdomain, got binding levels [<neutron.plugins.ml2.models.PortBindingLevel[object at 7fe53fcf8490] {port_id=u'4ecc6cb4-6ba7-447c-84b8-602cd74cbbb9', host=u'localhost.localdomain', level=0, driver=u'openvswitch', segment_id=u'5676eba9-8f13-4e6d-b2f0-4b9c4132f5a0'}>] get_binding_levels /usr/lib/python2.7/site-packages/neutron/plugins/ml2/db.py:106
2018-09-13 14:08:18.441 15207 DEBUG neutron_lib.callbacks.manager [req-8a56263c-44fb-420c-aebe-985fdf9c2833 - - - - -] Notify callbacks ['neutron.plugins.ml2.ovo_rpc._ObjectChangeHandler.handle_event-571176', 'neutron.db.l3_dvrscheduler_db._notify_l3_agent_port_update--9223363247942008263', 'neutron.db.l3_hascheduler_db._notify_l3_agent_ha_port_update--9223363247942008188', 'neutron.api.rpc.agentnotifiers.dhcp_rpc_agent_api.DhcpAgentNotifyAPI._native_event_send_dhcp_notification-1460131', 'neutron.plugins.ml2.plugin.Ml2Plugin.notify_sg_on_port_change-529809'] for port, after_update _notify_loop /usr/lib/python2.7/site-packages/neutron_lib/callbacks/manager.py:167
2018-09-13 14:08:18.447 15207 DEBUG oslo_concurrency.lockutils [-] Lock "event-dispatch" acquired by "neutron.plugins.ml2.ovo_rpc.dispatch_events" :: waited 0.000s inner /usr/lib/python2.7/site-packages/oslo_concurrency/lockutils.py:270
2018-09-13 14:08:18.629 15207 DEBUG neutron.api.rpc.handlers.resources_rpc [req-8a56263c-44fb-420c-aebe-985fdf9c2833 - - - - -] neutron.api.rpc.handlers.resources_rpc.ResourcesPushRpcApi method push called with arguments (<neutron_lib.context.Context object at 0x7fe53fcf8750>, [Port(admin_state_up=True,allowed_address_pairs=[],binding=PortBinding,binding_levels=[PortBindingLevel],created_at=2018-09-13T18:04:23Z,data_plane_status=<?>,description='',device_id='0a7e3a32-dd0a-44ea-aff9-ccc89453f72b',device_owner='compute:nova',dhcp_options=[],distributed_binding=None,dns=None,fixed_ips=[IPAllocation],id=4ecc6cb4-6ba7-447c-84b8-602cd74cbbb9,mac_address=fa:16:3e:ab:7a:c8,name='',network_id=e89c9383-a5e0-4261-b350-f878c143e263,project_id='5c463417f9c7451baf3ebef3028d85de',qos_policy_id=None,revision_number=9,security=PortSecurity(4ecc6cb4-6ba7-447c-84b8-602cd74cbbb9),security_group_ids=set([4a9b0231-6c48-4fa4-ba1d-42b11df1250b]),status='DOWN',updated_at=2018-09-13T18:08:18Z)], 'updated') {} wrapper /usr/lib/python2.7/site-packages/oslo_log/helpers.py:66
2018-09-13 14:08:18.640 15207 DEBUG neutron.api.rpc.callbacks.version_manager [req-8a56263c-44fb-420c-aebe-985fdf9c2833 - - - - -] Version for resource type Subnet changed None to 1.0 on consumer Open vSwitch agent@localhost.localdomain _set_version /usr/lib/python2.7/site-packages/neutron/api/rpc/callbacks/version_manager.py:119
2018-09-13 14:08:18.641 15207 DEBUG neutron.api.rpc.callbacks.version_manager [req-8a56263c-44fb-420c-aebe-985fdf9c2833 - - - - -] Version for resource type Network changed None to 1.0 on consumer Open vSwitch agent@localhost.localdomain _set_version /usr/lib/python2.7/site-packages/neutron/api/rpc/callbacks/version_manager.py:119
2018-09-13 14:08:18.641 15207 DEBUG neutron.api.rpc.callbacks.version_manager [req-8a56263c-44fb-420c-aebe-985fdf9c2833 - - - - -] Version for resource type SubPort changed None to 1.0 on consumer Open vSwitch agent@localhost.localdomain _set_version /usr/lib/python2.7/site-packages/neutron/api/rpc/callbacks/version_manager.py:119
2018-09-13 14:08:18.642 15207 DEBUG neutron.api.rpc.callbacks.version_manager [req-8a56263c-44fb-420c-aebe-985fdf9c2833 - - - - -] Version for resource type SecurityGroup changed None to 1.0 on consumer Open vSwitch agent@localhost.localdomain _set_version /usr/lib/python2.7/site-packages/neutron/api/rpc/callbacks/version_manager.py:119
2018-09-13 14:08:18.642 15207 DEBUG neutron.api.rpc.callbacks.version_manager [req-8a56263c-44fb-420c-aebe-985fdf9c2833 - - - - -] Version for resource type SecurityGroupRule changed None to 1.0 on consumer Open vSwitch agent@localhost.localdomain _set_version /usr/lib/python2.7/site-packages/neutron/api/rpc/callbacks/version_manager.py:119
2018-09-13 14:08:18.643 15207 DEBUG neutron.api.rpc.callbacks.version_manager [req-8a56263c-44fb-420c-aebe-985fdf9c2833 - - - - -] Version for resource type Trunk changed None to 1.1 on consumer Open vSwitch agent@localhost.localdomain _set_version /usr/lib/python2.7/site-packages/neutron/api/rpc/callbacks/version_manager.py:119
2018-09-13 14:08:18.644 15207 DEBUG neutron.api.rpc.callbacks.version_manager [req-8a56263c-44fb-420c-aebe-985fdf9c2833 - - - - -] Version for resource type QosPolicy changed None to 1.6 on consumer Open vSwitch agent@localhost.localdomain _set_version /usr/lib/python2.7/site-packages/neutron/api/rpc/callbacks/version_manager.py:119
2018-09-13 14:08:18.644 15207 DEBUG neutron.api.rpc.callbacks.version_manager [req-8a56263c-44fb-420c-aebe-985fdf9c2833 - - - - -] Version for resource type Port changed None to 1.1 on consumer Open vSwitch agent@localhost.localdomain _set_version /usr/lib/python2.7/site-packages/neutron/api/rpc/callbacks/version_manager.py:119
2018-09-13 14:08:18.645 15207 DEBUG neutron.api.rpc.callbacks.version_manager [req-8a56263c-44fb-420c-aebe-985fdf9c2833 - - - - -] Version for resource type Log changed None to 1.0 on consumer Open vSwitch agent@localhost.localdomain _set_version /usr/lib/python2.7/site-packages/neutron/api/rpc/callbacks/version_manager.py:119
2018-09-13 14:08:18.652 15207 DEBUG oslo_concurrency.lockutils [req-8a56263c-44fb-420c-aebe-985fdf9c2833 - - - - -] Lock "event-dispatch" released by "neutron.plugins.ml2.ovo_rpc.dispatch_events" :: held 0.205s inner /usr/lib/python2.7/site-packages/oslo_concurrency/lockutils.py:282
2018-09-13 14:08:19.261 15207 DEBUG novaclient.v2.client [-] REQ: curl -g -i -X POST http://10.0.20.22:8774/v2.1/007b5c587a144e49a50c9008f27cd2bd/os-server-external-events -H "User-Agent: python-novaclient" -H "Content-Type: application/json" -H "Accept: application/json" -H "X-OpenStack-Nova-API-Version: 2.1" -H "X-Auth-Token: {SHA1}f6af4b355f934750e71e4350cde2dced81dd6b9c" -d '{"events": [{"status": "completed", "tag": "4ecc6cb4-6ba7-447c-84b8-602cd74cbbb9", "name": "network-vif-unplugged", "server_uuid": "0a7e3a32-dd0a-44ea-aff9-ccc89453f72b"}]}' _http_log_request /usr/lib/python2.7/site-packages/keystoneauth1/session.py:375
2018-09-13 14:08:19.321 15196 INFO neutron.wsgi [req-38cae225-ac1f-4382-8caf-32461a92a055 aade3447accb4ba6835bc5ec3454f5a6 892b3d52c94348d8a7355f6390963dca - default default] 10.0.20.22 "GET /v2.0/ports?device_id=0a7e3a32-dd0a-44ea-aff9-ccc89453f72b HTTP/1.1" status: 200  len: 1122 time: 0.5535738
2018-09-13 14:08:19.425 15196 DEBUG neutron.plugins.ml2.plugin [req-f2fcaea7-af05-43cd-a45a-aa792d5271ad aade3447accb4ba6835bc5ec3454f5a6 892b3d52c94348d8a7355f6390963dca - default default] Deleting port 4ecc6cb4-6ba7-447c-84b8-602cd74cbbb9 _pre_delete_port /usr/lib/python2.7/site-packages/neutron/plugins/ml2/plugin.py:915
2018-09-13 14:08:19.426 15196 DEBUG neutron_lib.callbacks.manager [req-f2fcaea7-af05-43cd-a45a-aa792d5271ad aade3447accb4ba6835bc5ec3454f5a6 892b3d52c94348d8a7355f6390963dca - default default] Notify callbacks ['neutron.db.l3_db._prevent_l3_port_delete_callback--9223363247941455092'] for port, before_delete _notify_loop /usr/lib/python2.7/site-packages/neutron_lib/callbacks/manager.py:167
2018-09-13 14:08:19.787 15207 DEBUG novaclient.v2.client [-] RESP: [200] Content-Length: 185 Content-Type: application/json Openstack-Api-Version: compute 2.1 X-Openstack-Nova-Api-Version: 2.1 Vary: OpenStack-API-Version, X-OpenStack-Nova-API-Version X-Openstack-Request-Id: req-72bac284-b075-4eda-95ed-bc816c186562 X-Compute-Request-Id: req-72bac284-b075-4eda-95ed-bc816c186562 Date: Thu, 13 Sep 2018 18:08:19 GMT Connection: keep-alive 
RESP BODY: {"events": [{"status": "completed", "tag": "4ecc6cb4-6ba7-447c-84b8-602cd74cbbb9", "name": "network-vif-unplugged", "server_uuid": "0a7e3a32-dd0a-44ea-aff9-ccc89453f72b", "code": 200}]}
 _http_log_response /usr/lib/python2.7/site-packages/keystoneauth1/session.py:423
2018-09-13 14:08:19.787 15207 DEBUG novaclient.v2.client [-] POST call to compute for http://10.0.20.22:8774/v2.1/007b5c587a144e49a50c9008f27cd2bd/os-server-external-events used request id req-72bac284-b075-4eda-95ed-bc816c186562 request /usr/lib/python2.7/site-packages/keystoneauth1/session.py:727
2018-09-13 14:08:19.788 15207 INFO neutron.notifiers.nova [-] Nova event response: {u'status': u'completed', u'tag': u'4ecc6cb4-6ba7-447c-84b8-602cd74cbbb9', u'name': u'network-vif-unplugged', u'server_uuid': u'0a7e3a32-dd0a-44ea-aff9-ccc89453f72b', u'code': 200}
2018-09-13 14:08:19.798 15196 DEBUG neutron.plugins.ml2.db [req-f2fcaea7-af05-43cd-a45a-aa792d5271ad aade3447accb4ba6835bc5ec3454f5a6 892b3d52c94348d8a7355f6390963dca - default default] For port 4ecc6cb4-6ba7-447c-84b8-602cd74cbbb9, host localhost.localdomain, got binding levels [<neutron.plugins.ml2.models.PortBindingLevel[object at 7fe53fb80650] {port_id=u'4ecc6cb4-6ba7-447c-84b8-602cd74cbbb9', host=u'localhost.localdomain', level=0, driver=u'openvswitch', segment_id=u'5676eba9-8f13-4e6d-b2f0-4b9c4132f5a0'}>] get_binding_levels /usr/lib/python2.7/site-packages/neutron/plugins/ml2/db.py:106
2018-09-13 14:08:19.835 15196 DEBUG neutron.plugins.ml2.plugin [req-f2fcaea7-af05-43cd-a45a-aa792d5271ad aade3447accb4ba6835bc5ec3454f5a6 892b3d52c94348d8a7355f6390963dca - default default] Calling delete_port for 4ecc6cb4-6ba7-447c-84b8-602cd74cbbb9 owned by compute:nova delete_port /usr/lib/python2.7/site-packages/neutron/plugins/ml2/plugin.py:955
2018-09-13 14:08:20.062 15196 DEBUG neutron_lib.callbacks.manager [req-f2fcaea7-af05-43cd-a45a-aa792d5271ad aade3447accb4ba6835bc5ec3454f5a6 892b3d52c94348d8a7355f6390963dca - default default] Notify callbacks ['neutron.db.l3_dvrscheduler_db._notify_port_delete-8788912767538', 'neutron.plugins.ml2.ovo_rpc._ObjectChangeHandler.handle_event-571176', 'neutron.api.rpc.agentnotifiers.dhcp_rpc_agent_api.DhcpAgentNotifyAPI._native_event_send_dhcp_notification-1460131', 'neutron.plugins.ml2.plugin.Ml2Plugin.notify_sg_on_port_change-529809', 'neutron.db.l3_db._notify_routers_callback--9223363247941451810'] for port, after_delete _notify_loop /usr/lib/python2.7/site-packages/neutron_lib/callbacks/manager.py:167
2018-09-13 14:08:20.169 15196 DEBUG neutron.db.l3_dvrscheduler_db [req-f2fcaea7-af05-43cd-a45a-aa792d5271ad aade3447accb4ba6835bc5ec3454f5a6 892b3d52c94348d8a7355f6390963dca - default default] No DVR routers for this DVR port 4ecc6cb4-6ba7-447c-84b8-602cd74cbbb9 on host localhost.localdomain get_dvr_routers_to_remove /usr/lib/python2.7/site-packages/neutron/db/l3_dvrscheduler_db.py:191
2018-09-13 14:08:20.187 15196 DEBUG oslo_concurrency.lockutils [-] Lock "event-dispatch" acquired by "neutron.plugins.ml2.ovo_rpc.dispatch_events" :: waited 0.000s inner /usr/lib/python2.7/site-packages/oslo_concurrency/lockutils.py:270
2018-09-13 14:08:20.312 15196 DEBUG neutron.api.rpc.handlers.resources_rpc [req-f2fcaea7-af05-43cd-a45a-aa792d5271ad aade3447accb4ba6835bc5ec3454f5a6 892b3d52c94348d8a7355f6390963dca - - -] neutron.api.rpc.handlers.resources_rpc.ResourcesPushRpcApi method push called with arguments (<neutron_lib.context.Context object at 0x7fe53f8b9310>, [Port(admin_state_up=<?>,allowed_address_pairs=<?>,binding=<?>,binding_levels=<?>,created_at=<?>,data_plane_status=<?>,description=<?>,device_id=<?>,device_owner=<?>,dhcp_options=<?>,distributed_binding=<?>,dns=<?>,fixed_ips=<?>,id=4ecc6cb4-6ba7-447c-84b8-602cd74cbbb9,mac_address=<?>,name=<?>,network_id=<?>,project_id=<?>,qos_policy_id=None,revision_number=<?>,security=<?>,security_group_ids=None,status=<?>,updated_at=<?>)], 'deleted') {} wrapper /usr/lib/python2.7/site-packages/oslo_log/helpers.py:66
2018-09-13 14:08:20.343 15196 DEBUG neutron.api.rpc.callbacks.version_manager [req-f2fcaea7-af05-43cd-a45a-aa792d5271ad aade3447accb4ba6835bc5ec3454f5a6 892b3d52c94348d8a7355f6390963dca - - -] Version for resource type Subnet changed None to 1.0 on consumer Open vSwitch agent@localhost.localdomain _set_version /usr/lib/python2.7/site-packages/neutron/api/rpc/callbacks/version_manager.py:119
2018-09-13 14:08:20.343 15196 DEBUG neutron.api.rpc.callbacks.version_manager [req-f2fcaea7-af05-43cd-a45a-aa792d5271ad aade3447accb4ba6835bc5ec3454f5a6 892b3d52c94348d8a7355f6390963dca - - -] Version for resource type Network changed None to 1.0 on consumer Open vSwitch agent@localhost.localdomain _set_version /usr/lib/python2.7/site-packages/neutron/api/rpc/callbacks/version_manager.py:119
2018-09-13 14:08:20.344 15196 DEBUG neutron.api.rpc.callbacks.version_manager [req-f2fcaea7-af05-43cd-a45a-aa792d5271ad aade3447accb4ba6835bc5ec3454f5a6 892b3d52c94348d8a7355f6390963dca - - -] Version for resource type SubPort changed None to 1.0 on consumer Open vSwitch agent@localhost.localdomain _set_version /usr/lib/python2.7/site-packages/neutron/api/rpc/callbacks/version_manager.py:119
2018-09-13 14:08:20.345 15196 DEBUG neutron.api.rpc.callbacks.version_manager [req-f2fcaea7-af05-43cd-a45a-aa792d5271ad aade3447accb4ba6835bc5ec3454f5a6 892b3d52c94348d8a7355f6390963dca - - -] Version for resource type SecurityGroup changed None to 1.0 on consumer Open vSwitch agent@localhost.localdomain _set_version /usr/lib/python2.7/site-packages/neutron/api/rpc/callbacks/version_manager.py:119
2018-09-13 14:08:20.345 15196 DEBUG neutron.api.rpc.callbacks.version_manager [req-f2fcaea7-af05-43cd-a45a-aa792d5271ad aade3447accb4ba6835bc5ec3454f5a6 892b3d52c94348d8a7355f6390963dca - - -] Version for resource type SecurityGroupRule changed None to 1.0 on consumer Open vSwitch agent@localhost.localdomain _set_version /usr/lib/python2.7/site-packages/neutron/api/rpc/callbacks/version_manager.py:119
2018-09-13 14:08:20.346 15196 DEBUG neutron.api.rpc.callbacks.version_manager [req-f2fcaea7-af05-43cd-a45a-aa792d5271ad aade3447accb4ba6835bc5ec3454f5a6 892b3d52c94348d8a7355f6390963dca - - -] Version for resource type Trunk changed None to 1.1 on consumer Open vSwitch agent@localhost.localdomain _set_version /usr/lib/python2.7/site-packages/neutron/api/rpc/callbacks/version_manager.py:119
2018-09-13 14:08:20.346 15196 DEBUG neutron.api.rpc.callbacks.version_manager [req-f2fcaea7-af05-43cd-a45a-aa792d5271ad aade3447accb4ba6835bc5ec3454f5a6 892b3d52c94348d8a7355f6390963dca - - -] Version for resource type QosPolicy changed None to 1.6 on consumer Open vSwitch agent@localhost.localdomain _set_version /usr/lib/python2.7/site-packages/neutron/api/rpc/callbacks/version_manager.py:119
2018-09-13 14:08:20.347 15196 DEBUG neutron.api.rpc.callbacks.version_manager [req-f2fcaea7-af05-43cd-a45a-aa792d5271ad aade3447accb4ba6835bc5ec3454f5a6 892b3d52c94348d8a7355f6390963dca - - -] Version for resource type Port changed None to 1.1 on consumer Open vSwitch agent@localhost.localdomain _set_version /usr/lib/python2.7/site-packages/neutron/api/rpc/callbacks/version_manager.py:119
2018-09-13 14:08:20.348 15196 DEBUG neutron.api.rpc.callbacks.version_manager [req-f2fcaea7-af05-43cd-a45a-aa792d5271ad aade3447accb4ba6835bc5ec3454f5a6 892b3d52c94348d8a7355f6390963dca - - -] Version for resource type Log changed None to 1.0 on consumer Open vSwitch agent@localhost.localdomain _set_version /usr/lib/python2.7/site-packages/neutron/api/rpc/callbacks/version_manager.py:119
