2018-09-29 14:18:22.990 10416 DEBUG neutron.pecan_wsgi.hooks.policy_enforcement [req-85b81e17-7302-4768-abf8-63de10643005 81ed535ca88f461e8769becabf682408 67a7d8c970184497ad868e5ea6aa33b6 - default default] Attributes excluded by policy engine: [u'vlan_transparent'] _exclude_attributes_by_policy /usr/lib/python2.7/site-packages/neutron/pecan_wsgi/hooks/policy_enforcement.py:256
2018-09-29 14:18:22.993 10416 INFO neutron.wsgi [req-85b81e17-7302-4768-abf8-63de10643005 81ed535ca88f461e8769becabf682408 67a7d8c970184497ad868e5ea6aa33b6 - default default] 10.0.20.26 "GET /v2.0/networks HTTP/1.1" status: 200  len: 2214 time: 0.2560470
2018-09-29 14:18:23.580 10416 DEBUG neutron.api.v2.base [req-1f092a18-44db-4cfb-95c4-7bcabda3089d 81ed535ca88f461e8769becabf682408 67a7d8c970184497ad868e5ea6aa33b6 - default default] Request body: {u'floatingip': {u'floating_network_id': u'2050c613-9c50-45e4-b9c6-2203ec7994e3', u'tenant_id': u'c328531c2e9e4bd0a20c97963298e3fc'}} prepare_request_body /usr/lib/python2.7/site-packages/neutron/api/v2/base.py:695
2018-09-29 14:18:23.593 10416 DEBUG neutron.db.quota.driver [req-1f092a18-44db-4cfb-95c4-7bcabda3089d 81ed535ca88f461e8769becabf682408 67a7d8c970184497ad868e5ea6aa33b6 - default default] Resources subnetpool have unlimited quota limit. It is not required to calculate headroom  make_reservation /usr/lib/python2.7/site-packages/neutron/db/quota/driver.py:223
2018-09-29 14:18:23.609 10416 DEBUG neutron.quota.resource [req-1f092a18-44db-4cfb-95c4-7bcabda3089d 81ed535ca88f461e8769becabf682408 67a7d8c970184497ad868e5ea6aa33b6 - default default] Usage tracker for resource:floatingip and tenant:c328531c2e9e4bd0a20c97963298e3fc is out of sync, need to count used quota count_used /usr/lib/python2.7/site-packages/neutron/quota/resource.py:274
2018-09-29 14:18:23.624 10416 DEBUG neutron.quota.resource [req-1f092a18-44db-4cfb-95c4-7bcabda3089d 81ed535ca88f461e8769becabf682408 67a7d8c970184497ad868e5ea6aa33b6 - default default] Quota usage for floatingip was recalculated. Used quota:0. count_used /usr/lib/python2.7/site-packages/neutron/quota/resource.py:293
2018-09-29 14:18:23.641 10416 DEBUG neutron.db.quota.driver [req-1f092a18-44db-4cfb-95c4-7bcabda3089d 81ed535ca88f461e8769becabf682408 67a7d8c970184497ad868e5ea6aa33b6 - default default] Attempting to reserve 1 items for resource floatingip. Total usage: 0; quota limit: 50; headroom:50 make_reservation /usr/lib/python2.7/site-packages/neutron/db/quota/driver.py:255
2018-09-29 14:18:24.129 10416 DEBUG neutron_lib.callbacks.manager [req-1f092a18-44db-4cfb-95c4-7bcabda3089d 81ed535ca88f461e8769becabf682408 67a7d8c970184497ad868e5ea6aa33b6 - default default] Notify callbacks ['neutron.plugins.ml2.plugin.Ml2Plugin._ensure_default_security_group_handler-507951'] for port, before_create _notify_loop /usr/lib/python2.7/site-packages/neutron_lib/callbacks/manager.py:167
2018-09-29 14:18:25.394 10416 DEBUG neutron.db.db_base_plugin_common [req-1f092a18-44db-4cfb-95c4-7bcabda3089d 81ed535ca88f461e8769becabf682408 67a7d8c970184497ad868e5ea6aa33b6 - default default] Allocated IP 172.24.4.5 (2050c613-9c50-45e4-b9c6-2203ec7994e3/fb0bfeb3-1f6d-48f2-94af-fd43cd976e0b/6a41500e-e5e4-4bc0-923f-01fb2e1b0026) _store_ip_allocation /usr/lib/python2.7/site-packages/neutron/db/db_base_plugin_common.py:122
2018-09-29 14:18:25.871 10416 DEBUG neutron_lib.callbacks.manager [req-1f092a18-44db-4cfb-95c4-7bcabda3089d 81ed535ca88f461e8769becabf682408 67a7d8c970184497ad868e5ea6aa33b6 - default default] Notify callbacks [] for port, precommit_create _notify_loop /usr/lib/python2.7/site-packages/neutron_lib/callbacks/manager.py:167
2018-09-29 14:18:25.992 10416 DEBUG neutron_lib.callbacks.manager [req-1f092a18-44db-4cfb-95c4-7bcabda3089d 81ed535ca88f461e8769becabf682408 67a7d8c970184497ad868e5ea6aa33b6 - default default] Notify callbacks ['neutron.plugins.ml2.plugin.Ml2Plugin.notify_sg_on_port_change-515464', 'neutron.db.l3_dvrscheduler_db._notify_l3_agent_new_port-8777626480810', 'neutron.plugins.ml2.ovo_rpc._ObjectChangeHandler.handle_event--9223372036853137758', 'neutron.api.rpc.agentnotifiers.dhcp_rpc_agent_api.DhcpAgentNotifyAPI._native_event_send_dhcp_notification-1485738'] for port, after_create _notify_loop /usr/lib/python2.7/site-packages/neutron_lib/callbacks/manager.py:167
2018-09-29 14:18:25.994 10416 DEBUG neutron.db.l3_dvrscheduler_db [req-1f092a18-44db-4cfb-95c4-7bcabda3089d 81ed535ca88f461e8769becabf682408 67a7d8c970184497ad868e5ea6aa33b6 - default default] Received port after_create _notify_l3_agent_new_port /usr/lib/python2.7/site-packages/neutron/db/l3_dvrscheduler_db.py:392
2018-09-29 14:18:26.020 10416 DEBUG oslo_concurrency.lockutils [-] Lock "event-dispatch" acquired by "neutron.plugins.ml2.ovo_rpc.dispatch_events" :: waited 0.000s inner /usr/lib/python2.7/site-packages/oslo_concurrency/lockutils.py:270
2018-09-29 14:18:26.278 10416 DEBUG neutron.api.rpc.handlers.resources_rpc [req-1f092a18-44db-4cfb-95c4-7bcabda3089d 81ed535ca88f461e8769becabf682408 67a7d8c970184497ad868e5ea6aa33b6 - - -] neutron.api.rpc.handlers.resources_rpc.ResourcesPushRpcApi method push called with arguments (<neutron_lib.context.Context object at 0x7fbb342434d0>, [Port(admin_state_up=True,allowed_address_pairs=[],binding=PortBinding,binding_levels=[],created_at=2018-09-29T18:18:25Z,data_plane_status=<?>,description='',device_id='PENDING',device_owner='network:floatingip',dhcp_options=[],distributed_binding=None,dns=None,fixed_ips=[IPAllocation],id=6a41500e-e5e4-4bc0-923f-01fb2e1b0026,mac_address=fa:16:3e:7b:33:5b,name='',network_id=2050c613-9c50-45e4-b9c6-2203ec7994e3,project_id='',qos_policy_id=None,revision_number=3,security=PortSecurity(6a41500e-e5e4-4bc0-923f-01fb2e1b0026),security_group_ids=set([]),status='N/A',updated_at=2018-09-29T18:18:25Z)], 'updated') {} wrapper /usr/lib/python2.7/site-packages/oslo_log/helpers.py:66
2018-09-29 14:18:26.322 10416 DEBUG neutron.api.rpc.callbacks.version_manager [req-1f092a18-44db-4cfb-95c4-7bcabda3089d 81ed535ca88f461e8769becabf682408 67a7d8c970184497ad868e5ea6aa33b6 - - -] Version for resource type Subnet changed None to 1.0 on consumer Open vSwitch agent@localhost.localdomain _set_version /usr/lib/python2.7/site-packages/neutron/api/rpc/callbacks/version_manager.py:119
2018-09-29 14:18:26.325 10416 DEBUG neutron.api.rpc.callbacks.version_manager [req-1f092a18-44db-4cfb-95c4-7bcabda3089d 81ed535ca88f461e8769becabf682408 67a7d8c970184497ad868e5ea6aa33b6 - - -] Version for resource type Network changed None to 1.0 on consumer Open vSwitch agent@localhost.localdomain _set_version /usr/lib/python2.7/site-packages/neutron/api/rpc/callbacks/version_manager.py:119
2018-09-29 14:18:26.325 10416 DEBUG neutron.api.rpc.callbacks.version_manager [req-1f092a18-44db-4cfb-95c4-7bcabda3089d 81ed535ca88f461e8769becabf682408 67a7d8c970184497ad868e5ea6aa33b6 - - -] Version for resource type SubPort changed None to 1.0 on consumer Open vSwitch agent@localhost.localdomain _set_version /usr/lib/python2.7/site-packages/neutron/api/rpc/callbacks/version_manager.py:119
2018-09-29 14:18:26.326 10416 DEBUG neutron.api.rpc.callbacks.version_manager [req-1f092a18-44db-4cfb-95c4-7bcabda3089d 81ed535ca88f461e8769becabf682408 67a7d8c970184497ad868e5ea6aa33b6 - - -] Version for resource type SecurityGroup changed None to 1.0 on consumer Open vSwitch agent@localhost.localdomain _set_version /usr/lib/python2.7/site-packages/neutron/api/rpc/callbacks/version_manager.py:119
2018-09-29 14:18:26.327 10416 DEBUG neutron.api.rpc.callbacks.version_manager [req-1f092a18-44db-4cfb-95c4-7bcabda3089d 81ed535ca88f461e8769becabf682408 67a7d8c970184497ad868e5ea6aa33b6 - - -] Version for resource type SecurityGroupRule changed None to 1.0 on consumer Open vSwitch agent@localhost.localdomain _set_version /usr/lib/python2.7/site-packages/neutron/api/rpc/callbacks/version_manager.py:119
2018-09-29 14:18:26.327 10416 DEBUG neutron.api.rpc.callbacks.version_manager [req-1f092a18-44db-4cfb-95c4-7bcabda3089d 81ed535ca88f461e8769becabf682408 67a7d8c970184497ad868e5ea6aa33b6 - - -] Version for resource type Trunk changed None to 1.1 on consumer Open vSwitch agent@localhost.localdomain _set_version /usr/lib/python2.7/site-packages/neutron/api/rpc/callbacks/version_manager.py:119
2018-09-29 14:18:26.328 10416 DEBUG neutron.api.rpc.callbacks.version_manager [req-1f092a18-44db-4cfb-95c4-7bcabda3089d 81ed535ca88f461e8769becabf682408 67a7d8c970184497ad868e5ea6aa33b6 - - -] Version for resource type QosPolicy changed None to 1.6 on consumer Open vSwitch agent@localhost.localdomain _set_version /usr/lib/python2.7/site-packages/neutron/api/rpc/callbacks/version_manager.py:119
2018-09-29 14:18:26.329 10416 DEBUG neutron.api.rpc.callbacks.version_manager [req-1f092a18-44db-4cfb-95c4-7bcabda3089d 81ed535ca88f461e8769becabf682408 67a7d8c970184497ad868e5ea6aa33b6 - - -] Version for resource type Port changed None to 1.1 on consumer Open vSwitch agent@localhost.localdomain _set_version /usr/lib/python2.7/site-packages/neutron/api/rpc/callbacks/version_manager.py:119
2018-09-29 14:18:26.329 10416 DEBUG neutron.api.rpc.callbacks.version_manager [req-1f092a18-44db-4cfb-95c4-7bcabda3089d 81ed535ca88f461e8769becabf682408 67a7d8c970184497ad868e5ea6aa33b6 - - -] Version for resource type Log changed None to 1.0 on consumer Open vSwitch agent@localhost.localdomain _set_version /usr/lib/python2.7/site-packages/neutron/api/rpc/callbacks/version_manager.py:119
2018-09-29 14:18:26.363 10416 DEBUG oslo_concurrency.lockutils [req-1f092a18-44db-4cfb-95c4-7bcabda3089d 81ed535ca88f461e8769becabf682408 67a7d8c970184497ad868e5ea6aa33b6 - - -] Lock "event-dispatch" released by "neutron.plugins.ml2.ovo_rpc.dispatch_events" :: held 0.342s inner /usr/lib/python2.7/site-packages/oslo_concurrency/lockutils.py:282
2018-09-29 14:18:26.430 10416 DEBUG neutron.scheduler.dhcp_agent_scheduler [req-1f092a18-44db-4cfb-95c4-7bcabda3089d 81ed535ca88f461e8769becabf682408 67a7d8c970184497ad868e5ea6aa33b6 - default default] Network 2050c613-9c50-45e4-b9c6-2203ec7994e3 is already hosted by enough agents. _get_dhcp_agents_hosting_network /usr/lib/python2.7/site-packages/neutron/scheduler/dhcp_agent_scheduler.py:243
2018-09-29 14:18:26.696 10416 DEBUG neutron_lib.callbacks.manager [req-1f092a18-44db-4cfb-95c4-7bcabda3089d 81ed535ca88f461e8769becabf682408 67a7d8c970184497ad868e5ea6aa33b6 - default default] Notify callbacks ['neutron.plugins.ml2.plugin.Ml2Plugin._ensure_default_security_group_handler-507951'] for port, before_update _notify_loop /usr/lib/python2.7/site-packages/neutron_lib/callbacks/manager.py:167
2018-09-29 14:18:27.447 10416 DEBUG neutron_lib.callbacks.manager [req-1f092a18-44db-4cfb-95c4-7bcabda3089d 81ed535ca88f461e8769becabf682408 67a7d8c970184497ad868e5ea6aa33b6 - default default] Notify callbacks [] for port, precommit_update _notify_loop /usr/lib/python2.7/site-packages/neutron_lib/callbacks/manager.py:167
2018-09-29 14:18:27.466 10416 DEBUG neutron_lib.callbacks.manager [req-1f092a18-44db-4cfb-95c4-7bcabda3089d 81ed535ca88f461e8769becabf682408 67a7d8c970184497ad868e5ea6aa33b6 - default default] Notify callbacks ['neutron.plugins.ml2.plugin.Ml2Plugin.notify_sg_on_port_change-515464', 'neutron.db.l3_dvrscheduler_db._notify_l3_agent_port_update-8777626480825', 'neutron.plugins.ml2.ovo_rpc._ObjectChangeHandler.handle_event--9223372036853137758', 'neutron.db.l3_hascheduler_db._notify_l3_agent_ha_port_update--9223363259228293876', 'neutron.api.rpc.agentnotifiers.dhcp_rpc_agent_api.DhcpAgentNotifyAPI._native_event_send_dhcp_notification-1485738'] for port, after_update _notify_loop /usr/lib/python2.7/site-packages/neutron_lib/callbacks/manager.py:167
2018-09-29 14:18:27.489 10416 DEBUG oslo_concurrency.lockutils [-] Lock "event-dispatch" acquired by "neutron.plugins.ml2.ovo_rpc.dispatch_events" :: waited 0.000s inner /usr/lib/python2.7/site-packages/oslo_concurrency/lockutils.py:270
2018-09-29 14:18:27.741 10416 DEBUG neutron.api.rpc.handlers.resources_rpc [req-1f092a18-44db-4cfb-95c4-7bcabda3089d 81ed535ca88f461e8769becabf682408 67a7d8c970184497ad868e5ea6aa33b6 - - -] neutron.api.rpc.handlers.resources_rpc.ResourcesPushRpcApi method push called with arguments (<neutron_lib.context.Context object at 0x7fbb33f26950>, [Port(admin_state_up=True,allowed_address_pairs=[],binding=PortBinding,binding_levels=[],created_at=2018-09-29T18:18:25Z,data_plane_status=<?>,description='',device_id='80dcbd20-fd44-4bd9-998f-65a5f6b26179',device_owner='network:floatingip',dhcp_options=[],distributed_binding=None,dns=None,fixed_ips=[IPAllocation],id=6a41500e-e5e4-4bc0-923f-01fb2e1b0026,mac_address=fa:16:3e:7b:33:5b,name='',network_id=2050c613-9c50-45e4-b9c6-2203ec7994e3,project_id='',qos_policy_id=None,revision_number=4,security=PortSecurity(6a41500e-e5e4-4bc0-923f-01fb2e1b0026),security_group_ids=set([]),status='N/A',updated_at=2018-09-29T18:18:27Z)], 'updated') {} wrapper /usr/lib/python2.7/site-packages/oslo_log/helpers.py:66
2018-09-29 14:18:27.764 10416 DEBUG oslo_concurrency.lockutils [req-1f092a18-44db-4cfb-95c4-7bcabda3089d 81ed535ca88f461e8769becabf682408 67a7d8c970184497ad868e5ea6aa33b6 - - -] Lock "event-dispatch" released by "neutron.plugins.ml2.ovo_rpc.dispatch_events" :: held 0.274s inner /usr/lib/python2.7/site-packages/oslo_concurrency/lockutils.py:282
2018-09-29 14:18:27.825 10416 DEBUG neutron_lib.callbacks.manager [req-1f092a18-44db-4cfb-95c4-7bcabda3089d 81ed535ca88f461e8769becabf682408 67a7d8c970184497ad868e5ea6aa33b6 - default default] Notify callbacks ['neutron.services.l3_router.l3_router_plugin.L3RouterPlugin._create_dvr_floating_gw_port--9223372036853180920'] for floatingip, after_update _notify_loop /usr/lib/python2.7/site-packages/neutron_lib/callbacks/manager.py:167
2018-09-29 14:18:27.905 10416 DEBUG neutron.quota.resource [req-1f092a18-44db-4cfb-95c4-7bcabda3089d 81ed535ca88f461e8769becabf682408 67a7d8c970184497ad868e5ea6aa33b6 - default default] Persisted dirty status for tenant:c328531c2e9e4bd0a20c97963298e3fc on resource:floatingip mark_dirty /usr/lib/python2.7/site-packages/neutron/quota/resource.py:207
2018-09-29 14:18:27.913 10416 DEBUG neutron.quota.resource [req-1f092a18-44db-4cfb-95c4-7bcabda3089d 81ed535ca88f461e8769becabf682408 67a7d8c970184497ad868e5ea6aa33b6 - default default] Persisted dirty status for tenant: on resource:port mark_dirty /usr/lib/python2.7/site-packages/neutron/quota/resource.py:207
2018-09-29 14:18:27.942 10416 DEBUG neutron_lib.callbacks.manager [req-1f092a18-44db-4cfb-95c4-7bcabda3089d 81ed535ca88f461e8769becabf682408 67a7d8c970184497ad868e5ea6aa33b6 - default default] Notify callbacks ['neutron.notifiers.nova.Notifier._send_nova_notification--9223372036854768624'] for floatingip, before_response _notify_loop /usr/lib/python2.7/site-packages/neutron_lib/callbacks/manager.py:167
2018-09-29 14:18:27.944 10416 INFO neutron.wsgi [req-1f092a18-44db-4cfb-95c4-7bcabda3089d 81ed535ca88f461e8769becabf682408 67a7d8c970184497ad868e5ea6aa33b6 - default default] 10.0.20.26 "POST /v2.0/floatingips HTTP/1.1" status: 201  len: 674 time: 4.3776910
2018-09-29 14:18:28.841 10422 DEBUG neutron_lib.callbacks.manager [req-b2d06496-ba53-4aad-b549-3b1515604c02 - - - - -] Notify callbacks ['neutron.services.segments.db._update_segment_host_mapping_for_agent-8777626842794'] for agent, after_update _notify_loop /usr/lib/python2.7/site-packages/neutron_lib/callbacks/manager.py:167
2018-09-29 14:18:28.850 10424 DEBUG neutron_lib.callbacks.manager [req-678bc549-5e50-4043-a665-b71533c16e69 - - - - -] Notify callbacks ['neutron.services.segments.db._update_segment_host_mapping_for_agent-8777626842794'] for agent, after_update _notify_loop /usr/lib/python2.7/site-packages/neutron_lib/callbacks/manager.py:167
2018-09-29 14:18:29.608 10420 DEBUG neutron_lib.callbacks.manager [req-40728ddd-f0c0-442b-9050-4ae492986f18 - - - - -] Notify callbacks ['neutron.services.segments.db._update_segment_host_mapping_for_agent-8777626842794'] for agent, after_update _notify_loop /usr/lib/python2.7/site-packages/neutron_lib/callbacks/manager.py:167
2018-09-29 14:18:34.593 10425 DEBUG neutron_lib.callbacks.manager [req-b5abf266-701d-47bd-ab6f-096c7e3ff25f - - - - -] Notify callbacks ['neutron.services.segments.db._update_segment_host_mapping_for_agent-8777626842794'] for agent, after_update _notify_loop /usr/lib/python2.7/site-packages/neutron_lib/callbacks/manager.py:167
2018-09-29 14:18:39.763 10414 DEBUG neutron.wsgi [-] (10414) accepted ('10.0.20.26', 36118) server /usr/lib/python2.7/site-packages/eventlet/wsgi.py:883
2018-09-29 14:18:39.973 10414 INFO neutron.wsgi [req-6e911aa4-0799-4846-9dc2-bf2bce190320 833ea7654a3b4cfd85b32d1132e6392d c328531c2e9e4bd0a20c97963298e3fc - 61018982c862471eb27362219d9ba0e2 61018982c862471eb27362219d9ba0e2] 10.0.20.26 "GET /v2.0/ports?device_id=5544c0fa-6640-46c4-acee-4636f3a78b4e HTTP/1.1" status: 200  len: 1125 time: 0.6470299
2018-09-29 14:18:40.089 10414 INFO neutron.wsgi [req-66d02a0e-ce93-4557-8585-0ea7b733622f 833ea7654a3b4cfd85b32d1132e6392d c328531c2e9e4bd0a20c97963298e3fc - 61018982c862471eb27362219d9ba0e2 61018982c862471eb27362219d9ba0e2] 10.0.20.26 "GET /v2.0/security-groups?id=0d27576d-c092-43b0-97f2-809f6ec7579e HTTP/1.1" status: 200  len: 2118 time: 0.1098621
2018-09-29 14:18:40.452 10414 INFO neutron.wsgi [req-c98efe47-772f-4a12-95b4-520148afd761 833ea7654a3b4cfd85b32d1132e6392d c328531c2e9e4bd0a20c97963298e3fc - 61018982c862471eb27362219d9ba0e2 61018982c862471eb27362219d9ba0e2] 10.0.20.26 "GET /v2.0/ports?device_owner=compute%3Anova&device_id=5544c0fa-6640-46c4-acee-4636f3a78b4e HTTP/1.1" status: 200  len: 1125 time: 0.2116148
2018-09-29 14:18:40.458 10414 INFO neutron.wsgi [req-113f877e-2903-4e0e-b890-39b0d593ef08 385405652b74463ca36119e213a84b2c e169fa6db0c147f283ae7c6a936117f3 - default default] 10.0.20.26 "GET /v2.0/ports?device_id=5544c0fa-6640-46c4-acee-4636f3a78b4e HTTP/1.1" status: 200  len: 1125 time: 0.6929688
2018-09-29 14:18:40.541 10414 INFO neutron.wsgi [req-3b08fe30-e69e-4dca-82f5-a7d2b7db9e21 833ea7654a3b4cfd85b32d1132e6392d c328531c2e9e4bd0a20c97963298e3fc - 61018982c862471eb27362219d9ba0e2 61018982c862471eb27362219d9ba0e2] 10.0.20.26 "GET /v2.0/floatingips?floating_ip_address=172.24.4.5 HTTP/1.1" status: 200  len: 672 time: 0.0817380
2018-09-29 14:18:40.571 10414 DEBUG neutron.api.v2.base [req-158ec51d-4cde-499b-887a-8e611f4849ee 833ea7654a3b4cfd85b32d1132e6392d c328531c2e9e4bd0a20c97963298e3fc - 61018982c862471eb27362219d9ba0e2 61018982c862471eb27362219d9ba0e2] Request body: {u'floatingip': {u'fixed_ip_address': u'11.113.1.10', u'port_id': u'ce794236-294a-44cc-9707-d7eb6c6e2684'}} prepare_request_body /usr/lib/python2.7/site-packages/neutron/api/v2/base.py:695
2018-09-29 14:18:40.645 10414 INFO neutron.wsgi [req-954d8dc4-77d8-4fa7-baad-4c629ad26ff0 385405652b74463ca36119e213a84b2c e169fa6db0c147f283ae7c6a936117f3 - default default] 10.0.20.26 "GET /v2.0/security-groups?id=0d27576d-c092-43b0-97f2-809f6ec7579e HTTP/1.1" status: 200  len: 2118 time: 0.1583378
2018-09-29 14:18:40.981 10414 DEBUG neutron_lib.callbacks.manager [req-158ec51d-4cde-499b-887a-8e611f4849ee 833ea7654a3b4cfd85b32d1132e6392d c328531c2e9e4bd0a20c97963298e3fc - 61018982c862471eb27362219d9ba0e2 61018982c862471eb27362219d9ba0e2] Notify callbacks ['neutron.services.l3_router.l3_router_plugin.L3RouterPlugin._create_dvr_floating_gw_port--9223372036853180920'] for floatingip, after_update _notify_loop /usr/lib/python2.7/site-packages/neutron_lib/callbacks/manager.py:167
2018-09-29 14:18:41.817 10414 DEBUG neutron.scheduler.l3_agent_scheduler [req-158ec51d-4cde-499b-887a-8e611f4849ee 833ea7654a3b4cfd85b32d1132e6392d c328531c2e9e4bd0a20c97963298e3fc - 61018982c862471eb27362219d9ba0e2 61018982c862471eb27362219d9ba0e2] Router e9d796bb-4be2-4516-be2a-17292483af64 has already been hosted by L3 agent 7f84737c-d202-4304-8c5a-a5c3498d9450 _get_candidates /usr/lib/python2.7/site-packages/neutron/scheduler/l3_agent_scheduler.py:141
2018-09-29 14:18:42.020 10414 DEBUG neutron.api.rpc.agentnotifiers.l3_rpc_agent_api [req-158ec51d-4cde-499b-887a-8e611f4849ee 833ea7654a3b4cfd85b32d1132e6392d c328531c2e9e4bd0a20c97963298e3fc - 61018982c862471eb27362219d9ba0e2 61018982c862471eb27362219d9ba0e2] Notify agent at l3_agent.localhost.localdomain the message routers_updated _agent_notification /usr/lib/python2.7/site-packages/neutron/api/rpc/agentnotifiers/l3_rpc_agent_api.py:69
2018-09-29 14:18:42.046 10414 DEBUG neutron_lib.callbacks.manager [req-158ec51d-4cde-499b-887a-8e611f4849ee 833ea7654a3b4cfd85b32d1132e6392d c328531c2e9e4bd0a20c97963298e3fc - 61018982c862471eb27362219d9ba0e2 61018982c862471eb27362219d9ba0e2] Notify callbacks ['neutron.notifiers.nova.Notifier._send_nova_notification--9223372036854768624'] for floatingip, before_response _notify_loop /usr/lib/python2.7/site-packages/neutron_lib/callbacks/manager.py:167
2018-09-29 14:18:42.079 10418 DEBUG neutron.db.l3_hamode_db [req-dc87bbfa-387b-499d-9955-093238aae509 - - - - -] neutron.services.l3_router.l3_router_plugin.L3RouterPlugin method get_ha_sync_data_for_host called with arguments (<neutron_lib.context.Context object at 0x7fbb345c11d0>, u'localhost.localdomain', <neutron.db.models.agent.Agent[object at 7fbb348d7110] {id=u'7f84737c-d202-4304-8c5a-a5c3498d9450', agent_type=u'L3 agent', binary=u'neutron-l3-agent', topic=u'l3_agent', host=u'localhost.localdomain', availability_zone=u'nova', admin_state_up=True, created_at=datetime.datetime(2018, 9, 11, 22, 51, 15), started_at=datetime.datetime(2018, 9, 29, 18, 6, 59), heartbeat_timestamp=datetime.datetime(2018, 9, 29, 18, 18, 29), description=None, configurations=u'{"agent_mode": "legacy", "gateway_external_network_id": "", "handle_internal_only_routers": true, "routers": 2, "interfaces": 2, "floating_ips": 0, "interface_driver": "neutron.agent.linux.interface.OVSInterfaceDriver", "log_agent_heartbeats": false, "external_network_bridge": "", "ex_gw_ports": 2}', resource_versions=None, load=0}>) {'active': True, 'router_ids': ['e9d796bb-4be2-4516-be2a-17292483af64']} wrapper /usr/lib/python2.7/site-packages/oslo_log/helpers.py:66
2018-09-29 14:18:42.144 10414 INFO neutron.wsgi [req-158ec51d-4cde-499b-887a-8e611f4849ee 833ea7654a3b4cfd85b32d1132e6392d c328531c2e9e4bd0a20c97963298e3fc - 61018982c862471eb27362219d9ba0e2 61018982c862471eb27362219d9ba0e2] 10.0.20.26 "PUT /v2.0/floatingips/80dcbd20-fd44-4bd9-998f-65a5f6b26179 HTTP/1.1" status: 200  len: 746 time: 1.5885501
2018-09-29 14:18:42.145 10414 DEBUG oslo_concurrency.lockutils [-] Lock "notifier-1d079393-a429-45d1-b46a-ebc28143b27e" acquired by "neutron.notifiers.batch_notifier.synced_send" :: waited 0.000s inner /usr/lib/python2.7/site-packages/oslo_concurrency/lockutils.py:270
2018-09-29 14:18:42.146 10414 DEBUG neutron.notifiers.nova [-] Sending events: [{'tag': u'ce794236-294a-44cc-9707-d7eb6c6e2684', 'name': 'network-changed', 'server_uuid': u'5544c0fa-6640-46c4-acee-4636f3a78b4e'}] send_events /usr/lib/python2.7/site-packages/neutron/notifiers/nova.py:242
2018-09-29 14:18:42.807 10418 DEBUG neutron.db.l3_hamode_db [req-dc87bbfa-387b-499d-9955-093238aae509 - - - - -] neutron.services.l3_router.l3_router_plugin.L3RouterPlugin method _process_sync_ha_data called with arguments (<neutron_lib.context.Context object at 0x7fbb345c11d0>, [{'status': u'ACTIVE', '_interfaces': [{'status': u'ACTIVE', 'subnets': [{'dns_nameservers': [u'8.8.4.4'], 'ipv6_ra_mode': None, 'gateway_ip': u'11.113.1.1', 'cidr': u'11.113.1.0/24', 'id': u'7f80eb29-c85a-41f3-af0d-860550bd0dbe', 'subnetpool_id': None}], 'binding:host_id': u'localhost.localdomain', 'description': u'', 'allowed_address_pairs': [], 'tags': [], 'extra_dhcp_opts': [], 'updated_at': '2018-09-29T18:17:22Z', 'device_owner': u'network:router_interface', 'revision_number': 7, 'port_security_enabled': False, 'binding:profile': {}, 'mtu': 1450, 'fixed_ips': [{'subnet_id': u'7f80eb29-c85a-41f3-af0d-860550bd0dbe', 'prefixlen': 24, 'ip_address': u'11.113.1.1'}], 'id': u'7972138d-350c-4fd7-9b79-d898adfcdb67', 'security_groups': [], 'device_id': u'e9d796bb-4be2-4516-be2a-17292483af64', 'name': u'', 'admin_state_up': True, 'network_id': u'd1b23854-b035-4ea6-9967-03240207b44a', 'tenant_id': u'c328531c2e9e4bd0a20c97963298e3fc', 'binding:vif_details': {u'port_filter': True, u'datapath_type': u'system', u'ovs_hybrid_plug': True}, 'address_scopes': {4: None, 6: None}, 'binding:vnic_type': u'normal', 'binding:vif_type': u'ovs', 'mac_address': u'fa:16:3e:5b:47:09', 'project_id': u'c328531c2e9e4bd0a20c97963298e3fc', 'extra_subnets': [], 'created_at': '2018-09-29T18:17:14Z'}], 'enable_snat': True, 'ha_vr_id': 0, 'description': u'', 'tags': [], 'gw_port': {'status': u'ACTIVE', 'subnets': [{'dns_nameservers': [], 'ipv6_ra_mode': None, 'gateway_ip': u'172.24.4.1', 'cidr': u'172.24.4.0/24', 'id': u'fb0bfeb3-1f6d-48f2-94af-fd43cd976e0b', 'subnetpool_id': None}], 'binding:host_id': u'localhost.localdomain', 'description': u'', 'allowed_address_pairs': [], 'tags': [], 'extra_dhcp_opts': [], 'updated_at': '2018-09-29T18:17:34Z', 'device_owner': u'network:router_gateway', 'revision_number': 6, 'port_security_enabled': False, 'binding:profile': {}, 'mtu': 1500, 'fixed_ips': [{'subnet_id': u'fb0bfeb3-1f6d-48f2-94af-fd43cd976e0b', 'prefixlen': 24, 'ip_address': u'172.24.4.3'}], 'id': u'5e74a7fa-e8fc-4d4d-a7e3-0d84730174f7', 'security_groups': [], 'device_id': u'e9d796bb-4be2-4516-be2a-17292483af64', 'name': u'', 'admin_state_up': True, 'network_id': u'2050c613-9c50-45e4-b9c6-2203ec7994e3', 'tenant_id': u'', 'binding:vif_details': {u'port_filter': True, u'datapath_type': u'system', u'ovs_hybrid_plug': True}, 'address_scopes': {4: None, 6: None}, 'binding:vnic_type': u'normal', 'binding:vif_type': u'ovs', 'mac_address': u'fa:16:3e:95:d8:a5', 'project_id': u'', 'extra_subnets': [], 'created_at': '2018-09-29T18:17:27Z'}, 'updated_at': '2018-09-29T18:17:28Z', 'revision_number': 4, 'ha': False, 'id': u'e9d796bb-4be2-4516-be2a-17292483af64', 'gw_port_host': u'localhost.localdomain', 'external_gateway_info': {'network_id': u'2050c613-9c50-45e4-b9c6-2203ec7994e3', 'enable_snat': True, 'external_fixed_ips': [{'subnet_id': u'fb0bfeb3-1f6d-48f2-94af-fd43cd976e0b', 'ip_address': u'172.24.4.3'}]}, 'availability_zone_hints': [], 'availability_zones': [u'nova'], 'name': u'tempest-router-1538244871', 'gw_port_id': u'5e74a7fa-e8fc-4d4d-a7e3-0d84730174f7', 'admin_state_up': True, 'tenant_id': u'c328531c2e9e4bd0a20c97963298e3fc', 'created_at': '2018-09-29T18:16:55Z', 'distributed': False, 'flavor_id': None, 'routes': [], 'project_id': u'c328531c2e9e4bd0a20c97963298e3fc', '_floatingips': [{'router_id': u'e9d796bb-4be2-4516-be2a-17292483af64', 'status': u'DOWN', 'description': u'', 'tags': [], 'updated_at': '2018-09-29T18:18:40Z', 'dns_domain': '', 'floating_network_id': u'2050c613-9c50-45e4-b9c6-2203ec7994e3', 'fixed_ip_address': u'11.113.1.10', 'floating_ip_address': u'172.24.4.5', 'revision_number': 1, 'port_id': u'ce794236-294a-44cc-9707-d7eb6c6e2684', 'id': u'80dcbd20-fd44-4bd9-998f-65a5f6b26179', 'dns_name': '', 'created_at': '2018-09-29T18:18:26Z', 'tenant_id': u'c328531c2e9e4bd0a20c97963298e3fc', 'fixed_ip_address_scope': None, 'project_id': u'c328531c2e9e4bd0a20c97963298e3fc'}]}], u'localhost.localdomain', False) {} wrapper /usr/lib/python2.7/site-packages/oslo_log/helpers.py:66
2018-09-29 14:18:42.824 10418 DEBUG neutron.api.rpc.handlers.l3_rpc [req-dc87bbfa-387b-499d-9955-093238aae509 - - - - -] Checking router: e9d796bb-4be2-4516-be2a-17292483af64 for host: localhost.localdomain _ensure_host_set_on_ports /usr/lib/python2.7/site-packages/neutron/api/rpc/handlers/l3_rpc.py:135
2018-09-29 14:18:43.046 10414 DEBUG novaclient.v2.client [-] REQ: curl -g -i -X POST http://10.0.20.26:8774/v2.1/e169fa6db0c147f283ae7c6a936117f3/os-server-external-events -H "User-Agent: python-novaclient" -H "Content-Type: application/json" -H "Accept: application/json" -H "X-OpenStack-Nova-API-Version: 2.1" -H "X-Auth-Token: {SHA1}226ce91ab1a80f24bd22d11b7d250ed173798f86" -d '{"events": [{"tag": "ce794236-294a-44cc-9707-d7eb6c6e2684", "name": "network-changed", "server_uuid": "5544c0fa-6640-46c4-acee-4636f3a78b4e"}]}' _http_log_request /usr/lib/python2.7/site-packages/keystoneauth1/session.py:375
2018-09-29 14:18:43.148 10420 DEBUG neutron.api.rpc.handlers.l3_rpc [req-5dd0b3e3-4982-4e95-8d04-c0c479be7903 - - - - -] New status for floating IP 80dcbd20-fd44-4bd9-998f-65a5f6b26179: ACTIVE update_floatingip_statuses /usr/lib/python2.7/site-packages/neutron/api/rpc/handlers/l3_rpc.py:252
2018-09-29 14:18:43.385 10414 DEBUG neutron.wsgi [-] (10414) accepted ('10.0.20.26', 36164) server /usr/lib/python2.7/site-packages/eventlet/wsgi.py:883
2018-09-29 14:18:43.643 10414 INFO neutron.wsgi [req-4af6a84c-7b09-4da5-8479-88db8182ea28 385405652b74463ca36119e213a84b2c e169fa6db0c147f283ae7c6a936117f3 - default default] 10.0.20.26 "GET /v2.0/ports?tenant_id=c328531c2e9e4bd0a20c97963298e3fc&device_id=5544c0fa-6640-46c4-acee-4636f3a78b4e HTTP/1.1" status: 200  len: 1125 time: 0.6112950
2018-09-29 14:18:43.949 10414 DEBUG neutron.pecan_wsgi.hooks.policy_enforcement [req-bd53d2ac-5f79-4135-9f2a-1f04df1e2db9 385405652b74463ca36119e213a84b2c e169fa6db0c147f283ae7c6a936117f3 - default default] Attributes excluded by policy engine: [u'vlan_transparent'] _exclude_attributes_by_policy /usr/lib/python2.7/site-packages/neutron/pecan_wsgi/hooks/policy_enforcement.py:256
2018-09-29 14:18:43.954 10414 INFO neutron.wsgi [req-bd53d2ac-5f79-4135-9f2a-1f04df1e2db9 385405652b74463ca36119e213a84b2c e169fa6db0c147f283ae7c6a936117f3 - default default] 10.0.20.26 "GET /v2.0/networks?id=d1b23854-b035-4ea6-9967-03240207b44a HTTP/1.1" status: 200  len: 885 time: 0.3048401
2018-09-29 14:18:44.036 10414 DEBUG novaclient.v2.client [-] RESP: [200] Content-Length: 179 Content-Type: application/json Openstack-Api-Version: compute 2.1 X-Openstack-Nova-Api-Version: 2.1 Vary: OpenStack-API-Version, X-OpenStack-Nova-API-Version X-Openstack-Request-Id: req-0be98b7a-760e-4999-ade6-83abf072f9ab X-Compute-Request-Id: req-0be98b7a-760e-4999-ade6-83abf072f9ab Date: Sat, 29 Sep 2018 18:18:44 GMT Connection: keep-alive 
RESP BODY: {"events": [{"status": "completed", "tag": "ce794236-294a-44cc-9707-d7eb6c6e2684", "name": "network-changed", "server_uuid": "5544c0fa-6640-46c4-acee-4636f3a78b4e", "code": 200}]}
 _http_log_response /usr/lib/python2.7/site-packages/keystoneauth1/session.py:423
2018-09-29 14:18:44.036 10414 DEBUG novaclient.v2.client [-] POST call to compute for http://10.0.20.26:8774/v2.1/e169fa6db0c147f283ae7c6a936117f3/os-server-external-events used request id req-0be98b7a-760e-4999-ade6-83abf072f9ab request /usr/lib/python2.7/site-packages/keystoneauth1/session.py:727
2018-09-29 14:18:44.073 10414 INFO neutron.notifiers.nova [-] Nova event response: {u'status': u'completed', u'tag': u'ce794236-294a-44cc-9707-d7eb6c6e2684', u'name': u'network-changed', u'server_uuid': u'5544c0fa-6640-46c4-acee-4636f3a78b4e', u'code': 200}
2018-09-29 14:18:44.114 10414 INFO neutron.wsgi [req-a68534af-77ad-4121-8cdd-aa249435a9ca 385405652b74463ca36119e213a84b2c e169fa6db0c147f283ae7c6a936117f3 - default default] 10.0.20.26 "GET /v2.0/floatingips?fixed_ip_address=11.113.1.10&port_id=ce794236-294a-44cc-9707-d7eb6c6e2684 HTTP/1.1" status: 200  len: 751 time: 0.0741460
2018-09-29 14:18:44.258 10413 INFO neutron.wsgi [req-83b5a39b-c412-438a-966e-01abf29e9502 385405652b74463ca36119e213a84b2c e169fa6db0c147f283ae7c6a936117f3 - default default] 10.0.20.26 "GET /v2.0/ports?tenant_id=c328531c2e9e4bd0a20c97963298e3fc&device_id=5544c0fa-6640-46c4-acee-4636f3a78b4e HTTP/1.1" status: 200  len: 1125 time: 0.1649480
2018-09-29 14:18:44.277 10414 INFO neutron.wsgi [req-446631e7-4a13-4c62-a699-d6809caa85d9 385405652b74463ca36119e213a84b2c e169fa6db0c147f283ae7c6a936117f3 - default default] 10.0.20.26 "GET /v2.0/ports?device_id=5544c0fa-6640-46c4-acee-4636f3a78b4e HTTP/1.1" status: 200  len: 1125 time: 0.8893418
2018-09-29 14:18:44.502 10414 DEBUG neutron.pecan_wsgi.hooks.policy_enforcement [req-fa9f9b83-11bd-4f94-8e13-bf2dba61c157 385405652b74463ca36119e213a84b2c e169fa6db0c147f283ae7c6a936117f3 - default default] Attributes excluded by policy engine: [u'shared'] _exclude_attributes_by_policy /usr/lib/python2.7/site-packages/neutron/pecan_wsgi/hooks/policy_enforcement.py:256
2018-09-29 14:18:44.505 10414 INFO neutron.wsgi [req-fa9f9b83-11bd-4f94-8e13-bf2dba61c157 385405652b74463ca36119e213a84b2c e169fa6db0c147f283ae7c6a936117f3 - default default] 10.0.20.26 "GET /v2.0/subnets?id=7f80eb29-c85a-41f3-af0d-860550bd0dbe HTTP/1.1" status: 200  len: 847 time: 0.3791189
2018-09-29 14:18:44.644 10414 INFO neutron.wsgi [req-da6aafd4-f193-458b-9bc7-75e11a53661f 385405652b74463ca36119e213a84b2c e169fa6db0c147f283ae7c6a936117f3 - default default] 10.0.20.26 "GET /v2.0/security-groups?id=0d27576d-c092-43b0-97f2-809f6ec7579e HTTP/1.1" status: 200  len: 2118 time: 0.3588049
2018-09-29 14:18:44.678 10413 DEBUG neutron.pecan_wsgi.hooks.policy_enforcement [req-9de4bf55-3a75-4424-85bd-4eb13e726e7a 385405652b74463ca36119e213a84b2c e169fa6db0c147f283ae7c6a936117f3 - default default] Attributes excluded by policy engine: [u'vlan_transparent'] _exclude_attributes_by_policy /usr/lib/python2.7/site-packages/neutron/pecan_wsgi/hooks/policy_enforcement.py:256
2018-09-29 14:18:44.681 10413 INFO neutron.wsgi [req-9de4bf55-3a75-4424-85bd-4eb13e726e7a 385405652b74463ca36119e213a84b2c e169fa6db0c147f283ae7c6a936117f3 - default default] 10.0.20.26 "GET /v2.0/networks?id=d1b23854-b035-4ea6-9967-03240207b44a HTTP/1.1" status: 200  len: 885 time: 0.4127800
2018-09-29 14:18:44.753 10414 INFO neutron.wsgi [req-7ffece88-2825-4bb9-8538-b92edf330b6c 385405652b74463ca36119e213a84b2c e169fa6db0c147f283ae7c6a936117f3 - default default] 10.0.20.26 "GET /v2.0/ports?network_id=d1b23854-b035-4ea6-9967-03240207b44a&device_owner=network%3Adhcp HTTP/1.1" status: 200  len: 1128 time: 0.2290549
2018-09-29 14:18:44.788 10413 INFO neutron.wsgi [req-0751a5d2-c8d8-419d-9787-7cedb63ae935 385405652b74463ca36119e213a84b2c e169fa6db0c147f283ae7c6a936117f3 - default default] 10.0.20.26 "GET /v2.0/floatingips?fixed_ip_address=11.113.1.10&port_id=ce794236-294a-44cc-9707-d7eb6c6e2684 HTTP/1.1" status: 200  len: 751 time: 0.0880601
2018-09-29 14:18:45.015 10413 DEBUG neutron.pecan_wsgi.hooks.policy_enforcement [req-07850ec3-3a08-4e8f-b6f5-bef08963018c 385405652b74463ca36119e213a84b2c e169fa6db0c147f283ae7c6a936117f3 - default default] Attributes excluded by policy engine: [u'shared'] _exclude_attributes_by_policy /usr/lib/python2.7/site-packages/neutron/pecan_wsgi/hooks/policy_enforcement.py:256
2018-09-29 14:18:45.019 10413 INFO neutron.wsgi [req-07850ec3-3a08-4e8f-b6f5-bef08963018c 385405652b74463ca36119e213a84b2c e169fa6db0c147f283ae7c6a936117f3 - default default] 10.0.20.26 "GET /v2.0/subnets?id=7f80eb29-c85a-41f3-af0d-860550bd0dbe HTTP/1.1" status: 200  len: 847 time: 0.2213130
2018-09-29 14:18:45.175 10413 INFO neutron.wsgi [req-b99542a0-3a6b-4a10-a5e0-f153b241d470 385405652b74463ca36119e213a84b2c e169fa6db0c147f283ae7c6a936117f3 - default default] 10.0.20.26 "GET /v2.0/ports?network_id=d1b23854-b035-4ea6-9967-03240207b44a&device_owner=network%3Adhcp HTTP/1.1" status: 200  len: 1128 time: 0.1422179
2018-09-29 14:18:46.074 10414 DEBUG oslo_concurrency.lockutils [-] Lock "notifier-1d079393-a429-45d1-b46a-ebc28143b27e" released by "neutron.notifiers.batch_notifier.synced_send" :: held 3.929s inner /usr/lib/python2.7/site-packages/oslo_concurrency/lockutils.py:282
2018-09-29 14:18:46.391 10414 DEBUG neutron.wsgi [-] (10414) accepted ('10.0.20.26', 36208) server /usr/lib/python2.7/site-packages/eventlet/wsgi.py:883
2018-09-29 14:18:46.963 10414 INFO neutron.wsgi [req-63f72d40-a0f2-45bd-8db0-405282e1a25a 385405652b74463ca36119e213a84b2c e169fa6db0c147f283ae7c6a936117f3 - default default] 10.0.20.26 "GET /v2.0/ports?device_id=5544c0fa-6640-46c4-acee-4636f3a78b4e HTTP/1.1" status: 200  len: 1125 time: 0.5700419
2018-09-29 14:18:47.086 10414 INFO neutron.wsgi [req-68a43590-2552-40ab-9418-9dd2ee60716e 385405652b74463ca36119e213a84b2c e169fa6db0c147f283ae7c6a936117f3 - default default] 10.0.20.26 "GET /v2.0/security-groups?id=0d27576d-c092-43b0-97f2-809f6ec7579e HTTP/1.1" status: 200  len: 2118 time: 0.1103349
2018-09-29 14:18:47.176 10413 INFO neutron.wsgi [req-758442eb-3544-4e7b-aa74-10ea694770c3 385405652b74463ca36119e213a84b2c e169fa6db0c147f283ae7c6a936117f3 - default default] 10.0.20.26 "GET /v2.0/ports?tenant_id=c328531c2e9e4bd0a20c97963298e3fc&device_id=5544c0fa-6640-46c4-acee-4636f3a78b4e HTTP/1.1" status: 200  len: 1125 time: 0.1462562
2018-09-29 14:18:47.441 10413 DEBUG neutron.pecan_wsgi.hooks.policy_enforcement [req-abf3d719-918a-47e4-a2fe-1229d2947124 385405652b74463ca36119e213a84b2c e169fa6db0c147f283ae7c6a936117f3 - default default] Attributes excluded by policy engine: [u'vlan_transparent'] _exclude_attributes_by_policy /usr/lib/python2.7/site-packages/neutron/pecan_wsgi/hooks/policy_enforcement.py:256
2018-09-29 14:18:47.443 10413 INFO neutron.wsgi [req-abf3d719-918a-47e4-a2fe-1229d2947124 385405652b74463ca36119e213a84b2c e169fa6db0c147f283ae7c6a936117f3 - default default] 10.0.20.26 "GET /v2.0/networks?id=d1b23854-b035-4ea6-9967-03240207b44a HTTP/1.1" status: 200  len: 885 time: 0.2607250
2018-09-29 14:18:47.486 10413 INFO neutron.wsgi [req-151d3ec7-81e1-4b92-9550-160e009ed46a 385405652b74463ca36119e213a84b2c e169fa6db0c147f283ae7c6a936117f3 - default default] 10.0.20.26 "GET /v2.0/floatingips?fixed_ip_address=11.113.1.10&port_id=ce794236-294a-44cc-9707-d7eb6c6e2684 HTTP/1.1" status: 200  len: 751 time: 0.0358889
2018-09-29 14:18:47.598 10413 DEBUG neutron.pecan_wsgi.hooks.policy_enforcement [req-3f783e67-5010-4e7a-89eb-4e3254f81e5c 385405652b74463ca36119e213a84b2c e169fa6db0c147f283ae7c6a936117f3 - default default] Attributes excluded by policy engine: [u'shared'] _exclude_attributes_by_policy /usr/lib/python2.7/site-packages/neutron/pecan_wsgi/hooks/policy_enforcement.py:256
2018-09-29 14:18:47.600 10413 INFO neutron.wsgi [req-3f783e67-5010-4e7a-89eb-4e3254f81e5c 385405652b74463ca36119e213a84b2c e169fa6db0c147f283ae7c6a936117f3 - default default] 10.0.20.26 "GET /v2.0/subnets?id=7f80eb29-c85a-41f3-af0d-860550bd0dbe HTTP/1.1" status: 200  len: 847 time: 0.1095121
2018-09-29 14:18:47.727 10413 INFO neutron.wsgi [req-beb87c05-1f55-477b-85da-ff9463c7c5e8 385405652b74463ca36119e213a84b2c e169fa6db0c147f283ae7c6a936117f3 - default default] 10.0.20.26 "GET /v2.0/ports?network_id=d1b23854-b035-4ea6-9967-03240207b44a&device_owner=network%3Adhcp HTTP/1.1" status: 200  len: 1128 time: 0.1206260
2018-09-29 14:18:48.295 10418 DEBUG neutron_lib.callbacks.manager [req-81b3ae07-e8d1-4c32-a0a6-b0a87a79c1d3 - - - - -] Notify callbacks ['neutron.services.segments.db._update_segment_host_mapping_for_agent-8777626842794'] for agent, after_update _notify_loop /usr/lib/python2.7/site-packages/neutron_lib/callbacks/manager.py:167
2018-09-29 14:18:50.342 10414 DEBUG neutron.wsgi [-] (10414) accepted ('10.0.20.26', 36246) server /usr/lib/python2.7/site-packages/eventlet/wsgi.py:883
2018-09-29 14:18:51.082 10414 INFO neutron.wsgi [req-f6274a5b-b849-4795-9821-538ca9ef0db7 385405652b74463ca36119e213a84b2c e169fa6db0c147f283ae7c6a936117f3 - default default] 10.0.20.26 "GET /v2.0/ports?device_id=5544c0fa-6640-46c4-acee-4636f3a78b4e HTTP/1.1" status: 200  len: 1125 time: 0.7385781
2018-09-29 14:18:51.196 10414 INFO neutron.wsgi [req-5b5aa81e-842a-42eb-89ba-0a614de593e4 385405652b74463ca36119e213a84b2c e169fa6db0c147f283ae7c6a936117f3 - default default] 10.0.20.26 "GET /v2.0/security-groups?id=0d27576d-c092-43b0-97f2-809f6ec7579e HTTP/1.1" status: 200  len: 2118 time: 0.1063349
2018-09-29 14:18:53.445 10427 DEBUG neutron.db.agents_db [req-3895e71d-c82c-4d69-8cbe-14dd6ebb3f1e - - - - -] Agent healthcheck: found 5 active agents agent_health_check /usr/lib/python2.7/site-packages/neutron/db/agents_db.py:281
2018-09-29 14:18:56.095 10414 INFO neutron.wsgi [req-bfc4b96d-b3a6-4b54-ad55-1ec3aa8f28ea 385405652b74463ca36119e213a84b2c e169fa6db0c147f283ae7c6a936117f3 - default default] 10.0.20.26 "GET /v2.0/ports?device_id=5544c0fa-6640-46c4-acee-4636f3a78b4e HTTP/1.1" status: 200  len: 1125 time: 0.2051260
2018-09-29 14:18:56.246 10414 INFO neutron.wsgi [req-bd68b93b-2dc1-4ccd-9028-d63a86308189 385405652b74463ca36119e213a84b2c e169fa6db0c147f283ae7c6a936117f3 - default default] 10.0.20.26 "GET /v2.0/security-groups?id=0d27576d-c092-43b0-97f2-809f6ec7579e HTTP/1.1" status: 200  len: 2118 time: 0.1417220
2018-09-29 14:18:56.842 10415 INFO neutron.wsgi [req-692648bc-25b9-442d-b311-ee0e5aff115f 833ea7654a3b4cfd85b32d1132e6392d c328531c2e9e4bd0a20c97963298e3fc - 61018982c862471eb27362219d9ba0e2 61018982c862471eb27362219d9ba0e2] 10.0.20.26 "GET /v2.0/ports?device_id=5544c0fa-6640-46c4-acee-4636f3a78b4e HTTP/1.1" status: 200  len: 1125 time: 0.7010500
2018-09-29 14:18:56.968 10415 INFO neutron.wsgi [req-f1c16145-b24b-4190-93ef-c68bac691bdd 833ea7654a3b4cfd85b32d1132e6392d c328531c2e9e4bd0a20c97963298e3fc - 61018982c862471eb27362219d9ba0e2 61018982c862471eb27362219d9ba0e2] 10.0.20.26 "GET /v2.0/security-groups?id=0d27576d-c092-43b0-97f2-809f6ec7579e HTTP/1.1" status: 200  len: 2118 time: 0.1187050
2018-09-29 14:18:58.869 10423 DEBUG neutron_lib.callbacks.manager [req-b2d06496-ba53-4aad-b549-3b1515604c02 - - - - -] Notify callbacks ['neutron.services.segments.db._update_segment_host_mapping_for_agent-8777626842794'] for agent, after_update _notify_loop /usr/lib/python2.7/site-packages/neutron_lib/callbacks/manager.py:167
2018-09-29 14:18:58.872 10426 DEBUG neutron_lib.callbacks.manager [req-678bc549-5e50-4043-a665-b71533c16e69 - - - - -] Notify callbacks ['neutron.services.segments.db._update_segment_host_mapping_for_agent-8777626842794'] for agent, after_update _notify_loop /usr/lib/python2.7/site-packages/neutron_lib/callbacks/manager.py:167
2018-09-29 14:18:59.615 10419 DEBUG neutron_lib.callbacks.manager [req-92f9e3cc-3a6c-46b7-8217-08a0a47cb77b - - - - -] Notify callbacks ['neutron.services.segments.db._update_segment_host_mapping_for_agent-8777626842794'] for agent, after_update _notify_loop /usr/lib/python2.7/site-packages/neutron_lib/callbacks/manager.py:167
2018-09-29 14:19:04.624 10421 DEBUG neutron_lib.callbacks.manager [req-91186cfd-4608-4139-96d2-5c9d9db424c8 - - - - -] Notify callbacks ['neutron.services.segments.db._update_segment_host_mapping_for_agent-8777626842794'] for agent, after_update _notify_loop /usr/lib/python2.7/site-packages/neutron_lib/callbacks/manager.py:167
2018-09-29 14:19:18.296 10422 DEBUG neutron_lib.callbacks.manager [req-81b3ae07-e8d1-4c32-a0a6-b0a87a79c1d3 - - - - -] Notify callbacks ['neutron.services.segments.db._update_segment_host_mapping_for_agent-8777626842794'] for agent, after_update _notify_loop /usr/lib/python2.7/site-packages/neutron_lib/callbacks/manager.py:167
2018-09-29 14:19:23.271 10411 DEBUG neutron.wsgi [-] (10411) accepted ('10.0.20.26', 37424) server /usr/lib/python2.7/site-packages/eventlet/wsgi.py:883
2018-09-29 14:19:24.038 10411 WARNING keystonemiddleware.auth_token [-] A valid token was submitted as a service token, but it was not a valid service token. This is incorrect but backwards compatible behaviour. This will be removed in future releases.
2018-09-29 14:19:25.745 10411 INFO neutron.wsgi [req-0c20ce18-b24e-4169-a227-422f6fa569d5 833ea7654a3b4cfd85b32d1132e6392d c328531c2e9e4bd0a20c97963298e3fc - 61018982c862471eb27362219d9ba0e2 61018982c862471eb27362219d9ba0e2] 10.0.20.26 "GET /v2.0/ports?device_id=5544c0fa-6640-46c4-acee-4636f3a78b4e HTTP/1.1" status: 200  len: 1125 time: 2.4725320
2018-09-29 14:19:25.947 10411 INFO neutron.wsgi [req-83125d7d-5725-45f1-86dc-9704c4cc76b5 833ea7654a3b4cfd85b32d1132e6392d c328531c2e9e4bd0a20c97963298e3fc - 61018982c862471eb27362219d9ba0e2 61018982c862471eb27362219d9ba0e2] 10.0.20.26 "GET /v2.0/security-groups?id=0d27576d-c092-43b0-97f2-809f6ec7579e HTTP/1.1" status: 200  len: 2118 time: 0.1919529
2018-09-29 14:19:28.835 10424 DEBUG neutron_lib.callbacks.manager [req-b2d06496-ba53-4aad-b549-3b1515604c02 - - - - -] Notify callbacks ['neutron.services.segments.db._update_segment_host_mapping_for_agent-8777626842794'] for agent, after_update _notify_loop /usr/lib/python2.7/site-packages/neutron_lib/callbacks/manager.py:167
2018-09-29 14:19:28.846 10420 DEBUG neutron_lib.callbacks.manager [req-678bc549-5e50-4043-a665-b71533c16e69 - - - - -] Notify callbacks ['neutron.services.segments.db._update_segment_host_mapping_for_agent-8777626842794'] for agent, after_update _notify_loop /usr/lib/python2.7/site-packages/neutron_lib/callbacks/manager.py:167
2018-09-29 14:19:29.619 10425 DEBUG neutron_lib.callbacks.manager [req-600ef552-531d-473a-b8ee-7c55953cc020 - - - - -] Notify callbacks ['neutron.services.segments.db._update_segment_host_mapping_for_agent-8777626842794'] for agent, after_update _notify_loop /usr/lib/python2.7/site-packages/neutron_lib/callbacks/manager.py:167
2018-09-29 14:19:30.423 10427 DEBUG neutron.db.agents_db [req-3895e71d-c82c-4d69-8cbe-14dd6ebb3f1e - - - - -] Agent healthcheck: found 5 active agents agent_health_check /usr/lib/python2.7/site-packages/neutron/db/agents_db.py:281
2018-09-29 14:19:34.598 10418 DEBUG neutron_lib.callbacks.manager [req-147bdcc5-f0ba-4bd3-8c02-f11e563227d6 - - - - -] Notify callbacks ['neutron.services.segments.db._update_segment_host_mapping_for_agent-8777626842794'] for agent, after_update _notify_loop /usr/lib/python2.7/site-packages/neutron_lib/callbacks/manager.py:167
2018-09-29 14:19:36.456 10411 INFO neutron.wsgi [req-f01f5e6f-f422-4dad-8c5c-7115acbf5c19 833ea7654a3b4cfd85b32d1132e6392d c328531c2e9e4bd0a20c97963298e3fc - 61018982c862471eb27362219d9ba0e2 61018982c862471eb27362219d9ba0e2] 10.0.20.26 "GET /v2.0/ports?device_id=5544c0fa-6640-46c4-acee-4636f3a78b4e HTTP/1.1" status: 200  len: 1125 time: 0.5404632
2018-09-29 14:19:36.573 10411 INFO neutron.wsgi [req-70d7872b-2c1a-46c0-9e7a-42c436a0190b 833ea7654a3b4cfd85b32d1132e6392d c328531c2e9e4bd0a20c97963298e3fc - 61018982c862471eb27362219d9ba0e2 61018982c862471eb27362219d9ba0e2] 10.0.20.26 "GET /v2.0/security-groups?id=0d27576d-c092-43b0-97f2-809f6ec7579e HTTP/1.1" status: 200  len: 2118 time: 0.1113839
2018-09-29 14:19:44.761 10414 INFO neutron.wsgi [req-7e17df69-9fda-48b9-a71f-ee2975bebea4 319698b42b0949de845552aab263ff10 e169fa6db0c147f283ae7c6a936117f3 - default default] 10.0.20.26 "GET /v2.0/ports?device_id=5544c0fa-6640-46c4-acee-4636f3a78b4e HTTP/1.1" status: 200  len: 1125 time: 1.0508728
2018-09-29 14:19:44.916 10414 INFO neutron.wsgi [req-36624aa8-b489-4d98-ade2-ac924245eaed 319698b42b0949de845552aab263ff10 e169fa6db0c147f283ae7c6a936117f3 - default default] 10.0.20.26 "GET /v2.0/security-groups?id=0d27576d-c092-43b0-97f2-809f6ec7579e HTTP/1.1" status: 200  len: 2118 time: 0.1488271
2018-09-29 14:19:47.144 10413 INFO neutron.wsgi [req-d8d179ba-8052-4576-b9cd-aa8cddd931bb 385405652b74463ca36119e213a84b2c e169fa6db0c147f283ae7c6a936117f3 - default default] 10.0.20.26 "GET /v2.0/ports?tenant_id=c328531c2e9e4bd0a20c97963298e3fc&device_id=5544c0fa-6640-46c4-acee-4636f3a78b4e HTTP/1.1" status: 200  len: 1125 time: 0.1381152
2018-09-29 14:19:47.677 10413 DEBUG neutron.pecan_wsgi.hooks.policy_enforcement [req-36ce46a9-32d4-447e-99f0-9aa9910310ec 385405652b74463ca36119e213a84b2c e169fa6db0c147f283ae7c6a936117f3 - default default] Attributes excluded by policy engine: [u'vlan_transparent'] _exclude_attributes_by_policy /usr/lib/python2.7/site-packages/neutron/pecan_wsgi/hooks/policy_enforcement.py:256
2018-09-29 14:19:47.680 10413 INFO neutron.wsgi [req-36ce46a9-32d4-447e-99f0-9aa9910310ec 385405652b74463ca36119e213a84b2c e169fa6db0c147f283ae7c6a936117f3 - default default] 10.0.20.26 "GET /v2.0/networks?id=d1b23854-b035-4ea6-9967-03240207b44a HTTP/1.1" status: 200  len: 885 time: 0.5297930
2018-09-29 14:19:47.726 10413 INFO neutron.wsgi [req-2a228a49-4dec-4201-9a85-3ac920866448 385405652b74463ca36119e213a84b2c e169fa6db0c147f283ae7c6a936117f3 - default default] 10.0.20.26 "GET /v2.0/floatingips?fixed_ip_address=11.113.1.10&port_id=ce794236-294a-44cc-9707-d7eb6c6e2684 HTTP/1.1" status: 200  len: 751 time: 0.0387590
2018-09-29 14:19:47.860 10413 DEBUG neutron.pecan_wsgi.hooks.policy_enforcement [req-0efe77a6-9416-48c8-a549-288069a1c44a 385405652b74463ca36119e213a84b2c e169fa6db0c147f283ae7c6a936117f3 - default default] Attributes excluded by policy engine: [u'shared'] _exclude_attributes_by_policy /usr/lib/python2.7/site-packages/neutron/pecan_wsgi/hooks/policy_enforcement.py:256
2018-09-29 14:19:47.865 10413 INFO neutron.wsgi [req-0efe77a6-9416-48c8-a549-288069a1c44a 385405652b74463ca36119e213a84b2c e169fa6db0c147f283ae7c6a936117f3 - default default] 10.0.20.26 "GET /v2.0/subnets?id=7f80eb29-c85a-41f3-af0d-860550bd0dbe HTTP/1.1" status: 200  len: 847 time: 0.1314662
2018-09-29 14:19:47.972 10413 INFO neutron.wsgi [req-6a47df0f-2730-461d-ae89-43d71a534b0c 385405652b74463ca36119e213a84b2c e169fa6db0c147f283ae7c6a936117f3 - default default] 10.0.20.26 "GET /v2.0/ports?network_id=d1b23854-b035-4ea6-9967-03240207b44a&device_owner=network%3Adhcp HTTP/1.1" status: 200  len: 1128 time: 0.1013181
2018-09-29 14:19:48.306 10423 DEBUG neutron_lib.callbacks.manager [req-81b3ae07-e8d1-4c32-a0a6-b0a87a79c1d3 - - - - -] Notify callbacks ['neutron.services.segments.db._update_segment_host_mapping_for_agent-8777626842794'] for agent, after_update _notify_loop /usr/lib/python2.7/site-packages/neutron_lib/callbacks/manager.py:167
2018-09-29 14:19:52.210 10411 DEBUG neutron.wsgi [-] (10411) accepted ('10.0.20.26', 37618) server /usr/lib/python2.7/site-packages/eventlet/wsgi.py:883
2018-09-29 14:19:53.234 10411 INFO neutron.wsgi [req-d48ca140-ae15-457f-b3db-9f7624dff17e 833ea7654a3b4cfd85b32d1132e6392d c328531c2e9e4bd0a20c97963298e3fc - 61018982c862471eb27362219d9ba0e2 61018982c862471eb27362219d9ba0e2] 10.0.20.26 "GET /v2.0/ports?device_id=5544c0fa-6640-46c4-acee-4636f3a78b4e HTTP/1.1" status: 200  len: 1125 time: 1.0227151
