2018-06-26 10:23:52.880 7880 INFO neutron.wsgi [req-a529831e-9bef-477a-803a-95cd00244c59 e9554c0c07ea4c8fbaa8c6fd8f14094d 02b04f0c69864afc86e6c6f82bf20896 - aa93fbc121aa43bc941adabe7277c42b aa93fbc121aa43bc941adabe7277c42b] 10.0.20.25 "GET /v2.0/ports?device_id=a3a7cd98-fba8-4146-b124-12a89120e5ba HTTP/1.1" status: 200  len: 1124 time: 0.6291668
2018-06-26 10:23:53.028 7880 INFO neutron.wsgi [req-f38beb31-5079-4188-994d-efbe8de33969 e9554c0c07ea4c8fbaa8c6fd8f14094d 02b04f0c69864afc86e6c6f82bf20896 - aa93fbc121aa43bc941adabe7277c42b aa93fbc121aa43bc941adabe7277c42b] 10.0.20.25 "GET /v2.0/security-groups?id=a2e798e9-0d68-41e9-b340-6876639d8056 HTTP/1.1" status: 200  len: 2118 time: 0.1398041
2018-06-26 10:23:53.847 7900 DEBUG neutron.db.agents_db [req-89c207fc-8cb3-4355-b8b8-a0491b2a3f2f - - - - -] Agent healthcheck: found 5 active agents agent_health_check /usr/lib/python2.7/site-packages/neutron/db/agents_db.py:281
2018-06-26 10:24:05.243 7899 DEBUG neutron_lib.callbacks.manager [req-3ebc3008-1eed-4abb-89e2-46f1da99aa24 - - - - -] Notify callbacks ['neutron.services.segments.db._update_segment_host_mapping_for_agent-8781502238770'] for agent, after_update _notify_loop /usr/lib/python2.7/site-packages/neutron_lib/callbacks/manager.py:167
2018-06-26 10:24:05.274 7892 DEBUG neutron_lib.callbacks.manager [req-69abaa66-e4eb-4e9b-b96a-2d17db2280b5 - - - - -] Notify callbacks ['neutron.services.segments.db._update_segment_host_mapping_for_agent-8781502238770'] for agent, after_update _notify_loop /usr/lib/python2.7/site-packages/neutron_lib/callbacks/manager.py:167
2018-06-26 10:24:05.419 7893 DEBUG neutron_lib.callbacks.manager [req-a5af3fc1-1198-4120-90f4-da2a71b29d0c - - - - -] Notify callbacks ['neutron.services.segments.db._update_segment_host_mapping_for_agent-8781502238770'] for agent, after_update _notify_loop /usr/lib/python2.7/site-packages/neutron_lib/callbacks/manager.py:167
2018-06-26 10:24:05.852 7880 INFO neutron.wsgi [req-e4a130c8-8641-49f7-8965-07035aaa8a41 e9554c0c07ea4c8fbaa8c6fd8f14094d 02b04f0c69864afc86e6c6f82bf20896 - aa93fbc121aa43bc941adabe7277c42b aa93fbc121aa43bc941adabe7277c42b] 10.0.20.25 "GET /v2.0/ports?device_id=a3a7cd98-fba8-4146-b124-12a89120e5ba HTTP/1.1" status: 200  len: 1124 time: 0.9488699
2018-06-26 10:24:05.938 7880 INFO neutron.wsgi [req-c86845c7-4d44-4f4a-a501-ec38e9a0c574 e9554c0c07ea4c8fbaa8c6fd8f14094d 02b04f0c69864afc86e6c6f82bf20896 - aa93fbc121aa43bc941adabe7277c42b aa93fbc121aa43bc941adabe7277c42b] 10.0.20.25 "GET /v2.0/security-groups?id=a2e798e9-0d68-41e9-b340-6876639d8056 HTTP/1.1" status: 200  len: 2118 time: 0.0792599
2018-06-26 10:24:09.348 7898 DEBUG neutron_lib.callbacks.manager [req-6686dbb3-6a3e-4f53-b242-d54d39946f38 - - - - -] Notify callbacks ['neutron.services.segments.db._update_segment_host_mapping_for_agent-8781502238770'] for agent, after_update _notify_loop /usr/lib/python2.7/site-packages/neutron_lib/callbacks/manager.py:167
2018-06-26 10:24:11.060 7889 DEBUG neutron_lib.callbacks.manager [req-a9b1c6c6-8fb9-424b-8860-6372f2a493b7 - - - - -] Notify callbacks ['neutron.services.segments.db._update_segment_host_mapping_for_agent-8781502238770'] for agent, after_update _notify_loop /usr/lib/python2.7/site-packages/neutron_lib/callbacks/manager.py:167
2018-06-26 10:24:20.686 7880 INFO neutron.wsgi [req-03ebe5b7-5b41-4c1a-b167-073c33295d97 e9554c0c07ea4c8fbaa8c6fd8f14094d 02b04f0c69864afc86e6c6f82bf20896 - aa93fbc121aa43bc941adabe7277c42b aa93fbc121aa43bc941adabe7277c42b] 10.0.20.25 "GET /v2.0/ports?device_id=a3a7cd98-fba8-4146-b124-12a89120e5ba HTTP/1.1" status: 200  len: 1124 time: 0.8002970
2018-06-26 10:24:20.859 7880 INFO neutron.wsgi [req-a057b757-fa42-4d2f-af52-1400abc2e0fd e9554c0c07ea4c8fbaa8c6fd8f14094d 02b04f0c69864afc86e6c6f82bf20896 - aa93fbc121aa43bc941adabe7277c42b aa93fbc121aa43bc941adabe7277c42b] 10.0.20.25 "GET /v2.0/security-groups?id=a2e798e9-0d68-41e9-b340-6876639d8056 HTTP/1.1" status: 200  len: 2118 time: 0.1651249
2018-06-26 10:24:30.849 7900 DEBUG neutron.db.agents_db [req-89c207fc-8cb3-4355-b8b8-a0491b2a3f2f - - - - -] Agent healthcheck: found 5 active agents agent_health_check /usr/lib/python2.7/site-packages/neutron/db/agents_db.py:281
2018-06-26 10:24:35.253 7894 DEBUG neutron_lib.callbacks.manager [req-83826f4f-3752-44ab-9893-bc186891fab5 - - - - -] Notify callbacks ['neutron.services.segments.db._update_segment_host_mapping_for_agent-8781502238770'] for agent, after_update _notify_loop /usr/lib/python2.7/site-packages/neutron_lib/callbacks/manager.py:167
2018-06-26 10:24:35.279 7896 DEBUG neutron_lib.callbacks.manager [req-69abaa66-e4eb-4e9b-b96a-2d17db2280b5 - - - - -] Notify callbacks ['neutron.services.segments.db._update_segment_host_mapping_for_agent-8781502238770'] for agent, after_update _notify_loop /usr/lib/python2.7/site-packages/neutron_lib/callbacks/manager.py:167
2018-06-26 10:24:35.404 7897 DEBUG neutron_lib.callbacks.manager [req-a5af3fc1-1198-4120-90f4-da2a71b29d0c - - - - -] Notify callbacks ['neutron.services.segments.db._update_segment_host_mapping_for_agent-8781502238770'] for agent, after_update _notify_loop /usr/lib/python2.7/site-packages/neutron_lib/callbacks/manager.py:167
2018-06-26 10:24:36.005 7888 DEBUG neutron.wsgi [-] (7888) accepted ('10.0.20.25', 38420) server /usr/lib/python2.7/site-packages/eventlet/wsgi.py:883
2018-06-26 10:24:36.591 7888 WARNING keystonemiddleware.auth_token [-] A valid token was submitted as a service token, but it was not a valid service token. This is incorrect but backwards compatible behaviour. This will be removed in future releases.
2018-06-26 10:24:37.279 7888 INFO neutron.wsgi [req-4f7e8620-a5c2-4898-a613-6af1f58a80c2 e9554c0c07ea4c8fbaa8c6fd8f14094d 02b04f0c69864afc86e6c6f82bf20896 - aa93fbc121aa43bc941adabe7277c42b aa93fbc121aa43bc941adabe7277c42b] 10.0.20.25 "GET /v2.0/ports?device_id=a3a7cd98-fba8-4146-b124-12a89120e5ba HTTP/1.1" status: 200  len: 1124 time: 1.2711439
2018-06-26 10:24:37.494 7888 INFO neutron.wsgi [req-17a5fe70-2353-43c9-ab41-2e0dc6693cb8 e9554c0c07ea4c8fbaa8c6fd8f14094d 02b04f0c69864afc86e6c6f82bf20896 - aa93fbc121aa43bc941adabe7277c42b aa93fbc121aa43bc941adabe7277c42b] 10.0.20.25 "GET /v2.0/security-groups?id=a2e798e9-0d68-41e9-b340-6876639d8056 HTTP/1.1" status: 200  len: 2118 time: 0.1743579
2018-06-26 10:24:38.505 7880 INFO neutron.wsgi [req-b17c4084-e1e6-4c47-81a9-fa22f8cf6d79 db7e024eefa34f0d9525ad1ee1475527 910acf3b84b64f358e48f506530f7cb1 - default default] 10.0.20.25 "GET /v2.0/ports?tenant_id=02b04f0c69864afc86e6c6f82bf20896&device_id=a3a7cd98-fba8-4146-b124-12a89120e5ba HTTP/1.1" status: 200  len: 1124 time: 0.1860399
2018-06-26 10:24:38.959 7880 DEBUG neutron.pecan_wsgi.hooks.policy_enforcement [req-4952d185-1a36-45d6-a115-4ce25ec04b29 db7e024eefa34f0d9525ad1ee1475527 910acf3b84b64f358e48f506530f7cb1 - default default] Attributes excluded by policy engine: [u'vlan_transparent'] _exclude_attributes_by_policy /usr/lib/python2.7/site-packages/neutron/pecan_wsgi/hooks/policy_enforcement.py:256
2018-06-26 10:24:38.962 7880 INFO neutron.wsgi [req-4952d185-1a36-45d6-a115-4ce25ec04b29 db7e024eefa34f0d9525ad1ee1475527 910acf3b84b64f358e48f506530f7cb1 - default default] 10.0.20.25 "GET /v2.0/networks?id=0c8eff11-a36a-4453-93ef-10180bbd0a55 HTTP/1.1" status: 200  len: 885 time: 0.4471591
2018-06-26 10:24:39.013 7880 INFO neutron.wsgi [req-316d2712-8178-437b-85e6-5b2126a3a340 db7e024eefa34f0d9525ad1ee1475527 910acf3b84b64f358e48f506530f7cb1 - default default] 10.0.20.25 "GET /v2.0/floatingips?fixed_ip_address=11.148.1.3&port_id=f2a09816-b41d-4911-a10b-256a26171035 HTTP/1.1" status: 200  len: 750 time: 0.0389729
2018-06-26 10:24:39.172 7880 DEBUG neutron.pecan_wsgi.hooks.policy_enforcement [req-9bf1db95-1f49-4685-88aa-f60578c62492 db7e024eefa34f0d9525ad1ee1475527 910acf3b84b64f358e48f506530f7cb1 - default default] Attributes excluded by policy engine: [u'shared'] _exclude_attributes_by_policy /usr/lib/python2.7/site-packages/neutron/pecan_wsgi/hooks/policy_enforcement.py:256
2018-06-26 10:24:39.176 7880 INFO neutron.wsgi [req-9bf1db95-1f49-4685-88aa-f60578c62492 db7e024eefa34f0d9525ad1ee1475527 910acf3b84b64f358e48f506530f7cb1 - default default] 10.0.20.25 "GET /v2.0/subnets?id=679876fd-a76b-4d4b-b1d9-384b601efd65 HTTP/1.1" status: 200  len: 847 time: 0.1563401
2018-06-26 10:24:39.328 7880 INFO neutron.wsgi [req-0ae72a39-c86b-400c-911c-063e70afcf1d db7e024eefa34f0d9525ad1ee1475527 910acf3b84b64f358e48f506530f7cb1 - default default] 10.0.20.25 "GET /v2.0/ports?network_id=0c8eff11-a36a-4453-93ef-10180bbd0a55&device_owner=network%3Adhcp HTTP/1.1" status: 200  len: 1128 time: 0.1445372
2018-06-26 10:24:39.354 7890 DEBUG neutron_lib.callbacks.manager [req-6686dbb3-6a3e-4f53-b242-d54d39946f38 - - - - -] Notify callbacks ['neutron.services.segments.db._update_segment_host_mapping_for_agent-8781502238770'] for agent, after_update _notify_loop /usr/lib/python2.7/site-packages/neutron_lib/callbacks/manager.py:167
2018-06-26 10:24:41.031 7899 DEBUG neutron_lib.callbacks.manager [req-1f0fdb8a-0f93-441b-a7f4-e2b6dc54fe8f - - - - -] Notify callbacks ['neutron.services.segments.db._update_segment_host_mapping_for_agent-8781502238770'] for agent, after_update _notify_loop /usr/lib/python2.7/site-packages/neutron_lib/callbacks/manager.py:167
2018-06-26 10:24:42.597 7889 DEBUG neutron.plugins.ml2.rpc [req-6686dbb3-6a3e-4f53-b242-d54d39946f38 - - - - -] Device f2a09816-b41d-4911-a10b-256a26171035 no longer exists at agent ovs-agent-localhost.localdomain update_device_down /usr/lib/python2.7/site-packages/neutron/plugins/ml2/rpc.py:213
2018-06-26 10:24:42.822 7889 DEBUG neutron_lib.callbacks.manager [req-6686dbb3-6a3e-4f53-b242-d54d39946f38 - - - - -] Notify callbacks ['neutron.plugins.ml2.plugin.Ml2Plugin._ensure_default_security_group_handler--9223372036854000288'] for port, before_update _notify_loop /usr/lib/python2.7/site-packages/neutron_lib/callbacks/manager.py:167
2018-06-26 10:24:42.920 7889 DEBUG oslo_concurrency.lockutils [-] Lock "notifier-32757895-58e3-4a70-bf1e-020738360604" acquired by "neutron.notifiers.batch_notifier.synced_send" :: waited 0.001s inner /usr/lib/python2.7/site-packages/oslo_concurrency/lockutils.py:270
2018-06-26 10:24:42.921 7889 DEBUG neutron.notifiers.nova [-] Sending events: [{'status': 'completed', 'tag': u'f2a09816-b41d-4911-a10b-256a26171035', 'name': 'network-vif-unplugged', 'server_uuid': u'a3a7cd98-fba8-4146-b124-12a89120e5ba'}] send_events /usr/lib/python2.7/site-packages/neutron/notifiers/nova.py:242
2018-06-26 10:24:42.929 7889 DEBUG novaclient.v2.client [-] REQ: curl -g -i -X POST http://10.0.20.25:8774/v2.1/910acf3b84b64f358e48f506530f7cb1/os-server-external-events -H "User-Agent: python-novaclient" -H "Content-Type: application/json" -H "Accept: application/json" -H "X-OpenStack-Nova-API-Version: 2.1" -H "X-Auth-Token: {SHA1}29cbd41a26160e5c0d45126a8bb4c34138400576" -d '{"events": [{"status": "completed", "tag": "f2a09816-b41d-4911-a10b-256a26171035", "name": "network-vif-unplugged", "server_uuid": "a3a7cd98-fba8-4146-b124-12a89120e5ba"}]}' _http_log_request /usr/lib/python2.7/site-packages/keystoneauth1/session.py:375
2018-06-26 10:24:42.937 7889 DEBUG neutron.plugins.ml2.db [req-6686dbb3-6a3e-4f53-b242-d54d39946f38 - - - - -] For port f2a09816-b41d-4911-a10b-256a26171035, host localhost.localdomain, got binding levels [<neutron.plugins.ml2.models.PortBindingLevel[object at 7fc9a418cf50] {port_id=u'f2a09816-b41d-4911-a10b-256a26171035', host=u'localhost.localdomain', level=0, driver=u'openvswitch', segment_id=u'acd23f44-a2f2-4de7-b06f-948dc866f9a2'}>] get_binding_levels /usr/lib/python2.7/site-packages/neutron/plugins/ml2/db.py:106
2018-06-26 10:24:42.948 7889 DEBUG neutron_lib.callbacks.manager [req-6686dbb3-6a3e-4f53-b242-d54d39946f38 - - - - -] Notify callbacks ['neutron.db.l3_hascheduler_db._notify_l3_agent_ha_port_update-8781501877509', 'neutron.api.rpc.agentnotifiers.dhcp_rpc_agent_api.DhcpAgentNotifyAPI._native_event_send_dhcp_notification-1725411', 'neutron.db.l3_dvrscheduler_db._notify_l3_agent_port_update--9223363255352898639', 'neutron.plugins.ml2.ovo_rpc._ObjectChangeHandler.handle_event-1618214', 'neutron.plugins.ml2.plugin.Ml2Plugin.notify_sg_on_port_change-775645'] for port, after_update _notify_loop /usr/lib/python2.7/site-packages/neutron_lib/callbacks/manager.py:167
2018-06-26 10:24:42.958 7889 DEBUG oslo_concurrency.lockutils [-] Lock "event-dispatch" acquired by "neutron.plugins.ml2.ovo_rpc.dispatch_events" :: waited 0.000s inner /usr/lib/python2.7/site-packages/oslo_concurrency/lockutils.py:270
2018-06-26 10:24:43.132 7889 DEBUG neutron.api.rpc.handlers.resources_rpc [req-6686dbb3-6a3e-4f53-b242-d54d39946f38 - - - - -] neutron.api.rpc.handlers.resources_rpc.ResourcesPushRpcApi method push called with arguments (<neutron_lib.context.Context object at 0x7fc9a3ff1250>, [Port(admin_state_up=True,allowed_address_pairs=[],binding=PortBinding,binding_levels=[PortBindingLevel],created_at=2018-06-26T08:21:25Z,data_plane_status=<?>,description='',device_id='a3a7cd98-fba8-4146-b124-12a89120e5ba',device_owner='compute:nova',dhcp_options=[],distributed_binding=None,dns=None,fixed_ips=[IPAllocation],id=f2a09816-b41d-4911-a10b-256a26171035,mac_address=fa:16:3e:78:ea:d3,name='',network_id=0c8eff11-a36a-4453-93ef-10180bbd0a55,project_id='02b04f0c69864afc86e6c6f82bf20896',qos_policy_id=None,revision_number=7,security=PortSecurity(f2a09816-b41d-4911-a10b-256a26171035),security_group_ids=set([a2e798e9-0d68-41e9-b340-6876639d8056]),status='DOWN',updated_at=2018-06-26T08:24:42Z)], 'updated') {} wrapper /usr/lib/python2.7/site-packages/oslo_log/helpers.py:66
2018-06-26 10:24:43.146 7889 DEBUG neutron.api.rpc.callbacks.version_manager [req-6686dbb3-6a3e-4f53-b242-d54d39946f38 - - - - -] Version for resource type Subnet changed None to 1.0 on consumer Open vSwitch agent@localhost.localdomain _set_version /usr/lib/python2.7/site-packages/neutron/api/rpc/callbacks/version_manager.py:119
2018-06-26 10:24:43.146 7889 DEBUG neutron.api.rpc.callbacks.version_manager [req-6686dbb3-6a3e-4f53-b242-d54d39946f38 - - - - -] Version for resource type Network changed None to 1.0 on consumer Open vSwitch agent@localhost.localdomain _set_version /usr/lib/python2.7/site-packages/neutron/api/rpc/callbacks/version_manager.py:119
2018-06-26 10:24:43.147 7889 DEBUG neutron.api.rpc.callbacks.version_manager [req-6686dbb3-6a3e-4f53-b242-d54d39946f38 - - - - -] Version for resource type SubPort changed None to 1.0 on consumer Open vSwitch agent@localhost.localdomain _set_version /usr/lib/python2.7/site-packages/neutron/api/rpc/callbacks/version_manager.py:119
2018-06-26 10:24:43.148 7889 DEBUG neutron.api.rpc.callbacks.version_manager [req-6686dbb3-6a3e-4f53-b242-d54d39946f38 - - - - -] Version for resource type SecurityGroup changed None to 1.0 on consumer Open vSwitch agent@localhost.localdomain _set_version /usr/lib/python2.7/site-packages/neutron/api/rpc/callbacks/version_manager.py:119
2018-06-26 10:24:43.148 7889 DEBUG neutron.api.rpc.callbacks.version_manager [req-6686dbb3-6a3e-4f53-b242-d54d39946f38 - - - - -] Version for resource type SecurityGroupRule changed None to 1.0 on consumer Open vSwitch agent@localhost.localdomain _set_version /usr/lib/python2.7/site-packages/neutron/api/rpc/callbacks/version_manager.py:119
2018-06-26 10:24:43.149 7889 DEBUG neutron.api.rpc.callbacks.version_manager [req-6686dbb3-6a3e-4f53-b242-d54d39946f38 - - - - -] Version for resource type Trunk changed None to 1.1 on consumer Open vSwitch agent@localhost.localdomain _set_version /usr/lib/python2.7/site-packages/neutron/api/rpc/callbacks/version_manager.py:119
2018-06-26 10:24:43.149 7889 DEBUG neutron.api.rpc.callbacks.version_manager [req-6686dbb3-6a3e-4f53-b242-d54d39946f38 - - - - -] Version for resource type QosPolicy changed None to 1.6 on consumer Open vSwitch agent@localhost.localdomain _set_version /usr/lib/python2.7/site-packages/neutron/api/rpc/callbacks/version_manager.py:119
2018-06-26 10:24:43.150 7889 DEBUG neutron.api.rpc.callbacks.version_manager [req-6686dbb3-6a3e-4f53-b242-d54d39946f38 - - - - -] Version for resource type Port changed None to 1.1 on consumer Open vSwitch agent@localhost.localdomain _set_version /usr/lib/python2.7/site-packages/neutron/api/rpc/callbacks/version_manager.py:119
2018-06-26 10:24:43.151 7889 DEBUG neutron.api.rpc.callbacks.version_manager [req-6686dbb3-6a3e-4f53-b242-d54d39946f38 - - - - -] Version for resource type Log changed None to 1.0 on consumer Open vSwitch agent@localhost.localdomain _set_version /usr/lib/python2.7/site-packages/neutron/api/rpc/callbacks/version_manager.py:119
2018-06-26 10:24:43.171 7889 DEBUG oslo_concurrency.lockutils [req-6686dbb3-6a3e-4f53-b242-d54d39946f38 - - - - -] Lock "event-dispatch" released by "neutron.plugins.ml2.ovo_rpc.dispatch_events" :: held 0.213s inner /usr/lib/python2.7/site-packages/oslo_concurrency/lockutils.py:282
2018-06-26 10:24:43.621 7889 DEBUG novaclient.v2.client [-] RESP: [200] Content-Length: 185 Content-Type: application/json Openstack-Api-Version: compute 2.1 X-Openstack-Nova-Api-Version: 2.1 Vary: OpenStack-API-Version, X-OpenStack-Nova-API-Version X-Openstack-Request-Id: req-4f5ace9b-54fa-47f3-80f4-9d6ed1bb79f8 X-Compute-Request-Id: req-4f5ace9b-54fa-47f3-80f4-9d6ed1bb79f8 Date: Tue, 26 Jun 2018 08:24:43 GMT Connection: keep-alive 
RESP BODY: {"events": [{"status": "completed", "tag": "f2a09816-b41d-4911-a10b-256a26171035", "name": "network-vif-unplugged", "server_uuid": "a3a7cd98-fba8-4146-b124-12a89120e5ba", "code": 200}]}
 _http_log_response /usr/lib/python2.7/site-packages/keystoneauth1/session.py:423
2018-06-26 10:24:43.622 7889 DEBUG novaclient.v2.client [-] POST call to compute for http://10.0.20.25:8774/v2.1/910acf3b84b64f358e48f506530f7cb1/os-server-external-events used request id req-4f5ace9b-54fa-47f3-80f4-9d6ed1bb79f8 request /usr/lib/python2.7/site-packages/keystoneauth1/session.py:727
2018-06-26 10:24:43.635 7889 INFO neutron.notifiers.nova [-] Nova event response: {u'status': u'completed', u'tag': u'f2a09816-b41d-4911-a10b-256a26171035', u'name': u'network-vif-unplugged', u'server_uuid': u'a3a7cd98-fba8-4146-b124-12a89120e5ba', u'code': 200}
2018-06-26 10:24:45.638 7889 DEBUG oslo_concurrency.lockutils [-] Lock "notifier-32757895-58e3-4a70-bf1e-020738360604" released by "neutron.notifiers.batch_notifier.synced_send" :: held 2.718s inner /usr/lib/python2.7/site-packages/oslo_concurrency/lockutils.py:282
2018-06-26 10:24:48.127 7878 INFO neutron.wsgi [req-883118a5-2844-42c7-896b-b40055e4d9a8 e9554c0c07ea4c8fbaa8c6fd8f14094d 02b04f0c69864afc86e6c6f82bf20896 - aa93fbc121aa43bc941adabe7277c42b aa93fbc121aa43bc941adabe7277c42b] 10.0.20.25 "GET /v2.0/ports?device_id=a3a7cd98-fba8-4146-b124-12a89120e5ba HTTP/1.1" status: 200  len: 1122 time: 0.9346271
2018-06-26 10:24:48.304 7878 INFO neutron.wsgi [req-e7a98610-4c5b-43ae-a9c1-c3101d2244a7 e9554c0c07ea4c8fbaa8c6fd8f14094d 02b04f0c69864afc86e6c6f82bf20896 - aa93fbc121aa43bc941adabe7277c42b aa93fbc121aa43bc941adabe7277c42b] 10.0.20.25 "GET /v2.0/security-groups?id=a2e798e9-0d68-41e9-b340-6876639d8056 HTTP/1.1" status: 200  len: 2118 time: 0.1653340
2018-06-26 10:24:48.663 7892 DEBUG neutron.plugins.ml2.rpc [req-6686dbb3-6a3e-4f53-b242-d54d39946f38 - - - - -] Device f2a09816-b41d-4911-a10b-256a26171035 up at agent ovs-agent-localhost.localdomain update_device_up /usr/lib/python2.7/site-packages/neutron/plugins/ml2/rpc.py:244
2018-06-26 10:24:48.824 7892 DEBUG neutron.db.provisioning_blocks [req-6686dbb3-6a3e-4f53-b242-d54d39946f38 - - - - -] Provisioning complete for port f2a09816-b41d-4911-a10b-256a26171035 triggered by entity L2. provisioning_complete /usr/lib/python2.7/site-packages/neutron/db/provisioning_blocks.py:138
2018-06-26 10:24:48.825 7892 DEBUG neutron_lib.callbacks.manager [req-6686dbb3-6a3e-4f53-b242-d54d39946f38 - - - - -] Notify callbacks ['neutron.plugins.ml2.plugin.Ml2Plugin._port_provisioned-967596'] for port, provisioning_complete _notify_loop /usr/lib/python2.7/site-packages/neutron_lib/callbacks/manager.py:167
2018-06-26 10:24:49.057 7892 DEBUG neutron_lib.callbacks.manager [req-6686dbb3-6a3e-4f53-b242-d54d39946f38 - - - - -] Notify callbacks ['neutron.plugins.ml2.plugin.Ml2Plugin._ensure_default_security_group_handler--9223372036854000288'] for port, before_update _notify_loop /usr/lib/python2.7/site-packages/neutron_lib/callbacks/manager.py:167
2018-06-26 10:24:49.085 7880 INFO neutron.wsgi [req-11bdcfdf-1a3b-4697-b9e9-db9c3e92688a db7e024eefa34f0d9525ad1ee1475527 910acf3b84b64f358e48f506530f7cb1 - default default] 10.0.20.25 "GET /v2.0/ports?tenant_id=02b04f0c69864afc86e6c6f82bf20896&device_id=a3a7cd98-fba8-4146-b124-12a89120e5ba HTTP/1.1" status: 200  len: 1122 time: 0.1582921
2018-06-26 10:24:49.147 7892 DEBUG oslo_concurrency.lockutils [-] Lock "notifier-32757895-58e3-4a70-bf1e-020738360604" acquired by "neutron.notifiers.batch_notifier.synced_send" :: waited 0.000s inner /usr/lib/python2.7/site-packages/oslo_concurrency/lockutils.py:270
2018-06-26 10:24:49.148 7892 DEBUG neutron.notifiers.nova [-] Sending events: [{'status': 'completed', 'tag': u'f2a09816-b41d-4911-a10b-256a26171035', 'name': 'network-vif-plugged', 'server_uuid': u'a3a7cd98-fba8-4146-b124-12a89120e5ba'}] send_events /usr/lib/python2.7/site-packages/neutron/notifiers/nova.py:242
2018-06-26 10:24:49.163 7892 DEBUG neutron.plugins.ml2.db [req-6686dbb3-6a3e-4f53-b242-d54d39946f38 - - - - -] For port f2a09816-b41d-4911-a10b-256a26171035, host localhost.localdomain, got binding levels [<neutron.plugins.ml2.models.PortBindingLevel[object at 7fc9a4356e50] {port_id=u'f2a09816-b41d-4911-a10b-256a26171035', host=u'localhost.localdomain', level=0, driver=u'openvswitch', segment_id=u'acd23f44-a2f2-4de7-b06f-948dc866f9a2'}>] get_binding_levels /usr/lib/python2.7/site-packages/neutron/plugins/ml2/db.py:106
2018-06-26 10:24:49.177 7892 DEBUG neutron_lib.callbacks.manager [req-6686dbb3-6a3e-4f53-b242-d54d39946f38 - - - - -] Notify callbacks ['neutron.db.l3_hascheduler_db._notify_l3_agent_ha_port_update-8781501877509', 'neutron.api.rpc.agentnotifiers.dhcp_rpc_agent_api.DhcpAgentNotifyAPI._native_event_send_dhcp_notification-1725411', 'neutron.db.l3_dvrscheduler_db._notify_l3_agent_port_update--9223363255352898639', 'neutron.plugins.ml2.ovo_rpc._ObjectChangeHandler.handle_event-1618214', 'neutron.plugins.ml2.plugin.Ml2Plugin.notify_sg_on_port_change-775645'] for port, after_update _notify_loop /usr/lib/python2.7/site-packages/neutron_lib/callbacks/manager.py:167
2018-06-26 10:24:49.198 7892 DEBUG oslo_concurrency.lockutils [-] Lock "event-dispatch" acquired by "neutron.plugins.ml2.ovo_rpc.dispatch_events" :: waited 0.000s inner /usr/lib/python2.7/site-packages/oslo_concurrency/lockutils.py:270
2018-06-26 10:24:49.415 7880 DEBUG neutron.pecan_wsgi.hooks.policy_enforcement [req-5d8d1c3b-7944-4e50-8db8-7f5783d9ead9 db7e024eefa34f0d9525ad1ee1475527 910acf3b84b64f358e48f506530f7cb1 - default default] Attributes excluded by policy engine: [u'vlan_transparent'] _exclude_attributes_by_policy /usr/lib/python2.7/site-packages/neutron/pecan_wsgi/hooks/policy_enforcement.py:256
2018-06-26 10:24:49.414 7892 DEBUG neutron.api.rpc.handlers.resources_rpc [req-6686dbb3-6a3e-4f53-b242-d54d39946f38 - - - - -] neutron.api.rpc.handlers.resources_rpc.ResourcesPushRpcApi method push called with arguments (<neutron_lib.context.Context object at 0x7fc9a4540d90>, [Port(admin_state_up=True,allowed_address_pairs=[],binding=PortBinding,binding_levels=[PortBindingLevel],created_at=2018-06-26T08:21:25Z,data_plane_status=<?>,description='',device_id='a3a7cd98-fba8-4146-b124-12a89120e5ba',device_owner='compute:nova',dhcp_options=[],distributed_binding=None,dns=None,fixed_ips=[IPAllocation],id=f2a09816-b41d-4911-a10b-256a26171035,mac_address=fa:16:3e:78:ea:d3,name='',network_id=0c8eff11-a36a-4453-93ef-10180bbd0a55,project_id='02b04f0c69864afc86e6c6f82bf20896',qos_policy_id=None,revision_number=8,security=PortSecurity(f2a09816-b41d-4911-a10b-256a26171035),security_group_ids=set([a2e798e9-0d68-41e9-b340-6876639d8056]),status='ACTIVE',updated_at=2018-06-26T08:24:49Z)], 'updated') {} wrapper /usr/lib/python2.7/site-packages/oslo_log/helpers.py:66
2018-06-26 10:24:49.418 7880 INFO neutron.wsgi [req-5d8d1c3b-7944-4e50-8db8-7f5783d9ead9 db7e024eefa34f0d9525ad1ee1475527 910acf3b84b64f358e48f506530f7cb1 - default default] 10.0.20.25 "GET /v2.0/networks?id=0c8eff11-a36a-4453-93ef-10180bbd0a55 HTTP/1.1" status: 200  len: 885 time: 0.3239729
2018-06-26 10:24:49.438 7892 DEBUG neutron.api.rpc.callbacks.version_manager [req-6686dbb3-6a3e-4f53-b242-d54d39946f38 - - - - -] Version for resource type Subnet changed None to 1.0 on consumer Open vSwitch agent@localhost.localdomain _set_version /usr/lib/python2.7/site-packages/neutron/api/rpc/callbacks/version_manager.py:119
2018-06-26 10:24:49.439 7892 DEBUG neutron.api.rpc.callbacks.version_manager [req-6686dbb3-6a3e-4f53-b242-d54d39946f38 - - - - -] Version for resource type Network changed None to 1.0 on consumer Open vSwitch agent@localhost.localdomain _set_version /usr/lib/python2.7/site-packages/neutron/api/rpc/callbacks/version_manager.py:119
2018-06-26 10:24:49.440 7892 DEBUG neutron.api.rpc.callbacks.version_manager [req-6686dbb3-6a3e-4f53-b242-d54d39946f38 - - - - -] Version for resource type SubPort changed None to 1.0 on consumer Open vSwitch agent@localhost.localdomain _set_version /usr/lib/python2.7/site-packages/neutron/api/rpc/callbacks/version_manager.py:119
2018-06-26 10:24:49.441 7892 DEBUG neutron.api.rpc.callbacks.version_manager [req-6686dbb3-6a3e-4f53-b242-d54d39946f38 - - - - -] Version for resource type SecurityGroup changed None to 1.0 on consumer Open vSwitch agent@localhost.localdomain _set_version /usr/lib/python2.7/site-packages/neutron/api/rpc/callbacks/version_manager.py:119
2018-06-26 10:24:49.442 7892 DEBUG neutron.api.rpc.callbacks.version_manager [req-6686dbb3-6a3e-4f53-b242-d54d39946f38 - - - - -] Version for resource type SecurityGroupRule changed None to 1.0 on consumer Open vSwitch agent@localhost.localdomain _set_version /usr/lib/python2.7/site-packages/neutron/api/rpc/callbacks/version_manager.py:119
2018-06-26 10:24:49.443 7892 DEBUG neutron.api.rpc.callbacks.version_manager [req-6686dbb3-6a3e-4f53-b242-d54d39946f38 - - - - -] Version for resource type Trunk changed None to 1.1 on consumer Open vSwitch agent@localhost.localdomain _set_version /usr/lib/python2.7/site-packages/neutron/api/rpc/callbacks/version_manager.py:119
2018-06-26 10:24:49.444 7892 DEBUG neutron.api.rpc.callbacks.version_manager [req-6686dbb3-6a3e-4f53-b242-d54d39946f38 - - - - -] Version for resource type QosPolicy changed None to 1.6 on consumer Open vSwitch agent@localhost.localdomain _set_version /usr/lib/python2.7/site-packages/neutron/api/rpc/callbacks/version_manager.py:119
2018-06-26 10:24:49.445 7892 DEBUG neutron.api.rpc.callbacks.version_manager [req-6686dbb3-6a3e-4f53-b242-d54d39946f38 - - - - -] Version for resource type Port changed None to 1.1 on consumer Open vSwitch agent@localhost.localdomain _set_version /usr/lib/python2.7/site-packages/neutron/api/rpc/callbacks/version_manager.py:119
2018-06-26 10:24:49.446 7892 DEBUG neutron.api.rpc.callbacks.version_manager [req-6686dbb3-6a3e-4f53-b242-d54d39946f38 - - - - -] Version for resource type Log changed None to 1.0 on consumer Open vSwitch agent@localhost.localdomain _set_version /usr/lib/python2.7/site-packages/neutron/api/rpc/callbacks/version_manager.py:119
2018-06-26 10:24:49.470 7892 DEBUG oslo_concurrency.lockutils [req-6686dbb3-6a3e-4f53-b242-d54d39946f38 - - - - -] Lock "event-dispatch" released by "neutron.plugins.ml2.ovo_rpc.dispatch_events" :: held 0.272s inner /usr/lib/python2.7/site-packages/oslo_concurrency/lockutils.py:282
2018-06-26 10:24:49.489 7880 INFO neutron.wsgi [req-e864cae7-3232-411c-b8bb-67b1852f058c db7e024eefa34f0d9525ad1ee1475527 910acf3b84b64f358e48f506530f7cb1 - default default] 10.0.20.25 "GET /v2.0/floatingips?fixed_ip_address=11.148.1.3&port_id=f2a09816-b41d-4911-a10b-256a26171035 HTTP/1.1" status: 200  len: 750 time: 0.0603728
2018-06-26 10:24:49.670 7880 DEBUG neutron.pecan_wsgi.hooks.policy_enforcement [req-dd323906-4bf0-4bc9-a98f-acdc43386faf db7e024eefa34f0d9525ad1ee1475527 910acf3b84b64f358e48f506530f7cb1 - default default] Attributes excluded by policy engine: [u'shared'] _exclude_attributes_by_policy /usr/lib/python2.7/site-packages/neutron/pecan_wsgi/hooks/policy_enforcement.py:256
2018-06-26 10:24:49.673 7880 INFO neutron.wsgi [req-dd323906-4bf0-4bc9-a98f-acdc43386faf db7e024eefa34f0d9525ad1ee1475527 910acf3b84b64f358e48f506530f7cb1 - default default] 10.0.20.25 "GET /v2.0/subnets?id=679876fd-a76b-4d4b-b1d9-384b601efd65 HTTP/1.1" status: 200  len: 847 time: 0.1754248
2018-06-26 10:24:49.887 7880 INFO neutron.wsgi [req-47bc3650-5d01-42de-b6f9-bce2d0849f9e db7e024eefa34f0d9525ad1ee1475527 910acf3b84b64f358e48f506530f7cb1 - default default] 10.0.20.25 "GET /v2.0/ports?network_id=0c8eff11-a36a-4453-93ef-10180bbd0a55&device_owner=network%3Adhcp HTTP/1.1" status: 200  len: 1128 time: 0.2003589
2018-06-26 10:24:50.547 7893 DEBUG neutron.plugins.ml2.rpc [req-6686dbb3-6a3e-4f53-b242-d54d39946f38 - - - - -] Device f2a09816-b41d-4911-a10b-256a26171035 up at agent ovs-agent-localhost.localdomain update_device_up /usr/lib/python2.7/site-packages/neutron/plugins/ml2/rpc.py:244
2018-06-26 10:24:50.576 7892 DEBUG novaclient.v2.client [-] REQ: curl -g -i -X POST http://10.0.20.25:8774/v2.1/910acf3b84b64f358e48f506530f7cb1/os-server-external-events -H "User-Agent: python-novaclient" -H "Content-Type: application/json" -H "Accept: application/json" -H "X-OpenStack-Nova-API-Version: 2.1" -H "X-Auth-Token: {SHA1}7ef2e88340477b633e7ce2f151433fe86c390464" -d '{"events": [{"status": "completed", "tag": "f2a09816-b41d-4911-a10b-256a26171035", "name": "network-vif-plugged", "server_uuid": "a3a7cd98-fba8-4146-b124-12a89120e5ba"}]}' _http_log_request /usr/lib/python2.7/site-packages/keystoneauth1/session.py:375
2018-06-26 10:24:50.693 7893 DEBUG neutron.db.provisioning_blocks [req-6686dbb3-6a3e-4f53-b242-d54d39946f38 - - - - -] Provisioning complete for port f2a09816-b41d-4911-a10b-256a26171035 triggered by entity L2. provisioning_complete /usr/lib/python2.7/site-packages/neutron/db/provisioning_blocks.py:138
2018-06-26 10:24:50.694 7893 DEBUG neutron_lib.callbacks.manager [req-6686dbb3-6a3e-4f53-b242-d54d39946f38 - - - - -] Notify callbacks ['neutron.plugins.ml2.plugin.Ml2Plugin._port_provisioned-967596'] for port, provisioning_complete _notify_loop /usr/lib/python2.7/site-packages/neutron_lib/callbacks/manager.py:167
2018-06-26 10:24:51.305 7892 DEBUG novaclient.v2.client [-] RESP: [200] Content-Length: 183 Content-Type: application/json Openstack-Api-Version: compute 2.1 X-Openstack-Nova-Api-Version: 2.1 Vary: OpenStack-API-Version, X-OpenStack-Nova-API-Version X-Openstack-Request-Id: req-892d2564-2678-4523-b414-c1d3443bfb90 X-Compute-Request-Id: req-892d2564-2678-4523-b414-c1d3443bfb90 Date: Tue, 26 Jun 2018 08:24:51 GMT Connection: keep-alive 
RESP BODY: {"events": [{"status": "completed", "tag": "f2a09816-b41d-4911-a10b-256a26171035", "name": "network-vif-plugged", "server_uuid": "a3a7cd98-fba8-4146-b124-12a89120e5ba", "code": 200}]}
 _http_log_response /usr/lib/python2.7/site-packages/keystoneauth1/session.py:423
2018-06-26 10:24:51.306 7892 DEBUG novaclient.v2.client [-] POST call to compute for http://10.0.20.25:8774/v2.1/910acf3b84b64f358e48f506530f7cb1/os-server-external-events used request id req-892d2564-2678-4523-b414-c1d3443bfb90 request /usr/lib/python2.7/site-packages/keystoneauth1/session.py:727
2018-06-26 10:24:51.314 7892 INFO neutron.notifiers.nova [-] Nova event response: {u'status': u'completed', u'tag': u'f2a09816-b41d-4911-a10b-256a26171035', u'name': u'network-vif-plugged', u'server_uuid': u'a3a7cd98-fba8-4146-b124-12a89120e5ba', u'code': 200}
2018-06-26 10:24:53.315 7892 DEBUG oslo_concurrency.lockutils [-] Lock "notifier-32757895-58e3-4a70-bf1e-020738360604" released by "neutron.notifiers.batch_notifier.synced_send" :: held 4.168s inner /usr/lib/python2.7/site-packages/oslo_concurrency/lockutils.py:282
2018-06-26 10:24:59.605 7880 INFO neutron.wsgi [req-48b89907-a9b8-44df-878b-825678f173c6 e9554c0c07ea4c8fbaa8c6fd8f14094d 02b04f0c69864afc86e6c6f82bf20896 - aa93fbc121aa43bc941adabe7277c42b aa93fbc121aa43bc941adabe7277c42b] 10.0.20.25 "GET /v2.0/ports?device_id=a3a7cd98-fba8-4146-b124-12a89120e5ba HTTP/1.1" status: 200  len: 1124 time: 0.7139571
2018-06-26 10:24:59.775 7880 INFO neutron.wsgi [req-299fc5fb-26bb-44c9-b4d4-adf756504ab7 e9554c0c07ea4c8fbaa8c6fd8f14094d 02b04f0c69864afc86e6c6f82bf20896 - aa93fbc121aa43bc941adabe7277c42b aa93fbc121aa43bc941adabe7277c42b] 10.0.20.25 "GET /v2.0/security-groups?id=a2e798e9-0d68-41e9-b340-6876639d8056 HTTP/1.1" status: 200  len: 2118 time: 0.1592691
2018-06-26 10:25:05.250 7892 DEBUG neutron_lib.callbacks.manager [req-9c389f02-d136-47ae-84d5-99237de719a4 - - - - -] Notify callbacks ['neutron.services.segments.db._update_segment_host_mapping_for_agent-8781502238770'] for agent, after_update _notify_loop /usr/lib/python2.7/site-packages/neutron_lib/callbacks/manager.py:167
2018-06-26 10:25:05.279 7893 DEBUG neutron_lib.callbacks.manager [req-69abaa66-e4eb-4e9b-b96a-2d17db2280b5 - - - - -] Notify callbacks ['neutron.services.segments.db._update_segment_host_mapping_for_agent-8781502238770'] for agent, after_update _notify_loop /usr/lib/python2.7/site-packages/neutron_lib/callbacks/manager.py:167
2018-06-26 10:25:05.416 7898 DEBUG neutron_lib.callbacks.manager [req-a5af3fc1-1198-4120-90f4-da2a71b29d0c - - - - -] Notify callbacks ['neutron.services.segments.db._update_segment_host_mapping_for_agent-8781502238770'] for agent, after_update _notify_loop /usr/lib/python2.7/site-packages/neutron_lib/callbacks/manager.py:167
2018-06-26 10:25:07.859 7900 DEBUG neutron.db.agents_db [req-89c207fc-8cb3-4355-b8b8-a0491b2a3f2f - - - - -] Agent healthcheck: found 5 active agents agent_health_check /usr/lib/python2.7/site-packages/neutron/db/agents_db.py:281
2018-06-26 10:25:09.353 7889 DEBUG neutron_lib.callbacks.manager [req-6686dbb3-6a3e-4f53-b242-d54d39946f38 - - - - -] Notify callbacks ['neutron.services.segments.db._update_segment_host_mapping_for_agent-8781502238770'] for agent, after_update _notify_loop /usr/lib/python2.7/site-packages/neutron_lib/callbacks/manager.py:167
2018-06-26 10:25:11.027 7894 DEBUG neutron_lib.callbacks.manager [req-4bd17d03-3412-4051-9a36-728cf9b2f27c - - - - -] Notify callbacks ['neutron.services.segments.db._update_segment_host_mapping_for_agent-8781502238770'] for agent, after_update _notify_loop /usr/lib/python2.7/site-packages/neutron_lib/callbacks/manager.py:167
2018-06-26 10:25:17.822 7882 INFO neutron.wsgi [req-08a80a83-61f1-4d31-a074-ee312f20cbe0 db7e024eefa34f0d9525ad1ee1475527 910acf3b84b64f358e48f506530f7cb1 - default default] 10.0.20.25 "GET /v2.0/ports?device_id=a3a7cd98-fba8-4146-b124-12a89120e5ba HTTP/1.1" status: 200  len: 1124 time: 0.2031391
2018-06-26 10:25:17.959 7882 INFO neutron.wsgi [req-ac1ccf0e-964a-4cb0-bafb-cd0eb1053fbf db7e024eefa34f0d9525ad1ee1475527 910acf3b84b64f358e48f506530f7cb1 - default default] 10.0.20.25 "GET /v2.0/security-groups?id=a2e798e9-0d68-41e9-b340-6876639d8056 HTTP/1.1" status: 200  len: 2118 time: 0.1279001
2018-06-26 10:25:19.611 7878 INFO neutron.wsgi [req-36b14bba-d89d-40fb-92dc-468d42d55d2f db7e024eefa34f0d9525ad1ee1475527 910acf3b84b64f358e48f506530f7cb1 - default default] 10.0.20.25 "GET /v2.0/ports?device_id=a3a7cd98-fba8-4146-b124-12a89120e5ba HTTP/1.1" status: 200  len: 1124 time: 0.1487379
2018-06-26 10:25:19.756 7878 INFO neutron.wsgi [req-5fcaceb7-aacd-4325-aba5-84671059606f db7e024eefa34f0d9525ad1ee1475527 910acf3b84b64f358e48f506530f7cb1 - default default] 10.0.20.25 "GET /v2.0/security-groups?id=a2e798e9-0d68-41e9-b340-6876639d8056 HTTP/1.1" status: 200  len: 2118 time: 0.1372650
2018-06-26 10:25:21.473 7884 INFO neutron.wsgi [req-a37eb097-20a9-4287-9503-b77bf73ca26c db7e024eefa34f0d9525ad1ee1475527 910acf3b84b64f358e48f506530f7cb1 - default default] 10.0.20.25 "GET /v2.0/ports?device_id=a3a7cd98-fba8-4146-b124-12a89120e5ba HTTP/1.1" status: 200  len: 1124 time: 0.7186229
2018-06-26 10:25:21.608 7884 INFO neutron.wsgi [req-54b6e1d1-6382-46a7-b635-20c51ae4474b db7e024eefa34f0d9525ad1ee1475527 910acf3b84b64f358e48f506530f7cb1 - default default] 10.0.20.25 "GET /v2.0/security-groups?id=a2e798e9-0d68-41e9-b340-6876639d8056 HTTP/1.1" status: 200  len: 2118 time: 0.1256752
2018-06-26 10:25:24.742 7883 INFO neutron.wsgi [req-2d3be9d0-def1-4ab0-b59e-fbc52b7cc8c3 db7e024eefa34f0d9525ad1ee1475527 910acf3b84b64f358e48f506530f7cb1 - default default] 10.0.20.25 "GET /v2.0/ports?device_id=a3a7cd98-fba8-4146-b124-12a89120e5ba HTTP/1.1" status: 200  len: 1124 time: 0.7238882
2018-06-26 10:25:24.893 7883 INFO neutron.wsgi [req-f0cb07d0-387c-4f60-ac1a-118f0433bcc6 db7e024eefa34f0d9525ad1ee1475527 910acf3b84b64f358e48f506530f7cb1 - default default] 10.0.20.25 "GET /v2.0/security-groups?id=a2e798e9-0d68-41e9-b340-6876639d8056 HTTP/1.1" status: 200  len: 2118 time: 0.1401110
2018-06-26 10:25:27.084 7878 INFO neutron.wsgi [req-cc4fd028-7500-4f4d-966b-5a9a3255b459 db7e024eefa34f0d9525ad1ee1475527 910acf3b84b64f358e48f506530f7cb1 - default default] 10.0.20.25 "GET /v2.0/ports?device_id=a3a7cd98-fba8-4146-b124-12a89120e5ba HTTP/1.1" status: 200  len: 1124 time: 0.1414180
2018-06-26 10:25:27.233 7878 INFO neutron.wsgi [req-f17cdd4f-dd65-4664-8fb6-e7274b4c134e db7e024eefa34f0d9525ad1ee1475527 910acf3b84b64f358e48f506530f7cb1 - default default] 10.0.20.25 "GET /v2.0/security-groups?id=a2e798e9-0d68-41e9-b340-6876639d8056 HTTP/1.1" status: 200  len: 2118 time: 0.1401749
2018-06-26 10:25:28.778 7884 INFO neutron.wsgi [req-04b26003-2b13-4eb9-b3d0-e61930219f26 db7e024eefa34f0d9525ad1ee1475527 910acf3b84b64f358e48f506530f7cb1 - default default] 10.0.20.25 "GET /v2.0/ports?device_id=a3a7cd98-fba8-4146-b124-12a89120e5ba HTTP/1.1" status: 200  len: 1124 time: 0.1684301
2018-06-26 10:25:28.944 7884 INFO neutron.wsgi [req-25805a2e-2ed7-479d-99c3-4419dc045f05 db7e024eefa34f0d9525ad1ee1475527 910acf3b84b64f358e48f506530f7cb1 - default default] 10.0.20.25 "GET /v2.0/security-groups?id=a2e798e9-0d68-41e9-b340-6876639d8056 HTTP/1.1" status: 200  len: 2118 time: 0.1575620
2018-06-26 10:25:35.275 7896 DEBUG neutron_lib.callbacks.manager [req-7d76fc8a-4973-4743-bff8-410d7fee0c26 - - - - -] Notify callbacks ['neutron.services.segments.db._update_segment_host_mapping_for_agent-8781502238770'] for agent, after_update _notify_loop /usr/lib/python2.7/site-packages/neutron_lib/callbacks/manager.py:167
2018-06-26 10:25:35.301 7897 DEBUG neutron_lib.callbacks.manager [req-69abaa66-e4eb-4e9b-b96a-2d17db2280b5 - - - - -] Notify callbacks ['neutron.services.segments.db._update_segment_host_mapping_for_agent-8781502238770'] for agent, after_update _notify_loop /usr/lib/python2.7/site-packages/neutron_lib/callbacks/manager.py:167
2018-06-26 10:25:35.420 7890 DEBUG neutron_lib.callbacks.manager [req-a5af3fc1-1198-4120-90f4-da2a71b29d0c - - - - -] Notify callbacks ['neutron.services.segments.db._update_segment_host_mapping_for_agent-8781502238770'] for agent, after_update _notify_loop /usr/lib/python2.7/site-packages/neutron_lib/callbacks/manager.py:167
2018-06-26 10:25:39.358 7899 DEBUG neutron_lib.callbacks.manager [req-6686dbb3-6a3e-4f53-b242-d54d39946f38 - - - - -] Notify callbacks ['neutron.services.segments.db._update_segment_host_mapping_for_agent-8781502238770'] for agent, after_update _notify_loop /usr/lib/python2.7/site-packages/neutron_lib/callbacks/manager.py:167
2018-06-26 10:25:41.026 7892 DEBUG neutron_lib.callbacks.manager [req-1bf28626-c1ff-47bc-ac94-b80ce5af473d - - - - -] Notify callbacks ['neutron.services.segments.db._update_segment_host_mapping_for_agent-8781502238770'] for agent, after_update _notify_loop /usr/lib/python2.7/site-packages/neutron_lib/callbacks/manager.py:167
2018-06-26 10:25:44.859 7900 DEBUG neutron.db.agents_db [req-89c207fc-8cb3-4355-b8b8-a0491b2a3f2f - - - - -] Agent healthcheck: found 5 active agents agent_health_check /usr/lib/python2.7/site-packages/neutron/db/agents_db.py:281
2018-06-26 10:25:51.139 7880 INFO neutron.wsgi [req-b81edb34-5aa2-41e1-bab3-8577ff099ea9 db7e024eefa34f0d9525ad1ee1475527 910acf3b84b64f358e48f506530f7cb1 - default default] 10.0.20.25 "GET /v2.0/ports?tenant_id=02b04f0c69864afc86e6c6f82bf20896&device_id=a3a7cd98-fba8-4146-b124-12a89120e5ba HTTP/1.1" status: 200  len: 1124 time: 0.1875279
2018-06-26 10:25:51.458 7880 DEBUG neutron.pecan_wsgi.hooks.policy_enforcement [req-546b8aa3-6a11-4336-822d-0f01d4a18283 db7e024eefa34f0d9525ad1ee1475527 910acf3b84b64f358e48f506530f7cb1 - default default] Attributes excluded by policy engine: [u'vlan_transparent'] _exclude_attributes_by_policy /usr/lib/python2.7/site-packages/neutron/pecan_wsgi/hooks/policy_enforcement.py:256
2018-06-26 10:25:51.462 7880 INFO neutron.wsgi [req-546b8aa3-6a11-4336-822d-0f01d4a18283 db7e024eefa34f0d9525ad1ee1475527 910acf3b84b64f358e48f506530f7cb1 - default default] 10.0.20.25 "GET /v2.0/networks?id=0c8eff11-a36a-4453-93ef-10180bbd0a55 HTTP/1.1" status: 200  len: 885 time: 0.3147821
2018-06-26 10:25:51.554 7880 INFO neutron.wsgi [req-787d556e-f488-4ddc-ba02-78a751c74ee5 db7e024eefa34f0d9525ad1ee1475527 910acf3b84b64f358e48f506530f7cb1 - default default] 10.0.20.25 "GET /v2.0/floatingips?fixed_ip_address=11.148.1.3&port_id=f2a09816-b41d-4911-a10b-256a26171035 HTTP/1.1" status: 200  len: 750 time: 0.0839381
2018-06-26 10:25:51.721 7880 DEBUG neutron.pecan_wsgi.hooks.policy_enforcement [req-dc579cf3-d590-4ac1-bca6-6e4f13a2b673 db7e024eefa34f0d9525ad1ee1475527 910acf3b84b64f358e48f506530f7cb1 - default default] Attributes excluded by policy engine: [u'shared'] _exclude_attributes_by_policy /usr/lib/python2.7/site-packages/neutron/pecan_wsgi/hooks/policy_enforcement.py:256
2018-06-26 10:25:51.723 7880 INFO neutron.wsgi [req-dc579cf3-d590-4ac1-bca6-6e4f13a2b673 db7e024eefa34f0d9525ad1ee1475527 910acf3b84b64f358e48f506530f7cb1 - default default] 10.0.20.25 "GET /v2.0/subnets?id=679876fd-a76b-4d4b-b1d9-384b601efd65 HTTP/1.1" status: 200  len: 847 time: 0.1600640
2018-06-26 10:25:51.871 7880 INFO neutron.wsgi [req-db0b48ce-08f6-4f35-b404-e647c09d6883 db7e024eefa34f0d9525ad1ee1475527 910acf3b84b64f358e48f506530f7cb1 - default default] 10.0.20.25 "GET /v2.0/ports?network_id=0c8eff11-a36a-4453-93ef-10180bbd0a55&device_owner=network%3Adhcp HTTP/1.1" status: 200  len: 1128 time: 0.1377199
2018-06-26 10:25:58.285 7882 DEBUG neutron.wsgi [-] (7882) accepted ('10.0.20.25', 39772) server /usr/lib/python2.7/site-packages/eventlet/wsgi.py:883
2018-06-26 10:25:58.293 7882 INFO neutron.wsgi [-] 10.0.20.25 "GET / HTTP/1.1" status: 200  len: 252 time: 0.0035520
2018-06-26 10:25:58.818 7882 INFO neutron.api.v2.resource [req-2aa5238f-766d-4d3c-93ec-2e00730e4980 e9554c0c07ea4c8fbaa8c6fd8f14094d 02b04f0c69864afc86e6c6f82bf20896 - aa93fbc121aa43bc941adabe7277c42b aa93fbc121aa43bc941adabe7277c42b] show failed (client error): The resource could not be found.
2018-06-26 10:25:58.820 7882 INFO neutron.wsgi [req-2aa5238f-766d-4d3c-93ec-2e00730e4980 e9554c0c07ea4c8fbaa8c6fd8f14094d 02b04f0c69864afc86e6c6f82bf20896 - aa93fbc121aa43bc941adabe7277c42b aa93fbc121aa43bc941adabe7277c42b] 10.0.20.25 "GET /v2.0/floatingips/172.24.4.6 HTTP/1.1" status: 404  len: 325 time: 0.5232351
2018-06-26 10:25:58.873 7882 INFO neutron.wsgi [req-957b243e-b022-4a4f-8941-31d84a2510ec e9554c0c07ea4c8fbaa8c6fd8f14094d 02b04f0c69864afc86e6c6f82bf20896 - aa93fbc121aa43bc941adabe7277c42b aa93fbc121aa43bc941adabe7277c42b] 10.0.20.25 "GET /v2.0/floatingips HTTP/1.1" status: 200  len: 750 time: 0.0461650
2018-06-26 10:25:59.002 7882 DEBUG neutron.plugins.ml2.plugin [req-1826da53-74de-42b9-a3d7-b655a9216719 e9554c0c07ea4c8fbaa8c6fd8f14094d 02b04f0c69864afc86e6c6f82bf20896 - aa93fbc121aa43bc941adabe7277c42b aa93fbc121aa43bc941adabe7277c42b] Deleting port 393c690f-d90a-451a-aaa3-7949720ac00f _pre_delete_port /usr/lib/python2.7/site-packages/neutron/plugins/ml2/plugin.py:1488
2018-06-26 10:25:59.003 7882 DEBUG neutron_lib.callbacks.manager [req-1826da53-74de-42b9-a3d7-b655a9216719 e9554c0c07ea4c8fbaa8c6fd8f14094d 02b04f0c69864afc86e6c6f82bf20896 - aa93fbc121aa43bc941adabe7277c42b aa93fbc121aa43bc941adabe7277c42b] Notify callbacks ['neutron.db.l3_db._prevent_l3_port_delete_callback-8781502439654'] for port, before_delete _notify_loop /usr/lib/python2.7/site-packages/neutron_lib/callbacks/manager.py:167
2018-06-26 10:25:59.435 7882 DEBUG neutron.plugins.ml2.plugin [req-1826da53-74de-42b9-a3d7-b655a9216719 e9554c0c07ea4c8fbaa8c6fd8f14094d 02b04f0c69864afc86e6c6f82bf20896 - aa93fbc121aa43bc941adabe7277c42b aa93fbc121aa43bc941adabe7277c42b] Calling delete_port for 393c690f-d90a-451a-aaa3-7949720ac00f owned by network:floatingip delete_port /usr/lib/python2.7/site-packages/neutron/plugins/ml2/plugin.py:1547
2018-06-26 10:25:59.795 7882 DEBUG neutron_lib.callbacks.manager [req-1826da53-74de-42b9-a3d7-b655a9216719 e9554c0c07ea4c8fbaa8c6fd8f14094d 02b04f0c69864afc86e6c6f82bf20896 - aa93fbc121aa43bc941adabe7277c42b aa93fbc121aa43bc941adabe7277c42b] Notify callbacks ['neutron.db.l3_db._notify_routers_callback--9223363255352358464', 'neutron.api.rpc.agentnotifiers.dhcp_rpc_agent_api.DhcpAgentNotifyAPI._native_event_send_dhcp_notification-1725411', 'neutron.db.l3_dvrscheduler_db._notify_port_delete-8781501877162', 'neutron.plugins.ml2.ovo_rpc._ObjectChangeHandler.handle_event-1618214', 'neutron.plugins.ml2.plugin.Ml2Plugin.notify_sg_on_port_change-775645'] for port, after_delete _notify_loop /usr/lib/python2.7/site-packages/neutron_lib/callbacks/manager.py:167
2018-06-26 10:26:00.602 7882 DEBUG oslo_concurrency.lockutils [-] Lock "event-dispatch" acquired by "neutron.plugins.ml2.ovo_rpc.dispatch_events" :: waited 0.000s inner /usr/lib/python2.7/site-packages/oslo_concurrency/lockutils.py:270
2018-06-26 10:26:00.679 7882 DEBUG neutron.api.rpc.handlers.resources_rpc [req-1826da53-74de-42b9-a3d7-b655a9216719 e9554c0c07ea4c8fbaa8c6fd8f14094d 02b04f0c69864afc86e6c6f82bf20896 - - -] neutron.api.rpc.handlers.resources_rpc.ResourcesPushRpcApi method push called with arguments (<neutron_lib.context.Context object at 0x7fc9a3e87250>, [Port(admin_state_up=<?>,allowed_address_pairs=<?>,binding=<?>,binding_levels=<?>,created_at=<?>,data_plane_status=<?>,description=<?>,device_id=<?>,device_owner=<?>,dhcp_options=<?>,distributed_binding=<?>,dns=<?>,fixed_ips=<?>,id=393c690f-d90a-451a-aaa3-7949720ac00f,mac_address=<?>,name=<?>,network_id=<?>,project_id=<?>,qos_policy_id=None,revision_number=<?>,security=<?>,security_group_ids=None,status=<?>,updated_at=<?>)], 'deleted') {} wrapper /usr/lib/python2.7/site-packages/oslo_log/helpers.py:66
2018-06-26 10:26:00.781 7882 DEBUG neutron.api.rpc.callbacks.version_manager [req-1826da53-74de-42b9-a3d7-b655a9216719 e9554c0c07ea4c8fbaa8c6fd8f14094d 02b04f0c69864afc86e6c6f82bf20896 - - -] Version for resource type Subnet changed None to 1.0 on consumer Open vSwitch agent@localhost.localdomain _set_version /usr/lib/python2.7/site-packages/neutron/api/rpc/callbacks/version_manager.py:119
2018-06-26 10:26:00.782 7882 DEBUG neutron.api.rpc.callbacks.version_manager [req-1826da53-74de-42b9-a3d7-b655a9216719 e9554c0c07ea4c8fbaa8c6fd8f14094d 02b04f0c69864afc86e6c6f82bf20896 - - -] Version for resource type Network changed None to 1.0 on consumer Open vSwitch agent@localhost.localdomain _set_version /usr/lib/python2.7/site-packages/neutron/api/rpc/callbacks/version_manager.py:119
2018-06-26 10:26:00.782 7882 DEBUG neutron.api.rpc.callbacks.version_manager [req-1826da53-74de-42b9-a3d7-b655a9216719 e9554c0c07ea4c8fbaa8c6fd8f14094d 02b04f0c69864afc86e6c6f82bf20896 - - -] Version for resource type SubPort changed None to 1.0 on consumer Open vSwitch agent@localhost.localdomain _set_version /usr/lib/python2.7/site-packages/neutron/api/rpc/callbacks/version_manager.py:119
2018-06-26 10:26:00.783 7882 DEBUG neutron.api.rpc.callbacks.version_manager [req-1826da53-74de-42b9-a3d7-b655a9216719 e9554c0c07ea4c8fbaa8c6fd8f14094d 02b04f0c69864afc86e6c6f82bf20896 - - -] Version for resource type SecurityGroup changed None to 1.0 on consumer Open vSwitch agent@localhost.localdomain _set_version /usr/lib/python2.7/site-packages/neutron/api/rpc/callbacks/version_manager.py:119
2018-06-26 10:26:00.784 7882 DEBUG neutron.api.rpc.callbacks.version_manager [req-1826da53-74de-42b9-a3d7-b655a9216719 e9554c0c07ea4c8fbaa8c6fd8f14094d 02b04f0c69864afc86e6c6f82bf20896 - - -] Version for resource type SecurityGroupRule changed None to 1.0 on consumer Open vSwitch agent@localhost.localdomain _set_version /usr/lib/python2.7/site-packages/neutron/api/rpc/callbacks/version_manager.py:119
2018-06-26 10:26:00.785 7882 DEBUG neutron.api.rpc.callbacks.version_manager [req-1826da53-74de-42b9-a3d7-b655a9216719 e9554c0c07ea4c8fbaa8c6fd8f14094d 02b04f0c69864afc86e6c6f82bf20896 - - -] Version for resource type Trunk changed None to 1.1 on consumer Open vSwitch agent@localhost.localdomain _set_version /usr/lib/python2.7/site-packages/neutron/api/rpc/callbacks/version_manager.py:119
2018-06-26 10:26:00.785 7882 DEBUG neutron.api.rpc.callbacks.version_manager [req-1826da53-74de-42b9-a3d7-b655a9216719 e9554c0c07ea4c8fbaa8c6fd8f14094d 02b04f0c69864afc86e6c6f82bf20896 - - -] Version for resource type QosPolicy changed None to 1.6 on consumer Open vSwitch agent@localhost.localdomain _set_version /usr/lib/python2.7/site-packages/neutron/api/rpc/callbacks/version_manager.py:119
2018-06-26 10:26:00.786 7882 DEBUG neutron.api.rpc.callbacks.version_manager [req-1826da53-74de-42b9-a3d7-b655a9216719 e9554c0c07ea4c8fbaa8c6fd8f14094d 02b04f0c69864afc86e6c6f82bf20896 - - -] Version for resource type Port changed None to 1.1 on consumer Open vSwitch agent@localhost.localdomain _set_version /usr/lib/python2.7/site-packages/neutron/api/rpc/callbacks/version_manager.py:119
