2018-09-28 23:33:10.355 6151 DEBUG neutron_lib.callbacks.manager [req-842a0753-d474-4d0d-aeab-a16b4a49b10b d5ce6e22423945b3856059aa9d9f9c35 24a4048b7dbb4950873e581bf0067256 - default default] Notify callbacks [] for port, precommit_create _notify_loop /usr/lib/python2.7/site-packages/neutron_lib/callbacks/manager.py:167
2018-09-28 23:33:10.432 6151 DEBUG neutron_lib.callbacks.manager [req-842a0753-d474-4d0d-aeab-a16b4a49b10b d5ce6e22423945b3856059aa9d9f9c35 24a4048b7dbb4950873e581bf0067256 - default default] Notify callbacks ['neutron.plugins.ml2.plugin.Ml2Plugin.notify_sg_on_port_change-8076428', 'neutron.api.rpc.agentnotifiers.dhcp_rpc_agent_api.DhcpAgentNotifyAPI._native_event_send_dhcp_notification-697514', 'neutron.db.l3_dvrscheduler_db._notify_l3_agent_new_port-8738231894216', 'neutron.plugins.ml2.ovo_rpc._ObjectChangeHandler.handle_event--9223372036854034270'] for port, after_create _notify_loop /usr/lib/python2.7/site-packages/neutron_lib/callbacks/manager.py:167
2018-09-28 23:33:10.639 6151 DEBUG neutron.scheduler.dhcp_agent_scheduler [req-842a0753-d474-4d0d-aeab-a16b4a49b10b d5ce6e22423945b3856059aa9d9f9c35 24a4048b7dbb4950873e581bf0067256 - default default] Network 990b4ddf-dd04-44e0-920c-02fce451b987 is already hosted by enough agents. _get_dhcp_agents_hosting_network /usr/lib/python2.7/site-packages/neutron/scheduler/dhcp_agent_scheduler.py:243
2018-09-28 23:33:10.672 6151 DEBUG neutron.db.l3_dvrscheduler_db [req-842a0753-d474-4d0d-aeab-a16b4a49b10b d5ce6e22423945b3856059aa9d9f9c35 24a4048b7dbb4950873e581bf0067256 - default default] Received port after_create _notify_l3_agent_new_port /usr/lib/python2.7/site-packages/neutron/db/l3_dvrscheduler_db.py:392
2018-09-28 23:33:10.677 6151 DEBUG oslo_concurrency.lockutils [-] Lock "event-dispatch" acquired by "neutron.plugins.ml2.ovo_rpc.dispatch_events" :: waited 0.000s inner /usr/lib/python2.7/site-packages/oslo_concurrency/lockutils.py:270
2018-09-28 23:33:10.840 6151 DEBUG neutron.api.rpc.handlers.resources_rpc [req-842a0753-d474-4d0d-aeab-a16b4a49b10b d5ce6e22423945b3856059aa9d9f9c35 24a4048b7dbb4950873e581bf0067256 - - -] neutron.api.rpc.handlers.resources_rpc.ResourcesPushRpcApi method push called with arguments (<neutron_lib.context.Context object at 0x7f2872300b10>, [Port(admin_state_up=True,allowed_address_pairs=[],binding=PortBinding,binding_levels=[],created_at=2018-09-29T03:33:09Z,data_plane_status=<?>,description='',device_id='PENDING',device_owner='network:floatingip',dhcp_options=[],distributed_binding=None,dns=None,fixed_ips=[IPAllocation],id=0733ebd0-1280-49c1-aef2-0ca4d712ef67,mac_address=fa:16:3e:07:a7:1c,name='',network_id=990b4ddf-dd04-44e0-920c-02fce451b987,project_id='',qos_policy_id=None,revision_number=3,security=PortSecurity(0733ebd0-1280-49c1-aef2-0ca4d712ef67),security_group_ids=set([]),status='N/A',updated_at=2018-09-29T03:33:10Z)], 'updated') {} wrapper /usr/lib/python2.7/site-packages/oslo_log/helpers.py:66
2018-09-28 23:33:10.865 6151 DEBUG oslo_concurrency.lockutils [req-842a0753-d474-4d0d-aeab-a16b4a49b10b d5ce6e22423945b3856059aa9d9f9c35 24a4048b7dbb4950873e581bf0067256 - - -] Lock "event-dispatch" released by "neutron.plugins.ml2.ovo_rpc.dispatch_events" :: held 0.188s inner /usr/lib/python2.7/site-packages/oslo_concurrency/lockutils.py:282
2018-09-28 23:33:10.874 6151 DEBUG neutron_lib.callbacks.manager [req-842a0753-d474-4d0d-aeab-a16b4a49b10b d5ce6e22423945b3856059aa9d9f9c35 24a4048b7dbb4950873e581bf0067256 - default default] Notify callbacks ['neutron.plugins.ml2.plugin.Ml2Plugin._ensure_default_security_group_handler-8077611'] for port, before_update _notify_loop /usr/lib/python2.7/site-packages/neutron_lib/callbacks/manager.py:167
2018-09-28 23:33:11.581 6151 DEBUG neutron_lib.callbacks.manager [req-842a0753-d474-4d0d-aeab-a16b4a49b10b d5ce6e22423945b3856059aa9d9f9c35 24a4048b7dbb4950873e581bf0067256 - default default] Notify callbacks [] for port, precommit_update _notify_loop /usr/lib/python2.7/site-packages/neutron_lib/callbacks/manager.py:167
2018-09-28 23:33:11.593 6151 DEBUG neutron_lib.callbacks.manager [req-842a0753-d474-4d0d-aeab-a16b4a49b10b d5ce6e22423945b3856059aa9d9f9c35 24a4048b7dbb4950873e581bf0067256 - default default] Notify callbacks ['neutron.plugins.ml2.plugin.Ml2Plugin.notify_sg_on_port_change-8076428', 'neutron.api.rpc.agentnotifiers.dhcp_rpc_agent_api.DhcpAgentNotifyAPI._native_event_send_dhcp_notification-697514', 'neutron.db.l3_hascheduler_db._notify_l3_agent_ha_port_update--9223363298622880214', 'neutron.db.l3_dvrscheduler_db._notify_l3_agent_port_update-8738231894231', 'neutron.plugins.ml2.ovo_rpc._ObjectChangeHandler.handle_event--9223372036854034270'] for port, after_update _notify_loop /usr/lib/python2.7/site-packages/neutron_lib/callbacks/manager.py:167
2018-09-28 23:33:11.810 6151 DEBUG neutron_lib.callbacks.manager [req-842a0753-d474-4d0d-aeab-a16b4a49b10b d5ce6e22423945b3856059aa9d9f9c35 24a4048b7dbb4950873e581bf0067256 - default default] Notify callbacks ['neutron.services.l3_router.l3_router_plugin.L3RouterPlugin._create_dvr_floating_gw_port--9223372036854237352'] for floatingip, after_update _notify_loop /usr/lib/python2.7/site-packages/neutron_lib/callbacks/manager.py:167
2018-09-28 23:33:11.819 6151 DEBUG oslo_concurrency.lockutils [-] Lock "event-dispatch" acquired by "neutron.plugins.ml2.ovo_rpc.dispatch_events" :: waited 0.000s inner /usr/lib/python2.7/site-packages/oslo_concurrency/lockutils.py:270
2018-09-28 23:33:11.946 6151 DEBUG neutron.quota.resource [req-842a0753-d474-4d0d-aeab-a16b4a49b10b d5ce6e22423945b3856059aa9d9f9c35 24a4048b7dbb4950873e581bf0067256 - default default] Persisted dirty status for tenant:4e2f2d6394014b80a464d94111b85753 on resource:floatingip mark_dirty /usr/lib/python2.7/site-packages/neutron/quota/resource.py:207
2018-09-28 23:33:11.953 6151 DEBUG neutron.quota.resource [req-842a0753-d474-4d0d-aeab-a16b4a49b10b d5ce6e22423945b3856059aa9d9f9c35 24a4048b7dbb4950873e581bf0067256 - default default] Persisted dirty status for tenant: on resource:port mark_dirty /usr/lib/python2.7/site-packages/neutron/quota/resource.py:207
2018-09-28 23:33:11.976 6151 DEBUG neutron.api.rpc.handlers.resources_rpc [req-842a0753-d474-4d0d-aeab-a16b4a49b10b d5ce6e22423945b3856059aa9d9f9c35 24a4048b7dbb4950873e581bf0067256 - - -] neutron.api.rpc.handlers.resources_rpc.ResourcesPushRpcApi method push called with arguments (<neutron_lib.context.Context object at 0x7f2872c02450>, [Port(admin_state_up=True,allowed_address_pairs=[],binding=PortBinding,binding_levels=[],created_at=2018-09-29T03:33:09Z,data_plane_status=<?>,description='',device_id='975cee6f-afeb-4888-ba1f-d819b3a6c68d',device_owner='network:floatingip',dhcp_options=[],distributed_binding=None,dns=None,fixed_ips=[IPAllocation],id=0733ebd0-1280-49c1-aef2-0ca4d712ef67,mac_address=fa:16:3e:07:a7:1c,name='',network_id=990b4ddf-dd04-44e0-920c-02fce451b987,project_id='',qos_policy_id=None,revision_number=4,security=PortSecurity(0733ebd0-1280-49c1-aef2-0ca4d712ef67),security_group_ids=set([]),status='N/A',updated_at=2018-09-29T03:33:11Z)], 'updated') {} wrapper /usr/lib/python2.7/site-packages/oslo_log/helpers.py:66
2018-09-28 23:33:11.983 6151 DEBUG neutron_lib.callbacks.manager [req-842a0753-d474-4d0d-aeab-a16b4a49b10b d5ce6e22423945b3856059aa9d9f9c35 24a4048b7dbb4950873e581bf0067256 - default default] Notify callbacks ['neutron.notifiers.nova.Notifier._send_nova_notification--9223372036854744044'] for floatingip, before_response _notify_loop /usr/lib/python2.7/site-packages/neutron_lib/callbacks/manager.py:167
2018-09-28 23:33:11.985 6151 INFO neutron.wsgi [req-842a0753-d474-4d0d-aeab-a16b4a49b10b d5ce6e22423945b3856059aa9d9f9c35 24a4048b7dbb4950873e581bf0067256 - default default] 10.0.20.23 "POST /v2.0/floatingips HTTP/1.1" status: 201  len: 674 time: 2.9052529
2018-09-28 23:33:11.999 6151 DEBUG oslo_concurrency.lockutils [req-842a0753-d474-4d0d-aeab-a16b4a49b10b d5ce6e22423945b3856059aa9d9f9c35 24a4048b7dbb4950873e581bf0067256 - - -] Lock "event-dispatch" released by "neutron.plugins.ml2.ovo_rpc.dispatch_events" :: held 0.180s inner /usr/lib/python2.7/site-packages/oslo_concurrency/lockutils.py:282
2018-09-28 23:33:12.568 6160 DEBUG neutron_lib.callbacks.manager [req-2de6c0d0-e98a-44cd-8f0f-94dae3d79992 - - - - -] Notify callbacks ['neutron.services.segments.db._update_segment_host_mapping_for_agent-8738232256682'] for agent, after_update _notify_loop /usr/lib/python2.7/site-packages/neutron_lib/callbacks/manager.py:167
2018-09-28 23:33:19.154 6165 DEBUG neutron_lib.callbacks.manager [req-2a4e891c-cfe8-472b-8a57-201600086759 - - - - -] Notify callbacks ['neutron.services.segments.db._update_segment_host_mapping_for_agent-8738232256682'] for agent, after_update _notify_loop /usr/lib/python2.7/site-packages/neutron_lib/callbacks/manager.py:167
2018-09-28 23:33:19.920 6162 DEBUG neutron_lib.callbacks.manager [req-31d94f9d-1f68-4261-bece-030620cc85a9 - - - - -] Notify callbacks ['neutron.services.segments.db._update_segment_host_mapping_for_agent-8738232256682'] for agent, after_update _notify_loop /usr/lib/python2.7/site-packages/neutron_lib/callbacks/manager.py:167
2018-09-28 23:33:20.619 6156 DEBUG neutron_lib.callbacks.manager [req-5c228b61-c132-4dd8-87cf-2e5eb1686379 - - - - -] Notify callbacks ['neutron.services.segments.db._update_segment_host_mapping_for_agent-8738232256682'] for agent, after_update _notify_loop /usr/lib/python2.7/site-packages/neutron_lib/callbacks/manager.py:167
2018-09-28 23:33:22.667 6147 INFO neutron.wsgi [req-f43676c5-b647-47f5-86c5-beb059c5c025 10c05a22cea847f7a42d788fe8f1cd2e 368f193974e14846a186e2cbdb34d110 - default default] 10.0.20.23 "GET /v2.0/ports?device_id=0ea43be6-d2ec-4f60-9c32-0000bc3b132b HTTP/1.1" status: 200  len: 1123 time: 0.5248289
2018-09-28 23:33:23.372 6147 INFO neutron.wsgi [req-db94c971-9372-48eb-90ce-227d9169e800 10c05a22cea847f7a42d788fe8f1cd2e 368f193974e14846a186e2cbdb34d110 - default default] 10.0.20.23 "GET /v2.0/security-groups?id=e4d332d5-8d31-4e39-af4e-981e45878a3f HTTP/1.1" status: 200  len: 2118 time: 0.6965139
2018-09-28 23:33:24.632 6147 INFO neutron.wsgi [req-6e7ab278-7f97-4bee-8d0e-1dc4ec2e2803 8c4f0cdb1cda4595ac547e75dbf7fa8a 4e2f2d6394014b80a464d94111b85753 - 00669582552e40a387c1c78ec99ffa82 00669582552e40a387c1c78ec99ffa82] 10.0.20.23 "GET /v2.0/ports?device_id=0ea43be6-d2ec-4f60-9c32-0000bc3b132b HTTP/1.1" status: 200  len: 1123 time: 1.0794392
2018-09-28 23:33:24.757 6147 INFO neutron.wsgi [req-caad78c0-aef4-436b-8690-a70673019580 8c4f0cdb1cda4595ac547e75dbf7fa8a 4e2f2d6394014b80a464d94111b85753 - 00669582552e40a387c1c78ec99ffa82 00669582552e40a387c1c78ec99ffa82] 10.0.20.23 "GET /v2.0/security-groups?id=e4d332d5-8d31-4e39-af4e-981e45878a3f HTTP/1.1" status: 200  len: 2118 time: 0.1185851
2018-09-28 23:33:25.016 6147 INFO neutron.wsgi [req-b11adbea-8e81-4766-8ecd-53b6ebe357c0 8c4f0cdb1cda4595ac547e75dbf7fa8a 4e2f2d6394014b80a464d94111b85753 - 00669582552e40a387c1c78ec99ffa82 00669582552e40a387c1c78ec99ffa82] 10.0.20.23 "GET /v2.0/ports?device_owner=compute%3Anova&device_id=0ea43be6-d2ec-4f60-9c32-0000bc3b132b HTTP/1.1" status: 200  len: 1123 time: 0.0995879
2018-09-28 23:33:25.051 6147 INFO neutron.wsgi [req-1f77b002-81ab-49b3-afbc-e7d7879fcc3e 8c4f0cdb1cda4595ac547e75dbf7fa8a 4e2f2d6394014b80a464d94111b85753 - 00669582552e40a387c1c78ec99ffa82 00669582552e40a387c1c78ec99ffa82] 10.0.20.23 "GET /v2.0/floatingips?floating_ip_address=172.24.4.3 HTTP/1.1" status: 200  len: 672 time: 0.0298440
2018-09-28 23:33:25.067 6147 DEBUG neutron.api.v2.base [req-0d66aaf2-f584-4e1c-973e-2b9b2e55de6b 8c4f0cdb1cda4595ac547e75dbf7fa8a 4e2f2d6394014b80a464d94111b85753 - 00669582552e40a387c1c78ec99ffa82 00669582552e40a387c1c78ec99ffa82] Request body: {u'floatingip': {u'fixed_ip_address': u'11.82.1.4', u'port_id': u'319c6f01-0202-42db-967f-e625988c38e6'}} prepare_request_body /usr/lib/python2.7/site-packages/neutron/api/v2/base.py:695
2018-09-28 23:33:25.414 6147 DEBUG neutron_lib.callbacks.manager [req-0d66aaf2-f584-4e1c-973e-2b9b2e55de6b 8c4f0cdb1cda4595ac547e75dbf7fa8a 4e2f2d6394014b80a464d94111b85753 - 00669582552e40a387c1c78ec99ffa82 00669582552e40a387c1c78ec99ffa82] Notify callbacks ['neutron.services.l3_router.l3_router_plugin.L3RouterPlugin._create_dvr_floating_gw_port--9223372036854237352'] for floatingip, after_update _notify_loop /usr/lib/python2.7/site-packages/neutron_lib/callbacks/manager.py:167
2018-09-28 23:33:25.432 6145 INFO neutron.wsgi [req-8c452648-2b39-4263-a0bd-e5cc9bebbd27 10c05a22cea847f7a42d788fe8f1cd2e 368f193974e14846a186e2cbdb34d110 - default default] 10.0.20.23 "GET /v2.0/ports?device_id=0ea43be6-d2ec-4f60-9c32-0000bc3b132b HTTP/1.1" status: 200  len: 1123 time: 0.4579990
2018-09-28 23:33:25.528 6145 INFO neutron.wsgi [req-064ef92c-71e6-4870-b4a6-6d84369195ad 10c05a22cea847f7a42d788fe8f1cd2e 368f193974e14846a186e2cbdb34d110 - default default] 10.0.20.23 "GET /v2.0/security-groups?id=e4d332d5-8d31-4e39-af4e-981e45878a3f HTTP/1.1" status: 200  len: 2118 time: 0.0890238
2018-09-28 23:33:25.864 6147 DEBUG neutron.scheduler.l3_agent_scheduler [req-0d66aaf2-f584-4e1c-973e-2b9b2e55de6b 8c4f0cdb1cda4595ac547e75dbf7fa8a 4e2f2d6394014b80a464d94111b85753 - 00669582552e40a387c1c78ec99ffa82 00669582552e40a387c1c78ec99ffa82] Router e0d0fe2e-9442-4b55-b518-1f08775a3546 has already been hosted by L3 agent 3a7d0172-8068-4b92-83e9-dfd9fc41c250 _get_candidates /usr/lib/python2.7/site-packages/neutron/scheduler/l3_agent_scheduler.py:141
2018-09-28 23:33:26.056 6147 DEBUG neutron.api.rpc.agentnotifiers.l3_rpc_agent_api [req-0d66aaf2-f584-4e1c-973e-2b9b2e55de6b 8c4f0cdb1cda4595ac547e75dbf7fa8a 4e2f2d6394014b80a464d94111b85753 - 00669582552e40a387c1c78ec99ffa82 00669582552e40a387c1c78ec99ffa82] Notify agent at l3_agent.localhost.localdomain the message routers_updated _agent_notification /usr/lib/python2.7/site-packages/neutron/api/rpc/agentnotifiers/l3_rpc_agent_api.py:69
2018-09-28 23:33:26.076 6147 DEBUG neutron_lib.callbacks.manager [req-0d66aaf2-f584-4e1c-973e-2b9b2e55de6b 8c4f0cdb1cda4595ac547e75dbf7fa8a 4e2f2d6394014b80a464d94111b85753 - 00669582552e40a387c1c78ec99ffa82 00669582552e40a387c1c78ec99ffa82] Notify callbacks ['neutron.notifiers.nova.Notifier._send_nova_notification--9223372036854744044'] for floatingip, before_response _notify_loop /usr/lib/python2.7/site-packages/neutron_lib/callbacks/manager.py:167
2018-09-28 23:33:26.096 6158 DEBUG neutron.db.l3_hamode_db [req-23c593b3-a3ff-4e99-a4c7-601fc8641efa - - - - -] neutron.services.l3_router.l3_router_plugin.L3RouterPlugin method get_ha_sync_data_for_host called with arguments (<neutron_lib.context.Context object at 0x7f2872c957d0>, u'localhost.localdomain', <neutron.db.models.agent.Agent[object at 7f28724dc8d0] {id=u'3a7d0172-8068-4b92-83e9-dfd9fc41c250', agent_type=u'L3 agent', binary=u'neutron-l3-agent', topic=u'l3_agent', host=u'localhost.localdomain', availability_zone=u'nova', admin_state_up=True, created_at=datetime.datetime(2018, 9, 12, 22, 24), started_at=datetime.datetime(2018, 9, 29, 3, 13, 50), heartbeat_timestamp=datetime.datetime(2018, 9, 29, 3, 33, 20), description=None, configurations=u'{"agent_mode": "legacy", "gateway_external_network_id": "", "handle_internal_only_routers": true, "routers": 2, "interfaces": 2, "floating_ips": 0, "interface_driver": "neutron.agent.linux.interface.OVSInterfaceDriver", "log_agent_heartbeats": false, "external_network_bridge": "", "ex_gw_ports": 2}', resource_versions=None, load=0}>) {'active': True, 'router_ids': ['e0d0fe2e-9442-4b55-b518-1f08775a3546']} wrapper /usr/lib/python2.7/site-packages/oslo_log/helpers.py:66
2018-09-28 23:33:26.159 6147 INFO neutron.wsgi [req-0d66aaf2-f584-4e1c-973e-2b9b2e55de6b 8c4f0cdb1cda4595ac547e75dbf7fa8a 4e2f2d6394014b80a464d94111b85753 - 00669582552e40a387c1c78ec99ffa82 00669582552e40a387c1c78ec99ffa82] 10.0.20.23 "PUT /v2.0/floatingips/975cee6f-afeb-4888-ba1f-d819b3a6c68d HTTP/1.1" status: 200  len: 744 time: 1.1022441
2018-09-28 23:33:26.160 6147 DEBUG oslo_concurrency.lockutils [-] Lock "notifier-947fae56-88d2-4edb-a0df-7e5874ec371c" acquired by "neutron.notifiers.batch_notifier.synced_send" :: waited 0.000s inner /usr/lib/python2.7/site-packages/oslo_concurrency/lockutils.py:270
2018-09-28 23:33:26.161 6147 DEBUG neutron.notifiers.nova [-] Sending events: [{'tag': u'319c6f01-0202-42db-967f-e625988c38e6', 'name': 'network-changed', 'server_uuid': u'0ea43be6-d2ec-4f60-9c32-0000bc3b132b'}] send_events /usr/lib/python2.7/site-packages/neutron/notifiers/nova.py:242
2018-09-28 23:33:26.752 6158 DEBUG neutron.db.l3_hamode_db [req-23c593b3-a3ff-4e99-a4c7-601fc8641efa - - - - -] neutron.services.l3_router.l3_router_plugin.L3RouterPlugin method _process_sync_ha_data called with arguments (<neutron_lib.context.Context object at 0x7f2872c957d0>, [{'status': u'ACTIVE', '_interfaces': [{'status': u'ACTIVE', 'subnets': [{'dns_nameservers': [u'8.8.4.4'], 'ipv6_ra_mode': None, 'gateway_ip': u'11.82.1.1', 'cidr': u'11.82.1.0/24', 'id': u'ac5afe9c-d098-4c5a-8f38-07aa068323a9', 'subnetpool_id': None}], 'binding:host_id': u'localhost.localdomain', 'description': u'', 'allowed_address_pairs': [], 'tags': [], 'extra_dhcp_opts': [], 'updated_at': '2018-09-29T03:32:14Z', 'device_owner': u'network:router_interface', 'revision_number': 7, 'port_security_enabled': False, 'binding:profile': {}, 'mtu': 1450, 'fixed_ips': [{'subnet_id': u'ac5afe9c-d098-4c5a-8f38-07aa068323a9', 'prefixlen': 24, 'ip_address': u'11.82.1.1'}], 'id': u'424d2157-49f1-4b93-943f-488d3b2c3627', 'security_groups': [], 'device_id': u'e0d0fe2e-9442-4b55-b518-1f08775a3546', 'name': u'', 'admin_state_up': True, 'network_id': u'a6548147-7d95-4bf6-9fa7-3d84d05bdd8d', 'tenant_id': u'4e2f2d6394014b80a464d94111b85753', 'binding:vif_details': {u'port_filter': True, u'datapath_type': u'system', u'ovs_hybrid_plug': True}, 'address_scopes': {4: None, 6: None}, 'binding:vnic_type': u'normal', 'binding:vif_type': u'ovs', 'mac_address': u'fa:16:3e:3f:3e:4e', 'project_id': u'4e2f2d6394014b80a464d94111b85753', 'extra_subnets': [], 'created_at': '2018-09-29T03:32:08Z'}], 'enable_snat': True, 'ha_vr_id': 0, 'description': u'', 'tags': [], 'gw_port': {'status': u'ACTIVE', 'subnets': [{'dns_nameservers': [], 'ipv6_ra_mode': None, 'gateway_ip': u'172.24.4.1', 'cidr': u'172.24.4.0/24', 'id': u'997c6fe9-dc25-4cff-8564-acd631d97bd5', 'subnetpool_id': None}], 'binding:host_id': u'localhost.localdomain', 'description': u'', 'allowed_address_pairs': [], 'tags': [], 'extra_dhcp_opts': [], 'updated_at': '2018-09-29T03:32:26Z', 'device_owner': u'network:router_gateway', 'revision_number': 6, 'port_security_enabled': False, 'binding:profile': {}, 'mtu': 1500, 'fixed_ips': [{'subnet_id': u'997c6fe9-dc25-4cff-8564-acd631d97bd5', 'prefixlen': 24, 'ip_address': u'172.24.4.13'}], 'id': u'c529e2de-a7da-4078-b34c-0c89edaf8de7', 'security_groups': [], 'device_id': u'e0d0fe2e-9442-4b55-b518-1f08775a3546', 'name': u'', 'admin_state_up': True, 'network_id': u'990b4ddf-dd04-44e0-920c-02fce451b987', 'tenant_id': u'', 'binding:vif_details': {u'port_filter': True, u'datapath_type': u'system', u'ovs_hybrid_plug': True}, 'address_scopes': {4: None, 6: None}, 'binding:vnic_type': u'normal', 'binding:vif_type': u'ovs', 'mac_address': u'fa:16:3e:ff:4e:88', 'project_id': u'', 'extra_subnets': [], 'created_at': '2018-09-29T03:32:21Z'}, 'updated_at': '2018-09-29T03:32:22Z', 'revision_number': 3, 'ha': False, 'id': u'e0d0fe2e-9442-4b55-b518-1f08775a3546', 'gw_port_host': u'localhost.localdomain', 'external_gateway_info': {'network_id': u'990b4ddf-dd04-44e0-920c-02fce451b987', 'enable_snat': True, 'external_fixed_ips': [{'subnet_id': u'997c6fe9-dc25-4cff-8564-acd631d97bd5', 'ip_address': u'172.24.4.13'}]}, 'availability_zone_hints': [], 'availability_zones': [u'nova'], 'name': u'tempest-router-1538191775', 'gw_port_id': u'c529e2de-a7da-4078-b34c-0c89edaf8de7', 'admin_state_up': True, 'tenant_id': u'4e2f2d6394014b80a464d94111b85753', 'created_at': '2018-09-29T03:31:51Z', 'distributed': False, 'flavor_id': None, 'routes': [], 'project_id': u'4e2f2d6394014b80a464d94111b85753', '_floatingips': [{'router_id': u'e0d0fe2e-9442-4b55-b518-1f08775a3546', 'status': u'DOWN', 'description': u'', 'tags': [], 'updated_at': '2018-09-29T03:33:25Z', 'dns_domain': '', 'floating_network_id': u'990b4ddf-dd04-44e0-920c-02fce451b987', 'fixed_ip_address': u'11.82.1.4', 'floating_ip_address': u'172.24.4.3', 'revision_number': 1, 'port_id': u'319c6f01-0202-42db-967f-e625988c38e6', 'id': u'975cee6f-afeb-4888-ba1f-d819b3a6c68d', 'dns_name': '', 'created_at': '2018-09-29T03:33:10Z', 'tenant_id': u'4e2f2d6394014b80a464d94111b85753', 'fixed_ip_address_scope': None, 'project_id': u'4e2f2d6394014b80a464d94111b85753'}]}], u'localhost.localdomain', False) {} wrapper /usr/lib/python2.7/site-packages/oslo_log/helpers.py:66
2018-09-28 23:33:26.774 6158 DEBUG neutron.api.rpc.handlers.l3_rpc [req-23c593b3-a3ff-4e99-a4c7-601fc8641efa - - - - -] Checking router: e0d0fe2e-9442-4b55-b518-1f08775a3546 for host: localhost.localdomain _ensure_host_set_on_ports /usr/lib/python2.7/site-packages/neutron/api/rpc/handlers/l3_rpc.py:135
2018-09-28 23:33:26.821 6147 INFO neutron.wsgi [req-6915b58e-2d42-4dc1-b5bf-9283494baf67 10c05a22cea847f7a42d788fe8f1cd2e 368f193974e14846a186e2cbdb34d110 - default default] 10.0.20.23 "GET /v2.0/ports?device_id=0ea43be6-d2ec-4f60-9c32-0000bc3b132b HTTP/1.1" status: 200  len: 1123 time: 0.6352849
2018-09-28 23:33:26.947 6147 INFO neutron.wsgi [req-50ea8008-6985-428d-8ba6-b59440fd081e 10c05a22cea847f7a42d788fe8f1cd2e 368f193974e14846a186e2cbdb34d110 - default default] 10.0.20.23 "GET /v2.0/security-groups?id=e4d332d5-8d31-4e39-af4e-981e45878a3f HTTP/1.1" status: 200  len: 2118 time: 0.1211259
2018-09-28 23:33:27.111 6154 DEBUG neutron_lib.callbacks.manager [req-9ebe519d-ff50-44de-8e6d-11e2b56c49cb - - - - -] Notify callbacks ['neutron.services.segments.db._update_segment_host_mapping_for_agent-8738232256682'] for agent, after_update _notify_loop /usr/lib/python2.7/site-packages/neutron_lib/callbacks/manager.py:167
2018-09-28 23:33:27.119 6157 DEBUG neutron.api.rpc.handlers.l3_rpc [req-52fe5adb-3cb8-4fd5-831e-10db736cdb65 - - - - -] New status for floating IP 975cee6f-afeb-4888-ba1f-d819b3a6c68d: ACTIVE update_floatingip_statuses /usr/lib/python2.7/site-packages/neutron/api/rpc/handlers/l3_rpc.py:252
2018-09-28 23:33:27.129 6147 DEBUG novaclient.v2.client [-] REQ: curl -g -i -X POST http://10.0.20.23:8774/v2.1/368f193974e14846a186e2cbdb34d110/os-server-external-events -H "User-Agent: python-novaclient" -H "Content-Type: application/json" -H "Accept: application/json" -H "X-OpenStack-Nova-API-Version: 2.1" -H "X-Auth-Token: {SHA1}943f7330cb4f421616f5a8208f072fd2b73b5204" -d '{"events": [{"tag": "319c6f01-0202-42db-967f-e625988c38e6", "name": "network-changed", "server_uuid": "0ea43be6-d2ec-4f60-9c32-0000bc3b132b"}]}' _http_log_request /usr/lib/python2.7/site-packages/keystoneauth1/session.py:375
2018-09-28 23:33:27.527 6147 DEBUG novaclient.v2.client [-] RESP: [200] Content-Length: 179 Content-Type: application/json Openstack-Api-Version: compute 2.1 X-Openstack-Nova-Api-Version: 2.1 Vary: OpenStack-API-Version, X-OpenStack-Nova-API-Version X-Openstack-Request-Id: req-5b0fb999-133f-4f45-a3cc-47b75c462685 X-Compute-Request-Id: req-5b0fb999-133f-4f45-a3cc-47b75c462685 Date: Sat, 29 Sep 2018 03:33:27 GMT Connection: keep-alive 
RESP BODY: {"events": [{"status": "completed", "tag": "319c6f01-0202-42db-967f-e625988c38e6", "name": "network-changed", "server_uuid": "0ea43be6-d2ec-4f60-9c32-0000bc3b132b", "code": 200}]}
 _http_log_response /usr/lib/python2.7/site-packages/keystoneauth1/session.py:423
2018-09-28 23:33:27.528 6147 DEBUG novaclient.v2.client [-] POST call to compute for http://10.0.20.23:8774/v2.1/368f193974e14846a186e2cbdb34d110/os-server-external-events used request id req-5b0fb999-133f-4f45-a3cc-47b75c462685 request /usr/lib/python2.7/site-packages/keystoneauth1/session.py:727
2018-09-28 23:33:27.539 6147 INFO neutron.notifiers.nova [-] Nova event response: {u'status': u'completed', u'tag': u'319c6f01-0202-42db-967f-e625988c38e6', u'name': u'network-changed', u'server_uuid': u'0ea43be6-d2ec-4f60-9c32-0000bc3b132b', u'code': 200}
2018-09-28 23:33:27.726 6146 INFO neutron.wsgi [req-016f4446-8238-45c0-8702-44e40d77e588 10c05a22cea847f7a42d788fe8f1cd2e 368f193974e14846a186e2cbdb34d110 - default default] 10.0.20.23 "GET /v2.0/ports?tenant_id=4e2f2d6394014b80a464d94111b85753&device_id=0ea43be6-d2ec-4f60-9c32-0000bc3b132b HTTP/1.1" status: 200  len: 1123 time: 0.1441340
2018-09-28 23:33:27.819 6147 INFO neutron.wsgi [req-76ca1a14-972a-4bcd-bdd5-e39465a695b4 10c05a22cea847f7a42d788fe8f1cd2e 368f193974e14846a186e2cbdb34d110 - default default] 10.0.20.23 "GET /v2.0/ports?tenant_id=4e2f2d6394014b80a464d94111b85753&device_id=0ea43be6-d2ec-4f60-9c32-0000bc3b132b HTTP/1.1" status: 200  len: 1123 time: 0.6578870
2018-09-28 23:33:27.941 6146 DEBUG neutron.pecan_wsgi.hooks.policy_enforcement [req-ddc695e0-5fd3-4b29-8c30-c784bb363019 10c05a22cea847f7a42d788fe8f1cd2e 368f193974e14846a186e2cbdb34d110 - default default] Attributes excluded by policy engine: [u'vlan_transparent'] _exclude_attributes_by_policy /usr/lib/python2.7/site-packages/neutron/pecan_wsgi/hooks/policy_enforcement.py:256
2018-09-28 23:33:27.943 6146 INFO neutron.wsgi [req-ddc695e0-5fd3-4b29-8c30-c784bb363019 10c05a22cea847f7a42d788fe8f1cd2e 368f193974e14846a186e2cbdb34d110 - default default] 10.0.20.23 "GET /v2.0/networks?id=a6548147-7d95-4bf6-9fa7-3d84d05bdd8d HTTP/1.1" status: 200  len: 885 time: 0.2082489
2018-09-28 23:33:27.972 6146 INFO neutron.wsgi [req-61077542-5fdd-42a5-96ed-beb38be060b1 10c05a22cea847f7a42d788fe8f1cd2e 368f193974e14846a186e2cbdb34d110 - default default] 10.0.20.23 "GET /v2.0/floatingips?fixed_ip_address=11.82.1.4&port_id=319c6f01-0202-42db-967f-e625988c38e6 HTTP/1.1" status: 200  len: 749 time: 0.0244319
2018-09-28 23:33:28.014 6147 DEBUG neutron.pecan_wsgi.hooks.policy_enforcement [req-64b4009c-1790-42aa-890c-5524fb873988 10c05a22cea847f7a42d788fe8f1cd2e 368f193974e14846a186e2cbdb34d110 - default default] Attributes excluded by policy engine: [u'vlan_transparent'] _exclude_attributes_by_policy /usr/lib/python2.7/site-packages/neutron/pecan_wsgi/hooks/policy_enforcement.py:256
2018-09-28 23:33:28.017 6147 INFO neutron.wsgi [req-64b4009c-1790-42aa-890c-5524fb873988 10c05a22cea847f7a42d788fe8f1cd2e 368f193974e14846a186e2cbdb34d110 - default default] 10.0.20.23 "GET /v2.0/networks?id=a6548147-7d95-4bf6-9fa7-3d84d05bdd8d HTTP/1.1" status: 200  len: 885 time: 0.1910479
2018-09-28 23:33:28.049 6147 INFO neutron.wsgi [req-b005a725-36f7-48ce-adcc-22b85cf43295 10c05a22cea847f7a42d788fe8f1cd2e 368f193974e14846a186e2cbdb34d110 - default default] 10.0.20.23 "GET /v2.0/floatingips?fixed_ip_address=11.82.1.4&port_id=319c6f01-0202-42db-967f-e625988c38e6 HTTP/1.1" status: 200  len: 749 time: 0.0272088
2018-09-28 23:33:28.075 6146 DEBUG neutron.pecan_wsgi.hooks.policy_enforcement [req-d906d6f0-1242-41b6-8b7b-5b50785234c4 10c05a22cea847f7a42d788fe8f1cd2e 368f193974e14846a186e2cbdb34d110 - default default] Attributes excluded by policy engine: [u'shared'] _exclude_attributes_by_policy /usr/lib/python2.7/site-packages/neutron/pecan_wsgi/hooks/policy_enforcement.py:256
2018-09-28 23:33:28.077 6146 INFO neutron.wsgi [req-d906d6f0-1242-41b6-8b7b-5b50785234c4 10c05a22cea847f7a42d788fe8f1cd2e 368f193974e14846a186e2cbdb34d110 - default default] 10.0.20.23 "GET /v2.0/subnets?id=ac5afe9c-d098-4c5a-8f38-07aa068323a9 HTTP/1.1" status: 200  len: 843 time: 0.1005988
2018-09-28 23:33:28.160 6147 DEBUG neutron.pecan_wsgi.hooks.policy_enforcement [req-ff17ec6e-e627-42f3-8864-016345fc2564 10c05a22cea847f7a42d788fe8f1cd2e 368f193974e14846a186e2cbdb34d110 - default default] Attributes excluded by policy engine: [u'shared'] _exclude_attributes_by_policy /usr/lib/python2.7/site-packages/neutron/pecan_wsgi/hooks/policy_enforcement.py:256
2018-09-28 23:33:28.162 6147 INFO neutron.wsgi [req-ff17ec6e-e627-42f3-8864-016345fc2564 10c05a22cea847f7a42d788fe8f1cd2e 368f193974e14846a186e2cbdb34d110 - default default] 10.0.20.23 "GET /v2.0/subnets?id=ac5afe9c-d098-4c5a-8f38-07aa068323a9 HTTP/1.1" status: 200  len: 843 time: 0.1066570
2018-09-28 23:33:28.190 6146 INFO neutron.wsgi [req-f0e53c10-8ce6-4fd4-86ff-d1858082213f 10c05a22cea847f7a42d788fe8f1cd2e 368f193974e14846a186e2cbdb34d110 - default default] 10.0.20.23 "GET /v2.0/ports?network_id=a6548147-7d95-4bf6-9fa7-3d84d05bdd8d&device_owner=network%3Adhcp HTTP/1.1" status: 200  len: 1127 time: 0.1093240
2018-09-28 23:33:28.290 6147 INFO neutron.wsgi [req-53b8ed5e-48f2-41c3-9009-2c8de2a3565a 10c05a22cea847f7a42d788fe8f1cd2e 368f193974e14846a186e2cbdb34d110 - default default] 10.0.20.23 "GET /v2.0/ports?network_id=a6548147-7d95-4bf6-9fa7-3d84d05bdd8d&device_owner=network%3Adhcp HTTP/1.1" status: 200  len: 1127 time: 0.1218951
2018-09-28 23:33:29.540 6147 DEBUG oslo_concurrency.lockutils [-] Lock "notifier-947fae56-88d2-4edb-a0df-7e5874ec371c" released by "neutron.notifiers.batch_notifier.synced_send" :: held 3.380s inner /usr/lib/python2.7/site-packages/oslo_concurrency/lockutils.py:282
2018-09-28 23:33:31.661 6144 INFO neutron.wsgi [req-2069426b-7c69-4101-9d70-c957b84437a8 10c05a22cea847f7a42d788fe8f1cd2e 368f193974e14846a186e2cbdb34d110 - default default] 10.0.20.23 "GET /v2.0/ports?device_id=0ea43be6-d2ec-4f60-9c32-0000bc3b132b HTTP/1.1" status: 200  len: 1123 time: 0.7721598
2018-09-28 23:33:31.846 6144 INFO neutron.wsgi [req-d455a0b9-2f41-4143-ac17-a740d6c0c841 10c05a22cea847f7a42d788fe8f1cd2e 368f193974e14846a186e2cbdb34d110 - default default] 10.0.20.23 "GET /v2.0/security-groups?id=e4d332d5-8d31-4e39-af4e-981e45878a3f HTTP/1.1" status: 200  len: 2118 time: 0.1671789
2018-09-28 23:33:34.018 6144 INFO neutron.wsgi [req-3e06fc06-8b66-465e-baf2-c0cffb21bd62 10c05a22cea847f7a42d788fe8f1cd2e 368f193974e14846a186e2cbdb34d110 - default default] 10.0.20.23 "GET /v2.0/ports?device_id=0ea43be6-d2ec-4f60-9c32-0000bc3b132b HTTP/1.1" status: 200  len: 1123 time: 0.5516548
2018-09-28 23:33:34.159 6144 INFO neutron.wsgi [req-be8e365d-49ef-4c57-a29c-a362bfb16fec 10c05a22cea847f7a42d788fe8f1cd2e 368f193974e14846a186e2cbdb34d110 - default default] 10.0.20.23 "GET /v2.0/security-groups?id=e4d332d5-8d31-4e39-af4e-981e45878a3f HTTP/1.1" status: 200  len: 2118 time: 0.1295960
2018-09-28 23:33:35.141 6147 INFO neutron.wsgi [req-7ae2f49e-2288-4815-84af-0e96a451f8d4 10c05a22cea847f7a42d788fe8f1cd2e 368f193974e14846a186e2cbdb34d110 - default default] 10.0.20.23 "GET /v2.0/ports?device_id=0ea43be6-d2ec-4f60-9c32-0000bc3b132b HTTP/1.1" status: 200  len: 1123 time: 0.5353780
2018-09-28 23:33:35.231 6147 INFO neutron.wsgi [req-63ee3780-14eb-45d1-a19e-8e59c9aa8d3a 10c05a22cea847f7a42d788fe8f1cd2e 368f193974e14846a186e2cbdb34d110 - default default] 10.0.20.23 "GET /v2.0/security-groups?id=e4d332d5-8d31-4e39-af4e-981e45878a3f HTTP/1.1" status: 200  len: 2118 time: 0.0833619
2018-09-28 23:33:35.604 6167 DEBUG neutron.db.agents_db [req-9a3f34ab-c34b-451a-ae8b-2dcdf01a25f8 - - - - -] Agent healthcheck: found 5 active agents agent_health_check /usr/lib/python2.7/site-packages/neutron/db/agents_db.py:281
2018-09-28 23:33:38.503 6147 INFO neutron.wsgi [req-9786cb6d-a6dc-4942-bec2-889a2c465893 8c4f0cdb1cda4595ac547e75dbf7fa8a 4e2f2d6394014b80a464d94111b85753 - 00669582552e40a387c1c78ec99ffa82 00669582552e40a387c1c78ec99ffa82] 10.0.20.23 "GET /v2.0/ports?device_id=0ea43be6-d2ec-4f60-9c32-0000bc3b132b HTTP/1.1" status: 200  len: 1123 time: 0.4785552
2018-09-28 23:33:38.612 6147 INFO neutron.wsgi [req-d3b09aa3-5f85-4189-b1af-41d26bee8ede 8c4f0cdb1cda4595ac547e75dbf7fa8a 4e2f2d6394014b80a464d94111b85753 - 00669582552e40a387c1c78ec99ffa82 00669582552e40a387c1c78ec99ffa82] 10.0.20.23 "GET /v2.0/security-groups?id=e4d332d5-8d31-4e39-af4e-981e45878a3f HTTP/1.1" status: 200  len: 2118 time: 0.1057770
2018-09-28 23:33:42.575 6153 DEBUG neutron_lib.callbacks.manager [req-2de6c0d0-e98a-44cd-8f0f-94dae3d79992 - - - - -] Notify callbacks ['neutron.services.segments.db._update_segment_host_mapping_for_agent-8738232256682'] for agent, after_update _notify_loop /usr/lib/python2.7/site-packages/neutron_lib/callbacks/manager.py:167
2018-09-28 23:33:44.954 6146 INFO neutron.wsgi [req-4adcc5a6-d6e3-445c-8d57-548f3b68afae 10c05a22cea847f7a42d788fe8f1cd2e 368f193974e14846a186e2cbdb34d110 - default default] 10.0.20.23 "GET /v2.0/ports?tenant_id=4e2f2d6394014b80a464d94111b85753&device_id=0ea43be6-d2ec-4f60-9c32-0000bc3b132b HTTP/1.1" status: 200  len: 1123 time: 0.1059589
2018-09-28 23:33:45.320 6146 DEBUG neutron.pecan_wsgi.hooks.policy_enforcement [req-668370f5-7b8b-4351-82dd-1eb9fc778289 10c05a22cea847f7a42d788fe8f1cd2e 368f193974e14846a186e2cbdb34d110 - default default] Attributes excluded by policy engine: [u'vlan_transparent'] _exclude_attributes_by_policy /usr/lib/python2.7/site-packages/neutron/pecan_wsgi/hooks/policy_enforcement.py:256
2018-09-28 23:33:45.323 6146 INFO neutron.wsgi [req-668370f5-7b8b-4351-82dd-1eb9fc778289 10c05a22cea847f7a42d788fe8f1cd2e 368f193974e14846a186e2cbdb34d110 - default default] 10.0.20.23 "GET /v2.0/networks?id=a6548147-7d95-4bf6-9fa7-3d84d05bdd8d HTTP/1.1" status: 200  len: 885 time: 0.3669410
2018-09-28 23:33:45.373 6146 INFO neutron.wsgi [req-87a7ecb7-2dc2-4844-a4fb-4e295ff46251 10c05a22cea847f7a42d788fe8f1cd2e 368f193974e14846a186e2cbdb34d110 - default default] 10.0.20.23 "GET /v2.0/floatingips?fixed_ip_address=11.82.1.4&port_id=319c6f01-0202-42db-967f-e625988c38e6 HTTP/1.1" status: 200  len: 749 time: 0.0432439
2018-09-28 23:33:45.512 6146 DEBUG neutron.pecan_wsgi.hooks.policy_enforcement [req-e22116f4-d0b6-43c0-b74c-51bc820d51a8 10c05a22cea847f7a42d788fe8f1cd2e 368f193974e14846a186e2cbdb34d110 - default default] Attributes excluded by policy engine: [u'shared'] _exclude_attributes_by_policy /usr/lib/python2.7/site-packages/neutron/pecan_wsgi/hooks/policy_enforcement.py:256
2018-09-28 23:33:45.515 6146 INFO neutron.wsgi [req-e22116f4-d0b6-43c0-b74c-51bc820d51a8 10c05a22cea847f7a42d788fe8f1cd2e 368f193974e14846a186e2cbdb34d110 - default default] 10.0.20.23 "GET /v2.0/subnets?id=ac5afe9c-d098-4c5a-8f38-07aa068323a9 HTTP/1.1" status: 200  len: 843 time: 0.1347392
2018-09-28 23:33:45.637 6146 INFO neutron.wsgi [req-6060507c-ac0a-4017-8c52-b6cbd83d20f9 10c05a22cea847f7a42d788fe8f1cd2e 368f193974e14846a186e2cbdb34d110 - default default] 10.0.20.23 "GET /v2.0/ports?network_id=a6548147-7d95-4bf6-9fa7-3d84d05bdd8d&device_owner=network%3Adhcp HTTP/1.1" status: 200  len: 1127 time: 0.1165988
2018-09-28 23:33:49.604 6157 DEBUG neutron_lib.callbacks.manager [req-2a4e891c-cfe8-472b-8a57-201600086759 - - - - -] Notify callbacks ['neutron.services.segments.db._update_segment_host_mapping_for_agent-8738232256682'] for agent, after_update _notify_loop /usr/lib/python2.7/site-packages/neutron_lib/callbacks/manager.py:167
2018-09-28 23:33:49.905 6158 DEBUG neutron_lib.callbacks.manager [req-e009d1bf-87ac-4a7d-8eb9-590883396349 - - - - -] Notify callbacks ['neutron.services.segments.db._update_segment_host_mapping_for_agent-8738232256682'] for agent, after_update _notify_loop /usr/lib/python2.7/site-packages/neutron_lib/callbacks/manager.py:167
2018-09-28 23:33:50.629 6159 DEBUG neutron_lib.callbacks.manager [req-a1edf818-65fe-4b7c-8115-2d38bc44f7af - - - - -] Notify callbacks ['neutron.services.segments.db._update_segment_host_mapping_for_agent-8738232256682'] for agent, after_update _notify_loop /usr/lib/python2.7/site-packages/neutron_lib/callbacks/manager.py:167
2018-09-28 23:33:54.704 6147 INFO neutron.wsgi [req-1bac99ae-32a2-491c-89dc-a5155b913318 8c4f0cdb1cda4595ac547e75dbf7fa8a 4e2f2d6394014b80a464d94111b85753 - 00669582552e40a387c1c78ec99ffa82 00669582552e40a387c1c78ec99ffa82] 10.0.20.23 "GET /v2.0/ports?device_id=0ea43be6-d2ec-4f60-9c32-0000bc3b132b HTTP/1.1" status: 200  len: 1123 time: 0.5605171
2018-09-28 23:33:54.808 6147 INFO neutron.wsgi [req-b0f6e01b-e2aa-4f60-9dc3-74ca538271ef 8c4f0cdb1cda4595ac547e75dbf7fa8a 4e2f2d6394014b80a464d94111b85753 - 00669582552e40a387c1c78ec99ffa82 00669582552e40a387c1c78ec99ffa82] 10.0.20.23 "GET /v2.0/security-groups?id=e4d332d5-8d31-4e39-af4e-981e45878a3f HTTP/1.1" status: 200  len: 2118 time: 0.0976160
2018-09-28 23:33:57.153 6160 DEBUG neutron_lib.callbacks.manager [req-9ebe519d-ff50-44de-8e6d-11e2b56c49cb - - - - -] Notify callbacks ['neutron.services.segments.db._update_segment_host_mapping_for_agent-8738232256682'] for agent, after_update _notify_loop /usr/lib/python2.7/site-packages/neutron_lib/callbacks/manager.py:167
2018-09-28 23:34:04.572 6146 DEBUG neutron.quota.resource [req-81311446-027a-4ab5-b35e-34cc1599a5b9 8c4f0cdb1cda4595ac547e75dbf7fa8a 4e2f2d6394014b80a464d94111b85753 - 00669582552e40a387c1c78ec99ffa82 00669582552e40a387c1c78ec99ffa82] Synchronizing usage tracker for tenant:4e2f2d6394014b80a464d94111b85753 on resource:port resync /usr/lib/python2.7/site-packages/neutron/quota/resource.py:245
2018-09-28 23:34:04.640 6146 DEBUG neutron.quota.resource [req-81311446-027a-4ab5-b35e-34cc1599a5b9 8c4f0cdb1cda4595ac547e75dbf7fa8a 4e2f2d6394014b80a464d94111b85753 - 00669582552e40a387c1c78ec99ffa82 00669582552e40a387c1c78ec99ffa82] Unset dirty status for tenant:4e2f2d6394014b80a464d94111b85753 on resource:port _resync /usr/lib/python2.7/site-packages/neutron/quota/resource.py:237
2018-09-28 23:34:04.643 6146 INFO neutron.wsgi [req-81311446-027a-4ab5-b35e-34cc1599a5b9 8c4f0cdb1cda4595ac547e75dbf7fa8a 4e2f2d6394014b80a464d94111b85753 - 00669582552e40a387c1c78ec99ffa82 00669582552e40a387c1c78ec99ffa82] 10.0.20.23 "GET /v2.0/ports?device_id=0ea43be6-d2ec-4f60-9c32-0000bc3b132b HTTP/1.1" status: 200  len: 1123 time: 0.5368311
2018-09-28 23:34:04.793 6146 INFO neutron.wsgi [req-da9d3066-db3f-48c0-bf85-9ae375df3594 8c4f0cdb1cda4595ac547e75dbf7fa8a 4e2f2d6394014b80a464d94111b85753 - 00669582552e40a387c1c78ec99ffa82 00669582552e40a387c1c78ec99ffa82] 10.0.20.23 "GET /v2.0/security-groups?id=e4d332d5-8d31-4e39-af4e-981e45878a3f HTTP/1.1" status: 200  len: 2118 time: 0.1407971
2018-09-28 23:34:12.561 6165 DEBUG neutron_lib.callbacks.manager [req-2de6c0d0-e98a-44cd-8f0f-94dae3d79992 - - - - -] Notify callbacks ['neutron.services.segments.db._update_segment_host_mapping_for_agent-8738232256682'] for agent, after_update _notify_loop /usr/lib/python2.7/site-packages/neutron_lib/callbacks/manager.py:167
2018-09-28 23:34:12.596 6167 DEBUG neutron.db.agents_db [req-9a3f34ab-c34b-451a-ae8b-2dcdf01a25f8 - - - - -] Agent healthcheck: found 5 active agents agent_health_check /usr/lib/python2.7/site-packages/neutron/db/agents_db.py:281
2018-09-28 23:34:16.236 6146 INFO neutron.wsgi [req-fa95e0b2-fc8c-4c3b-81e6-6b049e70b23e 8c4f0cdb1cda4595ac547e75dbf7fa8a 4e2f2d6394014b80a464d94111b85753 - 00669582552e40a387c1c78ec99ffa82 00669582552e40a387c1c78ec99ffa82] 10.0.20.23 "GET /v2.0/ports?device_id=0ea43be6-d2ec-4f60-9c32-0000bc3b132b HTTP/1.1" status: 200  len: 1123 time: 0.5459671
2018-09-28 23:34:16.350 6146 INFO neutron.wsgi [req-adca334f-c72c-4c3d-a401-0c200cfd496c 8c4f0cdb1cda4595ac547e75dbf7fa8a 4e2f2d6394014b80a464d94111b85753 - 00669582552e40a387c1c78ec99ffa82 00669582552e40a387c1c78ec99ffa82] 10.0.20.23 "GET /v2.0/security-groups?id=e4d332d5-8d31-4e39-af4e-981e45878a3f HTTP/1.1" status: 200  len: 2118 time: 0.1077490
2018-09-28 23:34:19.330 6162 DEBUG neutron_lib.callbacks.manager [req-2a4e891c-cfe8-472b-8a57-201600086759 - - - - -] Notify callbacks ['neutron.services.segments.db._update_segment_host_mapping_for_agent-8738232256682'] for agent, after_update _notify_loop /usr/lib/python2.7/site-packages/neutron_lib/callbacks/manager.py:167
2018-09-28 23:34:19.895 6156 DEBUG neutron_lib.callbacks.manager [req-c421c0f6-b834-4be0-88be-4ee0137607f9 - - - - -] Notify callbacks ['neutron.services.segments.db._update_segment_host_mapping_for_agent-8738232256682'] for agent, after_update _notify_loop /usr/lib/python2.7/site-packages/neutron_lib/callbacks/manager.py:167
2018-09-28 23:34:20.608 6154 DEBUG neutron_lib.callbacks.manager [req-31927503-cf69-4f9c-a3fd-25257fecdf89 - - - - -] Notify callbacks ['neutron.services.segments.db._update_segment_host_mapping_for_agent-8738232256682'] for agent, after_update _notify_loop /usr/lib/python2.7/site-packages/neutron_lib/callbacks/manager.py:167
2018-09-28 23:34:23.144 6144 INFO neutron.wsgi [req-f17deb78-7907-481f-be9c-efa9b5c3d1e7 8c4f0cdb1cda4595ac547e75dbf7fa8a 4e2f2d6394014b80a464d94111b85753 - 00669582552e40a387c1c78ec99ffa82 00669582552e40a387c1c78ec99ffa82] 10.0.20.23 "GET /v2.0/ports?device_id=0ea43be6-d2ec-4f60-9c32-0000bc3b132b HTTP/1.1" status: 200  len: 1123 time: 0.6593480
2018-09-28 23:34:23.243 6144 INFO neutron.wsgi [req-f1499b98-e898-4e72-bf93-00990608bc07 8c4f0cdb1cda4595ac547e75dbf7fa8a 4e2f2d6394014b80a464d94111b85753 - 00669582552e40a387c1c78ec99ffa82 00669582552e40a387c1c78ec99ffa82] 10.0.20.23 "GET /v2.0/security-groups?id=e4d332d5-8d31-4e39-af4e-981e45878a3f HTTP/1.1" status: 200  len: 2118 time: 0.0950670
2018-09-28 23:34:27.117 6153 DEBUG neutron_lib.callbacks.manager [req-9ebe519d-ff50-44de-8e6d-11e2b56c49cb - - - - -] Notify callbacks ['neutron.services.segments.db._update_segment_host_mapping_for_agent-8738232256682'] for agent, after_update _notify_loop /usr/lib/python2.7/site-packages/neutron_lib/callbacks/manager.py:167
2018-09-28 23:34:35.203 6147 INFO neutron.wsgi [req-d468e099-fa09-42b5-b806-b518fbd71848 8c4f0cdb1cda4595ac547e75dbf7fa8a 4e2f2d6394014b80a464d94111b85753 - 00669582552e40a387c1c78ec99ffa82 00669582552e40a387c1c78ec99ffa82] 10.0.20.23 "GET /v2.0/ports?device_id=0ea43be6-d2ec-4f60-9c32-0000bc3b132b HTTP/1.1" status: 200  len: 1123 time: 1.1434128
2018-09-28 23:34:35.308 6147 INFO neutron.wsgi [req-d473d5de-9cee-49ae-a57e-b708ac822851 8c4f0cdb1cda4595ac547e75dbf7fa8a 4e2f2d6394014b80a464d94111b85753 - 00669582552e40a387c1c78ec99ffa82 00669582552e40a387c1c78ec99ffa82] 10.0.20.23 "GET /v2.0/security-groups?id=e4d332d5-8d31-4e39-af4e-981e45878a3f HTTP/1.1" status: 200  len: 2118 time: 0.0970340
2018-09-28 23:34:42.573 6157 DEBUG neutron_lib.callbacks.manager [req-2de6c0d0-e98a-44cd-8f0f-94dae3d79992 - - - - -] Notify callbacks ['neutron.services.segments.db._update_segment_host_mapping_for_agent-8738232256682'] for agent, after_update _notify_loop /usr/lib/python2.7/site-packages/neutron_lib/callbacks/manager.py:167
2018-09-28 23:34:45.419 6144 INFO neutron.wsgi [req-6387fa37-5584-4263-867f-eda2353e9851 8c4f0cdb1cda4595ac547e75dbf7fa8a 4e2f2d6394014b80a464d94111b85753 - 00669582552e40a387c1c78ec99ffa82 00669582552e40a387c1c78ec99ffa82] 10.0.20.23 "GET /v2.0/ports?device_id=0ea43be6-d2ec-4f60-9c32-0000bc3b132b HTTP/1.1" status: 200  len: 1123 time: 0.8565929
2018-09-28 23:34:45.516 6144 INFO neutron.wsgi [req-a07e4a02-cd3d-48ed-b519-2081c6d5b9e5 8c4f0cdb1cda4595ac547e75dbf7fa8a 4e2f2d6394014b80a464d94111b85753 - 00669582552e40a387c1c78ec99ffa82 00669582552e40a387c1c78ec99ffa82] 10.0.20.23 "GET /v2.0/security-groups?id=e4d332d5-8d31-4e39-af4e-981e45878a3f HTTP/1.1" status: 200  len: 2118 time: 0.0913579
2018-09-28 23:34:46.132 6146 INFO neutron.wsgi [req-003941b3-a1ef-49cc-9f2d-06b4beba2e02 10c05a22cea847f7a42d788fe8f1cd2e 368f193974e14846a186e2cbdb34d110 - default default] 10.0.20.23 "GET /v2.0/ports?tenant_id=4e2f2d6394014b80a464d94111b85753&device_id=0ea43be6-d2ec-4f60-9c32-0000bc3b132b HTTP/1.1" status: 200  len: 1123 time: 0.2065341
2018-09-28 23:34:46.355 6146 DEBUG neutron.pecan_wsgi.hooks.policy_enforcement [req-77ecbc47-89fd-486a-8dad-f03fb655097e 10c05a22cea847f7a42d788fe8f1cd2e 368f193974e14846a186e2cbdb34d110 - default default] Attributes excluded by policy engine: [u'vlan_transparent'] _exclude_attributes_by_policy /usr/lib/python2.7/site-packages/neutron/pecan_wsgi/hooks/policy_enforcement.py:256
2018-09-28 23:34:46.358 6146 INFO neutron.wsgi [req-77ecbc47-89fd-486a-8dad-f03fb655097e 10c05a22cea847f7a42d788fe8f1cd2e 368f193974e14846a186e2cbdb34d110 - default default] 10.0.20.23 "GET /v2.0/networks?id=a6548147-7d95-4bf6-9fa7-3d84d05bdd8d HTTP/1.1" status: 200  len: 885 time: 0.2195361
2018-09-28 23:34:46.405 6146 INFO neutron.wsgi [req-810d8337-c2fe-4742-a1cd-17896199c973 10c05a22cea847f7a42d788fe8f1cd2e 368f193974e14846a186e2cbdb34d110 - default default] 10.0.20.23 "GET /v2.0/floatingips?fixed_ip_address=11.82.1.4&port_id=319c6f01-0202-42db-967f-e625988c38e6 HTTP/1.1" status: 200  len: 749 time: 0.0381451
2018-09-28 23:34:46.532 6146 DEBUG neutron.pecan_wsgi.hooks.policy_enforcement [req-dc93cd4e-da99-436c-85c4-69be771a08c0 10c05a22cea847f7a42d788fe8f1cd2e 368f193974e14846a186e2cbdb34d110 - default default] Attributes excluded by policy engine: [u'shared'] _exclude_attributes_by_policy /usr/lib/python2.7/site-packages/neutron/pecan_wsgi/hooks/policy_enforcement.py:256
2018-09-28 23:34:46.535 6146 INFO neutron.wsgi [req-dc93cd4e-da99-436c-85c4-69be771a08c0 10c05a22cea847f7a42d788fe8f1cd2e 368f193974e14846a186e2cbdb34d110 - default default] 10.0.20.23 "GET /v2.0/subnets?id=ac5afe9c-d098-4c5a-8f38-07aa068323a9 HTTP/1.1" status: 200  len: 843 time: 0.1227810
2018-09-28 23:34:46.664 6146 INFO neutron.wsgi [req-e0f5f249-c2d6-41c6-b3e0-8e805e71aec0 10c05a22cea847f7a42d788fe8f1cd2e 368f193974e14846a186e2cbdb34d110 - default default] 10.0.20.23 "GET /v2.0/ports?network_id=a6548147-7d95-4bf6-9fa7-3d84d05bdd8d&device_owner=network%3Adhcp HTTP/1.1" status: 200  len: 1127 time: 0.1217120
2018-09-28 23:34:49.155 6158 DEBUG neutron_lib.callbacks.manager [req-2a4e891c-cfe8-472b-8a57-201600086759 - - - - -] Notify callbacks ['neutron.services.segments.db._update_segment_host_mapping_for_agent-8738232256682'] for agent, after_update _notify_loop /usr/lib/python2.7/site-packages/neutron_lib/callbacks/manager.py:167
2018-09-28 23:34:49.597 6167 DEBUG neutron.db.agents_db [req-9a3f34ab-c34b-451a-ae8b-2dcdf01a25f8 - - - - -] Agent healthcheck: found 5 active agents agent_health_check /usr/lib/python2.7/site-packages/neutron/db/agents_db.py:281
2018-09-28 23:34:49.893 6159 DEBUG neutron_lib.callbacks.manager [req-a4a6d52e-148b-4621-a2be-b7f9925f3706 - - - - -] Notify callbacks ['neutron.services.segments.db._update_segment_host_mapping_for_agent-8738232256682'] for agent, after_update _notify_loop /usr/lib/python2.7/site-packages/neutron_lib/callbacks/manager.py:167
2018-09-28 23:34:50.629 6160 DEBUG neutron_lib.callbacks.manager [req-2b1ea94a-7d13-4235-9beb-ffcba3d92130 - - - - -] Notify callbacks ['neutron.services.segments.db._update_segment_host_mapping_for_agent-8738232256682'] for agent, after_update _notify_loop /usr/lib/python2.7/site-packages/neutron_lib/callbacks/manager.py:167
2018-09-28 23:34:57.105 6165 DEBUG neutron_lib.callbacks.manager [req-9ebe519d-ff50-44de-8e6d-11e2b56c49cb - - - - -] Notify callbacks ['neutron.services.segments.db._update_segment_host_mapping_for_agent-8738232256682'] for agent, after_update _notify_loop /usr/lib/python2.7/site-packages/neutron_lib/callbacks/manager.py:167
2018-09-28 23:34:57.380 6144 INFO neutron.wsgi [req-f7570a69-818e-48fa-993b-e5ff1a871613 8c4f0cdb1cda4595ac547e75dbf7fa8a 4e2f2d6394014b80a464d94111b85753 - 00669582552e40a387c1c78ec99ffa82 00669582552e40a387c1c78ec99ffa82] 10.0.20.23 "GET /v2.0/ports?device_id=0ea43be6-d2ec-4f60-9c32-0000bc3b132b HTTP/1.1" status: 200  len: 1123 time: 0.5034161
2018-09-28 23:34:57.498 6144 INFO neutron.wsgi [req-8f33f741-d56b-4e25-b412-6b7a9c3bbd06 8c4f0cdb1cda4595ac547e75dbf7fa8a 4e2f2d6394014b80a464d94111b85753 - 00669582552e40a387c1c78ec99ffa82 00669582552e40a387c1c78ec99ffa82] 10.0.20.23 "GET /v2.0/security-groups?id=e4d332d5-8d31-4e39-af4e-981e45878a3f HTTP/1.1" status: 200  len: 2118 time: 0.1114600
2018-09-28 23:35:08.220 6144 INFO neutron.wsgi [req-fcaf0001-6997-488c-bf8e-6c5bb18c5b8f 8c4f0cdb1cda4595ac547e75dbf7fa8a 4e2f2d6394014b80a464d94111b85753 - 00669582552e40a387c1c78ec99ffa82 00669582552e40a387c1c78ec99ffa82] 10.0.20.23 "GET /v2.0/ports?device_id=0ea43be6-d2ec-4f60-9c32-0000bc3b132b HTTP/1.1" status: 200  len: 1123 time: 0.4655330
2018-09-28 23:35:08.304 6144 INFO neutron.wsgi [req-49db745c-c499-45ee-bc10-8f79d5b540a3 8c4f0cdb1cda4595ac547e75dbf7fa8a 4e2f2d6394014b80a464d94111b85753 - 00669582552e40a387c1c78ec99ffa82 00669582552e40a387c1c78ec99ffa82] 10.0.20.23 "GET /v2.0/security-groups?id=e4d332d5-8d31-4e39-af4e-981e45878a3f HTTP/1.1" status: 200  len: 2118 time: 0.0788360
2018-09-28 23:35:08.803 6146 INFO neutron.wsgi [req-a056deaf-a326-4b78-8869-fbb1e5d9a5fb 10c05a22cea847f7a42d788fe8f1cd2e 368f193974e14846a186e2cbdb34d110 - default default] 10.0.20.23 "GET /v2.0/ports?tenant_id=4e2f2d6394014b80a464d94111b85753&device_id=0ea43be6-d2ec-4f60-9c32-0000bc3b132b HTTP/1.1" status: 200  len: 1123 time: 0.0860791
2018-09-28 23:35:08.993 6146 DEBUG neutron.pecan_wsgi.hooks.policy_enforcement [req-bcefc839-5b1b-4a8a-973c-c7e205a4ebe6 10c05a22cea847f7a42d788fe8f1cd2e 368f193974e14846a186e2cbdb34d110 - default default] Attributes excluded by policy engine: [u'vlan_transparent'] _exclude_attributes_by_policy /usr/lib/python2.7/site-packages/neutron/pecan_wsgi/hooks/policy_enforcement.py:256
2018-09-28 23:35:08.995 6146 INFO neutron.wsgi [req-bcefc839-5b1b-4a8a-973c-c7e205a4ebe6 10c05a22cea847f7a42d788fe8f1cd2e 368f193974e14846a186e2cbdb34d110 - default default] 10.0.20.23 "GET /v2.0/networks?id=a6548147-7d95-4bf6-9fa7-3d84d05bdd8d HTTP/1.1" status: 200  len: 885 time: 0.1852939
2018-09-28 23:35:09.031 6146 INFO neutron.wsgi [req-78eede88-1019-4ea4-abdf-c04c203c5146 10c05a22cea847f7a42d788fe8f1cd2e 368f193974e14846a186e2cbdb34d110 - default default] 10.0.20.23 "GET /v2.0/floatingips?fixed_ip_address=11.82.1.4&port_id=319c6f01-0202-42db-967f-e625988c38e6 HTTP/1.1" status: 200  len: 749 time: 0.0312481
2018-09-28 23:35:09.126 6146 DEBUG neutron.pecan_wsgi.hooks.policy_enforcement [req-684bd495-c388-4d43-92fd-a954c6dcc9d4 10c05a22cea847f7a42d788fe8f1cd2e 368f193974e14846a186e2cbdb34d110 - default default] Attributes excluded by policy engine: [u'shared'] _exclude_attributes_by_policy /usr/lib/python2.7/site-packages/neutron/pecan_wsgi/hooks/policy_enforcement.py:256
