2018-06-30 02:07:00.673 15903 INFO neutron.wsgi [req-f0ffb0e7-a002-46c0-8e1b-71abe9f76619 2381c87c24634e059255e904a45e06ef 0d772b180b3c41e2ae2eba61c236b149 - default default] 10.0.20.26 "GET /v2.0/ports?network_id=cf7c1fae-1c05-4b57-b778-f55d66b6947e&device_owner=network%3Adhcp HTTP/1.1" status: 200  len: 1128 time: 0.1125009
2018-06-30 02:07:00.734 15900 DEBUG neutron.pecan_wsgi.hooks.policy_enforcement [req-275b60e4-2973-4fd9-9c43-6929e6c114ce 2381c87c24634e059255e904a45e06ef 0d772b180b3c41e2ae2eba61c236b149 - default default] Attributes excluded by policy engine: [u'vlan_transparent'] _exclude_attributes_by_policy /usr/lib/python2.7/site-packages/neutron/pecan_wsgi/hooks/policy_enforcement.py:256
2018-06-30 02:07:00.736 15900 INFO neutron.wsgi [req-275b60e4-2973-4fd9-9c43-6929e6c114ce 2381c87c24634e059255e904a45e06ef 0d772b180b3c41e2ae2eba61c236b149 - default default] 10.0.20.26 "GET /v2.0/networks?id=cf7c1fae-1c05-4b57-b778-f55d66b6947e HTTP/1.1" status: 200  len: 885 time: 0.1967170
2018-06-30 02:07:00.782 15900 INFO neutron.wsgi [req-332fe7fe-54c0-41fb-a9d7-6b620579fffd 2381c87c24634e059255e904a45e06ef 0d772b180b3c41e2ae2eba61c236b149 - default default] 10.0.20.26 "GET /v2.0/floatingips?fixed_ip_address=11.234.1.11&port_id=34e689d4-ee5c-41fc-b625-8a4b14a6d04a HTTP/1.1" status: 200  len: 751 time: 0.0390680
2018-06-30 02:07:00.872 15904 DEBUG neutron.wsgi [-] (15904) accepted ('10.0.20.26', 49078) server /usr/lib/python2.7/site-packages/eventlet/wsgi.py:883
2018-06-30 02:07:00.909 15900 DEBUG neutron.pecan_wsgi.hooks.policy_enforcement [req-a2147c1f-5d85-4246-8e1e-96f378f567fe 2381c87c24634e059255e904a45e06ef 0d772b180b3c41e2ae2eba61c236b149 - default default] Attributes excluded by policy engine: [u'shared'] _exclude_attributes_by_policy /usr/lib/python2.7/site-packages/neutron/pecan_wsgi/hooks/policy_enforcement.py:256
2018-06-30 02:07:00.909 15912 DEBUG neutron_lib.callbacks.manager [req-a9d5edb6-9582-4dc0-b93e-5d36e1bf7ed3 - - - - -] Notify callbacks ['neutron.services.segments.db._update_segment_host_mapping_for_agent-8777533338704'] for agent, after_update _notify_loop /usr/lib/python2.7/site-packages/neutron_lib/callbacks/manager.py:167
2018-06-30 02:07:00.911 15900 INFO neutron.wsgi [req-a2147c1f-5d85-4246-8e1e-96f378f567fe 2381c87c24634e059255e904a45e06ef 0d772b180b3c41e2ae2eba61c236b149 - default default] 10.0.20.26 "GET /v2.0/subnets?id=7a3402af-4893-4f68-8498-e9f95a820fd7 HTTP/1.1" status: 200  len: 847 time: 0.1230521
2018-06-30 02:07:01.022 15900 INFO neutron.wsgi [req-5d1c7f44-3a35-4a33-8410-fb3af83b20e2 2381c87c24634e059255e904a45e06ef 0d772b180b3c41e2ae2eba61c236b149 - default default] 10.0.20.26 "GET /v2.0/ports?network_id=cf7c1fae-1c05-4b57-b778-f55d66b6947e&device_owner=network%3Adhcp HTTP/1.1" status: 200  len: 1128 time: 0.1041391
2018-06-30 02:07:01.289 15904 INFO neutron.wsgi [req-3b3108a5-5fa9-4bc5-8ffe-8f7ffcbe0617 2381c87c24634e059255e904a45e06ef 0d772b180b3c41e2ae2eba61c236b149 - default default] 10.0.20.26 "GET /v2.0/ports?device_id=adccc0dc-e236-4a0f-8c4f-a00b22bb7f03 HTTP/1.1" status: 200  len: 1125 time: 0.4159739
2018-06-30 02:07:01.596 15904 INFO neutron.wsgi [req-6b4f6743-a0c4-4f5c-8613-dd615424c6be 2381c87c24634e059255e904a45e06ef 0d772b180b3c41e2ae2eba61c236b149 - default default] 10.0.20.26 "GET /v2.0/security-groups?id=f9f51b89-7f3e-4814-9780-1dff95271308 HTTP/1.1" status: 200  len: 2118 time: 0.2870381
2018-06-30 02:07:02.414 15903 DEBUG oslo_concurrency.lockutils [-] Lock "notifier-084f90d2-4d44-421c-939c-72504521b129" released by "neutron.notifiers.batch_notifier.synced_send" :: held 3.858s inner /usr/lib/python2.7/site-packages/oslo_concurrency/lockutils.py:282
2018-06-30 02:07:07.522 15918 DEBUG neutron_lib.callbacks.manager [req-82b60c96-d90a-4197-8f71-dfd0e152a343 - - - - -] Notify callbacks ['neutron.services.segments.db._update_segment_host_mapping_for_agent-8777533338704'] for agent, after_update _notify_loop /usr/lib/python2.7/site-packages/neutron_lib/callbacks/manager.py:167
2018-06-30 02:07:08.968 15911 DEBUG neutron_lib.callbacks.manager [req-0042bcff-d730-40a8-9dc2-4650edb59c82 - - - - -] Notify callbacks ['neutron.services.segments.db._update_segment_host_mapping_for_agent-8777533338704'] for agent, after_update _notify_loop /usr/lib/python2.7/site-packages/neutron_lib/callbacks/manager.py:167
2018-06-30 02:07:11.933 15906 DEBUG neutron.wsgi [-] (15906) accepted ('10.0.20.26', 49108) server /usr/lib/python2.7/site-packages/eventlet/wsgi.py:883
2018-06-30 02:07:12.949 15906 INFO neutron.wsgi [req-7c23d624-6cb6-4faf-8057-41400ddfe5d8 0d724cd2219046daa6bd16c208cc0efd 3ba372624ef94ca4860e4451f99ff1b6 - df97808196c94d829498e48caefd0d3c df97808196c94d829498e48caefd0d3c] 10.0.20.26 "GET /v2.0/ports?device_id=adccc0dc-e236-4a0f-8c4f-a00b22bb7f03 HTTP/1.1" status: 200  len: 1125 time: 1.0128670
2018-06-30 02:07:13.184 15906 INFO neutron.wsgi [req-52ac6642-8cc9-4983-b984-48f15b062e3c 0d724cd2219046daa6bd16c208cc0efd 3ba372624ef94ca4860e4451f99ff1b6 - df97808196c94d829498e48caefd0d3c df97808196c94d829498e48caefd0d3c] 10.0.20.26 "GET /v2.0/security-groups?id=f9f51b89-7f3e-4814-9780-1dff95271308 HTTP/1.1" status: 200  len: 2118 time: 0.1922810
2018-06-30 02:07:16.905 15920 DEBUG neutron.db.agents_db [req-4e13e4dc-5d56-4311-9165-5e2d994c97b8 - - - - -] Agent healthcheck: found 5 active agents agent_health_check /usr/lib/python2.7/site-packages/neutron/db/agents_db.py:281
2018-06-30 02:07:25.937 15919 DEBUG neutron_lib.callbacks.manager [req-94f97329-0253-4bca-b2b2-57806e68b83c - - - - -] Notify callbacks ['neutron.services.segments.db._update_segment_host_mapping_for_agent-8777533338704'] for agent, after_update _notify_loop /usr/lib/python2.7/site-packages/neutron_lib/callbacks/manager.py:167
2018-06-30 02:07:29.890 15917 DEBUG neutron_lib.callbacks.manager [req-f3020cb5-80bc-43f1-b408-13eb61253ea9 - - - - -] Notify callbacks ['neutron.services.segments.db._update_segment_host_mapping_for_agent-8777533338704'] for agent, after_update _notify_loop /usr/lib/python2.7/site-packages/neutron_lib/callbacks/manager.py:167
2018-06-30 02:07:30.904 15915 DEBUG neutron_lib.callbacks.manager [req-d5054145-7a6f-437c-b81c-dd859d1e37a5 - - - - -] Notify callbacks ['neutron.services.segments.db._update_segment_host_mapping_for_agent-8777533338704'] for agent, after_update _notify_loop /usr/lib/python2.7/site-packages/neutron_lib/callbacks/manager.py:167
2018-06-30 02:07:35.903 15906 INFO neutron.wsgi [req-ec92d4c1-3fa7-406c-8c6b-c76d139f4918 0d724cd2219046daa6bd16c208cc0efd 3ba372624ef94ca4860e4451f99ff1b6 - df97808196c94d829498e48caefd0d3c df97808196c94d829498e48caefd0d3c] 10.0.20.26 "GET /v2.0/ports?device_id=adccc0dc-e236-4a0f-8c4f-a00b22bb7f03 HTTP/1.1" status: 200  len: 1125 time: 0.6477430
2018-06-30 02:07:36.037 15906 INFO neutron.wsgi [req-cc63a242-b05a-402a-80ff-20a6c906e6e5 0d724cd2219046daa6bd16c208cc0efd 3ba372624ef94ca4860e4451f99ff1b6 - df97808196c94d829498e48caefd0d3c df97808196c94d829498e48caefd0d3c] 10.0.20.26 "GET /v2.0/security-groups?id=f9f51b89-7f3e-4814-9780-1dff95271308 HTTP/1.1" status: 200  len: 2118 time: 0.1268761
2018-06-30 02:07:37.509 15913 DEBUG neutron_lib.callbacks.manager [req-54617320-a868-40a0-b945-ecd426d6b168 - - - - -] Notify callbacks ['neutron.services.segments.db._update_segment_host_mapping_for_agent-8777533338704'] for agent, after_update _notify_loop /usr/lib/python2.7/site-packages/neutron_lib/callbacks/manager.py:167
2018-06-30 02:07:38.964 15909 DEBUG neutron_lib.callbacks.manager [req-0042bcff-d730-40a8-9dc2-4650edb59c82 - - - - -] Notify callbacks ['neutron.services.segments.db._update_segment_host_mapping_for_agent-8777533338704'] for agent, after_update _notify_loop /usr/lib/python2.7/site-packages/neutron_lib/callbacks/manager.py:167
2018-06-30 02:07:48.350 15906 INFO neutron.wsgi [req-b9468b48-70c4-4ce1-b7f4-787c7a73e3f4 0d724cd2219046daa6bd16c208cc0efd 3ba372624ef94ca4860e4451f99ff1b6 - df97808196c94d829498e48caefd0d3c df97808196c94d829498e48caefd0d3c] 10.0.20.26 "GET /v2.0/ports?device_id=adccc0dc-e236-4a0f-8c4f-a00b22bb7f03 HTTP/1.1" status: 200  len: 1125 time: 0.3701560
2018-06-30 02:07:48.450 15906 INFO neutron.wsgi [req-e374489f-6c76-4274-a430-f0f93b3c05fe 0d724cd2219046daa6bd16c208cc0efd 3ba372624ef94ca4860e4451f99ff1b6 - df97808196c94d829498e48caefd0d3c df97808196c94d829498e48caefd0d3c] 10.0.20.26 "GET /v2.0/security-groups?id=f9f51b89-7f3e-4814-9780-1dff95271308 HTTP/1.1" status: 200  len: 2118 time: 0.0935681
2018-06-30 02:07:53.915 15920 DEBUG neutron.db.agents_db [req-4e13e4dc-5d56-4311-9165-5e2d994c97b8 - - - - -] Agent healthcheck: found 5 active agents agent_health_check /usr/lib/python2.7/site-packages/neutron/db/agents_db.py:281
2018-06-30 02:07:55.952 15914 DEBUG neutron_lib.callbacks.manager [req-94f97329-0253-4bca-b2b2-57806e68b83c - - - - -] Notify callbacks ['neutron.services.segments.db._update_segment_host_mapping_for_agent-8777533338704'] for agent, after_update _notify_loop /usr/lib/python2.7/site-packages/neutron_lib/callbacks/manager.py:167
2018-06-30 02:07:56.735 15900 INFO neutron.wsgi [req-2cd54d9c-19bf-4b80-8757-5d0a58f45681 2381c87c24634e059255e904a45e06ef 0d772b180b3c41e2ae2eba61c236b149 - default default] 10.0.20.26 "GET /v2.0/ports?tenant_id=3ba372624ef94ca4860e4451f99ff1b6&device_id=adccc0dc-e236-4a0f-8c4f-a00b22bb7f03 HTTP/1.1" status: 200  len: 1125 time: 0.1272020
2018-06-30 02:07:56.963 15900 DEBUG neutron.pecan_wsgi.hooks.policy_enforcement [req-842c5fe5-bbda-4c97-a535-d8bc3ede0013 2381c87c24634e059255e904a45e06ef 0d772b180b3c41e2ae2eba61c236b149 - default default] Attributes excluded by policy engine: [u'vlan_transparent'] _exclude_attributes_by_policy /usr/lib/python2.7/site-packages/neutron/pecan_wsgi/hooks/policy_enforcement.py:256
2018-06-30 02:07:56.965 15900 INFO neutron.wsgi [req-842c5fe5-bbda-4c97-a535-d8bc3ede0013 2381c87c24634e059255e904a45e06ef 0d772b180b3c41e2ae2eba61c236b149 - default default] 10.0.20.26 "GET /v2.0/networks?id=cf7c1fae-1c05-4b57-b778-f55d66b6947e HTTP/1.1" status: 200  len: 885 time: 0.2229681
2018-06-30 02:07:57.014 15900 INFO neutron.wsgi [req-8124a937-c065-44f8-9b1e-4b9dd6cac409 2381c87c24634e059255e904a45e06ef 0d772b180b3c41e2ae2eba61c236b149 - default default] 10.0.20.26 "GET /v2.0/floatingips?fixed_ip_address=11.234.1.11&port_id=34e689d4-ee5c-41fc-b625-8a4b14a6d04a HTTP/1.1" status: 200  len: 751 time: 0.0423331
2018-06-30 02:07:57.136 15900 DEBUG neutron.pecan_wsgi.hooks.policy_enforcement [req-8b58b855-5c42-4157-8fe6-2598f219e731 2381c87c24634e059255e904a45e06ef 0d772b180b3c41e2ae2eba61c236b149 - default default] Attributes excluded by policy engine: [u'shared'] _exclude_attributes_by_policy /usr/lib/python2.7/site-packages/neutron/pecan_wsgi/hooks/policy_enforcement.py:256
2018-06-30 02:07:57.139 15900 INFO neutron.wsgi [req-8b58b855-5c42-4157-8fe6-2598f219e731 2381c87c24634e059255e904a45e06ef 0d772b180b3c41e2ae2eba61c236b149 - default default] 10.0.20.26 "GET /v2.0/subnets?id=7a3402af-4893-4f68-8498-e9f95a820fd7 HTTP/1.1" status: 200  len: 847 time: 0.1190851
2018-06-30 02:07:57.267 15900 INFO neutron.wsgi [req-77f60f72-a1c6-42cd-b5df-861f0f15a692 2381c87c24634e059255e904a45e06ef 0d772b180b3c41e2ae2eba61c236b149 - default default] 10.0.20.26 "GET /v2.0/ports?network_id=cf7c1fae-1c05-4b57-b778-f55d66b6947e&device_owner=network%3Adhcp HTTP/1.1" status: 200  len: 1128 time: 0.1219649
2018-06-30 02:07:59.592 15912 DEBUG neutron_lib.callbacks.manager [req-f3020cb5-80bc-43f1-b408-13eb61253ea9 - - - - -] Notify callbacks ['neutron.services.segments.db._update_segment_host_mapping_for_agent-8777533338704'] for agent, after_update _notify_loop /usr/lib/python2.7/site-packages/neutron_lib/callbacks/manager.py:167
2018-06-30 02:08:00.902 15918 DEBUG neutron_lib.callbacks.manager [req-95a62dcb-392d-43ce-be38-e05b9603bbc8 - - - - -] Notify callbacks ['neutron.services.segments.db._update_segment_host_mapping_for_agent-8777533338704'] for agent, after_update _notify_loop /usr/lib/python2.7/site-packages/neutron_lib/callbacks/manager.py:167
2018-06-30 02:08:04.031 15906 DEBUG neutron.wsgi [-] (15906) accepted ('10.0.20.26', 50314) server /usr/lib/python2.7/site-packages/eventlet/wsgi.py:883
2018-06-30 02:08:05.095 15906 INFO neutron.wsgi [req-1894a9ce-fabd-4e66-8464-228cb8a35324 0d724cd2219046daa6bd16c208cc0efd 3ba372624ef94ca4860e4451f99ff1b6 - df97808196c94d829498e48caefd0d3c df97808196c94d829498e48caefd0d3c] 10.0.20.26 "GET /v2.0/ports?device_id=adccc0dc-e236-4a0f-8c4f-a00b22bb7f03 HTTP/1.1" status: 200  len: 1125 time: 1.0634160
2018-06-30 02:08:05.253 15906 INFO neutron.wsgi [req-d42f5b22-012b-491e-a846-e3eddc4ba72a 0d724cd2219046daa6bd16c208cc0efd 3ba372624ef94ca4860e4451f99ff1b6 - df97808196c94d829498e48caefd0d3c df97808196c94d829498e48caefd0d3c] 10.0.20.26 "GET /v2.0/security-groups?id=f9f51b89-7f3e-4814-9780-1dff95271308 HTTP/1.1" status: 200  len: 2118 time: 0.1341419
2018-06-30 02:08:07.511 15911 DEBUG neutron_lib.callbacks.manager [req-a831d8af-2711-4fae-9509-4ce47fb3b099 - - - - -] Notify callbacks ['neutron.services.segments.db._update_segment_host_mapping_for_agent-8777533338704'] for agent, after_update _notify_loop /usr/lib/python2.7/site-packages/neutron_lib/callbacks/manager.py:167
2018-06-30 02:08:08.969 15919 DEBUG neutron_lib.callbacks.manager [req-0042bcff-d730-40a8-9dc2-4650edb59c82 - - - - -] Notify callbacks ['neutron.services.segments.db._update_segment_host_mapping_for_agent-8777533338704'] for agent, after_update _notify_loop /usr/lib/python2.7/site-packages/neutron_lib/callbacks/manager.py:167
2018-06-30 02:08:13.687 15906 INFO neutron.wsgi [req-ec04644f-b3e2-4acd-8129-6a6b4b7c28fe 0d724cd2219046daa6bd16c208cc0efd 3ba372624ef94ca4860e4451f99ff1b6 - df97808196c94d829498e48caefd0d3c df97808196c94d829498e48caefd0d3c] 10.0.20.26 "GET /v2.0/ports?device_id=adccc0dc-e236-4a0f-8c4f-a00b22bb7f03 HTTP/1.1" status: 200  len: 1125 time: 0.4709511
2018-06-30 02:08:13.792 15906 INFO neutron.wsgi [req-a961c25e-dafe-43a6-ab54-fdf044fc991f 0d724cd2219046daa6bd16c208cc0efd 3ba372624ef94ca4860e4451f99ff1b6 - df97808196c94d829498e48caefd0d3c df97808196c94d829498e48caefd0d3c] 10.0.20.26 "GET /v2.0/security-groups?id=f9f51b89-7f3e-4814-9780-1dff95271308 HTTP/1.1" status: 200  len: 2118 time: 0.0997899
2018-06-30 02:08:25.857 15906 INFO neutron.wsgi [req-e39d3d2b-dc50-4b49-90ee-46351dd84a04 0d724cd2219046daa6bd16c208cc0efd 3ba372624ef94ca4860e4451f99ff1b6 - df97808196c94d829498e48caefd0d3c df97808196c94d829498e48caefd0d3c] 10.0.20.26 "GET /v2.0/ports?device_id=adccc0dc-e236-4a0f-8c4f-a00b22bb7f03 HTTP/1.1" status: 200  len: 1125 time: 0.5448298
2018-06-30 02:08:25.960 15917 DEBUG neutron_lib.callbacks.manager [req-94f97329-0253-4bca-b2b2-57806e68b83c - - - - -] Notify callbacks ['neutron.services.segments.db._update_segment_host_mapping_for_agent-8777533338704'] for agent, after_update _notify_loop /usr/lib/python2.7/site-packages/neutron_lib/callbacks/manager.py:167
2018-06-30 02:08:25.963 15906 INFO neutron.wsgi [req-0d135b1a-1711-466c-be50-5d371fd3015b 0d724cd2219046daa6bd16c208cc0efd 3ba372624ef94ca4860e4451f99ff1b6 - df97808196c94d829498e48caefd0d3c df97808196c94d829498e48caefd0d3c] 10.0.20.26 "GET /v2.0/security-groups?id=f9f51b89-7f3e-4814-9780-1dff95271308 HTTP/1.1" status: 200  len: 2118 time: 0.1001461
2018-06-30 02:08:29.610 15915 DEBUG neutron_lib.callbacks.manager [req-f3020cb5-80bc-43f1-b408-13eb61253ea9 - - - - -] Notify callbacks ['neutron.services.segments.db._update_segment_host_mapping_for_agent-8777533338704'] for agent, after_update _notify_loop /usr/lib/python2.7/site-packages/neutron_lib/callbacks/manager.py:167
2018-06-30 02:08:30.918 15913 DEBUG neutron_lib.callbacks.manager [req-84104ae8-b058-4c1b-a881-27d6098be2c0 - - - - -] Notify callbacks ['neutron.services.segments.db._update_segment_host_mapping_for_agent-8777533338704'] for agent, after_update _notify_loop /usr/lib/python2.7/site-packages/neutron_lib/callbacks/manager.py:167
2018-06-30 02:08:30.919 15920 DEBUG neutron.db.agents_db [req-4e13e4dc-5d56-4311-9165-5e2d994c97b8 - - - - -] Agent healthcheck: found 5 active agents agent_health_check /usr/lib/python2.7/site-packages/neutron/db/agents_db.py:281
2018-06-30 02:08:36.684 15903 INFO neutron.wsgi [req-cb7c0718-305c-4cb9-bea5-d3db21405fe0 0d724cd2219046daa6bd16c208cc0efd 3ba372624ef94ca4860e4451f99ff1b6 - df97808196c94d829498e48caefd0d3c df97808196c94d829498e48caefd0d3c] 10.0.20.26 "GET /v2.0/ports?device_id=adccc0dc-e236-4a0f-8c4f-a00b22bb7f03 HTTP/1.1" status: 200  len: 1125 time: 0.7586629
2018-06-30 02:08:36.808 15903 INFO neutron.wsgi [req-f0f52c94-d59c-4cad-af51-155527c3dd95 0d724cd2219046daa6bd16c208cc0efd 3ba372624ef94ca4860e4451f99ff1b6 - df97808196c94d829498e48caefd0d3c df97808196c94d829498e48caefd0d3c] 10.0.20.26 "GET /v2.0/security-groups?id=f9f51b89-7f3e-4814-9780-1dff95271308 HTTP/1.1" status: 200  len: 2118 time: 0.1168320
2018-06-30 02:08:37.544 15909 DEBUG neutron_lib.callbacks.manager [req-cddb2c16-20c7-40c2-ad32-83b2fb899a65 - - - - -] Notify callbacks ['neutron.services.segments.db._update_segment_host_mapping_for_agent-8777533338704'] for agent, after_update _notify_loop /usr/lib/python2.7/site-packages/neutron_lib/callbacks/manager.py:167
2018-06-30 02:08:39.060 15914 DEBUG neutron_lib.callbacks.manager [req-0042bcff-d730-40a8-9dc2-4650edb59c82 - - - - -] Notify callbacks ['neutron.services.segments.db._update_segment_host_mapping_for_agent-8777533338704'] for agent, after_update _notify_loop /usr/lib/python2.7/site-packages/neutron_lib/callbacks/manager.py:167
2018-06-30 02:08:49.223 15903 INFO neutron.wsgi [req-481d564a-d1a0-43b9-91f6-efe580412178 0d724cd2219046daa6bd16c208cc0efd 3ba372624ef94ca4860e4451f99ff1b6 - df97808196c94d829498e48caefd0d3c df97808196c94d829498e48caefd0d3c] 10.0.20.26 "GET /v2.0/ports?device_id=adccc0dc-e236-4a0f-8c4f-a00b22bb7f03 HTTP/1.1" status: 200  len: 1125 time: 0.6422300
2018-06-30 02:08:49.341 15903 INFO neutron.wsgi [req-128ee004-621a-46d0-a1c0-27e562379b26 0d724cd2219046daa6bd16c208cc0efd 3ba372624ef94ca4860e4451f99ff1b6 - df97808196c94d829498e48caefd0d3c df97808196c94d829498e48caefd0d3c] 10.0.20.26 "GET /v2.0/security-groups?id=f9f51b89-7f3e-4814-9780-1dff95271308 HTTP/1.1" status: 200  len: 2118 time: 0.1120071
2018-06-30 02:08:55.942 15912 DEBUG neutron_lib.callbacks.manager [req-94f97329-0253-4bca-b2b2-57806e68b83c - - - - -] Notify callbacks ['neutron.services.segments.db._update_segment_host_mapping_for_agent-8777533338704'] for agent, after_update _notify_loop /usr/lib/python2.7/site-packages/neutron_lib/callbacks/manager.py:167
2018-06-30 02:08:56.732 15900 INFO neutron.wsgi [req-f723a2af-d271-4a34-b66a-f81f8cb98c7d 2381c87c24634e059255e904a45e06ef 0d772b180b3c41e2ae2eba61c236b149 - default default] 10.0.20.26 "GET /v2.0/ports?tenant_id=3ba372624ef94ca4860e4451f99ff1b6&device_id=adccc0dc-e236-4a0f-8c4f-a00b22bb7f03 HTTP/1.1" status: 200  len: 1125 time: 0.1079500
2018-06-30 02:08:57.001 15900 DEBUG neutron.pecan_wsgi.hooks.policy_enforcement [req-53aea945-10ee-4aed-b2a5-a270f8c80be6 2381c87c24634e059255e904a45e06ef 0d772b180b3c41e2ae2eba61c236b149 - default default] Attributes excluded by policy engine: [u'vlan_transparent'] _exclude_attributes_by_policy /usr/lib/python2.7/site-packages/neutron/pecan_wsgi/hooks/policy_enforcement.py:256
2018-06-30 02:08:57.005 15900 INFO neutron.wsgi [req-53aea945-10ee-4aed-b2a5-a270f8c80be6 2381c87c24634e059255e904a45e06ef 0d772b180b3c41e2ae2eba61c236b149 - default default] 10.0.20.26 "GET /v2.0/networks?id=cf7c1fae-1c05-4b57-b778-f55d66b6947e HTTP/1.1" status: 200  len: 885 time: 0.2680140
2018-06-30 02:08:57.060 15900 INFO neutron.wsgi [req-e38045f9-f1e9-4802-a65c-5400c110e13e 2381c87c24634e059255e904a45e06ef 0d772b180b3c41e2ae2eba61c236b149 - default default] 10.0.20.26 "GET /v2.0/floatingips?fixed_ip_address=11.234.1.11&port_id=34e689d4-ee5c-41fc-b625-8a4b14a6d04a HTTP/1.1" status: 200  len: 751 time: 0.0474210
2018-06-30 02:08:57.194 15900 DEBUG neutron.pecan_wsgi.hooks.policy_enforcement [req-ef74cf8a-e836-457b-9d88-df687c1451d3 2381c87c24634e059255e904a45e06ef 0d772b180b3c41e2ae2eba61c236b149 - default default] Attributes excluded by policy engine: [u'shared'] _exclude_attributes_by_policy /usr/lib/python2.7/site-packages/neutron/pecan_wsgi/hooks/policy_enforcement.py:256
2018-06-30 02:08:57.198 15900 INFO neutron.wsgi [req-ef74cf8a-e836-457b-9d88-df687c1451d3 2381c87c24634e059255e904a45e06ef 0d772b180b3c41e2ae2eba61c236b149 - default default] 10.0.20.26 "GET /v2.0/subnets?id=7a3402af-4893-4f68-8498-e9f95a820fd7 HTTP/1.1" status: 200  len: 847 time: 0.1327009
2018-06-30 02:08:57.343 15900 INFO neutron.wsgi [req-f90bfd1c-c191-4e9f-bdbb-dfb3585c16ad 2381c87c24634e059255e904a45e06ef 0d772b180b3c41e2ae2eba61c236b149 - default default] 10.0.20.26 "GET /v2.0/ports?network_id=cf7c1fae-1c05-4b57-b778-f55d66b6947e&device_owner=network%3Adhcp HTTP/1.1" status: 200  len: 1128 time: 0.1386328
2018-06-30 02:08:59.601 15918 DEBUG neutron_lib.callbacks.manager [req-f3020cb5-80bc-43f1-b408-13eb61253ea9 - - - - -] Notify callbacks ['neutron.services.segments.db._update_segment_host_mapping_for_agent-8777533338704'] for agent, after_update _notify_loop /usr/lib/python2.7/site-packages/neutron_lib/callbacks/manager.py:167
2018-06-30 02:09:00.917 15911 DEBUG neutron_lib.callbacks.manager [req-b55a49e5-e90a-42b3-82b9-2f121b5f3628 - - - - -] Notify callbacks ['neutron.services.segments.db._update_segment_host_mapping_for_agent-8777533338704'] for agent, after_update _notify_loop /usr/lib/python2.7/site-packages/neutron_lib/callbacks/manager.py:167
2018-06-30 02:09:07.341 15903 INFO neutron.wsgi [req-c5ad70f5-07ab-4ef9-bffe-2c418092a494 0d724cd2219046daa6bd16c208cc0efd 3ba372624ef94ca4860e4451f99ff1b6 - df97808196c94d829498e48caefd0d3c df97808196c94d829498e48caefd0d3c] 10.0.20.26 "GET /v2.0/ports?device_id=adccc0dc-e236-4a0f-8c4f-a00b22bb7f03 HTTP/1.1" status: 200  len: 1125 time: 1.0254440
2018-06-30 02:09:07.464 15903 INFO neutron.wsgi [req-071383e5-5ea3-4a46-9ad6-1690cf3a734f 0d724cd2219046daa6bd16c208cc0efd 3ba372624ef94ca4860e4451f99ff1b6 - df97808196c94d829498e48caefd0d3c df97808196c94d829498e48caefd0d3c] 10.0.20.26 "GET /v2.0/security-groups?id=f9f51b89-7f3e-4814-9780-1dff95271308 HTTP/1.1" status: 200  len: 2118 time: 0.1170290
2018-06-30 02:09:07.516 15919 DEBUG neutron_lib.callbacks.manager [req-57efd44d-396d-463a-ba38-578f315250a1 - - - - -] Notify callbacks ['neutron.services.segments.db._update_segment_host_mapping_for_agent-8777533338704'] for agent, after_update _notify_loop /usr/lib/python2.7/site-packages/neutron_lib/callbacks/manager.py:167
2018-06-30 02:09:07.923 15920 DEBUG neutron.db.agents_db [req-4e13e4dc-5d56-4311-9165-5e2d994c97b8 - - - - -] Agent healthcheck: found 5 active agents agent_health_check /usr/lib/python2.7/site-packages/neutron/db/agents_db.py:281
2018-06-30 02:09:08.960 15917 DEBUG neutron_lib.callbacks.manager [req-0042bcff-d730-40a8-9dc2-4650edb59c82 - - - - -] Notify callbacks ['neutron.services.segments.db._update_segment_host_mapping_for_agent-8777533338704'] for agent, after_update _notify_loop /usr/lib/python2.7/site-packages/neutron_lib/callbacks/manager.py:167
2018-06-30 02:09:20.197 15906 INFO neutron.wsgi [req-48e7f1f9-53dc-47a7-b06c-d15a75ab3643 0d724cd2219046daa6bd16c208cc0efd 3ba372624ef94ca4860e4451f99ff1b6 - df97808196c94d829498e48caefd0d3c df97808196c94d829498e48caefd0d3c] 10.0.20.26 "GET /v2.0/ports?device_id=adccc0dc-e236-4a0f-8c4f-a00b22bb7f03 HTTP/1.1" status: 200  len: 1125 time: 0.7477200
2018-06-30 02:09:20.341 15906 INFO neutron.wsgi [req-e431abad-a113-4810-9356-211d84a514bc 0d724cd2219046daa6bd16c208cc0efd 3ba372624ef94ca4860e4451f99ff1b6 - df97808196c94d829498e48caefd0d3c df97808196c94d829498e48caefd0d3c] 10.0.20.26 "GET /v2.0/security-groups?id=f9f51b89-7f3e-4814-9780-1dff95271308 HTTP/1.1" status: 200  len: 2118 time: 0.1346710
2018-06-30 02:09:21.499 15900 INFO neutron.wsgi [req-fcd47dc2-5dc4-4839-8796-e73811417e29 2381c87c24634e059255e904a45e06ef 0d772b180b3c41e2ae2eba61c236b149 - default default] 10.0.20.26 "GET /v2.0/ports?tenant_id=3ba372624ef94ca4860e4451f99ff1b6&device_id=adccc0dc-e236-4a0f-8c4f-a00b22bb7f03 HTTP/1.1" status: 200  len: 1125 time: 0.1664069
2018-06-30 02:09:21.821 15900 DEBUG neutron.pecan_wsgi.hooks.policy_enforcement [req-43dcfdae-eff5-46c3-a280-b0d54dc46091 2381c87c24634e059255e904a45e06ef 0d772b180b3c41e2ae2eba61c236b149 - default default] Attributes excluded by policy engine: [u'vlan_transparent'] _exclude_attributes_by_policy /usr/lib/python2.7/site-packages/neutron/pecan_wsgi/hooks/policy_enforcement.py:256
2018-06-30 02:09:21.825 15900 INFO neutron.wsgi [req-43dcfdae-eff5-46c3-a280-b0d54dc46091 2381c87c24634e059255e904a45e06ef 0d772b180b3c41e2ae2eba61c236b149 - default default] 10.0.20.26 "GET /v2.0/networks?id=cf7c1fae-1c05-4b57-b778-f55d66b6947e HTTP/1.1" status: 200  len: 885 time: 0.3188109
2018-06-30 02:09:21.893 15900 INFO neutron.wsgi [req-4141e2ec-7b70-4e44-a1cb-22afddc1abf3 2381c87c24634e059255e904a45e06ef 0d772b180b3c41e2ae2eba61c236b149 - default default] 10.0.20.26 "GET /v2.0/floatingips?fixed_ip_address=11.234.1.11&port_id=34e689d4-ee5c-41fc-b625-8a4b14a6d04a HTTP/1.1" status: 200  len: 751 time: 0.0606551
2018-06-30 02:09:22.050 15900 DEBUG neutron.pecan_wsgi.hooks.policy_enforcement [req-b41d51cc-7cb2-426b-9ddf-fb5e86245f06 2381c87c24634e059255e904a45e06ef 0d772b180b3c41e2ae2eba61c236b149 - default default] Attributes excluded by policy engine: [u'shared'] _exclude_attributes_by_policy /usr/lib/python2.7/site-packages/neutron/pecan_wsgi/hooks/policy_enforcement.py:256
2018-06-30 02:09:22.053 15900 INFO neutron.wsgi [req-b41d51cc-7cb2-426b-9ddf-fb5e86245f06 2381c87c24634e059255e904a45e06ef 0d772b180b3c41e2ae2eba61c236b149 - default default] 10.0.20.26 "GET /v2.0/subnets?id=7a3402af-4893-4f68-8498-e9f95a820fd7 HTTP/1.1" status: 200  len: 847 time: 0.1517360
2018-06-30 02:09:22.517 15900 INFO neutron.wsgi [req-7e50c05f-8484-4a3f-ae19-a6aa47d6c757 2381c87c24634e059255e904a45e06ef 0d772b180b3c41e2ae2eba61c236b149 - default default] 10.0.20.26 "GET /v2.0/ports?network_id=cf7c1fae-1c05-4b57-b778-f55d66b6947e&device_owner=network%3Adhcp HTTP/1.1" status: 200  len: 1128 time: 0.4553900
2018-06-30 02:09:23.898 15911 DEBUG neutron.plugins.ml2.rpc [req-94f97329-0253-4bca-b2b2-57806e68b83c - - - - -] Device 34e689d4-ee5c-41fc-b625-8a4b14a6d04a no longer exists at agent ovs-agent-localhost.localdomain update_device_down /usr/lib/python2.7/site-packages/neutron/plugins/ml2/rpc.py:213
2018-06-30 02:09:24.106 15911 DEBUG neutron_lib.callbacks.manager [req-94f97329-0253-4bca-b2b2-57806e68b83c - - - - -] Notify callbacks ['neutron.plugins.ml2.plugin.Ml2Plugin._ensure_default_security_group_handler--9223372036853903222'] for port, before_update _notify_loop /usr/lib/python2.7/site-packages/neutron_lib/callbacks/manager.py:167
2018-06-30 02:09:24.217 15911 DEBUG oslo_concurrency.lockutils [-] Lock "notifier-084f90d2-4d44-421c-939c-72504521b129" acquired by "neutron.notifiers.batch_notifier.synced_send" :: waited 0.000s inner /usr/lib/python2.7/site-packages/oslo_concurrency/lockutils.py:270
2018-06-30 02:09:24.219 15911 DEBUG neutron.notifiers.nova [-] Sending events: [{'status': 'completed', 'tag': u'34e689d4-ee5c-41fc-b625-8a4b14a6d04a', 'name': 'network-vif-unplugged', 'server_uuid': u'adccc0dc-e236-4a0f-8c4f-a00b22bb7f03'}] send_events /usr/lib/python2.7/site-packages/neutron/notifiers/nova.py:242
2018-06-30 02:09:24.234 15911 DEBUG neutron.plugins.ml2.db [req-94f97329-0253-4bca-b2b2-57806e68b83c - - - - -] For port 34e689d4-ee5c-41fc-b625-8a4b14a6d04a, host localhost.localdomain, got binding levels [<neutron.plugins.ml2.models.PortBindingLevel[object at 7fbadaf7fb50] {port_id=u'34e689d4-ee5c-41fc-b625-8a4b14a6d04a', host=u'localhost.localdomain', level=0, driver=u'openvswitch', segment_id=u'82721c43-8c0a-4896-8b4f-c41af655cd0e'}>] get_binding_levels /usr/lib/python2.7/site-packages/neutron/plugins/ml2/db.py:106
2018-06-30 02:09:24.244 15911 DEBUG neutron_lib.callbacks.manager [req-94f97329-0253-4bca-b2b2-57806e68b83c - - - - -] Notify callbacks ['neutron.plugins.ml2.plugin.Ml2Plugin.notify_sg_on_port_change-872703', 'neutron.db.l3_dvrscheduler_db._notify_l3_agent_port_update--9223363259321797922', 'neutron.db.l3_hascheduler_db._notify_l3_agent_ha_port_update-8777532978226', 'neutron.plugins.ml2.ovo_rpc._ObjectChangeHandler.handle_event-7958648', 'neutron.api.rpc.agentnotifiers.dhcp_rpc_agent_api.DhcpAgentNotifyAPI._native_event_send_dhcp_notification--9223372036846733563'] for port, after_update _notify_loop /usr/lib/python2.7/site-packages/neutron_lib/callbacks/manager.py:167
2018-06-30 02:09:24.596 15911 DEBUG oslo_concurrency.lockutils [-] Lock "event-dispatch" acquired by "neutron.plugins.ml2.ovo_rpc.dispatch_events" :: waited 0.000s inner /usr/lib/python2.7/site-packages/oslo_concurrency/lockutils.py:270
2018-06-30 02:09:24.730 15911 DEBUG neutron.api.rpc.handlers.resources_rpc [req-94f97329-0253-4bca-b2b2-57806e68b83c - - - - -] neutron.api.rpc.handlers.resources_rpc.ResourcesPushRpcApi method push called with arguments (<neutron_lib.context.Context object at 0x7fbadaea5e90>, [Port(admin_state_up=True,allowed_address_pairs=[],binding=PortBinding,binding_levels=[PortBindingLevel],created_at=2018-06-30T00:05:55Z,data_plane_status=<?>,description='',device_id='adccc0dc-e236-4a0f-8c4f-a00b22bb7f03',device_owner='compute:nova',dhcp_options=[],distributed_binding=None,dns=None,fixed_ips=[IPAllocation],id=34e689d4-ee5c-41fc-b625-8a4b14a6d04a,mac_address=fa:16:3e:62:d3:0a,name='',network_id=cf7c1fae-1c05-4b57-b778-f55d66b6947e,project_id='3ba372624ef94ca4860e4451f99ff1b6',qos_policy_id=None,revision_number=7,security=PortSecurity(34e689d4-ee5c-41fc-b625-8a4b14a6d04a),security_group_ids=set([f9f51b89-7f3e-4814-9780-1dff95271308]),status='DOWN',updated_at=2018-06-30T00:09:24Z)], 'updated') {} wrapper /usr/lib/python2.7/site-packages/oslo_log/helpers.py:66
2018-06-30 02:09:24.747 15911 DEBUG neutron.api.rpc.callbacks.version_manager [req-94f97329-0253-4bca-b2b2-57806e68b83c - - - - -] Version for resource type Subnet changed None to 1.0 on consumer Open vSwitch agent@localhost.localdomain _set_version /usr/lib/python2.7/site-packages/neutron/api/rpc/callbacks/version_manager.py:119
2018-06-30 02:09:24.747 15911 DEBUG neutron.api.rpc.callbacks.version_manager [req-94f97329-0253-4bca-b2b2-57806e68b83c - - - - -] Version for resource type Network changed None to 1.0 on consumer Open vSwitch agent@localhost.localdomain _set_version /usr/lib/python2.7/site-packages/neutron/api/rpc/callbacks/version_manager.py:119
2018-06-30 02:09:24.748 15911 DEBUG neutron.api.rpc.callbacks.version_manager [req-94f97329-0253-4bca-b2b2-57806e68b83c - - - - -] Version for resource type SubPort changed None to 1.0 on consumer Open vSwitch agent@localhost.localdomain _set_version /usr/lib/python2.7/site-packages/neutron/api/rpc/callbacks/version_manager.py:119
2018-06-30 02:09:24.748 15911 DEBUG neutron.api.rpc.callbacks.version_manager [req-94f97329-0253-4bca-b2b2-57806e68b83c - - - - -] Version for resource type SecurityGroup changed None to 1.0 on consumer Open vSwitch agent@localhost.localdomain _set_version /usr/lib/python2.7/site-packages/neutron/api/rpc/callbacks/version_manager.py:119
2018-06-30 02:09:24.755 15911 DEBUG neutron.api.rpc.callbacks.version_manager [req-94f97329-0253-4bca-b2b2-57806e68b83c - - - - -] Version for resource type SecurityGroupRule changed None to 1.0 on consumer Open vSwitch agent@localhost.localdomain _set_version /usr/lib/python2.7/site-packages/neutron/api/rpc/callbacks/version_manager.py:119
2018-06-30 02:09:24.756 15911 DEBUG neutron.api.rpc.callbacks.version_manager [req-94f97329-0253-4bca-b2b2-57806e68b83c - - - - -] Version for resource type Trunk changed None to 1.1 on consumer Open vSwitch agent@localhost.localdomain _set_version /usr/lib/python2.7/site-packages/neutron/api/rpc/callbacks/version_manager.py:119
2018-06-30 02:09:24.757 15911 DEBUG neutron.api.rpc.callbacks.version_manager [req-94f97329-0253-4bca-b2b2-57806e68b83c - - - - -] Version for resource type QosPolicy changed None to 1.6 on consumer Open vSwitch agent@localhost.localdomain _set_version /usr/lib/python2.7/site-packages/neutron/api/rpc/callbacks/version_manager.py:119
2018-06-30 02:09:24.758 15911 DEBUG neutron.api.rpc.callbacks.version_manager [req-94f97329-0253-4bca-b2b2-57806e68b83c - - - - -] Version for resource type Port changed None to 1.1 on consumer Open vSwitch agent@localhost.localdomain _set_version /usr/lib/python2.7/site-packages/neutron/api/rpc/callbacks/version_manager.py:119
2018-06-30 02:09:24.758 15911 DEBUG neutron.api.rpc.callbacks.version_manager [req-94f97329-0253-4bca-b2b2-57806e68b83c - - - - -] Version for resource type Log changed None to 1.0 on consumer Open vSwitch agent@localhost.localdomain _set_version /usr/lib/python2.7/site-packages/neutron/api/rpc/callbacks/version_manager.py:119
2018-06-30 02:09:24.762 15911 DEBUG neutron.api.rpc.callbacks.version_manager [req-94f97329-0253-4bca-b2b2-57806e68b83c - - - - -] Tracked resource versions report:
pushed versions:
{   'Log': set(['1.0']),
    'Network': set(['1.0']),
    'Port': set(['1.1']),
    'QosPolicy': set(['1.6']),
    'SecurityGroup': set(['1.0']),
    'SecurityGroupRule': set(['1.0']),
    'SubPort': set(['1.0']),
    'Subnet': set(['1.0']),
    'Trunk': set(['1.1'])}

consumer versions:
{   DHCP agent@localhost.localdomain: {   },
    L3 agent@localhost.localdomain: {   },
    Metadata agent@localhost.localdomain: {   },
    Metering agent@localhost.localdomain: {   },
    Open vSwitch agent@localhost.localdomain: {   u'Log': u'1.0',
                                                  u'Network': u'1.0',
                                                  u'Port': u'1.1',
                                                  u'QosPolicy': u'1.6',
                                                  u'SecurityGroup': u'1.0',
                                                  u'SecurityGroupRule': u'1.0',
                                                  u'SubPort': u'1.0',
                                                  u'Subnet': u'1.0',
                                                  u'Trunk': u'1.1'}}
 report /usr/lib/python2.7/site-packages/neutron/api/rpc/callbacks/version_manager.py:178
2018-06-30 02:09:24.781 15911 DEBUG oslo_concurrency.lockutils [req-94f97329-0253-4bca-b2b2-57806e68b83c - - - - -] Lock "event-dispatch" released by "neutron.plugins.ml2.ovo_rpc.dispatch_events" :: held 0.185s inner /usr/lib/python2.7/site-packages/oslo_concurrency/lockutils.py:282
2018-06-30 02:09:25.416 15911 DEBUG novaclient.v2.client [-] REQ: curl -g -i -X POST http://10.0.20.26:8774/v2.1/0d772b180b3c41e2ae2eba61c236b149/os-server-external-events -H "User-Agent: python-novaclient" -H "Content-Type: application/json" -H "Accept: application/json" -H "X-OpenStack-Nova-API-Version: 2.1" -H "X-Auth-Token: {SHA1}203ed071506b735f5adefa38127e171c37c62ac6" -d '{"events": [{"status": "completed", "tag": "34e689d4-ee5c-41fc-b625-8a4b14a6d04a", "name": "network-vif-unplugged", "server_uuid": "adccc0dc-e236-4a0f-8c4f-a00b22bb7f03"}]}' _http_log_request /usr/lib/python2.7/site-packages/keystoneauth1/session.py:375
2018-06-30 02:09:25.894 15911 DEBUG novaclient.v2.client [-] RESP: [200] Content-Length: 185 Content-Type: application/json Openstack-Api-Version: compute 2.1 X-Openstack-Nova-Api-Version: 2.1 Vary: OpenStack-API-Version, X-OpenStack-Nova-API-Version X-Openstack-Request-Id: req-1869583c-bc70-4afa-a157-9e1b518e9b78 X-Compute-Request-Id: req-1869583c-bc70-4afa-a157-9e1b518e9b78 Date: Sat, 30 Jun 2018 00:09:25 GMT Connection: keep-alive 
RESP BODY: {"events": [{"status": "completed", "tag": "34e689d4-ee5c-41fc-b625-8a4b14a6d04a", "name": "network-vif-unplugged", "server_uuid": "adccc0dc-e236-4a0f-8c4f-a00b22bb7f03", "code": 200}]}
 _http_log_response /usr/lib/python2.7/site-packages/keystoneauth1/session.py:423
2018-06-30 02:09:25.895 15911 DEBUG novaclient.v2.client [-] POST call to compute for http://10.0.20.26:8774/v2.1/0d772b180b3c41e2ae2eba61c236b149/os-server-external-events used request id req-1869583c-bc70-4afa-a157-9e1b518e9b78 request /usr/lib/python2.7/site-packages/keystoneauth1/session.py:727
2018-06-30 02:09:25.901 15911 INFO neutron.notifiers.nova [-] Nova event response: {u'status': u'completed', u'tag': u'34e689d4-ee5c-41fc-b625-8a4b14a6d04a', u'name': u'network-vif-unplugged', u'server_uuid': u'adccc0dc-e236-4a0f-8c4f-a00b22bb7f03', u'code': 200}
2018-06-30 02:09:25.961 15915 DEBUG neutron_lib.callbacks.manager [req-94f97329-0253-4bca-b2b2-57806e68b83c - - - - -] Notify callbacks ['neutron.services.segments.db._update_segment_host_mapping_for_agent-8777533338704'] for agent, after_update _notify_loop /usr/lib/python2.7/site-packages/neutron_lib/callbacks/manager.py:167
2018-06-30 02:09:27.903 15911 DEBUG oslo_concurrency.lockutils [-] Lock "notifier-084f90d2-4d44-421c-939c-72504521b129" released by "neutron.notifiers.batch_notifier.synced_send" :: held 3.685s inner /usr/lib/python2.7/site-packages/oslo_concurrency/lockutils.py:282
2018-06-30 02:09:29.633 15913 DEBUG neutron_lib.callbacks.manager [req-f3020cb5-80bc-43f1-b408-13eb61253ea9 - - - - -] Notify callbacks ['neutron.services.segments.db._update_segment_host_mapping_for_agent-8777533338704'] for agent, after_update _notify_loop /usr/lib/python2.7/site-packages/neutron_lib/callbacks/manager.py:167
2018-06-30 02:09:29.692 15900 INFO neutron.wsgi [req-0c09ee4a-d71e-4593-8085-9c422f61449e 0d724cd2219046daa6bd16c208cc0efd 3ba372624ef94ca4860e4451f99ff1b6 - df97808196c94d829498e48caefd0d3c df97808196c94d829498e48caefd0d3c] 10.0.20.26 "GET /v2.0/ports?device_id=adccc0dc-e236-4a0f-8c4f-a00b22bb7f03 HTTP/1.1" status: 200  len: 1123 time: 0.8615880
2018-06-30 02:09:29.931 15900 INFO neutron.wsgi [req-c3c1ffb0-f2b1-459e-abd1-be369fa7b0c2 0d724cd2219046daa6bd16c208cc0efd 3ba372624ef94ca4860e4451f99ff1b6 - df97808196c94d829498e48caefd0d3c df97808196c94d829498e48caefd0d3c] 10.0.20.26 "GET /v2.0/security-groups?id=f9f51b89-7f3e-4814-9780-1dff95271308 HTTP/1.1" status: 200  len: 2118 time: 0.2307770
2018-06-30 02:09:30.025 15915 DEBUG neutron.plugins.ml2.rpc [req-94f97329-0253-4bca-b2b2-57806e68b83c - - - - -] Device 34e689d4-ee5c-41fc-b625-8a4b14a6d04a up at agent ovs-agent-localhost.localdomain update_device_up /usr/lib/python2.7/site-packages/neutron/plugins/ml2/rpc.py:244
2018-06-30 02:09:30.153 15915 DEBUG neutron.db.provisioning_blocks [req-94f97329-0253-4bca-b2b2-57806e68b83c - - - - -] Provisioning complete for port 34e689d4-ee5c-41fc-b625-8a4b14a6d04a triggered by entity L2. provisioning_complete /usr/lib/python2.7/site-packages/neutron/db/provisioning_blocks.py:138
2018-06-30 02:09:30.154 15915 DEBUG neutron_lib.callbacks.manager [req-94f97329-0253-4bca-b2b2-57806e68b83c - - - - -] Notify callbacks ['neutron.plugins.ml2.plugin.Ml2Plugin._port_provisioned-672206'] for port, provisioning_complete _notify_loop /usr/lib/python2.7/site-packages/neutron_lib/callbacks/manager.py:167
2018-06-30 02:09:30.366 15915 DEBUG neutron_lib.callbacks.manager [req-94f97329-0253-4bca-b2b2-57806e68b83c - - - - -] Notify callbacks ['neutron.plugins.ml2.plugin.Ml2Plugin._ensure_default_security_group_handler--9223372036853903222'] for port, before_update _notify_loop /usr/lib/python2.7/site-packages/neutron_lib/callbacks/manager.py:167
2018-06-30 02:09:30.511 15915 DEBUG neutron.plugins.ml2.db [req-94f97329-0253-4bca-b2b2-57806e68b83c - - - - -] For port 34e689d4-ee5c-41fc-b625-8a4b14a6d04a, host localhost.localdomain, got binding levels [<neutron.plugins.ml2.models.PortBindingLevel[object at 7fbadb043fd0] {port_id=u'34e689d4-ee5c-41fc-b625-8a4b14a6d04a', host=u'localhost.localdomain', level=0, driver=u'openvswitch', segment_id=u'82721c43-8c0a-4896-8b4f-c41af655cd0e'}>] get_binding_levels /usr/lib/python2.7/site-packages/neutron/plugins/ml2/db.py:106
2018-06-30 02:09:30.514 15915 DEBUG oslo_concurrency.lockutils [-] Lock "notifier-084f90d2-4d44-421c-939c-72504521b129" acquired by "neutron.notifiers.batch_notifier.synced_send" :: waited 0.000s inner /usr/lib/python2.7/site-packages/oslo_concurrency/lockutils.py:270
2018-06-30 02:09:30.520 15915 DEBUG neutron.notifiers.nova [-] Sending events: [{'status': 'completed', 'tag': u'34e689d4-ee5c-41fc-b625-8a4b14a6d04a', 'name': 'network-vif-plugged', 'server_uuid': u'adccc0dc-e236-4a0f-8c4f-a00b22bb7f03'}] send_events /usr/lib/python2.7/site-packages/neutron/notifiers/nova.py:242
2018-06-30 02:09:30.567 15915 DEBUG neutron_lib.callbacks.manager [req-94f97329-0253-4bca-b2b2-57806e68b83c - - - - -] Notify callbacks ['neutron.plugins.ml2.plugin.Ml2Plugin.notify_sg_on_port_change-872703', 'neutron.db.l3_dvrscheduler_db._notify_l3_agent_port_update--9223363259321797922', 'neutron.db.l3_hascheduler_db._notify_l3_agent_ha_port_update-8777532978226', 'neutron.plugins.ml2.ovo_rpc._ObjectChangeHandler.handle_event-7958648', 'neutron.api.rpc.agentnotifiers.dhcp_rpc_agent_api.DhcpAgentNotifyAPI._native_event_send_dhcp_notification--9223372036846733563'] for port, after_update _notify_loop /usr/lib/python2.7/site-packages/neutron_lib/callbacks/manager.py:167
2018-06-30 02:09:30.940 15909 DEBUG neutron_lib.callbacks.manager [req-d781db05-eb50-4650-9ed5-c3a3fe2efc61 - - - - -] Notify callbacks ['neutron.services.segments.db._update_segment_host_mapping_for_agent-8777533338704'] for agent, after_update _notify_loop /usr/lib/python2.7/site-packages/neutron_lib/callbacks/manager.py:167
2018-06-30 02:09:30.964 15915 DEBUG oslo_concurrency.lockutils [-] Lock "event-dispatch" acquired by "neutron.plugins.ml2.ovo_rpc.dispatch_events" :: waited 0.000s inner /usr/lib/python2.7/site-packages/oslo_concurrency/lockutils.py:270
2018-06-30 02:09:31.140 15915 DEBUG neutron.api.rpc.handlers.resources_rpc [req-94f97329-0253-4bca-b2b2-57806e68b83c - - - - -] neutron.api.rpc.handlers.resources_rpc.ResourcesPushRpcApi method push called with arguments (<neutron_lib.context.Context object at 0x7fbadae41c50>, [Port(admin_state_up=True,allowed_address_pairs=[],binding=PortBinding,binding_levels=[PortBindingLevel],created_at=2018-06-30T00:05:55Z,data_plane_status=<?>,description='',device_id='adccc0dc-e236-4a0f-8c4f-a00b22bb7f03',device_owner='compute:nova',dhcp_options=[],distributed_binding=None,dns=None,fixed_ips=[IPAllocation],id=34e689d4-ee5c-41fc-b625-8a4b14a6d04a,mac_address=fa:16:3e:62:d3:0a,name='',network_id=cf7c1fae-1c05-4b57-b778-f55d66b6947e,project_id='3ba372624ef94ca4860e4451f99ff1b6',qos_policy_id=None,revision_number=8,security=PortSecurity(34e689d4-ee5c-41fc-b625-8a4b14a6d04a),security_group_ids=set([f9f51b89-7f3e-4814-9780-1dff95271308]),status='ACTIVE',updated_at=2018-06-30T00:09:30Z)], 'updated') {} wrapper /usr/lib/python2.7/site-packages/oslo_log/helpers.py:66
2018-06-30 02:09:31.154 15915 DEBUG neutron.api.rpc.callbacks.version_manager [req-94f97329-0253-4bca-b2b2-57806e68b83c - - - - -] Version for resource type Subnet changed None to 1.0 on consumer Open vSwitch agent@localhost.localdomain _set_version /usr/lib/python2.7/site-packages/neutron/api/rpc/callbacks/version_manager.py:119
2018-06-30 02:09:31.155 15915 DEBUG neutron.api.rpc.callbacks.version_manager [req-94f97329-0253-4bca-b2b2-57806e68b83c - - - - -] Version for resource type Network changed None to 1.0 on consumer Open vSwitch agent@localhost.localdomain _set_version /usr/lib/python2.7/site-packages/neutron/api/rpc/callbacks/version_manager.py:119
2018-06-30 02:09:31.155 15915 DEBUG neutron.api.rpc.callbacks.version_manager [req-94f97329-0253-4bca-b2b2-57806e68b83c - - - - -] Version for resource type SubPort changed None to 1.0 on consumer Open vSwitch agent@localhost.localdomain _set_version /usr/lib/python2.7/site-packages/neutron/api/rpc/callbacks/version_manager.py:119
2018-06-30 02:09:31.156 15915 DEBUG neutron.api.rpc.callbacks.version_manager [req-94f97329-0253-4bca-b2b2-57806e68b83c - - - - -] Version for resource type SecurityGroup changed None to 1.0 on consumer Open vSwitch agent@localhost.localdomain _set_version /usr/lib/python2.7/site-packages/neutron/api/rpc/callbacks/version_manager.py:119
2018-06-30 02:09:31.156 15915 DEBUG neutron.api.rpc.callbacks.version_manager [req-94f97329-0253-4bca-b2b2-57806e68b83c - - - - -] Version for resource type SecurityGroupRule changed None to 1.0 on consumer Open vSwitch agent@localhost.localdomain _set_version /usr/lib/python2.7/site-packages/neutron/api/rpc/callbacks/version_manager.py:119
2018-06-30 02:09:31.157 15915 DEBUG neutron.api.rpc.callbacks.version_manager [req-94f97329-0253-4bca-b2b2-57806e68b83c - - - - -] Version for resource type Trunk changed None to 1.1 on consumer Open vSwitch agent@localhost.localdomain _set_version /usr/lib/python2.7/site-packages/neutron/api/rpc/callbacks/version_manager.py:119
2018-06-30 02:09:31.157 15915 DEBUG neutron.api.rpc.callbacks.version_manager [req-94f97329-0253-4bca-b2b2-57806e68b83c - - - - -] Version for resource type QosPolicy changed None to 1.6 on consumer Open vSwitch agent@localhost.localdomain _set_version /usr/lib/python2.7/site-packages/neutron/api/rpc/callbacks/version_manager.py:119
2018-06-30 02:09:31.158 15915 DEBUG neutron.api.rpc.callbacks.version_manager [req-94f97329-0253-4bca-b2b2-57806e68b83c - - - - -] Version for resource type Port changed None to 1.1 on consumer Open vSwitch agent@localhost.localdomain _set_version /usr/lib/python2.7/site-packages/neutron/api/rpc/callbacks/version_manager.py:119
2018-06-30 02:09:31.159 15915 DEBUG neutron.api.rpc.callbacks.version_manager [req-94f97329-0253-4bca-b2b2-57806e68b83c - - - - -] Version for resource type Log changed None to 1.0 on consumer Open vSwitch agent@localhost.localdomain _set_version /usr/lib/python2.7/site-packages/neutron/api/rpc/callbacks/version_manager.py:119
2018-06-30 02:09:31.161 15915 DEBUG neutron.api.rpc.callbacks.version_manager [req-94f97329-0253-4bca-b2b2-57806e68b83c - - - - -] Tracked resource versions report:
pushed versions:
{   'Log': set(['1.0']),
    'Network': set(['1.0']),
    'Port': set(['1.1']),
    'QosPolicy': set(['1.6']),
    'SecurityGroup': set(['1.0']),
    'SecurityGroupRule': set(['1.0']),
    'SubPort': set(['1.0']),
    'Subnet': set(['1.0']),
    'Trunk': set(['1.1'])}

consumer versions:
{   DHCP agent@localhost.localdomain: {   },
    L3 agent@localhost.localdomain: {   },
    Metadata agent@localhost.localdomain: {   },
    Metering agent@localhost.localdomain: {   },
    Open vSwitch agent@localhost.localdomain: {   u'Log': u'1.0',
                                                  u'Network': u'1.0',
                                                  u'Port': u'1.1',
                                                  u'QosPolicy': u'1.6',
                                                  u'SecurityGroup': u'1.0',
                                                  u'SecurityGroupRule': u'1.0',
                                                  u'SubPort': u'1.0',
                                                  u'Subnet': u'1.0',
                                                  u'Trunk': u'1.1'}}
 report /usr/lib/python2.7/site-packages/neutron/api/rpc/callbacks/version_manager.py:178
2018-06-30 02:09:31.180 15915 DEBUG oslo_concurrency.lockutils [req-94f97329-0253-4bca-b2b2-57806e68b83c - - - - -] Lock "event-dispatch" released by "neutron.plugins.ml2.ovo_rpc.dispatch_events" :: held 0.216s inner /usr/lib/python2.7/site-packages/oslo_concurrency/lockutils.py:282
2018-06-30 02:09:31.824 15912 DEBUG neutron.plugins.ml2.rpc [req-94f97329-0253-4bca-b2b2-57806e68b83c - - - - -] Device 34e689d4-ee5c-41fc-b625-8a4b14a6d04a up at agent ovs-agent-localhost.localdomain update_device_up /usr/lib/python2.7/site-packages/neutron/plugins/ml2/rpc.py:244
2018-06-30 02:09:31.886 15915 DEBUG novaclient.v2.client [-] REQ: curl -g -i -X POST http://10.0.20.26:8774/v2.1/0d772b180b3c41e2ae2eba61c236b149/os-server-external-events -H "User-Agent: python-novaclient" -H "Content-Type: application/json" -H "Accept: application/json" -H "X-OpenStack-Nova-API-Version: 2.1" -H "X-Auth-Token: {SHA1}0af940bdfc0a42bd0a96b3d81962ba2d951f5c84" -d '{"events": [{"status": "completed", "tag": "34e689d4-ee5c-41fc-b625-8a4b14a6d04a", "name": "network-vif-plugged", "server_uuid": "adccc0dc-e236-4a0f-8c4f-a00b22bb7f03"}]}' _http_log_request /usr/lib/python2.7/site-packages/keystoneauth1/session.py:375
2018-06-30 02:09:31.965 15912 DEBUG neutron.db.provisioning_blocks [req-94f97329-0253-4bca-b2b2-57806e68b83c - - - - -] Provisioning complete for port 34e689d4-ee5c-41fc-b625-8a4b14a6d04a triggered by entity L2. provisioning_complete /usr/lib/python2.7/site-packages/neutron/db/provisioning_blocks.py:138
2018-06-30 02:09:31.966 15912 DEBUG neutron_lib.callbacks.manager [req-94f97329-0253-4bca-b2b2-57806e68b83c - - - - -] Notify callbacks ['neutron.plugins.ml2.plugin.Ml2Plugin._port_provisioned-672206'] for port, provisioning_complete _notify_loop /usr/lib/python2.7/site-packages/neutron_lib/callbacks/manager.py:167
2018-06-30 02:09:32.464 15915 DEBUG novaclient.v2.client [-] RESP: [200] Content-Length: 183 Content-Type: application/json Openstack-Api-Version: compute 2.1 X-Openstack-Nova-Api-Version: 2.1 Vary: OpenStack-API-Version, X-OpenStack-Nova-API-Version X-Openstack-Request-Id: req-560102e8-8249-4976-a541-b062d9c5f828 X-Compute-Request-Id: req-560102e8-8249-4976-a541-b062d9c5f828 Date: Sat, 30 Jun 2018 00:09:32 GMT Connection: keep-alive 
RESP BODY: {"events": [{"status": "completed", "tag": "34e689d4-ee5c-41fc-b625-8a4b14a6d04a", "name": "network-vif-plugged", "server_uuid": "adccc0dc-e236-4a0f-8c4f-a00b22bb7f03", "code": 200}]}
 _http_log_response /usr/lib/python2.7/site-packages/keystoneauth1/session.py:423
