2018-09-13 17:39:52.134 4137 INFO neutron.wsgi [req-09e50b5a-acab-44e3-8f79-2ceaddd352fe d1138ec1c77349f9b95c6580aab47cb8 007b5c587a144e49a50c9008f27cd2bd - default default] 10.0.20.22 "GET /v2.0/ports?tenant_id=b8386e3dda454cd68143339a1deddbf1&device_id=869c4bcd-9798-48cd-9b52-773117b89246 HTTP/1.1" status: 200  len: 1123 time: 0.0971010
2018-09-13 17:39:52.363 4137 DEBUG neutron.pecan_wsgi.hooks.policy_enforcement [req-8838b68d-aa27-4cfc-93b0-4928d5ef1cd4 d1138ec1c77349f9b95c6580aab47cb8 007b5c587a144e49a50c9008f27cd2bd - default default] Attributes excluded by policy engine: [u'vlan_transparent'] _exclude_attributes_by_policy /usr/lib/python2.7/site-packages/neutron/pecan_wsgi/hooks/policy_enforcement.py:256
2018-09-13 17:39:52.365 4137 INFO neutron.wsgi [req-8838b68d-aa27-4cfc-93b0-4928d5ef1cd4 d1138ec1c77349f9b95c6580aab47cb8 007b5c587a144e49a50c9008f27cd2bd - default default] 10.0.20.22 "GET /v2.0/networks?id=3ec4371f-ca4f-48fc-9a4a-06a4938bfa11 HTTP/1.1" status: 200  len: 885 time: 0.2237010
2018-09-13 17:39:52.405 4137 INFO neutron.wsgi [req-7ca0029b-04ff-4715-9428-c201602803ff d1138ec1c77349f9b95c6580aab47cb8 007b5c587a144e49a50c9008f27cd2bd - default default] 10.0.20.22 "GET /v2.0/floatingips?fixed_ip_address=11.2.1.11&port_id=2365533c-b22a-43eb-b279-f78f2befd4f4 HTTP/1.1" status: 200  len: 749 time: 0.0328090
2018-09-13 17:39:52.530 4137 DEBUG neutron.pecan_wsgi.hooks.policy_enforcement [req-93e850ae-590d-432f-be50-16bb27d42b01 d1138ec1c77349f9b95c6580aab47cb8 007b5c587a144e49a50c9008f27cd2bd - default default] Attributes excluded by policy engine: [u'shared'] _exclude_attributes_by_policy /usr/lib/python2.7/site-packages/neutron/pecan_wsgi/hooks/policy_enforcement.py:256
2018-09-13 17:39:52.532 4137 INFO neutron.wsgi [req-93e850ae-590d-432f-be50-16bb27d42b01 d1138ec1c77349f9b95c6580aab47cb8 007b5c587a144e49a50c9008f27cd2bd - default default] 10.0.20.22 "GET /v2.0/subnets?id=6afde19d-1ce4-4006-bd86-5f7bc529f32c HTTP/1.1" status: 200  len: 839 time: 0.1226611
2018-09-13 17:39:52.655 4137 INFO neutron.wsgi [req-ff18b533-1d75-437e-95f5-af3055562497 d1138ec1c77349f9b95c6580aab47cb8 007b5c587a144e49a50c9008f27cd2bd - default default] 10.0.20.22 "GET /v2.0/ports?network_id=3ec4371f-ca4f-48fc-9a4a-06a4938bfa11&device_owner=network%3Adhcp HTTP/1.1" status: 200  len: 1126 time: 0.1167860
2018-09-13 17:39:52.772 4139 DEBUG oslo_concurrency.lockutils [-] Lock "notifier-dedcd48b-4e51-4969-84ab-680a3a51ee2f" released by "neutron.notifiers.batch_notifier.synced_send" :: held 3.346s inner /usr/lib/python2.7/site-packages/oslo_concurrency/lockutils.py:282
2018-09-13 17:39:57.294 4152 DEBUG neutron.db.agents_db [req-1af506f6-e50a-436c-bf3c-575f8a8bbfee - - - - -] Agent healthcheck: found 5 active agents agent_health_check /usr/lib/python2.7/site-packages/neutron/db/agents_db.py:281
2018-09-13 17:39:58.547 4147 DEBUG neutron_lib.callbacks.manager [req-176af5c6-c2b2-4fdb-a510-102451c2163b - - - - -] Notify callbacks ['neutron.services.segments.db._update_segment_host_mapping_for_agent--9223363270318579911'] for agent, after_update _notify_loop /usr/lib/python2.7/site-packages/neutron_lib/callbacks/manager.py:167
2018-09-13 17:39:58.566 4151 DEBUG neutron_lib.callbacks.manager [req-0e5a3556-dd74-4aeb-8354-89bd9b04b944 - - - - -] Notify callbacks ['neutron.services.segments.db._update_segment_host_mapping_for_agent--9223363270318579911'] for agent, after_update _notify_loop /usr/lib/python2.7/site-packages/neutron_lib/callbacks/manager.py:167
2018-09-13 17:39:59.156 4145 DEBUG neutron_lib.callbacks.manager [req-783b5b21-ace3-4a95-9290-ac42378fc898 - - - - -] Notify callbacks ['neutron.services.segments.db._update_segment_host_mapping_for_agent--9223363270318579911'] for agent, after_update _notify_loop /usr/lib/python2.7/site-packages/neutron_lib/callbacks/manager.py:167
2018-09-13 17:40:00.490 4150 DEBUG neutron_lib.callbacks.manager [req-a42acc64-7e88-45b0-ad87-9a8422434413 - - - - -] Notify callbacks ['neutron.services.segments.db._update_segment_host_mapping_for_agent--9223363270318579911'] for agent, after_update _notify_loop /usr/lib/python2.7/site-packages/neutron_lib/callbacks/manager.py:167
2018-09-13 17:40:01.582 4140 INFO neutron.wsgi [req-58cf91a9-beed-4e92-be9a-af3a006db315 c9d3bd526c37439986c48609f5b4a5d6 b8386e3dda454cd68143339a1deddbf1 - 2d90c0e5dccb4501b39b109450abe3bf 2d90c0e5dccb4501b39b109450abe3bf] 10.0.20.22 "GET /v2.0/ports?device_id=869c4bcd-9798-48cd-9b52-773117b89246 HTTP/1.1" status: 200  len: 1123 time: 0.4349360
2018-09-13 17:40:01.753 4140 INFO neutron.wsgi [req-9d489163-5415-4b5f-92da-8ebcbd302293 c9d3bd526c37439986c48609f5b4a5d6 b8386e3dda454cd68143339a1deddbf1 - 2d90c0e5dccb4501b39b109450abe3bf 2d90c0e5dccb4501b39b109450abe3bf] 10.0.20.22 "GET /v2.0/security-groups?id=a51afa88-d572-43d9-867d-a94bad405217 HTTP/1.1" status: 200  len: 2118 time: 0.1645238
2018-09-13 17:40:13.049 4148 DEBUG neutron_lib.callbacks.manager [req-cf6e57b7-5085-4de9-9426-c304beaadeeb - - - - -] Notify callbacks ['neutron.services.segments.db._update_segment_host_mapping_for_agent--9223363270318579911'] for agent, after_update _notify_loop /usr/lib/python2.7/site-packages/neutron_lib/callbacks/manager.py:167
2018-09-13 17:40:24.787 4140 INFO neutron.wsgi [req-889fe8f6-fa45-414c-a961-c3706932e2a5 c9d3bd526c37439986c48609f5b4a5d6 b8386e3dda454cd68143339a1deddbf1 - 2d90c0e5dccb4501b39b109450abe3bf 2d90c0e5dccb4501b39b109450abe3bf] 10.0.20.22 "GET /v2.0/ports?device_id=869c4bcd-9798-48cd-9b52-773117b89246 HTTP/1.1" status: 200  len: 1123 time: 0.5113232
2018-09-13 17:40:24.893 4140 INFO neutron.wsgi [req-2338dcaf-8326-4a25-938f-d91f15d96daf c9d3bd526c37439986c48609f5b4a5d6 b8386e3dda454cd68143339a1deddbf1 - 2d90c0e5dccb4501b39b109450abe3bf 2d90c0e5dccb4501b39b109450abe3bf] 10.0.20.22 "GET /v2.0/security-groups?id=a51afa88-d572-43d9-867d-a94bad405217 HTTP/1.1" status: 200  len: 2118 time: 0.0988262
2018-09-13 17:40:28.540 4149 DEBUG neutron_lib.callbacks.manager [req-176af5c6-c2b2-4fdb-a510-102451c2163b - - - - -] Notify callbacks ['neutron.services.segments.db._update_segment_host_mapping_for_agent--9223363270318579911'] for agent, after_update _notify_loop /usr/lib/python2.7/site-packages/neutron_lib/callbacks/manager.py:167
2018-09-13 17:40:28.553 4143 DEBUG neutron_lib.callbacks.manager [req-0e5a3556-dd74-4aeb-8354-89bd9b04b944 - - - - -] Notify callbacks ['neutron.services.segments.db._update_segment_host_mapping_for_agent--9223363270318579911'] for agent, after_update _notify_loop /usr/lib/python2.7/site-packages/neutron_lib/callbacks/manager.py:167
2018-09-13 17:40:29.152 4146 DEBUG neutron_lib.callbacks.manager [req-7a295615-eee2-40df-9426-bdb5ac58620e - - - - -] Notify callbacks ['neutron.services.segments.db._update_segment_host_mapping_for_agent--9223363270318579911'] for agent, after_update _notify_loop /usr/lib/python2.7/site-packages/neutron_lib/callbacks/manager.py:167
2018-09-13 17:40:30.488 4144 DEBUG neutron_lib.callbacks.manager [req-59fbca87-92be-4f12-b387-ed2d74a4065d - - - - -] Notify callbacks ['neutron.services.segments.db._update_segment_host_mapping_for_agent--9223363270318579911'] for agent, after_update _notify_loop /usr/lib/python2.7/site-packages/neutron_lib/callbacks/manager.py:167
2018-09-13 17:40:34.298 4152 DEBUG neutron.db.agents_db [req-1af506f6-e50a-436c-bf3c-575f8a8bbfee - - - - -] Agent healthcheck: found 5 active agents agent_health_check /usr/lib/python2.7/site-packages/neutron/db/agents_db.py:281
2018-09-13 17:40:36.466 4140 INFO neutron.wsgi [req-64cc0a52-87c2-45c0-a375-0006aaa7a585 c9d3bd526c37439986c48609f5b4a5d6 b8386e3dda454cd68143339a1deddbf1 - 2d90c0e5dccb4501b39b109450abe3bf 2d90c0e5dccb4501b39b109450abe3bf] 10.0.20.22 "GET /v2.0/ports?device_id=869c4bcd-9798-48cd-9b52-773117b89246 HTTP/1.1" status: 200  len: 1123 time: 0.5373390
2018-09-13 17:40:36.552 4140 INFO neutron.wsgi [req-535a643c-a110-41a5-994a-5986d7b73581 c9d3bd526c37439986c48609f5b4a5d6 b8386e3dda454cd68143339a1deddbf1 - 2d90c0e5dccb4501b39b109450abe3bf 2d90c0e5dccb4501b39b109450abe3bf] 10.0.20.22 "GET /v2.0/security-groups?id=a51afa88-d572-43d9-867d-a94bad405217 HTTP/1.1" status: 200  len: 2118 time: 0.0817358
2018-09-13 17:40:43.055 4147 DEBUG neutron_lib.callbacks.manager [req-cf6e57b7-5085-4de9-9426-c304beaadeeb - - - - -] Notify callbacks ['neutron.services.segments.db._update_segment_host_mapping_for_agent--9223363270318579911'] for agent, after_update _notify_loop /usr/lib/python2.7/site-packages/neutron_lib/callbacks/manager.py:167
2018-09-13 17:40:49.620 4142 DEBUG neutron.wsgi [-] (4142) accepted ('10.0.20.22', 46168) server /usr/lib/python2.7/site-packages/eventlet/wsgi.py:883
2018-09-13 17:40:50.606 4142 INFO neutron.wsgi [req-a8e015ea-ba45-4451-89ee-58d82ddb3cd0 c9d3bd526c37439986c48609f5b4a5d6 b8386e3dda454cd68143339a1deddbf1 - 2d90c0e5dccb4501b39b109450abe3bf 2d90c0e5dccb4501b39b109450abe3bf] 10.0.20.22 "GET /v2.0/ports?device_id=869c4bcd-9798-48cd-9b52-773117b89246 HTTP/1.1" status: 200  len: 1123 time: 0.9839568
2018-09-13 17:40:50.722 4142 DEBUG neutron.quota.resource [req-2e4d1c2a-1bdb-4ac6-b8ce-ca83936a8aca c9d3bd526c37439986c48609f5b4a5d6 b8386e3dda454cd68143339a1deddbf1 - 2d90c0e5dccb4501b39b109450abe3bf 2d90c0e5dccb4501b39b109450abe3bf] Synchronizing usage tracker for tenant:b8386e3dda454cd68143339a1deddbf1 on resource:security_group resync /usr/lib/python2.7/site-packages/neutron/quota/resource.py:245
2018-09-13 17:40:50.760 4142 DEBUG neutron.quota.resource [req-2e4d1c2a-1bdb-4ac6-b8ce-ca83936a8aca c9d3bd526c37439986c48609f5b4a5d6 b8386e3dda454cd68143339a1deddbf1 - 2d90c0e5dccb4501b39b109450abe3bf 2d90c0e5dccb4501b39b109450abe3bf] Unset dirty status for tenant:b8386e3dda454cd68143339a1deddbf1 on resource:security_group _resync /usr/lib/python2.7/site-packages/neutron/quota/resource.py:237
2018-09-13 17:40:50.762 4142 INFO neutron.wsgi [req-2e4d1c2a-1bdb-4ac6-b8ce-ca83936a8aca c9d3bd526c37439986c48609f5b4a5d6 b8386e3dda454cd68143339a1deddbf1 - 2d90c0e5dccb4501b39b109450abe3bf 2d90c0e5dccb4501b39b109450abe3bf] 10.0.20.22 "GET /v2.0/security-groups?id=a51afa88-d572-43d9-867d-a94bad405217 HTTP/1.1" status: 200  len: 2118 time: 0.1467440
2018-09-13 17:40:52.381 4137 INFO neutron.wsgi [req-8dda2e9b-bc22-4cef-b23a-dcc31b037d32 d1138ec1c77349f9b95c6580aab47cb8 007b5c587a144e49a50c9008f27cd2bd - default default] 10.0.20.22 "GET /v2.0/ports?tenant_id=b8386e3dda454cd68143339a1deddbf1&device_id=869c4bcd-9798-48cd-9b52-773117b89246 HTTP/1.1" status: 200  len: 1123 time: 0.1080050
2018-09-13 17:40:52.573 4137 DEBUG neutron.pecan_wsgi.hooks.policy_enforcement [req-7e953773-9410-4094-8f89-5a4b9995f98a d1138ec1c77349f9b95c6580aab47cb8 007b5c587a144e49a50c9008f27cd2bd - default default] Attributes excluded by policy engine: [u'vlan_transparent'] _exclude_attributes_by_policy /usr/lib/python2.7/site-packages/neutron/pecan_wsgi/hooks/policy_enforcement.py:256
2018-09-13 17:40:52.575 4137 INFO neutron.wsgi [req-7e953773-9410-4094-8f89-5a4b9995f98a d1138ec1c77349f9b95c6580aab47cb8 007b5c587a144e49a50c9008f27cd2bd - default default] 10.0.20.22 "GET /v2.0/networks?id=3ec4371f-ca4f-48fc-9a4a-06a4938bfa11 HTTP/1.1" status: 200  len: 885 time: 0.1874790
2018-09-13 17:40:52.608 4137 INFO neutron.wsgi [req-6a535f8a-ded4-41be-95e6-4ab7337df3cf d1138ec1c77349f9b95c6580aab47cb8 007b5c587a144e49a50c9008f27cd2bd - default default] 10.0.20.22 "GET /v2.0/floatingips?fixed_ip_address=11.2.1.11&port_id=2365533c-b22a-43eb-b279-f78f2befd4f4 HTTP/1.1" status: 200  len: 749 time: 0.0276189
2018-09-13 17:40:52.736 4137 DEBUG neutron.pecan_wsgi.hooks.policy_enforcement [req-4b546701-550e-4964-823b-c838ab1cd976 d1138ec1c77349f9b95c6580aab47cb8 007b5c587a144e49a50c9008f27cd2bd - default default] Attributes excluded by policy engine: [u'shared'] _exclude_attributes_by_policy /usr/lib/python2.7/site-packages/neutron/pecan_wsgi/hooks/policy_enforcement.py:256
2018-09-13 17:40:52.738 4137 INFO neutron.wsgi [req-4b546701-550e-4964-823b-c838ab1cd976 d1138ec1c77349f9b95c6580aab47cb8 007b5c587a144e49a50c9008f27cd2bd - default default] 10.0.20.22 "GET /v2.0/subnets?id=6afde19d-1ce4-4006-bd86-5f7bc529f32c HTTP/1.1" status: 200  len: 839 time: 0.1229920
2018-09-13 17:40:52.854 4137 INFO neutron.wsgi [req-301c2d0a-f0b4-4ede-8b78-31a32a5852ce d1138ec1c77349f9b95c6580aab47cb8 007b5c587a144e49a50c9008f27cd2bd - default default] 10.0.20.22 "GET /v2.0/ports?network_id=3ec4371f-ca4f-48fc-9a4a-06a4938bfa11&device_owner=network%3Adhcp HTTP/1.1" status: 200  len: 1126 time: 0.1099191
2018-09-13 17:40:58.547 4151 DEBUG neutron_lib.callbacks.manager [req-176af5c6-c2b2-4fdb-a510-102451c2163b - - - - -] Notify callbacks ['neutron.services.segments.db._update_segment_host_mapping_for_agent--9223363270318579911'] for agent, after_update _notify_loop /usr/lib/python2.7/site-packages/neutron_lib/callbacks/manager.py:167
2018-09-13 17:40:58.576 4145 DEBUG neutron_lib.callbacks.manager [req-0e5a3556-dd74-4aeb-8354-89bd9b04b944 - - - - -] Notify callbacks ['neutron.services.segments.db._update_segment_host_mapping_for_agent--9223363270318579911'] for agent, after_update _notify_loop /usr/lib/python2.7/site-packages/neutron_lib/callbacks/manager.py:167
2018-09-13 17:40:59.149 4150 DEBUG neutron_lib.callbacks.manager [req-182aa4ca-a44e-44ed-8dbd-92ae2fd72d90 - - - - -] Notify callbacks ['neutron.services.segments.db._update_segment_host_mapping_for_agent--9223363270318579911'] for agent, after_update _notify_loop /usr/lib/python2.7/site-packages/neutron_lib/callbacks/manager.py:167
2018-09-13 17:41:00.375 4142 INFO neutron.wsgi [req-41156f18-400b-443e-b46b-79d5bfdf3353 c9d3bd526c37439986c48609f5b4a5d6 b8386e3dda454cd68143339a1deddbf1 - 2d90c0e5dccb4501b39b109450abe3bf 2d90c0e5dccb4501b39b109450abe3bf] 10.0.20.22 "GET /v2.0/ports?device_id=869c4bcd-9798-48cd-9b52-773117b89246 HTTP/1.1" status: 200  len: 1123 time: 0.4714141
2018-09-13 17:41:00.486 4142 INFO neutron.wsgi [req-6b536eb7-33a4-4c74-9ffe-2a9f36004f4f c9d3bd526c37439986c48609f5b4a5d6 b8386e3dda454cd68143339a1deddbf1 - 2d90c0e5dccb4501b39b109450abe3bf 2d90c0e5dccb4501b39b109450abe3bf] 10.0.20.22 "GET /v2.0/security-groups?id=a51afa88-d572-43d9-867d-a94bad405217 HTTP/1.1" status: 200  len: 2118 time: 0.1034119
2018-09-13 17:41:00.489 4148 DEBUG neutron_lib.callbacks.manager [req-fb2be3f1-ce62-4a9a-8c4e-74f314353cfb - - - - -] Notify callbacks ['neutron.services.segments.db._update_segment_host_mapping_for_agent--9223363270318579911'] for agent, after_update _notify_loop /usr/lib/python2.7/site-packages/neutron_lib/callbacks/manager.py:167
2018-09-13 17:41:07.880 4142 INFO neutron.wsgi [req-62dc5ef8-b6fc-478c-8364-e655cfe400d7 f875a10b07be43c197ef478066dc3a8e 007b5c587a144e49a50c9008f27cd2bd - default default] 10.0.20.22 "GET /v2.0/ports?device_id=869c4bcd-9798-48cd-9b52-773117b89246 HTTP/1.1" status: 200  len: 1123 time: 0.6431260
2018-09-13 17:41:07.984 4142 INFO neutron.wsgi [req-68f49030-6c59-4044-8e03-1bcbbf1600c4 f875a10b07be43c197ef478066dc3a8e 007b5c587a144e49a50c9008f27cd2bd - default default] 10.0.20.22 "GET /v2.0/security-groups?id=a51afa88-d572-43d9-867d-a94bad405217 HTTP/1.1" status: 200  len: 2118 time: 0.0955350
2018-09-13 17:41:11.063 4141 DEBUG neutron.wsgi [-] (4141) accepted ('10.0.20.22', 46656) server /usr/lib/python2.7/site-packages/eventlet/wsgi.py:883
2018-09-13 17:41:11.291 4152 DEBUG neutron.db.agents_db [req-1af506f6-e50a-436c-bf3c-575f8a8bbfee - - - - -] Agent healthcheck: found 5 active agents agent_health_check /usr/lib/python2.7/site-packages/neutron/db/agents_db.py:281
2018-09-13 17:41:11.451 4141 WARNING keystonemiddleware.auth_token [-] A valid token was submitted as a service token, but it was not a valid service token. This is incorrect but backwards compatible behaviour. This will be removed in future releases.
2018-09-13 17:41:11.977 4141 INFO neutron.wsgi [req-18d7dc8a-b125-46e7-bccf-44aa6ce19189 c9d3bd526c37439986c48609f5b4a5d6 b8386e3dda454cd68143339a1deddbf1 - 2d90c0e5dccb4501b39b109450abe3bf 2d90c0e5dccb4501b39b109450abe3bf] 10.0.20.22 "GET /v2.0/ports?device_id=869c4bcd-9798-48cd-9b52-773117b89246 HTTP/1.1" status: 200  len: 1123 time: 0.9110692
2018-09-13 17:41:12.086 4141 INFO neutron.wsgi [req-443f40a6-4b98-4bf6-b55d-9ce069f78897 c9d3bd526c37439986c48609f5b4a5d6 b8386e3dda454cd68143339a1deddbf1 - 2d90c0e5dccb4501b39b109450abe3bf 2d90c0e5dccb4501b39b109450abe3bf] 10.0.20.22 "GET /v2.0/security-groups?id=a51afa88-d572-43d9-867d-a94bad405217 HTTP/1.1" status: 200  len: 2118 time: 0.1007180
2018-09-13 17:41:13.056 4149 DEBUG neutron_lib.callbacks.manager [req-cf6e57b7-5085-4de9-9426-c304beaadeeb - - - - -] Notify callbacks ['neutron.services.segments.db._update_segment_host_mapping_for_agent--9223363270318579911'] for agent, after_update _notify_loop /usr/lib/python2.7/site-packages/neutron_lib/callbacks/manager.py:167
2018-09-13 17:41:14.064 4142 INFO neutron.wsgi [req-fbb197f6-bad6-46b9-ad39-880d29095c47 f875a10b07be43c197ef478066dc3a8e 007b5c587a144e49a50c9008f27cd2bd - default default] 10.0.20.22 "GET /v2.0/ports?device_id=869c4bcd-9798-48cd-9b52-773117b89246 HTTP/1.1" status: 200  len: 1123 time: 0.8077869
2018-09-13 17:41:14.184 4142 INFO neutron.wsgi [req-edb593a8-36fa-4e5f-b784-75bf13ee2970 f875a10b07be43c197ef478066dc3a8e 007b5c587a144e49a50c9008f27cd2bd - default default] 10.0.20.22 "GET /v2.0/security-groups?id=a51afa88-d572-43d9-867d-a94bad405217 HTTP/1.1" status: 200  len: 2118 time: 0.1154928
2018-09-13 17:41:23.931 4141 INFO neutron.wsgi [req-1387a563-9b46-4496-99d9-c4ce7a182f32 c9d3bd526c37439986c48609f5b4a5d6 b8386e3dda454cd68143339a1deddbf1 - 2d90c0e5dccb4501b39b109450abe3bf 2d90c0e5dccb4501b39b109450abe3bf] 10.0.20.22 "GET /v2.0/ports?device_id=869c4bcd-9798-48cd-9b52-773117b89246 HTTP/1.1" status: 200  len: 1123 time: 0.4909959
2018-09-13 17:41:24.050 4141 INFO neutron.wsgi [req-e9c67a3b-5fdc-4c5a-b197-bf8da72de3a0 c9d3bd526c37439986c48609f5b4a5d6 b8386e3dda454cd68143339a1deddbf1 - 2d90c0e5dccb4501b39b109450abe3bf 2d90c0e5dccb4501b39b109450abe3bf] 10.0.20.22 "GET /v2.0/security-groups?id=a51afa88-d572-43d9-867d-a94bad405217 HTTP/1.1" status: 200  len: 2118 time: 0.1130280
2018-09-13 17:41:28.552 4143 DEBUG neutron_lib.callbacks.manager [req-176af5c6-c2b2-4fdb-a510-102451c2163b - - - - -] Notify callbacks ['neutron.services.segments.db._update_segment_host_mapping_for_agent--9223363270318579911'] for agent, after_update _notify_loop /usr/lib/python2.7/site-packages/neutron_lib/callbacks/manager.py:167
2018-09-13 17:41:28.564 4146 DEBUG neutron_lib.callbacks.manager [req-0e5a3556-dd74-4aeb-8354-89bd9b04b944 - - - - -] Notify callbacks ['neutron.services.segments.db._update_segment_host_mapping_for_agent--9223363270318579911'] for agent, after_update _notify_loop /usr/lib/python2.7/site-packages/neutron_lib/callbacks/manager.py:167
2018-09-13 17:41:29.158 4144 DEBUG neutron_lib.callbacks.manager [req-c09bf72e-75ce-47be-8ab6-33724823e51e - - - - -] Notify callbacks ['neutron.services.segments.db._update_segment_host_mapping_for_agent--9223363270318579911'] for agent, after_update _notify_loop /usr/lib/python2.7/site-packages/neutron_lib/callbacks/manager.py:167
2018-09-13 17:41:30.499 4147 DEBUG neutron_lib.callbacks.manager [req-e2be6d56-1722-4f26-8d18-2a2d4c809892 - - - - -] Notify callbacks ['neutron.services.segments.db._update_segment_host_mapping_for_agent--9223363270318579911'] for agent, after_update _notify_loop /usr/lib/python2.7/site-packages/neutron_lib/callbacks/manager.py:167
2018-09-13 17:41:35.979 4141 INFO neutron.wsgi [req-0484e4b9-b766-465d-a873-c2744e037365 c9d3bd526c37439986c48609f5b4a5d6 b8386e3dda454cd68143339a1deddbf1 - 2d90c0e5dccb4501b39b109450abe3bf 2d90c0e5dccb4501b39b109450abe3bf] 10.0.20.22 "GET /v2.0/ports?device_id=869c4bcd-9798-48cd-9b52-773117b89246 HTTP/1.1" status: 200  len: 1123 time: 0.6999421
2018-09-13 17:41:36.093 4141 INFO neutron.wsgi [req-02ea703d-3dc4-4914-9020-69aed38b50e6 c9d3bd526c37439986c48609f5b4a5d6 b8386e3dda454cd68143339a1deddbf1 - 2d90c0e5dccb4501b39b109450abe3bf 2d90c0e5dccb4501b39b109450abe3bf] 10.0.20.22 "GET /v2.0/security-groups?id=a51afa88-d572-43d9-867d-a94bad405217 HTTP/1.1" status: 200  len: 2118 time: 0.1090071
2018-09-13 17:41:43.046 4151 DEBUG neutron_lib.callbacks.manager [req-cf6e57b7-5085-4de9-9426-c304beaadeeb - - - - -] Notify callbacks ['neutron.services.segments.db._update_segment_host_mapping_for_agent--9223363270318579911'] for agent, after_update _notify_loop /usr/lib/python2.7/site-packages/neutron_lib/callbacks/manager.py:167
2018-09-13 17:41:46.995 4139 INFO neutron.wsgi [req-b76f3350-8cea-46e9-81d5-dbf788e2a684 c9d3bd526c37439986c48609f5b4a5d6 b8386e3dda454cd68143339a1deddbf1 - 2d90c0e5dccb4501b39b109450abe3bf 2d90c0e5dccb4501b39b109450abe3bf] 10.0.20.22 "GET /v2.0/ports?device_id=869c4bcd-9798-48cd-9b52-773117b89246 HTTP/1.1" status: 200  len: 1123 time: 0.5369220
2018-09-13 17:41:47.102 4139 INFO neutron.wsgi [req-31b4ab05-5c23-4c05-849f-59437739f6dd c9d3bd526c37439986c48609f5b4a5d6 b8386e3dda454cd68143339a1deddbf1 - 2d90c0e5dccb4501b39b109450abe3bf 2d90c0e5dccb4501b39b109450abe3bf] 10.0.20.22 "GET /v2.0/security-groups?id=a51afa88-d572-43d9-867d-a94bad405217 HTTP/1.1" status: 200  len: 2118 time: 0.1022210
2018-09-13 17:41:47.678 4137 INFO neutron.wsgi [req-ccd6404a-b8dd-4660-9aad-5ad5ad083194 d1138ec1c77349f9b95c6580aab47cb8 007b5c587a144e49a50c9008f27cd2bd - default default] 10.0.20.22 "GET /v2.0/ports?tenant_id=b8386e3dda454cd68143339a1deddbf1&device_id=869c4bcd-9798-48cd-9b52-773117b89246 HTTP/1.1" status: 200  len: 1123 time: 0.0988700
2018-09-13 17:41:47.881 4137 DEBUG neutron.pecan_wsgi.hooks.policy_enforcement [req-d138c46d-8b76-4254-ab97-15f08beb4021 d1138ec1c77349f9b95c6580aab47cb8 007b5c587a144e49a50c9008f27cd2bd - default default] Attributes excluded by policy engine: [u'vlan_transparent'] _exclude_attributes_by_policy /usr/lib/python2.7/site-packages/neutron/pecan_wsgi/hooks/policy_enforcement.py:256
2018-09-13 17:41:47.884 4137 INFO neutron.wsgi [req-d138c46d-8b76-4254-ab97-15f08beb4021 d1138ec1c77349f9b95c6580aab47cb8 007b5c587a144e49a50c9008f27cd2bd - default default] 10.0.20.22 "GET /v2.0/networks?id=3ec4371f-ca4f-48fc-9a4a-06a4938bfa11 HTTP/1.1" status: 200  len: 885 time: 0.1999679
2018-09-13 17:41:47.920 4137 INFO neutron.wsgi [req-481dc31b-4810-4377-bff0-8cfef148a9fe d1138ec1c77349f9b95c6580aab47cb8 007b5c587a144e49a50c9008f27cd2bd - default default] 10.0.20.22 "GET /v2.0/floatingips?fixed_ip_address=11.2.1.11&port_id=2365533c-b22a-43eb-b279-f78f2befd4f4 HTTP/1.1" status: 200  len: 749 time: 0.0310171
2018-09-13 17:41:48.037 4137 DEBUG neutron.pecan_wsgi.hooks.policy_enforcement [req-b3bf9626-59b1-429f-a10b-8a08375c0b91 d1138ec1c77349f9b95c6580aab47cb8 007b5c587a144e49a50c9008f27cd2bd - default default] Attributes excluded by policy engine: [u'shared'] _exclude_attributes_by_policy /usr/lib/python2.7/site-packages/neutron/pecan_wsgi/hooks/policy_enforcement.py:256
2018-09-13 17:41:48.039 4137 INFO neutron.wsgi [req-b3bf9626-59b1-429f-a10b-8a08375c0b91 d1138ec1c77349f9b95c6580aab47cb8 007b5c587a144e49a50c9008f27cd2bd - default default] 10.0.20.22 "GET /v2.0/subnets?id=6afde19d-1ce4-4006-bd86-5f7bc529f32c HTTP/1.1" status: 200  len: 839 time: 0.1055238
2018-09-13 17:41:48.154 4137 INFO neutron.wsgi [req-8e12dc2d-ebed-468b-8172-b915256a6cd5 d1138ec1c77349f9b95c6580aab47cb8 007b5c587a144e49a50c9008f27cd2bd - default default] 10.0.20.22 "GET /v2.0/ports?network_id=3ec4371f-ca4f-48fc-9a4a-06a4938bfa11&device_owner=network%3Adhcp HTTP/1.1" status: 200  len: 1126 time: 0.1089289
2018-09-13 17:41:48.297 4152 DEBUG neutron.db.agents_db [req-1af506f6-e50a-436c-bf3c-575f8a8bbfee - - - - -] Agent healthcheck: found 5 active agents agent_health_check /usr/lib/python2.7/site-packages/neutron/db/agents_db.py:281
2018-09-13 17:41:49.269 4144 DEBUG neutron.plugins.ml2.rpc [req-cf6e57b7-5085-4de9-9426-c304beaadeeb - - - - -] Device 2365533c-b22a-43eb-b279-f78f2befd4f4 no longer exists at agent ovs-agent-localhost.localdomain update_device_down /usr/lib/python2.7/site-packages/neutron/plugins/ml2/rpc.py:213
2018-09-13 17:41:49.460 4144 DEBUG neutron_lib.callbacks.manager [req-cf6e57b7-5085-4de9-9426-c304beaadeeb - - - - -] Notify callbacks ['neutron.plugins.ml2.plugin.Ml2Plugin._ensure_default_security_group_handler-1588437'] for port, before_update _notify_loop /usr/lib/python2.7/site-packages/neutron_lib/callbacks/manager.py:167
2018-09-13 17:41:49.531 4144 DEBUG oslo_concurrency.lockutils [-] Lock "notifier-dedcd48b-4e51-4969-84ab-680a3a51ee2f" acquired by "neutron.notifiers.batch_notifier.synced_send" :: waited 0.000s inner /usr/lib/python2.7/site-packages/oslo_concurrency/lockutils.py:270
2018-09-13 17:41:49.533 4144 DEBUG neutron.notifiers.nova [-] Sending events: [{'status': 'completed', 'tag': u'2365533c-b22a-43eb-b279-f78f2befd4f4', 'name': 'network-vif-unplugged', 'server_uuid': u'869c4bcd-9798-48cd-9b52-773117b89246'}] send_events /usr/lib/python2.7/site-packages/neutron/notifiers/nova.py:242
2018-09-13 17:41:49.538 4144 DEBUG novaclient.v2.client [-] REQ: curl -g -i -X POST http://10.0.20.22:8774/v2.1/007b5c587a144e49a50c9008f27cd2bd/os-server-external-events -H "User-Agent: python-novaclient" -H "Content-Type: application/json" -H "Accept: application/json" -H "X-OpenStack-Nova-API-Version: 2.1" -H "X-Auth-Token: {SHA1}b5d2f1699b69d7170f2cccd87cd5b49549285458" -d '{"events": [{"status": "completed", "tag": "2365533c-b22a-43eb-b279-f78f2befd4f4", "name": "network-vif-unplugged", "server_uuid": "869c4bcd-9798-48cd-9b52-773117b89246"}]}' _http_log_request /usr/lib/python2.7/site-packages/keystoneauth1/session.py:375
2018-09-13 17:41:49.544 4144 DEBUG neutron.plugins.ml2.db [req-cf6e57b7-5085-4de9-9426-c304beaadeeb - - - - -] For port 2365533c-b22a-43eb-b279-f78f2befd4f4, host localhost.localdomain, got binding levels [<neutron.plugins.ml2.models.PortBindingLevel[object at 7f91e3720250] {port_id=u'2365533c-b22a-43eb-b279-f78f2befd4f4', host=u'localhost.localdomain', level=0, driver=u'openvswitch', segment_id=u'6cbeda25-2649-4787-9968-d3bbeea311e8'}>] get_binding_levels /usr/lib/python2.7/site-packages/neutron/plugins/ml2/db.py:106
2018-09-13 17:41:49.611 4144 DEBUG neutron_lib.callbacks.manager [req-cf6e57b7-5085-4de9-9426-c304beaadeeb - - - - -] Notify callbacks ['neutron.db.l3_dvrscheduler_db._notify_l3_agent_port_update-8766535844688', 'neutron.db.l3_hascheduler_db._notify_l3_agent_ha_port_update-8766535844763', 'neutron.plugins.ml2.plugin.Ml2Plugin.notify_sg_on_port_change-1588369', 'neutron.plugins.ml2.ovo_rpc._ObjectChangeHandler.handle_event-554444', 'neutron.api.rpc.agentnotifiers.dhcp_rpc_agent_api.DhcpAgentNotifyAPI._native_event_send_dhcp_notification-670431'] for port, after_update _notify_loop /usr/lib/python2.7/site-packages/neutron_lib/callbacks/manager.py:167
2018-09-13 17:41:49.623 4144 DEBUG oslo_concurrency.lockutils [-] Lock "event-dispatch" acquired by "neutron.plugins.ml2.ovo_rpc.dispatch_events" :: waited 0.000s inner /usr/lib/python2.7/site-packages/oslo_concurrency/lockutils.py:270
2018-09-13 17:41:49.681 4144 DEBUG novaclient.v2.client [-] RESP: [200] Content-Length: 185 Content-Type: application/json Openstack-Api-Version: compute 2.1 X-Openstack-Nova-Api-Version: 2.1 Vary: OpenStack-API-Version, X-OpenStack-Nova-API-Version X-Openstack-Request-Id: req-5e94979d-abf3-418c-9268-e6082dd4f4f2 X-Compute-Request-Id: req-5e94979d-abf3-418c-9268-e6082dd4f4f2 Date: Thu, 13 Sep 2018 21:41:49 GMT Connection: keep-alive 
RESP BODY: {"events": [{"status": "completed", "tag": "2365533c-b22a-43eb-b279-f78f2befd4f4", "name": "network-vif-unplugged", "server_uuid": "869c4bcd-9798-48cd-9b52-773117b89246", "code": 200}]}
 _http_log_response /usr/lib/python2.7/site-packages/keystoneauth1/session.py:423
2018-09-13 17:41:49.682 4144 DEBUG novaclient.v2.client [-] POST call to compute for http://10.0.20.22:8774/v2.1/007b5c587a144e49a50c9008f27cd2bd/os-server-external-events used request id req-5e94979d-abf3-418c-9268-e6082dd4f4f2 request /usr/lib/python2.7/site-packages/keystoneauth1/session.py:727
2018-09-13 17:41:49.683 4144 INFO neutron.notifiers.nova [-] Nova event response: {u'status': u'completed', u'tag': u'2365533c-b22a-43eb-b279-f78f2befd4f4', u'name': u'network-vif-unplugged', u'server_uuid': u'869c4bcd-9798-48cd-9b52-773117b89246', u'code': 200}
2018-09-13 17:41:49.770 4144 DEBUG neutron.api.rpc.handlers.resources_rpc [req-cf6e57b7-5085-4de9-9426-c304beaadeeb - - - - -] neutron.api.rpc.handlers.resources_rpc.ResourcesPushRpcApi method push called with arguments (<neutron_lib.context.Context object at 0x7f91e3746b10>, [Port(admin_state_up=True,allowed_address_pairs=[],binding=PortBinding,binding_levels=[PortBindingLevel],created_at=2018-09-13T21:38:56Z,data_plane_status=<?>,description='',device_id='869c4bcd-9798-48cd-9b52-773117b89246',device_owner='compute:nova',dhcp_options=[],distributed_binding=None,dns=None,fixed_ips=[IPAllocation],id=2365533c-b22a-43eb-b279-f78f2befd4f4,mac_address=fa:16:3e:e6:e9:74,name='',network_id=3ec4371f-ca4f-48fc-9a4a-06a4938bfa11,project_id='b8386e3dda454cd68143339a1deddbf1',qos_policy_id=None,revision_number=7,security=PortSecurity(2365533c-b22a-43eb-b279-f78f2befd4f4),security_group_ids=set([a51afa88-d572-43d9-867d-a94bad405217]),status='DOWN',updated_at=2018-09-13T21:41:49Z)], 'updated') {} wrapper /usr/lib/python2.7/site-packages/oslo_log/helpers.py:66
2018-09-13 17:41:49.782 4144 DEBUG neutron.api.rpc.callbacks.version_manager [req-cf6e57b7-5085-4de9-9426-c304beaadeeb - - - - -] Version for resource type Subnet changed None to 1.0 on consumer Open vSwitch agent@localhost.localdomain _set_version /usr/lib/python2.7/site-packages/neutron/api/rpc/callbacks/version_manager.py:119
2018-09-13 17:41:49.783 4144 DEBUG neutron.api.rpc.callbacks.version_manager [req-cf6e57b7-5085-4de9-9426-c304beaadeeb - - - - -] Version for resource type Network changed None to 1.0 on consumer Open vSwitch agent@localhost.localdomain _set_version /usr/lib/python2.7/site-packages/neutron/api/rpc/callbacks/version_manager.py:119
2018-09-13 17:41:49.783 4144 DEBUG neutron.api.rpc.callbacks.version_manager [req-cf6e57b7-5085-4de9-9426-c304beaadeeb - - - - -] Version for resource type SubPort changed None to 1.0 on consumer Open vSwitch agent@localhost.localdomain _set_version /usr/lib/python2.7/site-packages/neutron/api/rpc/callbacks/version_manager.py:119
2018-09-13 17:41:49.783 4144 DEBUG neutron.api.rpc.callbacks.version_manager [req-cf6e57b7-5085-4de9-9426-c304beaadeeb - - - - -] Version for resource type SecurityGroup changed None to 1.0 on consumer Open vSwitch agent@localhost.localdomain _set_version /usr/lib/python2.7/site-packages/neutron/api/rpc/callbacks/version_manager.py:119
2018-09-13 17:41:49.784 4144 DEBUG neutron.api.rpc.callbacks.version_manager [req-cf6e57b7-5085-4de9-9426-c304beaadeeb - - - - -] Version for resource type SecurityGroupRule changed None to 1.0 on consumer Open vSwitch agent@localhost.localdomain _set_version /usr/lib/python2.7/site-packages/neutron/api/rpc/callbacks/version_manager.py:119
2018-09-13 17:41:49.784 4144 DEBUG neutron.api.rpc.callbacks.version_manager [req-cf6e57b7-5085-4de9-9426-c304beaadeeb - - - - -] Version for resource type Trunk changed None to 1.1 on consumer Open vSwitch agent@localhost.localdomain _set_version /usr/lib/python2.7/site-packages/neutron/api/rpc/callbacks/version_manager.py:119
2018-09-13 17:41:49.785 4144 DEBUG neutron.api.rpc.callbacks.version_manager [req-cf6e57b7-5085-4de9-9426-c304beaadeeb - - - - -] Version for resource type QosPolicy changed None to 1.6 on consumer Open vSwitch agent@localhost.localdomain _set_version /usr/lib/python2.7/site-packages/neutron/api/rpc/callbacks/version_manager.py:119
2018-09-13 17:41:49.785 4144 DEBUG neutron.api.rpc.callbacks.version_manager [req-cf6e57b7-5085-4de9-9426-c304beaadeeb - - - - -] Version for resource type Port changed None to 1.1 on consumer Open vSwitch agent@localhost.localdomain _set_version /usr/lib/python2.7/site-packages/neutron/api/rpc/callbacks/version_manager.py:119
2018-09-13 17:41:49.786 4144 DEBUG neutron.api.rpc.callbacks.version_manager [req-cf6e57b7-5085-4de9-9426-c304beaadeeb - - - - -] Version for resource type Log changed None to 1.0 on consumer Open vSwitch agent@localhost.localdomain _set_version /usr/lib/python2.7/site-packages/neutron/api/rpc/callbacks/version_manager.py:119
2018-09-13 17:41:49.791 4144 DEBUG oslo_concurrency.lockutils [req-cf6e57b7-5085-4de9-9426-c304beaadeeb - - - - -] Lock "event-dispatch" released by "neutron.plugins.ml2.ovo_rpc.dispatch_events" :: held 0.168s inner /usr/lib/python2.7/site-packages/oslo_concurrency/lockutils.py:282
2018-09-13 17:41:51.691 4144 DEBUG oslo_concurrency.lockutils [-] Lock "notifier-dedcd48b-4e51-4969-84ab-680a3a51ee2f" released by "neutron.notifiers.batch_notifier.synced_send" :: held 2.159s inner /usr/lib/python2.7/site-packages/oslo_concurrency/lockutils.py:282
2018-09-13 17:41:53.281 4147 DEBUG neutron.plugins.ml2.rpc [req-cf6e57b7-5085-4de9-9426-c304beaadeeb - - - - -] Device 2365533c-b22a-43eb-b279-f78f2befd4f4 up at agent ovs-agent-localhost.localdomain update_device_up /usr/lib/python2.7/site-packages/neutron/plugins/ml2/rpc.py:244
2018-09-13 17:41:53.402 4147 DEBUG neutron.db.provisioning_blocks [req-cf6e57b7-5085-4de9-9426-c304beaadeeb - - - - -] Provisioning complete for port 2365533c-b22a-43eb-b279-f78f2befd4f4 triggered by entity L2. provisioning_complete /usr/lib/python2.7/site-packages/neutron/db/provisioning_blocks.py:138
2018-09-13 17:41:53.403 4147 DEBUG neutron_lib.callbacks.manager [req-cf6e57b7-5085-4de9-9426-c304beaadeeb - - - - -] Notify callbacks ['neutron.plugins.ml2.plugin.Ml2Plugin._port_provisioned--9223372036853387007'] for port, provisioning_complete _notify_loop /usr/lib/python2.7/site-packages/neutron_lib/callbacks/manager.py:167
2018-09-13 17:41:53.575 4147 DEBUG neutron_lib.callbacks.manager [req-cf6e57b7-5085-4de9-9426-c304beaadeeb - - - - -] Notify callbacks ['neutron.plugins.ml2.plugin.Ml2Plugin._ensure_default_security_group_handler-1588437'] for port, before_update _notify_loop /usr/lib/python2.7/site-packages/neutron_lib/callbacks/manager.py:167
2018-09-13 17:41:53.581 4137 INFO neutron.wsgi [req-60c91d30-6831-4b43-a826-e372848549de d1138ec1c77349f9b95c6580aab47cb8 007b5c587a144e49a50c9008f27cd2bd - default default] 10.0.20.22 "GET /v2.0/ports?tenant_id=b8386e3dda454cd68143339a1deddbf1&device_id=869c4bcd-9798-48cd-9b52-773117b89246 HTTP/1.1" status: 200  len: 1121 time: 0.1178198
2018-09-13 17:41:53.652 4147 DEBUG neutron.plugins.ml2.db [req-cf6e57b7-5085-4de9-9426-c304beaadeeb - - - - -] For port 2365533c-b22a-43eb-b279-f78f2befd4f4, host localhost.localdomain, got binding levels [<neutron.plugins.ml2.models.PortBindingLevel[object at 7f91e33a03d0] {port_id=u'2365533c-b22a-43eb-b279-f78f2befd4f4', host=u'localhost.localdomain', level=0, driver=u'openvswitch', segment_id=u'6cbeda25-2649-4787-9968-d3bbeea311e8'}>] get_binding_levels /usr/lib/python2.7/site-packages/neutron/plugins/ml2/db.py:106
2018-09-13 17:41:53.658 4147 DEBUG oslo_concurrency.lockutils [-] Lock "notifier-dedcd48b-4e51-4969-84ab-680a3a51ee2f" acquired by "neutron.notifiers.batch_notifier.synced_send" :: waited 0.000s inner /usr/lib/python2.7/site-packages/oslo_concurrency/lockutils.py:270
2018-09-13 17:41:53.659 4147 DEBUG neutron.notifiers.nova [-] Sending events: [{'status': 'completed', 'tag': u'2365533c-b22a-43eb-b279-f78f2befd4f4', 'name': 'network-vif-plugged', 'server_uuid': u'869c4bcd-9798-48cd-9b52-773117b89246'}] send_events /usr/lib/python2.7/site-packages/neutron/notifiers/nova.py:242
2018-09-13 17:41:53.692 4147 DEBUG neutron_lib.callbacks.manager [req-cf6e57b7-5085-4de9-9426-c304beaadeeb - - - - -] Notify callbacks ['neutron.db.l3_dvrscheduler_db._notify_l3_agent_port_update-8766535844688', 'neutron.db.l3_hascheduler_db._notify_l3_agent_ha_port_update-8766535844763', 'neutron.plugins.ml2.plugin.Ml2Plugin.notify_sg_on_port_change-1588369', 'neutron.plugins.ml2.ovo_rpc._ObjectChangeHandler.handle_event-554444', 'neutron.api.rpc.agentnotifiers.dhcp_rpc_agent_api.DhcpAgentNotifyAPI._native_event_send_dhcp_notification-670431'] for port, after_update _notify_loop /usr/lib/python2.7/site-packages/neutron_lib/callbacks/manager.py:167
2018-09-13 17:41:53.712 4147 DEBUG oslo_concurrency.lockutils [-] Lock "event-dispatch" acquired by "neutron.plugins.ml2.ovo_rpc.dispatch_events" :: waited 0.000s inner /usr/lib/python2.7/site-packages/oslo_concurrency/lockutils.py:270
2018-09-13 17:41:53.815 4137 DEBUG neutron.pecan_wsgi.hooks.policy_enforcement [req-16bb4295-d404-4a93-8ef6-abecf20c60a1 d1138ec1c77349f9b95c6580aab47cb8 007b5c587a144e49a50c9008f27cd2bd - default default] Attributes excluded by policy engine: [u'vlan_transparent'] _exclude_attributes_by_policy /usr/lib/python2.7/site-packages/neutron/pecan_wsgi/hooks/policy_enforcement.py:256
2018-09-13 17:41:53.817 4137 INFO neutron.wsgi [req-16bb4295-d404-4a93-8ef6-abecf20c60a1 d1138ec1c77349f9b95c6580aab47cb8 007b5c587a144e49a50c9008f27cd2bd - default default] 10.0.20.22 "GET /v2.0/networks?id=3ec4371f-ca4f-48fc-9a4a-06a4938bfa11 HTTP/1.1" status: 200  len: 885 time: 0.2295051
2018-09-13 17:41:53.837 4147 DEBUG neutron.api.rpc.handlers.resources_rpc [req-cf6e57b7-5085-4de9-9426-c304beaadeeb - - - - -] neutron.api.rpc.handlers.resources_rpc.ResourcesPushRpcApi method push called with arguments (<neutron_lib.context.Context object at 0x7f91e366a190>, [Port(admin_state_up=True,allowed_address_pairs=[],binding=PortBinding,binding_levels=[PortBindingLevel],created_at=2018-09-13T21:38:56Z,data_plane_status=<?>,description='',device_id='869c4bcd-9798-48cd-9b52-773117b89246',device_owner='compute:nova',dhcp_options=[],distributed_binding=None,dns=None,fixed_ips=[IPAllocation],id=2365533c-b22a-43eb-b279-f78f2befd4f4,mac_address=fa:16:3e:e6:e9:74,name='',network_id=3ec4371f-ca4f-48fc-9a4a-06a4938bfa11,project_id='b8386e3dda454cd68143339a1deddbf1',qos_policy_id=None,revision_number=8,security=PortSecurity(2365533c-b22a-43eb-b279-f78f2befd4f4),security_group_ids=set([a51afa88-d572-43d9-867d-a94bad405217]),status='ACTIVE',updated_at=2018-09-13T21:41:53Z)], 'updated') {} wrapper /usr/lib/python2.7/site-packages/oslo_log/helpers.py:66
2018-09-13 17:41:53.852 4147 DEBUG neutron.api.rpc.callbacks.version_manager [req-cf6e57b7-5085-4de9-9426-c304beaadeeb - - - - -] Version for resource type Subnet changed None to 1.0 on consumer Open vSwitch agent@localhost.localdomain _set_version /usr/lib/python2.7/site-packages/neutron/api/rpc/callbacks/version_manager.py:119
2018-09-13 17:41:53.853 4147 DEBUG neutron.api.rpc.callbacks.version_manager [req-cf6e57b7-5085-4de9-9426-c304beaadeeb - - - - -] Version for resource type Network changed None to 1.0 on consumer Open vSwitch agent@localhost.localdomain _set_version /usr/lib/python2.7/site-packages/neutron/api/rpc/callbacks/version_manager.py:119
2018-09-13 17:41:53.853 4147 DEBUG neutron.api.rpc.callbacks.version_manager [req-cf6e57b7-5085-4de9-9426-c304beaadeeb - - - - -] Version for resource type SubPort changed None to 1.0 on consumer Open vSwitch agent@localhost.localdomain _set_version /usr/lib/python2.7/site-packages/neutron/api/rpc/callbacks/version_manager.py:119
2018-09-13 17:41:53.854 4147 DEBUG neutron.api.rpc.callbacks.version_manager [req-cf6e57b7-5085-4de9-9426-c304beaadeeb - - - - -] Version for resource type SecurityGroup changed None to 1.0 on consumer Open vSwitch agent@localhost.localdomain _set_version /usr/lib/python2.7/site-packages/neutron/api/rpc/callbacks/version_manager.py:119
2018-09-13 17:41:53.854 4147 DEBUG neutron.api.rpc.callbacks.version_manager [req-cf6e57b7-5085-4de9-9426-c304beaadeeb - - - - -] Version for resource type SecurityGroupRule changed None to 1.0 on consumer Open vSwitch agent@localhost.localdomain _set_version /usr/lib/python2.7/site-packages/neutron/api/rpc/callbacks/version_manager.py:119
2018-09-13 17:41:53.855 4147 DEBUG neutron.api.rpc.callbacks.version_manager [req-cf6e57b7-5085-4de9-9426-c304beaadeeb - - - - -] Version for resource type Trunk changed None to 1.1 on consumer Open vSwitch agent@localhost.localdomain _set_version /usr/lib/python2.7/site-packages/neutron/api/rpc/callbacks/version_manager.py:119
2018-09-13 17:41:53.855 4147 DEBUG neutron.api.rpc.callbacks.version_manager [req-cf6e57b7-5085-4de9-9426-c304beaadeeb - - - - -] Version for resource type QosPolicy changed None to 1.6 on consumer Open vSwitch agent@localhost.localdomain _set_version /usr/lib/python2.7/site-packages/neutron/api/rpc/callbacks/version_manager.py:119
2018-09-13 17:41:53.856 4147 DEBUG neutron.api.rpc.callbacks.version_manager [req-cf6e57b7-5085-4de9-9426-c304beaadeeb - - - - -] Version for resource type Port changed None to 1.1 on consumer Open vSwitch agent@localhost.localdomain _set_version /usr/lib/python2.7/site-packages/neutron/api/rpc/callbacks/version_manager.py:119
2018-09-13 17:41:53.856 4147 DEBUG neutron.api.rpc.callbacks.version_manager [req-cf6e57b7-5085-4de9-9426-c304beaadeeb - - - - -] Version for resource type Log changed None to 1.0 on consumer Open vSwitch agent@localhost.localdomain _set_version /usr/lib/python2.7/site-packages/neutron/api/rpc/callbacks/version_manager.py:119
2018-09-13 17:41:53.865 4137 INFO neutron.wsgi [req-fb1cbb69-2e7d-4144-89b1-56670dfcb99a d1138ec1c77349f9b95c6580aab47cb8 007b5c587a144e49a50c9008f27cd2bd - default default] 10.0.20.22 "GET /v2.0/floatingips?fixed_ip_address=11.2.1.11&port_id=2365533c-b22a-43eb-b279-f78f2befd4f4 HTTP/1.1" status: 200  len: 749 time: 0.0431440
2018-09-13 17:41:53.875 4147 DEBUG oslo_concurrency.lockutils [req-cf6e57b7-5085-4de9-9426-c304beaadeeb - - - - -] Lock "event-dispatch" released by "neutron.plugins.ml2.ovo_rpc.dispatch_events" :: held 0.163s inner /usr/lib/python2.7/site-packages/oslo_concurrency/lockutils.py:282
2018-09-13 17:41:54.006 4137 DEBUG neutron.pecan_wsgi.hooks.policy_enforcement [req-9d5c605f-1cb1-4d8e-b7ec-fdefe65dce7b d1138ec1c77349f9b95c6580aab47cb8 007b5c587a144e49a50c9008f27cd2bd - default default] Attributes excluded by policy engine: [u'shared'] _exclude_attributes_by_policy /usr/lib/python2.7/site-packages/neutron/pecan_wsgi/hooks/policy_enforcement.py:256
2018-09-13 17:41:54.009 4137 INFO neutron.wsgi [req-9d5c605f-1cb1-4d8e-b7ec-fdefe65dce7b d1138ec1c77349f9b95c6580aab47cb8 007b5c587a144e49a50c9008f27cd2bd - default default] 10.0.20.22 "GET /v2.0/subnets?id=6afde19d-1ce4-4006-bd86-5f7bc529f32c HTTP/1.1" status: 200  len: 839 time: 0.1390619
2018-09-13 17:41:54.127 4137 INFO neutron.wsgi [req-0de57e76-6fd8-408b-b9c3-25d7e1db573a d1138ec1c77349f9b95c6580aab47cb8 007b5c587a144e49a50c9008f27cd2bd - default default] 10.0.20.22 "GET /v2.0/ports?network_id=3ec4371f-ca4f-48fc-9a4a-06a4938bfa11&device_owner=network%3Adhcp HTTP/1.1" status: 200  len: 1126 time: 0.1106601
2018-09-13 17:41:54.547 4139 INFO neutron.wsgi [req-7034b56c-4d5a-4fc4-8ee6-bdf908ce0a4d c9d3bd526c37439986c48609f5b4a5d6 b8386e3dda454cd68143339a1deddbf1 - 2d90c0e5dccb4501b39b109450abe3bf 2d90c0e5dccb4501b39b109450abe3bf] 10.0.20.22 "GET /v2.0/ports?device_id=869c4bcd-9798-48cd-9b52-773117b89246 HTTP/1.1" status: 200  len: 1123 time: 0.5612249
2018-09-13 17:41:54.609 4147 DEBUG novaclient.v2.client [-] REQ: curl -g -i -X POST http://10.0.20.22:8774/v2.1/007b5c587a144e49a50c9008f27cd2bd/os-server-external-events -H "User-Agent: python-novaclient" -H "Content-Type: application/json" -H "Accept: application/json" -H "X-OpenStack-Nova-API-Version: 2.1" -H "X-Auth-Token: {SHA1}3dcae53ac622527847b06bf5b3c6364e0a9289ad" -d '{"events": [{"status": "completed", "tag": "2365533c-b22a-43eb-b279-f78f2befd4f4", "name": "network-vif-plugged", "server_uuid": "869c4bcd-9798-48cd-9b52-773117b89246"}]}' _http_log_request /usr/lib/python2.7/site-packages/keystoneauth1/session.py:375
2018-09-13 17:41:54.667 4139 INFO neutron.wsgi [req-1ccf3061-cfc8-4e61-a33f-3cbbb65a105c c9d3bd526c37439986c48609f5b4a5d6 b8386e3dda454cd68143339a1deddbf1 - 2d90c0e5dccb4501b39b109450abe3bf 2d90c0e5dccb4501b39b109450abe3bf] 10.0.20.22 "GET /v2.0/security-groups?id=a51afa88-d572-43d9-867d-a94bad405217 HTTP/1.1" status: 200  len: 2118 time: 0.1140389
2018-09-13 17:41:55.145 4147 DEBUG novaclient.v2.client [-] RESP: [200] Content-Length: 183 Content-Type: application/json Openstack-Api-Version: compute 2.1 X-Openstack-Nova-Api-Version: 2.1 Vary: OpenStack-API-Version, X-OpenStack-Nova-API-Version X-Openstack-Request-Id: req-0f174743-51ef-47e4-b838-63dc9953ac02 X-Compute-Request-Id: req-0f174743-51ef-47e4-b838-63dc9953ac02 Date: Thu, 13 Sep 2018 21:41:55 GMT Connection: keep-alive 
RESP BODY: {"events": [{"status": "completed", "tag": "2365533c-b22a-43eb-b279-f78f2befd4f4", "name": "network-vif-plugged", "server_uuid": "869c4bcd-9798-48cd-9b52-773117b89246", "code": 200}]}
 _http_log_response /usr/lib/python2.7/site-packages/keystoneauth1/session.py:423
2018-09-13 17:41:55.146 4147 DEBUG novaclient.v2.client [-] POST call to compute for http://10.0.20.22:8774/v2.1/007b5c587a144e49a50c9008f27cd2bd/os-server-external-events used request id req-0f174743-51ef-47e4-b838-63dc9953ac02 request /usr/lib/python2.7/site-packages/keystoneauth1/session.py:727
2018-09-13 17:41:55.146 4147 INFO neutron.notifiers.nova [-] Nova event response: {u'status': u'completed', u'tag': u'2365533c-b22a-43eb-b279-f78f2befd4f4', u'name': u'network-vif-plugged', u'server_uuid': u'869c4bcd-9798-48cd-9b52-773117b89246', u'code': 200}
2018-09-13 17:41:55.231 4150 DEBUG neutron.plugins.ml2.rpc [req-cf6e57b7-5085-4de9-9426-c304beaadeeb - - - - -] Device 2365533c-b22a-43eb-b279-f78f2befd4f4 up at agent ovs-agent-localhost.localdomain update_device_up /usr/lib/python2.7/site-packages/neutron/plugins/ml2/rpc.py:244
2018-09-13 17:41:55.345 4150 DEBUG neutron.db.provisioning_blocks [req-cf6e57b7-5085-4de9-9426-c304beaadeeb - - - - -] Provisioning complete for port 2365533c-b22a-43eb-b279-f78f2befd4f4 triggered by entity L2. provisioning_complete /usr/lib/python2.7/site-packages/neutron/db/provisioning_blocks.py:138
2018-09-13 17:41:55.346 4150 DEBUG neutron_lib.callbacks.manager [req-cf6e57b7-5085-4de9-9426-c304beaadeeb - - - - -] Notify callbacks ['neutron.plugins.ml2.plugin.Ml2Plugin._port_provisioned--9223372036853387007'] for port, provisioning_complete _notify_loop /usr/lib/python2.7/site-packages/neutron_lib/callbacks/manager.py:167
2018-09-13 17:41:57.147 4147 DEBUG oslo_concurrency.lockutils [-] Lock "notifier-dedcd48b-4e51-4969-84ab-680a3a51ee2f" released by "neutron.notifiers.batch_notifier.synced_send" :: held 3.491s inner /usr/lib/python2.7/site-packages/oslo_concurrency/lockutils.py:282
2018-09-13 17:41:58.546 4145 DEBUG neutron_lib.callbacks.manager [req-176af5c6-c2b2-4fdb-a510-102451c2163b - - - - -] Notify callbacks ['neutron.services.segments.db._update_segment_host_mapping_for_agent--9223363270318579911'] for agent, after_update _notify_loop /usr/lib/python2.7/site-packages/neutron_lib/callbacks/manager.py:167
2018-09-13 17:41:58.557 4150 DEBUG neutron_lib.callbacks.manager [req-0e5a3556-dd74-4aeb-8354-89bd9b04b944 - - - - -] Notify callbacks ['neutron.services.segments.db._update_segment_host_mapping_for_agent--9223363270318579911'] for agent, after_update _notify_loop /usr/lib/python2.7/site-packages/neutron_lib/callbacks/manager.py:167
2018-09-13 17:41:59.146 4148 DEBUG neutron_lib.callbacks.manager [req-aa79816d-32fc-4d93-b69c-7cfc2b747df2 - - - - -] Notify callbacks ['neutron.services.segments.db._update_segment_host_mapping_for_agent--9223363270318579911'] for agent, after_update _notify_loop /usr/lib/python2.7/site-packages/neutron_lib/callbacks/manager.py:167
2018-09-13 17:42:00.484 4149 DEBUG neutron_lib.callbacks.manager [req-3e60813d-d8c8-4a7b-ab27-7ac02c52cd8c - - - - -] Notify callbacks ['neutron.services.segments.db._update_segment_host_mapping_for_agent--9223363270318579911'] for agent, after_update _notify_loop /usr/lib/python2.7/site-packages/neutron_lib/callbacks/manager.py:167
2018-09-13 17:42:13.050 4143 DEBUG neutron_lib.callbacks.manager [req-cf6e57b7-5085-4de9-9426-c304beaadeeb - - - - -] Notify callbacks ['neutron.services.segments.db._update_segment_host_mapping_for_agent--9223363270318579911'] for agent, after_update _notify_loop /usr/lib/python2.7/site-packages/neutron_lib/callbacks/manager.py:167
2018-09-13 17:42:15.826 4140 INFO neutron.wsgi [req-763bf6ed-53d1-4752-93ba-3ab677a38f9f d1138ec1c77349f9b95c6580aab47cb8 007b5c587a144e49a50c9008f27cd2bd - default default] 10.0.20.22 "GET /v2.0/ports?device_id=869c4bcd-9798-48cd-9b52-773117b89246 HTTP/1.1" status: 200  len: 1123 time: 0.1243930
2018-09-13 17:42:15.932 4140 INFO neutron.wsgi [req-4ca00b71-0d86-4881-9d26-9009e2dff702 d1138ec1c77349f9b95c6580aab47cb8 007b5c587a144e49a50c9008f27cd2bd - default default] 10.0.20.22 "GET /v2.0/security-groups?id=a51afa88-d572-43d9-867d-a94bad405217 HTTP/1.1" status: 200  len: 2118 time: 0.1009779
2018-09-13 17:42:16.764 4140 INFO neutron.wsgi [req-6d9cab05-c5a3-45bb-befd-d69316722fbb d1138ec1c77349f9b95c6580aab47cb8 007b5c587a144e49a50c9008f27cd2bd - default default] 10.0.20.22 "GET /v2.0/ports?device_id=869c4bcd-9798-48cd-9b52-773117b89246 HTTP/1.1" status: 200  len: 1123 time: 0.1179509
2018-09-13 17:42:16.865 4140 INFO neutron.wsgi [req-52b221c6-657f-4df3-a486-be437a35d0e2 d1138ec1c77349f9b95c6580aab47cb8 007b5c587a144e49a50c9008f27cd2bd - default default] 10.0.20.22 "GET /v2.0/security-groups?id=a51afa88-d572-43d9-867d-a94bad405217 HTTP/1.1" status: 200  len: 2118 time: 0.0950990
2018-09-13 17:42:18.505 4140 DEBUG neutron.wsgi [-] (4140) accepted ('10.0.20.22', 47890) server /usr/lib/python2.7/site-packages/eventlet/wsgi.py:883
2018-09-13 17:42:19.006 4140 INFO neutron.wsgi [req-1b602f25-0add-4358-92df-723e7ed85d06 d1138ec1c77349f9b95c6580aab47cb8 007b5c587a144e49a50c9008f27cd2bd - default default] 10.0.20.22 "GET /v2.0/ports?device_id=869c4bcd-9798-48cd-9b52-773117b89246 HTTP/1.1" status: 200  len: 1123 time: 0.4996440
