2018-06-30 14:42:50.431 16295 DEBUG neutron_lib.callbacks.manager [req-712e85ad-8a80-40da-97c7-f9d1c0cc307c - - - - -] Notify callbacks ['neutron.plugins.ml2.plugin.Ml2Plugin._port_provisioned-934316'] for port, provisioning_complete _notify_loop /usr/lib/python2.7/site-packages/neutron_lib/callbacks/manager.py:167
2018-06-30 14:42:50.524 16293 DEBUG neutron.wsgi [-] (16293) accepted ('10.0.20.25', 44242) server /usr/lib/python2.7/site-packages/eventlet/wsgi.py:883
2018-06-30 14:42:50.662 16295 DEBUG neutron_lib.callbacks.manager [req-712e85ad-8a80-40da-97c7-f9d1c0cc307c - - - - -] Notify callbacks ['neutron.plugins.ml2.plugin.Ml2Plugin._ensure_default_security_group_handler--9223372036854427808'] for port, before_update _notify_loop /usr/lib/python2.7/site-packages/neutron_lib/callbacks/manager.py:167
2018-06-30 14:42:50.764 16295 DEBUG oslo_concurrency.lockutils [-] Lock "notifier-d4f91cff-78d0-4802-b694-552b78f50c63" acquired by "neutron.notifiers.batch_notifier.synced_send" :: waited 0.000s inner /usr/lib/python2.7/site-packages/oslo_concurrency/lockutils.py:270
2018-06-30 14:42:50.765 16295 DEBUG neutron.notifiers.nova [-] Sending events: [{'status': 'completed', 'tag': u'0697754b-a559-4c66-81c8-fc86c59e7352', 'name': 'network-vif-plugged', 'server_uuid': u'd72831be-d139-4ee8-b3af-08db8a5332a9'}] send_events /usr/lib/python2.7/site-packages/neutron/notifiers/nova.py:242
2018-06-30 14:42:50.778 16295 DEBUG neutron.plugins.ml2.db [req-712e85ad-8a80-40da-97c7-f9d1c0cc307c - - - - -] For port 0697754b-a559-4c66-81c8-fc86c59e7352, host localhost.localdomain, got binding levels [<neutron.plugins.ml2.models.PortBindingLevel[object at 7f5072175890] {port_id=u'0697754b-a559-4c66-81c8-fc86c59e7352', host=u'localhost.localdomain', level=0, driver=u'openvswitch', segment_id=u'b57d0ff0-d295-4580-be08-603c5cb2a3ed'}>] get_binding_levels /usr/lib/python2.7/site-packages/neutron/plugins/ml2/db.py:106
2018-06-30 14:42:50.790 16295 DEBUG neutron_lib.callbacks.manager [req-712e85ad-8a80-40da-97c7-f9d1c0cc307c - - - - -] Notify callbacks ['neutron.plugins.ml2.ovo_rpc._ObjectChangeHandler.handle_event-1670438', 'neutron.db.l3_hascheduler_db._notify_l3_agent_ha_port_update-8748968849909', 'neutron.api.rpc.agentnotifiers.dhcp_rpc_agent_api.DhcpAgentNotifyAPI._native_event_send_dhcp_notification-1497631', 'neutron.db.l3_dvrscheduler_db._notify_l3_agent_port_update-8748968849834', 'neutron.plugins.ml2.plugin.Ml2Plugin.notify_sg_on_port_change-348125'] for port, after_update _notify_loop /usr/lib/python2.7/site-packages/neutron_lib/callbacks/manager.py:167
2018-06-30 14:42:50.813 16295 DEBUG oslo_concurrency.lockutils [-] Lock "event-dispatch" acquired by "neutron.plugins.ml2.ovo_rpc.dispatch_events" :: waited 0.000s inner /usr/lib/python2.7/site-packages/oslo_concurrency/lockutils.py:270
2018-06-30 14:42:50.872 16303 DEBUG neutron.db.agents_db [req-b03758df-3005-4111-8564-a715adfc7b38 - - - - -] Agent healthcheck: found 5 active agents agent_health_check /usr/lib/python2.7/site-packages/neutron/db/agents_db.py:281
2018-06-30 14:42:51.013 16295 DEBUG neutron.api.rpc.handlers.resources_rpc [req-712e85ad-8a80-40da-97c7-f9d1c0cc307c - - - - -] neutron.api.rpc.handlers.resources_rpc.ResourcesPushRpcApi method push called with arguments (<neutron_lib.context.Context object at 0x7f507218c950>, [Port(admin_state_up=True,allowed_address_pairs=[],binding=PortBinding,binding_levels=[PortBindingLevel],created_at=2018-06-30T12:42:37Z,data_plane_status=<?>,description='',device_id='d72831be-d139-4ee8-b3af-08db8a5332a9',device_owner='compute:nova',dhcp_options=[],distributed_binding=None,dns=None,fixed_ips=[IPAllocation],id=0697754b-a559-4c66-81c8-fc86c59e7352,mac_address=fa:16:3e:df:24:7a,name='',network_id=eafc7ef5-dc35-4193-8e6e-fa9119576c81,project_id='f6aad3014129423986612e42ca56555f',qos_policy_id=None,revision_number=6,security=PortSecurity(0697754b-a559-4c66-81c8-fc86c59e7352),security_group_ids=set([9c02e463-0be6-4dd6-b9de-6c98f2546e12]),status='ACTIVE',updated_at=2018-06-30T12:42:50Z)], 'updated') {} wrapper /usr/lib/python2.7/site-packages/oslo_log/helpers.py:66
2018-06-30 14:42:51.036 16295 DEBUG oslo_concurrency.lockutils [req-712e85ad-8a80-40da-97c7-f9d1c0cc307c - - - - -] Lock "event-dispatch" released by "neutron.plugins.ml2.ovo_rpc.dispatch_events" :: held 0.223s inner /usr/lib/python2.7/site-packages/oslo_concurrency/lockutils.py:282
2018-06-30 14:42:51.121 16293 WARNING keystonemiddleware.auth_token [-] A valid token was submitted as a service token, but it was not a valid service token. This is incorrect but backwards compatible behaviour. This will be removed in future releases.
2018-06-30 14:42:51.593 16293 DEBUG neutron.quota.resource [req-f9a7b434-61ed-4810-8486-6259d0a1bf62 0f943ea7f27b468f9f9ae0142a66f9ce f6aad3014129423986612e42ca56555f - 63d1baad086040f19c520fd26727f933 63d1baad086040f19c520fd26727f933] Synchronizing usage tracker for tenant:f6aad3014129423986612e42ca56555f on resource:port resync /usr/lib/python2.7/site-packages/neutron/quota/resource.py:245
2018-06-30 14:42:51.642 16293 DEBUG neutron.quota.resource [req-f9a7b434-61ed-4810-8486-6259d0a1bf62 0f943ea7f27b468f9f9ae0142a66f9ce f6aad3014129423986612e42ca56555f - 63d1baad086040f19c520fd26727f933 63d1baad086040f19c520fd26727f933] Unset dirty status for tenant:f6aad3014129423986612e42ca56555f on resource:port _resync /usr/lib/python2.7/site-packages/neutron/quota/resource.py:237
2018-06-30 14:42:51.645 16293 INFO neutron.wsgi [req-f9a7b434-61ed-4810-8486-6259d0a1bf62 0f943ea7f27b468f9f9ae0142a66f9ce f6aad3014129423986612e42ca56555f - 63d1baad086040f19c520fd26727f933 63d1baad086040f19c520fd26727f933] 10.0.20.25 "GET /v2.0/ports?device_id=d72831be-d139-4ee8-b3af-08db8a5332a9 HTTP/1.1" status: 200  len: 1123 time: 1.1185029
2018-06-30 14:42:51.835 16293 INFO neutron.wsgi [req-4fcd0386-1282-466d-a3eb-92921594fea2 0f943ea7f27b468f9f9ae0142a66f9ce f6aad3014129423986612e42ca56555f - 63d1baad086040f19c520fd26727f933 63d1baad086040f19c520fd26727f933] 10.0.20.25 "GET /v2.0/security-groups?id=9c02e463-0be6-4dd6-b9de-6c98f2546e12 HTTP/1.1" status: 200  len: 2118 time: 0.1472449
2018-06-30 14:42:52.060 16295 DEBUG novaclient.v2.client [-] REQ: curl -g -i -X POST http://10.0.20.25:8774/v2.1/910acf3b84b64f358e48f506530f7cb1/os-server-external-events -H "User-Agent: python-novaclient" -H "Content-Type: application/json" -H "Accept: application/json" -H "X-OpenStack-Nova-API-Version: 2.1" -H "X-Auth-Token: {SHA1}446f43a3b08d147ac9f37b573025a8aa8471e104" -d '{"events": [{"status": "completed", "tag": "0697754b-a559-4c66-81c8-fc86c59e7352", "name": "network-vif-plugged", "server_uuid": "d72831be-d139-4ee8-b3af-08db8a5332a9"}]}' _http_log_request /usr/lib/python2.7/site-packages/keystoneauth1/session.py:375
2018-06-30 14:42:52.069 16294 DEBUG neutron.plugins.ml2.rpc [req-712e85ad-8a80-40da-97c7-f9d1c0cc307c - - - - -] Device 0697754b-a559-4c66-81c8-fc86c59e7352 up at agent ovs-agent-localhost.localdomain update_device_up /usr/lib/python2.7/site-packages/neutron/plugins/ml2/rpc.py:244
2018-06-30 14:42:52.219 16294 DEBUG neutron.db.provisioning_blocks [req-712e85ad-8a80-40da-97c7-f9d1c0cc307c - - - - -] Provisioning complete for port 0697754b-a559-4c66-81c8-fc86c59e7352 triggered by entity L2. provisioning_complete /usr/lib/python2.7/site-packages/neutron/db/provisioning_blocks.py:138
2018-06-30 14:42:52.220 16294 DEBUG neutron_lib.callbacks.manager [req-712e85ad-8a80-40da-97c7-f9d1c0cc307c - - - - -] Notify callbacks ['neutron.plugins.ml2.plugin.Ml2Plugin._port_provisioned-934316'] for port, provisioning_complete _notify_loop /usr/lib/python2.7/site-packages/neutron_lib/callbacks/manager.py:167
2018-06-30 14:42:52.763 16295 DEBUG novaclient.v2.client [-] RESP: [200] Content-Length: 183 Content-Type: application/json Openstack-Api-Version: compute 2.1 X-Openstack-Nova-Api-Version: 2.1 Vary: OpenStack-API-Version, X-OpenStack-Nova-API-Version X-Openstack-Request-Id: req-fd3315e0-58ef-474e-8b3a-98f961340bff X-Compute-Request-Id: req-fd3315e0-58ef-474e-8b3a-98f961340bff Date: Sat, 30 Jun 2018 12:42:52 GMT Connection: keep-alive 
RESP BODY: {"events": [{"status": "completed", "tag": "0697754b-a559-4c66-81c8-fc86c59e7352", "name": "network-vif-plugged", "server_uuid": "d72831be-d139-4ee8-b3af-08db8a5332a9", "code": 200}]}
 _http_log_response /usr/lib/python2.7/site-packages/keystoneauth1/session.py:423
2018-06-30 14:42:52.764 16295 DEBUG novaclient.v2.client [-] POST call to compute for http://10.0.20.25:8774/v2.1/910acf3b84b64f358e48f506530f7cb1/os-server-external-events used request id req-fd3315e0-58ef-474e-8b3a-98f961340bff request /usr/lib/python2.7/site-packages/keystoneauth1/session.py:727
2018-06-30 14:42:52.778 16295 INFO neutron.notifiers.nova [-] Nova event response: {u'status': u'completed', u'tag': u'0697754b-a559-4c66-81c8-fc86c59e7352', u'name': u'network-vif-plugged', u'server_uuid': u'd72831be-d139-4ee8-b3af-08db8a5332a9', u'code': 200}
2018-06-30 14:42:54.781 16295 DEBUG oslo_concurrency.lockutils [-] Lock "notifier-d4f91cff-78d0-4802-b694-552b78f50c63" released by "neutron.notifiers.batch_notifier.synced_send" :: held 4.017s inner /usr/lib/python2.7/site-packages/oslo_concurrency/lockutils.py:282
2018-06-30 14:42:56.301 16297 DEBUG neutron_lib.callbacks.manager [req-4ac44fda-7a76-48e2-9a9c-aae967fe5b5c - - - - -] Notify callbacks ['neutron.services.segments.db._update_segment_host_mapping_for_agent-8748969211186'] for agent, after_update _notify_loop /usr/lib/python2.7/site-packages/neutron_lib/callbacks/manager.py:167
2018-06-30 14:42:56.329 16301 DEBUG neutron_lib.callbacks.manager [req-712e85ad-8a80-40da-97c7-f9d1c0cc307c - - - - -] Notify callbacks ['neutron.services.segments.db._update_segment_host_mapping_for_agent-8748969211186'] for agent, after_update _notify_loop /usr/lib/python2.7/site-packages/neutron_lib/callbacks/manager.py:167
2018-06-30 14:42:56.335 16295 DEBUG neutron_lib.callbacks.manager [req-46eaf9d5-dddd-4714-880e-77f711c30cec - - - - -] Notify callbacks ['neutron.services.segments.db._update_segment_host_mapping_for_agent-8748969211186'] for agent, after_update _notify_loop /usr/lib/python2.7/site-packages/neutron_lib/callbacks/manager.py:167
2018-06-30 14:42:56.351 16296 DEBUG neutron_lib.callbacks.manager [req-fcd3b227-2b83-46cc-99b3-cc2425ea94be - - - - -] Notify callbacks ['neutron.services.segments.db._update_segment_host_mapping_for_agent-8748969211186'] for agent, after_update _notify_loop /usr/lib/python2.7/site-packages/neutron_lib/callbacks/manager.py:167
2018-06-30 14:43:05.818 16292 DEBUG neutron.wsgi [-] (16292) accepted ('10.0.20.25', 45340) server /usr/lib/python2.7/site-packages/eventlet/wsgi.py:883
2018-06-30 14:43:05.835 16292 WARNING keystonemiddleware.auth_token [-] Using the in-process token cache is deprecated as of the 4.2.0 release and may be removed in the 5.0.0 release or the 'O' development cycle. The in-process cache causes inconsistent results and high memory usage. When the feature is removed the auth_token middleware will not cache tokens by default which may result in performance issues. It is recommended to use  memcache for the auth_token token cache by setting the memcached_servers option.
2018-06-30 14:43:07.052 16299 DEBUG neutron_lib.callbacks.manager [req-f2538404-df91-4c26-939e-42f4768a95c1 - - - - -] Notify callbacks ['neutron.services.segments.db._update_segment_host_mapping_for_agent-8748969211186'] for agent, after_update _notify_loop /usr/lib/python2.7/site-packages/neutron_lib/callbacks/manager.py:167
2018-06-30 14:43:07.517 16292 WARNING keystonemiddleware.auth_token [-] A valid token was submitted as a service token, but it was not a valid service token. This is incorrect but backwards compatible behaviour. This will be removed in future releases.
2018-06-30 14:43:07.961 16292 DEBUG oslo_policy._cache_handler [req-6b10e0a4-e451-4f46-ac63-2a02219c405e 0f943ea7f27b468f9f9ae0142a66f9ce f6aad3014129423986612e42ca56555f - 63d1baad086040f19c520fd26727f933 63d1baad086040f19c520fd26727f933] Reloading cached file /etc/neutron/policy.json read_cached_file /usr/lib/python2.7/site-packages/oslo_policy/_cache_handler.py:40
2018-06-30 14:43:08.008 16292 DEBUG oslo_policy.policy [req-6b10e0a4-e451-4f46-ac63-2a02219c405e 0f943ea7f27b468f9f9ae0142a66f9ce f6aad3014129423986612e42ca56555f - 63d1baad086040f19c520fd26727f933 63d1baad086040f19c520fd26727f933] Reloaded policy file: /etc/neutron/policy.json _load_policy_file /usr/lib/python2.7/site-packages/oslo_policy/policy.py:681
2018-06-30 14:43:08.640 16292 DEBUG oslo_policy._cache_handler [req-6b10e0a4-e451-4f46-ac63-2a02219c405e 0f943ea7f27b468f9f9ae0142a66f9ce f6aad3014129423986612e42ca56555f - 63d1baad086040f19c520fd26727f933 63d1baad086040f19c520fd26727f933] Reloading cached file /etc/neutron/policy.json read_cached_file /usr/lib/python2.7/site-packages/oslo_policy/_cache_handler.py:40
2018-06-30 14:43:08.665 16292 DEBUG oslo_policy.policy [req-6b10e0a4-e451-4f46-ac63-2a02219c405e 0f943ea7f27b468f9f9ae0142a66f9ce f6aad3014129423986612e42ca56555f - 63d1baad086040f19c520fd26727f933 63d1baad086040f19c520fd26727f933] Reloaded policy file: /etc/neutron/policy.json _load_policy_file /usr/lib/python2.7/site-packages/oslo_policy/policy.py:681
2018-06-30 14:43:08.676 16292 INFO neutron.wsgi [req-6b10e0a4-e451-4f46-ac63-2a02219c405e 0f943ea7f27b468f9f9ae0142a66f9ce f6aad3014129423986612e42ca56555f - 63d1baad086040f19c520fd26727f933 63d1baad086040f19c520fd26727f933] 10.0.20.25 "GET /v2.0/ports?device_id=d72831be-d139-4ee8-b3af-08db8a5332a9 HTTP/1.1" status: 200  len: 1123 time: 2.8493710
2018-06-30 14:43:09.188 16292 INFO neutron.wsgi [req-10bc387e-6a72-4e90-b86f-c067b659f486 0f943ea7f27b468f9f9ae0142a66f9ce f6aad3014129423986612e42ca56555f - 63d1baad086040f19c520fd26727f933 63d1baad086040f19c520fd26727f933] 10.0.20.25 "GET /v2.0/security-groups?id=9c02e463-0be6-4dd6-b9de-6c98f2546e12 HTTP/1.1" status: 200  len: 2118 time: 0.4776740
2018-06-30 14:43:23.847 16292 DEBUG neutron.wsgi [-] (16292) accepted ('10.0.20.25', 45366) server /usr/lib/python2.7/site-packages/eventlet/wsgi.py:883
2018-06-30 14:43:23.853 16292 INFO neutron.wsgi [-] 10.0.20.25 "GET / HTTP/1.1" status: 200  len: 252 time: 0.0038769
2018-06-30 14:43:24.683 16292 INFO neutron.pecan_wsgi.hooks.translation [req-5f12c8a9-c759-4f5f-86c3-110521e3ce61 82758ee9dbed4bdf919e32bc6135cc36 f7db0ec7eef2499fb14973cea9da1187 - default default] GET failed (client error): The resource could not be found.
2018-06-30 14:43:24.688 16292 INFO neutron.wsgi [req-5f12c8a9-c759-4f5f-86c3-110521e3ce61 82758ee9dbed4bdf919e32bc6135cc36 f7db0ec7eef2499fb14973cea9da1187 - default default] 10.0.20.25 "GET /v2.0/networks/public HTTP/1.1" status: 404  len: 314 time: 0.8277490
2018-06-30 14:43:25.132 16292 DEBUG neutron.pecan_wsgi.hooks.policy_enforcement [req-991af391-40b5-42fc-94b8-e12b183851dd 82758ee9dbed4bdf919e32bc6135cc36 f7db0ec7eef2499fb14973cea9da1187 - default default] Attributes excluded by policy engine: [u'vlan_transparent'] _exclude_attributes_by_policy /usr/lib/python2.7/site-packages/neutron/pecan_wsgi/hooks/policy_enforcement.py:256
2018-06-30 14:43:25.133 16292 DEBUG neutron.pecan_wsgi.hooks.policy_enforcement [req-991af391-40b5-42fc-94b8-e12b183851dd 82758ee9dbed4bdf919e32bc6135cc36 f7db0ec7eef2499fb14973cea9da1187 - default default] Attributes excluded by policy engine: [u'vlan_transparent'] _exclude_attributes_by_policy /usr/lib/python2.7/site-packages/neutron/pecan_wsgi/hooks/policy_enforcement.py:256
2018-06-30 14:43:25.134 16292 DEBUG neutron.pecan_wsgi.hooks.policy_enforcement [req-991af391-40b5-42fc-94b8-e12b183851dd 82758ee9dbed4bdf919e32bc6135cc36 f7db0ec7eef2499fb14973cea9da1187 - default default] Attributes excluded by policy engine: [u'vlan_transparent'] _exclude_attributes_by_policy /usr/lib/python2.7/site-packages/neutron/pecan_wsgi/hooks/policy_enforcement.py:256
2018-06-30 14:43:25.137 16292 INFO neutron.wsgi [req-991af391-40b5-42fc-94b8-e12b183851dd 82758ee9dbed4bdf919e32bc6135cc36 f7db0ec7eef2499fb14973cea9da1187 - default default] 10.0.20.25 "GET /v2.0/networks HTTP/1.1" status: 200  len: 2214 time: 0.4393520
2018-06-30 14:43:26.063 16292 DEBUG neutron.api.v2.base [req-0622ce21-a176-4d6c-ba8b-e2be1279a0d3 82758ee9dbed4bdf919e32bc6135cc36 f7db0ec7eef2499fb14973cea9da1187 - default default] Request body: {u'floatingip': {u'floating_network_id': u'bccef923-8280-488c-84aa-955d7841d8ff', u'tenant_id': u'f6aad3014129423986612e42ca56555f'}} prepare_request_body /usr/lib/python2.7/site-packages/neutron/api/v2/base.py:695
2018-06-30 14:43:26.066 16292 INFO neutron.quota [req-0622ce21-a176-4d6c-ba8b-e2be1279a0d3 82758ee9dbed4bdf919e32bc6135cc36 f7db0ec7eef2499fb14973cea9da1187 - default default] Loaded quota_driver: <neutron.db.quota.driver.DbQuotaDriver object at 0x7f507268d390>.
2018-06-30 14:43:26.088 16292 DEBUG neutron.db.quota.driver [req-0622ce21-a176-4d6c-ba8b-e2be1279a0d3 82758ee9dbed4bdf919e32bc6135cc36 f7db0ec7eef2499fb14973cea9da1187 - default default] Resources subnetpool have unlimited quota limit. It is not required to calculate headroom  make_reservation /usr/lib/python2.7/site-packages/neutron/db/quota/driver.py:223
2018-06-30 14:43:26.103 16292 DEBUG neutron.quota.resource [req-0622ce21-a176-4d6c-ba8b-e2be1279a0d3 82758ee9dbed4bdf919e32bc6135cc36 f7db0ec7eef2499fb14973cea9da1187 - default default] Usage tracker for resource:floatingip and tenant:f6aad3014129423986612e42ca56555f is out of sync, need to count used quota count_used /usr/lib/python2.7/site-packages/neutron/quota/resource.py:274
2018-06-30 14:43:26.124 16292 DEBUG neutron.quota.resource [req-0622ce21-a176-4d6c-ba8b-e2be1279a0d3 82758ee9dbed4bdf919e32bc6135cc36 f7db0ec7eef2499fb14973cea9da1187 - default default] Quota usage for floatingip was recalculated. Used quota:0. count_used /usr/lib/python2.7/site-packages/neutron/quota/resource.py:293
2018-06-30 14:43:26.146 16292 DEBUG neutron.db.quota.driver [req-0622ce21-a176-4d6c-ba8b-e2be1279a0d3 82758ee9dbed4bdf919e32bc6135cc36 f7db0ec7eef2499fb14973cea9da1187 - default default] Attempting to reserve 1 items for resource floatingip. Total usage: 0; quota limit: 50; headroom:50 make_reservation /usr/lib/python2.7/site-packages/neutron/db/quota/driver.py:255
2018-06-30 14:43:26.337 16300 DEBUG neutron_lib.callbacks.manager [req-1bbf2471-c8ef-4171-831b-65bb826cd2f0 - - - - -] Notify callbacks ['neutron.services.segments.db._update_segment_host_mapping_for_agent-8748969211186'] for agent, after_update _notify_loop /usr/lib/python2.7/site-packages/neutron_lib/callbacks/manager.py:167
2018-06-30 14:43:26.371 16302 DEBUG neutron_lib.callbacks.manager [req-712e85ad-8a80-40da-97c7-f9d1c0cc307c - - - - -] Notify callbacks ['neutron.services.segments.db._update_segment_host_mapping_for_agent-8748969211186'] for agent, after_update _notify_loop /usr/lib/python2.7/site-packages/neutron_lib/callbacks/manager.py:167
2018-06-30 14:43:26.395 16298 DEBUG neutron_lib.callbacks.manager [req-fcd3b227-2b83-46cc-99b3-cc2425ea94be - - - - -] Notify callbacks ['neutron.services.segments.db._update_segment_host_mapping_for_agent-8748969211186'] for agent, after_update _notify_loop /usr/lib/python2.7/site-packages/neutron_lib/callbacks/manager.py:167
2018-06-30 14:43:26.394 16294 DEBUG neutron_lib.callbacks.manager [req-46eaf9d5-dddd-4714-880e-77f711c30cec - - - - -] Notify callbacks ['neutron.services.segments.db._update_segment_host_mapping_for_agent-8748969211186'] for agent, after_update _notify_loop /usr/lib/python2.7/site-packages/neutron_lib/callbacks/manager.py:167
2018-06-30 14:43:26.620 16292 DEBUG neutron_lib.callbacks.manager [req-0622ce21-a176-4d6c-ba8b-e2be1279a0d3 82758ee9dbed4bdf919e32bc6135cc36 f7db0ec7eef2499fb14973cea9da1187 - default default] Notify callbacks ['neutron.plugins.ml2.plugin.Ml2Plugin._ensure_default_security_group_handler--9223372036854427808'] for port, before_create _notify_loop /usr/lib/python2.7/site-packages/neutron_lib/callbacks/manager.py:167
2018-06-30 14:43:27.447 16292 DEBUG neutron.db.db_base_plugin_common [req-0622ce21-a176-4d6c-ba8b-e2be1279a0d3 82758ee9dbed4bdf919e32bc6135cc36 f7db0ec7eef2499fb14973cea9da1187 - default default] Allocated IP 172.24.4.6 (bccef923-8280-488c-84aa-955d7841d8ff/4c4b2f34-8d32-4a55-b583-46e460575449/ce148d6c-7230-4e27-a44c-dcb8e73f091f) _store_ip_allocation /usr/lib/python2.7/site-packages/neutron/db/db_base_plugin_common.py:122
2018-06-30 14:43:27.540 16291 DEBUG neutron.wsgi [-] (16291) accepted ('10.0.20.25', 45400) server /usr/lib/python2.7/site-packages/eventlet/wsgi.py:883
2018-06-30 14:43:27.806 16292 DEBUG neutron_lib.callbacks.manager [req-0622ce21-a176-4d6c-ba8b-e2be1279a0d3 82758ee9dbed4bdf919e32bc6135cc36 f7db0ec7eef2499fb14973cea9da1187 - default default] Notify callbacks [] for port, precommit_create _notify_loop /usr/lib/python2.7/site-packages/neutron_lib/callbacks/manager.py:167
2018-06-30 14:43:27.871 16303 DEBUG neutron.db.agents_db [req-b03758df-3005-4111-8564-a715adfc7b38 - - - - -] Agent healthcheck: found 5 active agents agent_health_check /usr/lib/python2.7/site-packages/neutron/db/agents_db.py:281
2018-06-30 14:43:27.911 16292 DEBUG neutron_lib.callbacks.manager [req-0622ce21-a176-4d6c-ba8b-e2be1279a0d3 82758ee9dbed4bdf919e32bc6135cc36 f7db0ec7eef2499fb14973cea9da1187 - default default] Notify callbacks ['neutron.plugins.ml2.ovo_rpc._ObjectChangeHandler.handle_event-1670438', 'neutron.db.l3_dvrscheduler_db._notify_l3_agent_new_port-8748968849819', 'neutron.api.rpc.agentnotifiers.dhcp_rpc_agent_api.DhcpAgentNotifyAPI._native_event_send_dhcp_notification-1497631', 'neutron.plugins.ml2.plugin.Ml2Plugin.notify_sg_on_port_change-348125'] for port, after_create _notify_loop /usr/lib/python2.7/site-packages/neutron_lib/callbacks/manager.py:167
2018-06-30 14:43:27.912 16292 DEBUG neutron.db.l3_dvrscheduler_db [req-0622ce21-a176-4d6c-ba8b-e2be1279a0d3 82758ee9dbed4bdf919e32bc6135cc36 f7db0ec7eef2499fb14973cea9da1187 - default default] Received port after_create _notify_l3_agent_new_port /usr/lib/python2.7/site-packages/neutron/db/l3_dvrscheduler_db.py:392
2018-06-30 14:43:27.953 16292 DEBUG oslo_concurrency.lockutils [-] Lock "event-dispatch" acquired by "neutron.plugins.ml2.ovo_rpc.dispatch_events" :: waited 0.000s inner /usr/lib/python2.7/site-packages/oslo_concurrency/lockutils.py:270
2018-06-30 14:43:28.046 16291 INFO neutron.wsgi [req-7ed73feb-6615-44ce-a727-4bbdd02ae51f db7e024eefa34f0d9525ad1ee1475527 910acf3b84b64f358e48f506530f7cb1 - default default] 10.0.20.25 "GET /v2.0/ports?device_id=d72831be-d139-4ee8-b3af-08db8a5332a9 HTTP/1.1" status: 200  len: 1123 time: 0.5030439
2018-06-30 14:43:28.226 16291 INFO neutron.wsgi [req-0ffc29ce-1104-4e68-b41a-cb16d76c2caf db7e024eefa34f0d9525ad1ee1475527 910acf3b84b64f358e48f506530f7cb1 - default default] 10.0.20.25 "GET /v2.0/security-groups?id=9c02e463-0be6-4dd6-b9de-6c98f2546e12 HTTP/1.1" status: 200  len: 2118 time: 0.1465111
2018-06-30 14:43:28.253 16292 DEBUG neutron.api.rpc.handlers.resources_rpc [req-0622ce21-a176-4d6c-ba8b-e2be1279a0d3 82758ee9dbed4bdf919e32bc6135cc36 f7db0ec7eef2499fb14973cea9da1187 - - -] neutron.api.rpc.handlers.resources_rpc.ResourcesPushRpcApi method push called with arguments (<neutron_lib.context.Context object at 0x7f507209fa10>, [Port(admin_state_up=True,allowed_address_pairs=[],binding=PortBinding,binding_levels=[],created_at=2018-06-30T12:43:27Z,data_plane_status=<?>,description='',device_id='PENDING',device_owner='network:floatingip',dhcp_options=[],distributed_binding=None,dns=None,fixed_ips=[IPAllocation],id=ce148d6c-7230-4e27-a44c-dcb8e73f091f,mac_address=fa:16:3e:ed:da:74,name='',network_id=bccef923-8280-488c-84aa-955d7841d8ff,project_id='',qos_policy_id=None,revision_number=3,security=PortSecurity(ce148d6c-7230-4e27-a44c-dcb8e73f091f),security_group_ids=set([]),status='N/A',updated_at=2018-06-30T12:43:27Z)], 'updated') {} wrapper /usr/lib/python2.7/site-packages/oslo_log/helpers.py:66
2018-06-30 14:43:28.302 16292 DEBUG neutron.api.rpc.callbacks.version_manager [req-0622ce21-a176-4d6c-ba8b-e2be1279a0d3 82758ee9dbed4bdf919e32bc6135cc36 f7db0ec7eef2499fb14973cea9da1187 - - -] Version for resource type Subnet changed None to 1.0 on consumer Open vSwitch agent@localhost.localdomain _set_version /usr/lib/python2.7/site-packages/neutron/api/rpc/callbacks/version_manager.py:119
2018-06-30 14:43:28.303 16292 DEBUG neutron.api.rpc.callbacks.version_manager [req-0622ce21-a176-4d6c-ba8b-e2be1279a0d3 82758ee9dbed4bdf919e32bc6135cc36 f7db0ec7eef2499fb14973cea9da1187 - - -] Version for resource type Network changed None to 1.0 on consumer Open vSwitch agent@localhost.localdomain _set_version /usr/lib/python2.7/site-packages/neutron/api/rpc/callbacks/version_manager.py:119
2018-06-30 14:43:28.304 16292 DEBUG neutron.api.rpc.callbacks.version_manager [req-0622ce21-a176-4d6c-ba8b-e2be1279a0d3 82758ee9dbed4bdf919e32bc6135cc36 f7db0ec7eef2499fb14973cea9da1187 - - -] Version for resource type SubPort changed None to 1.0 on consumer Open vSwitch agent@localhost.localdomain _set_version /usr/lib/python2.7/site-packages/neutron/api/rpc/callbacks/version_manager.py:119
2018-06-30 14:43:28.304 16292 DEBUG neutron.api.rpc.callbacks.version_manager [req-0622ce21-a176-4d6c-ba8b-e2be1279a0d3 82758ee9dbed4bdf919e32bc6135cc36 f7db0ec7eef2499fb14973cea9da1187 - - -] Version for resource type SecurityGroup changed None to 1.0 on consumer Open vSwitch agent@localhost.localdomain _set_version /usr/lib/python2.7/site-packages/neutron/api/rpc/callbacks/version_manager.py:119
2018-06-30 14:43:28.305 16292 DEBUG neutron.api.rpc.callbacks.version_manager [req-0622ce21-a176-4d6c-ba8b-e2be1279a0d3 82758ee9dbed4bdf919e32bc6135cc36 f7db0ec7eef2499fb14973cea9da1187 - - -] Version for resource type SecurityGroupRule changed None to 1.0 on consumer Open vSwitch agent@localhost.localdomain _set_version /usr/lib/python2.7/site-packages/neutron/api/rpc/callbacks/version_manager.py:119
2018-06-30 14:43:28.306 16292 DEBUG neutron.api.rpc.callbacks.version_manager [req-0622ce21-a176-4d6c-ba8b-e2be1279a0d3 82758ee9dbed4bdf919e32bc6135cc36 f7db0ec7eef2499fb14973cea9da1187 - - -] Version for resource type Trunk changed None to 1.1 on consumer Open vSwitch agent@localhost.localdomain _set_version /usr/lib/python2.7/site-packages/neutron/api/rpc/callbacks/version_manager.py:119
2018-06-30 14:43:28.306 16292 DEBUG neutron.api.rpc.callbacks.version_manager [req-0622ce21-a176-4d6c-ba8b-e2be1279a0d3 82758ee9dbed4bdf919e32bc6135cc36 f7db0ec7eef2499fb14973cea9da1187 - - -] Version for resource type QosPolicy changed None to 1.6 on consumer Open vSwitch agent@localhost.localdomain _set_version /usr/lib/python2.7/site-packages/neutron/api/rpc/callbacks/version_manager.py:119
2018-06-30 14:43:28.307 16292 DEBUG neutron.api.rpc.callbacks.version_manager [req-0622ce21-a176-4d6c-ba8b-e2be1279a0d3 82758ee9dbed4bdf919e32bc6135cc36 f7db0ec7eef2499fb14973cea9da1187 - - -] Version for resource type Port changed None to 1.1 on consumer Open vSwitch agent@localhost.localdomain _set_version /usr/lib/python2.7/site-packages/neutron/api/rpc/callbacks/version_manager.py:119
2018-06-30 14:43:28.307 16292 DEBUG neutron.api.rpc.callbacks.version_manager [req-0622ce21-a176-4d6c-ba8b-e2be1279a0d3 82758ee9dbed4bdf919e32bc6135cc36 f7db0ec7eef2499fb14973cea9da1187 - - -] Version for resource type Log changed None to 1.0 on consumer Open vSwitch agent@localhost.localdomain _set_version /usr/lib/python2.7/site-packages/neutron/api/rpc/callbacks/version_manager.py:119
2018-06-30 14:43:28.311 16292 DEBUG neutron.api.rpc.callbacks.version_manager [req-0622ce21-a176-4d6c-ba8b-e2be1279a0d3 82758ee9dbed4bdf919e32bc6135cc36 f7db0ec7eef2499fb14973cea9da1187 - - -] Tracked resource versions report:
pushed versions:
{   'Log': set(['1.0']),
    'Network': set(['1.0']),
    'Port': set(['1.1']),
    'QosPolicy': set(['1.6']),
    'SecurityGroup': set(['1.0']),
    'SecurityGroupRule': set(['1.0']),
    'SubPort': set(['1.0']),
    'Subnet': set(['1.0']),
    'Trunk': set(['1.1'])}

consumer versions:
{   DHCP agent@localhost.localdomain: {   },
    L3 agent@localhost.localdomain: {   },
    Metadata agent@localhost.localdomain: {   },
    Metering agent@localhost.localdomain: {   },
    Open vSwitch agent@localhost.localdomain: {   u'Log': u'1.0',
                                                  u'Network': u'1.0',
                                                  u'Port': u'1.1',
                                                  u'QosPolicy': u'1.6',
                                                  u'SecurityGroup': u'1.0',
                                                  u'SecurityGroupRule': u'1.0',
                                                  u'SubPort': u'1.0',
                                                  u'Subnet': u'1.0',
                                                  u'Trunk': u'1.1'}}
 report /usr/lib/python2.7/site-packages/neutron/api/rpc/callbacks/version_manager.py:178
2018-06-30 14:43:28.705 16292 DEBUG neutron.scheduler.dhcp_agent_scheduler [req-0622ce21-a176-4d6c-ba8b-e2be1279a0d3 82758ee9dbed4bdf919e32bc6135cc36 f7db0ec7eef2499fb14973cea9da1187 - default default] Network bccef923-8280-488c-84aa-955d7841d8ff is already hosted by enough agents. _get_dhcp_agents_hosting_network /usr/lib/python2.7/site-packages/neutron/scheduler/dhcp_agent_scheduler.py:243
2018-06-30 14:43:28.766 16292 DEBUG oslo_concurrency.lockutils [req-0622ce21-a176-4d6c-ba8b-e2be1279a0d3 82758ee9dbed4bdf919e32bc6135cc36 f7db0ec7eef2499fb14973cea9da1187 - - -] Lock "event-dispatch" released by "neutron.plugins.ml2.ovo_rpc.dispatch_events" :: held 0.813s inner /usr/lib/python2.7/site-packages/oslo_concurrency/lockutils.py:282
2018-06-30 14:43:28.929 16292 DEBUG neutron_lib.callbacks.manager [req-0622ce21-a176-4d6c-ba8b-e2be1279a0d3 82758ee9dbed4bdf919e32bc6135cc36 f7db0ec7eef2499fb14973cea9da1187 - default default] Notify callbacks ['neutron.plugins.ml2.plugin.Ml2Plugin._ensure_default_security_group_handler--9223372036854427808'] for port, before_update _notify_loop /usr/lib/python2.7/site-packages/neutron_lib/callbacks/manager.py:167
2018-06-30 14:43:29.634 16292 DEBUG neutron_lib.callbacks.manager [req-0622ce21-a176-4d6c-ba8b-e2be1279a0d3 82758ee9dbed4bdf919e32bc6135cc36 f7db0ec7eef2499fb14973cea9da1187 - default default] Notify callbacks [] for port, precommit_update _notify_loop /usr/lib/python2.7/site-packages/neutron_lib/callbacks/manager.py:167
2018-06-30 14:43:29.646 16292 DEBUG neutron_lib.callbacks.manager [req-0622ce21-a176-4d6c-ba8b-e2be1279a0d3 82758ee9dbed4bdf919e32bc6135cc36 f7db0ec7eef2499fb14973cea9da1187 - default default] Notify callbacks ['neutron.plugins.ml2.ovo_rpc._ObjectChangeHandler.handle_event-1670438', 'neutron.db.l3_hascheduler_db._notify_l3_agent_ha_port_update-8748968849909', 'neutron.api.rpc.agentnotifiers.dhcp_rpc_agent_api.DhcpAgentNotifyAPI._native_event_send_dhcp_notification-1497631', 'neutron.db.l3_dvrscheduler_db._notify_l3_agent_port_update-8748968849834', 'neutron.plugins.ml2.plugin.Ml2Plugin.notify_sg_on_port_change-348125'] for port, after_update _notify_loop /usr/lib/python2.7/site-packages/neutron_lib/callbacks/manager.py:167
2018-06-30 14:43:29.672 16292 DEBUG oslo_concurrency.lockutils [-] Lock "event-dispatch" acquired by "neutron.plugins.ml2.ovo_rpc.dispatch_events" :: waited 0.000s inner /usr/lib/python2.7/site-packages/oslo_concurrency/lockutils.py:270
2018-06-30 14:43:29.851 16292 DEBUG neutron.api.rpc.handlers.resources_rpc [req-0622ce21-a176-4d6c-ba8b-e2be1279a0d3 82758ee9dbed4bdf919e32bc6135cc36 f7db0ec7eef2499fb14973cea9da1187 - - -] neutron.api.rpc.handlers.resources_rpc.ResourcesPushRpcApi method push called with arguments (<neutron_lib.context.Context object at 0x7f5072062510>, [Port(admin_state_up=True,allowed_address_pairs=[],binding=PortBinding,binding_levels=[],created_at=2018-06-30T12:43:27Z,data_plane_status=<?>,description='',device_id='baa77bc3-d191-4751-9895-260fdb42cd66',device_owner='network:floatingip',dhcp_options=[],distributed_binding=None,dns=None,fixed_ips=[IPAllocation],id=ce148d6c-7230-4e27-a44c-dcb8e73f091f,mac_address=fa:16:3e:ed:da:74,name='',network_id=bccef923-8280-488c-84aa-955d7841d8ff,project_id='',qos_policy_id=None,revision_number=4,security=PortSecurity(ce148d6c-7230-4e27-a44c-dcb8e73f091f),security_group_ids=set([]),status='N/A',updated_at=2018-06-30T12:43:29Z)], 'updated') {} wrapper /usr/lib/python2.7/site-packages/oslo_log/helpers.py:66
2018-06-30 14:43:29.900 16292 DEBUG oslo_concurrency.lockutils [req-0622ce21-a176-4d6c-ba8b-e2be1279a0d3 82758ee9dbed4bdf919e32bc6135cc36 f7db0ec7eef2499fb14973cea9da1187 - - -] Lock "event-dispatch" released by "neutron.plugins.ml2.ovo_rpc.dispatch_events" :: held 0.228s inner /usr/lib/python2.7/site-packages/oslo_concurrency/lockutils.py:282
2018-06-30 14:43:29.943 16292 DEBUG neutron_lib.callbacks.manager [req-0622ce21-a176-4d6c-ba8b-e2be1279a0d3 82758ee9dbed4bdf919e32bc6135cc36 f7db0ec7eef2499fb14973cea9da1187 - default default] Notify callbacks ['neutron.services.l3_router.l3_router_plugin.L3RouterPlugin._create_dvr_floating_gw_port-1578192'] for floatingip, after_update _notify_loop /usr/lib/python2.7/site-packages/neutron_lib/callbacks/manager.py:167
2018-06-30 14:43:29.998 16292 DEBUG neutron.quota.resource [req-0622ce21-a176-4d6c-ba8b-e2be1279a0d3 82758ee9dbed4bdf919e32bc6135cc36 f7db0ec7eef2499fb14973cea9da1187 - default default] Persisted dirty status for tenant:f6aad3014129423986612e42ca56555f on resource:floatingip mark_dirty /usr/lib/python2.7/site-packages/neutron/quota/resource.py:207
2018-06-30 14:43:30.004 16292 DEBUG neutron.quota.resource [req-0622ce21-a176-4d6c-ba8b-e2be1279a0d3 82758ee9dbed4bdf919e32bc6135cc36 f7db0ec7eef2499fb14973cea9da1187 - default default] Persisted dirty status for tenant: on resource:port mark_dirty /usr/lib/python2.7/site-packages/neutron/quota/resource.py:207
2018-06-30 14:43:30.015 16292 DEBUG neutron_lib.callbacks.manager [req-0622ce21-a176-4d6c-ba8b-e2be1279a0d3 82758ee9dbed4bdf919e32bc6135cc36 f7db0ec7eef2499fb14973cea9da1187 - default default] Notify callbacks ['neutron.notifiers.nova.Notifier._send_nova_notification--9223372036854770728'] for floatingip, before_response _notify_loop /usr/lib/python2.7/site-packages/neutron_lib/callbacks/manager.py:167
2018-06-30 14:43:30.019 16292 INFO neutron.wsgi [req-0622ce21-a176-4d6c-ba8b-e2be1279a0d3 82758ee9dbed4bdf919e32bc6135cc36 f7db0ec7eef2499fb14973cea9da1187 - default default] 10.0.20.25 "POST /v2.0/floatingips HTTP/1.1" status: 201  len: 674 time: 4.0450449
2018-06-30 14:43:31.189 16287 DEBUG neutron.wsgi [-] (16287) accepted ('10.0.20.25', 45452) server /usr/lib/python2.7/site-packages/eventlet/wsgi.py:883
2018-06-30 14:43:32.065 16287 INFO neutron.wsgi [req-759416df-22f6-4dbf-9416-2fec6d5bf858 db7e024eefa34f0d9525ad1ee1475527 910acf3b84b64f358e48f506530f7cb1 - default default] 10.0.20.25 "GET /v2.0/ports?tenant_id=f6aad3014129423986612e42ca56555f&device_id=d72831be-d139-4ee8-b3af-08db8a5332a9 HTTP/1.1" status: 200  len: 1123 time: 0.4582820
2018-06-30 14:43:32.124 16287 INFO neutron.wsgi [req-e0bd87a1-971c-4a5e-8d4d-becf8cd69cbe db7e024eefa34f0d9525ad1ee1475527 910acf3b84b64f358e48f506530f7cb1 - default default] 10.0.20.25 "GET /v2.0/ports?device_id=d72831be-d139-4ee8-b3af-08db8a5332a9 HTTP/1.1" status: 200  len: 1123 time: 0.9316781
2018-06-30 14:43:32.418 16287 INFO neutron.wsgi [req-46772eb9-81e2-4874-a7ca-29c53f6c3d9b db7e024eefa34f0d9525ad1ee1475527 910acf3b84b64f358e48f506530f7cb1 - default default] 10.0.20.25 "GET /v2.0/security-groups?id=9c02e463-0be6-4dd6-b9de-6c98f2546e12 HTTP/1.1" status: 200  len: 2118 time: 0.2058630
2018-06-30 14:43:32.479 16287 DEBUG neutron.pecan_wsgi.hooks.policy_enforcement [req-64f497f1-e3f5-4a65-b88b-244030692845 db7e024eefa34f0d9525ad1ee1475527 910acf3b84b64f358e48f506530f7cb1 - default default] Attributes excluded by policy engine: [u'vlan_transparent'] _exclude_attributes_by_policy /usr/lib/python2.7/site-packages/neutron/pecan_wsgi/hooks/policy_enforcement.py:256
2018-06-30 14:43:32.482 16287 INFO neutron.wsgi [req-64f497f1-e3f5-4a65-b88b-244030692845 db7e024eefa34f0d9525ad1ee1475527 910acf3b84b64f358e48f506530f7cb1 - default default] 10.0.20.25 "GET /v2.0/networks?id=eafc7ef5-dc35-4193-8e6e-fa9119576c81 HTTP/1.1" status: 200  len: 885 time: 0.4077311
2018-06-30 14:43:32.537 16287 INFO neutron.wsgi [req-7fe335a7-c977-4b96-bf60-ea71594e427a db7e024eefa34f0d9525ad1ee1475527 910acf3b84b64f358e48f506530f7cb1 - default default] 10.0.20.25 "GET /v2.0/floatingips?fixed_ip_address=11.72.1.6&port_id=0697754b-a559-4c66-81c8-fc86c59e7352 HTTP/1.1" status: 200  len: 217 time: 0.0457718
2018-06-30 14:43:32.701 16287 DEBUG neutron.pecan_wsgi.hooks.policy_enforcement [req-c112d468-9c97-43f4-bf3c-890ad7c0a009 db7e024eefa34f0d9525ad1ee1475527 910acf3b84b64f358e48f506530f7cb1 - default default] Attributes excluded by policy engine: [u'shared'] _exclude_attributes_by_policy /usr/lib/python2.7/site-packages/neutron/pecan_wsgi/hooks/policy_enforcement.py:256
2018-06-30 14:43:32.705 16287 INFO neutron.wsgi [req-c112d468-9c97-43f4-bf3c-890ad7c0a009 db7e024eefa34f0d9525ad1ee1475527 910acf3b84b64f358e48f506530f7cb1 - default default] 10.0.20.25 "GET /v2.0/subnets?id=c347f49e-7d96-4c3e-ab9c-d5bac66eaa44 HTTP/1.1" status: 200  len: 843 time: 0.1590590
2018-06-30 14:43:32.864 16287 INFO neutron.wsgi [req-bd5b1748-9558-450a-af1d-ef1ea23c1a30 db7e024eefa34f0d9525ad1ee1475527 910acf3b84b64f358e48f506530f7cb1 - default default] 10.0.20.25 "GET /v2.0/ports?network_id=eafc7ef5-dc35-4193-8e6e-fa9119576c81&device_owner=network%3Adhcp HTTP/1.1" status: 200  len: 1127 time: 0.1486378
2018-06-30 14:43:35.359 16285 DEBUG neutron.wsgi [-] (16285) accepted ('10.0.20.25', 45494) server /usr/lib/python2.7/site-packages/eventlet/wsgi.py:883
2018-06-30 14:43:36.025 16285 INFO neutron.wsgi [req-3ef7f803-4616-4920-8428-fc5b9f32e4bf db7e024eefa34f0d9525ad1ee1475527 910acf3b84b64f358e48f506530f7cb1 - default default] 10.0.20.25 "GET /v2.0/ports?device_id=d72831be-d139-4ee8-b3af-08db8a5332a9 HTTP/1.1" status: 200  len: 1123 time: 0.6641510
2018-06-30 14:43:36.221 16285 INFO neutron.wsgi [req-f4a054f7-889b-46dd-8db3-c15b21343535 db7e024eefa34f0d9525ad1ee1475527 910acf3b84b64f358e48f506530f7cb1 - default default] 10.0.20.25 "GET /v2.0/security-groups?id=9c02e463-0be6-4dd6-b9de-6c98f2546e12 HTTP/1.1" status: 200  len: 2118 time: 0.1535649
2018-06-30 14:43:37.044 16297 DEBUG neutron_lib.callbacks.manager [req-98d9e072-8794-44cd-99a7-fc667f253754 - - - - -] Notify callbacks ['neutron.services.segments.db._update_segment_host_mapping_for_agent-8748969211186'] for agent, after_update _notify_loop /usr/lib/python2.7/site-packages/neutron_lib/callbacks/manager.py:167
2018-06-30 14:43:38.381 16291 DEBUG neutron.wsgi [-] (16291) accepted ('10.0.20.25', 45516) server /usr/lib/python2.7/site-packages/eventlet/wsgi.py:883
2018-06-30 14:43:39.012 16291 INFO neutron.wsgi [req-5a1a0bb5-af34-4991-8ea2-76724b63cbe6 db7e024eefa34f0d9525ad1ee1475527 910acf3b84b64f358e48f506530f7cb1 - default default] 10.0.20.25 "GET /v2.0/ports?device_id=d72831be-d139-4ee8-b3af-08db8a5332a9 HTTP/1.1" status: 200  len: 1123 time: 0.6302421
2018-06-30 14:43:39.178 16291 INFO neutron.wsgi [req-94e07913-25a9-4168-9ce8-ab2026b51c61 db7e024eefa34f0d9525ad1ee1475527 910acf3b84b64f358e48f506530f7cb1 - default default] 10.0.20.25 "GET /v2.0/security-groups?id=9c02e463-0be6-4dd6-b9de-6c98f2546e12 HTTP/1.1" status: 200  len: 2118 time: 0.1313190
2018-06-30 14:43:42.722 16286 DEBUG neutron.wsgi [-] (16286) accepted ('10.0.20.25', 45546) server /usr/lib/python2.7/site-packages/eventlet/wsgi.py:883
2018-06-30 14:43:42.737 16286 WARNING keystonemiddleware.auth_token [-] Using the in-process token cache is deprecated as of the 4.2.0 release and may be removed in the 5.0.0 release or the 'O' development cycle. The in-process cache causes inconsistent results and high memory usage. When the feature is removed the auth_token middleware will not cache tokens by default which may result in performance issues. It is recommended to use  memcache for the auth_token token cache by setting the memcached_servers option.
2018-06-30 14:43:43.920 16292 INFO neutron.wsgi [req-1e9f280b-7a1e-4840-ac7d-85f091f0f978 0f943ea7f27b468f9f9ae0142a66f9ce f6aad3014129423986612e42ca56555f - 63d1baad086040f19c520fd26727f933 63d1baad086040f19c520fd26727f933] 10.0.20.25 "GET /v2.0/ports?device_id=d72831be-d139-4ee8-b3af-08db8a5332a9 HTTP/1.1" status: 200  len: 1123 time: 0.6936619
2018-06-30 14:43:44.067 16292 INFO neutron.wsgi [req-486487a4-d495-423b-8e9d-e94909317a57 0f943ea7f27b468f9f9ae0142a66f9ce f6aad3014129423986612e42ca56555f - 63d1baad086040f19c520fd26727f933 63d1baad086040f19c520fd26727f933] 10.0.20.25 "GET /v2.0/security-groups?id=9c02e463-0be6-4dd6-b9de-6c98f2546e12 HTTP/1.1" status: 200  len: 2118 time: 0.1378620
2018-06-30 14:43:44.412 16292 INFO neutron.wsgi [req-537a63f3-117f-4ce8-b7be-8abf7074d16b 0f943ea7f27b468f9f9ae0142a66f9ce f6aad3014129423986612e42ca56555f - 63d1baad086040f19c520fd26727f933 63d1baad086040f19c520fd26727f933] 10.0.20.25 "GET /v2.0/ports?device_owner=compute%3Anova&device_id=d72831be-d139-4ee8-b3af-08db8a5332a9 HTTP/1.1" status: 200  len: 1123 time: 0.1533279
2018-06-30 14:43:44.484 16286 DEBUG oslo_policy._cache_handler [req-0d7cf832-023b-4c16-9811-6b0859bc0a7c db7e024eefa34f0d9525ad1ee1475527 910acf3b84b64f358e48f506530f7cb1 - default default] Reloading cached file /etc/neutron/policy.json read_cached_file /usr/lib/python2.7/site-packages/oslo_policy/_cache_handler.py:40
2018-06-30 14:43:44.491 16292 DEBUG neutron.quota.resource [req-748523e8-13be-45ca-b9d9-b6fc4dcb0a29 0f943ea7f27b468f9f9ae0142a66f9ce f6aad3014129423986612e42ca56555f - 63d1baad086040f19c520fd26727f933 63d1baad086040f19c520fd26727f933] Synchronizing usage tracker for tenant:f6aad3014129423986612e42ca56555f on resource:floatingip resync /usr/lib/python2.7/site-packages/neutron/quota/resource.py:245
2018-06-30 14:43:44.544 16286 DEBUG oslo_policy.policy [req-0d7cf832-023b-4c16-9811-6b0859bc0a7c db7e024eefa34f0d9525ad1ee1475527 910acf3b84b64f358e48f506530f7cb1 - default default] Reloaded policy file: /etc/neutron/policy.json _load_policy_file /usr/lib/python2.7/site-packages/oslo_policy/policy.py:681
2018-06-30 14:43:44.605 16292 DEBUG neutron.quota.resource [req-748523e8-13be-45ca-b9d9-b6fc4dcb0a29 0f943ea7f27b468f9f9ae0142a66f9ce f6aad3014129423986612e42ca56555f - 63d1baad086040f19c520fd26727f933 63d1baad086040f19c520fd26727f933] Unset dirty status for tenant:f6aad3014129423986612e42ca56555f on resource:floatingip _resync /usr/lib/python2.7/site-packages/neutron/quota/resource.py:237
2018-06-30 14:43:44.608 16292 INFO neutron.wsgi [req-748523e8-13be-45ca-b9d9-b6fc4dcb0a29 0f943ea7f27b468f9f9ae0142a66f9ce f6aad3014129423986612e42ca56555f - 63d1baad086040f19c520fd26727f933 63d1baad086040f19c520fd26727f933] 10.0.20.25 "GET /v2.0/floatingips?floating_ip_address=172.24.4.6 HTTP/1.1" status: 200  len: 672 time: 0.1876810
2018-06-30 14:43:44.653 16292 DEBUG neutron.api.v2.base [req-101ade48-273a-4806-b28b-a2fa7c04ef2c 0f943ea7f27b468f9f9ae0142a66f9ce f6aad3014129423986612e42ca56555f - 63d1baad086040f19c520fd26727f933 63d1baad086040f19c520fd26727f933] Request body: {u'floatingip': {u'fixed_ip_address': u'11.72.1.6', u'port_id': u'0697754b-a559-4c66-81c8-fc86c59e7352'}} prepare_request_body /usr/lib/python2.7/site-packages/neutron/api/v2/base.py:695
2018-06-30 14:43:45.097 16292 DEBUG neutron_lib.callbacks.manager [req-101ade48-273a-4806-b28b-a2fa7c04ef2c 0f943ea7f27b468f9f9ae0142a66f9ce f6aad3014129423986612e42ca56555f - 63d1baad086040f19c520fd26727f933 63d1baad086040f19c520fd26727f933] Notify callbacks ['neutron.services.l3_router.l3_router_plugin.L3RouterPlugin._create_dvr_floating_gw_port-1578192'] for floatingip, after_update _notify_loop /usr/lib/python2.7/site-packages/neutron_lib/callbacks/manager.py:167
2018-06-30 14:43:45.390 16286 DEBUG oslo_policy._cache_handler [req-0d7cf832-023b-4c16-9811-6b0859bc0a7c db7e024eefa34f0d9525ad1ee1475527 910acf3b84b64f358e48f506530f7cb1 - default default] Reloading cached file /etc/neutron/policy.json read_cached_file /usr/lib/python2.7/site-packages/oslo_policy/_cache_handler.py:40
2018-06-30 14:43:45.419 16286 DEBUG oslo_policy.policy [req-0d7cf832-023b-4c16-9811-6b0859bc0a7c db7e024eefa34f0d9525ad1ee1475527 910acf3b84b64f358e48f506530f7cb1 - default default] Reloaded policy file: /etc/neutron/policy.json _load_policy_file /usr/lib/python2.7/site-packages/oslo_policy/policy.py:681
2018-06-30 14:43:45.430 16286 INFO neutron.wsgi [req-0d7cf832-023b-4c16-9811-6b0859bc0a7c db7e024eefa34f0d9525ad1ee1475527 910acf3b84b64f358e48f506530f7cb1 - default default] 10.0.20.25 "GET /v2.0/ports?device_id=d72831be-d139-4ee8-b3af-08db8a5332a9 HTTP/1.1" status: 200  len: 1123 time: 2.7010241
2018-06-30 14:43:45.805 16292 DEBUG neutron.scheduler.l3_agent_scheduler [req-101ade48-273a-4806-b28b-a2fa7c04ef2c 0f943ea7f27b468f9f9ae0142a66f9ce f6aad3014129423986612e42ca56555f - 63d1baad086040f19c520fd26727f933 63d1baad086040f19c520fd26727f933] Router 40381434-e37f-4197-bcad-ef6853bb9a54 has already been hosted by L3 agent 9de63611-f1b0-4194-a76c-11d015d282db _get_candidates /usr/lib/python2.7/site-packages/neutron/scheduler/l3_agent_scheduler.py:141
2018-06-30 14:43:45.992 16286 INFO neutron.wsgi [req-c4378e44-0b65-4810-8f7a-646ab191b9bc db7e024eefa34f0d9525ad1ee1475527 910acf3b84b64f358e48f506530f7cb1 - default default] 10.0.20.25 "GET /v2.0/security-groups?id=9c02e463-0be6-4dd6-b9de-6c98f2546e12 HTTP/1.1" status: 200  len: 2118 time: 0.5169971
2018-06-30 14:43:46.038 16292 DEBUG neutron.api.rpc.agentnotifiers.l3_rpc_agent_api [req-101ade48-273a-4806-b28b-a2fa7c04ef2c 0f943ea7f27b468f9f9ae0142a66f9ce f6aad3014129423986612e42ca56555f - 63d1baad086040f19c520fd26727f933 63d1baad086040f19c520fd26727f933] Notify agent at l3_agent.localhost.localdomain the message routers_updated _agent_notification /usr/lib/python2.7/site-packages/neutron/api/rpc/agentnotifiers/l3_rpc_agent_api.py:69
2018-06-30 14:43:46.085 16292 DEBUG neutron_lib.callbacks.manager [req-101ade48-273a-4806-b28b-a2fa7c04ef2c 0f943ea7f27b468f9f9ae0142a66f9ce f6aad3014129423986612e42ca56555f - 63d1baad086040f19c520fd26727f933 63d1baad086040f19c520fd26727f933] Notify callbacks ['neutron.notifiers.nova.Notifier._send_nova_notification--9223372036854770728'] for floatingip, before_response _notify_loop /usr/lib/python2.7/site-packages/neutron_lib/callbacks/manager.py:167
2018-06-30 14:43:46.099 16298 DEBUG neutron.db.l3_hamode_db [req-5a3393d1-290e-4add-80e7-a5772125887f - - - - -] neutron.services.l3_router.l3_router_plugin.L3RouterPlugin method get_ha_sync_data_for_host called with arguments (<neutron_lib.context.Context object at 0x7f5072189590>, u'localhost.localdomain', <neutron.db.models.agent.Agent[object at 7f5072203c50] {id=u'9de63611-f1b0-4194-a76c-11d015d282db', agent_type=u'L3 agent', binary=u'neutron-l3-agent', topic=u'l3_agent', host=u'localhost.localdomain', availability_zone=u'nova', admin_state_up=True, created_at=datetime.datetime(2018, 6, 7, 12, 43, 41), started_at=datetime.datetime(2018, 6, 30, 12, 32, 36), heartbeat_timestamp=datetime.datetime(2018, 6, 30, 12, 43, 37), description=None, configurations=u'{"agent_mode": "legacy", "gateway_external_network_id": "", "handle_internal_only_routers": true, "routers": 2, "interfaces": 2, "floating_ips": 0, "interface_driver": "neutron.agent.linux.interface.OVSInterfaceDriver", "log_agent_heartbeats": false, "external_network_bridge": "", "ex_gw_ports": 2}', resource_versions=None, load=0}>) {'active': True, 'router_ids': ['40381434-e37f-4197-bcad-ef6853bb9a54']} wrapper /usr/lib/python2.7/site-packages/oslo_log/helpers.py:66
2018-06-30 14:43:46.192 16292 INFO neutron.wsgi [req-101ade48-273a-4806-b28b-a2fa7c04ef2c 0f943ea7f27b468f9f9ae0142a66f9ce f6aad3014129423986612e42ca56555f - 63d1baad086040f19c520fd26727f933 63d1baad086040f19c520fd26727f933] 10.0.20.25 "PUT /v2.0/floatingips/baa77bc3-d191-4751-9895-260fdb42cd66 HTTP/1.1" status: 200  len: 744 time: 1.5744810
2018-06-30 14:43:46.193 16292 DEBUG oslo_concurrency.lockutils [-] Lock "notifier-d4f91cff-78d0-4802-b694-552b78f50c63" acquired by "neutron.notifiers.batch_notifier.synced_send" :: waited 0.000s inner /usr/lib/python2.7/site-packages/oslo_concurrency/lockutils.py:270
2018-06-30 14:43:46.194 16292 DEBUG neutron.notifiers.nova [-] Sending events: [{'tag': u'0697754b-a559-4c66-81c8-fc86c59e7352', 'name': 'network-changed', 'server_uuid': u'd72831be-d139-4ee8-b3af-08db8a5332a9'}] send_events /usr/lib/python2.7/site-packages/neutron/notifiers/nova.py:242
