2018-06-27 22:26:59.556 12211 DEBUG neutron.api.rpc.handlers.resources_rpc [req-41a33074-2e4e-4752-bac7-9c2bf6491780 48ab82a30a8f41a1a784b8bc09bc487a 5528f1fe5f894ddba5fb2776fb82674e - - -] neutron.api.rpc.handlers.resources_rpc.ResourcesPushRpcApi method push called with arguments (<neutron_lib.context.Context object at 0x7f4d1596cc90>, [Network(admin_state_up=<?>,availability_zone_hints=<?>,created_at=<?>,description=<?>,dns_domain=<?>,id=83432395-abb8-4ad9-a97c-31272620acc2,mtu=<?>,name=<?>,project_id=<?>,qos_policy_id=None,revision_number=<?>,security=<?>,segments=<?>,shared=False,status=<?>,updated_at=<?>,vlan_transparent=<?>)], 'deleted') {} wrapper /usr/lib/python2.7/site-packages/oslo_log/helpers.py:66
2018-06-27 22:26:59.569 12211 DEBUG neutron.quota.resource [req-41a33074-2e4e-4752-bac7-9c2bf6491780 48ab82a30a8f41a1a784b8bc09bc487a 5528f1fe5f894ddba5fb2776fb82674e - default default] Persisted dirty status for tenant:cd74b8b050074d2bb18e525e700fe34b on resource:subnet mark_dirty /usr/lib/python2.7/site-packages/neutron/quota/resource.py:207
2018-06-27 22:26:59.574 12211 DEBUG oslo_concurrency.lockutils [req-41a33074-2e4e-4752-bac7-9c2bf6491780 48ab82a30a8f41a1a784b8bc09bc487a 5528f1fe5f894ddba5fb2776fb82674e - - -] Lock "event-dispatch" released by "neutron.plugins.ml2.ovo_rpc.dispatch_events" :: held 0.052s inner /usr/lib/python2.7/site-packages/oslo_concurrency/lockutils.py:282
2018-06-27 22:26:59.584 12211 DEBUG neutron.quota.resource [req-41a33074-2e4e-4752-bac7-9c2bf6491780 48ab82a30a8f41a1a784b8bc09bc487a 5528f1fe5f894ddba5fb2776fb82674e - default default] Persisted dirty status for tenant:cd74b8b050074d2bb18e525e700fe34b on resource:network mark_dirty /usr/lib/python2.7/site-packages/neutron/quota/resource.py:207
2018-06-27 22:26:59.606 12211 INFO neutron.wsgi [req-41a33074-2e4e-4752-bac7-9c2bf6491780 48ab82a30a8f41a1a784b8bc09bc487a 5528f1fe5f894ddba5fb2776fb82674e - default default] 10.0.20.27 "DELETE /v2.0/networks/83432395-abb8-4ad9-a97c-31272620acc2 HTTP/1.1" status: 204  len: 173 time: 3.7100711
2018-06-27 22:27:07.095 12220 DEBUG neutron_lib.callbacks.manager [req-fede0839-e6e1-4ec9-bda4-12d2b345f468 - - - - -] Notify callbacks ['neutron.services.segments.db._update_segment_host_mapping_for_agent-8748067238450'] for agent, after_update _notify_loop /usr/lib/python2.7/site-packages/neutron_lib/callbacks/manager.py:167
2018-06-27 22:27:07.641 12210 DEBUG neutron.wsgi [-] (12210) accepted ('10.0.20.27', 38754) server /usr/lib/python2.7/site-packages/eventlet/wsgi.py:883
2018-06-27 22:27:07.650 12210 INFO neutron.wsgi [-] 10.0.20.27 "GET / HTTP/1.1" status: 200  len: 252 time: 0.0047190
2018-06-27 22:27:07.654 12215 DEBUG neutron_lib.callbacks.manager [req-cca80c39-87e7-4881-8817-cfe66544bb05 - - - - -] Notify callbacks ['neutron.services.segments.db._update_segment_host_mapping_for_agent-8748067238450'] for agent, after_update _notify_loop /usr/lib/python2.7/site-packages/neutron_lib/callbacks/manager.py:167
2018-06-27 22:27:07.671 12213 DEBUG neutron_lib.callbacks.manager [req-5b1c4666-eceb-4692-8ec9-13d5455ec940 - - - - -] Notify callbacks ['neutron.services.segments.db._update_segment_host_mapping_for_agent-8748067238450'] for agent, after_update _notify_loop /usr/lib/python2.7/site-packages/neutron_lib/callbacks/manager.py:167
2018-06-27 22:27:07.698 12218 DEBUG neutron_lib.callbacks.manager [req-872ae553-1bee-4be9-997b-255799f9aaca - - - - -] Notify callbacks ['neutron.services.segments.db._update_segment_host_mapping_for_agent-8748067238450'] for agent, after_update _notify_loop /usr/lib/python2.7/site-packages/neutron_lib/callbacks/manager.py:167
2018-06-27 22:27:08.202 12210 INFO neutron.api.v2.resource [req-afb616ca-1042-4863-a41e-cd3cc116a7b1 48ab82a30a8f41a1a784b8bc09bc487a 5528f1fe5f894ddba5fb2776fb82674e - default default] show failed (client error): The resource could not be found.
2018-06-27 22:27:08.205 12210 INFO neutron.wsgi [req-afb616ca-1042-4863-a41e-cd3cc116a7b1 48ab82a30a8f41a1a784b8bc09bc487a 5528f1fe5f894ddba5fb2776fb82674e - default default] 10.0.20.27 "GET /v2.0/security-groups/tempest-SECURITY_GROUP_SAMPLE-1530130608 HTTP/1.1" status: 404  len: 360 time: 0.5487590
2018-06-27 22:27:08.431 12210 INFO neutron.wsgi [req-885e6dcb-80f7-4497-b5ac-b483ff3fa2c4 48ab82a30a8f41a1a784b8bc09bc487a 5528f1fe5f894ddba5fb2776fb82674e - default default] 10.0.20.27 "GET /v2.0/security-groups HTTP/1.1" status: 200  len: 21175 time: 0.2186470
2018-06-27 22:27:08.664 12210 DEBUG neutron_lib.callbacks.manager [req-25d82b9f-ff7b-414c-8e8e-b60a49159229 48ab82a30a8f41a1a784b8bc09bc487a 5528f1fe5f894ddba5fb2776fb82674e - default default] Notify callbacks [] for security_group, before_delete _notify_loop /usr/lib/python2.7/site-packages/neutron_lib/callbacks/manager.py:167
2018-06-27 22:27:08.751 12210 DEBUG neutron_lib.callbacks.manager [req-25d82b9f-ff7b-414c-8e8e-b60a49159229 48ab82a30a8f41a1a784b8bc09bc487a 5528f1fe5f894ddba5fb2776fb82674e - default default] Notify callbacks [] for security_group, precommit_delete _notify_loop /usr/lib/python2.7/site-packages/neutron_lib/callbacks/manager.py:167
2018-06-27 22:27:08.921 12210 DEBUG neutron_lib.callbacks.manager [req-25d82b9f-ff7b-414c-8e8e-b60a49159229 48ab82a30a8f41a1a784b8bc09bc487a 5528f1fe5f894ddba5fb2776fb82674e - default default] Notify callbacks ['neutron.plugins.ml2.ovo_rpc._ObjectChangeHandler.handle_event-2061282'] for security_group, after_delete _notify_loop /usr/lib/python2.7/site-packages/neutron_lib/callbacks/manager.py:167
2018-06-27 22:27:08.933 12210 DEBUG oslo_concurrency.lockutils [-] Lock "event-dispatch" acquired by "neutron.plugins.ml2.ovo_rpc.dispatch_events" :: waited 0.000s inner /usr/lib/python2.7/site-packages/oslo_concurrency/lockutils.py:270
2018-06-27 22:27:08.955 12210 DEBUG neutron.quota.resource [req-25d82b9f-ff7b-414c-8e8e-b60a49159229 48ab82a30a8f41a1a784b8bc09bc487a 5528f1fe5f894ddba5fb2776fb82674e - default default] Persisted dirty status for tenant:cd74b8b050074d2bb18e525e700fe34b on resource:security_group_rule mark_dirty /usr/lib/python2.7/site-packages/neutron/quota/resource.py:207
2018-06-27 22:27:08.978 12210 DEBUG neutron.api.rpc.handlers.resources_rpc [req-25d82b9f-ff7b-414c-8e8e-b60a49159229 48ab82a30a8f41a1a784b8bc09bc487a 5528f1fe5f894ddba5fb2776fb82674e - - -] neutron.api.rpc.handlers.resources_rpc.ResourcesPushRpcApi method push called with arguments (<neutron_lib.context.Context object at 0x7f4d1628d350>, [SecurityGroup(created_at=<?>,description=<?>,id=4d7ee082-a690-4d8c-9de5-279d04acfd01,is_default=False,name=<?>,project_id=<?>,revision_number=<?>,rules=<?>,updated_at=<?>)], 'deleted') {} wrapper /usr/lib/python2.7/site-packages/oslo_log/helpers.py:66
2018-06-27 22:27:09.010 12210 DEBUG neutron.api.rpc.callbacks.version_manager [req-25d82b9f-ff7b-414c-8e8e-b60a49159229 48ab82a30a8f41a1a784b8bc09bc487a 5528f1fe5f894ddba5fb2776fb82674e - - -] Version for resource type Subnet changed None to 1.0 on consumer Open vSwitch agent@localhost.localdomain _set_version /usr/lib/python2.7/site-packages/neutron/api/rpc/callbacks/version_manager.py:119
2018-06-27 22:27:09.012 12210 DEBUG neutron.api.rpc.callbacks.version_manager [req-25d82b9f-ff7b-414c-8e8e-b60a49159229 48ab82a30a8f41a1a784b8bc09bc487a 5528f1fe5f894ddba5fb2776fb82674e - - -] Version for resource type Network changed None to 1.0 on consumer Open vSwitch agent@localhost.localdomain _set_version /usr/lib/python2.7/site-packages/neutron/api/rpc/callbacks/version_manager.py:119
2018-06-27 22:27:09.013 12210 DEBUG neutron.api.rpc.callbacks.version_manager [req-25d82b9f-ff7b-414c-8e8e-b60a49159229 48ab82a30a8f41a1a784b8bc09bc487a 5528f1fe5f894ddba5fb2776fb82674e - - -] Version for resource type SubPort changed None to 1.0 on consumer Open vSwitch agent@localhost.localdomain _set_version /usr/lib/python2.7/site-packages/neutron/api/rpc/callbacks/version_manager.py:119
2018-06-27 22:27:09.015 12210 DEBUG neutron.api.rpc.callbacks.version_manager [req-25d82b9f-ff7b-414c-8e8e-b60a49159229 48ab82a30a8f41a1a784b8bc09bc487a 5528f1fe5f894ddba5fb2776fb82674e - - -] Version for resource type SecurityGroup changed None to 1.0 on consumer Open vSwitch agent@localhost.localdomain _set_version /usr/lib/python2.7/site-packages/neutron/api/rpc/callbacks/version_manager.py:119
2018-06-27 22:27:09.016 12210 DEBUG neutron.api.rpc.callbacks.version_manager [req-25d82b9f-ff7b-414c-8e8e-b60a49159229 48ab82a30a8f41a1a784b8bc09bc487a 5528f1fe5f894ddba5fb2776fb82674e - - -] Version for resource type SecurityGroupRule changed None to 1.0 on consumer Open vSwitch agent@localhost.localdomain _set_version /usr/lib/python2.7/site-packages/neutron/api/rpc/callbacks/version_manager.py:119
2018-06-27 22:27:09.017 12210 DEBUG neutron.api.rpc.callbacks.version_manager [req-25d82b9f-ff7b-414c-8e8e-b60a49159229 48ab82a30a8f41a1a784b8bc09bc487a 5528f1fe5f894ddba5fb2776fb82674e - - -] Version for resource type Trunk changed None to 1.1 on consumer Open vSwitch agent@localhost.localdomain _set_version /usr/lib/python2.7/site-packages/neutron/api/rpc/callbacks/version_manager.py:119
2018-06-27 22:27:09.018 12210 DEBUG neutron.api.rpc.callbacks.version_manager [req-25d82b9f-ff7b-414c-8e8e-b60a49159229 48ab82a30a8f41a1a784b8bc09bc487a 5528f1fe5f894ddba5fb2776fb82674e - - -] Version for resource type QosPolicy changed None to 1.6 on consumer Open vSwitch agent@localhost.localdomain _set_version /usr/lib/python2.7/site-packages/neutron/api/rpc/callbacks/version_manager.py:119
2018-06-27 22:27:09.019 12210 DEBUG neutron.api.rpc.callbacks.version_manager [req-25d82b9f-ff7b-414c-8e8e-b60a49159229 48ab82a30a8f41a1a784b8bc09bc487a 5528f1fe5f894ddba5fb2776fb82674e - - -] Version for resource type Port changed None to 1.1 on consumer Open vSwitch agent@localhost.localdomain _set_version /usr/lib/python2.7/site-packages/neutron/api/rpc/callbacks/version_manager.py:119
2018-06-27 22:27:09.020 12210 DEBUG neutron.api.rpc.callbacks.version_manager [req-25d82b9f-ff7b-414c-8e8e-b60a49159229 48ab82a30a8f41a1a784b8bc09bc487a 5528f1fe5f894ddba5fb2776fb82674e - - -] Version for resource type Log changed None to 1.0 on consumer Open vSwitch agent@localhost.localdomain _set_version /usr/lib/python2.7/site-packages/neutron/api/rpc/callbacks/version_manager.py:119
2018-06-27 22:27:09.032 12210 DEBUG neutron.quota.resource [req-25d82b9f-ff7b-414c-8e8e-b60a49159229 48ab82a30a8f41a1a784b8bc09bc487a 5528f1fe5f894ddba5fb2776fb82674e - default default] Persisted dirty status for tenant:cd74b8b050074d2bb18e525e700fe34b on resource:security_group mark_dirty /usr/lib/python2.7/site-packages/neutron/quota/resource.py:207
2018-06-27 22:27:09.045 12210 DEBUG oslo_concurrency.lockutils [req-25d82b9f-ff7b-414c-8e8e-b60a49159229 48ab82a30a8f41a1a784b8bc09bc487a 5528f1fe5f894ddba5fb2776fb82674e - - -] Lock "event-dispatch" released by "neutron.plugins.ml2.ovo_rpc.dispatch_events" :: held 0.112s inner /usr/lib/python2.7/site-packages/oslo_concurrency/lockutils.py:282
2018-06-27 22:27:09.058 12210 DEBUG neutron_lib.callbacks.manager [req-25d82b9f-ff7b-414c-8e8e-b60a49159229 48ab82a30a8f41a1a784b8bc09bc487a 5528f1fe5f894ddba5fb2776fb82674e - default default] Notify callbacks [] for security_group, before_response _notify_loop /usr/lib/python2.7/site-packages/neutron_lib/callbacks/manager.py:167
2018-06-27 22:27:09.061 12210 INFO neutron.wsgi [req-25d82b9f-ff7b-414c-8e8e-b60a49159229 48ab82a30a8f41a1a784b8bc09bc487a 5528f1fe5f894ddba5fb2776fb82674e - default default] 10.0.20.27 "DELETE /v2.0/security-groups/4d7ee082-a690-4d8c-9de5-279d04acfd01 HTTP/1.1" status: 204  len: 173 time: 0.6127472
2018-06-27 22:27:10.192 12215 DEBUG neutron.api.rpc.handlers.dhcp_rpc [req-c44a3436-686d-42c6-9050-41992615660e - - - - -] get_active_networks_info from localhost.localdomain get_active_networks_info /usr/lib/python2.7/site-packages/neutron/api/rpc/handlers/dhcp_rpc.py:141
2018-06-27 22:27:10.627 12219 DEBUG neutron_lib.callbacks.manager [req-6015b082-1c37-49c1-9207-4a4cf568c373 - - - - -] Notify callbacks ['neutron.services.segments.db._update_segment_host_mapping_for_agent-8748067238450'] for agent, after_update _notify_loop /usr/lib/python2.7/site-packages/neutron_lib/callbacks/manager.py:167
2018-06-27 22:27:26.367 12221 DEBUG neutron.db.agents_db [req-bbd39586-ca42-4cbe-ac1c-1cea4de7629f - - - - -] Agent healthcheck: found 5 active agents agent_health_check /usr/lib/python2.7/site-packages/neutron/db/agents_db.py:281
2018-06-27 22:27:37.096 12212 DEBUG neutron_lib.callbacks.manager [req-f04c1235-ae62-4d87-8671-933a8bff041d - - - - -] Notify callbacks ['neutron.services.segments.db._update_segment_host_mapping_for_agent-8748067238450'] for agent, after_update _notify_loop /usr/lib/python2.7/site-packages/neutron_lib/callbacks/manager.py:167
2018-06-27 22:27:37.646 12216 DEBUG neutron_lib.callbacks.manager [req-cca80c39-87e7-4881-8817-cfe66544bb05 - - - - -] Notify callbacks ['neutron.services.segments.db._update_segment_host_mapping_for_agent-8748067238450'] for agent, after_update _notify_loop /usr/lib/python2.7/site-packages/neutron_lib/callbacks/manager.py:167
2018-06-27 22:27:37.656 12217 DEBUG neutron_lib.callbacks.manager [req-7e031c16-e291-4779-8bff-4e168bc906b1 - - - - -] Notify callbacks ['neutron.services.segments.db._update_segment_host_mapping_for_agent-8748067238450'] for agent, after_update _notify_loop /usr/lib/python2.7/site-packages/neutron_lib/callbacks/manager.py:167
2018-06-27 22:27:37.698 12214 DEBUG neutron_lib.callbacks.manager [req-872ae553-1bee-4be9-997b-255799f9aaca - - - - -] Notify callbacks ['neutron.services.segments.db._update_segment_host_mapping_for_agent-8748067238450'] for agent, after_update _notify_loop /usr/lib/python2.7/site-packages/neutron_lib/callbacks/manager.py:167
2018-06-27 22:27:40.625 12220 DEBUG neutron_lib.callbacks.manager [req-6015b082-1c37-49c1-9207-4a4cf568c373 - - - - -] Notify callbacks ['neutron.services.segments.db._update_segment_host_mapping_for_agent-8748067238450'] for agent, after_update _notify_loop /usr/lib/python2.7/site-packages/neutron_lib/callbacks/manager.py:167
2018-06-27 22:28:03.373 12221 DEBUG neutron.db.agents_db [req-bbd39586-ca42-4cbe-ac1c-1cea4de7629f - - - - -] Agent healthcheck: found 5 active agents agent_health_check /usr/lib/python2.7/site-packages/neutron/db/agents_db.py:281
2018-06-27 22:28:05.265 12208 INFO neutron.wsgi [req-0c5eabf3-1c3c-4783-a199-07a5ccb7ea7e 63dd087b5b45491988c27dec9720dcdd 3218dc7862004758b6a8f5b0cc5d6ad5 - default default] 10.0.20.27 "GET /v2.0/ports?device_id=fc2bcc3e-8c48-4458-9a15-fc71304b866a HTTP/1.1" status: 200  len: 210 time: 0.7408760
2018-06-27 22:28:07.097 12215 DEBUG neutron_lib.callbacks.manager [req-44f3469d-e583-4352-9faa-205cc4a77a9b - - - - -] Notify callbacks ['neutron.services.segments.db._update_segment_host_mapping_for_agent-8748067238450'] for agent, after_update _notify_loop /usr/lib/python2.7/site-packages/neutron_lib/callbacks/manager.py:167
2018-06-27 22:28:07.647 12213 DEBUG neutron_lib.callbacks.manager [req-cca80c39-87e7-4881-8817-cfe66544bb05 - - - - -] Notify callbacks ['neutron.services.segments.db._update_segment_host_mapping_for_agent-8748067238450'] for agent, after_update _notify_loop /usr/lib/python2.7/site-packages/neutron_lib/callbacks/manager.py:167
2018-06-27 22:28:07.656 12218 DEBUG neutron_lib.callbacks.manager [req-dcdab743-703d-4661-b0cd-8cb7e03a95a5 - - - - -] Notify callbacks ['neutron.services.segments.db._update_segment_host_mapping_for_agent-8748067238450'] for agent, after_update _notify_loop /usr/lib/python2.7/site-packages/neutron_lib/callbacks/manager.py:167
2018-06-27 22:28:07.697 12219 DEBUG neutron_lib.callbacks.manager [req-872ae553-1bee-4be9-997b-255799f9aaca - - - - -] Notify callbacks ['neutron.services.segments.db._update_segment_host_mapping_for_agent-8748067238450'] for agent, after_update _notify_loop /usr/lib/python2.7/site-packages/neutron_lib/callbacks/manager.py:167
2018-06-27 22:28:10.628 12212 DEBUG neutron_lib.callbacks.manager [req-6015b082-1c37-49c1-9207-4a4cf568c373 - - - - -] Notify callbacks ['neutron.services.segments.db._update_segment_host_mapping_for_agent-8748067238450'] for agent, after_update _notify_loop /usr/lib/python2.7/site-packages/neutron_lib/callbacks/manager.py:167
2018-06-27 22:28:24.774 12211 DEBUG neutron.wsgi [req-b1c89811-e435-4aad-9e38-9bfeac9935e4 479e046780fe410b9faee29c0cb53b35 3218dc7862004758b6a8f5b0cc5d6ad5 - default default] (12211) timed out ('10.0.20.27', 45400) process_request /usr/lib/python2.7/site-packages/eventlet/wsgi.py:739
2018-06-27 22:28:37.103 12216 DEBUG neutron_lib.callbacks.manager [req-fb711ca4-2b66-41cf-b5e0-06b2357f6a31 - - - - -] Notify callbacks ['neutron.services.segments.db._update_segment_host_mapping_for_agent-8748067238450'] for agent, after_update _notify_loop /usr/lib/python2.7/site-packages/neutron_lib/callbacks/manager.py:167
2018-06-27 22:28:37.644 12217 DEBUG neutron_lib.callbacks.manager [req-cca80c39-87e7-4881-8817-cfe66544bb05 - - - - -] Notify callbacks ['neutron.services.segments.db._update_segment_host_mapping_for_agent-8748067238450'] for agent, after_update _notify_loop /usr/lib/python2.7/site-packages/neutron_lib/callbacks/manager.py:167
2018-06-27 22:28:37.655 12214 DEBUG neutron_lib.callbacks.manager [req-c9a9b6de-626c-46cf-9680-b01db4941e11 - - - - -] Notify callbacks ['neutron.services.segments.db._update_segment_host_mapping_for_agent-8748067238450'] for agent, after_update _notify_loop /usr/lib/python2.7/site-packages/neutron_lib/callbacks/manager.py:167
2018-06-27 22:28:37.708 12220 DEBUG neutron_lib.callbacks.manager [req-872ae553-1bee-4be9-997b-255799f9aaca - - - - -] Notify callbacks ['neutron.services.segments.db._update_segment_host_mapping_for_agent-8748067238450'] for agent, after_update _notify_loop /usr/lib/python2.7/site-packages/neutron_lib/callbacks/manager.py:167
2018-06-27 22:28:40.367 12221 DEBUG neutron.db.agents_db [req-bbd39586-ca42-4cbe-ac1c-1cea4de7629f - - - - -] Agent healthcheck: found 5 active agents agent_health_check /usr/lib/python2.7/site-packages/neutron/db/agents_db.py:281
2018-06-27 22:28:40.619 12215 DEBUG neutron_lib.callbacks.manager [req-6015b082-1c37-49c1-9207-4a4cf568c373 - - - - -] Notify callbacks ['neutron.services.segments.db._update_segment_host_mapping_for_agent-8748067238450'] for agent, after_update _notify_loop /usr/lib/python2.7/site-packages/neutron_lib/callbacks/manager.py:167
2018-06-27 22:29:07.091 12213 DEBUG neutron_lib.callbacks.manager [req-2fd04903-6024-4d2e-a7e8-75b6346089e7 - - - - -] Notify callbacks ['neutron.services.segments.db._update_segment_host_mapping_for_agent-8748067238450'] for agent, after_update _notify_loop /usr/lib/python2.7/site-packages/neutron_lib/callbacks/manager.py:167
2018-06-27 22:29:07.642 12218 DEBUG neutron_lib.callbacks.manager [req-cca80c39-87e7-4881-8817-cfe66544bb05 - - - - -] Notify callbacks ['neutron.services.segments.db._update_segment_host_mapping_for_agent-8748067238450'] for agent, after_update _notify_loop /usr/lib/python2.7/site-packages/neutron_lib/callbacks/manager.py:167
2018-06-27 22:29:07.649 12219 DEBUG neutron_lib.callbacks.manager [req-e0878858-8171-446e-bce9-adf2e5602f06 - - - - -] Notify callbacks ['neutron.services.segments.db._update_segment_host_mapping_for_agent-8748067238450'] for agent, after_update _notify_loop /usr/lib/python2.7/site-packages/neutron_lib/callbacks/manager.py:167
2018-06-27 22:29:07.700 12212 DEBUG neutron_lib.callbacks.manager [req-872ae553-1bee-4be9-997b-255799f9aaca - - - - -] Notify callbacks ['neutron.services.segments.db._update_segment_host_mapping_for_agent-8748067238450'] for agent, after_update _notify_loop /usr/lib/python2.7/site-packages/neutron_lib/callbacks/manager.py:167
2018-06-27 22:29:08.477 12207 DEBUG neutron.wsgi [req-e2cfc36f-c5da-4e9c-8fa2-c5590198f96c 48ab82a30a8f41a1a784b8bc09bc487a 5528f1fe5f894ddba5fb2776fb82674e - default default] (12207) timed out ('10.0.20.27', 44034) process_request /usr/lib/python2.7/site-packages/eventlet/wsgi.py:739
2018-06-27 22:29:10.613 12216 DEBUG neutron_lib.callbacks.manager [req-6015b082-1c37-49c1-9207-4a4cf568c373 - - - - -] Notify callbacks ['neutron.services.segments.db._update_segment_host_mapping_for_agent-8748067238450'] for agent, after_update _notify_loop /usr/lib/python2.7/site-packages/neutron_lib/callbacks/manager.py:167
2018-06-27 22:29:17.380 12221 DEBUG neutron.db.agents_db [req-bbd39586-ca42-4cbe-ac1c-1cea4de7629f - - - - -] Agent healthcheck: found 5 active agents agent_health_check /usr/lib/python2.7/site-packages/neutron/db/agents_db.py:281
2018-06-27 22:29:17.682 12211 INFO neutron.wsgi [req-19994347-82f0-48c5-a051-a635d2f035cb 63dd087b5b45491988c27dec9720dcdd 3218dc7862004758b6a8f5b0cc5d6ad5 - default default] 10.0.20.27 "GET /v2.0/ports?device_id=fc2bcc3e-8c48-4458-9a15-fc71304b866a HTTP/1.1" status: 200  len: 210 time: 1.0738139
2018-06-27 22:29:37.101 12217 DEBUG neutron_lib.callbacks.manager [req-6c336c82-fad4-46ab-bd6c-a66e167230cc - - - - -] Notify callbacks ['neutron.services.segments.db._update_segment_host_mapping_for_agent-8748067238450'] for agent, after_update _notify_loop /usr/lib/python2.7/site-packages/neutron_lib/callbacks/manager.py:167
2018-06-27 22:29:37.633 12214 DEBUG neutron_lib.callbacks.manager [req-cca80c39-87e7-4881-8817-cfe66544bb05 - - - - -] Notify callbacks ['neutron.services.segments.db._update_segment_host_mapping_for_agent-8748067238450'] for agent, after_update _notify_loop /usr/lib/python2.7/site-packages/neutron_lib/callbacks/manager.py:167
2018-06-27 22:29:37.649 12220 DEBUG neutron_lib.callbacks.manager [req-e1b7a067-d002-4330-90a3-1e7cfd311dd4 - - - - -] Notify callbacks ['neutron.services.segments.db._update_segment_host_mapping_for_agent-8748067238450'] for agent, after_update _notify_loop /usr/lib/python2.7/site-packages/neutron_lib/callbacks/manager.py:167
2018-06-27 22:29:37.701 12215 DEBUG neutron_lib.callbacks.manager [req-872ae553-1bee-4be9-997b-255799f9aaca - - - - -] Notify callbacks ['neutron.services.segments.db._update_segment_host_mapping_for_agent-8748067238450'] for agent, after_update _notify_loop /usr/lib/python2.7/site-packages/neutron_lib/callbacks/manager.py:167
2018-06-27 22:29:40.613 12213 DEBUG neutron_lib.callbacks.manager [req-6015b082-1c37-49c1-9207-4a4cf568c373 - - - - -] Notify callbacks ['neutron.services.segments.db._update_segment_host_mapping_for_agent-8748067238450'] for agent, after_update _notify_loop /usr/lib/python2.7/site-packages/neutron_lib/callbacks/manager.py:167
2018-06-27 22:29:54.376 12221 DEBUG neutron.db.agents_db [req-bbd39586-ca42-4cbe-ac1c-1cea4de7629f - - - - -] Agent healthcheck: found 5 active agents agent_health_check /usr/lib/python2.7/site-packages/neutron/db/agents_db.py:281
2018-06-27 22:30:07.084 12218 DEBUG neutron_lib.callbacks.manager [req-99c2dd01-186a-4479-bb3f-a58c984177c4 - - - - -] Notify callbacks ['neutron.services.segments.db._update_segment_host_mapping_for_agent-8748067238450'] for agent, after_update _notify_loop /usr/lib/python2.7/site-packages/neutron_lib/callbacks/manager.py:167
2018-06-27 22:30:07.657 12219 DEBUG neutron_lib.callbacks.manager [req-cca80c39-87e7-4881-8817-cfe66544bb05 - - - - -] Notify callbacks ['neutron.services.segments.db._update_segment_host_mapping_for_agent-8748067238450'] for agent, after_update _notify_loop /usr/lib/python2.7/site-packages/neutron_lib/callbacks/manager.py:167
2018-06-27 22:30:07.685 12212 DEBUG neutron_lib.callbacks.manager [req-70648484-8fad-4e5e-b42e-0d8de4ff004f - - - - -] Notify callbacks ['neutron.services.segments.db._update_segment_host_mapping_for_agent-8748067238450'] for agent, after_update _notify_loop /usr/lib/python2.7/site-packages/neutron_lib/callbacks/manager.py:167
2018-06-27 22:30:07.713 12216 DEBUG neutron_lib.callbacks.manager [req-872ae553-1bee-4be9-997b-255799f9aaca - - - - -] Notify callbacks ['neutron.services.segments.db._update_segment_host_mapping_for_agent-8748067238450'] for agent, after_update _notify_loop /usr/lib/python2.7/site-packages/neutron_lib/callbacks/manager.py:167
2018-06-27 22:30:10.627 12217 DEBUG neutron_lib.callbacks.manager [req-6015b082-1c37-49c1-9207-4a4cf568c373 - - - - -] Notify callbacks ['neutron.services.segments.db._update_segment_host_mapping_for_agent-8748067238450'] for agent, after_update _notify_loop /usr/lib/python2.7/site-packages/neutron_lib/callbacks/manager.py:167
2018-06-27 22:30:31.388 12221 DEBUG neutron.db.agents_db [req-bbd39586-ca42-4cbe-ac1c-1cea4de7629f - - - - -] Agent healthcheck: found 5 active agents agent_health_check /usr/lib/python2.7/site-packages/neutron/db/agents_db.py:281
2018-06-27 22:30:37.110 12214 DEBUG neutron_lib.callbacks.manager [req-12407b83-46fd-4537-b215-b2662a74905f - - - - -] Notify callbacks ['neutron.services.segments.db._update_segment_host_mapping_for_agent-8748067238450'] for agent, after_update _notify_loop /usr/lib/python2.7/site-packages/neutron_lib/callbacks/manager.py:167
2018-06-27 22:30:37.645 12220 DEBUG neutron_lib.callbacks.manager [req-cca80c39-87e7-4881-8817-cfe66544bb05 - - - - -] Notify callbacks ['neutron.services.segments.db._update_segment_host_mapping_for_agent-8748067238450'] for agent, after_update _notify_loop /usr/lib/python2.7/site-packages/neutron_lib/callbacks/manager.py:167
2018-06-27 22:30:37.651 12215 DEBUG neutron_lib.callbacks.manager [req-8b21deaf-269b-45b0-8303-14e4843c440a - - - - -] Notify callbacks ['neutron.services.segments.db._update_segment_host_mapping_for_agent-8748067238450'] for agent, after_update _notify_loop /usr/lib/python2.7/site-packages/neutron_lib/callbacks/manager.py:167
2018-06-27 22:30:37.696 12213 DEBUG neutron_lib.callbacks.manager [req-872ae553-1bee-4be9-997b-255799f9aaca - - - - -] Notify callbacks ['neutron.services.segments.db._update_segment_host_mapping_for_agent-8748067238450'] for agent, after_update _notify_loop /usr/lib/python2.7/site-packages/neutron_lib/callbacks/manager.py:167
2018-06-27 22:30:40.621 12218 DEBUG neutron_lib.callbacks.manager [req-6015b082-1c37-49c1-9207-4a4cf568c373 - - - - -] Notify callbacks ['neutron.services.segments.db._update_segment_host_mapping_for_agent-8748067238450'] for agent, after_update _notify_loop /usr/lib/python2.7/site-packages/neutron_lib/callbacks/manager.py:167
2018-06-27 22:31:07.087 12219 DEBUG neutron_lib.callbacks.manager [req-86af517a-d29d-4dfa-a501-72299d46e5a4 - - - - -] Notify callbacks ['neutron.services.segments.db._update_segment_host_mapping_for_agent-8748067238450'] for agent, after_update _notify_loop /usr/lib/python2.7/site-packages/neutron_lib/callbacks/manager.py:167
2018-06-27 22:31:07.635 12212 DEBUG neutron_lib.callbacks.manager [req-cca80c39-87e7-4881-8817-cfe66544bb05 - - - - -] Notify callbacks ['neutron.services.segments.db._update_segment_host_mapping_for_agent-8748067238450'] for agent, after_update _notify_loop /usr/lib/python2.7/site-packages/neutron_lib/callbacks/manager.py:167
2018-06-27 22:31:07.655 12216 DEBUG neutron_lib.callbacks.manager [req-0ce31cb9-7041-4cae-a3bc-c6b6ed8f3ba2 - - - - -] Notify callbacks ['neutron.services.segments.db._update_segment_host_mapping_for_agent-8748067238450'] for agent, after_update _notify_loop /usr/lib/python2.7/site-packages/neutron_lib/callbacks/manager.py:167
2018-06-27 22:31:07.706 12217 DEBUG neutron_lib.callbacks.manager [req-872ae553-1bee-4be9-997b-255799f9aaca - - - - -] Notify callbacks ['neutron.services.segments.db._update_segment_host_mapping_for_agent-8748067238450'] for agent, after_update _notify_loop /usr/lib/python2.7/site-packages/neutron_lib/callbacks/manager.py:167
2018-06-27 22:31:08.384 12221 DEBUG neutron.db.agents_db [req-bbd39586-ca42-4cbe-ac1c-1cea4de7629f - - - - -] Agent healthcheck: found 5 active agents agent_health_check /usr/lib/python2.7/site-packages/neutron/db/agents_db.py:281
2018-06-27 22:31:10.620 12214 DEBUG neutron_lib.callbacks.manager [req-6015b082-1c37-49c1-9207-4a4cf568c373 - - - - -] Notify callbacks ['neutron.services.segments.db._update_segment_host_mapping_for_agent-8748067238450'] for agent, after_update _notify_loop /usr/lib/python2.7/site-packages/neutron_lib/callbacks/manager.py:167
2018-06-27 22:31:37.087 12220 DEBUG neutron_lib.callbacks.manager [req-2d94a832-ba26-4243-aeb8-4dc55f032335 - - - - -] Notify callbacks ['neutron.services.segments.db._update_segment_host_mapping_for_agent-8748067238450'] for agent, after_update _notify_loop /usr/lib/python2.7/site-packages/neutron_lib/callbacks/manager.py:167
2018-06-27 22:31:37.642 12215 DEBUG neutron_lib.callbacks.manager [req-cca80c39-87e7-4881-8817-cfe66544bb05 - - - - -] Notify callbacks ['neutron.services.segments.db._update_segment_host_mapping_for_agent-8748067238450'] for agent, after_update _notify_loop /usr/lib/python2.7/site-packages/neutron_lib/callbacks/manager.py:167
2018-06-27 22:31:37.646 12213 DEBUG neutron_lib.callbacks.manager [req-11666b2e-f7b4-4ceb-bbfb-8857655b2208 - - - - -] Notify callbacks ['neutron.services.segments.db._update_segment_host_mapping_for_agent-8748067238450'] for agent, after_update _notify_loop /usr/lib/python2.7/site-packages/neutron_lib/callbacks/manager.py:167
2018-06-27 22:31:37.705 12218 DEBUG neutron_lib.callbacks.manager [req-872ae553-1bee-4be9-997b-255799f9aaca - - - - -] Notify callbacks ['neutron.services.segments.db._update_segment_host_mapping_for_agent-8748067238450'] for agent, after_update _notify_loop /usr/lib/python2.7/site-packages/neutron_lib/callbacks/manager.py:167
2018-06-27 22:31:40.618 12219 DEBUG neutron_lib.callbacks.manager [req-6015b082-1c37-49c1-9207-4a4cf568c373 - - - - -] Notify callbacks ['neutron.services.segments.db._update_segment_host_mapping_for_agent-8748067238450'] for agent, after_update _notify_loop /usr/lib/python2.7/site-packages/neutron_lib/callbacks/manager.py:167
2018-06-27 22:31:45.385 12221 DEBUG neutron.db.agents_db [req-bbd39586-ca42-4cbe-ac1c-1cea4de7629f - - - - -] Agent healthcheck: found 5 active agents agent_health_check /usr/lib/python2.7/site-packages/neutron/db/agents_db.py:281
2018-06-27 22:32:07.087 12212 DEBUG neutron_lib.callbacks.manager [req-dfb9dc79-b056-4daa-a838-e9a56cb3f950 - - - - -] Notify callbacks ['neutron.services.segments.db._update_segment_host_mapping_for_agent-8748067238450'] for agent, after_update _notify_loop /usr/lib/python2.7/site-packages/neutron_lib/callbacks/manager.py:167
2018-06-27 22:32:07.637 12216 DEBUG neutron_lib.callbacks.manager [req-cca80c39-87e7-4881-8817-cfe66544bb05 - - - - -] Notify callbacks ['neutron.services.segments.db._update_segment_host_mapping_for_agent-8748067238450'] for agent, after_update _notify_loop /usr/lib/python2.7/site-packages/neutron_lib/callbacks/manager.py:167
2018-06-27 22:32:07.648 12217 DEBUG neutron_lib.callbacks.manager [req-de2c9f95-057b-483f-96ea-c7801faacb16 - - - - -] Notify callbacks ['neutron.services.segments.db._update_segment_host_mapping_for_agent-8748067238450'] for agent, after_update _notify_loop /usr/lib/python2.7/site-packages/neutron_lib/callbacks/manager.py:167
2018-06-27 22:32:07.704 12214 DEBUG neutron_lib.callbacks.manager [req-872ae553-1bee-4be9-997b-255799f9aaca - - - - -] Notify callbacks ['neutron.services.segments.db._update_segment_host_mapping_for_agent-8748067238450'] for agent, after_update _notify_loop /usr/lib/python2.7/site-packages/neutron_lib/callbacks/manager.py:167
