2018-09-29 00:20:10.279 7647 DEBUG neutron.api.rpc.handlers.resources_rpc [req-4183717a-f65a-432e-806a-b9a0150883e1 cd0bf79b73f744909b9b55ec41d8e885 7a69f19738e74bd6a39855aff28f4b40 - - -] neutron.api.rpc.handlers.resources_rpc.ResourcesPushRpcApi method push called with arguments (<neutron_lib.context.Context object at 0x7f47ddc89810>, [Port(admin_state_up=<?>,allowed_address_pairs=<?>,binding=<?>,binding_levels=<?>,created_at=<?>,data_plane_status=<?>,description=<?>,device_id=<?>,device_owner=<?>,dhcp_options=<?>,distributed_binding=<?>,dns=<?>,fixed_ips=<?>,id=31a8e503-cd44-43b3-b1d7-3773085b1945,mac_address=<?>,name=<?>,network_id=<?>,project_id=<?>,qos_policy_id=None,revision_number=<?>,security=<?>,security_group_ids=None,status=<?>,updated_at=<?>)], 'deleted') {} wrapper /usr/lib/python2.7/site-packages/oslo_log/helpers.py:66
2018-09-29 00:20:10.318 7647 DEBUG neutron.api.rpc.callbacks.version_manager [req-4183717a-f65a-432e-806a-b9a0150883e1 cd0bf79b73f744909b9b55ec41d8e885 7a69f19738e74bd6a39855aff28f4b40 - - -] Version for resource type Subnet changed None to 1.0 on consumer Open vSwitch agent@localhost.localdomain _set_version /usr/lib/python2.7/site-packages/neutron/api/rpc/callbacks/version_manager.py:119
2018-09-29 00:20:10.319 7647 DEBUG neutron.api.rpc.callbacks.version_manager [req-4183717a-f65a-432e-806a-b9a0150883e1 cd0bf79b73f744909b9b55ec41d8e885 7a69f19738e74bd6a39855aff28f4b40 - - -] Version for resource type Network changed None to 1.0 on consumer Open vSwitch agent@localhost.localdomain _set_version /usr/lib/python2.7/site-packages/neutron/api/rpc/callbacks/version_manager.py:119
2018-09-29 00:20:10.319 7647 DEBUG neutron.api.rpc.callbacks.version_manager [req-4183717a-f65a-432e-806a-b9a0150883e1 cd0bf79b73f744909b9b55ec41d8e885 7a69f19738e74bd6a39855aff28f4b40 - - -] Version for resource type SubPort changed None to 1.0 on consumer Open vSwitch agent@localhost.localdomain _set_version /usr/lib/python2.7/site-packages/neutron/api/rpc/callbacks/version_manager.py:119
2018-09-29 00:20:10.320 7647 DEBUG neutron.api.rpc.callbacks.version_manager [req-4183717a-f65a-432e-806a-b9a0150883e1 cd0bf79b73f744909b9b55ec41d8e885 7a69f19738e74bd6a39855aff28f4b40 - - -] Version for resource type SecurityGroup changed None to 1.0 on consumer Open vSwitch agent@localhost.localdomain _set_version /usr/lib/python2.7/site-packages/neutron/api/rpc/callbacks/version_manager.py:119
2018-09-29 00:20:10.321 7647 DEBUG neutron.api.rpc.callbacks.version_manager [req-4183717a-f65a-432e-806a-b9a0150883e1 cd0bf79b73f744909b9b55ec41d8e885 7a69f19738e74bd6a39855aff28f4b40 - - -] Version for resource type SecurityGroupRule changed None to 1.0 on consumer Open vSwitch agent@localhost.localdomain _set_version /usr/lib/python2.7/site-packages/neutron/api/rpc/callbacks/version_manager.py:119
2018-09-29 00:20:10.321 7647 DEBUG neutron.api.rpc.callbacks.version_manager [req-4183717a-f65a-432e-806a-b9a0150883e1 cd0bf79b73f744909b9b55ec41d8e885 7a69f19738e74bd6a39855aff28f4b40 - - -] Version for resource type Trunk changed None to 1.1 on consumer Open vSwitch agent@localhost.localdomain _set_version /usr/lib/python2.7/site-packages/neutron/api/rpc/callbacks/version_manager.py:119
2018-09-29 00:20:10.322 7647 DEBUG neutron.api.rpc.callbacks.version_manager [req-4183717a-f65a-432e-806a-b9a0150883e1 cd0bf79b73f744909b9b55ec41d8e885 7a69f19738e74bd6a39855aff28f4b40 - - -] Version for resource type QosPolicy changed None to 1.6 on consumer Open vSwitch agent@localhost.localdomain _set_version /usr/lib/python2.7/site-packages/neutron/api/rpc/callbacks/version_manager.py:119
2018-09-29 00:20:10.323 7647 DEBUG neutron.api.rpc.callbacks.version_manager [req-4183717a-f65a-432e-806a-b9a0150883e1 cd0bf79b73f744909b9b55ec41d8e885 7a69f19738e74bd6a39855aff28f4b40 - - -] Version for resource type Port changed None to 1.1 on consumer Open vSwitch agent@localhost.localdomain _set_version /usr/lib/python2.7/site-packages/neutron/api/rpc/callbacks/version_manager.py:119
2018-09-29 00:20:10.323 7647 DEBUG neutron.api.rpc.callbacks.version_manager [req-4183717a-f65a-432e-806a-b9a0150883e1 cd0bf79b73f744909b9b55ec41d8e885 7a69f19738e74bd6a39855aff28f4b40 - - -] Version for resource type Log changed None to 1.0 on consumer Open vSwitch agent@localhost.localdomain _set_version /usr/lib/python2.7/site-packages/neutron/api/rpc/callbacks/version_manager.py:119
2018-09-29 00:20:10.360 7647 DEBUG oslo_concurrency.lockutils [req-4183717a-f65a-432e-806a-b9a0150883e1 cd0bf79b73f744909b9b55ec41d8e885 7a69f19738e74bd6a39855aff28f4b40 - - -] Lock "event-dispatch" released by "neutron.plugins.ml2.ovo_rpc.dispatch_events" :: held 0.160s inner /usr/lib/python2.7/site-packages/oslo_concurrency/lockutils.py:282
2018-09-29 00:20:11.375 7647 DEBUG neutron.scheduler.l3_agent_scheduler [req-4183717a-f65a-432e-806a-b9a0150883e1 cd0bf79b73f744909b9b55ec41d8e885 7a69f19738e74bd6a39855aff28f4b40 - ed4e49e8d8784a5b93d968092a96cad4 ed4e49e8d8784a5b93d968092a96cad4] Router 45f386cb-aea8-4a48-a4e6-e111abc38b37 has already been hosted by L3 agent 29a64cb9-0d57-4a7f-90f1-107df85f1431 _get_candidates /usr/lib/python2.7/site-packages/neutron/scheduler/l3_agent_scheduler.py:141
2018-09-29 00:20:11.599 7647 DEBUG neutron.api.rpc.agentnotifiers.l3_rpc_agent_api [req-4183717a-f65a-432e-806a-b9a0150883e1 cd0bf79b73f744909b9b55ec41d8e885 7a69f19738e74bd6a39855aff28f4b40 - ed4e49e8d8784a5b93d968092a96cad4 ed4e49e8d8784a5b93d968092a96cad4] Notify agent at l3_agent.localhost.localdomain the message routers_updated _agent_notification /usr/lib/python2.7/site-packages/neutron/api/rpc/agentnotifiers/l3_rpc_agent_api.py:69
2018-09-29 00:20:11.630 7647 DEBUG neutron.quota.resource [req-4183717a-f65a-432e-806a-b9a0150883e1 cd0bf79b73f744909b9b55ec41d8e885 7a69f19738e74bd6a39855aff28f4b40 - ed4e49e8d8784a5b93d968092a96cad4 ed4e49e8d8784a5b93d968092a96cad4] Persisted dirty status for tenant:7a69f19738e74bd6a39855aff28f4b40 on resource:floatingip mark_dirty /usr/lib/python2.7/site-packages/neutron/quota/resource.py:207
2018-09-29 00:20:11.642 7647 DEBUG neutron.quota.resource [req-4183717a-f65a-432e-806a-b9a0150883e1 cd0bf79b73f744909b9b55ec41d8e885 7a69f19738e74bd6a39855aff28f4b40 - ed4e49e8d8784a5b93d968092a96cad4 ed4e49e8d8784a5b93d968092a96cad4] Persisted dirty status for tenant: on resource:port mark_dirty /usr/lib/python2.7/site-packages/neutron/quota/resource.py:207
2018-09-29 00:20:11.648 7647 DEBUG neutron_lib.callbacks.manager [req-4183717a-f65a-432e-806a-b9a0150883e1 cd0bf79b73f744909b9b55ec41d8e885 7a69f19738e74bd6a39855aff28f4b40 - ed4e49e8d8784a5b93d968092a96cad4 ed4e49e8d8784a5b93d968092a96cad4] Notify callbacks ['neutron.notifiers.nova.Notifier._send_nova_notification--9223372036854773992'] for floatingip, before_response _notify_loop /usr/lib/python2.7/site-packages/neutron_lib/callbacks/manager.py:167
2018-09-29 00:20:11.655 7659 DEBUG neutron.db.l3_hamode_db [req-1227d2cb-8136-4574-be76-4b422defae59 - - - - -] neutron.services.l3_router.l3_router_plugin.L3RouterPlugin method get_ha_sync_data_for_host called with arguments (<neutron_lib.context.Context object at 0x7f47dd8ed250>, u'localhost.localdomain', <neutron.db.models.agent.Agent[object at 7f47ddcc7290] {id=u'29a64cb9-0d57-4a7f-90f1-107df85f1431', agent_type=u'L3 agent', binary=u'neutron-l3-agent', topic=u'l3_agent', host=u'localhost.localdomain', availability_zone=u'nova', admin_state_up=True, created_at=datetime.datetime(2018, 9, 11, 23, 0, 5), started_at=datetime.datetime(2018, 9, 29, 3, 56, 58), heartbeat_timestamp=datetime.datetime(2018, 9, 29, 4, 19, 59), description=None, configurations=u'{"agent_mode": "legacy", "gateway_external_network_id": "", "handle_internal_only_routers": true, "routers": 3, "interfaces": 3, "floating_ips": 2, "interface_driver": "neutron.agent.linux.interface.OVSInterfaceDriver", "log_agent_heartbeats": false, "external_network_bridge": "", "ex_gw_ports": 3}', resource_versions=None, load=0}>) {'active': True, 'router_ids': ['45f386cb-aea8-4a48-a4e6-e111abc38b37']} wrapper /usr/lib/python2.7/site-packages/oslo_log/helpers.py:66
2018-09-29 00:20:11.770 7647 INFO neutron.wsgi [req-4183717a-f65a-432e-806a-b9a0150883e1 cd0bf79b73f744909b9b55ec41d8e885 7a69f19738e74bd6a39855aff28f4b40 - ed4e49e8d8784a5b93d968092a96cad4 ed4e49e8d8784a5b93d968092a96cad4] 10.0.20.27 "DELETE /v2.0/floatingips/fdf32322-153b-4441-a16d-eeea9203930c HTTP/1.1" status: 204  len: 173 time: 2.4898932
2018-09-29 00:20:11.773 7647 DEBUG oslo_concurrency.lockutils [-] Lock "notifier-00c7db0f-7fff-4866-bacb-592460822973" acquired by "neutron.notifiers.batch_notifier.synced_send" :: waited 0.000s inner /usr/lib/python2.7/site-packages/oslo_concurrency/lockutils.py:270
2018-09-29 00:20:11.774 7647 DEBUG neutron.notifiers.nova [-] Sending events: [{'tag': u'de983ced-59e5-4123-b0d8-f86373fda19e', 'name': 'network-changed', 'server_uuid': u'63293a55-93ea-4d0a-8f3b-e23b716bcade'}] send_events /usr/lib/python2.7/site-packages/neutron/notifiers/nova.py:242
2018-09-29 00:20:12.526 7659 DEBUG neutron.db.l3_hamode_db [req-1227d2cb-8136-4574-be76-4b422defae59 - - - - -] neutron.services.l3_router.l3_router_plugin.L3RouterPlugin method _process_sync_ha_data called with arguments (<neutron_lib.context.Context object at 0x7f47dd8ed250>, [{'status': u'ACTIVE', '_interfaces': [{'status': u'ACTIVE', 'subnets': [{'dns_nameservers': [u'8.8.4.4'], 'ipv6_ra_mode': None, 'gateway_ip': u'11.109.1.1', 'cidr': u'11.109.1.0/24', 'id': u'e81a7a87-d136-4f16-acd8-bbcfbaf614b3', 'subnetpool_id': None}], 'binding:host_id': u'localhost.localdomain', 'description': u'', 'allowed_address_pairs': [], 'tags': [], 'extra_dhcp_opts': [], 'updated_at': '2018-09-29T04:15:03Z', 'device_owner': u'network:router_interface', 'revision_number': 7, 'port_security_enabled': False, 'binding:profile': {}, 'mtu': 1450, 'fixed_ips': [{'subnet_id': u'e81a7a87-d136-4f16-acd8-bbcfbaf614b3', 'prefixlen': 24, 'ip_address': u'11.109.1.1'}], 'id': u'41b98305-90c6-41ea-9eb5-0292d9a04a7c', 'security_groups': [], 'device_id': u'45f386cb-aea8-4a48-a4e6-e111abc38b37', 'name': u'', 'admin_state_up': True, 'network_id': u'34c20e8f-d12b-46f8-8cec-ff426e5a9300', 'tenant_id': u'7a69f19738e74bd6a39855aff28f4b40', 'binding:vif_details': {u'port_filter': True, u'datapath_type': u'system', u'ovs_hybrid_plug': True}, 'address_scopes': {4: None, 6: None}, 'binding:vnic_type': u'normal', 'binding:vif_type': u'ovs', 'mac_address': u'fa:16:3e:e6:f8:8b', 'project_id': u'7a69f19738e74bd6a39855aff28f4b40', 'extra_subnets': [], 'created_at': '2018-09-29T04:14:54Z'}], 'enable_snat': True, 'ha_vr_id': 0, 'description': u'', 'tags': [], 'gw_port': {'status': u'ACTIVE', 'subnets': [{'dns_nameservers': [], 'ipv6_ra_mode': None, 'gateway_ip': u'172.24.4.1', 'cidr': u'172.24.4.0/24', 'id': u'5bfac8c7-bad6-4bfa-8d79-0e3a758b4ce0', 'subnetpool_id': None}], 'binding:host_id': u'localhost.localdomain', 'description': u'', 'allowed_address_pairs': [], 'tags': [], 'extra_dhcp_opts': [], 'updated_at': '2018-09-29T04:15:15Z', 'device_owner': u'network:router_gateway', 'revision_number': 6, 'port_security_enabled': False, 'binding:profile': {}, 'mtu': 1500, 'fixed_ips': [{'subnet_id': u'5bfac8c7-bad6-4bfa-8d79-0e3a758b4ce0', 'prefixlen': 24, 'ip_address': u'172.24.4.8'}], 'id': u'86a8bfc9-2deb-47ad-b282-e4773958a39c', 'security_groups': [], 'device_id': u'45f386cb-aea8-4a48-a4e6-e111abc38b37', 'name': u'', 'admin_state_up': True, 'network_id': u'7fc29900-2b68-444d-aebd-eb83e6248a3d', 'tenant_id': u'', 'binding:vif_details': {u'port_filter': True, u'datapath_type': u'system', u'ovs_hybrid_plug': True}, 'address_scopes': {4: None, 6: None}, 'binding:vnic_type': u'normal', 'binding:vif_type': u'ovs', 'mac_address': u'fa:16:3e:6c:ec:41', 'project_id': u'', 'extra_subnets': [], 'created_at': '2018-09-29T04:15:08Z'}, 'updated_at': '2018-09-29T04:15:09Z', 'revision_number': 4, 'ha': False, 'id': u'45f386cb-aea8-4a48-a4e6-e111abc38b37', 'gw_port_host': u'localhost.localdomain', 'external_gateway_info': {'network_id': u'7fc29900-2b68-444d-aebd-eb83e6248a3d', 'enable_snat': True, 'external_fixed_ips': [{'subnet_id': u'5bfac8c7-bad6-4bfa-8d79-0e3a758b4ce0', 'ip_address': u'172.24.4.8'}]}, 'availability_zone_hints': [], 'availability_zones': [u'nova'], 'name': u'tempest-router-1538194306', 'gw_port_id': u'86a8bfc9-2deb-47ad-b282-e4773958a39c', 'admin_state_up': True, 'tenant_id': u'7a69f19738e74bd6a39855aff28f4b40', 'created_at': '2018-09-29T04:14:33Z', 'distributed': False, 'flavor_id': None, 'routes': [], 'project_id': u'7a69f19738e74bd6a39855aff28f4b40'}], u'localhost.localdomain', False) {} wrapper /usr/lib/python2.7/site-packages/oslo_log/helpers.py:66
2018-09-29 00:20:12.540 7659 DEBUG neutron.api.rpc.handlers.l3_rpc [req-1227d2cb-8136-4574-be76-4b422defae59 - - - - -] Checking router: 45f386cb-aea8-4a48-a4e6-e111abc38b37 for host: localhost.localdomain _ensure_host_set_on_ports /usr/lib/python2.7/site-packages/neutron/api/rpc/handlers/l3_rpc.py:135
2018-09-29 00:20:12.864 7655 DEBUG neutron.api.rpc.handlers.l3_rpc [req-fec6fa03-a161-4fc8-80ac-205fee9889f8 - - - - -] New status for floating IP fdf32322-153b-4441-a16d-eeea9203930c: DOWN update_floatingip_statuses /usr/lib/python2.7/site-packages/neutron/api/rpc/handlers/l3_rpc.py:252
2018-09-29 00:20:12.908 7647 DEBUG novaclient.v2.client [-] REQ: curl -g -i -X POST http://10.0.20.27:8774/v2.1/8961986b09aa454c91f8843d75e99a17/os-server-external-events -H "User-Agent: python-novaclient" -H "Content-Type: application/json" -H "Accept: application/json" -H "X-OpenStack-Nova-API-Version: 2.1" -H "X-Auth-Token: {SHA1}160eb65b4c091a1f982f7c59e860cd06d39d34b7" -d '{"events": [{"tag": "de983ced-59e5-4123-b0d8-f86373fda19e", "name": "network-changed", "server_uuid": "63293a55-93ea-4d0a-8f3b-e23b716bcade"}]}' _http_log_request /usr/lib/python2.7/site-packages/keystoneauth1/session.py:375
2018-09-29 00:20:13.694 7651 INFO neutron.wsgi [req-e0778e4c-baa2-4bed-8e96-0130babbe5f2 f5afe1b8aee948ab99be00f8a5a74e14 8961986b09aa454c91f8843d75e99a17 - default default] 10.0.20.27 "GET /v2.0/ports?device_id=63293a55-93ea-4d0a-8f3b-e23b716bcade HTTP/1.1" status: 200  len: 1124 time: 1.0397921
2018-09-29 00:20:13.772 7658 DEBUG neutron_lib.callbacks.manager [req-b86c4e73-48a1-4cc0-a493-d019b87610b6 - - - - -] Notify callbacks ['neutron.services.segments.db._update_segment_host_mapping_for_agent-8746666042282'] for agent, after_update _notify_loop /usr/lib/python2.7/site-packages/neutron_lib/callbacks/manager.py:167
2018-09-29 00:20:13.874 7651 INFO neutron.wsgi [req-432b3b14-c6bd-4728-a288-6cf069b7b35d f5afe1b8aee948ab99be00f8a5a74e14 8961986b09aa454c91f8843d75e99a17 - default default] 10.0.20.27 "GET /v2.0/security-groups?id=27ff3ff7-9034-4f49-b5df-4c18928235eb HTTP/1.1" status: 200  len: 2118 time: 0.1713290
2018-09-29 00:20:14.111 7647 DEBUG novaclient.v2.client [-] RESP: [200] Content-Length: 179 Content-Type: application/json Openstack-Api-Version: compute 2.1 X-Openstack-Nova-Api-Version: 2.1 Vary: OpenStack-API-Version, X-OpenStack-Nova-API-Version X-Openstack-Request-Id: req-47a2f125-6b66-47ad-ad00-e4afdc561291 X-Compute-Request-Id: req-47a2f125-6b66-47ad-ad00-e4afdc561291 Date: Sat, 29 Sep 2018 04:20:14 GMT Connection: keep-alive 
RESP BODY: {"events": [{"status": "completed", "tag": "de983ced-59e5-4123-b0d8-f86373fda19e", "name": "network-changed", "server_uuid": "63293a55-93ea-4d0a-8f3b-e23b716bcade", "code": 200}]}
 _http_log_response /usr/lib/python2.7/site-packages/keystoneauth1/session.py:423
2018-09-29 00:20:14.112 7647 DEBUG novaclient.v2.client [-] POST call to compute for http://10.0.20.27:8774/v2.1/8961986b09aa454c91f8843d75e99a17/os-server-external-events used request id req-47a2f125-6b66-47ad-ad00-e4afdc561291 request /usr/lib/python2.7/site-packages/keystoneauth1/session.py:727
2018-09-29 00:20:14.146 7647 INFO neutron.notifiers.nova [-] Nova event response: {u'status': u'completed', u'tag': u'de983ced-59e5-4123-b0d8-f86373fda19e', u'name': u'network-changed', u'server_uuid': u'63293a55-93ea-4d0a-8f3b-e23b716bcade', u'code': 200}
2018-09-29 00:20:14.367 7650 INFO neutron.wsgi [req-41b335d9-efd4-4734-a837-62fe25d31b32 84b85dc3831841e999b63e4879e07725 8961986b09aa454c91f8843d75e99a17 - default default] 10.0.20.27 "GET /v2.0/ports?tenant_id=7a69f19738e74bd6a39855aff28f4b40&device_id=63293a55-93ea-4d0a-8f3b-e23b716bcade HTTP/1.1" status: 200  len: 1124 time: 0.1606531
2018-09-29 00:20:14.639 7650 DEBUG neutron.pecan_wsgi.hooks.policy_enforcement [req-1adc53a2-3cf3-4984-8929-104ce5f4f9f7 84b85dc3831841e999b63e4879e07725 8961986b09aa454c91f8843d75e99a17 - default default] Attributes excluded by policy engine: [u'vlan_transparent'] _exclude_attributes_by_policy /usr/lib/python2.7/site-packages/neutron/pecan_wsgi/hooks/policy_enforcement.py:256
2018-09-29 00:20:14.642 7650 INFO neutron.wsgi [req-1adc53a2-3cf3-4984-8929-104ce5f4f9f7 84b85dc3831841e999b63e4879e07725 8961986b09aa454c91f8843d75e99a17 - default default] 10.0.20.27 "GET /v2.0/networks?id=34c20e8f-d12b-46f8-8cec-ff426e5a9300 HTTP/1.1" status: 200  len: 885 time: 0.2643261
2018-09-29 00:20:14.682 7650 INFO neutron.wsgi [req-7cce4061-5d99-4b8c-ade0-1941a17f16aa 84b85dc3831841e999b63e4879e07725 8961986b09aa454c91f8843d75e99a17 - default default] 10.0.20.27 "GET /v2.0/floatingips?fixed_ip_address=11.109.1.8&port_id=de983ced-59e5-4123-b0d8-f86373fda19e HTTP/1.1" status: 200  len: 217 time: 0.0331709
2018-09-29 00:20:14.850 7650 DEBUG neutron.pecan_wsgi.hooks.policy_enforcement [req-037eedd4-91c2-4541-99e6-d7c3c51c3e7d 84b85dc3831841e999b63e4879e07725 8961986b09aa454c91f8843d75e99a17 - default default] Attributes excluded by policy engine: [u'shared'] _exclude_attributes_by_policy /usr/lib/python2.7/site-packages/neutron/pecan_wsgi/hooks/policy_enforcement.py:256
2018-09-29 00:20:14.853 7650 INFO neutron.wsgi [req-037eedd4-91c2-4541-99e6-d7c3c51c3e7d 84b85dc3831841e999b63e4879e07725 8961986b09aa454c91f8843d75e99a17 - default default] 10.0.20.27 "GET /v2.0/subnets?id=e81a7a87-d136-4f16-acd8-bbcfbaf614b3 HTTP/1.1" status: 200  len: 847 time: 0.1584661
2018-09-29 00:20:15.032 7650 INFO neutron.wsgi [req-e24c89ae-ab50-40d1-b321-2bc1fca9bffc 84b85dc3831841e999b63e4879e07725 8961986b09aa454c91f8843d75e99a17 - default default] 10.0.20.27 "GET /v2.0/ports?network_id=34c20e8f-d12b-46f8-8cec-ff426e5a9300&device_owner=network%3Adhcp HTTP/1.1" status: 200  len: 1128 time: 0.1702380
2018-09-29 00:20:16.150 7647 DEBUG oslo_concurrency.lockutils [-] Lock "notifier-00c7db0f-7fff-4866-bacb-592460822973" released by "neutron.notifiers.batch_notifier.synced_send" :: held 4.377s inner /usr/lib/python2.7/site-packages/oslo_concurrency/lockutils.py:282
2018-09-29 00:20:20.556 7648 INFO neutron.wsgi [req-ecf3c573-8e67-4ad0-922c-e9a8809cc8f3 18d1f960831c48728a925f03113105ef 0f250fa08c1944bb994337cb65fd7528 - default default] 10.0.20.27 "GET /v2.0/ports?device_id=63293a55-93ea-4d0a-8f3b-e23b716bcade&device_id=6bf9496c-627e-41a4-9cfc-49eefa7ea292 HTTP/1.1" status: 200  len: 2039 time: 1.3080201
2018-09-29 00:20:20.700 7648 INFO neutron.wsgi [req-947ddc6a-bafc-4cd2-9ed3-9c56f9bbf959 18d1f960831c48728a925f03113105ef 0f250fa08c1944bb994337cb65fd7528 - default default] 10.0.20.27 "GET /v2.0/security-groups?id=bfec38bb-1160-49cb-9ae5-3037a086372d&id=27ff3ff7-9034-4f49-b5df-4c18928235eb HTTP/1.1" status: 200  len: 4015 time: 0.1340849
2018-09-29 00:20:28.928 7650 INFO neutron.wsgi [req-be48e224-79c1-4101-9cc7-d5ab389c5a7c 84b85dc3831841e999b63e4879e07725 8961986b09aa454c91f8843d75e99a17 - default default] 10.0.20.27 "GET /v2.0/ports?tenant_id=a38160efe53e4e7581f818ee3fac1993&device_id=6bf9496c-627e-41a4-9cfc-49eefa7ea292 HTTP/1.1" status: 200  len: 1124 time: 0.1681139
2018-09-29 00:20:29.093 7662 DEBUG neutron_lib.callbacks.manager [req-2a4b8f12-039e-476b-9eba-9c4796b76b51 - - - - -] Notify callbacks ['neutron.services.segments.db._update_segment_host_mapping_for_agent-8746666042282'] for agent, after_update _notify_loop /usr/lib/python2.7/site-packages/neutron_lib/callbacks/manager.py:167
2018-09-29 00:20:29.259 7650 DEBUG neutron.pecan_wsgi.hooks.policy_enforcement [req-cc24b35f-01d1-4c56-8f42-acebdf1b166a 84b85dc3831841e999b63e4879e07725 8961986b09aa454c91f8843d75e99a17 - default default] Attributes excluded by policy engine: [u'vlan_transparent'] _exclude_attributes_by_policy /usr/lib/python2.7/site-packages/neutron/pecan_wsgi/hooks/policy_enforcement.py:256
2018-09-29 00:20:29.263 7650 INFO neutron.wsgi [req-cc24b35f-01d1-4c56-8f42-acebdf1b166a 84b85dc3831841e999b63e4879e07725 8961986b09aa454c91f8843d75e99a17 - default default] 10.0.20.27 "GET /v2.0/networks?id=77c4308b-0efa-4472-8331-0dd097c56d24 HTTP/1.1" status: 200  len: 885 time: 0.3273461
2018-09-29 00:20:29.325 7650 INFO neutron.wsgi [req-c5aba9e4-07a8-4d68-9846-aed100c79c8e 84b85dc3831841e999b63e4879e07725 8961986b09aa454c91f8843d75e99a17 - default default] 10.0.20.27 "GET /v2.0/floatingips?fixed_ip_address=11.172.1.7&port_id=a22c41d0-9d72-4322-9847-46eb04b11bf9 HTTP/1.1" status: 200  len: 750 time: 0.0536399
2018-09-29 00:20:29.515 7650 DEBUG neutron.pecan_wsgi.hooks.policy_enforcement [req-a63d7deb-2e53-4349-89bb-28b08a9e3b71 84b85dc3831841e999b63e4879e07725 8961986b09aa454c91f8843d75e99a17 - default default] Attributes excluded by policy engine: [u'shared'] _exclude_attributes_by_policy /usr/lib/python2.7/site-packages/neutron/pecan_wsgi/hooks/policy_enforcement.py:256
2018-09-29 00:20:29.518 7650 INFO neutron.wsgi [req-a63d7deb-2e53-4349-89bb-28b08a9e3b71 84b85dc3831841e999b63e4879e07725 8961986b09aa454c91f8843d75e99a17 - default default] 10.0.20.27 "GET /v2.0/subnets?id=e47e940e-f05e-47fc-b991-a8a2233f485d HTTP/1.1" status: 200  len: 847 time: 0.1828291
2018-09-29 00:20:29.659 7648 INFO neutron.wsgi [req-ce1bf3ba-b9c0-4873-bd5d-7cd35dc82397 18d1f960831c48728a925f03113105ef 0f250fa08c1944bb994337cb65fd7528 - default default] 10.0.20.27 "GET /v2.0/ports?device_id=63293a55-93ea-4d0a-8f3b-e23b716bcade HTTP/1.1" status: 200  len: 1124 time: 0.8652041
2018-09-29 00:20:29.661 7650 INFO neutron.wsgi [req-dcf768b1-91fd-4689-af20-4373e1798dfa 84b85dc3831841e999b63e4879e07725 8961986b09aa454c91f8843d75e99a17 - default default] 10.0.20.27 "GET /v2.0/ports?network_id=77c4308b-0efa-4472-8331-0dd097c56d24&device_owner=network%3Adhcp HTTP/1.1" status: 200  len: 1128 time: 0.1348441
2018-09-29 00:20:29.804 7648 INFO neutron.wsgi [req-c46b2a8e-f9b4-4b56-a10d-b204773da18d 18d1f960831c48728a925f03113105ef 0f250fa08c1944bb994337cb65fd7528 - default default] 10.0.20.27 "GET /v2.0/security-groups?id=27ff3ff7-9034-4f49-b5df-4c18928235eb HTTP/1.1" status: 200  len: 2118 time: 0.1330278
2018-09-29 00:20:32.418 7661 DEBUG neutron.plugins.ml2.rpc [req-b86c4e73-48a1-4cc0-a493-d019b87610b6 - - - - -] Device de983ced-59e5-4123-b0d8-f86373fda19e no longer exists at agent ovs-agent-localhost.localdomain update_device_down /usr/lib/python2.7/site-packages/neutron/plugins/ml2/rpc.py:213
2018-09-29 00:20:32.776 7661 DEBUG neutron_lib.callbacks.manager [req-b86c4e73-48a1-4cc0-a493-d019b87610b6 - - - - -] Notify callbacks ['neutron.plugins.ml2.plugin.Ml2Plugin._ensure_default_security_group_handler-475187'] for port, before_update _notify_loop /usr/lib/python2.7/site-packages/neutron_lib/callbacks/manager.py:167
2018-09-29 00:20:32.889 7661 DEBUG oslo_concurrency.lockutils [-] Lock "notifier-00c7db0f-7fff-4866-bacb-592460822973" acquired by "neutron.notifiers.batch_notifier.synced_send" :: waited 0.000s inner /usr/lib/python2.7/site-packages/oslo_concurrency/lockutils.py:270
2018-09-29 00:20:32.890 7661 DEBUG neutron.notifiers.nova [-] Sending events: [{'status': 'completed', 'tag': u'de983ced-59e5-4123-b0d8-f86373fda19e', 'name': 'network-vif-unplugged', 'server_uuid': u'63293a55-93ea-4d0a-8f3b-e23b716bcade'}] send_events /usr/lib/python2.7/site-packages/neutron/notifiers/nova.py:242
2018-09-29 00:20:32.917 7661 DEBUG neutron.plugins.ml2.db [req-b86c4e73-48a1-4cc0-a493-d019b87610b6 - - - - -] For port de983ced-59e5-4123-b0d8-f86373fda19e, host localhost.localdomain, got binding levels [<neutron.plugins.ml2.models.PortBindingLevel[object at 7f47dd81fc90] {port_id=u'de983ced-59e5-4123-b0d8-f86373fda19e', host=u'localhost.localdomain', level=0, driver=u'openvswitch', segment_id=u'496d6195-60cb-431c-8125-1266758354d0'}>] get_binding_levels /usr/lib/python2.7/site-packages/neutron/plugins/ml2/db.py:106
2018-09-29 00:20:32.963 7661 DEBUG neutron_lib.callbacks.manager [req-b86c4e73-48a1-4cc0-a493-d019b87610b6 - - - - -] Notify callbacks ['neutron.db.l3_hascheduler_db._notify_l3_agent_ha_port_update--9223363290189095412', 'neutron.plugins.ml2.ovo_rpc._ObjectChangeHandler.handle_event--9223372036854165342', 'neutron.api.rpc.agentnotifiers.dhcp_rpc_agent_api.DhcpAgentNotifyAPI._native_event_send_dhcp_notification-1564842', 'neutron.db.l3_dvrscheduler_db._notify_l3_agent_port_update-8746665679545', 'neutron.plugins.ml2.plugin.Ml2Plugin.notify_sg_on_port_change-476308'] for port, after_update _notify_loop /usr/lib/python2.7/site-packages/neutron_lib/callbacks/manager.py:167
2018-09-29 00:20:32.980 7661 DEBUG oslo_concurrency.lockutils [-] Lock "event-dispatch" acquired by "neutron.plugins.ml2.ovo_rpc.dispatch_events" :: waited 0.000s inner /usr/lib/python2.7/site-packages/oslo_concurrency/lockutils.py:270
2018-09-29 00:20:33.176 7661 DEBUG neutron.api.rpc.handlers.resources_rpc [req-b86c4e73-48a1-4cc0-a493-d019b87610b6 - - - - -] neutron.api.rpc.handlers.resources_rpc.ResourcesPushRpcApi method push called with arguments (<neutron_lib.context.Context object at 0x7f47ddd6ebd0>, [Port(admin_state_up=True,allowed_address_pairs=[],binding=PortBinding,binding_levels=[PortBindingLevel],created_at=2018-09-29T04:15:33Z,data_plane_status=<?>,description='',device_id='63293a55-93ea-4d0a-8f3b-e23b716bcade',device_owner='compute:nova',dhcp_options=[],distributed_binding=None,dns=None,fixed_ips=[IPAllocation],id=de983ced-59e5-4123-b0d8-f86373fda19e,mac_address=fa:16:3e:4e:be:c8,name='',network_id=34c20e8f-d12b-46f8-8cec-ff426e5a9300,project_id='7a69f19738e74bd6a39855aff28f4b40',qos_policy_id=None,revision_number=9,security=PortSecurity(de983ced-59e5-4123-b0d8-f86373fda19e),security_group_ids=set([27ff3ff7-9034-4f49-b5df-4c18928235eb]),status='DOWN',updated_at=2018-09-29T04:20:32Z)], 'updated') {} wrapper /usr/lib/python2.7/site-packages/oslo_log/helpers.py:66
2018-09-29 00:20:33.190 7661 DEBUG neutron.api.rpc.callbacks.version_manager [req-b86c4e73-48a1-4cc0-a493-d019b87610b6 - - - - -] Version for resource type Subnet changed None to 1.0 on consumer Open vSwitch agent@localhost.localdomain _set_version /usr/lib/python2.7/site-packages/neutron/api/rpc/callbacks/version_manager.py:119
2018-09-29 00:20:33.191 7661 DEBUG neutron.api.rpc.callbacks.version_manager [req-b86c4e73-48a1-4cc0-a493-d019b87610b6 - - - - -] Version for resource type Network changed None to 1.0 on consumer Open vSwitch agent@localhost.localdomain _set_version /usr/lib/python2.7/site-packages/neutron/api/rpc/callbacks/version_manager.py:119
2018-09-29 00:20:33.192 7661 DEBUG neutron.api.rpc.callbacks.version_manager [req-b86c4e73-48a1-4cc0-a493-d019b87610b6 - - - - -] Version for resource type SubPort changed None to 1.0 on consumer Open vSwitch agent@localhost.localdomain _set_version /usr/lib/python2.7/site-packages/neutron/api/rpc/callbacks/version_manager.py:119
2018-09-29 00:20:33.192 7661 DEBUG neutron.api.rpc.callbacks.version_manager [req-b86c4e73-48a1-4cc0-a493-d019b87610b6 - - - - -] Version for resource type SecurityGroup changed None to 1.0 on consumer Open vSwitch agent@localhost.localdomain _set_version /usr/lib/python2.7/site-packages/neutron/api/rpc/callbacks/version_manager.py:119
2018-09-29 00:20:33.193 7661 DEBUG neutron.api.rpc.callbacks.version_manager [req-b86c4e73-48a1-4cc0-a493-d019b87610b6 - - - - -] Version for resource type SecurityGroupRule changed None to 1.0 on consumer Open vSwitch agent@localhost.localdomain _set_version /usr/lib/python2.7/site-packages/neutron/api/rpc/callbacks/version_manager.py:119
2018-09-29 00:20:33.193 7661 DEBUG neutron.api.rpc.callbacks.version_manager [req-b86c4e73-48a1-4cc0-a493-d019b87610b6 - - - - -] Version for resource type Trunk changed None to 1.1 on consumer Open vSwitch agent@localhost.localdomain _set_version /usr/lib/python2.7/site-packages/neutron/api/rpc/callbacks/version_manager.py:119
2018-09-29 00:20:33.194 7661 DEBUG neutron.api.rpc.callbacks.version_manager [req-b86c4e73-48a1-4cc0-a493-d019b87610b6 - - - - -] Version for resource type QosPolicy changed None to 1.6 on consumer Open vSwitch agent@localhost.localdomain _set_version /usr/lib/python2.7/site-packages/neutron/api/rpc/callbacks/version_manager.py:119
2018-09-29 00:20:33.194 7661 DEBUG neutron.api.rpc.callbacks.version_manager [req-b86c4e73-48a1-4cc0-a493-d019b87610b6 - - - - -] Version for resource type Port changed None to 1.1 on consumer Open vSwitch agent@localhost.localdomain _set_version /usr/lib/python2.7/site-packages/neutron/api/rpc/callbacks/version_manager.py:119
2018-09-29 00:20:33.195 7661 DEBUG neutron.api.rpc.callbacks.version_manager [req-b86c4e73-48a1-4cc0-a493-d019b87610b6 - - - - -] Version for resource type Log changed None to 1.0 on consumer Open vSwitch agent@localhost.localdomain _set_version /usr/lib/python2.7/site-packages/neutron/api/rpc/callbacks/version_manager.py:119
2018-09-29 00:20:33.214 7661 DEBUG oslo_concurrency.lockutils [req-b86c4e73-48a1-4cc0-a493-d019b87610b6 - - - - -] Lock "event-dispatch" released by "neutron.plugins.ml2.ovo_rpc.dispatch_events" :: held 0.234s inner /usr/lib/python2.7/site-packages/oslo_concurrency/lockutils.py:282
2018-09-29 00:20:33.975 7661 DEBUG novaclient.v2.client [-] REQ: curl -g -i -X POST http://10.0.20.27:8774/v2.1/8961986b09aa454c91f8843d75e99a17/os-server-external-events -H "User-Agent: python-novaclient" -H "Content-Type: application/json" -H "Accept: application/json" -H "X-OpenStack-Nova-API-Version: 2.1" -H "X-Auth-Token: {SHA1}9d1d2f90ee92a8296aad8dc9e092607c87f7484d" -d '{"events": [{"status": "completed", "tag": "de983ced-59e5-4123-b0d8-f86373fda19e", "name": "network-vif-unplugged", "server_uuid": "63293a55-93ea-4d0a-8f3b-e23b716bcade"}]}' _http_log_request /usr/lib/python2.7/site-packages/keystoneauth1/session.py:375
2018-09-29 00:20:34.596 7661 DEBUG novaclient.v2.client [-] RESP: [200] Content-Length: 185 Content-Type: application/json Openstack-Api-Version: compute 2.1 X-Openstack-Nova-Api-Version: 2.1 Vary: OpenStack-API-Version, X-OpenStack-Nova-API-Version X-Openstack-Request-Id: req-41e1dc6a-4560-4fa1-bcab-4bcd6163dad2 X-Compute-Request-Id: req-41e1dc6a-4560-4fa1-bcab-4bcd6163dad2 Date: Sat, 29 Sep 2018 04:20:34 GMT Connection: keep-alive 
RESP BODY: {"events": [{"status": "completed", "tag": "de983ced-59e5-4123-b0d8-f86373fda19e", "name": "network-vif-unplugged", "server_uuid": "63293a55-93ea-4d0a-8f3b-e23b716bcade", "code": 200}]}
 _http_log_response /usr/lib/python2.7/site-packages/keystoneauth1/session.py:423
2018-09-29 00:20:34.597 7661 DEBUG novaclient.v2.client [-] POST call to compute for http://10.0.20.27:8774/v2.1/8961986b09aa454c91f8843d75e99a17/os-server-external-events used request id req-41e1dc6a-4560-4fa1-bcab-4bcd6163dad2 request /usr/lib/python2.7/site-packages/keystoneauth1/session.py:727
2018-09-29 00:20:34.605 7661 INFO neutron.notifiers.nova [-] Nova event response: {u'status': u'completed', u'tag': u'de983ced-59e5-4123-b0d8-f86373fda19e', u'name': u'network-vif-unplugged', u'server_uuid': u'63293a55-93ea-4d0a-8f3b-e23b716bcade', u'code': 200}
2018-09-29 00:20:35.832 7650 INFO neutron.wsgi [req-6e37664b-3711-40c0-b8ad-155896e35cf8 18d1f960831c48728a925f03113105ef 0f250fa08c1944bb994337cb65fd7528 - default default] 10.0.20.27 "GET /v2.0/ports?device_id=63293a55-93ea-4d0a-8f3b-e23b716bcade HTTP/1.1" status: 200  len: 1122 time: 1.5736539
2018-09-29 00:20:35.905 7659 DEBUG neutron_lib.callbacks.manager [req-431a1f0e-d577-42cc-ab91-db28228ffdbc - - - - -] Notify callbacks ['neutron.services.segments.db._update_segment_host_mapping_for_agent-8746666042282'] for agent, after_update _notify_loop /usr/lib/python2.7/site-packages/neutron_lib/callbacks/manager.py:167
2018-09-29 00:20:35.941 7656 DEBUG neutron_lib.callbacks.manager [req-a3d93e7b-e24a-4b5f-87f2-81afd409fe0a - - - - -] Notify callbacks ['neutron.services.segments.db._update_segment_host_mapping_for_agent-8746666042282'] for agent, after_update _notify_loop /usr/lib/python2.7/site-packages/neutron_lib/callbacks/manager.py:167
2018-09-29 00:20:35.977 7650 DEBUG neutron.plugins.ml2.plugin [req-48032a47-3c75-419e-b813-276693bec5a2 18d1f960831c48728a925f03113105ef 0f250fa08c1944bb994337cb65fd7528 - default default] Deleting port de983ced-59e5-4123-b0d8-f86373fda19e _pre_delete_port /usr/lib/python2.7/site-packages/neutron/plugins/ml2/plugin.py:1488
2018-09-29 00:20:35.978 7650 DEBUG neutron_lib.callbacks.manager [req-48032a47-3c75-419e-b813-276693bec5a2 18d1f960831c48728a925f03113105ef 0f250fa08c1944bb994337cb65fd7528 - default default] Notify callbacks ['neutron.db.l3_db._prevent_l3_port_delete_callback--9223363290188529562'] for port, before_delete _notify_loop /usr/lib/python2.7/site-packages/neutron_lib/callbacks/manager.py:167
2018-09-29 00:20:36.124 7660 DEBUG neutron_lib.callbacks.manager [req-f00447d3-a140-4039-a27c-07d1ffe94a21 - - - - -] Notify callbacks ['neutron.services.segments.db._update_segment_host_mapping_for_agent-8746666042282'] for agent, after_update _notify_loop /usr/lib/python2.7/site-packages/neutron_lib/callbacks/manager.py:167
2018-09-29 00:20:36.606 7661 DEBUG oslo_concurrency.lockutils [-] Lock "notifier-00c7db0f-7fff-4866-bacb-592460822973" released by "neutron.notifiers.batch_notifier.synced_send" :: held 3.722s inner /usr/lib/python2.7/site-packages/oslo_concurrency/lockutils.py:282
2018-09-29 00:20:36.706 7664 DEBUG neutron.db.agents_db [req-4e5cb0c6-6ce7-4033-a5ca-6faff7722121 - - - - -] Agent healthcheck: found 5 active agents agent_health_check /usr/lib/python2.7/site-packages/neutron/db/agents_db.py:281
2018-09-29 00:20:36.989 7650 DEBUG neutron.plugins.ml2.db [req-48032a47-3c75-419e-b813-276693bec5a2 18d1f960831c48728a925f03113105ef 0f250fa08c1944bb994337cb65fd7528 - default default] For port de983ced-59e5-4123-b0d8-f86373fda19e, host localhost.localdomain, got binding levels [<neutron.plugins.ml2.models.PortBindingLevel[object at 7f47dd783590] {port_id=u'de983ced-59e5-4123-b0d8-f86373fda19e', host=u'localhost.localdomain', level=0, driver=u'openvswitch', segment_id=u'496d6195-60cb-431c-8125-1266758354d0'}>] get_binding_levels /usr/lib/python2.7/site-packages/neutron/plugins/ml2/db.py:106
2018-09-29 00:20:37.042 7650 DEBUG neutron.plugins.ml2.plugin [req-48032a47-3c75-419e-b813-276693bec5a2 18d1f960831c48728a925f03113105ef 0f250fa08c1944bb994337cb65fd7528 - default default] Calling delete_port for de983ced-59e5-4123-b0d8-f86373fda19e owned by compute:nova delete_port /usr/lib/python2.7/site-packages/neutron/plugins/ml2/plugin.py:1547
2018-09-29 00:20:37.497 7650 DEBUG neutron_lib.callbacks.manager [req-48032a47-3c75-419e-b813-276693bec5a2 18d1f960831c48728a925f03113105ef 0f250fa08c1944bb994337cb65fd7528 - default default] Notify callbacks ['neutron.db.l3_dvrscheduler_db._notify_port_delete--9223363290189096271', 'neutron.plugins.ml2.ovo_rpc._ObjectChangeHandler.handle_event--9223372036854165342', 'neutron.api.rpc.agentnotifiers.dhcp_rpc_agent_api.DhcpAgentNotifyAPI._native_event_send_dhcp_notification-1564842', 'neutron.db.l3_db._notify_routers_callback-8746666219841', 'neutron.plugins.ml2.plugin.Ml2Plugin.notify_sg_on_port_change-476308'] for port, after_delete _notify_loop /usr/lib/python2.7/site-packages/neutron_lib/callbacks/manager.py:167
2018-09-29 00:20:37.719 7650 DEBUG neutron.db.l3_dvrscheduler_db [req-48032a47-3c75-419e-b813-276693bec5a2 18d1f960831c48728a925f03113105ef 0f250fa08c1944bb994337cb65fd7528 - default default] No DVR routers for this DVR port de983ced-59e5-4123-b0d8-f86373fda19e on host localhost.localdomain get_dvr_routers_to_remove /usr/lib/python2.7/site-packages/neutron/db/l3_dvrscheduler_db.py:191
2018-09-29 00:20:37.765 7650 DEBUG oslo_concurrency.lockutils [-] Lock "event-dispatch" acquired by "neutron.plugins.ml2.ovo_rpc.dispatch_events" :: waited 0.000s inner /usr/lib/python2.7/site-packages/oslo_concurrency/lockutils.py:270
2018-09-29 00:20:37.855 7650 DEBUG neutron.api.rpc.handlers.resources_rpc [req-48032a47-3c75-419e-b813-276693bec5a2 18d1f960831c48728a925f03113105ef 0f250fa08c1944bb994337cb65fd7528 - - -] neutron.api.rpc.handlers.resources_rpc.ResourcesPushRpcApi method push called with arguments (<neutron_lib.context.Context object at 0x7f47dd138990>, [Port(admin_state_up=<?>,allowed_address_pairs=<?>,binding=<?>,binding_levels=<?>,created_at=<?>,data_plane_status=<?>,description=<?>,device_id=<?>,device_owner=<?>,dhcp_options=<?>,distributed_binding=<?>,dns=<?>,fixed_ips=<?>,id=de983ced-59e5-4123-b0d8-f86373fda19e,mac_address=<?>,name=<?>,network_id=<?>,project_id=<?>,qos_policy_id=None,revision_number=<?>,security=<?>,security_group_ids=None,status=<?>,updated_at=<?>)], 'deleted') {} wrapper /usr/lib/python2.7/site-packages/oslo_log/helpers.py:66
2018-09-29 00:20:37.901 7650 DEBUG neutron.api.rpc.callbacks.version_manager [req-48032a47-3c75-419e-b813-276693bec5a2 18d1f960831c48728a925f03113105ef 0f250fa08c1944bb994337cb65fd7528 - - -] Version for resource type Subnet changed None to 1.0 on consumer Open vSwitch agent@localhost.localdomain _set_version /usr/lib/python2.7/site-packages/neutron/api/rpc/callbacks/version_manager.py:119
2018-09-29 00:20:37.902 7650 DEBUG neutron.api.rpc.callbacks.version_manager [req-48032a47-3c75-419e-b813-276693bec5a2 18d1f960831c48728a925f03113105ef 0f250fa08c1944bb994337cb65fd7528 - - -] Version for resource type Network changed None to 1.0 on consumer Open vSwitch agent@localhost.localdomain _set_version /usr/lib/python2.7/site-packages/neutron/api/rpc/callbacks/version_manager.py:119
2018-09-29 00:20:37.903 7650 DEBUG neutron.api.rpc.callbacks.version_manager [req-48032a47-3c75-419e-b813-276693bec5a2 18d1f960831c48728a925f03113105ef 0f250fa08c1944bb994337cb65fd7528 - - -] Version for resource type SubPort changed None to 1.0 on consumer Open vSwitch agent@localhost.localdomain _set_version /usr/lib/python2.7/site-packages/neutron/api/rpc/callbacks/version_manager.py:119
2018-09-29 00:20:37.903 7650 DEBUG neutron.api.rpc.callbacks.version_manager [req-48032a47-3c75-419e-b813-276693bec5a2 18d1f960831c48728a925f03113105ef 0f250fa08c1944bb994337cb65fd7528 - - -] Version for resource type SecurityGroup changed None to 1.0 on consumer Open vSwitch agent@localhost.localdomain _set_version /usr/lib/python2.7/site-packages/neutron/api/rpc/callbacks/version_manager.py:119
2018-09-29 00:20:37.904 7650 DEBUG neutron.api.rpc.callbacks.version_manager [req-48032a47-3c75-419e-b813-276693bec5a2 18d1f960831c48728a925f03113105ef 0f250fa08c1944bb994337cb65fd7528 - - -] Version for resource type SecurityGroupRule changed None to 1.0 on consumer Open vSwitch agent@localhost.localdomain _set_version /usr/lib/python2.7/site-packages/neutron/api/rpc/callbacks/version_manager.py:119
2018-09-29 00:20:37.904 7650 DEBUG neutron.api.rpc.callbacks.version_manager [req-48032a47-3c75-419e-b813-276693bec5a2 18d1f960831c48728a925f03113105ef 0f250fa08c1944bb994337cb65fd7528 - - -] Version for resource type Trunk changed None to 1.1 on consumer Open vSwitch agent@localhost.localdomain _set_version /usr/lib/python2.7/site-packages/neutron/api/rpc/callbacks/version_manager.py:119
2018-09-29 00:20:37.905 7650 DEBUG neutron.api.rpc.callbacks.version_manager [req-48032a47-3c75-419e-b813-276693bec5a2 18d1f960831c48728a925f03113105ef 0f250fa08c1944bb994337cb65fd7528 - - -] Version for resource type QosPolicy changed None to 1.6 on consumer Open vSwitch agent@localhost.localdomain _set_version /usr/lib/python2.7/site-packages/neutron/api/rpc/callbacks/version_manager.py:119
2018-09-29 00:20:37.906 7650 DEBUG neutron.api.rpc.callbacks.version_manager [req-48032a47-3c75-419e-b813-276693bec5a2 18d1f960831c48728a925f03113105ef 0f250fa08c1944bb994337cb65fd7528 - - -] Version for resource type Port changed None to 1.1 on consumer Open vSwitch agent@localhost.localdomain _set_version /usr/lib/python2.7/site-packages/neutron/api/rpc/callbacks/version_manager.py:119
2018-09-29 00:20:37.906 7650 DEBUG neutron.api.rpc.callbacks.version_manager [req-48032a47-3c75-419e-b813-276693bec5a2 18d1f960831c48728a925f03113105ef 0f250fa08c1944bb994337cb65fd7528 - - -] Version for resource type Log changed None to 1.0 on consumer Open vSwitch agent@localhost.localdomain _set_version /usr/lib/python2.7/site-packages/neutron/api/rpc/callbacks/version_manager.py:119
2018-09-29 00:20:38.034 7650 DEBUG oslo_concurrency.lockutils [req-48032a47-3c75-419e-b813-276693bec5a2 18d1f960831c48728a925f03113105ef 0f250fa08c1944bb994337cb65fd7528 - - -] Lock "event-dispatch" released by "neutron.plugins.ml2.ovo_rpc.dispatch_events" :: held 0.269s inner /usr/lib/python2.7/site-packages/oslo_concurrency/lockutils.py:282
2018-09-29 00:20:38.255 7650 DEBUG neutron_lib.callbacks.manager [req-48032a47-3c75-419e-b813-276693bec5a2 18d1f960831c48728a925f03113105ef 0f250fa08c1944bb994337cb65fd7528 - default default] Notify callbacks ['neutron.notifiers.nova.Notifier._send_nova_notification--9223372036854773992'] for port, before_response _notify_loop /usr/lib/python2.7/site-packages/neutron_lib/callbacks/manager.py:167
2018-09-29 00:20:38.260 7650 DEBUG oslo_concurrency.lockutils [-] Lock "notifier-00c7db0f-7fff-4866-bacb-592460822973" acquired by "neutron.notifiers.batch_notifier.synced_send" :: waited 0.000s inner /usr/lib/python2.7/site-packages/oslo_concurrency/lockutils.py:270
2018-09-29 00:20:38.265 7650 DEBUG neutron.notifiers.nova [-] Sending events: [{'tag': u'de983ced-59e5-4123-b0d8-f86373fda19e', 'name': 'network-vif-deleted', 'server_uuid': u'63293a55-93ea-4d0a-8f3b-e23b716bcade'}] send_events /usr/lib/python2.7/site-packages/neutron/notifiers/nova.py:242
2018-09-29 00:20:38.272 7650 DEBUG novaclient.v2.client [-] REQ: curl -g -i -X POST http://10.0.20.27:8774/v2.1/8961986b09aa454c91f8843d75e99a17/os-server-external-events -H "User-Agent: python-novaclient" -H "Content-Type: application/json" -H "Accept: application/json" -H "X-OpenStack-Nova-API-Version: 2.1" -H "X-Auth-Token: {SHA1}bf4abf6089ed9f27bc01de0a03c6e758a9b256aa" -d '{"events": [{"tag": "de983ced-59e5-4123-b0d8-f86373fda19e", "name": "network-vif-deleted", "server_uuid": "63293a55-93ea-4d0a-8f3b-e23b716bcade"}]}' _http_log_request /usr/lib/python2.7/site-packages/keystoneauth1/session.py:375
2018-09-29 00:20:38.300 7650 DEBUG neutron.quota.resource [req-48032a47-3c75-419e-b813-276693bec5a2 18d1f960831c48728a925f03113105ef 0f250fa08c1944bb994337cb65fd7528 - default default] Persisted dirty status for tenant:7a69f19738e74bd6a39855aff28f4b40 on resource:port mark_dirty /usr/lib/python2.7/site-packages/neutron/quota/resource.py:207
2018-09-29 00:20:38.323 7650 INFO neutron.wsgi [req-48032a47-3c75-419e-b813-276693bec5a2 18d1f960831c48728a925f03113105ef 0f250fa08c1944bb994337cb65fd7528 - default default] 10.0.20.27 "DELETE /v2.0/ports/de983ced-59e5-4123-b0d8-f86373fda19e HTTP/1.1" status: 204  len: 173 time: 2.4835341
2018-09-29 00:20:38.404 7650 DEBUG novaclient.v2.client [-] RESP: [200] Content-Length: 183 Content-Type: application/json Openstack-Api-Version: compute 2.1 X-Openstack-Nova-Api-Version: 2.1 Vary: OpenStack-API-Version, X-OpenStack-Nova-API-Version X-Openstack-Request-Id: req-d9e2177d-e6ab-474f-b64a-3551b8725b93 X-Compute-Request-Id: req-d9e2177d-e6ab-474f-b64a-3551b8725b93 Date: Sat, 29 Sep 2018 04:20:38 GMT Connection: keep-alive 
RESP BODY: {"events": [{"status": "completed", "tag": "de983ced-59e5-4123-b0d8-f86373fda19e", "name": "network-vif-deleted", "server_uuid": "63293a55-93ea-4d0a-8f3b-e23b716bcade", "code": 200}]}
 _http_log_response /usr/lib/python2.7/site-packages/keystoneauth1/session.py:423
2018-09-29 00:20:38.404 7650 DEBUG novaclient.v2.client [-] POST call to compute for http://10.0.20.27:8774/v2.1/8961986b09aa454c91f8843d75e99a17/os-server-external-events used request id req-d9e2177d-e6ab-474f-b64a-3551b8725b93 request /usr/lib/python2.7/site-packages/keystoneauth1/session.py:727
2018-09-29 00:20:38.431 7650 INFO neutron.notifiers.nova [-] Nova event response: {u'status': u'completed', u'tag': u'de983ced-59e5-4123-b0d8-f86373fda19e', u'name': u'network-vif-deleted', u'server_uuid': u'63293a55-93ea-4d0a-8f3b-e23b716bcade', u'code': 200}
2018-09-29 00:20:39.217 7653 INFO neutron.wsgi [req-6e914939-d078-44c2-9d43-3351f699b27f f5afe1b8aee948ab99be00f8a5a74e14 8961986b09aa454c91f8843d75e99a17 - default default] 10.0.20.27 "GET /v2.0/ports?device_id=63293a55-93ea-4d0a-8f3b-e23b716bcade HTTP/1.1" status: 200  len: 210 time: 1.7046630
2018-09-29 00:20:40.433 7650 DEBUG oslo_concurrency.lockutils [-] Lock "notifier-00c7db0f-7fff-4866-bacb-592460822973" released by "neutron.notifiers.batch_notifier.synced_send" :: held 2.173s inner /usr/lib/python2.7/site-packages/oslo_concurrency/lockutils.py:282
2018-09-29 00:20:43.549 7661 DEBUG neutron_lib.callbacks.manager [req-b86c4e73-48a1-4cc0-a493-d019b87610b6 - - - - -] Notify callbacks ['neutron.services.segments.db._update_segment_host_mapping_for_agent-8746666042282'] for agent, after_update _notify_loop /usr/lib/python2.7/site-packages/neutron_lib/callbacks/manager.py:167
2018-09-29 00:20:59.075 7655 DEBUG neutron_lib.callbacks.manager [req-49d753c4-c9f5-44b6-a713-de2bd5467e57 - - - - -] Notify callbacks ['neutron.services.segments.db._update_segment_host_mapping_for_agent-8746666042282'] for agent, after_update _notify_loop /usr/lib/python2.7/site-packages/neutron_lib/callbacks/manager.py:167
2018-09-29 00:21:05.390 7654 DEBUG neutron.wsgi [-] (7654) accepted ('10.0.20.27', 40918) server /usr/lib/python2.7/site-packages/eventlet/wsgi.py:883
2018-09-29 00:21:05.397 7654 INFO neutron.wsgi [-] 10.0.20.27 "GET / HTTP/1.1" status: 200  len: 252 time: 0.0032859
2018-09-29 00:21:05.869 7654 INFO neutron.api.v2.resource [req-5220fdd2-2cb9-41e3-b994-7f9ec5866600 18d1f960831c48728a925f03113105ef 0f250fa08c1944bb994337cb65fd7528 - default default] show failed (client error): The resource could not be found.
2018-09-29 00:21:05.871 7654 INFO neutron.wsgi [req-5220fdd2-2cb9-41e3-b994-7f9ec5866600 18d1f960831c48728a925f03113105ef 0f250fa08c1944bb994337cb65fd7528 - default default] 10.0.20.27 "GET /v2.0/routers/tempest-router-1538194306 HTTP/1.1" status: 404  len: 330 time: 0.4681451
2018-09-29 00:21:05.891 7657 DEBUG neutron_lib.callbacks.manager [req-431a1f0e-d577-42cc-ab91-db28228ffdbc - - - - -] Notify callbacks ['neutron.services.segments.db._update_segment_host_mapping_for_agent-8746666042282'] for agent, after_update _notify_loop /usr/lib/python2.7/site-packages/neutron_lib/callbacks/manager.py:167
2018-09-29 00:21:05.928 7663 DEBUG neutron_lib.callbacks.manager [req-77892ef1-d5d4-49d4-89a8-9be48107e3fe - - - - -] Notify callbacks ['neutron.services.segments.db._update_segment_host_mapping_for_agent-8746666042282'] for agent, after_update _notify_loop /usr/lib/python2.7/site-packages/neutron_lib/callbacks/manager.py:167
2018-09-29 00:21:06.061 7654 INFO neutron.wsgi [req-5b6cfc46-73fa-4365-bb09-8769b946ad6b 18d1f960831c48728a925f03113105ef 0f250fa08c1944bb994337cb65fd7528 - default default] 10.0.20.27 "GET /v2.0/routers HTTP/1.1" status: 200  len: 2287 time: 0.1844232
2018-09-29 00:21:06.082 7654 DEBUG neutron.api.v2.base [req-15bc1dbd-f829-4e7f-8563-25f2a75efa53 18d1f960831c48728a925f03113105ef 0f250fa08c1944bb994337cb65fd7528 - default default] Request body: {u'router': {u'external_gateway_info': {}}} prepare_request_body /usr/lib/python2.7/site-packages/neutron/api/v2/base.py:695
2018-09-29 00:21:06.109 7658 DEBUG neutron_lib.callbacks.manager [req-f00447d3-a140-4039-a27c-07d1ffe94a21 - - - - -] Notify callbacks ['neutron.services.segments.db._update_segment_host_mapping_for_agent-8746666042282'] for agent, after_update _notify_loop /usr/lib/python2.7/site-packages/neutron_lib/callbacks/manager.py:167
2018-09-29 00:21:06.928 7654 DEBUG neutron_lib.callbacks.manager [req-15bc1dbd-f829-4e7f-8563-25f2a75efa53 18d1f960831c48728a925f03113105ef 0f250fa08c1944bb994337cb65fd7528 - default default] Notify callbacks [] for router_gateway, before_delete _notify_loop /usr/lib/python2.7/site-packages/neutron_lib/callbacks/manager.py:167
2018-09-29 00:21:06.945 7654 DEBUG neutron.plugins.ml2.plugin [req-15bc1dbd-f829-4e7f-8563-25f2a75efa53 18d1f960831c48728a925f03113105ef 0f250fa08c1944bb994337cb65fd7528 - default default] Deleting port 86a8bfc9-2deb-47ad-b282-e4773958a39c _pre_delete_port /usr/lib/python2.7/site-packages/neutron/plugins/ml2/plugin.py:1488
2018-09-29 00:21:06.947 7654 DEBUG neutron_lib.callbacks.manager [req-15bc1dbd-f829-4e7f-8563-25f2a75efa53 18d1f960831c48728a925f03113105ef 0f250fa08c1944bb994337cb65fd7528 - default default] Notify callbacks ['neutron.db.l3_db._prevent_l3_port_delete_callback--9223363290188529562'] for port, before_delete _notify_loop /usr/lib/python2.7/site-packages/neutron_lib/callbacks/manager.py:167
2018-09-29 00:21:07.208 7654 DEBUG neutron.plugins.ml2.db [req-15bc1dbd-f829-4e7f-8563-25f2a75efa53 18d1f960831c48728a925f03113105ef 0f250fa08c1944bb994337cb65fd7528 - default default] For port 86a8bfc9-2deb-47ad-b282-e4773958a39c, host localhost.localdomain, got binding levels [<neutron.plugins.ml2.models.PortBindingLevel[object at 7f47dd9c0fd0] {port_id=u'86a8bfc9-2deb-47ad-b282-e4773958a39c', host=u'localhost.localdomain', level=0, driver=u'openvswitch', segment_id=u'4411bd56-5b72-41a1-a220-315edaed1e1e'}>] get_binding_levels /usr/lib/python2.7/site-packages/neutron/plugins/ml2/db.py:106
