2018-06-26 09:10:37.677 30531 DEBUG neutron_lib.callbacks.manager [req-b4cd84ba-2a24-4129-ac1c-92fc1ce67594 aa9ab289b900453cbe540da36aa76872 1a35e3b0e18c4eff8ec68ce1f34b28b0 - default default] Notify callbacks ['neutron.plugins.ml2.plugin.Ml2Plugin.notify_sg_on_port_change-750531', 'neutron.plugins.ml2.ovo_rpc._ObjectChangeHandler.handle_event-1618436', 'neutron.db.l3_dvrscheduler_db._notify_l3_agent_new_port--9223363263653407070', 'neutron.api.rpc.agentnotifiers.dhcp_rpc_agent_api.DhcpAgentNotifyAPI._native_event_send_dhcp_notification--9223372036853014027'] for port, after_create _notify_loop /usr/lib/python2.7/site-packages/neutron_lib/callbacks/manager.py:167
2018-06-26 09:10:37.678 30531 DEBUG neutron.db.l3_dvrscheduler_db [req-b4cd84ba-2a24-4129-ac1c-92fc1ce67594 aa9ab289b900453cbe540da36aa76872 1a35e3b0e18c4eff8ec68ce1f34b28b0 - default default] Received port after_create _notify_l3_agent_new_port /usr/lib/python2.7/site-packages/neutron/db/l3_dvrscheduler_db.py:392
2018-06-26 09:10:37.704 30531 DEBUG oslo_concurrency.lockutils [-] Lock "event-dispatch" acquired by "neutron.plugins.ml2.ovo_rpc.dispatch_events" :: waited 0.000s inner /usr/lib/python2.7/site-packages/oslo_concurrency/lockutils.py:270
2018-06-26 09:10:37.959 30531 DEBUG neutron.api.rpc.handlers.resources_rpc [req-b4cd84ba-2a24-4129-ac1c-92fc1ce67594 aa9ab289b900453cbe540da36aa76872 1a35e3b0e18c4eff8ec68ce1f34b28b0 - - -] neutron.api.rpc.handlers.resources_rpc.ResourcesPushRpcApi method push called with arguments (<neutron_lib.context.Context object at 0x7faab8089e90>, [Port(admin_state_up=True,allowed_address_pairs=[],binding=PortBinding,binding_levels=[],created_at=2018-06-26T07:10:37Z,data_plane_status=<?>,description='',device_id='PENDING',device_owner='network:floatingip',dhcp_options=[],distributed_binding=None,dns=None,fixed_ips=[IPAllocation],id=95b03e5f-fc1d-40ef-9b24-e789f3395af8,mac_address=fa:16:3e:a8:dd:6b,name='',network_id=c6b5bb99-dcc0-4f71-b6f8-268e791b3287,project_id='',qos_policy_id=None,revision_number=3,security=PortSecurity(95b03e5f-fc1d-40ef-9b24-e789f3395af8),security_group_ids=set([]),status='N/A',updated_at=2018-06-26T07:10:37Z)], 'updated') {} wrapper /usr/lib/python2.7/site-packages/oslo_log/helpers.py:66
2018-06-26 09:10:37.980 30531 DEBUG neutron.api.rpc.callbacks.version_manager [req-b4cd84ba-2a24-4129-ac1c-92fc1ce67594 aa9ab289b900453cbe540da36aa76872 1a35e3b0e18c4eff8ec68ce1f34b28b0 - - -] Version for resource type Subnet changed None to 1.0 on consumer Open vSwitch agent@localhost.localdomain _set_version /usr/lib/python2.7/site-packages/neutron/api/rpc/callbacks/version_manager.py:119
2018-06-26 09:10:37.980 30531 DEBUG neutron.api.rpc.callbacks.version_manager [req-b4cd84ba-2a24-4129-ac1c-92fc1ce67594 aa9ab289b900453cbe540da36aa76872 1a35e3b0e18c4eff8ec68ce1f34b28b0 - - -] Version for resource type Network changed None to 1.0 on consumer Open vSwitch agent@localhost.localdomain _set_version /usr/lib/python2.7/site-packages/neutron/api/rpc/callbacks/version_manager.py:119
2018-06-26 09:10:37.981 30531 DEBUG neutron.api.rpc.callbacks.version_manager [req-b4cd84ba-2a24-4129-ac1c-92fc1ce67594 aa9ab289b900453cbe540da36aa76872 1a35e3b0e18c4eff8ec68ce1f34b28b0 - - -] Version for resource type SubPort changed None to 1.0 on consumer Open vSwitch agent@localhost.localdomain _set_version /usr/lib/python2.7/site-packages/neutron/api/rpc/callbacks/version_manager.py:119
2018-06-26 09:10:37.982 30531 DEBUG neutron.api.rpc.callbacks.version_manager [req-b4cd84ba-2a24-4129-ac1c-92fc1ce67594 aa9ab289b900453cbe540da36aa76872 1a35e3b0e18c4eff8ec68ce1f34b28b0 - - -] Version for resource type SecurityGroup changed None to 1.0 on consumer Open vSwitch agent@localhost.localdomain _set_version /usr/lib/python2.7/site-packages/neutron/api/rpc/callbacks/version_manager.py:119
2018-06-26 09:10:37.983 30531 DEBUG neutron.api.rpc.callbacks.version_manager [req-b4cd84ba-2a24-4129-ac1c-92fc1ce67594 aa9ab289b900453cbe540da36aa76872 1a35e3b0e18c4eff8ec68ce1f34b28b0 - - -] Version for resource type SecurityGroupRule changed None to 1.0 on consumer Open vSwitch agent@localhost.localdomain _set_version /usr/lib/python2.7/site-packages/neutron/api/rpc/callbacks/version_manager.py:119
2018-06-26 09:10:37.983 30531 DEBUG neutron.api.rpc.callbacks.version_manager [req-b4cd84ba-2a24-4129-ac1c-92fc1ce67594 aa9ab289b900453cbe540da36aa76872 1a35e3b0e18c4eff8ec68ce1f34b28b0 - - -] Version for resource type Trunk changed None to 1.1 on consumer Open vSwitch agent@localhost.localdomain _set_version /usr/lib/python2.7/site-packages/neutron/api/rpc/callbacks/version_manager.py:119
2018-06-26 09:10:37.984 30531 DEBUG neutron.api.rpc.callbacks.version_manager [req-b4cd84ba-2a24-4129-ac1c-92fc1ce67594 aa9ab289b900453cbe540da36aa76872 1a35e3b0e18c4eff8ec68ce1f34b28b0 - - -] Version for resource type QosPolicy changed None to 1.6 on consumer Open vSwitch agent@localhost.localdomain _set_version /usr/lib/python2.7/site-packages/neutron/api/rpc/callbacks/version_manager.py:119
2018-06-26 09:10:37.985 30531 DEBUG neutron.api.rpc.callbacks.version_manager [req-b4cd84ba-2a24-4129-ac1c-92fc1ce67594 aa9ab289b900453cbe540da36aa76872 1a35e3b0e18c4eff8ec68ce1f34b28b0 - - -] Version for resource type Port changed None to 1.1 on consumer Open vSwitch agent@localhost.localdomain _set_version /usr/lib/python2.7/site-packages/neutron/api/rpc/callbacks/version_manager.py:119
2018-06-26 09:10:37.985 30531 DEBUG neutron.api.rpc.callbacks.version_manager [req-b4cd84ba-2a24-4129-ac1c-92fc1ce67594 aa9ab289b900453cbe540da36aa76872 1a35e3b0e18c4eff8ec68ce1f34b28b0 - - -] Version for resource type Log changed None to 1.0 on consumer Open vSwitch agent@localhost.localdomain _set_version /usr/lib/python2.7/site-packages/neutron/api/rpc/callbacks/version_manager.py:119
2018-06-26 09:10:38.044 30531 DEBUG oslo_concurrency.lockutils [req-b4cd84ba-2a24-4129-ac1c-92fc1ce67594 aa9ab289b900453cbe540da36aa76872 1a35e3b0e18c4eff8ec68ce1f34b28b0 - - -] Lock "event-dispatch" released by "neutron.plugins.ml2.ovo_rpc.dispatch_events" :: held 0.341s inner /usr/lib/python2.7/site-packages/oslo_concurrency/lockutils.py:282
2018-06-26 09:10:38.074 30531 DEBUG neutron.scheduler.dhcp_agent_scheduler [req-b4cd84ba-2a24-4129-ac1c-92fc1ce67594 aa9ab289b900453cbe540da36aa76872 1a35e3b0e18c4eff8ec68ce1f34b28b0 - default default] Network c6b5bb99-dcc0-4f71-b6f8-268e791b3287 is already hosted by enough agents. _get_dhcp_agents_hosting_network /usr/lib/python2.7/site-packages/neutron/scheduler/dhcp_agent_scheduler.py:243
2018-06-26 09:10:38.306 30531 DEBUG neutron_lib.callbacks.manager [req-b4cd84ba-2a24-4129-ac1c-92fc1ce67594 aa9ab289b900453cbe540da36aa76872 1a35e3b0e18c4eff8ec68ce1f34b28b0 - default default] Notify callbacks ['neutron.plugins.ml2.plugin.Ml2Plugin._ensure_default_security_group_handler--9223372036854025290'] for port, before_update _notify_loop /usr/lib/python2.7/site-packages/neutron_lib/callbacks/manager.py:167
2018-06-26 09:10:39.023 30531 DEBUG neutron_lib.callbacks.manager [req-b4cd84ba-2a24-4129-ac1c-92fc1ce67594 aa9ab289b900453cbe540da36aa76872 1a35e3b0e18c4eff8ec68ce1f34b28b0 - default default] Notify callbacks [] for port, precommit_update _notify_loop /usr/lib/python2.7/site-packages/neutron_lib/callbacks/manager.py:167
2018-06-26 09:10:39.045 30531 DEBUG neutron_lib.callbacks.manager [req-b4cd84ba-2a24-4129-ac1c-92fc1ce67594 aa9ab289b900453cbe540da36aa76872 1a35e3b0e18c4eff8ec68ce1f34b28b0 - default default] Notify callbacks ['neutron.plugins.ml2.plugin.Ml2Plugin.notify_sg_on_port_change-750531', 'neutron.db.l3_dvrscheduler_db._notify_l3_agent_port_update--9223363263653407055', 'neutron.plugins.ml2.ovo_rpc._ObjectChangeHandler.handle_event-1618436', 'neutron.api.rpc.agentnotifiers.dhcp_rpc_agent_api.DhcpAgentNotifyAPI._native_event_send_dhcp_notification--9223372036853014027', 'neutron.db.l3_hascheduler_db._notify_l3_agent_ha_port_update-8773201369093'] for port, after_update _notify_loop /usr/lib/python2.7/site-packages/neutron_lib/callbacks/manager.py:167
2018-06-26 09:10:39.070 30531 DEBUG oslo_concurrency.lockutils [-] Lock "event-dispatch" acquired by "neutron.plugins.ml2.ovo_rpc.dispatch_events" :: waited 0.000s inner /usr/lib/python2.7/site-packages/oslo_concurrency/lockutils.py:270
2018-06-26 09:10:39.531 30531 DEBUG neutron.api.rpc.handlers.resources_rpc [req-b4cd84ba-2a24-4129-ac1c-92fc1ce67594 aa9ab289b900453cbe540da36aa76872 1a35e3b0e18c4eff8ec68ce1f34b28b0 - - -] neutron.api.rpc.handlers.resources_rpc.ResourcesPushRpcApi method push called with arguments (<neutron_lib.context.Context object at 0x7faab7a084d0>, [Port(admin_state_up=True,allowed_address_pairs=[],binding=PortBinding,binding_levels=[],created_at=2018-06-26T07:10:37Z,data_plane_status=<?>,description='',device_id='01632a0f-b683-4a29-95af-6d4e48b33ba6',device_owner='network:floatingip',dhcp_options=[],distributed_binding=None,dns=None,fixed_ips=[IPAllocation],id=95b03e5f-fc1d-40ef-9b24-e789f3395af8,mac_address=fa:16:3e:a8:dd:6b,name='',network_id=c6b5bb99-dcc0-4f71-b6f8-268e791b3287,project_id='',qos_policy_id=None,revision_number=4,security=PortSecurity(95b03e5f-fc1d-40ef-9b24-e789f3395af8),security_group_ids=set([]),status='N/A',updated_at=2018-06-26T07:10:38Z)], 'updated') {} wrapper /usr/lib/python2.7/site-packages/oslo_log/helpers.py:66
2018-06-26 09:10:39.594 30531 DEBUG oslo_concurrency.lockutils [req-b4cd84ba-2a24-4129-ac1c-92fc1ce67594 aa9ab289b900453cbe540da36aa76872 1a35e3b0e18c4eff8ec68ce1f34b28b0 - - -] Lock "event-dispatch" released by "neutron.plugins.ml2.ovo_rpc.dispatch_events" :: held 0.524s inner /usr/lib/python2.7/site-packages/oslo_concurrency/lockutils.py:282
2018-06-26 09:10:39.719 30531 DEBUG neutron_lib.callbacks.manager [req-b4cd84ba-2a24-4129-ac1c-92fc1ce67594 aa9ab289b900453cbe540da36aa76872 1a35e3b0e18c4eff8ec68ce1f34b28b0 - default default] Notify callbacks ['neutron.services.l3_router.l3_router_plugin.L3RouterPlugin._create_dvr_floating_gw_port--9223372036853189314'] for floatingip, after_update _notify_loop /usr/lib/python2.7/site-packages/neutron_lib/callbacks/manager.py:167
2018-06-26 09:10:39.803 30531 DEBUG neutron.quota.resource [req-b4cd84ba-2a24-4129-ac1c-92fc1ce67594 aa9ab289b900453cbe540da36aa76872 1a35e3b0e18c4eff8ec68ce1f34b28b0 - default default] Persisted dirty status for tenant:7659f48a33e04dd3942544aca83bab5e on resource:floatingip mark_dirty /usr/lib/python2.7/site-packages/neutron/quota/resource.py:207
2018-06-26 09:10:39.810 30531 DEBUG neutron.quota.resource [req-b4cd84ba-2a24-4129-ac1c-92fc1ce67594 aa9ab289b900453cbe540da36aa76872 1a35e3b0e18c4eff8ec68ce1f34b28b0 - default default] Persisted dirty status for tenant: on resource:port mark_dirty /usr/lib/python2.7/site-packages/neutron/quota/resource.py:207
2018-06-26 09:10:39.826 30531 DEBUG neutron_lib.callbacks.manager [req-b4cd84ba-2a24-4129-ac1c-92fc1ce67594 aa9ab289b900453cbe540da36aa76872 1a35e3b0e18c4eff8ec68ce1f34b28b0 - default default] Notify callbacks ['neutron.notifiers.nova.Notifier._send_nova_notification--9223372036854772818'] for floatingip, before_response _notify_loop /usr/lib/python2.7/site-packages/neutron_lib/callbacks/manager.py:167
2018-06-26 09:10:39.829 30531 INFO neutron.wsgi [req-b4cd84ba-2a24-4129-ac1c-92fc1ce67594 aa9ab289b900453cbe540da36aa76872 1a35e3b0e18c4eff8ec68ce1f34b28b0 - default default] 10.0.20.24 "POST /v2.0/floatingips HTTP/1.1" status: 201  len: 674 time: 3.5746431
2018-06-26 09:10:47.820 30530 INFO neutron.wsgi [req-b19bc063-7362-4429-a1cf-a18d416daf83 5890a01f91614c928c650e60460b0cc2 e80c8f8d9a994fdcb38348700180bb81 - default default] 10.0.20.24 "GET /v2.0/ports?device_id=75bc11a4-b8a7-4b16-a644-18b155a2f6d2 HTTP/1.1" status: 200  len: 1124 time: 0.8249679
2018-06-26 09:10:47.968 30530 INFO neutron.wsgi [req-03d235d8-f865-4417-9832-71eafe6016d6 5890a01f91614c928c650e60460b0cc2 e80c8f8d9a994fdcb38348700180bb81 - default default] 10.0.20.24 "GET /v2.0/security-groups?id=bdbdcd2c-20d4-46e0-a395-a9dcd880bc3f HTTP/1.1" status: 200  len: 2118 time: 0.1436639
2018-06-26 09:10:50.608 30548 DEBUG neutron_lib.callbacks.manager [req-4bc1c7f5-8f54-484c-85b7-235caba44258 - - - - -] Notify callbacks ['neutron.services.segments.db._update_segment_host_mapping_for_agent-8773201730384'] for agent, after_update _notify_loop /usr/lib/python2.7/site-packages/neutron_lib/callbacks/manager.py:167
2018-06-26 09:10:51.032 30530 DEBUG neutron.wsgi [-] (30530) accepted ('10.0.20.24', 46540) server /usr/lib/python2.7/site-packages/eventlet/wsgi.py:883
2018-06-26 09:10:51.604 30530 INFO neutron.wsgi [req-2ad9bf1c-d521-43e6-8cce-31f74c87a2a1 5890a01f91614c928c650e60460b0cc2 e80c8f8d9a994fdcb38348700180bb81 - default default] 10.0.20.24 "GET /v2.0/ports?device_id=75bc11a4-b8a7-4b16-a644-18b155a2f6d2 HTTP/1.1" status: 200  len: 1124 time: 0.5702331
2018-06-26 09:10:51.734 30530 INFO neutron.wsgi [req-d865f8b3-842e-42b4-abb1-02e6573ea20b 5890a01f91614c928c650e60460b0cc2 e80c8f8d9a994fdcb38348700180bb81 - default default] 10.0.20.24 "GET /v2.0/security-groups?id=bdbdcd2c-20d4-46e0-a395-a9dcd880bc3f HTTP/1.1" status: 200  len: 2118 time: 0.1079240
2018-06-26 09:10:52.941 30533 INFO neutron.wsgi [req-4451412a-47b5-443d-94db-6ae014c5aa48 e96af75c76474f4a8874994811488fa1 7659f48a33e04dd3942544aca83bab5e - 9796a982452041338e2d676b1e0860f3 9796a982452041338e2d676b1e0860f3] 10.0.20.24 "GET /v2.0/ports?device_id=75bc11a4-b8a7-4b16-a644-18b155a2f6d2 HTTP/1.1" status: 200  len: 1124 time: 0.7687218
2018-06-26 09:10:53.148 30533 INFO neutron.wsgi [req-bf5a4424-4303-4696-b2e2-9b4230cdb495 e96af75c76474f4a8874994811488fa1 7659f48a33e04dd3942544aca83bab5e - 9796a982452041338e2d676b1e0860f3 9796a982452041338e2d676b1e0860f3] 10.0.20.24 "GET /v2.0/security-groups?id=bdbdcd2c-20d4-46e0-a395-a9dcd880bc3f HTTP/1.1" status: 200  len: 2118 time: 0.1692650
2018-06-26 09:10:53.277 30534 INFO neutron.wsgi [req-400fddfa-b991-4ff8-b813-038b1e8fa848 5890a01f91614c928c650e60460b0cc2 e80c8f8d9a994fdcb38348700180bb81 - default default] 10.0.20.24 "GET /v2.0/ports?device_id=75bc11a4-b8a7-4b16-a644-18b155a2f6d2 HTTP/1.1" status: 200  len: 1124 time: 0.8230929
2018-06-26 09:10:53.409 30534 INFO neutron.wsgi [req-12cee57b-6dd8-4ec7-88e4-0b8c905fbb1c 5890a01f91614c928c650e60460b0cc2 e80c8f8d9a994fdcb38348700180bb81 - default default] 10.0.20.24 "GET /v2.0/security-groups?id=bdbdcd2c-20d4-46e0-a395-a9dcd880bc3f HTTP/1.1" status: 200  len: 2118 time: 0.1249480
2018-06-26 09:10:53.506 30533 INFO neutron.wsgi [req-356af1c0-bf3b-4968-93c9-6bda74e03562 e96af75c76474f4a8874994811488fa1 7659f48a33e04dd3942544aca83bab5e - 9796a982452041338e2d676b1e0860f3 9796a982452041338e2d676b1e0860f3] 10.0.20.24 "GET /v2.0/ports?device_owner=compute%3Anova&device_id=75bc11a4-b8a7-4b16-a644-18b155a2f6d2 HTTP/1.1" status: 200  len: 1124 time: 0.1627731
2018-06-26 09:10:53.572 30533 INFO neutron.wsgi [req-dacd6d7a-550d-4d66-be3c-d76e04a41d6c e96af75c76474f4a8874994811488fa1 7659f48a33e04dd3942544aca83bab5e - 9796a982452041338e2d676b1e0860f3 9796a982452041338e2d676b1e0860f3] 10.0.20.24 "GET /v2.0/floatingips?floating_ip_address=172.24.4.9 HTTP/1.1" status: 200  len: 672 time: 0.0589499
2018-06-26 09:10:53.604 30533 DEBUG neutron.api.v2.base [req-dc617cc0-e425-41c7-9e16-b6f8d59eaa15 e96af75c76474f4a8874994811488fa1 7659f48a33e04dd3942544aca83bab5e - 9796a982452041338e2d676b1e0860f3 9796a982452041338e2d676b1e0860f3] Request body: {u'floatingip': {u'fixed_ip_address': u'11.160.1.8', u'port_id': u'a54413e4-7f68-45b3-b158-2a0430c8cd07'}} prepare_request_body /usr/lib/python2.7/site-packages/neutron/api/v2/base.py:695
2018-06-26 09:10:54.037 30533 DEBUG neutron_lib.callbacks.manager [req-dc617cc0-e425-41c7-9e16-b6f8d59eaa15 e96af75c76474f4a8874994811488fa1 7659f48a33e04dd3942544aca83bab5e - 9796a982452041338e2d676b1e0860f3 9796a982452041338e2d676b1e0860f3] Notify callbacks ['neutron.services.l3_router.l3_router_plugin.L3RouterPlugin._create_dvr_floating_gw_port--9223372036853189314'] for floatingip, after_update _notify_loop /usr/lib/python2.7/site-packages/neutron_lib/callbacks/manager.py:167
2018-06-26 09:10:54.713 30534 INFO neutron.wsgi [req-e4349cea-5d72-47f9-acdc-a077b28a9d9d 5890a01f91614c928c650e60460b0cc2 e80c8f8d9a994fdcb38348700180bb81 - default default] 10.0.20.24 "GET /v2.0/ports?tenant_id=7659f48a33e04dd3942544aca83bab5e&device_id=75bc11a4-b8a7-4b16-a644-18b155a2f6d2 HTTP/1.1" status: 200  len: 1124 time: 0.1597929
2018-06-26 09:10:55.036 30534 DEBUG neutron.pecan_wsgi.hooks.policy_enforcement [req-c3ff9198-275b-4aca-b4c7-2531d8dadef7 5890a01f91614c928c650e60460b0cc2 e80c8f8d9a994fdcb38348700180bb81 - default default] Attributes excluded by policy engine: [u'vlan_transparent'] _exclude_attributes_by_policy /usr/lib/python2.7/site-packages/neutron/pecan_wsgi/hooks/policy_enforcement.py:256
2018-06-26 09:10:55.041 30534 INFO neutron.wsgi [req-c3ff9198-275b-4aca-b4c7-2531d8dadef7 5890a01f91614c928c650e60460b0cc2 e80c8f8d9a994fdcb38348700180bb81 - default default] 10.0.20.24 "GET /v2.0/networks?id=e059362c-7b30-4de1-b92d-94180134245c HTTP/1.1" status: 200  len: 885 time: 0.3204281
2018-06-26 09:10:55.107 30534 INFO neutron.wsgi [req-a3f1f3f4-577e-4e4b-8640-1187a4b0a3ee 5890a01f91614c928c650e60460b0cc2 e80c8f8d9a994fdcb38348700180bb81 - default default] 10.0.20.24 "GET /v2.0/floatingips?fixed_ip_address=11.160.1.8&port_id=a54413e4-7f68-45b3-b158-2a0430c8cd07 HTTP/1.1" status: 200  len: 748 time: 0.0560539
2018-06-26 09:10:55.367 30534 DEBUG neutron.pecan_wsgi.hooks.policy_enforcement [req-16eb0089-055c-4bf2-92e1-c07825d6c5fa 5890a01f91614c928c650e60460b0cc2 e80c8f8d9a994fdcb38348700180bb81 - default default] Attributes excluded by policy engine: [u'shared'] _exclude_attributes_by_policy /usr/lib/python2.7/site-packages/neutron/pecan_wsgi/hooks/policy_enforcement.py:256
2018-06-26 09:10:55.370 30534 INFO neutron.wsgi [req-16eb0089-055c-4bf2-92e1-c07825d6c5fa 5890a01f91614c928c650e60460b0cc2 e80c8f8d9a994fdcb38348700180bb81 - default default] 10.0.20.24 "GET /v2.0/subnets?id=770edd31-bdea-487d-8623-98a485a09e98 HTTP/1.1" status: 200  len: 847 time: 0.2570150
2018-06-26 09:10:55.414 30533 DEBUG neutron.scheduler.l3_agent_scheduler [req-dc617cc0-e425-41c7-9e16-b6f8d59eaa15 e96af75c76474f4a8874994811488fa1 7659f48a33e04dd3942544aca83bab5e - 9796a982452041338e2d676b1e0860f3 9796a982452041338e2d676b1e0860f3] Router 23cb7a0f-6ea2-4d45-a74b-6d19ef46c35b has already been hosted by L3 agent f5d070e7-be6d-4df3-ab9e-52b79e66576a _get_candidates /usr/lib/python2.7/site-packages/neutron/scheduler/l3_agent_scheduler.py:141
2018-06-26 09:10:55.516 30534 INFO neutron.wsgi [req-9f3c1915-80c4-48d6-ab60-c82eed275dd6 5890a01f91614c928c650e60460b0cc2 e80c8f8d9a994fdcb38348700180bb81 - default default] 10.0.20.24 "GET /v2.0/ports?device_id=75bc11a4-b8a7-4b16-a644-18b155a2f6d2 HTTP/1.1" status: 200  len: 1124 time: 0.8301249
2018-06-26 09:10:55.630 30533 DEBUG neutron.api.rpc.agentnotifiers.l3_rpc_agent_api [req-dc617cc0-e425-41c7-9e16-b6f8d59eaa15 e96af75c76474f4a8874994811488fa1 7659f48a33e04dd3942544aca83bab5e - 9796a982452041338e2d676b1e0860f3 9796a982452041338e2d676b1e0860f3] Notify agent at l3_agent.localhost.localdomain the message routers_updated _agent_notification /usr/lib/python2.7/site-packages/neutron/api/rpc/agentnotifiers/l3_rpc_agent_api.py:69
2018-06-26 09:10:55.664 30534 INFO neutron.wsgi [req-c9bc2a30-b082-4631-9509-32bb73542793 5890a01f91614c928c650e60460b0cc2 e80c8f8d9a994fdcb38348700180bb81 - default default] 10.0.20.24 "GET /v2.0/ports?network_id=e059362c-7b30-4de1-b92d-94180134245c&device_owner=network%3Adhcp HTTP/1.1" status: 200  len: 1128 time: 0.2869511
2018-06-26 09:10:55.736 30534 INFO neutron.wsgi [req-ab1eb822-cc17-4ba5-b8fe-fad5c52bdf2c 5890a01f91614c928c650e60460b0cc2 e80c8f8d9a994fdcb38348700180bb81 - default default] 10.0.20.24 "GET /v2.0/security-groups?id=bdbdcd2c-20d4-46e0-a395-a9dcd880bc3f HTTP/1.1" status: 200  len: 2118 time: 0.1999350
2018-06-26 09:10:56.012 30533 DEBUG neutron_lib.callbacks.manager [req-dc617cc0-e425-41c7-9e16-b6f8d59eaa15 e96af75c76474f4a8874994811488fa1 7659f48a33e04dd3942544aca83bab5e - 9796a982452041338e2d676b1e0860f3 9796a982452041338e2d676b1e0860f3] Notify callbacks ['neutron.notifiers.nova.Notifier._send_nova_notification--9223372036854772818'] for floatingip, before_response _notify_loop /usr/lib/python2.7/site-packages/neutron_lib/callbacks/manager.py:167
2018-06-26 09:10:56.048 30540 DEBUG neutron.db.l3_hamode_db [req-0cfe63d7-179c-405a-affc-1ab655f9d347 - - - - -] neutron.services.l3_router.l3_router_plugin.L3RouterPlugin method get_ha_sync_data_for_host called with arguments (<neutron_lib.context.Context object at 0x7faab8420d50>, u'localhost.localdomain', <neutron.db.models.agent.Agent[object at 7faab86d4e90] {id=u'f5d070e7-be6d-4df3-ab9e-52b79e66576a', agent_type=u'L3 agent', binary=u'neutron-l3-agent', topic=u'l3_agent', host=u'localhost.localdomain', availability_zone=u'nova', admin_state_up=True, created_at=datetime.datetime(2018, 6, 6, 18, 4, 36), started_at=datetime.datetime(2018, 6, 26, 6, 50, 3), heartbeat_timestamp=datetime.datetime(2018, 6, 26, 7, 10, 33), description=None, configurations=u'{"agent_mode": "legacy", "gateway_external_network_id": "", "handle_internal_only_routers": true, "routers": 2, "interfaces": 2, "floating_ips": 0, "interface_driver": "neutron.agent.linux.interface.OVSInterfaceDriver", "log_agent_heartbeats": false, "external_network_bridge": "", "ex_gw_ports": 2}', resource_versions=None, load=0}>) {'active': True, 'router_ids': ['23cb7a0f-6ea2-4d45-a74b-6d19ef46c35b']} wrapper /usr/lib/python2.7/site-packages/oslo_log/helpers.py:66
2018-06-26 09:10:56.132 30533 INFO neutron.wsgi [req-dc617cc0-e425-41c7-9e16-b6f8d59eaa15 e96af75c76474f4a8874994811488fa1 7659f48a33e04dd3942544aca83bab5e - 9796a982452041338e2d676b1e0860f3 9796a982452041338e2d676b1e0860f3] 10.0.20.24 "PUT /v2.0/floatingips/01632a0f-b683-4a29-95af-6d4e48b33ba6 HTTP/1.1" status: 200  len: 745 time: 2.5510609
2018-06-26 09:10:56.134 30533 DEBUG oslo_concurrency.lockutils [-] Lock "notifier-d9203ddf-f5cb-4d39-a83e-ea9468a1d775" acquired by "neutron.notifiers.batch_notifier.synced_send" :: waited 0.000s inner /usr/lib/python2.7/site-packages/oslo_concurrency/lockutils.py:270
2018-06-26 09:10:56.135 30533 DEBUG neutron.notifiers.nova [-] Sending events: [{'tag': u'a54413e4-7f68-45b3-b158-2a0430c8cd07', 'name': 'network-changed', 'server_uuid': u'75bc11a4-b8a7-4b16-a644-18b155a2f6d2'}] send_events /usr/lib/python2.7/site-packages/neutron/notifiers/nova.py:242
2018-06-26 09:10:57.386 30533 DEBUG novaclient.v2.client [-] REQ: curl -g -i -X POST http://10.0.20.24:8774/v2.1/e80c8f8d9a994fdcb38348700180bb81/os-server-external-events -H "User-Agent: python-novaclient" -H "Content-Type: application/json" -H "Accept: application/json" -H "X-OpenStack-Nova-API-Version: 2.1" -H "X-Auth-Token: {SHA1}7b5c6261249de61f2e7c39ee9015e97d1e8ab728" -d '{"events": [{"tag": "a54413e4-7f68-45b3-b158-2a0430c8cd07", "name": "network-changed", "server_uuid": "75bc11a4-b8a7-4b16-a644-18b155a2f6d2"}]}' _http_log_request /usr/lib/python2.7/site-packages/keystoneauth1/session.py:375
2018-06-26 09:10:58.723 30533 INFO neutron.wsgi [req-d5f2b3f5-fc13-474f-a296-f0f9b59b90c5 5890a01f91614c928c650e60460b0cc2 e80c8f8d9a994fdcb38348700180bb81 - default default] 10.0.20.24 "GET /v2.0/ports?tenant_id=7659f48a33e04dd3942544aca83bab5e&device_id=75bc11a4-b8a7-4b16-a644-18b155a2f6d2 HTTP/1.1" status: 200  len: 1124 time: 1.3700650
2018-06-26 09:10:59.028 30540 DEBUG neutron.db.l3_hamode_db [req-0cfe63d7-179c-405a-affc-1ab655f9d347 - - - - -] neutron.services.l3_router.l3_router_plugin.L3RouterPlugin method _process_sync_ha_data called with arguments (<neutron_lib.context.Context object at 0x7faab8420d50>, [{'status': u'ACTIVE', '_interfaces': [{'status': u'ACTIVE', 'subnets': [{'dns_nameservers': [u'8.8.4.4'], 'ipv6_ra_mode': None, 'gateway_ip': u'11.160.1.1', 'cidr': u'11.160.1.0/24', 'id': u'770edd31-bdea-487d-8623-98a485a09e98', 'subnetpool_id': None}], 'binding:host_id': u'localhost.localdomain', 'description': u'', 'allowed_address_pairs': [], 'tags': [], 'extra_dhcp_opts': [], 'updated_at': '2018-06-26T07:09:43Z', 'device_owner': u'network:router_interface', 'revision_number': 7, 'port_security_enabled': False, 'binding:profile': {}, 'mtu': 1450, 'fixed_ips': [{'subnet_id': u'770edd31-bdea-487d-8623-98a485a09e98', 'prefixlen': 24, 'ip_address': u'11.160.1.1'}], 'id': u'f9184379-0606-4d5b-8006-ef7c9192e5f8', 'security_groups': [], 'device_id': u'23cb7a0f-6ea2-4d45-a74b-6d19ef46c35b', 'name': u'', 'admin_state_up': True, 'network_id': u'e059362c-7b30-4de1-b92d-94180134245c', 'tenant_id': u'7659f48a33e04dd3942544aca83bab5e', 'binding:vif_details': {u'port_filter': True, u'datapath_type': u'system', u'ovs_hybrid_plug': True}, 'address_scopes': {4: None, 6: None}, 'binding:vnic_type': u'normal', 'binding:vif_type': u'ovs', 'mac_address': u'fa:16:3e:ef:ed:5b', 'project_id': u'7659f48a33e04dd3942544aca83bab5e', 'extra_subnets': [], 'created_at': '2018-06-26T07:09:35Z'}], 'enable_snat': True, 'ha_vr_id': 0, 'description': u'', 'tags': [], 'gw_port': {'status': u'ACTIVE', 'subnets': [{'dns_nameservers': [], 'ipv6_ra_mode': None, 'gateway_ip': u'172.24.4.1', 'cidr': u'172.24.4.0/24', 'id': u'b9318fa8-4541-4df2-b5e9-58dd572f2238', 'subnetpool_id': None}], 'binding:host_id': u'localhost.localdomain', 'description': u'', 'allowed_address_pairs': [], 'tags': [], 'extra_dhcp_opts': [], 'updated_at': '2018-06-26T07:09:55Z', 'device_owner': u'network:router_gateway', 'revision_number': 6, 'port_security_enabled': False, 'binding:profile': {}, 'mtu': 1500, 'fixed_ips': [{'subnet_id': u'b9318fa8-4541-4df2-b5e9-58dd572f2238', 'prefixlen': 24, 'ip_address': u'172.24.4.2'}], 'id': u'2205a84e-bb3e-4449-972b-546064665982', 'security_groups': [], 'device_id': u'23cb7a0f-6ea2-4d45-a74b-6d19ef46c35b', 'name': u'', 'admin_state_up': True, 'network_id': u'c6b5bb99-dcc0-4f71-b6f8-268e791b3287', 'tenant_id': u'', 'binding:vif_details': {u'port_filter': True, u'datapath_type': u'system', u'ovs_hybrid_plug': True}, 'address_scopes': {4: None, 6: None}, 'binding:vnic_type': u'normal', 'binding:vif_type': u'ovs', 'mac_address': u'fa:16:3e:70:99:d4', 'project_id': u'', 'extra_subnets': [], 'created_at': '2018-06-26T07:09:48Z'}, 'updated_at': '2018-06-26T07:09:49Z', 'revision_number': 4, 'ha': False, 'id': u'23cb7a0f-6ea2-4d45-a74b-6d19ef46c35b', 'gw_port_host': u'localhost.localdomain', 'external_gateway_info': {'network_id': u'c6b5bb99-dcc0-4f71-b6f8-268e791b3287', 'enable_snat': True, 'external_fixed_ips': [{'subnet_id': u'b9318fa8-4541-4df2-b5e9-58dd572f2238', 'ip_address': u'172.24.4.2'}]}, 'availability_zone_hints': [], 'availability_zones': [u'nova'], 'name': u'tempest-router-1529996811', 'gw_port_id': u'2205a84e-bb3e-4449-972b-546064665982', 'admin_state_up': True, 'tenant_id': u'7659f48a33e04dd3942544aca83bab5e', 'created_at': '2018-06-26T07:09:18Z', 'distributed': False, 'flavor_id': None, 'routes': [], 'project_id': u'7659f48a33e04dd3942544aca83bab5e', '_floatingips': [{'router_id': u'23cb7a0f-6ea2-4d45-a74b-6d19ef46c35b', 'status': u'DOWN', 'description': u'', 'tags': [], 'updated_at': '2018-06-26T07:10:54Z', 'dns_domain': '', 'floating_network_id': u'c6b5bb99-dcc0-4f71-b6f8-268e791b3287', 'fixed_ip_address': u'11.160.1.8', 'floating_ip_address': u'172.24.4.9', 'revision_number': 1, 'port_id': u'a54413e4-7f68-45b3-b158-2a0430c8cd07', 'id': u'01632a0f-b683-4a29-95af-6d4e48b33ba6', 'dns_name': '', 'created_at': '2018-06-26T07:10:38Z', 'tenant_id': u'7659f48a33e04dd3942544aca83bab5e', 'fixed_ip_address_scope': None, 'project_id': u'7659f48a33e04dd3942544aca83bab5e'}]}], u'localhost.localdomain', False) {} wrapper /usr/lib/python2.7/site-packages/oslo_log/helpers.py:66
2018-06-26 09:10:59.045 30540 DEBUG neutron.api.rpc.handlers.l3_rpc [req-0cfe63d7-179c-405a-affc-1ab655f9d347 - - - - -] Checking router: 23cb7a0f-6ea2-4d45-a74b-6d19ef46c35b for host: localhost.localdomain _ensure_host_set_on_ports /usr/lib/python2.7/site-packages/neutron/api/rpc/handlers/l3_rpc.py:135
2018-06-26 09:10:59.079 30533 DEBUG neutron.pecan_wsgi.hooks.policy_enforcement [req-1bab6e36-0044-4ab9-9d9f-432ca2ef229b 5890a01f91614c928c650e60460b0cc2 e80c8f8d9a994fdcb38348700180bb81 - default default] Attributes excluded by policy engine: [u'vlan_transparent'] _exclude_attributes_by_policy /usr/lib/python2.7/site-packages/neutron/pecan_wsgi/hooks/policy_enforcement.py:256
2018-06-26 09:10:59.085 30533 INFO neutron.wsgi [req-1bab6e36-0044-4ab9-9d9f-432ca2ef229b 5890a01f91614c928c650e60460b0cc2 e80c8f8d9a994fdcb38348700180bb81 - default default] 10.0.20.24 "GET /v2.0/networks?id=e059362c-7b30-4de1-b92d-94180134245c HTTP/1.1" status: 200  len: 885 time: 0.3511648
2018-06-26 09:10:59.160 30533 INFO neutron.wsgi [req-590e6f51-2710-4e93-a8cc-816dfc186a15 5890a01f91614c928c650e60460b0cc2 e80c8f8d9a994fdcb38348700180bb81 - default default] 10.0.20.24 "GET /v2.0/floatingips?fixed_ip_address=11.160.1.8&port_id=a54413e4-7f68-45b3-b158-2a0430c8cd07 HTTP/1.1" status: 200  len: 748 time: 0.0648069
2018-06-26 09:10:59.351 30533 DEBUG neutron.pecan_wsgi.hooks.policy_enforcement [req-443a999e-89ad-414a-b733-069a716701ca 5890a01f91614c928c650e60460b0cc2 e80c8f8d9a994fdcb38348700180bb81 - default default] Attributes excluded by policy engine: [u'shared'] _exclude_attributes_by_policy /usr/lib/python2.7/site-packages/neutron/pecan_wsgi/hooks/policy_enforcement.py:256
2018-06-26 09:10:59.357 30533 INFO neutron.wsgi [req-443a999e-89ad-414a-b733-069a716701ca 5890a01f91614c928c650e60460b0cc2 e80c8f8d9a994fdcb38348700180bb81 - default default] 10.0.20.24 "GET /v2.0/subnets?id=770edd31-bdea-487d-8623-98a485a09e98 HTTP/1.1" status: 200  len: 847 time: 0.1886041
2018-06-26 09:10:59.448 30533 DEBUG novaclient.v2.client [-] RESP: [200] Content-Length: 179 Content-Type: application/json Openstack-Api-Version: compute 2.1 X-Openstack-Nova-Api-Version: 2.1 Vary: OpenStack-API-Version, X-OpenStack-Nova-API-Version X-Openstack-Request-Id: req-4a2a7cbf-7516-4a11-9c7d-fc106b4a0f6a X-Compute-Request-Id: req-4a2a7cbf-7516-4a11-9c7d-fc106b4a0f6a Date: Tue, 26 Jun 2018 07:10:59 GMT Connection: keep-alive 
RESP BODY: {"events": [{"status": "completed", "tag": "a54413e4-7f68-45b3-b158-2a0430c8cd07", "name": "network-changed", "server_uuid": "75bc11a4-b8a7-4b16-a644-18b155a2f6d2", "code": 200}]}
 _http_log_response /usr/lib/python2.7/site-packages/keystoneauth1/session.py:423
2018-06-26 09:10:59.449 30533 DEBUG novaclient.v2.client [-] POST call to compute for http://10.0.20.24:8774/v2.1/e80c8f8d9a994fdcb38348700180bb81/os-server-external-events used request id req-4a2a7cbf-7516-4a11-9c7d-fc106b4a0f6a request /usr/lib/python2.7/site-packages/keystoneauth1/session.py:727
2018-06-26 09:10:59.466 30533 INFO neutron.notifiers.nova [-] Nova event response: {u'status': u'completed', u'tag': u'a54413e4-7f68-45b3-b158-2a0430c8cd07', u'name': u'network-changed', u'server_uuid': u'75bc11a4-b8a7-4b16-a644-18b155a2f6d2', u'code': 200}
2018-06-26 09:10:59.510 30539 DEBUG neutron.api.rpc.handlers.l3_rpc [req-ac9e7920-a82d-4991-91b8-c956d99a357a - - - - -] New status for floating IP 01632a0f-b683-4a29-95af-6d4e48b33ba6: ACTIVE update_floatingip_statuses /usr/lib/python2.7/site-packages/neutron/api/rpc/handlers/l3_rpc.py:252
2018-06-26 09:10:59.537 30533 INFO neutron.wsgi [req-35c09e1c-82b8-4cfa-a5bb-1492dafd33e3 5890a01f91614c928c650e60460b0cc2 e80c8f8d9a994fdcb38348700180bb81 - default default] 10.0.20.24 "GET /v2.0/ports?network_id=e059362c-7b30-4de1-b92d-94180134245c&device_owner=network%3Adhcp HTTP/1.1" status: 200  len: 1128 time: 0.1731329
2018-06-26 09:10:59.637 30534 INFO neutron.wsgi [req-1ecfda19-aa9f-4163-8eb0-941df347657e 5890a01f91614c928c650e60460b0cc2 e80c8f8d9a994fdcb38348700180bb81 - default default] 10.0.20.24 "GET /v2.0/ports?tenant_id=7659f48a33e04dd3942544aca83bab5e&device_id=75bc11a4-b8a7-4b16-a644-18b155a2f6d2 HTTP/1.1" status: 200  len: 1124 time: 0.1838729
2018-06-26 09:10:59.647 30534 INFO neutron.wsgi [req-364744d1-ff39-456a-84f9-1700cd667a20 5890a01f91614c928c650e60460b0cc2 e80c8f8d9a994fdcb38348700180bb81 - default default] 10.0.20.24 "GET /v2.0/ports?device_id=75bc11a4-b8a7-4b16-a644-18b155a2f6d2 HTTP/1.1" status: 200  len: 1124 time: 0.6533511
2018-06-26 09:11:00.117 30534 INFO neutron.wsgi [req-7588a9ee-e267-4188-9445-f1c7c8eac4d2 5890a01f91614c928c650e60460b0cc2 e80c8f8d9a994fdcb38348700180bb81 - default default] 10.0.20.24 "GET /v2.0/security-groups?id=bdbdcd2c-20d4-46e0-a395-a9dcd880bc3f HTTP/1.1" status: 200  len: 2118 time: 0.4183111
2018-06-26 09:11:00.189 30534 DEBUG neutron.pecan_wsgi.hooks.policy_enforcement [req-8616f0be-22c0-4a0e-9111-844e152bbe58 5890a01f91614c928c650e60460b0cc2 e80c8f8d9a994fdcb38348700180bb81 - default default] Attributes excluded by policy engine: [u'vlan_transparent'] _exclude_attributes_by_policy /usr/lib/python2.7/site-packages/neutron/pecan_wsgi/hooks/policy_enforcement.py:256
2018-06-26 09:11:00.194 30534 INFO neutron.wsgi [req-8616f0be-22c0-4a0e-9111-844e152bbe58 5890a01f91614c928c650e60460b0cc2 e80c8f8d9a994fdcb38348700180bb81 - default default] 10.0.20.24 "GET /v2.0/networks?id=e059362c-7b30-4de1-b92d-94180134245c HTTP/1.1" status: 200  len: 885 time: 0.5398471
2018-06-26 09:11:00.294 30534 INFO neutron.wsgi [req-94c91d0f-99d8-45ce-b131-3ce7a9b1b787 5890a01f91614c928c650e60460b0cc2 e80c8f8d9a994fdcb38348700180bb81 - default default] 10.0.20.24 "GET /v2.0/floatingips?fixed_ip_address=11.160.1.8&port_id=a54413e4-7f68-45b3-b158-2a0430c8cd07 HTTP/1.1" status: 200  len: 750 time: 0.0738959
2018-06-26 09:11:00.505 30534 DEBUG neutron.pecan_wsgi.hooks.policy_enforcement [req-2f51766f-8dca-4d61-aba7-78566779331c 5890a01f91614c928c650e60460b0cc2 e80c8f8d9a994fdcb38348700180bb81 - default default] Attributes excluded by policy engine: [u'shared'] _exclude_attributes_by_policy /usr/lib/python2.7/site-packages/neutron/pecan_wsgi/hooks/policy_enforcement.py:256
2018-06-26 09:11:00.508 30534 INFO neutron.wsgi [req-2f51766f-8dca-4d61-aba7-78566779331c 5890a01f91614c928c650e60460b0cc2 e80c8f8d9a994fdcb38348700180bb81 - default default] 10.0.20.24 "GET /v2.0/subnets?id=770edd31-bdea-487d-8623-98a485a09e98 HTTP/1.1" status: 200  len: 847 time: 0.1891229
2018-06-26 09:11:00.648 30534 INFO neutron.wsgi [req-09ed6a5c-4e33-411b-838f-9ec8ad6ff3a2 5890a01f91614c928c650e60460b0cc2 e80c8f8d9a994fdcb38348700180bb81 - default default] 10.0.20.24 "GET /v2.0/ports?network_id=e059362c-7b30-4de1-b92d-94180134245c&device_owner=network%3Adhcp HTTP/1.1" status: 200  len: 1128 time: 0.1285720
2018-06-26 09:11:01.468 30533 DEBUG oslo_concurrency.lockutils [-] Lock "notifier-d9203ddf-f5cb-4d39-a83e-ea9468a1d775" released by "neutron.notifiers.batch_notifier.synced_send" :: held 5.334s inner /usr/lib/python2.7/site-packages/oslo_concurrency/lockutils.py:282
2018-06-26 09:11:01.729 30538 DEBUG neutron_lib.callbacks.manager [req-aee59b4e-5593-4299-8559-50966b162fde - - - - -] Notify callbacks ['neutron.services.segments.db._update_segment_host_mapping_for_agent-8773201730384'] for agent, after_update _notify_loop /usr/lib/python2.7/site-packages/neutron_lib/callbacks/manager.py:167
2018-06-26 09:11:01.746 30539 DEBUG neutron_lib.callbacks.manager [req-9c70f236-e776-44a7-b984-33a49d6f9ef0 - - - - -] Notify callbacks ['neutron.services.segments.db._update_segment_host_mapping_for_agent-8773201730384'] for agent, after_update _notify_loop /usr/lib/python2.7/site-packages/neutron_lib/callbacks/manager.py:167
2018-06-26 09:11:01.750 30534 INFO neutron.wsgi [req-7c932552-7f74-469a-99b7-56a7b08a3286 5890a01f91614c928c650e60460b0cc2 e80c8f8d9a994fdcb38348700180bb81 - default default] 10.0.20.24 "GET /v2.0/ports?device_id=75bc11a4-b8a7-4b16-a644-18b155a2f6d2 HTTP/1.1" status: 200  len: 1124 time: 0.7423029
2018-06-26 09:11:01.929 30534 INFO neutron.wsgi [req-50905e55-16b2-4f16-9c67-dd58a8aa5cc0 5890a01f91614c928c650e60460b0cc2 e80c8f8d9a994fdcb38348700180bb81 - default default] 10.0.20.24 "GET /v2.0/security-groups?id=bdbdcd2c-20d4-46e0-a395-a9dcd880bc3f HTTP/1.1" status: 200  len: 2118 time: 0.1652420
2018-06-26 09:11:01.968 30545 DEBUG neutron_lib.callbacks.manager [req-45c796fb-6a1f-4711-9331-2e68f08b412d - - - - -] Notify callbacks ['neutron.services.segments.db._update_segment_host_mapping_for_agent-8773201730384'] for agent, after_update _notify_loop /usr/lib/python2.7/site-packages/neutron_lib/callbacks/manager.py:167
2018-06-26 09:11:03.932 30540 DEBUG neutron_lib.callbacks.manager [req-4f4d97d1-3804-4cfd-b3bb-5502a157c612 - - - - -] Notify callbacks ['neutron.services.segments.db._update_segment_host_mapping_for_agent-8773201730384'] for agent, after_update _notify_loop /usr/lib/python2.7/site-packages/neutron_lib/callbacks/manager.py:167
2018-06-26 09:11:04.804 30530 INFO neutron.wsgi [req-84685e54-7af0-4578-a9eb-6cd4eaaf18ba 5890a01f91614c928c650e60460b0cc2 e80c8f8d9a994fdcb38348700180bb81 - default default] 10.0.20.24 "GET /v2.0/ports?device_id=75bc11a4-b8a7-4b16-a644-18b155a2f6d2 HTTP/1.1" status: 200  len: 1124 time: 0.1718450
2018-06-26 09:11:04.966 30530 INFO neutron.wsgi [req-b5b823de-98df-451c-96e6-49366532ee8e 5890a01f91614c928c650e60460b0cc2 e80c8f8d9a994fdcb38348700180bb81 - default default] 10.0.20.24 "GET /v2.0/security-groups?id=bdbdcd2c-20d4-46e0-a395-a9dcd880bc3f HTTP/1.1" status: 200  len: 2118 time: 0.1546891
2018-06-26 09:11:06.694 30530 INFO neutron.wsgi [req-874fe440-d560-4a65-a61c-963dbe698614 5890a01f91614c928c650e60460b0cc2 e80c8f8d9a994fdcb38348700180bb81 - default default] 10.0.20.24 "GET /v2.0/ports?device_id=75bc11a4-b8a7-4b16-a644-18b155a2f6d2 HTTP/1.1" status: 200  len: 1124 time: 0.2098989
2018-06-26 09:11:06.878 30530 INFO neutron.wsgi [req-f9c6b28c-f575-4a55-8c15-43ee47d0e5b3 5890a01f91614c928c650e60460b0cc2 e80c8f8d9a994fdcb38348700180bb81 - default default] 10.0.20.24 "GET /v2.0/security-groups?id=bdbdcd2c-20d4-46e0-a395-a9dcd880bc3f HTTP/1.1" status: 200  len: 2118 time: 0.1776612
2018-06-26 09:11:08.339 30549 DEBUG neutron.db.agents_db [req-3174a426-17cc-4a72-a44f-51307c589596 - - - - -] Agent healthcheck: found 5 active agents agent_health_check /usr/lib/python2.7/site-packages/neutron/db/agents_db.py:281
2018-06-26 09:11:12.144 30533 INFO neutron.wsgi [req-77840c7a-1a08-403c-b809-b97a28b8366f e96af75c76474f4a8874994811488fa1 7659f48a33e04dd3942544aca83bab5e - 9796a982452041338e2d676b1e0860f3 9796a982452041338e2d676b1e0860f3] 10.0.20.24 "GET /v2.0/ports?device_id=75bc11a4-b8a7-4b16-a644-18b155a2f6d2 HTTP/1.1" status: 200  len: 1124 time: 0.4882610
2018-06-26 09:11:12.281 30533 INFO neutron.wsgi [req-305aba48-3b5a-401a-a225-2f756778bf57 e96af75c76474f4a8874994811488fa1 7659f48a33e04dd3942544aca83bab5e - 9796a982452041338e2d676b1e0860f3 9796a982452041338e2d676b1e0860f3] 10.0.20.24 "GET /v2.0/security-groups?id=bdbdcd2c-20d4-46e0-a395-a9dcd880bc3f HTTP/1.1" status: 200  len: 2118 time: 0.1267591
2018-06-26 09:11:20.469 30542 DEBUG neutron_lib.callbacks.manager [req-4bc1c7f5-8f54-484c-85b7-235caba44258 - - - - -] Notify callbacks ['neutron.services.segments.db._update_segment_host_mapping_for_agent-8773201730384'] for agent, after_update _notify_loop /usr/lib/python2.7/site-packages/neutron_lib/callbacks/manager.py:167
2018-06-26 09:11:31.753 30547 DEBUG neutron_lib.callbacks.manager [req-aee59b4e-5593-4299-8559-50966b162fde - - - - -] Notify callbacks ['neutron.services.segments.db._update_segment_host_mapping_for_agent-8773201730384'] for agent, after_update _notify_loop /usr/lib/python2.7/site-packages/neutron_lib/callbacks/manager.py:167
2018-06-26 09:11:31.764 30546 DEBUG neutron_lib.callbacks.manager [req-9c70f236-e776-44a7-b984-33a49d6f9ef0 - - - - -] Notify callbacks ['neutron.services.segments.db._update_segment_host_mapping_for_agent-8773201730384'] for agent, after_update _notify_loop /usr/lib/python2.7/site-packages/neutron_lib/callbacks/manager.py:167
2018-06-26 09:11:31.992 30544 DEBUG neutron_lib.callbacks.manager [req-ca16d4f8-8000-43dd-895c-94f1e37c0f59 - - - - -] Notify callbacks ['neutron.services.segments.db._update_segment_host_mapping_for_agent-8773201730384'] for agent, after_update _notify_loop /usr/lib/python2.7/site-packages/neutron_lib/callbacks/manager.py:167
2018-06-26 09:11:33.945 30548 DEBUG neutron_lib.callbacks.manager [req-01c5881c-208b-485b-b9a3-a6bbd092f068 - - - - -] Notify callbacks ['neutron.services.segments.db._update_segment_host_mapping_for_agent-8773201730384'] for agent, after_update _notify_loop /usr/lib/python2.7/site-packages/neutron_lib/callbacks/manager.py:167
2018-06-26 09:11:35.961 30531 DEBUG neutron.wsgi [-] (30531) accepted ('10.0.20.24', 47074) server /usr/lib/python2.7/site-packages/eventlet/wsgi.py:883
2018-06-26 09:11:36.552 30531 WARNING keystonemiddleware.auth_token [-] A valid token was submitted as a service token, but it was not a valid service token. This is incorrect but backwards compatible behaviour. This will be removed in future releases.
2018-06-26 09:11:37.144 30531 INFO neutron.wsgi [req-f0839095-22b4-4fae-afcc-be5653be55cd e96af75c76474f4a8874994811488fa1 7659f48a33e04dd3942544aca83bab5e - 9796a982452041338e2d676b1e0860f3 9796a982452041338e2d676b1e0860f3] 10.0.20.24 "GET /v2.0/ports?device_id=75bc11a4-b8a7-4b16-a644-18b155a2f6d2 HTTP/1.1" status: 200  len: 1124 time: 1.1691689
2018-06-26 09:11:37.332 30531 INFO neutron.wsgi [req-2d7db4d6-2031-4f42-91e6-47f72ffd138c e96af75c76474f4a8874994811488fa1 7659f48a33e04dd3942544aca83bab5e - 9796a982452041338e2d676b1e0860f3 9796a982452041338e2d676b1e0860f3] 10.0.20.24 "GET /v2.0/security-groups?id=bdbdcd2c-20d4-46e0-a395-a9dcd880bc3f HTTP/1.1" status: 200  len: 2118 time: 0.1425259
2018-06-26 09:11:45.348 30549 DEBUG neutron.db.agents_db [req-3174a426-17cc-4a72-a44f-51307c589596 - - - - -] Agent healthcheck: found 5 active agents agent_health_check /usr/lib/python2.7/site-packages/neutron/db/agents_db.py:281
2018-06-26 09:11:49.245 30533 INFO neutron.wsgi [req-cc4f00a5-415e-4a52-82e2-d9775a9db01e e96af75c76474f4a8874994811488fa1 7659f48a33e04dd3942544aca83bab5e - 9796a982452041338e2d676b1e0860f3 9796a982452041338e2d676b1e0860f3] 10.0.20.24 "GET /v2.0/ports?device_id=75bc11a4-b8a7-4b16-a644-18b155a2f6d2 HTTP/1.1" status: 200  len: 1124 time: 0.4977860
2018-06-26 09:11:49.378 30533 INFO neutron.wsgi [req-8f504bf3-c77d-458b-923e-370f31713a5b e96af75c76474f4a8874994811488fa1 7659f48a33e04dd3942544aca83bab5e - 9796a982452041338e2d676b1e0860f3 9796a982452041338e2d676b1e0860f3] 10.0.20.24 "GET /v2.0/security-groups?id=bdbdcd2c-20d4-46e0-a395-a9dcd880bc3f HTTP/1.1" status: 200  len: 2118 time: 0.1240261
2018-06-26 09:11:50.475 30538 DEBUG neutron_lib.callbacks.manager [req-4bc1c7f5-8f54-484c-85b7-235caba44258 - - - - -] Notify callbacks ['neutron.services.segments.db._update_segment_host_mapping_for_agent-8773201730384'] for agent, after_update _notify_loop /usr/lib/python2.7/site-packages/neutron_lib/callbacks/manager.py:167
2018-06-26 09:11:55.021 30534 INFO neutron.wsgi [req-67407b09-5ef9-47d9-92de-cab1721a6a8a 5890a01f91614c928c650e60460b0cc2 e80c8f8d9a994fdcb38348700180bb81 - default default] 10.0.20.24 "GET /v2.0/ports?tenant_id=7659f48a33e04dd3942544aca83bab5e&device_id=75bc11a4-b8a7-4b16-a644-18b155a2f6d2 HTTP/1.1" status: 200  len: 1124 time: 0.5570900
2018-06-26 09:11:55.291 30534 DEBUG neutron.pecan_wsgi.hooks.policy_enforcement [req-0a478e3e-a2fb-4ac8-af10-1a82db822eff 5890a01f91614c928c650e60460b0cc2 e80c8f8d9a994fdcb38348700180bb81 - default default] Attributes excluded by policy engine: [u'vlan_transparent'] _exclude_attributes_by_policy /usr/lib/python2.7/site-packages/neutron/pecan_wsgi/hooks/policy_enforcement.py:256
2018-06-26 09:11:55.294 30534 INFO neutron.wsgi [req-0a478e3e-a2fb-4ac8-af10-1a82db822eff 5890a01f91614c928c650e60460b0cc2 e80c8f8d9a994fdcb38348700180bb81 - default default] 10.0.20.24 "GET /v2.0/networks?id=e059362c-7b30-4de1-b92d-94180134245c HTTP/1.1" status: 200  len: 885 time: 0.2643201
2018-06-26 09:11:55.360 30534 INFO neutron.wsgi [req-f7a2412e-f26b-401c-a2de-5c3b9252871a 5890a01f91614c928c650e60460b0cc2 e80c8f8d9a994fdcb38348700180bb81 - default default] 10.0.20.24 "GET /v2.0/floatingips?fixed_ip_address=11.160.1.8&port_id=a54413e4-7f68-45b3-b158-2a0430c8cd07 HTTP/1.1" status: 200  len: 750 time: 0.0541990
2018-06-26 09:11:55.523 30534 DEBUG neutron.pecan_wsgi.hooks.policy_enforcement [req-9fa090d9-04ef-4a47-8986-65cfdd9db934 5890a01f91614c928c650e60460b0cc2 e80c8f8d9a994fdcb38348700180bb81 - default default] Attributes excluded by policy engine: [u'shared'] _exclude_attributes_by_policy /usr/lib/python2.7/site-packages/neutron/pecan_wsgi/hooks/policy_enforcement.py:256
2018-06-26 09:11:55.526 30534 INFO neutron.wsgi [req-9fa090d9-04ef-4a47-8986-65cfdd9db934 5890a01f91614c928c650e60460b0cc2 e80c8f8d9a994fdcb38348700180bb81 - default default] 10.0.20.24 "GET /v2.0/subnets?id=770edd31-bdea-487d-8623-98a485a09e98 HTTP/1.1" status: 200  len: 847 time: 0.1598470
2018-06-26 09:11:55.670 30534 INFO neutron.wsgi [req-58e56c1e-5fc9-47a3-98e2-7149abf496d1 5890a01f91614c928c650e60460b0cc2 e80c8f8d9a994fdcb38348700180bb81 - default default] 10.0.20.24 "GET /v2.0/ports?network_id=e059362c-7b30-4de1-b92d-94180134245c&device_owner=network%3Adhcp HTTP/1.1" status: 200  len: 1128 time: 0.1368468
2018-06-26 09:12:01.742 30539 DEBUG neutron_lib.callbacks.manager [req-aee59b4e-5593-4299-8559-50966b162fde - - - - -] Notify callbacks ['neutron.services.segments.db._update_segment_host_mapping_for_agent-8773201730384'] for agent, after_update _notify_loop /usr/lib/python2.7/site-packages/neutron_lib/callbacks/manager.py:167
2018-06-26 09:12:01.754 30545 DEBUG neutron_lib.callbacks.manager [req-9c70f236-e776-44a7-b984-33a49d6f9ef0 - - - - -] Notify callbacks ['neutron.services.segments.db._update_segment_host_mapping_for_agent-8773201730384'] for agent, after_update _notify_loop /usr/lib/python2.7/site-packages/neutron_lib/callbacks/manager.py:167
2018-06-26 09:12:01.954 30540 DEBUG neutron_lib.callbacks.manager [req-99d1b81b-027e-49cb-897c-3936c31923d8 - - - - -] Notify callbacks ['neutron.services.segments.db._update_segment_host_mapping_for_agent-8773201730384'] for agent, after_update _notify_loop /usr/lib/python2.7/site-packages/neutron_lib/callbacks/manager.py:167
2018-06-26 09:12:03.930 30542 DEBUG neutron_lib.callbacks.manager [req-006b3c52-ccdf-4705-bbcd-6efbdbdde410 - - - - -] Notify callbacks ['neutron.services.segments.db._update_segment_host_mapping_for_agent-8773201730384'] for agent, after_update _notify_loop /usr/lib/python2.7/site-packages/neutron_lib/callbacks/manager.py:167
2018-06-26 09:12:04.903 30537 INFO neutron.wsgi [req-1629ca62-0bf3-4d03-865e-36210c7f717f e96af75c76474f4a8874994811488fa1 7659f48a33e04dd3942544aca83bab5e - 9796a982452041338e2d676b1e0860f3 9796a982452041338e2d676b1e0860f3] 10.0.20.24 "GET /v2.0/ports?device_id=75bc11a4-b8a7-4b16-a644-18b155a2f6d2 HTTP/1.1" status: 200  len: 1124 time: 0.7127819
2018-06-26 09:12:05.053 30537 DEBUG neutron.quota.resource [req-2c10ecd8-8a0a-4783-9650-ae96470a2dca e96af75c76474f4a8874994811488fa1 7659f48a33e04dd3942544aca83bab5e - 9796a982452041338e2d676b1e0860f3 9796a982452041338e2d676b1e0860f3] Synchronizing usage tracker for tenant:7659f48a33e04dd3942544aca83bab5e on resource:security_group resync /usr/lib/python2.7/site-packages/neutron/quota/resource.py:245
2018-06-26 09:12:05.099 30537 DEBUG neutron.quota.resource [req-2c10ecd8-8a0a-4783-9650-ae96470a2dca e96af75c76474f4a8874994811488fa1 7659f48a33e04dd3942544aca83bab5e - 9796a982452041338e2d676b1e0860f3 9796a982452041338e2d676b1e0860f3] Unset dirty status for tenant:7659f48a33e04dd3942544aca83bab5e on resource:security_group _resync /usr/lib/python2.7/site-packages/neutron/quota/resource.py:237
2018-06-26 09:12:05.102 30537 INFO neutron.wsgi [req-2c10ecd8-8a0a-4783-9650-ae96470a2dca e96af75c76474f4a8874994811488fa1 7659f48a33e04dd3942544aca83bab5e - 9796a982452041338e2d676b1e0860f3 9796a982452041338e2d676b1e0860f3] 10.0.20.24 "GET /v2.0/security-groups?id=bdbdcd2c-20d4-46e0-a395-a9dcd880bc3f HTTP/1.1" status: 200  len: 2118 time: 0.1916890
2018-06-26 09:12:15.362 30534 INFO neutron.wsgi [req-52c1a092-d58d-43c3-9a68-874eb1e8b632 e96af75c76474f4a8874994811488fa1 7659f48a33e04dd3942544aca83bab5e - 9796a982452041338e2d676b1e0860f3 9796a982452041338e2d676b1e0860f3] 10.0.20.24 "GET /v2.0/ports?device_id=75bc11a4-b8a7-4b16-a644-18b155a2f6d2 HTTP/1.1" status: 200  len: 1124 time: 0.6286850
2018-06-26 09:12:15.495 30534 INFO neutron.wsgi [req-961adf16-2921-445e-ba53-da487f14bcf0 e96af75c76474f4a8874994811488fa1 7659f48a33e04dd3942544aca83bab5e - 9796a982452041338e2d676b1e0860f3 9796a982452041338e2d676b1e0860f3] 10.0.20.24 "GET /v2.0/security-groups?id=bdbdcd2c-20d4-46e0-a395-a9dcd880bc3f HTTP/1.1" status: 200  len: 2118 time: 0.1253150
2018-06-26 09:12:20.468 30547 DEBUG neutron_lib.callbacks.manager [req-4bc1c7f5-8f54-484c-85b7-235caba44258 - - - - -] Notify callbacks ['neutron.services.segments.db._update_segment_host_mapping_for_agent-8773201730384'] for agent, after_update _notify_loop /usr/lib/python2.7/site-packages/neutron_lib/callbacks/manager.py:167
2018-06-26 09:12:22.366 30549 DEBUG neutron.db.agents_db [req-3174a426-17cc-4a72-a44f-51307c589596 - - - - -] Agent healthcheck: found 5 active agents agent_health_check /usr/lib/python2.7/site-packages/neutron/db/agents_db.py:281
2018-06-26 09:12:28.759 30534 INFO neutron.wsgi [req-257b4c16-5bd3-42b8-b594-38f6303c8979 e96af75c76474f4a8874994811488fa1 7659f48a33e04dd3942544aca83bab5e - 9796a982452041338e2d676b1e0860f3 9796a982452041338e2d676b1e0860f3] 10.0.20.24 "GET /v2.0/ports?device_id=75bc11a4-b8a7-4b16-a644-18b155a2f6d2 HTTP/1.1" status: 200  len: 1124 time: 0.6010151
2018-06-26 09:12:28.888 30534 INFO neutron.wsgi [req-436a6caf-ca48-4c2c-94fb-a4c15bd715a5 e96af75c76474f4a8874994811488fa1 7659f48a33e04dd3942544aca83bab5e - 9796a982452041338e2d676b1e0860f3 9796a982452041338e2d676b1e0860f3] 10.0.20.24 "GET /v2.0/security-groups?id=bdbdcd2c-20d4-46e0-a395-a9dcd880bc3f HTTP/1.1" status: 200  len: 2118 time: 0.1208022
