2018-06-27 22:56:42.868 15535 DEBUG neutron_lib.callbacks.manager [req-752ed2ed-f11a-49cd-a3c5-437bfbafa686 - - - - -] Notify callbacks ['neutron.services.segments.db._update_segment_host_mapping_for_agent-8744021209936'] for agent, after_update _notify_loop /usr/lib/python2.7/site-packages/neutron_lib/callbacks/manager.py:167
2018-06-27 22:56:46.699 15540 DEBUG neutron.db.agents_db [req-ab673420-aeee-4ed5-9c24-e74c716119c1 - - - - -] Agent healthcheck: found 5 active agents agent_health_check /usr/lib/python2.7/site-packages/neutron/db/agents_db.py:281
2018-06-27 22:56:51.593 15529 INFO neutron.wsgi [req-00a37e3d-8f95-4762-b6e9-59384c0379c0 1358995fc64e4304a320c2f371ea2612 22c73ccc7ddd42bca60c3f54af2468f9 - bcec681ed3d34aa5b0b4e3cd8c6c3f06 bcec681ed3d34aa5b0b4e3cd8c6c3f06] 10.0.20.28 "GET /v2.0/ports?device_id=c47b07d9-7f3f-4493-85fa-acb6d6eb045f HTTP/1.1" status: 200  len: 1125 time: 0.8959160
2018-06-27 22:56:51.746 15529 INFO neutron.wsgi [req-815f8e70-e51f-4cc3-96ae-5cfd651e3a2c 1358995fc64e4304a320c2f371ea2612 22c73ccc7ddd42bca60c3f54af2468f9 - bcec681ed3d34aa5b0b4e3cd8c6c3f06 bcec681ed3d34aa5b0b4e3cd8c6c3f06] 10.0.20.28 "GET /v2.0/security-groups?id=a96e6057-6cd5-430d-a904-d65a3ff338d8 HTTP/1.1" status: 200  len: 2118 time: 0.1439638
2018-06-27 22:56:53.002 15522 INFO neutron.wsgi [req-42cf5ae1-3a1a-4a64-b857-d585edb0400d 75fa4703edb245b7af4eedb4f8abb678 0756a888a15d4216915a13bf41cedcba - default default] 10.0.20.28 "GET /v2.0/ports?tenant_id=22c73ccc7ddd42bca60c3f54af2468f9&device_id=c47b07d9-7f3f-4493-85fa-acb6d6eb045f HTTP/1.1" status: 200  len: 1125 time: 0.1869872
2018-06-27 22:56:53.721 15522 DEBUG neutron.pecan_wsgi.hooks.policy_enforcement [req-fc3c3e8e-e6f2-4f11-8497-664d9b9c09a4 75fa4703edb245b7af4eedb4f8abb678 0756a888a15d4216915a13bf41cedcba - default default] Attributes excluded by policy engine: [u'vlan_transparent'] _exclude_attributes_by_policy /usr/lib/python2.7/site-packages/neutron/pecan_wsgi/hooks/policy_enforcement.py:256
2018-06-27 22:56:53.724 15522 INFO neutron.wsgi [req-fc3c3e8e-e6f2-4f11-8497-664d9b9c09a4 75fa4703edb245b7af4eedb4f8abb678 0756a888a15d4216915a13bf41cedcba - default default] 10.0.20.28 "GET /v2.0/networks?id=a241aa22-6491-4b0d-a628-92f4d14232c7 HTTP/1.1" status: 200  len: 885 time: 0.7124450
2018-06-27 22:56:53.774 15522 INFO neutron.wsgi [req-c3389d34-3d72-4d6d-8551-0fca005527d4 75fa4703edb245b7af4eedb4f8abb678 0756a888a15d4216915a13bf41cedcba - default default] 10.0.20.28 "GET /v2.0/floatingips?fixed_ip_address=11.160.1.12&port_id=10c149f6-c905-41e4-bab6-bdb7879f3715 HTTP/1.1" status: 200  len: 751 time: 0.0443411
2018-06-27 22:56:53.928 15522 DEBUG neutron.pecan_wsgi.hooks.policy_enforcement [req-a9d73108-396e-481a-aaa3-3af4d148ec74 75fa4703edb245b7af4eedb4f8abb678 0756a888a15d4216915a13bf41cedcba - default default] Attributes excluded by policy engine: [u'shared'] _exclude_attributes_by_policy /usr/lib/python2.7/site-packages/neutron/pecan_wsgi/hooks/policy_enforcement.py:256
2018-06-27 22:56:53.930 15522 INFO neutron.wsgi [req-a9d73108-396e-481a-aaa3-3af4d148ec74 75fa4703edb245b7af4eedb4f8abb678 0756a888a15d4216915a13bf41cedcba - default default] 10.0.20.28 "GET /v2.0/subnets?id=0f1beff9-c543-4514-8ce8-5289ede315cd HTTP/1.1" status: 200  len: 847 time: 0.1505811
2018-06-27 22:56:54.051 15522 INFO neutron.wsgi [req-5dd4431a-b43f-4276-9bc4-398a9ab9e1f4 75fa4703edb245b7af4eedb4f8abb678 0756a888a15d4216915a13bf41cedcba - default default] 10.0.20.28 "GET /v2.0/ports?network_id=a241aa22-6491-4b0d-a628-92f4d14232c7&device_owner=network%3Adhcp HTTP/1.1" status: 200  len: 1128 time: 0.1113739
2018-06-27 22:56:56.649 15530 DEBUG neutron_lib.callbacks.manager [req-09d13680-c3e5-412c-9139-869fcbcbddd8 - - - - -] Notify callbacks ['neutron.services.segments.db._update_segment_host_mapping_for_agent-8744021209936'] for agent, after_update _notify_loop /usr/lib/python2.7/site-packages/neutron_lib/callbacks/manager.py:167
2018-06-27 22:56:57.382 15539 DEBUG neutron_lib.callbacks.manager [req-0bb26e95-8102-4a70-a6c8-c0d6a52c0196 - - - - -] Notify callbacks ['neutron.services.segments.db._update_segment_host_mapping_for_agent-8744021209936'] for agent, after_update _notify_loop /usr/lib/python2.7/site-packages/neutron_lib/callbacks/manager.py:167
2018-06-27 22:57:05.150 15529 INFO neutron.wsgi [req-62969352-34bf-454f-9f1d-7c063542fb50 1358995fc64e4304a320c2f371ea2612 22c73ccc7ddd42bca60c3f54af2468f9 - bcec681ed3d34aa5b0b4e3cd8c6c3f06 bcec681ed3d34aa5b0b4e3cd8c6c3f06] 10.0.20.28 "GET /v2.0/ports?device_id=c47b07d9-7f3f-4493-85fa-acb6d6eb045f HTTP/1.1" status: 200  len: 1125 time: 0.9165430
2018-06-27 22:57:05.317 15532 DEBUG neutron_lib.callbacks.manager [req-45cc798d-c9a8-4358-b960-8f0cfdf11411 - - - - -] Notify callbacks ['neutron.services.segments.db._update_segment_host_mapping_for_agent-8744021209936'] for agent, after_update _notify_loop /usr/lib/python2.7/site-packages/neutron_lib/callbacks/manager.py:167
2018-06-27 22:57:05.344 15529 INFO neutron.wsgi [req-80708fad-a312-44c5-aba6-ed5e79bfbd4e 1358995fc64e4304a320c2f371ea2612 22c73ccc7ddd42bca60c3f54af2468f9 - bcec681ed3d34aa5b0b4e3cd8c6c3f06 bcec681ed3d34aa5b0b4e3cd8c6c3f06] 10.0.20.28 "GET /v2.0/security-groups?id=a96e6057-6cd5-430d-a904-d65a3ff338d8 HTTP/1.1" status: 200  len: 2118 time: 0.1801839
2018-06-27 22:57:11.419 15531 DEBUG neutron_lib.callbacks.manager [req-2296162a-a6d7-4833-9f60-b3e8ce125519 - - - - -] Notify callbacks ['neutron.services.segments.db._update_segment_host_mapping_for_agent-8744021209936'] for agent, after_update _notify_loop /usr/lib/python2.7/site-packages/neutron_lib/callbacks/manager.py:167
2018-06-27 22:57:12.827 15536 DEBUG neutron_lib.callbacks.manager [req-752ed2ed-f11a-49cd-a3c5-437bfbafa686 - - - - -] Notify callbacks ['neutron.services.segments.db._update_segment_host_mapping_for_agent-8744021209936'] for agent, after_update _notify_loop /usr/lib/python2.7/site-packages/neutron_lib/callbacks/manager.py:167
2018-06-27 22:57:18.827 15529 INFO neutron.wsgi [req-b6b82bc6-ffd5-4433-8f43-2698adb83664 1358995fc64e4304a320c2f371ea2612 22c73ccc7ddd42bca60c3f54af2468f9 - bcec681ed3d34aa5b0b4e3cd8c6c3f06 bcec681ed3d34aa5b0b4e3cd8c6c3f06] 10.0.20.28 "GET /v2.0/ports?device_id=c47b07d9-7f3f-4493-85fa-acb6d6eb045f HTTP/1.1" status: 200  len: 1125 time: 0.7118268
2018-06-27 22:57:18.959 15529 INFO neutron.wsgi [req-dcaf88d8-a087-49d7-aaa8-081c048ec432 1358995fc64e4304a320c2f371ea2612 22c73ccc7ddd42bca60c3f54af2468f9 - bcec681ed3d34aa5b0b4e3cd8c6c3f06 bcec681ed3d34aa5b0b4e3cd8c6c3f06] 10.0.20.28 "GET /v2.0/security-groups?id=a96e6057-6cd5-430d-a904-d65a3ff338d8 HTTP/1.1" status: 200  len: 2118 time: 0.1247389
2018-06-27 22:57:23.688 15540 DEBUG neutron.db.agents_db [req-ab673420-aeee-4ed5-9c24-e74c716119c1 - - - - -] Agent healthcheck: found 5 active agents agent_health_check /usr/lib/python2.7/site-packages/neutron/db/agents_db.py:281
2018-06-27 22:57:26.290 15533 DEBUG neutron_lib.callbacks.manager [req-a499eb0d-cb78-416c-8064-9377b3c3dcbe - - - - -] Notify callbacks ['neutron.services.segments.db._update_segment_host_mapping_for_agent-8744021209936'] for agent, after_update _notify_loop /usr/lib/python2.7/site-packages/neutron_lib/callbacks/manager.py:167
2018-06-27 22:57:27.384 15537 DEBUG neutron_lib.callbacks.manager [req-0bb26e95-8102-4a70-a6c8-c0d6a52c0196 - - - - -] Notify callbacks ['neutron.services.segments.db._update_segment_host_mapping_for_agent-8744021209936'] for agent, after_update _notify_loop /usr/lib/python2.7/site-packages/neutron_lib/callbacks/manager.py:167
2018-06-27 22:57:32.381 15529 INFO neutron.wsgi [req-6727538a-72f5-42d4-90c1-7533d986beb5 1358995fc64e4304a320c2f371ea2612 22c73ccc7ddd42bca60c3f54af2468f9 - bcec681ed3d34aa5b0b4e3cd8c6c3f06 bcec681ed3d34aa5b0b4e3cd8c6c3f06] 10.0.20.28 "GET /v2.0/ports?device_id=c47b07d9-7f3f-4493-85fa-acb6d6eb045f HTTP/1.1" status: 200  len: 1125 time: 0.6860681
2018-06-27 22:57:32.523 15529 INFO neutron.wsgi [req-1b33131a-753b-40f2-adc1-8e9b684ad27a 1358995fc64e4304a320c2f371ea2612 22c73ccc7ddd42bca60c3f54af2468f9 - bcec681ed3d34aa5b0b4e3cd8c6c3f06 bcec681ed3d34aa5b0b4e3cd8c6c3f06] 10.0.20.28 "GET /v2.0/security-groups?id=a96e6057-6cd5-430d-a904-d65a3ff338d8 HTTP/1.1" status: 200  len: 2118 time: 0.1357899
2018-06-27 22:57:35.266 15538 DEBUG neutron_lib.callbacks.manager [req-45cc798d-c9a8-4358-b960-8f0cfdf11411 - - - - -] Notify callbacks ['neutron.services.segments.db._update_segment_host_mapping_for_agent-8744021209936'] for agent, after_update _notify_loop /usr/lib/python2.7/site-packages/neutron_lib/callbacks/manager.py:167
2018-06-27 22:57:41.385 15535 DEBUG neutron_lib.callbacks.manager [req-ecfcf71c-8dae-4ee9-97ca-7a61f1bf76d0 - - - - -] Notify callbacks ['neutron.services.segments.db._update_segment_host_mapping_for_agent-8744021209936'] for agent, after_update _notify_loop /usr/lib/python2.7/site-packages/neutron_lib/callbacks/manager.py:167
2018-06-27 22:57:42.801 15530 DEBUG neutron_lib.callbacks.manager [req-752ed2ed-f11a-49cd-a3c5-437bfbafa686 - - - - -] Notify callbacks ['neutron.services.segments.db._update_segment_host_mapping_for_agent-8744021209936'] for agent, after_update _notify_loop /usr/lib/python2.7/site-packages/neutron_lib/callbacks/manager.py:167
2018-06-27 22:57:44.974 15529 INFO neutron.wsgi [req-0fdcbcea-558d-4d76-8ba5-be462e97f8ea 1358995fc64e4304a320c2f371ea2612 22c73ccc7ddd42bca60c3f54af2468f9 - bcec681ed3d34aa5b0b4e3cd8c6c3f06 bcec681ed3d34aa5b0b4e3cd8c6c3f06] 10.0.20.28 "GET /v2.0/ports?device_id=c47b07d9-7f3f-4493-85fa-acb6d6eb045f HTTP/1.1" status: 200  len: 1125 time: 0.6920190
2018-06-27 22:57:45.114 15529 INFO neutron.wsgi [req-0861f074-6c32-459d-9023-1a4b8c8652f9 1358995fc64e4304a320c2f371ea2612 22c73ccc7ddd42bca60c3f54af2468f9 - bcec681ed3d34aa5b0b4e3cd8c6c3f06 bcec681ed3d34aa5b0b4e3cd8c6c3f06] 10.0.20.28 "GET /v2.0/security-groups?id=a96e6057-6cd5-430d-a904-d65a3ff338d8 HTTP/1.1" status: 200  len: 2118 time: 0.1343529
2018-06-27 22:57:45.951 15522 INFO neutron.wsgi [req-ad58036c-4ace-4502-ad2b-f98359afb7b3 75fa4703edb245b7af4eedb4f8abb678 0756a888a15d4216915a13bf41cedcba - default default] 10.0.20.28 "GET /v2.0/ports?tenant_id=22c73ccc7ddd42bca60c3f54af2468f9&device_id=c47b07d9-7f3f-4493-85fa-acb6d6eb045f HTTP/1.1" status: 200  len: 1125 time: 0.1873789
2018-06-27 22:57:46.250 15522 DEBUG neutron.pecan_wsgi.hooks.policy_enforcement [req-ffbf933d-2208-436a-996d-17c7b4494c34 75fa4703edb245b7af4eedb4f8abb678 0756a888a15d4216915a13bf41cedcba - default default] Attributes excluded by policy engine: [u'vlan_transparent'] _exclude_attributes_by_policy /usr/lib/python2.7/site-packages/neutron/pecan_wsgi/hooks/policy_enforcement.py:256
2018-06-27 22:57:46.253 15522 INFO neutron.wsgi [req-ffbf933d-2208-436a-996d-17c7b4494c34 75fa4703edb245b7af4eedb4f8abb678 0756a888a15d4216915a13bf41cedcba - default default] 10.0.20.28 "GET /v2.0/networks?id=a241aa22-6491-4b0d-a628-92f4d14232c7 HTTP/1.1" status: 200  len: 885 time: 0.2926161
2018-06-27 22:57:46.324 15522 INFO neutron.wsgi [req-5adb2242-6cd4-4c8c-80e1-76714146d6a2 75fa4703edb245b7af4eedb4f8abb678 0756a888a15d4216915a13bf41cedcba - default default] 10.0.20.28 "GET /v2.0/floatingips?fixed_ip_address=11.160.1.12&port_id=10c149f6-c905-41e4-bab6-bdb7879f3715 HTTP/1.1" status: 200  len: 751 time: 0.0629930
2018-06-27 22:57:46.497 15522 DEBUG neutron.pecan_wsgi.hooks.policy_enforcement [req-a3ecdba3-0e81-4697-bf2f-618606f047fe 75fa4703edb245b7af4eedb4f8abb678 0756a888a15d4216915a13bf41cedcba - default default] Attributes excluded by policy engine: [u'shared'] _exclude_attributes_by_policy /usr/lib/python2.7/site-packages/neutron/pecan_wsgi/hooks/policy_enforcement.py:256
2018-06-27 22:57:46.499 15522 INFO neutron.wsgi [req-a3ecdba3-0e81-4697-bf2f-618606f047fe 75fa4703edb245b7af4eedb4f8abb678 0756a888a15d4216915a13bf41cedcba - default default] 10.0.20.28 "GET /v2.0/subnets?id=0f1beff9-c543-4514-8ce8-5289ede315cd HTTP/1.1" status: 200  len: 847 time: 0.1695480
2018-06-27 22:57:46.651 15522 INFO neutron.wsgi [req-4dfb0be1-2354-44c0-a912-6ce5260a587d 75fa4703edb245b7af4eedb4f8abb678 0756a888a15d4216915a13bf41cedcba - default default] 10.0.20.28 "GET /v2.0/ports?network_id=a241aa22-6491-4b0d-a628-92f4d14232c7&device_owner=network%3Adhcp HTTP/1.1" status: 200  len: 1128 time: 0.1418190
2018-06-27 22:57:49.456 15538 DEBUG neutron.plugins.ml2.rpc [req-45cc798d-c9a8-4358-b960-8f0cfdf11411 - - - - -] Device 10c149f6-c905-41e4-bab6-bdb7879f3715 no longer exists at agent ovs-agent-localhost.localdomain update_device_down /usr/lib/python2.7/site-packages/neutron/plugins/ml2/rpc.py:213
2018-06-27 22:57:49.734 15538 DEBUG neutron_lib.callbacks.manager [req-45cc798d-c9a8-4358-b960-8f0cfdf11411 - - - - -] Notify callbacks ['neutron.plugins.ml2.plugin.Ml2Plugin._ensure_default_security_group_handler--9223372036852854646'] for port, before_update _notify_loop /usr/lib/python2.7/site-packages/neutron_lib/callbacks/manager.py:167
2018-06-27 22:57:49.874 15538 DEBUG oslo_concurrency.lockutils [-] Lock "notifier-47fce3ab-5dc5-4716-a96b-154f2fec0be4" acquired by "neutron.notifiers.batch_notifier.synced_send" :: waited 0.000s inner /usr/lib/python2.7/site-packages/oslo_concurrency/lockutils.py:270
2018-06-27 22:57:49.876 15538 DEBUG neutron.notifiers.nova [-] Sending events: [{'status': 'completed', 'tag': u'10c149f6-c905-41e4-bab6-bdb7879f3715', 'name': 'network-vif-unplugged', 'server_uuid': u'c47b07d9-7f3f-4493-85fa-acb6d6eb045f'}] send_events /usr/lib/python2.7/site-packages/neutron/notifiers/nova.py:242
2018-06-27 22:57:49.890 15538 DEBUG novaclient.v2.client [-] REQ: curl -g -i -X POST http://10.0.20.28:8774/v2.1/0756a888a15d4216915a13bf41cedcba/os-server-external-events -H "User-Agent: python-novaclient" -H "Content-Type: application/json" -H "Accept: application/json" -H "X-OpenStack-Nova-API-Version: 2.1" -H "X-Auth-Token: {SHA1}2492757d08c36c8c080327847722a6895ca89d00" -d '{"events": [{"status": "completed", "tag": "10c149f6-c905-41e4-bab6-bdb7879f3715", "name": "network-vif-unplugged", "server_uuid": "c47b07d9-7f3f-4493-85fa-acb6d6eb045f"}]}' _http_log_request /usr/lib/python2.7/site-packages/keystoneauth1/session.py:375
2018-06-27 22:57:49.897 15538 DEBUG neutron.plugins.ml2.db [req-45cc798d-c9a8-4358-b960-8f0cfdf11411 - - - - -] For port 10c149f6-c905-41e4-bab6-bdb7879f3715, host localhost.localdomain, got binding levels [<neutron.plugins.ml2.models.PortBindingLevel[object at 7f3e033e95d0] {port_id=u'10c149f6-c905-41e4-bab6-bdb7879f3715', host=u'localhost.localdomain', level=0, driver=u'openvswitch', segment_id=u'22c88693-35dd-4dd7-835c-acfde76bdf73'}>] get_binding_levels /usr/lib/python2.7/site-packages/neutron/plugins/ml2/db.py:106
2018-06-27 22:57:49.911 15538 DEBUG neutron_lib.callbacks.manager [req-45cc798d-c9a8-4358-b960-8f0cfdf11411 - - - - -] Notify callbacks ['neutron.plugins.ml2.ovo_rpc._ObjectChangeHandler.handle_event-750456', 'neutron.api.rpc.agentnotifiers.dhcp_rpc_agent_api.DhcpAgentNotifyAPI._native_event_send_dhcp_notification--9223372036853877499', 'neutron.plugins.ml2.plugin.Ml2Plugin.notify_sg_on_port_change-1921279', 'neutron.db.l3_dvrscheduler_db._notify_l3_agent_port_update-8744020843796', 'neutron.db.l3_hascheduler_db._notify_l3_agent_ha_port_update-8744020843871'] for port, after_update _notify_loop /usr/lib/python2.7/site-packages/neutron_lib/callbacks/manager.py:167
2018-06-27 22:57:49.927 15538 DEBUG oslo_concurrency.lockutils [-] Lock "event-dispatch" acquired by "neutron.plugins.ml2.ovo_rpc.dispatch_events" :: waited 0.000s inner /usr/lib/python2.7/site-packages/oslo_concurrency/lockutils.py:270
2018-06-27 22:57:50.075 15538 DEBUG novaclient.v2.client [-] RESP: [200] Content-Length: 185 Content-Type: application/json Openstack-Api-Version: compute 2.1 X-Openstack-Nova-Api-Version: 2.1 Vary: OpenStack-API-Version, X-OpenStack-Nova-API-Version X-Openstack-Request-Id: req-23732b87-6eb1-44ff-9942-ad7d6e0cb294 X-Compute-Request-Id: req-23732b87-6eb1-44ff-9942-ad7d6e0cb294 Date: Wed, 27 Jun 2018 20:57:50 GMT Connection: keep-alive 
RESP BODY: {"events": [{"status": "completed", "tag": "10c149f6-c905-41e4-bab6-bdb7879f3715", "name": "network-vif-unplugged", "server_uuid": "c47b07d9-7f3f-4493-85fa-acb6d6eb045f", "code": 200}]}
 _http_log_response /usr/lib/python2.7/site-packages/keystoneauth1/session.py:423
2018-06-27 22:57:50.076 15538 DEBUG novaclient.v2.client [-] POST call to compute for http://10.0.20.28:8774/v2.1/0756a888a15d4216915a13bf41cedcba/os-server-external-events used request id req-23732b87-6eb1-44ff-9942-ad7d6e0cb294 request /usr/lib/python2.7/site-packages/keystoneauth1/session.py:727
2018-06-27 22:57:50.095 15538 INFO neutron.notifiers.nova [-] Nova event response: {u'status': u'completed', u'tag': u'10c149f6-c905-41e4-bab6-bdb7879f3715', u'name': u'network-vif-unplugged', u'server_uuid': u'c47b07d9-7f3f-4493-85fa-acb6d6eb045f', u'code': 200}
2018-06-27 22:57:50.109 15538 DEBUG neutron.api.rpc.handlers.resources_rpc [req-45cc798d-c9a8-4358-b960-8f0cfdf11411 - - - - -] neutron.api.rpc.handlers.resources_rpc.ResourcesPushRpcApi method push called with arguments (<neutron_lib.context.Context object at 0x7f3e0399d810>, [Port(admin_state_up=True,allowed_address_pairs=[],binding=PortBinding,binding_levels=[PortBindingLevel],created_at=2018-06-27T20:54:42Z,data_plane_status=<?>,description='',device_id='c47b07d9-7f3f-4493-85fa-acb6d6eb045f',device_owner='compute:nova',dhcp_options=[],distributed_binding=None,dns=None,fixed_ips=[IPAllocation],id=10c149f6-c905-41e4-bab6-bdb7879f3715,mac_address=fa:16:3e:6e:ca:a1,name='',network_id=a241aa22-6491-4b0d-a628-92f4d14232c7,project_id='22c73ccc7ddd42bca60c3f54af2468f9',qos_policy_id=None,revision_number=7,security=PortSecurity(10c149f6-c905-41e4-bab6-bdb7879f3715),security_group_ids=set([a96e6057-6cd5-430d-a904-d65a3ff338d8]),status='DOWN',updated_at=2018-06-27T20:57:49Z)], 'updated') {} wrapper /usr/lib/python2.7/site-packages/oslo_log/helpers.py:66
2018-06-27 22:57:50.124 15538 DEBUG neutron.api.rpc.callbacks.version_manager [req-45cc798d-c9a8-4358-b960-8f0cfdf11411 - - - - -] Version for resource type Subnet changed None to 1.0 on consumer Open vSwitch agent@localhost.localdomain _set_version /usr/lib/python2.7/site-packages/neutron/api/rpc/callbacks/version_manager.py:119
2018-06-27 22:57:50.125 15538 DEBUG neutron.api.rpc.callbacks.version_manager [req-45cc798d-c9a8-4358-b960-8f0cfdf11411 - - - - -] Version for resource type Network changed None to 1.0 on consumer Open vSwitch agent@localhost.localdomain _set_version /usr/lib/python2.7/site-packages/neutron/api/rpc/callbacks/version_manager.py:119
2018-06-27 22:57:50.126 15538 DEBUG neutron.api.rpc.callbacks.version_manager [req-45cc798d-c9a8-4358-b960-8f0cfdf11411 - - - - -] Version for resource type SubPort changed None to 1.0 on consumer Open vSwitch agent@localhost.localdomain _set_version /usr/lib/python2.7/site-packages/neutron/api/rpc/callbacks/version_manager.py:119
2018-06-27 22:57:50.126 15538 DEBUG neutron.api.rpc.callbacks.version_manager [req-45cc798d-c9a8-4358-b960-8f0cfdf11411 - - - - -] Version for resource type SecurityGroup changed None to 1.0 on consumer Open vSwitch agent@localhost.localdomain _set_version /usr/lib/python2.7/site-packages/neutron/api/rpc/callbacks/version_manager.py:119
2018-06-27 22:57:50.127 15538 DEBUG neutron.api.rpc.callbacks.version_manager [req-45cc798d-c9a8-4358-b960-8f0cfdf11411 - - - - -] Version for resource type SecurityGroupRule changed None to 1.0 on consumer Open vSwitch agent@localhost.localdomain _set_version /usr/lib/python2.7/site-packages/neutron/api/rpc/callbacks/version_manager.py:119
2018-06-27 22:57:50.128 15538 DEBUG neutron.api.rpc.callbacks.version_manager [req-45cc798d-c9a8-4358-b960-8f0cfdf11411 - - - - -] Version for resource type Trunk changed None to 1.1 on consumer Open vSwitch agent@localhost.localdomain _set_version /usr/lib/python2.7/site-packages/neutron/api/rpc/callbacks/version_manager.py:119
2018-06-27 22:57:50.129 15538 DEBUG neutron.api.rpc.callbacks.version_manager [req-45cc798d-c9a8-4358-b960-8f0cfdf11411 - - - - -] Version for resource type QosPolicy changed None to 1.6 on consumer Open vSwitch agent@localhost.localdomain _set_version /usr/lib/python2.7/site-packages/neutron/api/rpc/callbacks/version_manager.py:119
2018-06-27 22:57:50.129 15538 DEBUG neutron.api.rpc.callbacks.version_manager [req-45cc798d-c9a8-4358-b960-8f0cfdf11411 - - - - -] Version for resource type Port changed None to 1.1 on consumer Open vSwitch agent@localhost.localdomain _set_version /usr/lib/python2.7/site-packages/neutron/api/rpc/callbacks/version_manager.py:119
2018-06-27 22:57:50.130 15538 DEBUG neutron.api.rpc.callbacks.version_manager [req-45cc798d-c9a8-4358-b960-8f0cfdf11411 - - - - -] Version for resource type Log changed None to 1.0 on consumer Open vSwitch agent@localhost.localdomain _set_version /usr/lib/python2.7/site-packages/neutron/api/rpc/callbacks/version_manager.py:119
2018-06-27 22:57:50.162 15538 DEBUG oslo_concurrency.lockutils [req-45cc798d-c9a8-4358-b960-8f0cfdf11411 - - - - -] Lock "event-dispatch" released by "neutron.plugins.ml2.ovo_rpc.dispatch_events" :: held 0.235s inner /usr/lib/python2.7/site-packages/oslo_concurrency/lockutils.py:282
2018-06-27 22:57:52.097 15538 DEBUG oslo_concurrency.lockutils [-] Lock "notifier-47fce3ab-5dc5-4716-a96b-154f2fec0be4" released by "neutron.notifiers.batch_notifier.synced_send" :: held 2.223s inner /usr/lib/python2.7/site-packages/oslo_concurrency/lockutils.py:282
2018-06-27 22:57:53.541 15537 DEBUG neutron.plugins.ml2.rpc [req-45cc798d-c9a8-4358-b960-8f0cfdf11411 - - - - -] Device 10c149f6-c905-41e4-bab6-bdb7879f3715 up at agent ovs-agent-localhost.localdomain update_device_up /usr/lib/python2.7/site-packages/neutron/plugins/ml2/rpc.py:244
2018-06-27 22:57:53.719 15537 DEBUG neutron.db.provisioning_blocks [req-45cc798d-c9a8-4358-b960-8f0cfdf11411 - - - - -] Provisioning complete for port 10c149f6-c905-41e4-bab6-bdb7879f3715 triggered by entity L2. provisioning_complete /usr/lib/python2.7/site-packages/neutron/db/provisioning_blocks.py:138
2018-06-27 22:57:53.720 15537 DEBUG neutron_lib.callbacks.manager [req-45cc798d-c9a8-4358-b960-8f0cfdf11411 - - - - -] Notify callbacks ['neutron.plugins.ml2.plugin.Ml2Plugin._port_provisioned-1459150'] for port, provisioning_complete _notify_loop /usr/lib/python2.7/site-packages/neutron_lib/callbacks/manager.py:167
2018-06-27 22:57:53.850 15522 INFO neutron.wsgi [req-5cd3065c-3106-45e3-a91a-7f49efce7002 75fa4703edb245b7af4eedb4f8abb678 0756a888a15d4216915a13bf41cedcba - default default] 10.0.20.28 "GET /v2.0/ports?tenant_id=eae0a715a29b4ea38ef5bf4507b93fe6&device_id=d24851e8-313f-433c-a25f-5b2d4fc66079 HTTP/1.1" status: 200  len: 210 time: 0.1329911
2018-06-27 22:57:53.921 15522 INFO neutron.wsgi [req-b0ddaebe-f93b-43a8-933c-ce662e91cfca 75fa4703edb245b7af4eedb4f8abb678 0756a888a15d4216915a13bf41cedcba - default default] 10.0.20.28 "GET /v2.0/networks?tenant_id=eae0a715a29b4ea38ef5bf4507b93fe6&shared=False HTTP/1.1" status: 200  len: 213 time: 0.0616529
2018-06-27 22:57:54.004 15522 INFO neutron.wsgi [req-a5ebcf21-6736-420a-8b70-fda63a7b28d7 75fa4703edb245b7af4eedb4f8abb678 0756a888a15d4216915a13bf41cedcba - default default] 10.0.20.28 "GET /v2.0/networks?shared=True HTTP/1.1" status: 200  len: 213 time: 0.0775950
2018-06-27 22:57:54.008 15537 DEBUG neutron_lib.callbacks.manager [req-45cc798d-c9a8-4358-b960-8f0cfdf11411 - - - - -] Notify callbacks ['neutron.plugins.ml2.plugin.Ml2Plugin._ensure_default_security_group_handler--9223372036852854646'] for port, before_update _notify_loop /usr/lib/python2.7/site-packages/neutron_lib/callbacks/manager.py:167
2018-06-27 22:57:54.208 15537 DEBUG oslo_concurrency.lockutils [-] Lock "notifier-47fce3ab-5dc5-4716-a96b-154f2fec0be4" acquired by "neutron.notifiers.batch_notifier.synced_send" :: waited 0.003s inner /usr/lib/python2.7/site-packages/oslo_concurrency/lockutils.py:270
2018-06-27 22:57:54.223 15537 DEBUG neutron.notifiers.nova [-] Sending events: [{'status': 'completed', 'tag': u'10c149f6-c905-41e4-bab6-bdb7879f3715', 'name': 'network-vif-plugged', 'server_uuid': u'c47b07d9-7f3f-4493-85fa-acb6d6eb045f'}] send_events /usr/lib/python2.7/site-packages/neutron/notifiers/nova.py:242
2018-06-27 22:57:54.366 15537 DEBUG neutron.plugins.ml2.db [req-45cc798d-c9a8-4358-b960-8f0cfdf11411 - - - - -] For port 10c149f6-c905-41e4-bab6-bdb7879f3715, host localhost.localdomain, got binding levels [<neutron.plugins.ml2.models.PortBindingLevel[object at 7f3e03515cd0] {port_id=u'10c149f6-c905-41e4-bab6-bdb7879f3715', host=u'localhost.localdomain', level=0, driver=u'openvswitch', segment_id=u'22c88693-35dd-4dd7-835c-acfde76bdf73'}>] get_binding_levels /usr/lib/python2.7/site-packages/neutron/plugins/ml2/db.py:106
2018-06-27 22:57:54.422 15537 DEBUG neutron_lib.callbacks.manager [req-45cc798d-c9a8-4358-b960-8f0cfdf11411 - - - - -] Notify callbacks ['neutron.plugins.ml2.ovo_rpc._ObjectChangeHandler.handle_event-750456', 'neutron.api.rpc.agentnotifiers.dhcp_rpc_agent_api.DhcpAgentNotifyAPI._native_event_send_dhcp_notification--9223372036853877499', 'neutron.plugins.ml2.plugin.Ml2Plugin.notify_sg_on_port_change-1921279', 'neutron.db.l3_dvrscheduler_db._notify_l3_agent_port_update-8744020843796', 'neutron.db.l3_hascheduler_db._notify_l3_agent_ha_port_update-8744020843871'] for port, after_update _notify_loop /usr/lib/python2.7/site-packages/neutron_lib/callbacks/manager.py:167
2018-06-27 22:57:54.433 15525 INFO neutron.wsgi [req-e4e8cf01-b6b9-4a1e-8a24-e219b7f78845 1358995fc64e4304a320c2f371ea2612 22c73ccc7ddd42bca60c3f54af2468f9 - bcec681ed3d34aa5b0b4e3cd8c6c3f06 bcec681ed3d34aa5b0b4e3cd8c6c3f06] 10.0.20.28 "GET /v2.0/ports?device_id=c47b07d9-7f3f-4493-85fa-acb6d6eb045f HTTP/1.1" status: 200  len: 1123 time: 0.9471920
2018-06-27 22:57:54.470 15537 DEBUG oslo_concurrency.lockutils [-] Lock "event-dispatch" acquired by "neutron.plugins.ml2.ovo_rpc.dispatch_events" :: waited 0.002s inner /usr/lib/python2.7/site-packages/oslo_concurrency/lockutils.py:270
2018-06-27 22:57:54.704 15525 INFO neutron.wsgi [req-05491513-e5e2-4bf8-a77f-111e91863b49 1358995fc64e4304a320c2f371ea2612 22c73ccc7ddd42bca60c3f54af2468f9 - bcec681ed3d34aa5b0b4e3cd8c6c3f06 bcec681ed3d34aa5b0b4e3cd8c6c3f06] 10.0.20.28 "GET /v2.0/security-groups?id=a96e6057-6cd5-430d-a904-d65a3ff338d8 HTTP/1.1" status: 200  len: 2118 time: 0.2548540
2018-06-27 22:57:54.803 15537 DEBUG neutron.api.rpc.handlers.resources_rpc [req-45cc798d-c9a8-4358-b960-8f0cfdf11411 - - - - -] neutron.api.rpc.handlers.resources_rpc.ResourcesPushRpcApi method push called with arguments (<neutron_lib.context.Context object at 0x7f3e03459c50>, [Port(admin_state_up=True,allowed_address_pairs=[],binding=PortBinding,binding_levels=[PortBindingLevel],created_at=2018-06-27T20:54:42Z,data_plane_status=<?>,description='',device_id='c47b07d9-7f3f-4493-85fa-acb6d6eb045f',device_owner='compute:nova',dhcp_options=[],distributed_binding=None,dns=None,fixed_ips=[IPAllocation],id=10c149f6-c905-41e4-bab6-bdb7879f3715,mac_address=fa:16:3e:6e:ca:a1,name='',network_id=a241aa22-6491-4b0d-a628-92f4d14232c7,project_id='22c73ccc7ddd42bca60c3f54af2468f9',qos_policy_id=None,revision_number=8,security=PortSecurity(10c149f6-c905-41e4-bab6-bdb7879f3715),security_group_ids=set([a96e6057-6cd5-430d-a904-d65a3ff338d8]),status='ACTIVE',updated_at=2018-06-27T20:57:54Z)], 'updated') {} wrapper /usr/lib/python2.7/site-packages/oslo_log/helpers.py:66
2018-06-27 22:57:54.833 15537 DEBUG neutron.api.rpc.callbacks.version_manager [req-45cc798d-c9a8-4358-b960-8f0cfdf11411 - - - - -] Version for resource type Subnet changed None to 1.0 on consumer Open vSwitch agent@localhost.localdomain _set_version /usr/lib/python2.7/site-packages/neutron/api/rpc/callbacks/version_manager.py:119
2018-06-27 22:57:54.836 15537 DEBUG neutron.api.rpc.callbacks.version_manager [req-45cc798d-c9a8-4358-b960-8f0cfdf11411 - - - - -] Version for resource type Network changed None to 1.0 on consumer Open vSwitch agent@localhost.localdomain _set_version /usr/lib/python2.7/site-packages/neutron/api/rpc/callbacks/version_manager.py:119
2018-06-27 22:57:54.836 15537 DEBUG neutron.api.rpc.callbacks.version_manager [req-45cc798d-c9a8-4358-b960-8f0cfdf11411 - - - - -] Version for resource type SubPort changed None to 1.0 on consumer Open vSwitch agent@localhost.localdomain _set_version /usr/lib/python2.7/site-packages/neutron/api/rpc/callbacks/version_manager.py:119
2018-06-27 22:57:54.836 15537 DEBUG neutron.api.rpc.callbacks.version_manager [req-45cc798d-c9a8-4358-b960-8f0cfdf11411 - - - - -] Version for resource type SecurityGroup changed None to 1.0 on consumer Open vSwitch agent@localhost.localdomain _set_version /usr/lib/python2.7/site-packages/neutron/api/rpc/callbacks/version_manager.py:119
2018-06-27 22:57:54.837 15537 DEBUG neutron.api.rpc.callbacks.version_manager [req-45cc798d-c9a8-4358-b960-8f0cfdf11411 - - - - -] Version for resource type SecurityGroupRule changed None to 1.0 on consumer Open vSwitch agent@localhost.localdomain _set_version /usr/lib/python2.7/site-packages/neutron/api/rpc/callbacks/version_manager.py:119
2018-06-27 22:57:54.839 15537 DEBUG neutron.api.rpc.callbacks.version_manager [req-45cc798d-c9a8-4358-b960-8f0cfdf11411 - - - - -] Version for resource type Trunk changed None to 1.1 on consumer Open vSwitch agent@localhost.localdomain _set_version /usr/lib/python2.7/site-packages/neutron/api/rpc/callbacks/version_manager.py:119
2018-06-27 22:57:54.840 15537 DEBUG neutron.api.rpc.callbacks.version_manager [req-45cc798d-c9a8-4358-b960-8f0cfdf11411 - - - - -] Version for resource type QosPolicy changed None to 1.6 on consumer Open vSwitch agent@localhost.localdomain _set_version /usr/lib/python2.7/site-packages/neutron/api/rpc/callbacks/version_manager.py:119
2018-06-27 22:57:54.841 15537 DEBUG neutron.api.rpc.callbacks.version_manager [req-45cc798d-c9a8-4358-b960-8f0cfdf11411 - - - - -] Version for resource type Port changed None to 1.1 on consumer Open vSwitch agent@localhost.localdomain _set_version /usr/lib/python2.7/site-packages/neutron/api/rpc/callbacks/version_manager.py:119
2018-06-27 22:57:54.842 15537 DEBUG neutron.api.rpc.callbacks.version_manager [req-45cc798d-c9a8-4358-b960-8f0cfdf11411 - - - - -] Version for resource type Log changed None to 1.0 on consumer Open vSwitch agent@localhost.localdomain _set_version /usr/lib/python2.7/site-packages/neutron/api/rpc/callbacks/version_manager.py:119
2018-06-27 22:57:54.846 15537 DEBUG neutron.api.rpc.callbacks.version_manager [req-45cc798d-c9a8-4358-b960-8f0cfdf11411 - - - - -] Tracked resource versions report:
pushed versions:
{   'Log': set(['1.0']),
    'Network': set(['1.0']),
    'Port': set(['1.1']),
    'QosPolicy': set(['1.6']),
    'SecurityGroup': set(['1.0']),
    'SecurityGroupRule': set(['1.0']),
    'SubPort': set(['1.0']),
    'Subnet': set(['1.0']),
    'Trunk': set(['1.1'])}

consumer versions:
{   DHCP agent@localhost.localdomain: {   },
    L3 agent@localhost.localdomain: {   },
    Metadata agent@localhost.localdomain: {   },
    Metering agent@localhost.localdomain: {   },
    Open vSwitch agent@localhost.localdomain: {   u'Log': u'1.0',
                                                  u'Network': u'1.0',
                                                  u'Port': u'1.1',
                                                  u'QosPolicy': u'1.6',
                                                  u'SecurityGroup': u'1.0',
                                                  u'SecurityGroupRule': u'1.0',
                                                  u'SubPort': u'1.0',
                                                  u'Subnet': u'1.0',
                                                  u'Trunk': u'1.1'}}
 report /usr/lib/python2.7/site-packages/neutron/api/rpc/callbacks/version_manager.py:178
2018-06-27 22:57:54.891 15537 DEBUG oslo_concurrency.lockutils [req-45cc798d-c9a8-4358-b960-8f0cfdf11411 - - - - -] Lock "event-dispatch" released by "neutron.plugins.ml2.ovo_rpc.dispatch_events" :: held 0.420s inner /usr/lib/python2.7/site-packages/oslo_concurrency/lockutils.py:282
2018-06-27 22:57:55.486 15530 DEBUG neutron.plugins.ml2.rpc [req-45cc798d-c9a8-4358-b960-8f0cfdf11411 - - - - -] Device 10c149f6-c905-41e4-bab6-bdb7879f3715 up at agent ovs-agent-localhost.localdomain update_device_up /usr/lib/python2.7/site-packages/neutron/plugins/ml2/rpc.py:244
2018-06-27 22:57:55.924 15530 DEBUG neutron.db.provisioning_blocks [req-45cc798d-c9a8-4358-b960-8f0cfdf11411 - - - - -] Provisioning complete for port 10c149f6-c905-41e4-bab6-bdb7879f3715 triggered by entity L2. provisioning_complete /usr/lib/python2.7/site-packages/neutron/db/provisioning_blocks.py:138
2018-06-27 22:57:55.925 15530 DEBUG neutron_lib.callbacks.manager [req-45cc798d-c9a8-4358-b960-8f0cfdf11411 - - - - -] Notify callbacks ['neutron.plugins.ml2.plugin.Ml2Plugin._port_provisioned-1459150'] for port, provisioning_complete _notify_loop /usr/lib/python2.7/site-packages/neutron_lib/callbacks/manager.py:167
2018-06-27 22:57:56.165 15537 DEBUG novaclient.v2.client [-] REQ: curl -g -i -X POST http://10.0.20.28:8774/v2.1/0756a888a15d4216915a13bf41cedcba/os-server-external-events -H "User-Agent: python-novaclient" -H "Content-Type: application/json" -H "Accept: application/json" -H "X-OpenStack-Nova-API-Version: 2.1" -H "X-Auth-Token: {SHA1}e5fa2a2096972a1eb40e38eb8e42cd01b6a9b3ba" -d '{"events": [{"status": "completed", "tag": "10c149f6-c905-41e4-bab6-bdb7879f3715", "name": "network-vif-plugged", "server_uuid": "c47b07d9-7f3f-4493-85fa-acb6d6eb045f"}]}' _http_log_request /usr/lib/python2.7/site-packages/keystoneauth1/session.py:375
2018-06-27 22:57:56.324 15539 DEBUG neutron_lib.callbacks.manager [req-95347de5-5648-4384-a76f-446e9e0e08b3 - - - - -] Notify callbacks ['neutron.services.segments.db._update_segment_host_mapping_for_agent-8744021209936'] for agent, after_update _notify_loop /usr/lib/python2.7/site-packages/neutron_lib/callbacks/manager.py:167
2018-06-27 22:57:57.244 15537 DEBUG novaclient.v2.client [-] RESP: [200] Content-Length: 183 Content-Type: application/json Openstack-Api-Version: compute 2.1 X-Openstack-Nova-Api-Version: 2.1 Vary: OpenStack-API-Version, X-OpenStack-Nova-API-Version X-Openstack-Request-Id: req-fe87ad43-538c-43ae-ab2f-f95656f5e1fc X-Compute-Request-Id: req-fe87ad43-538c-43ae-ab2f-f95656f5e1fc Date: Wed, 27 Jun 2018 20:57:57 GMT Connection: keep-alive 
RESP BODY: {"events": [{"status": "completed", "tag": "10c149f6-c905-41e4-bab6-bdb7879f3715", "name": "network-vif-plugged", "server_uuid": "c47b07d9-7f3f-4493-85fa-acb6d6eb045f", "code": 200}]}
 _http_log_response /usr/lib/python2.7/site-packages/keystoneauth1/session.py:423
2018-06-27 22:57:57.245 15537 DEBUG novaclient.v2.client [-] POST call to compute for http://10.0.20.28:8774/v2.1/0756a888a15d4216915a13bf41cedcba/os-server-external-events used request id req-fe87ad43-538c-43ae-ab2f-f95656f5e1fc request /usr/lib/python2.7/site-packages/keystoneauth1/session.py:727
2018-06-27 22:57:57.255 15537 INFO neutron.notifiers.nova [-] Nova event response: {u'status': u'completed', u'tag': u'10c149f6-c905-41e4-bab6-bdb7879f3715', u'name': u'network-vif-plugged', u'server_uuid': u'c47b07d9-7f3f-4493-85fa-acb6d6eb045f', u'code': 200}
2018-06-27 22:57:57.411 15532 DEBUG neutron_lib.callbacks.manager [req-0bb26e95-8102-4a70-a6c8-c0d6a52c0196 - - - - -] Notify callbacks ['neutron.services.segments.db._update_segment_host_mapping_for_agent-8744021209936'] for agent, after_update _notify_loop /usr/lib/python2.7/site-packages/neutron_lib/callbacks/manager.py:167
2018-06-27 22:57:59.259 15537 DEBUG oslo_concurrency.lockutils [-] Lock "notifier-47fce3ab-5dc5-4716-a96b-154f2fec0be4" released by "neutron.notifiers.batch_notifier.synced_send" :: held 5.051s inner /usr/lib/python2.7/site-packages/oslo_concurrency/lockutils.py:282
2018-06-27 22:58:00.710 15540 DEBUG neutron.db.agents_db [req-ab673420-aeee-4ed5-9c24-e74c716119c1 - - - - -] Agent healthcheck: found 5 active agents agent_health_check /usr/lib/python2.7/site-packages/neutron/db/agents_db.py:281
2018-06-27 22:58:05.309 15531 DEBUG neutron_lib.callbacks.manager [req-45cc798d-c9a8-4358-b960-8f0cfdf11411 - - - - -] Notify callbacks ['neutron.services.segments.db._update_segment_host_mapping_for_agent-8744021209936'] for agent, after_update _notify_loop /usr/lib/python2.7/site-packages/neutron_lib/callbacks/manager.py:167
2018-06-27 22:58:08.448 15525 INFO neutron.wsgi [req-d53dd6dd-27ef-4830-9e7f-59fca1cf623d 1358995fc64e4304a320c2f371ea2612 22c73ccc7ddd42bca60c3f54af2468f9 - bcec681ed3d34aa5b0b4e3cd8c6c3f06 bcec681ed3d34aa5b0b4e3cd8c6c3f06] 10.0.20.28 "GET /v2.0/ports?device_id=c47b07d9-7f3f-4493-85fa-acb6d6eb045f HTTP/1.1" status: 200  len: 1125 time: 1.5217259
2018-06-27 22:58:08.589 15525 INFO neutron.wsgi [req-39c5b5d0-baff-4803-b153-892eea4f5d05 1358995fc64e4304a320c2f371ea2612 22c73ccc7ddd42bca60c3f54af2468f9 - bcec681ed3d34aa5b0b4e3cd8c6c3f06 bcec681ed3d34aa5b0b4e3cd8c6c3f06] 10.0.20.28 "GET /v2.0/security-groups?id=a96e6057-6cd5-430d-a904-d65a3ff338d8 HTTP/1.1" status: 200  len: 2118 time: 0.1304941
2018-06-27 22:58:11.399 15536 DEBUG neutron_lib.callbacks.manager [req-b93fe676-7616-4a07-bc28-4c668837f4b3 - - - - -] Notify callbacks ['neutron.services.segments.db._update_segment_host_mapping_for_agent-8744021209936'] for agent, after_update _notify_loop /usr/lib/python2.7/site-packages/neutron_lib/callbacks/manager.py:167
2018-06-27 22:58:12.817 15533 DEBUG neutron_lib.callbacks.manager [req-752ed2ed-f11a-49cd-a3c5-437bfbafa686 - - - - -] Notify callbacks ['neutron.services.segments.db._update_segment_host_mapping_for_agent-8744021209936'] for agent, after_update _notify_loop /usr/lib/python2.7/site-packages/neutron_lib/callbacks/manager.py:167
2018-06-27 22:58:26.305 15537 DEBUG neutron_lib.callbacks.manager [req-5d3e6115-9b4d-4be0-83c1-d136a4521350 - - - - -] Notify callbacks ['neutron.services.segments.db._update_segment_host_mapping_for_agent-8744021209936'] for agent, after_update _notify_loop /usr/lib/python2.7/site-packages/neutron_lib/callbacks/manager.py:167
2018-06-27 22:58:26.907 15525 INFO neutron.wsgi [req-5c6b3fc9-7e56-4f4f-ace6-c00397ac62d3 75fa4703edb245b7af4eedb4f8abb678 0756a888a15d4216915a13bf41cedcba - default default] 10.0.20.28 "GET /v2.0/ports?device_id=c47b07d9-7f3f-4493-85fa-acb6d6eb045f HTTP/1.1" status: 200  len: 1125 time: 0.1524251
2018-06-27 22:58:27.029 15525 INFO neutron.wsgi [req-e73d592e-55c4-4b1f-814f-e3bcf5170d09 75fa4703edb245b7af4eedb4f8abb678 0756a888a15d4216915a13bf41cedcba - default default] 10.0.20.28 "GET /v2.0/security-groups?id=a96e6057-6cd5-430d-a904-d65a3ff338d8 HTTP/1.1" status: 200  len: 2118 time: 0.1134841
2018-06-27 22:58:27.393 15538 DEBUG neutron_lib.callbacks.manager [req-0bb26e95-8102-4a70-a6c8-c0d6a52c0196 - - - - -] Notify callbacks ['neutron.services.segments.db._update_segment_host_mapping_for_agent-8744021209936'] for agent, after_update _notify_loop /usr/lib/python2.7/site-packages/neutron_lib/callbacks/manager.py:167
2018-06-27 22:58:28.616 15527 INFO neutron.wsgi [req-137132a3-7fa2-40e6-8a1e-f22c837cbfa0 75fa4703edb245b7af4eedb4f8abb678 0756a888a15d4216915a13bf41cedcba - default default] 10.0.20.28 "GET /v2.0/ports?device_id=c47b07d9-7f3f-4493-85fa-acb6d6eb045f HTTP/1.1" status: 200  len: 1125 time: 0.1137202
2018-06-27 22:58:28.729 15527 INFO neutron.wsgi [req-97d59c6f-c719-4906-a76b-e3336c482c4e 75fa4703edb245b7af4eedb4f8abb678 0756a888a15d4216915a13bf41cedcba - default default] 10.0.20.28 "GET /v2.0/security-groups?id=a96e6057-6cd5-430d-a904-d65a3ff338d8 HTTP/1.1" status: 200  len: 2118 time: 0.1094270
2018-06-27 22:58:30.720 15525 INFO neutron.wsgi [req-53c4be9c-0980-42ef-bb4a-6ac33ec24d07 75fa4703edb245b7af4eedb4f8abb678 0756a888a15d4216915a13bf41cedcba - default default] 10.0.20.28 "GET /v2.0/ports?device_id=c47b07d9-7f3f-4493-85fa-acb6d6eb045f HTTP/1.1" status: 200  len: 1125 time: 0.4950578
2018-06-27 22:58:30.810 15525 INFO neutron.wsgi [req-d994b293-a36d-4acc-a33e-0a70fe046cf5 75fa4703edb245b7af4eedb4f8abb678 0756a888a15d4216915a13bf41cedcba - default default] 10.0.20.28 "GET /v2.0/security-groups?id=a96e6057-6cd5-430d-a904-d65a3ff338d8 HTTP/1.1" status: 200  len: 2118 time: 0.0848188
2018-06-27 22:58:31.345 15528 INFO neutron.wsgi [req-52a1612f-edf1-491d-b2e5-68040579e5df 75fa4703edb245b7af4eedb4f8abb678 0756a888a15d4216915a13bf41cedcba - default default] 10.0.20.28 "GET /v2.0/ports?device_id=c47b07d9-7f3f-4493-85fa-acb6d6eb045f HTTP/1.1" status: 200  len: 1125 time: 0.1366062
2018-06-27 22:58:31.479 15528 INFO neutron.wsgi [req-23c15ffb-6a5f-4ba5-bdbf-cf875af9dd37 75fa4703edb245b7af4eedb4f8abb678 0756a888a15d4216915a13bf41cedcba - default default] 10.0.20.28 "GET /v2.0/security-groups?id=a96e6057-6cd5-430d-a904-d65a3ff338d8 HTTP/1.1" status: 200  len: 2118 time: 0.1266420
2018-06-27 22:58:32.300 15526 INFO neutron.wsgi [req-b3402060-e8a8-403a-b8ab-6d80081bba99 75fa4703edb245b7af4eedb4f8abb678 0756a888a15d4216915a13bf41cedcba - default default] 10.0.20.28 "GET /v2.0/ports?device_id=c47b07d9-7f3f-4493-85fa-acb6d6eb045f HTTP/1.1" status: 200  len: 1125 time: 0.1304309
2018-06-27 22:58:32.448 15526 INFO neutron.wsgi [req-bb671a78-7bb0-45fe-bc97-02fb666d0780 75fa4703edb245b7af4eedb4f8abb678 0756a888a15d4216915a13bf41cedcba - default default] 10.0.20.28 "GET /v2.0/security-groups?id=a96e6057-6cd5-430d-a904-d65a3ff338d8 HTTP/1.1" status: 200  len: 2118 time: 0.1411481
2018-06-27 22:58:34.395 15525 INFO neutron.wsgi [req-69af49f3-478b-4e8f-a2ea-be1e798f5c19 75fa4703edb245b7af4eedb4f8abb678 0756a888a15d4216915a13bf41cedcba - default default] 10.0.20.28 "GET /v2.0/ports?device_id=c47b07d9-7f3f-4493-85fa-acb6d6eb045f HTTP/1.1" status: 200  len: 1125 time: 0.1148541
2018-06-27 22:58:34.498 15525 INFO neutron.wsgi [req-f0f2b8ee-c5cd-4741-8591-456637c7e4d9 75fa4703edb245b7af4eedb4f8abb678 0756a888a15d4216915a13bf41cedcba - default default] 10.0.20.28 "GET /v2.0/security-groups?id=a96e6057-6cd5-430d-a904-d65a3ff338d8 HTTP/1.1" status: 200  len: 2118 time: 0.0969138
2018-06-27 22:58:35.212 15526 INFO neutron.wsgi [req-68bd9beb-5a8a-43de-a1b0-e913ed8bf7d4 75fa4703edb245b7af4eedb4f8abb678 0756a888a15d4216915a13bf41cedcba - default default] 10.0.20.28 "GET /v2.0/ports?device_id=c47b07d9-7f3f-4493-85fa-acb6d6eb045f HTTP/1.1" status: 200  len: 1125 time: 0.1096740
2018-06-27 22:58:35.269 15535 DEBUG neutron_lib.callbacks.manager [req-45cc798d-c9a8-4358-b960-8f0cfdf11411 - - - - -] Notify callbacks ['neutron.services.segments.db._update_segment_host_mapping_for_agent-8744021209936'] for agent, after_update _notify_loop /usr/lib/python2.7/site-packages/neutron_lib/callbacks/manager.py:167
2018-06-27 22:58:35.339 15526 INFO neutron.wsgi [req-05814796-dc05-4063-9e82-f6f72d48a68d 75fa4703edb245b7af4eedb4f8abb678 0756a888a15d4216915a13bf41cedcba - default default] 10.0.20.28 "GET /v2.0/security-groups?id=a96e6057-6cd5-430d-a904-d65a3ff338d8 HTTP/1.1" status: 200  len: 2118 time: 0.1177239
2018-06-27 22:58:37.705 15540 DEBUG neutron.db.agents_db [req-ab673420-aeee-4ed5-9c24-e74c716119c1 - - - - -] Agent healthcheck: found 5 active agents agent_health_check /usr/lib/python2.7/site-packages/neutron/db/agents_db.py:281
2018-06-27 22:58:41.376 15530 DEBUG neutron_lib.callbacks.manager [req-ecc59dde-ea91-4329-86ce-f51d28e3db8e - - - - -] Notify callbacks ['neutron.services.segments.db._update_segment_host_mapping_for_agent-8744021209936'] for agent, after_update _notify_loop /usr/lib/python2.7/site-packages/neutron_lib/callbacks/manager.py:167
2018-06-27 22:58:42.784 15539 DEBUG neutron_lib.callbacks.manager [req-752ed2ed-f11a-49cd-a3c5-437bfbafa686 - - - - -] Notify callbacks ['neutron.services.segments.db._update_segment_host_mapping_for_agent-8744021209936'] for agent, after_update _notify_loop /usr/lib/python2.7/site-packages/neutron_lib/callbacks/manager.py:167
2018-06-27 22:58:53.813 15522 INFO neutron.wsgi [req-6819633d-b064-46f3-aaa4-40270cf0ad71 75fa4703edb245b7af4eedb4f8abb678 0756a888a15d4216915a13bf41cedcba - default default] 10.0.20.28 "GET /v2.0/ports?tenant_id=22c73ccc7ddd42bca60c3f54af2468f9&device_id=c47b07d9-7f3f-4493-85fa-acb6d6eb045f HTTP/1.1" status: 200  len: 1125 time: 0.1473339
2018-06-27 22:58:54.072 15522 DEBUG neutron.pecan_wsgi.hooks.policy_enforcement [req-ebd720e3-978d-4b14-9098-26961e5f7703 75fa4703edb245b7af4eedb4f8abb678 0756a888a15d4216915a13bf41cedcba - default default] Attributes excluded by policy engine: [u'vlan_transparent'] _exclude_attributes_by_policy /usr/lib/python2.7/site-packages/neutron/pecan_wsgi/hooks/policy_enforcement.py:256
2018-06-27 22:58:54.076 15522 INFO neutron.wsgi [req-ebd720e3-978d-4b14-9098-26961e5f7703 75fa4703edb245b7af4eedb4f8abb678 0756a888a15d4216915a13bf41cedcba - default default] 10.0.20.28 "GET /v2.0/networks?id=a241aa22-6491-4b0d-a628-92f4d14232c7 HTTP/1.1" status: 200  len: 885 time: 0.2555549
2018-06-27 22:58:54.122 15522 INFO neutron.wsgi [req-feaeda42-256e-4f23-92b6-5e3db618ea34 75fa4703edb245b7af4eedb4f8abb678 0756a888a15d4216915a13bf41cedcba - default default] 10.0.20.28 "GET /v2.0/floatingips?fixed_ip_address=11.160.1.12&port_id=10c149f6-c905-41e4-bab6-bdb7879f3715 HTTP/1.1" status: 200  len: 751 time: 0.0397871
2018-06-27 22:58:54.235 15522 DEBUG neutron.pecan_wsgi.hooks.policy_enforcement [req-6ea91c18-5b35-43fc-b877-b502d1263aa5 75fa4703edb245b7af4eedb4f8abb678 0756a888a15d4216915a13bf41cedcba - default default] Attributes excluded by policy engine: [u'shared'] _exclude_attributes_by_policy /usr/lib/python2.7/site-packages/neutron/pecan_wsgi/hooks/policy_enforcement.py:256
2018-06-27 22:58:54.237 15522 INFO neutron.wsgi [req-6ea91c18-5b35-43fc-b877-b502d1263aa5 75fa4703edb245b7af4eedb4f8abb678 0756a888a15d4216915a13bf41cedcba - default default] 10.0.20.28 "GET /v2.0/subnets?id=0f1beff9-c543-4514-8ce8-5289ede315cd HTTP/1.1" status: 200  len: 847 time: 0.1091959
2018-06-27 22:58:54.353 15522 INFO neutron.wsgi [req-2f3c4ff9-f75c-4569-a163-fe0aee4f87ec 75fa4703edb245b7af4eedb4f8abb678 0756a888a15d4216915a13bf41cedcba - default default] 10.0.20.28 "GET /v2.0/ports?network_id=a241aa22-6491-4b0d-a628-92f4d14232c7&device_owner=network%3Adhcp HTTP/1.1" status: 200  len: 1128 time: 0.1102781
2018-06-27 22:58:56.295 15532 DEBUG neutron_lib.callbacks.manager [req-1eb8b6ce-aaeb-4c41-a43b-1e48ff2828a8 - - - - -] Notify callbacks ['neutron.services.segments.db._update_segment_host_mapping_for_agent-8744021209936'] for agent, after_update _notify_loop /usr/lib/python2.7/site-packages/neutron_lib/callbacks/manager.py:167
2018-06-27 22:58:57.043 15528 DEBUG neutron.wsgi [-] (15528) accepted ('10.0.20.28', 43704) server /usr/lib/python2.7/site-packages/eventlet/wsgi.py:883
2018-06-27 22:58:57.047 15528 INFO neutron.wsgi [-] 10.0.20.28 "GET / HTTP/1.1" status: 200  len: 252 time: 0.0022650
2018-06-27 22:58:57.392 15531 DEBUG neutron_lib.callbacks.manager [req-0bb26e95-8102-4a70-a6c8-c0d6a52c0196 - - - - -] Notify callbacks ['neutron.services.segments.db._update_segment_host_mapping_for_agent-8744021209936'] for agent, after_update _notify_loop /usr/lib/python2.7/site-packages/neutron_lib/callbacks/manager.py:167
2018-06-27 22:58:57.506 15528 INFO neutron.api.v2.resource [req-fa65bd73-1145-45f6-9893-8c6907e0bd42 1358995fc64e4304a320c2f371ea2612 22c73ccc7ddd42bca60c3f54af2468f9 - bcec681ed3d34aa5b0b4e3cd8c6c3f06 bcec681ed3d34aa5b0b4e3cd8c6c3f06] show failed (client error): The resource could not be found.
2018-06-27 22:58:57.509 15528 INFO neutron.wsgi [req-fa65bd73-1145-45f6-9893-8c6907e0bd42 1358995fc64e4304a320c2f371ea2612 22c73ccc7ddd42bca60c3f54af2468f9 - bcec681ed3d34aa5b0b4e3cd8c6c3f06 bcec681ed3d34aa5b0b4e3cd8c6c3f06] 10.0.20.28 "GET /v2.0/floatingips/172.24.4.9 HTTP/1.1" status: 404  len: 325 time: 0.4580312
2018-06-27 22:58:57.582 15528 INFO neutron.wsgi [req-6d34ea51-8ac5-4f90-90e9-249bf51a2695 1358995fc64e4304a320c2f371ea2612 22c73ccc7ddd42bca60c3f54af2468f9 - bcec681ed3d34aa5b0b4e3cd8c6c3f06 bcec681ed3d34aa5b0b4e3cd8c6c3f06] 10.0.20.28 "GET /v2.0/floatingips HTTP/1.1" status: 200  len: 751 time: 0.0678411
2018-06-27 22:58:57.675 15528 DEBUG neutron.plugins.ml2.plugin [req-6e22fd15-d277-46e6-b69b-f24f2a761ee8 1358995fc64e4304a320c2f371ea2612 22c73ccc7ddd42bca60c3f54af2468f9 - bcec681ed3d34aa5b0b4e3cd8c6c3f06 bcec681ed3d34aa5b0b4e3cd8c6c3f06] Deleting port aca72ef8-165a-4e7e-8493-382f5d4e5a63 _pre_delete_port /usr/lib/python2.7/site-packages/neutron/plugins/ml2/plugin.py:1488
2018-06-27 22:58:57.676 15528 DEBUG neutron_lib.callbacks.manager [req-6e22fd15-d277-46e6-b69b-f24f2a761ee8 1358995fc64e4304a320c2f371ea2612 22c73ccc7ddd42bca60c3f54af2468f9 - bcec681ed3d34aa5b0b4e3cd8c6c3f06 bcec681ed3d34aa5b0b4e3cd8c6c3f06] Notify callbacks ['neutron.db.l3_db._prevent_l3_port_delete_callback--9223363292833358580'] for port, before_delete _notify_loop /usr/lib/python2.7/site-packages/neutron_lib/callbacks/manager.py:167
2018-06-27 22:58:58.012 15528 DEBUG neutron.plugins.ml2.plugin [req-6e22fd15-d277-46e6-b69b-f24f2a761ee8 1358995fc64e4304a320c2f371ea2612 22c73ccc7ddd42bca60c3f54af2468f9 - bcec681ed3d34aa5b0b4e3cd8c6c3f06 bcec681ed3d34aa5b0b4e3cd8c6c3f06] Calling delete_port for aca72ef8-165a-4e7e-8493-382f5d4e5a63 owned by network:floatingip delete_port /usr/lib/python2.7/site-packages/neutron/plugins/ml2/plugin.py:1547
