2018-06-27 22:50:56.270 15531 DEBUG neutron_lib.callbacks.manager [req-81e780fb-43b7-44b9-b7b7-88d5f6bc26a7 - - - - -] Notify callbacks ['neutron.services.segments.db._update_segment_host_mapping_for_agent-8744021209936'] for agent, after_update _notify_loop /usr/lib/python2.7/site-packages/neutron_lib/callbacks/manager.py:167
2018-06-27 22:50:57.335 15536 DEBUG neutron_lib.callbacks.manager [req-0bb26e95-8102-4a70-a6c8-c0d6a52c0196 - - - - -] Notify callbacks ['neutron.services.segments.db._update_segment_host_mapping_for_agent-8744021209936'] for agent, after_update _notify_loop /usr/lib/python2.7/site-packages/neutron_lib/callbacks/manager.py:167
2018-06-27 22:51:05.286 15533 DEBUG neutron_lib.callbacks.manager [req-45cc798d-c9a8-4358-b960-8f0cfdf11411 - - - - -] Notify callbacks ['neutron.services.segments.db._update_segment_host_mapping_for_agent-8744021209936'] for agent, after_update _notify_loop /usr/lib/python2.7/site-packages/neutron_lib/callbacks/manager.py:167
2018-06-27 22:51:11.367 15537 DEBUG neutron_lib.callbacks.manager [req-a340e1f7-d26e-4224-9470-55fe35fbf6c7 - - - - -] Notify callbacks ['neutron.services.segments.db._update_segment_host_mapping_for_agent-8744021209936'] for agent, after_update _notify_loop /usr/lib/python2.7/site-packages/neutron_lib/callbacks/manager.py:167
2018-06-27 22:51:12.792 15538 DEBUG neutron_lib.callbacks.manager [req-752ed2ed-f11a-49cd-a3c5-437bfbafa686 - - - - -] Notify callbacks ['neutron.services.segments.db._update_segment_host_mapping_for_agent-8744021209936'] for agent, after_update _notify_loop /usr/lib/python2.7/site-packages/neutron_lib/callbacks/manager.py:167
2018-06-27 22:51:13.655 15540 DEBUG neutron.db.agents_db [req-ab673420-aeee-4ed5-9c24-e74c716119c1 - - - - -] Agent healthcheck: found 5 active agents agent_health_check /usr/lib/python2.7/site-packages/neutron/db/agents_db.py:281
2018-06-27 22:51:23.005 15527 INFO neutron.wsgi [req-2a68aaa3-f9e4-455f-9395-f5eedd4f6c6c 0d36523847b7437682a959abed3e6696 0756a888a15d4216915a13bf41cedcba - default default] 10.0.20.28 "GET /v2.0/ports?device_id=d24851e8-313f-433c-a25f-5b2d4fc66079 HTTP/1.1" status: 200  len: 210 time: 0.1053638
2018-06-27 22:51:26.264 15535 DEBUG neutron_lib.callbacks.manager [req-786eaae1-aeb4-45d2-9605-3329c98ac1a9 - - - - -] Notify callbacks ['neutron.services.segments.db._update_segment_host_mapping_for_agent-8744021209936'] for agent, after_update _notify_loop /usr/lib/python2.7/site-packages/neutron_lib/callbacks/manager.py:167
2018-06-27 22:51:27.352 15530 DEBUG neutron_lib.callbacks.manager [req-0bb26e95-8102-4a70-a6c8-c0d6a52c0196 - - - - -] Notify callbacks ['neutron.services.segments.db._update_segment_host_mapping_for_agent-8744021209936'] for agent, after_update _notify_loop /usr/lib/python2.7/site-packages/neutron_lib/callbacks/manager.py:167
2018-06-27 22:51:35.291 15539 DEBUG neutron_lib.callbacks.manager [req-45cc798d-c9a8-4358-b960-8f0cfdf11411 - - - - -] Notify callbacks ['neutron.services.segments.db._update_segment_host_mapping_for_agent-8744021209936'] for agent, after_update _notify_loop /usr/lib/python2.7/site-packages/neutron_lib/callbacks/manager.py:167
2018-06-27 22:51:40.682 15529 INFO neutron.wsgi [req-2a2ad424-db78-4bff-9531-2496d3c91b3e 0d36523847b7437682a959abed3e6696 0756a888a15d4216915a13bf41cedcba - default default] 10.0.20.28 "GET /v2.0/ports?device_id=d24851e8-313f-433c-a25f-5b2d4fc66079 HTTP/1.1" status: 200  len: 210 time: 0.7591989
2018-06-27 22:51:41.376 15532 DEBUG neutron_lib.callbacks.manager [req-cb9848ec-808e-4539-906c-65ddab08543e - - - - -] Notify callbacks ['neutron.services.segments.db._update_segment_host_mapping_for_agent-8744021209936'] for agent, after_update _notify_loop /usr/lib/python2.7/site-packages/neutron_lib/callbacks/manager.py:167
2018-06-27 22:51:41.816 15529 DEBUG neutron.wsgi [-] (15529) accepted ('10.0.20.28', 33908) server /usr/lib/python2.7/site-packages/eventlet/wsgi.py:883
2018-06-27 22:51:41.819 15529 INFO neutron.wsgi [-] 10.0.20.28 "GET / HTTP/1.1" status: 200  len: 252 time: 0.0021181
2018-06-27 22:51:42.383 15529 DEBUG neutron.pecan_wsgi.hooks.policy_enforcement [req-6f01c619-f9b6-44c8-a241-4323fefa239a 1358995fc64e4304a320c2f371ea2612 22c73ccc7ddd42bca60c3f54af2468f9 - bcec681ed3d34aa5b0b4e3cd8c6c3f06 bcec681ed3d34aa5b0b4e3cd8c6c3f06] Attributes excluded by policy engine: [u'shared', u'segment_id'] _exclude_attributes_by_policy /usr/lib/python2.7/site-packages/neutron/pecan_wsgi/hooks/policy_enforcement.py:256
2018-06-27 22:51:42.384 15529 DEBUG neutron.pecan_wsgi.hooks.policy_enforcement [req-6f01c619-f9b6-44c8-a241-4323fefa239a 1358995fc64e4304a320c2f371ea2612 22c73ccc7ddd42bca60c3f54af2468f9 - bcec681ed3d34aa5b0b4e3cd8c6c3f06 bcec681ed3d34aa5b0b4e3cd8c6c3f06] Attributes excluded by policy engine: [u'shared', u'segment_id'] _exclude_attributes_by_policy /usr/lib/python2.7/site-packages/neutron/pecan_wsgi/hooks/policy_enforcement.py:256
2018-06-27 22:51:42.385 15529 INFO neutron.wsgi [req-6f01c619-f9b6-44c8-a241-4323fefa239a 1358995fc64e4304a320c2f371ea2612 22c73ccc7ddd42bca60c3f54af2468f9 - bcec681ed3d34aa5b0b4e3cd8c6c3f06 bcec681ed3d34aa5b0b4e3cd8c6c3f06] 10.0.20.28 "GET /v2.0/subnets HTTP/1.1" status: 200  len: 1419 time: 0.5606680
2018-06-27 22:51:42.823 15531 DEBUG neutron_lib.callbacks.manager [req-752ed2ed-f11a-49cd-a3c5-437bfbafa686 - - - - -] Notify callbacks ['neutron.services.segments.db._update_segment_host_mapping_for_agent-8744021209936'] for agent, after_update _notify_loop /usr/lib/python2.7/site-packages/neutron_lib/callbacks/manager.py:167
2018-06-27 22:51:50.667 15540 DEBUG neutron.db.agents_db [req-ab673420-aeee-4ed5-9c24-e74c716119c1 - - - - -] Agent healthcheck: found 5 active agents agent_health_check /usr/lib/python2.7/site-packages/neutron/db/agents_db.py:281
2018-06-27 22:51:50.888 15522 INFO neutron.wsgi [req-48235d3b-0cfd-4a1e-b569-0f6690b43a6f 75fa4703edb245b7af4eedb4f8abb678 0756a888a15d4216915a13bf41cedcba - default default] 10.0.20.28 "GET /v2.0/ports?tenant_id=eae0a715a29b4ea38ef5bf4507b93fe6&device_id=d24851e8-313f-433c-a25f-5b2d4fc66079 HTTP/1.1" status: 200  len: 210 time: 0.0780361
2018-06-27 22:51:50.942 15522 INFO neutron.wsgi [req-d1fe869f-8472-414e-aba1-4dbf29dcc6e9 75fa4703edb245b7af4eedb4f8abb678 0756a888a15d4216915a13bf41cedcba - default default] 10.0.20.28 "GET /v2.0/networks?tenant_id=eae0a715a29b4ea38ef5bf4507b93fe6&shared=False HTTP/1.1" status: 200  len: 213 time: 0.0490420
2018-06-27 22:51:50.996 15522 INFO neutron.wsgi [req-2615b61f-d64f-4213-a9b5-b5d3c0eb6684 75fa4703edb245b7af4eedb4f8abb678 0756a888a15d4216915a13bf41cedcba - default default] 10.0.20.28 "GET /v2.0/networks?shared=True HTTP/1.1" status: 200  len: 213 time: 0.0491600
2018-06-27 22:51:56.257 15536 DEBUG neutron_lib.callbacks.manager [req-a675841b-be48-4de1-9ef9-35bc6950f583 - - - - -] Notify callbacks ['neutron.services.segments.db._update_segment_host_mapping_for_agent-8744021209936'] for agent, after_update _notify_loop /usr/lib/python2.7/site-packages/neutron_lib/callbacks/manager.py:167
2018-06-27 22:51:57.339 15533 DEBUG neutron_lib.callbacks.manager [req-0bb26e95-8102-4a70-a6c8-c0d6a52c0196 - - - - -] Notify callbacks ['neutron.services.segments.db._update_segment_host_mapping_for_agent-8744021209936'] for agent, after_update _notify_loop /usr/lib/python2.7/site-packages/neutron_lib/callbacks/manager.py:167
2018-06-27 22:52:05.290 15537 DEBUG neutron_lib.callbacks.manager [req-45cc798d-c9a8-4358-b960-8f0cfdf11411 - - - - -] Notify callbacks ['neutron.services.segments.db._update_segment_host_mapping_for_agent-8744021209936'] for agent, after_update _notify_loop /usr/lib/python2.7/site-packages/neutron_lib/callbacks/manager.py:167
2018-06-27 22:52:11.369 15538 DEBUG neutron_lib.callbacks.manager [req-665becce-995e-4895-90bd-d01194d54a56 - - - - -] Notify callbacks ['neutron.services.segments.db._update_segment_host_mapping_for_agent-8744021209936'] for agent, after_update _notify_loop /usr/lib/python2.7/site-packages/neutron_lib/callbacks/manager.py:167
2018-06-27 22:52:12.794 15535 DEBUG neutron_lib.callbacks.manager [req-752ed2ed-f11a-49cd-a3c5-437bfbafa686 - - - - -] Notify callbacks ['neutron.services.segments.db._update_segment_host_mapping_for_agent-8744021209936'] for agent, after_update _notify_loop /usr/lib/python2.7/site-packages/neutron_lib/callbacks/manager.py:167
2018-06-27 22:52:25.497 15528 DEBUG neutron.wsgi [-] (15528) accepted ('10.0.20.28', 35038) server /usr/lib/python2.7/site-packages/eventlet/wsgi.py:883
2018-06-27 22:52:25.506 15528 INFO neutron.wsgi [-] 10.0.20.28 "GET / HTTP/1.1" status: 200  len: 252 time: 0.0043011
2018-06-27 22:52:25.954 15528 DEBUG neutron.api.v2.base [req-b3f0b397-9165-47cb-8974-99c6822fb24d 1358995fc64e4304a320c2f371ea2612 22c73ccc7ddd42bca60c3f54af2468f9 - bcec681ed3d34aa5b0b4e3cd8c6c3f06 bcec681ed3d34aa5b0b4e3cd8c6c3f06] Request body: {u'security_group': {u'name': u'tempest-SECURITY_GROUP_SAMPLE-1530132660', u'description': u'tempest-SECURITY_GROUP_SAMPLE-1530132660'}} prepare_request_body /usr/lib/python2.7/site-packages/neutron/api/v2/base.py:695
2018-06-27 22:52:25.965 15528 DEBUG neutron.db.quota.driver [req-b3f0b397-9165-47cb-8974-99c6822fb24d 1358995fc64e4304a320c2f371ea2612 22c73ccc7ddd42bca60c3f54af2468f9 - bcec681ed3d34aa5b0b4e3cd8c6c3f06 bcec681ed3d34aa5b0b4e3cd8c6c3f06] Resources subnetpool have unlimited quota limit. It is not required to calculate headroom  make_reservation /usr/lib/python2.7/site-packages/neutron/db/quota/driver.py:223
2018-06-27 22:52:25.974 15528 DEBUG neutron.quota.resource [req-b3f0b397-9165-47cb-8974-99c6822fb24d 1358995fc64e4304a320c2f371ea2612 22c73ccc7ddd42bca60c3f54af2468f9 - bcec681ed3d34aa5b0b4e3cd8c6c3f06 bcec681ed3d34aa5b0b4e3cd8c6c3f06] Usage tracker for resource:security_group and tenant:22c73ccc7ddd42bca60c3f54af2468f9 is out of sync, need to count used quota count_used /usr/lib/python2.7/site-packages/neutron/quota/resource.py:274
2018-06-27 22:52:25.984 15528 DEBUG neutron.quota.resource [req-b3f0b397-9165-47cb-8974-99c6822fb24d 1358995fc64e4304a320c2f371ea2612 22c73ccc7ddd42bca60c3f54af2468f9 - bcec681ed3d34aa5b0b4e3cd8c6c3f06 bcec681ed3d34aa5b0b4e3cd8c6c3f06] Quota usage for security_group was recalculated. Used quota:0. count_used /usr/lib/python2.7/site-packages/neutron/quota/resource.py:293
2018-06-27 22:52:25.996 15528 DEBUG neutron.db.quota.driver [req-b3f0b397-9165-47cb-8974-99c6822fb24d 1358995fc64e4304a320c2f371ea2612 22c73ccc7ddd42bca60c3f54af2468f9 - bcec681ed3d34aa5b0b4e3cd8c6c3f06 bcec681ed3d34aa5b0b4e3cd8c6c3f06] Attempting to reserve 1 items for resource security_group. Total usage: 0; quota limit: 10; headroom:10 make_reservation /usr/lib/python2.7/site-packages/neutron/db/quota/driver.py:255
2018-06-27 22:52:26.044 15528 DEBUG neutron_lib.callbacks.manager [req-b3f0b397-9165-47cb-8974-99c6822fb24d 1358995fc64e4304a320c2f371ea2612 22c73ccc7ddd42bca60c3f54af2468f9 - bcec681ed3d34aa5b0b4e3cd8c6c3f06 bcec681ed3d34aa5b0b4e3cd8c6c3f06] Notify callbacks [] for security_group, before_create _notify_loop /usr/lib/python2.7/site-packages/neutron_lib/callbacks/manager.py:167
2018-06-27 22:52:26.077 15528 DEBUG neutron_lib.callbacks.manager [req-b3f0b397-9165-47cb-8974-99c6822fb24d 1358995fc64e4304a320c2f371ea2612 22c73ccc7ddd42bca60c3f54af2468f9 - bcec681ed3d34aa5b0b4e3cd8c6c3f06 bcec681ed3d34aa5b0b4e3cd8c6c3f06] Notify callbacks [] for security_group, before_create _notify_loop /usr/lib/python2.7/site-packages/neutron_lib/callbacks/manager.py:167
2018-06-27 22:52:26.266 15530 DEBUG neutron_lib.callbacks.manager [req-c0aefc55-293b-4ea6-94af-40f951780449 - - - - -] Notify callbacks ['neutron.services.segments.db._update_segment_host_mapping_for_agent-8744021209936'] for agent, after_update _notify_loop /usr/lib/python2.7/site-packages/neutron_lib/callbacks/manager.py:167
2018-06-27 22:52:27.117 15528 DEBUG neutron_lib.callbacks.manager [req-b3f0b397-9165-47cb-8974-99c6822fb24d 1358995fc64e4304a320c2f371ea2612 22c73ccc7ddd42bca60c3f54af2468f9 - bcec681ed3d34aa5b0b4e3cd8c6c3f06 bcec681ed3d34aa5b0b4e3cd8c6c3f06] Notify callbacks [] for security_group, precommit_create _notify_loop /usr/lib/python2.7/site-packages/neutron_lib/callbacks/manager.py:167
2018-06-27 22:52:27.130 15528 DEBUG neutron_lib.callbacks.manager [req-b3f0b397-9165-47cb-8974-99c6822fb24d 1358995fc64e4304a320c2f371ea2612 22c73ccc7ddd42bca60c3f54af2468f9 - bcec681ed3d34aa5b0b4e3cd8c6c3f06 bcec681ed3d34aa5b0b4e3cd8c6c3f06] Notify callbacks ['neutron.plugins.ml2.ovo_rpc._ObjectChangeHandler.handle_event-750528'] for security_group, after_create _notify_loop /usr/lib/python2.7/site-packages/neutron_lib/callbacks/manager.py:167
2018-06-27 22:52:27.137 15528 DEBUG oslo_concurrency.lockutils [-] Lock "event-dispatch" acquired by "neutron.plugins.ml2.ovo_rpc.dispatch_events" :: waited 0.000s inner /usr/lib/python2.7/site-packages/oslo_concurrency/lockutils.py:270
2018-06-27 22:52:27.195 15528 DEBUG neutron.api.rpc.handlers.resources_rpc [req-b3f0b397-9165-47cb-8974-99c6822fb24d 1358995fc64e4304a320c2f371ea2612 22c73ccc7ddd42bca60c3f54af2468f9 - - -] neutron.api.rpc.handlers.resources_rpc.ResourcesPushRpcApi method push called with arguments (<neutron_lib.context.Context object at 0x7f3e03285690>, [SecurityGroup(created_at=2018-06-27T20:52:26Z,description='Gruppo di sicurezza predefinito',id=942d6aa8-c3be-4b39-8321-20b0ef9ec38e,is_default=True,name='default',project_id='22c73ccc7ddd42bca60c3f54af2468f9',revision_number=4,rules=[SecurityGroupRule(1f06d49a-2b7a-4c1a-844e-45822f42dda3),SecurityGroupRule(3c7f8c8f-063f-4aaf-b508-aa7322536695),SecurityGroupRule(549bad09-cade-4c2c-b992-4a79a4ba097b),SecurityGroupRule(c6dd053b-84ce-491d-a46d-220bd5e25a7e)],updated_at=2018-06-27T20:52:26Z)], 'updated') {} wrapper /usr/lib/python2.7/site-packages/oslo_log/helpers.py:66
2018-06-27 22:52:27.241 15528 DEBUG neutron.api.rpc.callbacks.version_manager [req-b3f0b397-9165-47cb-8974-99c6822fb24d 1358995fc64e4304a320c2f371ea2612 22c73ccc7ddd42bca60c3f54af2468f9 - - -] Version for resource type Subnet changed None to 1.0 on consumer Open vSwitch agent@localhost.localdomain _set_version /usr/lib/python2.7/site-packages/neutron/api/rpc/callbacks/version_manager.py:119
2018-06-27 22:52:27.242 15528 DEBUG neutron.api.rpc.callbacks.version_manager [req-b3f0b397-9165-47cb-8974-99c6822fb24d 1358995fc64e4304a320c2f371ea2612 22c73ccc7ddd42bca60c3f54af2468f9 - - -] Version for resource type Network changed None to 1.0 on consumer Open vSwitch agent@localhost.localdomain _set_version /usr/lib/python2.7/site-packages/neutron/api/rpc/callbacks/version_manager.py:119
2018-06-27 22:52:27.243 15528 DEBUG neutron.api.rpc.callbacks.version_manager [req-b3f0b397-9165-47cb-8974-99c6822fb24d 1358995fc64e4304a320c2f371ea2612 22c73ccc7ddd42bca60c3f54af2468f9 - - -] Version for resource type SubPort changed None to 1.0 on consumer Open vSwitch agent@localhost.localdomain _set_version /usr/lib/python2.7/site-packages/neutron/api/rpc/callbacks/version_manager.py:119
2018-06-27 22:52:27.244 15528 DEBUG neutron.api.rpc.callbacks.version_manager [req-b3f0b397-9165-47cb-8974-99c6822fb24d 1358995fc64e4304a320c2f371ea2612 22c73ccc7ddd42bca60c3f54af2468f9 - - -] Version for resource type SecurityGroup changed None to 1.0 on consumer Open vSwitch agent@localhost.localdomain _set_version /usr/lib/python2.7/site-packages/neutron/api/rpc/callbacks/version_manager.py:119
2018-06-27 22:52:27.245 15528 DEBUG neutron.api.rpc.callbacks.version_manager [req-b3f0b397-9165-47cb-8974-99c6822fb24d 1358995fc64e4304a320c2f371ea2612 22c73ccc7ddd42bca60c3f54af2468f9 - - -] Version for resource type SecurityGroupRule changed None to 1.0 on consumer Open vSwitch agent@localhost.localdomain _set_version /usr/lib/python2.7/site-packages/neutron/api/rpc/callbacks/version_manager.py:119
2018-06-27 22:52:27.246 15528 DEBUG neutron.api.rpc.callbacks.version_manager [req-b3f0b397-9165-47cb-8974-99c6822fb24d 1358995fc64e4304a320c2f371ea2612 22c73ccc7ddd42bca60c3f54af2468f9 - - -] Version for resource type Trunk changed None to 1.1 on consumer Open vSwitch agent@localhost.localdomain _set_version /usr/lib/python2.7/site-packages/neutron/api/rpc/callbacks/version_manager.py:119
2018-06-27 22:52:27.248 15528 DEBUG neutron.api.rpc.callbacks.version_manager [req-b3f0b397-9165-47cb-8974-99c6822fb24d 1358995fc64e4304a320c2f371ea2612 22c73ccc7ddd42bca60c3f54af2468f9 - - -] Version for resource type QosPolicy changed None to 1.6 on consumer Open vSwitch agent@localhost.localdomain _set_version /usr/lib/python2.7/site-packages/neutron/api/rpc/callbacks/version_manager.py:119
2018-06-27 22:52:27.249 15528 DEBUG neutron.api.rpc.callbacks.version_manager [req-b3f0b397-9165-47cb-8974-99c6822fb24d 1358995fc64e4304a320c2f371ea2612 22c73ccc7ddd42bca60c3f54af2468f9 - - -] Version for resource type Port changed None to 1.1 on consumer Open vSwitch agent@localhost.localdomain _set_version /usr/lib/python2.7/site-packages/neutron/api/rpc/callbacks/version_manager.py:119
2018-06-27 22:52:27.250 15528 DEBUG neutron.api.rpc.callbacks.version_manager [req-b3f0b397-9165-47cb-8974-99c6822fb24d 1358995fc64e4304a320c2f371ea2612 22c73ccc7ddd42bca60c3f54af2468f9 - - -] Version for resource type Log changed None to 1.0 on consumer Open vSwitch agent@localhost.localdomain _set_version /usr/lib/python2.7/site-packages/neutron/api/rpc/callbacks/version_manager.py:119
2018-06-27 22:52:27.326 15528 DEBUG oslo_concurrency.lockutils [req-b3f0b397-9165-47cb-8974-99c6822fb24d 1358995fc64e4304a320c2f371ea2612 22c73ccc7ddd42bca60c3f54af2468f9 - - -] Lock "event-dispatch" released by "neutron.plugins.ml2.ovo_rpc.dispatch_events" :: held 0.189s inner /usr/lib/python2.7/site-packages/oslo_concurrency/lockutils.py:282
2018-06-27 22:52:27.360 15539 DEBUG neutron_lib.callbacks.manager [req-0bb26e95-8102-4a70-a6c8-c0d6a52c0196 - - - - -] Notify callbacks ['neutron.services.segments.db._update_segment_host_mapping_for_agent-8744021209936'] for agent, after_update _notify_loop /usr/lib/python2.7/site-packages/neutron_lib/callbacks/manager.py:167
2018-06-27 22:52:27.497 15528 DEBUG neutron_lib.callbacks.manager [req-b3f0b397-9165-47cb-8974-99c6822fb24d 1358995fc64e4304a320c2f371ea2612 22c73ccc7ddd42bca60c3f54af2468f9 - bcec681ed3d34aa5b0b4e3cd8c6c3f06 bcec681ed3d34aa5b0b4e3cd8c6c3f06] Notify callbacks [] for security_group, precommit_create _notify_loop /usr/lib/python2.7/site-packages/neutron_lib/callbacks/manager.py:167
2018-06-27 22:52:27.522 15528 DEBUG neutron_lib.callbacks.manager [req-b3f0b397-9165-47cb-8974-99c6822fb24d 1358995fc64e4304a320c2f371ea2612 22c73ccc7ddd42bca60c3f54af2468f9 - bcec681ed3d34aa5b0b4e3cd8c6c3f06 bcec681ed3d34aa5b0b4e3cd8c6c3f06] Notify callbacks ['neutron.plugins.ml2.ovo_rpc._ObjectChangeHandler.handle_event-750528'] for security_group, after_create _notify_loop /usr/lib/python2.7/site-packages/neutron_lib/callbacks/manager.py:167
2018-06-27 22:52:27.533 15528 DEBUG oslo_concurrency.lockutils [-] Lock "event-dispatch" acquired by "neutron.plugins.ml2.ovo_rpc.dispatch_events" :: waited 0.000s inner /usr/lib/python2.7/site-packages/oslo_concurrency/lockutils.py:270
2018-06-27 22:52:27.604 15528 DEBUG neutron.quota.resource [req-b3f0b397-9165-47cb-8974-99c6822fb24d 1358995fc64e4304a320c2f371ea2612 22c73ccc7ddd42bca60c3f54af2468f9 - bcec681ed3d34aa5b0b4e3cd8c6c3f06 bcec681ed3d34aa5b0b4e3cd8c6c3f06] Persisted dirty status for tenant:22c73ccc7ddd42bca60c3f54af2468f9 on resource:security_group_rule mark_dirty /usr/lib/python2.7/site-packages/neutron/quota/resource.py:207
2018-06-27 22:52:27.611 15528 DEBUG neutron.quota.resource [req-b3f0b397-9165-47cb-8974-99c6822fb24d 1358995fc64e4304a320c2f371ea2612 22c73ccc7ddd42bca60c3f54af2468f9 - bcec681ed3d34aa5b0b4e3cd8c6c3f06 bcec681ed3d34aa5b0b4e3cd8c6c3f06] Persisted dirty status for tenant:22c73ccc7ddd42bca60c3f54af2468f9 on resource:security_group mark_dirty /usr/lib/python2.7/site-packages/neutron/quota/resource.py:207
2018-06-27 22:52:27.614 15528 DEBUG neutron.api.rpc.handlers.resources_rpc [req-b3f0b397-9165-47cb-8974-99c6822fb24d 1358995fc64e4304a320c2f371ea2612 22c73ccc7ddd42bca60c3f54af2468f9 - - -] neutron.api.rpc.handlers.resources_rpc.ResourcesPushRpcApi method push called with arguments (<neutron_lib.context.Context object at 0x7f3e031f8310>, [SecurityGroup(created_at=2018-06-27T20:52:27Z,description='tempest-SECURITY_GROUP_SAMPLE-1530132660',id=a96e6057-6cd5-430d-a904-d65a3ff338d8,is_default=False,name='tempest-SECURITY_GROUP_SAMPLE-1530132660',project_id='22c73ccc7ddd42bca60c3f54af2468f9',revision_number=2,rules=[SecurityGroupRule(24433f44-b0df-45de-bbdc-7990eab37009),SecurityGroupRule(8cf84768-6d89-45a1-ad57-970bb88c1f8b)],updated_at=2018-06-27T20:52:27Z)], 'updated') {} wrapper /usr/lib/python2.7/site-packages/oslo_log/helpers.py:66
2018-06-27 22:52:27.635 15528 DEBUG oslo_concurrency.lockutils [req-b3f0b397-9165-47cb-8974-99c6822fb24d 1358995fc64e4304a320c2f371ea2612 22c73ccc7ddd42bca60c3f54af2468f9 - - -] Lock "event-dispatch" released by "neutron.plugins.ml2.ovo_rpc.dispatch_events" :: held 0.103s inner /usr/lib/python2.7/site-packages/oslo_concurrency/lockutils.py:282
2018-06-27 22:52:27.638 15528 DEBUG neutron_lib.callbacks.manager [req-b3f0b397-9165-47cb-8974-99c6822fb24d 1358995fc64e4304a320c2f371ea2612 22c73ccc7ddd42bca60c3f54af2468f9 - bcec681ed3d34aa5b0b4e3cd8c6c3f06 bcec681ed3d34aa5b0b4e3cd8c6c3f06] Notify callbacks [] for security_group, before_response _notify_loop /usr/lib/python2.7/site-packages/neutron_lib/callbacks/manager.py:167
2018-06-27 22:52:27.641 15528 INFO neutron.wsgi [req-b3f0b397-9165-47cb-8974-99c6822fb24d 1358995fc64e4304a320c2f371ea2612 22c73ccc7ddd42bca60c3f54af2468f9 - bcec681ed3d34aa5b0b4e3cd8c6c3f06 bcec681ed3d34aa5b0b4e3cd8c6c3f06] 10.0.20.28 "POST /v2.0/security-groups HTTP/1.1" status: 201  len: 1617 time: 2.1298981
2018-06-27 22:52:27.676 15540 DEBUG neutron.db.agents_db [req-ab673420-aeee-4ed5-9c24-e74c716119c1 - - - - -] Agent healthcheck: found 5 active agents agent_health_check /usr/lib/python2.7/site-packages/neutron/db/agents_db.py:281
2018-06-27 22:52:35.276 15532 DEBUG neutron_lib.callbacks.manager [req-45cc798d-c9a8-4358-b960-8f0cfdf11411 - - - - -] Notify callbacks ['neutron.services.segments.db._update_segment_host_mapping_for_agent-8744021209936'] for agent, after_update _notify_loop /usr/lib/python2.7/site-packages/neutron_lib/callbacks/manager.py:167
2018-06-27 22:52:35.611 15529 DEBUG neutron.wsgi [-] (15529) accepted ('10.0.20.28', 35058) server /usr/lib/python2.7/site-packages/eventlet/wsgi.py:883
2018-06-27 22:52:35.615 15529 INFO neutron.wsgi [-] 10.0.20.28 "GET / HTTP/1.1" status: 200  len: 252 time: 0.0022879
2018-06-27 22:52:36.165 15529 INFO neutron.api.v2.resource [req-832443b6-9231-4a2d-8634-ff6b7ad15604 1358995fc64e4304a320c2f371ea2612 22c73ccc7ddd42bca60c3f54af2468f9 - bcec681ed3d34aa5b0b4e3cd8c6c3f06 bcec681ed3d34aa5b0b4e3cd8c6c3f06] show failed (client error): The resource could not be found.
2018-06-27 22:52:36.167 15529 INFO neutron.wsgi [req-832443b6-9231-4a2d-8634-ff6b7ad15604 1358995fc64e4304a320c2f371ea2612 22c73ccc7ddd42bca60c3f54af2468f9 - bcec681ed3d34aa5b0b4e3cd8c6c3f06 bcec681ed3d34aa5b0b4e3cd8c6c3f06] 10.0.20.28 "GET /v2.0/security-groups/tempest-SECURITY_GROUP_SAMPLE-1530132660 HTTP/1.1" status: 404  len: 360 time: 0.5468910
2018-06-27 22:52:36.405 15529 INFO neutron.wsgi [req-710d673e-3034-475d-a1f3-f3eb823a100b 1358995fc64e4304a320c2f371ea2612 22c73ccc7ddd42bca60c3f54af2468f9 - bcec681ed3d34aa5b0b4e3cd8c6c3f06 bcec681ed3d34aa5b0b4e3cd8c6c3f06] 10.0.20.28 "GET /v2.0/security-groups HTTP/1.1" status: 200  len: 23094 time: 0.2314990
2018-06-27 22:52:36.440 15529 DEBUG neutron.api.v2.base [req-6a5a0435-b7d7-4e36-8da9-f8ccb5bd20d7 1358995fc64e4304a320c2f371ea2612 22c73ccc7ddd42bca60c3f54af2468f9 - bcec681ed3d34aa5b0b4e3cd8c6c3f06 bcec681ed3d34aa5b0b4e3cd8c6c3f06] Request body: {u'security_group_rule': {u'direction': u'ingress', u'protocol': u'tcp', u'ethertype': u'IPv4', u'port_range_max': 22, u'security_group_id': u'a96e6057-6cd5-430d-a904-d65a3ff338d8', u'port_range_min': 22, u'remote_ip_prefix': u'0.0.0.0/0'}} prepare_request_body /usr/lib/python2.7/site-packages/neutron/api/v2/base.py:695
2018-06-27 22:52:36.451 15529 DEBUG neutron.db.quota.driver [req-6a5a0435-b7d7-4e36-8da9-f8ccb5bd20d7 1358995fc64e4304a320c2f371ea2612 22c73ccc7ddd42bca60c3f54af2468f9 - bcec681ed3d34aa5b0b4e3cd8c6c3f06 bcec681ed3d34aa5b0b4e3cd8c6c3f06] Resources subnetpool have unlimited quota limit. It is not required to calculate headroom  make_reservation /usr/lib/python2.7/site-packages/neutron/db/quota/driver.py:223
2018-06-27 22:52:36.456 15529 DEBUG neutron.quota.resource [req-6a5a0435-b7d7-4e36-8da9-f8ccb5bd20d7 1358995fc64e4304a320c2f371ea2612 22c73ccc7ddd42bca60c3f54af2468f9 - bcec681ed3d34aa5b0b4e3cd8c6c3f06 bcec681ed3d34aa5b0b4e3cd8c6c3f06] Usage tracker for resource:security_group_rule and tenant:22c73ccc7ddd42bca60c3f54af2468f9 is out of sync, need to count used quota count_used /usr/lib/python2.7/site-packages/neutron/quota/resource.py:274
2018-06-27 22:52:36.469 15529 DEBUG neutron.quota.resource [req-6a5a0435-b7d7-4e36-8da9-f8ccb5bd20d7 1358995fc64e4304a320c2f371ea2612 22c73ccc7ddd42bca60c3f54af2468f9 - bcec681ed3d34aa5b0b4e3cd8c6c3f06 bcec681ed3d34aa5b0b4e3cd8c6c3f06] Quota usage for security_group_rule was recalculated. Used quota:6. count_used /usr/lib/python2.7/site-packages/neutron/quota/resource.py:293
2018-06-27 22:52:36.479 15529 DEBUG neutron.db.quota.driver [req-6a5a0435-b7d7-4e36-8da9-f8ccb5bd20d7 1358995fc64e4304a320c2f371ea2612 22c73ccc7ddd42bca60c3f54af2468f9 - bcec681ed3d34aa5b0b4e3cd8c6c3f06 bcec681ed3d34aa5b0b4e3cd8c6c3f06] Attempting to reserve 1 items for resource security_group_rule. Total usage: 6; quota limit: 100; headroom:94 make_reservation /usr/lib/python2.7/site-packages/neutron/db/quota/driver.py:255
2018-06-27 22:52:36.575 15529 DEBUG neutron_lib.callbacks.manager [req-6a5a0435-b7d7-4e36-8da9-f8ccb5bd20d7 1358995fc64e4304a320c2f371ea2612 22c73ccc7ddd42bca60c3f54af2468f9 - bcec681ed3d34aa5b0b4e3cd8c6c3f06 bcec681ed3d34aa5b0b4e3cd8c6c3f06] Notify callbacks [] for security_group_rule, before_create _notify_loop /usr/lib/python2.7/site-packages/neutron_lib/callbacks/manager.py:167
2018-06-27 22:52:36.688 15529 DEBUG neutron_lib.callbacks.manager [req-6a5a0435-b7d7-4e36-8da9-f8ccb5bd20d7 1358995fc64e4304a320c2f371ea2612 22c73ccc7ddd42bca60c3f54af2468f9 - bcec681ed3d34aa5b0b4e3cd8c6c3f06 bcec681ed3d34aa5b0b4e3cd8c6c3f06] Notify callbacks [] for security_group_rule, precommit_create _notify_loop /usr/lib/python2.7/site-packages/neutron_lib/callbacks/manager.py:167
2018-06-27 22:52:36.694 15529 DEBUG neutron_lib.callbacks.manager [req-6a5a0435-b7d7-4e36-8da9-f8ccb5bd20d7 1358995fc64e4304a320c2f371ea2612 22c73ccc7ddd42bca60c3f54af2468f9 - bcec681ed3d34aa5b0b4e3cd8c6c3f06 bcec681ed3d34aa5b0b4e3cd8c6c3f06] Notify callbacks ['neutron.plugins.ml2.ovo_rpc._ObjectChangeHandler.handle_event-750352'] for security_group_rule, after_create _notify_loop /usr/lib/python2.7/site-packages/neutron_lib/callbacks/manager.py:167
2018-06-27 22:52:36.707 15529 DEBUG oslo_concurrency.lockutils [-] Lock "event-dispatch" acquired by "neutron.plugins.ml2.ovo_rpc.dispatch_events" :: waited 0.000s inner /usr/lib/python2.7/site-packages/oslo_concurrency/lockutils.py:270
2018-06-27 22:52:36.757 15529 DEBUG neutron.api.rpc.handlers.resources_rpc [req-6a5a0435-b7d7-4e36-8da9-f8ccb5bd20d7 1358995fc64e4304a320c2f371ea2612 22c73ccc7ddd42bca60c3f54af2468f9 - - -] neutron.api.rpc.handlers.resources_rpc.ResourcesPushRpcApi method push called with arguments (<neutron_lib.context.Context object at 0x7f3e033db0d0>, [SecurityGroupRule(created_at=2018-06-27T20:52:36Z,description='',direction='ingress',ethertype='IPv4',id=c03552d3-ec11-4149-b26a-f10f09017c26,port_range_max=22,port_range_min=22,project_id='22c73ccc7ddd42bca60c3f54af2468f9',protocol='tcp',remote_group_id=<?>,remote_ip_prefix=0.0.0.0/0,revision_number=0,security_group_id=a96e6057-6cd5-430d-a904-d65a3ff338d8,updated_at=2018-06-27T20:52:36Z)], 'updated') {} wrapper /usr/lib/python2.7/site-packages/oslo_log/helpers.py:66
2018-06-27 22:52:36.791 15529 DEBUG neutron.api.rpc.callbacks.version_manager [req-6a5a0435-b7d7-4e36-8da9-f8ccb5bd20d7 1358995fc64e4304a320c2f371ea2612 22c73ccc7ddd42bca60c3f54af2468f9 - - -] Version for resource type Subnet changed None to 1.0 on consumer Open vSwitch agent@localhost.localdomain _set_version /usr/lib/python2.7/site-packages/neutron/api/rpc/callbacks/version_manager.py:119
2018-06-27 22:52:36.792 15529 DEBUG neutron.api.rpc.callbacks.version_manager [req-6a5a0435-b7d7-4e36-8da9-f8ccb5bd20d7 1358995fc64e4304a320c2f371ea2612 22c73ccc7ddd42bca60c3f54af2468f9 - - -] Version for resource type Network changed None to 1.0 on consumer Open vSwitch agent@localhost.localdomain _set_version /usr/lib/python2.7/site-packages/neutron/api/rpc/callbacks/version_manager.py:119
2018-06-27 22:52:36.794 15529 DEBUG neutron.api.rpc.callbacks.version_manager [req-6a5a0435-b7d7-4e36-8da9-f8ccb5bd20d7 1358995fc64e4304a320c2f371ea2612 22c73ccc7ddd42bca60c3f54af2468f9 - - -] Version for resource type SubPort changed None to 1.0 on consumer Open vSwitch agent@localhost.localdomain _set_version /usr/lib/python2.7/site-packages/neutron/api/rpc/callbacks/version_manager.py:119
2018-06-27 22:52:36.795 15529 DEBUG neutron.api.rpc.callbacks.version_manager [req-6a5a0435-b7d7-4e36-8da9-f8ccb5bd20d7 1358995fc64e4304a320c2f371ea2612 22c73ccc7ddd42bca60c3f54af2468f9 - - -] Version for resource type SecurityGroup changed None to 1.0 on consumer Open vSwitch agent@localhost.localdomain _set_version /usr/lib/python2.7/site-packages/neutron/api/rpc/callbacks/version_manager.py:119
2018-06-27 22:52:36.795 15529 DEBUG neutron.api.rpc.callbacks.version_manager [req-6a5a0435-b7d7-4e36-8da9-f8ccb5bd20d7 1358995fc64e4304a320c2f371ea2612 22c73ccc7ddd42bca60c3f54af2468f9 - - -] Version for resource type SecurityGroupRule changed None to 1.0 on consumer Open vSwitch agent@localhost.localdomain _set_version /usr/lib/python2.7/site-packages/neutron/api/rpc/callbacks/version_manager.py:119
2018-06-27 22:52:36.796 15529 DEBUG neutron.api.rpc.callbacks.version_manager [req-6a5a0435-b7d7-4e36-8da9-f8ccb5bd20d7 1358995fc64e4304a320c2f371ea2612 22c73ccc7ddd42bca60c3f54af2468f9 - - -] Version for resource type Trunk changed None to 1.1 on consumer Open vSwitch agent@localhost.localdomain _set_version /usr/lib/python2.7/site-packages/neutron/api/rpc/callbacks/version_manager.py:119
2018-06-27 22:52:36.797 15529 DEBUG neutron.api.rpc.callbacks.version_manager [req-6a5a0435-b7d7-4e36-8da9-f8ccb5bd20d7 1358995fc64e4304a320c2f371ea2612 22c73ccc7ddd42bca60c3f54af2468f9 - - -] Version for resource type QosPolicy changed None to 1.6 on consumer Open vSwitch agent@localhost.localdomain _set_version /usr/lib/python2.7/site-packages/neutron/api/rpc/callbacks/version_manager.py:119
2018-06-27 22:52:36.797 15529 DEBUG neutron.api.rpc.callbacks.version_manager [req-6a5a0435-b7d7-4e36-8da9-f8ccb5bd20d7 1358995fc64e4304a320c2f371ea2612 22c73ccc7ddd42bca60c3f54af2468f9 - - -] Version for resource type Port changed None to 1.1 on consumer Open vSwitch agent@localhost.localdomain _set_version /usr/lib/python2.7/site-packages/neutron/api/rpc/callbacks/version_manager.py:119
2018-06-27 22:52:36.798 15529 DEBUG neutron.api.rpc.callbacks.version_manager [req-6a5a0435-b7d7-4e36-8da9-f8ccb5bd20d7 1358995fc64e4304a320c2f371ea2612 22c73ccc7ddd42bca60c3f54af2468f9 - - -] Version for resource type Log changed None to 1.0 on consumer Open vSwitch agent@localhost.localdomain _set_version /usr/lib/python2.7/site-packages/neutron/api/rpc/callbacks/version_manager.py:119
2018-06-27 22:52:36.818 15529 DEBUG neutron.quota.resource [req-6a5a0435-b7d7-4e36-8da9-f8ccb5bd20d7 1358995fc64e4304a320c2f371ea2612 22c73ccc7ddd42bca60c3f54af2468f9 - bcec681ed3d34aa5b0b4e3cd8c6c3f06 bcec681ed3d34aa5b0b4e3cd8c6c3f06] Persisted dirty status for tenant:22c73ccc7ddd42bca60c3f54af2468f9 on resource:security_group_rule mark_dirty /usr/lib/python2.7/site-packages/neutron/quota/resource.py:207
2018-06-27 22:52:36.820 15529 DEBUG oslo_concurrency.lockutils [req-6a5a0435-b7d7-4e36-8da9-f8ccb5bd20d7 1358995fc64e4304a320c2f371ea2612 22c73ccc7ddd42bca60c3f54af2468f9 - - -] Lock "event-dispatch" released by "neutron.plugins.ml2.ovo_rpc.dispatch_events" :: held 0.113s inner /usr/lib/python2.7/site-packages/oslo_concurrency/lockutils.py:282
2018-06-27 22:52:36.831 15529 DEBUG neutron_lib.callbacks.manager [req-6a5a0435-b7d7-4e36-8da9-f8ccb5bd20d7 1358995fc64e4304a320c2f371ea2612 22c73ccc7ddd42bca60c3f54af2468f9 - bcec681ed3d34aa5b0b4e3cd8c6c3f06 bcec681ed3d34aa5b0b4e3cd8c6c3f06] Notify callbacks [] for security_group_rule, before_response _notify_loop /usr/lib/python2.7/site-packages/neutron_lib/callbacks/manager.py:167
2018-06-27 22:52:36.834 15529 INFO neutron.wsgi [req-6a5a0435-b7d7-4e36-8da9-f8ccb5bd20d7 1358995fc64e4304a320c2f371ea2612 22c73ccc7ddd42bca60c3f54af2468f9 - bcec681ed3d34aa5b0b4e3cd8c6c3f06 bcec681ed3d34aa5b0b4e3cd8c6c3f06] 10.0.20.28 "POST /v2.0/security-group-rules HTTP/1.1" status: 201  len: 718 time: 0.4117770
2018-06-27 22:52:41.377 15531 DEBUG neutron_lib.callbacks.manager [req-ef073f97-e65f-4035-904d-bba685c8f873 - - - - -] Notify callbacks ['neutron.services.segments.db._update_segment_host_mapping_for_agent-8744021209936'] for agent, after_update _notify_loop /usr/lib/python2.7/site-packages/neutron_lib/callbacks/manager.py:167
2018-06-27 22:52:42.781 15536 DEBUG neutron_lib.callbacks.manager [req-752ed2ed-f11a-49cd-a3c5-437bfbafa686 - - - - -] Notify callbacks ['neutron.services.segments.db._update_segment_host_mapping_for_agent-8744021209936'] for agent, after_update _notify_loop /usr/lib/python2.7/site-packages/neutron_lib/callbacks/manager.py:167
2018-06-27 22:52:43.159 15524 DEBUG neutron.wsgi [-] (15524) accepted ('10.0.20.28', 35076) server /usr/lib/python2.7/site-packages/eventlet/wsgi.py:883
2018-06-27 22:52:43.184 15524 INFO neutron.wsgi [-] 10.0.20.28 "GET / HTTP/1.1" status: 200  len: 252 time: 0.0117481
2018-06-27 22:52:43.193 15524 WARNING keystonemiddleware.auth_token [-] Using the in-process token cache is deprecated as of the 4.2.0 release and may be removed in the 5.0.0 release or the 'O' development cycle. The in-process cache causes inconsistent results and high memory usage. When the feature is removed the auth_token middleware will not cache tokens by default which may result in performance issues. It is recommended to use  memcache for the auth_token token cache by setting the memcached_servers option.
2018-06-27 22:52:44.809 15524 DEBUG oslo_policy._cache_handler [req-3c2cb1ef-b2d8-48bc-9bb9-b6be4d37d2e0 1358995fc64e4304a320c2f371ea2612 22c73ccc7ddd42bca60c3f54af2468f9 - bcec681ed3d34aa5b0b4e3cd8c6c3f06 bcec681ed3d34aa5b0b4e3cd8c6c3f06] Reloading cached file /etc/neutron/policy.json read_cached_file /usr/lib/python2.7/site-packages/oslo_policy/_cache_handler.py:40
2018-06-27 22:52:44.855 15524 DEBUG oslo_policy.policy [req-3c2cb1ef-b2d8-48bc-9bb9-b6be4d37d2e0 1358995fc64e4304a320c2f371ea2612 22c73ccc7ddd42bca60c3f54af2468f9 - bcec681ed3d34aa5b0b4e3cd8c6c3f06 bcec681ed3d34aa5b0b4e3cd8c6c3f06] Reloaded policy file: /etc/neutron/policy.json _load_policy_file /usr/lib/python2.7/site-packages/oslo_policy/policy.py:681
2018-06-27 22:52:45.367 15524 DEBUG oslo_policy._cache_handler [req-3c2cb1ef-b2d8-48bc-9bb9-b6be4d37d2e0 1358995fc64e4304a320c2f371ea2612 22c73ccc7ddd42bca60c3f54af2468f9 - bcec681ed3d34aa5b0b4e3cd8c6c3f06 bcec681ed3d34aa5b0b4e3cd8c6c3f06] Reloading cached file /etc/neutron/policy.json read_cached_file /usr/lib/python2.7/site-packages/oslo_policy/_cache_handler.py:40
2018-06-27 22:52:45.395 15524 DEBUG oslo_policy.policy [req-3c2cb1ef-b2d8-48bc-9bb9-b6be4d37d2e0 1358995fc64e4304a320c2f371ea2612 22c73ccc7ddd42bca60c3f54af2468f9 - bcec681ed3d34aa5b0b4e3cd8c6c3f06 bcec681ed3d34aa5b0b4e3cd8c6c3f06] Reloaded policy file: /etc/neutron/policy.json _load_policy_file /usr/lib/python2.7/site-packages/oslo_policy/policy.py:681
2018-06-27 22:52:45.735 15524 INFO neutron.wsgi [req-3c2cb1ef-b2d8-48bc-9bb9-b6be4d37d2e0 1358995fc64e4304a320c2f371ea2612 22c73ccc7ddd42bca60c3f54af2468f9 - bcec681ed3d34aa5b0b4e3cd8c6c3f06 bcec681ed3d34aa5b0b4e3cd8c6c3f06] 10.0.20.28 "GET /v2.0/security-groups HTTP/1.1" status: 200  len: 23597 time: 2.5452361
2018-06-27 22:52:51.395 15522 INFO neutron.wsgi [req-b2bbe811-b6d0-4d30-b6e4-68d92e7a7792 75fa4703edb245b7af4eedb4f8abb678 0756a888a15d4216915a13bf41cedcba - default default] 10.0.20.28 "GET /v2.0/ports?tenant_id=eae0a715a29b4ea38ef5bf4507b93fe6&device_id=d24851e8-313f-433c-a25f-5b2d4fc66079 HTTP/1.1" status: 200  len: 210 time: 0.0886919
2018-06-27 22:52:51.456 15522 INFO neutron.wsgi [req-3e5f9ea9-3a3e-44af-81fe-02990237763a 75fa4703edb245b7af4eedb4f8abb678 0756a888a15d4216915a13bf41cedcba - default default] 10.0.20.28 "GET /v2.0/networks?tenant_id=eae0a715a29b4ea38ef5bf4507b93fe6&shared=False HTTP/1.1" status: 200  len: 213 time: 0.0553870
2018-06-27 22:52:51.508 15522 INFO neutron.wsgi [req-ff27d9d5-ee46-4acd-a157-1da025aa3285 75fa4703edb245b7af4eedb4f8abb678 0756a888a15d4216915a13bf41cedcba - default default] 10.0.20.28 "GET /v2.0/networks?shared=True HTTP/1.1" status: 200  len: 213 time: 0.0460739
2018-06-27 22:52:54.718 15524 DEBUG neutron.wsgi [-] (15524) accepted ('10.0.20.28', 35120) server /usr/lib/python2.7/site-packages/eventlet/wsgi.py:883
2018-06-27 22:52:54.722 15524 INFO neutron.wsgi [-] 10.0.20.28 "GET / HTTP/1.1" status: 200  len: 252 time: 0.0016379
2018-06-27 22:52:55.347 15524 INFO neutron.pecan_wsgi.hooks.translation [req-aab27750-2d33-471a-9533-7bf8d9378596 c5cd6ef06ce14dd690705b39bb3f1552 2776224a461d4a01833ab75847b98330 - default default] GET failed (client error): The resource could not be found.
2018-06-27 22:52:55.349 15524 INFO neutron.wsgi [req-aab27750-2d33-471a-9533-7bf8d9378596 c5cd6ef06ce14dd690705b39bb3f1552 2776224a461d4a01833ab75847b98330 - default default] 10.0.20.28 "GET /v2.0/networks/public HTTP/1.1" status: 404  len: 314 time: 0.6212199
2018-06-27 22:52:55.886 15524 DEBUG neutron.pecan_wsgi.hooks.policy_enforcement [req-200974a6-8b4c-4846-80ec-5b7b3ac77720 c5cd6ef06ce14dd690705b39bb3f1552 2776224a461d4a01833ab75847b98330 - default default] Attributes excluded by policy engine: [u'vlan_transparent'] _exclude_attributes_by_policy /usr/lib/python2.7/site-packages/neutron/pecan_wsgi/hooks/policy_enforcement.py:256
2018-06-27 22:52:55.888 15524 DEBUG neutron.pecan_wsgi.hooks.policy_enforcement [req-200974a6-8b4c-4846-80ec-5b7b3ac77720 c5cd6ef06ce14dd690705b39bb3f1552 2776224a461d4a01833ab75847b98330 - default default] Attributes excluded by policy engine: [u'vlan_transparent'] _exclude_attributes_by_policy /usr/lib/python2.7/site-packages/neutron/pecan_wsgi/hooks/policy_enforcement.py:256
2018-06-27 22:52:55.892 15524 INFO neutron.wsgi [req-200974a6-8b4c-4846-80ec-5b7b3ac77720 c5cd6ef06ce14dd690705b39bb3f1552 2776224a461d4a01833ab75847b98330 - default default] 10.0.20.28 "GET /v2.0/networks HTTP/1.1" status: 200  len: 1542 time: 0.5381060
2018-06-27 22:52:56.266 15533 DEBUG neutron_lib.callbacks.manager [req-d19c1d78-fd16-4e95-86b6-fb4d7d6449ec - - - - -] Notify callbacks ['neutron.services.segments.db._update_segment_host_mapping_for_agent-8744021209936'] for agent, after_update _notify_loop /usr/lib/python2.7/site-packages/neutron_lib/callbacks/manager.py:167
2018-06-27 22:52:57.359 15537 DEBUG neutron_lib.callbacks.manager [req-0bb26e95-8102-4a70-a6c8-c0d6a52c0196 - - - - -] Notify callbacks ['neutron.services.segments.db._update_segment_host_mapping_for_agent-8744021209936'] for agent, after_update _notify_loop /usr/lib/python2.7/site-packages/neutron_lib/callbacks/manager.py:167
2018-06-27 22:53:03.303 15524 DEBUG neutron.wsgi [-] (15524) accepted ('10.0.20.28', 36156) server /usr/lib/python2.7/site-packages/eventlet/wsgi.py:883
2018-06-27 22:53:03.306 15524 INFO neutron.wsgi [-] 10.0.20.28 "GET / HTTP/1.1" status: 200  len: 252 time: 0.0014892
2018-06-27 22:53:03.753 15524 DEBUG neutron.api.v2.base [req-4c36afe3-3f91-4755-a4e8-82478e519737 1358995fc64e4304a320c2f371ea2612 22c73ccc7ddd42bca60c3f54af2468f9 - bcec681ed3d34aa5b0b4e3cd8c6c3f06 bcec681ed3d34aa5b0b4e3cd8c6c3f06] Request body: {u'network': {u'name': u'tempest-private-1530132660', u'admin_state_up': True}} prepare_request_body /usr/lib/python2.7/site-packages/neutron/api/v2/base.py:695
2018-06-27 22:53:03.754 15524 INFO neutron.quota [req-4c36afe3-3f91-4755-a4e8-82478e519737 1358995fc64e4304a320c2f371ea2612 22c73ccc7ddd42bca60c3f54af2468f9 - bcec681ed3d34aa5b0b4e3cd8c6c3f06 bcec681ed3d34aa5b0b4e3cd8c6c3f06] Loaded quota_driver: <neutron.db.quota.driver.DbQuotaDriver object at 0x7f3e038a07d0>.
2018-06-27 22:53:03.765 15524 DEBUG neutron.db.quota.driver [req-4c36afe3-3f91-4755-a4e8-82478e519737 1358995fc64e4304a320c2f371ea2612 22c73ccc7ddd42bca60c3f54af2468f9 - bcec681ed3d34aa5b0b4e3cd8c6c3f06 bcec681ed3d34aa5b0b4e3cd8c6c3f06] Resources subnetpool have unlimited quota limit. It is not required to calculate headroom  make_reservation /usr/lib/python2.7/site-packages/neutron/db/quota/driver.py:223
2018-06-27 22:53:03.776 15524 DEBUG neutron.quota.resource [req-4c36afe3-3f91-4755-a4e8-82478e519737 1358995fc64e4304a320c2f371ea2612 22c73ccc7ddd42bca60c3f54af2468f9 - bcec681ed3d34aa5b0b4e3cd8c6c3f06 bcec681ed3d34aa5b0b4e3cd8c6c3f06] Usage tracker for resource:network and tenant:22c73ccc7ddd42bca60c3f54af2468f9 is out of sync, need to count used quota count_used /usr/lib/python2.7/site-packages/neutron/quota/resource.py:274
2018-06-27 22:53:03.790 15524 DEBUG neutron.quota.resource [req-4c36afe3-3f91-4755-a4e8-82478e519737 1358995fc64e4304a320c2f371ea2612 22c73ccc7ddd42bca60c3f54af2468f9 - bcec681ed3d34aa5b0b4e3cd8c6c3f06 bcec681ed3d34aa5b0b4e3cd8c6c3f06] Quota usage for network was recalculated. Used quota:0. count_used /usr/lib/python2.7/site-packages/neutron/quota/resource.py:293
2018-06-27 22:53:03.804 15524 DEBUG neutron.db.quota.driver [req-4c36afe3-3f91-4755-a4e8-82478e519737 1358995fc64e4304a320c2f371ea2612 22c73ccc7ddd42bca60c3f54af2468f9 - bcec681ed3d34aa5b0b4e3cd8c6c3f06 bcec681ed3d34aa5b0b4e3cd8c6c3f06] Attempting to reserve 1 items for resource network. Total usage: 0; quota limit: 100; headroom:100 make_reservation /usr/lib/python2.7/site-packages/neutron/db/quota/driver.py:255
2018-06-27 22:53:03.840 15524 DEBUG neutron.pecan_wsgi.hooks.quota_enforcement [req-4c36afe3-3f91-4755-a4e8-82478e519737 1358995fc64e4304a320c2f371ea2612 22c73ccc7ddd42bca60c3f54af2468f9 - bcec681ed3d34aa5b0b4e3cd8c6c3f06 bcec681ed3d34aa5b0b4e3cd8c6c3f06] Made reservation on behalf of 22c73ccc7ddd42bca60c3f54af2468f9 for: {'network': 1} before /usr/lib/python2.7/site-packages/neutron/pecan_wsgi/hooks/quota_enforcement.py:55
2018-06-27 22:53:03.893 15524 DEBUG neutron_lib.callbacks.manager [req-4c36afe3-3f91-4755-a4e8-82478e519737 1358995fc64e4304a320c2f371ea2612 22c73ccc7ddd42bca60c3f54af2468f9 - bcec681ed3d34aa5b0b4e3cd8c6c3f06 bcec681ed3d34aa5b0b4e3cd8c6c3f06] Notify callbacks ['neutron.plugins.ml2.plugin.Ml2Plugin._ensure_default_security_group_handler--9223372036852854646'] for network, before_create _notify_loop /usr/lib/python2.7/site-packages/neutron_lib/callbacks/manager.py:167
2018-06-27 22:53:03.979 15524 DEBUG neutron.plugins.ml2.drivers.helpers [req-4c36afe3-3f91-4755-a4e8-82478e519737 1358995fc64e4304a320c2f371ea2612 22c73ccc7ddd42bca60c3f54af2468f9 - bcec681ed3d34aa5b0b4e3cd8c6c3f06 bcec681ed3d34aa5b0b4e3cd8c6c3f06] vxlan segment allocate from pool started with {'vxlan_vni': 21}  allocate_partially_specified_segment /usr/lib/python2.7/site-packages/neutron/plugins/ml2/drivers/helpers.py:157
2018-06-27 22:53:03.984 15524 DEBUG neutron.plugins.ml2.drivers.helpers [req-4c36afe3-3f91-4755-a4e8-82478e519737 1358995fc64e4304a320c2f371ea2612 22c73ccc7ddd42bca60c3f54af2468f9 - bcec681ed3d34aa5b0b4e3cd8c6c3f06 bcec681ed3d34aa5b0b4e3cd8c6c3f06] vxlan segment allocate from pool success with {'vxlan_vni': 21}  allocate_partially_specified_segment /usr/lib/python2.7/site-packages/neutron/plugins/ml2/drivers/helpers.py:165
2018-06-27 22:53:04.007 15524 DEBUG neutron_lib.callbacks.manager [req-4c36afe3-3f91-4755-a4e8-82478e519737 1358995fc64e4304a320c2f371ea2612 22c73ccc7ddd42bca60c3f54af2468f9 - bcec681ed3d34aa5b0b4e3cd8c6c3f06 bcec681ed3d34aa5b0b4e3cd8c6c3f06] Notify callbacks ['neutron.plugins.ml2.plugin.Ml2Plugin._handle_segment_change--9223372036853320746', 'neutron.services.segments.db._add_segment_host_mapping_for_segment--9223363292833565865'] for segment, precommit_create _notify_loop /usr/lib/python2.7/site-packages/neutron_lib/callbacks/manager.py:167
2018-06-27 22:53:04.008 15524 INFO neutron.db.segments_db [req-4c36afe3-3f91-4755-a4e8-82478e519737 1358995fc64e4304a320c2f371ea2612 22c73ccc7ddd42bca60c3f54af2468f9 - bcec681ed3d34aa5b0b4e3cd8c6c3f06 bcec681ed3d34aa5b0b4e3cd8c6c3f06] Added segment 22c88693-35dd-4dd7-835c-acfde76bdf73 of type vxlan for network a241aa22-6491-4b0d-a628-92f4d14232c7
2018-06-27 22:53:04.115 15524 DEBUG neutron_lib.callbacks.manager [req-4c36afe3-3f91-4755-a4e8-82478e519737 1358995fc64e4304a320c2f371ea2612 22c73ccc7ddd42bca60c3f54af2468f9 - bcec681ed3d34aa5b0b4e3cd8c6c3f06 bcec681ed3d34aa5b0b4e3cd8c6c3f06] Notify callbacks ['neutron.services.auto_allocate.db._ensure_external_network_default_value_callback--9223363292833973944'] for network, precommit_create _notify_loop /usr/lib/python2.7/site-packages/neutron_lib/callbacks/manager.py:167
2018-06-27 22:53:04.185 15524 DEBUG neutron_lib.callbacks.manager [req-4c36afe3-3f91-4755-a4e8-82478e519737 1358995fc64e4304a320c2f371ea2612 22c73ccc7ddd42bca60c3f54af2468f9 - bcec681ed3d34aa5b0b4e3cd8c6c3f06 bcec681ed3d34aa5b0b4e3cd8c6c3f06] Notify callbacks ['neutron.api.rpc.agentnotifiers.dhcp_rpc_agent_api.DhcpAgentNotifyAPI._native_event_send_dhcp_notification--9223372036853877499', 'neutron.plugins.ml2.ovo_rpc._ObjectChangeHandler.handle_event-750432'] for network, after_create _notify_loop /usr/lib/python2.7/site-packages/neutron_lib/callbacks/manager.py:167
2018-06-27 22:53:04.187 15524 DEBUG neutron.pecan_wsgi.hooks.policy_enforcement [req-4c36afe3-3f91-4755-a4e8-82478e519737 1358995fc64e4304a320c2f371ea2612 22c73ccc7ddd42bca60c3f54af2468f9 - bcec681ed3d34aa5b0b4e3cd8c6c3f06 bcec681ed3d34aa5b0b4e3cd8c6c3f06] Attributes excluded by policy engine: [u'vlan_transparent'] _exclude_attributes_by_policy /usr/lib/python2.7/site-packages/neutron/pecan_wsgi/hooks/policy_enforcement.py:256
2018-06-27 22:53:04.188 15524 DEBUG neutron_lib.callbacks.manager [req-4c36afe3-3f91-4755-a4e8-82478e519737 1358995fc64e4304a320c2f371ea2612 22c73ccc7ddd42bca60c3f54af2468f9 - bcec681ed3d34aa5b0b4e3cd8c6c3f06 bcec681ed3d34aa5b0b4e3cd8c6c3f06] Notify callbacks ['neutron.api.rpc.agentnotifiers.dhcp_rpc_agent_api.DhcpAgentNotifyAPI._send_dhcp_notification--9223372036853877486'] for network, before_response _notify_loop /usr/lib/python2.7/site-packages/neutron_lib/callbacks/manager.py:167
2018-06-27 22:53:04.192 15524 DEBUG oslo_concurrency.lockutils [-] Lock "event-dispatch" acquired by "neutron.plugins.ml2.ovo_rpc.dispatch_events" :: waited 0.000s inner /usr/lib/python2.7/site-packages/oslo_concurrency/lockutils.py:270
2018-06-27 22:53:04.350 15524 DEBUG neutron.quota.resource [req-4c36afe3-3f91-4755-a4e8-82478e519737 1358995fc64e4304a320c2f371ea2612 22c73ccc7ddd42bca60c3f54af2468f9 - bcec681ed3d34aa5b0b4e3cd8c6c3f06 bcec681ed3d34aa5b0b4e3cd8c6c3f06] Persisted dirty status for tenant:22c73ccc7ddd42bca60c3f54af2468f9 on resource:network mark_dirty /usr/lib/python2.7/site-packages/neutron/quota/resource.py:207
2018-06-27 22:53:04.352 15524 DEBUG neutron.api.rpc.handlers.resources_rpc [req-4c36afe3-3f91-4755-a4e8-82478e519737 1358995fc64e4304a320c2f371ea2612 22c73ccc7ddd42bca60c3f54af2468f9 - - -] neutron.api.rpc.handlers.resources_rpc.ResourcesPushRpcApi method push called with arguments (<neutron_lib.context.Context object at 0x7f3e037d7190>, [Network(admin_state_up=True,availability_zone_hints=[],created_at=2018-06-27T20:53:03Z,description='',dns_domain=None,id=a241aa22-6491-4b0d-a628-92f4d14232c7,mtu=1450,name='tempest-private-1530132660',project_id='22c73ccc7ddd42bca60c3f54af2468f9',qos_policy_id=None,revision_number=2,security=NetworkPortSecurity(a241aa22-6491-4b0d-a628-92f4d14232c7),segments=[NetworkSegment(22c88693-35dd-4dd7-835c-acfde76bdf73)],shared=False,status='ACTIVE',updated_at=2018-06-27T20:53:04Z,vlan_transparent=<?>)], 'updated') {} wrapper /usr/lib/python2.7/site-packages/oslo_log/helpers.py:66
2018-06-27 22:53:04.366 15524 DEBUG neutron.api.rpc.callbacks.version_manager [req-4c36afe3-3f91-4755-a4e8-82478e519737 1358995fc64e4304a320c2f371ea2612 22c73ccc7ddd42bca60c3f54af2468f9 - - -] Version for resource type Subnet changed None to 1.0 on consumer Open vSwitch agent@localhost.localdomain _set_version /usr/lib/python2.7/site-packages/neutron/api/rpc/callbacks/version_manager.py:119
2018-06-27 22:53:04.368 15524 DEBUG neutron.api.rpc.callbacks.version_manager [req-4c36afe3-3f91-4755-a4e8-82478e519737 1358995fc64e4304a320c2f371ea2612 22c73ccc7ddd42bca60c3f54af2468f9 - - -] Version for resource type Network changed None to 1.0 on consumer Open vSwitch agent@localhost.localdomain _set_version /usr/lib/python2.7/site-packages/neutron/api/rpc/callbacks/version_manager.py:119
2018-06-27 22:53:04.368 15524 DEBUG neutron.api.rpc.callbacks.version_manager [req-4c36afe3-3f91-4755-a4e8-82478e519737 1358995fc64e4304a320c2f371ea2612 22c73ccc7ddd42bca60c3f54af2468f9 - - -] Version for resource type SubPort changed None to 1.0 on consumer Open vSwitch agent@localhost.localdomain _set_version /usr/lib/python2.7/site-packages/neutron/api/rpc/callbacks/version_manager.py:119
