2018-06-28 22:03:10.089 9844 DEBUG neutron.api.rpc.handlers.l3_rpc [req-2a7e455f-42d7-4349-9a63-3902a5e3547c - - - - -] Checking router: 2cd65ad7-e9c5-4f5c-923f-4aace6a13ee7 for host: localhost.localdomain _ensure_host_set_on_ports /usr/lib/python2.7/site-packages/neutron/api/rpc/handlers/l3_rpc.py:135
2018-06-28 22:03:10.427 9839 DEBUG neutron.api.rpc.handlers.l3_rpc [req-9f25cf9d-8fa4-41da-88ae-5421073b3094 - - - - -] New status for floating IP ecdbac25-4c94-4b2c-b53e-38e39a9b40d6: ACTIVE update_floatingip_statuses /usr/lib/python2.7/site-packages/neutron/api/rpc/handlers/l3_rpc.py:252
2018-06-28 22:03:10.458 9836 DEBUG novaclient.v2.client [-] REQ: curl -g -i -X POST http://10.0.20.46:8774/v2.1/0ca3103c90a24980adf86a98ed1a7af3/os-server-external-events -H "User-Agent: python-novaclient" -H "Content-Type: application/json" -H "Accept: application/json" -H "X-OpenStack-Nova-API-Version: 2.1" -H "X-Auth-Token: {SHA1}fa2c51e4af3c613dd03b7c6f73c2c1efadc75ef6" -d '{"events": [{"tag": "03594a0d-6b82-45e9-92d2-08cc32f9d0a9", "name": "network-changed", "server_uuid": "e07c3881-245f-4a8e-a466-cf4a0d6d2bd0"}]}' _http_log_request /usr/lib/python2.7/site-packages/keystoneauth1/session.py:375
2018-06-28 22:03:10.834 9836 DEBUG novaclient.v2.client [-] RESP: [200] Content-Length: 179 Content-Type: application/json Openstack-Api-Version: compute 2.1 X-Openstack-Nova-Api-Version: 2.1 Vary: OpenStack-API-Version, X-OpenStack-Nova-API-Version X-Openstack-Request-Id: req-d0ddd296-af61-4714-ae27-5d70fc2c77af X-Compute-Request-Id: req-d0ddd296-af61-4714-ae27-5d70fc2c77af Date: Thu, 28 Jun 2018 20:03:10 GMT Connection: keep-alive 
RESP BODY: {"events": [{"status": "completed", "tag": "03594a0d-6b82-45e9-92d2-08cc32f9d0a9", "name": "network-changed", "server_uuid": "e07c3881-245f-4a8e-a466-cf4a0d6d2bd0", "code": 200}]}
 _http_log_response /usr/lib/python2.7/site-packages/keystoneauth1/session.py:423
2018-06-28 22:03:10.834 9836 DEBUG novaclient.v2.client [-] POST call to compute for http://10.0.20.46:8774/v2.1/0ca3103c90a24980adf86a98ed1a7af3/os-server-external-events used request id req-d0ddd296-af61-4714-ae27-5d70fc2c77af request /usr/lib/python2.7/site-packages/keystoneauth1/session.py:727
2018-06-28 22:03:10.848 9836 INFO neutron.notifiers.nova [-] Nova event response: {u'status': u'completed', u'tag': u'03594a0d-6b82-45e9-92d2-08cc32f9d0a9', u'name': u'network-changed', u'server_uuid': u'e07c3881-245f-4a8e-a466-cf4a0d6d2bd0', u'code': 200}
2018-06-28 22:03:10.891 9836 INFO neutron.wsgi [req-74f690d5-0d76-4fd8-aa1e-0a44cd2aca32 655ab8e67d8e4ca680268ee96a43ee95 0ca3103c90a24980adf86a98ed1a7af3 - default default] 10.0.20.46 "GET /v2.0/ports?tenant_id=c0d1b01551e241d1822fd54848674d25&device_id=e07c3881-245f-4a8e-a466-cf4a0d6d2bd0 HTTP/1.1" status: 200  len: 1124 time: 0.4122360
2018-06-28 22:03:10.987 9834 INFO neutron.wsgi [req-0ef417c2-79db-4b77-8e00-5c490b06c57c 655ab8e67d8e4ca680268ee96a43ee95 0ca3103c90a24980adf86a98ed1a7af3 - default default] 10.0.20.46 "GET /v2.0/ports?tenant_id=c0d1b01551e241d1822fd54848674d25&device_id=e07c3881-245f-4a8e-a466-cf4a0d6d2bd0 HTTP/1.1" status: 200  len: 1124 time: 0.1409070
2018-06-28 22:03:11.161 9836 DEBUG neutron.pecan_wsgi.hooks.policy_enforcement [req-e7881e64-14d2-42f4-9909-e097122aed11 655ab8e67d8e4ca680268ee96a43ee95 0ca3103c90a24980adf86a98ed1a7af3 - default default] Attributes excluded by policy engine: [u'vlan_transparent'] _exclude_attributes_by_policy /usr/lib/python2.7/site-packages/neutron/pecan_wsgi/hooks/policy_enforcement.py:256
2018-06-28 22:03:11.164 9836 INFO neutron.wsgi [req-e7881e64-14d2-42f4-9909-e097122aed11 655ab8e67d8e4ca680268ee96a43ee95 0ca3103c90a24980adf86a98ed1a7af3 - default default] 10.0.20.46 "GET /v2.0/networks?id=f93c9221-31d5-4113-bb5e-a1f703dc0379 HTTP/1.1" status: 200  len: 885 time: 0.2655079
2018-06-28 22:03:11.231 9836 INFO neutron.wsgi [req-f7ce7d49-488f-45d1-866c-096631802b07 655ab8e67d8e4ca680268ee96a43ee95 0ca3103c90a24980adf86a98ed1a7af3 - default default] 10.0.20.46 "GET /v2.0/floatingips?fixed_ip_address=11.167.1.7&port_id=03594a0d-6b82-45e9-92d2-08cc32f9d0a9 HTTP/1.1" status: 200  len: 750 time: 0.0577259
2018-06-28 22:03:11.235 9834 DEBUG neutron.pecan_wsgi.hooks.policy_enforcement [req-10485c24-5554-44a9-a5a7-79fd278587e6 655ab8e67d8e4ca680268ee96a43ee95 0ca3103c90a24980adf86a98ed1a7af3 - default default] Attributes excluded by policy engine: [u'vlan_transparent'] _exclude_attributes_by_policy /usr/lib/python2.7/site-packages/neutron/pecan_wsgi/hooks/policy_enforcement.py:256
2018-06-28 22:03:11.238 9834 INFO neutron.wsgi [req-10485c24-5554-44a9-a5a7-79fd278587e6 655ab8e67d8e4ca680268ee96a43ee95 0ca3103c90a24980adf86a98ed1a7af3 - default default] 10.0.20.46 "GET /v2.0/networks?id=f93c9221-31d5-4113-bb5e-a1f703dc0379 HTTP/1.1" status: 200  len: 885 time: 0.2447190
2018-06-28 22:03:11.302 9834 INFO neutron.wsgi [req-3cf11aab-4d16-4b18-ab55-708ba6d2d090 655ab8e67d8e4ca680268ee96a43ee95 0ca3103c90a24980adf86a98ed1a7af3 - default default] 10.0.20.46 "GET /v2.0/floatingips?fixed_ip_address=11.167.1.7&port_id=03594a0d-6b82-45e9-92d2-08cc32f9d0a9 HTTP/1.1" status: 200  len: 750 time: 0.0590329
2018-06-28 22:03:11.479 9834 DEBUG neutron.pecan_wsgi.hooks.policy_enforcement [req-b9fa24d1-fa64-40de-b5a3-b1ee9454def6 655ab8e67d8e4ca680268ee96a43ee95 0ca3103c90a24980adf86a98ed1a7af3 - default default] Attributes excluded by policy engine: [u'shared'] _exclude_attributes_by_policy /usr/lib/python2.7/site-packages/neutron/pecan_wsgi/hooks/policy_enforcement.py:256
2018-06-28 22:03:11.482 9834 INFO neutron.wsgi [req-b9fa24d1-fa64-40de-b5a3-b1ee9454def6 655ab8e67d8e4ca680268ee96a43ee95 0ca3103c90a24980adf86a98ed1a7af3 - default default] 10.0.20.46 "GET /v2.0/subnets?id=e5d7cafe-eb3c-45b8-8fea-3d9fda3d5d5f HTTP/1.1" status: 200  len: 847 time: 0.1692719
2018-06-28 22:03:11.617 9834 INFO neutron.wsgi [req-2f68baac-cc90-45a1-854f-218530c4de93 655ab8e67d8e4ca680268ee96a43ee95 0ca3103c90a24980adf86a98ed1a7af3 - default default] 10.0.20.46 "GET /v2.0/ports?network_id=f93c9221-31d5-4113-bb5e-a1f703dc0379&device_owner=network%3Adhcp HTTP/1.1" status: 200  len: 1128 time: 0.1281559
2018-06-28 22:03:11.656 9836 DEBUG neutron.pecan_wsgi.hooks.policy_enforcement [req-72551cd1-1b1f-48fc-8f16-71b0d93cd70e 655ab8e67d8e4ca680268ee96a43ee95 0ca3103c90a24980adf86a98ed1a7af3 - default default] Attributes excluded by policy engine: [u'shared'] _exclude_attributes_by_policy /usr/lib/python2.7/site-packages/neutron/pecan_wsgi/hooks/policy_enforcement.py:256
2018-06-28 22:03:11.670 9836 INFO neutron.wsgi [req-72551cd1-1b1f-48fc-8f16-71b0d93cd70e 655ab8e67d8e4ca680268ee96a43ee95 0ca3103c90a24980adf86a98ed1a7af3 - default default] 10.0.20.46 "GET /v2.0/subnets?id=e5d7cafe-eb3c-45b8-8fea-3d9fda3d5d5f HTTP/1.1" status: 200  len: 847 time: 0.4320519
2018-06-28 22:03:11.792 9836 INFO neutron.wsgi [req-9e41a532-a904-46e8-b217-6e8a1d364294 655ab8e67d8e4ca680268ee96a43ee95 0ca3103c90a24980adf86a98ed1a7af3 - default default] 10.0.20.46 "GET /v2.0/ports?network_id=f93c9221-31d5-4113-bb5e-a1f703dc0379&device_owner=network%3Adhcp HTTP/1.1" status: 200  len: 1128 time: 0.1149311
2018-06-28 22:03:12.244 9832 INFO neutron.wsgi [req-7c83a268-1d9f-472d-8c4b-4788bfc222cb 655ab8e67d8e4ca680268ee96a43ee95 0ca3103c90a24980adf86a98ed1a7af3 - default default] 10.0.20.46 "GET /v2.0/ports?device_id=e07c3881-245f-4a8e-a466-cf4a0d6d2bd0 HTTP/1.1" status: 200  len: 1124 time: 0.1208110
2018-06-28 22:03:12.369 9832 INFO neutron.wsgi [req-a46d5636-84b1-4e7c-bc95-82c6b4ec95c5 655ab8e67d8e4ca680268ee96a43ee95 0ca3103c90a24980adf86a98ed1a7af3 - default default] 10.0.20.46 "GET /v2.0/security-groups?id=4376d637-1448-459b-83fd-8102ad77d8ab HTTP/1.1" status: 200  len: 2118 time: 0.1189151
2018-06-28 22:03:12.849 9836 DEBUG oslo_concurrency.lockutils [-] Lock "notifier-67803576-d422-49de-ab06-a50f759e861e" released by "neutron.notifiers.batch_notifier.synced_send" :: held 3.365s inner /usr/lib/python2.7/site-packages/oslo_concurrency/lockutils.py:282
2018-06-28 22:03:15.032 9833 DEBUG neutron.wsgi [-] (9833) accepted ('10.0.20.46', 40770) server /usr/lib/python2.7/site-packages/eventlet/wsgi.py:883
2018-06-28 22:03:15.919 9833 INFO neutron.wsgi [req-599d8710-b472-4ce7-a8d5-37cecd9bedb5 655ab8e67d8e4ca680268ee96a43ee95 0ca3103c90a24980adf86a98ed1a7af3 - default default] 10.0.20.46 "GET /v2.0/ports?device_id=e07c3881-245f-4a8e-a466-cf4a0d6d2bd0 HTTP/1.1" status: 200  len: 1124 time: 0.8843150
2018-06-28 22:03:16.158 9833 INFO neutron.wsgi [req-e32228f2-8cf7-4127-85cc-71dc3b7934c1 655ab8e67d8e4ca680268ee96a43ee95 0ca3103c90a24980adf86a98ed1a7af3 - default default] 10.0.20.46 "GET /v2.0/security-groups?id=4376d637-1448-459b-83fd-8102ad77d8ab HTTP/1.1" status: 200  len: 2118 time: 0.1922531
2018-06-28 22:03:20.512 9842 DEBUG neutron_lib.callbacks.manager [req-6f6b19c3-dea8-4cb3-b23c-250e59c14d40 - - - - -] Notify callbacks ['neutron.services.segments.db._update_segment_host_mapping_for_agent-8739968437328'] for agent, after_update _notify_loop /usr/lib/python2.7/site-packages/neutron_lib/callbacks/manager.py:167
2018-06-28 22:03:20.531 9837 DEBUG neutron_lib.callbacks.manager [req-6bf4a674-9239-43c6-adf5-f06d5470b0b1 - - - - -] Notify callbacks ['neutron.services.segments.db._update_segment_host_mapping_for_agent-8739968437328'] for agent, after_update _notify_loop /usr/lib/python2.7/site-packages/neutron_lib/callbacks/manager.py:167
2018-06-28 22:03:20.552 9846 DEBUG neutron_lib.callbacks.manager [req-69f92669-2caa-4a4e-b46e-f638308cf327 - - - - -] Notify callbacks ['neutron.services.segments.db._update_segment_host_mapping_for_agent-8739968437328'] for agent, after_update _notify_loop /usr/lib/python2.7/site-packages/neutron_lib/callbacks/manager.py:167
2018-06-28 22:03:21.142 9838 DEBUG neutron_lib.callbacks.manager [req-7e00b212-7c5a-483e-8a02-316d47a58d61 - - - - -] Notify callbacks ['neutron.services.segments.db._update_segment_host_mapping_for_agent-8739968437328'] for agent, after_update _notify_loop /usr/lib/python2.7/site-packages/neutron_lib/callbacks/manager.py:167
2018-06-28 22:03:24.473 9832 INFO neutron.wsgi [req-55cdc5f1-f9cb-4d0c-8b8a-96e2ab2a79a9 9bb43e26c2c94863a119442424fda7d1 c0d1b01551e241d1822fd54848674d25 - ee8a0aa874a74112aabec8b8163ff08d ee8a0aa874a74112aabec8b8163ff08d] 10.0.20.46 "GET /v2.0/ports?device_id=e07c3881-245f-4a8e-a466-cf4a0d6d2bd0 HTTP/1.1" status: 200  len: 1124 time: 0.3777909
2018-06-28 22:03:24.601 9832 INFO neutron.wsgi [req-5c180bad-4384-4940-b0b6-b87098e5eae5 9bb43e26c2c94863a119442424fda7d1 c0d1b01551e241d1822fd54848674d25 - ee8a0aa874a74112aabec8b8163ff08d ee8a0aa874a74112aabec8b8163ff08d] 10.0.20.46 "GET /v2.0/security-groups?id=4376d637-1448-459b-83fd-8102ad77d8ab HTTP/1.1" status: 200  len: 2118 time: 0.1230500
2018-06-28 22:03:26.378 9839 DEBUG neutron_lib.callbacks.manager [req-41a8ef31-7b58-4b7e-92ba-4d56e6606c01 - - - - -] Notify callbacks ['neutron.services.segments.db._update_segment_host_mapping_for_agent-8739968437328'] for agent, after_update _notify_loop /usr/lib/python2.7/site-packages/neutron_lib/callbacks/manager.py:167
2018-06-28 22:03:42.173 9847 DEBUG neutron.db.agents_db [req-72c43243-b842-487e-a566-95dbdd958375 - - - - -] Agent healthcheck: found 5 active agents agent_health_check /usr/lib/python2.7/site-packages/neutron/db/agents_db.py:281
2018-06-28 22:03:47.442 9832 DEBUG neutron.wsgi [-] (9832) accepted ('10.0.20.46', 41902) server /usr/lib/python2.7/site-packages/eventlet/wsgi.py:883
2018-06-28 22:03:48.467 9832 INFO neutron.wsgi [req-b887bde7-4523-4e2a-9dcd-20c85ba96d52 9bb43e26c2c94863a119442424fda7d1 c0d1b01551e241d1822fd54848674d25 - ee8a0aa874a74112aabec8b8163ff08d ee8a0aa874a74112aabec8b8163ff08d] 10.0.20.46 "GET /v2.0/ports?device_id=e07c3881-245f-4a8e-a466-cf4a0d6d2bd0 HTTP/1.1" status: 200  len: 1124 time: 1.0231130
2018-06-28 22:03:48.680 9832 INFO neutron.wsgi [req-a92c5752-9b07-4160-bffb-333c29e4e16c 9bb43e26c2c94863a119442424fda7d1 c0d1b01551e241d1822fd54848674d25 - ee8a0aa874a74112aabec8b8163ff08d ee8a0aa874a74112aabec8b8163ff08d] 10.0.20.46 "GET /v2.0/security-groups?id=4376d637-1448-459b-83fd-8102ad77d8ab HTTP/1.1" status: 200  len: 2118 time: 0.1704850
2018-06-28 22:03:50.512 9840 DEBUG neutron_lib.callbacks.manager [req-6f6b19c3-dea8-4cb3-b23c-250e59c14d40 - - - - -] Notify callbacks ['neutron.services.segments.db._update_segment_host_mapping_for_agent-8739968437328'] for agent, after_update _notify_loop /usr/lib/python2.7/site-packages/neutron_lib/callbacks/manager.py:167
2018-06-28 22:03:50.525 9844 DEBUG neutron_lib.callbacks.manager [req-6bf4a674-9239-43c6-adf5-f06d5470b0b1 - - - - -] Notify callbacks ['neutron.services.segments.db._update_segment_host_mapping_for_agent-8739968437328'] for agent, after_update _notify_loop /usr/lib/python2.7/site-packages/neutron_lib/callbacks/manager.py:167
2018-06-28 22:03:50.531 9841 DEBUG neutron_lib.callbacks.manager [req-ff69af8b-9a56-4397-abe9-520bb5e2cb34 - - - - -] Notify callbacks ['neutron.services.segments.db._update_segment_host_mapping_for_agent-8739968437328'] for agent, after_update _notify_loop /usr/lib/python2.7/site-packages/neutron_lib/callbacks/manager.py:167
2018-06-28 22:03:51.134 9843 DEBUG neutron_lib.callbacks.manager [req-b8fef0ef-dddc-4a31-89cc-d5f89ac8c759 - - - - -] Notify callbacks ['neutron.services.segments.db._update_segment_host_mapping_for_agent-8739968437328'] for agent, after_update _notify_loop /usr/lib/python2.7/site-packages/neutron_lib/callbacks/manager.py:167
2018-06-28 22:03:56.379 9837 DEBUG neutron_lib.callbacks.manager [req-41a8ef31-7b58-4b7e-92ba-4d56e6606c01 - - - - -] Notify callbacks ['neutron.services.segments.db._update_segment_host_mapping_for_agent-8739968437328'] for agent, after_update _notify_loop /usr/lib/python2.7/site-packages/neutron_lib/callbacks/manager.py:167
2018-06-28 22:04:04.097 9836 INFO neutron.wsgi [req-d05e2551-daf4-4663-a68d-8237ef6e23cb 9bb43e26c2c94863a119442424fda7d1 c0d1b01551e241d1822fd54848674d25 - ee8a0aa874a74112aabec8b8163ff08d ee8a0aa874a74112aabec8b8163ff08d] 10.0.20.46 "GET /v2.0/ports?device_id=e07c3881-245f-4a8e-a466-cf4a0d6d2bd0 HTTP/1.1" status: 200  len: 1124 time: 0.7263498
2018-06-28 22:04:04.238 9836 INFO neutron.wsgi [req-af140a2e-62e3-49bc-ab45-58a0ce663df5 9bb43e26c2c94863a119442424fda7d1 c0d1b01551e241d1822fd54848674d25 - ee8a0aa874a74112aabec8b8163ff08d ee8a0aa874a74112aabec8b8163ff08d] 10.0.20.46 "GET /v2.0/security-groups?id=4376d637-1448-459b-83fd-8102ad77d8ab HTTP/1.1" status: 200  len: 2118 time: 0.1278210
2018-06-28 22:04:06.581 9834 INFO neutron.wsgi [req-47596d99-d935-4359-b794-b5a5df69776f 655ab8e67d8e4ca680268ee96a43ee95 0ca3103c90a24980adf86a98ed1a7af3 - default default] 10.0.20.46 "GET /v2.0/ports?tenant_id=c0d1b01551e241d1822fd54848674d25&device_id=e07c3881-245f-4a8e-a466-cf4a0d6d2bd0 HTTP/1.1" status: 200  len: 1124 time: 0.1219721
2018-06-28 22:04:06.774 9834 DEBUG neutron.pecan_wsgi.hooks.policy_enforcement [req-be2b75c1-732a-4772-95bf-53335142496e 655ab8e67d8e4ca680268ee96a43ee95 0ca3103c90a24980adf86a98ed1a7af3 - default default] Attributes excluded by policy engine: [u'vlan_transparent'] _exclude_attributes_by_policy /usr/lib/python2.7/site-packages/neutron/pecan_wsgi/hooks/policy_enforcement.py:256
2018-06-28 22:04:06.776 9834 INFO neutron.wsgi [req-be2b75c1-732a-4772-95bf-53335142496e 655ab8e67d8e4ca680268ee96a43ee95 0ca3103c90a24980adf86a98ed1a7af3 - default default] 10.0.20.46 "GET /v2.0/networks?id=f93c9221-31d5-4113-bb5e-a1f703dc0379 HTTP/1.1" status: 200  len: 885 time: 0.1903911
2018-06-28 22:04:06.823 9834 INFO neutron.wsgi [req-5281cbf8-c2d3-4a09-8192-a3112eb3e7b8 655ab8e67d8e4ca680268ee96a43ee95 0ca3103c90a24980adf86a98ed1a7af3 - default default] 10.0.20.46 "GET /v2.0/floatingips?fixed_ip_address=11.167.1.7&port_id=03594a0d-6b82-45e9-92d2-08cc32f9d0a9 HTTP/1.1" status: 200  len: 750 time: 0.0414989
2018-06-28 22:04:06.947 9834 DEBUG neutron.pecan_wsgi.hooks.policy_enforcement [req-6be65179-69d5-44a0-bbc5-0d470c1d1ae0 655ab8e67d8e4ca680268ee96a43ee95 0ca3103c90a24980adf86a98ed1a7af3 - default default] Attributes excluded by policy engine: [u'shared'] _exclude_attributes_by_policy /usr/lib/python2.7/site-packages/neutron/pecan_wsgi/hooks/policy_enforcement.py:256
2018-06-28 22:04:06.950 9834 INFO neutron.wsgi [req-6be65179-69d5-44a0-bbc5-0d470c1d1ae0 655ab8e67d8e4ca680268ee96a43ee95 0ca3103c90a24980adf86a98ed1a7af3 - default default] 10.0.20.46 "GET /v2.0/subnets?id=e5d7cafe-eb3c-45b8-8fea-3d9fda3d5d5f HTTP/1.1" status: 200  len: 847 time: 0.1222322
2018-06-28 22:04:07.071 9834 INFO neutron.wsgi [req-9f934973-20cc-448f-a5f7-8e25aa69b9e3 655ab8e67d8e4ca680268ee96a43ee95 0ca3103c90a24980adf86a98ed1a7af3 - default default] 10.0.20.46 "GET /v2.0/ports?network_id=f93c9221-31d5-4113-bb5e-a1f703dc0379&device_owner=network%3Adhcp HTTP/1.1" status: 200  len: 1128 time: 0.1146851
2018-06-28 22:04:19.187 9847 DEBUG neutron.db.agents_db [req-72c43243-b842-487e-a566-95dbdd958375 - - - - -] Agent healthcheck: found 5 active agents agent_health_check /usr/lib/python2.7/site-packages/neutron/db/agents_db.py:281
2018-06-28 22:04:19.282 9835 DEBUG neutron.wsgi [-] (9835) accepted ('10.0.20.46', 41986) server /usr/lib/python2.7/site-packages/eventlet/wsgi.py:883
2018-06-28 22:04:19.817 9835 WARNING keystonemiddleware.auth_token [-] A valid token was submitted as a service token, but it was not a valid service token. This is incorrect but backwards compatible behaviour. This will be removed in future releases.
2018-06-28 22:04:20.487 9846 DEBUG neutron_lib.callbacks.manager [req-6f6b19c3-dea8-4cb3-b23c-250e59c14d40 - - - - -] Notify callbacks ['neutron.services.segments.db._update_segment_host_mapping_for_agent-8739968437328'] for agent, after_update _notify_loop /usr/lib/python2.7/site-packages/neutron_lib/callbacks/manager.py:167
2018-06-28 22:04:20.499 9842 DEBUG neutron_lib.callbacks.manager [req-6bf4a674-9239-43c6-adf5-f06d5470b0b1 - - - - -] Notify callbacks ['neutron.services.segments.db._update_segment_host_mapping_for_agent-8739968437328'] for agent, after_update _notify_loop /usr/lib/python2.7/site-packages/neutron_lib/callbacks/manager.py:167
2018-06-28 22:04:20.516 9838 DEBUG neutron_lib.callbacks.manager [req-9e80b15e-82cf-4887-ae7c-3d42782fd5f6 - - - - -] Notify callbacks ['neutron.services.segments.db._update_segment_host_mapping_for_agent-8739968437328'] for agent, after_update _notify_loop /usr/lib/python2.7/site-packages/neutron_lib/callbacks/manager.py:167
2018-06-28 22:04:20.680 9835 INFO neutron.wsgi [req-8588cec7-bf91-4f22-bf35-19bd7af57fff 9bb43e26c2c94863a119442424fda7d1 c0d1b01551e241d1822fd54848674d25 - ee8a0aa874a74112aabec8b8163ff08d ee8a0aa874a74112aabec8b8163ff08d] 10.0.20.46 "GET /v2.0/ports?device_id=e07c3881-245f-4a8e-a466-cf4a0d6d2bd0 HTTP/1.1" status: 200  len: 1124 time: 1.3959720
2018-06-28 22:04:20.909 9835 INFO neutron.wsgi [req-194bf7f1-f4a7-4067-a993-707e9b5f6778 9bb43e26c2c94863a119442424fda7d1 c0d1b01551e241d1822fd54848674d25 - ee8a0aa874a74112aabec8b8163ff08d ee8a0aa874a74112aabec8b8163ff08d] 10.0.20.46 "GET /v2.0/security-groups?id=4376d637-1448-459b-83fd-8102ad77d8ab HTTP/1.1" status: 200  len: 2118 time: 0.1789191
2018-06-28 22:04:21.176 9839 DEBUG neutron_lib.callbacks.manager [req-ef519c30-87e7-46c3-a5be-67a0e5e21289 - - - - -] Notify callbacks ['neutron.services.segments.db._update_segment_host_mapping_for_agent-8739968437328'] for agent, after_update _notify_loop /usr/lib/python2.7/site-packages/neutron_lib/callbacks/manager.py:167
2018-06-28 22:04:26.382 9844 DEBUG neutron_lib.callbacks.manager [req-41a8ef31-7b58-4b7e-92ba-4d56e6606c01 - - - - -] Notify callbacks ['neutron.services.segments.db._update_segment_host_mapping_for_agent-8739968437328'] for agent, after_update _notify_loop /usr/lib/python2.7/site-packages/neutron_lib/callbacks/manager.py:167
2018-06-28 22:04:32.475 9836 INFO neutron.wsgi [req-fb60ff95-6f0c-4164-8137-c50018aa794d 9bb43e26c2c94863a119442424fda7d1 c0d1b01551e241d1822fd54848674d25 - ee8a0aa874a74112aabec8b8163ff08d ee8a0aa874a74112aabec8b8163ff08d] 10.0.20.46 "GET /v2.0/ports?device_id=e07c3881-245f-4a8e-a466-cf4a0d6d2bd0 HTTP/1.1" status: 200  len: 1124 time: 0.6215868
2018-06-28 22:04:32.619 9836 INFO neutron.wsgi [req-9d5ad333-6335-40bb-8a5d-0bd904fa9669 9bb43e26c2c94863a119442424fda7d1 c0d1b01551e241d1822fd54848674d25 - ee8a0aa874a74112aabec8b8163ff08d ee8a0aa874a74112aabec8b8163ff08d] 10.0.20.46 "GET /v2.0/security-groups?id=4376d637-1448-459b-83fd-8102ad77d8ab HTTP/1.1" status: 200  len: 2118 time: 0.1349921
2018-06-28 22:04:46.261 9832 INFO neutron.wsgi [req-ff7bc237-dcb1-4505-8175-776a949afe35 9bb43e26c2c94863a119442424fda7d1 c0d1b01551e241d1822fd54848674d25 - ee8a0aa874a74112aabec8b8163ff08d ee8a0aa874a74112aabec8b8163ff08d] 10.0.20.46 "GET /v2.0/ports?device_id=e07c3881-245f-4a8e-a466-cf4a0d6d2bd0 HTTP/1.1" status: 200  len: 1124 time: 0.6495759
2018-06-28 22:04:46.477 9832 INFO neutron.wsgi [req-a02edafa-bd51-43f0-bc26-e038e9325181 9bb43e26c2c94863a119442424fda7d1 c0d1b01551e241d1822fd54848674d25 - ee8a0aa874a74112aabec8b8163ff08d ee8a0aa874a74112aabec8b8163ff08d] 10.0.20.46 "GET /v2.0/security-groups?id=4376d637-1448-459b-83fd-8102ad77d8ab HTTP/1.1" status: 200  len: 2118 time: 0.2107570
2018-06-28 22:04:50.476 9841 DEBUG neutron_lib.callbacks.manager [req-6bf4a674-9239-43c6-adf5-f06d5470b0b1 - - - - -] Notify callbacks ['neutron.services.segments.db._update_segment_host_mapping_for_agent-8739968437328'] for agent, after_update _notify_loop /usr/lib/python2.7/site-packages/neutron_lib/callbacks/manager.py:167
2018-06-28 22:04:50.506 9840 DEBUG neutron_lib.callbacks.manager [req-6f6b19c3-dea8-4cb3-b23c-250e59c14d40 - - - - -] Notify callbacks ['neutron.services.segments.db._update_segment_host_mapping_for_agent-8739968437328'] for agent, after_update _notify_loop /usr/lib/python2.7/site-packages/neutron_lib/callbacks/manager.py:167
2018-06-28 22:04:50.520 9843 DEBUG neutron_lib.callbacks.manager [req-c84e2629-c393-4499-b976-da2c786155d6 - - - - -] Notify callbacks ['neutron.services.segments.db._update_segment_host_mapping_for_agent-8739968437328'] for agent, after_update _notify_loop /usr/lib/python2.7/site-packages/neutron_lib/callbacks/manager.py:167
2018-06-28 22:04:51.157 9837 DEBUG neutron_lib.callbacks.manager [req-ba28a610-2fd1-4481-9997-508704330838 - - - - -] Notify callbacks ['neutron.services.segments.db._update_segment_host_mapping_for_agent-8739968437328'] for agent, after_update _notify_loop /usr/lib/python2.7/site-packages/neutron_lib/callbacks/manager.py:167
2018-06-28 22:04:56.202 9847 DEBUG neutron.db.agents_db [req-72c43243-b842-487e-a566-95dbdd958375 - - - - -] Agent healthcheck: found 5 active agents agent_health_check /usr/lib/python2.7/site-packages/neutron/db/agents_db.py:281
2018-06-28 22:04:56.383 9842 DEBUG neutron_lib.callbacks.manager [req-41a8ef31-7b58-4b7e-92ba-4d56e6606c01 - - - - -] Notify callbacks ['neutron.services.segments.db._update_segment_host_mapping_for_agent-8739968437328'] for agent, after_update _notify_loop /usr/lib/python2.7/site-packages/neutron_lib/callbacks/manager.py:167
2018-06-28 22:05:00.352 9831 DEBUG neutron.wsgi [-] (9831) accepted ('10.0.20.46', 43150) server /usr/lib/python2.7/site-packages/eventlet/wsgi.py:883
2018-06-28 22:05:00.556 9832 INFO neutron.wsgi [req-fd11044b-7a58-4fe1-93c2-801677eeb0fe d473e455e3b24776a524d2ea47d6e072 0ca3103c90a24980adf86a98ed1a7af3 - default default] 10.0.20.46 "GET /v2.0/ports?device_id=e07c3881-245f-4a8e-a466-cf4a0d6d2bd0 HTTP/1.1" status: 200  len: 1124 time: 0.5761371
2018-06-28 22:05:00.701 9832 INFO neutron.wsgi [req-de457d0d-7908-476c-94c8-9715e3ea121a d473e455e3b24776a524d2ea47d6e072 0ca3103c90a24980adf86a98ed1a7af3 - default default] 10.0.20.46 "GET /v2.0/security-groups?id=4376d637-1448-459b-83fd-8102ad77d8ab HTTP/1.1" status: 200  len: 2118 time: 0.1388979
2018-06-28 22:05:00.788 9831 WARNING keystonemiddleware.auth_token [-] A valid token was submitted as a service token, but it was not a valid service token. This is incorrect but backwards compatible behaviour. This will be removed in future releases.
2018-06-28 22:05:01.950 9831 INFO neutron.wsgi [req-5541a1ef-12df-4a72-b88b-6ff50ee73116 9bb43e26c2c94863a119442424fda7d1 c0d1b01551e241d1822fd54848674d25 - ee8a0aa874a74112aabec8b8163ff08d ee8a0aa874a74112aabec8b8163ff08d] 10.0.20.46 "GET /v2.0/ports?device_id=e07c3881-245f-4a8e-a466-cf4a0d6d2bd0 HTTP/1.1" status: 200  len: 1124 time: 1.5956819
2018-06-28 22:05:02.121 9831 INFO neutron.wsgi [req-99a8e9b1-f345-4215-9200-5aa444cc7d66 9bb43e26c2c94863a119442424fda7d1 c0d1b01551e241d1822fd54848674d25 - ee8a0aa874a74112aabec8b8163ff08d ee8a0aa874a74112aabec8b8163ff08d] 10.0.20.46 "GET /v2.0/security-groups?id=4376d637-1448-459b-83fd-8102ad77d8ab HTTP/1.1" status: 200  len: 2118 time: 0.1642411
2018-06-28 22:05:08.663 9834 INFO neutron.wsgi [req-a1daf8b4-f4c0-4423-849c-fe96f1d2692a 655ab8e67d8e4ca680268ee96a43ee95 0ca3103c90a24980adf86a98ed1a7af3 - default default] 10.0.20.46 "GET /v2.0/ports?tenant_id=c0d1b01551e241d1822fd54848674d25&device_id=e07c3881-245f-4a8e-a466-cf4a0d6d2bd0 HTTP/1.1" status: 200  len: 1124 time: 0.1641591
2018-06-28 22:05:08.928 9834 DEBUG neutron.pecan_wsgi.hooks.policy_enforcement [req-80f66b6b-097b-4d68-8e3f-5db7fe248582 655ab8e67d8e4ca680268ee96a43ee95 0ca3103c90a24980adf86a98ed1a7af3 - default default] Attributes excluded by policy engine: [u'vlan_transparent'] _exclude_attributes_by_policy /usr/lib/python2.7/site-packages/neutron/pecan_wsgi/hooks/policy_enforcement.py:256
2018-06-28 22:05:08.932 9834 INFO neutron.wsgi [req-80f66b6b-097b-4d68-8e3f-5db7fe248582 655ab8e67d8e4ca680268ee96a43ee95 0ca3103c90a24980adf86a98ed1a7af3 - default default] 10.0.20.46 "GET /v2.0/networks?id=f93c9221-31d5-4113-bb5e-a1f703dc0379 HTTP/1.1" status: 200  len: 885 time: 0.2600429
2018-06-28 22:05:08.991 9834 INFO neutron.wsgi [req-66252e51-979e-4838-9203-05f515ccf5ff 655ab8e67d8e4ca680268ee96a43ee95 0ca3103c90a24980adf86a98ed1a7af3 - default default] 10.0.20.46 "GET /v2.0/floatingips?fixed_ip_address=11.167.1.7&port_id=03594a0d-6b82-45e9-92d2-08cc32f9d0a9 HTTP/1.1" status: 200  len: 750 time: 0.0489330
2018-06-28 22:05:09.154 9834 DEBUG neutron.pecan_wsgi.hooks.policy_enforcement [req-ea369937-4479-48d5-ba03-68158f17f96a 655ab8e67d8e4ca680268ee96a43ee95 0ca3103c90a24980adf86a98ed1a7af3 - default default] Attributes excluded by policy engine: [u'shared'] _exclude_attributes_by_policy /usr/lib/python2.7/site-packages/neutron/pecan_wsgi/hooks/policy_enforcement.py:256
2018-06-28 22:05:09.157 9834 INFO neutron.wsgi [req-ea369937-4479-48d5-ba03-68158f17f96a 655ab8e67d8e4ca680268ee96a43ee95 0ca3103c90a24980adf86a98ed1a7af3 - default default] 10.0.20.46 "GET /v2.0/subnets?id=e5d7cafe-eb3c-45b8-8fea-3d9fda3d5d5f HTTP/1.1" status: 200  len: 847 time: 0.1591189
2018-06-28 22:05:09.321 9834 INFO neutron.wsgi [req-bb91f538-4d4b-4e50-8f9c-79c745449d6d 655ab8e67d8e4ca680268ee96a43ee95 0ca3103c90a24980adf86a98ed1a7af3 - default default] 10.0.20.46 "GET /v2.0/ports?network_id=f93c9221-31d5-4113-bb5e-a1f703dc0379&device_owner=network%3Adhcp HTTP/1.1" status: 200  len: 1128 time: 0.1533592
2018-06-28 22:05:15.603 9836 INFO neutron.wsgi [req-2297b6bc-68d4-49bc-9cd5-0ebe6baf5c58 9bb43e26c2c94863a119442424fda7d1 c0d1b01551e241d1822fd54848674d25 - ee8a0aa874a74112aabec8b8163ff08d ee8a0aa874a74112aabec8b8163ff08d] 10.0.20.46 "GET /v2.0/ports?device_id=e07c3881-245f-4a8e-a466-cf4a0d6d2bd0 HTTP/1.1" status: 200  len: 1124 time: 0.7382169
2018-06-28 22:05:15.765 9836 INFO neutron.wsgi [req-aa7fd215-f6aa-4052-a65c-eed53bfa43a0 9bb43e26c2c94863a119442424fda7d1 c0d1b01551e241d1822fd54848674d25 - ee8a0aa874a74112aabec8b8163ff08d ee8a0aa874a74112aabec8b8163ff08d] 10.0.20.46 "GET /v2.0/security-groups?id=4376d637-1448-459b-83fd-8102ad77d8ab HTTP/1.1" status: 200  len: 2118 time: 0.1535089
2018-06-28 22:05:20.477 9846 DEBUG neutron_lib.callbacks.manager [req-6bf4a674-9239-43c6-adf5-f06d5470b0b1 - - - - -] Notify callbacks ['neutron.services.segments.db._update_segment_host_mapping_for_agent-8739968437328'] for agent, after_update _notify_loop /usr/lib/python2.7/site-packages/neutron_lib/callbacks/manager.py:167
2018-06-28 22:05:20.502 9838 DEBUG neutron_lib.callbacks.manager [req-6f6b19c3-dea8-4cb3-b23c-250e59c14d40 - - - - -] Notify callbacks ['neutron.services.segments.db._update_segment_host_mapping_for_agent-8739968437328'] for agent, after_update _notify_loop /usr/lib/python2.7/site-packages/neutron_lib/callbacks/manager.py:167
2018-06-28 22:05:20.505 9839 DEBUG neutron_lib.callbacks.manager [req-b562103c-e978-420d-b560-3f58dedef2ac - - - - -] Notify callbacks ['neutron.services.segments.db._update_segment_host_mapping_for_agent-8739968437328'] for agent, after_update _notify_loop /usr/lib/python2.7/site-packages/neutron_lib/callbacks/manager.py:167
2018-06-28 22:05:21.178 9844 DEBUG neutron_lib.callbacks.manager [req-ec6c0df6-4d92-4847-9152-876873d7f73b - - - - -] Notify callbacks ['neutron.services.segments.db._update_segment_host_mapping_for_agent-8739968437328'] for agent, after_update _notify_loop /usr/lib/python2.7/site-packages/neutron_lib/callbacks/manager.py:167
2018-06-28 22:05:26.372 9841 DEBUG neutron_lib.callbacks.manager [req-41a8ef31-7b58-4b7e-92ba-4d56e6606c01 - - - - -] Notify callbacks ['neutron.services.segments.db._update_segment_host_mapping_for_agent-8739968437328'] for agent, after_update _notify_loop /usr/lib/python2.7/site-packages/neutron_lib/callbacks/manager.py:167
2018-06-28 22:05:28.920 9832 DEBUG neutron.wsgi [-] (9832) accepted ('10.0.20.46', 43250) server /usr/lib/python2.7/site-packages/eventlet/wsgi.py:883
2018-06-28 22:05:30.098 9832 INFO neutron.wsgi [req-7e687b5a-af72-4341-8ffc-722223cb8d4f 9bb43e26c2c94863a119442424fda7d1 c0d1b01551e241d1822fd54848674d25 - ee8a0aa874a74112aabec8b8163ff08d ee8a0aa874a74112aabec8b8163ff08d] 10.0.20.46 "GET /v2.0/ports?device_id=e07c3881-245f-4a8e-a466-cf4a0d6d2bd0 HTTP/1.1" status: 200  len: 1124 time: 1.1769011
2018-06-28 22:05:30.256 9832 INFO neutron.wsgi [req-7152be44-d448-410e-9d10-d71fd20c4b23 9bb43e26c2c94863a119442424fda7d1 c0d1b01551e241d1822fd54848674d25 - ee8a0aa874a74112aabec8b8163ff08d ee8a0aa874a74112aabec8b8163ff08d] 10.0.20.46 "GET /v2.0/security-groups?id=4376d637-1448-459b-83fd-8102ad77d8ab HTTP/1.1" status: 200  len: 2118 time: 0.1289480
2018-06-28 22:05:31.515 9834 INFO neutron.wsgi [req-d234f2a7-c212-4c2d-a026-8075fd5feff5 655ab8e67d8e4ca680268ee96a43ee95 0ca3103c90a24980adf86a98ed1a7af3 - default default] 10.0.20.46 "GET /v2.0/ports?tenant_id=c0d1b01551e241d1822fd54848674d25&device_id=e07c3881-245f-4a8e-a466-cf4a0d6d2bd0 HTTP/1.1" status: 200  len: 1124 time: 0.2540271
2018-06-28 22:05:32.173 9834 DEBUG neutron.pecan_wsgi.hooks.policy_enforcement [req-4533fad9-7ad1-4a28-b09e-f942e47ca696 655ab8e67d8e4ca680268ee96a43ee95 0ca3103c90a24980adf86a98ed1a7af3 - default default] Attributes excluded by policy engine: [u'vlan_transparent'] _exclude_attributes_by_policy /usr/lib/python2.7/site-packages/neutron/pecan_wsgi/hooks/policy_enforcement.py:256
2018-06-28 22:05:32.176 9834 INFO neutron.wsgi [req-4533fad9-7ad1-4a28-b09e-f942e47ca696 655ab8e67d8e4ca680268ee96a43ee95 0ca3103c90a24980adf86a98ed1a7af3 - default default] 10.0.20.46 "GET /v2.0/networks?id=f93c9221-31d5-4113-bb5e-a1f703dc0379 HTTP/1.1" status: 200  len: 885 time: 0.6446600
2018-06-28 22:05:32.234 9834 INFO neutron.wsgi [req-fb25714b-c942-4cde-b236-2ad30ae8a520 655ab8e67d8e4ca680268ee96a43ee95 0ca3103c90a24980adf86a98ed1a7af3 - default default] 10.0.20.46 "GET /v2.0/floatingips?fixed_ip_address=11.167.1.7&port_id=03594a0d-6b82-45e9-92d2-08cc32f9d0a9 HTTP/1.1" status: 200  len: 750 time: 0.0489230
2018-06-28 22:05:32.392 9834 DEBUG neutron.pecan_wsgi.hooks.policy_enforcement [req-42ce7ecf-5868-40c0-840b-f622230714df 655ab8e67d8e4ca680268ee96a43ee95 0ca3103c90a24980adf86a98ed1a7af3 - default default] Attributes excluded by policy engine: [u'shared'] _exclude_attributes_by_policy /usr/lib/python2.7/site-packages/neutron/pecan_wsgi/hooks/policy_enforcement.py:256
2018-06-28 22:05:32.396 9834 INFO neutron.wsgi [req-42ce7ecf-5868-40c0-840b-f622230714df 655ab8e67d8e4ca680268ee96a43ee95 0ca3103c90a24980adf86a98ed1a7af3 - default default] 10.0.20.46 "GET /v2.0/subnets?id=e5d7cafe-eb3c-45b8-8fea-3d9fda3d5d5f HTTP/1.1" status: 200  len: 847 time: 0.1544750
2018-06-28 22:05:32.524 9834 INFO neutron.wsgi [req-04d1bf1e-6231-48af-9b97-96b536b017a9 655ab8e67d8e4ca680268ee96a43ee95 0ca3103c90a24980adf86a98ed1a7af3 - default default] 10.0.20.46 "GET /v2.0/ports?network_id=f93c9221-31d5-4113-bb5e-a1f703dc0379&device_owner=network%3Adhcp HTTP/1.1" status: 200  len: 1128 time: 0.1194222
2018-06-28 22:05:33.213 9847 DEBUG neutron.db.agents_db [req-72c43243-b842-487e-a566-95dbdd958375 - - - - -] Agent healthcheck: found 5 active agents agent_health_check /usr/lib/python2.7/site-packages/neutron/db/agents_db.py:281
2018-06-28 22:05:34.379 9838 DEBUG neutron.plugins.ml2.rpc [req-41a8ef31-7b58-4b7e-92ba-4d56e6606c01 - - - - -] Device 03594a0d-6b82-45e9-92d2-08cc32f9d0a9 no longer exists at agent ovs-agent-localhost.localdomain update_device_down /usr/lib/python2.7/site-packages/neutron/plugins/ml2/rpc.py:213
2018-06-28 22:05:34.568 9838 DEBUG neutron_lib.callbacks.manager [req-41a8ef31-7b58-4b7e-92ba-4d56e6606c01 - - - - -] Notify callbacks ['neutron.plugins.ml2.plugin.Ml2Plugin._ensure_default_security_group_handler--9223372036846727030'] for port, before_update _notify_loop /usr/lib/python2.7/site-packages/neutron_lib/callbacks/manager.py:167
2018-06-28 22:05:34.670 9838 DEBUG oslo_concurrency.lockutils [-] Lock "notifier-67803576-d422-49de-ab06-a50f759e861e" acquired by "neutron.notifiers.batch_notifier.synced_send" :: waited 0.000s inner /usr/lib/python2.7/site-packages/oslo_concurrency/lockutils.py:270
2018-06-28 22:05:34.672 9838 DEBUG neutron.notifiers.nova [-] Sending events: [{'status': 'completed', 'tag': u'03594a0d-6b82-45e9-92d2-08cc32f9d0a9', 'name': 'network-vif-unplugged', 'server_uuid': u'e07c3881-245f-4a8e-a466-cf4a0d6d2bd0'}] send_events /usr/lib/python2.7/site-packages/neutron/notifiers/nova.py:242
2018-06-28 22:05:34.691 9838 DEBUG neutron.plugins.ml2.db [req-41a8ef31-7b58-4b7e-92ba-4d56e6606c01 - - - - -] For port 03594a0d-6b82-45e9-92d2-08cc32f9d0a9, host localhost.localdomain, got binding levels [<neutron.plugins.ml2.models.PortBindingLevel[object at 7f2eea722c10] {port_id=u'03594a0d-6b82-45e9-92d2-08cc32f9d0a9', host=u'localhost.localdomain', level=0, driver=u'openvswitch', segment_id=u'e8385d22-87bf-4651-8dea-e26b6fe1c3d4'}>] get_binding_levels /usr/lib/python2.7/site-packages/neutron/plugins/ml2/db.py:106
2018-06-28 22:05:34.725 9838 DEBUG neutron_lib.callbacks.manager [req-41a8ef31-7b58-4b7e-92ba-4d56e6606c01 - - - - -] Notify callbacks ['neutron.db.l3_dvrscheduler_db._notify_l3_agent_port_update--9223363296886698996', 'neutron.api.rpc.agentnotifiers.dhcp_rpc_agent_api.DhcpAgentNotifyAPI._native_event_send_dhcp_notification--9223372036854098679', 'neutron.plugins.ml2.plugin.Ml2Plugin.notify_sg_on_port_change-8048895', 'neutron.plugins.ml2.ovo_rpc._ObjectChangeHandler.handle_event-766840', 'neutron.db.l3_hascheduler_db._notify_l3_agent_ha_port_update--9223363296886698921'] for port, after_update _notify_loop /usr/lib/python2.7/site-packages/neutron_lib/callbacks/manager.py:167
2018-06-28 22:05:35.156 9838 DEBUG oslo_concurrency.lockutils [-] Lock "event-dispatch" acquired by "neutron.plugins.ml2.ovo_rpc.dispatch_events" :: waited 0.000s inner /usr/lib/python2.7/site-packages/oslo_concurrency/lockutils.py:270
2018-06-28 22:05:35.287 9838 DEBUG neutron.api.rpc.handlers.resources_rpc [req-41a8ef31-7b58-4b7e-92ba-4d56e6606c01 - - - - -] neutron.api.rpc.handlers.resources_rpc.ResourcesPushRpcApi method push called with arguments (<neutron_lib.context.Context object at 0x7f2eea603d10>, [Port(admin_state_up=True,allowed_address_pairs=[],binding=PortBinding,binding_levels=[PortBindingLevel],created_at=2018-06-28T20:02:08Z,data_plane_status=<?>,description='',device_id='e07c3881-245f-4a8e-a466-cf4a0d6d2bd0',device_owner='compute:nova',dhcp_options=[],distributed_binding=None,dns=None,fixed_ips=[IPAllocation],id=03594a0d-6b82-45e9-92d2-08cc32f9d0a9,mac_address=fa:16:3e:9d:f8:4e,name='',network_id=f93c9221-31d5-4113-bb5e-a1f703dc0379,project_id='c0d1b01551e241d1822fd54848674d25',qos_policy_id=None,revision_number=7,security=PortSecurity(03594a0d-6b82-45e9-92d2-08cc32f9d0a9),security_group_ids=set([4376d637-1448-459b-83fd-8102ad77d8ab]),status='DOWN',updated_at=2018-06-28T20:05:34Z)], 'updated') {} wrapper /usr/lib/python2.7/site-packages/oslo_log/helpers.py:66
2018-06-28 22:05:35.299 9838 DEBUG neutron.api.rpc.callbacks.version_manager [req-41a8ef31-7b58-4b7e-92ba-4d56e6606c01 - - - - -] Version for resource type Subnet changed None to 1.0 on consumer Open vSwitch agent@localhost.localdomain _set_version /usr/lib/python2.7/site-packages/neutron/api/rpc/callbacks/version_manager.py:119
2018-06-28 22:05:35.300 9838 DEBUG neutron.api.rpc.callbacks.version_manager [req-41a8ef31-7b58-4b7e-92ba-4d56e6606c01 - - - - -] Version for resource type Network changed None to 1.0 on consumer Open vSwitch agent@localhost.localdomain _set_version /usr/lib/python2.7/site-packages/neutron/api/rpc/callbacks/version_manager.py:119
2018-06-28 22:05:35.301 9838 DEBUG neutron.api.rpc.callbacks.version_manager [req-41a8ef31-7b58-4b7e-92ba-4d56e6606c01 - - - - -] Version for resource type SubPort changed None to 1.0 on consumer Open vSwitch agent@localhost.localdomain _set_version /usr/lib/python2.7/site-packages/neutron/api/rpc/callbacks/version_manager.py:119
2018-06-28 22:05:35.301 9838 DEBUG neutron.api.rpc.callbacks.version_manager [req-41a8ef31-7b58-4b7e-92ba-4d56e6606c01 - - - - -] Version for resource type SecurityGroup changed None to 1.0 on consumer Open vSwitch agent@localhost.localdomain _set_version /usr/lib/python2.7/site-packages/neutron/api/rpc/callbacks/version_manager.py:119
2018-06-28 22:05:35.302 9838 DEBUG neutron.api.rpc.callbacks.version_manager [req-41a8ef31-7b58-4b7e-92ba-4d56e6606c01 - - - - -] Version for resource type SecurityGroupRule changed None to 1.0 on consumer Open vSwitch agent@localhost.localdomain _set_version /usr/lib/python2.7/site-packages/neutron/api/rpc/callbacks/version_manager.py:119
2018-06-28 22:05:35.303 9838 DEBUG neutron.api.rpc.callbacks.version_manager [req-41a8ef31-7b58-4b7e-92ba-4d56e6606c01 - - - - -] Version for resource type Trunk changed None to 1.1 on consumer Open vSwitch agent@localhost.localdomain _set_version /usr/lib/python2.7/site-packages/neutron/api/rpc/callbacks/version_manager.py:119
2018-06-28 22:05:35.303 9838 DEBUG neutron.api.rpc.callbacks.version_manager [req-41a8ef31-7b58-4b7e-92ba-4d56e6606c01 - - - - -] Version for resource type QosPolicy changed None to 1.6 on consumer Open vSwitch agent@localhost.localdomain _set_version /usr/lib/python2.7/site-packages/neutron/api/rpc/callbacks/version_manager.py:119
2018-06-28 22:05:35.304 9838 DEBUG neutron.api.rpc.callbacks.version_manager [req-41a8ef31-7b58-4b7e-92ba-4d56e6606c01 - - - - -] Version for resource type Port changed None to 1.1 on consumer Open vSwitch agent@localhost.localdomain _set_version /usr/lib/python2.7/site-packages/neutron/api/rpc/callbacks/version_manager.py:119
2018-06-28 22:05:35.305 9838 DEBUG neutron.api.rpc.callbacks.version_manager [req-41a8ef31-7b58-4b7e-92ba-4d56e6606c01 - - - - -] Version for resource type Log changed None to 1.0 on consumer Open vSwitch agent@localhost.localdomain _set_version /usr/lib/python2.7/site-packages/neutron/api/rpc/callbacks/version_manager.py:119
2018-06-28 22:05:35.307 9838 DEBUG neutron.api.rpc.callbacks.version_manager [req-41a8ef31-7b58-4b7e-92ba-4d56e6606c01 - - - - -] Tracked resource versions report:
pushed versions:
{   'Log': set(['1.0']),
    'Network': set(['1.0']),
    'Port': set(['1.1']),
    'QosPolicy': set(['1.6']),
    'SecurityGroup': set(['1.0']),
    'SecurityGroupRule': set(['1.0']),
    'SubPort': set(['1.0']),
    'Subnet': set(['1.0']),
    'Trunk': set(['1.1'])}

consumer versions:
{   DHCP agent@localhost.localdomain: {   },
    L3 agent@localhost.localdomain: {   },
    Metadata agent@localhost.localdomain: {   },
    Metering agent@localhost.localdomain: {   },
    Open vSwitch agent@localhost.localdomain: {   u'Log': u'1.0',
                                                  u'Network': u'1.0',
                                                  u'Port': u'1.1',
                                                  u'QosPolicy': u'1.6',
                                                  u'SecurityGroup': u'1.0',
                                                  u'SecurityGroupRule': u'1.0',
                                                  u'SubPort': u'1.0',
                                                  u'Subnet': u'1.0',
                                                  u'Trunk': u'1.1'}}
 report /usr/lib/python2.7/site-packages/neutron/api/rpc/callbacks/version_manager.py:178
2018-06-28 22:05:35.331 9838 DEBUG oslo_concurrency.lockutils [req-41a8ef31-7b58-4b7e-92ba-4d56e6606c01 - - - - -] Lock "event-dispatch" released by "neutron.plugins.ml2.ovo_rpc.dispatch_events" :: held 0.175s inner /usr/lib/python2.7/site-packages/oslo_concurrency/lockutils.py:282
2018-06-28 22:05:35.652 9838 DEBUG novaclient.v2.client [-] REQ: curl -g -i -X POST http://10.0.20.46:8774/v2.1/0ca3103c90a24980adf86a98ed1a7af3/os-server-external-events -H "User-Agent: python-novaclient" -H "Content-Type: application/json" -H "Accept: application/json" -H "X-OpenStack-Nova-API-Version: 2.1" -H "X-Auth-Token: {SHA1}e2a17f7a75b07a3d4ca29722ed16ffb3fcaad9ec" -d '{"events": [{"status": "completed", "tag": "03594a0d-6b82-45e9-92d2-08cc32f9d0a9", "name": "network-vif-unplugged", "server_uuid": "e07c3881-245f-4a8e-a466-cf4a0d6d2bd0"}]}' _http_log_request /usr/lib/python2.7/site-packages/keystoneauth1/session.py:375
2018-06-28 22:05:36.504 9838 DEBUG novaclient.v2.client [-] RESP: [200] Content-Length: 185 Content-Type: application/json Openstack-Api-Version: compute 2.1 X-Openstack-Nova-Api-Version: 2.1 Vary: OpenStack-API-Version, X-OpenStack-Nova-API-Version X-Openstack-Request-Id: req-723806ce-f825-4c8a-826a-04f97b46382e X-Compute-Request-Id: req-723806ce-f825-4c8a-826a-04f97b46382e Date: Thu, 28 Jun 2018 20:05:36 GMT Connection: keep-alive 
RESP BODY: {"events": [{"status": "completed", "tag": "03594a0d-6b82-45e9-92d2-08cc32f9d0a9", "name": "network-vif-unplugged", "server_uuid": "e07c3881-245f-4a8e-a466-cf4a0d6d2bd0", "code": 200}]}
 _http_log_response /usr/lib/python2.7/site-packages/keystoneauth1/session.py:423
2018-06-28 22:05:36.505 9838 DEBUG novaclient.v2.client [-] POST call to compute for http://10.0.20.46:8774/v2.1/0ca3103c90a24980adf86a98ed1a7af3/os-server-external-events used request id req-723806ce-f825-4c8a-826a-04f97b46382e request /usr/lib/python2.7/site-packages/keystoneauth1/session.py:727
2018-06-28 22:05:36.520 9838 INFO neutron.notifiers.nova [-] Nova event response: {u'status': u'completed', u'tag': u'03594a0d-6b82-45e9-92d2-08cc32f9d0a9', u'name': u'network-vif-unplugged', u'server_uuid': u'e07c3881-245f-4a8e-a466-cf4a0d6d2bd0', u'code': 200}
2018-06-28 22:05:38.523 9838 DEBUG oslo_concurrency.lockutils [-] Lock "notifier-67803576-d422-49de-ab06-a50f759e861e" released by "neutron.notifiers.batch_notifier.synced_send" :: held 3.853s inner /usr/lib/python2.7/site-packages/oslo_concurrency/lockutils.py:282
2018-06-28 22:05:38.784 9829 DEBUG neutron.wsgi [-] (9829) accepted ('10.0.20.46', 43724) server /usr/lib/python2.7/site-packages/eventlet/wsgi.py:883
2018-06-28 22:05:39.456 9829 WARNING keystonemiddleware.auth_token [-] A valid token was submitted as a service token, but it was not a valid service token. This is incorrect but backwards compatible behaviour. This will be removed in future releases.
2018-06-28 22:05:40.035 9829 INFO neutron.wsgi [req-6ad031d9-09b0-4dfa-92ae-b7ce1df42ff8 9bb43e26c2c94863a119442424fda7d1 c0d1b01551e241d1822fd54848674d25 - ee8a0aa874a74112aabec8b8163ff08d ee8a0aa874a74112aabec8b8163ff08d] 10.0.20.46 "GET /v2.0/ports?device_id=e07c3881-245f-4a8e-a466-cf4a0d6d2bd0 HTTP/1.1" status: 200  len: 1122 time: 1.2459679
2018-06-28 22:05:40.198 9829 INFO neutron.wsgi [req-6ddf0a72-a78d-40eb-a14e-59e6b847bfb2 9bb43e26c2c94863a119442424fda7d1 c0d1b01551e241d1822fd54848674d25 - ee8a0aa874a74112aabec8b8163ff08d ee8a0aa874a74112aabec8b8163ff08d] 10.0.20.46 "GET /v2.0/security-groups?id=4376d637-1448-459b-83fd-8102ad77d8ab HTTP/1.1" status: 200  len: 2118 time: 0.1353419
2018-06-28 22:05:40.519 9839 DEBUG neutron.plugins.ml2.rpc [req-41a8ef31-7b58-4b7e-92ba-4d56e6606c01 - - - - -] Device 03594a0d-6b82-45e9-92d2-08cc32f9d0a9 up at agent ovs-agent-localhost.localdomain update_device_up /usr/lib/python2.7/site-packages/neutron/plugins/ml2/rpc.py:244
2018-06-28 22:05:40.659 9839 DEBUG neutron.db.provisioning_blocks [req-41a8ef31-7b58-4b7e-92ba-4d56e6606c01 - - - - -] Provisioning complete for port 03594a0d-6b82-45e9-92d2-08cc32f9d0a9 triggered by entity L2. provisioning_complete /usr/lib/python2.7/site-packages/neutron/db/provisioning_blocks.py:138
2018-06-28 22:05:40.660 9839 DEBUG neutron_lib.callbacks.manager [req-41a8ef31-7b58-4b7e-92ba-4d56e6606c01 - - - - -] Notify callbacks ['neutron.plugins.ml2.plugin.Ml2Plugin._port_provisioned-7848398'] for port, provisioning_complete _notify_loop /usr/lib/python2.7/site-packages/neutron_lib/callbacks/manager.py:167
2018-06-28 22:05:41.166 9839 DEBUG neutron_lib.callbacks.manager [req-41a8ef31-7b58-4b7e-92ba-4d56e6606c01 - - - - -] Notify callbacks ['neutron.plugins.ml2.plugin.Ml2Plugin._ensure_default_security_group_handler--9223372036846727030'] for port, before_update _notify_loop /usr/lib/python2.7/site-packages/neutron_lib/callbacks/manager.py:167
2018-06-28 22:05:41.250 9839 DEBUG oslo_concurrency.lockutils [-] Lock "notifier-67803576-d422-49de-ab06-a50f759e861e" acquired by "neutron.notifiers.batch_notifier.synced_send" :: waited 0.000s inner /usr/lib/python2.7/site-packages/oslo_concurrency/lockutils.py:270
2018-06-28 22:05:41.251 9839 DEBUG neutron.notifiers.nova [-] Sending events: [{'status': 'completed', 'tag': u'03594a0d-6b82-45e9-92d2-08cc32f9d0a9', 'name': 'network-vif-plugged', 'server_uuid': u'e07c3881-245f-4a8e-a466-cf4a0d6d2bd0'}] send_events /usr/lib/python2.7/site-packages/neutron/notifiers/nova.py:242
2018-06-28 22:05:41.260 9839 DEBUG neutron.plugins.ml2.db [req-41a8ef31-7b58-4b7e-92ba-4d56e6606c01 - - - - -] For port 03594a0d-6b82-45e9-92d2-08cc32f9d0a9, host localhost.localdomain, got binding levels [<neutron.plugins.ml2.models.PortBindingLevel[object at 7f2eea495810] {port_id=u'03594a0d-6b82-45e9-92d2-08cc32f9d0a9', host=u'localhost.localdomain', level=0, driver=u'openvswitch', segment_id=u'e8385d22-87bf-4651-8dea-e26b6fe1c3d4'}>] get_binding_levels /usr/lib/python2.7/site-packages/neutron/plugins/ml2/db.py:106
2018-06-28 22:05:41.285 9839 DEBUG neutron_lib.callbacks.manager [req-41a8ef31-7b58-4b7e-92ba-4d56e6606c01 - - - - -] Notify callbacks ['neutron.db.l3_dvrscheduler_db._notify_l3_agent_port_update--9223363296886698996', 'neutron.api.rpc.agentnotifiers.dhcp_rpc_agent_api.DhcpAgentNotifyAPI._native_event_send_dhcp_notification--9223372036854098679', 'neutron.plugins.ml2.plugin.Ml2Plugin.notify_sg_on_port_change-8048895', 'neutron.plugins.ml2.ovo_rpc._ObjectChangeHandler.handle_event-766840', 'neutron.db.l3_hascheduler_db._notify_l3_agent_ha_port_update--9223363296886698921'] for port, after_update _notify_loop /usr/lib/python2.7/site-packages/neutron_lib/callbacks/manager.py:167
2018-06-28 22:05:41.314 9839 DEBUG oslo_concurrency.lockutils [-] Lock "event-dispatch" acquired by "neutron.plugins.ml2.ovo_rpc.dispatch_events" :: waited 0.000s inner /usr/lib/python2.7/site-packages/oslo_concurrency/lockutils.py:270
2018-06-28 22:05:41.501 9839 DEBUG neutron.api.rpc.handlers.resources_rpc [req-41a8ef31-7b58-4b7e-92ba-4d56e6606c01 - - - - -] neutron.api.rpc.handlers.resources_rpc.ResourcesPushRpcApi method push called with arguments (<neutron_lib.context.Context object at 0x7f2eea5caf50>, [Port(admin_state_up=True,allowed_address_pairs=[],binding=PortBinding,binding_levels=[PortBindingLevel],created_at=2018-06-28T20:02:08Z,data_plane_status=<?>,description='',device_id='e07c3881-245f-4a8e-a466-cf4a0d6d2bd0',device_owner='compute:nova',dhcp_options=[],distributed_binding=None,dns=None,fixed_ips=[IPAllocation],id=03594a0d-6b82-45e9-92d2-08cc32f9d0a9,mac_address=fa:16:3e:9d:f8:4e,name='',network_id=f93c9221-31d5-4113-bb5e-a1f703dc0379,project_id='c0d1b01551e241d1822fd54848674d25',qos_policy_id=None,revision_number=8,security=PortSecurity(03594a0d-6b82-45e9-92d2-08cc32f9d0a9),security_group_ids=set([4376d637-1448-459b-83fd-8102ad77d8ab]),status='ACTIVE',updated_at=2018-06-28T20:05:41Z)], 'updated') {} wrapper /usr/lib/python2.7/site-packages/oslo_log/helpers.py:66
2018-06-28 22:05:41.529 9839 DEBUG neutron.api.rpc.callbacks.version_manager [req-41a8ef31-7b58-4b7e-92ba-4d56e6606c01 - - - - -] Version for resource type Subnet changed None to 1.0 on consumer Open vSwitch agent@localhost.localdomain _set_version /usr/lib/python2.7/site-packages/neutron/api/rpc/callbacks/version_manager.py:119
2018-06-28 22:05:41.530 9839 DEBUG neutron.api.rpc.callbacks.version_manager [req-41a8ef31-7b58-4b7e-92ba-4d56e6606c01 - - - - -] Version for resource type Network changed None to 1.0 on consumer Open vSwitch agent@localhost.localdomain _set_version /usr/lib/python2.7/site-packages/neutron/api/rpc/callbacks/version_manager.py:119
2018-06-28 22:05:41.531 9839 DEBUG neutron.api.rpc.callbacks.version_manager [req-41a8ef31-7b58-4b7e-92ba-4d56e6606c01 - - - - -] Version for resource type SubPort changed None to 1.0 on consumer Open vSwitch agent@localhost.localdomain _set_version /usr/lib/python2.7/site-packages/neutron/api/rpc/callbacks/version_manager.py:119
