2018-06-30 01:02:28.588 5625 DEBUG nova.api.openstack.placement.wsgi [-] cells.cells_config             = None log_opt_values /usr/lib/python2.7/site-packages/oslo_config/cfg.py:2887
2018-06-30 01:02:28.588 5625 DEBUG nova.api.openstack.placement.wsgi [-] cells.db_check_interval        = 60 log_opt_values /usr/lib/python2.7/site-packages/oslo_config/cfg.py:2887
2018-06-30 01:02:28.589 5625 DEBUG nova.api.openstack.placement.wsgi [-] cells.enable                   = False log_opt_values /usr/lib/python2.7/site-packages/oslo_config/cfg.py:2887
2018-06-30 01:02:28.589 5625 DEBUG nova.api.openstack.placement.wsgi [-] cells.instance_update_num_instances = 1 log_opt_values /usr/lib/python2.7/site-packages/oslo_config/cfg.py:2887
2018-06-30 01:02:28.590 5625 DEBUG nova.api.openstack.placement.wsgi [-] cells.instance_update_sync_database_limit = 100 log_opt_values /usr/lib/python2.7/site-packages/oslo_config/cfg.py:2887
2018-06-30 01:02:28.591 5625 DEBUG nova.api.openstack.placement.wsgi [-] cells.instance_updated_at_threshold = 3600 log_opt_values /usr/lib/python2.7/site-packages/oslo_config/cfg.py:2887
2018-06-30 01:02:28.591 5625 DEBUG nova.api.openstack.placement.wsgi [-] cells.max_hop_count            = 10 log_opt_values /usr/lib/python2.7/site-packages/oslo_config/cfg.py:2887
2018-06-30 01:02:28.592 5625 DEBUG nova.api.openstack.placement.wsgi [-] cells.mute_child_interval      = 300 log_opt_values /usr/lib/python2.7/site-packages/oslo_config/cfg.py:2887
2018-06-30 01:02:28.592 5625 DEBUG nova.api.openstack.placement.wsgi [-] cells.mute_weight_multiplier   = -10000.0 log_opt_values /usr/lib/python2.7/site-packages/oslo_config/cfg.py:2887
2018-06-30 01:02:28.593 5625 DEBUG nova.api.openstack.placement.wsgi [-] cells.name                     = nova log_opt_values /usr/lib/python2.7/site-packages/oslo_config/cfg.py:2887
2018-06-30 01:02:28.593 5625 DEBUG nova.api.openstack.placement.wsgi [-] cells.offset_weight_multiplier = 1.0 log_opt_values /usr/lib/python2.7/site-packages/oslo_config/cfg.py:2887
2018-06-30 01:02:28.594 5625 DEBUG nova.api.openstack.placement.wsgi [-] cells.ram_weight_multiplier    = 10.0 log_opt_values /usr/lib/python2.7/site-packages/oslo_config/cfg.py:2887
2018-06-30 01:02:28.595 5625 DEBUG nova.api.openstack.placement.wsgi [-] cells.reserve_percent          = 10.0 log_opt_values /usr/lib/python2.7/site-packages/oslo_config/cfg.py:2887
2018-06-30 01:02:28.595 5625 DEBUG nova.api.openstack.placement.wsgi [-] cells.rpc_driver_queue_base    = cells.intercell log_opt_values /usr/lib/python2.7/site-packages/oslo_config/cfg.py:2887
2018-06-30 01:02:28.596 5625 DEBUG nova.api.openstack.placement.wsgi [-] cells.scheduler                = nova.cells.scheduler.CellsScheduler log_opt_values /usr/lib/python2.7/site-packages/oslo_config/cfg.py:2887
2018-06-30 01:02:28.596 5625 DEBUG nova.api.openstack.placement.wsgi [-] cells.scheduler_filter_classes = ['nova.cells.filters.all_filters'] log_opt_values /usr/lib/python2.7/site-packages/oslo_config/cfg.py:2887
2018-06-30 01:02:28.597 5625 DEBUG nova.api.openstack.placement.wsgi [-] cells.scheduler_retries        = 10 log_opt_values /usr/lib/python2.7/site-packages/oslo_config/cfg.py:2887
2018-06-30 01:02:28.597 5625 DEBUG nova.api.openstack.placement.wsgi [-] cells.scheduler_retry_delay    = 2 log_opt_values /usr/lib/python2.7/site-packages/oslo_config/cfg.py:2887
2018-06-30 01:02:28.598 5625 DEBUG nova.api.openstack.placement.wsgi [-] cells.scheduler_weight_classes = ['nova.cells.weights.all_weighers'] log_opt_values /usr/lib/python2.7/site-packages/oslo_config/cfg.py:2887
2018-06-30 01:02:28.599 5625 DEBUG nova.api.openstack.placement.wsgi [-] api_database.connection        = **** log_opt_values /usr/lib/python2.7/site-packages/oslo_config/cfg.py:2887
2018-06-30 01:02:28.599 5625 DEBUG nova.api.openstack.placement.wsgi [-] api_database.connection_debug  = 0 log_opt_values /usr/lib/python2.7/site-packages/oslo_config/cfg.py:2887
2018-06-30 01:02:28.600 5625 DEBUG nova.api.openstack.placement.wsgi [-] api_database.connection_trace  = False log_opt_values /usr/lib/python2.7/site-packages/oslo_config/cfg.py:2887
2018-06-30 01:02:28.600 5625 DEBUG nova.api.openstack.placement.wsgi [-] api_database.idle_timeout      = 3600 log_opt_values /usr/lib/python2.7/site-packages/oslo_config/cfg.py:2887
2018-06-30 01:02:28.601 5625 DEBUG nova.api.openstack.placement.wsgi [-] api_database.max_overflow      = None log_opt_values /usr/lib/python2.7/site-packages/oslo_config/cfg.py:2887
2018-06-30 01:02:28.601 5625 DEBUG nova.api.openstack.placement.wsgi [-] api_database.max_pool_size     = None log_opt_values /usr/lib/python2.7/site-packages/oslo_config/cfg.py:2887
2018-06-30 01:02:28.602 5625 DEBUG nova.api.openstack.placement.wsgi [-] api_database.max_retries       = 10 log_opt_values /usr/lib/python2.7/site-packages/oslo_config/cfg.py:2887
2018-06-30 01:02:28.602 5625 DEBUG nova.api.openstack.placement.wsgi [-] api_database.mysql_sql_mode    = TRADITIONAL log_opt_values /usr/lib/python2.7/site-packages/oslo_config/cfg.py:2887
2018-06-30 01:02:28.603 5625 DEBUG nova.api.openstack.placement.wsgi [-] api_database.pool_timeout      = None log_opt_values /usr/lib/python2.7/site-packages/oslo_config/cfg.py:2887
2018-06-30 01:02:28.603 5625 DEBUG nova.api.openstack.placement.wsgi [-] api_database.retry_interval    = 10 log_opt_values /usr/lib/python2.7/site-packages/oslo_config/cfg.py:2887
2018-06-30 01:02:28.603 5625 DEBUG nova.api.openstack.placement.wsgi [-] api_database.slave_connection  = **** log_opt_values /usr/lib/python2.7/site-packages/oslo_config/cfg.py:2887
2018-06-30 01:02:28.604 5625 DEBUG nova.api.openstack.placement.wsgi [-] api_database.sqlite_synchronous = True log_opt_values /usr/lib/python2.7/site-packages/oslo_config/cfg.py:2887
2018-06-30 01:02:28.605 5625 DEBUG nova.api.openstack.placement.wsgi [-] crypto.ca_file                 = cacert.pem log_opt_values /usr/lib/python2.7/site-packages/oslo_config/cfg.py:2887
2018-06-30 01:02:28.605 5625 DEBUG nova.api.openstack.placement.wsgi [-] crypto.ca_path                 = /var/lib/nova/CA log_opt_values /usr/lib/python2.7/site-packages/oslo_config/cfg.py:2887
2018-06-30 01:02:28.606 5625 DEBUG nova.api.openstack.placement.wsgi [-] crypto.crl_file                = crl.pem log_opt_values /usr/lib/python2.7/site-packages/oslo_config/cfg.py:2887
2018-06-30 01:02:28.607 5625 DEBUG nova.api.openstack.placement.wsgi [-] crypto.key_file                = private/cakey.pem log_opt_values /usr/lib/python2.7/site-packages/oslo_config/cfg.py:2887
2018-06-30 01:02:28.608 5625 DEBUG nova.api.openstack.placement.wsgi [-] crypto.keys_path               = /var/lib/nova/keys log_opt_values /usr/lib/python2.7/site-packages/oslo_config/cfg.py:2887
2018-06-30 01:02:28.608 5625 DEBUG nova.api.openstack.placement.wsgi [-] crypto.project_cert_subject    = /C=US/ST=California/O=OpenStack/OU=NovaDev/CN=project-ca-%.16s-%s log_opt_values /usr/lib/python2.7/site-packages/oslo_config/cfg.py:2887
2018-06-30 01:02:28.609 5625 DEBUG nova.api.openstack.placement.wsgi [-] crypto.use_project_ca          = False log_opt_values /usr/lib/python2.7/site-packages/oslo_config/cfg.py:2887
2018-06-30 01:02:28.609 5625 DEBUG nova.api.openstack.placement.wsgi [-] crypto.user_cert_subject       = /C=US/ST=California/O=OpenStack/OU=NovaDev/CN=%.16s-%.16s-%s log_opt_values /usr/lib/python2.7/site-packages/oslo_config/cfg.py:2887
2018-06-30 01:02:28.610 5625 DEBUG nova.api.openstack.placement.wsgi [-] profiler.connection_string     = messaging:// log_opt_values /usr/lib/python2.7/site-packages/oslo_config/cfg.py:2887
2018-06-30 01:02:28.610 5625 DEBUG nova.api.openstack.placement.wsgi [-] profiler.enabled               = False log_opt_values /usr/lib/python2.7/site-packages/oslo_config/cfg.py:2887
2018-06-30 01:02:28.611 5625 DEBUG nova.api.openstack.placement.wsgi [-] profiler.es_doc_type           = notification log_opt_values /usr/lib/python2.7/site-packages/oslo_config/cfg.py:2887
2018-06-30 01:02:28.611 5625 DEBUG nova.api.openstack.placement.wsgi [-] profiler.es_scroll_size        = 10000 log_opt_values /usr/lib/python2.7/site-packages/oslo_config/cfg.py:2887
2018-06-30 01:02:28.612 5625 DEBUG nova.api.openstack.placement.wsgi [-] profiler.es_scroll_time        = 2m log_opt_values /usr/lib/python2.7/site-packages/oslo_config/cfg.py:2887
2018-06-30 01:02:28.613 5625 DEBUG nova.api.openstack.placement.wsgi [-] profiler.hmac_keys             = SECRET_KEY log_opt_values /usr/lib/python2.7/site-packages/oslo_config/cfg.py:2887
2018-06-30 01:02:28.614 5625 DEBUG nova.api.openstack.placement.wsgi [-] profiler.sentinel_service_name = mymaster log_opt_values /usr/lib/python2.7/site-packages/oslo_config/cfg.py:2887
2018-06-30 01:02:28.615 5625 DEBUG nova.api.openstack.placement.wsgi [-] profiler.socket_timeout        = 0.1 log_opt_values /usr/lib/python2.7/site-packages/oslo_config/cfg.py:2887
2018-06-30 01:02:28.615 5625 DEBUG nova.api.openstack.placement.wsgi [-] profiler.trace_sqlalchemy      = False log_opt_values /usr/lib/python2.7/site-packages/oslo_config/cfg.py:2887
2018-06-30 01:02:28.616 5625 DEBUG nova.api.openstack.placement.wsgi [-] cinder.cafile                  = None log_opt_values /usr/lib/python2.7/site-packages/oslo_config/cfg.py:2887
2018-06-30 01:02:28.616 5625 DEBUG nova.api.openstack.placement.wsgi [-] cinder.catalog_info            = volumev2:cinderv2:publicURL log_opt_values /usr/lib/python2.7/site-packages/oslo_config/cfg.py:2887
2018-06-30 01:02:28.617 5625 DEBUG nova.api.openstack.placement.wsgi [-] cinder.certfile                = None log_opt_values /usr/lib/python2.7/site-packages/oslo_config/cfg.py:2887
2018-06-30 01:02:28.617 5625 DEBUG nova.api.openstack.placement.wsgi [-] cinder.cross_az_attach         = True log_opt_values /usr/lib/python2.7/site-packages/oslo_config/cfg.py:2887
2018-06-30 01:02:28.618 5625 DEBUG nova.api.openstack.placement.wsgi [-] cinder.endpoint_template       = None log_opt_values /usr/lib/python2.7/site-packages/oslo_config/cfg.py:2887
2018-06-30 01:02:28.619 5625 DEBUG nova.api.openstack.placement.wsgi [-] cinder.http_retries            = 3 log_opt_values /usr/lib/python2.7/site-packages/oslo_config/cfg.py:2887
2018-06-30 01:02:28.619 5625 DEBUG nova.api.openstack.placement.wsgi [-] cinder.insecure                = False log_opt_values /usr/lib/python2.7/site-packages/oslo_config/cfg.py:2887
2018-06-30 01:02:28.620 5625 DEBUG nova.api.openstack.placement.wsgi [-] cinder.keyfile                 = None log_opt_values /usr/lib/python2.7/site-packages/oslo_config/cfg.py:2887
2018-06-30 01:02:28.620 5625 DEBUG nova.api.openstack.placement.wsgi [-] cinder.os_region_name          = None log_opt_values /usr/lib/python2.7/site-packages/oslo_config/cfg.py:2887
2018-06-30 01:02:28.621 5625 DEBUG nova.api.openstack.placement.wsgi [-] cinder.timeout                 = None log_opt_values /usr/lib/python2.7/site-packages/oslo_config/cfg.py:2887
2018-06-30 01:02:28.621 5625 DEBUG nova.api.openstack.placement.wsgi [-] trusted_computing.attestation_api_url = /OpenAttestationWebServices/V1.0 log_opt_values /usr/lib/python2.7/site-packages/oslo_config/cfg.py:2887
2018-06-30 01:02:28.622 5625 DEBUG nova.api.openstack.placement.wsgi [-] trusted_computing.attestation_auth_blob = **** log_opt_values /usr/lib/python2.7/site-packages/oslo_config/cfg.py:2887
2018-06-30 01:02:28.622 5625 DEBUG nova.api.openstack.placement.wsgi [-] trusted_computing.attestation_auth_timeout = 60 log_opt_values /usr/lib/python2.7/site-packages/oslo_config/cfg.py:2887
2018-06-30 01:02:28.623 5625 DEBUG nova.api.openstack.placement.wsgi [-] trusted_computing.attestation_insecure_ssl = False log_opt_values /usr/lib/python2.7/site-packages/oslo_config/cfg.py:2887
2018-06-30 01:02:28.623 5625 DEBUG nova.api.openstack.placement.wsgi [-] trusted_computing.attestation_port = 8443 log_opt_values /usr/lib/python2.7/site-packages/oslo_config/cfg.py:2887
2018-06-30 01:02:28.624 5625 DEBUG nova.api.openstack.placement.wsgi [-] trusted_computing.attestation_server = None log_opt_values /usr/lib/python2.7/site-packages/oslo_config/cfg.py:2887
2018-06-30 01:02:28.624 5625 DEBUG nova.api.openstack.placement.wsgi [-] trusted_computing.attestation_server_ca_file = None log_opt_values /usr/lib/python2.7/site-packages/oslo_config/cfg.py:2887
2018-06-30 01:02:28.625 5625 DEBUG nova.api.openstack.placement.wsgi [-] upgrade_levels.baseapi         = None log_opt_values /usr/lib/python2.7/site-packages/oslo_config/cfg.py:2887
2018-06-30 01:02:28.625 5625 DEBUG nova.api.openstack.placement.wsgi [-] upgrade_levels.cells           = None log_opt_values /usr/lib/python2.7/site-packages/oslo_config/cfg.py:2887
2018-06-30 01:02:28.625 5625 DEBUG nova.api.openstack.placement.wsgi [-] upgrade_levels.cert            = None log_opt_values /usr/lib/python2.7/site-packages/oslo_config/cfg.py:2887
2018-06-30 01:02:28.626 5625 DEBUG nova.api.openstack.placement.wsgi [-] upgrade_levels.compute         = None log_opt_values /usr/lib/python2.7/site-packages/oslo_config/cfg.py:2887
2018-06-30 01:02:28.626 5625 DEBUG nova.api.openstack.placement.wsgi [-] upgrade_levels.conductor       = None log_opt_values /usr/lib/python2.7/site-packages/oslo_config/cfg.py:2887
2018-06-30 01:02:28.627 5625 DEBUG nova.api.openstack.placement.wsgi [-] upgrade_levels.console         = None log_opt_values /usr/lib/python2.7/site-packages/oslo_config/cfg.py:2887
2018-06-30 01:02:28.627 5625 DEBUG nova.api.openstack.placement.wsgi [-] upgrade_levels.consoleauth     = None log_opt_values /usr/lib/python2.7/site-packages/oslo_config/cfg.py:2887
2018-06-30 01:02:28.628 5625 DEBUG nova.api.openstack.placement.wsgi [-] upgrade_levels.intercell       = None log_opt_values /usr/lib/python2.7/site-packages/oslo_config/cfg.py:2887
2018-06-30 01:02:28.628 5625 DEBUG nova.api.openstack.placement.wsgi [-] upgrade_levels.network         = None log_opt_values /usr/lib/python2.7/site-packages/oslo_config/cfg.py:2887
2018-06-30 01:02:28.628 5625 DEBUG nova.api.openstack.placement.wsgi [-] upgrade_levels.scheduler       = None log_opt_values /usr/lib/python2.7/site-packages/oslo_config/cfg.py:2887
2018-06-30 01:02:28.629 5625 DEBUG nova.api.openstack.placement.wsgi [-] key_manager.api_class          = castellan.key_manager.barbican_key_manager.BarbicanKeyManager log_opt_values /usr/lib/python2.7/site-packages/oslo_config/cfg.py:2887
2018-06-30 01:02:28.629 5625 DEBUG nova.api.openstack.placement.wsgi [-] key_manager.fixed_key          = None log_opt_values /usr/lib/python2.7/site-packages/oslo_config/cfg.py:2887
2018-06-30 01:02:28.630 5625 DEBUG nova.api.openstack.placement.wsgi [-] osapi_v21.project_id_regex     = None log_opt_values /usr/lib/python2.7/site-packages/oslo_config/cfg.py:2887
2018-06-30 01:02:28.631 5625 DEBUG nova.api.openstack.placement.wsgi [-] ******************************************************************************** log_opt_values /usr/lib/python2.7/site-packages/oslo_config/cfg.py:2889
2018-06-30 01:02:28.651 5625 WARNING keystonemiddleware.auth_token [-] AuthToken middleware is set with keystone_authtoken.service_token_roles_required set to False. This is backwards compatible but deprecated behaviour. Please set this to True.
2018-06-30 01:02:28.671 5625 WARNING keystonemiddleware.auth_token [-] Using the in-process token cache is deprecated as of the 4.2.0 release and may be removed in the 5.0.0 release or the 'O' development cycle. The in-process cache causes inconsistent results and high memory usage. When the feature is removed the auth_token middleware will not cache tokens by default which may result in performance issues. It is recommended to use  memcache for the auth_token token cache by setting the memcached_servers option.
2018-06-30 01:02:30.598 5625 DEBUG nova.api.openstack.placement.requestlog [req-92c58e13-13e1-4b6e-a92a-270527dc9c20 afec3d326b9c4426a6cbc38293ff16bd 910acf3b84b64f358e48f506530f7cb1 - default default] Starting request: 10.0.20.25 "GET /placement/resource_providers/79e0bbc9-cf70-417c-a6be-7df1481a6b20/aggregates" __call__ /usr/lib/python2.7/site-packages/nova/api/openstack/placement/requestlog.py:38
2018-06-30 01:02:30.818 5625 DEBUG oslo_db.sqlalchemy.engines [req-92c58e13-13e1-4b6e-a92a-270527dc9c20 afec3d326b9c4426a6cbc38293ff16bd 910acf3b84b64f358e48f506530f7cb1 - default default] MySQL server mode set to STRICT_TRANS_TABLES,STRICT_ALL_TABLES,NO_ZERO_IN_DATE,NO_ZERO_DATE,ERROR_FOR_DIVISION_BY_ZERO,TRADITIONAL,NO_AUTO_CREATE_USER,NO_ENGINE_SUBSTITUTION _check_effective_sql_mode /usr/lib/python2.7/site-packages/oslo_db/sqlalchemy/engines.py:285
2018-06-30 01:02:31.476 5625 INFO nova.api.openstack.placement.requestlog [req-92c58e13-13e1-4b6e-a92a-270527dc9c20 afec3d326b9c4426a6cbc38293ff16bd 910acf3b84b64f358e48f506530f7cb1 - default default] 10.0.20.25 "GET /placement/resource_providers/79e0bbc9-cf70-417c-a6be-7df1481a6b20/aggregates" status: 200 len: 18 microversion: 1.1
2018-06-30 01:02:31.498 5626 DEBUG nova.api.openstack.placement.requestlog [req-56026d93-dbc9-43be-9a64-19088e5fa57f afec3d326b9c4426a6cbc38293ff16bd 910acf3b84b64f358e48f506530f7cb1 - default default] Starting request: 10.0.20.25 "GET /placement/resource_providers/79e0bbc9-cf70-417c-a6be-7df1481a6b20/inventories" __call__ /usr/lib/python2.7/site-packages/nova/api/openstack/placement/requestlog.py:38
2018-06-30 01:02:31.527 5626 INFO nova.api.openstack.placement.requestlog [req-56026d93-dbc9-43be-9a64-19088e5fa57f afec3d326b9c4426a6cbc38293ff16bd 910acf3b84b64f358e48f506530f7cb1 - default default] 10.0.20.25 "GET /placement/resource_providers/79e0bbc9-cf70-417c-a6be-7df1481a6b20/inventories" status: 200 len: 399 microversion: 1.0
2018-06-30 01:02:44.336 5621 DEBUG nova.api.openstack.placement.requestlog [req-9a9d248b-b603-4fdb-8098-f41f1458f160 afec3d326b9c4426a6cbc38293ff16bd 910acf3b84b64f358e48f506530f7cb1 - default default] Starting request: 10.0.20.25 "GET /placement/allocation_candidates?resources=DISK_GB%3A1%2CMEMORY_MB%3A512%2CVCPU%3A1" __call__ /usr/lib/python2.7/site-packages/nova/api/openstack/placement/requestlog.py:38
2018-06-30 01:02:44.505 5621 INFO nova.api.openstack.placement.requestlog [req-9a9d248b-b603-4fdb-8098-f41f1458f160 afec3d326b9c4426a6cbc38293ff16bd 910acf3b84b64f358e48f506530f7cb1 - default default] 10.0.20.25 "GET /placement/allocation_candidates?resources=DISK_GB%3A1%2CMEMORY_MB%3A512%2CVCPU%3A1" status: 200 len: 380 microversion: 1.10
2018-06-30 01:02:46.721 5623 DEBUG nova.api.openstack.placement.requestlog [req-ac123da2-1de2-40b4-9d81-8a31e8d8c794 afec3d326b9c4426a6cbc38293ff16bd 910acf3b84b64f358e48f506530f7cb1 - default default] Starting request: 10.0.20.25 "GET /placement/allocations/8d10e07f-5375-4906-af21-0da2043f1ee4" __call__ /usr/lib/python2.7/site-packages/nova/api/openstack/placement/requestlog.py:38
2018-06-30 01:02:46.738 5623 INFO nova.api.openstack.placement.requestlog [req-ac123da2-1de2-40b4-9d81-8a31e8d8c794 afec3d326b9c4426a6cbc38293ff16bd 910acf3b84b64f358e48f506530f7cb1 - default default] 10.0.20.25 "GET /placement/allocations/8d10e07f-5375-4906-af21-0da2043f1ee4" status: 200 len: 19 microversion: 1.0
2018-06-30 01:02:47.087 5627 DEBUG nova.api.openstack.placement.requestlog [req-f5d946a8-d3b0-4d7d-8030-1af70d41fb09 afec3d326b9c4426a6cbc38293ff16bd 910acf3b84b64f358e48f506530f7cb1 - default default] Starting request: 10.0.20.25 "PUT /placement/allocations/8d10e07f-5375-4906-af21-0da2043f1ee4" __call__ /usr/lib/python2.7/site-packages/nova/api/openstack/placement/requestlog.py:38
2018-06-30 01:02:47.189 5627 DEBUG nova.api.openstack.placement.handlers.allocation [req-f5d946a8-d3b0-4d7d-8030-1af70d41fb09 afec3d326b9c4426a6cbc38293ff16bd 910acf3b84b64f358e48f506530f7cb1 - default default] Successfully wrote allocations AllocationList[Allocation(consumer_id=8d10e07f-5375-4906-af21-0da2043f1ee4,id=<?>,resource_class='VCPU',resource_provider=ResourceProvider(79e0bbc9-cf70-417c-a6be-7df1481a6b20),used=1), Allocation(consumer_id=8d10e07f-5375-4906-af21-0da2043f1ee4,id=<?>,resource_class='MEMORY_MB',resource_provider=ResourceProvider(79e0bbc9-cf70-417c-a6be-7df1481a6b20),used=512), Allocation(consumer_id=8d10e07f-5375-4906-af21-0da2043f1ee4,id=<?>,resource_class='DISK_GB',resource_provider=ResourceProvider(79e0bbc9-cf70-417c-a6be-7df1481a6b20),used=1)] _set_allocations /usr/lib/python2.7/site-packages/nova/api/openstack/placement/handlers/allocation.py:254
2018-06-30 01:02:47.192 5627 INFO nova.api.openstack.placement.requestlog [req-f5d946a8-d3b0-4d7d-8030-1af70d41fb09 afec3d326b9c4426a6cbc38293ff16bd 910acf3b84b64f358e48f506530f7cb1 - default default] 10.0.20.25 "PUT /placement/allocations/8d10e07f-5375-4906-af21-0da2043f1ee4" status: 204 len: 0 microversion: 1.10
2018-06-30 01:02:49.717 5621 DEBUG nova.api.openstack.placement.requestlog [req-11ea7086-1a3c-422d-a521-37bd6df07f61 afec3d326b9c4426a6cbc38293ff16bd 910acf3b84b64f358e48f506530f7cb1 - default default] Starting request: 10.0.20.25 "GET /placement/resource_providers/79e0bbc9-cf70-417c-a6be-7df1481a6b20/aggregates" __call__ /usr/lib/python2.7/site-packages/nova/api/openstack/placement/requestlog.py:38
2018-06-30 01:02:49.733 5621 INFO nova.api.openstack.placement.requestlog [req-11ea7086-1a3c-422d-a521-37bd6df07f61 afec3d326b9c4426a6cbc38293ff16bd 910acf3b84b64f358e48f506530f7cb1 - default default] 10.0.20.25 "GET /placement/resource_providers/79e0bbc9-cf70-417c-a6be-7df1481a6b20/aggregates" status: 200 len: 18 microversion: 1.1
2018-06-30 01:02:49.751 5628 DEBUG nova.api.openstack.placement.requestlog [req-700bcb76-3038-46ae-8acf-720108715b76 afec3d326b9c4426a6cbc38293ff16bd 910acf3b84b64f358e48f506530f7cb1 - default default] Starting request: 10.0.20.25 "GET /placement/resource_providers/79e0bbc9-cf70-417c-a6be-7df1481a6b20/inventories" __call__ /usr/lib/python2.7/site-packages/nova/api/openstack/placement/requestlog.py:38
2018-06-30 01:02:49.781 5628 INFO nova.api.openstack.placement.requestlog [req-700bcb76-3038-46ae-8acf-720108715b76 afec3d326b9c4426a6cbc38293ff16bd 910acf3b84b64f358e48f506530f7cb1 - default default] 10.0.20.25 "GET /placement/resource_providers/79e0bbc9-cf70-417c-a6be-7df1481a6b20/inventories" status: 200 len: 399 microversion: 1.0
2018-06-30 01:03:17.568 5624 DEBUG nova.api.openstack.placement.requestlog [req-55d113ff-0387-4410-b237-ac71f83db7f4 afec3d326b9c4426a6cbc38293ff16bd 910acf3b84b64f358e48f506530f7cb1 - default default] Starting request: 10.0.20.25 "GET /placement/resource_providers/79e0bbc9-cf70-417c-a6be-7df1481a6b20/aggregates" __call__ /usr/lib/python2.7/site-packages/nova/api/openstack/placement/requestlog.py:38
2018-06-30 01:03:17.597 5624 INFO nova.api.openstack.placement.requestlog [req-55d113ff-0387-4410-b237-ac71f83db7f4 afec3d326b9c4426a6cbc38293ff16bd 910acf3b84b64f358e48f506530f7cb1 - default default] 10.0.20.25 "GET /placement/resource_providers/79e0bbc9-cf70-417c-a6be-7df1481a6b20/aggregates" status: 200 len: 18 microversion: 1.1
2018-06-30 01:03:17.616 5623 DEBUG nova.api.openstack.placement.requestlog [req-0e9f3fcf-21b9-4555-819d-84951c28b5f6 afec3d326b9c4426a6cbc38293ff16bd 910acf3b84b64f358e48f506530f7cb1 - default default] Starting request: 10.0.20.25 "GET /placement/resource_providers/79e0bbc9-cf70-417c-a6be-7df1481a6b20/inventories" __call__ /usr/lib/python2.7/site-packages/nova/api/openstack/placement/requestlog.py:38
2018-06-30 01:03:17.646 5623 INFO nova.api.openstack.placement.requestlog [req-0e9f3fcf-21b9-4555-819d-84951c28b5f6 afec3d326b9c4426a6cbc38293ff16bd 910acf3b84b64f358e48f506530f7cb1 - default default] 10.0.20.25 "GET /placement/resource_providers/79e0bbc9-cf70-417c-a6be-7df1481a6b20/inventories" status: 200 len: 399 microversion: 1.0
2018-06-30 01:03:18.367 5622 DEBUG nova.api.openstack.placement.requestlog [req-51d1c082-2b52-4102-8d2e-c87ac81e3a72 afec3d326b9c4426a6cbc38293ff16bd 910acf3b84b64f358e48f506530f7cb1 - default default] Starting request: 10.0.20.25 "GET /placement/resource_providers/79e0bbc9-cf70-417c-a6be-7df1481a6b20/allocations" __call__ /usr/lib/python2.7/site-packages/nova/api/openstack/placement/requestlog.py:38
2018-06-30 01:03:18.394 5622 INFO nova.api.openstack.placement.requestlog [req-51d1c082-2b52-4102-8d2e-c87ac81e3a72 afec3d326b9c4426a6cbc38293ff16bd 910acf3b84b64f358e48f506530f7cb1 - default default] 10.0.20.25 "GET /placement/resource_providers/79e0bbc9-cf70-417c-a6be-7df1481a6b20/allocations" status: 200 len: 152 microversion: 1.0
2018-06-30 01:03:18.585 5625 DEBUG nova.api.openstack.placement.requestlog [req-e8d712cd-0307-4ffb-bca5-701686e78234 afec3d326b9c4426a6cbc38293ff16bd 910acf3b84b64f358e48f506530f7cb1 - default default] Starting request: 10.0.20.25 "GET /placement/resource_providers/79e0bbc9-cf70-417c-a6be-7df1481a6b20/aggregates" __call__ /usr/lib/python2.7/site-packages/nova/api/openstack/placement/requestlog.py:38
2018-06-30 01:03:18.603 5625 INFO nova.api.openstack.placement.requestlog [req-e8d712cd-0307-4ffb-bca5-701686e78234 afec3d326b9c4426a6cbc38293ff16bd 910acf3b84b64f358e48f506530f7cb1 - default default] 10.0.20.25 "GET /placement/resource_providers/79e0bbc9-cf70-417c-a6be-7df1481a6b20/aggregates" status: 200 len: 18 microversion: 1.1
2018-06-30 01:03:18.617 5628 DEBUG nova.api.openstack.placement.requestlog [req-b8aa9d49-1a46-4541-b73b-678dde85b3a5 afec3d326b9c4426a6cbc38293ff16bd 910acf3b84b64f358e48f506530f7cb1 - default default] Starting request: 10.0.20.25 "GET /placement/resource_providers/79e0bbc9-cf70-417c-a6be-7df1481a6b20/inventories" __call__ /usr/lib/python2.7/site-packages/nova/api/openstack/placement/requestlog.py:38
2018-06-30 01:03:18.646 5628 INFO nova.api.openstack.placement.requestlog [req-b8aa9d49-1a46-4541-b73b-678dde85b3a5 afec3d326b9c4426a6cbc38293ff16bd 910acf3b84b64f358e48f506530f7cb1 - default default] 10.0.20.25 "GET /placement/resource_providers/79e0bbc9-cf70-417c-a6be-7df1481a6b20/inventories" status: 200 len: 399 microversion: 1.0
2018-06-30 01:04:20.004 5627 DEBUG nova.api.openstack.placement.requestlog [req-acc4dbe5-f70c-4805-9b7c-d478d03ba948 afec3d326b9c4426a6cbc38293ff16bd 910acf3b84b64f358e48f506530f7cb1 - default default] Starting request: 10.0.20.25 "GET /placement/resource_providers/79e0bbc9-cf70-417c-a6be-7df1481a6b20/aggregates" __call__ /usr/lib/python2.7/site-packages/nova/api/openstack/placement/requestlog.py:38
2018-06-30 01:04:20.032 5627 INFO nova.api.openstack.placement.requestlog [req-acc4dbe5-f70c-4805-9b7c-d478d03ba948 afec3d326b9c4426a6cbc38293ff16bd 910acf3b84b64f358e48f506530f7cb1 - default default] 10.0.20.25 "GET /placement/resource_providers/79e0bbc9-cf70-417c-a6be-7df1481a6b20/aggregates" status: 200 len: 18 microversion: 1.1
2018-06-30 01:04:20.049 5626 DEBUG nova.api.openstack.placement.requestlog [req-1f67083e-b451-4f63-890e-da2ec83976a6 afec3d326b9c4426a6cbc38293ff16bd 910acf3b84b64f358e48f506530f7cb1 - default default] Starting request: 10.0.20.25 "GET /placement/resource_providers/79e0bbc9-cf70-417c-a6be-7df1481a6b20/inventories" __call__ /usr/lib/python2.7/site-packages/nova/api/openstack/placement/requestlog.py:38
2018-06-30 01:04:20.086 5626 INFO nova.api.openstack.placement.requestlog [req-1f67083e-b451-4f63-890e-da2ec83976a6 afec3d326b9c4426a6cbc38293ff16bd 910acf3b84b64f358e48f506530f7cb1 - default default] 10.0.20.25 "GET /placement/resource_providers/79e0bbc9-cf70-417c-a6be-7df1481a6b20/inventories" status: 200 len: 399 microversion: 1.0
2018-06-30 01:04:20.222 5623 DEBUG nova.api.openstack.placement.requestlog [req-400dce52-5f0c-484f-b5b6-4cf19c9eb288 afec3d326b9c4426a6cbc38293ff16bd 910acf3b84b64f358e48f506530f7cb1 - default default] Starting request: 10.0.20.25 "GET /placement/resource_providers/79e0bbc9-cf70-417c-a6be-7df1481a6b20/allocations" __call__ /usr/lib/python2.7/site-packages/nova/api/openstack/placement/requestlog.py:38
2018-06-30 01:04:20.254 5623 INFO nova.api.openstack.placement.requestlog [req-400dce52-5f0c-484f-b5b6-4cf19c9eb288 afec3d326b9c4426a6cbc38293ff16bd 910acf3b84b64f358e48f506530f7cb1 - default default] 10.0.20.25 "GET /placement/resource_providers/79e0bbc9-cf70-417c-a6be-7df1481a6b20/allocations" status: 200 len: 152 microversion: 1.0
2018-06-30 01:04:20.441 5625 DEBUG nova.api.openstack.placement.requestlog [req-d056f32e-8931-4d24-9c12-901ae346c5cd afec3d326b9c4426a6cbc38293ff16bd 910acf3b84b64f358e48f506530f7cb1 - default default] Starting request: 10.0.20.25 "GET /placement/resource_providers/79e0bbc9-cf70-417c-a6be-7df1481a6b20/aggregates" __call__ /usr/lib/python2.7/site-packages/nova/api/openstack/placement/requestlog.py:38
2018-06-30 01:04:20.459 5625 INFO nova.api.openstack.placement.requestlog [req-d056f32e-8931-4d24-9c12-901ae346c5cd afec3d326b9c4426a6cbc38293ff16bd 910acf3b84b64f358e48f506530f7cb1 - default default] 10.0.20.25 "GET /placement/resource_providers/79e0bbc9-cf70-417c-a6be-7df1481a6b20/aggregates" status: 200 len: 18 microversion: 1.1
2018-06-30 01:04:20.480 5621 DEBUG nova.api.openstack.placement.requestlog [req-e97fb81b-8624-41c9-a09b-ec43f6f2afb2 afec3d326b9c4426a6cbc38293ff16bd 910acf3b84b64f358e48f506530f7cb1 - default default] Starting request: 10.0.20.25 "GET /placement/resource_providers/79e0bbc9-cf70-417c-a6be-7df1481a6b20/inventories" __call__ /usr/lib/python2.7/site-packages/nova/api/openstack/placement/requestlog.py:38
2018-06-30 01:04:20.510 5621 INFO nova.api.openstack.placement.requestlog [req-e97fb81b-8624-41c9-a09b-ec43f6f2afb2 afec3d326b9c4426a6cbc38293ff16bd 910acf3b84b64f358e48f506530f7cb1 - default default] 10.0.20.25 "GET /placement/resource_providers/79e0bbc9-cf70-417c-a6be-7df1481a6b20/inventories" status: 200 len: 399 microversion: 1.0
2018-06-30 01:05:20.275 5627 DEBUG nova.api.openstack.placement.requestlog [req-c091072c-7bef-4612-a239-d92aa324d785 afec3d326b9c4426a6cbc38293ff16bd 910acf3b84b64f358e48f506530f7cb1 - default default] Starting request: 10.0.20.25 "GET /placement/resource_providers/79e0bbc9-cf70-417c-a6be-7df1481a6b20/aggregates" __call__ /usr/lib/python2.7/site-packages/nova/api/openstack/placement/requestlog.py:38
2018-06-30 01:05:20.303 5627 INFO nova.api.openstack.placement.requestlog [req-c091072c-7bef-4612-a239-d92aa324d785 afec3d326b9c4426a6cbc38293ff16bd 910acf3b84b64f358e48f506530f7cb1 - default default] 10.0.20.25 "GET /placement/resource_providers/79e0bbc9-cf70-417c-a6be-7df1481a6b20/aggregates" status: 200 len: 18 microversion: 1.1
2018-06-30 01:05:20.946 5621 DEBUG nova.api.openstack.placement.requestlog [req-dd8c65d6-67ed-45bb-83bb-eddb9d4e6138 afec3d326b9c4426a6cbc38293ff16bd 910acf3b84b64f358e48f506530f7cb1 - default default] Starting request: 10.0.20.25 "GET /placement/resource_providers/79e0bbc9-cf70-417c-a6be-7df1481a6b20/inventories" __call__ /usr/lib/python2.7/site-packages/nova/api/openstack/placement/requestlog.py:38
2018-06-30 01:05:20.978 5621 INFO nova.api.openstack.placement.requestlog [req-dd8c65d6-67ed-45bb-83bb-eddb9d4e6138 afec3d326b9c4426a6cbc38293ff16bd 910acf3b84b64f358e48f506530f7cb1 - default default] 10.0.20.25 "GET /placement/resource_providers/79e0bbc9-cf70-417c-a6be-7df1481a6b20/inventories" status: 200 len: 399 microversion: 1.0
2018-06-30 01:05:21.111 5622 DEBUG nova.api.openstack.placement.requestlog [req-c9a76146-862d-4da8-a540-e06f988fddd9 afec3d326b9c4426a6cbc38293ff16bd 910acf3b84b64f358e48f506530f7cb1 - default default] Starting request: 10.0.20.25 "GET /placement/resource_providers/79e0bbc9-cf70-417c-a6be-7df1481a6b20/allocations" __call__ /usr/lib/python2.7/site-packages/nova/api/openstack/placement/requestlog.py:38
2018-06-30 01:05:21.151 5622 INFO nova.api.openstack.placement.requestlog [req-c9a76146-862d-4da8-a540-e06f988fddd9 afec3d326b9c4426a6cbc38293ff16bd 910acf3b84b64f358e48f506530f7cb1 - default default] 10.0.20.25 "GET /placement/resource_providers/79e0bbc9-cf70-417c-a6be-7df1481a6b20/allocations" status: 200 len: 152 microversion: 1.0
2018-06-30 01:05:21.367 5624 DEBUG nova.api.openstack.placement.requestlog [req-f9797f72-96d7-41d9-bcdd-98978802ea3f afec3d326b9c4426a6cbc38293ff16bd 910acf3b84b64f358e48f506530f7cb1 - default default] Starting request: 10.0.20.25 "GET /placement/resource_providers/79e0bbc9-cf70-417c-a6be-7df1481a6b20/aggregates" __call__ /usr/lib/python2.7/site-packages/nova/api/openstack/placement/requestlog.py:38
2018-06-30 01:05:21.390 5624 INFO nova.api.openstack.placement.requestlog [req-f9797f72-96d7-41d9-bcdd-98978802ea3f afec3d326b9c4426a6cbc38293ff16bd 910acf3b84b64f358e48f506530f7cb1 - default default] 10.0.20.25 "GET /placement/resource_providers/79e0bbc9-cf70-417c-a6be-7df1481a6b20/aggregates" status: 200 len: 18 microversion: 1.1
2018-06-30 01:05:21.407 5621 DEBUG nova.api.openstack.placement.requestlog [req-b9cf2f18-d5dd-47ea-86d1-6747db64af6e afec3d326b9c4426a6cbc38293ff16bd 910acf3b84b64f358e48f506530f7cb1 - default default] Starting request: 10.0.20.25 "GET /placement/resource_providers/79e0bbc9-cf70-417c-a6be-7df1481a6b20/inventories" __call__ /usr/lib/python2.7/site-packages/nova/api/openstack/placement/requestlog.py:38
2018-06-30 01:05:21.438 5621 INFO nova.api.openstack.placement.requestlog [req-b9cf2f18-d5dd-47ea-86d1-6747db64af6e afec3d326b9c4426a6cbc38293ff16bd 910acf3b84b64f358e48f506530f7cb1 - default default] 10.0.20.25 "GET /placement/resource_providers/79e0bbc9-cf70-417c-a6be-7df1481a6b20/inventories" status: 200 len: 399 microversion: 1.0
2018-06-30 01:06:22.354 5626 DEBUG nova.api.openstack.placement.requestlog [req-e321ff5a-2199-48dc-8618-b9d46299d458 afec3d326b9c4426a6cbc38293ff16bd 910acf3b84b64f358e48f506530f7cb1 - default default] Starting request: 10.0.20.25 "GET /placement/resource_providers/79e0bbc9-cf70-417c-a6be-7df1481a6b20/aggregates" __call__ /usr/lib/python2.7/site-packages/nova/api/openstack/placement/requestlog.py:38
2018-06-30 01:06:22.382 5626 INFO nova.api.openstack.placement.requestlog [req-e321ff5a-2199-48dc-8618-b9d46299d458 afec3d326b9c4426a6cbc38293ff16bd 910acf3b84b64f358e48f506530f7cb1 - default default] 10.0.20.25 "GET /placement/resource_providers/79e0bbc9-cf70-417c-a6be-7df1481a6b20/aggregates" status: 200 len: 18 microversion: 1.1
2018-06-30 01:06:23.006 5628 DEBUG nova.api.openstack.placement.requestlog [req-2b0cd53e-9ef7-4c2d-aaac-feed9c7f0ddf afec3d326b9c4426a6cbc38293ff16bd 910acf3b84b64f358e48f506530f7cb1 - default default] Starting request: 10.0.20.25 "GET /placement/resource_providers/79e0bbc9-cf70-417c-a6be-7df1481a6b20/inventories" __call__ /usr/lib/python2.7/site-packages/nova/api/openstack/placement/requestlog.py:38
2018-06-30 01:06:23.050 5628 INFO nova.api.openstack.placement.requestlog [req-2b0cd53e-9ef7-4c2d-aaac-feed9c7f0ddf afec3d326b9c4426a6cbc38293ff16bd 910acf3b84b64f358e48f506530f7cb1 - default default] 10.0.20.25 "GET /placement/resource_providers/79e0bbc9-cf70-417c-a6be-7df1481a6b20/inventories" status: 200 len: 399 microversion: 1.0
2018-06-30 01:06:23.205 5625 DEBUG nova.api.openstack.placement.requestlog [req-29d8a853-9a3e-4046-a221-411cce8c9c29 afec3d326b9c4426a6cbc38293ff16bd 910acf3b84b64f358e48f506530f7cb1 - default default] Starting request: 10.0.20.25 "GET /placement/resource_providers/79e0bbc9-cf70-417c-a6be-7df1481a6b20/allocations" __call__ /usr/lib/python2.7/site-packages/nova/api/openstack/placement/requestlog.py:38
2018-06-30 01:06:23.236 5625 INFO nova.api.openstack.placement.requestlog [req-29d8a853-9a3e-4046-a221-411cce8c9c29 afec3d326b9c4426a6cbc38293ff16bd 910acf3b84b64f358e48f506530f7cb1 - default default] 10.0.20.25 "GET /placement/resource_providers/79e0bbc9-cf70-417c-a6be-7df1481a6b20/allocations" status: 200 len: 152 microversion: 1.0
2018-06-30 01:06:23.420 5622 DEBUG nova.api.openstack.placement.requestlog [req-2eca990b-4219-4b7d-ac6a-d1e1d286a50a afec3d326b9c4426a6cbc38293ff16bd 910acf3b84b64f358e48f506530f7cb1 - default default] Starting request: 10.0.20.25 "GET /placement/resource_providers/79e0bbc9-cf70-417c-a6be-7df1481a6b20/aggregates" __call__ /usr/lib/python2.7/site-packages/nova/api/openstack/placement/requestlog.py:38
2018-06-30 01:06:23.442 5622 INFO nova.api.openstack.placement.requestlog [req-2eca990b-4219-4b7d-ac6a-d1e1d286a50a afec3d326b9c4426a6cbc38293ff16bd 910acf3b84b64f358e48f506530f7cb1 - default default] 10.0.20.25 "GET /placement/resource_providers/79e0bbc9-cf70-417c-a6be-7df1481a6b20/aggregates" status: 200 len: 18 microversion: 1.1
2018-06-30 01:06:24.022 5623 DEBUG nova.api.openstack.placement.requestlog [req-bd817e7a-acd6-4345-a2e1-663f8bfed5ef afec3d326b9c4426a6cbc38293ff16bd 910acf3b84b64f358e48f506530f7cb1 - default default] Starting request: 10.0.20.25 "GET /placement/resource_providers/79e0bbc9-cf70-417c-a6be-7df1481a6b20/inventories" __call__ /usr/lib/python2.7/site-packages/nova/api/openstack/placement/requestlog.py:38
2018-06-30 01:06:24.059 5623 INFO nova.api.openstack.placement.requestlog [req-bd817e7a-acd6-4345-a2e1-663f8bfed5ef afec3d326b9c4426a6cbc38293ff16bd 910acf3b84b64f358e48f506530f7cb1 - default default] 10.0.20.25 "GET /placement/resource_providers/79e0bbc9-cf70-417c-a6be-7df1481a6b20/inventories" status: 200 len: 399 microversion: 1.0
2018-06-30 01:07:23.486 5621 DEBUG nova.api.openstack.placement.requestlog [req-d0ce8690-ea1d-443e-ac3f-838ce104076c afec3d326b9c4426a6cbc38293ff16bd 910acf3b84b64f358e48f506530f7cb1 - default default] Starting request: 10.0.20.25 "GET /placement/resource_providers/79e0bbc9-cf70-417c-a6be-7df1481a6b20/aggregates" __call__ /usr/lib/python2.7/site-packages/nova/api/openstack/placement/requestlog.py:38
2018-06-30 01:07:23.504 5621 INFO nova.api.openstack.placement.requestlog [req-d0ce8690-ea1d-443e-ac3f-838ce104076c afec3d326b9c4426a6cbc38293ff16bd 910acf3b84b64f358e48f506530f7cb1 - default default] 10.0.20.25 "GET /placement/resource_providers/79e0bbc9-cf70-417c-a6be-7df1481a6b20/aggregates" status: 200 len: 18 microversion: 1.1
2018-06-30 01:07:24.071 5624 DEBUG nova.api.openstack.placement.requestlog [req-eaae3477-e8b0-4d4b-9224-d92c470d20df afec3d326b9c4426a6cbc38293ff16bd 910acf3b84b64f358e48f506530f7cb1 - default default] Starting request: 10.0.20.25 "GET /placement/resource_providers/79e0bbc9-cf70-417c-a6be-7df1481a6b20/inventories" __call__ /usr/lib/python2.7/site-packages/nova/api/openstack/placement/requestlog.py:38
2018-06-30 01:07:24.115 5624 INFO nova.api.openstack.placement.requestlog [req-eaae3477-e8b0-4d4b-9224-d92c470d20df afec3d326b9c4426a6cbc38293ff16bd 910acf3b84b64f358e48f506530f7cb1 - default default] 10.0.20.25 "GET /placement/resource_providers/79e0bbc9-cf70-417c-a6be-7df1481a6b20/inventories" status: 200 len: 399 microversion: 1.0
2018-06-30 01:07:24.280 5622 DEBUG nova.api.openstack.placement.requestlog [req-a26ee9c0-4e42-4751-9a4c-cd32ceaa5d84 afec3d326b9c4426a6cbc38293ff16bd 910acf3b84b64f358e48f506530f7cb1 - default default] Starting request: 10.0.20.25 "GET /placement/resource_providers/79e0bbc9-cf70-417c-a6be-7df1481a6b20/allocations" __call__ /usr/lib/python2.7/site-packages/nova/api/openstack/placement/requestlog.py:38
2018-06-30 01:07:24.319 5622 INFO nova.api.openstack.placement.requestlog [req-a26ee9c0-4e42-4751-9a4c-cd32ceaa5d84 afec3d326b9c4426a6cbc38293ff16bd 910acf3b84b64f358e48f506530f7cb1 - default default] 10.0.20.25 "GET /placement/resource_providers/79e0bbc9-cf70-417c-a6be-7df1481a6b20/allocations" status: 200 len: 152 microversion: 1.0
2018-06-30 01:07:25.189 5625 DEBUG nova.api.openstack.placement.requestlog [req-7e8ce5ed-0684-4c04-a532-67093bb571f6 afec3d326b9c4426a6cbc38293ff16bd 910acf3b84b64f358e48f506530f7cb1 - default default] Starting request: 10.0.20.25 "GET /placement/resource_providers/79e0bbc9-cf70-417c-a6be-7df1481a6b20/aggregates" __call__ /usr/lib/python2.7/site-packages/nova/api/openstack/placement/requestlog.py:38
2018-06-30 01:07:25.209 5625 INFO nova.api.openstack.placement.requestlog [req-7e8ce5ed-0684-4c04-a532-67093bb571f6 afec3d326b9c4426a6cbc38293ff16bd 910acf3b84b64f358e48f506530f7cb1 - default default] 10.0.20.25 "GET /placement/resource_providers/79e0bbc9-cf70-417c-a6be-7df1481a6b20/aggregates" status: 200 len: 18 microversion: 1.1
2018-06-30 01:07:25.230 5622 DEBUG nova.api.openstack.placement.requestlog [req-b0d914cd-243d-4955-a2fe-e71dd423d080 afec3d326b9c4426a6cbc38293ff16bd 910acf3b84b64f358e48f506530f7cb1 - default default] Starting request: 10.0.20.25 "GET /placement/resource_providers/79e0bbc9-cf70-417c-a6be-7df1481a6b20/inventories" __call__ /usr/lib/python2.7/site-packages/nova/api/openstack/placement/requestlog.py:38
2018-06-30 01:07:25.273 5622 INFO nova.api.openstack.placement.requestlog [req-b0d914cd-243d-4955-a2fe-e71dd423d080 afec3d326b9c4426a6cbc38293ff16bd 910acf3b84b64f358e48f506530f7cb1 - default default] 10.0.20.25 "GET /placement/resource_providers/79e0bbc9-cf70-417c-a6be-7df1481a6b20/inventories" status: 200 len: 399 microversion: 1.0
2018-06-30 01:08:22.876 5623 DEBUG nova.api.openstack.placement.requestlog [req-b8be076b-7af5-474d-99ea-fc66b7bdacac afec3d326b9c4426a6cbc38293ff16bd 910acf3b84b64f358e48f506530f7cb1 - default default] Starting request: 10.0.20.25 "GET /placement/resource_providers/79e0bbc9-cf70-417c-a6be-7df1481a6b20/aggregates" __call__ /usr/lib/python2.7/site-packages/nova/api/openstack/placement/requestlog.py:38
2018-06-30 01:08:22.890 5623 INFO nova.api.openstack.placement.requestlog [req-b8be076b-7af5-474d-99ea-fc66b7bdacac afec3d326b9c4426a6cbc38293ff16bd 910acf3b84b64f358e48f506530f7cb1 - default default] 10.0.20.25 "GET /placement/resource_providers/79e0bbc9-cf70-417c-a6be-7df1481a6b20/aggregates" status: 200 len: 18 microversion: 1.1
2018-06-30 01:08:23.188 5625 DEBUG nova.api.openstack.placement.requestlog [req-5fc7d3c2-6922-4333-b496-6a9f847a09bc afec3d326b9c4426a6cbc38293ff16bd 910acf3b84b64f358e48f506530f7cb1 - default default] Starting request: 10.0.20.25 "GET /placement/resource_providers/79e0bbc9-cf70-417c-a6be-7df1481a6b20/inventories" __call__ /usr/lib/python2.7/site-packages/nova/api/openstack/placement/requestlog.py:38
2018-06-30 01:08:23.213 5625 INFO nova.api.openstack.placement.requestlog [req-5fc7d3c2-6922-4333-b496-6a9f847a09bc afec3d326b9c4426a6cbc38293ff16bd 910acf3b84b64f358e48f506530f7cb1 - default default] 10.0.20.25 "GET /placement/resource_providers/79e0bbc9-cf70-417c-a6be-7df1481a6b20/inventories" status: 200 len: 399 microversion: 1.0
2018-06-30 01:08:23.329 5621 DEBUG nova.api.openstack.placement.requestlog [req-20d28b22-f872-471d-a057-aa389454501a afec3d326b9c4426a6cbc38293ff16bd 910acf3b84b64f358e48f506530f7cb1 - default default] Starting request: 10.0.20.25 "GET /placement/resource_providers/79e0bbc9-cf70-417c-a6be-7df1481a6b20/allocations" __call__ /usr/lib/python2.7/site-packages/nova/api/openstack/placement/requestlog.py:38
2018-06-30 01:08:23.350 5621 INFO nova.api.openstack.placement.requestlog [req-20d28b22-f872-471d-a057-aa389454501a afec3d326b9c4426a6cbc38293ff16bd 910acf3b84b64f358e48f506530f7cb1 - default default] 10.0.20.25 "GET /placement/resource_providers/79e0bbc9-cf70-417c-a6be-7df1481a6b20/allocations" status: 200 len: 152 microversion: 1.0
2018-06-30 01:08:23.491 5628 DEBUG nova.api.openstack.placement.requestlog [req-30b8a0e8-f560-419d-9964-e8fd06c92e38 afec3d326b9c4426a6cbc38293ff16bd 910acf3b84b64f358e48f506530f7cb1 - default default] Starting request: 10.0.20.25 "GET /placement/resource_providers/79e0bbc9-cf70-417c-a6be-7df1481a6b20/aggregates" __call__ /usr/lib/python2.7/site-packages/nova/api/openstack/placement/requestlog.py:38
2018-06-30 01:08:23.506 5628 INFO nova.api.openstack.placement.requestlog [req-30b8a0e8-f560-419d-9964-e8fd06c92e38 afec3d326b9c4426a6cbc38293ff16bd 910acf3b84b64f358e48f506530f7cb1 - default default] 10.0.20.25 "GET /placement/resource_providers/79e0bbc9-cf70-417c-a6be-7df1481a6b20/aggregates" status: 200 len: 18 microversion: 1.1
2018-06-30 01:08:23.518 5625 DEBUG nova.api.openstack.placement.requestlog [req-dbf7c114-653a-4001-a68b-478c8640e720 afec3d326b9c4426a6cbc38293ff16bd 910acf3b84b64f358e48f506530f7cb1 - default default] Starting request: 10.0.20.25 "GET /placement/resource_providers/79e0bbc9-cf70-417c-a6be-7df1481a6b20/inventories" __call__ /usr/lib/python2.7/site-packages/nova/api/openstack/placement/requestlog.py:38
2018-06-30 01:08:23.534 5625 INFO nova.api.openstack.placement.requestlog [req-dbf7c114-653a-4001-a68b-478c8640e720 afec3d326b9c4426a6cbc38293ff16bd 910acf3b84b64f358e48f506530f7cb1 - default default] 10.0.20.25 "GET /placement/resource_providers/79e0bbc9-cf70-417c-a6be-7df1481a6b20/inventories" status: 200 len: 399 microversion: 1.0
2018-06-30 01:08:44.107 5621 DEBUG nova.api.openstack.placement.requestlog [req-dbe7be2d-f233-45f1-bf52-0a838cd0fe68 afec3d326b9c4426a6cbc38293ff16bd 910acf3b84b64f358e48f506530f7cb1 - default default] Starting request: 10.0.20.25 "GET /placement/resource_providers/79e0bbc9-cf70-417c-a6be-7df1481a6b20/aggregates" __call__ /usr/lib/python2.7/site-packages/nova/api/openstack/placement/requestlog.py:38
2018-06-30 01:08:44.130 5621 INFO nova.api.openstack.placement.requestlog [req-dbe7be2d-f233-45f1-bf52-0a838cd0fe68 afec3d326b9c4426a6cbc38293ff16bd 910acf3b84b64f358e48f506530f7cb1 - default default] 10.0.20.25 "GET /placement/resource_providers/79e0bbc9-cf70-417c-a6be-7df1481a6b20/aggregates" status: 200 len: 18 microversion: 1.1
2018-06-30 01:08:44.147 5623 DEBUG nova.api.openstack.placement.requestlog [req-15e5e07f-2bf9-4800-aefe-7bd732a80d95 afec3d326b9c4426a6cbc38293ff16bd 910acf3b84b64f358e48f506530f7cb1 - default default] Starting request: 10.0.20.25 "GET /placement/resource_providers/79e0bbc9-cf70-417c-a6be-7df1481a6b20/inventories" __call__ /usr/lib/python2.7/site-packages/nova/api/openstack/placement/requestlog.py:38
2018-06-30 01:08:44.183 5623 INFO nova.api.openstack.placement.requestlog [req-15e5e07f-2bf9-4800-aefe-7bd732a80d95 afec3d326b9c4426a6cbc38293ff16bd 910acf3b84b64f358e48f506530f7cb1 - default default] 10.0.20.25 "GET /placement/resource_providers/79e0bbc9-cf70-417c-a6be-7df1481a6b20/inventories" status: 200 len: 399 microversion: 1.0
2018-06-30 01:08:44.216 5627 DEBUG nova.api.openstack.placement.requestlog [req-1ea1f26b-41b9-444c-9134-e8b0e63a65d8 afec3d326b9c4426a6cbc38293ff16bd 910acf3b84b64f358e48f506530f7cb1 - default default] Starting request: 10.0.20.25 "DELETE /placement/allocations/8d10e07f-5375-4906-af21-0da2043f1ee4" __call__ /usr/lib/python2.7/site-packages/nova/api/openstack/placement/requestlog.py:38
2018-06-30 01:08:44.274 5627 DEBUG nova.api.openstack.placement.handlers.allocation [req-1ea1f26b-41b9-444c-9134-e8b0e63a65d8 afec3d326b9c4426a6cbc38293ff16bd 910acf3b84b64f358e48f506530f7cb1 - default default] Successfully deleted allocations AllocationList[Allocation(consumer_id=8d10e07f-5375-4906-af21-0da2043f1ee4,id=7,resource_class='VCPU',resource_provider=ResourceProvider(79e0bbc9-cf70-417c-a6be-7df1481a6b20),used=1), Allocation(consumer_id=8d10e07f-5375-4906-af21-0da2043f1ee4,id=8,resource_class='MEMORY_MB',resource_provider=ResourceProvider(79e0bbc9-cf70-417c-a6be-7df1481a6b20),used=512), Allocation(consumer_id=8d10e07f-5375-4906-af21-0da2043f1ee4,id=9,resource_class='DISK_GB',resource_provider=ResourceProvider(79e0bbc9-cf70-417c-a6be-7df1481a6b20),used=1)] delete_allocations /usr/lib/python2.7/site-packages/nova/api/openstack/placement/handlers/allocation.py:312
2018-06-30 01:08:44.277 5627 INFO nova.api.openstack.placement.requestlog [req-1ea1f26b-41b9-444c-9134-e8b0e63a65d8 afec3d326b9c4426a6cbc38293ff16bd 910acf3b84b64f358e48f506530f7cb1 - default default] 10.0.20.25 "DELETE /placement/allocations/8d10e07f-5375-4906-af21-0da2043f1ee4" status: 204 len: 0 microversion: 1.0
2018-06-30 01:09:23.945 5626 DEBUG nova.api.openstack.placement.requestlog [req-2615372c-da72-4b2f-9f7c-02253b472e3d afec3d326b9c4426a6cbc38293ff16bd 910acf3b84b64f358e48f506530f7cb1 - default default] Starting request: 10.0.20.25 "GET /placement/resource_providers/79e0bbc9-cf70-417c-a6be-7df1481a6b20/aggregates" __call__ /usr/lib/python2.7/site-packages/nova/api/openstack/placement/requestlog.py:38
2018-06-30 01:09:23.966 5626 INFO nova.api.openstack.placement.requestlog [req-2615372c-da72-4b2f-9f7c-02253b472e3d afec3d326b9c4426a6cbc38293ff16bd 910acf3b84b64f358e48f506530f7cb1 - default default] 10.0.20.25 "GET /placement/resource_providers/79e0bbc9-cf70-417c-a6be-7df1481a6b20/aggregates" status: 200 len: 18 microversion: 1.1
2018-06-30 01:09:23.983 5623 DEBUG nova.api.openstack.placement.requestlog [req-d4542ad1-7acc-4e3a-ad66-4e5f9b498364 afec3d326b9c4426a6cbc38293ff16bd 910acf3b84b64f358e48f506530f7cb1 - default default] Starting request: 10.0.20.25 "GET /placement/resource_providers/79e0bbc9-cf70-417c-a6be-7df1481a6b20/inventories" __call__ /usr/lib/python2.7/site-packages/nova/api/openstack/placement/requestlog.py:38
2018-06-30 01:09:24.019 5623 INFO nova.api.openstack.placement.requestlog [req-d4542ad1-7acc-4e3a-ad66-4e5f9b498364 afec3d326b9c4426a6cbc38293ff16bd 910acf3b84b64f358e48f506530f7cb1 - default default] 10.0.20.25 "GET /placement/resource_providers/79e0bbc9-cf70-417c-a6be-7df1481a6b20/inventories" status: 200 len: 399 microversion: 1.0
2018-06-30 01:09:24.136 5625 DEBUG nova.api.openstack.placement.requestlog [req-3b46c865-b4c7-4a54-b430-9155a2a2750b afec3d326b9c4426a6cbc38293ff16bd 910acf3b84b64f358e48f506530f7cb1 - default default] Starting request: 10.0.20.25 "GET /placement/resource_providers/79e0bbc9-cf70-417c-a6be-7df1481a6b20/allocations" __call__ /usr/lib/python2.7/site-packages/nova/api/openstack/placement/requestlog.py:38
2018-06-30 01:09:24.159 5625 INFO nova.api.openstack.placement.requestlog [req-3b46c865-b4c7-4a54-b430-9155a2a2750b afec3d326b9c4426a6cbc38293ff16bd 910acf3b84b64f358e48f506530f7cb1 - default default] 10.0.20.25 "GET /placement/resource_providers/79e0bbc9-cf70-417c-a6be-7df1481a6b20/allocations" status: 200 len: 54 microversion: 1.0
