2018-06-28 16:10:47.857 25404 INFO neutron.wsgi [req-7ea66af5-d7c8-4d40-b7ec-5a6ffc92145c 8d51c6595f7b4b648f3775454a985b0c e3731f8202904eebb3e6658e91a6b0b5 - default default] 10.0.20.22 "GET /v2.0/ports?network_id=fd2e2340-738a-42fd-bbdc-2e023b41bab3&device_owner=network%3Adhcp HTTP/1.1" status: 200  len: 1128 time: 0.1315119
2018-06-28 16:10:47.961 25408 DEBUG neutron.plugins.ml2.rpc [req-7c3b92ee-156f-4d5a-b384-a2b1af02b738 - - - - -] Device 95da3f23-ca01-4981-9bf2-af21a909ed23 up at agent ovs-agent-localhost.localdomain update_device_up /usr/lib/python2.7/site-packages/neutron/plugins/ml2/rpc.py:244
2018-06-28 16:10:48.080 25408 DEBUG neutron.db.provisioning_blocks [req-7c3b92ee-156f-4d5a-b384-a2b1af02b738 - - - - -] Provisioning for port 95da3f23-ca01-4981-9bf2-af21a909ed23 completed by entity L2. provisioning_complete /usr/lib/python2.7/site-packages/neutron/db/provisioning_blocks.py:132
2018-06-28 16:10:48.087 25408 DEBUG neutron.db.provisioning_blocks [req-7c3b92ee-156f-4d5a-b384-a2b1af02b738 - - - - -] Provisioning complete for port 95da3f23-ca01-4981-9bf2-af21a909ed23 triggered by entity L2. provisioning_complete /usr/lib/python2.7/site-packages/neutron/db/provisioning_blocks.py:138
2018-06-28 16:10:48.088 25408 DEBUG neutron_lib.callbacks.manager [req-7c3b92ee-156f-4d5a-b384-a2b1af02b738 - - - - -] Notify callbacks ['neutron.plugins.ml2.plugin.Ml2Plugin._port_provisioned-4054948'] for port, provisioning_complete _notify_loop /usr/lib/python2.7/site-packages/neutron_lib/callbacks/manager.py:167
2018-06-28 16:10:48.268 25408 DEBUG neutron_lib.callbacks.manager [req-7c3b92ee-156f-4d5a-b384-a2b1af02b738 - - - - -] Notify callbacks ['neutron.plugins.ml2.plugin.Ml2Plugin._ensure_default_security_group_handler--9223372036850921880'] for port, before_update _notify_loop /usr/lib/python2.7/site-packages/neutron_lib/callbacks/manager.py:167
2018-06-28 16:10:48.358 25408 DEBUG oslo_concurrency.lockutils [-] Lock "notifier-1194c238-1f08-4638-a764-b04cf35031aa" acquired by "neutron.notifiers.batch_notifier.synced_send" :: waited 0.000s inner /usr/lib/python2.7/site-packages/oslo_concurrency/lockutils.py:270
2018-06-28 16:10:48.359 25408 DEBUG neutron.notifiers.nova [-] Sending events: [{'status': 'completed', 'tag': u'95da3f23-ca01-4981-9bf2-af21a909ed23', 'name': 'network-vif-plugged', 'server_uuid': u'8f6dbfa5-ad66-440e-bccc-5cb080b4a6bd'}] send_events /usr/lib/python2.7/site-packages/neutron/notifiers/nova.py:242
2018-06-28 16:10:48.367 25408 DEBUG neutron.plugins.ml2.db [req-7c3b92ee-156f-4d5a-b384-a2b1af02b738 - - - - -] For port 95da3f23-ca01-4981-9bf2-af21a909ed23, host localhost.localdomain, got binding levels [<neutron.plugins.ml2.models.PortBindingLevel[object at 7f0d388b6350] {port_id=u'95da3f23-ca01-4981-9bf2-af21a909ed23', host=u'localhost.localdomain', level=0, driver=u'openvswitch', segment_id=u'f5e5cf10-2f13-4b09-a09d-a49967fa87c0'}>] get_binding_levels /usr/lib/python2.7/site-packages/neutron/plugins/ml2/db.py:106
2018-06-28 16:10:48.383 25408 DEBUG neutron_lib.callbacks.manager [req-7c3b92ee-156f-4d5a-b384-a2b1af02b738 - - - - -] Notify callbacks ['neutron.api.rpc.agentnotifiers.dhcp_rpc_agent_api.DhcpAgentNotifyAPI._native_event_send_dhcp_notification-685843', 'neutron.db.l3_dvrscheduler_db._notify_l3_agent_port_update--9223363305931513905', 'neutron.plugins.ml2.plugin.Ml2Plugin.notify_sg_on_port_change-3854037', 'neutron.plugins.ml2.ovo_rpc._ObjectChangeHandler.handle_event-644386', 'neutron.db.l3_hascheduler_db._notify_l3_agent_ha_port_update-8730923262499'] for port, after_update _notify_loop /usr/lib/python2.7/site-packages/neutron_lib/callbacks/manager.py:167
2018-06-28 16:10:48.401 25408 DEBUG oslo_concurrency.lockutils [-] Lock "event-dispatch" acquired by "neutron.plugins.ml2.ovo_rpc.dispatch_events" :: waited 0.000s inner /usr/lib/python2.7/site-packages/oslo_concurrency/lockutils.py:270
2018-06-28 16:10:48.534 25408 DEBUG neutron.api.rpc.handlers.resources_rpc [req-7c3b92ee-156f-4d5a-b384-a2b1af02b738 - - - - -] neutron.api.rpc.handlers.resources_rpc.ResourcesPushRpcApi method push called with arguments (<neutron_lib.context.Context object at 0x7f0d388b6550>, [Port(admin_state_up=True,allowed_address_pairs=[],binding=PortBinding,binding_levels=[PortBindingLevel],created_at=2018-06-28T14:10:41Z,data_plane_status=<?>,description='',device_id='8f6dbfa5-ad66-440e-bccc-5cb080b4a6bd',device_owner='compute:nova',dhcp_options=[],distributed_binding=None,dns=None,fixed_ips=[IPAllocation],id=95da3f23-ca01-4981-9bf2-af21a909ed23,mac_address=fa:16:3e:c4:ae:26,name='',network_id=fd2e2340-738a-42fd-bbdc-2e023b41bab3,project_id='89f7435e646b486aad383cd8d14eb43a',qos_policy_id=None,revision_number=6,security=PortSecurity(95da3f23-ca01-4981-9bf2-af21a909ed23),security_group_ids=set([c1a9472a-7bfc-4e12-b02e-457b4f46135d]),status='ACTIVE',updated_at=2018-06-28T14:10:48Z)], 'updated') {} wrapper /usr/lib/python2.7/site-packages/oslo_log/helpers.py:66
2018-06-28 16:10:48.548 25408 DEBUG neutron.api.rpc.callbacks.version_manager [req-7c3b92ee-156f-4d5a-b384-a2b1af02b738 - - - - -] Version for resource type Subnet changed None to 1.0 on consumer Open vSwitch agent@localhost.localdomain _set_version /usr/lib/python2.7/site-packages/neutron/api/rpc/callbacks/version_manager.py:119
2018-06-28 16:10:48.549 25408 DEBUG neutron.api.rpc.callbacks.version_manager [req-7c3b92ee-156f-4d5a-b384-a2b1af02b738 - - - - -] Version for resource type Network changed None to 1.0 on consumer Open vSwitch agent@localhost.localdomain _set_version /usr/lib/python2.7/site-packages/neutron/api/rpc/callbacks/version_manager.py:119
2018-06-28 16:10:48.550 25408 DEBUG neutron.api.rpc.callbacks.version_manager [req-7c3b92ee-156f-4d5a-b384-a2b1af02b738 - - - - -] Version for resource type SubPort changed None to 1.0 on consumer Open vSwitch agent@localhost.localdomain _set_version /usr/lib/python2.7/site-packages/neutron/api/rpc/callbacks/version_manager.py:119
2018-06-28 16:10:48.551 25408 DEBUG neutron.api.rpc.callbacks.version_manager [req-7c3b92ee-156f-4d5a-b384-a2b1af02b738 - - - - -] Version for resource type SecurityGroup changed None to 1.0 on consumer Open vSwitch agent@localhost.localdomain _set_version /usr/lib/python2.7/site-packages/neutron/api/rpc/callbacks/version_manager.py:119
2018-06-28 16:10:48.551 25408 DEBUG neutron.api.rpc.callbacks.version_manager [req-7c3b92ee-156f-4d5a-b384-a2b1af02b738 - - - - -] Version for resource type SecurityGroupRule changed None to 1.0 on consumer Open vSwitch agent@localhost.localdomain _set_version /usr/lib/python2.7/site-packages/neutron/api/rpc/callbacks/version_manager.py:119
2018-06-28 16:10:48.552 25408 DEBUG neutron.api.rpc.callbacks.version_manager [req-7c3b92ee-156f-4d5a-b384-a2b1af02b738 - - - - -] Version for resource type Trunk changed None to 1.1 on consumer Open vSwitch agent@localhost.localdomain _set_version /usr/lib/python2.7/site-packages/neutron/api/rpc/callbacks/version_manager.py:119
2018-06-28 16:10:48.553 25408 DEBUG neutron.api.rpc.callbacks.version_manager [req-7c3b92ee-156f-4d5a-b384-a2b1af02b738 - - - - -] Version for resource type QosPolicy changed None to 1.6 on consumer Open vSwitch agent@localhost.localdomain _set_version /usr/lib/python2.7/site-packages/neutron/api/rpc/callbacks/version_manager.py:119
2018-06-28 16:10:48.553 25408 DEBUG neutron.api.rpc.callbacks.version_manager [req-7c3b92ee-156f-4d5a-b384-a2b1af02b738 - - - - -] Version for resource type Port changed None to 1.1 on consumer Open vSwitch agent@localhost.localdomain _set_version /usr/lib/python2.7/site-packages/neutron/api/rpc/callbacks/version_manager.py:119
2018-06-28 16:10:48.554 25408 DEBUG neutron.api.rpc.callbacks.version_manager [req-7c3b92ee-156f-4d5a-b384-a2b1af02b738 - - - - -] Version for resource type Log changed None to 1.0 on consumer Open vSwitch agent@localhost.localdomain _set_version /usr/lib/python2.7/site-packages/neutron/api/rpc/callbacks/version_manager.py:119
2018-06-28 16:10:48.573 25408 DEBUG oslo_concurrency.lockutils [req-7c3b92ee-156f-4d5a-b384-a2b1af02b738 - - - - -] Lock "event-dispatch" released by "neutron.plugins.ml2.ovo_rpc.dispatch_events" :: held 0.172s inner /usr/lib/python2.7/site-packages/oslo_concurrency/lockutils.py:282
2018-06-28 16:10:48.798 25413 DEBUG neutron_lib.callbacks.manager [req-7c3b92ee-156f-4d5a-b384-a2b1af02b738 - - - - -] Notify callbacks ['neutron.services.segments.db._update_segment_host_mapping_for_agent-8730923624754'] for agent, after_update _notify_loop /usr/lib/python2.7/site-packages/neutron_lib/callbacks/manager.py:167
2018-06-28 16:10:49.108 25404 DEBUG oslo_concurrency.lockutils [-] Lock "notifier-1194c238-1f08-4638-a764-b04cf35031aa" released by "neutron.notifiers.batch_notifier.synced_send" :: held 3.692s inner /usr/lib/python2.7/site-packages/oslo_concurrency/lockutils.py:282
2018-06-28 16:10:49.250 25408 DEBUG novaclient.v2.client [-] REQ: curl -g -i -X POST http://10.0.20.22:8774/v2.1/e3731f8202904eebb3e6658e91a6b0b5/os-server-external-events -H "User-Agent: python-novaclient" -H "Content-Type: application/json" -H "Accept: application/json" -H "X-OpenStack-Nova-API-Version: 2.1" -H "X-Auth-Token: {SHA1}2b75f8613d5b65254c1727ec8b795bee32b4b72b" -d '{"events": [{"status": "completed", "tag": "95da3f23-ca01-4981-9bf2-af21a909ed23", "name": "network-vif-plugged", "server_uuid": "8f6dbfa5-ad66-440e-bccc-5cb080b4a6bd"}]}' _http_log_request /usr/lib/python2.7/site-packages/keystoneauth1/session.py:375
2018-06-28 16:10:49.830 25408 DEBUG novaclient.v2.client [-] RESP: [200] Content-Length: 183 Content-Type: application/json Openstack-Api-Version: compute 2.1 X-Openstack-Nova-Api-Version: 2.1 Vary: OpenStack-API-Version, X-OpenStack-Nova-API-Version X-Openstack-Request-Id: req-0a16640d-b741-411d-8dd1-09e6af4a20c3 X-Compute-Request-Id: req-0a16640d-b741-411d-8dd1-09e6af4a20c3 Date: Thu, 28 Jun 2018 14:10:49 GMT Connection: keep-alive 
RESP BODY: {"events": [{"status": "completed", "tag": "95da3f23-ca01-4981-9bf2-af21a909ed23", "name": "network-vif-plugged", "server_uuid": "8f6dbfa5-ad66-440e-bccc-5cb080b4a6bd", "code": 200}]}
 _http_log_response /usr/lib/python2.7/site-packages/keystoneauth1/session.py:423
2018-06-28 16:10:49.830 25408 DEBUG novaclient.v2.client [-] POST call to compute for http://10.0.20.22:8774/v2.1/e3731f8202904eebb3e6658e91a6b0b5/os-server-external-events used request id req-0a16640d-b741-411d-8dd1-09e6af4a20c3 request /usr/lib/python2.7/site-packages/keystoneauth1/session.py:727
2018-06-28 16:10:49.840 25409 DEBUG neutron.plugins.ml2.rpc [req-7c3b92ee-156f-4d5a-b384-a2b1af02b738 - - - - -] Device 95da3f23-ca01-4981-9bf2-af21a909ed23 up at agent ovs-agent-localhost.localdomain update_device_up /usr/lib/python2.7/site-packages/neutron/plugins/ml2/rpc.py:244
2018-06-28 16:10:49.843 25408 INFO neutron.notifiers.nova [-] Nova event response: {u'status': u'completed', u'tag': u'95da3f23-ca01-4981-9bf2-af21a909ed23', u'name': u'network-vif-plugged', u'server_uuid': u'8f6dbfa5-ad66-440e-bccc-5cb080b4a6bd', u'code': 200}
2018-06-28 16:10:50.000 25404 DEBUG neutron.quota.resource [req-9ab88e81-6b85-4295-9568-d571ac7ea79b 53b90b68cc5e4649858ac173a3b23ce7 89f7435e646b486aad383cd8d14eb43a - ce61d879e6304c1b8dc185130f615322 ce61d879e6304c1b8dc185130f615322] Synchronizing usage tracker for tenant:89f7435e646b486aad383cd8d14eb43a on resource:port resync /usr/lib/python2.7/site-packages/neutron/quota/resource.py:245
2018-06-28 16:10:50.012 25409 DEBUG neutron.db.provisioning_blocks [req-7c3b92ee-156f-4d5a-b384-a2b1af02b738 - - - - -] Provisioning complete for port 95da3f23-ca01-4981-9bf2-af21a909ed23 triggered by entity L2. provisioning_complete /usr/lib/python2.7/site-packages/neutron/db/provisioning_blocks.py:138
2018-06-28 16:10:50.013 25409 DEBUG neutron_lib.callbacks.manager [req-7c3b92ee-156f-4d5a-b384-a2b1af02b738 - - - - -] Notify callbacks ['neutron.plugins.ml2.plugin.Ml2Plugin._port_provisioned-4054948'] for port, provisioning_complete _notify_loop /usr/lib/python2.7/site-packages/neutron_lib/callbacks/manager.py:167
2018-06-28 16:10:50.107 25404 DEBUG neutron.quota.resource [req-9ab88e81-6b85-4295-9568-d571ac7ea79b 53b90b68cc5e4649858ac173a3b23ce7 89f7435e646b486aad383cd8d14eb43a - ce61d879e6304c1b8dc185130f615322 ce61d879e6304c1b8dc185130f615322] Unset dirty status for tenant:89f7435e646b486aad383cd8d14eb43a on resource:port _resync /usr/lib/python2.7/site-packages/neutron/quota/resource.py:237
2018-06-28 16:10:50.111 25404 INFO neutron.wsgi [req-9ab88e81-6b85-4295-9568-d571ac7ea79b 53b90b68cc5e4649858ac173a3b23ce7 89f7435e646b486aad383cd8d14eb43a - ce61d879e6304c1b8dc185130f615322 ce61d879e6304c1b8dc185130f615322] 10.0.20.22 "GET /v2.0/ports?device_id=8f6dbfa5-ad66-440e-bccc-5cb080b4a6bd HTTP/1.1" status: 200  len: 1124 time: 0.2569399
2018-06-28 16:10:50.262 25404 DEBUG neutron.plugins.ml2.plugin [req-35ea7f5d-722c-4b4d-a68c-debc08a532ff 53b90b68cc5e4649858ac173a3b23ce7 89f7435e646b486aad383cd8d14eb43a - ce61d879e6304c1b8dc185130f615322 ce61d879e6304c1b8dc185130f615322] Deleting port 95da3f23-ca01-4981-9bf2-af21a909ed23 _pre_delete_port /usr/lib/python2.7/site-packages/neutron/plugins/ml2/plugin.py:1488
2018-06-28 16:10:50.263 25404 DEBUG neutron_lib.callbacks.manager [req-35ea7f5d-722c-4b4d-a68c-debc08a532ff 53b90b68cc5e4649858ac173a3b23ce7 89f7435e646b486aad383cd8d14eb43a - ce61d879e6304c1b8dc185130f615322 ce61d879e6304c1b8dc185130f615322] Notify callbacks ['neutron.db.l3_db._prevent_l3_port_delete_callback-8730923824614'] for port, before_delete _notify_loop /usr/lib/python2.7/site-packages/neutron_lib/callbacks/manager.py:167
2018-06-28 16:10:50.663 25404 DEBUG neutron.plugins.ml2.db [req-35ea7f5d-722c-4b4d-a68c-debc08a532ff 53b90b68cc5e4649858ac173a3b23ce7 89f7435e646b486aad383cd8d14eb43a - ce61d879e6304c1b8dc185130f615322 ce61d879e6304c1b8dc185130f615322] For port 95da3f23-ca01-4981-9bf2-af21a909ed23, host localhost.localdomain, got binding levels [<neutron.plugins.ml2.models.PortBindingLevel[object at 7f0d38290410] {port_id=u'95da3f23-ca01-4981-9bf2-af21a909ed23', host=u'localhost.localdomain', level=0, driver=u'openvswitch', segment_id=u'f5e5cf10-2f13-4b09-a09d-a49967fa87c0'}>] get_binding_levels /usr/lib/python2.7/site-packages/neutron/plugins/ml2/db.py:106
2018-06-28 16:10:50.714 25404 DEBUG neutron.plugins.ml2.plugin [req-35ea7f5d-722c-4b4d-a68c-debc08a532ff 53b90b68cc5e4649858ac173a3b23ce7 89f7435e646b486aad383cd8d14eb43a - ce61d879e6304c1b8dc185130f615322 ce61d879e6304c1b8dc185130f615322] Calling delete_port for 95da3f23-ca01-4981-9bf2-af21a909ed23 owned by compute:nova delete_port /usr/lib/python2.7/site-packages/neutron/plugins/ml2/plugin.py:1547
2018-06-28 16:10:51.038 25404 DEBUG neutron_lib.callbacks.manager [req-35ea7f5d-722c-4b4d-a68c-debc08a532ff 53b90b68cc5e4649858ac173a3b23ce7 89f7435e646b486aad383cd8d14eb43a - ce61d879e6304c1b8dc185130f615322 ce61d879e6304c1b8dc185130f615322] Notify callbacks ['neutron.api.rpc.agentnotifiers.dhcp_rpc_agent_api.DhcpAgentNotifyAPI._native_event_send_dhcp_notification-685843', 'neutron.plugins.ml2.plugin.Ml2Plugin.notify_sg_on_port_change-3854037', 'neutron.plugins.ml2.ovo_rpc._ObjectChangeHandler.handle_event-644386', 'neutron.db.l3_db._notify_routers_callback--9223363305930973248', 'neutron.db.l3_dvrscheduler_db._notify_port_delete-8730923261896'] for port, after_delete _notify_loop /usr/lib/python2.7/site-packages/neutron_lib/callbacks/manager.py:167
2018-06-28 16:10:51.384 25404 DEBUG oslo_concurrency.lockutils [-] Lock "event-dispatch" acquired by "neutron.plugins.ml2.ovo_rpc.dispatch_events" :: waited 0.000s inner /usr/lib/python2.7/site-packages/oslo_concurrency/lockutils.py:270
2018-06-28 16:10:51.479 25404 DEBUG neutron.api.rpc.handlers.resources_rpc [req-35ea7f5d-722c-4b4d-a68c-debc08a532ff 53b90b68cc5e4649858ac173a3b23ce7 89f7435e646b486aad383cd8d14eb43a - - -] neutron.api.rpc.handlers.resources_rpc.ResourcesPushRpcApi method push called with arguments (<neutron_lib.context.Context object at 0x7f0d380ab250>, [Port(admin_state_up=<?>,allowed_address_pairs=<?>,binding=<?>,binding_levels=<?>,created_at=<?>,data_plane_status=<?>,description=<?>,device_id=<?>,device_owner=<?>,dhcp_options=<?>,distributed_binding=<?>,dns=<?>,fixed_ips=<?>,id=95da3f23-ca01-4981-9bf2-af21a909ed23,mac_address=<?>,name=<?>,network_id=<?>,project_id=<?>,qos_policy_id=None,revision_number=<?>,security=<?>,security_group_ids=None,status=<?>,updated_at=<?>)], 'deleted') {} wrapper /usr/lib/python2.7/site-packages/oslo_log/helpers.py:66
2018-06-28 16:10:51.550 25404 DEBUG oslo_concurrency.lockutils [req-35ea7f5d-722c-4b4d-a68c-debc08a532ff 53b90b68cc5e4649858ac173a3b23ce7 89f7435e646b486aad383cd8d14eb43a - - -] Lock "event-dispatch" released by "neutron.plugins.ml2.ovo_rpc.dispatch_events" :: held 0.167s inner /usr/lib/python2.7/site-packages/oslo_concurrency/lockutils.py:282
2018-06-28 16:10:51.552 25404 DEBUG neutron.db.l3_dvrscheduler_db [req-35ea7f5d-722c-4b4d-a68c-debc08a532ff 53b90b68cc5e4649858ac173a3b23ce7 89f7435e646b486aad383cd8d14eb43a - ce61d879e6304c1b8dc185130f615322 ce61d879e6304c1b8dc185130f615322] No DVR routers for this DVR port 95da3f23-ca01-4981-9bf2-af21a909ed23 on host localhost.localdomain get_dvr_routers_to_remove /usr/lib/python2.7/site-packages/neutron/db/l3_dvrscheduler_db.py:191
2018-06-28 16:10:51.579 25404 DEBUG neutron_lib.callbacks.manager [req-35ea7f5d-722c-4b4d-a68c-debc08a532ff 53b90b68cc5e4649858ac173a3b23ce7 89f7435e646b486aad383cd8d14eb43a - ce61d879e6304c1b8dc185130f615322 ce61d879e6304c1b8dc185130f615322] Notify callbacks ['neutron.notifiers.nova.Notifier._send_nova_notification--9223372036854762800'] for port, before_response _notify_loop /usr/lib/python2.7/site-packages/neutron_lib/callbacks/manager.py:167
2018-06-28 16:10:51.586 25404 DEBUG oslo_concurrency.lockutils [-] Lock "notifier-1194c238-1f08-4638-a764-b04cf35031aa" acquired by "neutron.notifiers.batch_notifier.synced_send" :: waited 0.000s inner /usr/lib/python2.7/site-packages/oslo_concurrency/lockutils.py:270
2018-06-28 16:10:51.587 25404 DEBUG neutron.notifiers.nova [-] Sending events: [{'tag': u'95da3f23-ca01-4981-9bf2-af21a909ed23', 'name': 'network-vif-deleted', 'server_uuid': u'8f6dbfa5-ad66-440e-bccc-5cb080b4a6bd'}] send_events /usr/lib/python2.7/site-packages/neutron/notifiers/nova.py:242
2018-06-28 16:10:51.591 25404 DEBUG novaclient.v2.client [-] REQ: curl -g -i -X POST http://10.0.20.22:8774/v2.1/e3731f8202904eebb3e6658e91a6b0b5/os-server-external-events -H "User-Agent: python-novaclient" -H "Content-Type: application/json" -H "Accept: application/json" -H "X-OpenStack-Nova-API-Version: 2.1" -H "X-Auth-Token: {SHA1}6e1964b4caecff12ca00fd312cf309c488725c6f" -d '{"events": [{"tag": "95da3f23-ca01-4981-9bf2-af21a909ed23", "name": "network-vif-deleted", "server_uuid": "8f6dbfa5-ad66-440e-bccc-5cb080b4a6bd"}]}' _http_log_request /usr/lib/python2.7/site-packages/keystoneauth1/session.py:375
2018-06-28 16:10:51.618 25404 DEBUG neutron.quota.resource [req-35ea7f5d-722c-4b4d-a68c-debc08a532ff 53b90b68cc5e4649858ac173a3b23ce7 89f7435e646b486aad383cd8d14eb43a - ce61d879e6304c1b8dc185130f615322 ce61d879e6304c1b8dc185130f615322] Persisted dirty status for tenant:89f7435e646b486aad383cd8d14eb43a on resource:port mark_dirty /usr/lib/python2.7/site-packages/neutron/quota/resource.py:207
2018-06-28 16:10:51.659 25404 INFO neutron.wsgi [req-35ea7f5d-722c-4b4d-a68c-debc08a532ff 53b90b68cc5e4649858ac173a3b23ce7 89f7435e646b486aad383cd8d14eb43a - ce61d879e6304c1b8dc185130f615322 ce61d879e6304c1b8dc185130f615322] 10.0.20.22 "DELETE /v2.0/ports/95da3f23-ca01-4981-9bf2-af21a909ed23 HTTP/1.1" status: 204  len: 173 time: 1.5407500
2018-06-28 16:10:51.715 25404 DEBUG novaclient.v2.client [-] RESP: [200] Content-Length: 183 Content-Type: application/json Openstack-Api-Version: compute 2.1 X-Openstack-Nova-Api-Version: 2.1 Vary: OpenStack-API-Version, X-OpenStack-Nova-API-Version X-Openstack-Request-Id: req-943163c4-6253-4c24-b747-ca6709c2efc0 X-Compute-Request-Id: req-943163c4-6253-4c24-b747-ca6709c2efc0 Date: Thu, 28 Jun 2018 14:10:51 GMT Connection: keep-alive 
RESP BODY: {"events": [{"status": "completed", "tag": "95da3f23-ca01-4981-9bf2-af21a909ed23", "name": "network-vif-deleted", "server_uuid": "8f6dbfa5-ad66-440e-bccc-5cb080b4a6bd", "code": 200}]}
 _http_log_response /usr/lib/python2.7/site-packages/keystoneauth1/session.py:423
2018-06-28 16:10:51.716 25404 DEBUG novaclient.v2.client [-] POST call to compute for http://10.0.20.22:8774/v2.1/e3731f8202904eebb3e6658e91a6b0b5/os-server-external-events used request id req-943163c4-6253-4c24-b747-ca6709c2efc0 request /usr/lib/python2.7/site-packages/keystoneauth1/session.py:727
2018-06-28 16:10:51.726 25404 INFO neutron.notifiers.nova [-] Nova event response: {u'status': u'completed', u'tag': u'95da3f23-ca01-4981-9bf2-af21a909ed23', u'name': u'network-vif-deleted', u'server_uuid': u'8f6dbfa5-ad66-440e-bccc-5cb080b4a6bd', u'code': 200}
2018-06-28 16:10:51.844 25408 DEBUG oslo_concurrency.lockutils [-] Lock "notifier-1194c238-1f08-4638-a764-b04cf35031aa" released by "neutron.notifiers.batch_notifier.synced_send" :: held 3.486s inner /usr/lib/python2.7/site-packages/oslo_concurrency/lockutils.py:282
2018-06-28 16:10:52.129 25404 INFO neutron.wsgi [req-2c692009-6551-495b-9b9f-efda7017a976 8d51c6595f7b4b648f3775454a985b0c e3731f8202904eebb3e6658e91a6b0b5 - default default] 10.0.20.22 "GET /v2.0/ports?tenant_id=688c18a1c85f4751b329806136ced2ee&device_id=06deffa3-c274-4da5-a3ab-17f1d4e0a067 HTTP/1.1" status: 200  len: 1124 time: 0.3717690
2018-06-28 16:10:52.506 25404 DEBUG neutron.pecan_wsgi.hooks.policy_enforcement [req-6a8d62a1-8142-4bee-9b04-cddeb8a6a804 8d51c6595f7b4b648f3775454a985b0c e3731f8202904eebb3e6658e91a6b0b5 - default default] Attributes excluded by policy engine: [u'vlan_transparent'] _exclude_attributes_by_policy /usr/lib/python2.7/site-packages/neutron/pecan_wsgi/hooks/policy_enforcement.py:256
2018-06-28 16:10:52.510 25404 INFO neutron.wsgi [req-6a8d62a1-8142-4bee-9b04-cddeb8a6a804 8d51c6595f7b4b648f3775454a985b0c e3731f8202904eebb3e6658e91a6b0b5 - default default] 10.0.20.22 "GET /v2.0/networks?id=2ce34dd7-df32-4a77-980f-3c1215fa4847 HTTP/1.1" status: 200  len: 888 time: 0.3715808
2018-06-28 16:10:52.561 25404 INFO neutron.wsgi [req-e896a5a8-464e-4c63-8546-78bd3cd28de0 8d51c6595f7b4b648f3775454a985b0c e3731f8202904eebb3e6658e91a6b0b5 - default default] 10.0.20.22 "GET /v2.0/floatingips?fixed_ip_address=172.24.4.3&port_id=34ae3945-8340-4ff1-9d1f-d0bdb80875f3 HTTP/1.1" status: 200  len: 217 time: 0.0415950
2018-06-28 16:10:52.605 25416 DEBUG neutron.db.agents_db [req-637227b0-fe8b-4f55-818b-673ff13fa68a - - - - -] Agent healthcheck: found 5 active agents agent_health_check /usr/lib/python2.7/site-packages/neutron/db/agents_db.py:281
2018-06-28 16:10:52.714 25404 DEBUG neutron.pecan_wsgi.hooks.policy_enforcement [req-5cc64ad4-3b6a-420f-9bb1-21e16a4a9af9 8d51c6595f7b4b648f3775454a985b0c e3731f8202904eebb3e6658e91a6b0b5 - default default] Attributes excluded by policy engine: [u'shared'] _exclude_attributes_by_policy /usr/lib/python2.7/site-packages/neutron/pecan_wsgi/hooks/policy_enforcement.py:256
2018-06-28 16:10:52.718 25404 INFO neutron.wsgi [req-5cc64ad4-3b6a-420f-9bb1-21e16a4a9af9 8d51c6595f7b4b648f3775454a985b0c e3731f8202904eebb3e6658e91a6b0b5 - default default] 10.0.20.22 "GET /v2.0/subnets?id=482aeca8-a24a-4c41-a222-a086cb79ba31 HTTP/1.1" status: 200  len: 819 time: 0.1461329
2018-06-28 16:10:52.801 25404 INFO neutron.wsgi [req-8fa140df-4071-4b94-a223-fa4d4950a160 8d51c6595f7b4b648f3775454a985b0c e3731f8202904eebb3e6658e91a6b0b5 - default default] 10.0.20.22 "GET /v2.0/ports?network_id=2ce34dd7-df32-4a77-980f-3c1215fa4847&device_owner=network%3Adhcp HTTP/1.1" status: 200  len: 210 time: 0.0755410
2018-06-28 16:10:53.730 25404 DEBUG oslo_concurrency.lockutils [-] Lock "notifier-1194c238-1f08-4638-a764-b04cf35031aa" released by "neutron.notifiers.batch_notifier.synced_send" :: held 2.144s inner /usr/lib/python2.7/site-packages/oslo_concurrency/lockutils.py:282
2018-06-28 16:10:53.757 25412 DEBUG neutron.plugins.ml2.rpc [req-7c3b92ee-156f-4d5a-b384-a2b1af02b738 - - - - -] Device 95da3f23-ca01-4981-9bf2-af21a909ed23 no longer exists at agent ovs-agent-localhost.localdomain update_device_down /usr/lib/python2.7/site-packages/neutron/plugins/ml2/rpc.py:213
2018-06-28 16:10:53.862 25412 DEBUG neutron.plugins.ml2.plugin [req-7c3b92ee-156f-4d5a-b384-a2b1af02b738 - - - - -] No Port match for: 95da3f23-ca01-4981-9bf2-af21a909ed23 port_bound_to_host /usr/lib/python2.7/site-packages/neutron/plugins/ml2/plugin.py:1806
2018-06-28 16:10:53.863 25412 DEBUG neutron.plugins.ml2.rpc [req-7c3b92ee-156f-4d5a-b384-a2b1af02b738 - - - - -] Device 95da3f23-ca01-4981-9bf2-af21a909ed23 not bound to the agent host localhost.localdomain update_device_down /usr/lib/python2.7/site-packages/neutron/plugins/ml2/rpc.py:221
2018-06-28 16:10:54.889 25402 INFO neutron.wsgi [req-40f69c0a-4d35-4d08-ab0c-d9e1933b06eb 53b90b68cc5e4649858ac173a3b23ce7 89f7435e646b486aad383cd8d14eb43a - ce61d879e6304c1b8dc185130f615322 ce61d879e6304c1b8dc185130f615322] 10.0.20.22 "GET /v2.0/ports?device_id=8f6dbfa5-ad66-440e-bccc-5cb080b4a6bd HTTP/1.1" status: 200  len: 210 time: 0.5114081
2018-06-28 16:10:58.406 25406 DEBUG neutron.wsgi [-] (25406) accepted ('10.0.20.22', 49040) server /usr/lib/python2.7/site-packages/eventlet/wsgi.py:883
2018-06-28 16:10:58.416 25406 WARNING keystonemiddleware.auth_token [-] Using the in-process token cache is deprecated as of the 4.2.0 release and may be removed in the 5.0.0 release or the 'O' development cycle. The in-process cache causes inconsistent results and high memory usage. When the feature is removed the auth_token middleware will not cache tokens by default which may result in performance issues. It is recommended to use  memcache for the auth_token token cache by setting the memcached_servers option.
2018-06-28 16:10:59.848 25406 WARNING keystonemiddleware.auth_token [-] A valid token was submitted as a service token, but it was not a valid service token. This is incorrect but backwards compatible behaviour. This will be removed in future releases.
2018-06-28 16:11:00.359 25407 DEBUG neutron_lib.callbacks.manager [req-b3a7c19b-ec76-4e15-8ef7-4e459d002065 - - - - -] Notify callbacks ['neutron.services.segments.db._update_segment_host_mapping_for_agent-8730923624754'] for agent, after_update _notify_loop /usr/lib/python2.7/site-packages/neutron_lib/callbacks/manager.py:167
2018-06-28 16:11:00.386 25406 DEBUG oslo_policy._cache_handler [req-ee183ea6-b744-468f-ba5e-bf4f51177cf4 d8fe1b202c50442793f2cb1692fe986e e3731f8202904eebb3e6658e91a6b0b5 - default default] Reloading cached file /etc/neutron/policy.json read_cached_file /usr/lib/python2.7/site-packages/oslo_policy/_cache_handler.py:40
2018-06-28 16:11:00.438 25406 DEBUG oslo_policy.policy [req-ee183ea6-b744-468f-ba5e-bf4f51177cf4 d8fe1b202c50442793f2cb1692fe986e e3731f8202904eebb3e6658e91a6b0b5 - default default] Reloaded policy file: /etc/neutron/policy.json _load_policy_file /usr/lib/python2.7/site-packages/oslo_policy/policy.py:681
2018-06-28 16:11:01.167 25406 DEBUG oslo_policy._cache_handler [req-ee183ea6-b744-468f-ba5e-bf4f51177cf4 d8fe1b202c50442793f2cb1692fe986e e3731f8202904eebb3e6658e91a6b0b5 - default default] Reloading cached file /etc/neutron/policy.json read_cached_file /usr/lib/python2.7/site-packages/oslo_policy/_cache_handler.py:40
2018-06-28 16:11:01.197 25406 DEBUG oslo_policy.policy [req-ee183ea6-b744-468f-ba5e-bf4f51177cf4 d8fe1b202c50442793f2cb1692fe986e e3731f8202904eebb3e6658e91a6b0b5 - default default] Reloaded policy file: /etc/neutron/policy.json _load_policy_file /usr/lib/python2.7/site-packages/oslo_policy/policy.py:681
2018-06-28 16:11:01.214 25406 INFO neutron.wsgi [req-ee183ea6-b744-468f-ba5e-bf4f51177cf4 d8fe1b202c50442793f2cb1692fe986e e3731f8202904eebb3e6658e91a6b0b5 - default default] 10.0.20.22 "GET /v2.0/ports?device_id=8f6dbfa5-ad66-440e-bccc-5cb080b4a6bd HTTP/1.1" status: 200  len: 210 time: 2.8034611
2018-06-28 16:11:01.913 25409 DEBUG neutron_lib.callbacks.manager [req-f25b58a7-90c2-492a-8d9b-faea90f68a0b - - - - -] Notify callbacks ['neutron.services.segments.db._update_segment_host_mapping_for_agent-8730923624754'] for agent, after_update _notify_loop /usr/lib/python2.7/site-packages/neutron_lib/callbacks/manager.py:167
2018-06-28 16:11:10.744 25410 DEBUG neutron_lib.callbacks.manager [req-dff9905a-9657-48c9-8188-9d2ccabecba8 - - - - -] Notify callbacks ['neutron.services.segments.db._update_segment_host_mapping_for_agent-8730923624754'] for agent, after_update _notify_loop /usr/lib/python2.7/site-packages/neutron_lib/callbacks/manager.py:167
2018-06-28 16:11:11.141 25402 INFO neutron.wsgi [req-2eac74af-2bcc-4965-bda6-fcbc64cfefe0 53b90b68cc5e4649858ac173a3b23ce7 89f7435e646b486aad383cd8d14eb43a - ce61d879e6304c1b8dc185130f615322 ce61d879e6304c1b8dc185130f615322] 10.0.20.22 "GET /v2.0/ports?device_id=8f6dbfa5-ad66-440e-bccc-5cb080b4a6bd HTTP/1.1" status: 200  len: 210 time: 0.8744960
2018-06-28 16:11:11.351 25412 DEBUG neutron_lib.callbacks.manager [req-c58a7936-c80d-4a44-a58c-32e065ccaedf - - - - -] Notify callbacks ['neutron.services.segments.db._update_segment_host_mapping_for_agent-8730923624754'] for agent, after_update _notify_loop /usr/lib/python2.7/site-packages/neutron_lib/callbacks/manager.py:167
2018-06-28 16:11:19.102 25411 DEBUG neutron_lib.callbacks.manager [req-7c3b92ee-156f-4d5a-b384-a2b1af02b738 - - - - -] Notify callbacks ['neutron.services.segments.db._update_segment_host_mapping_for_agent-8730923624754'] for agent, after_update _notify_loop /usr/lib/python2.7/site-packages/neutron_lib/callbacks/manager.py:167
2018-06-28 16:11:26.172 25406 DEBUG neutron.wsgi [-] (25406) accepted ('10.0.20.22', 49140) server /usr/lib/python2.7/site-packages/eventlet/wsgi.py:883
2018-06-28 16:11:27.120 25406 INFO neutron.wsgi [req-77e00110-1cda-4c69-aa36-a0d6b7046654 53b90b68cc5e4649858ac173a3b23ce7 89f7435e646b486aad383cd8d14eb43a - ce61d879e6304c1b8dc185130f615322 ce61d879e6304c1b8dc185130f615322] 10.0.20.22 "GET /v2.0/ports?device_id=8f6dbfa5-ad66-440e-bccc-5cb080b4a6bd HTTP/1.1" status: 200  len: 210 time: 0.9456971
2018-06-28 16:11:29.604 25416 DEBUG neutron.db.agents_db [req-637227b0-fe8b-4f55-818b-673ff13fa68a - - - - -] Agent healthcheck: found 5 active agents agent_health_check /usr/lib/python2.7/site-packages/neutron/db/agents_db.py:281
2018-06-28 16:11:30.355 25414 DEBUG neutron_lib.callbacks.manager [req-b3a7c19b-ec76-4e15-8ef7-4e459d002065 - - - - -] Notify callbacks ['neutron.services.segments.db._update_segment_host_mapping_for_agent-8730923624754'] for agent, after_update _notify_loop /usr/lib/python2.7/site-packages/neutron_lib/callbacks/manager.py:167
2018-06-28 16:11:31.886 25415 DEBUG neutron_lib.callbacks.manager [req-25a035af-643e-49bd-8fa5-2a15f7093622 - - - - -] Notify callbacks ['neutron.services.segments.db._update_segment_host_mapping_for_agent-8730923624754'] for agent, after_update _notify_loop /usr/lib/python2.7/site-packages/neutron_lib/callbacks/manager.py:167
2018-06-28 16:11:40.714 25408 DEBUG neutron_lib.callbacks.manager [req-f0b3134b-91c6-45c8-aeb7-65770dbd7a7d - - - - -] Notify callbacks ['neutron.services.segments.db._update_segment_host_mapping_for_agent-8730923624754'] for agent, after_update _notify_loop /usr/lib/python2.7/site-packages/neutron_lib/callbacks/manager.py:167
2018-06-28 16:11:41.307 25413 DEBUG neutron_lib.callbacks.manager [req-c58a7936-c80d-4a44-a58c-32e065ccaedf - - - - -] Notify callbacks ['neutron.services.segments.db._update_segment_host_mapping_for_agent-8730923624754'] for agent, after_update _notify_loop /usr/lib/python2.7/site-packages/neutron_lib/callbacks/manager.py:167
2018-06-28 16:11:44.691 25402 DEBUG neutron.wsgi [-] (25402) accepted ('10.0.20.22', 50210) server /usr/lib/python2.7/site-packages/eventlet/wsgi.py:883
2018-06-28 16:11:45.571 25402 INFO neutron.wsgi [req-f76301a2-5de1-40a3-88c9-987f8bbb174a 53b90b68cc5e4649858ac173a3b23ce7 89f7435e646b486aad383cd8d14eb43a - ce61d879e6304c1b8dc185130f615322 ce61d879e6304c1b8dc185130f615322] 10.0.20.22 "GET /v2.0/ports?device_id=8f6dbfa5-ad66-440e-bccc-5cb080b4a6bd HTTP/1.1" status: 200  len: 210 time: 0.8776081
2018-06-28 16:11:48.794 25407 DEBUG neutron_lib.callbacks.manager [req-7c3b92ee-156f-4d5a-b384-a2b1af02b738 - - - - -] Notify callbacks ['neutron.services.segments.db._update_segment_host_mapping_for_agent-8730923624754'] for agent, after_update _notify_loop /usr/lib/python2.7/site-packages/neutron_lib/callbacks/manager.py:167
2018-06-28 16:11:53.793 25404 INFO neutron.wsgi [req-efb7ff87-c9ec-4bff-bac3-4259edfdb7ad 8d51c6595f7b4b648f3775454a985b0c e3731f8202904eebb3e6658e91a6b0b5 - default default] 10.0.20.22 "GET /v2.0/ports?tenant_id=688c18a1c85f4751b329806136ced2ee&device_id=06deffa3-c274-4da5-a3ab-17f1d4e0a067 HTTP/1.1" status: 200  len: 1124 time: 0.1346481
2018-06-28 16:11:54.064 25404 DEBUG neutron.pecan_wsgi.hooks.policy_enforcement [req-aa70ea5d-c0f4-4fa2-9866-513726964a04 8d51c6595f7b4b648f3775454a985b0c e3731f8202904eebb3e6658e91a6b0b5 - default default] Attributes excluded by policy engine: [u'vlan_transparent'] _exclude_attributes_by_policy /usr/lib/python2.7/site-packages/neutron/pecan_wsgi/hooks/policy_enforcement.py:256
2018-06-28 16:11:54.067 25404 INFO neutron.wsgi [req-aa70ea5d-c0f4-4fa2-9866-513726964a04 8d51c6595f7b4b648f3775454a985b0c e3731f8202904eebb3e6658e91a6b0b5 - default default] 10.0.20.22 "GET /v2.0/networks?id=2ce34dd7-df32-4a77-980f-3c1215fa4847 HTTP/1.1" status: 200  len: 888 time: 0.2659080
2018-06-28 16:11:54.114 25404 INFO neutron.wsgi [req-e532a56a-7aba-464e-9e72-5db7fa789961 8d51c6595f7b4b648f3775454a985b0c e3731f8202904eebb3e6658e91a6b0b5 - default default] 10.0.20.22 "GET /v2.0/floatingips?fixed_ip_address=172.24.4.3&port_id=34ae3945-8340-4ff1-9d1f-d0bdb80875f3 HTTP/1.1" status: 200  len: 217 time: 0.0387928
2018-06-28 16:11:54.277 25404 DEBUG neutron.pecan_wsgi.hooks.policy_enforcement [req-fb359a38-fefe-4cc6-9408-fb4cca77a8fd 8d51c6595f7b4b648f3775454a985b0c e3731f8202904eebb3e6658e91a6b0b5 - default default] Attributes excluded by policy engine: [u'shared'] _exclude_attributes_by_policy /usr/lib/python2.7/site-packages/neutron/pecan_wsgi/hooks/policy_enforcement.py:256
2018-06-28 16:11:54.280 25404 INFO neutron.wsgi [req-fb359a38-fefe-4cc6-9408-fb4cca77a8fd 8d51c6595f7b4b648f3775454a985b0c e3731f8202904eebb3e6658e91a6b0b5 - default default] 10.0.20.22 "GET /v2.0/subnets?id=482aeca8-a24a-4c41-a222-a086cb79ba31 HTTP/1.1" status: 200  len: 819 time: 0.1569140
2018-06-28 16:11:54.379 25404 INFO neutron.wsgi [req-d481a3d5-ed0f-4a24-b67e-1aca16fdb7a5 8d51c6595f7b4b648f3775454a985b0c e3731f8202904eebb3e6658e91a6b0b5 - default default] 10.0.20.22 "GET /v2.0/ports?network_id=2ce34dd7-df32-4a77-980f-3c1215fa4847&device_owner=network%3Adhcp HTTP/1.1" status: 200  len: 210 time: 0.0924649
2018-06-28 16:12:00.357 25409 DEBUG neutron_lib.callbacks.manager [req-b3a7c19b-ec76-4e15-8ef7-4e459d002065 - - - - -] Notify callbacks ['neutron.services.segments.db._update_segment_host_mapping_for_agent-8730923624754'] for agent, after_update _notify_loop /usr/lib/python2.7/site-packages/neutron_lib/callbacks/manager.py:167
2018-06-28 16:12:02.028 25410 DEBUG neutron_lib.callbacks.manager [req-3336f27d-4e3c-4559-bdd5-e4032416d8d4 - - - - -] Notify callbacks ['neutron.services.segments.db._update_segment_host_mapping_for_agent-8730923624754'] for agent, after_update _notify_loop /usr/lib/python2.7/site-packages/neutron_lib/callbacks/manager.py:167
2018-06-28 16:12:02.180 25402 DEBUG neutron.wsgi [-] (25402) accepted ('10.0.20.22', 50270) server /usr/lib/python2.7/site-packages/eventlet/wsgi.py:883
2018-06-28 16:12:02.184 25402 INFO neutron.wsgi [-] 10.0.20.22 "GET / HTTP/1.1" status: 200  len: 252 time: 0.0026360
2018-06-28 16:12:03.045 25402 INFO neutron.pecan_wsgi.hooks.translation [req-7b1603d5-f317-48ab-acd6-57cf978a9fac 41f81b51431f44bd96d368d9b49cd4bd 688c18a1c85f4751b329806136ced2ee - default default] GET failed (client error): The resource could not be found.
2018-06-28 16:12:03.047 25402 INFO neutron.wsgi [req-7b1603d5-f317-48ab-acd6-57cf978a9fac 41f81b51431f44bd96d368d9b49cd4bd 688c18a1c85f4751b329806136ced2ee - default default] 10.0.20.22 "GET /v2.0/networks/public HTTP/1.1" status: 404  len: 314 time: 0.8547001
2018-06-28 16:12:03.408 25402 DEBUG neutron.pecan_wsgi.hooks.policy_enforcement [req-646deb21-e6be-4143-aaf3-5d4ef630d782 41f81b51431f44bd96d368d9b49cd4bd 688c18a1c85f4751b329806136ced2ee - default default] Attributes excluded by policy engine: [u'vlan_transparent'] _exclude_attributes_by_policy /usr/lib/python2.7/site-packages/neutron/pecan_wsgi/hooks/policy_enforcement.py:256
2018-06-28 16:12:03.409 25402 DEBUG neutron.pecan_wsgi.hooks.policy_enforcement [req-646deb21-e6be-4143-aaf3-5d4ef630d782 41f81b51431f44bd96d368d9b49cd4bd 688c18a1c85f4751b329806136ced2ee - default default] Attributes excluded by policy engine: [u'vlan_transparent'] _exclude_attributes_by_policy /usr/lib/python2.7/site-packages/neutron/pecan_wsgi/hooks/policy_enforcement.py:256
2018-06-28 16:12:03.410 25402 DEBUG neutron.pecan_wsgi.hooks.policy_enforcement [req-646deb21-e6be-4143-aaf3-5d4ef630d782 41f81b51431f44bd96d368d9b49cd4bd 688c18a1c85f4751b329806136ced2ee - default default] Attributes excluded by policy engine: [u'vlan_transparent'] _exclude_attributes_by_policy /usr/lib/python2.7/site-packages/neutron/pecan_wsgi/hooks/policy_enforcement.py:256
2018-06-28 16:12:03.413 25402 INFO neutron.wsgi [req-646deb21-e6be-4143-aaf3-5d4ef630d782 41f81b51431f44bd96d368d9b49cd4bd 688c18a1c85f4751b329806136ced2ee - default default] 10.0.20.22 "GET /v2.0/networks HTTP/1.1" status: 200  len: 2214 time: 0.3541760
2018-06-28 16:12:04.462 25402 DEBUG neutron.api.v2.base [req-475fbd5b-49cb-4f52-a1da-102d85511109 41f81b51431f44bd96d368d9b49cd4bd 688c18a1c85f4751b329806136ced2ee - default default] Request body: {u'floatingip': {u'floating_network_id': u'2ce34dd7-df32-4a77-980f-3c1215fa4847', u'tenant_id': u'89f7435e646b486aad383cd8d14eb43a'}} prepare_request_body /usr/lib/python2.7/site-packages/neutron/api/v2/base.py:695
2018-06-28 16:12:04.464 25402 INFO neutron.quota [req-475fbd5b-49cb-4f52-a1da-102d85511109 41f81b51431f44bd96d368d9b49cd4bd 688c18a1c85f4751b329806136ced2ee - default default] Loaded quota_driver: <neutron.db.quota.driver.DbQuotaDriver object at 0x7f0d38942b50>.
2018-06-28 16:12:04.474 25402 DEBUG neutron.db.quota.driver [req-475fbd5b-49cb-4f52-a1da-102d85511109 41f81b51431f44bd96d368d9b49cd4bd 688c18a1c85f4751b329806136ced2ee - default default] Resources subnetpool have unlimited quota limit. It is not required to calculate headroom  make_reservation /usr/lib/python2.7/site-packages/neutron/db/quota/driver.py:223
2018-06-28 16:12:04.490 25402 DEBUG neutron.quota.resource [req-475fbd5b-49cb-4f52-a1da-102d85511109 41f81b51431f44bd96d368d9b49cd4bd 688c18a1c85f4751b329806136ced2ee - default default] Usage tracker for resource:floatingip and tenant:89f7435e646b486aad383cd8d14eb43a is out of sync, need to count used quota count_used /usr/lib/python2.7/site-packages/neutron/quota/resource.py:274
2018-06-28 16:12:04.534 25402 DEBUG neutron.quota.resource [req-475fbd5b-49cb-4f52-a1da-102d85511109 41f81b51431f44bd96d368d9b49cd4bd 688c18a1c85f4751b329806136ced2ee - default default] Quota usage for floatingip was recalculated. Used quota:0. count_used /usr/lib/python2.7/site-packages/neutron/quota/resource.py:293
2018-06-28 16:12:04.552 25402 DEBUG neutron.db.quota.driver [req-475fbd5b-49cb-4f52-a1da-102d85511109 41f81b51431f44bd96d368d9b49cd4bd 688c18a1c85f4751b329806136ced2ee - default default] Attempting to reserve 1 items for resource floatingip. Total usage: 0; quota limit: 50; headroom:50 make_reservation /usr/lib/python2.7/site-packages/neutron/db/quota/driver.py:255
2018-06-28 16:12:05.081 25402 DEBUG neutron_lib.callbacks.manager [req-475fbd5b-49cb-4f52-a1da-102d85511109 41f81b51431f44bd96d368d9b49cd4bd 688c18a1c85f4751b329806136ced2ee - default default] Notify callbacks ['neutron.plugins.ml2.plugin.Ml2Plugin._ensure_default_security_group_handler--9223372036850921880'] for port, before_create _notify_loop /usr/lib/python2.7/site-packages/neutron_lib/callbacks/manager.py:167
2018-06-28 16:12:06.088 25402 DEBUG neutron.db.db_base_plugin_common [req-475fbd5b-49cb-4f52-a1da-102d85511109 41f81b51431f44bd96d368d9b49cd4bd 688c18a1c85f4751b329806136ced2ee - default default] Allocated IP 172.24.4.13 (2ce34dd7-df32-4a77-980f-3c1215fa4847/482aeca8-a24a-4c41-a222-a086cb79ba31/63ac3605-6733-4036-9df9-cf11bb375ca9) _store_ip_allocation /usr/lib/python2.7/site-packages/neutron/db/db_base_plugin_common.py:122
2018-06-28 16:12:06.638 25416 DEBUG neutron.db.agents_db [req-637227b0-fe8b-4f55-818b-673ff13fa68a - - - - -] Agent healthcheck: found 5 active agents agent_health_check /usr/lib/python2.7/site-packages/neutron/db/agents_db.py:281
2018-06-28 16:12:06.652 25402 DEBUG neutron_lib.callbacks.manager [req-475fbd5b-49cb-4f52-a1da-102d85511109 41f81b51431f44bd96d368d9b49cd4bd 688c18a1c85f4751b329806136ced2ee - default default] Notify callbacks [] for port, precommit_create _notify_loop /usr/lib/python2.7/site-packages/neutron_lib/callbacks/manager.py:167
2018-06-28 16:12:06.872 25402 DEBUG neutron_lib.callbacks.manager [req-475fbd5b-49cb-4f52-a1da-102d85511109 41f81b51431f44bd96d368d9b49cd4bd 688c18a1c85f4751b329806136ced2ee - default default] Notify callbacks ['neutron.api.rpc.agentnotifiers.dhcp_rpc_agent_api.DhcpAgentNotifyAPI._native_event_send_dhcp_notification-685843', 'neutron.plugins.ml2.plugin.Ml2Plugin.notify_sg_on_port_change-3854037', 'neutron.plugins.ml2.ovo_rpc._ObjectChangeHandler.handle_event-644386', 'neutron.db.l3_dvrscheduler_db._notify_l3_agent_new_port--9223363305931513920'] for port, after_create _notify_loop /usr/lib/python2.7/site-packages/neutron_lib/callbacks/manager.py:167
2018-06-28 16:12:07.664 25402 DEBUG neutron.scheduler.dhcp_agent_scheduler [req-475fbd5b-49cb-4f52-a1da-102d85511109 41f81b51431f44bd96d368d9b49cd4bd 688c18a1c85f4751b329806136ced2ee - default default] Network 2ce34dd7-df32-4a77-980f-3c1215fa4847 is already hosted by enough agents. _get_dhcp_agents_hosting_network /usr/lib/python2.7/site-packages/neutron/scheduler/dhcp_agent_scheduler.py:243
2018-06-28 16:12:08.098 25402 DEBUG neutron.db.l3_dvrscheduler_db [req-475fbd5b-49cb-4f52-a1da-102d85511109 41f81b51431f44bd96d368d9b49cd4bd 688c18a1c85f4751b329806136ced2ee - default default] Received port after_create _notify_l3_agent_new_port /usr/lib/python2.7/site-packages/neutron/db/l3_dvrscheduler_db.py:392
2018-06-28 16:12:08.108 25402 DEBUG oslo_concurrency.lockutils [-] Lock "event-dispatch" acquired by "neutron.plugins.ml2.ovo_rpc.dispatch_events" :: waited 0.000s inner /usr/lib/python2.7/site-packages/oslo_concurrency/lockutils.py:270
2018-06-28 16:12:08.341 25402 DEBUG neutron.api.rpc.handlers.resources_rpc [req-475fbd5b-49cb-4f52-a1da-102d85511109 41f81b51431f44bd96d368d9b49cd4bd 688c18a1c85f4751b329806136ced2ee - - -] neutron.api.rpc.handlers.resources_rpc.ResourcesPushRpcApi method push called with arguments (<neutron_lib.context.Context object at 0x7f0d38825fd0>, [Port(admin_state_up=True,allowed_address_pairs=[],binding=PortBinding,binding_levels=[],created_at=2018-06-28T14:12:05Z,data_plane_status=<?>,description='',device_id='PENDING',device_owner='network:floatingip',dhcp_options=[],distributed_binding=None,dns=None,fixed_ips=[IPAllocation],id=63ac3605-6733-4036-9df9-cf11bb375ca9,mac_address=fa:16:3e:0e:e7:8f,name='',network_id=2ce34dd7-df32-4a77-980f-3c1215fa4847,project_id='',qos_policy_id=None,revision_number=3,security=PortSecurity(63ac3605-6733-4036-9df9-cf11bb375ca9),security_group_ids=set([]),status='N/A',updated_at=2018-06-28T14:12:06Z)], 'updated') {} wrapper /usr/lib/python2.7/site-packages/oslo_log/helpers.py:66
2018-06-28 16:12:08.371 25402 DEBUG neutron.api.rpc.callbacks.version_manager [req-475fbd5b-49cb-4f52-a1da-102d85511109 41f81b51431f44bd96d368d9b49cd4bd 688c18a1c85f4751b329806136ced2ee - - -] Version for resource type Subnet changed None to 1.0 on consumer Open vSwitch agent@localhost.localdomain _set_version /usr/lib/python2.7/site-packages/neutron/api/rpc/callbacks/version_manager.py:119
2018-06-28 16:12:08.372 25402 DEBUG neutron.api.rpc.callbacks.version_manager [req-475fbd5b-49cb-4f52-a1da-102d85511109 41f81b51431f44bd96d368d9b49cd4bd 688c18a1c85f4751b329806136ced2ee - - -] Version for resource type Network changed None to 1.0 on consumer Open vSwitch agent@localhost.localdomain _set_version /usr/lib/python2.7/site-packages/neutron/api/rpc/callbacks/version_manager.py:119
2018-06-28 16:12:08.373 25402 DEBUG neutron.api.rpc.callbacks.version_manager [req-475fbd5b-49cb-4f52-a1da-102d85511109 41f81b51431f44bd96d368d9b49cd4bd 688c18a1c85f4751b329806136ced2ee - - -] Version for resource type SubPort changed None to 1.0 on consumer Open vSwitch agent@localhost.localdomain _set_version /usr/lib/python2.7/site-packages/neutron/api/rpc/callbacks/version_manager.py:119
2018-06-28 16:12:08.374 25402 DEBUG neutron.api.rpc.callbacks.version_manager [req-475fbd5b-49cb-4f52-a1da-102d85511109 41f81b51431f44bd96d368d9b49cd4bd 688c18a1c85f4751b329806136ced2ee - - -] Version for resource type SecurityGroup changed None to 1.0 on consumer Open vSwitch agent@localhost.localdomain _set_version /usr/lib/python2.7/site-packages/neutron/api/rpc/callbacks/version_manager.py:119
2018-06-28 16:12:08.374 25402 DEBUG neutron.api.rpc.callbacks.version_manager [req-475fbd5b-49cb-4f52-a1da-102d85511109 41f81b51431f44bd96d368d9b49cd4bd 688c18a1c85f4751b329806136ced2ee - - -] Version for resource type SecurityGroupRule changed None to 1.0 on consumer Open vSwitch agent@localhost.localdomain _set_version /usr/lib/python2.7/site-packages/neutron/api/rpc/callbacks/version_manager.py:119
2018-06-28 16:12:08.375 25402 DEBUG neutron.api.rpc.callbacks.version_manager [req-475fbd5b-49cb-4f52-a1da-102d85511109 41f81b51431f44bd96d368d9b49cd4bd 688c18a1c85f4751b329806136ced2ee - - -] Version for resource type Trunk changed None to 1.1 on consumer Open vSwitch agent@localhost.localdomain _set_version /usr/lib/python2.7/site-packages/neutron/api/rpc/callbacks/version_manager.py:119
2018-06-28 16:12:08.376 25402 DEBUG neutron.api.rpc.callbacks.version_manager [req-475fbd5b-49cb-4f52-a1da-102d85511109 41f81b51431f44bd96d368d9b49cd4bd 688c18a1c85f4751b329806136ced2ee - - -] Version for resource type QosPolicy changed None to 1.6 on consumer Open vSwitch agent@localhost.localdomain _set_version /usr/lib/python2.7/site-packages/neutron/api/rpc/callbacks/version_manager.py:119
2018-06-28 16:12:08.377 25402 DEBUG neutron.api.rpc.callbacks.version_manager [req-475fbd5b-49cb-4f52-a1da-102d85511109 41f81b51431f44bd96d368d9b49cd4bd 688c18a1c85f4751b329806136ced2ee - - -] Version for resource type Port changed None to 1.1 on consumer Open vSwitch agent@localhost.localdomain _set_version /usr/lib/python2.7/site-packages/neutron/api/rpc/callbacks/version_manager.py:119
2018-06-28 16:12:08.377 25402 DEBUG neutron.api.rpc.callbacks.version_manager [req-475fbd5b-49cb-4f52-a1da-102d85511109 41f81b51431f44bd96d368d9b49cd4bd 688c18a1c85f4751b329806136ced2ee - - -] Version for resource type Log changed None to 1.0 on consumer Open vSwitch agent@localhost.localdomain _set_version /usr/lib/python2.7/site-packages/neutron/api/rpc/callbacks/version_manager.py:119
2018-06-28 16:12:08.383 25402 DEBUG neutron.api.rpc.callbacks.version_manager [req-475fbd5b-49cb-4f52-a1da-102d85511109 41f81b51431f44bd96d368d9b49cd4bd 688c18a1c85f4751b329806136ced2ee - - -] Tracked resource versions report:
pushed versions:
{   'Log': set(['1.0']),
    'Network': set(['1.0']),
    'Port': set(['1.1']),
    'QosPolicy': set(['1.6']),
    'SecurityGroup': set(['1.0']),
    'SecurityGroupRule': set(['1.0']),
    'SubPort': set(['1.0']),
    'Subnet': set(['1.0']),
    'Trunk': set(['1.1'])}

consumer versions:
{   DHCP agent@localhost.localdomain: {   },
    L3 agent@localhost.localdomain: {   },
    Metadata agent@localhost.localdomain: {   },
    Metering agent@localhost.localdomain: {   },
    Open vSwitch agent@localhost.localdomain: {   u'Log': u'1.0',
                                                  u'Network': u'1.0',
                                                  u'Port': u'1.1',
                                                  u'QosPolicy': u'1.6',
                                                  u'SecurityGroup': u'1.0',
                                                  u'SecurityGroupRule': u'1.0',
                                                  u'SubPort': u'1.0',
                                                  u'Subnet': u'1.0',
                                                  u'Trunk': u'1.1'}}
 report /usr/lib/python2.7/site-packages/neutron/api/rpc/callbacks/version_manager.py:178
2018-06-28 16:12:08.417 25402 DEBUG oslo_concurrency.lockutils [req-475fbd5b-49cb-4f52-a1da-102d85511109 41f81b51431f44bd96d368d9b49cd4bd 688c18a1c85f4751b329806136ced2ee - - -] Lock "event-dispatch" released by "neutron.plugins.ml2.ovo_rpc.dispatch_events" :: held 0.309s inner /usr/lib/python2.7/site-packages/oslo_concurrency/lockutils.py:282
2018-06-28 16:12:08.419 25402 DEBUG neutron_lib.callbacks.manager [req-475fbd5b-49cb-4f52-a1da-102d85511109 41f81b51431f44bd96d368d9b49cd4bd 688c18a1c85f4751b329806136ced2ee - default default] Notify callbacks ['neutron.plugins.ml2.plugin.Ml2Plugin._ensure_default_security_group_handler--9223372036850921880'] for port, before_update _notify_loop /usr/lib/python2.7/site-packages/neutron_lib/callbacks/manager.py:167
2018-06-28 16:12:09.106 25402 DEBUG neutron_lib.callbacks.manager [req-475fbd5b-49cb-4f52-a1da-102d85511109 41f81b51431f44bd96d368d9b49cd4bd 688c18a1c85f4751b329806136ced2ee - default default] Notify callbacks [] for port, precommit_update _notify_loop /usr/lib/python2.7/site-packages/neutron_lib/callbacks/manager.py:167
