2018-06-30 14:15:20.224 32195 INFO neutron.wsgi [req-a86f0630-e6e3-49e1-b183-d3063ddc58c2 db7e024eefa34f0d9525ad1ee1475527 910acf3b84b64f358e48f506530f7cb1 - default default] 10.0.20.25 "GET /v2.0/security-groups?id=d87175dc-83bb-4d03-9ac6-b8dabcc86762 HTTP/1.1" status: 200  len: 2118 time: 0.2279119
2018-06-30 14:15:23.957 32194 DEBUG neutron.wsgi [-] (32194) accepted ('10.0.20.25', 33110) server /usr/lib/python2.7/site-packages/eventlet/wsgi.py:883
2018-06-30 14:15:24.637 32194 INFO neutron.wsgi [req-4bf6fbf0-6d01-4558-a325-68fd2088b11b db7e024eefa34f0d9525ad1ee1475527 910acf3b84b64f358e48f506530f7cb1 - default default] 10.0.20.25 "GET /v2.0/ports?device_id=21f88538-4004-41b4-a643-906c7eed1568 HTTP/1.1" status: 200  len: 1125 time: 0.6773322
2018-06-30 14:15:24.861 32194 INFO neutron.wsgi [req-0c9dbb7f-e041-4fb0-9ad1-cbb4c56f05f6 db7e024eefa34f0d9525ad1ee1475527 910acf3b84b64f358e48f506530f7cb1 - default default] 10.0.20.25 "GET /v2.0/security-groups?id=d87175dc-83bb-4d03-9ac6-b8dabcc86762 HTTP/1.1" status: 200  len: 2118 time: 0.1924398
2018-06-30 14:15:27.057 32193 DEBUG neutron.wsgi [-] (32193) accepted ('10.0.20.25', 33132) server /usr/lib/python2.7/site-packages/eventlet/wsgi.py:883
2018-06-30 14:15:27.648 32193 INFO neutron.wsgi [req-8e025f42-c5a9-4d8b-8e59-32e91fb8d1cf db7e024eefa34f0d9525ad1ee1475527 910acf3b84b64f358e48f506530f7cb1 - default default] 10.0.20.25 "GET /v2.0/ports?device_id=21f88538-4004-41b4-a643-906c7eed1568 HTTP/1.1" status: 200  len: 1125 time: 0.5883641
2018-06-30 14:15:27.866 32193 INFO neutron.wsgi [req-910f29c4-d228-456c-8973-522a7d559a53 db7e024eefa34f0d9525ad1ee1475527 910acf3b84b64f358e48f506530f7cb1 - default default] 10.0.20.25 "GET /v2.0/security-groups?id=d87175dc-83bb-4d03-9ac6-b8dabcc86762 HTTP/1.1" status: 200  len: 2118 time: 0.1539590
2018-06-30 14:15:28.370 32201 DEBUG neutron_lib.callbacks.manager [req-3f01a5b7-ff83-45c3-833d-239d73a0f477 - - - - -] Notify callbacks ['neutron.services.segments.db._update_segment_host_mapping_for_agent-8736326581554'] for agent, after_update _notify_loop /usr/lib/python2.7/site-packages/neutron_lib/callbacks/manager.py:167
2018-06-30 14:15:29.286 32196 INFO neutron.wsgi [req-d072e693-222d-4129-9566-cf4a6ec67edb db7e024eefa34f0d9525ad1ee1475527 910acf3b84b64f358e48f506530f7cb1 - default default] 10.0.20.25 "GET /v2.0/ports?device_id=21f88538-4004-41b4-a643-906c7eed1568 HTTP/1.1" status: 200  len: 1125 time: 0.1521261
2018-06-30 14:15:29.443 32196 INFO neutron.wsgi [req-d754bb1f-f5d7-4a2f-8de9-25390d05f4e7 db7e024eefa34f0d9525ad1ee1475527 910acf3b84b64f358e48f506530f7cb1 - default default] 10.0.20.25 "GET /v2.0/security-groups?id=d87175dc-83bb-4d03-9ac6-b8dabcc86762 HTTP/1.1" status: 200  len: 2118 time: 0.1487219
2018-06-30 14:15:29.624 32193 DEBUG neutron.wsgi [-] (32193) accepted ('10.0.20.25', 33158) server /usr/lib/python2.7/site-packages/eventlet/wsgi.py:883
2018-06-30 14:15:29.977 32193 WARNING keystonemiddleware.auth_token [-] A valid token was submitted as a service token, but it was not a valid service token. This is incorrect but backwards compatible behaviour. This will be removed in future releases.
2018-06-30 14:15:30.453 32193 INFO neutron.wsgi [req-6dc665de-2d15-4efb-a93b-8fda18ea30fc 928a9986fe0b43599238a890ae0e393c 52cade4ce95f495e8dad16a39483c54e - 3005b381292d4ad2bbd6b87cb3d9fc33 3005b381292d4ad2bbd6b87cb3d9fc33] 10.0.20.25 "GET /v2.0/ports?device_id=21f88538-4004-41b4-a643-906c7eed1568 HTTP/1.1" status: 200  len: 1125 time: 0.8271899
2018-06-30 14:15:30.671 32193 INFO neutron.wsgi [req-8797e3b6-d59f-4bd1-b5b1-960a9befe63d 928a9986fe0b43599238a890ae0e393c 52cade4ce95f495e8dad16a39483c54e - 3005b381292d4ad2bbd6b87cb3d9fc33 3005b381292d4ad2bbd6b87cb3d9fc33] 10.0.20.25 "GET /v2.0/security-groups?id=d87175dc-83bb-4d03-9ac6-b8dabcc86762 HTTP/1.1" status: 200  len: 2118 time: 0.1574969
2018-06-30 14:15:32.273 32205 DEBUG neutron_lib.callbacks.manager [req-58830428-6c37-4bdd-939a-7fa589c900bb - - - - -] Notify callbacks ['neutron.services.segments.db._update_segment_host_mapping_for_agent-8736326581554'] for agent, after_update _notify_loop /usr/lib/python2.7/site-packages/neutron_lib/callbacks/manager.py:167
2018-06-30 14:15:32.297 32207 DEBUG neutron_lib.callbacks.manager [req-6f441887-e02f-44b7-92fe-1314fb2fdea9 - - - - -] Notify callbacks ['neutron.services.segments.db._update_segment_host_mapping_for_agent-8736326581554'] for agent, after_update _notify_loop /usr/lib/python2.7/site-packages/neutron_lib/callbacks/manager.py:167
2018-06-30 14:15:32.334 32206 DEBUG neutron_lib.callbacks.manager [req-8848c4d8-4142-4a3f-83eb-f20e23196871 - - - - -] Notify callbacks ['neutron.services.segments.db._update_segment_host_mapping_for_agent-8736326581554'] for agent, after_update _notify_loop /usr/lib/python2.7/site-packages/neutron_lib/callbacks/manager.py:167
2018-06-30 14:15:33.693 32193 DEBUG neutron.wsgi [-] (32193) accepted ('10.0.20.25', 33196) server /usr/lib/python2.7/site-packages/eventlet/wsgi.py:883
2018-06-30 14:15:34.165 32193 INFO neutron.wsgi [req-a418fc85-22e7-4920-86b3-08b49c84291e db7e024eefa34f0d9525ad1ee1475527 910acf3b84b64f358e48f506530f7cb1 - default default] 10.0.20.25 "GET /v2.0/ports?device_id=21f88538-4004-41b4-a643-906c7eed1568 HTTP/1.1" status: 200  len: 1125 time: 0.4694560
2018-06-30 14:15:34.350 32193 INFO neutron.wsgi [req-e61941a3-a6ee-467d-bfaa-8247946ab8da db7e024eefa34f0d9525ad1ee1475527 910acf3b84b64f358e48f506530f7cb1 - default default] 10.0.20.25 "GET /v2.0/security-groups?id=d87175dc-83bb-4d03-9ac6-b8dabcc86762 HTTP/1.1" status: 200  len: 2118 time: 0.1271141
2018-06-30 14:15:42.004 32202 DEBUG neutron_lib.callbacks.manager [req-84417803-87e8-4fe7-979b-e8aa13f339d1 - - - - -] Notify callbacks ['neutron.services.segments.db._update_segment_host_mapping_for_agent-8736326581554'] for agent, after_update _notify_loop /usr/lib/python2.7/site-packages/neutron_lib/callbacks/manager.py:167
2018-06-30 14:15:49.830 32195 INFO neutron.wsgi [req-ecfffab0-166a-4a00-89a1-16df476595bc 0508a2373b814911b1d6723f2f75b8cd 910acf3b84b64f358e48f506530f7cb1 - default default] 10.0.20.25 "GET /v2.0/ports?device_id=21f88538-4004-41b4-a643-906c7eed1568 HTTP/1.1" status: 200  len: 1125 time: 0.8129120
2018-06-30 14:15:50.205 32195 INFO neutron.wsgi [req-cf4dba28-4265-4487-bc43-ea4653cf6050 0508a2373b814911b1d6723f2f75b8cd 910acf3b84b64f358e48f506530f7cb1 - default default] 10.0.20.25 "GET /v2.0/security-groups?id=d87175dc-83bb-4d03-9ac6-b8dabcc86762 HTTP/1.1" status: 200  len: 2118 time: 0.3692310
2018-06-30 14:15:54.850 32196 INFO neutron.wsgi [req-16a8b693-4565-4657-b999-e2bd8d42dcd5 928a9986fe0b43599238a890ae0e393c 52cade4ce95f495e8dad16a39483c54e - 3005b381292d4ad2bbd6b87cb3d9fc33 3005b381292d4ad2bbd6b87cb3d9fc33] 10.0.20.25 "GET /v2.0/ports?device_id=21f88538-4004-41b4-a643-906c7eed1568 HTTP/1.1" status: 200  len: 1125 time: 0.4278939
2018-06-30 14:15:54.988 32196 INFO neutron.wsgi [req-c1841236-e968-4a33-b2e6-3415cb4250ce 928a9986fe0b43599238a890ae0e393c 52cade4ce95f495e8dad16a39483c54e - 3005b381292d4ad2bbd6b87cb3d9fc33 3005b381292d4ad2bbd6b87cb3d9fc33] 10.0.20.25 "GET /v2.0/security-groups?id=d87175dc-83bb-4d03-9ac6-b8dabcc86762 HTTP/1.1" status: 200  len: 2118 time: 0.1294532
2018-06-30 14:15:56.107 32209 DEBUG neutron.db.agents_db [req-ab4fa05d-14a4-4abc-b296-0223d338471e - - - - -] Agent healthcheck: found 5 active agents agent_health_check /usr/lib/python2.7/site-packages/neutron/db/agents_db.py:281
2018-06-30 14:15:58.365 32200 DEBUG neutron_lib.callbacks.manager [req-068d7093-8608-4dff-956d-c5bac8e0787a - - - - -] Notify callbacks ['neutron.services.segments.db._update_segment_host_mapping_for_agent-8736326581554'] for agent, after_update _notify_loop /usr/lib/python2.7/site-packages/neutron_lib/callbacks/manager.py:167
2018-06-30 14:16:02.283 32208 DEBUG neutron_lib.callbacks.manager [req-58830428-6c37-4bdd-939a-7fa589c900bb - - - - -] Notify callbacks ['neutron.services.segments.db._update_segment_host_mapping_for_agent-8736326581554'] for agent, after_update _notify_loop /usr/lib/python2.7/site-packages/neutron_lib/callbacks/manager.py:167
2018-06-30 14:16:02.319 32203 DEBUG neutron_lib.callbacks.manager [req-ef0e9794-7c7e-44ba-b531-eaf1917f5cc7 - - - - -] Notify callbacks ['neutron.services.segments.db._update_segment_host_mapping_for_agent-8736326581554'] for agent, after_update _notify_loop /usr/lib/python2.7/site-packages/neutron_lib/callbacks/manager.py:167
2018-06-30 14:16:02.373 32204 DEBUG neutron_lib.callbacks.manager [req-8848c4d8-4142-4a3f-83eb-f20e23196871 - - - - -] Notify callbacks ['neutron.services.segments.db._update_segment_host_mapping_for_agent-8736326581554'] for agent, after_update _notify_loop /usr/lib/python2.7/site-packages/neutron_lib/callbacks/manager.py:167
2018-06-30 14:16:11.586 32193 DEBUG neutron.wsgi [-] (32193) accepted ('10.0.20.25', 34352) server /usr/lib/python2.7/site-packages/eventlet/wsgi.py:883
2018-06-30 14:16:11.999 32201 DEBUG neutron_lib.callbacks.manager [req-84417803-87e8-4fe7-979b-e8aa13f339d1 - - - - -] Notify callbacks ['neutron.services.segments.db._update_segment_host_mapping_for_agent-8736326581554'] for agent, after_update _notify_loop /usr/lib/python2.7/site-packages/neutron_lib/callbacks/manager.py:167
2018-06-30 14:16:12.524 32193 INFO neutron.wsgi [req-28ab090f-36b2-4af2-9390-39557df5e993 928a9986fe0b43599238a890ae0e393c 52cade4ce95f495e8dad16a39483c54e - 3005b381292d4ad2bbd6b87cb3d9fc33 3005b381292d4ad2bbd6b87cb3d9fc33] 10.0.20.25 "GET /v2.0/ports?device_id=21f88538-4004-41b4-a643-906c7eed1568 HTTP/1.1" status: 200  len: 1125 time: 0.9357848
2018-06-30 14:16:12.697 32193 INFO neutron.wsgi [req-85820a02-7ecd-4cc1-857d-d80ac6292300 928a9986fe0b43599238a890ae0e393c 52cade4ce95f495e8dad16a39483c54e - 3005b381292d4ad2bbd6b87cb3d9fc33 3005b381292d4ad2bbd6b87cb3d9fc33] 10.0.20.25 "GET /v2.0/security-groups?id=d87175dc-83bb-4d03-9ac6-b8dabcc86762 HTTP/1.1" status: 200  len: 2118 time: 0.1263709
2018-06-30 14:16:17.853 32195 INFO neutron.wsgi [req-537fe4bc-49fb-4a26-b854-dc253edffa1a db7e024eefa34f0d9525ad1ee1475527 910acf3b84b64f358e48f506530f7cb1 - default default] 10.0.20.25 "GET /v2.0/ports?tenant_id=52cade4ce95f495e8dad16a39483c54e&device_id=21f88538-4004-41b4-a643-906c7eed1568 HTTP/1.1" status: 200  len: 1125 time: 0.1755052
2018-06-30 14:16:18.181 32195 DEBUG neutron.pecan_wsgi.hooks.policy_enforcement [req-7f5d6711-f5da-4692-a44e-f02960ed2990 db7e024eefa34f0d9525ad1ee1475527 910acf3b84b64f358e48f506530f7cb1 - default default] Attributes excluded by policy engine: [u'vlan_transparent'] _exclude_attributes_by_policy /usr/lib/python2.7/site-packages/neutron/pecan_wsgi/hooks/policy_enforcement.py:256
2018-06-30 14:16:18.184 32195 INFO neutron.wsgi [req-7f5d6711-f5da-4692-a44e-f02960ed2990 db7e024eefa34f0d9525ad1ee1475527 910acf3b84b64f358e48f506530f7cb1 - default default] 10.0.20.25 "GET /v2.0/networks?id=f3a0924e-c17d-4837-9673-ce2ec40f63fd HTTP/1.1" status: 200  len: 885 time: 0.3216801
2018-06-30 14:16:18.243 32195 INFO neutron.wsgi [req-859509a9-b1b2-445b-bdba-52b6de3d85a2 db7e024eefa34f0d9525ad1ee1475527 910acf3b84b64f358e48f506530f7cb1 - default default] 10.0.20.25 "GET /v2.0/floatingips?fixed_ip_address=11.113.1.10&port_id=5f93af61-e851-469a-9050-4c1c278fa0cf HTTP/1.1" status: 200  len: 751 time: 0.0520020
2018-06-30 14:16:18.403 32195 DEBUG neutron.pecan_wsgi.hooks.policy_enforcement [req-008b08c2-28d3-419b-9dad-98b3e43638c9 db7e024eefa34f0d9525ad1ee1475527 910acf3b84b64f358e48f506530f7cb1 - default default] Attributes excluded by policy engine: [u'shared'] _exclude_attributes_by_policy /usr/lib/python2.7/site-packages/neutron/pecan_wsgi/hooks/policy_enforcement.py:256
2018-06-30 14:16:18.405 32195 INFO neutron.wsgi [req-008b08c2-28d3-419b-9dad-98b3e43638c9 db7e024eefa34f0d9525ad1ee1475527 910acf3b84b64f358e48f506530f7cb1 - default default] 10.0.20.25 "GET /v2.0/subnets?id=e2e061af-9643-4eea-8dfb-353df8962292 HTTP/1.1" status: 200  len: 847 time: 0.1540239
2018-06-30 14:16:18.567 32195 INFO neutron.wsgi [req-b856b73f-4604-4bd1-80be-8dc469c55abd db7e024eefa34f0d9525ad1ee1475527 910acf3b84b64f358e48f506530f7cb1 - default default] 10.0.20.25 "GET /v2.0/ports?network_id=f3a0924e-c17d-4837-9673-ce2ec40f63fd&device_owner=network%3Adhcp HTTP/1.1" status: 200  len: 1128 time: 0.1516559
2018-06-30 14:16:26.825 32193 INFO neutron.wsgi [req-87a6f691-e3a6-43a6-9964-115f10251339 928a9986fe0b43599238a890ae0e393c 52cade4ce95f495e8dad16a39483c54e - 3005b381292d4ad2bbd6b87cb3d9fc33 3005b381292d4ad2bbd6b87cb3d9fc33] 10.0.20.25 "GET /v2.0/ports?device_id=21f88538-4004-41b4-a643-906c7eed1568 HTTP/1.1" status: 200  len: 1125 time: 0.9322140
2018-06-30 14:16:26.973 32193 INFO neutron.wsgi [req-17154a8b-7114-4d80-b242-c9d1daea7a8a 928a9986fe0b43599238a890ae0e393c 52cade4ce95f495e8dad16a39483c54e - 3005b381292d4ad2bbd6b87cb3d9fc33 3005b381292d4ad2bbd6b87cb3d9fc33] 10.0.20.25 "GET /v2.0/security-groups?id=d87175dc-83bb-4d03-9ac6-b8dabcc86762 HTTP/1.1" status: 200  len: 2118 time: 0.1397750
2018-06-30 14:16:28.364 32205 DEBUG neutron_lib.callbacks.manager [req-8b30de03-12ea-4084-a257-34959e737c2f - - - - -] Notify callbacks ['neutron.services.segments.db._update_segment_host_mapping_for_agent-8736326581554'] for agent, after_update _notify_loop /usr/lib/python2.7/site-packages/neutron_lib/callbacks/manager.py:167
2018-06-30 14:16:32.259 32207 DEBUG neutron_lib.callbacks.manager [req-58830428-6c37-4bdd-939a-7fa589c900bb - - - - -] Notify callbacks ['neutron.services.segments.db._update_segment_host_mapping_for_agent-8736326581554'] for agent, after_update _notify_loop /usr/lib/python2.7/site-packages/neutron_lib/callbacks/manager.py:167
2018-06-30 14:16:32.306 32206 DEBUG neutron_lib.callbacks.manager [req-7dffd8ae-cd55-4a27-9657-fe042d69c21b - - - - -] Notify callbacks ['neutron.services.segments.db._update_segment_host_mapping_for_agent-8736326581554'] for agent, after_update _notify_loop /usr/lib/python2.7/site-packages/neutron_lib/callbacks/manager.py:167
2018-06-30 14:16:32.353 32202 DEBUG neutron_lib.callbacks.manager [req-8848c4d8-4142-4a3f-83eb-f20e23196871 - - - - -] Notify callbacks ['neutron.services.segments.db._update_segment_host_mapping_for_agent-8736326581554'] for agent, after_update _notify_loop /usr/lib/python2.7/site-packages/neutron_lib/callbacks/manager.py:167
2018-06-30 14:16:33.103 32209 DEBUG neutron.db.agents_db [req-ab4fa05d-14a4-4abc-b296-0223d338471e - - - - -] Agent healthcheck: found 5 active agents agent_health_check /usr/lib/python2.7/site-packages/neutron/db/agents_db.py:281
2018-06-30 14:16:41.513 32198 DEBUG neutron.wsgi [-] (32198) accepted ('10.0.20.25', 34436) server /usr/lib/python2.7/site-packages/eventlet/wsgi.py:883
2018-06-30 14:16:42.001 32200 DEBUG neutron_lib.callbacks.manager [req-84417803-87e8-4fe7-979b-e8aa13f339d1 - - - - -] Notify callbacks ['neutron.services.segments.db._update_segment_host_mapping_for_agent-8736326581554'] for agent, after_update _notify_loop /usr/lib/python2.7/site-packages/neutron_lib/callbacks/manager.py:167
2018-06-30 14:16:42.121 32198 WARNING keystonemiddleware.auth_token [-] A valid token was submitted as a service token, but it was not a valid service token. This is incorrect but backwards compatible behaviour. This will be removed in future releases.
2018-06-30 14:16:42.795 32198 DEBUG neutron.quota.resource [req-f93e0b65-331d-4e96-86df-b9ff762d5832 928a9986fe0b43599238a890ae0e393c 52cade4ce95f495e8dad16a39483c54e - 3005b381292d4ad2bbd6b87cb3d9fc33 3005b381292d4ad2bbd6b87cb3d9fc33] Synchronizing usage tracker for tenant:52cade4ce95f495e8dad16a39483c54e on resource:port resync /usr/lib/python2.7/site-packages/neutron/quota/resource.py:245
2018-06-30 14:16:42.836 32198 DEBUG neutron.quota.resource [req-f93e0b65-331d-4e96-86df-b9ff762d5832 928a9986fe0b43599238a890ae0e393c 52cade4ce95f495e8dad16a39483c54e - 3005b381292d4ad2bbd6b87cb3d9fc33 3005b381292d4ad2bbd6b87cb3d9fc33] Unset dirty status for tenant:52cade4ce95f495e8dad16a39483c54e on resource:port _resync /usr/lib/python2.7/site-packages/neutron/quota/resource.py:237
2018-06-30 14:16:42.839 32198 INFO neutron.wsgi [req-f93e0b65-331d-4e96-86df-b9ff762d5832 928a9986fe0b43599238a890ae0e393c 52cade4ce95f495e8dad16a39483c54e - 3005b381292d4ad2bbd6b87cb3d9fc33 3005b381292d4ad2bbd6b87cb3d9fc33] 10.0.20.25 "GET /v2.0/ports?device_id=21f88538-4004-41b4-a643-906c7eed1568 HTTP/1.1" status: 200  len: 1125 time: 1.3239598
2018-06-30 14:16:43.053 32198 INFO neutron.wsgi [req-b2377988-2f26-4ea7-b505-3dec627af84b 928a9986fe0b43599238a890ae0e393c 52cade4ce95f495e8dad16a39483c54e - 3005b381292d4ad2bbd6b87cb3d9fc33 3005b381292d4ad2bbd6b87cb3d9fc33] 10.0.20.25 "GET /v2.0/security-groups?id=d87175dc-83bb-4d03-9ac6-b8dabcc86762 HTTP/1.1" status: 200  len: 2118 time: 0.1780841
2018-06-30 14:16:57.709 32198 INFO neutron.wsgi [req-61b1d9a6-9e3c-4a97-b4c1-011873c4f00f 928a9986fe0b43599238a890ae0e393c 52cade4ce95f495e8dad16a39483c54e - 3005b381292d4ad2bbd6b87cb3d9fc33 3005b381292d4ad2bbd6b87cb3d9fc33] 10.0.20.25 "GET /v2.0/ports?device_id=21f88538-4004-41b4-a643-906c7eed1568 HTTP/1.1" status: 200  len: 1125 time: 0.6797011
2018-06-30 14:16:57.857 32198 INFO neutron.wsgi [req-8e96ec6c-27e3-465d-907f-f812cd412d0e 928a9986fe0b43599238a890ae0e393c 52cade4ce95f495e8dad16a39483c54e - 3005b381292d4ad2bbd6b87cb3d9fc33 3005b381292d4ad2bbd6b87cb3d9fc33] 10.0.20.25 "GET /v2.0/security-groups?id=d87175dc-83bb-4d03-9ac6-b8dabcc86762 HTTP/1.1" status: 200  len: 2118 time: 0.1403801
2018-06-30 14:16:58.365 32208 DEBUG neutron_lib.callbacks.manager [req-2e943a36-b9cb-481e-8daf-ef71e513a2ac - - - - -] Notify callbacks ['neutron.services.segments.db._update_segment_host_mapping_for_agent-8736326581554'] for agent, after_update _notify_loop /usr/lib/python2.7/site-packages/neutron_lib/callbacks/manager.py:167
2018-06-30 14:17:02.270 32203 DEBUG neutron_lib.callbacks.manager [req-58830428-6c37-4bdd-939a-7fa589c900bb - - - - -] Notify callbacks ['neutron.services.segments.db._update_segment_host_mapping_for_agent-8736326581554'] for agent, after_update _notify_loop /usr/lib/python2.7/site-packages/neutron_lib/callbacks/manager.py:167
2018-06-30 14:17:02.309 32204 DEBUG neutron_lib.callbacks.manager [req-91f88e82-0315-4c45-8390-511e17324989 - - - - -] Notify callbacks ['neutron.services.segments.db._update_segment_host_mapping_for_agent-8736326581554'] for agent, after_update _notify_loop /usr/lib/python2.7/site-packages/neutron_lib/callbacks/manager.py:167
2018-06-30 14:17:02.366 32201 DEBUG neutron_lib.callbacks.manager [req-8848c4d8-4142-4a3f-83eb-f20e23196871 - - - - -] Notify callbacks ['neutron.services.segments.db._update_segment_host_mapping_for_agent-8736326581554'] for agent, after_update _notify_loop /usr/lib/python2.7/site-packages/neutron_lib/callbacks/manager.py:167
2018-06-30 14:17:10.099 32209 DEBUG neutron.db.agents_db [req-ab4fa05d-14a4-4abc-b296-0223d338471e - - - - -] Agent healthcheck: found 5 active agents agent_health_check /usr/lib/python2.7/site-packages/neutron/db/agents_db.py:281
2018-06-30 14:17:10.183 32193 INFO neutron.wsgi [req-a0ce8515-fb1b-4393-9cd3-dc489e81949c 928a9986fe0b43599238a890ae0e393c 52cade4ce95f495e8dad16a39483c54e - 3005b381292d4ad2bbd6b87cb3d9fc33 3005b381292d4ad2bbd6b87cb3d9fc33] 10.0.20.25 "GET /v2.0/ports?device_id=21f88538-4004-41b4-a643-906c7eed1568 HTTP/1.1" status: 200  len: 1125 time: 0.7256899
2018-06-30 14:17:10.343 32193 INFO neutron.wsgi [req-4740f1b0-bf37-435f-93c1-816e0cc121fc 928a9986fe0b43599238a890ae0e393c 52cade4ce95f495e8dad16a39483c54e - 3005b381292d4ad2bbd6b87cb3d9fc33 3005b381292d4ad2bbd6b87cb3d9fc33] 10.0.20.25 "GET /v2.0/security-groups?id=d87175dc-83bb-4d03-9ac6-b8dabcc86762 HTTP/1.1" status: 200  len: 2118 time: 0.1527309
2018-06-30 14:17:11.994 32205 DEBUG neutron_lib.callbacks.manager [req-84417803-87e8-4fe7-979b-e8aa13f339d1 - - - - -] Notify callbacks ['neutron.services.segments.db._update_segment_host_mapping_for_agent-8736326581554'] for agent, after_update _notify_loop /usr/lib/python2.7/site-packages/neutron_lib/callbacks/manager.py:167
2018-06-30 14:17:17.389 32192 INFO neutron.wsgi [req-cec645ce-ef57-472e-9cc9-731c1d9d10c2 0508a2373b814911b1d6723f2f75b8cd 910acf3b84b64f358e48f506530f7cb1 - default default] 10.0.20.25 "GET /v2.0/ports?device_id=21f88538-4004-41b4-a643-906c7eed1568 HTTP/1.1" status: 200  len: 1125 time: 1.3204288
2018-06-30 14:17:17.545 32192 INFO neutron.wsgi [req-6813176f-561d-4ad0-8886-2cbb909bdd00 0508a2373b814911b1d6723f2f75b8cd 910acf3b84b64f358e48f506530f7cb1 - default default] 10.0.20.25 "GET /v2.0/security-groups?id=d87175dc-83bb-4d03-9ac6-b8dabcc86762 HTTP/1.1" status: 200  len: 2118 time: 0.1470711
2018-06-30 14:17:17.795 32195 INFO neutron.wsgi [req-08834b1c-2a05-4929-8f30-7e4a641c852a db7e024eefa34f0d9525ad1ee1475527 910acf3b84b64f358e48f506530f7cb1 - default default] 10.0.20.25 "GET /v2.0/ports?tenant_id=52cade4ce95f495e8dad16a39483c54e&device_id=21f88538-4004-41b4-a643-906c7eed1568 HTTP/1.1" status: 200  len: 1125 time: 0.1433258
2018-06-30 14:17:18.060 32195 DEBUG neutron.pecan_wsgi.hooks.policy_enforcement [req-0a17f7eb-642c-4b97-9f49-83bd46ef7be0 db7e024eefa34f0d9525ad1ee1475527 910acf3b84b64f358e48f506530f7cb1 - default default] Attributes excluded by policy engine: [u'vlan_transparent'] _exclude_attributes_by_policy /usr/lib/python2.7/site-packages/neutron/pecan_wsgi/hooks/policy_enforcement.py:256
2018-06-30 14:17:18.063 32195 INFO neutron.wsgi [req-0a17f7eb-642c-4b97-9f49-83bd46ef7be0 db7e024eefa34f0d9525ad1ee1475527 910acf3b84b64f358e48f506530f7cb1 - default default] 10.0.20.25 "GET /v2.0/networks?id=f3a0924e-c17d-4837-9673-ce2ec40f63fd HTTP/1.1" status: 200  len: 885 time: 0.2602661
2018-06-30 14:17:18.139 32195 INFO neutron.wsgi [req-a7c108b6-712d-4662-b4e7-9adbc0a914af db7e024eefa34f0d9525ad1ee1475527 910acf3b84b64f358e48f506530f7cb1 - default default] 10.0.20.25 "GET /v2.0/floatingips?fixed_ip_address=11.113.1.10&port_id=5f93af61-e851-469a-9050-4c1c278fa0cf HTTP/1.1" status: 200  len: 751 time: 0.0680962
2018-06-30 14:17:18.314 32195 DEBUG neutron.pecan_wsgi.hooks.policy_enforcement [req-f65a223e-37b8-42d7-b86b-dc88e95fe234 db7e024eefa34f0d9525ad1ee1475527 910acf3b84b64f358e48f506530f7cb1 - default default] Attributes excluded by policy engine: [u'shared'] _exclude_attributes_by_policy /usr/lib/python2.7/site-packages/neutron/pecan_wsgi/hooks/policy_enforcement.py:256
2018-06-30 14:17:18.317 32195 INFO neutron.wsgi [req-f65a223e-37b8-42d7-b86b-dc88e95fe234 db7e024eefa34f0d9525ad1ee1475527 910acf3b84b64f358e48f506530f7cb1 - default default] 10.0.20.25 "GET /v2.0/subnets?id=e2e061af-9643-4eea-8dfb-353df8962292 HTTP/1.1" status: 200  len: 847 time: 0.1678350
2018-06-30 14:17:18.468 32195 INFO neutron.wsgi [req-2fa4a7ca-b38a-4072-8589-2eaead0a6eea db7e024eefa34f0d9525ad1ee1475527 910acf3b84b64f358e48f506530f7cb1 - default default] 10.0.20.25 "GET /v2.0/ports?network_id=f3a0924e-c17d-4837-9673-ce2ec40f63fd&device_owner=network%3Adhcp HTTP/1.1" status: 200  len: 1128 time: 0.1409719
2018-06-30 14:17:24.986 32193 INFO neutron.wsgi [req-8e63906b-8fd6-45b6-969c-c2dbcc36cc51 928a9986fe0b43599238a890ae0e393c 52cade4ce95f495e8dad16a39483c54e - 3005b381292d4ad2bbd6b87cb3d9fc33 3005b381292d4ad2bbd6b87cb3d9fc33] 10.0.20.25 "GET /v2.0/ports?device_id=21f88538-4004-41b4-a643-906c7eed1568 HTTP/1.1" status: 200  len: 1125 time: 0.6838150
2018-06-30 14:17:25.161 32193 INFO neutron.wsgi [req-7323743c-8a5b-4007-a139-256a6c58ac18 928a9986fe0b43599238a890ae0e393c 52cade4ce95f495e8dad16a39483c54e - 3005b381292d4ad2bbd6b87cb3d9fc33 3005b381292d4ad2bbd6b87cb3d9fc33] 10.0.20.25 "GET /v2.0/security-groups?id=d87175dc-83bb-4d03-9ac6-b8dabcc86762 HTTP/1.1" status: 200  len: 2118 time: 0.1682060
2018-06-30 14:17:28.383 32207 DEBUG neutron_lib.callbacks.manager [req-74c47059-1f9a-4057-b764-17f59b0c1211 - - - - -] Notify callbacks ['neutron.services.segments.db._update_segment_host_mapping_for_agent-8736326581554'] for agent, after_update _notify_loop /usr/lib/python2.7/site-packages/neutron_lib/callbacks/manager.py:167
2018-06-30 14:17:32.262 32206 DEBUG neutron_lib.callbacks.manager [req-58830428-6c37-4bdd-939a-7fa589c900bb - - - - -] Notify callbacks ['neutron.services.segments.db._update_segment_host_mapping_for_agent-8736326581554'] for agent, after_update _notify_loop /usr/lib/python2.7/site-packages/neutron_lib/callbacks/manager.py:167
2018-06-30 14:17:32.287 32202 DEBUG neutron_lib.callbacks.manager [req-71c61173-960e-4491-a537-43e008a55ee7 - - - - -] Notify callbacks ['neutron.services.segments.db._update_segment_host_mapping_for_agent-8736326581554'] for agent, after_update _notify_loop /usr/lib/python2.7/site-packages/neutron_lib/callbacks/manager.py:167
2018-06-30 14:17:32.369 32200 DEBUG neutron_lib.callbacks.manager [req-8848c4d8-4142-4a3f-83eb-f20e23196871 - - - - -] Notify callbacks ['neutron.services.segments.db._update_segment_host_mapping_for_agent-8736326581554'] for agent, after_update _notify_loop /usr/lib/python2.7/site-packages/neutron_lib/callbacks/manager.py:167
2018-06-30 14:17:41.348 32198 INFO neutron.wsgi [req-bbb28760-1cbc-4fca-b0df-04e9aae8b822 928a9986fe0b43599238a890ae0e393c 52cade4ce95f495e8dad16a39483c54e - 3005b381292d4ad2bbd6b87cb3d9fc33 3005b381292d4ad2bbd6b87cb3d9fc33] 10.0.20.25 "GET /v2.0/ports?device_id=21f88538-4004-41b4-a643-906c7eed1568 HTTP/1.1" status: 200  len: 1125 time: 0.8563771
2018-06-30 14:17:41.472 32198 INFO neutron.wsgi [req-ecff3923-db28-4c77-9c4a-985042d6f037 928a9986fe0b43599238a890ae0e393c 52cade4ce95f495e8dad16a39483c54e - 3005b381292d4ad2bbd6b87cb3d9fc33 3005b381292d4ad2bbd6b87cb3d9fc33] 10.0.20.25 "GET /v2.0/security-groups?id=d87175dc-83bb-4d03-9ac6-b8dabcc86762 HTTP/1.1" status: 200  len: 2118 time: 0.1180038
2018-06-30 14:17:41.992 32208 DEBUG neutron_lib.callbacks.manager [req-84417803-87e8-4fe7-979b-e8aa13f339d1 - - - - -] Notify callbacks ['neutron.services.segments.db._update_segment_host_mapping_for_agent-8736326581554'] for agent, after_update _notify_loop /usr/lib/python2.7/site-packages/neutron_lib/callbacks/manager.py:167
2018-06-30 14:17:47.101 32209 DEBUG neutron.db.agents_db [req-ab4fa05d-14a4-4abc-b296-0223d338471e - - - - -] Agent healthcheck: found 5 active agents agent_health_check /usr/lib/python2.7/site-packages/neutron/db/agents_db.py:281
2018-06-30 14:17:56.813 32195 INFO neutron.wsgi [req-3f490bc9-d4d1-46a0-92cc-eb69b846b235 928a9986fe0b43599238a890ae0e393c 52cade4ce95f495e8dad16a39483c54e - 3005b381292d4ad2bbd6b87cb3d9fc33 3005b381292d4ad2bbd6b87cb3d9fc33] 10.0.20.25 "GET /v2.0/ports?device_id=21f88538-4004-41b4-a643-906c7eed1568 HTTP/1.1" status: 200  len: 1125 time: 0.6821918
2018-06-30 14:17:56.960 32195 INFO neutron.wsgi [req-741ee40a-046a-4727-a41d-6a5aefe475a8 928a9986fe0b43599238a890ae0e393c 52cade4ce95f495e8dad16a39483c54e - 3005b381292d4ad2bbd6b87cb3d9fc33 3005b381292d4ad2bbd6b87cb3d9fc33] 10.0.20.25 "GET /v2.0/security-groups?id=d87175dc-83bb-4d03-9ac6-b8dabcc86762 HTTP/1.1" status: 200  len: 2118 time: 0.1370580
2018-06-30 14:17:57.767 32195 INFO neutron.wsgi [req-3de39dfd-4bc3-41d5-a7ad-f494fb647771 db7e024eefa34f0d9525ad1ee1475527 910acf3b84b64f358e48f506530f7cb1 - default default] 10.0.20.25 "GET /v2.0/ports?tenant_id=52cade4ce95f495e8dad16a39483c54e&device_id=21f88538-4004-41b4-a643-906c7eed1568 HTTP/1.1" status: 200  len: 1125 time: 0.1353729
2018-06-30 14:17:58.041 32195 DEBUG neutron.pecan_wsgi.hooks.policy_enforcement [req-d2969789-d5d9-4d5a-bd7c-f4619aecaf29 db7e024eefa34f0d9525ad1ee1475527 910acf3b84b64f358e48f506530f7cb1 - default default] Attributes excluded by policy engine: [u'vlan_transparent'] _exclude_attributes_by_policy /usr/lib/python2.7/site-packages/neutron/pecan_wsgi/hooks/policy_enforcement.py:256
2018-06-30 14:17:58.044 32195 INFO neutron.wsgi [req-d2969789-d5d9-4d5a-bd7c-f4619aecaf29 db7e024eefa34f0d9525ad1ee1475527 910acf3b84b64f358e48f506530f7cb1 - default default] 10.0.20.25 "GET /v2.0/networks?id=f3a0924e-c17d-4837-9673-ce2ec40f63fd HTTP/1.1" status: 200  len: 885 time: 0.2696159
2018-06-30 14:17:58.108 32195 INFO neutron.wsgi [req-27f9bbdc-5904-4824-a8cd-4f4b3fbff251 db7e024eefa34f0d9525ad1ee1475527 910acf3b84b64f358e48f506530f7cb1 - default default] 10.0.20.25 "GET /v2.0/floatingips?fixed_ip_address=11.113.1.10&port_id=5f93af61-e851-469a-9050-4c1c278fa0cf HTTP/1.1" status: 200  len: 751 time: 0.0569489
2018-06-30 14:17:58.256 32195 DEBUG neutron.pecan_wsgi.hooks.policy_enforcement [req-da7d0d39-17d0-431f-a820-6ffd9db60c43 db7e024eefa34f0d9525ad1ee1475527 910acf3b84b64f358e48f506530f7cb1 - default default] Attributes excluded by policy engine: [u'shared'] _exclude_attributes_by_policy /usr/lib/python2.7/site-packages/neutron/pecan_wsgi/hooks/policy_enforcement.py:256
2018-06-30 14:17:58.259 32195 INFO neutron.wsgi [req-da7d0d39-17d0-431f-a820-6ffd9db60c43 db7e024eefa34f0d9525ad1ee1475527 910acf3b84b64f358e48f506530f7cb1 - default default] 10.0.20.25 "GET /v2.0/subnets?id=e2e061af-9643-4eea-8dfb-353df8962292 HTTP/1.1" status: 200  len: 847 time: 0.1427698
2018-06-30 14:17:58.385 32203 DEBUG neutron_lib.callbacks.manager [req-0e385f65-cbb6-491e-b755-2b7a9a5b053b - - - - -] Notify callbacks ['neutron.services.segments.db._update_segment_host_mapping_for_agent-8736326581554'] for agent, after_update _notify_loop /usr/lib/python2.7/site-packages/neutron_lib/callbacks/manager.py:167
2018-06-30 14:17:58.423 32195 INFO neutron.wsgi [req-7b6be326-bc6a-4fbc-bdf5-4b531657e85b db7e024eefa34f0d9525ad1ee1475527 910acf3b84b64f358e48f506530f7cb1 - default default] 10.0.20.25 "GET /v2.0/ports?network_id=f3a0924e-c17d-4837-9673-ce2ec40f63fd&device_owner=network%3Adhcp HTTP/1.1" status: 200  len: 1128 time: 0.1570790
2018-06-30 14:18:00.850 32202 DEBUG neutron.plugins.ml2.rpc [req-84417803-87e8-4fe7-979b-e8aa13f339d1 - - - - -] Device 5f93af61-e851-469a-9050-4c1c278fa0cf no longer exists at agent ovs-agent-localhost.localdomain update_device_down /usr/lib/python2.7/site-packages/neutron/plugins/ml2/rpc.py:213
2018-06-30 14:18:01.102 32202 DEBUG neutron_lib.callbacks.manager [req-84417803-87e8-4fe7-979b-e8aa13f339d1 - - - - -] Notify callbacks ['neutron.plugins.ml2.plugin.Ml2Plugin._ensure_default_security_group_handler--9223372036854268076'] for port, before_update _notify_loop /usr/lib/python2.7/site-packages/neutron_lib/callbacks/manager.py:167
2018-06-30 14:18:01.197 32202 DEBUG neutron.plugins.ml2.db [req-84417803-87e8-4fe7-979b-e8aa13f339d1 - - - - -] For port 5f93af61-e851-469a-9050-4c1c278fa0cf, host localhost.localdomain, got binding levels [<neutron.plugins.ml2.models.PortBindingLevel[object at 7f21590310d0] {port_id=u'5f93af61-e851-469a-9050-4c1c278fa0cf', host=u'localhost.localdomain', level=0, driver=u'openvswitch', segment_id=u'9c98789f-f4bc-4a7c-a7fd-f223fc77f381'}>] get_binding_levels /usr/lib/python2.7/site-packages/neutron/plugins/ml2/db.py:106
2018-06-30 14:18:01.200 32202 DEBUG oslo_concurrency.lockutils [-] Lock "notifier-7b00a432-fb02-47e1-983f-2c63d756e723" acquired by "neutron.notifiers.batch_notifier.synced_send" :: waited 0.000s inner /usr/lib/python2.7/site-packages/oslo_concurrency/lockutils.py:270
2018-06-30 14:18:01.201 32202 DEBUG neutron.notifiers.nova [-] Sending events: [{'status': 'completed', 'tag': u'5f93af61-e851-469a-9050-4c1c278fa0cf', 'name': 'network-vif-unplugged', 'server_uuid': u'21f88538-4004-41b4-a643-906c7eed1568'}] send_events /usr/lib/python2.7/site-packages/neutron/notifiers/nova.py:242
2018-06-30 14:18:01.211 32202 DEBUG neutron_lib.callbacks.manager [req-84417803-87e8-4fe7-979b-e8aa13f339d1 - - - - -] Notify callbacks ['neutron.db.l3_hascheduler_db._notify_l3_agent_ha_port_update-8736326219525', 'neutron.api.rpc.agentnotifiers.dhcp_rpc_agent_api.DhcpAgentNotifyAPI._native_event_send_dhcp_notification-3582227', 'neutron.plugins.ml2.ovo_rpc._ObjectChangeHandler.handle_event-3722530', 'neutron.db.l3_dvrscheduler_db._notify_l3_agent_port_update--9223363300528556623', 'neutron.plugins.ml2.plugin.Ml2Plugin.notify_sg_on_port_change-507881'] for port, after_update _notify_loop /usr/lib/python2.7/site-packages/neutron_lib/callbacks/manager.py:167
2018-06-30 14:18:01.236 32202 DEBUG oslo_concurrency.lockutils [-] Lock "event-dispatch" acquired by "neutron.plugins.ml2.ovo_rpc.dispatch_events" :: waited 0.010s inner /usr/lib/python2.7/site-packages/oslo_concurrency/lockutils.py:270
2018-06-30 14:18:01.415 32202 DEBUG neutron.api.rpc.handlers.resources_rpc [req-84417803-87e8-4fe7-979b-e8aa13f339d1 - - - - -] neutron.api.rpc.handlers.resources_rpc.ResourcesPushRpcApi method push called with arguments (<neutron_lib.context.Context object at 0x7f21597389d0>, [Port(admin_state_up=True,allowed_address_pairs=[],binding=PortBinding,binding_levels=[PortBindingLevel],created_at=2018-06-30T12:14:19Z,data_plane_status=<?>,description='',device_id='21f88538-4004-41b4-a643-906c7eed1568',device_owner='compute:nova',dhcp_options=[],distributed_binding=None,dns=None,fixed_ips=[IPAllocation],id=5f93af61-e851-469a-9050-4c1c278fa0cf,mac_address=fa:16:3e:05:63:9a,name='',network_id=f3a0924e-c17d-4837-9673-ce2ec40f63fd,project_id='52cade4ce95f495e8dad16a39483c54e',qos_policy_id=None,revision_number=7,security=PortSecurity(5f93af61-e851-469a-9050-4c1c278fa0cf),security_group_ids=set([d87175dc-83bb-4d03-9ac6-b8dabcc86762]),status='DOWN',updated_at=2018-06-30T12:18:01Z)], 'updated') {} wrapper /usr/lib/python2.7/site-packages/oslo_log/helpers.py:66
2018-06-30 14:18:01.433 32202 DEBUG neutron.api.rpc.callbacks.version_manager [req-84417803-87e8-4fe7-979b-e8aa13f339d1 - - - - -] Version for resource type Subnet changed None to 1.0 on consumer Open vSwitch agent@localhost.localdomain _set_version /usr/lib/python2.7/site-packages/neutron/api/rpc/callbacks/version_manager.py:119
2018-06-30 14:18:01.434 32202 DEBUG neutron.api.rpc.callbacks.version_manager [req-84417803-87e8-4fe7-979b-e8aa13f339d1 - - - - -] Version for resource type Network changed None to 1.0 on consumer Open vSwitch agent@localhost.localdomain _set_version /usr/lib/python2.7/site-packages/neutron/api/rpc/callbacks/version_manager.py:119
2018-06-30 14:18:01.435 32202 DEBUG neutron.api.rpc.callbacks.version_manager [req-84417803-87e8-4fe7-979b-e8aa13f339d1 - - - - -] Version for resource type SubPort changed None to 1.0 on consumer Open vSwitch agent@localhost.localdomain _set_version /usr/lib/python2.7/site-packages/neutron/api/rpc/callbacks/version_manager.py:119
2018-06-30 14:18:01.436 32202 DEBUG neutron.api.rpc.callbacks.version_manager [req-84417803-87e8-4fe7-979b-e8aa13f339d1 - - - - -] Version for resource type SecurityGroup changed None to 1.0 on consumer Open vSwitch agent@localhost.localdomain _set_version /usr/lib/python2.7/site-packages/neutron/api/rpc/callbacks/version_manager.py:119
2018-06-30 14:18:01.437 32202 DEBUG neutron.api.rpc.callbacks.version_manager [req-84417803-87e8-4fe7-979b-e8aa13f339d1 - - - - -] Version for resource type SecurityGroupRule changed None to 1.0 on consumer Open vSwitch agent@localhost.localdomain _set_version /usr/lib/python2.7/site-packages/neutron/api/rpc/callbacks/version_manager.py:119
2018-06-30 14:18:01.437 32202 DEBUG neutron.api.rpc.callbacks.version_manager [req-84417803-87e8-4fe7-979b-e8aa13f339d1 - - - - -] Version for resource type Trunk changed None to 1.1 on consumer Open vSwitch agent@localhost.localdomain _set_version /usr/lib/python2.7/site-packages/neutron/api/rpc/callbacks/version_manager.py:119
2018-06-30 14:18:01.438 32202 DEBUG neutron.api.rpc.callbacks.version_manager [req-84417803-87e8-4fe7-979b-e8aa13f339d1 - - - - -] Version for resource type QosPolicy changed None to 1.6 on consumer Open vSwitch agent@localhost.localdomain _set_version /usr/lib/python2.7/site-packages/neutron/api/rpc/callbacks/version_manager.py:119
2018-06-30 14:18:01.439 32202 DEBUG neutron.api.rpc.callbacks.version_manager [req-84417803-87e8-4fe7-979b-e8aa13f339d1 - - - - -] Version for resource type Port changed None to 1.1 on consumer Open vSwitch agent@localhost.localdomain _set_version /usr/lib/python2.7/site-packages/neutron/api/rpc/callbacks/version_manager.py:119
2018-06-30 14:18:01.440 32202 DEBUG neutron.api.rpc.callbacks.version_manager [req-84417803-87e8-4fe7-979b-e8aa13f339d1 - - - - -] Version for resource type Log changed None to 1.0 on consumer Open vSwitch agent@localhost.localdomain _set_version /usr/lib/python2.7/site-packages/neutron/api/rpc/callbacks/version_manager.py:119
2018-06-30 14:18:01.462 32202 DEBUG oslo_concurrency.lockutils [req-84417803-87e8-4fe7-979b-e8aa13f339d1 - - - - -] Lock "event-dispatch" released by "neutron.plugins.ml2.ovo_rpc.dispatch_events" :: held 0.226s inner /usr/lib/python2.7/site-packages/oslo_concurrency/lockutils.py:282
2018-06-30 14:18:02.280 32204 DEBUG neutron_lib.callbacks.manager [req-58830428-6c37-4bdd-939a-7fa589c900bb - - - - -] Notify callbacks ['neutron.services.segments.db._update_segment_host_mapping_for_agent-8736326581554'] for agent, after_update _notify_loop /usr/lib/python2.7/site-packages/neutron_lib/callbacks/manager.py:167
2018-06-30 14:18:02.312 32201 DEBUG neutron_lib.callbacks.manager [req-b55a7912-10ff-41a5-bbbe-f41f72c58e34 - - - - -] Notify callbacks ['neutron.services.segments.db._update_segment_host_mapping_for_agent-8736326581554'] for agent, after_update _notify_loop /usr/lib/python2.7/site-packages/neutron_lib/callbacks/manager.py:167
2018-06-30 14:18:02.377 32205 DEBUG neutron_lib.callbacks.manager [req-8848c4d8-4142-4a3f-83eb-f20e23196871 - - - - -] Notify callbacks ['neutron.services.segments.db._update_segment_host_mapping_for_agent-8736326581554'] for agent, after_update _notify_loop /usr/lib/python2.7/site-packages/neutron_lib/callbacks/manager.py:167
2018-06-30 14:18:02.528 32202 DEBUG novaclient.v2.client [-] REQ: curl -g -i -X POST http://10.0.20.25:8774/v2.1/910acf3b84b64f358e48f506530f7cb1/os-server-external-events -H "User-Agent: python-novaclient" -H "Content-Type: application/json" -H "Accept: application/json" -H "X-OpenStack-Nova-API-Version: 2.1" -H "X-Auth-Token: {SHA1}1d9043fcda77f3c46761ea775eacdcafe377fa39" -d '{"events": [{"status": "completed", "tag": "5f93af61-e851-469a-9050-4c1c278fa0cf", "name": "network-vif-unplugged", "server_uuid": "21f88538-4004-41b4-a643-906c7eed1568"}]}' _http_log_request /usr/lib/python2.7/site-packages/keystoneauth1/session.py:375
2018-06-30 14:18:03.650 32202 DEBUG novaclient.v2.client [-] RESP: [200] Content-Length: 185 Content-Type: application/json Openstack-Api-Version: compute 2.1 X-Openstack-Nova-Api-Version: 2.1 Vary: OpenStack-API-Version, X-OpenStack-Nova-API-Version X-Openstack-Request-Id: req-307e4bb0-9fa3-438f-a676-debd3c725809 X-Compute-Request-Id: req-307e4bb0-9fa3-438f-a676-debd3c725809 Date: Sat, 30 Jun 2018 12:18:03 GMT Connection: keep-alive 
RESP BODY: {"events": [{"status": "completed", "tag": "5f93af61-e851-469a-9050-4c1c278fa0cf", "name": "network-vif-unplugged", "server_uuid": "21f88538-4004-41b4-a643-906c7eed1568", "code": 200}]}
 _http_log_response /usr/lib/python2.7/site-packages/keystoneauth1/session.py:423
2018-06-30 14:18:03.651 32202 DEBUG novaclient.v2.client [-] POST call to compute for http://10.0.20.25:8774/v2.1/910acf3b84b64f358e48f506530f7cb1/os-server-external-events used request id req-307e4bb0-9fa3-438f-a676-debd3c725809 request /usr/lib/python2.7/site-packages/keystoneauth1/session.py:727
2018-06-30 14:18:03.660 32202 INFO neutron.notifiers.nova [-] Nova event response: {u'status': u'completed', u'tag': u'5f93af61-e851-469a-9050-4c1c278fa0cf', u'name': u'network-vif-unplugged', u'server_uuid': u'21f88538-4004-41b4-a643-906c7eed1568', u'code': 200}
2018-06-30 14:18:05.661 32202 DEBUG oslo_concurrency.lockutils [-] Lock "notifier-7b00a432-fb02-47e1-983f-2c63d756e723" released by "neutron.notifiers.batch_notifier.synced_send" :: held 4.461s inner /usr/lib/python2.7/site-packages/oslo_concurrency/lockutils.py:282
2018-06-30 14:18:06.509 32197 DEBUG neutron.wsgi [-] (32197) accepted ('10.0.20.25', 36770) server /usr/lib/python2.7/site-packages/eventlet/wsgi.py:883
2018-06-30 14:18:06.981 32200 DEBUG neutron.plugins.ml2.rpc [req-84417803-87e8-4fe7-979b-e8aa13f339d1 - - - - -] Device 5f93af61-e851-469a-9050-4c1c278fa0cf up at agent ovs-agent-localhost.localdomain update_device_up /usr/lib/python2.7/site-packages/neutron/plugins/ml2/rpc.py:244
2018-06-30 14:18:07.148 32200 DEBUG neutron.db.provisioning_blocks [req-84417803-87e8-4fe7-979b-e8aa13f339d1 - - - - -] Provisioning complete for port 5f93af61-e851-469a-9050-4c1c278fa0cf triggered by entity L2. provisioning_complete /usr/lib/python2.7/site-packages/neutron/db/provisioning_blocks.py:138
2018-06-30 14:18:07.149 32200 DEBUG neutron_lib.callbacks.manager [req-84417803-87e8-4fe7-979b-e8aa13f339d1 - - - - -] Notify callbacks ['neutron.plugins.ml2.plugin.Ml2Plugin._port_provisioned-672408'] for port, provisioning_complete _notify_loop /usr/lib/python2.7/site-packages/neutron_lib/callbacks/manager.py:167
2018-06-30 14:18:07.227 32197 WARNING keystonemiddleware.auth_token [-] A valid token was submitted as a service token, but it was not a valid service token. This is incorrect but backwards compatible behaviour. This will be removed in future releases.
2018-06-30 14:18:07.323 32200 DEBUG neutron_lib.callbacks.manager [req-84417803-87e8-4fe7-979b-e8aa13f339d1 - - - - -] Notify callbacks ['neutron.plugins.ml2.plugin.Ml2Plugin._ensure_default_security_group_handler--9223372036854268076'] for port, before_update _notify_loop /usr/lib/python2.7/site-packages/neutron_lib/callbacks/manager.py:167
2018-06-30 14:18:07.423 32200 DEBUG neutron.plugins.ml2.db [req-84417803-87e8-4fe7-979b-e8aa13f339d1 - - - - -] For port 5f93af61-e851-469a-9050-4c1c278fa0cf, host localhost.localdomain, got binding levels [<neutron.plugins.ml2.models.PortBindingLevel[object at 7f215949a990] {port_id=u'5f93af61-e851-469a-9050-4c1c278fa0cf', host=u'localhost.localdomain', level=0, driver=u'openvswitch', segment_id=u'9c98789f-f4bc-4a7c-a7fd-f223fc77f381'}>] get_binding_levels /usr/lib/python2.7/site-packages/neutron/plugins/ml2/db.py:106
2018-06-30 14:18:07.427 32200 DEBUG oslo_concurrency.lockutils [-] Lock "notifier-7b00a432-fb02-47e1-983f-2c63d756e723" acquired by "neutron.notifiers.batch_notifier.synced_send" :: waited 0.000s inner /usr/lib/python2.7/site-packages/oslo_concurrency/lockutils.py:270
2018-06-30 14:18:07.429 32200 DEBUG neutron.notifiers.nova [-] Sending events: [{'status': 'completed', 'tag': u'5f93af61-e851-469a-9050-4c1c278fa0cf', 'name': 'network-vif-plugged', 'server_uuid': u'21f88538-4004-41b4-a643-906c7eed1568'}] send_events /usr/lib/python2.7/site-packages/neutron/notifiers/nova.py:242
2018-06-30 14:18:07.443 32200 DEBUG neutron_lib.callbacks.manager [req-84417803-87e8-4fe7-979b-e8aa13f339d1 - - - - -] Notify callbacks ['neutron.db.l3_hascheduler_db._notify_l3_agent_ha_port_update-8736326219525', 'neutron.api.rpc.agentnotifiers.dhcp_rpc_agent_api.DhcpAgentNotifyAPI._native_event_send_dhcp_notification-3582227', 'neutron.plugins.ml2.ovo_rpc._ObjectChangeHandler.handle_event-3722530', 'neutron.db.l3_dvrscheduler_db._notify_l3_agent_port_update--9223363300528556623', 'neutron.plugins.ml2.plugin.Ml2Plugin.notify_sg_on_port_change-507881'] for port, after_update _notify_loop /usr/lib/python2.7/site-packages/neutron_lib/callbacks/manager.py:167
2018-06-30 14:18:07.462 32200 DEBUG oslo_concurrency.lockutils [-] Lock "event-dispatch" acquired by "neutron.plugins.ml2.ovo_rpc.dispatch_events" :: waited 0.000s inner /usr/lib/python2.7/site-packages/oslo_concurrency/lockutils.py:270
2018-06-30 14:18:07.581 32200 DEBUG neutron.api.rpc.handlers.resources_rpc [req-84417803-87e8-4fe7-979b-e8aa13f339d1 - - - - -] neutron.api.rpc.handlers.resources_rpc.ResourcesPushRpcApi method push called with arguments (<neutron_lib.context.Context object at 0x7f2158f46450>, [Port(admin_state_up=True,allowed_address_pairs=[],binding=PortBinding,binding_levels=[PortBindingLevel],created_at=2018-06-30T12:14:19Z,data_plane_status=<?>,description='',device_id='21f88538-4004-41b4-a643-906c7eed1568',device_owner='compute:nova',dhcp_options=[],distributed_binding=None,dns=None,fixed_ips=[IPAllocation],id=5f93af61-e851-469a-9050-4c1c278fa0cf,mac_address=fa:16:3e:05:63:9a,name='',network_id=f3a0924e-c17d-4837-9673-ce2ec40f63fd,project_id='52cade4ce95f495e8dad16a39483c54e',qos_policy_id=None,revision_number=8,security=PortSecurity(5f93af61-e851-469a-9050-4c1c278fa0cf),security_group_ids=set([d87175dc-83bb-4d03-9ac6-b8dabcc86762]),status='ACTIVE',updated_at=2018-06-30T12:18:07Z)], 'updated') {} wrapper /usr/lib/python2.7/site-packages/oslo_log/helpers.py:66
2018-06-30 14:18:07.598 32200 DEBUG neutron.api.rpc.callbacks.version_manager [req-84417803-87e8-4fe7-979b-e8aa13f339d1 - - - - -] Version for resource type Subnet changed None to 1.0 on consumer Open vSwitch agent@localhost.localdomain _set_version /usr/lib/python2.7/site-packages/neutron/api/rpc/callbacks/version_manager.py:119
2018-06-30 14:18:07.599 32200 DEBUG neutron.api.rpc.callbacks.version_manager [req-84417803-87e8-4fe7-979b-e8aa13f339d1 - - - - -] Version for resource type Network changed None to 1.0 on consumer Open vSwitch agent@localhost.localdomain _set_version /usr/lib/python2.7/site-packages/neutron/api/rpc/callbacks/version_manager.py:119
2018-06-30 14:18:07.600 32200 DEBUG neutron.api.rpc.callbacks.version_manager [req-84417803-87e8-4fe7-979b-e8aa13f339d1 - - - - -] Version for resource type SubPort changed None to 1.0 on consumer Open vSwitch agent@localhost.localdomain _set_version /usr/lib/python2.7/site-packages/neutron/api/rpc/callbacks/version_manager.py:119
2018-06-30 14:18:07.600 32200 DEBUG neutron.api.rpc.callbacks.version_manager [req-84417803-87e8-4fe7-979b-e8aa13f339d1 - - - - -] Version for resource type SecurityGroup changed None to 1.0 on consumer Open vSwitch agent@localhost.localdomain _set_version /usr/lib/python2.7/site-packages/neutron/api/rpc/callbacks/version_manager.py:119
2018-06-30 14:18:07.601 32200 DEBUG neutron.api.rpc.callbacks.version_manager [req-84417803-87e8-4fe7-979b-e8aa13f339d1 - - - - -] Version for resource type SecurityGroupRule changed None to 1.0 on consumer Open vSwitch agent@localhost.localdomain _set_version /usr/lib/python2.7/site-packages/neutron/api/rpc/callbacks/version_manager.py:119
2018-06-30 14:18:07.601 32200 DEBUG neutron.api.rpc.callbacks.version_manager [req-84417803-87e8-4fe7-979b-e8aa13f339d1 - - - - -] Version for resource type Trunk changed None to 1.1 on consumer Open vSwitch agent@localhost.localdomain _set_version /usr/lib/python2.7/site-packages/neutron/api/rpc/callbacks/version_manager.py:119
2018-06-30 14:18:07.603 32200 DEBUG neutron.api.rpc.callbacks.version_manager [req-84417803-87e8-4fe7-979b-e8aa13f339d1 - - - - -] Version for resource type QosPolicy changed None to 1.6 on consumer Open vSwitch agent@localhost.localdomain _set_version /usr/lib/python2.7/site-packages/neutron/api/rpc/callbacks/version_manager.py:119
2018-06-30 14:18:07.604 32200 DEBUG neutron.api.rpc.callbacks.version_manager [req-84417803-87e8-4fe7-979b-e8aa13f339d1 - - - - -] Version for resource type Port changed None to 1.1 on consumer Open vSwitch agent@localhost.localdomain _set_version /usr/lib/python2.7/site-packages/neutron/api/rpc/callbacks/version_manager.py:119
2018-06-30 14:18:07.605 32200 DEBUG neutron.api.rpc.callbacks.version_manager [req-84417803-87e8-4fe7-979b-e8aa13f339d1 - - - - -] Version for resource type Log changed None to 1.0 on consumer Open vSwitch agent@localhost.localdomain _set_version /usr/lib/python2.7/site-packages/neutron/api/rpc/callbacks/version_manager.py:119
2018-06-30 14:18:07.647 32200 DEBUG oslo_concurrency.lockutils [req-84417803-87e8-4fe7-979b-e8aa13f339d1 - - - - -] Lock "event-dispatch" released by "neutron.plugins.ml2.ovo_rpc.dispatch_events" :: held 0.185s inner /usr/lib/python2.7/site-packages/oslo_concurrency/lockutils.py:282
2018-06-30 14:18:07.853 32197 INFO neutron.wsgi [req-83985ede-75ab-4335-9be4-1d8b9afa4057 928a9986fe0b43599238a890ae0e393c 52cade4ce95f495e8dad16a39483c54e - 3005b381292d4ad2bbd6b87cb3d9fc33 3005b381292d4ad2bbd6b87cb3d9fc33] 10.0.20.25 "GET /v2.0/ports?device_id=21f88538-4004-41b4-a643-906c7eed1568 HTTP/1.1" status: 200  len: 1125 time: 1.3412888
2018-06-30 14:18:08.032 32197 INFO neutron.wsgi [req-64742a82-8509-4c11-924e-8cf519c6177d 928a9986fe0b43599238a890ae0e393c 52cade4ce95f495e8dad16a39483c54e - 3005b381292d4ad2bbd6b87cb3d9fc33 3005b381292d4ad2bbd6b87cb3d9fc33] 10.0.20.25 "GET /v2.0/security-groups?id=d87175dc-83bb-4d03-9ac6-b8dabcc86762 HTTP/1.1" status: 200  len: 2118 time: 0.1402240
2018-06-30 14:18:08.573 32200 DEBUG novaclient.v2.client [-] REQ: curl -g -i -X POST http://10.0.20.25:8774/v2.1/910acf3b84b64f358e48f506530f7cb1/os-server-external-events -H "User-Agent: python-novaclient" -H "Content-Type: application/json" -H "Accept: application/json" -H "X-OpenStack-Nova-API-Version: 2.1" -H "X-Auth-Token: {SHA1}1214a5e43fccabdd572b6e552422022f1e0ac8cb" -d '{"events": [{"status": "completed", "tag": "5f93af61-e851-469a-9050-4c1c278fa0cf", "name": "network-vif-plugged", "server_uuid": "21f88538-4004-41b4-a643-906c7eed1568"}]}' _http_log_request /usr/lib/python2.7/site-packages/keystoneauth1/session.py:375
2018-06-30 14:18:08.828 32203 DEBUG neutron.plugins.ml2.rpc [req-84417803-87e8-4fe7-979b-e8aa13f339d1 - - - - -] Device 5f93af61-e851-469a-9050-4c1c278fa0cf up at agent ovs-agent-localhost.localdomain update_device_up /usr/lib/python2.7/site-packages/neutron/plugins/ml2/rpc.py:244
2018-06-30 14:18:08.986 32203 DEBUG neutron.db.provisioning_blocks [req-84417803-87e8-4fe7-979b-e8aa13f339d1 - - - - -] Provisioning complete for port 5f93af61-e851-469a-9050-4c1c278fa0cf triggered by entity L2. provisioning_complete /usr/lib/python2.7/site-packages/neutron/db/provisioning_blocks.py:138
