2018-06-30 02:37:37.683 10891 DEBUG neutron.db.l3_hamode_db [req-0581d0dc-aff4-401b-b5cf-417d290b284b - - - - -] neutron.services.l3_router.l3_router_plugin.L3RouterPlugin method get_ha_sync_data_for_host called with arguments (<neutron_lib.context.Context object at 0x7fd85e0bedd0>, u'localhost.localdomain', <neutron.db.models.agent.Agent[object at 7fd85e091e50] {id=u'9de63611-f1b0-4194-a76c-11d015d282db', agent_type=u'L3 agent', binary=u'neutron-l3-agent', topic=u'l3_agent', host=u'localhost.localdomain', availability_zone=u'nova', admin_state_up=True, created_at=datetime.datetime(2018, 6, 7, 12, 43, 41), started_at=datetime.datetime(2018, 6, 30, 0, 10, 54), heartbeat_timestamp=datetime.datetime(2018, 6, 30, 0, 37, 24), description=None, configurations=u'{"agent_mode": "legacy", "gateway_external_network_id": "", "handle_internal_only_routers": true, "routers": 2, "interfaces": 2, "floating_ips": 1, "interface_driver": "neutron.agent.linux.interface.OVSInterfaceDriver", "log_agent_heartbeats": false, "external_network_bridge": "", "ex_gw_ports": 2}', resource_versions=None, load=0}>) {'active': True, 'router_ids': ['6d60535e-b3f0-470e-a0a3-100301af3f9d']} wrapper /usr/lib/python2.7/site-packages/oslo_log/helpers.py:66
2018-06-30 02:37:37.688 10886 DEBUG neutron.quota.resource [req-86ac1a56-0926-4d61-bab4-086ed8cf81bb 487c0791a68c489e90a0b212a9aeb25e 4c65756b45bb45c2b676b2bcd44fc503 - 15b5d39cba0f4373b7ac98580b724e18 15b5d39cba0f4373b7ac98580b724e18] Persisted dirty status for tenant: on resource:port mark_dirty /usr/lib/python2.7/site-packages/neutron/quota/resource.py:207
2018-06-30 02:37:37.694 10886 DEBUG neutron_lib.callbacks.manager [req-86ac1a56-0926-4d61-bab4-086ed8cf81bb 487c0791a68c489e90a0b212a9aeb25e 4c65756b45bb45c2b676b2bcd44fc503 - 15b5d39cba0f4373b7ac98580b724e18 15b5d39cba0f4373b7ac98580b724e18] Notify callbacks ['neutron.notifiers.nova.Notifier._send_nova_notification--9223372036854748468'] for floatingip, before_response _notify_loop /usr/lib/python2.7/site-packages/neutron_lib/callbacks/manager.py:167
2018-06-30 02:37:37.819 10886 INFO neutron.wsgi [req-86ac1a56-0926-4d61-bab4-086ed8cf81bb 487c0791a68c489e90a0b212a9aeb25e 4c65756b45bb45c2b676b2bcd44fc503 - 15b5d39cba0f4373b7ac98580b724e18 15b5d39cba0f4373b7ac98580b724e18] 10.0.20.25 "DELETE /v2.0/floatingips/ddf3affd-e95b-450d-ac17-2369f79c8ca6 HTTP/1.1" status: 204  len: 173 time: 2.6940689
2018-06-30 02:37:37.822 10886 DEBUG oslo_concurrency.lockutils [-] Lock "notifier-ee434aaf-9e6b-4d56-b490-875d6670665c" acquired by "neutron.notifiers.batch_notifier.synced_send" :: waited 0.000s inner /usr/lib/python2.7/site-packages/oslo_concurrency/lockutils.py:270
2018-06-30 02:37:37.823 10886 DEBUG neutron.notifiers.nova [-] Sending events: [{'tag': u'84abcbb2-36d2-42a2-bea2-a54caa306f7f', 'name': 'network-changed', 'server_uuid': u'be0ab96b-ecd7-4c64-a518-fe4f81846baa'}] send_events /usr/lib/python2.7/site-packages/neutron/notifiers/nova.py:242
2018-06-30 02:37:38.602 10891 DEBUG neutron.db.l3_hamode_db [req-0581d0dc-aff4-401b-b5cf-417d290b284b - - - - -] neutron.services.l3_router.l3_router_plugin.L3RouterPlugin method _process_sync_ha_data called with arguments (<neutron_lib.context.Context object at 0x7fd85e0bedd0>, [{'status': u'ACTIVE', '_interfaces': [{'status': u'ACTIVE', 'subnets': [{'dns_nameservers': [u'8.8.4.4'], 'ipv6_ra_mode': None, 'gateway_ip': u'11.198.1.1', 'cidr': u'11.198.1.0/24', 'id': u'2988fd4e-6b88-4796-880f-d3679a9c0dc4', 'subnetpool_id': None}], 'binding:host_id': u'localhost.localdomain', 'description': u'', 'allowed_address_pairs': [], 'tags': [], 'extra_dhcp_opts': [], 'updated_at': '2018-06-30T00:32:43Z', 'device_owner': u'network:router_interface', 'revision_number': 7, 'port_security_enabled': False, 'binding:profile': {}, 'mtu': 1450, 'fixed_ips': [{'subnet_id': u'2988fd4e-6b88-4796-880f-d3679a9c0dc4', 'prefixlen': 24, 'ip_address': u'11.198.1.1'}], 'id': u'20a3bc45-50e1-4d3f-b50e-81d3f3935a57', 'security_groups': [], 'device_id': u'6d60535e-b3f0-470e-a0a3-100301af3f9d', 'name': u'', 'admin_state_up': True, 'network_id': u'c18347b7-cfd8-4d7a-82bf-8f2c056586d5', 'tenant_id': u'4c65756b45bb45c2b676b2bcd44fc503', 'binding:vif_details': {u'port_filter': True, u'datapath_type': u'system', u'ovs_hybrid_plug': True}, 'address_scopes': {4: None, 6: None}, 'binding:vnic_type': u'normal', 'binding:vif_type': u'ovs', 'mac_address': u'fa:16:3e:30:a6:aa', 'project_id': u'4c65756b45bb45c2b676b2bcd44fc503', 'extra_subnets': [], 'created_at': '2018-06-30T00:32:34Z'}], 'enable_snat': True, 'ha_vr_id': 0, 'description': u'', 'tags': [], 'gw_port': {'status': u'ACTIVE', 'subnets': [{'dns_nameservers': [], 'ipv6_ra_mode': None, 'gateway_ip': u'172.24.4.1', 'cidr': u'172.24.4.0/24', 'id': u'4c4b2f34-8d32-4a55-b583-46e460575449', 'subnetpool_id': None}], 'binding:host_id': u'localhost.localdomain', 'description': u'', 'allowed_address_pairs': [], 'tags': [], 'extra_dhcp_opts': [], 'updated_at': '2018-06-30T00:32:57Z', 'device_owner': u'network:router_gateway', 'revision_number': 6, 'port_security_enabled': False, 'binding:profile': {}, 'mtu': 1500, 'fixed_ips': [{'subnet_id': u'4c4b2f34-8d32-4a55-b583-46e460575449', 'prefixlen': 24, 'ip_address': u'172.24.4.9'}], 'id': u'194f075a-9fb2-4af5-ad9a-95f59d65a793', 'security_groups': [], 'device_id': u'6d60535e-b3f0-470e-a0a3-100301af3f9d', 'name': u'', 'admin_state_up': True, 'network_id': u'bccef923-8280-488c-84aa-955d7841d8ff', 'tenant_id': u'', 'binding:vif_details': {u'port_filter': True, u'datapath_type': u'system', u'ovs_hybrid_plug': True}, 'address_scopes': {4: None, 6: None}, 'binding:vnic_type': u'normal', 'binding:vif_type': u'ovs', 'mac_address': u'fa:16:3e:a5:45:4a', 'project_id': u'', 'extra_subnets': [], 'created_at': '2018-06-30T00:32:49Z'}, 'updated_at': '2018-06-30T00:32:51Z', 'revision_number': 4, 'ha': False, 'id': u'6d60535e-b3f0-470e-a0a3-100301af3f9d', 'gw_port_host': u'localhost.localdomain', 'external_gateway_info': {'network_id': u'bccef923-8280-488c-84aa-955d7841d8ff', 'enable_snat': True, 'external_fixed_ips': [{'subnet_id': u'4c4b2f34-8d32-4a55-b583-46e460575449', 'ip_address': u'172.24.4.9'}]}, 'availability_zone_hints': [], 'availability_zones': [u'nova'], 'name': u'tempest-router-1530318574', 'gw_port_id': u'194f075a-9fb2-4af5-ad9a-95f59d65a793', 'admin_state_up': True, 'tenant_id': u'4c65756b45bb45c2b676b2bcd44fc503', 'created_at': '2018-06-30T00:32:16Z', 'distributed': False, 'flavor_id': None, 'routes': [], 'project_id': u'4c65756b45bb45c2b676b2bcd44fc503'}], u'localhost.localdomain', False) {} wrapper /usr/lib/python2.7/site-packages/oslo_log/helpers.py:66
2018-06-30 02:37:38.615 10891 DEBUG neutron.api.rpc.handlers.l3_rpc [req-0581d0dc-aff4-401b-b5cf-417d290b284b - - - - -] Checking router: 6d60535e-b3f0-470e-a0a3-100301af3f9d for host: localhost.localdomain _ensure_host_set_on_ports /usr/lib/python2.7/site-packages/neutron/api/rpc/handlers/l3_rpc.py:135
2018-06-30 02:37:38.847 10890 DEBUG neutron.api.rpc.handlers.l3_rpc [req-df3c4bf3-1768-41f8-ac5e-10819c0a55e9 - - - - -] New status for floating IP ddf3affd-e95b-450d-ac17-2369f79c8ca6: DOWN update_floatingip_statuses /usr/lib/python2.7/site-packages/neutron/api/rpc/handlers/l3_rpc.py:252
2018-06-30 02:37:39.064 10886 DEBUG novaclient.v2.client [-] REQ: curl -g -i -X POST http://10.0.20.25:8774/v2.1/910acf3b84b64f358e48f506530f7cb1/os-server-external-events -H "User-Agent: python-novaclient" -H "Content-Type: application/json" -H "Accept: application/json" -H "X-OpenStack-Nova-API-Version: 2.1" -H "X-Auth-Token: {SHA1}2ef37fc991ffbe837ba7526b0aadf86301938b63" -d '{"events": [{"tag": "84abcbb2-36d2-42a2-bea2-a54caa306f7f", "name": "network-changed", "server_uuid": "be0ab96b-ecd7-4c64-a518-fe4f81846baa"}]}' _http_log_request /usr/lib/python2.7/site-packages/keystoneauth1/session.py:375
2018-06-30 02:37:39.751 10886 DEBUG novaclient.v2.client [-] RESP: [200] Content-Length: 179 Content-Type: application/json Openstack-Api-Version: compute 2.1 X-Openstack-Nova-Api-Version: 2.1 Vary: OpenStack-API-Version, X-OpenStack-Nova-API-Version X-Openstack-Request-Id: req-a9cc331f-c446-4d03-b16b-a641c33de542 X-Compute-Request-Id: req-a9cc331f-c446-4d03-b16b-a641c33de542 Date: Sat, 30 Jun 2018 00:37:39 GMT Connection: keep-alive 
RESP BODY: {"events": [{"status": "completed", "tag": "84abcbb2-36d2-42a2-bea2-a54caa306f7f", "name": "network-changed", "server_uuid": "be0ab96b-ecd7-4c64-a518-fe4f81846baa", "code": 200}]}
 _http_log_response /usr/lib/python2.7/site-packages/keystoneauth1/session.py:423
2018-06-30 02:37:39.752 10886 DEBUG novaclient.v2.client [-] POST call to compute for http://10.0.20.25:8774/v2.1/910acf3b84b64f358e48f506530f7cb1/os-server-external-events used request id req-a9cc331f-c446-4d03-b16b-a641c33de542 request /usr/lib/python2.7/site-packages/keystoneauth1/session.py:727
2018-06-30 02:37:39.766 10886 INFO neutron.notifiers.nova [-] Nova event response: {u'status': u'completed', u'tag': u'84abcbb2-36d2-42a2-bea2-a54caa306f7f', u'name': u'network-changed', u'server_uuid': u'be0ab96b-ecd7-4c64-a518-fe4f81846baa', u'code': 200}
2018-06-30 02:37:39.929 10881 INFO neutron.wsgi [req-847b4d01-d51e-4505-bad8-4131127b82f2 db7e024eefa34f0d9525ad1ee1475527 910acf3b84b64f358e48f506530f7cb1 - default default] 10.0.20.25 "GET /v2.0/ports?tenant_id=4c65756b45bb45c2b676b2bcd44fc503&device_id=be0ab96b-ecd7-4c64-a518-fe4f81846baa HTTP/1.1" status: 200  len: 1125 time: 0.1428292
2018-06-30 02:37:40.237 10881 DEBUG neutron.pecan_wsgi.hooks.policy_enforcement [req-38a85247-6fbf-444a-a7c9-1908f8812e83 db7e024eefa34f0d9525ad1ee1475527 910acf3b84b64f358e48f506530f7cb1 - default default] Attributes excluded by policy engine: [u'vlan_transparent'] _exclude_attributes_by_policy /usr/lib/python2.7/site-packages/neutron/pecan_wsgi/hooks/policy_enforcement.py:256
2018-06-30 02:37:40.240 10881 INFO neutron.wsgi [req-38a85247-6fbf-444a-a7c9-1908f8812e83 db7e024eefa34f0d9525ad1ee1475527 910acf3b84b64f358e48f506530f7cb1 - default default] 10.0.20.25 "GET /v2.0/networks?id=c18347b7-cfd8-4d7a-82bf-8f2c056586d5 HTTP/1.1" status: 200  len: 885 time: 0.3029490
2018-06-30 02:37:40.289 10881 INFO neutron.wsgi [req-65354696-d2b1-4959-8e40-5b82e91789c4 db7e024eefa34f0d9525ad1ee1475527 910acf3b84b64f358e48f506530f7cb1 - default default] 10.0.20.25 "GET /v2.0/floatingips?fixed_ip_address=11.198.1.12&port_id=84abcbb2-36d2-42a2-bea2-a54caa306f7f HTTP/1.1" status: 200  len: 217 time: 0.0400360
2018-06-30 02:37:40.447 10881 DEBUG neutron.pecan_wsgi.hooks.policy_enforcement [req-81924a18-105c-4617-87bf-8722e8852bd3 db7e024eefa34f0d9525ad1ee1475527 910acf3b84b64f358e48f506530f7cb1 - default default] Attributes excluded by policy engine: [u'shared'] _exclude_attributes_by_policy /usr/lib/python2.7/site-packages/neutron/pecan_wsgi/hooks/policy_enforcement.py:256
2018-06-30 02:37:40.450 10881 INFO neutron.wsgi [req-81924a18-105c-4617-87bf-8722e8852bd3 db7e024eefa34f0d9525ad1ee1475527 910acf3b84b64f358e48f506530f7cb1 - default default] 10.0.20.25 "GET /v2.0/subnets?id=2988fd4e-6b88-4796-880f-d3679a9c0dc4 HTTP/1.1" status: 200  len: 847 time: 0.1533329
2018-06-30 02:37:40.597 10881 INFO neutron.wsgi [req-716aa676-c921-40c4-b017-48183a8f50fa db7e024eefa34f0d9525ad1ee1475527 910acf3b84b64f358e48f506530f7cb1 - default default] 10.0.20.25 "GET /v2.0/ports?network_id=c18347b7-cfd8-4d7a-82bf-8f2c056586d5&device_owner=network%3Adhcp HTTP/1.1" status: 200  len: 1128 time: 0.1364501
2018-06-30 02:37:41.768 10886 DEBUG oslo_concurrency.lockutils [-] Lock "notifier-ee434aaf-9e6b-4d56-b490-875d6670665c" released by "neutron.notifiers.batch_notifier.synced_send" :: held 3.946s inner /usr/lib/python2.7/site-packages/oslo_concurrency/lockutils.py:282
2018-06-30 02:37:41.783 10881 INFO neutron.wsgi [req-28e7efdc-2ccb-42d2-8cc4-b2cc2d1f35db db7e024eefa34f0d9525ad1ee1475527 910acf3b84b64f358e48f506530f7cb1 - default default] 10.0.20.25 "GET /v2.0/ports?tenant_id=4c65756b45bb45c2b676b2bcd44fc503&device_id=be0ab96b-ecd7-4c64-a518-fe4f81846baa HTTP/1.1" status: 200  len: 1125 time: 0.2008200
2018-06-30 02:37:42.050 10881 DEBUG neutron.pecan_wsgi.hooks.policy_enforcement [req-854f7c7c-187f-4a36-96e7-d994ba86f4b1 db7e024eefa34f0d9525ad1ee1475527 910acf3b84b64f358e48f506530f7cb1 - default default] Attributes excluded by policy engine: [u'vlan_transparent'] _exclude_attributes_by_policy /usr/lib/python2.7/site-packages/neutron/pecan_wsgi/hooks/policy_enforcement.py:256
2018-06-30 02:37:42.054 10881 INFO neutron.wsgi [req-854f7c7c-187f-4a36-96e7-d994ba86f4b1 db7e024eefa34f0d9525ad1ee1475527 910acf3b84b64f358e48f506530f7cb1 - default default] 10.0.20.25 "GET /v2.0/networks?id=c18347b7-cfd8-4d7a-82bf-8f2c056586d5 HTTP/1.1" status: 200  len: 885 time: 0.2594779
2018-06-30 02:37:42.109 10881 INFO neutron.wsgi [req-8c023d8f-d4dc-4289-8063-3c930c8ce005 db7e024eefa34f0d9525ad1ee1475527 910acf3b84b64f358e48f506530f7cb1 - default default] 10.0.20.25 "GET /v2.0/floatingips?fixed_ip_address=11.198.1.12&port_id=84abcbb2-36d2-42a2-bea2-a54caa306f7f HTTP/1.1" status: 200  len: 217 time: 0.0469940
2018-06-30 02:37:42.123 10896 DEBUG neutron.db.agents_db [req-ac5658a4-9cbc-4b84-9890-662625be3d9b - - - - -] Agent healthcheck: found 5 active agents agent_health_check /usr/lib/python2.7/site-packages/neutron/db/agents_db.py:281
2018-06-30 02:37:42.278 10881 DEBUG neutron.pecan_wsgi.hooks.policy_enforcement [req-21abb098-b80a-49f2-a32b-51ebc52abbc1 db7e024eefa34f0d9525ad1ee1475527 910acf3b84b64f358e48f506530f7cb1 - default default] Attributes excluded by policy engine: [u'shared'] _exclude_attributes_by_policy /usr/lib/python2.7/site-packages/neutron/pecan_wsgi/hooks/policy_enforcement.py:256
2018-06-30 02:37:42.283 10881 INFO neutron.wsgi [req-21abb098-b80a-49f2-a32b-51ebc52abbc1 db7e024eefa34f0d9525ad1ee1475527 910acf3b84b64f358e48f506530f7cb1 - default default] 10.0.20.25 "GET /v2.0/subnets?id=2988fd4e-6b88-4796-880f-d3679a9c0dc4 HTTP/1.1" status: 200  len: 847 time: 0.1663198
2018-06-30 02:37:42.460 10881 INFO neutron.wsgi [req-3a0cef17-7ba6-4778-9d10-a96fcd614bc9 db7e024eefa34f0d9525ad1ee1475527 910acf3b84b64f358e48f506530f7cb1 - default default] 10.0.20.25 "GET /v2.0/ports?network_id=c18347b7-cfd8-4d7a-82bf-8f2c056586d5&device_owner=network%3Adhcp HTTP/1.1" status: 200  len: 1128 time: 0.1694171
2018-06-30 02:37:47.813 10886 INFO neutron.wsgi [req-e9a44dff-d23e-4498-941b-d312d5c2c146 82758ee9dbed4bdf919e32bc6135cc36 f7db0ec7eef2499fb14973cea9da1187 - default default] 10.0.20.25 "GET /v2.0/ports?device_id=be0ab96b-ecd7-4c64-a518-fe4f81846baa HTTP/1.1" status: 200  len: 1125 time: 1.5402689
2018-06-30 02:37:48.024 10886 INFO neutron.wsgi [req-4aa7e779-4c06-4d66-bb1a-2457e4137b61 82758ee9dbed4bdf919e32bc6135cc36 f7db0ec7eef2499fb14973cea9da1187 - default default] 10.0.20.25 "GET /v2.0/security-groups?id=fe98889e-cde7-4be7-8213-852fcd4b8316 HTTP/1.1" status: 200  len: 2118 time: 0.2016900
2018-06-30 02:37:54.149 10892 DEBUG neutron_lib.callbacks.manager [req-8804cccf-d706-49d7-925b-65e7f667d34a - - - - -] Notify callbacks ['neutron.services.segments.db._update_segment_host_mapping_for_agent-8785455271474'] for agent, after_update _notify_loop /usr/lib/python2.7/site-packages/neutron_lib/callbacks/manager.py:167
2018-06-30 02:37:54.217 10889 DEBUG neutron_lib.callbacks.manager [req-3ccda96a-e3d4-45af-bd5d-9773e7aa3726 - - - - -] Notify callbacks ['neutron.services.segments.db._update_segment_host_mapping_for_agent-8785455271474'] for agent, after_update _notify_loop /usr/lib/python2.7/site-packages/neutron_lib/callbacks/manager.py:167
2018-06-30 02:37:54.334 10895 DEBUG neutron_lib.callbacks.manager [req-dfdbedaf-1ac3-402d-9ed7-901d66d6b620 - - - - -] Notify callbacks ['neutron.services.segments.db._update_segment_host_mapping_for_agent-8785455271474'] for agent, after_update _notify_loop /usr/lib/python2.7/site-packages/neutron_lib/callbacks/manager.py:167
2018-06-30 02:37:54.814 10888 DEBUG neutron_lib.callbacks.manager [req-1c51f744-3ad5-43cf-9d4e-56c796124bc3 - - - - -] Notify callbacks ['neutron.services.segments.db._update_segment_host_mapping_for_agent-8785455271474'] for agent, after_update _notify_loop /usr/lib/python2.7/site-packages/neutron_lib/callbacks/manager.py:167
2018-06-30 02:37:56.735 10886 INFO neutron.wsgi [req-f143aa5c-627d-4d44-9bbe-f416610ca164 82758ee9dbed4bdf919e32bc6135cc36 f7db0ec7eef2499fb14973cea9da1187 - default default] 10.0.20.25 "GET /v2.0/ports?device_id=be0ab96b-ecd7-4c64-a518-fe4f81846baa HTTP/1.1" status: 200  len: 1125 time: 0.6046002
2018-06-30 02:37:56.862 10886 INFO neutron.wsgi [req-8b79b074-ac10-499c-86fe-854a699b41ca 82758ee9dbed4bdf919e32bc6135cc36 f7db0ec7eef2499fb14973cea9da1187 - default default] 10.0.20.25 "GET /v2.0/security-groups?id=fe98889e-cde7-4be7-8213-852fcd4b8316 HTTP/1.1" status: 200  len: 2118 time: 0.1185021
2018-06-30 02:37:59.190 10887 DEBUG neutron.plugins.ml2.rpc [req-3ccda96a-e3d4-45af-bd5d-9773e7aa3726 - - - - -] Device 84abcbb2-36d2-42a2-bea2-a54caa306f7f no longer exists at agent ovs-agent-localhost.localdomain update_device_down /usr/lib/python2.7/site-packages/neutron/plugins/ml2/rpc.py:213
2018-06-30 02:37:59.433 10887 DEBUG neutron_lib.callbacks.manager [req-3ccda96a-e3d4-45af-bd5d-9773e7aa3726 - - - - -] Notify callbacks ['neutron.plugins.ml2.plugin.Ml2Plugin._ensure_default_security_group_handler--9223372036853801644'] for port, before_update _notify_loop /usr/lib/python2.7/site-packages/neutron_lib/callbacks/manager.py:167
2018-06-30 02:37:59.438 10881 INFO neutron.wsgi [req-41eec636-ca16-4549-a5ec-6677b112d66b 82758ee9dbed4bdf919e32bc6135cc36 f7db0ec7eef2499fb14973cea9da1187 - default default] 10.0.20.25 "GET /v2.0/ports?device_id=be0ab96b-ecd7-4c64-a518-fe4f81846baa HTTP/1.1" status: 200  len: 1125 time: 0.5426149
2018-06-30 02:37:59.548 10887 DEBUG oslo_concurrency.lockutils [-] Lock "notifier-ee434aaf-9e6b-4d56-b490-875d6670665c" acquired by "neutron.notifiers.batch_notifier.synced_send" :: waited 0.000s inner /usr/lib/python2.7/site-packages/oslo_concurrency/lockutils.py:270
2018-06-30 02:37:59.549 10887 DEBUG neutron.notifiers.nova [-] Sending events: [{'status': 'completed', 'tag': u'84abcbb2-36d2-42a2-bea2-a54caa306f7f', 'name': 'network-vif-unplugged', 'server_uuid': u'be0ab96b-ecd7-4c64-a518-fe4f81846baa'}] send_events /usr/lib/python2.7/site-packages/neutron/notifiers/nova.py:242
2018-06-30 02:37:59.556 10887 DEBUG novaclient.v2.client [-] REQ: curl -g -i -X POST http://10.0.20.25:8774/v2.1/910acf3b84b64f358e48f506530f7cb1/os-server-external-events -H "User-Agent: python-novaclient" -H "Content-Type: application/json" -H "Accept: application/json" -H "X-OpenStack-Nova-API-Version: 2.1" -H "X-Auth-Token: {SHA1}b740225a577839ee1ad65af76c94b3fe8b4d15ff" -d '{"events": [{"status": "completed", "tag": "84abcbb2-36d2-42a2-bea2-a54caa306f7f", "name": "network-vif-unplugged", "server_uuid": "be0ab96b-ecd7-4c64-a518-fe4f81846baa"}]}' _http_log_request /usr/lib/python2.7/site-packages/keystoneauth1/session.py:375
2018-06-30 02:37:59.562 10887 DEBUG neutron.plugins.ml2.db [req-3ccda96a-e3d4-45af-bd5d-9773e7aa3726 - - - - -] For port 84abcbb2-36d2-42a2-bea2-a54caa306f7f, host localhost.localdomain, got binding levels [<neutron.plugins.ml2.models.PortBindingLevel[object at 7fd85ded9810] {port_id=u'84abcbb2-36d2-42a2-bea2-a54caa306f7f', host=u'localhost.localdomain', level=0, driver=u'openvswitch', segment_id=u'95968854-5f99-472a-8f3e-be80dc1591f0'}>] get_binding_levels /usr/lib/python2.7/site-packages/neutron/plugins/ml2/db.py:106
2018-06-30 02:37:59.576 10887 DEBUG neutron_lib.callbacks.manager [req-3ccda96a-e3d4-45af-bd5d-9773e7aa3726 - - - - -] Notify callbacks ['neutron.plugins.ml2.ovo_rpc._ObjectChangeHandler.handle_event-2051874', 'neutron.db.l3_hascheduler_db._notify_l3_agent_ha_port_update-8785454908917', 'neutron.api.rpc.agentnotifiers.dhcp_rpc_agent_api.DhcpAgentNotifyAPI._native_event_send_dhcp_notification-2009875', 'neutron.db.l3_dvrscheduler_db._notify_l3_agent_port_update-8785454908842', 'neutron.plugins.ml2.plugin.Ml2Plugin.notify_sg_on_port_change-974313'] for port, after_update _notify_loop /usr/lib/python2.7/site-packages/neutron_lib/callbacks/manager.py:167
2018-06-30 02:37:59.590 10887 DEBUG oslo_concurrency.lockutils [-] Lock "event-dispatch" acquired by "neutron.plugins.ml2.ovo_rpc.dispatch_events" :: waited 0.000s inner /usr/lib/python2.7/site-packages/oslo_concurrency/lockutils.py:270
2018-06-30 02:37:59.602 10881 DEBUG neutron.plugins.ml2.plugin [req-48e1a115-2f3c-44b1-9be8-537474bc116a 82758ee9dbed4bdf919e32bc6135cc36 f7db0ec7eef2499fb14973cea9da1187 - default default] Deleting port 84abcbb2-36d2-42a2-bea2-a54caa306f7f _pre_delete_port /usr/lib/python2.7/site-packages/neutron/plugins/ml2/plugin.py:1488
2018-06-30 02:37:59.604 10881 DEBUG neutron_lib.callbacks.manager [req-48e1a115-2f3c-44b1-9be8-537474bc116a 82758ee9dbed4bdf919e32bc6135cc36 f7db0ec7eef2499fb14973cea9da1187 - default default] Notify callbacks ['neutron.db.l3_db._prevent_l3_port_delete_callback-8785455472358'] for port, before_delete _notify_loop /usr/lib/python2.7/site-packages/neutron_lib/callbacks/manager.py:167
2018-06-30 02:37:59.717 10887 DEBUG novaclient.v2.client [-] RESP: [200] Content-Length: 185 Content-Type: application/json Openstack-Api-Version: compute 2.1 X-Openstack-Nova-Api-Version: 2.1 Vary: OpenStack-API-Version, X-OpenStack-Nova-API-Version X-Openstack-Request-Id: req-2597c628-8ec0-4eaa-be62-c8fd31858dc6 X-Compute-Request-Id: req-2597c628-8ec0-4eaa-be62-c8fd31858dc6 Date: Sat, 30 Jun 2018 00:37:59 GMT Connection: keep-alive 
RESP BODY: {"events": [{"status": "completed", "tag": "84abcbb2-36d2-42a2-bea2-a54caa306f7f", "name": "network-vif-unplugged", "server_uuid": "be0ab96b-ecd7-4c64-a518-fe4f81846baa", "code": 200}]}
 _http_log_response /usr/lib/python2.7/site-packages/keystoneauth1/session.py:423
2018-06-30 02:37:59.717 10887 DEBUG novaclient.v2.client [-] POST call to compute for http://10.0.20.25:8774/v2.1/910acf3b84b64f358e48f506530f7cb1/os-server-external-events used request id req-2597c628-8ec0-4eaa-be62-c8fd31858dc6 request /usr/lib/python2.7/site-packages/keystoneauth1/session.py:727
2018-06-30 02:37:59.736 10887 INFO neutron.notifiers.nova [-] Nova event response: {u'status': u'completed', u'tag': u'84abcbb2-36d2-42a2-bea2-a54caa306f7f', u'name': u'network-vif-unplugged', u'server_uuid': u'be0ab96b-ecd7-4c64-a518-fe4f81846baa', u'code': 200}
2018-06-30 02:37:59.797 10887 DEBUG neutron.api.rpc.handlers.resources_rpc [req-3ccda96a-e3d4-45af-bd5d-9773e7aa3726 - - - - -] neutron.api.rpc.handlers.resources_rpc.ResourcesPushRpcApi method push called with arguments (<neutron_lib.context.Context object at 0x7fd85df42690>, [Port(admin_state_up=True,allowed_address_pairs=[],binding=PortBinding,binding_levels=[PortBindingLevel],created_at=2018-06-30T00:33:13Z,data_plane_status=<?>,description='',device_id='be0ab96b-ecd7-4c64-a518-fe4f81846baa',device_owner='compute:nova',dhcp_options=[],distributed_binding=None,dns=None,fixed_ips=[IPAllocation],id=84abcbb2-36d2-42a2-bea2-a54caa306f7f,mac_address=fa:16:3e:cb:72:63,name='',network_id=c18347b7-cfd8-4d7a-82bf-8f2c056586d5,project_id='4c65756b45bb45c2b676b2bcd44fc503',qos_policy_id=None,revision_number=9,security=PortSecurity(84abcbb2-36d2-42a2-bea2-a54caa306f7f),security_group_ids=set([fe98889e-cde7-4be7-8213-852fcd4b8316]),status='DOWN',updated_at=2018-06-30T00:37:59Z)], 'updated') {} wrapper /usr/lib/python2.7/site-packages/oslo_log/helpers.py:66
2018-06-30 02:37:59.817 10887 DEBUG neutron.api.rpc.callbacks.version_manager [req-3ccda96a-e3d4-45af-bd5d-9773e7aa3726 - - - - -] Version for resource type Subnet changed None to 1.0 on consumer Open vSwitch agent@localhost.localdomain _set_version /usr/lib/python2.7/site-packages/neutron/api/rpc/callbacks/version_manager.py:119
2018-06-30 02:37:59.819 10887 DEBUG neutron.api.rpc.callbacks.version_manager [req-3ccda96a-e3d4-45af-bd5d-9773e7aa3726 - - - - -] Version for resource type Network changed None to 1.0 on consumer Open vSwitch agent@localhost.localdomain _set_version /usr/lib/python2.7/site-packages/neutron/api/rpc/callbacks/version_manager.py:119
2018-06-30 02:37:59.820 10887 DEBUG neutron.api.rpc.callbacks.version_manager [req-3ccda96a-e3d4-45af-bd5d-9773e7aa3726 - - - - -] Version for resource type SubPort changed None to 1.0 on consumer Open vSwitch agent@localhost.localdomain _set_version /usr/lib/python2.7/site-packages/neutron/api/rpc/callbacks/version_manager.py:119
2018-06-30 02:37:59.820 10887 DEBUG neutron.api.rpc.callbacks.version_manager [req-3ccda96a-e3d4-45af-bd5d-9773e7aa3726 - - - - -] Version for resource type SecurityGroup changed None to 1.0 on consumer Open vSwitch agent@localhost.localdomain _set_version /usr/lib/python2.7/site-packages/neutron/api/rpc/callbacks/version_manager.py:119
2018-06-30 02:37:59.821 10887 DEBUG neutron.api.rpc.callbacks.version_manager [req-3ccda96a-e3d4-45af-bd5d-9773e7aa3726 - - - - -] Version for resource type SecurityGroupRule changed None to 1.0 on consumer Open vSwitch agent@localhost.localdomain _set_version /usr/lib/python2.7/site-packages/neutron/api/rpc/callbacks/version_manager.py:119
2018-06-30 02:37:59.822 10887 DEBUG neutron.api.rpc.callbacks.version_manager [req-3ccda96a-e3d4-45af-bd5d-9773e7aa3726 - - - - -] Version for resource type Trunk changed None to 1.1 on consumer Open vSwitch agent@localhost.localdomain _set_version /usr/lib/python2.7/site-packages/neutron/api/rpc/callbacks/version_manager.py:119
2018-06-30 02:37:59.823 10887 DEBUG neutron.api.rpc.callbacks.version_manager [req-3ccda96a-e3d4-45af-bd5d-9773e7aa3726 - - - - -] Version for resource type QosPolicy changed None to 1.6 on consumer Open vSwitch agent@localhost.localdomain _set_version /usr/lib/python2.7/site-packages/neutron/api/rpc/callbacks/version_manager.py:119
2018-06-30 02:37:59.824 10887 DEBUG neutron.api.rpc.callbacks.version_manager [req-3ccda96a-e3d4-45af-bd5d-9773e7aa3726 - - - - -] Version for resource type Port changed None to 1.1 on consumer Open vSwitch agent@localhost.localdomain _set_version /usr/lib/python2.7/site-packages/neutron/api/rpc/callbacks/version_manager.py:119
2018-06-30 02:37:59.824 10887 DEBUG neutron.api.rpc.callbacks.version_manager [req-3ccda96a-e3d4-45af-bd5d-9773e7aa3726 - - - - -] Version for resource type Log changed None to 1.0 on consumer Open vSwitch agent@localhost.localdomain _set_version /usr/lib/python2.7/site-packages/neutron/api/rpc/callbacks/version_manager.py:119
2018-06-30 02:37:59.845 10887 DEBUG oslo_concurrency.lockutils [req-3ccda96a-e3d4-45af-bd5d-9773e7aa3726 - - - - -] Lock "event-dispatch" released by "neutron.plugins.ml2.ovo_rpc.dispatch_events" :: held 0.255s inner /usr/lib/python2.7/site-packages/oslo_concurrency/lockutils.py:282
2018-06-30 02:38:00.094 10881 DEBUG neutron.plugins.ml2.db [req-48e1a115-2f3c-44b1-9be8-537474bc116a 82758ee9dbed4bdf919e32bc6135cc36 f7db0ec7eef2499fb14973cea9da1187 - default default] For port 84abcbb2-36d2-42a2-bea2-a54caa306f7f, host localhost.localdomain, got binding levels [<neutron.plugins.ml2.models.PortBindingLevel[object at 7fd85dfcb050] {port_id=u'84abcbb2-36d2-42a2-bea2-a54caa306f7f', host=u'localhost.localdomain', level=0, driver=u'openvswitch', segment_id=u'95968854-5f99-472a-8f3e-be80dc1591f0'}>] get_binding_levels /usr/lib/python2.7/site-packages/neutron/plugins/ml2/db.py:106
2018-06-30 02:38:00.138 10881 DEBUG neutron.plugins.ml2.plugin [req-48e1a115-2f3c-44b1-9be8-537474bc116a 82758ee9dbed4bdf919e32bc6135cc36 f7db0ec7eef2499fb14973cea9da1187 - default default] Calling delete_port for 84abcbb2-36d2-42a2-bea2-a54caa306f7f owned by compute:nova delete_port /usr/lib/python2.7/site-packages/neutron/plugins/ml2/plugin.py:1547
2018-06-30 02:38:00.457 10881 DEBUG neutron_lib.callbacks.manager [req-48e1a115-2f3c-44b1-9be8-537474bc116a 82758ee9dbed4bdf919e32bc6135cc36 f7db0ec7eef2499fb14973cea9da1187 - default default] Notify callbacks ['neutron.plugins.ml2.ovo_rpc._ObjectChangeHandler.handle_event-2051874', 'neutron.api.rpc.agentnotifiers.dhcp_rpc_agent_api.DhcpAgentNotifyAPI._native_event_send_dhcp_notification-2009875', 'neutron.db.l3_dvrscheduler_db._notify_port_delete--9223363251399866974', 'neutron.plugins.ml2.plugin.Ml2Plugin.notify_sg_on_port_change-974313', 'neutron.db.l3_db._notify_routers_callback--9223363251399326528'] for port, after_delete _notify_loop /usr/lib/python2.7/site-packages/neutron_lib/callbacks/manager.py:167
2018-06-30 02:38:00.501 10881 DEBUG oslo_concurrency.lockutils [-] Lock "event-dispatch" acquired by "neutron.plugins.ml2.ovo_rpc.dispatch_events" :: waited 0.000s inner /usr/lib/python2.7/site-packages/oslo_concurrency/lockutils.py:270
2018-06-30 02:38:00.726 10881 DEBUG neutron.api.rpc.handlers.resources_rpc [req-48e1a115-2f3c-44b1-9be8-537474bc116a 82758ee9dbed4bdf919e32bc6135cc36 f7db0ec7eef2499fb14973cea9da1187 - - -] neutron.api.rpc.handlers.resources_rpc.ResourcesPushRpcApi method push called with arguments (<neutron_lib.context.Context object at 0x7fd85db3e410>, [Port(admin_state_up=<?>,allowed_address_pairs=<?>,binding=<?>,binding_levels=<?>,created_at=<?>,data_plane_status=<?>,description=<?>,device_id=<?>,device_owner=<?>,dhcp_options=<?>,distributed_binding=<?>,dns=<?>,fixed_ips=<?>,id=84abcbb2-36d2-42a2-bea2-a54caa306f7f,mac_address=<?>,name=<?>,network_id=<?>,project_id=<?>,qos_policy_id=None,revision_number=<?>,security=<?>,security_group_ids=None,status=<?>,updated_at=<?>)], 'deleted') {} wrapper /usr/lib/python2.7/site-packages/oslo_log/helpers.py:66
2018-06-30 02:38:00.755 10881 DEBUG neutron.api.rpc.callbacks.version_manager [req-48e1a115-2f3c-44b1-9be8-537474bc116a 82758ee9dbed4bdf919e32bc6135cc36 f7db0ec7eef2499fb14973cea9da1187 - - -] Version for resource type Subnet changed None to 1.0 on consumer Open vSwitch agent@localhost.localdomain _set_version /usr/lib/python2.7/site-packages/neutron/api/rpc/callbacks/version_manager.py:119
2018-06-30 02:38:00.756 10881 DEBUG neutron.api.rpc.callbacks.version_manager [req-48e1a115-2f3c-44b1-9be8-537474bc116a 82758ee9dbed4bdf919e32bc6135cc36 f7db0ec7eef2499fb14973cea9da1187 - - -] Version for resource type Network changed None to 1.0 on consumer Open vSwitch agent@localhost.localdomain _set_version /usr/lib/python2.7/site-packages/neutron/api/rpc/callbacks/version_manager.py:119
2018-06-30 02:38:00.757 10881 DEBUG neutron.api.rpc.callbacks.version_manager [req-48e1a115-2f3c-44b1-9be8-537474bc116a 82758ee9dbed4bdf919e32bc6135cc36 f7db0ec7eef2499fb14973cea9da1187 - - -] Version for resource type SubPort changed None to 1.0 on consumer Open vSwitch agent@localhost.localdomain _set_version /usr/lib/python2.7/site-packages/neutron/api/rpc/callbacks/version_manager.py:119
2018-06-30 02:38:00.761 10881 DEBUG neutron.api.rpc.callbacks.version_manager [req-48e1a115-2f3c-44b1-9be8-537474bc116a 82758ee9dbed4bdf919e32bc6135cc36 f7db0ec7eef2499fb14973cea9da1187 - - -] Version for resource type SecurityGroup changed None to 1.0 on consumer Open vSwitch agent@localhost.localdomain _set_version /usr/lib/python2.7/site-packages/neutron/api/rpc/callbacks/version_manager.py:119
2018-06-30 02:38:00.762 10881 DEBUG neutron.api.rpc.callbacks.version_manager [req-48e1a115-2f3c-44b1-9be8-537474bc116a 82758ee9dbed4bdf919e32bc6135cc36 f7db0ec7eef2499fb14973cea9da1187 - - -] Version for resource type SecurityGroupRule changed None to 1.0 on consumer Open vSwitch agent@localhost.localdomain _set_version /usr/lib/python2.7/site-packages/neutron/api/rpc/callbacks/version_manager.py:119
2018-06-30 02:38:00.762 10881 DEBUG neutron.api.rpc.callbacks.version_manager [req-48e1a115-2f3c-44b1-9be8-537474bc116a 82758ee9dbed4bdf919e32bc6135cc36 f7db0ec7eef2499fb14973cea9da1187 - - -] Version for resource type Trunk changed None to 1.1 on consumer Open vSwitch agent@localhost.localdomain _set_version /usr/lib/python2.7/site-packages/neutron/api/rpc/callbacks/version_manager.py:119
2018-06-30 02:38:00.763 10881 DEBUG neutron.api.rpc.callbacks.version_manager [req-48e1a115-2f3c-44b1-9be8-537474bc116a 82758ee9dbed4bdf919e32bc6135cc36 f7db0ec7eef2499fb14973cea9da1187 - - -] Version for resource type QosPolicy changed None to 1.6 on consumer Open vSwitch agent@localhost.localdomain _set_version /usr/lib/python2.7/site-packages/neutron/api/rpc/callbacks/version_manager.py:119
2018-06-30 02:38:00.764 10881 DEBUG neutron.api.rpc.callbacks.version_manager [req-48e1a115-2f3c-44b1-9be8-537474bc116a 82758ee9dbed4bdf919e32bc6135cc36 f7db0ec7eef2499fb14973cea9da1187 - - -] Version for resource type Port changed None to 1.1 on consumer Open vSwitch agent@localhost.localdomain _set_version /usr/lib/python2.7/site-packages/neutron/api/rpc/callbacks/version_manager.py:119
2018-06-30 02:38:00.764 10881 DEBUG neutron.api.rpc.callbacks.version_manager [req-48e1a115-2f3c-44b1-9be8-537474bc116a 82758ee9dbed4bdf919e32bc6135cc36 f7db0ec7eef2499fb14973cea9da1187 - - -] Version for resource type Log changed None to 1.0 on consumer Open vSwitch agent@localhost.localdomain _set_version /usr/lib/python2.7/site-packages/neutron/api/rpc/callbacks/version_manager.py:119
2018-06-30 02:38:00.816 10881 DEBUG oslo_concurrency.lockutils [req-48e1a115-2f3c-44b1-9be8-537474bc116a 82758ee9dbed4bdf919e32bc6135cc36 f7db0ec7eef2499fb14973cea9da1187 - - -] Lock "event-dispatch" released by "neutron.plugins.ml2.ovo_rpc.dispatch_events" :: held 0.315s inner /usr/lib/python2.7/site-packages/oslo_concurrency/lockutils.py:282
2018-06-30 02:38:00.995 10887 DEBUG neutron_lib.callbacks.manager [req-1b66a386-0a2a-4024-9135-0d3e1eb30dff - - - - -] Notify callbacks ['neutron.services.segments.db._update_segment_host_mapping_for_agent-8785455271474'] for agent, after_update _notify_loop /usr/lib/python2.7/site-packages/neutron_lib/callbacks/manager.py:167
2018-06-30 02:38:01.202 10881 DEBUG neutron.db.l3_dvrscheduler_db [req-48e1a115-2f3c-44b1-9be8-537474bc116a 82758ee9dbed4bdf919e32bc6135cc36 f7db0ec7eef2499fb14973cea9da1187 - default default] No DVR routers for this DVR port 84abcbb2-36d2-42a2-bea2-a54caa306f7f on host localhost.localdomain get_dvr_routers_to_remove /usr/lib/python2.7/site-packages/neutron/db/l3_dvrscheduler_db.py:191
2018-06-30 02:38:01.257 10881 DEBUG neutron_lib.callbacks.manager [req-48e1a115-2f3c-44b1-9be8-537474bc116a 82758ee9dbed4bdf919e32bc6135cc36 f7db0ec7eef2499fb14973cea9da1187 - default default] Notify callbacks ['neutron.notifiers.nova.Notifier._send_nova_notification--9223372036854748468'] for port, before_response _notify_loop /usr/lib/python2.7/site-packages/neutron_lib/callbacks/manager.py:167
2018-06-30 02:38:01.264 10881 DEBUG oslo_concurrency.lockutils [-] Lock "notifier-ee434aaf-9e6b-4d56-b490-875d6670665c" acquired by "neutron.notifiers.batch_notifier.synced_send" :: waited 0.000s inner /usr/lib/python2.7/site-packages/oslo_concurrency/lockutils.py:270
2018-06-30 02:38:01.264 10881 DEBUG neutron.notifiers.nova [-] Sending events: [{'tag': u'84abcbb2-36d2-42a2-bea2-a54caa306f7f', 'name': 'network-vif-deleted', 'server_uuid': u'be0ab96b-ecd7-4c64-a518-fe4f81846baa'}] send_events /usr/lib/python2.7/site-packages/neutron/notifiers/nova.py:242
2018-06-30 02:38:01.270 10881 DEBUG novaclient.v2.client [-] REQ: curl -g -i -X POST http://10.0.20.25:8774/v2.1/910acf3b84b64f358e48f506530f7cb1/os-server-external-events -H "User-Agent: python-novaclient" -H "Content-Type: application/json" -H "Accept: application/json" -H "X-OpenStack-Nova-API-Version: 2.1" -H "X-Auth-Token: {SHA1}ea72e13ac235f9ddba5e479e17924674fcb95f21" -d '{"events": [{"tag": "84abcbb2-36d2-42a2-bea2-a54caa306f7f", "name": "network-vif-deleted", "server_uuid": "be0ab96b-ecd7-4c64-a518-fe4f81846baa"}]}' _http_log_request /usr/lib/python2.7/site-packages/keystoneauth1/session.py:375
2018-06-30 02:38:01.295 10881 DEBUG neutron.quota.resource [req-48e1a115-2f3c-44b1-9be8-537474bc116a 82758ee9dbed4bdf919e32bc6135cc36 f7db0ec7eef2499fb14973cea9da1187 - default default] Persisted dirty status for tenant:4c65756b45bb45c2b676b2bcd44fc503 on resource:port mark_dirty /usr/lib/python2.7/site-packages/neutron/quota/resource.py:207
2018-06-30 02:38:01.300 10881 INFO neutron.wsgi [req-48e1a115-2f3c-44b1-9be8-537474bc116a 82758ee9dbed4bdf919e32bc6135cc36 f7db0ec7eef2499fb14973cea9da1187 - default default] 10.0.20.25 "DELETE /v2.0/ports/84abcbb2-36d2-42a2-bea2-a54caa306f7f HTTP/1.1" status: 204  len: 173 time: 1.8549950
2018-06-30 02:38:01.509 10881 DEBUG novaclient.v2.client [-] RESP: [200] Content-Length: 183 Content-Type: application/json Openstack-Api-Version: compute 2.1 X-Openstack-Nova-Api-Version: 2.1 Vary: OpenStack-API-Version, X-OpenStack-Nova-API-Version X-Openstack-Request-Id: req-af31c312-c4fb-489f-b023-9452549d541d X-Compute-Request-Id: req-af31c312-c4fb-489f-b023-9452549d541d Date: Sat, 30 Jun 2018 00:38:01 GMT Connection: keep-alive 
RESP BODY: {"events": [{"status": "completed", "tag": "84abcbb2-36d2-42a2-bea2-a54caa306f7f", "name": "network-vif-deleted", "server_uuid": "be0ab96b-ecd7-4c64-a518-fe4f81846baa", "code": 200}]}
 _http_log_response /usr/lib/python2.7/site-packages/keystoneauth1/session.py:423
2018-06-30 02:38:01.511 10881 DEBUG novaclient.v2.client [-] POST call to compute for http://10.0.20.25:8774/v2.1/910acf3b84b64f358e48f506530f7cb1/os-server-external-events used request id req-af31c312-c4fb-489f-b023-9452549d541d request /usr/lib/python2.7/site-packages/keystoneauth1/session.py:727
2018-06-30 02:38:01.521 10881 INFO neutron.notifiers.nova [-] Nova event response: {u'status': u'completed', u'tag': u'84abcbb2-36d2-42a2-bea2-a54caa306f7f', u'name': u'network-vif-deleted', u'server_uuid': u'be0ab96b-ecd7-4c64-a518-fe4f81846baa', u'code': 200}
2018-06-30 02:38:01.737 10887 DEBUG oslo_concurrency.lockutils [-] Lock "notifier-ee434aaf-9e6b-4d56-b490-875d6670665c" released by "neutron.notifiers.batch_notifier.synced_send" :: held 2.189s inner /usr/lib/python2.7/site-packages/oslo_concurrency/lockutils.py:282
2018-06-30 02:38:03.524 10881 DEBUG oslo_concurrency.lockutils [-] Lock "notifier-ee434aaf-9e6b-4d56-b490-875d6670665c" released by "neutron.notifiers.batch_notifier.synced_send" :: held 2.260s inner /usr/lib/python2.7/site-packages/oslo_concurrency/lockutils.py:282
2018-06-30 02:38:19.129 10896 DEBUG neutron.db.agents_db [req-ac5658a4-9cbc-4b84-9890-662625be3d9b - - - - -] Agent healthcheck: found 5 active agents agent_health_check /usr/lib/python2.7/site-packages/neutron/db/agents_db.py:281
2018-06-30 02:38:24.153 10894 DEBUG neutron_lib.callbacks.manager [req-8804cccf-d706-49d7-925b-65e7f667d34a - - - - -] Notify callbacks ['neutron.services.segments.db._update_segment_host_mapping_for_agent-8785455271474'] for agent, after_update _notify_loop /usr/lib/python2.7/site-packages/neutron_lib/callbacks/manager.py:167
2018-06-30 02:38:24.230 10890 DEBUG neutron_lib.callbacks.manager [req-3ccda96a-e3d4-45af-bd5d-9773e7aa3726 - - - - -] Notify callbacks ['neutron.services.segments.db._update_segment_host_mapping_for_agent-8785455271474'] for agent, after_update _notify_loop /usr/lib/python2.7/site-packages/neutron_lib/callbacks/manager.py:167
2018-06-30 02:38:24.356 10893 DEBUG neutron_lib.callbacks.manager [req-dfdbedaf-1ac3-402d-9ed7-901d66d6b620 - - - - -] Notify callbacks ['neutron.services.segments.db._update_segment_host_mapping_for_agent-8785455271474'] for agent, after_update _notify_loop /usr/lib/python2.7/site-packages/neutron_lib/callbacks/manager.py:167
2018-06-30 02:38:24.816 10891 DEBUG neutron_lib.callbacks.manager [req-97a22f82-1031-4598-9945-51fcaf19da1c - - - - -] Notify callbacks ['neutron.services.segments.db._update_segment_host_mapping_for_agent-8785455271474'] for agent, after_update _notify_loop /usr/lib/python2.7/site-packages/neutron_lib/callbacks/manager.py:167
2018-06-30 02:38:30.991 10892 DEBUG neutron_lib.callbacks.manager [req-d5cbc018-39b4-4640-a3f1-7041d885252d - - - - -] Notify callbacks ['neutron.services.segments.db._update_segment_host_mapping_for_agent-8785455271474'] for agent, after_update _notify_loop /usr/lib/python2.7/site-packages/neutron_lib/callbacks/manager.py:167
2018-06-30 02:38:35.704 10886 DEBUG neutron.wsgi [-] (10886) accepted ('10.0.20.25', 53724) server /usr/lib/python2.7/site-packages/eventlet/wsgi.py:883
2018-06-30 02:38:35.708 10886 INFO neutron.wsgi [-] 10.0.20.25 "GET / HTTP/1.1" status: 200  len: 252 time: 0.0026190
2018-06-30 02:38:36.428 10886 INFO neutron.api.v2.resource [req-9ffc1eac-ca02-4a1f-aab5-756310888d16 82758ee9dbed4bdf919e32bc6135cc36 f7db0ec7eef2499fb14973cea9da1187 - default default] show failed (client error): The resource could not be found.
2018-06-30 02:38:36.431 10886 INFO neutron.wsgi [req-9ffc1eac-ca02-4a1f-aab5-756310888d16 82758ee9dbed4bdf919e32bc6135cc36 f7db0ec7eef2499fb14973cea9da1187 - default default] 10.0.20.25 "GET /v2.0/routers/tempest-router-1530318574 HTTP/1.1" status: 404  len: 334 time: 0.7166100
2018-06-30 02:38:36.638 10886 INFO neutron.wsgi [req-33d42e3f-222f-4945-a67e-58a4cd8014db 82758ee9dbed4bdf919e32bc6135cc36 f7db0ec7eef2499fb14973cea9da1187 - default default] 10.0.20.25 "GET /v2.0/routers HTTP/1.1" status: 200  len: 1590 time: 0.2010880
2018-06-30 02:38:36.670 10886 DEBUG neutron.api.v2.base [req-424f86f4-3df3-4db7-9179-7db925a705d2 82758ee9dbed4bdf919e32bc6135cc36 f7db0ec7eef2499fb14973cea9da1187 - default default] Request body: {u'router': {u'external_gateway_info': {}}} prepare_request_body /usr/lib/python2.7/site-packages/neutron/api/v2/base.py:695
2018-06-30 02:38:37.492 10886 DEBUG neutron_lib.callbacks.manager [req-424f86f4-3df3-4db7-9179-7db925a705d2 82758ee9dbed4bdf919e32bc6135cc36 f7db0ec7eef2499fb14973cea9da1187 - default default] Notify callbacks [] for router_gateway, before_delete _notify_loop /usr/lib/python2.7/site-packages/neutron_lib/callbacks/manager.py:167
2018-06-30 02:38:37.520 10886 DEBUG neutron.plugins.ml2.plugin [req-424f86f4-3df3-4db7-9179-7db925a705d2 82758ee9dbed4bdf919e32bc6135cc36 f7db0ec7eef2499fb14973cea9da1187 - default default] Deleting port 194f075a-9fb2-4af5-ad9a-95f59d65a793 _pre_delete_port /usr/lib/python2.7/site-packages/neutron/plugins/ml2/plugin.py:1488
2018-06-30 02:38:37.521 10886 DEBUG neutron_lib.callbacks.manager [req-424f86f4-3df3-4db7-9179-7db925a705d2 82758ee9dbed4bdf919e32bc6135cc36 f7db0ec7eef2499fb14973cea9da1187 - default default] Notify callbacks ['neutron.db.l3_db._prevent_l3_port_delete_callback-8785455472358'] for port, before_delete _notify_loop /usr/lib/python2.7/site-packages/neutron_lib/callbacks/manager.py:167
2018-06-30 02:38:37.879 10886 DEBUG neutron.plugins.ml2.db [req-424f86f4-3df3-4db7-9179-7db925a705d2 82758ee9dbed4bdf919e32bc6135cc36 f7db0ec7eef2499fb14973cea9da1187 - default default] For port 194f075a-9fb2-4af5-ad9a-95f59d65a793, host localhost.localdomain, got binding levels [<neutron.plugins.ml2.models.PortBindingLevel[object at 7fd85da69890] {port_id=u'194f075a-9fb2-4af5-ad9a-95f59d65a793', host=u'localhost.localdomain', level=0, driver=u'openvswitch', segment_id=u'b39b3e5f-9a2a-4e14-be8c-1279cc904bb0'}>] get_binding_levels /usr/lib/python2.7/site-packages/neutron/plugins/ml2/db.py:106
2018-06-30 02:38:37.923 10886 DEBUG neutron.plugins.ml2.plugin [req-424f86f4-3df3-4db7-9179-7db925a705d2 82758ee9dbed4bdf919e32bc6135cc36 f7db0ec7eef2499fb14973cea9da1187 - default default] Calling delete_port for 194f075a-9fb2-4af5-ad9a-95f59d65a793 owned by network:router_gateway delete_port /usr/lib/python2.7/site-packages/neutron/plugins/ml2/plugin.py:1547
2018-06-30 02:38:38.359 10886 DEBUG neutron_lib.callbacks.manager [req-424f86f4-3df3-4db7-9179-7db925a705d2 82758ee9dbed4bdf919e32bc6135cc36 f7db0ec7eef2499fb14973cea9da1187 - default default] Notify callbacks ['neutron.plugins.ml2.ovo_rpc._ObjectChangeHandler.handle_event-2051874', 'neutron.api.rpc.agentnotifiers.dhcp_rpc_agent_api.DhcpAgentNotifyAPI._native_event_send_dhcp_notification-2009875', 'neutron.db.l3_dvrscheduler_db._notify_port_delete--9223363251399866974', 'neutron.plugins.ml2.plugin.Ml2Plugin.notify_sg_on_port_change-974313', 'neutron.db.l3_db._notify_routers_callback--9223363251399326528'] for port, after_delete _notify_loop /usr/lib/python2.7/site-packages/neutron_lib/callbacks/manager.py:167
2018-06-30 02:38:38.394 10886 DEBUG oslo_concurrency.lockutils [-] Lock "event-dispatch" acquired by "neutron.plugins.ml2.ovo_rpc.dispatch_events" :: waited 0.000s inner /usr/lib/python2.7/site-packages/oslo_concurrency/lockutils.py:270
2018-06-30 02:38:38.599 10886 DEBUG neutron.api.rpc.handlers.resources_rpc [req-424f86f4-3df3-4db7-9179-7db925a705d2 82758ee9dbed4bdf919e32bc6135cc36 f7db0ec7eef2499fb14973cea9da1187 - - -] neutron.api.rpc.handlers.resources_rpc.ResourcesPushRpcApi method push called with arguments (<neutron_lib.context.Context object at 0x7fd85dfdeb10>, [Port(admin_state_up=<?>,allowed_address_pairs=<?>,binding=<?>,binding_levels=<?>,created_at=<?>,data_plane_status=<?>,description=<?>,device_id=<?>,device_owner=<?>,dhcp_options=<?>,distributed_binding=<?>,dns=<?>,fixed_ips=<?>,id=194f075a-9fb2-4af5-ad9a-95f59d65a793,mac_address=<?>,name=<?>,network_id=<?>,project_id=<?>,qos_policy_id=None,revision_number=<?>,security=<?>,security_group_ids=None,status=<?>,updated_at=<?>)], 'deleted') {} wrapper /usr/lib/python2.7/site-packages/oslo_log/helpers.py:66
2018-06-30 02:38:38.620 10886 DEBUG neutron.api.rpc.callbacks.version_manager [req-424f86f4-3df3-4db7-9179-7db925a705d2 82758ee9dbed4bdf919e32bc6135cc36 f7db0ec7eef2499fb14973cea9da1187 - - -] Version for resource type Subnet changed None to 1.0 on consumer Open vSwitch agent@localhost.localdomain _set_version /usr/lib/python2.7/site-packages/neutron/api/rpc/callbacks/version_manager.py:119
2018-06-30 02:38:38.621 10886 DEBUG neutron.api.rpc.callbacks.version_manager [req-424f86f4-3df3-4db7-9179-7db925a705d2 82758ee9dbed4bdf919e32bc6135cc36 f7db0ec7eef2499fb14973cea9da1187 - - -] Version for resource type Network changed None to 1.0 on consumer Open vSwitch agent@localhost.localdomain _set_version /usr/lib/python2.7/site-packages/neutron/api/rpc/callbacks/version_manager.py:119
2018-06-30 02:38:38.621 10886 DEBUG neutron.api.rpc.callbacks.version_manager [req-424f86f4-3df3-4db7-9179-7db925a705d2 82758ee9dbed4bdf919e32bc6135cc36 f7db0ec7eef2499fb14973cea9da1187 - - -] Version for resource type SubPort changed None to 1.0 on consumer Open vSwitch agent@localhost.localdomain _set_version /usr/lib/python2.7/site-packages/neutron/api/rpc/callbacks/version_manager.py:119
2018-06-30 02:38:38.622 10886 DEBUG neutron.api.rpc.callbacks.version_manager [req-424f86f4-3df3-4db7-9179-7db925a705d2 82758ee9dbed4bdf919e32bc6135cc36 f7db0ec7eef2499fb14973cea9da1187 - - -] Version for resource type SecurityGroup changed None to 1.0 on consumer Open vSwitch agent@localhost.localdomain _set_version /usr/lib/python2.7/site-packages/neutron/api/rpc/callbacks/version_manager.py:119
2018-06-30 02:38:38.623 10886 DEBUG neutron.api.rpc.callbacks.version_manager [req-424f86f4-3df3-4db7-9179-7db925a705d2 82758ee9dbed4bdf919e32bc6135cc36 f7db0ec7eef2499fb14973cea9da1187 - - -] Version for resource type SecurityGroupRule changed None to 1.0 on consumer Open vSwitch agent@localhost.localdomain _set_version /usr/lib/python2.7/site-packages/neutron/api/rpc/callbacks/version_manager.py:119
2018-06-30 02:38:38.623 10886 DEBUG neutron.api.rpc.callbacks.version_manager [req-424f86f4-3df3-4db7-9179-7db925a705d2 82758ee9dbed4bdf919e32bc6135cc36 f7db0ec7eef2499fb14973cea9da1187 - - -] Version for resource type Trunk changed None to 1.1 on consumer Open vSwitch agent@localhost.localdomain _set_version /usr/lib/python2.7/site-packages/neutron/api/rpc/callbacks/version_manager.py:119
2018-06-30 02:38:38.624 10886 DEBUG neutron.api.rpc.callbacks.version_manager [req-424f86f4-3df3-4db7-9179-7db925a705d2 82758ee9dbed4bdf919e32bc6135cc36 f7db0ec7eef2499fb14973cea9da1187 - - -] Version for resource type QosPolicy changed None to 1.6 on consumer Open vSwitch agent@localhost.localdomain _set_version /usr/lib/python2.7/site-packages/neutron/api/rpc/callbacks/version_manager.py:119
2018-06-30 02:38:38.625 10886 DEBUG neutron.api.rpc.callbacks.version_manager [req-424f86f4-3df3-4db7-9179-7db925a705d2 82758ee9dbed4bdf919e32bc6135cc36 f7db0ec7eef2499fb14973cea9da1187 - - -] Version for resource type Port changed None to 1.1 on consumer Open vSwitch agent@localhost.localdomain _set_version /usr/lib/python2.7/site-packages/neutron/api/rpc/callbacks/version_manager.py:119
2018-06-30 02:38:38.626 10886 DEBUG neutron.api.rpc.callbacks.version_manager [req-424f86f4-3df3-4db7-9179-7db925a705d2 82758ee9dbed4bdf919e32bc6135cc36 f7db0ec7eef2499fb14973cea9da1187 - - -] Version for resource type Log changed None to 1.0 on consumer Open vSwitch agent@localhost.localdomain _set_version /usr/lib/python2.7/site-packages/neutron/api/rpc/callbacks/version_manager.py:119
2018-06-30 02:38:38.661 10886 DEBUG oslo_concurrency.lockutils [req-424f86f4-3df3-4db7-9179-7db925a705d2 82758ee9dbed4bdf919e32bc6135cc36 f7db0ec7eef2499fb14973cea9da1187 - - -] Lock "event-dispatch" released by "neutron.plugins.ml2.ovo_rpc.dispatch_events" :: held 0.267s inner /usr/lib/python2.7/site-packages/oslo_concurrency/lockutils.py:282
2018-06-30 02:38:38.927 10886 DEBUG neutron_lib.callbacks.manager [req-424f86f4-3df3-4db7-9179-7db925a705d2 82758ee9dbed4bdf919e32bc6135cc36 f7db0ec7eef2499fb14973cea9da1187 - default default] Notify callbacks ['neutron.services.l3_router.l3_router_plugin.L3RouterPlugin._delete_dvr_internal_ports--9223372036853197573'] for router_gateway, after_delete _notify_loop /usr/lib/python2.7/site-packages/neutron_lib/callbacks/manager.py:167
