2018-06-26 03:32:29.113 2415 DEBUG neutron.db.l3_hamode_db [req-5b87a151-24cb-4e2a-98de-5fe6943df3b7 - - - - -] neutron.services.l3_router.l3_router_plugin.L3RouterPlugin method get_ha_sync_data_for_host called with arguments (<neutron_lib.context.Context object at 0x7ff35f83ff10>, u'localhost.localdomain', <neutron.db.models.agent.Agent[object at 7ff35f8a2a10] {id=u'f5d070e7-be6d-4df3-ab9e-52b79e66576a', agent_type=u'L3 agent', binary=u'neutron-l3-agent', topic=u'l3_agent', host=u'localhost.localdomain', availability_zone=u'nova', admin_state_up=True, created_at=datetime.datetime(2018, 6, 6, 18, 4, 36), started_at=datetime.datetime(2018, 6, 26, 1, 15, 2), heartbeat_timestamp=datetime.datetime(2018, 6, 26, 1, 32, 2), description=None, configurations=u'{"agent_mode": "legacy", "gateway_external_network_id": "", "handle_internal_only_routers": true, "routers": 2, "interfaces": 2, "floating_ips": 0, "interface_driver": "neutron.agent.linux.interface.OVSInterfaceDriver", "log_agent_heartbeats": false, "external_network_bridge": "", "ex_gw_ports": 2}', resource_versions=None, load=0}>) {'active': True, 'router_ids': ['f1f026f5-d97d-4214-b9f6-89526f08ec23']} wrapper /usr/lib/python2.7/site-packages/oslo_log/helpers.py:66
2018-06-26 03:32:29.143 2409 DEBUG neutron.quota.resource [req-4679f05e-f58c-442c-bfce-ab6235976a22 aa9ab289b900453cbe540da36aa76872 1a35e3b0e18c4eff8ec68ce1f34b28b0 - default default] Persisted dirty status for tenant:7fe534e304ac44ee93846309c53d13a0 on resource:port mark_dirty /usr/lib/python2.7/site-packages/neutron/quota/resource.py:207
2018-06-26 03:32:29.147 2409 INFO neutron.wsgi [req-4679f05e-f58c-442c-bfce-ab6235976a22 aa9ab289b900453cbe540da36aa76872 1a35e3b0e18c4eff8ec68ce1f34b28b0 - default default] 10.0.20.24 "PUT /v2.0/routers/f1f026f5-d97d-4214-b9f6-89526f08ec23/remove_router_interface HTTP/1.1" status: 200  len: 508 time: 3.6853201
2018-06-26 03:32:29.382 2415 DEBUG neutron.db.l3_hamode_db [req-5b87a151-24cb-4e2a-98de-5fe6943df3b7 - - - - -] neutron.services.l3_router.l3_router_plugin.L3RouterPlugin method _process_sync_ha_data called with arguments (<neutron_lib.context.Context object at 0x7ff35f83ff10>, [{'status': u'ACTIVE', 'ha_vr_id': 0, 'description': u'', 'tags': [], 'updated_at': '2018-06-26T01:32:27Z', 'revision_number': 8, 'ha': False, 'id': u'f1f026f5-d97d-4214-b9f6-89526f08ec23', 'external_gateway_info': None, 'availability_zone_hints': [], 'availability_zones': [u'nova'], 'name': u'tempest-router-1529976062', 'gw_port_id': None, 'admin_state_up': True, 'tenant_id': u'7fe534e304ac44ee93846309c53d13a0', 'created_at': '2018-06-26T01:23:32Z', 'distributed': False, 'flavor_id': None, 'routes': [], 'project_id': u'7fe534e304ac44ee93846309c53d13a0'}], u'localhost.localdomain', False) {} wrapper /usr/lib/python2.7/site-packages/oslo_log/helpers.py:66
2018-06-26 03:32:29.393 2415 DEBUG neutron.api.rpc.handlers.l3_rpc [req-5b87a151-24cb-4e2a-98de-5fe6943df3b7 - - - - -] Checking router: f1f026f5-d97d-4214-b9f6-89526f08ec23 for host: localhost.localdomain _ensure_host_set_on_ports /usr/lib/python2.7/site-packages/neutron/api/rpc/handlers/l3_rpc.py:135
2018-06-26 03:32:30.521 2414 DEBUG neutron_lib.callbacks.manager [req-892a26f4-c8d8-4a7d-bcd6-6969d637310d - - - - -] Notify callbacks ['neutron.services.segments.db._update_segment_host_mapping_for_agent-8792704635984'] for agent, after_update _notify_loop /usr/lib/python2.7/site-packages/neutron_lib/callbacks/manager.py:167
2018-06-26 03:32:31.375 2417 DEBUG neutron.plugins.ml2.rpc [req-a247d70b-03f0-4aa8-9097-aab201f5114c - - - - -] Device ab54f3fc-2519-4174-90b6-7200894ed9d7 no longer exists at agent ovs-agent-localhost.localdomain update_device_down /usr/lib/python2.7/site-packages/neutron/plugins/ml2/rpc.py:213
2018-06-26 03:32:31.415 2412 DEBUG neutron_lib.callbacks.manager [req-84e1bb78-a9ba-4d79-a01a-de0873c59336 - - - - -] Notify callbacks ['neutron.services.segments.db._update_segment_host_mapping_for_agent-8792704635984'] for agent, after_update _notify_loop /usr/lib/python2.7/site-packages/neutron_lib/callbacks/manager.py:167
2018-06-26 03:32:31.439 2417 DEBUG neutron.plugins.ml2.plugin [req-a247d70b-03f0-4aa8-9097-aab201f5114c - - - - -] No Port match for: ab54f3fc-2519-4174-90b6-7200894ed9d7 port_bound_to_host /usr/lib/python2.7/site-packages/neutron/plugins/ml2/plugin.py:1806
2018-06-26 03:32:31.440 2417 DEBUG neutron.plugins.ml2.rpc [req-a247d70b-03f0-4aa8-9097-aab201f5114c - - - - -] Device ab54f3fc-2519-4174-90b6-7200894ed9d7 not bound to the agent host localhost.localdomain update_device_down /usr/lib/python2.7/site-packages/neutron/plugins/ml2/rpc.py:221
2018-06-26 03:32:32.119 2416 DEBUG neutron_lib.callbacks.manager [req-ee9ede55-eccf-4fae-9a93-de3c7884f269 - - - - -] Notify callbacks ['neutron.services.segments.db._update_segment_host_mapping_for_agent-8792704635984'] for agent, after_update _notify_loop /usr/lib/python2.7/site-packages/neutron_lib/callbacks/manager.py:167
2018-06-26 03:32:35.529 2410 DEBUG neutron.wsgi [-] (2410) accepted ('10.0.20.24', 43866) server /usr/lib/python2.7/site-packages/eventlet/wsgi.py:883
2018-06-26 03:32:35.541 2410 INFO neutron.wsgi [-] 10.0.20.24 "GET / HTTP/1.1" status: 200  len: 252 time: 0.0048630
2018-06-26 03:32:36.349 2410 INFO neutron.api.v2.resource [req-ad0b9f2e-9e34-4659-8085-df423422e042 aa9ab289b900453cbe540da36aa76872 1a35e3b0e18c4eff8ec68ce1f34b28b0 - default default] show failed (client error): The resource could not be found.
2018-06-26 03:32:36.351 2410 INFO neutron.wsgi [req-ad0b9f2e-9e34-4659-8085-df423422e042 aa9ab289b900453cbe540da36aa76872 1a35e3b0e18c4eff8ec68ce1f34b28b0 - default default] 10.0.20.24 "GET /v2.0/routers/tempest-router-1529976062 HTTP/1.1" status: 404  len: 334 time: 0.8052790
2018-06-26 03:32:36.438 2418 DEBUG neutron_lib.callbacks.manager [req-a247d70b-03f0-4aa8-9097-aab201f5114c - - - - -] Notify callbacks ['neutron.services.segments.db._update_segment_host_mapping_for_agent-8792704635984'] for agent, after_update _notify_loop /usr/lib/python2.7/site-packages/neutron_lib/callbacks/manager.py:167
2018-06-26 03:32:36.527 2410 INFO neutron.wsgi [req-ea90fbf1-7375-44ef-b93d-cae55efdb47a aa9ab289b900453cbe540da36aa76872 1a35e3b0e18c4eff8ec68ce1f34b28b0 - default default] 10.0.20.24 "GET /v2.0/routers HTTP/1.1" status: 200  len: 1412 time: 0.1707981
2018-06-26 03:32:36.705 2410 DEBUG neutron_lib.callbacks.manager [req-7be177cf-ec07-4377-98ce-a2ac12cdfa9f aa9ab289b900453cbe540da36aa76872 1a35e3b0e18c4eff8ec68ce1f34b28b0 - default default] Notify callbacks [] for router, before_delete _notify_loop /usr/lib/python2.7/site-packages/neutron_lib/callbacks/manager.py:167
2018-06-26 03:32:36.987 2410 DEBUG neutron_lib.callbacks.manager [req-7be177cf-ec07-4377-98ce-a2ac12cdfa9f aa9ab289b900453cbe540da36aa76872 1a35e3b0e18c4eff8ec68ce1f34b28b0 - default default] Notify callbacks ['neutron.services.l3_router.l3_router_plugin.L3RouterPlugin._release_router_vr_id--9223372036853736155', 'neutron.services.l3_router.service_providers.driver_controller.DriverController._clear_router_provider-27558'] for router, precommit_delete _notify_loop /usr/lib/python2.7/site-packages/neutron_lib/callbacks/manager.py:167
2018-06-26 03:32:37.140 2410 DEBUG neutron_lib.callbacks.manager [req-7be177cf-ec07-4377-98ce-a2ac12cdfa9f aa9ab289b900453cbe540da36aa76872 1a35e3b0e18c4eff8ec68ce1f34b28b0 - default default] Notify callbacks ['neutron.services.l3_router.l3_router_plugin.L3RouterPlugin._cleanup_ha_network-1039720'] for router, after_delete _notify_loop /usr/lib/python2.7/site-packages/neutron_lib/callbacks/manager.py:167
2018-06-26 03:32:37.142 2410 DEBUG neutron.api.rpc.agentnotifiers.l3_rpc_agent_api [req-7be177cf-ec07-4377-98ce-a2ac12cdfa9f aa9ab289b900453cbe540da36aa76872 1a35e3b0e18c4eff8ec68ce1f34b28b0 - default default] Fanout notify agent at l3_agent the message router_deleted on router f1f026f5-d97d-4214-b9f6-89526f08ec23 _notification_fanout /usr/lib/python2.7/site-packages/neutron/api/rpc/agentnotifiers/l3_rpc_agent_api.py:118
2018-06-26 03:32:37.511 2410 DEBUG neutron.quota.resource [req-7be177cf-ec07-4377-98ce-a2ac12cdfa9f aa9ab289b900453cbe540da36aa76872 1a35e3b0e18c4eff8ec68ce1f34b28b0 - default default] Persisted dirty status for tenant:7fe534e304ac44ee93846309c53d13a0 on resource:router mark_dirty /usr/lib/python2.7/site-packages/neutron/quota/resource.py:207
2018-06-26 03:32:37.533 2410 DEBUG neutron_lib.callbacks.manager [req-7be177cf-ec07-4377-98ce-a2ac12cdfa9f aa9ab289b900453cbe540da36aa76872 1a35e3b0e18c4eff8ec68ce1f34b28b0 - default default] Notify callbacks [] for router, before_response _notify_loop /usr/lib/python2.7/site-packages/neutron_lib/callbacks/manager.py:167
2018-06-26 03:32:37.534 2410 INFO neutron.wsgi [req-7be177cf-ec07-4377-98ce-a2ac12cdfa9f aa9ab289b900453cbe540da36aa76872 1a35e3b0e18c4eff8ec68ce1f34b28b0 - default default] 10.0.20.24 "DELETE /v2.0/routers/f1f026f5-d97d-4214-b9f6-89526f08ec23 HTTP/1.1" status: 204  len: 173 time: 1.0013549
2018-06-26 03:32:40.552 2411 DEBUG neutron_lib.callbacks.manager [req-82670879-0959-4329-b3b4-b2dc52edb1f2 - - - - -] Notify callbacks ['neutron.services.segments.db._update_segment_host_mapping_for_agent-8792704635984'] for agent, after_update _notify_loop /usr/lib/python2.7/site-packages/neutron_lib/callbacks/manager.py:167
2018-06-26 03:32:43.689 2410 DEBUG neutron.wsgi [-] (2410) accepted ('10.0.20.24', 44398) server /usr/lib/python2.7/site-packages/eventlet/wsgi.py:883
2018-06-26 03:32:43.694 2410 INFO neutron.wsgi [-] 10.0.20.24 "GET / HTTP/1.1" status: 200  len: 252 time: 0.0022140
2018-06-26 03:32:44.289 2410 INFO neutron.pecan_wsgi.hooks.translation [req-c139ee62-2058-4a1e-a2e6-24a6f49b3055 aa9ab289b900453cbe540da36aa76872 1a35e3b0e18c4eff8ec68ce1f34b28b0 - default default] GET failed (client error): The resource could not be found.
2018-06-26 03:32:44.297 2410 INFO neutron.wsgi [req-c139ee62-2058-4a1e-a2e6-24a6f49b3055 aa9ab289b900453cbe540da36aa76872 1a35e3b0e18c4eff8ec68ce1f34b28b0 - default default] 10.0.20.24 "GET /v2.0/networks/tempest-private-1529976062 HTTP/1.1" status: 404  len: 334 time: 0.5976348
2018-06-26 03:32:44.568 2410 DEBUG neutron.pecan_wsgi.hooks.policy_enforcement [req-0a91f242-2c7d-4a67-afbb-8acda73e6135 aa9ab289b900453cbe540da36aa76872 1a35e3b0e18c4eff8ec68ce1f34b28b0 - default default] Attributes excluded by policy engine: [u'vlan_transparent'] _exclude_attributes_by_policy /usr/lib/python2.7/site-packages/neutron/pecan_wsgi/hooks/policy_enforcement.py:256
2018-06-26 03:32:44.569 2410 DEBUG neutron.pecan_wsgi.hooks.policy_enforcement [req-0a91f242-2c7d-4a67-afbb-8acda73e6135 aa9ab289b900453cbe540da36aa76872 1a35e3b0e18c4eff8ec68ce1f34b28b0 - default default] Attributes excluded by policy engine: [u'vlan_transparent'] _exclude_attributes_by_policy /usr/lib/python2.7/site-packages/neutron/pecan_wsgi/hooks/policy_enforcement.py:256
2018-06-26 03:32:44.570 2410 DEBUG neutron.pecan_wsgi.hooks.policy_enforcement [req-0a91f242-2c7d-4a67-afbb-8acda73e6135 aa9ab289b900453cbe540da36aa76872 1a35e3b0e18c4eff8ec68ce1f34b28b0 - default default] Attributes excluded by policy engine: [u'vlan_transparent'] _exclude_attributes_by_policy /usr/lib/python2.7/site-packages/neutron/pecan_wsgi/hooks/policy_enforcement.py:256
2018-06-26 03:32:44.572 2410 INFO neutron.wsgi [req-0a91f242-2c7d-4a67-afbb-8acda73e6135 aa9ab289b900453cbe540da36aa76872 1a35e3b0e18c4eff8ec68ce1f34b28b0 - default default] 10.0.20.24 "GET /v2.0/networks HTTP/1.1" status: 200  len: 2214 time: 0.2682490
2018-06-26 03:32:44.700 2410 INFO neutron.wsgi [req-c8ee2fec-a3b8-4b22-ac9b-24eb838fc434 aa9ab289b900453cbe540da36aa76872 1a35e3b0e18c4eff8ec68ce1f34b28b0 - default default] 10.0.20.24 "GET /v2.0/ports?network_id=b7a90caf-9de5-4c37-a808-d1d419d30272 HTTP/1.1" status: 200  len: 1128 time: 0.1183350
2018-06-26 03:32:50.565 2403 DEBUG neutron.wsgi [-] (2403) accepted ('10.0.20.24', 44664) server /usr/lib/python2.7/site-packages/eventlet/wsgi.py:883
2018-06-26 03:32:50.579 2403 INFO neutron.wsgi [-] 10.0.20.24 "GET / HTTP/1.1" status: 200  len: 252 time: 0.0081382
2018-06-26 03:32:50.588 2403 WARNING keystonemiddleware.auth_token [-] Using the in-process token cache is deprecated as of the 4.2.0 release and may be removed in the 5.0.0 release or the 'O' development cycle. The in-process cache causes inconsistent results and high memory usage. When the feature is removed the auth_token middleware will not cache tokens by default which may result in performance issues. It is recommended to use  memcache for the auth_token token cache by setting the memcached_servers option.
2018-06-26 03:32:50.906 2421 DEBUG neutron.db.agents_db [req-3ea9822e-6d12-46a2-aa81-274cebe2ca70 - - - - -] Agent healthcheck: found 5 active agents agent_health_check /usr/lib/python2.7/site-packages/neutron/db/agents_db.py:281
2018-06-26 03:32:51.833 2403 DEBUG oslo_policy._cache_handler [req-3b2d3b8e-7d3f-4c31-89c7-a2e50817b00d aa9ab289b900453cbe540da36aa76872 1a35e3b0e18c4eff8ec68ce1f34b28b0 - default default] Reloading cached file /etc/neutron/policy.json read_cached_file /usr/lib/python2.7/site-packages/oslo_policy/_cache_handler.py:40
2018-06-26 03:32:51.873 2403 DEBUG oslo_policy.policy [req-3b2d3b8e-7d3f-4c31-89c7-a2e50817b00d aa9ab289b900453cbe540da36aa76872 1a35e3b0e18c4eff8ec68ce1f34b28b0 - default default] Reloaded policy file: /etc/neutron/policy.json _load_policy_file /usr/lib/python2.7/site-packages/oslo_policy/policy.py:681
2018-06-26 03:32:52.415 2403 DEBUG oslo_policy._cache_handler [req-3b2d3b8e-7d3f-4c31-89c7-a2e50817b00d aa9ab289b900453cbe540da36aa76872 1a35e3b0e18c4eff8ec68ce1f34b28b0 - default default] Reloading cached file /etc/neutron/policy.json read_cached_file /usr/lib/python2.7/site-packages/oslo_policy/_cache_handler.py:40
2018-06-26 03:32:52.439 2403 DEBUG oslo_policy.policy [req-3b2d3b8e-7d3f-4c31-89c7-a2e50817b00d aa9ab289b900453cbe540da36aa76872 1a35e3b0e18c4eff8ec68ce1f34b28b0 - default default] Reloaded policy file: /etc/neutron/policy.json _load_policy_file /usr/lib/python2.7/site-packages/oslo_policy/policy.py:681
2018-06-26 03:32:52.448 2403 INFO neutron.wsgi [req-3b2d3b8e-7d3f-4c31-89c7-a2e50817b00d aa9ab289b900453cbe540da36aa76872 1a35e3b0e18c4eff8ec68ce1f34b28b0 - default default] 10.0.20.24 "GET /v2.0/ports/6842457c-153e-4ed4-94b9-9d24dbe161e0 HTTP/1.1" status: 200  len: 1125 time: 1.8647859
2018-06-26 03:32:52.806 2403 DEBUG neutron.plugins.ml2.plugin [req-69b9e5a4-6b47-404d-82f9-eae4f76f5157 aa9ab289b900453cbe540da36aa76872 1a35e3b0e18c4eff8ec68ce1f34b28b0 - default default] Deleting port 6842457c-153e-4ed4-94b9-9d24dbe161e0 _pre_delete_port /usr/lib/python2.7/site-packages/neutron/plugins/ml2/plugin.py:1488
2018-06-26 03:32:52.807 2403 DEBUG neutron_lib.callbacks.manager [req-69b9e5a4-6b47-404d-82f9-eae4f76f5157 aa9ab289b900453cbe540da36aa76872 1a35e3b0e18c4eff8ec68ce1f34b28b0 - default default] Notify callbacks ['neutron.db.l3_db._prevent_l3_port_delete_callback--9223363244149932532'] for port, before_delete _notify_loop /usr/lib/python2.7/site-packages/neutron_lib/callbacks/manager.py:167
2018-06-26 03:32:53.173 2403 DEBUG neutron.plugins.ml2.db [req-69b9e5a4-6b47-404d-82f9-eae4f76f5157 aa9ab289b900453cbe540da36aa76872 1a35e3b0e18c4eff8ec68ce1f34b28b0 - default default] For port 6842457c-153e-4ed4-94b9-9d24dbe161e0, host localhost.localdomain, got binding levels [<neutron.plugins.ml2.models.PortBindingLevel[object at 7ff35fc71fd0] {port_id=u'6842457c-153e-4ed4-94b9-9d24dbe161e0', host=u'localhost.localdomain', level=0, driver=u'openvswitch', segment_id=u'2e9b4f09-1534-448f-bdc4-5ca64d5bd32f'}>] get_binding_levels /usr/lib/python2.7/site-packages/neutron/plugins/ml2/db.py:106
2018-06-26 03:32:53.211 2403 DEBUG neutron.plugins.ml2.plugin [req-69b9e5a4-6b47-404d-82f9-eae4f76f5157 aa9ab289b900453cbe540da36aa76872 1a35e3b0e18c4eff8ec68ce1f34b28b0 - default default] Calling delete_port for 6842457c-153e-4ed4-94b9-9d24dbe161e0 owned by network:dhcp delete_port /usr/lib/python2.7/site-packages/neutron/plugins/ml2/plugin.py:1547
2018-06-26 03:32:53.490 2403 DEBUG neutron_lib.callbacks.manager [req-69b9e5a4-6b47-404d-82f9-eae4f76f5157 aa9ab289b900453cbe540da36aa76872 1a35e3b0e18c4eff8ec68ce1f34b28b0 - default default] Notify callbacks ['neutron.plugins.ml2.ovo_rpc._ObjectChangeHandler.handle_event-569860', 'neutron.db.l3_db._notify_routers_callback--9223363244149961250', 'neutron.plugins.ml2.plugin.Ml2Plugin.notify_sg_on_port_change-1954047', 'neutron.api.rpc.agentnotifiers.dhcp_rpc_agent_api.DhcpAgentNotifyAPI._native_event_send_dhcp_notification--9223372036854090487', 'neutron.db.l3_dvrscheduler_db._notify_port_delete-8792704275385'] for port, after_delete _notify_loop /usr/lib/python2.7/site-packages/neutron_lib/callbacks/manager.py:167
2018-06-26 03:32:53.495 2403 DEBUG oslo_concurrency.lockutils [-] Lock "event-dispatch" acquired by "neutron.plugins.ml2.ovo_rpc.dispatch_events" :: waited 0.000s inner /usr/lib/python2.7/site-packages/oslo_concurrency/lockutils.py:270
2018-06-26 03:32:53.801 2403 DEBUG neutron.api.rpc.handlers.resources_rpc [req-69b9e5a4-6b47-404d-82f9-eae4f76f5157 aa9ab289b900453cbe540da36aa76872 1a35e3b0e18c4eff8ec68ce1f34b28b0 - - -] neutron.api.rpc.handlers.resources_rpc.ResourcesPushRpcApi method push called with arguments (<neutron_lib.context.Context object at 0x7ff35f8b3ed0>, [Port(admin_state_up=<?>,allowed_address_pairs=<?>,binding=<?>,binding_levels=<?>,created_at=<?>,data_plane_status=<?>,description=<?>,device_id=<?>,device_owner=<?>,dhcp_options=<?>,distributed_binding=<?>,dns=<?>,fixed_ips=<?>,id=6842457c-153e-4ed4-94b9-9d24dbe161e0,mac_address=<?>,name=<?>,network_id=<?>,project_id=<?>,qos_policy_id=None,revision_number=<?>,security=<?>,security_group_ids=None,status=<?>,updated_at=<?>)], 'deleted') {} wrapper /usr/lib/python2.7/site-packages/oslo_log/helpers.py:66
2018-06-26 03:32:53.818 2403 DEBUG neutron.api.rpc.callbacks.version_manager [req-69b9e5a4-6b47-404d-82f9-eae4f76f5157 aa9ab289b900453cbe540da36aa76872 1a35e3b0e18c4eff8ec68ce1f34b28b0 - - -] Version for resource type Subnet changed None to 1.0 on consumer Open vSwitch agent@localhost.localdomain _set_version /usr/lib/python2.7/site-packages/neutron/api/rpc/callbacks/version_manager.py:119
2018-06-26 03:32:53.819 2403 DEBUG neutron.api.rpc.callbacks.version_manager [req-69b9e5a4-6b47-404d-82f9-eae4f76f5157 aa9ab289b900453cbe540da36aa76872 1a35e3b0e18c4eff8ec68ce1f34b28b0 - - -] Version for resource type Network changed None to 1.0 on consumer Open vSwitch agent@localhost.localdomain _set_version /usr/lib/python2.7/site-packages/neutron/api/rpc/callbacks/version_manager.py:119
2018-06-26 03:32:53.819 2403 DEBUG neutron.api.rpc.callbacks.version_manager [req-69b9e5a4-6b47-404d-82f9-eae4f76f5157 aa9ab289b900453cbe540da36aa76872 1a35e3b0e18c4eff8ec68ce1f34b28b0 - - -] Version for resource type SubPort changed None to 1.0 on consumer Open vSwitch agent@localhost.localdomain _set_version /usr/lib/python2.7/site-packages/neutron/api/rpc/callbacks/version_manager.py:119
2018-06-26 03:32:53.820 2403 DEBUG neutron.api.rpc.callbacks.version_manager [req-69b9e5a4-6b47-404d-82f9-eae4f76f5157 aa9ab289b900453cbe540da36aa76872 1a35e3b0e18c4eff8ec68ce1f34b28b0 - - -] Version for resource type SecurityGroup changed None to 1.0 on consumer Open vSwitch agent@localhost.localdomain _set_version /usr/lib/python2.7/site-packages/neutron/api/rpc/callbacks/version_manager.py:119
2018-06-26 03:32:53.821 2403 DEBUG neutron.api.rpc.callbacks.version_manager [req-69b9e5a4-6b47-404d-82f9-eae4f76f5157 aa9ab289b900453cbe540da36aa76872 1a35e3b0e18c4eff8ec68ce1f34b28b0 - - -] Version for resource type SecurityGroupRule changed None to 1.0 on consumer Open vSwitch agent@localhost.localdomain _set_version /usr/lib/python2.7/site-packages/neutron/api/rpc/callbacks/version_manager.py:119
2018-06-26 03:32:53.822 2403 DEBUG neutron.api.rpc.callbacks.version_manager [req-69b9e5a4-6b47-404d-82f9-eae4f76f5157 aa9ab289b900453cbe540da36aa76872 1a35e3b0e18c4eff8ec68ce1f34b28b0 - - -] Version for resource type Trunk changed None to 1.1 on consumer Open vSwitch agent@localhost.localdomain _set_version /usr/lib/python2.7/site-packages/neutron/api/rpc/callbacks/version_manager.py:119
2018-06-26 03:32:53.822 2403 DEBUG neutron.api.rpc.callbacks.version_manager [req-69b9e5a4-6b47-404d-82f9-eae4f76f5157 aa9ab289b900453cbe540da36aa76872 1a35e3b0e18c4eff8ec68ce1f34b28b0 - - -] Version for resource type QosPolicy changed None to 1.6 on consumer Open vSwitch agent@localhost.localdomain _set_version /usr/lib/python2.7/site-packages/neutron/api/rpc/callbacks/version_manager.py:119
2018-06-26 03:32:53.823 2403 DEBUG neutron.api.rpc.callbacks.version_manager [req-69b9e5a4-6b47-404d-82f9-eae4f76f5157 aa9ab289b900453cbe540da36aa76872 1a35e3b0e18c4eff8ec68ce1f34b28b0 - - -] Version for resource type Port changed None to 1.1 on consumer Open vSwitch agent@localhost.localdomain _set_version /usr/lib/python2.7/site-packages/neutron/api/rpc/callbacks/version_manager.py:119
2018-06-26 03:32:53.824 2403 DEBUG neutron.api.rpc.callbacks.version_manager [req-69b9e5a4-6b47-404d-82f9-eae4f76f5157 aa9ab289b900453cbe540da36aa76872 1a35e3b0e18c4eff8ec68ce1f34b28b0 - - -] Version for resource type Log changed None to 1.0 on consumer Open vSwitch agent@localhost.localdomain _set_version /usr/lib/python2.7/site-packages/neutron/api/rpc/callbacks/version_manager.py:119
2018-06-26 03:32:53.826 2403 DEBUG neutron.api.rpc.callbacks.version_manager [req-69b9e5a4-6b47-404d-82f9-eae4f76f5157 aa9ab289b900453cbe540da36aa76872 1a35e3b0e18c4eff8ec68ce1f34b28b0 - - -] Tracked resource versions report:
pushed versions:
{   'Log': set(['1.0']),
    'Network': set(['1.0']),
    'Port': set(['1.1']),
    'QosPolicy': set(['1.6']),
    'SecurityGroup': set(['1.0']),
    'SecurityGroupRule': set(['1.0']),
    'SubPort': set(['1.0']),
    'Subnet': set(['1.0']),
    'Trunk': set(['1.1'])}

consumer versions:
{   DHCP agent@localhost.localdomain: {   },
    L3 agent@localhost.localdomain: {   },
    Metadata agent@localhost.localdomain: {   },
    Metering agent@localhost.localdomain: {   },
    Open vSwitch agent@localhost.localdomain: {   u'Log': u'1.0',
                                                  u'Network': u'1.0',
                                                  u'Port': u'1.1',
                                                  u'QosPolicy': u'1.6',
                                                  u'SecurityGroup': u'1.0',
                                                  u'SecurityGroupRule': u'1.0',
                                                  u'SubPort': u'1.0',
                                                  u'Subnet': u'1.0',
                                                  u'Trunk': u'1.1'}}
 report /usr/lib/python2.7/site-packages/neutron/api/rpc/callbacks/version_manager.py:178
2018-06-26 03:32:54.042 2403 DEBUG oslo_concurrency.lockutils [req-69b9e5a4-6b47-404d-82f9-eae4f76f5157 aa9ab289b900453cbe540da36aa76872 1a35e3b0e18c4eff8ec68ce1f34b28b0 - - -] Lock "event-dispatch" released by "neutron.plugins.ml2.ovo_rpc.dispatch_events" :: held 0.547s inner /usr/lib/python2.7/site-packages/oslo_concurrency/lockutils.py:282
2018-06-26 03:32:54.221 2414 DEBUG neutron.api.rpc.handlers.dhcp_rpc [req-dc0e5ef8-92f9-416e-a779-40472270bd2a - - - - -] DHCP port deletion for b7a90caf-9de5-4c37-a808-d1d419d30272 request from localhost.localdomain release_dhcp_port /usr/lib/python2.7/site-packages/neutron/api/rpc/handlers/dhcp_rpc.py:244
2018-06-26 03:32:54.254 2403 DEBUG neutron.db.l3_dvrscheduler_db [req-69b9e5a4-6b47-404d-82f9-eae4f76f5157 aa9ab289b900453cbe540da36aa76872 1a35e3b0e18c4eff8ec68ce1f34b28b0 - default default] No DVR routers for this DVR port 6842457c-153e-4ed4-94b9-9d24dbe161e0 on host localhost.localdomain get_dvr_routers_to_remove /usr/lib/python2.7/site-packages/neutron/db/l3_dvrscheduler_db.py:191
2018-06-26 03:32:54.273 2403 DEBUG neutron_lib.callbacks.manager [req-69b9e5a4-6b47-404d-82f9-eae4f76f5157 aa9ab289b900453cbe540da36aa76872 1a35e3b0e18c4eff8ec68ce1f34b28b0 - default default] Notify callbacks ['neutron.notifiers.nova.Notifier._send_nova_notification--9223372036854769486', 'neutron.api.rpc.agentnotifiers.dhcp_rpc_agent_api.DhcpAgentNotifyAPI._send_dhcp_notification--9223372036854090466'] for port, before_response _notify_loop /usr/lib/python2.7/site-packages/neutron_lib/callbacks/manager.py:167
2018-06-26 03:32:54.296 2403 DEBUG neutron.quota.resource [req-69b9e5a4-6b47-404d-82f9-eae4f76f5157 aa9ab289b900453cbe540da36aa76872 1a35e3b0e18c4eff8ec68ce1f34b28b0 - default default] Persisted dirty status for tenant:7fe534e304ac44ee93846309c53d13a0 on resource:port mark_dirty /usr/lib/python2.7/site-packages/neutron/quota/resource.py:207
2018-06-26 03:32:54.299 2403 INFO neutron.wsgi [req-69b9e5a4-6b47-404d-82f9-eae4f76f5157 aa9ab289b900453cbe540da36aa76872 1a35e3b0e18c4eff8ec68ce1f34b28b0 - default default] 10.0.20.24 "DELETE /v2.0/ports/6842457c-153e-4ed4-94b9-9d24dbe161e0 HTTP/1.1" status: 204  len: 173 time: 1.8454330
2018-06-26 03:32:55.361 2418 DEBUG neutron.plugins.ml2.rpc [req-a247d70b-03f0-4aa8-9097-aab201f5114c - - - - -] Device 6842457c-153e-4ed4-94b9-9d24dbe161e0 no longer exists at agent ovs-agent-localhost.localdomain update_device_down /usr/lib/python2.7/site-packages/neutron/plugins/ml2/rpc.py:213
2018-06-26 03:32:55.419 2418 DEBUG neutron.plugins.ml2.plugin [req-a247d70b-03f0-4aa8-9097-aab201f5114c - - - - -] No Port match for: 6842457c-153e-4ed4-94b9-9d24dbe161e0 port_bound_to_host /usr/lib/python2.7/site-packages/neutron/plugins/ml2/plugin.py:1806
2018-06-26 03:32:55.420 2418 DEBUG neutron.plugins.ml2.rpc [req-a247d70b-03f0-4aa8-9097-aab201f5114c - - - - -] Device 6842457c-153e-4ed4-94b9-9d24dbe161e0 not bound to the agent host localhost.localdomain update_device_down /usr/lib/python2.7/site-packages/neutron/plugins/ml2/rpc.py:221
2018-06-26 03:33:00.505 2419 DEBUG neutron_lib.callbacks.manager [req-892a26f4-c8d8-4a7d-bcd6-6969d637310d - - - - -] Notify callbacks ['neutron.services.segments.db._update_segment_host_mapping_for_agent-8792704635984'] for agent, after_update _notify_loop /usr/lib/python2.7/site-packages/neutron_lib/callbacks/manager.py:167
2018-06-26 03:33:00.717 2403 DEBUG neutron.wsgi [-] (2403) accepted ('10.0.20.24', 44698) server /usr/lib/python2.7/site-packages/eventlet/wsgi.py:883
2018-06-26 03:33:00.721 2403 INFO neutron.wsgi [-] 10.0.20.24 "GET / HTTP/1.1" status: 200  len: 252 time: 0.0022190
2018-06-26 03:33:01.231 2403 INFO neutron.pecan_wsgi.hooks.translation [req-993d08c8-770a-4056-bfa4-ddbfc6b48ed0 aa9ab289b900453cbe540da36aa76872 1a35e3b0e18c4eff8ec68ce1f34b28b0 - default default] GET failed (client error): The resource could not be found.
2018-06-26 03:33:01.233 2403 INFO neutron.wsgi [req-993d08c8-770a-4056-bfa4-ddbfc6b48ed0 aa9ab289b900453cbe540da36aa76872 1a35e3b0e18c4eff8ec68ce1f34b28b0 - default default] 10.0.20.24 "GET /v2.0/networks/tempest-private-1529976062 HTTP/1.1" status: 404  len: 334 time: 0.5061870
2018-06-26 03:33:01.390 2415 DEBUG neutron_lib.callbacks.manager [req-84e1bb78-a9ba-4d79-a01a-de0873c59336 - - - - -] Notify callbacks ['neutron.services.segments.db._update_segment_host_mapping_for_agent-8792704635984'] for agent, after_update _notify_loop /usr/lib/python2.7/site-packages/neutron_lib/callbacks/manager.py:167
2018-06-26 03:33:01.458 2403 DEBUG neutron.pecan_wsgi.hooks.policy_enforcement [req-57570759-80ea-416f-beec-e7c26631d49d aa9ab289b900453cbe540da36aa76872 1a35e3b0e18c4eff8ec68ce1f34b28b0 - default default] Attributes excluded by policy engine: [u'vlan_transparent'] _exclude_attributes_by_policy /usr/lib/python2.7/site-packages/neutron/pecan_wsgi/hooks/policy_enforcement.py:256
2018-06-26 03:33:01.460 2403 DEBUG neutron.pecan_wsgi.hooks.policy_enforcement [req-57570759-80ea-416f-beec-e7c26631d49d aa9ab289b900453cbe540da36aa76872 1a35e3b0e18c4eff8ec68ce1f34b28b0 - default default] Attributes excluded by policy engine: [u'vlan_transparent'] _exclude_attributes_by_policy /usr/lib/python2.7/site-packages/neutron/pecan_wsgi/hooks/policy_enforcement.py:256
2018-06-26 03:33:01.461 2403 DEBUG neutron.pecan_wsgi.hooks.policy_enforcement [req-57570759-80ea-416f-beec-e7c26631d49d aa9ab289b900453cbe540da36aa76872 1a35e3b0e18c4eff8ec68ce1f34b28b0 - default default] Attributes excluded by policy engine: [u'vlan_transparent'] _exclude_attributes_by_policy /usr/lib/python2.7/site-packages/neutron/pecan_wsgi/hooks/policy_enforcement.py:256
2018-06-26 03:33:01.464 2403 INFO neutron.wsgi [req-57570759-80ea-416f-beec-e7c26631d49d aa9ab289b900453cbe540da36aa76872 1a35e3b0e18c4eff8ec68ce1f34b28b0 - default default] 10.0.20.24 "GET /v2.0/networks HTTP/1.1" status: 200  len: 2214 time: 0.2258132
2018-06-26 03:33:01.698 2403 DEBUG neutron_lib.callbacks.manager [req-7a0d9447-8dd1-40ed-a1a3-7a7db38a8624 aa9ab289b900453cbe540da36aa76872 1a35e3b0e18c4eff8ec68ce1f34b28b0 - default default] Notify callbacks ['neutron.plugins.ml2.plugin.Ml2Plugin._before_network_delete_handler--9223372036852752818'] for network, before_delete _notify_loop /usr/lib/python2.7/site-packages/neutron_lib/callbacks/manager.py:167
2018-06-26 03:33:01.723 2411 DEBUG neutron.api.rpc.handlers.dhcp_rpc [req-44a0200e-da52-46cd-80c6-ccf961f2d231 - - - - -] get_active_networks_info from localhost.localdomain get_active_networks_info /usr/lib/python2.7/site-packages/neutron/api/rpc/handlers/dhcp_rpc.py:141
2018-06-26 03:33:01.831 2403 DEBUG neutron.db.db_base_plugin_v2 [req-7a0d9447-8dd1-40ed-a1a3-7a7db38a8624 aa9ab289b900453cbe540da36aa76872 1a35e3b0e18c4eff8ec68ce1f34b28b0 - default default] Deleting subnet cae95a49-ebba-403e-b469-11eac68d8fb6 delete_subnet /usr/lib/python2.7/site-packages/neutron/db/db_base_plugin_v2.py:1022
2018-06-26 03:33:01.832 2403 DEBUG neutron_lib.callbacks.manager [req-7a0d9447-8dd1-40ed-a1a3-7a7db38a8624 aa9ab289b900453cbe540da36aa76872 1a35e3b0e18c4eff8ec68ce1f34b28b0 - default default] Notify callbacks [] for subnet, before_delete _notify_loop /usr/lib/python2.7/site-packages/neutron_lib/callbacks/manager.py:167
2018-06-26 03:33:02.060 2403 DEBUG neutron_lib.callbacks.manager [req-7a0d9447-8dd1-40ed-a1a3-7a7db38a8624 aa9ab289b900453cbe540da36aa76872 1a35e3b0e18c4eff8ec68ce1f34b28b0 - default default] Notify callbacks ['neutron.plugins.ml2.plugin.Ml2Plugin._subnet_delete_precommit_handler-1768085'] for subnet, precommit_delete _notify_loop /usr/lib/python2.7/site-packages/neutron_lib/callbacks/manager.py:167
2018-06-26 03:33:02.119 2413 DEBUG neutron_lib.callbacks.manager [req-f90a4395-4138-4ad6-82ad-b4a670b0b778 - - - - -] Notify callbacks ['neutron.services.segments.db._update_segment_host_mapping_for_agent-8792704635984'] for agent, after_update _notify_loop /usr/lib/python2.7/site-packages/neutron_lib/callbacks/manager.py:167
2018-06-26 03:33:02.410 2412 DEBUG neutron.api.rpc.handlers.dhcp_rpc [req-7bfb1dc8-f77f-43dd-82ce-0c065734e834 - - - - -] Create dhcp port {u'port': {u'name': u'', u'admin_state_up': True, u'network_id': u'b7a90caf-9de5-4c37-a808-d1d419d30272', u'tenant_id': u'7fe534e304ac44ee93846309c53d13a0', u'fixed_ips': [{u'subnet_id': u'cae95a49-ebba-403e-b469-11eac68d8fb6'}], u'device_id': u'dhcpcd8f5f9f-e3e8-569f-87ef-f03c6cfc29bc-b7a90caf-9de5-4c37-a808-d1d419d30272'}} from localhost.localdomain. create_dhcp_port /usr/lib/python2.7/site-packages/neutron/api/rpc/handlers/dhcp_rpc.py:264
2018-06-26 03:33:02.417 2412 DEBUG neutron_lib.callbacks.manager [req-7bfb1dc8-f77f-43dd-82ce-0c065734e834 - - - - -] Notify callbacks ['neutron.plugins.ml2.plugin.Ml2Plugin._ensure_default_security_group_handler--9223372036852821878'] for port, before_create _notify_loop /usr/lib/python2.7/site-packages/neutron_lib/callbacks/manager.py:167
2018-06-26 03:33:02.511 2403 DEBUG neutron_lib.callbacks.manager [req-7a0d9447-8dd1-40ed-a1a3-7a7db38a8624 aa9ab289b900453cbe540da36aa76872 1a35e3b0e18c4eff8ec68ce1f34b28b0 - default default] Notify callbacks ['neutron.api.rpc.agentnotifiers.dhcp_rpc_agent_api.DhcpAgentNotifyAPI._native_event_send_dhcp_notification--9223372036854090487', 'neutron.plugins.ml2.ovo_rpc._ObjectChangeHandler.handle_event-569908', 'neutron.plugins.ml2.plugin.Ml2Plugin._subnet_delete_after_delete_handler--9223372036853007734'] for subnet, after_delete _notify_loop /usr/lib/python2.7/site-packages/neutron_lib/callbacks/manager.py:167
2018-06-26 03:33:03.008 2403 DEBUG oslo_concurrency.lockutils [-] Lock "event-dispatch" acquired by "neutron.plugins.ml2.ovo_rpc.dispatch_events" :: waited 0.000s inner /usr/lib/python2.7/site-packages/oslo_concurrency/lockutils.py:270
2018-06-26 03:33:03.716 2403 DEBUG neutron.api.rpc.handlers.resources_rpc [req-7a0d9447-8dd1-40ed-a1a3-7a7db38a8624 aa9ab289b900453cbe540da36aa76872 1a35e3b0e18c4eff8ec68ce1f34b28b0 - - -] neutron.api.rpc.handlers.resources_rpc.ResourcesPushRpcApi method push called with arguments (<neutron_lib.context.Context object at 0x7ff35f3485d0>, [Subnet(allocation_pools=<?>,cidr=<?>,created_at=<?>,description=<?>,dns_nameservers=<?>,enable_dhcp=<?>,gateway_ip=<?>,host_routes=<?>,id=cae95a49-ebba-403e-b469-11eac68d8fb6,ip_version=<?>,ipv6_address_mode=<?>,ipv6_ra_mode=<?>,name=<?>,network_id=<?>,project_id=<?>,revision_number=<?>,segment_id=<?>,service_types=<?>,shared=<?>,subnetpool_id=<?>,updated_at=<?>)], 'deleted') {} wrapper /usr/lib/python2.7/site-packages/oslo_log/helpers.py:66
2018-06-26 03:33:03.818 2403 DEBUG neutron_lib.callbacks.manager [req-7a0d9447-8dd1-40ed-a1a3-7a7db38a8624 aa9ab289b900453cbe540da36aa76872 1a35e3b0e18c4eff8ec68ce1f34b28b0 - default default] Notify callbacks ['neutron.services.segments.db._delete_segments_for_network-8792704635999', 'neutron.plugins.ml2.plugin.Ml2Plugin._network_delete_precommit_handler-1769169'] for network, precommit_delete _notify_loop /usr/lib/python2.7/site-packages/neutron_lib/callbacks/manager.py:167
2018-06-26 03:33:03.821 2403 DEBUG neutron_lib.callbacks.manager [req-7a0d9447-8dd1-40ed-a1a3-7a7db38a8624 aa9ab289b900453cbe540da36aa76872 1a35e3b0e18c4eff8ec68ce1f34b28b0 - default default] Subscribe: <bound method Plugin._prevent_segment_delete_with_subnet_associated of <neutron.services.segments.plugin.Plugin object at 0x7ff35f303d50>> segment before_delete subscribe /usr/lib/python2.7/site-packages/neutron_lib/callbacks/manager.py:41
2018-06-26 03:33:03.822 2403 DEBUG neutron_lib.callbacks.manager [req-7a0d9447-8dd1-40ed-a1a3-7a7db38a8624 aa9ab289b900453cbe540da36aa76872 1a35e3b0e18c4eff8ec68ce1f34b28b0 - default default] Subscribe: <bound method NovaSegmentNotifier._notify_host_addition_to_aggregate of <neutron.services.segments.plugin.NovaSegmentNotifier object at 0x7ff35f303d10>> segment_host_mapping after_create subscribe /usr/lib/python2.7/site-packages/neutron_lib/callbacks/manager.py:41
2018-06-26 03:33:03.823 2403 DEBUG neutron_lib.callbacks.manager [req-7a0d9447-8dd1-40ed-a1a3-7a7db38a8624 aa9ab289b900453cbe540da36aa76872 1a35e3b0e18c4eff8ec68ce1f34b28b0 - default default] Subscribe: <bound method NovaSegmentNotifier._notify_port_created_or_deleted of <neutron.services.segments.plugin.NovaSegmentNotifier object at 0x7ff35f303d10>> port after_create subscribe /usr/lib/python2.7/site-packages/neutron_lib/callbacks/manager.py:41
2018-06-26 03:33:03.824 2403 DEBUG neutron_lib.callbacks.manager [req-7a0d9447-8dd1-40ed-a1a3-7a7db38a8624 aa9ab289b900453cbe540da36aa76872 1a35e3b0e18c4eff8ec68ce1f34b28b0 - default default] Subscribe: <bound method NovaSegmentNotifier._notify_port_created_or_deleted of <neutron.services.segments.plugin.NovaSegmentNotifier object at 0x7ff35f303d10>> port after_delete subscribe /usr/lib/python2.7/site-packages/neutron_lib/callbacks/manager.py:41
2018-06-26 03:33:03.825 2403 DEBUG neutron_lib.callbacks.manager [req-7a0d9447-8dd1-40ed-a1a3-7a7db38a8624 aa9ab289b900453cbe540da36aa76872 1a35e3b0e18c4eff8ec68ce1f34b28b0 - default default] Subscribe: <bound method NovaSegmentNotifier._notify_port_updated of <neutron.services.segments.plugin.NovaSegmentNotifier object at 0x7ff35f303d10>> port after_update subscribe /usr/lib/python2.7/site-packages/neutron_lib/callbacks/manager.py:41
2018-06-26 03:33:03.826 2403 DEBUG neutron_lib.callbacks.manager [req-7a0d9447-8dd1-40ed-a1a3-7a7db38a8624 aa9ab289b900453cbe540da36aa76872 1a35e3b0e18c4eff8ec68ce1f34b28b0 - default default] Subscribe: <bound method NovaSegmentNotifier._notify_subnet_created of <neutron.services.segments.plugin.NovaSegmentNotifier object at 0x7ff35f303d10>> subnet after_create subscribe /usr/lib/python2.7/site-packages/neutron_lib/callbacks/manager.py:41
2018-06-26 03:33:03.827 2403 DEBUG neutron_lib.callbacks.manager [req-7a0d9447-8dd1-40ed-a1a3-7a7db38a8624 aa9ab289b900453cbe540da36aa76872 1a35e3b0e18c4eff8ec68ce1f34b28b0 - default default] Subscribe: <bound method NovaSegmentNotifier._notify_subnet_deleted of <neutron.services.segments.plugin.NovaSegmentNotifier object at 0x7ff35f303d10>> subnet after_delete subscribe /usr/lib/python2.7/site-packages/neutron_lib/callbacks/manager.py:41
2018-06-26 03:33:03.827 2403 DEBUG neutron_lib.callbacks.manager [req-7a0d9447-8dd1-40ed-a1a3-7a7db38a8624 aa9ab289b900453cbe540da36aa76872 1a35e3b0e18c4eff8ec68ce1f34b28b0 - default default] Subscribe: <bound method NovaSegmentNotifier._notify_subnet_updated of <neutron.services.segments.plugin.NovaSegmentNotifier object at 0x7ff35f303d10>> subnet after_update subscribe /usr/lib/python2.7/site-packages/neutron_lib/callbacks/manager.py:41
2018-06-26 03:33:03.988 2403 DEBUG neutron.services.segments.db [req-7a0d9447-8dd1-40ed-a1a3-7a7db38a8624 aa9ab289b900453cbe540da36aa76872 1a35e3b0e18c4eff8ec68ce1f34b28b0 - default default] neutron.services.segments.plugin.Plugin method get_segments called with arguments (<neutron_lib.context.Context object at 0x7ff35f303050>,) {'filters': {'network_id': [u'b7a90caf-9de5-4c37-a808-d1d419d30272']}} wrapper /usr/lib/python2.7/site-packages/oslo_log/helpers.py:66
2018-06-26 03:33:04.011 2403 DEBUG oslo_concurrency.lockutils [req-7a0d9447-8dd1-40ed-a1a3-7a7db38a8624 aa9ab289b900453cbe540da36aa76872 1a35e3b0e18c4eff8ec68ce1f34b28b0 - - -] Lock "event-dispatch" released by "neutron.plugins.ml2.ovo_rpc.dispatch_events" :: held 1.004s inner /usr/lib/python2.7/site-packages/oslo_concurrency/lockutils.py:282
2018-06-26 03:33:04.019 2403 DEBUG neutron.services.segments.db [req-7a0d9447-8dd1-40ed-a1a3-7a7db38a8624 aa9ab289b900453cbe540da36aa76872 1a35e3b0e18c4eff8ec68ce1f34b28b0 - default default] neutron.services.segments.plugin.Plugin method delete_segment called with arguments (<neutron_lib.context.Context object at 0x7ff35f303050>, '2e9b4f09-1534-448f-bdc4-5ca64d5bd32f') {'for_net_delete': True} wrapper /usr/lib/python2.7/site-packages/oslo_log/helpers.py:66
2018-06-26 03:33:04.020 2403 DEBUG neutron.services.segments.db [req-7a0d9447-8dd1-40ed-a1a3-7a7db38a8624 aa9ab289b900453cbe540da36aa76872 1a35e3b0e18c4eff8ec68ce1f34b28b0 - default default] neutron.services.segments.plugin.Plugin method get_segment called with arguments (<neutron_lib.context.Context object at 0x7ff35f303050>, '2e9b4f09-1534-448f-bdc4-5ca64d5bd32f') {} wrapper /usr/lib/python2.7/site-packages/oslo_log/helpers.py:66
2018-06-26 03:33:04.048 2403 DEBUG neutron_lib.callbacks.manager [req-7a0d9447-8dd1-40ed-a1a3-7a7db38a8624 aa9ab289b900453cbe540da36aa76872 1a35e3b0e18c4eff8ec68ce1f34b28b0 - default default] Notify callbacks ['neutron.plugins.ml2.db._prevent_segment_delete_with_port_bound--9223363244149905698', 'neutron.services.segments.plugin.Plugin._prevent_segment_delete_with_subnet_associated-66738205'] for segment, before_delete _notify_loop /usr/lib/python2.7/site-packages/neutron_lib/callbacks/manager.py:167
2018-06-26 03:33:04.119 2403 DEBUG neutron_lib.callbacks.manager [req-7a0d9447-8dd1-40ed-a1a3-7a7db38a8624 aa9ab289b900453cbe540da36aa76872 1a35e3b0e18c4eff8ec68ce1f34b28b0 - default default] Notify callbacks ['neutron.plugins.ml2.plugin.Ml2Plugin._handle_segment_change--9223372036853009962'] for segment, precommit_delete _notify_loop /usr/lib/python2.7/site-packages/neutron_lib/callbacks/manager.py:167
2018-06-26 03:33:04.124 2403 DEBUG neutron.plugins.ml2.drivers.type_tunnel [req-7a0d9447-8dd1-40ed-a1a3-7a7db38a8624 aa9ab289b900453cbe540da36aa76872 1a35e3b0e18c4eff8ec68ce1f34b28b0 - default default] Releasing vxlan tunnel 49 to pool release_segment /usr/lib/python2.7/site-packages/neutron/plugins/ml2/drivers/type_tunnel.py:322
2018-06-26 03:33:04.462 2403 DEBUG neutron.plugins.ml2.managers [req-7a0d9447-8dd1-40ed-a1a3-7a7db38a8624 aa9ab289b900453cbe540da36aa76872 1a35e3b0e18c4eff8ec68ce1f34b28b0 - default default] Network b7a90caf-9de5-4c37-a808-d1d419d30272 has no segments _extend_network_dict_provider /usr/lib/python2.7/site-packages/neutron/plugins/ml2/managers.py:165
2018-06-26 03:33:04.478 2403 DEBUG neutron_lib.callbacks.manager [req-7a0d9447-8dd1-40ed-a1a3-7a7db38a8624 aa9ab289b900453cbe540da36aa76872 1a35e3b0e18c4eff8ec68ce1f34b28b0 - default default] Notify callbacks ['neutron.plugins.ml2.plugin.Ml2Plugin._handle_segment_change--9223372036853009962'] for segment, after_delete _notify_loop /usr/lib/python2.7/site-packages/neutron_lib/callbacks/manager.py:167
2018-06-26 03:33:04.809 2403 DEBUG neutron.plugins.ml2.managers [req-7a0d9447-8dd1-40ed-a1a3-7a7db38a8624 aa9ab289b900453cbe540da36aa76872 1a35e3b0e18c4eff8ec68ce1f34b28b0 - default default] Network b7a90caf-9de5-4c37-a808-d1d419d30272 has no segments _extend_network_dict_provider /usr/lib/python2.7/site-packages/neutron/plugins/ml2/managers.py:165
2018-06-26 03:33:05.012 2403 DEBUG neutron.plugins.ml2.managers [req-7a0d9447-8dd1-40ed-a1a3-7a7db38a8624 aa9ab289b900453cbe540da36aa76872 1a35e3b0e18c4eff8ec68ce1f34b28b0 - default default] Network b7a90caf-9de5-4c37-a808-d1d419d30272 has no segments _extend_network_dict_provider /usr/lib/python2.7/site-packages/neutron/plugins/ml2/managers.py:165
2018-06-26 03:33:05.219 2412 DEBUG neutron.db.api [req-7bfb1dc8-f77f-43dd-82ce-0c065734e834 - - - - -] Retry wrapper got retriable exception: (pymysql.err.InternalError) (1213, u'Deadlock found when trying to get lock; try restarting transaction') [SQL: u'INSERT INTO ports (project_id, id, name, network_id, mac_address, admin_state_up, status, device_id, device_owner, ip_allocation, standard_attr_id) VALUES (%(project_id)s, %(id)s, %(name)s, %(network_id)s, %(mac_address)s, %(admin_state_up)s, %(status)s, %(device_id)s, %(device_owner)s, %(ip_allocation)s, %(standard_attr_id)s)'] [parameters: {'status': 'DOWN', 'name': u'', 'admin_state_up': 1, 'network_id': u'b7a90caf-9de5-4c37-a808-d1d419d30272', 'id': 'fbe0a59d-ac52-4951-8c6c-b53a512ab8de', 'device_owner': 'network:dhcp', 'mac_address': 'fa:16:3e:75:89:57', 'standard_attr_id': 203, 'project_id': u'7fe534e304ac44ee93846309c53d13a0', 'ip_allocation': None, 'device_id': u'dhcpcd8f5f9f-e3e8-569f-87ef-f03c6cfc29bc-b7a90caf-9de5-4c37-a808-d1d419d30272'}] wrapped /usr/lib/python2.7/site-packages/neutron/db/api.py:128
2018-06-26 03:33:05.220 2412 DEBUG oslo_db.api [req-7bfb1dc8-f77f-43dd-82ce-0c065734e834 - - - - -] Performing DB retry for function neutron.plugins.ml2.plugin.create_port wrapper /usr/lib/python2.7/site-packages/oslo_db/api.py:152
2018-06-26 03:33:05.272 2403 DEBUG neutron_lib.callbacks.manager [req-7a0d9447-8dd1-40ed-a1a3-7a7db38a8624 aa9ab289b900453cbe540da36aa76872 1a35e3b0e18c4eff8ec68ce1f34b28b0 - default default] Notify callbacks ['neutron.plugins.ml2.ovo_rpc._ObjectChangeHandler.handle_event-569964', 'neutron.api.rpc.agentnotifiers.dhcp_rpc_agent_api.DhcpAgentNotifyAPI._native_event_send_dhcp_notification--9223372036854090487', 'neutron.plugins.ml2.plugin.Ml2Plugin._network_delete_after_delete_handler--9223372036853006634'] for network, after_delete _notify_loop /usr/lib/python2.7/site-packages/neutron_lib/callbacks/manager.py:167
2018-06-26 03:33:05.285 2403 DEBUG oslo_concurrency.lockutils [-] Lock "event-dispatch" acquired by "neutron.plugins.ml2.ovo_rpc.dispatch_events" :: waited 0.000s inner /usr/lib/python2.7/site-packages/oslo_concurrency/lockutils.py:270
2018-06-26 03:33:05.322 2412 DEBUG neutron_lib.callbacks.manager [req-7bfb1dc8-f77f-43dd-82ce-0c065734e834 - - - - -] Notify callbacks ['neutron.plugins.ml2.plugin.Ml2Plugin._ensure_default_security_group_handler--9223372036852821878'] for port, before_create _notify_loop /usr/lib/python2.7/site-packages/neutron_lib/callbacks/manager.py:167
2018-06-26 03:33:05.328 2403 DEBUG neutron.api.rpc.handlers.resources_rpc [req-7a0d9447-8dd1-40ed-a1a3-7a7db38a8624 aa9ab289b900453cbe540da36aa76872 1a35e3b0e18c4eff8ec68ce1f34b28b0 - - -] neutron.api.rpc.handlers.resources_rpc.ResourcesPushRpcApi method push called with arguments (<neutron_lib.context.Context object at 0x7ff35f757a90>, [Network(admin_state_up=<?>,availability_zone_hints=<?>,created_at=<?>,description=<?>,dns_domain=<?>,id=b7a90caf-9de5-4c37-a808-d1d419d30272,mtu=<?>,name=<?>,project_id=<?>,qos_policy_id=None,revision_number=<?>,security=<?>,segments=<?>,shared=False,status=<?>,updated_at=<?>,vlan_transparent=<?>)], 'deleted') {} wrapper /usr/lib/python2.7/site-packages/oslo_log/helpers.py:66
2018-06-26 03:33:05.358 2403 DEBUG neutron_lib.callbacks.manager [req-7a0d9447-8dd1-40ed-a1a3-7a7db38a8624 aa9ab289b900453cbe540da36aa76872 1a35e3b0e18c4eff8ec68ce1f34b28b0 - default default] Notify callbacks ['neutron.api.rpc.agentnotifiers.dhcp_rpc_agent_api.DhcpAgentNotifyAPI._send_dhcp_notification--9223372036854090466'] for network, before_response _notify_loop /usr/lib/python2.7/site-packages/neutron_lib/callbacks/manager.py:167
2018-06-26 03:33:05.362 2403 DEBUG oslo_concurrency.lockutils [req-7a0d9447-8dd1-40ed-a1a3-7a7db38a8624 aa9ab289b900453cbe540da36aa76872 1a35e3b0e18c4eff8ec68ce1f34b28b0 - - -] Lock "event-dispatch" released by "neutron.plugins.ml2.ovo_rpc.dispatch_events" :: held 0.077s inner /usr/lib/python2.7/site-packages/oslo_concurrency/lockutils.py:282
2018-06-26 03:33:05.385 2403 DEBUG neutron.quota.resource [req-7a0d9447-8dd1-40ed-a1a3-7a7db38a8624 aa9ab289b900453cbe540da36aa76872 1a35e3b0e18c4eff8ec68ce1f34b28b0 - default default] Persisted dirty status for tenant:7fe534e304ac44ee93846309c53d13a0 on resource:subnet mark_dirty /usr/lib/python2.7/site-packages/neutron/quota/resource.py:207
2018-06-26 03:33:05.403 2403 DEBUG neutron.quota.resource [req-7a0d9447-8dd1-40ed-a1a3-7a7db38a8624 aa9ab289b900453cbe540da36aa76872 1a35e3b0e18c4eff8ec68ce1f34b28b0 - default default] Persisted dirty status for tenant:7fe534e304ac44ee93846309c53d13a0 on resource:network mark_dirty /usr/lib/python2.7/site-packages/neutron/quota/resource.py:207
2018-06-26 03:33:05.420 2403 INFO neutron.wsgi [req-7a0d9447-8dd1-40ed-a1a3-7a7db38a8624 aa9ab289b900453cbe540da36aa76872 1a35e3b0e18c4eff8ec68ce1f34b28b0 - default default] 10.0.20.24 "DELETE /v2.0/networks/b7a90caf-9de5-4c37-a808-d1d419d30272 HTTP/1.1" status: 204  len: 173 time: 3.9476449
2018-06-26 03:33:05.548 2413 DEBUG neutron.api.rpc.handlers.dhcp_rpc [req-cc19b2d8-cbe3-4415-a1cb-da4e7c88cb62 - - - - -] Network b7a90caf-9de5-4c37-a808-d1d419d30272 requested from localhost.localdomain get_network_info /usr/lib/python2.7/site-packages/neutron/api/rpc/handlers/dhcp_rpc.py:197
2018-06-26 03:33:05.591 2413 DEBUG neutron.api.rpc.handlers.dhcp_rpc [req-cc19b2d8-cbe3-4415-a1cb-da4e7c88cb62 - - - - -] Network b7a90caf-9de5-4c37-a808-d1d419d30272 could not be found, it might have been deleted concurrently. get_network_info /usr/lib/python2.7/site-packages/neutron/api/rpc/handlers/dhcp_rpc.py:203
2018-06-26 03:33:05.633 2415 DEBUG neutron.api.rpc.handlers.dhcp_rpc [req-11ef2463-a634-4c04-a2c6-a936cc7f4e5f - - - - -] DHCP port deletion for b7a90caf-9de5-4c37-a808-d1d419d30272 request from localhost.localdomain release_dhcp_port /usr/lib/python2.7/site-packages/neutron/api/rpc/handlers/dhcp_rpc.py:244
2018-06-26 03:33:06.435 2417 DEBUG neutron_lib.callbacks.manager [req-a247d70b-03f0-4aa8-9097-aab201f5114c - - - - -] Notify callbacks ['neutron.services.segments.db._update_segment_host_mapping_for_agent-8792704635984'] for agent, after_update _notify_loop /usr/lib/python2.7/site-packages/neutron_lib/callbacks/manager.py:167
2018-06-26 03:33:10.545 2414 DEBUG neutron_lib.callbacks.manager [req-e95d7ac4-1822-4022-96a1-c7d60ea7318f - - - - -] Notify callbacks ['neutron.services.segments.db._update_segment_host_mapping_for_agent-8792704635984'] for agent, after_update _notify_loop /usr/lib/python2.7/site-packages/neutron_lib/callbacks/manager.py:167
2018-06-26 03:33:12.201 2408 DEBUG neutron.wsgi [-] (2408) accepted ('10.0.20.24', 44742) server /usr/lib/python2.7/site-packages/eventlet/wsgi.py:883
2018-06-26 03:33:12.205 2408 INFO neutron.wsgi [-] 10.0.20.24 "GET / HTTP/1.1" status: 200  len: 252 time: 0.0024879
2018-06-26 03:33:12.641 2408 INFO neutron.api.v2.resource [req-02f1c230-688f-43be-b1ad-bfbcbf93d289 aa9ab289b900453cbe540da36aa76872 1a35e3b0e18c4eff8ec68ce1f34b28b0 - default default] show failed (client error): The resource could not be found.
2018-06-26 03:33:12.642 2408 INFO neutron.wsgi [req-02f1c230-688f-43be-b1ad-bfbcbf93d289 aa9ab289b900453cbe540da36aa76872 1a35e3b0e18c4eff8ec68ce1f34b28b0 - default default] 10.0.20.24 "GET /v2.0/security-groups/tempest-SECURITY_GROUP_SAMPLE-1529976062 HTTP/1.1" status: 404  len: 360 time: 0.4330730
2018-06-26 03:33:12.839 2408 INFO neutron.wsgi [req-3726fbe2-872f-4f1d-a091-53db2d4fdf9b aa9ab289b900453cbe540da36aa76872 1a35e3b0e18c4eff8ec68ce1f34b28b0 - default default] 10.0.20.24 "GET /v2.0/security-groups HTTP/1.1" status: 200  len: 33285 time: 0.1913619
2018-06-26 03:33:12.986 2408 DEBUG neutron_lib.callbacks.manager [req-8a2c9e3d-2d82-42c7-8b37-738a46005fed aa9ab289b900453cbe540da36aa76872 1a35e3b0e18c4eff8ec68ce1f34b28b0 - default default] Notify callbacks [] for security_group, before_delete _notify_loop /usr/lib/python2.7/site-packages/neutron_lib/callbacks/manager.py:167
