2018-09-12 08:29:06.062 21646 INFO neutron.wsgi [req-303f49ed-ff32-4f31-a0f6-4fb2bda477f4 23e04251e35a4af8836d799cdbc6c009 4eeeddb45ad446a68ed4de7bd550932a - default default] 10.0.20.20 "GET /v2.0/ports?tenant_id=55e376ed5d0849ec8cbd0c7836dfe314&device_id=56644d64-36b6-464b-a5bb-aecefd4421aa HTTP/1.1" status: 200  len: 1123 time: 0.4912810
2018-09-12 08:29:06.328 21646 DEBUG neutron.pecan_wsgi.hooks.policy_enforcement [req-adfff620-7911-4b6e-9bd1-5fb9105ab7cc 23e04251e35a4af8836d799cdbc6c009 4eeeddb45ad446a68ed4de7bd550932a - default default] Attributes excluded by policy engine: [u'vlan_transparent'] _exclude_attributes_by_policy /usr/lib/python2.7/site-packages/neutron/pecan_wsgi/hooks/policy_enforcement.py:256
2018-09-12 08:29:06.331 21646 INFO neutron.wsgi [req-adfff620-7911-4b6e-9bd1-5fb9105ab7cc 23e04251e35a4af8836d799cdbc6c009 4eeeddb45ad446a68ed4de7bd550932a - default default] 10.0.20.20 "GET /v2.0/networks?id=75579344-c9cd-4e22-a13c-d271b6ae7072 HTTP/1.1" status: 200  len: 885 time: 0.2596610
2018-09-12 08:29:06.399 21646 INFO neutron.wsgi [req-ed264c97-d493-456c-a3be-4a90bf01f7aa 23e04251e35a4af8836d799cdbc6c009 4eeeddb45ad446a68ed4de7bd550932a - default default] 10.0.20.20 "GET /v2.0/floatingips?fixed_ip_address=11.39.1.5&port_id=890b5f78-ea75-4147-a584-a873c09311d4 HTTP/1.1" status: 200  len: 749 time: 0.0591340
2018-09-12 08:29:06.568 21646 DEBUG neutron.pecan_wsgi.hooks.policy_enforcement [req-81aabcae-d531-4949-9c88-94830b903e3b 23e04251e35a4af8836d799cdbc6c009 4eeeddb45ad446a68ed4de7bd550932a - default default] Attributes excluded by policy engine: [u'shared'] _exclude_attributes_by_policy /usr/lib/python2.7/site-packages/neutron/pecan_wsgi/hooks/policy_enforcement.py:256
2018-09-12 08:29:06.574 21646 INFO neutron.wsgi [req-81aabcae-d531-4949-9c88-94830b903e3b 23e04251e35a4af8836d799cdbc6c009 4eeeddb45ad446a68ed4de7bd550932a - default default] 10.0.20.20 "GET /v2.0/subnets?id=01f40155-9e3e-48cc-8a48-68619e607a80 HTTP/1.1" status: 200  len: 843 time: 0.1671250
2018-09-12 08:29:06.749 21646 INFO neutron.wsgi [req-2eea5952-441c-4dcb-b674-5880530c99c9 23e04251e35a4af8836d799cdbc6c009 4eeeddb45ad446a68ed4de7bd550932a - default default] 10.0.20.20 "GET /v2.0/ports?network_id=75579344-c9cd-4e22-a13c-d271b6ae7072&device_owner=network%3Adhcp HTTP/1.1" status: 200  len: 1127 time: 0.1666660
2018-09-12 08:29:19.813 21660 DEBUG neutron_lib.callbacks.manager [req-5d8cb58b-a772-4041-a399-8dcf422a13a0 - - - - -] Notify callbacks ['neutron.services.segments.db._update_segment_host_mapping_for_agent--9223363308085683535'] for agent, after_update _notify_loop /usr/lib/python2.7/site-packages/neutron_lib/callbacks/manager.py:167
2018-09-12 08:29:19.820 21656 DEBUG neutron_lib.callbacks.manager [req-d06643f5-b7da-49f9-8d53-4f779b4897bc - - - - -] Notify callbacks ['neutron.services.segments.db._update_segment_host_mapping_for_agent--9223363308085683535'] for agent, after_update _notify_loop /usr/lib/python2.7/site-packages/neutron_lib/callbacks/manager.py:167
2018-09-12 08:29:20.515 21655 DEBUG neutron_lib.callbacks.manager [req-e99fb9bf-6523-41e7-afa8-787b7ea76945 - - - - -] Notify callbacks ['neutron.services.segments.db._update_segment_host_mapping_for_agent--9223363308085683535'] for agent, after_update _notify_loop /usr/lib/python2.7/site-packages/neutron_lib/callbacks/manager.py:167
2018-09-12 08:29:22.965 21650 INFO neutron.wsgi [req-0b0dd3b4-c002-4c25-b386-2cbddaabc18d 23e04251e35a4af8836d799cdbc6c009 4eeeddb45ad446a68ed4de7bd550932a - default default] 10.0.20.20 "GET /v2.0/ports?device_id=56644d64-36b6-464b-a5bb-aecefd4421aa HTTP/1.1" status: 200  len: 1123 time: 0.1557209
2018-09-12 08:29:23.129 21658 DEBUG neutron_lib.callbacks.manager [req-d5d6cbaa-40c8-4e73-b87c-04b84608dd36 - - - - -] Notify callbacks ['neutron.services.segments.db._update_segment_host_mapping_for_agent--9223363308085683535'] for agent, after_update _notify_loop /usr/lib/python2.7/site-packages/neutron_lib/callbacks/manager.py:167
2018-09-12 08:29:23.470 21650 INFO neutron.wsgi [req-36d13ee7-3df4-4762-a910-6614cab68e2a 23e04251e35a4af8836d799cdbc6c009 4eeeddb45ad446a68ed4de7bd550932a - default default] 10.0.20.20 "GET /v2.0/security-groups?id=368d1530-6596-408e-a050-0d1348aeecaa HTTP/1.1" status: 200  len: 2118 time: 0.4976499
2018-09-12 08:29:24.555 21652 DEBUG neutron_lib.callbacks.manager [req-e82ad3da-c115-41b0-986b-3e59ad12d85b - - - - -] Notify callbacks ['neutron.services.segments.db._update_segment_host_mapping_for_agent--9223363308085683535'] for agent, after_update _notify_loop /usr/lib/python2.7/site-packages/neutron_lib/callbacks/manager.py:167
2018-09-12 08:29:24.693 21650 INFO neutron.wsgi [req-bbff85b3-e358-4844-b8e7-650f1d9b415c 23e04251e35a4af8836d799cdbc6c009 4eeeddb45ad446a68ed4de7bd550932a - default default] 10.0.20.20 "GET /v2.0/ports?device_id=56644d64-36b6-464b-a5bb-aecefd4421aa HTTP/1.1" status: 200  len: 1123 time: 0.1554859
2018-09-12 08:29:24.818 21650 INFO neutron.wsgi [req-a14c0c0d-3d7d-45eb-b321-a57e4424b499 23e04251e35a4af8836d799cdbc6c009 4eeeddb45ad446a68ed4de7bd550932a - default default] 10.0.20.20 "GET /v2.0/security-groups?id=368d1530-6596-408e-a050-0d1348aeecaa HTTP/1.1" status: 200  len: 2118 time: 0.1180310
2018-09-12 08:29:25.344 21649 INFO neutron.wsgi [req-b273c861-b0af-46b3-8035-f871b5c18cb1 23e04251e35a4af8836d799cdbc6c009 4eeeddb45ad446a68ed4de7bd550932a - default default] 10.0.20.20 "GET /v2.0/ports?device_id=56644d64-36b6-464b-a5bb-aecefd4421aa HTTP/1.1" status: 200  len: 1123 time: 0.1314199
2018-09-12 08:29:25.467 21649 INFO neutron.wsgi [req-61e5d125-4bff-4ed3-a8f0-aa99313c52aa 23e04251e35a4af8836d799cdbc6c009 4eeeddb45ad446a68ed4de7bd550932a - default default] 10.0.20.20 "GET /v2.0/security-groups?id=368d1530-6596-408e-a050-0d1348aeecaa HTTP/1.1" status: 200  len: 2118 time: 0.1172340
2018-09-12 08:29:26.261 21650 INFO neutron.wsgi [req-0f3fcbd0-321b-425c-a1a4-654404c2ed0a 23e04251e35a4af8836d799cdbc6c009 4eeeddb45ad446a68ed4de7bd550932a - default default] 10.0.20.20 "GET /v2.0/ports?device_id=56644d64-36b6-464b-a5bb-aecefd4421aa HTTP/1.1" status: 200  len: 1123 time: 0.1563139
2018-09-12 08:29:26.379 21650 INFO neutron.wsgi [req-cc240135-34f0-43ea-82b0-6a20897d30ab 23e04251e35a4af8836d799cdbc6c009 4eeeddb45ad446a68ed4de7bd550932a - default default] 10.0.20.20 "GET /v2.0/security-groups?id=368d1530-6596-408e-a050-0d1348aeecaa HTTP/1.1" status: 200  len: 2118 time: 0.1080291
2018-09-12 08:29:30.635 21661 DEBUG neutron.db.agents_db [req-9762f7b9-2df1-4859-8227-8a79704a6a6a - - - - -] Agent healthcheck: found 5 active agents agent_health_check /usr/lib/python2.7/site-packages/neutron/db/agents_db.py:281
2018-09-12 08:29:31.114 21649 INFO neutron.wsgi [req-ed8eb142-fd69-47ff-8a6e-86d873b26d65 23e04251e35a4af8836d799cdbc6c009 4eeeddb45ad446a68ed4de7bd550932a - default default] 10.0.20.20 "GET /v2.0/ports?device_id=56644d64-36b6-464b-a5bb-aecefd4421aa HTTP/1.1" status: 200  len: 1123 time: 0.2053130
2018-09-12 08:29:31.277 21649 INFO neutron.wsgi [req-4f132de0-56cf-4c38-96f5-113cefc9a286 23e04251e35a4af8836d799cdbc6c009 4eeeddb45ad446a68ed4de7bd550932a - default default] 10.0.20.20 "GET /v2.0/security-groups?id=368d1530-6596-408e-a050-0d1348aeecaa HTTP/1.1" status: 200  len: 2118 time: 0.1534159
2018-09-12 08:29:35.346 21648 DEBUG neutron.wsgi [-] (21648) accepted ('10.0.20.20', 40156) server /usr/lib/python2.7/site-packages/eventlet/wsgi.py:883
2018-09-12 08:29:36.123 21648 INFO neutron.wsgi [req-ae369885-6889-4e76-b357-9837abe0c853 23e04251e35a4af8836d799cdbc6c009 4eeeddb45ad446a68ed4de7bd550932a - default default] 10.0.20.20 "GET /v2.0/ports?device_id=56644d64-36b6-464b-a5bb-aecefd4421aa HTTP/1.1" status: 200  len: 1123 time: 0.7718871
2018-09-12 08:29:36.636 21648 INFO neutron.wsgi [req-d5e5cf12-79e3-4fd3-ba03-96d63538e050 23e04251e35a4af8836d799cdbc6c009 4eeeddb45ad446a68ed4de7bd550932a - default default] 10.0.20.20 "GET /v2.0/security-groups?id=368d1530-6596-408e-a050-0d1348aeecaa HTTP/1.1" status: 200  len: 2118 time: 0.5009768
2018-09-12 08:29:49.809 21653 DEBUG neutron_lib.callbacks.manager [req-5d8cb58b-a772-4041-a399-8dcf422a13a0 - - - - -] Notify callbacks ['neutron.services.segments.db._update_segment_host_mapping_for_agent--9223363308085683535'] for agent, after_update _notify_loop /usr/lib/python2.7/site-packages/neutron_lib/callbacks/manager.py:167
2018-09-12 08:29:49.835 21654 DEBUG neutron_lib.callbacks.manager [req-d06643f5-b7da-49f9-8d53-4f779b4897bc - - - - -] Notify callbacks ['neutron.services.segments.db._update_segment_host_mapping_for_agent--9223363308085683535'] for agent, after_update _notify_loop /usr/lib/python2.7/site-packages/neutron_lib/callbacks/manager.py:167
2018-09-12 08:29:50.503 21657 DEBUG neutron_lib.callbacks.manager [req-f0989b8a-1082-477b-b5a1-93a27568e22d - - - - -] Notify callbacks ['neutron.services.segments.db._update_segment_host_mapping_for_agent--9223363308085683535'] for agent, after_update _notify_loop /usr/lib/python2.7/site-packages/neutron_lib/callbacks/manager.py:167
2018-09-12 08:29:53.131 21659 DEBUG neutron_lib.callbacks.manager [req-d5d6cbaa-40c8-4e73-b87c-04b84608dd36 - - - - -] Notify callbacks ['neutron.services.segments.db._update_segment_host_mapping_for_agent--9223363308085683535'] for agent, after_update _notify_loop /usr/lib/python2.7/site-packages/neutron_lib/callbacks/manager.py:167
2018-09-12 08:29:54.560 21660 DEBUG neutron_lib.callbacks.manager [req-ff183415-5fe3-488d-a690-e251253a9de8 - - - - -] Notify callbacks ['neutron.services.segments.db._update_segment_host_mapping_for_agent--9223363308085683535'] for agent, after_update _notify_loop /usr/lib/python2.7/site-packages/neutron_lib/callbacks/manager.py:167
2018-09-12 08:30:05.787 21651 DEBUG neutron.wsgi [-] (21651) accepted ('10.0.20.20', 41194) server /usr/lib/python2.7/site-packages/eventlet/wsgi.py:883
2018-09-12 08:30:05.793 21651 INFO neutron.wsgi [-] 10.0.20.20 "GET / HTTP/1.1" status: 200  len: 252 time: 0.0041590
2018-09-12 08:30:06.429 21651 INFO neutron.api.v2.resource [req-035dd070-fe38-49ae-98a9-24f6b9bff18e 43f165b5b6674ce5a2cc0a373ff06d33 55e376ed5d0849ec8cbd0c7836dfe314 - 54ce2e40800c48d5950f1f7232b9fb41 54ce2e40800c48d5950f1f7232b9fb41] show failed (client error): The resource could not be found.
2018-09-12 08:30:06.431 21651 INFO neutron.wsgi [req-035dd070-fe38-49ae-98a9-24f6b9bff18e 43f165b5b6674ce5a2cc0a373ff06d33 55e376ed5d0849ec8cbd0c7836dfe314 - 54ce2e40800c48d5950f1f7232b9fb41 54ce2e40800c48d5950f1f7232b9fb41] 10.0.20.20 "GET /v2.0/floatingips/172.24.4.2 HTTP/1.1" status: 404  len: 324 time: 0.6308010
2018-09-12 08:30:06.490 21651 INFO neutron.wsgi [req-0dbcd65d-b760-45ec-ba13-fc653b2ef389 43f165b5b6674ce5a2cc0a373ff06d33 55e376ed5d0849ec8cbd0c7836dfe314 - 54ce2e40800c48d5950f1f7232b9fb41 54ce2e40800c48d5950f1f7232b9fb41] 10.0.20.20 "GET /v2.0/floatingips HTTP/1.1" status: 200  len: 2119 time: 0.0525799
2018-09-12 08:30:06.594 21651 DEBUG neutron.plugins.ml2.plugin [req-1535051f-0589-4e1b-b33a-66af80e2c897 43f165b5b6674ce5a2cc0a373ff06d33 55e376ed5d0849ec8cbd0c7836dfe314 - 54ce2e40800c48d5950f1f7232b9fb41 54ce2e40800c48d5950f1f7232b9fb41] Deleting port 4d3f5f6e-4f69-46db-877c-f2377ffb79d3 _pre_delete_port /usr/lib/python2.7/site-packages/neutron/plugins/ml2/plugin.py:1488
2018-09-12 08:30:06.596 21651 DEBUG neutron_lib.callbacks.manager [req-1535051f-0589-4e1b-b33a-66af80e2c897 43f165b5b6674ce5a2cc0a373ff06d33 55e376ed5d0849ec8cbd0c7836dfe314 - 54ce2e40800c48d5950f1f7232b9fb41 54ce2e40800c48d5950f1f7232b9fb41] Notify callbacks ['neutron.db.l3_db._prevent_l3_port_delete_callback--9223363308085644412'] for port, before_delete _notify_loop /usr/lib/python2.7/site-packages/neutron_lib/callbacks/manager.py:167
2018-09-12 08:30:07.245 21651 DEBUG neutron.plugins.ml2.plugin [req-1535051f-0589-4e1b-b33a-66af80e2c897 43f165b5b6674ce5a2cc0a373ff06d33 55e376ed5d0849ec8cbd0c7836dfe314 - 54ce2e40800c48d5950f1f7232b9fb41 54ce2e40800c48d5950f1f7232b9fb41] Calling delete_port for 4d3f5f6e-4f69-46db-877c-f2377ffb79d3 owned by network:floatingip delete_port /usr/lib/python2.7/site-packages/neutron/plugins/ml2/plugin.py:1547
2018-09-12 08:30:07.558 21651 DEBUG neutron_lib.callbacks.manager [req-1535051f-0589-4e1b-b33a-66af80e2c897 43f165b5b6674ce5a2cc0a373ff06d33 55e376ed5d0849ec8cbd0c7836dfe314 - 54ce2e40800c48d5950f1f7232b9fb41 54ce2e40800c48d5950f1f7232b9fb41] Notify callbacks ['neutron.plugins.ml2.plugin.Ml2Plugin.notify_sg_on_port_change-505502', 'neutron.plugins.ml2.ovo_rpc._ObjectChangeHandler.handle_event--9223372036853997484', 'neutron.db.l3_dvrscheduler_db._notify_port_delete-8728768450549', 'neutron.api.rpc.agentnotifiers.dhcp_rpc_agent_api.DhcpAgentNotifyAPI._native_event_send_dhcp_notification-1326548', 'neutron.db.l3_db._notify_routers_callback-8728769138015'] for port, after_delete _notify_loop /usr/lib/python2.7/site-packages/neutron_lib/callbacks/manager.py:167
2018-09-12 08:30:07.618 21651 DEBUG oslo_concurrency.lockutils [-] Lock "event-dispatch" acquired by "neutron.plugins.ml2.ovo_rpc.dispatch_events" :: waited 0.000s inner /usr/lib/python2.7/site-packages/oslo_concurrency/lockutils.py:270
2018-09-12 08:30:07.633 21661 DEBUG neutron.db.agents_db [req-9762f7b9-2df1-4859-8227-8a79704a6a6a - - - - -] Agent healthcheck: found 5 active agents agent_health_check /usr/lib/python2.7/site-packages/neutron/db/agents_db.py:281
2018-09-12 08:30:07.773 21651 DEBUG neutron.api.rpc.handlers.resources_rpc [req-1535051f-0589-4e1b-b33a-66af80e2c897 43f165b5b6674ce5a2cc0a373ff06d33 55e376ed5d0849ec8cbd0c7836dfe314 - - -] neutron.api.rpc.handlers.resources_rpc.ResourcesPushRpcApi method push called with arguments (<neutron_lib.context.Context object at 0x7f05318fe450>, [Port(admin_state_up=<?>,allowed_address_pairs=<?>,binding=<?>,binding_levels=<?>,created_at=<?>,data_plane_status=<?>,description=<?>,device_id=<?>,device_owner=<?>,dhcp_options=<?>,distributed_binding=<?>,dns=<?>,fixed_ips=<?>,id=4d3f5f6e-4f69-46db-877c-f2377ffb79d3,mac_address=<?>,name=<?>,network_id=<?>,project_id=<?>,qos_policy_id=None,revision_number=<?>,security=<?>,security_group_ids=None,status=<?>,updated_at=<?>)], 'deleted') {} wrapper /usr/lib/python2.7/site-packages/oslo_log/helpers.py:66
2018-09-12 08:30:07.867 21651 DEBUG neutron.api.rpc.callbacks.version_manager [req-1535051f-0589-4e1b-b33a-66af80e2c897 43f165b5b6674ce5a2cc0a373ff06d33 55e376ed5d0849ec8cbd0c7836dfe314 - - -] Version for resource type Subnet changed None to 1.0 on consumer Open vSwitch agent@localhost.localdomain _set_version /usr/lib/python2.7/site-packages/neutron/api/rpc/callbacks/version_manager.py:119
2018-09-12 08:30:07.868 21651 DEBUG neutron.api.rpc.callbacks.version_manager [req-1535051f-0589-4e1b-b33a-66af80e2c897 43f165b5b6674ce5a2cc0a373ff06d33 55e376ed5d0849ec8cbd0c7836dfe314 - - -] Version for resource type Network changed None to 1.0 on consumer Open vSwitch agent@localhost.localdomain _set_version /usr/lib/python2.7/site-packages/neutron/api/rpc/callbacks/version_manager.py:119
2018-09-12 08:30:07.869 21651 DEBUG neutron.api.rpc.callbacks.version_manager [req-1535051f-0589-4e1b-b33a-66af80e2c897 43f165b5b6674ce5a2cc0a373ff06d33 55e376ed5d0849ec8cbd0c7836dfe314 - - -] Version for resource type SubPort changed None to 1.0 on consumer Open vSwitch agent@localhost.localdomain _set_version /usr/lib/python2.7/site-packages/neutron/api/rpc/callbacks/version_manager.py:119
2018-09-12 08:30:07.870 21651 DEBUG neutron.api.rpc.callbacks.version_manager [req-1535051f-0589-4e1b-b33a-66af80e2c897 43f165b5b6674ce5a2cc0a373ff06d33 55e376ed5d0849ec8cbd0c7836dfe314 - - -] Version for resource type SecurityGroup changed None to 1.0 on consumer Open vSwitch agent@localhost.localdomain _set_version /usr/lib/python2.7/site-packages/neutron/api/rpc/callbacks/version_manager.py:119
2018-09-12 08:30:07.871 21651 DEBUG neutron.api.rpc.callbacks.version_manager [req-1535051f-0589-4e1b-b33a-66af80e2c897 43f165b5b6674ce5a2cc0a373ff06d33 55e376ed5d0849ec8cbd0c7836dfe314 - - -] Version for resource type SecurityGroupRule changed None to 1.0 on consumer Open vSwitch agent@localhost.localdomain _set_version /usr/lib/python2.7/site-packages/neutron/api/rpc/callbacks/version_manager.py:119
2018-09-12 08:30:07.872 21651 DEBUG neutron.api.rpc.callbacks.version_manager [req-1535051f-0589-4e1b-b33a-66af80e2c897 43f165b5b6674ce5a2cc0a373ff06d33 55e376ed5d0849ec8cbd0c7836dfe314 - - -] Version for resource type Trunk changed None to 1.1 on consumer Open vSwitch agent@localhost.localdomain _set_version /usr/lib/python2.7/site-packages/neutron/api/rpc/callbacks/version_manager.py:119
2018-09-12 08:30:07.873 21651 DEBUG neutron.api.rpc.callbacks.version_manager [req-1535051f-0589-4e1b-b33a-66af80e2c897 43f165b5b6674ce5a2cc0a373ff06d33 55e376ed5d0849ec8cbd0c7836dfe314 - - -] Version for resource type QosPolicy changed None to 1.6 on consumer Open vSwitch agent@localhost.localdomain _set_version /usr/lib/python2.7/site-packages/neutron/api/rpc/callbacks/version_manager.py:119
2018-09-12 08:30:07.874 21651 DEBUG neutron.api.rpc.callbacks.version_manager [req-1535051f-0589-4e1b-b33a-66af80e2c897 43f165b5b6674ce5a2cc0a373ff06d33 55e376ed5d0849ec8cbd0c7836dfe314 - - -] Version for resource type Port changed None to 1.1 on consumer Open vSwitch agent@localhost.localdomain _set_version /usr/lib/python2.7/site-packages/neutron/api/rpc/callbacks/version_manager.py:119
2018-09-12 08:30:07.875 21651 DEBUG neutron.api.rpc.callbacks.version_manager [req-1535051f-0589-4e1b-b33a-66af80e2c897 43f165b5b6674ce5a2cc0a373ff06d33 55e376ed5d0849ec8cbd0c7836dfe314 - - -] Version for resource type Log changed None to 1.0 on consumer Open vSwitch agent@localhost.localdomain _set_version /usr/lib/python2.7/site-packages/neutron/api/rpc/callbacks/version_manager.py:119
2018-09-12 08:30:07.916 21651 DEBUG oslo_concurrency.lockutils [req-1535051f-0589-4e1b-b33a-66af80e2c897 43f165b5b6674ce5a2cc0a373ff06d33 55e376ed5d0849ec8cbd0c7836dfe314 - - -] Lock "event-dispatch" released by "neutron.plugins.ml2.ovo_rpc.dispatch_events" :: held 0.298s inner /usr/lib/python2.7/site-packages/oslo_concurrency/lockutils.py:282
2018-09-12 08:30:08.492 21651 DEBUG neutron.scheduler.l3_agent_scheduler [req-1535051f-0589-4e1b-b33a-66af80e2c897 43f165b5b6674ce5a2cc0a373ff06d33 55e376ed5d0849ec8cbd0c7836dfe314 - 54ce2e40800c48d5950f1f7232b9fb41 54ce2e40800c48d5950f1f7232b9fb41] Router 2d7b348d-f823-4405-bd13-c329ff279c85 has already been hosted by L3 agent dc541052-a402-4423-8a23-121d937110f6 _get_candidates /usr/lib/python2.7/site-packages/neutron/scheduler/l3_agent_scheduler.py:141
2018-09-12 08:30:08.792 21651 DEBUG neutron.api.rpc.agentnotifiers.l3_rpc_agent_api [req-1535051f-0589-4e1b-b33a-66af80e2c897 43f165b5b6674ce5a2cc0a373ff06d33 55e376ed5d0849ec8cbd0c7836dfe314 - 54ce2e40800c48d5950f1f7232b9fb41 54ce2e40800c48d5950f1f7232b9fb41] Notify agent at l3_agent.localhost.localdomain the message routers_updated _agent_notification /usr/lib/python2.7/site-packages/neutron/api/rpc/agentnotifiers/l3_rpc_agent_api.py:69
2018-09-12 08:30:08.810 21651 DEBUG neutron.quota.resource [req-1535051f-0589-4e1b-b33a-66af80e2c897 43f165b5b6674ce5a2cc0a373ff06d33 55e376ed5d0849ec8cbd0c7836dfe314 - 54ce2e40800c48d5950f1f7232b9fb41 54ce2e40800c48d5950f1f7232b9fb41] Persisted dirty status for tenant:55e376ed5d0849ec8cbd0c7836dfe314 on resource:floatingip mark_dirty /usr/lib/python2.7/site-packages/neutron/quota/resource.py:207
2018-09-12 08:30:08.828 21651 DEBUG neutron.quota.resource [req-1535051f-0589-4e1b-b33a-66af80e2c897 43f165b5b6674ce5a2cc0a373ff06d33 55e376ed5d0849ec8cbd0c7836dfe314 - 54ce2e40800c48d5950f1f7232b9fb41 54ce2e40800c48d5950f1f7232b9fb41] Persisted dirty status for tenant: on resource:port mark_dirty /usr/lib/python2.7/site-packages/neutron/quota/resource.py:207
2018-09-12 08:30:08.845 21651 DEBUG neutron_lib.callbacks.manager [req-1535051f-0589-4e1b-b33a-66af80e2c897 43f165b5b6674ce5a2cc0a373ff06d33 55e376ed5d0849ec8cbd0c7836dfe314 - 54ce2e40800c48d5950f1f7232b9fb41 54ce2e40800c48d5950f1f7232b9fb41] Notify callbacks ['neutron.notifiers.nova.Notifier._send_nova_notification-1563'] for floatingip, before_response _notify_loop /usr/lib/python2.7/site-packages/neutron_lib/callbacks/manager.py:167
2018-09-12 08:30:08.855 21652 DEBUG neutron.db.l3_hamode_db [req-b6c02bd9-23a3-443b-bd3a-110500a9e8e9 - - - - -] neutron.services.l3_router.l3_router_plugin.L3RouterPlugin method get_ha_sync_data_for_host called with arguments (<neutron_lib.context.Context object at 0x7f0531791c90>, u'localhost.localdomain', <neutron.db.models.agent.Agent[object at 7f0531c63410] {id=u'dc541052-a402-4423-8a23-121d937110f6', agent_type=u'L3 agent', binary=u'neutron-l3-agent', topic=u'l3_agent', host=u'localhost.localdomain', availability_zone=u'nova', admin_state_up=True, created_at=datetime.datetime(2018, 8, 30, 12, 16, 29), started_at=datetime.datetime(2018, 9, 12, 12, 6, 20), heartbeat_timestamp=datetime.datetime(2018, 9, 12, 12, 29, 50), description=None, configurations=u'{"agent_mode": "legacy", "gateway_external_network_id": "", "handle_internal_only_routers": true, "routers": 3, "interfaces": 3, "floating_ips": 1, "interface_driver": "neutron.agent.linux.interface.OVSInterfaceDriver", "log_agent_heartbeats": false, "external_network_bridge": "", "ex_gw_ports": 3}', resource_versions=None, load=0}>) {'active': True, 'router_ids': ['2d7b348d-f823-4405-bd13-c329ff279c85']} wrapper /usr/lib/python2.7/site-packages/oslo_log/helpers.py:66
2018-09-12 08:30:08.993 21651 INFO neutron.wsgi [req-1535051f-0589-4e1b-b33a-66af80e2c897 43f165b5b6674ce5a2cc0a373ff06d33 55e376ed5d0849ec8cbd0c7836dfe314 - 54ce2e40800c48d5950f1f7232b9fb41 54ce2e40800c48d5950f1f7232b9fb41] 10.0.20.20 "DELETE /v2.0/floatingips/62411b19-ac51-4c09-892c-980de11ec586 HTTP/1.1" status: 204  len: 173 time: 2.4903080
2018-09-12 08:30:08.997 21651 DEBUG oslo_concurrency.lockutils [-] Lock "notifier-bdaa79df-b28c-4a01-9624-6baa4c3305ad" acquired by "neutron.notifiers.batch_notifier.synced_send" :: waited 0.000s inner /usr/lib/python2.7/site-packages/oslo_concurrency/lockutils.py:270
2018-09-12 08:30:08.998 21651 DEBUG neutron.notifiers.nova [-] Sending events: [{'tag': u'890b5f78-ea75-4147-a584-a873c09311d4', 'name': 'network-changed', 'server_uuid': u'56644d64-36b6-464b-a5bb-aecefd4421aa'}] send_events /usr/lib/python2.7/site-packages/neutron/notifiers/nova.py:242
2018-09-12 08:30:09.006 21651 DEBUG novaclient.v2.client [-] REQ: curl -g -i -X POST http://10.0.20.20:8774/v2.1/4eeeddb45ad446a68ed4de7bd550932a/os-server-external-events -H "User-Agent: python-novaclient" -H "Content-Type: application/json" -H "Accept: application/json" -H "X-OpenStack-Nova-API-Version: 2.1" -H "X-Auth-Token: {SHA1}b2c03d7cb33c5b52a8b8c0e6ce9b77a53d1ea1ed" -d '{"events": [{"tag": "890b5f78-ea75-4147-a584-a873c09311d4", "name": "network-changed", "server_uuid": "56644d64-36b6-464b-a5bb-aecefd4421aa"}]}' _http_log_request /usr/lib/python2.7/site-packages/keystoneauth1/session.py:375
2018-09-12 08:30:09.113 21651 DEBUG novaclient.v2.client [-] RESP: [200] Content-Length: 179 Content-Type: application/json Openstack-Api-Version: compute 2.1 X-Openstack-Nova-Api-Version: 2.1 Vary: OpenStack-API-Version, X-OpenStack-Nova-API-Version X-Openstack-Request-Id: req-7fe7a863-0266-4d37-ac28-446127ecc7bb X-Compute-Request-Id: req-7fe7a863-0266-4d37-ac28-446127ecc7bb Date: Wed, 12 Sep 2018 12:30:09 GMT Connection: keep-alive 
RESP BODY: {"events": [{"status": "completed", "tag": "890b5f78-ea75-4147-a584-a873c09311d4", "name": "network-changed", "server_uuid": "56644d64-36b6-464b-a5bb-aecefd4421aa", "code": 200}]}
 _http_log_response /usr/lib/python2.7/site-packages/keystoneauth1/session.py:423
2018-09-12 08:30:09.114 21651 DEBUG novaclient.v2.client [-] POST call to compute for http://10.0.20.20:8774/v2.1/4eeeddb45ad446a68ed4de7bd550932a/os-server-external-events used request id req-7fe7a863-0266-4d37-ac28-446127ecc7bb request /usr/lib/python2.7/site-packages/keystoneauth1/session.py:727
2018-09-12 08:30:09.116 21651 INFO neutron.notifiers.nova [-] Nova event response: {u'status': u'completed', u'tag': u'890b5f78-ea75-4147-a584-a873c09311d4', u'name': u'network-changed', u'server_uuid': u'56644d64-36b6-464b-a5bb-aecefd4421aa', u'code': 200}
2018-09-12 08:30:09.818 21652 DEBUG neutron.db.l3_hamode_db [req-b6c02bd9-23a3-443b-bd3a-110500a9e8e9 - - - - -] neutron.services.l3_router.l3_router_plugin.L3RouterPlugin method _process_sync_ha_data called with arguments (<neutron_lib.context.Context object at 0x7f0531791c90>, [{'status': u'ACTIVE', '_interfaces': [{'status': u'ACTIVE', 'subnets': [{'dns_nameservers': [u'8.8.4.4'], 'ipv6_ra_mode': None, 'gateway_ip': u'11.39.1.1', 'cidr': u'11.39.1.0/24', 'id': u'01f40155-9e3e-48cc-8a48-68619e607a80', 'subnetpool_id': None}], 'binding:host_id': u'localhost.localdomain', 'description': u'', 'allowed_address_pairs': [], 'tags': [], 'extra_dhcp_opts': [], 'updated_at': '2018-09-12T12:24:29Z', 'device_owner': u'network:router_interface', 'revision_number': 7, 'port_security_enabled': False, 'binding:profile': {}, 'mtu': 1450, 'fixed_ips': [{'subnet_id': u'01f40155-9e3e-48cc-8a48-68619e607a80', 'prefixlen': 24, 'ip_address': u'11.39.1.1'}], 'id': u'6fd45aea-afaf-4fd2-b246-3bf0d4204f2d', 'security_groups': [], 'device_id': u'2d7b348d-f823-4405-bd13-c329ff279c85', 'name': u'', 'admin_state_up': True, 'network_id': u'75579344-c9cd-4e22-a13c-d271b6ae7072', 'tenant_id': u'55e376ed5d0849ec8cbd0c7836dfe314', 'binding:vif_details': {u'port_filter': True, u'datapath_type': u'system', u'ovs_hybrid_plug': True}, 'address_scopes': {4: None, 6: None}, 'binding:vnic_type': u'normal', 'binding:vif_type': u'ovs', 'mac_address': u'fa:16:3e:d5:9c:15', 'project_id': u'55e376ed5d0849ec8cbd0c7836dfe314', 'extra_subnets': [], 'created_at': '2018-09-12T12:24:21Z'}], 'enable_snat': True, 'ha_vr_id': 0, 'description': u'', 'tags': [], 'gw_port': {'status': u'ACTIVE', 'subnets': [{'dns_nameservers': [], 'ipv6_ra_mode': None, 'gateway_ip': u'172.24.4.1', 'cidr': u'172.24.4.0/24', 'id': u'5f4e1ac0-b77f-4630-ace6-541a6f9c266c', 'subnetpool_id': None}], 'binding:host_id': u'localhost.localdomain', 'description': u'', 'allowed_address_pairs': [], 'tags': [], 'extra_dhcp_opts': [], 'updated_at': '2018-09-12T12:24:45Z', 'device_owner': u'network:router_gateway', 'revision_number': 6, 'port_security_enabled': False, 'binding:profile': {}, 'mtu': 1500, 'fixed_ips': [{'subnet_id': u'5f4e1ac0-b77f-4630-ace6-541a6f9c266c', 'prefixlen': 24, 'ip_address': u'172.24.4.15'}], 'id': u'9f700840-38f0-4f36-8af0-daa275afb017', 'security_groups': [], 'device_id': u'2d7b348d-f823-4405-bd13-c329ff279c85', 'name': u'', 'admin_state_up': True, 'network_id': u'bcf73fc2-8df6-4f12-801c-ef4abf269c73', 'tenant_id': u'', 'binding:vif_details': {u'port_filter': True, u'datapath_type': u'system', u'ovs_hybrid_plug': True}, 'address_scopes': {4: None, 6: None}, 'binding:vnic_type': u'normal', 'binding:vif_type': u'ovs', 'mac_address': u'fa:16:3e:77:bd:60', 'project_id': u'', 'extra_subnets': [], 'created_at': '2018-09-12T12:24:37Z'}, 'updated_at': '2018-09-12T12:24:38Z', 'revision_number': 4, 'ha': False, 'id': u'2d7b348d-f823-4405-bd13-c329ff279c85', 'gw_port_host': u'localhost.localdomain', 'external_gateway_info': {'network_id': u'bcf73fc2-8df6-4f12-801c-ef4abf269c73', 'enable_snat': True, 'external_fixed_ips': [{'subnet_id': u'5f4e1ac0-b77f-4630-ace6-541a6f9c266c', 'ip_address': u'172.24.4.15'}]}, 'availability_zone_hints': [], 'availability_zones': [u'nova'], 'name': u'tempest-router-1536754853', 'gw_port_id': u'9f700840-38f0-4f36-8af0-daa275afb017', 'admin_state_up': True, 'tenant_id': u'55e376ed5d0849ec8cbd0c7836dfe314', 'created_at': '2018-09-12T12:23:58Z', 'distributed': False, 'flavor_id': None, 'routes': [], 'project_id': u'55e376ed5d0849ec8cbd0c7836dfe314'}], u'localhost.localdomain', False) {} wrapper /usr/lib/python2.7/site-packages/oslo_log/helpers.py:66
2018-09-12 08:30:09.836 21652 DEBUG neutron.api.rpc.handlers.l3_rpc [req-b6c02bd9-23a3-443b-bd3a-110500a9e8e9 - - - - -] Checking router: 2d7b348d-f823-4405-bd13-c329ff279c85 for host: localhost.localdomain _ensure_host_set_on_ports /usr/lib/python2.7/site-packages/neutron/api/rpc/handlers/l3_rpc.py:135
2018-09-12 08:30:10.092 21646 INFO neutron.wsgi [req-dca521ad-75c9-4bb7-a60d-923c1041584d 23e04251e35a4af8836d799cdbc6c009 4eeeddb45ad446a68ed4de7bd550932a - default default] 10.0.20.20 "GET /v2.0/ports?tenant_id=55e376ed5d0849ec8cbd0c7836dfe314&device_id=56644d64-36b6-464b-a5bb-aecefd4421aa HTTP/1.1" status: 200  len: 1123 time: 0.9184539
2018-09-12 08:30:10.117 21657 DEBUG neutron.api.rpc.handlers.l3_rpc [req-04869fc4-9d78-4218-b151-001cc4cb9258 - - - - -] New status for floating IP 62411b19-ac51-4c09-892c-980de11ec586: DOWN update_floatingip_statuses /usr/lib/python2.7/site-packages/neutron/api/rpc/handlers/l3_rpc.py:252
2018-09-12 08:30:10.432 21646 DEBUG neutron.pecan_wsgi.hooks.policy_enforcement [req-b7e58fc5-9bc8-4342-a344-ab9e0550c169 23e04251e35a4af8836d799cdbc6c009 4eeeddb45ad446a68ed4de7bd550932a - default default] Attributes excluded by policy engine: [u'vlan_transparent'] _exclude_attributes_by_policy /usr/lib/python2.7/site-packages/neutron/pecan_wsgi/hooks/policy_enforcement.py:256
2018-09-12 08:30:10.436 21646 INFO neutron.wsgi [req-b7e58fc5-9bc8-4342-a344-ab9e0550c169 23e04251e35a4af8836d799cdbc6c009 4eeeddb45ad446a68ed4de7bd550932a - default default] 10.0.20.20 "GET /v2.0/networks?id=75579344-c9cd-4e22-a13c-d271b6ae7072 HTTP/1.1" status: 200  len: 885 time: 0.3351400
2018-09-12 08:30:10.483 21646 INFO neutron.wsgi [req-d6ec6276-413a-4019-9279-45ca8eca1648 23e04251e35a4af8836d799cdbc6c009 4eeeddb45ad446a68ed4de7bd550932a - default default] 10.0.20.20 "GET /v2.0/floatingips?fixed_ip_address=11.39.1.5&port_id=890b5f78-ea75-4147-a584-a873c09311d4 HTTP/1.1" status: 200  len: 217 time: 0.0371809
2018-09-12 08:30:10.638 21646 DEBUG neutron.pecan_wsgi.hooks.policy_enforcement [req-b6cd38d3-445b-4561-a628-156d20ee09c7 23e04251e35a4af8836d799cdbc6c009 4eeeddb45ad446a68ed4de7bd550932a - default default] Attributes excluded by policy engine: [u'shared'] _exclude_attributes_by_policy /usr/lib/python2.7/site-packages/neutron/pecan_wsgi/hooks/policy_enforcement.py:256
2018-09-12 08:30:10.642 21646 INFO neutron.wsgi [req-b6cd38d3-445b-4561-a628-156d20ee09c7 23e04251e35a4af8836d799cdbc6c009 4eeeddb45ad446a68ed4de7bd550932a - default default] 10.0.20.20 "GET /v2.0/subnets?id=01f40155-9e3e-48cc-8a48-68619e607a80 HTTP/1.1" status: 200  len: 843 time: 0.1514609
2018-09-12 08:30:10.786 21646 INFO neutron.wsgi [req-4bb9bb50-8111-483c-a78b-4cb5141674e6 23e04251e35a4af8836d799cdbc6c009 4eeeddb45ad446a68ed4de7bd550932a - default default] 10.0.20.20 "GET /v2.0/ports?network_id=75579344-c9cd-4e22-a13c-d271b6ae7072&device_owner=network%3Adhcp HTTP/1.1" status: 200  len: 1127 time: 0.1355200
2018-09-12 08:30:11.118 21651 DEBUG oslo_concurrency.lockutils [-] Lock "notifier-bdaa79df-b28c-4a01-9624-6baa4c3305ad" released by "neutron.notifiers.batch_notifier.synced_send" :: held 2.122s inner /usr/lib/python2.7/site-packages/oslo_concurrency/lockutils.py:282
2018-09-12 08:30:12.330 21646 INFO neutron.wsgi [req-1b6704a0-de75-465c-b85e-99b491f8af55 23e04251e35a4af8836d799cdbc6c009 4eeeddb45ad446a68ed4de7bd550932a - default default] 10.0.20.20 "GET /v2.0/ports?tenant_id=55e376ed5d0849ec8cbd0c7836dfe314&device_id=56644d64-36b6-464b-a5bb-aecefd4421aa HTTP/1.1" status: 200  len: 1123 time: 0.1749949
2018-09-12 08:30:12.625 21646 DEBUG neutron.pecan_wsgi.hooks.policy_enforcement [req-13653411-2d10-43e2-b89d-adadd13495b4 23e04251e35a4af8836d799cdbc6c009 4eeeddb45ad446a68ed4de7bd550932a - default default] Attributes excluded by policy engine: [u'vlan_transparent'] _exclude_attributes_by_policy /usr/lib/python2.7/site-packages/neutron/pecan_wsgi/hooks/policy_enforcement.py:256
2018-09-12 08:30:12.628 21646 INFO neutron.wsgi [req-13653411-2d10-43e2-b89d-adadd13495b4 23e04251e35a4af8836d799cdbc6c009 4eeeddb45ad446a68ed4de7bd550932a - default default] 10.0.20.20 "GET /v2.0/networks?id=75579344-c9cd-4e22-a13c-d271b6ae7072 HTTP/1.1" status: 200  len: 885 time: 0.2864811
2018-09-12 08:30:12.675 21646 INFO neutron.wsgi [req-adf9d8c6-67d2-49c4-91a0-3064091256ff 23e04251e35a4af8836d799cdbc6c009 4eeeddb45ad446a68ed4de7bd550932a - default default] 10.0.20.20 "GET /v2.0/floatingips?fixed_ip_address=11.39.1.5&port_id=890b5f78-ea75-4147-a584-a873c09311d4 HTTP/1.1" status: 200  len: 217 time: 0.0373781
2018-09-12 08:30:12.853 21646 DEBUG neutron.pecan_wsgi.hooks.policy_enforcement [req-4dd39f93-a95d-4e12-8edf-4e196ea95d1f 23e04251e35a4af8836d799cdbc6c009 4eeeddb45ad446a68ed4de7bd550932a - default default] Attributes excluded by policy engine: [u'shared'] _exclude_attributes_by_policy /usr/lib/python2.7/site-packages/neutron/pecan_wsgi/hooks/policy_enforcement.py:256
2018-09-12 08:30:12.856 21646 INFO neutron.wsgi [req-4dd39f93-a95d-4e12-8edf-4e196ea95d1f 23e04251e35a4af8836d799cdbc6c009 4eeeddb45ad446a68ed4de7bd550932a - default default] 10.0.20.20 "GET /v2.0/subnets?id=01f40155-9e3e-48cc-8a48-68619e607a80 HTTP/1.1" status: 200  len: 843 time: 0.1695130
2018-09-12 08:30:13.036 21646 INFO neutron.wsgi [req-cd37448b-7cb1-4aec-866a-0b53694bb0dc 23e04251e35a4af8836d799cdbc6c009 4eeeddb45ad446a68ed4de7bd550932a - default default] 10.0.20.20 "GET /v2.0/ports?network_id=75579344-c9cd-4e22-a13c-d271b6ae7072&device_owner=network%3Adhcp HTTP/1.1" status: 200  len: 1127 time: 0.1706190
2018-09-12 08:30:18.696 21649 INFO neutron.wsgi [req-f88ff448-7e05-40d7-8a45-58dfb8f81815 6bce0e5766c84e1a98c3cb5ccb2e3772 4cff21d35d8b43b9a2a1ce042bb4f9f9 - default default] 10.0.20.20 "GET /v2.0/ports?device_id=56644d64-36b6-464b-a5bb-aecefd4421aa&device_id=0d95ba58-1009-4e52-b789-1dec971a8037 HTTP/1.1" status: 200  len: 1123 time: 0.8469949
2018-09-12 08:30:18.865 21649 INFO neutron.wsgi [req-25ea3ae0-d489-45c0-af78-4a35ff5b9e58 6bce0e5766c84e1a98c3cb5ccb2e3772 4cff21d35d8b43b9a2a1ce042bb4f9f9 - default default] 10.0.20.20 "GET /v2.0/security-groups?id=368d1530-6596-408e-a050-0d1348aeecaa HTTP/1.1" status: 200  len: 2118 time: 0.1604419
2018-09-12 08:30:19.806 21656 DEBUG neutron_lib.callbacks.manager [req-5d8cb58b-a772-4041-a399-8dcf422a13a0 - - - - -] Notify callbacks ['neutron.services.segments.db._update_segment_host_mapping_for_agent--9223363308085683535'] for agent, after_update _notify_loop /usr/lib/python2.7/site-packages/neutron_lib/callbacks/manager.py:167
2018-09-12 08:30:19.825 21655 DEBUG neutron_lib.callbacks.manager [req-d06643f5-b7da-49f9-8d53-4f779b4897bc - - - - -] Notify callbacks ['neutron.services.segments.db._update_segment_host_mapping_for_agent--9223363308085683535'] for agent, after_update _notify_loop /usr/lib/python2.7/site-packages/neutron_lib/callbacks/manager.py:167
2018-09-12 08:30:20.521 21658 DEBUG neutron_lib.callbacks.manager [req-7086a801-a03d-460c-93a9-f71fb33f18ef - - - - -] Notify callbacks ['neutron.services.segments.db._update_segment_host_mapping_for_agent--9223363308085683535'] for agent, after_update _notify_loop /usr/lib/python2.7/site-packages/neutron_lib/callbacks/manager.py:167
2018-09-12 08:30:23.128 21652 DEBUG neutron_lib.callbacks.manager [req-d5d6cbaa-40c8-4e73-b87c-04b84608dd36 - - - - -] Notify callbacks ['neutron.services.segments.db._update_segment_host_mapping_for_agent--9223363308085683535'] for agent, after_update _notify_loop /usr/lib/python2.7/site-packages/neutron_lib/callbacks/manager.py:167
2018-09-12 08:30:24.594 21653 DEBUG neutron_lib.callbacks.manager [req-46208181-9ae7-489f-9662-871e2961efdf - - - - -] Notify callbacks ['neutron.services.segments.db._update_segment_host_mapping_for_agent--9223363308085683535'] for agent, after_update _notify_loop /usr/lib/python2.7/site-packages/neutron_lib/callbacks/manager.py:167
2018-09-12 08:30:29.407 21645 INFO neutron.wsgi [req-b3668af6-e9da-462b-8922-fd7076df33c8 6bce0e5766c84e1a98c3cb5ccb2e3772 4cff21d35d8b43b9a2a1ce042bb4f9f9 - default default] 10.0.20.20 "GET /v2.0/ports?device_id=56644d64-36b6-464b-a5bb-aecefd4421aa HTTP/1.1" status: 200  len: 1123 time: 1.5451989
2018-09-12 08:30:29.547 21645 INFO neutron.wsgi [req-905222a3-fedf-433a-84b0-0a306004bd94 6bce0e5766c84e1a98c3cb5ccb2e3772 4cff21d35d8b43b9a2a1ce042bb4f9f9 - default default] 10.0.20.20 "GET /v2.0/security-groups?id=368d1530-6596-408e-a050-0d1348aeecaa HTTP/1.1" status: 200  len: 2118 time: 0.1321340
2018-09-12 08:30:31.195 21656 DEBUG neutron.plugins.ml2.rpc [req-d06643f5-b7da-49f9-8d53-4f779b4897bc - - - - -] Device 890b5f78-ea75-4147-a584-a873c09311d4 no longer exists at agent ovs-agent-localhost.localdomain update_device_down /usr/lib/python2.7/site-packages/neutron/plugins/ml2/rpc.py:213
2018-09-12 08:30:31.419 21656 DEBUG neutron_lib.callbacks.manager [req-d06643f5-b7da-49f9-8d53-4f779b4897bc - - - - -] Notify callbacks ['neutron.plugins.ml2.plugin.Ml2Plugin._ensure_default_security_group_handler-505570'] for port, before_update _notify_loop /usr/lib/python2.7/site-packages/neutron_lib/callbacks/manager.py:167
2018-09-12 08:30:31.504 21656 DEBUG oslo_concurrency.lockutils [-] Lock "notifier-bdaa79df-b28c-4a01-9624-6baa4c3305ad" acquired by "neutron.notifiers.batch_notifier.synced_send" :: waited 0.001s inner /usr/lib/python2.7/site-packages/oslo_concurrency/lockutils.py:270
2018-09-12 08:30:31.505 21656 DEBUG neutron.notifiers.nova [-] Sending events: [{'status': 'completed', 'tag': u'890b5f78-ea75-4147-a584-a873c09311d4', 'name': 'network-vif-unplugged', 'server_uuid': u'56644d64-36b6-464b-a5bb-aecefd4421aa'}] send_events /usr/lib/python2.7/site-packages/neutron/notifiers/nova.py:242
2018-09-12 08:30:31.524 21656 DEBUG neutron.plugins.ml2.db [req-d06643f5-b7da-49f9-8d53-4f779b4897bc - - - - -] For port 890b5f78-ea75-4147-a584-a873c09311d4, host localhost.localdomain, got binding levels [<neutron.plugins.ml2.models.PortBindingLevel[object at 7f0531622c50] {port_id=u'890b5f78-ea75-4147-a584-a873c09311d4', host=u'localhost.localdomain', level=0, driver=u'openvswitch', segment_id=u'5b600e25-a3cf-4a09-aa45-9f21c00d3fca'}>] get_binding_levels /usr/lib/python2.7/site-packages/neutron/plugins/ml2/db.py:106
2018-09-12 08:30:31.544 21656 DEBUG neutron_lib.callbacks.manager [req-d06643f5-b7da-49f9-8d53-4f779b4897bc - - - - -] Notify callbacks ['neutron.plugins.ml2.plugin.Ml2Plugin.notify_sg_on_port_change-505502', 'neutron.plugins.ml2.ovo_rpc._ObjectChangeHandler.handle_event--9223372036853997484', 'neutron.api.rpc.agentnotifiers.dhcp_rpc_agent_api.DhcpAgentNotifyAPI._native_event_send_dhcp_notification-1326548', 'neutron.db.l3_dvrscheduler_db._notify_l3_agent_port_update-8728768420101', 'neutron.db.l3_hascheduler_db._notify_l3_agent_ha_port_update-8728768420176'] for port, after_update _notify_loop /usr/lib/python2.7/site-packages/neutron_lib/callbacks/manager.py:167
2018-09-12 08:30:31.553 21656 DEBUG oslo_concurrency.lockutils [-] Lock "event-dispatch" acquired by "neutron.plugins.ml2.ovo_rpc.dispatch_events" :: waited 0.000s inner /usr/lib/python2.7/site-packages/oslo_concurrency/lockutils.py:270
2018-09-12 08:30:31.688 21656 DEBUG neutron.api.rpc.handlers.resources_rpc [req-d06643f5-b7da-49f9-8d53-4f779b4897bc - - - - -] neutron.api.rpc.handlers.resources_rpc.ResourcesPushRpcApi method push called with arguments (<neutron_lib.context.Context object at 0x7f05316d6890>, [Port(admin_state_up=True,allowed_address_pairs=[],binding=PortBinding,binding_levels=[PortBindingLevel],created_at=2018-09-12T12:25:07Z,data_plane_status=<?>,description='',device_id='56644d64-36b6-464b-a5bb-aecefd4421aa',device_owner='compute:nova',dhcp_options=[],distributed_binding=None,dns=None,fixed_ips=[IPAllocation],id=890b5f78-ea75-4147-a584-a873c09311d4,mac_address=fa:16:3e:0d:f4:a6,name='',network_id=75579344-c9cd-4e22-a13c-d271b6ae7072,project_id='55e376ed5d0849ec8cbd0c7836dfe314',qos_policy_id=None,revision_number=9,security=PortSecurity(890b5f78-ea75-4147-a584-a873c09311d4),security_group_ids=set([368d1530-6596-408e-a050-0d1348aeecaa]),status='DOWN',updated_at=2018-09-12T12:30:31Z)], 'updated') {} wrapper /usr/lib/python2.7/site-packages/oslo_log/helpers.py:66
2018-09-12 08:30:31.697 21656 DEBUG neutron.api.rpc.callbacks.version_manager [req-d06643f5-b7da-49f9-8d53-4f779b4897bc - - - - -] Version for resource type Subnet changed None to 1.0 on consumer Open vSwitch agent@localhost.localdomain _set_version /usr/lib/python2.7/site-packages/neutron/api/rpc/callbacks/version_manager.py:119
2018-09-12 08:30:31.698 21656 DEBUG neutron.api.rpc.callbacks.version_manager [req-d06643f5-b7da-49f9-8d53-4f779b4897bc - - - - -] Version for resource type Network changed None to 1.0 on consumer Open vSwitch agent@localhost.localdomain _set_version /usr/lib/python2.7/site-packages/neutron/api/rpc/callbacks/version_manager.py:119
2018-09-12 08:30:31.698 21656 DEBUG neutron.api.rpc.callbacks.version_manager [req-d06643f5-b7da-49f9-8d53-4f779b4897bc - - - - -] Version for resource type SubPort changed None to 1.0 on consumer Open vSwitch agent@localhost.localdomain _set_version /usr/lib/python2.7/site-packages/neutron/api/rpc/callbacks/version_manager.py:119
2018-09-12 08:30:31.699 21656 DEBUG neutron.api.rpc.callbacks.version_manager [req-d06643f5-b7da-49f9-8d53-4f779b4897bc - - - - -] Version for resource type SecurityGroup changed None to 1.0 on consumer Open vSwitch agent@localhost.localdomain _set_version /usr/lib/python2.7/site-packages/neutron/api/rpc/callbacks/version_manager.py:119
2018-09-12 08:30:31.699 21656 DEBUG neutron.api.rpc.callbacks.version_manager [req-d06643f5-b7da-49f9-8d53-4f779b4897bc - - - - -] Version for resource type SecurityGroupRule changed None to 1.0 on consumer Open vSwitch agent@localhost.localdomain _set_version /usr/lib/python2.7/site-packages/neutron/api/rpc/callbacks/version_manager.py:119
2018-09-12 08:30:31.700 21656 DEBUG neutron.api.rpc.callbacks.version_manager [req-d06643f5-b7da-49f9-8d53-4f779b4897bc - - - - -] Version for resource type Trunk changed None to 1.1 on consumer Open vSwitch agent@localhost.localdomain _set_version /usr/lib/python2.7/site-packages/neutron/api/rpc/callbacks/version_manager.py:119
2018-09-12 08:30:31.700 21656 DEBUG neutron.api.rpc.callbacks.version_manager [req-d06643f5-b7da-49f9-8d53-4f779b4897bc - - - - -] Version for resource type QosPolicy changed None to 1.6 on consumer Open vSwitch agent@localhost.localdomain _set_version /usr/lib/python2.7/site-packages/neutron/api/rpc/callbacks/version_manager.py:119
2018-09-12 08:30:31.701 21656 DEBUG neutron.api.rpc.callbacks.version_manager [req-d06643f5-b7da-49f9-8d53-4f779b4897bc - - - - -] Version for resource type Port changed None to 1.1 on consumer Open vSwitch agent@localhost.localdomain _set_version /usr/lib/python2.7/site-packages/neutron/api/rpc/callbacks/version_manager.py:119
2018-09-12 08:30:31.701 21656 DEBUG neutron.api.rpc.callbacks.version_manager [req-d06643f5-b7da-49f9-8d53-4f779b4897bc - - - - -] Version for resource type Log changed None to 1.0 on consumer Open vSwitch agent@localhost.localdomain _set_version /usr/lib/python2.7/site-packages/neutron/api/rpc/callbacks/version_manager.py:119
2018-09-12 08:30:31.708 21656 DEBUG oslo_concurrency.lockutils [req-d06643f5-b7da-49f9-8d53-4f779b4897bc - - - - -] Lock "event-dispatch" released by "neutron.plugins.ml2.ovo_rpc.dispatch_events" :: held 0.156s inner /usr/lib/python2.7/site-packages/oslo_concurrency/lockutils.py:282
2018-09-12 08:30:32.447 21656 DEBUG novaclient.v2.client [-] REQ: curl -g -i -X POST http://10.0.20.20:8774/v2.1/4eeeddb45ad446a68ed4de7bd550932a/os-server-external-events -H "User-Agent: python-novaclient" -H "Content-Type: application/json" -H "Accept: application/json" -H "X-OpenStack-Nova-API-Version: 2.1" -H "X-Auth-Token: {SHA1}1a40953e3c21bb03bf3df9cc3e7e278832f7e01e" -d '{"events": [{"status": "completed", "tag": "890b5f78-ea75-4147-a584-a873c09311d4", "name": "network-vif-unplugged", "server_uuid": "56644d64-36b6-464b-a5bb-aecefd4421aa"}]}' _http_log_request /usr/lib/python2.7/site-packages/keystoneauth1/session.py:375
2018-09-12 08:30:33.029 21656 DEBUG novaclient.v2.client [-] RESP: [200] Content-Length: 185 Content-Type: application/json Openstack-Api-Version: compute 2.1 X-Openstack-Nova-Api-Version: 2.1 Vary: OpenStack-API-Version, X-OpenStack-Nova-API-Version X-Openstack-Request-Id: req-4c7336bc-4423-4c73-9e08-8327b2b2b8eb X-Compute-Request-Id: req-4c7336bc-4423-4c73-9e08-8327b2b2b8eb Date: Wed, 12 Sep 2018 12:30:33 GMT Connection: keep-alive 
RESP BODY: {"events": [{"status": "completed", "tag": "890b5f78-ea75-4147-a584-a873c09311d4", "name": "network-vif-unplugged", "server_uuid": "56644d64-36b6-464b-a5bb-aecefd4421aa", "code": 200}]}
 _http_log_response /usr/lib/python2.7/site-packages/keystoneauth1/session.py:423
2018-09-12 08:30:33.030 21656 DEBUG novaclient.v2.client [-] POST call to compute for http://10.0.20.20:8774/v2.1/4eeeddb45ad446a68ed4de7bd550932a/os-server-external-events used request id req-4c7336bc-4423-4c73-9e08-8327b2b2b8eb request /usr/lib/python2.7/site-packages/keystoneauth1/session.py:727
2018-09-12 08:30:33.033 21656 INFO neutron.notifiers.nova [-] Nova event response: {u'status': u'completed', u'tag': u'890b5f78-ea75-4147-a584-a873c09311d4', u'name': u'network-vif-unplugged', u'server_uuid': u'56644d64-36b6-464b-a5bb-aecefd4421aa', u'code': 200}
2018-09-12 08:30:33.968 21646 INFO neutron.wsgi [req-520d4b7e-2c8f-4ad3-9ce6-b78538c8ee6d 6bce0e5766c84e1a98c3cb5ccb2e3772 4cff21d35d8b43b9a2a1ce042bb4f9f9 - default default] 10.0.20.20 "GET /v2.0/ports?device_id=56644d64-36b6-464b-a5bb-aecefd4421aa HTTP/1.1" status: 200  len: 1121 time: 0.5913901
2018-09-12 08:30:33.983 21646 DEBUG neutron.wsgi [req-8f704bde-0536-4a77-b252-f44952767c6f 6bce0e5766c84e1a98c3cb5ccb2e3772 4cff21d35d8b43b9a2a1ce042bb4f9f9 - default default] http://10.0.20.20:9696/v2.0/extensions returned with HTTP 200 __call__ /usr/lib/python2.7/site-packages/neutron/wsgi.py:715
2018-09-12 08:30:33.985 21646 INFO neutron.wsgi [req-8f704bde-0536-4a77-b252-f44952767c6f 6bce0e5766c84e1a98c3cb5ccb2e3772 4cff21d35d8b43b9a2a1ce042bb4f9f9 - default default] 10.0.20.20 "GET /v2.0/extensions HTTP/1.1" status: 200  len: 8548 time: 0.0106370
2018-09-12 08:30:34.082 21646 DEBUG neutron.plugins.ml2.plugin [req-d8f89e19-4afc-49f5-9f23-33d4254931bc 6bce0e5766c84e1a98c3cb5ccb2e3772 4cff21d35d8b43b9a2a1ce042bb4f9f9 - default default] Deleting port 890b5f78-ea75-4147-a584-a873c09311d4 _pre_delete_port /usr/lib/python2.7/site-packages/neutron/plugins/ml2/plugin.py:1488
2018-09-12 08:30:34.083 21646 DEBUG neutron_lib.callbacks.manager [req-d8f89e19-4afc-49f5-9f23-33d4254931bc 6bce0e5766c84e1a98c3cb5ccb2e3772 4cff21d35d8b43b9a2a1ce042bb4f9f9 - default default] Notify callbacks ['neutron.db.l3_db._prevent_l3_port_delete_callback--9223363308085644412'] for port, before_delete _notify_loop /usr/lib/python2.7/site-packages/neutron_lib/callbacks/manager.py:167
2018-09-12 08:30:34.465 21646 DEBUG neutron.plugins.ml2.db [req-d8f89e19-4afc-49f5-9f23-33d4254931bc 6bce0e5766c84e1a98c3cb5ccb2e3772 4cff21d35d8b43b9a2a1ce042bb4f9f9 - default default] For port 890b5f78-ea75-4147-a584-a873c09311d4, host localhost.localdomain, got binding levels [<neutron.plugins.ml2.models.PortBindingLevel[object at 7f0531d02e10] {port_id=u'890b5f78-ea75-4147-a584-a873c09311d4', host=u'localhost.localdomain', level=0, driver=u'openvswitch', segment_id=u'5b600e25-a3cf-4a09-aa45-9f21c00d3fca'}>] get_binding_levels /usr/lib/python2.7/site-packages/neutron/plugins/ml2/db.py:106
2018-09-12 08:30:34.502 21646 DEBUG neutron.plugins.ml2.plugin [req-d8f89e19-4afc-49f5-9f23-33d4254931bc 6bce0e5766c84e1a98c3cb5ccb2e3772 4cff21d35d8b43b9a2a1ce042bb4f9f9 - default default] Calling delete_port for 890b5f78-ea75-4147-a584-a873c09311d4 owned by compute:nova delete_port /usr/lib/python2.7/site-packages/neutron/plugins/ml2/plugin.py:1547
2018-09-12 08:30:34.776 21646 DEBUG neutron_lib.callbacks.manager [req-d8f89e19-4afc-49f5-9f23-33d4254931bc 6bce0e5766c84e1a98c3cb5ccb2e3772 4cff21d35d8b43b9a2a1ce042bb4f9f9 - default default] Notify callbacks ['neutron.plugins.ml2.plugin.Ml2Plugin.notify_sg_on_port_change-505502', 'neutron.plugins.ml2.ovo_rpc._ObjectChangeHandler.handle_event--9223372036853997484', 'neutron.db.l3_dvrscheduler_db._notify_port_delete-8728768450549', 'neutron.api.rpc.agentnotifiers.dhcp_rpc_agent_api.DhcpAgentNotifyAPI._native_event_send_dhcp_notification-1326548', 'neutron.db.l3_db._notify_routers_callback-8728769138015'] for port, after_delete _notify_loop /usr/lib/python2.7/site-packages/neutron_lib/callbacks/manager.py:167
2018-09-12 08:30:34.834 21646 DEBUG oslo_concurrency.lockutils [-] Lock "event-dispatch" acquired by "neutron.plugins.ml2.ovo_rpc.dispatch_events" :: waited 0.000s inner /usr/lib/python2.7/site-packages/oslo_concurrency/lockutils.py:270
2018-09-12 08:30:34.933 21646 DEBUG neutron.api.rpc.handlers.resources_rpc [req-d8f89e19-4afc-49f5-9f23-33d4254931bc 6bce0e5766c84e1a98c3cb5ccb2e3772 4cff21d35d8b43b9a2a1ce042bb4f9f9 - - -] neutron.api.rpc.handlers.resources_rpc.ResourcesPushRpcApi method push called with arguments (<neutron_lib.context.Context object at 0x7f0531a2ca50>, [Port(admin_state_up=<?>,allowed_address_pairs=<?>,binding=<?>,binding_levels=<?>,created_at=<?>,data_plane_status=<?>,description=<?>,device_id=<?>,device_owner=<?>,dhcp_options=<?>,distributed_binding=<?>,dns=<?>,fixed_ips=<?>,id=890b5f78-ea75-4147-a584-a873c09311d4,mac_address=<?>,name=<?>,network_id=<?>,project_id=<?>,qos_policy_id=None,revision_number=<?>,security=<?>,security_group_ids=None,status=<?>,updated_at=<?>)], 'deleted') {} wrapper /usr/lib/python2.7/site-packages/oslo_log/helpers.py:66
