2018-06-28 15:34:39.836 11196 DEBUG neutron.api.v2.base [req-d6631901-1686-4293-9d6a-d68d655103b1 aa9ab289b900453cbe540da36aa76872 1a35e3b0e18c4eff8ec68ce1f34b28b0 - default default] Request body: {u'floatingip': {u'floating_network_id': u'c6b5bb99-dcc0-4f71-b6f8-268e791b3287', u'tenant_id': u'2e091a6c34274188b9026fa8ff8e9bda'}} prepare_request_body /usr/lib/python2.7/site-packages/neutron/api/v2/base.py:695
2018-06-28 15:34:39.840 11196 INFO neutron.quota [req-d6631901-1686-4293-9d6a-d68d655103b1 aa9ab289b900453cbe540da36aa76872 1a35e3b0e18c4eff8ec68ce1f34b28b0 - default default] Loaded quota_driver: <neutron.db.quota.driver.DbQuotaDriver object at 0x7ff63642fdd0>.
2018-06-28 15:34:39.854 11196 DEBUG neutron.db.quota.driver [req-d6631901-1686-4293-9d6a-d68d655103b1 aa9ab289b900453cbe540da36aa76872 1a35e3b0e18c4eff8ec68ce1f34b28b0 - default default] Resources subnetpool have unlimited quota limit. It is not required to calculate headroom  make_reservation /usr/lib/python2.7/site-packages/neutron/db/quota/driver.py:223
2018-06-28 15:34:39.871 11196 DEBUG neutron.quota.resource [req-d6631901-1686-4293-9d6a-d68d655103b1 aa9ab289b900453cbe540da36aa76872 1a35e3b0e18c4eff8ec68ce1f34b28b0 - default default] Usage tracker for resource:floatingip and tenant:2e091a6c34274188b9026fa8ff8e9bda is out of sync, need to count used quota count_used /usr/lib/python2.7/site-packages/neutron/quota/resource.py:274
2018-06-28 15:34:39.897 11196 DEBUG neutron.quota.resource [req-d6631901-1686-4293-9d6a-d68d655103b1 aa9ab289b900453cbe540da36aa76872 1a35e3b0e18c4eff8ec68ce1f34b28b0 - default default] Quota usage for floatingip was recalculated. Used quota:0. count_used /usr/lib/python2.7/site-packages/neutron/quota/resource.py:293
2018-06-28 15:34:39.932 11196 DEBUG neutron.db.quota.driver [req-d6631901-1686-4293-9d6a-d68d655103b1 aa9ab289b900453cbe540da36aa76872 1a35e3b0e18c4eff8ec68ce1f34b28b0 - default default] Attempting to reserve 1 items for resource floatingip. Total usage: 0; quota limit: 50; headroom:50 make_reservation /usr/lib/python2.7/site-packages/neutron/db/quota/driver.py:255
2018-06-28 15:34:40.458 11196 DEBUG neutron_lib.callbacks.manager [req-d6631901-1686-4293-9d6a-d68d655103b1 aa9ab289b900453cbe540da36aa76872 1a35e3b0e18c4eff8ec68ce1f34b28b0 - default default] Notify callbacks ['neutron.plugins.ml2.plugin.Ml2Plugin._ensure_default_security_group_handler--9223372036854296438'] for port, before_create _notify_loop /usr/lib/python2.7/site-packages/neutron_lib/callbacks/manager.py:167
2018-06-28 15:34:41.700 11196 DEBUG neutron.db.db_base_plugin_common [req-d6631901-1686-4293-9d6a-d68d655103b1 aa9ab289b900453cbe540da36aa76872 1a35e3b0e18c4eff8ec68ce1f34b28b0 - default default] Allocated IP 172.24.4.9 (c6b5bb99-dcc0-4f71-b6f8-268e791b3287/b9318fa8-4541-4df2-b5e9-58dd572f2238/3c349973-5fcf-4f65-9b19-c0471d164199) _store_ip_allocation /usr/lib/python2.7/site-packages/neutron/db/db_base_plugin_common.py:122
2018-06-28 15:34:42.040 11196 DEBUG neutron_lib.callbacks.manager [req-d6631901-1686-4293-9d6a-d68d655103b1 aa9ab289b900453cbe540da36aa76872 1a35e3b0e18c4eff8ec68ce1f34b28b0 - default default] Notify callbacks [] for port, precommit_create _notify_loop /usr/lib/python2.7/site-packages/neutron_lib/callbacks/manager.py:167
2018-06-28 15:34:42.161 11196 DEBUG neutron_lib.callbacks.manager [req-d6631901-1686-4293-9d6a-d68d655103b1 aa9ab289b900453cbe540da36aa76872 1a35e3b0e18c4eff8ec68ce1f34b28b0 - default default] Notify callbacks ['neutron.db.l3_dvrscheduler_db._notify_l3_agent_new_port-8793466276281', 'neutron.plugins.ml2.plugin.Ml2Plugin.notify_sg_on_port_change-479487', 'neutron.plugins.ml2.ovo_rpc._ObjectChangeHandler.handle_event-1617920', 'neutron.api.rpc.agentnotifiers.dhcp_rpc_agent_api.DhcpAgentNotifyAPI._native_event_send_dhcp_notification--9223372036853277191'] for port, after_create _notify_loop /usr/lib/python2.7/site-packages/neutron_lib/callbacks/manager.py:167
2018-06-28 15:34:42.161 11196 DEBUG neutron.db.l3_dvrscheduler_db [req-d6631901-1686-4293-9d6a-d68d655103b1 aa9ab289b900453cbe540da36aa76872 1a35e3b0e18c4eff8ec68ce1f34b28b0 - default default] Received port after_create _notify_l3_agent_new_port /usr/lib/python2.7/site-packages/neutron/db/l3_dvrscheduler_db.py:392
2018-06-28 15:34:42.185 11196 DEBUG oslo_concurrency.lockutils [-] Lock "event-dispatch" acquired by "neutron.plugins.ml2.ovo_rpc.dispatch_events" :: waited 0.000s inner /usr/lib/python2.7/site-packages/oslo_concurrency/lockutils.py:270
2018-06-28 15:34:42.571 11196 DEBUG neutron.api.rpc.handlers.resources_rpc [req-d6631901-1686-4293-9d6a-d68d655103b1 aa9ab289b900453cbe540da36aa76872 1a35e3b0e18c4eff8ec68ce1f34b28b0 - - -] neutron.api.rpc.handlers.resources_rpc.ResourcesPushRpcApi method push called with arguments (<neutron_lib.context.Context object at 0x7ff635fd1d10>, [Port(admin_state_up=True,allowed_address_pairs=[],binding=PortBinding,binding_levels=[],created_at=2018-06-28T13:34:41Z,data_plane_status=<?>,description='',device_id='PENDING',device_owner='network:floatingip',dhcp_options=[],distributed_binding=None,dns=None,fixed_ips=[IPAllocation],id=3c349973-5fcf-4f65-9b19-c0471d164199,mac_address=fa:16:3e:e0:bc:80,name='',network_id=c6b5bb99-dcc0-4f71-b6f8-268e791b3287,project_id='',qos_policy_id=None,revision_number=3,security=PortSecurity(3c349973-5fcf-4f65-9b19-c0471d164199),security_group_ids=set([]),status='N/A',updated_at=2018-06-28T13:34:42Z)], 'updated') {} wrapper /usr/lib/python2.7/site-packages/oslo_log/helpers.py:66
2018-06-28 15:34:42.599 11196 DEBUG neutron.api.rpc.callbacks.version_manager [req-d6631901-1686-4293-9d6a-d68d655103b1 aa9ab289b900453cbe540da36aa76872 1a35e3b0e18c4eff8ec68ce1f34b28b0 - - -] Version for resource type Subnet changed None to 1.0 on consumer Open vSwitch agent@localhost.localdomain _set_version /usr/lib/python2.7/site-packages/neutron/api/rpc/callbacks/version_manager.py:119
2018-06-28 15:34:42.599 11196 DEBUG neutron.api.rpc.callbacks.version_manager [req-d6631901-1686-4293-9d6a-d68d655103b1 aa9ab289b900453cbe540da36aa76872 1a35e3b0e18c4eff8ec68ce1f34b28b0 - - -] Version for resource type Network changed None to 1.0 on consumer Open vSwitch agent@localhost.localdomain _set_version /usr/lib/python2.7/site-packages/neutron/api/rpc/callbacks/version_manager.py:119
2018-06-28 15:34:42.600 11196 DEBUG neutron.api.rpc.callbacks.version_manager [req-d6631901-1686-4293-9d6a-d68d655103b1 aa9ab289b900453cbe540da36aa76872 1a35e3b0e18c4eff8ec68ce1f34b28b0 - - -] Version for resource type SubPort changed None to 1.0 on consumer Open vSwitch agent@localhost.localdomain _set_version /usr/lib/python2.7/site-packages/neutron/api/rpc/callbacks/version_manager.py:119
2018-06-28 15:34:42.600 11196 DEBUG neutron.api.rpc.callbacks.version_manager [req-d6631901-1686-4293-9d6a-d68d655103b1 aa9ab289b900453cbe540da36aa76872 1a35e3b0e18c4eff8ec68ce1f34b28b0 - - -] Version for resource type SecurityGroup changed None to 1.0 on consumer Open vSwitch agent@localhost.localdomain _set_version /usr/lib/python2.7/site-packages/neutron/api/rpc/callbacks/version_manager.py:119
2018-06-28 15:34:42.601 11196 DEBUG neutron.api.rpc.callbacks.version_manager [req-d6631901-1686-4293-9d6a-d68d655103b1 aa9ab289b900453cbe540da36aa76872 1a35e3b0e18c4eff8ec68ce1f34b28b0 - - -] Version for resource type SecurityGroupRule changed None to 1.0 on consumer Open vSwitch agent@localhost.localdomain _set_version /usr/lib/python2.7/site-packages/neutron/api/rpc/callbacks/version_manager.py:119
2018-06-28 15:34:42.601 11196 DEBUG neutron.api.rpc.callbacks.version_manager [req-d6631901-1686-4293-9d6a-d68d655103b1 aa9ab289b900453cbe540da36aa76872 1a35e3b0e18c4eff8ec68ce1f34b28b0 - - -] Version for resource type Trunk changed None to 1.1 on consumer Open vSwitch agent@localhost.localdomain _set_version /usr/lib/python2.7/site-packages/neutron/api/rpc/callbacks/version_manager.py:119
2018-06-28 15:34:42.602 11196 DEBUG neutron.api.rpc.callbacks.version_manager [req-d6631901-1686-4293-9d6a-d68d655103b1 aa9ab289b900453cbe540da36aa76872 1a35e3b0e18c4eff8ec68ce1f34b28b0 - - -] Version for resource type QosPolicy changed None to 1.6 on consumer Open vSwitch agent@localhost.localdomain _set_version /usr/lib/python2.7/site-packages/neutron/api/rpc/callbacks/version_manager.py:119
2018-06-28 15:34:42.602 11196 DEBUG neutron.api.rpc.callbacks.version_manager [req-d6631901-1686-4293-9d6a-d68d655103b1 aa9ab289b900453cbe540da36aa76872 1a35e3b0e18c4eff8ec68ce1f34b28b0 - - -] Version for resource type Port changed None to 1.1 on consumer Open vSwitch agent@localhost.localdomain _set_version /usr/lib/python2.7/site-packages/neutron/api/rpc/callbacks/version_manager.py:119
2018-06-28 15:34:42.602 11196 DEBUG neutron.api.rpc.callbacks.version_manager [req-d6631901-1686-4293-9d6a-d68d655103b1 aa9ab289b900453cbe540da36aa76872 1a35e3b0e18c4eff8ec68ce1f34b28b0 - - -] Version for resource type Log changed None to 1.0 on consumer Open vSwitch agent@localhost.localdomain _set_version /usr/lib/python2.7/site-packages/neutron/api/rpc/callbacks/version_manager.py:119
2018-06-28 15:34:42.604 11196 DEBUG neutron.api.rpc.callbacks.version_manager [req-d6631901-1686-4293-9d6a-d68d655103b1 aa9ab289b900453cbe540da36aa76872 1a35e3b0e18c4eff8ec68ce1f34b28b0 - - -] Tracked resource versions report:
pushed versions:
{   'Log': set(['1.0']),
    'Network': set(['1.0']),
    'Port': set(['1.1']),
    'QosPolicy': set(['1.6']),
    'SecurityGroup': set(['1.0']),
    'SecurityGroupRule': set(['1.0']),
    'SubPort': set(['1.0']),
    'Subnet': set(['1.0']),
    'Trunk': set(['1.1'])}

consumer versions:
{   DHCP agent@localhost.localdomain: {   },
    L3 agent@localhost.localdomain: {   },
    Metadata agent@localhost.localdomain: {   },
    Metering agent@localhost.localdomain: {   },
    Open vSwitch agent@localhost.localdomain: {   u'Log': u'1.0',
                                                  u'Network': u'1.0',
                                                  u'Port': u'1.1',
                                                  u'QosPolicy': u'1.6',
                                                  u'SecurityGroup': u'1.0',
                                                  u'SecurityGroupRule': u'1.0',
                                                  u'SubPort': u'1.0',
                                                  u'Subnet': u'1.0',
                                                  u'Trunk': u'1.1'}}
 report /usr/lib/python2.7/site-packages/neutron/api/rpc/callbacks/version_manager.py:178
2018-06-28 15:34:42.849 11196 DEBUG neutron.scheduler.dhcp_agent_scheduler [req-d6631901-1686-4293-9d6a-d68d655103b1 aa9ab289b900453cbe540da36aa76872 1a35e3b0e18c4eff8ec68ce1f34b28b0 - default default] Network c6b5bb99-dcc0-4f71-b6f8-268e791b3287 is already hosted by enough agents. _get_dhcp_agents_hosting_network /usr/lib/python2.7/site-packages/neutron/scheduler/dhcp_agent_scheduler.py:243
2018-06-28 15:34:42.908 11196 DEBUG oslo_concurrency.lockutils [req-d6631901-1686-4293-9d6a-d68d655103b1 aa9ab289b900453cbe540da36aa76872 1a35e3b0e18c4eff8ec68ce1f34b28b0 - - -] Lock "event-dispatch" released by "neutron.plugins.ml2.ovo_rpc.dispatch_events" :: held 0.723s inner /usr/lib/python2.7/site-packages/oslo_concurrency/lockutils.py:282
2018-06-28 15:34:43.030 11196 DEBUG neutron_lib.callbacks.manager [req-d6631901-1686-4293-9d6a-d68d655103b1 aa9ab289b900453cbe540da36aa76872 1a35e3b0e18c4eff8ec68ce1f34b28b0 - default default] Notify callbacks ['neutron.plugins.ml2.plugin.Ml2Plugin._ensure_default_security_group_handler--9223372036854296438'] for port, before_update _notify_loop /usr/lib/python2.7/site-packages/neutron_lib/callbacks/manager.py:167
2018-06-28 15:34:43.587 11196 DEBUG neutron_lib.callbacks.manager [req-d6631901-1686-4293-9d6a-d68d655103b1 aa9ab289b900453cbe540da36aa76872 1a35e3b0e18c4eff8ec68ce1f34b28b0 - default default] Notify callbacks [] for port, precommit_update _notify_loop /usr/lib/python2.7/site-packages/neutron_lib/callbacks/manager.py:167
2018-06-28 15:34:43.594 11196 DEBUG neutron_lib.callbacks.manager [req-d6631901-1686-4293-9d6a-d68d655103b1 aa9ab289b900453cbe540da36aa76872 1a35e3b0e18c4eff8ec68ce1f34b28b0 - default default] Notify callbacks ['neutron.plugins.ml2.plugin.Ml2Plugin.notify_sg_on_port_change-479487', 'neutron.db.l3_dvrscheduler_db._notify_l3_agent_port_update-8793466276296', 'neutron.db.l3_hascheduler_db._notify_l3_agent_ha_port_update--9223363243388505061', 'neutron.plugins.ml2.ovo_rpc._ObjectChangeHandler.handle_event-1617920', 'neutron.api.rpc.agentnotifiers.dhcp_rpc_agent_api.DhcpAgentNotifyAPI._native_event_send_dhcp_notification--9223372036853277191'] for port, after_update _notify_loop /usr/lib/python2.7/site-packages/neutron_lib/callbacks/manager.py:167
2018-06-28 15:34:43.613 11196 DEBUG oslo_concurrency.lockutils [-] Lock "event-dispatch" acquired by "neutron.plugins.ml2.ovo_rpc.dispatch_events" :: waited 0.000s inner /usr/lib/python2.7/site-packages/oslo_concurrency/lockutils.py:270
2018-06-28 15:34:43.834 11196 DEBUG neutron.api.rpc.handlers.resources_rpc [req-d6631901-1686-4293-9d6a-d68d655103b1 aa9ab289b900453cbe540da36aa76872 1a35e3b0e18c4eff8ec68ce1f34b28b0 - - -] neutron.api.rpc.handlers.resources_rpc.ResourcesPushRpcApi method push called with arguments (<neutron_lib.context.Context object at 0x7ff6367ba2d0>, [Port(admin_state_up=True,allowed_address_pairs=[],binding=PortBinding,binding_levels=[],created_at=2018-06-28T13:34:41Z,data_plane_status=<?>,description='',device_id='570cc852-08c1-4b9f-8261-8ec905566537',device_owner='network:floatingip',dhcp_options=[],distributed_binding=None,dns=None,fixed_ips=[IPAllocation],id=3c349973-5fcf-4f65-9b19-c0471d164199,mac_address=fa:16:3e:e0:bc:80,name='',network_id=c6b5bb99-dcc0-4f71-b6f8-268e791b3287,project_id='',qos_policy_id=None,revision_number=4,security=PortSecurity(3c349973-5fcf-4f65-9b19-c0471d164199),security_group_ids=set([]),status='N/A',updated_at=2018-06-28T13:34:43Z)], 'updated') {} wrapper /usr/lib/python2.7/site-packages/oslo_log/helpers.py:66
2018-06-28 15:34:43.886 11196 DEBUG oslo_concurrency.lockutils [req-d6631901-1686-4293-9d6a-d68d655103b1 aa9ab289b900453cbe540da36aa76872 1a35e3b0e18c4eff8ec68ce1f34b28b0 - - -] Lock "event-dispatch" released by "neutron.plugins.ml2.ovo_rpc.dispatch_events" :: held 0.273s inner /usr/lib/python2.7/site-packages/oslo_concurrency/lockutils.py:282
2018-06-28 15:34:43.989 11196 DEBUG neutron_lib.callbacks.manager [req-d6631901-1686-4293-9d6a-d68d655103b1 aa9ab289b900453cbe540da36aa76872 1a35e3b0e18c4eff8ec68ce1f34b28b0 - default default] Notify callbacks ['neutron.services.l3_router.l3_router_plugin.L3RouterPlugin._create_dvr_floating_gw_port--9223372036853196230'] for floatingip, after_update _notify_loop /usr/lib/python2.7/site-packages/neutron_lib/callbacks/manager.py:167
2018-06-28 15:34:44.041 11196 DEBUG neutron.quota.resource [req-d6631901-1686-4293-9d6a-d68d655103b1 aa9ab289b900453cbe540da36aa76872 1a35e3b0e18c4eff8ec68ce1f34b28b0 - default default] Persisted dirty status for tenant:2e091a6c34274188b9026fa8ff8e9bda on resource:floatingip mark_dirty /usr/lib/python2.7/site-packages/neutron/quota/resource.py:207
2018-06-28 15:34:44.047 11196 DEBUG neutron.quota.resource [req-d6631901-1686-4293-9d6a-d68d655103b1 aa9ab289b900453cbe540da36aa76872 1a35e3b0e18c4eff8ec68ce1f34b28b0 - default default] Persisted dirty status for tenant: on resource:port mark_dirty /usr/lib/python2.7/site-packages/neutron/quota/resource.py:207
2018-06-28 15:34:44.064 11196 DEBUG neutron_lib.callbacks.manager [req-d6631901-1686-4293-9d6a-d68d655103b1 aa9ab289b900453cbe540da36aa76872 1a35e3b0e18c4eff8ec68ce1f34b28b0 - default default] Notify callbacks ['neutron.notifiers.nova.Notifier._send_nova_notification--9223372036854773582'] for floatingip, before_response _notify_loop /usr/lib/python2.7/site-packages/neutron_lib/callbacks/manager.py:167
2018-06-28 15:34:44.066 11196 INFO neutron.wsgi [req-d6631901-1686-4293-9d6a-d68d655103b1 aa9ab289b900453cbe540da36aa76872 1a35e3b0e18c4eff8ec68ce1f34b28b0 - default default] 10.0.20.24 "POST /v2.0/floatingips HTTP/1.1" status: 201  len: 674 time: 4.3204601
2018-06-28 15:34:46.804 11214 DEBUG neutron.db.agents_db [req-5f8def58-536a-4d60-858e-57add8ecbb29 - - - - -] Agent healthcheck: found 5 active agents agent_health_check /usr/lib/python2.7/site-packages/neutron/db/agents_db.py:281
2018-06-28 15:34:48.049 11204 DEBUG neutron_lib.callbacks.manager [req-6d83d0e9-9427-4679-b131-ca0e5addf100 - - - - -] Notify callbacks ['neutron.services.segments.db._update_segment_host_mapping_for_agent-8793466637136'] for agent, after_update _notify_loop /usr/lib/python2.7/site-packages/neutron_lib/callbacks/manager.py:167
2018-06-28 15:34:48.100 11207 DEBUG neutron_lib.callbacks.manager [req-63656990-f671-4e81-8f38-b9266326bdcb - - - - -] Notify callbacks ['neutron.services.segments.db._update_segment_host_mapping_for_agent-8793466637136'] for agent, after_update _notify_loop /usr/lib/python2.7/site-packages/neutron_lib/callbacks/manager.py:167
2018-06-28 15:34:48.604 11212 DEBUG neutron_lib.callbacks.manager [req-305bed12-71bc-4662-9313-722f66dd043c - - - - -] Notify callbacks ['neutron.services.segments.db._update_segment_host_mapping_for_agent-8793466637136'] for agent, after_update _notify_loop /usr/lib/python2.7/site-packages/neutron_lib/callbacks/manager.py:167
2018-06-28 15:34:53.067 11196 DEBUG neutron.wsgi [-] (11196) accepted ('10.0.20.24', 38710) server /usr/lib/python2.7/site-packages/eventlet/wsgi.py:883
2018-06-28 15:34:53.935 11196 INFO neutron.wsgi [req-392f38cc-ac85-4011-8205-a93a720d5351 5890a01f91614c928c650e60460b0cc2 e80c8f8d9a994fdcb38348700180bb81 - default default] 10.0.20.24 "GET /v2.0/ports?device_id=1076ba23-43e2-4076-9096-66dd22be9b99 HTTP/1.1" status: 200  len: 1123 time: 0.8637211
2018-06-28 15:34:54.196 11196 INFO neutron.wsgi [req-e865631d-c525-4f72-a155-290d8bd342d3 5890a01f91614c928c650e60460b0cc2 e80c8f8d9a994fdcb38348700180bb81 - default default] 10.0.20.24 "GET /v2.0/security-groups?id=73b07153-68e5-43ba-9bfa-e499a90bbabd HTTP/1.1" status: 200  len: 2118 time: 0.2156661
2018-06-28 15:34:57.996 11194 DEBUG neutron.wsgi [-] (11194) accepted ('10.0.20.24', 38762) server /usr/lib/python2.7/site-packages/eventlet/wsgi.py:883
2018-06-28 15:34:58.748 11194 INFO neutron.wsgi [req-340ba6d1-611e-4f73-a3ec-fe0f069284bc 5890a01f91614c928c650e60460b0cc2 e80c8f8d9a994fdcb38348700180bb81 - default default] 10.0.20.24 "GET /v2.0/ports?device_id=1076ba23-43e2-4076-9096-66dd22be9b99 HTTP/1.1" status: 200  len: 1123 time: 0.7483020
2018-06-28 15:34:58.842 11195 DEBUG neutron.quota.resource [req-07f31ccb-acff-4f1c-8f85-ae2ec1817088 764136726b634796a11e6152a0412253 2e091a6c34274188b9026fa8ff8e9bda - 2410aecb84a94f739c644f1fb4cbefd5 2410aecb84a94f739c644f1fb4cbefd5] Synchronizing usage tracker for tenant:2e091a6c34274188b9026fa8ff8e9bda on resource:port resync /usr/lib/python2.7/site-packages/neutron/quota/resource.py:245
2018-06-28 15:34:58.915 11195 DEBUG neutron.quota.resource [req-07f31ccb-acff-4f1c-8f85-ae2ec1817088 764136726b634796a11e6152a0412253 2e091a6c34274188b9026fa8ff8e9bda - 2410aecb84a94f739c644f1fb4cbefd5 2410aecb84a94f739c644f1fb4cbefd5] Unset dirty status for tenant:2e091a6c34274188b9026fa8ff8e9bda on resource:port _resync /usr/lib/python2.7/site-packages/neutron/quota/resource.py:237
2018-06-28 15:34:58.919 11195 INFO neutron.wsgi [req-07f31ccb-acff-4f1c-8f85-ae2ec1817088 764136726b634796a11e6152a0412253 2e091a6c34274188b9026fa8ff8e9bda - 2410aecb84a94f739c644f1fb4cbefd5 2410aecb84a94f739c644f1fb4cbefd5] 10.0.20.24 "GET /v2.0/ports?device_id=1076ba23-43e2-4076-9096-66dd22be9b99 HTTP/1.1" status: 200  len: 1123 time: 0.7674830
2018-06-28 15:34:58.934 11194 INFO neutron.wsgi [req-1ed77754-f2f4-4e60-abb9-57fca764cf80 5890a01f91614c928c650e60460b0cc2 e80c8f8d9a994fdcb38348700180bb81 - default default] 10.0.20.24 "GET /v2.0/security-groups?id=73b07153-68e5-43ba-9bfa-e499a90bbabd HTTP/1.1" status: 200  len: 2118 time: 0.1504469
2018-06-28 15:34:59.075 11195 INFO neutron.wsgi [req-ca3c4f78-ec5f-44c2-ae50-541223b24e99 764136726b634796a11e6152a0412253 2e091a6c34274188b9026fa8ff8e9bda - 2410aecb84a94f739c644f1fb4cbefd5 2410aecb84a94f739c644f1fb4cbefd5] 10.0.20.24 "GET /v2.0/security-groups?id=73b07153-68e5-43ba-9bfa-e499a90bbabd HTTP/1.1" status: 200  len: 2118 time: 0.1466141
2018-06-28 15:34:59.393 11195 INFO neutron.wsgi [req-3b5061a5-bde7-444b-958c-5bfaeb076894 764136726b634796a11e6152a0412253 2e091a6c34274188b9026fa8ff8e9bda - 2410aecb84a94f739c644f1fb4cbefd5 2410aecb84a94f739c644f1fb4cbefd5] 10.0.20.24 "GET /v2.0/ports?device_owner=compute%3Anova&device_id=1076ba23-43e2-4076-9096-66dd22be9b99 HTTP/1.1" status: 200  len: 1123 time: 0.1063170
2018-06-28 15:34:59.556 11195 INFO neutron.wsgi [req-770f3d0f-41b9-48b0-b345-9ef68c5178be 764136726b634796a11e6152a0412253 2e091a6c34274188b9026fa8ff8e9bda - 2410aecb84a94f739c644f1fb4cbefd5 2410aecb84a94f739c644f1fb4cbefd5] 10.0.20.24 "GET /v2.0/floatingips?floating_ip_address=172.24.4.9 HTTP/1.1" status: 200  len: 672 time: 0.0828660
2018-06-28 15:34:59.592 11195 DEBUG neutron.api.v2.base [req-4a6493ed-bdb4-421f-ab8a-12a486a15e01 764136726b634796a11e6152a0412253 2e091a6c34274188b9026fa8ff8e9bda - 2410aecb84a94f739c644f1fb4cbefd5 2410aecb84a94f739c644f1fb4cbefd5] Request body: {u'floatingip': {u'fixed_ip_address': u'11.19.1.6', u'port_id': u'4d555fd7-b261-471e-b67b-367ae674750b'}} prepare_request_body /usr/lib/python2.7/site-packages/neutron/api/v2/base.py:695
2018-06-28 15:34:59.655 11195 INFO neutron.wsgi [req-56d481b9-a98d-4dae-895e-5cebd3971524 5890a01f91614c928c650e60460b0cc2 e80c8f8d9a994fdcb38348700180bb81 - default default] 10.0.20.24 "GET /v2.0/ports?tenant_id=2e091a6c34274188b9026fa8ff8e9bda&device_id=1076ba23-43e2-4076-9096-66dd22be9b99 HTTP/1.1" status: 200  len: 1123 time: 0.2571671
2018-06-28 15:35:00.115 11195 DEBUG neutron.pecan_wsgi.hooks.policy_enforcement [req-34f97a40-8932-457b-96f8-73fc9366b35a 5890a01f91614c928c650e60460b0cc2 e80c8f8d9a994fdcb38348700180bb81 - default default] Attributes excluded by policy engine: [u'vlan_transparent'] _exclude_attributes_by_policy /usr/lib/python2.7/site-packages/neutron/pecan_wsgi/hooks/policy_enforcement.py:256
2018-06-28 15:35:00.118 11195 INFO neutron.wsgi [req-34f97a40-8932-457b-96f8-73fc9366b35a 5890a01f91614c928c650e60460b0cc2 e80c8f8d9a994fdcb38348700180bb81 - default default] 10.0.20.24 "GET /v2.0/networks?id=d9dd533a-2126-40a9-b68b-10a68696b0c9 HTTP/1.1" status: 200  len: 885 time: 0.4538221
2018-06-28 15:35:00.252 11195 INFO neutron.wsgi [req-754ece4e-ef6e-4c81-a199-6f6ccdf9f46b 5890a01f91614c928c650e60460b0cc2 e80c8f8d9a994fdcb38348700180bb81 - default default] 10.0.20.24 "GET /v2.0/floatingips?fixed_ip_address=11.19.1.6&port_id=4d555fd7-b261-471e-b67b-367ae674750b HTTP/1.1" status: 200  len: 217 time: 0.1238809
2018-06-28 15:35:00.725 11195 DEBUG neutron_lib.callbacks.manager [req-4a6493ed-bdb4-421f-ab8a-12a486a15e01 764136726b634796a11e6152a0412253 2e091a6c34274188b9026fa8ff8e9bda - 2410aecb84a94f739c644f1fb4cbefd5 2410aecb84a94f739c644f1fb4cbefd5] Notify callbacks ['neutron.services.l3_router.l3_router_plugin.L3RouterPlugin._create_dvr_floating_gw_port--9223372036853196230'] for floatingip, after_update _notify_loop /usr/lib/python2.7/site-packages/neutron_lib/callbacks/manager.py:167
2018-06-28 15:35:01.016 11195 DEBUG neutron.pecan_wsgi.hooks.policy_enforcement [req-a3ed1159-6bd8-48b0-8159-f3f35674cee6 5890a01f91614c928c650e60460b0cc2 e80c8f8d9a994fdcb38348700180bb81 - default default] Attributes excluded by policy engine: [u'shared'] _exclude_attributes_by_policy /usr/lib/python2.7/site-packages/neutron/pecan_wsgi/hooks/policy_enforcement.py:256
2018-06-28 15:35:01.020 11195 INFO neutron.wsgi [req-a3ed1159-6bd8-48b0-8159-f3f35674cee6 5890a01f91614c928c650e60460b0cc2 e80c8f8d9a994fdcb38348700180bb81 - default default] 10.0.20.24 "GET /v2.0/subnets?id=46c6a421-a76f-40c2-955b-ab8b7c589702 HTTP/1.1" status: 200  len: 843 time: 0.7576721
2018-06-28 15:35:01.248 11199 DEBUG neutron.wsgi [-] (11199) accepted ('10.0.20.24', 38796) server /usr/lib/python2.7/site-packages/eventlet/wsgi.py:883
2018-06-28 15:35:01.448 11195 INFO neutron.wsgi [req-f4b27791-1ff9-4aeb-94ba-da9d2f4adfc4 5890a01f91614c928c650e60460b0cc2 e80c8f8d9a994fdcb38348700180bb81 - default default] 10.0.20.24 "GET /v2.0/ports?network_id=d9dd533a-2126-40a9-b68b-10a68696b0c9&device_owner=network%3Adhcp HTTP/1.1" status: 200  len: 1127 time: 0.4194059
2018-06-28 15:35:01.962 11195 DEBUG neutron.scheduler.l3_agent_scheduler [req-4a6493ed-bdb4-421f-ab8a-12a486a15e01 764136726b634796a11e6152a0412253 2e091a6c34274188b9026fa8ff8e9bda - 2410aecb84a94f739c644f1fb4cbefd5 2410aecb84a94f739c644f1fb4cbefd5] Router abeee0d6-6696-4974-a2cf-9a8a0f92fdba has already been hosted by L3 agent f5d070e7-be6d-4df3-ab9e-52b79e66576a _get_candidates /usr/lib/python2.7/site-packages/neutron/scheduler/l3_agent_scheduler.py:141
2018-06-28 15:35:01.961 11213 DEBUG neutron_lib.callbacks.manager [req-3f5e29a1-2e9f-4948-96f6-856e8e05406f - - - - -] Notify callbacks ['neutron.services.segments.db._update_segment_host_mapping_for_agent-8793466637136'] for agent, after_update _notify_loop /usr/lib/python2.7/site-packages/neutron_lib/callbacks/manager.py:167
2018-06-28 15:35:02.384 11195 DEBUG neutron.api.rpc.agentnotifiers.l3_rpc_agent_api [req-4a6493ed-bdb4-421f-ab8a-12a486a15e01 764136726b634796a11e6152a0412253 2e091a6c34274188b9026fa8ff8e9bda - 2410aecb84a94f739c644f1fb4cbefd5 2410aecb84a94f739c644f1fb4cbefd5] Notify agent at l3_agent.localhost.localdomain the message routers_updated _agent_notification /usr/lib/python2.7/site-packages/neutron/api/rpc/agentnotifiers/l3_rpc_agent_api.py:69
2018-06-28 15:35:02.470 11195 DEBUG neutron_lib.callbacks.manager [req-4a6493ed-bdb4-421f-ab8a-12a486a15e01 764136726b634796a11e6152a0412253 2e091a6c34274188b9026fa8ff8e9bda - 2410aecb84a94f739c644f1fb4cbefd5 2410aecb84a94f739c644f1fb4cbefd5] Notify callbacks ['neutron.notifiers.nova.Notifier._send_nova_notification--9223372036854773582'] for floatingip, before_response _notify_loop /usr/lib/python2.7/site-packages/neutron_lib/callbacks/manager.py:167
2018-06-28 15:35:02.548 11214 DEBUG neutron.db.l3_hamode_db [req-a9b52f37-6f35-415f-88f4-18c84ea74fe9 - - - - -] neutron.services.l3_router.l3_router_plugin.L3RouterPlugin method get_ha_sync_data_for_host called with arguments (<neutron_lib.context.Context object at 0x7ff6368680d0>, u'localhost.localdomain', <neutron.db.models.agent.Agent[object at 7ff63676e450] {id=u'f5d070e7-be6d-4df3-ab9e-52b79e66576a', agent_type=u'L3 agent', binary=u'neutron-l3-agent', topic=u'l3_agent', host=u'localhost.localdomain', availability_zone=u'nova', admin_state_up=True, created_at=datetime.datetime(2018, 6, 6, 18, 4, 36), started_at=datetime.datetime(2018, 6, 28, 13, 19, 18), heartbeat_timestamp=datetime.datetime(2018, 6, 28, 13, 34, 48), description=None, configurations=u'{"agent_mode": "legacy", "gateway_external_network_id": "", "handle_internal_only_routers": true, "routers": 3, "interfaces": 3, "floating_ips": 0, "interface_driver": "neutron.agent.linux.interface.OVSInterfaceDriver", "log_agent_heartbeats": false, "external_network_bridge": "", "ex_gw_ports": 3}', resource_versions=None, load=0}>) {'active': True, 'router_ids': ['abeee0d6-6696-4974-a2cf-9a8a0f92fdba']} wrapper /usr/lib/python2.7/site-packages/oslo_log/helpers.py:66
2018-06-28 15:35:02.553 11206 DEBUG neutron_lib.callbacks.manager [req-b2219ce8-19c7-4519-884d-74f121c6a1c0 - - - - -] Notify callbacks ['neutron.services.segments.db._update_segment_host_mapping_for_agent-8793466637136'] for agent, after_update _notify_loop /usr/lib/python2.7/site-packages/neutron_lib/callbacks/manager.py:167
2018-06-28 15:35:02.586 11199 INFO neutron.wsgi [req-0f3bffc9-fbd3-4fac-a856-e14adae38f71 5890a01f91614c928c650e60460b0cc2 e80c8f8d9a994fdcb38348700180bb81 - default default] 10.0.20.24 "GET /v2.0/ports?device_id=1076ba23-43e2-4076-9096-66dd22be9b99 HTTP/1.1" status: 200  len: 1123 time: 1.3346009
2018-06-28 15:35:02.744 11195 INFO neutron.wsgi [req-4a6493ed-bdb4-421f-ab8a-12a486a15e01 764136726b634796a11e6152a0412253 2e091a6c34274188b9026fa8ff8e9bda - 2410aecb84a94f739c644f1fb4cbefd5 2410aecb84a94f739c644f1fb4cbefd5] 10.0.20.24 "PUT /v2.0/floatingips/570cc852-08c1-4b9f-8261-8ec905566537 HTTP/1.1" status: 200  len: 744 time: 3.1774590
2018-06-28 15:35:02.748 11195 DEBUG oslo_concurrency.lockutils [-] Lock "notifier-64458293-31b4-4932-8e67-a5e69632e3c1" acquired by "neutron.notifiers.batch_notifier.synced_send" :: waited 0.000s inner /usr/lib/python2.7/site-packages/oslo_concurrency/lockutils.py:270
2018-06-28 15:35:02.750 11195 DEBUG neutron.notifiers.nova [-] Sending events: [{'tag': u'4d555fd7-b261-471e-b67b-367ae674750b', 'name': 'network-changed', 'server_uuid': u'1076ba23-43e2-4076-9096-66dd22be9b99'}] send_events /usr/lib/python2.7/site-packages/neutron/notifiers/nova.py:242
2018-06-28 15:35:02.764 11195 DEBUG novaclient.v2.client [-] REQ: curl -g -i -X POST http://10.0.20.24:8774/v2.1/e80c8f8d9a994fdcb38348700180bb81/os-server-external-events -H "User-Agent: python-novaclient" -H "Content-Type: application/json" -H "Accept: application/json" -H "X-OpenStack-Nova-API-Version: 2.1" -H "X-Auth-Token: {SHA1}620160a08646b2825a43d090f69934268e22a1e4" -d '{"events": [{"tag": "4d555fd7-b261-471e-b67b-367ae674750b", "name": "network-changed", "server_uuid": "1076ba23-43e2-4076-9096-66dd22be9b99"}]}' _http_log_request /usr/lib/python2.7/site-packages/keystoneauth1/session.py:375
2018-06-28 15:35:02.912 11199 INFO neutron.wsgi [req-783f2086-b61b-441f-8618-7c2b48c84278 5890a01f91614c928c650e60460b0cc2 e80c8f8d9a994fdcb38348700180bb81 - default default] 10.0.20.24 "GET /v2.0/security-groups?id=73b07153-68e5-43ba-9bfa-e499a90bbabd HTTP/1.1" status: 200  len: 2118 time: 0.2168860
2018-06-28 15:35:02.922 11195 DEBUG novaclient.v2.client [-] RESP: [200] Content-Length: 179 Content-Type: application/json Openstack-Api-Version: compute 2.1 X-Openstack-Nova-Api-Version: 2.1 Vary: OpenStack-API-Version, X-OpenStack-Nova-API-Version X-Openstack-Request-Id: req-cffc3f72-86cf-410a-94be-bb4c1f56ca9a X-Compute-Request-Id: req-cffc3f72-86cf-410a-94be-bb4c1f56ca9a Date: Thu, 28 Jun 2018 13:35:02 GMT Connection: keep-alive 
RESP BODY: {"events": [{"status": "completed", "tag": "4d555fd7-b261-471e-b67b-367ae674750b", "name": "network-changed", "server_uuid": "1076ba23-43e2-4076-9096-66dd22be9b99", "code": 200}]}
 _http_log_response /usr/lib/python2.7/site-packages/keystoneauth1/session.py:423
2018-06-28 15:35:02.923 11195 DEBUG novaclient.v2.client [-] POST call to compute for http://10.0.20.24:8774/v2.1/e80c8f8d9a994fdcb38348700180bb81/os-server-external-events used request id req-cffc3f72-86cf-410a-94be-bb4c1f56ca9a request /usr/lib/python2.7/site-packages/keystoneauth1/session.py:727
2018-06-28 15:35:02.940 11195 INFO neutron.notifiers.nova [-] Nova event response: {u'status': u'completed', u'tag': u'4d555fd7-b261-471e-b67b-367ae674750b', u'name': u'network-changed', u'server_uuid': u'1076ba23-43e2-4076-9096-66dd22be9b99', u'code': 200}
2018-06-28 15:35:03.206 11195 INFO neutron.wsgi [req-e0e33c5b-7c1d-482a-ac0e-1bc7d77c1a83 5890a01f91614c928c650e60460b0cc2 e80c8f8d9a994fdcb38348700180bb81 - default default] 10.0.20.24 "GET /v2.0/ports?tenant_id=2e091a6c34274188b9026fa8ff8e9bda&device_id=1076ba23-43e2-4076-9096-66dd22be9b99 HTTP/1.1" status: 200  len: 1123 time: 0.2020109
2018-06-28 15:35:03.590 11195 DEBUG neutron.pecan_wsgi.hooks.policy_enforcement [req-e482e570-f71c-4884-91eb-d47263f40eea 5890a01f91614c928c650e60460b0cc2 e80c8f8d9a994fdcb38348700180bb81 - default default] Attributes excluded by policy engine: [u'vlan_transparent'] _exclude_attributes_by_policy /usr/lib/python2.7/site-packages/neutron/pecan_wsgi/hooks/policy_enforcement.py:256
2018-06-28 15:35:03.594 11195 INFO neutron.wsgi [req-e482e570-f71c-4884-91eb-d47263f40eea 5890a01f91614c928c650e60460b0cc2 e80c8f8d9a994fdcb38348700180bb81 - default default] 10.0.20.24 "GET /v2.0/networks?id=d9dd533a-2126-40a9-b68b-10a68696b0c9 HTTP/1.1" status: 200  len: 885 time: 0.3744850
2018-06-28 15:35:03.665 11195 INFO neutron.wsgi [req-0b99d43b-27f0-43e7-b6fb-39dbc27a8f38 5890a01f91614c928c650e60460b0cc2 e80c8f8d9a994fdcb38348700180bb81 - default default] 10.0.20.24 "GET /v2.0/floatingips?fixed_ip_address=11.19.1.6&port_id=4d555fd7-b261-471e-b67b-367ae674750b HTTP/1.1" status: 200  len: 747 time: 0.0575531
2018-06-28 15:35:03.777 11214 DEBUG neutron.db.l3_hamode_db [req-a9b52f37-6f35-415f-88f4-18c84ea74fe9 - - - - -] neutron.services.l3_router.l3_router_plugin.L3RouterPlugin method _process_sync_ha_data called with arguments (<neutron_lib.context.Context object at 0x7ff6368680d0>, [{'status': u'ACTIVE', '_interfaces': [{'status': u'ACTIVE', 'subnets': [{'dns_nameservers': [u'8.8.4.4'], 'ipv6_ra_mode': None, 'gateway_ip': u'11.19.1.1', 'cidr': u'11.19.1.0/24', 'id': u'46c6a421-a76f-40c2-955b-ab8b7c589702', 'subnetpool_id': None}], 'binding:host_id': u'localhost.localdomain', 'description': u'', 'allowed_address_pairs': [], 'tags': [], 'extra_dhcp_opts': [], 'updated_at': '2018-06-28T13:33:05Z', 'device_owner': u'network:router_interface', 'revision_number': 7, 'port_security_enabled': False, 'binding:profile': {}, 'mtu': 1450, 'fixed_ips': [{'subnet_id': u'46c6a421-a76f-40c2-955b-ab8b7c589702', 'prefixlen': 24, 'ip_address': u'11.19.1.1'}], 'id': u'fec84d7d-6ae0-4d8e-8012-fc0902820c66', 'security_groups': [], 'device_id': u'abeee0d6-6696-4974-a2cf-9a8a0f92fdba', 'name': u'', 'admin_state_up': True, 'network_id': u'd9dd533a-2126-40a9-b68b-10a68696b0c9', 'tenant_id': u'2e091a6c34274188b9026fa8ff8e9bda', 'binding:vif_details': {u'port_filter': True, u'datapath_type': u'system', u'ovs_hybrid_plug': True}, 'address_scopes': {4: None, 6: None}, 'binding:vnic_type': u'normal', 'binding:vif_type': u'ovs', 'mac_address': u'fa:16:3e:d2:bc:48', 'project_id': u'2e091a6c34274188b9026fa8ff8e9bda', 'extra_subnets': [], 'created_at': '2018-06-28T13:32:57Z'}], 'enable_snat': True, 'ha_vr_id': 0, 'description': u'', 'tags': [], 'gw_port': {'status': u'ACTIVE', 'subnets': [{'dns_nameservers': [], 'ipv6_ra_mode': None, 'gateway_ip': u'172.24.4.1', 'cidr': u'172.24.4.0/24', 'id': u'b9318fa8-4541-4df2-b5e9-58dd572f2238', 'subnetpool_id': None}], 'binding:host_id': u'localhost.localdomain', 'description': u'', 'allowed_address_pairs': [], 'tags': [], 'extra_dhcp_opts': [], 'updated_at': '2018-06-28T13:33:17Z', 'device_owner': u'network:router_gateway', 'revision_number': 6, 'port_security_enabled': False, 'binding:profile': {}, 'mtu': 1500, 'fixed_ips': [{'subnet_id': u'b9318fa8-4541-4df2-b5e9-58dd572f2238', 'prefixlen': 24, 'ip_address': u'172.24.4.8'}], 'id': u'5fa7ccfb-e45d-4adb-97b3-33baf28ae25a', 'security_groups': [], 'device_id': u'abeee0d6-6696-4974-a2cf-9a8a0f92fdba', 'name': u'', 'admin_state_up': True, 'network_id': u'c6b5bb99-dcc0-4f71-b6f8-268e791b3287', 'tenant_id': u'', 'binding:vif_details': {u'port_filter': True, u'datapath_type': u'system', u'ovs_hybrid_plug': True}, 'address_scopes': {4: None, 6: None}, 'binding:vnic_type': u'normal', 'binding:vif_type': u'ovs', 'mac_address': u'fa:16:3e:d1:58:bf', 'project_id': u'', 'extra_subnets': [], 'created_at': '2018-06-28T13:33:10Z'}, 'updated_at': '2018-06-28T13:33:11Z', 'revision_number': 4, 'ha': False, 'id': u'abeee0d6-6696-4974-a2cf-9a8a0f92fdba', 'gw_port_host': u'localhost.localdomain', 'external_gateway_info': {'network_id': u'c6b5bb99-dcc0-4f71-b6f8-268e791b3287', 'enable_snat': True, 'external_fixed_ips': [{'subnet_id': u'b9318fa8-4541-4df2-b5e9-58dd572f2238', 'ip_address': u'172.24.4.8'}]}, 'availability_zone_hints': [], 'availability_zones': [u'nova'], 'name': u'tempest-router-1530192552', 'gw_port_id': u'5fa7ccfb-e45d-4adb-97b3-33baf28ae25a', 'admin_state_up': True, 'tenant_id': u'2e091a6c34274188b9026fa8ff8e9bda', 'created_at': '2018-06-28T13:32:39Z', 'distributed': False, 'flavor_id': None, 'routes': [], 'project_id': u'2e091a6c34274188b9026fa8ff8e9bda', '_floatingips': [{'router_id': u'abeee0d6-6696-4974-a2cf-9a8a0f92fdba', 'status': u'DOWN', 'description': u'', 'tags': [], 'updated_at': '2018-06-28T13:35:00Z', 'dns_domain': '', 'floating_network_id': u'c6b5bb99-dcc0-4f71-b6f8-268e791b3287', 'fixed_ip_address': u'11.19.1.6', 'floating_ip_address': u'172.24.4.9', 'revision_number': 1, 'port_id': u'4d555fd7-b261-471e-b67b-367ae674750b', 'id': u'570cc852-08c1-4b9f-8261-8ec905566537', 'dns_name': '', 'created_at': '2018-06-28T13:34:42Z', 'tenant_id': u'2e091a6c34274188b9026fa8ff8e9bda', 'fixed_ip_address_scope': None, 'project_id': u'2e091a6c34274188b9026fa8ff8e9bda'}]}], u'localhost.localdomain', False) {} wrapper /usr/lib/python2.7/site-packages/oslo_log/helpers.py:66
2018-06-28 15:35:03.794 11214 DEBUG neutron.api.rpc.handlers.l3_rpc [req-a9b52f37-6f35-415f-88f4-18c84ea74fe9 - - - - -] Checking router: abeee0d6-6696-4974-a2cf-9a8a0f92fdba for host: localhost.localdomain _ensure_host_set_on_ports /usr/lib/python2.7/site-packages/neutron/api/rpc/handlers/l3_rpc.py:135
2018-06-28 15:35:03.880 11195 DEBUG neutron.pecan_wsgi.hooks.policy_enforcement [req-14ce3a0b-7b36-44e4-8025-8b2c71deb983 5890a01f91614c928c650e60460b0cc2 e80c8f8d9a994fdcb38348700180bb81 - default default] Attributes excluded by policy engine: [u'shared'] _exclude_attributes_by_policy /usr/lib/python2.7/site-packages/neutron/pecan_wsgi/hooks/policy_enforcement.py:256
2018-06-28 15:35:03.884 11195 INFO neutron.wsgi [req-14ce3a0b-7b36-44e4-8025-8b2c71deb983 5890a01f91614c928c650e60460b0cc2 e80c8f8d9a994fdcb38348700180bb81 - default default] 10.0.20.24 "GET /v2.0/subnets?id=46c6a421-a76f-40c2-955b-ab8b7c589702 HTTP/1.1" status: 200  len: 843 time: 0.2056100
2018-06-28 15:35:04.095 11195 INFO neutron.wsgi [req-37ac96c2-a5ce-4148-8497-faf20f62be22 5890a01f91614c928c650e60460b0cc2 e80c8f8d9a994fdcb38348700180bb81 - default default] 10.0.20.24 "GET /v2.0/ports?network_id=d9dd533a-2126-40a9-b68b-10a68696b0c9&device_owner=network%3Adhcp HTTP/1.1" status: 200  len: 1127 time: 0.1948380
2018-06-28 15:35:04.349 11211 DEBUG neutron.api.rpc.handlers.l3_rpc [req-21b15014-dd4b-46c8-a38f-7d64ba9185d7 - - - - -] New status for floating IP 570cc852-08c1-4b9f-8261-8ec905566537: ACTIVE update_floatingip_statuses /usr/lib/python2.7/site-packages/neutron/api/rpc/handlers/l3_rpc.py:252
2018-06-28 15:35:04.961 11195 DEBUG oslo_concurrency.lockutils [-] Lock "notifier-64458293-31b4-4932-8e67-a5e69632e3c1" released by "neutron.notifiers.batch_notifier.synced_send" :: held 2.214s inner /usr/lib/python2.7/site-packages/oslo_concurrency/lockutils.py:282
2018-06-28 15:35:05.048 11195 INFO neutron.wsgi [req-a8012941-8cde-4c7f-930a-3dccba224f56 5890a01f91614c928c650e60460b0cc2 e80c8f8d9a994fdcb38348700180bb81 - default default] 10.0.20.24 "GET /v2.0/ports?tenant_id=2e091a6c34274188b9026fa8ff8e9bda&device_id=1076ba23-43e2-4076-9096-66dd22be9b99 HTTP/1.1" status: 200  len: 1123 time: 0.8143480
2018-06-28 15:35:05.427 11195 DEBUG neutron.pecan_wsgi.hooks.policy_enforcement [req-de1adfda-00a4-4887-8d72-7c5c5e8b3bdc 5890a01f91614c928c650e60460b0cc2 e80c8f8d9a994fdcb38348700180bb81 - default default] Attributes excluded by policy engine: [u'vlan_transparent'] _exclude_attributes_by_policy /usr/lib/python2.7/site-packages/neutron/pecan_wsgi/hooks/policy_enforcement.py:256
2018-06-28 15:35:05.431 11195 INFO neutron.wsgi [req-de1adfda-00a4-4887-8d72-7c5c5e8b3bdc 5890a01f91614c928c650e60460b0cc2 e80c8f8d9a994fdcb38348700180bb81 - default default] 10.0.20.24 "GET /v2.0/networks?id=d9dd533a-2126-40a9-b68b-10a68696b0c9 HTTP/1.1" status: 200  len: 885 time: 0.3675320
2018-06-28 15:35:05.503 11195 INFO neutron.wsgi [req-c97ff745-e499-4eae-b4a5-2525d613820a 5890a01f91614c928c650e60460b0cc2 e80c8f8d9a994fdcb38348700180bb81 - default default] 10.0.20.24 "GET /v2.0/floatingips?fixed_ip_address=11.19.1.6&port_id=4d555fd7-b261-471e-b67b-367ae674750b HTTP/1.1" status: 200  len: 749 time: 0.0611870
2018-06-28 15:35:05.690 11195 DEBUG neutron.pecan_wsgi.hooks.policy_enforcement [req-ab519dd6-83db-45f0-bb0c-cae5c6657f6b 5890a01f91614c928c650e60460b0cc2 e80c8f8d9a994fdcb38348700180bb81 - default default] Attributes excluded by policy engine: [u'shared'] _exclude_attributes_by_policy /usr/lib/python2.7/site-packages/neutron/pecan_wsgi/hooks/policy_enforcement.py:256
2018-06-28 15:35:05.694 11195 INFO neutron.wsgi [req-ab519dd6-83db-45f0-bb0c-cae5c6657f6b 5890a01f91614c928c650e60460b0cc2 e80c8f8d9a994fdcb38348700180bb81 - default default] 10.0.20.24 "GET /v2.0/subnets?id=46c6a421-a76f-40c2-955b-ab8b7c589702 HTTP/1.1" status: 200  len: 843 time: 0.1824160
2018-06-28 15:35:05.843 11195 INFO neutron.wsgi [req-60a2e113-6283-4ea6-afe2-abe75d9aafe0 5890a01f91614c928c650e60460b0cc2 e80c8f8d9a994fdcb38348700180bb81 - default default] 10.0.20.24 "GET /v2.0/ports?network_id=d9dd533a-2126-40a9-b68b-10a68696b0c9&device_owner=network%3Adhcp HTTP/1.1" status: 200  len: 1127 time: 0.1371388
2018-06-28 15:35:08.714 11197 DEBUG neutron.wsgi [-] (11197) accepted ('10.0.20.24', 38882) server /usr/lib/python2.7/site-packages/eventlet/wsgi.py:883
2018-06-28 15:35:09.091 11197 INFO neutron.wsgi [req-42bbfabd-5d3e-45bd-a4eb-29af53dbdbaa 5890a01f91614c928c650e60460b0cc2 e80c8f8d9a994fdcb38348700180bb81 - default default] 10.0.20.24 "GET /v2.0/ports?device_id=1076ba23-43e2-4076-9096-66dd22be9b99 HTTP/1.1" status: 200  len: 1123 time: 0.3761840
2018-06-28 15:35:09.234 11197 INFO neutron.wsgi [req-79f66254-6eec-4595-908e-18a3a0c0fa79 5890a01f91614c928c650e60460b0cc2 e80c8f8d9a994fdcb38348700180bb81 - default default] 10.0.20.24 "GET /v2.0/security-groups?id=73b07153-68e5-43ba-9bfa-e499a90bbabd HTTP/1.1" status: 200  len: 2118 time: 0.1197162
2018-06-28 15:35:11.598 11199 DEBUG neutron.wsgi [-] (11199) accepted ('10.0.20.24', 38900) server /usr/lib/python2.7/site-packages/eventlet/wsgi.py:883
2018-06-28 15:35:11.963 11199 INFO neutron.wsgi [req-728673a5-bd6f-43c5-addd-f595e0766f3c 5890a01f91614c928c650e60460b0cc2 e80c8f8d9a994fdcb38348700180bb81 - default default] 10.0.20.24 "GET /v2.0/ports?device_id=1076ba23-43e2-4076-9096-66dd22be9b99 HTTP/1.1" status: 200  len: 1123 time: 0.3636279
2018-06-28 15:35:12.084 11199 INFO neutron.wsgi [req-05ea757e-522f-43c4-9ffc-6fb9956a6bb9 5890a01f91614c928c650e60460b0cc2 e80c8f8d9a994fdcb38348700180bb81 - default default] 10.0.20.24 "GET /v2.0/security-groups?id=73b07153-68e5-43ba-9bfa-e499a90bbabd HTTP/1.1" status: 200  len: 2118 time: 0.0963991
2018-06-28 15:35:18.044 11210 DEBUG neutron_lib.callbacks.manager [req-6d83d0e9-9427-4679-b131-ca0e5addf100 - - - - -] Notify callbacks ['neutron.services.segments.db._update_segment_host_mapping_for_agent-8793466637136'] for agent, after_update _notify_loop /usr/lib/python2.7/site-packages/neutron_lib/callbacks/manager.py:167
2018-06-28 15:35:18.097 11211 DEBUG neutron_lib.callbacks.manager [req-54982081-ef50-4297-b9b7-1932321901af - - - - -] Notify callbacks ['neutron.services.segments.db._update_segment_host_mapping_for_agent-8793466637136'] for agent, after_update _notify_loop /usr/lib/python2.7/site-packages/neutron_lib/callbacks/manager.py:167
2018-06-28 15:35:18.502 11199 DEBUG neutron.wsgi [-] (11199) accepted ('10.0.20.24', 38924) server /usr/lib/python2.7/site-packages/eventlet/wsgi.py:883
2018-06-28 15:35:18.596 11205 DEBUG neutron_lib.callbacks.manager [req-034af6ba-80f0-433e-8655-a1265bd7f791 - - - - -] Notify callbacks ['neutron.services.segments.db._update_segment_host_mapping_for_agent-8793466637136'] for agent, after_update _notify_loop /usr/lib/python2.7/site-packages/neutron_lib/callbacks/manager.py:167
2018-06-28 15:35:19.061 11199 WARNING keystonemiddleware.auth_token [-] A valid token was submitted as a service token, but it was not a valid service token. This is incorrect but backwards compatible behaviour. This will be removed in future releases.
2018-06-28 15:35:19.638 11199 DEBUG neutron.quota.resource [req-952d4964-0aef-4b00-bc39-c1e59a80fa4a 764136726b634796a11e6152a0412253 2e091a6c34274188b9026fa8ff8e9bda - 2410aecb84a94f739c644f1fb4cbefd5 2410aecb84a94f739c644f1fb4cbefd5] Synchronizing usage tracker for tenant:2e091a6c34274188b9026fa8ff8e9bda on resource:port resync /usr/lib/python2.7/site-packages/neutron/quota/resource.py:245
2018-06-28 15:35:19.667 11199 DEBUG neutron.quota.resource [req-952d4964-0aef-4b00-bc39-c1e59a80fa4a 764136726b634796a11e6152a0412253 2e091a6c34274188b9026fa8ff8e9bda - 2410aecb84a94f739c644f1fb4cbefd5 2410aecb84a94f739c644f1fb4cbefd5] Unset dirty status for tenant:2e091a6c34274188b9026fa8ff8e9bda on resource:port _resync /usr/lib/python2.7/site-packages/neutron/quota/resource.py:237
2018-06-28 15:35:19.669 11199 INFO neutron.wsgi [req-952d4964-0aef-4b00-bc39-c1e59a80fa4a 764136726b634796a11e6152a0412253 2e091a6c34274188b9026fa8ff8e9bda - 2410aecb84a94f739c644f1fb4cbefd5 2410aecb84a94f739c644f1fb4cbefd5] 10.0.20.24 "GET /v2.0/ports?device_id=1076ba23-43e2-4076-9096-66dd22be9b99 HTTP/1.1" status: 200  len: 1123 time: 1.1650670
2018-06-28 15:35:19.823 11199 INFO neutron.wsgi [req-b25b154f-a2db-410c-8cf2-74bc04ce727c 764136726b634796a11e6152a0412253 2e091a6c34274188b9026fa8ff8e9bda - 2410aecb84a94f739c644f1fb4cbefd5 2410aecb84a94f739c644f1fb4cbefd5] 10.0.20.24 "GET /v2.0/security-groups?id=73b07153-68e5-43ba-9bfa-e499a90bbabd HTTP/1.1" status: 200  len: 2118 time: 0.1258571
2018-06-28 15:35:23.815 11214 DEBUG neutron.db.agents_db [req-5f8def58-536a-4d60-858e-57add8ecbb29 - - - - -] Agent healthcheck: found 5 active agents agent_health_check /usr/lib/python2.7/site-packages/neutron/db/agents_db.py:281
2018-06-28 15:35:31.897 11208 DEBUG neutron_lib.callbacks.manager [req-3f5e29a1-2e9f-4948-96f6-856e8e05406f - - - - -] Notify callbacks ['neutron.services.segments.db._update_segment_host_mapping_for_agent-8793466637136'] for agent, after_update _notify_loop /usr/lib/python2.7/site-packages/neutron_lib/callbacks/manager.py:167
2018-06-28 15:35:32.514 11204 DEBUG neutron_lib.callbacks.manager [req-b2219ce8-19c7-4519-884d-74f121c6a1c0 - - - - -] Notify callbacks ['neutron.services.segments.db._update_segment_host_mapping_for_agent-8793466637136'] for agent, after_update _notify_loop /usr/lib/python2.7/site-packages/neutron_lib/callbacks/manager.py:167
2018-06-28 15:35:45.370 11199 INFO neutron.wsgi [req-b8a94a24-e759-414f-9daa-072a17fe4b1e 764136726b634796a11e6152a0412253 2e091a6c34274188b9026fa8ff8e9bda - 2410aecb84a94f739c644f1fb4cbefd5 2410aecb84a94f739c644f1fb4cbefd5] 10.0.20.24 "GET /v2.0/ports?device_id=1076ba23-43e2-4076-9096-66dd22be9b99 HTTP/1.1" status: 200  len: 1123 time: 0.5824130
2018-06-28 15:35:45.496 11199 INFO neutron.wsgi [req-e1ce943d-a4ae-454d-8636-94e44ba868ea 764136726b634796a11e6152a0412253 2e091a6c34274188b9026fa8ff8e9bda - 2410aecb84a94f739c644f1fb4cbefd5 2410aecb84a94f739c644f1fb4cbefd5] 10.0.20.24 "GET /v2.0/security-groups?id=73b07153-68e5-43ba-9bfa-e499a90bbabd HTTP/1.1" status: 200  len: 2118 time: 0.1174312
2018-06-28 15:35:48.039 11207 DEBUG neutron_lib.callbacks.manager [req-6d83d0e9-9427-4679-b131-ca0e5addf100 - - - - -] Notify callbacks ['neutron.services.segments.db._update_segment_host_mapping_for_agent-8793466637136'] for agent, after_update _notify_loop /usr/lib/python2.7/site-packages/neutron_lib/callbacks/manager.py:167
2018-06-28 15:35:48.109 11212 DEBUG neutron_lib.callbacks.manager [req-5d89eec6-51a3-46cf-acea-e9bd647769ac - - - - -] Notify callbacks ['neutron.services.segments.db._update_segment_host_mapping_for_agent-8793466637136'] for agent, after_update _notify_loop /usr/lib/python2.7/site-packages/neutron_lib/callbacks/manager.py:167
2018-06-28 15:35:48.589 11213 DEBUG neutron_lib.callbacks.manager [req-26956a93-3abb-4ba8-aabd-bb63ab93ef51 - - - - -] Notify callbacks ['neutron.services.segments.db._update_segment_host_mapping_for_agent-8793466637136'] for agent, after_update _notify_loop /usr/lib/python2.7/site-packages/neutron_lib/callbacks/manager.py:167
2018-06-28 15:35:57.944 11195 INFO neutron.wsgi [req-b152f8f1-6109-4873-8a52-a4f906413e86 5890a01f91614c928c650e60460b0cc2 e80c8f8d9a994fdcb38348700180bb81 - default default] 10.0.20.24 "GET /v2.0/ports?tenant_id=2e091a6c34274188b9026fa8ff8e9bda&device_id=1076ba23-43e2-4076-9096-66dd22be9b99 HTTP/1.1" status: 200  len: 1123 time: 0.2060282
2018-06-28 15:35:58.643 11195 DEBUG neutron.pecan_wsgi.hooks.policy_enforcement [req-f3ee9ed7-384f-46b9-9b5e-30dc7a77cd4a 5890a01f91614c928c650e60460b0cc2 e80c8f8d9a994fdcb38348700180bb81 - default default] Attributes excluded by policy engine: [u'vlan_transparent'] _exclude_attributes_by_policy /usr/lib/python2.7/site-packages/neutron/pecan_wsgi/hooks/policy_enforcement.py:256
2018-06-28 15:35:58.648 11195 INFO neutron.wsgi [req-f3ee9ed7-384f-46b9-9b5e-30dc7a77cd4a 5890a01f91614c928c650e60460b0cc2 e80c8f8d9a994fdcb38348700180bb81 - default default] 10.0.20.24 "GET /v2.0/networks?id=d9dd533a-2126-40a9-b68b-10a68696b0c9 HTTP/1.1" status: 200  len: 885 time: 0.6937740
2018-06-28 15:35:58.720 11195 INFO neutron.wsgi [req-73898302-2932-4d56-a469-e3d8a04d8dab 5890a01f91614c928c650e60460b0cc2 e80c8f8d9a994fdcb38348700180bb81 - default default] 10.0.20.24 "GET /v2.0/floatingips?fixed_ip_address=11.19.1.6&port_id=4d555fd7-b261-471e-b67b-367ae674750b HTTP/1.1" status: 200  len: 749 time: 0.0598960
2018-06-28 15:35:58.896 11195 DEBUG neutron.pecan_wsgi.hooks.policy_enforcement [req-cb8f93a4-d2ee-4984-97b2-f0daac18c1d3 5890a01f91614c928c650e60460b0cc2 e80c8f8d9a994fdcb38348700180bb81 - default default] Attributes excluded by policy engine: [u'shared'] _exclude_attributes_by_policy /usr/lib/python2.7/site-packages/neutron/pecan_wsgi/hooks/policy_enforcement.py:256
2018-06-28 15:35:58.899 11195 INFO neutron.wsgi [req-cb8f93a4-d2ee-4984-97b2-f0daac18c1d3 5890a01f91614c928c650e60460b0cc2 e80c8f8d9a994fdcb38348700180bb81 - default default] 10.0.20.24 "GET /v2.0/subnets?id=46c6a421-a76f-40c2-955b-ab8b7c589702 HTTP/1.1" status: 200  len: 843 time: 0.1706800
