2018-09-28 15:45:57.053 13227 INFO neutron.wsgi [req-1619ea9e-0d65-4008-a62b-30e2c69f3f66 d620094bd6d047979241572f64ecaca7 368f193974e14846a186e2cbdb34d110 - default default] 10.0.20.23 "GET /v2.0/security-groups?id=596f2926-f61e-4125-a02e-8c1ea3965f12 HTTP/1.1" status: 200  len: 2118 time: 0.0874429
2018-09-28 15:45:57.058 13235 DEBUG oslo_concurrency.lockutils [-] Lock "event-dispatch" acquired by "neutron.plugins.ml2.ovo_rpc.dispatch_events" :: waited 0.000s inner /usr/lib/python2.7/site-packages/oslo_concurrency/lockutils.py:270
2018-09-28 15:45:57.129 13237 DEBUG neutron_lib.callbacks.manager [req-92255855-b345-4ae0-b3b9-3fa6afa7deb4 - - - - -] Notify callbacks ['neutron.services.segments.db._update_segment_host_mapping_for_agent-8746188926122'] for agent, after_update _notify_loop /usr/lib/python2.7/site-packages/neutron_lib/callbacks/manager.py:167
2018-09-28 15:45:57.167 13235 DEBUG neutron.api.rpc.handlers.resources_rpc [req-82c8f467-4532-469f-8ae5-55e5a54c7717 - - - - -] neutron.api.rpc.handlers.resources_rpc.ResourcesPushRpcApi method push called with arguments (<neutron_lib.context.Context object at 0x7f4616add750>, [Port(admin_state_up=True,allowed_address_pairs=[],binding=PortBinding,binding_levels=[PortBindingLevel],created_at=2018-09-28T19:45:46Z,data_plane_status=<?>,description='',device_id='6b4647ef-2de4-43cc-8044-b5db822cd8e8',device_owner='compute:nova',dhcp_options=[],distributed_binding=None,dns=None,fixed_ips=[IPAllocation],id=038f3c29-202b-44af-a0d2-35b80742c0a9,mac_address=fa:16:3e:4f:48:78,name='',network_id=11596cee-b859-4eb9-be7e-e265f722017f,project_id='b14e662a99d0445b89e777a953fdcc99',qos_policy_id=None,revision_number=6,security=PortSecurity(038f3c29-202b-44af-a0d2-35b80742c0a9),security_group_ids=set([596f2926-f61e-4125-a02e-8c1ea3965f12]),status='ACTIVE',updated_at=2018-09-28T19:45:57Z)], 'updated') {} wrapper /usr/lib/python2.7/site-packages/oslo_log/helpers.py:66
2018-09-28 15:45:57.179 13238 DEBUG neutron_lib.callbacks.manager [req-ddec9c8d-b105-4b54-b4c4-4dee62d90fc3 - - - - -] Notify callbacks ['neutron.services.segments.db._update_segment_host_mapping_for_agent-8746188926122'] for agent, after_update _notify_loop /usr/lib/python2.7/site-packages/neutron_lib/callbacks/manager.py:167
2018-09-28 15:45:57.192 13235 DEBUG oslo_concurrency.lockutils [req-82c8f467-4532-469f-8ae5-55e5a54c7717 - - - - -] Lock "event-dispatch" released by "neutron.plugins.ml2.ovo_rpc.dispatch_events" :: held 0.134s inner /usr/lib/python2.7/site-packages/oslo_concurrency/lockutils.py:282
2018-09-28 15:45:57.195 13235 DEBUG neutron_lib.callbacks.manager [req-15a00363-7132-42c0-b847-6be618559be6 - - - - -] Notify callbacks ['neutron.services.segments.db._update_segment_host_mapping_for_agent-8746188926122'] for agent, after_update _notify_loop /usr/lib/python2.7/site-packages/neutron_lib/callbacks/manager.py:167
2018-09-28 15:45:57.759 13235 DEBUG novaclient.v2.client [-] REQ: curl -g -i -X POST http://10.0.20.23:8774/v2.1/368f193974e14846a186e2cbdb34d110/os-server-external-events -H "User-Agent: python-novaclient" -H "Content-Type: application/json" -H "Accept: application/json" -H "X-OpenStack-Nova-API-Version: 2.1" -H "X-Auth-Token: {SHA1}5c455c4e50cec9a785a813bbfada5c574203adbb" -d '{"events": [{"status": "completed", "tag": "038f3c29-202b-44af-a0d2-35b80742c0a9", "name": "network-vif-plugged", "server_uuid": "6b4647ef-2de4-43cc-8044-b5db822cd8e8"}]}' _http_log_request /usr/lib/python2.7/site-packages/keystoneauth1/session.py:375
2018-09-28 15:45:57.791 13239 DEBUG neutron_lib.callbacks.manager [req-6a00b962-7de1-49d8-b698-f72897a8d724 - - - - -] Notify callbacks ['neutron.services.segments.db._update_segment_host_mapping_for_agent-8746188926122'] for agent, after_update _notify_loop /usr/lib/python2.7/site-packages/neutron_lib/callbacks/manager.py:167
2018-09-28 15:45:58.174 13235 DEBUG novaclient.v2.client [-] RESP: [200] Content-Length: 183 Content-Type: application/json Openstack-Api-Version: compute 2.1 X-Openstack-Nova-Api-Version: 2.1 Vary: OpenStack-API-Version, X-OpenStack-Nova-API-Version X-Openstack-Request-Id: req-1bc42de5-8ec0-4eff-87ea-c76cef643b3a X-Compute-Request-Id: req-1bc42de5-8ec0-4eff-87ea-c76cef643b3a Date: Fri, 28 Sep 2018 19:45:58 GMT Connection: keep-alive 
RESP BODY: {"events": [{"status": "completed", "tag": "038f3c29-202b-44af-a0d2-35b80742c0a9", "name": "network-vif-plugged", "server_uuid": "6b4647ef-2de4-43cc-8044-b5db822cd8e8", "code": 200}]}
 _http_log_response /usr/lib/python2.7/site-packages/keystoneauth1/session.py:423
2018-09-28 15:45:58.175 13235 DEBUG novaclient.v2.client [-] POST call to compute for http://10.0.20.23:8774/v2.1/368f193974e14846a186e2cbdb34d110/os-server-external-events used request id req-1bc42de5-8ec0-4eff-87ea-c76cef643b3a request /usr/lib/python2.7/site-packages/keystoneauth1/session.py:727
2018-09-28 15:45:58.183 13235 INFO neutron.notifiers.nova [-] Nova event response: {u'status': u'completed', u'tag': u'038f3c29-202b-44af-a0d2-35b80742c0a9', u'name': u'network-vif-plugged', u'server_uuid': u'6b4647ef-2de4-43cc-8044-b5db822cd8e8', u'code': 200}
2018-09-28 15:45:58.530 13234 DEBUG neutron.plugins.ml2.rpc [req-82c8f467-4532-469f-8ae5-55e5a54c7717 - - - - -] Device 038f3c29-202b-44af-a0d2-35b80742c0a9 up at agent ovs-agent-localhost.localdomain update_device_up /usr/lib/python2.7/site-packages/neutron/plugins/ml2/rpc.py:244
2018-09-28 15:45:58.639 13234 DEBUG neutron.db.provisioning_blocks [req-82c8f467-4532-469f-8ae5-55e5a54c7717 - - - - -] Provisioning complete for port 038f3c29-202b-44af-a0d2-35b80742c0a9 triggered by entity L2. provisioning_complete /usr/lib/python2.7/site-packages/neutron/db/provisioning_blocks.py:138
2018-09-28 15:45:58.640 13234 DEBUG neutron_lib.callbacks.manager [req-82c8f467-4532-469f-8ae5-55e5a54c7717 - - - - -] Notify callbacks ['neutron.plugins.ml2.plugin.Ml2Plugin._port_provisioned--9223372036838140960'] for port, provisioning_complete _notify_loop /usr/lib/python2.7/site-packages/neutron_lib/callbacks/manager.py:167
2018-09-28 15:46:00.184 13235 DEBUG oslo_concurrency.lockutils [-] Lock "notifier-797f40b1-a47e-4cf7-8d9a-7f9a801b2b90" released by "neutron.notifiers.batch_notifier.synced_send" :: held 3.164s inner /usr/lib/python2.7/site-packages/oslo_concurrency/lockutils.py:282
2018-09-28 15:46:02.715 13240 DEBUG neutron_lib.callbacks.manager [req-82c8f467-4532-469f-8ae5-55e5a54c7717 - - - - -] Notify callbacks ['neutron.services.segments.db._update_segment_host_mapping_for_agent-8746188926122'] for agent, after_update _notify_loop /usr/lib/python2.7/site-packages/neutron_lib/callbacks/manager.py:167
2018-09-28 15:46:04.730 13230 INFO neutron.wsgi [req-108faaba-2ab5-4c56-9872-59136a83fd4e 10c05a22cea847f7a42d788fe8f1cd2e 368f193974e14846a186e2cbdb34d110 - default default] 10.0.20.23 "GET /v2.0/ports?tenant_id=b14e662a99d0445b89e777a953fdcc99&device_id=6b4647ef-2de4-43cc-8044-b5db822cd8e8 HTTP/1.1" status: 200  len: 1124 time: 0.1266429
2018-09-28 15:46:04.959 13230 DEBUG neutron.pecan_wsgi.hooks.policy_enforcement [req-a9c2cdb8-40e8-4036-9211-8fd751c551e6 10c05a22cea847f7a42d788fe8f1cd2e 368f193974e14846a186e2cbdb34d110 - default default] Attributes excluded by policy engine: [u'vlan_transparent'] _exclude_attributes_by_policy /usr/lib/python2.7/site-packages/neutron/pecan_wsgi/hooks/policy_enforcement.py:256
2018-09-28 15:46:04.961 13230 INFO neutron.wsgi [req-a9c2cdb8-40e8-4036-9211-8fd751c551e6 10c05a22cea847f7a42d788fe8f1cd2e 368f193974e14846a186e2cbdb34d110 - default default] 10.0.20.23 "GET /v2.0/networks?id=11596cee-b859-4eb9-be7e-e265f722017f HTTP/1.1" status: 200  len: 885 time: 0.2237270
2018-09-28 15:46:04.998 13230 INFO neutron.wsgi [req-185d07b4-5c95-41c9-98d8-c5da04705540 10c05a22cea847f7a42d788fe8f1cd2e 368f193974e14846a186e2cbdb34d110 - default default] 10.0.20.23 "GET /v2.0/floatingips?fixed_ip_address=11.210.1.5&port_id=038f3c29-202b-44af-a0d2-35b80742c0a9 HTTP/1.1" status: 200  len: 217 time: 0.0327072
2018-09-28 15:46:05.171 13230 DEBUG neutron.pecan_wsgi.hooks.policy_enforcement [req-d9485449-9db6-4204-a366-c2bd02d7543f 10c05a22cea847f7a42d788fe8f1cd2e 368f193974e14846a186e2cbdb34d110 - default default] Attributes excluded by policy engine: [u'shared'] _exclude_attributes_by_policy /usr/lib/python2.7/site-packages/neutron/pecan_wsgi/hooks/policy_enforcement.py:256
2018-09-28 15:46:05.174 13230 INFO neutron.wsgi [req-d9485449-9db6-4204-a366-c2bd02d7543f 10c05a22cea847f7a42d788fe8f1cd2e 368f193974e14846a186e2cbdb34d110 - default default] 10.0.20.23 "GET /v2.0/subnets?id=186bffe0-2779-40ee-9703-1f4e657eae4a HTTP/1.1" status: 200  len: 847 time: 0.1672919
2018-09-28 15:46:05.305 13230 INFO neutron.wsgi [req-fbb6f69b-4fd4-4dbd-be16-789fda2611a0 10c05a22cea847f7a42d788fe8f1cd2e 368f193974e14846a186e2cbdb34d110 - default default] 10.0.20.23 "GET /v2.0/ports?network_id=11596cee-b859-4eb9-be7e-e265f722017f&device_owner=network%3Adhcp HTTP/1.1" status: 200  len: 1128 time: 0.1251490
2018-09-28 15:46:06.951 13227 INFO neutron.wsgi [req-dbfaa494-586d-47cd-9454-da6444e10250 b90a3469b72b4c76a2f3153317586fec b14e662a99d0445b89e777a953fdcc99 - 7ca71220914a4fc1b3ed48751753b918 7ca71220914a4fc1b3ed48751753b918] 10.0.20.23 "GET /v2.0/ports?device_id=6b4647ef-2de4-43cc-8044-b5db822cd8e8 HTTP/1.1" status: 200  len: 1124 time: 0.5027330
2018-09-28 15:46:07.057 13227 INFO neutron.wsgi [req-205c1ea3-c3c4-4b12-8cbd-8453f21cf3d7 b90a3469b72b4c76a2f3153317586fec b14e662a99d0445b89e777a953fdcc99 - 7ca71220914a4fc1b3ed48751753b918 7ca71220914a4fc1b3ed48751753b918] 10.0.20.23 "GET /v2.0/security-groups?id=596f2926-f61e-4125-a02e-8c1ea3965f12 HTTP/1.1" status: 200  len: 2118 time: 0.0998271
2018-09-28 15:46:19.810 13230 DEBUG neutron.wsgi [-] (13230) accepted ('10.0.20.23', 59994) server /usr/lib/python2.7/site-packages/eventlet/wsgi.py:883
2018-09-28 15:46:19.814 13230 INFO neutron.wsgi [-] 10.0.20.23 "GET / HTTP/1.1" status: 200  len: 252 time: 0.0020709
2018-09-28 15:46:20.363 13230 INFO neutron.pecan_wsgi.hooks.translation [req-1744869c-25ad-4541-8fc5-ee4d875ab495 d5ce6e22423945b3856059aa9d9f9c35 24a4048b7dbb4950873e581bf0067256 - default default] GET failed (client error): The resource could not be found.
2018-09-28 15:46:20.365 13230 INFO neutron.wsgi [req-1744869c-25ad-4541-8fc5-ee4d875ab495 d5ce6e22423945b3856059aa9d9f9c35 24a4048b7dbb4950873e581bf0067256 - default default] 10.0.20.23 "GET /v2.0/networks/public HTTP/1.1" status: 404  len: 314 time: 0.5426009
2018-09-28 15:46:20.588 13230 DEBUG neutron.pecan_wsgi.hooks.policy_enforcement [req-8970fca0-ab5b-42e8-96b2-8003c16edfab d5ce6e22423945b3856059aa9d9f9c35 24a4048b7dbb4950873e581bf0067256 - default default] Attributes excluded by policy engine: [u'vlan_transparent'] _exclude_attributes_by_policy /usr/lib/python2.7/site-packages/neutron/pecan_wsgi/hooks/policy_enforcement.py:256
2018-09-28 15:46:20.589 13230 DEBUG neutron.pecan_wsgi.hooks.policy_enforcement [req-8970fca0-ab5b-42e8-96b2-8003c16edfab d5ce6e22423945b3856059aa9d9f9c35 24a4048b7dbb4950873e581bf0067256 - default default] Attributes excluded by policy engine: [u'vlan_transparent'] _exclude_attributes_by_policy /usr/lib/python2.7/site-packages/neutron/pecan_wsgi/hooks/policy_enforcement.py:256
2018-09-28 15:46:20.591 13230 DEBUG neutron.pecan_wsgi.hooks.policy_enforcement [req-8970fca0-ab5b-42e8-96b2-8003c16edfab d5ce6e22423945b3856059aa9d9f9c35 24a4048b7dbb4950873e581bf0067256 - default default] Attributes excluded by policy engine: [u'vlan_transparent'] _exclude_attributes_by_policy /usr/lib/python2.7/site-packages/neutron/pecan_wsgi/hooks/policy_enforcement.py:256
2018-09-28 15:46:20.593 13230 INFO neutron.wsgi [req-8970fca0-ab5b-42e8-96b2-8003c16edfab d5ce6e22423945b3856059aa9d9f9c35 24a4048b7dbb4950873e581bf0067256 - default default] 10.0.20.23 "GET /v2.0/networks HTTP/1.1" status: 200  len: 2214 time: 0.2224660
2018-09-28 15:46:21.106 13230 DEBUG neutron.api.v2.base [req-ca7b4d1a-4d68-4cae-b25f-490059bf098f d5ce6e22423945b3856059aa9d9f9c35 24a4048b7dbb4950873e581bf0067256 - default default] Request body: {u'floatingip': {u'floating_network_id': u'990b4ddf-dd04-44e0-920c-02fce451b987', u'tenant_id': u'b14e662a99d0445b89e777a953fdcc99'}} prepare_request_body /usr/lib/python2.7/site-packages/neutron/api/v2/base.py:695
2018-09-28 15:46:21.116 13230 DEBUG neutron.db.quota.driver [req-ca7b4d1a-4d68-4cae-b25f-490059bf098f d5ce6e22423945b3856059aa9d9f9c35 24a4048b7dbb4950873e581bf0067256 - default default] Resources subnetpool have unlimited quota limit. It is not required to calculate headroom  make_reservation /usr/lib/python2.7/site-packages/neutron/db/quota/driver.py:223
2018-09-28 15:46:21.125 13230 DEBUG neutron.quota.resource [req-ca7b4d1a-4d68-4cae-b25f-490059bf098f d5ce6e22423945b3856059aa9d9f9c35 24a4048b7dbb4950873e581bf0067256 - default default] Usage tracker for resource:floatingip and tenant:b14e662a99d0445b89e777a953fdcc99 is out of sync, need to count used quota count_used /usr/lib/python2.7/site-packages/neutron/quota/resource.py:274
2018-09-28 15:46:21.143 13230 DEBUG neutron.quota.resource [req-ca7b4d1a-4d68-4cae-b25f-490059bf098f d5ce6e22423945b3856059aa9d9f9c35 24a4048b7dbb4950873e581bf0067256 - default default] Quota usage for floatingip was recalculated. Used quota:0. count_used /usr/lib/python2.7/site-packages/neutron/quota/resource.py:293
2018-09-28 15:46:21.156 13230 DEBUG neutron.db.quota.driver [req-ca7b4d1a-4d68-4cae-b25f-490059bf098f d5ce6e22423945b3856059aa9d9f9c35 24a4048b7dbb4950873e581bf0067256 - default default] Attempting to reserve 1 items for resource floatingip. Total usage: 0; quota limit: 50; headroom:50 make_reservation /usr/lib/python2.7/site-packages/neutron/db/quota/driver.py:255
2018-09-28 15:46:21.460 13230 DEBUG neutron_lib.callbacks.manager [req-ca7b4d1a-4d68-4cae-b25f-490059bf098f d5ce6e22423945b3856059aa9d9f9c35 24a4048b7dbb4950873e581bf0067256 - default default] Notify callbacks ['neutron.plugins.ml2.plugin.Ml2Plugin._ensure_default_security_group_handler-442431'] for port, before_create _notify_loop /usr/lib/python2.7/site-packages/neutron_lib/callbacks/manager.py:167
2018-09-28 15:46:22.028 13230 DEBUG neutron.db.db_base_plugin_common [req-ca7b4d1a-4d68-4cae-b25f-490059bf098f d5ce6e22423945b3856059aa9d9f9c35 24a4048b7dbb4950873e581bf0067256 - default default] Allocated IP 172.24.4.13 (990b4ddf-dd04-44e0-920c-02fce451b987/997c6fe9-dc25-4cff-8564-acd631d97bd5/0488d701-e325-44b8-985b-550a815e7b86) _store_ip_allocation /usr/lib/python2.7/site-packages/neutron/db/db_base_plugin_common.py:122
2018-09-28 15:46:22.505 13230 DEBUG neutron_lib.callbacks.manager [req-ca7b4d1a-4d68-4cae-b25f-490059bf098f d5ce6e22423945b3856059aa9d9f9c35 24a4048b7dbb4950873e581bf0067256 - default default] Notify callbacks [] for port, precommit_create _notify_loop /usr/lib/python2.7/site-packages/neutron_lib/callbacks/manager.py:167
2018-09-28 15:46:22.617 13230 DEBUG neutron_lib.callbacks.manager [req-ca7b4d1a-4d68-4cae-b25f-490059bf098f d5ce6e22423945b3856059aa9d9f9c35 24a4048b7dbb4950873e581bf0067256 - default default] Notify callbacks ['neutron.plugins.ml2.plugin.Ml2Plugin.notify_sg_on_port_change-445592', 'neutron.api.rpc.agentnotifiers.dhcp_rpc_agent_api.DhcpAgentNotifyAPI._native_event_send_dhcp_notification-16146854', 'neutron.plugins.ml2.ovo_rpc._ObjectChangeHandler.handle_event--9223372036854132570', 'neutron.db.l3_dvrscheduler_db._notify_l3_agent_new_port--9223363290666211934'] for port, after_create _notify_loop /usr/lib/python2.7/site-packages/neutron_lib/callbacks/manager.py:167
2018-09-28 15:46:22.837 13230 DEBUG neutron.scheduler.dhcp_agent_scheduler [req-ca7b4d1a-4d68-4cae-b25f-490059bf098f d5ce6e22423945b3856059aa9d9f9c35 24a4048b7dbb4950873e581bf0067256 - default default] Network 990b4ddf-dd04-44e0-920c-02fce451b987 is already hosted by enough agents. _get_dhcp_agents_hosting_network /usr/lib/python2.7/site-packages/neutron/scheduler/dhcp_agent_scheduler.py:243
2018-09-28 15:46:22.860 13230 DEBUG neutron.db.l3_dvrscheduler_db [req-ca7b4d1a-4d68-4cae-b25f-490059bf098f d5ce6e22423945b3856059aa9d9f9c35 24a4048b7dbb4950873e581bf0067256 - default default] Received port after_create _notify_l3_agent_new_port /usr/lib/python2.7/site-packages/neutron/db/l3_dvrscheduler_db.py:392
2018-09-28 15:46:22.865 13230 DEBUG oslo_concurrency.lockutils [-] Lock "event-dispatch" acquired by "neutron.plugins.ml2.ovo_rpc.dispatch_events" :: waited 0.000s inner /usr/lib/python2.7/site-packages/oslo_concurrency/lockutils.py:270
2018-09-28 15:46:23.015 13230 DEBUG neutron.api.rpc.handlers.resources_rpc [req-ca7b4d1a-4d68-4cae-b25f-490059bf098f d5ce6e22423945b3856059aa9d9f9c35 24a4048b7dbb4950873e581bf0067256 - - -] neutron.api.rpc.handlers.resources_rpc.ResourcesPushRpcApi method push called with arguments (<neutron_lib.context.Context object at 0x7f461626c610>, [Port(admin_state_up=True,allowed_address_pairs=[],binding=PortBinding,binding_levels=[],created_at=2018-09-28T19:46:21Z,data_plane_status=<?>,description='',device_id='PENDING',device_owner='network:floatingip',dhcp_options=[],distributed_binding=None,dns=None,fixed_ips=[IPAllocation],id=0488d701-e325-44b8-985b-550a815e7b86,mac_address=fa:16:3e:53:e5:88,name='',network_id=990b4ddf-dd04-44e0-920c-02fce451b987,project_id='',qos_policy_id=None,revision_number=3,security=PortSecurity(0488d701-e325-44b8-985b-550a815e7b86),security_group_ids=set([]),status='N/A',updated_at=2018-09-28T19:46:22Z)], 'updated') {} wrapper /usr/lib/python2.7/site-packages/oslo_log/helpers.py:66
2018-09-28 15:46:23.041 13230 DEBUG neutron.api.rpc.callbacks.version_manager [req-ca7b4d1a-4d68-4cae-b25f-490059bf098f d5ce6e22423945b3856059aa9d9f9c35 24a4048b7dbb4950873e581bf0067256 - - -] Version for resource type Subnet changed None to 1.0 on consumer Open vSwitch agent@localhost.localdomain _set_version /usr/lib/python2.7/site-packages/neutron/api/rpc/callbacks/version_manager.py:119
2018-09-28 15:46:23.041 13230 DEBUG neutron.api.rpc.callbacks.version_manager [req-ca7b4d1a-4d68-4cae-b25f-490059bf098f d5ce6e22423945b3856059aa9d9f9c35 24a4048b7dbb4950873e581bf0067256 - - -] Version for resource type Network changed None to 1.0 on consumer Open vSwitch agent@localhost.localdomain _set_version /usr/lib/python2.7/site-packages/neutron/api/rpc/callbacks/version_manager.py:119
2018-09-28 15:46:23.042 13230 DEBUG neutron.api.rpc.callbacks.version_manager [req-ca7b4d1a-4d68-4cae-b25f-490059bf098f d5ce6e22423945b3856059aa9d9f9c35 24a4048b7dbb4950873e581bf0067256 - - -] Version for resource type SubPort changed None to 1.0 on consumer Open vSwitch agent@localhost.localdomain _set_version /usr/lib/python2.7/site-packages/neutron/api/rpc/callbacks/version_manager.py:119
2018-09-28 15:46:23.043 13230 DEBUG neutron.api.rpc.callbacks.version_manager [req-ca7b4d1a-4d68-4cae-b25f-490059bf098f d5ce6e22423945b3856059aa9d9f9c35 24a4048b7dbb4950873e581bf0067256 - - -] Version for resource type SecurityGroup changed None to 1.0 on consumer Open vSwitch agent@localhost.localdomain _set_version /usr/lib/python2.7/site-packages/neutron/api/rpc/callbacks/version_manager.py:119
2018-09-28 15:46:23.043 13230 DEBUG neutron.api.rpc.callbacks.version_manager [req-ca7b4d1a-4d68-4cae-b25f-490059bf098f d5ce6e22423945b3856059aa9d9f9c35 24a4048b7dbb4950873e581bf0067256 - - -] Version for resource type SecurityGroupRule changed None to 1.0 on consumer Open vSwitch agent@localhost.localdomain _set_version /usr/lib/python2.7/site-packages/neutron/api/rpc/callbacks/version_manager.py:119
2018-09-28 15:46:23.044 13230 DEBUG neutron.api.rpc.callbacks.version_manager [req-ca7b4d1a-4d68-4cae-b25f-490059bf098f d5ce6e22423945b3856059aa9d9f9c35 24a4048b7dbb4950873e581bf0067256 - - -] Version for resource type Trunk changed None to 1.1 on consumer Open vSwitch agent@localhost.localdomain _set_version /usr/lib/python2.7/site-packages/neutron/api/rpc/callbacks/version_manager.py:119
2018-09-28 15:46:23.044 13230 DEBUG neutron.api.rpc.callbacks.version_manager [req-ca7b4d1a-4d68-4cae-b25f-490059bf098f d5ce6e22423945b3856059aa9d9f9c35 24a4048b7dbb4950873e581bf0067256 - - -] Version for resource type QosPolicy changed None to 1.6 on consumer Open vSwitch agent@localhost.localdomain _set_version /usr/lib/python2.7/site-packages/neutron/api/rpc/callbacks/version_manager.py:119
2018-09-28 15:46:23.045 13230 DEBUG neutron.api.rpc.callbacks.version_manager [req-ca7b4d1a-4d68-4cae-b25f-490059bf098f d5ce6e22423945b3856059aa9d9f9c35 24a4048b7dbb4950873e581bf0067256 - - -] Version for resource type Port changed None to 1.1 on consumer Open vSwitch agent@localhost.localdomain _set_version /usr/lib/python2.7/site-packages/neutron/api/rpc/callbacks/version_manager.py:119
2018-09-28 15:46:23.045 13230 DEBUG neutron.api.rpc.callbacks.version_manager [req-ca7b4d1a-4d68-4cae-b25f-490059bf098f d5ce6e22423945b3856059aa9d9f9c35 24a4048b7dbb4950873e581bf0067256 - - -] Version for resource type Log changed None to 1.0 on consumer Open vSwitch agent@localhost.localdomain _set_version /usr/lib/python2.7/site-packages/neutron/api/rpc/callbacks/version_manager.py:119
2018-09-28 15:46:23.070 13230 DEBUG oslo_concurrency.lockutils [req-ca7b4d1a-4d68-4cae-b25f-490059bf098f d5ce6e22423945b3856059aa9d9f9c35 24a4048b7dbb4950873e581bf0067256 - - -] Lock "event-dispatch" released by "neutron.plugins.ml2.ovo_rpc.dispatch_events" :: held 0.205s inner /usr/lib/python2.7/site-packages/oslo_concurrency/lockutils.py:282
2018-09-28 15:46:23.074 13230 DEBUG neutron_lib.callbacks.manager [req-ca7b4d1a-4d68-4cae-b25f-490059bf098f d5ce6e22423945b3856059aa9d9f9c35 24a4048b7dbb4950873e581bf0067256 - default default] Notify callbacks ['neutron.plugins.ml2.plugin.Ml2Plugin._ensure_default_security_group_handler-442431'] for port, before_update _notify_loop /usr/lib/python2.7/site-packages/neutron_lib/callbacks/manager.py:167
2018-09-28 15:46:23.552 13230 DEBUG neutron_lib.callbacks.manager [req-ca7b4d1a-4d68-4cae-b25f-490059bf098f d5ce6e22423945b3856059aa9d9f9c35 24a4048b7dbb4950873e581bf0067256 - default default] Notify callbacks [] for port, precommit_update _notify_loop /usr/lib/python2.7/site-packages/neutron_lib/callbacks/manager.py:167
2018-09-28 15:46:23.568 13230 DEBUG neutron_lib.callbacks.manager [req-ca7b4d1a-4d68-4cae-b25f-490059bf098f d5ce6e22423945b3856059aa9d9f9c35 24a4048b7dbb4950873e581bf0067256 - default default] Notify callbacks ['neutron.plugins.ml2.plugin.Ml2Plugin.notify_sg_on_port_change-445592', 'neutron.api.rpc.agentnotifiers.dhcp_rpc_agent_api.DhcpAgentNotifyAPI._native_event_send_dhcp_notification-16146854', 'neutron.db.l3_dvrscheduler_db._notify_l3_agent_port_update--9223363290666211919', 'neutron.plugins.ml2.ovo_rpc._ObjectChangeHandler.handle_event--9223372036854132570', 'neutron.db.l3_hascheduler_db._notify_l3_agent_ha_port_update-8746188564741'] for port, after_update _notify_loop /usr/lib/python2.7/site-packages/neutron_lib/callbacks/manager.py:167
2018-09-28 15:46:23.789 13230 DEBUG neutron_lib.callbacks.manager [req-ca7b4d1a-4d68-4cae-b25f-490059bf098f d5ce6e22423945b3856059aa9d9f9c35 24a4048b7dbb4950873e581bf0067256 - default default] Notify callbacks ['neutron.services.l3_router.l3_router_plugin.L3RouterPlugin._create_dvr_floating_gw_port--9223372036854246576'] for floatingip, after_update _notify_loop /usr/lib/python2.7/site-packages/neutron_lib/callbacks/manager.py:167
2018-09-28 15:46:23.796 13230 DEBUG oslo_concurrency.lockutils [-] Lock "event-dispatch" acquired by "neutron.plugins.ml2.ovo_rpc.dispatch_events" :: waited 0.000s inner /usr/lib/python2.7/site-packages/oslo_concurrency/lockutils.py:270
2018-09-28 15:46:23.838 13231 DEBUG neutron.wsgi [-] (13231) accepted ('10.0.20.23', 60022) server /usr/lib/python2.7/site-packages/eventlet/wsgi.py:883
2018-09-28 15:46:23.949 13230 DEBUG neutron.quota.resource [req-ca7b4d1a-4d68-4cae-b25f-490059bf098f d5ce6e22423945b3856059aa9d9f9c35 24a4048b7dbb4950873e581bf0067256 - default default] Persisted dirty status for tenant:b14e662a99d0445b89e777a953fdcc99 on resource:floatingip mark_dirty /usr/lib/python2.7/site-packages/neutron/quota/resource.py:207
2018-09-28 15:46:23.957 13230 DEBUG neutron.quota.resource [req-ca7b4d1a-4d68-4cae-b25f-490059bf098f d5ce6e22423945b3856059aa9d9f9c35 24a4048b7dbb4950873e581bf0067256 - default default] Persisted dirty status for tenant: on resource:port mark_dirty /usr/lib/python2.7/site-packages/neutron/quota/resource.py:207
2018-09-28 15:46:23.982 13230 DEBUG neutron.api.rpc.handlers.resources_rpc [req-ca7b4d1a-4d68-4cae-b25f-490059bf098f d5ce6e22423945b3856059aa9d9f9c35 24a4048b7dbb4950873e581bf0067256 - - -] neutron.api.rpc.handlers.resources_rpc.ResourcesPushRpcApi method push called with arguments (<neutron_lib.context.Context object at 0x7f4616812b90>, [Port(admin_state_up=True,allowed_address_pairs=[],binding=PortBinding,binding_levels=[],created_at=2018-09-28T19:46:21Z,data_plane_status=<?>,description='',device_id='8fd53429-5a38-4e47-b64b-742abead8921',device_owner='network:floatingip',dhcp_options=[],distributed_binding=None,dns=None,fixed_ips=[IPAllocation],id=0488d701-e325-44b8-985b-550a815e7b86,mac_address=fa:16:3e:53:e5:88,name='',network_id=990b4ddf-dd04-44e0-920c-02fce451b987,project_id='',qos_policy_id=None,revision_number=4,security=PortSecurity(0488d701-e325-44b8-985b-550a815e7b86),security_group_ids=set([]),status='N/A',updated_at=2018-09-28T19:46:23Z)], 'updated') {} wrapper /usr/lib/python2.7/site-packages/oslo_log/helpers.py:66
2018-09-28 15:46:23.996 13230 DEBUG oslo_concurrency.lockutils [req-ca7b4d1a-4d68-4cae-b25f-490059bf098f d5ce6e22423945b3856059aa9d9f9c35 24a4048b7dbb4950873e581bf0067256 - - -] Lock "event-dispatch" released by "neutron.plugins.ml2.ovo_rpc.dispatch_events" :: held 0.201s inner /usr/lib/python2.7/site-packages/oslo_concurrency/lockutils.py:282
2018-09-28 15:46:24.001 13230 DEBUG neutron_lib.callbacks.manager [req-ca7b4d1a-4d68-4cae-b25f-490059bf098f d5ce6e22423945b3856059aa9d9f9c35 24a4048b7dbb4950873e581bf0067256 - default default] Notify callbacks ['neutron.notifiers.nova.Notifier._send_nova_notification-1044'] for floatingip, before_response _notify_loop /usr/lib/python2.7/site-packages/neutron_lib/callbacks/manager.py:167
2018-09-28 15:46:24.014 13230 INFO neutron.wsgi [req-ca7b4d1a-4d68-4cae-b25f-490059bf098f d5ce6e22423945b3856059aa9d9f9c35 24a4048b7dbb4950873e581bf0067256 - default default] 10.0.20.23 "POST /v2.0/floatingips HTTP/1.1" status: 201  len: 675 time: 2.9184830
2018-09-28 15:46:24.441 13231 INFO neutron.wsgi [req-fcba0bb0-3737-4469-a010-94a1261ab138 10c05a22cea847f7a42d788fe8f1cd2e 368f193974e14846a186e2cbdb34d110 - default default] 10.0.20.23 "GET /v2.0/ports?device_id=6b4647ef-2de4-43cc-8044-b5db822cd8e8 HTTP/1.1" status: 200  len: 1124 time: 0.5995200
2018-09-28 15:46:24.539 13231 INFO neutron.wsgi [req-b00e3986-0885-44ae-becd-351f897ebe25 10c05a22cea847f7a42d788fe8f1cd2e 368f193974e14846a186e2cbdb34d110 - default default] 10.0.20.23 "GET /v2.0/security-groups?id=596f2926-f61e-4125-a02e-8c1ea3965f12 HTTP/1.1" status: 200  len: 2118 time: 0.0927889
2018-09-28 15:46:27.143 13234 DEBUG neutron_lib.callbacks.manager [req-92255855-b345-4ae0-b3b9-3fa6afa7deb4 - - - - -] Notify callbacks ['neutron.services.segments.db._update_segment_host_mapping_for_agent-8746188926122'] for agent, after_update _notify_loop /usr/lib/python2.7/site-packages/neutron_lib/callbacks/manager.py:167
2018-09-28 15:46:27.210 13233 DEBUG neutron_lib.callbacks.manager [req-4d0c7700-c44e-4be4-befd-ceace7ab7392 - - - - -] Notify callbacks ['neutron.services.segments.db._update_segment_host_mapping_for_agent-8746188926122'] for agent, after_update _notify_loop /usr/lib/python2.7/site-packages/neutron_lib/callbacks/manager.py:167
2018-09-28 15:46:27.225 13236 DEBUG neutron_lib.callbacks.manager [req-ddec9c8d-b105-4b54-b4c4-4dee62d90fc3 - - - - -] Notify callbacks ['neutron.services.segments.db._update_segment_host_mapping_for_agent-8746188926122'] for agent, after_update _notify_loop /usr/lib/python2.7/site-packages/neutron_lib/callbacks/manager.py:167
2018-09-28 15:46:27.832 13241 DEBUG neutron_lib.callbacks.manager [req-5bcdedc2-ff3c-4159-badf-67e2ac0f66c1 - - - - -] Notify callbacks ['neutron.services.segments.db._update_segment_host_mapping_for_agent-8746188926122'] for agent, after_update _notify_loop /usr/lib/python2.7/site-packages/neutron_lib/callbacks/manager.py:167
2018-09-28 15:46:28.098 13229 DEBUG neutron.wsgi [-] (13229) accepted ('10.0.20.23', 60066) server /usr/lib/python2.7/site-packages/eventlet/wsgi.py:883
2018-09-28 15:46:28.770 13229 INFO neutron.wsgi [req-c83b5385-b0c2-4ef1-bfdf-dfd86ed6496d 10c05a22cea847f7a42d788fe8f1cd2e 368f193974e14846a186e2cbdb34d110 - default default] 10.0.20.23 "GET /v2.0/ports?device_id=6b4647ef-2de4-43cc-8044-b5db822cd8e8 HTTP/1.1" status: 200  len: 1124 time: 0.6695051
2018-09-28 15:46:28.884 13229 INFO neutron.wsgi [req-78aa93e8-f27d-4b64-b4d8-83949648de0c 10c05a22cea847f7a42d788fe8f1cd2e 368f193974e14846a186e2cbdb34d110 - default default] 10.0.20.23 "GET /v2.0/security-groups?id=596f2926-f61e-4125-a02e-8c1ea3965f12 HTTP/1.1" status: 200  len: 2118 time: 0.1067719
2018-09-28 15:46:29.766 13242 DEBUG neutron.db.agents_db [req-8745edf9-1e2f-440b-bb4b-37b5946f0f03 - - - - -] Agent healthcheck: found 5 active agents agent_health_check /usr/lib/python2.7/site-packages/neutron/db/agents_db.py:281
2018-09-28 15:46:30.303 13230 DEBUG neutron.wsgi [-] (13230) accepted ('10.0.20.23', 60080) server /usr/lib/python2.7/site-packages/eventlet/wsgi.py:883
2018-09-28 15:46:30.833 13230 INFO neutron.wsgi [req-6d908f5c-71e5-41fe-b282-e956ed4149ef 10c05a22cea847f7a42d788fe8f1cd2e 368f193974e14846a186e2cbdb34d110 - default default] 10.0.20.23 "GET /v2.0/ports?device_id=6b4647ef-2de4-43cc-8044-b5db822cd8e8 HTTP/1.1" status: 200  len: 1124 time: 0.5280240
2018-09-28 15:46:30.935 13230 INFO neutron.wsgi [req-c174c579-964c-40cc-8f7b-21e29fb94f63 10c05a22cea847f7a42d788fe8f1cd2e 368f193974e14846a186e2cbdb34d110 - default default] 10.0.20.23 "GET /v2.0/security-groups?id=596f2926-f61e-4125-a02e-8c1ea3965f12 HTTP/1.1" status: 200  len: 2118 time: 0.0968161
2018-09-28 15:46:32.699 13237 DEBUG neutron_lib.callbacks.manager [req-82c8f467-4532-469f-8ae5-55e5a54c7717 - - - - -] Notify callbacks ['neutron.services.segments.db._update_segment_host_mapping_for_agent-8746188926122'] for agent, after_update _notify_loop /usr/lib/python2.7/site-packages/neutron_lib/callbacks/manager.py:167
2018-09-28 15:46:32.869 13229 DEBUG neutron.wsgi [-] (13229) accepted ('10.0.20.23', 60100) server /usr/lib/python2.7/site-packages/eventlet/wsgi.py:883
2018-09-28 15:46:33.417 13229 INFO neutron.wsgi [req-96110399-3dc1-4b2b-99b1-ae2972a221fd 10c05a22cea847f7a42d788fe8f1cd2e 368f193974e14846a186e2cbdb34d110 - default default] 10.0.20.23 "GET /v2.0/ports?device_id=6b4647ef-2de4-43cc-8044-b5db822cd8e8 HTTP/1.1" status: 200  len: 1124 time: 0.5462320
2018-09-28 15:46:33.531 13229 INFO neutron.wsgi [req-6b62e80c-d7fe-42f5-8622-bb1020723999 10c05a22cea847f7a42d788fe8f1cd2e 368f193974e14846a186e2cbdb34d110 - default default] 10.0.20.23 "GET /v2.0/security-groups?id=596f2926-f61e-4125-a02e-8c1ea3965f12 HTTP/1.1" status: 200  len: 2118 time: 0.1062860
2018-09-28 15:46:35.081 13229 DEBUG neutron.wsgi [-] (13229) accepted ('10.0.20.23', 60114) server /usr/lib/python2.7/site-packages/eventlet/wsgi.py:883
2018-09-28 15:46:35.619 13229 INFO neutron.wsgi [req-6061c38a-0ac7-49a9-9f87-983e24d21178 10c05a22cea847f7a42d788fe8f1cd2e 368f193974e14846a186e2cbdb34d110 - default default] 10.0.20.23 "GET /v2.0/ports?device_id=6b4647ef-2de4-43cc-8044-b5db822cd8e8 HTTP/1.1" status: 200  len: 1124 time: 0.5367489
2018-09-28 15:46:35.720 13229 INFO neutron.wsgi [req-857a269c-d090-48b1-8f84-9450b242ffe7 10c05a22cea847f7a42d788fe8f1cd2e 368f193974e14846a186e2cbdb34d110 - default default] 10.0.20.23 "GET /v2.0/security-groups?id=596f2926-f61e-4125-a02e-8c1ea3965f12 HTTP/1.1" status: 200  len: 2118 time: 0.0944331
2018-09-28 15:46:35.905 13231 INFO neutron.wsgi [req-acdfb1f2-f0f8-4c59-b63d-cd96187cde1e b90a3469b72b4c76a2f3153317586fec b14e662a99d0445b89e777a953fdcc99 - 7ca71220914a4fc1b3ed48751753b918 7ca71220914a4fc1b3ed48751753b918] 10.0.20.23 "GET /v2.0/ports?device_id=6b4647ef-2de4-43cc-8044-b5db822cd8e8 HTTP/1.1" status: 200  len: 1124 time: 0.4821191
2018-09-28 15:46:36.026 13231 INFO neutron.wsgi [req-bc2b0c32-bd88-4187-9a54-95986e2df260 b90a3469b72b4c76a2f3153317586fec b14e662a99d0445b89e777a953fdcc99 - 7ca71220914a4fc1b3ed48751753b918 7ca71220914a4fc1b3ed48751753b918] 10.0.20.23 "GET /v2.0/security-groups?id=596f2926-f61e-4125-a02e-8c1ea3965f12 HTTP/1.1" status: 200  len: 2118 time: 0.1146410
2018-09-28 15:46:36.286 13231 INFO neutron.wsgi [req-92278a7b-6848-4979-af73-7c5376e8a2d9 b90a3469b72b4c76a2f3153317586fec b14e662a99d0445b89e777a953fdcc99 - 7ca71220914a4fc1b3ed48751753b918 7ca71220914a4fc1b3ed48751753b918] 10.0.20.23 "GET /v2.0/ports?device_owner=compute%3Anova&device_id=6b4647ef-2de4-43cc-8044-b5db822cd8e8 HTTP/1.1" status: 200  len: 1124 time: 0.0960159
2018-09-28 15:46:36.336 13231 INFO neutron.wsgi [req-d717057b-6e59-4cc3-b0d7-deabce2c8e83 b90a3469b72b4c76a2f3153317586fec b14e662a99d0445b89e777a953fdcc99 - 7ca71220914a4fc1b3ed48751753b918 7ca71220914a4fc1b3ed48751753b918] 10.0.20.23 "GET /v2.0/floatingips?floating_ip_address=172.24.4.13 HTTP/1.1" status: 200  len: 673 time: 0.0432138
2018-09-28 15:46:36.353 13231 DEBUG neutron.api.v2.base [req-1be3dd89-c7f5-4b7f-9805-fdb1fe8a7d4f b90a3469b72b4c76a2f3153317586fec b14e662a99d0445b89e777a953fdcc99 - 7ca71220914a4fc1b3ed48751753b918 7ca71220914a4fc1b3ed48751753b918] Request body: {u'floatingip': {u'fixed_ip_address': u'11.210.1.5', u'port_id': u'038f3c29-202b-44af-a0d2-35b80742c0a9'}} prepare_request_body /usr/lib/python2.7/site-packages/neutron/api/v2/base.py:695
2018-09-28 15:46:36.699 13231 DEBUG neutron_lib.callbacks.manager [req-1be3dd89-c7f5-4b7f-9805-fdb1fe8a7d4f b90a3469b72b4c76a2f3153317586fec b14e662a99d0445b89e777a953fdcc99 - 7ca71220914a4fc1b3ed48751753b918 7ca71220914a4fc1b3ed48751753b918] Notify callbacks ['neutron.services.l3_router.l3_router_plugin.L3RouterPlugin._create_dvr_floating_gw_port--9223372036854246576'] for floatingip, after_update _notify_loop /usr/lib/python2.7/site-packages/neutron_lib/callbacks/manager.py:167
2018-09-28 15:46:37.185 13231 DEBUG neutron.scheduler.l3_agent_scheduler [req-1be3dd89-c7f5-4b7f-9805-fdb1fe8a7d4f b90a3469b72b4c76a2f3153317586fec b14e662a99d0445b89e777a953fdcc99 - 7ca71220914a4fc1b3ed48751753b918 7ca71220914a4fc1b3ed48751753b918] Router 2fd9354f-2e6c-41aa-be37-8e715dad13ca has already been hosted by L3 agent 3a7d0172-8068-4b92-83e9-dfd9fc41c250 _get_candidates /usr/lib/python2.7/site-packages/neutron/scheduler/l3_agent_scheduler.py:141
2018-09-28 15:46:37.526 13231 DEBUG neutron.api.rpc.agentnotifiers.l3_rpc_agent_api [req-1be3dd89-c7f5-4b7f-9805-fdb1fe8a7d4f b90a3469b72b4c76a2f3153317586fec b14e662a99d0445b89e777a953fdcc99 - 7ca71220914a4fc1b3ed48751753b918 7ca71220914a4fc1b3ed48751753b918] Notify agent at l3_agent.localhost.localdomain the message routers_updated _agent_notification /usr/lib/python2.7/site-packages/neutron/api/rpc/agentnotifiers/l3_rpc_agent_api.py:69
2018-09-28 15:46:37.649 13229 DEBUG neutron.wsgi [-] (13229) accepted ('10.0.20.23', 60134) server /usr/lib/python2.7/site-packages/eventlet/wsgi.py:883
2018-09-28 15:46:37.862 13231 DEBUG neutron_lib.callbacks.manager [req-1be3dd89-c7f5-4b7f-9805-fdb1fe8a7d4f b90a3469b72b4c76a2f3153317586fec b14e662a99d0445b89e777a953fdcc99 - 7ca71220914a4fc1b3ed48751753b918 7ca71220914a4fc1b3ed48751753b918] Notify callbacks ['neutron.notifiers.nova.Notifier._send_nova_notification-1044'] for floatingip, before_response _notify_loop /usr/lib/python2.7/site-packages/neutron_lib/callbacks/manager.py:167
2018-09-28 15:46:37.894 13238 DEBUG neutron.db.l3_hamode_db [req-c90645fa-c287-4d4d-881a-def80561c0f2 - - - - -] neutron.services.l3_router.l3_router_plugin.L3RouterPlugin method get_ha_sync_data_for_host called with arguments (<neutron_lib.context.Context object at 0x7f461709ca10>, u'localhost.localdomain', <neutron.db.models.agent.Agent[object at 7f4616b8a490] {id=u'3a7d0172-8068-4b92-83e9-dfd9fc41c250', agent_type=u'L3 agent', binary=u'neutron-l3-agent', topic=u'l3_agent', host=u'localhost.localdomain', availability_zone=u'nova', admin_state_up=True, created_at=datetime.datetime(2018, 9, 12, 22, 24), started_at=datetime.datetime(2018, 9, 28, 19, 36, 27), heartbeat_timestamp=datetime.datetime(2018, 9, 28, 19, 46, 27), description=None, configurations=u'{"agent_mode": "legacy", "gateway_external_network_id": "", "handle_internal_only_routers": true, "routers": 2, "interfaces": 2, "floating_ips": 0, "interface_driver": "neutron.agent.linux.interface.OVSInterfaceDriver", "log_agent_heartbeats": false, "external_network_bridge": "", "ex_gw_ports": 2}', resource_versions=None, load=0}>) {'active': True, 'router_ids': ['2fd9354f-2e6c-41aa-be37-8e715dad13ca']} wrapper /usr/lib/python2.7/site-packages/oslo_log/helpers.py:66
2018-09-28 15:46:37.946 13231 INFO neutron.wsgi [req-1be3dd89-c7f5-4b7f-9805-fdb1fe8a7d4f b90a3469b72b4c76a2f3153317586fec b14e662a99d0445b89e777a953fdcc99 - 7ca71220914a4fc1b3ed48751753b918 7ca71220914a4fc1b3ed48751753b918] 10.0.20.23 "PUT /v2.0/floatingips/8fd53429-5a38-4e47-b64b-742abead8921 HTTP/1.1" status: 200  len: 746 time: 1.6046040
2018-09-28 15:46:37.948 13231 DEBUG oslo_concurrency.lockutils [-] Lock "notifier-797f40b1-a47e-4cf7-8d9a-7f9a801b2b90" acquired by "neutron.notifiers.batch_notifier.synced_send" :: waited 0.000s inner /usr/lib/python2.7/site-packages/oslo_concurrency/lockutils.py:270
2018-09-28 15:46:37.948 13231 DEBUG neutron.notifiers.nova [-] Sending events: [{'tag': u'038f3c29-202b-44af-a0d2-35b80742c0a9', 'name': 'network-changed', 'server_uuid': u'6b4647ef-2de4-43cc-8044-b5db822cd8e8'}] send_events /usr/lib/python2.7/site-packages/neutron/notifiers/nova.py:242
2018-09-28 15:46:38.061 13229 INFO neutron.wsgi [req-d9ed694f-3df4-4b5c-9b8d-ddf331715b13 10c05a22cea847f7a42d788fe8f1cd2e 368f193974e14846a186e2cbdb34d110 - default default] 10.0.20.23 "GET /v2.0/ports?device_id=6b4647ef-2de4-43cc-8044-b5db822cd8e8 HTTP/1.1" status: 200  len: 1124 time: 0.4102049
2018-09-28 15:46:38.201 13229 INFO neutron.wsgi [req-98bc1461-d254-4cca-a8d0-f9ac1052ad42 10c05a22cea847f7a42d788fe8f1cd2e 368f193974e14846a186e2cbdb34d110 - default default] 10.0.20.23 "GET /v2.0/security-groups?id=596f2926-f61e-4125-a02e-8c1ea3965f12 HTTP/1.1" status: 200  len: 2118 time: 0.1310680
2018-09-28 15:46:38.629 13238 DEBUG neutron.db.l3_hamode_db [req-c90645fa-c287-4d4d-881a-def80561c0f2 - - - - -] neutron.services.l3_router.l3_router_plugin.L3RouterPlugin method _process_sync_ha_data called with arguments (<neutron_lib.context.Context object at 0x7f461709ca10>, [{'status': u'ACTIVE', '_interfaces': [{'status': u'ACTIVE', 'subnets': [{'dns_nameservers': [u'8.8.4.4'], 'ipv6_ra_mode': None, 'gateway_ip': u'11.210.1.1', 'cidr': u'11.210.1.0/24', 'id': u'186bffe0-2779-40ee-9703-1f4e657eae4a', 'subnetpool_id': None}], 'binding:host_id': u'localhost.localdomain', 'description': u'', 'allowed_address_pairs': [], 'tags': [], 'extra_dhcp_opts': [], 'updated_at': '2018-09-28T19:45:18Z', 'device_owner': u'network:router_interface', 'revision_number': 7, 'port_security_enabled': False, 'binding:profile': {}, 'mtu': 1450, 'fixed_ips': [{'subnet_id': u'186bffe0-2779-40ee-9703-1f4e657eae4a', 'prefixlen': 24, 'ip_address': u'11.210.1.1'}], 'id': u'5a9ee6a0-313c-4984-bf00-ceb2c1b9512f', 'security_groups': [], 'device_id': u'2fd9354f-2e6c-41aa-be37-8e715dad13ca', 'name': u'', 'admin_state_up': True, 'network_id': u'11596cee-b859-4eb9-be7e-e265f722017f', 'tenant_id': u'b14e662a99d0445b89e777a953fdcc99', 'binding:vif_details': {u'port_filter': True, u'datapath_type': u'system', u'ovs_hybrid_plug': True}, 'address_scopes': {4: None, 6: None}, 'binding:vnic_type': u'normal', 'binding:vif_type': u'ovs', 'mac_address': u'fa:16:3e:a0:77:42', 'project_id': u'b14e662a99d0445b89e777a953fdcc99', 'extra_subnets': [], 'created_at': '2018-09-28T19:45:11Z'}], 'enable_snat': True, 'ha_vr_id': 0, 'description': u'', 'tags': [], 'gw_port': {'status': u'ACTIVE', 'subnets': [{'dns_nameservers': [], 'ipv6_ra_mode': None, 'gateway_ip': u'172.24.4.1', 'cidr': u'172.24.4.0/24', 'id': u'997c6fe9-dc25-4cff-8564-acd631d97bd5', 'subnetpool_id': None}], 'binding:host_id': u'localhost.localdomain', 'description': u'', 'allowed_address_pairs': [], 'tags': [], 'extra_dhcp_opts': [], 'updated_at': '2018-09-28T19:45:28Z', 'device_owner': u'network:router_gateway', 'revision_number': 6, 'port_security_enabled': False, 'binding:profile': {}, 'mtu': 1500, 'fixed_ips': [{'subnet_id': u'997c6fe9-dc25-4cff-8564-acd631d97bd5', 'prefixlen': 24, 'ip_address': u'172.24.4.11'}], 'id': u'80b4b89a-6e36-473d-b56e-c44bca89922f', 'security_groups': [], 'device_id': u'2fd9354f-2e6c-41aa-be37-8e715dad13ca', 'name': u'', 'admin_state_up': True, 'network_id': u'990b4ddf-dd04-44e0-920c-02fce451b987', 'tenant_id': u'', 'binding:vif_details': {u'port_filter': True, u'datapath_type': u'system', u'ovs_hybrid_plug': True}, 'address_scopes': {4: None, 6: None}, 'binding:vnic_type': u'normal', 'binding:vif_type': u'ovs', 'mac_address': u'fa:16:3e:55:3e:18', 'project_id': u'', 'extra_subnets': [], 'created_at': '2018-09-28T19:45:23Z'}, 'updated_at': '2018-09-28T19:45:24Z', 'revision_number': 4, 'ha': False, 'id': u'2fd9354f-2e6c-41aa-be37-8e715dad13ca', 'gw_port_host': u'localhost.localdomain', 'external_gateway_info': {'network_id': u'990b4ddf-dd04-44e0-920c-02fce451b987', 'enable_snat': True, 'external_fixed_ips': [{'subnet_id': u'997c6fe9-dc25-4cff-8564-acd631d97bd5', 'ip_address': u'172.24.4.11'}]}, 'availability_zone_hints': [], 'availability_zones': [u'nova'], 'name': u'tempest-router-1538163746', 'gw_port_id': u'80b4b89a-6e36-473d-b56e-c44bca89922f', 'admin_state_up': True, 'tenant_id': u'b14e662a99d0445b89e777a953fdcc99', 'created_at': '2018-09-28T19:44:54Z', 'distributed': False, 'flavor_id': None, 'routes': [], 'project_id': u'b14e662a99d0445b89e777a953fdcc99', '_floatingips': [{'router_id': u'2fd9354f-2e6c-41aa-be37-8e715dad13ca', 'status': u'DOWN', 'description': u'', 'tags': [], 'updated_at': '2018-09-28T19:46:36Z', 'dns_domain': '', 'floating_network_id': u'990b4ddf-dd04-44e0-920c-02fce451b987', 'fixed_ip_address': u'11.210.1.5', 'floating_ip_address': u'172.24.4.13', 'revision_number': 1, 'port_id': u'038f3c29-202b-44af-a0d2-35b80742c0a9', 'id': u'8fd53429-5a38-4e47-b64b-742abead8921', 'dns_name': '', 'created_at': '2018-09-28T19:46:22Z', 'tenant_id': u'b14e662a99d0445b89e777a953fdcc99', 'fixed_ip_address_scope': None, 'project_id': u'b14e662a99d0445b89e777a953fdcc99'}]}], u'localhost.localdomain', False) {} wrapper /usr/lib/python2.7/site-packages/oslo_log/helpers.py:66
2018-09-28 15:46:38.643 13238 DEBUG neutron.api.rpc.handlers.l3_rpc [req-c90645fa-c287-4d4d-881a-def80561c0f2 - - - - -] Checking router: 2fd9354f-2e6c-41aa-be37-8e715dad13ca for host: localhost.localdomain _ensure_host_set_on_ports /usr/lib/python2.7/site-packages/neutron/api/rpc/handlers/l3_rpc.py:135
2018-09-28 15:46:38.860 13231 DEBUG novaclient.v2.client [-] REQ: curl -g -i -X POST http://10.0.20.23:8774/v2.1/368f193974e14846a186e2cbdb34d110/os-server-external-events -H "User-Agent: python-novaclient" -H "Content-Type: application/json" -H "Accept: application/json" -H "X-OpenStack-Nova-API-Version: 2.1" -H "X-Auth-Token: {SHA1}5d6b87e3119813e8df4b2271adfe94326088ebc5" -d '{"events": [{"tag": "038f3c29-202b-44af-a0d2-35b80742c0a9", "name": "network-changed", "server_uuid": "6b4647ef-2de4-43cc-8044-b5db822cd8e8"}]}' _http_log_request /usr/lib/python2.7/site-packages/keystoneauth1/session.py:375
2018-09-28 15:46:39.076 13242 DEBUG neutron.api.rpc.handlers.l3_rpc [req-cd0fc864-6d36-4214-aa9e-c57fd9978b3e - - - - -] New status for floating IP 8fd53429-5a38-4e47-b64b-742abead8921: ACTIVE update_floatingip_statuses /usr/lib/python2.7/site-packages/neutron/api/rpc/handlers/l3_rpc.py:252
2018-09-28 15:46:39.348 13231 INFO neutron.wsgi [req-e0d05399-c4cb-42c7-b6d7-3253a35a7bf5 10c05a22cea847f7a42d788fe8f1cd2e 368f193974e14846a186e2cbdb34d110 - default default] 10.0.20.23 "GET /v2.0/ports?tenant_id=b14e662a99d0445b89e777a953fdcc99&device_id=6b4647ef-2de4-43cc-8044-b5db822cd8e8 HTTP/1.1" status: 200  len: 1124 time: 0.4844899
2018-09-28 15:46:39.610 13231 DEBUG neutron.pecan_wsgi.hooks.policy_enforcement [req-5ccb648c-8d88-443d-b30e-d07b1ec3b78b 10c05a22cea847f7a42d788fe8f1cd2e 368f193974e14846a186e2cbdb34d110 - default default] Attributes excluded by policy engine: [u'vlan_transparent'] _exclude_attributes_by_policy /usr/lib/python2.7/site-packages/neutron/pecan_wsgi/hooks/policy_enforcement.py:256
2018-09-28 15:46:39.613 13231 INFO neutron.wsgi [req-5ccb648c-8d88-443d-b30e-d07b1ec3b78b 10c05a22cea847f7a42d788fe8f1cd2e 368f193974e14846a186e2cbdb34d110 - default default] 10.0.20.23 "GET /v2.0/networks?id=11596cee-b859-4eb9-be7e-e265f722017f HTTP/1.1" status: 200  len: 885 time: 0.2562890
2018-09-28 15:46:39.658 13231 INFO neutron.wsgi [req-9f53106b-dca2-4db2-85fa-3ed54ed71635 10c05a22cea847f7a42d788fe8f1cd2e 368f193974e14846a186e2cbdb34d110 - default default] 10.0.20.23 "GET /v2.0/floatingips?fixed_ip_address=11.210.1.5&port_id=038f3c29-202b-44af-a0d2-35b80742c0a9 HTTP/1.1" status: 200  len: 751 time: 0.0372682
2018-09-28 15:46:39.795 13231 DEBUG neutron.pecan_wsgi.hooks.policy_enforcement [req-23ce6829-4629-4db2-b8c7-ffaae810b280 10c05a22cea847f7a42d788fe8f1cd2e 368f193974e14846a186e2cbdb34d110 - default default] Attributes excluded by policy engine: [u'shared'] _exclude_attributes_by_policy /usr/lib/python2.7/site-packages/neutron/pecan_wsgi/hooks/policy_enforcement.py:256
2018-09-28 15:46:39.797 13231 INFO neutron.wsgi [req-23ce6829-4629-4db2-b8c7-ffaae810b280 10c05a22cea847f7a42d788fe8f1cd2e 368f193974e14846a186e2cbdb34d110 - default default] 10.0.20.23 "GET /v2.0/subnets?id=186bffe0-2779-40ee-9703-1f4e657eae4a HTTP/1.1" status: 200  len: 847 time: 0.1330209
2018-09-28 15:46:39.916 13231 INFO neutron.wsgi [req-6dfbb78c-8864-4d88-853f-a17b24c50996 10c05a22cea847f7a42d788fe8f1cd2e 368f193974e14846a186e2cbdb34d110 - default default] 10.0.20.23 "GET /v2.0/ports?network_id=11596cee-b859-4eb9-be7e-e265f722017f&device_owner=network%3Adhcp HTTP/1.1" status: 200  len: 1128 time: 0.1120729
2018-09-28 15:46:40.563 13227 DEBUG neutron.wsgi [-] (13227) accepted ('10.0.20.23', 60172) server /usr/lib/python2.7/site-packages/eventlet/wsgi.py:883
2018-09-28 15:46:41.078 13231 DEBUG novaclient.v2.client [-] RESP: [200] Content-Length: 179 Content-Type: application/json Openstack-Api-Version: compute 2.1 X-Openstack-Nova-Api-Version: 2.1 Vary: OpenStack-API-Version, X-OpenStack-Nova-API-Version X-Openstack-Request-Id: req-0b6c0cca-2b3d-489d-9567-868247044e89 X-Compute-Request-Id: req-0b6c0cca-2b3d-489d-9567-868247044e89 Date: Fri, 28 Sep 2018 19:46:41 GMT Connection: keep-alive 
RESP BODY: {"events": [{"status": "completed", "tag": "038f3c29-202b-44af-a0d2-35b80742c0a9", "name": "network-changed", "server_uuid": "6b4647ef-2de4-43cc-8044-b5db822cd8e8", "code": 200}]}
 _http_log_response /usr/lib/python2.7/site-packages/keystoneauth1/session.py:423
2018-09-28 15:46:41.079 13231 DEBUG novaclient.v2.client [-] POST call to compute for http://10.0.20.23:8774/v2.1/368f193974e14846a186e2cbdb34d110/os-server-external-events used request id req-0b6c0cca-2b3d-489d-9567-868247044e89 request /usr/lib/python2.7/site-packages/keystoneauth1/session.py:727
2018-09-28 15:46:41.084 13227 INFO neutron.wsgi [req-54934945-c25a-44b3-a323-534f882a9b21 10c05a22cea847f7a42d788fe8f1cd2e 368f193974e14846a186e2cbdb34d110 - default default] 10.0.20.23 "GET /v2.0/ports?device_id=6b4647ef-2de4-43cc-8044-b5db822cd8e8 HTTP/1.1" status: 200  len: 1124 time: 0.5193851
2018-09-28 15:46:41.088 13231 INFO neutron.notifiers.nova [-] Nova event response: {u'status': u'completed', u'tag': u'038f3c29-202b-44af-a0d2-35b80742c0a9', u'name': u'network-changed', u'server_uuid': u'6b4647ef-2de4-43cc-8044-b5db822cd8e8', u'code': 200}
2018-09-28 15:46:41.212 13227 INFO neutron.wsgi [req-0b26ddc2-51f7-461c-86a8-e409dd40393d 10c05a22cea847f7a42d788fe8f1cd2e 368f193974e14846a186e2cbdb34d110 - default default] 10.0.20.23 "GET /v2.0/security-groups?id=596f2926-f61e-4125-a02e-8c1ea3965f12 HTTP/1.1" status: 200  len: 2118 time: 0.1178548
2018-09-28 15:46:41.231 13230 INFO neutron.wsgi [req-8b2c4f1c-4e5a-46c7-9b2f-dd359419e81b 10c05a22cea847f7a42d788fe8f1cd2e 368f193974e14846a186e2cbdb34d110 - default default] 10.0.20.23 "GET /v2.0/ports?tenant_id=b14e662a99d0445b89e777a953fdcc99&device_id=6b4647ef-2de4-43cc-8044-b5db822cd8e8 HTTP/1.1" status: 200  len: 1124 time: 0.1086280
2018-09-28 15:46:41.422 13230 DEBUG neutron.pecan_wsgi.hooks.policy_enforcement [req-0d96b1ac-b3d3-455e-a916-d5ea50c3b18a 10c05a22cea847f7a42d788fe8f1cd2e 368f193974e14846a186e2cbdb34d110 - default default] Attributes excluded by policy engine: [u'vlan_transparent'] _exclude_attributes_by_policy /usr/lib/python2.7/site-packages/neutron/pecan_wsgi/hooks/policy_enforcement.py:256
2018-09-28 15:46:41.425 13230 INFO neutron.wsgi [req-0d96b1ac-b3d3-455e-a916-d5ea50c3b18a 10c05a22cea847f7a42d788fe8f1cd2e 368f193974e14846a186e2cbdb34d110 - default default] 10.0.20.23 "GET /v2.0/networks?id=11596cee-b859-4eb9-be7e-e265f722017f HTTP/1.1" status: 200  len: 885 time: 0.1879098
2018-09-28 15:46:41.461 13230 INFO neutron.wsgi [req-04282dfc-0cbe-4250-a2cb-fcf95302b18b 10c05a22cea847f7a42d788fe8f1cd2e 368f193974e14846a186e2cbdb34d110 - default default] 10.0.20.23 "GET /v2.0/floatingips?fixed_ip_address=11.210.1.5&port_id=038f3c29-202b-44af-a0d2-35b80742c0a9 HTTP/1.1" status: 200  len: 751 time: 0.0302749
