2018-06-29 05:44:30.397 14054 DEBUG neutron_lib.callbacks.manager [req-b7b3f519-5698-41d3-af66-a7211fdbfcf6 61d3581da4d84d2da1738aa015cf7dd5 260f482f47fb40c2863ca42ca813d17d - b4d33148035a4a878faa8493b4e5b740 b4d33148035a4a878faa8493b4e5b740] Notify callbacks ['neutron.db.l3_db._notify_routers_callback--9223363258064162850', 'neutron.plugins.ml2.ovo_rpc._ObjectChangeHandler.handle_event-1634304', 'neutron.plugins.ml2.plugin.Ml2Plugin.notify_sg_on_port_change-897279', 'neutron.api.rpc.agentnotifiers.dhcp_rpc_agent_api.DhcpAgentNotifyAPI._native_event_send_dhcp_notification--9223372036852765703', 'neutron.db.l3_dvrscheduler_db._notify_port_delete--9223363258064702242'] for port, after_delete _notify_loop /usr/lib/python2.7/site-packages/neutron_lib/callbacks/manager.py:167
2018-06-29 05:44:30.433 14054 DEBUG oslo_concurrency.lockutils [-] Lock "event-dispatch" acquired by "neutron.plugins.ml2.ovo_rpc.dispatch_events" :: waited 0.000s inner /usr/lib/python2.7/site-packages/oslo_concurrency/lockutils.py:270
2018-06-29 05:44:30.529 14066 DEBUG neutron_lib.callbacks.manager [req-9987a5f3-e2ac-4c21-80f7-3b3352be2c5c - - - - -] Notify callbacks ['neutron.services.segments.db._update_segment_host_mapping_for_agent-8778790434384'] for agent, after_update _notify_loop /usr/lib/python2.7/site-packages/neutron_lib/callbacks/manager.py:167
2018-06-29 05:44:30.667 14054 DEBUG neutron.api.rpc.handlers.resources_rpc [req-b7b3f519-5698-41d3-af66-a7211fdbfcf6 61d3581da4d84d2da1738aa015cf7dd5 260f482f47fb40c2863ca42ca813d17d - - -] neutron.api.rpc.handlers.resources_rpc.ResourcesPushRpcApi method push called with arguments (<neutron_lib.context.Context object at 0x7fbf89d3fdd0>, [Port(admin_state_up=<?>,allowed_address_pairs=<?>,binding=<?>,binding_levels=<?>,created_at=<?>,data_plane_status=<?>,description=<?>,device_id=<?>,device_owner=<?>,dhcp_options=<?>,distributed_binding=<?>,dns=<?>,fixed_ips=<?>,id=af34cc88-d84f-496d-8957-290738f04477,mac_address=<?>,name=<?>,network_id=<?>,project_id=<?>,qos_policy_id=None,revision_number=<?>,security=<?>,security_group_ids=None,status=<?>,updated_at=<?>)], 'deleted') {} wrapper /usr/lib/python2.7/site-packages/oslo_log/helpers.py:66
2018-06-29 05:44:30.713 14054 DEBUG neutron.api.rpc.callbacks.version_manager [req-b7b3f519-5698-41d3-af66-a7211fdbfcf6 61d3581da4d84d2da1738aa015cf7dd5 260f482f47fb40c2863ca42ca813d17d - - -] Version for resource type Subnet changed None to 1.0 on consumer Open vSwitch agent@localhost.localdomain _set_version /usr/lib/python2.7/site-packages/neutron/api/rpc/callbacks/version_manager.py:119
2018-06-29 05:44:30.714 14054 DEBUG neutron.api.rpc.callbacks.version_manager [req-b7b3f519-5698-41d3-af66-a7211fdbfcf6 61d3581da4d84d2da1738aa015cf7dd5 260f482f47fb40c2863ca42ca813d17d - - -] Version for resource type Network changed None to 1.0 on consumer Open vSwitch agent@localhost.localdomain _set_version /usr/lib/python2.7/site-packages/neutron/api/rpc/callbacks/version_manager.py:119
2018-06-29 05:44:30.715 14054 DEBUG neutron.api.rpc.callbacks.version_manager [req-b7b3f519-5698-41d3-af66-a7211fdbfcf6 61d3581da4d84d2da1738aa015cf7dd5 260f482f47fb40c2863ca42ca813d17d - - -] Version for resource type SubPort changed None to 1.0 on consumer Open vSwitch agent@localhost.localdomain _set_version /usr/lib/python2.7/site-packages/neutron/api/rpc/callbacks/version_manager.py:119
2018-06-29 05:44:30.716 14054 DEBUG neutron.api.rpc.callbacks.version_manager [req-b7b3f519-5698-41d3-af66-a7211fdbfcf6 61d3581da4d84d2da1738aa015cf7dd5 260f482f47fb40c2863ca42ca813d17d - - -] Version for resource type SecurityGroup changed None to 1.0 on consumer Open vSwitch agent@localhost.localdomain _set_version /usr/lib/python2.7/site-packages/neutron/api/rpc/callbacks/version_manager.py:119
2018-06-29 05:44:30.717 14054 DEBUG neutron.api.rpc.callbacks.version_manager [req-b7b3f519-5698-41d3-af66-a7211fdbfcf6 61d3581da4d84d2da1738aa015cf7dd5 260f482f47fb40c2863ca42ca813d17d - - -] Version for resource type SecurityGroupRule changed None to 1.0 on consumer Open vSwitch agent@localhost.localdomain _set_version /usr/lib/python2.7/site-packages/neutron/api/rpc/callbacks/version_manager.py:119
2018-06-29 05:44:30.719 14054 DEBUG neutron.api.rpc.callbacks.version_manager [req-b7b3f519-5698-41d3-af66-a7211fdbfcf6 61d3581da4d84d2da1738aa015cf7dd5 260f482f47fb40c2863ca42ca813d17d - - -] Version for resource type Trunk changed None to 1.1 on consumer Open vSwitch agent@localhost.localdomain _set_version /usr/lib/python2.7/site-packages/neutron/api/rpc/callbacks/version_manager.py:119
2018-06-29 05:44:30.720 14054 DEBUG neutron.api.rpc.callbacks.version_manager [req-b7b3f519-5698-41d3-af66-a7211fdbfcf6 61d3581da4d84d2da1738aa015cf7dd5 260f482f47fb40c2863ca42ca813d17d - - -] Version for resource type QosPolicy changed None to 1.6 on consumer Open vSwitch agent@localhost.localdomain _set_version /usr/lib/python2.7/site-packages/neutron/api/rpc/callbacks/version_manager.py:119
2018-06-29 05:44:30.721 14054 DEBUG neutron.api.rpc.callbacks.version_manager [req-b7b3f519-5698-41d3-af66-a7211fdbfcf6 61d3581da4d84d2da1738aa015cf7dd5 260f482f47fb40c2863ca42ca813d17d - - -] Version for resource type Port changed None to 1.1 on consumer Open vSwitch agent@localhost.localdomain _set_version /usr/lib/python2.7/site-packages/neutron/api/rpc/callbacks/version_manager.py:119
2018-06-29 05:44:30.723 14054 DEBUG neutron.api.rpc.callbacks.version_manager [req-b7b3f519-5698-41d3-af66-a7211fdbfcf6 61d3581da4d84d2da1738aa015cf7dd5 260f482f47fb40c2863ca42ca813d17d - - -] Version for resource type Log changed None to 1.0 on consumer Open vSwitch agent@localhost.localdomain _set_version /usr/lib/python2.7/site-packages/neutron/api/rpc/callbacks/version_manager.py:119
2018-06-29 05:44:30.766 14054 DEBUG oslo_concurrency.lockutils [req-b7b3f519-5698-41d3-af66-a7211fdbfcf6 61d3581da4d84d2da1738aa015cf7dd5 260f482f47fb40c2863ca42ca813d17d - - -] Lock "event-dispatch" released by "neutron.plugins.ml2.ovo_rpc.dispatch_events" :: held 0.333s inner /usr/lib/python2.7/site-packages/oslo_concurrency/lockutils.py:282
2018-06-29 05:44:31.501 14054 DEBUG neutron.scheduler.l3_agent_scheduler [req-b7b3f519-5698-41d3-af66-a7211fdbfcf6 61d3581da4d84d2da1738aa015cf7dd5 260f482f47fb40c2863ca42ca813d17d - b4d33148035a4a878faa8493b4e5b740 b4d33148035a4a878faa8493b4e5b740] Router 88d225c1-852b-4488-a1a1-3bc772dc296e has already been hosted by L3 agent 0aae51ef-d85a-4a28-8dba-d2795f82e408 _get_candidates /usr/lib/python2.7/site-packages/neutron/scheduler/l3_agent_scheduler.py:141
2018-06-29 05:44:31.718 14054 DEBUG neutron.api.rpc.agentnotifiers.l3_rpc_agent_api [req-b7b3f519-5698-41d3-af66-a7211fdbfcf6 61d3581da4d84d2da1738aa015cf7dd5 260f482f47fb40c2863ca42ca813d17d - b4d33148035a4a878faa8493b4e5b740 b4d33148035a4a878faa8493b4e5b740] Notify agent at l3_agent.localhost.localdomain the message routers_updated _agent_notification /usr/lib/python2.7/site-packages/neutron/api/rpc/agentnotifiers/l3_rpc_agent_api.py:69
2018-06-29 05:44:31.772 14054 DEBUG neutron.quota.resource [req-b7b3f519-5698-41d3-af66-a7211fdbfcf6 61d3581da4d84d2da1738aa015cf7dd5 260f482f47fb40c2863ca42ca813d17d - b4d33148035a4a878faa8493b4e5b740 b4d33148035a4a878faa8493b4e5b740] Persisted dirty status for tenant:260f482f47fb40c2863ca42ca813d17d on resource:floatingip mark_dirty /usr/lib/python2.7/site-packages/neutron/quota/resource.py:207
2018-06-29 05:44:31.792 14070 DEBUG neutron.db.l3_hamode_db [req-358df6e5-3c00-4fb2-9553-94b961431daa - - - - -] neutron.services.l3_router.l3_router_plugin.L3RouterPlugin method get_ha_sync_data_for_host called with arguments (<neutron_lib.context.Context object at 0x7fbf8a17dc10>, u'localhost.localdomain', <neutron.db.models.agent.Agent[object at 7fbf89ffb7d0] {id=u'0aae51ef-d85a-4a28-8dba-d2795f82e408', agent_type=u'L3 agent', binary=u'neutron-l3-agent', topic=u'l3_agent', host=u'localhost.localdomain', availability_zone=u'nova', admin_state_up=True, created_at=datetime.datetime(2018, 6, 6, 18, 5, 37), started_at=datetime.datetime(2018, 6, 29, 3, 16), heartbeat_timestamp=datetime.datetime(2018, 6, 29, 3, 44, 30), description=None, configurations=u'{"agent_mode": "legacy", "gateway_external_network_id": "", "handle_internal_only_routers": true, "routers": 2, "interfaces": 2, "floating_ips": 1, "interface_driver": "neutron.agent.linux.interface.OVSInterfaceDriver", "log_agent_heartbeats": false, "external_network_bridge": "", "ex_gw_ports": 2}', resource_versions=None, load=0}>) {'active': True, 'router_ids': ['88d225c1-852b-4488-a1a1-3bc772dc296e']} wrapper /usr/lib/python2.7/site-packages/oslo_log/helpers.py:66
2018-06-29 05:44:31.801 14054 DEBUG neutron.quota.resource [req-b7b3f519-5698-41d3-af66-a7211fdbfcf6 61d3581da4d84d2da1738aa015cf7dd5 260f482f47fb40c2863ca42ca813d17d - b4d33148035a4a878faa8493b4e5b740 b4d33148035a4a878faa8493b4e5b740] Persisted dirty status for tenant: on resource:port mark_dirty /usr/lib/python2.7/site-packages/neutron/quota/resource.py:207
2018-06-29 05:44:31.810 14054 DEBUG neutron_lib.callbacks.manager [req-b7b3f519-5698-41d3-af66-a7211fdbfcf6 61d3581da4d84d2da1738aa015cf7dd5 260f482f47fb40c2863ca42ca813d17d - b4d33148035a4a878faa8493b4e5b740 b4d33148035a4a878faa8493b4e5b740] Notify callbacks ['neutron.notifiers.nova.Notifier._send_nova_notification--9223372036854769230'] for floatingip, before_response _notify_loop /usr/lib/python2.7/site-packages/neutron_lib/callbacks/manager.py:167
2018-06-29 05:44:31.944 14054 INFO neutron.wsgi [req-b7b3f519-5698-41d3-af66-a7211fdbfcf6 61d3581da4d84d2da1738aa015cf7dd5 260f482f47fb40c2863ca42ca813d17d - b4d33148035a4a878faa8493b4e5b740 b4d33148035a4a878faa8493b4e5b740] 10.0.20.28 "DELETE /v2.0/floatingips/a3184c65-1b69-42ee-8122-f1d124c255cf HTTP/1.1" status: 204  len: 173 time: 2.5189509
2018-06-29 05:44:31.945 14054 DEBUG oslo_concurrency.lockutils [-] Lock "notifier-0c7d1954-3dab-4240-be75-fb05aa03d3af" acquired by "neutron.notifiers.batch_notifier.synced_send" :: waited 0.000s inner /usr/lib/python2.7/site-packages/oslo_concurrency/lockutils.py:270
2018-06-29 05:44:31.946 14054 DEBUG neutron.notifiers.nova [-] Sending events: [{'tag': u'650f4050-7663-4a3d-b8bc-719dddce2f1d', 'name': 'network-changed', 'server_uuid': u'8e2a2a2e-5b9e-4946-bd88-1a26817eba3e'}] send_events /usr/lib/python2.7/site-packages/neutron/notifiers/nova.py:242
2018-06-29 05:44:31.951 14054 DEBUG novaclient.v2.client [-] REQ: curl -g -i -X POST http://10.0.20.28:8774/v2.1/0756a888a15d4216915a13bf41cedcba/os-server-external-events -H "User-Agent: python-novaclient" -H "Content-Type: application/json" -H "Accept: application/json" -H "X-OpenStack-Nova-API-Version: 2.1" -H "X-Auth-Token: {SHA1}e0fa84a320611dd04b44c9dd7afa9f9c5337b9cb" -d '{"events": [{"tag": "650f4050-7663-4a3d-b8bc-719dddce2f1d", "name": "network-changed", "server_uuid": "8e2a2a2e-5b9e-4946-bd88-1a26817eba3e"}]}' _http_log_request /usr/lib/python2.7/site-packages/keystoneauth1/session.py:375
2018-06-29 05:44:32.214 14054 DEBUG novaclient.v2.client [-] RESP: [200] Content-Length: 179 Content-Type: application/json Openstack-Api-Version: compute 2.1 X-Openstack-Nova-Api-Version: 2.1 Vary: OpenStack-API-Version, X-OpenStack-Nova-API-Version X-Openstack-Request-Id: req-56b9a2de-09ec-4404-8904-511dc1691ce7 X-Compute-Request-Id: req-56b9a2de-09ec-4404-8904-511dc1691ce7 Date: Fri, 29 Jun 2018 03:44:32 GMT Connection: keep-alive 
RESP BODY: {"events": [{"status": "completed", "tag": "650f4050-7663-4a3d-b8bc-719dddce2f1d", "name": "network-changed", "server_uuid": "8e2a2a2e-5b9e-4946-bd88-1a26817eba3e", "code": 200}]}
 _http_log_response /usr/lib/python2.7/site-packages/keystoneauth1/session.py:423
2018-06-29 05:44:32.215 14054 DEBUG novaclient.v2.client [-] POST call to compute for http://10.0.20.28:8774/v2.1/0756a888a15d4216915a13bf41cedcba/os-server-external-events used request id req-56b9a2de-09ec-4404-8904-511dc1691ce7 request /usr/lib/python2.7/site-packages/keystoneauth1/session.py:727
2018-06-29 05:44:32.226 14054 INFO neutron.notifiers.nova [-] Nova event response: {u'status': u'completed', u'tag': u'650f4050-7663-4a3d-b8bc-719dddce2f1d', u'name': u'network-changed', u'server_uuid': u'8e2a2a2e-5b9e-4946-bd88-1a26817eba3e', u'code': 200}
2018-06-29 05:44:32.395 14054 INFO neutron.wsgi [req-cc42487c-21cf-4217-8302-dfefd9e529f1 75fa4703edb245b7af4eedb4f8abb678 0756a888a15d4216915a13bf41cedcba - default default] 10.0.20.28 "GET /v2.0/ports?tenant_id=260f482f47fb40c2863ca42ca813d17d&device_id=8e2a2a2e-5b9e-4946-bd88-1a26817eba3e HTTP/1.1" status: 200  len: 1123 time: 0.1538529
2018-06-29 05:44:32.829 14054 DEBUG neutron.pecan_wsgi.hooks.policy_enforcement [req-caf14ff5-74af-46b7-bb83-4d887ab91298 75fa4703edb245b7af4eedb4f8abb678 0756a888a15d4216915a13bf41cedcba - default default] Attributes excluded by policy engine: [u'vlan_transparent'] _exclude_attributes_by_policy /usr/lib/python2.7/site-packages/neutron/pecan_wsgi/hooks/policy_enforcement.py:256
2018-06-29 05:44:32.833 14054 INFO neutron.wsgi [req-caf14ff5-74af-46b7-bb83-4d887ab91298 75fa4703edb245b7af4eedb4f8abb678 0756a888a15d4216915a13bf41cedcba - default default] 10.0.20.28 "GET /v2.0/networks?id=2e720a22-e53d-485c-8fd2-708ae6059b83 HTTP/1.1" status: 200  len: 885 time: 0.4283960
2018-06-29 05:44:32.884 14054 INFO neutron.wsgi [req-41543f77-c539-415f-a390-e9334ba74ba9 75fa4703edb245b7af4eedb4f8abb678 0756a888a15d4216915a13bf41cedcba - default default] 10.0.20.28 "GET /v2.0/floatingips?fixed_ip_address=11.63.1.6&port_id=650f4050-7663-4a3d-b8bc-719dddce2f1d HTTP/1.1" status: 200  len: 217 time: 0.0423460
2018-06-29 05:44:32.970 14070 DEBUG neutron.db.l3_hamode_db [req-358df6e5-3c00-4fb2-9553-94b961431daa - - - - -] neutron.services.l3_router.l3_router_plugin.L3RouterPlugin method _process_sync_ha_data called with arguments (<neutron_lib.context.Context object at 0x7fbf8a17dc10>, [{'status': u'ACTIVE', '_interfaces': [{'status': u'ACTIVE', 'subnets': [{'dns_nameservers': [u'8.8.4.4'], 'ipv6_ra_mode': None, 'gateway_ip': u'11.63.1.1', 'cidr': u'11.63.1.0/24', 'id': u'61d289be-2840-4cc3-b15e-6ffc5f4a4385', 'subnetpool_id': None}], 'binding:host_id': u'localhost.localdomain', 'description': u'', 'allowed_address_pairs': [], 'tags': [], 'extra_dhcp_opts': [], 'updated_at': '2018-06-29T03:39:19Z', 'device_owner': u'network:router_interface', 'revision_number': 7, 'port_security_enabled': False, 'binding:profile': {}, 'mtu': 1450, 'fixed_ips': [{'subnet_id': u'61d289be-2840-4cc3-b15e-6ffc5f4a4385', 'prefixlen': 24, 'ip_address': u'11.63.1.1'}], 'id': u'91cb720d-de21-48a2-98bf-9bdccb770de2', 'security_groups': [], 'device_id': u'88d225c1-852b-4488-a1a1-3bc772dc296e', 'name': u'', 'admin_state_up': True, 'network_id': u'2e720a22-e53d-485c-8fd2-708ae6059b83', 'tenant_id': u'260f482f47fb40c2863ca42ca813d17d', 'binding:vif_details': {u'port_filter': True, u'datapath_type': u'system', u'ovs_hybrid_plug': True}, 'address_scopes': {4: None, 6: None}, 'binding:vnic_type': u'normal', 'binding:vif_type': u'ovs', 'mac_address': u'fa:16:3e:55:37:d0', 'project_id': u'260f482f47fb40c2863ca42ca813d17d', 'extra_subnets': [], 'created_at': '2018-06-29T03:39:10Z'}], 'enable_snat': True, 'ha_vr_id': 0, 'description': u'', 'tags': [], 'gw_port': {'status': u'ACTIVE', 'subnets': [{'dns_nameservers': [], 'ipv6_ra_mode': None, 'gateway_ip': u'172.24.4.1', 'cidr': u'172.24.4.0/24', 'id': u'b6e216ca-b0fd-4778-9cc1-3aadc17c208f', 'subnetpool_id': None}], 'binding:host_id': u'localhost.localdomain', 'description': u'', 'allowed_address_pairs': [], 'tags': [], 'extra_dhcp_opts': [], 'updated_at': '2018-06-29T03:39:35Z', 'device_owner': u'network:router_gateway', 'revision_number': 6, 'port_security_enabled': False, 'binding:profile': {}, 'mtu': 1500, 'fixed_ips': [{'subnet_id': u'b6e216ca-b0fd-4778-9cc1-3aadc17c208f', 'prefixlen': 24, 'ip_address': u'172.24.4.3'}], 'id': u'5ecda198-f681-4106-aa93-b93557cb41bc', 'security_groups': [], 'device_id': u'88d225c1-852b-4488-a1a1-3bc772dc296e', 'name': u'', 'admin_state_up': True, 'network_id': u'3a89a4af-574f-492a-9eb4-eae63d51f625', 'tenant_id': u'', 'binding:vif_details': {u'port_filter': True, u'datapath_type': u'system', u'ovs_hybrid_plug': True}, 'address_scopes': {4: None, 6: None}, 'binding:vnic_type': u'normal', 'binding:vif_type': u'ovs', 'mac_address': u'fa:16:3e:eb:de:e9', 'project_id': u'', 'extra_subnets': [], 'created_at': '2018-06-29T03:39:26Z'}, 'updated_at': '2018-06-29T03:39:27Z', 'revision_number': 4, 'ha': False, 'id': u'88d225c1-852b-4488-a1a1-3bc772dc296e', 'gw_port_host': u'localhost.localdomain', 'external_gateway_info': {'network_id': u'3a89a4af-574f-492a-9eb4-eae63d51f625', 'enable_snat': True, 'external_fixed_ips': [{'subnet_id': u'b6e216ca-b0fd-4778-9cc1-3aadc17c208f', 'ip_address': u'172.24.4.3'}]}, 'availability_zone_hints': [], 'availability_zones': [u'nova'], 'name': u'tempest-router-1530243350', 'gw_port_id': u'5ecda198-f681-4106-aa93-b93557cb41bc', 'admin_state_up': True, 'tenant_id': u'260f482f47fb40c2863ca42ca813d17d', 'created_at': '2018-06-29T03:38:48Z', 'distributed': False, 'flavor_id': None, 'routes': [], 'project_id': u'260f482f47fb40c2863ca42ca813d17d'}], u'localhost.localdomain', False) {} wrapper /usr/lib/python2.7/site-packages/oslo_log/helpers.py:66
2018-06-29 05:44:32.986 14070 DEBUG neutron.api.rpc.handlers.l3_rpc [req-358df6e5-3c00-4fb2-9553-94b961431daa - - - - -] Checking router: 88d225c1-852b-4488-a1a1-3bc772dc296e for host: localhost.localdomain _ensure_host_set_on_ports /usr/lib/python2.7/site-packages/neutron/api/rpc/handlers/l3_rpc.py:135
2018-06-29 05:44:33.251 14063 DEBUG neutron.api.rpc.handlers.l3_rpc [req-9c7fa8d5-9876-469b-acab-e3f635d68244 - - - - -] New status for floating IP a3184c65-1b69-42ee-8122-f1d124c255cf: DOWN update_floatingip_statuses /usr/lib/python2.7/site-packages/neutron/api/rpc/handlers/l3_rpc.py:252
2018-06-29 05:44:33.338 14054 DEBUG neutron.pecan_wsgi.hooks.policy_enforcement [req-f4e3826b-b3a0-436c-82e2-d6055cf2cb83 75fa4703edb245b7af4eedb4f8abb678 0756a888a15d4216915a13bf41cedcba - default default] Attributes excluded by policy engine: [u'shared'] _exclude_attributes_by_policy /usr/lib/python2.7/site-packages/neutron/pecan_wsgi/hooks/policy_enforcement.py:256
2018-06-29 05:44:33.340 14054 INFO neutron.wsgi [req-f4e3826b-b3a0-436c-82e2-d6055cf2cb83 75fa4703edb245b7af4eedb4f8abb678 0756a888a15d4216915a13bf41cedcba - default default] 10.0.20.28 "GET /v2.0/subnets?id=61d289be-2840-4cc3-b15e-6ffc5f4a4385 HTTP/1.1" status: 200  len: 843 time: 0.4478080
2018-06-29 05:44:33.507 14054 INFO neutron.wsgi [req-be3c5ba5-e23d-440c-94a9-0a66815e8475 75fa4703edb245b7af4eedb4f8abb678 0756a888a15d4216915a13bf41cedcba - default default] 10.0.20.28 "GET /v2.0/ports?network_id=2e720a22-e53d-485c-8fd2-708ae6059b83&device_owner=network%3Adhcp HTTP/1.1" status: 200  len: 1127 time: 0.1579211
2018-06-29 05:44:34.229 14054 DEBUG oslo_concurrency.lockutils [-] Lock "notifier-0c7d1954-3dab-4240-be75-fb05aa03d3af" released by "neutron.notifiers.batch_notifier.synced_send" :: held 2.283s inner /usr/lib/python2.7/site-packages/oslo_concurrency/lockutils.py:282
2018-06-29 05:44:39.485 14070 DEBUG neutron.db.agents_db [req-8c0a6b24-6dfc-4a15-b4cc-372480cfd0ee - - - - -] Agent healthcheck: found 5 active agents agent_health_check /usr/lib/python2.7/site-packages/neutron/db/agents_db.py:281
2018-06-29 05:44:42.628 14056 INFO neutron.wsgi [req-3ba9b149-405c-4a81-8297-35527faac8ef c5cd6ef06ce14dd690705b39bb3f1552 2776224a461d4a01833ab75847b98330 - default default] 10.0.20.28 "GET /v2.0/ports?device_id=8e2a2a2e-5b9e-4946-bd88-1a26817eba3e HTTP/1.1" status: 200  len: 1123 time: 1.1527889
2018-06-29 05:44:42.771 14056 INFO neutron.wsgi [req-0dc5fd40-e215-4255-8856-24b0345348e6 c5cd6ef06ce14dd690705b39bb3f1552 2776224a461d4a01833ab75847b98330 - default default] 10.0.20.28 "GET /v2.0/security-groups?id=91f5a60d-cca0-4a6c-9263-4d09e3fce1a8 HTTP/1.1" status: 200  len: 2118 time: 0.1359041
2018-06-29 05:44:45.766 14054 INFO neutron.wsgi [req-03ce436e-0606-4433-9150-333417a0e829 75fa4703edb245b7af4eedb4f8abb678 0756a888a15d4216915a13bf41cedcba - default default] 10.0.20.28 "GET /v2.0/ports?tenant_id=260f482f47fb40c2863ca42ca813d17d&device_id=8e2a2a2e-5b9e-4946-bd88-1a26817eba3e HTTP/1.1" status: 200  len: 1123 time: 0.1388099
2018-06-29 05:44:46.017 14054 DEBUG neutron.pecan_wsgi.hooks.policy_enforcement [req-9e4743e4-ecbc-45e2-9235-372cb76cf69b 75fa4703edb245b7af4eedb4f8abb678 0756a888a15d4216915a13bf41cedcba - default default] Attributes excluded by policy engine: [u'vlan_transparent'] _exclude_attributes_by_policy /usr/lib/python2.7/site-packages/neutron/pecan_wsgi/hooks/policy_enforcement.py:256
2018-06-29 05:44:46.020 14054 INFO neutron.wsgi [req-9e4743e4-ecbc-45e2-9235-372cb76cf69b 75fa4703edb245b7af4eedb4f8abb678 0756a888a15d4216915a13bf41cedcba - default default] 10.0.20.28 "GET /v2.0/networks?id=2e720a22-e53d-485c-8fd2-708ae6059b83 HTTP/1.1" status: 200  len: 885 time: 0.2471530
2018-06-29 05:44:46.070 14054 INFO neutron.wsgi [req-2890fd8e-d01b-4779-a630-42cc5b38010f 75fa4703edb245b7af4eedb4f8abb678 0756a888a15d4216915a13bf41cedcba - default default] 10.0.20.28 "GET /v2.0/floatingips?fixed_ip_address=11.63.1.6&port_id=650f4050-7663-4a3d-b8bc-719dddce2f1d HTTP/1.1" status: 200  len: 217 time: 0.0436311
2018-06-29 05:44:46.229 14054 DEBUG neutron.pecan_wsgi.hooks.policy_enforcement [req-e72c26da-2176-484a-87ea-809600184a2a 75fa4703edb245b7af4eedb4f8abb678 0756a888a15d4216915a13bf41cedcba - default default] Attributes excluded by policy engine: [u'shared'] _exclude_attributes_by_policy /usr/lib/python2.7/site-packages/neutron/pecan_wsgi/hooks/policy_enforcement.py:256
2018-06-29 05:44:46.232 14054 INFO neutron.wsgi [req-e72c26da-2176-484a-87ea-809600184a2a 75fa4703edb245b7af4eedb4f8abb678 0756a888a15d4216915a13bf41cedcba - default default] 10.0.20.28 "GET /v2.0/subnets?id=61d289be-2840-4cc3-b15e-6ffc5f4a4385 HTTP/1.1" status: 200  len: 843 time: 0.1565559
2018-06-29 05:44:46.348 14054 INFO neutron.wsgi [req-3a26aeda-2902-4892-9e5e-4301dcf1d264 75fa4703edb245b7af4eedb4f8abb678 0756a888a15d4216915a13bf41cedcba - default default] 10.0.20.28 "GET /v2.0/ports?network_id=2e720a22-e53d-485c-8fd2-708ae6059b83&device_owner=network%3Adhcp HTTP/1.1" status: 200  len: 1127 time: 0.1076250
2018-06-29 05:44:51.720 14056 INFO neutron.wsgi [req-fafc9046-b1a8-4138-9f78-cd4142d5e196 c5cd6ef06ce14dd690705b39bb3f1552 2776224a461d4a01833ab75847b98330 - default default] 10.0.20.28 "GET /v2.0/ports?device_id=8e2a2a2e-5b9e-4946-bd88-1a26817eba3e HTTP/1.1" status: 200  len: 1123 time: 1.7997739
2018-06-29 05:44:51.927 14056 INFO neutron.wsgi [req-c5f560f3-83c1-43c9-9b41-92347f818996 c5cd6ef06ce14dd690705b39bb3f1552 2776224a461d4a01833ab75847b98330 - default default] 10.0.20.28 "GET /v2.0/security-groups?id=91f5a60d-cca0-4a6c-9263-4d09e3fce1a8 HTTP/1.1" status: 200  len: 2118 time: 0.1904070
2018-06-29 05:44:54.555 14054 INFO neutron.wsgi [req-514a9e57-77f4-46be-883e-243d986216d7 c5cd6ef06ce14dd690705b39bb3f1552 2776224a461d4a01833ab75847b98330 - default default] 10.0.20.28 "GET /v2.0/ports?device_id=8e2a2a2e-5b9e-4946-bd88-1a26817eba3e HTTP/1.1" status: 200  len: 1123 time: 0.7188611
2018-06-29 05:44:54.701 14054 DEBUG neutron.plugins.ml2.plugin [req-9f27ffde-2d39-42e4-bde0-6152a7e570ab c5cd6ef06ce14dd690705b39bb3f1552 2776224a461d4a01833ab75847b98330 - default default] Deleting port 650f4050-7663-4a3d-b8bc-719dddce2f1d _pre_delete_port /usr/lib/python2.7/site-packages/neutron/plugins/ml2/plugin.py:1488
2018-06-29 05:44:54.701 14054 DEBUG neutron_lib.callbacks.manager [req-9f27ffde-2d39-42e4-bde0-6152a7e570ab c5cd6ef06ce14dd690705b39bb3f1552 2776224a461d4a01833ab75847b98330 - default default] Notify callbacks ['neutron.db.l3_db._prevent_l3_port_delete_callback--9223363258064134132'] for port, before_delete _notify_loop /usr/lib/python2.7/site-packages/neutron_lib/callbacks/manager.py:167
2018-06-29 05:44:54.983 14062 DEBUG neutron.plugins.ml2.rpc [req-00496de1-fede-4195-80e2-e41986cdb5ed - - - - -] Device 650f4050-7663-4a3d-b8bc-719dddce2f1d no longer exists at agent ovs-agent-localhost.localdomain update_device_down /usr/lib/python2.7/site-packages/neutron/plugins/ml2/rpc.py:213
2018-06-29 05:44:55.169 14054 DEBUG neutron.plugins.ml2.db [req-9f27ffde-2d39-42e4-bde0-6152a7e570ab c5cd6ef06ce14dd690705b39bb3f1552 2776224a461d4a01833ab75847b98330 - default default] For port 650f4050-7663-4a3d-b8bc-719dddce2f1d, host localhost.localdomain, got binding levels [<neutron.plugins.ml2.models.PortBindingLevel[object at 7fbf8999a5d0] {port_id=u'650f4050-7663-4a3d-b8bc-719dddce2f1d', host=u'localhost.localdomain', level=0, driver=u'openvswitch', segment_id=u'a2d18c6d-455a-4388-b083-40876dedd14f'}>] get_binding_levels /usr/lib/python2.7/site-packages/neutron/plugins/ml2/db.py:106
2018-06-29 05:44:55.227 14054 DEBUG neutron.plugins.ml2.plugin [req-9f27ffde-2d39-42e4-bde0-6152a7e570ab c5cd6ef06ce14dd690705b39bb3f1552 2776224a461d4a01833ab75847b98330 - default default] Calling delete_port for 650f4050-7663-4a3d-b8bc-719dddce2f1d owned by compute:nova delete_port /usr/lib/python2.7/site-packages/neutron/plugins/ml2/plugin.py:1547
2018-06-29 05:44:55.286 14062 DEBUG neutron_lib.callbacks.manager [req-00496de1-fede-4195-80e2-e41986cdb5ed - - - - -] Notify callbacks ['neutron.plugins.ml2.plugin.Ml2Plugin._ensure_default_security_group_handler--9223372036853878646'] for port, before_update _notify_loop /usr/lib/python2.7/site-packages/neutron_lib/callbacks/manager.py:167
2018-06-29 05:44:55.689 14062 DEBUG neutron.db.api [req-00496de1-fede-4195-80e2-e41986cdb5ed - - - - -] Retry wrapper got retriable exception: (pymysql.err.InternalError) (1213, u'Deadlock found when trying to get lock; try restarting transaction') [SQL: u'UPDATE ports SET status=%(status)s WHERE ports.id = %(ports_id)s'] [parameters: {'status': 'DOWN', 'ports_id': u'650f4050-7663-4a3d-b8bc-719dddce2f1d'}] wrapped /usr/lib/python2.7/site-packages/neutron/db/api.py:128
2018-06-29 05:44:55.691 14062 DEBUG oslo_db.api [req-00496de1-fede-4195-80e2-e41986cdb5ed - - - - -] Performing DB retry for function neutron.plugins.ml2.plugin.update_port_statuses wrapper /usr/lib/python2.7/site-packages/oslo_db/api.py:152
2018-06-29 05:44:55.766 14054 DEBUG neutron_lib.callbacks.manager [req-9f27ffde-2d39-42e4-bde0-6152a7e570ab c5cd6ef06ce14dd690705b39bb3f1552 2776224a461d4a01833ab75847b98330 - default default] Notify callbacks ['neutron.db.l3_db._notify_routers_callback--9223363258064162850', 'neutron.plugins.ml2.ovo_rpc._ObjectChangeHandler.handle_event-1634304', 'neutron.plugins.ml2.plugin.Ml2Plugin.notify_sg_on_port_change-897279', 'neutron.api.rpc.agentnotifiers.dhcp_rpc_agent_api.DhcpAgentNotifyAPI._native_event_send_dhcp_notification--9223372036852765703', 'neutron.db.l3_dvrscheduler_db._notify_port_delete--9223363258064702242'] for port, after_delete _notify_loop /usr/lib/python2.7/site-packages/neutron_lib/callbacks/manager.py:167
2018-06-29 05:44:55.793 14054 DEBUG oslo_concurrency.lockutils [-] Lock "event-dispatch" acquired by "neutron.plugins.ml2.ovo_rpc.dispatch_events" :: waited 0.000s inner /usr/lib/python2.7/site-packages/oslo_concurrency/lockutils.py:270
2018-06-29 05:44:55.939 14062 DEBUG neutron.plugins.ml2.plugin [req-00496de1-fede-4195-80e2-e41986cdb5ed - - - - -] Port 650f4050-7663-4a3d-b8bc-719dddce2f1d update to DOWN by agent not found update_port_statuses /usr/lib/python2.7/site-packages/neutron/plugins/ml2/plugin.py:1703
2018-06-29 05:44:56.002 14054 DEBUG neutron.api.rpc.handlers.resources_rpc [req-9f27ffde-2d39-42e4-bde0-6152a7e570ab c5cd6ef06ce14dd690705b39bb3f1552 2776224a461d4a01833ab75847b98330 - - -] neutron.api.rpc.handlers.resources_rpc.ResourcesPushRpcApi method push called with arguments (<neutron_lib.context.Context object at 0x7fbf89b0ba90>, [Port(admin_state_up=<?>,allowed_address_pairs=<?>,binding=<?>,binding_levels=<?>,created_at=<?>,data_plane_status=<?>,description=<?>,device_id=<?>,device_owner=<?>,dhcp_options=<?>,distributed_binding=<?>,dns=<?>,fixed_ips=<?>,id=650f4050-7663-4a3d-b8bc-719dddce2f1d,mac_address=<?>,name=<?>,network_id=<?>,project_id=<?>,qos_policy_id=None,revision_number=<?>,security=<?>,security_group_ids=None,status=<?>,updated_at=<?>)], 'deleted') {} wrapper /usr/lib/python2.7/site-packages/oslo_log/helpers.py:66
2018-06-29 05:44:56.107 14054 DEBUG oslo_concurrency.lockutils [req-9f27ffde-2d39-42e4-bde0-6152a7e570ab c5cd6ef06ce14dd690705b39bb3f1552 2776224a461d4a01833ab75847b98330 - - -] Lock "event-dispatch" released by "neutron.plugins.ml2.ovo_rpc.dispatch_events" :: held 0.314s inner /usr/lib/python2.7/site-packages/oslo_concurrency/lockutils.py:282
2018-06-29 05:44:56.369 14054 DEBUG neutron.db.l3_dvrscheduler_db [req-9f27ffde-2d39-42e4-bde0-6152a7e570ab c5cd6ef06ce14dd690705b39bb3f1552 2776224a461d4a01833ab75847b98330 - default default] No DVR routers for this DVR port 650f4050-7663-4a3d-b8bc-719dddce2f1d on host localhost.localdomain get_dvr_routers_to_remove /usr/lib/python2.7/site-packages/neutron/db/l3_dvrscheduler_db.py:191
2018-06-29 05:44:56.381 14054 DEBUG neutron_lib.callbacks.manager [req-9f27ffde-2d39-42e4-bde0-6152a7e570ab c5cd6ef06ce14dd690705b39bb3f1552 2776224a461d4a01833ab75847b98330 - default default] Notify callbacks ['neutron.notifiers.nova.Notifier._send_nova_notification--9223372036854769230'] for port, before_response _notify_loop /usr/lib/python2.7/site-packages/neutron_lib/callbacks/manager.py:167
2018-06-29 05:44:56.384 14054 DEBUG oslo_concurrency.lockutils [-] Lock "notifier-0c7d1954-3dab-4240-be75-fb05aa03d3af" acquired by "neutron.notifiers.batch_notifier.synced_send" :: waited 0.000s inner /usr/lib/python2.7/site-packages/oslo_concurrency/lockutils.py:270
2018-06-29 05:44:56.384 14054 DEBUG neutron.notifiers.nova [-] Sending events: [{'tag': u'650f4050-7663-4a3d-b8bc-719dddce2f1d', 'name': 'network-vif-deleted', 'server_uuid': u'8e2a2a2e-5b9e-4946-bd88-1a26817eba3e'}] send_events /usr/lib/python2.7/site-packages/neutron/notifiers/nova.py:242
2018-06-29 05:44:56.388 14054 DEBUG novaclient.v2.client [-] REQ: curl -g -i -X POST http://10.0.20.28:8774/v2.1/0756a888a15d4216915a13bf41cedcba/os-server-external-events -H "User-Agent: python-novaclient" -H "Content-Type: application/json" -H "Accept: application/json" -H "X-OpenStack-Nova-API-Version: 2.1" -H "X-Auth-Token: {SHA1}e0fa84a320611dd04b44c9dd7afa9f9c5337b9cb" -d '{"events": [{"tag": "650f4050-7663-4a3d-b8bc-719dddce2f1d", "name": "network-vif-deleted", "server_uuid": "8e2a2a2e-5b9e-4946-bd88-1a26817eba3e"}]}' _http_log_request /usr/lib/python2.7/site-packages/keystoneauth1/session.py:375
2018-06-29 05:44:56.397 14054 DEBUG neutron.quota.resource [req-9f27ffde-2d39-42e4-bde0-6152a7e570ab c5cd6ef06ce14dd690705b39bb3f1552 2776224a461d4a01833ab75847b98330 - default default] Persisted dirty status for tenant:260f482f47fb40c2863ca42ca813d17d on resource:port mark_dirty /usr/lib/python2.7/site-packages/neutron/quota/resource.py:207
2018-06-29 05:44:56.401 14054 INFO neutron.wsgi [req-9f27ffde-2d39-42e4-bde0-6152a7e570ab c5cd6ef06ce14dd690705b39bb3f1552 2776224a461d4a01833ab75847b98330 - default default] 10.0.20.28 "DELETE /v2.0/ports/650f4050-7663-4a3d-b8bc-719dddce2f1d HTTP/1.1" status: 204  len: 173 time: 1.8387520
2018-06-29 05:44:56.473 14054 DEBUG novaclient.v2.client [-] RESP: [200] Content-Length: 183 Content-Type: application/json Openstack-Api-Version: compute 2.1 X-Openstack-Nova-Api-Version: 2.1 Vary: OpenStack-API-Version, X-OpenStack-Nova-API-Version X-Openstack-Request-Id: req-44edf617-3d7e-45f2-a891-066715b72d04 X-Compute-Request-Id: req-44edf617-3d7e-45f2-a891-066715b72d04 Date: Fri, 29 Jun 2018 03:44:56 GMT Connection: keep-alive 
RESP BODY: {"events": [{"status": "completed", "tag": "650f4050-7663-4a3d-b8bc-719dddce2f1d", "name": "network-vif-deleted", "server_uuid": "8e2a2a2e-5b9e-4946-bd88-1a26817eba3e", "code": 200}]}
 _http_log_response /usr/lib/python2.7/site-packages/keystoneauth1/session.py:423
2018-06-29 05:44:56.473 14054 DEBUG novaclient.v2.client [-] POST call to compute for http://10.0.20.28:8774/v2.1/0756a888a15d4216915a13bf41cedcba/os-server-external-events used request id req-44edf617-3d7e-45f2-a891-066715b72d04 request /usr/lib/python2.7/site-packages/keystoneauth1/session.py:727
2018-06-29 05:44:56.479 14054 INFO neutron.notifiers.nova [-] Nova event response: {u'status': u'completed', u'tag': u'650f4050-7663-4a3d-b8bc-719dddce2f1d', u'name': u'network-vif-deleted', u'server_uuid': u'8e2a2a2e-5b9e-4946-bd88-1a26817eba3e', u'code': 200}
2018-06-29 05:44:58.481 14054 DEBUG oslo_concurrency.lockutils [-] Lock "notifier-0c7d1954-3dab-4240-be75-fb05aa03d3af" released by "neutron.notifiers.batch_notifier.synced_send" :: held 2.098s inner /usr/lib/python2.7/site-packages/oslo_concurrency/lockutils.py:282
2018-06-29 05:44:59.630 14065 DEBUG neutron_lib.callbacks.manager [req-81c57a9e-b45a-4d55-89a2-d162fdf017ef - - - - -] Notify callbacks ['neutron.services.segments.db._update_segment_host_mapping_for_agent-8778790434384'] for agent, after_update _notify_loop /usr/lib/python2.7/site-packages/neutron_lib/callbacks/manager.py:167
2018-06-29 05:44:59.656 14068 DEBUG neutron_lib.callbacks.manager [req-00496de1-fede-4195-80e2-e41986cdb5ed - - - - -] Notify callbacks ['neutron.services.segments.db._update_segment_host_mapping_for_agent-8778790434384'] for agent, after_update _notify_loop /usr/lib/python2.7/site-packages/neutron_lib/callbacks/manager.py:167
2018-06-29 05:44:59.717 14060 DEBUG neutron_lib.callbacks.manager [req-df049a75-6045-4463-a979-e50bcdae0bea - - - - -] Notify callbacks ['neutron.services.segments.db._update_segment_host_mapping_for_agent-8778790434384'] for agent, after_update _notify_loop /usr/lib/python2.7/site-packages/neutron_lib/callbacks/manager.py:167
2018-06-29 05:44:59.950 14062 DEBUG neutron_lib.callbacks.manager [req-9d103927-f78f-4116-ac63-cd457f6d6203 - - - - -] Notify callbacks ['neutron.services.segments.db._update_segment_host_mapping_for_agent-8778790434384'] for agent, after_update _notify_loop /usr/lib/python2.7/site-packages/neutron_lib/callbacks/manager.py:167
2018-06-29 05:45:00.527 14064 DEBUG neutron_lib.callbacks.manager [req-4107fa80-b272-41b6-a939-b78e2655b110 - - - - -] Notify callbacks ['neutron.services.segments.db._update_segment_host_mapping_for_agent-8778790434384'] for agent, after_update _notify_loop /usr/lib/python2.7/site-packages/neutron_lib/callbacks/manager.py:167
2018-06-29 05:45:16.484 14070 DEBUG neutron.db.agents_db [req-8c0a6b24-6dfc-4a15-b4cc-372480cfd0ee - - - - -] Agent healthcheck: found 5 active agents agent_health_check /usr/lib/python2.7/site-packages/neutron/db/agents_db.py:281
2018-06-29 05:45:29.640 14061 DEBUG neutron_lib.callbacks.manager [req-765fba54-0fe0-471f-8cc1-324ada794eaa - - - - -] Notify callbacks ['neutron.services.segments.db._update_segment_host_mapping_for_agent-8778790434384'] for agent, after_update _notify_loop /usr/lib/python2.7/site-packages/neutron_lib/callbacks/manager.py:167
2018-06-29 05:45:29.665 14063 DEBUG neutron_lib.callbacks.manager [req-00496de1-fede-4195-80e2-e41986cdb5ed - - - - -] Notify callbacks ['neutron.services.segments.db._update_segment_host_mapping_for_agent-8778790434384'] for agent, after_update _notify_loop /usr/lib/python2.7/site-packages/neutron_lib/callbacks/manager.py:167
2018-06-29 05:45:29.727 14067 DEBUG neutron_lib.callbacks.manager [req-df049a75-6045-4463-a979-e50bcdae0bea - - - - -] Notify callbacks ['neutron.services.segments.db._update_segment_host_mapping_for_agent-8778790434384'] for agent, after_update _notify_loop /usr/lib/python2.7/site-packages/neutron_lib/callbacks/manager.py:167
2018-06-29 05:45:29.959 14066 DEBUG neutron_lib.callbacks.manager [req-9d103927-f78f-4116-ac63-cd457f6d6203 - - - - -] Notify callbacks ['neutron.services.segments.db._update_segment_host_mapping_for_agent-8778790434384'] for agent, after_update _notify_loop /usr/lib/python2.7/site-packages/neutron_lib/callbacks/manager.py:167
2018-06-29 05:45:30.294 14058 DEBUG neutron.wsgi [-] (14058) accepted ('10.0.20.28', 33282) server /usr/lib/python2.7/site-packages/eventlet/wsgi.py:883
2018-06-29 05:45:30.303 14058 INFO neutron.wsgi [-] 10.0.20.28 "GET / HTTP/1.1" status: 200  len: 252 time: 0.0047252
2018-06-29 05:45:30.530 14065 DEBUG neutron_lib.callbacks.manager [req-d98afe44-f65e-4238-850e-df49ff0fc226 - - - - -] Notify callbacks ['neutron.services.segments.db._update_segment_host_mapping_for_agent-8778790434384'] for agent, after_update _notify_loop /usr/lib/python2.7/site-packages/neutron_lib/callbacks/manager.py:167
2018-06-29 05:45:31.919 14058 INFO neutron.api.v2.resource [req-65a0b7fe-cb8a-4ddb-a589-7a6fb121963b c5cd6ef06ce14dd690705b39bb3f1552 2776224a461d4a01833ab75847b98330 - default default] show failed (client error): The resource could not be found.
2018-06-29 05:45:31.922 14058 INFO neutron.wsgi [req-65a0b7fe-cb8a-4ddb-a589-7a6fb121963b c5cd6ef06ce14dd690705b39bb3f1552 2776224a461d4a01833ab75847b98330 - default default] 10.0.20.28 "GET /v2.0/routers/tempest-router-1530243350 HTTP/1.1" status: 404  len: 334 time: 1.6117761
2018-06-29 05:45:32.206 14058 INFO neutron.wsgi [req-62c9b02b-acda-4865-9837-b8bc53568e21 c5cd6ef06ce14dd690705b39bb3f1552 2776224a461d4a01833ab75847b98330 - default default] 10.0.20.28 "GET /v2.0/routers HTTP/1.1" status: 200  len: 1590 time: 0.2742000
2018-06-29 05:45:32.254 14058 DEBUG neutron.api.v2.base [req-2974661c-b1a8-42b0-b64d-e4e2e7d8a591 c5cd6ef06ce14dd690705b39bb3f1552 2776224a461d4a01833ab75847b98330 - default default] Request body: {u'router': {u'external_gateway_info': {}}} prepare_request_body /usr/lib/python2.7/site-packages/neutron/api/v2/base.py:695
2018-06-29 05:45:33.151 14058 DEBUG neutron_lib.callbacks.manager [req-2974661c-b1a8-42b0-b64d-e4e2e7d8a591 c5cd6ef06ce14dd690705b39bb3f1552 2776224a461d4a01833ab75847b98330 - default default] Notify callbacks [] for router_gateway, before_delete _notify_loop /usr/lib/python2.7/site-packages/neutron_lib/callbacks/manager.py:167
2018-06-29 05:45:33.183 14058 DEBUG neutron.plugins.ml2.plugin [req-2974661c-b1a8-42b0-b64d-e4e2e7d8a591 c5cd6ef06ce14dd690705b39bb3f1552 2776224a461d4a01833ab75847b98330 - default default] Deleting port 5ecda198-f681-4106-aa93-b93557cb41bc _pre_delete_port /usr/lib/python2.7/site-packages/neutron/plugins/ml2/plugin.py:1488
2018-06-29 05:45:33.187 14058 DEBUG neutron_lib.callbacks.manager [req-2974661c-b1a8-42b0-b64d-e4e2e7d8a591 c5cd6ef06ce14dd690705b39bb3f1552 2776224a461d4a01833ab75847b98330 - default default] Notify callbacks ['neutron.db.l3_db._prevent_l3_port_delete_callback--9223363258064134132'] for port, before_delete _notify_loop /usr/lib/python2.7/site-packages/neutron_lib/callbacks/manager.py:167
2018-06-29 05:45:34.339 14058 DEBUG neutron.plugins.ml2.db [req-2974661c-b1a8-42b0-b64d-e4e2e7d8a591 c5cd6ef06ce14dd690705b39bb3f1552 2776224a461d4a01833ab75847b98330 - default default] For port 5ecda198-f681-4106-aa93-b93557cb41bc, host localhost.localdomain, got binding levels [<neutron.plugins.ml2.models.PortBindingLevel[object at 7fbf89976150] {port_id=u'5ecda198-f681-4106-aa93-b93557cb41bc', host=u'localhost.localdomain', level=0, driver=u'openvswitch', segment_id=u'eeb6835e-9172-4358-92fd-d3e79460ea56'}>] get_binding_levels /usr/lib/python2.7/site-packages/neutron/plugins/ml2/db.py:106
2018-06-29 05:45:34.410 14058 DEBUG neutron.plugins.ml2.plugin [req-2974661c-b1a8-42b0-b64d-e4e2e7d8a591 c5cd6ef06ce14dd690705b39bb3f1552 2776224a461d4a01833ab75847b98330 - default default] Calling delete_port for 5ecda198-f681-4106-aa93-b93557cb41bc owned by network:router_gateway delete_port /usr/lib/python2.7/site-packages/neutron/plugins/ml2/plugin.py:1547
2018-06-29 05:45:34.996 14058 DEBUG neutron_lib.callbacks.manager [req-2974661c-b1a8-42b0-b64d-e4e2e7d8a591 c5cd6ef06ce14dd690705b39bb3f1552 2776224a461d4a01833ab75847b98330 - default default] Notify callbacks ['neutron.db.l3_db._notify_routers_callback--9223363258064162850', 'neutron.plugins.ml2.ovo_rpc._ObjectChangeHandler.handle_event-1634304', 'neutron.plugins.ml2.plugin.Ml2Plugin.notify_sg_on_port_change-897279', 'neutron.api.rpc.agentnotifiers.dhcp_rpc_agent_api.DhcpAgentNotifyAPI._native_event_send_dhcp_notification--9223372036852765703', 'neutron.db.l3_dvrscheduler_db._notify_port_delete--9223363258064702242'] for port, after_delete _notify_loop /usr/lib/python2.7/site-packages/neutron_lib/callbacks/manager.py:167
2018-06-29 05:45:35.032 14058 DEBUG oslo_concurrency.lockutils [-] Lock "event-dispatch" acquired by "neutron.plugins.ml2.ovo_rpc.dispatch_events" :: waited 0.000s inner /usr/lib/python2.7/site-packages/oslo_concurrency/lockutils.py:270
2018-06-29 05:45:35.263 14058 DEBUG neutron.api.rpc.handlers.resources_rpc [req-2974661c-b1a8-42b0-b64d-e4e2e7d8a591 c5cd6ef06ce14dd690705b39bb3f1552 2776224a461d4a01833ab75847b98330 - - -] neutron.api.rpc.handlers.resources_rpc.ResourcesPushRpcApi method push called with arguments (<neutron_lib.context.Context object at 0x7fbf89ef3310>, [Port(admin_state_up=<?>,allowed_address_pairs=<?>,binding=<?>,binding_levels=<?>,created_at=<?>,data_plane_status=<?>,description=<?>,device_id=<?>,device_owner=<?>,dhcp_options=<?>,distributed_binding=<?>,dns=<?>,fixed_ips=<?>,id=5ecda198-f681-4106-aa93-b93557cb41bc,mac_address=<?>,name=<?>,network_id=<?>,project_id=<?>,qos_policy_id=None,revision_number=<?>,security=<?>,security_group_ids=None,status=<?>,updated_at=<?>)], 'deleted') {} wrapper /usr/lib/python2.7/site-packages/oslo_log/helpers.py:66
2018-06-29 05:45:35.296 14058 DEBUG neutron.api.rpc.callbacks.version_manager [req-2974661c-b1a8-42b0-b64d-e4e2e7d8a591 c5cd6ef06ce14dd690705b39bb3f1552 2776224a461d4a01833ab75847b98330 - - -] Version for resource type Subnet changed None to 1.0 on consumer Open vSwitch agent@localhost.localdomain _set_version /usr/lib/python2.7/site-packages/neutron/api/rpc/callbacks/version_manager.py:119
2018-06-29 05:45:35.297 14058 DEBUG neutron.api.rpc.callbacks.version_manager [req-2974661c-b1a8-42b0-b64d-e4e2e7d8a591 c5cd6ef06ce14dd690705b39bb3f1552 2776224a461d4a01833ab75847b98330 - - -] Version for resource type Network changed None to 1.0 on consumer Open vSwitch agent@localhost.localdomain _set_version /usr/lib/python2.7/site-packages/neutron/api/rpc/callbacks/version_manager.py:119
2018-06-29 05:45:35.298 14058 DEBUG neutron.api.rpc.callbacks.version_manager [req-2974661c-b1a8-42b0-b64d-e4e2e7d8a591 c5cd6ef06ce14dd690705b39bb3f1552 2776224a461d4a01833ab75847b98330 - - -] Version for resource type SubPort changed None to 1.0 on consumer Open vSwitch agent@localhost.localdomain _set_version /usr/lib/python2.7/site-packages/neutron/api/rpc/callbacks/version_manager.py:119
2018-06-29 05:45:35.299 14058 DEBUG neutron.api.rpc.callbacks.version_manager [req-2974661c-b1a8-42b0-b64d-e4e2e7d8a591 c5cd6ef06ce14dd690705b39bb3f1552 2776224a461d4a01833ab75847b98330 - - -] Version for resource type SecurityGroup changed None to 1.0 on consumer Open vSwitch agent@localhost.localdomain _set_version /usr/lib/python2.7/site-packages/neutron/api/rpc/callbacks/version_manager.py:119
2018-06-29 05:45:35.300 14058 DEBUG neutron.api.rpc.callbacks.version_manager [req-2974661c-b1a8-42b0-b64d-e4e2e7d8a591 c5cd6ef06ce14dd690705b39bb3f1552 2776224a461d4a01833ab75847b98330 - - -] Version for resource type SecurityGroupRule changed None to 1.0 on consumer Open vSwitch agent@localhost.localdomain _set_version /usr/lib/python2.7/site-packages/neutron/api/rpc/callbacks/version_manager.py:119
2018-06-29 05:45:35.301 14058 DEBUG neutron.api.rpc.callbacks.version_manager [req-2974661c-b1a8-42b0-b64d-e4e2e7d8a591 c5cd6ef06ce14dd690705b39bb3f1552 2776224a461d4a01833ab75847b98330 - - -] Version for resource type Trunk changed None to 1.1 on consumer Open vSwitch agent@localhost.localdomain _set_version /usr/lib/python2.7/site-packages/neutron/api/rpc/callbacks/version_manager.py:119
2018-06-29 05:45:35.301 14058 DEBUG neutron.api.rpc.callbacks.version_manager [req-2974661c-b1a8-42b0-b64d-e4e2e7d8a591 c5cd6ef06ce14dd690705b39bb3f1552 2776224a461d4a01833ab75847b98330 - - -] Version for resource type QosPolicy changed None to 1.6 on consumer Open vSwitch agent@localhost.localdomain _set_version /usr/lib/python2.7/site-packages/neutron/api/rpc/callbacks/version_manager.py:119
2018-06-29 05:45:35.302 14058 DEBUG neutron.api.rpc.callbacks.version_manager [req-2974661c-b1a8-42b0-b64d-e4e2e7d8a591 c5cd6ef06ce14dd690705b39bb3f1552 2776224a461d4a01833ab75847b98330 - - -] Version for resource type Port changed None to 1.1 on consumer Open vSwitch agent@localhost.localdomain _set_version /usr/lib/python2.7/site-packages/neutron/api/rpc/callbacks/version_manager.py:119
2018-06-29 05:45:35.303 14058 DEBUG neutron.api.rpc.callbacks.version_manager [req-2974661c-b1a8-42b0-b64d-e4e2e7d8a591 c5cd6ef06ce14dd690705b39bb3f1552 2776224a461d4a01833ab75847b98330 - - -] Version for resource type Log changed None to 1.0 on consumer Open vSwitch agent@localhost.localdomain _set_version /usr/lib/python2.7/site-packages/neutron/api/rpc/callbacks/version_manager.py:119
2018-06-29 05:45:35.386 14058 DEBUG oslo_concurrency.lockutils [req-2974661c-b1a8-42b0-b64d-e4e2e7d8a591 c5cd6ef06ce14dd690705b39bb3f1552 2776224a461d4a01833ab75847b98330 - - -] Lock "event-dispatch" released by "neutron.plugins.ml2.ovo_rpc.dispatch_events" :: held 0.355s inner /usr/lib/python2.7/site-packages/oslo_concurrency/lockutils.py:282
2018-06-29 05:45:35.595 14058 DEBUG neutron_lib.callbacks.manager [req-2974661c-b1a8-42b0-b64d-e4e2e7d8a591 c5cd6ef06ce14dd690705b39bb3f1552 2776224a461d4a01833ab75847b98330 - default default] Notify callbacks ['neutron.services.l3_router.l3_router_plugin.L3RouterPlugin._delete_dvr_internal_ports-1576484'] for router_gateway, after_delete _notify_loop /usr/lib/python2.7/site-packages/neutron_lib/callbacks/manager.py:167
2018-06-29 05:45:35.750 14058 DEBUG neutron_lib.callbacks.manager [req-2974661c-b1a8-42b0-b64d-e4e2e7d8a591 c5cd6ef06ce14dd690705b39bb3f1552 2776224a461d4a01833ab75847b98330 - default default] Notify callbacks ['neutron.services.l3_router.l3_router_plugin.L3RouterPlugin._handle_distributed_migration--9223372036853200658', 'neutron.services.l3_router.service_providers.driver_controller.DriverController._update_router_provider-239809', 'neutron.services.l3_router.l3_router_plugin.L3RouterPlugin._validate_migration--9223372036853172558'] for router, precommit_update _notify_loop /usr/lib/python2.7/site-packages/neutron_lib/callbacks/manager.py:167
2018-06-29 05:45:35.764 14058 DEBUG neutron_lib.callbacks.manager [req-2974661c-b1a8-42b0-b64d-e4e2e7d8a591 c5cd6ef06ce14dd690705b39bb3f1552 2776224a461d4a01833ab75847b98330 - default default] Notify callbacks ['neutron.services.l3_router.l3_router_plugin.L3RouterPlugin._reconfigure_ha_resources-1603245', 'neutron.services.l3_router.l3_router_plugin.L3RouterPlugin._delete_snat_interfaces_after_change-1575158', 'neutron.services.l3_router.l3_router_plugin.L3RouterPlugin._create_snat_interfaces_after_change--9223372036853200641'] for router, after_update _notify_loop /usr/lib/python2.7/site-packages/neutron_lib/callbacks/manager.py:167
2018-06-29 05:45:36.094 14058 DEBUG neutron.scheduler.l3_agent_scheduler [req-2974661c-b1a8-42b0-b64d-e4e2e7d8a591 c5cd6ef06ce14dd690705b39bb3f1552 2776224a461d4a01833ab75847b98330 - default default] Router 88d225c1-852b-4488-a1a1-3bc772dc296e has already been hosted by L3 agent 0aae51ef-d85a-4a28-8dba-d2795f82e408 _get_candidates /usr/lib/python2.7/site-packages/neutron/scheduler/l3_agent_scheduler.py:141
2018-06-29 05:45:36.605 14058 DEBUG neutron.api.rpc.agentnotifiers.l3_rpc_agent_api [req-2974661c-b1a8-42b0-b64d-e4e2e7d8a591 c5cd6ef06ce14dd690705b39bb3f1552 2776224a461d4a01833ab75847b98330 - default default] Notify agent at l3_agent.localhost.localdomain the message routers_updated _agent_notification /usr/lib/python2.7/site-packages/neutron/api/rpc/agentnotifiers/l3_rpc_agent_api.py:69
2018-06-29 05:45:36.652 14058 DEBUG neutron.quota.resource [req-2974661c-b1a8-42b0-b64d-e4e2e7d8a591 c5cd6ef06ce14dd690705b39bb3f1552 2776224a461d4a01833ab75847b98330 - default default] Persisted dirty status for tenant: on resource:port mark_dirty /usr/lib/python2.7/site-packages/neutron/quota/resource.py:207
2018-06-29 05:45:36.665 14058 DEBUG neutron_lib.callbacks.manager [req-2974661c-b1a8-42b0-b64d-e4e2e7d8a591 c5cd6ef06ce14dd690705b39bb3f1552 2776224a461d4a01833ab75847b98330 - default default] Notify callbacks [] for router, before_response _notify_loop /usr/lib/python2.7/site-packages/neutron_lib/callbacks/manager.py:167
2018-06-29 05:45:36.668 14058 INFO neutron.wsgi [req-2974661c-b1a8-42b0-b64d-e4e2e7d8a591 c5cd6ef06ce14dd690705b39bb3f1552 2776224a461d4a01833ab75847b98330 - default default] 10.0.20.28 "PUT /v2.0/routers/88d225c1-852b-4488-a1a1-3bc772dc296e HTTP/1.1" status: 200  len: 728 time: 4.4522581
