2018-06-30 03:48:13.305 2719 DEBUG novaclient.v2.client [-] REQ: curl -g -i -X POST http://10.0.20.26:8774/v2.1/0d772b180b3c41e2ae2eba61c236b149/os-server-external-events -H "User-Agent: python-novaclient" -H "Content-Type: application/json" -H "Accept: application/json" -H "X-OpenStack-Nova-API-Version: 2.1" -H "X-Auth-Token: {SHA1}c709277508306970562dd2e843d1c9cd6cd2c900" -d '{"events": [{"status": "completed", "tag": "189df038-39aa-4e29-be74-88921b5d9362", "name": "network-vif-plugged", "server_uuid": "eae3b563-8d6f-4843-a360-6292079e1f2b"}]}' _http_log_request /usr/lib/python2.7/site-packages/keystoneauth1/session.py:375
2018-06-30 03:48:13.832 2717 DEBUG neutron.plugins.ml2.rpc [req-29a1f111-73f8-45fb-9f18-554058958ce2 - - - - -] Device 189df038-39aa-4e29-be74-88921b5d9362 up at agent ovs-agent-localhost.localdomain update_device_up /usr/lib/python2.7/site-packages/neutron/plugins/ml2/rpc.py:244
2018-06-30 03:48:13.948 2717 DEBUG neutron.db.provisioning_blocks [req-29a1f111-73f8-45fb-9f18-554058958ce2 - - - - -] Provisioning complete for port 189df038-39aa-4e29-be74-88921b5d9362 triggered by entity L2. provisioning_complete /usr/lib/python2.7/site-packages/neutron/db/provisioning_blocks.py:138
2018-06-30 03:48:13.949 2717 DEBUG neutron_lib.callbacks.manager [req-29a1f111-73f8-45fb-9f18-554058958ce2 - - - - -] Notify callbacks ['neutron.plugins.ml2.plugin.Ml2Plugin._port_provisioned-706546'] for port, provisioning_complete _notify_loop /usr/lib/python2.7/site-packages/neutron_lib/callbacks/manager.py:167
2018-06-30 03:48:14.134 2719 DEBUG novaclient.v2.client [-] RESP: [200] Content-Length: 183 Content-Type: application/json Openstack-Api-Version: compute 2.1 X-Openstack-Nova-Api-Version: 2.1 Vary: OpenStack-API-Version, X-OpenStack-Nova-API-Version X-Openstack-Request-Id: req-d5944b28-e2f2-416f-828a-85423568d893 X-Compute-Request-Id: req-d5944b28-e2f2-416f-828a-85423568d893 Date: Sat, 30 Jun 2018 01:48:14 GMT Connection: keep-alive 
RESP BODY: {"events": [{"status": "completed", "tag": "189df038-39aa-4e29-be74-88921b5d9362", "name": "network-vif-plugged", "server_uuid": "eae3b563-8d6f-4843-a360-6292079e1f2b", "code": 200}]}
 _http_log_response /usr/lib/python2.7/site-packages/keystoneauth1/session.py:423
2018-06-30 03:48:14.135 2719 DEBUG novaclient.v2.client [-] POST call to compute for http://10.0.20.26:8774/v2.1/0d772b180b3c41e2ae2eba61c236b149/os-server-external-events used request id req-d5944b28-e2f2-416f-828a-85423568d893 request /usr/lib/python2.7/site-packages/keystoneauth1/session.py:727
2018-06-30 03:48:14.147 2719 INFO neutron.notifiers.nova [-] Nova event response: {u'status': u'completed', u'tag': u'189df038-39aa-4e29-be74-88921b5d9362', u'name': u'network-vif-plugged', u'server_uuid': u'eae3b563-8d6f-4843-a360-6292079e1f2b', u'code': 200}
2018-06-30 03:48:16.149 2719 DEBUG oslo_concurrency.lockutils [-] Lock "notifier-4ddf90a9-c7a9-42e6-a3da-238680dd37f3" released by "neutron.notifiers.batch_notifier.synced_send" :: held 3.809s inner /usr/lib/python2.7/site-packages/oslo_concurrency/lockutils.py:282
2018-06-30 03:48:19.591 2720 DEBUG neutron_lib.callbacks.manager [req-18e465a6-99cb-4cf3-abdb-d1f167fd1fba - - - - -] Notify callbacks ['neutron.services.segments.db._update_segment_host_mapping_for_agent-8746711736912'] for agent, after_update _notify_loop /usr/lib/python2.7/site-packages/neutron_lib/callbacks/manager.py:167
2018-06-30 03:48:19.596 2726 DEBUG neutron_lib.callbacks.manager [req-5d8b7ecf-ee8c-4923-b26c-2558ee678a2e - - - - -] Notify callbacks ['neutron.services.segments.db._update_segment_host_mapping_for_agent-8746711736912'] for agent, after_update _notify_loop /usr/lib/python2.7/site-packages/neutron_lib/callbacks/manager.py:167
2018-06-30 03:48:19.728 2721 DEBUG neutron_lib.callbacks.manager [req-9ac75cef-0067-4353-8309-94d522bcf959 - - - - -] Notify callbacks ['neutron.services.segments.db._update_segment_host_mapping_for_agent-8746711736912'] for agent, after_update _notify_loop /usr/lib/python2.7/site-packages/neutron_lib/callbacks/manager.py:167
2018-06-30 03:48:20.740 2717 DEBUG neutron_lib.callbacks.manager [req-56299ee0-58d6-47ad-a5d0-e6bb374350ff - - - - -] Notify callbacks ['neutron.services.segments.db._update_segment_host_mapping_for_agent-8746711736912'] for agent, after_update _notify_loop /usr/lib/python2.7/site-packages/neutron_lib/callbacks/manager.py:167
2018-06-30 03:48:23.034 2716 DEBUG neutron.wsgi [-] (2716) accepted ('10.0.20.26', 51668) server /usr/lib/python2.7/site-packages/eventlet/wsgi.py:883
2018-06-30 03:48:23.052 2716 WARNING keystonemiddleware.auth_token [-] Using the in-process token cache is deprecated as of the 4.2.0 release and may be removed in the 5.0.0 release or the 'O' development cycle. The in-process cache causes inconsistent results and high memory usage. When the feature is removed the auth_token middleware will not cache tokens by default which may result in performance issues. It is recommended to use  memcache for the auth_token token cache by setting the memcached_servers option.
2018-06-30 03:48:24.468 2716 WARNING keystonemiddleware.auth_token [-] A valid token was submitted as a service token, but it was not a valid service token. This is incorrect but backwards compatible behaviour. This will be removed in future releases.
2018-06-30 03:48:24.907 2716 DEBUG oslo_policy._cache_handler [req-13a6f757-d607-4333-a8fd-7becad6f26cc be5a364a3e7c4571aff24527c1f62b69 006dda3b1c9c44b2a7139f72cb9ffbca - 856475384b3d4a61ad1dd4a0f2b07978 856475384b3d4a61ad1dd4a0f2b07978] Reloading cached file /etc/neutron/policy.json read_cached_file /usr/lib/python2.7/site-packages/oslo_policy/_cache_handler.py:40
2018-06-30 03:48:24.958 2716 DEBUG oslo_policy.policy [req-13a6f757-d607-4333-a8fd-7becad6f26cc be5a364a3e7c4571aff24527c1f62b69 006dda3b1c9c44b2a7139f72cb9ffbca - 856475384b3d4a61ad1dd4a0f2b07978 856475384b3d4a61ad1dd4a0f2b07978] Reloaded policy file: /etc/neutron/policy.json _load_policy_file /usr/lib/python2.7/site-packages/oslo_policy/policy.py:681
2018-06-30 03:48:25.603 2716 DEBUG oslo_policy._cache_handler [req-13a6f757-d607-4333-a8fd-7becad6f26cc be5a364a3e7c4571aff24527c1f62b69 006dda3b1c9c44b2a7139f72cb9ffbca - 856475384b3d4a61ad1dd4a0f2b07978 856475384b3d4a61ad1dd4a0f2b07978] Reloading cached file /etc/neutron/policy.json read_cached_file /usr/lib/python2.7/site-packages/oslo_policy/_cache_handler.py:40
2018-06-30 03:48:25.622 2716 DEBUG oslo_policy.policy [req-13a6f757-d607-4333-a8fd-7becad6f26cc be5a364a3e7c4571aff24527c1f62b69 006dda3b1c9c44b2a7139f72cb9ffbca - 856475384b3d4a61ad1dd4a0f2b07978 856475384b3d4a61ad1dd4a0f2b07978] Reloaded policy file: /etc/neutron/policy.json _load_policy_file /usr/lib/python2.7/site-packages/oslo_policy/policy.py:681
2018-06-30 03:48:25.632 2716 INFO neutron.wsgi [req-13a6f757-d607-4333-a8fd-7becad6f26cc be5a364a3e7c4571aff24527c1f62b69 006dda3b1c9c44b2a7139f72cb9ffbca - 856475384b3d4a61ad1dd4a0f2b07978 856475384b3d4a61ad1dd4a0f2b07978] 10.0.20.26 "GET /v2.0/ports?device_id=eae3b563-8d6f-4843-a360-6292079e1f2b HTTP/1.1" status: 200  len: 1124 time: 2.5880899
2018-06-30 03:48:26.055 2716 INFO neutron.wsgi [req-618b43f9-894d-4ee5-b31a-c5648bfe72dc be5a364a3e7c4571aff24527c1f62b69 006dda3b1c9c44b2a7139f72cb9ffbca - 856475384b3d4a61ad1dd4a0f2b07978 856475384b3d4a61ad1dd4a0f2b07978] 10.0.20.26 "GET /v2.0/security-groups?id=eeeac1fa-6e63-496f-b12e-3c75da2fb35d HTTP/1.1" status: 200  len: 2118 time: 0.3956461
2018-06-30 03:48:32.515 2723 DEBUG neutron_lib.callbacks.manager [req-29a1f111-73f8-45fb-9f18-554058958ce2 - - - - -] Notify callbacks ['neutron.services.segments.db._update_segment_host_mapping_for_agent-8746711736912'] for agent, after_update _notify_loop /usr/lib/python2.7/site-packages/neutron_lib/callbacks/manager.py:167
2018-06-30 03:48:40.094 2709 DEBUG neutron.wsgi [-] (2709) accepted ('10.0.20.26', 51702) server /usr/lib/python2.7/site-packages/eventlet/wsgi.py:883
2018-06-30 03:48:40.101 2709 INFO neutron.wsgi [-] 10.0.20.26 "GET / HTTP/1.1" status: 200  len: 252 time: 0.0030131
2018-06-30 03:48:40.654 2709 INFO neutron.pecan_wsgi.hooks.translation [req-2f2ceaba-de63-453f-ac32-f2e869fd10d0 95cf4ee261b740498c206cbae584ebbe 046e8009a8b544bfbe9ff50b26903464 - default default] GET failed (client error): The resource could not be found.
2018-06-30 03:48:40.656 2709 INFO neutron.wsgi [req-2f2ceaba-de63-453f-ac32-f2e869fd10d0 95cf4ee261b740498c206cbae584ebbe 046e8009a8b544bfbe9ff50b26903464 - default default] 10.0.20.26 "GET /v2.0/networks/public HTTP/1.1" status: 404  len: 314 time: 0.5464709
2018-06-30 03:48:40.893 2709 DEBUG neutron.pecan_wsgi.hooks.policy_enforcement [req-648572bd-d659-40dd-8f56-29626136a196 95cf4ee261b740498c206cbae584ebbe 046e8009a8b544bfbe9ff50b26903464 - default default] Attributes excluded by policy engine: [u'vlan_transparent'] _exclude_attributes_by_policy /usr/lib/python2.7/site-packages/neutron/pecan_wsgi/hooks/policy_enforcement.py:256
2018-06-30 03:48:40.895 2709 DEBUG neutron.pecan_wsgi.hooks.policy_enforcement [req-648572bd-d659-40dd-8f56-29626136a196 95cf4ee261b740498c206cbae584ebbe 046e8009a8b544bfbe9ff50b26903464 - default default] Attributes excluded by policy engine: [u'vlan_transparent'] _exclude_attributes_by_policy /usr/lib/python2.7/site-packages/neutron/pecan_wsgi/hooks/policy_enforcement.py:256
2018-06-30 03:48:40.896 2709 DEBUG neutron.pecan_wsgi.hooks.policy_enforcement [req-648572bd-d659-40dd-8f56-29626136a196 95cf4ee261b740498c206cbae584ebbe 046e8009a8b544bfbe9ff50b26903464 - default default] Attributes excluded by policy engine: [u'vlan_transparent'] _exclude_attributes_by_policy /usr/lib/python2.7/site-packages/neutron/pecan_wsgi/hooks/policy_enforcement.py:256
2018-06-30 03:48:40.899 2709 INFO neutron.wsgi [req-648572bd-d659-40dd-8f56-29626136a196 95cf4ee261b740498c206cbae584ebbe 046e8009a8b544bfbe9ff50b26903464 - default default] 10.0.20.26 "GET /v2.0/networks HTTP/1.1" status: 200  len: 2214 time: 0.2376411
2018-06-30 03:48:41.538 2709 DEBUG neutron.api.v2.base [req-7c54c65e-5e04-45e2-b4da-c27a445d4d68 95cf4ee261b740498c206cbae584ebbe 046e8009a8b544bfbe9ff50b26903464 - default default] Request body: {u'floatingip': {u'floating_network_id': u'8fa9a212-be1e-480a-988d-8a3f899b6e3c', u'tenant_id': u'006dda3b1c9c44b2a7139f72cb9ffbca'}} prepare_request_body /usr/lib/python2.7/site-packages/neutron/api/v2/base.py:695
2018-06-30 03:48:41.549 2709 DEBUG neutron.db.quota.driver [req-7c54c65e-5e04-45e2-b4da-c27a445d4d68 95cf4ee261b740498c206cbae584ebbe 046e8009a8b544bfbe9ff50b26903464 - default default] Resources subnetpool have unlimited quota limit. It is not required to calculate headroom  make_reservation /usr/lib/python2.7/site-packages/neutron/db/quota/driver.py:223
2018-06-30 03:48:41.558 2709 DEBUG neutron.quota.resource [req-7c54c65e-5e04-45e2-b4da-c27a445d4d68 95cf4ee261b740498c206cbae584ebbe 046e8009a8b544bfbe9ff50b26903464 - default default] Usage tracker for resource:floatingip and tenant:006dda3b1c9c44b2a7139f72cb9ffbca is out of sync, need to count used quota count_used /usr/lib/python2.7/site-packages/neutron/quota/resource.py:274
2018-06-30 03:48:41.582 2709 DEBUG neutron.quota.resource [req-7c54c65e-5e04-45e2-b4da-c27a445d4d68 95cf4ee261b740498c206cbae584ebbe 046e8009a8b544bfbe9ff50b26903464 - default default] Quota usage for floatingip was recalculated. Used quota:0. count_used /usr/lib/python2.7/site-packages/neutron/quota/resource.py:293
2018-06-30 03:48:41.598 2709 DEBUG neutron.db.quota.driver [req-7c54c65e-5e04-45e2-b4da-c27a445d4d68 95cf4ee261b740498c206cbae584ebbe 046e8009a8b544bfbe9ff50b26903464 - default default] Attempting to reserve 1 items for resource floatingip. Total usage: 0; quota limit: 50; headroom:50 make_reservation /usr/lib/python2.7/site-packages/neutron/db/quota/driver.py:255
2018-06-30 03:48:41.888 2709 DEBUG neutron_lib.callbacks.manager [req-7c54c65e-5e04-45e2-b4da-c27a445d4d68 95cf4ee261b740498c206cbae584ebbe 046e8009a8b544bfbe9ff50b26903464 - default default] Notify callbacks ['neutron.plugins.ml2.plugin.Ml2Plugin._ensure_default_security_group_handler--9223372036854386250'] for port, before_create _notify_loop /usr/lib/python2.7/site-packages/neutron_lib/callbacks/manager.py:167
2018-06-30 03:48:42.594 2709 DEBUG neutron.db.db_base_plugin_common [req-7c54c65e-5e04-45e2-b4da-c27a445d4d68 95cf4ee261b740498c206cbae584ebbe 046e8009a8b544bfbe9ff50b26903464 - default default] Allocated IP 172.24.4.3 (8fa9a212-be1e-480a-988d-8a3f899b6e3c/606cc7a3-2eae-4ba0-be88-1f3c9fd67e5e/2f1f1b90-b2eb-4ee4-94f3-b101d1dad320) _store_ip_allocation /usr/lib/python2.7/site-packages/neutron/db/db_base_plugin_common.py:122
2018-06-30 03:48:42.841 2709 DEBUG neutron_lib.callbacks.manager [req-7c54c65e-5e04-45e2-b4da-c27a445d4d68 95cf4ee261b740498c206cbae584ebbe 046e8009a8b544bfbe9ff50b26903464 - default default] Notify callbacks [] for port, precommit_create _notify_loop /usr/lib/python2.7/site-packages/neutron_lib/callbacks/manager.py:167
2018-06-30 03:48:42.942 2709 DEBUG neutron_lib.callbacks.manager [req-7c54c65e-5e04-45e2-b4da-c27a445d4d68 95cf4ee261b740498c206cbae584ebbe 046e8009a8b544bfbe9ff50b26903464 - default default] Notify callbacks ['neutron.plugins.ml2.ovo_rpc._ObjectChangeHandler.handle_event-578052', 'neutron.plugins.ml2.plugin.Ml2Plugin.notify_sg_on_port_change-389571', 'neutron.api.rpc.agentnotifiers.dhcp_rpc_agent_api.DhcpAgentNotifyAPI._native_event_send_dhcp_notification--9223372036854093835', 'neutron.db.l3_dvrscheduler_db._notify_l3_agent_new_port-8746711374551'] for port, after_create _notify_loop /usr/lib/python2.7/site-packages/neutron_lib/callbacks/manager.py:167
2018-06-30 03:48:42.972 2709 DEBUG oslo_concurrency.lockutils [-] Lock "event-dispatch" acquired by "neutron.plugins.ml2.ovo_rpc.dispatch_events" :: waited 0.000s inner /usr/lib/python2.7/site-packages/oslo_concurrency/lockutils.py:270
2018-06-30 03:48:43.240 2709 DEBUG neutron.api.rpc.handlers.resources_rpc [req-7c54c65e-5e04-45e2-b4da-c27a445d4d68 95cf4ee261b740498c206cbae584ebbe 046e8009a8b544bfbe9ff50b26903464 - - -] neutron.api.rpc.handlers.resources_rpc.ResourcesPushRpcApi method push called with arguments (<neutron_lib.context.Context object at 0x7f4809699710>, [Port(admin_state_up=True,allowed_address_pairs=[],binding=PortBinding,binding_levels=[],created_at=2018-06-30T01:48:42Z,data_plane_status=<?>,description='',device_id='PENDING',device_owner='network:floatingip',dhcp_options=[],distributed_binding=None,dns=None,fixed_ips=[IPAllocation],id=2f1f1b90-b2eb-4ee4-94f3-b101d1dad320,mac_address=fa:16:3e:30:c7:03,name='',network_id=8fa9a212-be1e-480a-988d-8a3f899b6e3c,project_id='',qos_policy_id=None,revision_number=3,security=PortSecurity(2f1f1b90-b2eb-4ee4-94f3-b101d1dad320),security_group_ids=set([]),status='N/A',updated_at=2018-06-30T01:48:42Z)], 'updated') {} wrapper /usr/lib/python2.7/site-packages/oslo_log/helpers.py:66
2018-06-30 03:48:43.270 2709 DEBUG neutron.api.rpc.callbacks.version_manager [req-7c54c65e-5e04-45e2-b4da-c27a445d4d68 95cf4ee261b740498c206cbae584ebbe 046e8009a8b544bfbe9ff50b26903464 - - -] Version for resource type Subnet changed None to 1.0 on consumer Open vSwitch agent@localhost.localdomain _set_version /usr/lib/python2.7/site-packages/neutron/api/rpc/callbacks/version_manager.py:119
2018-06-30 03:48:43.271 2709 DEBUG neutron.api.rpc.callbacks.version_manager [req-7c54c65e-5e04-45e2-b4da-c27a445d4d68 95cf4ee261b740498c206cbae584ebbe 046e8009a8b544bfbe9ff50b26903464 - - -] Version for resource type Network changed None to 1.0 on consumer Open vSwitch agent@localhost.localdomain _set_version /usr/lib/python2.7/site-packages/neutron/api/rpc/callbacks/version_manager.py:119
2018-06-30 03:48:43.272 2709 DEBUG neutron.api.rpc.callbacks.version_manager [req-7c54c65e-5e04-45e2-b4da-c27a445d4d68 95cf4ee261b740498c206cbae584ebbe 046e8009a8b544bfbe9ff50b26903464 - - -] Version for resource type SubPort changed None to 1.0 on consumer Open vSwitch agent@localhost.localdomain _set_version /usr/lib/python2.7/site-packages/neutron/api/rpc/callbacks/version_manager.py:119
2018-06-30 03:48:43.272 2709 DEBUG neutron.api.rpc.callbacks.version_manager [req-7c54c65e-5e04-45e2-b4da-c27a445d4d68 95cf4ee261b740498c206cbae584ebbe 046e8009a8b544bfbe9ff50b26903464 - - -] Version for resource type SecurityGroup changed None to 1.0 on consumer Open vSwitch agent@localhost.localdomain _set_version /usr/lib/python2.7/site-packages/neutron/api/rpc/callbacks/version_manager.py:119
2018-06-30 03:48:43.273 2709 DEBUG neutron.api.rpc.callbacks.version_manager [req-7c54c65e-5e04-45e2-b4da-c27a445d4d68 95cf4ee261b740498c206cbae584ebbe 046e8009a8b544bfbe9ff50b26903464 - - -] Version for resource type SecurityGroupRule changed None to 1.0 on consumer Open vSwitch agent@localhost.localdomain _set_version /usr/lib/python2.7/site-packages/neutron/api/rpc/callbacks/version_manager.py:119
2018-06-30 03:48:43.273 2709 DEBUG neutron.api.rpc.callbacks.version_manager [req-7c54c65e-5e04-45e2-b4da-c27a445d4d68 95cf4ee261b740498c206cbae584ebbe 046e8009a8b544bfbe9ff50b26903464 - - -] Version for resource type Trunk changed None to 1.1 on consumer Open vSwitch agent@localhost.localdomain _set_version /usr/lib/python2.7/site-packages/neutron/api/rpc/callbacks/version_manager.py:119
2018-06-30 03:48:43.274 2709 DEBUG neutron.api.rpc.callbacks.version_manager [req-7c54c65e-5e04-45e2-b4da-c27a445d4d68 95cf4ee261b740498c206cbae584ebbe 046e8009a8b544bfbe9ff50b26903464 - - -] Version for resource type QosPolicy changed None to 1.6 on consumer Open vSwitch agent@localhost.localdomain _set_version /usr/lib/python2.7/site-packages/neutron/api/rpc/callbacks/version_manager.py:119
2018-06-30 03:48:43.275 2709 DEBUG neutron.api.rpc.callbacks.version_manager [req-7c54c65e-5e04-45e2-b4da-c27a445d4d68 95cf4ee261b740498c206cbae584ebbe 046e8009a8b544bfbe9ff50b26903464 - - -] Version for resource type Port changed None to 1.1 on consumer Open vSwitch agent@localhost.localdomain _set_version /usr/lib/python2.7/site-packages/neutron/api/rpc/callbacks/version_manager.py:119
2018-06-30 03:48:43.275 2709 DEBUG neutron.api.rpc.callbacks.version_manager [req-7c54c65e-5e04-45e2-b4da-c27a445d4d68 95cf4ee261b740498c206cbae584ebbe 046e8009a8b544bfbe9ff50b26903464 - - -] Version for resource type Log changed None to 1.0 on consumer Open vSwitch agent@localhost.localdomain _set_version /usr/lib/python2.7/site-packages/neutron/api/rpc/callbacks/version_manager.py:119
2018-06-30 03:48:43.307 2709 DEBUG oslo_concurrency.lockutils [req-7c54c65e-5e04-45e2-b4da-c27a445d4d68 95cf4ee261b740498c206cbae584ebbe 046e8009a8b544bfbe9ff50b26903464 - - -] Lock "event-dispatch" released by "neutron.plugins.ml2.ovo_rpc.dispatch_events" :: held 0.334s inner /usr/lib/python2.7/site-packages/oslo_concurrency/lockutils.py:282
2018-06-30 03:48:43.323 2709 DEBUG neutron.scheduler.dhcp_agent_scheduler [req-7c54c65e-5e04-45e2-b4da-c27a445d4d68 95cf4ee261b740498c206cbae584ebbe 046e8009a8b544bfbe9ff50b26903464 - default default] Network 8fa9a212-be1e-480a-988d-8a3f899b6e3c is already hosted by enough agents. _get_dhcp_agents_hosting_network /usr/lib/python2.7/site-packages/neutron/scheduler/dhcp_agent_scheduler.py:243
2018-06-30 03:48:43.346 2709 DEBUG neutron.db.l3_dvrscheduler_db [req-7c54c65e-5e04-45e2-b4da-c27a445d4d68 95cf4ee261b740498c206cbae584ebbe 046e8009a8b544bfbe9ff50b26903464 - default default] Received port after_create _notify_l3_agent_new_port /usr/lib/python2.7/site-packages/neutron/db/l3_dvrscheduler_db.py:392
2018-06-30 03:48:43.548 2709 DEBUG neutron_lib.callbacks.manager [req-7c54c65e-5e04-45e2-b4da-c27a445d4d68 95cf4ee261b740498c206cbae584ebbe 046e8009a8b544bfbe9ff50b26903464 - default default] Notify callbacks ['neutron.plugins.ml2.plugin.Ml2Plugin._ensure_default_security_group_handler--9223372036854386250'] for port, before_update _notify_loop /usr/lib/python2.7/site-packages/neutron_lib/callbacks/manager.py:167
2018-06-30 03:48:44.185 2709 DEBUG neutron_lib.callbacks.manager [req-7c54c65e-5e04-45e2-b4da-c27a445d4d68 95cf4ee261b740498c206cbae584ebbe 046e8009a8b544bfbe9ff50b26903464 - default default] Notify callbacks [] for port, precommit_update _notify_loop /usr/lib/python2.7/site-packages/neutron_lib/callbacks/manager.py:167
2018-06-30 03:48:44.198 2709 DEBUG neutron_lib.callbacks.manager [req-7c54c65e-5e04-45e2-b4da-c27a445d4d68 95cf4ee261b740498c206cbae584ebbe 046e8009a8b544bfbe9ff50b26903464 - default default] Notify callbacks ['neutron.plugins.ml2.ovo_rpc._ObjectChangeHandler.handle_event-578052', 'neutron.plugins.ml2.plugin.Ml2Plugin.notify_sg_on_port_change-389571', 'neutron.db.l3_dvrscheduler_db._notify_l3_agent_port_update-8746711374566', 'neutron.api.rpc.agentnotifiers.dhcp_rpc_agent_api.DhcpAgentNotifyAPI._native_event_send_dhcp_notification--9223372036854093835', 'neutron.db.l3_hascheduler_db._notify_l3_agent_ha_port_update--9223363290143406279'] for port, after_update _notify_loop /usr/lib/python2.7/site-packages/neutron_lib/callbacks/manager.py:167
2018-06-30 03:48:44.226 2709 DEBUG oslo_concurrency.lockutils [-] Lock "event-dispatch" acquired by "neutron.plugins.ml2.ovo_rpc.dispatch_events" :: waited 0.000s inner /usr/lib/python2.7/site-packages/oslo_concurrency/lockutils.py:270
2018-06-30 03:48:44.495 2709 DEBUG neutron.api.rpc.handlers.resources_rpc [req-7c54c65e-5e04-45e2-b4da-c27a445d4d68 95cf4ee261b740498c206cbae584ebbe 046e8009a8b544bfbe9ff50b26903464 - - -] neutron.api.rpc.handlers.resources_rpc.ResourcesPushRpcApi method push called with arguments (<neutron_lib.context.Context object at 0x7f4808ed1710>, [Port(admin_state_up=True,allowed_address_pairs=[],binding=PortBinding,binding_levels=[],created_at=2018-06-30T01:48:42Z,data_plane_status=<?>,description='',device_id='f7588739-d1b9-421d-9844-783ea73ff184',device_owner='network:floatingip',dhcp_options=[],distributed_binding=None,dns=None,fixed_ips=[IPAllocation],id=2f1f1b90-b2eb-4ee4-94f3-b101d1dad320,mac_address=fa:16:3e:30:c7:03,name='',network_id=8fa9a212-be1e-480a-988d-8a3f899b6e3c,project_id='',qos_policy_id=None,revision_number=4,security=PortSecurity(2f1f1b90-b2eb-4ee4-94f3-b101d1dad320),security_group_ids=set([]),status='N/A',updated_at=2018-06-30T01:48:43Z)], 'updated') {} wrapper /usr/lib/python2.7/site-packages/oslo_log/helpers.py:66
2018-06-30 03:48:44.525 2709 DEBUG oslo_concurrency.lockutils [req-7c54c65e-5e04-45e2-b4da-c27a445d4d68 95cf4ee261b740498c206cbae584ebbe 046e8009a8b544bfbe9ff50b26903464 - - -] Lock "event-dispatch" released by "neutron.plugins.ml2.ovo_rpc.dispatch_events" :: held 0.299s inner /usr/lib/python2.7/site-packages/oslo_concurrency/lockutils.py:282
2018-06-30 03:48:44.657 2709 DEBUG neutron_lib.callbacks.manager [req-7c54c65e-5e04-45e2-b4da-c27a445d4d68 95cf4ee261b740498c206cbae584ebbe 046e8009a8b544bfbe9ff50b26903464 - default default] Notify callbacks ['neutron.services.l3_router.l3_router_plugin.L3RouterPlugin._create_dvr_floating_gw_port--9223372036854238402'] for floatingip, after_update _notify_loop /usr/lib/python2.7/site-packages/neutron_lib/callbacks/manager.py:167
2018-06-30 03:48:44.716 2709 DEBUG neutron.quota.resource [req-7c54c65e-5e04-45e2-b4da-c27a445d4d68 95cf4ee261b740498c206cbae584ebbe 046e8009a8b544bfbe9ff50b26903464 - default default] Persisted dirty status for tenant:006dda3b1c9c44b2a7139f72cb9ffbca on resource:floatingip mark_dirty /usr/lib/python2.7/site-packages/neutron/quota/resource.py:207
2018-06-30 03:48:44.722 2709 DEBUG neutron.quota.resource [req-7c54c65e-5e04-45e2-b4da-c27a445d4d68 95cf4ee261b740498c206cbae584ebbe 046e8009a8b544bfbe9ff50b26903464 - default default] Persisted dirty status for tenant: on resource:port mark_dirty /usr/lib/python2.7/site-packages/neutron/quota/resource.py:207
2018-06-30 03:48:44.745 2709 DEBUG neutron_lib.callbacks.manager [req-7c54c65e-5e04-45e2-b4da-c27a445d4d68 95cf4ee261b740498c206cbae584ebbe 046e8009a8b544bfbe9ff50b26903464 - default default] Notify callbacks ['neutron.notifiers.nova.Notifier._send_nova_notification--9223372036854762066'] for floatingip, before_response _notify_loop /usr/lib/python2.7/site-packages/neutron_lib/callbacks/manager.py:167
2018-06-30 03:48:44.748 2709 INFO neutron.wsgi [req-7c54c65e-5e04-45e2-b4da-c27a445d4d68 95cf4ee261b740498c206cbae584ebbe 046e8009a8b544bfbe9ff50b26903464 - default default] 10.0.20.26 "POST /v2.0/floatingips HTTP/1.1" status: 201  len: 674 time: 3.2359970
2018-06-30 03:48:44.785 2714 DEBUG neutron.wsgi [-] (2714) accepted ('10.0.20.26', 51732) server /usr/lib/python2.7/site-packages/eventlet/wsgi.py:883
2018-06-30 03:48:44.818 2714 WARNING keystonemiddleware.auth_token [-] Using the in-process token cache is deprecated as of the 4.2.0 release and may be removed in the 5.0.0 release or the 'O' development cycle. The in-process cache causes inconsistent results and high memory usage. When the feature is removed the auth_token middleware will not cache tokens by default which may result in performance issues. It is recommended to use  memcache for the auth_token token cache by setting the memcached_servers option.
2018-06-30 03:48:46.529 2714 DEBUG oslo_policy._cache_handler [req-3a0ba119-7fe6-4860-8faf-5ad22428ee74 2381c87c24634e059255e904a45e06ef 0d772b180b3c41e2ae2eba61c236b149 - default default] Reloading cached file /etc/neutron/policy.json read_cached_file /usr/lib/python2.7/site-packages/oslo_policy/_cache_handler.py:40
2018-06-30 03:48:46.577 2714 DEBUG oslo_policy.policy [req-3a0ba119-7fe6-4860-8faf-5ad22428ee74 2381c87c24634e059255e904a45e06ef 0d772b180b3c41e2ae2eba61c236b149 - default default] Reloaded policy file: /etc/neutron/policy.json _load_policy_file /usr/lib/python2.7/site-packages/oslo_policy/policy.py:681
2018-06-30 03:48:47.145 2714 DEBUG oslo_policy._cache_handler [req-3a0ba119-7fe6-4860-8faf-5ad22428ee74 2381c87c24634e059255e904a45e06ef 0d772b180b3c41e2ae2eba61c236b149 - default default] Reloading cached file /etc/neutron/policy.json read_cached_file /usr/lib/python2.7/site-packages/oslo_policy/_cache_handler.py:40
2018-06-30 03:48:47.165 2714 DEBUG oslo_policy.policy [req-3a0ba119-7fe6-4860-8faf-5ad22428ee74 2381c87c24634e059255e904a45e06ef 0d772b180b3c41e2ae2eba61c236b149 - default default] Reloaded policy file: /etc/neutron/policy.json _load_policy_file /usr/lib/python2.7/site-packages/oslo_policy/policy.py:681
2018-06-30 03:48:47.173 2714 INFO neutron.wsgi [req-3a0ba119-7fe6-4860-8faf-5ad22428ee74 2381c87c24634e059255e904a45e06ef 0d772b180b3c41e2ae2eba61c236b149 - default default] 10.0.20.26 "GET /v2.0/ports?device_id=eae3b563-8d6f-4843-a360-6292079e1f2b HTTP/1.1" status: 200  len: 1124 time: 2.3622990
2018-06-30 03:48:47.744 2714 INFO neutron.wsgi [req-7a952dae-2d54-4d33-ab4c-c17cb50b02b9 2381c87c24634e059255e904a45e06ef 0d772b180b3c41e2ae2eba61c236b149 - default default] 10.0.20.26 "GET /v2.0/security-groups?id=eeeac1fa-6e63-496f-b12e-3c75da2fb35d HTTP/1.1" status: 200  len: 2118 time: 0.5299549
2018-06-30 03:48:49.351 2727 DEBUG neutron.db.agents_db [req-99d68710-0d8b-408e-aa60-fb6da1a68ba5 - - - - -] Agent healthcheck: found 5 active agents agent_health_check /usr/lib/python2.7/site-packages/neutron/db/agents_db.py:281
2018-06-30 03:48:49.540 2722 DEBUG neutron_lib.callbacks.manager [req-230ce647-d455-4325-bc0c-958dbe32c4dd - - - - -] Notify callbacks ['neutron.services.segments.db._update_segment_host_mapping_for_agent-8746711736912'] for agent, after_update _notify_loop /usr/lib/python2.7/site-packages/neutron_lib/callbacks/manager.py:167
2018-06-30 03:48:49.563 2724 DEBUG neutron_lib.callbacks.manager [req-5d8b7ecf-ee8c-4923-b26c-2558ee678a2e - - - - -] Notify callbacks ['neutron.services.segments.db._update_segment_host_mapping_for_agent-8746711736912'] for agent, after_update _notify_loop /usr/lib/python2.7/site-packages/neutron_lib/callbacks/manager.py:167
2018-06-30 03:48:49.634 2725 DEBUG neutron_lib.callbacks.manager [req-9ac75cef-0067-4353-8309-94d522bcf959 - - - - -] Notify callbacks ['neutron.services.segments.db._update_segment_host_mapping_for_agent-8746711736912'] for agent, after_update _notify_loop /usr/lib/python2.7/site-packages/neutron_lib/callbacks/manager.py:167
2018-06-30 03:48:50.777 2719 DEBUG neutron_lib.callbacks.manager [req-8869b702-e6f6-4c7a-9d74-63c1c67c3404 - - - - -] Notify callbacks ['neutron.services.segments.db._update_segment_host_mapping_for_agent-8746711736912'] for agent, after_update _notify_loop /usr/lib/python2.7/site-packages/neutron_lib/callbacks/manager.py:167
2018-06-30 03:48:50.969 2711 DEBUG neutron.wsgi [-] (2711) accepted ('10.0.20.26', 51766) server /usr/lib/python2.7/site-packages/eventlet/wsgi.py:883
2018-06-30 03:48:51.694 2711 INFO neutron.wsgi [req-923c71a9-c653-40b0-bf77-121aa3d2817e 2381c87c24634e059255e904a45e06ef 0d772b180b3c41e2ae2eba61c236b149 - default default] 10.0.20.26 "GET /v2.0/ports?device_id=eae3b563-8d6f-4843-a360-6292079e1f2b HTTP/1.1" status: 200  len: 1124 time: 0.7200601
2018-06-30 03:48:51.838 2711 INFO neutron.wsgi [req-90ddf7bb-5dc4-4379-a0e8-9fab4bde3bfa 2381c87c24634e059255e904a45e06ef 0d772b180b3c41e2ae2eba61c236b149 - default default] 10.0.20.26 "GET /v2.0/security-groups?id=eeeac1fa-6e63-496f-b12e-3c75da2fb35d HTTP/1.1" status: 200  len: 2118 time: 0.1133931
2018-06-30 03:48:55.357 2711 DEBUG neutron.wsgi [-] (2711) accepted ('10.0.20.26', 51792) server /usr/lib/python2.7/site-packages/eventlet/wsgi.py:883
2018-06-30 03:48:56.069 2711 INFO neutron.wsgi [req-d0970606-b10e-48a1-8a1c-bae5e3e71d96 2381c87c24634e059255e904a45e06ef 0d772b180b3c41e2ae2eba61c236b149 - default default] 10.0.20.26 "GET /v2.0/ports?device_id=eae3b563-8d6f-4843-a360-6292079e1f2b HTTP/1.1" status: 200  len: 1124 time: 0.7093940
2018-06-30 03:48:56.214 2711 INFO neutron.wsgi [req-a8798935-2863-4103-8c32-4ee20685ead9 2381c87c24634e059255e904a45e06ef 0d772b180b3c41e2ae2eba61c236b149 - default default] 10.0.20.26 "GET /v2.0/security-groups?id=eeeac1fa-6e63-496f-b12e-3c75da2fb35d HTTP/1.1" status: 200  len: 2118 time: 0.1177049
2018-06-30 03:48:58.440 2715 DEBUG neutron.wsgi [-] (2715) accepted ('10.0.20.26', 51814) server /usr/lib/python2.7/site-packages/eventlet/wsgi.py:883
2018-06-30 03:48:58.461 2715 WARNING keystonemiddleware.auth_token [-] Using the in-process token cache is deprecated as of the 4.2.0 release and may be removed in the 5.0.0 release or the 'O' development cycle. The in-process cache causes inconsistent results and high memory usage. When the feature is removed the auth_token middleware will not cache tokens by default which may result in performance issues. It is recommended to use  memcache for the auth_token token cache by setting the memcached_servers option.
2018-06-30 03:48:59.006 2713 DEBUG neutron.quota.resource [req-9d2d8c20-0d19-4597-8633-072839b2b9a6 be5a364a3e7c4571aff24527c1f62b69 006dda3b1c9c44b2a7139f72cb9ffbca - 856475384b3d4a61ad1dd4a0f2b07978 856475384b3d4a61ad1dd4a0f2b07978] Synchronizing usage tracker for tenant:006dda3b1c9c44b2a7139f72cb9ffbca on resource:port resync /usr/lib/python2.7/site-packages/neutron/quota/resource.py:245
2018-06-30 03:48:59.085 2713 DEBUG neutron.quota.resource [req-9d2d8c20-0d19-4597-8633-072839b2b9a6 be5a364a3e7c4571aff24527c1f62b69 006dda3b1c9c44b2a7139f72cb9ffbca - 856475384b3d4a61ad1dd4a0f2b07978 856475384b3d4a61ad1dd4a0f2b07978] Unset dirty status for tenant:006dda3b1c9c44b2a7139f72cb9ffbca on resource:port _resync /usr/lib/python2.7/site-packages/neutron/quota/resource.py:237
2018-06-30 03:48:59.089 2713 INFO neutron.wsgi [req-9d2d8c20-0d19-4597-8633-072839b2b9a6 be5a364a3e7c4571aff24527c1f62b69 006dda3b1c9c44b2a7139f72cb9ffbca - 856475384b3d4a61ad1dd4a0f2b07978 856475384b3d4a61ad1dd4a0f2b07978] 10.0.20.26 "GET /v2.0/ports?device_id=eae3b563-8d6f-4843-a360-6292079e1f2b HTTP/1.1" status: 200  len: 1124 time: 0.9163611
2018-06-30 03:48:59.247 2713 INFO neutron.wsgi [req-1e9cb50e-b15e-4a25-8c95-860417cdb3d5 be5a364a3e7c4571aff24527c1f62b69 006dda3b1c9c44b2a7139f72cb9ffbca - 856475384b3d4a61ad1dd4a0f2b07978 856475384b3d4a61ad1dd4a0f2b07978] 10.0.20.26 "GET /v2.0/security-groups?id=eeeac1fa-6e63-496f-b12e-3c75da2fb35d HTTP/1.1" status: 200  len: 2118 time: 0.1516531
2018-06-30 03:48:59.599 2713 INFO neutron.wsgi [req-e8ce7541-5c20-4952-94aa-e75515648c57 be5a364a3e7c4571aff24527c1f62b69 006dda3b1c9c44b2a7139f72cb9ffbca - 856475384b3d4a61ad1dd4a0f2b07978 856475384b3d4a61ad1dd4a0f2b07978] 10.0.20.26 "GET /v2.0/ports?device_owner=compute%3Anova&device_id=eae3b563-8d6f-4843-a360-6292079e1f2b HTTP/1.1" status: 200  len: 1124 time: 0.1667581
2018-06-30 03:48:59.660 2713 INFO neutron.wsgi [req-95a95f5b-295c-4211-b6e6-96559abe1f8e be5a364a3e7c4571aff24527c1f62b69 006dda3b1c9c44b2a7139f72cb9ffbca - 856475384b3d4a61ad1dd4a0f2b07978 856475384b3d4a61ad1dd4a0f2b07978] 10.0.20.26 "GET /v2.0/floatingips?floating_ip_address=172.24.4.3 HTTP/1.1" status: 200  len: 672 time: 0.0525632
2018-06-30 03:48:59.715 2713 DEBUG neutron.api.v2.base [req-36326883-574a-45e7-896f-69abba0d699b be5a364a3e7c4571aff24527c1f62b69 006dda3b1c9c44b2a7139f72cb9ffbca - 856475384b3d4a61ad1dd4a0f2b07978 856475384b3d4a61ad1dd4a0f2b07978] Request body: {u'floatingip': {u'fixed_ip_address': u'11.214.1.3', u'port_id': u'189df038-39aa-4e29-be74-88921b5d9362'}} prepare_request_body /usr/lib/python2.7/site-packages/neutron/api/v2/base.py:695
2018-06-30 03:49:00.282 2713 DEBUG neutron_lib.callbacks.manager [req-36326883-574a-45e7-896f-69abba0d699b be5a364a3e7c4571aff24527c1f62b69 006dda3b1c9c44b2a7139f72cb9ffbca - 856475384b3d4a61ad1dd4a0f2b07978 856475384b3d4a61ad1dd4a0f2b07978] Notify callbacks ['neutron.services.l3_router.l3_router_plugin.L3RouterPlugin._create_dvr_floating_gw_port--9223372036854238402'] for floatingip, after_update _notify_loop /usr/lib/python2.7/site-packages/neutron_lib/callbacks/manager.py:167
2018-06-30 03:49:00.399 2715 DEBUG oslo_policy._cache_handler [req-3fe9979a-7c1f-41f4-ae41-ac9615b73ee7 2381c87c24634e059255e904a45e06ef 0d772b180b3c41e2ae2eba61c236b149 - default default] Reloading cached file /etc/neutron/policy.json read_cached_file /usr/lib/python2.7/site-packages/oslo_policy/_cache_handler.py:40
2018-06-30 03:49:00.433 2715 DEBUG oslo_policy.policy [req-3fe9979a-7c1f-41f4-ae41-ac9615b73ee7 2381c87c24634e059255e904a45e06ef 0d772b180b3c41e2ae2eba61c236b149 - default default] Reloaded policy file: /etc/neutron/policy.json _load_policy_file /usr/lib/python2.7/site-packages/oslo_policy/policy.py:681
2018-06-30 03:49:00.990 2713 DEBUG neutron.scheduler.l3_agent_scheduler [req-36326883-574a-45e7-896f-69abba0d699b be5a364a3e7c4571aff24527c1f62b69 006dda3b1c9c44b2a7139f72cb9ffbca - 856475384b3d4a61ad1dd4a0f2b07978 856475384b3d4a61ad1dd4a0f2b07978] Router 63279886-ddaf-47af-a4a8-5f6eb582ef19 has already been hosted by L3 agent 7579a3a7-c911-4c20-8f69-3d18d2c83252 _get_candidates /usr/lib/python2.7/site-packages/neutron/scheduler/l3_agent_scheduler.py:141
2018-06-30 03:49:01.107 2715 DEBUG oslo_policy._cache_handler [req-3fe9979a-7c1f-41f4-ae41-ac9615b73ee7 2381c87c24634e059255e904a45e06ef 0d772b180b3c41e2ae2eba61c236b149 - default default] Reloading cached file /etc/neutron/policy.json read_cached_file /usr/lib/python2.7/site-packages/oslo_policy/_cache_handler.py:40
2018-06-30 03:49:01.128 2715 DEBUG oslo_policy.policy [req-3fe9979a-7c1f-41f4-ae41-ac9615b73ee7 2381c87c24634e059255e904a45e06ef 0d772b180b3c41e2ae2eba61c236b149 - default default] Reloaded policy file: /etc/neutron/policy.json _load_policy_file /usr/lib/python2.7/site-packages/oslo_policy/policy.py:681
2018-06-30 03:49:01.137 2715 INFO neutron.wsgi [req-3fe9979a-7c1f-41f4-ae41-ac9615b73ee7 2381c87c24634e059255e904a45e06ef 0d772b180b3c41e2ae2eba61c236b149 - default default] 10.0.20.26 "GET /v2.0/ports?device_id=eae3b563-8d6f-4843-a360-6292079e1f2b HTTP/1.1" status: 200  len: 1124 time: 2.6861451
2018-06-30 03:49:01.258 2713 DEBUG neutron.api.rpc.agentnotifiers.l3_rpc_agent_api [req-36326883-574a-45e7-896f-69abba0d699b be5a364a3e7c4571aff24527c1f62b69 006dda3b1c9c44b2a7139f72cb9ffbca - 856475384b3d4a61ad1dd4a0f2b07978 856475384b3d4a61ad1dd4a0f2b07978] Notify agent at l3_agent.localhost.localdomain the message routers_updated _agent_notification /usr/lib/python2.7/site-packages/neutron/api/rpc/agentnotifiers/l3_rpc_agent_api.py:69
2018-06-30 03:49:01.297 2713 DEBUG neutron_lib.callbacks.manager [req-36326883-574a-45e7-896f-69abba0d699b be5a364a3e7c4571aff24527c1f62b69 006dda3b1c9c44b2a7139f72cb9ffbca - 856475384b3d4a61ad1dd4a0f2b07978 856475384b3d4a61ad1dd4a0f2b07978] Notify callbacks ['neutron.notifiers.nova.Notifier._send_nova_notification--9223372036854762066'] for floatingip, before_response _notify_loop /usr/lib/python2.7/site-packages/neutron_lib/callbacks/manager.py:167
2018-06-30 03:49:01.320 2724 DEBUG neutron.db.l3_hamode_db [req-7bfbc03b-743b-4b0e-867b-28058e06be15 - - - - -] neutron.services.l3_router.l3_router_plugin.L3RouterPlugin method get_ha_sync_data_for_host called with arguments (<neutron_lib.context.Context object at 0x7f48095af3d0>, u'localhost.localdomain', <neutron.db.models.agent.Agent[object at 7f48095fbc90] {id=u'7579a3a7-c911-4c20-8f69-3d18d2c83252', agent_type=u'L3 agent', binary=u'neutron-l3-agent', topic=u'l3_agent', host=u'localhost.localdomain', availability_zone=u'nova', admin_state_up=True, created_at=datetime.datetime(2018, 6, 6, 18, 7, 18), started_at=datetime.datetime(2018, 6, 30, 1, 37, 20), heartbeat_timestamp=datetime.datetime(2018, 6, 30, 1, 48, 50), description=None, configurations=u'{"agent_mode": "legacy", "gateway_external_network_id": "", "handle_internal_only_routers": true, "routers": 2, "interfaces": 2, "floating_ips": 0, "interface_driver": "neutron.agent.linux.interface.OVSInterfaceDriver", "log_agent_heartbeats": false, "external_network_bridge": "", "ex_gw_ports": 2}', resource_versions=None, load=0}>) {'active': True, 'router_ids': ['63279886-ddaf-47af-a4a8-5f6eb582ef19']} wrapper /usr/lib/python2.7/site-packages/oslo_log/helpers.py:66
2018-06-30 03:49:01.409 2713 INFO neutron.wsgi [req-36326883-574a-45e7-896f-69abba0d699b be5a364a3e7c4571aff24527c1f62b69 006dda3b1c9c44b2a7139f72cb9ffbca - 856475384b3d4a61ad1dd4a0f2b07978 856475384b3d4a61ad1dd4a0f2b07978] 10.0.20.26 "PUT /v2.0/floatingips/f7588739-d1b9-421d-9844-783ea73ff184 HTTP/1.1" status: 200  len: 745 time: 1.7404778
2018-06-30 03:49:01.410 2713 DEBUG oslo_concurrency.lockutils [-] Lock "notifier-4ddf90a9-c7a9-42e6-a3da-238680dd37f3" acquired by "neutron.notifiers.batch_notifier.synced_send" :: waited 0.000s inner /usr/lib/python2.7/site-packages/oslo_concurrency/lockutils.py:270
2018-06-30 03:49:01.411 2713 DEBUG neutron.notifiers.nova [-] Sending events: [{'tag': u'189df038-39aa-4e29-be74-88921b5d9362', 'name': 'network-changed', 'server_uuid': u'eae3b563-8d6f-4843-a360-6292079e1f2b'}] send_events /usr/lib/python2.7/site-packages/neutron/notifiers/nova.py:242
2018-06-30 03:49:01.416 2713 DEBUG novaclient.v2.client [-] REQ: curl -g -i -X POST http://10.0.20.26:8774/v2.1/0d772b180b3c41e2ae2eba61c236b149/os-server-external-events -H "User-Agent: python-novaclient" -H "Content-Type: application/json" -H "Accept: application/json" -H "X-OpenStack-Nova-API-Version: 2.1" -H "X-Auth-Token: {SHA1}0872477cce9fcd8fed822d543b221a6e0434dc9f" -d '{"events": [{"tag": "189df038-39aa-4e29-be74-88921b5d9362", "name": "network-changed", "server_uuid": "eae3b563-8d6f-4843-a360-6292079e1f2b"}]}' _http_log_request /usr/lib/python2.7/site-packages/keystoneauth1/session.py:375
2018-06-30 03:49:01.564 2713 DEBUG novaclient.v2.client [-] RESP: [200] Content-Length: 179 Content-Type: application/json Openstack-Api-Version: compute 2.1 X-Openstack-Nova-Api-Version: 2.1 Vary: OpenStack-API-Version, X-OpenStack-Nova-API-Version X-Openstack-Request-Id: req-22d48a78-d5c7-456e-9426-9ced457399d7 X-Compute-Request-Id: req-22d48a78-d5c7-456e-9426-9ced457399d7 Date: Sat, 30 Jun 2018 01:49:01 GMT Connection: keep-alive 
RESP BODY: {"events": [{"status": "completed", "tag": "189df038-39aa-4e29-be74-88921b5d9362", "name": "network-changed", "server_uuid": "eae3b563-8d6f-4843-a360-6292079e1f2b", "code": 200}]}
 _http_log_response /usr/lib/python2.7/site-packages/keystoneauth1/session.py:423
2018-06-30 03:49:01.565 2713 DEBUG novaclient.v2.client [-] POST call to compute for http://10.0.20.26:8774/v2.1/0d772b180b3c41e2ae2eba61c236b149/os-server-external-events used request id req-22d48a78-d5c7-456e-9426-9ced457399d7 request /usr/lib/python2.7/site-packages/keystoneauth1/session.py:727
2018-06-30 03:49:01.576 2713 INFO neutron.notifiers.nova [-] Nova event response: {u'status': u'completed', u'tag': u'189df038-39aa-4e29-be74-88921b5d9362', u'name': u'network-changed', u'server_uuid': u'eae3b563-8d6f-4843-a360-6292079e1f2b', u'code': 200}
2018-06-30 03:49:01.672 2715 INFO neutron.wsgi [req-cc3b628e-3c2c-49d6-87f3-a613aa48fdc2 2381c87c24634e059255e904a45e06ef 0d772b180b3c41e2ae2eba61c236b149 - default default] 10.0.20.26 "GET /v2.0/security-groups?id=eeeac1fa-6e63-496f-b12e-3c75da2fb35d HTTP/1.1" status: 200  len: 2118 time: 0.4958510
2018-06-30 03:49:01.884 2713 INFO neutron.wsgi [req-42261ada-0b31-4e43-949e-969c01b86e5b 2381c87c24634e059255e904a45e06ef 0d772b180b3c41e2ae2eba61c236b149 - default default] 10.0.20.26 "GET /v2.0/ports?tenant_id=006dda3b1c9c44b2a7139f72cb9ffbca&device_id=eae3b563-8d6f-4843-a360-6292079e1f2b HTTP/1.1" status: 200  len: 1124 time: 0.2426441
2018-06-30 03:49:02.324 2713 DEBUG neutron.pecan_wsgi.hooks.policy_enforcement [req-5258c790-4ee1-4376-a314-6775ddccd8de 2381c87c24634e059255e904a45e06ef 0d772b180b3c41e2ae2eba61c236b149 - default default] Attributes excluded by policy engine: [u'vlan_transparent'] _exclude_attributes_by_policy /usr/lib/python2.7/site-packages/neutron/pecan_wsgi/hooks/policy_enforcement.py:256
2018-06-30 03:49:02.329 2713 INFO neutron.wsgi [req-5258c790-4ee1-4376-a314-6775ddccd8de 2381c87c24634e059255e904a45e06ef 0d772b180b3c41e2ae2eba61c236b149 - default default] 10.0.20.26 "GET /v2.0/networks?id=0cc16f48-2f98-4e5a-89c9-8237efb554ff HTTP/1.1" status: 200  len: 885 time: 0.4388039
2018-06-30 03:49:02.389 2724 DEBUG neutron.db.l3_hamode_db [req-7bfbc03b-743b-4b0e-867b-28058e06be15 - - - - -] neutron.services.l3_router.l3_router_plugin.L3RouterPlugin method _process_sync_ha_data called with arguments (<neutron_lib.context.Context object at 0x7f48095af3d0>, [{'status': u'ACTIVE', '_interfaces': [{'status': u'ACTIVE', 'subnets': [{'dns_nameservers': [u'8.8.4.4'], 'ipv6_ra_mode': None, 'gateway_ip': u'11.214.1.1', 'cidr': u'11.214.1.0/24', 'id': u'e5da670d-4c3b-493c-a746-57f3fa980dc4', 'subnetpool_id': None}], 'binding:host_id': u'localhost.localdomain', 'description': u'', 'allowed_address_pairs': [], 'tags': [], 'extra_dhcp_opts': [], 'updated_at': '2018-06-30T01:47:22Z', 'device_owner': u'network:router_interface', 'revision_number': 7, 'port_security_enabled': False, 'binding:profile': {}, 'mtu': 1450, 'fixed_ips': [{'subnet_id': u'e5da670d-4c3b-493c-a746-57f3fa980dc4', 'prefixlen': 24, 'ip_address': u'11.214.1.1'}], 'id': u'560c3d5e-5de6-4980-a81b-46a6712cd80d', 'security_groups': [], 'device_id': u'63279886-ddaf-47af-a4a8-5f6eb582ef19', 'name': u'', 'admin_state_up': True, 'network_id': u'0cc16f48-2f98-4e5a-89c9-8237efb554ff', 'tenant_id': u'006dda3b1c9c44b2a7139f72cb9ffbca', 'binding:vif_details': {u'port_filter': True, u'datapath_type': u'system', u'ovs_hybrid_plug': True}, 'address_scopes': {4: None, 6: None}, 'binding:vnic_type': u'normal', 'binding:vif_type': u'ovs', 'mac_address': u'fa:16:3e:56:dc:12', 'project_id': u'006dda3b1c9c44b2a7139f72cb9ffbca', 'extra_subnets': [], 'created_at': '2018-06-30T01:47:13Z'}], 'enable_snat': True, 'ha_vr_id': 0, 'description': u'', 'tags': [], 'gw_port': {'status': u'ACTIVE', 'subnets': [{'dns_nameservers': [], 'ipv6_ra_mode': None, 'gateway_ip': u'172.24.4.1', 'cidr': u'172.24.4.0/24', 'id': u'606cc7a3-2eae-4ba0-be88-1f3c9fd67e5e', 'subnetpool_id': None}], 'binding:host_id': u'localhost.localdomain', 'description': u'', 'allowed_address_pairs': [], 'tags': [], 'extra_dhcp_opts': [], 'updated_at': '2018-06-30T01:47:34Z', 'device_owner': u'network:router_gateway', 'revision_number': 6, 'port_security_enabled': False, 'binding:profile': {}, 'mtu': 1500, 'fixed_ips': [{'subnet_id': u'606cc7a3-2eae-4ba0-be88-1f3c9fd67e5e', 'prefixlen': 24, 'ip_address': u'172.24.4.10'}], 'id': u'bf9839d6-374a-4a17-a949-424dc1d97bc1', 'security_groups': [], 'device_id': u'63279886-ddaf-47af-a4a8-5f6eb582ef19', 'name': u'', 'admin_state_up': True, 'network_id': u'8fa9a212-be1e-480a-988d-8a3f899b6e3c', 'tenant_id': u'', 'binding:vif_details': {u'port_filter': True, u'datapath_type': u'system', u'ovs_hybrid_plug': True}, 'address_scopes': {4: None, 6: None}, 'binding:vnic_type': u'normal', 'binding:vif_type': u'ovs', 'mac_address': u'fa:16:3e:8f:74:25', 'project_id': u'', 'extra_subnets': [], 'created_at': '2018-06-30T01:47:26Z'}, 'updated_at': '2018-06-30T01:47:27Z', 'revision_number': 3, 'ha': False, 'id': u'63279886-ddaf-47af-a4a8-5f6eb582ef19', 'gw_port_host': u'localhost.localdomain', 'external_gateway_info': {'network_id': u'8fa9a212-be1e-480a-988d-8a3f899b6e3c', 'enable_snat': True, 'external_fixed_ips': [{'subnet_id': u'606cc7a3-2eae-4ba0-be88-1f3c9fd67e5e', 'ip_address': u'172.24.4.10'}]}, 'availability_zone_hints': [], 'availability_zones': [u'nova'], 'name': u'tempest-router-1530323046', 'gw_port_id': u'bf9839d6-374a-4a17-a949-424dc1d97bc1', 'admin_state_up': True, 'tenant_id': u'006dda3b1c9c44b2a7139f72cb9ffbca', 'created_at': '2018-06-30T01:46:55Z', 'distributed': False, 'flavor_id': None, 'routes': [], 'project_id': u'006dda3b1c9c44b2a7139f72cb9ffbca', '_floatingips': [{'router_id': u'63279886-ddaf-47af-a4a8-5f6eb582ef19', 'status': u'DOWN', 'description': u'', 'tags': [], 'updated_at': '2018-06-30T01:49:00Z', 'dns_domain': '', 'floating_network_id': u'8fa9a212-be1e-480a-988d-8a3f899b6e3c', 'fixed_ip_address': u'11.214.1.3', 'floating_ip_address': u'172.24.4.3', 'revision_number': 1, 'port_id': u'189df038-39aa-4e29-be74-88921b5d9362', 'id': u'f7588739-d1b9-421d-9844-783ea73ff184', 'dns_name': '', 'created_at': '2018-06-30T01:48:43Z', 'tenant_id': u'006dda3b1c9c44b2a7139f72cb9ffbca', 'fixed_ip_address_scope': None, 'project_id': u'006dda3b1c9c44b2a7139f72cb9ffbca'}]}], u'localhost.localdomain', False) {} wrapper /usr/lib/python2.7/site-packages/oslo_log/helpers.py:66
2018-06-30 03:49:02.408 2724 DEBUG neutron.api.rpc.handlers.l3_rpc [req-7bfbc03b-743b-4b0e-867b-28058e06be15 - - - - -] Checking router: 63279886-ddaf-47af-a4a8-5f6eb582ef19 for host: localhost.localdomain _ensure_host_set_on_ports /usr/lib/python2.7/site-packages/neutron/api/rpc/handlers/l3_rpc.py:135
2018-06-30 03:49:02.428 2713 INFO neutron.wsgi [req-72bb5641-2b14-4c06-b3eb-768e8b5e4279 2381c87c24634e059255e904a45e06ef 0d772b180b3c41e2ae2eba61c236b149 - default default] 10.0.20.26 "GET /v2.0/floatingips?fixed_ip_address=11.214.1.3&port_id=189df038-39aa-4e29-be74-88921b5d9362 HTTP/1.1" status: 200  len: 748 time: 0.0843699
2018-06-30 03:49:02.547 2720 DEBUG neutron_lib.callbacks.manager [req-29a1f111-73f8-45fb-9f18-554058958ce2 - - - - -] Notify callbacks ['neutron.services.segments.db._update_segment_host_mapping_for_agent-8746711736912'] for agent, after_update _notify_loop /usr/lib/python2.7/site-packages/neutron_lib/callbacks/manager.py:167
2018-06-30 03:49:02.936 2721 DEBUG neutron.api.rpc.handlers.l3_rpc [req-69b7240e-06ea-4516-9e57-46e553d1c227 - - - - -] New status for floating IP f7588739-d1b9-421d-9844-783ea73ff184: ACTIVE update_floatingip_statuses /usr/lib/python2.7/site-packages/neutron/api/rpc/handlers/l3_rpc.py:252
2018-06-30 03:49:03.074 2714 INFO neutron.wsgi [req-49802a22-e2a9-4ca1-b8c3-5d1ea16f43cc 2381c87c24634e059255e904a45e06ef 0d772b180b3c41e2ae2eba61c236b149 - default default] 10.0.20.26 "GET /v2.0/ports?device_id=eae3b563-8d6f-4843-a360-6292079e1f2b HTTP/1.1" status: 200  len: 1124 time: 0.1804659
2018-06-30 03:49:03.084 2713 DEBUG neutron.pecan_wsgi.hooks.policy_enforcement [req-0a29ddd4-7ab7-4faf-9582-8a08e98d5c2a 2381c87c24634e059255e904a45e06ef 0d772b180b3c41e2ae2eba61c236b149 - default default] Attributes excluded by policy engine: [u'shared'] _exclude_attributes_by_policy /usr/lib/python2.7/site-packages/neutron/pecan_wsgi/hooks/policy_enforcement.py:256
2018-06-30 03:49:03.087 2713 INFO neutron.wsgi [req-0a29ddd4-7ab7-4faf-9582-8a08e98d5c2a 2381c87c24634e059255e904a45e06ef 0d772b180b3c41e2ae2eba61c236b149 - default default] 10.0.20.26 "GET /v2.0/subnets?id=e5da670d-4c3b-493c-a746-57f3fa980dc4 HTTP/1.1" status: 200  len: 847 time: 0.6504130
2018-06-30 03:49:03.272 2713 INFO neutron.wsgi [req-49067687-18a5-4cf9-a73b-c4194ae2a718 2381c87c24634e059255e904a45e06ef 0d772b180b3c41e2ae2eba61c236b149 - default default] 10.0.20.26 "GET /v2.0/ports?network_id=0cc16f48-2f98-4e5a-89c9-8237efb554ff&device_owner=network%3Adhcp HTTP/1.1" status: 200  len: 1128 time: 0.1725991
2018-06-30 03:49:03.290 2714 INFO neutron.wsgi [req-ceea9dab-4835-4f14-b6a2-3f168652ee88 2381c87c24634e059255e904a45e06ef 0d772b180b3c41e2ae2eba61c236b149 - default default] 10.0.20.26 "GET /v2.0/security-groups?id=eeeac1fa-6e63-496f-b12e-3c75da2fb35d HTTP/1.1" status: 200  len: 2118 time: 0.1970971
2018-06-30 03:49:03.578 2713 DEBUG oslo_concurrency.lockutils [-] Lock "notifier-4ddf90a9-c7a9-42e6-a3da-238680dd37f3" released by "neutron.notifiers.batch_notifier.synced_send" :: held 2.168s inner /usr/lib/python2.7/site-packages/oslo_concurrency/lockutils.py:282
2018-06-30 03:49:03.916 2713 INFO neutron.wsgi [req-9ca50aca-ca45-4b02-af92-4ebf2c56d3c7 2381c87c24634e059255e904a45e06ef 0d772b180b3c41e2ae2eba61c236b149 - default default] 10.0.20.26 "GET /v2.0/ports?tenant_id=006dda3b1c9c44b2a7139f72cb9ffbca&device_id=eae3b563-8d6f-4843-a360-6292079e1f2b HTTP/1.1" status: 200  len: 1124 time: 0.8851690
