2018-06-27 22:56:39.208 28611 DEBUG neutron.plugins.ml2.rpc [req-b8e83e74-dcb3-45b8-a9c0-b7fa8210ffa4 - - - - -] Device 4a001037-b106-4535-84c7-f41c0d78ed90 up at agent ovs-agent-localhost.localdomain update_device_up /usr/lib/python2.7/site-packages/neutron/plugins/ml2/rpc.py:244
2018-06-27 22:56:39.400 28611 DEBUG neutron.db.provisioning_blocks [req-b8e83e74-dcb3-45b8-a9c0-b7fa8210ffa4 - - - - -] Provisioning complete for port 4a001037-b106-4535-84c7-f41c0d78ed90 triggered by entity L2. provisioning_complete /usr/lib/python2.7/site-packages/neutron/db/provisioning_blocks.py:138
2018-06-27 22:56:39.401 28611 DEBUG neutron_lib.callbacks.manager [req-b8e83e74-dcb3-45b8-a9c0-b7fa8210ffa4 - - - - -] Notify callbacks ['neutron.plugins.ml2.plugin.Ml2Plugin._port_provisioned-672684'] for port, provisioning_complete _notify_loop /usr/lib/python2.7/site-packages/neutron_lib/callbacks/manager.py:167
2018-06-27 22:56:39.650 28611 DEBUG neutron_lib.callbacks.manager [req-b8e83e74-dcb3-45b8-a9c0-b7fa8210ffa4 - - - - -] Notify callbacks ['neutron.plugins.ml2.plugin.Ml2Plugin._ensure_default_security_group_handler--9223372036853811872'] for port, before_update _notify_loop /usr/lib/python2.7/site-packages/neutron_lib/callbacks/manager.py:167
2018-06-27 22:56:39.747 28611 DEBUG oslo_concurrency.lockutils [-] Lock "notifier-1c8f840c-6cdc-48a5-8028-3128fab12937" acquired by "neutron.notifiers.batch_notifier.synced_send" :: waited 0.000s inner /usr/lib/python2.7/site-packages/oslo_concurrency/lockutils.py:270
2018-06-27 22:56:39.748 28611 DEBUG neutron.notifiers.nova [-] Sending events: [{'status': 'completed', 'tag': u'4a001037-b106-4535-84c7-f41c0d78ed90', 'name': 'network-vif-plugged', 'server_uuid': u'872062e2-a011-4585-b990-9d7e2d600275'}] send_events /usr/lib/python2.7/site-packages/neutron/notifiers/nova.py:242
2018-06-27 22:56:39.764 28611 DEBUG neutron.plugins.ml2.db [req-b8e83e74-dcb3-45b8-a9c0-b7fa8210ffa4 - - - - -] For port 4a001037-b106-4535-84c7-f41c0d78ed90, host localhost.localdomain, got binding levels [<neutron.plugins.ml2.models.PortBindingLevel[object at 7f8a07d10610] {port_id=u'4a001037-b106-4535-84c7-f41c0d78ed90', host=u'localhost.localdomain', level=0, driver=u'openvswitch', segment_id=u'819281a9-1116-410b-bdb4-99378f7667f1'}>] get_binding_levels /usr/lib/python2.7/site-packages/neutron/plugins/ml2/db.py:106
2018-06-27 22:56:39.784 28611 DEBUG neutron_lib.callbacks.manager [req-b8e83e74-dcb3-45b8-a9c0-b7fa8210ffa4 - - - - -] Notify callbacks ['neutron.db.l3_hascheduler_db._notify_l3_agent_ha_port_update-8764426713845', 'neutron.api.rpc.agentnotifiers.dhcp_rpc_agent_api.DhcpAgentNotifyAPI._native_event_send_dhcp_notification-2079775', 'neutron.plugins.ml2.plugin.Ml2Plugin.notify_sg_on_port_change-964061', 'neutron.db.l3_dvrscheduler_db._notify_l3_agent_port_update-8764426713770', 'neutron.plugins.ml2.ovo_rpc._ObjectChangeHandler.handle_event-1691942'] for port, after_update _notify_loop /usr/lib/python2.7/site-packages/neutron_lib/callbacks/manager.py:167
2018-06-27 22:56:39.815 28611 DEBUG oslo_concurrency.lockutils [-] Lock "event-dispatch" acquired by "neutron.plugins.ml2.ovo_rpc.dispatch_events" :: waited 0.001s inner /usr/lib/python2.7/site-packages/oslo_concurrency/lockutils.py:270
2018-06-27 22:56:39.967 28611 DEBUG neutron.api.rpc.handlers.resources_rpc [req-b8e83e74-dcb3-45b8-a9c0-b7fa8210ffa4 - - - - -] neutron.api.rpc.handlers.resources_rpc.ResourcesPushRpcApi method push called with arguments (<neutron_lib.context.Context object at 0x7f8a07be6990>, [Port(admin_state_up=True,allowed_address_pairs=[],binding=PortBinding,binding_levels=[PortBindingLevel],created_at=2018-06-27T20:52:48Z,data_plane_status=<?>,description='',device_id='872062e2-a011-4585-b990-9d7e2d600275',device_owner='compute:nova',dhcp_options=[],distributed_binding=None,dns=None,fixed_ips=[IPAllocation],id=4a001037-b106-4535-84c7-f41c0d78ed90,mac_address=fa:16:3e:f6:d2:87,name='',network_id=f5f53a8f-ce8b-4f36-80a7-9bd838b80ff7,project_id='46cea2f57ace47be8d755f9b72a70acd',qos_policy_id=None,revision_number=8,security=PortSecurity(4a001037-b106-4535-84c7-f41c0d78ed90),security_group_ids=set([8999b82b-1d4e-4a0e-8fe5-627aeae3209b]),status='ACTIVE',updated_at=2018-06-27T20:56:39Z)], 'updated') {} wrapper /usr/lib/python2.7/site-packages/oslo_log/helpers.py:66
2018-06-27 22:56:39.990 28611 DEBUG neutron.api.rpc.callbacks.version_manager [req-b8e83e74-dcb3-45b8-a9c0-b7fa8210ffa4 - - - - -] Version for resource type Subnet changed None to 1.0 on consumer Open vSwitch agent@localhost.localdomain _set_version /usr/lib/python2.7/site-packages/neutron/api/rpc/callbacks/version_manager.py:119
2018-06-27 22:56:39.992 28611 DEBUG neutron.api.rpc.callbacks.version_manager [req-b8e83e74-dcb3-45b8-a9c0-b7fa8210ffa4 - - - - -] Version for resource type Network changed None to 1.0 on consumer Open vSwitch agent@localhost.localdomain _set_version /usr/lib/python2.7/site-packages/neutron/api/rpc/callbacks/version_manager.py:119
2018-06-27 22:56:39.993 28611 DEBUG neutron.api.rpc.callbacks.version_manager [req-b8e83e74-dcb3-45b8-a9c0-b7fa8210ffa4 - - - - -] Version for resource type SubPort changed None to 1.0 on consumer Open vSwitch agent@localhost.localdomain _set_version /usr/lib/python2.7/site-packages/neutron/api/rpc/callbacks/version_manager.py:119
2018-06-27 22:56:39.994 28611 DEBUG neutron.api.rpc.callbacks.version_manager [req-b8e83e74-dcb3-45b8-a9c0-b7fa8210ffa4 - - - - -] Version for resource type SecurityGroup changed None to 1.0 on consumer Open vSwitch agent@localhost.localdomain _set_version /usr/lib/python2.7/site-packages/neutron/api/rpc/callbacks/version_manager.py:119
2018-06-27 22:56:39.995 28611 DEBUG neutron.api.rpc.callbacks.version_manager [req-b8e83e74-dcb3-45b8-a9c0-b7fa8210ffa4 - - - - -] Version for resource type SecurityGroupRule changed None to 1.0 on consumer Open vSwitch agent@localhost.localdomain _set_version /usr/lib/python2.7/site-packages/neutron/api/rpc/callbacks/version_manager.py:119
2018-06-27 22:56:39.997 28611 DEBUG neutron.api.rpc.callbacks.version_manager [req-b8e83e74-dcb3-45b8-a9c0-b7fa8210ffa4 - - - - -] Version for resource type Trunk changed None to 1.1 on consumer Open vSwitch agent@localhost.localdomain _set_version /usr/lib/python2.7/site-packages/neutron/api/rpc/callbacks/version_manager.py:119
2018-06-27 22:56:39.998 28611 DEBUG neutron.api.rpc.callbacks.version_manager [req-b8e83e74-dcb3-45b8-a9c0-b7fa8210ffa4 - - - - -] Version for resource type QosPolicy changed None to 1.6 on consumer Open vSwitch agent@localhost.localdomain _set_version /usr/lib/python2.7/site-packages/neutron/api/rpc/callbacks/version_manager.py:119
2018-06-27 22:56:39.999 28611 DEBUG neutron.api.rpc.callbacks.version_manager [req-b8e83e74-dcb3-45b8-a9c0-b7fa8210ffa4 - - - - -] Version for resource type Port changed None to 1.1 on consumer Open vSwitch agent@localhost.localdomain _set_version /usr/lib/python2.7/site-packages/neutron/api/rpc/callbacks/version_manager.py:119
2018-06-27 22:56:40.000 28611 DEBUG neutron.api.rpc.callbacks.version_manager [req-b8e83e74-dcb3-45b8-a9c0-b7fa8210ffa4 - - - - -] Version for resource type Log changed None to 1.0 on consumer Open vSwitch agent@localhost.localdomain _set_version /usr/lib/python2.7/site-packages/neutron/api/rpc/callbacks/version_manager.py:119
2018-06-27 22:56:40.029 28611 DEBUG oslo_concurrency.lockutils [req-b8e83e74-dcb3-45b8-a9c0-b7fa8210ffa4 - - - - -] Lock "event-dispatch" released by "neutron.plugins.ml2.ovo_rpc.dispatch_events" :: held 0.214s inner /usr/lib/python2.7/site-packages/oslo_concurrency/lockutils.py:282
2018-06-27 22:56:40.975 28611 DEBUG novaclient.v2.client [-] REQ: curl -g -i -X POST http://10.0.20.25:8774/v2.1/910acf3b84b64f358e48f506530f7cb1/os-server-external-events -H "User-Agent: python-novaclient" -H "Content-Type: application/json" -H "Accept: application/json" -H "X-OpenStack-Nova-API-Version: 2.1" -H "X-Auth-Token: {SHA1}6dfc0db3892ae2988d2ec425e5391b0428cc0e79" -d '{"events": [{"status": "completed", "tag": "4a001037-b106-4535-84c7-f41c0d78ed90", "name": "network-vif-plugged", "server_uuid": "872062e2-a011-4585-b990-9d7e2d600275"}]}' _http_log_request /usr/lib/python2.7/site-packages/keystoneauth1/session.py:375
2018-06-27 22:56:41.072 28615 DEBUG neutron.plugins.ml2.rpc [req-b8e83e74-dcb3-45b8-a9c0-b7fa8210ffa4 - - - - -] Device 4a001037-b106-4535-84c7-f41c0d78ed90 up at agent ovs-agent-localhost.localdomain update_device_up /usr/lib/python2.7/site-packages/neutron/plugins/ml2/rpc.py:244
2018-06-27 22:56:41.235 28615 DEBUG neutron.db.provisioning_blocks [req-b8e83e74-dcb3-45b8-a9c0-b7fa8210ffa4 - - - - -] Provisioning complete for port 4a001037-b106-4535-84c7-f41c0d78ed90 triggered by entity L2. provisioning_complete /usr/lib/python2.7/site-packages/neutron/db/provisioning_blocks.py:138
2018-06-27 22:56:41.236 28615 DEBUG neutron_lib.callbacks.manager [req-b8e83e74-dcb3-45b8-a9c0-b7fa8210ffa4 - - - - -] Notify callbacks ['neutron.plugins.ml2.plugin.Ml2Plugin._port_provisioned-672684'] for port, provisioning_complete _notify_loop /usr/lib/python2.7/site-packages/neutron_lib/callbacks/manager.py:167
2018-06-27 22:56:42.035 28611 DEBUG novaclient.v2.client [-] RESP: [200] Content-Length: 183 Content-Type: application/json Openstack-Api-Version: compute 2.1 X-Openstack-Nova-Api-Version: 2.1 Vary: OpenStack-API-Version, X-OpenStack-Nova-API-Version X-Openstack-Request-Id: req-bc559c0c-913d-49f7-bb7d-c350fc8579bc X-Compute-Request-Id: req-bc559c0c-913d-49f7-bb7d-c350fc8579bc Date: Wed, 27 Jun 2018 20:56:41 GMT Connection: keep-alive 
RESP BODY: {"events": [{"status": "completed", "tag": "4a001037-b106-4535-84c7-f41c0d78ed90", "name": "network-vif-plugged", "server_uuid": "872062e2-a011-4585-b990-9d7e2d600275", "code": 200}]}
 _http_log_response /usr/lib/python2.7/site-packages/keystoneauth1/session.py:423
2018-06-27 22:56:42.036 28611 DEBUG novaclient.v2.client [-] POST call to compute for http://10.0.20.25:8774/v2.1/910acf3b84b64f358e48f506530f7cb1/os-server-external-events used request id req-bc559c0c-913d-49f7-bb7d-c350fc8579bc request /usr/lib/python2.7/site-packages/keystoneauth1/session.py:727
2018-06-27 22:56:42.047 28611 INFO neutron.notifiers.nova [-] Nova event response: {u'status': u'completed', u'tag': u'4a001037-b106-4535-84c7-f41c0d78ed90', u'name': u'network-vif-plugged', u'server_uuid': u'872062e2-a011-4585-b990-9d7e2d600275', u'code': 200}
2018-06-27 22:56:44.049 28611 DEBUG oslo_concurrency.lockutils [-] Lock "notifier-1c8f840c-6cdc-48a5-8028-3128fab12937" released by "neutron.notifiers.batch_notifier.synced_send" :: held 4.302s inner /usr/lib/python2.7/site-packages/oslo_concurrency/lockutils.py:282
2018-06-27 22:56:49.783 28599 INFO neutron.wsgi [req-517a8542-5b17-4b9e-9eed-2a39938d8223 e3a3755130534f2a90489524c659ee05 46cea2f57ace47be8d755f9b72a70acd - 77d0b5f58e6b497aabe5e34707819e68 77d0b5f58e6b497aabe5e34707819e68] 10.0.20.25 "GET /v2.0/ports?device_id=872062e2-a011-4585-b990-9d7e2d600275 HTTP/1.1" status: 200  len: 1124 time: 0.7406209
2018-06-27 22:56:49.997 28599 INFO neutron.wsgi [req-f80b71ed-bdb1-4cb8-a5f1-9518d8c7b9e7 e3a3755130534f2a90489524c659ee05 46cea2f57ace47be8d755f9b72a70acd - 77d0b5f58e6b497aabe5e34707819e68 77d0b5f58e6b497aabe5e34707819e68] 10.0.20.25 "GET /v2.0/security-groups?id=8999b82b-1d4e-4a0e-8fe5-627aeae3209b HTTP/1.1" status: 200  len: 2118 time: 0.2037280
2018-06-27 22:56:52.207 28608 DEBUG neutron_lib.callbacks.manager [req-b36b3415-9347-4657-92c3-c2920ded5d9c - - - - -] Notify callbacks ['neutron.services.segments.db._update_segment_host_mapping_for_agent-8764427075634'] for agent, after_update _notify_loop /usr/lib/python2.7/site-packages/neutron_lib/callbacks/manager.py:167
2018-06-27 22:56:52.249 28606 DEBUG neutron_lib.callbacks.manager [req-b8e83e74-dcb3-45b8-a9c0-b7fa8210ffa4 - - - - -] Notify callbacks ['neutron.services.segments.db._update_segment_host_mapping_for_agent-8764427075634'] for agent, after_update _notify_loop /usr/lib/python2.7/site-packages/neutron_lib/callbacks/manager.py:167
2018-06-27 22:56:52.312 28611 DEBUG neutron_lib.callbacks.manager [req-eade6c38-6960-4143-9af6-d9d140ae1a4f - - - - -] Notify callbacks ['neutron.services.segments.db._update_segment_host_mapping_for_agent-8764427075634'] for agent, after_update _notify_loop /usr/lib/python2.7/site-packages/neutron_lib/callbacks/manager.py:167
2018-06-27 22:56:56.912 28619 DEBUG neutron.db.agents_db [req-8e8a24d9-6b8c-4d16-8832-96f3f5615aea - - - - -] Agent healthcheck: found 5 active agents agent_health_check /usr/lib/python2.7/site-packages/neutron/db/agents_db.py:281
2018-06-27 22:56:59.065 28615 DEBUG neutron_lib.callbacks.manager [req-7c2e0df7-1248-472e-a4fe-037156bb7828 - - - - -] Notify callbacks ['neutron.services.segments.db._update_segment_host_mapping_for_agent-8764427075634'] for agent, after_update _notify_loop /usr/lib/python2.7/site-packages/neutron_lib/callbacks/manager.py:167
2018-06-27 22:57:01.458 28607 DEBUG neutron_lib.callbacks.manager [req-fde7051b-9954-445f-8525-73186f58f67b - - - - -] Notify callbacks ['neutron.services.segments.db._update_segment_host_mapping_for_agent-8764427075634'] for agent, after_update _notify_loop /usr/lib/python2.7/site-packages/neutron_lib/callbacks/manager.py:167
2018-06-27 22:57:04.264 28599 INFO neutron.wsgi [req-c6941276-71e4-414b-b8e9-1f05558d8a5b db7e024eefa34f0d9525ad1ee1475527 910acf3b84b64f358e48f506530f7cb1 - default default] 10.0.20.25 "GET /v2.0/ports?tenant_id=46cea2f57ace47be8d755f9b72a70acd&device_id=872062e2-a011-4585-b990-9d7e2d600275 HTTP/1.1" status: 200  len: 1124 time: 0.1750929
2018-06-27 22:57:04.525 28599 DEBUG neutron.pecan_wsgi.hooks.policy_enforcement [req-6efa8a3d-9f4c-4033-acc1-228d065770b5 db7e024eefa34f0d9525ad1ee1475527 910acf3b84b64f358e48f506530f7cb1 - default default] Attributes excluded by policy engine: [u'vlan_transparent'] _exclude_attributes_by_policy /usr/lib/python2.7/site-packages/neutron/pecan_wsgi/hooks/policy_enforcement.py:256
2018-06-27 22:57:04.529 28599 INFO neutron.wsgi [req-6efa8a3d-9f4c-4033-acc1-228d065770b5 db7e024eefa34f0d9525ad1ee1475527 910acf3b84b64f358e48f506530f7cb1 - default default] 10.0.20.25 "GET /v2.0/networks?id=f5f53a8f-ce8b-4f36-80a7-9bd838b80ff7 HTTP/1.1" status: 200  len: 885 time: 0.2561572
2018-06-27 22:57:04.597 28599 INFO neutron.wsgi [req-79993c5f-2d80-423c-82cb-9be065bbc704 db7e024eefa34f0d9525ad1ee1475527 910acf3b84b64f358e48f506530f7cb1 - default default] 10.0.20.25 "GET /v2.0/floatingips?fixed_ip_address=11.99.1.12&port_id=4a001037-b106-4535-84c7-f41c0d78ed90 HTTP/1.1" status: 200  len: 750 time: 0.0609610
2018-06-27 22:57:04.768 28599 DEBUG neutron.pecan_wsgi.hooks.policy_enforcement [req-239c56f3-d6f6-4bb8-88c1-8523ef3e61cd db7e024eefa34f0d9525ad1ee1475527 910acf3b84b64f358e48f506530f7cb1 - default default] Attributes excluded by policy engine: [u'shared'] _exclude_attributes_by_policy /usr/lib/python2.7/site-packages/neutron/pecan_wsgi/hooks/policy_enforcement.py:256
2018-06-27 22:57:04.771 28599 INFO neutron.wsgi [req-239c56f3-d6f6-4bb8-88c1-8523ef3e61cd db7e024eefa34f0d9525ad1ee1475527 910acf3b84b64f358e48f506530f7cb1 - default default] 10.0.20.25 "GET /v2.0/subnets?id=5052da3a-9fae-473f-bee2-235c1f0b5750 HTTP/1.1" status: 200  len: 843 time: 0.1643050
2018-06-27 22:57:04.931 28599 INFO neutron.wsgi [req-aba03486-ec60-4cd2-8a42-1025c4c66986 db7e024eefa34f0d9525ad1ee1475527 910acf3b84b64f358e48f506530f7cb1 - default default] 10.0.20.25 "GET /v2.0/ports?network_id=f5f53a8f-ce8b-4f36-80a7-9bd838b80ff7&device_owner=network%3Adhcp HTTP/1.1" status: 200  len: 1127 time: 0.1539450
2018-06-27 22:57:09.802 28603 INFO neutron.wsgi [req-19176814-284f-4545-8274-3abc63ea461e db7e024eefa34f0d9525ad1ee1475527 910acf3b84b64f358e48f506530f7cb1 - default default] 10.0.20.25 "GET /v2.0/ports?device_id=872062e2-a011-4585-b990-9d7e2d600275 HTTP/1.1" status: 200  len: 1124 time: 0.1749241
2018-06-27 22:57:09.958 28603 INFO neutron.wsgi [req-2ab09636-c808-4070-ae19-4e49b97d837f db7e024eefa34f0d9525ad1ee1475527 910acf3b84b64f358e48f506530f7cb1 - default default] 10.0.20.25 "GET /v2.0/security-groups?id=8999b82b-1d4e-4a0e-8fe5-627aeae3209b HTTP/1.1" status: 200  len: 2118 time: 0.1464760
2018-06-27 22:57:10.908 28599 INFO neutron.wsgi [req-509c79fa-e110-41b5-8007-d9c922a4d6c9 db7e024eefa34f0d9525ad1ee1475527 910acf3b84b64f358e48f506530f7cb1 - default default] 10.0.20.25 "GET /v2.0/ports?device_id=872062e2-a011-4585-b990-9d7e2d600275 HTTP/1.1" status: 200  len: 1124 time: 0.1909082
2018-06-27 22:57:11.076 28599 INFO neutron.wsgi [req-0a392aa6-aa74-4c39-b416-11d7d4730c90 db7e024eefa34f0d9525ad1ee1475527 910acf3b84b64f358e48f506530f7cb1 - default default] 10.0.20.25 "GET /v2.0/security-groups?id=8999b82b-1d4e-4a0e-8fe5-627aeae3209b HTTP/1.1" status: 200  len: 2118 time: 0.1557009
2018-06-27 22:57:12.037 28603 INFO neutron.wsgi [req-97a02762-7e96-4668-aa89-99bfcb9eaa8e db7e024eefa34f0d9525ad1ee1475527 910acf3b84b64f358e48f506530f7cb1 - default default] 10.0.20.25 "GET /v2.0/ports?device_id=872062e2-a011-4585-b990-9d7e2d600275 HTTP/1.1" status: 200  len: 1124 time: 0.1446860
2018-06-27 22:57:12.182 28603 INFO neutron.wsgi [req-1cdfd18a-1343-487e-962f-ff78b4031ace db7e024eefa34f0d9525ad1ee1475527 910acf3b84b64f358e48f506530f7cb1 - default default] 10.0.20.25 "GET /v2.0/security-groups?id=8999b82b-1d4e-4a0e-8fe5-627aeae3209b HTTP/1.1" status: 200  len: 2118 time: 0.1350930
2018-06-27 22:57:16.159 28601 DEBUG neutron.wsgi [-] (28601) accepted ('10.0.20.25', 45780) server /usr/lib/python2.7/site-packages/eventlet/wsgi.py:883
2018-06-27 22:57:16.822 28601 INFO neutron.wsgi [req-73fb34e5-2d8f-4c6b-a855-6f71d27a454d db7e024eefa34f0d9525ad1ee1475527 910acf3b84b64f358e48f506530f7cb1 - default default] 10.0.20.25 "GET /v2.0/ports?device_id=872062e2-a011-4585-b990-9d7e2d600275 HTTP/1.1" status: 200  len: 1124 time: 0.6611221
2018-06-27 22:57:16.993 28601 INFO neutron.wsgi [req-bf09c743-6a19-47dd-9e32-a814d5ec078e db7e024eefa34f0d9525ad1ee1475527 910acf3b84b64f358e48f506530f7cb1 - default default] 10.0.20.25 "GET /v2.0/security-groups?id=8999b82b-1d4e-4a0e-8fe5-627aeae3209b HTTP/1.1" status: 200  len: 2118 time: 0.1366541
2018-06-27 22:57:19.796 28603 INFO neutron.wsgi [req-8b1752a3-b096-44e1-bcef-4edb1b0668df db7e024eefa34f0d9525ad1ee1475527 910acf3b84b64f358e48f506530f7cb1 - default default] 10.0.20.25 "GET /v2.0/ports?device_id=872062e2-a011-4585-b990-9d7e2d600275 HTTP/1.1" status: 200  len: 1124 time: 0.1603820
2018-06-27 22:57:19.973 28603 INFO neutron.wsgi [req-39a768c4-82ed-4fa8-b1d3-68db4d6c68cd db7e024eefa34f0d9525ad1ee1475527 910acf3b84b64f358e48f506530f7cb1 - default default] 10.0.20.25 "GET /v2.0/security-groups?id=8999b82b-1d4e-4a0e-8fe5-627aeae3209b HTTP/1.1" status: 200  len: 2118 time: 0.1655879
2018-06-27 22:57:22.221 28618 DEBUG neutron_lib.callbacks.manager [req-b36b3415-9347-4657-92c3-c2920ded5d9c - - - - -] Notify callbacks ['neutron.services.segments.db._update_segment_host_mapping_for_agent-8764427075634'] for agent, after_update _notify_loop /usr/lib/python2.7/site-packages/neutron_lib/callbacks/manager.py:167
2018-06-27 22:57:22.234 28605 DEBUG neutron_lib.callbacks.manager [req-b8e83e74-dcb3-45b8-a9c0-b7fa8210ffa4 - - - - -] Notify callbacks ['neutron.services.segments.db._update_segment_host_mapping_for_agent-8764427075634'] for agent, after_update _notify_loop /usr/lib/python2.7/site-packages/neutron_lib/callbacks/manager.py:167
2018-06-27 22:57:22.315 28604 DEBUG neutron_lib.callbacks.manager [req-eade6c38-6960-4143-9af6-d9d140ae1a4f - - - - -] Notify callbacks ['neutron.services.segments.db._update_segment_host_mapping_for_agent-8764427075634'] for agent, after_update _notify_loop /usr/lib/python2.7/site-packages/neutron_lib/callbacks/manager.py:167
2018-06-27 22:57:22.976 28601 DEBUG neutron.wsgi [-] (28601) accepted ('10.0.20.25', 45834) server /usr/lib/python2.7/site-packages/eventlet/wsgi.py:883
2018-06-27 22:57:23.627 28601 INFO neutron.wsgi [req-f3f1e5d9-41ac-43f4-a1c0-57c78f6748c6 db7e024eefa34f0d9525ad1ee1475527 910acf3b84b64f358e48f506530f7cb1 - default default] 10.0.20.25 "GET /v2.0/ports?device_id=872062e2-a011-4585-b990-9d7e2d600275 HTTP/1.1" status: 200  len: 1124 time: 0.6481118
2018-06-27 22:57:23.799 28601 INFO neutron.wsgi [req-a7ff2b8f-be2d-498b-879b-b382b35ea3b2 db7e024eefa34f0d9525ad1ee1475527 910acf3b84b64f358e48f506530f7cb1 - default default] 10.0.20.25 "GET /v2.0/security-groups?id=8999b82b-1d4e-4a0e-8fe5-627aeae3209b HTTP/1.1" status: 200  len: 2118 time: 0.1385961
2018-06-27 22:57:24.622 28603 INFO neutron.wsgi [req-9e4700c2-3f9e-4693-be3e-1bcce648a16e db7e024eefa34f0d9525ad1ee1475527 910acf3b84b64f358e48f506530f7cb1 - default default] 10.0.20.25 "GET /v2.0/ports?device_id=872062e2-a011-4585-b990-9d7e2d600275 HTTP/1.1" status: 200  len: 1124 time: 0.1366470
2018-06-27 22:57:24.765 28603 INFO neutron.wsgi [req-be102c48-fd78-44fa-858a-95c822e9d6ea db7e024eefa34f0d9525ad1ee1475527 910acf3b84b64f358e48f506530f7cb1 - default default] 10.0.20.25 "GET /v2.0/security-groups?id=8999b82b-1d4e-4a0e-8fe5-627aeae3209b HTTP/1.1" status: 200  len: 2118 time: 0.1371980
2018-06-27 22:57:29.061 28617 DEBUG neutron_lib.callbacks.manager [req-d6ee0d8a-c5c8-4cb1-ad2a-0a4d7010ab6f - - - - -] Notify callbacks ['neutron.services.segments.db._update_segment_host_mapping_for_agent-8764427075634'] for agent, after_update _notify_loop /usr/lib/python2.7/site-packages/neutron_lib/callbacks/manager.py:167
2018-06-27 22:57:31.426 28608 DEBUG neutron_lib.callbacks.manager [req-799bdece-d05a-4f2b-a46d-05e62a4406a3 - - - - -] Notify callbacks ['neutron.services.segments.db._update_segment_host_mapping_for_agent-8764427075634'] for agent, after_update _notify_loop /usr/lib/python2.7/site-packages/neutron_lib/callbacks/manager.py:167
2018-06-27 22:57:33.911 28619 DEBUG neutron.db.agents_db [req-8e8a24d9-6b8c-4d16-8832-96f3f5615aea - - - - -] Agent healthcheck: found 5 active agents agent_health_check /usr/lib/python2.7/site-packages/neutron/db/agents_db.py:281
2018-06-27 22:57:49.041 28598 DEBUG neutron.wsgi [-] (28598) accepted ('10.0.20.25', 46894) server /usr/lib/python2.7/site-packages/eventlet/wsgi.py:883
2018-06-27 22:57:49.053 28598 INFO neutron.wsgi [-] 10.0.20.25 "GET / HTTP/1.1" status: 200  len: 252 time: 0.0074949
2018-06-27 22:57:49.641 28598 INFO neutron.api.v2.resource [req-165812dc-0132-4775-9fef-36cfe2c766d8 e3a3755130534f2a90489524c659ee05 46cea2f57ace47be8d755f9b72a70acd - 77d0b5f58e6b497aabe5e34707819e68 77d0b5f58e6b497aabe5e34707819e68] show failed (client error): The resource could not be found.
2018-06-27 22:57:49.643 28598 INFO neutron.wsgi [req-165812dc-0132-4775-9fef-36cfe2c766d8 e3a3755130534f2a90489524c659ee05 46cea2f57ace47be8d755f9b72a70acd - 77d0b5f58e6b497aabe5e34707819e68 77d0b5f58e6b497aabe5e34707819e68] 10.0.20.25 "GET /v2.0/floatingips/172.24.4.7 HTTP/1.1" status: 404  len: 325 time: 0.5813479
2018-06-27 22:57:49.722 28598 INFO neutron.wsgi [req-78a3f416-8f24-46e8-8bf5-85fd2c41ab06 e3a3755130534f2a90489524c659ee05 46cea2f57ace47be8d755f9b72a70acd - 77d0b5f58e6b497aabe5e34707819e68 77d0b5f58e6b497aabe5e34707819e68] 10.0.20.25 "GET /v2.0/floatingips HTTP/1.1" status: 200  len: 750 time: 0.0705149
2018-06-27 22:57:49.905 28598 DEBUG neutron.plugins.ml2.plugin [req-2c05c513-e8e7-46e9-ae1a-ec8eaa09a0a6 e3a3755130534f2a90489524c659ee05 46cea2f57ace47be8d755f9b72a70acd - 77d0b5f58e6b497aabe5e34707819e68 77d0b5f58e6b497aabe5e34707819e68] Deleting port 83d743c8-1dfe-45c5-8f34-4c33b47d18b9 _pre_delete_port /usr/lib/python2.7/site-packages/neutron/plugins/ml2/plugin.py:1488
2018-06-27 22:57:49.907 28598 DEBUG neutron_lib.callbacks.manager [req-2c05c513-e8e7-46e9-ae1a-ec8eaa09a0a6 e3a3755130534f2a90489524c659ee05 46cea2f57ace47be8d755f9b72a70acd - 77d0b5f58e6b497aabe5e34707819e68 77d0b5f58e6b497aabe5e34707819e68] Notify callbacks ['neutron.db.l3_db._prevent_l3_port_delete_callback-8764427276518'] for port, before_delete _notify_loop /usr/lib/python2.7/site-packages/neutron_lib/callbacks/manager.py:167
2018-06-27 22:57:50.458 28598 DEBUG neutron.plugins.ml2.plugin [req-2c05c513-e8e7-46e9-ae1a-ec8eaa09a0a6 e3a3755130534f2a90489524c659ee05 46cea2f57ace47be8d755f9b72a70acd - 77d0b5f58e6b497aabe5e34707819e68 77d0b5f58e6b497aabe5e34707819e68] Calling delete_port for 83d743c8-1dfe-45c5-8f34-4c33b47d18b9 owned by network:floatingip delete_port /usr/lib/python2.7/site-packages/neutron/plugins/ml2/plugin.py:1547
2018-06-27 22:57:50.953 28598 DEBUG neutron_lib.callbacks.manager [req-2c05c513-e8e7-46e9-ae1a-ec8eaa09a0a6 e3a3755130534f2a90489524c659ee05 46cea2f57ace47be8d755f9b72a70acd - 77d0b5f58e6b497aabe5e34707819e68 77d0b5f58e6b497aabe5e34707819e68] Notify callbacks ['neutron.db.l3_dvrscheduler_db._notify_port_delete--9223363272428062046', 'neutron.api.rpc.agentnotifiers.dhcp_rpc_agent_api.DhcpAgentNotifyAPI._native_event_send_dhcp_notification-2079775', 'neutron.plugins.ml2.plugin.Ml2Plugin.notify_sg_on_port_change-964061', 'neutron.db.l3_db._notify_routers_callback--9223363272427521600', 'neutron.plugins.ml2.ovo_rpc._ObjectChangeHandler.handle_event-1691942'] for port, after_delete _notify_loop /usr/lib/python2.7/site-packages/neutron_lib/callbacks/manager.py:167
2018-06-27 22:57:51.803 28598 DEBUG oslo_concurrency.lockutils [-] Lock "event-dispatch" acquired by "neutron.plugins.ml2.ovo_rpc.dispatch_events" :: waited 0.001s inner /usr/lib/python2.7/site-packages/oslo_concurrency/lockutils.py:270
2018-06-27 22:57:51.902 28598 DEBUG neutron.api.rpc.handlers.resources_rpc [req-2c05c513-e8e7-46e9-ae1a-ec8eaa09a0a6 e3a3755130534f2a90489524c659ee05 46cea2f57ace47be8d755f9b72a70acd - - -] neutron.api.rpc.handlers.resources_rpc.ResourcesPushRpcApi method push called with arguments (<neutron_lib.context.Context object at 0x7f8a07bbcd50>, [Port(admin_state_up=<?>,allowed_address_pairs=<?>,binding=<?>,binding_levels=<?>,created_at=<?>,data_plane_status=<?>,description=<?>,device_id=<?>,device_owner=<?>,dhcp_options=<?>,distributed_binding=<?>,dns=<?>,fixed_ips=<?>,id=83d743c8-1dfe-45c5-8f34-4c33b47d18b9,mac_address=<?>,name=<?>,network_id=<?>,project_id=<?>,qos_policy_id=None,revision_number=<?>,security=<?>,security_group_ids=None,status=<?>,updated_at=<?>)], 'deleted') {} wrapper /usr/lib/python2.7/site-packages/oslo_log/helpers.py:66
2018-06-27 22:57:52.052 28598 DEBUG neutron.api.rpc.callbacks.version_manager [req-2c05c513-e8e7-46e9-ae1a-ec8eaa09a0a6 e3a3755130534f2a90489524c659ee05 46cea2f57ace47be8d755f9b72a70acd - - -] Version for resource type Subnet changed None to 1.0 on consumer Open vSwitch agent@localhost.localdomain _set_version /usr/lib/python2.7/site-packages/neutron/api/rpc/callbacks/version_manager.py:119
2018-06-27 22:57:52.053 28598 DEBUG neutron.api.rpc.callbacks.version_manager [req-2c05c513-e8e7-46e9-ae1a-ec8eaa09a0a6 e3a3755130534f2a90489524c659ee05 46cea2f57ace47be8d755f9b72a70acd - - -] Version for resource type Network changed None to 1.0 on consumer Open vSwitch agent@localhost.localdomain _set_version /usr/lib/python2.7/site-packages/neutron/api/rpc/callbacks/version_manager.py:119
2018-06-27 22:57:52.054 28598 DEBUG neutron.api.rpc.callbacks.version_manager [req-2c05c513-e8e7-46e9-ae1a-ec8eaa09a0a6 e3a3755130534f2a90489524c659ee05 46cea2f57ace47be8d755f9b72a70acd - - -] Version for resource type SubPort changed None to 1.0 on consumer Open vSwitch agent@localhost.localdomain _set_version /usr/lib/python2.7/site-packages/neutron/api/rpc/callbacks/version_manager.py:119
2018-06-27 22:57:52.054 28598 DEBUG neutron.api.rpc.callbacks.version_manager [req-2c05c513-e8e7-46e9-ae1a-ec8eaa09a0a6 e3a3755130534f2a90489524c659ee05 46cea2f57ace47be8d755f9b72a70acd - - -] Version for resource type SecurityGroup changed None to 1.0 on consumer Open vSwitch agent@localhost.localdomain _set_version /usr/lib/python2.7/site-packages/neutron/api/rpc/callbacks/version_manager.py:119
2018-06-27 22:57:52.055 28598 DEBUG neutron.api.rpc.callbacks.version_manager [req-2c05c513-e8e7-46e9-ae1a-ec8eaa09a0a6 e3a3755130534f2a90489524c659ee05 46cea2f57ace47be8d755f9b72a70acd - - -] Version for resource type SecurityGroupRule changed None to 1.0 on consumer Open vSwitch agent@localhost.localdomain _set_version /usr/lib/python2.7/site-packages/neutron/api/rpc/callbacks/version_manager.py:119
2018-06-27 22:57:52.056 28598 DEBUG neutron.api.rpc.callbacks.version_manager [req-2c05c513-e8e7-46e9-ae1a-ec8eaa09a0a6 e3a3755130534f2a90489524c659ee05 46cea2f57ace47be8d755f9b72a70acd - - -] Version for resource type Trunk changed None to 1.1 on consumer Open vSwitch agent@localhost.localdomain _set_version /usr/lib/python2.7/site-packages/neutron/api/rpc/callbacks/version_manager.py:119
2018-06-27 22:57:52.056 28598 DEBUG neutron.api.rpc.callbacks.version_manager [req-2c05c513-e8e7-46e9-ae1a-ec8eaa09a0a6 e3a3755130534f2a90489524c659ee05 46cea2f57ace47be8d755f9b72a70acd - - -] Version for resource type QosPolicy changed None to 1.6 on consumer Open vSwitch agent@localhost.localdomain _set_version /usr/lib/python2.7/site-packages/neutron/api/rpc/callbacks/version_manager.py:119
2018-06-27 22:57:52.057 28598 DEBUG neutron.api.rpc.callbacks.version_manager [req-2c05c513-e8e7-46e9-ae1a-ec8eaa09a0a6 e3a3755130534f2a90489524c659ee05 46cea2f57ace47be8d755f9b72a70acd - - -] Version for resource type Port changed None to 1.1 on consumer Open vSwitch agent@localhost.localdomain _set_version /usr/lib/python2.7/site-packages/neutron/api/rpc/callbacks/version_manager.py:119
2018-06-27 22:57:52.058 28598 DEBUG neutron.api.rpc.callbacks.version_manager [req-2c05c513-e8e7-46e9-ae1a-ec8eaa09a0a6 e3a3755130534f2a90489524c659ee05 46cea2f57ace47be8d755f9b72a70acd - - -] Version for resource type Log changed None to 1.0 on consumer Open vSwitch agent@localhost.localdomain _set_version /usr/lib/python2.7/site-packages/neutron/api/rpc/callbacks/version_manager.py:119
2018-06-27 22:57:52.061 28598 DEBUG neutron.api.rpc.callbacks.version_manager [req-2c05c513-e8e7-46e9-ae1a-ec8eaa09a0a6 e3a3755130534f2a90489524c659ee05 46cea2f57ace47be8d755f9b72a70acd - - -] Tracked resource versions report:
pushed versions:
{   'Log': set(['1.0']),
    'Network': set(['1.0']),
    'Port': set(['1.1']),
    'QosPolicy': set(['1.6']),
    'SecurityGroup': set(['1.0']),
    'SecurityGroupRule': set(['1.0']),
    'SubPort': set(['1.0']),
    'Subnet': set(['1.0']),
    'Trunk': set(['1.1'])}

consumer versions:
{   DHCP agent@localhost.localdomain: {   },
    L3 agent@localhost.localdomain: {   },
    Metadata agent@localhost.localdomain: {   },
    Metering agent@localhost.localdomain: {   },
    Open vSwitch agent@localhost.localdomain: {   u'Log': u'1.0',
                                                  u'Network': u'1.0',
                                                  u'Port': u'1.1',
                                                  u'QosPolicy': u'1.6',
                                                  u'SecurityGroup': u'1.0',
                                                  u'SecurityGroupRule': u'1.0',
                                                  u'SubPort': u'1.0',
                                                  u'Subnet': u'1.0',
                                                  u'Trunk': u'1.1'}}
 report /usr/lib/python2.7/site-packages/neutron/api/rpc/callbacks/version_manager.py:178
2018-06-27 22:57:52.106 28598 DEBUG oslo_concurrency.lockutils [req-2c05c513-e8e7-46e9-ae1a-ec8eaa09a0a6 e3a3755130534f2a90489524c659ee05 46cea2f57ace47be8d755f9b72a70acd - - -] Lock "event-dispatch" released by "neutron.plugins.ml2.ovo_rpc.dispatch_events" :: held 0.304s inner /usr/lib/python2.7/site-packages/oslo_concurrency/lockutils.py:282
2018-06-27 22:57:52.204 28606 DEBUG neutron_lib.callbacks.manager [req-b36b3415-9347-4657-92c3-c2920ded5d9c - - - - -] Notify callbacks ['neutron.services.segments.db._update_segment_host_mapping_for_agent-8764427075634'] for agent, after_update _notify_loop /usr/lib/python2.7/site-packages/neutron_lib/callbacks/manager.py:167
2018-06-27 22:57:52.231 28611 DEBUG neutron_lib.callbacks.manager [req-b8e83e74-dcb3-45b8-a9c0-b7fa8210ffa4 - - - - -] Notify callbacks ['neutron.services.segments.db._update_segment_host_mapping_for_agent-8764427075634'] for agent, after_update _notify_loop /usr/lib/python2.7/site-packages/neutron_lib/callbacks/manager.py:167
2018-06-27 22:57:52.319 28615 DEBUG neutron_lib.callbacks.manager [req-eade6c38-6960-4143-9af6-d9d140ae1a4f - - - - -] Notify callbacks ['neutron.services.segments.db._update_segment_host_mapping_for_agent-8764427075634'] for agent, after_update _notify_loop /usr/lib/python2.7/site-packages/neutron_lib/callbacks/manager.py:167
2018-06-27 22:57:52.413 28598 DEBUG neutron.scheduler.l3_agent_scheduler [req-2c05c513-e8e7-46e9-ae1a-ec8eaa09a0a6 e3a3755130534f2a90489524c659ee05 46cea2f57ace47be8d755f9b72a70acd - 77d0b5f58e6b497aabe5e34707819e68 77d0b5f58e6b497aabe5e34707819e68] Router 9abc5d35-6c9b-4785-81da-6d6a550d9dda has already been hosted by L3 agent 9de63611-f1b0-4194-a76c-11d015d282db _get_candidates /usr/lib/python2.7/site-packages/neutron/scheduler/l3_agent_scheduler.py:141
2018-06-27 22:57:52.641 28598 DEBUG neutron.api.rpc.agentnotifiers.l3_rpc_agent_api [req-2c05c513-e8e7-46e9-ae1a-ec8eaa09a0a6 e3a3755130534f2a90489524c659ee05 46cea2f57ace47be8d755f9b72a70acd - 77d0b5f58e6b497aabe5e34707819e68 77d0b5f58e6b497aabe5e34707819e68] Notify agent at l3_agent.localhost.localdomain the message routers_updated _agent_notification /usr/lib/python2.7/site-packages/neutron/api/rpc/agentnotifiers/l3_rpc_agent_api.py:69
2018-06-27 22:57:52.689 28598 DEBUG neutron.quota.resource [req-2c05c513-e8e7-46e9-ae1a-ec8eaa09a0a6 e3a3755130534f2a90489524c659ee05 46cea2f57ace47be8d755f9b72a70acd - 77d0b5f58e6b497aabe5e34707819e68 77d0b5f58e6b497aabe5e34707819e68] Persisted dirty status for tenant:46cea2f57ace47be8d755f9b72a70acd on resource:floatingip mark_dirty /usr/lib/python2.7/site-packages/neutron/quota/resource.py:207
2018-06-27 22:57:52.701 28606 DEBUG neutron.db.l3_hamode_db [req-d0591a2a-1f26-4d11-8434-e8baf8a4b52c - - - - -] neutron.services.l3_router.l3_router_plugin.L3RouterPlugin method get_ha_sync_data_for_host called with arguments (<neutron_lib.context.Context object at 0x7f8a07f03950>, u'localhost.localdomain', <neutron.db.models.agent.Agent[object at 7f8a07f1bc90] {id=u'9de63611-f1b0-4194-a76c-11d015d282db', agent_type=u'L3 agent', binary=u'neutron-l3-agent', topic=u'l3_agent', host=u'localhost.localdomain', availability_zone=u'nova', admin_state_up=True, created_at=datetime.datetime(2018, 6, 7, 12, 43, 41), started_at=datetime.datetime(2018, 6, 27, 20, 43, 1), heartbeat_timestamp=datetime.datetime(2018, 6, 27, 20, 57, 31), description=None, configurations=u'{"agent_mode": "legacy", "gateway_external_network_id": "", "handle_internal_only_routers": true, "routers": 2, "interfaces": 2, "floating_ips": 1, "interface_driver": "neutron.agent.linux.interface.OVSInterfaceDriver", "log_agent_heartbeats": false, "external_network_bridge": "", "ex_gw_ports": 2}', resource_versions=None, load=0}>) {'active': True, 'router_ids': ['9abc5d35-6c9b-4785-81da-6d6a550d9dda']} wrapper /usr/lib/python2.7/site-packages/oslo_log/helpers.py:66
2018-06-27 22:57:52.708 28598 DEBUG neutron.quota.resource [req-2c05c513-e8e7-46e9-ae1a-ec8eaa09a0a6 e3a3755130534f2a90489524c659ee05 46cea2f57ace47be8d755f9b72a70acd - 77d0b5f58e6b497aabe5e34707819e68 77d0b5f58e6b497aabe5e34707819e68] Persisted dirty status for tenant: on resource:port mark_dirty /usr/lib/python2.7/site-packages/neutron/quota/resource.py:207
2018-06-27 22:57:52.715 28598 DEBUG neutron_lib.callbacks.manager [req-2c05c513-e8e7-46e9-ae1a-ec8eaa09a0a6 e3a3755130534f2a90489524c659ee05 46cea2f57ace47be8d755f9b72a70acd - 77d0b5f58e6b497aabe5e34707819e68 77d0b5f58e6b497aabe5e34707819e68] Notify callbacks ['neutron.notifiers.nova.Notifier._send_nova_notification--9223372036854712616'] for floatingip, before_response _notify_loop /usr/lib/python2.7/site-packages/neutron_lib/callbacks/manager.py:167
2018-06-27 22:57:52.824 28598 INFO neutron.wsgi [req-2c05c513-e8e7-46e9-ae1a-ec8eaa09a0a6 e3a3755130534f2a90489524c659ee05 46cea2f57ace47be8d755f9b72a70acd - 77d0b5f58e6b497aabe5e34707819e68 77d0b5f58e6b497aabe5e34707819e68] 10.0.20.25 "DELETE /v2.0/floatingips/f4244449-045e-4f29-ba8f-5c70fd5bef48 HTTP/1.1" status: 204  len: 173 time: 3.0914040
2018-06-27 22:57:52.837 28598 DEBUG oslo_concurrency.lockutils [-] Lock "notifier-1c8f840c-6cdc-48a5-8028-3128fab12937" acquired by "neutron.notifiers.batch_notifier.synced_send" :: waited 0.000s inner /usr/lib/python2.7/site-packages/oslo_concurrency/lockutils.py:270
2018-06-27 22:57:52.838 28598 DEBUG neutron.notifiers.nova [-] Sending events: [{'tag': u'4a001037-b106-4535-84c7-f41c0d78ed90', 'name': 'network-changed', 'server_uuid': u'872062e2-a011-4585-b990-9d7e2d600275'}] send_events /usr/lib/python2.7/site-packages/neutron/notifiers/nova.py:242
2018-06-27 22:57:53.628 28606 DEBUG neutron.db.l3_hamode_db [req-d0591a2a-1f26-4d11-8434-e8baf8a4b52c - - - - -] neutron.services.l3_router.l3_router_plugin.L3RouterPlugin method _process_sync_ha_data called with arguments (<neutron_lib.context.Context object at 0x7f8a07f03950>, [{'status': u'ACTIVE', '_interfaces': [{'status': u'ACTIVE', 'subnets': [{'dns_nameservers': [u'8.8.4.4'], 'ipv6_ra_mode': None, 'gateway_ip': u'11.99.1.1', 'cidr': u'11.99.1.0/24', 'id': u'5052da3a-9fae-473f-bee2-235c1f0b5750', 'subnetpool_id': None}], 'binding:host_id': u'localhost.localdomain', 'description': u'', 'allowed_address_pairs': [], 'tags': [], 'extra_dhcp_opts': [], 'updated_at': '2018-06-27T20:52:15Z', 'device_owner': u'network:router_interface', 'revision_number': 7, 'port_security_enabled': False, 'binding:profile': {}, 'mtu': 1450, 'fixed_ips': [{'subnet_id': u'5052da3a-9fae-473f-bee2-235c1f0b5750', 'prefixlen': 24, 'ip_address': u'11.99.1.1'}], 'id': u'2fab3e8e-b208-4fa9-b66b-f30246433a35', 'security_groups': [], 'device_id': u'9abc5d35-6c9b-4785-81da-6d6a550d9dda', 'name': u'', 'admin_state_up': True, 'network_id': u'f5f53a8f-ce8b-4f36-80a7-9bd838b80ff7', 'tenant_id': u'46cea2f57ace47be8d755f9b72a70acd', 'binding:vif_details': {u'port_filter': True, u'datapath_type': u'system', u'ovs_hybrid_plug': True}, 'address_scopes': {4: None, 6: None}, 'binding:vnic_type': u'normal', 'binding:vif_type': u'ovs', 'mac_address': u'fa:16:3e:6d:42:a3', 'project_id': u'46cea2f57ace47be8d755f9b72a70acd', 'extra_subnets': [], 'created_at': '2018-06-27T20:52:07Z'}], 'enable_snat': True, 'ha_vr_id': 0, 'description': u'', 'tags': [], 'gw_port': {'status': u'ACTIVE', 'subnets': [{'dns_nameservers': [], 'ipv6_ra_mode': None, 'gateway_ip': u'172.24.4.1', 'cidr': u'172.24.4.0/24', 'id': u'4c4b2f34-8d32-4a55-b583-46e460575449', 'subnetpool_id': None}], 'binding:host_id': u'localhost.localdomain', 'description': u'', 'allowed_address_pairs': [], 'tags': [], 'extra_dhcp_opts': [], 'updated_at': '2018-06-27T20:52:29Z', 'device_owner': u'network:router_gateway', 'revision_number': 6, 'port_security_enabled': False, 'binding:profile': {}, 'mtu': 1500, 'fixed_ips': [{'subnet_id': u'4c4b2f34-8d32-4a55-b583-46e460575449', 'prefixlen': 24, 'ip_address': u'172.24.4.3'}], 'id': u'2a78389e-e09c-4ece-8afd-4e820830270c', 'security_groups': [], 'device_id': u'9abc5d35-6c9b-4785-81da-6d6a550d9dda', 'name': u'', 'admin_state_up': True, 'network_id': u'bccef923-8280-488c-84aa-955d7841d8ff', 'tenant_id': u'', 'binding:vif_details': {u'port_filter': True, u'datapath_type': u'system', u'ovs_hybrid_plug': True}, 'address_scopes': {4: None, 6: None}, 'binding:vnic_type': u'normal', 'binding:vif_type': u'ovs', 'mac_address': u'fa:16:3e:92:a4:a1', 'project_id': u'', 'extra_subnets': [], 'created_at': '2018-06-27T20:52:21Z'}, 'updated_at': '2018-06-27T20:52:23Z', 'revision_number': 4, 'ha': False, 'id': u'9abc5d35-6c9b-4785-81da-6d6a550d9dda', 'gw_port_host': u'localhost.localdomain', 'external_gateway_info': {'network_id': u'bccef923-8280-488c-84aa-955d7841d8ff', 'enable_snat': True, 'external_fixed_ips': [{'subnet_id': u'4c4b2f34-8d32-4a55-b583-46e460575449', 'ip_address': u'172.24.4.3'}]}, 'availability_zone_hints': [], 'availability_zones': [u'nova'], 'name': u'tempest-router-1530132526', 'gw_port_id': u'2a78389e-e09c-4ece-8afd-4e820830270c', 'admin_state_up': True, 'tenant_id': u'46cea2f57ace47be8d755f9b72a70acd', 'created_at': '2018-06-27T20:51:47Z', 'distributed': False, 'flavor_id': None, 'routes': [], 'project_id': u'46cea2f57ace47be8d755f9b72a70acd'}], u'localhost.localdomain', False) {} wrapper /usr/lib/python2.7/site-packages/oslo_log/helpers.py:66
2018-06-27 22:57:53.643 28606 DEBUG neutron.api.rpc.handlers.l3_rpc [req-d0591a2a-1f26-4d11-8434-e8baf8a4b52c - - - - -] Checking router: 9abc5d35-6c9b-4785-81da-6d6a550d9dda for host: localhost.localdomain _ensure_host_set_on_ports /usr/lib/python2.7/site-packages/neutron/api/rpc/handlers/l3_rpc.py:135
2018-06-27 22:57:53.877 28619 DEBUG neutron.api.rpc.handlers.l3_rpc [req-25ac0021-1ce0-4949-aed3-aa099e005ca5 - - - - -] New status for floating IP f4244449-045e-4f29-ba8f-5c70fd5bef48: DOWN update_floatingip_statuses /usr/lib/python2.7/site-packages/neutron/api/rpc/handlers/l3_rpc.py:252
2018-06-27 22:57:54.449 28598 DEBUG novaclient.v2.client [-] REQ: curl -g -i -X POST http://10.0.20.25:8774/v2.1/910acf3b84b64f358e48f506530f7cb1/os-server-external-events -H "User-Agent: python-novaclient" -H "Content-Type: application/json" -H "Accept: application/json" -H "X-OpenStack-Nova-API-Version: 2.1" -H "X-Auth-Token: {SHA1}d2dbb41eeb63cf5b80f0c24914cf831269b11c84" -d '{"events": [{"tag": "4a001037-b106-4535-84c7-f41c0d78ed90", "name": "network-changed", "server_uuid": "872062e2-a011-4585-b990-9d7e2d600275"}]}' _http_log_request /usr/lib/python2.7/site-packages/keystoneauth1/session.py:375
2018-06-27 22:57:55.222 28598 DEBUG novaclient.v2.client [-] RESP: [200] Content-Length: 179 Content-Type: application/json Openstack-Api-Version: compute 2.1 X-Openstack-Nova-Api-Version: 2.1 Vary: OpenStack-API-Version, X-OpenStack-Nova-API-Version X-Openstack-Request-Id: req-66b73df8-1821-4731-b868-1da3a143e545 X-Compute-Request-Id: req-66b73df8-1821-4731-b868-1da3a143e545 Date: Wed, 27 Jun 2018 20:57:55 GMT Connection: keep-alive 
RESP BODY: {"events": [{"status": "completed", "tag": "4a001037-b106-4535-84c7-f41c0d78ed90", "name": "network-changed", "server_uuid": "872062e2-a011-4585-b990-9d7e2d600275", "code": 200}]}
 _http_log_response /usr/lib/python2.7/site-packages/keystoneauth1/session.py:423
2018-06-27 22:57:55.223 28598 DEBUG novaclient.v2.client [-] POST call to compute for http://10.0.20.25:8774/v2.1/910acf3b84b64f358e48f506530f7cb1/os-server-external-events used request id req-66b73df8-1821-4731-b868-1da3a143e545 request /usr/lib/python2.7/site-packages/keystoneauth1/session.py:727
2018-06-27 22:57:55.236 28598 INFO neutron.notifiers.nova [-] Nova event response: {u'status': u'completed', u'tag': u'4a001037-b106-4535-84c7-f41c0d78ed90', u'name': u'network-changed', u'server_uuid': u'872062e2-a011-4585-b990-9d7e2d600275', u'code': 200}
2018-06-27 22:57:55.800 28599 INFO neutron.wsgi [req-9133ca62-a45e-4b8b-ba99-4f1344e06bf5 db7e024eefa34f0d9525ad1ee1475527 910acf3b84b64f358e48f506530f7cb1 - default default] 10.0.20.25 "GET /v2.0/ports?tenant_id=46cea2f57ace47be8d755f9b72a70acd&device_id=872062e2-a011-4585-b990-9d7e2d600275 HTTP/1.1" status: 200  len: 1124 time: 0.5403430
2018-06-27 22:57:56.068 28599 DEBUG neutron.pecan_wsgi.hooks.policy_enforcement [req-70a65947-3a3d-4212-864a-6a4690e9a876 db7e024eefa34f0d9525ad1ee1475527 910acf3b84b64f358e48f506530f7cb1 - default default] Attributes excluded by policy engine: [u'vlan_transparent'] _exclude_attributes_by_policy /usr/lib/python2.7/site-packages/neutron/pecan_wsgi/hooks/policy_enforcement.py:256
2018-06-27 22:57:56.072 28599 INFO neutron.wsgi [req-70a65947-3a3d-4212-864a-6a4690e9a876 db7e024eefa34f0d9525ad1ee1475527 910acf3b84b64f358e48f506530f7cb1 - default default] 10.0.20.25 "GET /v2.0/networks?id=f5f53a8f-ce8b-4f36-80a7-9bd838b80ff7 HTTP/1.1" status: 200  len: 885 time: 0.2620280
2018-06-27 22:57:56.127 28599 INFO neutron.wsgi [req-02d8ed7a-f091-44bb-a1cf-0aa282345e2b db7e024eefa34f0d9525ad1ee1475527 910acf3b84b64f358e48f506530f7cb1 - default default] 10.0.20.25 "GET /v2.0/floatingips?fixed_ip_address=11.99.1.12&port_id=4a001037-b106-4535-84c7-f41c0d78ed90 HTTP/1.1" status: 200  len: 217 time: 0.0458460
2018-06-27 22:57:56.271 28599 DEBUG neutron.pecan_wsgi.hooks.policy_enforcement [req-838adbb9-436c-4ee1-b9ff-4c88117f46bb db7e024eefa34f0d9525ad1ee1475527 910acf3b84b64f358e48f506530f7cb1 - default default] Attributes excluded by policy engine: [u'shared'] _exclude_attributes_by_policy /usr/lib/python2.7/site-packages/neutron/pecan_wsgi/hooks/policy_enforcement.py:256
2018-06-27 22:57:56.274 28599 INFO neutron.wsgi [req-838adbb9-436c-4ee1-b9ff-4c88117f46bb db7e024eefa34f0d9525ad1ee1475527 910acf3b84b64f358e48f506530f7cb1 - default default] 10.0.20.25 "GET /v2.0/subnets?id=5052da3a-9fae-473f-bee2-235c1f0b5750 HTTP/1.1" status: 200  len: 843 time: 0.1404500
2018-06-27 22:57:56.436 28599 INFO neutron.wsgi [req-8dd4fdf5-6001-4231-a5b9-ba2b62ba58d4 db7e024eefa34f0d9525ad1ee1475527 910acf3b84b64f358e48f506530f7cb1 - default default] 10.0.20.25 "GET /v2.0/ports?network_id=f5f53a8f-ce8b-4f36-80a7-9bd838b80ff7&device_owner=network%3Adhcp HTTP/1.1" status: 200  len: 1127 time: 0.1504140
2018-06-27 22:57:57.238 28598 DEBUG oslo_concurrency.lockutils [-] Lock "notifier-1c8f840c-6cdc-48a5-8028-3128fab12937" released by "neutron.notifiers.batch_notifier.synced_send" :: held 4.400s inner /usr/lib/python2.7/site-packages/oslo_concurrency/lockutils.py:282
2018-06-27 22:57:59.063 28607 DEBUG neutron_lib.callbacks.manager [req-567c05b2-4658-4ffc-856c-6f06e48ecce2 - - - - -] Notify callbacks ['neutron.services.segments.db._update_segment_host_mapping_for_agent-8764427075634'] for agent, after_update _notify_loop /usr/lib/python2.7/site-packages/neutron_lib/callbacks/manager.py:167
2018-06-27 22:58:01.446 28618 DEBUG neutron_lib.callbacks.manager [req-a1e66266-ee59-4ef9-9281-16c2589c0140 - - - - -] Notify callbacks ['neutron.services.segments.db._update_segment_host_mapping_for_agent-8764427075634'] for agent, after_update _notify_loop /usr/lib/python2.7/site-packages/neutron_lib/callbacks/manager.py:167
2018-06-27 22:58:02.484 28601 INFO neutron.wsgi [req-5c123f1e-9838-44cf-adff-ebf2c553ccdc 82758ee9dbed4bdf919e32bc6135cc36 f7db0ec7eef2499fb14973cea9da1187 - default default] 10.0.20.25 "GET /v2.0/ports?device_id=872062e2-a011-4585-b990-9d7e2d600275 HTTP/1.1" status: 200  len: 1124 time: 0.9768412
2018-06-27 22:58:02.652 28601 INFO neutron.wsgi [req-09d01e34-fa0c-40c2-a6c9-444676bd0522 82758ee9dbed4bdf919e32bc6135cc36 f7db0ec7eef2499fb14973cea9da1187 - default default] 10.0.20.25 "GET /v2.0/security-groups?id=8999b82b-1d4e-4a0e-8fe5-627aeae3209b HTTP/1.1" status: 200  len: 2118 time: 0.1571851
2018-06-27 22:58:06.121 28599 INFO neutron.wsgi [req-1f1d06f0-7483-4ca5-b540-603a06b44a69 db7e024eefa34f0d9525ad1ee1475527 910acf3b84b64f358e48f506530f7cb1 - default default] 10.0.20.25 "GET /v2.0/ports?tenant_id=46cea2f57ace47be8d755f9b72a70acd&device_id=872062e2-a011-4585-b990-9d7e2d600275 HTTP/1.1" status: 200  len: 1124 time: 0.1234879
2018-06-27 22:58:06.311 28599 DEBUG neutron.pecan_wsgi.hooks.policy_enforcement [req-e24c2379-8f17-48fd-b715-21ca4e0328bb db7e024eefa34f0d9525ad1ee1475527 910acf3b84b64f358e48f506530f7cb1 - default default] Attributes excluded by policy engine: [u'vlan_transparent'] _exclude_attributes_by_policy /usr/lib/python2.7/site-packages/neutron/pecan_wsgi/hooks/policy_enforcement.py:256
2018-06-27 22:58:06.313 28599 INFO neutron.wsgi [req-e24c2379-8f17-48fd-b715-21ca4e0328bb db7e024eefa34f0d9525ad1ee1475527 910acf3b84b64f358e48f506530f7cb1 - default default] 10.0.20.25 "GET /v2.0/networks?id=f5f53a8f-ce8b-4f36-80a7-9bd838b80ff7 HTTP/1.1" status: 200  len: 885 time: 0.1860390
2018-06-27 22:58:06.351 28599 INFO neutron.wsgi [req-d63918be-9f05-4aba-9664-0e5cd05c2638 db7e024eefa34f0d9525ad1ee1475527 910acf3b84b64f358e48f506530f7cb1 - default default] 10.0.20.25 "GET /v2.0/floatingips?fixed_ip_address=11.99.1.12&port_id=4a001037-b106-4535-84c7-f41c0d78ed90 HTTP/1.1" status: 200  len: 217 time: 0.0319018
2018-06-27 22:58:06.487 28599 DEBUG neutron.pecan_wsgi.hooks.policy_enforcement [req-3a29801b-30bb-438f-8566-1315a07443ed db7e024eefa34f0d9525ad1ee1475527 910acf3b84b64f358e48f506530f7cb1 - default default] Attributes excluded by policy engine: [u'shared'] _exclude_attributes_by_policy /usr/lib/python2.7/site-packages/neutron/pecan_wsgi/hooks/policy_enforcement.py:256
2018-06-27 22:58:06.489 28599 INFO neutron.wsgi [req-3a29801b-30bb-438f-8566-1315a07443ed db7e024eefa34f0d9525ad1ee1475527 910acf3b84b64f358e48f506530f7cb1 - default default] 10.0.20.25 "GET /v2.0/subnets?id=5052da3a-9fae-473f-bee2-235c1f0b5750 HTTP/1.1" status: 200  len: 843 time: 0.1313369
2018-06-27 22:58:06.605 28599 INFO neutron.wsgi [req-4777518c-fcd5-4f23-9543-8899913ececb db7e024eefa34f0d9525ad1ee1475527 910acf3b84b64f358e48f506530f7cb1 - default default] 10.0.20.25 "GET /v2.0/ports?network_id=f5f53a8f-ce8b-4f36-80a7-9bd838b80ff7&device_owner=network%3Adhcp HTTP/1.1" status: 200  len: 1127 time: 0.1068120
2018-06-27 22:58:08.363 28600 INFO neutron.wsgi [req-4fc3de37-4efa-41c0-ba11-f5f2772154f6 0508a2373b814911b1d6723f2f75b8cd 910acf3b84b64f358e48f506530f7cb1 - default default] 10.0.20.25 "GET /v2.0/ports?device_id=872062e2-a011-4585-b990-9d7e2d600275 HTTP/1.1" status: 200  len: 1124 time: 0.1843760
2018-06-27 22:58:08.545 28600 INFO neutron.wsgi [req-4a45c67f-be2c-4bb1-9b76-806d7421e160 0508a2373b814911b1d6723f2f75b8cd 910acf3b84b64f358e48f506530f7cb1 - default default] 10.0.20.25 "GET /v2.0/security-groups?id=8999b82b-1d4e-4a0e-8fe5-627aeae3209b HTTP/1.1" status: 200  len: 2118 time: 0.1746609
