 _http_log_response /usr/lib/python2.7/site-packages/keystoneauth1/session.py:423
2018-09-13 10:39:45.078 5441 DEBUG novaclient.v2.client [-] POST call to compute for http://10.0.20.20:8774/v2.1/4eeeddb45ad446a68ed4de7bd550932a/os-server-external-events used request id req-22c46902-d7d0-483e-a3a6-f1a135eb261a request /usr/lib/python2.7/site-packages/keystoneauth1/session.py:727
2018-09-13 10:39:45.079 5441 INFO neutron.notifiers.nova [-] Nova event response: {u'status': u'completed', u'tag': u'6ec4f511-fe8d-463b-ac03-24efa0a6d7e2', u'name': u'network-vif-plugged', u'server_uuid': u'ae34b23d-63a9-416d-9701-225bd26b289b', u'code': 200}
2018-09-13 10:39:46.213 5442 DEBUG neutron_lib.callbacks.manager [req-ab4d769d-8a1b-498a-af36-231a76151879 - - - - -] Notify callbacks ['neutron.services.segments.db._update_segment_host_mapping_for_agent--9223363243715463909'] for agent, after_update _notify_loop /usr/lib/python2.7/site-packages/neutron_lib/callbacks/manager.py:167
2018-09-13 10:39:47.081 5441 DEBUG oslo_concurrency.lockutils [-] Lock "notifier-8545f281-d84e-4618-bf8a-75959322d371" released by "neutron.notifiers.batch_notifier.synced_send" :: held 4.217s inner /usr/lib/python2.7/site-packages/oslo_concurrency/lockutils.py:282
2018-09-13 10:39:48.933 5440 INFO neutron.wsgi [req-7d3329ef-4809-465e-bb3e-bbc679fdaec0 7e3296160ca0403d931c46d721211018 d924abce208c4c66b8ca02355a868a67 - 89f3d6fee37247dba248ba9c029c6cbe 89f3d6fee37247dba248ba9c029c6cbe] 10.0.20.20 "GET /v2.0/ports?device_id=ae34b23d-63a9-416d-9701-225bd26b289b HTTP/1.1" status: 200  len: 1124 time: 0.7964151
2018-09-13 10:39:49.116 5440 INFO neutron.wsgi [req-00068ec3-78e2-4dfa-a7d3-5cb25f0b0395 7e3296160ca0403d931c46d721211018 d924abce208c4c66b8ca02355a868a67 - 89f3d6fee37247dba248ba9c029c6cbe 89f3d6fee37247dba248ba9c029c6cbe] 10.0.20.20 "GET /v2.0/security-groups?id=d0c8d6c2-9d13-45ca-907d-4c8d83f0266e HTTP/1.1" status: 200  len: 2118 time: 0.1729050
2018-09-13 10:40:03.354 5435 INFO neutron.wsgi [req-b8434c15-bfdf-4aa5-9c30-e1c0d869276e 23e04251e35a4af8836d799cdbc6c009 4eeeddb45ad446a68ed4de7bd550932a - default default] 10.0.20.20 "GET /v2.0/ports?tenant_id=d924abce208c4c66b8ca02355a868a67&device_id=ae34b23d-63a9-416d-9701-225bd26b289b HTTP/1.1" status: 200  len: 1124 time: 0.1416950
2018-09-13 10:40:03.437 5433 DEBUG neutron.wsgi [-] (5433) accepted ('10.0.20.20', 52740) server /usr/lib/python2.7/site-packages/eventlet/wsgi.py:883
2018-09-13 10:40:03.444 5433 INFO neutron.wsgi [-] 10.0.20.20 "GET / HTTP/1.1" status: 200  len: 252 time: 0.0026529
2018-09-13 10:40:03.626 5435 DEBUG neutron.pecan_wsgi.hooks.policy_enforcement [req-1d8fa8db-cb2c-465c-9655-232a09b16723 23e04251e35a4af8836d799cdbc6c009 4eeeddb45ad446a68ed4de7bd550932a - default default] Attributes excluded by policy engine: [u'vlan_transparent'] _exclude_attributes_by_policy /usr/lib/python2.7/site-packages/neutron/pecan_wsgi/hooks/policy_enforcement.py:256
2018-09-13 10:40:03.629 5435 INFO neutron.wsgi [req-1d8fa8db-cb2c-465c-9655-232a09b16723 23e04251e35a4af8836d799cdbc6c009 4eeeddb45ad446a68ed4de7bd550932a - default default] 10.0.20.20 "GET /v2.0/networks?id=daa3e87e-298e-4b6d-813d-5be8d62b3525 HTTP/1.1" status: 200  len: 885 time: 0.2665200
2018-09-13 10:40:03.666 5435 INFO neutron.wsgi [req-0d2625e5-ae06-47da-b157-5ef978440bdd 23e04251e35a4af8836d799cdbc6c009 4eeeddb45ad446a68ed4de7bd550932a - default default] 10.0.20.20 "GET /v2.0/floatingips?fixed_ip_address=11.141.1.9&port_id=6ec4f511-fe8d-463b-ac03-24efa0a6d7e2 HTTP/1.1" status: 200  len: 217 time: 0.0291011
2018-09-13 10:40:03.816 5435 DEBUG neutron.pecan_wsgi.hooks.policy_enforcement [req-dced3bea-2994-4a79-a01c-02c59dee68bb 23e04251e35a4af8836d799cdbc6c009 4eeeddb45ad446a68ed4de7bd550932a - default default] Attributes excluded by policy engine: [u'shared'] _exclude_attributes_by_policy /usr/lib/python2.7/site-packages/neutron/pecan_wsgi/hooks/policy_enforcement.py:256
2018-09-13 10:40:03.818 5435 INFO neutron.wsgi [req-dced3bea-2994-4a79-a01c-02c59dee68bb 23e04251e35a4af8836d799cdbc6c009 4eeeddb45ad446a68ed4de7bd550932a - default default] 10.0.20.20 "GET /v2.0/subnets?id=ba58b8eb-e460-4169-bcf7-beadd61d992b HTTP/1.1" status: 200  len: 847 time: 0.1432230
2018-09-13 10:40:03.962 5435 INFO neutron.wsgi [req-004e53d4-d59d-4a7a-af36-765f10b9dcf5 23e04251e35a4af8836d799cdbc6c009 4eeeddb45ad446a68ed4de7bd550932a - default default] 10.0.20.20 "GET /v2.0/ports?network_id=daa3e87e-298e-4b6d-813d-5be8d62b3525&device_owner=network%3Adhcp HTTP/1.1" status: 200  len: 1128 time: 0.1367569
2018-09-13 10:40:04.085 5433 INFO neutron.pecan_wsgi.hooks.translation [req-22c0a684-60ff-4db2-bddf-ee1bab84721e 6bce0e5766c84e1a98c3cb5ccb2e3772 4cff21d35d8b43b9a2a1ce042bb4f9f9 - default default] GET failed (client error): The resource could not be found.
2018-09-13 10:40:04.087 5433 INFO neutron.wsgi [req-22c0a684-60ff-4db2-bddf-ee1bab84721e 6bce0e5766c84e1a98c3cb5ccb2e3772 4cff21d35d8b43b9a2a1ce042bb4f9f9 - default default] 10.0.20.20 "GET /v2.0/networks/public HTTP/1.1" status: 404  len: 314 time: 0.6347349
2018-09-13 10:40:04.307 5433 DEBUG neutron.pecan_wsgi.hooks.policy_enforcement [req-bd48702c-a14d-46cb-8288-07662f894807 6bce0e5766c84e1a98c3cb5ccb2e3772 4cff21d35d8b43b9a2a1ce042bb4f9f9 - default default] Attributes excluded by policy engine: [u'vlan_transparent'] _exclude_attributes_by_policy /usr/lib/python2.7/site-packages/neutron/pecan_wsgi/hooks/policy_enforcement.py:256
2018-09-13 10:40:04.308 5433 DEBUG neutron.pecan_wsgi.hooks.policy_enforcement [req-bd48702c-a14d-46cb-8288-07662f894807 6bce0e5766c84e1a98c3cb5ccb2e3772 4cff21d35d8b43b9a2a1ce042bb4f9f9 - default default] Attributes excluded by policy engine: [u'vlan_transparent'] _exclude_attributes_by_policy /usr/lib/python2.7/site-packages/neutron/pecan_wsgi/hooks/policy_enforcement.py:256
2018-09-13 10:40:04.310 5433 DEBUG neutron.pecan_wsgi.hooks.policy_enforcement [req-bd48702c-a14d-46cb-8288-07662f894807 6bce0e5766c84e1a98c3cb5ccb2e3772 4cff21d35d8b43b9a2a1ce042bb4f9f9 - default default] Attributes excluded by policy engine: [u'vlan_transparent'] _exclude_attributes_by_policy /usr/lib/python2.7/site-packages/neutron/pecan_wsgi/hooks/policy_enforcement.py:256
2018-09-13 10:40:04.313 5433 INFO neutron.wsgi [req-bd48702c-a14d-46cb-8288-07662f894807 6bce0e5766c84e1a98c3cb5ccb2e3772 4cff21d35d8b43b9a2a1ce042bb4f9f9 - default default] 10.0.20.20 "GET /v2.0/networks HTTP/1.1" status: 200  len: 2214 time: 0.2182572
2018-09-13 10:40:04.830 5433 DEBUG neutron.api.v2.base [req-e2b45162-62a1-466f-a3f6-7d8ee4a0272d 6bce0e5766c84e1a98c3cb5ccb2e3772 4cff21d35d8b43b9a2a1ce042bb4f9f9 - default default] Request body: {u'floatingip': {u'floating_network_id': u'bcf73fc2-8df6-4f12-801c-ef4abf269c73', u'tenant_id': u'd924abce208c4c66b8ca02355a868a67'}} prepare_request_body /usr/lib/python2.7/site-packages/neutron/api/v2/base.py:695
2018-09-13 10:40:04.841 5433 DEBUG neutron.db.quota.driver [req-e2b45162-62a1-466f-a3f6-7d8ee4a0272d 6bce0e5766c84e1a98c3cb5ccb2e3772 4cff21d35d8b43b9a2a1ce042bb4f9f9 - default default] Resources subnetpool have unlimited quota limit. It is not required to calculate headroom  make_reservation /usr/lib/python2.7/site-packages/neutron/db/quota/driver.py:223
2018-09-13 10:40:04.851 5433 DEBUG neutron.quota.resource [req-e2b45162-62a1-466f-a3f6-7d8ee4a0272d 6bce0e5766c84e1a98c3cb5ccb2e3772 4cff21d35d8b43b9a2a1ce042bb4f9f9 - default default] Usage tracker for resource:floatingip and tenant:d924abce208c4c66b8ca02355a868a67 is out of sync, need to count used quota count_used /usr/lib/python2.7/site-packages/neutron/quota/resource.py:274
2018-09-13 10:40:04.864 5433 DEBUG neutron.quota.resource [req-e2b45162-62a1-466f-a3f6-7d8ee4a0272d 6bce0e5766c84e1a98c3cb5ccb2e3772 4cff21d35d8b43b9a2a1ce042bb4f9f9 - default default] Quota usage for floatingip was recalculated. Used quota:0. count_used /usr/lib/python2.7/site-packages/neutron/quota/resource.py:293
2018-09-13 10:40:04.874 5433 DEBUG neutron.db.quota.driver [req-e2b45162-62a1-466f-a3f6-7d8ee4a0272d 6bce0e5766c84e1a98c3cb5ccb2e3772 4cff21d35d8b43b9a2a1ce042bb4f9f9 - default default] Attempting to reserve 1 items for resource floatingip. Total usage: 0; quota limit: 50; headroom:50 make_reservation /usr/lib/python2.7/site-packages/neutron/db/quota/driver.py:255
2018-09-13 10:40:05.179 5433 DEBUG neutron_lib.callbacks.manager [req-e2b45162-62a1-466f-a3f6-7d8ee4a0272d 6bce0e5766c84e1a98c3cb5ccb2e3772 4cff21d35d8b43b9a2a1ce042bb4f9f9 - default default] Notify callbacks ['neutron.plugins.ml2.plugin.Ml2Plugin._ensure_default_security_group_handler-957154'] for port, before_create _notify_loop /usr/lib/python2.7/site-packages/neutron_lib/callbacks/manager.py:167
2018-09-13 10:40:06.073 5433 DEBUG neutron.db.db_base_plugin_common [req-e2b45162-62a1-466f-a3f6-7d8ee4a0272d 6bce0e5766c84e1a98c3cb5ccb2e3772 4cff21d35d8b43b9a2a1ce042bb4f9f9 - default default] Allocated IP 172.24.4.15 (bcf73fc2-8df6-4f12-801c-ef4abf269c73/5f4e1ac0-b77f-4630-ace6-541a6f9c266c/dc3a34e8-fa84-441d-9735-d60a0edebf25) _store_ip_allocation /usr/lib/python2.7/site-packages/neutron/db/db_base_plugin_common.py:122
2018-09-13 10:40:06.405 5433 DEBUG neutron_lib.callbacks.manager [req-e2b45162-62a1-466f-a3f6-7d8ee4a0272d 6bce0e5766c84e1a98c3cb5ccb2e3772 4cff21d35d8b43b9a2a1ce042bb4f9f9 - default default] Notify callbacks [] for port, precommit_create _notify_loop /usr/lib/python2.7/site-packages/neutron_lib/callbacks/manager.py:167
2018-09-13 10:40:06.479 5433 DEBUG neutron_lib.callbacks.manager [req-e2b45162-62a1-466f-a3f6-7d8ee4a0272d 6bce0e5766c84e1a98c3cb5ccb2e3772 4cff21d35d8b43b9a2a1ce042bb4f9f9 - default default] Notify callbacks ['neutron.plugins.ml2.plugin.Ml2Plugin.notify_sg_on_port_change-957086', 'neutron.db.l3_dvrscheduler_db._notify_l3_agent_new_port-8793138620887', 'neutron.plugins.ml2.ovo_rpc._ObjectChangeHandler.handle_event--9223372036853028936', 'neutron.api.rpc.agentnotifiers.dhcp_rpc_agent_api.DhcpAgentNotifyAPI._native_event_send_dhcp_notification-1860544'] for port, after_create _notify_loop /usr/lib/python2.7/site-packages/neutron_lib/callbacks/manager.py:167
2018-09-13 10:40:06.480 5433 DEBUG neutron.db.l3_dvrscheduler_db [req-e2b45162-62a1-466f-a3f6-7d8ee4a0272d 6bce0e5766c84e1a98c3cb5ccb2e3772 4cff21d35d8b43b9a2a1ce042bb4f9f9 - default default] Received port after_create _notify_l3_agent_new_port /usr/lib/python2.7/site-packages/neutron/db/l3_dvrscheduler_db.py:392
2018-09-13 10:40:06.499 5433 DEBUG oslo_concurrency.lockutils [-] Lock "event-dispatch" acquired by "neutron.plugins.ml2.ovo_rpc.dispatch_events" :: waited 0.000s inner /usr/lib/python2.7/site-packages/oslo_concurrency/lockutils.py:270
2018-09-13 10:40:06.721 5433 DEBUG neutron.api.rpc.handlers.resources_rpc [req-e2b45162-62a1-466f-a3f6-7d8ee4a0272d 6bce0e5766c84e1a98c3cb5ccb2e3772 4cff21d35d8b43b9a2a1ce042bb4f9f9 - - -] neutron.api.rpc.handlers.resources_rpc.ResourcesPushRpcApi method push called with arguments (<neutron_lib.context.Context object at 0x7ff4fde95ed0>, [Port(admin_state_up=True,allowed_address_pairs=[],binding=PortBinding,binding_levels=[],created_at=2018-09-13T14:40:05Z,data_plane_status=<?>,description='',device_id='PENDING',device_owner='network:floatingip',dhcp_options=[],distributed_binding=None,dns=None,fixed_ips=[IPAllocation],id=dc3a34e8-fa84-441d-9735-d60a0edebf25,mac_address=fa:16:3e:6e:ad:23,name='',network_id=bcf73fc2-8df6-4f12-801c-ef4abf269c73,project_id='',qos_policy_id=None,revision_number=3,security=PortSecurity(dc3a34e8-fa84-441d-9735-d60a0edebf25),security_group_ids=set([]),status='N/A',updated_at=2018-09-13T14:40:06Z)], 'updated') {} wrapper /usr/lib/python2.7/site-packages/oslo_log/helpers.py:66
2018-09-13 10:40:06.754 5433 DEBUG neutron.api.rpc.callbacks.version_manager [req-e2b45162-62a1-466f-a3f6-7d8ee4a0272d 6bce0e5766c84e1a98c3cb5ccb2e3772 4cff21d35d8b43b9a2a1ce042bb4f9f9 - - -] Version for resource type Subnet changed None to 1.0 on consumer Open vSwitch agent@localhost.localdomain _set_version /usr/lib/python2.7/site-packages/neutron/api/rpc/callbacks/version_manager.py:119
2018-09-13 10:40:06.754 5433 DEBUG neutron.api.rpc.callbacks.version_manager [req-e2b45162-62a1-466f-a3f6-7d8ee4a0272d 6bce0e5766c84e1a98c3cb5ccb2e3772 4cff21d35d8b43b9a2a1ce042bb4f9f9 - - -] Version for resource type Network changed None to 1.0 on consumer Open vSwitch agent@localhost.localdomain _set_version /usr/lib/python2.7/site-packages/neutron/api/rpc/callbacks/version_manager.py:119
2018-09-13 10:40:06.755 5433 DEBUG neutron.api.rpc.callbacks.version_manager [req-e2b45162-62a1-466f-a3f6-7d8ee4a0272d 6bce0e5766c84e1a98c3cb5ccb2e3772 4cff21d35d8b43b9a2a1ce042bb4f9f9 - - -] Version for resource type SubPort changed None to 1.0 on consumer Open vSwitch agent@localhost.localdomain _set_version /usr/lib/python2.7/site-packages/neutron/api/rpc/callbacks/version_manager.py:119
2018-09-13 10:40:06.755 5433 DEBUG neutron.api.rpc.callbacks.version_manager [req-e2b45162-62a1-466f-a3f6-7d8ee4a0272d 6bce0e5766c84e1a98c3cb5ccb2e3772 4cff21d35d8b43b9a2a1ce042bb4f9f9 - - -] Version for resource type SecurityGroup changed None to 1.0 on consumer Open vSwitch agent@localhost.localdomain _set_version /usr/lib/python2.7/site-packages/neutron/api/rpc/callbacks/version_manager.py:119
2018-09-13 10:40:06.756 5433 DEBUG neutron.api.rpc.callbacks.version_manager [req-e2b45162-62a1-466f-a3f6-7d8ee4a0272d 6bce0e5766c84e1a98c3cb5ccb2e3772 4cff21d35d8b43b9a2a1ce042bb4f9f9 - - -] Version for resource type SecurityGroupRule changed None to 1.0 on consumer Open vSwitch agent@localhost.localdomain _set_version /usr/lib/python2.7/site-packages/neutron/api/rpc/callbacks/version_manager.py:119
2018-09-13 10:40:06.756 5433 DEBUG neutron.api.rpc.callbacks.version_manager [req-e2b45162-62a1-466f-a3f6-7d8ee4a0272d 6bce0e5766c84e1a98c3cb5ccb2e3772 4cff21d35d8b43b9a2a1ce042bb4f9f9 - - -] Version for resource type Trunk changed None to 1.1 on consumer Open vSwitch agent@localhost.localdomain _set_version /usr/lib/python2.7/site-packages/neutron/api/rpc/callbacks/version_manager.py:119
2018-09-13 10:40:06.757 5433 DEBUG neutron.api.rpc.callbacks.version_manager [req-e2b45162-62a1-466f-a3f6-7d8ee4a0272d 6bce0e5766c84e1a98c3cb5ccb2e3772 4cff21d35d8b43b9a2a1ce042bb4f9f9 - - -] Version for resource type QosPolicy changed None to 1.6 on consumer Open vSwitch agent@localhost.localdomain _set_version /usr/lib/python2.7/site-packages/neutron/api/rpc/callbacks/version_manager.py:119
2018-09-13 10:40:06.757 5433 DEBUG neutron.api.rpc.callbacks.version_manager [req-e2b45162-62a1-466f-a3f6-7d8ee4a0272d 6bce0e5766c84e1a98c3cb5ccb2e3772 4cff21d35d8b43b9a2a1ce042bb4f9f9 - - -] Version for resource type Port changed None to 1.1 on consumer Open vSwitch agent@localhost.localdomain _set_version /usr/lib/python2.7/site-packages/neutron/api/rpc/callbacks/version_manager.py:119
2018-09-13 10:40:06.758 5433 DEBUG neutron.api.rpc.callbacks.version_manager [req-e2b45162-62a1-466f-a3f6-7d8ee4a0272d 6bce0e5766c84e1a98c3cb5ccb2e3772 4cff21d35d8b43b9a2a1ce042bb4f9f9 - - -] Version for resource type Log changed None to 1.0 on consumer Open vSwitch agent@localhost.localdomain _set_version /usr/lib/python2.7/site-packages/neutron/api/rpc/callbacks/version_manager.py:119
2018-09-13 10:40:06.766 5433 DEBUG oslo_concurrency.lockutils [req-e2b45162-62a1-466f-a3f6-7d8ee4a0272d 6bce0e5766c84e1a98c3cb5ccb2e3772 4cff21d35d8b43b9a2a1ce042bb4f9f9 - - -] Lock "event-dispatch" released by "neutron.plugins.ml2.ovo_rpc.dispatch_events" :: held 0.267s inner /usr/lib/python2.7/site-packages/oslo_concurrency/lockutils.py:282
2018-09-13 10:40:06.811 5433 DEBUG neutron.scheduler.dhcp_agent_scheduler [req-e2b45162-62a1-466f-a3f6-7d8ee4a0272d 6bce0e5766c84e1a98c3cb5ccb2e3772 4cff21d35d8b43b9a2a1ce042bb4f9f9 - default default] Network bcf73fc2-8df6-4f12-801c-ef4abf269c73 is already hosted by enough agents. _get_dhcp_agents_hosting_network /usr/lib/python2.7/site-packages/neutron/scheduler/dhcp_agent_scheduler.py:243
2018-09-13 10:40:06.934 5433 DEBUG neutron_lib.callbacks.manager [req-e2b45162-62a1-466f-a3f6-7d8ee4a0272d 6bce0e5766c84e1a98c3cb5ccb2e3772 4cff21d35d8b43b9a2a1ce042bb4f9f9 - default default] Notify callbacks ['neutron.plugins.ml2.plugin.Ml2Plugin._ensure_default_security_group_handler-957154'] for port, before_update _notify_loop /usr/lib/python2.7/site-packages/neutron_lib/callbacks/manager.py:167
2018-09-13 10:40:07.443 5433 DEBUG neutron_lib.callbacks.manager [req-e2b45162-62a1-466f-a3f6-7d8ee4a0272d 6bce0e5766c84e1a98c3cb5ccb2e3772 4cff21d35d8b43b9a2a1ce042bb4f9f9 - default default] Notify callbacks [] for port, precommit_update _notify_loop /usr/lib/python2.7/site-packages/neutron_lib/callbacks/manager.py:167
2018-09-13 10:40:07.466 5433 DEBUG neutron_lib.callbacks.manager [req-e2b45162-62a1-466f-a3f6-7d8ee4a0272d 6bce0e5766c84e1a98c3cb5ccb2e3772 4cff21d35d8b43b9a2a1ce042bb4f9f9 - default default] Notify callbacks ['neutron.plugins.ml2.plugin.Ml2Plugin.notify_sg_on_port_change-957086', 'neutron.db.l3_dvrscheduler_db._notify_l3_agent_port_update-8793138620902', 'neutron.plugins.ml2.ovo_rpc._ObjectChangeHandler.handle_event--9223372036853028936', 'neutron.api.rpc.agentnotifiers.dhcp_rpc_agent_api.DhcpAgentNotifyAPI._native_event_send_dhcp_notification-1860544', 'neutron.db.l3_hascheduler_db._notify_l3_agent_ha_port_update--9223363243716154311'] for port, after_update _notify_loop /usr/lib/python2.7/site-packages/neutron_lib/callbacks/manager.py:167
2018-09-13 10:40:07.499 5433 DEBUG oslo_concurrency.lockutils [-] Lock "event-dispatch" acquired by "neutron.plugins.ml2.ovo_rpc.dispatch_events" :: waited 0.000s inner /usr/lib/python2.7/site-packages/oslo_concurrency/lockutils.py:270
2018-09-13 10:40:07.784 5433 DEBUG neutron.api.rpc.handlers.resources_rpc [req-e2b45162-62a1-466f-a3f6-7d8ee4a0272d 6bce0e5766c84e1a98c3cb5ccb2e3772 4cff21d35d8b43b9a2a1ce042bb4f9f9 - - -] neutron.api.rpc.handlers.resources_rpc.ResourcesPushRpcApi method push called with arguments (<neutron_lib.context.Context object at 0x7ff4fd8dc690>, [Port(admin_state_up=True,allowed_address_pairs=[],binding=PortBinding,binding_levels=[],created_at=2018-09-13T14:40:05Z,data_plane_status=<?>,description='',device_id='cfbb91a7-136b-4df8-a887-0d1f4247399d',device_owner='network:floatingip',dhcp_options=[],distributed_binding=None,dns=None,fixed_ips=[IPAllocation],id=dc3a34e8-fa84-441d-9735-d60a0edebf25,mac_address=fa:16:3e:6e:ad:23,name='',network_id=bcf73fc2-8df6-4f12-801c-ef4abf269c73,project_id='',qos_policy_id=None,revision_number=4,security=PortSecurity(dc3a34e8-fa84-441d-9735-d60a0edebf25),security_group_ids=set([]),status='N/A',updated_at=2018-09-13T14:40:07Z)], 'updated') {} wrapper /usr/lib/python2.7/site-packages/oslo_log/helpers.py:66
2018-09-13 10:40:07.813 5433 DEBUG oslo_concurrency.lockutils [req-e2b45162-62a1-466f-a3f6-7d8ee4a0272d 6bce0e5766c84e1a98c3cb5ccb2e3772 4cff21d35d8b43b9a2a1ce042bb4f9f9 - - -] Lock "event-dispatch" released by "neutron.plugins.ml2.ovo_rpc.dispatch_events" :: held 0.313s inner /usr/lib/python2.7/site-packages/oslo_concurrency/lockutils.py:282
2018-09-13 10:40:07.869 5433 DEBUG neutron_lib.callbacks.manager [req-e2b45162-62a1-466f-a3f6-7d8ee4a0272d 6bce0e5766c84e1a98c3cb5ccb2e3772 4cff21d35d8b43b9a2a1ce042bb4f9f9 - default default] Notify callbacks ['neutron.services.l3_router.l3_router_plugin.L3RouterPlugin._create_dvr_floating_gw_port-1675292'] for floatingip, after_update _notify_loop /usr/lib/python2.7/site-packages/neutron_lib/callbacks/manager.py:167
2018-09-13 10:40:07.915 5450 DEBUG neutron.db.agents_db [req-6f13c17c-d56c-4bf1-bef8-1749033a146f - - - - -] Agent healthcheck: found 5 active agents agent_health_check /usr/lib/python2.7/site-packages/neutron/db/agents_db.py:281
2018-09-13 10:40:07.936 5433 DEBUG neutron.quota.resource [req-e2b45162-62a1-466f-a3f6-7d8ee4a0272d 6bce0e5766c84e1a98c3cb5ccb2e3772 4cff21d35d8b43b9a2a1ce042bb4f9f9 - default default] Persisted dirty status for tenant:d924abce208c4c66b8ca02355a868a67 on resource:floatingip mark_dirty /usr/lib/python2.7/site-packages/neutron/quota/resource.py:207
2018-09-13 10:40:07.942 5433 DEBUG neutron.quota.resource [req-e2b45162-62a1-466f-a3f6-7d8ee4a0272d 6bce0e5766c84e1a98c3cb5ccb2e3772 4cff21d35d8b43b9a2a1ce042bb4f9f9 - default default] Persisted dirty status for tenant: on resource:port mark_dirty /usr/lib/python2.7/site-packages/neutron/quota/resource.py:207
2018-09-13 10:40:07.962 5433 DEBUG neutron_lib.callbacks.manager [req-e2b45162-62a1-466f-a3f6-7d8ee4a0272d 6bce0e5766c84e1a98c3cb5ccb2e3772 4cff21d35d8b43b9a2a1ce042bb4f9f9 - default default] Notify callbacks ['neutron.notifiers.nova.Notifier._send_nova_notification--9223372036854775011'] for floatingip, before_response _notify_loop /usr/lib/python2.7/site-packages/neutron_lib/callbacks/manager.py:167
2018-09-13 10:40:07.965 5433 INFO neutron.wsgi [req-e2b45162-62a1-466f-a3f6-7d8ee4a0272d 6bce0e5766c84e1a98c3cb5ccb2e3772 4cff21d35d8b43b9a2a1ce042bb4f9f9 - default default] 10.0.20.20 "POST /v2.0/floatingips HTTP/1.1" status: 201  len: 675 time: 3.1455128
2018-09-13 10:40:13.298 5449 DEBUG neutron_lib.callbacks.manager [req-34a18ce4-caef-4aa1-9893-6e4e8cd766cd - - - - -] Notify callbacks ['neutron.services.segments.db._update_segment_host_mapping_for_agent--9223363243715463909'] for agent, after_update _notify_loop /usr/lib/python2.7/site-packages/neutron_lib/callbacks/manager.py:167
2018-09-13 10:40:13.393 5443 DEBUG neutron_lib.callbacks.manager [req-7b81d746-4ae3-44f1-ae8f-d269b8cd252b - - - - -] Notify callbacks ['neutron.services.segments.db._update_segment_host_mapping_for_agent--9223363243715463909'] for agent, after_update _notify_loop /usr/lib/python2.7/site-packages/neutron_lib/callbacks/manager.py:167
2018-09-13 10:40:13.562 5446 DEBUG neutron_lib.callbacks.manager [req-2c73bafa-1fb7-4f99-9fce-cb52670c3533 - - - - -] Notify callbacks ['neutron.services.segments.db._update_segment_host_mapping_for_agent--9223363243715463909'] for agent, after_update _notify_loop /usr/lib/python2.7/site-packages/neutron_lib/callbacks/manager.py:167
2018-09-13 10:40:13.873 5441 DEBUG neutron_lib.callbacks.manager [req-ddd29efe-653c-4882-94ef-c1fad64ccd35 - - - - -] Notify callbacks ['neutron.services.segments.db._update_segment_host_mapping_for_agent--9223363243715463909'] for agent, after_update _notify_loop /usr/lib/python2.7/site-packages/neutron_lib/callbacks/manager.py:167
2018-09-13 10:40:16.212 5445 DEBUG neutron_lib.callbacks.manager [req-ab4d769d-8a1b-498a-af36-231a76151879 - - - - -] Notify callbacks ['neutron.services.segments.db._update_segment_host_mapping_for_agent--9223363243715463909'] for agent, after_update _notify_loop /usr/lib/python2.7/site-packages/neutron_lib/callbacks/manager.py:167
2018-09-13 10:40:23.065 5433 DEBUG neutron.quota.resource [req-0ab39f69-429b-4d1d-8387-6ee17a17c5b7 7e3296160ca0403d931c46d721211018 d924abce208c4c66b8ca02355a868a67 - 89f3d6fee37247dba248ba9c029c6cbe 89f3d6fee37247dba248ba9c029c6cbe] Synchronizing usage tracker for tenant:d924abce208c4c66b8ca02355a868a67 on resource:port resync /usr/lib/python2.7/site-packages/neutron/quota/resource.py:245
2018-09-13 10:40:23.136 5433 DEBUG neutron.quota.resource [req-0ab39f69-429b-4d1d-8387-6ee17a17c5b7 7e3296160ca0403d931c46d721211018 d924abce208c4c66b8ca02355a868a67 - 89f3d6fee37247dba248ba9c029c6cbe 89f3d6fee37247dba248ba9c029c6cbe] Unset dirty status for tenant:d924abce208c4c66b8ca02355a868a67 on resource:port _resync /usr/lib/python2.7/site-packages/neutron/quota/resource.py:237
2018-09-13 10:40:23.139 5433 INFO neutron.wsgi [req-0ab39f69-429b-4d1d-8387-6ee17a17c5b7 7e3296160ca0403d931c46d721211018 d924abce208c4c66b8ca02355a868a67 - 89f3d6fee37247dba248ba9c029c6cbe 89f3d6fee37247dba248ba9c029c6cbe] 10.0.20.20 "GET /v2.0/ports?device_id=ae34b23d-63a9-416d-9701-225bd26b289b HTTP/1.1" status: 200  len: 1124 time: 1.4238172
2018-09-13 10:40:23.292 5433 INFO neutron.wsgi [req-9078215d-d03e-4a58-91af-65307134e73f 7e3296160ca0403d931c46d721211018 d924abce208c4c66b8ca02355a868a67 - 89f3d6fee37247dba248ba9c029c6cbe 89f3d6fee37247dba248ba9c029c6cbe] 10.0.20.20 "GET /v2.0/security-groups?id=d0c8d6c2-9d13-45ca-907d-4c8d83f0266e HTTP/1.1" status: 200  len: 2118 time: 0.1434920
2018-09-13 10:40:23.609 5433 INFO neutron.wsgi [req-dc26f026-ee3a-4c2b-9ff1-45e0e5148f33 7e3296160ca0403d931c46d721211018 d924abce208c4c66b8ca02355a868a67 - 89f3d6fee37247dba248ba9c029c6cbe 89f3d6fee37247dba248ba9c029c6cbe] 10.0.20.20 "GET /v2.0/ports?device_owner=compute%3Anova&device_id=ae34b23d-63a9-416d-9701-225bd26b289b HTTP/1.1" status: 200  len: 1124 time: 0.1422379
2018-09-13 10:40:23.669 5433 DEBUG neutron.quota.resource [req-0975c6eb-6265-40f1-ac95-fb3d65e57c20 7e3296160ca0403d931c46d721211018 d924abce208c4c66b8ca02355a868a67 - 89f3d6fee37247dba248ba9c029c6cbe 89f3d6fee37247dba248ba9c029c6cbe] Synchronizing usage tracker for tenant:d924abce208c4c66b8ca02355a868a67 on resource:floatingip resync /usr/lib/python2.7/site-packages/neutron/quota/resource.py:245
2018-09-13 10:40:23.729 5433 DEBUG neutron.quota.resource [req-0975c6eb-6265-40f1-ac95-fb3d65e57c20 7e3296160ca0403d931c46d721211018 d924abce208c4c66b8ca02355a868a67 - 89f3d6fee37247dba248ba9c029c6cbe 89f3d6fee37247dba248ba9c029c6cbe] Unset dirty status for tenant:d924abce208c4c66b8ca02355a868a67 on resource:floatingip _resync /usr/lib/python2.7/site-packages/neutron/quota/resource.py:237
2018-09-13 10:40:23.732 5433 INFO neutron.wsgi [req-0975c6eb-6265-40f1-ac95-fb3d65e57c20 7e3296160ca0403d931c46d721211018 d924abce208c4c66b8ca02355a868a67 - 89f3d6fee37247dba248ba9c029c6cbe 89f3d6fee37247dba248ba9c029c6cbe] 10.0.20.20 "GET /v2.0/floatingips?floating_ip_address=172.24.4.15 HTTP/1.1" status: 200  len: 673 time: 0.1143100
2018-09-13 10:40:23.749 5440 INFO neutron.wsgi [req-124770fc-f30b-4ad3-b5bb-a201b4de1ac4 23e04251e35a4af8836d799cdbc6c009 4eeeddb45ad446a68ed4de7bd550932a - default default] 10.0.20.20 "GET /v2.0/ports?device_id=ae34b23d-63a9-416d-9701-225bd26b289b HTTP/1.1" status: 200  len: 1124 time: 0.7233450
2018-09-13 10:40:23.765 5433 DEBUG neutron.api.v2.base [req-333bd4f6-23e8-4f00-9c7c-6b8a9ca01be9 7e3296160ca0403d931c46d721211018 d924abce208c4c66b8ca02355a868a67 - 89f3d6fee37247dba248ba9c029c6cbe 89f3d6fee37247dba248ba9c029c6cbe] Request body: {u'floatingip': {u'fixed_ip_address': u'11.141.1.9', u'port_id': u'6ec4f511-fe8d-463b-ac03-24efa0a6d7e2'}} prepare_request_body /usr/lib/python2.7/site-packages/neutron/api/v2/base.py:695
2018-09-13 10:40:23.914 5440 INFO neutron.wsgi [req-56472ea2-f281-4115-8bde-26838ff07b1f 23e04251e35a4af8836d799cdbc6c009 4eeeddb45ad446a68ed4de7bd550932a - default default] 10.0.20.20 "GET /v2.0/security-groups?id=d0c8d6c2-9d13-45ca-907d-4c8d83f0266e HTTP/1.1" status: 200  len: 2118 time: 0.1461220
2018-09-13 10:40:24.090 5433 DEBUG neutron_lib.callbacks.manager [req-333bd4f6-23e8-4f00-9c7c-6b8a9ca01be9 7e3296160ca0403d931c46d721211018 d924abce208c4c66b8ca02355a868a67 - 89f3d6fee37247dba248ba9c029c6cbe 89f3d6fee37247dba248ba9c029c6cbe] Notify callbacks ['neutron.services.l3_router.l3_router_plugin.L3RouterPlugin._create_dvr_floating_gw_port-1675292'] for floatingip, after_update _notify_loop /usr/lib/python2.7/site-packages/neutron_lib/callbacks/manager.py:167
2018-09-13 10:40:25.024 5433 DEBUG neutron.scheduler.l3_agent_scheduler [req-333bd4f6-23e8-4f00-9c7c-6b8a9ca01be9 7e3296160ca0403d931c46d721211018 d924abce208c4c66b8ca02355a868a67 - 89f3d6fee37247dba248ba9c029c6cbe 89f3d6fee37247dba248ba9c029c6cbe] Router deee62a3-df21-4012-8787-c96efbf57305 has already been hosted by L3 agent dc541052-a402-4423-8a23-121d937110f6 _get_candidates /usr/lib/python2.7/site-packages/neutron/scheduler/l3_agent_scheduler.py:141
2018-09-13 10:40:25.305 5433 DEBUG neutron.api.rpc.agentnotifiers.l3_rpc_agent_api [req-333bd4f6-23e8-4f00-9c7c-6b8a9ca01be9 7e3296160ca0403d931c46d721211018 d924abce208c4c66b8ca02355a868a67 - 89f3d6fee37247dba248ba9c029c6cbe 89f3d6fee37247dba248ba9c029c6cbe] Notify agent at l3_agent.localhost.localdomain the message routers_updated _agent_notification /usr/lib/python2.7/site-packages/neutron/api/rpc/agentnotifiers/l3_rpc_agent_api.py:69
2018-09-13 10:40:25.325 5433 DEBUG neutron_lib.callbacks.manager [req-333bd4f6-23e8-4f00-9c7c-6b8a9ca01be9 7e3296160ca0403d931c46d721211018 d924abce208c4c66b8ca02355a868a67 - 89f3d6fee37247dba248ba9c029c6cbe 89f3d6fee37247dba248ba9c029c6cbe] Notify callbacks ['neutron.notifiers.nova.Notifier._send_nova_notification--9223372036854775011'] for floatingip, before_response _notify_loop /usr/lib/python2.7/site-packages/neutron_lib/callbacks/manager.py:167
2018-09-13 10:40:25.377 5444 DEBUG neutron.db.l3_hamode_db [req-468c091d-09c6-4209-826d-47c402d9357e - - - - -] neutron.services.l3_router.l3_router_plugin.L3RouterPlugin method get_ha_sync_data_for_host called with arguments (<neutron_lib.context.Context object at 0x7ff4fde4d5d0>, u'localhost.localdomain', <neutron.db.models.agent.Agent[object at 7ff4fe013e90] {id=u'dc541052-a402-4423-8a23-121d937110f6', agent_type=u'L3 agent', binary=u'neutron-l3-agent', topic=u'l3_agent', host=u'localhost.localdomain', availability_zone=u'nova', admin_state_up=True, created_at=datetime.datetime(2018, 8, 30, 12, 16, 29), started_at=datetime.datetime(2018, 9, 13, 14, 14, 13), heartbeat_timestamp=datetime.datetime(2018, 9, 13, 14, 40, 13), description=None, configurations=u'{"agent_mode": "legacy", "gateway_external_network_id": "", "handle_internal_only_routers": true, "routers": 2, "interfaces": 2, "floating_ips": 0, "interface_driver": "neutron.agent.linux.interface.OVSInterfaceDriver", "log_agent_heartbeats": false, "external_network_bridge": "", "ex_gw_ports": 2}', resource_versions=None, load=0}>) {'active': True, 'router_ids': ['deee62a3-df21-4012-8787-c96efbf57305']} wrapper /usr/lib/python2.7/site-packages/oslo_log/helpers.py:66
2018-09-13 10:40:25.446 5433 INFO neutron.wsgi [req-333bd4f6-23e8-4f00-9c7c-6b8a9ca01be9 7e3296160ca0403d931c46d721211018 d924abce208c4c66b8ca02355a868a67 - 89f3d6fee37247dba248ba9c029c6cbe 89f3d6fee37247dba248ba9c029c6cbe] 10.0.20.20 "PUT /v2.0/floatingips/cfbb91a7-136b-4df8-a887-0d1f4247399d HTTP/1.1" status: 200  len: 746 time: 1.7061050
2018-09-13 10:40:25.448 5433 DEBUG oslo_concurrency.lockutils [-] Lock "notifier-8545f281-d84e-4618-bf8a-75959322d371" acquired by "neutron.notifiers.batch_notifier.synced_send" :: waited 0.000s inner /usr/lib/python2.7/site-packages/oslo_concurrency/lockutils.py:270
2018-09-13 10:40:25.449 5433 DEBUG neutron.notifiers.nova [-] Sending events: [{'tag': u'6ec4f511-fe8d-463b-ac03-24efa0a6d7e2', 'name': 'network-changed', 'server_uuid': u'ae34b23d-63a9-416d-9701-225bd26b289b'}] send_events /usr/lib/python2.7/site-packages/neutron/notifiers/nova.py:242
2018-09-13 10:40:25.750 5438 INFO neutron.wsgi [req-1c49345f-41e2-47d1-bc4e-6d7f04c63b1d 23e04251e35a4af8836d799cdbc6c009 4eeeddb45ad446a68ed4de7bd550932a - default default] 10.0.20.20 "GET /v2.0/ports?device_id=ae34b23d-63a9-416d-9701-225bd26b289b HTTP/1.1" status: 200  len: 1124 time: 0.9146121
2018-09-13 10:40:25.958 5438 INFO neutron.wsgi [req-63481f6c-b371-43a4-8c86-edefaf2bf7a5 23e04251e35a4af8836d799cdbc6c009 4eeeddb45ad446a68ed4de7bd550932a - default default] 10.0.20.20 "GET /v2.0/security-groups?id=d0c8d6c2-9d13-45ca-907d-4c8d83f0266e HTTP/1.1" status: 200  len: 2118 time: 0.1941471
2018-09-13 10:40:26.840 5433 DEBUG novaclient.v2.client [-] REQ: curl -g -i -X POST http://10.0.20.20:8774/v2.1/4eeeddb45ad446a68ed4de7bd550932a/os-server-external-events -H "User-Agent: python-novaclient" -H "Content-Type: application/json" -H "Accept: application/json" -H "X-OpenStack-Nova-API-Version: 2.1" -H "X-Auth-Token: {SHA1}08108ca16d96c4c2a306b8822c4c52d28d4ecaf2" -d '{"events": [{"tag": "6ec4f511-fe8d-463b-ac03-24efa0a6d7e2", "name": "network-changed", "server_uuid": "ae34b23d-63a9-416d-9701-225bd26b289b"}]}' _http_log_request /usr/lib/python2.7/site-packages/keystoneauth1/session.py:375
2018-09-13 10:40:26.900 5444 DEBUG neutron.db.l3_hamode_db [req-468c091d-09c6-4209-826d-47c402d9357e - - - - -] neutron.services.l3_router.l3_router_plugin.L3RouterPlugin method _process_sync_ha_data called with arguments (<neutron_lib.context.Context object at 0x7ff4fde4d5d0>, [{'status': u'ACTIVE', '_interfaces': [{'status': u'ACTIVE', 'subnets': [{'dns_nameservers': [u'8.8.4.4'], 'ipv6_ra_mode': None, 'gateway_ip': u'11.141.1.1', 'cidr': u'11.141.1.0/24', 'id': u'ba58b8eb-e460-4169-bcf7-beadd61d992b', 'subnetpool_id': None}], 'binding:host_id': u'localhost.localdomain', 'description': u'', 'allowed_address_pairs': [], 'tags': [], 'extra_dhcp_opts': [], 'updated_at': '2018-09-13T14:39:02Z', 'device_owner': u'network:router_interface', 'revision_number': 7, 'port_security_enabled': False, 'binding:profile': {}, 'mtu': 1450, 'fixed_ips': [{'subnet_id': u'ba58b8eb-e460-4169-bcf7-beadd61d992b', 'prefixlen': 24, 'ip_address': u'11.141.1.1'}], 'id': u'e49ac6e7-ac7f-4b8a-a14f-288100adb42e', 'security_groups': [], 'device_id': u'deee62a3-df21-4012-8787-c96efbf57305', 'name': u'', 'admin_state_up': True, 'network_id': u'daa3e87e-298e-4b6d-813d-5be8d62b3525', 'tenant_id': u'd924abce208c4c66b8ca02355a868a67', 'binding:vif_details': {u'port_filter': True, u'datapath_type': u'system', u'ovs_hybrid_plug': True}, 'address_scopes': {4: None, 6: None}, 'binding:vnic_type': u'normal', 'binding:vif_type': u'ovs', 'mac_address': u'fa:16:3e:98:f5:29', 'project_id': u'd924abce208c4c66b8ca02355a868a67', 'extra_subnets': [], 'created_at': '2018-09-13T14:38:52Z'}], 'enable_snat': True, 'ha_vr_id': 0, 'description': u'', 'tags': [], 'gw_port': {'status': u'ACTIVE', 'subnets': [{'dns_nameservers': [], 'ipv6_ra_mode': None, 'gateway_ip': u'172.24.4.1', 'cidr': u'172.24.4.0/24', 'id': u'5f4e1ac0-b77f-4630-ace6-541a6f9c266c', 'subnetpool_id': None}], 'binding:host_id': u'localhost.localdomain', 'description': u'', 'allowed_address_pairs': [], 'tags': [], 'extra_dhcp_opts': [], 'updated_at': '2018-09-13T14:39:16Z', 'device_owner': u'network:router_gateway', 'revision_number': 6, 'port_security_enabled': False, 'binding:profile': {}, 'mtu': 1500, 'fixed_ips': [{'subnet_id': u'5f4e1ac0-b77f-4630-ace6-541a6f9c266c', 'prefixlen': 24, 'ip_address': u'172.24.4.6'}], 'id': u'2c346d40-bc7a-4732-bb99-973fb9116ab3', 'security_groups': [], 'device_id': u'deee62a3-df21-4012-8787-c96efbf57305', 'name': u'', 'admin_state_up': True, 'network_id': u'bcf73fc2-8df6-4f12-801c-ef4abf269c73', 'tenant_id': u'', 'binding:vif_details': {u'port_filter': True, u'datapath_type': u'system', u'ovs_hybrid_plug': True}, 'address_scopes': {4: None, 6: None}, 'binding:vnic_type': u'normal', 'binding:vif_type': u'ovs', 'mac_address': u'fa:16:3e:f6:38:36', 'project_id': u'', 'extra_subnets': [], 'created_at': '2018-09-13T14:39:07Z'}, 'updated_at': '2018-09-13T14:39:08Z', 'revision_number': 4, 'ha': False, 'id': u'deee62a3-df21-4012-8787-c96efbf57305', 'gw_port_host': u'localhost.localdomain', 'external_gateway_info': {'network_id': u'bcf73fc2-8df6-4f12-801c-ef4abf269c73', 'enable_snat': True, 'external_fixed_ips': [{'subnet_id': u'5f4e1ac0-b77f-4630-ace6-541a6f9c266c', 'ip_address': u'172.24.4.6'}]}, 'availability_zone_hints': [], 'availability_zones': [u'nova'], 'name': u'tempest-router-1536849312', 'gw_port_id': u'2c346d40-bc7a-4732-bb99-973fb9116ab3', 'admin_state_up': True, 'tenant_id': u'd924abce208c4c66b8ca02355a868a67', 'created_at': '2018-09-13T14:38:27Z', 'distributed': False, 'flavor_id': None, 'routes': [], 'project_id': u'd924abce208c4c66b8ca02355a868a67', '_floatingips': [{'router_id': u'deee62a3-df21-4012-8787-c96efbf57305', 'status': u'DOWN', 'description': u'', 'tags': [], 'updated_at': '2018-09-13T14:40:24Z', 'dns_domain': '', 'floating_network_id': u'bcf73fc2-8df6-4f12-801c-ef4abf269c73', 'fixed_ip_address': u'11.141.1.9', 'floating_ip_address': u'172.24.4.15', 'revision_number': 1, 'port_id': u'6ec4f511-fe8d-463b-ac03-24efa0a6d7e2', 'id': u'cfbb91a7-136b-4df8-a887-0d1f4247399d', 'dns_name': '', 'created_at': '2018-09-13T14:40:06Z', 'tenant_id': u'd924abce208c4c66b8ca02355a868a67', 'fixed_ip_address_scope': None, 'project_id': u'd924abce208c4c66b8ca02355a868a67'}]}], u'localhost.localdomain', False) {} wrapper /usr/lib/python2.7/site-packages/oslo_log/helpers.py:66
2018-09-13 10:40:26.913 5444 DEBUG neutron.api.rpc.handlers.l3_rpc [req-468c091d-09c6-4209-826d-47c402d9357e - - - - -] Checking router: deee62a3-df21-4012-8787-c96efbf57305 for host: localhost.localdomain _ensure_host_set_on_ports /usr/lib/python2.7/site-packages/neutron/api/rpc/handlers/l3_rpc.py:135
2018-09-13 10:40:27.298 5446 DEBUG neutron.api.rpc.handlers.l3_rpc [req-bb109006-7da0-4485-a865-ea075567df0e - - - - -] New status for floating IP cfbb91a7-136b-4df8-a887-0d1f4247399d: ACTIVE update_floatingip_statuses /usr/lib/python2.7/site-packages/neutron/api/rpc/handlers/l3_rpc.py:252
2018-09-13 10:40:27.736 5433 INFO neutron.wsgi [req-e15d124c-dbd1-4ab9-a203-8324194f5118 23e04251e35a4af8836d799cdbc6c009 4eeeddb45ad446a68ed4de7bd550932a - default default] 10.0.20.20 "GET /v2.0/ports?tenant_id=d924abce208c4c66b8ca02355a868a67&device_id=ae34b23d-63a9-416d-9701-225bd26b289b HTTP/1.1" status: 200  len: 1124 time: 0.9619250
2018-09-13 10:40:27.902 5437 INFO neutron.wsgi [req-b3bdef77-6b5c-41cb-bef0-ff453b55e0cc 23e04251e35a4af8836d799cdbc6c009 4eeeddb45ad446a68ed4de7bd550932a - default default] 10.0.20.20 "GET /v2.0/ports?device_id=ae34b23d-63a9-416d-9701-225bd26b289b HTTP/1.1" status: 200  len: 1124 time: 1.2786281
2018-09-13 10:40:28.013 5433 DEBUG neutron.pecan_wsgi.hooks.policy_enforcement [req-e3e7026b-315c-4700-8f0d-22d381a53350 23e04251e35a4af8836d799cdbc6c009 4eeeddb45ad446a68ed4de7bd550932a - default default] Attributes excluded by policy engine: [u'vlan_transparent'] _exclude_attributes_by_policy /usr/lib/python2.7/site-packages/neutron/pecan_wsgi/hooks/policy_enforcement.py:256
2018-09-13 10:40:28.018 5433 INFO neutron.wsgi [req-e3e7026b-315c-4700-8f0d-22d381a53350 23e04251e35a4af8836d799cdbc6c009 4eeeddb45ad446a68ed4de7bd550932a - default default] 10.0.20.20 "GET /v2.0/networks?id=daa3e87e-298e-4b6d-813d-5be8d62b3525 HTTP/1.1" status: 200  len: 885 time: 0.2740190
2018-09-13 10:40:28.051 5437 INFO neutron.wsgi [req-44c1b045-9e01-4865-b338-e1985b6db3dc 23e04251e35a4af8836d799cdbc6c009 4eeeddb45ad446a68ed4de7bd550932a - default default] 10.0.20.20 "GET /v2.0/security-groups?id=d0c8d6c2-9d13-45ca-907d-4c8d83f0266e HTTP/1.1" status: 200  len: 2118 time: 0.1399050
2018-09-13 10:40:28.056 5433 DEBUG novaclient.v2.client [-] RESP: [200] Content-Length: 179 Content-Type: application/json Openstack-Api-Version: compute 2.1 X-Openstack-Nova-Api-Version: 2.1 Vary: OpenStack-API-Version, X-OpenStack-Nova-API-Version X-Openstack-Request-Id: req-cd9505fe-fb8a-4c61-a3e2-ea957716127d X-Compute-Request-Id: req-cd9505fe-fb8a-4c61-a3e2-ea957716127d Date: Thu, 13 Sep 2018 14:40:28 GMT Connection: keep-alive 
RESP BODY: {"events": [{"status": "completed", "tag": "6ec4f511-fe8d-463b-ac03-24efa0a6d7e2", "name": "network-changed", "server_uuid": "ae34b23d-63a9-416d-9701-225bd26b289b", "code": 200}]}
 _http_log_response /usr/lib/python2.7/site-packages/keystoneauth1/session.py:423
2018-09-13 10:40:28.057 5433 DEBUG novaclient.v2.client [-] POST call to compute for http://10.0.20.20:8774/v2.1/4eeeddb45ad446a68ed4de7bd550932a/os-server-external-events used request id req-cd9505fe-fb8a-4c61-a3e2-ea957716127d request /usr/lib/python2.7/site-packages/keystoneauth1/session.py:727
2018-09-13 10:40:28.058 5433 INFO neutron.notifiers.nova [-] Nova event response: {u'status': u'completed', u'tag': u'6ec4f511-fe8d-463b-ac03-24efa0a6d7e2', u'name': u'network-changed', u'server_uuid': u'ae34b23d-63a9-416d-9701-225bd26b289b', u'code': 200}
2018-09-13 10:40:28.084 5433 INFO neutron.wsgi [req-3da1bbe7-6d77-43c8-9ed2-dd80795f6608 23e04251e35a4af8836d799cdbc6c009 4eeeddb45ad446a68ed4de7bd550932a - default default] 10.0.20.20 "GET /v2.0/floatingips?fixed_ip_address=11.141.1.9&port_id=6ec4f511-fe8d-463b-ac03-24efa0a6d7e2 HTTP/1.1" status: 200  len: 751 time: 0.0569010
2018-09-13 10:40:28.247 5435 INFO neutron.wsgi [req-42791cb0-1799-4da3-b1d4-aa43f7ed5843 23e04251e35a4af8836d799cdbc6c009 4eeeddb45ad446a68ed4de7bd550932a - default default] 10.0.20.20 "GET /v2.0/ports?tenant_id=d924abce208c4c66b8ca02355a868a67&device_id=ae34b23d-63a9-416d-9701-225bd26b289b HTTP/1.1" status: 200  len: 1124 time: 0.1488619
2018-09-13 10:40:28.259 5433 DEBUG neutron.pecan_wsgi.hooks.policy_enforcement [req-ac435278-8cff-4632-9c37-7bc6c0a9630e 23e04251e35a4af8836d799cdbc6c009 4eeeddb45ad446a68ed4de7bd550932a - default default] Attributes excluded by policy engine: [u'shared'] _exclude_attributes_by_policy /usr/lib/python2.7/site-packages/neutron/pecan_wsgi/hooks/policy_enforcement.py:256
2018-09-13 10:40:28.261 5433 INFO neutron.wsgi [req-ac435278-8cff-4632-9c37-7bc6c0a9630e 23e04251e35a4af8836d799cdbc6c009 4eeeddb45ad446a68ed4de7bd550932a - default default] 10.0.20.20 "GET /v2.0/subnets?id=ba58b8eb-e460-4169-bcf7-beadd61d992b HTTP/1.1" status: 200  len: 847 time: 0.1691070
2018-09-13 10:40:28.396 5433 INFO neutron.wsgi [req-c942312c-2e0c-47da-8c07-bdaf7e3190bd 23e04251e35a4af8836d799cdbc6c009 4eeeddb45ad446a68ed4de7bd550932a - default default] 10.0.20.20 "GET /v2.0/ports?network_id=daa3e87e-298e-4b6d-813d-5be8d62b3525&device_owner=network%3Adhcp HTTP/1.1" status: 200  len: 1128 time: 0.1249528
2018-09-13 10:40:28.539 5435 DEBUG neutron.pecan_wsgi.hooks.policy_enforcement [req-2dd50a61-519d-4b5c-8fc9-59ff2665409e 23e04251e35a4af8836d799cdbc6c009 4eeeddb45ad446a68ed4de7bd550932a - default default] Attributes excluded by policy engine: [u'vlan_transparent'] _exclude_attributes_by_policy /usr/lib/python2.7/site-packages/neutron/pecan_wsgi/hooks/policy_enforcement.py:256
2018-09-13 10:40:28.543 5435 INFO neutron.wsgi [req-2dd50a61-519d-4b5c-8fc9-59ff2665409e 23e04251e35a4af8836d799cdbc6c009 4eeeddb45ad446a68ed4de7bd550932a - default default] 10.0.20.20 "GET /v2.0/networks?id=daa3e87e-298e-4b6d-813d-5be8d62b3525 HTTP/1.1" status: 200  len: 885 time: 0.2855821
2018-09-13 10:40:28.595 5435 INFO neutron.wsgi [req-1425bc2d-5906-4bf6-9c84-86f521576eca 23e04251e35a4af8836d799cdbc6c009 4eeeddb45ad446a68ed4de7bd550932a - default default] 10.0.20.20 "GET /v2.0/floatingips?fixed_ip_address=11.141.1.9&port_id=6ec4f511-fe8d-463b-ac03-24efa0a6d7e2 HTTP/1.1" status: 200  len: 751 time: 0.0422750
2018-09-13 10:40:28.758 5435 DEBUG neutron.pecan_wsgi.hooks.policy_enforcement [req-53ee673f-366e-403e-add4-b0c90957af72 23e04251e35a4af8836d799cdbc6c009 4eeeddb45ad446a68ed4de7bd550932a - default default] Attributes excluded by policy engine: [u'shared'] _exclude_attributes_by_policy /usr/lib/python2.7/site-packages/neutron/pecan_wsgi/hooks/policy_enforcement.py:256
2018-09-13 10:40:28.762 5435 INFO neutron.wsgi [req-53ee673f-366e-403e-add4-b0c90957af72 23e04251e35a4af8836d799cdbc6c009 4eeeddb45ad446a68ed4de7bd550932a - default default] 10.0.20.20 "GET /v2.0/subnets?id=ba58b8eb-e460-4169-bcf7-beadd61d992b HTTP/1.1" status: 200  len: 847 time: 0.1576271
2018-09-13 10:40:28.894 5435 INFO neutron.wsgi [req-418eaf39-a12d-446e-a1ce-f19e280a06f1 23e04251e35a4af8836d799cdbc6c009 4eeeddb45ad446a68ed4de7bd550932a - default default] 10.0.20.20 "GET /v2.0/ports?network_id=daa3e87e-298e-4b6d-813d-5be8d62b3525&device_owner=network%3Adhcp HTTP/1.1" status: 200  len: 1128 time: 0.1246102
2018-09-13 10:40:29.511 5440 INFO neutron.wsgi [req-a628c7a3-3d9e-4fb3-ad25-8be055617c08 23e04251e35a4af8836d799cdbc6c009 4eeeddb45ad446a68ed4de7bd550932a - default default] 10.0.20.20 "GET /v2.0/ports?device_id=ae34b23d-63a9-416d-9701-225bd26b289b HTTP/1.1" status: 200  len: 1124 time: 0.6034410
2018-09-13 10:40:29.649 5440 INFO neutron.wsgi [req-f23d18c0-f138-4c75-bb0d-3c7f83d22082 23e04251e35a4af8836d799cdbc6c009 4eeeddb45ad446a68ed4de7bd550932a - default default] 10.0.20.20 "GET /v2.0/security-groups?id=d0c8d6c2-9d13-45ca-907d-4c8d83f0266e HTTP/1.1" status: 200  len: 2118 time: 0.1276641
2018-09-13 10:40:30.060 5433 DEBUG oslo_concurrency.lockutils [-] Lock "notifier-8545f281-d84e-4618-bf8a-75959322d371" released by "neutron.notifiers.batch_notifier.synced_send" :: held 4.611s inner /usr/lib/python2.7/site-packages/oslo_concurrency/lockutils.py:282
2018-09-13 10:40:31.535 5440 INFO neutron.wsgi [req-19e5c966-6c78-41a5-b49c-bda7aca4ed4b 23e04251e35a4af8836d799cdbc6c009 4eeeddb45ad446a68ed4de7bd550932a - default default] 10.0.20.20 "GET /v2.0/ports?device_id=ae34b23d-63a9-416d-9701-225bd26b289b HTTP/1.1" status: 200  len: 1124 time: 0.9783151
2018-09-13 10:40:31.683 5440 INFO neutron.wsgi [req-2731ec8a-303b-40eb-a4ae-39efae9afa81 23e04251e35a4af8836d799cdbc6c009 4eeeddb45ad446a68ed4de7bd550932a - default default] 10.0.20.20 "GET /v2.0/security-groups?id=d0c8d6c2-9d13-45ca-907d-4c8d83f0266e HTTP/1.1" status: 200  len: 2118 time: 0.1381400
2018-09-13 10:40:36.748 5440 DEBUG neutron.wsgi [-] (5440) accepted ('10.0.20.20', 52806) server /usr/lib/python2.7/site-packages/eventlet/wsgi.py:883
2018-09-13 10:40:37.538 5440 INFO neutron.wsgi [req-cddae4da-1afa-4569-8317-03c86b87aeda 23e04251e35a4af8836d799cdbc6c009 4eeeddb45ad446a68ed4de7bd550932a - default default] 10.0.20.20 "GET /v2.0/ports?device_id=ae34b23d-63a9-416d-9701-225bd26b289b HTTP/1.1" status: 200  len: 1124 time: 0.7880032
2018-09-13 10:40:37.709 5440 INFO neutron.wsgi [req-6d9bc17f-cd8b-44eb-ae2e-ff94668a656a 23e04251e35a4af8836d799cdbc6c009 4eeeddb45ad446a68ed4de7bd550932a - default default] 10.0.20.20 "GET /v2.0/security-groups?id=d0c8d6c2-9d13-45ca-907d-4c8d83f0266e HTTP/1.1" status: 200  len: 2118 time: 0.1597371
2018-09-13 10:40:41.729 5440 INFO neutron.wsgi [req-ec4ceb19-b375-489b-849e-933a93d94f86 7e3296160ca0403d931c46d721211018 d924abce208c4c66b8ca02355a868a67 - 89f3d6fee37247dba248ba9c029c6cbe 89f3d6fee37247dba248ba9c029c6cbe] 10.0.20.20 "GET /v2.0/ports?device_id=ae34b23d-63a9-416d-9701-225bd26b289b HTTP/1.1" status: 200  len: 1124 time: 0.9043510
2018-09-13 10:40:41.886 5440 INFO neutron.wsgi [req-7fa87b6e-46ad-4f37-9876-eb48f9adfa75 7e3296160ca0403d931c46d721211018 d924abce208c4c66b8ca02355a868a67 - 89f3d6fee37247dba248ba9c029c6cbe 89f3d6fee37247dba248ba9c029c6cbe] 10.0.20.20 "GET /v2.0/security-groups?id=d0c8d6c2-9d13-45ca-907d-4c8d83f0266e HTTP/1.1" status: 200  len: 2118 time: 0.1502271
2018-09-13 10:40:43.310 5444 DEBUG neutron_lib.callbacks.manager [req-34a18ce4-caef-4aa1-9893-6e4e8cd766cd - - - - -] Notify callbacks ['neutron.services.segments.db._update_segment_host_mapping_for_agent--9223363243715463909'] for agent, after_update _notify_loop /usr/lib/python2.7/site-packages/neutron_lib/callbacks/manager.py:167
2018-09-13 10:40:43.400 5447 DEBUG neutron_lib.callbacks.manager [req-dfd2515e-4be6-413b-9c03-5debaf634a11 - - - - -] Notify callbacks ['neutron.services.segments.db._update_segment_host_mapping_for_agent--9223363243715463909'] for agent, after_update _notify_loop /usr/lib/python2.7/site-packages/neutron_lib/callbacks/manager.py:167
2018-09-13 10:40:43.535 5448 DEBUG neutron_lib.callbacks.manager [req-2c73bafa-1fb7-4f99-9fce-cb52670c3533 - - - - -] Notify callbacks ['neutron.services.segments.db._update_segment_host_mapping_for_agent--9223363243715463909'] for agent, after_update _notify_loop /usr/lib/python2.7/site-packages/neutron_lib/callbacks/manager.py:167
2018-09-13 10:40:43.871 5442 DEBUG neutron_lib.callbacks.manager [req-5b39ee9e-7f3c-44a5-8d87-696ae4aceaa1 - - - - -] Notify callbacks ['neutron.services.segments.db._update_segment_host_mapping_for_agent--9223363243715463909'] for agent, after_update _notify_loop /usr/lib/python2.7/site-packages/neutron_lib/callbacks/manager.py:167
2018-09-13 10:40:44.899 5450 DEBUG neutron.db.agents_db [req-6f13c17c-d56c-4bf1-bef8-1749033a146f - - - - -] Agent healthcheck: found 5 active agents agent_health_check /usr/lib/python2.7/site-packages/neutron/db/agents_db.py:281
2018-09-13 10:40:46.199 5449 DEBUG neutron_lib.callbacks.manager [req-ab4d769d-8a1b-498a-af36-231a76151879 - - - - -] Notify callbacks ['neutron.services.segments.db._update_segment_host_mapping_for_agent--9223363243715463909'] for agent, after_update _notify_loop /usr/lib/python2.7/site-packages/neutron_lib/callbacks/manager.py:167
2018-09-13 10:41:03.588 5433 INFO neutron.wsgi [req-a723c57b-fb31-4a1c-97ad-9c4359c97331 7e3296160ca0403d931c46d721211018 d924abce208c4c66b8ca02355a868a67 - 89f3d6fee37247dba248ba9c029c6cbe 89f3d6fee37247dba248ba9c029c6cbe] 10.0.20.20 "GET /v2.0/ports?device_id=ae34b23d-63a9-416d-9701-225bd26b289b HTTP/1.1" status: 200  len: 1124 time: 0.3920031
2018-09-13 10:41:03.691 5433 INFO neutron.wsgi [req-f75b316e-c3ee-46a4-b9cc-047a29cd9598 7e3296160ca0403d931c46d721211018 d924abce208c4c66b8ca02355a868a67 - 89f3d6fee37247dba248ba9c029c6cbe 89f3d6fee37247dba248ba9c029c6cbe] 10.0.20.20 "GET /v2.0/security-groups?id=d0c8d6c2-9d13-45ca-907d-4c8d83f0266e HTTP/1.1" status: 200  len: 2118 time: 0.0988460
2018-09-13 10:41:07.804 5435 INFO neutron.wsgi [req-e1c29630-78ad-4ef7-ac78-17c087318c54 23e04251e35a4af8836d799cdbc6c009 4eeeddb45ad446a68ed4de7bd550932a - default default] 10.0.20.20 "GET /v2.0/ports?tenant_id=d924abce208c4c66b8ca02355a868a67&device_id=ae34b23d-63a9-416d-9701-225bd26b289b HTTP/1.1" status: 200  len: 1124 time: 0.1718271
2018-09-13 10:41:08.086 5435 DEBUG neutron.pecan_wsgi.hooks.policy_enforcement [req-b76b19fe-9850-4b53-b343-2291daed1b3b 23e04251e35a4af8836d799cdbc6c009 4eeeddb45ad446a68ed4de7bd550932a - default default] Attributes excluded by policy engine: [u'vlan_transparent'] _exclude_attributes_by_policy /usr/lib/python2.7/site-packages/neutron/pecan_wsgi/hooks/policy_enforcement.py:256
2018-09-13 10:41:08.089 5435 INFO neutron.wsgi [req-b76b19fe-9850-4b53-b343-2291daed1b3b 23e04251e35a4af8836d799cdbc6c009 4eeeddb45ad446a68ed4de7bd550932a - default default] 10.0.20.20 "GET /v2.0/networks?id=daa3e87e-298e-4b6d-813d-5be8d62b3525 HTTP/1.1" status: 200  len: 885 time: 0.2750149
