2018-09-29 06:42:58.437 31976 INFO neutron.wsgi [req-083c705a-e8d9-4f32-a677-662a7425e223 385405652b74463ca36119e213a84b2c e169fa6db0c147f283ae7c6a936117f3 - default default] 10.0.20.26 "GET /v2.0/subnets?id=4da542e1-e1bc-48c4-9eca-cf35349e7069 HTTP/1.1" status: 200  len: 847 time: 0.2980008
2018-09-29 06:42:58.499 31986 DEBUG neutron.db.provisioning_blocks [req-12b793fd-e8d0-468c-8bb7-2bb81e21ea6c - - - - -] Provisioning for port 23db1a73-1dca-4d31-aa44-78ccd414d227 completed by entity L2. provisioning_complete /usr/lib/python2.7/site-packages/neutron/db/provisioning_blocks.py:132
2018-09-29 06:42:58.522 31986 DEBUG neutron.db.provisioning_blocks [req-12b793fd-e8d0-468c-8bb7-2bb81e21ea6c - - - - -] Provisioning complete for port 23db1a73-1dca-4d31-aa44-78ccd414d227 triggered by entity L2. provisioning_complete /usr/lib/python2.7/site-packages/neutron/db/provisioning_blocks.py:138
2018-09-29 06:42:58.528 31986 DEBUG neutron_lib.callbacks.manager [req-12b793fd-e8d0-468c-8bb7-2bb81e21ea6c - - - - -] Notify callbacks ['neutron.plugins.ml2.plugin.Ml2Plugin._port_provisioned--9223372036853016596'] for port, provisioning_complete _notify_loop /usr/lib/python2.7/site-packages/neutron_lib/callbacks/manager.py:167
2018-09-29 06:42:58.606 31976 INFO neutron.wsgi [req-33202302-4fda-4ffd-b14f-952c0f02efb4 385405652b74463ca36119e213a84b2c e169fa6db0c147f283ae7c6a936117f3 - default default] 10.0.20.26 "GET /v2.0/ports?network_id=b9ac343d-72fa-45cc-839b-282c06ec4c52&device_owner=network%3Adhcp HTTP/1.1" status: 200  len: 1128 time: 0.1630130
2018-09-29 06:42:58.796 31986 DEBUG neutron_lib.callbacks.manager [req-12b793fd-e8d0-468c-8bb7-2bb81e21ea6c - - - - -] Notify callbacks ['neutron.plugins.ml2.plugin.Ml2Plugin._ensure_default_security_group_handler-376883'] for port, before_update _notify_loop /usr/lib/python2.7/site-packages/neutron_lib/callbacks/manager.py:167
2018-09-29 06:42:58.873 31986 DEBUG oslo_concurrency.lockutils [-] Lock "notifier-85cbb402-0be2-4d5c-900a-4b3981a04b35" acquired by "neutron.notifiers.batch_notifier.synced_send" :: waited 0.000s inner /usr/lib/python2.7/site-packages/oslo_concurrency/lockutils.py:270
2018-09-29 06:42:58.874 31986 DEBUG neutron.notifiers.nova [-] Sending events: [{'status': 'completed', 'tag': u'23db1a73-1dca-4d31-aa44-78ccd414d227', 'name': 'network-vif-plugged', 'server_uuid': u'53ecd303-cdca-4033-8ecc-06642857d3b6'}] send_events /usr/lib/python2.7/site-packages/neutron/notifiers/nova.py:242
2018-09-29 06:42:58.883 31986 DEBUG neutron.plugins.ml2.db [req-12b793fd-e8d0-468c-8bb7-2bb81e21ea6c - - - - -] For port 23db1a73-1dca-4d31-aa44-78ccd414d227, host localhost.localdomain, got binding levels [<neutron.plugins.ml2.models.PortBindingLevel[object at 7fa531aeb990] {port_id=u'23db1a73-1dca-4d31-aa44-78ccd414d227', host=u'localhost.localdomain', level=0, driver=u'openvswitch', segment_id=u'fdb97a49-1932-4f17-b265-18a3d0da7244'}>] get_binding_levels /usr/lib/python2.7/site-packages/neutron/plugins/ml2/db.py:106
2018-09-29 06:42:58.909 31986 DEBUG neutron_lib.callbacks.manager [req-12b793fd-e8d0-468c-8bb7-2bb81e21ea6c - - - - -] Notify callbacks ['neutron.db.l3_dvrscheduler_db._notify_l3_agent_port_update--9223363265136442959', 'neutron.db.l3_hascheduler_db._notify_l3_agent_ha_port_update-8771718333701', 'neutron.plugins.ml2.ovo_rpc._ObjectChangeHandler.handle_event--9223372036853247574', 'neutron.api.rpc.agentnotifiers.dhcp_rpc_agent_api.DhcpAgentNotifyAPI._native_event_send_dhcp_notification-1418162', 'neutron.plugins.ml2.plugin.Ml2Plugin.notify_sg_on_port_change-378004'] for port, after_update _notify_loop /usr/lib/python2.7/site-packages/neutron_lib/callbacks/manager.py:167
2018-09-29 06:42:58.923 31986 DEBUG oslo_concurrency.lockutils [-] Lock "event-dispatch" acquired by "neutron.plugins.ml2.ovo_rpc.dispatch_events" :: waited 0.000s inner /usr/lib/python2.7/site-packages/oslo_concurrency/lockutils.py:270
2018-09-29 06:42:58.999 31983 DEBUG neutron_lib.callbacks.manager [req-3ef092ae-c6f9-4a4b-8996-46f8bef043f9 - - - - -] Notify callbacks ['neutron.services.segments.db._update_segment_host_mapping_for_agent-8771718695594'] for agent, after_update _notify_loop /usr/lib/python2.7/site-packages/neutron_lib/callbacks/manager.py:167
2018-09-29 06:42:59.111 31986 DEBUG neutron.api.rpc.handlers.resources_rpc [req-12b793fd-e8d0-468c-8bb7-2bb81e21ea6c - - - - -] neutron.api.rpc.handlers.resources_rpc.ResourcesPushRpcApi method push called with arguments (<neutron_lib.context.Context object at 0x7fa5319f2590>, [Port(admin_state_up=True,allowed_address_pairs=[],binding=PortBinding,binding_levels=[PortBindingLevel],created_at=2018-09-29T10:42:49Z,data_plane_status=<?>,description='',device_id='53ecd303-cdca-4033-8ecc-06642857d3b6',device_owner='compute:nova',dhcp_options=[],distributed_binding=None,dns=None,fixed_ips=[IPAllocation],id=23db1a73-1dca-4d31-aa44-78ccd414d227,mac_address=fa:16:3e:73:82:55,name='',network_id=b9ac343d-72fa-45cc-839b-282c06ec4c52,project_id='a1856de450234a98965f2733aa03bf94',qos_policy_id=None,revision_number=6,security=PortSecurity(23db1a73-1dca-4d31-aa44-78ccd414d227),security_group_ids=set([fdb4d9bc-06a1-485b-a64d-a6021115e262]),status='ACTIVE',updated_at=2018-09-29T10:42:58Z)], 'updated') {} wrapper /usr/lib/python2.7/site-packages/oslo_log/helpers.py:66
2018-09-29 06:42:59.142 31986 DEBUG oslo_concurrency.lockutils [req-12b793fd-e8d0-468c-8bb7-2bb81e21ea6c - - - - -] Lock "event-dispatch" released by "neutron.plugins.ml2.ovo_rpc.dispatch_events" :: held 0.219s inner /usr/lib/python2.7/site-packages/oslo_concurrency/lockutils.py:282
2018-09-29 06:42:59.505 31976 DEBUG oslo_concurrency.lockutils [-] Lock "notifier-85cbb402-0be2-4d5c-900a-4b3981a04b35" released by "neutron.notifiers.batch_notifier.synced_send" :: held 3.179s inner /usr/lib/python2.7/site-packages/oslo_concurrency/lockutils.py:282
2018-09-29 06:42:59.515 31985 DEBUG neutron_lib.callbacks.manager [req-628b7e51-22ae-449b-aa89-fd8bb8f36544 - - - - -] Notify callbacks ['neutron.services.segments.db._update_segment_host_mapping_for_agent-8771718695594'] for agent, after_update _notify_loop /usr/lib/python2.7/site-packages/neutron_lib/callbacks/manager.py:167
2018-09-29 06:42:59.838 31986 DEBUG novaclient.v2.client [-] REQ: curl -g -i -X POST http://10.0.20.26:8774/v2.1/e169fa6db0c147f283ae7c6a936117f3/os-server-external-events -H "User-Agent: python-novaclient" -H "Content-Type: application/json" -H "Accept: application/json" -H "X-OpenStack-Nova-API-Version: 2.1" -H "X-Auth-Token: {SHA1}6ea72d84ad78372f1186eef14be702ae3b0a02e6" -d '{"events": [{"status": "completed", "tag": "23db1a73-1dca-4d31-aa44-78ccd414d227", "name": "network-vif-plugged", "server_uuid": "53ecd303-cdca-4033-8ecc-06642857d3b6"}]}' _http_log_request /usr/lib/python2.7/site-packages/keystoneauth1/session.py:375
2018-09-29 06:42:59.968 31979 DEBUG neutron.plugins.ml2.rpc [req-12b793fd-e8d0-468c-8bb7-2bb81e21ea6c - - - - -] Device 23db1a73-1dca-4d31-aa44-78ccd414d227 up at agent ovs-agent-localhost.localdomain update_device_up /usr/lib/python2.7/site-packages/neutron/plugins/ml2/rpc.py:244
2018-09-29 06:43:00.101 31979 DEBUG neutron.db.provisioning_blocks [req-12b793fd-e8d0-468c-8bb7-2bb81e21ea6c - - - - -] Provisioning complete for port 23db1a73-1dca-4d31-aa44-78ccd414d227 triggered by entity L2. provisioning_complete /usr/lib/python2.7/site-packages/neutron/db/provisioning_blocks.py:138
2018-09-29 06:43:00.102 31979 DEBUG neutron_lib.callbacks.manager [req-12b793fd-e8d0-468c-8bb7-2bb81e21ea6c - - - - -] Notify callbacks ['neutron.plugins.ml2.plugin.Ml2Plugin._port_provisioned--9223372036853016596'] for port, provisioning_complete _notify_loop /usr/lib/python2.7/site-packages/neutron_lib/callbacks/manager.py:167
2018-09-29 06:43:02.073 31986 DEBUG novaclient.v2.client [-] RESP: [200] Content-Length: 183 Content-Type: application/json Openstack-Api-Version: compute 2.1 X-Openstack-Nova-Api-Version: 2.1 Vary: OpenStack-API-Version, X-OpenStack-Nova-API-Version X-Openstack-Request-Id: req-8e34db84-2fc3-426b-ae3d-0dc6b7f12c40 X-Compute-Request-Id: req-8e34db84-2fc3-426b-ae3d-0dc6b7f12c40 Date: Sat, 29 Sep 2018 10:43:02 GMT Connection: keep-alive 
RESP BODY: {"events": [{"status": "completed", "tag": "23db1a73-1dca-4d31-aa44-78ccd414d227", "name": "network-vif-plugged", "server_uuid": "53ecd303-cdca-4033-8ecc-06642857d3b6", "code": 200}]}
 _http_log_response /usr/lib/python2.7/site-packages/keystoneauth1/session.py:423
2018-09-29 06:43:02.075 31986 DEBUG novaclient.v2.client [-] POST call to compute for http://10.0.20.26:8774/v2.1/e169fa6db0c147f283ae7c6a936117f3/os-server-external-events used request id req-8e34db84-2fc3-426b-ae3d-0dc6b7f12c40 request /usr/lib/python2.7/site-packages/keystoneauth1/session.py:727
2018-09-29 06:43:02.085 31986 INFO neutron.notifiers.nova [-] Nova event response: {u'status': u'completed', u'tag': u'23db1a73-1dca-4d31-aa44-78ccd414d227', u'name': u'network-vif-plugged', u'server_uuid': u'53ecd303-cdca-4033-8ecc-06642857d3b6', u'code': 200}
2018-09-29 06:43:04.088 31986 DEBUG oslo_concurrency.lockutils [-] Lock "notifier-85cbb402-0be2-4d5c-900a-4b3981a04b35" released by "neutron.notifiers.batch_notifier.synced_send" :: held 5.215s inner /usr/lib/python2.7/site-packages/oslo_concurrency/lockutils.py:282
2018-09-29 06:43:04.175 31976 DEBUG neutron.quota.resource [req-f55426bd-d4c6-4e2f-b84e-18bc513df489 692681c995064dfc80c5d79c6e649542 a1856de450234a98965f2733aa03bf94 - 62372d233210473892f4c7d66cf38d02 62372d233210473892f4c7d66cf38d02] Synchronizing usage tracker for tenant:a1856de450234a98965f2733aa03bf94 on resource:port resync /usr/lib/python2.7/site-packages/neutron/quota/resource.py:245
2018-09-29 06:43:04.275 31976 DEBUG neutron.quota.resource [req-f55426bd-d4c6-4e2f-b84e-18bc513df489 692681c995064dfc80c5d79c6e649542 a1856de450234a98965f2733aa03bf94 - 62372d233210473892f4c7d66cf38d02 62372d233210473892f4c7d66cf38d02] Unset dirty status for tenant:a1856de450234a98965f2733aa03bf94 on resource:port _resync /usr/lib/python2.7/site-packages/neutron/quota/resource.py:237
2018-09-29 06:43:04.278 31976 INFO neutron.wsgi [req-f55426bd-d4c6-4e2f-b84e-18bc513df489 692681c995064dfc80c5d79c6e649542 a1856de450234a98965f2733aa03bf94 - 62372d233210473892f4c7d66cf38d02 62372d233210473892f4c7d66cf38d02] 10.0.20.26 "GET /v2.0/ports?device_id=53ecd303-cdca-4033-8ecc-06642857d3b6 HTTP/1.1" status: 200  len: 1124 time: 0.9677920
2018-09-29 06:43:04.486 31976 INFO neutron.wsgi [req-0dcecfec-fdf9-471c-b665-5d98eea5f42c 692681c995064dfc80c5d79c6e649542 a1856de450234a98965f2733aa03bf94 - 62372d233210473892f4c7d66cf38d02 62372d233210473892f4c7d66cf38d02] 10.0.20.26 "GET /v2.0/security-groups?id=fdb4d9bc-06a1-485b-a64d-a6021115e262 HTTP/1.1" status: 200  len: 2118 time: 0.2005599
2018-09-29 06:43:04.720 31989 DEBUG neutron.db.agents_db [req-eb737376-d958-411c-b732-b6b795ffc6bc - - - - -] Agent healthcheck: found 5 active agents agent_health_check /usr/lib/python2.7/site-packages/neutron/db/agents_db.py:281
2018-09-29 06:43:09.198 31986 DEBUG neutron_lib.callbacks.manager [req-12b793fd-e8d0-468c-8bb7-2bb81e21ea6c - - - - -] Notify callbacks ['neutron.services.segments.db._update_segment_host_mapping_for_agent-8771718695594'] for agent, after_update _notify_loop /usr/lib/python2.7/site-packages/neutron_lib/callbacks/manager.py:167
2018-09-29 06:43:16.447 31973 DEBUG neutron.wsgi [-] (31973) accepted ('10.0.20.26', 36284) server /usr/lib/python2.7/site-packages/eventlet/wsgi.py:883
2018-09-29 06:43:16.452 31973 INFO neutron.wsgi [-] 10.0.20.26 "GET / HTTP/1.1" status: 200  len: 252 time: 0.0028090
2018-09-29 06:43:17.276 31973 INFO neutron.pecan_wsgi.hooks.translation [req-7694a8d0-811b-4358-8da6-1d8d08f7cf63 81ed535ca88f461e8769becabf682408 67a7d8c970184497ad868e5ea6aa33b6 - default default] GET failed (client error): The resource could not be found.
2018-09-29 06:43:17.279 31973 INFO neutron.wsgi [req-7694a8d0-811b-4358-8da6-1d8d08f7cf63 81ed535ca88f461e8769becabf682408 67a7d8c970184497ad868e5ea6aa33b6 - default default] 10.0.20.26 "GET /v2.0/networks/public HTTP/1.1" status: 404  len: 314 time: 0.8215179
2018-09-29 06:43:17.764 31973 DEBUG neutron.pecan_wsgi.hooks.policy_enforcement [req-a4cfdcaf-c29b-4125-917d-c61efb544706 81ed535ca88f461e8769becabf682408 67a7d8c970184497ad868e5ea6aa33b6 - default default] Attributes excluded by policy engine: [u'vlan_transparent'] _exclude_attributes_by_policy /usr/lib/python2.7/site-packages/neutron/pecan_wsgi/hooks/policy_enforcement.py:256
2018-09-29 06:43:17.765 31973 DEBUG neutron.pecan_wsgi.hooks.policy_enforcement [req-a4cfdcaf-c29b-4125-917d-c61efb544706 81ed535ca88f461e8769becabf682408 67a7d8c970184497ad868e5ea6aa33b6 - default default] Attributes excluded by policy engine: [u'vlan_transparent'] _exclude_attributes_by_policy /usr/lib/python2.7/site-packages/neutron/pecan_wsgi/hooks/policy_enforcement.py:256
2018-09-29 06:43:17.766 31973 DEBUG neutron.pecan_wsgi.hooks.policy_enforcement [req-a4cfdcaf-c29b-4125-917d-c61efb544706 81ed535ca88f461e8769becabf682408 67a7d8c970184497ad868e5ea6aa33b6 - default default] Attributes excluded by policy engine: [u'vlan_transparent'] _exclude_attributes_by_policy /usr/lib/python2.7/site-packages/neutron/pecan_wsgi/hooks/policy_enforcement.py:256
2018-09-29 06:43:17.769 31973 INFO neutron.wsgi [req-a4cfdcaf-c29b-4125-917d-c61efb544706 81ed535ca88f461e8769becabf682408 67a7d8c970184497ad868e5ea6aa33b6 - default default] 10.0.20.26 "GET /v2.0/networks HTTP/1.1" status: 200  len: 2214 time: 0.4835880
2018-09-29 06:43:18.342 31973 DEBUG neutron.api.v2.base [req-3c9c23ad-ab62-437b-b7e7-f54eedceeecc 81ed535ca88f461e8769becabf682408 67a7d8c970184497ad868e5ea6aa33b6 - default default] Request body: {u'floatingip': {u'floating_network_id': u'2050c613-9c50-45e4-b9c6-2203ec7994e3', u'tenant_id': u'a1856de450234a98965f2733aa03bf94'}} prepare_request_body /usr/lib/python2.7/site-packages/neutron/api/v2/base.py:695
2018-09-29 06:43:18.353 31973 DEBUG neutron.db.quota.driver [req-3c9c23ad-ab62-437b-b7e7-f54eedceeecc 81ed535ca88f461e8769becabf682408 67a7d8c970184497ad868e5ea6aa33b6 - default default] Resources subnetpool have unlimited quota limit. It is not required to calculate headroom  make_reservation /usr/lib/python2.7/site-packages/neutron/db/quota/driver.py:223
2018-09-29 06:43:18.362 31973 DEBUG neutron.quota.resource [req-3c9c23ad-ab62-437b-b7e7-f54eedceeecc 81ed535ca88f461e8769becabf682408 67a7d8c970184497ad868e5ea6aa33b6 - default default] Usage tracker for resource:floatingip and tenant:a1856de450234a98965f2733aa03bf94 is out of sync, need to count used quota count_used /usr/lib/python2.7/site-packages/neutron/quota/resource.py:274
2018-09-29 06:43:18.378 31973 DEBUG neutron.quota.resource [req-3c9c23ad-ab62-437b-b7e7-f54eedceeecc 81ed535ca88f461e8769becabf682408 67a7d8c970184497ad868e5ea6aa33b6 - default default] Quota usage for floatingip was recalculated. Used quota:0. count_used /usr/lib/python2.7/site-packages/neutron/quota/resource.py:293
2018-09-29 06:43:18.389 31973 DEBUG neutron.db.quota.driver [req-3c9c23ad-ab62-437b-b7e7-f54eedceeecc 81ed535ca88f461e8769becabf682408 67a7d8c970184497ad868e5ea6aa33b6 - default default] Attempting to reserve 1 items for resource floatingip. Total usage: 0; quota limit: 50; headroom:50 make_reservation /usr/lib/python2.7/site-packages/neutron/db/quota/driver.py:255
2018-09-29 06:43:18.691 31973 DEBUG neutron_lib.callbacks.manager [req-3c9c23ad-ab62-437b-b7e7-f54eedceeecc 81ed535ca88f461e8769becabf682408 67a7d8c970184497ad868e5ea6aa33b6 - default default] Notify callbacks ['neutron.plugins.ml2.plugin.Ml2Plugin._ensure_default_security_group_handler-376883'] for port, before_create _notify_loop /usr/lib/python2.7/site-packages/neutron_lib/callbacks/manager.py:167
2018-09-29 06:43:19.289 31988 DEBUG neutron_lib.callbacks.manager [req-310fa7f8-9308-46a6-bc2e-0311288fea78 - - - - -] Notify callbacks ['neutron.services.segments.db._update_segment_host_mapping_for_agent-8771718695594'] for agent, after_update _notify_loop /usr/lib/python2.7/site-packages/neutron_lib/callbacks/manager.py:167
2018-09-29 06:43:19.347 31973 DEBUG neutron.db.db_base_plugin_common [req-3c9c23ad-ab62-437b-b7e7-f54eedceeecc 81ed535ca88f461e8769becabf682408 67a7d8c970184497ad868e5ea6aa33b6 - default default] Allocated IP 172.24.4.13 (2050c613-9c50-45e4-b9c6-2203ec7994e3/fb0bfeb3-1f6d-48f2-94af-fd43cd976e0b/3df3b80b-b3bd-4e45-9684-7a2fd160bf1d) _store_ip_allocation /usr/lib/python2.7/site-packages/neutron/db/db_base_plugin_common.py:122
2018-09-29 06:43:19.660 31973 DEBUG neutron_lib.callbacks.manager [req-3c9c23ad-ab62-437b-b7e7-f54eedceeecc 81ed535ca88f461e8769becabf682408 67a7d8c970184497ad868e5ea6aa33b6 - default default] Notify callbacks [] for port, precommit_create _notify_loop /usr/lib/python2.7/site-packages/neutron_lib/callbacks/manager.py:167
2018-09-29 06:43:19.746 31973 DEBUG neutron_lib.callbacks.manager [req-3c9c23ad-ab62-437b-b7e7-f54eedceeecc 81ed535ca88f461e8769becabf682408 67a7d8c970184497ad868e5ea6aa33b6 - default default] Notify callbacks ['neutron.plugins.ml2.ovo_rpc._ObjectChangeHandler.handle_event--9223372036853247574', 'neutron.db.l3_dvrscheduler_db._notify_l3_agent_new_port--9223363265136442974', 'neutron.api.rpc.agentnotifiers.dhcp_rpc_agent_api.DhcpAgentNotifyAPI._native_event_send_dhcp_notification-1418162', 'neutron.plugins.ml2.plugin.Ml2Plugin.notify_sg_on_port_change-378004'] for port, after_create _notify_loop /usr/lib/python2.7/site-packages/neutron_lib/callbacks/manager.py:167
2018-09-29 06:43:19.748 31973 DEBUG neutron.db.l3_dvrscheduler_db [req-3c9c23ad-ab62-437b-b7e7-f54eedceeecc 81ed535ca88f461e8769becabf682408 67a7d8c970184497ad868e5ea6aa33b6 - default default] Received port after_create _notify_l3_agent_new_port /usr/lib/python2.7/site-packages/neutron/db/l3_dvrscheduler_db.py:392
2018-09-29 06:43:19.773 31973 DEBUG oslo_concurrency.lockutils [-] Lock "event-dispatch" acquired by "neutron.plugins.ml2.ovo_rpc.dispatch_events" :: waited 0.000s inner /usr/lib/python2.7/site-packages/oslo_concurrency/lockutils.py:270
2018-09-29 06:43:20.054 31973 DEBUG neutron.api.rpc.handlers.resources_rpc [req-3c9c23ad-ab62-437b-b7e7-f54eedceeecc 81ed535ca88f461e8769becabf682408 67a7d8c970184497ad868e5ea6aa33b6 - - -] neutron.api.rpc.handlers.resources_rpc.ResourcesPushRpcApi method push called with arguments (<neutron_lib.context.Context object at 0x7fa5316cffd0>, [Port(admin_state_up=True,allowed_address_pairs=[],binding=PortBinding,binding_levels=[],created_at=2018-09-29T10:43:19Z,data_plane_status=<?>,description='',device_id='PENDING',device_owner='network:floatingip',dhcp_options=[],distributed_binding=None,dns=None,fixed_ips=[IPAllocation],id=3df3b80b-b3bd-4e45-9684-7a2fd160bf1d,mac_address=fa:16:3e:b7:12:26,name='',network_id=2050c613-9c50-45e4-b9c6-2203ec7994e3,project_id='',qos_policy_id=None,revision_number=3,security=PortSecurity(3df3b80b-b3bd-4e45-9684-7a2fd160bf1d),security_group_ids=set([]),status='N/A',updated_at=2018-09-29T10:43:19Z)], 'updated') {} wrapper /usr/lib/python2.7/site-packages/oslo_log/helpers.py:66
2018-09-29 06:43:20.084 31973 DEBUG oslo_concurrency.lockutils [req-3c9c23ad-ab62-437b-b7e7-f54eedceeecc 81ed535ca88f461e8769becabf682408 67a7d8c970184497ad868e5ea6aa33b6 - - -] Lock "event-dispatch" released by "neutron.plugins.ml2.ovo_rpc.dispatch_events" :: held 0.311s inner /usr/lib/python2.7/site-packages/oslo_concurrency/lockutils.py:282
2018-09-29 06:43:20.195 31973 DEBUG neutron.scheduler.dhcp_agent_scheduler [req-3c9c23ad-ab62-437b-b7e7-f54eedceeecc 81ed535ca88f461e8769becabf682408 67a7d8c970184497ad868e5ea6aa33b6 - default default] Network 2050c613-9c50-45e4-b9c6-2203ec7994e3 is already hosted by enough agents. _get_dhcp_agents_hosting_network /usr/lib/python2.7/site-packages/neutron/scheduler/dhcp_agent_scheduler.py:243
2018-09-29 06:43:20.467 31973 DEBUG neutron_lib.callbacks.manager [req-3c9c23ad-ab62-437b-b7e7-f54eedceeecc 81ed535ca88f461e8769becabf682408 67a7d8c970184497ad868e5ea6aa33b6 - default default] Notify callbacks ['neutron.plugins.ml2.plugin.Ml2Plugin._ensure_default_security_group_handler-376883'] for port, before_update _notify_loop /usr/lib/python2.7/site-packages/neutron_lib/callbacks/manager.py:167
2018-09-29 06:43:21.245 31973 DEBUG neutron_lib.callbacks.manager [req-3c9c23ad-ab62-437b-b7e7-f54eedceeecc 81ed535ca88f461e8769becabf682408 67a7d8c970184497ad868e5ea6aa33b6 - default default] Notify callbacks [] for port, precommit_update _notify_loop /usr/lib/python2.7/site-packages/neutron_lib/callbacks/manager.py:167
2018-09-29 06:43:21.261 31973 DEBUG neutron_lib.callbacks.manager [req-3c9c23ad-ab62-437b-b7e7-f54eedceeecc 81ed535ca88f461e8769becabf682408 67a7d8c970184497ad868e5ea6aa33b6 - default default] Notify callbacks ['neutron.db.l3_dvrscheduler_db._notify_l3_agent_port_update--9223363265136442959', 'neutron.db.l3_hascheduler_db._notify_l3_agent_ha_port_update-8771718333701', 'neutron.plugins.ml2.ovo_rpc._ObjectChangeHandler.handle_event--9223372036853247574', 'neutron.api.rpc.agentnotifiers.dhcp_rpc_agent_api.DhcpAgentNotifyAPI._native_event_send_dhcp_notification-1418162', 'neutron.plugins.ml2.plugin.Ml2Plugin.notify_sg_on_port_change-378004'] for port, after_update _notify_loop /usr/lib/python2.7/site-packages/neutron_lib/callbacks/manager.py:167
2018-09-29 06:43:21.296 31973 DEBUG oslo_concurrency.lockutils [-] Lock "event-dispatch" acquired by "neutron.plugins.ml2.ovo_rpc.dispatch_events" :: waited 0.000s inner /usr/lib/python2.7/site-packages/oslo_concurrency/lockutils.py:270
2018-09-29 06:43:21.789 31973 DEBUG neutron.api.rpc.handlers.resources_rpc [req-3c9c23ad-ab62-437b-b7e7-f54eedceeecc 81ed535ca88f461e8769becabf682408 67a7d8c970184497ad868e5ea6aa33b6 - - -] neutron.api.rpc.handlers.resources_rpc.ResourcesPushRpcApi method push called with arguments (<neutron_lib.context.Context object at 0x7fa53159f810>, [Port(admin_state_up=True,allowed_address_pairs=[],binding=PortBinding,binding_levels=[],created_at=2018-09-29T10:43:19Z,data_plane_status=<?>,description='',device_id='ce4b33da-c41a-40bc-afe3-2bdb338b7009',device_owner='network:floatingip',dhcp_options=[],distributed_binding=None,dns=None,fixed_ips=[IPAllocation],id=3df3b80b-b3bd-4e45-9684-7a2fd160bf1d,mac_address=fa:16:3e:b7:12:26,name='',network_id=2050c613-9c50-45e4-b9c6-2203ec7994e3,project_id='',qos_policy_id=None,revision_number=4,security=PortSecurity(3df3b80b-b3bd-4e45-9684-7a2fd160bf1d),security_group_ids=set([]),status='N/A',updated_at=2018-09-29T10:43:20Z)], 'updated') {} wrapper /usr/lib/python2.7/site-packages/oslo_log/helpers.py:66
2018-09-29 06:43:21.834 31973 DEBUG oslo_concurrency.lockutils [req-3c9c23ad-ab62-437b-b7e7-f54eedceeecc 81ed535ca88f461e8769becabf682408 67a7d8c970184497ad868e5ea6aa33b6 - - -] Lock "event-dispatch" released by "neutron.plugins.ml2.ovo_rpc.dispatch_events" :: held 0.537s inner /usr/lib/python2.7/site-packages/oslo_concurrency/lockutils.py:282
2018-09-29 06:43:21.933 31973 DEBUG neutron_lib.callbacks.manager [req-3c9c23ad-ab62-437b-b7e7-f54eedceeecc 81ed535ca88f461e8769becabf682408 67a7d8c970184497ad868e5ea6aa33b6 - default default] Notify callbacks ['neutron.services.l3_router.l3_router_plugin.L3RouterPlugin._create_dvr_floating_gw_port--9223372036853188224'] for floatingip, after_update _notify_loop /usr/lib/python2.7/site-packages/neutron_lib/callbacks/manager.py:167
2018-09-29 06:43:21.943 31982 DEBUG neutron_lib.callbacks.manager [req-03ce1d0a-2dce-4a21-8a69-ec0c8770b120 - - - - -] Notify callbacks ['neutron.services.segments.db._update_segment_host_mapping_for_agent-8771718695594'] for agent, after_update _notify_loop /usr/lib/python2.7/site-packages/neutron_lib/callbacks/manager.py:167
2018-09-29 06:43:22.016 31973 DEBUG neutron.quota.resource [req-3c9c23ad-ab62-437b-b7e7-f54eedceeecc 81ed535ca88f461e8769becabf682408 67a7d8c970184497ad868e5ea6aa33b6 - default default] Persisted dirty status for tenant:a1856de450234a98965f2733aa03bf94 on resource:floatingip mark_dirty /usr/lib/python2.7/site-packages/neutron/quota/resource.py:207
2018-09-29 06:43:22.026 31973 DEBUG neutron.quota.resource [req-3c9c23ad-ab62-437b-b7e7-f54eedceeecc 81ed535ca88f461e8769becabf682408 67a7d8c970184497ad868e5ea6aa33b6 - default default] Persisted dirty status for tenant: on resource:port mark_dirty /usr/lib/python2.7/site-packages/neutron/quota/resource.py:207
2018-09-29 06:43:22.057 31973 DEBUG neutron_lib.callbacks.manager [req-3c9c23ad-ab62-437b-b7e7-f54eedceeecc 81ed535ca88f461e8769becabf682408 67a7d8c970184497ad868e5ea6aa33b6 - default default] Notify callbacks ['neutron.notifiers.nova.Notifier._send_nova_notification--9223372036854774504'] for floatingip, before_response _notify_loop /usr/lib/python2.7/site-packages/neutron_lib/callbacks/manager.py:167
2018-09-29 06:43:22.061 31973 INFO neutron.wsgi [req-3c9c23ad-ab62-437b-b7e7-f54eedceeecc 81ed535ca88f461e8769becabf682408 67a7d8c970184497ad868e5ea6aa33b6 - default default] 10.0.20.26 "POST /v2.0/floatingips HTTP/1.1" status: 201  len: 675 time: 3.7302821
2018-09-29 06:43:28.999 31979 DEBUG neutron_lib.callbacks.manager [req-3ef092ae-c6f9-4a4b-8996-46f8bef043f9 - - - - -] Notify callbacks ['neutron.services.segments.db._update_segment_host_mapping_for_agent-8771718695594'] for agent, after_update _notify_loop /usr/lib/python2.7/site-packages/neutron_lib/callbacks/manager.py:167
2018-09-29 06:43:29.526 31980 DEBUG neutron_lib.callbacks.manager [req-628b7e51-22ae-449b-aa89-fd8bb8f36544 - - - - -] Notify callbacks ['neutron.services.segments.db._update_segment_host_mapping_for_agent-8771718695594'] for agent, after_update _notify_loop /usr/lib/python2.7/site-packages/neutron_lib/callbacks/manager.py:167
2018-09-29 06:43:33.998 31971 DEBUG neutron.wsgi [-] (31971) accepted ('10.0.20.26', 36352) server /usr/lib/python2.7/site-packages/eventlet/wsgi.py:883
2018-09-29 06:43:34.488 31971 WARNING keystonemiddleware.auth_token [-] A valid token was submitted as a service token, but it was not a valid service token. This is incorrect but backwards compatible behaviour. This will be removed in future releases.
2018-09-29 06:43:35.181 31971 INFO neutron.wsgi [req-924c6d98-adc8-42d9-9411-d103f3904cb8 692681c995064dfc80c5d79c6e649542 a1856de450234a98965f2733aa03bf94 - 62372d233210473892f4c7d66cf38d02 62372d233210473892f4c7d66cf38d02] 10.0.20.26 "GET /v2.0/ports?device_id=53ecd303-cdca-4033-8ecc-06642857d3b6 HTTP/1.1" status: 200  len: 1124 time: 1.1806121
2018-09-29 06:43:35.339 31971 INFO neutron.wsgi [req-d592d8e3-8a24-4bed-98c5-c2dae198bfe1 692681c995064dfc80c5d79c6e649542 a1856de450234a98965f2733aa03bf94 - 62372d233210473892f4c7d66cf38d02 62372d233210473892f4c7d66cf38d02] 10.0.20.26 "GET /v2.0/security-groups?id=fdb4d9bc-06a1-485b-a64d-a6021115e262 HTTP/1.1" status: 200  len: 2118 time: 0.1454780
2018-09-29 06:43:35.608 31971 INFO neutron.wsgi [req-1a8c8b90-5f6f-489b-8498-cb39405fc2ca 692681c995064dfc80c5d79c6e649542 a1856de450234a98965f2733aa03bf94 - 62372d233210473892f4c7d66cf38d02 62372d233210473892f4c7d66cf38d02] 10.0.20.26 "GET /v2.0/ports?device_owner=compute%3Anova&device_id=53ecd303-cdca-4033-8ecc-06642857d3b6 HTTP/1.1" status: 200  len: 1124 time: 0.1173930
2018-09-29 06:43:35.675 31971 INFO neutron.wsgi [req-b703a332-c133-49ba-98d1-30e2c5f114d0 692681c995064dfc80c5d79c6e649542 a1856de450234a98965f2733aa03bf94 - 62372d233210473892f4c7d66cf38d02 62372d233210473892f4c7d66cf38d02] 10.0.20.26 "GET /v2.0/floatingips?floating_ip_address=172.24.4.13 HTTP/1.1" status: 200  len: 673 time: 0.0591540
2018-09-29 06:43:35.693 31971 DEBUG neutron.api.v2.base [req-e58dc6ac-2f89-4cad-b3ee-290b49b3e1bd 692681c995064dfc80c5d79c6e649542 a1856de450234a98965f2733aa03bf94 - 62372d233210473892f4c7d66cf38d02 62372d233210473892f4c7d66cf38d02] Request body: {u'floatingip': {u'fixed_ip_address': u'11.151.1.9', u'port_id': u'23db1a73-1dca-4d31-aa44-78ccd414d227'}} prepare_request_body /usr/lib/python2.7/site-packages/neutron/api/v2/base.py:695
2018-09-29 06:43:35.762 31978 DEBUG neutron.wsgi [-] (31978) accepted ('10.0.20.26', 36376) server /usr/lib/python2.7/site-packages/eventlet/wsgi.py:883
2018-09-29 06:43:36.104 31971 DEBUG neutron_lib.callbacks.manager [req-e58dc6ac-2f89-4cad-b3ee-290b49b3e1bd 692681c995064dfc80c5d79c6e649542 a1856de450234a98965f2733aa03bf94 - 62372d233210473892f4c7d66cf38d02 62372d233210473892f4c7d66cf38d02] Notify callbacks ['neutron.services.l3_router.l3_router_plugin.L3RouterPlugin._create_dvr_floating_gw_port--9223372036853188224'] for floatingip, after_update _notify_loop /usr/lib/python2.7/site-packages/neutron_lib/callbacks/manager.py:167
2018-09-29 06:43:36.423 31978 INFO neutron.wsgi [req-0f066bde-5500-4fe2-bdd5-a4ea23372f46 385405652b74463ca36119e213a84b2c e169fa6db0c147f283ae7c6a936117f3 - default default] 10.0.20.26 "GET /v2.0/ports?device_id=53ecd303-cdca-4033-8ecc-06642857d3b6 HTTP/1.1" status: 200  len: 1124 time: 0.6582801
2018-09-29 06:43:36.573 31978 INFO neutron.wsgi [req-8c51309c-f2c9-43ce-ac3c-573af706339e 385405652b74463ca36119e213a84b2c e169fa6db0c147f283ae7c6a936117f3 - default default] 10.0.20.26 "GET /v2.0/security-groups?id=fdb4d9bc-06a1-485b-a64d-a6021115e262 HTTP/1.1" status: 200  len: 2118 time: 0.1418200
2018-09-29 06:43:36.925 31971 DEBUG neutron.scheduler.l3_agent_scheduler [req-e58dc6ac-2f89-4cad-b3ee-290b49b3e1bd 692681c995064dfc80c5d79c6e649542 a1856de450234a98965f2733aa03bf94 - 62372d233210473892f4c7d66cf38d02 62372d233210473892f4c7d66cf38d02] Router f27c1823-940d-44ef-9f2b-7fbff0fcd416 has already been hosted by L3 agent 7f84737c-d202-4304-8c5a-a5c3498d9450 _get_candidates /usr/lib/python2.7/site-packages/neutron/scheduler/l3_agent_scheduler.py:141
2018-09-29 06:43:37.138 31971 DEBUG neutron.api.rpc.agentnotifiers.l3_rpc_agent_api [req-e58dc6ac-2f89-4cad-b3ee-290b49b3e1bd 692681c995064dfc80c5d79c6e649542 a1856de450234a98965f2733aa03bf94 - 62372d233210473892f4c7d66cf38d02 62372d233210473892f4c7d66cf38d02] Notify agent at l3_agent.localhost.localdomain the message routers_updated _agent_notification /usr/lib/python2.7/site-packages/neutron/api/rpc/agentnotifiers/l3_rpc_agent_api.py:69
2018-09-29 06:43:37.166 31971 DEBUG neutron_lib.callbacks.manager [req-e58dc6ac-2f89-4cad-b3ee-290b49b3e1bd 692681c995064dfc80c5d79c6e649542 a1856de450234a98965f2733aa03bf94 - 62372d233210473892f4c7d66cf38d02 62372d233210473892f4c7d66cf38d02] Notify callbacks ['neutron.notifiers.nova.Notifier._send_nova_notification--9223372036854774504'] for floatingip, before_response _notify_loop /usr/lib/python2.7/site-packages/neutron_lib/callbacks/manager.py:167
2018-09-29 06:43:37.197 31981 DEBUG neutron.db.l3_hamode_db [req-bda69a70-68b7-4f08-b162-d91bbe4c335c - - - - -] neutron.services.l3_router.l3_router_plugin.L3RouterPlugin method get_ha_sync_data_for_host called with arguments (<neutron_lib.context.Context object at 0x7fa531acc710>, u'localhost.localdomain', <neutron.db.models.agent.Agent[object at 7fa531aa8910] {id=u'7f84737c-d202-4304-8c5a-a5c3498d9450', agent_type=u'L3 agent', binary=u'neutron-l3-agent', topic=u'l3_agent', host=u'localhost.localdomain', availability_zone=u'nova', admin_state_up=True, created_at=datetime.datetime(2018, 9, 11, 22, 51, 15), started_at=datetime.datetime(2018, 9, 29, 10, 31, 49), heartbeat_timestamp=datetime.datetime(2018, 9, 29, 10, 43, 19), description=None, configurations=u'{"agent_mode": "legacy", "gateway_external_network_id": "", "handle_internal_only_routers": true, "routers": 2, "interfaces": 2, "floating_ips": 0, "interface_driver": "neutron.agent.linux.interface.OVSInterfaceDriver", "log_agent_heartbeats": false, "external_network_bridge": "", "ex_gw_ports": 2}', resource_versions=None, load=0}>) {'active': True, 'router_ids': ['f27c1823-940d-44ef-9f2b-7fbff0fcd416']} wrapper /usr/lib/python2.7/site-packages/oslo_log/helpers.py:66
2018-09-29 06:43:37.282 31971 INFO neutron.wsgi [req-e58dc6ac-2f89-4cad-b3ee-290b49b3e1bd 692681c995064dfc80c5d79c6e649542 a1856de450234a98965f2733aa03bf94 - 62372d233210473892f4c7d66cf38d02 62372d233210473892f4c7d66cf38d02] 10.0.20.26 "PUT /v2.0/floatingips/ce4b33da-c41a-40bc-afe3-2bdb338b7009 HTTP/1.1" status: 200  len: 746 time: 1.6001580
2018-09-29 06:43:37.284 31971 DEBUG oslo_concurrency.lockutils [-] Lock "notifier-85cbb402-0be2-4d5c-900a-4b3981a04b35" acquired by "neutron.notifiers.batch_notifier.synced_send" :: waited 0.000s inner /usr/lib/python2.7/site-packages/oslo_concurrency/lockutils.py:270
2018-09-29 06:43:37.285 31971 DEBUG neutron.notifiers.nova [-] Sending events: [{'tag': u'23db1a73-1dca-4d31-aa44-78ccd414d227', 'name': 'network-changed', 'server_uuid': u'53ecd303-cdca-4033-8ecc-06642857d3b6'}] send_events /usr/lib/python2.7/site-packages/neutron/notifiers/nova.py:242
2018-09-29 06:43:38.355 31971 DEBUG novaclient.v2.client [-] REQ: curl -g -i -X POST http://10.0.20.26:8774/v2.1/e169fa6db0c147f283ae7c6a936117f3/os-server-external-events -H "User-Agent: python-novaclient" -H "Content-Type: application/json" -H "Accept: application/json" -H "X-OpenStack-Nova-API-Version: 2.1" -H "X-Auth-Token: {SHA1}c8ca80ca69b9769bb15b40a9829cec0db027dc20" -d '{"events": [{"tag": "23db1a73-1dca-4d31-aa44-78ccd414d227", "name": "network-changed", "server_uuid": "53ecd303-cdca-4033-8ecc-06642857d3b6"}]}' _http_log_request /usr/lib/python2.7/site-packages/keystoneauth1/session.py:375
2018-09-29 06:43:38.527 31981 DEBUG neutron.db.l3_hamode_db [req-bda69a70-68b7-4f08-b162-d91bbe4c335c - - - - -] neutron.services.l3_router.l3_router_plugin.L3RouterPlugin method _process_sync_ha_data called with arguments (<neutron_lib.context.Context object at 0x7fa531acc710>, [{'status': u'ACTIVE', '_interfaces': [{'status': u'ACTIVE', 'subnets': [{'dns_nameservers': [u'8.8.4.4'], 'ipv6_ra_mode': None, 'gateway_ip': u'11.151.1.1', 'cidr': u'11.151.1.0/24', 'id': u'4da542e1-e1bc-48c4-9eca-cf35349e7069', 'subnetpool_id': None}], 'binding:host_id': u'localhost.localdomain', 'description': u'', 'allowed_address_pairs': [], 'tags': [], 'extra_dhcp_opts': [], 'updated_at': '2018-09-29T10:42:22Z', 'device_owner': u'network:router_interface', 'revision_number': 7, 'port_security_enabled': False, 'binding:profile': {}, 'mtu': 1450, 'fixed_ips': [{'subnet_id': u'4da542e1-e1bc-48c4-9eca-cf35349e7069', 'prefixlen': 24, 'ip_address': u'11.151.1.1'}], 'id': u'f9f66332-d09b-426f-9996-72661cbbd124', 'security_groups': [], 'device_id': u'f27c1823-940d-44ef-9f2b-7fbff0fcd416', 'name': u'', 'admin_state_up': True, 'network_id': u'b9ac343d-72fa-45cc-839b-282c06ec4c52', 'tenant_id': u'a1856de450234a98965f2733aa03bf94', 'binding:vif_details': {u'port_filter': True, u'datapath_type': u'system', u'ovs_hybrid_plug': True}, 'address_scopes': {4: None, 6: None}, 'binding:vnic_type': u'normal', 'binding:vif_type': u'ovs', 'mac_address': u'fa:16:3e:12:1b:8d', 'project_id': u'a1856de450234a98965f2733aa03bf94', 'extra_subnets': [], 'created_at': '2018-09-29T10:42:14Z'}], 'enable_snat': True, 'ha_vr_id': 0, 'description': u'', 'tags': [], 'gw_port': {'status': u'ACTIVE', 'subnets': [{'dns_nameservers': [], 'ipv6_ra_mode': None, 'gateway_ip': u'172.24.4.1', 'cidr': u'172.24.4.0/24', 'id': u'fb0bfeb3-1f6d-48f2-94af-fd43cd976e0b', 'subnetpool_id': None}], 'binding:host_id': u'localhost.localdomain', 'description': u'', 'allowed_address_pairs': [], 'tags': [], 'extra_dhcp_opts': [], 'updated_at': '2018-09-29T10:42:34Z', 'device_owner': u'network:router_gateway', 'revision_number': 6, 'port_security_enabled': False, 'binding:profile': {}, 'mtu': 1500, 'fixed_ips': [{'subnet_id': u'fb0bfeb3-1f6d-48f2-94af-fd43cd976e0b', 'prefixlen': 24, 'ip_address': u'172.24.4.10'}], 'id': u'0b2e1506-e6ee-44d4-aba5-9c3a189a24c6', 'security_groups': [], 'device_id': u'f27c1823-940d-44ef-9f2b-7fbff0fcd416', 'name': u'', 'admin_state_up': True, 'network_id': u'2050c613-9c50-45e4-b9c6-2203ec7994e3', 'tenant_id': u'', 'binding:vif_details': {u'port_filter': True, u'datapath_type': u'system', u'ovs_hybrid_plug': True}, 'address_scopes': {4: None, 6: None}, 'binding:vnic_type': u'normal', 'binding:vif_type': u'ovs', 'mac_address': u'fa:16:3e:a6:44:6a', 'project_id': u'', 'extra_subnets': [], 'created_at': '2018-09-29T10:42:27Z'}, 'updated_at': '2018-09-29T10:42:28Z', 'revision_number': 4, 'ha': False, 'id': u'f27c1823-940d-44ef-9f2b-7fbff0fcd416', 'gw_port_host': u'localhost.localdomain', 'external_gateway_info': {'network_id': u'2050c613-9c50-45e4-b9c6-2203ec7994e3', 'enable_snat': True, 'external_fixed_ips': [{'subnet_id': u'fb0bfeb3-1f6d-48f2-94af-fd43cd976e0b', 'ip_address': u'172.24.4.10'}]}, 'availability_zone_hints': [], 'availability_zones': [u'nova'], 'name': u'tempest-router-1538217570', 'gw_port_id': u'0b2e1506-e6ee-44d4-aba5-9c3a189a24c6', 'admin_state_up': True, 'tenant_id': u'a1856de450234a98965f2733aa03bf94', 'created_at': '2018-09-29T10:41:56Z', 'distributed': False, 'flavor_id': None, 'routes': [], 'project_id': u'a1856de450234a98965f2733aa03bf94', '_floatingips': [{'router_id': u'f27c1823-940d-44ef-9f2b-7fbff0fcd416', 'status': u'DOWN', 'description': u'', 'tags': [], 'updated_at': '2018-09-29T10:43:36Z', 'dns_domain': '', 'floating_network_id': u'2050c613-9c50-45e4-b9c6-2203ec7994e3', 'fixed_ip_address': u'11.151.1.9', 'floating_ip_address': u'172.24.4.13', 'revision_number': 1, 'port_id': u'23db1a73-1dca-4d31-aa44-78ccd414d227', 'id': u'ce4b33da-c41a-40bc-afe3-2bdb338b7009', 'dns_name': '', 'created_at': '2018-09-29T10:43:20Z', 'tenant_id': u'a1856de450234a98965f2733aa03bf94', 'fixed_ip_address_scope': None, 'project_id': u'a1856de450234a98965f2733aa03bf94'}]}], u'localhost.localdomain', False) {} wrapper /usr/lib/python2.7/site-packages/oslo_log/helpers.py:66
2018-09-29 06:43:38.541 31981 DEBUG neutron.api.rpc.handlers.l3_rpc [req-bda69a70-68b7-4f08-b162-d91bbe4c335c - - - - -] Checking router: f27c1823-940d-44ef-9f2b-7fbff0fcd416 for host: localhost.localdomain _ensure_host_set_on_ports /usr/lib/python2.7/site-packages/neutron/api/rpc/handlers/l3_rpc.py:135
2018-09-29 06:43:39.007 31979 DEBUG neutron.api.rpc.handlers.l3_rpc [req-e32b70c0-35cf-4d93-b5ca-f590865b8add - - - - -] New status for floating IP ce4b33da-c41a-40bc-afe3-2bdb338b7009: ACTIVE update_floatingip_statuses /usr/lib/python2.7/site-packages/neutron/api/rpc/handlers/l3_rpc.py:252
2018-09-29 06:43:39.087 31971 INFO neutron.wsgi [req-ad70ccd6-bb26-46a7-8b1c-4d843fb9d8ae 385405652b74463ca36119e213a84b2c e169fa6db0c147f283ae7c6a936117f3 - default default] 10.0.20.26 "GET /v2.0/ports?tenant_id=a1856de450234a98965f2733aa03bf94&device_id=53ecd303-cdca-4033-8ecc-06642857d3b6 HTTP/1.1" status: 200  len: 1124 time: 0.7130492
2018-09-29 06:43:39.161 31981 DEBUG neutron_lib.callbacks.manager [req-12b793fd-e8d0-468c-8bb7-2bb81e21ea6c - - - - -] Notify callbacks ['neutron.services.segments.db._update_segment_host_mapping_for_agent-8771718695594'] for agent, after_update _notify_loop /usr/lib/python2.7/site-packages/neutron_lib/callbacks/manager.py:167
2018-09-29 06:43:39.312 31971 DEBUG neutron.pecan_wsgi.hooks.policy_enforcement [req-af99e3ec-04b0-4aa5-9e70-464a48e56e09 385405652b74463ca36119e213a84b2c e169fa6db0c147f283ae7c6a936117f3 - default default] Attributes excluded by policy engine: [u'vlan_transparent'] _exclude_attributes_by_policy /usr/lib/python2.7/site-packages/neutron/pecan_wsgi/hooks/policy_enforcement.py:256
2018-09-29 06:43:39.314 31971 INFO neutron.wsgi [req-af99e3ec-04b0-4aa5-9e70-464a48e56e09 385405652b74463ca36119e213a84b2c e169fa6db0c147f283ae7c6a936117f3 - default default] 10.0.20.26 "GET /v2.0/networks?id=b9ac343d-72fa-45cc-839b-282c06ec4c52 HTTP/1.1" status: 200  len: 885 time: 0.2211711
2018-09-29 06:43:39.360 31971 INFO neutron.wsgi [req-6e132d2c-3638-41b3-b141-91a5d84f02b1 385405652b74463ca36119e213a84b2c e169fa6db0c147f283ae7c6a936117f3 - default default] 10.0.20.26 "GET /v2.0/floatingips?fixed_ip_address=11.151.1.9&port_id=23db1a73-1dca-4d31-aa44-78ccd414d227 HTTP/1.1" status: 200  len: 751 time: 0.0401249
2018-09-29 06:43:39.526 31971 DEBUG neutron.pecan_wsgi.hooks.policy_enforcement [req-f739c601-4ade-4c4b-a707-db396270d7d3 385405652b74463ca36119e213a84b2c e169fa6db0c147f283ae7c6a936117f3 - default default] Attributes excluded by policy engine: [u'shared'] _exclude_attributes_by_policy /usr/lib/python2.7/site-packages/neutron/pecan_wsgi/hooks/policy_enforcement.py:256
2018-09-29 06:43:39.530 31971 INFO neutron.wsgi [req-f739c601-4ade-4c4b-a707-db396270d7d3 385405652b74463ca36119e213a84b2c e169fa6db0c147f283ae7c6a936117f3 - default default] 10.0.20.26 "GET /v2.0/subnets?id=4da542e1-e1bc-48c4-9eca-cf35349e7069 HTTP/1.1" status: 200  len: 847 time: 0.1624792
2018-09-29 06:43:39.652 31971 INFO neutron.wsgi [req-8c9dbdaa-c0eb-4ef2-9af6-4276b8f8d20e 385405652b74463ca36119e213a84b2c e169fa6db0c147f283ae7c6a936117f3 - default default] 10.0.20.26 "GET /v2.0/ports?network_id=b9ac343d-72fa-45cc-839b-282c06ec4c52&device_owner=network%3Adhcp HTTP/1.1" status: 200  len: 1128 time: 0.1160479
2018-09-29 06:43:39.759 31974 DEBUG neutron.wsgi [-] (31974) accepted ('10.0.20.26', 36416) server /usr/lib/python2.7/site-packages/eventlet/wsgi.py:883
2018-09-29 06:43:40.667 31974 INFO neutron.wsgi [req-dbd4e00b-5876-4627-b1dc-a5506f1f413a 385405652b74463ca36119e213a84b2c e169fa6db0c147f283ae7c6a936117f3 - default default] 10.0.20.26 "GET /v2.0/ports?device_id=53ecd303-cdca-4033-8ecc-06642857d3b6 HTTP/1.1" status: 200  len: 1124 time: 0.8970799
2018-09-29 06:43:40.806 31974 INFO neutron.wsgi [req-e12cce75-6a1d-4120-98ce-91c842c931ec 385405652b74463ca36119e213a84b2c e169fa6db0c147f283ae7c6a936117f3 - default default] 10.0.20.26 "GET /v2.0/security-groups?id=fdb4d9bc-06a1-485b-a64d-a6021115e262 HTTP/1.1" status: 200  len: 2118 time: 0.1308200
2018-09-29 06:43:40.975 31971 DEBUG novaclient.v2.client [-] RESP: [200] Content-Length: 179 Content-Type: application/json Openstack-Api-Version: compute 2.1 X-Openstack-Nova-Api-Version: 2.1 Vary: OpenStack-API-Version, X-OpenStack-Nova-API-Version X-Openstack-Request-Id: req-b10c544f-0b65-4890-b7ec-e30006de0932 X-Compute-Request-Id: req-b10c544f-0b65-4890-b7ec-e30006de0932 Date: Sat, 29 Sep 2018 10:43:40 GMT Connection: keep-alive 
RESP BODY: {"events": [{"status": "completed", "tag": "23db1a73-1dca-4d31-aa44-78ccd414d227", "name": "network-changed", "server_uuid": "53ecd303-cdca-4033-8ecc-06642857d3b6", "code": 200}]}
 _http_log_response /usr/lib/python2.7/site-packages/keystoneauth1/session.py:423
2018-09-29 06:43:40.976 31971 DEBUG novaclient.v2.client [-] POST call to compute for http://10.0.20.26:8774/v2.1/e169fa6db0c147f283ae7c6a936117f3/os-server-external-events used request id req-b10c544f-0b65-4890-b7ec-e30006de0932 request /usr/lib/python2.7/site-packages/keystoneauth1/session.py:727
2018-09-29 06:43:40.987 31971 INFO neutron.notifiers.nova [-] Nova event response: {u'status': u'completed', u'tag': u'23db1a73-1dca-4d31-aa44-78ccd414d227', u'name': u'network-changed', u'server_uuid': u'53ecd303-cdca-4033-8ecc-06642857d3b6', u'code': 200}
2018-09-29 06:43:41.147 31976 INFO neutron.wsgi [req-f1e15be3-79d6-402f-a31b-46a064b22e39 385405652b74463ca36119e213a84b2c e169fa6db0c147f283ae7c6a936117f3 - default default] 10.0.20.26 "GET /v2.0/ports?tenant_id=a1856de450234a98965f2733aa03bf94&device_id=53ecd303-cdca-4033-8ecc-06642857d3b6 HTTP/1.1" status: 200  len: 1124 time: 0.1372671
2018-09-29 06:43:41.377 31976 DEBUG neutron.pecan_wsgi.hooks.policy_enforcement [req-dd3605e7-48e0-4702-ad5f-20250ffe4321 385405652b74463ca36119e213a84b2c e169fa6db0c147f283ae7c6a936117f3 - default default] Attributes excluded by policy engine: [u'vlan_transparent'] _exclude_attributes_by_policy /usr/lib/python2.7/site-packages/neutron/pecan_wsgi/hooks/policy_enforcement.py:256
2018-09-29 06:43:41.380 31976 INFO neutron.wsgi [req-dd3605e7-48e0-4702-ad5f-20250ffe4321 385405652b74463ca36119e213a84b2c e169fa6db0c147f283ae7c6a936117f3 - default default] 10.0.20.26 "GET /v2.0/networks?id=b9ac343d-72fa-45cc-839b-282c06ec4c52 HTTP/1.1" status: 200  len: 885 time: 0.2250469
2018-09-29 06:43:41.430 31976 INFO neutron.wsgi [req-26745018-5c7f-4eed-b8ee-43e7101a3f5c 385405652b74463ca36119e213a84b2c e169fa6db0c147f283ae7c6a936117f3 - default default] 10.0.20.26 "GET /v2.0/floatingips?fixed_ip_address=11.151.1.9&port_id=23db1a73-1dca-4d31-aa44-78ccd414d227 HTTP/1.1" status: 200  len: 751 time: 0.0406432
2018-09-29 06:43:41.570 31976 DEBUG neutron.pecan_wsgi.hooks.policy_enforcement [req-cf232f0f-1fff-45df-9b67-683e7b455936 385405652b74463ca36119e213a84b2c e169fa6db0c147f283ae7c6a936117f3 - default default] Attributes excluded by policy engine: [u'shared'] _exclude_attributes_by_policy /usr/lib/python2.7/site-packages/neutron/pecan_wsgi/hooks/policy_enforcement.py:256
2018-09-29 06:43:41.573 31976 INFO neutron.wsgi [req-cf232f0f-1fff-45df-9b67-683e7b455936 385405652b74463ca36119e213a84b2c e169fa6db0c147f283ae7c6a936117f3 - default default] 10.0.20.26 "GET /v2.0/subnets?id=4da542e1-e1bc-48c4-9eca-cf35349e7069 HTTP/1.1" status: 200  len: 847 time: 0.1368730
2018-09-29 06:43:41.711 31976 INFO neutron.wsgi [req-5c017f27-9f3e-47b3-a378-d0883b4127f9 385405652b74463ca36119e213a84b2c e169fa6db0c147f283ae7c6a936117f3 - default default] 10.0.20.26 "GET /v2.0/ports?network_id=b9ac343d-72fa-45cc-839b-282c06ec4c52&device_owner=network%3Adhcp HTTP/1.1" status: 200  len: 1128 time: 0.1307909
2018-09-29 06:43:41.728 31989 DEBUG neutron.db.agents_db [req-eb737376-d958-411c-b732-b6b795ffc6bc - - - - -] Agent healthcheck: found 5 active agents agent_health_check /usr/lib/python2.7/site-packages/neutron/db/agents_db.py:281
2018-09-29 06:43:42.989 31971 DEBUG oslo_concurrency.lockutils [-] Lock "notifier-85cbb402-0be2-4d5c-900a-4b3981a04b35" released by "neutron.notifiers.batch_notifier.synced_send" :: held 5.705s inner /usr/lib/python2.7/site-packages/oslo_concurrency/lockutils.py:282
2018-09-29 06:43:43.123 31977 DEBUG neutron.wsgi [-] (31977) accepted ('10.0.20.26', 36452) server /usr/lib/python2.7/site-packages/eventlet/wsgi.py:883
2018-09-29 06:43:43.720 31977 INFO neutron.wsgi [req-9eb34e61-e0ed-469b-9f9d-a3e94b604d4b 385405652b74463ca36119e213a84b2c e169fa6db0c147f283ae7c6a936117f3 - default default] 10.0.20.26 "GET /v2.0/ports?device_id=53ecd303-cdca-4033-8ecc-06642857d3b6 HTTP/1.1" status: 200  len: 1124 time: 0.5942211
2018-09-29 06:43:43.868 31977 INFO neutron.wsgi [req-ef7ddff4-cce7-47f5-9675-372ca435ef79 385405652b74463ca36119e213a84b2c e169fa6db0c147f283ae7c6a936117f3 - default default] 10.0.20.26 "GET /v2.0/security-groups?id=fdb4d9bc-06a1-485b-a64d-a6021115e262 HTTP/1.1" status: 200  len: 2118 time: 0.1375341
2018-09-29 06:43:48.921 31976 INFO neutron.wsgi [req-3153b657-5c42-4ec2-beed-43e66765669a 385405652b74463ca36119e213a84b2c e169fa6db0c147f283ae7c6a936117f3 - default default] 10.0.20.26 "GET /v2.0/ports?tenant_id=a1856de450234a98965f2733aa03bf94&device_id=53ecd303-cdca-4033-8ecc-06642857d3b6 HTTP/1.1" status: 200  len: 1124 time: 0.2092211
2018-09-29 06:43:49.197 31976 DEBUG neutron.pecan_wsgi.hooks.policy_enforcement [req-6a3b6eda-31ec-47c8-a1ab-41c9141aa9dc 385405652b74463ca36119e213a84b2c e169fa6db0c147f283ae7c6a936117f3 - default default] Attributes excluded by policy engine: [u'vlan_transparent'] _exclude_attributes_by_policy /usr/lib/python2.7/site-packages/neutron/pecan_wsgi/hooks/policy_enforcement.py:256
2018-09-29 06:43:49.200 31976 INFO neutron.wsgi [req-6a3b6eda-31ec-47c8-a1ab-41c9141aa9dc 385405652b74463ca36119e213a84b2c e169fa6db0c147f283ae7c6a936117f3 - default default] 10.0.20.26 "GET /v2.0/networks?id=b9ac343d-72fa-45cc-839b-282c06ec4c52 HTTP/1.1" status: 200  len: 885 time: 0.2686760
2018-09-29 06:43:49.257 31976 INFO neutron.wsgi [req-4218a451-9682-401b-939c-8052514007d0 385405652b74463ca36119e213a84b2c e169fa6db0c147f283ae7c6a936117f3 - default default] 10.0.20.26 "GET /v2.0/floatingips?fixed_ip_address=11.151.1.9&port_id=23db1a73-1dca-4d31-aa44-78ccd414d227 HTTP/1.1" status: 200  len: 751 time: 0.0458989
2018-09-29 06:43:49.305 31984 DEBUG neutron_lib.callbacks.manager [req-eddeb9cb-0cdd-4e44-b64f-f5d499d31f75 - - - - -] Notify callbacks ['neutron.services.segments.db._update_segment_host_mapping_for_agent-8771718695594'] for agent, after_update _notify_loop /usr/lib/python2.7/site-packages/neutron_lib/callbacks/manager.py:167
2018-09-29 06:43:49.409 31976 DEBUG neutron.pecan_wsgi.hooks.policy_enforcement [req-2f8a918a-2b69-4d90-92a3-5eb1a55c53fc 385405652b74463ca36119e213a84b2c e169fa6db0c147f283ae7c6a936117f3 - default default] Attributes excluded by policy engine: [u'shared'] _exclude_attributes_by_policy /usr/lib/python2.7/site-packages/neutron/pecan_wsgi/hooks/policy_enforcement.py:256
2018-09-29 06:43:49.413 31976 INFO neutron.wsgi [req-2f8a918a-2b69-4d90-92a3-5eb1a55c53fc 385405652b74463ca36119e213a84b2c e169fa6db0c147f283ae7c6a936117f3 - default default] 10.0.20.26 "GET /v2.0/subnets?id=4da542e1-e1bc-48c4-9eca-cf35349e7069 HTTP/1.1" status: 200  len: 847 time: 0.1461530
2018-09-29 06:43:49.565 31976 INFO neutron.wsgi [req-9fe8bdb5-ad54-4c07-a2cb-51d8fdc8bd53 385405652b74463ca36119e213a84b2c e169fa6db0c147f283ae7c6a936117f3 - default default] 10.0.20.26 "GET /v2.0/ports?network_id=b9ac343d-72fa-45cc-839b-282c06ec4c52&device_owner=network%3Adhcp HTTP/1.1" status: 200  len: 1128 time: 0.1422520
2018-09-29 06:43:51.602 31972 DEBUG neutron.wsgi [-] (31972) accepted ('10.0.20.26', 36582) server /usr/lib/python2.7/site-packages/eventlet/wsgi.py:883
2018-09-29 06:43:51.615 31972 WARNING keystonemiddleware.auth_token [-] Using the in-process token cache is deprecated as of the 4.2.0 release and may be removed in the 5.0.0 release or the 'O' development cycle. The in-process cache causes inconsistent results and high memory usage. When the feature is removed the auth_token middleware will not cache tokens by default which may result in performance issues. It is recommended to use  memcache for the auth_token token cache by setting the memcached_servers option.
