2018-09-29 06:46:28.759 31976 INFO neutron.wsgi [req-52eb2745-b42b-42e3-8723-fe547d2ded91 319698b42b0949de845552aab263ff10 e169fa6db0c147f283ae7c6a936117f3 - default default] 10.0.20.26 "GET /v2.0/security-groups?id=fdb4d9bc-06a1-485b-a64d-a6021115e262 HTTP/1.1" status: 200  len: 2118 time: 0.1291530
2018-09-29 06:46:29.023 31984 DEBUG neutron_lib.callbacks.manager [req-3ef092ae-c6f9-4a4b-8996-46f8bef043f9 - - - - -] Notify callbacks ['neutron.services.segments.db._update_segment_host_mapping_for_agent-8771718695594'] for agent, after_update _notify_loop /usr/lib/python2.7/site-packages/neutron_lib/callbacks/manager.py:167
2018-09-29 06:46:29.545 31983 DEBUG neutron_lib.callbacks.manager [req-628b7e51-22ae-449b-aa89-fd8bb8f36544 - - - - -] Notify callbacks ['neutron.services.segments.db._update_segment_host_mapping_for_agent-8771718695594'] for agent, after_update _notify_loop /usr/lib/python2.7/site-packages/neutron_lib/callbacks/manager.py:167
2018-09-29 06:46:30.641 31976 DEBUG neutron.wsgi [-] (31976) accepted ('10.0.20.26', 40264) server /usr/lib/python2.7/site-packages/eventlet/wsgi.py:883
2018-09-29 06:46:31.319 31976 INFO neutron.wsgi [req-8be4fcd6-0f95-4ea0-a489-ea5d9488e871 385405652b74463ca36119e213a84b2c e169fa6db0c147f283ae7c6a936117f3 - default default] 10.0.20.26 "GET /v2.0/ports?device_id=53ecd303-cdca-4033-8ecc-06642857d3b6 HTTP/1.1" status: 200  len: 1124 time: 0.6765959
2018-09-29 06:46:31.427 31976 INFO neutron.wsgi [req-f1c5a869-97ea-44db-987b-5e8d2a944ff5 385405652b74463ca36119e213a84b2c e169fa6db0c147f283ae7c6a936117f3 - default default] 10.0.20.26 "GET /v2.0/security-groups?id=fdb4d9bc-06a1-485b-a64d-a6021115e262 HTTP/1.1" status: 200  len: 2118 time: 0.1002209
2018-09-29 06:46:32.844 31978 INFO neutron.wsgi [req-487b56a2-44a1-45be-9677-7c0f7215ad3f 385405652b74463ca36119e213a84b2c e169fa6db0c147f283ae7c6a936117f3 - default default] 10.0.20.26 "GET /v2.0/ports?device_id=53ecd303-cdca-4033-8ecc-06642857d3b6 HTTP/1.1" status: 200  len: 1124 time: 0.1134799
2018-09-29 06:46:32.938 31978 INFO neutron.wsgi [req-9f52e496-6c28-497b-9b36-e1b8b3d6821c 385405652b74463ca36119e213a84b2c e169fa6db0c147f283ae7c6a936117f3 - default default] 10.0.20.26 "GET /v2.0/security-groups?id=fdb4d9bc-06a1-485b-a64d-a6021115e262 HTTP/1.1" status: 200  len: 2118 time: 0.0884099
2018-09-29 06:46:33.442 31977 INFO neutron.wsgi [req-2145b3be-1683-4cb1-b564-9c060d52cdd4 385405652b74463ca36119e213a84b2c e169fa6db0c147f283ae7c6a936117f3 - default default] 10.0.20.26 "GET /v2.0/ports?device_id=53ecd303-cdca-4033-8ecc-06642857d3b6 HTTP/1.1" status: 200  len: 1124 time: 0.1115448
2018-09-29 06:46:33.557 31977 INFO neutron.wsgi [req-8c2710ae-e648-450c-abfb-71567f498874 385405652b74463ca36119e213a84b2c e169fa6db0c147f283ae7c6a936117f3 - default default] 10.0.20.26 "GET /v2.0/security-groups?id=fdb4d9bc-06a1-485b-a64d-a6021115e262 HTTP/1.1" status: 200  len: 2118 time: 0.1079521
2018-09-29 06:46:34.949 31972 INFO neutron.wsgi [req-0fabdf49-49a8-4693-a2b8-209958e9ca92 385405652b74463ca36119e213a84b2c e169fa6db0c147f283ae7c6a936117f3 - default default] 10.0.20.26 "GET /v2.0/ports?device_id=53ecd303-cdca-4033-8ecc-06642857d3b6 HTTP/1.1" status: 200  len: 1124 time: 0.1183860
2018-09-29 06:46:35.070 31972 INFO neutron.wsgi [req-0f2a4b7e-99cf-4c64-a601-f50eb519b6c3 385405652b74463ca36119e213a84b2c e169fa6db0c147f283ae7c6a936117f3 - default default] 10.0.20.26 "GET /v2.0/security-groups?id=fdb4d9bc-06a1-485b-a64d-a6021115e262 HTTP/1.1" status: 200  len: 2118 time: 0.1130021
2018-09-29 06:46:35.553 31974 INFO neutron.wsgi [req-aa81549f-e488-4ead-9bc4-c02d1283322b 385405652b74463ca36119e213a84b2c e169fa6db0c147f283ae7c6a936117f3 - default default] 10.0.20.26 "GET /v2.0/ports?device_id=53ecd303-cdca-4033-8ecc-06642857d3b6 HTTP/1.1" status: 200  len: 1124 time: 0.1220729
2018-09-29 06:46:35.691 31974 INFO neutron.wsgi [req-a3bdd31c-9ee2-4603-959c-68073b577232 385405652b74463ca36119e213a84b2c e169fa6db0c147f283ae7c6a936117f3 - default default] 10.0.20.26 "GET /v2.0/security-groups?id=fdb4d9bc-06a1-485b-a64d-a6021115e262 HTTP/1.1" status: 200  len: 2118 time: 0.1303511
2018-09-29 06:46:37.317 31977 DEBUG neutron.wsgi [-] (31977) accepted ('10.0.20.26', 40312) server /usr/lib/python2.7/site-packages/eventlet/wsgi.py:883
2018-09-29 06:46:37.902 31977 INFO neutron.wsgi [req-c3f19e6d-27eb-4453-8fa8-f08db23d56b5 385405652b74463ca36119e213a84b2c e169fa6db0c147f283ae7c6a936117f3 - default default] 10.0.20.26 "GET /v2.0/ports?device_id=53ecd303-cdca-4033-8ecc-06642857d3b6 HTTP/1.1" status: 200  len: 1124 time: 0.5818529
2018-09-29 06:46:38.028 31977 INFO neutron.wsgi [req-1161be82-af7c-4d18-9163-573145798451 385405652b74463ca36119e213a84b2c e169fa6db0c147f283ae7c6a936117f3 - default default] 10.0.20.26 "GET /v2.0/security-groups?id=fdb4d9bc-06a1-485b-a64d-a6021115e262 HTTP/1.1" status: 200  len: 2118 time: 0.1181030
2018-09-29 06:46:39.189 31985 DEBUG neutron_lib.callbacks.manager [req-12b793fd-e8d0-468c-8bb7-2bb81e21ea6c - - - - -] Notify callbacks ['neutron.services.segments.db._update_segment_host_mapping_for_agent-8771718695594'] for agent, after_update _notify_loop /usr/lib/python2.7/site-packages/neutron_lib/callbacks/manager.py:167
2018-09-29 06:46:39.413 31972 INFO neutron.wsgi [req-a96e79c0-86a1-4793-a702-4cefff896b6d 385405652b74463ca36119e213a84b2c e169fa6db0c147f283ae7c6a936117f3 - default default] 10.0.20.26 "GET /v2.0/ports?device_id=53ecd303-cdca-4033-8ecc-06642857d3b6 HTTP/1.1" status: 200  len: 1124 time: 0.1454329
2018-09-29 06:46:39.521 31972 INFO neutron.wsgi [req-a606a573-2126-4fc5-9839-8ccdb533a4ad 385405652b74463ca36119e213a84b2c e169fa6db0c147f283ae7c6a936117f3 - default default] 10.0.20.26 "GET /v2.0/security-groups?id=fdb4d9bc-06a1-485b-a64d-a6021115e262 HTTP/1.1" status: 200  len: 2118 time: 0.0977731
2018-09-29 06:46:46.760 31989 DEBUG neutron.db.agents_db [req-eb737376-d958-411c-b732-b6b795ffc6bc - - - - -] Agent healthcheck: found 5 active agents agent_health_check /usr/lib/python2.7/site-packages/neutron/db/agents_db.py:281
2018-09-29 06:46:49.293 31986 DEBUG neutron_lib.callbacks.manager [req-0127c2dd-eff8-49e6-87b7-253cbfb75008 - - - - -] Notify callbacks ['neutron.services.segments.db._update_segment_host_mapping_for_agent-8771718695594'] for agent, after_update _notify_loop /usr/lib/python2.7/site-packages/neutron_lib/callbacks/manager.py:167
2018-09-29 06:46:51.294 31976 INFO neutron.wsgi [req-f916bbeb-fb82-43df-89b3-578e931f6773 385405652b74463ca36119e213a84b2c e169fa6db0c147f283ae7c6a936117f3 - default default] 10.0.20.26 "GET /v2.0/ports?tenant_id=a1856de450234a98965f2733aa03bf94&device_id=53ecd303-cdca-4033-8ecc-06642857d3b6 HTTP/1.1" status: 200  len: 1124 time: 0.1355700
2018-09-29 06:46:51.516 31976 DEBUG neutron.pecan_wsgi.hooks.policy_enforcement [req-bba0582c-455a-4b74-b568-dec98a10f4cf 385405652b74463ca36119e213a84b2c e169fa6db0c147f283ae7c6a936117f3 - default default] Attributes excluded by policy engine: [u'vlan_transparent'] _exclude_attributes_by_policy /usr/lib/python2.7/site-packages/neutron/pecan_wsgi/hooks/policy_enforcement.py:256
2018-09-29 06:46:51.518 31976 INFO neutron.wsgi [req-bba0582c-455a-4b74-b568-dec98a10f4cf 385405652b74463ca36119e213a84b2c e169fa6db0c147f283ae7c6a936117f3 - default default] 10.0.20.26 "GET /v2.0/networks?id=b9ac343d-72fa-45cc-839b-282c06ec4c52 HTTP/1.1" status: 200  len: 885 time: 0.2180951
2018-09-29 06:46:51.560 31976 INFO neutron.wsgi [req-d72c3d2b-b8f6-4438-9166-dc56d31c0006 385405652b74463ca36119e213a84b2c e169fa6db0c147f283ae7c6a936117f3 - default default] 10.0.20.26 "GET /v2.0/floatingips?fixed_ip_address=11.151.1.9&port_id=23db1a73-1dca-4d31-aa44-78ccd414d227 HTTP/1.1" status: 200  len: 751 time: 0.0352249
2018-09-29 06:46:51.682 31976 DEBUG neutron.pecan_wsgi.hooks.policy_enforcement [req-2138d7fa-64fb-4bd8-a77d-633b6dbc3430 385405652b74463ca36119e213a84b2c e169fa6db0c147f283ae7c6a936117f3 - default default] Attributes excluded by policy engine: [u'shared'] _exclude_attributes_by_policy /usr/lib/python2.7/site-packages/neutron/pecan_wsgi/hooks/policy_enforcement.py:256
2018-09-29 06:46:51.685 31976 INFO neutron.wsgi [req-2138d7fa-64fb-4bd8-a77d-633b6dbc3430 385405652b74463ca36119e213a84b2c e169fa6db0c147f283ae7c6a936117f3 - default default] 10.0.20.26 "GET /v2.0/subnets?id=4da542e1-e1bc-48c4-9eca-cf35349e7069 HTTP/1.1" status: 200  len: 847 time: 0.1180348
2018-09-29 06:46:51.803 31976 INFO neutron.wsgi [req-5a875476-eed1-4ab7-9335-1553ed72d5bd 385405652b74463ca36119e213a84b2c e169fa6db0c147f283ae7c6a936117f3 - default default] 10.0.20.26 "GET /v2.0/ports?network_id=b9ac343d-72fa-45cc-839b-282c06ec4c52&device_owner=network%3Adhcp HTTP/1.1" status: 200  len: 1128 time: 0.1106880
2018-09-29 06:46:51.912 31988 DEBUG neutron_lib.callbacks.manager [req-56ff42ff-6151-423a-bb61-dcd64d6d378f - - - - -] Notify callbacks ['neutron.services.segments.db._update_segment_host_mapping_for_agent-8771718695594'] for agent, after_update _notify_loop /usr/lib/python2.7/site-packages/neutron_lib/callbacks/manager.py:167
2018-09-29 06:46:59.001 31982 DEBUG neutron_lib.callbacks.manager [req-3ef092ae-c6f9-4a4b-8996-46f8bef043f9 - - - - -] Notify callbacks ['neutron.services.segments.db._update_segment_host_mapping_for_agent-8771718695594'] for agent, after_update _notify_loop /usr/lib/python2.7/site-packages/neutron_lib/callbacks/manager.py:167
2018-09-29 06:46:59.543 31979 DEBUG neutron_lib.callbacks.manager [req-628b7e51-22ae-449b-aa89-fd8bb8f36544 - - - - -] Notify callbacks ['neutron.services.segments.db._update_segment_host_mapping_for_agent-8771718695594'] for agent, after_update _notify_loop /usr/lib/python2.7/site-packages/neutron_lib/callbacks/manager.py:167
2018-09-29 06:47:08.873 31971 DEBUG neutron.wsgi [-] (31971) accepted ('10.0.20.26', 41444) server /usr/lib/python2.7/site-packages/eventlet/wsgi.py:883
2018-09-29 06:47:08.880 31971 INFO neutron.wsgi [-] 10.0.20.26 "GET / HTTP/1.1" status: 200  len: 252 time: 0.0033588
2018-09-29 06:47:09.177 31980 DEBUG neutron_lib.callbacks.manager [req-12b793fd-e8d0-468c-8bb7-2bb81e21ea6c - - - - -] Notify callbacks ['neutron.services.segments.db._update_segment_host_mapping_for_agent-8771718695594'] for agent, after_update _notify_loop /usr/lib/python2.7/site-packages/neutron_lib/callbacks/manager.py:167
2018-09-29 06:47:09.370 31971 INFO neutron.api.v2.resource [req-2714579a-80be-4866-ae98-50b3648d89ce 692681c995064dfc80c5d79c6e649542 a1856de450234a98965f2733aa03bf94 - 62372d233210473892f4c7d66cf38d02 62372d233210473892f4c7d66cf38d02] show failed (client error): The resource could not be found.
2018-09-29 06:47:09.372 31971 INFO neutron.wsgi [req-2714579a-80be-4866-ae98-50b3648d89ce 692681c995064dfc80c5d79c6e649542 a1856de450234a98965f2733aa03bf94 - 62372d233210473892f4c7d66cf38d02 62372d233210473892f4c7d66cf38d02] 10.0.20.26 "GET /v2.0/floatingips/172.24.4.13 HTTP/1.1" status: 404  len: 325 time: 0.4871452
2018-09-29 06:47:09.423 31971 INFO neutron.wsgi [req-e23280d2-1e70-4382-87c9-efb6e7c49465 692681c995064dfc80c5d79c6e649542 a1856de450234a98965f2733aa03bf94 - 62372d233210473892f4c7d66cf38d02 62372d233210473892f4c7d66cf38d02] 10.0.20.26 "GET /v2.0/floatingips HTTP/1.1" status: 200  len: 1209 time: 0.0439420
2018-09-29 06:47:09.498 31971 DEBUG neutron.plugins.ml2.plugin [req-2d66251b-3f73-482c-a1d6-96138b5494d3 692681c995064dfc80c5d79c6e649542 a1856de450234a98965f2733aa03bf94 - 62372d233210473892f4c7d66cf38d02 62372d233210473892f4c7d66cf38d02] Deleting port 3df3b80b-b3bd-4e45-9684-7a2fd160bf1d _pre_delete_port /usr/lib/python2.7/site-packages/neutron/plugins/ml2/plugin.py:1488
2018-09-29 06:47:09.499 31971 DEBUG neutron_lib.callbacks.manager [req-2d66251b-3f73-482c-a1d6-96138b5494d3 692681c995064dfc80c5d79c6e649542 a1856de450234a98965f2733aa03bf94 - 62372d233210473892f4c7d66cf38d02 62372d233210473892f4c7d66cf38d02] Notify callbacks ['neutron.db.l3_db._prevent_l3_port_delete_callback--9223363265135876250'] for port, before_delete _notify_loop /usr/lib/python2.7/site-packages/neutron_lib/callbacks/manager.py:167
2018-09-29 06:47:09.844 31971 DEBUG neutron.plugins.ml2.plugin [req-2d66251b-3f73-482c-a1d6-96138b5494d3 692681c995064dfc80c5d79c6e649542 a1856de450234a98965f2733aa03bf94 - 62372d233210473892f4c7d66cf38d02 62372d233210473892f4c7d66cf38d02] Calling delete_port for 3df3b80b-b3bd-4e45-9684-7a2fd160bf1d owned by network:floatingip delete_port /usr/lib/python2.7/site-packages/neutron/plugins/ml2/plugin.py:1547
2018-09-29 06:47:10.250 31971 DEBUG neutron_lib.callbacks.manager [req-2d66251b-3f73-482c-a1d6-96138b5494d3 692681c995064dfc80c5d79c6e649542 a1856de450234a98965f2733aa03bf94 - 62372d233210473892f4c7d66cf38d02 62372d233210473892f4c7d66cf38d02] Notify callbacks ['neutron.db.l3_dvrscheduler_db._notify_port_delete-8771718332842', 'neutron.plugins.ml2.ovo_rpc._ObjectChangeHandler.handle_event--9223372036853247574', 'neutron.db.l3_db._notify_routers_callback-8771718873153', 'neutron.api.rpc.agentnotifiers.dhcp_rpc_agent_api.DhcpAgentNotifyAPI._native_event_send_dhcp_notification-1418162', 'neutron.plugins.ml2.plugin.Ml2Plugin.notify_sg_on_port_change-378004'] for port, after_delete _notify_loop /usr/lib/python2.7/site-packages/neutron_lib/callbacks/manager.py:167
2018-09-29 06:47:10.331 31971 DEBUG oslo_concurrency.lockutils [-] Lock "event-dispatch" acquired by "neutron.plugins.ml2.ovo_rpc.dispatch_events" :: waited 0.000s inner /usr/lib/python2.7/site-packages/oslo_concurrency/lockutils.py:270
2018-09-29 06:47:10.415 31971 DEBUG neutron.api.rpc.handlers.resources_rpc [req-2d66251b-3f73-482c-a1d6-96138b5494d3 692681c995064dfc80c5d79c6e649542 a1856de450234a98965f2733aa03bf94 - - -] neutron.api.rpc.handlers.resources_rpc.ResourcesPushRpcApi method push called with arguments (<neutron_lib.context.Context object at 0x7fa531be8a90>, [Port(admin_state_up=<?>,allowed_address_pairs=<?>,binding=<?>,binding_levels=<?>,created_at=<?>,data_plane_status=<?>,description=<?>,device_id=<?>,device_owner=<?>,dhcp_options=<?>,distributed_binding=<?>,dns=<?>,fixed_ips=<?>,id=3df3b80b-b3bd-4e45-9684-7a2fd160bf1d,mac_address=<?>,name=<?>,network_id=<?>,project_id=<?>,qos_policy_id=None,revision_number=<?>,security=<?>,security_group_ids=None,status=<?>,updated_at=<?>)], 'deleted') {} wrapper /usr/lib/python2.7/site-packages/oslo_log/helpers.py:66
2018-09-29 06:47:10.432 31971 DEBUG neutron.api.rpc.callbacks.version_manager [req-2d66251b-3f73-482c-a1d6-96138b5494d3 692681c995064dfc80c5d79c6e649542 a1856de450234a98965f2733aa03bf94 - - -] Version for resource type Subnet changed None to 1.0 on consumer Open vSwitch agent@localhost.localdomain _set_version /usr/lib/python2.7/site-packages/neutron/api/rpc/callbacks/version_manager.py:119
2018-09-29 06:47:10.433 31971 DEBUG neutron.api.rpc.callbacks.version_manager [req-2d66251b-3f73-482c-a1d6-96138b5494d3 692681c995064dfc80c5d79c6e649542 a1856de450234a98965f2733aa03bf94 - - -] Version for resource type Network changed None to 1.0 on consumer Open vSwitch agent@localhost.localdomain _set_version /usr/lib/python2.7/site-packages/neutron/api/rpc/callbacks/version_manager.py:119
2018-09-29 06:47:10.434 31971 DEBUG neutron.api.rpc.callbacks.version_manager [req-2d66251b-3f73-482c-a1d6-96138b5494d3 692681c995064dfc80c5d79c6e649542 a1856de450234a98965f2733aa03bf94 - - -] Version for resource type SubPort changed None to 1.0 on consumer Open vSwitch agent@localhost.localdomain _set_version /usr/lib/python2.7/site-packages/neutron/api/rpc/callbacks/version_manager.py:119
2018-09-29 06:47:10.434 31971 DEBUG neutron.api.rpc.callbacks.version_manager [req-2d66251b-3f73-482c-a1d6-96138b5494d3 692681c995064dfc80c5d79c6e649542 a1856de450234a98965f2733aa03bf94 - - -] Version for resource type SecurityGroup changed None to 1.0 on consumer Open vSwitch agent@localhost.localdomain _set_version /usr/lib/python2.7/site-packages/neutron/api/rpc/callbacks/version_manager.py:119
2018-09-29 06:47:10.435 31971 DEBUG neutron.api.rpc.callbacks.version_manager [req-2d66251b-3f73-482c-a1d6-96138b5494d3 692681c995064dfc80c5d79c6e649542 a1856de450234a98965f2733aa03bf94 - - -] Version for resource type SecurityGroupRule changed None to 1.0 on consumer Open vSwitch agent@localhost.localdomain _set_version /usr/lib/python2.7/site-packages/neutron/api/rpc/callbacks/version_manager.py:119
2018-09-29 06:47:10.435 31971 DEBUG neutron.api.rpc.callbacks.version_manager [req-2d66251b-3f73-482c-a1d6-96138b5494d3 692681c995064dfc80c5d79c6e649542 a1856de450234a98965f2733aa03bf94 - - -] Version for resource type Trunk changed None to 1.1 on consumer Open vSwitch agent@localhost.localdomain _set_version /usr/lib/python2.7/site-packages/neutron/api/rpc/callbacks/version_manager.py:119
2018-09-29 06:47:10.436 31971 DEBUG neutron.api.rpc.callbacks.version_manager [req-2d66251b-3f73-482c-a1d6-96138b5494d3 692681c995064dfc80c5d79c6e649542 a1856de450234a98965f2733aa03bf94 - - -] Version for resource type QosPolicy changed None to 1.6 on consumer Open vSwitch agent@localhost.localdomain _set_version /usr/lib/python2.7/site-packages/neutron/api/rpc/callbacks/version_manager.py:119
2018-09-29 06:47:10.436 31971 DEBUG neutron.api.rpc.callbacks.version_manager [req-2d66251b-3f73-482c-a1d6-96138b5494d3 692681c995064dfc80c5d79c6e649542 a1856de450234a98965f2733aa03bf94 - - -] Version for resource type Port changed None to 1.1 on consumer Open vSwitch agent@localhost.localdomain _set_version /usr/lib/python2.7/site-packages/neutron/api/rpc/callbacks/version_manager.py:119
2018-09-29 06:47:10.437 31971 DEBUG neutron.api.rpc.callbacks.version_manager [req-2d66251b-3f73-482c-a1d6-96138b5494d3 692681c995064dfc80c5d79c6e649542 a1856de450234a98965f2733aa03bf94 - - -] Version for resource type Log changed None to 1.0 on consumer Open vSwitch agent@localhost.localdomain _set_version /usr/lib/python2.7/site-packages/neutron/api/rpc/callbacks/version_manager.py:119
2018-09-29 06:47:10.546 31971 DEBUG oslo_concurrency.lockutils [req-2d66251b-3f73-482c-a1d6-96138b5494d3 692681c995064dfc80c5d79c6e649542 a1856de450234a98965f2733aa03bf94 - - -] Lock "event-dispatch" released by "neutron.plugins.ml2.ovo_rpc.dispatch_events" :: held 0.214s inner /usr/lib/python2.7/site-packages/oslo_concurrency/lockutils.py:282
2018-09-29 06:47:11.239 31971 DEBUG neutron.scheduler.l3_agent_scheduler [req-2d66251b-3f73-482c-a1d6-96138b5494d3 692681c995064dfc80c5d79c6e649542 a1856de450234a98965f2733aa03bf94 - 62372d233210473892f4c7d66cf38d02 62372d233210473892f4c7d66cf38d02] Router f27c1823-940d-44ef-9f2b-7fbff0fcd416 has already been hosted by L3 agent 7f84737c-d202-4304-8c5a-a5c3498d9450 _get_candidates /usr/lib/python2.7/site-packages/neutron/scheduler/l3_agent_scheduler.py:141
2018-09-29 06:47:11.402 31971 DEBUG neutron.api.rpc.agentnotifiers.l3_rpc_agent_api [req-2d66251b-3f73-482c-a1d6-96138b5494d3 692681c995064dfc80c5d79c6e649542 a1856de450234a98965f2733aa03bf94 - 62372d233210473892f4c7d66cf38d02 62372d233210473892f4c7d66cf38d02] Notify agent at l3_agent.localhost.localdomain the message routers_updated _agent_notification /usr/lib/python2.7/site-packages/neutron/api/rpc/agentnotifiers/l3_rpc_agent_api.py:69
2018-09-29 06:47:11.428 31971 DEBUG neutron.quota.resource [req-2d66251b-3f73-482c-a1d6-96138b5494d3 692681c995064dfc80c5d79c6e649542 a1856de450234a98965f2733aa03bf94 - 62372d233210473892f4c7d66cf38d02 62372d233210473892f4c7d66cf38d02] Persisted dirty status for tenant:a1856de450234a98965f2733aa03bf94 on resource:floatingip mark_dirty /usr/lib/python2.7/site-packages/neutron/quota/resource.py:207
2018-09-29 06:47:11.438 31971 DEBUG neutron.quota.resource [req-2d66251b-3f73-482c-a1d6-96138b5494d3 692681c995064dfc80c5d79c6e649542 a1856de450234a98965f2733aa03bf94 - 62372d233210473892f4c7d66cf38d02 62372d233210473892f4c7d66cf38d02] Persisted dirty status for tenant: on resource:port mark_dirty /usr/lib/python2.7/site-packages/neutron/quota/resource.py:207
2018-09-29 06:47:11.444 31971 DEBUG neutron_lib.callbacks.manager [req-2d66251b-3f73-482c-a1d6-96138b5494d3 692681c995064dfc80c5d79c6e649542 a1856de450234a98965f2733aa03bf94 - 62372d233210473892f4c7d66cf38d02 62372d233210473892f4c7d66cf38d02] Notify callbacks ['neutron.notifiers.nova.Notifier._send_nova_notification--9223372036854774504'] for floatingip, before_response _notify_loop /usr/lib/python2.7/site-packages/neutron_lib/callbacks/manager.py:167
2018-09-29 06:47:11.451 31982 DEBUG neutron.db.l3_hamode_db [req-0c41db06-0be2-4e23-967b-c8ca35c19b81 - - - - -] neutron.services.l3_router.l3_router_plugin.L3RouterPlugin method get_ha_sync_data_for_host called with arguments (<neutron_lib.context.Context object at 0x7fa531b6f650>, u'localhost.localdomain', <neutron.db.models.agent.Agent[object at 7fa531af1ad0] {id=u'7f84737c-d202-4304-8c5a-a5c3498d9450', agent_type=u'L3 agent', binary=u'neutron-l3-agent', topic=u'l3_agent', host=u'localhost.localdomain', availability_zone=u'nova', admin_state_up=True, created_at=datetime.datetime(2018, 9, 11, 22, 51, 15), started_at=datetime.datetime(2018, 9, 29, 10, 31, 49), heartbeat_timestamp=datetime.datetime(2018, 9, 29, 10, 46, 49), description=None, configurations=u'{"agent_mode": "legacy", "gateway_external_network_id": "", "handle_internal_only_routers": true, "routers": 2, "interfaces": 2, "floating_ips": 1, "interface_driver": "neutron.agent.linux.interface.OVSInterfaceDriver", "log_agent_heartbeats": false, "external_network_bridge": "", "ex_gw_ports": 2}', resource_versions=None, load=0}>) {'active': True, 'router_ids': ['f27c1823-940d-44ef-9f2b-7fbff0fcd416']} wrapper /usr/lib/python2.7/site-packages/oslo_log/helpers.py:66
2018-09-29 06:47:11.538 31971 INFO neutron.wsgi [req-2d66251b-3f73-482c-a1d6-96138b5494d3 692681c995064dfc80c5d79c6e649542 a1856de450234a98965f2733aa03bf94 - 62372d233210473892f4c7d66cf38d02 62372d233210473892f4c7d66cf38d02] 10.0.20.26 "DELETE /v2.0/floatingips/ce4b33da-c41a-40bc-afe3-2bdb338b7009 HTTP/1.1" status: 204  len: 173 time: 2.1073651
2018-09-29 06:47:11.539 31971 DEBUG oslo_concurrency.lockutils [-] Lock "notifier-85cbb402-0be2-4d5c-900a-4b3981a04b35" acquired by "neutron.notifiers.batch_notifier.synced_send" :: waited 0.000s inner /usr/lib/python2.7/site-packages/oslo_concurrency/lockutils.py:270
2018-09-29 06:47:11.539 31971 DEBUG neutron.notifiers.nova [-] Sending events: [{'tag': u'23db1a73-1dca-4d31-aa44-78ccd414d227', 'name': 'network-changed', 'server_uuid': u'53ecd303-cdca-4033-8ecc-06642857d3b6'}] send_events /usr/lib/python2.7/site-packages/neutron/notifiers/nova.py:242
2018-09-29 06:47:11.543 31971 DEBUG novaclient.v2.client [-] REQ: curl -g -i -X POST http://10.0.20.26:8774/v2.1/e169fa6db0c147f283ae7c6a936117f3/os-server-external-events -H "User-Agent: python-novaclient" -H "Content-Type: application/json" -H "Accept: application/json" -H "X-OpenStack-Nova-API-Version: 2.1" -H "X-Auth-Token: {SHA1}c8ca80ca69b9769bb15b40a9829cec0db027dc20" -d '{"events": [{"tag": "23db1a73-1dca-4d31-aa44-78ccd414d227", "name": "network-changed", "server_uuid": "53ecd303-cdca-4033-8ecc-06642857d3b6"}]}' _http_log_request /usr/lib/python2.7/site-packages/keystoneauth1/session.py:375
2018-09-29 06:47:11.640 31971 DEBUG novaclient.v2.client [-] RESP: [200] Content-Length: 179 Content-Type: application/json Openstack-Api-Version: compute 2.1 X-Openstack-Nova-Api-Version: 2.1 Vary: OpenStack-API-Version, X-OpenStack-Nova-API-Version X-Openstack-Request-Id: req-174a2224-88e5-4ca8-9733-81cde528b77c X-Compute-Request-Id: req-174a2224-88e5-4ca8-9733-81cde528b77c Date: Sat, 29 Sep 2018 10:47:11 GMT Connection: keep-alive 
RESP BODY: {"events": [{"status": "completed", "tag": "23db1a73-1dca-4d31-aa44-78ccd414d227", "name": "network-changed", "server_uuid": "53ecd303-cdca-4033-8ecc-06642857d3b6", "code": 200}]}
 _http_log_response /usr/lib/python2.7/site-packages/keystoneauth1/session.py:423
2018-09-29 06:47:11.641 31971 DEBUG novaclient.v2.client [-] POST call to compute for http://10.0.20.26:8774/v2.1/e169fa6db0c147f283ae7c6a936117f3/os-server-external-events used request id req-174a2224-88e5-4ca8-9733-81cde528b77c request /usr/lib/python2.7/site-packages/keystoneauth1/session.py:727
2018-09-29 06:47:11.647 31971 INFO neutron.notifiers.nova [-] Nova event response: {u'status': u'completed', u'tag': u'23db1a73-1dca-4d31-aa44-78ccd414d227', u'name': u'network-changed', u'server_uuid': u'53ecd303-cdca-4033-8ecc-06642857d3b6', u'code': 200}
2018-09-29 06:47:11.807 31976 INFO neutron.wsgi [req-65f39f6e-2a82-4bed-a1c3-8d378d5fd169 385405652b74463ca36119e213a84b2c e169fa6db0c147f283ae7c6a936117f3 - default default] 10.0.20.26 "GET /v2.0/ports?tenant_id=a1856de450234a98965f2733aa03bf94&device_id=53ecd303-cdca-4033-8ecc-06642857d3b6 HTTP/1.1" status: 200  len: 1124 time: 0.1148901
2018-09-29 06:47:12.178 31976 DEBUG neutron.pecan_wsgi.hooks.policy_enforcement [req-1124da79-299d-46e8-8426-2b27e340204d 385405652b74463ca36119e213a84b2c e169fa6db0c147f283ae7c6a936117f3 - default default] Attributes excluded by policy engine: [u'vlan_transparent'] _exclude_attributes_by_policy /usr/lib/python2.7/site-packages/neutron/pecan_wsgi/hooks/policy_enforcement.py:256
2018-09-29 06:47:12.182 31976 INFO neutron.wsgi [req-1124da79-299d-46e8-8426-2b27e340204d 385405652b74463ca36119e213a84b2c e169fa6db0c147f283ae7c6a936117f3 - default default] 10.0.20.26 "GET /v2.0/networks?id=b9ac343d-72fa-45cc-839b-282c06ec4c52 HTTP/1.1" status: 200  len: 885 time: 0.3671980
2018-09-29 06:47:12.225 31976 INFO neutron.wsgi [req-8c348206-6943-490f-970d-d5fd2a96c4b6 385405652b74463ca36119e213a84b2c e169fa6db0c147f283ae7c6a936117f3 - default default] 10.0.20.26 "GET /v2.0/floatingips?fixed_ip_address=11.151.1.9&port_id=23db1a73-1dca-4d31-aa44-78ccd414d227 HTTP/1.1" status: 200  len: 217 time: 0.0354941
2018-09-29 06:47:12.366 31976 DEBUG neutron.pecan_wsgi.hooks.policy_enforcement [req-d7f8e977-637a-4fc9-9d97-091d8b1eaf61 385405652b74463ca36119e213a84b2c e169fa6db0c147f283ae7c6a936117f3 - default default] Attributes excluded by policy engine: [u'shared'] _exclude_attributes_by_policy /usr/lib/python2.7/site-packages/neutron/pecan_wsgi/hooks/policy_enforcement.py:256
2018-09-29 06:47:12.369 31976 INFO neutron.wsgi [req-d7f8e977-637a-4fc9-9d97-091d8b1eaf61 385405652b74463ca36119e213a84b2c e169fa6db0c147f283ae7c6a936117f3 - default default] 10.0.20.26 "GET /v2.0/subnets?id=4da542e1-e1bc-48c4-9eca-cf35349e7069 HTTP/1.1" status: 200  len: 847 time: 0.1383541
2018-09-29 06:47:12.489 31976 INFO neutron.wsgi [req-c7eae6a5-09a5-4913-bae4-69cb3e601247 385405652b74463ca36119e213a84b2c e169fa6db0c147f283ae7c6a936117f3 - default default] 10.0.20.26 "GET /v2.0/ports?network_id=b9ac343d-72fa-45cc-839b-282c06ec4c52&device_owner=network%3Adhcp HTTP/1.1" status: 200  len: 1128 time: 0.1115220
2018-09-29 06:47:12.725 31982 DEBUG neutron.db.l3_hamode_db [req-0c41db06-0be2-4e23-967b-c8ca35c19b81 - - - - -] neutron.services.l3_router.l3_router_plugin.L3RouterPlugin method _process_sync_ha_data called with arguments (<neutron_lib.context.Context object at 0x7fa531b6f650>, [{'status': u'ACTIVE', '_interfaces': [{'status': u'ACTIVE', 'subnets': [{'dns_nameservers': [u'8.8.4.4'], 'ipv6_ra_mode': None, 'gateway_ip': u'11.151.1.1', 'cidr': u'11.151.1.0/24', 'id': u'4da542e1-e1bc-48c4-9eca-cf35349e7069', 'subnetpool_id': None}], 'binding:host_id': u'localhost.localdomain', 'description': u'', 'allowed_address_pairs': [], 'tags': [], 'extra_dhcp_opts': [], 'updated_at': '2018-09-29T10:42:22Z', 'device_owner': u'network:router_interface', 'revision_number': 7, 'port_security_enabled': False, 'binding:profile': {}, 'mtu': 1450, 'fixed_ips': [{'subnet_id': u'4da542e1-e1bc-48c4-9eca-cf35349e7069', 'prefixlen': 24, 'ip_address': u'11.151.1.1'}], 'id': u'f9f66332-d09b-426f-9996-72661cbbd124', 'security_groups': [], 'device_id': u'f27c1823-940d-44ef-9f2b-7fbff0fcd416', 'name': u'', 'admin_state_up': True, 'network_id': u'b9ac343d-72fa-45cc-839b-282c06ec4c52', 'tenant_id': u'a1856de450234a98965f2733aa03bf94', 'binding:vif_details': {u'port_filter': True, u'datapath_type': u'system', u'ovs_hybrid_plug': True}, 'address_scopes': {4: None, 6: None}, 'binding:vnic_type': u'normal', 'binding:vif_type': u'ovs', 'mac_address': u'fa:16:3e:12:1b:8d', 'project_id': u'a1856de450234a98965f2733aa03bf94', 'extra_subnets': [], 'created_at': '2018-09-29T10:42:14Z'}], 'enable_snat': True, 'ha_vr_id': 0, 'description': u'', 'tags': [], 'gw_port': {'status': u'ACTIVE', 'subnets': [{'dns_nameservers': [], 'ipv6_ra_mode': None, 'gateway_ip': u'172.24.4.1', 'cidr': u'172.24.4.0/24', 'id': u'fb0bfeb3-1f6d-48f2-94af-fd43cd976e0b', 'subnetpool_id': None}], 'binding:host_id': u'localhost.localdomain', 'description': u'', 'allowed_address_pairs': [], 'tags': [], 'extra_dhcp_opts': [], 'updated_at': '2018-09-29T10:42:34Z', 'device_owner': u'network:router_gateway', 'revision_number': 6, 'port_security_enabled': False, 'binding:profile': {}, 'mtu': 1500, 'fixed_ips': [{'subnet_id': u'fb0bfeb3-1f6d-48f2-94af-fd43cd976e0b', 'prefixlen': 24, 'ip_address': u'172.24.4.10'}], 'id': u'0b2e1506-e6ee-44d4-aba5-9c3a189a24c6', 'security_groups': [], 'device_id': u'f27c1823-940d-44ef-9f2b-7fbff0fcd416', 'name': u'', 'admin_state_up': True, 'network_id': u'2050c613-9c50-45e4-b9c6-2203ec7994e3', 'tenant_id': u'', 'binding:vif_details': {u'port_filter': True, u'datapath_type': u'system', u'ovs_hybrid_plug': True}, 'address_scopes': {4: None, 6: None}, 'binding:vnic_type': u'normal', 'binding:vif_type': u'ovs', 'mac_address': u'fa:16:3e:a6:44:6a', 'project_id': u'', 'extra_subnets': [], 'created_at': '2018-09-29T10:42:27Z'}, 'updated_at': '2018-09-29T10:42:28Z', 'revision_number': 4, 'ha': False, 'id': u'f27c1823-940d-44ef-9f2b-7fbff0fcd416', 'gw_port_host': u'localhost.localdomain', 'external_gateway_info': {'network_id': u'2050c613-9c50-45e4-b9c6-2203ec7994e3', 'enable_snat': True, 'external_fixed_ips': [{'subnet_id': u'fb0bfeb3-1f6d-48f2-94af-fd43cd976e0b', 'ip_address': u'172.24.4.10'}]}, 'availability_zone_hints': [], 'availability_zones': [u'nova'], 'name': u'tempest-router-1538217570', 'gw_port_id': u'0b2e1506-e6ee-44d4-aba5-9c3a189a24c6', 'admin_state_up': True, 'tenant_id': u'a1856de450234a98965f2733aa03bf94', 'created_at': '2018-09-29T10:41:56Z', 'distributed': False, 'flavor_id': None, 'routes': [], 'project_id': u'a1856de450234a98965f2733aa03bf94'}], u'localhost.localdomain', False) {} wrapper /usr/lib/python2.7/site-packages/oslo_log/helpers.py:66
2018-09-29 06:47:12.733 31982 DEBUG neutron.api.rpc.handlers.l3_rpc [req-0c41db06-0be2-4e23-967b-c8ca35c19b81 - - - - -] Checking router: f27c1823-940d-44ef-9f2b-7fbff0fcd416 for host: localhost.localdomain _ensure_host_set_on_ports /usr/lib/python2.7/site-packages/neutron/api/rpc/handlers/l3_rpc.py:135
2018-09-29 06:47:12.929 31980 DEBUG neutron.api.rpc.handlers.l3_rpc [req-a3167757-ec21-4f98-b670-17782ab2a6a6 - - - - -] New status for floating IP ce4b33da-c41a-40bc-afe3-2bdb338b7009: DOWN update_floatingip_statuses /usr/lib/python2.7/site-packages/neutron/api/rpc/handlers/l3_rpc.py:252
2018-09-29 06:47:13.648 31971 DEBUG oslo_concurrency.lockutils [-] Lock "notifier-85cbb402-0be2-4d5c-900a-4b3981a04b35" released by "neutron.notifiers.batch_notifier.synced_send" :: held 2.109s inner /usr/lib/python2.7/site-packages/oslo_concurrency/lockutils.py:282
2018-09-29 06:47:18.148 31976 INFO neutron.wsgi [req-2b1da048-531e-4573-a0ee-8f67cc1c87f3 81ed535ca88f461e8769becabf682408 67a7d8c970184497ad868e5ea6aa33b6 - default default] 10.0.20.26 "GET /v2.0/ports?device_id=53ecd303-cdca-4033-8ecc-06642857d3b6 HTTP/1.1" status: 200  len: 1124 time: 0.5811269
2018-09-29 06:47:18.576 31976 INFO neutron.wsgi [req-1349caf0-1fa7-4fd2-b3eb-8fbce6b6ca91 81ed535ca88f461e8769becabf682408 67a7d8c970184497ad868e5ea6aa33b6 - default default] 10.0.20.26 "GET /v2.0/security-groups?id=fdb4d9bc-06a1-485b-a64d-a6021115e262 HTTP/1.1" status: 200  len: 2118 time: 0.4193351
2018-09-29 06:47:19.309 31981 DEBUG neutron_lib.callbacks.manager [req-e263c7ef-8874-456b-ada5-e58214625884 - - - - -] Notify callbacks ['neutron.services.segments.db._update_segment_host_mapping_for_agent-8771718695594'] for agent, after_update _notify_loop /usr/lib/python2.7/site-packages/neutron_lib/callbacks/manager.py:167
2018-09-29 06:47:21.940 31984 DEBUG neutron_lib.callbacks.manager [req-1ae20143-081c-41a5-b4e2-78d3af0bfa55 - - - - -] Notify callbacks ['neutron.services.segments.db._update_segment_host_mapping_for_agent-8771718695594'] for agent, after_update _notify_loop /usr/lib/python2.7/site-packages/neutron_lib/callbacks/manager.py:167
2018-09-29 06:47:23.768 31989 DEBUG neutron.db.agents_db [req-eb737376-d958-411c-b732-b6b795ffc6bc - - - - -] Agent healthcheck: found 5 active agents agent_health_check /usr/lib/python2.7/site-packages/neutron/db/agents_db.py:281
2018-09-29 06:47:24.994 31976 INFO neutron.wsgi [req-5bc9191b-3af2-4ee8-91b9-59a79cd3ad30 81ed535ca88f461e8769becabf682408 67a7d8c970184497ad868e5ea6aa33b6 - default default] 10.0.20.26 "GET /v2.0/ports?device_id=53ecd303-cdca-4033-8ecc-06642857d3b6 HTTP/1.1" status: 200  len: 1124 time: 0.4447429
2018-09-29 06:47:25.125 31976 INFO neutron.wsgi [req-3f4eedee-5449-45b4-9752-2cc8c9ac2d4a 81ed535ca88f461e8769becabf682408 67a7d8c970184497ad868e5ea6aa33b6 - default default] 10.0.20.26 "GET /v2.0/security-groups?id=fdb4d9bc-06a1-485b-a64d-a6021115e262 HTTP/1.1" status: 200  len: 2118 time: 0.1237850
2018-09-29 06:47:28.165 31982 DEBUG neutron.plugins.ml2.rpc [req-12b793fd-e8d0-468c-8bb7-2bb81e21ea6c - - - - -] Device 23db1a73-1dca-4d31-aa44-78ccd414d227 no longer exists at agent ovs-agent-localhost.localdomain update_device_down /usr/lib/python2.7/site-packages/neutron/plugins/ml2/rpc.py:213
2018-09-29 06:47:28.345 31982 DEBUG neutron_lib.callbacks.manager [req-12b793fd-e8d0-468c-8bb7-2bb81e21ea6c - - - - -] Notify callbacks ['neutron.plugins.ml2.plugin.Ml2Plugin._ensure_default_security_group_handler-376883'] for port, before_update _notify_loop /usr/lib/python2.7/site-packages/neutron_lib/callbacks/manager.py:167
2018-09-29 06:47:28.437 31982 DEBUG oslo_concurrency.lockutils [-] Lock "notifier-85cbb402-0be2-4d5c-900a-4b3981a04b35" acquired by "neutron.notifiers.batch_notifier.synced_send" :: waited 0.000s inner /usr/lib/python2.7/site-packages/oslo_concurrency/lockutils.py:270
2018-09-29 06:47:28.438 31982 DEBUG neutron.notifiers.nova [-] Sending events: [{'status': 'completed', 'tag': u'23db1a73-1dca-4d31-aa44-78ccd414d227', 'name': 'network-vif-unplugged', 'server_uuid': u'53ecd303-cdca-4033-8ecc-06642857d3b6'}] send_events /usr/lib/python2.7/site-packages/neutron/notifiers/nova.py:242
2018-09-29 06:47:28.451 31982 DEBUG neutron.plugins.ml2.db [req-12b793fd-e8d0-468c-8bb7-2bb81e21ea6c - - - - -] For port 23db1a73-1dca-4d31-aa44-78ccd414d227, host localhost.localdomain, got binding levels [<neutron.plugins.ml2.models.PortBindingLevel[object at 7fa531aaae10] {port_id=u'23db1a73-1dca-4d31-aa44-78ccd414d227', host=u'localhost.localdomain', level=0, driver=u'openvswitch', segment_id=u'fdb97a49-1932-4f17-b265-18a3d0da7244'}>] get_binding_levels /usr/lib/python2.7/site-packages/neutron/plugins/ml2/db.py:106
2018-09-29 06:47:28.468 31982 DEBUG neutron_lib.callbacks.manager [req-12b793fd-e8d0-468c-8bb7-2bb81e21ea6c - - - - -] Notify callbacks ['neutron.db.l3_dvrscheduler_db._notify_l3_agent_port_update--9223363265136442959', 'neutron.db.l3_hascheduler_db._notify_l3_agent_ha_port_update-8771718333701', 'neutron.plugins.ml2.ovo_rpc._ObjectChangeHandler.handle_event--9223372036853247574', 'neutron.api.rpc.agentnotifiers.dhcp_rpc_agent_api.DhcpAgentNotifyAPI._native_event_send_dhcp_notification-1418162', 'neutron.plugins.ml2.plugin.Ml2Plugin.notify_sg_on_port_change-378004'] for port, after_update _notify_loop /usr/lib/python2.7/site-packages/neutron_lib/callbacks/manager.py:167
2018-09-29 06:47:28.778 31982 DEBUG oslo_concurrency.lockutils [-] Lock "event-dispatch" acquired by "neutron.plugins.ml2.ovo_rpc.dispatch_events" :: waited 0.000s inner /usr/lib/python2.7/site-packages/oslo_concurrency/lockutils.py:270
2018-09-29 06:47:28.950 31982 DEBUG neutron.api.rpc.handlers.resources_rpc [req-12b793fd-e8d0-468c-8bb7-2bb81e21ea6c - - - - -] neutron.api.rpc.handlers.resources_rpc.ResourcesPushRpcApi method push called with arguments (<neutron_lib.context.Context object at 0x7fa532031250>, [Port(admin_state_up=True,allowed_address_pairs=[],binding=PortBinding,binding_levels=[PortBindingLevel],created_at=2018-09-29T10:42:49Z,data_plane_status=<?>,description='',device_id='53ecd303-cdca-4033-8ecc-06642857d3b6',device_owner='compute:nova',dhcp_options=[],distributed_binding=None,dns=None,fixed_ips=[IPAllocation],id=23db1a73-1dca-4d31-aa44-78ccd414d227,mac_address=fa:16:3e:73:82:55,name='',network_id=b9ac343d-72fa-45cc-839b-282c06ec4c52,project_id='a1856de450234a98965f2733aa03bf94',qos_policy_id=None,revision_number=9,security=PortSecurity(23db1a73-1dca-4d31-aa44-78ccd414d227),security_group_ids=set([fdb4d9bc-06a1-485b-a64d-a6021115e262]),status='DOWN',updated_at=2018-09-29T10:47:28Z)], 'updated') {} wrapper /usr/lib/python2.7/site-packages/oslo_log/helpers.py:66
2018-09-29 06:47:28.966 31982 DEBUG neutron.api.rpc.callbacks.version_manager [req-12b793fd-e8d0-468c-8bb7-2bb81e21ea6c - - - - -] Version for resource type Subnet changed None to 1.0 on consumer Open vSwitch agent@localhost.localdomain _set_version /usr/lib/python2.7/site-packages/neutron/api/rpc/callbacks/version_manager.py:119
2018-09-29 06:47:28.969 31982 DEBUG neutron.api.rpc.callbacks.version_manager [req-12b793fd-e8d0-468c-8bb7-2bb81e21ea6c - - - - -] Version for resource type Network changed None to 1.0 on consumer Open vSwitch agent@localhost.localdomain _set_version /usr/lib/python2.7/site-packages/neutron/api/rpc/callbacks/version_manager.py:119
2018-09-29 06:47:28.970 31982 DEBUG neutron.api.rpc.callbacks.version_manager [req-12b793fd-e8d0-468c-8bb7-2bb81e21ea6c - - - - -] Version for resource type SubPort changed None to 1.0 on consumer Open vSwitch agent@localhost.localdomain _set_version /usr/lib/python2.7/site-packages/neutron/api/rpc/callbacks/version_manager.py:119
2018-09-29 06:47:28.970 31982 DEBUG neutron.api.rpc.callbacks.version_manager [req-12b793fd-e8d0-468c-8bb7-2bb81e21ea6c - - - - -] Version for resource type SecurityGroup changed None to 1.0 on consumer Open vSwitch agent@localhost.localdomain _set_version /usr/lib/python2.7/site-packages/neutron/api/rpc/callbacks/version_manager.py:119
2018-09-29 06:47:28.971 31982 DEBUG neutron.api.rpc.callbacks.version_manager [req-12b793fd-e8d0-468c-8bb7-2bb81e21ea6c - - - - -] Version for resource type SecurityGroupRule changed None to 1.0 on consumer Open vSwitch agent@localhost.localdomain _set_version /usr/lib/python2.7/site-packages/neutron/api/rpc/callbacks/version_manager.py:119
2018-09-29 06:47:28.972 31982 DEBUG neutron.api.rpc.callbacks.version_manager [req-12b793fd-e8d0-468c-8bb7-2bb81e21ea6c - - - - -] Version for resource type Trunk changed None to 1.1 on consumer Open vSwitch agent@localhost.localdomain _set_version /usr/lib/python2.7/site-packages/neutron/api/rpc/callbacks/version_manager.py:119
2018-09-29 06:47:28.972 31982 DEBUG neutron.api.rpc.callbacks.version_manager [req-12b793fd-e8d0-468c-8bb7-2bb81e21ea6c - - - - -] Version for resource type QosPolicy changed None to 1.6 on consumer Open vSwitch agent@localhost.localdomain _set_version /usr/lib/python2.7/site-packages/neutron/api/rpc/callbacks/version_manager.py:119
2018-09-29 06:47:28.974 31982 DEBUG neutron.api.rpc.callbacks.version_manager [req-12b793fd-e8d0-468c-8bb7-2bb81e21ea6c - - - - -] Version for resource type Port changed None to 1.1 on consumer Open vSwitch agent@localhost.localdomain _set_version /usr/lib/python2.7/site-packages/neutron/api/rpc/callbacks/version_manager.py:119
2018-09-29 06:47:28.978 31982 DEBUG neutron.api.rpc.callbacks.version_manager [req-12b793fd-e8d0-468c-8bb7-2bb81e21ea6c - - - - -] Version for resource type Log changed None to 1.0 on consumer Open vSwitch agent@localhost.localdomain _set_version /usr/lib/python2.7/site-packages/neutron/api/rpc/callbacks/version_manager.py:119
2018-09-29 06:47:28.982 31982 DEBUG neutron.api.rpc.callbacks.version_manager [req-12b793fd-e8d0-468c-8bb7-2bb81e21ea6c - - - - -] Tracked resource versions report:
pushed versions:
{   'Log': set(['1.0']),
    'Network': set(['1.0']),
    'Port': set(['1.1']),
    'QosPolicy': set(['1.6']),
    'SecurityGroup': set(['1.0']),
    'SecurityGroupRule': set(['1.0']),
    'SubPort': set(['1.0']),
    'Subnet': set(['1.0']),
    'Trunk': set(['1.1'])}

consumer versions:
{   DHCP agent@localhost.localdomain: {   },
    L3 agent@localhost.localdomain: {   },
    Metadata agent@localhost.localdomain: {   },
    Metering agent@localhost.localdomain: {   },
    Open vSwitch agent@localhost.localdomain: {   u'Log': u'1.0',
                                                  u'Network': u'1.0',
                                                  u'Port': u'1.1',
                                                  u'QosPolicy': u'1.6',
                                                  u'SecurityGroup': u'1.0',
                                                  u'SecurityGroupRule': u'1.0',
                                                  u'SubPort': u'1.0',
                                                  u'Subnet': u'1.0',
                                                  u'Trunk': u'1.1'}}
 report /usr/lib/python2.7/site-packages/neutron/api/rpc/callbacks/version_manager.py:178
2018-09-29 06:47:29.006 31982 DEBUG oslo_concurrency.lockutils [req-12b793fd-e8d0-468c-8bb7-2bb81e21ea6c - - - - -] Lock "event-dispatch" released by "neutron.plugins.ml2.ovo_rpc.dispatch_events" :: held 0.228s inner /usr/lib/python2.7/site-packages/oslo_concurrency/lockutils.py:282
2018-09-29 06:47:29.021 31983 DEBUG neutron_lib.callbacks.manager [req-3ef092ae-c6f9-4a4b-8996-46f8bef043f9 - - - - -] Notify callbacks ['neutron.services.segments.db._update_segment_host_mapping_for_agent-8771718695594'] for agent, after_update _notify_loop /usr/lib/python2.7/site-packages/neutron_lib/callbacks/manager.py:167
2018-09-29 06:47:29.579 31985 DEBUG neutron_lib.callbacks.manager [req-628b7e51-22ae-449b-aa89-fd8bb8f36544 - - - - -] Notify callbacks ['neutron.services.segments.db._update_segment_host_mapping_for_agent-8771718695594'] for agent, after_update _notify_loop /usr/lib/python2.7/site-packages/neutron_lib/callbacks/manager.py:167
2018-09-29 06:47:29.611 31982 DEBUG novaclient.v2.client [-] REQ: curl -g -i -X POST http://10.0.20.26:8774/v2.1/e169fa6db0c147f283ae7c6a936117f3/os-server-external-events -H "User-Agent: python-novaclient" -H "Content-Type: application/json" -H "Accept: application/json" -H "X-OpenStack-Nova-API-Version: 2.1" -H "X-Auth-Token: {SHA1}06b5a69411a7308dce8f1f25b933f98efc39538e" -d '{"events": [{"status": "completed", "tag": "23db1a73-1dca-4d31-aa44-78ccd414d227", "name": "network-vif-unplugged", "server_uuid": "53ecd303-cdca-4033-8ecc-06642857d3b6"}]}' _http_log_request /usr/lib/python2.7/site-packages/keystoneauth1/session.py:375
2018-09-29 06:47:29.666 31976 INFO neutron.wsgi [req-30f44618-d3d3-491e-bf18-15502cd486aa 81ed535ca88f461e8769becabf682408 67a7d8c970184497ad868e5ea6aa33b6 - default default] 10.0.20.26 "GET /v2.0/ports?device_id=53ecd303-cdca-4033-8ecc-06642857d3b6 HTTP/1.1" status: 200  len: 1122 time: 0.1244822
2018-09-29 06:47:29.685 31976 DEBUG neutron.wsgi [req-0964cffa-f44e-4d2a-858c-854dbde8e83c 81ed535ca88f461e8769becabf682408 67a7d8c970184497ad868e5ea6aa33b6 - default default] http://10.0.20.26:9696/v2.0/extensions returned with HTTP 200 __call__ /usr/lib/python2.7/site-packages/neutron/wsgi.py:715
2018-09-29 06:47:29.687 31976 INFO neutron.wsgi [req-0964cffa-f44e-4d2a-858c-854dbde8e83c 81ed535ca88f461e8769becabf682408 67a7d8c970184497ad868e5ea6aa33b6 - default default] 10.0.20.26 "GET /v2.0/extensions HTTP/1.1" status: 200  len: 8548 time: 0.0125170
2018-09-29 06:47:29.812 31976 DEBUG neutron.plugins.ml2.plugin [req-b4cfc8fc-fdaa-4366-8b93-5d895e570f8f 81ed535ca88f461e8769becabf682408 67a7d8c970184497ad868e5ea6aa33b6 - default default] Deleting port 23db1a73-1dca-4d31-aa44-78ccd414d227 _pre_delete_port /usr/lib/python2.7/site-packages/neutron/plugins/ml2/plugin.py:1488
2018-09-29 06:47:29.813 31976 DEBUG neutron_lib.callbacks.manager [req-b4cfc8fc-fdaa-4366-8b93-5d895e570f8f 81ed535ca88f461e8769becabf682408 67a7d8c970184497ad868e5ea6aa33b6 - default default] Notify callbacks ['neutron.db.l3_db._prevent_l3_port_delete_callback--9223363265135876250'] for port, before_delete _notify_loop /usr/lib/python2.7/site-packages/neutron_lib/callbacks/manager.py:167
2018-09-29 06:47:30.198 31982 DEBUG novaclient.v2.client [-] RESP: [200] Content-Length: 185 Content-Type: application/json Openstack-Api-Version: compute 2.1 X-Openstack-Nova-Api-Version: 2.1 Vary: OpenStack-API-Version, X-OpenStack-Nova-API-Version X-Openstack-Request-Id: req-d3c185ca-57dc-423b-b984-ad0bc7fb714f X-Compute-Request-Id: req-d3c185ca-57dc-423b-b984-ad0bc7fb714f Date: Sat, 29 Sep 2018 10:47:30 GMT Connection: keep-alive 
RESP BODY: {"events": [{"status": "completed", "tag": "23db1a73-1dca-4d31-aa44-78ccd414d227", "name": "network-vif-unplugged", "server_uuid": "53ecd303-cdca-4033-8ecc-06642857d3b6", "code": 200}]}
 _http_log_response /usr/lib/python2.7/site-packages/keystoneauth1/session.py:423
2018-09-29 06:47:30.199 31982 DEBUG novaclient.v2.client [-] POST call to compute for http://10.0.20.26:8774/v2.1/e169fa6db0c147f283ae7c6a936117f3/os-server-external-events used request id req-d3c185ca-57dc-423b-b984-ad0bc7fb714f request /usr/lib/python2.7/site-packages/keystoneauth1/session.py:727
2018-09-29 06:47:30.207 31982 INFO neutron.notifiers.nova [-] Nova event response: {u'status': u'completed', u'tag': u'23db1a73-1dca-4d31-aa44-78ccd414d227', u'name': u'network-vif-unplugged', u'server_uuid': u'53ecd303-cdca-4033-8ecc-06642857d3b6', u'code': 200}
2018-09-29 06:47:30.219 31976 DEBUG neutron.plugins.ml2.db [req-b4cfc8fc-fdaa-4366-8b93-5d895e570f8f 81ed535ca88f461e8769becabf682408 67a7d8c970184497ad868e5ea6aa33b6 - default default] For port 23db1a73-1dca-4d31-aa44-78ccd414d227, host localhost.localdomain, got binding levels [<neutron.plugins.ml2.models.PortBindingLevel[object at 7fa531c78d10] {port_id=u'23db1a73-1dca-4d31-aa44-78ccd414d227', host=u'localhost.localdomain', level=0, driver=u'openvswitch', segment_id=u'fdb97a49-1932-4f17-b265-18a3d0da7244'}>] get_binding_levels /usr/lib/python2.7/site-packages/neutron/plugins/ml2/db.py:106
2018-09-29 06:47:30.254 31976 DEBUG neutron.plugins.ml2.plugin [req-b4cfc8fc-fdaa-4366-8b93-5d895e570f8f 81ed535ca88f461e8769becabf682408 67a7d8c970184497ad868e5ea6aa33b6 - default default] Calling delete_port for 23db1a73-1dca-4d31-aa44-78ccd414d227 owned by compute:nova delete_port /usr/lib/python2.7/site-packages/neutron/plugins/ml2/plugin.py:1547
2018-09-29 06:47:30.543 31976 DEBUG neutron_lib.callbacks.manager [req-b4cfc8fc-fdaa-4366-8b93-5d895e570f8f 81ed535ca88f461e8769becabf682408 67a7d8c970184497ad868e5ea6aa33b6 - default default] Notify callbacks ['neutron.db.l3_dvrscheduler_db._notify_port_delete-8771718332842', 'neutron.plugins.ml2.ovo_rpc._ObjectChangeHandler.handle_event--9223372036853247574', 'neutron.db.l3_db._notify_routers_callback-8771718873153', 'neutron.api.rpc.agentnotifiers.dhcp_rpc_agent_api.DhcpAgentNotifyAPI._native_event_send_dhcp_notification-1418162', 'neutron.plugins.ml2.plugin.Ml2Plugin.notify_sg_on_port_change-378004'] for port, after_delete _notify_loop /usr/lib/python2.7/site-packages/neutron_lib/callbacks/manager.py:167
2018-09-29 06:47:30.658 31976 DEBUG neutron.db.l3_dvrscheduler_db [req-b4cfc8fc-fdaa-4366-8b93-5d895e570f8f 81ed535ca88f461e8769becabf682408 67a7d8c970184497ad868e5ea6aa33b6 - default default] No DVR routers for this DVR port 23db1a73-1dca-4d31-aa44-78ccd414d227 on host localhost.localdomain get_dvr_routers_to_remove /usr/lib/python2.7/site-packages/neutron/db/l3_dvrscheduler_db.py:191
2018-09-29 06:47:30.683 31976 DEBUG oslo_concurrency.lockutils [-] Lock "event-dispatch" acquired by "neutron.plugins.ml2.ovo_rpc.dispatch_events" :: waited 0.000s inner /usr/lib/python2.7/site-packages/oslo_concurrency/lockutils.py:270
2018-09-29 06:47:30.790 31976 DEBUG neutron.api.rpc.handlers.resources_rpc [req-b4cfc8fc-fdaa-4366-8b93-5d895e570f8f 81ed535ca88f461e8769becabf682408 67a7d8c970184497ad868e5ea6aa33b6 - - -] neutron.api.rpc.handlers.resources_rpc.ResourcesPushRpcApi method push called with arguments (<neutron_lib.context.Context object at 0x7fa531cf5490>, [Port(admin_state_up=<?>,allowed_address_pairs=<?>,binding=<?>,binding_levels=<?>,created_at=<?>,data_plane_status=<?>,description=<?>,device_id=<?>,device_owner=<?>,dhcp_options=<?>,distributed_binding=<?>,dns=<?>,fixed_ips=<?>,id=23db1a73-1dca-4d31-aa44-78ccd414d227,mac_address=<?>,name=<?>,network_id=<?>,project_id=<?>,qos_policy_id=None,revision_number=<?>,security=<?>,security_group_ids=None,status=<?>,updated_at=<?>)], 'deleted') {} wrapper /usr/lib/python2.7/site-packages/oslo_log/helpers.py:66
2018-09-29 06:47:30.809 31976 DEBUG neutron.api.rpc.callbacks.version_manager [req-b4cfc8fc-fdaa-4366-8b93-5d895e570f8f 81ed535ca88f461e8769becabf682408 67a7d8c970184497ad868e5ea6aa33b6 - - -] Version for resource type Subnet changed None to 1.0 on consumer Open vSwitch agent@localhost.localdomain _set_version /usr/lib/python2.7/site-packages/neutron/api/rpc/callbacks/version_manager.py:119
2018-09-29 06:47:30.810 31976 DEBUG neutron.api.rpc.callbacks.version_manager [req-b4cfc8fc-fdaa-4366-8b93-5d895e570f8f 81ed535ca88f461e8769becabf682408 67a7d8c970184497ad868e5ea6aa33b6 - - -] Version for resource type Network changed None to 1.0 on consumer Open vSwitch agent@localhost.localdomain _set_version /usr/lib/python2.7/site-packages/neutron/api/rpc/callbacks/version_manager.py:119
