2018-09-28 18:24:51.565 6291 INFO neutron.wsgi [req-23c548d6-d280-44ec-962f-6f175e004bff aade3447accb4ba6835bc5ec3454f5a6 892b3d52c94348d8a7355f6390963dca - default default] 10.0.20.22 "GET /v2.0/ports?network_id=e2cde461-56fe-4b8c-8e52-5c7b68ed5f43 HTTP/1.1" status: 200  len: 1128 time: 0.1150630
2018-09-28 18:24:57.389 6292 DEBUG neutron.wsgi [-] (6292) accepted ('10.0.20.22', 47024) server /usr/lib/python2.7/site-packages/eventlet/wsgi.py:883
2018-09-28 18:24:57.393 6292 INFO neutron.wsgi [-] 10.0.20.22 "GET / HTTP/1.1" status: 200  len: 252 time: 0.0020239
2018-09-28 18:24:57.955 6292 INFO neutron.wsgi [req-4c823e4a-5012-4d1d-a3bf-53efdb468ca1 aade3447accb4ba6835bc5ec3454f5a6 892b3d52c94348d8a7355f6390963dca - default default] 10.0.20.22 "GET /v2.0/ports/906d0149-70c2-4edc-b7eb-552520ab6745 HTTP/1.1" status: 200  len: 1125 time: 0.5560760
2018-09-28 18:24:58.071 6292 DEBUG neutron.plugins.ml2.plugin [req-e1ba0fbc-71ca-4cdb-8c5e-03cd37e8f6f2 aade3447accb4ba6835bc5ec3454f5a6 892b3d52c94348d8a7355f6390963dca - default default] Deleting port 906d0149-70c2-4edc-b7eb-552520ab6745 _pre_delete_port /usr/lib/python2.7/site-packages/neutron/plugins/ml2/plugin.py:1488
2018-09-28 18:24:58.072 6292 DEBUG neutron_lib.callbacks.manager [req-e1ba0fbc-71ca-4cdb-8c5e-03cd37e8f6f2 aade3447accb4ba6835bc5ec3454f5a6 892b3d52c94348d8a7355f6390963dca - default default] Notify callbacks ['neutron.db.l3_db._prevent_l3_port_delete_callback--9223363302183248794'] for port, before_delete _notify_loop /usr/lib/python2.7/site-packages/neutron_lib/callbacks/manager.py:167
2018-09-28 18:24:58.513 6292 DEBUG neutron.plugins.ml2.db [req-e1ba0fbc-71ca-4cdb-8c5e-03cd37e8f6f2 aade3447accb4ba6835bc5ec3454f5a6 892b3d52c94348d8a7355f6390963dca - default default] For port 906d0149-70c2-4edc-b7eb-552520ab6745, host localhost.localdomain, got binding levels [<neutron.plugins.ml2.models.PortBindingLevel[object at 7f1b2ee68bd0] {port_id=u'906d0149-70c2-4edc-b7eb-552520ab6745', host=u'localhost.localdomain', level=0, driver=u'openvswitch', segment_id=u'82741b78-3150-4dd3-b5e0-7cbf62ccfa4b'}>] get_binding_levels /usr/lib/python2.7/site-packages/neutron/plugins/ml2/db.py:106
2018-09-28 18:24:58.557 6292 DEBUG neutron.plugins.ml2.plugin [req-e1ba0fbc-71ca-4cdb-8c5e-03cd37e8f6f2 aade3447accb4ba6835bc5ec3454f5a6 892b3d52c94348d8a7355f6390963dca - default default] Calling delete_port for 906d0149-70c2-4edc-b7eb-552520ab6745 owned by network:dhcp delete_port /usr/lib/python2.7/site-packages/neutron/plugins/ml2/plugin.py:1547
2018-09-28 18:24:58.976 6310 DEBUG neutron.db.agents_db [req-2a7c6993-afe2-4137-8e9f-efc54eda177b - - - - -] Agent healthcheck: found 5 active agents agent_health_check /usr/lib/python2.7/site-packages/neutron/db/agents_db.py:281
2018-09-28 18:24:59.116 6292 DEBUG neutron_lib.callbacks.manager [req-e1ba0fbc-71ca-4cdb-8c5e-03cd37e8f6f2 aade3447accb4ba6835bc5ec3454f5a6 892b3d52c94348d8a7355f6390963dca - default default] Notify callbacks ['neutron.api.rpc.agentnotifiers.dhcp_rpc_agent_api.DhcpAgentNotifyAPI._native_event_send_dhcp_notification-32881834', 'neutron.db.l3_db._notify_routers_callback-8734671500865', 'neutron.plugins.ml2.ovo_rpc._ObjectChangeHandler.handle_event--9223372036854034270', 'neutron.db.l3_dvrscheduler_db._notify_port_delete--9223363302183814178', 'neutron.plugins.ml2.plugin.Ml2Plugin.notify_sg_on_port_change-345228'] for port, after_delete _notify_loop /usr/lib/python2.7/site-packages/neutron_lib/callbacks/manager.py:167
2018-09-28 18:24:59.508 6292 DEBUG oslo_concurrency.lockutils [-] Lock "event-dispatch" acquired by "neutron.plugins.ml2.ovo_rpc.dispatch_events" :: waited 0.000s inner /usr/lib/python2.7/site-packages/oslo_concurrency/lockutils.py:270
2018-09-28 18:24:59.561 6304 DEBUG neutron.api.rpc.handlers.dhcp_rpc [req-27e18ec9-3f89-41ca-8920-e8afbe2d4266 - - - - -] DHCP port deletion for e2cde461-56fe-4b8c-8e52-5c7b68ed5f43 request from localhost.localdomain release_dhcp_port /usr/lib/python2.7/site-packages/neutron/api/rpc/handlers/dhcp_rpc.py:246
2018-09-28 18:24:59.625 6292 DEBUG neutron.api.rpc.handlers.resources_rpc [req-e1ba0fbc-71ca-4cdb-8c5e-03cd37e8f6f2 aade3447accb4ba6835bc5ec3454f5a6 892b3d52c94348d8a7355f6390963dca - - -] neutron.api.rpc.handlers.resources_rpc.ResourcesPushRpcApi method push called with arguments (<neutron_lib.context.Context object at 0x7f1b2e7ad9d0>, [Port(admin_state_up=<?>,allowed_address_pairs=<?>,binding=<?>,binding_levels=<?>,created_at=<?>,data_plane_status=<?>,description=<?>,device_id=<?>,device_owner=<?>,dhcp_options=<?>,distributed_binding=<?>,dns=<?>,fixed_ips=<?>,id=906d0149-70c2-4edc-b7eb-552520ab6745,mac_address=<?>,name=<?>,network_id=<?>,project_id=<?>,qos_policy_id=None,revision_number=<?>,security=<?>,security_group_ids=None,status=<?>,updated_at=<?>)], 'deleted') {} wrapper /usr/lib/python2.7/site-packages/oslo_log/helpers.py:66
2018-09-28 18:24:59.681 6292 DEBUG oslo_concurrency.lockutils [req-e1ba0fbc-71ca-4cdb-8c5e-03cd37e8f6f2 aade3447accb4ba6835bc5ec3454f5a6 892b3d52c94348d8a7355f6390963dca - - -] Lock "event-dispatch" released by "neutron.plugins.ml2.ovo_rpc.dispatch_events" :: held 0.174s inner /usr/lib/python2.7/site-packages/oslo_concurrency/lockutils.py:282
2018-09-28 18:24:59.684 6292 DEBUG neutron.db.l3_dvrscheduler_db [req-e1ba0fbc-71ca-4cdb-8c5e-03cd37e8f6f2 aade3447accb4ba6835bc5ec3454f5a6 892b3d52c94348d8a7355f6390963dca - default default] No DVR routers for this DVR port 906d0149-70c2-4edc-b7eb-552520ab6745 on host localhost.localdomain get_dvr_routers_to_remove /usr/lib/python2.7/site-packages/neutron/db/l3_dvrscheduler_db.py:191
2018-09-28 18:24:59.755 6292 DEBUG neutron_lib.callbacks.manager [req-e1ba0fbc-71ca-4cdb-8c5e-03cd37e8f6f2 aade3447accb4ba6835bc5ec3454f5a6 892b3d52c94348d8a7355f6390963dca - default default] Notify callbacks ['neutron.api.rpc.agentnotifiers.dhcp_rpc_agent_api.DhcpAgentNotifyAPI._send_dhcp_notification-32881819', 'neutron.notifiers.nova.Notifier._send_nova_notification-1052'] for port, before_response _notify_loop /usr/lib/python2.7/site-packages/neutron_lib/callbacks/manager.py:167
2018-09-28 18:24:59.786 6292 DEBUG neutron.quota.resource [req-e1ba0fbc-71ca-4cdb-8c5e-03cd37e8f6f2 aade3447accb4ba6835bc5ec3454f5a6 892b3d52c94348d8a7355f6390963dca - default default] Persisted dirty status for tenant:e6839c621ef44b85bd9067dfa15b247f on resource:port mark_dirty /usr/lib/python2.7/site-packages/neutron/quota/resource.py:207
2018-09-28 18:24:59.789 6292 INFO neutron.wsgi [req-e1ba0fbc-71ca-4cdb-8c5e-03cd37e8f6f2 aade3447accb4ba6835bc5ec3454f5a6 892b3d52c94348d8a7355f6390963dca - default default] 10.0.20.22 "DELETE /v2.0/ports/906d0149-70c2-4edc-b7eb-552520ab6745 HTTP/1.1" status: 204  len: 173 time: 1.8280981
2018-09-28 18:25:01.137 6301 DEBUG neutron.plugins.ml2.rpc [req-48c6748f-4e05-4712-9498-be824cce1f66 - - - - -] Device 906d0149-70c2-4edc-b7eb-552520ab6745 no longer exists at agent ovs-agent-localhost.localdomain update_device_down /usr/lib/python2.7/site-packages/neutron/plugins/ml2/rpc.py:213
2018-09-28 18:25:01.189 6301 DEBUG neutron.plugins.ml2.plugin [req-48c6748f-4e05-4712-9498-be824cce1f66 - - - - -] No Port match for: 906d0149-70c2-4edc-b7eb-552520ab6745 port_bound_to_host /usr/lib/python2.7/site-packages/neutron/plugins/ml2/plugin.py:1806
2018-09-28 18:25:01.189 6301 DEBUG neutron.plugins.ml2.rpc [req-48c6748f-4e05-4712-9498-be824cce1f66 - - - - -] Device 906d0149-70c2-4edc-b7eb-552520ab6745 not bound to the agent host localhost.localdomain update_device_down /usr/lib/python2.7/site-packages/neutron/plugins/ml2/rpc.py:221
2018-09-28 18:25:06.155 6292 DEBUG neutron.wsgi [-] (6292) accepted ('10.0.20.22', 47050) server /usr/lib/python2.7/site-packages/eventlet/wsgi.py:883
2018-09-28 18:25:06.159 6292 INFO neutron.wsgi [-] 10.0.20.22 "GET / HTTP/1.1" status: 200  len: 252 time: 0.0021882
2018-09-28 18:25:06.666 6292 INFO neutron.pecan_wsgi.hooks.translation [req-fedcc09c-b08b-4ae8-8c92-f243a129944e aade3447accb4ba6835bc5ec3454f5a6 892b3d52c94348d8a7355f6390963dca - default default] GET failed (client error): The resource could not be found.
2018-09-28 18:25:06.669 6292 INFO neutron.wsgi [req-fedcc09c-b08b-4ae8-8c92-f243a129944e aade3447accb4ba6835bc5ec3454f5a6 892b3d52c94348d8a7355f6390963dca - default default] 10.0.20.22 "GET /v2.0/networks/tempest-private-1538172936 HTTP/1.1" status: 404  len: 334 time: 0.5044401
2018-09-28 18:25:06.862 6292 DEBUG neutron.pecan_wsgi.hooks.policy_enforcement [req-7e0376f4-4c89-45b4-84d4-84a38005fb2b aade3447accb4ba6835bc5ec3454f5a6 892b3d52c94348d8a7355f6390963dca - default default] Attributes excluded by policy engine: [u'vlan_transparent'] _exclude_attributes_by_policy /usr/lib/python2.7/site-packages/neutron/pecan_wsgi/hooks/policy_enforcement.py:256
2018-09-28 18:25:06.863 6292 DEBUG neutron.pecan_wsgi.hooks.policy_enforcement [req-7e0376f4-4c89-45b4-84d4-84a38005fb2b aade3447accb4ba6835bc5ec3454f5a6 892b3d52c94348d8a7355f6390963dca - default default] Attributes excluded by policy engine: [u'vlan_transparent'] _exclude_attributes_by_policy /usr/lib/python2.7/site-packages/neutron/pecan_wsgi/hooks/policy_enforcement.py:256
2018-09-28 18:25:06.864 6292 DEBUG neutron.pecan_wsgi.hooks.policy_enforcement [req-7e0376f4-4c89-45b4-84d4-84a38005fb2b aade3447accb4ba6835bc5ec3454f5a6 892b3d52c94348d8a7355f6390963dca - default default] Attributes excluded by policy engine: [u'vlan_transparent'] _exclude_attributes_by_policy /usr/lib/python2.7/site-packages/neutron/pecan_wsgi/hooks/policy_enforcement.py:256
2018-09-28 18:25:06.867 6292 INFO neutron.wsgi [req-7e0376f4-4c89-45b4-84d4-84a38005fb2b aade3447accb4ba6835bc5ec3454f5a6 892b3d52c94348d8a7355f6390963dca - default default] 10.0.20.22 "GET /v2.0/networks HTTP/1.1" status: 200  len: 2214 time: 0.1925941
2018-09-28 18:25:07.051 6292 DEBUG neutron_lib.callbacks.manager [req-4fa50027-5848-4def-866c-2f8afdaaee03 aade3447accb4ba6835bc5ec3454f5a6 892b3d52c94348d8a7355f6390963dca - default default] Notify callbacks ['neutron.plugins.ml2.plugin.Ml2Plugin._before_network_delete_handler-33185127'] for network, before_delete _notify_loop /usr/lib/python2.7/site-packages/neutron_lib/callbacks/manager.py:167
2018-09-28 18:25:07.142 6292 DEBUG neutron.db.db_base_plugin_v2 [req-4fa50027-5848-4def-866c-2f8afdaaee03 aade3447accb4ba6835bc5ec3454f5a6 892b3d52c94348d8a7355f6390963dca - default default] Deleting subnet 3c7e28bf-8255-4caf-9706-385c95224476 delete_subnet /usr/lib/python2.7/site-packages/neutron/db/db_base_plugin_v2.py:1022
2018-09-28 18:25:07.142 6292 DEBUG neutron_lib.callbacks.manager [req-4fa50027-5848-4def-866c-2f8afdaaee03 aade3447accb4ba6835bc5ec3454f5a6 892b3d52c94348d8a7355f6390963dca - default default] Notify callbacks [] for subnet, before_delete _notify_loop /usr/lib/python2.7/site-packages/neutron_lib/callbacks/manager.py:167
2018-09-28 18:25:07.320 6292 DEBUG neutron_lib.callbacks.manager [req-4fa50027-5848-4def-866c-2f8afdaaee03 aade3447accb4ba6835bc5ec3454f5a6 892b3d52c94348d8a7355f6390963dca - default default] Notify callbacks ['neutron.plugins.ml2.plugin.Ml2Plugin._subnet_delete_precommit_handler-33434155'] for subnet, precommit_delete _notify_loop /usr/lib/python2.7/site-packages/neutron_lib/callbacks/manager.py:167
2018-09-28 18:25:08.042 6292 DEBUG neutron_lib.callbacks.manager [req-4fa50027-5848-4def-866c-2f8afdaaee03 aade3447accb4ba6835bc5ec3454f5a6 892b3d52c94348d8a7355f6390963dca - default default] Notify callbacks ['neutron.api.rpc.agentnotifiers.dhcp_rpc_agent_api.DhcpAgentNotifyAPI._native_event_send_dhcp_notification-32881834', 'neutron.plugins.ml2.plugin.Ml2Plugin._subnet_delete_after_delete_handler--9223372036821341664', 'neutron.plugins.ml2.ovo_rpc._ObjectChangeHandler.handle_event--9223372036854034286'] for subnet, after_delete _notify_loop /usr/lib/python2.7/site-packages/neutron_lib/callbacks/manager.py:167
2018-09-28 18:25:08.278 6303 DEBUG neutron.api.rpc.handlers.dhcp_rpc [req-29037df6-7272-4d15-bc0a-4aac582cda8c - - - - -] Network e2cde461-56fe-4b8c-8e52-5c7b68ed5f43 requested from localhost.localdomain get_network_info /usr/lib/python2.7/site-packages/neutron/api/rpc/handlers/dhcp_rpc.py:199
2018-09-28 18:25:08.297 6292 DEBUG oslo_concurrency.lockutils [-] Lock "event-dispatch" acquired by "neutron.plugins.ml2.ovo_rpc.dispatch_events" :: waited 0.000s inner /usr/lib/python2.7/site-packages/oslo_concurrency/lockutils.py:270
2018-09-28 18:25:08.399 6292 DEBUG neutron.api.rpc.handlers.resources_rpc [req-4fa50027-5848-4def-866c-2f8afdaaee03 aade3447accb4ba6835bc5ec3454f5a6 892b3d52c94348d8a7355f6390963dca - - -] neutron.api.rpc.handlers.resources_rpc.ResourcesPushRpcApi method push called with arguments (<neutron_lib.context.Context object at 0x7f1b2e7c2d10>, [Subnet(allocation_pools=<?>,cidr=<?>,created_at=<?>,description=<?>,dns_nameservers=<?>,enable_dhcp=<?>,gateway_ip=<?>,host_routes=<?>,id=3c7e28bf-8255-4caf-9706-385c95224476,ip_version=<?>,ipv6_address_mode=<?>,ipv6_ra_mode=<?>,name=<?>,network_id=<?>,project_id=<?>,revision_number=<?>,segment_id=<?>,service_types=<?>,shared=<?>,subnetpool_id=<?>,updated_at=<?>)], 'deleted') {} wrapper /usr/lib/python2.7/site-packages/oslo_log/helpers.py:66
2018-09-28 18:25:08.486 6292 DEBUG neutron_lib.callbacks.manager [req-4fa50027-5848-4def-866c-2f8afdaaee03 aade3447accb4ba6835bc5ec3454f5a6 892b3d52c94348d8a7355f6390963dca - default default] Notify callbacks ['neutron.services.segments.db._delete_segments_for_network-8734671323577', 'neutron.plugins.ml2.plugin.Ml2Plugin._network_delete_precommit_handler--9223372036821341465'] for network, precommit_delete _notify_loop /usr/lib/python2.7/site-packages/neutron_lib/callbacks/manager.py:167
2018-09-28 18:25:08.487 6292 DEBUG neutron_lib.callbacks.manager [req-4fa50027-5848-4def-866c-2f8afdaaee03 aade3447accb4ba6835bc5ec3454f5a6 892b3d52c94348d8a7355f6390963dca - default default] Subscribe: <bound method Plugin._prevent_segment_delete_with_subnet_associated of <neutron.services.segments.plugin.Plugin object at 0x7f1b2ee68210>> segment before_delete subscribe /usr/lib/python2.7/site-packages/neutron_lib/callbacks/manager.py:41
2018-09-28 18:25:08.488 6292 DEBUG neutron_lib.callbacks.manager [req-4fa50027-5848-4def-866c-2f8afdaaee03 aade3447accb4ba6835bc5ec3454f5a6 892b3d52c94348d8a7355f6390963dca - default default] Subscribe: <bound method NovaSegmentNotifier._notify_host_addition_to_aggregate of <neutron.services.segments.plugin.NovaSegmentNotifier object at 0x7f1b2ebf9a10>> segment_host_mapping after_create subscribe /usr/lib/python2.7/site-packages/neutron_lib/callbacks/manager.py:41
2018-09-28 18:25:08.489 6292 DEBUG neutron_lib.callbacks.manager [req-4fa50027-5848-4def-866c-2f8afdaaee03 aade3447accb4ba6835bc5ec3454f5a6 892b3d52c94348d8a7355f6390963dca - default default] Subscribe: <bound method NovaSegmentNotifier._notify_port_created_or_deleted of <neutron.services.segments.plugin.NovaSegmentNotifier object at 0x7f1b2ebf9a10>> port after_create subscribe /usr/lib/python2.7/site-packages/neutron_lib/callbacks/manager.py:41
2018-09-28 18:25:08.490 6292 DEBUG neutron_lib.callbacks.manager [req-4fa50027-5848-4def-866c-2f8afdaaee03 aade3447accb4ba6835bc5ec3454f5a6 892b3d52c94348d8a7355f6390963dca - default default] Subscribe: <bound method NovaSegmentNotifier._notify_port_created_or_deleted of <neutron.services.segments.plugin.NovaSegmentNotifier object at 0x7f1b2ebf9a10>> port after_delete subscribe /usr/lib/python2.7/site-packages/neutron_lib/callbacks/manager.py:41
2018-09-28 18:25:08.490 6292 DEBUG neutron_lib.callbacks.manager [req-4fa50027-5848-4def-866c-2f8afdaaee03 aade3447accb4ba6835bc5ec3454f5a6 892b3d52c94348d8a7355f6390963dca - default default] Subscribe: <bound method NovaSegmentNotifier._notify_port_updated of <neutron.services.segments.plugin.NovaSegmentNotifier object at 0x7f1b2ebf9a10>> port after_update subscribe /usr/lib/python2.7/site-packages/neutron_lib/callbacks/manager.py:41
2018-09-28 18:25:08.491 6292 DEBUG neutron_lib.callbacks.manager [req-4fa50027-5848-4def-866c-2f8afdaaee03 aade3447accb4ba6835bc5ec3454f5a6 892b3d52c94348d8a7355f6390963dca - default default] Subscribe: <bound method NovaSegmentNotifier._notify_subnet_created of <neutron.services.segments.plugin.NovaSegmentNotifier object at 0x7f1b2ebf9a10>> subnet after_create subscribe /usr/lib/python2.7/site-packages/neutron_lib/callbacks/manager.py:41
2018-09-28 18:25:08.491 6292 DEBUG neutron_lib.callbacks.manager [req-4fa50027-5848-4def-866c-2f8afdaaee03 aade3447accb4ba6835bc5ec3454f5a6 892b3d52c94348d8a7355f6390963dca - default default] Subscribe: <bound method NovaSegmentNotifier._notify_subnet_deleted of <neutron.services.segments.plugin.NovaSegmentNotifier object at 0x7f1b2ebf9a10>> subnet after_delete subscribe /usr/lib/python2.7/site-packages/neutron_lib/callbacks/manager.py:41
2018-09-28 18:25:08.492 6292 DEBUG neutron_lib.callbacks.manager [req-4fa50027-5848-4def-866c-2f8afdaaee03 aade3447accb4ba6835bc5ec3454f5a6 892b3d52c94348d8a7355f6390963dca - default default] Subscribe: <bound method NovaSegmentNotifier._notify_subnet_updated of <neutron.services.segments.plugin.NovaSegmentNotifier object at 0x7f1b2ebf9a10>> subnet after_update subscribe /usr/lib/python2.7/site-packages/neutron_lib/callbacks/manager.py:41
2018-09-28 18:25:08.598 6306 DEBUG neutron.api.rpc.handlers.dhcp_rpc [req-267cae55-f1fc-40e9-9082-c9d46da6a565 - - - - -] DHCP port deletion for e2cde461-56fe-4b8c-8e52-5c7b68ed5f43 request from localhost.localdomain release_dhcp_port /usr/lib/python2.7/site-packages/neutron/api/rpc/handlers/dhcp_rpc.py:246
2018-09-28 18:25:08.656 6292 DEBUG neutron.services.segments.db [req-4fa50027-5848-4def-866c-2f8afdaaee03 aade3447accb4ba6835bc5ec3454f5a6 892b3d52c94348d8a7355f6390963dca - default default] neutron.services.segments.plugin.Plugin method get_segments called with arguments (<neutron_lib.context.Context object at 0x7f1b2e7c2450>,) {'filters': {'network_id': [u'e2cde461-56fe-4b8c-8e52-5c7b68ed5f43']}} wrapper /usr/lib/python2.7/site-packages/oslo_log/helpers.py:66
2018-09-28 18:25:08.674 6292 DEBUG oslo_concurrency.lockutils [req-4fa50027-5848-4def-866c-2f8afdaaee03 aade3447accb4ba6835bc5ec3454f5a6 892b3d52c94348d8a7355f6390963dca - - -] Lock "event-dispatch" released by "neutron.plugins.ml2.ovo_rpc.dispatch_events" :: held 0.377s inner /usr/lib/python2.7/site-packages/oslo_concurrency/lockutils.py:282
2018-09-28 18:25:08.686 6292 DEBUG neutron.services.segments.db [req-4fa50027-5848-4def-866c-2f8afdaaee03 aade3447accb4ba6835bc5ec3454f5a6 892b3d52c94348d8a7355f6390963dca - default default] neutron.services.segments.plugin.Plugin method delete_segment called with arguments (<neutron_lib.context.Context object at 0x7f1b2e7c2450>, '82741b78-3150-4dd3-b5e0-7cbf62ccfa4b') {'for_net_delete': True} wrapper /usr/lib/python2.7/site-packages/oslo_log/helpers.py:66
2018-09-28 18:25:08.686 6292 DEBUG neutron.services.segments.db [req-4fa50027-5848-4def-866c-2f8afdaaee03 aade3447accb4ba6835bc5ec3454f5a6 892b3d52c94348d8a7355f6390963dca - default default] neutron.services.segments.plugin.Plugin method get_segment called with arguments (<neutron_lib.context.Context object at 0x7f1b2e7c2450>, '82741b78-3150-4dd3-b5e0-7cbf62ccfa4b') {} wrapper /usr/lib/python2.7/site-packages/oslo_log/helpers.py:66
2018-09-28 18:25:08.709 6292 DEBUG neutron_lib.callbacks.manager [req-4fa50027-5848-4def-866c-2f8afdaaee03 aade3447accb4ba6835bc5ec3454f5a6 892b3d52c94348d8a7355f6390963dca - default default] Notify callbacks ['neutron.plugins.ml2.db._prevent_segment_delete_with_port_bound-8734671560513', 'neutron.services.segments.plugin.Plugin._prevent_segment_delete_with_subnet_associated--9223372036853391093'] for segment, before_delete _notify_loop /usr/lib/python2.7/site-packages/neutron_lib/callbacks/manager.py:167
2018-09-28 18:25:08.781 6292 DEBUG neutron_lib.callbacks.manager [req-4fa50027-5848-4def-866c-2f8afdaaee03 aade3447accb4ba6835bc5ec3454f5a6 892b3d52c94348d8a7355f6390963dca - default default] Notify callbacks ['neutron.plugins.ml2.plugin.Ml2Plugin._handle_segment_change-33433087'] for segment, precommit_delete _notify_loop /usr/lib/python2.7/site-packages/neutron_lib/callbacks/manager.py:167
2018-09-28 18:25:08.786 6292 DEBUG neutron.plugins.ml2.drivers.type_tunnel [req-4fa50027-5848-4def-866c-2f8afdaaee03 aade3447accb4ba6835bc5ec3454f5a6 892b3d52c94348d8a7355f6390963dca - default default] Releasing vxlan tunnel 82 to pool release_segment /usr/lib/python2.7/site-packages/neutron/plugins/ml2/drivers/type_tunnel.py:322
2018-09-28 18:25:09.107 6292 DEBUG neutron.plugins.ml2.managers [req-4fa50027-5848-4def-866c-2f8afdaaee03 aade3447accb4ba6835bc5ec3454f5a6 892b3d52c94348d8a7355f6390963dca - default default] Network e2cde461-56fe-4b8c-8e52-5c7b68ed5f43 has no segments _extend_network_dict_provider /usr/lib/python2.7/site-packages/neutron/plugins/ml2/managers.py:165
2018-09-28 18:25:09.124 6292 DEBUG neutron_lib.callbacks.manager [req-4fa50027-5848-4def-866c-2f8afdaaee03 aade3447accb4ba6835bc5ec3454f5a6 892b3d52c94348d8a7355f6390963dca - default default] Notify callbacks ['neutron.plugins.ml2.plugin.Ml2Plugin._handle_segment_change-33433087'] for segment, after_delete _notify_loop /usr/lib/python2.7/site-packages/neutron_lib/callbacks/manager.py:167
2018-09-28 18:25:09.478 6292 DEBUG neutron.plugins.ml2.managers [req-4fa50027-5848-4def-866c-2f8afdaaee03 aade3447accb4ba6835bc5ec3454f5a6 892b3d52c94348d8a7355f6390963dca - default default] Network e2cde461-56fe-4b8c-8e52-5c7b68ed5f43 has no segments _extend_network_dict_provider /usr/lib/python2.7/site-packages/neutron/plugins/ml2/managers.py:165
2018-09-28 18:25:09.623 6292 DEBUG neutron.plugins.ml2.managers [req-4fa50027-5848-4def-866c-2f8afdaaee03 aade3447accb4ba6835bc5ec3454f5a6 892b3d52c94348d8a7355f6390963dca - default default] Network e2cde461-56fe-4b8c-8e52-5c7b68ed5f43 has no segments _extend_network_dict_provider /usr/lib/python2.7/site-packages/neutron/plugins/ml2/managers.py:165
2018-09-28 18:25:09.843 6292 DEBUG neutron_lib.callbacks.manager [req-4fa50027-5848-4def-866c-2f8afdaaee03 aade3447accb4ba6835bc5ec3454f5a6 892b3d52c94348d8a7355f6390963dca - default default] Notify callbacks ['neutron.api.rpc.agentnotifiers.dhcp_rpc_agent_api.DhcpAgentNotifyAPI._native_event_send_dhcp_notification-32881834', 'neutron.plugins.ml2.plugin.Ml2Plugin._network_delete_after_delete_handler-33434367', 'neutron.plugins.ml2.ovo_rpc._ObjectChangeHandler.handle_event--9223372036854034230'] for network, after_delete _notify_loop /usr/lib/python2.7/site-packages/neutron_lib/callbacks/manager.py:167
2018-09-28 18:25:09.876 6292 DEBUG neutron_lib.callbacks.manager [req-4fa50027-5848-4def-866c-2f8afdaaee03 aade3447accb4ba6835bc5ec3454f5a6 892b3d52c94348d8a7355f6390963dca - default default] Notify callbacks ['neutron.api.rpc.agentnotifiers.dhcp_rpc_agent_api.DhcpAgentNotifyAPI._send_dhcp_notification-32881819'] for network, before_response _notify_loop /usr/lib/python2.7/site-packages/neutron_lib/callbacks/manager.py:167
2018-09-28 18:25:09.878 6292 DEBUG oslo_concurrency.lockutils [-] Lock "event-dispatch" acquired by "neutron.plugins.ml2.ovo_rpc.dispatch_events" :: waited 0.000s inner /usr/lib/python2.7/site-packages/oslo_concurrency/lockutils.py:270
2018-09-28 18:25:09.910 6292 DEBUG neutron.quota.resource [req-4fa50027-5848-4def-866c-2f8afdaaee03 aade3447accb4ba6835bc5ec3454f5a6 892b3d52c94348d8a7355f6390963dca - default default] Persisted dirty status for tenant:e6839c621ef44b85bd9067dfa15b247f on resource:subnet mark_dirty /usr/lib/python2.7/site-packages/neutron/quota/resource.py:207
2018-09-28 18:25:09.913 6292 DEBUG neutron.api.rpc.handlers.resources_rpc [req-4fa50027-5848-4def-866c-2f8afdaaee03 aade3447accb4ba6835bc5ec3454f5a6 892b3d52c94348d8a7355f6390963dca - - -] neutron.api.rpc.handlers.resources_rpc.ResourcesPushRpcApi method push called with arguments (<neutron_lib.context.Context object at 0x7f1b2e73b690>, [Network(admin_state_up=<?>,availability_zone_hints=<?>,created_at=<?>,description=<?>,dns_domain=<?>,id=e2cde461-56fe-4b8c-8e52-5c7b68ed5f43,mtu=<?>,name=<?>,project_id=<?>,qos_policy_id=None,revision_number=<?>,security=<?>,segments=<?>,shared=False,status=<?>,updated_at=<?>,vlan_transparent=<?>)], 'deleted') {} wrapper /usr/lib/python2.7/site-packages/oslo_log/helpers.py:66
2018-09-28 18:25:09.932 6292 DEBUG neutron.quota.resource [req-4fa50027-5848-4def-866c-2f8afdaaee03 aade3447accb4ba6835bc5ec3454f5a6 892b3d52c94348d8a7355f6390963dca - default default] Persisted dirty status for tenant:e6839c621ef44b85bd9067dfa15b247f on resource:network mark_dirty /usr/lib/python2.7/site-packages/neutron/quota/resource.py:207
2018-09-28 18:25:09.934 6292 DEBUG oslo_concurrency.lockutils [req-4fa50027-5848-4def-866c-2f8afdaaee03 aade3447accb4ba6835bc5ec3454f5a6 892b3d52c94348d8a7355f6390963dca - - -] Lock "event-dispatch" released by "neutron.plugins.ml2.ovo_rpc.dispatch_events" :: held 0.056s inner /usr/lib/python2.7/site-packages/oslo_concurrency/lockutils.py:282
2018-09-28 18:25:09.942 6292 INFO neutron.wsgi [req-4fa50027-5848-4def-866c-2f8afdaaee03 aade3447accb4ba6835bc5ec3454f5a6 892b3d52c94348d8a7355f6390963dca - default default] 10.0.20.22 "DELETE /v2.0/networks/e2cde461-56fe-4b8c-8e52-5c7b68ed5f43 HTTP/1.1" status: 204  len: 173 time: 3.0662491
2018-09-28 18:25:13.662 6306 DEBUG neutron_lib.callbacks.manager [req-48c6748f-4e05-4712-9498-be824cce1f66 - - - - -] Notify callbacks ['neutron.services.segments.db._update_segment_host_mapping_for_agent-8734671323562'] for agent, after_update _notify_loop /usr/lib/python2.7/site-packages/neutron_lib/callbacks/manager.py:167
2018-09-28 18:25:15.425 6309 DEBUG neutron_lib.callbacks.manager [req-70ae277a-310c-4130-8c3e-20bd396aadb6 - - - - -] Notify callbacks ['neutron.services.segments.db._update_segment_host_mapping_for_agent-8734671323562'] for agent, after_update _notify_loop /usr/lib/python2.7/site-packages/neutron_lib/callbacks/manager.py:167
2018-09-28 18:25:15.441 6300 DEBUG neutron_lib.callbacks.manager [req-af3a8401-4a03-497b-922d-b6b471096fb9 - - - - -] Notify callbacks ['neutron.services.segments.db._update_segment_host_mapping_for_agent-8734671323562'] for agent, after_update _notify_loop /usr/lib/python2.7/site-packages/neutron_lib/callbacks/manager.py:167
2018-09-28 18:25:15.522 6302 DEBUG neutron_lib.callbacks.manager [req-a6f476e5-68c9-4a61-be44-ce03a46be040 - - - - -] Notify callbacks ['neutron.services.segments.db._update_segment_host_mapping_for_agent-8734671323562'] for agent, after_update _notify_loop /usr/lib/python2.7/site-packages/neutron_lib/callbacks/manager.py:167
2018-09-28 18:25:16.047 6292 DEBUG neutron.wsgi [-] (6292) accepted ('10.0.20.22', 47106) server /usr/lib/python2.7/site-packages/eventlet/wsgi.py:883
2018-09-28 18:25:16.050 6292 INFO neutron.wsgi [-] 10.0.20.22 "GET / HTTP/1.1" status: 200  len: 252 time: 0.0019112
2018-09-28 18:25:16.489 6299 DEBUG neutron_lib.callbacks.manager [req-41f9723f-55bd-44f8-a9ff-5075a4b033ed - - - - -] Notify callbacks ['neutron.services.segments.db._update_segment_host_mapping_for_agent-8734671323562'] for agent, after_update _notify_loop /usr/lib/python2.7/site-packages/neutron_lib/callbacks/manager.py:167
2018-09-28 18:25:16.515 6292 INFO neutron.api.v2.resource [req-0a057878-b69e-4c46-b82f-018dbd956d5d aade3447accb4ba6835bc5ec3454f5a6 892b3d52c94348d8a7355f6390963dca - default default] show failed (client error): The resource could not be found.
2018-09-28 18:25:16.517 6292 INFO neutron.wsgi [req-0a057878-b69e-4c46-b82f-018dbd956d5d aade3447accb4ba6835bc5ec3454f5a6 892b3d52c94348d8a7355f6390963dca - default default] 10.0.20.22 "GET /v2.0/security-groups/tempest-SECURITY_GROUP_SAMPLE-1538172936 HTTP/1.1" status: 404  len: 356 time: 0.4620821
2018-09-28 18:25:16.608 6299 DEBUG neutron.api.rpc.handlers.dhcp_rpc [req-308bdb79-3c6e-40d2-9d7c-100bb026a234 - - - - -] get_active_networks_info from localhost.localdomain get_active_networks_info /usr/lib/python2.7/site-packages/neutron/api/rpc/handlers/dhcp_rpc.py:141
2018-09-28 18:25:16.716 6292 INFO neutron.wsgi [req-5a85eae5-1f06-4f72-a9c2-2bf9765cdee2 aade3447accb4ba6835bc5ec3454f5a6 892b3d52c94348d8a7355f6390963dca - default default] 10.0.20.22 "GET /v2.0/security-groups HTTP/1.1" status: 200  len: 18690 time: 0.1914439
2018-09-28 18:25:16.857 6292 DEBUG neutron_lib.callbacks.manager [req-9f6bd34e-a0de-4ff9-8ec7-cc5c5f33f52b aade3447accb4ba6835bc5ec3454f5a6 892b3d52c94348d8a7355f6390963dca - default default] Notify callbacks [] for security_group, before_delete _notify_loop /usr/lib/python2.7/site-packages/neutron_lib/callbacks/manager.py:167
2018-09-28 18:25:16.905 6292 DEBUG neutron_lib.callbacks.manager [req-9f6bd34e-a0de-4ff9-8ec7-cc5c5f33f52b aade3447accb4ba6835bc5ec3454f5a6 892b3d52c94348d8a7355f6390963dca - default default] Notify callbacks [] for security_group, precommit_delete _notify_loop /usr/lib/python2.7/site-packages/neutron_lib/callbacks/manager.py:167
2018-09-28 18:25:17.189 6292 DEBUG neutron_lib.callbacks.manager [req-9f6bd34e-a0de-4ff9-8ec7-cc5c5f33f52b aade3447accb4ba6835bc5ec3454f5a6 892b3d52c94348d8a7355f6390963dca - default default] Notify callbacks ['neutron.plugins.ml2.ovo_rpc._ObjectChangeHandler.handle_event--9223372036854034326'] for security_group, after_delete _notify_loop /usr/lib/python2.7/site-packages/neutron_lib/callbacks/manager.py:167
2018-09-28 18:25:17.196 6292 DEBUG oslo_concurrency.lockutils [-] Lock "event-dispatch" acquired by "neutron.plugins.ml2.ovo_rpc.dispatch_events" :: waited 0.000s inner /usr/lib/python2.7/site-packages/oslo_concurrency/lockutils.py:270
2018-09-28 18:25:17.208 6292 DEBUG neutron.quota.resource [req-9f6bd34e-a0de-4ff9-8ec7-cc5c5f33f52b aade3447accb4ba6835bc5ec3454f5a6 892b3d52c94348d8a7355f6390963dca - default default] Persisted dirty status for tenant:e6839c621ef44b85bd9067dfa15b247f on resource:security_group_rule mark_dirty /usr/lib/python2.7/site-packages/neutron/quota/resource.py:207
2018-09-28 18:25:17.219 6292 DEBUG neutron.api.rpc.handlers.resources_rpc [req-9f6bd34e-a0de-4ff9-8ec7-cc5c5f33f52b aade3447accb4ba6835bc5ec3454f5a6 892b3d52c94348d8a7355f6390963dca - - -] neutron.api.rpc.handlers.resources_rpc.ResourcesPushRpcApi method push called with arguments (<neutron_lib.context.Context object at 0x7f1b2e484f10>, [SecurityGroup(created_at=<?>,description=<?>,id=27958e1d-7f6a-4a2f-a37b-f551f65776e4,is_default=False,name=<?>,project_id=<?>,revision_number=<?>,rules=<?>,updated_at=<?>)], 'deleted') {} wrapper /usr/lib/python2.7/site-packages/oslo_log/helpers.py:66
2018-09-28 18:25:17.240 6292 DEBUG neutron.quota.resource [req-9f6bd34e-a0de-4ff9-8ec7-cc5c5f33f52b aade3447accb4ba6835bc5ec3454f5a6 892b3d52c94348d8a7355f6390963dca - default default] Persisted dirty status for tenant:e6839c621ef44b85bd9067dfa15b247f on resource:security_group mark_dirty /usr/lib/python2.7/site-packages/neutron/quota/resource.py:207
2018-09-28 18:25:17.243 6292 DEBUG oslo_concurrency.lockutils [req-9f6bd34e-a0de-4ff9-8ec7-cc5c5f33f52b aade3447accb4ba6835bc5ec3454f5a6 892b3d52c94348d8a7355f6390963dca - - -] Lock "event-dispatch" released by "neutron.plugins.ml2.ovo_rpc.dispatch_events" :: held 0.048s inner /usr/lib/python2.7/site-packages/oslo_concurrency/lockutils.py:282
2018-09-28 18:25:17.268 6292 DEBUG neutron_lib.callbacks.manager [req-9f6bd34e-a0de-4ff9-8ec7-cc5c5f33f52b aade3447accb4ba6835bc5ec3454f5a6 892b3d52c94348d8a7355f6390963dca - default default] Notify callbacks [] for security_group, before_response _notify_loop /usr/lib/python2.7/site-packages/neutron_lib/callbacks/manager.py:167
2018-09-28 18:25:17.271 6292 INFO neutron.wsgi [req-9f6bd34e-a0de-4ff9-8ec7-cc5c5f33f52b aade3447accb4ba6835bc5ec3454f5a6 892b3d52c94348d8a7355f6390963dca - default default] 10.0.20.22 "DELETE /v2.0/security-groups/27958e1d-7f6a-4a2f-a37b-f551f65776e4 HTTP/1.1" status: 204  len: 173 time: 0.5454969
2018-09-28 18:25:35.692 6310 DEBUG neutron.db.agents_db [req-2a7c6993-afe2-4137-8e9f-efc54eda177b - - - - -] Agent healthcheck: found 5 active agents agent_health_check /usr/lib/python2.7/site-packages/neutron/db/agents_db.py:281
2018-09-28 18:25:43.663 6305 DEBUG neutron_lib.callbacks.manager [req-48c6748f-4e05-4712-9498-be824cce1f66 - - - - -] Notify callbacks ['neutron.services.segments.db._update_segment_host_mapping_for_agent-8734671323562'] for agent, after_update _notify_loop /usr/lib/python2.7/site-packages/neutron_lib/callbacks/manager.py:167
2018-09-28 18:25:45.431 6303 DEBUG neutron_lib.callbacks.manager [req-a440ee04-75b3-4b2c-8ef2-4d34a22badf1 - - - - -] Notify callbacks ['neutron.services.segments.db._update_segment_host_mapping_for_agent-8734671323562'] for agent, after_update _notify_loop /usr/lib/python2.7/site-packages/neutron_lib/callbacks/manager.py:167
2018-09-28 18:25:45.443 6304 DEBUG neutron_lib.callbacks.manager [req-af3a8401-4a03-497b-922d-b6b471096fb9 - - - - -] Notify callbacks ['neutron.services.segments.db._update_segment_host_mapping_for_agent-8734671323562'] for agent, after_update _notify_loop /usr/lib/python2.7/site-packages/neutron_lib/callbacks/manager.py:167
2018-09-28 18:25:45.514 6301 DEBUG neutron_lib.callbacks.manager [req-a6f476e5-68c9-4a61-be44-ce03a46be040 - - - - -] Notify callbacks ['neutron.services.segments.db._update_segment_host_mapping_for_agent-8734671323562'] for agent, after_update _notify_loop /usr/lib/python2.7/site-packages/neutron_lib/callbacks/manager.py:167
2018-09-28 18:25:46.478 6306 DEBUG neutron_lib.callbacks.manager [req-efb5f1b5-94a2-439c-9af8-102f87d57094 - - - - -] Notify callbacks ['neutron.services.segments.db._update_segment_host_mapping_for_agent-8734671323562'] for agent, after_update _notify_loop /usr/lib/python2.7/site-packages/neutron_lib/callbacks/manager.py:167
