2018-09-28 14:30:13.575 28968 INFO neutron.wsgi [req-7daf3250-4971-461d-a320-001894195df3 10c05a22cea847f7a42d788fe8f1cd2e 368f193974e14846a186e2cbdb34d110 - default default] 10.0.20.23 "GET /v2.0/subnets?id=228fb0b4-c174-440c-ace6-5c21cb3bcac4 HTTP/1.1" status: 200  len: 847 time: 0.1127381
2018-09-28 14:30:13.687 28968 INFO neutron.wsgi [req-2a603557-9a6c-4da4-b44a-46253cf0cd0a 10c05a22cea847f7a42d788fe8f1cd2e 368f193974e14846a186e2cbdb34d110 - default default] 10.0.20.23 "GET /v2.0/ports?network_id=6303311f-f89b-4b76-98ac-344cdbed4f9a&device_owner=network%3Adhcp HTTP/1.1" status: 200  len: 1128 time: 0.1052692
2018-09-28 14:30:16.619 28966 INFO neutron.wsgi [req-c409550d-31e0-4556-a403-1afba45cf3b3 98fcf6ad59964da387fc0302266c8d5a 58d41ab63426425480dc9a4c527a354c - 23b601c9d58241b9bceefeceacd51169 23b601c9d58241b9bceefeceacd51169] 10.0.20.23 "GET /v2.0/ports?device_id=8df1dda5-d5b2-4192-8848-7a6658216b80 HTTP/1.1" status: 200  len: 1124 time: 0.5680199
2018-09-28 14:30:16.721 28966 INFO neutron.wsgi [req-821bdcf2-8a22-4726-85ee-ca78917a7f85 98fcf6ad59964da387fc0302266c8d5a 58d41ab63426425480dc9a4c527a354c - 23b601c9d58241b9bceefeceacd51169 23b601c9d58241b9bceefeceacd51169] 10.0.20.23 "GET /v2.0/security-groups?id=785f2c2f-f049-414d-bd29-7ea6e6342101 HTTP/1.1" status: 200  len: 2118 time: 0.0964069
2018-09-28 14:30:18.006 28975 DEBUG neutron_lib.callbacks.manager [req-3c7e6264-9d35-4faf-8c78-0d96a8a09c24 - - - - -] Notify callbacks ['neutron.services.segments.db._update_segment_host_mapping_for_agent-8771454281642'] for agent, after_update _notify_loop /usr/lib/python2.7/site-packages/neutron_lib/callbacks/manager.py:167
2018-09-28 14:30:21.453 28964 INFO neutron.wsgi [req-948a8ace-ad25-4f3d-9a95-e6ccab6db74a d620094bd6d047979241572f64ecaca7 368f193974e14846a186e2cbdb34d110 - default default] 10.0.20.23 "GET /v2.0/ports?device_id=8df1dda5-d5b2-4192-8848-7a6658216b80 HTTP/1.1" status: 200  len: 1124 time: 0.7924671
2018-09-28 14:30:21.584 28964 INFO neutron.wsgi [req-11a722bc-037a-4ba4-b524-0425ec7322ea d620094bd6d047979241572f64ecaca7 368f193974e14846a186e2cbdb34d110 - default default] 10.0.20.23 "GET /v2.0/security-groups?id=785f2c2f-f049-414d-bd29-7ea6e6342101 HTTP/1.1" status: 200  len: 2118 time: 0.1259081
2018-09-28 14:30:22.713 28981 DEBUG neutron_lib.callbacks.manager [req-fde125de-426f-4bc6-af3c-c3dc08be98f7 - - - - -] Notify callbacks ['neutron.services.segments.db._update_segment_host_mapping_for_agent-8771454281642'] for agent, after_update _notify_loop /usr/lib/python2.7/site-packages/neutron_lib/callbacks/manager.py:167
2018-09-28 14:30:24.788 28964 INFO neutron.wsgi [req-9989af78-9a20-4502-8482-c44523246c66 98fcf6ad59964da387fc0302266c8d5a 58d41ab63426425480dc9a4c527a354c - 23b601c9d58241b9bceefeceacd51169 23b601c9d58241b9bceefeceacd51169] 10.0.20.23 "GET /v2.0/ports?device_id=8df1dda5-d5b2-4192-8848-7a6658216b80 HTTP/1.1" status: 200  len: 1124 time: 0.5441771
2018-09-28 14:30:24.911 28964 INFO neutron.wsgi [req-4ffa7cc4-fb44-4926-a42c-c376a5a744a7 98fcf6ad59964da387fc0302266c8d5a 58d41ab63426425480dc9a4c527a354c - 23b601c9d58241b9bceefeceacd51169 23b601c9d58241b9bceefeceacd51169] 10.0.20.23 "GET /v2.0/security-groups?id=785f2c2f-f049-414d-bd29-7ea6e6342101 HTTP/1.1" status: 200  len: 2118 time: 0.1141419
2018-09-28 14:30:28.000 28979 DEBUG neutron_lib.callbacks.manager [req-54881465-3e1f-4135-a0cd-034f22c3d360 - - - - -] Notify callbacks ['neutron.services.segments.db._update_segment_host_mapping_for_agent-8771454281642'] for agent, after_update _notify_loop /usr/lib/python2.7/site-packages/neutron_lib/callbacks/manager.py:167
2018-09-28 14:30:30.991 28982 DEBUG neutron.db.agents_db [req-125dfa32-8b26-447d-a7a9-515760d67dad - - - - -] Agent healthcheck: found 5 active agents agent_health_check /usr/lib/python2.7/site-packages/neutron/db/agents_db.py:281
2018-09-28 14:30:34.289 28964 INFO neutron.wsgi [req-53d5b183-fa36-4ce4-8d28-5677b00992ac 98fcf6ad59964da387fc0302266c8d5a 58d41ab63426425480dc9a4c527a354c - 23b601c9d58241b9bceefeceacd51169 23b601c9d58241b9bceefeceacd51169] 10.0.20.23 "GET /v2.0/ports?device_id=8df1dda5-d5b2-4192-8848-7a6658216b80 HTTP/1.1" status: 200  len: 1124 time: 0.4527681
2018-09-28 14:30:34.379 28964 INFO neutron.wsgi [req-4c471dd5-0d92-4b38-a125-0afeac5838d4 98fcf6ad59964da387fc0302266c8d5a 58d41ab63426425480dc9a4c527a354c - 23b601c9d58241b9bceefeceacd51169 23b601c9d58241b9bceefeceacd51169] 10.0.20.23 "GET /v2.0/security-groups?id=785f2c2f-f049-414d-bd29-7ea6e6342101 HTTP/1.1" status: 200  len: 2118 time: 0.0847821
2018-09-28 14:30:38.287 28980 DEBUG neutron_lib.callbacks.manager [req-2503bc45-3cde-476c-98cc-15cc7018f542 - - - - -] Notify callbacks ['neutron.services.segments.db._update_segment_host_mapping_for_agent-8771454281642'] for agent, after_update _notify_loop /usr/lib/python2.7/site-packages/neutron_lib/callbacks/manager.py:167
2018-09-28 14:30:38.939 28977 DEBUG neutron_lib.callbacks.manager [req-bbc64383-2b24-4126-af4b-283c53785c08 - - - - -] Notify callbacks ['neutron.services.segments.db._update_segment_host_mapping_for_agent-8771454281642'] for agent, after_update _notify_loop /usr/lib/python2.7/site-packages/neutron_lib/callbacks/manager.py:167
2018-09-28 14:30:44.086 28964 INFO neutron.wsgi [req-c3f2b477-f39e-42e0-81eb-827ad501db5f 98fcf6ad59964da387fc0302266c8d5a 58d41ab63426425480dc9a4c527a354c - 23b601c9d58241b9bceefeceacd51169 23b601c9d58241b9bceefeceacd51169] 10.0.20.23 "GET /v2.0/ports?device_id=8df1dda5-d5b2-4192-8848-7a6658216b80 HTTP/1.1" status: 200  len: 1124 time: 0.4240680
2018-09-28 14:30:44.162 28964 INFO neutron.wsgi [req-97123e33-29f4-414f-a841-2031c1aaf3d2 98fcf6ad59964da387fc0302266c8d5a 58d41ab63426425480dc9a4c527a354c - 23b601c9d58241b9bceefeceacd51169 23b601c9d58241b9bceefeceacd51169] 10.0.20.23 "GET /v2.0/security-groups?id=785f2c2f-f049-414d-bd29-7ea6e6342101 HTTP/1.1" status: 200  len: 2118 time: 0.0717781
2018-09-28 14:30:48.030 28976 DEBUG neutron_lib.callbacks.manager [req-abe1644a-c79c-4eab-9acf-3e1332a6716c - - - - -] Notify callbacks ['neutron.services.segments.db._update_segment_host_mapping_for_agent-8771454281642'] for agent, after_update _notify_loop /usr/lib/python2.7/site-packages/neutron_lib/callbacks/manager.py:167
2018-09-28 14:30:52.778 28978 DEBUG neutron_lib.callbacks.manager [req-fde125de-426f-4bc6-af3c-c3dc08be98f7 - - - - -] Notify callbacks ['neutron.services.segments.db._update_segment_host_mapping_for_agent-8771454281642'] for agent, after_update _notify_loop /usr/lib/python2.7/site-packages/neutron_lib/callbacks/manager.py:167
2018-09-28 14:30:56.373 28966 INFO neutron.wsgi [req-b5d351a8-6b81-4499-903a-b4fe4c9fa9ce d620094bd6d047979241572f64ecaca7 368f193974e14846a186e2cbdb34d110 - default default] 10.0.20.23 "GET /v2.0/ports?device_id=8df1dda5-d5b2-4192-8848-7a6658216b80 HTTP/1.1" status: 200  len: 1124 time: 0.1227250
2018-09-28 14:30:56.405 28968 INFO neutron.wsgi [req-eb0744d4-e777-4923-877c-668663e69f8b 98fcf6ad59964da387fc0302266c8d5a 58d41ab63426425480dc9a4c527a354c - 23b601c9d58241b9bceefeceacd51169 23b601c9d58241b9bceefeceacd51169] 10.0.20.23 "GET /v2.0/ports?device_id=8df1dda5-d5b2-4192-8848-7a6658216b80 HTTP/1.1" status: 200  len: 1124 time: 0.8804610
2018-09-28 14:30:56.491 28966 INFO neutron.wsgi [req-7271cc8b-d032-491d-a1fa-4c31b8ed3355 d620094bd6d047979241572f64ecaca7 368f193974e14846a186e2cbdb34d110 - default default] 10.0.20.23 "GET /v2.0/security-groups?id=785f2c2f-f049-414d-bd29-7ea6e6342101 HTTP/1.1" status: 200  len: 2118 time: 0.1107879
2018-09-28 14:30:56.510 28968 INFO neutron.wsgi [req-0c2057f5-c4e9-41dd-844c-b9992d5c29bb 98fcf6ad59964da387fc0302266c8d5a 58d41ab63426425480dc9a4c527a354c - 23b601c9d58241b9bceefeceacd51169 23b601c9d58241b9bceefeceacd51169] 10.0.20.23 "GET /v2.0/security-groups?id=785f2c2f-f049-414d-bd29-7ea6e6342101 HTTP/1.1" status: 200  len: 2118 time: 0.0968678
2018-09-28 14:30:58.008 28973 DEBUG neutron_lib.callbacks.manager [req-54881465-3e1f-4135-a0cd-034f22c3d360 - - - - -] Notify callbacks ['neutron.services.segments.db._update_segment_host_mapping_for_agent-8771454281642'] for agent, after_update _notify_loop /usr/lib/python2.7/site-packages/neutron_lib/callbacks/manager.py:167
2018-09-28 14:31:07.232 28968 INFO neutron.wsgi [req-d0d2e779-1c0d-463c-96f1-20f9255f7c1e 98fcf6ad59964da387fc0302266c8d5a 58d41ab63426425480dc9a4c527a354c - 23b601c9d58241b9bceefeceacd51169 23b601c9d58241b9bceefeceacd51169] 10.0.20.23 "GET /v2.0/ports?device_id=8df1dda5-d5b2-4192-8848-7a6658216b80 HTTP/1.1" status: 200  len: 1124 time: 0.8202009
2018-09-28 14:31:07.317 28968 INFO neutron.wsgi [req-27c8b68f-60cc-4338-bcc0-7eea77c4dbd4 98fcf6ad59964da387fc0302266c8d5a 58d41ab63426425480dc9a4c527a354c - 23b601c9d58241b9bceefeceacd51169 23b601c9d58241b9bceefeceacd51169] 10.0.20.23 "GET /v2.0/security-groups?id=785f2c2f-f049-414d-bd29-7ea6e6342101 HTTP/1.1" status: 200  len: 2118 time: 0.0786698
2018-09-28 14:31:07.994 28982 DEBUG neutron.db.agents_db [req-125dfa32-8b26-447d-a7a9-515760d67dad - - - - -] Agent healthcheck: found 5 active agents agent_health_check /usr/lib/python2.7/site-packages/neutron/db/agents_db.py:281
2018-09-28 14:31:08.316 28974 DEBUG neutron_lib.callbacks.manager [req-2503bc45-3cde-476c-98cc-15cc7018f542 - - - - -] Notify callbacks ['neutron.services.segments.db._update_segment_host_mapping_for_agent-8771454281642'] for agent, after_update _notify_loop /usr/lib/python2.7/site-packages/neutron_lib/callbacks/manager.py:167
2018-09-28 14:31:08.324 28968 INFO neutron.wsgi [req-b19ab9f1-fca5-4409-8fc2-530acbb7289c 10c05a22cea847f7a42d788fe8f1cd2e 368f193974e14846a186e2cbdb34d110 - default default] 10.0.20.23 "GET /v2.0/ports?tenant_id=58d41ab63426425480dc9a4c527a354c&device_id=8df1dda5-d5b2-4192-8848-7a6658216b80 HTTP/1.1" status: 200  len: 1124 time: 0.1582921
2018-09-28 14:31:08.526 28968 DEBUG neutron.pecan_wsgi.hooks.policy_enforcement [req-f29442cb-0806-47d9-b827-b38206d0b977 10c05a22cea847f7a42d788fe8f1cd2e 368f193974e14846a186e2cbdb34d110 - default default] Attributes excluded by policy engine: [u'vlan_transparent'] _exclude_attributes_by_policy /usr/lib/python2.7/site-packages/neutron/pecan_wsgi/hooks/policy_enforcement.py:256
2018-09-28 14:31:08.528 28968 INFO neutron.wsgi [req-f29442cb-0806-47d9-b827-b38206d0b977 10c05a22cea847f7a42d788fe8f1cd2e 368f193974e14846a186e2cbdb34d110 - default default] 10.0.20.23 "GET /v2.0/networks?id=6303311f-f89b-4b76-98ac-344cdbed4f9a HTTP/1.1" status: 200  len: 885 time: 0.1971121
2018-09-28 14:31:08.568 28968 INFO neutron.wsgi [req-90982d41-3c4a-484e-ac9a-6afa6f2aef31 10c05a22cea847f7a42d788fe8f1cd2e 368f193974e14846a186e2cbdb34d110 - default default] 10.0.20.23 "GET /v2.0/floatingips?fixed_ip_address=11.110.1.5&port_id=e881908f-a0b2-4911-95ba-3ae75a8e3469 HTTP/1.1" status: 200  len: 750 time: 0.0331929
2018-09-28 14:31:08.681 28968 DEBUG neutron.pecan_wsgi.hooks.policy_enforcement [req-c5e32498-6896-48da-b5f4-d0683986cb8d 10c05a22cea847f7a42d788fe8f1cd2e 368f193974e14846a186e2cbdb34d110 - default default] Attributes excluded by policy engine: [u'shared'] _exclude_attributes_by_policy /usr/lib/python2.7/site-packages/neutron/pecan_wsgi/hooks/policy_enforcement.py:256
2018-09-28 14:31:08.684 28968 INFO neutron.wsgi [req-c5e32498-6896-48da-b5f4-d0683986cb8d 10c05a22cea847f7a42d788fe8f1cd2e 368f193974e14846a186e2cbdb34d110 - default default] 10.0.20.23 "GET /v2.0/subnets?id=228fb0b4-c174-440c-ace6-5c21cb3bcac4 HTTP/1.1" status: 200  len: 847 time: 0.1012430
2018-09-28 14:31:08.801 28968 INFO neutron.wsgi [req-f246568f-0d0d-49de-9bb5-b219ddeae16b 10c05a22cea847f7a42d788fe8f1cd2e 368f193974e14846a186e2cbdb34d110 - default default] 10.0.20.23 "GET /v2.0/ports?network_id=6303311f-f89b-4b76-98ac-344cdbed4f9a&device_owner=network%3Adhcp HTTP/1.1" status: 200  len: 1128 time: 0.1115530
2018-09-28 14:31:08.935 28975 DEBUG neutron_lib.callbacks.manager [req-1d265ce8-c1e1-48fb-ad0b-f8d126d4777c - - - - -] Notify callbacks ['neutron.services.segments.db._update_segment_host_mapping_for_agent-8771454281642'] for agent, after_update _notify_loop /usr/lib/python2.7/site-packages/neutron_lib/callbacks/manager.py:167
2018-09-28 14:31:11.897 28974 DEBUG neutron.plugins.ml2.rpc [req-54881465-3e1f-4135-a0cd-034f22c3d360 - - - - -] Device e881908f-a0b2-4911-95ba-3ae75a8e3469 no longer exists at agent ovs-agent-localhost.localdomain update_device_down /usr/lib/python2.7/site-packages/neutron/plugins/ml2/rpc.py:213
2018-09-28 14:31:12.068 28974 DEBUG neutron_lib.callbacks.manager [req-54881465-3e1f-4135-a0cd-034f22c3d360 - - - - -] Notify callbacks ['neutron.plugins.ml2.plugin.Ml2Plugin._ensure_default_security_group_handler-1786667'] for port, before_update _notify_loop /usr/lib/python2.7/site-packages/neutron_lib/callbacks/manager.py:167
2018-09-28 14:31:12.124 28974 DEBUG oslo_concurrency.lockutils [-] Lock "notifier-b7438bd8-9d18-4ed5-9c3d-f22cf2c7223a" acquired by "neutron.notifiers.batch_notifier.synced_send" :: waited 0.000s inner /usr/lib/python2.7/site-packages/oslo_concurrency/lockutils.py:270
2018-09-28 14:31:12.125 28974 DEBUG neutron.notifiers.nova [-] Sending events: [{'status': 'completed', 'tag': u'e881908f-a0b2-4911-95ba-3ae75a8e3469', 'name': 'network-vif-unplugged', 'server_uuid': u'8df1dda5-d5b2-4192-8848-7a6658216b80'}] send_events /usr/lib/python2.7/site-packages/neutron/notifiers/nova.py:242
2018-09-28 14:31:12.137 28974 DEBUG neutron.plugins.ml2.db [req-54881465-3e1f-4135-a0cd-034f22c3d360 - - - - -] For port e881908f-a0b2-4911-95ba-3ae75a8e3469, host localhost.localdomain, got binding levels [<neutron.plugins.ml2.models.PortBindingLevel[object at 7fa435df4490] {port_id=u'e881908f-a0b2-4911-95ba-3ae75a8e3469', host=u'localhost.localdomain', level=0, driver=u'openvswitch', segment_id=u'43effdfe-98f1-4c7f-9c5f-875184a44fc6'}>] get_binding_levels /usr/lib/python2.7/site-packages/neutron/plugins/ml2/db.py:106
2018-09-28 14:31:12.153 28974 DEBUG neutron_lib.callbacks.manager [req-54881465-3e1f-4135-a0cd-034f22c3d360 - - - - -] Notify callbacks ['neutron.db.l3_hascheduler_db._notify_l3_agent_ha_port_update--9223363265400855525', 'neutron.plugins.ml2.ovo_rpc._ObjectChangeHandler.handle_event--9223372036854034014', 'neutron.api.rpc.agentnotifiers.dhcp_rpc_agent_api.DhcpAgentNotifyAPI._native_event_send_dhcp_notification-714154', 'neutron.db.l3_dvrscheduler_db._notify_l3_agent_port_update-8771453918920', 'neutron.plugins.ml2.plugin.Ml2Plugin.notify_sg_on_port_change-1801356'] for port, after_update _notify_loop /usr/lib/python2.7/site-packages/neutron_lib/callbacks/manager.py:167
2018-09-28 14:31:12.162 28974 DEBUG oslo_concurrency.lockutils [-] Lock "event-dispatch" acquired by "neutron.plugins.ml2.ovo_rpc.dispatch_events" :: waited 0.000s inner /usr/lib/python2.7/site-packages/oslo_concurrency/lockutils.py:270
2018-09-28 14:31:12.308 28974 DEBUG neutron.api.rpc.handlers.resources_rpc [req-54881465-3e1f-4135-a0cd-034f22c3d360 - - - - -] neutron.api.rpc.handlers.resources_rpc.ResourcesPushRpcApi method push called with arguments (<neutron_lib.context.Context object at 0x7fa4355343d0>, [Port(admin_state_up=True,allowed_address_pairs=[],binding=PortBinding,binding_levels=[PortBindingLevel],created_at=2018-09-28T18:28:38Z,data_plane_status=<?>,description='',device_id='8df1dda5-d5b2-4192-8848-7a6658216b80',device_owner='compute:nova',dhcp_options=[],distributed_binding=None,dns=None,fixed_ips=[IPAllocation],id=e881908f-a0b2-4911-95ba-3ae75a8e3469,mac_address=fa:16:3e:56:92:dc,name='',network_id=6303311f-f89b-4b76-98ac-344cdbed4f9a,project_id='58d41ab63426425480dc9a4c527a354c',qos_policy_id=None,revision_number=7,security=PortSecurity(e881908f-a0b2-4911-95ba-3ae75a8e3469),security_group_ids=set([785f2c2f-f049-414d-bd29-7ea6e6342101]),status='DOWN',updated_at=2018-09-28T18:31:12Z)], 'updated') {} wrapper /usr/lib/python2.7/site-packages/oslo_log/helpers.py:66
2018-09-28 14:31:12.322 28974 DEBUG neutron.api.rpc.callbacks.version_manager [req-54881465-3e1f-4135-a0cd-034f22c3d360 - - - - -] Version for resource type Subnet changed None to 1.0 on consumer Open vSwitch agent@localhost.localdomain _set_version /usr/lib/python2.7/site-packages/neutron/api/rpc/callbacks/version_manager.py:119
2018-09-28 14:31:12.323 28974 DEBUG neutron.api.rpc.callbacks.version_manager [req-54881465-3e1f-4135-a0cd-034f22c3d360 - - - - -] Version for resource type Network changed None to 1.0 on consumer Open vSwitch agent@localhost.localdomain _set_version /usr/lib/python2.7/site-packages/neutron/api/rpc/callbacks/version_manager.py:119
2018-09-28 14:31:12.324 28974 DEBUG neutron.api.rpc.callbacks.version_manager [req-54881465-3e1f-4135-a0cd-034f22c3d360 - - - - -] Version for resource type SubPort changed None to 1.0 on consumer Open vSwitch agent@localhost.localdomain _set_version /usr/lib/python2.7/site-packages/neutron/api/rpc/callbacks/version_manager.py:119
2018-09-28 14:31:12.325 28974 DEBUG neutron.api.rpc.callbacks.version_manager [req-54881465-3e1f-4135-a0cd-034f22c3d360 - - - - -] Version for resource type SecurityGroup changed None to 1.0 on consumer Open vSwitch agent@localhost.localdomain _set_version /usr/lib/python2.7/site-packages/neutron/api/rpc/callbacks/version_manager.py:119
2018-09-28 14:31:12.326 28974 DEBUG neutron.api.rpc.callbacks.version_manager [req-54881465-3e1f-4135-a0cd-034f22c3d360 - - - - -] Version for resource type SecurityGroupRule changed None to 1.0 on consumer Open vSwitch agent@localhost.localdomain _set_version /usr/lib/python2.7/site-packages/neutron/api/rpc/callbacks/version_manager.py:119
2018-09-28 14:31:12.326 28974 DEBUG neutron.api.rpc.callbacks.version_manager [req-54881465-3e1f-4135-a0cd-034f22c3d360 - - - - -] Version for resource type Trunk changed None to 1.1 on consumer Open vSwitch agent@localhost.localdomain _set_version /usr/lib/python2.7/site-packages/neutron/api/rpc/callbacks/version_manager.py:119
2018-09-28 14:31:12.327 28974 DEBUG neutron.api.rpc.callbacks.version_manager [req-54881465-3e1f-4135-a0cd-034f22c3d360 - - - - -] Version for resource type QosPolicy changed None to 1.6 on consumer Open vSwitch agent@localhost.localdomain _set_version /usr/lib/python2.7/site-packages/neutron/api/rpc/callbacks/version_manager.py:119
2018-09-28 14:31:12.328 28974 DEBUG neutron.api.rpc.callbacks.version_manager [req-54881465-3e1f-4135-a0cd-034f22c3d360 - - - - -] Version for resource type Port changed None to 1.1 on consumer Open vSwitch agent@localhost.localdomain _set_version /usr/lib/python2.7/site-packages/neutron/api/rpc/callbacks/version_manager.py:119
2018-09-28 14:31:12.330 28974 DEBUG neutron.api.rpc.callbacks.version_manager [req-54881465-3e1f-4135-a0cd-034f22c3d360 - - - - -] Version for resource type Log changed None to 1.0 on consumer Open vSwitch agent@localhost.localdomain _set_version /usr/lib/python2.7/site-packages/neutron/api/rpc/callbacks/version_manager.py:119
2018-09-28 14:31:12.353 28974 DEBUG oslo_concurrency.lockutils [req-54881465-3e1f-4135-a0cd-034f22c3d360 - - - - -] Lock "event-dispatch" released by "neutron.plugins.ml2.ovo_rpc.dispatch_events" :: held 0.191s inner /usr/lib/python2.7/site-packages/oslo_concurrency/lockutils.py:282
2018-09-28 14:31:12.930 28974 DEBUG novaclient.v2.client [-] REQ: curl -g -i -X POST http://10.0.20.23:8774/v2.1/368f193974e14846a186e2cbdb34d110/os-server-external-events -H "User-Agent: python-novaclient" -H "Content-Type: application/json" -H "Accept: application/json" -H "X-OpenStack-Nova-API-Version: 2.1" -H "X-Auth-Token: {SHA1}f58500416c470f0bce7237f928057716198f19e7" -d '{"events": [{"status": "completed", "tag": "e881908f-a0b2-4911-95ba-3ae75a8e3469", "name": "network-vif-unplugged", "server_uuid": "8df1dda5-d5b2-4192-8848-7a6658216b80"}]}' _http_log_request /usr/lib/python2.7/site-packages/keystoneauth1/session.py:375
2018-09-28 14:31:13.292 28968 INFO neutron.wsgi [req-f9e5c675-8bad-4a06-a1bd-b40f7c5483ba 10c05a22cea847f7a42d788fe8f1cd2e 368f193974e14846a186e2cbdb34d110 - default default] 10.0.20.23 "GET /v2.0/ports?tenant_id=de454467c99446ab85cec942ff21350f&device_id=188af94c-7499-418b-8fd8-8f727cc107fb HTTP/1.1" status: 200  len: 1125 time: 0.0942299
2018-09-28 14:31:13.368 28974 DEBUG novaclient.v2.client [-] RESP: [200] Content-Length: 185 Content-Type: application/json Openstack-Api-Version: compute 2.1 X-Openstack-Nova-Api-Version: 2.1 Vary: OpenStack-API-Version, X-OpenStack-Nova-API-Version X-Openstack-Request-Id: req-f1bc8603-4af6-4663-b176-10ce651f9c96 X-Compute-Request-Id: req-f1bc8603-4af6-4663-b176-10ce651f9c96 Date: Fri, 28 Sep 2018 18:31:13 GMT Connection: keep-alive 
RESP BODY: {"events": [{"status": "completed", "tag": "e881908f-a0b2-4911-95ba-3ae75a8e3469", "name": "network-vif-unplugged", "server_uuid": "8df1dda5-d5b2-4192-8848-7a6658216b80", "code": 200}]}
 _http_log_response /usr/lib/python2.7/site-packages/keystoneauth1/session.py:423
2018-09-28 14:31:13.369 28974 DEBUG novaclient.v2.client [-] POST call to compute for http://10.0.20.23:8774/v2.1/368f193974e14846a186e2cbdb34d110/os-server-external-events used request id req-f1bc8603-4af6-4663-b176-10ce651f9c96 request /usr/lib/python2.7/site-packages/keystoneauth1/session.py:727
2018-09-28 14:31:13.376 28974 INFO neutron.notifiers.nova [-] Nova event response: {u'status': u'completed', u'tag': u'e881908f-a0b2-4911-95ba-3ae75a8e3469', u'name': u'network-vif-unplugged', u'server_uuid': u'8df1dda5-d5b2-4192-8848-7a6658216b80', u'code': 200}
2018-09-28 14:31:13.466 28968 DEBUG neutron.pecan_wsgi.hooks.policy_enforcement [req-21b1100e-eb0f-4680-b149-372b056aca3e 10c05a22cea847f7a42d788fe8f1cd2e 368f193974e14846a186e2cbdb34d110 - default default] Attributes excluded by policy engine: [u'vlan_transparent'] _exclude_attributes_by_policy /usr/lib/python2.7/site-packages/neutron/pecan_wsgi/hooks/policy_enforcement.py:256
2018-09-28 14:31:13.468 28968 INFO neutron.wsgi [req-21b1100e-eb0f-4680-b149-372b056aca3e 10c05a22cea847f7a42d788fe8f1cd2e 368f193974e14846a186e2cbdb34d110 - default default] 10.0.20.23 "GET /v2.0/networks?id=65ad9522-77b7-40f4-99d9-d18d7c0e29ca HTTP/1.1" status: 200  len: 885 time: 0.1714740
2018-09-28 14:31:13.498 28968 INFO neutron.wsgi [req-671b3fa8-2829-4949-95f8-e48e2fbd8061 10c05a22cea847f7a42d788fe8f1cd2e 368f193974e14846a186e2cbdb34d110 - default default] 10.0.20.23 "GET /v2.0/floatingips?fixed_ip_address=11.232.1.11&port_id=cec2bed4-a309-454a-a163-f4588e6e004f HTTP/1.1" status: 200  len: 751 time: 0.0248530
2018-09-28 14:31:13.597 28968 DEBUG neutron.pecan_wsgi.hooks.policy_enforcement [req-cceddc80-cd7b-40d1-ba6e-003444b6024b 10c05a22cea847f7a42d788fe8f1cd2e 368f193974e14846a186e2cbdb34d110 - default default] Attributes excluded by policy engine: [u'shared'] _exclude_attributes_by_policy /usr/lib/python2.7/site-packages/neutron/pecan_wsgi/hooks/policy_enforcement.py:256
2018-09-28 14:31:13.599 28968 INFO neutron.wsgi [req-cceddc80-cd7b-40d1-ba6e-003444b6024b 10c05a22cea847f7a42d788fe8f1cd2e 368f193974e14846a186e2cbdb34d110 - default default] 10.0.20.23 "GET /v2.0/subnets?id=edc6eb21-9f02-46c3-ae93-67aed9faa753 HTTP/1.1" status: 200  len: 847 time: 0.0932388
2018-09-28 14:31:13.696 28968 INFO neutron.wsgi [req-84c7afd4-7d9f-4e59-a3f9-ce5ecc1c6eae 10c05a22cea847f7a42d788fe8f1cd2e 368f193974e14846a186e2cbdb34d110 - default default] 10.0.20.23 "GET /v2.0/ports?network_id=65ad9522-77b7-40f4-99d9-d18d7c0e29ca&device_owner=network%3Adhcp HTTP/1.1" status: 200  len: 1128 time: 0.0898600
2018-09-28 14:31:14.036 28967 INFO neutron.wsgi [req-73f2d068-0dfc-455a-ba0c-3b7a117a40eb 98fcf6ad59964da387fc0302266c8d5a 58d41ab63426425480dc9a4c527a354c - 23b601c9d58241b9bceefeceacd51169 23b601c9d58241b9bceefeceacd51169] 10.0.20.23 "GET /v2.0/ports?device_id=8df1dda5-d5b2-4192-8848-7a6658216b80 HTTP/1.1" status: 200  len: 1122 time: 0.7119429
2018-09-28 14:31:14.123 28967 INFO neutron.wsgi [req-857a59be-f9d6-443b-bf32-d0c5bbae6d5a 98fcf6ad59964da387fc0302266c8d5a 58d41ab63426425480dc9a4c527a354c - 23b601c9d58241b9bceefeceacd51169 23b601c9d58241b9bceefeceacd51169] 10.0.20.23 "GET /v2.0/security-groups?id=785f2c2f-f049-414d-bd29-7ea6e6342101 HTTP/1.1" status: 200  len: 2118 time: 0.0818641
2018-09-28 14:31:15.378 28974 DEBUG oslo_concurrency.lockutils [-] Lock "notifier-b7438bd8-9d18-4ed5-9c3d-f22cf2c7223a" released by "neutron.notifiers.batch_notifier.synced_send" :: held 3.253s inner /usr/lib/python2.7/site-packages/oslo_concurrency/lockutils.py:282
2018-09-28 14:31:17.934 28976 DEBUG neutron.plugins.ml2.rpc [req-54881465-3e1f-4135-a0cd-034f22c3d360 - - - - -] Device e881908f-a0b2-4911-95ba-3ae75a8e3469 up at agent ovs-agent-localhost.localdomain update_device_up /usr/lib/python2.7/site-packages/neutron/plugins/ml2/rpc.py:244
2018-09-28 14:31:17.997 28981 DEBUG neutron_lib.callbacks.manager [req-a6465a8b-2400-4d0b-a471-6a6c7aa0082e - - - - -] Notify callbacks ['neutron.services.segments.db._update_segment_host_mapping_for_agent-8771454281642'] for agent, after_update _notify_loop /usr/lib/python2.7/site-packages/neutron_lib/callbacks/manager.py:167
2018-09-28 14:31:18.053 28976 DEBUG neutron.db.provisioning_blocks [req-54881465-3e1f-4135-a0cd-034f22c3d360 - - - - -] Provisioning complete for port e881908f-a0b2-4911-95ba-3ae75a8e3469 triggered by entity L2. provisioning_complete /usr/lib/python2.7/site-packages/neutron/db/provisioning_blocks.py:138
2018-09-28 14:31:18.054 28976 DEBUG neutron_lib.callbacks.manager [req-54881465-3e1f-4135-a0cd-034f22c3d360 - - - - -] Notify callbacks ['neutron.plugins.ml2.plugin.Ml2Plugin._port_provisioned--9223372036852781068'] for port, provisioning_complete _notify_loop /usr/lib/python2.7/site-packages/neutron_lib/callbacks/manager.py:167
2018-09-28 14:31:18.616 28976 DEBUG neutron_lib.callbacks.manager [req-54881465-3e1f-4135-a0cd-034f22c3d360 - - - - -] Notify callbacks ['neutron.plugins.ml2.plugin.Ml2Plugin._ensure_default_security_group_handler-1786667'] for port, before_update _notify_loop /usr/lib/python2.7/site-packages/neutron_lib/callbacks/manager.py:167
2018-09-28 14:31:18.701 28976 DEBUG oslo_concurrency.lockutils [-] Lock "notifier-b7438bd8-9d18-4ed5-9c3d-f22cf2c7223a" acquired by "neutron.notifiers.batch_notifier.synced_send" :: waited 0.000s inner /usr/lib/python2.7/site-packages/oslo_concurrency/lockutils.py:270
2018-09-28 14:31:18.702 28976 DEBUG neutron.notifiers.nova [-] Sending events: [{'status': 'completed', 'tag': u'e881908f-a0b2-4911-95ba-3ae75a8e3469', 'name': 'network-vif-plugged', 'server_uuid': u'8df1dda5-d5b2-4192-8848-7a6658216b80'}] send_events /usr/lib/python2.7/site-packages/neutron/notifiers/nova.py:242
2018-09-28 14:31:18.713 28976 DEBUG neutron.plugins.ml2.db [req-54881465-3e1f-4135-a0cd-034f22c3d360 - - - - -] For port e881908f-a0b2-4911-95ba-3ae75a8e3469, host localhost.localdomain, got binding levels [<neutron.plugins.ml2.models.PortBindingLevel[object at 7fa43562b950] {port_id=u'e881908f-a0b2-4911-95ba-3ae75a8e3469', host=u'localhost.localdomain', level=0, driver=u'openvswitch', segment_id=u'43effdfe-98f1-4c7f-9c5f-875184a44fc6'}>] get_binding_levels /usr/lib/python2.7/site-packages/neutron/plugins/ml2/db.py:106
2018-09-28 14:31:18.736 28976 DEBUG neutron_lib.callbacks.manager [req-54881465-3e1f-4135-a0cd-034f22c3d360 - - - - -] Notify callbacks ['neutron.db.l3_hascheduler_db._notify_l3_agent_ha_port_update--9223363265400855525', 'neutron.plugins.ml2.ovo_rpc._ObjectChangeHandler.handle_event--9223372036854034014', 'neutron.api.rpc.agentnotifiers.dhcp_rpc_agent_api.DhcpAgentNotifyAPI._native_event_send_dhcp_notification-714154', 'neutron.db.l3_dvrscheduler_db._notify_l3_agent_port_update-8771453918920', 'neutron.plugins.ml2.plugin.Ml2Plugin.notify_sg_on_port_change-1801356'] for port, after_update _notify_loop /usr/lib/python2.7/site-packages/neutron_lib/callbacks/manager.py:167
2018-09-28 14:31:18.753 28976 DEBUG oslo_concurrency.lockutils [-] Lock "event-dispatch" acquired by "neutron.plugins.ml2.ovo_rpc.dispatch_events" :: waited 0.000s inner /usr/lib/python2.7/site-packages/oslo_concurrency/lockutils.py:270
2018-09-28 14:31:18.946 28976 DEBUG neutron.api.rpc.handlers.resources_rpc [req-54881465-3e1f-4135-a0cd-034f22c3d360 - - - - -] neutron.api.rpc.handlers.resources_rpc.ResourcesPushRpcApi method push called with arguments (<neutron_lib.context.Context object at 0x7fa43561a550>, [Port(admin_state_up=True,allowed_address_pairs=[],binding=PortBinding,binding_levels=[PortBindingLevel],created_at=2018-09-28T18:28:38Z,data_plane_status=<?>,description='',device_id='8df1dda5-d5b2-4192-8848-7a6658216b80',device_owner='compute:nova',dhcp_options=[],distributed_binding=None,dns=None,fixed_ips=[IPAllocation],id=e881908f-a0b2-4911-95ba-3ae75a8e3469,mac_address=fa:16:3e:56:92:dc,name='',network_id=6303311f-f89b-4b76-98ac-344cdbed4f9a,project_id='58d41ab63426425480dc9a4c527a354c',qos_policy_id=None,revision_number=8,security=PortSecurity(e881908f-a0b2-4911-95ba-3ae75a8e3469),security_group_ids=set([785f2c2f-f049-414d-bd29-7ea6e6342101]),status='ACTIVE',updated_at=2018-09-28T18:31:18Z)], 'updated') {} wrapper /usr/lib/python2.7/site-packages/oslo_log/helpers.py:66
2018-09-28 14:31:18.959 28976 DEBUG neutron.api.rpc.callbacks.version_manager [req-54881465-3e1f-4135-a0cd-034f22c3d360 - - - - -] Version for resource type Subnet changed None to 1.0 on consumer Open vSwitch agent@localhost.localdomain _set_version /usr/lib/python2.7/site-packages/neutron/api/rpc/callbacks/version_manager.py:119
2018-09-28 14:31:18.960 28976 DEBUG neutron.api.rpc.callbacks.version_manager [req-54881465-3e1f-4135-a0cd-034f22c3d360 - - - - -] Version for resource type Network changed None to 1.0 on consumer Open vSwitch agent@localhost.localdomain _set_version /usr/lib/python2.7/site-packages/neutron/api/rpc/callbacks/version_manager.py:119
2018-09-28 14:31:18.961 28976 DEBUG neutron.api.rpc.callbacks.version_manager [req-54881465-3e1f-4135-a0cd-034f22c3d360 - - - - -] Version for resource type SubPort changed None to 1.0 on consumer Open vSwitch agent@localhost.localdomain _set_version /usr/lib/python2.7/site-packages/neutron/api/rpc/callbacks/version_manager.py:119
2018-09-28 14:31:18.962 28976 DEBUG neutron.api.rpc.callbacks.version_manager [req-54881465-3e1f-4135-a0cd-034f22c3d360 - - - - -] Version for resource type SecurityGroup changed None to 1.0 on consumer Open vSwitch agent@localhost.localdomain _set_version /usr/lib/python2.7/site-packages/neutron/api/rpc/callbacks/version_manager.py:119
2018-09-28 14:31:18.962 28976 DEBUG neutron.api.rpc.callbacks.version_manager [req-54881465-3e1f-4135-a0cd-034f22c3d360 - - - - -] Version for resource type SecurityGroupRule changed None to 1.0 on consumer Open vSwitch agent@localhost.localdomain _set_version /usr/lib/python2.7/site-packages/neutron/api/rpc/callbacks/version_manager.py:119
2018-09-28 14:31:18.963 28976 DEBUG neutron.api.rpc.callbacks.version_manager [req-54881465-3e1f-4135-a0cd-034f22c3d360 - - - - -] Version for resource type Trunk changed None to 1.1 on consumer Open vSwitch agent@localhost.localdomain _set_version /usr/lib/python2.7/site-packages/neutron/api/rpc/callbacks/version_manager.py:119
2018-09-28 14:31:18.967 28976 DEBUG neutron.api.rpc.callbacks.version_manager [req-54881465-3e1f-4135-a0cd-034f22c3d360 - - - - -] Version for resource type QosPolicy changed None to 1.6 on consumer Open vSwitch agent@localhost.localdomain _set_version /usr/lib/python2.7/site-packages/neutron/api/rpc/callbacks/version_manager.py:119
2018-09-28 14:31:18.968 28976 DEBUG neutron.api.rpc.callbacks.version_manager [req-54881465-3e1f-4135-a0cd-034f22c3d360 - - - - -] Version for resource type Port changed None to 1.1 on consumer Open vSwitch agent@localhost.localdomain _set_version /usr/lib/python2.7/site-packages/neutron/api/rpc/callbacks/version_manager.py:119
2018-09-28 14:31:18.969 28976 DEBUG neutron.api.rpc.callbacks.version_manager [req-54881465-3e1f-4135-a0cd-034f22c3d360 - - - - -] Version for resource type Log changed None to 1.0 on consumer Open vSwitch agent@localhost.localdomain _set_version /usr/lib/python2.7/site-packages/neutron/api/rpc/callbacks/version_manager.py:119
2018-09-28 14:31:18.985 28976 DEBUG oslo_concurrency.lockutils [req-54881465-3e1f-4135-a0cd-034f22c3d360 - - - - -] Lock "event-dispatch" released by "neutron.plugins.ml2.ovo_rpc.dispatch_events" :: held 0.232s inner /usr/lib/python2.7/site-packages/oslo_concurrency/lockutils.py:282
2018-09-28 14:31:19.581 28976 DEBUG novaclient.v2.client [-] REQ: curl -g -i -X POST http://10.0.20.23:8774/v2.1/368f193974e14846a186e2cbdb34d110/os-server-external-events -H "User-Agent: python-novaclient" -H "Content-Type: application/json" -H "Accept: application/json" -H "X-OpenStack-Nova-API-Version: 2.1" -H "X-Auth-Token: {SHA1}d94faf5d47b2aaee4474f65ce6f6fc7ba455600f" -d '{"events": [{"status": "completed", "tag": "e881908f-a0b2-4911-95ba-3ae75a8e3469", "name": "network-vif-plugged", "server_uuid": "8df1dda5-d5b2-4192-8848-7a6658216b80"}]}' _http_log_request /usr/lib/python2.7/site-packages/keystoneauth1/session.py:375
2018-09-28 14:31:19.842 28979 DEBUG neutron.plugins.ml2.rpc [req-54881465-3e1f-4135-a0cd-034f22c3d360 - - - - -] Device e881908f-a0b2-4911-95ba-3ae75a8e3469 up at agent ovs-agent-localhost.localdomain update_device_up /usr/lib/python2.7/site-packages/neutron/plugins/ml2/rpc.py:244
2018-09-28 14:31:19.926 28979 DEBUG neutron.db.provisioning_blocks [req-54881465-3e1f-4135-a0cd-034f22c3d360 - - - - -] Provisioning complete for port e881908f-a0b2-4911-95ba-3ae75a8e3469 triggered by entity L2. provisioning_complete /usr/lib/python2.7/site-packages/neutron/db/provisioning_blocks.py:138
2018-09-28 14:31:19.929 28979 DEBUG neutron_lib.callbacks.manager [req-54881465-3e1f-4135-a0cd-034f22c3d360 - - - - -] Notify callbacks ['neutron.plugins.ml2.plugin.Ml2Plugin._port_provisioned--9223372036852781068'] for port, provisioning_complete _notify_loop /usr/lib/python2.7/site-packages/neutron_lib/callbacks/manager.py:167
2018-09-28 14:31:21.422 28976 DEBUG novaclient.v2.client [-] RESP: [200] Content-Length: 183 Content-Type: application/json Openstack-Api-Version: compute 2.1 X-Openstack-Nova-Api-Version: 2.1 Vary: OpenStack-API-Version, X-OpenStack-Nova-API-Version X-Openstack-Request-Id: req-ce89bd9f-809c-4439-9ae6-99420fd13d9d X-Compute-Request-Id: req-ce89bd9f-809c-4439-9ae6-99420fd13d9d Date: Fri, 28 Sep 2018 18:31:21 GMT Connection: keep-alive 
RESP BODY: {"events": [{"status": "completed", "tag": "e881908f-a0b2-4911-95ba-3ae75a8e3469", "name": "network-vif-plugged", "server_uuid": "8df1dda5-d5b2-4192-8848-7a6658216b80", "code": 200}]}
 _http_log_response /usr/lib/python2.7/site-packages/keystoneauth1/session.py:423
2018-09-28 14:31:21.423 28976 DEBUG novaclient.v2.client [-] POST call to compute for http://10.0.20.23:8774/v2.1/368f193974e14846a186e2cbdb34d110/os-server-external-events used request id req-ce89bd9f-809c-4439-9ae6-99420fd13d9d request /usr/lib/python2.7/site-packages/keystoneauth1/session.py:727
2018-09-28 14:31:21.429 28976 INFO neutron.notifiers.nova [-] Nova event response: {u'status': u'completed', u'tag': u'e881908f-a0b2-4911-95ba-3ae75a8e3469', u'name': u'network-vif-plugged', u'server_uuid': u'8df1dda5-d5b2-4192-8848-7a6658216b80', u'code': 200}
2018-09-28 14:31:22.722 28979 DEBUG neutron_lib.callbacks.manager [req-fde125de-426f-4bc6-af3c-c3dc08be98f7 - - - - -] Notify callbacks ['neutron.services.segments.db._update_segment_host_mapping_for_agent-8771454281642'] for agent, after_update _notify_loop /usr/lib/python2.7/site-packages/neutron_lib/callbacks/manager.py:167
2018-09-28 14:31:22.905 28967 INFO neutron.wsgi [req-1744f7f0-9ebb-4c28-9a9f-a2b09d06436b 98fcf6ad59964da387fc0302266c8d5a 58d41ab63426425480dc9a4c527a354c - 23b601c9d58241b9bceefeceacd51169 23b601c9d58241b9bceefeceacd51169] 10.0.20.23 "GET /v2.0/ports?device_id=8df1dda5-d5b2-4192-8848-7a6658216b80 HTTP/1.1" status: 200  len: 1124 time: 0.4876831
2018-09-28 14:31:22.997 28967 INFO neutron.wsgi [req-0d79a9ce-b903-4e2d-9a52-48614d186a1c 98fcf6ad59964da387fc0302266c8d5a 58d41ab63426425480dc9a4c527a354c - 23b601c9d58241b9bceefeceacd51169 23b601c9d58241b9bceefeceacd51169] 10.0.20.23 "GET /v2.0/security-groups?id=785f2c2f-f049-414d-bd29-7ea6e6342101 HTTP/1.1" status: 200  len: 2118 time: 0.0863490
2018-09-28 14:31:23.429 28976 DEBUG oslo_concurrency.lockutils [-] Lock "notifier-b7438bd8-9d18-4ed5-9c3d-f22cf2c7223a" released by "neutron.notifiers.batch_notifier.synced_send" :: held 4.729s inner /usr/lib/python2.7/site-packages/oslo_concurrency/lockutils.py:282
2018-09-28 14:31:27.995 28980 DEBUG neutron_lib.callbacks.manager [req-54881465-3e1f-4135-a0cd-034f22c3d360 - - - - -] Notify callbacks ['neutron.services.segments.db._update_segment_host_mapping_for_agent-8771454281642'] for agent, after_update _notify_loop /usr/lib/python2.7/site-packages/neutron_lib/callbacks/manager.py:167
2018-09-28 14:31:38.280 28977 DEBUG neutron_lib.callbacks.manager [req-2503bc45-3cde-476c-98cc-15cc7018f542 - - - - -] Notify callbacks ['neutron.services.segments.db._update_segment_host_mapping_for_agent-8771454281642'] for agent, after_update _notify_loop /usr/lib/python2.7/site-packages/neutron_lib/callbacks/manager.py:167
2018-09-28 14:31:38.939 28976 DEBUG neutron_lib.callbacks.manager [req-99016d4f-28ec-41f1-a1c0-6f1b7355efe7 - - - - -] Notify callbacks ['neutron.services.segments.db._update_segment_host_mapping_for_agent-8771454281642'] for agent, after_update _notify_loop /usr/lib/python2.7/site-packages/neutron_lib/callbacks/manager.py:167
2018-09-28 14:31:41.356 28968 INFO neutron.wsgi [req-d9ecdc71-8b92-46d3-8061-765a0b95c661 10c05a22cea847f7a42d788fe8f1cd2e 368f193974e14846a186e2cbdb34d110 - default default] 10.0.20.23 "GET /v2.0/ports?device_id=8df1dda5-d5b2-4192-8848-7a6658216b80 HTTP/1.1" status: 200  len: 1124 time: 0.1173301
2018-09-28 14:31:41.498 28968 INFO neutron.wsgi [req-49e83394-aed1-456e-a302-864f7c1a6e1e 10c05a22cea847f7a42d788fe8f1cd2e 368f193974e14846a186e2cbdb34d110 - default default] 10.0.20.23 "GET /v2.0/security-groups?id=785f2c2f-f049-414d-bd29-7ea6e6342101 HTTP/1.1" status: 200  len: 2118 time: 0.1376019
2018-09-28 14:31:42.489 28968 INFO neutron.wsgi [req-62f3095c-723e-400e-a15d-0742200a2323 10c05a22cea847f7a42d788fe8f1cd2e 368f193974e14846a186e2cbdb34d110 - default default] 10.0.20.23 "GET /v2.0/ports?device_id=8df1dda5-d5b2-4192-8848-7a6658216b80 HTTP/1.1" status: 200  len: 1124 time: 0.1135280
2018-09-28 14:31:42.604 28968 INFO neutron.wsgi [req-31dc70ae-ed13-4818-bf84-916d7e9a02a6 10c05a22cea847f7a42d788fe8f1cd2e 368f193974e14846a186e2cbdb34d110 - default default] 10.0.20.23 "GET /v2.0/security-groups?id=785f2c2f-f049-414d-bd29-7ea6e6342101 HTTP/1.1" status: 200  len: 2118 time: 0.1087422
2018-09-28 14:31:43.091 28968 INFO neutron.wsgi [req-fc30f265-6092-49ba-bd78-bcad8c596a54 10c05a22cea847f7a42d788fe8f1cd2e 368f193974e14846a186e2cbdb34d110 - default default] 10.0.20.23 "GET /v2.0/ports?device_id=8df1dda5-d5b2-4192-8848-7a6658216b80 HTTP/1.1" status: 200  len: 1124 time: 0.1089029
2018-09-28 14:31:43.212 28968 INFO neutron.wsgi [req-3d1b5205-4326-47d4-beaf-32c676518476 10c05a22cea847f7a42d788fe8f1cd2e 368f193974e14846a186e2cbdb34d110 - default default] 10.0.20.23 "GET /v2.0/security-groups?id=785f2c2f-f049-414d-bd29-7ea6e6342101 HTTP/1.1" status: 200  len: 2118 time: 0.1161110
2018-09-28 14:31:44.621 28970 INFO neutron.wsgi [req-625026dd-0948-4f25-8cd4-bea3cc46c92b 10c05a22cea847f7a42d788fe8f1cd2e 368f193974e14846a186e2cbdb34d110 - default default] 10.0.20.23 "GET /v2.0/ports?device_id=8df1dda5-d5b2-4192-8848-7a6658216b80 HTTP/1.1" status: 200  len: 1124 time: 0.6427910
2018-09-28 14:31:44.742 28970 INFO neutron.wsgi [req-43e2b3e6-9039-4303-b97e-8876727b1a8c 10c05a22cea847f7a42d788fe8f1cd2e 368f193974e14846a186e2cbdb34d110 - default default] 10.0.20.23 "GET /v2.0/security-groups?id=785f2c2f-f049-414d-bd29-7ea6e6342101 HTTP/1.1" status: 200  len: 2118 time: 0.1140749
2018-09-28 14:31:45.005 28982 DEBUG neutron.db.agents_db [req-125dfa32-8b26-447d-a7a9-515760d67dad - - - - -] Agent healthcheck: found 5 active agents agent_health_check /usr/lib/python2.7/site-packages/neutron/db/agents_db.py:281
2018-09-28 14:31:46.720 28964 INFO neutron.wsgi [req-b440b771-2e9c-4d62-980f-44a0d204ce48 10c05a22cea847f7a42d788fe8f1cd2e 368f193974e14846a186e2cbdb34d110 - default default] 10.0.20.23 "GET /v2.0/ports?device_id=8df1dda5-d5b2-4192-8848-7a6658216b80 HTTP/1.1" status: 200  len: 1124 time: 0.1256559
2018-09-28 14:31:47.142 28964 INFO neutron.wsgi [req-ddaf2e27-bfb1-4d18-a047-55b0d6c1c9d6 10c05a22cea847f7a42d788fe8f1cd2e 368f193974e14846a186e2cbdb34d110 - default default] 10.0.20.23 "GET /v2.0/security-groups?id=785f2c2f-f049-414d-bd29-7ea6e6342101 HTTP/1.1" status: 200  len: 2118 time: 0.4146371
2018-09-28 14:31:48.014 28978 DEBUG neutron_lib.callbacks.manager [req-4fc994da-e253-4635-a61e-e4b8ab14bdf3 - - - - -] Notify callbacks ['neutron.services.segments.db._update_segment_host_mapping_for_agent-8771454281642'] for agent, after_update _notify_loop /usr/lib/python2.7/site-packages/neutron_lib/callbacks/manager.py:167
2018-09-28 14:31:52.729 28973 DEBUG neutron_lib.callbacks.manager [req-fde125de-426f-4bc6-af3c-c3dc08be98f7 - - - - -] Notify callbacks ['neutron.services.segments.db._update_segment_host_mapping_for_agent-8771454281642'] for agent, after_update _notify_loop /usr/lib/python2.7/site-packages/neutron_lib/callbacks/manager.py:167
2018-09-28 14:31:57.980 28974 DEBUG neutron_lib.callbacks.manager [req-54881465-3e1f-4135-a0cd-034f22c3d360 - - - - -] Notify callbacks ['neutron.services.segments.db._update_segment_host_mapping_for_agent-8771454281642'] for agent, after_update _notify_loop /usr/lib/python2.7/site-packages/neutron_lib/callbacks/manager.py:167
2018-09-28 14:32:08.283 28975 DEBUG neutron_lib.callbacks.manager [req-2503bc45-3cde-476c-98cc-15cc7018f542 - - - - -] Notify callbacks ['neutron.services.segments.db._update_segment_host_mapping_for_agent-8771454281642'] for agent, after_update _notify_loop /usr/lib/python2.7/site-packages/neutron_lib/callbacks/manager.py:167
2018-09-28 14:32:08.944 28981 DEBUG neutron_lib.callbacks.manager [req-0ba849b1-f749-4d4d-a16f-eb872ce1b1a3 - - - - -] Notify callbacks ['neutron.services.segments.db._update_segment_host_mapping_for_agent-8771454281642'] for agent, after_update _notify_loop /usr/lib/python2.7/site-packages/neutron_lib/callbacks/manager.py:167
2018-09-28 14:32:10.059 28970 DEBUG neutron.wsgi [-] (28970) accepted ('10.0.20.23', 59394) server /usr/lib/python2.7/site-packages/eventlet/wsgi.py:883
2018-09-28 14:32:10.062 28970 INFO neutron.wsgi [-] 10.0.20.23 "GET / HTTP/1.1" status: 200  len: 252 time: 0.0013709
2018-09-28 14:32:10.585 28970 INFO neutron.api.v2.resource [req-3472b86f-efae-4f55-8ebb-9ec929a2633d 98fcf6ad59964da387fc0302266c8d5a 58d41ab63426425480dc9a4c527a354c - 23b601c9d58241b9bceefeceacd51169 23b601c9d58241b9bceefeceacd51169] show failed (client error): The resource could not be found.
2018-09-28 14:32:10.588 28970 INFO neutron.wsgi [req-3472b86f-efae-4f55-8ebb-9ec929a2633d 98fcf6ad59964da387fc0302266c8d5a 58d41ab63426425480dc9a4c527a354c - 23b601c9d58241b9bceefeceacd51169 23b601c9d58241b9bceefeceacd51169] 10.0.20.23 "GET /v2.0/floatingips/172.24.4.4 HTTP/1.1" status: 404  len: 324 time: 0.5218871
2018-09-28 14:32:10.634 28970 INFO neutron.wsgi [req-f0f534a9-878d-49e7-bc08-ec12d3ec97bc 98fcf6ad59964da387fc0302266c8d5a 58d41ab63426425480dc9a4c527a354c - 23b601c9d58241b9bceefeceacd51169 23b601c9d58241b9bceefeceacd51169] 10.0.20.23 "GET /v2.0/floatingips HTTP/1.1" status: 200  len: 1742 time: 0.0367231
2018-09-28 14:32:10.765 28970 DEBUG neutron.plugins.ml2.plugin [req-aaf40835-254b-4602-a74a-f9fee10b7a7d 98fcf6ad59964da387fc0302266c8d5a 58d41ab63426425480dc9a4c527a354c - 23b601c9d58241b9bceefeceacd51169 23b601c9d58241b9bceefeceacd51169] Deleting port 45070cd1-4cf2-468e-8dec-8f15145f5de9 _pre_delete_port /usr/lib/python2.7/site-packages/neutron/plugins/ml2/plugin.py:1488
2018-09-28 14:32:10.766 28970 DEBUG neutron_lib.callbacks.manager [req-aaf40835-254b-4602-a74a-f9fee10b7a7d 98fcf6ad59964da387fc0302266c8d5a 58d41ab63426425480dc9a4c527a354c - 23b601c9d58241b9bceefeceacd51169 23b601c9d58241b9bceefeceacd51169] Notify callbacks ['neutron.db.l3_db._prevent_l3_port_delete_callback--9223363265400290714'] for port, before_delete _notify_loop /usr/lib/python2.7/site-packages/neutron_lib/callbacks/manager.py:167
2018-09-28 14:32:11.123 28970 DEBUG neutron.plugins.ml2.plugin [req-aaf40835-254b-4602-a74a-f9fee10b7a7d 98fcf6ad59964da387fc0302266c8d5a 58d41ab63426425480dc9a4c527a354c - 23b601c9d58241b9bceefeceacd51169 23b601c9d58241b9bceefeceacd51169] Calling delete_port for 45070cd1-4cf2-468e-8dec-8f15145f5de9 owned by network:floatingip delete_port /usr/lib/python2.7/site-packages/neutron/plugins/ml2/plugin.py:1547
2018-09-28 14:32:11.439 28970 DEBUG neutron_lib.callbacks.manager [req-aaf40835-254b-4602-a74a-f9fee10b7a7d 98fcf6ad59964da387fc0302266c8d5a 58d41ab63426425480dc9a4c527a354c - 23b601c9d58241b9bceefeceacd51169 23b601c9d58241b9bceefeceacd51169] Notify callbacks ['neutron.db.l3_db._notify_routers_callback-8771454458945', 'neutron.db.l3_dvrscheduler_db._notify_port_delete--9223363265400856896', 'neutron.plugins.ml2.ovo_rpc._ObjectChangeHandler.handle_event--9223372036854034014', 'neutron.api.rpc.agentnotifiers.dhcp_rpc_agent_api.DhcpAgentNotifyAPI._native_event_send_dhcp_notification-714154', 'neutron.plugins.ml2.plugin.Ml2Plugin.notify_sg_on_port_change-1801356'] for port, after_delete _notify_loop /usr/lib/python2.7/site-packages/neutron_lib/callbacks/manager.py:167
2018-09-28 14:32:11.530 28970 DEBUG oslo_concurrency.lockutils [-] Lock "event-dispatch" acquired by "neutron.plugins.ml2.ovo_rpc.dispatch_events" :: waited 0.000s inner /usr/lib/python2.7/site-packages/oslo_concurrency/lockutils.py:270
2018-09-28 14:32:11.714 28970 DEBUG neutron.api.rpc.handlers.resources_rpc [req-aaf40835-254b-4602-a74a-f9fee10b7a7d 98fcf6ad59964da387fc0302266c8d5a 58d41ab63426425480dc9a4c527a354c - - -] neutron.api.rpc.handlers.resources_rpc.ResourcesPushRpcApi method push called with arguments (<neutron_lib.context.Context object at 0x7fa43593e990>, [Port(admin_state_up=<?>,allowed_address_pairs=<?>,binding=<?>,binding_levels=<?>,created_at=<?>,data_plane_status=<?>,description=<?>,device_id=<?>,device_owner=<?>,dhcp_options=<?>,distributed_binding=<?>,dns=<?>,fixed_ips=<?>,id=45070cd1-4cf2-468e-8dec-8f15145f5de9,mac_address=<?>,name=<?>,network_id=<?>,project_id=<?>,qos_policy_id=None,revision_number=<?>,security=<?>,security_group_ids=None,status=<?>,updated_at=<?>)], 'deleted') {} wrapper /usr/lib/python2.7/site-packages/oslo_log/helpers.py:66
2018-09-28 14:32:11.749 28970 DEBUG neutron.api.rpc.callbacks.version_manager [req-aaf40835-254b-4602-a74a-f9fee10b7a7d 98fcf6ad59964da387fc0302266c8d5a 58d41ab63426425480dc9a4c527a354c - - -] Version for resource type Subnet changed None to 1.0 on consumer Open vSwitch agent@localhost.localdomain _set_version /usr/lib/python2.7/site-packages/neutron/api/rpc/callbacks/version_manager.py:119
2018-09-28 14:32:11.750 28970 DEBUG neutron.api.rpc.callbacks.version_manager [req-aaf40835-254b-4602-a74a-f9fee10b7a7d 98fcf6ad59964da387fc0302266c8d5a 58d41ab63426425480dc9a4c527a354c - - -] Version for resource type Network changed None to 1.0 on consumer Open vSwitch agent@localhost.localdomain _set_version /usr/lib/python2.7/site-packages/neutron/api/rpc/callbacks/version_manager.py:119
2018-09-28 14:32:11.751 28970 DEBUG neutron.api.rpc.callbacks.version_manager [req-aaf40835-254b-4602-a74a-f9fee10b7a7d 98fcf6ad59964da387fc0302266c8d5a 58d41ab63426425480dc9a4c527a354c - - -] Version for resource type SubPort changed None to 1.0 on consumer Open vSwitch agent@localhost.localdomain _set_version /usr/lib/python2.7/site-packages/neutron/api/rpc/callbacks/version_manager.py:119
2018-09-28 14:32:11.751 28970 DEBUG neutron.api.rpc.callbacks.version_manager [req-aaf40835-254b-4602-a74a-f9fee10b7a7d 98fcf6ad59964da387fc0302266c8d5a 58d41ab63426425480dc9a4c527a354c - - -] Version for resource type SecurityGroup changed None to 1.0 on consumer Open vSwitch agent@localhost.localdomain _set_version /usr/lib/python2.7/site-packages/neutron/api/rpc/callbacks/version_manager.py:119
2018-09-28 14:32:11.752 28970 DEBUG neutron.api.rpc.callbacks.version_manager [req-aaf40835-254b-4602-a74a-f9fee10b7a7d 98fcf6ad59964da387fc0302266c8d5a 58d41ab63426425480dc9a4c527a354c - - -] Version for resource type SecurityGroupRule changed None to 1.0 on consumer Open vSwitch agent@localhost.localdomain _set_version /usr/lib/python2.7/site-packages/neutron/api/rpc/callbacks/version_manager.py:119
2018-09-28 14:32:11.753 28970 DEBUG neutron.api.rpc.callbacks.version_manager [req-aaf40835-254b-4602-a74a-f9fee10b7a7d 98fcf6ad59964da387fc0302266c8d5a 58d41ab63426425480dc9a4c527a354c - - -] Version for resource type Trunk changed None to 1.1 on consumer Open vSwitch agent@localhost.localdomain _set_version /usr/lib/python2.7/site-packages/neutron/api/rpc/callbacks/version_manager.py:119
2018-09-28 14:32:11.753 28970 DEBUG neutron.api.rpc.callbacks.version_manager [req-aaf40835-254b-4602-a74a-f9fee10b7a7d 98fcf6ad59964da387fc0302266c8d5a 58d41ab63426425480dc9a4c527a354c - - -] Version for resource type QosPolicy changed None to 1.6 on consumer Open vSwitch agent@localhost.localdomain _set_version /usr/lib/python2.7/site-packages/neutron/api/rpc/callbacks/version_manager.py:119
2018-09-28 14:32:11.754 28970 DEBUG neutron.api.rpc.callbacks.version_manager [req-aaf40835-254b-4602-a74a-f9fee10b7a7d 98fcf6ad59964da387fc0302266c8d5a 58d41ab63426425480dc9a4c527a354c - - -] Version for resource type Port changed None to 1.1 on consumer Open vSwitch agent@localhost.localdomain _set_version /usr/lib/python2.7/site-packages/neutron/api/rpc/callbacks/version_manager.py:119
