2018-09-30 10:09:57.763 10720 DEBUG neutron_lib.callbacks.manager [req-abafdcb4-a732-4b07-9370-5bcc2073568a - - - - -] Notify callbacks ['neutron.services.segments.db._update_segment_host_mapping_for_agent-8730492641857'] for agent, after_update _notify_loop /usr/lib/python2.7/site-packages/neutron_lib/callbacks/manager.py:167
2018-09-30 10:09:57.804 10722 DEBUG neutron_lib.callbacks.manager [req-080e191c-431e-42ea-b62f-50715ff7a823 - - - - -] Notify callbacks ['neutron.services.segments.db._update_segment_host_mapping_for_agent-8730492641857'] for agent, after_update _notify_loop /usr/lib/python2.7/site-packages/neutron_lib/callbacks/manager.py:167
2018-09-30 10:09:57.812 10725 DEBUG neutron_lib.callbacks.manager [req-30b248e8-7a87-467f-a01c-e2debd03f5cd - - - - -] Notify callbacks ['neutron.services.segments.db._update_segment_host_mapping_for_agent-8730492641857'] for agent, after_update _notify_loop /usr/lib/python2.7/site-packages/neutron_lib/callbacks/manager.py:167
2018-09-30 10:10:07.138 10717 DEBUG neutron_lib.callbacks.manager [req-c9448449-db8c-45cd-9c8a-0024476f87ed - - - - -] Notify callbacks ['neutron.services.segments.db._update_segment_host_mapping_for_agent-8730492641857'] for agent, after_update _notify_loop /usr/lib/python2.7/site-packages/neutron_lib/callbacks/manager.py:167
2018-09-30 10:10:11.940 10719 DEBUG neutron_lib.callbacks.manager [req-fcd04e58-a440-43fa-ab60-4dce095b2397 - - - - -] Notify callbacks ['neutron.services.segments.db._update_segment_host_mapping_for_agent-8730492641857'] for agent, after_update _notify_loop /usr/lib/python2.7/site-packages/neutron_lib/callbacks/manager.py:167
2018-09-30 10:10:22.250 10726 DEBUG neutron.db.agents_db [req-185ac53b-7177-4da3-abad-fe992b37e78b - - - - -] Agent healthcheck: found 5 active agents agent_health_check /usr/lib/python2.7/site-packages/neutron/db/agents_db.py:281
2018-09-30 10:10:27.786 10715 DEBUG neutron_lib.callbacks.manager [req-5312a915-57cf-4ae8-ac9b-ea41af20f162 - - - - -] Notify callbacks ['neutron.services.segments.db._update_segment_host_mapping_for_agent-8730492641857'] for agent, after_update _notify_loop /usr/lib/python2.7/site-packages/neutron_lib/callbacks/manager.py:167
2018-09-30 10:10:27.807 10716 DEBUG neutron_lib.callbacks.manager [req-080e191c-431e-42ea-b62f-50715ff7a823 - - - - -] Notify callbacks ['neutron.services.segments.db._update_segment_host_mapping_for_agent-8730492641857'] for agent, after_update _notify_loop /usr/lib/python2.7/site-packages/neutron_lib/callbacks/manager.py:167
2018-09-30 10:10:27.823 10718 DEBUG neutron_lib.callbacks.manager [req-30b248e8-7a87-467f-a01c-e2debd03f5cd - - - - -] Notify callbacks ['neutron.services.segments.db._update_segment_host_mapping_for_agent-8730492641857'] for agent, after_update _notify_loop /usr/lib/python2.7/site-packages/neutron_lib/callbacks/manager.py:167
2018-09-30 10:10:28.958 10712 DEBUG neutron.wsgi [-] (10712) accepted ('10.0.20.25', 60566) server /usr/lib/python2.7/site-packages/eventlet/wsgi.py:883
2018-09-30 10:10:28.977 10712 INFO neutron.wsgi [-] 10.0.20.25 "GET / HTTP/1.1" status: 200  len: 252 time: 0.0123661
2018-09-30 10:10:28.991 10712 WARNING keystonemiddleware.auth_token [-] Using the in-process token cache is deprecated as of the 4.2.0 release and may be removed in the 5.0.0 release or the 'O' development cycle. The in-process cache causes inconsistent results and high memory usage. When the feature is removed the auth_token middleware will not cache tokens by default which may result in performance issues. It is recommended to use  memcache for the auth_token token cache by setting the memcached_servers option.
2018-09-30 10:10:30.804 10712 DEBUG oslo_policy._cache_handler [req-641eee11-a3fe-4e48-8c99-037aedec118e c50034c10dc84e84ace8f273af265cf8 c86e8f34c0174c64b017ce12f86d147b - 213c5c24ae9d49fda5a2d0e7d00960ef 213c5c24ae9d49fda5a2d0e7d00960ef] Reloading cached file /etc/neutron/policy.json read_cached_file /usr/lib/python2.7/site-packages/oslo_policy/_cache_handler.py:40
2018-09-30 10:10:30.875 10712 DEBUG oslo_policy.policy [req-641eee11-a3fe-4e48-8c99-037aedec118e c50034c10dc84e84ace8f273af265cf8 c86e8f34c0174c64b017ce12f86d147b - 213c5c24ae9d49fda5a2d0e7d00960ef 213c5c24ae9d49fda5a2d0e7d00960ef] Reloaded policy file: /etc/neutron/policy.json _load_policy_file /usr/lib/python2.7/site-packages/oslo_policy/policy.py:685
2018-09-30 10:10:31.752 10712 DEBUG oslo_policy._cache_handler [req-641eee11-a3fe-4e48-8c99-037aedec118e c50034c10dc84e84ace8f273af265cf8 c86e8f34c0174c64b017ce12f86d147b - 213c5c24ae9d49fda5a2d0e7d00960ef 213c5c24ae9d49fda5a2d0e7d00960ef] Reloading cached file /etc/neutron/policy.json read_cached_file /usr/lib/python2.7/site-packages/oslo_policy/_cache_handler.py:40
2018-09-30 10:10:31.786 10712 DEBUG oslo_policy.policy [req-641eee11-a3fe-4e48-8c99-037aedec118e c50034c10dc84e84ace8f273af265cf8 c86e8f34c0174c64b017ce12f86d147b - 213c5c24ae9d49fda5a2d0e7d00960ef 213c5c24ae9d49fda5a2d0e7d00960ef] Reloaded policy file: /etc/neutron/policy.json _load_policy_file /usr/lib/python2.7/site-packages/oslo_policy/policy.py:685
2018-09-30 10:10:31.795 10712 DEBUG neutron.pecan_wsgi.hooks.policy_enforcement [req-641eee11-a3fe-4e48-8c99-037aedec118e c50034c10dc84e84ace8f273af265cf8 c86e8f34c0174c64b017ce12f86d147b - 213c5c24ae9d49fda5a2d0e7d00960ef 213c5c24ae9d49fda5a2d0e7d00960ef] Attributes excluded by policy engine: [u'shared'] _exclude_attributes_by_policy /usr/lib/python2.7/site-packages/neutron/pecan_wsgi/hooks/policy_enforcement.py:256
2018-09-30 10:10:31.796 10712 DEBUG neutron.pecan_wsgi.hooks.policy_enforcement [req-641eee11-a3fe-4e48-8c99-037aedec118e c50034c10dc84e84ace8f273af265cf8 c86e8f34c0174c64b017ce12f86d147b - 213c5c24ae9d49fda5a2d0e7d00960ef 213c5c24ae9d49fda5a2d0e7d00960ef] Attributes excluded by policy engine: [u'shared'] _exclude_attributes_by_policy /usr/lib/python2.7/site-packages/neutron/pecan_wsgi/hooks/policy_enforcement.py:256
2018-09-30 10:10:31.802 10712 INFO neutron.wsgi [req-641eee11-a3fe-4e48-8c99-037aedec118e c50034c10dc84e84ace8f273af265cf8 c86e8f34c0174c64b017ce12f86d147b - 213c5c24ae9d49fda5a2d0e7d00960ef 213c5c24ae9d49fda5a2d0e7d00960ef] 10.0.20.25 "GET /v2.0/subnets HTTP/1.1" status: 200  len: 1419 time: 2.8166571
2018-09-30 10:10:37.052 10724 DEBUG neutron_lib.callbacks.manager [req-c9448449-db8c-45cd-9c8a-0024476f87ed - - - - -] Notify callbacks ['neutron.services.segments.db._update_segment_host_mapping_for_agent-8730492641857'] for agent, after_update _notify_loop /usr/lib/python2.7/site-packages/neutron_lib/callbacks/manager.py:167
2018-09-30 10:10:41.930 10720 DEBUG neutron_lib.callbacks.manager [req-462981bd-aeb0-40e7-8d7f-de063b49f698 - - - - -] Notify callbacks ['neutron.services.segments.db._update_segment_host_mapping_for_agent-8730492641857'] for agent, after_update _notify_loop /usr/lib/python2.7/site-packages/neutron_lib/callbacks/manager.py:167
2018-09-30 10:10:57.775 10722 DEBUG neutron_lib.callbacks.manager [req-b63c01fc-c4e2-4114-ad11-f0d27b8ba907 - - - - -] Notify callbacks ['neutron.services.segments.db._update_segment_host_mapping_for_agent-8730492641857'] for agent, after_update _notify_loop /usr/lib/python2.7/site-packages/neutron_lib/callbacks/manager.py:167
2018-09-30 10:10:57.838 10725 DEBUG neutron_lib.callbacks.manager [req-080e191c-431e-42ea-b62f-50715ff7a823 - - - - -] Notify callbacks ['neutron.services.segments.db._update_segment_host_mapping_for_agent-8730492641857'] for agent, after_update _notify_loop /usr/lib/python2.7/site-packages/neutron_lib/callbacks/manager.py:167
2018-09-30 10:10:57.844 10717 DEBUG neutron_lib.callbacks.manager [req-30b248e8-7a87-467f-a01c-e2debd03f5cd - - - - -] Notify callbacks ['neutron.services.segments.db._update_segment_host_mapping_for_agent-8730492641857'] for agent, after_update _notify_loop /usr/lib/python2.7/site-packages/neutron_lib/callbacks/manager.py:167
2018-09-30 10:10:59.246 10726 DEBUG neutron.db.agents_db [req-185ac53b-7177-4da3-abad-fe992b37e78b - - - - -] Agent healthcheck: found 5 active agents agent_health_check /usr/lib/python2.7/site-packages/neutron/db/agents_db.py:281
2018-09-30 10:11:07.051 10719 DEBUG neutron_lib.callbacks.manager [req-c9448449-db8c-45cd-9c8a-0024476f87ed - - - - -] Notify callbacks ['neutron.services.segments.db._update_segment_host_mapping_for_agent-8730492641857'] for agent, after_update _notify_loop /usr/lib/python2.7/site-packages/neutron_lib/callbacks/manager.py:167
2018-09-30 10:11:11.929 10715 DEBUG neutron_lib.callbacks.manager [req-9068b544-4132-42eb-8fc9-9b75380ab176 - - - - -] Notify callbacks ['neutron.services.segments.db._update_segment_host_mapping_for_agent-8730492641857'] for agent, after_update _notify_loop /usr/lib/python2.7/site-packages/neutron_lib/callbacks/manager.py:167
2018-09-30 10:11:23.325 10712 DEBUG neutron.wsgi [-] (10712) accepted ('10.0.20.25', 33538) server /usr/lib/python2.7/site-packages/eventlet/wsgi.py:883
2018-09-30 10:11:23.329 10712 INFO neutron.wsgi [-] 10.0.20.25 "GET / HTTP/1.1" status: 200  len: 252 time: 0.0018868
2018-09-30 10:11:24.092 10712 DEBUG neutron.api.v2.base [req-462124ca-0edb-4c0f-af7e-32ed1a8d98dd c50034c10dc84e84ace8f273af265cf8 c86e8f34c0174c64b017ce12f86d147b - 213c5c24ae9d49fda5a2d0e7d00960ef 213c5c24ae9d49fda5a2d0e7d00960ef] Request body: {u'security_group': {u'name': u'tempest-SECURITY_GROUP_SAMPLE-1538316585', u'description': u'tempest-SECURITY_GROUP_SAMPLE-1538316585'}} prepare_request_body /usr/lib/python2.7/site-packages/neutron/api/v2/base.py:695
2018-09-30 10:11:24.095 10712 INFO neutron.quota [req-462124ca-0edb-4c0f-af7e-32ed1a8d98dd c50034c10dc84e84ace8f273af265cf8 c86e8f34c0174c64b017ce12f86d147b - 213c5c24ae9d49fda5a2d0e7d00960ef 213c5c24ae9d49fda5a2d0e7d00960ef] Loaded quota_driver: <neutron.db.quota.driver.DbQuotaDriver object at 0x7f0b9dca22d0>.
2018-09-30 10:11:24.121 10712 DEBUG neutron.db.quota.driver [req-462124ca-0edb-4c0f-af7e-32ed1a8d98dd c50034c10dc84e84ace8f273af265cf8 c86e8f34c0174c64b017ce12f86d147b - 213c5c24ae9d49fda5a2d0e7d00960ef 213c5c24ae9d49fda5a2d0e7d00960ef] Resources subnetpool have unlimited quota limit. It is not required to calculate headroom  make_reservation /usr/lib/python2.7/site-packages/neutron/db/quota/driver.py:223
2018-09-30 10:11:24.142 10712 DEBUG neutron.quota.resource [req-462124ca-0edb-4c0f-af7e-32ed1a8d98dd c50034c10dc84e84ace8f273af265cf8 c86e8f34c0174c64b017ce12f86d147b - 213c5c24ae9d49fda5a2d0e7d00960ef 213c5c24ae9d49fda5a2d0e7d00960ef] Usage tracker for resource:security_group and tenant:c86e8f34c0174c64b017ce12f86d147b is out of sync, need to count used quota count_used /usr/lib/python2.7/site-packages/neutron/quota/resource.py:274
2018-09-30 10:11:24.158 10712 DEBUG neutron.quota.resource [req-462124ca-0edb-4c0f-af7e-32ed1a8d98dd c50034c10dc84e84ace8f273af265cf8 c86e8f34c0174c64b017ce12f86d147b - 213c5c24ae9d49fda5a2d0e7d00960ef 213c5c24ae9d49fda5a2d0e7d00960ef] Quota usage for security_group was recalculated. Used quota:0. count_used /usr/lib/python2.7/site-packages/neutron/quota/resource.py:293
2018-09-30 10:11:24.178 10712 DEBUG neutron.db.quota.driver [req-462124ca-0edb-4c0f-af7e-32ed1a8d98dd c50034c10dc84e84ace8f273af265cf8 c86e8f34c0174c64b017ce12f86d147b - 213c5c24ae9d49fda5a2d0e7d00960ef 213c5c24ae9d49fda5a2d0e7d00960ef] Attempting to reserve 1 items for resource security_group. Total usage: 0; quota limit: 10; headroom:10 make_reservation /usr/lib/python2.7/site-packages/neutron/db/quota/driver.py:255
2018-09-30 10:11:24.229 10712 DEBUG neutron_lib.callbacks.manager [req-462124ca-0edb-4c0f-af7e-32ed1a8d98dd c50034c10dc84e84ace8f273af265cf8 c86e8f34c0174c64b017ce12f86d147b - 213c5c24ae9d49fda5a2d0e7d00960ef 213c5c24ae9d49fda5a2d0e7d00960ef] Notify callbacks [] for security_group, before_create _notify_loop /usr/lib/python2.7/site-packages/neutron_lib/callbacks/manager.py:167
2018-09-30 10:11:24.266 10712 DEBUG neutron_lib.callbacks.manager [req-462124ca-0edb-4c0f-af7e-32ed1a8d98dd c50034c10dc84e84ace8f273af265cf8 c86e8f34c0174c64b017ce12f86d147b - 213c5c24ae9d49fda5a2d0e7d00960ef 213c5c24ae9d49fda5a2d0e7d00960ef] Notify callbacks [] for security_group, before_create _notify_loop /usr/lib/python2.7/site-packages/neutron_lib/callbacks/manager.py:167
2018-09-30 10:11:24.943 10712 DEBUG neutron_lib.callbacks.manager [req-462124ca-0edb-4c0f-af7e-32ed1a8d98dd c50034c10dc84e84ace8f273af265cf8 c86e8f34c0174c64b017ce12f86d147b - 213c5c24ae9d49fda5a2d0e7d00960ef 213c5c24ae9d49fda5a2d0e7d00960ef] Notify callbacks [] for security_group, precommit_create _notify_loop /usr/lib/python2.7/site-packages/neutron_lib/callbacks/manager.py:167
2018-09-30 10:11:24.953 10712 DEBUG neutron_lib.callbacks.manager [req-462124ca-0edb-4c0f-af7e-32ed1a8d98dd c50034c10dc84e84ace8f273af265cf8 c86e8f34c0174c64b017ce12f86d147b - 213c5c24ae9d49fda5a2d0e7d00960ef 213c5c24ae9d49fda5a2d0e7d00960ef] Notify callbacks ['neutron.plugins.ml2.ovo_rpc._ObjectChangeHandler.handle_event-568539'] for security_group, after_create _notify_loop /usr/lib/python2.7/site-packages/neutron_lib/callbacks/manager.py:167
2018-09-30 10:11:24.964 10712 DEBUG oslo_concurrency.lockutils [-] Lock "event-dispatch" acquired by "neutron.plugins.ml2.ovo_rpc.dispatch_events" :: waited 0.000s inner /usr/lib/python2.7/site-packages/oslo_concurrency/lockutils.py:270
2018-09-30 10:11:25.151 10712 DEBUG neutron.api.rpc.handlers.resources_rpc [req-462124ca-0edb-4c0f-af7e-32ed1a8d98dd c50034c10dc84e84ace8f273af265cf8 c86e8f34c0174c64b017ce12f86d147b - - -] neutron.api.rpc.handlers.resources_rpc.ResourcesPushRpcApi method push called with arguments (<neutron_lib.context.Context object at 0x7f0b9dc59d50>, [SecurityGroup(created_at=2018-09-30T14:11:24Z,description='Default security group',id=fa5bb3be-da6b-44ce-873b-143c5489e8f6,is_default=True,name='default',project_id='c86e8f34c0174c64b017ce12f86d147b',revision_number=4,rules=[SecurityGroupRule(582624e8-a399-4584-bdb4-e58e6f576bb7),SecurityGroupRule(8dfef001-b78f-4794-88d6-84acdd82c02a),SecurityGroupRule(a987a21c-6c5c-4dc6-ba99-383831919217),SecurityGroupRule(dc25342a-5acc-42ce-a7c6-1a865204c358)],updated_at=2018-09-30T14:11:24Z)], 'updated') {} wrapper /usr/lib/python2.7/site-packages/oslo_log/helpers.py:66
2018-09-30 10:11:25.199 10712 DEBUG neutron.api.rpc.callbacks.version_manager [req-462124ca-0edb-4c0f-af7e-32ed1a8d98dd c50034c10dc84e84ace8f273af265cf8 c86e8f34c0174c64b017ce12f86d147b - - -] Version for resource type Subnet changed None to 1.0 on consumer Open vSwitch agent@localhost.localdomain _set_version /usr/lib/python2.7/site-packages/neutron/api/rpc/callbacks/version_manager.py:119
2018-09-30 10:11:25.201 10712 DEBUG neutron.api.rpc.callbacks.version_manager [req-462124ca-0edb-4c0f-af7e-32ed1a8d98dd c50034c10dc84e84ace8f273af265cf8 c86e8f34c0174c64b017ce12f86d147b - - -] Version for resource type Network changed None to 1.0 on consumer Open vSwitch agent@localhost.localdomain _set_version /usr/lib/python2.7/site-packages/neutron/api/rpc/callbacks/version_manager.py:119
2018-09-30 10:11:25.202 10712 DEBUG neutron.api.rpc.callbacks.version_manager [req-462124ca-0edb-4c0f-af7e-32ed1a8d98dd c50034c10dc84e84ace8f273af265cf8 c86e8f34c0174c64b017ce12f86d147b - - -] Version for resource type SubPort changed None to 1.0 on consumer Open vSwitch agent@localhost.localdomain _set_version /usr/lib/python2.7/site-packages/neutron/api/rpc/callbacks/version_manager.py:119
2018-09-30 10:11:25.203 10712 DEBUG neutron.api.rpc.callbacks.version_manager [req-462124ca-0edb-4c0f-af7e-32ed1a8d98dd c50034c10dc84e84ace8f273af265cf8 c86e8f34c0174c64b017ce12f86d147b - - -] Version for resource type SecurityGroup changed None to 1.0 on consumer Open vSwitch agent@localhost.localdomain _set_version /usr/lib/python2.7/site-packages/neutron/api/rpc/callbacks/version_manager.py:119
2018-09-30 10:11:25.204 10712 DEBUG neutron.api.rpc.callbacks.version_manager [req-462124ca-0edb-4c0f-af7e-32ed1a8d98dd c50034c10dc84e84ace8f273af265cf8 c86e8f34c0174c64b017ce12f86d147b - - -] Version for resource type SecurityGroupRule changed None to 1.0 on consumer Open vSwitch agent@localhost.localdomain _set_version /usr/lib/python2.7/site-packages/neutron/api/rpc/callbacks/version_manager.py:119
2018-09-30 10:11:25.205 10712 DEBUG neutron.api.rpc.callbacks.version_manager [req-462124ca-0edb-4c0f-af7e-32ed1a8d98dd c50034c10dc84e84ace8f273af265cf8 c86e8f34c0174c64b017ce12f86d147b - - -] Version for resource type Trunk changed None to 1.1 on consumer Open vSwitch agent@localhost.localdomain _set_version /usr/lib/python2.7/site-packages/neutron/api/rpc/callbacks/version_manager.py:119
2018-09-30 10:11:25.206 10712 DEBUG neutron.api.rpc.callbacks.version_manager [req-462124ca-0edb-4c0f-af7e-32ed1a8d98dd c50034c10dc84e84ace8f273af265cf8 c86e8f34c0174c64b017ce12f86d147b - - -] Version for resource type QosPolicy changed None to 1.6 on consumer Open vSwitch agent@localhost.localdomain _set_version /usr/lib/python2.7/site-packages/neutron/api/rpc/callbacks/version_manager.py:119
2018-09-30 10:11:25.207 10712 DEBUG neutron.api.rpc.callbacks.version_manager [req-462124ca-0edb-4c0f-af7e-32ed1a8d98dd c50034c10dc84e84ace8f273af265cf8 c86e8f34c0174c64b017ce12f86d147b - - -] Version for resource type Port changed None to 1.1 on consumer Open vSwitch agent@localhost.localdomain _set_version /usr/lib/python2.7/site-packages/neutron/api/rpc/callbacks/version_manager.py:119
2018-09-30 10:11:25.209 10712 DEBUG neutron.api.rpc.callbacks.version_manager [req-462124ca-0edb-4c0f-af7e-32ed1a8d98dd c50034c10dc84e84ace8f273af265cf8 c86e8f34c0174c64b017ce12f86d147b - - -] Version for resource type Log changed None to 1.0 on consumer Open vSwitch agent@localhost.localdomain _set_version /usr/lib/python2.7/site-packages/neutron/api/rpc/callbacks/version_manager.py:119
2018-09-30 10:11:25.214 10712 DEBUG neutron.api.rpc.callbacks.version_manager [req-462124ca-0edb-4c0f-af7e-32ed1a8d98dd c50034c10dc84e84ace8f273af265cf8 c86e8f34c0174c64b017ce12f86d147b - - -] Tracked resource versions report:
pushed versions:
{   'Log': set(['1.0']),
    'Network': set(['1.0']),
    'Port': set(['1.1']),
    'QosPolicy': set(['1.6']),
    'SecurityGroup': set(['1.0']),
    'SecurityGroupRule': set(['1.0']),
    'SubPort': set(['1.0']),
    'Subnet': set(['1.0']),
    'Trunk': set(['1.1'])}

consumer versions:
{   DHCP agent@localhost.localdomain: {   },
    L3 agent@localhost.localdomain: {   },
    Metadata agent@localhost.localdomain: {   },
    Metering agent@localhost.localdomain: {   },
    Open vSwitch agent@localhost.localdomain: {   u'Log': u'1.0',
                                                  u'Network': u'1.0',
                                                  u'Port': u'1.1',
                                                  u'QosPolicy': u'1.6',
                                                  u'SecurityGroup': u'1.0',
                                                  u'SecurityGroupRule': u'1.0',
                                                  u'SubPort': u'1.0',
                                                  u'Subnet': u'1.0',
                                                  u'Trunk': u'1.1'}}
 report /usr/lib/python2.7/site-packages/neutron/api/rpc/callbacks/version_manager.py:178
2018-09-30 10:11:25.831 10712 DEBUG oslo_concurrency.lockutils [req-462124ca-0edb-4c0f-af7e-32ed1a8d98dd c50034c10dc84e84ace8f273af265cf8 c86e8f34c0174c64b017ce12f86d147b - - -] Lock "event-dispatch" released by "neutron.plugins.ml2.ovo_rpc.dispatch_events" :: held 0.867s inner /usr/lib/python2.7/site-packages/oslo_concurrency/lockutils.py:282
2018-09-30 10:11:25.920 10712 DEBUG neutron_lib.callbacks.manager [req-462124ca-0edb-4c0f-af7e-32ed1a8d98dd c50034c10dc84e84ace8f273af265cf8 c86e8f34c0174c64b017ce12f86d147b - 213c5c24ae9d49fda5a2d0e7d00960ef 213c5c24ae9d49fda5a2d0e7d00960ef] Notify callbacks [] for security_group, precommit_create _notify_loop /usr/lib/python2.7/site-packages/neutron_lib/callbacks/manager.py:167
2018-09-30 10:11:25.940 10712 DEBUG neutron_lib.callbacks.manager [req-462124ca-0edb-4c0f-af7e-32ed1a8d98dd c50034c10dc84e84ace8f273af265cf8 c86e8f34c0174c64b017ce12f86d147b - 213c5c24ae9d49fda5a2d0e7d00960ef 213c5c24ae9d49fda5a2d0e7d00960ef] Notify callbacks ['neutron.plugins.ml2.ovo_rpc._ObjectChangeHandler.handle_event-568539'] for security_group, after_create _notify_loop /usr/lib/python2.7/site-packages/neutron_lib/callbacks/manager.py:167
2018-09-30 10:11:25.955 10712 DEBUG oslo_concurrency.lockutils [-] Lock "event-dispatch" acquired by "neutron.plugins.ml2.ovo_rpc.dispatch_events" :: waited 0.000s inner /usr/lib/python2.7/site-packages/oslo_concurrency/lockutils.py:270
2018-09-30 10:11:26.075 10712 DEBUG neutron.quota.resource [req-462124ca-0edb-4c0f-af7e-32ed1a8d98dd c50034c10dc84e84ace8f273af265cf8 c86e8f34c0174c64b017ce12f86d147b - 213c5c24ae9d49fda5a2d0e7d00960ef 213c5c24ae9d49fda5a2d0e7d00960ef] Persisted dirty status for tenant:c86e8f34c0174c64b017ce12f86d147b on resource:security_group_rule mark_dirty /usr/lib/python2.7/site-packages/neutron/quota/resource.py:207
2018-09-30 10:11:26.093 10712 DEBUG neutron.quota.resource [req-462124ca-0edb-4c0f-af7e-32ed1a8d98dd c50034c10dc84e84ace8f273af265cf8 c86e8f34c0174c64b017ce12f86d147b - 213c5c24ae9d49fda5a2d0e7d00960ef 213c5c24ae9d49fda5a2d0e7d00960ef] Persisted dirty status for tenant:c86e8f34c0174c64b017ce12f86d147b on resource:security_group mark_dirty /usr/lib/python2.7/site-packages/neutron/quota/resource.py:207
2018-09-30 10:11:26.096 10712 DEBUG neutron.api.rpc.handlers.resources_rpc [req-462124ca-0edb-4c0f-af7e-32ed1a8d98dd c50034c10dc84e84ace8f273af265cf8 c86e8f34c0174c64b017ce12f86d147b - - -] neutron.api.rpc.handlers.resources_rpc.ResourcesPushRpcApi method push called with arguments (<neutron_lib.context.Context object at 0x7f0b9f164710>, [SecurityGroup(created_at=2018-09-30T14:11:24Z,description='tempest-SECURITY_GROUP_SAMPLE-1538316585',id=70d7dcdb-453b-4604-9c3b-58501bce3f58,is_default=False,name='tempest-SECURITY_GROUP_SAMPLE-1538316585',project_id='c86e8f34c0174c64b017ce12f86d147b',revision_number=2,rules=[SecurityGroupRule(1209e4c7-0006-43cb-b8a3-d8f33247c5db),SecurityGroupRule(95e4d018-7a00-4f44-bcb8-29c3cb9154f7)],updated_at=2018-09-30T14:11:25Z)], 'updated') {} wrapper /usr/lib/python2.7/site-packages/oslo_log/helpers.py:66
2018-09-30 10:11:26.120 10712 DEBUG oslo_concurrency.lockutils [req-462124ca-0edb-4c0f-af7e-32ed1a8d98dd c50034c10dc84e84ace8f273af265cf8 c86e8f34c0174c64b017ce12f86d147b - - -] Lock "event-dispatch" released by "neutron.plugins.ml2.ovo_rpc.dispatch_events" :: held 0.165s inner /usr/lib/python2.7/site-packages/oslo_concurrency/lockutils.py:282
2018-09-30 10:11:26.122 10712 DEBUG neutron_lib.callbacks.manager [req-462124ca-0edb-4c0f-af7e-32ed1a8d98dd c50034c10dc84e84ace8f273af265cf8 c86e8f34c0174c64b017ce12f86d147b - 213c5c24ae9d49fda5a2d0e7d00960ef 213c5c24ae9d49fda5a2d0e7d00960ef] Notify callbacks [] for security_group, before_response _notify_loop /usr/lib/python2.7/site-packages/neutron_lib/callbacks/manager.py:167
2018-09-30 10:11:26.125 10712 INFO neutron.wsgi [req-462124ca-0edb-4c0f-af7e-32ed1a8d98dd c50034c10dc84e84ace8f273af265cf8 c86e8f34c0174c64b017ce12f86d147b - 213c5c24ae9d49fda5a2d0e7d00960ef 213c5c24ae9d49fda5a2d0e7d00960ef] 10.0.20.25 "POST /v2.0/security-groups HTTP/1.1" status: 201  len: 1617 time: 2.7876151
2018-09-30 10:11:27.806 10716 DEBUG neutron_lib.callbacks.manager [req-76edd05d-094a-4817-83a6-a81a5b1653ca - - - - -] Notify callbacks ['neutron.services.segments.db._update_segment_host_mapping_for_agent-8730492641857'] for agent, after_update _notify_loop /usr/lib/python2.7/site-packages/neutron_lib/callbacks/manager.py:167
2018-09-30 10:11:27.833 10724 DEBUG neutron_lib.callbacks.manager [req-30b248e8-7a87-467f-a01c-e2debd03f5cd - - - - -] Notify callbacks ['neutron.services.segments.db._update_segment_host_mapping_for_agent-8730492641857'] for agent, after_update _notify_loop /usr/lib/python2.7/site-packages/neutron_lib/callbacks/manager.py:167
2018-09-30 10:11:27.840 10718 DEBUG neutron_lib.callbacks.manager [req-080e191c-431e-42ea-b62f-50715ff7a823 - - - - -] Notify callbacks ['neutron.services.segments.db._update_segment_host_mapping_for_agent-8730492641857'] for agent, after_update _notify_loop /usr/lib/python2.7/site-packages/neutron_lib/callbacks/manager.py:167
2018-09-30 10:11:33.792 10712 DEBUG neutron.wsgi [-] (10712) accepted ('10.0.20.25', 33882) server /usr/lib/python2.7/site-packages/eventlet/wsgi.py:883
2018-09-30 10:11:33.805 10712 INFO neutron.wsgi [-] 10.0.20.25 "GET / HTTP/1.1" status: 200  len: 252 time: 0.0054331
2018-09-30 10:11:34.686 10712 INFO neutron.api.v2.resource [req-352ccc51-0f9d-452b-974b-e0f5e9079027 c50034c10dc84e84ace8f273af265cf8 c86e8f34c0174c64b017ce12f86d147b - 213c5c24ae9d49fda5a2d0e7d00960ef 213c5c24ae9d49fda5a2d0e7d00960ef] show failed (client error): The resource could not be found.
2018-09-30 10:11:34.689 10712 INFO neutron.wsgi [req-352ccc51-0f9d-452b-974b-e0f5e9079027 c50034c10dc84e84ace8f273af265cf8 c86e8f34c0174c64b017ce12f86d147b - 213c5c24ae9d49fda5a2d0e7d00960ef 213c5c24ae9d49fda5a2d0e7d00960ef] 10.0.20.25 "GET /v2.0/security-groups/tempest-SECURITY_GROUP_SAMPLE-1538316585 HTTP/1.1" status: 404  len: 356 time: 0.8674309
2018-09-30 10:11:34.950 10712 DEBUG neutron.quota.resource [req-c186ae3f-2c60-4935-8bf4-7a1b80f291f2 c50034c10dc84e84ace8f273af265cf8 c86e8f34c0174c64b017ce12f86d147b - 213c5c24ae9d49fda5a2d0e7d00960ef 213c5c24ae9d49fda5a2d0e7d00960ef] Synchronizing usage tracker for tenant:c86e8f34c0174c64b017ce12f86d147b on resource:security_group resync /usr/lib/python2.7/site-packages/neutron/quota/resource.py:245
2018-09-30 10:11:34.999 10712 DEBUG neutron.quota.resource [req-c186ae3f-2c60-4935-8bf4-7a1b80f291f2 c50034c10dc84e84ace8f273af265cf8 c86e8f34c0174c64b017ce12f86d147b - 213c5c24ae9d49fda5a2d0e7d00960ef 213c5c24ae9d49fda5a2d0e7d00960ef] Unset dirty status for tenant:c86e8f34c0174c64b017ce12f86d147b on resource:security_group _resync /usr/lib/python2.7/site-packages/neutron/quota/resource.py:237
2018-09-30 10:11:35.002 10712 INFO neutron.wsgi [req-c186ae3f-2c60-4935-8bf4-7a1b80f291f2 c50034c10dc84e84ace8f273af265cf8 c86e8f34c0174c64b017ce12f86d147b - 213c5c24ae9d49fda5a2d0e7d00960ef 213c5c24ae9d49fda5a2d0e7d00960ef] 10.0.20.25 "GET /v2.0/security-groups HTTP/1.1" status: 200  len: 25426 time: 0.3057790
2018-09-30 10:11:35.024 10712 DEBUG neutron.api.v2.base [req-e5506851-9e89-44ce-8740-c6047913f347 c50034c10dc84e84ace8f273af265cf8 c86e8f34c0174c64b017ce12f86d147b - 213c5c24ae9d49fda5a2d0e7d00960ef 213c5c24ae9d49fda5a2d0e7d00960ef] Request body: {u'security_group_rule': {u'direction': u'ingress', u'protocol': u'tcp', u'ethertype': u'IPv4', u'port_range_max': 22, u'security_group_id': u'70d7dcdb-453b-4604-9c3b-58501bce3f58', u'port_range_min': 22, u'remote_ip_prefix': u'0.0.0.0/0'}} prepare_request_body /usr/lib/python2.7/site-packages/neutron/api/v2/base.py:695
2018-09-30 10:11:35.034 10712 DEBUG neutron.db.quota.driver [req-e5506851-9e89-44ce-8740-c6047913f347 c50034c10dc84e84ace8f273af265cf8 c86e8f34c0174c64b017ce12f86d147b - 213c5c24ae9d49fda5a2d0e7d00960ef 213c5c24ae9d49fda5a2d0e7d00960ef] Resources subnetpool have unlimited quota limit. It is not required to calculate headroom  make_reservation /usr/lib/python2.7/site-packages/neutron/db/quota/driver.py:223
2018-09-30 10:11:35.043 10712 DEBUG neutron.quota.resource [req-e5506851-9e89-44ce-8740-c6047913f347 c50034c10dc84e84ace8f273af265cf8 c86e8f34c0174c64b017ce12f86d147b - 213c5c24ae9d49fda5a2d0e7d00960ef 213c5c24ae9d49fda5a2d0e7d00960ef] Usage tracker for resource:security_group_rule and tenant:c86e8f34c0174c64b017ce12f86d147b is out of sync, need to count used quota count_used /usr/lib/python2.7/site-packages/neutron/quota/resource.py:274
2018-09-30 10:11:35.056 10712 DEBUG neutron.quota.resource [req-e5506851-9e89-44ce-8740-c6047913f347 c50034c10dc84e84ace8f273af265cf8 c86e8f34c0174c64b017ce12f86d147b - 213c5c24ae9d49fda5a2d0e7d00960ef 213c5c24ae9d49fda5a2d0e7d00960ef] Quota usage for security_group_rule was recalculated. Used quota:6. count_used /usr/lib/python2.7/site-packages/neutron/quota/resource.py:293
2018-09-30 10:11:35.067 10712 DEBUG neutron.db.quota.driver [req-e5506851-9e89-44ce-8740-c6047913f347 c50034c10dc84e84ace8f273af265cf8 c86e8f34c0174c64b017ce12f86d147b - 213c5c24ae9d49fda5a2d0e7d00960ef 213c5c24ae9d49fda5a2d0e7d00960ef] Attempting to reserve 1 items for resource security_group_rule. Total usage: 6; quota limit: 100; headroom:94 make_reservation /usr/lib/python2.7/site-packages/neutron/db/quota/driver.py:255
2018-09-30 10:11:35.168 10712 DEBUG neutron_lib.callbacks.manager [req-e5506851-9e89-44ce-8740-c6047913f347 c50034c10dc84e84ace8f273af265cf8 c86e8f34c0174c64b017ce12f86d147b - 213c5c24ae9d49fda5a2d0e7d00960ef 213c5c24ae9d49fda5a2d0e7d00960ef] Notify callbacks [] for security_group_rule, before_create _notify_loop /usr/lib/python2.7/site-packages/neutron_lib/callbacks/manager.py:167
2018-09-30 10:11:35.248 10712 DEBUG neutron_lib.callbacks.manager [req-e5506851-9e89-44ce-8740-c6047913f347 c50034c10dc84e84ace8f273af265cf8 c86e8f34c0174c64b017ce12f86d147b - 213c5c24ae9d49fda5a2d0e7d00960ef 213c5c24ae9d49fda5a2d0e7d00960ef] Notify callbacks [] for security_group_rule, precommit_create _notify_loop /usr/lib/python2.7/site-packages/neutron_lib/callbacks/manager.py:167
2018-09-30 10:11:35.254 10712 DEBUG neutron_lib.callbacks.manager [req-e5506851-9e89-44ce-8740-c6047913f347 c50034c10dc84e84ace8f273af265cf8 c86e8f34c0174c64b017ce12f86d147b - 213c5c24ae9d49fda5a2d0e7d00960ef 213c5c24ae9d49fda5a2d0e7d00960ef] Notify callbacks ['neutron.plugins.ml2.ovo_rpc._ObjectChangeHandler.handle_event-568331'] for security_group_rule, after_create _notify_loop /usr/lib/python2.7/site-packages/neutron_lib/callbacks/manager.py:167
2018-09-30 10:11:35.269 10712 DEBUG oslo_concurrency.lockutils [-] Lock "event-dispatch" acquired by "neutron.plugins.ml2.ovo_rpc.dispatch_events" :: waited 0.000s inner /usr/lib/python2.7/site-packages/oslo_concurrency/lockutils.py:270
2018-09-30 10:11:35.306 10712 DEBUG neutron.api.rpc.handlers.resources_rpc [req-e5506851-9e89-44ce-8740-c6047913f347 c50034c10dc84e84ace8f273af265cf8 c86e8f34c0174c64b017ce12f86d147b - - -] neutron.api.rpc.handlers.resources_rpc.ResourcesPushRpcApi method push called with arguments (<neutron_lib.context.Context object at 0x7f0b9d9c8cd0>, [SecurityGroupRule(created_at=2018-09-30T14:11:35Z,description='',direction='ingress',ethertype='IPv4',id=ee31f28d-b141-4cd6-99af-5afc766764da,port_range_max=22,port_range_min=22,project_id='c86e8f34c0174c64b017ce12f86d147b',protocol='tcp',remote_group_id=<?>,remote_ip_prefix=0.0.0.0/0,revision_number=0,security_group_id=70d7dcdb-453b-4604-9c3b-58501bce3f58,updated_at=2018-09-30T14:11:35Z)], 'updated') {} wrapper /usr/lib/python2.7/site-packages/oslo_log/helpers.py:66
2018-09-30 10:11:35.339 10712 DEBUG oslo_concurrency.lockutils [req-e5506851-9e89-44ce-8740-c6047913f347 c50034c10dc84e84ace8f273af265cf8 c86e8f34c0174c64b017ce12f86d147b - - -] Lock "event-dispatch" released by "neutron.plugins.ml2.ovo_rpc.dispatch_events" :: held 0.070s inner /usr/lib/python2.7/site-packages/oslo_concurrency/lockutils.py:282
2018-09-30 10:11:35.349 10712 DEBUG neutron.quota.resource [req-e5506851-9e89-44ce-8740-c6047913f347 c50034c10dc84e84ace8f273af265cf8 c86e8f34c0174c64b017ce12f86d147b - 213c5c24ae9d49fda5a2d0e7d00960ef 213c5c24ae9d49fda5a2d0e7d00960ef] Persisted dirty status for tenant:c86e8f34c0174c64b017ce12f86d147b on resource:security_group_rule mark_dirty /usr/lib/python2.7/site-packages/neutron/quota/resource.py:207
2018-09-30 10:11:35.361 10712 DEBUG neutron_lib.callbacks.manager [req-e5506851-9e89-44ce-8740-c6047913f347 c50034c10dc84e84ace8f273af265cf8 c86e8f34c0174c64b017ce12f86d147b - 213c5c24ae9d49fda5a2d0e7d00960ef 213c5c24ae9d49fda5a2d0e7d00960ef] Notify callbacks [] for security_group_rule, before_response _notify_loop /usr/lib/python2.7/site-packages/neutron_lib/callbacks/manager.py:167
2018-09-30 10:11:35.363 10712 INFO neutron.wsgi [req-e5506851-9e89-44ce-8740-c6047913f347 c50034c10dc84e84ace8f273af265cf8 c86e8f34c0174c64b017ce12f86d147b - 213c5c24ae9d49fda5a2d0e7d00960ef 213c5c24ae9d49fda5a2d0e7d00960ef] 10.0.20.25 "POST /v2.0/security-group-rules HTTP/1.1" status: 201  len: 718 time: 0.3483429
2018-09-30 10:11:36.253 10726 DEBUG neutron.db.agents_db [req-185ac53b-7177-4da3-abad-fe992b37e78b - - - - -] Agent healthcheck: found 5 active agents agent_health_check /usr/lib/python2.7/site-packages/neutron/db/agents_db.py:281
2018-09-30 10:11:37.076 10720 DEBUG neutron_lib.callbacks.manager [req-c9448449-db8c-45cd-9c8a-0024476f87ed - - - - -] Notify callbacks ['neutron.services.segments.db._update_segment_host_mapping_for_agent-8730492641857'] for agent, after_update _notify_loop /usr/lib/python2.7/site-packages/neutron_lib/callbacks/manager.py:167
2018-09-30 10:11:41.922 10722 DEBUG neutron_lib.callbacks.manager [req-f9d690b9-d161-47c5-9858-967f8532eb2b - - - - -] Notify callbacks ['neutron.services.segments.db._update_segment_host_mapping_for_agent-8730492641857'] for agent, after_update _notify_loop /usr/lib/python2.7/site-packages/neutron_lib/callbacks/manager.py:167
2018-09-30 10:11:42.109 10709 DEBUG neutron.wsgi [-] (10709) accepted ('10.0.20.25', 34604) server /usr/lib/python2.7/site-packages/eventlet/wsgi.py:883
2018-09-30 10:11:42.121 10709 INFO neutron.wsgi [-] 10.0.20.25 "GET / HTTP/1.1" status: 200  len: 252 time: 0.0065560
2018-09-30 10:11:42.130 10709 WARNING keystonemiddleware.auth_token [-] Using the in-process token cache is deprecated as of the 4.2.0 release and may be removed in the 5.0.0 release or the 'O' development cycle. The in-process cache causes inconsistent results and high memory usage. When the feature is removed the auth_token middleware will not cache tokens by default which may result in performance issues. It is recommended to use  memcache for the auth_token token cache by setting the memcached_servers option.
2018-09-30 10:11:43.832 10709 DEBUG oslo_policy._cache_handler [req-0d2b2337-2108-44dd-8516-cb894282b7fc c50034c10dc84e84ace8f273af265cf8 c86e8f34c0174c64b017ce12f86d147b - 213c5c24ae9d49fda5a2d0e7d00960ef 213c5c24ae9d49fda5a2d0e7d00960ef] Reloading cached file /etc/neutron/policy.json read_cached_file /usr/lib/python2.7/site-packages/oslo_policy/_cache_handler.py:40
2018-09-30 10:11:43.896 10709 DEBUG oslo_policy.policy [req-0d2b2337-2108-44dd-8516-cb894282b7fc c50034c10dc84e84ace8f273af265cf8 c86e8f34c0174c64b017ce12f86d147b - 213c5c24ae9d49fda5a2d0e7d00960ef 213c5c24ae9d49fda5a2d0e7d00960ef] Reloaded policy file: /etc/neutron/policy.json _load_policy_file /usr/lib/python2.7/site-packages/oslo_policy/policy.py:685
2018-09-30 10:11:44.400 10709 DEBUG oslo_policy._cache_handler [req-0d2b2337-2108-44dd-8516-cb894282b7fc c50034c10dc84e84ace8f273af265cf8 c86e8f34c0174c64b017ce12f86d147b - 213c5c24ae9d49fda5a2d0e7d00960ef 213c5c24ae9d49fda5a2d0e7d00960ef] Reloading cached file /etc/neutron/policy.json read_cached_file /usr/lib/python2.7/site-packages/oslo_policy/_cache_handler.py:40
2018-09-30 10:11:44.433 10709 DEBUG oslo_policy.policy [req-0d2b2337-2108-44dd-8516-cb894282b7fc c50034c10dc84e84ace8f273af265cf8 c86e8f34c0174c64b017ce12f86d147b - 213c5c24ae9d49fda5a2d0e7d00960ef 213c5c24ae9d49fda5a2d0e7d00960ef] Reloaded policy file: /etc/neutron/policy.json _load_policy_file /usr/lib/python2.7/site-packages/oslo_policy/policy.py:685
2018-09-30 10:11:44.807 10709 INFO neutron.wsgi [req-0d2b2337-2108-44dd-8516-cb894282b7fc c50034c10dc84e84ace8f273af265cf8 c86e8f34c0174c64b017ce12f86d147b - 213c5c24ae9d49fda5a2d0e7d00960ef 213c5c24ae9d49fda5a2d0e7d00960ef] 10.0.20.25 "GET /v2.0/security-groups HTTP/1.1" status: 200  len: 25929 time: 2.6818810
2018-09-30 10:11:54.698 10711 DEBUG neutron.wsgi [-] (10711) accepted ('10.0.20.25', 34634) server /usr/lib/python2.7/site-packages/eventlet/wsgi.py:883
2018-09-30 10:11:54.718 10711 INFO neutron.wsgi [-] 10.0.20.25 "GET / HTTP/1.1" status: 200  len: 252 time: 0.0125961
2018-09-30 10:11:54.730 10711 WARNING keystonemiddleware.auth_token [-] Using the in-process token cache is deprecated as of the 4.2.0 release and may be removed in the 5.0.0 release or the 'O' development cycle. The in-process cache causes inconsistent results and high memory usage. When the feature is removed the auth_token middleware will not cache tokens by default which may result in performance issues. It is recommended to use  memcache for the auth_token token cache by setting the memcached_servers option.
2018-09-30 10:11:56.642 10711 DEBUG oslo_policy._cache_handler [req-c91909c7-4743-483b-99eb-baa655993d48 c6076d0e968d46daaf0fc5019a0f8a15 bd8a53962fd64ffeab7f2932b0e688c5 - default default] Reloading cached file /etc/neutron/policy.json read_cached_file /usr/lib/python2.7/site-packages/oslo_policy/_cache_handler.py:40
2018-09-30 10:11:56.718 10711 DEBUG oslo_policy.policy [req-c91909c7-4743-483b-99eb-baa655993d48 c6076d0e968d46daaf0fc5019a0f8a15 bd8a53962fd64ffeab7f2932b0e688c5 - default default] Reloaded policy file: /etc/neutron/policy.json _load_policy_file /usr/lib/python2.7/site-packages/oslo_policy/policy.py:685
2018-09-30 10:11:57.475 10711 INFO neutron.pecan_wsgi.hooks.translation [req-c91909c7-4743-483b-99eb-baa655993d48 c6076d0e968d46daaf0fc5019a0f8a15 bd8a53962fd64ffeab7f2932b0e688c5 - default default] GET failed (client error): The resource could not be found.
2018-09-30 10:11:57.479 10711 INFO neutron.wsgi [req-c91909c7-4743-483b-99eb-baa655993d48 c6076d0e968d46daaf0fc5019a0f8a15 bd8a53962fd64ffeab7f2932b0e688c5 - default default] 10.0.20.25 "GET /v2.0/networks/public HTTP/1.1" status: 404  len: 314 time: 2.7550099
2018-09-30 10:11:57.798 10725 DEBUG neutron_lib.callbacks.manager [req-93726831-2928-4e8c-9ce0-b6a3dae9e546 - - - - -] Notify callbacks ['neutron.services.segments.db._update_segment_host_mapping_for_agent-8730492641857'] for agent, after_update _notify_loop /usr/lib/python2.7/site-packages/neutron_lib/callbacks/manager.py:167
2018-09-30 10:11:57.834 10717 DEBUG neutron_lib.callbacks.manager [req-080e191c-431e-42ea-b62f-50715ff7a823 - - - - -] Notify callbacks ['neutron.services.segments.db._update_segment_host_mapping_for_agent-8730492641857'] for agent, after_update _notify_loop /usr/lib/python2.7/site-packages/neutron_lib/callbacks/manager.py:167
2018-09-30 10:11:57.855 10719 DEBUG neutron_lib.callbacks.manager [req-30b248e8-7a87-467f-a01c-e2debd03f5cd - - - - -] Notify callbacks ['neutron.services.segments.db._update_segment_host_mapping_for_agent-8730492641857'] for agent, after_update _notify_loop /usr/lib/python2.7/site-packages/neutron_lib/callbacks/manager.py:167
2018-09-30 10:11:58.214 10711 DEBUG oslo_policy._cache_handler [req-6a9c41ef-ff6e-4d3f-b4e8-b445726ec479 c6076d0e968d46daaf0fc5019a0f8a15 bd8a53962fd64ffeab7f2932b0e688c5 - default default] Reloading cached file /etc/neutron/policy.json read_cached_file /usr/lib/python2.7/site-packages/oslo_policy/_cache_handler.py:40
2018-09-30 10:11:58.241 10711 DEBUG oslo_policy.policy [req-6a9c41ef-ff6e-4d3f-b4e8-b445726ec479 c6076d0e968d46daaf0fc5019a0f8a15 bd8a53962fd64ffeab7f2932b0e688c5 - default default] Reloaded policy file: /etc/neutron/policy.json _load_policy_file /usr/lib/python2.7/site-packages/oslo_policy/policy.py:685
2018-09-30 10:11:58.249 10711 DEBUG neutron.pecan_wsgi.hooks.policy_enforcement [req-6a9c41ef-ff6e-4d3f-b4e8-b445726ec479 c6076d0e968d46daaf0fc5019a0f8a15 bd8a53962fd64ffeab7f2932b0e688c5 - default default] Attributes excluded by policy engine: [u'vlan_transparent'] _exclude_attributes_by_policy /usr/lib/python2.7/site-packages/neutron/pecan_wsgi/hooks/policy_enforcement.py:256
2018-09-30 10:11:58.250 10711 DEBUG neutron.pecan_wsgi.hooks.policy_enforcement [req-6a9c41ef-ff6e-4d3f-b4e8-b445726ec479 c6076d0e968d46daaf0fc5019a0f8a15 bd8a53962fd64ffeab7f2932b0e688c5 - default default] Attributes excluded by policy engine: [u'vlan_transparent'] _exclude_attributes_by_policy /usr/lib/python2.7/site-packages/neutron/pecan_wsgi/hooks/policy_enforcement.py:256
2018-09-30 10:11:58.253 10711 INFO neutron.wsgi [req-6a9c41ef-ff6e-4d3f-b4e8-b445726ec479 c6076d0e968d46daaf0fc5019a0f8a15 bd8a53962fd64ffeab7f2932b0e688c5 - default default] 10.0.20.25 "GET /v2.0/networks HTTP/1.1" status: 200  len: 1542 time: 0.7633181
2018-09-30 10:12:06.261 10711 DEBUG neutron.wsgi [-] (10711) accepted ('10.0.20.25', 34662) server /usr/lib/python2.7/site-packages/eventlet/wsgi.py:883
2018-09-30 10:12:06.267 10711 INFO neutron.wsgi [-] 10.0.20.25 "GET / HTTP/1.1" status: 200  len: 252 time: 0.0035839
2018-09-30 10:12:06.771 10711 DEBUG neutron.api.v2.base [req-bfa7f97e-8521-4cef-bad2-9e4409fdd741 c50034c10dc84e84ace8f273af265cf8 c86e8f34c0174c64b017ce12f86d147b - 213c5c24ae9d49fda5a2d0e7d00960ef 213c5c24ae9d49fda5a2d0e7d00960ef] Request body: {u'network': {u'name': u'tempest-private-1538316585', u'admin_state_up': True}} prepare_request_body /usr/lib/python2.7/site-packages/neutron/api/v2/base.py:695
2018-09-30 10:12:06.772 10711 INFO neutron.quota [req-bfa7f97e-8521-4cef-bad2-9e4409fdd741 c50034c10dc84e84ace8f273af265cf8 c86e8f34c0174c64b017ce12f86d147b - 213c5c24ae9d49fda5a2d0e7d00960ef 213c5c24ae9d49fda5a2d0e7d00960ef] Loaded quota_driver: <neutron.db.quota.driver.DbQuotaDriver object at 0x7f0b9dc83850>.
2018-09-30 10:12:06.782 10711 DEBUG neutron.db.quota.driver [req-bfa7f97e-8521-4cef-bad2-9e4409fdd741 c50034c10dc84e84ace8f273af265cf8 c86e8f34c0174c64b017ce12f86d147b - 213c5c24ae9d49fda5a2d0e7d00960ef 213c5c24ae9d49fda5a2d0e7d00960ef] Resources subnetpool have unlimited quota limit. It is not required to calculate headroom  make_reservation /usr/lib/python2.7/site-packages/neutron/db/quota/driver.py:223
2018-09-30 10:12:06.797 10711 DEBUG neutron.quota.resource [req-bfa7f97e-8521-4cef-bad2-9e4409fdd741 c50034c10dc84e84ace8f273af265cf8 c86e8f34c0174c64b017ce12f86d147b - 213c5c24ae9d49fda5a2d0e7d00960ef 213c5c24ae9d49fda5a2d0e7d00960ef] Usage tracker for resource:network and tenant:c86e8f34c0174c64b017ce12f86d147b is out of sync, need to count used quota count_used /usr/lib/python2.7/site-packages/neutron/quota/resource.py:274
2018-09-30 10:12:06.812 10711 DEBUG neutron.quota.resource [req-bfa7f97e-8521-4cef-bad2-9e4409fdd741 c50034c10dc84e84ace8f273af265cf8 c86e8f34c0174c64b017ce12f86d147b - 213c5c24ae9d49fda5a2d0e7d00960ef 213c5c24ae9d49fda5a2d0e7d00960ef] Quota usage for network was recalculated. Used quota:0. count_used /usr/lib/python2.7/site-packages/neutron/quota/resource.py:293
2018-09-30 10:12:06.824 10711 DEBUG neutron.db.quota.driver [req-bfa7f97e-8521-4cef-bad2-9e4409fdd741 c50034c10dc84e84ace8f273af265cf8 c86e8f34c0174c64b017ce12f86d147b - 213c5c24ae9d49fda5a2d0e7d00960ef 213c5c24ae9d49fda5a2d0e7d00960ef] Attempting to reserve 1 items for resource network. Total usage: 0; quota limit: 100; headroom:100 make_reservation /usr/lib/python2.7/site-packages/neutron/db/quota/driver.py:255
2018-09-30 10:12:06.902 10711 DEBUG neutron.pecan_wsgi.hooks.quota_enforcement [req-bfa7f97e-8521-4cef-bad2-9e4409fdd741 c50034c10dc84e84ace8f273af265cf8 c86e8f34c0174c64b017ce12f86d147b - 213c5c24ae9d49fda5a2d0e7d00960ef 213c5c24ae9d49fda5a2d0e7d00960ef] Made reservation on behalf of c86e8f34c0174c64b017ce12f86d147b for: {'network': 1} before /usr/lib/python2.7/site-packages/neutron/pecan_wsgi/hooks/quota_enforcement.py:55
2018-09-30 10:12:06.979 10711 DEBUG neutron_lib.callbacks.manager [req-bfa7f97e-8521-4cef-bad2-9e4409fdd741 c50034c10dc84e84ace8f273af265cf8 c86e8f34c0174c64b017ce12f86d147b - 213c5c24ae9d49fda5a2d0e7d00960ef 213c5c24ae9d49fda5a2d0e7d00960ef] Notify callbacks ['neutron.plugins.ml2.plugin.Ml2Plugin._ensure_default_security_group_handler-1916991'] for network, before_create _notify_loop /usr/lib/python2.7/site-packages/neutron_lib/callbacks/manager.py:167
2018-09-30 10:12:07.095 10711 DEBUG neutron.plugins.ml2.drivers.helpers [req-bfa7f97e-8521-4cef-bad2-9e4409fdd741 c50034c10dc84e84ace8f273af265cf8 c86e8f34c0174c64b017ce12f86d147b - 213c5c24ae9d49fda5a2d0e7d00960ef 213c5c24ae9d49fda5a2d0e7d00960ef] vxlan segment allocate from pool started with {'vxlan_vni': 69}  allocate_partially_specified_segment /usr/lib/python2.7/site-packages/neutron/plugins/ml2/drivers/helpers.py:157
2018-09-30 10:12:07.102 10711 DEBUG neutron.plugins.ml2.drivers.helpers [req-bfa7f97e-8521-4cef-bad2-9e4409fdd741 c50034c10dc84e84ace8f273af265cf8 c86e8f34c0174c64b017ce12f86d147b - 213c5c24ae9d49fda5a2d0e7d00960ef 213c5c24ae9d49fda5a2d0e7d00960ef] vxlan segment allocate from pool success with {'vxlan_vni': 69}  allocate_partially_specified_segment /usr/lib/python2.7/site-packages/neutron/plugins/ml2/drivers/helpers.py:165
2018-09-30 10:12:07.106 10715 DEBUG neutron_lib.callbacks.manager [req-c9448449-db8c-45cd-9c8a-0024476f87ed - - - - -] Notify callbacks ['neutron.services.segments.db._update_segment_host_mapping_for_agent-8730492641857'] for agent, after_update _notify_loop /usr/lib/python2.7/site-packages/neutron_lib/callbacks/manager.py:167
2018-09-30 10:12:07.131 10711 DEBUG neutron_lib.callbacks.manager [req-bfa7f97e-8521-4cef-bad2-9e4409fdd741 c50034c10dc84e84ace8f273af265cf8 c86e8f34c0174c64b017ce12f86d147b - 213c5c24ae9d49fda5a2d0e7d00960ef 213c5c24ae9d49fda5a2d0e7d00960ef] Notify callbacks ['neutron.services.segments.db._add_segment_host_mapping_for_segment--9223363306362133944', 'neutron.plugins.ml2.plugin.Ml2Plugin._handle_segment_change--9223372036853046759'] for segment, precommit_create _notify_loop /usr/lib/python2.7/site-packages/neutron_lib/callbacks/manager.py:167
2018-09-30 10:12:07.132 10711 INFO neutron.db.segments_db [req-bfa7f97e-8521-4cef-bad2-9e4409fdd741 c50034c10dc84e84ace8f273af265cf8 c86e8f34c0174c64b017ce12f86d147b - 213c5c24ae9d49fda5a2d0e7d00960ef 213c5c24ae9d49fda5a2d0e7d00960ef] Added segment 97bc7f32-d616-4619-a499-6dd6ff39ae76 of type vxlan for network 04cda49f-afda-4865-9b1d-4c9888ce0a06
2018-09-30 10:12:07.248 10711 DEBUG neutron_lib.callbacks.manager [req-bfa7f97e-8521-4cef-bad2-9e4409fdd741 c50034c10dc84e84ace8f273af265cf8 c86e8f34c0174c64b017ce12f86d147b - 213c5c24ae9d49fda5a2d0e7d00960ef 213c5c24ae9d49fda5a2d0e7d00960ef] Notify callbacks ['neutron.services.auto_allocate.db._ensure_external_network_default_value_callback-8730492232061'] for network, precommit_create _notify_loop /usr/lib/python2.7/site-packages/neutron_lib/callbacks/manager.py:167
2018-09-30 10:12:07.334 10711 DEBUG neutron_lib.callbacks.manager [req-bfa7f97e-8521-4cef-bad2-9e4409fdd741 c50034c10dc84e84ace8f273af265cf8 c86e8f34c0174c64b017ce12f86d147b - 213c5c24ae9d49fda5a2d0e7d00960ef 213c5c24ae9d49fda5a2d0e7d00960ef] Notify callbacks ['neutron.api.rpc.agentnotifiers.dhcp_rpc_agent_api.DhcpAgentNotifyAPI._native_event_send_dhcp_notification-720810', 'neutron.plugins.ml2.ovo_rpc._ObjectChangeHandler.handle_event-568443'] for network, after_create _notify_loop /usr/lib/python2.7/site-packages/neutron_lib/callbacks/manager.py:167
2018-09-30 10:12:07.336 10711 DEBUG neutron.pecan_wsgi.hooks.policy_enforcement [req-bfa7f97e-8521-4cef-bad2-9e4409fdd741 c50034c10dc84e84ace8f273af265cf8 c86e8f34c0174c64b017ce12f86d147b - 213c5c24ae9d49fda5a2d0e7d00960ef 213c5c24ae9d49fda5a2d0e7d00960ef] Attributes excluded by policy engine: [u'vlan_transparent'] _exclude_attributes_by_policy /usr/lib/python2.7/site-packages/neutron/pecan_wsgi/hooks/policy_enforcement.py:256
2018-09-30 10:12:07.337 10711 DEBUG neutron_lib.callbacks.manager [req-bfa7f97e-8521-4cef-bad2-9e4409fdd741 c50034c10dc84e84ace8f273af265cf8 c86e8f34c0174c64b017ce12f86d147b - 213c5c24ae9d49fda5a2d0e7d00960ef 213c5c24ae9d49fda5a2d0e7d00960ef] Notify callbacks ['neutron.api.rpc.agentnotifiers.dhcp_rpc_agent_api.DhcpAgentNotifyAPI._send_dhcp_notification-720795'] for network, before_response _notify_loop /usr/lib/python2.7/site-packages/neutron_lib/callbacks/manager.py:167
2018-09-30 10:12:07.339 10711 DEBUG oslo_concurrency.lockutils [-] Lock "event-dispatch" acquired by "neutron.plugins.ml2.ovo_rpc.dispatch_events" :: waited 0.000s inner /usr/lib/python2.7/site-packages/oslo_concurrency/lockutils.py:270
2018-09-30 10:12:07.555 10711 DEBUG neutron.quota.resource [req-bfa7f97e-8521-4cef-bad2-9e4409fdd741 c50034c10dc84e84ace8f273af265cf8 c86e8f34c0174c64b017ce12f86d147b - 213c5c24ae9d49fda5a2d0e7d00960ef 213c5c24ae9d49fda5a2d0e7d00960ef] Persisted dirty status for tenant:c86e8f34c0174c64b017ce12f86d147b on resource:network mark_dirty /usr/lib/python2.7/site-packages/neutron/quota/resource.py:207
2018-09-30 10:12:07.575 10711 DEBUG neutron.api.rpc.handlers.resources_rpc [req-bfa7f97e-8521-4cef-bad2-9e4409fdd741 c50034c10dc84e84ace8f273af265cf8 c86e8f34c0174c64b017ce12f86d147b - - -] neutron.api.rpc.handlers.resources_rpc.ResourcesPushRpcApi method push called with arguments (<neutron_lib.context.Context object at 0x7f0b9da86ad0>, [Network(admin_state_up=True,availability_zone_hints=[],created_at=2018-09-30T14:12:07Z,description='',dns_domain=None,id=04cda49f-afda-4865-9b1d-4c9888ce0a06,mtu=1450,name='tempest-private-1538316585',project_id='c86e8f34c0174c64b017ce12f86d147b',qos_policy_id=None,revision_number=2,security=NetworkPortSecurity(04cda49f-afda-4865-9b1d-4c9888ce0a06),segments=[NetworkSegment(97bc7f32-d616-4619-a499-6dd6ff39ae76)],shared=False,status='ACTIVE',updated_at=2018-09-30T14:12:07Z,vlan_transparent=<?>)], 'updated') {} wrapper /usr/lib/python2.7/site-packages/oslo_log/helpers.py:66
2018-09-30 10:12:07.589 10711 INFO neutron.wsgi [req-bfa7f97e-8521-4cef-bad2-9e4409fdd741 c50034c10dc84e84ace8f273af265cf8 c86e8f34c0174c64b017ce12f86d147b - 213c5c24ae9d49fda5a2d0e7d00960ef 213c5c24ae9d49fda5a2d0e7d00960ef] 10.0.20.25 "POST /v2.0/networks HTTP/1.1" status: 201  len: 862 time: 1.3159921
