2018-06-30 07:04:13.491 25387 DEBUG neutron.api.rpc.handlers.resources_rpc [req-f33d0427-5c2a-4f31-9778-27f5cd5f76c4 - - - - -] neutron.api.rpc.handlers.resources_rpc.ResourcesPushRpcApi method push called with arguments (<neutron_lib.context.Context object at 0x7f95542cded0>, [Port(admin_state_up=True,allowed_address_pairs=[],binding=PortBinding,binding_levels=[PortBindingLevel],created_at=2018-06-30T05:04:00Z,data_plane_status=<?>,description='',device_id='018a3135-8db7-453e-ab60-48e320fabc66',device_owner='compute:nova',dhcp_options=[],distributed_binding=None,dns=None,fixed_ips=[IPAllocation],id=33d37ee5-8628-4448-b233-2b0ae8b45f6e,mac_address=fa:16:3e:85:90:07,name='',network_id=627661fc-8448-4df4-8a7c-7a2da218f4d3,project_id='a00e0cbfa39948399aedadd730e50c52',qos_policy_id=None,revision_number=6,security=PortSecurity(33d37ee5-8628-4448-b233-2b0ae8b45f6e),security_group_ids=set([16f30c48-0737-4a0f-b602-576f4d45308d]),status='ACTIVE',updated_at=2018-06-30T05:04:13Z)], 'updated') {} wrapper /usr/lib/python2.7/site-packages/oslo_log/helpers.py:66
2018-06-30 07:04:13.513 25387 DEBUG oslo_concurrency.lockutils [req-f33d0427-5c2a-4f31-9778-27f5cd5f76c4 - - - - -] Lock "event-dispatch" released by "neutron.plugins.ml2.ovo_rpc.dispatch_events" :: held 0.193s inner /usr/lib/python2.7/site-packages/oslo_concurrency/lockutils.py:282
2018-06-30 07:04:14.488 25386 DEBUG neutron.plugins.ml2.rpc [req-f33d0427-5c2a-4f31-9778-27f5cd5f76c4 - - - - -] Device 33d37ee5-8628-4448-b233-2b0ae8b45f6e up at agent ovs-agent-localhost.localdomain update_device_up /usr/lib/python2.7/site-packages/neutron/plugins/ml2/rpc.py:244
2018-06-30 07:04:14.506 25387 DEBUG novaclient.v2.client [-] REQ: curl -g -i -X POST http://10.0.20.27:8774/v2.1/3218dc7862004758b6a8f5b0cc5d6ad5/os-server-external-events -H "User-Agent: python-novaclient" -H "Content-Type: application/json" -H "Accept: application/json" -H "X-OpenStack-Nova-API-Version: 2.1" -H "X-Auth-Token: {SHA1}a93e454fa33a003825a458a64337455c310245ba" -d '{"events": [{"status": "completed", "tag": "33d37ee5-8628-4448-b233-2b0ae8b45f6e", "name": "network-vif-plugged", "server_uuid": "018a3135-8db7-453e-ab60-48e320fabc66"}]}' _http_log_request /usr/lib/python2.7/site-packages/keystoneauth1/session.py:375
2018-06-30 07:04:14.626 25386 DEBUG neutron.db.provisioning_blocks [req-f33d0427-5c2a-4f31-9778-27f5cd5f76c4 - - - - -] Provisioning complete for port 33d37ee5-8628-4448-b233-2b0ae8b45f6e triggered by entity L2. provisioning_complete /usr/lib/python2.7/site-packages/neutron/db/provisioning_blocks.py:138
2018-06-30 07:04:14.627 25386 DEBUG neutron_lib.callbacks.manager [req-f33d0427-5c2a-4f31-9778-27f5cd5f76c4 - - - - -] Notify callbacks ['neutron.plugins.ml2.plugin.Ml2Plugin._port_provisioned-968344'] for port, provisioning_complete _notify_loop /usr/lib/python2.7/site-packages/neutron_lib/callbacks/manager.py:167
2018-06-30 07:04:16.554 25375 DEBUG neutron.wsgi [-] (25375) accepted ('10.0.20.27', 46290) server /usr/lib/python2.7/site-packages/eventlet/wsgi.py:883
2018-06-30 07:04:17.158 25375 WARNING keystonemiddleware.auth_token [-] A valid token was submitted as a service token, but it was not a valid service token. This is incorrect but backwards compatible behaviour. This will be removed in future releases.
2018-06-30 07:04:17.558 25387 DEBUG novaclient.v2.client [-] RESP: [200] Content-Length: 183 Content-Type: application/json Openstack-Api-Version: compute 2.1 X-Openstack-Nova-Api-Version: 2.1 Vary: OpenStack-API-Version, X-OpenStack-Nova-API-Version X-Openstack-Request-Id: req-29cf2c1c-3b5a-47fe-8fe1-65fd4b9d26da X-Compute-Request-Id: req-29cf2c1c-3b5a-47fe-8fe1-65fd4b9d26da Date: Sat, 30 Jun 2018 05:04:17 GMT Connection: keep-alive 
RESP BODY: {"events": [{"status": "completed", "tag": "33d37ee5-8628-4448-b233-2b0ae8b45f6e", "name": "network-vif-plugged", "server_uuid": "018a3135-8db7-453e-ab60-48e320fabc66", "code": 200}]}
 _http_log_response /usr/lib/python2.7/site-packages/keystoneauth1/session.py:423
2018-06-30 07:04:17.559 25387 DEBUG novaclient.v2.client [-] POST call to compute for http://10.0.20.27:8774/v2.1/3218dc7862004758b6a8f5b0cc5d6ad5/os-server-external-events used request id req-29cf2c1c-3b5a-47fe-8fe1-65fd4b9d26da request /usr/lib/python2.7/site-packages/keystoneauth1/session.py:727
2018-06-30 07:04:17.570 25387 INFO neutron.notifiers.nova [-] Nova event response: {u'status': u'completed', u'tag': u'33d37ee5-8628-4448-b233-2b0ae8b45f6e', u'name': u'network-vif-plugged', u'server_uuid': u'018a3135-8db7-453e-ab60-48e320fabc66', u'code': 200}
2018-06-30 07:04:17.970 25375 INFO neutron.wsgi [req-c3b9eebe-f38d-446c-83b1-e28d9dc30317 e32b46440c6946979728c3d1a075bec6 a00e0cbfa39948399aedadd730e50c52 - 1b169e88df5e4b5fbab99847cd911eaf 1b169e88df5e4b5fbab99847cd911eaf] 10.0.20.27 "GET /v2.0/ports?device_id=018a3135-8db7-453e-ab60-48e320fabc66 HTTP/1.1" status: 200  len: 1124 time: 1.4126790
2018-06-30 07:04:18.192 25375 INFO neutron.wsgi [req-7dfd59f4-449b-4180-b70a-44fcae4f1252 e32b46440c6946979728c3d1a075bec6 a00e0cbfa39948399aedadd730e50c52 - 1b169e88df5e4b5fbab99847cd911eaf 1b169e88df5e4b5fbab99847cd911eaf] 10.0.20.27 "GET /v2.0/security-groups?id=16f30c48-0737-4a0f-b602-576f4d45308d HTTP/1.1" status: 200  len: 2118 time: 0.1807530
2018-06-30 07:04:19.571 25387 DEBUG oslo_concurrency.lockutils [-] Lock "notifier-2eb8519b-b80d-4bc5-ac42-224214b1b6c7" released by "neutron.notifiers.batch_notifier.synced_send" :: held 6.303s inner /usr/lib/python2.7/site-packages/oslo_concurrency/lockutils.py:282
2018-06-30 07:04:25.450 25392 DEBUG neutron.db.agents_db [req-5a549a9d-ca72-4695-a47f-85353957c776 - - - - -] Agent healthcheck: found 5 active agents agent_health_check /usr/lib/python2.7/site-packages/neutron/db/agents_db.py:281
2018-06-30 07:04:32.069 25380 INFO neutron.wsgi [req-92cb4392-28aa-4b1c-a6e2-fc8a54c02a1c e32b46440c6946979728c3d1a075bec6 a00e0cbfa39948399aedadd730e50c52 - 1b169e88df5e4b5fbab99847cd911eaf 1b169e88df5e4b5fbab99847cd911eaf] 10.0.20.27 "GET /v2.0/ports?device_id=018a3135-8db7-453e-ab60-48e320fabc66 HTTP/1.1" status: 200  len: 1124 time: 0.7320669
2018-06-30 07:04:32.227 25380 INFO neutron.wsgi [req-9de7740a-438a-432a-a88f-b374a4eb0be0 e32b46440c6946979728c3d1a075bec6 a00e0cbfa39948399aedadd730e50c52 - 1b169e88df5e4b5fbab99847cd911eaf 1b169e88df5e4b5fbab99847cd911eaf] 10.0.20.27 "GET /v2.0/security-groups?id=16f30c48-0737-4a0f-b602-576f4d45308d HTTP/1.1" status: 200  len: 2118 time: 0.1494272
2018-06-30 07:04:35.005 25385 DEBUG neutron_lib.callbacks.manager [req-91633ead-c052-4f42-820c-173c9306544e - - - - -] Notify callbacks ['neutron.services.segments.db._update_segment_host_mapping_for_agent-8767459779378'] for agent, after_update _notify_loop /usr/lib/python2.7/site-packages/neutron_lib/callbacks/manager.py:167
2018-06-30 07:04:35.025 25390 DEBUG neutron_lib.callbacks.manager [req-f33d0427-5c2a-4f31-9778-27f5cd5f76c4 - - - - -] Notify callbacks ['neutron.services.segments.db._update_segment_host_mapping_for_agent-8767459779378'] for agent, after_update _notify_loop /usr/lib/python2.7/site-packages/neutron_lib/callbacks/manager.py:167
2018-06-30 07:04:35.026 25388 DEBUG neutron_lib.callbacks.manager [req-7e9d0f89-fa54-4ba0-9104-92bccbb2f005 - - - - -] Notify callbacks ['neutron.services.segments.db._update_segment_host_mapping_for_agent-8767459779378'] for agent, after_update _notify_loop /usr/lib/python2.7/site-packages/neutron_lib/callbacks/manager.py:167
2018-06-30 07:04:35.701 25387 DEBUG neutron_lib.callbacks.manager [req-8f96098f-fe3e-4c3f-9063-ac357ea196af - - - - -] Notify callbacks ['neutron.services.segments.db._update_segment_host_mapping_for_agent-8767459779378'] for agent, after_update _notify_loop /usr/lib/python2.7/site-packages/neutron_lib/callbacks/manager.py:167
2018-06-30 07:04:39.546 25381 DEBUG neutron_lib.callbacks.manager [req-e12bbaab-c379-4a7d-b24f-7e42a163b2f5 - - - - -] Notify callbacks ['neutron.services.segments.db._update_segment_host_mapping_for_agent-8767459779378'] for agent, after_update _notify_loop /usr/lib/python2.7/site-packages/neutron_lib/callbacks/manager.py:167
2018-06-30 07:04:43.045 25378 INFO neutron.wsgi [req-41f6c29b-a4e3-457d-b126-0a0697fa2b88 479e046780fe410b9faee29c0cb53b35 3218dc7862004758b6a8f5b0cc5d6ad5 - default default] 10.0.20.27 "GET /v2.0/ports?tenant_id=a00e0cbfa39948399aedadd730e50c52&device_id=018a3135-8db7-453e-ab60-48e320fabc66 HTTP/1.1" status: 200  len: 1124 time: 0.1355772
2018-06-30 07:04:43.316 25378 DEBUG neutron.pecan_wsgi.hooks.policy_enforcement [req-37fbdeca-622f-4fd1-afaa-00e8e66001e6 479e046780fe410b9faee29c0cb53b35 3218dc7862004758b6a8f5b0cc5d6ad5 - default default] Attributes excluded by policy engine: [u'vlan_transparent'] _exclude_attributes_by_policy /usr/lib/python2.7/site-packages/neutron/pecan_wsgi/hooks/policy_enforcement.py:256
2018-06-30 07:04:43.319 25378 INFO neutron.wsgi [req-37fbdeca-622f-4fd1-afaa-00e8e66001e6 479e046780fe410b9faee29c0cb53b35 3218dc7862004758b6a8f5b0cc5d6ad5 - default default] 10.0.20.27 "GET /v2.0/networks?id=627661fc-8448-4df4-8a7c-7a2da218f4d3 HTTP/1.1" status: 200  len: 885 time: 0.2648070
2018-06-30 07:04:43.358 25378 INFO neutron.wsgi [req-fee8d81a-9337-4a70-820f-b4e2580d88e2 479e046780fe410b9faee29c0cb53b35 3218dc7862004758b6a8f5b0cc5d6ad5 - default default] 10.0.20.27 "GET /v2.0/floatingips?fixed_ip_address=11.134.1.8&port_id=33d37ee5-8628-4448-b233-2b0ae8b45f6e HTTP/1.1" status: 200  len: 217 time: 0.0292022
2018-06-30 07:04:43.558 25378 DEBUG neutron.pecan_wsgi.hooks.policy_enforcement [req-dc9a6993-48cf-47cf-bf9e-a2722d00d09b 479e046780fe410b9faee29c0cb53b35 3218dc7862004758b6a8f5b0cc5d6ad5 - default default] Attributes excluded by policy engine: [u'shared'] _exclude_attributes_by_policy /usr/lib/python2.7/site-packages/neutron/pecan_wsgi/hooks/policy_enforcement.py:256
2018-06-30 07:04:43.561 25378 INFO neutron.wsgi [req-dc9a6993-48cf-47cf-bf9e-a2722d00d09b 479e046780fe410b9faee29c0cb53b35 3218dc7862004758b6a8f5b0cc5d6ad5 - default default] 10.0.20.27 "GET /v2.0/subnets?id=8630cac7-670e-494a-b017-2f25aef57ea2 HTTP/1.1" status: 200  len: 847 time: 0.1952569
2018-06-30 07:04:43.678 25378 INFO neutron.wsgi [req-26458fa3-7cbb-4f6b-8362-c2cff19fa041 479e046780fe410b9faee29c0cb53b35 3218dc7862004758b6a8f5b0cc5d6ad5 - default default] 10.0.20.27 "GET /v2.0/ports?network_id=627661fc-8448-4df4-8a7c-7a2da218f4d3&device_owner=network%3Adhcp HTTP/1.1" status: 200  len: 1128 time: 0.1088738
2018-06-30 07:04:46.590 25375 DEBUG neutron.wsgi [-] (25375) accepted ('10.0.20.27', 46402) server /usr/lib/python2.7/site-packages/eventlet/wsgi.py:883
2018-06-30 07:04:46.595 25375 INFO neutron.wsgi [-] 10.0.20.27 "GET / HTTP/1.1" status: 200  len: 252 time: 0.0022080
2018-06-30 07:04:47.163 25375 INFO neutron.pecan_wsgi.hooks.translation [req-926e19de-fbc7-4063-8b6c-52cece0161ea 48ab82a30a8f41a1a784b8bc09bc487a 5528f1fe5f894ddba5fb2776fb82674e - default default] GET failed (client error): The resource could not be found.
2018-06-30 07:04:47.168 25375 INFO neutron.wsgi [req-926e19de-fbc7-4063-8b6c-52cece0161ea 48ab82a30a8f41a1a784b8bc09bc487a 5528f1fe5f894ddba5fb2776fb82674e - default default] 10.0.20.27 "GET /v2.0/networks/public HTTP/1.1" status: 404  len: 314 time: 0.5646620
2018-06-30 07:04:47.537 25375 DEBUG neutron.pecan_wsgi.hooks.policy_enforcement [req-5f5043d4-3cd4-4b23-b9d2-0010e0d61154 48ab82a30a8f41a1a784b8bc09bc487a 5528f1fe5f894ddba5fb2776fb82674e - default default] Attributes excluded by policy engine: [u'vlan_transparent'] _exclude_attributes_by_policy /usr/lib/python2.7/site-packages/neutron/pecan_wsgi/hooks/policy_enforcement.py:256
2018-06-30 07:04:47.539 25375 DEBUG neutron.pecan_wsgi.hooks.policy_enforcement [req-5f5043d4-3cd4-4b23-b9d2-0010e0d61154 48ab82a30a8f41a1a784b8bc09bc487a 5528f1fe5f894ddba5fb2776fb82674e - default default] Attributes excluded by policy engine: [u'vlan_transparent'] _exclude_attributes_by_policy /usr/lib/python2.7/site-packages/neutron/pecan_wsgi/hooks/policy_enforcement.py:256
2018-06-30 07:04:47.540 25375 DEBUG neutron.pecan_wsgi.hooks.policy_enforcement [req-5f5043d4-3cd4-4b23-b9d2-0010e0d61154 48ab82a30a8f41a1a784b8bc09bc487a 5528f1fe5f894ddba5fb2776fb82674e - default default] Attributes excluded by policy engine: [u'vlan_transparent'] _exclude_attributes_by_policy /usr/lib/python2.7/site-packages/neutron/pecan_wsgi/hooks/policy_enforcement.py:256
2018-06-30 07:04:47.544 25375 INFO neutron.wsgi [req-5f5043d4-3cd4-4b23-b9d2-0010e0d61154 48ab82a30a8f41a1a784b8bc09bc487a 5528f1fe5f894ddba5fb2776fb82674e - default default] 10.0.20.27 "GET /v2.0/networks HTTP/1.1" status: 200  len: 2214 time: 0.3684008
2018-06-30 07:04:48.282 25375 DEBUG neutron.api.v2.base [req-cf280fec-0676-436f-b09e-07efadd87e0b 48ab82a30a8f41a1a784b8bc09bc487a 5528f1fe5f894ddba5fb2776fb82674e - default default] Request body: {u'floatingip': {u'floating_network_id': u'6ca5b7c5-23c0-4771-ad3c-ae15aacd634c', u'tenant_id': u'a00e0cbfa39948399aedadd730e50c52'}} prepare_request_body /usr/lib/python2.7/site-packages/neutron/api/v2/base.py:695
2018-06-30 07:04:48.302 25375 DEBUG neutron.db.quota.driver [req-cf280fec-0676-436f-b09e-07efadd87e0b 48ab82a30a8f41a1a784b8bc09bc487a 5528f1fe5f894ddba5fb2776fb82674e - default default] Resources subnetpool have unlimited quota limit. It is not required to calculate headroom  make_reservation /usr/lib/python2.7/site-packages/neutron/db/quota/driver.py:223
2018-06-30 07:04:48.316 25375 DEBUG neutron.quota.resource [req-cf280fec-0676-436f-b09e-07efadd87e0b 48ab82a30a8f41a1a784b8bc09bc487a 5528f1fe5f894ddba5fb2776fb82674e - default default] Usage tracker for resource:floatingip and tenant:a00e0cbfa39948399aedadd730e50c52 is out of sync, need to count used quota count_used /usr/lib/python2.7/site-packages/neutron/quota/resource.py:274
2018-06-30 07:04:48.338 25375 DEBUG neutron.quota.resource [req-cf280fec-0676-436f-b09e-07efadd87e0b 48ab82a30a8f41a1a784b8bc09bc487a 5528f1fe5f894ddba5fb2776fb82674e - default default] Quota usage for floatingip was recalculated. Used quota:0. count_used /usr/lib/python2.7/site-packages/neutron/quota/resource.py:293
2018-06-30 07:04:48.354 25375 DEBUG neutron.db.quota.driver [req-cf280fec-0676-436f-b09e-07efadd87e0b 48ab82a30a8f41a1a784b8bc09bc487a 5528f1fe5f894ddba5fb2776fb82674e - default default] Attempting to reserve 1 items for resource floatingip. Total usage: 0; quota limit: 50; headroom:50 make_reservation /usr/lib/python2.7/site-packages/neutron/db/quota/driver.py:255
2018-06-30 07:04:48.747 25375 DEBUG neutron_lib.callbacks.manager [req-cf280fec-0676-436f-b09e-07efadd87e0b 48ab82a30a8f41a1a784b8bc09bc487a 5528f1fe5f894ddba5fb2776fb82674e - default default] Notify callbacks ['neutron.plugins.ml2.plugin.Ml2Plugin._ensure_default_security_group_handler--9223372036854386092'] for port, before_create _notify_loop /usr/lib/python2.7/site-packages/neutron_lib/callbacks/manager.py:167
2018-06-30 07:04:49.604 25375 DEBUG neutron.db.db_base_plugin_common [req-cf280fec-0676-436f-b09e-07efadd87e0b 48ab82a30a8f41a1a784b8bc09bc487a 5528f1fe5f894ddba5fb2776fb82674e - default default] Allocated IP 172.24.4.6 (6ca5b7c5-23c0-4771-ad3c-ae15aacd634c/ac2387df-a63d-4d9b-ad90-008a8600e0e1/af8e8471-e3ea-4b99-97e9-e7784bc07cd5) _store_ip_allocation /usr/lib/python2.7/site-packages/neutron/db/db_base_plugin_common.py:122
2018-06-30 07:04:50.000 25375 DEBUG neutron_lib.callbacks.manager [req-cf280fec-0676-436f-b09e-07efadd87e0b 48ab82a30a8f41a1a784b8bc09bc487a 5528f1fe5f894ddba5fb2776fb82674e - default default] Notify callbacks [] for port, precommit_create _notify_loop /usr/lib/python2.7/site-packages/neutron_lib/callbacks/manager.py:167
2018-06-30 07:04:50.119 25375 DEBUG neutron_lib.callbacks.manager [req-cf280fec-0676-436f-b09e-07efadd87e0b 48ab82a30a8f41a1a784b8bc09bc487a 5528f1fe5f894ddba5fb2776fb82674e - default default] Notify callbacks ['neutron.plugins.ml2.ovo_rpc._ObjectChangeHandler.handle_event-1626914', 'neutron.api.rpc.agentnotifiers.dhcp_rpc_agent_api.DhcpAgentNotifyAPI._native_event_send_dhcp_notification-1474323', 'neutron.plugins.ml2.plugin.Ml2Plugin.notify_sg_on_port_change-389865', 'neutron.db.l3_dvrscheduler_db._notify_l3_agent_new_port--9223363269395358302'] for port, after_create _notify_loop /usr/lib/python2.7/site-packages/neutron_lib/callbacks/manager.py:167
2018-06-30 07:04:50.152 25375 DEBUG oslo_concurrency.lockutils [-] Lock "event-dispatch" acquired by "neutron.plugins.ml2.ovo_rpc.dispatch_events" :: waited 0.000s inner /usr/lib/python2.7/site-packages/oslo_concurrency/lockutils.py:270
2018-06-30 07:04:50.467 25375 DEBUG neutron.api.rpc.handlers.resources_rpc [req-cf280fec-0676-436f-b09e-07efadd87e0b 48ab82a30a8f41a1a784b8bc09bc487a 5528f1fe5f894ddba5fb2776fb82674e - - -] neutron.api.rpc.handlers.resources_rpc.ResourcesPushRpcApi method push called with arguments (<neutron_lib.context.Context object at 0x7f95540985d0>, [Port(admin_state_up=True,allowed_address_pairs=[],binding=PortBinding,binding_levels=[],created_at=2018-06-30T05:04:49Z,data_plane_status=<?>,description='',device_id='PENDING',device_owner='network:floatingip',dhcp_options=[],distributed_binding=None,dns=None,fixed_ips=[IPAllocation],id=af8e8471-e3ea-4b99-97e9-e7784bc07cd5,mac_address=fa:16:3e:7a:23:bf,name='',network_id=6ca5b7c5-23c0-4771-ad3c-ae15aacd634c,project_id='',qos_policy_id=None,revision_number=3,security=PortSecurity(af8e8471-e3ea-4b99-97e9-e7784bc07cd5),security_group_ids=set([]),status='N/A',updated_at=2018-06-30T05:04:49Z)], 'updated') {} wrapper /usr/lib/python2.7/site-packages/oslo_log/helpers.py:66
2018-06-30 07:04:50.526 25375 DEBUG neutron.api.rpc.callbacks.version_manager [req-cf280fec-0676-436f-b09e-07efadd87e0b 48ab82a30a8f41a1a784b8bc09bc487a 5528f1fe5f894ddba5fb2776fb82674e - - -] Version for resource type Subnet changed None to 1.0 on consumer Open vSwitch agent@localhost.localdomain _set_version /usr/lib/python2.7/site-packages/neutron/api/rpc/callbacks/version_manager.py:119
2018-06-30 07:04:50.527 25375 DEBUG neutron.api.rpc.callbacks.version_manager [req-cf280fec-0676-436f-b09e-07efadd87e0b 48ab82a30a8f41a1a784b8bc09bc487a 5528f1fe5f894ddba5fb2776fb82674e - - -] Version for resource type Network changed None to 1.0 on consumer Open vSwitch agent@localhost.localdomain _set_version /usr/lib/python2.7/site-packages/neutron/api/rpc/callbacks/version_manager.py:119
2018-06-30 07:04:50.528 25375 DEBUG neutron.api.rpc.callbacks.version_manager [req-cf280fec-0676-436f-b09e-07efadd87e0b 48ab82a30a8f41a1a784b8bc09bc487a 5528f1fe5f894ddba5fb2776fb82674e - - -] Version for resource type SubPort changed None to 1.0 on consumer Open vSwitch agent@localhost.localdomain _set_version /usr/lib/python2.7/site-packages/neutron/api/rpc/callbacks/version_manager.py:119
2018-06-30 07:04:50.529 25375 DEBUG neutron.api.rpc.callbacks.version_manager [req-cf280fec-0676-436f-b09e-07efadd87e0b 48ab82a30a8f41a1a784b8bc09bc487a 5528f1fe5f894ddba5fb2776fb82674e - - -] Version for resource type SecurityGroup changed None to 1.0 on consumer Open vSwitch agent@localhost.localdomain _set_version /usr/lib/python2.7/site-packages/neutron/api/rpc/callbacks/version_manager.py:119
2018-06-30 07:04:50.529 25375 DEBUG neutron.api.rpc.callbacks.version_manager [req-cf280fec-0676-436f-b09e-07efadd87e0b 48ab82a30a8f41a1a784b8bc09bc487a 5528f1fe5f894ddba5fb2776fb82674e - - -] Version for resource type SecurityGroupRule changed None to 1.0 on consumer Open vSwitch agent@localhost.localdomain _set_version /usr/lib/python2.7/site-packages/neutron/api/rpc/callbacks/version_manager.py:119
2018-06-30 07:04:50.530 25375 DEBUG neutron.api.rpc.callbacks.version_manager [req-cf280fec-0676-436f-b09e-07efadd87e0b 48ab82a30a8f41a1a784b8bc09bc487a 5528f1fe5f894ddba5fb2776fb82674e - - -] Version for resource type Trunk changed None to 1.1 on consumer Open vSwitch agent@localhost.localdomain _set_version /usr/lib/python2.7/site-packages/neutron/api/rpc/callbacks/version_manager.py:119
2018-06-30 07:04:50.531 25375 DEBUG neutron.api.rpc.callbacks.version_manager [req-cf280fec-0676-436f-b09e-07efadd87e0b 48ab82a30a8f41a1a784b8bc09bc487a 5528f1fe5f894ddba5fb2776fb82674e - - -] Version for resource type QosPolicy changed None to 1.6 on consumer Open vSwitch agent@localhost.localdomain _set_version /usr/lib/python2.7/site-packages/neutron/api/rpc/callbacks/version_manager.py:119
2018-06-30 07:04:50.531 25375 DEBUG neutron.api.rpc.callbacks.version_manager [req-cf280fec-0676-436f-b09e-07efadd87e0b 48ab82a30a8f41a1a784b8bc09bc487a 5528f1fe5f894ddba5fb2776fb82674e - - -] Version for resource type Port changed None to 1.1 on consumer Open vSwitch agent@localhost.localdomain _set_version /usr/lib/python2.7/site-packages/neutron/api/rpc/callbacks/version_manager.py:119
2018-06-30 07:04:50.532 25375 DEBUG neutron.api.rpc.callbacks.version_manager [req-cf280fec-0676-436f-b09e-07efadd87e0b 48ab82a30a8f41a1a784b8bc09bc487a 5528f1fe5f894ddba5fb2776fb82674e - - -] Version for resource type Log changed None to 1.0 on consumer Open vSwitch agent@localhost.localdomain _set_version /usr/lib/python2.7/site-packages/neutron/api/rpc/callbacks/version_manager.py:119
2018-06-30 07:04:50.535 25375 DEBUG neutron.api.rpc.callbacks.version_manager [req-cf280fec-0676-436f-b09e-07efadd87e0b 48ab82a30a8f41a1a784b8bc09bc487a 5528f1fe5f894ddba5fb2776fb82674e - - -] Tracked resource versions report:
pushed versions:
{   'Log': set(['1.0']),
    'Network': set(['1.0']),
    'Port': set(['1.1']),
    'QosPolicy': set(['1.6']),
    'SecurityGroup': set(['1.0']),
    'SecurityGroupRule': set(['1.0']),
    'SubPort': set(['1.0']),
    'Subnet': set(['1.0']),
    'Trunk': set(['1.1'])}

consumer versions:
{   DHCP agent@localhost.localdomain: {   },
    L3 agent@localhost.localdomain: {   },
    Metadata agent@localhost.localdomain: {   },
    Metering agent@localhost.localdomain: {   },
    Open vSwitch agent@localhost.localdomain: {   u'Log': u'1.0',
                                                  u'Network': u'1.0',
                                                  u'Port': u'1.1',
                                                  u'QosPolicy': u'1.6',
                                                  u'SecurityGroup': u'1.0',
                                                  u'SecurityGroupRule': u'1.0',
                                                  u'SubPort': u'1.0',
                                                  u'Subnet': u'1.0',
                                                  u'Trunk': u'1.1'}}
 report /usr/lib/python2.7/site-packages/neutron/api/rpc/callbacks/version_manager.py:178
2018-06-30 07:04:50.974 25375 DEBUG neutron.scheduler.dhcp_agent_scheduler [req-cf280fec-0676-436f-b09e-07efadd87e0b 48ab82a30a8f41a1a784b8bc09bc487a 5528f1fe5f894ddba5fb2776fb82674e - default default] Network 6ca5b7c5-23c0-4771-ad3c-ae15aacd634c is already hosted by enough agents. _get_dhcp_agents_hosting_network /usr/lib/python2.7/site-packages/neutron/scheduler/dhcp_agent_scheduler.py:243
2018-06-30 07:04:51.017 25375 DEBUG oslo_concurrency.lockutils [req-cf280fec-0676-436f-b09e-07efadd87e0b 48ab82a30a8f41a1a784b8bc09bc487a 5528f1fe5f894ddba5fb2776fb82674e - - -] Lock "event-dispatch" released by "neutron.plugins.ml2.ovo_rpc.dispatch_events" :: held 0.865s inner /usr/lib/python2.7/site-packages/oslo_concurrency/lockutils.py:282
2018-06-30 07:04:51.032 25375 DEBUG neutron.db.l3_dvrscheduler_db [req-cf280fec-0676-436f-b09e-07efadd87e0b 48ab82a30a8f41a1a784b8bc09bc487a 5528f1fe5f894ddba5fb2776fb82674e - default default] Received port after_create _notify_l3_agent_new_port /usr/lib/python2.7/site-packages/neutron/db/l3_dvrscheduler_db.py:392
2018-06-30 07:04:51.174 25375 DEBUG neutron_lib.callbacks.manager [req-cf280fec-0676-436f-b09e-07efadd87e0b 48ab82a30a8f41a1a784b8bc09bc487a 5528f1fe5f894ddba5fb2776fb82674e - default default] Notify callbacks ['neutron.plugins.ml2.plugin.Ml2Plugin._ensure_default_security_group_handler--9223372036854386092'] for port, before_update _notify_loop /usr/lib/python2.7/site-packages/neutron_lib/callbacks/manager.py:167
2018-06-30 07:04:52.054 25375 DEBUG neutron_lib.callbacks.manager [req-cf280fec-0676-436f-b09e-07efadd87e0b 48ab82a30a8f41a1a784b8bc09bc487a 5528f1fe5f894ddba5fb2776fb82674e - default default] Notify callbacks [] for port, precommit_update _notify_loop /usr/lib/python2.7/site-packages/neutron_lib/callbacks/manager.py:167
2018-06-30 07:04:52.073 25375 DEBUG neutron_lib.callbacks.manager [req-cf280fec-0676-436f-b09e-07efadd87e0b 48ab82a30a8f41a1a784b8bc09bc487a 5528f1fe5f894ddba5fb2776fb82674e - default default] Notify callbacks ['neutron.plugins.ml2.ovo_rpc._ObjectChangeHandler.handle_event-1626914', 'neutron.api.rpc.agentnotifiers.dhcp_rpc_agent_api.DhcpAgentNotifyAPI._native_event_send_dhcp_notification-1474323', 'neutron.plugins.ml2.plugin.Ml2Plugin.notify_sg_on_port_change-389865', 'neutron.db.l3_dvrscheduler_db._notify_l3_agent_port_update--9223363269395358287', 'neutron.db.l3_hascheduler_db._notify_l3_agent_ha_port_update-8767459417605'] for port, after_update _notify_loop /usr/lib/python2.7/site-packages/neutron_lib/callbacks/manager.py:167
2018-06-30 07:04:52.108 25375 DEBUG oslo_concurrency.lockutils [-] Lock "event-dispatch" acquired by "neutron.plugins.ml2.ovo_rpc.dispatch_events" :: waited 0.000s inner /usr/lib/python2.7/site-packages/oslo_concurrency/lockutils.py:270
2018-06-30 07:04:52.427 25375 DEBUG neutron.api.rpc.handlers.resources_rpc [req-cf280fec-0676-436f-b09e-07efadd87e0b 48ab82a30a8f41a1a784b8bc09bc487a 5528f1fe5f894ddba5fb2776fb82674e - - -] neutron.api.rpc.handlers.resources_rpc.ResourcesPushRpcApi method push called with arguments (<neutron_lib.context.Context object at 0x7f95540130d0>, [Port(admin_state_up=True,allowed_address_pairs=[],binding=PortBinding,binding_levels=[],created_at=2018-06-30T05:04:49Z,data_plane_status=<?>,description='',device_id='eda82b29-c845-49b4-8d7f-8b421d3095d2',device_owner='network:floatingip',dhcp_options=[],distributed_binding=None,dns=None,fixed_ips=[IPAllocation],id=af8e8471-e3ea-4b99-97e9-e7784bc07cd5,mac_address=fa:16:3e:7a:23:bf,name='',network_id=6ca5b7c5-23c0-4771-ad3c-ae15aacd634c,project_id='',qos_policy_id=None,revision_number=4,security=PortSecurity(af8e8471-e3ea-4b99-97e9-e7784bc07cd5),security_group_ids=set([]),status='N/A',updated_at=2018-06-30T05:04:51Z)], 'updated') {} wrapper /usr/lib/python2.7/site-packages/oslo_log/helpers.py:66
2018-06-30 07:04:52.498 25375 DEBUG oslo_concurrency.lockutils [req-cf280fec-0676-436f-b09e-07efadd87e0b 48ab82a30a8f41a1a784b8bc09bc487a 5528f1fe5f894ddba5fb2776fb82674e - - -] Lock "event-dispatch" released by "neutron.plugins.ml2.ovo_rpc.dispatch_events" :: held 0.389s inner /usr/lib/python2.7/site-packages/oslo_concurrency/lockutils.py:282
2018-06-30 07:04:52.622 25375 DEBUG neutron_lib.callbacks.manager [req-cf280fec-0676-436f-b09e-07efadd87e0b 48ab82a30a8f41a1a784b8bc09bc487a 5528f1fe5f894ddba5fb2776fb82674e - default default] Notify callbacks ['neutron.services.l3_router.l3_router_plugin.L3RouterPlugin._create_dvr_floating_gw_port-1587920'] for floatingip, after_update _notify_loop /usr/lib/python2.7/site-packages/neutron_lib/callbacks/manager.py:167
2018-06-30 07:04:52.695 25375 DEBUG neutron.quota.resource [req-cf280fec-0676-436f-b09e-07efadd87e0b 48ab82a30a8f41a1a784b8bc09bc487a 5528f1fe5f894ddba5fb2776fb82674e - default default] Persisted dirty status for tenant:a00e0cbfa39948399aedadd730e50c52 on resource:floatingip mark_dirty /usr/lib/python2.7/site-packages/neutron/quota/resource.py:207
2018-06-30 07:04:52.703 25375 DEBUG neutron.quota.resource [req-cf280fec-0676-436f-b09e-07efadd87e0b 48ab82a30a8f41a1a784b8bc09bc487a 5528f1fe5f894ddba5fb2776fb82674e - default default] Persisted dirty status for tenant: on resource:port mark_dirty /usr/lib/python2.7/site-packages/neutron/quota/resource.py:207
2018-06-30 07:04:52.728 25375 DEBUG neutron_lib.callbacks.manager [req-cf280fec-0676-436f-b09e-07efadd87e0b 48ab82a30a8f41a1a784b8bc09bc487a 5528f1fe5f894ddba5fb2776fb82674e - default default] Notify callbacks ['neutron.notifiers.nova.Notifier._send_nova_notification--9223372036854764852'] for floatingip, before_response _notify_loop /usr/lib/python2.7/site-packages/neutron_lib/callbacks/manager.py:167
2018-06-30 07:04:52.732 25375 INFO neutron.wsgi [req-cf280fec-0676-436f-b09e-07efadd87e0b 48ab82a30a8f41a1a784b8bc09bc487a 5528f1fe5f894ddba5fb2776fb82674e - default default] 10.0.20.27 "POST /v2.0/floatingips HTTP/1.1" status: 201  len: 674 time: 4.4785402
2018-06-30 07:04:53.650 25379 DEBUG neutron.wsgi [-] (25379) accepted ('10.0.20.27', 46438) server /usr/lib/python2.7/site-packages/eventlet/wsgi.py:883
2018-06-30 07:04:54.382 25379 INFO neutron.wsgi [req-ead75ca2-da42-435d-84e7-75cb63bd178b 479e046780fe410b9faee29c0cb53b35 3218dc7862004758b6a8f5b0cc5d6ad5 - default default] 10.0.20.27 "GET /v2.0/ports?device_id=018a3135-8db7-453e-ab60-48e320fabc66 HTTP/1.1" status: 200  len: 1124 time: 0.7284749
2018-06-30 07:04:54.569 25379 INFO neutron.wsgi [req-48a3b22a-e46f-4835-bb1c-ad157a0168f1 479e046780fe410b9faee29c0cb53b35 3218dc7862004758b6a8f5b0cc5d6ad5 - default default] 10.0.20.27 "GET /v2.0/security-groups?id=16f30c48-0737-4a0f-b602-576f4d45308d HTTP/1.1" status: 200  len: 2118 time: 0.1396439
2018-06-30 07:04:57.638 25375 DEBUG neutron.wsgi [-] (25375) accepted ('10.0.20.27', 46458) server /usr/lib/python2.7/site-packages/eventlet/wsgi.py:883
2018-06-30 07:04:58.437 25375 INFO neutron.wsgi [req-2b9d2187-cce3-43b3-ba27-7b8e67caa7a0 479e046780fe410b9faee29c0cb53b35 3218dc7862004758b6a8f5b0cc5d6ad5 - default default] 10.0.20.27 "GET /v2.0/ports?device_id=018a3135-8db7-453e-ab60-48e320fabc66 HTTP/1.1" status: 200  len: 1124 time: 0.7971089
2018-06-30 07:04:58.673 25375 INFO neutron.wsgi [req-3d748db9-a530-4029-975a-810fcc1ad1cf 479e046780fe410b9faee29c0cb53b35 3218dc7862004758b6a8f5b0cc5d6ad5 - default default] 10.0.20.27 "GET /v2.0/security-groups?id=16f30c48-0737-4a0f-b602-576f4d45308d HTTP/1.1" status: 200  len: 2118 time: 0.1751130
2018-06-30 07:05:01.527 25375 DEBUG neutron.wsgi [-] (25375) accepted ('10.0.20.27', 46478) server /usr/lib/python2.7/site-packages/eventlet/wsgi.py:883
2018-06-30 07:05:02.399 25375 INFO neutron.wsgi [req-9bd64eee-f822-4bd2-b9f2-599454d83c9d 479e046780fe410b9faee29c0cb53b35 3218dc7862004758b6a8f5b0cc5d6ad5 - default default] 10.0.20.27 "GET /v2.0/ports?device_id=018a3135-8db7-453e-ab60-48e320fabc66 HTTP/1.1" status: 200  len: 1124 time: 0.8689551
2018-06-30 07:05:02.456 25392 DEBUG neutron.db.agents_db [req-5a549a9d-ca72-4695-a47f-85353957c776 - - - - -] Agent healthcheck: found 5 active agents agent_health_check /usr/lib/python2.7/site-packages/neutron/db/agents_db.py:281
2018-06-30 07:05:02.637 25375 INFO neutron.wsgi [req-d85bf5d4-b6f1-4bbd-8183-53a8de6a77b3 479e046780fe410b9faee29c0cb53b35 3218dc7862004758b6a8f5b0cc5d6ad5 - default default] 10.0.20.27 "GET /v2.0/security-groups?id=16f30c48-0737-4a0f-b602-576f4d45308d HTTP/1.1" status: 200  len: 2118 time: 0.1730831
2018-06-30 07:05:04.705 25391 DEBUG neutron_lib.callbacks.manager [req-514452e0-0903-4abe-bed5-038cd6fe4483 - - - - -] Notify callbacks ['neutron.services.segments.db._update_segment_host_mapping_for_agent-8767459779378'] for agent, after_update _notify_loop /usr/lib/python2.7/site-packages/neutron_lib/callbacks/manager.py:167
2018-06-30 07:05:04.746 25382 DEBUG neutron_lib.callbacks.manager [req-f33d0427-5c2a-4f31-9778-27f5cd5f76c4 - - - - -] Notify callbacks ['neutron.services.segments.db._update_segment_host_mapping_for_agent-8767459779378'] for agent, after_update _notify_loop /usr/lib/python2.7/site-packages/neutron_lib/callbacks/manager.py:167
2018-06-30 07:05:04.788 25384 DEBUG neutron_lib.callbacks.manager [req-7e9d0f89-fa54-4ba0-9104-92bccbb2f005 - - - - -] Notify callbacks ['neutron.services.segments.db._update_segment_host_mapping_for_agent-8767459779378'] for agent, after_update _notify_loop /usr/lib/python2.7/site-packages/neutron_lib/callbacks/manager.py:167
2018-06-30 07:05:05.489 25375 DEBUG neutron.wsgi [-] (25375) accepted ('10.0.20.27', 46512) server /usr/lib/python2.7/site-packages/eventlet/wsgi.py:883
2018-06-30 07:05:05.705 25386 DEBUG neutron_lib.callbacks.manager [req-bbacaf24-80ae-4d9b-b955-dcdfa17e39a0 - - - - -] Notify callbacks ['neutron.services.segments.db._update_segment_host_mapping_for_agent-8767459779378'] for agent, after_update _notify_loop /usr/lib/python2.7/site-packages/neutron_lib/callbacks/manager.py:167
2018-06-30 07:05:05.992 25375 INFO neutron.wsgi [req-b604039c-c3dc-4f02-b06f-710a2ca3a9dc 479e046780fe410b9faee29c0cb53b35 3218dc7862004758b6a8f5b0cc5d6ad5 - default default] 10.0.20.27 "GET /v2.0/ports?device_id=018a3135-8db7-453e-ab60-48e320fabc66 HTTP/1.1" status: 200  len: 1124 time: 0.5019121
2018-06-30 07:05:06.125 25375 INFO neutron.wsgi [req-7b1f70eb-aec0-4915-ac36-ddf51842002e 479e046780fe410b9faee29c0cb53b35 3218dc7862004758b6a8f5b0cc5d6ad5 - default default] 10.0.20.27 "GET /v2.0/security-groups?id=16f30c48-0737-4a0f-b602-576f4d45308d HTTP/1.1" status: 200  len: 2118 time: 0.1107161
2018-06-30 07:05:08.393 25379 DEBUG neutron.wsgi [-] (25379) accepted ('10.0.20.27', 46552) server /usr/lib/python2.7/site-packages/eventlet/wsgi.py:883
2018-06-30 07:05:08.823 25379 WARNING keystonemiddleware.auth_token [-] A valid token was submitted as a service token, but it was not a valid service token. This is incorrect but backwards compatible behaviour. This will be removed in future releases.
2018-06-30 07:05:09.527 25385 DEBUG neutron_lib.callbacks.manager [req-e12bbaab-c379-4a7d-b24f-7e42a163b2f5 - - - - -] Notify callbacks ['neutron.services.segments.db._update_segment_host_mapping_for_agent-8767459779378'] for agent, after_update _notify_loop /usr/lib/python2.7/site-packages/neutron_lib/callbacks/manager.py:167
2018-06-30 07:05:09.739 25379 INFO neutron.wsgi [req-51857b41-4849-4a75-a1f6-b11263ead755 e32b46440c6946979728c3d1a075bec6 a00e0cbfa39948399aedadd730e50c52 - 1b169e88df5e4b5fbab99847cd911eaf 1b169e88df5e4b5fbab99847cd911eaf] 10.0.20.27 "GET /v2.0/ports?device_id=018a3135-8db7-453e-ab60-48e320fabc66 HTTP/1.1" status: 200  len: 1124 time: 1.3415849
2018-06-30 07:05:09.939 25379 INFO neutron.wsgi [req-e556ab52-28a9-4ad9-a0ed-ec90f554f3dd e32b46440c6946979728c3d1a075bec6 a00e0cbfa39948399aedadd730e50c52 - 1b169e88df5e4b5fbab99847cd911eaf 1b169e88df5e4b5fbab99847cd911eaf] 10.0.20.27 "GET /v2.0/security-groups?id=16f30c48-0737-4a0f-b602-576f4d45308d HTTP/1.1" status: 200  len: 2118 time: 0.1573591
2018-06-30 07:05:10.397 25379 INFO neutron.wsgi [req-5122b7ee-1294-4a7c-83ae-74878f4c8f7b e32b46440c6946979728c3d1a075bec6 a00e0cbfa39948399aedadd730e50c52 - 1b169e88df5e4b5fbab99847cd911eaf 1b169e88df5e4b5fbab99847cd911eaf] 10.0.20.27 "GET /v2.0/ports?device_owner=compute%3Anova&device_id=018a3135-8db7-453e-ab60-48e320fabc66 HTTP/1.1" status: 200  len: 1124 time: 0.2420189
2018-06-30 07:05:10.507 25379 INFO neutron.wsgi [req-55eae698-7f81-495b-9cdc-d17b7069aa3d e32b46440c6946979728c3d1a075bec6 a00e0cbfa39948399aedadd730e50c52 - 1b169e88df5e4b5fbab99847cd911eaf 1b169e88df5e4b5fbab99847cd911eaf] 10.0.20.27 "GET /v2.0/floatingips?floating_ip_address=172.24.4.6 HTTP/1.1" status: 200  len: 672 time: 0.0995941
2018-06-30 07:05:10.672 25379 DEBUG neutron.api.v2.base [req-6ef64db4-54f9-472e-a403-72bdc06dff5d e32b46440c6946979728c3d1a075bec6 a00e0cbfa39948399aedadd730e50c52 - 1b169e88df5e4b5fbab99847cd911eaf 1b169e88df5e4b5fbab99847cd911eaf] Request body: {u'floatingip': {u'fixed_ip_address': u'11.134.1.8', u'port_id': u'33d37ee5-8628-4448-b233-2b0ae8b45f6e'}} prepare_request_body /usr/lib/python2.7/site-packages/neutron/api/v2/base.py:695
2018-06-30 07:05:11.138 25379 DEBUG neutron_lib.callbacks.manager [req-6ef64db4-54f9-472e-a403-72bdc06dff5d e32b46440c6946979728c3d1a075bec6 a00e0cbfa39948399aedadd730e50c52 - 1b169e88df5e4b5fbab99847cd911eaf 1b169e88df5e4b5fbab99847cd911eaf] Notify callbacks ['neutron.services.l3_router.l3_router_plugin.L3RouterPlugin._create_dvr_floating_gw_port-1587920'] for floatingip, after_update _notify_loop /usr/lib/python2.7/site-packages/neutron_lib/callbacks/manager.py:167
2018-06-30 07:05:11.890 25379 DEBUG neutron.scheduler.l3_agent_scheduler [req-6ef64db4-54f9-472e-a403-72bdc06dff5d e32b46440c6946979728c3d1a075bec6 a00e0cbfa39948399aedadd730e50c52 - 1b169e88df5e4b5fbab99847cd911eaf 1b169e88df5e4b5fbab99847cd911eaf] Router 4f3c3fab-42f8-486e-b8e2-d0ac14631468 has already been hosted by L3 agent 8a7f04c5-f50c-4882-a215-ed76ffaf1adf _get_candidates /usr/lib/python2.7/site-packages/neutron/scheduler/l3_agent_scheduler.py:141
2018-06-30 07:05:11.961 25378 DEBUG neutron.wsgi [-] (25378) accepted ('10.0.20.27', 47608) server /usr/lib/python2.7/site-packages/eventlet/wsgi.py:883
2018-06-30 07:05:12.145 25379 DEBUG neutron.api.rpc.agentnotifiers.l3_rpc_agent_api [req-6ef64db4-54f9-472e-a403-72bdc06dff5d e32b46440c6946979728c3d1a075bec6 a00e0cbfa39948399aedadd730e50c52 - 1b169e88df5e4b5fbab99847cd911eaf 1b169e88df5e4b5fbab99847cd911eaf] Notify agent at l3_agent.localhost.localdomain the message routers_updated _agent_notification /usr/lib/python2.7/site-packages/neutron/api/rpc/agentnotifiers/l3_rpc_agent_api.py:69
2018-06-30 07:05:12.647 25379 DEBUG neutron_lib.callbacks.manager [req-6ef64db4-54f9-472e-a403-72bdc06dff5d e32b46440c6946979728c3d1a075bec6 a00e0cbfa39948399aedadd730e50c52 - 1b169e88df5e4b5fbab99847cd911eaf 1b169e88df5e4b5fbab99847cd911eaf] Notify callbacks ['neutron.notifiers.nova.Notifier._send_nova_notification--9223372036854764852'] for floatingip, before_response _notify_loop /usr/lib/python2.7/site-packages/neutron_lib/callbacks/manager.py:167
2018-06-30 07:05:12.674 25388 DEBUG neutron.db.l3_hamode_db [req-b26dda76-ff76-42fe-9066-b6605fe9f37f - - - - -] neutron.services.l3_router.l3_router_plugin.L3RouterPlugin method get_ha_sync_data_for_host called with arguments (<neutron_lib.context.Context object at 0x7f95544a0a50>, u'localhost.localdomain', <neutron.db.models.agent.Agent[object at 7f9554526d90] {id=u'8a7f04c5-f50c-4882-a215-ed76ffaf1adf', agent_type=u'L3 agent', binary=u'neutron-l3-agent', topic=u'l3_agent', host=u'localhost.localdomain', availability_zone=u'nova', admin_state_up=True, created_at=datetime.datetime(2018, 6, 7, 12, 44, 57), started_at=datetime.datetime(2018, 6, 30, 4, 53, 5), heartbeat_timestamp=datetime.datetime(2018, 6, 30, 5, 5, 5), description=None, configurations=u'{"agent_mode": "legacy", "gateway_external_network_id": "", "handle_internal_only_routers": true, "routers": 2, "interfaces": 2, "floating_ips": 0, "interface_driver": "neutron.agent.linux.interface.OVSInterfaceDriver", "log_agent_heartbeats": false, "external_network_bridge": "", "ex_gw_ports": 2}', resource_versions=None, load=0}>) {'active': True, 'router_ids': ['4f3c3fab-42f8-486e-b8e2-d0ac14631468']} wrapper /usr/lib/python2.7/site-packages/oslo_log/helpers.py:66
2018-06-30 07:05:12.791 25379 INFO neutron.wsgi [req-6ef64db4-54f9-472e-a403-72bdc06dff5d e32b46440c6946979728c3d1a075bec6 a00e0cbfa39948399aedadd730e50c52 - 1b169e88df5e4b5fbab99847cd911eaf 1b169e88df5e4b5fbab99847cd911eaf] 10.0.20.27 "PUT /v2.0/floatingips/eda82b29-c845-49b4-8d7f-8b421d3095d2 HTTP/1.1" status: 200  len: 745 time: 2.2712491
2018-06-30 07:05:12.793 25379 DEBUG oslo_concurrency.lockutils [-] Lock "notifier-2eb8519b-b80d-4bc5-ac42-224214b1b6c7" acquired by "neutron.notifiers.batch_notifier.synced_send" :: waited 0.000s inner /usr/lib/python2.7/site-packages/oslo_concurrency/lockutils.py:270
2018-06-30 07:05:12.794 25379 DEBUG neutron.notifiers.nova [-] Sending events: [{'tag': u'33d37ee5-8628-4448-b233-2b0ae8b45f6e', 'name': 'network-changed', 'server_uuid': u'018a3135-8db7-453e-ab60-48e320fabc66'}] send_events /usr/lib/python2.7/site-packages/neutron/notifiers/nova.py:242
2018-06-30 07:05:12.802 25378 INFO neutron.wsgi [req-a7ed6df8-0c96-4787-bd0f-20a80b0ca951 479e046780fe410b9faee29c0cb53b35 3218dc7862004758b6a8f5b0cc5d6ad5 - default default] 10.0.20.27 "GET /v2.0/ports?device_id=018a3135-8db7-453e-ab60-48e320fabc66 HTTP/1.1" status: 200  len: 1124 time: 0.8373718
2018-06-30 07:05:13.090 25378 INFO neutron.wsgi [req-804f071e-0051-45d2-a9a4-5c944aad7e85 479e046780fe410b9faee29c0cb53b35 3218dc7862004758b6a8f5b0cc5d6ad5 - default default] 10.0.20.27 "GET /v2.0/security-groups?id=16f30c48-0737-4a0f-b602-576f4d45308d HTTP/1.1" status: 200  len: 2118 time: 0.2210600
2018-06-30 07:05:13.739 25388 DEBUG neutron.db.l3_hamode_db [req-b26dda76-ff76-42fe-9066-b6605fe9f37f - - - - -] neutron.services.l3_router.l3_router_plugin.L3RouterPlugin method _process_sync_ha_data called with arguments (<neutron_lib.context.Context object at 0x7f95544a0a50>, [{'status': u'ACTIVE', '_interfaces': [{'status': u'ACTIVE', 'subnets': [{'dns_nameservers': [u'8.8.4.4'], 'ipv6_ra_mode': None, 'gateway_ip': u'11.134.1.1', 'cidr': u'11.134.1.0/24', 'id': u'8630cac7-670e-494a-b017-2f25aef57ea2', 'subnetpool_id': None}], 'binding:host_id': u'localhost.localdomain', 'description': u'', 'allowed_address_pairs': [], 'tags': [], 'extra_dhcp_opts': [], 'updated_at': '2018-06-30T05:03:24Z', 'device_owner': u'network:router_interface', 'revision_number': 7, 'port_security_enabled': False, 'binding:profile': {}, 'mtu': 1450, 'fixed_ips': [{'subnet_id': u'8630cac7-670e-494a-b017-2f25aef57ea2', 'prefixlen': 24, 'ip_address': u'11.134.1.1'}], 'id': u'3f757f40-fd4d-49cd-93b9-a82f539cd234', 'security_groups': [], 'device_id': u'4f3c3fab-42f8-486e-b8e2-d0ac14631468', 'name': u'', 'admin_state_up': True, 'network_id': u'627661fc-8448-4df4-8a7c-7a2da218f4d3', 'tenant_id': u'a00e0cbfa39948399aedadd730e50c52', 'binding:vif_details': {u'port_filter': True, u'datapath_type': u'system', u'ovs_hybrid_plug': True}, 'address_scopes': {4: None, 6: None}, 'binding:vnic_type': u'normal', 'binding:vif_type': u'ovs', 'mac_address': u'fa:16:3e:1b:59:32', 'project_id': u'a00e0cbfa39948399aedadd730e50c52', 'extra_subnets': [], 'created_at': '2018-06-30T05:03:14Z'}], 'enable_snat': True, 'ha_vr_id': 0, 'description': u'', 'tags': [], 'gw_port': {'status': u'ACTIVE', 'subnets': [{'dns_nameservers': [], 'ipv6_ra_mode': None, 'gateway_ip': u'172.24.4.1', 'cidr': u'172.24.4.0/24', 'id': u'ac2387df-a63d-4d9b-ad90-008a8600e0e1', 'subnetpool_id': None}], 'binding:host_id': u'localhost.localdomain', 'description': u'', 'allowed_address_pairs': [], 'tags': [], 'extra_dhcp_opts': [], 'updated_at': '2018-06-30T05:03:36Z', 'device_owner': u'network:router_gateway', 'revision_number': 6, 'port_security_enabled': False, 'binding:profile': {}, 'mtu': 1500, 'fixed_ips': [{'subnet_id': u'ac2387df-a63d-4d9b-ad90-008a8600e0e1', 'prefixlen': 24, 'ip_address': u'172.24.4.11'}], 'id': u'9423c63d-4994-4bb2-99b6-e99a13a7eb40', 'security_groups': [], 'device_id': u'4f3c3fab-42f8-486e-b8e2-d0ac14631468', 'name': u'', 'admin_state_up': True, 'network_id': u'6ca5b7c5-23c0-4771-ad3c-ae15aacd634c', 'tenant_id': u'', 'binding:vif_details': {u'port_filter': True, u'datapath_type': u'system', u'ovs_hybrid_plug': True}, 'address_scopes': {4: None, 6: None}, 'binding:vnic_type': u'normal', 'binding:vif_type': u'ovs', 'mac_address': u'fa:16:3e:b9:55:53', 'project_id': u'', 'extra_subnets': [], 'created_at': '2018-06-30T05:03:29Z'}, 'updated_at': '2018-06-30T05:03:31Z', 'revision_number': 4, 'ha': False, 'id': u'4f3c3fab-42f8-486e-b8e2-d0ac14631468', 'gw_port_host': u'localhost.localdomain', 'external_gateway_info': {'network_id': u'6ca5b7c5-23c0-4771-ad3c-ae15aacd634c', 'enable_snat': True, 'external_fixed_ips': [{'subnet_id': u'ac2387df-a63d-4d9b-ad90-008a8600e0e1', 'ip_address': u'172.24.4.11'}]}, 'availability_zone_hints': [], 'availability_zones': [u'nova'], 'name': u'tempest-router-1530334789', 'gw_port_id': u'9423c63d-4994-4bb2-99b6-e99a13a7eb40', 'admin_state_up': True, 'tenant_id': u'a00e0cbfa39948399aedadd730e50c52', 'created_at': '2018-06-30T05:02:51Z', 'distributed': False, 'flavor_id': None, 'routes': [], 'project_id': u'a00e0cbfa39948399aedadd730e50c52', '_floatingips': [{'router_id': u'4f3c3fab-42f8-486e-b8e2-d0ac14631468', 'status': u'DOWN', 'description': u'', 'tags': [], 'updated_at': '2018-06-30T05:05:11Z', 'dns_domain': '', 'floating_network_id': u'6ca5b7c5-23c0-4771-ad3c-ae15aacd634c', 'fixed_ip_address': u'11.134.1.8', 'floating_ip_address': u'172.24.4.6', 'revision_number': 1, 'port_id': u'33d37ee5-8628-4448-b233-2b0ae8b45f6e', 'id': u'eda82b29-c845-49b4-8d7f-8b421d3095d2', 'dns_name': '', 'created_at': '2018-06-30T05:04:51Z', 'tenant_id': u'a00e0cbfa39948399aedadd730e50c52', 'fixed_ip_address_scope': None, 'project_id': u'a00e0cbfa39948399aedadd730e50c52'}]}], u'localhost.localdomain', False) {} wrapper /usr/lib/python2.7/site-packages/oslo_log/helpers.py:66
2018-06-30 07:05:13.754 25388 DEBUG neutron.api.rpc.handlers.l3_rpc [req-b26dda76-ff76-42fe-9066-b6605fe9f37f - - - - -] Checking router: 4f3c3fab-42f8-486e-b8e2-d0ac14631468 for host: localhost.localdomain _ensure_host_set_on_ports /usr/lib/python2.7/site-packages/neutron/api/rpc/handlers/l3_rpc.py:135
2018-06-30 07:05:14.082 25379 DEBUG novaclient.v2.client [-] REQ: curl -g -i -X POST http://10.0.20.27:8774/v2.1/3218dc7862004758b6a8f5b0cc5d6ad5/os-server-external-events -H "User-Agent: python-novaclient" -H "Content-Type: application/json" -H "Accept: application/json" -H "X-OpenStack-Nova-API-Version: 2.1" -H "X-Auth-Token: {SHA1}991fe3639fccbb2b816cbafc2bc3d914feb17597" -d '{"events": [{"tag": "33d37ee5-8628-4448-b233-2b0ae8b45f6e", "name": "network-changed", "server_uuid": "018a3135-8db7-453e-ab60-48e320fabc66"}]}' _http_log_request /usr/lib/python2.7/site-packages/keystoneauth1/session.py:375
2018-06-30 07:05:14.173 25392 DEBUG neutron.api.rpc.handlers.l3_rpc [req-1b4dae7d-dadf-49c1-80b4-29ab5b066e00 - - - - -] New status for floating IP eda82b29-c845-49b4-8d7f-8b421d3095d2: ACTIVE update_floatingip_statuses /usr/lib/python2.7/site-packages/neutron/api/rpc/handlers/l3_rpc.py:252
2018-06-30 07:05:14.985 25379 INFO neutron.wsgi [req-013e1d99-98a8-41f6-9786-5543af998499 479e046780fe410b9faee29c0cb53b35 3218dc7862004758b6a8f5b0cc5d6ad5 - default default] 10.0.20.27 "GET /v2.0/ports?tenant_id=a00e0cbfa39948399aedadd730e50c52&device_id=018a3135-8db7-453e-ab60-48e320fabc66 HTTP/1.1" status: 200  len: 1124 time: 0.8321712
2018-06-30 07:05:15.060 25379 DEBUG novaclient.v2.client [-] RESP: [200] Content-Length: 179 Content-Type: application/json Openstack-Api-Version: compute 2.1 X-Openstack-Nova-Api-Version: 2.1 Vary: OpenStack-API-Version, X-OpenStack-Nova-API-Version X-Openstack-Request-Id: req-b5c9d082-cc01-4fda-80ab-affbbe6a536c X-Compute-Request-Id: req-b5c9d082-cc01-4fda-80ab-affbbe6a536c Date: Sat, 30 Jun 2018 05:05:15 GMT Connection: keep-alive 
RESP BODY: {"events": [{"status": "completed", "tag": "33d37ee5-8628-4448-b233-2b0ae8b45f6e", "name": "network-changed", "server_uuid": "018a3135-8db7-453e-ab60-48e320fabc66", "code": 200}]}
 _http_log_response /usr/lib/python2.7/site-packages/keystoneauth1/session.py:423
2018-06-30 07:05:15.061 25379 DEBUG novaclient.v2.client [-] POST call to compute for http://10.0.20.27:8774/v2.1/3218dc7862004758b6a8f5b0cc5d6ad5/os-server-external-events used request id req-b5c9d082-cc01-4fda-80ab-affbbe6a536c request /usr/lib/python2.7/site-packages/keystoneauth1/session.py:727
2018-06-30 07:05:15.151 25379 INFO neutron.notifiers.nova [-] Nova event response: {u'status': u'completed', u'tag': u'33d37ee5-8628-4448-b233-2b0ae8b45f6e', u'name': u'network-changed', u'server_uuid': u'018a3135-8db7-453e-ab60-48e320fabc66', u'code': 200}
2018-06-30 07:05:15.249 25378 INFO neutron.wsgi [req-34fab0ba-242f-485b-a4a2-b8e1f8eb12ce 479e046780fe410b9faee29c0cb53b35 3218dc7862004758b6a8f5b0cc5d6ad5 - default default] 10.0.20.27 "GET /v2.0/ports?tenant_id=a00e0cbfa39948399aedadd730e50c52&device_id=018a3135-8db7-453e-ab60-48e320fabc66 HTTP/1.1" status: 200  len: 1124 time: 0.1756320
2018-06-30 07:05:15.297 25379 DEBUG neutron.pecan_wsgi.hooks.policy_enforcement [req-ec821b27-d336-4465-8dd2-6e1d133015b6 479e046780fe410b9faee29c0cb53b35 3218dc7862004758b6a8f5b0cc5d6ad5 - default default] Attributes excluded by policy engine: [u'vlan_transparent'] _exclude_attributes_by_policy /usr/lib/python2.7/site-packages/neutron/pecan_wsgi/hooks/policy_enforcement.py:256
2018-06-30 07:05:15.300 25379 INFO neutron.wsgi [req-ec821b27-d336-4465-8dd2-6e1d133015b6 479e046780fe410b9faee29c0cb53b35 3218dc7862004758b6a8f5b0cc5d6ad5 - default default] 10.0.20.27 "GET /v2.0/networks?id=627661fc-8448-4df4-8a7c-7a2da218f4d3 HTTP/1.1" status: 200  len: 885 time: 0.3082929
2018-06-30 07:05:15.389 25379 INFO neutron.wsgi [req-637b0571-205b-4176-9bc6-b4c81258bbbb 479e046780fe410b9faee29c0cb53b35 3218dc7862004758b6a8f5b0cc5d6ad5 - default default] 10.0.20.27 "GET /v2.0/floatingips?fixed_ip_address=11.134.1.8&port_id=33d37ee5-8628-4448-b233-2b0ae8b45f6e HTTP/1.1" status: 200  len: 750 time: 0.0812480
2018-06-30 07:05:15.591 25378 DEBUG neutron.pecan_wsgi.hooks.policy_enforcement [req-b2b9b873-e1c8-436a-8810-abc956d09286 479e046780fe410b9faee29c0cb53b35 3218dc7862004758b6a8f5b0cc5d6ad5 - default default] Attributes excluded by policy engine: [u'vlan_transparent'] _exclude_attributes_by_policy /usr/lib/python2.7/site-packages/neutron/pecan_wsgi/hooks/policy_enforcement.py:256
2018-06-30 07:05:15.596 25378 INFO neutron.wsgi [req-b2b9b873-e1c8-436a-8810-abc956d09286 479e046780fe410b9faee29c0cb53b35 3218dc7862004758b6a8f5b0cc5d6ad5 - default default] 10.0.20.27 "GET /v2.0/networks?id=627661fc-8448-4df4-8a7c-7a2da218f4d3 HTTP/1.1" status: 200  len: 885 time: 0.3397410
2018-06-30 07:05:15.625 25379 DEBUG neutron.pecan_wsgi.hooks.policy_enforcement [req-339e9dae-d8a3-4cb0-b08e-cbde54e3983c 479e046780fe410b9faee29c0cb53b35 3218dc7862004758b6a8f5b0cc5d6ad5 - default default] Attributes excluded by policy engine: [u'shared'] _exclude_attributes_by_policy /usr/lib/python2.7/site-packages/neutron/pecan_wsgi/hooks/policy_enforcement.py:256
