2018-09-13 00:02:27.504 7234 DEBUG neutron_lib.callbacks.manager [req-3daa8440-6006-40d0-b3cb-951f43f6265e - - - - -] Notify callbacks ['neutron.services.segments.db._update_segment_host_mapping_for_agent--9223363270723814373'] for agent, after_update _notify_loop /usr/lib/python2.7/site-packages/neutron_lib/callbacks/manager.py:167
2018-09-13 00:02:28.441 7235 DEBUG neutron_lib.callbacks.manager [req-24f3bb76-8c97-486e-8371-6db08f8c69c3 - - - - -] Notify callbacks ['neutron.services.segments.db._update_segment_host_mapping_for_agent--9223363270723814373'] for agent, after_update _notify_loop /usr/lib/python2.7/site-packages/neutron_lib/callbacks/manager.py:167
2018-09-13 00:02:34.916 7229 DEBUG neutron_lib.callbacks.manager [req-ef58f021-7759-497b-b48b-486d50c2b15f - - - - -] Notify callbacks ['neutron.services.segments.db._update_segment_host_mapping_for_agent--9223363270723814373'] for agent, after_update _notify_loop /usr/lib/python2.7/site-packages/neutron_lib/callbacks/manager.py:167
2018-09-13 00:02:47.279 7237 DEBUG neutron.db.agents_db [req-2a7cbb37-bbe8-4979-b2f0-514441e785ab - - - - -] Agent healthcheck: found 5 active agents agent_health_check /usr/lib/python2.7/site-packages/neutron/db/agents_db.py:281
2018-09-13 00:02:50.350 7222 DEBUG neutron.wsgi [-] (7222) accepted ('10.0.20.20', 40560) server /usr/lib/python2.7/site-packages/eventlet/wsgi.py:883
2018-09-13 00:02:50.357 7222 INFO neutron.wsgi [-] 10.0.20.20 "GET / HTTP/1.1" status: 200  len: 252 time: 0.0043151
2018-09-13 00:02:50.979 7222 INFO neutron.api.v2.resource [req-7388945b-3886-45ef-8bd9-fbbc9272ad90 946153da038a42829b93772da212bccd 2fe44037fb9b4b65a271a5bd500e1790 - 7d3355e086564757966ae859cb281571 7d3355e086564757966ae859cb281571] show failed (client error): The resource could not be found.
2018-09-13 00:02:50.982 7222 INFO neutron.wsgi [req-7388945b-3886-45ef-8bd9-fbbc9272ad90 946153da038a42829b93772da212bccd 2fe44037fb9b4b65a271a5bd500e1790 - 7d3355e086564757966ae859cb281571 7d3355e086564757966ae859cb281571] 10.0.20.20 "GET /v2.0/floatingips/172.24.4.13 HTTP/1.1" status: 404  len: 325 time: 0.6185482
2018-09-13 00:02:51.049 7222 INFO neutron.wsgi [req-a08132d4-723e-4651-93f0-f97bc38c6c89 946153da038a42829b93772da212bccd 2fe44037fb9b4b65a271a5bd500e1790 - 7d3355e086564757966ae859cb281571 7d3355e086564757966ae859cb281571] 10.0.20.20 "GET /v2.0/floatingips HTTP/1.1" status: 200  len: 2121 time: 0.0558529
2018-09-13 00:02:51.167 7222 DEBUG neutron.plugins.ml2.plugin [req-bf2609f6-f56a-464c-9cbb-9b49b129a35a 946153da038a42829b93772da212bccd 2fe44037fb9b4b65a271a5bd500e1790 - 7d3355e086564757966ae859cb281571 7d3355e086564757966ae859cb281571] Deleting port 0a07ed2c-5342-44f5-a24d-1e91d066dc8d _pre_delete_port /usr/lib/python2.7/site-packages/neutron/plugins/ml2/plugin.py:1488
2018-09-13 00:02:51.171 7222 DEBUG neutron_lib.callbacks.manager [req-bf2609f6-f56a-464c-9cbb-9b49b129a35a 946153da038a42829b93772da212bccd 2fe44037fb9b4b65a271a5bd500e1790 - 7d3355e086564757966ae859cb281571 7d3355e086564757966ae859cb281571] Notify callbacks ['neutron.db.l3_db._prevent_l3_port_delete_callback-8766130996198'] for port, before_delete _notify_loop /usr/lib/python2.7/site-packages/neutron_lib/callbacks/manager.py:167
2018-09-13 00:02:51.584 7222 DEBUG neutron.plugins.ml2.plugin [req-bf2609f6-f56a-464c-9cbb-9b49b129a35a 946153da038a42829b93772da212bccd 2fe44037fb9b4b65a271a5bd500e1790 - 7d3355e086564757966ae859cb281571 7d3355e086564757966ae859cb281571] Calling delete_port for 0a07ed2c-5342-44f5-a24d-1e91d066dc8d owned by network:floatingip delete_port /usr/lib/python2.7/site-packages/neutron/plugins/ml2/plugin.py:1547
2018-09-13 00:02:51.955 7222 DEBUG neutron_lib.callbacks.manager [req-bf2609f6-f56a-464c-9cbb-9b49b129a35a 946153da038a42829b93772da212bccd 2fe44037fb9b4b65a271a5bd500e1790 - 7d3355e086564757966ae859cb281571 7d3355e086564757966ae859cb281571] Notify callbacks ['neutron.api.rpc.agentnotifiers.dhcp_rpc_agent_api.DhcpAgentNotifyAPI._native_event_send_dhcp_notification-3440588', 'neutron.db.l3_dvrscheduler_db._notify_port_delete-8766130420078', 'neutron.plugins.ml2.plugin.Ml2Plugin.notify_sg_on_port_change-916126', 'neutron.db.l3_db._notify_routers_callback--9223363270723768896', 'neutron.plugins.ml2.ovo_rpc._ObjectChangeHandler.handle_event-3651566'] for port, after_delete _notify_loop /usr/lib/python2.7/site-packages/neutron_lib/callbacks/manager.py:167
2018-09-13 00:02:52.720 7222 DEBUG oslo_concurrency.lockutils [-] Lock "event-dispatch" acquired by "neutron.plugins.ml2.ovo_rpc.dispatch_events" :: waited 0.000s inner /usr/lib/python2.7/site-packages/oslo_concurrency/lockutils.py:270
2018-09-13 00:02:52.907 7222 DEBUG neutron.api.rpc.handlers.resources_rpc [req-bf2609f6-f56a-464c-9cbb-9b49b129a35a 946153da038a42829b93772da212bccd 2fe44037fb9b4b65a271a5bd500e1790 - - -] neutron.api.rpc.handlers.resources_rpc.ResourcesPushRpcApi method push called with arguments (<neutron_lib.context.Context object at 0x7f90606f9c10>, [Port(admin_state_up=<?>,allowed_address_pairs=<?>,binding=<?>,binding_levels=<?>,created_at=<?>,data_plane_status=<?>,description=<?>,device_id=<?>,device_owner=<?>,dhcp_options=<?>,distributed_binding=<?>,dns=<?>,fixed_ips=<?>,id=0a07ed2c-5342-44f5-a24d-1e91d066dc8d,mac_address=<?>,name=<?>,network_id=<?>,project_id=<?>,qos_policy_id=None,revision_number=<?>,security=<?>,security_group_ids=None,status=<?>,updated_at=<?>)], 'deleted') {} wrapper /usr/lib/python2.7/site-packages/oslo_log/helpers.py:66
2018-09-13 00:02:52.955 7222 DEBUG neutron.api.rpc.callbacks.version_manager [req-bf2609f6-f56a-464c-9cbb-9b49b129a35a 946153da038a42829b93772da212bccd 2fe44037fb9b4b65a271a5bd500e1790 - - -] Version for resource type Subnet changed None to 1.0 on consumer Open vSwitch agent@localhost.localdomain _set_version /usr/lib/python2.7/site-packages/neutron/api/rpc/callbacks/version_manager.py:119
2018-09-13 00:02:52.956 7222 DEBUG neutron.api.rpc.callbacks.version_manager [req-bf2609f6-f56a-464c-9cbb-9b49b129a35a 946153da038a42829b93772da212bccd 2fe44037fb9b4b65a271a5bd500e1790 - - -] Version for resource type Network changed None to 1.0 on consumer Open vSwitch agent@localhost.localdomain _set_version /usr/lib/python2.7/site-packages/neutron/api/rpc/callbacks/version_manager.py:119
2018-09-13 00:02:52.957 7222 DEBUG neutron.api.rpc.callbacks.version_manager [req-bf2609f6-f56a-464c-9cbb-9b49b129a35a 946153da038a42829b93772da212bccd 2fe44037fb9b4b65a271a5bd500e1790 - - -] Version for resource type SubPort changed None to 1.0 on consumer Open vSwitch agent@localhost.localdomain _set_version /usr/lib/python2.7/site-packages/neutron/api/rpc/callbacks/version_manager.py:119
2018-09-13 00:02:52.958 7222 DEBUG neutron.api.rpc.callbacks.version_manager [req-bf2609f6-f56a-464c-9cbb-9b49b129a35a 946153da038a42829b93772da212bccd 2fe44037fb9b4b65a271a5bd500e1790 - - -] Version for resource type SecurityGroup changed None to 1.0 on consumer Open vSwitch agent@localhost.localdomain _set_version /usr/lib/python2.7/site-packages/neutron/api/rpc/callbacks/version_manager.py:119
2018-09-13 00:02:52.959 7222 DEBUG neutron.api.rpc.callbacks.version_manager [req-bf2609f6-f56a-464c-9cbb-9b49b129a35a 946153da038a42829b93772da212bccd 2fe44037fb9b4b65a271a5bd500e1790 - - -] Version for resource type SecurityGroupRule changed None to 1.0 on consumer Open vSwitch agent@localhost.localdomain _set_version /usr/lib/python2.7/site-packages/neutron/api/rpc/callbacks/version_manager.py:119
2018-09-13 00:02:52.960 7222 DEBUG neutron.api.rpc.callbacks.version_manager [req-bf2609f6-f56a-464c-9cbb-9b49b129a35a 946153da038a42829b93772da212bccd 2fe44037fb9b4b65a271a5bd500e1790 - - -] Version for resource type Trunk changed None to 1.1 on consumer Open vSwitch agent@localhost.localdomain _set_version /usr/lib/python2.7/site-packages/neutron/api/rpc/callbacks/version_manager.py:119
2018-09-13 00:02:52.960 7222 DEBUG neutron.api.rpc.callbacks.version_manager [req-bf2609f6-f56a-464c-9cbb-9b49b129a35a 946153da038a42829b93772da212bccd 2fe44037fb9b4b65a271a5bd500e1790 - - -] Version for resource type QosPolicy changed None to 1.6 on consumer Open vSwitch agent@localhost.localdomain _set_version /usr/lib/python2.7/site-packages/neutron/api/rpc/callbacks/version_manager.py:119
2018-09-13 00:02:52.961 7222 DEBUG neutron.api.rpc.callbacks.version_manager [req-bf2609f6-f56a-464c-9cbb-9b49b129a35a 946153da038a42829b93772da212bccd 2fe44037fb9b4b65a271a5bd500e1790 - - -] Version for resource type Port changed None to 1.1 on consumer Open vSwitch agent@localhost.localdomain _set_version /usr/lib/python2.7/site-packages/neutron/api/rpc/callbacks/version_manager.py:119
2018-09-13 00:02:52.962 7222 DEBUG neutron.api.rpc.callbacks.version_manager [req-bf2609f6-f56a-464c-9cbb-9b49b129a35a 946153da038a42829b93772da212bccd 2fe44037fb9b4b65a271a5bd500e1790 - - -] Version for resource type Log changed None to 1.0 on consumer Open vSwitch agent@localhost.localdomain _set_version /usr/lib/python2.7/site-packages/neutron/api/rpc/callbacks/version_manager.py:119
2018-09-13 00:02:52.973 7222 DEBUG oslo_concurrency.lockutils [req-bf2609f6-f56a-464c-9cbb-9b49b129a35a 946153da038a42829b93772da212bccd 2fe44037fb9b4b65a271a5bd500e1790 - - -] Lock "event-dispatch" released by "neutron.plugins.ml2.ovo_rpc.dispatch_events" :: held 0.253s inner /usr/lib/python2.7/site-packages/oslo_concurrency/lockutils.py:282
2018-09-13 00:02:53.340 7222 DEBUG neutron.scheduler.l3_agent_scheduler [req-bf2609f6-f56a-464c-9cbb-9b49b129a35a 946153da038a42829b93772da212bccd 2fe44037fb9b4b65a271a5bd500e1790 - 7d3355e086564757966ae859cb281571 7d3355e086564757966ae859cb281571] Router 281a99e9-8800-48cb-bc89-3e905973987c has already been hosted by L3 agent dc541052-a402-4423-8a23-121d937110f6 _get_candidates /usr/lib/python2.7/site-packages/neutron/scheduler/l3_agent_scheduler.py:141
2018-09-13 00:02:53.609 7222 DEBUG neutron.api.rpc.agentnotifiers.l3_rpc_agent_api [req-bf2609f6-f56a-464c-9cbb-9b49b129a35a 946153da038a42829b93772da212bccd 2fe44037fb9b4b65a271a5bd500e1790 - 7d3355e086564757966ae859cb281571 7d3355e086564757966ae859cb281571] Notify agent at l3_agent.localhost.localdomain the message routers_updated _agent_notification /usr/lib/python2.7/site-packages/neutron/api/rpc/agentnotifiers/l3_rpc_agent_api.py:69
2018-09-13 00:02:53.629 7222 DEBUG neutron.quota.resource [req-bf2609f6-f56a-464c-9cbb-9b49b129a35a 946153da038a42829b93772da212bccd 2fe44037fb9b4b65a271a5bd500e1790 - 7d3355e086564757966ae859cb281571 7d3355e086564757966ae859cb281571] Persisted dirty status for tenant:2fe44037fb9b4b65a271a5bd500e1790 on resource:floatingip mark_dirty /usr/lib/python2.7/site-packages/neutron/quota/resource.py:207
2018-09-13 00:02:53.650 7222 DEBUG neutron.quota.resource [req-bf2609f6-f56a-464c-9cbb-9b49b129a35a 946153da038a42829b93772da212bccd 2fe44037fb9b4b65a271a5bd500e1790 - 7d3355e086564757966ae859cb281571 7d3355e086564757966ae859cb281571] Persisted dirty status for tenant: on resource:port mark_dirty /usr/lib/python2.7/site-packages/neutron/quota/resource.py:207
2018-09-13 00:02:53.660 7222 DEBUG neutron_lib.callbacks.manager [req-bf2609f6-f56a-464c-9cbb-9b49b129a35a 946153da038a42829b93772da212bccd 2fe44037fb9b4b65a271a5bd500e1790 - 7d3355e086564757966ae859cb281571 7d3355e086564757966ae859cb281571] Notify callbacks ['neutron.notifiers.nova.Notifier._send_nova_notification--9223372036854775263'] for floatingip, before_response _notify_loop /usr/lib/python2.7/site-packages/neutron_lib/callbacks/manager.py:167
2018-09-13 00:02:53.673 7229 DEBUG neutron.db.l3_hamode_db [req-5cd5a226-99bf-4b34-9715-e6921b6afb22 - - - - -] neutron.services.l3_router.l3_router_plugin.L3RouterPlugin method get_ha_sync_data_for_host called with arguments (<neutron_lib.context.Context object at 0x7f9060edfc90>, u'localhost.localdomain', <neutron.db.models.agent.Agent[object at 7f9060b564d0] {id=u'dc541052-a402-4423-8a23-121d937110f6', agent_type=u'L3 agent', binary=u'neutron-l3-agent', topic=u'l3_agent', host=u'localhost.localdomain', availability_zone=u'nova', admin_state_up=True, created_at=datetime.datetime(2018, 8, 30, 12, 16, 29), started_at=datetime.datetime(2018, 9, 13, 3, 38, 28), heartbeat_timestamp=datetime.datetime(2018, 9, 13, 4, 2, 28), description=None, configurations=u'{"agent_mode": "legacy", "gateway_external_network_id": "", "handle_internal_only_routers": true, "routers": 3, "interfaces": 3, "floating_ips": 1, "interface_driver": "neutron.agent.linux.interface.OVSInterfaceDriver", "log_agent_heartbeats": false, "external_network_bridge": "", "ex_gw_ports": 3}', resource_versions=None, load=0}>) {'active': True, 'router_ids': ['281a99e9-8800-48cb-bc89-3e905973987c']} wrapper /usr/lib/python2.7/site-packages/oslo_log/helpers.py:66
2018-09-13 00:02:53.798 7222 INFO neutron.wsgi [req-bf2609f6-f56a-464c-9cbb-9b49b129a35a 946153da038a42829b93772da212bccd 2fe44037fb9b4b65a271a5bd500e1790 - 7d3355e086564757966ae859cb281571 7d3355e086564757966ae859cb281571] 10.0.20.20 "DELETE /v2.0/floatingips/9e1761b6-b315-422e-bd46-f5392ee5e8a3 HTTP/1.1" status: 204  len: 173 time: 2.7373741
2018-09-13 00:02:53.802 7222 DEBUG oslo_concurrency.lockutils [-] Lock "notifier-71e3098c-5ebf-4559-adc6-413c529abc1b" acquired by "neutron.notifiers.batch_notifier.synced_send" :: waited 0.000s inner /usr/lib/python2.7/site-packages/oslo_concurrency/lockutils.py:270
2018-09-13 00:02:53.803 7222 DEBUG neutron.notifiers.nova [-] Sending events: [{'tag': u'6adbe54a-359d-4122-9e1b-f5033ab1352f', 'name': 'network-changed', 'server_uuid': u'59e67d94-b7d6-474a-8a5a-025abdc88680'}] send_events /usr/lib/python2.7/site-packages/neutron/notifiers/nova.py:242
2018-09-13 00:02:53.814 7222 DEBUG novaclient.v2.client [-] REQ: curl -g -i -X POST http://10.0.20.20:8774/v2.1/4eeeddb45ad446a68ed4de7bd550932a/os-server-external-events -H "User-Agent: python-novaclient" -H "Content-Type: application/json" -H "Accept: application/json" -H "X-OpenStack-Nova-API-Version: 2.1" -H "X-Auth-Token: {SHA1}4358f9018af78ceb9f9698bcb595efd5a0ac1d81" -d '{"events": [{"tag": "6adbe54a-359d-4122-9e1b-f5033ab1352f", "name": "network-changed", "server_uuid": "59e67d94-b7d6-474a-8a5a-025abdc88680"}]}' _http_log_request /usr/lib/python2.7/site-packages/keystoneauth1/session.py:375
2018-09-13 00:02:53.971 7222 DEBUG novaclient.v2.client [-] RESP: [200] Content-Length: 179 Content-Type: application/json Openstack-Api-Version: compute 2.1 X-Openstack-Nova-Api-Version: 2.1 Vary: OpenStack-API-Version, X-OpenStack-Nova-API-Version X-Openstack-Request-Id: req-1e97c85c-8548-407c-953f-f01eed512673 X-Compute-Request-Id: req-1e97c85c-8548-407c-953f-f01eed512673 Date: Thu, 13 Sep 2018 04:02:53 GMT Connection: keep-alive 
RESP BODY: {"events": [{"status": "completed", "tag": "6adbe54a-359d-4122-9e1b-f5033ab1352f", "name": "network-changed", "server_uuid": "59e67d94-b7d6-474a-8a5a-025abdc88680", "code": 200}]}
 _http_log_response /usr/lib/python2.7/site-packages/keystoneauth1/session.py:423
2018-09-13 00:02:53.972 7222 DEBUG novaclient.v2.client [-] POST call to compute for http://10.0.20.20:8774/v2.1/4eeeddb45ad446a68ed4de7bd550932a/os-server-external-events used request id req-1e97c85c-8548-407c-953f-f01eed512673 request /usr/lib/python2.7/site-packages/keystoneauth1/session.py:727
2018-09-13 00:02:53.974 7222 INFO neutron.notifiers.nova [-] Nova event response: {u'status': u'completed', u'tag': u'6adbe54a-359d-4122-9e1b-f5033ab1352f', u'name': u'network-changed', u'server_uuid': u'59e67d94-b7d6-474a-8a5a-025abdc88680', u'code': 200}
2018-09-13 00:02:55.141 7226 INFO neutron.wsgi [req-0d21bb79-cb4b-4104-8f7b-c0ac3609bd05 23e04251e35a4af8836d799cdbc6c009 4eeeddb45ad446a68ed4de7bd550932a - default default] 10.0.20.20 "GET /v2.0/ports?tenant_id=2fe44037fb9b4b65a271a5bd500e1790&device_id=59e67d94-b7d6-474a-8a5a-025abdc88680 HTTP/1.1" status: 200  len: 1124 time: 1.0803659
2018-09-13 00:02:55.460 7226 DEBUG neutron.pecan_wsgi.hooks.policy_enforcement [req-c58bd112-286f-4110-8ad4-4accc2812dd8 23e04251e35a4af8836d799cdbc6c009 4eeeddb45ad446a68ed4de7bd550932a - default default] Attributes excluded by policy engine: [u'vlan_transparent'] _exclude_attributes_by_policy /usr/lib/python2.7/site-packages/neutron/pecan_wsgi/hooks/policy_enforcement.py:256
2018-09-13 00:02:55.464 7226 INFO neutron.wsgi [req-c58bd112-286f-4110-8ad4-4accc2812dd8 23e04251e35a4af8836d799cdbc6c009 4eeeddb45ad446a68ed4de7bd550932a - default default] 10.0.20.20 "GET /v2.0/networks?id=79b8a0f5-0668-4e10-bff1-f0471335b701 HTTP/1.1" status: 200  len: 885 time: 0.3056479
2018-09-13 00:02:55.512 7226 INFO neutron.wsgi [req-ce399046-99a6-43bb-a28a-f28d066cb726 23e04251e35a4af8836d799cdbc6c009 4eeeddb45ad446a68ed4de7bd550932a - default default] 10.0.20.20 "GET /v2.0/floatingips?fixed_ip_address=11.223.1.6&port_id=6adbe54a-359d-4122-9e1b-f5033ab1352f HTTP/1.1" status: 200  len: 217 time: 0.0402939
2018-09-13 00:02:55.563 7229 DEBUG neutron.db.l3_hamode_db [req-5cd5a226-99bf-4b34-9715-e6921b6afb22 - - - - -] neutron.services.l3_router.l3_router_plugin.L3RouterPlugin method _process_sync_ha_data called with arguments (<neutron_lib.context.Context object at 0x7f9060edfc90>, [{'status': u'ACTIVE', '_interfaces': [{'status': u'ACTIVE', 'subnets': [{'dns_nameservers': [u'8.8.4.4'], 'ipv6_ra_mode': None, 'gateway_ip': u'11.223.1.1', 'cidr': u'11.223.1.0/24', 'id': u'50b97a4f-caf6-4b8b-abc3-ab1ef490a764', 'subnetpool_id': None}], 'binding:host_id': u'localhost.localdomain', 'description': u'', 'allowed_address_pairs': [], 'tags': [], 'extra_dhcp_opts': [], 'updated_at': '2018-09-13T03:57:18Z', 'device_owner': u'network:router_interface', 'revision_number': 7, 'port_security_enabled': False, 'binding:profile': {}, 'mtu': 1450, 'fixed_ips': [{'subnet_id': u'50b97a4f-caf6-4b8b-abc3-ab1ef490a764', 'prefixlen': 24, 'ip_address': u'11.223.1.1'}], 'id': u'e1804675-0855-419f-a2e5-4aa9466efdc7', 'security_groups': [], 'device_id': u'281a99e9-8800-48cb-bc89-3e905973987c', 'name': u'', 'admin_state_up': True, 'network_id': u'79b8a0f5-0668-4e10-bff1-f0471335b701', 'tenant_id': u'2fe44037fb9b4b65a271a5bd500e1790', 'binding:vif_details': {u'port_filter': True, u'datapath_type': u'system', u'ovs_hybrid_plug': True}, 'address_scopes': {4: None, 6: None}, 'binding:vnic_type': u'normal', 'binding:vif_type': u'ovs', 'mac_address': u'fa:16:3e:91:44:32', 'project_id': u'2fe44037fb9b4b65a271a5bd500e1790', 'extra_subnets': [], 'created_at': '2018-09-13T03:57:09Z'}], 'enable_snat': True, 'ha_vr_id': 0, 'description': u'', 'tags': [], 'gw_port': {'status': u'ACTIVE', 'subnets': [{'dns_nameservers': [], 'ipv6_ra_mode': None, 'gateway_ip': u'172.24.4.1', 'cidr': u'172.24.4.0/24', 'id': u'5f4e1ac0-b77f-4630-ace6-541a6f9c266c', 'subnetpool_id': None}], 'binding:host_id': u'localhost.localdomain', 'description': u'', 'allowed_address_pairs': [], 'tags': [], 'extra_dhcp_opts': [], 'updated_at': '2018-09-13T03:57:34Z', 'device_owner': u'network:router_gateway', 'revision_number': 6, 'port_security_enabled': False, 'binding:profile': {}, 'mtu': 1500, 'fixed_ips': [{'subnet_id': u'5f4e1ac0-b77f-4630-ace6-541a6f9c266c', 'prefixlen': 24, 'ip_address': u'172.24.4.4'}], 'id': u'a9bc3b8c-e831-4e43-9fe7-8e22a1601c2a', 'security_groups': [], 'device_id': u'281a99e9-8800-48cb-bc89-3e905973987c', 'name': u'', 'admin_state_up': True, 'network_id': u'bcf73fc2-8df6-4f12-801c-ef4abf269c73', 'tenant_id': u'', 'binding:vif_details': {u'port_filter': True, u'datapath_type': u'system', u'ovs_hybrid_plug': True}, 'address_scopes': {4: None, 6: None}, 'binding:vnic_type': u'normal', 'binding:vif_type': u'ovs', 'mac_address': u'fa:16:3e:c4:1b:fe', 'project_id': u'', 'extra_subnets': [], 'created_at': '2018-09-13T03:57:25Z'}, 'updated_at': '2018-09-13T03:57:26Z', 'revision_number': 3, 'ha': False, 'id': u'281a99e9-8800-48cb-bc89-3e905973987c', 'gw_port_host': u'localhost.localdomain', 'external_gateway_info': {'network_id': u'bcf73fc2-8df6-4f12-801c-ef4abf269c73', 'enable_snat': True, 'external_fixed_ips': [{'subnet_id': u'5f4e1ac0-b77f-4630-ace6-541a6f9c266c', 'ip_address': u'172.24.4.4'}]}, 'availability_zone_hints': [], 'availability_zones': [u'nova'], 'name': u'tempest-router-1536810813', 'gw_port_id': u'a9bc3b8c-e831-4e43-9fe7-8e22a1601c2a', 'admin_state_up': True, 'tenant_id': u'2fe44037fb9b4b65a271a5bd500e1790', 'created_at': '2018-09-13T03:56:46Z', 'distributed': False, 'flavor_id': None, 'routes': [], 'project_id': u'2fe44037fb9b4b65a271a5bd500e1790'}], u'localhost.localdomain', False) {} wrapper /usr/lib/python2.7/site-packages/oslo_log/helpers.py:66
2018-09-13 00:02:55.575 7229 DEBUG neutron.api.rpc.handlers.l3_rpc [req-5cd5a226-99bf-4b34-9715-e6921b6afb22 - - - - -] Checking router: 281a99e9-8800-48cb-bc89-3e905973987c for host: localhost.localdomain _ensure_host_set_on_ports /usr/lib/python2.7/site-packages/neutron/api/rpc/handlers/l3_rpc.py:135
2018-09-13 00:02:55.673 7226 DEBUG neutron.pecan_wsgi.hooks.policy_enforcement [req-aadf0ded-2d79-4332-a66a-d4f63c340df1 23e04251e35a4af8836d799cdbc6c009 4eeeddb45ad446a68ed4de7bd550932a - default default] Attributes excluded by policy engine: [u'shared'] _exclude_attributes_by_policy /usr/lib/python2.7/site-packages/neutron/pecan_wsgi/hooks/policy_enforcement.py:256
2018-09-13 00:02:55.677 7226 INFO neutron.wsgi [req-aadf0ded-2d79-4332-a66a-d4f63c340df1 23e04251e35a4af8836d799cdbc6c009 4eeeddb45ad446a68ed4de7bd550932a - default default] 10.0.20.20 "GET /v2.0/subnets?id=50b97a4f-caf6-4b8b-abc3-ab1ef490a764 HTTP/1.1" status: 200  len: 847 time: 0.1549890
2018-09-13 00:02:55.805 7232 DEBUG neutron.api.rpc.handlers.l3_rpc [req-e43f09a0-9558-4743-8b56-e2f0917cc974 - - - - -] New status for floating IP 9e1761b6-b315-422e-bd46-f5392ee5e8a3: DOWN update_floatingip_statuses /usr/lib/python2.7/site-packages/neutron/api/rpc/handlers/l3_rpc.py:252
2018-09-13 00:02:55.827 7226 INFO neutron.wsgi [req-61239684-a4e1-4c95-b0df-279efbda4685 23e04251e35a4af8836d799cdbc6c009 4eeeddb45ad446a68ed4de7bd550932a - default default] 10.0.20.20 "GET /v2.0/ports?network_id=79b8a0f5-0668-4e10-bff1-f0471335b701&device_owner=network%3Adhcp HTTP/1.1" status: 200  len: 1128 time: 0.1423640
2018-09-13 00:02:55.975 7222 DEBUG oslo_concurrency.lockutils [-] Lock "notifier-71e3098c-5ebf-4559-adc6-413c529abc1b" released by "neutron.notifiers.batch_notifier.synced_send" :: held 2.174s inner /usr/lib/python2.7/site-packages/oslo_concurrency/lockutils.py:282
2018-09-13 00:02:57.431 7236 DEBUG neutron_lib.callbacks.manager [req-3137ff3c-f4f7-417f-9ca0-999b02443e1c - - - - -] Notify callbacks ['neutron.services.segments.db._update_segment_host_mapping_for_agent--9223363270723814373'] for agent, after_update _notify_loop /usr/lib/python2.7/site-packages/neutron_lib/callbacks/manager.py:167
2018-09-13 00:02:57.438 7230 DEBUG neutron_lib.callbacks.manager [req-6ae4ed0a-9727-42a0-9a71-1d4f18453968 - - - - -] Notify callbacks ['neutron.services.segments.db._update_segment_host_mapping_for_agent--9223363270723814373'] for agent, after_update _notify_loop /usr/lib/python2.7/site-packages/neutron_lib/callbacks/manager.py:167
2018-09-13 00:02:57.504 7228 DEBUG neutron_lib.callbacks.manager [req-3daa8440-6006-40d0-b3cb-951f43f6265e - - - - -] Notify callbacks ['neutron.services.segments.db._update_segment_host_mapping_for_agent--9223363270723814373'] for agent, after_update _notify_loop /usr/lib/python2.7/site-packages/neutron_lib/callbacks/manager.py:167
2018-09-13 00:02:58.448 7232 DEBUG neutron_lib.callbacks.manager [req-e116f614-fcae-43ca-8176-44c725f10b1a - - - - -] Notify callbacks ['neutron.services.segments.db._update_segment_host_mapping_for_agent--9223363270723814373'] for agent, after_update _notify_loop /usr/lib/python2.7/site-packages/neutron_lib/callbacks/manager.py:167
2018-09-13 00:03:04.059 7222 INFO neutron.wsgi [req-080bb5dd-ef54-40cb-9ebd-cc9a6e138c4c 6bce0e5766c84e1a98c3cb5ccb2e3772 4cff21d35d8b43b9a2a1ce042bb4f9f9 - default default] 10.0.20.20 "GET /v2.0/ports?device_id=59e67d94-b7d6-474a-8a5a-025abdc88680&device_id=b3b54195-8d73-4e14-a182-fec9cf149910 HTTP/1.1" status: 200  len: 1124 time: 0.6409180
2018-09-13 00:03:04.237 7222 INFO neutron.wsgi [req-de9e8cc9-dd69-4457-a9bb-ff2cd2a870b6 6bce0e5766c84e1a98c3cb5ccb2e3772 4cff21d35d8b43b9a2a1ce042bb4f9f9 - default default] 10.0.20.20 "GET /v2.0/security-groups?id=17c24576-36c5-41b4-a1fd-db454621b8e1 HTTP/1.1" status: 200  len: 2118 time: 0.1658330
2018-09-13 00:03:04.917 7231 DEBUG neutron_lib.callbacks.manager [req-ef58f021-7759-497b-b48b-486d50c2b15f - - - - -] Notify callbacks ['neutron.services.segments.db._update_segment_host_mapping_for_agent--9223363270723814373'] for agent, after_update _notify_loop /usr/lib/python2.7/site-packages/neutron_lib/callbacks/manager.py:167
2018-09-13 00:03:11.321 7226 INFO neutron.wsgi [req-3d542385-6f04-497f-aba7-449857f0d92e 23e04251e35a4af8836d799cdbc6c009 4eeeddb45ad446a68ed4de7bd550932a - default default] 10.0.20.20 "GET /v2.0/ports?tenant_id=2fe44037fb9b4b65a271a5bd500e1790&device_id=59e67d94-b7d6-474a-8a5a-025abdc88680 HTTP/1.1" status: 200  len: 1124 time: 0.1366539
2018-09-13 00:03:11.638 7226 DEBUG neutron.pecan_wsgi.hooks.policy_enforcement [req-84e6b68c-3aaf-4c59-8cc9-b45d5625f8c6 23e04251e35a4af8836d799cdbc6c009 4eeeddb45ad446a68ed4de7bd550932a - default default] Attributes excluded by policy engine: [u'vlan_transparent'] _exclude_attributes_by_policy /usr/lib/python2.7/site-packages/neutron/pecan_wsgi/hooks/policy_enforcement.py:256
2018-09-13 00:03:11.642 7226 INFO neutron.wsgi [req-84e6b68c-3aaf-4c59-8cc9-b45d5625f8c6 23e04251e35a4af8836d799cdbc6c009 4eeeddb45ad446a68ed4de7bd550932a - default default] 10.0.20.20 "GET /v2.0/networks?id=79b8a0f5-0668-4e10-bff1-f0471335b701 HTTP/1.1" status: 200  len: 885 time: 0.3115449
2018-09-13 00:03:11.687 7226 INFO neutron.wsgi [req-d45cfe8d-182f-41c0-8f26-2ece3e831dad 23e04251e35a4af8836d799cdbc6c009 4eeeddb45ad446a68ed4de7bd550932a - default default] 10.0.20.20 "GET /v2.0/floatingips?fixed_ip_address=11.223.1.6&port_id=6adbe54a-359d-4122-9e1b-f5033ab1352f HTTP/1.1" status: 200  len: 217 time: 0.0360651
2018-09-13 00:03:11.808 7226 DEBUG neutron.pecan_wsgi.hooks.policy_enforcement [req-94cf15ca-1016-49a3-83d9-2713cae75837 23e04251e35a4af8836d799cdbc6c009 4eeeddb45ad446a68ed4de7bd550932a - default default] Attributes excluded by policy engine: [u'shared'] _exclude_attributes_by_policy /usr/lib/python2.7/site-packages/neutron/pecan_wsgi/hooks/policy_enforcement.py:256
2018-09-13 00:03:11.811 7226 INFO neutron.wsgi [req-94cf15ca-1016-49a3-83d9-2713cae75837 23e04251e35a4af8836d799cdbc6c009 4eeeddb45ad446a68ed4de7bd550932a - default default] 10.0.20.20 "GET /v2.0/subnets?id=50b97a4f-caf6-4b8b-abc3-ab1ef490a764 HTTP/1.1" status: 200  len: 847 time: 0.1175258
2018-09-13 00:03:11.942 7226 INFO neutron.wsgi [req-3150fe10-b66a-405f-aa1a-cbf7530e0d7e 23e04251e35a4af8836d799cdbc6c009 4eeeddb45ad446a68ed4de7bd550932a - default default] 10.0.20.20 "GET /v2.0/ports?network_id=79b8a0f5-0668-4e10-bff1-f0471335b701&device_owner=network%3Adhcp HTTP/1.1" status: 200  len: 1128 time: 0.1224198
2018-09-13 00:03:13.261 7222 INFO neutron.wsgi [req-28863920-95e8-4360-a2b0-d42f8965e27f 6bce0e5766c84e1a98c3cb5ccb2e3772 4cff21d35d8b43b9a2a1ce042bb4f9f9 - default default] 10.0.20.20 "GET /v2.0/ports?device_id=59e67d94-b7d6-474a-8a5a-025abdc88680 HTTP/1.1" status: 200  len: 1124 time: 0.7869589
2018-09-13 00:03:13.411 7222 INFO neutron.wsgi [req-6c22a8f0-7ccc-4ca1-89d1-97d10217ab0b 6bce0e5766c84e1a98c3cb5ccb2e3772 4cff21d35d8b43b9a2a1ce042bb4f9f9 - default default] 10.0.20.20 "GET /v2.0/security-groups?id=17c24576-36c5-41b4-a1fd-db454621b8e1 HTTP/1.1" status: 200  len: 2118 time: 0.1410670
2018-09-13 00:03:16.527 7234 DEBUG neutron.plugins.ml2.rpc [req-ef58f021-7759-497b-b48b-486d50c2b15f - - - - -] Device 6adbe54a-359d-4122-9e1b-f5033ab1352f no longer exists at agent ovs-agent-localhost.localdomain update_device_down /usr/lib/python2.7/site-packages/neutron/plugins/ml2/rpc.py:213
2018-09-13 00:03:17.287 7234 DEBUG neutron_lib.callbacks.manager [req-ef58f021-7759-497b-b48b-486d50c2b15f - - - - -] Notify callbacks ['neutron.plugins.ml2.plugin.Ml2Plugin._ensure_default_security_group_handler-916194'] for port, before_update _notify_loop /usr/lib/python2.7/site-packages/neutron_lib/callbacks/manager.py:167
2018-09-13 00:03:17.385 7234 DEBUG oslo_concurrency.lockutils [-] Lock "notifier-71e3098c-5ebf-4559-adc6-413c529abc1b" acquired by "neutron.notifiers.batch_notifier.synced_send" :: waited 0.000s inner /usr/lib/python2.7/site-packages/oslo_concurrency/lockutils.py:270
2018-09-13 00:03:17.386 7234 DEBUG neutron.notifiers.nova [-] Sending events: [{'status': 'completed', 'tag': u'6adbe54a-359d-4122-9e1b-f5033ab1352f', 'name': 'network-vif-unplugged', 'server_uuid': u'59e67d94-b7d6-474a-8a5a-025abdc88680'}] send_events /usr/lib/python2.7/site-packages/neutron/notifiers/nova.py:242
2018-09-13 00:03:17.400 7234 DEBUG neutron.plugins.ml2.db [req-ef58f021-7759-497b-b48b-486d50c2b15f - - - - -] For port 6adbe54a-359d-4122-9e1b-f5033ab1352f, host localhost.localdomain, got binding levels [<neutron.plugins.ml2.models.PortBindingLevel[object at 7f9060de5510] {port_id=u'6adbe54a-359d-4122-9e1b-f5033ab1352f', host=u'localhost.localdomain', level=0, driver=u'openvswitch', segment_id=u'69d0eb44-0e28-497c-89b5-e707f7f1da4b'}>] get_binding_levels /usr/lib/python2.7/site-packages/neutron/plugins/ml2/db.py:106
2018-09-13 00:03:17.410 7234 DEBUG neutron_lib.callbacks.manager [req-ef58f021-7759-497b-b48b-486d50c2b15f - - - - -] Notify callbacks ['neutron.api.rpc.agentnotifiers.dhcp_rpc_agent_api.DhcpAgentNotifyAPI._native_event_send_dhcp_notification-3440588', 'neutron.db.l3_hascheduler_db._notify_l3_agent_ha_port_update--9223363270724355648', 'neutron.plugins.ml2.plugin.Ml2Plugin.notify_sg_on_port_change-916126', 'neutron.db.l3_dvrscheduler_db._notify_l3_agent_port_update--9223363270724355723', 'neutron.plugins.ml2.ovo_rpc._ObjectChangeHandler.handle_event-3651566'] for port, after_update _notify_loop /usr/lib/python2.7/site-packages/neutron_lib/callbacks/manager.py:167
2018-09-13 00:03:17.438 7234 DEBUG oslo_concurrency.lockutils [-] Lock "event-dispatch" acquired by "neutron.plugins.ml2.ovo_rpc.dispatch_events" :: waited 0.000s inner /usr/lib/python2.7/site-packages/oslo_concurrency/lockutils.py:270
2018-09-13 00:03:17.610 7234 DEBUG neutron.api.rpc.handlers.resources_rpc [req-ef58f021-7759-497b-b48b-486d50c2b15f - - - - -] neutron.api.rpc.handlers.resources_rpc.ResourcesPushRpcApi method push called with arguments (<neutron_lib.context.Context object at 0x7f9060ff0b50>, [Port(admin_state_up=True,allowed_address_pairs=[],binding=PortBinding,binding_levels=[PortBindingLevel],created_at=2018-09-13T03:57:51Z,data_plane_status=<?>,description='',device_id='59e67d94-b7d6-474a-8a5a-025abdc88680',device_owner='compute:nova',dhcp_options=[],distributed_binding=None,dns=None,fixed_ips=[IPAllocation],id=6adbe54a-359d-4122-9e1b-f5033ab1352f,mac_address=fa:16:3e:81:17:a6,name='',network_id=79b8a0f5-0668-4e10-bff1-f0471335b701,project_id='2fe44037fb9b4b65a271a5bd500e1790',qos_policy_id=None,revision_number=9,security=PortSecurity(6adbe54a-359d-4122-9e1b-f5033ab1352f),security_group_ids=set([17c24576-36c5-41b4-a1fd-db454621b8e1]),status='DOWN',updated_at=2018-09-13T04:03:17Z)], 'updated') {} wrapper /usr/lib/python2.7/site-packages/oslo_log/helpers.py:66
2018-09-13 00:03:17.624 7234 DEBUG neutron.api.rpc.callbacks.version_manager [req-ef58f021-7759-497b-b48b-486d50c2b15f - - - - -] Version for resource type Subnet changed None to 1.0 on consumer Open vSwitch agent@localhost.localdomain _set_version /usr/lib/python2.7/site-packages/neutron/api/rpc/callbacks/version_manager.py:119
2018-09-13 00:03:17.625 7234 DEBUG neutron.api.rpc.callbacks.version_manager [req-ef58f021-7759-497b-b48b-486d50c2b15f - - - - -] Version for resource type Network changed None to 1.0 on consumer Open vSwitch agent@localhost.localdomain _set_version /usr/lib/python2.7/site-packages/neutron/api/rpc/callbacks/version_manager.py:119
2018-09-13 00:03:17.626 7234 DEBUG neutron.api.rpc.callbacks.version_manager [req-ef58f021-7759-497b-b48b-486d50c2b15f - - - - -] Version for resource type SubPort changed None to 1.0 on consumer Open vSwitch agent@localhost.localdomain _set_version /usr/lib/python2.7/site-packages/neutron/api/rpc/callbacks/version_manager.py:119
2018-09-13 00:03:17.626 7234 DEBUG neutron.api.rpc.callbacks.version_manager [req-ef58f021-7759-497b-b48b-486d50c2b15f - - - - -] Version for resource type SecurityGroup changed None to 1.0 on consumer Open vSwitch agent@localhost.localdomain _set_version /usr/lib/python2.7/site-packages/neutron/api/rpc/callbacks/version_manager.py:119
2018-09-13 00:03:17.627 7234 DEBUG neutron.api.rpc.callbacks.version_manager [req-ef58f021-7759-497b-b48b-486d50c2b15f - - - - -] Version for resource type SecurityGroupRule changed None to 1.0 on consumer Open vSwitch agent@localhost.localdomain _set_version /usr/lib/python2.7/site-packages/neutron/api/rpc/callbacks/version_manager.py:119
2018-09-13 00:03:17.628 7234 DEBUG neutron.api.rpc.callbacks.version_manager [req-ef58f021-7759-497b-b48b-486d50c2b15f - - - - -] Version for resource type Trunk changed None to 1.1 on consumer Open vSwitch agent@localhost.localdomain _set_version /usr/lib/python2.7/site-packages/neutron/api/rpc/callbacks/version_manager.py:119
2018-09-13 00:03:17.628 7234 DEBUG neutron.api.rpc.callbacks.version_manager [req-ef58f021-7759-497b-b48b-486d50c2b15f - - - - -] Version for resource type QosPolicy changed None to 1.6 on consumer Open vSwitch agent@localhost.localdomain _set_version /usr/lib/python2.7/site-packages/neutron/api/rpc/callbacks/version_manager.py:119
2018-09-13 00:03:17.629 7234 DEBUG neutron.api.rpc.callbacks.version_manager [req-ef58f021-7759-497b-b48b-486d50c2b15f - - - - -] Version for resource type Port changed None to 1.1 on consumer Open vSwitch agent@localhost.localdomain _set_version /usr/lib/python2.7/site-packages/neutron/api/rpc/callbacks/version_manager.py:119
2018-09-13 00:03:17.629 7234 DEBUG neutron.api.rpc.callbacks.version_manager [req-ef58f021-7759-497b-b48b-486d50c2b15f - - - - -] Version for resource type Log changed None to 1.0 on consumer Open vSwitch agent@localhost.localdomain _set_version /usr/lib/python2.7/site-packages/neutron/api/rpc/callbacks/version_manager.py:119
2018-09-13 00:03:17.636 7234 DEBUG oslo_concurrency.lockutils [req-ef58f021-7759-497b-b48b-486d50c2b15f - - - - -] Lock "event-dispatch" released by "neutron.plugins.ml2.ovo_rpc.dispatch_events" :: held 0.199s inner /usr/lib/python2.7/site-packages/oslo_concurrency/lockutils.py:282
2018-09-13 00:03:18.272 7226 INFO neutron.wsgi [req-85987770-4597-400c-acd4-2800a0454cc4 6bce0e5766c84e1a98c3cb5ccb2e3772 4cff21d35d8b43b9a2a1ce042bb4f9f9 - default default] 10.0.20.20 "GET /v2.0/ports?device_id=59e67d94-b7d6-474a-8a5a-025abdc88680 HTTP/1.1" status: 200  len: 1122 time: 0.8985000
2018-09-13 00:03:18.292 7226 DEBUG neutron.wsgi [req-ed2995f3-752c-44fa-8310-9de0f704f996 6bce0e5766c84e1a98c3cb5ccb2e3772 4cff21d35d8b43b9a2a1ce042bb4f9f9 - default default] http://10.0.20.20:9696/v2.0/extensions returned with HTTP 200 __call__ /usr/lib/python2.7/site-packages/neutron/wsgi.py:715
2018-09-13 00:03:18.294 7226 INFO neutron.wsgi [req-ed2995f3-752c-44fa-8310-9de0f704f996 6bce0e5766c84e1a98c3cb5ccb2e3772 4cff21d35d8b43b9a2a1ce042bb4f9f9 - default default] 10.0.20.20 "GET /v2.0/extensions HTTP/1.1" status: 200  len: 8548 time: 0.0144129
2018-09-13 00:03:18.422 7226 DEBUG neutron.plugins.ml2.plugin [req-fde2df44-4703-40ef-8c36-7b267bd85859 6bce0e5766c84e1a98c3cb5ccb2e3772 4cff21d35d8b43b9a2a1ce042bb4f9f9 - default default] Deleting port 6adbe54a-359d-4122-9e1b-f5033ab1352f _pre_delete_port /usr/lib/python2.7/site-packages/neutron/plugins/ml2/plugin.py:1488
2018-09-13 00:03:18.423 7226 DEBUG neutron_lib.callbacks.manager [req-fde2df44-4703-40ef-8c36-7b267bd85859 6bce0e5766c84e1a98c3cb5ccb2e3772 4cff21d35d8b43b9a2a1ce042bb4f9f9 - default default] Notify callbacks ['neutron.db.l3_db._prevent_l3_port_delete_callback-8766130996198'] for port, before_delete _notify_loop /usr/lib/python2.7/site-packages/neutron_lib/callbacks/manager.py:167
2018-09-13 00:03:18.811 7234 DEBUG novaclient.v2.client [-] REQ: curl -g -i -X POST http://10.0.20.20:8774/v2.1/4eeeddb45ad446a68ed4de7bd550932a/os-server-external-events -H "User-Agent: python-novaclient" -H "Content-Type: application/json" -H "Accept: application/json" -H "X-OpenStack-Nova-API-Version: 2.1" -H "X-Auth-Token: {SHA1}fa79a0ee5fb9c289046dca98df09a0723cccab3e" -d '{"events": [{"status": "completed", "tag": "6adbe54a-359d-4122-9e1b-f5033ab1352f", "name": "network-vif-unplugged", "server_uuid": "59e67d94-b7d6-474a-8a5a-025abdc88680"}]}' _http_log_request /usr/lib/python2.7/site-packages/keystoneauth1/session.py:375
2018-09-13 00:03:18.884 7226 DEBUG neutron.plugins.ml2.db [req-fde2df44-4703-40ef-8c36-7b267bd85859 6bce0e5766c84e1a98c3cb5ccb2e3772 4cff21d35d8b43b9a2a1ce042bb4f9f9 - default default] For port 6adbe54a-359d-4122-9e1b-f5033ab1352f, host localhost.localdomain, got binding levels [<neutron.plugins.ml2.models.PortBindingLevel[object at 7f90605946d0] {port_id=u'6adbe54a-359d-4122-9e1b-f5033ab1352f', host=u'localhost.localdomain', level=0, driver=u'openvswitch', segment_id=u'69d0eb44-0e28-497c-89b5-e707f7f1da4b'}>] get_binding_levels /usr/lib/python2.7/site-packages/neutron/plugins/ml2/db.py:106
2018-09-13 00:03:18.947 7226 DEBUG neutron.plugins.ml2.plugin [req-fde2df44-4703-40ef-8c36-7b267bd85859 6bce0e5766c84e1a98c3cb5ccb2e3772 4cff21d35d8b43b9a2a1ce042bb4f9f9 - default default] Calling delete_port for 6adbe54a-359d-4122-9e1b-f5033ab1352f owned by compute:nova delete_port /usr/lib/python2.7/site-packages/neutron/plugins/ml2/plugin.py:1547
2018-09-13 00:03:19.231 7226 DEBUG neutron_lib.callbacks.manager [req-fde2df44-4703-40ef-8c36-7b267bd85859 6bce0e5766c84e1a98c3cb5ccb2e3772 4cff21d35d8b43b9a2a1ce042bb4f9f9 - default default] Notify callbacks ['neutron.api.rpc.agentnotifiers.dhcp_rpc_agent_api.DhcpAgentNotifyAPI._native_event_send_dhcp_notification-3440588', 'neutron.db.l3_dvrscheduler_db._notify_port_delete-8766130420078', 'neutron.plugins.ml2.plugin.Ml2Plugin.notify_sg_on_port_change-916126', 'neutron.db.l3_db._notify_routers_callback--9223363270723768896', 'neutron.plugins.ml2.ovo_rpc._ObjectChangeHandler.handle_event-3651566'] for port, after_delete _notify_loop /usr/lib/python2.7/site-packages/neutron_lib/callbacks/manager.py:167
2018-09-13 00:03:19.612 7234 DEBUG novaclient.v2.client [-] RESP: [200] Content-Length: 185 Content-Type: application/json Openstack-Api-Version: compute 2.1 X-Openstack-Nova-Api-Version: 2.1 Vary: OpenStack-API-Version, X-OpenStack-Nova-API-Version X-Openstack-Request-Id: req-f4501c4a-076a-41ec-8d75-d3be95929883 X-Compute-Request-Id: req-f4501c4a-076a-41ec-8d75-d3be95929883 Date: Thu, 13 Sep 2018 04:03:19 GMT Connection: keep-alive 
RESP BODY: {"events": [{"status": "completed", "tag": "6adbe54a-359d-4122-9e1b-f5033ab1352f", "name": "network-vif-unplugged", "server_uuid": "59e67d94-b7d6-474a-8a5a-025abdc88680", "code": 200}]}
 _http_log_response /usr/lib/python2.7/site-packages/keystoneauth1/session.py:423
2018-09-13 00:03:19.613 7234 DEBUG novaclient.v2.client [-] POST call to compute for http://10.0.20.20:8774/v2.1/4eeeddb45ad446a68ed4de7bd550932a/os-server-external-events used request id req-f4501c4a-076a-41ec-8d75-d3be95929883 request /usr/lib/python2.7/site-packages/keystoneauth1/session.py:727
2018-09-13 00:03:19.614 7234 INFO neutron.notifiers.nova [-] Nova event response: {u'status': u'completed', u'tag': u'6adbe54a-359d-4122-9e1b-f5033ab1352f', u'name': u'network-vif-unplugged', u'server_uuid': u'59e67d94-b7d6-474a-8a5a-025abdc88680', u'code': 200}
2018-09-13 00:03:20.073 7226 DEBUG neutron.db.l3_dvrscheduler_db [req-fde2df44-4703-40ef-8c36-7b267bd85859 6bce0e5766c84e1a98c3cb5ccb2e3772 4cff21d35d8b43b9a2a1ce042bb4f9f9 - default default] No DVR routers for this DVR port 6adbe54a-359d-4122-9e1b-f5033ab1352f on host localhost.localdomain get_dvr_routers_to_remove /usr/lib/python2.7/site-packages/neutron/db/l3_dvrscheduler_db.py:191
2018-09-13 00:03:20.084 7226 DEBUG oslo_concurrency.lockutils [-] Lock "event-dispatch" acquired by "neutron.plugins.ml2.ovo_rpc.dispatch_events" :: waited 0.000s inner /usr/lib/python2.7/site-packages/oslo_concurrency/lockutils.py:270
2018-09-13 00:03:20.134 7226 DEBUG neutron_lib.callbacks.manager [req-fde2df44-4703-40ef-8c36-7b267bd85859 6bce0e5766c84e1a98c3cb5ccb2e3772 4cff21d35d8b43b9a2a1ce042bb4f9f9 - default default] Notify callbacks ['neutron.notifiers.nova.Notifier._send_nova_notification--9223372036854775263'] for port, before_response _notify_loop /usr/lib/python2.7/site-packages/neutron_lib/callbacks/manager.py:167
2018-09-13 00:03:20.150 7226 DEBUG oslo_concurrency.lockutils [-] Lock "notifier-71e3098c-5ebf-4559-adc6-413c529abc1b" acquired by "neutron.notifiers.batch_notifier.synced_send" :: waited 0.000s inner /usr/lib/python2.7/site-packages/oslo_concurrency/lockutils.py:270
2018-09-13 00:03:20.151 7226 DEBUG neutron.notifiers.nova [-] Sending events: [{'tag': u'6adbe54a-359d-4122-9e1b-f5033ab1352f', 'name': 'network-vif-deleted', 'server_uuid': u'59e67d94-b7d6-474a-8a5a-025abdc88680'}] send_events /usr/lib/python2.7/site-packages/neutron/notifiers/nova.py:242
2018-09-13 00:03:20.158 7226 DEBUG novaclient.v2.client [-] REQ: curl -g -i -X POST http://10.0.20.20:8774/v2.1/4eeeddb45ad446a68ed4de7bd550932a/os-server-external-events -H "User-Agent: python-novaclient" -H "Content-Type: application/json" -H "Accept: application/json" -H "X-OpenStack-Nova-API-Version: 2.1" -H "X-Auth-Token: {SHA1}3e2d1a8e18d899d6e22de1db67854940b61c7912" -d '{"events": [{"tag": "6adbe54a-359d-4122-9e1b-f5033ab1352f", "name": "network-vif-deleted", "server_uuid": "59e67d94-b7d6-474a-8a5a-025abdc88680"}]}' _http_log_request /usr/lib/python2.7/site-packages/keystoneauth1/session.py:375
2018-09-13 00:03:20.187 7226 DEBUG neutron.api.rpc.handlers.resources_rpc [req-fde2df44-4703-40ef-8c36-7b267bd85859 6bce0e5766c84e1a98c3cb5ccb2e3772 4cff21d35d8b43b9a2a1ce042bb4f9f9 - - -] neutron.api.rpc.handlers.resources_rpc.ResourcesPushRpcApi method push called with arguments (<neutron_lib.context.Context object at 0x7f9060594750>, [Port(admin_state_up=<?>,allowed_address_pairs=<?>,binding=<?>,binding_levels=<?>,created_at=<?>,data_plane_status=<?>,description=<?>,device_id=<?>,device_owner=<?>,dhcp_options=<?>,distributed_binding=<?>,dns=<?>,fixed_ips=<?>,id=6adbe54a-359d-4122-9e1b-f5033ab1352f,mac_address=<?>,name=<?>,network_id=<?>,project_id=<?>,qos_policy_id=None,revision_number=<?>,security=<?>,security_group_ids=None,status=<?>,updated_at=<?>)], 'deleted') {} wrapper /usr/lib/python2.7/site-packages/oslo_log/helpers.py:66
2018-09-13 00:03:20.214 7226 DEBUG neutron.api.rpc.callbacks.version_manager [req-fde2df44-4703-40ef-8c36-7b267bd85859 6bce0e5766c84e1a98c3cb5ccb2e3772 4cff21d35d8b43b9a2a1ce042bb4f9f9 - - -] Version for resource type Subnet changed None to 1.0 on consumer Open vSwitch agent@localhost.localdomain _set_version /usr/lib/python2.7/site-packages/neutron/api/rpc/callbacks/version_manager.py:119
2018-09-13 00:03:20.215 7226 DEBUG neutron.api.rpc.callbacks.version_manager [req-fde2df44-4703-40ef-8c36-7b267bd85859 6bce0e5766c84e1a98c3cb5ccb2e3772 4cff21d35d8b43b9a2a1ce042bb4f9f9 - - -] Version for resource type Network changed None to 1.0 on consumer Open vSwitch agent@localhost.localdomain _set_version /usr/lib/python2.7/site-packages/neutron/api/rpc/callbacks/version_manager.py:119
2018-09-13 00:03:20.216 7226 DEBUG neutron.api.rpc.callbacks.version_manager [req-fde2df44-4703-40ef-8c36-7b267bd85859 6bce0e5766c84e1a98c3cb5ccb2e3772 4cff21d35d8b43b9a2a1ce042bb4f9f9 - - -] Version for resource type SubPort changed None to 1.0 on consumer Open vSwitch agent@localhost.localdomain _set_version /usr/lib/python2.7/site-packages/neutron/api/rpc/callbacks/version_manager.py:119
2018-09-13 00:03:20.217 7226 DEBUG neutron.api.rpc.callbacks.version_manager [req-fde2df44-4703-40ef-8c36-7b267bd85859 6bce0e5766c84e1a98c3cb5ccb2e3772 4cff21d35d8b43b9a2a1ce042bb4f9f9 - - -] Version for resource type SecurityGroup changed None to 1.0 on consumer Open vSwitch agent@localhost.localdomain _set_version /usr/lib/python2.7/site-packages/neutron/api/rpc/callbacks/version_manager.py:119
2018-09-13 00:03:20.217 7226 DEBUG neutron.api.rpc.callbacks.version_manager [req-fde2df44-4703-40ef-8c36-7b267bd85859 6bce0e5766c84e1a98c3cb5ccb2e3772 4cff21d35d8b43b9a2a1ce042bb4f9f9 - - -] Version for resource type SecurityGroupRule changed None to 1.0 on consumer Open vSwitch agent@localhost.localdomain _set_version /usr/lib/python2.7/site-packages/neutron/api/rpc/callbacks/version_manager.py:119
2018-09-13 00:03:20.218 7226 DEBUG neutron.api.rpc.callbacks.version_manager [req-fde2df44-4703-40ef-8c36-7b267bd85859 6bce0e5766c84e1a98c3cb5ccb2e3772 4cff21d35d8b43b9a2a1ce042bb4f9f9 - - -] Version for resource type Trunk changed None to 1.1 on consumer Open vSwitch agent@localhost.localdomain _set_version /usr/lib/python2.7/site-packages/neutron/api/rpc/callbacks/version_manager.py:119
2018-09-13 00:03:20.219 7226 DEBUG neutron.api.rpc.callbacks.version_manager [req-fde2df44-4703-40ef-8c36-7b267bd85859 6bce0e5766c84e1a98c3cb5ccb2e3772 4cff21d35d8b43b9a2a1ce042bb4f9f9 - - -] Version for resource type QosPolicy changed None to 1.6 on consumer Open vSwitch agent@localhost.localdomain _set_version /usr/lib/python2.7/site-packages/neutron/api/rpc/callbacks/version_manager.py:119
2018-09-13 00:03:20.220 7226 DEBUG neutron.api.rpc.callbacks.version_manager [req-fde2df44-4703-40ef-8c36-7b267bd85859 6bce0e5766c84e1a98c3cb5ccb2e3772 4cff21d35d8b43b9a2a1ce042bb4f9f9 - - -] Version for resource type Port changed None to 1.1 on consumer Open vSwitch agent@localhost.localdomain _set_version /usr/lib/python2.7/site-packages/neutron/api/rpc/callbacks/version_manager.py:119
2018-09-13 00:03:20.220 7226 DEBUG neutron.api.rpc.callbacks.version_manager [req-fde2df44-4703-40ef-8c36-7b267bd85859 6bce0e5766c84e1a98c3cb5ccb2e3772 4cff21d35d8b43b9a2a1ce042bb4f9f9 - - -] Version for resource type Log changed None to 1.0 on consumer Open vSwitch agent@localhost.localdomain _set_version /usr/lib/python2.7/site-packages/neutron/api/rpc/callbacks/version_manager.py:119
2018-09-13 00:03:20.231 7226 DEBUG neutron.quota.resource [req-fde2df44-4703-40ef-8c36-7b267bd85859 6bce0e5766c84e1a98c3cb5ccb2e3772 4cff21d35d8b43b9a2a1ce042bb4f9f9 - default default] Persisted dirty status for tenant:2fe44037fb9b4b65a271a5bd500e1790 on resource:port mark_dirty /usr/lib/python2.7/site-packages/neutron/quota/resource.py:207
2018-09-13 00:03:20.234 7226 DEBUG oslo_concurrency.lockutils [req-fde2df44-4703-40ef-8c36-7b267bd85859 6bce0e5766c84e1a98c3cb5ccb2e3772 4cff21d35d8b43b9a2a1ce042bb4f9f9 - - -] Lock "event-dispatch" released by "neutron.plugins.ml2.ovo_rpc.dispatch_events" :: held 0.150s inner /usr/lib/python2.7/site-packages/oslo_concurrency/lockutils.py:282
2018-09-13 00:03:20.237 7226 INFO neutron.wsgi [req-fde2df44-4703-40ef-8c36-7b267bd85859 6bce0e5766c84e1a98c3cb5ccb2e3772 4cff21d35d8b43b9a2a1ce042bb4f9f9 - default default] 10.0.20.20 "DELETE /v2.0/ports/6adbe54a-359d-4122-9e1b-f5033ab1352f HTTP/1.1" status: 204  len: 173 time: 1.9358311
2018-09-13 00:03:20.928 7226 DEBUG novaclient.v2.client [-] RESP: [200] Content-Length: 183 Content-Type: application/json Openstack-Api-Version: compute 2.1 X-Openstack-Nova-Api-Version: 2.1 Vary: OpenStack-API-Version, X-OpenStack-Nova-API-Version X-Openstack-Request-Id: req-d3d89dd8-d0eb-4215-9525-299335e98bbe X-Compute-Request-Id: req-d3d89dd8-d0eb-4215-9525-299335e98bbe Date: Thu, 13 Sep 2018 04:03:20 GMT Connection: keep-alive 
RESP BODY: {"events": [{"status": "completed", "tag": "6adbe54a-359d-4122-9e1b-f5033ab1352f", "name": "network-vif-deleted", "server_uuid": "59e67d94-b7d6-474a-8a5a-025abdc88680", "code": 200}]}
 _http_log_response /usr/lib/python2.7/site-packages/keystoneauth1/session.py:423
2018-09-13 00:03:20.928 7226 DEBUG novaclient.v2.client [-] POST call to compute for http://10.0.20.20:8774/v2.1/4eeeddb45ad446a68ed4de7bd550932a/os-server-external-events used request id req-d3d89dd8-d0eb-4215-9525-299335e98bbe request /usr/lib/python2.7/site-packages/keystoneauth1/session.py:727
2018-09-13 00:03:20.929 7226 INFO neutron.notifiers.nova [-] Nova event response: {u'status': u'completed', u'tag': u'6adbe54a-359d-4122-9e1b-f5033ab1352f', u'name': u'network-vif-deleted', u'server_uuid': u'59e67d94-b7d6-474a-8a5a-025abdc88680', u'code': 200}
2018-09-13 00:03:21.617 7234 DEBUG oslo_concurrency.lockutils [-] Lock "notifier-71e3098c-5ebf-4559-adc6-413c529abc1b" released by "neutron.notifiers.batch_notifier.synced_send" :: held 4.232s inner /usr/lib/python2.7/site-packages/oslo_concurrency/lockutils.py:282
2018-09-13 00:03:22.931 7226 DEBUG oslo_concurrency.lockutils [-] Lock "notifier-71e3098c-5ebf-4559-adc6-413c529abc1b" released by "neutron.notifiers.batch_notifier.synced_send" :: held 2.780s inner /usr/lib/python2.7/site-packages/oslo_concurrency/lockutils.py:282
2018-09-13 00:03:24.295 7237 DEBUG neutron.db.agents_db [req-2a7cbb37-bbe8-4979-b2f0-514441e785ab - - - - -] Agent healthcheck: found 5 active agents agent_health_check /usr/lib/python2.7/site-packages/neutron/db/agents_db.py:281
2018-09-13 00:03:27.431 7233 DEBUG neutron_lib.callbacks.manager [req-3137ff3c-f4f7-417f-9ca0-999b02443e1c - - - - -] Notify callbacks ['neutron.services.segments.db._update_segment_host_mapping_for_agent--9223363270723814373'] for agent, after_update _notify_loop /usr/lib/python2.7/site-packages/neutron_lib/callbacks/manager.py:167
