2018-06-27 06:51:38.390 2237 INFO neutron.wsgi [req-d657def4-888e-48f6-89e4-f03e4e3564ef 655ab8e67d8e4ca680268ee96a43ee95 0ca3103c90a24980adf86a98ed1a7af3 - default default] 10.0.20.46 "GET /v2.0/ports?network_id=a40c0f34-95d0-4778-9224-4ed2d98abb5d&device_owner=network%3Adhcp HTTP/1.1" status: 200  len: 1127 time: 0.1807511
2018-06-27 06:51:38.774 2238 INFO neutron.wsgi [req-9c4547da-7d20-4463-8d93-85213b024223 98feb766856c43a0b32269b7ab553f62 b6ecc50c94994a69aa4eb624ab7c4322 - b6ec1f9faa1e47889183a7cc74a211b9 b6ec1f9faa1e47889183a7cc74a211b9] 10.0.20.46 "GET /v2.0/ports?device_id=b5aa44d6-22a5-4b37-91f6-6cd2e85ffe39 HTTP/1.1" status: 200  len: 1123 time: 0.6001868
2018-06-27 06:51:38.876 2238 INFO neutron.wsgi [req-671e10fe-6760-47bc-a8ba-b21436d84ce7 98feb766856c43a0b32269b7ab553f62 b6ecc50c94994a69aa4eb624ab7c4322 - b6ec1f9faa1e47889183a7cc74a211b9 b6ec1f9faa1e47889183a7cc74a211b9] 10.0.20.46 "GET /v2.0/security-groups?id=656a349d-caf6-4403-87c7-dfb6ffa15a9f HTTP/1.1" status: 200  len: 2118 time: 0.0961480
2018-06-27 06:51:43.817 2245 DEBUG neutron_lib.callbacks.manager [req-a8b4d210-c65e-4d6c-b203-e7854778f97b - - - - -] Notify callbacks ['neutron.services.segments.db._update_segment_host_mapping_for_agent-8784749681744'] for agent, after_update _notify_loop /usr/lib/python2.7/site-packages/neutron_lib/callbacks/manager.py:167
2018-06-27 06:51:43.890 2255 DEBUG neutron_lib.callbacks.manager [req-3eb121d6-462d-42d7-a634-89703223e177 - - - - -] Notify callbacks ['neutron.services.segments.db._update_segment_host_mapping_for_agent-8784749681744'] for agent, after_update _notify_loop /usr/lib/python2.7/site-packages/neutron_lib/callbacks/manager.py:167
2018-06-27 06:51:44.634 2248 DEBUG neutron_lib.callbacks.manager [req-314dac9e-91ce-4317-a7fe-750079cb222f - - - - -] Notify callbacks ['neutron.services.segments.db._update_segment_host_mapping_for_agent-8784749681744'] for agent, after_update _notify_loop /usr/lib/python2.7/site-packages/neutron_lib/callbacks/manager.py:167
2018-06-27 06:51:47.042 2246 DEBUG neutron_lib.callbacks.manager [req-0da793c8-57ee-4a37-ba67-4efab9c54713 - - - - -] Notify callbacks ['neutron.services.segments.db._update_segment_host_mapping_for_agent-8784749681744'] for agent, after_update _notify_loop /usr/lib/python2.7/site-packages/neutron_lib/callbacks/manager.py:167
2018-06-27 06:51:50.258 2249 DEBUG neutron_lib.callbacks.manager [req-3542b4bc-72c4-4b74-88e4-4591789a51d0 - - - - -] Notify callbacks ['neutron.services.segments.db._update_segment_host_mapping_for_agent-8784749681744'] for agent, after_update _notify_loop /usr/lib/python2.7/site-packages/neutron_lib/callbacks/manager.py:167
2018-06-27 06:51:52.037 2238 INFO neutron.wsgi [req-a2542ed2-5ccf-4f0b-ad66-387baf2810f9 98feb766856c43a0b32269b7ab553f62 b6ecc50c94994a69aa4eb624ab7c4322 - b6ec1f9faa1e47889183a7cc74a211b9 b6ec1f9faa1e47889183a7cc74a211b9] 10.0.20.46 "GET /v2.0/ports?device_id=b5aa44d6-22a5-4b37-91f6-6cd2e85ffe39 HTTP/1.1" status: 200  len: 1123 time: 0.5422311
2018-06-27 06:51:52.199 2238 INFO neutron.wsgi [req-bb11af99-7795-4bf0-a713-b69ae443be0c 98feb766856c43a0b32269b7ab553f62 b6ecc50c94994a69aa4eb624ab7c4322 - b6ec1f9faa1e47889183a7cc74a211b9 b6ec1f9faa1e47889183a7cc74a211b9] 10.0.20.46 "GET /v2.0/security-groups?id=656a349d-caf6-4403-87c7-dfb6ffa15a9f HTTP/1.1" status: 200  len: 2118 time: 0.1531351
2018-06-27 06:52:05.495 2238 INFO neutron.wsgi [req-7684d65e-b454-4b7a-b4e2-657cec6f005d 98feb766856c43a0b32269b7ab553f62 b6ecc50c94994a69aa4eb624ab7c4322 - b6ec1f9faa1e47889183a7cc74a211b9 b6ec1f9faa1e47889183a7cc74a211b9] 10.0.20.46 "GET /v2.0/ports?device_id=b5aa44d6-22a5-4b37-91f6-6cd2e85ffe39 HTTP/1.1" status: 200  len: 1123 time: 0.5512569
2018-06-27 06:52:05.619 2238 INFO neutron.wsgi [req-0931c850-c8bd-4bf9-bbbc-af97a84c1026 98feb766856c43a0b32269b7ab553f62 b6ecc50c94994a69aa4eb624ab7c4322 - b6ec1f9faa1e47889183a7cc74a211b9 b6ec1f9faa1e47889183a7cc74a211b9] 10.0.20.46 "GET /v2.0/security-groups?id=656a349d-caf6-4403-87c7-dfb6ffa15a9f HTTP/1.1" status: 200  len: 2118 time: 0.1175501
2018-06-27 06:52:07.770 2257 DEBUG neutron.db.agents_db [req-b1c35eb0-5b66-47ac-b76b-c4a602bdb6dc - - - - -] Agent healthcheck: found 5 active agents agent_health_check /usr/lib/python2.7/site-packages/neutron/db/agents_db.py:281
2018-06-27 06:52:13.823 2254 DEBUG neutron_lib.callbacks.manager [req-9ece57ad-276f-48fe-bfb9-7e9eb2d46f75 - - - - -] Notify callbacks ['neutron.services.segments.db._update_segment_host_mapping_for_agent-8784749681744'] for agent, after_update _notify_loop /usr/lib/python2.7/site-packages/neutron_lib/callbacks/manager.py:167
2018-06-27 06:52:13.872 2252 DEBUG neutron_lib.callbacks.manager [req-3eb121d6-462d-42d7-a634-89703223e177 - - - - -] Notify callbacks ['neutron.services.segments.db._update_segment_host_mapping_for_agent-8784749681744'] for agent, after_update _notify_loop /usr/lib/python2.7/site-packages/neutron_lib/callbacks/manager.py:167
2018-06-27 06:52:14.658 2253 DEBUG neutron_lib.callbacks.manager [req-4f1a33ca-5033-49c0-bc12-d224055a0d19 - - - - -] Notify callbacks ['neutron.services.segments.db._update_segment_host_mapping_for_agent-8784749681744'] for agent, after_update _notify_loop /usr/lib/python2.7/site-packages/neutron_lib/callbacks/manager.py:167
2018-06-27 06:52:15.947 2237 DEBUG neutron.quota.resource [req-ef6841e7-b960-4e86-9de9-3bf617e0a991 98feb766856c43a0b32269b7ab553f62 b6ecc50c94994a69aa4eb624ab7c4322 - b6ec1f9faa1e47889183a7cc74a211b9 b6ec1f9faa1e47889183a7cc74a211b9] Synchronizing usage tracker for tenant:b6ecc50c94994a69aa4eb624ab7c4322 on resource:port resync /usr/lib/python2.7/site-packages/neutron/quota/resource.py:245
2018-06-27 06:52:15.997 2237 DEBUG neutron.quota.resource [req-ef6841e7-b960-4e86-9de9-3bf617e0a991 98feb766856c43a0b32269b7ab553f62 b6ecc50c94994a69aa4eb624ab7c4322 - b6ec1f9faa1e47889183a7cc74a211b9 b6ec1f9faa1e47889183a7cc74a211b9] Unset dirty status for tenant:b6ecc50c94994a69aa4eb624ab7c4322 on resource:port _resync /usr/lib/python2.7/site-packages/neutron/quota/resource.py:237
2018-06-27 06:52:16.000 2237 INFO neutron.wsgi [req-ef6841e7-b960-4e86-9de9-3bf617e0a991 98feb766856c43a0b32269b7ab553f62 b6ecc50c94994a69aa4eb624ab7c4322 - b6ec1f9faa1e47889183a7cc74a211b9 b6ec1f9faa1e47889183a7cc74a211b9] 10.0.20.46 "GET /v2.0/ports?device_id=b5aa44d6-22a5-4b37-91f6-6cd2e85ffe39 HTTP/1.1" status: 200  len: 1123 time: 1.4191980
2018-06-27 06:52:16.180 2237 INFO neutron.wsgi [req-eb65773d-9f7c-4408-9cd5-c7559195a356 98feb766856c43a0b32269b7ab553f62 b6ecc50c94994a69aa4eb624ab7c4322 - b6ec1f9faa1e47889183a7cc74a211b9 b6ec1f9faa1e47889183a7cc74a211b9] 10.0.20.46 "GET /v2.0/security-groups?id=656a349d-caf6-4403-87c7-dfb6ffa15a9f HTTP/1.1" status: 200  len: 2118 time: 0.1712918
2018-06-27 06:52:17.052 2251 DEBUG neutron_lib.callbacks.manager [req-0da793c8-57ee-4a37-ba67-4efab9c54713 - - - - -] Notify callbacks ['neutron.services.segments.db._update_segment_host_mapping_for_agent-8784749681744'] for agent, after_update _notify_loop /usr/lib/python2.7/site-packages/neutron_lib/callbacks/manager.py:167
2018-06-27 06:52:20.267 2245 DEBUG neutron_lib.callbacks.manager [req-3542b4bc-72c4-4b74-88e4-4591789a51d0 - - - - -] Notify callbacks ['neutron.services.segments.db._update_segment_host_mapping_for_agent-8784749681744'] for agent, after_update _notify_loop /usr/lib/python2.7/site-packages/neutron_lib/callbacks/manager.py:167
2018-06-27 06:52:27.272 2240 INFO neutron.wsgi [req-d89460d5-d05f-408e-9f8c-afafc8a95228 98feb766856c43a0b32269b7ab553f62 b6ecc50c94994a69aa4eb624ab7c4322 - b6ec1f9faa1e47889183a7cc74a211b9 b6ec1f9faa1e47889183a7cc74a211b9] 10.0.20.46 "GET /v2.0/ports?device_id=b5aa44d6-22a5-4b37-91f6-6cd2e85ffe39 HTTP/1.1" status: 200  len: 1123 time: 0.7898350
2018-06-27 06:52:27.396 2240 INFO neutron.wsgi [req-74d1b983-88e2-497f-8f18-32febcc718b4 98feb766856c43a0b32269b7ab553f62 b6ecc50c94994a69aa4eb624ab7c4322 - b6ec1f9faa1e47889183a7cc74a211b9 b6ec1f9faa1e47889183a7cc74a211b9] 10.0.20.46 "GET /v2.0/security-groups?id=656a349d-caf6-4403-87c7-dfb6ffa15a9f HTTP/1.1" status: 200  len: 2118 time: 0.1177180
2018-06-27 06:52:38.670 2237 INFO neutron.wsgi [req-00a05876-0878-4eb3-b475-e9deaf776be0 655ab8e67d8e4ca680268ee96a43ee95 0ca3103c90a24980adf86a98ed1a7af3 - default default] 10.0.20.46 "GET /v2.0/ports?tenant_id=b6ecc50c94994a69aa4eb624ab7c4322&device_id=b5aa44d6-22a5-4b37-91f6-6cd2e85ffe39 HTTP/1.1" status: 200  len: 1123 time: 0.1304491
2018-06-27 06:52:38.891 2237 DEBUG neutron.pecan_wsgi.hooks.policy_enforcement [req-3d93fdcb-2dbb-4ab4-9571-0ff0e74ae820 655ab8e67d8e4ca680268ee96a43ee95 0ca3103c90a24980adf86a98ed1a7af3 - default default] Attributes excluded by policy engine: [u'vlan_transparent'] _exclude_attributes_by_policy /usr/lib/python2.7/site-packages/neutron/pecan_wsgi/hooks/policy_enforcement.py:256
2018-06-27 06:52:38.894 2237 INFO neutron.wsgi [req-3d93fdcb-2dbb-4ab4-9571-0ff0e74ae820 655ab8e67d8e4ca680268ee96a43ee95 0ca3103c90a24980adf86a98ed1a7af3 - default default] 10.0.20.46 "GET /v2.0/networks?id=a40c0f34-95d0-4778-9224-4ed2d98abb5d HTTP/1.1" status: 200  len: 885 time: 0.2183242
2018-06-27 06:52:38.962 2237 INFO neutron.wsgi [req-1a71ebb6-d601-4966-ad7c-1817cf869fcd 655ab8e67d8e4ca680268ee96a43ee95 0ca3103c90a24980adf86a98ed1a7af3 - default default] 10.0.20.46 "GET /v2.0/floatingips?fixed_ip_address=11.47.1.7&port_id=0fcfa0db-eb12-4fcb-8daa-1cb3f99d0f1b HTTP/1.1" status: 200  len: 749 time: 0.0624552
2018-06-27 06:52:39.104 2237 DEBUG neutron.pecan_wsgi.hooks.policy_enforcement [req-57bc99fe-8063-40dd-a9ca-f91f68974c14 655ab8e67d8e4ca680268ee96a43ee95 0ca3103c90a24980adf86a98ed1a7af3 - default default] Attributes excluded by policy engine: [u'shared'] _exclude_attributes_by_policy /usr/lib/python2.7/site-packages/neutron/pecan_wsgi/hooks/policy_enforcement.py:256
2018-06-27 06:52:39.109 2237 INFO neutron.wsgi [req-57bc99fe-8063-40dd-a9ca-f91f68974c14 655ab8e67d8e4ca680268ee96a43ee95 0ca3103c90a24980adf86a98ed1a7af3 - default default] 10.0.20.46 "GET /v2.0/subnets?id=ff04d012-e59e-45e2-88b7-f9f7d93184b0 HTTP/1.1" status: 200  len: 843 time: 0.1390650
2018-06-27 06:52:39.238 2237 INFO neutron.wsgi [req-1a2b71aa-896a-490f-a5a1-cfd2e33fbb55 655ab8e67d8e4ca680268ee96a43ee95 0ca3103c90a24980adf86a98ed1a7af3 - default default] 10.0.20.46 "GET /v2.0/ports?network_id=a40c0f34-95d0-4778-9224-4ed2d98abb5d&device_owner=network%3Adhcp HTTP/1.1" status: 200  len: 1127 time: 0.1208711
2018-06-27 06:52:39.373 2237 INFO neutron.wsgi [req-1df367c2-359e-43ae-80c8-1ae56f0a7f43 98feb766856c43a0b32269b7ab553f62 b6ecc50c94994a69aa4eb624ab7c4322 - b6ec1f9faa1e47889183a7cc74a211b9 b6ec1f9faa1e47889183a7cc74a211b9] 10.0.20.46 "GET /v2.0/ports?device_id=b5aa44d6-22a5-4b37-91f6-6cd2e85ffe39 HTTP/1.1" status: 200  len: 1123 time: 0.5858588
2018-06-27 06:52:39.492 2237 INFO neutron.wsgi [req-315d083d-0911-463a-a549-62ff20deecdd 98feb766856c43a0b32269b7ab553f62 b6ecc50c94994a69aa4eb624ab7c4322 - b6ec1f9faa1e47889183a7cc74a211b9 b6ec1f9faa1e47889183a7cc74a211b9] 10.0.20.46 "GET /v2.0/security-groups?id=656a349d-caf6-4403-87c7-dfb6ffa15a9f HTTP/1.1" status: 200  len: 2118 time: 0.1121361
2018-06-27 06:52:43.811 2255 DEBUG neutron_lib.callbacks.manager [req-230f1ef3-2cc9-4f0a-a813-7689b1fb5837 - - - - -] Notify callbacks ['neutron.services.segments.db._update_segment_host_mapping_for_agent-8784749681744'] for agent, after_update _notify_loop /usr/lib/python2.7/site-packages/neutron_lib/callbacks/manager.py:167
2018-06-27 06:52:43.888 2248 DEBUG neutron_lib.callbacks.manager [req-3eb121d6-462d-42d7-a634-89703223e177 - - - - -] Notify callbacks ['neutron.services.segments.db._update_segment_host_mapping_for_agent-8784749681744'] for agent, after_update _notify_loop /usr/lib/python2.7/site-packages/neutron_lib/callbacks/manager.py:167
2018-06-27 06:52:44.658 2246 DEBUG neutron_lib.callbacks.manager [req-ab7cfd09-2435-422d-8821-a5079c369d79 - - - - -] Notify callbacks ['neutron.services.segments.db._update_segment_host_mapping_for_agent-8784749681744'] for agent, after_update _notify_loop /usr/lib/python2.7/site-packages/neutron_lib/callbacks/manager.py:167
2018-06-27 06:52:44.774 2257 DEBUG neutron.db.agents_db [req-b1c35eb0-5b66-47ac-b76b-c4a602bdb6dc - - - - -] Agent healthcheck: found 5 active agents agent_health_check /usr/lib/python2.7/site-packages/neutron/db/agents_db.py:281
2018-06-27 06:52:47.063 2249 DEBUG neutron_lib.callbacks.manager [req-0da793c8-57ee-4a37-ba67-4efab9c54713 - - - - -] Notify callbacks ['neutron.services.segments.db._update_segment_host_mapping_for_agent-8784749681744'] for agent, after_update _notify_loop /usr/lib/python2.7/site-packages/neutron_lib/callbacks/manager.py:167
2018-06-27 06:52:50.265 2254 DEBUG neutron_lib.callbacks.manager [req-3542b4bc-72c4-4b74-88e4-4591789a51d0 - - - - -] Notify callbacks ['neutron.services.segments.db._update_segment_host_mapping_for_agent-8784749681744'] for agent, after_update _notify_loop /usr/lib/python2.7/site-packages/neutron_lib/callbacks/manager.py:167
2018-06-27 06:52:55.534 2237 INFO neutron.wsgi [req-28b2f930-f3ac-4d4d-b0c3-6577a08079e3 98feb766856c43a0b32269b7ab553f62 b6ecc50c94994a69aa4eb624ab7c4322 - b6ec1f9faa1e47889183a7cc74a211b9 b6ec1f9faa1e47889183a7cc74a211b9] 10.0.20.46 "GET /v2.0/ports?device_id=b5aa44d6-22a5-4b37-91f6-6cd2e85ffe39 HTTP/1.1" status: 200  len: 1123 time: 0.7921789
2018-06-27 06:52:55.726 2237 INFO neutron.wsgi [req-df1e37e4-da75-4b46-981f-3b3c86b11fca 98feb766856c43a0b32269b7ab553f62 b6ecc50c94994a69aa4eb624ab7c4322 - b6ec1f9faa1e47889183a7cc74a211b9 b6ec1f9faa1e47889183a7cc74a211b9] 10.0.20.46 "GET /v2.0/security-groups?id=656a349d-caf6-4403-87c7-dfb6ffa15a9f HTTP/1.1" status: 200  len: 2118 time: 0.1763349
2018-06-27 06:53:07.634 2242 DEBUG neutron.wsgi [-] (2242) accepted ('10.0.20.46', 57082) server /usr/lib/python2.7/site-packages/eventlet/wsgi.py:883
2018-06-27 06:53:08.742 2242 INFO neutron.wsgi [req-7ef246ed-e65c-47f3-8500-d5ec8240a532 98feb766856c43a0b32269b7ab553f62 b6ecc50c94994a69aa4eb624ab7c4322 - b6ec1f9faa1e47889183a7cc74a211b9 b6ec1f9faa1e47889183a7cc74a211b9] 10.0.20.46 "GET /v2.0/ports?device_id=b5aa44d6-22a5-4b37-91f6-6cd2e85ffe39 HTTP/1.1" status: 200  len: 1123 time: 1.1058531
2018-06-27 06:53:08.927 2242 INFO neutron.wsgi [req-64c36889-3810-42e4-9648-5577932815d2 98feb766856c43a0b32269b7ab553f62 b6ecc50c94994a69aa4eb624ab7c4322 - b6ec1f9faa1e47889183a7cc74a211b9 b6ec1f9faa1e47889183a7cc74a211b9] 10.0.20.46 "GET /v2.0/security-groups?id=656a349d-caf6-4403-87c7-dfb6ffa15a9f HTTP/1.1" status: 200  len: 2118 time: 0.1469631
2018-06-27 06:53:09.977 2237 INFO neutron.wsgi [req-370df1b0-2ff6-44c7-955c-7b0612684e40 655ab8e67d8e4ca680268ee96a43ee95 0ca3103c90a24980adf86a98ed1a7af3 - default default] 10.0.20.46 "GET /v2.0/ports?tenant_id=b6ecc50c94994a69aa4eb624ab7c4322&device_id=b5aa44d6-22a5-4b37-91f6-6cd2e85ffe39 HTTP/1.1" status: 200  len: 1123 time: 0.1619480
2018-06-27 06:53:10.235 2237 DEBUG neutron.pecan_wsgi.hooks.policy_enforcement [req-528e4c3f-7f51-45f1-a0b0-76b48a7e6f2e 655ab8e67d8e4ca680268ee96a43ee95 0ca3103c90a24980adf86a98ed1a7af3 - default default] Attributes excluded by policy engine: [u'vlan_transparent'] _exclude_attributes_by_policy /usr/lib/python2.7/site-packages/neutron/pecan_wsgi/hooks/policy_enforcement.py:256
2018-06-27 06:53:10.238 2237 INFO neutron.wsgi [req-528e4c3f-7f51-45f1-a0b0-76b48a7e6f2e 655ab8e67d8e4ca680268ee96a43ee95 0ca3103c90a24980adf86a98ed1a7af3 - default default] 10.0.20.46 "GET /v2.0/networks?id=a40c0f34-95d0-4778-9224-4ed2d98abb5d HTTP/1.1" status: 200  len: 885 time: 0.2511849
2018-06-27 06:53:10.294 2237 INFO neutron.wsgi [req-2e5c1e02-61b5-46bd-ad62-a5e6adb34efc 655ab8e67d8e4ca680268ee96a43ee95 0ca3103c90a24980adf86a98ed1a7af3 - default default] 10.0.20.46 "GET /v2.0/floatingips?fixed_ip_address=11.47.1.7&port_id=0fcfa0db-eb12-4fcb-8daa-1cb3f99d0f1b HTTP/1.1" status: 200  len: 749 time: 0.0502450
2018-06-27 06:53:10.467 2237 DEBUG neutron.pecan_wsgi.hooks.policy_enforcement [req-a5288195-6b5b-4850-b05f-c0ae7046f049 655ab8e67d8e4ca680268ee96a43ee95 0ca3103c90a24980adf86a98ed1a7af3 - default default] Attributes excluded by policy engine: [u'shared'] _exclude_attributes_by_policy /usr/lib/python2.7/site-packages/neutron/pecan_wsgi/hooks/policy_enforcement.py:256
2018-06-27 06:53:10.470 2237 INFO neutron.wsgi [req-a5288195-6b5b-4850-b05f-c0ae7046f049 655ab8e67d8e4ca680268ee96a43ee95 0ca3103c90a24980adf86a98ed1a7af3 - default default] 10.0.20.46 "GET /v2.0/subnets?id=ff04d012-e59e-45e2-88b7-f9f7d93184b0 HTTP/1.1" status: 200  len: 843 time: 0.1666081
2018-06-27 06:53:10.634 2237 INFO neutron.wsgi [req-76e9672e-a44f-4f23-9a5d-38b6cbf176f7 655ab8e67d8e4ca680268ee96a43ee95 0ca3103c90a24980adf86a98ed1a7af3 - default default] 10.0.20.46 "GET /v2.0/ports?network_id=a40c0f34-95d0-4778-9224-4ed2d98abb5d&device_owner=network%3Adhcp HTTP/1.1" status: 200  len: 1127 time: 0.1546009
2018-06-27 06:53:12.527 2252 DEBUG neutron.plugins.ml2.rpc [req-3542b4bc-72c4-4b74-88e4-4591789a51d0 - - - - -] Device 0fcfa0db-eb12-4fcb-8daa-1cb3f99d0f1b no longer exists at agent ovs-agent-localhost.localdomain update_device_down /usr/lib/python2.7/site-packages/neutron/plugins/ml2/rpc.py:213
2018-06-27 06:53:12.749 2252 DEBUG neutron_lib.callbacks.manager [req-3542b4bc-72c4-4b74-88e4-4591789a51d0 - - - - -] Notify callbacks ['neutron.plugins.ml2.plugin.Ml2Plugin._ensure_default_security_group_handler--9223372036853993334'] for port, before_update _notify_loop /usr/lib/python2.7/site-packages/neutron_lib/callbacks/manager.py:167
2018-06-27 06:53:12.853 2252 DEBUG oslo_concurrency.lockutils [-] Lock "notifier-ba8b8071-582a-4062-b1ae-fa65a8bbfb93" acquired by "neutron.notifiers.batch_notifier.synced_send" :: waited 0.000s inner /usr/lib/python2.7/site-packages/oslo_concurrency/lockutils.py:270
2018-06-27 06:53:12.853 2252 DEBUG neutron.notifiers.nova [-] Sending events: [{'status': 'completed', 'tag': u'0fcfa0db-eb12-4fcb-8daa-1cb3f99d0f1b', 'name': 'network-vif-unplugged', 'server_uuid': u'b5aa44d6-22a5-4b37-91f6-6cd2e85ffe39'}] send_events /usr/lib/python2.7/site-packages/neutron/notifiers/nova.py:242
2018-06-27 06:53:12.880 2252 DEBUG neutron.plugins.ml2.db [req-3542b4bc-72c4-4b74-88e4-4591789a51d0 - - - - -] For port 0fcfa0db-eb12-4fcb-8daa-1cb3f99d0f1b, host localhost.localdomain, got binding levels [<neutron.plugins.ml2.models.PortBindingLevel[object at 7fd5bce00f10] {port_id=u'0fcfa0db-eb12-4fcb-8daa-1cb3f99d0f1b', host=u'localhost.localdomain', level=0, driver=u'openvswitch', segment_id=u'94947240-613c-4a29-821d-e280fc430902'}>] get_binding_levels /usr/lib/python2.7/site-packages/neutron/plugins/ml2/db.py:106
2018-06-27 06:53:12.916 2252 DEBUG neutron_lib.callbacks.manager [req-3542b4bc-72c4-4b74-88e4-4591789a51d0 - - - - -] Notify callbacks ['neutron.plugins.ml2.plugin.Ml2Plugin.notify_sg_on_port_change-782591', 'neutron.api.rpc.agentnotifiers.dhcp_rpc_agent_api.DhcpAgentNotifyAPI._native_event_send_dhcp_notification--9223372036850943483', 'neutron.plugins.ml2.ovo_rpc._ObjectChangeHandler.handle_event-3723896', 'neutron.db.l3_dvrscheduler_db._notify_l3_agent_port_update-8784749321160', 'neutron.db.l3_hascheduler_db._notify_l3_agent_ha_port_update--9223363252105460453'] for port, after_update _notify_loop /usr/lib/python2.7/site-packages/neutron_lib/callbacks/manager.py:167
2018-06-27 06:53:12.946 2252 DEBUG oslo_concurrency.lockutils [-] Lock "event-dispatch" acquired by "neutron.plugins.ml2.ovo_rpc.dispatch_events" :: waited 0.000s inner /usr/lib/python2.7/site-packages/oslo_concurrency/lockutils.py:270
2018-06-27 06:53:13.406 2252 DEBUG neutron.api.rpc.handlers.resources_rpc [req-3542b4bc-72c4-4b74-88e4-4591789a51d0 - - - - -] neutron.api.rpc.handlers.resources_rpc.ResourcesPushRpcApi method push called with arguments (<neutron_lib.context.Context object at 0x7fd5bcd72d10>, [Port(admin_state_up=True,allowed_address_pairs=[],binding=PortBinding,binding_levels=[PortBindingLevel],created_at=2018-06-27T04:50:16Z,data_plane_status=<?>,description='',device_id='b5aa44d6-22a5-4b37-91f6-6cd2e85ffe39',device_owner='compute:nova',dhcp_options=[],distributed_binding=None,dns=None,fixed_ips=[IPAllocation],id=0fcfa0db-eb12-4fcb-8daa-1cb3f99d0f1b,mac_address=fa:16:3e:ea:55:e1,name='',network_id=a40c0f34-95d0-4778-9224-4ed2d98abb5d,project_id='b6ecc50c94994a69aa4eb624ab7c4322',qos_policy_id=None,revision_number=7,security=PortSecurity(0fcfa0db-eb12-4fcb-8daa-1cb3f99d0f1b),security_group_ids=set([656a349d-caf6-4403-87c7-dfb6ffa15a9f]),status='DOWN',updated_at=2018-06-27T04:53:12Z)], 'updated') {} wrapper /usr/lib/python2.7/site-packages/oslo_log/helpers.py:66
2018-06-27 06:53:13.424 2252 DEBUG neutron.api.rpc.callbacks.version_manager [req-3542b4bc-72c4-4b74-88e4-4591789a51d0 - - - - -] Version for resource type Subnet changed None to 1.0 on consumer Open vSwitch agent@localhost.localdomain _set_version /usr/lib/python2.7/site-packages/neutron/api/rpc/callbacks/version_manager.py:119
2018-06-27 06:53:13.433 2252 DEBUG neutron.api.rpc.callbacks.version_manager [req-3542b4bc-72c4-4b74-88e4-4591789a51d0 - - - - -] Version for resource type Network changed None to 1.0 on consumer Open vSwitch agent@localhost.localdomain _set_version /usr/lib/python2.7/site-packages/neutron/api/rpc/callbacks/version_manager.py:119
2018-06-27 06:53:13.434 2252 DEBUG neutron.api.rpc.callbacks.version_manager [req-3542b4bc-72c4-4b74-88e4-4591789a51d0 - - - - -] Version for resource type SubPort changed None to 1.0 on consumer Open vSwitch agent@localhost.localdomain _set_version /usr/lib/python2.7/site-packages/neutron/api/rpc/callbacks/version_manager.py:119
2018-06-27 06:53:13.434 2252 DEBUG neutron.api.rpc.callbacks.version_manager [req-3542b4bc-72c4-4b74-88e4-4591789a51d0 - - - - -] Version for resource type SecurityGroup changed None to 1.0 on consumer Open vSwitch agent@localhost.localdomain _set_version /usr/lib/python2.7/site-packages/neutron/api/rpc/callbacks/version_manager.py:119
2018-06-27 06:53:13.435 2252 DEBUG neutron.api.rpc.callbacks.version_manager [req-3542b4bc-72c4-4b74-88e4-4591789a51d0 - - - - -] Version for resource type SecurityGroupRule changed None to 1.0 on consumer Open vSwitch agent@localhost.localdomain _set_version /usr/lib/python2.7/site-packages/neutron/api/rpc/callbacks/version_manager.py:119
2018-06-27 06:53:13.435 2252 DEBUG neutron.api.rpc.callbacks.version_manager [req-3542b4bc-72c4-4b74-88e4-4591789a51d0 - - - - -] Version for resource type Trunk changed None to 1.1 on consumer Open vSwitch agent@localhost.localdomain _set_version /usr/lib/python2.7/site-packages/neutron/api/rpc/callbacks/version_manager.py:119
2018-06-27 06:53:13.437 2252 DEBUG neutron.api.rpc.callbacks.version_manager [req-3542b4bc-72c4-4b74-88e4-4591789a51d0 - - - - -] Version for resource type QosPolicy changed None to 1.6 on consumer Open vSwitch agent@localhost.localdomain _set_version /usr/lib/python2.7/site-packages/neutron/api/rpc/callbacks/version_manager.py:119
2018-06-27 06:53:13.438 2252 DEBUG neutron.api.rpc.callbacks.version_manager [req-3542b4bc-72c4-4b74-88e4-4591789a51d0 - - - - -] Version for resource type Port changed None to 1.1 on consumer Open vSwitch agent@localhost.localdomain _set_version /usr/lib/python2.7/site-packages/neutron/api/rpc/callbacks/version_manager.py:119
2018-06-27 06:53:13.439 2252 DEBUG neutron.api.rpc.callbacks.version_manager [req-3542b4bc-72c4-4b74-88e4-4591789a51d0 - - - - -] Version for resource type Log changed None to 1.0 on consumer Open vSwitch agent@localhost.localdomain _set_version /usr/lib/python2.7/site-packages/neutron/api/rpc/callbacks/version_manager.py:119
2018-06-27 06:53:13.460 2252 DEBUG oslo_concurrency.lockutils [req-3542b4bc-72c4-4b74-88e4-4591789a51d0 - - - - -] Lock "event-dispatch" released by "neutron.plugins.ml2.ovo_rpc.dispatch_events" :: held 0.514s inner /usr/lib/python2.7/site-packages/oslo_concurrency/lockutils.py:282
2018-06-27 06:53:13.817 2252 DEBUG neutron_lib.callbacks.manager [req-3f4f003b-2c5e-4b91-8632-60167bf6a1d6 - - - - -] Notify callbacks ['neutron.services.segments.db._update_segment_host_mapping_for_agent-8784749681744'] for agent, after_update _notify_loop /usr/lib/python2.7/site-packages/neutron_lib/callbacks/manager.py:167
2018-06-27 06:53:13.869 2253 DEBUG neutron_lib.callbacks.manager [req-3eb121d6-462d-42d7-a634-89703223e177 - - - - -] Notify callbacks ['neutron.services.segments.db._update_segment_host_mapping_for_agent-8784749681744'] for agent, after_update _notify_loop /usr/lib/python2.7/site-packages/neutron_lib/callbacks/manager.py:167
2018-06-27 06:53:13.974 2252 DEBUG novaclient.v2.client [-] REQ: curl -g -i -X POST http://10.0.20.46:8774/v2.1/0ca3103c90a24980adf86a98ed1a7af3/os-server-external-events -H "User-Agent: python-novaclient" -H "Content-Type: application/json" -H "Accept: application/json" -H "X-OpenStack-Nova-API-Version: 2.1" -H "X-Auth-Token: {SHA1}435dfe28864ae13152c11f09641f9b995dce5886" -d '{"events": [{"status": "completed", "tag": "0fcfa0db-eb12-4fcb-8daa-1cb3f99d0f1b", "name": "network-vif-unplugged", "server_uuid": "b5aa44d6-22a5-4b37-91f6-6cd2e85ffe39"}]}' _http_log_request /usr/lib/python2.7/site-packages/keystoneauth1/session.py:375
2018-06-27 06:53:14.636 2252 DEBUG novaclient.v2.client [-] RESP: [200] Content-Length: 185 Content-Type: application/json Openstack-Api-Version: compute 2.1 X-Openstack-Nova-Api-Version: 2.1 Vary: OpenStack-API-Version, X-OpenStack-Nova-API-Version X-Openstack-Request-Id: req-ad5a4b4b-dfa1-401f-91fa-60eda0a3989f X-Compute-Request-Id: req-ad5a4b4b-dfa1-401f-91fa-60eda0a3989f Date: Wed, 27 Jun 2018 04:53:14 GMT Connection: keep-alive 
RESP BODY: {"events": [{"status": "completed", "tag": "0fcfa0db-eb12-4fcb-8daa-1cb3f99d0f1b", "name": "network-vif-unplugged", "server_uuid": "b5aa44d6-22a5-4b37-91f6-6cd2e85ffe39", "code": 200}]}
 _http_log_response /usr/lib/python2.7/site-packages/keystoneauth1/session.py:423
2018-06-27 06:53:14.637 2252 DEBUG novaclient.v2.client [-] POST call to compute for http://10.0.20.46:8774/v2.1/0ca3103c90a24980adf86a98ed1a7af3/os-server-external-events used request id req-ad5a4b4b-dfa1-401f-91fa-60eda0a3989f request /usr/lib/python2.7/site-packages/keystoneauth1/session.py:727
2018-06-27 06:53:14.645 2251 DEBUG neutron_lib.callbacks.manager [req-41c377ac-88f2-4fd8-8bd4-d4fb81ad1bb8 - - - - -] Notify callbacks ['neutron.services.segments.db._update_segment_host_mapping_for_agent-8784749681744'] for agent, after_update _notify_loop /usr/lib/python2.7/site-packages/neutron_lib/callbacks/manager.py:167
2018-06-27 06:53:14.654 2252 INFO neutron.notifiers.nova [-] Nova event response: {u'status': u'completed', u'tag': u'0fcfa0db-eb12-4fcb-8daa-1cb3f99d0f1b', u'name': u'network-vif-unplugged', u'server_uuid': u'b5aa44d6-22a5-4b37-91f6-6cd2e85ffe39', u'code': 200}
2018-06-27 06:53:16.595 2253 DEBUG neutron.plugins.ml2.rpc [req-3542b4bc-72c4-4b74-88e4-4591789a51d0 - - - - -] Device 0fcfa0db-eb12-4fcb-8daa-1cb3f99d0f1b up at agent ovs-agent-localhost.localdomain update_device_up /usr/lib/python2.7/site-packages/neutron/plugins/ml2/rpc.py:244
2018-06-27 06:53:16.655 2252 DEBUG oslo_concurrency.lockutils [-] Lock "notifier-ba8b8071-582a-4062-b1ae-fa65a8bbfb93" released by "neutron.notifiers.batch_notifier.synced_send" :: held 3.803s inner /usr/lib/python2.7/site-packages/oslo_concurrency/lockutils.py:282
2018-06-27 06:53:16.719 2253 DEBUG neutron.db.provisioning_blocks [req-3542b4bc-72c4-4b74-88e4-4591789a51d0 - - - - -] Provisioning complete for port 0fcfa0db-eb12-4fcb-8daa-1cb3f99d0f1b triggered by entity L2. provisioning_complete /usr/lib/python2.7/site-packages/neutron/db/provisioning_blocks.py:138
2018-06-27 06:53:16.720 2253 DEBUG neutron_lib.callbacks.manager [req-3542b4bc-72c4-4b74-88e4-4591789a51d0 - - - - -] Notify callbacks ['neutron.plugins.ml2.plugin.Ml2Plugin._port_provisioned-967118'] for port, provisioning_complete _notify_loop /usr/lib/python2.7/site-packages/neutron_lib/callbacks/manager.py:167
2018-06-27 06:53:17.044 2245 DEBUG neutron_lib.callbacks.manager [req-0da793c8-57ee-4a37-ba67-4efab9c54713 - - - - -] Notify callbacks ['neutron.services.segments.db._update_segment_host_mapping_for_agent-8784749681744'] for agent, after_update _notify_loop /usr/lib/python2.7/site-packages/neutron_lib/callbacks/manager.py:167
2018-06-27 06:53:17.248 2253 DEBUG neutron_lib.callbacks.manager [req-3542b4bc-72c4-4b74-88e4-4591789a51d0 - - - - -] Notify callbacks ['neutron.plugins.ml2.plugin.Ml2Plugin._ensure_default_security_group_handler--9223372036853993334'] for port, before_update _notify_loop /usr/lib/python2.7/site-packages/neutron_lib/callbacks/manager.py:167
2018-06-27 06:53:17.344 2253 DEBUG neutron.plugins.ml2.db [req-3542b4bc-72c4-4b74-88e4-4591789a51d0 - - - - -] For port 0fcfa0db-eb12-4fcb-8daa-1cb3f99d0f1b, host localhost.localdomain, got binding levels [<neutron.plugins.ml2.models.PortBindingLevel[object at 7fd5bd112d90] {port_id=u'0fcfa0db-eb12-4fcb-8daa-1cb3f99d0f1b', host=u'localhost.localdomain', level=0, driver=u'openvswitch', segment_id=u'94947240-613c-4a29-821d-e280fc430902'}>] get_binding_levels /usr/lib/python2.7/site-packages/neutron/plugins/ml2/db.py:106
2018-06-27 06:53:17.347 2253 DEBUG oslo_concurrency.lockutils [-] Lock "notifier-ba8b8071-582a-4062-b1ae-fa65a8bbfb93" acquired by "neutron.notifiers.batch_notifier.synced_send" :: waited 0.000s inner /usr/lib/python2.7/site-packages/oslo_concurrency/lockutils.py:270
2018-06-27 06:53:17.348 2253 DEBUG neutron.notifiers.nova [-] Sending events: [{'status': 'completed', 'tag': u'0fcfa0db-eb12-4fcb-8daa-1cb3f99d0f1b', 'name': 'network-vif-plugged', 'server_uuid': u'b5aa44d6-22a5-4b37-91f6-6cd2e85ffe39'}] send_events /usr/lib/python2.7/site-packages/neutron/notifiers/nova.py:242
2018-06-27 06:53:17.369 2253 DEBUG neutron_lib.callbacks.manager [req-3542b4bc-72c4-4b74-88e4-4591789a51d0 - - - - -] Notify callbacks ['neutron.plugins.ml2.plugin.Ml2Plugin.notify_sg_on_port_change-782591', 'neutron.api.rpc.agentnotifiers.dhcp_rpc_agent_api.DhcpAgentNotifyAPI._native_event_send_dhcp_notification--9223372036850943483', 'neutron.plugins.ml2.ovo_rpc._ObjectChangeHandler.handle_event-3723896', 'neutron.db.l3_dvrscheduler_db._notify_l3_agent_port_update-8784749321160', 'neutron.db.l3_hascheduler_db._notify_l3_agent_ha_port_update--9223363252105460453'] for port, after_update _notify_loop /usr/lib/python2.7/site-packages/neutron_lib/callbacks/manager.py:167
2018-06-27 06:53:17.389 2253 DEBUG oslo_concurrency.lockutils [-] Lock "event-dispatch" acquired by "neutron.plugins.ml2.ovo_rpc.dispatch_events" :: waited 0.000s inner /usr/lib/python2.7/site-packages/oslo_concurrency/lockutils.py:270
2018-06-27 06:53:17.550 2253 DEBUG neutron.api.rpc.handlers.resources_rpc [req-3542b4bc-72c4-4b74-88e4-4591789a51d0 - - - - -] neutron.api.rpc.handlers.resources_rpc.ResourcesPushRpcApi method push called with arguments (<neutron_lib.context.Context object at 0x7fd5bcea7bd0>, [Port(admin_state_up=True,allowed_address_pairs=[],binding=PortBinding,binding_levels=[PortBindingLevel],created_at=2018-06-27T04:50:16Z,data_plane_status=<?>,description='',device_id='b5aa44d6-22a5-4b37-91f6-6cd2e85ffe39',device_owner='compute:nova',dhcp_options=[],distributed_binding=None,dns=None,fixed_ips=[IPAllocation],id=0fcfa0db-eb12-4fcb-8daa-1cb3f99d0f1b,mac_address=fa:16:3e:ea:55:e1,name='',network_id=a40c0f34-95d0-4778-9224-4ed2d98abb5d,project_id='b6ecc50c94994a69aa4eb624ab7c4322',qos_policy_id=None,revision_number=8,security=PortSecurity(0fcfa0db-eb12-4fcb-8daa-1cb3f99d0f1b),security_group_ids=set([656a349d-caf6-4403-87c7-dfb6ffa15a9f]),status='ACTIVE',updated_at=2018-06-27T04:53:17Z)], 'updated') {} wrapper /usr/lib/python2.7/site-packages/oslo_log/helpers.py:66
2018-06-27 06:53:17.565 2253 DEBUG neutron.api.rpc.callbacks.version_manager [req-3542b4bc-72c4-4b74-88e4-4591789a51d0 - - - - -] Version for resource type Subnet changed None to 1.0 on consumer Open vSwitch agent@localhost.localdomain _set_version /usr/lib/python2.7/site-packages/neutron/api/rpc/callbacks/version_manager.py:119
2018-06-27 06:53:17.565 2253 DEBUG neutron.api.rpc.callbacks.version_manager [req-3542b4bc-72c4-4b74-88e4-4591789a51d0 - - - - -] Version for resource type Network changed None to 1.0 on consumer Open vSwitch agent@localhost.localdomain _set_version /usr/lib/python2.7/site-packages/neutron/api/rpc/callbacks/version_manager.py:119
2018-06-27 06:53:17.566 2253 DEBUG neutron.api.rpc.callbacks.version_manager [req-3542b4bc-72c4-4b74-88e4-4591789a51d0 - - - - -] Version for resource type SubPort changed None to 1.0 on consumer Open vSwitch agent@localhost.localdomain _set_version /usr/lib/python2.7/site-packages/neutron/api/rpc/callbacks/version_manager.py:119
2018-06-27 06:53:17.566 2253 DEBUG neutron.api.rpc.callbacks.version_manager [req-3542b4bc-72c4-4b74-88e4-4591789a51d0 - - - - -] Version for resource type SecurityGroup changed None to 1.0 on consumer Open vSwitch agent@localhost.localdomain _set_version /usr/lib/python2.7/site-packages/neutron/api/rpc/callbacks/version_manager.py:119
2018-06-27 06:53:17.567 2253 DEBUG neutron.api.rpc.callbacks.version_manager [req-3542b4bc-72c4-4b74-88e4-4591789a51d0 - - - - -] Version for resource type SecurityGroupRule changed None to 1.0 on consumer Open vSwitch agent@localhost.localdomain _set_version /usr/lib/python2.7/site-packages/neutron/api/rpc/callbacks/version_manager.py:119
2018-06-27 06:53:17.567 2253 DEBUG neutron.api.rpc.callbacks.version_manager [req-3542b4bc-72c4-4b74-88e4-4591789a51d0 - - - - -] Version for resource type Trunk changed None to 1.1 on consumer Open vSwitch agent@localhost.localdomain _set_version /usr/lib/python2.7/site-packages/neutron/api/rpc/callbacks/version_manager.py:119
2018-06-27 06:53:17.568 2253 DEBUG neutron.api.rpc.callbacks.version_manager [req-3542b4bc-72c4-4b74-88e4-4591789a51d0 - - - - -] Version for resource type QosPolicy changed None to 1.6 on consumer Open vSwitch agent@localhost.localdomain _set_version /usr/lib/python2.7/site-packages/neutron/api/rpc/callbacks/version_manager.py:119
2018-06-27 06:53:17.568 2253 DEBUG neutron.api.rpc.callbacks.version_manager [req-3542b4bc-72c4-4b74-88e4-4591789a51d0 - - - - -] Version for resource type Port changed None to 1.1 on consumer Open vSwitch agent@localhost.localdomain _set_version /usr/lib/python2.7/site-packages/neutron/api/rpc/callbacks/version_manager.py:119
2018-06-27 06:53:17.569 2253 DEBUG neutron.api.rpc.callbacks.version_manager [req-3542b4bc-72c4-4b74-88e4-4591789a51d0 - - - - -] Version for resource type Log changed None to 1.0 on consumer Open vSwitch agent@localhost.localdomain _set_version /usr/lib/python2.7/site-packages/neutron/api/rpc/callbacks/version_manager.py:119
2018-06-27 06:53:17.597 2253 DEBUG oslo_concurrency.lockutils [req-3542b4bc-72c4-4b74-88e4-4591789a51d0 - - - - -] Lock "event-dispatch" released by "neutron.plugins.ml2.ovo_rpc.dispatch_events" :: held 0.207s inner /usr/lib/python2.7/site-packages/oslo_concurrency/lockutils.py:282
2018-06-27 06:53:18.373 2240 INFO neutron.wsgi [req-550994a9-89ca-4c9c-b73d-0a19feaf37f4 98feb766856c43a0b32269b7ab553f62 b6ecc50c94994a69aa4eb624ab7c4322 - b6ec1f9faa1e47889183a7cc74a211b9 b6ec1f9faa1e47889183a7cc74a211b9] 10.0.20.46 "GET /v2.0/ports?device_id=b5aa44d6-22a5-4b37-91f6-6cd2e85ffe39 HTTP/1.1" status: 200  len: 1123 time: 1.2071841
2018-06-27 06:53:18.422 2253 DEBUG novaclient.v2.client [-] REQ: curl -g -i -X POST http://10.0.20.46:8774/v2.1/0ca3103c90a24980adf86a98ed1a7af3/os-server-external-events -H "User-Agent: python-novaclient" -H "Content-Type: application/json" -H "Accept: application/json" -H "X-OpenStack-Nova-API-Version: 2.1" -H "X-Auth-Token: {SHA1}fdc654ad9d2360e878375911b88472d6e6a69c4b" -d '{"events": [{"status": "completed", "tag": "0fcfa0db-eb12-4fcb-8daa-1cb3f99d0f1b", "name": "network-vif-plugged", "server_uuid": "b5aa44d6-22a5-4b37-91f6-6cd2e85ffe39"}]}' _http_log_request /usr/lib/python2.7/site-packages/keystoneauth1/session.py:375
2018-06-27 06:53:18.480 2245 DEBUG neutron.plugins.ml2.rpc [req-3542b4bc-72c4-4b74-88e4-4591789a51d0 - - - - -] Device 0fcfa0db-eb12-4fcb-8daa-1cb3f99d0f1b up at agent ovs-agent-localhost.localdomain update_device_up /usr/lib/python2.7/site-packages/neutron/plugins/ml2/rpc.py:244
2018-06-27 06:53:18.521 2240 INFO neutron.wsgi [req-9f166fe2-e1ed-4219-8aea-95ec37a15af7 98feb766856c43a0b32269b7ab553f62 b6ecc50c94994a69aa4eb624ab7c4322 - b6ec1f9faa1e47889183a7cc74a211b9 b6ec1f9faa1e47889183a7cc74a211b9] 10.0.20.46 "GET /v2.0/security-groups?id=656a349d-caf6-4403-87c7-dfb6ffa15a9f HTTP/1.1" status: 200  len: 2118 time: 0.1441519
2018-06-27 06:53:18.612 2245 DEBUG neutron.db.provisioning_blocks [req-3542b4bc-72c4-4b74-88e4-4591789a51d0 - - - - -] Provisioning complete for port 0fcfa0db-eb12-4fcb-8daa-1cb3f99d0f1b triggered by entity L2. provisioning_complete /usr/lib/python2.7/site-packages/neutron/db/provisioning_blocks.py:138
2018-06-27 06:53:18.613 2245 DEBUG neutron_lib.callbacks.manager [req-3542b4bc-72c4-4b74-88e4-4591789a51d0 - - - - -] Notify callbacks ['neutron.plugins.ml2.plugin.Ml2Plugin._port_provisioned-967118'] for port, provisioning_complete _notify_loop /usr/lib/python2.7/site-packages/neutron_lib/callbacks/manager.py:167
2018-06-27 06:53:19.059 2253 DEBUG novaclient.v2.client [-] RESP: [200] Content-Length: 183 Content-Type: application/json Openstack-Api-Version: compute 2.1 X-Openstack-Nova-Api-Version: 2.1 Vary: OpenStack-API-Version, X-OpenStack-Nova-API-Version X-Openstack-Request-Id: req-72784527-0131-4669-b7ba-819773958005 X-Compute-Request-Id: req-72784527-0131-4669-b7ba-819773958005 Date: Wed, 27 Jun 2018 04:53:19 GMT Connection: keep-alive 
RESP BODY: {"events": [{"status": "completed", "tag": "0fcfa0db-eb12-4fcb-8daa-1cb3f99d0f1b", "name": "network-vif-plugged", "server_uuid": "b5aa44d6-22a5-4b37-91f6-6cd2e85ffe39", "code": 200}]}
 _http_log_response /usr/lib/python2.7/site-packages/keystoneauth1/session.py:423
2018-06-27 06:53:19.060 2253 DEBUG novaclient.v2.client [-] POST call to compute for http://10.0.20.46:8774/v2.1/0ca3103c90a24980adf86a98ed1a7af3/os-server-external-events used request id req-72784527-0131-4669-b7ba-819773958005 request /usr/lib/python2.7/site-packages/keystoneauth1/session.py:727
2018-06-27 06:53:19.069 2253 INFO neutron.notifiers.nova [-] Nova event response: {u'status': u'completed', u'tag': u'0fcfa0db-eb12-4fcb-8daa-1cb3f99d0f1b', u'name': u'network-vif-plugged', u'server_uuid': u'b5aa44d6-22a5-4b37-91f6-6cd2e85ffe39', u'code': 200}
2018-06-27 06:53:20.265 2255 DEBUG neutron_lib.callbacks.manager [req-3542b4bc-72c4-4b74-88e4-4591789a51d0 - - - - -] Notify callbacks ['neutron.services.segments.db._update_segment_host_mapping_for_agent-8784749681744'] for agent, after_update _notify_loop /usr/lib/python2.7/site-packages/neutron_lib/callbacks/manager.py:167
2018-06-27 06:53:21.071 2253 DEBUG oslo_concurrency.lockutils [-] Lock "notifier-ba8b8071-582a-4062-b1ae-fa65a8bbfb93" released by "neutron.notifiers.batch_notifier.synced_send" :: held 3.724s inner /usr/lib/python2.7/site-packages/oslo_concurrency/lockutils.py:282
2018-06-27 06:53:21.784 2257 DEBUG neutron.db.agents_db [req-b1c35eb0-5b66-47ac-b76b-c4a602bdb6dc - - - - -] Agent healthcheck: found 5 active agents agent_health_check /usr/lib/python2.7/site-packages/neutron/db/agents_db.py:281
2018-06-27 06:53:40.715 2237 INFO neutron.wsgi [req-a885b306-3f23-430e-8145-523e6a7df579 655ab8e67d8e4ca680268ee96a43ee95 0ca3103c90a24980adf86a98ed1a7af3 - default default] 10.0.20.46 "GET /v2.0/ports?tenant_id=b6ecc50c94994a69aa4eb624ab7c4322&device_id=b5aa44d6-22a5-4b37-91f6-6cd2e85ffe39 HTTP/1.1" status: 200  len: 1123 time: 0.1423812
2018-06-27 06:53:41.262 2237 DEBUG neutron.pecan_wsgi.hooks.policy_enforcement [req-0970e9b4-bbdf-42b7-adda-d26be0783b79 655ab8e67d8e4ca680268ee96a43ee95 0ca3103c90a24980adf86a98ed1a7af3 - default default] Attributes excluded by policy engine: [u'vlan_transparent'] _exclude_attributes_by_policy /usr/lib/python2.7/site-packages/neutron/pecan_wsgi/hooks/policy_enforcement.py:256
2018-06-27 06:53:41.264 2237 INFO neutron.wsgi [req-0970e9b4-bbdf-42b7-adda-d26be0783b79 655ab8e67d8e4ca680268ee96a43ee95 0ca3103c90a24980adf86a98ed1a7af3 - default default] 10.0.20.46 "GET /v2.0/networks?id=a40c0f34-95d0-4778-9224-4ed2d98abb5d HTTP/1.1" status: 200  len: 885 time: 0.5383301
2018-06-27 06:53:41.319 2237 INFO neutron.wsgi [req-0dcb17f7-8f97-4019-a945-faff53bf4e14 655ab8e67d8e4ca680268ee96a43ee95 0ca3103c90a24980adf86a98ed1a7af3 - default default] 10.0.20.46 "GET /v2.0/floatingips?fixed_ip_address=11.47.1.7&port_id=0fcfa0db-eb12-4fcb-8daa-1cb3f99d0f1b HTTP/1.1" status: 200  len: 749 time: 0.0500691
2018-06-27 06:53:41.496 2237 DEBUG neutron.pecan_wsgi.hooks.policy_enforcement [req-350b6b86-fcc8-4cb6-b57f-69cabed5f4ac 655ab8e67d8e4ca680268ee96a43ee95 0ca3103c90a24980adf86a98ed1a7af3 - default default] Attributes excluded by policy engine: [u'shared'] _exclude_attributes_by_policy /usr/lib/python2.7/site-packages/neutron/pecan_wsgi/hooks/policy_enforcement.py:256
2018-06-27 06:53:41.499 2237 INFO neutron.wsgi [req-350b6b86-fcc8-4cb6-b57f-69cabed5f4ac 655ab8e67d8e4ca680268ee96a43ee95 0ca3103c90a24980adf86a98ed1a7af3 - default default] 10.0.20.46 "GET /v2.0/subnets?id=ff04d012-e59e-45e2-88b7-f9f7d93184b0 HTTP/1.1" status: 200  len: 843 time: 0.1718969
2018-06-27 06:53:41.647 2237 INFO neutron.wsgi [req-f9aabbb2-c546-433d-8e63-1aa57d992c69 655ab8e67d8e4ca680268ee96a43ee95 0ca3103c90a24980adf86a98ed1a7af3 - default default] 10.0.20.46 "GET /v2.0/ports?network_id=a40c0f34-95d0-4778-9224-4ed2d98abb5d&device_owner=network%3Adhcp HTTP/1.1" status: 200  len: 1127 time: 0.1407981
2018-06-27 06:53:43.812 2248 DEBUG neutron_lib.callbacks.manager [req-ed666dd1-4e52-44f9-a7ff-7cc284118650 - - - - -] Notify callbacks ['neutron.services.segments.db._update_segment_host_mapping_for_agent-8784749681744'] for agent, after_update _notify_loop /usr/lib/python2.7/site-packages/neutron_lib/callbacks/manager.py:167
2018-06-27 06:53:43.873 2246 DEBUG neutron_lib.callbacks.manager [req-3eb121d6-462d-42d7-a634-89703223e177 - - - - -] Notify callbacks ['neutron.services.segments.db._update_segment_host_mapping_for_agent-8784749681744'] for agent, after_update _notify_loop /usr/lib/python2.7/site-packages/neutron_lib/callbacks/manager.py:167
2018-06-27 06:53:44.639 2249 DEBUG neutron_lib.callbacks.manager [req-a4fa99f4-7e65-4a13-9726-9168ea2ec499 - - - - -] Notify callbacks ['neutron.services.segments.db._update_segment_host_mapping_for_agent-8784749681744'] for agent, after_update _notify_loop /usr/lib/python2.7/site-packages/neutron_lib/callbacks/manager.py:167
2018-06-27 06:53:46.187 2242 INFO neutron.wsgi [req-b86a8aa6-319b-4b03-a87f-27bb8f59f385 655ab8e67d8e4ca680268ee96a43ee95 0ca3103c90a24980adf86a98ed1a7af3 - default default] 10.0.20.46 "GET /v2.0/ports?device_id=b5aa44d6-22a5-4b37-91f6-6cd2e85ffe39 HTTP/1.1" status: 200  len: 1123 time: 0.1562772
2018-06-27 06:53:46.297 2242 INFO neutron.wsgi [req-d5af5da9-8c6d-4ac8-a5fa-7cd9483e6da9 655ab8e67d8e4ca680268ee96a43ee95 0ca3103c90a24980adf86a98ed1a7af3 - default default] 10.0.20.46 "GET /v2.0/security-groups?id=656a349d-caf6-4403-87c7-dfb6ffa15a9f HTTP/1.1" status: 200  len: 2118 time: 0.1032059
2018-06-27 06:53:47.071 2254 DEBUG neutron_lib.callbacks.manager [req-0da793c8-57ee-4a37-ba67-4efab9c54713 - - - - -] Notify callbacks ['neutron.services.segments.db._update_segment_host_mapping_for_agent-8784749681744'] for agent, after_update _notify_loop /usr/lib/python2.7/site-packages/neutron_lib/callbacks/manager.py:167
2018-06-27 06:53:49.315 2243 DEBUG neutron.wsgi [-] (2243) accepted ('10.0.20.46', 58302) server /usr/lib/python2.7/site-packages/eventlet/wsgi.py:883
2018-06-27 06:53:50.274 2252 DEBUG neutron_lib.callbacks.manager [req-3542b4bc-72c4-4b74-88e4-4591789a51d0 - - - - -] Notify callbacks ['neutron.services.segments.db._update_segment_host_mapping_for_agent-8784749681744'] for agent, after_update _notify_loop /usr/lib/python2.7/site-packages/neutron_lib/callbacks/manager.py:167
2018-06-27 06:53:50.530 2243 INFO neutron.wsgi [req-70e98861-dc56-40bf-8e71-70ccd698f667 655ab8e67d8e4ca680268ee96a43ee95 0ca3103c90a24980adf86a98ed1a7af3 - default default] 10.0.20.46 "GET /v2.0/ports?device_id=b5aa44d6-22a5-4b37-91f6-6cd2e85ffe39 HTTP/1.1" status: 200  len: 1123 time: 1.2085791
2018-06-27 06:53:50.771 2243 INFO neutron.wsgi [req-6ff19632-5a98-49ab-8bfa-7bbd0c6a4319 655ab8e67d8e4ca680268ee96a43ee95 0ca3103c90a24980adf86a98ed1a7af3 - default default] 10.0.20.46 "GET /v2.0/security-groups?id=656a349d-caf6-4403-87c7-dfb6ffa15a9f HTTP/1.1" status: 200  len: 2118 time: 0.1957641
2018-06-27 06:53:52.187 2242 INFO neutron.wsgi [req-a0913207-3212-4faa-9caf-bbeab1a32e05 655ab8e67d8e4ca680268ee96a43ee95 0ca3103c90a24980adf86a98ed1a7af3 - default default] 10.0.20.46 "GET /v2.0/ports?device_id=b5aa44d6-22a5-4b37-91f6-6cd2e85ffe39 HTTP/1.1" status: 200  len: 1123 time: 0.1765912
2018-06-27 06:53:52.658 2242 INFO neutron.wsgi [req-29a8de33-a85d-42a8-9f5d-9c3b6ace3470 655ab8e67d8e4ca680268ee96a43ee95 0ca3103c90a24980adf86a98ed1a7af3 - default default] 10.0.20.46 "GET /v2.0/security-groups?id=656a349d-caf6-4403-87c7-dfb6ffa15a9f HTTP/1.1" status: 200  len: 2118 time: 0.4638910
2018-06-27 06:53:53.752 2241 INFO neutron.wsgi [req-5ff7db0f-cbcc-486e-9156-94f16405e5a4 655ab8e67d8e4ca680268ee96a43ee95 0ca3103c90a24980adf86a98ed1a7af3 - default default] 10.0.20.46 "GET /v2.0/ports?device_id=b5aa44d6-22a5-4b37-91f6-6cd2e85ffe39 HTTP/1.1" status: 200  len: 1123 time: 0.1595881
2018-06-27 06:53:53.878 2241 INFO neutron.wsgi [req-5083b97d-4836-4bc2-8653-373aabf366ca 655ab8e67d8e4ca680268ee96a43ee95 0ca3103c90a24980adf86a98ed1a7af3 - default default] 10.0.20.46 "GET /v2.0/security-groups?id=656a349d-caf6-4403-87c7-dfb6ffa15a9f HTTP/1.1" status: 200  len: 2118 time: 0.1196361
2018-06-27 06:53:57.312 2243 DEBUG neutron.wsgi [-] (2243) accepted ('10.0.20.46', 58346) server /usr/lib/python2.7/site-packages/eventlet/wsgi.py:883
2018-06-27 06:53:58.239 2243 INFO neutron.wsgi [req-19d4b5e0-e872-48ab-bec3-16781890a4d1 655ab8e67d8e4ca680268ee96a43ee95 0ca3103c90a24980adf86a98ed1a7af3 - default default] 10.0.20.46 "GET /v2.0/ports?device_id=b5aa44d6-22a5-4b37-91f6-6cd2e85ffe39 HTTP/1.1" status: 200  len: 1123 time: 0.9255161
2018-06-27 06:53:58.430 2243 INFO neutron.wsgi [req-6254b2fd-d476-4547-94df-ded07dd104a7 655ab8e67d8e4ca680268ee96a43ee95 0ca3103c90a24980adf86a98ed1a7af3 - default default] 10.0.20.46 "GET /v2.0/security-groups?id=656a349d-caf6-4403-87c7-dfb6ffa15a9f HTTP/1.1" status: 200  len: 2118 time: 0.1438138
2018-06-27 06:53:58.783 2257 DEBUG neutron.db.agents_db [req-b1c35eb0-5b66-47ac-b76b-c4a602bdb6dc - - - - -] Agent healthcheck: found 5 active agents agent_health_check /usr/lib/python2.7/site-packages/neutron/db/agents_db.py:281
2018-06-27 06:53:59.783 2242 INFO neutron.wsgi [req-9e3ec196-2aea-4f33-a7d3-68b1125b65fc 655ab8e67d8e4ca680268ee96a43ee95 0ca3103c90a24980adf86a98ed1a7af3 - default default] 10.0.20.46 "GET /v2.0/ports?device_id=b5aa44d6-22a5-4b37-91f6-6cd2e85ffe39 HTTP/1.1" status: 200  len: 1123 time: 0.1488330
2018-06-27 06:53:59.962 2242 INFO neutron.wsgi [req-45328de8-5db5-4b16-b13a-00c524d861ed 655ab8e67d8e4ca680268ee96a43ee95 0ca3103c90a24980adf86a98ed1a7af3 - default default] 10.0.20.46 "GET /v2.0/security-groups?id=656a349d-caf6-4403-87c7-dfb6ffa15a9f HTTP/1.1" status: 200  len: 2118 time: 0.1681149
2018-06-27 06:54:13.806 2253 DEBUG neutron_lib.callbacks.manager [req-4256d817-0817-4afe-922d-9147cccdf34e - - - - -] Notify callbacks ['neutron.services.segments.db._update_segment_host_mapping_for_agent-8784749681744'] for agent, after_update _notify_loop /usr/lib/python2.7/site-packages/neutron_lib/callbacks/manager.py:167
2018-06-27 06:54:13.855 2251 DEBUG neutron_lib.callbacks.manager [req-3eb121d6-462d-42d7-a634-89703223e177 - - - - -] Notify callbacks ['neutron.services.segments.db._update_segment_host_mapping_for_agent-8784749681744'] for agent, after_update _notify_loop /usr/lib/python2.7/site-packages/neutron_lib/callbacks/manager.py:167
2018-06-27 06:54:14.642 2245 DEBUG neutron_lib.callbacks.manager [req-be62f63c-914f-4861-a098-0a93b35ad3c9 - - - - -] Notify callbacks ['neutron.services.segments.db._update_segment_host_mapping_for_agent-8784749681744'] for agent, after_update _notify_loop /usr/lib/python2.7/site-packages/neutron_lib/callbacks/manager.py:167
2018-06-27 06:54:17.059 2255 DEBUG neutron_lib.callbacks.manager [req-0da793c8-57ee-4a37-ba67-4efab9c54713 - - - - -] Notify callbacks ['neutron.services.segments.db._update_segment_host_mapping_for_agent-8784749681744'] for agent, after_update _notify_loop /usr/lib/python2.7/site-packages/neutron_lib/callbacks/manager.py:167
2018-06-27 06:54:20.275 2248 DEBUG neutron_lib.callbacks.manager [req-3542b4bc-72c4-4b74-88e4-4591789a51d0 - - - - -] Notify callbacks ['neutron.services.segments.db._update_segment_host_mapping_for_agent-8784749681744'] for agent, after_update _notify_loop /usr/lib/python2.7/site-packages/neutron_lib/callbacks/manager.py:167
2018-06-27 06:54:33.352 2239 DEBUG neutron.wsgi [-] (2239) accepted ('10.0.20.46', 58414) server /usr/lib/python2.7/site-packages/eventlet/wsgi.py:883
2018-06-27 06:54:33.356 2239 INFO neutron.wsgi [-] 10.0.20.46 "GET / HTTP/1.1" status: 200  len: 252 time: 0.0018532
2018-06-27 06:54:34.010 2239 INFO neutron.api.v2.resource [req-e222760e-81e5-4302-a63d-9169cf2902f3 98feb766856c43a0b32269b7ab553f62 b6ecc50c94994a69aa4eb624ab7c4322 - b6ec1f9faa1e47889183a7cc74a211b9 b6ec1f9faa1e47889183a7cc74a211b9] show failed (client error): The resource could not be found.
2018-06-27 06:54:34.013 2239 INFO neutron.wsgi [req-e222760e-81e5-4302-a63d-9169cf2902f3 98feb766856c43a0b32269b7ab553f62 b6ecc50c94994a69aa4eb624ab7c4322 - b6ec1f9faa1e47889183a7cc74a211b9 b6ec1f9faa1e47889183a7cc74a211b9] 10.0.20.46 "GET /v2.0/floatingips/172.24.4.8 HTTP/1.1" status: 404  len: 325 time: 0.6513078
