2018-06-28 04:10:11.394 7307 INFO neutron.wsgi [req-13188cf3-44bd-4214-a430-7e0cca5c2cfc e4eff2ed67404a24a8cad226394a1aa4 94f548302c7d4ca980150291996d9f36 - 45359eebfd1a4b68ba96547dedb10cf1 45359eebfd1a4b68ba96547dedb10cf1] 10.0.20.27 "GET /v2.0/security-groups?id=cb10179b-6a61-4f23-a8ed-473958032afd HTTP/1.1" status: 200  len: 2118 time: 0.1385231
2018-06-28 04:10:13.803 7307 INFO neutron.wsgi [req-8ee49740-ee63-4538-b3f6-0799fd45b82d 479e046780fe410b9faee29c0cb53b35 3218dc7862004758b6a8f5b0cc5d6ad5 - default default] 10.0.20.27 "GET /v2.0/ports?tenant_id=94f548302c7d4ca980150291996d9f36&device_id=2c957089-3095-407b-bf9c-c621b72428c5 HTTP/1.1" status: 200  len: 1125 time: 0.1783059
2018-06-28 04:10:14.155 7307 DEBUG neutron.pecan_wsgi.hooks.policy_enforcement [req-5f0a02be-8776-4752-95c6-35821b08c655 479e046780fe410b9faee29c0cb53b35 3218dc7862004758b6a8f5b0cc5d6ad5 - default default] Attributes excluded by policy engine: [u'vlan_transparent'] _exclude_attributes_by_policy /usr/lib/python2.7/site-packages/neutron/pecan_wsgi/hooks/policy_enforcement.py:256
2018-06-28 04:10:14.159 7307 INFO neutron.wsgi [req-5f0a02be-8776-4752-95c6-35821b08c655 479e046780fe410b9faee29c0cb53b35 3218dc7862004758b6a8f5b0cc5d6ad5 - default default] 10.0.20.27 "GET /v2.0/networks?id=3990945e-3571-460a-8458-d4f1d095d6d6 HTTP/1.1" status: 200  len: 885 time: 0.3462858
2018-06-28 04:10:14.232 7307 INFO neutron.wsgi [req-6ca7881b-465a-4f5b-b788-46624b7a047f 479e046780fe410b9faee29c0cb53b35 3218dc7862004758b6a8f5b0cc5d6ad5 - default default] 10.0.20.27 "GET /v2.0/floatingips?fixed_ip_address=11.221.1.11&port_id=c98c105d-6f1d-46ff-b04f-5c355ac35aaa HTTP/1.1" status: 200  len: 751 time: 0.0643020
2018-06-28 04:10:14.464 7307 DEBUG neutron.pecan_wsgi.hooks.policy_enforcement [req-67e2953f-c3f6-4d89-a38c-2a4a05c9a07f 479e046780fe410b9faee29c0cb53b35 3218dc7862004758b6a8f5b0cc5d6ad5 - default default] Attributes excluded by policy engine: [u'shared'] _exclude_attributes_by_policy /usr/lib/python2.7/site-packages/neutron/pecan_wsgi/hooks/policy_enforcement.py:256
2018-06-28 04:10:14.468 7307 INFO neutron.wsgi [req-67e2953f-c3f6-4d89-a38c-2a4a05c9a07f 479e046780fe410b9faee29c0cb53b35 3218dc7862004758b6a8f5b0cc5d6ad5 - default default] 10.0.20.27 "GET /v2.0/subnets?id=f54e9282-4383-42a9-99e9-a814f0bbe700 HTTP/1.1" status: 200  len: 847 time: 0.2256589
2018-06-28 04:10:14.627 7307 INFO neutron.wsgi [req-74008459-3d27-4367-a3bd-51e7288476d8 479e046780fe410b9faee29c0cb53b35 3218dc7862004758b6a8f5b0cc5d6ad5 - default default] 10.0.20.27 "GET /v2.0/ports?network_id=3990945e-3571-460a-8458-d4f1d095d6d6&device_owner=network%3Adhcp HTTP/1.1" status: 200  len: 1128 time: 0.1487169
2018-06-28 04:10:17.137 7320 DEBUG neutron_lib.callbacks.manager [req-6c88e788-caa9-4918-93de-617846a8ec04 - - - - -] Notify callbacks ['neutron.services.segments.db._update_segment_host_mapping_for_agent-8759065940018'] for agent, after_update _notify_loop /usr/lib/python2.7/site-packages/neutron_lib/callbacks/manager.py:167
2018-06-28 04:10:23.481 7321 DEBUG neutron.db.agents_db [req-78e2193d-74e0-4ad1-9b52-b2c936ac60d2 - - - - -] Agent healthcheck: found 5 active agents agent_health_check /usr/lib/python2.7/site-packages/neutron/db/agents_db.py:281
2018-06-28 04:10:29.448 7302 INFO neutron.wsgi [req-5374ce8e-c047-42a3-914e-56d28c8216da e4eff2ed67404a24a8cad226394a1aa4 94f548302c7d4ca980150291996d9f36 - 45359eebfd1a4b68ba96547dedb10cf1 45359eebfd1a4b68ba96547dedb10cf1] 10.0.20.27 "GET /v2.0/ports?device_id=2c957089-3095-407b-bf9c-c621b72428c5 HTTP/1.1" status: 200  len: 1125 time: 1.5005848
2018-06-28 04:10:29.642 7302 INFO neutron.wsgi [req-61b0260f-f941-4415-a9d8-d18c6b7fa78e e4eff2ed67404a24a8cad226394a1aa4 94f548302c7d4ca980150291996d9f36 - 45359eebfd1a4b68ba96547dedb10cf1 45359eebfd1a4b68ba96547dedb10cf1] 10.0.20.27 "GET /v2.0/security-groups?id=cb10179b-6a61-4f23-a8ed-473958032afd HTTP/1.1" status: 200  len: 2118 time: 0.1826770
2018-06-28 04:10:29.684 7319 DEBUG neutron_lib.callbacks.manager [req-7d5aa0fd-82c4-4f69-a17c-45e87d7916bb - - - - -] Notify callbacks ['neutron.services.segments.db._update_segment_host_mapping_for_agent-8759065940018'] for agent, after_update _notify_loop /usr/lib/python2.7/site-packages/neutron_lib/callbacks/manager.py:167
2018-06-28 04:10:29.710 7314 DEBUG neutron_lib.callbacks.manager [req-096ebd58-7e80-4f53-b474-4a4fe9cd4905 - - - - -] Notify callbacks ['neutron.services.segments.db._update_segment_host_mapping_for_agent-8759065940018'] for agent, after_update _notify_loop /usr/lib/python2.7/site-packages/neutron_lib/callbacks/manager.py:167
2018-06-28 04:10:29.751 7318 DEBUG neutron_lib.callbacks.manager [req-df288ca8-9b05-4938-80e7-28d3c9b78ac1 - - - - -] Notify callbacks ['neutron.services.segments.db._update_segment_host_mapping_for_agent-8759065940018'] for agent, after_update _notify_loop /usr/lib/python2.7/site-packages/neutron_lib/callbacks/manager.py:167
2018-06-28 04:10:29.755 7310 DEBUG neutron_lib.callbacks.manager [req-fcffbc04-e38d-4f7e-962f-7f45fc8b3053 - - - - -] Notify callbacks ['neutron.services.segments.db._update_segment_host_mapping_for_agent-8759065940018'] for agent, after_update _notify_loop /usr/lib/python2.7/site-packages/neutron_lib/callbacks/manager.py:167
2018-06-28 04:10:43.637 7302 INFO neutron.wsgi [req-b8efed94-d704-4b30-919b-318872fbdf5a e4eff2ed67404a24a8cad226394a1aa4 94f548302c7d4ca980150291996d9f36 - 45359eebfd1a4b68ba96547dedb10cf1 45359eebfd1a4b68ba96547dedb10cf1] 10.0.20.27 "GET /v2.0/ports?device_id=2c957089-3095-407b-bf9c-c621b72428c5 HTTP/1.1" status: 200  len: 1125 time: 0.9251509
2018-06-28 04:10:43.796 7302 INFO neutron.wsgi [req-eae8a496-836d-42cc-a5cc-0ade8d237327 e4eff2ed67404a24a8cad226394a1aa4 94f548302c7d4ca980150291996d9f36 - 45359eebfd1a4b68ba96547dedb10cf1 45359eebfd1a4b68ba96547dedb10cf1] 10.0.20.27 "GET /v2.0/security-groups?id=cb10179b-6a61-4f23-a8ed-473958032afd HTTP/1.1" status: 200  len: 2118 time: 0.1504309
2018-06-28 04:10:44.632 7307 INFO neutron.wsgi [req-a1a1d41b-c1ee-4703-ba1c-4a1a30c80321 479e046780fe410b9faee29c0cb53b35 3218dc7862004758b6a8f5b0cc5d6ad5 - default default] 10.0.20.27 "GET /v2.0/ports?tenant_id=94f548302c7d4ca980150291996d9f36&device_id=2c957089-3095-407b-bf9c-c621b72428c5 HTTP/1.1" status: 200  len: 1125 time: 0.1678791
2018-06-28 04:10:44.915 7307 DEBUG neutron.pecan_wsgi.hooks.policy_enforcement [req-2ac1997a-d438-4875-83b0-bbbe0b011b33 479e046780fe410b9faee29c0cb53b35 3218dc7862004758b6a8f5b0cc5d6ad5 - default default] Attributes excluded by policy engine: [u'vlan_transparent'] _exclude_attributes_by_policy /usr/lib/python2.7/site-packages/neutron/pecan_wsgi/hooks/policy_enforcement.py:256
2018-06-28 04:10:44.919 7307 INFO neutron.wsgi [req-2ac1997a-d438-4875-83b0-bbbe0b011b33 479e046780fe410b9faee29c0cb53b35 3218dc7862004758b6a8f5b0cc5d6ad5 - default default] 10.0.20.27 "GET /v2.0/networks?id=3990945e-3571-460a-8458-d4f1d095d6d6 HTTP/1.1" status: 200  len: 885 time: 0.2777500
2018-06-28 04:10:44.978 7307 INFO neutron.wsgi [req-9f60b082-21c0-44d6-adc7-9da4086a7013 479e046780fe410b9faee29c0cb53b35 3218dc7862004758b6a8f5b0cc5d6ad5 - default default] 10.0.20.27 "GET /v2.0/floatingips?fixed_ip_address=11.221.1.11&port_id=c98c105d-6f1d-46ff-b04f-5c355ac35aaa HTTP/1.1" status: 200  len: 751 time: 0.0502720
2018-06-28 04:10:45.164 7307 DEBUG neutron.pecan_wsgi.hooks.policy_enforcement [req-7afdaf7a-a311-4d0d-918f-7ba380bee932 479e046780fe410b9faee29c0cb53b35 3218dc7862004758b6a8f5b0cc5d6ad5 - default default] Attributes excluded by policy engine: [u'shared'] _exclude_attributes_by_policy /usr/lib/python2.7/site-packages/neutron/pecan_wsgi/hooks/policy_enforcement.py:256
2018-06-28 04:10:45.167 7307 INFO neutron.wsgi [req-7afdaf7a-a311-4d0d-918f-7ba380bee932 479e046780fe410b9faee29c0cb53b35 3218dc7862004758b6a8f5b0cc5d6ad5 - default default] 10.0.20.27 "GET /v2.0/subnets?id=f54e9282-4383-42a9-99e9-a814f0bbe700 HTTP/1.1" status: 200  len: 847 time: 0.1753030
2018-06-28 04:10:45.319 7307 INFO neutron.wsgi [req-507fe60f-5505-4144-842a-e4d0f4eb5e90 479e046780fe410b9faee29c0cb53b35 3218dc7862004758b6a8f5b0cc5d6ad5 - default default] 10.0.20.27 "GET /v2.0/ports?network_id=3990945e-3571-460a-8458-d4f1d095d6d6&device_owner=network%3Adhcp HTTP/1.1" status: 200  len: 1128 time: 0.1426020
2018-06-28 04:10:47.137 7311 DEBUG neutron_lib.callbacks.manager [req-588a8f06-9df9-475c-9946-5536722284b7 - - - - -] Notify callbacks ['neutron.services.segments.db._update_segment_host_mapping_for_agent-8759065940018'] for agent, after_update _notify_loop /usr/lib/python2.7/site-packages/neutron_lib/callbacks/manager.py:167
2018-06-28 04:10:48.383 7315 DEBUG neutron.plugins.ml2.rpc [req-7d5aa0fd-82c4-4f69-a17c-45e87d7916bb - - - - -] Device c98c105d-6f1d-46ff-b04f-5c355ac35aaa no longer exists at agent ovs-agent-localhost.localdomain update_device_down /usr/lib/python2.7/site-packages/neutron/plugins/ml2/rpc.py:213
2018-06-28 04:10:48.605 7315 DEBUG neutron_lib.callbacks.manager [req-7d5aa0fd-82c4-4f69-a17c-45e87d7916bb - - - - -] Notify callbacks ['neutron.plugins.ml2.plugin.Ml2Plugin._ensure_default_security_group_handler--9223372036854427040'] for port, before_update _notify_loop /usr/lib/python2.7/site-packages/neutron_lib/callbacks/manager.py:167
2018-06-28 04:10:48.693 7315 DEBUG oslo_concurrency.lockutils [-] Lock "notifier-a4061c98-a577-423a-9fd5-64e89994c3bd" acquired by "neutron.notifiers.batch_notifier.synced_send" :: waited 0.000s inner /usr/lib/python2.7/site-packages/oslo_concurrency/lockutils.py:270
2018-06-28 04:10:48.694 7315 DEBUG neutron.notifiers.nova [-] Sending events: [{'status': 'completed', 'tag': u'c98c105d-6f1d-46ff-b04f-5c355ac35aaa', 'name': 'network-vif-unplugged', 'server_uuid': u'2c957089-3095-407b-bf9c-c621b72428c5'}] send_events /usr/lib/python2.7/site-packages/neutron/notifiers/nova.py:242
2018-06-28 04:10:48.702 7315 DEBUG novaclient.v2.client [-] REQ: curl -g -i -X POST http://10.0.20.27:8774/v2.1/3218dc7862004758b6a8f5b0cc5d6ad5/os-server-external-events -H "User-Agent: python-novaclient" -H "Content-Type: application/json" -H "Accept: application/json" -H "X-OpenStack-Nova-API-Version: 2.1" -H "X-Auth-Token: {SHA1}d60d7868c34e6ffadb670e350c79ad0e196e4419" -d '{"events": [{"status": "completed", "tag": "c98c105d-6f1d-46ff-b04f-5c355ac35aaa", "name": "network-vif-unplugged", "server_uuid": "2c957089-3095-407b-bf9c-c621b72428c5"}]}' _http_log_request /usr/lib/python2.7/site-packages/keystoneauth1/session.py:375
2018-06-28 04:10:48.707 7315 DEBUG neutron.plugins.ml2.db [req-7d5aa0fd-82c4-4f69-a17c-45e87d7916bb - - - - -] For port c98c105d-6f1d-46ff-b04f-5c355ac35aaa, host localhost.localdomain, got binding levels [<neutron.plugins.ml2.models.PortBindingLevel[object at 7f760f78ac90] {port_id=u'c98c105d-6f1d-46ff-b04f-5c355ac35aaa', host=u'localhost.localdomain', level=0, driver=u'openvswitch', segment_id=u'd6bf129e-d8b8-49ec-9b9d-ed69c73e7b33'}>] get_binding_levels /usr/lib/python2.7/site-packages/neutron/plugins/ml2/db.py:106
2018-06-28 04:10:48.734 7315 DEBUG neutron_lib.callbacks.manager [req-7d5aa0fd-82c4-4f69-a17c-45e87d7916bb - - - - -] Notify callbacks ['neutron.plugins.ml2.plugin.Ml2Plugin.notify_sg_on_port_change-348893', 'neutron.db.l3_hascheduler_db._notify_l3_agent_ha_port_update-8759065578982', 'neutron.db.l3_dvrscheduler_db._notify_l3_agent_port_update-8759065578907', 'neutron.api.rpc.agentnotifiers.dhcp_rpc_agent_api.DhcpAgentNotifyAPI._native_event_send_dhcp_notification-32954911', 'neutron.plugins.ml2.ovo_rpc._ObjectChangeHandler.handle_event-33077030'] for port, after_update _notify_loop /usr/lib/python2.7/site-packages/neutron_lib/callbacks/manager.py:167
2018-06-28 04:10:48.759 7315 DEBUG oslo_concurrency.lockutils [-] Lock "event-dispatch" acquired by "neutron.plugins.ml2.ovo_rpc.dispatch_events" :: waited 0.000s inner /usr/lib/python2.7/site-packages/oslo_concurrency/lockutils.py:270
2018-06-28 04:10:48.944 7315 DEBUG neutron.api.rpc.handlers.resources_rpc [req-7d5aa0fd-82c4-4f69-a17c-45e87d7916bb - - - - -] neutron.api.rpc.handlers.resources_rpc.ResourcesPushRpcApi method push called with arguments (<neutron_lib.context.Context object at 0x7f760f702fd0>, [Port(admin_state_up=True,allowed_address_pairs=[],binding=PortBinding,binding_levels=[PortBindingLevel],created_at=2018-06-28T02:07:31Z,data_plane_status=<?>,description='',device_id='2c957089-3095-407b-bf9c-c621b72428c5',device_owner='compute:nova',dhcp_options=[],distributed_binding=None,dns=None,fixed_ips=[IPAllocation],id=c98c105d-6f1d-46ff-b04f-5c355ac35aaa,mac_address=fa:16:3e:81:c5:02,name='',network_id=3990945e-3571-460a-8458-d4f1d095d6d6,project_id='94f548302c7d4ca980150291996d9f36',qos_policy_id=None,revision_number=7,security=PortSecurity(c98c105d-6f1d-46ff-b04f-5c355ac35aaa),security_group_ids=set([cb10179b-6a61-4f23-a8ed-473958032afd]),status='DOWN',updated_at=2018-06-28T02:10:48Z)], 'updated') {} wrapper /usr/lib/python2.7/site-packages/oslo_log/helpers.py:66
2018-06-28 04:10:48.967 7315 DEBUG neutron.api.rpc.callbacks.version_manager [req-7d5aa0fd-82c4-4f69-a17c-45e87d7916bb - - - - -] Version for resource type Subnet changed None to 1.0 on consumer Open vSwitch agent@localhost.localdomain _set_version /usr/lib/python2.7/site-packages/neutron/api/rpc/callbacks/version_manager.py:119
2018-06-28 04:10:48.968 7315 DEBUG neutron.api.rpc.callbacks.version_manager [req-7d5aa0fd-82c4-4f69-a17c-45e87d7916bb - - - - -] Version for resource type Network changed None to 1.0 on consumer Open vSwitch agent@localhost.localdomain _set_version /usr/lib/python2.7/site-packages/neutron/api/rpc/callbacks/version_manager.py:119
2018-06-28 04:10:48.969 7315 DEBUG neutron.api.rpc.callbacks.version_manager [req-7d5aa0fd-82c4-4f69-a17c-45e87d7916bb - - - - -] Version for resource type SubPort changed None to 1.0 on consumer Open vSwitch agent@localhost.localdomain _set_version /usr/lib/python2.7/site-packages/neutron/api/rpc/callbacks/version_manager.py:119
2018-06-28 04:10:48.970 7315 DEBUG neutron.api.rpc.callbacks.version_manager [req-7d5aa0fd-82c4-4f69-a17c-45e87d7916bb - - - - -] Version for resource type SecurityGroup changed None to 1.0 on consumer Open vSwitch agent@localhost.localdomain _set_version /usr/lib/python2.7/site-packages/neutron/api/rpc/callbacks/version_manager.py:119
2018-06-28 04:10:48.982 7315 DEBUG neutron.api.rpc.callbacks.version_manager [req-7d5aa0fd-82c4-4f69-a17c-45e87d7916bb - - - - -] Version for resource type SecurityGroupRule changed None to 1.0 on consumer Open vSwitch agent@localhost.localdomain _set_version /usr/lib/python2.7/site-packages/neutron/api/rpc/callbacks/version_manager.py:119
2018-06-28 04:10:48.983 7315 DEBUG neutron.api.rpc.callbacks.version_manager [req-7d5aa0fd-82c4-4f69-a17c-45e87d7916bb - - - - -] Version for resource type Trunk changed None to 1.1 on consumer Open vSwitch agent@localhost.localdomain _set_version /usr/lib/python2.7/site-packages/neutron/api/rpc/callbacks/version_manager.py:119
2018-06-28 04:10:48.984 7315 DEBUG neutron.api.rpc.callbacks.version_manager [req-7d5aa0fd-82c4-4f69-a17c-45e87d7916bb - - - - -] Version for resource type QosPolicy changed None to 1.6 on consumer Open vSwitch agent@localhost.localdomain _set_version /usr/lib/python2.7/site-packages/neutron/api/rpc/callbacks/version_manager.py:119
2018-06-28 04:10:48.985 7315 DEBUG neutron.api.rpc.callbacks.version_manager [req-7d5aa0fd-82c4-4f69-a17c-45e87d7916bb - - - - -] Version for resource type Port changed None to 1.1 on consumer Open vSwitch agent@localhost.localdomain _set_version /usr/lib/python2.7/site-packages/neutron/api/rpc/callbacks/version_manager.py:119
2018-06-28 04:10:48.986 7315 DEBUG neutron.api.rpc.callbacks.version_manager [req-7d5aa0fd-82c4-4f69-a17c-45e87d7916bb - - - - -] Version for resource type Log changed None to 1.0 on consumer Open vSwitch agent@localhost.localdomain _set_version /usr/lib/python2.7/site-packages/neutron/api/rpc/callbacks/version_manager.py:119
2018-06-28 04:10:49.008 7315 DEBUG oslo_concurrency.lockutils [req-7d5aa0fd-82c4-4f69-a17c-45e87d7916bb - - - - -] Lock "event-dispatch" released by "neutron.plugins.ml2.ovo_rpc.dispatch_events" :: held 0.250s inner /usr/lib/python2.7/site-packages/oslo_concurrency/lockutils.py:282
2018-06-28 04:10:49.417 7315 DEBUG novaclient.v2.client [-] RESP: [200] Content-Length: 185 Content-Type: application/json Openstack-Api-Version: compute 2.1 X-Openstack-Nova-Api-Version: 2.1 Vary: OpenStack-API-Version, X-OpenStack-Nova-API-Version X-Openstack-Request-Id: req-285f7d3e-5b38-4aef-9252-1fa7205622a6 X-Compute-Request-Id: req-285f7d3e-5b38-4aef-9252-1fa7205622a6 Date: Thu, 28 Jun 2018 02:10:49 GMT Connection: keep-alive 
RESP BODY: {"events": [{"status": "completed", "tag": "c98c105d-6f1d-46ff-b04f-5c355ac35aaa", "name": "network-vif-unplugged", "server_uuid": "2c957089-3095-407b-bf9c-c621b72428c5", "code": 200}]}
 _http_log_response /usr/lib/python2.7/site-packages/keystoneauth1/session.py:423
2018-06-28 04:10:49.418 7315 DEBUG novaclient.v2.client [-] POST call to compute for http://10.0.20.27:8774/v2.1/3218dc7862004758b6a8f5b0cc5d6ad5/os-server-external-events used request id req-285f7d3e-5b38-4aef-9252-1fa7205622a6 request /usr/lib/python2.7/site-packages/keystoneauth1/session.py:727
2018-06-28 04:10:49.432 7315 INFO neutron.notifiers.nova [-] Nova event response: {u'status': u'completed', u'tag': u'c98c105d-6f1d-46ff-b04f-5c355ac35aaa', u'name': u'network-vif-unplugged', u'server_uuid': u'2c957089-3095-407b-bf9c-c621b72428c5', u'code': 200}
2018-06-28 04:10:51.435 7315 DEBUG oslo_concurrency.lockutils [-] Lock "notifier-a4061c98-a577-423a-9fd5-64e89994c3bd" released by "neutron.notifiers.batch_notifier.synced_send" :: held 2.743s inner /usr/lib/python2.7/site-packages/oslo_concurrency/lockutils.py:282
2018-06-28 04:10:53.213 7302 INFO neutron.wsgi [req-18965dc9-3c4a-45ed-8adf-d80d4fc6c696 e4eff2ed67404a24a8cad226394a1aa4 94f548302c7d4ca980150291996d9f36 - 45359eebfd1a4b68ba96547dedb10cf1 45359eebfd1a4b68ba96547dedb10cf1] 10.0.20.27 "GET /v2.0/ports?device_id=2c957089-3095-407b-bf9c-c621b72428c5 HTTP/1.1" status: 200  len: 1123 time: 0.6602371
2018-06-28 04:10:53.365 7302 INFO neutron.wsgi [req-33e36e4a-e3c1-4817-9cdf-10971a8d0fb5 e4eff2ed67404a24a8cad226394a1aa4 94f548302c7d4ca980150291996d9f36 - 45359eebfd1a4b68ba96547dedb10cf1 45359eebfd1a4b68ba96547dedb10cf1] 10.0.20.27 "GET /v2.0/security-groups?id=cb10179b-6a61-4f23-a8ed-473958032afd HTTP/1.1" status: 200  len: 2118 time: 0.1451149
2018-06-28 04:10:56.542 7319 DEBUG neutron.plugins.ml2.rpc [req-7d5aa0fd-82c4-4f69-a17c-45e87d7916bb - - - - -] Device c98c105d-6f1d-46ff-b04f-5c355ac35aaa up at agent ovs-agent-localhost.localdomain update_device_up /usr/lib/python2.7/site-packages/neutron/plugins/ml2/rpc.py:244
2018-06-28 04:10:56.731 7319 DEBUG neutron.db.provisioning_blocks [req-7d5aa0fd-82c4-4f69-a17c-45e87d7916bb - - - - -] Provisioning complete for port c98c105d-6f1d-46ff-b04f-5c355ac35aaa triggered by entity L2. provisioning_complete /usr/lib/python2.7/site-packages/neutron/db/provisioning_blocks.py:138
2018-06-28 04:10:56.733 7319 DEBUG neutron_lib.callbacks.manager [req-7d5aa0fd-82c4-4f69-a17c-45e87d7916bb - - - - -] Notify callbacks ['neutron.plugins.ml2.plugin.Ml2Plugin._port_provisioned-934828'] for port, provisioning_complete _notify_loop /usr/lib/python2.7/site-packages/neutron_lib/callbacks/manager.py:167
2018-06-28 04:10:57.020 7319 DEBUG neutron_lib.callbacks.manager [req-7d5aa0fd-82c4-4f69-a17c-45e87d7916bb - - - - -] Notify callbacks ['neutron.plugins.ml2.plugin.Ml2Plugin._ensure_default_security_group_handler--9223372036854427040'] for port, before_update _notify_loop /usr/lib/python2.7/site-packages/neutron_lib/callbacks/manager.py:167
2018-06-28 04:10:57.119 7319 DEBUG oslo_concurrency.lockutils [-] Lock "notifier-a4061c98-a577-423a-9fd5-64e89994c3bd" acquired by "neutron.notifiers.batch_notifier.synced_send" :: waited 0.000s inner /usr/lib/python2.7/site-packages/oslo_concurrency/lockutils.py:270
2018-06-28 04:10:57.119 7319 DEBUG neutron.notifiers.nova [-] Sending events: [{'status': 'completed', 'tag': u'c98c105d-6f1d-46ff-b04f-5c355ac35aaa', 'name': 'network-vif-plugged', 'server_uuid': u'2c957089-3095-407b-bf9c-c621b72428c5'}] send_events /usr/lib/python2.7/site-packages/neutron/notifiers/nova.py:242
2018-06-28 04:10:57.127 7319 DEBUG novaclient.v2.client [-] REQ: curl -g -i -X POST http://10.0.20.27:8774/v2.1/3218dc7862004758b6a8f5b0cc5d6ad5/os-server-external-events -H "User-Agent: python-novaclient" -H "Content-Type: application/json" -H "Accept: application/json" -H "X-OpenStack-Nova-API-Version: 2.1" -H "X-Auth-Token: {SHA1}f9fb1f24afe2e4d6114d3aa58817fd58132b3614" -d '{"events": [{"status": "completed", "tag": "c98c105d-6f1d-46ff-b04f-5c355ac35aaa", "name": "network-vif-plugged", "server_uuid": "2c957089-3095-407b-bf9c-c621b72428c5"}]}' _http_log_request /usr/lib/python2.7/site-packages/keystoneauth1/session.py:375
2018-06-28 04:10:57.138 7319 DEBUG neutron.plugins.ml2.db [req-7d5aa0fd-82c4-4f69-a17c-45e87d7916bb - - - - -] For port c98c105d-6f1d-46ff-b04f-5c355ac35aaa, host localhost.localdomain, got binding levels [<neutron.plugins.ml2.models.PortBindingLevel[object at 7f760ef3d590] {port_id=u'c98c105d-6f1d-46ff-b04f-5c355ac35aaa', host=u'localhost.localdomain', level=0, driver=u'openvswitch', segment_id=u'd6bf129e-d8b8-49ec-9b9d-ed69c73e7b33'}>] get_binding_levels /usr/lib/python2.7/site-packages/neutron/plugins/ml2/db.py:106
2018-06-28 04:10:57.151 7319 DEBUG neutron_lib.callbacks.manager [req-7d5aa0fd-82c4-4f69-a17c-45e87d7916bb - - - - -] Notify callbacks ['neutron.plugins.ml2.plugin.Ml2Plugin.notify_sg_on_port_change-348893', 'neutron.db.l3_hascheduler_db._notify_l3_agent_ha_port_update-8759065578982', 'neutron.db.l3_dvrscheduler_db._notify_l3_agent_port_update-8759065578907', 'neutron.api.rpc.agentnotifiers.dhcp_rpc_agent_api.DhcpAgentNotifyAPI._native_event_send_dhcp_notification-32954911', 'neutron.plugins.ml2.ovo_rpc._ObjectChangeHandler.handle_event-33077030'] for port, after_update _notify_loop /usr/lib/python2.7/site-packages/neutron_lib/callbacks/manager.py:167
2018-06-28 04:10:57.196 7319 DEBUG oslo_concurrency.lockutils [-] Lock "event-dispatch" acquired by "neutron.plugins.ml2.ovo_rpc.dispatch_events" :: waited 0.000s inner /usr/lib/python2.7/site-packages/oslo_concurrency/lockutils.py:270
2018-06-28 04:10:57.382 7319 DEBUG neutron.api.rpc.handlers.resources_rpc [req-7d5aa0fd-82c4-4f69-a17c-45e87d7916bb - - - - -] neutron.api.rpc.handlers.resources_rpc.ResourcesPushRpcApi method push called with arguments (<neutron_lib.context.Context object at 0x7f760f22f7d0>, [Port(admin_state_up=True,allowed_address_pairs=[],binding=PortBinding,binding_levels=[PortBindingLevel],created_at=2018-06-28T02:07:31Z,data_plane_status=<?>,description='',device_id='2c957089-3095-407b-bf9c-c621b72428c5',device_owner='compute:nova',dhcp_options=[],distributed_binding=None,dns=None,fixed_ips=[IPAllocation],id=c98c105d-6f1d-46ff-b04f-5c355ac35aaa,mac_address=fa:16:3e:81:c5:02,name='',network_id=3990945e-3571-460a-8458-d4f1d095d6d6,project_id='94f548302c7d4ca980150291996d9f36',qos_policy_id=None,revision_number=8,security=PortSecurity(c98c105d-6f1d-46ff-b04f-5c355ac35aaa),security_group_ids=set([cb10179b-6a61-4f23-a8ed-473958032afd]),status='ACTIVE',updated_at=2018-06-28T02:10:57Z)], 'updated') {} wrapper /usr/lib/python2.7/site-packages/oslo_log/helpers.py:66
2018-06-28 04:10:57.397 7319 DEBUG neutron.api.rpc.callbacks.version_manager [req-7d5aa0fd-82c4-4f69-a17c-45e87d7916bb - - - - -] Version for resource type Subnet changed None to 1.0 on consumer Open vSwitch agent@localhost.localdomain _set_version /usr/lib/python2.7/site-packages/neutron/api/rpc/callbacks/version_manager.py:119
2018-06-28 04:10:57.398 7319 DEBUG neutron.api.rpc.callbacks.version_manager [req-7d5aa0fd-82c4-4f69-a17c-45e87d7916bb - - - - -] Version for resource type Network changed None to 1.0 on consumer Open vSwitch agent@localhost.localdomain _set_version /usr/lib/python2.7/site-packages/neutron/api/rpc/callbacks/version_manager.py:119
2018-06-28 04:10:57.399 7319 DEBUG neutron.api.rpc.callbacks.version_manager [req-7d5aa0fd-82c4-4f69-a17c-45e87d7916bb - - - - -] Version for resource type SubPort changed None to 1.0 on consumer Open vSwitch agent@localhost.localdomain _set_version /usr/lib/python2.7/site-packages/neutron/api/rpc/callbacks/version_manager.py:119
2018-06-28 04:10:57.400 7319 DEBUG neutron.api.rpc.callbacks.version_manager [req-7d5aa0fd-82c4-4f69-a17c-45e87d7916bb - - - - -] Version for resource type SecurityGroup changed None to 1.0 on consumer Open vSwitch agent@localhost.localdomain _set_version /usr/lib/python2.7/site-packages/neutron/api/rpc/callbacks/version_manager.py:119
2018-06-28 04:10:57.401 7319 DEBUG neutron.api.rpc.callbacks.version_manager [req-7d5aa0fd-82c4-4f69-a17c-45e87d7916bb - - - - -] Version for resource type SecurityGroupRule changed None to 1.0 on consumer Open vSwitch agent@localhost.localdomain _set_version /usr/lib/python2.7/site-packages/neutron/api/rpc/callbacks/version_manager.py:119
2018-06-28 04:10:57.402 7319 DEBUG neutron.api.rpc.callbacks.version_manager [req-7d5aa0fd-82c4-4f69-a17c-45e87d7916bb - - - - -] Version for resource type Trunk changed None to 1.1 on consumer Open vSwitch agent@localhost.localdomain _set_version /usr/lib/python2.7/site-packages/neutron/api/rpc/callbacks/version_manager.py:119
2018-06-28 04:10:57.403 7319 DEBUG neutron.api.rpc.callbacks.version_manager [req-7d5aa0fd-82c4-4f69-a17c-45e87d7916bb - - - - -] Version for resource type QosPolicy changed None to 1.6 on consumer Open vSwitch agent@localhost.localdomain _set_version /usr/lib/python2.7/site-packages/neutron/api/rpc/callbacks/version_manager.py:119
2018-06-28 04:10:57.403 7319 DEBUG neutron.api.rpc.callbacks.version_manager [req-7d5aa0fd-82c4-4f69-a17c-45e87d7916bb - - - - -] Version for resource type Port changed None to 1.1 on consumer Open vSwitch agent@localhost.localdomain _set_version /usr/lib/python2.7/site-packages/neutron/api/rpc/callbacks/version_manager.py:119
2018-06-28 04:10:57.404 7319 DEBUG neutron.api.rpc.callbacks.version_manager [req-7d5aa0fd-82c4-4f69-a17c-45e87d7916bb - - - - -] Version for resource type Log changed None to 1.0 on consumer Open vSwitch agent@localhost.localdomain _set_version /usr/lib/python2.7/site-packages/neutron/api/rpc/callbacks/version_manager.py:119
2018-06-28 04:10:57.426 7319 DEBUG oslo_concurrency.lockutils [req-7d5aa0fd-82c4-4f69-a17c-45e87d7916bb - - - - -] Lock "event-dispatch" released by "neutron.plugins.ml2.ovo_rpc.dispatch_events" :: held 0.230s inner /usr/lib/python2.7/site-packages/oslo_concurrency/lockutils.py:282
2018-06-28 04:10:57.892 7319 DEBUG novaclient.v2.client [-] RESP: [200] Content-Length: 183 Content-Type: application/json Openstack-Api-Version: compute 2.1 X-Openstack-Nova-Api-Version: 2.1 Vary: OpenStack-API-Version, X-OpenStack-Nova-API-Version X-Openstack-Request-Id: req-b0a7f66e-452c-41e9-a9d8-04df4cfabc76 X-Compute-Request-Id: req-b0a7f66e-452c-41e9-a9d8-04df4cfabc76 Date: Thu, 28 Jun 2018 02:10:57 GMT Connection: keep-alive 
RESP BODY: {"events": [{"status": "completed", "tag": "c98c105d-6f1d-46ff-b04f-5c355ac35aaa", "name": "network-vif-plugged", "server_uuid": "2c957089-3095-407b-bf9c-c621b72428c5", "code": 200}]}
 _http_log_response /usr/lib/python2.7/site-packages/keystoneauth1/session.py:423
2018-06-28 04:10:57.893 7319 DEBUG novaclient.v2.client [-] POST call to compute for http://10.0.20.27:8774/v2.1/3218dc7862004758b6a8f5b0cc5d6ad5/os-server-external-events used request id req-b0a7f66e-452c-41e9-a9d8-04df4cfabc76 request /usr/lib/python2.7/site-packages/keystoneauth1/session.py:727
2018-06-28 04:10:57.904 7319 INFO neutron.notifiers.nova [-] Nova event response: {u'status': u'completed', u'tag': u'c98c105d-6f1d-46ff-b04f-5c355ac35aaa', u'name': u'network-vif-plugged', u'server_uuid': u'2c957089-3095-407b-bf9c-c621b72428c5', u'code': 200}
2018-06-28 04:10:58.382 7318 DEBUG neutron.plugins.ml2.rpc [req-7d5aa0fd-82c4-4f69-a17c-45e87d7916bb - - - - -] Device c98c105d-6f1d-46ff-b04f-5c355ac35aaa up at agent ovs-agent-localhost.localdomain update_device_up /usr/lib/python2.7/site-packages/neutron/plugins/ml2/rpc.py:244
2018-06-28 04:10:58.537 7318 DEBUG neutron.db.provisioning_blocks [req-7d5aa0fd-82c4-4f69-a17c-45e87d7916bb - - - - -] Provisioning complete for port c98c105d-6f1d-46ff-b04f-5c355ac35aaa triggered by entity L2. provisioning_complete /usr/lib/python2.7/site-packages/neutron/db/provisioning_blocks.py:138
2018-06-28 04:10:58.538 7318 DEBUG neutron_lib.callbacks.manager [req-7d5aa0fd-82c4-4f69-a17c-45e87d7916bb - - - - -] Notify callbacks ['neutron.plugins.ml2.plugin.Ml2Plugin._port_provisioned-934828'] for port, provisioning_complete _notify_loop /usr/lib/python2.7/site-packages/neutron_lib/callbacks/manager.py:167
2018-06-28 04:10:59.685 7312 DEBUG neutron_lib.callbacks.manager [req-7d5aa0fd-82c4-4f69-a17c-45e87d7916bb - - - - -] Notify callbacks ['neutron.services.segments.db._update_segment_host_mapping_for_agent-8759065940018'] for agent, after_update _notify_loop /usr/lib/python2.7/site-packages/neutron_lib/callbacks/manager.py:167
2018-06-28 04:10:59.710 7317 DEBUG neutron_lib.callbacks.manager [req-096ebd58-7e80-4f53-b474-4a4fe9cd4905 - - - - -] Notify callbacks ['neutron.services.segments.db._update_segment_host_mapping_for_agent-8759065940018'] for agent, after_update _notify_loop /usr/lib/python2.7/site-packages/neutron_lib/callbacks/manager.py:167
2018-06-28 04:10:59.722 7315 DEBUG neutron_lib.callbacks.manager [req-df288ca8-9b05-4938-80e7-28d3c9b78ac1 - - - - -] Notify callbacks ['neutron.services.segments.db._update_segment_host_mapping_for_agent-8759065940018'] for agent, after_update _notify_loop /usr/lib/python2.7/site-packages/neutron_lib/callbacks/manager.py:167
2018-06-28 04:10:59.753 7320 DEBUG neutron_lib.callbacks.manager [req-278071b9-e57e-4321-921a-b709106c81ed - - - - -] Notify callbacks ['neutron.services.segments.db._update_segment_host_mapping_for_agent-8759065940018'] for agent, after_update _notify_loop /usr/lib/python2.7/site-packages/neutron_lib/callbacks/manager.py:167
2018-06-28 04:10:59.905 7319 DEBUG oslo_concurrency.lockutils [-] Lock "notifier-a4061c98-a577-423a-9fd5-64e89994c3bd" released by "neutron.notifiers.batch_notifier.synced_send" :: held 2.787s inner /usr/lib/python2.7/site-packages/oslo_concurrency/lockutils.py:282
2018-06-28 04:11:00.486 7321 DEBUG neutron.db.agents_db [req-78e2193d-74e0-4ad1-9b52-b2c936ac60d2 - - - - -] Agent healthcheck: found 5 active agents agent_health_check /usr/lib/python2.7/site-packages/neutron/db/agents_db.py:281
2018-06-28 04:11:05.123 7302 INFO neutron.wsgi [req-5db1fa74-88f2-41fc-aae0-578a8f757253 e4eff2ed67404a24a8cad226394a1aa4 94f548302c7d4ca980150291996d9f36 - 45359eebfd1a4b68ba96547dedb10cf1 45359eebfd1a4b68ba96547dedb10cf1] 10.0.20.27 "GET /v2.0/ports?device_id=2c957089-3095-407b-bf9c-c621b72428c5 HTTP/1.1" status: 200  len: 1125 time: 0.7152541
2018-06-28 04:11:05.273 7302 INFO neutron.wsgi [req-77575788-9f09-4669-90e4-bc4e2e561e12 e4eff2ed67404a24a8cad226394a1aa4 94f548302c7d4ca980150291996d9f36 - 45359eebfd1a4b68ba96547dedb10cf1 45359eebfd1a4b68ba96547dedb10cf1] 10.0.20.27 "GET /v2.0/security-groups?id=cb10179b-6a61-4f23-a8ed-473958032afd HTTP/1.1" status: 200  len: 2118 time: 0.1420641
2018-06-28 04:11:13.859 7307 INFO neutron.wsgi [req-9e36fcad-de82-47f1-bdae-d0590c08541c 479e046780fe410b9faee29c0cb53b35 3218dc7862004758b6a8f5b0cc5d6ad5 - default default] 10.0.20.27 "GET /v2.0/ports?tenant_id=94f548302c7d4ca980150291996d9f36&device_id=2c957089-3095-407b-bf9c-c621b72428c5 HTTP/1.1" status: 200  len: 1125 time: 0.1824572
2018-06-28 04:11:14.266 7307 DEBUG neutron.pecan_wsgi.hooks.policy_enforcement [req-b9b1c67a-0ef5-45f8-88c6-cfddc2a0b470 479e046780fe410b9faee29c0cb53b35 3218dc7862004758b6a8f5b0cc5d6ad5 - default default] Attributes excluded by policy engine: [u'vlan_transparent'] _exclude_attributes_by_policy /usr/lib/python2.7/site-packages/neutron/pecan_wsgi/hooks/policy_enforcement.py:256
2018-06-28 04:11:14.269 7307 INFO neutron.wsgi [req-b9b1c67a-0ef5-45f8-88c6-cfddc2a0b470 479e046780fe410b9faee29c0cb53b35 3218dc7862004758b6a8f5b0cc5d6ad5 - default default] 10.0.20.27 "GET /v2.0/networks?id=3990945e-3571-460a-8458-d4f1d095d6d6 HTTP/1.1" status: 200  len: 885 time: 0.3999341
2018-06-28 04:11:14.350 7307 INFO neutron.wsgi [req-0ca0169b-537d-466e-b7b2-33baec42c202 479e046780fe410b9faee29c0cb53b35 3218dc7862004758b6a8f5b0cc5d6ad5 - default default] 10.0.20.27 "GET /v2.0/floatingips?fixed_ip_address=11.221.1.11&port_id=c98c105d-6f1d-46ff-b04f-5c355ac35aaa HTTP/1.1" status: 200  len: 751 time: 0.0690241
2018-06-28 04:11:14.587 7307 DEBUG neutron.pecan_wsgi.hooks.policy_enforcement [req-07d7af6d-8f64-4855-9d38-cce075b7d3f2 479e046780fe410b9faee29c0cb53b35 3218dc7862004758b6a8f5b0cc5d6ad5 - default default] Attributes excluded by policy engine: [u'shared'] _exclude_attributes_by_policy /usr/lib/python2.7/site-packages/neutron/pecan_wsgi/hooks/policy_enforcement.py:256
2018-06-28 04:11:14.591 7307 INFO neutron.wsgi [req-07d7af6d-8f64-4855-9d38-cce075b7d3f2 479e046780fe410b9faee29c0cb53b35 3218dc7862004758b6a8f5b0cc5d6ad5 - default default] 10.0.20.27 "GET /v2.0/subnets?id=f54e9282-4383-42a9-99e9-a814f0bbe700 HTTP/1.1" status: 200  len: 847 time: 0.2304862
2018-06-28 04:11:14.774 7307 INFO neutron.wsgi [req-9b29eaa3-338d-444c-998b-81f625990f52 479e046780fe410b9faee29c0cb53b35 3218dc7862004758b6a8f5b0cc5d6ad5 - default default] 10.0.20.27 "GET /v2.0/ports?network_id=3990945e-3571-460a-8458-d4f1d095d6d6&device_owner=network%3Adhcp HTTP/1.1" status: 200  len: 1128 time: 0.1719508
2018-06-28 04:11:17.139 7319 DEBUG neutron_lib.callbacks.manager [req-96204575-1245-4242-a16e-c7186d125cfc - - - - -] Notify callbacks ['neutron.services.segments.db._update_segment_host_mapping_for_agent-8759065940018'] for agent, after_update _notify_loop /usr/lib/python2.7/site-packages/neutron_lib/callbacks/manager.py:167
2018-06-28 04:11:25.248 7306 INFO neutron.wsgi [req-9c62af2d-5c92-41d8-966c-aedf6f06241a 479e046780fe410b9faee29c0cb53b35 3218dc7862004758b6a8f5b0cc5d6ad5 - default default] 10.0.20.27 "GET /v2.0/ports?device_id=2c957089-3095-407b-bf9c-c621b72428c5 HTTP/1.1" status: 200  len: 1125 time: 0.1800151
2018-06-28 04:11:25.330 7306 DEBUG neutron.wsgi [req-d5d862b2-051a-4680-9127-f47a73ec79b1 479e046780fe410b9faee29c0cb53b35 3218dc7862004758b6a8f5b0cc5d6ad5 - default default] (7306) timed out ('10.0.20.27', 52806) process_request /usr/lib/python2.7/site-packages/eventlet/wsgi.py:739
2018-06-28 04:11:25.427 7306 INFO neutron.wsgi [req-ba02e2bf-0e69-4006-a4d4-d899d0eaaf0b 479e046780fe410b9faee29c0cb53b35 3218dc7862004758b6a8f5b0cc5d6ad5 - default default] 10.0.20.27 "GET /v2.0/security-groups?id=cb10179b-6a61-4f23-a8ed-473958032afd HTTP/1.1" status: 200  len: 2118 time: 0.1705301
2018-06-28 04:11:26.686 7306 INFO neutron.wsgi [req-5b747657-ef09-41ac-aa1f-58ba1bf6d977 479e046780fe410b9faee29c0cb53b35 3218dc7862004758b6a8f5b0cc5d6ad5 - default default] 10.0.20.27 "GET /v2.0/ports?device_id=2c957089-3095-407b-bf9c-c621b72428c5 HTTP/1.1" status: 200  len: 1125 time: 0.1638100
2018-06-28 04:11:26.846 7306 INFO neutron.wsgi [req-8f19673f-1b02-4fb4-87a9-1b3d495784b0 479e046780fe410b9faee29c0cb53b35 3218dc7862004758b6a8f5b0cc5d6ad5 - default default] 10.0.20.27 "GET /v2.0/security-groups?id=cb10179b-6a61-4f23-a8ed-473958032afd HTTP/1.1" status: 200  len: 2118 time: 0.1515641
2018-06-28 04:11:29.695 7314 DEBUG neutron_lib.callbacks.manager [req-7d5aa0fd-82c4-4f69-a17c-45e87d7916bb - - - - -] Notify callbacks ['neutron.services.segments.db._update_segment_host_mapping_for_agent-8759065940018'] for agent, after_update _notify_loop /usr/lib/python2.7/site-packages/neutron_lib/callbacks/manager.py:167
2018-06-28 04:11:29.709 7318 DEBUG neutron_lib.callbacks.manager [req-096ebd58-7e80-4f53-b474-4a4fe9cd4905 - - - - -] Notify callbacks ['neutron.services.segments.db._update_segment_host_mapping_for_agent-8759065940018'] for agent, after_update _notify_loop /usr/lib/python2.7/site-packages/neutron_lib/callbacks/manager.py:167
2018-06-28 04:11:29.739 7310 DEBUG neutron_lib.callbacks.manager [req-df288ca8-9b05-4938-80e7-28d3c9b78ac1 - - - - -] Notify callbacks ['neutron.services.segments.db._update_segment_host_mapping_for_agent-8759065940018'] for agent, after_update _notify_loop /usr/lib/python2.7/site-packages/neutron_lib/callbacks/manager.py:167
2018-06-28 04:11:29.747 7311 DEBUG neutron_lib.callbacks.manager [req-6ee70c5e-5172-4e5b-93f9-f61b4443a622 - - - - -] Notify callbacks ['neutron.services.segments.db._update_segment_host_mapping_for_agent-8759065940018'] for agent, after_update _notify_loop /usr/lib/python2.7/site-packages/neutron_lib/callbacks/manager.py:167
2018-06-28 04:11:32.103 7305 INFO neutron.wsgi [req-8d20304c-0e1a-4783-b038-820c01f00bc2 479e046780fe410b9faee29c0cb53b35 3218dc7862004758b6a8f5b0cc5d6ad5 - default default] 10.0.20.27 "GET /v2.0/ports?device_id=2c957089-3095-407b-bf9c-c621b72428c5 HTTP/1.1" status: 200  len: 1125 time: 0.1532450
2018-06-28 04:11:32.875 7305 INFO neutron.wsgi [req-a9977efb-73b9-4071-ab5c-dc05833b44dc 479e046780fe410b9faee29c0cb53b35 3218dc7862004758b6a8f5b0cc5d6ad5 - default default] 10.0.20.27 "GET /v2.0/security-groups?id=cb10179b-6a61-4f23-a8ed-473958032afd HTTP/1.1" status: 200  len: 2118 time: 0.7635958
2018-06-28 04:11:33.905 7306 INFO neutron.wsgi [req-0a14ac32-8b97-4733-bad9-5fd899404aa9 479e046780fe410b9faee29c0cb53b35 3218dc7862004758b6a8f5b0cc5d6ad5 - default default] 10.0.20.27 "GET /v2.0/ports?device_id=2c957089-3095-407b-bf9c-c621b72428c5 HTTP/1.1" status: 200  len: 1125 time: 0.1594598
2018-06-28 04:11:34.053 7306 INFO neutron.wsgi [req-8657307c-9689-4b7d-8907-5ecc4a6113d6 479e046780fe410b9faee29c0cb53b35 3218dc7862004758b6a8f5b0cc5d6ad5 - default default] 10.0.20.27 "GET /v2.0/security-groups?id=cb10179b-6a61-4f23-a8ed-473958032afd HTTP/1.1" status: 200  len: 2118 time: 0.1413720
2018-06-28 04:11:35.559 7303 INFO neutron.wsgi [req-ef5feb17-283b-47b0-aa86-ef8729c791ea 479e046780fe410b9faee29c0cb53b35 3218dc7862004758b6a8f5b0cc5d6ad5 - default default] 10.0.20.27 "GET /v2.0/ports?device_id=2c957089-3095-407b-bf9c-c621b72428c5 HTTP/1.1" status: 200  len: 1125 time: 0.1732562
2018-06-28 04:11:35.702 7303 INFO neutron.wsgi [req-dd7b5900-c48a-4b23-9c8d-a3a10792f6de 479e046780fe410b9faee29c0cb53b35 3218dc7862004758b6a8f5b0cc5d6ad5 - default default] 10.0.20.27 "GET /v2.0/security-groups?id=cb10179b-6a61-4f23-a8ed-473958032afd HTTP/1.1" status: 200  len: 2118 time: 0.1337562
2018-06-28 04:11:36.763 7307 INFO neutron.wsgi [req-0edacd06-b2da-4d7a-a924-596dbe91999c 479e046780fe410b9faee29c0cb53b35 3218dc7862004758b6a8f5b0cc5d6ad5 - default default] 10.0.20.27 "GET /v2.0/ports?device_id=2c957089-3095-407b-bf9c-c621b72428c5 HTTP/1.1" status: 200  len: 1125 time: 0.1719840
2018-06-28 04:11:37.217 7307 INFO neutron.wsgi [req-f847d62a-8bb2-4718-906c-b011f462a65c 479e046780fe410b9faee29c0cb53b35 3218dc7862004758b6a8f5b0cc5d6ad5 - default default] 10.0.20.27 "GET /v2.0/security-groups?id=cb10179b-6a61-4f23-a8ed-473958032afd HTTP/1.1" status: 200  len: 2118 time: 0.4454892
2018-06-28 04:11:37.490 7321 DEBUG neutron.db.agents_db [req-78e2193d-74e0-4ad1-9b52-b2c936ac60d2 - - - - -] Agent healthcheck: found 5 active agents agent_health_check /usr/lib/python2.7/site-packages/neutron/db/agents_db.py:281
2018-06-28 04:11:47.144 7312 DEBUG neutron_lib.callbacks.manager [req-5785c14b-48cb-47ab-aad9-0d379583b932 - - - - -] Notify callbacks ['neutron.services.segments.db._update_segment_host_mapping_for_agent-8759065940018'] for agent, after_update _notify_loop /usr/lib/python2.7/site-packages/neutron_lib/callbacks/manager.py:167
2018-06-28 04:11:59.759 7317 DEBUG neutron_lib.callbacks.manager [req-7d5aa0fd-82c4-4f69-a17c-45e87d7916bb - - - - -] Notify callbacks ['neutron.services.segments.db._update_segment_host_mapping_for_agent-8759065940018'] for agent, after_update _notify_loop /usr/lib/python2.7/site-packages/neutron_lib/callbacks/manager.py:167
2018-06-28 04:11:59.780 7320 DEBUG neutron_lib.callbacks.manager [req-df288ca8-9b05-4938-80e7-28d3c9b78ac1 - - - - -] Notify callbacks ['neutron.services.segments.db._update_segment_host_mapping_for_agent-8759065940018'] for agent, after_update _notify_loop /usr/lib/python2.7/site-packages/neutron_lib/callbacks/manager.py:167
2018-06-28 04:11:59.782 7315 DEBUG neutron_lib.callbacks.manager [req-096ebd58-7e80-4f53-b474-4a4fe9cd4905 - - - - -] Notify callbacks ['neutron.services.segments.db._update_segment_host_mapping_for_agent-8759065940018'] for agent, after_update _notify_loop /usr/lib/python2.7/site-packages/neutron_lib/callbacks/manager.py:167
2018-06-28 04:11:59.781 7319 DEBUG neutron_lib.callbacks.manager [req-50f8f4f3-fc29-4649-a432-becaafc3fd74 - - - - -] Notify callbacks ['neutron.services.segments.db._update_segment_host_mapping_for_agent-8759065940018'] for agent, after_update _notify_loop /usr/lib/python2.7/site-packages/neutron_lib/callbacks/manager.py:167
2018-06-28 04:12:04.281 7306 DEBUG neutron.wsgi [-] (7306) accepted ('10.0.20.27', 43850) server /usr/lib/python2.7/site-packages/eventlet/wsgi.py:883
2018-06-28 04:12:04.286 7306 INFO neutron.wsgi [-] 10.0.20.27 "GET / HTTP/1.1" status: 200  len: 252 time: 0.0028920
2018-06-28 04:12:04.807 7306 INFO neutron.api.v2.resource [req-47c36c2e-5b12-46cd-81a9-0a94ca953e91 e4eff2ed67404a24a8cad226394a1aa4 94f548302c7d4ca980150291996d9f36 - 45359eebfd1a4b68ba96547dedb10cf1 45359eebfd1a4b68ba96547dedb10cf1] show failed (client error): The resource could not be found.
2018-06-28 04:12:04.809 7306 INFO neutron.wsgi [req-47c36c2e-5b12-46cd-81a9-0a94ca953e91 e4eff2ed67404a24a8cad226394a1aa4 94f548302c7d4ca980150291996d9f36 - 45359eebfd1a4b68ba96547dedb10cf1 45359eebfd1a4b68ba96547dedb10cf1] 10.0.20.27 "GET /v2.0/floatingips/172.24.4.2 HTTP/1.1" status: 404  len: 325 time: 0.5185771
2018-06-28 04:12:04.850 7306 INFO neutron.wsgi [req-d73cbf2d-b1a3-4f72-8281-9afde3d9027d e4eff2ed67404a24a8cad226394a1aa4 94f548302c7d4ca980150291996d9f36 - 45359eebfd1a4b68ba96547dedb10cf1 45359eebfd1a4b68ba96547dedb10cf1] 10.0.20.27 "GET /v2.0/floatingips HTTP/1.1" status: 200  len: 751 time: 0.0353870
2018-06-28 04:12:04.944 7306 DEBUG neutron.plugins.ml2.plugin [req-032ec043-b24d-428e-a540-d5f389ab4a17 e4eff2ed67404a24a8cad226394a1aa4 94f548302c7d4ca980150291996d9f36 - 45359eebfd1a4b68ba96547dedb10cf1 45359eebfd1a4b68ba96547dedb10cf1] Deleting port 08e6cbc9-1c17-4265-a1dd-df951b549708 _pre_delete_port /usr/lib/python2.7/site-packages/neutron/plugins/ml2/plugin.py:1488
2018-06-28 04:12:04.945 7306 DEBUG neutron_lib.callbacks.manager [req-032ec043-b24d-428e-a540-d5f389ab4a17 e4eff2ed67404a24a8cad226394a1aa4 94f548302c7d4ca980150291996d9f36 - 45359eebfd1a4b68ba96547dedb10cf1 45359eebfd1a4b68ba96547dedb10cf1] Notify callbacks ['neutron.db.l3_db._prevent_l3_port_delete_callback-8759066140902'] for port, before_delete _notify_loop /usr/lib/python2.7/site-packages/neutron_lib/callbacks/manager.py:167
2018-06-28 04:12:05.334 7306 DEBUG neutron.plugins.ml2.plugin [req-032ec043-b24d-428e-a540-d5f389ab4a17 e4eff2ed67404a24a8cad226394a1aa4 94f548302c7d4ca980150291996d9f36 - 45359eebfd1a4b68ba96547dedb10cf1 45359eebfd1a4b68ba96547dedb10cf1] Calling delete_port for 08e6cbc9-1c17-4265-a1dd-df951b549708 owned by network:floatingip delete_port /usr/lib/python2.7/site-packages/neutron/plugins/ml2/plugin.py:1547
2018-06-28 04:12:05.697 7306 DEBUG neutron_lib.callbacks.manager [req-032ec043-b24d-428e-a540-d5f389ab4a17 e4eff2ed67404a24a8cad226394a1aa4 94f548302c7d4ca980150291996d9f36 - 45359eebfd1a4b68ba96547dedb10cf1 45359eebfd1a4b68ba96547dedb10cf1] Notify callbacks ['neutron.plugins.ml2.plugin.Ml2Plugin.notify_sg_on_port_change-348893', 'neutron.db.l3_dvrscheduler_db._notify_port_delete--9223363277789196909', 'neutron.db.l3_db._notify_routers_callback--9223363277788657216', 'neutron.api.rpc.agentnotifiers.dhcp_rpc_agent_api.DhcpAgentNotifyAPI._native_event_send_dhcp_notification-32954911', 'neutron.plugins.ml2.ovo_rpc._ObjectChangeHandler.handle_event-33077030'] for port, after_delete _notify_loop /usr/lib/python2.7/site-packages/neutron_lib/callbacks/manager.py:167
2018-06-28 04:12:06.003 7306 DEBUG oslo_concurrency.lockutils [-] Lock "event-dispatch" acquired by "neutron.plugins.ml2.ovo_rpc.dispatch_events" :: waited 0.000s inner /usr/lib/python2.7/site-packages/oslo_concurrency/lockutils.py:270
2018-06-28 04:12:06.127 7306 DEBUG neutron.api.rpc.handlers.resources_rpc [req-032ec043-b24d-428e-a540-d5f389ab4a17 e4eff2ed67404a24a8cad226394a1aa4 94f548302c7d4ca980150291996d9f36 - - -] neutron.api.rpc.handlers.resources_rpc.ResourcesPushRpcApi method push called with arguments (<neutron_lib.context.Context object at 0x7f760eec85d0>, [Port(admin_state_up=<?>,allowed_address_pairs=<?>,binding=<?>,binding_levels=<?>,created_at=<?>,data_plane_status=<?>,description=<?>,device_id=<?>,device_owner=<?>,dhcp_options=<?>,distributed_binding=<?>,dns=<?>,fixed_ips=<?>,id=08e6cbc9-1c17-4265-a1dd-df951b549708,mac_address=<?>,name=<?>,network_id=<?>,project_id=<?>,qos_policy_id=None,revision_number=<?>,security=<?>,security_group_ids=None,status=<?>,updated_at=<?>)], 'deleted') {} wrapper /usr/lib/python2.7/site-packages/oslo_log/helpers.py:66
2018-06-28 04:12:06.162 7306 DEBUG neutron.api.rpc.callbacks.version_manager [req-032ec043-b24d-428e-a540-d5f389ab4a17 e4eff2ed67404a24a8cad226394a1aa4 94f548302c7d4ca980150291996d9f36 - - -] Version for resource type Subnet changed None to 1.0 on consumer Open vSwitch agent@localhost.localdomain _set_version /usr/lib/python2.7/site-packages/neutron/api/rpc/callbacks/version_manager.py:119
2018-06-28 04:12:06.163 7306 DEBUG neutron.api.rpc.callbacks.version_manager [req-032ec043-b24d-428e-a540-d5f389ab4a17 e4eff2ed67404a24a8cad226394a1aa4 94f548302c7d4ca980150291996d9f36 - - -] Version for resource type Network changed None to 1.0 on consumer Open vSwitch agent@localhost.localdomain _set_version /usr/lib/python2.7/site-packages/neutron/api/rpc/callbacks/version_manager.py:119
2018-06-28 04:12:06.164 7306 DEBUG neutron.api.rpc.callbacks.version_manager [req-032ec043-b24d-428e-a540-d5f389ab4a17 e4eff2ed67404a24a8cad226394a1aa4 94f548302c7d4ca980150291996d9f36 - - -] Version for resource type SubPort changed None to 1.0 on consumer Open vSwitch agent@localhost.localdomain _set_version /usr/lib/python2.7/site-packages/neutron/api/rpc/callbacks/version_manager.py:119
2018-06-28 04:12:06.164 7306 DEBUG neutron.api.rpc.callbacks.version_manager [req-032ec043-b24d-428e-a540-d5f389ab4a17 e4eff2ed67404a24a8cad226394a1aa4 94f548302c7d4ca980150291996d9f36 - - -] Version for resource type SecurityGroup changed None to 1.0 on consumer Open vSwitch agent@localhost.localdomain _set_version /usr/lib/python2.7/site-packages/neutron/api/rpc/callbacks/version_manager.py:119
2018-06-28 04:12:06.165 7306 DEBUG neutron.api.rpc.callbacks.version_manager [req-032ec043-b24d-428e-a540-d5f389ab4a17 e4eff2ed67404a24a8cad226394a1aa4 94f548302c7d4ca980150291996d9f36 - - -] Version for resource type SecurityGroupRule changed None to 1.0 on consumer Open vSwitch agent@localhost.localdomain _set_version /usr/lib/python2.7/site-packages/neutron/api/rpc/callbacks/version_manager.py:119
2018-06-28 04:12:06.166 7306 DEBUG neutron.api.rpc.callbacks.version_manager [req-032ec043-b24d-428e-a540-d5f389ab4a17 e4eff2ed67404a24a8cad226394a1aa4 94f548302c7d4ca980150291996d9f36 - - -] Version for resource type Trunk changed None to 1.1 on consumer Open vSwitch agent@localhost.localdomain _set_version /usr/lib/python2.7/site-packages/neutron/api/rpc/callbacks/version_manager.py:119
2018-06-28 04:12:06.166 7306 DEBUG neutron.api.rpc.callbacks.version_manager [req-032ec043-b24d-428e-a540-d5f389ab4a17 e4eff2ed67404a24a8cad226394a1aa4 94f548302c7d4ca980150291996d9f36 - - -] Version for resource type QosPolicy changed None to 1.6 on consumer Open vSwitch agent@localhost.localdomain _set_version /usr/lib/python2.7/site-packages/neutron/api/rpc/callbacks/version_manager.py:119
2018-06-28 04:12:06.167 7306 DEBUG neutron.api.rpc.callbacks.version_manager [req-032ec043-b24d-428e-a540-d5f389ab4a17 e4eff2ed67404a24a8cad226394a1aa4 94f548302c7d4ca980150291996d9f36 - - -] Version for resource type Port changed None to 1.1 on consumer Open vSwitch agent@localhost.localdomain _set_version /usr/lib/python2.7/site-packages/neutron/api/rpc/callbacks/version_manager.py:119
2018-06-28 04:12:06.167 7306 DEBUG neutron.api.rpc.callbacks.version_manager [req-032ec043-b24d-428e-a540-d5f389ab4a17 e4eff2ed67404a24a8cad226394a1aa4 94f548302c7d4ca980150291996d9f36 - - -] Version for resource type Log changed None to 1.0 on consumer Open vSwitch agent@localhost.localdomain _set_version /usr/lib/python2.7/site-packages/neutron/api/rpc/callbacks/version_manager.py:119
2018-06-28 04:12:06.188 7306 DEBUG oslo_concurrency.lockutils [req-032ec043-b24d-428e-a540-d5f389ab4a17 e4eff2ed67404a24a8cad226394a1aa4 94f548302c7d4ca980150291996d9f36 - - -] Lock "event-dispatch" released by "neutron.plugins.ml2.ovo_rpc.dispatch_events" :: held 0.185s inner /usr/lib/python2.7/site-packages/oslo_concurrency/lockutils.py:282
2018-06-28 04:12:06.465 7306 DEBUG neutron.scheduler.l3_agent_scheduler [req-032ec043-b24d-428e-a540-d5f389ab4a17 e4eff2ed67404a24a8cad226394a1aa4 94f548302c7d4ca980150291996d9f36 - 45359eebfd1a4b68ba96547dedb10cf1 45359eebfd1a4b68ba96547dedb10cf1] Router a1c4dc4c-88f1-47d4-b5f2-643bd6c8d674 has already been hosted by L3 agent 8a7f04c5-f50c-4882-a215-ed76ffaf1adf _get_candidates /usr/lib/python2.7/site-packages/neutron/scheduler/l3_agent_scheduler.py:141
