2018-06-26 07:07:46.339 3766 DEBUG neutron.plugins.ml2.rpc [req-1b628277-baaa-4140-8cd5-1bc30c164865 - - - - -] Device 613747d0-1476-46df-bd5f-d33a9b7fe81a up at agent ovs-agent-localhost.localdomain update_device_up /usr/lib/python2.7/site-packages/neutron/plugins/ml2/rpc.py:244
2018-06-26 07:07:46.393 3752 DEBUG neutron.pecan_wsgi.hooks.policy_enforcement [req-2eb00f31-c47b-4668-b27f-1fa5674711d7 aa9ab289b900453cbe540da36aa76872 1a35e3b0e18c4eff8ec68ce1f34b28b0 - default default] Attributes excluded by policy engine: [u'vlan_transparent'] _exclude_attributes_by_policy /usr/lib/python2.7/site-packages/neutron/pecan_wsgi/hooks/policy_enforcement.py:256
2018-06-26 07:07:46.394 3752 DEBUG neutron.pecan_wsgi.hooks.policy_enforcement [req-2eb00f31-c47b-4668-b27f-1fa5674711d7 aa9ab289b900453cbe540da36aa76872 1a35e3b0e18c4eff8ec68ce1f34b28b0 - default default] Attributes excluded by policy engine: [u'vlan_transparent'] _exclude_attributes_by_policy /usr/lib/python2.7/site-packages/neutron/pecan_wsgi/hooks/policy_enforcement.py:256
2018-06-26 07:07:46.395 3752 DEBUG neutron.pecan_wsgi.hooks.policy_enforcement [req-2eb00f31-c47b-4668-b27f-1fa5674711d7 aa9ab289b900453cbe540da36aa76872 1a35e3b0e18c4eff8ec68ce1f34b28b0 - default default] Attributes excluded by policy engine: [u'vlan_transparent'] _exclude_attributes_by_policy /usr/lib/python2.7/site-packages/neutron/pecan_wsgi/hooks/policy_enforcement.py:256
2018-06-26 07:07:46.397 3752 INFO neutron.wsgi [req-2eb00f31-c47b-4668-b27f-1fa5674711d7 aa9ab289b900453cbe540da36aa76872 1a35e3b0e18c4eff8ec68ce1f34b28b0 - default default] 10.0.20.24 "GET /v2.0/networks HTTP/1.1" status: 200  len: 2214 time: 0.4886789
2018-06-26 07:07:46.463 3766 DEBUG neutron.db.provisioning_blocks [req-1b628277-baaa-4140-8cd5-1bc30c164865 - - - - -] Provisioning for port 613747d0-1476-46df-bd5f-d33a9b7fe81a completed by entity L2. provisioning_complete /usr/lib/python2.7/site-packages/neutron/db/provisioning_blocks.py:132
2018-06-26 07:07:46.470 3766 DEBUG neutron.db.provisioning_blocks [req-1b628277-baaa-4140-8cd5-1bc30c164865 - - - - -] Provisioning complete for port 613747d0-1476-46df-bd5f-d33a9b7fe81a triggered by entity L2. provisioning_complete /usr/lib/python2.7/site-packages/neutron/db/provisioning_blocks.py:138
2018-06-26 07:07:46.471 3766 DEBUG neutron_lib.callbacks.manager [req-1b628277-baaa-4140-8cd5-1bc30c164865 - - - - -] Notify callbacks ['neutron.plugins.ml2.plugin.Ml2Plugin._port_provisioned-704974'] for port, provisioning_complete _notify_loop /usr/lib/python2.7/site-packages/neutron_lib/callbacks/manager.py:167
2018-06-26 07:07:46.615 3752 DEBUG neutron_lib.callbacks.manager [req-5c996de3-2e51-438d-850e-f9797695cd7d aa9ab289b900453cbe540da36aa76872 1a35e3b0e18c4eff8ec68ce1f34b28b0 - default default] Notify callbacks ['neutron.plugins.ml2.plugin.Ml2Plugin._before_network_delete_handler--9223372036853799346'] for network, before_delete _notify_loop /usr/lib/python2.7/site-packages/neutron_lib/callbacks/manager.py:167
2018-06-26 07:07:46.625 3766 DEBUG neutron_lib.callbacks.manager [req-1b628277-baaa-4140-8cd5-1bc30c164865 - - - - -] Notify callbacks ['neutron.plugins.ml2.plugin.Ml2Plugin._ensure_default_security_group_handler--9223372036853862262'] for port, before_update _notify_loop /usr/lib/python2.7/site-packages/neutron_lib/callbacks/manager.py:167
2018-06-26 07:07:46.660 3752 DEBUG neutron.plugins.ml2.plugin [req-5c996de3-2e51-438d-850e-f9797695cd7d aa9ab289b900453cbe540da36aa76872 1a35e3b0e18c4eff8ec68ce1f34b28b0 - default default] Deleting port 613747d0-1476-46df-bd5f-d33a9b7fe81a _pre_delete_port /usr/lib/python2.7/site-packages/neutron/plugins/ml2/plugin.py:1488
2018-06-26 07:07:46.661 3752 DEBUG neutron_lib.callbacks.manager [req-5c996de3-2e51-438d-850e-f9797695cd7d aa9ab289b900453cbe540da36aa76872 1a35e3b0e18c4eff8ec68ce1f34b28b0 - default default] Notify callbacks ['neutron.db.l3_db._prevent_l3_port_delete_callback--9223363269586810356'] for port, before_delete _notify_loop /usr/lib/python2.7/site-packages/neutron_lib/callbacks/manager.py:167
2018-06-26 07:07:46.722 3766 DEBUG neutron.plugins.ml2.db [req-1b628277-baaa-4140-8cd5-1bc30c164865 - - - - -] For port 613747d0-1476-46df-bd5f-d33a9b7fe81a, host localhost.localdomain, got binding levels [<neutron.plugins.ml2.models.PortBindingLevel[object at 7f949d19b2d0] {port_id=u'613747d0-1476-46df-bd5f-d33a9b7fe81a', host=u'localhost.localdomain', level=0, driver=u'openvswitch', segment_id=u'cfff2790-1e18-4a3d-9b11-68b564d21b72'}>] get_binding_levels /usr/lib/python2.7/site-packages/neutron/plugins/ml2/db.py:106
2018-06-26 07:07:46.737 3766 DEBUG neutron_lib.callbacks.manager [req-1b628277-baaa-4140-8cd5-1bc30c164865 - - - - -] Notify callbacks ['neutron.api.rpc.agentnotifiers.dhcp_rpc_agent_api.DhcpAgentNotifyAPI._native_event_send_dhcp_notification--9223372036850948103', 'neutron.plugins.ml2.plugin.Ml2Plugin.notify_sg_on_port_change-913663', 'neutron.plugins.ml2.ovo_rpc._ObjectChangeHandler.handle_event-3723264', 'neutron.db.l3_dvrscheduler_db._notify_l3_agent_port_update--9223363269587378195', 'neutron.db.l3_hascheduler_db._notify_l3_agent_ha_port_update-8767267423297'] for port, after_update _notify_loop /usr/lib/python2.7/site-packages/neutron_lib/callbacks/manager.py:167
2018-06-26 07:07:46.773 3766 DEBUG oslo_concurrency.lockutils [-] Lock "event-dispatch" acquired by "neutron.plugins.ml2.ovo_rpc.dispatch_events" :: waited 0.000s inner /usr/lib/python2.7/site-packages/oslo_concurrency/lockutils.py:270
2018-06-26 07:07:46.906 3766 DEBUG neutron.api.rpc.handlers.resources_rpc [req-1b628277-baaa-4140-8cd5-1bc30c164865 - - - - -] neutron.api.rpc.handlers.resources_rpc.ResourcesPushRpcApi method push called with arguments (<neutron_lib.context.Context object at 0x7f949d178c50>, [Port(admin_state_up=True,allowed_address_pairs=[],binding=PortBinding,binding_levels=[PortBindingLevel],created_at=2018-06-26T05:07:43Z,data_plane_status=<?>,description='',device_id='dhcpcd8f5f9f-e3e8-569f-87ef-f03c6cfc29bc-b9fa00ab-5096-4663-a5b7-df7a6b173d29',device_owner='network:dhcp',dhcp_options=[],distributed_binding=None,dns=None,fixed_ips=[IPAllocation],id=613747d0-1476-46df-bd5f-d33a9b7fe81a,mac_address=fa:16:3e:c0:bf:e2,name='',network_id=b9fa00ab-5096-4663-a5b7-df7a6b173d29,project_id='0af8250fda584fe6af17da21d9da3102',qos_policy_id=None,revision_number=5,security=PortSecurity(613747d0-1476-46df-bd5f-d33a9b7fe81a),security_group_ids=set([]),status='ACTIVE',updated_at=2018-06-26T05:07:46Z)], 'updated') {} wrapper /usr/lib/python2.7/site-packages/oslo_log/helpers.py:66
2018-06-26 07:07:46.924 3766 DEBUG neutron.api.rpc.callbacks.version_manager [req-1b628277-baaa-4140-8cd5-1bc30c164865 - - - - -] Version for resource type Subnet changed None to 1.0 on consumer Open vSwitch agent@localhost.localdomain _set_version /usr/lib/python2.7/site-packages/neutron/api/rpc/callbacks/version_manager.py:119
2018-06-26 07:07:46.925 3766 DEBUG neutron.api.rpc.callbacks.version_manager [req-1b628277-baaa-4140-8cd5-1bc30c164865 - - - - -] Version for resource type Network changed None to 1.0 on consumer Open vSwitch agent@localhost.localdomain _set_version /usr/lib/python2.7/site-packages/neutron/api/rpc/callbacks/version_manager.py:119
2018-06-26 07:07:46.926 3766 DEBUG neutron.api.rpc.callbacks.version_manager [req-1b628277-baaa-4140-8cd5-1bc30c164865 - - - - -] Version for resource type SubPort changed None to 1.0 on consumer Open vSwitch agent@localhost.localdomain _set_version /usr/lib/python2.7/site-packages/neutron/api/rpc/callbacks/version_manager.py:119
2018-06-26 07:07:46.926 3766 DEBUG neutron.api.rpc.callbacks.version_manager [req-1b628277-baaa-4140-8cd5-1bc30c164865 - - - - -] Version for resource type SecurityGroup changed None to 1.0 on consumer Open vSwitch agent@localhost.localdomain _set_version /usr/lib/python2.7/site-packages/neutron/api/rpc/callbacks/version_manager.py:119
2018-06-26 07:07:46.927 3766 DEBUG neutron.api.rpc.callbacks.version_manager [req-1b628277-baaa-4140-8cd5-1bc30c164865 - - - - -] Version for resource type SecurityGroupRule changed None to 1.0 on consumer Open vSwitch agent@localhost.localdomain _set_version /usr/lib/python2.7/site-packages/neutron/api/rpc/callbacks/version_manager.py:119
2018-06-26 07:07:46.928 3766 DEBUG neutron.api.rpc.callbacks.version_manager [req-1b628277-baaa-4140-8cd5-1bc30c164865 - - - - -] Version for resource type Trunk changed None to 1.1 on consumer Open vSwitch agent@localhost.localdomain _set_version /usr/lib/python2.7/site-packages/neutron/api/rpc/callbacks/version_manager.py:119
2018-06-26 07:07:46.928 3766 DEBUG neutron.api.rpc.callbacks.version_manager [req-1b628277-baaa-4140-8cd5-1bc30c164865 - - - - -] Version for resource type QosPolicy changed None to 1.6 on consumer Open vSwitch agent@localhost.localdomain _set_version /usr/lib/python2.7/site-packages/neutron/api/rpc/callbacks/version_manager.py:119
2018-06-26 07:07:46.929 3766 DEBUG neutron.api.rpc.callbacks.version_manager [req-1b628277-baaa-4140-8cd5-1bc30c164865 - - - - -] Version for resource type Port changed None to 1.1 on consumer Open vSwitch agent@localhost.localdomain _set_version /usr/lib/python2.7/site-packages/neutron/api/rpc/callbacks/version_manager.py:119
2018-06-26 07:07:46.930 3766 DEBUG neutron.api.rpc.callbacks.version_manager [req-1b628277-baaa-4140-8cd5-1bc30c164865 - - - - -] Version for resource type Log changed None to 1.0 on consumer Open vSwitch agent@localhost.localdomain _set_version /usr/lib/python2.7/site-packages/neutron/api/rpc/callbacks/version_manager.py:119
2018-06-26 07:07:46.944 3766 DEBUG oslo_concurrency.lockutils [req-1b628277-baaa-4140-8cd5-1bc30c164865 - - - - -] Lock "event-dispatch" released by "neutron.plugins.ml2.ovo_rpc.dispatch_events" :: held 0.171s inner /usr/lib/python2.7/site-packages/oslo_concurrency/lockutils.py:282
2018-06-26 07:07:47.019 3752 DEBUG neutron.plugins.ml2.db [req-5c996de3-2e51-438d-850e-f9797695cd7d aa9ab289b900453cbe540da36aa76872 1a35e3b0e18c4eff8ec68ce1f34b28b0 - default default] For port 613747d0-1476-46df-bd5f-d33a9b7fe81a, host localhost.localdomain, got binding levels [<neutron.plugins.ml2.models.PortBindingLevel[object at 7f949cf623d0] {port_id=u'613747d0-1476-46df-bd5f-d33a9b7fe81a', host=u'localhost.localdomain', level=0, driver=u'openvswitch', segment_id=u'cfff2790-1e18-4a3d-9b11-68b564d21b72'}>] get_binding_levels /usr/lib/python2.7/site-packages/neutron/plugins/ml2/db.py:106
2018-06-26 07:07:47.058 3752 DEBUG neutron.plugins.ml2.plugin [req-5c996de3-2e51-438d-850e-f9797695cd7d aa9ab289b900453cbe540da36aa76872 1a35e3b0e18c4eff8ec68ce1f34b28b0 - default default] Calling delete_port for 613747d0-1476-46df-bd5f-d33a9b7fe81a owned by network:dhcp delete_port /usr/lib/python2.7/site-packages/neutron/plugins/ml2/plugin.py:1547
2018-06-26 07:07:47.328 3752 DEBUG neutron_lib.callbacks.manager [req-5c996de3-2e51-438d-850e-f9797695cd7d aa9ab289b900453cbe540da36aa76872 1a35e3b0e18c4eff8ec68ce1f34b28b0 - default default] Notify callbacks ['neutron.api.rpc.agentnotifiers.dhcp_rpc_agent_api.DhcpAgentNotifyAPI._native_event_send_dhcp_notification--9223372036850948103', 'neutron.plugins.ml2.plugin.Ml2Plugin.notify_sg_on_port_change-913663', 'neutron.db.l3_dvrscheduler_db._notify_port_delete-8767267397606', 'neutron.plugins.ml2.ovo_rpc._ObjectChangeHandler.handle_event-3723264', 'neutron.db.l3_db._notify_routers_callback--9223363269586839074'] for port, after_delete _notify_loop /usr/lib/python2.7/site-packages/neutron_lib/callbacks/manager.py:167
2018-06-26 07:07:47.659 3769 DEBUG neutron.api.rpc.handlers.dhcp_rpc [req-d846bff5-55da-4dab-a33f-13efbb6140d9 - - - - -] DHCP port deletion for b9fa00ab-5096-4663-a5b7-df7a6b173d29 request from localhost.localdomain release_dhcp_port /usr/lib/python2.7/site-packages/neutron/api/rpc/handlers/dhcp_rpc.py:244
2018-06-26 07:07:47.713 3752 DEBUG neutron.db.l3_dvrscheduler_db [req-5c996de3-2e51-438d-850e-f9797695cd7d aa9ab289b900453cbe540da36aa76872 1a35e3b0e18c4eff8ec68ce1f34b28b0 - default default] No DVR routers for this DVR port 613747d0-1476-46df-bd5f-d33a9b7fe81a on host localhost.localdomain get_dvr_routers_to_remove /usr/lib/python2.7/site-packages/neutron/db/l3_dvrscheduler_db.py:191
2018-06-26 07:07:47.723 3752 DEBUG oslo_concurrency.lockutils [-] Lock "event-dispatch" acquired by "neutron.plugins.ml2.ovo_rpc.dispatch_events" :: waited 0.000s inner /usr/lib/python2.7/site-packages/oslo_concurrency/lockutils.py:270
2018-06-26 07:07:47.860 3752 DEBUG neutron.api.rpc.handlers.resources_rpc [req-5c996de3-2e51-438d-850e-f9797695cd7d aa9ab289b900453cbe540da36aa76872 1a35e3b0e18c4eff8ec68ce1f34b28b0 - - -] neutron.api.rpc.handlers.resources_rpc.ResourcesPushRpcApi method push called with arguments (<neutron_lib.context.Context object at 0x7f949d54e1d0>, [Port(admin_state_up=<?>,allowed_address_pairs=<?>,binding=<?>,binding_levels=<?>,created_at=<?>,data_plane_status=<?>,description=<?>,device_id=<?>,device_owner=<?>,dhcp_options=<?>,distributed_binding=<?>,dns=<?>,fixed_ips=<?>,id=613747d0-1476-46df-bd5f-d33a9b7fe81a,mac_address=<?>,name=<?>,network_id=<?>,project_id=<?>,qos_policy_id=None,revision_number=<?>,security=<?>,security_group_ids=None,status=<?>,updated_at=<?>)], 'deleted') {} wrapper /usr/lib/python2.7/site-packages/oslo_log/helpers.py:66
2018-06-26 07:07:47.890 3752 DEBUG neutron.api.rpc.callbacks.version_manager [req-5c996de3-2e51-438d-850e-f9797695cd7d aa9ab289b900453cbe540da36aa76872 1a35e3b0e18c4eff8ec68ce1f34b28b0 - - -] Version for resource type Subnet changed None to 1.0 on consumer Open vSwitch agent@localhost.localdomain _set_version /usr/lib/python2.7/site-packages/neutron/api/rpc/callbacks/version_manager.py:119
2018-06-26 07:07:47.891 3752 DEBUG neutron.api.rpc.callbacks.version_manager [req-5c996de3-2e51-438d-850e-f9797695cd7d aa9ab289b900453cbe540da36aa76872 1a35e3b0e18c4eff8ec68ce1f34b28b0 - - -] Version for resource type Network changed None to 1.0 on consumer Open vSwitch agent@localhost.localdomain _set_version /usr/lib/python2.7/site-packages/neutron/api/rpc/callbacks/version_manager.py:119
2018-06-26 07:07:47.892 3752 DEBUG neutron.api.rpc.callbacks.version_manager [req-5c996de3-2e51-438d-850e-f9797695cd7d aa9ab289b900453cbe540da36aa76872 1a35e3b0e18c4eff8ec68ce1f34b28b0 - - -] Version for resource type SubPort changed None to 1.0 on consumer Open vSwitch agent@localhost.localdomain _set_version /usr/lib/python2.7/site-packages/neutron/api/rpc/callbacks/version_manager.py:119
2018-06-26 07:07:47.893 3752 DEBUG neutron.api.rpc.callbacks.version_manager [req-5c996de3-2e51-438d-850e-f9797695cd7d aa9ab289b900453cbe540da36aa76872 1a35e3b0e18c4eff8ec68ce1f34b28b0 - - -] Version for resource type SecurityGroup changed None to 1.0 on consumer Open vSwitch agent@localhost.localdomain _set_version /usr/lib/python2.7/site-packages/neutron/api/rpc/callbacks/version_manager.py:119
2018-06-26 07:07:47.893 3752 DEBUG neutron.api.rpc.callbacks.version_manager [req-5c996de3-2e51-438d-850e-f9797695cd7d aa9ab289b900453cbe540da36aa76872 1a35e3b0e18c4eff8ec68ce1f34b28b0 - - -] Version for resource type SecurityGroupRule changed None to 1.0 on consumer Open vSwitch agent@localhost.localdomain _set_version /usr/lib/python2.7/site-packages/neutron/api/rpc/callbacks/version_manager.py:119
2018-06-26 07:07:47.894 3752 DEBUG neutron.api.rpc.callbacks.version_manager [req-5c996de3-2e51-438d-850e-f9797695cd7d aa9ab289b900453cbe540da36aa76872 1a35e3b0e18c4eff8ec68ce1f34b28b0 - - -] Version for resource type Trunk changed None to 1.1 on consumer Open vSwitch agent@localhost.localdomain _set_version /usr/lib/python2.7/site-packages/neutron/api/rpc/callbacks/version_manager.py:119
2018-06-26 07:07:47.894 3752 DEBUG neutron.api.rpc.callbacks.version_manager [req-5c996de3-2e51-438d-850e-f9797695cd7d aa9ab289b900453cbe540da36aa76872 1a35e3b0e18c4eff8ec68ce1f34b28b0 - - -] Version for resource type QosPolicy changed None to 1.6 on consumer Open vSwitch agent@localhost.localdomain _set_version /usr/lib/python2.7/site-packages/neutron/api/rpc/callbacks/version_manager.py:119
2018-06-26 07:07:47.895 3752 DEBUG neutron.api.rpc.callbacks.version_manager [req-5c996de3-2e51-438d-850e-f9797695cd7d aa9ab289b900453cbe540da36aa76872 1a35e3b0e18c4eff8ec68ce1f34b28b0 - - -] Version for resource type Port changed None to 1.1 on consumer Open vSwitch agent@localhost.localdomain _set_version /usr/lib/python2.7/site-packages/neutron/api/rpc/callbacks/version_manager.py:119
2018-06-26 07:07:47.896 3752 DEBUG neutron.api.rpc.callbacks.version_manager [req-5c996de3-2e51-438d-850e-f9797695cd7d aa9ab289b900453cbe540da36aa76872 1a35e3b0e18c4eff8ec68ce1f34b28b0 - - -] Version for resource type Log changed None to 1.0 on consumer Open vSwitch agent@localhost.localdomain _set_version /usr/lib/python2.7/site-packages/neutron/api/rpc/callbacks/version_manager.py:119
2018-06-26 07:07:47.918 3752 DEBUG oslo_concurrency.lockutils [req-5c996de3-2e51-438d-850e-f9797695cd7d aa9ab289b900453cbe540da36aa76872 1a35e3b0e18c4eff8ec68ce1f34b28b0 - - -] Lock "event-dispatch" released by "neutron.plugins.ml2.ovo_rpc.dispatch_events" :: held 0.195s inner /usr/lib/python2.7/site-packages/oslo_concurrency/lockutils.py:282
2018-06-26 07:07:47.943 3752 DEBUG neutron.db.db_base_plugin_v2 [req-5c996de3-2e51-438d-850e-f9797695cd7d aa9ab289b900453cbe540da36aa76872 1a35e3b0e18c4eff8ec68ce1f34b28b0 - default default] Deleting subnet f2964a03-6efe-4a4e-975c-dd56a182d083 delete_subnet /usr/lib/python2.7/site-packages/neutron/db/db_base_plugin_v2.py:1022
2018-06-26 07:07:47.944 3752 DEBUG neutron_lib.callbacks.manager [req-5c996de3-2e51-438d-850e-f9797695cd7d aa9ab289b900453cbe540da36aa76872 1a35e3b0e18c4eff8ec68ce1f34b28b0 - default default] Notify callbacks [] for subnet, before_delete _notify_loop /usr/lib/python2.7/site-packages/neutron_lib/callbacks/manager.py:167
2018-06-26 07:07:48.153 3752 DEBUG neutron_lib.callbacks.manager [req-5c996de3-2e51-438d-850e-f9797695cd7d aa9ab289b900453cbe540da36aa76872 1a35e3b0e18c4eff8ec68ce1f34b28b0 - default default] Notify callbacks ['neutron.plugins.ml2.plugin.Ml2Plugin._subnet_delete_precommit_handler-711317'] for subnet, precommit_delete _notify_loop /usr/lib/python2.7/site-packages/neutron_lib/callbacks/manager.py:167
2018-06-26 07:07:48.261 3768 DEBUG neutron.plugins.ml2.rpc [req-1b628277-baaa-4140-8cd5-1bc30c164865 - - - - -] Device 613747d0-1476-46df-bd5f-d33a9b7fe81a no longer exists at agent ovs-agent-localhost.localdomain update_device_down /usr/lib/python2.7/site-packages/neutron/plugins/ml2/rpc.py:213
2018-06-26 07:07:48.336 3768 DEBUG neutron.plugins.ml2.plugin [req-1b628277-baaa-4140-8cd5-1bc30c164865 - - - - -] No Port match for: 613747d0-1476-46df-bd5f-d33a9b7fe81a port_bound_to_host /usr/lib/python2.7/site-packages/neutron/plugins/ml2/plugin.py:1806
2018-06-26 07:07:48.337 3768 DEBUG neutron.plugins.ml2.rpc [req-1b628277-baaa-4140-8cd5-1bc30c164865 - - - - -] Device 613747d0-1476-46df-bd5f-d33a9b7fe81a not bound to the agent host localhost.localdomain update_device_down /usr/lib/python2.7/site-packages/neutron/plugins/ml2/rpc.py:221
2018-06-26 07:07:48.530 3752 DEBUG neutron_lib.callbacks.manager [req-5c996de3-2e51-438d-850e-f9797695cd7d aa9ab289b900453cbe540da36aa76872 1a35e3b0e18c4eff8ec68ce1f34b28b0 - default default] Notify callbacks ['neutron.api.rpc.agentnotifiers.dhcp_rpc_agent_api.DhcpAgentNotifyAPI._native_event_send_dhcp_notification--9223372036850948103', 'neutron.plugins.ml2.ovo_rpc._ObjectChangeHandler.handle_event-3723312', 'neutron.plugins.ml2.plugin.Ml2Plugin._subnet_delete_after_delete_handler--9223372036854064502'] for subnet, after_delete _notify_loop /usr/lib/python2.7/site-packages/neutron_lib/callbacks/manager.py:167
2018-06-26 07:07:48.742 3765 DEBUG neutron.api.rpc.handlers.dhcp_rpc [req-95ee9edd-85ef-45bd-9e1f-43cb7a7e883a - - - - -] Network b9fa00ab-5096-4663-a5b7-df7a6b173d29 requested from localhost.localdomain get_network_info /usr/lib/python2.7/site-packages/neutron/api/rpc/handlers/dhcp_rpc.py:197
2018-06-26 07:07:48.757 3752 DEBUG oslo_concurrency.lockutils [-] Lock "event-dispatch" acquired by "neutron.plugins.ml2.ovo_rpc.dispatch_events" :: waited 0.000s inner /usr/lib/python2.7/site-packages/oslo_concurrency/lockutils.py:270
2018-06-26 07:07:48.877 3752 DEBUG neutron.api.rpc.handlers.resources_rpc [req-5c996de3-2e51-438d-850e-f9797695cd7d aa9ab289b900453cbe540da36aa76872 1a35e3b0e18c4eff8ec68ce1f34b28b0 - - -] neutron.api.rpc.handlers.resources_rpc.ResourcesPushRpcApi method push called with arguments (<neutron_lib.context.Context object at 0x7f949d41ca50>, [Subnet(allocation_pools=<?>,cidr=<?>,created_at=<?>,description=<?>,dns_nameservers=<?>,enable_dhcp=<?>,gateway_ip=<?>,host_routes=<?>,id=f2964a03-6efe-4a4e-975c-dd56a182d083,ip_version=<?>,ipv6_address_mode=<?>,ipv6_ra_mode=<?>,name=<?>,network_id=<?>,project_id=<?>,revision_number=<?>,segment_id=<?>,service_types=<?>,shared=<?>,subnetpool_id=<?>,updated_at=<?>)], 'deleted') {} wrapper /usr/lib/python2.7/site-packages/oslo_log/helpers.py:66
2018-06-26 07:07:48.978 3752 DEBUG oslo_concurrency.lockutils [req-5c996de3-2e51-438d-850e-f9797695cd7d aa9ab289b900453cbe540da36aa76872 1a35e3b0e18c4eff8ec68ce1f34b28b0 - - -] Lock "event-dispatch" released by "neutron.plugins.ml2.ovo_rpc.dispatch_events" :: held 0.221s inner /usr/lib/python2.7/site-packages/oslo_concurrency/lockutils.py:282
2018-06-26 07:07:48.982 3752 DEBUG neutron_lib.callbacks.manager [req-5c996de3-2e51-438d-850e-f9797695cd7d aa9ab289b900453cbe540da36aa76872 1a35e3b0e18c4eff8ec68ce1f34b28b0 - default default] Notify callbacks ['neutron.plugins.ml2.plugin.Ml2Plugin._network_delete_precommit_handler-706257', 'neutron.services.segments.db._delete_segments_for_network-8767267758175'] for network, precommit_delete _notify_loop /usr/lib/python2.7/site-packages/neutron_lib/callbacks/manager.py:167
2018-06-26 07:07:49.069 3762 DEBUG neutron.api.rpc.handlers.dhcp_rpc [req-b3139906-e2e4-4845-891a-d838f45c0263 - - - - -] DHCP port deletion for b9fa00ab-5096-4663-a5b7-df7a6b173d29 request from localhost.localdomain release_dhcp_port /usr/lib/python2.7/site-packages/neutron/api/rpc/handlers/dhcp_rpc.py:244
2018-06-26 07:07:49.161 3752 DEBUG neutron_lib.callbacks.manager [req-5c996de3-2e51-438d-850e-f9797695cd7d aa9ab289b900453cbe540da36aa76872 1a35e3b0e18c4eff8ec68ce1f34b28b0 - default default] Subscribe: <bound method Plugin._prevent_segment_delete_with_subnet_associated of <neutron.services.segments.plugin.Plugin object at 0x7f949cf21950>> segment before_delete subscribe /usr/lib/python2.7/site-packages/neutron_lib/callbacks/manager.py:41
2018-06-26 07:07:49.163 3752 DEBUG neutron_lib.callbacks.manager [req-5c996de3-2e51-438d-850e-f9797695cd7d aa9ab289b900453cbe540da36aa76872 1a35e3b0e18c4eff8ec68ce1f34b28b0 - default default] Subscribe: <bound method NovaSegmentNotifier._notify_host_addition_to_aggregate of <neutron.services.segments.plugin.NovaSegmentNotifier object at 0x7f949cc50090>> segment_host_mapping after_create subscribe /usr/lib/python2.7/site-packages/neutron_lib/callbacks/manager.py:41
2018-06-26 07:07:49.164 3752 DEBUG neutron_lib.callbacks.manager [req-5c996de3-2e51-438d-850e-f9797695cd7d aa9ab289b900453cbe540da36aa76872 1a35e3b0e18c4eff8ec68ce1f34b28b0 - default default] Subscribe: <bound method NovaSegmentNotifier._notify_port_created_or_deleted of <neutron.services.segments.plugin.NovaSegmentNotifier object at 0x7f949cc50090>> port after_create subscribe /usr/lib/python2.7/site-packages/neutron_lib/callbacks/manager.py:41
2018-06-26 07:07:49.164 3752 DEBUG neutron_lib.callbacks.manager [req-5c996de3-2e51-438d-850e-f9797695cd7d aa9ab289b900453cbe540da36aa76872 1a35e3b0e18c4eff8ec68ce1f34b28b0 - default default] Subscribe: <bound method NovaSegmentNotifier._notify_port_created_or_deleted of <neutron.services.segments.plugin.NovaSegmentNotifier object at 0x7f949cc50090>> port after_delete subscribe /usr/lib/python2.7/site-packages/neutron_lib/callbacks/manager.py:41
2018-06-26 07:07:49.165 3752 DEBUG neutron_lib.callbacks.manager [req-5c996de3-2e51-438d-850e-f9797695cd7d aa9ab289b900453cbe540da36aa76872 1a35e3b0e18c4eff8ec68ce1f34b28b0 - default default] Subscribe: <bound method NovaSegmentNotifier._notify_port_updated of <neutron.services.segments.plugin.NovaSegmentNotifier object at 0x7f949cc50090>> port after_update subscribe /usr/lib/python2.7/site-packages/neutron_lib/callbacks/manager.py:41
2018-06-26 07:07:49.166 3752 DEBUG neutron_lib.callbacks.manager [req-5c996de3-2e51-438d-850e-f9797695cd7d aa9ab289b900453cbe540da36aa76872 1a35e3b0e18c4eff8ec68ce1f34b28b0 - default default] Subscribe: <bound method NovaSegmentNotifier._notify_subnet_created of <neutron.services.segments.plugin.NovaSegmentNotifier object at 0x7f949cc50090>> subnet after_create subscribe /usr/lib/python2.7/site-packages/neutron_lib/callbacks/manager.py:41
2018-06-26 07:07:49.166 3752 DEBUG neutron_lib.callbacks.manager [req-5c996de3-2e51-438d-850e-f9797695cd7d aa9ab289b900453cbe540da36aa76872 1a35e3b0e18c4eff8ec68ce1f34b28b0 - default default] Subscribe: <bound method NovaSegmentNotifier._notify_subnet_deleted of <neutron.services.segments.plugin.NovaSegmentNotifier object at 0x7f949cc50090>> subnet after_delete subscribe /usr/lib/python2.7/site-packages/neutron_lib/callbacks/manager.py:41
2018-06-26 07:07:49.167 3752 DEBUG neutron_lib.callbacks.manager [req-5c996de3-2e51-438d-850e-f9797695cd7d aa9ab289b900453cbe540da36aa76872 1a35e3b0e18c4eff8ec68ce1f34b28b0 - default default] Subscribe: <bound method NovaSegmentNotifier._notify_subnet_updated of <neutron.services.segments.plugin.NovaSegmentNotifier object at 0x7f949cc50090>> subnet after_update subscribe /usr/lib/python2.7/site-packages/neutron_lib/callbacks/manager.py:41
2018-06-26 07:07:49.313 3752 DEBUG neutron.services.segments.db [req-5c996de3-2e51-438d-850e-f9797695cd7d aa9ab289b900453cbe540da36aa76872 1a35e3b0e18c4eff8ec68ce1f34b28b0 - default default] neutron.services.segments.plugin.Plugin method get_segments called with arguments (<neutron_lib.context.Context object at 0x7f949d0da450>,) {'filters': {'network_id': [u'b9fa00ab-5096-4663-a5b7-df7a6b173d29']}} wrapper /usr/lib/python2.7/site-packages/oslo_log/helpers.py:66
2018-06-26 07:07:49.346 3752 DEBUG neutron.services.segments.db [req-5c996de3-2e51-438d-850e-f9797695cd7d aa9ab289b900453cbe540da36aa76872 1a35e3b0e18c4eff8ec68ce1f34b28b0 - default default] neutron.services.segments.plugin.Plugin method delete_segment called with arguments (<neutron_lib.context.Context object at 0x7f949d0da450>, 'cfff2790-1e18-4a3d-9b11-68b564d21b72') {'for_net_delete': True} wrapper /usr/lib/python2.7/site-packages/oslo_log/helpers.py:66
2018-06-26 07:07:49.347 3752 DEBUG neutron.services.segments.db [req-5c996de3-2e51-438d-850e-f9797695cd7d aa9ab289b900453cbe540da36aa76872 1a35e3b0e18c4eff8ec68ce1f34b28b0 - default default] neutron.services.segments.plugin.Plugin method get_segment called with arguments (<neutron_lib.context.Context object at 0x7f949d0da450>, 'cfff2790-1e18-4a3d-9b11-68b564d21b72') {} wrapper /usr/lib/python2.7/site-packages/oslo_log/helpers.py:66
2018-06-26 07:07:49.373 3752 DEBUG neutron_lib.callbacks.manager [req-5c996de3-2e51-438d-850e-f9797695cd7d aa9ab289b900453cbe540da36aa76872 1a35e3b0e18c4eff8ec68ce1f34b28b0 - default default] Notify callbacks ['neutron.services.segments.plugin.Plugin._prevent_segment_delete_with_subnet_associated-3032669', 'neutron.plugins.ml2.db._prevent_segment_delete_with_port_bound--9223363269586783522'] for segment, before_delete _notify_loop /usr/lib/python2.7/site-packages/neutron_lib/callbacks/manager.py:167
2018-06-26 07:07:49.439 3752 DEBUG neutron_lib.callbacks.manager [req-5c996de3-2e51-438d-850e-f9797695cd7d aa9ab289b900453cbe540da36aa76872 1a35e3b0e18c4eff8ec68ce1f34b28b0 - default default] Notify callbacks ['neutron.plugins.ml2.plugin.Ml2Plugin._handle_segment_change--9223372036854066730'] for segment, precommit_delete _notify_loop /usr/lib/python2.7/site-packages/neutron_lib/callbacks/manager.py:167
2018-06-26 07:07:49.443 3752 DEBUG neutron.plugins.ml2.drivers.type_tunnel [req-5c996de3-2e51-438d-850e-f9797695cd7d aa9ab289b900453cbe540da36aa76872 1a35e3b0e18c4eff8ec68ce1f34b28b0 - default default] Releasing vxlan tunnel 56 to pool release_segment /usr/lib/python2.7/site-packages/neutron/plugins/ml2/drivers/type_tunnel.py:322
2018-06-26 07:07:50.023 3752 DEBUG neutron.plugins.ml2.managers [req-5c996de3-2e51-438d-850e-f9797695cd7d aa9ab289b900453cbe540da36aa76872 1a35e3b0e18c4eff8ec68ce1f34b28b0 - default default] Network b9fa00ab-5096-4663-a5b7-df7a6b173d29 has no segments _extend_network_dict_provider /usr/lib/python2.7/site-packages/neutron/plugins/ml2/managers.py:165
2018-06-26 07:07:50.037 3752 DEBUG neutron_lib.callbacks.manager [req-5c996de3-2e51-438d-850e-f9797695cd7d aa9ab289b900453cbe540da36aa76872 1a35e3b0e18c4eff8ec68ce1f34b28b0 - default default] Notify callbacks ['neutron.plugins.ml2.plugin.Ml2Plugin._handle_segment_change--9223372036854066730'] for segment, after_delete _notify_loop /usr/lib/python2.7/site-packages/neutron_lib/callbacks/manager.py:167
2018-06-26 07:07:50.355 3752 DEBUG neutron.plugins.ml2.managers [req-5c996de3-2e51-438d-850e-f9797695cd7d aa9ab289b900453cbe540da36aa76872 1a35e3b0e18c4eff8ec68ce1f34b28b0 - default default] Network b9fa00ab-5096-4663-a5b7-df7a6b173d29 has no segments _extend_network_dict_provider /usr/lib/python2.7/site-packages/neutron/plugins/ml2/managers.py:165
2018-06-26 07:07:50.572 3752 DEBUG neutron_lib.callbacks.manager [req-5c996de3-2e51-438d-850e-f9797695cd7d aa9ab289b900453cbe540da36aa76872 1a35e3b0e18c4eff8ec68ce1f34b28b0 - default default] Notify callbacks ['neutron.api.rpc.agentnotifiers.dhcp_rpc_agent_api.DhcpAgentNotifyAPI._native_event_send_dhcp_notification--9223372036850948103', 'neutron.plugins.ml2.ovo_rpc._ObjectChangeHandler.handle_event-3723368', 'neutron.plugins.ml2.plugin.Ml2Plugin._network_delete_after_delete_handler--9223372036854069546'] for network, after_delete _notify_loop /usr/lib/python2.7/site-packages/neutron_lib/callbacks/manager.py:167
2018-06-26 07:07:50.596 3752 DEBUG oslo_concurrency.lockutils [-] Lock "event-dispatch" acquired by "neutron.plugins.ml2.ovo_rpc.dispatch_events" :: waited 0.000s inner /usr/lib/python2.7/site-packages/oslo_concurrency/lockutils.py:270
2018-06-26 07:07:50.642 3752 DEBUG neutron_lib.callbacks.manager [req-5c996de3-2e51-438d-850e-f9797695cd7d aa9ab289b900453cbe540da36aa76872 1a35e3b0e18c4eff8ec68ce1f34b28b0 - default default] Notify callbacks ['neutron.api.rpc.agentnotifiers.dhcp_rpc_agent_api.DhcpAgentNotifyAPI._send_dhcp_notification--9223372036850948114'] for network, before_response _notify_loop /usr/lib/python2.7/site-packages/neutron_lib/callbacks/manager.py:167
2018-06-26 07:07:50.645 3752 DEBUG neutron.api.rpc.handlers.resources_rpc [req-5c996de3-2e51-438d-850e-f9797695cd7d aa9ab289b900453cbe540da36aa76872 1a35e3b0e18c4eff8ec68ce1f34b28b0 - - -] neutron.api.rpc.handlers.resources_rpc.ResourcesPushRpcApi method push called with arguments (<neutron_lib.context.Context object at 0x7f949cb17e50>, [Network(admin_state_up=<?>,availability_zone_hints=<?>,created_at=<?>,description=<?>,dns_domain=<?>,id=b9fa00ab-5096-4663-a5b7-df7a6b173d29,mtu=<?>,name=<?>,project_id=<?>,qos_policy_id=None,revision_number=<?>,security=<?>,segments=<?>,shared=False,status=<?>,updated_at=<?>,vlan_transparent=<?>)], 'deleted') {} wrapper /usr/lib/python2.7/site-packages/oslo_log/helpers.py:66
2018-06-26 07:07:50.666 3752 DEBUG oslo_concurrency.lockutils [req-5c996de3-2e51-438d-850e-f9797695cd7d aa9ab289b900453cbe540da36aa76872 1a35e3b0e18c4eff8ec68ce1f34b28b0 - - -] Lock "event-dispatch" released by "neutron.plugins.ml2.ovo_rpc.dispatch_events" :: held 0.070s inner /usr/lib/python2.7/site-packages/oslo_concurrency/lockutils.py:282
2018-06-26 07:07:50.669 3752 DEBUG neutron.quota.resource [req-5c996de3-2e51-438d-850e-f9797695cd7d aa9ab289b900453cbe540da36aa76872 1a35e3b0e18c4eff8ec68ce1f34b28b0 - default default] Persisted dirty status for tenant:0af8250fda584fe6af17da21d9da3102 on resource:subnet mark_dirty /usr/lib/python2.7/site-packages/neutron/quota/resource.py:207
2018-06-26 07:07:50.673 3752 DEBUG neutron.quota.resource [req-5c996de3-2e51-438d-850e-f9797695cd7d aa9ab289b900453cbe540da36aa76872 1a35e3b0e18c4eff8ec68ce1f34b28b0 - default default] Persisted dirty status for tenant:0af8250fda584fe6af17da21d9da3102 on resource:network mark_dirty /usr/lib/python2.7/site-packages/neutron/quota/resource.py:207
2018-06-26 07:07:50.686 3752 DEBUG neutron.quota.resource [req-5c996de3-2e51-438d-850e-f9797695cd7d aa9ab289b900453cbe540da36aa76872 1a35e3b0e18c4eff8ec68ce1f34b28b0 - default default] Persisted dirty status for tenant:0af8250fda584fe6af17da21d9da3102 on resource:port mark_dirty /usr/lib/python2.7/site-packages/neutron/quota/resource.py:207
2018-06-26 07:07:50.695 3752 INFO neutron.wsgi [req-5c996de3-2e51-438d-850e-f9797695cd7d aa9ab289b900453cbe540da36aa76872 1a35e3b0e18c4eff8ec68ce1f34b28b0 - default default] 10.0.20.24 "DELETE /v2.0/networks/b9fa00ab-5096-4663-a5b7-df7a6b173d29 HTTP/1.1" status: 204  len: 173 time: 4.2907450
2018-06-26 07:07:56.350 3752 DEBUG neutron.wsgi [-] (3752) accepted ('10.0.20.24', 36780) server /usr/lib/python2.7/site-packages/eventlet/wsgi.py:883
2018-06-26 07:07:56.354 3752 INFO neutron.wsgi [-] 10.0.20.24 "GET / HTTP/1.1" status: 200  len: 252 time: 0.0021451
2018-06-26 07:07:56.787 3752 INFO neutron.api.v2.resource [req-17331c9f-2a2e-4400-8298-31557b926f6a aa9ab289b900453cbe540da36aa76872 1a35e3b0e18c4eff8ec68ce1f34b28b0 - default default] show failed (client error): The resource could not be found.
2018-06-26 07:07:56.789 3752 INFO neutron.wsgi [req-17331c9f-2a2e-4400-8298-31557b926f6a aa9ab289b900453cbe540da36aa76872 1a35e3b0e18c4eff8ec68ce1f34b28b0 - default default] 10.0.20.24 "GET /v2.0/security-groups/tempest-SECURITY_GROUP_SAMPLE-1529989140 HTTP/1.1" status: 404  len: 360 time: 0.4297380
2018-06-26 07:07:56.983 3752 INFO neutron.wsgi [req-4ee861b9-97b7-46c3-b438-306d33819002 aa9ab289b900453cbe540da36aa76872 1a35e3b0e18c4eff8ec68ce1f34b28b0 - default default] 10.0.20.24 "GET /v2.0/security-groups HTTP/1.1" status: 200  len: 35707 time: 0.1893141
2018-06-26 07:07:57.119 3752 DEBUG neutron_lib.callbacks.manager [req-32a4c7ae-4e9d-400a-93cc-fadf62c969a1 aa9ab289b900453cbe540da36aa76872 1a35e3b0e18c4eff8ec68ce1f34b28b0 - default default] Notify callbacks [] for security_group, before_delete _notify_loop /usr/lib/python2.7/site-packages/neutron_lib/callbacks/manager.py:167
2018-06-26 07:07:57.154 3752 DEBUG neutron_lib.callbacks.manager [req-32a4c7ae-4e9d-400a-93cc-fadf62c969a1 aa9ab289b900453cbe540da36aa76872 1a35e3b0e18c4eff8ec68ce1f34b28b0 - default default] Notify callbacks [] for security_group, precommit_delete _notify_loop /usr/lib/python2.7/site-packages/neutron_lib/callbacks/manager.py:167
2018-06-26 07:07:57.225 3752 DEBUG neutron_lib.callbacks.manager [req-32a4c7ae-4e9d-400a-93cc-fadf62c969a1 aa9ab289b900453cbe540da36aa76872 1a35e3b0e18c4eff8ec68ce1f34b28b0 - default default] Notify callbacks ['neutron.plugins.ml2.ovo_rpc._ObjectChangeHandler.handle_event-3723464'] for security_group, after_delete _notify_loop /usr/lib/python2.7/site-packages/neutron_lib/callbacks/manager.py:167
2018-06-26 07:07:57.233 3752 DEBUG oslo_concurrency.lockutils [-] Lock "event-dispatch" acquired by "neutron.plugins.ml2.ovo_rpc.dispatch_events" :: waited 0.000s inner /usr/lib/python2.7/site-packages/oslo_concurrency/lockutils.py:270
2018-06-26 07:07:57.246 3752 DEBUG neutron.quota.resource [req-32a4c7ae-4e9d-400a-93cc-fadf62c969a1 aa9ab289b900453cbe540da36aa76872 1a35e3b0e18c4eff8ec68ce1f34b28b0 - default default] Persisted dirty status for tenant:0af8250fda584fe6af17da21d9da3102 on resource:security_group_rule mark_dirty /usr/lib/python2.7/site-packages/neutron/quota/resource.py:207
2018-06-26 07:07:57.260 3752 DEBUG neutron.api.rpc.handlers.resources_rpc [req-32a4c7ae-4e9d-400a-93cc-fadf62c969a1 aa9ab289b900453cbe540da36aa76872 1a35e3b0e18c4eff8ec68ce1f34b28b0 - - -] neutron.api.rpc.handlers.resources_rpc.ResourcesPushRpcApi method push called with arguments (<neutron_lib.context.Context object at 0x7f949d2b5ed0>, [SecurityGroup(created_at=<?>,description=<?>,id=9de30f38-87c4-493c-a009-7bf903b28664,is_default=False,name=<?>,project_id=<?>,revision_number=<?>,rules=<?>,updated_at=<?>)], 'deleted') {} wrapper /usr/lib/python2.7/site-packages/oslo_log/helpers.py:66
2018-06-26 07:07:57.282 3752 DEBUG oslo_concurrency.lockutils [req-32a4c7ae-4e9d-400a-93cc-fadf62c969a1 aa9ab289b900453cbe540da36aa76872 1a35e3b0e18c4eff8ec68ce1f34b28b0 - - -] Lock "event-dispatch" released by "neutron.plugins.ml2.ovo_rpc.dispatch_events" :: held 0.049s inner /usr/lib/python2.7/site-packages/oslo_concurrency/lockutils.py:282
2018-06-26 07:07:57.285 3752 DEBUG neutron.quota.resource [req-32a4c7ae-4e9d-400a-93cc-fadf62c969a1 aa9ab289b900453cbe540da36aa76872 1a35e3b0e18c4eff8ec68ce1f34b28b0 - default default] Persisted dirty status for tenant:0af8250fda584fe6af17da21d9da3102 on resource:security_group mark_dirty /usr/lib/python2.7/site-packages/neutron/quota/resource.py:207
2018-06-26 07:07:57.295 3752 DEBUG neutron_lib.callbacks.manager [req-32a4c7ae-4e9d-400a-93cc-fadf62c969a1 aa9ab289b900453cbe540da36aa76872 1a35e3b0e18c4eff8ec68ce1f34b28b0 - default default] Notify callbacks [] for security_group, before_response _notify_loop /usr/lib/python2.7/site-packages/neutron_lib/callbacks/manager.py:167
2018-06-26 07:07:57.297 3752 INFO neutron.wsgi [req-32a4c7ae-4e9d-400a-93cc-fadf62c969a1 aa9ab289b900453cbe540da36aa76872 1a35e3b0e18c4eff8ec68ce1f34b28b0 - default default] 10.0.20.24 "DELETE /v2.0/security-groups/9de30f38-87c4-493c-a009-7bf903b28664 HTTP/1.1" status: 204  len: 173 time: 0.2967169
2018-06-26 07:08:03.984 3762 DEBUG neutron_lib.callbacks.manager [req-1b628277-baaa-4140-8cd5-1bc30c164865 - - - - -] Notify callbacks ['neutron.services.segments.db._update_segment_host_mapping_for_agent-8767267758160'] for agent, after_update _notify_loop /usr/lib/python2.7/site-packages/neutron_lib/callbacks/manager.py:167
2018-06-26 07:08:11.232 3764 DEBUG neutron_lib.callbacks.manager [req-38e7600a-25a7-416a-82a2-89e9ec42cf23 - - - - -] Notify callbacks ['neutron.services.segments.db._update_segment_host_mapping_for_agent-8767267758160'] for agent, after_update _notify_loop /usr/lib/python2.7/site-packages/neutron_lib/callbacks/manager.py:167
2018-06-26 07:08:11.266 3768 DEBUG neutron_lib.callbacks.manager [req-dee2afe5-dbf9-4ee9-8d00-c86e676c954d - - - - -] Notify callbacks ['neutron.services.segments.db._update_segment_host_mapping_for_agent-8767267758160'] for agent, after_update _notify_loop /usr/lib/python2.7/site-packages/neutron_lib/callbacks/manager.py:167
2018-06-26 07:08:11.570 3773 DEBUG neutron.db.agents_db [req-2aeff27c-08cd-4c3d-ae87-add84c74e245 - - - - -] Agent healthcheck: found 5 active agents agent_health_check /usr/lib/python2.7/site-packages/neutron/db/agents_db.py:281
2018-06-26 07:08:11.913 3769 DEBUG neutron_lib.callbacks.manager [req-e50d4737-60bd-47e2-b181-a95898d0c519 - - - - -] Notify callbacks ['neutron.services.segments.db._update_segment_host_mapping_for_agent-8767267758160'] for agent, after_update _notify_loop /usr/lib/python2.7/site-packages/neutron_lib/callbacks/manager.py:167
2018-06-26 07:08:14.462 3771 DEBUG neutron_lib.callbacks.manager [req-2c2afa49-1e13-4307-b005-3eef5bce6c7d - - - - -] Notify callbacks ['neutron.services.segments.db._update_segment_host_mapping_for_agent-8767267758160'] for agent, after_update _notify_loop /usr/lib/python2.7/site-packages/neutron_lib/callbacks/manager.py:167
2018-06-26 07:08:16.070 3763 DEBUG neutron.api.rpc.handlers.dhcp_rpc [req-7bb0db94-7af6-402b-ba3b-4657e4b44cc0 - - - - -] get_active_networks_info from localhost.localdomain get_active_networks_info /usr/lib/python2.7/site-packages/neutron/api/rpc/handlers/dhcp_rpc.py:141
2018-06-26 07:08:27.503 3759 INFO neutron.wsgi [req-5ceeee78-8ec4-4182-893b-53ec2f4e82aa aedb54b83eb2443ea9ea2df4d9851560 e80c8f8d9a994fdcb38348700180bb81 - default default] 10.0.20.24 "GET /v2.0/ports?device_id=bfa2eb87-eb68-480e-aee8-d8cdf4827000 HTTP/1.1" status: 200  len: 210 time: 0.9461751
2018-06-26 07:08:34.003 3770 DEBUG neutron_lib.callbacks.manager [req-1b628277-baaa-4140-8cd5-1bc30c164865 - - - - -] Notify callbacks ['neutron.services.segments.db._update_segment_host_mapping_for_agent-8767267758160'] for agent, after_update _notify_loop /usr/lib/python2.7/site-packages/neutron_lib/callbacks/manager.py:167
2018-06-26 07:08:41.221 3765 DEBUG neutron_lib.callbacks.manager [req-38e7600a-25a7-416a-82a2-89e9ec42cf23 - - - - -] Notify callbacks ['neutron.services.segments.db._update_segment_host_mapping_for_agent-8767267758160'] for agent, after_update _notify_loop /usr/lib/python2.7/site-packages/neutron_lib/callbacks/manager.py:167
2018-06-26 07:08:41.251 3763 DEBUG neutron_lib.callbacks.manager [req-dd430ea7-e37a-43fe-a753-38124001736e - - - - -] Notify callbacks ['neutron.services.segments.db._update_segment_host_mapping_for_agent-8767267758160'] for agent, after_update _notify_loop /usr/lib/python2.7/site-packages/neutron_lib/callbacks/manager.py:167
2018-06-26 07:08:41.897 3766 DEBUG neutron_lib.callbacks.manager [req-8f14ccbb-f7b5-4c4e-b4ff-bcbfdf4f766a - - - - -] Notify callbacks ['neutron.services.segments.db._update_segment_host_mapping_for_agent-8767267758160'] for agent, after_update _notify_loop /usr/lib/python2.7/site-packages/neutron_lib/callbacks/manager.py:167
2018-06-26 07:08:44.456 3762 DEBUG neutron_lib.callbacks.manager [req-2c2afa49-1e13-4307-b005-3eef5bce6c7d - - - - -] Notify callbacks ['neutron.services.segments.db._update_segment_host_mapping_for_agent-8767267758160'] for agent, after_update _notify_loop /usr/lib/python2.7/site-packages/neutron_lib/callbacks/manager.py:167
2018-06-26 07:08:48.579 3773 DEBUG neutron.db.agents_db [req-2aeff27c-08cd-4c3d-ae87-add84c74e245 - - - - -] Agent healthcheck: found 5 active agents agent_health_check /usr/lib/python2.7/site-packages/neutron/db/agents_db.py:281
2018-06-26 07:08:56.735 3759 INFO neutron.wsgi [req-0e804673-0950-436c-bd65-63fbf8041d8d aedb54b83eb2443ea9ea2df4d9851560 e80c8f8d9a994fdcb38348700180bb81 - default default] 10.0.20.24 "GET /v2.0/ports?device_id=bfa2eb87-eb68-480e-aee8-d8cdf4827000 HTTP/1.1" status: 200  len: 210 time: 0.5674021
2018-06-26 07:09:03.983 3764 DEBUG neutron_lib.callbacks.manager [req-1b628277-baaa-4140-8cd5-1bc30c164865 - - - - -] Notify callbacks ['neutron.services.segments.db._update_segment_host_mapping_for_agent-8767267758160'] for agent, after_update _notify_loop /usr/lib/python2.7/site-packages/neutron_lib/callbacks/manager.py:167
2018-06-26 07:09:11.218 3768 DEBUG neutron_lib.callbacks.manager [req-38e7600a-25a7-416a-82a2-89e9ec42cf23 - - - - -] Notify callbacks ['neutron.services.segments.db._update_segment_host_mapping_for_agent-8767267758160'] for agent, after_update _notify_loop /usr/lib/python2.7/site-packages/neutron_lib/callbacks/manager.py:167
2018-06-26 07:09:11.252 3769 DEBUG neutron_lib.callbacks.manager [req-b1e82272-89af-4e5b-9163-0b8c9340c42b - - - - -] Notify callbacks ['neutron.services.segments.db._update_segment_host_mapping_for_agent-8767267758160'] for agent, after_update _notify_loop /usr/lib/python2.7/site-packages/neutron_lib/callbacks/manager.py:167
2018-06-26 07:09:11.892 3771 DEBUG neutron_lib.callbacks.manager [req-be5477af-3540-4ed0-b7c5-9690c3dc0c15 - - - - -] Notify callbacks ['neutron.services.segments.db._update_segment_host_mapping_for_agent-8767267758160'] for agent, after_update _notify_loop /usr/lib/python2.7/site-packages/neutron_lib/callbacks/manager.py:167
2018-06-26 07:09:14.463 3770 DEBUG neutron_lib.callbacks.manager [req-2c2afa49-1e13-4307-b005-3eef5bce6c7d - - - - -] Notify callbacks ['neutron.services.segments.db._update_segment_host_mapping_for_agent-8767267758160'] for agent, after_update _notify_loop /usr/lib/python2.7/site-packages/neutron_lib/callbacks/manager.py:167
2018-06-26 07:09:25.577 3773 DEBUG neutron.db.agents_db [req-2aeff27c-08cd-4c3d-ae87-add84c74e245 - - - - -] Agent healthcheck: found 5 active agents agent_health_check /usr/lib/python2.7/site-packages/neutron/db/agents_db.py:281
2018-06-26 07:09:34.010 3765 DEBUG neutron_lib.callbacks.manager [req-1b628277-baaa-4140-8cd5-1bc30c164865 - - - - -] Notify callbacks ['neutron.services.segments.db._update_segment_host_mapping_for_agent-8767267758160'] for agent, after_update _notify_loop /usr/lib/python2.7/site-packages/neutron_lib/callbacks/manager.py:167
2018-06-26 07:09:41.215 3763 DEBUG neutron_lib.callbacks.manager [req-38e7600a-25a7-416a-82a2-89e9ec42cf23 - - - - -] Notify callbacks ['neutron.services.segments.db._update_segment_host_mapping_for_agent-8767267758160'] for agent, after_update _notify_loop /usr/lib/python2.7/site-packages/neutron_lib/callbacks/manager.py:167
2018-06-26 07:09:41.251 3766 DEBUG neutron_lib.callbacks.manager [req-f8728ad3-7a44-4c91-82f5-af463e0ae7a8 - - - - -] Notify callbacks ['neutron.services.segments.db._update_segment_host_mapping_for_agent-8767267758160'] for agent, after_update _notify_loop /usr/lib/python2.7/site-packages/neutron_lib/callbacks/manager.py:167
2018-06-26 07:09:41.901 3762 DEBUG neutron_lib.callbacks.manager [req-88a9ed65-abe3-4400-b25e-2e60795bd870 - - - - -] Notify callbacks ['neutron.services.segments.db._update_segment_host_mapping_for_agent-8767267758160'] for agent, after_update _notify_loop /usr/lib/python2.7/site-packages/neutron_lib/callbacks/manager.py:167
2018-06-26 07:09:44.478 3764 DEBUG neutron_lib.callbacks.manager [req-2c2afa49-1e13-4307-b005-3eef5bce6c7d - - - - -] Notify callbacks ['neutron.services.segments.db._update_segment_host_mapping_for_agent-8767267758160'] for agent, after_update _notify_loop /usr/lib/python2.7/site-packages/neutron_lib/callbacks/manager.py:167
2018-06-26 07:10:02.580 3773 DEBUG neutron.db.agents_db [req-2aeff27c-08cd-4c3d-ae87-add84c74e245 - - - - -] Agent healthcheck: found 5 active agents agent_health_check /usr/lib/python2.7/site-packages/neutron/db/agents_db.py:281
2018-06-26 07:10:03.989 3768 DEBUG neutron_lib.callbacks.manager [req-1b628277-baaa-4140-8cd5-1bc30c164865 - - - - -] Notify callbacks ['neutron.services.segments.db._update_segment_host_mapping_for_agent-8767267758160'] for agent, after_update _notify_loop /usr/lib/python2.7/site-packages/neutron_lib/callbacks/manager.py:167
2018-06-26 07:10:11.219 3769 DEBUG neutron_lib.callbacks.manager [req-38e7600a-25a7-416a-82a2-89e9ec42cf23 - - - - -] Notify callbacks ['neutron.services.segments.db._update_segment_host_mapping_for_agent-8767267758160'] for agent, after_update _notify_loop /usr/lib/python2.7/site-packages/neutron_lib/callbacks/manager.py:167
2018-06-26 07:10:11.251 3771 DEBUG neutron_lib.callbacks.manager [req-f9938f66-3a8d-4e14-b0bd-2b6738acce52 - - - - -] Notify callbacks ['neutron.services.segments.db._update_segment_host_mapping_for_agent-8767267758160'] for agent, after_update _notify_loop /usr/lib/python2.7/site-packages/neutron_lib/callbacks/manager.py:167
2018-06-26 07:10:11.905 3770 DEBUG neutron_lib.callbacks.manager [req-808b493b-1b98-406e-931c-c8648101b48e - - - - -] Notify callbacks ['neutron.services.segments.db._update_segment_host_mapping_for_agent-8767267758160'] for agent, after_update _notify_loop /usr/lib/python2.7/site-packages/neutron_lib/callbacks/manager.py:167
2018-06-26 07:10:14.480 3765 DEBUG neutron_lib.callbacks.manager [req-2c2afa49-1e13-4307-b005-3eef5bce6c7d - - - - -] Notify callbacks ['neutron.services.segments.db._update_segment_host_mapping_for_agent-8767267758160'] for agent, after_update _notify_loop /usr/lib/python2.7/site-packages/neutron_lib/callbacks/manager.py:167
2018-06-26 07:10:33.982 3763 DEBUG neutron_lib.callbacks.manager [req-1b628277-baaa-4140-8cd5-1bc30c164865 - - - - -] Notify callbacks ['neutron.services.segments.db._update_segment_host_mapping_for_agent-8767267758160'] for agent, after_update _notify_loop /usr/lib/python2.7/site-packages/neutron_lib/callbacks/manager.py:167
2018-06-26 07:10:39.583 3773 DEBUG neutron.db.agents_db [req-2aeff27c-08cd-4c3d-ae87-add84c74e245 - - - - -] Agent healthcheck: found 5 active agents agent_health_check /usr/lib/python2.7/site-packages/neutron/db/agents_db.py:281
2018-06-26 07:10:41.222 3766 DEBUG neutron_lib.callbacks.manager [req-38e7600a-25a7-416a-82a2-89e9ec42cf23 - - - - -] Notify callbacks ['neutron.services.segments.db._update_segment_host_mapping_for_agent-8767267758160'] for agent, after_update _notify_loop /usr/lib/python2.7/site-packages/neutron_lib/callbacks/manager.py:167
2018-06-26 07:10:41.253 3762 DEBUG neutron_lib.callbacks.manager [req-bafde7cb-3c06-45f2-a04d-170a24c9aa46 - - - - -] Notify callbacks ['neutron.services.segments.db._update_segment_host_mapping_for_agent-8767267758160'] for agent, after_update _notify_loop /usr/lib/python2.7/site-packages/neutron_lib/callbacks/manager.py:167
2018-06-26 07:10:41.905 3764 DEBUG neutron_lib.callbacks.manager [req-8debab7c-ed08-46b8-a733-79623247c390 - - - - -] Notify callbacks ['neutron.services.segments.db._update_segment_host_mapping_for_agent-8767267758160'] for agent, after_update _notify_loop /usr/lib/python2.7/site-packages/neutron_lib/callbacks/manager.py:167
2018-06-26 07:10:44.482 3768 DEBUG neutron_lib.callbacks.manager [req-2c2afa49-1e13-4307-b005-3eef5bce6c7d - - - - -] Notify callbacks ['neutron.services.segments.db._update_segment_host_mapping_for_agent-8767267758160'] for agent, after_update _notify_loop /usr/lib/python2.7/site-packages/neutron_lib/callbacks/manager.py:167
2018-06-26 07:10:57.440 3750 DEBUG neutron.wsgi [req-d4a5a26c-1d0a-4175-a52f-c33daa54ee16 5890a01f91614c928c650e60460b0cc2 e80c8f8d9a994fdcb38348700180bb81 - default default] (3750) timed out ('10.0.20.24', 44882) process_request /usr/lib/python2.7/site-packages/eventlet/wsgi.py:739
