2018-06-26 07:04:41.871 3752 INFO neutron.wsgi [req-0e5c4e92-b41d-4e59-b717-82e752934e6a 5890a01f91614c928c650e60460b0cc2 e80c8f8d9a994fdcb38348700180bb81 - default default] 10.0.20.24 "GET /v2.0/floatingips?fixed_ip_address=11.20.1.7&port_id=c1b18174-cfa0-40fe-bc44-c7810f6b08ce HTTP/1.1" status: 200  len: 750 time: 0.0411210
2018-06-26 07:04:41.894 3771 DEBUG neutron_lib.callbacks.manager [req-c4da44c7-d4f1-4ca5-bf6f-8b3308ccdcc3 - - - - -] Notify callbacks ['neutron.services.segments.db._update_segment_host_mapping_for_agent-8767267758160'] for agent, after_update _notify_loop /usr/lib/python2.7/site-packages/neutron_lib/callbacks/manager.py:167
2018-06-26 07:04:42.017 3752 DEBUG neutron.pecan_wsgi.hooks.policy_enforcement [req-75689484-2344-4b49-af66-8d23460197ac 5890a01f91614c928c650e60460b0cc2 e80c8f8d9a994fdcb38348700180bb81 - default default] Attributes excluded by policy engine: [u'shared'] _exclude_attributes_by_policy /usr/lib/python2.7/site-packages/neutron/pecan_wsgi/hooks/policy_enforcement.py:256
2018-06-26 07:04:42.019 3752 INFO neutron.wsgi [req-75689484-2344-4b49-af66-8d23460197ac 5890a01f91614c928c650e60460b0cc2 e80c8f8d9a994fdcb38348700180bb81 - default default] 10.0.20.24 "GET /v2.0/subnets?id=f2964a03-6efe-4a4e-975c-dd56a182d083 HTTP/1.1" status: 200  len: 843 time: 0.1414490
2018-06-26 07:04:42.258 3752 INFO neutron.wsgi [req-a40f782e-ddce-4142-bcb5-98766ce9253f 5890a01f91614c928c650e60460b0cc2 e80c8f8d9a994fdcb38348700180bb81 - default default] 10.0.20.24 "GET /v2.0/ports?network_id=b9fa00ab-5096-4663-a5b7-df7a6b173d29&device_owner=network%3Adhcp HTTP/1.1" status: 200  len: 1127 time: 0.2321548
2018-06-26 07:04:44.457 3770 DEBUG neutron_lib.callbacks.manager [req-2c2afa49-1e13-4307-b005-3eef5bce6c7d - - - - -] Notify callbacks ['neutron.services.segments.db._update_segment_host_mapping_for_agent-8767267758160'] for agent, after_update _notify_loop /usr/lib/python2.7/site-packages/neutron_lib/callbacks/manager.py:167
2018-06-26 07:04:45.585 3755 INFO neutron.wsgi [req-9efe3e5d-001c-45b9-b893-6fe8318372ce bd5deaad658540b39c06763bf0b40961 0af8250fda584fe6af17da21d9da3102 - 7a0036232b294be4a9efb7826df24168 7a0036232b294be4a9efb7826df24168] 10.0.20.24 "GET /v2.0/ports?device_id=bfa2eb87-eb68-480e-aee8-d8cdf4827000 HTTP/1.1" status: 200  len: 1123 time: 0.5500491
2018-06-26 07:04:45.680 3755 INFO neutron.wsgi [req-6febf85f-38c4-45b5-a120-90051ab1f74c bd5deaad658540b39c06763bf0b40961 0af8250fda584fe6af17da21d9da3102 - 7a0036232b294be4a9efb7826df24168 7a0036232b294be4a9efb7826df24168] 10.0.20.24 "GET /v2.0/security-groups?id=9de30f38-87c4-493c-a009-7bf903b28664 HTTP/1.1" status: 200  len: 2118 time: 0.0884762
2018-06-26 07:04:58.578 3755 INFO neutron.wsgi [req-845a1232-3d8d-41a3-8d81-aab55efd3b5e bd5deaad658540b39c06763bf0b40961 0af8250fda584fe6af17da21d9da3102 - 7a0036232b294be4a9efb7826df24168 7a0036232b294be4a9efb7826df24168] 10.0.20.24 "GET /v2.0/ports?device_id=bfa2eb87-eb68-480e-aee8-d8cdf4827000 HTTP/1.1" status: 200  len: 1123 time: 0.5392699
2018-06-26 07:04:58.700 3755 INFO neutron.wsgi [req-ad715c46-b783-4530-bba2-8bb6fb6c7daf bd5deaad658540b39c06763bf0b40961 0af8250fda584fe6af17da21d9da3102 - 7a0036232b294be4a9efb7826df24168 7a0036232b294be4a9efb7826df24168] 10.0.20.24 "GET /v2.0/security-groups?id=9de30f38-87c4-493c-a009-7bf903b28664 HTTP/1.1" status: 200  len: 2118 time: 0.1150501
2018-06-26 07:05:04.009 3765 DEBUG neutron_lib.callbacks.manager [req-1b628277-baaa-4140-8cd5-1bc30c164865 - - - - -] Notify callbacks ['neutron.services.segments.db._update_segment_host_mapping_for_agent-8767267758160'] for agent, after_update _notify_loop /usr/lib/python2.7/site-packages/neutron_lib/callbacks/manager.py:167
2018-06-26 07:05:06.566 3773 DEBUG neutron.db.agents_db [req-2aeff27c-08cd-4c3d-ae87-add84c74e245 - - - - -] Agent healthcheck: found 5 active agents agent_health_check /usr/lib/python2.7/site-packages/neutron/db/agents_db.py:281
2018-06-26 07:05:10.559 3755 INFO neutron.wsgi [req-66817971-8cb6-4373-81ac-8fa29ea9632d bd5deaad658540b39c06763bf0b40961 0af8250fda584fe6af17da21d9da3102 - 7a0036232b294be4a9efb7826df24168 7a0036232b294be4a9efb7826df24168] 10.0.20.24 "GET /v2.0/ports?device_id=bfa2eb87-eb68-480e-aee8-d8cdf4827000 HTTP/1.1" status: 200  len: 1123 time: 0.5923259
2018-06-26 07:05:10.691 3755 INFO neutron.wsgi [req-49f2b946-013b-49a7-a230-45a171ee3ea5 bd5deaad658540b39c06763bf0b40961 0af8250fda584fe6af17da21d9da3102 - 7a0036232b294be4a9efb7826df24168 7a0036232b294be4a9efb7826df24168] 10.0.20.24 "GET /v2.0/security-groups?id=9de30f38-87c4-493c-a009-7bf903b28664 HTTP/1.1" status: 200  len: 2118 time: 0.1259971
2018-06-26 07:05:11.199 3763 DEBUG neutron_lib.callbacks.manager [req-38e7600a-25a7-416a-82a2-89e9ec42cf23 - - - - -] Notify callbacks ['neutron.services.segments.db._update_segment_host_mapping_for_agent-8767267758160'] for agent, after_update _notify_loop /usr/lib/python2.7/site-packages/neutron_lib/callbacks/manager.py:167
2018-06-26 07:05:11.244 3766 DEBUG neutron_lib.callbacks.manager [req-1b002389-cf77-4457-a891-9addf3562b2e - - - - -] Notify callbacks ['neutron.services.segments.db._update_segment_host_mapping_for_agent-8767267758160'] for agent, after_update _notify_loop /usr/lib/python2.7/site-packages/neutron_lib/callbacks/manager.py:167
2018-06-26 07:05:11.336 3752 INFO neutron.wsgi [req-f7be7c6e-28d7-434c-8eaa-3843607cf138 5890a01f91614c928c650e60460b0cc2 e80c8f8d9a994fdcb38348700180bb81 - default default] 10.0.20.24 "GET /v2.0/ports?tenant_id=0af8250fda584fe6af17da21d9da3102&device_id=bfa2eb87-eb68-480e-aee8-d8cdf4827000 HTTP/1.1" status: 200  len: 1123 time: 0.1178060
2018-06-26 07:05:11.571 3752 DEBUG neutron.pecan_wsgi.hooks.policy_enforcement [req-16eda425-1a5f-4713-b775-0757c698297a 5890a01f91614c928c650e60460b0cc2 e80c8f8d9a994fdcb38348700180bb81 - default default] Attributes excluded by policy engine: [u'vlan_transparent'] _exclude_attributes_by_policy /usr/lib/python2.7/site-packages/neutron/pecan_wsgi/hooks/policy_enforcement.py:256
2018-06-26 07:05:11.573 3752 INFO neutron.wsgi [req-16eda425-1a5f-4713-b775-0757c698297a 5890a01f91614c928c650e60460b0cc2 e80c8f8d9a994fdcb38348700180bb81 - default default] 10.0.20.24 "GET /v2.0/networks?id=b9fa00ab-5096-4663-a5b7-df7a6b173d29 HTTP/1.1" status: 200  len: 885 time: 0.2308590
2018-06-26 07:05:11.621 3752 INFO neutron.wsgi [req-8633b333-7f70-4344-b30f-a0b966c2bd50 5890a01f91614c928c650e60460b0cc2 e80c8f8d9a994fdcb38348700180bb81 - default default] 10.0.20.24 "GET /v2.0/floatingips?fixed_ip_address=11.20.1.7&port_id=c1b18174-cfa0-40fe-bc44-c7810f6b08ce HTTP/1.1" status: 200  len: 750 time: 0.0396729
2018-06-26 07:05:11.878 3762 DEBUG neutron_lib.callbacks.manager [req-bd8b0b2f-e3ee-4af6-81f3-3044e569c7f5 - - - - -] Notify callbacks ['neutron.services.segments.db._update_segment_host_mapping_for_agent-8767267758160'] for agent, after_update _notify_loop /usr/lib/python2.7/site-packages/neutron_lib/callbacks/manager.py:167
2018-06-26 07:05:11.973 3752 DEBUG neutron.pecan_wsgi.hooks.policy_enforcement [req-43dc0229-4bcc-4241-8502-c51e0b0624e1 5890a01f91614c928c650e60460b0cc2 e80c8f8d9a994fdcb38348700180bb81 - default default] Attributes excluded by policy engine: [u'shared'] _exclude_attributes_by_policy /usr/lib/python2.7/site-packages/neutron/pecan_wsgi/hooks/policy_enforcement.py:256
2018-06-26 07:05:11.976 3752 INFO neutron.wsgi [req-43dc0229-4bcc-4241-8502-c51e0b0624e1 5890a01f91614c928c650e60460b0cc2 e80c8f8d9a994fdcb38348700180bb81 - default default] 10.0.20.24 "GET /v2.0/subnets?id=f2964a03-6efe-4a4e-975c-dd56a182d083 HTTP/1.1" status: 200  len: 843 time: 0.3495271
2018-06-26 07:05:12.114 3752 INFO neutron.wsgi [req-9afac5a3-5bda-40d4-8722-3220c435243f 5890a01f91614c928c650e60460b0cc2 e80c8f8d9a994fdcb38348700180bb81 - default default] 10.0.20.24 "GET /v2.0/ports?network_id=b9fa00ab-5096-4663-a5b7-df7a6b173d29&device_owner=network%3Adhcp HTTP/1.1" status: 200  len: 1127 time: 0.1322579
2018-06-26 07:05:14.228 3770 DEBUG neutron.plugins.ml2.rpc [req-1b628277-baaa-4140-8cd5-1bc30c164865 - - - - -] Device c1b18174-cfa0-40fe-bc44-c7810f6b08ce no longer exists at agent ovs-agent-localhost.localdomain update_device_down /usr/lib/python2.7/site-packages/neutron/plugins/ml2/rpc.py:213
2018-06-26 07:05:14.439 3764 DEBUG neutron_lib.callbacks.manager [req-2c2afa49-1e13-4307-b005-3eef5bce6c7d - - - - -] Notify callbacks ['neutron.services.segments.db._update_segment_host_mapping_for_agent-8767267758160'] for agent, after_update _notify_loop /usr/lib/python2.7/site-packages/neutron_lib/callbacks/manager.py:167
2018-06-26 07:05:14.440 3770 DEBUG neutron_lib.callbacks.manager [req-1b628277-baaa-4140-8cd5-1bc30c164865 - - - - -] Notify callbacks ['neutron.plugins.ml2.plugin.Ml2Plugin._ensure_default_security_group_handler--9223372036853862262'] for port, before_update _notify_loop /usr/lib/python2.7/site-packages/neutron_lib/callbacks/manager.py:167
2018-06-26 07:05:14.509 3770 DEBUG oslo_concurrency.lockutils [-] Lock "notifier-5a871e9a-f813-4279-9b12-0ca0a54eaf36" acquired by "neutron.notifiers.batch_notifier.synced_send" :: waited 0.000s inner /usr/lib/python2.7/site-packages/oslo_concurrency/lockutils.py:270
2018-06-26 07:05:14.510 3770 DEBUG neutron.notifiers.nova [-] Sending events: [{'status': 'completed', 'tag': u'c1b18174-cfa0-40fe-bc44-c7810f6b08ce', 'name': 'network-vif-unplugged', 'server_uuid': u'bfa2eb87-eb68-480e-aee8-d8cdf4827000'}] send_events /usr/lib/python2.7/site-packages/neutron/notifiers/nova.py:242
2018-06-26 07:05:14.519 3770 DEBUG neutron.plugins.ml2.db [req-1b628277-baaa-4140-8cd5-1bc30c164865 - - - - -] For port c1b18174-cfa0-40fe-bc44-c7810f6b08ce, host localhost.localdomain, got binding levels [<neutron.plugins.ml2.models.PortBindingLevel[object at 7f949d2ae110] {port_id=u'c1b18174-cfa0-40fe-bc44-c7810f6b08ce', host=u'localhost.localdomain', level=0, driver=u'openvswitch', segment_id=u'cfff2790-1e18-4a3d-9b11-68b564d21b72'}>] get_binding_levels /usr/lib/python2.7/site-packages/neutron/plugins/ml2/db.py:106
2018-06-26 07:05:14.525 3770 DEBUG neutron_lib.callbacks.manager [req-1b628277-baaa-4140-8cd5-1bc30c164865 - - - - -] Notify callbacks ['neutron.api.rpc.agentnotifiers.dhcp_rpc_agent_api.DhcpAgentNotifyAPI._native_event_send_dhcp_notification--9223372036850948103', 'neutron.plugins.ml2.plugin.Ml2Plugin.notify_sg_on_port_change-913663', 'neutron.plugins.ml2.ovo_rpc._ObjectChangeHandler.handle_event-3723264', 'neutron.db.l3_dvrscheduler_db._notify_l3_agent_port_update--9223363269587378195', 'neutron.db.l3_hascheduler_db._notify_l3_agent_ha_port_update-8767267423297'] for port, after_update _notify_loop /usr/lib/python2.7/site-packages/neutron_lib/callbacks/manager.py:167
2018-06-26 07:05:14.551 3770 DEBUG oslo_concurrency.lockutils [-] Lock "event-dispatch" acquired by "neutron.plugins.ml2.ovo_rpc.dispatch_events" :: waited 0.000s inner /usr/lib/python2.7/site-packages/oslo_concurrency/lockutils.py:270
2018-06-26 07:05:14.673 3770 DEBUG neutron.api.rpc.handlers.resources_rpc [req-1b628277-baaa-4140-8cd5-1bc30c164865 - - - - -] neutron.api.rpc.handlers.resources_rpc.ResourcesPushRpcApi method push called with arguments (<neutron_lib.context.Context object at 0x7f949ceb8990>, [Port(admin_state_up=True,allowed_address_pairs=[],binding=PortBinding,binding_levels=[PortBindingLevel],created_at=2018-06-26T05:02:21Z,data_plane_status=<?>,description='',device_id='bfa2eb87-eb68-480e-aee8-d8cdf4827000',device_owner='compute:nova',dhcp_options=[],distributed_binding=None,dns=None,fixed_ips=[IPAllocation],id=c1b18174-cfa0-40fe-bc44-c7810f6b08ce,mac_address=fa:16:3e:19:bc:d0,name='',network_id=b9fa00ab-5096-4663-a5b7-df7a6b173d29,project_id='0af8250fda584fe6af17da21d9da3102',qos_policy_id=None,revision_number=7,security=PortSecurity(c1b18174-cfa0-40fe-bc44-c7810f6b08ce),security_group_ids=set([9de30f38-87c4-493c-a009-7bf903b28664]),status='DOWN',updated_at=2018-06-26T05:05:14Z)], 'updated') {} wrapper /usr/lib/python2.7/site-packages/oslo_log/helpers.py:66
2018-06-26 07:05:14.681 3770 DEBUG neutron.api.rpc.callbacks.version_manager [req-1b628277-baaa-4140-8cd5-1bc30c164865 - - - - -] Version for resource type Subnet changed None to 1.0 on consumer Open vSwitch agent@localhost.localdomain _set_version /usr/lib/python2.7/site-packages/neutron/api/rpc/callbacks/version_manager.py:119
2018-06-26 07:05:14.682 3770 DEBUG neutron.api.rpc.callbacks.version_manager [req-1b628277-baaa-4140-8cd5-1bc30c164865 - - - - -] Version for resource type Network changed None to 1.0 on consumer Open vSwitch agent@localhost.localdomain _set_version /usr/lib/python2.7/site-packages/neutron/api/rpc/callbacks/version_manager.py:119
2018-06-26 07:05:14.683 3770 DEBUG neutron.api.rpc.callbacks.version_manager [req-1b628277-baaa-4140-8cd5-1bc30c164865 - - - - -] Version for resource type SubPort changed None to 1.0 on consumer Open vSwitch agent@localhost.localdomain _set_version /usr/lib/python2.7/site-packages/neutron/api/rpc/callbacks/version_manager.py:119
2018-06-26 07:05:14.684 3770 DEBUG neutron.api.rpc.callbacks.version_manager [req-1b628277-baaa-4140-8cd5-1bc30c164865 - - - - -] Version for resource type SecurityGroup changed None to 1.0 on consumer Open vSwitch agent@localhost.localdomain _set_version /usr/lib/python2.7/site-packages/neutron/api/rpc/callbacks/version_manager.py:119
2018-06-26 07:05:14.685 3770 DEBUG neutron.api.rpc.callbacks.version_manager [req-1b628277-baaa-4140-8cd5-1bc30c164865 - - - - -] Version for resource type SecurityGroupRule changed None to 1.0 on consumer Open vSwitch agent@localhost.localdomain _set_version /usr/lib/python2.7/site-packages/neutron/api/rpc/callbacks/version_manager.py:119
2018-06-26 07:05:14.685 3770 DEBUG neutron.api.rpc.callbacks.version_manager [req-1b628277-baaa-4140-8cd5-1bc30c164865 - - - - -] Version for resource type Trunk changed None to 1.1 on consumer Open vSwitch agent@localhost.localdomain _set_version /usr/lib/python2.7/site-packages/neutron/api/rpc/callbacks/version_manager.py:119
2018-06-26 07:05:14.686 3770 DEBUG neutron.api.rpc.callbacks.version_manager [req-1b628277-baaa-4140-8cd5-1bc30c164865 - - - - -] Version for resource type QosPolicy changed None to 1.6 on consumer Open vSwitch agent@localhost.localdomain _set_version /usr/lib/python2.7/site-packages/neutron/api/rpc/callbacks/version_manager.py:119
2018-06-26 07:05:14.686 3770 DEBUG neutron.api.rpc.callbacks.version_manager [req-1b628277-baaa-4140-8cd5-1bc30c164865 - - - - -] Version for resource type Port changed None to 1.1 on consumer Open vSwitch agent@localhost.localdomain _set_version /usr/lib/python2.7/site-packages/neutron/api/rpc/callbacks/version_manager.py:119
2018-06-26 07:05:14.686 3770 DEBUG neutron.api.rpc.callbacks.version_manager [req-1b628277-baaa-4140-8cd5-1bc30c164865 - - - - -] Version for resource type Log changed None to 1.0 on consumer Open vSwitch agent@localhost.localdomain _set_version /usr/lib/python2.7/site-packages/neutron/api/rpc/callbacks/version_manager.py:119
2018-06-26 07:05:14.699 3770 DEBUG oslo_concurrency.lockutils [req-1b628277-baaa-4140-8cd5-1bc30c164865 - - - - -] Lock "event-dispatch" released by "neutron.plugins.ml2.ovo_rpc.dispatch_events" :: held 0.148s inner /usr/lib/python2.7/site-packages/oslo_concurrency/lockutils.py:282
2018-06-26 07:05:15.309 3770 DEBUG novaclient.v2.client [-] REQ: curl -g -i -X POST http://10.0.20.24:8774/v2.1/e80c8f8d9a994fdcb38348700180bb81/os-server-external-events -H "User-Agent: python-novaclient" -H "Content-Type: application/json" -H "Accept: application/json" -H "X-OpenStack-Nova-API-Version: 2.1" -H "X-Auth-Token: {SHA1}19c0c6930fa67ff7e87baed2c7cfa6c303079732" -d '{"events": [{"status": "completed", "tag": "c1b18174-cfa0-40fe-bc44-c7810f6b08ce", "name": "network-vif-unplugged", "server_uuid": "bfa2eb87-eb68-480e-aee8-d8cdf4827000"}]}' _http_log_request /usr/lib/python2.7/site-packages/keystoneauth1/session.py:375
2018-06-26 07:05:15.924 3770 DEBUG novaclient.v2.client [-] RESP: [200] Content-Length: 185 Content-Type: application/json Openstack-Api-Version: compute 2.1 X-Openstack-Nova-Api-Version: 2.1 Vary: OpenStack-API-Version, X-OpenStack-Nova-API-Version X-Openstack-Request-Id: req-727e6bd7-294f-4bbe-beb1-4e18ad94809c X-Compute-Request-Id: req-727e6bd7-294f-4bbe-beb1-4e18ad94809c Date: Tue, 26 Jun 2018 05:05:15 GMT Connection: keep-alive 
RESP BODY: {"events": [{"status": "completed", "tag": "c1b18174-cfa0-40fe-bc44-c7810f6b08ce", "name": "network-vif-unplugged", "server_uuid": "bfa2eb87-eb68-480e-aee8-d8cdf4827000", "code": 200}]}
 _http_log_response /usr/lib/python2.7/site-packages/keystoneauth1/session.py:423
2018-06-26 07:05:15.924 3770 DEBUG novaclient.v2.client [-] POST call to compute for http://10.0.20.24:8774/v2.1/e80c8f8d9a994fdcb38348700180bb81/os-server-external-events used request id req-727e6bd7-294f-4bbe-beb1-4e18ad94809c request /usr/lib/python2.7/site-packages/keystoneauth1/session.py:727
2018-06-26 07:05:15.932 3770 INFO neutron.notifiers.nova [-] Nova event response: {u'status': u'completed', u'tag': u'c1b18174-cfa0-40fe-bc44-c7810f6b08ce', u'name': u'network-vif-unplugged', u'server_uuid': u'bfa2eb87-eb68-480e-aee8-d8cdf4827000', u'code': 200}
2018-06-26 07:05:17.933 3770 DEBUG oslo_concurrency.lockutils [-] Lock "notifier-5a871e9a-f813-4279-9b12-0ca0a54eaf36" released by "neutron.notifiers.batch_notifier.synced_send" :: held 3.424s inner /usr/lib/python2.7/site-packages/oslo_concurrency/lockutils.py:282
2018-06-26 07:05:18.316 3764 DEBUG neutron.plugins.ml2.rpc [req-1b628277-baaa-4140-8cd5-1bc30c164865 - - - - -] Device c1b18174-cfa0-40fe-bc44-c7810f6b08ce up at agent ovs-agent-localhost.localdomain update_device_up /usr/lib/python2.7/site-packages/neutron/plugins/ml2/rpc.py:244
2018-06-26 07:05:18.494 3764 DEBUG neutron.db.provisioning_blocks [req-1b628277-baaa-4140-8cd5-1bc30c164865 - - - - -] Provisioning complete for port c1b18174-cfa0-40fe-bc44-c7810f6b08ce triggered by entity L2. provisioning_complete /usr/lib/python2.7/site-packages/neutron/db/provisioning_blocks.py:138
2018-06-26 07:05:18.496 3764 DEBUG neutron_lib.callbacks.manager [req-1b628277-baaa-4140-8cd5-1bc30c164865 - - - - -] Notify callbacks ['neutron.plugins.ml2.plugin.Ml2Plugin._port_provisioned-704974'] for port, provisioning_complete _notify_loop /usr/lib/python2.7/site-packages/neutron_lib/callbacks/manager.py:167
2018-06-26 07:05:18.772 3757 INFO neutron.wsgi [req-465fae19-84b2-4d1a-9703-6a9abb01f5c7 bd5deaad658540b39c06763bf0b40961 0af8250fda584fe6af17da21d9da3102 - 7a0036232b294be4a9efb7826df24168 7a0036232b294be4a9efb7826df24168] 10.0.20.24 "GET /v2.0/ports?device_id=bfa2eb87-eb68-480e-aee8-d8cdf4827000 HTTP/1.1" status: 200  len: 1121 time: 1.1218381
2018-06-26 07:05:18.872 3764 DEBUG neutron_lib.callbacks.manager [req-1b628277-baaa-4140-8cd5-1bc30c164865 - - - - -] Notify callbacks ['neutron.plugins.ml2.plugin.Ml2Plugin._ensure_default_security_group_handler--9223372036853862262'] for port, before_update _notify_loop /usr/lib/python2.7/site-packages/neutron_lib/callbacks/manager.py:167
2018-06-26 07:05:19.069 3764 DEBUG oslo_concurrency.lockutils [-] Lock "notifier-5a871e9a-f813-4279-9b12-0ca0a54eaf36" acquired by "neutron.notifiers.batch_notifier.synced_send" :: waited 0.000s inner /usr/lib/python2.7/site-packages/oslo_concurrency/lockutils.py:270
2018-06-26 07:05:19.070 3764 DEBUG neutron.notifiers.nova [-] Sending events: [{'status': 'completed', 'tag': u'c1b18174-cfa0-40fe-bc44-c7810f6b08ce', 'name': 'network-vif-plugged', 'server_uuid': u'bfa2eb87-eb68-480e-aee8-d8cdf4827000'}] send_events /usr/lib/python2.7/site-packages/neutron/notifiers/nova.py:242
2018-06-26 07:05:19.082 3764 DEBUG neutron.plugins.ml2.db [req-1b628277-baaa-4140-8cd5-1bc30c164865 - - - - -] For port c1b18174-cfa0-40fe-bc44-c7810f6b08ce, host localhost.localdomain, got binding levels [<neutron.plugins.ml2.models.PortBindingLevel[object at 7f949cba0690] {port_id=u'c1b18174-cfa0-40fe-bc44-c7810f6b08ce', host=u'localhost.localdomain', level=0, driver=u'openvswitch', segment_id=u'cfff2790-1e18-4a3d-9b11-68b564d21b72'}>] get_binding_levels /usr/lib/python2.7/site-packages/neutron/plugins/ml2/db.py:106
2018-06-26 07:05:19.085 3757 INFO neutron.wsgi [req-d0837f55-c673-4a9d-86b0-0d0bf7011a0c bd5deaad658540b39c06763bf0b40961 0af8250fda584fe6af17da21d9da3102 - 7a0036232b294be4a9efb7826df24168 7a0036232b294be4a9efb7826df24168] 10.0.20.24 "GET /v2.0/security-groups?id=9de30f38-87c4-493c-a009-7bf903b28664 HTTP/1.1" status: 200  len: 2118 time: 0.3011839
2018-06-26 07:05:19.139 3764 DEBUG neutron_lib.callbacks.manager [req-1b628277-baaa-4140-8cd5-1bc30c164865 - - - - -] Notify callbacks ['neutron.api.rpc.agentnotifiers.dhcp_rpc_agent_api.DhcpAgentNotifyAPI._native_event_send_dhcp_notification--9223372036850948103', 'neutron.plugins.ml2.plugin.Ml2Plugin.notify_sg_on_port_change-913663', 'neutron.plugins.ml2.ovo_rpc._ObjectChangeHandler.handle_event-3723264', 'neutron.db.l3_dvrscheduler_db._notify_l3_agent_port_update--9223363269587378195', 'neutron.db.l3_hascheduler_db._notify_l3_agent_ha_port_update-8767267423297'] for port, after_update _notify_loop /usr/lib/python2.7/site-packages/neutron_lib/callbacks/manager.py:167
2018-06-26 07:05:19.171 3764 DEBUG oslo_concurrency.lockutils [-] Lock "event-dispatch" acquired by "neutron.plugins.ml2.ovo_rpc.dispatch_events" :: waited 0.001s inner /usr/lib/python2.7/site-packages/oslo_concurrency/lockutils.py:270
2018-06-26 07:05:20.176 3764 DEBUG neutron.api.rpc.handlers.resources_rpc [req-1b628277-baaa-4140-8cd5-1bc30c164865 - - - - -] neutron.api.rpc.handlers.resources_rpc.ResourcesPushRpcApi method push called with arguments (<neutron_lib.context.Context object at 0x7f949cba0f10>, [Port(admin_state_up=True,allowed_address_pairs=[],binding=PortBinding,binding_levels=[PortBindingLevel],created_at=2018-06-26T05:02:21Z,data_plane_status=<?>,description='',device_id='bfa2eb87-eb68-480e-aee8-d8cdf4827000',device_owner='compute:nova',dhcp_options=[],distributed_binding=None,dns=None,fixed_ips=[IPAllocation],id=c1b18174-cfa0-40fe-bc44-c7810f6b08ce,mac_address=fa:16:3e:19:bc:d0,name='',network_id=b9fa00ab-5096-4663-a5b7-df7a6b173d29,project_id='0af8250fda584fe6af17da21d9da3102',qos_policy_id=None,revision_number=8,security=PortSecurity(c1b18174-cfa0-40fe-bc44-c7810f6b08ce),security_group_ids=set([9de30f38-87c4-493c-a009-7bf903b28664]),status='ACTIVE',updated_at=2018-06-26T05:05:19Z)], 'updated') {} wrapper /usr/lib/python2.7/site-packages/oslo_log/helpers.py:66
2018-06-26 07:05:20.193 3764 DEBUG neutron.api.rpc.callbacks.version_manager [req-1b628277-baaa-4140-8cd5-1bc30c164865 - - - - -] Version for resource type Subnet changed None to 1.0 on consumer Open vSwitch agent@localhost.localdomain _set_version /usr/lib/python2.7/site-packages/neutron/api/rpc/callbacks/version_manager.py:119
2018-06-26 07:05:20.194 3764 DEBUG neutron.api.rpc.callbacks.version_manager [req-1b628277-baaa-4140-8cd5-1bc30c164865 - - - - -] Version for resource type Network changed None to 1.0 on consumer Open vSwitch agent@localhost.localdomain _set_version /usr/lib/python2.7/site-packages/neutron/api/rpc/callbacks/version_manager.py:119
2018-06-26 07:05:20.195 3764 DEBUG neutron.api.rpc.callbacks.version_manager [req-1b628277-baaa-4140-8cd5-1bc30c164865 - - - - -] Version for resource type SubPort changed None to 1.0 on consumer Open vSwitch agent@localhost.localdomain _set_version /usr/lib/python2.7/site-packages/neutron/api/rpc/callbacks/version_manager.py:119
2018-06-26 07:05:20.195 3764 DEBUG neutron.api.rpc.callbacks.version_manager [req-1b628277-baaa-4140-8cd5-1bc30c164865 - - - - -] Version for resource type SecurityGroup changed None to 1.0 on consumer Open vSwitch agent@localhost.localdomain _set_version /usr/lib/python2.7/site-packages/neutron/api/rpc/callbacks/version_manager.py:119
2018-06-26 07:05:20.196 3764 DEBUG neutron.api.rpc.callbacks.version_manager [req-1b628277-baaa-4140-8cd5-1bc30c164865 - - - - -] Version for resource type SecurityGroupRule changed None to 1.0 on consumer Open vSwitch agent@localhost.localdomain _set_version /usr/lib/python2.7/site-packages/neutron/api/rpc/callbacks/version_manager.py:119
2018-06-26 07:05:20.197 3764 DEBUG neutron.api.rpc.callbacks.version_manager [req-1b628277-baaa-4140-8cd5-1bc30c164865 - - - - -] Version for resource type Trunk changed None to 1.1 on consumer Open vSwitch agent@localhost.localdomain _set_version /usr/lib/python2.7/site-packages/neutron/api/rpc/callbacks/version_manager.py:119
2018-06-26 07:05:20.198 3764 DEBUG neutron.api.rpc.callbacks.version_manager [req-1b628277-baaa-4140-8cd5-1bc30c164865 - - - - -] Version for resource type QosPolicy changed None to 1.6 on consumer Open vSwitch agent@localhost.localdomain _set_version /usr/lib/python2.7/site-packages/neutron/api/rpc/callbacks/version_manager.py:119
2018-06-26 07:05:20.198 3764 DEBUG neutron.api.rpc.callbacks.version_manager [req-1b628277-baaa-4140-8cd5-1bc30c164865 - - - - -] Version for resource type Port changed None to 1.1 on consumer Open vSwitch agent@localhost.localdomain _set_version /usr/lib/python2.7/site-packages/neutron/api/rpc/callbacks/version_manager.py:119
2018-06-26 07:05:20.200 3764 DEBUG neutron.api.rpc.callbacks.version_manager [req-1b628277-baaa-4140-8cd5-1bc30c164865 - - - - -] Version for resource type Log changed None to 1.0 on consumer Open vSwitch agent@localhost.localdomain _set_version /usr/lib/python2.7/site-packages/neutron/api/rpc/callbacks/version_manager.py:119
2018-06-26 07:05:20.260 3764 DEBUG oslo_concurrency.lockutils [req-1b628277-baaa-4140-8cd5-1bc30c164865 - - - - -] Lock "event-dispatch" released by "neutron.plugins.ml2.ovo_rpc.dispatch_events" :: held 1.089s inner /usr/lib/python2.7/site-packages/oslo_concurrency/lockutils.py:282
2018-06-26 07:05:21.091 3764 DEBUG novaclient.v2.client [-] REQ: curl -g -i -X POST http://10.0.20.24:8774/v2.1/e80c8f8d9a994fdcb38348700180bb81/os-server-external-events -H "User-Agent: python-novaclient" -H "Content-Type: application/json" -H "Accept: application/json" -H "X-OpenStack-Nova-API-Version: 2.1" -H "X-Auth-Token: {SHA1}185cf6934f74fc8861deb627b09ba74c808554fe" -d '{"events": [{"status": "completed", "tag": "c1b18174-cfa0-40fe-bc44-c7810f6b08ce", "name": "network-vif-plugged", "server_uuid": "bfa2eb87-eb68-480e-aee8-d8cdf4827000"}]}' _http_log_request /usr/lib/python2.7/site-packages/keystoneauth1/session.py:375
2018-06-26 07:05:21.732 3764 DEBUG novaclient.v2.client [-] RESP: [200] Content-Length: 183 Content-Type: application/json Openstack-Api-Version: compute 2.1 X-Openstack-Nova-Api-Version: 2.1 Vary: OpenStack-API-Version, X-OpenStack-Nova-API-Version X-Openstack-Request-Id: req-0b53c558-ddb0-4b99-9a67-28eb331108ba X-Compute-Request-Id: req-0b53c558-ddb0-4b99-9a67-28eb331108ba Date: Tue, 26 Jun 2018 05:05:21 GMT Connection: keep-alive 
RESP BODY: {"events": [{"status": "completed", "tag": "c1b18174-cfa0-40fe-bc44-c7810f6b08ce", "name": "network-vif-plugged", "server_uuid": "bfa2eb87-eb68-480e-aee8-d8cdf4827000", "code": 200}]}
 _http_log_response /usr/lib/python2.7/site-packages/keystoneauth1/session.py:423
2018-06-26 07:05:21.733 3764 DEBUG novaclient.v2.client [-] POST call to compute for http://10.0.20.24:8774/v2.1/e80c8f8d9a994fdcb38348700180bb81/os-server-external-events used request id req-0b53c558-ddb0-4b99-9a67-28eb331108ba request /usr/lib/python2.7/site-packages/keystoneauth1/session.py:727
2018-06-26 07:05:21.739 3764 INFO neutron.notifiers.nova [-] Nova event response: {u'status': u'completed', u'tag': u'c1b18174-cfa0-40fe-bc44-c7810f6b08ce', u'name': u'network-vif-plugged', u'server_uuid': u'bfa2eb87-eb68-480e-aee8-d8cdf4827000', u'code': 200}
2018-06-26 07:05:22.229 3766 DEBUG neutron.plugins.ml2.rpc [req-1b628277-baaa-4140-8cd5-1bc30c164865 - - - - -] Device c1b18174-cfa0-40fe-bc44-c7810f6b08ce up at agent ovs-agent-localhost.localdomain update_device_up /usr/lib/python2.7/site-packages/neutron/plugins/ml2/rpc.py:244
2018-06-26 07:05:22.358 3766 DEBUG neutron.db.provisioning_blocks [req-1b628277-baaa-4140-8cd5-1bc30c164865 - - - - -] Provisioning complete for port c1b18174-cfa0-40fe-bc44-c7810f6b08ce triggered by entity L2. provisioning_complete /usr/lib/python2.7/site-packages/neutron/db/provisioning_blocks.py:138
2018-06-26 07:05:22.359 3766 DEBUG neutron_lib.callbacks.manager [req-1b628277-baaa-4140-8cd5-1bc30c164865 - - - - -] Notify callbacks ['neutron.plugins.ml2.plugin.Ml2Plugin._port_provisioned-704974'] for port, provisioning_complete _notify_loop /usr/lib/python2.7/site-packages/neutron_lib/callbacks/manager.py:167
2018-06-26 07:05:23.742 3764 DEBUG oslo_concurrency.lockutils [-] Lock "notifier-5a871e9a-f813-4279-9b12-0ca0a54eaf36" released by "neutron.notifiers.batch_notifier.synced_send" :: held 4.672s inner /usr/lib/python2.7/site-packages/oslo_concurrency/lockutils.py:282
2018-06-26 07:05:31.372 3755 INFO neutron.wsgi [req-af975e67-6da1-4d9b-b578-21aad75f96ef bd5deaad658540b39c06763bf0b40961 0af8250fda584fe6af17da21d9da3102 - 7a0036232b294be4a9efb7826df24168 7a0036232b294be4a9efb7826df24168] 10.0.20.24 "GET /v2.0/ports?device_id=bfa2eb87-eb68-480e-aee8-d8cdf4827000 HTTP/1.1" status: 200  len: 1123 time: 0.5982502
2018-06-26 07:05:31.505 3755 INFO neutron.wsgi [req-abbcb51e-73c6-4467-9f5a-de07f32b47f5 bd5deaad658540b39c06763bf0b40961 0af8250fda584fe6af17da21d9da3102 - 7a0036232b294be4a9efb7826df24168 7a0036232b294be4a9efb7826df24168] 10.0.20.24 "GET /v2.0/security-groups?id=9de30f38-87c4-493c-a009-7bf903b28664 HTTP/1.1" status: 200  len: 2118 time: 0.1249781
2018-06-26 07:05:33.985 3768 DEBUG neutron_lib.callbacks.manager [req-1b628277-baaa-4140-8cd5-1bc30c164865 - - - - -] Notify callbacks ['neutron.services.segments.db._update_segment_host_mapping_for_agent-8767267758160'] for agent, after_update _notify_loop /usr/lib/python2.7/site-packages/neutron_lib/callbacks/manager.py:167
2018-06-26 07:05:41.195 3769 DEBUG neutron_lib.callbacks.manager [req-38e7600a-25a7-416a-82a2-89e9ec42cf23 - - - - -] Notify callbacks ['neutron.services.segments.db._update_segment_host_mapping_for_agent-8767267758160'] for agent, after_update _notify_loop /usr/lib/python2.7/site-packages/neutron_lib/callbacks/manager.py:167
2018-06-26 07:05:41.247 3771 DEBUG neutron_lib.callbacks.manager [req-0b19b48d-c4b2-42f6-a0cb-f541d92df646 - - - - -] Notify callbacks ['neutron.services.segments.db._update_segment_host_mapping_for_agent-8767267758160'] for agent, after_update _notify_loop /usr/lib/python2.7/site-packages/neutron_lib/callbacks/manager.py:167
2018-06-26 07:05:41.892 3770 DEBUG neutron_lib.callbacks.manager [req-0f24822e-5b1a-4e60-bf63-85d8a48be443 - - - - -] Notify callbacks ['neutron.services.segments.db._update_segment_host_mapping_for_agent-8767267758160'] for agent, after_update _notify_loop /usr/lib/python2.7/site-packages/neutron_lib/callbacks/manager.py:167
2018-06-26 07:05:43.567 3773 DEBUG neutron.db.agents_db [req-2aeff27c-08cd-4c3d-ae87-add84c74e245 - - - - -] Agent healthcheck: found 5 active agents agent_health_check /usr/lib/python2.7/site-packages/neutron/db/agents_db.py:281
2018-06-26 07:05:43.638 3752 INFO neutron.wsgi [req-d1582492-8668-4a2d-a934-11a0abfc86c7 5890a01f91614c928c650e60460b0cc2 e80c8f8d9a994fdcb38348700180bb81 - default default] 10.0.20.24 "GET /v2.0/ports?tenant_id=0af8250fda584fe6af17da21d9da3102&device_id=bfa2eb87-eb68-480e-aee8-d8cdf4827000 HTTP/1.1" status: 200  len: 1123 time: 0.1465430
2018-06-26 07:05:43.939 3752 DEBUG neutron.pecan_wsgi.hooks.policy_enforcement [req-9e73ee6a-5bba-45be-855e-dc9d33d484b0 5890a01f91614c928c650e60460b0cc2 e80c8f8d9a994fdcb38348700180bb81 - default default] Attributes excluded by policy engine: [u'vlan_transparent'] _exclude_attributes_by_policy /usr/lib/python2.7/site-packages/neutron/pecan_wsgi/hooks/policy_enforcement.py:256
2018-06-26 07:05:43.943 3752 INFO neutron.wsgi [req-9e73ee6a-5bba-45be-855e-dc9d33d484b0 5890a01f91614c928c650e60460b0cc2 e80c8f8d9a994fdcb38348700180bb81 - default default] 10.0.20.24 "GET /v2.0/networks?id=b9fa00ab-5096-4663-a5b7-df7a6b173d29 HTTP/1.1" status: 200  len: 885 time: 0.2983582
2018-06-26 07:05:44.024 3752 INFO neutron.wsgi [req-a2e7c602-75f5-4186-a41f-5c27eab0765d 5890a01f91614c928c650e60460b0cc2 e80c8f8d9a994fdcb38348700180bb81 - default default] 10.0.20.24 "GET /v2.0/floatingips?fixed_ip_address=11.20.1.7&port_id=c1b18174-cfa0-40fe-bc44-c7810f6b08ce HTTP/1.1" status: 200  len: 750 time: 0.0730169
2018-06-26 07:05:44.298 3752 DEBUG neutron.pecan_wsgi.hooks.policy_enforcement [req-6e80f0a9-9781-4d52-ba42-3e67e6ee0428 5890a01f91614c928c650e60460b0cc2 e80c8f8d9a994fdcb38348700180bb81 - default default] Attributes excluded by policy engine: [u'shared'] _exclude_attributes_by_policy /usr/lib/python2.7/site-packages/neutron/pecan_wsgi/hooks/policy_enforcement.py:256
2018-06-26 07:05:44.301 3752 INFO neutron.wsgi [req-6e80f0a9-9781-4d52-ba42-3e67e6ee0428 5890a01f91614c928c650e60460b0cc2 e80c8f8d9a994fdcb38348700180bb81 - default default] 10.0.20.24 "GET /v2.0/subnets?id=f2964a03-6efe-4a4e-975c-dd56a182d083 HTTP/1.1" status: 200  len: 843 time: 0.2651751
2018-06-26 07:05:44.461 3765 DEBUG neutron_lib.callbacks.manager [req-2c2afa49-1e13-4307-b005-3eef5bce6c7d - - - - -] Notify callbacks ['neutron.services.segments.db._update_segment_host_mapping_for_agent-8767267758160'] for agent, after_update _notify_loop /usr/lib/python2.7/site-packages/neutron_lib/callbacks/manager.py:167
2018-06-26 07:05:44.533 3752 INFO neutron.wsgi [req-9fb1d8c4-3101-477c-a39a-7b68850a4638 5890a01f91614c928c650e60460b0cc2 e80c8f8d9a994fdcb38348700180bb81 - default default] 10.0.20.24 "GET /v2.0/ports?network_id=b9fa00ab-5096-4663-a5b7-df7a6b173d29&device_owner=network%3Adhcp HTTP/1.1" status: 200  len: 1127 time: 0.2254462
2018-06-26 07:05:47.581 3755 INFO neutron.wsgi [req-b076bda4-ed47-4968-ba5a-6a47a596fe2b 5890a01f91614c928c650e60460b0cc2 e80c8f8d9a994fdcb38348700180bb81 - default default] 10.0.20.24 "GET /v2.0/ports?device_id=bfa2eb87-eb68-480e-aee8-d8cdf4827000 HTTP/1.1" status: 200  len: 1123 time: 0.4828632
2018-06-26 07:05:47.687 3755 INFO neutron.wsgi [req-aef52b7c-5d61-4573-8ef1-dfbd7eb0be71 5890a01f91614c928c650e60460b0cc2 e80c8f8d9a994fdcb38348700180bb81 - default default] 10.0.20.24 "GET /v2.0/security-groups?id=9de30f38-87c4-493c-a009-7bf903b28664 HTTP/1.1" status: 200  len: 2118 time: 0.1006680
2018-06-26 07:05:50.296 3755 INFO neutron.wsgi [req-81fd5d52-f10b-4081-9331-f12fe69b7468 5890a01f91614c928c650e60460b0cc2 e80c8f8d9a994fdcb38348700180bb81 - default default] 10.0.20.24 "GET /v2.0/ports?device_id=bfa2eb87-eb68-480e-aee8-d8cdf4827000 HTTP/1.1" status: 200  len: 1123 time: 0.1189649
2018-06-26 07:05:50.424 3755 INFO neutron.wsgi [req-dd30d630-2aff-410a-af6b-25b14c80c4f3 5890a01f91614c928c650e60460b0cc2 e80c8f8d9a994fdcb38348700180bb81 - default default] 10.0.20.24 "GET /v2.0/security-groups?id=9de30f38-87c4-493c-a009-7bf903b28664 HTTP/1.1" status: 200  len: 2118 time: 0.1187980
2018-06-26 07:05:52.909 3750 INFO neutron.wsgi [req-5e9c68e3-61ff-4d1f-901d-9dc0826f2a75 5890a01f91614c928c650e60460b0cc2 e80c8f8d9a994fdcb38348700180bb81 - default default] 10.0.20.24 "GET /v2.0/ports?device_id=bfa2eb87-eb68-480e-aee8-d8cdf4827000 HTTP/1.1" status: 200  len: 1123 time: 0.1264501
2018-06-26 07:05:53.031 3750 INFO neutron.wsgi [req-5d804420-ba01-4bb8-9d86-f9e4bf301539 5890a01f91614c928c650e60460b0cc2 e80c8f8d9a994fdcb38348700180bb81 - default default] 10.0.20.24 "GET /v2.0/security-groups?id=9de30f38-87c4-493c-a009-7bf903b28664 HTTP/1.1" status: 200  len: 2118 time: 0.1155641
2018-06-26 07:06:03.998 3763 DEBUG neutron_lib.callbacks.manager [req-1b628277-baaa-4140-8cd5-1bc30c164865 - - - - -] Notify callbacks ['neutron.services.segments.db._update_segment_host_mapping_for_agent-8767267758160'] for agent, after_update _notify_loop /usr/lib/python2.7/site-packages/neutron_lib/callbacks/manager.py:167
2018-06-26 07:06:10.802 3756 DEBUG neutron.wsgi [-] (3756) accepted ('10.0.20.24', 34142) server /usr/lib/python2.7/site-packages/eventlet/wsgi.py:883
2018-06-26 07:06:10.807 3756 INFO neutron.wsgi [-] 10.0.20.24 "GET / HTTP/1.1" status: 200  len: 252 time: 0.0031440
2018-06-26 07:06:11.209 3766 DEBUG neutron_lib.callbacks.manager [req-38e7600a-25a7-416a-82a2-89e9ec42cf23 - - - - -] Notify callbacks ['neutron.services.segments.db._update_segment_host_mapping_for_agent-8767267758160'] for agent, after_update _notify_loop /usr/lib/python2.7/site-packages/neutron_lib/callbacks/manager.py:167
2018-06-26 07:06:11.245 3762 DEBUG neutron_lib.callbacks.manager [req-c356bc05-1751-4615-912b-f1a7b443b68d - - - - -] Notify callbacks ['neutron.services.segments.db._update_segment_host_mapping_for_agent-8767267758160'] for agent, after_update _notify_loop /usr/lib/python2.7/site-packages/neutron_lib/callbacks/manager.py:167
2018-06-26 07:06:11.371 3756 INFO neutron.api.v2.resource [req-16b8b21e-4863-43f9-8060-2741a9af9d56 bd5deaad658540b39c06763bf0b40961 0af8250fda584fe6af17da21d9da3102 - 7a0036232b294be4a9efb7826df24168 7a0036232b294be4a9efb7826df24168] show failed (client error): The resource could not be found.
2018-06-26 07:06:11.373 3756 INFO neutron.wsgi [req-16b8b21e-4863-43f9-8060-2741a9af9d56 bd5deaad658540b39c06763bf0b40961 0af8250fda584fe6af17da21d9da3102 - 7a0036232b294be4a9efb7826df24168 7a0036232b294be4a9efb7826df24168] 10.0.20.24 "GET /v2.0/floatingips/172.24.4.12 HTTP/1.1" status: 404  len: 326 time: 0.5603940
2018-06-26 07:06:11.424 3756 INFO neutron.wsgi [req-58194f4d-19ca-4086-88d6-96128f92d19d bd5deaad658540b39c06763bf0b40961 0af8250fda584fe6af17da21d9da3102 - 7a0036232b294be4a9efb7826df24168 7a0036232b294be4a9efb7826df24168] 10.0.20.24 "GET /v2.0/floatingips HTTP/1.1" status: 200  len: 750 time: 0.0475738
2018-06-26 07:06:11.503 3756 DEBUG neutron.plugins.ml2.plugin [req-6f8de5ec-dd18-450d-bdd4-9172b2eae59e bd5deaad658540b39c06763bf0b40961 0af8250fda584fe6af17da21d9da3102 - 7a0036232b294be4a9efb7826df24168 7a0036232b294be4a9efb7826df24168] Deleting port 24c76f28-5692-4c6b-b829-5b14c26d985f _pre_delete_port /usr/lib/python2.7/site-packages/neutron/plugins/ml2/plugin.py:1488
2018-06-26 07:06:11.504 3756 DEBUG neutron_lib.callbacks.manager [req-6f8de5ec-dd18-450d-bdd4-9172b2eae59e bd5deaad658540b39c06763bf0b40961 0af8250fda584fe6af17da21d9da3102 - 7a0036232b294be4a9efb7826df24168 7a0036232b294be4a9efb7826df24168] Notify callbacks ['neutron.db.l3_db._prevent_l3_port_delete_callback--9223363269586810356'] for port, before_delete _notify_loop /usr/lib/python2.7/site-packages/neutron_lib/callbacks/manager.py:167
2018-06-26 07:06:11.872 3756 DEBUG neutron.plugins.ml2.plugin [req-6f8de5ec-dd18-450d-bdd4-9172b2eae59e bd5deaad658540b39c06763bf0b40961 0af8250fda584fe6af17da21d9da3102 - 7a0036232b294be4a9efb7826df24168 7a0036232b294be4a9efb7826df24168] Calling delete_port for 24c76f28-5692-4c6b-b829-5b14c26d985f owned by network:floatingip delete_port /usr/lib/python2.7/site-packages/neutron/plugins/ml2/plugin.py:1547
2018-06-26 07:06:11.899 3764 DEBUG neutron_lib.callbacks.manager [req-cccd525d-696b-467c-8be4-bad88f0a541f - - - - -] Notify callbacks ['neutron.services.segments.db._update_segment_host_mapping_for_agent-8767267758160'] for agent, after_update _notify_loop /usr/lib/python2.7/site-packages/neutron_lib/callbacks/manager.py:167
2018-06-26 07:06:12.154 3756 DEBUG neutron_lib.callbacks.manager [req-6f8de5ec-dd18-450d-bdd4-9172b2eae59e bd5deaad658540b39c06763bf0b40961 0af8250fda584fe6af17da21d9da3102 - 7a0036232b294be4a9efb7826df24168 7a0036232b294be4a9efb7826df24168] Notify callbacks ['neutron.services.segments.plugin.NovaSegmentNotifier._notify_port_created_or_deleted-2837575', 'neutron.db.l3_dvrscheduler_db._notify_port_delete-8767267397606', 'neutron.db.l3_db._notify_routers_callback--9223363269586839074', 'neutron.api.rpc.agentnotifiers.dhcp_rpc_agent_api.DhcpAgentNotifyAPI._native_event_send_dhcp_notification--9223372036850948103', 'neutron.plugins.ml2.plugin.Ml2Plugin.notify_sg_on_port_change-913663', 'neutron.plugins.ml2.ovo_rpc._ObjectChangeHandler.handle_event-3723264'] for port, after_delete _notify_loop /usr/lib/python2.7/site-packages/neutron_lib/callbacks/manager.py:167
2018-06-26 07:06:12.509 3756 DEBUG oslo_concurrency.lockutils [-] Lock "event-dispatch" acquired by "neutron.plugins.ml2.ovo_rpc.dispatch_events" :: waited 0.000s inner /usr/lib/python2.7/site-packages/oslo_concurrency/lockutils.py:270
2018-06-26 07:06:12.879 3756 DEBUG neutron.api.rpc.handlers.resources_rpc [req-6f8de5ec-dd18-450d-bdd4-9172b2eae59e bd5deaad658540b39c06763bf0b40961 0af8250fda584fe6af17da21d9da3102 - - -] neutron.api.rpc.handlers.resources_rpc.ResourcesPushRpcApi method push called with arguments (<neutron_lib.context.Context object at 0x7f949c98c2d0>, [Port(admin_state_up=<?>,allowed_address_pairs=<?>,binding=<?>,binding_levels=<?>,created_at=<?>,data_plane_status=<?>,description=<?>,device_id=<?>,device_owner=<?>,dhcp_options=<?>,distributed_binding=<?>,dns=<?>,fixed_ips=<?>,id=24c76f28-5692-4c6b-b829-5b14c26d985f,mac_address=<?>,name=<?>,network_id=<?>,project_id=<?>,qos_policy_id=None,revision_number=<?>,security=<?>,security_group_ids=None,status=<?>,updated_at=<?>)], 'deleted') {} wrapper /usr/lib/python2.7/site-packages/oslo_log/helpers.py:66
2018-06-26 07:06:12.909 3756 DEBUG neutron.api.rpc.callbacks.version_manager [req-6f8de5ec-dd18-450d-bdd4-9172b2eae59e bd5deaad658540b39c06763bf0b40961 0af8250fda584fe6af17da21d9da3102 - - -] Version for resource type Subnet changed None to 1.0 on consumer Open vSwitch agent@localhost.localdomain _set_version /usr/lib/python2.7/site-packages/neutron/api/rpc/callbacks/version_manager.py:119
2018-06-26 07:06:12.910 3756 DEBUG neutron.api.rpc.callbacks.version_manager [req-6f8de5ec-dd18-450d-bdd4-9172b2eae59e bd5deaad658540b39c06763bf0b40961 0af8250fda584fe6af17da21d9da3102 - - -] Version for resource type Network changed None to 1.0 on consumer Open vSwitch agent@localhost.localdomain _set_version /usr/lib/python2.7/site-packages/neutron/api/rpc/callbacks/version_manager.py:119
2018-06-26 07:06:12.910 3756 DEBUG neutron.api.rpc.callbacks.version_manager [req-6f8de5ec-dd18-450d-bdd4-9172b2eae59e bd5deaad658540b39c06763bf0b40961 0af8250fda584fe6af17da21d9da3102 - - -] Version for resource type SubPort changed None to 1.0 on consumer Open vSwitch agent@localhost.localdomain _set_version /usr/lib/python2.7/site-packages/neutron/api/rpc/callbacks/version_manager.py:119
2018-06-26 07:06:12.910 3756 DEBUG neutron.api.rpc.callbacks.version_manager [req-6f8de5ec-dd18-450d-bdd4-9172b2eae59e bd5deaad658540b39c06763bf0b40961 0af8250fda584fe6af17da21d9da3102 - - -] Version for resource type SecurityGroup changed None to 1.0 on consumer Open vSwitch agent@localhost.localdomain _set_version /usr/lib/python2.7/site-packages/neutron/api/rpc/callbacks/version_manager.py:119
2018-06-26 07:06:12.911 3756 DEBUG neutron.api.rpc.callbacks.version_manager [req-6f8de5ec-dd18-450d-bdd4-9172b2eae59e bd5deaad658540b39c06763bf0b40961 0af8250fda584fe6af17da21d9da3102 - - -] Version for resource type SecurityGroupRule changed None to 1.0 on consumer Open vSwitch agent@localhost.localdomain _set_version /usr/lib/python2.7/site-packages/neutron/api/rpc/callbacks/version_manager.py:119
2018-06-26 07:06:12.911 3756 DEBUG neutron.api.rpc.callbacks.version_manager [req-6f8de5ec-dd18-450d-bdd4-9172b2eae59e bd5deaad658540b39c06763bf0b40961 0af8250fda584fe6af17da21d9da3102 - - -] Version for resource type Trunk changed None to 1.1 on consumer Open vSwitch agent@localhost.localdomain _set_version /usr/lib/python2.7/site-packages/neutron/api/rpc/callbacks/version_manager.py:119
2018-06-26 07:06:12.912 3756 DEBUG neutron.api.rpc.callbacks.version_manager [req-6f8de5ec-dd18-450d-bdd4-9172b2eae59e bd5deaad658540b39c06763bf0b40961 0af8250fda584fe6af17da21d9da3102 - - -] Version for resource type QosPolicy changed None to 1.6 on consumer Open vSwitch agent@localhost.localdomain _set_version /usr/lib/python2.7/site-packages/neutron/api/rpc/callbacks/version_manager.py:119
2018-06-26 07:06:12.912 3756 DEBUG neutron.api.rpc.callbacks.version_manager [req-6f8de5ec-dd18-450d-bdd4-9172b2eae59e bd5deaad658540b39c06763bf0b40961 0af8250fda584fe6af17da21d9da3102 - - -] Version for resource type Port changed None to 1.1 on consumer Open vSwitch agent@localhost.localdomain _set_version /usr/lib/python2.7/site-packages/neutron/api/rpc/callbacks/version_manager.py:119
2018-06-26 07:06:12.912 3756 DEBUG neutron.api.rpc.callbacks.version_manager [req-6f8de5ec-dd18-450d-bdd4-9172b2eae59e bd5deaad658540b39c06763bf0b40961 0af8250fda584fe6af17da21d9da3102 - - -] Version for resource type Log changed None to 1.0 on consumer Open vSwitch agent@localhost.localdomain _set_version /usr/lib/python2.7/site-packages/neutron/api/rpc/callbacks/version_manager.py:119
2018-06-26 07:06:12.932 3756 DEBUG oslo_concurrency.lockutils [req-6f8de5ec-dd18-450d-bdd4-9172b2eae59e bd5deaad658540b39c06763bf0b40961 0af8250fda584fe6af17da21d9da3102 - - -] Lock "event-dispatch" released by "neutron.plugins.ml2.ovo_rpc.dispatch_events" :: held 0.423s inner /usr/lib/python2.7/site-packages/oslo_concurrency/lockutils.py:282
2018-06-26 07:06:13.125 3756 DEBUG neutron.scheduler.l3_agent_scheduler [req-6f8de5ec-dd18-450d-bdd4-9172b2eae59e bd5deaad658540b39c06763bf0b40961 0af8250fda584fe6af17da21d9da3102 - 7a0036232b294be4a9efb7826df24168 7a0036232b294be4a9efb7826df24168] Router 1e767464-6b32-4096-ba19-f899f4a99163 has already been hosted by L3 agent f5d070e7-be6d-4df3-ab9e-52b79e66576a _get_candidates /usr/lib/python2.7/site-packages/neutron/scheduler/l3_agent_scheduler.py:141
2018-06-26 07:06:13.259 3756 DEBUG neutron.api.rpc.agentnotifiers.l3_rpc_agent_api [req-6f8de5ec-dd18-450d-bdd4-9172b2eae59e bd5deaad658540b39c06763bf0b40961 0af8250fda584fe6af17da21d9da3102 - 7a0036232b294be4a9efb7826df24168 7a0036232b294be4a9efb7826df24168] Notify agent at l3_agent.localhost.localdomain the message routers_updated _agent_notification /usr/lib/python2.7/site-packages/neutron/api/rpc/agentnotifiers/l3_rpc_agent_api.py:69
2018-06-26 07:06:13.275 3756 DEBUG neutron.quota.resource [req-6f8de5ec-dd18-450d-bdd4-9172b2eae59e bd5deaad658540b39c06763bf0b40961 0af8250fda584fe6af17da21d9da3102 - 7a0036232b294be4a9efb7826df24168 7a0036232b294be4a9efb7826df24168] Persisted dirty status for tenant:0af8250fda584fe6af17da21d9da3102 on resource:floatingip mark_dirty /usr/lib/python2.7/site-packages/neutron/quota/resource.py:207
2018-06-26 07:06:13.282 3756 DEBUG neutron.quota.resource [req-6f8de5ec-dd18-450d-bdd4-9172b2eae59e bd5deaad658540b39c06763bf0b40961 0af8250fda584fe6af17da21d9da3102 - 7a0036232b294be4a9efb7826df24168 7a0036232b294be4a9efb7826df24168] Persisted dirty status for tenant: on resource:port mark_dirty /usr/lib/python2.7/site-packages/neutron/quota/resource.py:207
2018-06-26 07:06:13.287 3756 DEBUG neutron_lib.callbacks.manager [req-6f8de5ec-dd18-450d-bdd4-9172b2eae59e bd5deaad658540b39c06763bf0b40961 0af8250fda584fe6af17da21d9da3102 - 7a0036232b294be4a9efb7826df24168 7a0036232b294be4a9efb7826df24168] Notify callbacks ['neutron.notifiers.nova.Notifier._send_nova_notification--9223372036854761038'] for floatingip, before_response _notify_loop /usr/lib/python2.7/site-packages/neutron_lib/callbacks/manager.py:167
2018-06-26 07:06:13.287 3770 DEBUG neutron.db.l3_hamode_db [req-10ae031e-8170-4348-b7dc-a02f297d04bb - - - - -] neutron.services.l3_router.l3_router_plugin.L3RouterPlugin method get_ha_sync_data_for_host called with arguments (<neutron_lib.context.Context object at 0x7f949d28c810>, u'localhost.localdomain', <neutron.db.models.agent.Agent[object at 7f949d27add0] {id=u'f5d070e7-be6d-4df3-ab9e-52b79e66576a', agent_type=u'L3 agent', binary=u'neutron-l3-agent', topic=u'l3_agent', host=u'localhost.localdomain', availability_zone=u'nova', admin_state_up=True, created_at=datetime.datetime(2018, 6, 6, 18, 4, 36), started_at=datetime.datetime(2018, 6, 26, 4, 42, 42), heartbeat_timestamp=datetime.datetime(2018, 6, 26, 5, 6, 11), description=None, configurations=u'{"agent_mode": "legacy", "gateway_external_network_id": "", "handle_internal_only_routers": true, "routers": 2, "interfaces": 2, "floating_ips": 1, "interface_driver": "neutron.agent.linux.interface.OVSInterfaceDriver", "log_agent_heartbeats": false, "external_network_bridge": "", "ex_gw_ports": 2}', resource_versions=None, load=0}>) {'active': True, 'router_ids': ['1e767464-6b32-4096-ba19-f899f4a99163']} wrapper /usr/lib/python2.7/site-packages/oslo_log/helpers.py:66
2018-06-26 07:06:13.350 3756 INFO neutron.wsgi [req-6f8de5ec-dd18-450d-bdd4-9172b2eae59e bd5deaad658540b39c06763bf0b40961 0af8250fda584fe6af17da21d9da3102 - 7a0036232b294be4a9efb7826df24168 7a0036232b294be4a9efb7826df24168] 10.0.20.24 "DELETE /v2.0/floatingips/549c2c40-e36d-4628-85ea-f64f7fbd3e36 HTTP/1.1" status: 204  len: 173 time: 1.9183199
2018-06-26 07:06:13.351 3756 DEBUG oslo_concurrency.lockutils [-] Lock "notifier-5a871e9a-f813-4279-9b12-0ca0a54eaf36" acquired by "neutron.notifiers.batch_notifier.synced_send" :: waited 0.000s inner /usr/lib/python2.7/site-packages/oslo_concurrency/lockutils.py:270
2018-06-26 07:06:13.351 3756 DEBUG neutron.notifiers.nova [-] Sending events: [{'tag': u'c1b18174-cfa0-40fe-bc44-c7810f6b08ce', 'name': 'network-changed', 'server_uuid': u'bfa2eb87-eb68-480e-aee8-d8cdf4827000'}] send_events /usr/lib/python2.7/site-packages/neutron/notifiers/nova.py:242
2018-06-26 07:06:13.353 3756 DEBUG novaclient.v2.client [-] REQ: curl -g -i -X POST http://10.0.20.24:8774/v2.1/e80c8f8d9a994fdcb38348700180bb81/os-server-external-events -H "User-Agent: python-novaclient" -H "Content-Type: application/json" -H "Accept: application/json" -H "X-OpenStack-Nova-API-Version: 2.1" -H "X-Auth-Token: {SHA1}c4c0c7710bb7610f978d7e968edaff0876ea3fc1" -d '{"events": [{"tag": "c1b18174-cfa0-40fe-bc44-c7810f6b08ce", "name": "network-changed", "server_uuid": "bfa2eb87-eb68-480e-aee8-d8cdf4827000"}]}' _http_log_request /usr/lib/python2.7/site-packages/keystoneauth1/session.py:375
