2018-06-28 20:08:01.887 17322 DEBUG neutron.api.rpc.callbacks.version_manager [req-ce6b4cd7-3fe0-49b1-af58-56b665c52c43 - - - - -] Version for resource type Port changed None to 1.1 on consumer Open vSwitch agent@localhost.localdomain _set_version /usr/lib/python2.7/site-packages/neutron/api/rpc/callbacks/version_manager.py:119
2018-06-28 20:08:01.887 17322 DEBUG neutron.api.rpc.callbacks.version_manager [req-ce6b4cd7-3fe0-49b1-af58-56b665c52c43 - - - - -] Version for resource type Log changed None to 1.0 on consumer Open vSwitch agent@localhost.localdomain _set_version /usr/lib/python2.7/site-packages/neutron/api/rpc/callbacks/version_manager.py:119
2018-06-28 20:08:01.911 17322 DEBUG oslo_concurrency.lockutils [req-ce6b4cd7-3fe0-49b1-af58-56b665c52c43 - - - - -] Lock "event-dispatch" released by "neutron.plugins.ml2.ovo_rpc.dispatch_events" :: held 0.227s inner /usr/lib/python2.7/site-packages/oslo_concurrency/lockutils.py:282
2018-06-28 20:08:02.725 17322 DEBUG novaclient.v2.client [-] REQ: curl -g -i -X POST http://10.0.20.46:8774/v2.1/0ca3103c90a24980adf86a98ed1a7af3/os-server-external-events -H "User-Agent: python-novaclient" -H "Content-Type: application/json" -H "Accept: application/json" -H "X-OpenStack-Nova-API-Version: 2.1" -H "X-Auth-Token: {SHA1}4799dfdd8c171e5b51ffb20ae0ee96fa2fb6e434" -d '{"events": [{"status": "completed", "tag": "0566cd30-9d2b-4946-81ba-e7d242854263", "name": "network-vif-plugged", "server_uuid": "866bd4bb-dace-4d21-8329-7c3c25ccd852"}]}' _http_log_request /usr/lib/python2.7/site-packages/keystoneauth1/session.py:375
2018-06-28 20:08:03.192 17323 DEBUG neutron.plugins.ml2.rpc [req-ce6b4cd7-3fe0-49b1-af58-56b665c52c43 - - - - -] Device 0566cd30-9d2b-4946-81ba-e7d242854263 up at agent ovs-agent-localhost.localdomain update_device_up /usr/lib/python2.7/site-packages/neutron/plugins/ml2/rpc.py:244
2018-06-28 20:08:03.326 17323 DEBUG neutron.db.provisioning_blocks [req-ce6b4cd7-3fe0-49b1-af58-56b665c52c43 - - - - -] Provisioning complete for port 0566cd30-9d2b-4946-81ba-e7d242854263 triggered by entity L2. provisioning_complete /usr/lib/python2.7/site-packages/neutron/db/provisioning_blocks.py:138
2018-06-28 20:08:03.327 17323 DEBUG neutron_lib.callbacks.manager [req-ce6b4cd7-3fe0-49b1-af58-56b665c52c43 - - - - -] Notify callbacks ['neutron.plugins.ml2.plugin.Ml2Plugin._port_provisioned-704974'] for port, provisioning_complete _notify_loop /usr/lib/python2.7/site-packages/neutron_lib/callbacks/manager.py:167
2018-06-28 20:08:03.414 17322 DEBUG novaclient.v2.client [-] RESP: [200] Content-Length: 183 Content-Type: application/json Openstack-Api-Version: compute 2.1 X-Openstack-Nova-Api-Version: 2.1 Vary: OpenStack-API-Version, X-OpenStack-Nova-API-Version X-Openstack-Request-Id: req-986abeb6-aa51-4093-b05c-869e590e9fdf X-Compute-Request-Id: req-986abeb6-aa51-4093-b05c-869e590e9fdf Date: Thu, 28 Jun 2018 18:08:03 GMT Connection: keep-alive 
RESP BODY: {"events": [{"status": "completed", "tag": "0566cd30-9d2b-4946-81ba-e7d242854263", "name": "network-vif-plugged", "server_uuid": "866bd4bb-dace-4d21-8329-7c3c25ccd852", "code": 200}]}
 _http_log_response /usr/lib/python2.7/site-packages/keystoneauth1/session.py:423
2018-06-28 20:08:03.415 17322 DEBUG novaclient.v2.client [-] POST call to compute for http://10.0.20.46:8774/v2.1/0ca3103c90a24980adf86a98ed1a7af3/os-server-external-events used request id req-986abeb6-aa51-4093-b05c-869e590e9fdf request /usr/lib/python2.7/site-packages/keystoneauth1/session.py:727
2018-06-28 20:08:03.424 17322 INFO neutron.notifiers.nova [-] Nova event response: {u'status': u'completed', u'tag': u'0566cd30-9d2b-4946-81ba-e7d242854263', u'name': u'network-vif-plugged', u'server_uuid': u'866bd4bb-dace-4d21-8329-7c3c25ccd852', u'code': 200}
2018-06-28 20:08:04.793 17325 DEBUG neutron_lib.callbacks.manager [req-912ca64a-eded-490f-bdfb-5ec070c627d1 - - - - -] Notify callbacks ['neutron.services.segments.db._update_segment_host_mapping_for_agent-8727634984016'] for agent, after_update _notify_loop /usr/lib/python2.7/site-packages/neutron_lib/callbacks/manager.py:167
2018-06-28 20:08:04.833 17327 DEBUG neutron_lib.callbacks.manager [req-1fc03c76-f0ec-40d7-bc71-267c8f76f815 - - - - -] Notify callbacks ['neutron.services.segments.db._update_segment_host_mapping_for_agent-8727634984016'] for agent, after_update _notify_loop /usr/lib/python2.7/site-packages/neutron_lib/callbacks/manager.py:167
2018-06-28 20:08:04.875 17320 DEBUG neutron_lib.callbacks.manager [req-aef78d78-e230-4d3d-b4b6-f029d4c15c75 - - - - -] Notify callbacks ['neutron.services.segments.db._update_segment_host_mapping_for_agent-8727634984016'] for agent, after_update _notify_loop /usr/lib/python2.7/site-packages/neutron_lib/callbacks/manager.py:167
2018-06-28 20:08:05.425 17322 DEBUG oslo_concurrency.lockutils [-] Lock "notifier-242b2d07-12ad-4afe-96ed-7569fa154160" released by "neutron.notifiers.batch_notifier.synced_send" :: held 3.788s inner /usr/lib/python2.7/site-packages/oslo_concurrency/lockutils.py:282
2018-06-28 20:08:05.790 17322 DEBUG neutron_lib.callbacks.manager [req-7628d32a-b07a-448b-9d79-516e0a2d71ea - - - - -] Notify callbacks ['neutron.services.segments.db._update_segment_host_mapping_for_agent-8727634984016'] for agent, after_update _notify_loop /usr/lib/python2.7/site-packages/neutron_lib/callbacks/manager.py:167
2018-06-28 20:08:10.818 17324 DEBUG neutron_lib.callbacks.manager [req-ce6b4cd7-3fe0-49b1-af58-56b665c52c43 - - - - -] Notify callbacks ['neutron.services.segments.db._update_segment_host_mapping_for_agent-8727634984016'] for agent, after_update _notify_loop /usr/lib/python2.7/site-packages/neutron_lib/callbacks/manager.py:167
2018-06-28 20:08:11.049 17309 INFO neutron.wsgi [req-94ad57a0-1122-4b60-acb1-2991b336ce2f bd7f0efe94ac4e7fadb7fe7ac69c5e5a 99068be6747642cf9cff5028e17b2b96 - 5d775a88599a44eb966d8b88bd35b372 5d775a88599a44eb966d8b88bd35b372] 10.0.20.46 "GET /v2.0/ports?device_id=866bd4bb-dace-4d21-8329-7c3c25ccd852 HTTP/1.1" status: 200  len: 1125 time: 0.9946699
2018-06-28 20:08:11.202 17309 INFO neutron.wsgi [req-f25c7e83-d524-429b-a0b3-7c9519149a29 bd7f0efe94ac4e7fadb7fe7ac69c5e5a 99068be6747642cf9cff5028e17b2b96 - 5d775a88599a44eb966d8b88bd35b372 5d775a88599a44eb966d8b88bd35b372] 10.0.20.46 "GET /v2.0/security-groups?id=e9b555c5-5dae-4d68-831d-53eba1139a32 HTTP/1.1" status: 200  len: 2118 time: 0.1458859
2018-06-28 20:08:24.290 17328 DEBUG neutron.db.agents_db [req-bec5e814-fa32-47ce-bf2f-f532210dbb66 - - - - -] Agent healthcheck: found 5 active agents agent_health_check /usr/lib/python2.7/site-packages/neutron/db/agents_db.py:281
2018-06-28 20:08:30.880 17315 INFO neutron.wsgi [req-51b8d5db-1b30-4e1f-aedf-3d5bd7127061 655ab8e67d8e4ca680268ee96a43ee95 0ca3103c90a24980adf86a98ed1a7af3 - default default] 10.0.20.46 "GET /v2.0/ports?device_id=866bd4bb-dace-4d21-8329-7c3c25ccd852 HTTP/1.1" status: 200  len: 1125 time: 0.2088912
2018-06-28 20:08:31.055 17315 INFO neutron.wsgi [req-88a10b52-8286-4489-8019-e660a05c799b 655ab8e67d8e4ca680268ee96a43ee95 0ca3103c90a24980adf86a98ed1a7af3 - default default] 10.0.20.46 "GET /v2.0/security-groups?id=e9b555c5-5dae-4d68-831d-53eba1139a32 HTTP/1.1" status: 200  len: 2118 time: 0.1639409
2018-06-28 20:08:33.540 17310 DEBUG neutron.wsgi [-] (17310) accepted ('10.0.20.46', 49446) server /usr/lib/python2.7/site-packages/eventlet/wsgi.py:883
2018-06-28 20:08:34.610 17310 INFO neutron.wsgi [req-75cd9ad1-22fb-4827-8885-520f1b324091 655ab8e67d8e4ca680268ee96a43ee95 0ca3103c90a24980adf86a98ed1a7af3 - default default] 10.0.20.46 "GET /v2.0/ports?device_id=866bd4bb-dace-4d21-8329-7c3c25ccd852 HTTP/1.1" status: 200  len: 1125 time: 1.0673151
2018-06-28 20:08:34.777 17318 DEBUG neutron_lib.callbacks.manager [req-912ca64a-eded-490f-bdfb-5ec070c627d1 - - - - -] Notify callbacks ['neutron.services.segments.db._update_segment_host_mapping_for_agent-8727634984016'] for agent, after_update _notify_loop /usr/lib/python2.7/site-packages/neutron_lib/callbacks/manager.py:167
2018-06-28 20:08:34.800 17317 DEBUG neutron_lib.callbacks.manager [req-f18057bc-dca8-4e61-9347-7e79f37ec3a5 - - - - -] Notify callbacks ['neutron.services.segments.db._update_segment_host_mapping_for_agent-8727634984016'] for agent, after_update _notify_loop /usr/lib/python2.7/site-packages/neutron_lib/callbacks/manager.py:167
2018-06-28 20:08:34.831 17310 INFO neutron.wsgi [req-cb492458-7b06-4876-91e4-d2630c49aa47 655ab8e67d8e4ca680268ee96a43ee95 0ca3103c90a24980adf86a98ed1a7af3 - default default] 10.0.20.46 "GET /v2.0/security-groups?id=e9b555c5-5dae-4d68-831d-53eba1139a32 HTTP/1.1" status: 200  len: 2118 time: 0.1827371
2018-06-28 20:08:34.884 17319 DEBUG neutron_lib.callbacks.manager [req-aef78d78-e230-4d3d-b4b6-f029d4c15c75 - - - - -] Notify callbacks ['neutron.services.segments.db._update_segment_host_mapping_for_agent-8727634984016'] for agent, after_update _notify_loop /usr/lib/python2.7/site-packages/neutron_lib/callbacks/manager.py:167
2018-06-28 20:08:35.822 17323 DEBUG neutron_lib.callbacks.manager [req-3a5e5b1e-9751-4b3b-81bb-fb92d4e8a86c - - - - -] Notify callbacks ['neutron.services.segments.db._update_segment_host_mapping_for_agent-8727634984016'] for agent, after_update _notify_loop /usr/lib/python2.7/site-packages/neutron_lib/callbacks/manager.py:167
2018-06-28 20:08:37.060 17315 INFO neutron.wsgi [req-43527c31-9b4b-40f1-9b8f-8074013ded7b 655ab8e67d8e4ca680268ee96a43ee95 0ca3103c90a24980adf86a98ed1a7af3 - default default] 10.0.20.46 "GET /v2.0/ports?device_id=866bd4bb-dace-4d21-8329-7c3c25ccd852 HTTP/1.1" status: 200  len: 1125 time: 0.1829510
2018-06-28 20:08:37.208 17315 INFO neutron.wsgi [req-00a1e90d-152f-42c9-bcfd-10bd31c18849 655ab8e67d8e4ca680268ee96a43ee95 0ca3103c90a24980adf86a98ed1a7af3 - default default] 10.0.20.46 "GET /v2.0/security-groups?id=e9b555c5-5dae-4d68-831d-53eba1139a32 HTTP/1.1" status: 200  len: 2118 time: 0.1400590
2018-06-28 20:08:39.845 17307 DEBUG neutron.wsgi [-] (17307) accepted ('10.0.20.46', 50514) server /usr/lib/python2.7/site-packages/eventlet/wsgi.py:883
2018-06-28 20:08:40.605 17307 INFO neutron.wsgi [req-51485f88-9e96-4b61-99ae-606cfce21147 655ab8e67d8e4ca680268ee96a43ee95 0ca3103c90a24980adf86a98ed1a7af3 - default default] 10.0.20.46 "GET /v2.0/ports?device_id=866bd4bb-dace-4d21-8329-7c3c25ccd852 HTTP/1.1" status: 200  len: 1125 time: 0.7564819
2018-06-28 20:08:40.790 17325 DEBUG neutron_lib.callbacks.manager [req-ce6b4cd7-3fe0-49b1-af58-56b665c52c43 - - - - -] Notify callbacks ['neutron.services.segments.db._update_segment_host_mapping_for_agent-8727634984016'] for agent, after_update _notify_loop /usr/lib/python2.7/site-packages/neutron_lib/callbacks/manager.py:167
2018-06-28 20:08:40.821 17307 INFO neutron.wsgi [req-02e4b906-a8d2-497c-9057-9dea5d4299c7 655ab8e67d8e4ca680268ee96a43ee95 0ca3103c90a24980adf86a98ed1a7af3 - default default] 10.0.20.46 "GET /v2.0/security-groups?id=e9b555c5-5dae-4d68-831d-53eba1139a32 HTTP/1.1" status: 200  len: 2118 time: 0.1852651
2018-06-28 20:08:42.913 17312 INFO neutron.wsgi [req-f8d3fa8c-4c3a-4e43-9761-feae9450f1f0 655ab8e67d8e4ca680268ee96a43ee95 0ca3103c90a24980adf86a98ed1a7af3 - default default] 10.0.20.46 "GET /v2.0/ports?device_id=866bd4bb-dace-4d21-8329-7c3c25ccd852 HTTP/1.1" status: 200  len: 1125 time: 0.1517670
2018-06-28 20:08:43.063 17312 INFO neutron.wsgi [req-92802419-04fd-4c7b-9bd2-556abfc56f6b 655ab8e67d8e4ca680268ee96a43ee95 0ca3103c90a24980adf86a98ed1a7af3 - default default] 10.0.20.46 "GET /v2.0/security-groups?id=e9b555c5-5dae-4d68-831d-53eba1139a32 HTTP/1.1" status: 200  len: 2118 time: 0.1440940
2018-06-28 20:08:44.659 17315 INFO neutron.wsgi [req-521e235c-0df6-4acf-8fe2-b945ec4339e6 655ab8e67d8e4ca680268ee96a43ee95 0ca3103c90a24980adf86a98ed1a7af3 - default default] 10.0.20.46 "GET /v2.0/ports?device_id=866bd4bb-dace-4d21-8329-7c3c25ccd852 HTTP/1.1" status: 200  len: 1125 time: 0.1278360
2018-06-28 20:08:44.798 17315 INFO neutron.wsgi [req-8c703b26-9adb-4bd1-ad84-6215b47be8a4 655ab8e67d8e4ca680268ee96a43ee95 0ca3103c90a24980adf86a98ed1a7af3 - default default] 10.0.20.46 "GET /v2.0/security-groups?id=e9b555c5-5dae-4d68-831d-53eba1139a32 HTTP/1.1" status: 200  len: 2118 time: 0.1300089
2018-06-28 20:08:45.928 17309 INFO neutron.wsgi [req-f069fd84-3297-4b94-b6e4-a529e545a3d8 655ab8e67d8e4ca680268ee96a43ee95 0ca3103c90a24980adf86a98ed1a7af3 - default default] 10.0.20.46 "GET /v2.0/ports?tenant_id=99068be6747642cf9cff5028e17b2b96&device_id=866bd4bb-dace-4d21-8329-7c3c25ccd852 HTTP/1.1" status: 200  len: 1125 time: 0.1572490
2018-06-28 20:08:46.190 17309 DEBUG neutron.pecan_wsgi.hooks.policy_enforcement [req-c57c7846-3673-433d-9532-f51e0162dd35 655ab8e67d8e4ca680268ee96a43ee95 0ca3103c90a24980adf86a98ed1a7af3 - default default] Attributes excluded by policy engine: [u'vlan_transparent'] _exclude_attributes_by_policy /usr/lib/python2.7/site-packages/neutron/pecan_wsgi/hooks/policy_enforcement.py:256
2018-06-28 20:08:46.192 17309 INFO neutron.wsgi [req-c57c7846-3673-433d-9532-f51e0162dd35 655ab8e67d8e4ca680268ee96a43ee95 0ca3103c90a24980adf86a98ed1a7af3 - default default] 10.0.20.46 "GET /v2.0/networks?id=b365b230-a1db-4c12-bc46-3cf316d017c3 HTTP/1.1" status: 200  len: 885 time: 0.2548931
2018-06-28 20:08:46.267 17309 INFO neutron.wsgi [req-a1dccdb3-2f60-4fa7-b249-e3c30805df78 655ab8e67d8e4ca680268ee96a43ee95 0ca3103c90a24980adf86a98ed1a7af3 - default default] 10.0.20.46 "GET /v2.0/floatingips?fixed_ip_address=11.244.1.11&port_id=0566cd30-9d2b-4946-81ba-e7d242854263 HTTP/1.1" status: 200  len: 751 time: 0.0641429
2018-06-28 20:08:46.417 17309 DEBUG neutron.pecan_wsgi.hooks.policy_enforcement [req-3567dbd1-ec74-4774-ad65-bb9410a8f5d3 655ab8e67d8e4ca680268ee96a43ee95 0ca3103c90a24980adf86a98ed1a7af3 - default default] Attributes excluded by policy engine: [u'shared'] _exclude_attributes_by_policy /usr/lib/python2.7/site-packages/neutron/pecan_wsgi/hooks/policy_enforcement.py:256
2018-06-28 20:08:46.420 17309 INFO neutron.wsgi [req-3567dbd1-ec74-4774-ad65-bb9410a8f5d3 655ab8e67d8e4ca680268ee96a43ee95 0ca3103c90a24980adf86a98ed1a7af3 - default default] 10.0.20.46 "GET /v2.0/subnets?id=6f97a572-1736-4c66-8dee-e91a6d8e7217 HTTP/1.1" status: 200  len: 847 time: 0.1434338
2018-06-28 20:08:46.623 17309 INFO neutron.wsgi [req-5cf7c024-67b9-4e49-a300-7455e5b9c968 655ab8e67d8e4ca680268ee96a43ee95 0ca3103c90a24980adf86a98ed1a7af3 - default default] 10.0.20.46 "GET /v2.0/ports?network_id=b365b230-a1db-4c12-bc46-3cf316d017c3&device_owner=network%3Adhcp HTTP/1.1" status: 200  len: 1128 time: 0.1958032
2018-06-28 20:08:46.684 17309 INFO neutron.wsgi [req-e64f5725-bd6f-4e02-9071-8e3698899776 655ab8e67d8e4ca680268ee96a43ee95 0ca3103c90a24980adf86a98ed1a7af3 - default default] 10.0.20.46 "GET /v2.0/ports?device_id=866bd4bb-dace-4d21-8329-7c3c25ccd852 HTTP/1.1" status: 200  len: 1125 time: 0.1396830
2018-06-28 20:08:46.811 17309 INFO neutron.wsgi [req-3c2cd56d-1dfd-4626-98d4-9d9063003772 655ab8e67d8e4ca680268ee96a43ee95 0ca3103c90a24980adf86a98ed1a7af3 - default default] 10.0.20.46 "GET /v2.0/security-groups?id=e9b555c5-5dae-4d68-831d-53eba1139a32 HTTP/1.1" status: 200  len: 2118 time: 0.1200080
2018-06-28 20:09:01.300 17328 DEBUG neutron.db.agents_db [req-bec5e814-fa32-47ce-bf2f-f532210dbb66 - - - - -] Agent healthcheck: found 5 active agents agent_health_check /usr/lib/python2.7/site-packages/neutron/db/agents_db.py:281
2018-06-28 20:09:04.775 17327 DEBUG neutron_lib.callbacks.manager [req-912ca64a-eded-490f-bdfb-5ec070c627d1 - - - - -] Notify callbacks ['neutron.services.segments.db._update_segment_host_mapping_for_agent-8727634984016'] for agent, after_update _notify_loop /usr/lib/python2.7/site-packages/neutron_lib/callbacks/manager.py:167
2018-06-28 20:09:04.797 17320 DEBUG neutron_lib.callbacks.manager [req-9b78ec4f-228d-4bdf-a179-5748ef869e8a - - - - -] Notify callbacks ['neutron.services.segments.db._update_segment_host_mapping_for_agent-8727634984016'] for agent, after_update _notify_loop /usr/lib/python2.7/site-packages/neutron_lib/callbacks/manager.py:167
2018-06-28 20:09:04.880 17322 DEBUG neutron_lib.callbacks.manager [req-aef78d78-e230-4d3d-b4b6-f029d4c15c75 - - - - -] Notify callbacks ['neutron.services.segments.db._update_segment_host_mapping_for_agent-8727634984016'] for agent, after_update _notify_loop /usr/lib/python2.7/site-packages/neutron_lib/callbacks/manager.py:167
2018-06-28 20:09:05.846 17324 DEBUG neutron_lib.callbacks.manager [req-bab3bfcb-2853-417e-87b1-473db9ba08fe - - - - -] Notify callbacks ['neutron.services.segments.db._update_segment_host_mapping_for_agent-8727634984016'] for agent, after_update _notify_loop /usr/lib/python2.7/site-packages/neutron_lib/callbacks/manager.py:167
2018-06-28 20:09:09.568 17315 DEBUG neutron.wsgi [-] (17315) accepted ('10.0.20.46', 50646) server /usr/lib/python2.7/site-packages/eventlet/wsgi.py:883
2018-06-28 20:09:09.573 17315 INFO neutron.wsgi [-] 10.0.20.46 "GET / HTTP/1.1" status: 200  len: 252 time: 0.0026331
2018-06-28 20:09:10.261 17315 INFO neutron.api.v2.resource [req-07fb980f-5742-48f6-a251-73d70c52dfd5 bd7f0efe94ac4e7fadb7fe7ac69c5e5a 99068be6747642cf9cff5028e17b2b96 - 5d775a88599a44eb966d8b88bd35b372 5d775a88599a44eb966d8b88bd35b372] show failed (client error): The resource could not be found.
2018-06-28 20:09:10.263 17315 INFO neutron.wsgi [req-07fb980f-5742-48f6-a251-73d70c52dfd5 bd7f0efe94ac4e7fadb7fe7ac69c5e5a 99068be6747642cf9cff5028e17b2b96 - 5d775a88599a44eb966d8b88bd35b372 5d775a88599a44eb966d8b88bd35b372] 10.0.20.46 "GET /v2.0/floatingips/172.24.4.4 HTTP/1.1" status: 404  len: 325 time: 0.6848469
2018-06-28 20:09:10.335 17315 DEBUG neutron.quota.resource [req-e140605e-a2e9-4431-9e0b-97bcbfd2165f bd7f0efe94ac4e7fadb7fe7ac69c5e5a 99068be6747642cf9cff5028e17b2b96 - 5d775a88599a44eb966d8b88bd35b372 5d775a88599a44eb966d8b88bd35b372] Synchronizing usage tracker for tenant:99068be6747642cf9cff5028e17b2b96 on resource:floatingip resync /usr/lib/python2.7/site-packages/neutron/quota/resource.py:245
2018-06-28 20:09:10.422 17315 DEBUG neutron.quota.resource [req-e140605e-a2e9-4431-9e0b-97bcbfd2165f bd7f0efe94ac4e7fadb7fe7ac69c5e5a 99068be6747642cf9cff5028e17b2b96 - 5d775a88599a44eb966d8b88bd35b372 5d775a88599a44eb966d8b88bd35b372] Unset dirty status for tenant:99068be6747642cf9cff5028e17b2b96 on resource:floatingip _resync /usr/lib/python2.7/site-packages/neutron/quota/resource.py:237
2018-06-28 20:09:10.426 17315 INFO neutron.wsgi [req-e140605e-a2e9-4431-9e0b-97bcbfd2165f bd7f0efe94ac4e7fadb7fe7ac69c5e5a 99068be6747642cf9cff5028e17b2b96 - 5d775a88599a44eb966d8b88bd35b372 5d775a88599a44eb966d8b88bd35b372] 10.0.20.46 "GET /v2.0/floatingips HTTP/1.1" status: 200  len: 751 time: 0.1544480
2018-06-28 20:09:10.553 17315 DEBUG neutron.plugins.ml2.plugin [req-eeb6201c-7e15-40c6-82e9-c77c5e7f2d33 bd7f0efe94ac4e7fadb7fe7ac69c5e5a 99068be6747642cf9cff5028e17b2b96 - 5d775a88599a44eb966d8b88bd35b372 5d775a88599a44eb966d8b88bd35b372] Deleting port 20a9450d-32c2-404c-a7a1-f9af22364deb _pre_delete_port /usr/lib/python2.7/site-packages/neutron/plugins/ml2/plugin.py:1488
2018-06-28 20:09:10.555 17315 DEBUG neutron_lib.callbacks.manager [req-eeb6201c-7e15-40c6-82e9-c77c5e7f2d33 bd7f0efe94ac4e7fadb7fe7ac69c5e5a 99068be6747642cf9cff5028e17b2b96 - 5d775a88599a44eb966d8b88bd35b372 5d775a88599a44eb966d8b88bd35b372] Notify callbacks ['neutron.db.l3_db._prevent_l3_port_delete_callback--9223363309219584500'] for port, before_delete _notify_loop /usr/lib/python2.7/site-packages/neutron_lib/callbacks/manager.py:167
2018-06-28 20:09:10.760 17318 DEBUG neutron_lib.callbacks.manager [req-ce6b4cd7-3fe0-49b1-af58-56b665c52c43 - - - - -] Notify callbacks ['neutron.services.segments.db._update_segment_host_mapping_for_agent-8727634984016'] for agent, after_update _notify_loop /usr/lib/python2.7/site-packages/neutron_lib/callbacks/manager.py:167
2018-06-28 20:09:11.042 17315 DEBUG neutron.plugins.ml2.plugin [req-eeb6201c-7e15-40c6-82e9-c77c5e7f2d33 bd7f0efe94ac4e7fadb7fe7ac69c5e5a 99068be6747642cf9cff5028e17b2b96 - 5d775a88599a44eb966d8b88bd35b372 5d775a88599a44eb966d8b88bd35b372] Calling delete_port for 20a9450d-32c2-404c-a7a1-f9af22364deb owned by network:floatingip delete_port /usr/lib/python2.7/site-packages/neutron/plugins/ml2/plugin.py:1547
2018-06-28 20:09:11.351 17315 DEBUG neutron_lib.callbacks.manager [req-eeb6201c-7e15-40c6-82e9-c77c5e7f2d33 bd7f0efe94ac4e7fadb7fe7ac69c5e5a 99068be6747642cf9cff5028e17b2b96 - 5d775a88599a44eb966d8b88bd35b372 5d775a88599a44eb966d8b88bd35b372] Notify callbacks ['neutron.plugins.ml2.ovo_rpc._ObjectChangeHandler.handle_event-1528324', 'neutron.db.l3_db._notify_routers_callback--9223363309219613218', 'neutron.plugins.ml2.plugin.Ml2Plugin.notify_sg_on_port_change-372991', 'neutron.api.rpc.agentnotifiers.dhcp_rpc_agent_api.DhcpAgentNotifyAPI._native_event_send_dhcp_notification--9223372036853350923', 'neutron.db.l3_dvrscheduler_db._notify_port_delete--9223363309220152896'] for port, after_delete _notify_loop /usr/lib/python2.7/site-packages/neutron_lib/callbacks/manager.py:167
2018-06-28 20:09:11.382 17315 DEBUG oslo_concurrency.lockutils [-] Lock "event-dispatch" acquired by "neutron.plugins.ml2.ovo_rpc.dispatch_events" :: waited 0.000s inner /usr/lib/python2.7/site-packages/oslo_concurrency/lockutils.py:270
2018-06-28 20:09:11.546 17315 DEBUG neutron.api.rpc.handlers.resources_rpc [req-eeb6201c-7e15-40c6-82e9-c77c5e7f2d33 bd7f0efe94ac4e7fadb7fe7ac69c5e5a 99068be6747642cf9cff5028e17b2b96 - - -] neutron.api.rpc.handlers.resources_rpc.ResourcesPushRpcApi method push called with arguments (<neutron_lib.context.Context object at 0x7f00f894cd10>, [Port(admin_state_up=<?>,allowed_address_pairs=<?>,binding=<?>,binding_levels=<?>,created_at=<?>,data_plane_status=<?>,description=<?>,device_id=<?>,device_owner=<?>,dhcp_options=<?>,distributed_binding=<?>,dns=<?>,fixed_ips=<?>,id=20a9450d-32c2-404c-a7a1-f9af22364deb,mac_address=<?>,name=<?>,network_id=<?>,project_id=<?>,qos_policy_id=None,revision_number=<?>,security=<?>,security_group_ids=None,status=<?>,updated_at=<?>)], 'deleted') {} wrapper /usr/lib/python2.7/site-packages/oslo_log/helpers.py:66
2018-06-28 20:09:11.580 17315 DEBUG neutron.api.rpc.callbacks.version_manager [req-eeb6201c-7e15-40c6-82e9-c77c5e7f2d33 bd7f0efe94ac4e7fadb7fe7ac69c5e5a 99068be6747642cf9cff5028e17b2b96 - - -] Version for resource type Subnet changed None to 1.0 on consumer Open vSwitch agent@localhost.localdomain _set_version /usr/lib/python2.7/site-packages/neutron/api/rpc/callbacks/version_manager.py:119
2018-06-28 20:09:11.581 17315 DEBUG neutron.api.rpc.callbacks.version_manager [req-eeb6201c-7e15-40c6-82e9-c77c5e7f2d33 bd7f0efe94ac4e7fadb7fe7ac69c5e5a 99068be6747642cf9cff5028e17b2b96 - - -] Version for resource type Network changed None to 1.0 on consumer Open vSwitch agent@localhost.localdomain _set_version /usr/lib/python2.7/site-packages/neutron/api/rpc/callbacks/version_manager.py:119
2018-06-28 20:09:11.582 17315 DEBUG neutron.api.rpc.callbacks.version_manager [req-eeb6201c-7e15-40c6-82e9-c77c5e7f2d33 bd7f0efe94ac4e7fadb7fe7ac69c5e5a 99068be6747642cf9cff5028e17b2b96 - - -] Version for resource type SubPort changed None to 1.0 on consumer Open vSwitch agent@localhost.localdomain _set_version /usr/lib/python2.7/site-packages/neutron/api/rpc/callbacks/version_manager.py:119
2018-06-28 20:09:11.583 17315 DEBUG neutron.api.rpc.callbacks.version_manager [req-eeb6201c-7e15-40c6-82e9-c77c5e7f2d33 bd7f0efe94ac4e7fadb7fe7ac69c5e5a 99068be6747642cf9cff5028e17b2b96 - - -] Version for resource type SecurityGroup changed None to 1.0 on consumer Open vSwitch agent@localhost.localdomain _set_version /usr/lib/python2.7/site-packages/neutron/api/rpc/callbacks/version_manager.py:119
2018-06-28 20:09:11.583 17315 DEBUG neutron.api.rpc.callbacks.version_manager [req-eeb6201c-7e15-40c6-82e9-c77c5e7f2d33 bd7f0efe94ac4e7fadb7fe7ac69c5e5a 99068be6747642cf9cff5028e17b2b96 - - -] Version for resource type SecurityGroupRule changed None to 1.0 on consumer Open vSwitch agent@localhost.localdomain _set_version /usr/lib/python2.7/site-packages/neutron/api/rpc/callbacks/version_manager.py:119
2018-06-28 20:09:11.584 17315 DEBUG neutron.api.rpc.callbacks.version_manager [req-eeb6201c-7e15-40c6-82e9-c77c5e7f2d33 bd7f0efe94ac4e7fadb7fe7ac69c5e5a 99068be6747642cf9cff5028e17b2b96 - - -] Version for resource type Trunk changed None to 1.1 on consumer Open vSwitch agent@localhost.localdomain _set_version /usr/lib/python2.7/site-packages/neutron/api/rpc/callbacks/version_manager.py:119
2018-06-28 20:09:11.585 17315 DEBUG neutron.api.rpc.callbacks.version_manager [req-eeb6201c-7e15-40c6-82e9-c77c5e7f2d33 bd7f0efe94ac4e7fadb7fe7ac69c5e5a 99068be6747642cf9cff5028e17b2b96 - - -] Version for resource type QosPolicy changed None to 1.6 on consumer Open vSwitch agent@localhost.localdomain _set_version /usr/lib/python2.7/site-packages/neutron/api/rpc/callbacks/version_manager.py:119
2018-06-28 20:09:11.585 17315 DEBUG neutron.api.rpc.callbacks.version_manager [req-eeb6201c-7e15-40c6-82e9-c77c5e7f2d33 bd7f0efe94ac4e7fadb7fe7ac69c5e5a 99068be6747642cf9cff5028e17b2b96 - - -] Version for resource type Port changed None to 1.1 on consumer Open vSwitch agent@localhost.localdomain _set_version /usr/lib/python2.7/site-packages/neutron/api/rpc/callbacks/version_manager.py:119
2018-06-28 20:09:11.586 17315 DEBUG neutron.api.rpc.callbacks.version_manager [req-eeb6201c-7e15-40c6-82e9-c77c5e7f2d33 bd7f0efe94ac4e7fadb7fe7ac69c5e5a 99068be6747642cf9cff5028e17b2b96 - - -] Version for resource type Log changed None to 1.0 on consumer Open vSwitch agent@localhost.localdomain _set_version /usr/lib/python2.7/site-packages/neutron/api/rpc/callbacks/version_manager.py:119
2018-06-28 20:09:11.625 17315 DEBUG oslo_concurrency.lockutils [req-eeb6201c-7e15-40c6-82e9-c77c5e7f2d33 bd7f0efe94ac4e7fadb7fe7ac69c5e5a 99068be6747642cf9cff5028e17b2b96 - - -] Lock "event-dispatch" released by "neutron.plugins.ml2.ovo_rpc.dispatch_events" :: held 0.243s inner /usr/lib/python2.7/site-packages/oslo_concurrency/lockutils.py:282
2018-06-28 20:09:12.551 17315 DEBUG neutron.scheduler.l3_agent_scheduler [req-eeb6201c-7e15-40c6-82e9-c77c5e7f2d33 bd7f0efe94ac4e7fadb7fe7ac69c5e5a 99068be6747642cf9cff5028e17b2b96 - 5d775a88599a44eb966d8b88bd35b372 5d775a88599a44eb966d8b88bd35b372] Router 5db11080-fa55-492e-94cd-8da05cff7ced has already been hosted by L3 agent 60219d81-8e5e-4233-80e1-4b550fb5711a _get_candidates /usr/lib/python2.7/site-packages/neutron/scheduler/l3_agent_scheduler.py:141
2018-06-28 20:09:12.804 17315 DEBUG neutron.api.rpc.agentnotifiers.l3_rpc_agent_api [req-eeb6201c-7e15-40c6-82e9-c77c5e7f2d33 bd7f0efe94ac4e7fadb7fe7ac69c5e5a 99068be6747642cf9cff5028e17b2b96 - 5d775a88599a44eb966d8b88bd35b372 5d775a88599a44eb966d8b88bd35b372] Notify agent at l3_agent.localhost.localdomain the message routers_updated _agent_notification /usr/lib/python2.7/site-packages/neutron/api/rpc/agentnotifiers/l3_rpc_agent_api.py:69
2018-06-28 20:09:12.851 17315 DEBUG neutron.quota.resource [req-eeb6201c-7e15-40c6-82e9-c77c5e7f2d33 bd7f0efe94ac4e7fadb7fe7ac69c5e5a 99068be6747642cf9cff5028e17b2b96 - 5d775a88599a44eb966d8b88bd35b372 5d775a88599a44eb966d8b88bd35b372] Persisted dirty status for tenant:99068be6747642cf9cff5028e17b2b96 on resource:floatingip mark_dirty /usr/lib/python2.7/site-packages/neutron/quota/resource.py:207
2018-06-28 20:09:12.875 17324 DEBUG neutron.db.l3_hamode_db [req-3d808700-6e9f-4c92-a260-70ec896f1a2c - - - - -] neutron.services.l3_router.l3_router_plugin.L3RouterPlugin method get_ha_sync_data_for_host called with arguments (<neutron_lib.context.Context object at 0x7f00f8581350>, u'localhost.localdomain', <neutron.db.models.agent.Agent[object at 7f00f82ee290] {id=u'60219d81-8e5e-4233-80e1-4b550fb5711a', agent_type=u'L3 agent', binary=u'neutron-l3-agent', topic=u'l3_agent', host=u'localhost.localdomain', availability_zone=u'nova', admin_state_up=True, created_at=datetime.datetime(2018, 6, 6, 18, 12, 54), started_at=datetime.datetime(2018, 6, 28, 17, 54, 5), heartbeat_timestamp=datetime.datetime(2018, 6, 28, 18, 9, 5), description=None, configurations=u'{"agent_mode": "legacy", "gateway_external_network_id": "", "handle_internal_only_routers": true, "routers": 2, "interfaces": 2, "floating_ips": 1, "interface_driver": "neutron.agent.linux.interface.OVSInterfaceDriver", "log_agent_heartbeats": false, "external_network_bridge": "", "ex_gw_ports": 2}', resource_versions=None, load=0}>) {'active': True, 'router_ids': ['5db11080-fa55-492e-94cd-8da05cff7ced']} wrapper /usr/lib/python2.7/site-packages/oslo_log/helpers.py:66
2018-06-28 20:09:12.884 17315 DEBUG neutron.quota.resource [req-eeb6201c-7e15-40c6-82e9-c77c5e7f2d33 bd7f0efe94ac4e7fadb7fe7ac69c5e5a 99068be6747642cf9cff5028e17b2b96 - 5d775a88599a44eb966d8b88bd35b372 5d775a88599a44eb966d8b88bd35b372] Persisted dirty status for tenant: on resource:port mark_dirty /usr/lib/python2.7/site-packages/neutron/quota/resource.py:207
2018-06-28 20:09:12.891 17315 DEBUG neutron_lib.callbacks.manager [req-eeb6201c-7e15-40c6-82e9-c77c5e7f2d33 bd7f0efe94ac4e7fadb7fe7ac69c5e5a 99068be6747642cf9cff5028e17b2b96 - 5d775a88599a44eb966d8b88bd35b372 5d775a88599a44eb966d8b88bd35b372] Notify callbacks ['neutron.notifiers.nova.Notifier._send_nova_notification--9223372036854773326'] for floatingip, before_response _notify_loop /usr/lib/python2.7/site-packages/neutron_lib/callbacks/manager.py:167
2018-06-28 20:09:13.030 17315 INFO neutron.wsgi [req-eeb6201c-7e15-40c6-82e9-c77c5e7f2d33 bd7f0efe94ac4e7fadb7fe7ac69c5e5a 99068be6747642cf9cff5028e17b2b96 - 5d775a88599a44eb966d8b88bd35b372 5d775a88599a44eb966d8b88bd35b372] 10.0.20.46 "DELETE /v2.0/floatingips/3ee00013-3263-4fdb-ab47-79e4aa258c45 HTTP/1.1" status: 204  len: 173 time: 2.5902739
2018-06-28 20:09:13.032 17315 DEBUG oslo_concurrency.lockutils [-] Lock "notifier-242b2d07-12ad-4afe-96ed-7569fa154160" acquired by "neutron.notifiers.batch_notifier.synced_send" :: waited 0.000s inner /usr/lib/python2.7/site-packages/oslo_concurrency/lockutils.py:270
2018-06-28 20:09:13.032 17315 DEBUG neutron.notifiers.nova [-] Sending events: [{'tag': u'0566cd30-9d2b-4946-81ba-e7d242854263', 'name': 'network-changed', 'server_uuid': u'866bd4bb-dace-4d21-8329-7c3c25ccd852'}] send_events /usr/lib/python2.7/site-packages/neutron/notifiers/nova.py:242
2018-06-28 20:09:14.143 17324 DEBUG neutron.db.l3_hamode_db [req-3d808700-6e9f-4c92-a260-70ec896f1a2c - - - - -] neutron.services.l3_router.l3_router_plugin.L3RouterPlugin method _process_sync_ha_data called with arguments (<neutron_lib.context.Context object at 0x7f00f8581350>, [{'status': u'ACTIVE', '_interfaces': [{'status': u'ACTIVE', 'subnets': [{'dns_nameservers': [u'8.8.4.4'], 'ipv6_ra_mode': None, 'gateway_ip': u'11.244.1.1', 'cidr': u'11.244.1.0/24', 'id': u'6f97a572-1736-4c66-8dee-e91a6d8e7217', 'subnetpool_id': None}], 'binding:host_id': u'localhost.localdomain', 'description': u'', 'allowed_address_pairs': [], 'tags': [], 'extra_dhcp_opts': [], 'updated_at': '2018-06-28T18:03:54Z', 'device_owner': u'network:router_interface', 'revision_number': 7, 'port_security_enabled': False, 'binding:profile': {}, 'mtu': 1450, 'fixed_ips': [{'subnet_id': u'6f97a572-1736-4c66-8dee-e91a6d8e7217', 'prefixlen': 24, 'ip_address': u'11.244.1.1'}], 'id': u'd5be6a61-54ab-4409-a425-52cd39c432ce', 'security_groups': [], 'device_id': u'5db11080-fa55-492e-94cd-8da05cff7ced', 'name': u'', 'admin_state_up': True, 'network_id': u'b365b230-a1db-4c12-bc46-3cf316d017c3', 'tenant_id': u'99068be6747642cf9cff5028e17b2b96', 'binding:vif_details': {u'port_filter': True, u'datapath_type': u'system', u'ovs_hybrid_plug': True}, 'address_scopes': {4: None, 6: None}, 'binding:vnic_type': u'normal', 'binding:vif_type': u'ovs', 'mac_address': u'fa:16:3e:23:e2:8c', 'project_id': u'99068be6747642cf9cff5028e17b2b96', 'extra_subnets': [], 'created_at': '2018-06-28T18:03:45Z'}], 'enable_snat': True, 'ha_vr_id': 0, 'description': u'', 'tags': [], 'gw_port': {'status': u'ACTIVE', 'subnets': [{'dns_nameservers': [], 'ipv6_ra_mode': None, 'gateway_ip': u'172.24.4.1', 'cidr': u'172.24.4.0/24', 'id': u'42338adf-2e51-4eed-8e47-1b2f9d84cf85', 'subnetpool_id': None}], 'binding:host_id': u'localhost.localdomain', 'description': u'', 'allowed_address_pairs': [], 'tags': [], 'extra_dhcp_opts': [], 'updated_at': '2018-06-28T18:04:08Z', 'device_owner': u'network:router_gateway', 'revision_number': 6, 'port_security_enabled': False, 'binding:profile': {}, 'mtu': 1500, 'fixed_ips': [{'subnet_id': u'42338adf-2e51-4eed-8e47-1b2f9d84cf85', 'prefixlen': 24, 'ip_address': u'172.24.4.10'}], 'id': u'ddcc1095-bbd1-4bf9-ba46-f445d634bea2', 'security_groups': [], 'device_id': u'5db11080-fa55-492e-94cd-8da05cff7ced', 'name': u'', 'admin_state_up': True, 'network_id': u'badfb9c1-1612-4b74-9d18-206aaffd3895', 'tenant_id': u'', 'binding:vif_details': {u'port_filter': True, u'datapath_type': u'system', u'ovs_hybrid_plug': True}, 'address_scopes': {4: None, 6: None}, 'binding:vnic_type': u'normal', 'binding:vif_type': u'ovs', 'mac_address': u'fa:16:3e:54:ae:a8', 'project_id': u'', 'extra_subnets': [], 'created_at': '2018-06-28T18:04:00Z'}, 'updated_at': '2018-06-28T18:04:01Z', 'revision_number': 4, 'ha': False, 'id': u'5db11080-fa55-492e-94cd-8da05cff7ced', 'gw_port_host': u'localhost.localdomain', 'external_gateway_info': {'network_id': u'badfb9c1-1612-4b74-9d18-206aaffd3895', 'enable_snat': True, 'external_fixed_ips': [{'subnet_id': u'42338adf-2e51-4eed-8e47-1b2f9d84cf85', 'ip_address': u'172.24.4.10'}]}, 'availability_zone_hints': [], 'availability_zones': [u'nova'], 'name': u'tempest-router-1530208831', 'gw_port_id': u'ddcc1095-bbd1-4bf9-ba46-f445d634bea2', 'admin_state_up': True, 'tenant_id': u'99068be6747642cf9cff5028e17b2b96', 'created_at': '2018-06-28T18:03:24Z', 'distributed': False, 'flavor_id': None, 'routes': [], 'project_id': u'99068be6747642cf9cff5028e17b2b96'}], u'localhost.localdomain', False) {} wrapper /usr/lib/python2.7/site-packages/oslo_log/helpers.py:66
2018-06-28 20:09:14.154 17324 DEBUG neutron.api.rpc.handlers.l3_rpc [req-3d808700-6e9f-4c92-a260-70ec896f1a2c - - - - -] Checking router: 5db11080-fa55-492e-94cd-8da05cff7ced for host: localhost.localdomain _ensure_host_set_on_ports /usr/lib/python2.7/site-packages/neutron/api/rpc/handlers/l3_rpc.py:135
2018-06-28 20:09:14.250 17315 DEBUG novaclient.v2.client [-] REQ: curl -g -i -X POST http://10.0.20.46:8774/v2.1/0ca3103c90a24980adf86a98ed1a7af3/os-server-external-events -H "User-Agent: python-novaclient" -H "Content-Type: application/json" -H "Accept: application/json" -H "X-OpenStack-Nova-API-Version: 2.1" -H "X-Auth-Token: {SHA1}6dd3124340351063c082e896035e9222f611ceb3" -d '{"events": [{"tag": "0566cd30-9d2b-4946-81ba-e7d242854263", "name": "network-changed", "server_uuid": "866bd4bb-dace-4d21-8329-7c3c25ccd852"}]}' _http_log_request /usr/lib/python2.7/site-packages/keystoneauth1/session.py:375
2018-06-28 20:09:14.356 17328 DEBUG neutron.api.rpc.handlers.l3_rpc [req-71a22121-74ed-4180-8978-36665f196512 - - - - -] New status for floating IP 3ee00013-3263-4fdb-ab47-79e4aa258c45: DOWN update_floatingip_statuses /usr/lib/python2.7/site-packages/neutron/api/rpc/handlers/l3_rpc.py:252
2018-06-28 20:09:14.651 17315 DEBUG novaclient.v2.client [-] RESP: [200] Content-Length: 179 Content-Type: application/json Openstack-Api-Version: compute 2.1 X-Openstack-Nova-Api-Version: 2.1 Vary: OpenStack-API-Version, X-OpenStack-Nova-API-Version X-Openstack-Request-Id: req-43d656c8-02ed-4cfa-a1ae-500e3fcaffd6 X-Compute-Request-Id: req-43d656c8-02ed-4cfa-a1ae-500e3fcaffd6 Date: Thu, 28 Jun 2018 18:09:14 GMT Connection: keep-alive 
RESP BODY: {"events": [{"status": "completed", "tag": "0566cd30-9d2b-4946-81ba-e7d242854263", "name": "network-changed", "server_uuid": "866bd4bb-dace-4d21-8329-7c3c25ccd852", "code": 200}]}
 _http_log_response /usr/lib/python2.7/site-packages/keystoneauth1/session.py:423
2018-06-28 20:09:14.652 17315 DEBUG novaclient.v2.client [-] POST call to compute for http://10.0.20.46:8774/v2.1/0ca3103c90a24980adf86a98ed1a7af3/os-server-external-events used request id req-43d656c8-02ed-4cfa-a1ae-500e3fcaffd6 request /usr/lib/python2.7/site-packages/keystoneauth1/session.py:727
2018-06-28 20:09:14.672 17315 INFO neutron.notifiers.nova [-] Nova event response: {u'status': u'completed', u'tag': u'0566cd30-9d2b-4946-81ba-e7d242854263', u'name': u'network-changed', u'server_uuid': u'866bd4bb-dace-4d21-8329-7c3c25ccd852', u'code': 200}
2018-06-28 20:09:14.822 17309 INFO neutron.wsgi [req-b66e012c-0df6-4346-a08e-8aea42e8fff9 655ab8e67d8e4ca680268ee96a43ee95 0ca3103c90a24980adf86a98ed1a7af3 - default default] 10.0.20.46 "GET /v2.0/ports?tenant_id=99068be6747642cf9cff5028e17b2b96&device_id=866bd4bb-dace-4d21-8329-7c3c25ccd852 HTTP/1.1" status: 200  len: 1125 time: 0.1331780
2018-06-28 20:09:15.053 17309 DEBUG neutron.pecan_wsgi.hooks.policy_enforcement [req-9f6b040a-c026-42d9-9cfb-e99fe5de7f21 655ab8e67d8e4ca680268ee96a43ee95 0ca3103c90a24980adf86a98ed1a7af3 - default default] Attributes excluded by policy engine: [u'vlan_transparent'] _exclude_attributes_by_policy /usr/lib/python2.7/site-packages/neutron/pecan_wsgi/hooks/policy_enforcement.py:256
2018-06-28 20:09:15.055 17309 INFO neutron.wsgi [req-9f6b040a-c026-42d9-9cfb-e99fe5de7f21 655ab8e67d8e4ca680268ee96a43ee95 0ca3103c90a24980adf86a98ed1a7af3 - default default] 10.0.20.46 "GET /v2.0/networks?id=b365b230-a1db-4c12-bc46-3cf316d017c3 HTTP/1.1" status: 200  len: 885 time: 0.2276440
2018-06-28 20:09:15.104 17309 INFO neutron.wsgi [req-413af15a-d985-42b4-8869-bf7351722218 655ab8e67d8e4ca680268ee96a43ee95 0ca3103c90a24980adf86a98ed1a7af3 - default default] 10.0.20.46 "GET /v2.0/floatingips?fixed_ip_address=11.244.1.11&port_id=0566cd30-9d2b-4946-81ba-e7d242854263 HTTP/1.1" status: 200  len: 217 time: 0.0389750
2018-06-28 20:09:15.236 17309 DEBUG neutron.pecan_wsgi.hooks.policy_enforcement [req-e3f7818d-1ab1-4d5c-ae6b-a25dabad251e 655ab8e67d8e4ca680268ee96a43ee95 0ca3103c90a24980adf86a98ed1a7af3 - default default] Attributes excluded by policy engine: [u'shared'] _exclude_attributes_by_policy /usr/lib/python2.7/site-packages/neutron/pecan_wsgi/hooks/policy_enforcement.py:256
2018-06-28 20:09:15.240 17309 INFO neutron.wsgi [req-e3f7818d-1ab1-4d5c-ae6b-a25dabad251e 655ab8e67d8e4ca680268ee96a43ee95 0ca3103c90a24980adf86a98ed1a7af3 - default default] 10.0.20.46 "GET /v2.0/subnets?id=6f97a572-1736-4c66-8dee-e91a6d8e7217 HTTP/1.1" status: 200  len: 847 time: 0.1283071
2018-06-28 20:09:15.390 17309 INFO neutron.wsgi [req-009131a6-8697-4ffc-ade4-615e39f0b838 655ab8e67d8e4ca680268ee96a43ee95 0ca3103c90a24980adf86a98ed1a7af3 - default default] 10.0.20.46 "GET /v2.0/ports?network_id=b365b230-a1db-4c12-bc46-3cf316d017c3&device_owner=network%3Adhcp HTTP/1.1" status: 200  len: 1128 time: 0.1430111
2018-06-28 20:09:16.673 17315 DEBUG oslo_concurrency.lockutils [-] Lock "notifier-242b2d07-12ad-4afe-96ed-7569fa154160" released by "neutron.notifiers.batch_notifier.synced_send" :: held 3.642s inner /usr/lib/python2.7/site-packages/oslo_concurrency/lockutils.py:282
2018-06-28 20:09:21.367 17310 INFO neutron.wsgi [req-d578bf44-4ff6-458a-af18-2a27f88305ce 6dc66ca5b9b04acabc59bdf6487de4e0 71ea52d094344aa8ab5e0e5b41870b26 - default default] 10.0.20.46 "GET /v2.0/ports?device_id=866bd4bb-dace-4d21-8329-7c3c25ccd852 HTTP/1.1" status: 200  len: 1125 time: 1.0878160
2018-06-28 20:09:21.512 17310 INFO neutron.wsgi [req-23982df0-efae-4b2c-9163-028e7f82e0d0 6dc66ca5b9b04acabc59bdf6487de4e0 71ea52d094344aa8ab5e0e5b41870b26 - default default] 10.0.20.46 "GET /v2.0/security-groups?id=e9b555c5-5dae-4d68-831d-53eba1139a32 HTTP/1.1" status: 200  len: 2118 time: 0.1368170
2018-06-28 20:09:29.645 17310 INFO neutron.wsgi [req-3f79753a-77a0-440b-8a40-9358cd61e635 6dc66ca5b9b04acabc59bdf6487de4e0 71ea52d094344aa8ab5e0e5b41870b26 - default default] 10.0.20.46 "GET /v2.0/ports?device_id=866bd4bb-dace-4d21-8329-7c3c25ccd852 HTTP/1.1" status: 200  len: 1125 time: 0.8512368
2018-06-28 20:09:29.819 17310 INFO neutron.wsgi [req-7f5dc280-c6d6-4ea3-8bce-1820376aff07 6dc66ca5b9b04acabc59bdf6487de4e0 71ea52d094344aa8ab5e0e5b41870b26 - default default] 10.0.20.46 "GET /v2.0/security-groups?id=e9b555c5-5dae-4d68-831d-53eba1139a32 HTTP/1.1" status: 200  len: 2118 time: 0.1660161
2018-06-28 20:09:31.323 17323 DEBUG neutron.plugins.ml2.rpc [req-ce6b4cd7-3fe0-49b1-af58-56b665c52c43 - - - - -] Device 0566cd30-9d2b-4946-81ba-e7d242854263 no longer exists at agent ovs-agent-localhost.localdomain update_device_down /usr/lib/python2.7/site-packages/neutron/plugins/ml2/rpc.py:213
2018-06-28 20:09:31.548 17323 DEBUG neutron_lib.callbacks.manager [req-ce6b4cd7-3fe0-49b1-af58-56b665c52c43 - - - - -] Notify callbacks ['neutron.plugins.ml2.plugin.Ml2Plugin._ensure_default_security_group_handler--9223372036854402934'] for port, before_update _notify_loop /usr/lib/python2.7/site-packages/neutron_lib/callbacks/manager.py:167
2018-06-28 20:09:31.648 17323 DEBUG oslo_concurrency.lockutils [-] Lock "notifier-242b2d07-12ad-4afe-96ed-7569fa154160" acquired by "neutron.notifiers.batch_notifier.synced_send" :: waited 0.001s inner /usr/lib/python2.7/site-packages/oslo_concurrency/lockutils.py:270
2018-06-28 20:09:31.649 17323 DEBUG neutron.notifiers.nova [-] Sending events: [{'status': 'completed', 'tag': u'0566cd30-9d2b-4946-81ba-e7d242854263', 'name': 'network-vif-unplugged', 'server_uuid': u'866bd4bb-dace-4d21-8329-7c3c25ccd852'}] send_events /usr/lib/python2.7/site-packages/neutron/notifiers/nova.py:242
2018-06-28 20:09:31.666 17323 DEBUG neutron.plugins.ml2.db [req-ce6b4cd7-3fe0-49b1-af58-56b665c52c43 - - - - -] For port 0566cd30-9d2b-4946-81ba-e7d242854263, host localhost.localdomain, got binding levels [<neutron.plugins.ml2.models.PortBindingLevel[object at 7f00f8257dd0] {port_id=u'0566cd30-9d2b-4946-81ba-e7d242854263', host=u'localhost.localdomain', level=0, driver=u'openvswitch', segment_id=u'3ea50308-c64e-48c3-989c-990ebf9ed160'}>] get_binding_levels /usr/lib/python2.7/site-packages/neutron/plugins/ml2/db.py:106
2018-06-28 20:09:31.711 17323 DEBUG neutron_lib.callbacks.manager [req-ce6b4cd7-3fe0-49b1-af58-56b665c52c43 - - - - -] Notify callbacks ['neutron.plugins.ml2.ovo_rpc._ObjectChangeHandler.handle_event-1528324', 'neutron.plugins.ml2.plugin.Ml2Plugin.notify_sg_on_port_change-372991', 'neutron.api.rpc.agentnotifiers.dhcp_rpc_agent_api.DhcpAgentNotifyAPI._native_event_send_dhcp_notification--9223372036853350923', 'neutron.db.l3_dvrscheduler_db._notify_l3_agent_port_update-8727634622920', 'neutron.db.l3_hascheduler_db._notify_l3_agent_ha_port_update--9223363309220152549'] for port, after_update _notify_loop /usr/lib/python2.7/site-packages/neutron_lib/callbacks/manager.py:167
2018-06-28 20:09:31.724 17323 DEBUG oslo_concurrency.lockutils [-] Lock "event-dispatch" acquired by "neutron.plugins.ml2.ovo_rpc.dispatch_events" :: waited 0.000s inner /usr/lib/python2.7/site-packages/oslo_concurrency/lockutils.py:270
2018-06-28 20:09:31.917 17323 DEBUG neutron.api.rpc.handlers.resources_rpc [req-ce6b4cd7-3fe0-49b1-af58-56b665c52c43 - - - - -] neutron.api.rpc.handlers.resources_rpc.ResourcesPushRpcApi method push called with arguments (<neutron_lib.context.Context object at 0x7f00f848e990>, [Port(admin_state_up=True,allowed_address_pairs=[],binding=PortBinding,binding_levels=[PortBindingLevel],created_at=2018-06-28T18:04:32Z,data_plane_status=<?>,description='',device_id='866bd4bb-dace-4d21-8329-7c3c25ccd852',device_owner='compute:nova',dhcp_options=[],distributed_binding=None,dns=None,fixed_ips=[IPAllocation],id=0566cd30-9d2b-4946-81ba-e7d242854263,mac_address=fa:16:3e:1c:6d:5c,name='',network_id=b365b230-a1db-4c12-bc46-3cf316d017c3,project_id='99068be6747642cf9cff5028e17b2b96',qos_policy_id=None,revision_number=9,security=PortSecurity(0566cd30-9d2b-4946-81ba-e7d242854263),security_group_ids=set([e9b555c5-5dae-4d68-831d-53eba1139a32]),status='DOWN',updated_at=2018-06-28T18:09:31Z)], 'updated') {} wrapper /usr/lib/python2.7/site-packages/oslo_log/helpers.py:66
2018-06-28 20:09:31.934 17323 DEBUG neutron.api.rpc.callbacks.version_manager [req-ce6b4cd7-3fe0-49b1-af58-56b665c52c43 - - - - -] Version for resource type Subnet changed None to 1.0 on consumer Open vSwitch agent@localhost.localdomain _set_version /usr/lib/python2.7/site-packages/neutron/api/rpc/callbacks/version_manager.py:119
2018-06-28 20:09:31.936 17323 DEBUG neutron.api.rpc.callbacks.version_manager [req-ce6b4cd7-3fe0-49b1-af58-56b665c52c43 - - - - -] Version for resource type Network changed None to 1.0 on consumer Open vSwitch agent@localhost.localdomain _set_version /usr/lib/python2.7/site-packages/neutron/api/rpc/callbacks/version_manager.py:119
2018-06-28 20:09:31.936 17323 DEBUG neutron.api.rpc.callbacks.version_manager [req-ce6b4cd7-3fe0-49b1-af58-56b665c52c43 - - - - -] Version for resource type SubPort changed None to 1.0 on consumer Open vSwitch agent@localhost.localdomain _set_version /usr/lib/python2.7/site-packages/neutron/api/rpc/callbacks/version_manager.py:119
2018-06-28 20:09:31.937 17323 DEBUG neutron.api.rpc.callbacks.version_manager [req-ce6b4cd7-3fe0-49b1-af58-56b665c52c43 - - - - -] Version for resource type SecurityGroup changed None to 1.0 on consumer Open vSwitch agent@localhost.localdomain _set_version /usr/lib/python2.7/site-packages/neutron/api/rpc/callbacks/version_manager.py:119
2018-06-28 20:09:31.938 17323 DEBUG neutron.api.rpc.callbacks.version_manager [req-ce6b4cd7-3fe0-49b1-af58-56b665c52c43 - - - - -] Version for resource type SecurityGroupRule changed None to 1.0 on consumer Open vSwitch agent@localhost.localdomain _set_version /usr/lib/python2.7/site-packages/neutron/api/rpc/callbacks/version_manager.py:119
2018-06-28 20:09:31.939 17323 DEBUG neutron.api.rpc.callbacks.version_manager [req-ce6b4cd7-3fe0-49b1-af58-56b665c52c43 - - - - -] Version for resource type Trunk changed None to 1.1 on consumer Open vSwitch agent@localhost.localdomain _set_version /usr/lib/python2.7/site-packages/neutron/api/rpc/callbacks/version_manager.py:119
2018-06-28 20:09:31.940 17323 DEBUG neutron.api.rpc.callbacks.version_manager [req-ce6b4cd7-3fe0-49b1-af58-56b665c52c43 - - - - -] Version for resource type QosPolicy changed None to 1.6 on consumer Open vSwitch agent@localhost.localdomain _set_version /usr/lib/python2.7/site-packages/neutron/api/rpc/callbacks/version_manager.py:119
2018-06-28 20:09:31.941 17323 DEBUG neutron.api.rpc.callbacks.version_manager [req-ce6b4cd7-3fe0-49b1-af58-56b665c52c43 - - - - -] Version for resource type Port changed None to 1.1 on consumer Open vSwitch agent@localhost.localdomain _set_version /usr/lib/python2.7/site-packages/neutron/api/rpc/callbacks/version_manager.py:119
2018-06-28 20:09:31.942 17323 DEBUG neutron.api.rpc.callbacks.version_manager [req-ce6b4cd7-3fe0-49b1-af58-56b665c52c43 - - - - -] Version for resource type Log changed None to 1.0 on consumer Open vSwitch agent@localhost.localdomain _set_version /usr/lib/python2.7/site-packages/neutron/api/rpc/callbacks/version_manager.py:119
2018-06-28 20:09:31.977 17323 DEBUG oslo_concurrency.lockutils [req-ce6b4cd7-3fe0-49b1-af58-56b665c52c43 - - - - -] Lock "event-dispatch" released by "neutron.plugins.ml2.ovo_rpc.dispatch_events" :: held 0.253s inner /usr/lib/python2.7/site-packages/oslo_concurrency/lockutils.py:282
2018-06-28 20:09:32.528 17309 INFO neutron.wsgi [req-3601db45-165f-4941-8b87-37afebdbaa7f 6dc66ca5b9b04acabc59bdf6487de4e0 71ea52d094344aa8ab5e0e5b41870b26 - default default] 10.0.20.46 "GET /v2.0/ports?device_id=866bd4bb-dace-4d21-8329-7c3c25ccd852 HTTP/1.1" status: 200  len: 1123 time: 0.6559732
2018-06-28 20:09:32.639 17309 DEBUG neutron.plugins.ml2.plugin [req-c5a4f1be-770c-44fc-a004-b6964a73502a 6dc66ca5b9b04acabc59bdf6487de4e0 71ea52d094344aa8ab5e0e5b41870b26 - default default] Deleting port 0566cd30-9d2b-4946-81ba-e7d242854263 _pre_delete_port /usr/lib/python2.7/site-packages/neutron/plugins/ml2/plugin.py:1488
2018-06-28 20:09:32.640 17309 DEBUG neutron_lib.callbacks.manager [req-c5a4f1be-770c-44fc-a004-b6964a73502a 6dc66ca5b9b04acabc59bdf6487de4e0 71ea52d094344aa8ab5e0e5b41870b26 - default default] Notify callbacks ['neutron.db.l3_db._prevent_l3_port_delete_callback--9223363309219584500'] for port, before_delete _notify_loop /usr/lib/python2.7/site-packages/neutron_lib/callbacks/manager.py:167
2018-06-28 20:09:32.647 17323 DEBUG novaclient.v2.client [-] REQ: curl -g -i -X POST http://10.0.20.46:8774/v2.1/0ca3103c90a24980adf86a98ed1a7af3/os-server-external-events -H "User-Agent: python-novaclient" -H "Content-Type: application/json" -H "Accept: application/json" -H "X-OpenStack-Nova-API-Version: 2.1" -H "X-Auth-Token: {SHA1}f92bef88c2a8ba1783994bc9c54d60ce180314d8" -d '{"events": [{"status": "completed", "tag": "0566cd30-9d2b-4946-81ba-e7d242854263", "name": "network-vif-unplugged", "server_uuid": "866bd4bb-dace-4d21-8329-7c3c25ccd852"}]}' _http_log_request /usr/lib/python2.7/site-packages/keystoneauth1/session.py:375
2018-06-28 20:09:33.044 17309 DEBUG neutron.plugins.ml2.db [req-c5a4f1be-770c-44fc-a004-b6964a73502a 6dc66ca5b9b04acabc59bdf6487de4e0 71ea52d094344aa8ab5e0e5b41870b26 - default default] For port 0566cd30-9d2b-4946-81ba-e7d242854263, host localhost.localdomain, got binding levels [<neutron.plugins.ml2.models.PortBindingLevel[object at 7f00f8980bd0] {port_id=u'0566cd30-9d2b-4946-81ba-e7d242854263', host=u'localhost.localdomain', level=0, driver=u'openvswitch', segment_id=u'3ea50308-c64e-48c3-989c-990ebf9ed160'}>] get_binding_levels /usr/lib/python2.7/site-packages/neutron/plugins/ml2/db.py:106
2018-06-28 20:09:33.087 17309 DEBUG neutron.plugins.ml2.plugin [req-c5a4f1be-770c-44fc-a004-b6964a73502a 6dc66ca5b9b04acabc59bdf6487de4e0 71ea52d094344aa8ab5e0e5b41870b26 - default default] Calling delete_port for 0566cd30-9d2b-4946-81ba-e7d242854263 owned by compute:nova delete_port /usr/lib/python2.7/site-packages/neutron/plugins/ml2/plugin.py:1547
