2018-06-30 04:03:15.575 17859 DEBUG neutron.api.rpc.handlers.resources_rpc [req-4ce8ae93-9748-4911-b3d8-03735eb4f9d4 - - - - -] neutron.api.rpc.handlers.resources_rpc.ResourcesPushRpcApi method push called with arguments (<neutron_lib.context.Context object at 0x7f6d9d0fc150>, [Port(admin_state_up=True,allowed_address_pairs=[],binding=PortBinding,binding_levels=[PortBindingLevel],created_at=2018-06-30T02:03:07Z,data_plane_status=<?>,description='',device_id='731c23a3-a684-4b4a-8898-548dc83c5809',device_owner='network:router_gateway',dhcp_options=[],distributed_binding=None,dns=None,fixed_ips=[IPAllocation],id=f678c1be-97dd-44d8-9322-e56cdc481034,mac_address=fa:16:3e:e7:4b:42,name='',network_id=27d015bc-8cdc-4cb5-ad0f-6c388c7b7d5e,project_id='',qos_policy_id=None,revision_number=6,security=PortSecurity(f678c1be-97dd-44d8-9322-e56cdc481034),security_group_ids=set([]),status='ACTIVE',updated_at=2018-06-30T02:03:15Z)], 'updated') {} wrapper /usr/lib/python2.7/site-packages/oslo_log/helpers.py:66
2018-06-30 04:03:15.591 17859 DEBUG neutron.api.rpc.callbacks.version_manager [req-4ce8ae93-9748-4911-b3d8-03735eb4f9d4 - - - - -] Version for resource type Subnet changed None to 1.0 on consumer Open vSwitch agent@localhost.localdomain _set_version /usr/lib/python2.7/site-packages/neutron/api/rpc/callbacks/version_manager.py:119
2018-06-30 04:03:15.592 17859 DEBUG neutron.api.rpc.callbacks.version_manager [req-4ce8ae93-9748-4911-b3d8-03735eb4f9d4 - - - - -] Version for resource type Network changed None to 1.0 on consumer Open vSwitch agent@localhost.localdomain _set_version /usr/lib/python2.7/site-packages/neutron/api/rpc/callbacks/version_manager.py:119
2018-06-30 04:03:15.593 17859 DEBUG neutron.api.rpc.callbacks.version_manager [req-4ce8ae93-9748-4911-b3d8-03735eb4f9d4 - - - - -] Version for resource type SubPort changed None to 1.0 on consumer Open vSwitch agent@localhost.localdomain _set_version /usr/lib/python2.7/site-packages/neutron/api/rpc/callbacks/version_manager.py:119
2018-06-30 04:03:15.594 17859 DEBUG neutron.api.rpc.callbacks.version_manager [req-4ce8ae93-9748-4911-b3d8-03735eb4f9d4 - - - - -] Version for resource type SecurityGroup changed None to 1.0 on consumer Open vSwitch agent@localhost.localdomain _set_version /usr/lib/python2.7/site-packages/neutron/api/rpc/callbacks/version_manager.py:119
2018-06-30 04:03:15.594 17859 DEBUG neutron.api.rpc.callbacks.version_manager [req-4ce8ae93-9748-4911-b3d8-03735eb4f9d4 - - - - -] Version for resource type SecurityGroupRule changed None to 1.0 on consumer Open vSwitch agent@localhost.localdomain _set_version /usr/lib/python2.7/site-packages/neutron/api/rpc/callbacks/version_manager.py:119
2018-06-30 04:03:15.595 17859 DEBUG neutron.api.rpc.callbacks.version_manager [req-4ce8ae93-9748-4911-b3d8-03735eb4f9d4 - - - - -] Version for resource type Trunk changed None to 1.1 on consumer Open vSwitch agent@localhost.localdomain _set_version /usr/lib/python2.7/site-packages/neutron/api/rpc/callbacks/version_manager.py:119
2018-06-30 04:03:15.596 17859 DEBUG neutron.api.rpc.callbacks.version_manager [req-4ce8ae93-9748-4911-b3d8-03735eb4f9d4 - - - - -] Version for resource type QosPolicy changed None to 1.6 on consumer Open vSwitch agent@localhost.localdomain _set_version /usr/lib/python2.7/site-packages/neutron/api/rpc/callbacks/version_manager.py:119
2018-06-30 04:03:15.596 17859 DEBUG neutron.api.rpc.callbacks.version_manager [req-4ce8ae93-9748-4911-b3d8-03735eb4f9d4 - - - - -] Version for resource type Port changed None to 1.1 on consumer Open vSwitch agent@localhost.localdomain _set_version /usr/lib/python2.7/site-packages/neutron/api/rpc/callbacks/version_manager.py:119
2018-06-30 04:03:15.597 17859 DEBUG neutron.api.rpc.callbacks.version_manager [req-4ce8ae93-9748-4911-b3d8-03735eb4f9d4 - - - - -] Version for resource type Log changed None to 1.0 on consumer Open vSwitch agent@localhost.localdomain _set_version /usr/lib/python2.7/site-packages/neutron/api/rpc/callbacks/version_manager.py:119
2018-06-30 04:03:15.602 17859 DEBUG neutron.api.rpc.callbacks.version_manager [req-4ce8ae93-9748-4911-b3d8-03735eb4f9d4 - - - - -] Tracked resource versions report:
pushed versions:
{   'Log': set(['1.0']),
    'Network': set(['1.0']),
    'Port': set(['1.1']),
    'QosPolicy': set(['1.6']),
    'SecurityGroup': set(['1.0']),
    'SecurityGroupRule': set(['1.0']),
    'SubPort': set(['1.0']),
    'Subnet': set(['1.0']),
    'Trunk': set(['1.1'])}

consumer versions:
{   DHCP agent@localhost.localdomain: {   },
    L3 agent@localhost.localdomain: {   },
    Metadata agent@localhost.localdomain: {   },
    Metering agent@localhost.localdomain: {   },
    Open vSwitch agent@localhost.localdomain: {   u'Log': u'1.0',
                                                  u'Network': u'1.0',
                                                  u'Port': u'1.1',
                                                  u'QosPolicy': u'1.6',
                                                  u'SecurityGroup': u'1.0',
                                                  u'SecurityGroupRule': u'1.0',
                                                  u'SubPort': u'1.0',
                                                  u'Subnet': u'1.0',
                                                  u'Trunk': u'1.1'}}
 report /usr/lib/python2.7/site-packages/neutron/api/rpc/callbacks/version_manager.py:178
2018-06-30 04:03:15.636 17859 DEBUG oslo_concurrency.lockutils [req-4ce8ae93-9748-4911-b3d8-03735eb4f9d4 - - - - -] Lock "event-dispatch" released by "neutron.plugins.ml2.ovo_rpc.dispatch_events" :: held 0.216s inner /usr/lib/python2.7/site-packages/oslo_concurrency/lockutils.py:282
2018-06-30 04:03:16.798 17860 DEBUG neutron.plugins.ml2.rpc [req-4ce8ae93-9748-4911-b3d8-03735eb4f9d4 - - - - -] Device f678c1be-97dd-44d8-9322-e56cdc481034 up at agent ovs-agent-localhost.localdomain update_device_up /usr/lib/python2.7/site-packages/neutron/plugins/ml2/rpc.py:244
2018-06-30 04:03:16.943 17860 DEBUG neutron.db.provisioning_blocks [req-4ce8ae93-9748-4911-b3d8-03735eb4f9d4 - - - - -] Provisioning complete for port f678c1be-97dd-44d8-9322-e56cdc481034 triggered by entity L2. provisioning_complete /usr/lib/python2.7/site-packages/neutron/db/provisioning_blocks.py:138
2018-06-30 04:03:16.944 17860 DEBUG neutron_lib.callbacks.manager [req-4ce8ae93-9748-4911-b3d8-03735eb4f9d4 - - - - -] Notify callbacks ['neutron.plugins.ml2.plugin.Ml2Plugin._port_provisioned-902052'] for port, provisioning_complete _notify_loop /usr/lib/python2.7/site-packages/neutron_lib/callbacks/manager.py:167
2018-06-30 04:03:20.170 17854 DEBUG neutron.wsgi [-] (17854) accepted ('10.0.20.23', 37004) server /usr/lib/python2.7/site-packages/eventlet/wsgi.py:883
2018-06-30 04:03:20.176 17854 INFO neutron.wsgi [-] 10.0.20.23 "GET / HTTP/1.1" status: 200  len: 252 time: 0.0041580
2018-06-30 04:03:20.995 17854 INFO neutron.pecan_wsgi.hooks.translation [req-d5302142-592c-46f2-a88e-04cb19116cb6 4ac91c4925604ed48e1f0d6bdd1bf713 c55641afad4e452b9d8c60d953aac481 - 02479d2768a749a1979d356515dfbc07 02479d2768a749a1979d356515dfbc07] GET failed (client error): The resource could not be found.
2018-06-30 04:03:20.998 17854 INFO neutron.wsgi [req-d5302142-592c-46f2-a88e-04cb19116cb6 4ac91c4925604ed48e1f0d6bdd1bf713 c55641afad4e452b9d8c60d953aac481 - 02479d2768a749a1979d356515dfbc07 02479d2768a749a1979d356515dfbc07] 10.0.20.23 "GET /v2.0/networks/tempest-private-1530323998 HTTP/1.1" status: 404  len: 334 time: 0.8141911
2018-06-30 04:03:21.326 17854 DEBUG neutron.pecan_wsgi.hooks.policy_enforcement [req-80c90220-14b1-479a-83b7-0f7cad9b3282 4ac91c4925604ed48e1f0d6bdd1bf713 c55641afad4e452b9d8c60d953aac481 - 02479d2768a749a1979d356515dfbc07 02479d2768a749a1979d356515dfbc07] Attributes excluded by policy engine: [u'vlan_transparent'] _exclude_attributes_by_policy /usr/lib/python2.7/site-packages/neutron/pecan_wsgi/hooks/policy_enforcement.py:256
2018-06-30 04:03:21.327 17854 DEBUG neutron.pecan_wsgi.hooks.policy_enforcement [req-80c90220-14b1-479a-83b7-0f7cad9b3282 4ac91c4925604ed48e1f0d6bdd1bf713 c55641afad4e452b9d8c60d953aac481 - 02479d2768a749a1979d356515dfbc07 02479d2768a749a1979d356515dfbc07] Attributes excluded by policy engine: [u'vlan_transparent'] _exclude_attributes_by_policy /usr/lib/python2.7/site-packages/neutron/pecan_wsgi/hooks/policy_enforcement.py:256
2018-06-30 04:03:21.328 17854 DEBUG neutron.pecan_wsgi.hooks.policy_enforcement [req-80c90220-14b1-479a-83b7-0f7cad9b3282 4ac91c4925604ed48e1f0d6bdd1bf713 c55641afad4e452b9d8c60d953aac481 - 02479d2768a749a1979d356515dfbc07 02479d2768a749a1979d356515dfbc07] Attributes excluded by policy engine: [u'vlan_transparent'] _exclude_attributes_by_policy /usr/lib/python2.7/site-packages/neutron/pecan_wsgi/hooks/policy_enforcement.py:256
2018-06-30 04:03:21.331 17854 INFO neutron.wsgi [req-80c90220-14b1-479a-83b7-0f7cad9b3282 4ac91c4925604ed48e1f0d6bdd1bf713 c55641afad4e452b9d8c60d953aac481 - 02479d2768a749a1979d356515dfbc07 02479d2768a749a1979d356515dfbc07] 10.0.20.23 "GET /v2.0/networks HTTP/1.1" status: 200  len: 2214 time: 0.3275599
2018-06-30 04:03:21.402 17854 INFO neutron.api.v2.resource [req-4bac3321-d705-45d8-8e39-903efadbcfb9 4ac91c4925604ed48e1f0d6bdd1bf713 c55641afad4e452b9d8c60d953aac481 - 02479d2768a749a1979d356515dfbc07 02479d2768a749a1979d356515dfbc07] show failed (client error): The resource could not be found.
2018-06-30 04:03:21.404 17854 INFO neutron.wsgi [req-4bac3321-d705-45d8-8e39-903efadbcfb9 4ac91c4925604ed48e1f0d6bdd1bf713 c55641afad4e452b9d8c60d953aac481 - 02479d2768a749a1979d356515dfbc07 02479d2768a749a1979d356515dfbc07] 10.0.20.23 "GET /v2.0/security-groups/tempest-SECURITY_GROUP_SAMPLE-1530323998 HTTP/1.1" status: 404  len: 360 time: 0.0568440
2018-06-30 04:03:21.637 17854 INFO neutron.wsgi [req-734a6471-2bc9-4ef0-8520-de63910a742e 4ac91c4925604ed48e1f0d6bdd1bf713 c55641afad4e452b9d8c60d953aac481 - 02479d2768a749a1979d356515dfbc07 02479d2768a749a1979d356515dfbc07] 10.0.20.23 "GET /v2.0/security-groups HTTP/1.1" status: 200  len: 21175 time: 0.2269518
2018-06-30 04:03:23.693 17861 DEBUG neutron_lib.callbacks.manager [req-4ce8ae93-9748-4911-b3d8-03735eb4f9d4 - - - - -] Notify callbacks ['neutron.services.segments.db._update_segment_host_mapping_for_agent-8756798935858'] for agent, after_update _notify_loop /usr/lib/python2.7/site-packages/neutron_lib/callbacks/manager.py:167
2018-06-30 04:03:24.468 17854 DEBUG neutron.wsgi [-] (17854) accepted ('10.0.20.23', 37276) server /usr/lib/python2.7/site-packages/eventlet/wsgi.py:883
2018-06-30 04:03:25.474 17854 INFO neutron.wsgi [req-64c373b6-367c-4e8c-9e3f-93dc54117765 4ac91c4925604ed48e1f0d6bdd1bf713 c55641afad4e452b9d8c60d953aac481 - 02479d2768a749a1979d356515dfbc07 02479d2768a749a1979d356515dfbc07] 10.0.20.23 "GET /v2.0/security-groups?fields=id&id=55374b78-471b-4a8a-abc7-00c980375169 HTTP/1.1" status: 200  len: 267 time: 1.0006139
2018-06-30 04:03:25.591 17854 INFO neutron.wsgi [req-80bc28f4-8983-4bdb-b31c-1ee3275951fe 4ac91c4925604ed48e1f0d6bdd1bf713 c55641afad4e452b9d8c60d953aac481 - 02479d2768a749a1979d356515dfbc07 02479d2768a749a1979d356515dfbc07] 10.0.20.23 "GET /v2.0/security-groups/55374b78-471b-4a8a-abc7-00c980375169 HTTP/1.1" status: 200  len: 2115 time: 0.1111050
2018-06-30 04:03:25.898 17854 DEBUG neutron.pecan_wsgi.hooks.policy_enforcement [req-4467af1c-ab95-4489-a382-68c505fc9858 4ac91c4925604ed48e1f0d6bdd1bf713 c55641afad4e452b9d8c60d953aac481 - 02479d2768a749a1979d356515dfbc07 02479d2768a749a1979d356515dfbc07] Attributes excluded by policy engine: [u'vlan_transparent'] _exclude_attributes_by_policy /usr/lib/python2.7/site-packages/neutron/pecan_wsgi/hooks/policy_enforcement.py:256
2018-06-30 04:03:25.901 17854 INFO neutron.wsgi [req-4467af1c-ab95-4489-a382-68c505fc9858 4ac91c4925604ed48e1f0d6bdd1bf713 c55641afad4e452b9d8c60d953aac481 - 02479d2768a749a1979d356515dfbc07 02479d2768a749a1979d356515dfbc07] 10.0.20.23 "GET /v2.0/networks?id=aac47eba-2ac3-481c-b881-659504a2af97 HTTP/1.1" status: 200  len: 885 time: 0.3013520
2018-06-30 04:03:25.949 17854 INFO neutron.wsgi [req-6a53c31e-e925-47ad-bffa-1d0655ffb6e2 4ac91c4925604ed48e1f0d6bdd1bf713 c55641afad4e452b9d8c60d953aac481 - 02479d2768a749a1979d356515dfbc07 02479d2768a749a1979d356515dfbc07] 10.0.20.23 "GET /v2.0/quotas/c55641afad4e452b9d8c60d953aac481 HTTP/1.1" status: 200  len: 373 time: 0.0368230
2018-06-30 04:03:26.111 17854 INFO neutron.wsgi [req-61af495f-b3cb-464f-85f4-7872d24b9ec4 4ac91c4925604ed48e1f0d6bdd1bf713 c55641afad4e452b9d8c60d953aac481 - 02479d2768a749a1979d356515dfbc07 02479d2768a749a1979d356515dfbc07] 10.0.20.23 "GET /v2.0/ports?fields=id&tenant_id=c55641afad4e452b9d8c60d953aac481 HTTP/1.1" status: 200  len: 302 time: 0.1530120
2018-06-30 04:03:26.970 17867 DEBUG neutron_lib.callbacks.manager [req-51513e3d-3d4f-4dd7-9e15-b7e55e646988 - - - - -] Notify callbacks ['neutron.services.segments.db._update_segment_host_mapping_for_agent-8756798935858'] for agent, after_update _notify_loop /usr/lib/python2.7/site-packages/neutron_lib/callbacks/manager.py:167
2018-06-30 04:03:26.976 17865 DEBUG neutron_lib.callbacks.manager [req-0069fc34-346a-41fa-9b9f-724240912623 - - - - -] Notify callbacks ['neutron.services.segments.db._update_segment_host_mapping_for_agent-8756798935858'] for agent, after_update _notify_loop /usr/lib/python2.7/site-packages/neutron_lib/callbacks/manager.py:167
2018-06-30 04:03:26.997 17862 DEBUG neutron_lib.callbacks.manager [req-c7ebd515-9ebc-4231-a73a-23946276bc05 - - - - -] Notify callbacks ['neutron.services.segments.db._update_segment_host_mapping_for_agent-8756798935858'] for agent, after_update _notify_loop /usr/lib/python2.7/site-packages/neutron_lib/callbacks/manager.py:167
2018-06-30 04:03:27.404 17854 INFO neutron.wsgi [req-f8145bc5-18a4-471c-9c2c-6d099e8e24b7 4ac91c4925604ed48e1f0d6bdd1bf713 c55641afad4e452b9d8c60d953aac481 - 02479d2768a749a1979d356515dfbc07 02479d2768a749a1979d356515dfbc07] 10.0.20.23 "GET /v2.0/ports?device_id=c99768f8-cd4d-4ac2-985f-11c1b86bdddc HTTP/1.1" status: 200  len: 210 time: 0.0860941
2018-06-30 04:03:27.763 17860 DEBUG neutron_lib.callbacks.manager [req-e7b5d936-1d2e-4be1-abf7-fb89ab589f9e - - - - -] Notify callbacks ['neutron.services.segments.db._update_segment_host_mapping_for_agent-8756798935858'] for agent, after_update _notify_loop /usr/lib/python2.7/site-packages/neutron_lib/callbacks/manager.py:167
2018-06-30 04:03:31.470 17868 DEBUG neutron.db.agents_db [req-160ed840-9940-4f6f-9406-b6f7d951e85e - - - - -] Agent healthcheck: found 5 active agents agent_health_check /usr/lib/python2.7/site-packages/neutron/db/agents_db.py:281
2018-06-30 04:03:34.523 17852 DEBUG neutron.wsgi [-] (17852) accepted ('10.0.20.23', 37374) server /usr/lib/python2.7/site-packages/eventlet/wsgi.py:883
2018-06-30 04:03:34.966 17854 DEBUG neutron.pecan_wsgi.hooks.policy_enforcement [req-06b5329b-59d4-49f3-834d-9ebdbf826a82 4ac91c4925604ed48e1f0d6bdd1bf713 c55641afad4e452b9d8c60d953aac481 - 02479d2768a749a1979d356515dfbc07 02479d2768a749a1979d356515dfbc07] Attributes excluded by policy engine: [u'vlan_transparent'] _exclude_attributes_by_policy /usr/lib/python2.7/site-packages/neutron/pecan_wsgi/hooks/policy_enforcement.py:256
2018-06-30 04:03:34.971 17854 INFO neutron.wsgi [req-06b5329b-59d4-49f3-834d-9ebdbf826a82 4ac91c4925604ed48e1f0d6bdd1bf713 c55641afad4e452b9d8c60d953aac481 - 02479d2768a749a1979d356515dfbc07 02479d2768a749a1979d356515dfbc07] 10.0.20.23 "GET /v2.0/networks?id=aac47eba-2ac3-481c-b881-659504a2af97 HTTP/1.1" status: 200  len: 885 time: 0.2512090
2018-06-30 04:03:35.049 17852 WARNING keystonemiddleware.auth_token [-] A valid token was submitted as a service token, but it was not a valid service token. This is incorrect but backwards compatible behaviour. This will be removed in future releases.
2018-06-30 04:03:35.173 17854 INFO neutron.wsgi [req-11dc809b-a5d4-4d3f-8c08-b8b53a663420 4ac91c4925604ed48e1f0d6bdd1bf713 c55641afad4e452b9d8c60d953aac481 - 02479d2768a749a1979d356515dfbc07 02479d2768a749a1979d356515dfbc07] 10.0.20.23 "GET /v2.0/security-groups?tenant_id=c55641afad4e452b9d8c60d953aac481 HTTP/1.1" status: 200  len: 4540 time: 0.1830869
2018-06-30 04:03:35.206 17854 DEBUG neutron.api.v2.base [req-54e1beb1-bcb8-4bd2-ac72-55bfecd8f92b 4ac91c4925604ed48e1f0d6bdd1bf713 c55641afad4e452b9d8c60d953aac481 - 02479d2768a749a1979d356515dfbc07 02479d2768a749a1979d356515dfbc07] Request body: {u'port': {u'network_id': u'aac47eba-2ac3-481c-b881-659504a2af97', u'tenant_id': u'c55641afad4e452b9d8c60d953aac481', u'device_id': u'c99768f8-cd4d-4ac2-985f-11c1b86bdddc', u'security_groups': [u'55374b78-471b-4a8a-abc7-00c980375169'], u'admin_state_up': True}} prepare_request_body /usr/lib/python2.7/site-packages/neutron/api/v2/base.py:695
2018-06-30 04:03:35.211 17854 INFO neutron.quota [req-54e1beb1-bcb8-4bd2-ac72-55bfecd8f92b 4ac91c4925604ed48e1f0d6bdd1bf713 c55641afad4e452b9d8c60d953aac481 - 02479d2768a749a1979d356515dfbc07 02479d2768a749a1979d356515dfbc07] Loaded quota_driver: <neutron.db.quota.driver.DbQuotaDriver object at 0x7f6d9d251a50>.
2018-06-30 04:03:35.222 17854 DEBUG neutron.db.quota.driver [req-54e1beb1-bcb8-4bd2-ac72-55bfecd8f92b 4ac91c4925604ed48e1f0d6bdd1bf713 c55641afad4e452b9d8c60d953aac481 - 02479d2768a749a1979d356515dfbc07 02479d2768a749a1979d356515dfbc07] Resources subnetpool have unlimited quota limit. It is not required to calculate headroom  make_reservation /usr/lib/python2.7/site-packages/neutron/db/quota/driver.py:223
2018-06-30 04:03:35.248 17854 DEBUG neutron.quota.resource [req-54e1beb1-bcb8-4bd2-ac72-55bfecd8f92b 4ac91c4925604ed48e1f0d6bdd1bf713 c55641afad4e452b9d8c60d953aac481 - 02479d2768a749a1979d356515dfbc07 02479d2768a749a1979d356515dfbc07] Usage tracker for resource:port and tenant:c55641afad4e452b9d8c60d953aac481 is out of sync, need to count used quota count_used /usr/lib/python2.7/site-packages/neutron/quota/resource.py:274
2018-06-30 04:03:35.268 17854 DEBUG neutron.quota.resource [req-54e1beb1-bcb8-4bd2-ac72-55bfecd8f92b 4ac91c4925604ed48e1f0d6bdd1bf713 c55641afad4e452b9d8c60d953aac481 - 02479d2768a749a1979d356515dfbc07 02479d2768a749a1979d356515dfbc07] Quota usage for port was recalculated. Used quota:2. count_used /usr/lib/python2.7/site-packages/neutron/quota/resource.py:293
2018-06-30 04:03:35.285 17854 DEBUG neutron.db.quota.driver [req-54e1beb1-bcb8-4bd2-ac72-55bfecd8f92b 4ac91c4925604ed48e1f0d6bdd1bf713 c55641afad4e452b9d8c60d953aac481 - 02479d2768a749a1979d356515dfbc07 02479d2768a749a1979d356515dfbc07] Attempting to reserve 1 items for resource port. Total usage: 2; quota limit: 500; headroom:498 make_reservation /usr/lib/python2.7/site-packages/neutron/db/quota/driver.py:255
2018-06-30 04:03:35.359 17854 DEBUG neutron.pecan_wsgi.hooks.quota_enforcement [req-54e1beb1-bcb8-4bd2-ac72-55bfecd8f92b 4ac91c4925604ed48e1f0d6bdd1bf713 c55641afad4e452b9d8c60d953aac481 - 02479d2768a749a1979d356515dfbc07 02479d2768a749a1979d356515dfbc07] Made reservation on behalf of c55641afad4e452b9d8c60d953aac481 for: {'port': 1} before /usr/lib/python2.7/site-packages/neutron/pecan_wsgi/hooks/quota_enforcement.py:55
2018-06-30 04:03:35.440 17854 DEBUG neutron_lib.callbacks.manager [req-54e1beb1-bcb8-4bd2-ac72-55bfecd8f92b 4ac91c4925604ed48e1f0d6bdd1bf713 c55641afad4e452b9d8c60d953aac481 - 02479d2768a749a1979d356515dfbc07 02479d2768a749a1979d356515dfbc07] Notify callbacks ['neutron.plugins.ml2.plugin.Ml2Plugin._ensure_default_security_group_handler--9223372036854328728'] for port, before_create _notify_loop /usr/lib/python2.7/site-packages/neutron_lib/callbacks/manager.py:167
2018-06-30 04:03:35.935 17852 INFO neutron.wsgi [req-9c9f41fe-6e61-4707-9d38-b1a90ae3beb3 4ac91c4925604ed48e1f0d6bdd1bf713 c55641afad4e452b9d8c60d953aac481 - 02479d2768a749a1979d356515dfbc07 02479d2768a749a1979d356515dfbc07] 10.0.20.23 "GET /v2.0/ports?device_id=c99768f8-cd4d-4ac2-985f-11c1b86bdddc HTTP/1.1" status: 200  len: 210 time: 1.4011939
2018-06-30 04:03:36.356 17854 DEBUG neutron.db.db_base_plugin_common [req-54e1beb1-bcb8-4bd2-ac72-55bfecd8f92b 4ac91c4925604ed48e1f0d6bdd1bf713 c55641afad4e452b9d8c60d953aac481 - 02479d2768a749a1979d356515dfbc07 02479d2768a749a1979d356515dfbc07] Allocated IP 11.237.1.12 (aac47eba-2ac3-481c-b881-659504a2af97/4643b92f-622a-4050-afa6-76221de11800/7e58e175-9bfb-4496-b5f2-3502c0a47148) _store_ip_allocation /usr/lib/python2.7/site-packages/neutron/db/db_base_plugin_common.py:122
2018-06-30 04:03:37.717 17854 DEBUG neutron_lib.callbacks.manager [req-54e1beb1-bcb8-4bd2-ac72-55bfecd8f92b 4ac91c4925604ed48e1f0d6bdd1bf713 c55641afad4e452b9d8c60d953aac481 - 02479d2768a749a1979d356515dfbc07 02479d2768a749a1979d356515dfbc07] Notify callbacks [] for port, precommit_create _notify_loop /usr/lib/python2.7/site-packages/neutron_lib/callbacks/manager.py:167
2018-06-30 04:03:37.768 17854 DEBUG neutron.db.provisioning_blocks [req-54e1beb1-bcb8-4bd2-ac72-55bfecd8f92b 4ac91c4925604ed48e1f0d6bdd1bf713 c55641afad4e452b9d8c60d953aac481 - 02479d2768a749a1979d356515dfbc07 02479d2768a749a1979d356515dfbc07] Transition to ACTIVE for port object 7e58e175-9bfb-4496-b5f2-3502c0a47148 will not be triggered until provisioned by entity DHCP. add_provisioning_component /usr/lib/python2.7/site-packages/neutron/db/provisioning_blocks.py:73
2018-06-30 04:03:37.873 17854 DEBUG neutron_lib.callbacks.manager [req-54e1beb1-bcb8-4bd2-ac72-55bfecd8f92b 4ac91c4925604ed48e1f0d6bdd1bf713 c55641afad4e452b9d8c60d953aac481 - 02479d2768a749a1979d356515dfbc07 02479d2768a749a1979d356515dfbc07] Notify callbacks ['neutron.plugins.ml2.plugin.Ml2Plugin.notify_sg_on_port_change-447189', 'neutron.api.rpc.agentnotifiers.dhcp_rpc_agent_api.DhcpAgentNotifyAPI._native_event_send_dhcp_notification-3562519', 'neutron.db.l3_dvrscheduler_db._notify_l3_agent_new_port-8756798573497', 'neutron.plugins.ml2.ovo_rpc._ObjectChangeHandler.handle_event-3781166'] for port, after_create _notify_loop /usr/lib/python2.7/site-packages/neutron_lib/callbacks/manager.py:167
2018-06-30 04:03:38.940 17854 DEBUG neutron.scheduler.dhcp_agent_scheduler [req-54e1beb1-bcb8-4bd2-ac72-55bfecd8f92b 4ac91c4925604ed48e1f0d6bdd1bf713 c55641afad4e452b9d8c60d953aac481 - 02479d2768a749a1979d356515dfbc07 02479d2768a749a1979d356515dfbc07] Network aac47eba-2ac3-481c-b881-659504a2af97 is already hosted by enough agents. _get_dhcp_agents_hosting_network /usr/lib/python2.7/site-packages/neutron/scheduler/dhcp_agent_scheduler.py:243
2018-06-30 04:03:39.027 17854 DEBUG neutron.db.l3_dvrscheduler_db [req-54e1beb1-bcb8-4bd2-ac72-55bfecd8f92b 4ac91c4925604ed48e1f0d6bdd1bf713 c55641afad4e452b9d8c60d953aac481 - 02479d2768a749a1979d356515dfbc07 02479d2768a749a1979d356515dfbc07] Received port after_create _notify_l3_agent_new_port /usr/lib/python2.7/site-packages/neutron/db/l3_dvrscheduler_db.py:392
2018-06-30 04:03:39.031 17854 DEBUG neutron_lib.callbacks.manager [req-54e1beb1-bcb8-4bd2-ac72-55bfecd8f92b 4ac91c4925604ed48e1f0d6bdd1bf713 c55641afad4e452b9d8c60d953aac481 - 02479d2768a749a1979d356515dfbc07 02479d2768a749a1979d356515dfbc07] Notify callbacks ['neutron.api.rpc.agentnotifiers.dhcp_rpc_agent_api.DhcpAgentNotifyAPI._send_dhcp_notification-3562500', 'neutron.notifiers.nova.Notifier._send_nova_notification--9223372036854769968'] for port, before_response _notify_loop /usr/lib/python2.7/site-packages/neutron_lib/callbacks/manager.py:167
2018-06-30 04:03:39.035 17854 DEBUG oslo_concurrency.lockutils [-] Lock "event-dispatch" acquired by "neutron.plugins.ml2.ovo_rpc.dispatch_events" :: waited 0.000s inner /usr/lib/python2.7/site-packages/oslo_concurrency/lockutils.py:270
2018-06-30 04:03:39.245 17862 DEBUG neutron.db.provisioning_blocks [req-8fd74277-937d-47e0-9284-07b01cc15e15 - - - - -] Provisioning for port 7e58e175-9bfb-4496-b5f2-3502c0a47148 completed by entity DHCP. provisioning_complete /usr/lib/python2.7/site-packages/neutron/db/provisioning_blocks.py:132
2018-06-30 04:03:39.304 17862 DEBUG neutron.db.provisioning_blocks [req-8fd74277-937d-47e0-9284-07b01cc15e15 - - - - -] Provisioning complete for port 7e58e175-9bfb-4496-b5f2-3502c0a47148 triggered by entity DHCP. provisioning_complete /usr/lib/python2.7/site-packages/neutron/db/provisioning_blocks.py:138
2018-06-30 04:03:39.304 17862 DEBUG neutron_lib.callbacks.manager [req-8fd74277-937d-47e0-9284-07b01cc15e15 - - - - -] Notify callbacks ['neutron.plugins.ml2.plugin.Ml2Plugin._port_provisioned-902052'] for port, provisioning_complete _notify_loop /usr/lib/python2.7/site-packages/neutron_lib/callbacks/manager.py:167
2018-06-30 04:03:39.320 17854 DEBUG neutron.quota.resource [req-54e1beb1-bcb8-4bd2-ac72-55bfecd8f92b 4ac91c4925604ed48e1f0d6bdd1bf713 c55641afad4e452b9d8c60d953aac481 - 02479d2768a749a1979d356515dfbc07 02479d2768a749a1979d356515dfbc07] Persisted dirty status for tenant:c55641afad4e452b9d8c60d953aac481 on resource:port mark_dirty /usr/lib/python2.7/site-packages/neutron/quota/resource.py:207
2018-06-30 04:03:39.341 17854 DEBUG neutron.api.rpc.handlers.resources_rpc [req-54e1beb1-bcb8-4bd2-ac72-55bfecd8f92b 4ac91c4925604ed48e1f0d6bdd1bf713 c55641afad4e452b9d8c60d953aac481 - - -] neutron.api.rpc.handlers.resources_rpc.ResourcesPushRpcApi method push called with arguments (<neutron_lib.context.Context object at 0x7f6d9cc0d050>, [Port(admin_state_up=True,allowed_address_pairs=[],binding=PortBinding,binding_levels=[],created_at=2018-06-30T02:03:35Z,data_plane_status=<?>,description='',device_id='c99768f8-cd4d-4ac2-985f-11c1b86bdddc',device_owner='',dhcp_options=[],distributed_binding=None,dns=None,fixed_ips=[IPAllocation],id=7e58e175-9bfb-4496-b5f2-3502c0a47148,mac_address=fa:16:3e:5d:8a:78,name='',network_id=aac47eba-2ac3-481c-b881-659504a2af97,project_id='c55641afad4e452b9d8c60d953aac481',qos_policy_id=None,revision_number=3,security=PortSecurity(7e58e175-9bfb-4496-b5f2-3502c0a47148),security_group_ids=set([55374b78-471b-4a8a-abc7-00c980375169]),status='DOWN',updated_at=2018-06-30T02:03:36Z)], 'updated') {} wrapper /usr/lib/python2.7/site-packages/oslo_log/helpers.py:66
2018-06-30 04:03:39.364 17854 INFO neutron.wsgi [req-54e1beb1-bcb8-4bd2-ac72-55bfecd8f92b 4ac91c4925604ed48e1f0d6bdd1bf713 c55641afad4e452b9d8c60d953aac481 - 02479d2768a749a1979d356515dfbc07 02479d2768a749a1979d356515dfbc07] 10.0.20.23 "POST /v2.0/ports HTTP/1.1" status: 201  len: 1030 time: 4.1806839
2018-06-30 04:03:39.368 17854 DEBUG neutron.api.rpc.callbacks.version_manager [req-54e1beb1-bcb8-4bd2-ac72-55bfecd8f92b 4ac91c4925604ed48e1f0d6bdd1bf713 c55641afad4e452b9d8c60d953aac481 - - -] Version for resource type Subnet changed None to 1.0 on consumer Open vSwitch agent@localhost.localdomain _set_version /usr/lib/python2.7/site-packages/neutron/api/rpc/callbacks/version_manager.py:119
2018-06-30 04:03:39.369 17854 DEBUG neutron.api.rpc.callbacks.version_manager [req-54e1beb1-bcb8-4bd2-ac72-55bfecd8f92b 4ac91c4925604ed48e1f0d6bdd1bf713 c55641afad4e452b9d8c60d953aac481 - - -] Version for resource type Network changed None to 1.0 on consumer Open vSwitch agent@localhost.localdomain _set_version /usr/lib/python2.7/site-packages/neutron/api/rpc/callbacks/version_manager.py:119
2018-06-30 04:03:39.370 17854 DEBUG neutron.api.rpc.callbacks.version_manager [req-54e1beb1-bcb8-4bd2-ac72-55bfecd8f92b 4ac91c4925604ed48e1f0d6bdd1bf713 c55641afad4e452b9d8c60d953aac481 - - -] Version for resource type SubPort changed None to 1.0 on consumer Open vSwitch agent@localhost.localdomain _set_version /usr/lib/python2.7/site-packages/neutron/api/rpc/callbacks/version_manager.py:119
2018-06-30 04:03:39.370 17854 DEBUG neutron.api.rpc.callbacks.version_manager [req-54e1beb1-bcb8-4bd2-ac72-55bfecd8f92b 4ac91c4925604ed48e1f0d6bdd1bf713 c55641afad4e452b9d8c60d953aac481 - - -] Version for resource type SecurityGroup changed None to 1.0 on consumer Open vSwitch agent@localhost.localdomain _set_version /usr/lib/python2.7/site-packages/neutron/api/rpc/callbacks/version_manager.py:119
2018-06-30 04:03:39.371 17854 DEBUG neutron.api.rpc.callbacks.version_manager [req-54e1beb1-bcb8-4bd2-ac72-55bfecd8f92b 4ac91c4925604ed48e1f0d6bdd1bf713 c55641afad4e452b9d8c60d953aac481 - - -] Version for resource type SecurityGroupRule changed None to 1.0 on consumer Open vSwitch agent@localhost.localdomain _set_version /usr/lib/python2.7/site-packages/neutron/api/rpc/callbacks/version_manager.py:119
2018-06-30 04:03:39.372 17854 DEBUG neutron.api.rpc.callbacks.version_manager [req-54e1beb1-bcb8-4bd2-ac72-55bfecd8f92b 4ac91c4925604ed48e1f0d6bdd1bf713 c55641afad4e452b9d8c60d953aac481 - - -] Version for resource type Trunk changed None to 1.1 on consumer Open vSwitch agent@localhost.localdomain _set_version /usr/lib/python2.7/site-packages/neutron/api/rpc/callbacks/version_manager.py:119
2018-06-30 04:03:39.373 17854 DEBUG neutron.api.rpc.callbacks.version_manager [req-54e1beb1-bcb8-4bd2-ac72-55bfecd8f92b 4ac91c4925604ed48e1f0d6bdd1bf713 c55641afad4e452b9d8c60d953aac481 - - -] Version for resource type QosPolicy changed None to 1.6 on consumer Open vSwitch agent@localhost.localdomain _set_version /usr/lib/python2.7/site-packages/neutron/api/rpc/callbacks/version_manager.py:119
2018-06-30 04:03:39.373 17854 DEBUG neutron.api.rpc.callbacks.version_manager [req-54e1beb1-bcb8-4bd2-ac72-55bfecd8f92b 4ac91c4925604ed48e1f0d6bdd1bf713 c55641afad4e452b9d8c60d953aac481 - - -] Version for resource type Port changed None to 1.1 on consumer Open vSwitch agent@localhost.localdomain _set_version /usr/lib/python2.7/site-packages/neutron/api/rpc/callbacks/version_manager.py:119
2018-06-30 04:03:39.374 17854 DEBUG neutron.api.rpc.callbacks.version_manager [req-54e1beb1-bcb8-4bd2-ac72-55bfecd8f92b 4ac91c4925604ed48e1f0d6bdd1bf713 c55641afad4e452b9d8c60d953aac481 - - -] Version for resource type Log changed None to 1.0 on consumer Open vSwitch agent@localhost.localdomain _set_version /usr/lib/python2.7/site-packages/neutron/api/rpc/callbacks/version_manager.py:119
2018-06-30 04:03:39.377 17854 DEBUG neutron.api.rpc.callbacks.version_manager [req-54e1beb1-bcb8-4bd2-ac72-55bfecd8f92b 4ac91c4925604ed48e1f0d6bdd1bf713 c55641afad4e452b9d8c60d953aac481 - - -] Tracked resource versions report:
pushed versions:
{   'Log': set(['1.0']),
    'Network': set(['1.0']),
    'Port': set(['1.1']),
    'QosPolicy': set(['1.6']),
    'SecurityGroup': set(['1.0']),
    'SecurityGroupRule': set(['1.0']),
    'SubPort': set(['1.0']),
    'Subnet': set(['1.0']),
    'Trunk': set(['1.1'])}

consumer versions:
{   DHCP agent@localhost.localdomain: {   },
    L3 agent@localhost.localdomain: {   },
    Metadata agent@localhost.localdomain: {   },
    Metering agent@localhost.localdomain: {   },
    Open vSwitch agent@localhost.localdomain: {   u'Log': u'1.0',
                                                  u'Network': u'1.0',
                                                  u'Port': u'1.1',
                                                  u'QosPolicy': u'1.6',
                                                  u'SecurityGroup': u'1.0',
                                                  u'SecurityGroupRule': u'1.0',
                                                  u'SubPort': u'1.0',
                                                  u'Subnet': u'1.0',
                                                  u'Trunk': u'1.1'}}
 report /usr/lib/python2.7/site-packages/neutron/api/rpc/callbacks/version_manager.py:178
2018-06-30 04:03:39.415 17854 DEBUG neutron.wsgi [req-c07b8f3d-3669-4128-87de-17497eb51e5b 4ac91c4925604ed48e1f0d6bdd1bf713 c55641afad4e452b9d8c60d953aac481 - 02479d2768a749a1979d356515dfbc07 02479d2768a749a1979d356515dfbc07] http://10.0.20.23:9696/v2.0/extensions returned with HTTP 200 __call__ /usr/lib/python2.7/site-packages/neutron/wsgi.py:715
2018-06-30 04:03:39.417 17854 INFO neutron.wsgi [req-c07b8f3d-3669-4128-87de-17497eb51e5b 4ac91c4925604ed48e1f0d6bdd1bf713 c55641afad4e452b9d8c60d953aac481 - 02479d2768a749a1979d356515dfbc07 02479d2768a749a1979d356515dfbc07] 10.0.20.23 "GET /v2.0/extensions HTTP/1.1" status: 200  len: 8566 time: 0.0219221
2018-06-30 04:03:39.451 17862 DEBUG neutron.plugins.ml2.plugin [req-8fd74277-937d-47e0-9284-07b01cc15e15 - - - - -] Port 7e58e175-9bfb-4496-b5f2-3502c0a47148 cannot update to ACTIVE because it is not bound. _port_provisioned /usr/lib/python2.7/site-packages/neutron/plugins/ml2/plugin.py:244
2018-06-30 04:03:39.464 17854 DEBUG oslo_concurrency.lockutils [req-54e1beb1-bcb8-4bd2-ac72-55bfecd8f92b 4ac91c4925604ed48e1f0d6bdd1bf713 c55641afad4e452b9d8c60d953aac481 - - -] Lock "event-dispatch" released by "neutron.plugins.ml2.ovo_rpc.dispatch_events" :: held 0.430s inner /usr/lib/python2.7/site-packages/oslo_concurrency/lockutils.py:282
2018-06-30 04:03:40.058 17854 DEBUG neutron.api.v2.base [req-2643b2a0-703c-41e5-a8c0-886c9e12ed07 72eef6c8af39495084702b0217df08d6 4340e242277144a39aad7507a87ea19b - default default] Request body: {u'port': {u'device_owner': u'compute:nova', u'binding:host_id': u'localhost.localdomain', u'device_id': u'c99768f8-cd4d-4ac2-985f-11c1b86bdddc'}} prepare_request_body /usr/lib/python2.7/site-packages/neutron/api/v2/base.py:695
2018-06-30 04:03:40.812 17854 DEBUG neutron_lib.callbacks.manager [req-2643b2a0-703c-41e5-a8c0-886c9e12ed07 72eef6c8af39495084702b0217df08d6 4340e242277144a39aad7507a87ea19b - default default] Notify callbacks ['neutron.plugins.ml2.plugin.Ml2Plugin._ensure_default_security_group_handler--9223372036854328728'] for port, before_update _notify_loop /usr/lib/python2.7/site-packages/neutron_lib/callbacks/manager.py:167
2018-06-30 04:03:41.963 17852 DEBUG neutron.wsgi [-] (17852) accepted ('10.0.20.23', 37716) server /usr/lib/python2.7/site-packages/eventlet/wsgi.py:883
2018-06-30 04:03:42.013 17854 DEBUG neutron.notifiers.nova [req-2643b2a0-703c-41e5-a8c0-886c9e12ed07 72eef6c8af39495084702b0217df08d6 4340e242277144a39aad7507a87ea19b - default default] Ignoring state change previous_port_status: DOWN current_port_status: DOWN port_id 7e58e175-9bfb-4496-b5f2-3502c0a47148 record_port_status_changed /usr/lib/python2.7/site-packages/neutron/notifiers/nova.py:209
2018-06-30 04:03:42.026 17854 DEBUG neutron_lib.callbacks.manager [req-2643b2a0-703c-41e5-a8c0-886c9e12ed07 72eef6c8af39495084702b0217df08d6 4340e242277144a39aad7507a87ea19b - default default] Notify callbacks [] for port, precommit_update _notify_loop /usr/lib/python2.7/site-packages/neutron_lib/callbacks/manager.py:167
2018-06-30 04:03:42.050 17854 DEBUG neutron.db.provisioning_blocks [req-2643b2a0-703c-41e5-a8c0-886c9e12ed07 72eef6c8af39495084702b0217df08d6 4340e242277144a39aad7507a87ea19b - default default] Transition to ACTIVE for port object 7e58e175-9bfb-4496-b5f2-3502c0a47148 will not be triggered until provisioned by entity L2. add_provisioning_component /usr/lib/python2.7/site-packages/neutron/db/provisioning_blocks.py:73
2018-06-30 04:03:42.106 17854 DEBUG neutron_lib.callbacks.manager [req-2643b2a0-703c-41e5-a8c0-886c9e12ed07 72eef6c8af39495084702b0217df08d6 4340e242277144a39aad7507a87ea19b - default default] Notify callbacks ['neutron.plugins.ml2.plugin.Ml2Plugin.notify_sg_on_port_change-447189', 'neutron.api.rpc.agentnotifiers.dhcp_rpc_agent_api.DhcpAgentNotifyAPI._native_event_send_dhcp_notification-3562519', 'neutron.plugins.ml2.ovo_rpc._ObjectChangeHandler.handle_event-3781166', 'neutron.db.l3_hascheduler_db._notify_l3_agent_ha_port_update--9223363280056206565', 'neutron.db.l3_dvrscheduler_db._notify_l3_agent_port_update-8756798573512'] for port, after_update _notify_loop /usr/lib/python2.7/site-packages/neutron_lib/callbacks/manager.py:167
2018-06-30 04:03:42.515 17854 DEBUG oslo_concurrency.lockutils [-] Lock "event-dispatch" acquired by "neutron.plugins.ml2.ovo_rpc.dispatch_events" :: waited 0.000s inner /usr/lib/python2.7/site-packages/oslo_concurrency/lockutils.py:270
2018-06-30 04:03:42.944 17854 DEBUG neutron.api.rpc.handlers.resources_rpc [req-2643b2a0-703c-41e5-a8c0-886c9e12ed07 72eef6c8af39495084702b0217df08d6 4340e242277144a39aad7507a87ea19b - - -] neutron.api.rpc.handlers.resources_rpc.ResourcesPushRpcApi method push called with arguments (<neutron_lib.context.Context object at 0x7f6d9ce2ebd0>, [Port(admin_state_up=True,allowed_address_pairs=[],binding=PortBinding,binding_levels=[],created_at=2018-06-30T02:03:35Z,data_plane_status=<?>,description='',device_id='c99768f8-cd4d-4ac2-985f-11c1b86bdddc',device_owner='compute:nova',dhcp_options=[],distributed_binding=None,dns=None,fixed_ips=[IPAllocation],id=7e58e175-9bfb-4496-b5f2-3502c0a47148,mac_address=fa:16:3e:5d:8a:78,name='',network_id=aac47eba-2ac3-481c-b881-659504a2af97,project_id='c55641afad4e452b9d8c60d953aac481',qos_policy_id=None,revision_number=4,security=PortSecurity(7e58e175-9bfb-4496-b5f2-3502c0a47148),security_group_ids=set([55374b78-471b-4a8a-abc7-00c980375169]),status='DOWN',updated_at=2018-06-30T02:03:42Z)], 'updated') {} wrapper /usr/lib/python2.7/site-packages/oslo_log/helpers.py:66
2018-06-30 04:03:42.968 17854 DEBUG neutron.plugins.ml2.managers [req-2643b2a0-703c-41e5-a8c0-886c9e12ed07 72eef6c8af39495084702b0217df08d6 4340e242277144a39aad7507a87ea19b - default default] Attempting to bind port 7e58e175-9bfb-4496-b5f2-3502c0a47148 on host localhost.localdomain for vnic_type normal with profile  bind_port /usr/lib/python2.7/site-packages/neutron/plugins/ml2/managers.py:744
2018-06-30 04:03:42.969 17854 DEBUG neutron.plugins.ml2.managers [req-2643b2a0-703c-41e5-a8c0-886c9e12ed07 72eef6c8af39495084702b0217df08d6 4340e242277144a39aad7507a87ea19b - default default] Attempting to bind port 7e58e175-9bfb-4496-b5f2-3502c0a47148 on host localhost.localdomain at level 0 using segments [{'network_id': 'aac47eba-2ac3-481c-b881-659504a2af97', 'segmentation_id': 91, 'physical_network': None, 'id': '36f10cb0-9660-4225-90ef-f5d2583bdd5b', 'network_type': u'vxlan'}] _bind_port_level /usr/lib/python2.7/site-packages/neutron/plugins/ml2/managers.py:765
2018-06-30 04:03:42.970 17854 DEBUG neutron.plugins.ml2.drivers.mech_agent [req-2643b2a0-703c-41e5-a8c0-886c9e12ed07 72eef6c8af39495084702b0217df08d6 4340e242277144a39aad7507a87ea19b - default default] Attempting to bind port 7e58e175-9bfb-4496-b5f2-3502c0a47148 on network aac47eba-2ac3-481c-b881-659504a2af97 bind_port /usr/lib/python2.7/site-packages/neutron/plugins/ml2/drivers/mech_agent.py:88
2018-06-30 04:03:42.977 17854 DEBUG oslo_concurrency.lockutils [req-2643b2a0-703c-41e5-a8c0-886c9e12ed07 72eef6c8af39495084702b0217df08d6 4340e242277144a39aad7507a87ea19b - - -] Lock "event-dispatch" released by "neutron.plugins.ml2.ovo_rpc.dispatch_events" :: held 0.462s inner /usr/lib/python2.7/site-packages/oslo_concurrency/lockutils.py:282
2018-06-30 04:03:42.979 17852 INFO neutron.wsgi [req-13772a7a-6dc4-4b3d-887e-8d049b8b9c40 72eef6c8af39495084702b0217df08d6 4340e242277144a39aad7507a87ea19b - default default] 10.0.20.23 "GET /v2.0/ports?tenant_id=007e7f1ed2554995b505b934dd328646&device_id=f14c2b46-9095-4307-a38c-260473ea3ec3 HTTP/1.1" status: 200  len: 1125 time: 1.0141740
2018-06-30 04:03:42.982 17854 DEBUG neutron.plugins.ml2.drivers.mech_agent [req-2643b2a0-703c-41e5-a8c0-886c9e12ed07 72eef6c8af39495084702b0217df08d6 4340e242277144a39aad7507a87ea19b - default default] Checking agent: {'binary': u'neutron-openvswitch-agent', 'description': None, 'admin_state_up': True, 'heartbeat_timestamp': datetime.datetime(2018, 6, 30, 2, 3, 23), 'availability_zone': None, 'alive': True, 'topic': u'N/A', 'host': u'localhost.localdomain', 'agent_type': u'Open vSwitch agent', 'resource_versions': {u'Subnet': u'1.0', u'Network': u'1.0', u'SubPort': u'1.0', u'SecurityGroup': u'1.0', u'SecurityGroupRule': u'1.0', u'Trunk': u'1.1', u'QosPolicy': u'1.6', u'Port': u'1.1', u'Log': u'1.0'}, 'created_at': datetime.datetime(2018, 6, 20, 16, 53, 47), 'started_at': datetime.datetime(2018, 6, 30, 1, 50, 46), 'id': u'75645f5b-4138-407e-9794-b263ac43a154', 'configurations': {u'ovs_hybrid_plug': True, u'in_distributed_mode': False, u'datapath_type': u'system', u'vhostuser_socket_dir': u'/var/run/openvswitch', u'tunneling_ip': u'10.0.20.23', u'arp_responder_enabled': False, u'devices': 4, u'ovs_capabilities': {u'datapath_types': [u'netdev', u'system'], u'iface_types': [u'geneve', u'gre', u'internal', u'lisp', u'patch', u'stt', u'system', u'tap', u'vxlan']}, u'log_agent_heartbeats': False, u'l2_population': False, u'tunnel_types': [u'vxlan'], u'extensions': [], u'enable_distributed_routing': False, u'bridge_mappings': {u'extnet': u'br-ex'}}} bind_port /usr/lib/python2.7/site-packages/neutron/plugins/ml2/drivers/mech_agent.py:104
2018-06-30 04:03:42.983 17854 DEBUG neutron.plugins.ml2.drivers.mech_agent [req-2643b2a0-703c-41e5-a8c0-886c9e12ed07 72eef6c8af39495084702b0217df08d6 4340e242277144a39aad7507a87ea19b - default default] Checking segment: {'network_id': 'aac47eba-2ac3-481c-b881-659504a2af97', 'segmentation_id': 91, 'physical_network': None, 'id': '36f10cb0-9660-4225-90ef-f5d2583bdd5b', 'network_type': u'vxlan'} for mappings: {u'extnet': u'br-ex'} with network types: [u'vxlan', 'local', 'flat', 'vlan'] check_segment_for_agent /usr/lib/python2.7/site-packages/neutron/plugins/ml2/drivers/mech_agent.py:237
2018-06-30 04:03:42.983 17854 DEBUG neutron_lib.callbacks.manager [req-2643b2a0-703c-41e5-a8c0-886c9e12ed07 72eef6c8af39495084702b0217df08d6 4340e242277144a39aad7507a87ea19b - default default] Notify callbacks [] for ovs_bridge_name, before_read _notify_loop /usr/lib/python2.7/site-packages/neutron_lib/callbacks/manager.py:167
2018-06-30 04:03:42.984 17854 DEBUG neutron.plugins.ml2.drivers.mech_agent [req-2643b2a0-703c-41e5-a8c0-886c9e12ed07 72eef6c8af39495084702b0217df08d6 4340e242277144a39aad7507a87ea19b - default default] Bound using segment: {'network_id': 'aac47eba-2ac3-481c-b881-659504a2af97', 'segmentation_id': 91, 'physical_network': None, 'id': '36f10cb0-9660-4225-90ef-f5d2583bdd5b', 'network_type': u'vxlan'} bind_port /usr/lib/python2.7/site-packages/neutron/plugins/ml2/drivers/mech_agent.py:109
2018-06-30 04:03:42.986 17854 DEBUG neutron.plugins.ml2.managers [req-2643b2a0-703c-41e5-a8c0-886c9e12ed07 72eef6c8af39495084702b0217df08d6 4340e242277144a39aad7507a87ea19b - default default] Bound port: 7e58e175-9bfb-4496-b5f2-3502c0a47148, host: localhost.localdomain, vif_type: ovs, vif_details: {"port_filter": true, "datapath_type": "system", "ovs_hybrid_plug": true}, binding_levels: [{'bound_driver': 'openvswitch', 'bound_segment': {'network_id': 'aac47eba-2ac3-481c-b881-659504a2af97', 'segmentation_id': 91, 'physical_network': None, 'id': '36f10cb0-9660-4225-90ef-f5d2583bdd5b', 'network_type': u'vxlan'}}] _bind_port_level /usr/lib/python2.7/site-packages/neutron/plugins/ml2/managers.py:813
2018-06-30 04:03:42.987 17854 DEBUG neutron_lib.callbacks.manager [req-2643b2a0-703c-41e5-a8c0-886c9e12ed07 72eef6c8af39495084702b0217df08d6 4340e242277144a39aad7507a87ea19b - default default] Notify callbacks ['neutron.plugins.ml2.plugin.Ml2Plugin._ensure_default_security_group_handler--9223372036854328728'] for port, before_update _notify_loop /usr/lib/python2.7/site-packages/neutron_lib/callbacks/manager.py:167
2018-06-30 04:03:43.425 17854 DEBUG neutron.plugins.ml2.db [req-2643b2a0-703c-41e5-a8c0-886c9e12ed07 72eef6c8af39495084702b0217df08d6 4340e242277144a39aad7507a87ea19b - default default] For port 7e58e175-9bfb-4496-b5f2-3502c0a47148, host localhost.localdomain, cleared binding levels clear_binding_levels /usr/lib/python2.7/site-packages/neutron/plugins/ml2/db.py:119
2018-06-30 04:03:43.432 17854 DEBUG neutron.plugins.ml2.db [req-2643b2a0-703c-41e5-a8c0-886c9e12ed07 72eef6c8af39495084702b0217df08d6 4340e242277144a39aad7507a87ea19b - default default] For port 7e58e175-9bfb-4496-b5f2-3502c0a47148, host localhost.localdomain, set binding levels [<neutron.plugins.ml2.driver_context.InstanceSnapshot object at 0x7f6d9d790dd0>] set_binding_levels /usr/lib/python2.7/site-packages/neutron/plugins/ml2/db.py:90
2018-06-30 04:03:43.490 17854 DEBUG neutron_lib.callbacks.manager [req-2643b2a0-703c-41e5-a8c0-886c9e12ed07 72eef6c8af39495084702b0217df08d6 4340e242277144a39aad7507a87ea19b - default default] Notify callbacks ['neutron.plugins.ml2.plugin.Ml2Plugin.notify_sg_on_port_change-447189', 'neutron.api.rpc.agentnotifiers.dhcp_rpc_agent_api.DhcpAgentNotifyAPI._native_event_send_dhcp_notification-3562519', 'neutron.plugins.ml2.ovo_rpc._ObjectChangeHandler.handle_event-3781166', 'neutron.db.l3_hascheduler_db._notify_l3_agent_ha_port_update--9223363280056206565', 'neutron.db.l3_dvrscheduler_db._notify_l3_agent_port_update-8756798573512'] for port, after_update _notify_loop /usr/lib/python2.7/site-packages/neutron_lib/callbacks/manager.py:167
2018-06-30 04:03:43.639 17852 DEBUG neutron.pecan_wsgi.hooks.policy_enforcement [req-8d78d5f9-4046-49aa-a128-822dcd819fae 72eef6c8af39495084702b0217df08d6 4340e242277144a39aad7507a87ea19b - default default] Attributes excluded by policy engine: [u'vlan_transparent'] _exclude_attributes_by_policy /usr/lib/python2.7/site-packages/neutron/pecan_wsgi/hooks/policy_enforcement.py:256
2018-06-30 04:03:43.641 17852 INFO neutron.wsgi [req-8d78d5f9-4046-49aa-a128-822dcd819fae 72eef6c8af39495084702b0217df08d6 4340e242277144a39aad7507a87ea19b - default default] 10.0.20.23 "GET /v2.0/networks?id=27d015bc-8cdc-4cb5-ad0f-6c388c7b7d5e HTTP/1.1" status: 200  len: 888 time: 0.6529610
2018-06-30 04:03:43.755 17852 INFO neutron.wsgi [req-62fb5740-2e4f-41a7-84d1-c269337325bd 72eef6c8af39495084702b0217df08d6 4340e242277144a39aad7507a87ea19b - default default] 10.0.20.23 "GET /v2.0/floatingips?fixed_ip_address=172.24.4.12&port_id=3bcb5505-8394-4288-9cf1-f80fb69834e3 HTTP/1.1" status: 200  len: 217 time: 0.0704339
2018-06-30 04:03:44.029 17854 DEBUG oslo_concurrency.lockutils [-] Lock "event-dispatch" acquired by "neutron.plugins.ml2.ovo_rpc.dispatch_events" :: waited 0.000s inner /usr/lib/python2.7/site-packages/oslo_concurrency/lockutils.py:270
2018-06-30 04:03:44.048 17852 DEBUG neutron.pecan_wsgi.hooks.policy_enforcement [req-3012c5be-83a9-49ab-8318-71dcb1864cad 72eef6c8af39495084702b0217df08d6 4340e242277144a39aad7507a87ea19b - default default] Attributes excluded by policy engine: [u'shared'] _exclude_attributes_by_policy /usr/lib/python2.7/site-packages/neutron/pecan_wsgi/hooks/policy_enforcement.py:256
2018-06-30 04:03:44.051 17852 INFO neutron.wsgi [req-3012c5be-83a9-49ab-8318-71dcb1864cad 72eef6c8af39495084702b0217df08d6 4340e242277144a39aad7507a87ea19b - default default] 10.0.20.23 "GET /v2.0/subnets?id=13c1b0d0-0ad2-44d1-9c10-321cd0119f52 HTTP/1.1" status: 200  len: 819 time: 0.2840059
2018-06-30 04:03:44.151 17854 DEBUG neutron_lib.callbacks.manager [req-2643b2a0-703c-41e5-a8c0-886c9e12ed07 72eef6c8af39495084702b0217df08d6 4340e242277144a39aad7507a87ea19b - default default] Notify callbacks ['neutron.api.rpc.agentnotifiers.dhcp_rpc_agent_api.DhcpAgentNotifyAPI._send_dhcp_notification-3562500', 'neutron.notifiers.nova.Notifier._send_nova_notification--9223372036854769968'] for port, before_response _notify_loop /usr/lib/python2.7/site-packages/neutron_lib/callbacks/manager.py:167
2018-06-30 04:03:44.165 17854 DEBUG oslo_concurrency.lockutils [-] Lock "notifier-fe1cddb6-0c30-42eb-a138-e127b7e3aee4" acquired by "neutron.notifiers.batch_notifier.synced_send" :: waited 0.000s inner /usr/lib/python2.7/site-packages/oslo_concurrency/lockutils.py:270
2018-06-30 04:03:44.167 17854 DEBUG neutron.notifiers.nova [-] Sending events: [{'tag': u'7e58e175-9bfb-4496-b5f2-3502c0a47148', 'name': 'network-changed', 'server_uuid': u'c99768f8-cd4d-4ac2-985f-11c1b86bdddc'}] send_events /usr/lib/python2.7/site-packages/neutron/notifiers/nova.py:242
2018-06-30 04:03:44.197 17854 INFO neutron.wsgi [req-2643b2a0-703c-41e5-a8c0-886c9e12ed07 72eef6c8af39495084702b0217df08d6 4340e242277144a39aad7507a87ea19b - default default] 10.0.20.23 "PUT /v2.0/ports/7e58e175-9bfb-4496-b5f2-3502c0a47148 HTTP/1.1" status: 200  len: 1120 time: 4.7593250
2018-06-30 04:03:44.452 17854 DEBUG neutron.api.rpc.handlers.resources_rpc [req-2643b2a0-703c-41e5-a8c0-886c9e12ed07 72eef6c8af39495084702b0217df08d6 4340e242277144a39aad7507a87ea19b - - -] neutron.api.rpc.handlers.resources_rpc.ResourcesPushRpcApi method push called with arguments (<neutron_lib.context.Context object at 0x7f6d9d7fb0d0>, [Port(admin_state_up=True,allowed_address_pairs=[],binding=PortBinding,binding_levels=[PortBindingLevel],created_at=2018-06-30T02:03:35Z,data_plane_status=<?>,description='',device_id='c99768f8-cd4d-4ac2-985f-11c1b86bdddc',device_owner='compute:nova',dhcp_options=[],distributed_binding=None,dns=None,fixed_ips=[IPAllocation],id=7e58e175-9bfb-4496-b5f2-3502c0a47148,mac_address=fa:16:3e:5d:8a:78,name='',network_id=aac47eba-2ac3-481c-b881-659504a2af97,project_id='c55641afad4e452b9d8c60d953aac481',qos_policy_id=None,revision_number=5,security=PortSecurity(7e58e175-9bfb-4496-b5f2-3502c0a47148),security_group_ids=set([55374b78-471b-4a8a-abc7-00c980375169]),status='DOWN',updated_at=2018-06-30T02:03:43Z)], 'updated') {} wrapper /usr/lib/python2.7/site-packages/oslo_log/helpers.py:66
2018-06-30 04:03:44.490 17854 DEBUG oslo_concurrency.lockutils [req-2643b2a0-703c-41e5-a8c0-886c9e12ed07 72eef6c8af39495084702b0217df08d6 4340e242277144a39aad7507a87ea19b - - -] Lock "event-dispatch" released by "neutron.plugins.ml2.ovo_rpc.dispatch_events" :: held 0.461s inner /usr/lib/python2.7/site-packages/oslo_concurrency/lockutils.py:282
2018-06-30 04:03:44.957 17854 INFO neutron.wsgi [req-0171dfd0-831c-4063-95e9-e53520c8d5f1 72eef6c8af39495084702b0217df08d6 4340e242277144a39aad7507a87ea19b - default default] 10.0.20.23 "GET /v2.0/ports?tenant_id=c55641afad4e452b9d8c60d953aac481&device_id=c99768f8-cd4d-4ac2-985f-11c1b86bdddc HTTP/1.1" status: 200  len: 1123 time: 0.3590779
2018-06-30 04:03:44.959 17852 INFO neutron.wsgi [req-c6e18ef4-c415-4c44-9c36-9f1a23e7ba62 72eef6c8af39495084702b0217df08d6 4340e242277144a39aad7507a87ea19b - default default] 10.0.20.23 "GET /v2.0/ports?network_id=27d015bc-8cdc-4cb5-ad0f-6c388c7b7d5e&device_owner=network%3Adhcp HTTP/1.1" status: 200  len: 210 time: 0.8802001
