2018-06-28 09:02:50.598 11917 DEBUG neutron.pecan_wsgi.hooks.policy_enforcement [req-ff57a6d0-ad10-4a63-9641-10af4e9fabe1 db7e024eefa34f0d9525ad1ee1475527 910acf3b84b64f358e48f506530f7cb1 - default default] Attributes excluded by policy engine: [u'vlan_transparent'] _exclude_attributes_by_policy /usr/lib/python2.7/site-packages/neutron/pecan_wsgi/hooks/policy_enforcement.py:256
2018-06-28 09:02:50.601 11917 INFO neutron.wsgi [req-ff57a6d0-ad10-4a63-9641-10af4e9fabe1 db7e024eefa34f0d9525ad1ee1475527 910acf3b84b64f358e48f506530f7cb1 - default default] 10.0.20.25 "GET /v2.0/networks?id=507173f6-f095-462f-a2ba-a00b12523e35 HTTP/1.1" status: 200  len: 885 time: 0.2016780
2018-06-28 09:02:50.607 11916 DEBUG neutron.pecan_wsgi.hooks.policy_enforcement [req-f22fb194-2712-4e57-9d58-f08b66ca5b72 db7e024eefa34f0d9525ad1ee1475527 910acf3b84b64f358e48f506530f7cb1 - default default] Attributes excluded by policy engine: [u'shared'] _exclude_attributes_by_policy /usr/lib/python2.7/site-packages/neutron/pecan_wsgi/hooks/policy_enforcement.py:256
2018-06-28 09:02:50.610 11916 INFO neutron.wsgi [req-f22fb194-2712-4e57-9d58-f08b66ca5b72 db7e024eefa34f0d9525ad1ee1475527 910acf3b84b64f358e48f506530f7cb1 - default default] 10.0.20.25 "GET /v2.0/subnets?id=eed72ff3-ddd9-40e5-b6dc-9c5edf09a0ed HTTP/1.1" status: 200  len: 847 time: 0.1206601
2018-06-28 09:02:50.655 11917 INFO neutron.wsgi [req-e0e6d74f-7145-4bec-abdd-ee1bf3ec3dfb db7e024eefa34f0d9525ad1ee1475527 910acf3b84b64f358e48f506530f7cb1 - default default] 10.0.20.25 "GET /v2.0/floatingips?fixed_ip_address=11.182.1.11&port_id=8e12db9c-6fa1-4029-aa4e-61ac61bc153d HTTP/1.1" status: 200  len: 751 time: 0.0482008
2018-06-28 09:02:50.729 11916 INFO neutron.wsgi [req-75f8970e-2f7f-4c08-9822-73d1c376addf db7e024eefa34f0d9525ad1ee1475527 910acf3b84b64f358e48f506530f7cb1 - default default] 10.0.20.25 "GET /v2.0/ports?network_id=507173f6-f095-462f-a2ba-a00b12523e35&device_owner=network%3Adhcp HTTP/1.1" status: 200  len: 1128 time: 0.1123860
2018-06-28 09:02:50.768 11917 DEBUG neutron.pecan_wsgi.hooks.policy_enforcement [req-c76b7f10-83e8-4897-84b9-2e2bf4b3331e db7e024eefa34f0d9525ad1ee1475527 910acf3b84b64f358e48f506530f7cb1 - default default] Attributes excluded by policy engine: [u'shared'] _exclude_attributes_by_policy /usr/lib/python2.7/site-packages/neutron/pecan_wsgi/hooks/policy_enforcement.py:256
2018-06-28 09:02:50.771 11917 INFO neutron.wsgi [req-c76b7f10-83e8-4897-84b9-2e2bf4b3331e db7e024eefa34f0d9525ad1ee1475527 910acf3b84b64f358e48f506530f7cb1 - default default] 10.0.20.25 "GET /v2.0/subnets?id=eed72ff3-ddd9-40e5-b6dc-9c5edf09a0ed HTTP/1.1" status: 200  len: 847 time: 0.1087670
2018-06-28 09:02:50.880 11917 INFO neutron.wsgi [req-62041ef0-386e-4739-9490-91fb7132ca07 db7e024eefa34f0d9525ad1ee1475527 910acf3b84b64f358e48f506530f7cb1 - default default] 10.0.20.25 "GET /v2.0/ports?network_id=507173f6-f095-462f-a2ba-a00b12523e35&device_owner=network%3Adhcp HTTP/1.1" status: 200  len: 1128 time: 0.1028621
2018-06-28 09:02:51.259 11934 DEBUG neutron.db.agents_db [req-c2469623-0d88-4f45-873f-d72e822286a4 - - - - -] Agent healthcheck: found 5 active agents agent_health_check /usr/lib/python2.7/site-packages/neutron/db/agents_db.py:281
2018-06-28 09:02:52.258 11916 DEBUG oslo_concurrency.lockutils [-] Lock "notifier-739d5343-adc1-4b67-afa8-f8577782010a" released by "neutron.notifiers.batch_notifier.synced_send" :: held 3.920s inner /usr/lib/python2.7/site-packages/oslo_concurrency/lockutils.py:282
2018-06-28 09:02:52.421 11917 DEBUG neutron.wsgi [-] (11917) accepted ('10.0.20.25', 58842) server /usr/lib/python2.7/site-packages/eventlet/wsgi.py:883
2018-06-28 09:02:52.874 11917 INFO neutron.wsgi [req-859c2bea-f994-4ee0-884b-197fbc05c33d db7e024eefa34f0d9525ad1ee1475527 910acf3b84b64f358e48f506530f7cb1 - default default] 10.0.20.25 "GET /v2.0/ports?device_id=d94323d2-9715-485e-9026-40a02f98a04f HTTP/1.1" status: 200  len: 1125 time: 0.4501519
2018-06-28 09:02:53.083 11917 INFO neutron.wsgi [req-fab8faf1-c006-42a5-aa2e-f5a6ff870422 db7e024eefa34f0d9525ad1ee1475527 910acf3b84b64f358e48f506530f7cb1 - default default] 10.0.20.25 "GET /v2.0/security-groups?id=e78f9396-02df-4019-8dba-a180135bf897 HTTP/1.1" status: 200  len: 2118 time: 0.1821930
2018-06-28 09:03:02.985 11917 DEBUG neutron.wsgi [-] (11917) accepted ('10.0.20.25', 58862) server /usr/lib/python2.7/site-packages/eventlet/wsgi.py:883
2018-06-28 09:03:03.818 11917 INFO neutron.wsgi [req-a4a123ae-882a-4ca8-977b-ae16879f8334 7bffd073104947048ab4eb23fbd1932a 64c468b3360a4f55b5ac8dfc0b919309 - 5eb97e7b827741778e703f81a413cd2f 5eb97e7b827741778e703f81a413cd2f] 10.0.20.25 "GET /v2.0/ports?device_id=d94323d2-9715-485e-9026-40a02f98a04f HTTP/1.1" status: 200  len: 1125 time: 0.8309970
2018-06-28 09:03:03.984 11917 INFO neutron.wsgi [req-71e18c8f-b50d-4c23-a187-42378cab8840 7bffd073104947048ab4eb23fbd1932a 64c468b3360a4f55b5ac8dfc0b919309 - 5eb97e7b827741778e703f81a413cd2f 5eb97e7b827741778e703f81a413cd2f] 10.0.20.25 "GET /v2.0/security-groups?id=e78f9396-02df-4019-8dba-a180135bf897 HTTP/1.1" status: 200  len: 2118 time: 0.1299930
2018-06-28 09:03:09.014 11918 DEBUG neutron.wsgi [-] (11918) accepted ('10.0.20.25', 58876) server /usr/lib/python2.7/site-packages/eventlet/wsgi.py:883
2018-06-28 09:03:09.030 11918 WARNING keystonemiddleware.auth_token [-] Using the in-process token cache is deprecated as of the 4.2.0 release and may be removed in the 5.0.0 release or the 'O' development cycle. The in-process cache causes inconsistent results and high memory usage. When the feature is removed the auth_token middleware will not cache tokens by default which may result in performance issues. It is recommended to use  memcache for the auth_token token cache by setting the memcached_servers option.
2018-06-28 09:03:10.584 11918 WARNING keystonemiddleware.auth_token [-] A valid token was submitted as a service token, but it was not a valid service token. This is incorrect but backwards compatible behaviour. This will be removed in future releases.
2018-06-28 09:03:10.901 11918 DEBUG oslo_policy._cache_handler [req-035a9eeb-e826-48eb-bd77-cdbedc716a6d 0508a2373b814911b1d6723f2f75b8cd 910acf3b84b64f358e48f506530f7cb1 - default default] Reloading cached file /etc/neutron/policy.json read_cached_file /usr/lib/python2.7/site-packages/oslo_policy/_cache_handler.py:40
2018-06-28 09:03:10.947 11918 DEBUG oslo_policy.policy [req-035a9eeb-e826-48eb-bd77-cdbedc716a6d 0508a2373b814911b1d6723f2f75b8cd 910acf3b84b64f358e48f506530f7cb1 - default default] Reloaded policy file: /etc/neutron/policy.json _load_policy_file /usr/lib/python2.7/site-packages/oslo_policy/policy.py:681
2018-06-28 09:03:11.644 11918 DEBUG oslo_policy._cache_handler [req-035a9eeb-e826-48eb-bd77-cdbedc716a6d 0508a2373b814911b1d6723f2f75b8cd 910acf3b84b64f358e48f506530f7cb1 - default default] Reloading cached file /etc/neutron/policy.json read_cached_file /usr/lib/python2.7/site-packages/oslo_policy/_cache_handler.py:40
2018-06-28 09:03:11.673 11918 DEBUG oslo_policy.policy [req-035a9eeb-e826-48eb-bd77-cdbedc716a6d 0508a2373b814911b1d6723f2f75b8cd 910acf3b84b64f358e48f506530f7cb1 - default default] Reloaded policy file: /etc/neutron/policy.json _load_policy_file /usr/lib/python2.7/site-packages/oslo_policy/policy.py:681
2018-06-28 09:03:11.684 11918 INFO neutron.wsgi [req-035a9eeb-e826-48eb-bd77-cdbedc716a6d 0508a2373b814911b1d6723f2f75b8cd 910acf3b84b64f358e48f506530f7cb1 - default default] 10.0.20.25 "GET /v2.0/ports?device_id=d94323d2-9715-485e-9026-40a02f98a04f HTTP/1.1" status: 200  len: 1125 time: 2.6635959
2018-06-28 09:03:12.099 11918 INFO neutron.wsgi [req-163da5ce-3f42-44c3-b15b-35de0434407e 0508a2373b814911b1d6723f2f75b8cd 910acf3b84b64f358e48f506530f7cb1 - default default] 10.0.20.25 "GET /v2.0/security-groups?id=e78f9396-02df-4019-8dba-a180135bf897 HTTP/1.1" status: 200  len: 2118 time: 0.3813789
2018-06-28 09:03:18.687 11925 DEBUG neutron_lib.callbacks.manager [req-145fb91e-89ed-42cb-af17-3871c196fc3b - - - - -] Notify callbacks ['neutron.services.segments.db._update_segment_host_mapping_for_agent-8738127295794'] for agent, after_update _notify_loop /usr/lib/python2.7/site-packages/neutron_lib/callbacks/manager.py:167
2018-06-28 09:03:18.695 11931 DEBUG neutron_lib.callbacks.manager [req-c79535a3-00c3-45a4-930c-0da11712bfdc - - - - -] Notify callbacks ['neutron.services.segments.db._update_segment_host_mapping_for_agent-8738127295794'] for agent, after_update _notify_loop /usr/lib/python2.7/site-packages/neutron_lib/callbacks/manager.py:167
2018-06-28 09:03:18.699 11929 DEBUG neutron_lib.callbacks.manager [req-91904f5f-b2d8-400f-81f5-713c27aa9568 - - - - -] Notify callbacks ['neutron.services.segments.db._update_segment_host_mapping_for_agent-8738127295794'] for agent, after_update _notify_loop /usr/lib/python2.7/site-packages/neutron_lib/callbacks/manager.py:167
2018-06-28 09:03:18.716 11922 DEBUG neutron_lib.callbacks.manager [req-eb4f0a7b-1790-4653-9d81-77a16b8f5b9b - - - - -] Notify callbacks ['neutron.services.segments.db._update_segment_host_mapping_for_agent-8738127295794'] for agent, after_update _notify_loop /usr/lib/python2.7/site-packages/neutron_lib/callbacks/manager.py:167
2018-06-28 09:03:19.316 11933 DEBUG neutron_lib.callbacks.manager [req-41792956-7c5a-4fd3-b2c0-51e2f00a5231 - - - - -] Notify callbacks ['neutron.services.segments.db._update_segment_host_mapping_for_agent-8738127295794'] for agent, after_update _notify_loop /usr/lib/python2.7/site-packages/neutron_lib/callbacks/manager.py:167
2018-06-28 09:03:20.765 11917 INFO neutron.wsgi [req-0c61a03d-d9eb-46c5-bfad-4cbcc5fb65a8 db7e024eefa34f0d9525ad1ee1475527 910acf3b84b64f358e48f506530f7cb1 - default default] 10.0.20.25 "GET /v2.0/ports?tenant_id=64c468b3360a4f55b5ac8dfc0b919309&device_id=d94323d2-9715-485e-9026-40a02f98a04f HTTP/1.1" status: 200  len: 1125 time: 0.1503310
2018-06-28 09:03:21.012 11917 DEBUG neutron.pecan_wsgi.hooks.policy_enforcement [req-0d53700e-3ece-4420-90f2-a821ee4f957a db7e024eefa34f0d9525ad1ee1475527 910acf3b84b64f358e48f506530f7cb1 - default default] Attributes excluded by policy engine: [u'vlan_transparent'] _exclude_attributes_by_policy /usr/lib/python2.7/site-packages/neutron/pecan_wsgi/hooks/policy_enforcement.py:256
2018-06-28 09:03:21.014 11917 INFO neutron.wsgi [req-0d53700e-3ece-4420-90f2-a821ee4f957a db7e024eefa34f0d9525ad1ee1475527 910acf3b84b64f358e48f506530f7cb1 - default default] 10.0.20.25 "GET /v2.0/networks?id=507173f6-f095-462f-a2ba-a00b12523e35 HTTP/1.1" status: 200  len: 885 time: 0.2386701
2018-06-28 09:03:21.073 11917 INFO neutron.wsgi [req-d313f31c-87bd-4829-a253-16540d343c03 db7e024eefa34f0d9525ad1ee1475527 910acf3b84b64f358e48f506530f7cb1 - default default] 10.0.20.25 "GET /v2.0/floatingips?fixed_ip_address=11.182.1.11&port_id=8e12db9c-6fa1-4029-aa4e-61ac61bc153d HTTP/1.1" status: 200  len: 751 time: 0.0531349
2018-06-28 09:03:21.234 11917 DEBUG neutron.pecan_wsgi.hooks.policy_enforcement [req-f0d731c4-373f-4219-b9f6-c98bf1ccafb1 db7e024eefa34f0d9525ad1ee1475527 910acf3b84b64f358e48f506530f7cb1 - default default] Attributes excluded by policy engine: [u'shared'] _exclude_attributes_by_policy /usr/lib/python2.7/site-packages/neutron/pecan_wsgi/hooks/policy_enforcement.py:256
2018-06-28 09:03:21.238 11917 INFO neutron.wsgi [req-f0d731c4-373f-4219-b9f6-c98bf1ccafb1 db7e024eefa34f0d9525ad1ee1475527 910acf3b84b64f358e48f506530f7cb1 - default default] 10.0.20.25 "GET /v2.0/subnets?id=eed72ff3-ddd9-40e5-b6dc-9c5edf09a0ed HTTP/1.1" status: 200  len: 847 time: 0.1574941
2018-06-28 09:03:21.372 11917 INFO neutron.wsgi [req-d2713dd2-e740-46ba-a96b-bbf42baa5291 db7e024eefa34f0d9525ad1ee1475527 910acf3b84b64f358e48f506530f7cb1 - default default] 10.0.20.25 "GET /v2.0/ports?network_id=507173f6-f095-462f-a2ba-a00b12523e35&device_owner=network%3Adhcp HTTP/1.1" status: 200  len: 1128 time: 0.1272731
2018-06-28 09:03:28.265 11934 DEBUG neutron.db.agents_db [req-c2469623-0d88-4f45-873f-d72e822286a4 - - - - -] Agent healthcheck: found 5 active agents agent_health_check /usr/lib/python2.7/site-packages/neutron/db/agents_db.py:281
2018-06-28 09:03:29.923 11916 INFO neutron.wsgi [req-0e76ccd6-4ebd-4e7a-b546-5f83df5fe9ad 7bffd073104947048ab4eb23fbd1932a 64c468b3360a4f55b5ac8dfc0b919309 - 5eb97e7b827741778e703f81a413cd2f 5eb97e7b827741778e703f81a413cd2f] 10.0.20.25 "GET /v2.0/ports?device_id=d94323d2-9715-485e-9026-40a02f98a04f HTTP/1.1" status: 200  len: 1125 time: 0.4985330
2018-06-28 09:03:30.066 11916 INFO neutron.wsgi [req-494ccce9-4d94-4192-bdb4-aa5c4cb2b92d 7bffd073104947048ab4eb23fbd1932a 64c468b3360a4f55b5ac8dfc0b919309 - 5eb97e7b827741778e703f81a413cd2f 5eb97e7b827741778e703f81a413cd2f] 10.0.20.25 "GET /v2.0/security-groups?id=e78f9396-02df-4019-8dba-a180135bf897 HTTP/1.1" status: 200  len: 2118 time: 0.1340790
2018-06-28 09:03:45.139 11918 INFO neutron.wsgi [req-c695c623-6719-4247-909d-d16232736379 7bffd073104947048ab4eb23fbd1932a 64c468b3360a4f55b5ac8dfc0b919309 - 5eb97e7b827741778e703f81a413cd2f 5eb97e7b827741778e703f81a413cd2f] 10.0.20.25 "GET /v2.0/ports?device_id=d94323d2-9715-485e-9026-40a02f98a04f HTTP/1.1" status: 200  len: 1125 time: 0.8474619
2018-06-28 09:03:45.232 11918 INFO neutron.wsgi [req-14999d86-ecc7-4140-bd60-8072c8d04854 7bffd073104947048ab4eb23fbd1932a 64c468b3360a4f55b5ac8dfc0b919309 - 5eb97e7b827741778e703f81a413cd2f 5eb97e7b827741778e703f81a413cd2f] 10.0.20.25 "GET /v2.0/security-groups?id=e78f9396-02df-4019-8dba-a180135bf897 HTTP/1.1" status: 200  len: 2118 time: 0.0847459
2018-06-28 09:03:48.676 11926 DEBUG neutron_lib.callbacks.manager [req-8c90d270-afcc-4ad9-9d62-47e44d4e0b93 - - - - -] Notify callbacks ['neutron.services.segments.db._update_segment_host_mapping_for_agent-8738127295794'] for agent, after_update _notify_loop /usr/lib/python2.7/site-packages/neutron_lib/callbacks/manager.py:167
2018-06-28 09:03:48.681 11923 DEBUG neutron_lib.callbacks.manager [req-91904f5f-b2d8-400f-81f5-713c27aa9568 - - - - -] Notify callbacks ['neutron.services.segments.db._update_segment_host_mapping_for_agent-8738127295794'] for agent, after_update _notify_loop /usr/lib/python2.7/site-packages/neutron_lib/callbacks/manager.py:167
2018-06-28 09:03:48.681 11924 DEBUG neutron_lib.callbacks.manager [req-c79535a3-00c3-45a4-930c-0da11712bfdc - - - - -] Notify callbacks ['neutron.services.segments.db._update_segment_host_mapping_for_agent-8738127295794'] for agent, after_update _notify_loop /usr/lib/python2.7/site-packages/neutron_lib/callbacks/manager.py:167
2018-06-28 09:03:48.707 11927 DEBUG neutron_lib.callbacks.manager [req-eb4f0a7b-1790-4653-9d81-77a16b8f5b9b - - - - -] Notify callbacks ['neutron.services.segments.db._update_segment_host_mapping_for_agent-8738127295794'] for agent, after_update _notify_loop /usr/lib/python2.7/site-packages/neutron_lib/callbacks/manager.py:167
2018-06-28 09:03:49.298 11931 DEBUG neutron_lib.callbacks.manager [req-4d4def35-e277-446a-8afa-0efee64b2c30 - - - - -] Notify callbacks ['neutron.services.segments.db._update_segment_host_mapping_for_agent-8738127295794'] for agent, after_update _notify_loop /usr/lib/python2.7/site-packages/neutron_lib/callbacks/manager.py:167
2018-06-28 09:03:58.122 11918 INFO neutron.wsgi [req-6dbfb0b3-c066-4be1-9812-bece79a208be 7bffd073104947048ab4eb23fbd1932a 64c468b3360a4f55b5ac8dfc0b919309 - 5eb97e7b827741778e703f81a413cd2f 5eb97e7b827741778e703f81a413cd2f] 10.0.20.25 "GET /v2.0/ports?device_id=d94323d2-9715-485e-9026-40a02f98a04f HTTP/1.1" status: 200  len: 1125 time: 0.6187129
2018-06-28 09:03:58.261 11918 INFO neutron.wsgi [req-29d3b632-b0d6-479d-8dd8-b61769f505de 7bffd073104947048ab4eb23fbd1932a 64c468b3360a4f55b5ac8dfc0b919309 - 5eb97e7b827741778e703f81a413cd2f 5eb97e7b827741778e703f81a413cd2f] 10.0.20.25 "GET /v2.0/security-groups?id=e78f9396-02df-4019-8dba-a180135bf897 HTTP/1.1" status: 200  len: 2118 time: 0.1310420
2018-06-28 09:04:05.263 11934 DEBUG neutron.db.agents_db [req-c2469623-0d88-4f45-873f-d72e822286a4 - - - - -] Agent healthcheck: found 5 active agents agent_health_check /usr/lib/python2.7/site-packages/neutron/db/agents_db.py:281
2018-06-28 09:04:07.541 11916 INFO neutron.wsgi [req-b6c6d25e-bebe-4c23-9ca7-7f861c0709f6 7bffd073104947048ab4eb23fbd1932a 64c468b3360a4f55b5ac8dfc0b919309 - 5eb97e7b827741778e703f81a413cd2f 5eb97e7b827741778e703f81a413cd2f] 10.0.20.25 "GET /v2.0/ports?device_id=d94323d2-9715-485e-9026-40a02f98a04f HTTP/1.1" status: 200  len: 1125 time: 0.5822361
2018-06-28 09:04:07.683 11916 INFO neutron.wsgi [req-d47187dc-a6fb-4f73-b2aa-53e96edd118c 7bffd073104947048ab4eb23fbd1932a 64c468b3360a4f55b5ac8dfc0b919309 - 5eb97e7b827741778e703f81a413cd2f 5eb97e7b827741778e703f81a413cd2f] 10.0.20.25 "GET /v2.0/security-groups?id=e78f9396-02df-4019-8dba-a180135bf897 HTTP/1.1" status: 200  len: 2118 time: 0.1326492
2018-06-28 09:04:18.676 11929 DEBUG neutron_lib.callbacks.manager [req-e975d4e6-4bee-463e-a701-f1a4584cf313 - - - - -] Notify callbacks ['neutron.services.segments.db._update_segment_host_mapping_for_agent-8738127295794'] for agent, after_update _notify_loop /usr/lib/python2.7/site-packages/neutron_lib/callbacks/manager.py:167
2018-06-28 09:04:18.679 11925 DEBUG neutron_lib.callbacks.manager [req-c79535a3-00c3-45a4-930c-0da11712bfdc - - - - -] Notify callbacks ['neutron.services.segments.db._update_segment_host_mapping_for_agent-8738127295794'] for agent, after_update _notify_loop /usr/lib/python2.7/site-packages/neutron_lib/callbacks/manager.py:167
2018-06-28 09:04:18.719 11922 DEBUG neutron_lib.callbacks.manager [req-91904f5f-b2d8-400f-81f5-713c27aa9568 - - - - -] Notify callbacks ['neutron.services.segments.db._update_segment_host_mapping_for_agent-8738127295794'] for agent, after_update _notify_loop /usr/lib/python2.7/site-packages/neutron_lib/callbacks/manager.py:167
2018-06-28 09:04:18.751 11933 DEBUG neutron_lib.callbacks.manager [req-eb4f0a7b-1790-4653-9d81-77a16b8f5b9b - - - - -] Notify callbacks ['neutron.services.segments.db._update_segment_host_mapping_for_agent-8738127295794'] for agent, after_update _notify_loop /usr/lib/python2.7/site-packages/neutron_lib/callbacks/manager.py:167
2018-06-28 09:04:19.320 11924 DEBUG neutron_lib.callbacks.manager [req-e83841d7-2b77-4b7b-a905-237f2a0f84d2 - - - - -] Notify callbacks ['neutron.services.segments.db._update_segment_host_mapping_for_agent-8738127295794'] for agent, after_update _notify_loop /usr/lib/python2.7/site-packages/neutron_lib/callbacks/manager.py:167
2018-06-28 09:04:20.767 11916 INFO neutron.wsgi [req-9a1c14ca-a852-4996-861e-8c270e22ee0c 7bffd073104947048ab4eb23fbd1932a 64c468b3360a4f55b5ac8dfc0b919309 - 5eb97e7b827741778e703f81a413cd2f 5eb97e7b827741778e703f81a413cd2f] 10.0.20.25 "GET /v2.0/ports?device_id=d94323d2-9715-485e-9026-40a02f98a04f HTTP/1.1" status: 200  len: 1125 time: 0.7488451
2018-06-28 09:04:20.938 11916 INFO neutron.wsgi [req-15d2c12e-cc79-4f8d-a718-b40f71ced380 7bffd073104947048ab4eb23fbd1932a 64c468b3360a4f55b5ac8dfc0b919309 - 5eb97e7b827741778e703f81a413cd2f 5eb97e7b827741778e703f81a413cd2f] 10.0.20.25 "GET /v2.0/security-groups?id=e78f9396-02df-4019-8dba-a180135bf897 HTTP/1.1" status: 200  len: 2118 time: 0.1597571
2018-06-28 09:04:21.764 11917 INFO neutron.wsgi [req-5a2f5ef5-727b-4084-bc4f-7bb558e62777 db7e024eefa34f0d9525ad1ee1475527 910acf3b84b64f358e48f506530f7cb1 - default default] 10.0.20.25 "GET /v2.0/ports?tenant_id=64c468b3360a4f55b5ac8dfc0b919309&device_id=d94323d2-9715-485e-9026-40a02f98a04f HTTP/1.1" status: 200  len: 1125 time: 0.1676881
2018-06-28 09:04:22.016 11917 DEBUG neutron.pecan_wsgi.hooks.policy_enforcement [req-b615045c-62f8-471e-a656-6a15d6fa786a db7e024eefa34f0d9525ad1ee1475527 910acf3b84b64f358e48f506530f7cb1 - default default] Attributes excluded by policy engine: [u'vlan_transparent'] _exclude_attributes_by_policy /usr/lib/python2.7/site-packages/neutron/pecan_wsgi/hooks/policy_enforcement.py:256
2018-06-28 09:04:22.019 11917 INFO neutron.wsgi [req-b615045c-62f8-471e-a656-6a15d6fa786a db7e024eefa34f0d9525ad1ee1475527 910acf3b84b64f358e48f506530f7cb1 - default default] 10.0.20.25 "GET /v2.0/networks?id=507173f6-f095-462f-a2ba-a00b12523e35 HTTP/1.1" status: 200  len: 885 time: 0.2464771
2018-06-28 09:04:22.083 11917 INFO neutron.wsgi [req-32d49a6b-56cd-4a78-9d92-f66f91bc36ff db7e024eefa34f0d9525ad1ee1475527 910acf3b84b64f358e48f506530f7cb1 - default default] 10.0.20.25 "GET /v2.0/floatingips?fixed_ip_address=11.182.1.11&port_id=8e12db9c-6fa1-4029-aa4e-61ac61bc153d HTTP/1.1" status: 200  len: 751 time: 0.0539069
2018-06-28 09:04:22.481 11917 DEBUG neutron.pecan_wsgi.hooks.policy_enforcement [req-d4ad32fb-889d-4986-a286-2ce12fad0858 db7e024eefa34f0d9525ad1ee1475527 910acf3b84b64f358e48f506530f7cb1 - default default] Attributes excluded by policy engine: [u'shared'] _exclude_attributes_by_policy /usr/lib/python2.7/site-packages/neutron/pecan_wsgi/hooks/policy_enforcement.py:256
2018-06-28 09:04:22.484 11917 INFO neutron.wsgi [req-d4ad32fb-889d-4986-a286-2ce12fad0858 db7e024eefa34f0d9525ad1ee1475527 910acf3b84b64f358e48f506530f7cb1 - default default] 10.0.20.25 "GET /v2.0/subnets?id=eed72ff3-ddd9-40e5-b6dc-9c5edf09a0ed HTTP/1.1" status: 200  len: 847 time: 0.3921850
2018-06-28 09:04:22.668 11917 INFO neutron.wsgi [req-a0fa2262-39d8-4b0b-878a-6e27717418b7 db7e024eefa34f0d9525ad1ee1475527 910acf3b84b64f358e48f506530f7cb1 - default default] 10.0.20.25 "GET /v2.0/ports?network_id=507173f6-f095-462f-a2ba-a00b12523e35&device_owner=network%3Adhcp HTTP/1.1" status: 200  len: 1128 time: 0.1756830
2018-06-28 09:04:32.782 11918 INFO neutron.wsgi [req-0cdd8ac0-6190-4013-b4a2-bce6f453b348 7bffd073104947048ab4eb23fbd1932a 64c468b3360a4f55b5ac8dfc0b919309 - 5eb97e7b827741778e703f81a413cd2f 5eb97e7b827741778e703f81a413cd2f] 10.0.20.25 "GET /v2.0/ports?device_id=d94323d2-9715-485e-9026-40a02f98a04f HTTP/1.1" status: 200  len: 1125 time: 0.9363029
2018-06-28 09:04:32.949 11918 INFO neutron.wsgi [req-d065c328-c2ab-43f2-a76f-c78727fc6e66 7bffd073104947048ab4eb23fbd1932a 64c468b3360a4f55b5ac8dfc0b919309 - 5eb97e7b827741778e703f81a413cd2f 5eb97e7b827741778e703f81a413cd2f] 10.0.20.25 "GET /v2.0/security-groups?id=e78f9396-02df-4019-8dba-a180135bf897 HTTP/1.1" status: 200  len: 2118 time: 0.1553409
2018-06-28 09:04:42.263 11934 DEBUG neutron.db.agents_db [req-c2469623-0d88-4f45-873f-d72e822286a4 - - - - -] Agent healthcheck: found 5 active agents agent_health_check /usr/lib/python2.7/site-packages/neutron/db/agents_db.py:281
2018-06-28 09:04:46.840 11916 INFO neutron.wsgi [req-accbc473-7363-4fd6-9cd8-0d5b4cd13365 7bffd073104947048ab4eb23fbd1932a 64c468b3360a4f55b5ac8dfc0b919309 - 5eb97e7b827741778e703f81a413cd2f 5eb97e7b827741778e703f81a413cd2f] 10.0.20.25 "GET /v2.0/ports?device_id=d94323d2-9715-485e-9026-40a02f98a04f HTTP/1.1" status: 200  len: 1125 time: 0.6529970
2018-06-28 09:04:47.007 11916 INFO neutron.wsgi [req-002203c7-8d6b-4af7-86b0-0477bc53c6b2 7bffd073104947048ab4eb23fbd1932a 64c468b3360a4f55b5ac8dfc0b919309 - 5eb97e7b827741778e703f81a413cd2f 5eb97e7b827741778e703f81a413cd2f] 10.0.20.25 "GET /v2.0/security-groups?id=e78f9396-02df-4019-8dba-a180135bf897 HTTP/1.1" status: 200  len: 2118 time: 0.1607430
2018-06-28 09:04:48.673 11926 DEBUG neutron_lib.callbacks.manager [req-c79535a3-00c3-45a4-930c-0da11712bfdc - - - - -] Notify callbacks ['neutron.services.segments.db._update_segment_host_mapping_for_agent-8738127295794'] for agent, after_update _notify_loop /usr/lib/python2.7/site-packages/neutron_lib/callbacks/manager.py:167
2018-06-28 09:04:48.689 11923 DEBUG neutron_lib.callbacks.manager [req-fefcd8fa-b668-48e5-9174-3c1a38ecd6b9 - - - - -] Notify callbacks ['neutron.services.segments.db._update_segment_host_mapping_for_agent-8738127295794'] for agent, after_update _notify_loop /usr/lib/python2.7/site-packages/neutron_lib/callbacks/manager.py:167
2018-06-28 09:04:48.703 11927 DEBUG neutron_lib.callbacks.manager [req-91904f5f-b2d8-400f-81f5-713c27aa9568 - - - - -] Notify callbacks ['neutron.services.segments.db._update_segment_host_mapping_for_agent-8738127295794'] for agent, after_update _notify_loop /usr/lib/python2.7/site-packages/neutron_lib/callbacks/manager.py:167
2018-06-28 09:04:48.705 11931 DEBUG neutron_lib.callbacks.manager [req-eb4f0a7b-1790-4653-9d81-77a16b8f5b9b - - - - -] Notify callbacks ['neutron.services.segments.db._update_segment_host_mapping_for_agent-8738127295794'] for agent, after_update _notify_loop /usr/lib/python2.7/site-packages/neutron_lib/callbacks/manager.py:167
2018-06-28 09:04:49.304 11925 DEBUG neutron_lib.callbacks.manager [req-1a5a68cb-ff31-4b63-b311-66054d6a79c9 - - - - -] Notify callbacks ['neutron.services.segments.db._update_segment_host_mapping_for_agent-8738127295794'] for agent, after_update _notify_loop /usr/lib/python2.7/site-packages/neutron_lib/callbacks/manager.py:167
2018-06-28 09:05:00.024 11916 INFO neutron.wsgi [req-2c445f34-9126-4653-8c61-9d2af31abcfb 7bffd073104947048ab4eb23fbd1932a 64c468b3360a4f55b5ac8dfc0b919309 - 5eb97e7b827741778e703f81a413cd2f 5eb97e7b827741778e703f81a413cd2f] 10.0.20.25 "GET /v2.0/ports?device_id=d94323d2-9715-485e-9026-40a02f98a04f HTTP/1.1" status: 200  len: 1125 time: 0.7255540
2018-06-28 09:05:00.194 11916 INFO neutron.wsgi [req-b1e8a4ea-02bd-4d34-ab6c-58cdcf0375fd 7bffd073104947048ab4eb23fbd1932a 64c468b3360a4f55b5ac8dfc0b919309 - 5eb97e7b827741778e703f81a413cd2f 5eb97e7b827741778e703f81a413cd2f] 10.0.20.25 "GET /v2.0/security-groups?id=e78f9396-02df-4019-8dba-a180135bf897 HTTP/1.1" status: 200  len: 2118 time: 0.1631880
2018-06-28 09:05:01.219 11917 INFO neutron.wsgi [req-35b78054-eace-45d1-9654-ff4c35461af0 db7e024eefa34f0d9525ad1ee1475527 910acf3b84b64f358e48f506530f7cb1 - default default] 10.0.20.25 "GET /v2.0/ports?tenant_id=64c468b3360a4f55b5ac8dfc0b919309&device_id=d94323d2-9715-485e-9026-40a02f98a04f HTTP/1.1" status: 200  len: 1125 time: 0.1860719
2018-06-28 09:05:01.553 11917 DEBUG neutron.pecan_wsgi.hooks.policy_enforcement [req-f713cbf9-be05-42b2-9447-ec313936dbd2 db7e024eefa34f0d9525ad1ee1475527 910acf3b84b64f358e48f506530f7cb1 - default default] Attributes excluded by policy engine: [u'vlan_transparent'] _exclude_attributes_by_policy /usr/lib/python2.7/site-packages/neutron/pecan_wsgi/hooks/policy_enforcement.py:256
2018-06-28 09:05:01.557 11917 INFO neutron.wsgi [req-f713cbf9-be05-42b2-9447-ec313936dbd2 db7e024eefa34f0d9525ad1ee1475527 910acf3b84b64f358e48f506530f7cb1 - default default] 10.0.20.25 "GET /v2.0/networks?id=507173f6-f095-462f-a2ba-a00b12523e35 HTTP/1.1" status: 200  len: 885 time: 0.3264890
2018-06-28 09:05:01.646 11917 INFO neutron.wsgi [req-83fa5a39-1937-4fb0-8d63-6cdce403074f db7e024eefa34f0d9525ad1ee1475527 910acf3b84b64f358e48f506530f7cb1 - default default] 10.0.20.25 "GET /v2.0/floatingips?fixed_ip_address=11.182.1.11&port_id=8e12db9c-6fa1-4029-aa4e-61ac61bc153d HTTP/1.1" status: 200  len: 751 time: 0.0764689
2018-06-28 09:05:01.864 11917 DEBUG neutron.pecan_wsgi.hooks.policy_enforcement [req-862da2ba-33d0-4ad1-b0b4-7ce5dd5df179 db7e024eefa34f0d9525ad1ee1475527 910acf3b84b64f358e48f506530f7cb1 - default default] Attributes excluded by policy engine: [u'shared'] _exclude_attributes_by_policy /usr/lib/python2.7/site-packages/neutron/pecan_wsgi/hooks/policy_enforcement.py:256
2018-06-28 09:05:01.866 11917 INFO neutron.wsgi [req-862da2ba-33d0-4ad1-b0b4-7ce5dd5df179 db7e024eefa34f0d9525ad1ee1475527 910acf3b84b64f358e48f506530f7cb1 - default default] 10.0.20.25 "GET /v2.0/subnets?id=eed72ff3-ddd9-40e5-b6dc-9c5edf09a0ed HTTP/1.1" status: 200  len: 847 time: 0.2113318
2018-06-28 09:05:02.077 11917 INFO neutron.wsgi [req-c882c4d4-54bb-4b4f-ad65-128bf50c028d db7e024eefa34f0d9525ad1ee1475527 910acf3b84b64f358e48f506530f7cb1 - default default] 10.0.20.25 "GET /v2.0/ports?network_id=507173f6-f095-462f-a2ba-a00b12523e35&device_owner=network%3Adhcp HTTP/1.1" status: 200  len: 1128 time: 0.1997790
2018-06-28 09:05:04.086 11927 DEBUG neutron.plugins.ml2.rpc [req-91904f5f-b2d8-400f-81f5-713c27aa9568 - - - - -] Device 8e12db9c-6fa1-4029-aa4e-61ac61bc153d no longer exists at agent ovs-agent-localhost.localdomain update_device_down /usr/lib/python2.7/site-packages/neutron/plugins/ml2/rpc.py:213
2018-06-28 09:05:04.327 11927 DEBUG neutron_lib.callbacks.manager [req-91904f5f-b2d8-400f-81f5-713c27aa9568 - - - - -] Notify callbacks ['neutron.plugins.ml2.plugin.Ml2Plugin._ensure_default_security_group_handler--9223372036821397664'] for port, before_update _notify_loop /usr/lib/python2.7/site-packages/neutron_lib/callbacks/manager.py:167
2018-06-28 09:05:04.416 11927 DEBUG oslo_concurrency.lockutils [-] Lock "notifier-739d5343-adc1-4b67-afa8-f8577782010a" acquired by "neutron.notifiers.batch_notifier.synced_send" :: waited 0.000s inner /usr/lib/python2.7/site-packages/oslo_concurrency/lockutils.py:270
2018-06-28 09:05:04.416 11927 DEBUG neutron.notifiers.nova [-] Sending events: [{'status': 'completed', 'tag': u'8e12db9c-6fa1-4029-aa4e-61ac61bc153d', 'name': 'network-vif-unplugged', 'server_uuid': u'd94323d2-9715-485e-9026-40a02f98a04f'}] send_events /usr/lib/python2.7/site-packages/neutron/notifiers/nova.py:242
2018-06-28 09:05:04.433 11927 DEBUG neutron.plugins.ml2.db [req-91904f5f-b2d8-400f-81f5-713c27aa9568 - - - - -] For port 8e12db9c-6fa1-4029-aa4e-61ac61bc153d, host localhost.localdomain, got binding levels [<neutron.plugins.ml2.models.PortBindingLevel[object at 7f280e710dd0] {port_id=u'8e12db9c-6fa1-4029-aa4e-61ac61bc153d', host=u'localhost.localdomain', level=0, driver=u'openvswitch', segment_id=u'c725872c-9929-4dc6-a157-4539a0c69ef8'}>] get_binding_levels /usr/lib/python2.7/site-packages/neutron/plugins/ml2/db.py:106
2018-06-28 09:05:04.467 11927 DEBUG neutron_lib.callbacks.manager [req-91904f5f-b2d8-400f-81f5-713c27aa9568 - - - - -] Notify callbacks ['neutron.db.l3_dvrscheduler_db._notify_l3_agent_port_update--9223363298727842082', 'neutron.plugins.ml2.plugin.Ml2Plugin.notify_sg_on_port_change-33378269', 'neutron.plugins.ml2.ovo_rpc._ObjectChangeHandler.handle_event-1015078', 'neutron.db.l3_hascheduler_db._notify_l3_agent_ha_port_update-8738126934322', 'neutron.api.rpc.agentnotifiers.dhcp_rpc_agent_api.DhcpAgentNotifyAPI._native_event_send_dhcp_notification-907807'] for port, after_update _notify_loop /usr/lib/python2.7/site-packages/neutron_lib/callbacks/manager.py:167
2018-06-28 09:05:04.755 11927 DEBUG oslo_concurrency.lockutils [-] Lock "event-dispatch" acquired by "neutron.plugins.ml2.ovo_rpc.dispatch_events" :: waited 0.000s inner /usr/lib/python2.7/site-packages/oslo_concurrency/lockutils.py:270
2018-06-28 09:05:04.894 11927 DEBUG neutron.api.rpc.handlers.resources_rpc [req-91904f5f-b2d8-400f-81f5-713c27aa9568 - - - - -] neutron.api.rpc.handlers.resources_rpc.ResourcesPushRpcApi method push called with arguments (<neutron_lib.context.Context object at 0x7f280e564a50>, [Port(admin_state_up=True,allowed_address_pairs=[],binding=PortBinding,binding_levels=[PortBindingLevel],created_at=2018-06-28T07:01:35Z,data_plane_status=<?>,description='',device_id='d94323d2-9715-485e-9026-40a02f98a04f',device_owner='compute:nova',dhcp_options=[],distributed_binding=None,dns=None,fixed_ips=[IPAllocation],id=8e12db9c-6fa1-4029-aa4e-61ac61bc153d,mac_address=fa:16:3e:53:69:2f,name='',network_id=507173f6-f095-462f-a2ba-a00b12523e35,project_id='64c468b3360a4f55b5ac8dfc0b919309',qos_policy_id=None,revision_number=7,security=PortSecurity(8e12db9c-6fa1-4029-aa4e-61ac61bc153d),security_group_ids=set([e78f9396-02df-4019-8dba-a180135bf897]),status='DOWN',updated_at=2018-06-28T07:05:04Z)], 'updated') {} wrapper /usr/lib/python2.7/site-packages/oslo_log/helpers.py:66
2018-06-28 09:05:04.906 11927 DEBUG neutron.api.rpc.callbacks.version_manager [req-91904f5f-b2d8-400f-81f5-713c27aa9568 - - - - -] Version for resource type Subnet changed None to 1.0 on consumer Open vSwitch agent@localhost.localdomain _set_version /usr/lib/python2.7/site-packages/neutron/api/rpc/callbacks/version_manager.py:119
2018-06-28 09:05:04.907 11927 DEBUG neutron.api.rpc.callbacks.version_manager [req-91904f5f-b2d8-400f-81f5-713c27aa9568 - - - - -] Version for resource type Network changed None to 1.0 on consumer Open vSwitch agent@localhost.localdomain _set_version /usr/lib/python2.7/site-packages/neutron/api/rpc/callbacks/version_manager.py:119
2018-06-28 09:05:04.907 11927 DEBUG neutron.api.rpc.callbacks.version_manager [req-91904f5f-b2d8-400f-81f5-713c27aa9568 - - - - -] Version for resource type SubPort changed None to 1.0 on consumer Open vSwitch agent@localhost.localdomain _set_version /usr/lib/python2.7/site-packages/neutron/api/rpc/callbacks/version_manager.py:119
2018-06-28 09:05:04.908 11927 DEBUG neutron.api.rpc.callbacks.version_manager [req-91904f5f-b2d8-400f-81f5-713c27aa9568 - - - - -] Version for resource type SecurityGroup changed None to 1.0 on consumer Open vSwitch agent@localhost.localdomain _set_version /usr/lib/python2.7/site-packages/neutron/api/rpc/callbacks/version_manager.py:119
2018-06-28 09:05:04.908 11927 DEBUG neutron.api.rpc.callbacks.version_manager [req-91904f5f-b2d8-400f-81f5-713c27aa9568 - - - - -] Version for resource type SecurityGroupRule changed None to 1.0 on consumer Open vSwitch agent@localhost.localdomain _set_version /usr/lib/python2.7/site-packages/neutron/api/rpc/callbacks/version_manager.py:119
2018-06-28 09:05:04.908 11927 DEBUG neutron.api.rpc.callbacks.version_manager [req-91904f5f-b2d8-400f-81f5-713c27aa9568 - - - - -] Version for resource type Trunk changed None to 1.1 on consumer Open vSwitch agent@localhost.localdomain _set_version /usr/lib/python2.7/site-packages/neutron/api/rpc/callbacks/version_manager.py:119
2018-06-28 09:05:04.909 11927 DEBUG neutron.api.rpc.callbacks.version_manager [req-91904f5f-b2d8-400f-81f5-713c27aa9568 - - - - -] Version for resource type QosPolicy changed None to 1.6 on consumer Open vSwitch agent@localhost.localdomain _set_version /usr/lib/python2.7/site-packages/neutron/api/rpc/callbacks/version_manager.py:119
2018-06-28 09:05:04.909 11927 DEBUG neutron.api.rpc.callbacks.version_manager [req-91904f5f-b2d8-400f-81f5-713c27aa9568 - - - - -] Version for resource type Port changed None to 1.1 on consumer Open vSwitch agent@localhost.localdomain _set_version /usr/lib/python2.7/site-packages/neutron/api/rpc/callbacks/version_manager.py:119
2018-06-28 09:05:04.910 11927 DEBUG neutron.api.rpc.callbacks.version_manager [req-91904f5f-b2d8-400f-81f5-713c27aa9568 - - - - -] Version for resource type Log changed None to 1.0 on consumer Open vSwitch agent@localhost.localdomain _set_version /usr/lib/python2.7/site-packages/neutron/api/rpc/callbacks/version_manager.py:119
2018-06-28 09:05:04.911 11927 DEBUG neutron.api.rpc.callbacks.version_manager [req-91904f5f-b2d8-400f-81f5-713c27aa9568 - - - - -] Tracked resource versions report:
pushed versions:
{   'Log': set(['1.0']),
    'Network': set(['1.0']),
    'Port': set(['1.1']),
    'QosPolicy': set(['1.6']),
    'SecurityGroup': set(['1.0']),
    'SecurityGroupRule': set(['1.0']),
    'SubPort': set(['1.0']),
    'Subnet': set(['1.0']),
    'Trunk': set(['1.1'])}

consumer versions:
{   DHCP agent@localhost.localdomain: {   },
    L3 agent@localhost.localdomain: {   },
    Metadata agent@localhost.localdomain: {   },
    Metering agent@localhost.localdomain: {   },
    Open vSwitch agent@localhost.localdomain: {   u'Log': u'1.0',
                                                  u'Network': u'1.0',
                                                  u'Port': u'1.1',
                                                  u'QosPolicy': u'1.6',
                                                  u'SecurityGroup': u'1.0',
                                                  u'SecurityGroupRule': u'1.0',
                                                  u'SubPort': u'1.0',
                                                  u'Subnet': u'1.0',
                                                  u'Trunk': u'1.1'}}
 report /usr/lib/python2.7/site-packages/neutron/api/rpc/callbacks/version_manager.py:178
2018-06-28 09:05:04.934 11927 DEBUG oslo_concurrency.lockutils [req-91904f5f-b2d8-400f-81f5-713c27aa9568 - - - - -] Lock "event-dispatch" released by "neutron.plugins.ml2.ovo_rpc.dispatch_events" :: held 0.178s inner /usr/lib/python2.7/site-packages/oslo_concurrency/lockutils.py:282
2018-06-28 09:05:05.292 11927 DEBUG novaclient.v2.client [-] REQ: curl -g -i -X POST http://10.0.20.25:8774/v2.1/910acf3b84b64f358e48f506530f7cb1/os-server-external-events -H "User-Agent: python-novaclient" -H "Content-Type: application/json" -H "Accept: application/json" -H "X-OpenStack-Nova-API-Version: 2.1" -H "X-Auth-Token: {SHA1}2c4dfe1010332d2e993468edc17ad3ce1d26bef6" -d '{"events": [{"status": "completed", "tag": "8e12db9c-6fa1-4029-aa4e-61ac61bc153d", "name": "network-vif-unplugged", "server_uuid": "d94323d2-9715-485e-9026-40a02f98a04f"}]}' _http_log_request /usr/lib/python2.7/site-packages/keystoneauth1/session.py:375
2018-06-28 09:05:05.668 11927 DEBUG novaclient.v2.client [-] RESP: [200] Content-Length: 185 Content-Type: application/json Openstack-Api-Version: compute 2.1 X-Openstack-Nova-Api-Version: 2.1 Vary: OpenStack-API-Version, X-OpenStack-Nova-API-Version X-Openstack-Request-Id: req-daeee5d6-4422-4ecf-ad3a-45929df21131 X-Compute-Request-Id: req-daeee5d6-4422-4ecf-ad3a-45929df21131 Date: Thu, 28 Jun 2018 07:05:05 GMT Connection: keep-alive 
RESP BODY: {"events": [{"status": "completed", "tag": "8e12db9c-6fa1-4029-aa4e-61ac61bc153d", "name": "network-vif-unplugged", "server_uuid": "d94323d2-9715-485e-9026-40a02f98a04f", "code": 200}]}
 _http_log_response /usr/lib/python2.7/site-packages/keystoneauth1/session.py:423
2018-06-28 09:05:05.669 11927 DEBUG novaclient.v2.client [-] POST call to compute for http://10.0.20.25:8774/v2.1/910acf3b84b64f358e48f506530f7cb1/os-server-external-events used request id req-daeee5d6-4422-4ecf-ad3a-45929df21131 request /usr/lib/python2.7/site-packages/keystoneauth1/session.py:727
2018-06-28 09:05:05.677 11927 INFO neutron.notifiers.nova [-] Nova event response: {u'status': u'completed', u'tag': u'8e12db9c-6fa1-4029-aa4e-61ac61bc153d', u'name': u'network-vif-unplugged', u'server_uuid': u'd94323d2-9715-485e-9026-40a02f98a04f', u'code': 200}
2018-06-28 09:05:07.678 11927 DEBUG oslo_concurrency.lockutils [-] Lock "notifier-739d5343-adc1-4b67-afa8-f8577782010a" released by "neutron.notifiers.batch_notifier.synced_send" :: held 3.263s inner /usr/lib/python2.7/site-packages/oslo_concurrency/lockutils.py:282
2018-06-28 09:05:08.523 11916 INFO neutron.wsgi [req-173029a7-1012-4482-8d82-5fd10ed4052b 7bffd073104947048ab4eb23fbd1932a 64c468b3360a4f55b5ac8dfc0b919309 - 5eb97e7b827741778e703f81a413cd2f 5eb97e7b827741778e703f81a413cd2f] 10.0.20.25 "GET /v2.0/ports?device_id=d94323d2-9715-485e-9026-40a02f98a04f HTTP/1.1" status: 200  len: 1123 time: 0.7137671
2018-06-28 09:05:08.666 11916 INFO neutron.wsgi [req-f784f2f0-8973-4e0a-9dfb-fa1097b0f769 7bffd073104947048ab4eb23fbd1932a 64c468b3360a4f55b5ac8dfc0b919309 - 5eb97e7b827741778e703f81a413cd2f 5eb97e7b827741778e703f81a413cd2f] 10.0.20.25 "GET /v2.0/security-groups?id=e78f9396-02df-4019-8dba-a180135bf897 HTTP/1.1" status: 200  len: 2118 time: 0.1369200
2018-06-28 09:05:10.161 11925 DEBUG neutron.plugins.ml2.rpc [req-91904f5f-b2d8-400f-81f5-713c27aa9568 - - - - -] Device 8e12db9c-6fa1-4029-aa4e-61ac61bc153d up at agent ovs-agent-localhost.localdomain update_device_up /usr/lib/python2.7/site-packages/neutron/plugins/ml2/rpc.py:244
2018-06-28 09:05:10.291 11925 DEBUG neutron.db.provisioning_blocks [req-91904f5f-b2d8-400f-81f5-713c27aa9568 - - - - -] Provisioning complete for port 8e12db9c-6fa1-4029-aa4e-61ac61bc153d triggered by entity L2. provisioning_complete /usr/lib/python2.7/site-packages/neutron/db/provisioning_blocks.py:138
2018-06-28 09:05:10.292 11925 DEBUG neutron_lib.callbacks.manager [req-91904f5f-b2d8-400f-81f5-713c27aa9568 - - - - -] Notify callbacks ['neutron.plugins.ml2.plugin.Ml2Plugin._port_provisioned-33178028'] for port, provisioning_complete _notify_loop /usr/lib/python2.7/site-packages/neutron_lib/callbacks/manager.py:167
2018-06-28 09:05:10.523 11925 DEBUG neutron_lib.callbacks.manager [req-91904f5f-b2d8-400f-81f5-713c27aa9568 - - - - -] Notify callbacks ['neutron.plugins.ml2.plugin.Ml2Plugin._ensure_default_security_group_handler--9223372036821397664'] for port, before_update _notify_loop /usr/lib/python2.7/site-packages/neutron_lib/callbacks/manager.py:167
2018-06-28 09:05:10.638 11925 DEBUG oslo_concurrency.lockutils [-] Lock "notifier-739d5343-adc1-4b67-afa8-f8577782010a" acquired by "neutron.notifiers.batch_notifier.synced_send" :: waited 0.000s inner /usr/lib/python2.7/site-packages/oslo_concurrency/lockutils.py:270
2018-06-28 09:05:10.638 11925 DEBUG neutron.notifiers.nova [-] Sending events: [{'status': 'completed', 'tag': u'8e12db9c-6fa1-4029-aa4e-61ac61bc153d', 'name': 'network-vif-plugged', 'server_uuid': u'd94323d2-9715-485e-9026-40a02f98a04f'}] send_events /usr/lib/python2.7/site-packages/neutron/notifiers/nova.py:242
2018-06-28 09:05:10.651 11925 DEBUG neutron.plugins.ml2.db [req-91904f5f-b2d8-400f-81f5-713c27aa9568 - - - - -] For port 8e12db9c-6fa1-4029-aa4e-61ac61bc153d, host localhost.localdomain, got binding levels [<neutron.plugins.ml2.models.PortBindingLevel[object at 7f280eca3b50] {port_id=u'8e12db9c-6fa1-4029-aa4e-61ac61bc153d', host=u'localhost.localdomain', level=0, driver=u'openvswitch', segment_id=u'c725872c-9929-4dc6-a157-4539a0c69ef8'}>] get_binding_levels /usr/lib/python2.7/site-packages/neutron/plugins/ml2/db.py:106
2018-06-28 09:05:10.672 11925 DEBUG neutron_lib.callbacks.manager [req-91904f5f-b2d8-400f-81f5-713c27aa9568 - - - - -] Notify callbacks ['neutron.db.l3_dvrscheduler_db._notify_l3_agent_port_update--9223363298727842082', 'neutron.plugins.ml2.plugin.Ml2Plugin.notify_sg_on_port_change-33378269', 'neutron.plugins.ml2.ovo_rpc._ObjectChangeHandler.handle_event-1015078', 'neutron.db.l3_hascheduler_db._notify_l3_agent_ha_port_update-8738126934322', 'neutron.api.rpc.agentnotifiers.dhcp_rpc_agent_api.DhcpAgentNotifyAPI._native_event_send_dhcp_notification-907807'] for port, after_update _notify_loop /usr/lib/python2.7/site-packages/neutron_lib/callbacks/manager.py:167
2018-06-28 09:05:10.693 11925 DEBUG oslo_concurrency.lockutils [-] Lock "event-dispatch" acquired by "neutron.plugins.ml2.ovo_rpc.dispatch_events" :: waited 0.000s inner /usr/lib/python2.7/site-packages/oslo_concurrency/lockutils.py:270
2018-06-28 09:05:10.826 11925 DEBUG neutron.api.rpc.handlers.resources_rpc [req-91904f5f-b2d8-400f-81f5-713c27aa9568 - - - - -] neutron.api.rpc.handlers.resources_rpc.ResourcesPushRpcApi method push called with arguments (<neutron_lib.context.Context object at 0x7f280e30aa10>, [Port(admin_state_up=True,allowed_address_pairs=[],binding=PortBinding,binding_levels=[PortBindingLevel],created_at=2018-06-28T07:01:35Z,data_plane_status=<?>,description='',device_id='d94323d2-9715-485e-9026-40a02f98a04f',device_owner='compute:nova',dhcp_options=[],distributed_binding=None,dns=None,fixed_ips=[IPAllocation],id=8e12db9c-6fa1-4029-aa4e-61ac61bc153d,mac_address=fa:16:3e:53:69:2f,name='',network_id=507173f6-f095-462f-a2ba-a00b12523e35,project_id='64c468b3360a4f55b5ac8dfc0b919309',qos_policy_id=None,revision_number=8,security=PortSecurity(8e12db9c-6fa1-4029-aa4e-61ac61bc153d),security_group_ids=set([e78f9396-02df-4019-8dba-a180135bf897]),status='ACTIVE',updated_at=2018-06-28T07:05:10Z)], 'updated') {} wrapper /usr/lib/python2.7/site-packages/oslo_log/helpers.py:66
2018-06-28 09:05:10.838 11925 DEBUG neutron.api.rpc.callbacks.version_manager [req-91904f5f-b2d8-400f-81f5-713c27aa9568 - - - - -] Version for resource type Subnet changed None to 1.0 on consumer Open vSwitch agent@localhost.localdomain _set_version /usr/lib/python2.7/site-packages/neutron/api/rpc/callbacks/version_manager.py:119
2018-06-28 09:05:10.839 11925 DEBUG neutron.api.rpc.callbacks.version_manager [req-91904f5f-b2d8-400f-81f5-713c27aa9568 - - - - -] Version for resource type Network changed None to 1.0 on consumer Open vSwitch agent@localhost.localdomain _set_version /usr/lib/python2.7/site-packages/neutron/api/rpc/callbacks/version_manager.py:119
2018-06-28 09:05:10.840 11925 DEBUG neutron.api.rpc.callbacks.version_manager [req-91904f5f-b2d8-400f-81f5-713c27aa9568 - - - - -] Version for resource type SubPort changed None to 1.0 on consumer Open vSwitch agent@localhost.localdomain _set_version /usr/lib/python2.7/site-packages/neutron/api/rpc/callbacks/version_manager.py:119
2018-06-28 09:05:10.841 11925 DEBUG neutron.api.rpc.callbacks.version_manager [req-91904f5f-b2d8-400f-81f5-713c27aa9568 - - - - -] Version for resource type SecurityGroup changed None to 1.0 on consumer Open vSwitch agent@localhost.localdomain _set_version /usr/lib/python2.7/site-packages/neutron/api/rpc/callbacks/version_manager.py:119
2018-06-28 09:05:10.842 11925 DEBUG neutron.api.rpc.callbacks.version_manager [req-91904f5f-b2d8-400f-81f5-713c27aa9568 - - - - -] Version for resource type SecurityGroupRule changed None to 1.0 on consumer Open vSwitch agent@localhost.localdomain _set_version /usr/lib/python2.7/site-packages/neutron/api/rpc/callbacks/version_manager.py:119
2018-06-28 09:05:10.843 11925 DEBUG neutron.api.rpc.callbacks.version_manager [req-91904f5f-b2d8-400f-81f5-713c27aa9568 - - - - -] Version for resource type Trunk changed None to 1.1 on consumer Open vSwitch agent@localhost.localdomain _set_version /usr/lib/python2.7/site-packages/neutron/api/rpc/callbacks/version_manager.py:119
2018-06-28 09:05:10.843 11925 DEBUG neutron.api.rpc.callbacks.version_manager [req-91904f5f-b2d8-400f-81f5-713c27aa9568 - - - - -] Version for resource type QosPolicy changed None to 1.6 on consumer Open vSwitch agent@localhost.localdomain _set_version /usr/lib/python2.7/site-packages/neutron/api/rpc/callbacks/version_manager.py:119
2018-06-28 09:05:10.844 11925 DEBUG neutron.api.rpc.callbacks.version_manager [req-91904f5f-b2d8-400f-81f5-713c27aa9568 - - - - -] Version for resource type Port changed None to 1.1 on consumer Open vSwitch agent@localhost.localdomain _set_version /usr/lib/python2.7/site-packages/neutron/api/rpc/callbacks/version_manager.py:119
2018-06-28 09:05:10.844 11925 DEBUG neutron.api.rpc.callbacks.version_manager [req-91904f5f-b2d8-400f-81f5-713c27aa9568 - - - - -] Version for resource type Log changed None to 1.0 on consumer Open vSwitch agent@localhost.localdomain _set_version /usr/lib/python2.7/site-packages/neutron/api/rpc/callbacks/version_manager.py:119
2018-06-28 09:05:10.864 11925 DEBUG oslo_concurrency.lockutils [req-91904f5f-b2d8-400f-81f5-713c27aa9568 - - - - -] Lock "event-dispatch" released by "neutron.plugins.ml2.ovo_rpc.dispatch_events" :: held 0.170s inner /usr/lib/python2.7/site-packages/oslo_concurrency/lockutils.py:282
2018-06-28 09:05:11.557 11925 DEBUG novaclient.v2.client [-] REQ: curl -g -i -X POST http://10.0.20.25:8774/v2.1/910acf3b84b64f358e48f506530f7cb1/os-server-external-events -H "User-Agent: python-novaclient" -H "Content-Type: application/json" -H "Accept: application/json" -H "X-OpenStack-Nova-API-Version: 2.1" -H "X-Auth-Token: {SHA1}fb2d85dff8778581d492c2e96dcbc87d4df1633f" -d '{"events": [{"status": "completed", "tag": "8e12db9c-6fa1-4029-aa4e-61ac61bc153d", "name": "network-vif-plugged", "server_uuid": "d94323d2-9715-485e-9026-40a02f98a04f"}]}' _http_log_request /usr/lib/python2.7/site-packages/keystoneauth1/session.py:375
2018-06-28 09:05:11.988 11931 DEBUG neutron.plugins.ml2.rpc [req-91904f5f-b2d8-400f-81f5-713c27aa9568 - - - - -] Device 8e12db9c-6fa1-4029-aa4e-61ac61bc153d up at agent ovs-agent-localhost.localdomain update_device_up /usr/lib/python2.7/site-packages/neutron/plugins/ml2/rpc.py:244
2018-06-28 09:05:12.074 11931 DEBUG neutron.db.provisioning_blocks [req-91904f5f-b2d8-400f-81f5-713c27aa9568 - - - - -] Provisioning complete for port 8e12db9c-6fa1-4029-aa4e-61ac61bc153d triggered by entity L2. provisioning_complete /usr/lib/python2.7/site-packages/neutron/db/provisioning_blocks.py:138
2018-06-28 09:05:12.075 11931 DEBUG neutron_lib.callbacks.manager [req-91904f5f-b2d8-400f-81f5-713c27aa9568 - - - - -] Notify callbacks ['neutron.plugins.ml2.plugin.Ml2Plugin._port_provisioned-33178028'] for port, provisioning_complete _notify_loop /usr/lib/python2.7/site-packages/neutron_lib/callbacks/manager.py:167
2018-06-28 09:05:12.149 11925 DEBUG novaclient.v2.client [-] RESP: [200] Content-Length: 183 Content-Type: application/json Openstack-Api-Version: compute 2.1 X-Openstack-Nova-Api-Version: 2.1 Vary: OpenStack-API-Version, X-OpenStack-Nova-API-Version X-Openstack-Request-Id: req-9c92ba19-41e7-46ca-9679-31022a2e29c2 X-Compute-Request-Id: req-9c92ba19-41e7-46ca-9679-31022a2e29c2 Date: Thu, 28 Jun 2018 07:05:12 GMT Connection: keep-alive 
RESP BODY: {"events": [{"status": "completed", "tag": "8e12db9c-6fa1-4029-aa4e-61ac61bc153d", "name": "network-vif-plugged", "server_uuid": "d94323d2-9715-485e-9026-40a02f98a04f", "code": 200}]}
 _http_log_response /usr/lib/python2.7/site-packages/keystoneauth1/session.py:423
2018-06-28 09:05:12.150 11925 DEBUG novaclient.v2.client [-] POST call to compute for http://10.0.20.25:8774/v2.1/910acf3b84b64f358e48f506530f7cb1/os-server-external-events used request id req-9c92ba19-41e7-46ca-9679-31022a2e29c2 request /usr/lib/python2.7/site-packages/keystoneauth1/session.py:727
2018-06-28 09:05:12.163 11925 INFO neutron.notifiers.nova [-] Nova event response: {u'status': u'completed', u'tag': u'8e12db9c-6fa1-4029-aa4e-61ac61bc153d', u'name': u'network-vif-plugged', u'server_uuid': u'd94323d2-9715-485e-9026-40a02f98a04f', u'code': 200}
2018-06-28 09:05:14.165 11925 DEBUG oslo_concurrency.lockutils [-] Lock "notifier-739d5343-adc1-4b67-afa8-f8577782010a" released by "neutron.notifiers.batch_notifier.synced_send" :: held 3.527s inner /usr/lib/python2.7/site-packages/oslo_concurrency/lockutils.py:282
