2018-09-14 12:11:56.736 15715 INFO neutron.wsgi [req-28697d37-c4a2-44a5-b1bc-0591adddc792 392423df3617489b9a4259e561d5ba29 a6274edd06114a55b9dc116852780190 - default default] 10.0.20.24 "GET /v2.0/security-groups?id=1ac7c630-85e2-430f-bbf7-f44768ae9a53 HTTP/1.1" status: 200  len: 2118 time: 0.1383679
2018-09-14 12:11:59.593 15717 DEBUG neutron.wsgi [-] (15717) accepted ('10.0.20.24', 35954) server /usr/lib/python2.7/site-packages/eventlet/wsgi.py:883
2018-09-14 12:12:00.265 15717 INFO neutron.wsgi [req-b7c9e3dd-ecd0-4860-9e3e-ca7a6723b5ac 392423df3617489b9a4259e561d5ba29 a6274edd06114a55b9dc116852780190 - default default] 10.0.20.24 "GET /v2.0/ports?device_id=9c3fdafd-5ddb-4fc4-99ea-ca9751a34569 HTTP/1.1" status: 200  len: 1124 time: 0.6688490
2018-09-14 12:12:00.411 15717 INFO neutron.wsgi [req-17cf4d63-e0a4-412f-b6e2-e2d438b2358d 392423df3617489b9a4259e561d5ba29 a6274edd06114a55b9dc116852780190 - default default] 10.0.20.24 "GET /v2.0/security-groups?id=1ac7c630-85e2-430f-bbf7-f44768ae9a53 HTTP/1.1" status: 200  len: 2118 time: 0.1357281
2018-09-14 12:12:01.427 15727 DEBUG neutron_lib.callbacks.manager [req-6e7c071b-fed7-4b49-99d1-e80634c0ecea - - - - -] Notify callbacks ['neutron.services.segments.db._update_segment_host_mapping_for_agent--9223363298138840519'] for agent, after_update _notify_loop /usr/lib/python2.7/site-packages/neutron_lib/callbacks/manager.py:167
2018-09-14 12:12:02.163 15715 INFO neutron.wsgi [req-bf61b20b-5a6a-4b93-a961-4f1dc906a245 392423df3617489b9a4259e561d5ba29 a6274edd06114a55b9dc116852780190 - default default] 10.0.20.24 "GET /v2.0/ports?device_id=9c3fdafd-5ddb-4fc4-99ea-ca9751a34569 HTTP/1.1" status: 200  len: 1124 time: 0.1579740
2018-09-14 12:12:02.357 15715 INFO neutron.wsgi [req-22cb541b-2e0f-4180-b52e-635e700049cd 392423df3617489b9a4259e561d5ba29 a6274edd06114a55b9dc116852780190 - default default] 10.0.20.24 "GET /v2.0/security-groups?id=1ac7c630-85e2-430f-bbf7-f44768ae9a53 HTTP/1.1" status: 200  len: 2118 time: 0.1841972
2018-09-14 12:12:06.134 15719 INFO neutron.wsgi [req-0f8fade8-bae9-420e-8ebc-95d5ce6d1ba8 392423df3617489b9a4259e561d5ba29 a6274edd06114a55b9dc116852780190 - default default] 10.0.20.24 "GET /v2.0/ports?device_id=9c3fdafd-5ddb-4fc4-99ea-ca9751a34569 HTTP/1.1" status: 200  len: 1124 time: 0.1555161
2018-09-14 12:12:06.296 15719 INFO neutron.wsgi [req-cc4eb75e-12e3-4925-8205-cc6569ff97b7 392423df3617489b9a4259e561d5ba29 a6274edd06114a55b9dc116852780190 - default default] 10.0.20.24 "GET /v2.0/security-groups?id=1ac7c630-85e2-430f-bbf7-f44768ae9a53 HTTP/1.1" status: 200  len: 2118 time: 0.1554270
2018-09-14 12:12:06.459 15714 INFO neutron.wsgi [req-b6e152f3-56d8-46ed-a844-a46c6801d926 0509a4af4ae04f458ff6255b643a48c1 a6274edd06114a55b9dc116852780190 - default default] 10.0.20.24 "GET /v2.0/ports?device_id=9c3fdafd-5ddb-4fc4-99ea-ca9751a34569 HTTP/1.1" status: 200  len: 1124 time: 0.7792339
2018-09-14 12:12:06.622 15714 INFO neutron.wsgi [req-551c6085-a0fb-4732-8e1b-f421e7be896e 0509a4af4ae04f458ff6255b643a48c1 a6274edd06114a55b9dc116852780190 - default default] 10.0.20.24 "GET /v2.0/security-groups?id=1ac7c630-85e2-430f-bbf7-f44768ae9a53 HTTP/1.1" status: 200  len: 2118 time: 0.1533198
2018-09-14 12:12:07.714 15731 DEBUG neutron_lib.callbacks.manager [req-f079205a-f331-4f3c-8cca-3c23fe11548d - - - - -] Notify callbacks ['neutron.services.segments.db._update_segment_host_mapping_for_agent--9223363298138840519'] for agent, after_update _notify_loop /usr/lib/python2.7/site-packages/neutron_lib/callbacks/manager.py:167
2018-09-14 12:12:08.495 15714 INFO neutron.wsgi [req-91544e0a-06ce-4f0a-9cc0-90003ebbffaf 392423df3617489b9a4259e561d5ba29 a6274edd06114a55b9dc116852780190 - default default] 10.0.20.24 "GET /v2.0/ports?device_id=9c3fdafd-5ddb-4fc4-99ea-ca9751a34569 HTTP/1.1" status: 200  len: 1124 time: 0.1126530
2018-09-14 12:12:08.636 15714 INFO neutron.wsgi [req-463b5925-6cd3-4816-9983-2254e60c960a 392423df3617489b9a4259e561d5ba29 a6274edd06114a55b9dc116852780190 - default default] 10.0.20.24 "GET /v2.0/security-groups?id=1ac7c630-85e2-430f-bbf7-f44768ae9a53 HTTP/1.1" status: 200  len: 2118 time: 0.1306961
2018-09-14 12:12:11.371 15715 INFO neutron.wsgi [req-a75bba92-4735-47de-8896-baa9419e8ff7 392423df3617489b9a4259e561d5ba29 a6274edd06114a55b9dc116852780190 - default default] 10.0.20.24 "GET /v2.0/ports?device_id=9c3fdafd-5ddb-4fc4-99ea-ca9751a34569 HTTP/1.1" status: 200  len: 1124 time: 0.1431658
2018-09-14 12:12:11.506 15715 INFO neutron.wsgi [req-2e5a2137-0f94-4866-ad6f-36c151f97998 392423df3617489b9a4259e561d5ba29 a6274edd06114a55b9dc116852780190 - default default] 10.0.20.24 "GET /v2.0/security-groups?id=1ac7c630-85e2-430f-bbf7-f44768ae9a53 HTTP/1.1" status: 200  len: 2118 time: 0.1248801
2018-09-14 12:12:15.386 15725 DEBUG neutron_lib.callbacks.manager [req-4eef57af-7c91-4932-8874-5616540c826b - - - - -] Notify callbacks ['neutron.services.segments.db._update_segment_host_mapping_for_agent--9223363298138840519'] for agent, after_update _notify_loop /usr/lib/python2.7/site-packages/neutron_lib/callbacks/manager.py:167
2018-09-14 12:12:15.392 15728 DEBUG neutron_lib.callbacks.manager [req-87938186-e6f1-4162-8405-7658815a7dfb - - - - -] Notify callbacks ['neutron.services.segments.db._update_segment_host_mapping_for_agent--9223363298138840519'] for agent, after_update _notify_loop /usr/lib/python2.7/site-packages/neutron_lib/callbacks/manager.py:167
2018-09-14 12:12:15.429 15730 DEBUG neutron_lib.callbacks.manager [req-4c1529b0-8705-4a74-beef-172c34f7577d - - - - -] Notify callbacks ['neutron.services.segments.db._update_segment_host_mapping_for_agent--9223363298138840519'] for agent, after_update _notify_loop /usr/lib/python2.7/site-packages/neutron_lib/callbacks/manager.py:167
2018-09-14 12:12:23.934 15734 DEBUG neutron.db.agents_db [req-7e2a5d9e-b397-4399-be24-029ecac4a3e0 - - - - -] Agent healthcheck: found 5 active agents agent_health_check /usr/lib/python2.7/site-packages/neutron/db/agents_db.py:281
2018-09-14 12:12:31.393 15732 DEBUG neutron_lib.callbacks.manager [req-dcd615eb-87e4-4556-a997-e341e07b31f5 - - - - -] Notify callbacks ['neutron.services.segments.db._update_segment_host_mapping_for_agent--9223363298138840519'] for agent, after_update _notify_loop /usr/lib/python2.7/site-packages/neutron_lib/callbacks/manager.py:167
2018-09-14 12:12:37.694 15733 DEBUG neutron_lib.callbacks.manager [req-f079205a-f331-4f3c-8cca-3c23fe11548d - - - - -] Notify callbacks ['neutron.services.segments.db._update_segment_host_mapping_for_agent--9223363298138840519'] for agent, after_update _notify_loop /usr/lib/python2.7/site-packages/neutron_lib/callbacks/manager.py:167
2018-09-14 12:12:38.787 15714 INFO neutron.wsgi [req-adb2036b-12de-4f16-ac3a-0217584e04fc 392423df3617489b9a4259e561d5ba29 a6274edd06114a55b9dc116852780190 - default default] 10.0.20.24 "GET /v2.0/ports?tenant_id=4e50105423cc41bab66cc592312197bb&device_id=9c3fdafd-5ddb-4fc4-99ea-ca9751a34569 HTTP/1.1" status: 200  len: 1124 time: 0.1317780
2018-09-14 12:12:39.090 15714 DEBUG neutron.pecan_wsgi.hooks.policy_enforcement [req-c37c9acb-804f-4309-acfd-54840145bcaf 392423df3617489b9a4259e561d5ba29 a6274edd06114a55b9dc116852780190 - default default] Attributes excluded by policy engine: [u'vlan_transparent'] _exclude_attributes_by_policy /usr/lib/python2.7/site-packages/neutron/pecan_wsgi/hooks/policy_enforcement.py:256
2018-09-14 12:12:39.094 15714 INFO neutron.wsgi [req-c37c9acb-804f-4309-acfd-54840145bcaf 392423df3617489b9a4259e561d5ba29 a6274edd06114a55b9dc116852780190 - default default] 10.0.20.24 "GET /v2.0/networks?id=5d2d96f5-933a-4ac0-aa3f-ce2411e1fb99 HTTP/1.1" status: 200  len: 885 time: 0.2983220
2018-09-14 12:12:39.144 15714 INFO neutron.wsgi [req-50b72ada-6c35-4553-b247-a6f7a0cdc636 392423df3617489b9a4259e561d5ba29 a6274edd06114a55b9dc116852780190 - default default] 10.0.20.24 "GET /v2.0/floatingips?fixed_ip_address=11.126.1.7&port_id=a9b11f4a-ac77-4de2-b859-ffc3442d4bcd HTTP/1.1" status: 200  len: 751 time: 0.0420871
2018-09-14 12:12:39.331 15714 DEBUG neutron.pecan_wsgi.hooks.policy_enforcement [req-dff7d5c1-7fd9-4e03-9565-36348616cbf0 392423df3617489b9a4259e561d5ba29 a6274edd06114a55b9dc116852780190 - default default] Attributes excluded by policy engine: [u'shared'] _exclude_attributes_by_policy /usr/lib/python2.7/site-packages/neutron/pecan_wsgi/hooks/policy_enforcement.py:256
2018-09-14 12:12:39.334 15714 INFO neutron.wsgi [req-dff7d5c1-7fd9-4e03-9565-36348616cbf0 392423df3617489b9a4259e561d5ba29 a6274edd06114a55b9dc116852780190 - default default] 10.0.20.24 "GET /v2.0/subnets?id=32453e50-744b-430f-a4ef-e23f3d8d9490 HTTP/1.1" status: 200  len: 847 time: 0.1810081
2018-09-14 12:12:39.477 15714 INFO neutron.wsgi [req-95112bce-3461-44a2-9cb8-77c7b6ba9703 392423df3617489b9a4259e561d5ba29 a6274edd06114a55b9dc116852780190 - default default] 10.0.20.24 "GET /v2.0/ports?network_id=5d2d96f5-933a-4ac0-aa3f-ce2411e1fb99&device_owner=network%3Adhcp HTTP/1.1" status: 200  len: 1128 time: 0.1352129
2018-09-14 12:12:42.312 15716 DEBUG neutron.wsgi [-] (15716) accepted ('10.0.20.24', 37232) server /usr/lib/python2.7/site-packages/eventlet/wsgi.py:883
2018-09-14 12:12:42.322 15716 INFO neutron.wsgi [-] 10.0.20.24 "GET / HTTP/1.1" status: 200  len: 252 time: 0.0047791
2018-09-14 12:12:42.961 15716 INFO neutron.api.v2.resource [req-820a13ae-c875-401d-a05e-f61e50b5569f 95d22a10ab584eb4b6f86c1e38c8ec6e 4e50105423cc41bab66cc592312197bb - 97bdbdfe9b3940cdb657ec0cca1963d0 97bdbdfe9b3940cdb657ec0cca1963d0] show failed (client error): The resource could not be found.
2018-09-14 12:12:42.964 15716 INFO neutron.wsgi [req-820a13ae-c875-401d-a05e-f61e50b5569f 95d22a10ab584eb4b6f86c1e38c8ec6e 4e50105423cc41bab66cc592312197bb - 97bdbdfe9b3940cdb657ec0cca1963d0 97bdbdfe9b3940cdb657ec0cca1963d0] 10.0.20.24 "GET /v2.0/floatingips/172.24.4.15 HTTP/1.1" status: 404  len: 325 time: 0.6378880
2018-09-14 12:12:43.024 15716 INFO neutron.wsgi [req-b60bfefd-0f73-41ae-9443-ba5e8b98fc74 95d22a10ab584eb4b6f86c1e38c8ec6e 4e50105423cc41bab66cc592312197bb - 97bdbdfe9b3940cdb657ec0cca1963d0 97bdbdfe9b3940cdb657ec0cca1963d0] 10.0.20.24 "GET /v2.0/floatingips HTTP/1.1" status: 200  len: 1665 time: 0.0512500
2018-09-14 12:12:43.481 15716 DEBUG neutron.plugins.ml2.plugin [req-251433f1-722b-4c93-9c5b-0c2903dd8f35 95d22a10ab584eb4b6f86c1e38c8ec6e 4e50105423cc41bab66cc592312197bb - 97bdbdfe9b3940cdb657ec0cca1963d0 97bdbdfe9b3940cdb657ec0cca1963d0] Deleting port 74104159-e0c9-412c-8d70-f25956c30dad _pre_delete_port /usr/lib/python2.7/site-packages/neutron/plugins/ml2/plugin.py:1488
2018-09-14 12:12:43.482 15716 DEBUG neutron_lib.callbacks.manager [req-251433f1-722b-4c93-9c5b-0c2903dd8f35 95d22a10ab584eb4b6f86c1e38c8ec6e 4e50105423cc41bab66cc592312197bb - 97bdbdfe9b3940cdb657ec0cca1963d0 97bdbdfe9b3940cdb657ec0cca1963d0] Notify callbacks ['neutron.db.l3_db._prevent_l3_port_delete_callback--9223363298138640915'] for port, before_delete _notify_loop /usr/lib/python2.7/site-packages/neutron_lib/callbacks/manager.py:167
2018-09-14 12:12:43.898 15716 DEBUG neutron.plugins.ml2.plugin [req-251433f1-722b-4c93-9c5b-0c2903dd8f35 95d22a10ab584eb4b6f86c1e38c8ec6e 4e50105423cc41bab66cc592312197bb - 97bdbdfe9b3940cdb657ec0cca1963d0 97bdbdfe9b3940cdb657ec0cca1963d0] Calling delete_port for 74104159-e0c9-412c-8d70-f25956c30dad owned by network:floatingip delete_port /usr/lib/python2.7/site-packages/neutron/plugins/ml2/plugin.py:1547
2018-09-14 12:12:44.353 15716 DEBUG neutron_lib.callbacks.manager [req-251433f1-722b-4c93-9c5b-0c2903dd8f35 95d22a10ab584eb4b6f86c1e38c8ec6e 4e50105423cc41bab66cc592312197bb - 97bdbdfe9b3940cdb657ec0cca1963d0 97bdbdfe9b3940cdb657ec0cca1963d0] Notify callbacks ['neutron.plugins.ml2.plugin.Ml2Plugin.notify_sg_on_port_change--9223372036853905676', 'neutron.plugins.ml2.ovo_rpc._ObjectChangeHandler.handle_event--9223372036853148641', 'neutron.api.rpc.agentnotifiers.dhcp_rpc_agent_api.DhcpAgentNotifyAPI._native_event_send_dhcp_notification--9223372036852814510', 'neutron.db.l3_db._notify_routers_callback-8738716145864', 'neutron.db.l3_dvrscheduler_db._notify_port_delete--9223363298139202036'] for port, after_delete _notify_loop /usr/lib/python2.7/site-packages/neutron_lib/callbacks/manager.py:167
2018-09-14 12:12:44.395 15716 DEBUG oslo_concurrency.lockutils [-] Lock "event-dispatch" acquired by "neutron.plugins.ml2.ovo_rpc.dispatch_events" :: waited 0.000s inner /usr/lib/python2.7/site-packages/oslo_concurrency/lockutils.py:270
2018-09-14 12:12:44.551 15716 DEBUG neutron.api.rpc.handlers.resources_rpc [req-251433f1-722b-4c93-9c5b-0c2903dd8f35 95d22a10ab584eb4b6f86c1e38c8ec6e 4e50105423cc41bab66cc592312197bb - - -] neutron.api.rpc.handlers.resources_rpc.ResourcesPushRpcApi method push called with arguments (<neutron_lib.context.Context object at 0x7f2a3fee45d0>, [Port(admin_state_up=<?>,allowed_address_pairs=<?>,binding=<?>,binding_levels=<?>,created_at=<?>,data_plane_status=<?>,description=<?>,device_id=<?>,device_owner=<?>,dhcp_options=<?>,distributed_binding=<?>,dns=<?>,fixed_ips=<?>,id=74104159-e0c9-412c-8d70-f25956c30dad,mac_address=<?>,name=<?>,network_id=<?>,project_id=<?>,qos_policy_id=None,revision_number=<?>,security=<?>,security_group_ids=None,status=<?>,updated_at=<?>)], 'deleted') {} wrapper /usr/lib/python2.7/site-packages/oslo_log/helpers.py:66
2018-09-14 12:12:44.693 15716 DEBUG neutron.api.rpc.callbacks.version_manager [req-251433f1-722b-4c93-9c5b-0c2903dd8f35 95d22a10ab584eb4b6f86c1e38c8ec6e 4e50105423cc41bab66cc592312197bb - - -] Version for resource type Subnet changed None to 1.0 on consumer Open vSwitch agent@localhost.localdomain _set_version /usr/lib/python2.7/site-packages/neutron/api/rpc/callbacks/version_manager.py:119
2018-09-14 12:12:44.695 15716 DEBUG neutron.api.rpc.callbacks.version_manager [req-251433f1-722b-4c93-9c5b-0c2903dd8f35 95d22a10ab584eb4b6f86c1e38c8ec6e 4e50105423cc41bab66cc592312197bb - - -] Version for resource type Network changed None to 1.0 on consumer Open vSwitch agent@localhost.localdomain _set_version /usr/lib/python2.7/site-packages/neutron/api/rpc/callbacks/version_manager.py:119
2018-09-14 12:12:44.696 15716 DEBUG neutron.api.rpc.callbacks.version_manager [req-251433f1-722b-4c93-9c5b-0c2903dd8f35 95d22a10ab584eb4b6f86c1e38c8ec6e 4e50105423cc41bab66cc592312197bb - - -] Version for resource type SubPort changed None to 1.0 on consumer Open vSwitch agent@localhost.localdomain _set_version /usr/lib/python2.7/site-packages/neutron/api/rpc/callbacks/version_manager.py:119
2018-09-14 12:12:44.697 15716 DEBUG neutron.api.rpc.callbacks.version_manager [req-251433f1-722b-4c93-9c5b-0c2903dd8f35 95d22a10ab584eb4b6f86c1e38c8ec6e 4e50105423cc41bab66cc592312197bb - - -] Version for resource type SecurityGroup changed None to 1.0 on consumer Open vSwitch agent@localhost.localdomain _set_version /usr/lib/python2.7/site-packages/neutron/api/rpc/callbacks/version_manager.py:119
2018-09-14 12:12:44.697 15716 DEBUG neutron.api.rpc.callbacks.version_manager [req-251433f1-722b-4c93-9c5b-0c2903dd8f35 95d22a10ab584eb4b6f86c1e38c8ec6e 4e50105423cc41bab66cc592312197bb - - -] Version for resource type SecurityGroupRule changed None to 1.0 on consumer Open vSwitch agent@localhost.localdomain _set_version /usr/lib/python2.7/site-packages/neutron/api/rpc/callbacks/version_manager.py:119
2018-09-14 12:12:44.698 15716 DEBUG neutron.api.rpc.callbacks.version_manager [req-251433f1-722b-4c93-9c5b-0c2903dd8f35 95d22a10ab584eb4b6f86c1e38c8ec6e 4e50105423cc41bab66cc592312197bb - - -] Version for resource type Trunk changed None to 1.1 on consumer Open vSwitch agent@localhost.localdomain _set_version /usr/lib/python2.7/site-packages/neutron/api/rpc/callbacks/version_manager.py:119
2018-09-14 12:12:44.699 15716 DEBUG neutron.api.rpc.callbacks.version_manager [req-251433f1-722b-4c93-9c5b-0c2903dd8f35 95d22a10ab584eb4b6f86c1e38c8ec6e 4e50105423cc41bab66cc592312197bb - - -] Version for resource type QosPolicy changed None to 1.6 on consumer Open vSwitch agent@localhost.localdomain _set_version /usr/lib/python2.7/site-packages/neutron/api/rpc/callbacks/version_manager.py:119
2018-09-14 12:12:44.700 15716 DEBUG neutron.api.rpc.callbacks.version_manager [req-251433f1-722b-4c93-9c5b-0c2903dd8f35 95d22a10ab584eb4b6f86c1e38c8ec6e 4e50105423cc41bab66cc592312197bb - - -] Version for resource type Port changed None to 1.1 on consumer Open vSwitch agent@localhost.localdomain _set_version /usr/lib/python2.7/site-packages/neutron/api/rpc/callbacks/version_manager.py:119
2018-09-14 12:12:44.701 15716 DEBUG neutron.api.rpc.callbacks.version_manager [req-251433f1-722b-4c93-9c5b-0c2903dd8f35 95d22a10ab584eb4b6f86c1e38c8ec6e 4e50105423cc41bab66cc592312197bb - - -] Version for resource type Log changed None to 1.0 on consumer Open vSwitch agent@localhost.localdomain _set_version /usr/lib/python2.7/site-packages/neutron/api/rpc/callbacks/version_manager.py:119
2018-09-14 12:12:44.781 15716 DEBUG oslo_concurrency.lockutils [req-251433f1-722b-4c93-9c5b-0c2903dd8f35 95d22a10ab584eb4b6f86c1e38c8ec6e 4e50105423cc41bab66cc592312197bb - - -] Lock "event-dispatch" released by "neutron.plugins.ml2.ovo_rpc.dispatch_events" :: held 0.386s inner /usr/lib/python2.7/site-packages/oslo_concurrency/lockutils.py:282
2018-09-14 12:12:45.384 15729 DEBUG neutron_lib.callbacks.manager [req-4eef57af-7c91-4932-8874-5616540c826b - - - - -] Notify callbacks ['neutron.services.segments.db._update_segment_host_mapping_for_agent--9223363298138840519'] for agent, after_update _notify_loop /usr/lib/python2.7/site-packages/neutron_lib/callbacks/manager.py:167
2018-09-14 12:12:45.422 15723 DEBUG neutron_lib.callbacks.manager [req-87938186-e6f1-4162-8405-7658815a7dfb - - - - -] Notify callbacks ['neutron.services.segments.db._update_segment_host_mapping_for_agent--9223363298138840519'] for agent, after_update _notify_loop /usr/lib/python2.7/site-packages/neutron_lib/callbacks/manager.py:167
2018-09-14 12:12:45.463 15727 DEBUG neutron_lib.callbacks.manager [req-52768e82-d34a-46b4-91f2-46a069afcd78 - - - - -] Notify callbacks ['neutron.services.segments.db._update_segment_host_mapping_for_agent--9223363298138840519'] for agent, after_update _notify_loop /usr/lib/python2.7/site-packages/neutron_lib/callbacks/manager.py:167
2018-09-14 12:12:45.548 15716 DEBUG neutron.scheduler.l3_agent_scheduler [req-251433f1-722b-4c93-9c5b-0c2903dd8f35 95d22a10ab584eb4b6f86c1e38c8ec6e 4e50105423cc41bab66cc592312197bb - 97bdbdfe9b3940cdb657ec0cca1963d0 97bdbdfe9b3940cdb657ec0cca1963d0] Router 6220f14b-c50e-420d-9272-e8996c34ddc3 has already been hosted by L3 agent 5abc080c-2542-43f1-8f39-0dc47ee4ff99 _get_candidates /usr/lib/python2.7/site-packages/neutron/scheduler/l3_agent_scheduler.py:141
2018-09-14 12:12:45.848 15716 DEBUG neutron.api.rpc.agentnotifiers.l3_rpc_agent_api [req-251433f1-722b-4c93-9c5b-0c2903dd8f35 95d22a10ab584eb4b6f86c1e38c8ec6e 4e50105423cc41bab66cc592312197bb - 97bdbdfe9b3940cdb657ec0cca1963d0 97bdbdfe9b3940cdb657ec0cca1963d0] Notify agent at l3_agent.localhost.localdomain the message routers_updated _agent_notification /usr/lib/python2.7/site-packages/neutron/api/rpc/agentnotifiers/l3_rpc_agent_api.py:69
2018-09-14 12:12:45.896 15716 DEBUG neutron.quota.resource [req-251433f1-722b-4c93-9c5b-0c2903dd8f35 95d22a10ab584eb4b6f86c1e38c8ec6e 4e50105423cc41bab66cc592312197bb - 97bdbdfe9b3940cdb657ec0cca1963d0 97bdbdfe9b3940cdb657ec0cca1963d0] Persisted dirty status for tenant:4e50105423cc41bab66cc592312197bb on resource:floatingip mark_dirty /usr/lib/python2.7/site-packages/neutron/quota/resource.py:207
2018-09-14 12:12:45.912 15716 DEBUG neutron.quota.resource [req-251433f1-722b-4c93-9c5b-0c2903dd8f35 95d22a10ab584eb4b6f86c1e38c8ec6e 4e50105423cc41bab66cc592312197bb - 97bdbdfe9b3940cdb657ec0cca1963d0 97bdbdfe9b3940cdb657ec0cca1963d0] Persisted dirty status for tenant: on resource:port mark_dirty /usr/lib/python2.7/site-packages/neutron/quota/resource.py:207
2018-09-14 12:12:45.920 15716 DEBUG neutron_lib.callbacks.manager [req-251433f1-722b-4c93-9c5b-0c2903dd8f35 95d22a10ab584eb4b6f86c1e38c8ec6e 4e50105423cc41bab66cc592312197bb - 97bdbdfe9b3940cdb657ec0cca1963d0 97bdbdfe9b3940cdb657ec0cca1963d0] Notify callbacks ['neutron.notifiers.nova.Notifier._send_nova_notification-3668'] for floatingip, before_response _notify_loop /usr/lib/python2.7/site-packages/neutron_lib/callbacks/manager.py:167
2018-09-14 12:12:45.935 15723 DEBUG neutron.db.l3_hamode_db [req-095237cb-fd56-43fc-b4b6-637941b976da - - - - -] neutron.services.l3_router.l3_router_plugin.L3RouterPlugin method get_ha_sync_data_for_host called with arguments (<neutron_lib.context.Context object at 0x7f2a3fb76dd0>, u'localhost.localdomain', <neutron.db.models.agent.Agent[object at 7f2a3fbb9610] {id=u'5abc080c-2542-43f1-8f39-0dc47ee4ff99', agent_type=u'L3 agent', binary=u'neutron-l3-agent', topic=u'l3_agent', host=u'localhost.localdomain', availability_zone=u'nova', admin_state_up=True, created_at=datetime.datetime(2018, 9, 12, 22, 29, 15), started_at=datetime.datetime(2018, 9, 14, 15, 49, 1), heartbeat_timestamp=datetime.datetime(2018, 9, 14, 16, 12, 31), description=None, configurations=u'{"agent_mode": "legacy", "gateway_external_network_id": "", "handle_internal_only_routers": true, "routers": 3, "interfaces": 3, "floating_ips": 1, "interface_driver": "neutron.agent.linux.interface.OVSInterfaceDriver", "log_agent_heartbeats": false, "external_network_bridge": "", "ex_gw_ports": 3}', resource_versions=None, load=0}>) {'active': True, 'router_ids': ['6220f14b-c50e-420d-9272-e8996c34ddc3']} wrapper /usr/lib/python2.7/site-packages/oslo_log/helpers.py:66
2018-09-14 12:12:46.063 15716 INFO neutron.wsgi [req-251433f1-722b-4c93-9c5b-0c2903dd8f35 95d22a10ab584eb4b6f86c1e38c8ec6e 4e50105423cc41bab66cc592312197bb - 97bdbdfe9b3940cdb657ec0cca1963d0 97bdbdfe9b3940cdb657ec0cca1963d0] 10.0.20.24 "DELETE /v2.0/floatingips/58ddfe4c-c77f-4400-b19e-c217c08ff2d6 HTTP/1.1" status: 204  len: 173 time: 3.0261180
2018-09-14 12:12:46.066 15716 DEBUG oslo_concurrency.lockutils [-] Lock "notifier-bfab73e5-6f55-493e-b0e1-f458cd5d228c" acquired by "neutron.notifiers.batch_notifier.synced_send" :: waited 0.000s inner /usr/lib/python2.7/site-packages/oslo_concurrency/lockutils.py:270
2018-09-14 12:12:46.066 15716 DEBUG neutron.notifiers.nova [-] Sending events: [{'tag': u'a9b11f4a-ac77-4de2-b859-ffc3442d4bcd', 'name': 'network-changed', 'server_uuid': u'9c3fdafd-5ddb-4fc4-99ea-ca9751a34569'}] send_events /usr/lib/python2.7/site-packages/neutron/notifiers/nova.py:242
2018-09-14 12:12:47.483 15716 DEBUG novaclient.v2.client [-] REQ: curl -g -i -X POST http://10.0.20.24:8774/v2.1/a6274edd06114a55b9dc116852780190/os-server-external-events -H "User-Agent: python-novaclient" -H "Content-Type: application/json" -H "Accept: application/json" -H "X-OpenStack-Nova-API-Version: 2.1" -H "X-Auth-Token: {SHA1}031aa8ef9a3032d56673afa67f12e8f67213d423" -d '{"events": [{"tag": "a9b11f4a-ac77-4de2-b859-ffc3442d4bcd", "name": "network-changed", "server_uuid": "9c3fdafd-5ddb-4fc4-99ea-ca9751a34569"}]}' _http_log_request /usr/lib/python2.7/site-packages/keystoneauth1/session.py:375
2018-09-14 12:12:47.771 15723 DEBUG neutron.db.l3_hamode_db [req-095237cb-fd56-43fc-b4b6-637941b976da - - - - -] neutron.services.l3_router.l3_router_plugin.L3RouterPlugin method _process_sync_ha_data called with arguments (<neutron_lib.context.Context object at 0x7f2a3fb76dd0>, [{'status': u'ACTIVE', '_interfaces': [{'status': u'ACTIVE', 'subnets': [{'dns_nameservers': [u'8.8.4.4'], 'ipv6_ra_mode': None, 'gateway_ip': u'11.126.1.1', 'cidr': u'11.126.1.0/24', 'id': u'32453e50-744b-430f-a4ef-e23f3d8d9490', 'subnetpool_id': None}], 'binding:host_id': u'localhost.localdomain', 'description': u'', 'allowed_address_pairs': [], 'tags': [], 'extra_dhcp_opts': [], 'updated_at': '2018-09-14T16:07:11Z', 'device_owner': u'network:router_interface', 'revision_number': 7, 'port_security_enabled': False, 'binding:profile': {}, 'mtu': 1450, 'fixed_ips': [{'subnet_id': u'32453e50-744b-430f-a4ef-e23f3d8d9490', 'prefixlen': 24, 'ip_address': u'11.126.1.1'}], 'id': u'3416669a-ce71-4896-b482-3a75a6ebb575', 'security_groups': [], 'device_id': u'6220f14b-c50e-420d-9272-e8996c34ddc3', 'name': u'', 'admin_state_up': True, 'network_id': u'5d2d96f5-933a-4ac0-aa3f-ce2411e1fb99', 'tenant_id': u'4e50105423cc41bab66cc592312197bb', 'binding:vif_details': {u'port_filter': True, u'datapath_type': u'system', u'ovs_hybrid_plug': True}, 'address_scopes': {4: None, 6: None}, 'binding:vnic_type': u'normal', 'binding:vif_type': u'ovs', 'mac_address': u'fa:16:3e:7b:9f:1c', 'project_id': u'4e50105423cc41bab66cc592312197bb', 'extra_subnets': [], 'created_at': '2018-09-14T16:07:02Z'}], 'enable_snat': True, 'ha_vr_id': 0, 'description': u'', 'tags': [], 'gw_port': {'status': u'ACTIVE', 'subnets': [{'dns_nameservers': [], 'ipv6_ra_mode': None, 'gateway_ip': u'172.24.4.1', 'cidr': u'172.24.4.0/24', 'id': u'b8522e6e-dd32-47d0-940c-b0479a41e5ff', 'subnetpool_id': None}], 'binding:host_id': u'localhost.localdomain', 'description': u'', 'allowed_address_pairs': [], 'tags': [], 'extra_dhcp_opts': [], 'updated_at': '2018-09-14T16:07:25Z', 'device_owner': u'network:router_gateway', 'revision_number': 6, 'port_security_enabled': False, 'binding:profile': {}, 'mtu': 1500, 'fixed_ips': [{'subnet_id': u'b8522e6e-dd32-47d0-940c-b0479a41e5ff', 'prefixlen': 24, 'ip_address': u'172.24.4.3'}], 'id': u'77a9c738-acda-455b-b9fb-29abb8bb8520', 'security_groups': [], 'device_id': u'6220f14b-c50e-420d-9272-e8996c34ddc3', 'name': u'', 'admin_state_up': True, 'network_id': u'98cf6b49-91c1-422d-a1ec-9d49628670a5', 'tenant_id': u'', 'binding:vif_details': {u'port_filter': True, u'datapath_type': u'system', u'ovs_hybrid_plug': True}, 'address_scopes': {4: None, 6: None}, 'binding:vnic_type': u'normal', 'binding:vif_type': u'ovs', 'mac_address': u'fa:16:3e:fe:25:42', 'project_id': u'', 'extra_subnets': [], 'created_at': '2018-09-14T16:07:18Z'}, 'updated_at': '2018-09-14T16:07:19Z', 'revision_number': 4, 'ha': False, 'id': u'6220f14b-c50e-420d-9272-e8996c34ddc3', 'gw_port_host': u'localhost.localdomain', 'external_gateway_info': {'network_id': u'98cf6b49-91c1-422d-a1ec-9d49628670a5', 'enable_snat': True, 'external_fixed_ips': [{'subnet_id': u'b8522e6e-dd32-47d0-940c-b0479a41e5ff', 'ip_address': u'172.24.4.3'}]}, 'availability_zone_hints': [], 'availability_zones': [u'nova'], 'name': u'tempest-router-1536941010', 'gw_port_id': u'77a9c738-acda-455b-b9fb-29abb8bb8520', 'admin_state_up': True, 'tenant_id': u'4e50105423cc41bab66cc592312197bb', 'created_at': '2018-09-14T16:06:38Z', 'distributed': False, 'flavor_id': None, 'routes': [], 'project_id': u'4e50105423cc41bab66cc592312197bb'}], u'localhost.localdomain', False) {} wrapper /usr/lib/python2.7/site-packages/oslo_log/helpers.py:66
2018-09-14 12:12:47.787 15723 DEBUG neutron.api.rpc.handlers.l3_rpc [req-095237cb-fd56-43fc-b4b6-637941b976da - - - - -] Checking router: 6220f14b-c50e-420d-9272-e8996c34ddc3 for host: localhost.localdomain _ensure_host_set_on_ports /usr/lib/python2.7/site-packages/neutron/api/rpc/handlers/l3_rpc.py:135
2018-09-14 12:12:48.051 15728 DEBUG neutron.api.rpc.handlers.l3_rpc [req-4fcb076b-2b9e-47a4-99f5-b71c45fd99d9 - - - - -] New status for floating IP 58ddfe4c-c77f-4400-b19e-c217c08ff2d6: DOWN update_floatingip_statuses /usr/lib/python2.7/site-packages/neutron/api/rpc/handlers/l3_rpc.py:252
2018-09-14 12:12:48.218 15716 DEBUG novaclient.v2.client [-] RESP: [200] Content-Length: 179 Content-Type: application/json Openstack-Api-Version: compute 2.1 X-Openstack-Nova-Api-Version: 2.1 Vary: OpenStack-API-Version, X-OpenStack-Nova-API-Version X-Openstack-Request-Id: req-6fa88445-3a2b-4b7d-8137-a4aeb91b0fb8 X-Compute-Request-Id: req-6fa88445-3a2b-4b7d-8137-a4aeb91b0fb8 Date: Fri, 14 Sep 2018 16:12:48 GMT Connection: keep-alive 
RESP BODY: {"events": [{"status": "completed", "tag": "a9b11f4a-ac77-4de2-b859-ffc3442d4bcd", "name": "network-changed", "server_uuid": "9c3fdafd-5ddb-4fc4-99ea-ca9751a34569", "code": 200}]}
 _http_log_response /usr/lib/python2.7/site-packages/keystoneauth1/session.py:423
2018-09-14 12:12:48.219 15716 DEBUG novaclient.v2.client [-] POST call to compute for http://10.0.20.24:8774/v2.1/a6274edd06114a55b9dc116852780190/os-server-external-events used request id req-6fa88445-3a2b-4b7d-8137-a4aeb91b0fb8 request /usr/lib/python2.7/site-packages/keystoneauth1/session.py:727
2018-09-14 12:12:48.236 15716 INFO neutron.notifiers.nova [-] Nova event response: {u'status': u'completed', u'tag': u'a9b11f4a-ac77-4de2-b859-ffc3442d4bcd', u'name': u'network-changed', u'server_uuid': u'9c3fdafd-5ddb-4fc4-99ea-ca9751a34569', u'code': 200}
2018-09-14 12:12:49.061 15714 INFO neutron.wsgi [req-10c6a2c3-8434-496c-a542-a7598628c82b 392423df3617489b9a4259e561d5ba29 a6274edd06114a55b9dc116852780190 - default default] 10.0.20.24 "GET /v2.0/ports?tenant_id=4e50105423cc41bab66cc592312197bb&device_id=9c3fdafd-5ddb-4fc4-99ea-ca9751a34569 HTTP/1.1" status: 200  len: 1124 time: 0.7813289
2018-09-14 12:12:49.392 15714 DEBUG neutron.pecan_wsgi.hooks.policy_enforcement [req-333e2991-93ac-4864-9029-80a00094c453 392423df3617489b9a4259e561d5ba29 a6274edd06114a55b9dc116852780190 - default default] Attributes excluded by policy engine: [u'vlan_transparent'] _exclude_attributes_by_policy /usr/lib/python2.7/site-packages/neutron/pecan_wsgi/hooks/policy_enforcement.py:256
2018-09-14 12:12:49.396 15714 INFO neutron.wsgi [req-333e2991-93ac-4864-9029-80a00094c453 392423df3617489b9a4259e561d5ba29 a6274edd06114a55b9dc116852780190 - default default] 10.0.20.24 "GET /v2.0/networks?id=5d2d96f5-933a-4ac0-aa3f-ce2411e1fb99 HTTP/1.1" status: 200  len: 885 time: 0.3246982
2018-09-14 12:12:49.441 15714 INFO neutron.wsgi [req-d48a1171-c889-4730-bddd-78c2c54fa2e1 392423df3617489b9a4259e561d5ba29 a6274edd06114a55b9dc116852780190 - default default] 10.0.20.24 "GET /v2.0/floatingips?fixed_ip_address=11.126.1.7&port_id=a9b11f4a-ac77-4de2-b859-ffc3442d4bcd HTTP/1.1" status: 200  len: 217 time: 0.0356989
2018-09-14 12:12:49.597 15714 DEBUG neutron.pecan_wsgi.hooks.policy_enforcement [req-555f6956-ac43-469e-a3de-f7672b7c1f01 392423df3617489b9a4259e561d5ba29 a6274edd06114a55b9dc116852780190 - default default] Attributes excluded by policy engine: [u'shared'] _exclude_attributes_by_policy /usr/lib/python2.7/site-packages/neutron/pecan_wsgi/hooks/policy_enforcement.py:256
2018-09-14 12:12:49.602 15714 INFO neutron.wsgi [req-555f6956-ac43-469e-a3de-f7672b7c1f01 392423df3617489b9a4259e561d5ba29 a6274edd06114a55b9dc116852780190 - default default] 10.0.20.24 "GET /v2.0/subnets?id=32453e50-744b-430f-a4ef-e23f3d8d9490 HTTP/1.1" status: 200  len: 847 time: 0.1507139
2018-09-14 12:12:49.783 15714 INFO neutron.wsgi [req-c4e79392-274d-4cd0-b0b4-f26d8bd4ed8a 392423df3617489b9a4259e561d5ba29 a6274edd06114a55b9dc116852780190 - default default] 10.0.20.24 "GET /v2.0/ports?network_id=5d2d96f5-933a-4ac0-aa3f-ce2411e1fb99&device_owner=network%3Adhcp HTTP/1.1" status: 200  len: 1128 time: 0.1718612
2018-09-14 12:12:50.238 15716 DEBUG oslo_concurrency.lockutils [-] Lock "notifier-bfab73e5-6f55-493e-b0e1-f458cd5d228c" released by "neutron.notifiers.batch_notifier.synced_send" :: held 4.172s inner /usr/lib/python2.7/site-packages/oslo_concurrency/lockutils.py:282
2018-09-14 12:12:55.585 15718 INFO neutron.wsgi [req-7932b884-a1e8-4ac1-82c5-afe35852afcb 02e248cd8f0843eea56830a54be7a7df 194f3e7e9006484dbd7057072756dcfb - default default] 10.0.20.24 "GET /v2.0/ports?device_id=9c3fdafd-5ddb-4fc4-99ea-ca9751a34569&device_id=221f58d8-9a2b-4e6b-a214-d5a60c0bae6d HTTP/1.1" status: 200  len: 1124 time: 1.4567771
2018-09-14 12:12:55.677 15718 INFO neutron.wsgi [req-91300360-1bf9-4f5f-a670-065a80530f32 02e248cd8f0843eea56830a54be7a7df 194f3e7e9006484dbd7057072756dcfb - default default] 10.0.20.24 "GET /v2.0/security-groups?id=1ac7c630-85e2-430f-bbf7-f44768ae9a53 HTTP/1.1" status: 200  len: 2118 time: 0.0858622
2018-09-14 12:13:00.940 15734 DEBUG neutron.db.agents_db [req-7e2a5d9e-b397-4399-be24-029ecac4a3e0 - - - - -] Agent healthcheck: found 5 active agents agent_health_check /usr/lib/python2.7/site-packages/neutron/db/agents_db.py:281
2018-09-14 12:13:01.415 15731 DEBUG neutron_lib.callbacks.manager [req-dd9793ee-94aa-4c6a-be93-b910f3ae1087 - - - - -] Notify callbacks ['neutron.services.segments.db._update_segment_host_mapping_for_agent--9223363298138840519'] for agent, after_update _notify_loop /usr/lib/python2.7/site-packages/neutron_lib/callbacks/manager.py:167
2018-09-14 12:13:05.367 15718 INFO neutron.wsgi [req-9c844227-0f1f-4519-9460-f35252ad0b98 02e248cd8f0843eea56830a54be7a7df 194f3e7e9006484dbd7057072756dcfb - default default] 10.0.20.24 "GET /v2.0/ports?device_id=9c3fdafd-5ddb-4fc4-99ea-ca9751a34569 HTTP/1.1" status: 200  len: 1124 time: 0.7125950
2018-09-14 12:13:05.529 15718 INFO neutron.wsgi [req-68782362-f365-4bc6-8bce-f1721f3e85bc 02e248cd8f0843eea56830a54be7a7df 194f3e7e9006484dbd7057072756dcfb - default default] 10.0.20.24 "GET /v2.0/security-groups?id=1ac7c630-85e2-430f-bbf7-f44768ae9a53 HTTP/1.1" status: 200  len: 2118 time: 0.1537180
2018-09-14 12:13:07.671 15729 DEBUG neutron.plugins.ml2.rpc [req-f079205a-f331-4f3c-8cca-3c23fe11548d - - - - -] Device a9b11f4a-ac77-4de2-b859-ffc3442d4bcd no longer exists at agent ovs-agent-localhost.localdomain update_device_down /usr/lib/python2.7/site-packages/neutron/plugins/ml2/rpc.py:213
2018-09-14 12:13:07.708 15725 DEBUG neutron_lib.callbacks.manager [req-f079205a-f331-4f3c-8cca-3c23fe11548d - - - - -] Notify callbacks ['neutron.services.segments.db._update_segment_host_mapping_for_agent--9223363298138840519'] for agent, after_update _notify_loop /usr/lib/python2.7/site-packages/neutron_lib/callbacks/manager.py:167
2018-09-14 12:13:07.982 15729 DEBUG neutron_lib.callbacks.manager [req-f079205a-f331-4f3c-8cca-3c23fe11548d - - - - -] Notify callbacks ['neutron.plugins.ml2.plugin.Ml2Plugin._ensure_default_security_group_handler--9223372036853906669'] for port, before_update _notify_loop /usr/lib/python2.7/site-packages/neutron_lib/callbacks/manager.py:167
2018-09-14 12:13:08.109 15729 DEBUG oslo_concurrency.lockutils [-] Lock "notifier-bfab73e5-6f55-493e-b0e1-f458cd5d228c" acquired by "neutron.notifiers.batch_notifier.synced_send" :: waited 0.006s inner /usr/lib/python2.7/site-packages/oslo_concurrency/lockutils.py:270
2018-09-14 12:13:08.110 15729 DEBUG neutron.notifiers.nova [-] Sending events: [{'status': 'completed', 'tag': u'a9b11f4a-ac77-4de2-b859-ffc3442d4bcd', 'name': 'network-vif-unplugged', 'server_uuid': u'9c3fdafd-5ddb-4fc4-99ea-ca9751a34569'}] send_events /usr/lib/python2.7/site-packages/neutron/notifiers/nova.py:242
2018-09-14 12:13:08.132 15729 DEBUG neutron.plugins.ml2.db [req-f079205a-f331-4f3c-8cca-3c23fe11548d - - - - -] For port a9b11f4a-ac77-4de2-b859-ffc3442d4bcd, host localhost.localdomain, got binding levels [<neutron.plugins.ml2.models.PortBindingLevel[object at 7f2a3f9fe8d0] {port_id=u'a9b11f4a-ac77-4de2-b859-ffc3442d4bcd', host=u'localhost.localdomain', level=0, driver=u'openvswitch', segment_id=u'bac2c798-fdaf-4e98-8262-2dcfc3d5bd0b'}>] get_binding_levels /usr/lib/python2.7/site-packages/neutron/plugins/ml2/db.py:106
2018-09-14 12:13:08.139 15729 DEBUG neutron_lib.callbacks.manager [req-f079205a-f331-4f3c-8cca-3c23fe11548d - - - - -] Notify callbacks ['neutron.plugins.ml2.plugin.Ml2Plugin.notify_sg_on_port_change--9223372036853905676', 'neutron.plugins.ml2.ovo_rpc._ObjectChangeHandler.handle_event--9223372036853148641', 'neutron.api.rpc.agentnotifiers.dhcp_rpc_agent_api.DhcpAgentNotifyAPI._native_event_send_dhcp_notification--9223372036852814510', 'neutron.db.l3_hascheduler_db._notify_l3_agent_ha_port_update-8738715573855', 'neutron.db.l3_dvrscheduler_db._notify_l3_agent_port_update-8738715573780'] for port, after_update _notify_loop /usr/lib/python2.7/site-packages/neutron_lib/callbacks/manager.py:167
2018-09-14 12:13:08.215 15729 DEBUG oslo_concurrency.lockutils [-] Lock "event-dispatch" acquired by "neutron.plugins.ml2.ovo_rpc.dispatch_events" :: waited 0.000s inner /usr/lib/python2.7/site-packages/oslo_concurrency/lockutils.py:270
2018-09-14 12:13:08.399 15729 DEBUG neutron.api.rpc.handlers.resources_rpc [req-f079205a-f331-4f3c-8cca-3c23fe11548d - - - - -] neutron.api.rpc.handlers.resources_rpc.ResourcesPushRpcApi method push called with arguments (<neutron_lib.context.Context object at 0x7f2a3fd33550>, [Port(admin_state_up=True,allowed_address_pairs=[],binding=PortBinding,binding_levels=[PortBindingLevel],created_at=2018-09-14T16:07:45Z,data_plane_status=<?>,description='',device_id='9c3fdafd-5ddb-4fc4-99ea-ca9751a34569',device_owner='compute:nova',dhcp_options=[],distributed_binding=None,dns=None,fixed_ips=[IPAllocation],id=a9b11f4a-ac77-4de2-b859-ffc3442d4bcd,mac_address=fa:16:3e:98:43:42,name='',network_id=5d2d96f5-933a-4ac0-aa3f-ce2411e1fb99,project_id='4e50105423cc41bab66cc592312197bb',qos_policy_id=None,revision_number=9,security=PortSecurity(a9b11f4a-ac77-4de2-b859-ffc3442d4bcd),security_group_ids=set([1ac7c630-85e2-430f-bbf7-f44768ae9a53]),status='DOWN',updated_at=2018-09-14T16:13:08Z)], 'updated') {} wrapper /usr/lib/python2.7/site-packages/oslo_log/helpers.py:66
2018-09-14 12:13:08.414 15729 DEBUG neutron.api.rpc.callbacks.version_manager [req-f079205a-f331-4f3c-8cca-3c23fe11548d - - - - -] Version for resource type Subnet changed None to 1.0 on consumer Open vSwitch agent@localhost.localdomain _set_version /usr/lib/python2.7/site-packages/neutron/api/rpc/callbacks/version_manager.py:119
2018-09-14 12:13:08.415 15729 DEBUG neutron.api.rpc.callbacks.version_manager [req-f079205a-f331-4f3c-8cca-3c23fe11548d - - - - -] Version for resource type Network changed None to 1.0 on consumer Open vSwitch agent@localhost.localdomain _set_version /usr/lib/python2.7/site-packages/neutron/api/rpc/callbacks/version_manager.py:119
2018-09-14 12:13:08.416 15729 DEBUG neutron.api.rpc.callbacks.version_manager [req-f079205a-f331-4f3c-8cca-3c23fe11548d - - - - -] Version for resource type SubPort changed None to 1.0 on consumer Open vSwitch agent@localhost.localdomain _set_version /usr/lib/python2.7/site-packages/neutron/api/rpc/callbacks/version_manager.py:119
2018-09-14 12:13:08.416 15729 DEBUG neutron.api.rpc.callbacks.version_manager [req-f079205a-f331-4f3c-8cca-3c23fe11548d - - - - -] Version for resource type SecurityGroup changed None to 1.0 on consumer Open vSwitch agent@localhost.localdomain _set_version /usr/lib/python2.7/site-packages/neutron/api/rpc/callbacks/version_manager.py:119
2018-09-14 12:13:08.417 15729 DEBUG neutron.api.rpc.callbacks.version_manager [req-f079205a-f331-4f3c-8cca-3c23fe11548d - - - - -] Version for resource type SecurityGroupRule changed None to 1.0 on consumer Open vSwitch agent@localhost.localdomain _set_version /usr/lib/python2.7/site-packages/neutron/api/rpc/callbacks/version_manager.py:119
2018-09-14 12:13:08.418 15729 DEBUG neutron.api.rpc.callbacks.version_manager [req-f079205a-f331-4f3c-8cca-3c23fe11548d - - - - -] Version for resource type Trunk changed None to 1.1 on consumer Open vSwitch agent@localhost.localdomain _set_version /usr/lib/python2.7/site-packages/neutron/api/rpc/callbacks/version_manager.py:119
2018-09-14 12:13:08.419 15729 DEBUG neutron.api.rpc.callbacks.version_manager [req-f079205a-f331-4f3c-8cca-3c23fe11548d - - - - -] Version for resource type QosPolicy changed None to 1.6 on consumer Open vSwitch agent@localhost.localdomain _set_version /usr/lib/python2.7/site-packages/neutron/api/rpc/callbacks/version_manager.py:119
2018-09-14 12:13:08.420 15729 DEBUG neutron.api.rpc.callbacks.version_manager [req-f079205a-f331-4f3c-8cca-3c23fe11548d - - - - -] Version for resource type Port changed None to 1.1 on consumer Open vSwitch agent@localhost.localdomain _set_version /usr/lib/python2.7/site-packages/neutron/api/rpc/callbacks/version_manager.py:119
2018-09-14 12:13:08.421 15729 DEBUG neutron.api.rpc.callbacks.version_manager [req-f079205a-f331-4f3c-8cca-3c23fe11548d - - - - -] Version for resource type Log changed None to 1.0 on consumer Open vSwitch agent@localhost.localdomain _set_version /usr/lib/python2.7/site-packages/neutron/api/rpc/callbacks/version_manager.py:119
2018-09-14 12:13:08.461 15729 DEBUG oslo_concurrency.lockutils [req-f079205a-f331-4f3c-8cca-3c23fe11548d - - - - -] Lock "event-dispatch" released by "neutron.plugins.ml2.ovo_rpc.dispatch_events" :: held 0.246s inner /usr/lib/python2.7/site-packages/oslo_concurrency/lockutils.py:282
2018-09-14 12:13:08.676 15714 INFO neutron.wsgi [req-ae99acf3-ad8a-4d1a-963f-2fbf93657873 02e248cd8f0843eea56830a54be7a7df 194f3e7e9006484dbd7057072756dcfb - default default] 10.0.20.24 "GET /v2.0/ports?device_id=9c3fdafd-5ddb-4fc4-99ea-ca9751a34569 HTTP/1.1" status: 200  len: 1122 time: 0.8486938
2018-09-14 12:13:08.693 15714 DEBUG neutron.wsgi [req-a945c755-fbd5-4dde-8187-653b55abd52f 02e248cd8f0843eea56830a54be7a7df 194f3e7e9006484dbd7057072756dcfb - default default] http://10.0.20.24:9696/v2.0/extensions returned with HTTP 200 __call__ /usr/lib/python2.7/site-packages/neutron/wsgi.py:715
2018-09-14 12:13:08.696 15714 INFO neutron.wsgi [req-a945c755-fbd5-4dde-8187-653b55abd52f 02e248cd8f0843eea56830a54be7a7df 194f3e7e9006484dbd7057072756dcfb - default default] 10.0.20.24 "GET /v2.0/extensions HTTP/1.1" status: 200  len: 8548 time: 0.0114620
2018-09-14 12:13:08.818 15714 DEBUG neutron.plugins.ml2.plugin [req-bd2e92ca-42b5-42f2-9033-543d881e33a5 02e248cd8f0843eea56830a54be7a7df 194f3e7e9006484dbd7057072756dcfb - default default] Deleting port a9b11f4a-ac77-4de2-b859-ffc3442d4bcd _pre_delete_port /usr/lib/python2.7/site-packages/neutron/plugins/ml2/plugin.py:1488
2018-09-14 12:13:08.819 15714 DEBUG neutron_lib.callbacks.manager [req-bd2e92ca-42b5-42f2-9033-543d881e33a5 02e248cd8f0843eea56830a54be7a7df 194f3e7e9006484dbd7057072756dcfb - default default] Notify callbacks ['neutron.db.l3_db._prevent_l3_port_delete_callback--9223363298138640915'] for port, before_delete _notify_loop /usr/lib/python2.7/site-packages/neutron_lib/callbacks/manager.py:167
2018-09-14 12:13:09.476 15714 DEBUG neutron.plugins.ml2.db [req-bd2e92ca-42b5-42f2-9033-543d881e33a5 02e248cd8f0843eea56830a54be7a7df 194f3e7e9006484dbd7057072756dcfb - default default] For port a9b11f4a-ac77-4de2-b859-ffc3442d4bcd, host localhost.localdomain, got binding levels [<neutron.plugins.ml2.models.PortBindingLevel[object at 7f2a3f428350] {port_id=u'a9b11f4a-ac77-4de2-b859-ffc3442d4bcd', host=u'localhost.localdomain', level=0, driver=u'openvswitch', segment_id=u'bac2c798-fdaf-4e98-8262-2dcfc3d5bd0b'}>] get_binding_levels /usr/lib/python2.7/site-packages/neutron/plugins/ml2/db.py:106
2018-09-14 12:13:09.526 15714 DEBUG neutron.plugins.ml2.plugin [req-bd2e92ca-42b5-42f2-9033-543d881e33a5 02e248cd8f0843eea56830a54be7a7df 194f3e7e9006484dbd7057072756dcfb - default default] Calling delete_port for a9b11f4a-ac77-4de2-b859-ffc3442d4bcd owned by compute:nova delete_port /usr/lib/python2.7/site-packages/neutron/plugins/ml2/plugin.py:1547
2018-09-14 12:13:09.625 15729 DEBUG novaclient.v2.client [-] REQ: curl -g -i -X POST http://10.0.20.24:8774/v2.1/a6274edd06114a55b9dc116852780190/os-server-external-events -H "User-Agent: python-novaclient" -H "Content-Type: application/json" -H "Accept: application/json" -H "X-OpenStack-Nova-API-Version: 2.1" -H "X-Auth-Token: {SHA1}b4dba6540b73d162a1941067ec6232d79f5647f1" -d '{"events": [{"status": "completed", "tag": "a9b11f4a-ac77-4de2-b859-ffc3442d4bcd", "name": "network-vif-unplugged", "server_uuid": "9c3fdafd-5ddb-4fc4-99ea-ca9751a34569"}]}' _http_log_request /usr/lib/python2.7/site-packages/keystoneauth1/session.py:375
2018-09-14 12:13:09.858 15714 DEBUG neutron_lib.callbacks.manager [req-bd2e92ca-42b5-42f2-9033-543d881e33a5 02e248cd8f0843eea56830a54be7a7df 194f3e7e9006484dbd7057072756dcfb - default default] Notify callbacks ['neutron.plugins.ml2.plugin.Ml2Plugin.notify_sg_on_port_change--9223372036853905676', 'neutron.plugins.ml2.ovo_rpc._ObjectChangeHandler.handle_event--9223372036853148641', 'neutron.api.rpc.agentnotifiers.dhcp_rpc_agent_api.DhcpAgentNotifyAPI._native_event_send_dhcp_notification--9223372036852814510', 'neutron.db.l3_db._notify_routers_callback-8738716145864', 'neutron.db.l3_dvrscheduler_db._notify_port_delete--9223363298139202036'] for port, after_delete _notify_loop /usr/lib/python2.7/site-packages/neutron_lib/callbacks/manager.py:167
2018-09-14 12:13:09.939 15714 DEBUG oslo_concurrency.lockutils [-] Lock "event-dispatch" acquired by "neutron.plugins.ml2.ovo_rpc.dispatch_events" :: waited 0.000s inner /usr/lib/python2.7/site-packages/oslo_concurrency/lockutils.py:270
2018-09-14 12:13:10.042 15714 DEBUG neutron.api.rpc.handlers.resources_rpc [req-bd2e92ca-42b5-42f2-9033-543d881e33a5 02e248cd8f0843eea56830a54be7a7df 194f3e7e9006484dbd7057072756dcfb - - -] neutron.api.rpc.handlers.resources_rpc.ResourcesPushRpcApi method push called with arguments (<neutron_lib.context.Context object at 0x7f2a3fec5ed0>, [Port(admin_state_up=<?>,allowed_address_pairs=<?>,binding=<?>,binding_levels=<?>,created_at=<?>,data_plane_status=<?>,description=<?>,device_id=<?>,device_owner=<?>,dhcp_options=<?>,distributed_binding=<?>,dns=<?>,fixed_ips=<?>,id=a9b11f4a-ac77-4de2-b859-ffc3442d4bcd,mac_address=<?>,name=<?>,network_id=<?>,project_id=<?>,qos_policy_id=None,revision_number=<?>,security=<?>,security_group_ids=None,status=<?>,updated_at=<?>)], 'deleted') {} wrapper /usr/lib/python2.7/site-packages/oslo_log/helpers.py:66
2018-09-14 12:13:10.061 15714 DEBUG neutron.api.rpc.callbacks.version_manager [req-bd2e92ca-42b5-42f2-9033-543d881e33a5 02e248cd8f0843eea56830a54be7a7df 194f3e7e9006484dbd7057072756dcfb - - -] Version for resource type Subnet changed None to 1.0 on consumer Open vSwitch agent@localhost.localdomain _set_version /usr/lib/python2.7/site-packages/neutron/api/rpc/callbacks/version_manager.py:119
2018-09-14 12:13:10.062 15714 DEBUG neutron.api.rpc.callbacks.version_manager [req-bd2e92ca-42b5-42f2-9033-543d881e33a5 02e248cd8f0843eea56830a54be7a7df 194f3e7e9006484dbd7057072756dcfb - - -] Version for resource type Network changed None to 1.0 on consumer Open vSwitch agent@localhost.localdomain _set_version /usr/lib/python2.7/site-packages/neutron/api/rpc/callbacks/version_manager.py:119
2018-09-14 12:13:10.062 15714 DEBUG neutron.api.rpc.callbacks.version_manager [req-bd2e92ca-42b5-42f2-9033-543d881e33a5 02e248cd8f0843eea56830a54be7a7df 194f3e7e9006484dbd7057072756dcfb - - -] Version for resource type SubPort changed None to 1.0 on consumer Open vSwitch agent@localhost.localdomain _set_version /usr/lib/python2.7/site-packages/neutron/api/rpc/callbacks/version_manager.py:119
2018-09-14 12:13:10.063 15714 DEBUG neutron.api.rpc.callbacks.version_manager [req-bd2e92ca-42b5-42f2-9033-543d881e33a5 02e248cd8f0843eea56830a54be7a7df 194f3e7e9006484dbd7057072756dcfb - - -] Version for resource type SecurityGroup changed None to 1.0 on consumer Open vSwitch agent@localhost.localdomain _set_version /usr/lib/python2.7/site-packages/neutron/api/rpc/callbacks/version_manager.py:119
2018-09-14 12:13:10.064 15714 DEBUG neutron.api.rpc.callbacks.version_manager [req-bd2e92ca-42b5-42f2-9033-543d881e33a5 02e248cd8f0843eea56830a54be7a7df 194f3e7e9006484dbd7057072756dcfb - - -] Version for resource type SecurityGroupRule changed None to 1.0 on consumer Open vSwitch agent@localhost.localdomain _set_version /usr/lib/python2.7/site-packages/neutron/api/rpc/callbacks/version_manager.py:119
2018-09-14 12:13:10.064 15714 DEBUG neutron.api.rpc.callbacks.version_manager [req-bd2e92ca-42b5-42f2-9033-543d881e33a5 02e248cd8f0843eea56830a54be7a7df 194f3e7e9006484dbd7057072756dcfb - - -] Version for resource type Trunk changed None to 1.1 on consumer Open vSwitch agent@localhost.localdomain _set_version /usr/lib/python2.7/site-packages/neutron/api/rpc/callbacks/version_manager.py:119
2018-09-14 12:13:10.065 15714 DEBUG neutron.api.rpc.callbacks.version_manager [req-bd2e92ca-42b5-42f2-9033-543d881e33a5 02e248cd8f0843eea56830a54be7a7df 194f3e7e9006484dbd7057072756dcfb - - -] Version for resource type QosPolicy changed None to 1.6 on consumer Open vSwitch agent@localhost.localdomain _set_version /usr/lib/python2.7/site-packages/neutron/api/rpc/callbacks/version_manager.py:119
2018-09-14 12:13:10.066 15714 DEBUG neutron.api.rpc.callbacks.version_manager [req-bd2e92ca-42b5-42f2-9033-543d881e33a5 02e248cd8f0843eea56830a54be7a7df 194f3e7e9006484dbd7057072756dcfb - - -] Version for resource type Port changed None to 1.1 on consumer Open vSwitch agent@localhost.localdomain _set_version /usr/lib/python2.7/site-packages/neutron/api/rpc/callbacks/version_manager.py:119
2018-09-14 12:13:10.066 15714 DEBUG neutron.api.rpc.callbacks.version_manager [req-bd2e92ca-42b5-42f2-9033-543d881e33a5 02e248cd8f0843eea56830a54be7a7df 194f3e7e9006484dbd7057072756dcfb - - -] Version for resource type Log changed None to 1.0 on consumer Open vSwitch agent@localhost.localdomain _set_version /usr/lib/python2.7/site-packages/neutron/api/rpc/callbacks/version_manager.py:119
2018-09-14 12:13:10.192 15714 DEBUG oslo_concurrency.lockutils [req-bd2e92ca-42b5-42f2-9033-543d881e33a5 02e248cd8f0843eea56830a54be7a7df 194f3e7e9006484dbd7057072756dcfb - - -] Lock "event-dispatch" released by "neutron.plugins.ml2.ovo_rpc.dispatch_events" :: held 0.253s inner /usr/lib/python2.7/site-packages/oslo_concurrency/lockutils.py:282
2018-09-14 12:13:10.449 15729 DEBUG novaclient.v2.client [-] RESP: [200] Content-Length: 185 Content-Type: application/json Openstack-Api-Version: compute 2.1 X-Openstack-Nova-Api-Version: 2.1 Vary: OpenStack-API-Version, X-OpenStack-Nova-API-Version X-Openstack-Request-Id: req-bc3f4ce1-d22e-47d7-9a01-5b7a1c7a5e1f X-Compute-Request-Id: req-bc3f4ce1-d22e-47d7-9a01-5b7a1c7a5e1f Date: Fri, 14 Sep 2018 16:13:10 GMT Connection: keep-alive 
RESP BODY: {"events": [{"status": "completed", "tag": "a9b11f4a-ac77-4de2-b859-ffc3442d4bcd", "name": "network-vif-unplugged", "server_uuid": "9c3fdafd-5ddb-4fc4-99ea-ca9751a34569", "code": 200}]}
