2018-09-29 07:45:58.946 18614 DEBUG neutron.api.rpc.callbacks.version_manager [req-370614c8-ccc0-4b40-8b95-08ca8dc0014c c6076d0e968d46daaf0fc5019a0f8a15 bd8a53962fd64ffeab7f2932b0e688c5 - - -] Version for resource type QosPolicy changed None to 1.6 on consumer Open vSwitch agent@localhost.localdomain _set_version /usr/lib/python2.7/site-packages/neutron/api/rpc/callbacks/version_manager.py:119
2018-09-29 07:45:58.947 18614 DEBUG neutron.api.rpc.callbacks.version_manager [req-370614c8-ccc0-4b40-8b95-08ca8dc0014c c6076d0e968d46daaf0fc5019a0f8a15 bd8a53962fd64ffeab7f2932b0e688c5 - - -] Version for resource type Port changed None to 1.1 on consumer Open vSwitch agent@localhost.localdomain _set_version /usr/lib/python2.7/site-packages/neutron/api/rpc/callbacks/version_manager.py:119
2018-09-29 07:45:58.949 18614 DEBUG neutron.api.rpc.callbacks.version_manager [req-370614c8-ccc0-4b40-8b95-08ca8dc0014c c6076d0e968d46daaf0fc5019a0f8a15 bd8a53962fd64ffeab7f2932b0e688c5 - - -] Version for resource type Log changed None to 1.0 on consumer Open vSwitch agent@localhost.localdomain _set_version /usr/lib/python2.7/site-packages/neutron/api/rpc/callbacks/version_manager.py:119
2018-09-29 07:45:58.986 18614 DEBUG oslo_concurrency.lockutils [req-370614c8-ccc0-4b40-8b95-08ca8dc0014c c6076d0e968d46daaf0fc5019a0f8a15 bd8a53962fd64ffeab7f2932b0e688c5 - - -] Lock "event-dispatch" released by "neutron.plugins.ml2.ovo_rpc.dispatch_events" :: held 0.475s inner /usr/lib/python2.7/site-packages/oslo_concurrency/lockutils.py:282
2018-09-29 07:45:59.021 18614 DEBUG neutron.scheduler.dhcp_agent_scheduler [req-370614c8-ccc0-4b40-8b95-08ca8dc0014c c6076d0e968d46daaf0fc5019a0f8a15 bd8a53962fd64ffeab7f2932b0e688c5 - default default] Network 40fff4bc-a326-419b-b1c1-a7aa26b2d41a is already hosted by enough agents. _get_dhcp_agents_hosting_network /usr/lib/python2.7/site-packages/neutron/scheduler/dhcp_agent_scheduler.py:243
2018-09-29 07:45:59.216 18614 DEBUG neutron_lib.callbacks.manager [req-370614c8-ccc0-4b40-8b95-08ca8dc0014c c6076d0e968d46daaf0fc5019a0f8a15 bd8a53962fd64ffeab7f2932b0e688c5 - default default] Notify callbacks ['neutron.plugins.ml2.plugin.Ml2Plugin._ensure_default_security_group_handler-901183'] for port, before_update _notify_loop /usr/lib/python2.7/site-packages/neutron_lib/callbacks/manager.py:167
2018-09-29 07:45:59.371 18628 DEBUG neutron_lib.callbacks.manager [req-c15360fe-61f7-4371-b66f-960b64c467f0 - - - - -] Notify callbacks ['neutron.services.segments.db._update_segment_host_mapping_for_agent-8743525902657'] for agent, after_update _notify_loop /usr/lib/python2.7/site-packages/neutron_lib/callbacks/manager.py:167
2018-09-29 07:45:59.842 18614 DEBUG neutron_lib.callbacks.manager [req-370614c8-ccc0-4b40-8b95-08ca8dc0014c c6076d0e968d46daaf0fc5019a0f8a15 bd8a53962fd64ffeab7f2932b0e688c5 - default default] Notify callbacks [] for port, precommit_update _notify_loop /usr/lib/python2.7/site-packages/neutron_lib/callbacks/manager.py:167
2018-09-29 07:45:59.854 18614 DEBUG neutron_lib.callbacks.manager [req-370614c8-ccc0-4b40-8b95-08ca8dc0014c c6076d0e968d46daaf0fc5019a0f8a15 bd8a53962fd64ffeab7f2932b0e688c5 - default default] Notify callbacks ['neutron.plugins.ml2.ovo_rpc._ObjectChangeHandler.handle_event-7921171', 'neutron.db.l3_hascheduler_db._notify_l3_agent_ha_port_update-8743525541275', 'neutron.api.rpc.agentnotifiers.dhcp_rpc_agent_api.DhcpAgentNotifyAPI._native_event_send_dhcp_notification-8023210', 'neutron.db.l3_dvrscheduler_db._notify_l3_agent_port_update-8743525541200', 'neutron.plugins.ml2.plugin.Ml2Plugin.notify_sg_on_port_change-902296'] for port, after_update _notify_loop /usr/lib/python2.7/site-packages/neutron_lib/callbacks/manager.py:167
2018-09-29 07:45:59.886 18614 DEBUG oslo_concurrency.lockutils [-] Lock "event-dispatch" acquired by "neutron.plugins.ml2.ovo_rpc.dispatch_events" :: waited 0.001s inner /usr/lib/python2.7/site-packages/oslo_concurrency/lockutils.py:270
2018-09-29 07:46:00.191 18614 DEBUG neutron.api.rpc.handlers.resources_rpc [req-370614c8-ccc0-4b40-8b95-08ca8dc0014c c6076d0e968d46daaf0fc5019a0f8a15 bd8a53962fd64ffeab7f2932b0e688c5 - - -] neutron.api.rpc.handlers.resources_rpc.ResourcesPushRpcApi method push called with arguments (<neutron_lib.context.Context object at 0x7f3c2af96b50>, [Port(admin_state_up=True,allowed_address_pairs=[],binding=PortBinding,binding_levels=[],created_at=2018-09-29T11:45:57Z,data_plane_status=<?>,description='',device_id='8affb625-7f0c-4984-8f8f-a1fddc208652',device_owner='network:floatingip',dhcp_options=[],distributed_binding=None,dns=None,fixed_ips=[IPAllocation],id=8cdc82da-33a4-49c5-806c-f5abf0b82e27,mac_address=fa:16:3e:74:27:1a,name='',network_id=40fff4bc-a326-419b-b1c1-a7aa26b2d41a,project_id='',qos_policy_id=None,revision_number=4,security=PortSecurity(8cdc82da-33a4-49c5-806c-f5abf0b82e27),security_group_ids=set([]),status='N/A',updated_at=2018-09-29T11:45:59Z)], 'updated') {} wrapper /usr/lib/python2.7/site-packages/oslo_log/helpers.py:66
2018-09-29 07:46:00.223 18614 DEBUG oslo_concurrency.lockutils [req-370614c8-ccc0-4b40-8b95-08ca8dc0014c c6076d0e968d46daaf0fc5019a0f8a15 bd8a53962fd64ffeab7f2932b0e688c5 - - -] Lock "event-dispatch" released by "neutron.plugins.ml2.ovo_rpc.dispatch_events" :: held 0.337s inner /usr/lib/python2.7/site-packages/oslo_concurrency/lockutils.py:282
2018-09-29 07:46:00.302 18614 DEBUG neutron_lib.callbacks.manager [req-370614c8-ccc0-4b40-8b95-08ca8dc0014c c6076d0e968d46daaf0fc5019a0f8a15 bd8a53962fd64ffeab7f2932b0e688c5 - default default] Notify callbacks ['neutron.services.l3_router.l3_router_plugin.L3RouterPlugin._create_dvr_floating_gw_port--9223372036846908115'] for floatingip, after_update _notify_loop /usr/lib/python2.7/site-packages/neutron_lib/callbacks/manager.py:167
2018-09-29 07:46:00.355 18614 DEBUG neutron.quota.resource [req-370614c8-ccc0-4b40-8b95-08ca8dc0014c c6076d0e968d46daaf0fc5019a0f8a15 bd8a53962fd64ffeab7f2932b0e688c5 - default default] Persisted dirty status for tenant:f7991cdad03b4185ba8a33108535313b on resource:floatingip mark_dirty /usr/lib/python2.7/site-packages/neutron/quota/resource.py:207
2018-09-29 07:46:00.364 18614 DEBUG neutron.quota.resource [req-370614c8-ccc0-4b40-8b95-08ca8dc0014c c6076d0e968d46daaf0fc5019a0f8a15 bd8a53962fd64ffeab7f2932b0e688c5 - default default] Persisted dirty status for tenant: on resource:port mark_dirty /usr/lib/python2.7/site-packages/neutron/quota/resource.py:207
2018-09-29 07:46:00.383 18614 DEBUG neutron_lib.callbacks.manager [req-370614c8-ccc0-4b40-8b95-08ca8dc0014c c6076d0e968d46daaf0fc5019a0f8a15 bd8a53962fd64ffeab7f2932b0e688c5 - default default] Notify callbacks ['neutron.notifiers.nova.Notifier._send_nova_notification-15811'] for floatingip, before_response _notify_loop /usr/lib/python2.7/site-packages/neutron_lib/callbacks/manager.py:167
2018-09-29 07:46:00.386 18614 INFO neutron.wsgi [req-370614c8-ccc0-4b40-8b95-08ca8dc0014c c6076d0e968d46daaf0fc5019a0f8a15 bd8a53962fd64ffeab7f2932b0e688c5 - default default] 10.0.20.25 "POST /v2.0/floatingips HTTP/1.1" status: 201  len: 674 time: 3.9216928
2018-09-29 07:46:11.812 18618 INFO neutron.wsgi [req-3a51aaac-4936-4290-b391-b00d23ce518f 6041b01c631d425d829cf96874ce50bf 671ea1986554476bbcaa620e00697d23 - default default] 10.0.20.25 "GET /v2.0/ports?device_id=de8eecee-b657-4990-a3fd-e3917b86f964 HTTP/1.1" status: 200  len: 1124 time: 0.6968510
2018-09-29 07:46:11.977 18618 INFO neutron.wsgi [req-99db4eb7-4f9e-4142-9e3a-c89f24653fe1 6041b01c631d425d829cf96874ce50bf 671ea1986554476bbcaa620e00697d23 - default default] 10.0.20.25 "GET /v2.0/security-groups?id=9fedd566-85a6-4dcd-ae9a-c78566915515 HTTP/1.1" status: 200  len: 2118 time: 0.1535509
2018-09-29 07:46:13.707 18617 INFO neutron.wsgi [req-884e6634-90db-431f-96b1-082a40dae250 b504e783ae4b4886b0ec60e42d8de63c f7991cdad03b4185ba8a33108535313b - 2ade2da342f7464596aa9aee4763a787 2ade2da342f7464596aa9aee4763a787] 10.0.20.25 "GET /v2.0/ports?device_id=de8eecee-b657-4990-a3fd-e3917b86f964 HTTP/1.1" status: 200  len: 1124 time: 0.8117161
2018-09-29 07:46:13.893 18617 INFO neutron.wsgi [req-4560f993-96d1-4661-ae35-ec2ee3c71d70 b504e783ae4b4886b0ec60e42d8de63c f7991cdad03b4185ba8a33108535313b - 2ade2da342f7464596aa9aee4763a787 2ade2da342f7464596aa9aee4763a787] 10.0.20.25 "GET /v2.0/security-groups?id=9fedd566-85a6-4dcd-ae9a-c78566915515 HTTP/1.1" status: 200  len: 2118 time: 0.1762991
2018-09-29 07:46:14.299 18617 INFO neutron.wsgi [req-164ed557-2bb7-47cd-a896-c69045f59b69 b504e783ae4b4886b0ec60e42d8de63c f7991cdad03b4185ba8a33108535313b - 2ade2da342f7464596aa9aee4763a787 2ade2da342f7464596aa9aee4763a787] 10.0.20.25 "GET /v2.0/ports?device_owner=compute%3Anova&device_id=de8eecee-b657-4990-a3fd-e3917b86f964 HTTP/1.1" status: 200  len: 1124 time: 0.1735389
2018-09-29 07:46:14.363 18617 INFO neutron.wsgi [req-99725516-0f39-4d35-88ec-21c890d2b535 b504e783ae4b4886b0ec60e42d8de63c f7991cdad03b4185ba8a33108535313b - 2ade2da342f7464596aa9aee4763a787 2ade2da342f7464596aa9aee4763a787] 10.0.20.25 "GET /v2.0/floatingips?floating_ip_address=172.24.4.3 HTTP/1.1" status: 200  len: 672 time: 0.0511560
2018-09-29 07:46:14.389 18617 DEBUG neutron.api.v2.base [req-3cce0430-ef53-4285-8e26-628a08e7b2a9 b504e783ae4b4886b0ec60e42d8de63c f7991cdad03b4185ba8a33108535313b - 2ade2da342f7464596aa9aee4763a787 2ade2da342f7464596aa9aee4763a787] Request body: {u'floatingip': {u'fixed_ip_address': u'11.61.1.11', u'port_id': u'5727d0d3-b635-4138-bb7a-5e9bbb45bca9'}} prepare_request_body /usr/lib/python2.7/site-packages/neutron/api/v2/base.py:695
2018-09-29 07:46:14.850 18617 DEBUG neutron_lib.callbacks.manager [req-3cce0430-ef53-4285-8e26-628a08e7b2a9 b504e783ae4b4886b0ec60e42d8de63c f7991cdad03b4185ba8a33108535313b - 2ade2da342f7464596aa9aee4763a787 2ade2da342f7464596aa9aee4763a787] Notify callbacks ['neutron.services.l3_router.l3_router_plugin.L3RouterPlugin._create_dvr_floating_gw_port--9223372036846908115'] for floatingip, after_update _notify_loop /usr/lib/python2.7/site-packages/neutron_lib/callbacks/manager.py:167
2018-09-29 07:46:14.984 18614 INFO neutron.wsgi [req-54350c81-71d1-460b-bf41-c14f9f8e56fa 6041b01c631d425d829cf96874ce50bf 671ea1986554476bbcaa620e00697d23 - default default] 10.0.20.25 "GET /v2.0/ports?device_id=de8eecee-b657-4990-a3fd-e3917b86f964 HTTP/1.1" status: 200  len: 1124 time: 0.7930610
2018-09-29 07:46:15.137 18614 INFO neutron.wsgi [req-57fc213c-46ff-4548-ac02-631f3b677110 6041b01c631d425d829cf96874ce50bf 671ea1986554476bbcaa620e00697d23 - default default] 10.0.20.25 "GET /v2.0/security-groups?id=9fedd566-85a6-4dcd-ae9a-c78566915515 HTTP/1.1" status: 200  len: 2118 time: 0.1432860
2018-09-29 07:46:15.505 18617 DEBUG neutron.scheduler.l3_agent_scheduler [req-3cce0430-ef53-4285-8e26-628a08e7b2a9 b504e783ae4b4886b0ec60e42d8de63c f7991cdad03b4185ba8a33108535313b - 2ade2da342f7464596aa9aee4763a787 2ade2da342f7464596aa9aee4763a787] Router ab1c4d3c-072e-49ad-af8e-3979d925bc2c has already been hosted by L3 agent 4ac0ebe3-010d-4960-b1cd-6ee5ff761291 _get_candidates /usr/lib/python2.7/site-packages/neutron/scheduler/l3_agent_scheduler.py:141
2018-09-29 07:46:15.761 18617 DEBUG neutron.api.rpc.agentnotifiers.l3_rpc_agent_api [req-3cce0430-ef53-4285-8e26-628a08e7b2a9 b504e783ae4b4886b0ec60e42d8de63c f7991cdad03b4185ba8a33108535313b - 2ade2da342f7464596aa9aee4763a787 2ade2da342f7464596aa9aee4763a787] Notify agent at l3_agent.localhost.localdomain the message routers_updated _agent_notification /usr/lib/python2.7/site-packages/neutron/api/rpc/agentnotifiers/l3_rpc_agent_api.py:69
2018-09-29 07:46:15.801 18617 DEBUG neutron_lib.callbacks.manager [req-3cce0430-ef53-4285-8e26-628a08e7b2a9 b504e783ae4b4886b0ec60e42d8de63c f7991cdad03b4185ba8a33108535313b - 2ade2da342f7464596aa9aee4763a787 2ade2da342f7464596aa9aee4763a787] Notify callbacks ['neutron.notifiers.nova.Notifier._send_nova_notification-15811'] for floatingip, before_response _notify_loop /usr/lib/python2.7/site-packages/neutron_lib/callbacks/manager.py:167
2018-09-29 07:46:15.834 18625 DEBUG neutron.db.l3_hamode_db [req-7475873e-3a34-48cd-b950-c970c7416ddd - - - - -] neutron.services.l3_router.l3_router_plugin.L3RouterPlugin method get_ha_sync_data_for_host called with arguments (<neutron_lib.context.Context object at 0x7f3c2ac08b10>, u'localhost.localdomain', <neutron.db.models.agent.Agent[object at 7f3c2ac08050] {id=u'4ac0ebe3-010d-4960-b1cd-6ee5ff761291', agent_type=u'L3 agent', binary=u'neutron-l3-agent', topic=u'l3_agent', host=u'localhost.localdomain', availability_zone=u'nova', admin_state_up=True, created_at=datetime.datetime(2018, 9, 11, 21, 26, 19), started_at=datetime.datetime(2018, 9, 29, 11, 23, 21), heartbeat_timestamp=datetime.datetime(2018, 9, 29, 11, 45, 51), description=None, configurations=u'{"agent_mode": "legacy", "gateway_external_network_id": "", "handle_internal_only_routers": true, "routers": 2, "interfaces": 2, "floating_ips": 0, "interface_driver": "neutron.agent.linux.interface.OVSInterfaceDriver", "log_agent_heartbeats": false, "external_network_bridge": "", "ex_gw_ports": 2}', resource_versions=None, load=0}>) {'active': True, 'router_ids': ['ab1c4d3c-072e-49ad-af8e-3979d925bc2c']} wrapper /usr/lib/python2.7/site-packages/oslo_log/helpers.py:66
2018-09-29 07:46:15.910 18617 INFO neutron.wsgi [req-3cce0430-ef53-4285-8e26-628a08e7b2a9 b504e783ae4b4886b0ec60e42d8de63c f7991cdad03b4185ba8a33108535313b - 2ade2da342f7464596aa9aee4763a787 2ade2da342f7464596aa9aee4763a787] 10.0.20.25 "PUT /v2.0/floatingips/8affb625-7f0c-4984-8f8f-a1fddc208652 HTTP/1.1" status: 200  len: 745 time: 1.5378592
2018-09-29 07:46:15.912 18617 DEBUG oslo_concurrency.lockutils [-] Lock "notifier-86708d85-5f5e-4ff3-9e8b-77051c5af96b" acquired by "neutron.notifiers.batch_notifier.synced_send" :: waited 0.000s inner /usr/lib/python2.7/site-packages/oslo_concurrency/lockutils.py:270
2018-09-29 07:46:15.912 18617 DEBUG neutron.notifiers.nova [-] Sending events: [{'tag': u'5727d0d3-b635-4138-bb7a-5e9bbb45bca9', 'name': 'network-changed', 'server_uuid': u'de8eecee-b657-4990-a3fd-e3917b86f964'}] send_events /usr/lib/python2.7/site-packages/neutron/notifiers/nova.py:242
2018-09-29 07:46:15.918 18617 DEBUG novaclient.v2.client [-] REQ: curl -g -i -X POST http://10.0.20.25:8774/v2.1/671ea1986554476bbcaa620e00697d23/os-server-external-events -H "User-Agent: python-novaclient" -H "Content-Type: application/json" -H "Accept: application/json" -H "X-OpenStack-Nova-API-Version: 2.1" -H "X-Auth-Token: {SHA1}ce8fe37f07645335cc080e96d29dc4cbfa02f701" -d '{"events": [{"tag": "5727d0d3-b635-4138-bb7a-5e9bbb45bca9", "name": "network-changed", "server_uuid": "de8eecee-b657-4990-a3fd-e3917b86f964"}]}' _http_log_request /usr/lib/python2.7/site-packages/keystoneauth1/session.py:375
2018-09-29 07:46:16.484 18617 DEBUG novaclient.v2.client [-] RESP: [200] Content-Length: 179 Content-Type: application/json Openstack-Api-Version: compute 2.1 X-Openstack-Nova-Api-Version: 2.1 Vary: OpenStack-API-Version, X-OpenStack-Nova-API-Version X-Openstack-Request-Id: req-4fd11d2f-db6a-4cc7-b64f-acdd1c8946fe X-Compute-Request-Id: req-4fd11d2f-db6a-4cc7-b64f-acdd1c8946fe Date: Sat, 29 Sep 2018 11:46:16 GMT Connection: keep-alive 
RESP BODY: {"events": [{"status": "completed", "tag": "5727d0d3-b635-4138-bb7a-5e9bbb45bca9", "name": "network-changed", "server_uuid": "de8eecee-b657-4990-a3fd-e3917b86f964", "code": 200}]}
 _http_log_response /usr/lib/python2.7/site-packages/keystoneauth1/session.py:423
2018-09-29 07:46:16.485 18617 DEBUG novaclient.v2.client [-] POST call to compute for http://10.0.20.25:8774/v2.1/671ea1986554476bbcaa620e00697d23/os-server-external-events used request id req-4fd11d2f-db6a-4cc7-b64f-acdd1c8946fe request /usr/lib/python2.7/site-packages/keystoneauth1/session.py:727
2018-09-29 07:46:16.497 18617 INFO neutron.notifiers.nova [-] Nova event response: {u'status': u'completed', u'tag': u'5727d0d3-b635-4138-bb7a-5e9bbb45bca9', u'name': u'network-changed', u'server_uuid': u'de8eecee-b657-4990-a3fd-e3917b86f964', u'code': 200}
2018-09-29 07:46:16.540 18617 INFO neutron.wsgi [req-87dffa81-1413-4e58-9a72-7fe1e34ec9b8 6041b01c631d425d829cf96874ce50bf 671ea1986554476bbcaa620e00697d23 - default default] 10.0.20.25 "GET /v2.0/ports?device_id=de8eecee-b657-4990-a3fd-e3917b86f964 HTTP/1.1" status: 200  len: 1124 time: 0.8819571
2018-09-29 07:46:16.670 18617 INFO neutron.wsgi [req-2388ee8a-ee73-4d77-84aa-02c86c2c8671 6041b01c631d425d829cf96874ce50bf 671ea1986554476bbcaa620e00697d23 - default default] 10.0.20.25 "GET /v2.0/security-groups?id=9fedd566-85a6-4dcd-ae9a-c78566915515 HTTP/1.1" status: 200  len: 2118 time: 0.1206028
2018-09-29 07:46:16.688 18613 INFO neutron.wsgi [req-34179a75-3135-460b-a879-43e65feb5a39 6041b01c631d425d829cf96874ce50bf 671ea1986554476bbcaa620e00697d23 - default default] 10.0.20.25 "GET /v2.0/ports?tenant_id=f7991cdad03b4185ba8a33108535313b&device_id=de8eecee-b657-4990-a3fd-e3917b86f964 HTTP/1.1" status: 200  len: 1124 time: 0.1530108
2018-09-29 07:46:16.761 18625 DEBUG neutron.db.l3_hamode_db [req-7475873e-3a34-48cd-b950-c970c7416ddd - - - - -] neutron.services.l3_router.l3_router_plugin.L3RouterPlugin method _process_sync_ha_data called with arguments (<neutron_lib.context.Context object at 0x7f3c2ac08b10>, [{'status': u'ACTIVE', '_interfaces': [{'status': u'ACTIVE', 'subnets': [{'dns_nameservers': [u'8.8.4.4'], 'ipv6_ra_mode': None, 'gateway_ip': u'11.61.1.1', 'cidr': u'11.61.1.0/24', 'id': u'2dec9a71-b9a6-40cd-b251-83da11710d5e', 'subnetpool_id': None}], 'binding:host_id': u'localhost.localdomain', 'description': u'', 'allowed_address_pairs': [], 'tags': [], 'extra_dhcp_opts': [], 'updated_at': '2018-09-29T11:44:59Z', 'device_owner': u'network:router_interface', 'revision_number': 7, 'port_security_enabled': False, 'binding:profile': {}, 'mtu': 1450, 'fixed_ips': [{'subnet_id': u'2dec9a71-b9a6-40cd-b251-83da11710d5e', 'prefixlen': 24, 'ip_address': u'11.61.1.1'}], 'id': u'669ee09c-50e7-4259-ba52-98fadd8b69a8', 'security_groups': [], 'device_id': u'ab1c4d3c-072e-49ad-af8e-3979d925bc2c', 'name': u'', 'admin_state_up': True, 'network_id': u'df561211-8c2b-4abe-9e27-2fecd608df3b', 'tenant_id': u'f7991cdad03b4185ba8a33108535313b', 'binding:vif_details': {u'port_filter': True, u'datapath_type': u'system', u'ovs_hybrid_plug': True}, 'address_scopes': {4: None, 6: None}, 'binding:vnic_type': u'normal', 'binding:vif_type': u'ovs', 'mac_address': u'fa:16:3e:84:90:6b', 'project_id': u'f7991cdad03b4185ba8a33108535313b', 'extra_subnets': [], 'created_at': '2018-09-29T11:44:50Z'}], 'enable_snat': True, 'ha_vr_id': 0, 'description': u'', 'tags': [], 'gw_port': {'status': u'ACTIVE', 'subnets': [{'dns_nameservers': [], 'ipv6_ra_mode': None, 'gateway_ip': u'172.24.4.1', 'cidr': u'172.24.4.0/24', 'id': u'a3f065d6-c694-4228-b2c0-49725a850924', 'subnetpool_id': None}], 'binding:host_id': u'localhost.localdomain', 'description': u'', 'allowed_address_pairs': [], 'tags': [], 'extra_dhcp_opts': [], 'updated_at': '2018-09-29T11:45:13Z', 'device_owner': u'network:router_gateway', 'revision_number': 6, 'port_security_enabled': False, 'binding:profile': {}, 'mtu': 1500, 'fixed_ips': [{'subnet_id': u'a3f065d6-c694-4228-b2c0-49725a850924', 'prefixlen': 24, 'ip_address': u'172.24.4.10'}], 'id': u'acb656ee-9ac6-4350-a865-2516c8f71759', 'security_groups': [], 'device_id': u'ab1c4d3c-072e-49ad-af8e-3979d925bc2c', 'name': u'', 'admin_state_up': True, 'network_id': u'40fff4bc-a326-419b-b1c1-a7aa26b2d41a', 'tenant_id': u'', 'binding:vif_details': {u'port_filter': True, u'datapath_type': u'system', u'ovs_hybrid_plug': True}, 'address_scopes': {4: None, 6: None}, 'binding:vnic_type': u'normal', 'binding:vif_type': u'ovs', 'mac_address': u'fa:16:3e:4f:13:13', 'project_id': u'', 'extra_subnets': [], 'created_at': '2018-09-29T11:45:05Z'}, 'updated_at': '2018-09-29T11:45:07Z', 'revision_number': 4, 'ha': False, 'id': u'ab1c4d3c-072e-49ad-af8e-3979d925bc2c', 'gw_port_host': u'localhost.localdomain', 'external_gateway_info': {'network_id': u'40fff4bc-a326-419b-b1c1-a7aa26b2d41a', 'enable_snat': True, 'external_fixed_ips': [{'subnet_id': u'a3f065d6-c694-4228-b2c0-49725a850924', 'ip_address': u'172.24.4.10'}]}, 'availability_zone_hints': [], 'availability_zones': [u'nova'], 'name': u'tempest-router-1538221291', 'gw_port_id': u'acb656ee-9ac6-4350-a865-2516c8f71759', 'admin_state_up': True, 'tenant_id': u'f7991cdad03b4185ba8a33108535313b', 'created_at': '2018-09-29T11:44:28Z', 'distributed': False, 'flavor_id': None, 'routes': [], 'project_id': u'f7991cdad03b4185ba8a33108535313b', '_floatingips': [{'router_id': u'ab1c4d3c-072e-49ad-af8e-3979d925bc2c', 'status': u'DOWN', 'description': u'', 'tags': [], 'updated_at': '2018-09-29T11:46:14Z', 'dns_domain': '', 'floating_network_id': u'40fff4bc-a326-419b-b1c1-a7aa26b2d41a', 'fixed_ip_address': u'11.61.1.11', 'floating_ip_address': u'172.24.4.3', 'revision_number': 1, 'port_id': u'5727d0d3-b635-4138-bb7a-5e9bbb45bca9', 'id': u'8affb625-7f0c-4984-8f8f-a1fddc208652', 'dns_name': '', 'created_at': '2018-09-29T11:45:59Z', 'tenant_id': u'f7991cdad03b4185ba8a33108535313b', 'fixed_ip_address_scope': None, 'project_id': u'f7991cdad03b4185ba8a33108535313b'}]}], u'localhost.localdomain', False) {} wrapper /usr/lib/python2.7/site-packages/oslo_log/helpers.py:66
2018-09-29 07:46:16.774 18625 DEBUG neutron.api.rpc.handlers.l3_rpc [req-7475873e-3a34-48cd-b950-c970c7416ddd - - - - -] Checking router: ab1c4d3c-072e-49ad-af8e-3979d925bc2c for host: localhost.localdomain _ensure_host_set_on_ports /usr/lib/python2.7/site-packages/neutron/api/rpc/handlers/l3_rpc.py:135
2018-09-29 07:46:16.973 18613 DEBUG neutron.pecan_wsgi.hooks.policy_enforcement [req-5afab8ee-a5ea-4202-b438-7bfaf9d93e7c 6041b01c631d425d829cf96874ce50bf 671ea1986554476bbcaa620e00697d23 - default default] Attributes excluded by policy engine: [u'vlan_transparent'] _exclude_attributes_by_policy /usr/lib/python2.7/site-packages/neutron/pecan_wsgi/hooks/policy_enforcement.py:256
2018-09-29 07:46:16.978 18613 INFO neutron.wsgi [req-5afab8ee-a5ea-4202-b438-7bfaf9d93e7c 6041b01c631d425d829cf96874ce50bf 671ea1986554476bbcaa620e00697d23 - default default] 10.0.20.25 "GET /v2.0/networks?id=df561211-8c2b-4abe-9e27-2fecd608df3b HTTP/1.1" status: 200  len: 885 time: 0.2810471
2018-09-29 07:46:17.045 18613 INFO neutron.wsgi [req-d7b827d0-f675-4c40-afbe-012e0540fc26 6041b01c631d425d829cf96874ce50bf 671ea1986554476bbcaa620e00697d23 - default default] 10.0.20.25 "GET /v2.0/floatingips?fixed_ip_address=11.61.1.11&port_id=5727d0d3-b635-4138-bb7a-5e9bbb45bca9 HTTP/1.1" status: 200  len: 748 time: 0.0529048
2018-09-29 07:46:17.151 18627 DEBUG neutron.api.rpc.handlers.l3_rpc [req-1992d4ac-ad4f-4b78-b138-89e9a48a4c42 - - - - -] New status for floating IP 8affb625-7f0c-4984-8f8f-a1fddc208652: ACTIVE update_floatingip_statuses /usr/lib/python2.7/site-packages/neutron/api/rpc/handlers/l3_rpc.py:252
2018-09-29 07:46:17.209 18613 DEBUG neutron.pecan_wsgi.hooks.policy_enforcement [req-54c2b177-62ea-4bb8-abee-9d82d130fa00 6041b01c631d425d829cf96874ce50bf 671ea1986554476bbcaa620e00697d23 - default default] Attributes excluded by policy engine: [u'shared'] _exclude_attributes_by_policy /usr/lib/python2.7/site-packages/neutron/pecan_wsgi/hooks/policy_enforcement.py:256
2018-09-29 07:46:17.212 18613 INFO neutron.wsgi [req-54c2b177-62ea-4bb8-abee-9d82d130fa00 6041b01c631d425d829cf96874ce50bf 671ea1986554476bbcaa620e00697d23 - default default] 10.0.20.25 "GET /v2.0/subnets?id=2dec9a71-b9a6-40cd-b251-83da11710d5e HTTP/1.1" status: 200  len: 843 time: 0.1569350
2018-09-29 07:46:17.348 18613 INFO neutron.wsgi [req-c888f619-16e1-4f33-9185-1bc536b37332 6041b01c631d425d829cf96874ce50bf 671ea1986554476bbcaa620e00697d23 - default default] 10.0.20.25 "GET /v2.0/ports?network_id=df561211-8c2b-4abe-9e27-2fecd608df3b&device_owner=network%3Adhcp HTTP/1.1" status: 200  len: 1127 time: 0.1263649
2018-09-29 07:46:17.724 18617 INFO neutron.wsgi [req-47791916-a980-414a-8eb4-7cd9ea20e20d 6041b01c631d425d829cf96874ce50bf 671ea1986554476bbcaa620e00697d23 - default default] 10.0.20.25 "GET /v2.0/ports?tenant_id=f7991cdad03b4185ba8a33108535313b&device_id=de8eecee-b657-4990-a3fd-e3917b86f964 HTTP/1.1" status: 200  len: 1124 time: 0.6635420
2018-09-29 07:46:17.922 18617 DEBUG neutron.pecan_wsgi.hooks.policy_enforcement [req-d8010f8d-102d-482e-b9d0-05b1f6e62ba7 6041b01c631d425d829cf96874ce50bf 671ea1986554476bbcaa620e00697d23 - default default] Attributes excluded by policy engine: [u'vlan_transparent'] _exclude_attributes_by_policy /usr/lib/python2.7/site-packages/neutron/pecan_wsgi/hooks/policy_enforcement.py:256
2018-09-29 07:46:17.926 18617 INFO neutron.wsgi [req-d8010f8d-102d-482e-b9d0-05b1f6e62ba7 6041b01c631d425d829cf96874ce50bf 671ea1986554476bbcaa620e00697d23 - default default] 10.0.20.25 "GET /v2.0/networks?id=df561211-8c2b-4abe-9e27-2fecd608df3b HTTP/1.1" status: 200  len: 885 time: 0.1967890
2018-09-29 07:46:17.954 18614 INFO neutron.wsgi [req-e0753f9f-408a-4a55-a906-72c15d00a6b5 6041b01c631d425d829cf96874ce50bf 671ea1986554476bbcaa620e00697d23 - default default] 10.0.20.25 "GET /v2.0/ports?device_id=de8eecee-b657-4990-a3fd-e3917b86f964 HTTP/1.1" status: 200  len: 1124 time: 0.3833981
2018-09-29 07:46:17.966 18617 INFO neutron.wsgi [req-0177934d-4ad3-44d9-8858-114582b4b628 6041b01c631d425d829cf96874ce50bf 671ea1986554476bbcaa620e00697d23 - default default] 10.0.20.25 "GET /v2.0/floatingips?fixed_ip_address=11.61.1.11&port_id=5727d0d3-b635-4138-bb7a-5e9bbb45bca9 HTTP/1.1" status: 200  len: 750 time: 0.0331311
2018-09-29 07:46:18.069 18614 INFO neutron.wsgi [req-9ad358e7-dbd6-4b6d-939b-e9cce7480c4f 6041b01c631d425d829cf96874ce50bf 671ea1986554476bbcaa620e00697d23 - default default] 10.0.20.25 "GET /v2.0/security-groups?id=9fedd566-85a6-4dcd-ae9a-c78566915515 HTTP/1.1" status: 200  len: 2118 time: 0.1083100
2018-09-29 07:46:18.080 18617 DEBUG neutron.pecan_wsgi.hooks.policy_enforcement [req-4bdd5d3b-86cc-4e08-a8f6-a2cb6ea81e4a 6041b01c631d425d829cf96874ce50bf 671ea1986554476bbcaa620e00697d23 - default default] Attributes excluded by policy engine: [u'shared'] _exclude_attributes_by_policy /usr/lib/python2.7/site-packages/neutron/pecan_wsgi/hooks/policy_enforcement.py:256
2018-09-29 07:46:18.083 18617 INFO neutron.wsgi [req-4bdd5d3b-86cc-4e08-a8f6-a2cb6ea81e4a 6041b01c631d425d829cf96874ce50bf 671ea1986554476bbcaa620e00697d23 - default default] 10.0.20.25 "GET /v2.0/subnets?id=2dec9a71-b9a6-40cd-b251-83da11710d5e HTTP/1.1" status: 200  len: 843 time: 0.1099620
2018-09-29 07:46:18.202 18617 INFO neutron.wsgi [req-705acb2a-8684-47e6-98eb-1860eb5a8ba8 6041b01c631d425d829cf96874ce50bf 671ea1986554476bbcaa620e00697d23 - default default] 10.0.20.25 "GET /v2.0/ports?network_id=df561211-8c2b-4abe-9e27-2fecd608df3b&device_owner=network%3Adhcp HTTP/1.1" status: 200  len: 1127 time: 0.1140170
2018-09-29 07:46:18.497 18617 DEBUG oslo_concurrency.lockutils [-] Lock "notifier-86708d85-5f5e-4ff3-9e8b-77051c5af96b" released by "neutron.notifiers.batch_notifier.synced_send" :: held 2.586s inner /usr/lib/python2.7/site-packages/oslo_concurrency/lockutils.py:282
2018-09-29 07:46:19.376 18620 INFO neutron.wsgi [req-903408c7-9240-4f5e-8723-2ff823d01404 6041b01c631d425d829cf96874ce50bf 671ea1986554476bbcaa620e00697d23 - default default] 10.0.20.25 "GET /v2.0/ports?device_id=de8eecee-b657-4990-a3fd-e3917b86f964 HTTP/1.1" status: 200  len: 1124 time: 0.6058240
2018-09-29 07:46:19.505 18620 INFO neutron.wsgi [req-d763b092-1900-4cd7-983d-3bb72a32453a 6041b01c631d425d829cf96874ce50bf 671ea1986554476bbcaa620e00697d23 - default default] 10.0.20.25 "GET /v2.0/security-groups?id=9fedd566-85a6-4dcd-ae9a-c78566915515 HTTP/1.1" status: 200  len: 2118 time: 0.1211250
2018-09-29 07:46:20.197 18626 DEBUG neutron_lib.callbacks.manager [req-0facbf71-a559-47d6-a246-67358675618c - - - - -] Notify callbacks ['neutron.services.segments.db._update_segment_host_mapping_for_agent-8743525902657'] for agent, after_update _notify_loop /usr/lib/python2.7/site-packages/neutron_lib/callbacks/manager.py:167
2018-09-29 07:46:20.324 18629 DEBUG neutron_lib.callbacks.manager [req-bd4565fb-5653-4c5d-908c-a89c616eb98d - - - - -] Notify callbacks ['neutron.services.segments.db._update_segment_host_mapping_for_agent-8743525902657'] for agent, after_update _notify_loop /usr/lib/python2.7/site-packages/neutron_lib/callbacks/manager.py:167
2018-09-29 07:46:21.131 18627 DEBUG neutron_lib.callbacks.manager [req-99725316-2ecc-4a8c-bed5-a3751e2f7ae6 - - - - -] Notify callbacks ['neutron.services.segments.db._update_segment_host_mapping_for_agent-8743525902657'] for agent, after_update _notify_loop /usr/lib/python2.7/site-packages/neutron_lib/callbacks/manager.py:167
2018-09-29 07:46:23.610 18621 DEBUG neutron_lib.callbacks.manager [req-26459910-e8a6-43a5-aa86-44cec6438589 - - - - -] Notify callbacks ['neutron.services.segments.db._update_segment_host_mapping_for_agent-8743525902657'] for agent, after_update _notify_loop /usr/lib/python2.7/site-packages/neutron_lib/callbacks/manager.py:167
2018-09-29 07:46:24.969 18630 DEBUG neutron.db.agents_db [req-26d9fcaa-ed20-4abc-83dd-3b64dfd5f913 - - - - -] Agent healthcheck: found 5 active agents agent_health_check /usr/lib/python2.7/site-packages/neutron/db/agents_db.py:281
2018-09-29 07:46:27.697 18613 INFO neutron.wsgi [req-d2f85df8-f653-4e06-9845-d1aa4138dfae 6041b01c631d425d829cf96874ce50bf 671ea1986554476bbcaa620e00697d23 - default default] 10.0.20.25 "GET /v2.0/ports?tenant_id=f7991cdad03b4185ba8a33108535313b&device_id=de8eecee-b657-4990-a3fd-e3917b86f964 HTTP/1.1" status: 200  len: 1124 time: 0.1541178
2018-09-29 07:46:28.247 18613 DEBUG neutron.pecan_wsgi.hooks.policy_enforcement [req-3c732c04-8532-48bb-a070-ec2a1443e54b 6041b01c631d425d829cf96874ce50bf 671ea1986554476bbcaa620e00697d23 - default default] Attributes excluded by policy engine: [u'vlan_transparent'] _exclude_attributes_by_policy /usr/lib/python2.7/site-packages/neutron/pecan_wsgi/hooks/policy_enforcement.py:256
2018-09-29 07:46:28.251 18613 INFO neutron.wsgi [req-3c732c04-8532-48bb-a070-ec2a1443e54b 6041b01c631d425d829cf96874ce50bf 671ea1986554476bbcaa620e00697d23 - default default] 10.0.20.25 "GET /v2.0/networks?id=df561211-8c2b-4abe-9e27-2fecd608df3b HTTP/1.1" status: 200  len: 885 time: 0.5442600
2018-09-29 07:46:28.316 18613 INFO neutron.wsgi [req-ae573361-77ed-4e80-a031-ea86053348c4 6041b01c631d425d829cf96874ce50bf 671ea1986554476bbcaa620e00697d23 - default default] 10.0.20.25 "GET /v2.0/floatingips?fixed_ip_address=11.61.1.11&port_id=5727d0d3-b635-4138-bb7a-5e9bbb45bca9 HTTP/1.1" status: 200  len: 750 time: 0.0568230
2018-09-29 07:46:28.519 18613 DEBUG neutron.pecan_wsgi.hooks.policy_enforcement [req-7816be4d-8b08-42e5-87ad-2cd639d7044f 6041b01c631d425d829cf96874ce50bf 671ea1986554476bbcaa620e00697d23 - default default] Attributes excluded by policy engine: [u'shared'] _exclude_attributes_by_policy /usr/lib/python2.7/site-packages/neutron/pecan_wsgi/hooks/policy_enforcement.py:256
2018-09-29 07:46:28.524 18613 INFO neutron.wsgi [req-7816be4d-8b08-42e5-87ad-2cd639d7044f 6041b01c631d425d829cf96874ce50bf 671ea1986554476bbcaa620e00697d23 - default default] 10.0.20.25 "GET /v2.0/subnets?id=2dec9a71-b9a6-40cd-b251-83da11710d5e HTTP/1.1" status: 200  len: 843 time: 0.1973729
2018-09-29 07:46:28.747 18613 INFO neutron.wsgi [req-5e9aa3f5-a3f5-4536-a7f2-1c08dc4d8b4d 6041b01c631d425d829cf96874ce50bf 671ea1986554476bbcaa620e00697d23 - default default] 10.0.20.25 "GET /v2.0/ports?network_id=df561211-8c2b-4abe-9e27-2fecd608df3b&device_owner=network%3Adhcp HTTP/1.1" status: 200  len: 1127 time: 0.2054520
2018-09-29 07:46:29.370 18622 DEBUG neutron_lib.callbacks.manager [req-c15360fe-61f7-4371-b66f-960b64c467f0 - - - - -] Notify callbacks ['neutron.services.segments.db._update_segment_host_mapping_for_agent-8743525902657'] for agent, after_update _notify_loop /usr/lib/python2.7/site-packages/neutron_lib/callbacks/manager.py:167
2018-09-29 07:46:30.646 18620 INFO neutron.wsgi [req-ce23fe31-a61a-47ee-aeba-d08e557fc372 b504e783ae4b4886b0ec60e42d8de63c f7991cdad03b4185ba8a33108535313b - 2ade2da342f7464596aa9aee4763a787 2ade2da342f7464596aa9aee4763a787] 10.0.20.25 "GET /v2.0/ports?device_id=de8eecee-b657-4990-a3fd-e3917b86f964 HTTP/1.1" status: 200  len: 1124 time: 0.5473452
2018-09-29 07:46:30.758 18620 INFO neutron.wsgi [req-ccf10082-1e09-4e9b-9a9f-6daf2b817c8d b504e783ae4b4886b0ec60e42d8de63c f7991cdad03b4185ba8a33108535313b - 2ade2da342f7464596aa9aee4763a787 2ade2da342f7464596aa9aee4763a787] 10.0.20.25 "GET /v2.0/security-groups?id=9fedd566-85a6-4dcd-ae9a-c78566915515 HTTP/1.1" status: 200  len: 2118 time: 0.1059980
2018-09-29 07:46:50.207 18625 DEBUG neutron_lib.callbacks.manager [req-a3913d29-31fc-4f51-984b-3e1602af2be6 - - - - -] Notify callbacks ['neutron.services.segments.db._update_segment_host_mapping_for_agent-8743525902657'] for agent, after_update _notify_loop /usr/lib/python2.7/site-packages/neutron_lib/callbacks/manager.py:167
2018-09-29 07:46:50.312 18623 DEBUG neutron_lib.callbacks.manager [req-bd4565fb-5653-4c5d-908c-a89c616eb98d - - - - -] Notify callbacks ['neutron.services.segments.db._update_segment_host_mapping_for_agent-8743525902657'] for agent, after_update _notify_loop /usr/lib/python2.7/site-packages/neutron_lib/callbacks/manager.py:167
2018-09-29 07:46:51.153 18624 DEBUG neutron_lib.callbacks.manager [req-4e1b59ec-5087-4f2c-b90d-35f7c9b4713c - - - - -] Notify callbacks ['neutron.services.segments.db._update_segment_host_mapping_for_agent-8743525902657'] for agent, after_update _notify_loop /usr/lib/python2.7/site-packages/neutron_lib/callbacks/manager.py:167
2018-09-29 07:46:53.641 18628 DEBUG neutron_lib.callbacks.manager [req-26459910-e8a6-43a5-aa86-44cec6438589 - - - - -] Notify callbacks ['neutron.services.segments.db._update_segment_host_mapping_for_agent-8743525902657'] for agent, after_update _notify_loop /usr/lib/python2.7/site-packages/neutron_lib/callbacks/manager.py:167
2018-09-29 07:46:55.684 18617 INFO neutron.wsgi [req-36e959ed-d517-435e-bd49-d3e40e0e7f13 b504e783ae4b4886b0ec60e42d8de63c f7991cdad03b4185ba8a33108535313b - 2ade2da342f7464596aa9aee4763a787 2ade2da342f7464596aa9aee4763a787] 10.0.20.25 "GET /v2.0/ports?device_id=de8eecee-b657-4990-a3fd-e3917b86f964 HTTP/1.1" status: 200  len: 1124 time: 1.3708429
2018-09-29 07:46:55.817 18617 INFO neutron.wsgi [req-9f5d7c3d-4e5e-4368-b67a-cdf2a6eb5710 b504e783ae4b4886b0ec60e42d8de63c f7991cdad03b4185ba8a33108535313b - 2ade2da342f7464596aa9aee4763a787 2ade2da342f7464596aa9aee4763a787] 10.0.20.25 "GET /v2.0/security-groups?id=9fedd566-85a6-4dcd-ae9a-c78566915515 HTTP/1.1" status: 200  len: 2118 time: 0.1249421
2018-09-29 07:46:59.374 18626 DEBUG neutron_lib.callbacks.manager [req-c15360fe-61f7-4371-b66f-960b64c467f0 - - - - -] Notify callbacks ['neutron.services.segments.db._update_segment_host_mapping_for_agent-8743525902657'] for agent, after_update _notify_loop /usr/lib/python2.7/site-packages/neutron_lib/callbacks/manager.py:167
2018-09-29 07:47:01.976 18630 DEBUG neutron.db.agents_db [req-26d9fcaa-ed20-4abc-83dd-3b64dfd5f913 - - - - -] Agent healthcheck: found 5 active agents agent_health_check /usr/lib/python2.7/site-packages/neutron/db/agents_db.py:281
2018-09-29 07:47:09.904 18615 DEBUG neutron.wsgi [-] (18615) accepted ('10.0.20.25', 40490) server /usr/lib/python2.7/site-packages/eventlet/wsgi.py:883
2018-09-29 07:47:10.210 18615 WARNING keystonemiddleware.auth_token [-] A valid token was submitted as a service token, but it was not a valid service token. This is incorrect but backwards compatible behaviour. This will be removed in future releases.
2018-09-29 07:47:10.899 18615 INFO neutron.wsgi [req-dd732c68-c4fc-4128-addc-6f61da670a1c b504e783ae4b4886b0ec60e42d8de63c f7991cdad03b4185ba8a33108535313b - 2ade2da342f7464596aa9aee4763a787 2ade2da342f7464596aa9aee4763a787] 10.0.20.25 "GET /v2.0/ports?device_id=de8eecee-b657-4990-a3fd-e3917b86f964 HTTP/1.1" status: 200  len: 1124 time: 0.9916229
2018-09-29 07:47:11.033 18615 INFO neutron.wsgi [req-322968a4-6c2b-4168-9b84-b84a46131e18 b504e783ae4b4886b0ec60e42d8de63c f7991cdad03b4185ba8a33108535313b - 2ade2da342f7464596aa9aee4763a787 2ade2da342f7464596aa9aee4763a787] 10.0.20.25 "GET /v2.0/security-groups?id=9fedd566-85a6-4dcd-ae9a-c78566915515 HTTP/1.1" status: 200  len: 2118 time: 0.1240692
2018-09-29 07:47:20.211 18629 DEBUG neutron_lib.callbacks.manager [req-74307cb1-4e18-47a1-bf00-d559fece8ca1 - - - - -] Notify callbacks ['neutron.services.segments.db._update_segment_host_mapping_for_agent-8743525902657'] for agent, after_update _notify_loop /usr/lib/python2.7/site-packages/neutron_lib/callbacks/manager.py:167
2018-09-29 07:47:20.327 18627 DEBUG neutron_lib.callbacks.manager [req-bd4565fb-5653-4c5d-908c-a89c616eb98d - - - - -] Notify callbacks ['neutron.services.segments.db._update_segment_host_mapping_for_agent-8743525902657'] for agent, after_update _notify_loop /usr/lib/python2.7/site-packages/neutron_lib/callbacks/manager.py:167
2018-09-29 07:47:21.149 18621 DEBUG neutron_lib.callbacks.manager [req-14d3e4b3-7148-4b34-98d0-1e610e82a85f - - - - -] Notify callbacks ['neutron.services.segments.db._update_segment_host_mapping_for_agent-8743525902657'] for agent, after_update _notify_loop /usr/lib/python2.7/site-packages/neutron_lib/callbacks/manager.py:167
2018-09-29 07:47:23.612 18622 DEBUG neutron_lib.callbacks.manager [req-26459910-e8a6-43a5-aa86-44cec6438589 - - - - -] Notify callbacks ['neutron.services.segments.db._update_segment_host_mapping_for_agent-8743525902657'] for agent, after_update _notify_loop /usr/lib/python2.7/site-packages/neutron_lib/callbacks/manager.py:167
2018-09-29 07:47:25.426 18615 INFO neutron.wsgi [req-9718d31a-4c5a-440c-8bb6-b4a47dd39dfd b504e783ae4b4886b0ec60e42d8de63c f7991cdad03b4185ba8a33108535313b - 2ade2da342f7464596aa9aee4763a787 2ade2da342f7464596aa9aee4763a787] 10.0.20.25 "GET /v2.0/ports?device_id=de8eecee-b657-4990-a3fd-e3917b86f964 HTTP/1.1" status: 200  len: 1124 time: 0.7056880
2018-09-29 07:47:25.555 18615 INFO neutron.wsgi [req-820ab221-22dc-48bf-b2aa-6a728b0d02f9 b504e783ae4b4886b0ec60e42d8de63c f7991cdad03b4185ba8a33108535313b - 2ade2da342f7464596aa9aee4763a787 2ade2da342f7464596aa9aee4763a787] 10.0.20.25 "GET /v2.0/security-groups?id=9fedd566-85a6-4dcd-ae9a-c78566915515 HTTP/1.1" status: 200  len: 2118 time: 0.1199131
2018-09-29 07:47:29.378 18625 DEBUG neutron_lib.callbacks.manager [req-c15360fe-61f7-4371-b66f-960b64c467f0 - - - - -] Notify callbacks ['neutron.services.segments.db._update_segment_host_mapping_for_agent-8743525902657'] for agent, after_update _notify_loop /usr/lib/python2.7/site-packages/neutron_lib/callbacks/manager.py:167
2018-09-29 07:47:30.044 18613 INFO neutron.wsgi [req-ac924e7c-1e66-4642-bf42-f42774151a2a 6041b01c631d425d829cf96874ce50bf 671ea1986554476bbcaa620e00697d23 - default default] 10.0.20.25 "GET /v2.0/ports?tenant_id=f7991cdad03b4185ba8a33108535313b&device_id=de8eecee-b657-4990-a3fd-e3917b86f964 HTTP/1.1" status: 200  len: 1124 time: 0.1833830
2018-09-29 07:47:30.384 18613 DEBUG neutron.pecan_wsgi.hooks.policy_enforcement [req-80504490-4512-4960-9e10-0c284415a6b4 6041b01c631d425d829cf96874ce50bf 671ea1986554476bbcaa620e00697d23 - default default] Attributes excluded by policy engine: [u'vlan_transparent'] _exclude_attributes_by_policy /usr/lib/python2.7/site-packages/neutron/pecan_wsgi/hooks/policy_enforcement.py:256
2018-09-29 07:47:30.389 18613 INFO neutron.wsgi [req-80504490-4512-4960-9e10-0c284415a6b4 6041b01c631d425d829cf96874ce50bf 671ea1986554476bbcaa620e00697d23 - default default] 10.0.20.25 "GET /v2.0/networks?id=df561211-8c2b-4abe-9e27-2fecd608df3b HTTP/1.1" status: 200  len: 885 time: 0.3353510
2018-09-29 07:47:30.438 18613 INFO neutron.wsgi [req-406b1ecb-3e9e-4cf9-a14c-19472b44547f 6041b01c631d425d829cf96874ce50bf 671ea1986554476bbcaa620e00697d23 - default default] 10.0.20.25 "GET /v2.0/floatingips?fixed_ip_address=11.61.1.11&port_id=5727d0d3-b635-4138-bb7a-5e9bbb45bca9 HTTP/1.1" status: 200  len: 750 time: 0.0405791
2018-09-29 07:47:30.601 18613 DEBUG neutron.pecan_wsgi.hooks.policy_enforcement [req-7f8df1ed-cefe-41b2-a70a-35588c12ee9c 6041b01c631d425d829cf96874ce50bf 671ea1986554476bbcaa620e00697d23 - default default] Attributes excluded by policy engine: [u'shared'] _exclude_attributes_by_policy /usr/lib/python2.7/site-packages/neutron/pecan_wsgi/hooks/policy_enforcement.py:256
2018-09-29 07:47:30.608 18613 INFO neutron.wsgi [req-7f8df1ed-cefe-41b2-a70a-35588c12ee9c 6041b01c631d425d829cf96874ce50bf 671ea1986554476bbcaa620e00697d23 - default default] 10.0.20.25 "GET /v2.0/subnets?id=2dec9a71-b9a6-40cd-b251-83da11710d5e HTTP/1.1" status: 200  len: 843 time: 0.1612501
2018-09-29 07:47:30.795 18613 INFO neutron.wsgi [req-dd9802d7-38f7-48a0-b8b3-5e341ae1feb7 6041b01c631d425d829cf96874ce50bf 671ea1986554476bbcaa620e00697d23 - default default] 10.0.20.25 "GET /v2.0/ports?network_id=df561211-8c2b-4abe-9e27-2fecd608df3b&device_owner=network%3Adhcp HTTP/1.1" status: 200  len: 1127 time: 0.1746490
2018-09-29 07:47:34.851 18617 INFO neutron.wsgi [req-c0f3e750-bdd1-47d8-a127-21564ea99b6c bae51265fb0f4505a811a9fab7e142f1 671ea1986554476bbcaa620e00697d23 - default default] 10.0.20.25 "GET /v2.0/ports?device_id=de8eecee-b657-4990-a3fd-e3917b86f964 HTTP/1.1" status: 200  len: 1124 time: 1.3649061
2018-09-29 07:47:34.973 18617 INFO neutron.wsgi [req-9664f656-c0b5-4bd9-9e20-a75b4e33adc8 bae51265fb0f4505a811a9fab7e142f1 671ea1986554476bbcaa620e00697d23 - default default] 10.0.20.25 "GET /v2.0/security-groups?id=9fedd566-85a6-4dcd-ae9a-c78566915515 HTTP/1.1" status: 200  len: 2118 time: 0.1158850
2018-09-29 07:47:36.907 18615 INFO neutron.wsgi [req-090c267b-0544-4e74-9916-8a4dba19456f b504e783ae4b4886b0ec60e42d8de63c f7991cdad03b4185ba8a33108535313b - 2ade2da342f7464596aa9aee4763a787 2ade2da342f7464596aa9aee4763a787] 10.0.20.25 "GET /v2.0/ports?device_id=de8eecee-b657-4990-a3fd-e3917b86f964 HTTP/1.1" status: 200  len: 1124 time: 0.6661339
2018-09-29 07:47:37.075 18615 INFO neutron.wsgi [req-71132f77-503e-4b3b-867b-cdb40d0d215b b504e783ae4b4886b0ec60e42d8de63c f7991cdad03b4185ba8a33108535313b - 2ade2da342f7464596aa9aee4763a787 2ade2da342f7464596aa9aee4763a787] 10.0.20.25 "GET /v2.0/security-groups?id=9fedd566-85a6-4dcd-ae9a-c78566915515 HTTP/1.1" status: 200  len: 2118 time: 0.1609011
2018-09-29 07:47:38.977 18630 DEBUG neutron.db.agents_db [req-26d9fcaa-ed20-4abc-83dd-3b64dfd5f913 - - - - -] Agent healthcheck: found 5 active agents agent_health_check /usr/lib/python2.7/site-packages/neutron/db/agents_db.py:281
2018-09-29 07:47:43.733 18616 INFO neutron.wsgi [req-15b01cef-bb10-43c3-8ce4-e64a3453fd36 bae51265fb0f4505a811a9fab7e142f1 671ea1986554476bbcaa620e00697d23 - default default] 10.0.20.25 "GET /v2.0/ports?device_id=de8eecee-b657-4990-a3fd-e3917b86f964 HTTP/1.1" status: 200  len: 1124 time: 1.2893291
2018-09-29 07:47:43.889 18616 INFO neutron.wsgi [req-1d9d3f50-7ef9-41aa-bb9e-39af0050eac5 bae51265fb0f4505a811a9fab7e142f1 671ea1986554476bbcaa620e00697d23 - default default] 10.0.20.25 "GET /v2.0/security-groups?id=9fedd566-85a6-4dcd-ae9a-c78566915515 HTTP/1.1" status: 200  len: 2118 time: 0.1479490
2018-09-29 07:47:48.466 18615 INFO neutron.wsgi [req-3b4ea40d-79e5-4738-afa8-5688aa473c43 b504e783ae4b4886b0ec60e42d8de63c f7991cdad03b4185ba8a33108535313b - 2ade2da342f7464596aa9aee4763a787 2ade2da342f7464596aa9aee4763a787] 10.0.20.25 "GET /v2.0/ports?device_id=de8eecee-b657-4990-a3fd-e3917b86f964 HTTP/1.1" status: 200  len: 1124 time: 1.1143279
2018-09-29 07:47:48.564 18615 INFO neutron.wsgi [req-7a34275c-15e8-4320-8219-e2d6f057ea2e b504e783ae4b4886b0ec60e42d8de63c f7991cdad03b4185ba8a33108535313b - 2ade2da342f7464596aa9aee4763a787 2ade2da342f7464596aa9aee4763a787] 10.0.20.25 "GET /v2.0/security-groups?id=9fedd566-85a6-4dcd-ae9a-c78566915515 HTTP/1.1" status: 200  len: 2118 time: 0.0889301
2018-09-29 07:47:50.217 18623 DEBUG neutron_lib.callbacks.manager [req-615562f0-ba93-4518-94da-8f132d84ccb3 - - - - -] Notify callbacks ['neutron.services.segments.db._update_segment_host_mapping_for_agent-8743525902657'] for agent, after_update _notify_loop /usr/lib/python2.7/site-packages/neutron_lib/callbacks/manager.py:167
2018-09-29 07:47:50.385 18624 DEBUG neutron_lib.callbacks.manager [req-bd4565fb-5653-4c5d-908c-a89c616eb98d - - - - -] Notify callbacks ['neutron.services.segments.db._update_segment_host_mapping_for_agent-8743525902657'] for agent, after_update _notify_loop /usr/lib/python2.7/site-packages/neutron_lib/callbacks/manager.py:167
2018-09-29 07:47:51.148 18628 DEBUG neutron_lib.callbacks.manager [req-79f219a2-6e24-4479-9265-3e00cc853981 - - - - -] Notify callbacks ['neutron.services.segments.db._update_segment_host_mapping_for_agent-8743525902657'] for agent, after_update _notify_loop /usr/lib/python2.7/site-packages/neutron_lib/callbacks/manager.py:167
2018-09-29 07:47:53.614 18626 DEBUG neutron_lib.callbacks.manager [req-26459910-e8a6-43a5-aa86-44cec6438589 - - - - -] Notify callbacks ['neutron.services.segments.db._update_segment_host_mapping_for_agent-8743525902657'] for agent, after_update _notify_loop /usr/lib/python2.7/site-packages/neutron_lib/callbacks/manager.py:167
2018-09-29 07:47:59.386 18629 DEBUG neutron_lib.callbacks.manager [req-c15360fe-61f7-4371-b66f-960b64c467f0 - - - - -] Notify callbacks ['neutron.services.segments.db._update_segment_host_mapping_for_agent-8743525902657'] for agent, after_update _notify_loop /usr/lib/python2.7/site-packages/neutron_lib/callbacks/manager.py:167
2018-09-29 07:48:01.838 18617 INFO neutron.wsgi [req-33bee422-8c19-4c7c-9412-84a910eb54a7 b504e783ae4b4886b0ec60e42d8de63c f7991cdad03b4185ba8a33108535313b - 2ade2da342f7464596aa9aee4763a787 2ade2da342f7464596aa9aee4763a787] 10.0.20.25 "GET /v2.0/ports?device_id=de8eecee-b657-4990-a3fd-e3917b86f964 HTTP/1.1" status: 200  len: 1124 time: 0.7402720
2018-09-29 07:48:02.028 18617 INFO neutron.wsgi [req-c846ec92-c7ad-49f0-8e3b-d00785b62005 b504e783ae4b4886b0ec60e42d8de63c f7991cdad03b4185ba8a33108535313b - 2ade2da342f7464596aa9aee4763a787 2ade2da342f7464596aa9aee4763a787] 10.0.20.25 "GET /v2.0/security-groups?id=9fedd566-85a6-4dcd-ae9a-c78566915515 HTTP/1.1" status: 200  len: 2118 time: 0.1804969
2018-09-29 07:48:15.987 18630 DEBUG neutron.db.agents_db [req-26d9fcaa-ed20-4abc-83dd-3b64dfd5f913 - - - - -] Agent healthcheck: found 5 active agents agent_health_check /usr/lib/python2.7/site-packages/neutron/db/agents_db.py:281
2018-09-29 07:48:16.595 18617 INFO neutron.wsgi [req-eda6dabd-0527-4e03-99f8-5b93b4268cc1 b504e783ae4b4886b0ec60e42d8de63c f7991cdad03b4185ba8a33108535313b - 2ade2da342f7464596aa9aee4763a787 2ade2da342f7464596aa9aee4763a787] 10.0.20.25 "GET /v2.0/ports?device_id=de8eecee-b657-4990-a3fd-e3917b86f964 HTTP/1.1" status: 200  len: 1124 time: 0.7454529
2018-09-29 07:48:17.166 18617 INFO neutron.wsgi [req-1e2664f5-e5b2-452f-ab3a-0c95f621f66c b504e783ae4b4886b0ec60e42d8de63c f7991cdad03b4185ba8a33108535313b - 2ade2da342f7464596aa9aee4763a787 2ade2da342f7464596aa9aee4763a787] 10.0.20.25 "GET /v2.0/security-groups?id=9fedd566-85a6-4dcd-ae9a-c78566915515 HTTP/1.1" status: 200  len: 2118 time: 0.5611432
2018-09-29 07:48:20.215 18627 DEBUG neutron_lib.callbacks.manager [req-d3fb1bdf-c629-4ff4-aa8e-a154832f45ed - - - - -] Notify callbacks ['neutron.services.segments.db._update_segment_host_mapping_for_agent-8743525902657'] for agent, after_update _notify_loop /usr/lib/python2.7/site-packages/neutron_lib/callbacks/manager.py:167
2018-09-29 07:48:20.338 18621 DEBUG neutron_lib.callbacks.manager [req-bd4565fb-5653-4c5d-908c-a89c616eb98d - - - - -] Notify callbacks ['neutron.services.segments.db._update_segment_host_mapping_for_agent-8743525902657'] for agent, after_update _notify_loop /usr/lib/python2.7/site-packages/neutron_lib/callbacks/manager.py:167
2018-09-29 07:48:21.151 18622 DEBUG neutron_lib.callbacks.manager [req-83aa8139-72bb-444e-9df9-cfaa7c8f5bf7 - - - - -] Notify callbacks ['neutron.services.segments.db._update_segment_host_mapping_for_agent-8743525902657'] for agent, after_update _notify_loop /usr/lib/python2.7/site-packages/neutron_lib/callbacks/manager.py:167
2018-09-29 07:48:23.626 18625 DEBUG neutron_lib.callbacks.manager [req-26459910-e8a6-43a5-aa86-44cec6438589 - - - - -] Notify callbacks ['neutron.services.segments.db._update_segment_host_mapping_for_agent-8743525902657'] for agent, after_update _notify_loop /usr/lib/python2.7/site-packages/neutron_lib/callbacks/manager.py:167
2018-09-29 07:48:29.380 18623 DEBUG neutron_lib.callbacks.manager [req-c15360fe-61f7-4371-b66f-960b64c467f0 - - - - -] Notify callbacks ['neutron.services.segments.db._update_segment_host_mapping_for_agent-8743525902657'] for agent, after_update _notify_loop /usr/lib/python2.7/site-packages/neutron_lib/callbacks/manager.py:167
2018-09-29 07:48:31.543 18613 INFO neutron.wsgi [req-ab9065d0-e4cb-41f5-8e0f-51be1de6897b 6041b01c631d425d829cf96874ce50bf 671ea1986554476bbcaa620e00697d23 - default default] 10.0.20.25 "GET /v2.0/ports?tenant_id=f7991cdad03b4185ba8a33108535313b&device_id=de8eecee-b657-4990-a3fd-e3917b86f964 HTTP/1.1" status: 200  len: 1124 time: 0.1581750
2018-09-29 07:48:31.794 18613 DEBUG neutron.pecan_wsgi.hooks.policy_enforcement [req-c65331ab-03f1-476e-a51e-f0f70c4753ec 6041b01c631d425d829cf96874ce50bf 671ea1986554476bbcaa620e00697d23 - default default] Attributes excluded by policy engine: [u'vlan_transparent'] _exclude_attributes_by_policy /usr/lib/python2.7/site-packages/neutron/pecan_wsgi/hooks/policy_enforcement.py:256
2018-09-29 07:48:31.798 18613 INFO neutron.wsgi [req-c65331ab-03f1-476e-a51e-f0f70c4753ec 6041b01c631d425d829cf96874ce50bf 671ea1986554476bbcaa620e00697d23 - default default] 10.0.20.25 "GET /v2.0/networks?id=df561211-8c2b-4abe-9e27-2fecd608df3b HTTP/1.1" status: 200  len: 885 time: 0.2487669
