2018-09-29 01:38:17.122 27334 INFO neutron.wsgi [req-030cc69c-3840-48a3-b6ac-a1aca0bd96e8 2de84afeca4a411cbada20f518aecbcb 63127f5b0da44a018c5539da3075f542 - fc1758c86e654199a15ec22da0978876 fc1758c86e654199a15ec22da0978876] 10.0.20.25 "GET /v2.0/security-groups?id=5a8575cf-0ac3-41f1-b755-2dc013391832 HTTP/1.1" status: 200  len: 2118 time: 0.1147180
2018-09-29 01:38:18.940 27344 DEBUG neutron_lib.callbacks.manager [req-9777fcab-e535-4c39-90d2-10f554070777 - - - - -] Notify callbacks ['neutron.services.segments.db._update_segment_host_mapping_for_agent-8728755863617'] for agent, after_update _notify_loop /usr/lib/python2.7/site-packages/neutron_lib/callbacks/manager.py:167
2018-09-29 01:38:18.962 27345 DEBUG neutron_lib.callbacks.manager [req-e0d175b5-99ee-48b4-a955-694ed96ff8b6 - - - - -] Notify callbacks ['neutron.services.segments.db._update_segment_host_mapping_for_agent-8728755863617'] for agent, after_update _notify_loop /usr/lib/python2.7/site-packages/neutron_lib/callbacks/manager.py:167
2018-09-29 01:38:18.993 27342 DEBUG neutron_lib.callbacks.manager [req-d0295400-d039-426d-a176-5ef222bd8597 - - - - -] Notify callbacks ['neutron.services.segments.db._update_segment_host_mapping_for_agent-8728755863617'] for agent, after_update _notify_loop /usr/lib/python2.7/site-packages/neutron_lib/callbacks/manager.py:167
2018-09-29 01:38:21.576 27350 DEBUG neutron.db.agents_db [req-429ed1fe-94d6-4f04-9a4d-6bb4c811c114 - - - - -] Agent healthcheck: found 5 active agents agent_health_check /usr/lib/python2.7/site-packages/neutron/db/agents_db.py:281
2018-09-29 01:38:29.700 27339 INFO neutron.wsgi [req-efc189db-f2f9-46d5-a71c-74d31761e2bf 2de84afeca4a411cbada20f518aecbcb 63127f5b0da44a018c5539da3075f542 - fc1758c86e654199a15ec22da0978876 fc1758c86e654199a15ec22da0978876] 10.0.20.25 "GET /v2.0/ports?device_id=73262553-e06b-4e8b-a77a-4ff444290d39 HTTP/1.1" status: 200  len: 1123 time: 0.7638168
2018-09-29 01:38:29.846 27339 INFO neutron.wsgi [req-cf239d2e-d76c-4e0c-bf7d-a9b81199da9a 2de84afeca4a411cbada20f518aecbcb 63127f5b0da44a018c5539da3075f542 - fc1758c86e654199a15ec22da0978876 fc1758c86e654199a15ec22da0978876] 10.0.20.25 "GET /v2.0/security-groups?id=5a8575cf-0ac3-41f1-b755-2dc013391832 HTTP/1.1" status: 200  len: 2118 time: 0.1338830
2018-09-29 01:38:31.964 27346 DEBUG neutron_lib.callbacks.manager [req-35567569-9372-4ca2-9562-62ae63d2d03a - - - - -] Notify callbacks ['neutron.services.segments.db._update_segment_host_mapping_for_agent-8728755863617'] for agent, after_update _notify_loop /usr/lib/python2.7/site-packages/neutron_lib/callbacks/manager.py:167
2018-09-29 01:38:35.924 27347 DEBUG neutron_lib.callbacks.manager [req-36e1c178-b5ee-4268-bc37-c9d25810fc5b - - - - -] Notify callbacks ['neutron.services.segments.db._update_segment_host_mapping_for_agent-8728755863617'] for agent, after_update _notify_loop /usr/lib/python2.7/site-packages/neutron_lib/callbacks/manager.py:167
2018-09-29 01:38:44.308 27334 INFO neutron.wsgi [req-28cfdba1-caf8-4ffb-b3fc-f3b3e036b59c 2de84afeca4a411cbada20f518aecbcb 63127f5b0da44a018c5539da3075f542 - fc1758c86e654199a15ec22da0978876 fc1758c86e654199a15ec22da0978876] 10.0.20.25 "GET /v2.0/ports?device_id=73262553-e06b-4e8b-a77a-4ff444290d39 HTTP/1.1" status: 200  len: 1123 time: 0.8707800
2018-09-29 01:38:44.458 27334 INFO neutron.wsgi [req-20aad625-83e1-4201-a33a-0c4e5a60c392 2de84afeca4a411cbada20f518aecbcb 63127f5b0da44a018c5539da3075f542 - fc1758c86e654199a15ec22da0978876 fc1758c86e654199a15ec22da0978876] 10.0.20.25 "GET /v2.0/security-groups?id=5a8575cf-0ac3-41f1-b755-2dc013391832 HTTP/1.1" status: 200  len: 2118 time: 0.1401291
2018-09-29 01:38:48.944 27348 DEBUG neutron_lib.callbacks.manager [req-9777fcab-e535-4c39-90d2-10f554070777 - - - - -] Notify callbacks ['neutron.services.segments.db._update_segment_host_mapping_for_agent-8728755863617'] for agent, after_update _notify_loop /usr/lib/python2.7/site-packages/neutron_lib/callbacks/manager.py:167
2018-09-29 01:38:48.954 27341 DEBUG neutron_lib.callbacks.manager [req-e0d175b5-99ee-48b4-a955-694ed96ff8b6 - - - - -] Notify callbacks ['neutron.services.segments.db._update_segment_host_mapping_for_agent-8728755863617'] for agent, after_update _notify_loop /usr/lib/python2.7/site-packages/neutron_lib/callbacks/manager.py:167
2018-09-29 01:38:48.982 27340 DEBUG neutron_lib.callbacks.manager [req-bbf3d4ce-dbf6-4d5f-b9f5-72e1d6bd71f2 - - - - -] Notify callbacks ['neutron.services.segments.db._update_segment_host_mapping_for_agent-8728755863617'] for agent, after_update _notify_loop /usr/lib/python2.7/site-packages/neutron_lib/callbacks/manager.py:167
2018-09-29 01:38:49.822 27335 INFO neutron.wsgi [req-371fef0a-3a05-48bb-b734-aa7443e3f7db 6041b01c631d425d829cf96874ce50bf 671ea1986554476bbcaa620e00697d23 - default default] 10.0.20.25 "GET /v2.0/ports?tenant_id=63127f5b0da44a018c5539da3075f542&device_id=73262553-e06b-4e8b-a77a-4ff444290d39 HTTP/1.1" status: 200  len: 1123 time: 0.1880491
2018-09-29 01:38:50.451 27335 DEBUG neutron.pecan_wsgi.hooks.policy_enforcement [req-aa2cdf26-4bc5-487f-89db-0153140a816e 6041b01c631d425d829cf96874ce50bf 671ea1986554476bbcaa620e00697d23 - default default] Attributes excluded by policy engine: [u'vlan_transparent'] _exclude_attributes_by_policy /usr/lib/python2.7/site-packages/neutron/pecan_wsgi/hooks/policy_enforcement.py:256
2018-09-29 01:38:50.453 27335 INFO neutron.wsgi [req-aa2cdf26-4bc5-487f-89db-0153140a816e 6041b01c631d425d829cf96874ce50bf 671ea1986554476bbcaa620e00697d23 - default default] 10.0.20.25 "GET /v2.0/networks?id=6baea585-a044-41f7-9b3b-028cfa320d46 HTTP/1.1" status: 200  len: 885 time: 0.6224811
2018-09-29 01:38:50.494 27335 INFO neutron.wsgi [req-87c3fab3-3c66-4cf3-a0b5-154321afdb27 6041b01c631d425d829cf96874ce50bf 671ea1986554476bbcaa620e00697d23 - default default] 10.0.20.25 "GET /v2.0/floatingips?fixed_ip_address=11.41.1.4&port_id=5cdbd805-05c2-4faf-bb2a-457e5e988a79 HTTP/1.1" status: 200  len: 749 time: 0.0330911
2018-09-29 01:38:50.660 27335 DEBUG neutron.pecan_wsgi.hooks.policy_enforcement [req-016be12d-3db3-44d4-a5e9-b89ac2005529 6041b01c631d425d829cf96874ce50bf 671ea1986554476bbcaa620e00697d23 - default default] Attributes excluded by policy engine: [u'shared'] _exclude_attributes_by_policy /usr/lib/python2.7/site-packages/neutron/pecan_wsgi/hooks/policy_enforcement.py:256
2018-09-29 01:38:50.663 27335 INFO neutron.wsgi [req-016be12d-3db3-44d4-a5e9-b89ac2005529 6041b01c631d425d829cf96874ce50bf 671ea1986554476bbcaa620e00697d23 - default default] 10.0.20.25 "GET /v2.0/subnets?id=866d1cfb-a542-4c68-954e-f6c3b826bafd HTTP/1.1" status: 200  len: 843 time: 0.1608181
2018-09-29 01:38:50.824 27335 INFO neutron.wsgi [req-b2b212a9-b996-489c-8cab-09f22426a1b7 6041b01c631d425d829cf96874ce50bf 671ea1986554476bbcaa620e00697d23 - default default] 10.0.20.25 "GET /v2.0/ports?network_id=6baea585-a044-41f7-9b3b-028cfa320d46&device_owner=network%3Adhcp HTTP/1.1" status: 200  len: 1127 time: 0.1502099
2018-09-29 01:38:58.521 27334 INFO neutron.wsgi [req-c8d0ab0f-179b-41a6-8c5d-4b27cf6e83ba 2de84afeca4a411cbada20f518aecbcb 63127f5b0da44a018c5539da3075f542 - fc1758c86e654199a15ec22da0978876 fc1758c86e654199a15ec22da0978876] 10.0.20.25 "GET /v2.0/ports?device_id=73262553-e06b-4e8b-a77a-4ff444290d39 HTTP/1.1" status: 200  len: 1123 time: 0.5054488
2018-09-29 01:38:58.584 27350 DEBUG neutron.db.agents_db [req-429ed1fe-94d6-4f04-9a4d-6bb4c811c114 - - - - -] Agent healthcheck: found 5 active agents agent_health_check /usr/lib/python2.7/site-packages/neutron/db/agents_db.py:281
2018-09-29 01:38:58.622 27334 INFO neutron.wsgi [req-3eb23eba-b651-4c7e-9a15-ed7b36cef6b4 2de84afeca4a411cbada20f518aecbcb 63127f5b0da44a018c5539da3075f542 - fc1758c86e654199a15ec22da0978876 fc1758c86e654199a15ec22da0978876] 10.0.20.25 "GET /v2.0/security-groups?id=5a8575cf-0ac3-41f1-b755-2dc013391832 HTTP/1.1" status: 200  len: 2118 time: 0.0939951
2018-09-29 01:39:01.953 27343 DEBUG neutron_lib.callbacks.manager [req-35567569-9372-4ca2-9562-62ae63d2d03a - - - - -] Notify callbacks ['neutron.services.segments.db._update_segment_host_mapping_for_agent-8728755863617'] for agent, after_update _notify_loop /usr/lib/python2.7/site-packages/neutron_lib/callbacks/manager.py:167
2018-09-29 01:39:05.903 27344 DEBUG neutron_lib.callbacks.manager [req-cd8a9cce-0cba-4d45-bfb2-06277118f3ab - - - - -] Notify callbacks ['neutron.services.segments.db._update_segment_host_mapping_for_agent-8728755863617'] for agent, after_update _notify_loop /usr/lib/python2.7/site-packages/neutron_lib/callbacks/manager.py:167
2018-09-29 01:39:09.509 27332 DEBUG neutron.wsgi [req-abab094f-1bb4-4f61-a56b-8b4bcfe74251 8662e51b926b4fe2812d320d6fa57546 7fc91d2a10034714a2bdfc16ed0eccab - 352ca88febc04360b9fb7fbd166190b2 352ca88febc04360b9fb7fbd166190b2] (27332) timed out ('10.0.20.25', 36574) process_request /usr/lib/python2.7/site-packages/eventlet/wsgi.py:739
2018-09-29 01:39:11.734 27336 INFO neutron.wsgi [req-73305070-5027-4aee-88f2-095ba238d9f5 2de84afeca4a411cbada20f518aecbcb 63127f5b0da44a018c5539da3075f542 - fc1758c86e654199a15ec22da0978876 fc1758c86e654199a15ec22da0978876] 10.0.20.25 "GET /v2.0/ports?device_id=73262553-e06b-4e8b-a77a-4ff444290d39 HTTP/1.1" status: 200  len: 1123 time: 1.2576861
2018-09-29 01:39:11.902 27336 INFO neutron.wsgi [req-4c56b3e0-e975-4634-8106-9a91c9cb6d53 2de84afeca4a411cbada20f518aecbcb 63127f5b0da44a018c5539da3075f542 - fc1758c86e654199a15ec22da0978876 fc1758c86e654199a15ec22da0978876] 10.0.20.25 "GET /v2.0/security-groups?id=5a8575cf-0ac3-41f1-b755-2dc013391832 HTTP/1.1" status: 200  len: 2118 time: 0.1585641
2018-09-29 01:39:12.929 27335 INFO neutron.wsgi [req-fea750c4-1808-492b-bf60-65534f2c040f 6041b01c631d425d829cf96874ce50bf 671ea1986554476bbcaa620e00697d23 - default default] 10.0.20.25 "GET /v2.0/ports?tenant_id=63127f5b0da44a018c5539da3075f542&device_id=73262553-e06b-4e8b-a77a-4ff444290d39 HTTP/1.1" status: 200  len: 1123 time: 0.1480780
2018-09-29 01:39:13.214 27335 DEBUG neutron.pecan_wsgi.hooks.policy_enforcement [req-136e4550-c4ff-4eee-956a-a1c55fdb3625 6041b01c631d425d829cf96874ce50bf 671ea1986554476bbcaa620e00697d23 - default default] Attributes excluded by policy engine: [u'vlan_transparent'] _exclude_attributes_by_policy /usr/lib/python2.7/site-packages/neutron/pecan_wsgi/hooks/policy_enforcement.py:256
2018-09-29 01:39:13.218 27335 INFO neutron.wsgi [req-136e4550-c4ff-4eee-956a-a1c55fdb3625 6041b01c631d425d829cf96874ce50bf 671ea1986554476bbcaa620e00697d23 - default default] 10.0.20.25 "GET /v2.0/networks?id=6baea585-a044-41f7-9b3b-028cfa320d46 HTTP/1.1" status: 200  len: 885 time: 0.2765260
2018-09-29 01:39:13.269 27335 INFO neutron.wsgi [req-bfbf9c1d-2105-4e1f-ae4f-5e790aba249d 6041b01c631d425d829cf96874ce50bf 671ea1986554476bbcaa620e00697d23 - default default] 10.0.20.25 "GET /v2.0/floatingips?fixed_ip_address=11.41.1.4&port_id=5cdbd805-05c2-4faf-bb2a-457e5e988a79 HTTP/1.1" status: 200  len: 749 time: 0.0413179
2018-09-29 01:39:13.424 27335 DEBUG neutron.pecan_wsgi.hooks.policy_enforcement [req-5fdd79c8-d18c-4ace-b00a-eb63eeabca99 6041b01c631d425d829cf96874ce50bf 671ea1986554476bbcaa620e00697d23 - default default] Attributes excluded by policy engine: [u'shared'] _exclude_attributes_by_policy /usr/lib/python2.7/site-packages/neutron/pecan_wsgi/hooks/policy_enforcement.py:256
2018-09-29 01:39:13.427 27335 INFO neutron.wsgi [req-5fdd79c8-d18c-4ace-b00a-eb63eeabca99 6041b01c631d425d829cf96874ce50bf 671ea1986554476bbcaa620e00697d23 - default default] 10.0.20.25 "GET /v2.0/subnets?id=866d1cfb-a542-4c68-954e-f6c3b826bafd HTTP/1.1" status: 200  len: 843 time: 0.1527090
2018-09-29 01:39:13.563 27335 INFO neutron.wsgi [req-d4547569-47a0-4d8c-9aea-62f3488a16df 6041b01c631d425d829cf96874ce50bf 671ea1986554476bbcaa620e00697d23 - default default] 10.0.20.25 "GET /v2.0/ports?network_id=6baea585-a044-41f7-9b3b-028cfa320d46&device_owner=network%3Adhcp HTTP/1.1" status: 200  len: 1127 time: 0.1260519
2018-09-29 01:39:16.318 27347 DEBUG neutron.plugins.ml2.rpc [req-35567569-9372-4ca2-9562-62ae63d2d03a - - - - -] Device 5cdbd805-05c2-4faf-bb2a-457e5e988a79 no longer exists at agent ovs-agent-localhost.localdomain update_device_down /usr/lib/python2.7/site-packages/neutron/plugins/ml2/rpc.py:213
2018-09-29 01:39:16.585 27347 DEBUG neutron_lib.callbacks.manager [req-35567569-9372-4ca2-9562-62ae63d2d03a - - - - -] Notify callbacks ['neutron.plugins.ml2.plugin.Ml2Plugin._ensure_default_security_group_handler-507967'] for port, before_update _notify_loop /usr/lib/python2.7/site-packages/neutron_lib/callbacks/manager.py:167
2018-09-29 01:39:16.655 27347 DEBUG oslo_concurrency.lockutils [-] Lock "notifier-7bee2cd9-6da2-423e-a7c3-9dc87f2a201f" acquired by "neutron.notifiers.batch_notifier.synced_send" :: waited 0.000s inner /usr/lib/python2.7/site-packages/oslo_concurrency/lockutils.py:270
2018-09-29 01:39:16.655 27347 DEBUG neutron.notifiers.nova [-] Sending events: [{'status': 'completed', 'tag': u'5cdbd805-05c2-4faf-bb2a-457e5e988a79', 'name': 'network-vif-unplugged', 'server_uuid': u'73262553-e06b-4e8b-a77a-4ff444290d39'}] send_events /usr/lib/python2.7/site-packages/neutron/notifiers/nova.py:242
2018-09-29 01:39:16.663 27347 DEBUG novaclient.v2.client [-] REQ: curl -g -i -X POST http://10.0.20.25:8774/v2.1/671ea1986554476bbcaa620e00697d23/os-server-external-events -H "User-Agent: python-novaclient" -H "Content-Type: application/json" -H "Accept: application/json" -H "X-OpenStack-Nova-API-Version: 2.1" -H "X-Auth-Token: {SHA1}47a7747a48bdc5072a7700c20c316ad4a9fd4a59" -d '{"events": [{"status": "completed", "tag": "5cdbd805-05c2-4faf-bb2a-457e5e988a79", "name": "network-vif-unplugged", "server_uuid": "73262553-e06b-4e8b-a77a-4ff444290d39"}]}' _http_log_request /usr/lib/python2.7/site-packages/keystoneauth1/session.py:375
2018-09-29 01:39:16.672 27347 DEBUG neutron.plugins.ml2.db [req-35567569-9372-4ca2-9562-62ae63d2d03a - - - - -] For port 5cdbd805-05c2-4faf-bb2a-457e5e988a79, host localhost.localdomain, got binding levels [<neutron.plugins.ml2.models.PortBindingLevel[object at 7f05257ec910] {port_id=u'5cdbd805-05c2-4faf-bb2a-457e5e988a79', host=u'localhost.localdomain', level=0, driver=u'openvswitch', segment_id=u'4224c0ab-8b97-44e8-996f-e0d8c45aeac0'}>] get_binding_levels /usr/lib/python2.7/site-packages/neutron/plugins/ml2/db.py:106
2018-09-29 01:39:16.704 27347 DEBUG neutron_lib.callbacks.manager [req-35567569-9372-4ca2-9562-62ae63d2d03a - - - - -] Notify callbacks ['neutron.api.rpc.agentnotifiers.dhcp_rpc_agent_api.DhcpAgentNotifyAPI._native_event_send_dhcp_notification-3580582', 'neutron.db.l3_dvrscheduler_db._notify_l3_agent_port_update-8728755501301', 'neutron.plugins.ml2.ovo_rpc._ObjectChangeHandler.handle_event-3732759', 'neutron.db.l3_hascheduler_db._notify_l3_agent_ha_port_update--9223363308099273912', 'neutron.plugins.ml2.plugin.Ml2Plugin.notify_sg_on_port_change-511128'] for port, after_update _notify_loop /usr/lib/python2.7/site-packages/neutron_lib/callbacks/manager.py:167
2018-09-29 01:39:16.713 27347 DEBUG oslo_concurrency.lockutils [-] Lock "event-dispatch" acquired by "neutron.plugins.ml2.ovo_rpc.dispatch_events" :: waited 0.000s inner /usr/lib/python2.7/site-packages/oslo_concurrency/lockutils.py:270
2018-09-29 01:39:16.885 27347 DEBUG neutron.api.rpc.handlers.resources_rpc [req-35567569-9372-4ca2-9562-62ae63d2d03a - - - - -] neutron.api.rpc.handlers.resources_rpc.ResourcesPushRpcApi method push called with arguments (<neutron_lib.context.Context object at 0x7f0525773110>, [Port(admin_state_up=True,allowed_address_pairs=[],binding=PortBinding,binding_levels=[PortBindingLevel],created_at=2018-09-29T05:36:11Z,data_plane_status=<?>,description='',device_id='73262553-e06b-4e8b-a77a-4ff444290d39',device_owner='compute:nova',dhcp_options=[],distributed_binding=None,dns=None,fixed_ips=[IPAllocation],id=5cdbd805-05c2-4faf-bb2a-457e5e988a79,mac_address=fa:16:3e:52:dc:83,name='',network_id=6baea585-a044-41f7-9b3b-028cfa320d46,project_id='63127f5b0da44a018c5539da3075f542',qos_policy_id=None,revision_number=7,security=PortSecurity(5cdbd805-05c2-4faf-bb2a-457e5e988a79),security_group_ids=set([5a8575cf-0ac3-41f1-b755-2dc013391832]),status='DOWN',updated_at=2018-09-29T05:39:16Z)], 'updated') {} wrapper /usr/lib/python2.7/site-packages/oslo_log/helpers.py:66
2018-09-29 01:39:16.899 27347 DEBUG neutron.api.rpc.callbacks.version_manager [req-35567569-9372-4ca2-9562-62ae63d2d03a - - - - -] Version for resource type Subnet changed None to 1.0 on consumer Open vSwitch agent@localhost.localdomain _set_version /usr/lib/python2.7/site-packages/neutron/api/rpc/callbacks/version_manager.py:119
2018-09-29 01:39:16.900 27347 DEBUG neutron.api.rpc.callbacks.version_manager [req-35567569-9372-4ca2-9562-62ae63d2d03a - - - - -] Version for resource type Network changed None to 1.0 on consumer Open vSwitch agent@localhost.localdomain _set_version /usr/lib/python2.7/site-packages/neutron/api/rpc/callbacks/version_manager.py:119
2018-09-29 01:39:16.900 27347 DEBUG neutron.api.rpc.callbacks.version_manager [req-35567569-9372-4ca2-9562-62ae63d2d03a - - - - -] Version for resource type SubPort changed None to 1.0 on consumer Open vSwitch agent@localhost.localdomain _set_version /usr/lib/python2.7/site-packages/neutron/api/rpc/callbacks/version_manager.py:119
2018-09-29 01:39:16.901 27347 DEBUG neutron.api.rpc.callbacks.version_manager [req-35567569-9372-4ca2-9562-62ae63d2d03a - - - - -] Version for resource type SecurityGroup changed None to 1.0 on consumer Open vSwitch agent@localhost.localdomain _set_version /usr/lib/python2.7/site-packages/neutron/api/rpc/callbacks/version_manager.py:119
2018-09-29 01:39:16.901 27347 DEBUG neutron.api.rpc.callbacks.version_manager [req-35567569-9372-4ca2-9562-62ae63d2d03a - - - - -] Version for resource type SecurityGroupRule changed None to 1.0 on consumer Open vSwitch agent@localhost.localdomain _set_version /usr/lib/python2.7/site-packages/neutron/api/rpc/callbacks/version_manager.py:119
2018-09-29 01:39:16.901 27347 DEBUG neutron.api.rpc.callbacks.version_manager [req-35567569-9372-4ca2-9562-62ae63d2d03a - - - - -] Version for resource type Trunk changed None to 1.1 on consumer Open vSwitch agent@localhost.localdomain _set_version /usr/lib/python2.7/site-packages/neutron/api/rpc/callbacks/version_manager.py:119
2018-09-29 01:39:16.902 27347 DEBUG neutron.api.rpc.callbacks.version_manager [req-35567569-9372-4ca2-9562-62ae63d2d03a - - - - -] Version for resource type QosPolicy changed None to 1.6 on consumer Open vSwitch agent@localhost.localdomain _set_version /usr/lib/python2.7/site-packages/neutron/api/rpc/callbacks/version_manager.py:119
2018-09-29 01:39:16.903 27347 DEBUG neutron.api.rpc.callbacks.version_manager [req-35567569-9372-4ca2-9562-62ae63d2d03a - - - - -] Version for resource type Port changed None to 1.1 on consumer Open vSwitch agent@localhost.localdomain _set_version /usr/lib/python2.7/site-packages/neutron/api/rpc/callbacks/version_manager.py:119
2018-09-29 01:39:16.903 27347 DEBUG neutron.api.rpc.callbacks.version_manager [req-35567569-9372-4ca2-9562-62ae63d2d03a - - - - -] Version for resource type Log changed None to 1.0 on consumer Open vSwitch agent@localhost.localdomain _set_version /usr/lib/python2.7/site-packages/neutron/api/rpc/callbacks/version_manager.py:119
2018-09-29 01:39:16.924 27347 DEBUG oslo_concurrency.lockutils [req-35567569-9372-4ca2-9562-62ae63d2d03a - - - - -] Lock "event-dispatch" released by "neutron.plugins.ml2.ovo_rpc.dispatch_events" :: held 0.211s inner /usr/lib/python2.7/site-packages/oslo_concurrency/lockutils.py:282
2018-09-29 01:39:17.213 27347 DEBUG novaclient.v2.client [-] RESP: [200] Content-Length: 185 Content-Type: application/json Openstack-Api-Version: compute 2.1 X-Openstack-Nova-Api-Version: 2.1 Vary: OpenStack-API-Version, X-OpenStack-Nova-API-Version X-Openstack-Request-Id: req-73673f12-ed70-4ef7-a8a6-a41f2c501434 X-Compute-Request-Id: req-73673f12-ed70-4ef7-a8a6-a41f2c501434 Date: Sat, 29 Sep 2018 05:39:17 GMT Connection: keep-alive 
RESP BODY: {"events": [{"status": "completed", "tag": "5cdbd805-05c2-4faf-bb2a-457e5e988a79", "name": "network-vif-unplugged", "server_uuid": "73262553-e06b-4e8b-a77a-4ff444290d39", "code": 200}]}
 _http_log_response /usr/lib/python2.7/site-packages/keystoneauth1/session.py:423
2018-09-29 01:39:17.214 27347 DEBUG novaclient.v2.client [-] POST call to compute for http://10.0.20.25:8774/v2.1/671ea1986554476bbcaa620e00697d23/os-server-external-events used request id req-73673f12-ed70-4ef7-a8a6-a41f2c501434 request /usr/lib/python2.7/site-packages/keystoneauth1/session.py:727
2018-09-29 01:39:17.223 27347 INFO neutron.notifiers.nova [-] Nova event response: {u'status': u'completed', u'tag': u'5cdbd805-05c2-4faf-bb2a-457e5e988a79', u'name': u'network-vif-unplugged', u'server_uuid': u'73262553-e06b-4e8b-a77a-4ff444290d39', u'code': 200}
2018-09-29 01:39:18.921 27345 DEBUG neutron_lib.callbacks.manager [req-9777fcab-e535-4c39-90d2-10f554070777 - - - - -] Notify callbacks ['neutron.services.segments.db._update_segment_host_mapping_for_agent-8728755863617'] for agent, after_update _notify_loop /usr/lib/python2.7/site-packages/neutron_lib/callbacks/manager.py:167
2018-09-29 01:39:18.940 27342 DEBUG neutron_lib.callbacks.manager [req-e0d175b5-99ee-48b4-a955-694ed96ff8b6 - - - - -] Notify callbacks ['neutron.services.segments.db._update_segment_host_mapping_for_agent-8728755863617'] for agent, after_update _notify_loop /usr/lib/python2.7/site-packages/neutron_lib/callbacks/manager.py:167
2018-09-29 01:39:18.967 27346 DEBUG neutron_lib.callbacks.manager [req-787bae96-cb5a-492d-a2ed-e4946ea108da - - - - -] Notify callbacks ['neutron.services.segments.db._update_segment_host_mapping_for_agent-8728755863617'] for agent, after_update _notify_loop /usr/lib/python2.7/site-packages/neutron_lib/callbacks/manager.py:167
2018-09-29 01:39:19.224 27347 DEBUG oslo_concurrency.lockutils [-] Lock "notifier-7bee2cd9-6da2-423e-a7c3-9dc87f2a201f" released by "neutron.notifiers.batch_notifier.synced_send" :: held 2.569s inner /usr/lib/python2.7/site-packages/oslo_concurrency/lockutils.py:282
2018-09-29 01:39:20.563 27336 INFO neutron.wsgi [req-4d320bea-682c-4932-8060-4f60d4f37fc4 2de84afeca4a411cbada20f518aecbcb 63127f5b0da44a018c5539da3075f542 - fc1758c86e654199a15ec22da0978876 fc1758c86e654199a15ec22da0978876] 10.0.20.25 "GET /v2.0/ports?device_id=73262553-e06b-4e8b-a77a-4ff444290d39 HTTP/1.1" status: 200  len: 1121 time: 0.9239621
2018-09-29 01:39:20.708 27336 INFO neutron.wsgi [req-ed063128-2ebf-49ba-a547-02c74a9aaa33 2de84afeca4a411cbada20f518aecbcb 63127f5b0da44a018c5539da3075f542 - fc1758c86e654199a15ec22da0978876 fc1758c86e654199a15ec22da0978876] 10.0.20.25 "GET /v2.0/security-groups?id=5a8575cf-0ac3-41f1-b755-2dc013391832 HTTP/1.1" status: 200  len: 2118 time: 0.1368561
2018-09-29 01:39:22.386 27343 DEBUG neutron.plugins.ml2.rpc [req-35567569-9372-4ca2-9562-62ae63d2d03a - - - - -] Device 5cdbd805-05c2-4faf-bb2a-457e5e988a79 up at agent ovs-agent-localhost.localdomain update_device_up /usr/lib/python2.7/site-packages/neutron/plugins/ml2/rpc.py:244
2018-09-29 01:39:22.581 27343 DEBUG neutron.db.provisioning_blocks [req-35567569-9372-4ca2-9562-62ae63d2d03a - - - - -] Provisioning complete for port 5cdbd805-05c2-4faf-bb2a-457e5e988a79 triggered by entity L2. provisioning_complete /usr/lib/python2.7/site-packages/neutron/db/provisioning_blocks.py:138
2018-09-29 01:39:22.582 27343 DEBUG neutron_lib.callbacks.manager [req-35567569-9372-4ca2-9562-62ae63d2d03a - - - - -] Notify callbacks ['neutron.plugins.ml2.plugin.Ml2Plugin._port_provisioned-670993'] for port, provisioning_complete _notify_loop /usr/lib/python2.7/site-packages/neutron_lib/callbacks/manager.py:167
2018-09-29 01:39:22.870 27343 DEBUG neutron_lib.callbacks.manager [req-35567569-9372-4ca2-9562-62ae63d2d03a - - - - -] Notify callbacks ['neutron.plugins.ml2.plugin.Ml2Plugin._ensure_default_security_group_handler-507967'] for port, before_update _notify_loop /usr/lib/python2.7/site-packages/neutron_lib/callbacks/manager.py:167
2018-09-29 01:39:22.981 27343 DEBUG oslo_concurrency.lockutils [-] Lock "notifier-7bee2cd9-6da2-423e-a7c3-9dc87f2a201f" acquired by "neutron.notifiers.batch_notifier.synced_send" :: waited 0.000s inner /usr/lib/python2.7/site-packages/oslo_concurrency/lockutils.py:270
2018-09-29 01:39:22.983 27343 DEBUG neutron.notifiers.nova [-] Sending events: [{'status': 'completed', 'tag': u'5cdbd805-05c2-4faf-bb2a-457e5e988a79', 'name': 'network-vif-plugged', 'server_uuid': u'73262553-e06b-4e8b-a77a-4ff444290d39'}] send_events /usr/lib/python2.7/site-packages/neutron/notifiers/nova.py:242
2018-09-29 01:39:22.994 27343 DEBUG novaclient.v2.client [-] REQ: curl -g -i -X POST http://10.0.20.25:8774/v2.1/671ea1986554476bbcaa620e00697d23/os-server-external-events -H "User-Agent: python-novaclient" -H "Content-Type: application/json" -H "Accept: application/json" -H "X-OpenStack-Nova-API-Version: 2.1" -H "X-Auth-Token: {SHA1}5c02452aa645190eb708805ff6d68d0ab42ab00c" -d '{"events": [{"status": "completed", "tag": "5cdbd805-05c2-4faf-bb2a-457e5e988a79", "name": "network-vif-plugged", "server_uuid": "73262553-e06b-4e8b-a77a-4ff444290d39"}]}' _http_log_request /usr/lib/python2.7/site-packages/keystoneauth1/session.py:375
2018-09-29 01:39:23.005 27343 DEBUG neutron.plugins.ml2.db [req-35567569-9372-4ca2-9562-62ae63d2d03a - - - - -] For port 5cdbd805-05c2-4faf-bb2a-457e5e988a79, host localhost.localdomain, got binding levels [<neutron.plugins.ml2.models.PortBindingLevel[object at 7f0525081b90] {port_id=u'5cdbd805-05c2-4faf-bb2a-457e5e988a79', host=u'localhost.localdomain', level=0, driver=u'openvswitch', segment_id=u'4224c0ab-8b97-44e8-996f-e0d8c45aeac0'}>] get_binding_levels /usr/lib/python2.7/site-packages/neutron/plugins/ml2/db.py:106
2018-09-29 01:39:23.062 27343 DEBUG neutron_lib.callbacks.manager [req-35567569-9372-4ca2-9562-62ae63d2d03a - - - - -] Notify callbacks ['neutron.api.rpc.agentnotifiers.dhcp_rpc_agent_api.DhcpAgentNotifyAPI._native_event_send_dhcp_notification-3580582', 'neutron.db.l3_dvrscheduler_db._notify_l3_agent_port_update-8728755501301', 'neutron.plugins.ml2.ovo_rpc._ObjectChangeHandler.handle_event-3732759', 'neutron.db.l3_hascheduler_db._notify_l3_agent_ha_port_update--9223363308099273912', 'neutron.plugins.ml2.plugin.Ml2Plugin.notify_sg_on_port_change-511128'] for port, after_update _notify_loop /usr/lib/python2.7/site-packages/neutron_lib/callbacks/manager.py:167
2018-09-29 01:39:23.080 27343 DEBUG oslo_concurrency.lockutils [-] Lock "event-dispatch" acquired by "neutron.plugins.ml2.ovo_rpc.dispatch_events" :: waited 0.000s inner /usr/lib/python2.7/site-packages/oslo_concurrency/lockutils.py:270
2018-09-29 01:39:23.318 27343 DEBUG neutron.api.rpc.handlers.resources_rpc [req-35567569-9372-4ca2-9562-62ae63d2d03a - - - - -] neutron.api.rpc.handlers.resources_rpc.ResourcesPushRpcApi method push called with arguments (<neutron_lib.context.Context object at 0x7f05255a8d50>, [Port(admin_state_up=True,allowed_address_pairs=[],binding=PortBinding,binding_levels=[PortBindingLevel],created_at=2018-09-29T05:36:11Z,data_plane_status=<?>,description='',device_id='73262553-e06b-4e8b-a77a-4ff444290d39',device_owner='compute:nova',dhcp_options=[],distributed_binding=None,dns=None,fixed_ips=[IPAllocation],id=5cdbd805-05c2-4faf-bb2a-457e5e988a79,mac_address=fa:16:3e:52:dc:83,name='',network_id=6baea585-a044-41f7-9b3b-028cfa320d46,project_id='63127f5b0da44a018c5539da3075f542',qos_policy_id=None,revision_number=8,security=PortSecurity(5cdbd805-05c2-4faf-bb2a-457e5e988a79),security_group_ids=set([5a8575cf-0ac3-41f1-b755-2dc013391832]),status='ACTIVE',updated_at=2018-09-29T05:39:22Z)], 'updated') {} wrapper /usr/lib/python2.7/site-packages/oslo_log/helpers.py:66
2018-09-29 01:39:23.338 27343 DEBUG neutron.api.rpc.callbacks.version_manager [req-35567569-9372-4ca2-9562-62ae63d2d03a - - - - -] Version for resource type Subnet changed None to 1.0 on consumer Open vSwitch agent@localhost.localdomain _set_version /usr/lib/python2.7/site-packages/neutron/api/rpc/callbacks/version_manager.py:119
2018-09-29 01:39:23.339 27343 DEBUG neutron.api.rpc.callbacks.version_manager [req-35567569-9372-4ca2-9562-62ae63d2d03a - - - - -] Version for resource type Network changed None to 1.0 on consumer Open vSwitch agent@localhost.localdomain _set_version /usr/lib/python2.7/site-packages/neutron/api/rpc/callbacks/version_manager.py:119
2018-09-29 01:39:23.340 27343 DEBUG neutron.api.rpc.callbacks.version_manager [req-35567569-9372-4ca2-9562-62ae63d2d03a - - - - -] Version for resource type SubPort changed None to 1.0 on consumer Open vSwitch agent@localhost.localdomain _set_version /usr/lib/python2.7/site-packages/neutron/api/rpc/callbacks/version_manager.py:119
2018-09-29 01:39:23.341 27343 DEBUG neutron.api.rpc.callbacks.version_manager [req-35567569-9372-4ca2-9562-62ae63d2d03a - - - - -] Version for resource type SecurityGroup changed None to 1.0 on consumer Open vSwitch agent@localhost.localdomain _set_version /usr/lib/python2.7/site-packages/neutron/api/rpc/callbacks/version_manager.py:119
2018-09-29 01:39:23.341 27343 DEBUG neutron.api.rpc.callbacks.version_manager [req-35567569-9372-4ca2-9562-62ae63d2d03a - - - - -] Version for resource type SecurityGroupRule changed None to 1.0 on consumer Open vSwitch agent@localhost.localdomain _set_version /usr/lib/python2.7/site-packages/neutron/api/rpc/callbacks/version_manager.py:119
2018-09-29 01:39:23.342 27343 DEBUG neutron.api.rpc.callbacks.version_manager [req-35567569-9372-4ca2-9562-62ae63d2d03a - - - - -] Version for resource type Trunk changed None to 1.1 on consumer Open vSwitch agent@localhost.localdomain _set_version /usr/lib/python2.7/site-packages/neutron/api/rpc/callbacks/version_manager.py:119
2018-09-29 01:39:23.343 27343 DEBUG neutron.api.rpc.callbacks.version_manager [req-35567569-9372-4ca2-9562-62ae63d2d03a - - - - -] Version for resource type QosPolicy changed None to 1.6 on consumer Open vSwitch agent@localhost.localdomain _set_version /usr/lib/python2.7/site-packages/neutron/api/rpc/callbacks/version_manager.py:119
2018-09-29 01:39:23.344 27343 DEBUG neutron.api.rpc.callbacks.version_manager [req-35567569-9372-4ca2-9562-62ae63d2d03a - - - - -] Version for resource type Port changed None to 1.1 on consumer Open vSwitch agent@localhost.localdomain _set_version /usr/lib/python2.7/site-packages/neutron/api/rpc/callbacks/version_manager.py:119
2018-09-29 01:39:23.345 27343 DEBUG neutron.api.rpc.callbacks.version_manager [req-35567569-9372-4ca2-9562-62ae63d2d03a - - - - -] Version for resource type Log changed None to 1.0 on consumer Open vSwitch agent@localhost.localdomain _set_version /usr/lib/python2.7/site-packages/neutron/api/rpc/callbacks/version_manager.py:119
2018-09-29 01:39:23.373 27343 DEBUG oslo_concurrency.lockutils [req-35567569-9372-4ca2-9562-62ae63d2d03a - - - - -] Lock "event-dispatch" released by "neutron.plugins.ml2.ovo_rpc.dispatch_events" :: held 0.292s inner /usr/lib/python2.7/site-packages/oslo_concurrency/lockutils.py:282
2018-09-29 01:39:23.790 27343 DEBUG novaclient.v2.client [-] RESP: [200] Content-Length: 183 Content-Type: application/json Openstack-Api-Version: compute 2.1 X-Openstack-Nova-Api-Version: 2.1 Vary: OpenStack-API-Version, X-OpenStack-Nova-API-Version X-Openstack-Request-Id: req-8aa3cf17-a686-4e87-950e-3c2161a11519 X-Compute-Request-Id: req-8aa3cf17-a686-4e87-950e-3c2161a11519 Date: Sat, 29 Sep 2018 05:39:23 GMT Connection: keep-alive 
RESP BODY: {"events": [{"status": "completed", "tag": "5cdbd805-05c2-4faf-bb2a-457e5e988a79", "name": "network-vif-plugged", "server_uuid": "73262553-e06b-4e8b-a77a-4ff444290d39", "code": 200}]}
 _http_log_response /usr/lib/python2.7/site-packages/keystoneauth1/session.py:423
2018-09-29 01:39:23.791 27343 DEBUG novaclient.v2.client [-] POST call to compute for http://10.0.20.25:8774/v2.1/671ea1986554476bbcaa620e00697d23/os-server-external-events used request id req-8aa3cf17-a686-4e87-950e-3c2161a11519 request /usr/lib/python2.7/site-packages/keystoneauth1/session.py:727
2018-09-29 01:39:23.802 27343 INFO neutron.notifiers.nova [-] Nova event response: {u'status': u'completed', u'tag': u'5cdbd805-05c2-4faf-bb2a-457e5e988a79', u'name': u'network-vif-plugged', u'server_uuid': u'73262553-e06b-4e8b-a77a-4ff444290d39', u'code': 200}
2018-09-29 01:39:24.356 27340 DEBUG neutron.plugins.ml2.rpc [req-35567569-9372-4ca2-9562-62ae63d2d03a - - - - -] Device 5cdbd805-05c2-4faf-bb2a-457e5e988a79 up at agent ovs-agent-localhost.localdomain update_device_up /usr/lib/python2.7/site-packages/neutron/plugins/ml2/rpc.py:244
2018-09-29 01:39:24.548 27340 DEBUG neutron.db.provisioning_blocks [req-35567569-9372-4ca2-9562-62ae63d2d03a - - - - -] Provisioning complete for port 5cdbd805-05c2-4faf-bb2a-457e5e988a79 triggered by entity L2. provisioning_complete /usr/lib/python2.7/site-packages/neutron/db/provisioning_blocks.py:138
2018-09-29 01:39:24.549 27340 DEBUG neutron_lib.callbacks.manager [req-35567569-9372-4ca2-9562-62ae63d2d03a - - - - -] Notify callbacks ['neutron.plugins.ml2.plugin.Ml2Plugin._port_provisioned-670993'] for port, provisioning_complete _notify_loop /usr/lib/python2.7/site-packages/neutron_lib/callbacks/manager.py:167
2018-09-29 01:39:25.804 27343 DEBUG oslo_concurrency.lockutils [-] Lock "notifier-7bee2cd9-6da2-423e-a7c3-9dc87f2a201f" released by "neutron.notifiers.batch_notifier.synced_send" :: held 2.823s inner /usr/lib/python2.7/site-packages/oslo_concurrency/lockutils.py:282
2018-09-29 01:39:31.960 27347 DEBUG neutron_lib.callbacks.manager [req-35567569-9372-4ca2-9562-62ae63d2d03a - - - - -] Notify callbacks ['neutron.services.segments.db._update_segment_host_mapping_for_agent-8728755863617'] for agent, after_update _notify_loop /usr/lib/python2.7/site-packages/neutron_lib/callbacks/manager.py:167
2018-09-29 01:39:32.458 27334 INFO neutron.wsgi [req-7415ee6d-5ddc-4a20-a516-779fdcbba387 2de84afeca4a411cbada20f518aecbcb 63127f5b0da44a018c5539da3075f542 - fc1758c86e654199a15ec22da0978876 fc1758c86e654199a15ec22da0978876] 10.0.20.25 "GET /v2.0/ports?device_id=73262553-e06b-4e8b-a77a-4ff444290d39 HTTP/1.1" status: 200  len: 1123 time: 1.4475961
2018-09-29 01:39:32.654 27334 INFO neutron.wsgi [req-a6f661cb-5d37-488a-b7a3-1427b5f2cc03 2de84afeca4a411cbada20f518aecbcb 63127f5b0da44a018c5539da3075f542 - fc1758c86e654199a15ec22da0978876 fc1758c86e654199a15ec22da0978876] 10.0.20.25 "GET /v2.0/security-groups?id=5a8575cf-0ac3-41f1-b755-2dc013391832 HTTP/1.1" status: 200  len: 2118 time: 0.1829722
2018-09-29 01:39:35.582 27350 DEBUG neutron.db.agents_db [req-429ed1fe-94d6-4f04-9a4d-6bb4c811c114 - - - - -] Agent healthcheck: found 5 active agents agent_health_check /usr/lib/python2.7/site-packages/neutron/db/agents_db.py:281
2018-09-29 01:39:35.900 27348 DEBUG neutron_lib.callbacks.manager [req-9e38e73f-e2dc-4b0c-bb26-ab20eeea3105 - - - - -] Notify callbacks ['neutron.services.segments.db._update_segment_host_mapping_for_agent-8728755863617'] for agent, after_update _notify_loop /usr/lib/python2.7/site-packages/neutron_lib/callbacks/manager.py:167
2018-09-29 01:39:48.948 27341 DEBUG neutron_lib.callbacks.manager [req-9777fcab-e535-4c39-90d2-10f554070777 - - - - -] Notify callbacks ['neutron.services.segments.db._update_segment_host_mapping_for_agent-8728755863617'] for agent, after_update _notify_loop /usr/lib/python2.7/site-packages/neutron_lib/callbacks/manager.py:167
2018-09-29 01:39:48.972 27340 DEBUG neutron_lib.callbacks.manager [req-e0d175b5-99ee-48b4-a955-694ed96ff8b6 - - - - -] Notify callbacks ['neutron.services.segments.db._update_segment_host_mapping_for_agent-8728755863617'] for agent, after_update _notify_loop /usr/lib/python2.7/site-packages/neutron_lib/callbacks/manager.py:167
2018-09-29 01:39:48.990 27343 DEBUG neutron_lib.callbacks.manager [req-0e711c5e-c233-4ad0-8869-5de4b2cd0ef3 - - - - -] Notify callbacks ['neutron.services.segments.db._update_segment_host_mapping_for_agent-8728755863617'] for agent, after_update _notify_loop /usr/lib/python2.7/site-packages/neutron_lib/callbacks/manager.py:167
2018-09-29 01:39:51.823 27335 INFO neutron.wsgi [req-595a69e9-636a-4847-beb5-8f660488966f 6041b01c631d425d829cf96874ce50bf 671ea1986554476bbcaa620e00697d23 - default default] 10.0.20.25 "GET /v2.0/ports?tenant_id=63127f5b0da44a018c5539da3075f542&device_id=73262553-e06b-4e8b-a77a-4ff444290d39 HTTP/1.1" status: 200  len: 1123 time: 0.1809051
2018-09-29 01:39:52.155 27335 DEBUG neutron.pecan_wsgi.hooks.policy_enforcement [req-08709341-c0e2-4792-b1ef-c48712449eca 6041b01c631d425d829cf96874ce50bf 671ea1986554476bbcaa620e00697d23 - default default] Attributes excluded by policy engine: [u'vlan_transparent'] _exclude_attributes_by_policy /usr/lib/python2.7/site-packages/neutron/pecan_wsgi/hooks/policy_enforcement.py:256
2018-09-29 01:39:52.159 27335 INFO neutron.wsgi [req-08709341-c0e2-4792-b1ef-c48712449eca 6041b01c631d425d829cf96874ce50bf 671ea1986554476bbcaa620e00697d23 - default default] 10.0.20.25 "GET /v2.0/networks?id=6baea585-a044-41f7-9b3b-028cfa320d46 HTTP/1.1" status: 200  len: 885 time: 0.3255260
2018-09-29 01:39:52.221 27335 INFO neutron.wsgi [req-a51439a0-9a92-47ca-a615-b6cb7833e0f4 6041b01c631d425d829cf96874ce50bf 671ea1986554476bbcaa620e00697d23 - default default] 10.0.20.25 "GET /v2.0/floatingips?fixed_ip_address=11.41.1.4&port_id=5cdbd805-05c2-4faf-bb2a-457e5e988a79 HTTP/1.1" status: 200  len: 749 time: 0.0512609
2018-09-29 01:39:52.382 27335 DEBUG neutron.pecan_wsgi.hooks.policy_enforcement [req-84238f64-e752-488d-a141-fe40062de457 6041b01c631d425d829cf96874ce50bf 671ea1986554476bbcaa620e00697d23 - default default] Attributes excluded by policy engine: [u'shared'] _exclude_attributes_by_policy /usr/lib/python2.7/site-packages/neutron/pecan_wsgi/hooks/policy_enforcement.py:256
2018-09-29 01:39:52.386 27335 INFO neutron.wsgi [req-84238f64-e752-488d-a141-fe40062de457 6041b01c631d425d829cf96874ce50bf 671ea1986554476bbcaa620e00697d23 - default default] 10.0.20.25 "GET /v2.0/subnets?id=866d1cfb-a542-4c68-954e-f6c3b826bafd HTTP/1.1" status: 200  len: 843 time: 0.1542029
2018-09-29 01:39:52.555 27335 INFO neutron.wsgi [req-cafd8c85-0ca2-4767-bd19-3b99674fe3b2 6041b01c631d425d829cf96874ce50bf 671ea1986554476bbcaa620e00697d23 - default default] 10.0.20.25 "GET /v2.0/ports?network_id=6baea585-a044-41f7-9b3b-028cfa320d46&device_owner=network%3Adhcp HTTP/1.1" status: 200  len: 1127 time: 0.1611369
2018-09-29 01:39:55.034 27338 INFO neutron.wsgi [req-8508c511-47c2-4efe-a38c-a742e785a2e9 6041b01c631d425d829cf96874ce50bf 671ea1986554476bbcaa620e00697d23 - default default] 10.0.20.25 "GET /v2.0/ports?device_id=73262553-e06b-4e8b-a77a-4ff444290d39 HTTP/1.1" status: 200  len: 1123 time: 0.1870708
2018-09-29 01:39:55.212 27338 INFO neutron.wsgi [req-a22e17ef-c2ae-413b-bab2-4f1c610f23b7 6041b01c631d425d829cf96874ce50bf 671ea1986554476bbcaa620e00697d23 - default default] 10.0.20.25 "GET /v2.0/security-groups?id=5a8575cf-0ac3-41f1-b755-2dc013391832 HTTP/1.1" status: 200  len: 2118 time: 0.1673930
2018-09-29 01:39:56.879 27335 INFO neutron.wsgi [req-fa43284d-2c53-46cf-935d-2777b7cf8394 6041b01c631d425d829cf96874ce50bf 671ea1986554476bbcaa620e00697d23 - default default] 10.0.20.25 "GET /v2.0/ports?device_id=73262553-e06b-4e8b-a77a-4ff444290d39 HTTP/1.1" status: 200  len: 1123 time: 0.1632209
2018-09-29 01:39:57.056 27335 INFO neutron.wsgi [req-b28fd9b9-eeaf-4d3a-bb2a-b0c23232b89a 6041b01c631d425d829cf96874ce50bf 671ea1986554476bbcaa620e00697d23 - default default] 10.0.20.25 "GET /v2.0/security-groups?id=5a8575cf-0ac3-41f1-b755-2dc013391832 HTTP/1.1" status: 200  len: 2118 time: 0.1661739
2018-09-29 01:40:00.598 27339 INFO neutron.wsgi [req-512ee755-a1cd-457a-afd4-f98dea56b66e 6041b01c631d425d829cf96874ce50bf 671ea1986554476bbcaa620e00697d23 - default default] 10.0.20.25 "GET /v2.0/ports?device_id=73262553-e06b-4e8b-a77a-4ff444290d39 HTTP/1.1" status: 200  len: 1123 time: 0.1256180
2018-09-29 01:40:00.715 27339 INFO neutron.wsgi [req-03f0a9ed-87b3-42b0-833c-cc0080431e8c 6041b01c631d425d829cf96874ce50bf 671ea1986554476bbcaa620e00697d23 - default default] 10.0.20.25 "GET /v2.0/security-groups?id=5a8575cf-0ac3-41f1-b755-2dc013391832 HTTP/1.1" status: 200  len: 2118 time: 0.1076851
2018-09-29 01:40:01.911 27336 INFO neutron.wsgi [req-4cbcdbb0-e446-4f42-8b0f-06461329e670 6041b01c631d425d829cf96874ce50bf 671ea1986554476bbcaa620e00697d23 - default default] 10.0.20.25 "GET /v2.0/ports?device_id=73262553-e06b-4e8b-a77a-4ff444290d39 HTTP/1.1" status: 200  len: 1123 time: 0.1592002
2018-09-29 01:40:01.926 27344 DEBUG neutron_lib.callbacks.manager [req-35567569-9372-4ca2-9562-62ae63d2d03a - - - - -] Notify callbacks ['neutron.services.segments.db._update_segment_host_mapping_for_agent-8728755863617'] for agent, after_update _notify_loop /usr/lib/python2.7/site-packages/neutron_lib/callbacks/manager.py:167
2018-09-29 01:40:02.232 27336 INFO neutron.wsgi [req-36229ae5-7281-49e4-a0fc-1365362d0afe 6041b01c631d425d829cf96874ce50bf 671ea1986554476bbcaa620e00697d23 - default default] 10.0.20.25 "GET /v2.0/security-groups?id=5a8575cf-0ac3-41f1-b755-2dc013391832 HTTP/1.1" status: 200  len: 2118 time: 0.3056250
2018-09-29 01:40:02.767 27337 INFO neutron.wsgi [req-b57f4e2d-5770-44f3-98e6-942b04d52113 6041b01c631d425d829cf96874ce50bf 671ea1986554476bbcaa620e00697d23 - default default] 10.0.20.25 "GET /v2.0/ports?device_id=73262553-e06b-4e8b-a77a-4ff444290d39 HTTP/1.1" status: 200  len: 1123 time: 0.1387942
2018-09-29 01:40:02.862 27337 INFO neutron.wsgi [req-49599cb6-baea-45c4-8907-ffd88da8207e 6041b01c631d425d829cf96874ce50bf 671ea1986554476bbcaa620e00697d23 - default default] 10.0.20.25 "GET /v2.0/security-groups?id=5a8575cf-0ac3-41f1-b755-2dc013391832 HTTP/1.1" status: 200  len: 2118 time: 0.0876250
2018-09-29 01:40:03.661 27336 INFO neutron.wsgi [req-3e0cd54a-9529-4886-9596-08362817c87b 6041b01c631d425d829cf96874ce50bf 671ea1986554476bbcaa620e00697d23 - default default] 10.0.20.25 "GET /v2.0/ports?device_id=73262553-e06b-4e8b-a77a-4ff444290d39 HTTP/1.1" status: 200  len: 1123 time: 0.1005900
2018-09-29 01:40:03.771 27336 INFO neutron.wsgi [req-943cda30-da87-4244-a6de-2f0412c1cd0f 6041b01c631d425d829cf96874ce50bf 671ea1986554476bbcaa620e00697d23 - default default] 10.0.20.25 "GET /v2.0/security-groups?id=5a8575cf-0ac3-41f1-b755-2dc013391832 HTTP/1.1" status: 200  len: 2118 time: 0.1038661
2018-09-29 01:40:05.867 27345 DEBUG neutron_lib.callbacks.manager [req-868df479-c872-4e1f-879e-bb630d1676c7 - - - - -] Notify callbacks ['neutron.services.segments.db._update_segment_host_mapping_for_agent-8728755863617'] for agent, after_update _notify_loop /usr/lib/python2.7/site-packages/neutron_lib/callbacks/manager.py:167
2018-09-29 01:40:12.585 27350 DEBUG neutron.db.agents_db [req-429ed1fe-94d6-4f04-9a4d-6bb4c811c114 - - - - -] Agent healthcheck: found 5 active agents agent_health_check /usr/lib/python2.7/site-packages/neutron/db/agents_db.py:281
2018-09-29 01:40:18.981 27342 DEBUG neutron_lib.callbacks.manager [req-9777fcab-e535-4c39-90d2-10f554070777 - - - - -] Notify callbacks ['neutron.services.segments.db._update_segment_host_mapping_for_agent-8728755863617'] for agent, after_update _notify_loop /usr/lib/python2.7/site-packages/neutron_lib/callbacks/manager.py:167
2018-09-29 01:40:18.999 27347 DEBUG neutron_lib.callbacks.manager [req-9a211c37-f4dd-4c97-83e8-f4ab14d113ef - - - - -] Notify callbacks ['neutron.services.segments.db._update_segment_host_mapping_for_agent-8728755863617'] for agent, after_update _notify_loop /usr/lib/python2.7/site-packages/neutron_lib/callbacks/manager.py:167
2018-09-29 01:40:19.001 27346 DEBUG neutron_lib.callbacks.manager [req-e0d175b5-99ee-48b4-a955-694ed96ff8b6 - - - - -] Notify callbacks ['neutron.services.segments.db._update_segment_host_mapping_for_agent-8728755863617'] for agent, after_update _notify_loop /usr/lib/python2.7/site-packages/neutron_lib/callbacks/manager.py:167
2018-09-29 01:40:31.726 27339 DEBUG neutron.wsgi [-] (27339) accepted ('10.0.20.25', 56668) server /usr/lib/python2.7/site-packages/eventlet/wsgi.py:883
2018-09-29 01:40:31.734 27339 INFO neutron.wsgi [-] 10.0.20.25 "GET / HTTP/1.1" status: 200  len: 252 time: 0.0042078
2018-09-29 01:40:31.937 27348 DEBUG neutron_lib.callbacks.manager [req-35567569-9372-4ca2-9562-62ae63d2d03a - - - - -] Notify callbacks ['neutron.services.segments.db._update_segment_host_mapping_for_agent-8728755863617'] for agent, after_update _notify_loop /usr/lib/python2.7/site-packages/neutron_lib/callbacks/manager.py:167
2018-09-29 01:40:32.475 27339 INFO neutron.api.v2.resource [req-868b6b52-65f9-4ce1-9700-a0dee893f610 2de84afeca4a411cbada20f518aecbcb 63127f5b0da44a018c5539da3075f542 - fc1758c86e654199a15ec22da0978876 fc1758c86e654199a15ec22da0978876] show failed (client error): The resource could not be found.
2018-09-29 01:40:32.479 27339 INFO neutron.wsgi [req-868b6b52-65f9-4ce1-9700-a0dee893f610 2de84afeca4a411cbada20f518aecbcb 63127f5b0da44a018c5539da3075f542 - fc1758c86e654199a15ec22da0978876 fc1758c86e654199a15ec22da0978876] 10.0.20.25 "GET /v2.0/floatingips/172.24.4.5 HTTP/1.1" status: 404  len: 324 time: 0.7391820
2018-09-29 01:40:32.541 27339 INFO neutron.wsgi [req-ed86e462-f902-4f35-8e6f-0b69d543c0e3 2de84afeca4a411cbada20f518aecbcb 63127f5b0da44a018c5539da3075f542 - fc1758c86e654199a15ec22da0978876 fc1758c86e654199a15ec22da0978876] 10.0.20.25 "GET /v2.0/floatingips HTTP/1.1" status: 200  len: 1207 time: 0.0545931
2018-09-29 01:40:32.639 27339 DEBUG neutron.plugins.ml2.plugin [req-c36598bf-0d41-4dea-8543-46b972d9665d 2de84afeca4a411cbada20f518aecbcb 63127f5b0da44a018c5539da3075f542 - fc1758c86e654199a15ec22da0978876 fc1758c86e654199a15ec22da0978876] Deleting port 0baf8467-cc80-48f7-ac6a-12571f4e2a67 _pre_delete_port /usr/lib/python2.7/site-packages/neutron/plugins/ml2/plugin.py:1488
2018-09-29 01:40:32.641 27339 DEBUG neutron_lib.callbacks.manager [req-c36598bf-0d41-4dea-8543-46b972d9665d 2de84afeca4a411cbada20f518aecbcb 63127f5b0da44a018c5539da3075f542 - fc1758c86e654199a15ec22da0978876 fc1758c86e654199a15ec22da0978876] Notify callbacks ['neutron.db.l3_db._prevent_l3_port_delete_callback-8728756063221'] for port, before_delete _notify_loop /usr/lib/python2.7/site-packages/neutron_lib/callbacks/manager.py:167
2018-09-29 01:40:33.371 27339 DEBUG neutron.plugins.ml2.plugin [req-c36598bf-0d41-4dea-8543-46b972d9665d 2de84afeca4a411cbada20f518aecbcb 63127f5b0da44a018c5539da3075f542 - fc1758c86e654199a15ec22da0978876 fc1758c86e654199a15ec22da0978876] Calling delete_port for 0baf8467-cc80-48f7-ac6a-12571f4e2a67 owned by network:floatingip delete_port /usr/lib/python2.7/site-packages/neutron/plugins/ml2/plugin.py:1547
2018-09-29 01:40:33.684 27339 DEBUG neutron_lib.callbacks.manager [req-c36598bf-0d41-4dea-8543-46b972d9665d 2de84afeca4a411cbada20f518aecbcb 63127f5b0da44a018c5539da3075f542 - fc1758c86e654199a15ec22da0978876 fc1758c86e654199a15ec22da0978876] Notify callbacks ['neutron.api.rpc.agentnotifiers.dhcp_rpc_agent_api.DhcpAgentNotifyAPI._native_event_send_dhcp_notification-3580582', 'neutron.db.l3_db._notify_routers_callback--9223363308098734897', 'neutron.db.l3_dvrscheduler_db._notify_port_delete--9223363308099274515', 'neutron.plugins.ml2.ovo_rpc._ObjectChangeHandler.handle_event-3732759', 'neutron.plugins.ml2.plugin.Ml2Plugin.notify_sg_on_port_change-511128'] for port, after_delete _notify_loop /usr/lib/python2.7/site-packages/neutron_lib/callbacks/manager.py:167
2018-09-29 01:40:34.107 27339 DEBUG oslo_concurrency.lockutils [-] Lock "event-dispatch" acquired by "neutron.plugins.ml2.ovo_rpc.dispatch_events" :: waited 0.000s inner /usr/lib/python2.7/site-packages/oslo_concurrency/lockutils.py:270
2018-09-29 01:40:34.330 27339 DEBUG neutron.api.rpc.handlers.resources_rpc [req-c36598bf-0d41-4dea-8543-46b972d9665d 2de84afeca4a411cbada20f518aecbcb 63127f5b0da44a018c5539da3075f542 - - -] neutron.api.rpc.handlers.resources_rpc.ResourcesPushRpcApi method push called with arguments (<neutron_lib.context.Context object at 0x7f0525161690>, [Port(admin_state_up=<?>,allowed_address_pairs=<?>,binding=<?>,binding_levels=<?>,created_at=<?>,data_plane_status=<?>,description=<?>,device_id=<?>,device_owner=<?>,dhcp_options=<?>,distributed_binding=<?>,dns=<?>,fixed_ips=<?>,id=0baf8467-cc80-48f7-ac6a-12571f4e2a67,mac_address=<?>,name=<?>,network_id=<?>,project_id=<?>,qos_policy_id=None,revision_number=<?>,security=<?>,security_group_ids=None,status=<?>,updated_at=<?>)], 'deleted') {} wrapper /usr/lib/python2.7/site-packages/oslo_log/helpers.py:66
2018-09-29 01:40:34.376 27339 DEBUG neutron.api.rpc.callbacks.version_manager [req-c36598bf-0d41-4dea-8543-46b972d9665d 2de84afeca4a411cbada20f518aecbcb 63127f5b0da44a018c5539da3075f542 - - -] Version for resource type Subnet changed None to 1.0 on consumer Open vSwitch agent@localhost.localdomain _set_version /usr/lib/python2.7/site-packages/neutron/api/rpc/callbacks/version_manager.py:119
2018-09-29 01:40:34.377 27339 DEBUG neutron.api.rpc.callbacks.version_manager [req-c36598bf-0d41-4dea-8543-46b972d9665d 2de84afeca4a411cbada20f518aecbcb 63127f5b0da44a018c5539da3075f542 - - -] Version for resource type Network changed None to 1.0 on consumer Open vSwitch agent@localhost.localdomain _set_version /usr/lib/python2.7/site-packages/neutron/api/rpc/callbacks/version_manager.py:119
2018-09-29 01:40:34.378 27339 DEBUG neutron.api.rpc.callbacks.version_manager [req-c36598bf-0d41-4dea-8543-46b972d9665d 2de84afeca4a411cbada20f518aecbcb 63127f5b0da44a018c5539da3075f542 - - -] Version for resource type SubPort changed None to 1.0 on consumer Open vSwitch agent@localhost.localdomain _set_version /usr/lib/python2.7/site-packages/neutron/api/rpc/callbacks/version_manager.py:119
