2018-07-03 16:14:15.874 15817 DEBUG oslo_concurrency.lockutils [-] Lock "notifier-4042e923-39bb-4e07-824f-f87336a27d12" acquired by "neutron.notifiers.batch_notifier.synced_send" :: waited 0.000s inner /usr/lib/python2.7/site-packages/oslo_concurrency/lockutils.py:270
2018-07-03 16:14:15.875 15817 DEBUG neutron.notifiers.nova [-] Sending events: [{'tag': u'4d8241fb-79a3-4129-ba11-ee75aedff196', 'name': 'network-changed', 'server_uuid': u'5ff95cb8-2cb7-47a4-bc39-c4d3f575aaaf'}] send_events /usr/lib/python2.7/site-packages/neutron/notifiers/nova.py:242
2018-07-03 16:14:16.642 15825 DEBUG neutron.db.l3_hamode_db [req-75b6e17d-91cf-4d1a-b310-1f32cc179764 - - - - -] neutron.services.l3_router.l3_router_plugin.L3RouterPlugin method _process_sync_ha_data called with arguments (<neutron_lib.context.Context object at 0x7f4e35a63990>, [{'status': u'ACTIVE', '_interfaces': [{'status': u'ACTIVE', 'subnets': [{'dns_nameservers': [u'8.8.4.4'], 'ipv6_ra_mode': None, 'gateway_ip': u'11.12.1.1', 'cidr': u'11.12.1.0/24', 'id': u'07cd68e5-9a7d-4ea5-898b-d4429613fa1c', 'subnetpool_id': None}], 'binding:host_id': u'localhost.localdomain', 'description': u'', 'allowed_address_pairs': [], 'tags': [], 'extra_dhcp_opts': [], 'updated_at': '2018-07-03T14:09:31Z', 'device_owner': u'network:router_interface', 'revision_number': 7, 'port_security_enabled': False, 'binding:profile': {}, 'mtu': 1450, 'fixed_ips': [{'subnet_id': u'07cd68e5-9a7d-4ea5-898b-d4429613fa1c', 'prefixlen': 24, 'ip_address': u'11.12.1.1'}], 'id': u'a2a27bf4-1375-47e6-92d8-f7c5b5db0106', 'security_groups': [], 'device_id': u'd7e6a5ba-d3bb-4635-b9c1-32f3b49c5ccf', 'name': u'', 'admin_state_up': True, 'network_id': u'43b8ef5c-849b-45f8-bcf1-a83610e890f7', 'tenant_id': u'71ad7bc62c9f4c4199cc0f0cf50b16e5', 'binding:vif_details': {u'port_filter': True, u'datapath_type': u'system', u'ovs_hybrid_plug': True}, 'address_scopes': {4: None, 6: None}, 'binding:vnic_type': u'normal', 'binding:vif_type': u'ovs', 'mac_address': u'fa:16:3e:2a:83:fd', 'project_id': u'71ad7bc62c9f4c4199cc0f0cf50b16e5', 'extra_subnets': [], 'created_at': '2018-07-03T14:09:23Z'}], 'enable_snat': True, 'ha_vr_id': 0, 'description': u'', 'tags': [], 'gw_port': {'status': u'ACTIVE', 'subnets': [{'dns_nameservers': [], 'ipv6_ra_mode': None, 'gateway_ip': u'172.24.4.1', 'cidr': u'172.24.4.0/24', 'id': u'13c1b0d0-0ad2-44d1-9c10-321cd0119f52', 'subnetpool_id': None}], 'binding:host_id': u'localhost.localdomain', 'description': u'', 'allowed_address_pairs': [], 'tags': [], 'extra_dhcp_opts': [], 'updated_at': '2018-07-03T14:09:46Z', 'device_owner': u'network:router_gateway', 'revision_number': 6, 'port_security_enabled': False, 'binding:profile': {}, 'mtu': 1500, 'fixed_ips': [{'subnet_id': u'13c1b0d0-0ad2-44d1-9c10-321cd0119f52', 'prefixlen': 24, 'ip_address': u'172.24.4.13'}], 'id': u'd3d05a3a-4f18-4773-9007-c85f0fed159c', 'security_groups': [], 'device_id': u'd7e6a5ba-d3bb-4635-b9c1-32f3b49c5ccf', 'name': u'', 'admin_state_up': True, 'network_id': u'27d015bc-8cdc-4cb5-ad0f-6c388c7b7d5e', 'tenant_id': u'', 'binding:vif_details': {u'port_filter': True, u'datapath_type': u'system', u'ovs_hybrid_plug': True}, 'address_scopes': {4: None, 6: None}, 'binding:vnic_type': u'normal', 'binding:vif_type': u'ovs', 'mac_address': u'fa:16:3e:0b:58:65', 'project_id': u'', 'extra_subnets': [], 'created_at': '2018-07-03T14:09:36Z'}, 'updated_at': '2018-07-03T14:09:37Z', 'revision_number': 4, 'ha': False, 'id': u'd7e6a5ba-d3bb-4635-b9c1-32f3b49c5ccf', 'gw_port_host': u'localhost.localdomain', 'external_gateway_info': {'network_id': u'27d015bc-8cdc-4cb5-ad0f-6c388c7b7d5e', 'enable_snat': True, 'external_fixed_ips': [{'subnet_id': u'13c1b0d0-0ad2-44d1-9c10-321cd0119f52', 'ip_address': u'172.24.4.13'}]}, 'availability_zone_hints': [], 'availability_zones': [u'nova'], 'name': u'tempest-router-1530626810', 'gw_port_id': u'd3d05a3a-4f18-4773-9007-c85f0fed159c', 'admin_state_up': True, 'tenant_id': u'71ad7bc62c9f4c4199cc0f0cf50b16e5', 'created_at': '2018-07-03T14:09:06Z', 'distributed': False, 'flavor_id': None, 'routes': [], 'project_id': u'71ad7bc62c9f4c4199cc0f0cf50b16e5'}], u'localhost.localdomain', False) {} wrapper /usr/lib/python2.7/site-packages/oslo_log/helpers.py:66
2018-07-03 16:14:16.665 15825 DEBUG neutron.api.rpc.handlers.l3_rpc [req-75b6e17d-91cf-4d1a-b310-1f32cc179764 - - - - -] Checking router: d7e6a5ba-d3bb-4635-b9c1-32f3b49c5ccf for host: localhost.localdomain _ensure_host_set_on_ports /usr/lib/python2.7/site-packages/neutron/api/rpc/handlers/l3_rpc.py:135
2018-07-03 16:14:16.912 15831 DEBUG neutron.api.rpc.handlers.l3_rpc [req-37791c7e-86ef-42b5-bf77-8f83cccf3590 - - - - -] New status for floating IP be3a050c-3ef3-468b-b3c2-ada8585a78f1: DOWN update_floatingip_statuses /usr/lib/python2.7/site-packages/neutron/api/rpc/handlers/l3_rpc.py:252
2018-07-03 16:14:16.953 15817 DEBUG novaclient.v2.client [-] REQ: curl -g -i -X POST http://10.0.20.23:8774/v2.1/4340e242277144a39aad7507a87ea19b/os-server-external-events -H "User-Agent: python-novaclient" -H "Content-Type: application/json" -H "Accept: application/json" -H "X-OpenStack-Nova-API-Version: 2.1" -H "X-Auth-Token: {SHA1}901a50f830554ae6db263d9febd6a40cd18bf745" -d '{"events": [{"tag": "4d8241fb-79a3-4129-ba11-ee75aedff196", "name": "network-changed", "server_uuid": "5ff95cb8-2cb7-47a4-bc39-c4d3f575aaaf"}]}' _http_log_request /usr/lib/python2.7/site-packages/keystoneauth1/session.py:375
2018-07-03 16:14:17.925 15817 DEBUG novaclient.v2.client [-] RESP: [200] Content-Length: 179 Content-Type: application/json Openstack-Api-Version: compute 2.1 X-Openstack-Nova-Api-Version: 2.1 Vary: OpenStack-API-Version, X-OpenStack-Nova-API-Version X-Openstack-Request-Id: req-3a785fe5-fe93-4b33-9848-0e6caa6a3b6a X-Compute-Request-Id: req-3a785fe5-fe93-4b33-9848-0e6caa6a3b6a Date: Tue, 03 Jul 2018 14:14:17 GMT Connection: keep-alive 
RESP BODY: {"events": [{"status": "completed", "tag": "4d8241fb-79a3-4129-ba11-ee75aedff196", "name": "network-changed", "server_uuid": "5ff95cb8-2cb7-47a4-bc39-c4d3f575aaaf", "code": 200}]}
 _http_log_response /usr/lib/python2.7/site-packages/keystoneauth1/session.py:423
2018-07-03 16:14:17.927 15817 DEBUG novaclient.v2.client [-] POST call to compute for http://10.0.20.23:8774/v2.1/4340e242277144a39aad7507a87ea19b/os-server-external-events used request id req-3a785fe5-fe93-4b33-9848-0e6caa6a3b6a request /usr/lib/python2.7/site-packages/keystoneauth1/session.py:727
2018-07-03 16:14:17.937 15817 INFO neutron.notifiers.nova [-] Nova event response: {u'status': u'completed', u'tag': u'4d8241fb-79a3-4129-ba11-ee75aedff196', u'name': u'network-changed', u'server_uuid': u'5ff95cb8-2cb7-47a4-bc39-c4d3f575aaaf', u'code': 200}
2018-07-03 16:14:18.082 15816 INFO neutron.wsgi [req-45647d01-0b57-44d5-9190-b3e00286dde7 72eef6c8af39495084702b0217df08d6 4340e242277144a39aad7507a87ea19b - default default] 10.0.20.23 "GET /v2.0/ports?tenant_id=71ad7bc62c9f4c4199cc0f0cf50b16e5&device_id=5ff95cb8-2cb7-47a4-bc39-c4d3f575aaaf HTTP/1.1" status: 200  len: 1124 time: 0.1468141
2018-07-03 16:14:18.365 15816 DEBUG neutron.pecan_wsgi.hooks.policy_enforcement [req-85555fa5-c273-4694-9a21-557d6a69f7b1 72eef6c8af39495084702b0217df08d6 4340e242277144a39aad7507a87ea19b - default default] Attributes excluded by policy engine: [u'vlan_transparent'] _exclude_attributes_by_policy /usr/lib/python2.7/site-packages/neutron/pecan_wsgi/hooks/policy_enforcement.py:256
2018-07-03 16:14:18.369 15816 INFO neutron.wsgi [req-85555fa5-c273-4694-9a21-557d6a69f7b1 72eef6c8af39495084702b0217df08d6 4340e242277144a39aad7507a87ea19b - default default] 10.0.20.23 "GET /v2.0/networks?id=43b8ef5c-849b-45f8-bcf1-a83610e890f7 HTTP/1.1" status: 200  len: 885 time: 0.2748590
2018-07-03 16:14:18.429 15816 INFO neutron.wsgi [req-35e282c0-416f-45c4-b2fa-5fe38780b906 72eef6c8af39495084702b0217df08d6 4340e242277144a39aad7507a87ea19b - default default] 10.0.20.23 "GET /v2.0/floatingips?fixed_ip_address=11.12.1.12&port_id=4d8241fb-79a3-4129-ba11-ee75aedff196 HTTP/1.1" status: 200  len: 217 time: 0.0507889
2018-07-03 16:14:18.588 15816 DEBUG neutron.pecan_wsgi.hooks.policy_enforcement [req-3f4cc573-2e44-4e6d-8c72-74d88f8f8feb 72eef6c8af39495084702b0217df08d6 4340e242277144a39aad7507a87ea19b - default default] Attributes excluded by policy engine: [u'shared'] _exclude_attributes_by_policy /usr/lib/python2.7/site-packages/neutron/pecan_wsgi/hooks/policy_enforcement.py:256
2018-07-03 16:14:18.590 15816 INFO neutron.wsgi [req-3f4cc573-2e44-4e6d-8c72-74d88f8f8feb 72eef6c8af39495084702b0217df08d6 4340e242277144a39aad7507a87ea19b - default default] 10.0.20.23 "GET /v2.0/subnets?id=07cd68e5-9a7d-4ea5-898b-d4429613fa1c HTTP/1.1" status: 200  len: 843 time: 0.1529949
2018-07-03 16:14:18.725 15816 INFO neutron.wsgi [req-941296a7-4d22-424b-8222-cbeef45e6474 72eef6c8af39495084702b0217df08d6 4340e242277144a39aad7507a87ea19b - default default] 10.0.20.23 "GET /v2.0/ports?network_id=43b8ef5c-849b-45f8-bcf1-a83610e890f7&device_owner=network%3Adhcp HTTP/1.1" status: 200  len: 1127 time: 0.1284721
2018-07-03 16:14:19.938 15817 DEBUG oslo_concurrency.lockutils [-] Lock "notifier-4042e923-39bb-4e07-824f-f87336a27d12" released by "neutron.notifiers.batch_notifier.synced_send" :: held 4.064s inner /usr/lib/python2.7/site-packages/oslo_concurrency/lockutils.py:282
2018-07-03 16:14:21.288 15819 DEBUG neutron_lib.callbacks.manager [req-4d06d05c-3b7f-41c4-b452-024cebfb2aca - - - - -] Notify callbacks ['neutron.services.segments.db._update_segment_host_mapping_for_agent-8748369019954'] for agent, after_update _notify_loop /usr/lib/python2.7/site-packages/neutron_lib/callbacks/manager.py:167
2018-07-03 16:14:21.338 15831 DEBUG neutron_lib.callbacks.manager [req-dc30d0ca-43ca-4054-a3cb-221e2c84eb5b - - - - -] Notify callbacks ['neutron.services.segments.db._update_segment_host_mapping_for_agent-8748369019954'] for agent, after_update _notify_loop /usr/lib/python2.7/site-packages/neutron_lib/callbacks/manager.py:167
2018-07-03 16:14:23.315 15817 INFO neutron.wsgi [req-74b0724b-6800-4c8f-a5b9-1ae3e99eaae9 4e72ad8ceb8f47a28db5a4b3551f9335 007e7f1ed2554995b505b934dd328646 - default default] 10.0.20.23 "GET /v2.0/ports?device_id=5ff95cb8-2cb7-47a4-bc39-c4d3f575aaaf&device_id=f14c2b46-9095-4307-a38c-260473ea3ec3 HTTP/1.1" status: 200  len: 2040 time: 0.7030752
2018-07-03 16:14:23.472 15817 INFO neutron.wsgi [req-cc7f1c29-b468-4c33-a15d-6b8068499d14 4e72ad8ceb8f47a28db5a4b3551f9335 007e7f1ed2554995b505b934dd328646 - default default] 10.0.20.23 "GET /v2.0/security-groups?id=bc6c362b-a433-4828-9cc8-c62ac7d3b524&id=8c409c87-6eec-4cde-97ef-edf15e4e20a7 HTTP/1.1" status: 200  len: 4540 time: 0.1424818
2018-07-03 16:14:23.991 15822 DEBUG neutron_lib.callbacks.manager [req-e20ece72-9312-4c40-bf84-a3f5fa0e6a39 - - - - -] Notify callbacks ['neutron.services.segments.db._update_segment_host_mapping_for_agent-8748369019954'] for agent, after_update _notify_loop /usr/lib/python2.7/site-packages/neutron_lib/callbacks/manager.py:167
2018-07-03 16:14:25.613 15828 DEBUG neutron_lib.callbacks.manager [req-dc25c890-babd-44a4-acd7-f8973351b842 - - - - -] Notify callbacks ['neutron.services.segments.db._update_segment_host_mapping_for_agent-8748369019954'] for agent, after_update _notify_loop /usr/lib/python2.7/site-packages/neutron_lib/callbacks/manager.py:167
2018-07-03 16:14:29.679 15817 INFO neutron.wsgi [req-c31c5969-5997-4dc3-b067-0df9e00029df 4e72ad8ceb8f47a28db5a4b3551f9335 007e7f1ed2554995b505b934dd328646 - default default] 10.0.20.23 "GET /v2.0/ports?device_id=5ff95cb8-2cb7-47a4-bc39-c4d3f575aaaf HTTP/1.1" status: 200  len: 1124 time: 0.5299869
2018-07-03 16:14:29.809 15817 INFO neutron.wsgi [req-1ab3aaff-d81e-4d90-b5b9-e86da07f4366 4e72ad8ceb8f47a28db5a4b3551f9335 007e7f1ed2554995b505b934dd328646 - default default] 10.0.20.23 "GET /v2.0/security-groups?id=8c409c87-6eec-4cde-97ef-edf15e4e20a7 HTTP/1.1" status: 200  len: 2118 time: 0.1239979
2018-07-03 16:14:32.583 15825 DEBUG neutron.plugins.ml2.rpc [req-32cb3341-1bed-4d6c-9852-7eb7266e0ad7 - - - - -] Device 4d8241fb-79a3-4129-ba11-ee75aedff196 no longer exists at agent ovs-agent-localhost.localdomain update_device_down /usr/lib/python2.7/site-packages/neutron/plugins/ml2/rpc.py:213
2018-07-03 16:14:32.965 15825 DEBUG neutron_lib.callbacks.manager [req-32cb3341-1bed-4d6c-9852-7eb7266e0ad7 - - - - -] Notify callbacks ['neutron.plugins.ml2.plugin.Ml2Plugin._ensure_default_security_group_handler--9223372036854401432'] for port, before_update _notify_loop /usr/lib/python2.7/site-packages/neutron_lib/callbacks/manager.py:167
2018-07-03 16:14:33.090 15825 DEBUG oslo_concurrency.lockutils [-] Lock "notifier-4042e923-39bb-4e07-824f-f87336a27d12" acquired by "neutron.notifiers.batch_notifier.synced_send" :: waited 0.002s inner /usr/lib/python2.7/site-packages/oslo_concurrency/lockutils.py:270
2018-07-03 16:14:33.091 15825 DEBUG neutron.notifiers.nova [-] Sending events: [{'status': 'completed', 'tag': u'4d8241fb-79a3-4129-ba11-ee75aedff196', 'name': 'network-vif-unplugged', 'server_uuid': u'5ff95cb8-2cb7-47a4-bc39-c4d3f575aaaf'}] send_events /usr/lib/python2.7/site-packages/neutron/notifiers/nova.py:242
2018-07-03 16:14:33.103 15825 DEBUG novaclient.v2.client [-] REQ: curl -g -i -X POST http://10.0.20.23:8774/v2.1/4340e242277144a39aad7507a87ea19b/os-server-external-events -H "User-Agent: python-novaclient" -H "Content-Type: application/json" -H "Accept: application/json" -H "X-OpenStack-Nova-API-Version: 2.1" -H "X-Auth-Token: {SHA1}78c9f60f4c92035831f2a8c7432ec9ca39373236" -d '{"events": [{"status": "completed", "tag": "4d8241fb-79a3-4129-ba11-ee75aedff196", "name": "network-vif-unplugged", "server_uuid": "5ff95cb8-2cb7-47a4-bc39-c4d3f575aaaf"}]}' _http_log_request /usr/lib/python2.7/site-packages/keystoneauth1/session.py:375
2018-07-03 16:14:33.111 15825 DEBUG neutron.plugins.ml2.db [req-32cb3341-1bed-4d6c-9852-7eb7266e0ad7 - - - - -] For port 4d8241fb-79a3-4129-ba11-ee75aedff196, host localhost.localdomain, got binding levels [<neutron.plugins.ml2.models.PortBindingLevel[object at 7f4e3608b5d0] {port_id=u'4d8241fb-79a3-4129-ba11-ee75aedff196', host=u'localhost.localdomain', level=0, driver=u'openvswitch', segment_id=u'299eb965-87c0-4a65-9fed-426f2b921350'}>] get_binding_levels /usr/lib/python2.7/site-packages/neutron/plugins/ml2/db.py:106
2018-07-03 16:14:33.136 15825 DEBUG neutron_lib.callbacks.manager [req-32cb3341-1bed-4d6c-9852-7eb7266e0ad7 - - - - -] Notify callbacks ['neutron.plugins.ml2.ovo_rpc._ObjectChangeHandler.handle_event-1627430', 'neutron.db.l3_dvrscheduler_db._notify_l3_agent_port_update-8748368657578', 'neutron.api.rpc.agentnotifiers.dhcp_rpc_agent_api.DhcpAgentNotifyAPI._native_event_send_dhcp_notification-1749987', 'neutron.plugins.ml2.plugin.Ml2Plugin.notify_sg_on_port_change-374485', 'neutron.db.l3_hascheduler_db._notify_l3_agent_ha_port_update-8748368657653'] for port, after_update _notify_loop /usr/lib/python2.7/site-packages/neutron_lib/callbacks/manager.py:167
2018-07-03 16:14:33.156 15825 DEBUG oslo_concurrency.lockutils [-] Lock "event-dispatch" acquired by "neutron.plugins.ml2.ovo_rpc.dispatch_events" :: waited 0.000s inner /usr/lib/python2.7/site-packages/oslo_concurrency/lockutils.py:270
2018-07-03 16:14:33.347 15825 DEBUG neutron.api.rpc.handlers.resources_rpc [req-32cb3341-1bed-4d6c-9852-7eb7266e0ad7 - - - - -] neutron.api.rpc.handlers.resources_rpc.ResourcesPushRpcApi method push called with arguments (<neutron_lib.context.Context object at 0x7f4e361501d0>, [Port(admin_state_up=True,allowed_address_pairs=[],binding=PortBinding,binding_levels=[PortBindingLevel],created_at=2018-07-03T14:09:58Z,data_plane_status=<?>,description='',device_id='5ff95cb8-2cb7-47a4-bc39-c4d3f575aaaf',device_owner='compute:nova',dhcp_options=[],distributed_binding=None,dns=None,fixed_ips=[IPAllocation],id=4d8241fb-79a3-4129-ba11-ee75aedff196,mac_address=fa:16:3e:d8:f6:74,name='',network_id=43b8ef5c-849b-45f8-bcf1-a83610e890f7,project_id='71ad7bc62c9f4c4199cc0f0cf50b16e5',qos_policy_id=None,revision_number=9,security=PortSecurity(4d8241fb-79a3-4129-ba11-ee75aedff196),security_group_ids=set([8c409c87-6eec-4cde-97ef-edf15e4e20a7]),status='DOWN',updated_at=2018-07-03T14:14:33Z)], 'updated') {} wrapper /usr/lib/python2.7/site-packages/oslo_log/helpers.py:66
2018-07-03 16:14:33.378 15825 DEBUG neutron.api.rpc.callbacks.version_manager [req-32cb3341-1bed-4d6c-9852-7eb7266e0ad7 - - - - -] Version for resource type Subnet changed None to 1.0 on consumer Open vSwitch agent@localhost.localdomain _set_version /usr/lib/python2.7/site-packages/neutron/api/rpc/callbacks/version_manager.py:119
2018-07-03 16:14:33.378 15825 DEBUG neutron.api.rpc.callbacks.version_manager [req-32cb3341-1bed-4d6c-9852-7eb7266e0ad7 - - - - -] Version for resource type Network changed None to 1.0 on consumer Open vSwitch agent@localhost.localdomain _set_version /usr/lib/python2.7/site-packages/neutron/api/rpc/callbacks/version_manager.py:119
2018-07-03 16:14:33.379 15825 DEBUG neutron.api.rpc.callbacks.version_manager [req-32cb3341-1bed-4d6c-9852-7eb7266e0ad7 - - - - -] Version for resource type SubPort changed None to 1.0 on consumer Open vSwitch agent@localhost.localdomain _set_version /usr/lib/python2.7/site-packages/neutron/api/rpc/callbacks/version_manager.py:119
2018-07-03 16:14:33.380 15825 DEBUG neutron.api.rpc.callbacks.version_manager [req-32cb3341-1bed-4d6c-9852-7eb7266e0ad7 - - - - -] Version for resource type SecurityGroup changed None to 1.0 on consumer Open vSwitch agent@localhost.localdomain _set_version /usr/lib/python2.7/site-packages/neutron/api/rpc/callbacks/version_manager.py:119
2018-07-03 16:14:33.380 15825 DEBUG neutron.api.rpc.callbacks.version_manager [req-32cb3341-1bed-4d6c-9852-7eb7266e0ad7 - - - - -] Version for resource type SecurityGroupRule changed None to 1.0 on consumer Open vSwitch agent@localhost.localdomain _set_version /usr/lib/python2.7/site-packages/neutron/api/rpc/callbacks/version_manager.py:119
2018-07-03 16:14:33.381 15825 DEBUG neutron.api.rpc.callbacks.version_manager [req-32cb3341-1bed-4d6c-9852-7eb7266e0ad7 - - - - -] Version for resource type Trunk changed None to 1.1 on consumer Open vSwitch agent@localhost.localdomain _set_version /usr/lib/python2.7/site-packages/neutron/api/rpc/callbacks/version_manager.py:119
2018-07-03 16:14:33.382 15825 DEBUG neutron.api.rpc.callbacks.version_manager [req-32cb3341-1bed-4d6c-9852-7eb7266e0ad7 - - - - -] Version for resource type QosPolicy changed None to 1.6 on consumer Open vSwitch agent@localhost.localdomain _set_version /usr/lib/python2.7/site-packages/neutron/api/rpc/callbacks/version_manager.py:119
2018-07-03 16:14:33.382 15825 DEBUG neutron.api.rpc.callbacks.version_manager [req-32cb3341-1bed-4d6c-9852-7eb7266e0ad7 - - - - -] Version for resource type Port changed None to 1.1 on consumer Open vSwitch agent@localhost.localdomain _set_version /usr/lib/python2.7/site-packages/neutron/api/rpc/callbacks/version_manager.py:119
2018-07-03 16:14:33.383 15825 DEBUG neutron.api.rpc.callbacks.version_manager [req-32cb3341-1bed-4d6c-9852-7eb7266e0ad7 - - - - -] Version for resource type Log changed None to 1.0 on consumer Open vSwitch agent@localhost.localdomain _set_version /usr/lib/python2.7/site-packages/neutron/api/rpc/callbacks/version_manager.py:119
2018-07-03 16:14:33.419 15825 DEBUG oslo_concurrency.lockutils [req-32cb3341-1bed-4d6c-9852-7eb7266e0ad7 - - - - -] Lock "event-dispatch" released by "neutron.plugins.ml2.ovo_rpc.dispatch_events" :: held 0.263s inner /usr/lib/python2.7/site-packages/oslo_concurrency/lockutils.py:282
2018-07-03 16:14:33.622 15816 INFO neutron.wsgi [req-1fe3d924-f843-411b-9fd5-c8e9247ba31e 4e72ad8ceb8f47a28db5a4b3551f9335 007e7f1ed2554995b505b934dd328646 - default default] 10.0.20.23 "GET /v2.0/ports?device_id=5ff95cb8-2cb7-47a4-bc39-c4d3f575aaaf HTTP/1.1" status: 200  len: 1122 time: 1.9835939
2018-07-03 16:14:33.809 15816 DEBUG neutron.plugins.ml2.plugin [req-c814d13b-7e09-46ef-8db8-f8f632a548d0 4e72ad8ceb8f47a28db5a4b3551f9335 007e7f1ed2554995b505b934dd328646 - default default] Deleting port 4d8241fb-79a3-4129-ba11-ee75aedff196 _pre_delete_port /usr/lib/python2.7/site-packages/neutron/plugins/ml2/plugin.py:1488
2018-07-03 16:14:33.810 15816 DEBUG neutron_lib.callbacks.manager [req-c814d13b-7e09-46ef-8db8-f8f632a548d0 4e72ad8ceb8f47a28db5a4b3551f9335 007e7f1ed2554995b505b934dd328646 - default default] Notify callbacks ['neutron.db.l3_db._prevent_l3_port_delete_callback-8748369219814'] for port, before_delete _notify_loop /usr/lib/python2.7/site-packages/neutron_lib/callbacks/manager.py:167
2018-07-03 16:14:34.119 15825 DEBUG novaclient.v2.client [-] RESP: [200] Content-Length: 185 Content-Type: application/json Openstack-Api-Version: compute 2.1 X-Openstack-Nova-Api-Version: 2.1 Vary: OpenStack-API-Version, X-OpenStack-Nova-API-Version X-Openstack-Request-Id: req-02c4a2b9-f429-4589-8e44-ee86fe3e56c6 X-Compute-Request-Id: req-02c4a2b9-f429-4589-8e44-ee86fe3e56c6 Date: Tue, 03 Jul 2018 14:14:34 GMT Connection: keep-alive 
RESP BODY: {"events": [{"status": "completed", "tag": "4d8241fb-79a3-4129-ba11-ee75aedff196", "name": "network-vif-unplugged", "server_uuid": "5ff95cb8-2cb7-47a4-bc39-c4d3f575aaaf", "code": 200}]}
 _http_log_response /usr/lib/python2.7/site-packages/keystoneauth1/session.py:423
2018-07-03 16:14:34.119 15825 DEBUG novaclient.v2.client [-] POST call to compute for http://10.0.20.23:8774/v2.1/4340e242277144a39aad7507a87ea19b/os-server-external-events used request id req-02c4a2b9-f429-4589-8e44-ee86fe3e56c6 request /usr/lib/python2.7/site-packages/keystoneauth1/session.py:727
2018-07-03 16:14:34.126 15825 INFO neutron.notifiers.nova [-] Nova event response: {u'status': u'completed', u'tag': u'4d8241fb-79a3-4129-ba11-ee75aedff196', u'name': u'network-vif-unplugged', u'server_uuid': u'5ff95cb8-2cb7-47a4-bc39-c4d3f575aaaf', u'code': 200}
2018-07-03 16:14:34.447 15816 DEBUG neutron.plugins.ml2.db [req-c814d13b-7e09-46ef-8db8-f8f632a548d0 4e72ad8ceb8f47a28db5a4b3551f9335 007e7f1ed2554995b505b934dd328646 - default default] For port 4d8241fb-79a3-4129-ba11-ee75aedff196, host localhost.localdomain, got binding levels [<neutron.plugins.ml2.models.PortBindingLevel[object at 7f4e35634490] {port_id=u'4d8241fb-79a3-4129-ba11-ee75aedff196', host=u'localhost.localdomain', level=0, driver=u'openvswitch', segment_id=u'299eb965-87c0-4a65-9fed-426f2b921350'}>] get_binding_levels /usr/lib/python2.7/site-packages/neutron/plugins/ml2/db.py:106
2018-07-03 16:14:34.496 15816 DEBUG neutron.plugins.ml2.plugin [req-c814d13b-7e09-46ef-8db8-f8f632a548d0 4e72ad8ceb8f47a28db5a4b3551f9335 007e7f1ed2554995b505b934dd328646 - default default] Calling delete_port for 4d8241fb-79a3-4129-ba11-ee75aedff196 owned by compute:nova delete_port /usr/lib/python2.7/site-packages/neutron/plugins/ml2/plugin.py:1547
2018-07-03 16:14:34.870 15835 DEBUG neutron.db.agents_db [req-8ad55e42-6bd5-4bce-92e0-e535e0207115 - - - - -] Agent healthcheck: found 5 active agents agent_health_check /usr/lib/python2.7/site-packages/neutron/db/agents_db.py:281
2018-07-03 16:14:35.594 15816 DEBUG neutron_lib.callbacks.manager [req-c814d13b-7e09-46ef-8db8-f8f632a548d0 4e72ad8ceb8f47a28db5a4b3551f9335 007e7f1ed2554995b505b934dd328646 - default default] Notify callbacks ['neutron.plugins.ml2.ovo_rpc._ObjectChangeHandler.handle_event-1627430', 'neutron.api.rpc.agentnotifiers.dhcp_rpc_agent_api.DhcpAgentNotifyAPI._native_event_send_dhcp_notification-1749987', 'neutron.db.l3_db._notify_routers_callback--9223363288485578048', 'neutron.db.l3_dvrscheduler_db._notify_port_delete--9223363288486118238', 'neutron.plugins.ml2.plugin.Ml2Plugin.notify_sg_on_port_change-374485'] for port, after_delete _notify_loop /usr/lib/python2.7/site-packages/neutron_lib/callbacks/manager.py:167
2018-07-03 16:14:35.615 15816 DEBUG oslo_concurrency.lockutils [-] Lock "event-dispatch" acquired by "neutron.plugins.ml2.ovo_rpc.dispatch_events" :: waited 0.000s inner /usr/lib/python2.7/site-packages/oslo_concurrency/lockutils.py:270
2018-07-03 16:14:35.744 15816 DEBUG neutron.api.rpc.handlers.resources_rpc [req-c814d13b-7e09-46ef-8db8-f8f632a548d0 4e72ad8ceb8f47a28db5a4b3551f9335 007e7f1ed2554995b505b934dd328646 - - -] neutron.api.rpc.handlers.resources_rpc.ResourcesPushRpcApi method push called with arguments (<neutron_lib.context.Context object at 0x7f4e359d2310>, [Port(admin_state_up=<?>,allowed_address_pairs=<?>,binding=<?>,binding_levels=<?>,created_at=<?>,data_plane_status=<?>,description=<?>,device_id=<?>,device_owner=<?>,dhcp_options=<?>,distributed_binding=<?>,dns=<?>,fixed_ips=<?>,id=4d8241fb-79a3-4129-ba11-ee75aedff196,mac_address=<?>,name=<?>,network_id=<?>,project_id=<?>,qos_policy_id=None,revision_number=<?>,security=<?>,security_group_ids=None,status=<?>,updated_at=<?>)], 'deleted') {} wrapper /usr/lib/python2.7/site-packages/oslo_log/helpers.py:66
2018-07-03 16:14:35.779 15816 DEBUG neutron.api.rpc.callbacks.version_manager [req-c814d13b-7e09-46ef-8db8-f8f632a548d0 4e72ad8ceb8f47a28db5a4b3551f9335 007e7f1ed2554995b505b934dd328646 - - -] Version for resource type Subnet changed None to 1.0 on consumer Open vSwitch agent@localhost.localdomain _set_version /usr/lib/python2.7/site-packages/neutron/api/rpc/callbacks/version_manager.py:119
2018-07-03 16:14:35.779 15816 DEBUG neutron.api.rpc.callbacks.version_manager [req-c814d13b-7e09-46ef-8db8-f8f632a548d0 4e72ad8ceb8f47a28db5a4b3551f9335 007e7f1ed2554995b505b934dd328646 - - -] Version for resource type Network changed None to 1.0 on consumer Open vSwitch agent@localhost.localdomain _set_version /usr/lib/python2.7/site-packages/neutron/api/rpc/callbacks/version_manager.py:119
2018-07-03 16:14:35.780 15816 DEBUG neutron.api.rpc.callbacks.version_manager [req-c814d13b-7e09-46ef-8db8-f8f632a548d0 4e72ad8ceb8f47a28db5a4b3551f9335 007e7f1ed2554995b505b934dd328646 - - -] Version for resource type SubPort changed None to 1.0 on consumer Open vSwitch agent@localhost.localdomain _set_version /usr/lib/python2.7/site-packages/neutron/api/rpc/callbacks/version_manager.py:119
2018-07-03 16:14:35.780 15816 DEBUG neutron.api.rpc.callbacks.version_manager [req-c814d13b-7e09-46ef-8db8-f8f632a548d0 4e72ad8ceb8f47a28db5a4b3551f9335 007e7f1ed2554995b505b934dd328646 - - -] Version for resource type SecurityGroup changed None to 1.0 on consumer Open vSwitch agent@localhost.localdomain _set_version /usr/lib/python2.7/site-packages/neutron/api/rpc/callbacks/version_manager.py:119
2018-07-03 16:14:35.780 15816 DEBUG neutron.api.rpc.callbacks.version_manager [req-c814d13b-7e09-46ef-8db8-f8f632a548d0 4e72ad8ceb8f47a28db5a4b3551f9335 007e7f1ed2554995b505b934dd328646 - - -] Version for resource type SecurityGroupRule changed None to 1.0 on consumer Open vSwitch agent@localhost.localdomain _set_version /usr/lib/python2.7/site-packages/neutron/api/rpc/callbacks/version_manager.py:119
2018-07-03 16:14:35.781 15816 DEBUG neutron.api.rpc.callbacks.version_manager [req-c814d13b-7e09-46ef-8db8-f8f632a548d0 4e72ad8ceb8f47a28db5a4b3551f9335 007e7f1ed2554995b505b934dd328646 - - -] Version for resource type Trunk changed None to 1.1 on consumer Open vSwitch agent@localhost.localdomain _set_version /usr/lib/python2.7/site-packages/neutron/api/rpc/callbacks/version_manager.py:119
2018-07-03 16:14:35.782 15816 DEBUG neutron.api.rpc.callbacks.version_manager [req-c814d13b-7e09-46ef-8db8-f8f632a548d0 4e72ad8ceb8f47a28db5a4b3551f9335 007e7f1ed2554995b505b934dd328646 - - -] Version for resource type QosPolicy changed None to 1.6 on consumer Open vSwitch agent@localhost.localdomain _set_version /usr/lib/python2.7/site-packages/neutron/api/rpc/callbacks/version_manager.py:119
2018-07-03 16:14:35.782 15816 DEBUG neutron.api.rpc.callbacks.version_manager [req-c814d13b-7e09-46ef-8db8-f8f632a548d0 4e72ad8ceb8f47a28db5a4b3551f9335 007e7f1ed2554995b505b934dd328646 - - -] Version for resource type Port changed None to 1.1 on consumer Open vSwitch agent@localhost.localdomain _set_version /usr/lib/python2.7/site-packages/neutron/api/rpc/callbacks/version_manager.py:119
2018-07-03 16:14:35.783 15816 DEBUG neutron.api.rpc.callbacks.version_manager [req-c814d13b-7e09-46ef-8db8-f8f632a548d0 4e72ad8ceb8f47a28db5a4b3551f9335 007e7f1ed2554995b505b934dd328646 - - -] Version for resource type Log changed None to 1.0 on consumer Open vSwitch agent@localhost.localdomain _set_version /usr/lib/python2.7/site-packages/neutron/api/rpc/callbacks/version_manager.py:119
2018-07-03 16:14:35.818 15816 DEBUG oslo_concurrency.lockutils [req-c814d13b-7e09-46ef-8db8-f8f632a548d0 4e72ad8ceb8f47a28db5a4b3551f9335 007e7f1ed2554995b505b934dd328646 - - -] Lock "event-dispatch" released by "neutron.plugins.ml2.ovo_rpc.dispatch_events" :: held 0.203s inner /usr/lib/python2.7/site-packages/oslo_concurrency/lockutils.py:282
2018-07-03 16:14:35.828 15811 INFO neutron.wsgi [req-27bac0ad-aafb-40a1-b553-689ba529150e 72eef6c8af39495084702b0217df08d6 4340e242277144a39aad7507a87ea19b - default default] 10.0.20.23 "GET /v2.0/ports?tenant_id=007e7f1ed2554995b505b934dd328646&device_id=f14c2b46-9095-4307-a38c-260473ea3ec3 HTTP/1.1" status: 200  len: 1125 time: 0.8682640
2018-07-03 16:14:36.090 15816 DEBUG neutron.db.l3_dvrscheduler_db [req-c814d13b-7e09-46ef-8db8-f8f632a548d0 4e72ad8ceb8f47a28db5a4b3551f9335 007e7f1ed2554995b505b934dd328646 - default default] No DVR routers for this DVR port 4d8241fb-79a3-4129-ba11-ee75aedff196 on host localhost.localdomain get_dvr_routers_to_remove /usr/lib/python2.7/site-packages/neutron/db/l3_dvrscheduler_db.py:191
2018-07-03 16:14:36.128 15825 DEBUG oslo_concurrency.lockutils [-] Lock "notifier-4042e923-39bb-4e07-824f-f87336a27d12" released by "neutron.notifiers.batch_notifier.synced_send" :: held 3.038s inner /usr/lib/python2.7/site-packages/oslo_concurrency/lockutils.py:282
2018-07-03 16:14:36.150 15816 DEBUG neutron_lib.callbacks.manager [req-c814d13b-7e09-46ef-8db8-f8f632a548d0 4e72ad8ceb8f47a28db5a4b3551f9335 007e7f1ed2554995b505b934dd328646 - default default] Notify callbacks ['neutron.notifiers.nova.Notifier._send_nova_notification--9223372036854648112'] for port, before_response _notify_loop /usr/lib/python2.7/site-packages/neutron_lib/callbacks/manager.py:167
2018-07-03 16:14:36.154 15816 DEBUG oslo_concurrency.lockutils [-] Lock "notifier-4042e923-39bb-4e07-824f-f87336a27d12" acquired by "neutron.notifiers.batch_notifier.synced_send" :: waited 0.000s inner /usr/lib/python2.7/site-packages/oslo_concurrency/lockutils.py:270
2018-07-03 16:14:36.155 15816 DEBUG neutron.notifiers.nova [-] Sending events: [{'tag': u'4d8241fb-79a3-4129-ba11-ee75aedff196', 'name': 'network-vif-deleted', 'server_uuid': u'5ff95cb8-2cb7-47a4-bc39-c4d3f575aaaf'}] send_events /usr/lib/python2.7/site-packages/neutron/notifiers/nova.py:242
2018-07-03 16:14:36.161 15816 DEBUG novaclient.v2.client [-] REQ: curl -g -i -X POST http://10.0.20.23:8774/v2.1/4340e242277144a39aad7507a87ea19b/os-server-external-events -H "User-Agent: python-novaclient" -H "Content-Type: application/json" -H "Accept: application/json" -H "X-OpenStack-Nova-API-Version: 2.1" -H "X-Auth-Token: {SHA1}a875f3ba281c66d42189491744f7f25ff40b55cd" -d '{"events": [{"tag": "4d8241fb-79a3-4129-ba11-ee75aedff196", "name": "network-vif-deleted", "server_uuid": "5ff95cb8-2cb7-47a4-bc39-c4d3f575aaaf"}]}' _http_log_request /usr/lib/python2.7/site-packages/keystoneauth1/session.py:375
2018-07-03 16:14:36.201 15816 DEBUG neutron.quota.resource [req-c814d13b-7e09-46ef-8db8-f8f632a548d0 4e72ad8ceb8f47a28db5a4b3551f9335 007e7f1ed2554995b505b934dd328646 - default default] Persisted dirty status for tenant:71ad7bc62c9f4c4199cc0f0cf50b16e5 on resource:port mark_dirty /usr/lib/python2.7/site-packages/neutron/quota/resource.py:207
2018-07-03 16:14:36.218 15816 INFO neutron.wsgi [req-c814d13b-7e09-46ef-8db8-f8f632a548d0 4e72ad8ceb8f47a28db5a4b3551f9335 007e7f1ed2554995b505b934dd328646 - default default] 10.0.20.23 "DELETE /v2.0/ports/4d8241fb-79a3-4129-ba11-ee75aedff196 HTTP/1.1" status: 204  len: 173 time: 2.5866210
2018-07-03 16:14:36.329 15816 DEBUG novaclient.v2.client [-] RESP: [200] Content-Length: 183 Content-Type: application/json Openstack-Api-Version: compute 2.1 X-Openstack-Nova-Api-Version: 2.1 Vary: OpenStack-API-Version, X-OpenStack-Nova-API-Version X-Openstack-Request-Id: req-5ee23643-c4ad-4a76-afb3-419437a52ae3 X-Compute-Request-Id: req-5ee23643-c4ad-4a76-afb3-419437a52ae3 Date: Tue, 03 Jul 2018 14:14:36 GMT Connection: keep-alive 
RESP BODY: {"events": [{"status": "completed", "tag": "4d8241fb-79a3-4129-ba11-ee75aedff196", "name": "network-vif-deleted", "server_uuid": "5ff95cb8-2cb7-47a4-bc39-c4d3f575aaaf", "code": 200}]}
 _http_log_response /usr/lib/python2.7/site-packages/keystoneauth1/session.py:423
2018-07-03 16:14:36.330 15816 DEBUG novaclient.v2.client [-] POST call to compute for http://10.0.20.23:8774/v2.1/4340e242277144a39aad7507a87ea19b/os-server-external-events used request id req-5ee23643-c4ad-4a76-afb3-419437a52ae3 request /usr/lib/python2.7/site-packages/keystoneauth1/session.py:727
2018-07-03 16:14:36.337 15816 INFO neutron.notifiers.nova [-] Nova event response: {u'status': u'completed', u'tag': u'4d8241fb-79a3-4129-ba11-ee75aedff196', u'name': u'network-vif-deleted', u'server_uuid': u'5ff95cb8-2cb7-47a4-bc39-c4d3f575aaaf', u'code': 200}
2018-07-03 16:14:36.634 15811 DEBUG neutron.pecan_wsgi.hooks.policy_enforcement [req-5fc1aef9-c432-491e-81bc-53d6a3ab538b 72eef6c8af39495084702b0217df08d6 4340e242277144a39aad7507a87ea19b - default default] Attributes excluded by policy engine: [u'vlan_transparent'] _exclude_attributes_by_policy /usr/lib/python2.7/site-packages/neutron/pecan_wsgi/hooks/policy_enforcement.py:256
2018-07-03 16:14:36.637 15811 INFO neutron.wsgi [req-5fc1aef9-c432-491e-81bc-53d6a3ab538b 72eef6c8af39495084702b0217df08d6 4340e242277144a39aad7507a87ea19b - default default] 10.0.20.23 "GET /v2.0/networks?id=27d015bc-8cdc-4cb5-ad0f-6c388c7b7d5e HTTP/1.1" status: 200  len: 888 time: 0.8004460
2018-07-03 16:14:36.689 15811 INFO neutron.wsgi [req-bceda882-f9b2-45a1-8448-64b030667c45 72eef6c8af39495084702b0217df08d6 4340e242277144a39aad7507a87ea19b - default default] 10.0.20.23 "GET /v2.0/floatingips?fixed_ip_address=172.24.4.12&port_id=3bcb5505-8394-4288-9cf1-f80fb69834e3 HTTP/1.1" status: 200  len: 217 time: 0.0429111
2018-07-03 16:14:36.906 15811 DEBUG neutron.pecan_wsgi.hooks.policy_enforcement [req-766e762a-2a04-4cf0-aab8-026470f867d2 72eef6c8af39495084702b0217df08d6 4340e242277144a39aad7507a87ea19b - default default] Attributes excluded by policy engine: [u'shared'] _exclude_attributes_by_policy /usr/lib/python2.7/site-packages/neutron/pecan_wsgi/hooks/policy_enforcement.py:256
2018-07-03 16:14:36.909 15811 INFO neutron.wsgi [req-766e762a-2a04-4cf0-aab8-026470f867d2 72eef6c8af39495084702b0217df08d6 4340e242277144a39aad7507a87ea19b - default default] 10.0.20.23 "GET /v2.0/subnets?id=13c1b0d0-0ad2-44d1-9c10-321cd0119f52 HTTP/1.1" status: 200  len: 819 time: 0.2134049
2018-07-03 16:14:37.046 15811 INFO neutron.wsgi [req-906ab43c-1b9a-442d-91a8-d3b89601e121 72eef6c8af39495084702b0217df08d6 4340e242277144a39aad7507a87ea19b - default default] 10.0.20.23 "GET /v2.0/ports?network_id=27d015bc-8cdc-4cb5-ad0f-6c388c7b7d5e&device_owner=network%3Adhcp HTTP/1.1" status: 200  len: 210 time: 0.1291211
2018-07-03 16:14:38.339 15816 DEBUG oslo_concurrency.lockutils [-] Lock "notifier-4042e923-39bb-4e07-824f-f87336a27d12" released by "neutron.notifiers.batch_notifier.synced_send" :: held 2.185s inner /usr/lib/python2.7/site-packages/oslo_concurrency/lockutils.py:282
2018-07-03 16:14:39.991 15826 DEBUG neutron_lib.callbacks.manager [req-32cb3341-1bed-4d6c-9852-7eb7266e0ad7 - - - - -] Notify callbacks ['neutron.services.segments.db._update_segment_host_mapping_for_agent-8748369019954'] for agent, after_update _notify_loop /usr/lib/python2.7/site-packages/neutron_lib/callbacks/manager.py:167
2018-07-03 16:14:51.272 15833 DEBUG neutron_lib.callbacks.manager [req-4d06d05c-3b7f-41c4-b452-024cebfb2aca - - - - -] Notify callbacks ['neutron.services.segments.db._update_segment_host_mapping_for_agent-8748369019954'] for agent, after_update _notify_loop /usr/lib/python2.7/site-packages/neutron_lib/callbacks/manager.py:167
2018-07-03 16:14:51.320 15820 DEBUG neutron_lib.callbacks.manager [req-26f01646-a5f7-4e1a-9540-7a662816342a - - - - -] Notify callbacks ['neutron.services.segments.db._update_segment_host_mapping_for_agent-8748369019954'] for agent, after_update _notify_loop /usr/lib/python2.7/site-packages/neutron_lib/callbacks/manager.py:167
2018-07-03 16:14:54.001 15825 DEBUG neutron_lib.callbacks.manager [req-2e3c4a40-43e4-4605-b677-4b800aaeb1e2 - - - - -] Notify callbacks ['neutron.services.segments.db._update_segment_host_mapping_for_agent-8748369019954'] for agent, after_update _notify_loop /usr/lib/python2.7/site-packages/neutron_lib/callbacks/manager.py:167
2018-07-03 16:14:55.684 15830 DEBUG neutron_lib.callbacks.manager [req-dc25c890-babd-44a4-acd7-f8973351b842 - - - - -] Notify callbacks ['neutron.services.segments.db._update_segment_host_mapping_for_agent-8748369019954'] for agent, after_update _notify_loop /usr/lib/python2.7/site-packages/neutron_lib/callbacks/manager.py:167
2018-07-03 16:15:06.143 15817 DEBUG neutron.wsgi [-] (15817) accepted ('10.0.20.23', 39918) server /usr/lib/python2.7/site-packages/eventlet/wsgi.py:883
2018-07-03 16:15:06.147 15817 INFO neutron.wsgi [-] 10.0.20.23 "GET / HTTP/1.1" status: 200  len: 252 time: 0.0026600
2018-07-03 16:15:07.686 15817 INFO neutron.api.v2.resource [req-ecfd6ef1-79ab-4253-838d-382fd6f469ed 4e72ad8ceb8f47a28db5a4b3551f9335 007e7f1ed2554995b505b934dd328646 - default default] show failed (client error): The resource could not be found.
2018-07-03 16:15:07.688 15817 INFO neutron.wsgi [req-ecfd6ef1-79ab-4253-838d-382fd6f469ed 4e72ad8ceb8f47a28db5a4b3551f9335 007e7f1ed2554995b505b934dd328646 - default default] 10.0.20.23 "GET /v2.0/routers/tempest-router-1530626810 HTTP/1.1" status: 404  len: 334 time: 1.5307491
2018-07-03 16:15:08.003 15817 INFO neutron.wsgi [req-70de22a2-98cf-4e71-8815-65e5c7a370af 4e72ad8ceb8f47a28db5a4b3551f9335 007e7f1ed2554995b505b934dd328646 - default default] 10.0.20.23 "GET /v2.0/routers HTTP/1.1" status: 200  len: 1591 time: 0.3061891
2018-07-03 16:15:08.064 15817 DEBUG neutron.api.v2.base [req-2d30c148-6247-4ee2-9a84-84f2979d6c1d 4e72ad8ceb8f47a28db5a4b3551f9335 007e7f1ed2554995b505b934dd328646 - default default] Request body: {u'router': {u'external_gateway_info': {}}} prepare_request_body /usr/lib/python2.7/site-packages/neutron/api/v2/base.py:695
2018-07-03 16:15:08.839 15817 DEBUG neutron_lib.callbacks.manager [req-2d30c148-6247-4ee2-9a84-84f2979d6c1d 4e72ad8ceb8f47a28db5a4b3551f9335 007e7f1ed2554995b505b934dd328646 - default default] Notify callbacks [] for router_gateway, before_delete _notify_loop /usr/lib/python2.7/site-packages/neutron_lib/callbacks/manager.py:167
2018-07-03 16:15:08.880 15817 DEBUG neutron.plugins.ml2.plugin [req-2d30c148-6247-4ee2-9a84-84f2979d6c1d 4e72ad8ceb8f47a28db5a4b3551f9335 007e7f1ed2554995b505b934dd328646 - default default] Deleting port d3d05a3a-4f18-4773-9007-c85f0fed159c _pre_delete_port /usr/lib/python2.7/site-packages/neutron/plugins/ml2/plugin.py:1488
2018-07-03 16:15:08.885 15817 DEBUG neutron_lib.callbacks.manager [req-2d30c148-6247-4ee2-9a84-84f2979d6c1d 4e72ad8ceb8f47a28db5a4b3551f9335 007e7f1ed2554995b505b934dd328646 - default default] Notify callbacks ['neutron.db.l3_db._prevent_l3_port_delete_callback-8748369219814'] for port, before_delete _notify_loop /usr/lib/python2.7/site-packages/neutron_lib/callbacks/manager.py:167
2018-07-03 16:15:09.342 15817 DEBUG neutron.plugins.ml2.db [req-2d30c148-6247-4ee2-9a84-84f2979d6c1d 4e72ad8ceb8f47a28db5a4b3551f9335 007e7f1ed2554995b505b934dd328646 - default default] For port d3d05a3a-4f18-4773-9007-c85f0fed159c, host localhost.localdomain, got binding levels [<neutron.plugins.ml2.models.PortBindingLevel[object at 7f4e35aee210] {port_id=u'd3d05a3a-4f18-4773-9007-c85f0fed159c', host=u'localhost.localdomain', level=0, driver=u'openvswitch', segment_id=u'1d3fdef4-5a96-4a4d-91a7-ba8591fa9637'}>] get_binding_levels /usr/lib/python2.7/site-packages/neutron/plugins/ml2/db.py:106
2018-07-03 16:15:09.395 15817 DEBUG neutron.plugins.ml2.plugin [req-2d30c148-6247-4ee2-9a84-84f2979d6c1d 4e72ad8ceb8f47a28db5a4b3551f9335 007e7f1ed2554995b505b934dd328646 - default default] Calling delete_port for d3d05a3a-4f18-4773-9007-c85f0fed159c owned by network:router_gateway delete_port /usr/lib/python2.7/site-packages/neutron/plugins/ml2/plugin.py:1547
2018-07-03 16:15:09.973 15819 DEBUG neutron_lib.callbacks.manager [req-32cb3341-1bed-4d6c-9852-7eb7266e0ad7 - - - - -] Notify callbacks ['neutron.services.segments.db._update_segment_host_mapping_for_agent-8748369019954'] for agent, after_update _notify_loop /usr/lib/python2.7/site-packages/neutron_lib/callbacks/manager.py:167
2018-07-03 16:15:10.309 15817 DEBUG neutron_lib.callbacks.manager [req-2d30c148-6247-4ee2-9a84-84f2979d6c1d 4e72ad8ceb8f47a28db5a4b3551f9335 007e7f1ed2554995b505b934dd328646 - default default] Notify callbacks ['neutron.plugins.ml2.ovo_rpc._ObjectChangeHandler.handle_event-1627430', 'neutron.api.rpc.agentnotifiers.dhcp_rpc_agent_api.DhcpAgentNotifyAPI._native_event_send_dhcp_notification-1749987', 'neutron.db.l3_db._notify_routers_callback--9223363288485578048', 'neutron.db.l3_dvrscheduler_db._notify_port_delete--9223363288486118238', 'neutron.services.segments.plugin.NovaSegmentNotifier._notify_port_created_or_deleted-3332485', 'neutron.plugins.ml2.plugin.Ml2Plugin.notify_sg_on_port_change-374485'] for port, after_delete _notify_loop /usr/lib/python2.7/site-packages/neutron_lib/callbacks/manager.py:167
2018-07-03 16:15:10.339 15817 DEBUG oslo_concurrency.lockutils [-] Lock "event-dispatch" acquired by "neutron.plugins.ml2.ovo_rpc.dispatch_events" :: waited 0.000s inner /usr/lib/python2.7/site-packages/oslo_concurrency/lockutils.py:270
2018-07-03 16:15:10.570 15817 DEBUG neutron.api.rpc.handlers.resources_rpc [req-2d30c148-6247-4ee2-9a84-84f2979d6c1d 4e72ad8ceb8f47a28db5a4b3551f9335 007e7f1ed2554995b505b934dd328646 - - -] neutron.api.rpc.handlers.resources_rpc.ResourcesPushRpcApi method push called with arguments (<neutron_lib.context.Context object at 0x7f4e353e9890>, [Port(admin_state_up=<?>,allowed_address_pairs=<?>,binding=<?>,binding_levels=<?>,created_at=<?>,data_plane_status=<?>,description=<?>,device_id=<?>,device_owner=<?>,dhcp_options=<?>,distributed_binding=<?>,dns=<?>,fixed_ips=<?>,id=d3d05a3a-4f18-4773-9007-c85f0fed159c,mac_address=<?>,name=<?>,network_id=<?>,project_id=<?>,qos_policy_id=None,revision_number=<?>,security=<?>,security_group_ids=None,status=<?>,updated_at=<?>)], 'deleted') {} wrapper /usr/lib/python2.7/site-packages/oslo_log/helpers.py:66
2018-07-03 16:15:10.612 15817 DEBUG oslo_concurrency.lockutils [req-2d30c148-6247-4ee2-9a84-84f2979d6c1d 4e72ad8ceb8f47a28db5a4b3551f9335 007e7f1ed2554995b505b934dd328646 - - -] Lock "event-dispatch" released by "neutron.plugins.ml2.ovo_rpc.dispatch_events" :: held 0.272s inner /usr/lib/python2.7/site-packages/oslo_concurrency/lockutils.py:282
2018-07-03 16:15:11.211 15817 DEBUG neutron_lib.callbacks.manager [req-2d30c148-6247-4ee2-9a84-84f2979d6c1d 4e72ad8ceb8f47a28db5a4b3551f9335 007e7f1ed2554995b505b934dd328646 - default default] Notify callbacks ['neutron.services.l3_router.l3_router_plugin.L3RouterPlugin._delete_dvr_internal_ports--9223372036853170953'] for router_gateway, after_delete _notify_loop /usr/lib/python2.7/site-packages/neutron_lib/callbacks/manager.py:167
2018-07-03 16:15:11.318 15817 DEBUG neutron_lib.callbacks.manager [req-2d30c148-6247-4ee2-9a84-84f2979d6c1d 4e72ad8ceb8f47a28db5a4b3551f9335 007e7f1ed2554995b505b934dd328646 - default default] Notify callbacks ['neutron.services.l3_router.l3_router_plugin.L3RouterPlugin._handle_distributed_migration--9223372036853171048', 'neutron.services.l3_router.l3_router_plugin.L3RouterPlugin._validate_migration--9223372036853177777', 'neutron.services.l3_router.service_providers.driver_controller.DriverController._update_router_provider-1025901'] for router, precommit_update _notify_loop /usr/lib/python2.7/site-packages/neutron_lib/callbacks/manager.py:167
2018-07-03 16:15:11.327 15817 DEBUG neutron_lib.callbacks.manager [req-2d30c148-6247-4ee2-9a84-84f2979d6c1d 4e72ad8ceb8f47a28db5a4b3551f9335 007e7f1ed2554995b505b934dd328646 - default default] Notify callbacks ['neutron.services.l3_router.l3_router_plugin.L3RouterPlugin._delete_snat_interfaces_after_change-1604752', 'neutron.services.l3_router.l3_router_plugin.L3RouterPlugin._create_snat_interfaces_after_change--9223372036853170967', 'neutron.services.l3_router.l3_router_plugin.L3RouterPlugin._reconfigure_ha_resources-511201'] for router, after_update _notify_loop /usr/lib/python2.7/site-packages/neutron_lib/callbacks/manager.py:167
2018-07-03 16:15:11.517 15817 DEBUG neutron.scheduler.l3_agent_scheduler [req-2d30c148-6247-4ee2-9a84-84f2979d6c1d 4e72ad8ceb8f47a28db5a4b3551f9335 007e7f1ed2554995b505b934dd328646 - default default] Router d7e6a5ba-d3bb-4635-b9c1-32f3b49c5ccf has already been hosted by L3 agent f3b2a706-18d3-46f7-853e-b527dfd7fad6 _get_candidates /usr/lib/python2.7/site-packages/neutron/scheduler/l3_agent_scheduler.py:141
2018-07-03 16:15:11.646 15817 DEBUG neutron.api.rpc.agentnotifiers.l3_rpc_agent_api [req-2d30c148-6247-4ee2-9a84-84f2979d6c1d 4e72ad8ceb8f47a28db5a4b3551f9335 007e7f1ed2554995b505b934dd328646 - default default] Notify agent at l3_agent.localhost.localdomain the message routers_updated _agent_notification /usr/lib/python2.7/site-packages/neutron/api/rpc/agentnotifiers/l3_rpc_agent_api.py:69
2018-07-03 16:15:11.669 15817 DEBUG neutron.quota.resource [req-2d30c148-6247-4ee2-9a84-84f2979d6c1d 4e72ad8ceb8f47a28db5a4b3551f9335 007e7f1ed2554995b505b934dd328646 - default default] Persisted dirty status for tenant: on resource:port mark_dirty /usr/lib/python2.7/site-packages/neutron/quota/resource.py:207
2018-07-03 16:15:11.675 15817 DEBUG neutron_lib.callbacks.manager [req-2d30c148-6247-4ee2-9a84-84f2979d6c1d 4e72ad8ceb8f47a28db5a4b3551f9335 007e7f1ed2554995b505b934dd328646 - default default] Notify callbacks [] for router, before_response _notify_loop /usr/lib/python2.7/site-packages/neutron_lib/callbacks/manager.py:167
2018-07-03 16:15:11.676 15817 INFO neutron.wsgi [req-2d30c148-6247-4ee2-9a84-84f2979d6c1d 4e72ad8ceb8f47a28db5a4b3551f9335 007e7f1ed2554995b505b934dd328646 - default default] 10.0.20.23 "PUT /v2.0/routers/d7e6a5ba-d3bb-4635-b9c1-32f3b49c5ccf HTTP/1.1" status: 200  len: 728 time: 3.6532738
2018-07-03 16:15:11.693 15835 DEBUG neutron.db.l3_hamode_db [req-3420e545-7143-4794-b68a-9a805a8ca220 - - - - -] neutron.services.l3_router.l3_router_plugin.L3RouterPlugin method get_ha_sync_data_for_host called with arguments (<neutron_lib.context.Context object at 0x7f4e35dbd250>, u'localhost.localdomain', <neutron.db.models.agent.Agent[object at 7f4e35dbd050] {id=u'f3b2a706-18d3-46f7-853e-b527dfd7fad6', agent_type=u'L3 agent', binary=u'neutron-l3-agent', topic=u'l3_agent', host=u'localhost.localdomain', availability_zone=u'nova', admin_state_up=True, created_at=datetime.datetime(2018, 6, 20, 16, 53, 37), started_at=datetime.datetime(2018, 7, 3, 13, 46, 24), heartbeat_timestamp=datetime.datetime(2018, 7, 3, 14, 14, 53), description=None, configurations=u'{"agent_mode": "legacy", "gateway_external_network_id": "", "handle_internal_only_routers": true, "routers": 2, "interfaces": 2, "floating_ips": 0, "interface_driver": "neutron.agent.linux.interface.OVSInterfaceDriver", "log_agent_heartbeats": false, "external_network_bridge": "", "ex_gw_ports": 2}', resource_versions=None, load=0}>) {'active': True, 'router_ids': ['d7e6a5ba-d3bb-4635-b9c1-32f3b49c5ccf']} wrapper /usr/lib/python2.7/site-packages/oslo_log/helpers.py:66
2018-07-03 16:15:11.946 15835 DEBUG neutron.db.agents_db [req-8ad55e42-6bd5-4bce-92e0-e535e0207115 - - - - -] Agent healthcheck: found 5 active agents agent_health_check /usr/lib/python2.7/site-packages/neutron/db/agents_db.py:281
