2018-09-14 00:26:47.250 14467 DEBUG neutron.pecan_wsgi.hooks.policy_enforcement [req-dd6f26ae-83c8-433e-a876-bf09221d48e8 c6076d0e968d46daaf0fc5019a0f8a15 bd8a53962fd64ffeab7f2932b0e688c5 - default default] Attributes excluded by policy engine: [u'vlan_transparent'] _exclude_attributes_by_policy /usr/lib/python2.7/site-packages/neutron/pecan_wsgi/hooks/policy_enforcement.py:256
2018-09-14 00:26:47.251 14467 DEBUG neutron.pecan_wsgi.hooks.policy_enforcement [req-dd6f26ae-83c8-433e-a876-bf09221d48e8 c6076d0e968d46daaf0fc5019a0f8a15 bd8a53962fd64ffeab7f2932b0e688c5 - default default] Attributes excluded by policy engine: [u'vlan_transparent'] _exclude_attributes_by_policy /usr/lib/python2.7/site-packages/neutron/pecan_wsgi/hooks/policy_enforcement.py:256
2018-09-14 00:26:47.254 14467 INFO neutron.wsgi [req-dd6f26ae-83c8-433e-a876-bf09221d48e8 c6076d0e968d46daaf0fc5019a0f8a15 bd8a53962fd64ffeab7f2932b0e688c5 - default default] 10.0.20.25 "GET /v2.0/networks HTTP/1.1" status: 200  len: 2214 time: 0.3074851
2018-09-14 00:26:47.925 14467 DEBUG neutron.api.v2.base [req-1e18bef0-f359-463a-b14b-7176018d89c1 c6076d0e968d46daaf0fc5019a0f8a15 bd8a53962fd64ffeab7f2932b0e688c5 - default default] Request body: {u'floatingip': {u'floating_network_id': u'40fff4bc-a326-419b-b1c1-a7aa26b2d41a', u'tenant_id': u'64702ccb6ada4a5d86cbd2a7f7542bf3'}} prepare_request_body /usr/lib/python2.7/site-packages/neutron/api/v2/base.py:695
2018-09-14 00:26:47.937 14467 DEBUG neutron.db.quota.driver [req-1e18bef0-f359-463a-b14b-7176018d89c1 c6076d0e968d46daaf0fc5019a0f8a15 bd8a53962fd64ffeab7f2932b0e688c5 - default default] Resources subnetpool have unlimited quota limit. It is not required to calculate headroom  make_reservation /usr/lib/python2.7/site-packages/neutron/db/quota/driver.py:223
2018-09-14 00:26:47.950 14467 DEBUG neutron.quota.resource [req-1e18bef0-f359-463a-b14b-7176018d89c1 c6076d0e968d46daaf0fc5019a0f8a15 bd8a53962fd64ffeab7f2932b0e688c5 - default default] Usage tracker for resource:floatingip and tenant:64702ccb6ada4a5d86cbd2a7f7542bf3 is out of sync, need to count used quota count_used /usr/lib/python2.7/site-packages/neutron/quota/resource.py:274
2018-09-14 00:26:47.969 14467 DEBUG neutron.quota.resource [req-1e18bef0-f359-463a-b14b-7176018d89c1 c6076d0e968d46daaf0fc5019a0f8a15 bd8a53962fd64ffeab7f2932b0e688c5 - default default] Quota usage for floatingip was recalculated. Used quota:0. count_used /usr/lib/python2.7/site-packages/neutron/quota/resource.py:293
2018-09-14 00:26:47.985 14467 DEBUG neutron.db.quota.driver [req-1e18bef0-f359-463a-b14b-7176018d89c1 c6076d0e968d46daaf0fc5019a0f8a15 bd8a53962fd64ffeab7f2932b0e688c5 - default default] Attempting to reserve 1 items for resource floatingip. Total usage: 0; quota limit: 50; headroom:50 make_reservation /usr/lib/python2.7/site-packages/neutron/db/quota/driver.py:255
2018-09-14 00:26:48.340 14467 DEBUG neutron_lib.callbacks.manager [req-1e18bef0-f359-463a-b14b-7176018d89c1 c6076d0e968d46daaf0fc5019a0f8a15 bd8a53962fd64ffeab7f2932b0e688c5 - default default] Notify callbacks ['neutron.plugins.ml2.plugin.Ml2Plugin._ensure_default_security_group_handler--9223372036853022457'] for port, before_create _notify_loop /usr/lib/python2.7/site-packages/neutron_lib/callbacks/manager.py:167
2018-09-14 00:26:48.987 14467 DEBUG neutron.db.db_base_plugin_common [req-1e18bef0-f359-463a-b14b-7176018d89c1 c6076d0e968d46daaf0fc5019a0f8a15 bd8a53962fd64ffeab7f2932b0e688c5 - default default] Allocated IP 172.24.4.8 (40fff4bc-a326-419b-b1c1-a7aa26b2d41a/a3f065d6-c694-4228-b2c0-49725a850924/91c81842-fce1-43d9-a2ca-0e198332fa25) _store_ip_allocation /usr/lib/python2.7/site-packages/neutron/db/db_base_plugin_common.py:122
2018-09-14 00:26:49.367 14467 DEBUG neutron_lib.callbacks.manager [req-1e18bef0-f359-463a-b14b-7176018d89c1 c6076d0e968d46daaf0fc5019a0f8a15 bd8a53962fd64ffeab7f2932b0e688c5 - default default] Notify callbacks [] for port, precommit_create _notify_loop /usr/lib/python2.7/site-packages/neutron_lib/callbacks/manager.py:167
2018-09-14 00:26:49.468 14467 DEBUG neutron_lib.callbacks.manager [req-1e18bef0-f359-463a-b14b-7176018d89c1 c6076d0e968d46daaf0fc5019a0f8a15 bd8a53962fd64ffeab7f2932b0e688c5 - default default] Notify callbacks ['neutron.plugins.ml2.plugin.Ml2Plugin.notify_sg_on_port_change--9223372036853020960', 'neutron.api.rpc.agentnotifiers.dhcp_rpc_agent_api.DhcpAgentNotifyAPI._native_event_send_dhcp_notification--9223372036853974110', 'neutron.plugins.ml2.ovo_rpc._ObjectChangeHandler.handle_event--9223372036853872715', 'neutron.db.l3_dvrscheduler_db._notify_l3_agent_new_port-8759833475694'] for port, after_create _notify_loop /usr/lib/python2.7/site-packages/neutron_lib/callbacks/manager.py:167
2018-09-14 00:26:49.818 14477 DEBUG neutron.db.agents_db [req-c7245888-8efb-47e4-ae56-cf68df1d9c5e - - - - -] Agent healthcheck: found 5 active agents agent_health_check /usr/lib/python2.7/site-packages/neutron/db/agents_db.py:281
2018-09-14 00:26:49.997 14467 DEBUG neutron.scheduler.dhcp_agent_scheduler [req-1e18bef0-f359-463a-b14b-7176018d89c1 c6076d0e968d46daaf0fc5019a0f8a15 bd8a53962fd64ffeab7f2932b0e688c5 - default default] Network 40fff4bc-a326-419b-b1c1-a7aa26b2d41a is already hosted by enough agents. _get_dhcp_agents_hosting_network /usr/lib/python2.7/site-packages/neutron/scheduler/dhcp_agent_scheduler.py:243
2018-09-14 00:26:50.037 14467 DEBUG neutron.db.l3_dvrscheduler_db [req-1e18bef0-f359-463a-b14b-7176018d89c1 c6076d0e968d46daaf0fc5019a0f8a15 bd8a53962fd64ffeab7f2932b0e688c5 - default default] Received port after_create _notify_l3_agent_new_port /usr/lib/python2.7/site-packages/neutron/db/l3_dvrscheduler_db.py:392
2018-09-14 00:26:50.044 14467 DEBUG oslo_concurrency.lockutils [-] Lock "event-dispatch" acquired by "neutron.plugins.ml2.ovo_rpc.dispatch_events" :: waited 0.000s inner /usr/lib/python2.7/site-packages/oslo_concurrency/lockutils.py:270
2018-09-14 00:26:50.168 14467 DEBUG neutron.api.rpc.handlers.resources_rpc [req-1e18bef0-f359-463a-b14b-7176018d89c1 c6076d0e968d46daaf0fc5019a0f8a15 bd8a53962fd64ffeab7f2932b0e688c5 - - -] neutron.api.rpc.handlers.resources_rpc.ResourcesPushRpcApi method push called with arguments (<neutron_lib.context.Context object at 0x7f78eb243a10>, [Port(admin_state_up=True,allowed_address_pairs=[],binding=PortBinding,binding_levels=[],created_at=2018-09-14T04:26:48Z,data_plane_status=<?>,description='',device_id='PENDING',device_owner='network:floatingip',dhcp_options=[],distributed_binding=None,dns=None,fixed_ips=[IPAllocation],id=91c81842-fce1-43d9-a2ca-0e198332fa25,mac_address=fa:16:3e:f3:01:b8,name='',network_id=40fff4bc-a326-419b-b1c1-a7aa26b2d41a,project_id='',qos_policy_id=None,revision_number=3,security=PortSecurity(91c81842-fce1-43d9-a2ca-0e198332fa25),security_group_ids=set([]),status='N/A',updated_at=2018-09-14T04:26:49Z)], 'updated') {} wrapper /usr/lib/python2.7/site-packages/oslo_log/helpers.py:66
2018-09-14 00:26:50.259 14467 DEBUG oslo_concurrency.lockutils [req-1e18bef0-f359-463a-b14b-7176018d89c1 c6076d0e968d46daaf0fc5019a0f8a15 bd8a53962fd64ffeab7f2932b0e688c5 - - -] Lock "event-dispatch" released by "neutron.plugins.ml2.ovo_rpc.dispatch_events" :: held 0.215s inner /usr/lib/python2.7/site-packages/oslo_concurrency/lockutils.py:282
2018-09-14 00:26:50.300 14467 DEBUG neutron_lib.callbacks.manager [req-1e18bef0-f359-463a-b14b-7176018d89c1 c6076d0e968d46daaf0fc5019a0f8a15 bd8a53962fd64ffeab7f2932b0e688c5 - default default] Notify callbacks ['neutron.plugins.ml2.plugin.Ml2Plugin._ensure_default_security_group_handler--9223372036853022457'] for port, before_update _notify_loop /usr/lib/python2.7/site-packages/neutron_lib/callbacks/manager.py:167
2018-09-14 00:26:50.951 14467 DEBUG neutron_lib.callbacks.manager [req-1e18bef0-f359-463a-b14b-7176018d89c1 c6076d0e968d46daaf0fc5019a0f8a15 bd8a53962fd64ffeab7f2932b0e688c5 - default default] Notify callbacks [] for port, precommit_update _notify_loop /usr/lib/python2.7/site-packages/neutron_lib/callbacks/manager.py:167
2018-09-14 00:26:50.961 14467 DEBUG neutron_lib.callbacks.manager [req-1e18bef0-f359-463a-b14b-7176018d89c1 c6076d0e968d46daaf0fc5019a0f8a15 bd8a53962fd64ffeab7f2932b0e688c5 - default default] Notify callbacks ['neutron.plugins.ml2.plugin.Ml2Plugin.notify_sg_on_port_change--9223372036853020960', 'neutron.api.rpc.agentnotifiers.dhcp_rpc_agent_api.DhcpAgentNotifyAPI._native_event_send_dhcp_notification--9223372036853974110', 'neutron.plugins.ml2.ovo_rpc._ObjectChangeHandler.handle_event--9223372036853872715', 'neutron.db.l3_dvrscheduler_db._notify_l3_agent_port_update-8759833475709', 'neutron.db.l3_hascheduler_db._notify_l3_agent_ha_port_update-8759833475784'] for port, after_update _notify_loop /usr/lib/python2.7/site-packages/neutron_lib/callbacks/manager.py:167
2018-09-14 00:26:51.266 14467 DEBUG neutron_lib.callbacks.manager [req-1e18bef0-f359-463a-b14b-7176018d89c1 c6076d0e968d46daaf0fc5019a0f8a15 bd8a53962fd64ffeab7f2932b0e688c5 - default default] Notify callbacks ['neutron.services.l3_router.l3_router_plugin.L3RouterPlugin._create_dvr_floating_gw_port--9223372036853748189'] for floatingip, after_update _notify_loop /usr/lib/python2.7/site-packages/neutron_lib/callbacks/manager.py:167
2018-09-14 00:26:51.273 14467 DEBUG oslo_concurrency.lockutils [-] Lock "event-dispatch" acquired by "neutron.plugins.ml2.ovo_rpc.dispatch_events" :: waited 0.000s inner /usr/lib/python2.7/site-packages/oslo_concurrency/lockutils.py:270
2018-09-14 00:26:51.406 14467 DEBUG neutron.quota.resource [req-1e18bef0-f359-463a-b14b-7176018d89c1 c6076d0e968d46daaf0fc5019a0f8a15 bd8a53962fd64ffeab7f2932b0e688c5 - default default] Persisted dirty status for tenant:64702ccb6ada4a5d86cbd2a7f7542bf3 on resource:floatingip mark_dirty /usr/lib/python2.7/site-packages/neutron/quota/resource.py:207
2018-09-14 00:26:51.417 14467 DEBUG neutron.quota.resource [req-1e18bef0-f359-463a-b14b-7176018d89c1 c6076d0e968d46daaf0fc5019a0f8a15 bd8a53962fd64ffeab7f2932b0e688c5 - default default] Persisted dirty status for tenant: on resource:port mark_dirty /usr/lib/python2.7/site-packages/neutron/quota/resource.py:207
2018-09-14 00:26:51.436 14467 DEBUG neutron.api.rpc.handlers.resources_rpc [req-1e18bef0-f359-463a-b14b-7176018d89c1 c6076d0e968d46daaf0fc5019a0f8a15 bd8a53962fd64ffeab7f2932b0e688c5 - - -] neutron.api.rpc.handlers.resources_rpc.ResourcesPushRpcApi method push called with arguments (<neutron_lib.context.Context object at 0x7f78eba907d0>, [Port(admin_state_up=True,allowed_address_pairs=[],binding=PortBinding,binding_levels=[],created_at=2018-09-14T04:26:48Z,data_plane_status=<?>,description='',device_id='e7f05113-1ded-4ccb-8a09-16cd16c50cb7',device_owner='network:floatingip',dhcp_options=[],distributed_binding=None,dns=None,fixed_ips=[IPAllocation],id=91c81842-fce1-43d9-a2ca-0e198332fa25,mac_address=fa:16:3e:f3:01:b8,name='',network_id=40fff4bc-a326-419b-b1c1-a7aa26b2d41a,project_id='',qos_policy_id=None,revision_number=4,security=PortSecurity(91c81842-fce1-43d9-a2ca-0e198332fa25),security_group_ids=set([]),status='N/A',updated_at=2018-09-14T04:26:50Z)], 'updated') {} wrapper /usr/lib/python2.7/site-packages/oslo_log/helpers.py:66
2018-09-14 00:26:51.454 14467 DEBUG neutron_lib.callbacks.manager [req-1e18bef0-f359-463a-b14b-7176018d89c1 c6076d0e968d46daaf0fc5019a0f8a15 bd8a53962fd64ffeab7f2932b0e688c5 - default default] Notify callbacks ['neutron.notifiers.nova.Notifier._send_nova_notification-29423'] for floatingip, before_response _notify_loop /usr/lib/python2.7/site-packages/neutron_lib/callbacks/manager.py:167
2018-09-14 00:26:51.457 14467 INFO neutron.wsgi [req-1e18bef0-f359-463a-b14b-7176018d89c1 c6076d0e968d46daaf0fc5019a0f8a15 bd8a53962fd64ffeab7f2932b0e688c5 - default default] 10.0.20.25 "POST /v2.0/floatingips HTTP/1.1" status: 201  len: 674 time: 3.5530090
2018-09-14 00:26:51.466 14467 DEBUG oslo_concurrency.lockutils [req-1e18bef0-f359-463a-b14b-7176018d89c1 c6076d0e968d46daaf0fc5019a0f8a15 bd8a53962fd64ffeab7f2932b0e688c5 - - -] Lock "event-dispatch" released by "neutron.plugins.ml2.ovo_rpc.dispatch_events" :: held 0.194s inner /usr/lib/python2.7/site-packages/oslo_concurrency/lockutils.py:282
2018-09-14 00:26:53.859 14462 DEBUG neutron.wsgi [-] (14462) accepted ('10.0.20.25', 39868) server /usr/lib/python2.7/site-packages/eventlet/wsgi.py:883
2018-09-14 00:26:53.869 14462 WARNING keystonemiddleware.auth_token [-] Using the in-process token cache is deprecated as of the 4.2.0 release and may be removed in the 5.0.0 release or the 'O' development cycle. The in-process cache causes inconsistent results and high memory usage. When the feature is removed the auth_token middleware will not cache tokens by default which may result in performance issues. It is recommended to use  memcache for the auth_token token cache by setting the memcached_servers option.
2018-09-14 00:26:55.453 14462 DEBUG oslo_policy._cache_handler [req-6b3cc1b2-59ed-43b1-8005-a38562ef7098 6041b01c631d425d829cf96874ce50bf 671ea1986554476bbcaa620e00697d23 - default default] Reloading cached file /etc/neutron/policy.json read_cached_file /usr/lib/python2.7/site-packages/oslo_policy/_cache_handler.py:40
2018-09-14 00:26:55.503 14462 DEBUG oslo_policy.policy [req-6b3cc1b2-59ed-43b1-8005-a38562ef7098 6041b01c631d425d829cf96874ce50bf 671ea1986554476bbcaa620e00697d23 - default default] Reloaded policy file: /etc/neutron/policy.json _load_policy_file /usr/lib/python2.7/site-packages/oslo_policy/policy.py:685
2018-09-14 00:26:55.960 14471 DEBUG neutron_lib.callbacks.manager [req-b612a159-2f30-4ca8-b73d-ca8bbad78c41 - - - - -] Notify callbacks ['neutron.services.segments.db._update_segment_host_mapping_for_agent-8759833838491'] for agent, after_update _notify_loop /usr/lib/python2.7/site-packages/neutron_lib/callbacks/manager.py:167
2018-09-14 00:26:56.335 14462 DEBUG oslo_policy._cache_handler [req-6b3cc1b2-59ed-43b1-8005-a38562ef7098 6041b01c631d425d829cf96874ce50bf 671ea1986554476bbcaa620e00697d23 - default default] Reloading cached file /etc/neutron/policy.json read_cached_file /usr/lib/python2.7/site-packages/oslo_policy/_cache_handler.py:40
2018-09-14 00:26:56.346 14469 DEBUG neutron_lib.callbacks.manager [req-1da116c8-a6ae-4806-9cba-4faf028fd37b - - - - -] Notify callbacks ['neutron.services.segments.db._update_segment_host_mapping_for_agent-8759833838491'] for agent, after_update _notify_loop /usr/lib/python2.7/site-packages/neutron_lib/callbacks/manager.py:167
2018-09-14 00:26:56.368 14462 DEBUG oslo_policy.policy [req-6b3cc1b2-59ed-43b1-8005-a38562ef7098 6041b01c631d425d829cf96874ce50bf 671ea1986554476bbcaa620e00697d23 - default default] Reloaded policy file: /etc/neutron/policy.json _load_policy_file /usr/lib/python2.7/site-packages/oslo_policy/policy.py:685
2018-09-14 00:26:56.379 14462 INFO neutron.wsgi [req-6b3cc1b2-59ed-43b1-8005-a38562ef7098 6041b01c631d425d829cf96874ce50bf 671ea1986554476bbcaa620e00697d23 - default default] 10.0.20.25 "GET /v2.0/ports?device_id=aa5b2a48-fae8-4339-9a97-671e0f5b8792 HTTP/1.1" status: 200  len: 1124 time: 2.5147369
2018-09-14 00:26:56.801 14462 INFO neutron.wsgi [req-9f4ccbc3-5f21-4c0b-994d-ed532d39a668 6041b01c631d425d829cf96874ce50bf 671ea1986554476bbcaa620e00697d23 - default default] 10.0.20.25 "GET /v2.0/security-groups?id=4232c09a-c546-4251-b866-2ae3e585c6cd HTTP/1.1" status: 200  len: 2118 time: 0.4119570
2018-09-14 00:26:57.085 14467 INFO neutron.wsgi [req-5fa44de4-3cb5-49f6-8785-0801744cec59 6041b01c631d425d829cf96874ce50bf 671ea1986554476bbcaa620e00697d23 - default default] 10.0.20.25 "GET /v2.0/ports?tenant_id=64702ccb6ada4a5d86cbd2a7f7542bf3&device_id=aa5b2a48-fae8-4339-9a97-671e0f5b8792 HTTP/1.1" status: 200  len: 1124 time: 0.1483231
2018-09-14 00:26:57.452 14467 DEBUG neutron.pecan_wsgi.hooks.policy_enforcement [req-9923e2bc-fd84-48e8-a92c-369be616ed53 6041b01c631d425d829cf96874ce50bf 671ea1986554476bbcaa620e00697d23 - default default] Attributes excluded by policy engine: [u'vlan_transparent'] _exclude_attributes_by_policy /usr/lib/python2.7/site-packages/neutron/pecan_wsgi/hooks/policy_enforcement.py:256
2018-09-14 00:26:57.456 14467 INFO neutron.wsgi [req-9923e2bc-fd84-48e8-a92c-369be616ed53 6041b01c631d425d829cf96874ce50bf 671ea1986554476bbcaa620e00697d23 - default default] 10.0.20.25 "GET /v2.0/networks?id=a3d5f662-6582-45de-8be0-788e5e73e261 HTTP/1.1" status: 200  len: 885 time: 0.3614008
2018-09-14 00:26:57.507 14467 INFO neutron.wsgi [req-e3ebcd30-3b66-4a32-9799-bd55f8d2fd87 6041b01c631d425d829cf96874ce50bf 671ea1986554476bbcaa620e00697d23 - default default] 10.0.20.25 "GET /v2.0/floatingips?fixed_ip_address=11.186.1.8&port_id=b7aa9184-2c3a-4cc1-94f0-85be5cfb7616 HTTP/1.1" status: 200  len: 217 time: 0.0401959
2018-09-14 00:26:57.756 14467 DEBUG neutron.pecan_wsgi.hooks.policy_enforcement [req-05f14826-d3d1-4e87-a374-33addba8452a 6041b01c631d425d829cf96874ce50bf 671ea1986554476bbcaa620e00697d23 - default default] Attributes excluded by policy engine: [u'shared'] _exclude_attributes_by_policy /usr/lib/python2.7/site-packages/neutron/pecan_wsgi/hooks/policy_enforcement.py:256
2018-09-14 00:26:57.761 14467 INFO neutron.wsgi [req-05f14826-d3d1-4e87-a374-33addba8452a 6041b01c631d425d829cf96874ce50bf 671ea1986554476bbcaa620e00697d23 - default default] 10.0.20.25 "GET /v2.0/subnets?id=30831314-7b96-46e8-9ae6-be353f89d486 HTTP/1.1" status: 200  len: 847 time: 0.2441032
2018-09-14 00:26:57.950 14467 INFO neutron.wsgi [req-d74f55a6-e4ca-4420-ae8e-f674ba89c650 6041b01c631d425d829cf96874ce50bf 671ea1986554476bbcaa620e00697d23 - default default] 10.0.20.25 "GET /v2.0/ports?network_id=a3d5f662-6582-45de-8be0-788e5e73e261&device_owner=network%3Adhcp HTTP/1.1" status: 200  len: 1128 time: 0.1792829
2018-09-14 00:27:00.200 14463 DEBUG neutron.wsgi [-] (14463) accepted ('10.0.20.25', 40440) server /usr/lib/python2.7/site-packages/eventlet/wsgi.py:883
2018-09-14 00:27:01.167 14463 INFO neutron.wsgi [req-21c5c338-803a-4656-bd37-2dc2f427bb62 6041b01c631d425d829cf96874ce50bf 671ea1986554476bbcaa620e00697d23 - default default] 10.0.20.25 "GET /v2.0/ports?device_id=aa5b2a48-fae8-4339-9a97-671e0f5b8792 HTTP/1.1" status: 200  len: 1124 time: 0.9645069
2018-09-14 00:27:01.387 14463 INFO neutron.wsgi [req-c708acd7-4c03-46c1-8504-86b56ace06d4 6041b01c631d425d829cf96874ce50bf 671ea1986554476bbcaa620e00697d23 - default default] 10.0.20.25 "GET /v2.0/security-groups?id=4232c09a-c546-4251-b866-2ae3e585c6cd HTTP/1.1" status: 200  len: 2118 time: 0.2104390
2018-09-14 00:27:02.574 14470 DEBUG neutron_lib.callbacks.manager [req-24347a0b-a485-4817-80a8-597c792451a4 - - - - -] Notify callbacks ['neutron.services.segments.db._update_segment_host_mapping_for_agent-8759833838491'] for agent, after_update _notify_loop /usr/lib/python2.7/site-packages/neutron_lib/callbacks/manager.py:167
2018-09-14 00:27:06.378 14462 DEBUG neutron.wsgi [-] (14462) accepted ('10.0.20.25', 40578) server /usr/lib/python2.7/site-packages/eventlet/wsgi.py:883
2018-09-14 00:27:06.959 14465 DEBUG neutron.wsgi [-] (14465) accepted ('10.0.20.25', 40674) server /usr/lib/python2.7/site-packages/eventlet/wsgi.py:883
2018-09-14 00:27:07.110 14462 INFO neutron.wsgi [req-4ae52d2f-a31a-49b5-ad7c-7b32306abb24 6041b01c631d425d829cf96874ce50bf 671ea1986554476bbcaa620e00697d23 - default default] 10.0.20.25 "GET /v2.0/ports?device_id=aa5b2a48-fae8-4339-9a97-671e0f5b8792 HTTP/1.1" status: 200  len: 1124 time: 0.7286491
2018-09-14 00:27:07.295 14462 INFO neutron.wsgi [req-954f4142-2d64-45f4-bb96-bdd173fff810 6041b01c631d425d829cf96874ce50bf 671ea1986554476bbcaa620e00697d23 - default default] 10.0.20.25 "GET /v2.0/security-groups?id=4232c09a-c546-4251-b866-2ae3e585c6cd HTTP/1.1" status: 200  len: 2118 time: 0.1648011
2018-09-14 00:27:08.637 14465 INFO neutron.wsgi [req-8e28f309-fe2d-4d82-aa36-f6091fd8af20 8d45267b87dc4dfc99f3e15919213053 64702ccb6ada4a5d86cbd2a7f7542bf3 - dde6bb0420cf4a9ca9b65797c540de41 dde6bb0420cf4a9ca9b65797c540de41] 10.0.20.25 "GET /v2.0/ports?device_id=aa5b2a48-fae8-4339-9a97-671e0f5b8792 HTTP/1.1" status: 200  len: 1124 time: 1.6742520
2018-09-14 00:27:08.808 14465 INFO neutron.wsgi [req-412854f7-2d7f-48c3-8fc2-2d541e851dea 8d45267b87dc4dfc99f3e15919213053 64702ccb6ada4a5d86cbd2a7f7542bf3 - dde6bb0420cf4a9ca9b65797c540de41 dde6bb0420cf4a9ca9b65797c540de41] 10.0.20.25 "GET /v2.0/security-groups?id=4232c09a-c546-4251-b866-2ae3e585c6cd HTTP/1.1" status: 200  len: 2118 time: 0.1582668
2018-09-14 00:27:09.223 14465 INFO neutron.wsgi [req-7cf6396a-5e97-4a42-997d-17a1044e82e3 8d45267b87dc4dfc99f3e15919213053 64702ccb6ada4a5d86cbd2a7f7542bf3 - dde6bb0420cf4a9ca9b65797c540de41 dde6bb0420cf4a9ca9b65797c540de41] 10.0.20.25 "GET /v2.0/ports?device_owner=compute%3Anova&device_id=aa5b2a48-fae8-4339-9a97-671e0f5b8792 HTTP/1.1" status: 200  len: 1124 time: 0.1844380
2018-09-14 00:27:09.311 14465 INFO neutron.wsgi [req-9edc32fa-03ee-4404-b263-b516697e36b0 8d45267b87dc4dfc99f3e15919213053 64702ccb6ada4a5d86cbd2a7f7542bf3 - dde6bb0420cf4a9ca9b65797c540de41 dde6bb0420cf4a9ca9b65797c540de41] 10.0.20.25 "GET /v2.0/floatingips?floating_ip_address=172.24.4.8 HTTP/1.1" status: 200  len: 672 time: 0.0789750
2018-09-14 00:27:09.445 14465 DEBUG neutron.api.v2.base [req-ef01e4e7-adf5-4185-9994-c714524e8d03 8d45267b87dc4dfc99f3e15919213053 64702ccb6ada4a5d86cbd2a7f7542bf3 - dde6bb0420cf4a9ca9b65797c540de41 dde6bb0420cf4a9ca9b65797c540de41] Request body: {u'floatingip': {u'fixed_ip_address': u'11.186.1.8', u'port_id': u'b7aa9184-2c3a-4cc1-94f0-85be5cfb7616'}} prepare_request_body /usr/lib/python2.7/site-packages/neutron/api/v2/base.py:695
2018-09-14 00:27:09.449 14475 DEBUG neutron_lib.callbacks.manager [req-94a88ed7-ff2e-45be-ba96-cacf35121c5a - - - - -] Notify callbacks ['neutron.services.segments.db._update_segment_host_mapping_for_agent-8759833838491'] for agent, after_update _notify_loop /usr/lib/python2.7/site-packages/neutron_lib/callbacks/manager.py:167
2018-09-14 00:27:09.479 14476 DEBUG neutron_lib.callbacks.manager [req-1dfffe52-a1c7-4099-88ff-49c2b4239818 - - - - -] Notify callbacks ['neutron.services.segments.db._update_segment_host_mapping_for_agent-8759833838491'] for agent, after_update _notify_loop /usr/lib/python2.7/site-packages/neutron_lib/callbacks/manager.py:167
2018-09-14 00:27:10.149 14465 DEBUG neutron_lib.callbacks.manager [req-ef01e4e7-adf5-4185-9994-c714524e8d03 8d45267b87dc4dfc99f3e15919213053 64702ccb6ada4a5d86cbd2a7f7542bf3 - dde6bb0420cf4a9ca9b65797c540de41 dde6bb0420cf4a9ca9b65797c540de41] Notify callbacks ['neutron.services.l3_router.l3_router_plugin.L3RouterPlugin._create_dvr_floating_gw_port--9223372036853748189'] for floatingip, after_update _notify_loop /usr/lib/python2.7/site-packages/neutron_lib/callbacks/manager.py:167
2018-09-14 00:27:11.028 14465 DEBUG neutron.scheduler.l3_agent_scheduler [req-ef01e4e7-adf5-4185-9994-c714524e8d03 8d45267b87dc4dfc99f3e15919213053 64702ccb6ada4a5d86cbd2a7f7542bf3 - dde6bb0420cf4a9ca9b65797c540de41 dde6bb0420cf4a9ca9b65797c540de41] Router 7170d82d-84d6-41bc-8584-6f8698a209e7 has already been hosted by L3 agent 4ac0ebe3-010d-4960-b1cd-6ee5ff761291 _get_candidates /usr/lib/python2.7/site-packages/neutron/scheduler/l3_agent_scheduler.py:141
2018-09-14 00:27:11.338 14465 DEBUG neutron.api.rpc.agentnotifiers.l3_rpc_agent_api [req-ef01e4e7-adf5-4185-9994-c714524e8d03 8d45267b87dc4dfc99f3e15919213053 64702ccb6ada4a5d86cbd2a7f7542bf3 - dde6bb0420cf4a9ca9b65797c540de41 dde6bb0420cf4a9ca9b65797c540de41] Notify agent at l3_agent.localhost.localdomain the message routers_updated _agent_notification /usr/lib/python2.7/site-packages/neutron/api/rpc/agentnotifiers/l3_rpc_agent_api.py:69
2018-09-14 00:27:11.819 14465 DEBUG neutron_lib.callbacks.manager [req-ef01e4e7-adf5-4185-9994-c714524e8d03 8d45267b87dc4dfc99f3e15919213053 64702ccb6ada4a5d86cbd2a7f7542bf3 - dde6bb0420cf4a9ca9b65797c540de41 dde6bb0420cf4a9ca9b65797c540de41] Notify callbacks ['neutron.notifiers.nova.Notifier._send_nova_notification-29423'] for floatingip, before_response _notify_loop /usr/lib/python2.7/site-packages/neutron_lib/callbacks/manager.py:167
2018-09-14 00:27:11.868 14472 DEBUG neutron.db.l3_hamode_db [req-b0893822-6b29-4b46-8d06-6cc928d0d7db - - - - -] neutron.services.l3_router.l3_router_plugin.L3RouterPlugin method get_ha_sync_data_for_host called with arguments (<neutron_lib.context.Context object at 0x7f78ebcea610>, u'localhost.localdomain', <neutron.db.models.agent.Agent[object at 7f78ebcf65d0] {id=u'4ac0ebe3-010d-4960-b1cd-6ee5ff761291', agent_type=u'L3 agent', binary=u'neutron-l3-agent', topic=u'l3_agent', host=u'localhost.localdomain', availability_zone=u'nova', admin_state_up=True, created_at=datetime.datetime(2018, 9, 11, 21, 26, 19), started_at=datetime.datetime(2018, 9, 14, 4, 13, 32), heartbeat_timestamp=datetime.datetime(2018, 9, 14, 4, 27, 2), description=None, configurations=u'{"agent_mode": "legacy", "gateway_external_network_id": "", "handle_internal_only_routers": true, "routers": 2, "interfaces": 2, "floating_ips": 0, "interface_driver": "neutron.agent.linux.interface.OVSInterfaceDriver", "log_agent_heartbeats": false, "external_network_bridge": "", "ex_gw_ports": 2}', resource_versions=None, load=0}>) {'active': True, 'router_ids': ['7170d82d-84d6-41bc-8584-6f8698a209e7']} wrapper /usr/lib/python2.7/site-packages/oslo_log/helpers.py:66
2018-09-14 00:27:11.960 14465 INFO neutron.wsgi [req-ef01e4e7-adf5-4185-9994-c714524e8d03 8d45267b87dc4dfc99f3e15919213053 64702ccb6ada4a5d86cbd2a7f7542bf3 - dde6bb0420cf4a9ca9b65797c540de41 dde6bb0420cf4a9ca9b65797c540de41] 10.0.20.25 "PUT /v2.0/floatingips/e7f05113-1ded-4ccb-8a09-16cd16c50cb7 HTTP/1.1" status: 200  len: 745 time: 2.6364069
2018-09-14 00:27:11.961 14465 DEBUG oslo_concurrency.lockutils [-] Lock "notifier-24cc9915-bb35-4c9e-96a9-0703a91b8a81" acquired by "neutron.notifiers.batch_notifier.synced_send" :: waited 0.000s inner /usr/lib/python2.7/site-packages/oslo_concurrency/lockutils.py:270
2018-09-14 00:27:11.962 14465 DEBUG neutron.notifiers.nova [-] Sending events: [{'tag': u'b7aa9184-2c3a-4cc1-94f0-85be5cfb7616', 'name': 'network-changed', 'server_uuid': u'aa5b2a48-fae8-4339-9a97-671e0f5b8792'}] send_events /usr/lib/python2.7/site-packages/neutron/notifiers/nova.py:242
2018-09-14 00:27:12.984 14472 DEBUG neutron.db.l3_hamode_db [req-b0893822-6b29-4b46-8d06-6cc928d0d7db - - - - -] neutron.services.l3_router.l3_router_plugin.L3RouterPlugin method _process_sync_ha_data called with arguments (<neutron_lib.context.Context object at 0x7f78ebcea610>, [{'status': u'ACTIVE', '_interfaces': [{'status': u'ACTIVE', 'subnets': [{'dns_nameservers': [u'8.8.4.4'], 'ipv6_ra_mode': None, 'gateway_ip': u'11.186.1.1', 'cidr': u'11.186.1.0/24', 'id': u'30831314-7b96-46e8-9ae6-be353f89d486', 'subnetpool_id': None}], 'binding:host_id': u'localhost.localdomain', 'description': u'', 'allowed_address_pairs': [], 'tags': [], 'extra_dhcp_opts': [], 'updated_at': '2018-09-14T04:25:21Z', 'device_owner': u'network:router_interface', 'revision_number': 7, 'port_security_enabled': False, 'binding:profile': {}, 'mtu': 1450, 'fixed_ips': [{'subnet_id': u'30831314-7b96-46e8-9ae6-be353f89d486', 'prefixlen': 24, 'ip_address': u'11.186.1.1'}], 'id': u'99804b37-ee5b-433c-a264-029f16200e38', 'security_groups': [], 'device_id': u'7170d82d-84d6-41bc-8584-6f8698a209e7', 'name': u'', 'admin_state_up': True, 'network_id': u'a3d5f662-6582-45de-8be0-788e5e73e261', 'tenant_id': u'64702ccb6ada4a5d86cbd2a7f7542bf3', 'binding:vif_details': {u'port_filter': True, u'datapath_type': u'system', u'ovs_hybrid_plug': True}, 'address_scopes': {4: None, 6: None}, 'binding:vnic_type': u'normal', 'binding:vif_type': u'ovs', 'mac_address': u'fa:16:3e:85:9f:b6', 'project_id': u'64702ccb6ada4a5d86cbd2a7f7542bf3', 'extra_subnets': [], 'created_at': '2018-09-14T04:25:11Z'}], 'enable_snat': True, 'ha_vr_id': 0, 'description': u'', 'tags': [], 'gw_port': {'status': u'ACTIVE', 'subnets': [{'dns_nameservers': [], 'ipv6_ra_mode': None, 'gateway_ip': u'172.24.4.1', 'cidr': u'172.24.4.0/24', 'id': u'a3f065d6-c694-4228-b2c0-49725a850924', 'subnetpool_id': None}], 'binding:host_id': u'localhost.localdomain', 'description': u'', 'allowed_address_pairs': [], 'tags': [], 'extra_dhcp_opts': [], 'updated_at': '2018-09-14T04:25:35Z', 'device_owner': u'network:router_gateway', 'revision_number': 6, 'port_security_enabled': False, 'binding:profile': {}, 'mtu': 1500, 'fixed_ips': [{'subnet_id': u'a3f065d6-c694-4228-b2c0-49725a850924', 'prefixlen': 24, 'ip_address': u'172.24.4.12'}], 'id': u'ee250b13-947a-4549-b350-a21ff6330271', 'security_groups': [], 'device_id': u'7170d82d-84d6-41bc-8584-6f8698a209e7', 'name': u'', 'admin_state_up': True, 'network_id': u'40fff4bc-a326-419b-b1c1-a7aa26b2d41a', 'tenant_id': u'', 'binding:vif_details': {u'port_filter': True, u'datapath_type': u'system', u'ovs_hybrid_plug': True}, 'address_scopes': {4: None, 6: None}, 'binding:vnic_type': u'normal', 'binding:vif_type': u'ovs', 'mac_address': u'fa:16:3e:c6:01:84', 'project_id': u'', 'extra_subnets': [], 'created_at': '2018-09-14T04:25:27Z'}, 'updated_at': '2018-09-14T04:25:28Z', 'revision_number': 4, 'ha': False, 'id': u'7170d82d-84d6-41bc-8584-6f8698a209e7', 'gw_port_host': u'localhost.localdomain', 'external_gateway_info': {'network_id': u'40fff4bc-a326-419b-b1c1-a7aa26b2d41a', 'enable_snat': True, 'external_fixed_ips': [{'subnet_id': u'a3f065d6-c694-4228-b2c0-49725a850924', 'ip_address': u'172.24.4.12'}]}, 'availability_zone_hints': [], 'availability_zones': [u'nova'], 'name': u'tempest-router-1536898900', 'gw_port_id': u'ee250b13-947a-4549-b350-a21ff6330271', 'admin_state_up': True, 'tenant_id': u'64702ccb6ada4a5d86cbd2a7f7542bf3', 'created_at': '2018-09-14T04:24:48Z', 'distributed': False, 'flavor_id': None, 'routes': [], 'project_id': u'64702ccb6ada4a5d86cbd2a7f7542bf3', '_floatingips': [{'router_id': u'7170d82d-84d6-41bc-8584-6f8698a209e7', 'status': u'DOWN', 'description': u'', 'tags': [], 'updated_at': '2018-09-14T04:27:10Z', 'dns_domain': '', 'floating_network_id': u'40fff4bc-a326-419b-b1c1-a7aa26b2d41a', 'fixed_ip_address': u'11.186.1.8', 'floating_ip_address': u'172.24.4.8', 'revision_number': 1, 'port_id': u'b7aa9184-2c3a-4cc1-94f0-85be5cfb7616', 'id': u'e7f05113-1ded-4ccb-8a09-16cd16c50cb7', 'dns_name': '', 'created_at': '2018-09-14T04:26:50Z', 'tenant_id': u'64702ccb6ada4a5d86cbd2a7f7542bf3', 'fixed_ip_address_scope': None, 'project_id': u'64702ccb6ada4a5d86cbd2a7f7542bf3'}]}], u'localhost.localdomain', False) {} wrapper /usr/lib/python2.7/site-packages/oslo_log/helpers.py:66
2018-09-14 00:27:12.997 14472 DEBUG neutron.api.rpc.handlers.l3_rpc [req-b0893822-6b29-4b46-8d06-6cc928d0d7db - - - - -] Checking router: 7170d82d-84d6-41bc-8584-6f8698a209e7 for host: localhost.localdomain _ensure_host_set_on_ports /usr/lib/python2.7/site-packages/neutron/api/rpc/handlers/l3_rpc.py:135
2018-09-14 00:27:13.226 14465 DEBUG novaclient.v2.client [-] REQ: curl -g -i -X POST http://10.0.20.25:8774/v2.1/671ea1986554476bbcaa620e00697d23/os-server-external-events -H "User-Agent: python-novaclient" -H "Content-Type: application/json" -H "Accept: application/json" -H "X-OpenStack-Nova-API-Version: 2.1" -H "X-Auth-Token: {SHA1}e286d04e083ed78df24ec5d0ef4fcdfa734c503d" -d '{"events": [{"tag": "b7aa9184-2c3a-4cc1-94f0-85be5cfb7616", "name": "network-changed", "server_uuid": "aa5b2a48-fae8-4339-9a97-671e0f5b8792"}]}' _http_log_request /usr/lib/python2.7/site-packages/keystoneauth1/session.py:375
2018-09-14 00:27:13.500 14474 DEBUG neutron.api.rpc.handlers.l3_rpc [req-c1143f3b-7518-4629-843e-267676d3d58b - - - - -] New status for floating IP e7f05113-1ded-4ccb-8a09-16cd16c50cb7: ACTIVE update_floatingip_statuses /usr/lib/python2.7/site-packages/neutron/api/rpc/handlers/l3_rpc.py:252
2018-09-14 00:27:13.691 14465 DEBUG neutron.wsgi [-] (14465) accepted ('10.0.20.25', 40900) server /usr/lib/python2.7/site-packages/eventlet/wsgi.py:883
2018-09-14 00:27:14.228 14465 INFO neutron.wsgi [req-b23b22d0-d45e-43b9-8e62-4dfa494ff45d 6041b01c631d425d829cf96874ce50bf 671ea1986554476bbcaa620e00697d23 - default default] 10.0.20.25 "GET /v2.0/ports?tenant_id=64702ccb6ada4a5d86cbd2a7f7542bf3&device_id=aa5b2a48-fae8-4339-9a97-671e0f5b8792 HTTP/1.1" status: 200  len: 1124 time: 0.7457349
2018-09-14 00:27:14.233 14465 INFO neutron.wsgi [req-00153a18-ee2f-4b67-860d-4d234bcc802a 6041b01c631d425d829cf96874ce50bf 671ea1986554476bbcaa620e00697d23 - default default] 10.0.20.25 "GET /v2.0/ports?device_id=aa5b2a48-fae8-4339-9a97-671e0f5b8792 HTTP/1.1" status: 200  len: 1124 time: 0.5383301
2018-09-14 00:27:14.338 14465 DEBUG novaclient.v2.client [-] RESP: [200] Content-Length: 179 Content-Type: application/json Openstack-Api-Version: compute 2.1 X-Openstack-Nova-Api-Version: 2.1 Vary: OpenStack-API-Version, X-OpenStack-Nova-API-Version X-Openstack-Request-Id: req-5753f421-55de-424e-a352-2c74c2d166a3 X-Compute-Request-Id: req-5753f421-55de-424e-a352-2c74c2d166a3 Date: Fri, 14 Sep 2018 04:27:14 GMT Connection: keep-alive 
RESP BODY: {"events": [{"status": "completed", "tag": "b7aa9184-2c3a-4cc1-94f0-85be5cfb7616", "name": "network-changed", "server_uuid": "aa5b2a48-fae8-4339-9a97-671e0f5b8792", "code": 200}]}
 _http_log_response /usr/lib/python2.7/site-packages/keystoneauth1/session.py:423
2018-09-14 00:27:14.338 14465 DEBUG novaclient.v2.client [-] POST call to compute for http://10.0.20.25:8774/v2.1/671ea1986554476bbcaa620e00697d23/os-server-external-events used request id req-5753f421-55de-424e-a352-2c74c2d166a3 request /usr/lib/python2.7/site-packages/keystoneauth1/session.py:727
2018-09-14 00:27:14.417 14465 INFO neutron.notifiers.nova [-] Nova event response: {u'status': u'completed', u'tag': u'b7aa9184-2c3a-4cc1-94f0-85be5cfb7616', u'name': u'network-changed', u'server_uuid': u'aa5b2a48-fae8-4339-9a97-671e0f5b8792', u'code': 200}
2018-09-14 00:27:14.510 14467 INFO neutron.wsgi [req-17f44ef0-4412-4ba9-b213-45a1af995f8c 6041b01c631d425d829cf96874ce50bf 671ea1986554476bbcaa620e00697d23 - default default] 10.0.20.25 "GET /v2.0/ports?tenant_id=64702ccb6ada4a5d86cbd2a7f7542bf3&device_id=aa5b2a48-fae8-4339-9a97-671e0f5b8792 HTTP/1.1" status: 200  len: 1124 time: 0.1409831
2018-09-14 00:27:14.599 14465 INFO neutron.wsgi [req-5a3fc167-5907-47b0-900d-0eb4d3fe8d34 6041b01c631d425d829cf96874ce50bf 671ea1986554476bbcaa620e00697d23 - default default] 10.0.20.25 "GET /v2.0/security-groups?id=4232c09a-c546-4251-b866-2ae3e585c6cd HTTP/1.1" status: 200  len: 2118 time: 0.3579211
2018-09-14 00:27:14.681 14465 DEBUG neutron.pecan_wsgi.hooks.policy_enforcement [req-179162d8-26cb-424e-810c-915789fc16c7 6041b01c631d425d829cf96874ce50bf 671ea1986554476bbcaa620e00697d23 - default default] Attributes excluded by policy engine: [u'vlan_transparent'] _exclude_attributes_by_policy /usr/lib/python2.7/site-packages/neutron/pecan_wsgi/hooks/policy_enforcement.py:256
2018-09-14 00:27:14.684 14465 INFO neutron.wsgi [req-179162d8-26cb-424e-810c-915789fc16c7 6041b01c631d425d829cf96874ce50bf 671ea1986554476bbcaa620e00697d23 - default default] 10.0.20.25 "GET /v2.0/networks?id=a3d5f662-6582-45de-8be0-788e5e73e261 HTTP/1.1" status: 200  len: 885 time: 0.4083078
2018-09-14 00:27:14.758 14465 INFO neutron.wsgi [req-249b63e0-3213-42de-8a72-88c46328e22e 6041b01c631d425d829cf96874ce50bf 671ea1986554476bbcaa620e00697d23 - default default] 10.0.20.25 "GET /v2.0/floatingips?fixed_ip_address=11.186.1.8&port_id=b7aa9184-2c3a-4cc1-94f0-85be5cfb7616 HTTP/1.1" status: 200  len: 750 time: 0.0626891
2018-09-14 00:27:14.794 14467 DEBUG neutron.pecan_wsgi.hooks.policy_enforcement [req-76d25ff0-8d3d-448e-ab37-c1a9263ef0d2 6041b01c631d425d829cf96874ce50bf 671ea1986554476bbcaa620e00697d23 - default default] Attributes excluded by policy engine: [u'vlan_transparent'] _exclude_attributes_by_policy /usr/lib/python2.7/site-packages/neutron/pecan_wsgi/hooks/policy_enforcement.py:256
2018-09-14 00:27:14.797 14467 INFO neutron.wsgi [req-76d25ff0-8d3d-448e-ab37-c1a9263ef0d2 6041b01c631d425d829cf96874ce50bf 671ea1986554476bbcaa620e00697d23 - default default] 10.0.20.25 "GET /v2.0/networks?id=a3d5f662-6582-45de-8be0-788e5e73e261 HTTP/1.1" status: 200  len: 885 time: 0.2761111
2018-09-14 00:27:14.871 14467 INFO neutron.wsgi [req-7a5a8ec0-d41c-4f77-8d0f-bcf7a580a0d9 6041b01c631d425d829cf96874ce50bf 671ea1986554476bbcaa620e00697d23 - default default] 10.0.20.25 "GET /v2.0/floatingips?fixed_ip_address=11.186.1.8&port_id=b7aa9184-2c3a-4cc1-94f0-85be5cfb7616 HTTP/1.1" status: 200  len: 750 time: 0.0620811
2018-09-14 00:27:15.084 14467 DEBUG neutron.pecan_wsgi.hooks.policy_enforcement [req-3c22c349-3126-4554-972f-8cbe21a109ad 6041b01c631d425d829cf96874ce50bf 671ea1986554476bbcaa620e00697d23 - default default] Attributes excluded by policy engine: [u'shared'] _exclude_attributes_by_policy /usr/lib/python2.7/site-packages/neutron/pecan_wsgi/hooks/policy_enforcement.py:256
2018-09-14 00:27:15.089 14467 INFO neutron.wsgi [req-3c22c349-3126-4554-972f-8cbe21a109ad 6041b01c631d425d829cf96874ce50bf 671ea1986554476bbcaa620e00697d23 - default default] 10.0.20.25 "GET /v2.0/subnets?id=30831314-7b96-46e8-9ae6-be353f89d486 HTTP/1.1" status: 200  len: 847 time: 0.1861179
2018-09-14 00:27:15.195 14465 DEBUG neutron.pecan_wsgi.hooks.policy_enforcement [req-b706d44a-a25b-4670-9f10-07fd562c7ba5 6041b01c631d425d829cf96874ce50bf 671ea1986554476bbcaa620e00697d23 - default default] Attributes excluded by policy engine: [u'shared'] _exclude_attributes_by_policy /usr/lib/python2.7/site-packages/neutron/pecan_wsgi/hooks/policy_enforcement.py:256
2018-09-14 00:27:15.202 14465 INFO neutron.wsgi [req-b706d44a-a25b-4670-9f10-07fd562c7ba5 6041b01c631d425d829cf96874ce50bf 671ea1986554476bbcaa620e00697d23 - default default] 10.0.20.25 "GET /v2.0/subnets?id=30831314-7b96-46e8-9ae6-be353f89d486 HTTP/1.1" status: 200  len: 847 time: 0.4360790
2018-09-14 00:27:15.297 14467 INFO neutron.wsgi [req-2345b2f6-2762-47be-854a-539f7e803b2e 6041b01c631d425d829cf96874ce50bf 671ea1986554476bbcaa620e00697d23 - default default] 10.0.20.25 "GET /v2.0/ports?network_id=a3d5f662-6582-45de-8be0-788e5e73e261&device_owner=network%3Adhcp HTTP/1.1" status: 200  len: 1128 time: 0.2008379
2018-09-14 00:27:15.396 14465 INFO neutron.wsgi [req-fb98e1f0-591d-45fe-a0eb-11b1f432d83a 6041b01c631d425d829cf96874ce50bf 671ea1986554476bbcaa620e00697d23 - default default] 10.0.20.25 "GET /v2.0/ports?network_id=a3d5f662-6582-45de-8be0-788e5e73e261&device_owner=network%3Adhcp HTTP/1.1" status: 200  len: 1128 time: 0.1783919
2018-09-14 00:27:16.419 14465 DEBUG oslo_concurrency.lockutils [-] Lock "notifier-24cc9915-bb35-4c9e-96a9-0703a91b8a81" released by "neutron.notifiers.batch_notifier.synced_send" :: held 4.457s inner /usr/lib/python2.7/site-packages/oslo_concurrency/lockutils.py:282
2018-09-14 00:27:17.199 14465 DEBUG neutron.wsgi [-] (14465) accepted ('10.0.20.25', 40946) server /usr/lib/python2.7/site-packages/eventlet/wsgi.py:883
2018-09-14 00:27:17.769 14465 INFO neutron.wsgi [req-3423d396-4736-4e48-a636-c5531b9dc3cd 6041b01c631d425d829cf96874ce50bf 671ea1986554476bbcaa620e00697d23 - default default] 10.0.20.25 "GET /v2.0/ports?device_id=aa5b2a48-fae8-4339-9a97-671e0f5b8792 HTTP/1.1" status: 200  len: 1124 time: 0.5655050
2018-09-14 00:27:17.912 14465 INFO neutron.wsgi [req-61850d47-af36-4a13-8b72-6c046edaf21d 6041b01c631d425d829cf96874ce50bf 671ea1986554476bbcaa620e00697d23 - default default] 10.0.20.25 "GET /v2.0/security-groups?id=4232c09a-c546-4251-b866-2ae3e585c6cd HTTP/1.1" status: 200  len: 2118 time: 0.1317780
2018-09-14 00:27:20.988 14463 INFO neutron.wsgi [req-73ec8361-63c6-4b2c-9e4b-dd47d35d64f5 6041b01c631d425d829cf96874ce50bf 671ea1986554476bbcaa620e00697d23 - default default] 10.0.20.25 "GET /v2.0/ports?device_id=aa5b2a48-fae8-4339-9a97-671e0f5b8792 HTTP/1.1" status: 200  len: 1124 time: 0.1504400
2018-09-14 00:27:21.099 14463 INFO neutron.wsgi [req-d15f5d35-63a9-4822-8b9e-98e5ff7aa4dc 6041b01c631d425d829cf96874ce50bf 671ea1986554476bbcaa620e00697d23 - default default] 10.0.20.25 "GET /v2.0/security-groups?id=4232c09a-c546-4251-b866-2ae3e585c6cd HTTP/1.1" status: 200  len: 2118 time: 0.0989108
2018-09-14 00:27:22.575 14462 INFO neutron.wsgi [req-914b6766-e760-4071-a340-82d96c96667c 6041b01c631d425d829cf96874ce50bf 671ea1986554476bbcaa620e00697d23 - default default] 10.0.20.25 "GET /v2.0/ports?device_id=aa5b2a48-fae8-4339-9a97-671e0f5b8792 HTTP/1.1" status: 200  len: 1124 time: 0.1300521
2018-09-14 00:27:22.715 14462 INFO neutron.wsgi [req-9c95abf0-6547-47fa-8944-f5b490cd4a58 6041b01c631d425d829cf96874ce50bf 671ea1986554476bbcaa620e00697d23 - default default] 10.0.20.25 "GET /v2.0/security-groups?id=4232c09a-c546-4251-b866-2ae3e585c6cd HTTP/1.1" status: 200  len: 2118 time: 0.1277549
2018-09-14 00:27:25.938 14472 DEBUG neutron_lib.callbacks.manager [req-b612a159-2f30-4ca8-b73d-ca8bbad78c41 - - - - -] Notify callbacks ['neutron.services.segments.db._update_segment_host_mapping_for_agent-8759833838491'] for agent, after_update _notify_loop /usr/lib/python2.7/site-packages/neutron_lib/callbacks/manager.py:167
2018-09-14 00:27:26.346 14473 DEBUG neutron_lib.callbacks.manager [req-1da116c8-a6ae-4806-9cba-4faf028fd37b - - - - -] Notify callbacks ['neutron.services.segments.db._update_segment_host_mapping_for_agent-8759833838491'] for agent, after_update _notify_loop /usr/lib/python2.7/site-packages/neutron_lib/callbacks/manager.py:167
2018-09-14 00:27:26.817 14477 DEBUG neutron.db.agents_db [req-c7245888-8efb-47e4-ae56-cf68df1d9c5e - - - - -] Agent healthcheck: found 5 active agents agent_health_check /usr/lib/python2.7/site-packages/neutron/db/agents_db.py:281
2018-09-14 00:27:28.164 14463 INFO neutron.wsgi [req-afeeba17-fa76-4a29-ae4a-e1e7143d131e 8d45267b87dc4dfc99f3e15919213053 64702ccb6ada4a5d86cbd2a7f7542bf3 - dde6bb0420cf4a9ca9b65797c540de41 dde6bb0420cf4a9ca9b65797c540de41] 10.0.20.25 "GET /v2.0/ports?device_id=aa5b2a48-fae8-4339-9a97-671e0f5b8792 HTTP/1.1" status: 200  len: 1124 time: 0.7218170
2018-09-14 00:27:28.294 14463 INFO neutron.wsgi [req-2ada4b50-ce34-4338-b665-ce0d5e1d3011 8d45267b87dc4dfc99f3e15919213053 64702ccb6ada4a5d86cbd2a7f7542bf3 - dde6bb0420cf4a9ca9b65797c540de41 dde6bb0420cf4a9ca9b65797c540de41] 10.0.20.25 "GET /v2.0/security-groups?id=4232c09a-c546-4251-b866-2ae3e585c6cd HTTP/1.1" status: 200  len: 2118 time: 0.1220880
2018-09-14 00:27:32.580 14474 DEBUG neutron_lib.callbacks.manager [req-2fd8a6c4-4123-407e-8d92-af83a9bcc52a - - - - -] Notify callbacks ['neutron.services.segments.db._update_segment_host_mapping_for_agent-8759833838491'] for agent, after_update _notify_loop /usr/lib/python2.7/site-packages/neutron_lib/callbacks/manager.py:167
2018-09-14 00:27:39.405 14468 DEBUG neutron_lib.callbacks.manager [req-94a88ed7-ff2e-45be-ba96-cacf35121c5a - - - - -] Notify callbacks ['neutron.services.segments.db._update_segment_host_mapping_for_agent-8759833838491'] for agent, after_update _notify_loop /usr/lib/python2.7/site-packages/neutron_lib/callbacks/manager.py:167
2018-09-14 00:27:39.434 14471 DEBUG neutron_lib.callbacks.manager [req-f4d0ae84-2fe9-44ba-9a4f-7df2e0f55e37 - - - - -] Notify callbacks ['neutron.services.segments.db._update_segment_host_mapping_for_agent-8759833838491'] for agent, after_update _notify_loop /usr/lib/python2.7/site-packages/neutron_lib/callbacks/manager.py:167
2018-09-14 00:27:49.241 14465 INFO neutron.wsgi [req-cc3421f4-a53b-489b-bec0-6607719afebf 8d45267b87dc4dfc99f3e15919213053 64702ccb6ada4a5d86cbd2a7f7542bf3 - dde6bb0420cf4a9ca9b65797c540de41 dde6bb0420cf4a9ca9b65797c540de41] 10.0.20.25 "GET /v2.0/ports?device_id=aa5b2a48-fae8-4339-9a97-671e0f5b8792 HTTP/1.1" status: 200  len: 1124 time: 0.6113448
2018-09-14 00:27:49.360 14465 INFO neutron.wsgi [req-44eba2a0-9883-4bd9-b7c9-e3c754fd543b 8d45267b87dc4dfc99f3e15919213053 64702ccb6ada4a5d86cbd2a7f7542bf3 - dde6bb0420cf4a9ca9b65797c540de41 dde6bb0420cf4a9ca9b65797c540de41] 10.0.20.25 "GET /v2.0/security-groups?id=4232c09a-c546-4251-b866-2ae3e585c6cd HTTP/1.1" status: 200  len: 2118 time: 0.1129510
2018-09-14 00:27:55.992 14469 DEBUG neutron_lib.callbacks.manager [req-b612a159-2f30-4ca8-b73d-ca8bbad78c41 - - - - -] Notify callbacks ['neutron.services.segments.db._update_segment_host_mapping_for_agent-8759833838491'] for agent, after_update _notify_loop /usr/lib/python2.7/site-packages/neutron_lib/callbacks/manager.py:167
2018-09-14 00:27:56.356 14470 DEBUG neutron_lib.callbacks.manager [req-1da116c8-a6ae-4806-9cba-4faf028fd37b - - - - -] Notify callbacks ['neutron.services.segments.db._update_segment_host_mapping_for_agent-8759833838491'] for agent, after_update _notify_loop /usr/lib/python2.7/site-packages/neutron_lib/callbacks/manager.py:167
2018-09-14 00:27:57.025 14467 INFO neutron.wsgi [req-03c3f4c2-308e-4784-a7dc-685b293f1d95 6041b01c631d425d829cf96874ce50bf 671ea1986554476bbcaa620e00697d23 - default default] 10.0.20.25 "GET /v2.0/ports?tenant_id=64702ccb6ada4a5d86cbd2a7f7542bf3&device_id=aa5b2a48-fae8-4339-9a97-671e0f5b8792 HTTP/1.1" status: 200  len: 1124 time: 0.1303389
2018-09-14 00:27:57.274 14467 DEBUG neutron.pecan_wsgi.hooks.policy_enforcement [req-13a1ba60-83d9-416b-bb53-0e46004eeaef 6041b01c631d425d829cf96874ce50bf 671ea1986554476bbcaa620e00697d23 - default default] Attributes excluded by policy engine: [u'vlan_transparent'] _exclude_attributes_by_policy /usr/lib/python2.7/site-packages/neutron/pecan_wsgi/hooks/policy_enforcement.py:256
2018-09-14 00:27:57.278 14467 INFO neutron.wsgi [req-13a1ba60-83d9-416b-bb53-0e46004eeaef 6041b01c631d425d829cf96874ce50bf 671ea1986554476bbcaa620e00697d23 - default default] 10.0.20.25 "GET /v2.0/networks?id=a3d5f662-6582-45de-8be0-788e5e73e261 HTTP/1.1" status: 200  len: 885 time: 0.2428820
2018-09-14 00:27:57.328 14467 INFO neutron.wsgi [req-ce7e299c-f025-4025-913a-5e293feb566e 6041b01c631d425d829cf96874ce50bf 671ea1986554476bbcaa620e00697d23 - default default] 10.0.20.25 "GET /v2.0/floatingips?fixed_ip_address=11.186.1.8&port_id=b7aa9184-2c3a-4cc1-94f0-85be5cfb7616 HTTP/1.1" status: 200  len: 750 time: 0.0407870
2018-09-14 00:27:57.476 14467 DEBUG neutron.pecan_wsgi.hooks.policy_enforcement [req-27bd64ab-af55-4974-9017-1ee6607412b0 6041b01c631d425d829cf96874ce50bf 671ea1986554476bbcaa620e00697d23 - default default] Attributes excluded by policy engine: [u'shared'] _exclude_attributes_by_policy /usr/lib/python2.7/site-packages/neutron/pecan_wsgi/hooks/policy_enforcement.py:256
2018-09-14 00:27:57.480 14467 INFO neutron.wsgi [req-27bd64ab-af55-4974-9017-1ee6607412b0 6041b01c631d425d829cf96874ce50bf 671ea1986554476bbcaa620e00697d23 - default default] 10.0.20.25 "GET /v2.0/subnets?id=30831314-7b96-46e8-9ae6-be353f89d486 HTTP/1.1" status: 200  len: 847 time: 0.1459808
2018-09-14 00:27:57.627 14467 INFO neutron.wsgi [req-1f9df4cf-81ec-4c4d-9ba3-a8214484038d 6041b01c631d425d829cf96874ce50bf 671ea1986554476bbcaa620e00697d23 - default default] 10.0.20.25 "GET /v2.0/ports?network_id=a3d5f662-6582-45de-8be0-788e5e73e261&device_owner=network%3Adhcp HTTP/1.1" status: 200  len: 1128 time: 0.1379459
2018-09-14 00:28:02.580 14475 DEBUG neutron_lib.callbacks.manager [req-4305dbc5-48bc-4d2d-86c9-4ed41dda20c5 - - - - -] Notify callbacks ['neutron.services.segments.db._update_segment_host_mapping_for_agent-8759833838491'] for agent, after_update _notify_loop /usr/lib/python2.7/site-packages/neutron_lib/callbacks/manager.py:167
2018-09-14 00:28:03.517 14467 DEBUG neutron.wsgi [-] (14467) accepted ('10.0.20.25', 41974) server /usr/lib/python2.7/site-packages/eventlet/wsgi.py:883
2018-09-14 00:28:03.815 14477 DEBUG neutron.db.agents_db [req-c7245888-8efb-47e4-ae56-cf68df1d9c5e - - - - -] Agent healthcheck: found 5 active agents agent_health_check /usr/lib/python2.7/site-packages/neutron/db/agents_db.py:281
2018-09-14 00:28:04.039 14467 WARNING keystonemiddleware.auth_token [-] A valid token was submitted as a service token, but it was not a valid service token. This is incorrect but backwards compatible behaviour. This will be removed in future releases.
2018-09-14 00:28:05.006 14467 DEBUG neutron.quota.resource [req-9ffab1bf-d593-4a01-b9a9-c3fa2eda2b4b 8d45267b87dc4dfc99f3e15919213053 64702ccb6ada4a5d86cbd2a7f7542bf3 - dde6bb0420cf4a9ca9b65797c540de41 dde6bb0420cf4a9ca9b65797c540de41] Synchronizing usage tracker for tenant:64702ccb6ada4a5d86cbd2a7f7542bf3 on resource:port resync /usr/lib/python2.7/site-packages/neutron/quota/resource.py:245
2018-09-14 00:28:05.080 14467 DEBUG neutron.quota.resource [req-9ffab1bf-d593-4a01-b9a9-c3fa2eda2b4b 8d45267b87dc4dfc99f3e15919213053 64702ccb6ada4a5d86cbd2a7f7542bf3 - dde6bb0420cf4a9ca9b65797c540de41 dde6bb0420cf4a9ca9b65797c540de41] Unset dirty status for tenant:64702ccb6ada4a5d86cbd2a7f7542bf3 on resource:port _resync /usr/lib/python2.7/site-packages/neutron/quota/resource.py:237
2018-09-14 00:28:05.083 14467 INFO neutron.wsgi [req-9ffab1bf-d593-4a01-b9a9-c3fa2eda2b4b 8d45267b87dc4dfc99f3e15919213053 64702ccb6ada4a5d86cbd2a7f7542bf3 - dde6bb0420cf4a9ca9b65797c540de41 dde6bb0420cf4a9ca9b65797c540de41] 10.0.20.25 "GET /v2.0/ports?device_id=aa5b2a48-fae8-4339-9a97-671e0f5b8792 HTTP/1.1" status: 200  len: 1124 time: 1.5636640
2018-09-14 00:28:05.230 14467 INFO neutron.wsgi [req-66d254d4-4207-48b9-97ea-d4cc866dbd09 8d45267b87dc4dfc99f3e15919213053 64702ccb6ada4a5d86cbd2a7f7542bf3 - dde6bb0420cf4a9ca9b65797c540de41 dde6bb0420cf4a9ca9b65797c540de41] 10.0.20.25 "GET /v2.0/security-groups?id=4232c09a-c546-4251-b866-2ae3e585c6cd HTTP/1.1" status: 200  len: 2118 time: 0.1380441
2018-09-14 00:28:09.436 14476 DEBUG neutron_lib.callbacks.manager [req-94a88ed7-ff2e-45be-ba96-cacf35121c5a - - - - -] Notify callbacks ['neutron.services.segments.db._update_segment_host_mapping_for_agent-8759833838491'] for agent, after_update _notify_loop /usr/lib/python2.7/site-packages/neutron_lib/callbacks/manager.py:167
2018-09-14 00:28:09.456 14472 DEBUG neutron_lib.callbacks.manager [req-d0a9556d-dabb-4794-bd90-44e14b03508e - - - - -] Notify callbacks ['neutron.services.segments.db._update_segment_host_mapping_for_agent-8759833838491'] for agent, after_update _notify_loop /usr/lib/python2.7/site-packages/neutron_lib/callbacks/manager.py:167
