2018-09-13 16:11:13.474 20945 INFO neutron.wsgi [req-aa709165-90da-4473-b539-8958b138ca68 cf4adf821d384f188fc5d8a7c1daa202 cd6c9be6efcc442bad3bf61d9530c340 - beb9a9278ce74a32b6b8c9decec23d20 beb9a9278ce74a32b6b8c9decec23d20] 10.0.20.22 "GET /v2.0/security-groups?id=5a124f1e-d71c-46d0-bd68-0a76e4d487c4 HTTP/1.1" status: 200  len: 2118 time: 0.1300962
2018-09-13 16:11:22.377 20953 DEBUG neutron_lib.callbacks.manager [req-5d41210b-d665-452a-b8ae-ffdc4d6cc2a2 - - - - -] Notify callbacks ['neutron.services.segments.db._update_segment_host_mapping_for_agent--9223363287365849031'] for agent, after_update _notify_loop /usr/lib/python2.7/site-packages/neutron_lib/callbacks/manager.py:167
2018-09-13 16:11:26.622 20942 DEBUG neutron.wsgi [-] (20942) accepted ('10.0.20.22', 37342) server /usr/lib/python2.7/site-packages/eventlet/wsgi.py:883
2018-09-13 16:11:26.627 20942 INFO neutron.wsgi [-] 10.0.20.22 "GET / HTTP/1.1" status: 200  len: 252 time: 0.0034699
2018-09-13 16:11:27.172 20942 INFO neutron.pecan_wsgi.hooks.translation [req-102d387f-a4eb-429e-906c-91aa49e003fa aade3447accb4ba6835bc5ec3454f5a6 892b3d52c94348d8a7355f6390963dca - default default] GET failed (client error): The resource could not be found.
2018-09-13 16:11:27.174 20942 INFO neutron.wsgi [req-102d387f-a4eb-429e-906c-91aa49e003fa aade3447accb4ba6835bc5ec3454f5a6 892b3d52c94348d8a7355f6390963dca - default default] 10.0.20.22 "GET /v2.0/networks/public HTTP/1.1" status: 404  len: 314 time: 0.5423911
2018-09-13 16:11:27.409 20942 DEBUG neutron.pecan_wsgi.hooks.policy_enforcement [req-5fe67940-3c73-4c61-975b-38d7d1fa823b aade3447accb4ba6835bc5ec3454f5a6 892b3d52c94348d8a7355f6390963dca - default default] Attributes excluded by policy engine: [u'vlan_transparent'] _exclude_attributes_by_policy /usr/lib/python2.7/site-packages/neutron/pecan_wsgi/hooks/policy_enforcement.py:256
2018-09-13 16:11:27.410 20942 DEBUG neutron.pecan_wsgi.hooks.policy_enforcement [req-5fe67940-3c73-4c61-975b-38d7d1fa823b aade3447accb4ba6835bc5ec3454f5a6 892b3d52c94348d8a7355f6390963dca - default default] Attributes excluded by policy engine: [u'vlan_transparent'] _exclude_attributes_by_policy /usr/lib/python2.7/site-packages/neutron/pecan_wsgi/hooks/policy_enforcement.py:256
2018-09-13 16:11:27.410 20942 DEBUG neutron.pecan_wsgi.hooks.policy_enforcement [req-5fe67940-3c73-4c61-975b-38d7d1fa823b aade3447accb4ba6835bc5ec3454f5a6 892b3d52c94348d8a7355f6390963dca - default default] Attributes excluded by policy engine: [u'vlan_transparent'] _exclude_attributes_by_policy /usr/lib/python2.7/site-packages/neutron/pecan_wsgi/hooks/policy_enforcement.py:256
2018-09-13 16:11:27.412 20942 INFO neutron.wsgi [req-5fe67940-3c73-4c61-975b-38d7d1fa823b aade3447accb4ba6835bc5ec3454f5a6 892b3d52c94348d8a7355f6390963dca - default default] 10.0.20.22 "GET /v2.0/networks HTTP/1.1" status: 200  len: 2214 time: 0.2320590
2018-09-13 16:11:27.918 20942 DEBUG neutron.api.v2.base [req-5ed26d91-65e3-4d41-bbd9-8960945db65f aade3447accb4ba6835bc5ec3454f5a6 892b3d52c94348d8a7355f6390963dca - default default] Request body: {u'floatingip': {u'floating_network_id': u'9619842c-a15f-4600-bdce-bfe274d454b0', u'tenant_id': u'cd6c9be6efcc442bad3bf61d9530c340'}} prepare_request_body /usr/lib/python2.7/site-packages/neutron/api/v2/base.py:695
2018-09-13 16:11:27.930 20942 DEBUG neutron.db.quota.driver [req-5ed26d91-65e3-4d41-bbd9-8960945db65f aade3447accb4ba6835bc5ec3454f5a6 892b3d52c94348d8a7355f6390963dca - default default] Resources subnetpool have unlimited quota limit. It is not required to calculate headroom  make_reservation /usr/lib/python2.7/site-packages/neutron/db/quota/driver.py:223
2018-09-13 16:11:27.938 20942 DEBUG neutron.quota.resource [req-5ed26d91-65e3-4d41-bbd9-8960945db65f aade3447accb4ba6835bc5ec3454f5a6 892b3d52c94348d8a7355f6390963dca - default default] Usage tracker for resource:floatingip and tenant:cd6c9be6efcc442bad3bf61d9530c340 is out of sync, need to count used quota count_used /usr/lib/python2.7/site-packages/neutron/quota/resource.py:274
2018-09-13 16:11:27.951 20942 DEBUG neutron.quota.resource [req-5ed26d91-65e3-4d41-bbd9-8960945db65f aade3447accb4ba6835bc5ec3454f5a6 892b3d52c94348d8a7355f6390963dca - default default] Quota usage for floatingip was recalculated. Used quota:0. count_used /usr/lib/python2.7/site-packages/neutron/quota/resource.py:293
2018-09-13 16:11:27.960 20942 DEBUG neutron.db.quota.driver [req-5ed26d91-65e3-4d41-bbd9-8960945db65f aade3447accb4ba6835bc5ec3454f5a6 892b3d52c94348d8a7355f6390963dca - default default] Attempting to reserve 1 items for resource floatingip. Total usage: 0; quota limit: 50; headroom:50 make_reservation /usr/lib/python2.7/site-packages/neutron/db/quota/driver.py:255
2018-09-13 16:11:28.217 20942 DEBUG neutron_lib.callbacks.manager [req-5ed26d91-65e3-4d41-bbd9-8960945db65f aade3447accb4ba6835bc5ec3454f5a6 892b3d52c94348d8a7355f6390963dca - default default] Notify callbacks ['neutron.plugins.ml2.plugin.Ml2Plugin._ensure_default_security_group_handler-531925'] for port, before_create _notify_loop /usr/lib/python2.7/site-packages/neutron_lib/callbacks/manager.py:167
2018-09-13 16:11:28.764 20942 DEBUG neutron.db.db_base_plugin_common [req-5ed26d91-65e3-4d41-bbd9-8960945db65f aade3447accb4ba6835bc5ec3454f5a6 892b3d52c94348d8a7355f6390963dca - default default] Allocated IP 172.24.4.9 (9619842c-a15f-4600-bdce-bfe274d454b0/6852f693-9617-43cb-89eb-377974cd9510/9137c5bf-17ce-434a-a59d-2fedc4e113f9) _store_ip_allocation /usr/lib/python2.7/site-packages/neutron/db/db_base_plugin_common.py:122
2018-09-13 16:11:29.033 20942 DEBUG neutron_lib.callbacks.manager [req-5ed26d91-65e3-4d41-bbd9-8960945db65f aade3447accb4ba6835bc5ec3454f5a6 892b3d52c94348d8a7355f6390963dca - default default] Notify callbacks [] for port, precommit_create _notify_loop /usr/lib/python2.7/site-packages/neutron_lib/callbacks/manager.py:167
2018-09-13 16:11:29.111 20942 DEBUG neutron_lib.callbacks.manager [req-5ed26d91-65e3-4d41-bbd9-8960945db65f aade3447accb4ba6835bc5ec3454f5a6 892b3d52c94348d8a7355f6390963dca - default default] Notify callbacks ['neutron.db.l3_dvrscheduler_db._notify_l3_agent_new_port-8749488548161', 'neutron.plugins.ml2.ovo_rpc._ObjectChangeHandler.handle_event-1674552', 'neutron.plugins.ml2.plugin.Ml2Plugin.notify_sg_on_port_change-531857', 'neutron.api.rpc.agentnotifiers.dhcp_rpc_agent_api.DhcpAgentNotifyAPI._native_event_send_dhcp_notification-1826515'] for port, after_create _notify_loop /usr/lib/python2.7/site-packages/neutron_lib/callbacks/manager.py:167
2018-09-13 16:11:29.112 20942 DEBUG neutron.db.l3_dvrscheduler_db [req-5ed26d91-65e3-4d41-bbd9-8960945db65f aade3447accb4ba6835bc5ec3454f5a6 892b3d52c94348d8a7355f6390963dca - default default] Received port after_create _notify_l3_agent_new_port /usr/lib/python2.7/site-packages/neutron/db/l3_dvrscheduler_db.py:392
2018-09-13 16:11:29.135 20942 DEBUG oslo_concurrency.lockutils [-] Lock "event-dispatch" acquired by "neutron.plugins.ml2.ovo_rpc.dispatch_events" :: waited 0.000s inner /usr/lib/python2.7/site-packages/oslo_concurrency/lockutils.py:270
2018-09-13 16:11:29.344 20942 DEBUG neutron.api.rpc.handlers.resources_rpc [req-5ed26d91-65e3-4d41-bbd9-8960945db65f aade3447accb4ba6835bc5ec3454f5a6 892b3d52c94348d8a7355f6390963dca - - -] neutron.api.rpc.handlers.resources_rpc.ResourcesPushRpcApi method push called with arguments (<neutron_lib.context.Context object at 0x7f5261b6a4d0>, [Port(admin_state_up=True,allowed_address_pairs=[],binding=PortBinding,binding_levels=[],created_at=2018-09-13T20:11:28Z,data_plane_status=<?>,description='',device_id='PENDING',device_owner='network:floatingip',dhcp_options=[],distributed_binding=None,dns=None,fixed_ips=[IPAllocation],id=9137c5bf-17ce-434a-a59d-2fedc4e113f9,mac_address=fa:16:3e:cf:ba:75,name='',network_id=9619842c-a15f-4600-bdce-bfe274d454b0,project_id='',qos_policy_id=None,revision_number=3,security=PortSecurity(9137c5bf-17ce-434a-a59d-2fedc4e113f9),security_group_ids=set([]),status='N/A',updated_at=2018-09-13T20:11:28Z)], 'updated') {} wrapper /usr/lib/python2.7/site-packages/oslo_log/helpers.py:66
2018-09-13 16:11:29.362 20942 DEBUG neutron.api.rpc.callbacks.version_manager [req-5ed26d91-65e3-4d41-bbd9-8960945db65f aade3447accb4ba6835bc5ec3454f5a6 892b3d52c94348d8a7355f6390963dca - - -] Version for resource type Subnet changed None to 1.0 on consumer Open vSwitch agent@localhost.localdomain _set_version /usr/lib/python2.7/site-packages/neutron/api/rpc/callbacks/version_manager.py:119
2018-09-13 16:11:29.363 20942 DEBUG neutron.api.rpc.callbacks.version_manager [req-5ed26d91-65e3-4d41-bbd9-8960945db65f aade3447accb4ba6835bc5ec3454f5a6 892b3d52c94348d8a7355f6390963dca - - -] Version for resource type Network changed None to 1.0 on consumer Open vSwitch agent@localhost.localdomain _set_version /usr/lib/python2.7/site-packages/neutron/api/rpc/callbacks/version_manager.py:119
2018-09-13 16:11:29.363 20942 DEBUG neutron.api.rpc.callbacks.version_manager [req-5ed26d91-65e3-4d41-bbd9-8960945db65f aade3447accb4ba6835bc5ec3454f5a6 892b3d52c94348d8a7355f6390963dca - - -] Version for resource type SubPort changed None to 1.0 on consumer Open vSwitch agent@localhost.localdomain _set_version /usr/lib/python2.7/site-packages/neutron/api/rpc/callbacks/version_manager.py:119
2018-09-13 16:11:29.364 20942 DEBUG neutron.api.rpc.callbacks.version_manager [req-5ed26d91-65e3-4d41-bbd9-8960945db65f aade3447accb4ba6835bc5ec3454f5a6 892b3d52c94348d8a7355f6390963dca - - -] Version for resource type SecurityGroup changed None to 1.0 on consumer Open vSwitch agent@localhost.localdomain _set_version /usr/lib/python2.7/site-packages/neutron/api/rpc/callbacks/version_manager.py:119
2018-09-13 16:11:29.364 20942 DEBUG neutron.api.rpc.callbacks.version_manager [req-5ed26d91-65e3-4d41-bbd9-8960945db65f aade3447accb4ba6835bc5ec3454f5a6 892b3d52c94348d8a7355f6390963dca - - -] Version for resource type SecurityGroupRule changed None to 1.0 on consumer Open vSwitch agent@localhost.localdomain _set_version /usr/lib/python2.7/site-packages/neutron/api/rpc/callbacks/version_manager.py:119
2018-09-13 16:11:29.365 20942 DEBUG neutron.api.rpc.callbacks.version_manager [req-5ed26d91-65e3-4d41-bbd9-8960945db65f aade3447accb4ba6835bc5ec3454f5a6 892b3d52c94348d8a7355f6390963dca - - -] Version for resource type Trunk changed None to 1.1 on consumer Open vSwitch agent@localhost.localdomain _set_version /usr/lib/python2.7/site-packages/neutron/api/rpc/callbacks/version_manager.py:119
2018-09-13 16:11:29.365 20942 DEBUG neutron.api.rpc.callbacks.version_manager [req-5ed26d91-65e3-4d41-bbd9-8960945db65f aade3447accb4ba6835bc5ec3454f5a6 892b3d52c94348d8a7355f6390963dca - - -] Version for resource type QosPolicy changed None to 1.6 on consumer Open vSwitch agent@localhost.localdomain _set_version /usr/lib/python2.7/site-packages/neutron/api/rpc/callbacks/version_manager.py:119
2018-09-13 16:11:29.366 20942 DEBUG neutron.api.rpc.callbacks.version_manager [req-5ed26d91-65e3-4d41-bbd9-8960945db65f aade3447accb4ba6835bc5ec3454f5a6 892b3d52c94348d8a7355f6390963dca - - -] Version for resource type Port changed None to 1.1 on consumer Open vSwitch agent@localhost.localdomain _set_version /usr/lib/python2.7/site-packages/neutron/api/rpc/callbacks/version_manager.py:119
2018-09-13 16:11:29.366 20942 DEBUG neutron.api.rpc.callbacks.version_manager [req-5ed26d91-65e3-4d41-bbd9-8960945db65f aade3447accb4ba6835bc5ec3454f5a6 892b3d52c94348d8a7355f6390963dca - - -] Version for resource type Log changed None to 1.0 on consumer Open vSwitch agent@localhost.localdomain _set_version /usr/lib/python2.7/site-packages/neutron/api/rpc/callbacks/version_manager.py:119
2018-09-13 16:11:29.375 20942 DEBUG oslo_concurrency.lockutils [req-5ed26d91-65e3-4d41-bbd9-8960945db65f aade3447accb4ba6835bc5ec3454f5a6 892b3d52c94348d8a7355f6390963dca - - -] Lock "event-dispatch" released by "neutron.plugins.ml2.ovo_rpc.dispatch_events" :: held 0.240s inner /usr/lib/python2.7/site-packages/oslo_concurrency/lockutils.py:282
2018-09-13 16:11:29.423 20942 DEBUG neutron.scheduler.dhcp_agent_scheduler [req-5ed26d91-65e3-4d41-bbd9-8960945db65f aade3447accb4ba6835bc5ec3454f5a6 892b3d52c94348d8a7355f6390963dca - default default] Network 9619842c-a15f-4600-bdce-bfe274d454b0 is already hosted by enough agents. _get_dhcp_agents_hosting_network /usr/lib/python2.7/site-packages/neutron/scheduler/dhcp_agent_scheduler.py:243
2018-09-13 16:11:29.525 20942 DEBUG neutron_lib.callbacks.manager [req-5ed26d91-65e3-4d41-bbd9-8960945db65f aade3447accb4ba6835bc5ec3454f5a6 892b3d52c94348d8a7355f6390963dca - default default] Notify callbacks ['neutron.plugins.ml2.plugin.Ml2Plugin._ensure_default_security_group_handler-531925'] for port, before_update _notify_loop /usr/lib/python2.7/site-packages/neutron_lib/callbacks/manager.py:167
2018-09-13 16:11:30.293 20942 DEBUG neutron_lib.callbacks.manager [req-5ed26d91-65e3-4d41-bbd9-8960945db65f aade3447accb4ba6835bc5ec3454f5a6 892b3d52c94348d8a7355f6390963dca - default default] Notify callbacks [] for port, precommit_update _notify_loop /usr/lib/python2.7/site-packages/neutron_lib/callbacks/manager.py:167
2018-09-13 16:11:30.301 20942 DEBUG neutron_lib.callbacks.manager [req-5ed26d91-65e3-4d41-bbd9-8960945db65f aade3447accb4ba6835bc5ec3454f5a6 892b3d52c94348d8a7355f6390963dca - default default] Notify callbacks ['neutron.db.l3_dvrscheduler_db._notify_l3_agent_port_update-8749488548176', 'neutron.db.l3_hascheduler_db._notify_l3_agent_ha_port_update-8749488548251', 'neutron.plugins.ml2.ovo_rpc._ObjectChangeHandler.handle_event-1674552', 'neutron.plugins.ml2.plugin.Ml2Plugin.notify_sg_on_port_change-531857', 'neutron.api.rpc.agentnotifiers.dhcp_rpc_agent_api.DhcpAgentNotifyAPI._native_event_send_dhcp_notification-1826515'] for port, after_update _notify_loop /usr/lib/python2.7/site-packages/neutron_lib/callbacks/manager.py:167
2018-09-13 16:11:30.327 20942 DEBUG oslo_concurrency.lockutils [-] Lock "event-dispatch" acquired by "neutron.plugins.ml2.ovo_rpc.dispatch_events" :: waited 0.000s inner /usr/lib/python2.7/site-packages/oslo_concurrency/lockutils.py:270
2018-09-13 16:11:30.563 20942 DEBUG neutron.api.rpc.handlers.resources_rpc [req-5ed26d91-65e3-4d41-bbd9-8960945db65f aade3447accb4ba6835bc5ec3454f5a6 892b3d52c94348d8a7355f6390963dca - - -] neutron.api.rpc.handlers.resources_rpc.ResourcesPushRpcApi method push called with arguments (<neutron_lib.context.Context object at 0x7f5261f1afd0>, [Port(admin_state_up=True,allowed_address_pairs=[],binding=PortBinding,binding_levels=[],created_at=2018-09-13T20:11:28Z,data_plane_status=<?>,description='',device_id='39f585a8-bc56-4856-b78d-55e426dc6676',device_owner='network:floatingip',dhcp_options=[],distributed_binding=None,dns=None,fixed_ips=[IPAllocation],id=9137c5bf-17ce-434a-a59d-2fedc4e113f9,mac_address=fa:16:3e:cf:ba:75,name='',network_id=9619842c-a15f-4600-bdce-bfe274d454b0,project_id='',qos_policy_id=None,revision_number=4,security=PortSecurity(9137c5bf-17ce-434a-a59d-2fedc4e113f9),security_group_ids=set([]),status='N/A',updated_at=2018-09-13T20:11:29Z)], 'updated') {} wrapper /usr/lib/python2.7/site-packages/oslo_log/helpers.py:66
2018-09-13 16:11:30.572 20942 DEBUG oslo_concurrency.lockutils [req-5ed26d91-65e3-4d41-bbd9-8960945db65f aade3447accb4ba6835bc5ec3454f5a6 892b3d52c94348d8a7355f6390963dca - - -] Lock "event-dispatch" released by "neutron.plugins.ml2.ovo_rpc.dispatch_events" :: held 0.246s inner /usr/lib/python2.7/site-packages/oslo_concurrency/lockutils.py:282
2018-09-13 16:11:30.623 20942 DEBUG neutron_lib.callbacks.manager [req-5ed26d91-65e3-4d41-bbd9-8960945db65f aade3447accb4ba6835bc5ec3454f5a6 892b3d52c94348d8a7355f6390963dca - default default] Notify callbacks ['neutron.services.l3_router.l3_router_plugin.L3RouterPlugin._create_dvr_floating_gw_port--9223372036853175822'] for floatingip, after_update _notify_loop /usr/lib/python2.7/site-packages/neutron_lib/callbacks/manager.py:167
2018-09-13 16:11:30.680 20942 DEBUG neutron.quota.resource [req-5ed26d91-65e3-4d41-bbd9-8960945db65f aade3447accb4ba6835bc5ec3454f5a6 892b3d52c94348d8a7355f6390963dca - default default] Persisted dirty status for tenant:cd6c9be6efcc442bad3bf61d9530c340 on resource:floatingip mark_dirty /usr/lib/python2.7/site-packages/neutron/quota/resource.py:207
2018-09-13 16:11:30.687 20942 DEBUG neutron.quota.resource [req-5ed26d91-65e3-4d41-bbd9-8960945db65f aade3447accb4ba6835bc5ec3454f5a6 892b3d52c94348d8a7355f6390963dca - default default] Persisted dirty status for tenant: on resource:port mark_dirty /usr/lib/python2.7/site-packages/neutron/quota/resource.py:207
2018-09-13 16:11:30.698 20942 DEBUG neutron_lib.callbacks.manager [req-5ed26d91-65e3-4d41-bbd9-8960945db65f aade3447accb4ba6835bc5ec3454f5a6 892b3d52c94348d8a7355f6390963dca - default default] Notify callbacks ['neutron.notifiers.nova.Notifier._send_nova_notification--9223372036854739700'] for floatingip, before_response _notify_loop /usr/lib/python2.7/site-packages/neutron_lib/callbacks/manager.py:167
2018-09-13 16:11:30.700 20942 INFO neutron.wsgi [req-5ed26d91-65e3-4d41-bbd9-8960945db65f aade3447accb4ba6835bc5ec3454f5a6 892b3d52c94348d8a7355f6390963dca - default default] 10.0.20.22 "POST /v2.0/floatingips HTTP/1.1" status: 201  len: 674 time: 2.7994862
2018-09-13 16:11:31.148 20942 DEBUG neutron.wsgi [-] (20942) accepted ('10.0.20.22', 37362) server /usr/lib/python2.7/site-packages/eventlet/wsgi.py:883
2018-09-13 16:11:31.646 20942 INFO neutron.wsgi [req-3fe7d63f-59ed-46f1-aba3-760031e3780f d1138ec1c77349f9b95c6580aab47cb8 007b5c587a144e49a50c9008f27cd2bd - default default] 10.0.20.22 "GET /v2.0/ports?device_id=c8bafbd8-ecf8-4625-ace5-6e63f29f2d70 HTTP/1.1" status: 200  len: 1123 time: 0.4971480
2018-09-13 16:11:31.763 20942 INFO neutron.wsgi [req-bed5bd1d-e334-47e0-8da1-b2550528e74d d1138ec1c77349f9b95c6580aab47cb8 007b5c587a144e49a50c9008f27cd2bd - default default] 10.0.20.22 "GET /v2.0/security-groups?id=5a124f1e-d71c-46d0-bd68-0a76e4d487c4 HTTP/1.1" status: 200  len: 2118 time: 0.1084230
2018-09-13 16:11:32.063 20948 DEBUG neutron_lib.callbacks.manager [req-9a162019-36c5-45a4-939d-d21543262d6f - - - - -] Notify callbacks ['neutron.services.segments.db._update_segment_host_mapping_for_agent--9223363287365849031'] for agent, after_update _notify_loop /usr/lib/python2.7/site-packages/neutron_lib/callbacks/manager.py:167
2018-09-13 16:11:32.090 20950 DEBUG neutron_lib.callbacks.manager [req-bf64946c-41bb-49ae-9493-697dda9df069 - - - - -] Notify callbacks ['neutron.services.segments.db._update_segment_host_mapping_for_agent--9223363287365849031'] for agent, after_update _notify_loop /usr/lib/python2.7/site-packages/neutron_lib/callbacks/manager.py:167
2018-09-13 16:11:32.114 20955 DEBUG neutron_lib.callbacks.manager [req-e534ff0a-7bb5-4bf4-883b-e0a24ecb0bb5 - - - - -] Notify callbacks ['neutron.services.segments.db._update_segment_host_mapping_for_agent--9223363287365849031'] for agent, after_update _notify_loop /usr/lib/python2.7/site-packages/neutron_lib/callbacks/manager.py:167
2018-09-13 16:11:32.641 20957 DEBUG neutron_lib.callbacks.manager [req-191a3dcb-ec2f-4b65-8576-fbc8f3e587bc - - - - -] Notify callbacks ['neutron.services.segments.db._update_segment_host_mapping_for_agent--9223363287365849031'] for agent, after_update _notify_loop /usr/lib/python2.7/site-packages/neutron_lib/callbacks/manager.py:167
2018-09-13 16:11:34.525 20940 DEBUG neutron.wsgi [-] (20940) accepted ('10.0.20.22', 37392) server /usr/lib/python2.7/site-packages/eventlet/wsgi.py:883
2018-09-13 16:11:34.989 20940 INFO neutron.wsgi [req-abd775be-0ec6-48c4-85e1-f6517e4f4879 d1138ec1c77349f9b95c6580aab47cb8 007b5c587a144e49a50c9008f27cd2bd - default default] 10.0.20.22 "GET /v2.0/ports?device_id=c8bafbd8-ecf8-4625-ace5-6e63f29f2d70 HTTP/1.1" status: 200  len: 1123 time: 0.4628510
2018-09-13 16:11:35.087 20940 INFO neutron.wsgi [req-fffdb93a-e23b-43b5-88b0-dbfcbdc0ff76 d1138ec1c77349f9b95c6580aab47cb8 007b5c587a144e49a50c9008f27cd2bd - default default] 10.0.20.22 "GET /v2.0/security-groups?id=5a124f1e-d71c-46d0-bd68-0a76e4d487c4 HTTP/1.1" status: 200  len: 2118 time: 0.0897372
2018-09-13 16:11:39.362 20939 DEBUG neutron.wsgi [-] (20939) accepted ('10.0.20.22', 37682) server /usr/lib/python2.7/site-packages/eventlet/wsgi.py:883
2018-09-13 16:11:39.381 20939 WARNING keystonemiddleware.auth_token [-] Using the in-process token cache is deprecated as of the 4.2.0 release and may be removed in the 5.0.0 release or the 'O' development cycle. The in-process cache causes inconsistent results and high memory usage. When the feature is removed the auth_token middleware will not cache tokens by default which may result in performance issues. It is recommended to use  memcache for the auth_token token cache by setting the memcached_servers option.
2018-09-13 16:11:40.670 20939 DEBUG oslo_policy._cache_handler [req-f54157ab-a9bd-40ed-b245-5ffefec30c66 d1138ec1c77349f9b95c6580aab47cb8 007b5c587a144e49a50c9008f27cd2bd - default default] Reloading cached file /etc/neutron/policy.json read_cached_file /usr/lib/python2.7/site-packages/oslo_policy/_cache_handler.py:40
2018-09-13 16:11:40.708 20939 DEBUG oslo_policy.policy [req-f54157ab-a9bd-40ed-b245-5ffefec30c66 d1138ec1c77349f9b95c6580aab47cb8 007b5c587a144e49a50c9008f27cd2bd - default default] Reloaded policy file: /etc/neutron/policy.json _load_policy_file /usr/lib/python2.7/site-packages/oslo_policy/policy.py:685
2018-09-13 16:11:41.286 20939 DEBUG oslo_policy._cache_handler [req-f54157ab-a9bd-40ed-b245-5ffefec30c66 d1138ec1c77349f9b95c6580aab47cb8 007b5c587a144e49a50c9008f27cd2bd - default default] Reloading cached file /etc/neutron/policy.json read_cached_file /usr/lib/python2.7/site-packages/oslo_policy/_cache_handler.py:40
2018-09-13 16:11:41.306 20939 DEBUG oslo_policy.policy [req-f54157ab-a9bd-40ed-b245-5ffefec30c66 d1138ec1c77349f9b95c6580aab47cb8 007b5c587a144e49a50c9008f27cd2bd - default default] Reloaded policy file: /etc/neutron/policy.json _load_policy_file /usr/lib/python2.7/site-packages/oslo_policy/policy.py:685
2018-09-13 16:11:41.314 20939 INFO neutron.wsgi [req-f54157ab-a9bd-40ed-b245-5ffefec30c66 d1138ec1c77349f9b95c6580aab47cb8 007b5c587a144e49a50c9008f27cd2bd - default default] 10.0.20.22 "GET /v2.0/ports?device_id=c8bafbd8-ecf8-4625-ace5-6e63f29f2d70 HTTP/1.1" status: 200  len: 1123 time: 1.9418340
2018-09-13 16:11:41.451 20939 INFO neutron.wsgi [req-8c5c93c3-69bb-4f0a-b854-f100cc73276c d1138ec1c77349f9b95c6580aab47cb8 007b5c587a144e49a50c9008f27cd2bd - default default] 10.0.20.22 "GET /v2.0/security-groups?id=5a124f1e-d71c-46d0-bd68-0a76e4d487c4 HTTP/1.1" status: 200  len: 2118 time: 0.1317561
2018-09-13 16:11:42.532 20939 DEBUG neutron.wsgi [-] (20939) accepted ('10.0.20.22', 37712) server /usr/lib/python2.7/site-packages/eventlet/wsgi.py:883
2018-09-13 16:11:43.004 20939 WARNING keystonemiddleware.auth_token [-] A valid token was submitted as a service token, but it was not a valid service token. This is incorrect but backwards compatible behaviour. This will be removed in future releases.
2018-09-13 16:11:43.339 20940 DEBUG neutron.wsgi [-] (20940) accepted ('10.0.20.22', 37714) server /usr/lib/python2.7/site-packages/eventlet/wsgi.py:883
2018-09-13 16:11:43.672 20939 INFO neutron.wsgi [req-58d17471-a6e2-406d-88dd-331670b146f8 cf4adf821d384f188fc5d8a7c1daa202 cd6c9be6efcc442bad3bf61d9530c340 - beb9a9278ce74a32b6b8c9decec23d20 beb9a9278ce74a32b6b8c9decec23d20] 10.0.20.22 "GET /v2.0/ports?device_id=c8bafbd8-ecf8-4625-ace5-6e63f29f2d70 HTTP/1.1" status: 200  len: 1123 time: 1.1374779
2018-09-13 16:11:44.031 20940 INFO neutron.wsgi [req-6d165295-1e08-4f23-b06f-3e4d0f78c6f0 d1138ec1c77349f9b95c6580aab47cb8 007b5c587a144e49a50c9008f27cd2bd - default default] 10.0.20.22 "GET /v2.0/ports?device_id=c8bafbd8-ecf8-4625-ace5-6e63f29f2d70 HTTP/1.1" status: 200  len: 1123 time: 0.6897650
2018-09-13 16:11:44.094 20939 INFO neutron.wsgi [req-f53423de-27be-4d4e-a7f8-6fdfe61ec86a cf4adf821d384f188fc5d8a7c1daa202 cd6c9be6efcc442bad3bf61d9530c340 - beb9a9278ce74a32b6b8c9decec23d20 beb9a9278ce74a32b6b8c9decec23d20] 10.0.20.22 "GET /v2.0/security-groups?id=5a124f1e-d71c-46d0-bd68-0a76e4d487c4 HTTP/1.1" status: 200  len: 2118 time: 0.4127760
2018-09-13 16:11:44.153 20940 INFO neutron.wsgi [req-ec75aa13-36eb-489b-affb-5f4248bc41e5 d1138ec1c77349f9b95c6580aab47cb8 007b5c587a144e49a50c9008f27cd2bd - default default] 10.0.20.22 "GET /v2.0/security-groups?id=5a124f1e-d71c-46d0-bd68-0a76e4d487c4 HTTP/1.1" status: 200  len: 2118 time: 0.1134930
2018-09-13 16:11:44.397 20939 INFO neutron.wsgi [req-948acb71-b8f6-444b-8af2-12fb4ca341f0 cf4adf821d384f188fc5d8a7c1daa202 cd6c9be6efcc442bad3bf61d9530c340 - beb9a9278ce74a32b6b8c9decec23d20 beb9a9278ce74a32b6b8c9decec23d20] 10.0.20.22 "GET /v2.0/ports?device_owner=compute%3Anova&device_id=c8bafbd8-ecf8-4625-ace5-6e63f29f2d70 HTTP/1.1" status: 200  len: 1123 time: 0.1427672
2018-09-13 16:11:44.461 20939 INFO neutron.wsgi [req-e0f11f42-c611-4411-a9f6-08f2d1d2a070 cf4adf821d384f188fc5d8a7c1daa202 cd6c9be6efcc442bad3bf61d9530c340 - beb9a9278ce74a32b6b8c9decec23d20 beb9a9278ce74a32b6b8c9decec23d20] 10.0.20.22 "GET /v2.0/floatingips?floating_ip_address=172.24.4.9 HTTP/1.1" status: 200  len: 672 time: 0.0542619
2018-09-13 16:11:44.558 20939 DEBUG neutron.api.v2.base [req-869e6ade-3cfc-44fc-91dd-c139d2c9cf7c cf4adf821d384f188fc5d8a7c1daa202 cd6c9be6efcc442bad3bf61d9530c340 - beb9a9278ce74a32b6b8c9decec23d20 beb9a9278ce74a32b6b8c9decec23d20] Request body: {u'floatingip': {u'fixed_ip_address': u'11.98.1.3', u'port_id': u'06082f06-78b6-49ce-8cab-c5ce7f9a6a13'}} prepare_request_body /usr/lib/python2.7/site-packages/neutron/api/v2/base.py:695
2018-09-13 16:11:45.013 20939 DEBUG neutron_lib.callbacks.manager [req-869e6ade-3cfc-44fc-91dd-c139d2c9cf7c cf4adf821d384f188fc5d8a7c1daa202 cd6c9be6efcc442bad3bf61d9530c340 - beb9a9278ce74a32b6b8c9decec23d20 beb9a9278ce74a32b6b8c9decec23d20] Notify callbacks ['neutron.services.l3_router.l3_router_plugin.L3RouterPlugin._create_dvr_floating_gw_port--9223372036853175822'] for floatingip, after_update _notify_loop /usr/lib/python2.7/site-packages/neutron_lib/callbacks/manager.py:167
2018-09-13 16:11:45.638 20939 DEBUG neutron.scheduler.l3_agent_scheduler [req-869e6ade-3cfc-44fc-91dd-c139d2c9cf7c cf4adf821d384f188fc5d8a7c1daa202 cd6c9be6efcc442bad3bf61d9530c340 - beb9a9278ce74a32b6b8c9decec23d20 beb9a9278ce74a32b6b8c9decec23d20] Router 4e964542-b489-47f1-b1be-db81c4ef77cd has already been hosted by L3 agent bbe33573-c700-4200-b44f-d2ad03ddf329 _get_candidates /usr/lib/python2.7/site-packages/neutron/scheduler/l3_agent_scheduler.py:141
2018-09-13 16:11:45.833 20939 DEBUG neutron.api.rpc.agentnotifiers.l3_rpc_agent_api [req-869e6ade-3cfc-44fc-91dd-c139d2c9cf7c cf4adf821d384f188fc5d8a7c1daa202 cd6c9be6efcc442bad3bf61d9530c340 - beb9a9278ce74a32b6b8c9decec23d20 beb9a9278ce74a32b6b8c9decec23d20] Notify agent at l3_agent.localhost.localdomain the message routers_updated _agent_notification /usr/lib/python2.7/site-packages/neutron/api/rpc/agentnotifiers/l3_rpc_agent_api.py:69
2018-09-13 16:11:45.879 20939 DEBUG neutron_lib.callbacks.manager [req-869e6ade-3cfc-44fc-91dd-c139d2c9cf7c cf4adf821d384f188fc5d8a7c1daa202 cd6c9be6efcc442bad3bf61d9530c340 - beb9a9278ce74a32b6b8c9decec23d20 beb9a9278ce74a32b6b8c9decec23d20] Notify callbacks ['neutron.notifiers.nova.Notifier._send_nova_notification--9223372036854739700'] for floatingip, before_response _notify_loop /usr/lib/python2.7/site-packages/neutron_lib/callbacks/manager.py:167
2018-09-13 16:11:45.924 20949 DEBUG neutron.db.l3_hamode_db [req-40f7c3d2-84cf-4444-9ca5-3cf9941e88a2 - - - - -] neutron.services.l3_router.l3_router_plugin.L3RouterPlugin method get_ha_sync_data_for_host called with arguments (<neutron_lib.context.Context object at 0x7f52620b2290>, u'localhost.localdomain', <neutron.db.models.agent.Agent[object at 7f5262175090] {id=u'bbe33573-c700-4200-b44f-d2ad03ddf329', agent_type=u'L3 agent', binary=u'neutron-l3-agent', topic=u'l3_agent', host=u'localhost.localdomain', availability_zone=u'nova', admin_state_up=True, created_at=datetime.datetime(2018, 9, 12, 22, 23, 13), started_at=datetime.datetime(2018, 9, 13, 20, 1, 32), heartbeat_timestamp=datetime.datetime(2018, 9, 13, 20, 11, 32), description=None, configurations=u'{"agent_mode": "legacy", "gateway_external_network_id": "", "handle_internal_only_routers": true, "routers": 2, "interfaces": 2, "floating_ips": 0, "interface_driver": "neutron.agent.linux.interface.OVSInterfaceDriver", "log_agent_heartbeats": false, "external_network_bridge": "", "ex_gw_ports": 2}', resource_versions=None, load=0}>) {'active': True, 'router_ids': ['4e964542-b489-47f1-b1be-db81c4ef77cd']} wrapper /usr/lib/python2.7/site-packages/oslo_log/helpers.py:66
2018-09-13 16:11:45.966 20939 INFO neutron.wsgi [req-869e6ade-3cfc-44fc-91dd-c139d2c9cf7c cf4adf821d384f188fc5d8a7c1daa202 cd6c9be6efcc442bad3bf61d9530c340 - beb9a9278ce74a32b6b8c9decec23d20 beb9a9278ce74a32b6b8c9decec23d20] 10.0.20.22 "PUT /v2.0/floatingips/39f585a8-bc56-4856-b78d-55e426dc6676 HTTP/1.1" status: 200  len: 744 time: 1.4956388
2018-09-13 16:11:45.967 20939 DEBUG oslo_concurrency.lockutils [-] Lock "notifier-12c5811b-b8aa-4b2d-9722-66fb779f92bd" acquired by "neutron.notifiers.batch_notifier.synced_send" :: waited 0.000s inner /usr/lib/python2.7/site-packages/oslo_concurrency/lockutils.py:270
2018-09-13 16:11:45.967 20939 DEBUG neutron.notifiers.nova [-] Sending events: [{'tag': u'06082f06-78b6-49ce-8cab-c5ce7f9a6a13', 'name': 'network-changed', 'server_uuid': u'c8bafbd8-ecf8-4625-ace5-6e63f29f2d70'}] send_events /usr/lib/python2.7/site-packages/neutron/notifiers/nova.py:242
2018-09-13 16:11:46.754 20949 DEBUG neutron.db.l3_hamode_db [req-40f7c3d2-84cf-4444-9ca5-3cf9941e88a2 - - - - -] neutron.services.l3_router.l3_router_plugin.L3RouterPlugin method _process_sync_ha_data called with arguments (<neutron_lib.context.Context object at 0x7f52620b2290>, [{'status': u'ACTIVE', '_interfaces': [{'status': u'ACTIVE', 'subnets': [{'dns_nameservers': [u'8.8.4.4'], 'ipv6_ra_mode': None, 'gateway_ip': u'11.98.1.1', 'cidr': u'11.98.1.0/24', 'id': u'0d735c31-e121-4583-add3-e413a277f064', 'subnetpool_id': None}], 'binding:host_id': u'localhost.localdomain', 'description': u'', 'allowed_address_pairs': [], 'tags': [], 'extra_dhcp_opts': [], 'updated_at': '2018-09-13T20:10:25Z', 'device_owner': u'network:router_interface', 'revision_number': 7, 'port_security_enabled': False, 'binding:profile': {}, 'mtu': 1450, 'fixed_ips': [{'subnet_id': u'0d735c31-e121-4583-add3-e413a277f064', 'prefixlen': 24, 'ip_address': u'11.98.1.1'}], 'id': u'14d77e16-aca1-4d3b-8c70-dff601a55568', 'security_groups': [], 'device_id': u'4e964542-b489-47f1-b1be-db81c4ef77cd', 'name': u'', 'admin_state_up': True, 'network_id': u'a3ac6423-a7fa-4beb-b84f-7d29c834dad2', 'tenant_id': u'cd6c9be6efcc442bad3bf61d9530c340', 'binding:vif_details': {u'port_filter': True, u'datapath_type': u'system', u'ovs_hybrid_plug': True}, 'address_scopes': {4: None, 6: None}, 'binding:vnic_type': u'normal', 'binding:vif_type': u'ovs', 'mac_address': u'fa:16:3e:23:a6:9d', 'project_id': u'cd6c9be6efcc442bad3bf61d9530c340', 'extra_subnets': [], 'created_at': '2018-09-13T20:10:19Z'}], 'enable_snat': True, 'ha_vr_id': 0, 'description': u'', 'tags': [], 'gw_port': {'status': u'ACTIVE', 'subnets': [{'dns_nameservers': [], 'ipv6_ra_mode': None, 'gateway_ip': u'172.24.4.1', 'cidr': u'172.24.4.0/24', 'id': u'6852f693-9617-43cb-89eb-377974cd9510', 'subnetpool_id': None}], 'binding:host_id': u'localhost.localdomain', 'description': u'', 'allowed_address_pairs': [], 'tags': [], 'extra_dhcp_opts': [], 'updated_at': '2018-09-13T20:10:35Z', 'device_owner': u'network:router_gateway', 'revision_number': 6, 'port_security_enabled': False, 'binding:profile': {}, 'mtu': 1500, 'fixed_ips': [{'subnet_id': u'6852f693-9617-43cb-89eb-377974cd9510', 'prefixlen': 24, 'ip_address': u'172.24.4.12'}], 'id': u'9bb1c590-9fe6-4238-b273-33ecc08f5fe3', 'security_groups': [], 'device_id': u'4e964542-b489-47f1-b1be-db81c4ef77cd', 'name': u'', 'admin_state_up': True, 'network_id': u'9619842c-a15f-4600-bdce-bfe274d454b0', 'tenant_id': u'', 'binding:vif_details': {u'port_filter': True, u'datapath_type': u'system', u'ovs_hybrid_plug': True}, 'address_scopes': {4: None, 6: None}, 'binding:vnic_type': u'normal', 'binding:vif_type': u'ovs', 'mac_address': u'fa:16:3e:43:46:59', 'project_id': u'', 'extra_subnets': [], 'created_at': '2018-09-13T20:10:30Z'}, 'updated_at': '2018-09-13T20:10:31Z', 'revision_number': 4, 'ha': False, 'id': u'4e964542-b489-47f1-b1be-db81c4ef77cd', 'gw_port_host': u'localhost.localdomain', 'external_gateway_info': {'network_id': u'9619842c-a15f-4600-bdce-bfe274d454b0', 'enable_snat': True, 'external_fixed_ips': [{'subnet_id': u'6852f693-9617-43cb-89eb-377974cd9510', 'ip_address': u'172.24.4.12'}]}, 'availability_zone_hints': [], 'availability_zones': [u'nova'], 'name': u'tempest-router-1536869255', 'gw_port_id': u'9bb1c590-9fe6-4238-b273-33ecc08f5fe3', 'admin_state_up': True, 'tenant_id': u'cd6c9be6efcc442bad3bf61d9530c340', 'created_at': '2018-09-13T20:10:01Z', 'distributed': False, 'flavor_id': None, 'routes': [], 'project_id': u'cd6c9be6efcc442bad3bf61d9530c340', '_floatingips': [{'router_id': u'4e964542-b489-47f1-b1be-db81c4ef77cd', 'status': u'DOWN', 'description': u'', 'tags': [], 'updated_at': '2018-09-13T20:11:44Z', 'dns_domain': '', 'floating_network_id': u'9619842c-a15f-4600-bdce-bfe274d454b0', 'fixed_ip_address': u'11.98.1.3', 'floating_ip_address': u'172.24.4.9', 'revision_number': 1, 'port_id': u'06082f06-78b6-49ce-8cab-c5ce7f9a6a13', 'id': u'39f585a8-bc56-4856-b78d-55e426dc6676', 'dns_name': '', 'created_at': '2018-09-13T20:11:29Z', 'tenant_id': u'cd6c9be6efcc442bad3bf61d9530c340', 'fixed_ip_address_scope': None, 'project_id': u'cd6c9be6efcc442bad3bf61d9530c340'}]}], u'localhost.localdomain', False) {} wrapper /usr/lib/python2.7/site-packages/oslo_log/helpers.py:66
2018-09-13 16:11:46.770 20949 DEBUG neutron.api.rpc.handlers.l3_rpc [req-40f7c3d2-84cf-4444-9ca5-3cf9941e88a2 - - - - -] Checking router: 4e964542-b489-47f1-b1be-db81c4ef77cd for host: localhost.localdomain _ensure_host_set_on_ports /usr/lib/python2.7/site-packages/neutron/api/rpc/handlers/l3_rpc.py:135
2018-09-13 16:11:46.919 20939 DEBUG novaclient.v2.client [-] REQ: curl -g -i -X POST http://10.0.20.22:8774/v2.1/007b5c587a144e49a50c9008f27cd2bd/os-server-external-events -H "User-Agent: python-novaclient" -H "Content-Type: application/json" -H "Accept: application/json" -H "X-OpenStack-Nova-API-Version: 2.1" -H "X-Auth-Token: {SHA1}bc6c8657780dec0f86a1f2adb3e4324d339b9dad" -d '{"events": [{"tag": "06082f06-78b6-49ce-8cab-c5ce7f9a6a13", "name": "network-changed", "server_uuid": "c8bafbd8-ecf8-4625-ace5-6e63f29f2d70"}]}' _http_log_request /usr/lib/python2.7/site-packages/keystoneauth1/session.py:375
2018-09-13 16:11:47.189 20958 DEBUG neutron.api.rpc.handlers.l3_rpc [req-a267de2f-f680-40a3-ae3d-b58ac2ac2776 - - - - -] New status for floating IP 39f585a8-bc56-4856-b78d-55e426dc6676: ACTIVE update_floatingip_statuses /usr/lib/python2.7/site-packages/neutron/api/rpc/handlers/l3_rpc.py:252
2018-09-13 16:11:47.605 20939 DEBUG novaclient.v2.client [-] RESP: [200] Content-Length: 179 Content-Type: application/json Openstack-Api-Version: compute 2.1 X-Openstack-Nova-Api-Version: 2.1 Vary: OpenStack-API-Version, X-OpenStack-Nova-API-Version X-Openstack-Request-Id: req-d8b6f4f0-50cf-4953-ba6c-e7f5fd2566ae X-Compute-Request-Id: req-d8b6f4f0-50cf-4953-ba6c-e7f5fd2566ae Date: Thu, 13 Sep 2018 20:11:47 GMT Connection: keep-alive 
RESP BODY: {"events": [{"status": "completed", "tag": "06082f06-78b6-49ce-8cab-c5ce7f9a6a13", "name": "network-changed", "server_uuid": "c8bafbd8-ecf8-4625-ace5-6e63f29f2d70", "code": 200}]}
 _http_log_response /usr/lib/python2.7/site-packages/keystoneauth1/session.py:423
2018-09-13 16:11:47.605 20939 DEBUG novaclient.v2.client [-] POST call to compute for http://10.0.20.22:8774/v2.1/007b5c587a144e49a50c9008f27cd2bd/os-server-external-events used request id req-d8b6f4f0-50cf-4953-ba6c-e7f5fd2566ae request /usr/lib/python2.7/site-packages/keystoneauth1/session.py:727
2018-09-13 16:11:47.606 20939 INFO neutron.notifiers.nova [-] Nova event response: {u'status': u'completed', u'tag': u'06082f06-78b6-49ce-8cab-c5ce7f9a6a13', u'name': u'network-changed', u'server_uuid': u'c8bafbd8-ecf8-4625-ace5-6e63f29f2d70', u'code': 200}
2018-09-13 16:11:47.727 20939 INFO neutron.wsgi [req-d0fd8b2a-66bb-4b6f-a35e-e84340cfc305 d1138ec1c77349f9b95c6580aab47cb8 007b5c587a144e49a50c9008f27cd2bd - default default] 10.0.20.22 "GET /v2.0/ports?tenant_id=cd6c9be6efcc442bad3bf61d9530c340&device_id=c8bafbd8-ecf8-4625-ace5-6e63f29f2d70 HTTP/1.1" status: 200  len: 1123 time: 0.7534001
2018-09-13 16:11:47.736 20958 DEBUG neutron.db.agents_db [req-d9054052-f2b5-4b05-8284-412f2f5caa3b - - - - -] Agent healthcheck: found 5 active agents agent_health_check /usr/lib/python2.7/site-packages/neutron/db/agents_db.py:281
2018-09-13 16:11:47.756 20945 INFO neutron.wsgi [req-c1d0ddc6-b626-46fb-bb29-e0531f0a73a4 d1138ec1c77349f9b95c6580aab47cb8 007b5c587a144e49a50c9008f27cd2bd - default default] 10.0.20.22 "GET /v2.0/ports?tenant_id=cd6c9be6efcc442bad3bf61d9530c340&device_id=c8bafbd8-ecf8-4625-ace5-6e63f29f2d70 HTTP/1.1" status: 200  len: 1123 time: 0.1115510
2018-09-13 16:11:47.983 20939 DEBUG neutron.pecan_wsgi.hooks.policy_enforcement [req-86fdffaa-bf07-4e0c-84f9-ea67cac4f6d7 d1138ec1c77349f9b95c6580aab47cb8 007b5c587a144e49a50c9008f27cd2bd - default default] Attributes excluded by policy engine: [u'vlan_transparent'] _exclude_attributes_by_policy /usr/lib/python2.7/site-packages/neutron/pecan_wsgi/hooks/policy_enforcement.py:256
2018-09-13 16:11:47.986 20939 INFO neutron.wsgi [req-86fdffaa-bf07-4e0c-84f9-ea67cac4f6d7 d1138ec1c77349f9b95c6580aab47cb8 007b5c587a144e49a50c9008f27cd2bd - default default] 10.0.20.22 "GET /v2.0/networks?id=a3ac6423-a7fa-4beb-b84f-7d29c834dad2 HTTP/1.1" status: 200  len: 885 time: 0.2514620
2018-09-13 16:11:48.003 20945 DEBUG neutron.pecan_wsgi.hooks.policy_enforcement [req-c30da4a1-e8ea-4c87-899d-e97eae0f342d d1138ec1c77349f9b95c6580aab47cb8 007b5c587a144e49a50c9008f27cd2bd - default default] Attributes excluded by policy engine: [u'vlan_transparent'] _exclude_attributes_by_policy /usr/lib/python2.7/site-packages/neutron/pecan_wsgi/hooks/policy_enforcement.py:256
2018-09-13 16:11:48.006 20945 INFO neutron.wsgi [req-c30da4a1-e8ea-4c87-899d-e97eae0f342d d1138ec1c77349f9b95c6580aab47cb8 007b5c587a144e49a50c9008f27cd2bd - default default] 10.0.20.22 "GET /v2.0/networks?id=a3ac6423-a7fa-4beb-b84f-7d29c834dad2 HTTP/1.1" status: 200  len: 885 time: 0.2438860
2018-09-13 16:11:48.023 20939 INFO neutron.wsgi [req-58bd89dd-e1cd-44f0-b921-a8ccc93ecf8e d1138ec1c77349f9b95c6580aab47cb8 007b5c587a144e49a50c9008f27cd2bd - default default] 10.0.20.22 "GET /v2.0/floatingips?fixed_ip_address=11.98.1.3&port_id=06082f06-78b6-49ce-8cab-c5ce7f9a6a13 HTTP/1.1" status: 200  len: 749 time: 0.0322602
2018-09-13 16:11:48.044 20945 INFO neutron.wsgi [req-ca052f98-db8a-4248-8453-389d3e957be4 d1138ec1c77349f9b95c6580aab47cb8 007b5c587a144e49a50c9008f27cd2bd - default default] 10.0.20.22 "GET /v2.0/floatingips?fixed_ip_address=11.98.1.3&port_id=06082f06-78b6-49ce-8cab-c5ce7f9a6a13 HTTP/1.1" status: 200  len: 749 time: 0.0321729
2018-09-13 16:11:48.151 20939 DEBUG neutron.pecan_wsgi.hooks.policy_enforcement [req-5c5f4982-5dc5-42d5-bae7-21fd44139c5b d1138ec1c77349f9b95c6580aab47cb8 007b5c587a144e49a50c9008f27cd2bd - default default] Attributes excluded by policy engine: [u'shared'] _exclude_attributes_by_policy /usr/lib/python2.7/site-packages/neutron/pecan_wsgi/hooks/policy_enforcement.py:256
2018-09-13 16:11:48.154 20939 INFO neutron.wsgi [req-5c5f4982-5dc5-42d5-bae7-21fd44139c5b d1138ec1c77349f9b95c6580aab47cb8 007b5c587a144e49a50c9008f27cd2bd - default default] 10.0.20.22 "GET /v2.0/subnets?id=0d735c31-e121-4583-add3-e413a277f064 HTTP/1.1" status: 200  len: 843 time: 0.1239390
2018-09-13 16:11:48.170 20945 DEBUG neutron.pecan_wsgi.hooks.policy_enforcement [req-96d4f860-b3bf-4509-bb90-1c12231a6bc6 d1138ec1c77349f9b95c6580aab47cb8 007b5c587a144e49a50c9008f27cd2bd - default default] Attributes excluded by policy engine: [u'shared'] _exclude_attributes_by_policy /usr/lib/python2.7/site-packages/neutron/pecan_wsgi/hooks/policy_enforcement.py:256
2018-09-13 16:11:48.172 20945 INFO neutron.wsgi [req-96d4f860-b3bf-4509-bb90-1c12231a6bc6 d1138ec1c77349f9b95c6580aab47cb8 007b5c587a144e49a50c9008f27cd2bd - default default] 10.0.20.22 "GET /v2.0/subnets?id=0d735c31-e121-4583-add3-e413a277f064 HTTP/1.1" status: 200  len: 843 time: 0.1223571
2018-09-13 16:11:48.271 20939 INFO neutron.wsgi [req-37709af8-6a00-4003-9b48-06cd4175c285 d1138ec1c77349f9b95c6580aab47cb8 007b5c587a144e49a50c9008f27cd2bd - default default] 10.0.20.22 "GET /v2.0/ports?network_id=a3ac6423-a7fa-4beb-b84f-7d29c834dad2&device_owner=network%3Adhcp HTTP/1.1" status: 200  len: 1127 time: 0.1106710
2018-09-13 16:11:48.310 20945 INFO neutron.wsgi [req-85a459cd-cc39-434f-8f3f-78950b5c74b1 d1138ec1c77349f9b95c6580aab47cb8 007b5c587a144e49a50c9008f27cd2bd - default default] 10.0.20.22 "GET /v2.0/ports?network_id=a3ac6423-a7fa-4beb-b84f-7d29c834dad2&device_owner=network%3Adhcp HTTP/1.1" status: 200  len: 1127 time: 0.1319449
2018-09-13 16:11:49.607 20939 DEBUG oslo_concurrency.lockutils [-] Lock "notifier-12c5811b-b8aa-4b2d-9722-66fb779f92bd" released by "neutron.notifiers.batch_notifier.synced_send" :: held 3.640s inner /usr/lib/python2.7/site-packages/oslo_concurrency/lockutils.py:282
2018-09-13 16:11:52.359 20949 DEBUG neutron_lib.callbacks.manager [req-5d41210b-d665-452a-b8ae-ffdc4d6cc2a2 - - - - -] Notify callbacks ['neutron.services.segments.db._update_segment_host_mapping_for_agent--9223363287365849031'] for agent, after_update _notify_loop /usr/lib/python2.7/site-packages/neutron_lib/callbacks/manager.py:167
2018-09-13 16:11:58.597 20946 INFO neutron.wsgi [req-70a61ccc-1f27-4b08-88ac-6742f6292fa2 cf4adf821d384f188fc5d8a7c1daa202 cd6c9be6efcc442bad3bf61d9530c340 - beb9a9278ce74a32b6b8c9decec23d20 beb9a9278ce74a32b6b8c9decec23d20] 10.0.20.22 "GET /v2.0/ports?device_id=c8bafbd8-ecf8-4625-ace5-6e63f29f2d70 HTTP/1.1" status: 200  len: 1123 time: 0.3534670
2018-09-13 16:11:58.690 20946 INFO neutron.wsgi [req-9ea3c341-cba1-4eb1-8944-2d5734f5623b cf4adf821d384f188fc5d8a7c1daa202 cd6c9be6efcc442bad3bf61d9530c340 - beb9a9278ce74a32b6b8c9decec23d20 beb9a9278ce74a32b6b8c9decec23d20] 10.0.20.22 "GET /v2.0/security-groups?id=5a124f1e-d71c-46d0-bd68-0a76e4d487c4 HTTP/1.1" status: 200  len: 2118 time: 0.0874069
2018-09-13 16:12:02.093 20951 DEBUG neutron_lib.callbacks.manager [req-f780e774-1e5c-4509-b7c3-ae0082cab554 - - - - -] Notify callbacks ['neutron.services.segments.db._update_segment_host_mapping_for_agent--9223363287365849031'] for agent, after_update _notify_loop /usr/lib/python2.7/site-packages/neutron_lib/callbacks/manager.py:167
2018-09-13 16:12:02.115 20954 DEBUG neutron_lib.callbacks.manager [req-bf64946c-41bb-49ae-9493-697dda9df069 - - - - -] Notify callbacks ['neutron.services.segments.db._update_segment_host_mapping_for_agent--9223363287365849031'] for agent, after_update _notify_loop /usr/lib/python2.7/site-packages/neutron_lib/callbacks/manager.py:167
2018-09-13 16:12:02.134 20956 DEBUG neutron_lib.callbacks.manager [req-e534ff0a-7bb5-4bf4-883b-e0a24ecb0bb5 - - - - -] Notify callbacks ['neutron.services.segments.db._update_segment_host_mapping_for_agent--9223363287365849031'] for agent, after_update _notify_loop /usr/lib/python2.7/site-packages/neutron_lib/callbacks/manager.py:167
2018-09-13 16:12:02.690 20953 DEBUG neutron_lib.callbacks.manager [req-7091272f-824a-4095-9f84-8c2c5068faa9 - - - - -] Notify callbacks ['neutron.services.segments.db._update_segment_host_mapping_for_agent--9223363287365849031'] for agent, after_update _notify_loop /usr/lib/python2.7/site-packages/neutron_lib/callbacks/manager.py:167
2018-09-13 16:12:12.897 20945 INFO neutron.wsgi [req-bc0e7b95-50e2-46db-b0a5-b7fcd52e50f4 d1138ec1c77349f9b95c6580aab47cb8 007b5c587a144e49a50c9008f27cd2bd - default default] 10.0.20.22 "GET /v2.0/ports?tenant_id=cd6c9be6efcc442bad3bf61d9530c340&device_id=c8bafbd8-ecf8-4625-ace5-6e63f29f2d70 HTTP/1.1" status: 200  len: 1123 time: 0.1225421
2018-09-13 16:12:13.137 20945 DEBUG neutron.pecan_wsgi.hooks.policy_enforcement [req-89697c5e-f83b-4f17-8e9f-60c5b88ad9db d1138ec1c77349f9b95c6580aab47cb8 007b5c587a144e49a50c9008f27cd2bd - default default] Attributes excluded by policy engine: [u'vlan_transparent'] _exclude_attributes_by_policy /usr/lib/python2.7/site-packages/neutron/pecan_wsgi/hooks/policy_enforcement.py:256
2018-09-13 16:12:13.139 20945 INFO neutron.wsgi [req-89697c5e-f83b-4f17-8e9f-60c5b88ad9db d1138ec1c77349f9b95c6580aab47cb8 007b5c587a144e49a50c9008f27cd2bd - default default] 10.0.20.22 "GET /v2.0/networks?id=a3ac6423-a7fa-4beb-b84f-7d29c834dad2 HTTP/1.1" status: 200  len: 885 time: 0.2370381
2018-09-13 16:12:13.187 20945 INFO neutron.wsgi [req-ddfa6bb6-57a8-4185-bba4-c3dfc5f4166f d1138ec1c77349f9b95c6580aab47cb8 007b5c587a144e49a50c9008f27cd2bd - default default] 10.0.20.22 "GET /v2.0/floatingips?fixed_ip_address=11.98.1.3&port_id=06082f06-78b6-49ce-8cab-c5ce7f9a6a13 HTTP/1.1" status: 200  len: 749 time: 0.0412169
2018-09-13 16:12:13.329 20945 DEBUG neutron.pecan_wsgi.hooks.policy_enforcement [req-38eff87d-6701-4c86-99b1-5ad7eec6b162 d1138ec1c77349f9b95c6580aab47cb8 007b5c587a144e49a50c9008f27cd2bd - default default] Attributes excluded by policy engine: [u'shared'] _exclude_attributes_by_policy /usr/lib/python2.7/site-packages/neutron/pecan_wsgi/hooks/policy_enforcement.py:256
2018-09-13 16:12:13.331 20945 INFO neutron.wsgi [req-38eff87d-6701-4c86-99b1-5ad7eec6b162 d1138ec1c77349f9b95c6580aab47cb8 007b5c587a144e49a50c9008f27cd2bd - default default] 10.0.20.22 "GET /v2.0/subnets?id=0d735c31-e121-4583-add3-e413a277f064 HTTP/1.1" status: 200  len: 843 time: 0.1374919
2018-09-13 16:12:13.471 20945 INFO neutron.wsgi [req-202e338f-831e-49ae-90b4-775d0e0f8b94 d1138ec1c77349f9b95c6580aab47cb8 007b5c587a144e49a50c9008f27cd2bd - default default] 10.0.20.22 "GET /v2.0/ports?network_id=a3ac6423-a7fa-4beb-b84f-7d29c834dad2&device_owner=network%3Adhcp HTTP/1.1" status: 200  len: 1127 time: 0.1331768
2018-09-13 16:12:18.941 20940 DEBUG neutron.wsgi [-] (20940) accepted ('10.0.20.22', 38348) server /usr/lib/python2.7/site-packages/eventlet/wsgi.py:883
2018-09-13 16:12:19.898 20940 INFO neutron.wsgi [req-7a84cdc9-12c6-4f57-9e67-66a1019fc277 cf4adf821d384f188fc5d8a7c1daa202 cd6c9be6efcc442bad3bf61d9530c340 - beb9a9278ce74a32b6b8c9decec23d20 beb9a9278ce74a32b6b8c9decec23d20] 10.0.20.22 "GET /v2.0/ports?device_id=c8bafbd8-ecf8-4625-ace5-6e63f29f2d70 HTTP/1.1" status: 200  len: 1123 time: 0.9554610
2018-09-13 16:12:20.021 20940 INFO neutron.wsgi [req-5a4e537b-4d37-4cf9-a796-28840108aff5 cf4adf821d384f188fc5d8a7c1daa202 cd6c9be6efcc442bad3bf61d9530c340 - beb9a9278ce74a32b6b8c9decec23d20 beb9a9278ce74a32b6b8c9decec23d20] 10.0.20.22 "GET /v2.0/security-groups?id=5a124f1e-d71c-46d0-bd68-0a76e4d487c4 HTTP/1.1" status: 200  len: 2118 time: 0.1146190
2018-09-13 16:12:22.389 20948 DEBUG neutron_lib.callbacks.manager [req-5d41210b-d665-452a-b8ae-ffdc4d6cc2a2 - - - - -] Notify callbacks ['neutron.services.segments.db._update_segment_host_mapping_for_agent--9223363287365849031'] for agent, after_update _notify_loop /usr/lib/python2.7/site-packages/neutron_lib/callbacks/manager.py:167
2018-09-13 16:12:24.744 20958 DEBUG neutron.db.agents_db [req-d9054052-f2b5-4b05-8284-412f2f5caa3b - - - - -] Agent healthcheck: found 5 active agents agent_health_check /usr/lib/python2.7/site-packages/neutron/db/agents_db.py:281
2018-09-13 16:12:31.754 20946 INFO neutron.wsgi [req-aa83a364-df54-4a24-ac58-3dca2d3e1c94 cf4adf821d384f188fc5d8a7c1daa202 cd6c9be6efcc442bad3bf61d9530c340 - beb9a9278ce74a32b6b8c9decec23d20 beb9a9278ce74a32b6b8c9decec23d20] 10.0.20.22 "GET /v2.0/ports?device_id=c8bafbd8-ecf8-4625-ace5-6e63f29f2d70 HTTP/1.1" status: 200  len: 1123 time: 0.4922948
2018-09-13 16:12:31.840 20946 INFO neutron.wsgi [req-f7a65de5-ede5-49f0-90f2-7b52874ca9c2 cf4adf821d384f188fc5d8a7c1daa202 cd6c9be6efcc442bad3bf61d9530c340 - beb9a9278ce74a32b6b8c9decec23d20 beb9a9278ce74a32b6b8c9decec23d20] 10.0.20.22 "GET /v2.0/security-groups?id=5a124f1e-d71c-46d0-bd68-0a76e4d487c4 HTTP/1.1" status: 200  len: 2118 time: 0.0812190
2018-09-13 16:12:32.070 20950 DEBUG neutron_lib.callbacks.manager [req-37cf9e6b-a1d8-4327-8c8b-94bb03b8473b - - - - -] Notify callbacks ['neutron.services.segments.db._update_segment_host_mapping_for_agent--9223363287365849031'] for agent, after_update _notify_loop /usr/lib/python2.7/site-packages/neutron_lib/callbacks/manager.py:167
2018-09-13 16:12:32.097 20957 DEBUG neutron_lib.callbacks.manager [req-e534ff0a-7bb5-4bf4-883b-e0a24ecb0bb5 - - - - -] Notify callbacks ['neutron.services.segments.db._update_segment_host_mapping_for_agent--9223363287365849031'] for agent, after_update _notify_loop /usr/lib/python2.7/site-packages/neutron_lib/callbacks/manager.py:167
2018-09-13 16:12:32.293 20955 DEBUG neutron_lib.callbacks.manager [req-bf64946c-41bb-49ae-9493-697dda9df069 - - - - -] Notify callbacks ['neutron.services.segments.db._update_segment_host_mapping_for_agent--9223363287365849031'] for agent, after_update _notify_loop /usr/lib/python2.7/site-packages/neutron_lib/callbacks/manager.py:167
2018-09-13 16:12:32.617 20949 DEBUG neutron_lib.callbacks.manager [req-4b65e49e-9a12-462c-981f-5cf7944466c9 - - - - -] Notify callbacks ['neutron.services.segments.db._update_segment_host_mapping_for_agent--9223363287365849031'] for agent, after_update _notify_loop /usr/lib/python2.7/site-packages/neutron_lib/callbacks/manager.py:167
