2018-09-28 17:47:00.046 9274 DEBUG neutron_lib.callbacks.manager [req-f9cb8b6e-3bdb-4cac-baf5-acf9ca4104a8 - - - - -] Notify callbacks ['neutron.services.segments.db._update_segment_host_mapping_for_agent-8792824391082'] for agent, after_update _notify_loop /usr/lib/python2.7/site-packages/neutron_lib/callbacks/manager.py:167
2018-09-28 17:47:00.080 9269 DEBUG neutron_lib.callbacks.manager [req-97527600-7ff3-472c-981c-12cd892ca9f7 - - - - -] Notify callbacks ['neutron.services.segments.db._update_segment_host_mapping_for_agent-8792824391082'] for agent, after_update _notify_loop /usr/lib/python2.7/site-packages/neutron_lib/callbacks/manager.py:167
2018-09-28 17:47:00.937 9275 DEBUG neutron_lib.callbacks.manager [req-04eb95de-5609-4ff6-ac03-8842b97874fe - - - - -] Notify callbacks ['neutron.services.segments.db._update_segment_host_mapping_for_agent-8792824391082'] for agent, after_update _notify_loop /usr/lib/python2.7/site-packages/neutron_lib/callbacks/manager.py:167
2018-09-28 17:47:01.571 9279 DEBUG neutron_lib.callbacks.manager [req-298eec05-b471-490c-b99d-ccc88cd6cacb - - - - -] Notify callbacks ['neutron.services.segments.db._update_segment_host_mapping_for_agent-8792824391082'] for agent, after_update _notify_loop /usr/lib/python2.7/site-packages/neutron_lib/callbacks/manager.py:167
2018-09-28 17:47:16.997 9259 INFO neutron.wsgi [req-5902379c-0635-41f6-90da-d870fab327c3 5a42c245a9524d2690645093ae1ed2ea 0370d8fb50704220a0d8021f0cc9d2d1 - default default] 10.0.20.44 "GET /v2.0/ports?device_id=ccb60f56-e2cb-4de5-8691-767ddcff6e3a HTTP/1.1" status: 200  len: 1123 time: 0.8172541
2018-09-28 17:47:17.125 9259 INFO neutron.wsgi [req-a0b89f1d-f0d1-4bc3-9e93-f112ce830ea1 5a42c245a9524d2690645093ae1ed2ea 0370d8fb50704220a0d8021f0cc9d2d1 - default default] 10.0.20.44 "GET /v2.0/security-groups?id=e930560c-804e-415f-8998-5aa4485361b2 HTTP/1.1" status: 200  len: 2118 time: 0.1190691
2018-09-28 17:47:20.538 9264 INFO neutron.wsgi [req-21544c35-4490-4b7d-91be-cba60ad50f05 5a42c245a9524d2690645093ae1ed2ea 0370d8fb50704220a0d8021f0cc9d2d1 - default default] 10.0.20.44 "GET /v2.0/ports?device_id=ccb60f56-e2cb-4de5-8691-767ddcff6e3a HTTP/1.1" status: 200  len: 1123 time: 1.0459180
2018-09-28 17:47:20.698 9264 INFO neutron.wsgi [req-c71ff0c1-81a5-49e9-b7bf-b846c290ee07 5a42c245a9524d2690645093ae1ed2ea 0370d8fb50704220a0d8021f0cc9d2d1 - default default] 10.0.20.44 "GET /v2.0/security-groups?id=e930560c-804e-415f-8998-5aa4485361b2 HTTP/1.1" status: 200  len: 2118 time: 0.1475849
2018-09-28 17:47:21.585 9266 INFO neutron.wsgi [req-8b9ae80a-c6ec-4d07-93ed-95da85062faa 5a42c245a9524d2690645093ae1ed2ea 0370d8fb50704220a0d8021f0cc9d2d1 - default default] 10.0.20.44 "GET /v2.0/ports?device_id=ccb60f56-e2cb-4de5-8691-767ddcff6e3a HTTP/1.1" status: 200  len: 1123 time: 0.1301620
2018-09-28 17:47:22.284 9266 INFO neutron.wsgi [req-132f15c1-f2fe-4d43-930e-8b8f0746cb06 5a42c245a9524d2690645093ae1ed2ea 0370d8fb50704220a0d8021f0cc9d2d1 - default default] 10.0.20.44 "GET /v2.0/security-groups?id=e930560c-804e-415f-8998-5aa4485361b2 HTTP/1.1" status: 200  len: 2118 time: 0.6906469
2018-09-28 17:47:23.395 9266 INFO neutron.wsgi [req-bd87c3ca-befb-4426-8429-b0802d9fa412 5a42c245a9524d2690645093ae1ed2ea 0370d8fb50704220a0d8021f0cc9d2d1 - default default] 10.0.20.44 "GET /v2.0/ports?device_id=ccb60f56-e2cb-4de5-8691-767ddcff6e3a HTTP/1.1" status: 200  len: 1123 time: 0.1260099
2018-09-28 17:47:23.517 9266 INFO neutron.wsgi [req-f5195cad-b66f-43a5-bd03-d122d06b1c09 5a42c245a9524d2690645093ae1ed2ea 0370d8fb50704220a0d8021f0cc9d2d1 - default default] 10.0.20.44 "GET /v2.0/security-groups?id=e930560c-804e-415f-8998-5aa4485361b2 HTTP/1.1" status: 200  len: 2118 time: 0.1130290
2018-09-28 17:47:27.491 9281 DEBUG neutron.db.agents_db [req-3812fb09-1f38-45b6-8ffb-995f3d535abe - - - - -] Agent healthcheck: found 5 active agents agent_health_check /usr/lib/python2.7/site-packages/neutron/db/agents_db.py:281
2018-09-28 17:47:28.247 9259 INFO neutron.wsgi [req-c5836a83-e1a3-42ae-9cdc-e948d1527229 5a42c245a9524d2690645093ae1ed2ea 0370d8fb50704220a0d8021f0cc9d2d1 - default default] 10.0.20.44 "GET /v2.0/ports?device_id=ccb60f56-e2cb-4de5-8691-767ddcff6e3a HTTP/1.1" status: 200  len: 1123 time: 0.7311821
2018-09-28 17:47:28.433 9259 INFO neutron.wsgi [req-f5182008-3f41-4a40-8887-3d04a3b23924 5a42c245a9524d2690645093ae1ed2ea 0370d8fb50704220a0d8021f0cc9d2d1 - default default] 10.0.20.44 "GET /v2.0/security-groups?id=e930560c-804e-415f-8998-5aa4485361b2 HTTP/1.1" status: 200  len: 2118 time: 0.1769772
2018-09-28 17:47:29.962 9272 DEBUG neutron_lib.callbacks.manager [req-34af4e8b-f7ce-4fea-b02e-9537441b82f7 - - - - -] Notify callbacks ['neutron.services.segments.db._update_segment_host_mapping_for_agent-8792824391082'] for agent, after_update _notify_loop /usr/lib/python2.7/site-packages/neutron_lib/callbacks/manager.py:167
2018-09-28 17:47:30.061 9278 DEBUG neutron_lib.callbacks.manager [req-f9cb8b6e-3bdb-4cac-baf5-acf9ca4104a8 - - - - -] Notify callbacks ['neutron.services.segments.db._update_segment_host_mapping_for_agent-8792824391082'] for agent, after_update _notify_loop /usr/lib/python2.7/site-packages/neutron_lib/callbacks/manager.py:167
2018-09-28 17:47:30.113 9273 DEBUG neutron_lib.callbacks.manager [req-97527600-7ff3-472c-981c-12cd892ca9f7 - - - - -] Notify callbacks ['neutron.services.segments.db._update_segment_host_mapping_for_agent-8792824391082'] for agent, after_update _notify_loop /usr/lib/python2.7/site-packages/neutron_lib/callbacks/manager.py:167
2018-09-28 17:47:30.954 9277 DEBUG neutron_lib.callbacks.manager [req-04eb95de-5609-4ff6-ac03-8842b97874fe - - - - -] Notify callbacks ['neutron.services.segments.db._update_segment_host_mapping_for_agent-8792824391082'] for agent, after_update _notify_loop /usr/lib/python2.7/site-packages/neutron_lib/callbacks/manager.py:167
2018-09-28 17:47:31.574 9268 DEBUG neutron_lib.callbacks.manager [req-acf992b8-ee58-422d-ac4e-18b4f6127cbd - - - - -] Notify callbacks ['neutron.services.segments.db._update_segment_host_mapping_for_agent-8792824391082'] for agent, after_update _notify_loop /usr/lib/python2.7/site-packages/neutron_lib/callbacks/manager.py:167
2018-09-28 17:47:51.299 9266 INFO neutron.wsgi [req-a4eacd83-5b47-4070-8efc-d7a1d704d77b 5a42c245a9524d2690645093ae1ed2ea 0370d8fb50704220a0d8021f0cc9d2d1 - default default] 10.0.20.44 "GET /v2.0/ports?tenant_id=14d4e5f8ee6449b6b7500d40350843ac&device_id=5d7b28d2-38ca-49ef-adea-278c0cf65cae HTTP/1.1" status: 200  len: 1124 time: 0.1184740
2018-09-28 17:47:51.547 9266 DEBUG neutron.pecan_wsgi.hooks.policy_enforcement [req-d610654f-5383-448e-a59c-3ff118705793 5a42c245a9524d2690645093ae1ed2ea 0370d8fb50704220a0d8021f0cc9d2d1 - default default] Attributes excluded by policy engine: [u'vlan_transparent'] _exclude_attributes_by_policy /usr/lib/python2.7/site-packages/neutron/pecan_wsgi/hooks/policy_enforcement.py:256
2018-09-28 17:47:51.550 9266 INFO neutron.wsgi [req-d610654f-5383-448e-a59c-3ff118705793 5a42c245a9524d2690645093ae1ed2ea 0370d8fb50704220a0d8021f0cc9d2d1 - default default] 10.0.20.44 "GET /v2.0/networks?id=17eda704-9096-402f-b9bf-fcf5c2611f8b HTTP/1.1" status: 200  len: 885 time: 0.2442420
2018-09-28 17:47:51.604 9266 INFO neutron.wsgi [req-7b3b2cca-1fc5-42b4-b0c5-d1a60aab9af0 5a42c245a9524d2690645093ae1ed2ea 0370d8fb50704220a0d8021f0cc9d2d1 - default default] 10.0.20.44 "GET /v2.0/floatingips?fixed_ip_address=11.218.1.8&port_id=fcbec8f9-1825-431e-9051-ccd468b3dd4f HTTP/1.1" status: 200  len: 751 time: 0.0483398
2018-09-28 17:47:51.720 9266 DEBUG neutron.pecan_wsgi.hooks.policy_enforcement [req-ce31d76c-4b21-4a32-937c-f3d28756e5cc 5a42c245a9524d2690645093ae1ed2ea 0370d8fb50704220a0d8021f0cc9d2d1 - default default] Attributes excluded by policy engine: [u'shared'] _exclude_attributes_by_policy /usr/lib/python2.7/site-packages/neutron/pecan_wsgi/hooks/policy_enforcement.py:256
2018-09-28 17:47:51.723 9266 INFO neutron.wsgi [req-ce31d76c-4b21-4a32-937c-f3d28756e5cc 5a42c245a9524d2690645093ae1ed2ea 0370d8fb50704220a0d8021f0cc9d2d1 - default default] 10.0.20.44 "GET /v2.0/subnets?id=3a7c4359-33b9-4ee0-9429-c60caab4b986 HTTP/1.1" status: 200  len: 847 time: 0.1128719
2018-09-28 17:47:51.829 9266 INFO neutron.wsgi [req-84f75017-5efc-4810-9e53-ae0cd7e45856 5a42c245a9524d2690645093ae1ed2ea 0370d8fb50704220a0d8021f0cc9d2d1 - default default] 10.0.20.44 "GET /v2.0/ports?network_id=17eda704-9096-402f-b9bf-fcf5c2611f8b&device_owner=network%3Adhcp HTTP/1.1" status: 200  len: 1128 time: 0.1007490
2018-09-28 17:47:54.875 9261 DEBUG neutron.wsgi [-] (9261) accepted ('10.0.20.44', 45998) server /usr/lib/python2.7/site-packages/eventlet/wsgi.py:883
2018-09-28 17:47:54.879 9261 INFO neutron.wsgi [-] 10.0.20.44 "GET / HTTP/1.1" status: 200  len: 252 time: 0.0027151
2018-09-28 17:47:55.280 9261 INFO neutron.api.v2.resource [req-8ed42d6f-3404-4caf-afd2-7978d247c33c 110da5b865b240d78b6c2dbef5a291f6 2474eeb6b1d147c1b0b02fa80f7a713b - 5f48af97db7e496998a190bf9ae17217 5f48af97db7e496998a190bf9ae17217] show failed (client error): The resource could not be found.
2018-09-28 17:47:55.282 9261 INFO neutron.wsgi [req-8ed42d6f-3404-4caf-afd2-7978d247c33c 110da5b865b240d78b6c2dbef5a291f6 2474eeb6b1d147c1b0b02fa80f7a713b - 5f48af97db7e496998a190bf9ae17217 5f48af97db7e496998a190bf9ae17217] 10.0.20.44 "GET /v2.0/floatingips/172.24.4.15 HTTP/1.1" status: 404  len: 325 time: 0.3975430
2018-09-28 17:47:55.319 9261 INFO neutron.wsgi [req-36aa5baf-d2ad-45f5-b4b1-adc110e5496b 110da5b865b240d78b6c2dbef5a291f6 2474eeb6b1d147c1b0b02fa80f7a713b - 5f48af97db7e496998a190bf9ae17217 5f48af97db7e496998a190bf9ae17217] 10.0.20.44 "GET /v2.0/floatingips HTTP/1.1" status: 200  len: 1742 time: 0.0322990
2018-09-28 17:47:55.391 9261 DEBUG neutron.plugins.ml2.plugin [req-017f22fd-122b-4e60-94cc-80bb6567869e 110da5b865b240d78b6c2dbef5a291f6 2474eeb6b1d147c1b0b02fa80f7a713b - 5f48af97db7e496998a190bf9ae17217 5f48af97db7e496998a190bf9ae17217] Deleting port 0be71adb-007c-41ff-9788-9ea449e28d3e _pre_delete_port /usr/lib/python2.7/site-packages/neutron/plugins/ml2/plugin.py:1488
2018-09-28 17:47:55.392 9261 DEBUG neutron_lib.callbacks.manager [req-017f22fd-122b-4e60-94cc-80bb6567869e 110da5b865b240d78b6c2dbef5a291f6 2474eeb6b1d147c1b0b02fa80f7a713b - 5f48af97db7e496998a190bf9ae17217 5f48af97db7e496998a190bf9ae17217] Notify callbacks ['neutron.db.l3_db._prevent_l3_port_delete_callback--9223363244030181274'] for port, before_delete _notify_loop /usr/lib/python2.7/site-packages/neutron_lib/callbacks/manager.py:167
2018-09-28 17:47:55.750 9261 DEBUG neutron.plugins.ml2.plugin [req-017f22fd-122b-4e60-94cc-80bb6567869e 110da5b865b240d78b6c2dbef5a291f6 2474eeb6b1d147c1b0b02fa80f7a713b - 5f48af97db7e496998a190bf9ae17217 5f48af97db7e496998a190bf9ae17217] Calling delete_port for 0be71adb-007c-41ff-9788-9ea449e28d3e owned by network:floatingip delete_port /usr/lib/python2.7/site-packages/neutron/plugins/ml2/plugin.py:1547
2018-09-28 17:47:56.048 9261 DEBUG neutron_lib.callbacks.manager [req-017f22fd-122b-4e60-94cc-80bb6567869e 110da5b865b240d78b6c2dbef5a291f6 2474eeb6b1d147c1b0b02fa80f7a713b - 5f48af97db7e496998a190bf9ae17217 5f48af97db7e496998a190bf9ae17217] Notify callbacks ['neutron.db.l3_db._notify_routers_callback-8792824568385', 'neutron.api.rpc.agentnotifiers.dhcp_rpc_agent_api.DhcpAgentNotifyAPI._native_event_send_dhcp_notification-1501786', 'neutron.db.l3_dvrscheduler_db._notify_port_delete-8792824028857', 'neutron.plugins.ml2.plugin.Ml2Plugin.notify_sg_on_port_change-490636', 'neutron.plugins.ml2.ovo_rpc._ObjectChangeHandler.handle_event--9223372036853247578'] for port, after_delete _notify_loop /usr/lib/python2.7/site-packages/neutron_lib/callbacks/manager.py:167
2018-09-28 17:47:56.360 9261 DEBUG oslo_concurrency.lockutils [-] Lock "event-dispatch" acquired by "neutron.plugins.ml2.ovo_rpc.dispatch_events" :: waited 0.000s inner /usr/lib/python2.7/site-packages/oslo_concurrency/lockutils.py:270
2018-09-28 17:47:56.437 9261 DEBUG neutron.api.rpc.handlers.resources_rpc [req-017f22fd-122b-4e60-94cc-80bb6567869e 110da5b865b240d78b6c2dbef5a291f6 2474eeb6b1d147c1b0b02fa80f7a713b - - -] neutron.api.rpc.handlers.resources_rpc.ResourcesPushRpcApi method push called with arguments (<neutron_lib.context.Context object at 0x7ff3d13db650>, [Port(admin_state_up=<?>,allowed_address_pairs=<?>,binding=<?>,binding_levels=<?>,created_at=<?>,data_plane_status=<?>,description=<?>,device_id=<?>,device_owner=<?>,dhcp_options=<?>,distributed_binding=<?>,dns=<?>,fixed_ips=<?>,id=0be71adb-007c-41ff-9788-9ea449e28d3e,mac_address=<?>,name=<?>,network_id=<?>,project_id=<?>,qos_policy_id=None,revision_number=<?>,security=<?>,security_group_ids=None,status=<?>,updated_at=<?>)], 'deleted') {} wrapper /usr/lib/python2.7/site-packages/oslo_log/helpers.py:66
2018-09-28 17:47:56.534 9261 DEBUG neutron.api.rpc.callbacks.version_manager [req-017f22fd-122b-4e60-94cc-80bb6567869e 110da5b865b240d78b6c2dbef5a291f6 2474eeb6b1d147c1b0b02fa80f7a713b - - -] Version for resource type Subnet changed None to 1.0 on consumer Open vSwitch agent@localhost.localdomain _set_version /usr/lib/python2.7/site-packages/neutron/api/rpc/callbacks/version_manager.py:119
2018-09-28 17:47:56.534 9261 DEBUG neutron.api.rpc.callbacks.version_manager [req-017f22fd-122b-4e60-94cc-80bb6567869e 110da5b865b240d78b6c2dbef5a291f6 2474eeb6b1d147c1b0b02fa80f7a713b - - -] Version for resource type Network changed None to 1.0 on consumer Open vSwitch agent@localhost.localdomain _set_version /usr/lib/python2.7/site-packages/neutron/api/rpc/callbacks/version_manager.py:119
2018-09-28 17:47:56.535 9261 DEBUG neutron.api.rpc.callbacks.version_manager [req-017f22fd-122b-4e60-94cc-80bb6567869e 110da5b865b240d78b6c2dbef5a291f6 2474eeb6b1d147c1b0b02fa80f7a713b - - -] Version for resource type SubPort changed None to 1.0 on consumer Open vSwitch agent@localhost.localdomain _set_version /usr/lib/python2.7/site-packages/neutron/api/rpc/callbacks/version_manager.py:119
2018-09-28 17:47:56.536 9261 DEBUG neutron.api.rpc.callbacks.version_manager [req-017f22fd-122b-4e60-94cc-80bb6567869e 110da5b865b240d78b6c2dbef5a291f6 2474eeb6b1d147c1b0b02fa80f7a713b - - -] Version for resource type SecurityGroup changed None to 1.0 on consumer Open vSwitch agent@localhost.localdomain _set_version /usr/lib/python2.7/site-packages/neutron/api/rpc/callbacks/version_manager.py:119
2018-09-28 17:47:56.536 9261 DEBUG neutron.api.rpc.callbacks.version_manager [req-017f22fd-122b-4e60-94cc-80bb6567869e 110da5b865b240d78b6c2dbef5a291f6 2474eeb6b1d147c1b0b02fa80f7a713b - - -] Version for resource type SecurityGroupRule changed None to 1.0 on consumer Open vSwitch agent@localhost.localdomain _set_version /usr/lib/python2.7/site-packages/neutron/api/rpc/callbacks/version_manager.py:119
2018-09-28 17:47:56.537 9261 DEBUG neutron.api.rpc.callbacks.version_manager [req-017f22fd-122b-4e60-94cc-80bb6567869e 110da5b865b240d78b6c2dbef5a291f6 2474eeb6b1d147c1b0b02fa80f7a713b - - -] Version for resource type Trunk changed None to 1.1 on consumer Open vSwitch agent@localhost.localdomain _set_version /usr/lib/python2.7/site-packages/neutron/api/rpc/callbacks/version_manager.py:119
2018-09-28 17:47:56.538 9261 DEBUG neutron.api.rpc.callbacks.version_manager [req-017f22fd-122b-4e60-94cc-80bb6567869e 110da5b865b240d78b6c2dbef5a291f6 2474eeb6b1d147c1b0b02fa80f7a713b - - -] Version for resource type QosPolicy changed None to 1.6 on consumer Open vSwitch agent@localhost.localdomain _set_version /usr/lib/python2.7/site-packages/neutron/api/rpc/callbacks/version_manager.py:119
2018-09-28 17:47:56.539 9261 DEBUG neutron.api.rpc.callbacks.version_manager [req-017f22fd-122b-4e60-94cc-80bb6567869e 110da5b865b240d78b6c2dbef5a291f6 2474eeb6b1d147c1b0b02fa80f7a713b - - -] Version for resource type Port changed None to 1.1 on consumer Open vSwitch agent@localhost.localdomain _set_version /usr/lib/python2.7/site-packages/neutron/api/rpc/callbacks/version_manager.py:119
2018-09-28 17:47:56.540 9261 DEBUG neutron.api.rpc.callbacks.version_manager [req-017f22fd-122b-4e60-94cc-80bb6567869e 110da5b865b240d78b6c2dbef5a291f6 2474eeb6b1d147c1b0b02fa80f7a713b - - -] Version for resource type Log changed None to 1.0 on consumer Open vSwitch agent@localhost.localdomain _set_version /usr/lib/python2.7/site-packages/neutron/api/rpc/callbacks/version_manager.py:119
2018-09-28 17:47:56.581 9261 DEBUG oslo_concurrency.lockutils [req-017f22fd-122b-4e60-94cc-80bb6567869e 110da5b865b240d78b6c2dbef5a291f6 2474eeb6b1d147c1b0b02fa80f7a713b - - -] Lock "event-dispatch" released by "neutron.plugins.ml2.ovo_rpc.dispatch_events" :: held 0.221s inner /usr/lib/python2.7/site-packages/oslo_concurrency/lockutils.py:282
2018-09-28 17:47:56.805 9261 DEBUG neutron.scheduler.l3_agent_scheduler [req-017f22fd-122b-4e60-94cc-80bb6567869e 110da5b865b240d78b6c2dbef5a291f6 2474eeb6b1d147c1b0b02fa80f7a713b - 5f48af97db7e496998a190bf9ae17217 5f48af97db7e496998a190bf9ae17217] Router 8ed99e0c-1009-441a-af4a-3f2976ba9242 has already been hosted by L3 agent d45b0704-9896-49d5-b686-351109329370 _get_candidates /usr/lib/python2.7/site-packages/neutron/scheduler/l3_agent_scheduler.py:141
2018-09-28 17:47:57.716 9261 DEBUG neutron.api.rpc.agentnotifiers.l3_rpc_agent_api [req-017f22fd-122b-4e60-94cc-80bb6567869e 110da5b865b240d78b6c2dbef5a291f6 2474eeb6b1d147c1b0b02fa80f7a713b - 5f48af97db7e496998a190bf9ae17217 5f48af97db7e496998a190bf9ae17217] Notify agent at l3_agent.localhost.localdomain the message routers_updated _agent_notification /usr/lib/python2.7/site-packages/neutron/api/rpc/agentnotifiers/l3_rpc_agent_api.py:69
2018-09-28 17:47:57.753 9261 DEBUG neutron.quota.resource [req-017f22fd-122b-4e60-94cc-80bb6567869e 110da5b865b240d78b6c2dbef5a291f6 2474eeb6b1d147c1b0b02fa80f7a713b - 5f48af97db7e496998a190bf9ae17217 5f48af97db7e496998a190bf9ae17217] Persisted dirty status for tenant:2474eeb6b1d147c1b0b02fa80f7a713b on resource:floatingip mark_dirty /usr/lib/python2.7/site-packages/neutron/quota/resource.py:207
2018-09-28 17:47:57.761 9269 DEBUG neutron.db.l3_hamode_db [req-f573b570-5aaa-47a8-9dc0-6e63e73069dd - - - - -] neutron.services.l3_router.l3_router_plugin.L3RouterPlugin method get_ha_sync_data_for_host called with arguments (<neutron_lib.context.Context object at 0x7ff3d1b74f50>, u'localhost.localdomain', <neutron.db.models.agent.Agent[object at 7ff3d1934250] {id=u'd45b0704-9896-49d5-b686-351109329370', agent_type=u'L3 agent', binary=u'neutron-l3-agent', topic=u'l3_agent', host=u'localhost.localdomain', availability_zone=u'nova', admin_state_up=True, created_at=datetime.datetime(2018, 9, 12, 22, 28, 54), started_at=datetime.datetime(2018, 9, 28, 21, 28, 1), heartbeat_timestamp=datetime.datetime(2018, 9, 28, 21, 47, 31), description=None, configurations=u'{"agent_mode": "legacy", "gateway_external_network_id": "", "handle_internal_only_routers": true, "routers": 3, "interfaces": 3, "floating_ips": 2, "interface_driver": "neutron.agent.linux.interface.OVSInterfaceDriver", "log_agent_heartbeats": false, "external_network_bridge": "", "ex_gw_ports": 3}', resource_versions=None, load=0}>) {'active': True, 'router_ids': ['8ed99e0c-1009-441a-af4a-3f2976ba9242']} wrapper /usr/lib/python2.7/site-packages/oslo_log/helpers.py:66
2018-09-28 17:47:57.777 9261 DEBUG neutron.quota.resource [req-017f22fd-122b-4e60-94cc-80bb6567869e 110da5b865b240d78b6c2dbef5a291f6 2474eeb6b1d147c1b0b02fa80f7a713b - 5f48af97db7e496998a190bf9ae17217 5f48af97db7e496998a190bf9ae17217] Persisted dirty status for tenant: on resource:port mark_dirty /usr/lib/python2.7/site-packages/neutron/quota/resource.py:207
2018-09-28 17:47:57.783 9261 DEBUG neutron_lib.callbacks.manager [req-017f22fd-122b-4e60-94cc-80bb6567869e 110da5b865b240d78b6c2dbef5a291f6 2474eeb6b1d147c1b0b02fa80f7a713b - 5f48af97db7e496998a190bf9ae17217 5f48af97db7e496998a190bf9ae17217] Notify callbacks ['neutron.notifiers.nova.Notifier._send_nova_notification--9223372036854760428'] for floatingip, before_response _notify_loop /usr/lib/python2.7/site-packages/neutron_lib/callbacks/manager.py:167
2018-09-28 17:47:57.871 9261 INFO neutron.wsgi [req-017f22fd-122b-4e60-94cc-80bb6567869e 110da5b865b240d78b6c2dbef5a291f6 2474eeb6b1d147c1b0b02fa80f7a713b - 5f48af97db7e496998a190bf9ae17217 5f48af97db7e496998a190bf9ae17217] 10.0.20.44 "DELETE /v2.0/floatingips/d37311a8-5a4c-49e9-aa26-fa1446204c8b HTTP/1.1" status: 204  len: 173 time: 2.5453868
2018-09-28 17:47:57.872 9261 DEBUG oslo_concurrency.lockutils [-] Lock "notifier-2ee6a144-fa59-4b32-b391-925619f43807" acquired by "neutron.notifiers.batch_notifier.synced_send" :: waited 0.000s inner /usr/lib/python2.7/site-packages/oslo_concurrency/lockutils.py:270
2018-09-28 17:47:57.873 9261 DEBUG neutron.notifiers.nova [-] Sending events: [{'tag': u'f04a88b9-7e56-4848-a0fd-49017153406e', 'name': 'network-changed', 'server_uuid': u'ccb60f56-e2cb-4de5-8691-767ddcff6e3a'}] send_events /usr/lib/python2.7/site-packages/neutron/notifiers/nova.py:242
2018-09-28 17:47:58.423 9269 DEBUG neutron.db.l3_hamode_db [req-f573b570-5aaa-47a8-9dc0-6e63e73069dd - - - - -] neutron.services.l3_router.l3_router_plugin.L3RouterPlugin method _process_sync_ha_data called with arguments (<neutron_lib.context.Context object at 0x7ff3d1b74f50>, [{'status': u'ACTIVE', '_interfaces': [{'status': u'ACTIVE', 'subnets': [{'dns_nameservers': [u'8.8.4.4'], 'ipv6_ra_mode': None, 'gateway_ip': u'11.64.1.1', 'cidr': u'11.64.1.0/24', 'id': u'dbbe368c-eab3-4746-9627-79e066a6edfc', 'subnetpool_id': None}], 'binding:host_id': u'localhost.localdomain', 'description': u'', 'allowed_address_pairs': [], 'tags': [], 'extra_dhcp_opts': [], 'updated_at': '2018-09-28T21:42:47Z', 'device_owner': u'network:router_interface', 'revision_number': 7, 'port_security_enabled': False, 'binding:profile': {}, 'mtu': 1450, 'fixed_ips': [{'subnet_id': u'dbbe368c-eab3-4746-9627-79e066a6edfc', 'prefixlen': 24, 'ip_address': u'11.64.1.1'}], 'id': u'99dd79fd-7a3e-41a1-9444-8a4c0066e92d', 'security_groups': [], 'device_id': u'8ed99e0c-1009-441a-af4a-3f2976ba9242', 'name': u'', 'admin_state_up': True, 'network_id': u'4e7bc2a1-8b1c-4dab-9b27-ae69078fae97', 'tenant_id': u'2474eeb6b1d147c1b0b02fa80f7a713b', 'binding:vif_details': {u'port_filter': True, u'datapath_type': u'system', u'ovs_hybrid_plug': True}, 'address_scopes': {4: None, 6: None}, 'binding:vnic_type': u'normal', 'binding:vif_type': u'ovs', 'mac_address': u'fa:16:3e:d5:fa:23', 'project_id': u'2474eeb6b1d147c1b0b02fa80f7a713b', 'extra_subnets': [], 'created_at': '2018-09-28T21:42:37Z'}], 'enable_snat': True, 'ha_vr_id': 0, 'description': u'', 'tags': [], 'gw_port': {'status': u'ACTIVE', 'subnets': [{'dns_nameservers': [], 'ipv6_ra_mode': None, 'gateway_ip': u'172.24.4.1', 'cidr': u'172.24.4.0/24', 'id': u'9bf5d7dd-fc7a-4dce-8dc4-b99d0c6a4b85', 'subnetpool_id': None}], 'binding:host_id': u'localhost.localdomain', 'description': u'', 'allowed_address_pairs': [], 'tags': [], 'extra_dhcp_opts': [], 'updated_at': '2018-09-28T21:43:01Z', 'device_owner': u'network:router_gateway', 'revision_number': 6, 'port_security_enabled': False, 'binding:profile': {}, 'mtu': 1500, 'fixed_ips': [{'subnet_id': u'9bf5d7dd-fc7a-4dce-8dc4-b99d0c6a4b85', 'prefixlen': 24, 'ip_address': u'172.24.4.11'}], 'id': u'd2d29e65-1faf-4185-990b-6951fba2e1b7', 'security_groups': [], 'device_id': u'8ed99e0c-1009-441a-af4a-3f2976ba9242', 'name': u'', 'admin_state_up': True, 'network_id': u'e37315f5-198b-4568-ae90-a700192fc268', 'tenant_id': u'', 'binding:vif_details': {u'port_filter': True, u'datapath_type': u'system', u'ovs_hybrid_plug': True}, 'address_scopes': {4: None, 6: None}, 'binding:vnic_type': u'normal', 'binding:vif_type': u'ovs', 'mac_address': u'fa:16:3e:4c:99:1b', 'project_id': u'', 'extra_subnets': [], 'created_at': '2018-09-28T21:42:52Z'}, 'updated_at': '2018-09-28T21:42:53Z', 'revision_number': 4, 'ha': False, 'id': u'8ed99e0c-1009-441a-af4a-3f2976ba9242', 'gw_port_host': u'localhost.localdomain', 'external_gateway_info': {'network_id': u'e37315f5-198b-4568-ae90-a700192fc268', 'enable_snat': True, 'external_fixed_ips': [{'subnet_id': u'9bf5d7dd-fc7a-4dce-8dc4-b99d0c6a4b85', 'ip_address': u'172.24.4.11'}]}, 'availability_zone_hints': [], 'availability_zones': [u'nova'], 'name': u'tempest-router-1538170779', 'gw_port_id': u'd2d29e65-1faf-4185-990b-6951fba2e1b7', 'admin_state_up': True, 'tenant_id': u'2474eeb6b1d147c1b0b02fa80f7a713b', 'created_at': '2018-09-28T21:42:19Z', 'distributed': False, 'flavor_id': None, 'routes': [], 'project_id': u'2474eeb6b1d147c1b0b02fa80f7a713b'}], u'localhost.localdomain', False) {} wrapper /usr/lib/python2.7/site-packages/oslo_log/helpers.py:66
2018-09-28 17:47:58.432 9269 DEBUG neutron.api.rpc.handlers.l3_rpc [req-f573b570-5aaa-47a8-9dc0-6e63e73069dd - - - - -] Checking router: 8ed99e0c-1009-441a-af4a-3f2976ba9242 for host: localhost.localdomain _ensure_host_set_on_ports /usr/lib/python2.7/site-packages/neutron/api/rpc/handlers/l3_rpc.py:135
2018-09-28 17:47:58.758 9275 DEBUG neutron.api.rpc.handlers.l3_rpc [req-a3dc6529-8e20-40c0-9f28-a67bf5b799da - - - - -] New status for floating IP d37311a8-5a4c-49e9-aa26-fa1446204c8b: DOWN update_floatingip_statuses /usr/lib/python2.7/site-packages/neutron/api/rpc/handlers/l3_rpc.py:252
2018-09-28 17:47:58.881 9261 DEBUG novaclient.v2.client [-] REQ: curl -g -i -X POST http://10.0.20.44:8774/v2.1/0370d8fb50704220a0d8021f0cc9d2d1/os-server-external-events -H "User-Agent: python-novaclient" -H "Content-Type: application/json" -H "Accept: application/json" -H "X-OpenStack-Nova-API-Version: 2.1" -H "X-Auth-Token: {SHA1}c06b9bdf8910a52463acd6a8ac5b416489f58696" -d '{"events": [{"tag": "f04a88b9-7e56-4848-a0fd-49017153406e", "name": "network-changed", "server_uuid": "ccb60f56-e2cb-4de5-8691-767ddcff6e3a"}]}' _http_log_request /usr/lib/python2.7/site-packages/keystoneauth1/session.py:375
2018-09-28 17:47:59.556 9261 DEBUG novaclient.v2.client [-] RESP: [200] Content-Length: 179 Content-Type: application/json Openstack-Api-Version: compute 2.1 X-Openstack-Nova-Api-Version: 2.1 Vary: OpenStack-API-Version, X-OpenStack-Nova-API-Version X-Openstack-Request-Id: req-f84f75b0-2042-4c6c-aa21-a61db5556b6f X-Compute-Request-Id: req-f84f75b0-2042-4c6c-aa21-a61db5556b6f Date: Fri, 28 Sep 2018 21:47:59 GMT Connection: keep-alive 
RESP BODY: {"events": [{"status": "completed", "tag": "f04a88b9-7e56-4848-a0fd-49017153406e", "name": "network-changed", "server_uuid": "ccb60f56-e2cb-4de5-8691-767ddcff6e3a", "code": 200}]}
 _http_log_response /usr/lib/python2.7/site-packages/keystoneauth1/session.py:423
2018-09-28 17:47:59.557 9261 DEBUG novaclient.v2.client [-] POST call to compute for http://10.0.20.44:8774/v2.1/0370d8fb50704220a0d8021f0cc9d2d1/os-server-external-events used request id req-f84f75b0-2042-4c6c-aa21-a61db5556b6f request /usr/lib/python2.7/site-packages/keystoneauth1/session.py:727
2018-09-28 17:47:59.567 9261 INFO neutron.notifiers.nova [-] Nova event response: {u'status': u'completed', u'tag': u'f04a88b9-7e56-4848-a0fd-49017153406e', u'name': u'network-changed', u'server_uuid': u'ccb60f56-e2cb-4de5-8691-767ddcff6e3a', u'code': 200}
2018-09-28 17:47:59.793 9266 INFO neutron.wsgi [req-29bd5935-c992-4f5a-aa83-99d1dcaec729 5a42c245a9524d2690645093ae1ed2ea 0370d8fb50704220a0d8021f0cc9d2d1 - default default] 10.0.20.44 "GET /v2.0/ports?tenant_id=2474eeb6b1d147c1b0b02fa80f7a713b&device_id=ccb60f56-e2cb-4de5-8691-767ddcff6e3a HTTP/1.1" status: 200  len: 1123 time: 0.1558809
2018-09-28 17:47:59.957 9274 DEBUG neutron_lib.callbacks.manager [req-7d79c4ae-efce-4479-bcd4-db8c60d222c0 - - - - -] Notify callbacks ['neutron.services.segments.db._update_segment_host_mapping_for_agent-8792824391082'] for agent, after_update _notify_loop /usr/lib/python2.7/site-packages/neutron_lib/callbacks/manager.py:167
2018-09-28 17:48:00.041 9269 DEBUG neutron_lib.callbacks.manager [req-f9cb8b6e-3bdb-4cac-baf5-acf9ca4104a8 - - - - -] Notify callbacks ['neutron.services.segments.db._update_segment_host_mapping_for_agent-8792824391082'] for agent, after_update _notify_loop /usr/lib/python2.7/site-packages/neutron_lib/callbacks/manager.py:167
2018-09-28 17:48:00.079 9266 DEBUG neutron.pecan_wsgi.hooks.policy_enforcement [req-9d9a0163-2633-4bf4-ba9d-7dede139fabb 5a42c245a9524d2690645093ae1ed2ea 0370d8fb50704220a0d8021f0cc9d2d1 - default default] Attributes excluded by policy engine: [u'vlan_transparent'] _exclude_attributes_by_policy /usr/lib/python2.7/site-packages/neutron/pecan_wsgi/hooks/policy_enforcement.py:256
2018-09-28 17:48:00.084 9266 INFO neutron.wsgi [req-9d9a0163-2633-4bf4-ba9d-7dede139fabb 5a42c245a9524d2690645093ae1ed2ea 0370d8fb50704220a0d8021f0cc9d2d1 - default default] 10.0.20.44 "GET /v2.0/networks?id=4e7bc2a1-8b1c-4dab-9b27-ae69078fae97 HTTP/1.1" status: 200  len: 885 time: 0.2812350
2018-09-28 17:48:00.104 9275 DEBUG neutron_lib.callbacks.manager [req-97527600-7ff3-472c-981c-12cd892ca9f7 - - - - -] Notify callbacks ['neutron.services.segments.db._update_segment_host_mapping_for_agent-8792824391082'] for agent, after_update _notify_loop /usr/lib/python2.7/site-packages/neutron_lib/callbacks/manager.py:167
2018-09-28 17:48:00.132 9266 INFO neutron.wsgi [req-c636a32a-65c3-4988-92ad-3a638f601f77 5a42c245a9524d2690645093ae1ed2ea 0370d8fb50704220a0d8021f0cc9d2d1 - default default] 10.0.20.44 "GET /v2.0/floatingips?fixed_ip_address=11.64.1.6&port_id=f04a88b9-7e56-4848-a0fd-49017153406e HTTP/1.1" status: 200  len: 217 time: 0.0339570
2018-09-28 17:48:00.287 9266 DEBUG neutron.pecan_wsgi.hooks.policy_enforcement [req-70cb7f2a-e0b4-4687-8cde-115e351dbaa6 5a42c245a9524d2690645093ae1ed2ea 0370d8fb50704220a0d8021f0cc9d2d1 - default default] Attributes excluded by policy engine: [u'shared'] _exclude_attributes_by_policy /usr/lib/python2.7/site-packages/neutron/pecan_wsgi/hooks/policy_enforcement.py:256
2018-09-28 17:48:00.290 9266 INFO neutron.wsgi [req-70cb7f2a-e0b4-4687-8cde-115e351dbaa6 5a42c245a9524d2690645093ae1ed2ea 0370d8fb50704220a0d8021f0cc9d2d1 - default default] 10.0.20.44 "GET /v2.0/subnets?id=dbbe368c-eab3-4746-9627-79e066a6edfc HTTP/1.1" status: 200  len: 843 time: 0.1458988
2018-09-28 17:48:00.451 9266 INFO neutron.wsgi [req-1b2443c1-61df-4a75-b3ed-095cb6505a96 5a42c245a9524d2690645093ae1ed2ea 0370d8fb50704220a0d8021f0cc9d2d1 - default default] 10.0.20.44 "GET /v2.0/ports?network_id=4e7bc2a1-8b1c-4dab-9b27-ae69078fae97&device_owner=network%3Adhcp HTTP/1.1" status: 200  len: 1127 time: 0.1499879
2018-09-28 17:48:00.940 9279 DEBUG neutron_lib.callbacks.manager [req-04eb95de-5609-4ff6-ac03-8842b97874fe - - - - -] Notify callbacks ['neutron.services.segments.db._update_segment_host_mapping_for_agent-8792824391082'] for agent, after_update _notify_loop /usr/lib/python2.7/site-packages/neutron_lib/callbacks/manager.py:167
2018-09-28 17:48:01.570 9261 DEBUG oslo_concurrency.lockutils [-] Lock "notifier-2ee6a144-fa59-4b32-b391-925619f43807" released by "neutron.notifiers.batch_notifier.synced_send" :: held 3.697s inner /usr/lib/python2.7/site-packages/oslo_concurrency/lockutils.py:282
2018-09-28 17:48:01.579 9272 DEBUG neutron_lib.callbacks.manager [req-3cc3c4d2-151c-4414-8e22-4dc361441fad - - - - -] Notify callbacks ['neutron.services.segments.db._update_segment_host_mapping_for_agent-8792824391082'] for agent, after_update _notify_loop /usr/lib/python2.7/site-packages/neutron_lib/callbacks/manager.py:167
2018-09-28 17:48:04.546 9281 DEBUG neutron.db.agents_db [req-3812fb09-1f38-45b6-8ffb-995f3d535abe - - - - -] Agent healthcheck: found 5 active agents agent_health_check /usr/lib/python2.7/site-packages/neutron/db/agents_db.py:281
2018-09-28 17:48:05.791 9261 INFO neutron.wsgi [req-29fd1f02-3ce1-4c68-988f-9727a1a2758a 5f679608b1404146800f9342acb17105 f0f98ade863c408ca03c04c01b2db460 - default default] 10.0.20.44 "GET /v2.0/ports?device_id=ccb60f56-e2cb-4de5-8691-767ddcff6e3a&device_id=5d7b28d2-38ca-49ef-adea-278c0cf65cae HTTP/1.1" status: 200  len: 2038 time: 0.7383409
2018-09-28 17:48:05.933 9261 INFO neutron.wsgi [req-f90c8c26-845c-4f4a-943c-fa70e16e9648 5f679608b1404146800f9342acb17105 f0f98ade863c408ca03c04c01b2db460 - default default] 10.0.20.44 "GET /v2.0/security-groups?id=0ccae6f3-e8ef-4fb0-b7f6-3a26df4d5090&id=e930560c-804e-415f-8998-5aa4485361b2 HTTP/1.1" status: 200  len: 4015 time: 0.1330841
2018-09-28 17:48:14.437 9266 INFO neutron.wsgi [req-cc0f8a5a-ede7-41b7-9d43-56daa441b291 5f679608b1404146800f9342acb17105 f0f98ade863c408ca03c04c01b2db460 - default default] 10.0.20.44 "GET /v2.0/ports?device_id=ccb60f56-e2cb-4de5-8691-767ddcff6e3a HTTP/1.1" status: 200  len: 1123 time: 1.0968020
2018-09-28 17:48:14.546 9266 INFO neutron.wsgi [req-f96dd434-d78a-49cb-b84e-5e7ed8697f0a 5f679608b1404146800f9342acb17105 f0f98ade863c408ca03c04c01b2db460 - default default] 10.0.20.44 "GET /v2.0/security-groups?id=e930560c-804e-415f-8998-5aa4485361b2 HTTP/1.1" status: 200  len: 2118 time: 0.1022201
2018-09-28 17:48:17.214 9273 DEBUG neutron.plugins.ml2.rpc [req-04eb95de-5609-4ff6-ac03-8842b97874fe - - - - -] Device f04a88b9-7e56-4848-a0fd-49017153406e no longer exists at agent ovs-agent-localhost.localdomain update_device_down /usr/lib/python2.7/site-packages/neutron/plugins/ml2/rpc.py:213
2018-09-28 17:48:17.475 9273 DEBUG neutron_lib.callbacks.manager [req-04eb95de-5609-4ff6-ac03-8842b97874fe - - - - -] Notify callbacks ['neutron.plugins.ml2.plugin.Ml2Plugin._ensure_default_security_group_handler-475435'] for port, before_update _notify_loop /usr/lib/python2.7/site-packages/neutron_lib/callbacks/manager.py:167
2018-09-28 17:48:17.599 9273 DEBUG oslo_concurrency.lockutils [-] Lock "notifier-2ee6a144-fa59-4b32-b391-925619f43807" acquired by "neutron.notifiers.batch_notifier.synced_send" :: waited 0.000s inner /usr/lib/python2.7/site-packages/oslo_concurrency/lockutils.py:270
2018-09-28 17:48:17.602 9273 DEBUG neutron.notifiers.nova [-] Sending events: [{'status': 'completed', 'tag': u'f04a88b9-7e56-4848-a0fd-49017153406e', 'name': 'network-vif-unplugged', 'server_uuid': u'ccb60f56-e2cb-4de5-8691-767ddcff6e3a'}] send_events /usr/lib/python2.7/site-packages/neutron/notifiers/nova.py:242
2018-09-28 17:48:17.655 9273 DEBUG neutron.plugins.ml2.db [req-04eb95de-5609-4ff6-ac03-8842b97874fe - - - - -] For port f04a88b9-7e56-4848-a0fd-49017153406e, host localhost.localdomain, got binding levels [<neutron.plugins.ml2.models.PortBindingLevel[object at 7ff3d1e48a50] {port_id=u'f04a88b9-7e56-4848-a0fd-49017153406e', host=u'localhost.localdomain', level=0, driver=u'openvswitch', segment_id=u'9fde357a-d103-4951-88e3-be19889529cc'}>] get_binding_levels /usr/lib/python2.7/site-packages/neutron/plugins/ml2/db.py:106
2018-09-28 17:48:17.683 9273 DEBUG neutron_lib.callbacks.manager [req-04eb95de-5609-4ff6-ac03-8842b97874fe - - - - -] Notify callbacks ['neutron.api.rpc.agentnotifiers.dhcp_rpc_agent_api.DhcpAgentNotifyAPI._native_event_send_dhcp_notification-1501786', 'neutron.db.l3_hascheduler_db._notify_l3_agent_ha_port_update-8792824029716', 'neutron.plugins.ml2.plugin.Ml2Plugin.notify_sg_on_port_change-490636', 'neutron.db.l3_dvrscheduler_db._notify_l3_agent_port_update--9223363244030746944', 'neutron.plugins.ml2.ovo_rpc._ObjectChangeHandler.handle_event--9223372036853247578'] for port, after_update _notify_loop /usr/lib/python2.7/site-packages/neutron_lib/callbacks/manager.py:167
2018-09-28 17:48:18.394 9273 DEBUG oslo_concurrency.lockutils [-] Lock "event-dispatch" acquired by "neutron.plugins.ml2.ovo_rpc.dispatch_events" :: waited 0.000s inner /usr/lib/python2.7/site-packages/oslo_concurrency/lockutils.py:270
2018-09-28 17:48:18.612 9273 DEBUG neutron.api.rpc.handlers.resources_rpc [req-04eb95de-5609-4ff6-ac03-8842b97874fe - - - - -] neutron.api.rpc.handlers.resources_rpc.ResourcesPushRpcApi method push called with arguments (<neutron_lib.context.Context object at 0x7ff3d1c11c90>, [Port(admin_state_up=True,allowed_address_pairs=[],binding=PortBinding,binding_levels=[PortBindingLevel],created_at=2018-09-28T21:43:21Z,data_plane_status=<?>,description='',device_id='ccb60f56-e2cb-4de5-8691-767ddcff6e3a',device_owner='compute:nova',dhcp_options=[],distributed_binding=None,dns=None,fixed_ips=[IPAllocation],id=f04a88b9-7e56-4848-a0fd-49017153406e,mac_address=fa:16:3e:1d:cc:30,name='',network_id=4e7bc2a1-8b1c-4dab-9b27-ae69078fae97,project_id='2474eeb6b1d147c1b0b02fa80f7a713b',qos_policy_id=None,revision_number=9,security=PortSecurity(f04a88b9-7e56-4848-a0fd-49017153406e),security_group_ids=set([e930560c-804e-415f-8998-5aa4485361b2]),status='DOWN',updated_at=2018-09-28T21:48:17Z)], 'updated') {} wrapper /usr/lib/python2.7/site-packages/oslo_log/helpers.py:66
2018-09-28 17:48:18.631 9273 DEBUG neutron.api.rpc.callbacks.version_manager [req-04eb95de-5609-4ff6-ac03-8842b97874fe - - - - -] Version for resource type Subnet changed None to 1.0 on consumer Open vSwitch agent@localhost.localdomain _set_version /usr/lib/python2.7/site-packages/neutron/api/rpc/callbacks/version_manager.py:119
2018-09-28 17:48:18.635 9273 DEBUG neutron.api.rpc.callbacks.version_manager [req-04eb95de-5609-4ff6-ac03-8842b97874fe - - - - -] Version for resource type Network changed None to 1.0 on consumer Open vSwitch agent@localhost.localdomain _set_version /usr/lib/python2.7/site-packages/neutron/api/rpc/callbacks/version_manager.py:119
2018-09-28 17:48:18.636 9273 DEBUG neutron.api.rpc.callbacks.version_manager [req-04eb95de-5609-4ff6-ac03-8842b97874fe - - - - -] Version for resource type SubPort changed None to 1.0 on consumer Open vSwitch agent@localhost.localdomain _set_version /usr/lib/python2.7/site-packages/neutron/api/rpc/callbacks/version_manager.py:119
2018-09-28 17:48:18.638 9273 DEBUG neutron.api.rpc.callbacks.version_manager [req-04eb95de-5609-4ff6-ac03-8842b97874fe - - - - -] Version for resource type SecurityGroup changed None to 1.0 on consumer Open vSwitch agent@localhost.localdomain _set_version /usr/lib/python2.7/site-packages/neutron/api/rpc/callbacks/version_manager.py:119
2018-09-28 17:48:18.640 9273 DEBUG neutron.api.rpc.callbacks.version_manager [req-04eb95de-5609-4ff6-ac03-8842b97874fe - - - - -] Version for resource type SecurityGroupRule changed None to 1.0 on consumer Open vSwitch agent@localhost.localdomain _set_version /usr/lib/python2.7/site-packages/neutron/api/rpc/callbacks/version_manager.py:119
2018-09-28 17:48:18.641 9273 DEBUG neutron.api.rpc.callbacks.version_manager [req-04eb95de-5609-4ff6-ac03-8842b97874fe - - - - -] Version for resource type Trunk changed None to 1.1 on consumer Open vSwitch agent@localhost.localdomain _set_version /usr/lib/python2.7/site-packages/neutron/api/rpc/callbacks/version_manager.py:119
2018-09-28 17:48:18.642 9273 DEBUG neutron.api.rpc.callbacks.version_manager [req-04eb95de-5609-4ff6-ac03-8842b97874fe - - - - -] Version for resource type QosPolicy changed None to 1.6 on consumer Open vSwitch agent@localhost.localdomain _set_version /usr/lib/python2.7/site-packages/neutron/api/rpc/callbacks/version_manager.py:119
2018-09-28 17:48:18.643 9273 DEBUG neutron.api.rpc.callbacks.version_manager [req-04eb95de-5609-4ff6-ac03-8842b97874fe - - - - -] Version for resource type Port changed None to 1.1 on consumer Open vSwitch agent@localhost.localdomain _set_version /usr/lib/python2.7/site-packages/neutron/api/rpc/callbacks/version_manager.py:119
2018-09-28 17:48:18.644 9273 DEBUG neutron.api.rpc.callbacks.version_manager [req-04eb95de-5609-4ff6-ac03-8842b97874fe - - - - -] Version for resource type Log changed None to 1.0 on consumer Open vSwitch agent@localhost.localdomain _set_version /usr/lib/python2.7/site-packages/neutron/api/rpc/callbacks/version_manager.py:119
2018-09-28 17:48:18.652 9273 DEBUG neutron.api.rpc.callbacks.version_manager [req-04eb95de-5609-4ff6-ac03-8842b97874fe - - - - -] Tracked resource versions report:
pushed versions:
{   'Log': set(['1.0']),
    'Network': set(['1.0']),
    'Port': set(['1.1']),
    'QosPolicy': set(['1.6']),
    'SecurityGroup': set(['1.0']),
    'SecurityGroupRule': set(['1.0']),
    'SubPort': set(['1.0']),
    'Subnet': set(['1.0']),
    'Trunk': set(['1.1'])}

consumer versions:
{   DHCP agent@localhost.localdomain: {   },
    L3 agent@localhost.localdomain: {   },
    Metadata agent@localhost.localdomain: {   },
    Metering agent@localhost.localdomain: {   },
    Open vSwitch agent@localhost.localdomain: {   u'Log': u'1.0',
                                                  u'Network': u'1.0',
                                                  u'Port': u'1.1',
                                                  u'QosPolicy': u'1.6',
                                                  u'SecurityGroup': u'1.0',
                                                  u'SecurityGroupRule': u'1.0',
                                                  u'SubPort': u'1.0',
                                                  u'Subnet': u'1.0',
                                                  u'Trunk': u'1.1'}}
 report /usr/lib/python2.7/site-packages/neutron/api/rpc/callbacks/version_manager.py:178
2018-09-28 17:48:18.688 9273 DEBUG oslo_concurrency.lockutils [req-04eb95de-5609-4ff6-ac03-8842b97874fe - - - - -] Lock "event-dispatch" released by "neutron.plugins.ml2.ovo_rpc.dispatch_events" :: held 0.295s inner /usr/lib/python2.7/site-packages/oslo_concurrency/lockutils.py:282
2018-09-28 17:48:18.895 9273 DEBUG novaclient.v2.client [-] REQ: curl -g -i -X POST http://10.0.20.44:8774/v2.1/0370d8fb50704220a0d8021f0cc9d2d1/os-server-external-events -H "User-Agent: python-novaclient" -H "Content-Type: application/json" -H "Accept: application/json" -H "X-OpenStack-Nova-API-Version: 2.1" -H "X-Auth-Token: {SHA1}d0f84368e0738048ff2ec3ecd88e3629c2964331" -d '{"events": [{"status": "completed", "tag": "f04a88b9-7e56-4848-a0fd-49017153406e", "name": "network-vif-unplugged", "server_uuid": "ccb60f56-e2cb-4de5-8691-767ddcff6e3a"}]}' _http_log_request /usr/lib/python2.7/site-packages/keystoneauth1/session.py:375
2018-09-28 17:48:19.095 9266 INFO neutron.wsgi [req-e40693c9-504b-4d3f-a428-428421b1d652 5f679608b1404146800f9342acb17105 f0f98ade863c408ca03c04c01b2db460 - default default] 10.0.20.44 "GET /v2.0/ports?device_id=ccb60f56-e2cb-4de5-8691-767ddcff6e3a HTTP/1.1" status: 200  len: 1121 time: 0.1336229
2018-09-28 17:48:19.112 9266 DEBUG neutron.wsgi [req-dd7febdf-e1ae-42fa-973c-fd822c05178a 5f679608b1404146800f9342acb17105 f0f98ade863c408ca03c04c01b2db460 - default default] http://10.0.20.44:9696/v2.0/extensions returned with HTTP 200 __call__ /usr/lib/python2.7/site-packages/neutron/wsgi.py:715
2018-09-28 17:48:19.115 9266 INFO neutron.wsgi [req-dd7febdf-e1ae-42fa-973c-fd822c05178a 5f679608b1404146800f9342acb17105 f0f98ade863c408ca03c04c01b2db460 - default default] 10.0.20.44 "GET /v2.0/extensions HTTP/1.1" status: 200  len: 8548 time: 0.0119381
2018-09-28 17:48:19.256 9266 DEBUG neutron.plugins.ml2.plugin [req-0acd6626-2323-4d03-928f-5f950f6db0d4 5f679608b1404146800f9342acb17105 f0f98ade863c408ca03c04c01b2db460 - default default] Deleting port f04a88b9-7e56-4848-a0fd-49017153406e _pre_delete_port /usr/lib/python2.7/site-packages/neutron/plugins/ml2/plugin.py:1488
2018-09-28 17:48:19.256 9266 DEBUG neutron_lib.callbacks.manager [req-0acd6626-2323-4d03-928f-5f950f6db0d4 5f679608b1404146800f9342acb17105 f0f98ade863c408ca03c04c01b2db460 - default default] Notify callbacks ['neutron.db.l3_db._prevent_l3_port_delete_callback--9223363244030181274'] for port, before_delete _notify_loop /usr/lib/python2.7/site-packages/neutron_lib/callbacks/manager.py:167
2018-09-28 17:48:19.614 9273 DEBUG novaclient.v2.client [-] RESP: [200] Content-Length: 185 Content-Type: application/json Openstack-Api-Version: compute 2.1 X-Openstack-Nova-Api-Version: 2.1 Vary: OpenStack-API-Version, X-OpenStack-Nova-API-Version X-Openstack-Request-Id: req-9f8940dc-75bf-4b38-9d98-fc3b59de2432 X-Compute-Request-Id: req-9f8940dc-75bf-4b38-9d98-fc3b59de2432 Date: Fri, 28 Sep 2018 21:48:19 GMT Connection: keep-alive 
RESP BODY: {"events": [{"status": "completed", "tag": "f04a88b9-7e56-4848-a0fd-49017153406e", "name": "network-vif-unplugged", "server_uuid": "ccb60f56-e2cb-4de5-8691-767ddcff6e3a", "code": 200}]}
 _http_log_response /usr/lib/python2.7/site-packages/keystoneauth1/session.py:423
2018-09-28 17:48:19.615 9273 DEBUG novaclient.v2.client [-] POST call to compute for http://10.0.20.44:8774/v2.1/0370d8fb50704220a0d8021f0cc9d2d1/os-server-external-events used request id req-9f8940dc-75bf-4b38-9d98-fc3b59de2432 request /usr/lib/python2.7/site-packages/keystoneauth1/session.py:727
2018-09-28 17:48:19.630 9273 INFO neutron.notifiers.nova [-] Nova event response: {u'status': u'completed', u'tag': u'f04a88b9-7e56-4848-a0fd-49017153406e', u'name': u'network-vif-unplugged', u'server_uuid': u'ccb60f56-e2cb-4de5-8691-767ddcff6e3a', u'code': 200}
2018-09-28 17:48:19.698 9266 DEBUG neutron.plugins.ml2.db [req-0acd6626-2323-4d03-928f-5f950f6db0d4 5f679608b1404146800f9342acb17105 f0f98ade863c408ca03c04c01b2db460 - default default] For port f04a88b9-7e56-4848-a0fd-49017153406e, host localhost.localdomain, got binding levels [<neutron.plugins.ml2.models.PortBindingLevel[object at 7ff3d13ca5d0] {port_id=u'f04a88b9-7e56-4848-a0fd-49017153406e', host=u'localhost.localdomain', level=0, driver=u'openvswitch', segment_id=u'9fde357a-d103-4951-88e3-be19889529cc'}>] get_binding_levels /usr/lib/python2.7/site-packages/neutron/plugins/ml2/db.py:106
2018-09-28 17:48:19.742 9266 DEBUG neutron.plugins.ml2.plugin [req-0acd6626-2323-4d03-928f-5f950f6db0d4 5f679608b1404146800f9342acb17105 f0f98ade863c408ca03c04c01b2db460 - default default] Calling delete_port for f04a88b9-7e56-4848-a0fd-49017153406e owned by compute:nova delete_port /usr/lib/python2.7/site-packages/neutron/plugins/ml2/plugin.py:1547
2018-09-28 17:48:20.155 9266 DEBUG neutron_lib.callbacks.manager [req-0acd6626-2323-4d03-928f-5f950f6db0d4 5f679608b1404146800f9342acb17105 f0f98ade863c408ca03c04c01b2db460 - default default] Notify callbacks ['neutron.db.l3_db._notify_routers_callback-8792824568385', 'neutron.api.rpc.agentnotifiers.dhcp_rpc_agent_api.DhcpAgentNotifyAPI._native_event_send_dhcp_notification-1501786', 'neutron.db.l3_dvrscheduler_db._notify_port_delete-8792824028857', 'neutron.plugins.ml2.plugin.Ml2Plugin.notify_sg_on_port_change-490636', 'neutron.plugins.ml2.ovo_rpc._ObjectChangeHandler.handle_event--9223372036853247578'] for port, after_delete _notify_loop /usr/lib/python2.7/site-packages/neutron_lib/callbacks/manager.py:167
2018-09-28 17:48:20.599 9266 DEBUG neutron.db.l3_dvrscheduler_db [req-0acd6626-2323-4d03-928f-5f950f6db0d4 5f679608b1404146800f9342acb17105 f0f98ade863c408ca03c04c01b2db460 - default default] No DVR routers for this DVR port f04a88b9-7e56-4848-a0fd-49017153406e on host localhost.localdomain get_dvr_routers_to_remove /usr/lib/python2.7/site-packages/neutron/db/l3_dvrscheduler_db.py:191
2018-09-28 17:48:20.627 9266 DEBUG oslo_concurrency.lockutils [-] Lock "event-dispatch" acquired by "neutron.plugins.ml2.ovo_rpc.dispatch_events" :: waited 0.000s inner /usr/lib/python2.7/site-packages/oslo_concurrency/lockutils.py:270
2018-09-28 17:48:20.708 9266 DEBUG neutron.api.rpc.handlers.resources_rpc [req-0acd6626-2323-4d03-928f-5f950f6db0d4 5f679608b1404146800f9342acb17105 f0f98ade863c408ca03c04c01b2db460 - - -] neutron.api.rpc.handlers.resources_rpc.ResourcesPushRpcApi method push called with arguments (<neutron_lib.context.Context object at 0x7ff3d185a690>, [Port(admin_state_up=<?>,allowed_address_pairs=<?>,binding=<?>,binding_levels=<?>,created_at=<?>,data_plane_status=<?>,description=<?>,device_id=<?>,device_owner=<?>,dhcp_options=<?>,distributed_binding=<?>,dns=<?>,fixed_ips=<?>,id=f04a88b9-7e56-4848-a0fd-49017153406e,mac_address=<?>,name=<?>,network_id=<?>,project_id=<?>,qos_policy_id=None,revision_number=<?>,security=<?>,security_group_ids=None,status=<?>,updated_at=<?>)], 'deleted') {} wrapper /usr/lib/python2.7/site-packages/oslo_log/helpers.py:66
2018-09-28 17:48:20.715 9266 DEBUG neutron_lib.callbacks.manager [req-0acd6626-2323-4d03-928f-5f950f6db0d4 5f679608b1404146800f9342acb17105 f0f98ade863c408ca03c04c01b2db460 - default default] Notify callbacks ['neutron.notifiers.nova.Notifier._send_nova_notification--9223372036854760428'] for port, before_response _notify_loop /usr/lib/python2.7/site-packages/neutron_lib/callbacks/manager.py:167
2018-09-28 17:48:20.721 9266 DEBUG oslo_concurrency.lockutils [-] Lock "notifier-2ee6a144-fa59-4b32-b391-925619f43807" acquired by "neutron.notifiers.batch_notifier.synced_send" :: waited 0.000s inner /usr/lib/python2.7/site-packages/oslo_concurrency/lockutils.py:270
2018-09-28 17:48:20.722 9266 DEBUG neutron.notifiers.nova [-] Sending events: [{'tag': u'f04a88b9-7e56-4848-a0fd-49017153406e', 'name': 'network-vif-deleted', 'server_uuid': u'ccb60f56-e2cb-4de5-8691-767ddcff6e3a'}] send_events /usr/lib/python2.7/site-packages/neutron/notifiers/nova.py:242
2018-09-28 17:48:20.725 9266 DEBUG novaclient.v2.client [-] REQ: curl -g -i -X POST http://10.0.20.44:8774/v2.1/0370d8fb50704220a0d8021f0cc9d2d1/os-server-external-events -H "User-Agent: python-novaclient" -H "Content-Type: application/json" -H "Accept: application/json" -H "X-OpenStack-Nova-API-Version: 2.1" -H "X-Auth-Token: {SHA1}fc3dadec78824920704812c595f55b3dc6143fdf" -d '{"events": [{"tag": "f04a88b9-7e56-4848-a0fd-49017153406e", "name": "network-vif-deleted", "server_uuid": "ccb60f56-e2cb-4de5-8691-767ddcff6e3a"}]}' _http_log_request /usr/lib/python2.7/site-packages/keystoneauth1/session.py:375
2018-09-28 17:48:20.735 9266 DEBUG neutron.api.rpc.callbacks.version_manager [req-0acd6626-2323-4d03-928f-5f950f6db0d4 5f679608b1404146800f9342acb17105 f0f98ade863c408ca03c04c01b2db460 - - -] Version for resource type Subnet changed None to 1.0 on consumer Open vSwitch agent@localhost.localdomain _set_version /usr/lib/python2.7/site-packages/neutron/api/rpc/callbacks/version_manager.py:119
