2018-09-13 07:44:51.184 8130 DEBUG neutron_lib.callbacks.manager [req-fe19fdd1-a826-41d0-b3de-5f26b9771278 - - - - -] Notify callbacks ['neutron.services.segments.db._update_segment_host_mapping_for_agent-8726844666900'] for agent, after_update _notify_loop /usr/lib/python2.7/site-packages/neutron_lib/callbacks/manager.py:167
2018-09-13 07:44:55.698 8125 DEBUG neutron_lib.callbacks.manager [req-47675958-3233-4710-a004-be55e9e61e3b - - - - -] Notify callbacks ['neutron.services.segments.db._update_segment_host_mapping_for_agent-8726844666900'] for agent, after_update _notify_loop /usr/lib/python2.7/site-packages/neutron_lib/callbacks/manager.py:167
2018-09-13 07:44:55.721 8133 DEBUG neutron_lib.callbacks.manager [req-601e7aad-983e-44c1-9868-bd4ca8acb035 - - - - -] Notify callbacks ['neutron.services.segments.db._update_segment_host_mapping_for_agent-8726844666900'] for agent, after_update _notify_loop /usr/lib/python2.7/site-packages/neutron_lib/callbacks/manager.py:167
2018-09-13 07:44:55.733 8128 DEBUG neutron_lib.callbacks.manager [req-efe72229-b018-4142-9204-0e661c0a75dc - - - - -] Notify callbacks ['neutron.services.segments.db._update_segment_host_mapping_for_agent-8726844666900'] for agent, after_update _notify_loop /usr/lib/python2.7/site-packages/neutron_lib/callbacks/manager.py:167
2018-09-13 07:44:55.751 8126 DEBUG neutron_lib.callbacks.manager [req-7302591a-b69e-46d3-bfd0-720b37adcb19 - - - - -] Notify callbacks ['neutron.services.segments.db._update_segment_host_mapping_for_agent-8726844666900'] for agent, after_update _notify_loop /usr/lib/python2.7/site-packages/neutron_lib/callbacks/manager.py:167
2018-09-13 07:45:04.385 8134 DEBUG neutron.db.agents_db [req-3a7165dc-1022-48c6-ad26-0840d638cc5b - - - - -] Agent healthcheck: found 5 active agents agent_health_check /usr/lib/python2.7/site-packages/neutron/db/agents_db.py:281
2018-09-13 07:45:21.192 8127 DEBUG neutron_lib.callbacks.manager [req-8c739ddb-7b28-41a8-9376-65c96e301cc0 - - - - -] Notify callbacks ['neutron.services.segments.db._update_segment_host_mapping_for_agent-8726844666900'] for agent, after_update _notify_loop /usr/lib/python2.7/site-packages/neutron_lib/callbacks/manager.py:167
2018-09-13 07:45:25.690 8129 DEBUG neutron_lib.callbacks.manager [req-47675958-3233-4710-a004-be55e9e61e3b - - - - -] Notify callbacks ['neutron.services.segments.db._update_segment_host_mapping_for_agent-8726844666900'] for agent, after_update _notify_loop /usr/lib/python2.7/site-packages/neutron_lib/callbacks/manager.py:167
2018-09-13 07:45:25.717 8132 DEBUG neutron_lib.callbacks.manager [req-601e7aad-983e-44c1-9868-bd4ca8acb035 - - - - -] Notify callbacks ['neutron.services.segments.db._update_segment_host_mapping_for_agent-8726844666900'] for agent, after_update _notify_loop /usr/lib/python2.7/site-packages/neutron_lib/callbacks/manager.py:167
2018-09-13 07:45:25.720 8131 DEBUG neutron_lib.callbacks.manager [req-efe72229-b018-4142-9204-0e661c0a75dc - - - - -] Notify callbacks ['neutron.services.segments.db._update_segment_host_mapping_for_agent-8726844666900'] for agent, after_update _notify_loop /usr/lib/python2.7/site-packages/neutron_lib/callbacks/manager.py:167
2018-09-13 07:45:25.754 8130 DEBUG neutron_lib.callbacks.manager [req-7222efdb-ab39-4de1-af43-4e7b00f4ba64 - - - - -] Notify callbacks ['neutron.services.segments.db._update_segment_host_mapping_for_agent-8726844666900'] for agent, after_update _notify_loop /usr/lib/python2.7/site-packages/neutron_lib/callbacks/manager.py:167
2018-09-13 07:45:35.302 8115 DEBUG neutron.wsgi [-] (8115) accepted ('10.0.20.20', 54032) server /usr/lib/python2.7/site-packages/eventlet/wsgi.py:883
2018-09-13 07:45:35.323 8115 INFO neutron.wsgi [-] 10.0.20.20 "GET / HTTP/1.1" status: 200  len: 252 time: 0.0109942
2018-09-13 07:45:35.334 8115 WARNING keystonemiddleware.auth_token [-] Using the in-process token cache is deprecated as of the 4.2.0 release and may be removed in the 5.0.0 release or the 'O' development cycle. The in-process cache causes inconsistent results and high memory usage. When the feature is removed the auth_token middleware will not cache tokens by default which may result in performance issues. It is recommended to use  memcache for the auth_token token cache by setting the memcached_servers option.
2018-09-13 07:45:37.275 8115 DEBUG oslo_policy._cache_handler [req-2337bad8-3ce1-4c35-b697-8ad1e7e4edc0 56ccbba22b2643e1a6ebcfa193479245 10f739592bfd41b8ba0fe67d896ad296 - 0d5db1ad37e040b98d67e1c2058dd1ee 0d5db1ad37e040b98d67e1c2058dd1ee] Reloading cached file /etc/neutron/policy.json read_cached_file /usr/lib/python2.7/site-packages/oslo_policy/_cache_handler.py:40
2018-09-13 07:45:37.319 8115 DEBUG oslo_policy.policy [req-2337bad8-3ce1-4c35-b697-8ad1e7e4edc0 56ccbba22b2643e1a6ebcfa193479245 10f739592bfd41b8ba0fe67d896ad296 - 0d5db1ad37e040b98d67e1c2058dd1ee 0d5db1ad37e040b98d67e1c2058dd1ee] Reloaded policy file: /etc/neutron/policy.json _load_policy_file /usr/lib/python2.7/site-packages/oslo_policy/policy.py:685
2018-09-13 07:45:38.138 8115 DEBUG oslo_policy._cache_handler [req-2337bad8-3ce1-4c35-b697-8ad1e7e4edc0 56ccbba22b2643e1a6ebcfa193479245 10f739592bfd41b8ba0fe67d896ad296 - 0d5db1ad37e040b98d67e1c2058dd1ee 0d5db1ad37e040b98d67e1c2058dd1ee] Reloading cached file /etc/neutron/policy.json read_cached_file /usr/lib/python2.7/site-packages/oslo_policy/_cache_handler.py:40
2018-09-13 07:45:38.155 8115 DEBUG oslo_policy.policy [req-2337bad8-3ce1-4c35-b697-8ad1e7e4edc0 56ccbba22b2643e1a6ebcfa193479245 10f739592bfd41b8ba0fe67d896ad296 - 0d5db1ad37e040b98d67e1c2058dd1ee 0d5db1ad37e040b98d67e1c2058dd1ee] Reloaded policy file: /etc/neutron/policy.json _load_policy_file /usr/lib/python2.7/site-packages/oslo_policy/policy.py:685
2018-09-13 07:45:38.160 8115 DEBUG neutron.pecan_wsgi.hooks.policy_enforcement [req-2337bad8-3ce1-4c35-b697-8ad1e7e4edc0 56ccbba22b2643e1a6ebcfa193479245 10f739592bfd41b8ba0fe67d896ad296 - 0d5db1ad37e040b98d67e1c2058dd1ee 0d5db1ad37e040b98d67e1c2058dd1ee] Attributes excluded by policy engine: [u'shared'] _exclude_attributes_by_policy /usr/lib/python2.7/site-packages/neutron/pecan_wsgi/hooks/policy_enforcement.py:256
2018-09-13 07:45:38.160 8115 DEBUG neutron.pecan_wsgi.hooks.policy_enforcement [req-2337bad8-3ce1-4c35-b697-8ad1e7e4edc0 56ccbba22b2643e1a6ebcfa193479245 10f739592bfd41b8ba0fe67d896ad296 - 0d5db1ad37e040b98d67e1c2058dd1ee 0d5db1ad37e040b98d67e1c2058dd1ee] Attributes excluded by policy engine: [u'shared'] _exclude_attributes_by_policy /usr/lib/python2.7/site-packages/neutron/pecan_wsgi/hooks/policy_enforcement.py:256
2018-09-13 07:45:38.162 8115 INFO neutron.wsgi [req-2337bad8-3ce1-4c35-b697-8ad1e7e4edc0 56ccbba22b2643e1a6ebcfa193479245 10f739592bfd41b8ba0fe67d896ad296 - 0d5db1ad37e040b98d67e1c2058dd1ee 0d5db1ad37e040b98d67e1c2058dd1ee] 10.0.20.20 "GET /v2.0/subnets HTTP/1.1" status: 200  len: 1419 time: 2.8329401
2018-09-13 07:45:41.385 8134 DEBUG neutron.db.agents_db [req-3a7165dc-1022-48c6-ad26-0840d638cc5b - - - - -] Agent healthcheck: found 5 active agents agent_health_check /usr/lib/python2.7/site-packages/neutron/db/agents_db.py:281
2018-09-13 07:45:51.195 8125 DEBUG neutron_lib.callbacks.manager [req-a0ab2692-0d16-4667-939f-1ec50b365f74 - - - - -] Notify callbacks ['neutron.services.segments.db._update_segment_host_mapping_for_agent-8726844666900'] for agent, after_update _notify_loop /usr/lib/python2.7/site-packages/neutron_lib/callbacks/manager.py:167
2018-09-13 07:45:55.698 8133 DEBUG neutron_lib.callbacks.manager [req-47675958-3233-4710-a004-be55e9e61e3b - - - - -] Notify callbacks ['neutron.services.segments.db._update_segment_host_mapping_for_agent-8726844666900'] for agent, after_update _notify_loop /usr/lib/python2.7/site-packages/neutron_lib/callbacks/manager.py:167
2018-09-13 07:45:55.727 8128 DEBUG neutron_lib.callbacks.manager [req-601e7aad-983e-44c1-9868-bd4ca8acb035 - - - - -] Notify callbacks ['neutron.services.segments.db._update_segment_host_mapping_for_agent-8726844666900'] for agent, after_update _notify_loop /usr/lib/python2.7/site-packages/neutron_lib/callbacks/manager.py:167
2018-09-13 07:45:55.735 8126 DEBUG neutron_lib.callbacks.manager [req-efe72229-b018-4142-9204-0e661c0a75dc - - - - -] Notify callbacks ['neutron.services.segments.db._update_segment_host_mapping_for_agent-8726844666900'] for agent, after_update _notify_loop /usr/lib/python2.7/site-packages/neutron_lib/callbacks/manager.py:167
2018-09-13 07:45:55.765 8127 DEBUG neutron_lib.callbacks.manager [req-22f144cd-80c3-476a-ab0e-416a1e71b849 - - - - -] Notify callbacks ['neutron.services.segments.db._update_segment_host_mapping_for_agent-8726844666900'] for agent, after_update _notify_loop /usr/lib/python2.7/site-packages/neutron_lib/callbacks/manager.py:167
2018-09-13 07:46:18.384 8134 DEBUG neutron.db.agents_db [req-3a7165dc-1022-48c6-ad26-0840d638cc5b - - - - -] Agent healthcheck: found 5 active agents agent_health_check /usr/lib/python2.7/site-packages/neutron/db/agents_db.py:281
2018-09-13 07:46:21.198 8129 DEBUG neutron_lib.callbacks.manager [req-c906c43d-eb39-4ef4-84c0-8e0a95f8cbf2 - - - - -] Notify callbacks ['neutron.services.segments.db._update_segment_host_mapping_for_agent-8726844666900'] for agent, after_update _notify_loop /usr/lib/python2.7/site-packages/neutron_lib/callbacks/manager.py:167
2018-09-13 07:46:25.690 8132 DEBUG neutron_lib.callbacks.manager [req-47675958-3233-4710-a004-be55e9e61e3b - - - - -] Notify callbacks ['neutron.services.segments.db._update_segment_host_mapping_for_agent-8726844666900'] for agent, after_update _notify_loop /usr/lib/python2.7/site-packages/neutron_lib/callbacks/manager.py:167
2018-09-13 07:46:25.731 8130 DEBUG neutron_lib.callbacks.manager [req-efe72229-b018-4142-9204-0e661c0a75dc - - - - -] Notify callbacks ['neutron.services.segments.db._update_segment_host_mapping_for_agent-8726844666900'] for agent, after_update _notify_loop /usr/lib/python2.7/site-packages/neutron_lib/callbacks/manager.py:167
2018-09-13 07:46:25.747 8131 DEBUG neutron_lib.callbacks.manager [req-601e7aad-983e-44c1-9868-bd4ca8acb035 - - - - -] Notify callbacks ['neutron.services.segments.db._update_segment_host_mapping_for_agent-8726844666900'] for agent, after_update _notify_loop /usr/lib/python2.7/site-packages/neutron_lib/callbacks/manager.py:167
2018-09-13 07:46:25.750 8125 DEBUG neutron_lib.callbacks.manager [req-1c850407-597d-48b6-b441-35bca828acc2 - - - - -] Notify callbacks ['neutron.services.segments.db._update_segment_host_mapping_for_agent-8726844666900'] for agent, after_update _notify_loop /usr/lib/python2.7/site-packages/neutron_lib/callbacks/manager.py:167
2018-09-13 07:46:30.624 8115 DEBUG neutron.wsgi [-] (8115) accepted ('10.0.20.20', 55168) server /usr/lib/python2.7/site-packages/eventlet/wsgi.py:883
2018-09-13 07:46:30.630 8115 INFO neutron.wsgi [-] 10.0.20.20 "GET / HTTP/1.1" status: 200  len: 252 time: 0.0033548
2018-09-13 07:46:31.310 8115 DEBUG neutron.api.v2.base [req-b74ebebb-db1a-41dc-a9d3-a28660d02e39 56ccbba22b2643e1a6ebcfa193479245 10f739592bfd41b8ba0fe67d896ad296 - 0d5db1ad37e040b98d67e1c2058dd1ee 0d5db1ad37e040b98d67e1c2058dd1ee] Request body: {u'security_group': {u'name': u'tempest-SECURITY_GROUP_SAMPLE-1536839085', u'description': u'tempest-SECURITY_GROUP_SAMPLE-1536839085'}} prepare_request_body /usr/lib/python2.7/site-packages/neutron/api/v2/base.py:695
2018-09-13 07:46:31.312 8115 INFO neutron.quota [req-b74ebebb-db1a-41dc-a9d3-a28660d02e39 56ccbba22b2643e1a6ebcfa193479245 10f739592bfd41b8ba0fe67d896ad296 - 0d5db1ad37e040b98d67e1c2058dd1ee 0d5db1ad37e040b98d67e1c2058dd1ee] Loaded quota_driver: <neutron.db.quota.driver.DbQuotaDriver object at 0x7efe06a62a90>.
2018-09-13 07:46:31.333 8115 DEBUG neutron.db.quota.driver [req-b74ebebb-db1a-41dc-a9d3-a28660d02e39 56ccbba22b2643e1a6ebcfa193479245 10f739592bfd41b8ba0fe67d896ad296 - 0d5db1ad37e040b98d67e1c2058dd1ee 0d5db1ad37e040b98d67e1c2058dd1ee] Resources subnetpool have unlimited quota limit. It is not required to calculate headroom  make_reservation /usr/lib/python2.7/site-packages/neutron/db/quota/driver.py:223
2018-09-13 07:46:31.348 8115 DEBUG neutron.quota.resource [req-b74ebebb-db1a-41dc-a9d3-a28660d02e39 56ccbba22b2643e1a6ebcfa193479245 10f739592bfd41b8ba0fe67d896ad296 - 0d5db1ad37e040b98d67e1c2058dd1ee 0d5db1ad37e040b98d67e1c2058dd1ee] Usage tracker for resource:security_group and tenant:10f739592bfd41b8ba0fe67d896ad296 is out of sync, need to count used quota count_used /usr/lib/python2.7/site-packages/neutron/quota/resource.py:274
2018-09-13 07:46:31.363 8115 DEBUG neutron.quota.resource [req-b74ebebb-db1a-41dc-a9d3-a28660d02e39 56ccbba22b2643e1a6ebcfa193479245 10f739592bfd41b8ba0fe67d896ad296 - 0d5db1ad37e040b98d67e1c2058dd1ee 0d5db1ad37e040b98d67e1c2058dd1ee] Quota usage for security_group was recalculated. Used quota:0. count_used /usr/lib/python2.7/site-packages/neutron/quota/resource.py:293
2018-09-13 07:46:31.381 8115 DEBUG neutron.db.quota.driver [req-b74ebebb-db1a-41dc-a9d3-a28660d02e39 56ccbba22b2643e1a6ebcfa193479245 10f739592bfd41b8ba0fe67d896ad296 - 0d5db1ad37e040b98d67e1c2058dd1ee 0d5db1ad37e040b98d67e1c2058dd1ee] Attempting to reserve 1 items for resource security_group. Total usage: 0; quota limit: 10; headroom:10 make_reservation /usr/lib/python2.7/site-packages/neutron/db/quota/driver.py:255
2018-09-13 07:46:31.447 8115 DEBUG neutron_lib.callbacks.manager [req-b74ebebb-db1a-41dc-a9d3-a28660d02e39 56ccbba22b2643e1a6ebcfa193479245 10f739592bfd41b8ba0fe67d896ad296 - 0d5db1ad37e040b98d67e1c2058dd1ee 0d5db1ad37e040b98d67e1c2058dd1ee] Notify callbacks [] for security_group, before_create _notify_loop /usr/lib/python2.7/site-packages/neutron_lib/callbacks/manager.py:167
2018-09-13 07:46:31.495 8115 DEBUG neutron_lib.callbacks.manager [req-b74ebebb-db1a-41dc-a9d3-a28660d02e39 56ccbba22b2643e1a6ebcfa193479245 10f739592bfd41b8ba0fe67d896ad296 - 0d5db1ad37e040b98d67e1c2058dd1ee 0d5db1ad37e040b98d67e1c2058dd1ee] Notify callbacks [] for security_group, before_create _notify_loop /usr/lib/python2.7/site-packages/neutron_lib/callbacks/manager.py:167
2018-09-13 07:46:32.297 8115 DEBUG neutron_lib.callbacks.manager [req-b74ebebb-db1a-41dc-a9d3-a28660d02e39 56ccbba22b2643e1a6ebcfa193479245 10f739592bfd41b8ba0fe67d896ad296 - 0d5db1ad37e040b98d67e1c2058dd1ee 0d5db1ad37e040b98d67e1c2058dd1ee] Notify callbacks [] for security_group, precommit_create _notify_loop /usr/lib/python2.7/site-packages/neutron_lib/callbacks/manager.py:167
2018-09-13 07:46:32.311 8115 DEBUG neutron_lib.callbacks.manager [req-b74ebebb-db1a-41dc-a9d3-a28660d02e39 56ccbba22b2643e1a6ebcfa193479245 10f739592bfd41b8ba0fe67d896ad296 - 0d5db1ad37e040b98d67e1c2058dd1ee 0d5db1ad37e040b98d67e1c2058dd1ee] Notify callbacks ['neutron.plugins.ml2.ovo_rpc._ObjectChangeHandler.handle_event--9223372036854213962'] for security_group, after_create _notify_loop /usr/lib/python2.7/site-packages/neutron_lib/callbacks/manager.py:167
2018-09-13 07:46:32.322 8115 DEBUG oslo_concurrency.lockutils [-] Lock "event-dispatch" acquired by "neutron.plugins.ml2.ovo_rpc.dispatch_events" :: waited 0.000s inner /usr/lib/python2.7/site-packages/oslo_concurrency/lockutils.py:270
2018-09-13 07:46:32.579 8115 DEBUG neutron.api.rpc.handlers.resources_rpc [req-b74ebebb-db1a-41dc-a9d3-a28660d02e39 56ccbba22b2643e1a6ebcfa193479245 10f739592bfd41b8ba0fe67d896ad296 - - -] neutron.api.rpc.handlers.resources_rpc.ResourcesPushRpcApi method push called with arguments (<neutron_lib.context.Context object at 0x7efe06aaa610>, [SecurityGroup(created_at=2018-09-13T11:46:31Z,description='Default security group',id=bd954e5d-0fac-4a37-93a9-d46a4adceb63,is_default=True,name='default',project_id='10f739592bfd41b8ba0fe67d896ad296',revision_number=4,rules=[SecurityGroupRule(39dc2b44-f6b2-4b23-ae04-8413fc42055d),SecurityGroupRule(45707c84-6442-4082-9701-6a42490f20ee),SecurityGroupRule(b1a42120-a3d2-4f3e-84ef-7328b1b2df45),SecurityGroupRule(ea7297d3-5a29-48ee-9230-9af1cefccf48)],updated_at=2018-09-13T11:46:31Z)], 'updated') {} wrapper /usr/lib/python2.7/site-packages/oslo_log/helpers.py:66
2018-09-13 07:46:32.652 8115 DEBUG neutron.api.rpc.callbacks.version_manager [req-b74ebebb-db1a-41dc-a9d3-a28660d02e39 56ccbba22b2643e1a6ebcfa193479245 10f739592bfd41b8ba0fe67d896ad296 - - -] Version for resource type Subnet changed None to 1.0 on consumer Open vSwitch agent@localhost.localdomain _set_version /usr/lib/python2.7/site-packages/neutron/api/rpc/callbacks/version_manager.py:119
2018-09-13 07:46:32.654 8115 DEBUG neutron.api.rpc.callbacks.version_manager [req-b74ebebb-db1a-41dc-a9d3-a28660d02e39 56ccbba22b2643e1a6ebcfa193479245 10f739592bfd41b8ba0fe67d896ad296 - - -] Version for resource type Network changed None to 1.0 on consumer Open vSwitch agent@localhost.localdomain _set_version /usr/lib/python2.7/site-packages/neutron/api/rpc/callbacks/version_manager.py:119
2018-09-13 07:46:32.655 8115 DEBUG neutron.api.rpc.callbacks.version_manager [req-b74ebebb-db1a-41dc-a9d3-a28660d02e39 56ccbba22b2643e1a6ebcfa193479245 10f739592bfd41b8ba0fe67d896ad296 - - -] Version for resource type SubPort changed None to 1.0 on consumer Open vSwitch agent@localhost.localdomain _set_version /usr/lib/python2.7/site-packages/neutron/api/rpc/callbacks/version_manager.py:119
2018-09-13 07:46:32.657 8115 DEBUG neutron.api.rpc.callbacks.version_manager [req-b74ebebb-db1a-41dc-a9d3-a28660d02e39 56ccbba22b2643e1a6ebcfa193479245 10f739592bfd41b8ba0fe67d896ad296 - - -] Version for resource type SecurityGroup changed None to 1.0 on consumer Open vSwitch agent@localhost.localdomain _set_version /usr/lib/python2.7/site-packages/neutron/api/rpc/callbacks/version_manager.py:119
2018-09-13 07:46:32.658 8115 DEBUG neutron.api.rpc.callbacks.version_manager [req-b74ebebb-db1a-41dc-a9d3-a28660d02e39 56ccbba22b2643e1a6ebcfa193479245 10f739592bfd41b8ba0fe67d896ad296 - - -] Version for resource type SecurityGroupRule changed None to 1.0 on consumer Open vSwitch agent@localhost.localdomain _set_version /usr/lib/python2.7/site-packages/neutron/api/rpc/callbacks/version_manager.py:119
2018-09-13 07:46:32.660 8115 DEBUG neutron.api.rpc.callbacks.version_manager [req-b74ebebb-db1a-41dc-a9d3-a28660d02e39 56ccbba22b2643e1a6ebcfa193479245 10f739592bfd41b8ba0fe67d896ad296 - - -] Version for resource type Trunk changed None to 1.1 on consumer Open vSwitch agent@localhost.localdomain _set_version /usr/lib/python2.7/site-packages/neutron/api/rpc/callbacks/version_manager.py:119
2018-09-13 07:46:32.662 8115 DEBUG neutron.api.rpc.callbacks.version_manager [req-b74ebebb-db1a-41dc-a9d3-a28660d02e39 56ccbba22b2643e1a6ebcfa193479245 10f739592bfd41b8ba0fe67d896ad296 - - -] Version for resource type QosPolicy changed None to 1.6 on consumer Open vSwitch agent@localhost.localdomain _set_version /usr/lib/python2.7/site-packages/neutron/api/rpc/callbacks/version_manager.py:119
2018-09-13 07:46:32.664 8115 DEBUG neutron.api.rpc.callbacks.version_manager [req-b74ebebb-db1a-41dc-a9d3-a28660d02e39 56ccbba22b2643e1a6ebcfa193479245 10f739592bfd41b8ba0fe67d896ad296 - - -] Version for resource type Port changed None to 1.1 on consumer Open vSwitch agent@localhost.localdomain _set_version /usr/lib/python2.7/site-packages/neutron/api/rpc/callbacks/version_manager.py:119
2018-09-13 07:46:32.664 8115 DEBUG neutron.api.rpc.callbacks.version_manager [req-b74ebebb-db1a-41dc-a9d3-a28660d02e39 56ccbba22b2643e1a6ebcfa193479245 10f739592bfd41b8ba0fe67d896ad296 - - -] Version for resource type Log changed None to 1.0 on consumer Open vSwitch agent@localhost.localdomain _set_version /usr/lib/python2.7/site-packages/neutron/api/rpc/callbacks/version_manager.py:119
2018-09-13 07:46:32.668 8115 DEBUG neutron.api.rpc.callbacks.version_manager [req-b74ebebb-db1a-41dc-a9d3-a28660d02e39 56ccbba22b2643e1a6ebcfa193479245 10f739592bfd41b8ba0fe67d896ad296 - - -] Tracked resource versions report:
pushed versions:
{   'Log': set(['1.0']),
    'Network': set(['1.0']),
    'Port': set(['1.1']),
    'QosPolicy': set(['1.6']),
    'SecurityGroup': set(['1.0']),
    'SecurityGroupRule': set(['1.0']),
    'SubPort': set(['1.0']),
    'Subnet': set(['1.0']),
    'Trunk': set(['1.1'])}

consumer versions:
{   DHCP agent@localhost.localdomain: {   },
    L3 agent@localhost.localdomain: {   },
    Metadata agent@localhost.localdomain: {   },
    Metering agent@localhost.localdomain: {   },
    Open vSwitch agent@localhost.localdomain: {   u'Log': u'1.0',
                                                  u'Network': u'1.0',
                                                  u'Port': u'1.1',
                                                  u'QosPolicy': u'1.6',
                                                  u'SecurityGroup': u'1.0',
                                                  u'SecurityGroupRule': u'1.0',
                                                  u'SubPort': u'1.0',
                                                  u'Subnet': u'1.0',
                                                  u'Trunk': u'1.1'}}
 report /usr/lib/python2.7/site-packages/neutron/api/rpc/callbacks/version_manager.py:178
2018-09-13 07:46:32.750 8115 DEBUG oslo_concurrency.lockutils [req-b74ebebb-db1a-41dc-a9d3-a28660d02e39 56ccbba22b2643e1a6ebcfa193479245 10f739592bfd41b8ba0fe67d896ad296 - - -] Lock "event-dispatch" released by "neutron.plugins.ml2.ovo_rpc.dispatch_events" :: held 0.428s inner /usr/lib/python2.7/site-packages/oslo_concurrency/lockutils.py:282
2018-09-13 07:46:32.885 8115 DEBUG neutron_lib.callbacks.manager [req-b74ebebb-db1a-41dc-a9d3-a28660d02e39 56ccbba22b2643e1a6ebcfa193479245 10f739592bfd41b8ba0fe67d896ad296 - 0d5db1ad37e040b98d67e1c2058dd1ee 0d5db1ad37e040b98d67e1c2058dd1ee] Notify callbacks [] for security_group, precommit_create _notify_loop /usr/lib/python2.7/site-packages/neutron_lib/callbacks/manager.py:167
2018-09-13 07:46:32.894 8115 DEBUG neutron_lib.callbacks.manager [req-b74ebebb-db1a-41dc-a9d3-a28660d02e39 56ccbba22b2643e1a6ebcfa193479245 10f739592bfd41b8ba0fe67d896ad296 - 0d5db1ad37e040b98d67e1c2058dd1ee 0d5db1ad37e040b98d67e1c2058dd1ee] Notify callbacks ['neutron.plugins.ml2.ovo_rpc._ObjectChangeHandler.handle_event--9223372036854213962'] for security_group, after_create _notify_loop /usr/lib/python2.7/site-packages/neutron_lib/callbacks/manager.py:167
2018-09-13 07:46:32.908 8115 DEBUG oslo_concurrency.lockutils [-] Lock "event-dispatch" acquired by "neutron.plugins.ml2.ovo_rpc.dispatch_events" :: waited 0.000s inner /usr/lib/python2.7/site-packages/oslo_concurrency/lockutils.py:270
2018-09-13 07:46:33.002 8115 DEBUG neutron.quota.resource [req-b74ebebb-db1a-41dc-a9d3-a28660d02e39 56ccbba22b2643e1a6ebcfa193479245 10f739592bfd41b8ba0fe67d896ad296 - 0d5db1ad37e040b98d67e1c2058dd1ee 0d5db1ad37e040b98d67e1c2058dd1ee] Persisted dirty status for tenant:10f739592bfd41b8ba0fe67d896ad296 on resource:security_group_rule mark_dirty /usr/lib/python2.7/site-packages/neutron/quota/resource.py:207
2018-09-13 07:46:33.018 8115 DEBUG neutron.quota.resource [req-b74ebebb-db1a-41dc-a9d3-a28660d02e39 56ccbba22b2643e1a6ebcfa193479245 10f739592bfd41b8ba0fe67d896ad296 - 0d5db1ad37e040b98d67e1c2058dd1ee 0d5db1ad37e040b98d67e1c2058dd1ee] Persisted dirty status for tenant:10f739592bfd41b8ba0fe67d896ad296 on resource:security_group mark_dirty /usr/lib/python2.7/site-packages/neutron/quota/resource.py:207
2018-09-13 07:46:33.034 8115 DEBUG neutron.api.rpc.handlers.resources_rpc [req-b74ebebb-db1a-41dc-a9d3-a28660d02e39 56ccbba22b2643e1a6ebcfa193479245 10f739592bfd41b8ba0fe67d896ad296 - - -] neutron.api.rpc.handlers.resources_rpc.ResourcesPushRpcApi method push called with arguments (<neutron_lib.context.Context object at 0x7efe06cb6550>, [SecurityGroup(created_at=2018-09-13T11:46:32Z,description='tempest-SECURITY_GROUP_SAMPLE-1536839085',id=56bcb532-4f4d-4fb0-b8c6-14eb57d2196d,is_default=False,name='tempest-SECURITY_GROUP_SAMPLE-1536839085',project_id='10f739592bfd41b8ba0fe67d896ad296',revision_number=2,rules=[SecurityGroupRule(97df6ac1-adf2-40a5-9c5a-de7a9153c7d4),SecurityGroupRule(b6f73ffe-d54a-467f-b95b-05a3eda16696)],updated_at=2018-09-13T11:46:32Z)], 'updated') {} wrapper /usr/lib/python2.7/site-packages/oslo_log/helpers.py:66
2018-09-13 07:46:33.048 8115 DEBUG oslo_concurrency.lockutils [req-b74ebebb-db1a-41dc-a9d3-a28660d02e39 56ccbba22b2643e1a6ebcfa193479245 10f739592bfd41b8ba0fe67d896ad296 - - -] Lock "event-dispatch" released by "neutron.plugins.ml2.ovo_rpc.dispatch_events" :: held 0.139s inner /usr/lib/python2.7/site-packages/oslo_concurrency/lockutils.py:282
2018-09-13 07:46:33.053 8115 DEBUG neutron_lib.callbacks.manager [req-b74ebebb-db1a-41dc-a9d3-a28660d02e39 56ccbba22b2643e1a6ebcfa193479245 10f739592bfd41b8ba0fe67d896ad296 - 0d5db1ad37e040b98d67e1c2058dd1ee 0d5db1ad37e040b98d67e1c2058dd1ee] Notify callbacks [] for security_group, before_response _notify_loop /usr/lib/python2.7/site-packages/neutron_lib/callbacks/manager.py:167
2018-09-13 07:46:33.058 8115 INFO neutron.wsgi [req-b74ebebb-db1a-41dc-a9d3-a28660d02e39 56ccbba22b2643e1a6ebcfa193479245 10f739592bfd41b8ba0fe67d896ad296 - 0d5db1ad37e040b98d67e1c2058dd1ee 0d5db1ad37e040b98d67e1c2058dd1ee] 10.0.20.20 "POST /v2.0/security-groups HTTP/1.1" status: 201  len: 1617 time: 2.4194291
2018-09-13 07:46:42.606 8115 DEBUG neutron.wsgi [-] (8115) accepted ('10.0.20.20', 55438) server /usr/lib/python2.7/site-packages/eventlet/wsgi.py:883
2018-09-13 07:46:42.614 8115 INFO neutron.wsgi [-] 10.0.20.20 "GET / HTTP/1.1" status: 200  len: 252 time: 0.0026340
2018-09-13 07:46:43.289 8115 INFO neutron.api.v2.resource [req-0e2ee532-21c5-4a08-bb16-cd0f2902d447 56ccbba22b2643e1a6ebcfa193479245 10f739592bfd41b8ba0fe67d896ad296 - 0d5db1ad37e040b98d67e1c2058dd1ee 0d5db1ad37e040b98d67e1c2058dd1ee] show failed (client error): The resource could not be found.
2018-09-13 07:46:43.292 8115 INFO neutron.wsgi [req-0e2ee532-21c5-4a08-bb16-cd0f2902d447 56ccbba22b2643e1a6ebcfa193479245 10f739592bfd41b8ba0fe67d896ad296 - 0d5db1ad37e040b98d67e1c2058dd1ee 0d5db1ad37e040b98d67e1c2058dd1ee] 10.0.20.20 "GET /v2.0/security-groups/tempest-SECURITY_GROUP_SAMPLE-1536839085 HTTP/1.1" status: 404  len: 356 time: 0.6699021
2018-09-13 07:46:43.658 8115 DEBUG neutron.quota.resource [req-7576d4f4-fe8b-48b9-b499-b1f1335fecef 56ccbba22b2643e1a6ebcfa193479245 10f739592bfd41b8ba0fe67d896ad296 - 0d5db1ad37e040b98d67e1c2058dd1ee 0d5db1ad37e040b98d67e1c2058dd1ee] Synchronizing usage tracker for tenant:10f739592bfd41b8ba0fe67d896ad296 on resource:security_group resync /usr/lib/python2.7/site-packages/neutron/quota/resource.py:245
2018-09-13 07:46:43.715 8115 DEBUG neutron.quota.resource [req-7576d4f4-fe8b-48b9-b499-b1f1335fecef 56ccbba22b2643e1a6ebcfa193479245 10f739592bfd41b8ba0fe67d896ad296 - 0d5db1ad37e040b98d67e1c2058dd1ee 0d5db1ad37e040b98d67e1c2058dd1ee] Unset dirty status for tenant:10f739592bfd41b8ba0fe67d896ad296 on resource:security_group _resync /usr/lib/python2.7/site-packages/neutron/quota/resource.py:237
2018-09-13 07:46:43.719 8115 INFO neutron.wsgi [req-7576d4f4-fe8b-48b9-b499-b1f1335fecef 56ccbba22b2643e1a6ebcfa193479245 10f739592bfd41b8ba0fe67d896ad296 - 0d5db1ad37e040b98d67e1c2058dd1ee 0d5db1ad37e040b98d67e1c2058dd1ee] 10.0.20.20 "GET /v2.0/security-groups HTTP/1.1" status: 200  len: 39904 time: 0.4173751
2018-09-13 07:46:43.752 8115 DEBUG neutron.api.v2.base [req-d257c362-16ee-4d3f-9bee-c4223833a2f6 56ccbba22b2643e1a6ebcfa193479245 10f739592bfd41b8ba0fe67d896ad296 - 0d5db1ad37e040b98d67e1c2058dd1ee 0d5db1ad37e040b98d67e1c2058dd1ee] Request body: {u'security_group_rule': {u'direction': u'ingress', u'protocol': u'tcp', u'ethertype': u'IPv4', u'port_range_max': 22, u'security_group_id': u'56bcb532-4f4d-4fb0-b8c6-14eb57d2196d', u'port_range_min': 22, u'remote_ip_prefix': u'0.0.0.0/0'}} prepare_request_body /usr/lib/python2.7/site-packages/neutron/api/v2/base.py:695
2018-09-13 07:46:43.766 8115 DEBUG neutron.db.quota.driver [req-d257c362-16ee-4d3f-9bee-c4223833a2f6 56ccbba22b2643e1a6ebcfa193479245 10f739592bfd41b8ba0fe67d896ad296 - 0d5db1ad37e040b98d67e1c2058dd1ee 0d5db1ad37e040b98d67e1c2058dd1ee] Resources subnetpool have unlimited quota limit. It is not required to calculate headroom  make_reservation /usr/lib/python2.7/site-packages/neutron/db/quota/driver.py:223
2018-09-13 07:46:43.776 8115 DEBUG neutron.quota.resource [req-d257c362-16ee-4d3f-9bee-c4223833a2f6 56ccbba22b2643e1a6ebcfa193479245 10f739592bfd41b8ba0fe67d896ad296 - 0d5db1ad37e040b98d67e1c2058dd1ee 0d5db1ad37e040b98d67e1c2058dd1ee] Usage tracker for resource:security_group_rule and tenant:10f739592bfd41b8ba0fe67d896ad296 is out of sync, need to count used quota count_used /usr/lib/python2.7/site-packages/neutron/quota/resource.py:274
2018-09-13 07:46:43.792 8115 DEBUG neutron.quota.resource [req-d257c362-16ee-4d3f-9bee-c4223833a2f6 56ccbba22b2643e1a6ebcfa193479245 10f739592bfd41b8ba0fe67d896ad296 - 0d5db1ad37e040b98d67e1c2058dd1ee 0d5db1ad37e040b98d67e1c2058dd1ee] Quota usage for security_group_rule was recalculated. Used quota:6. count_used /usr/lib/python2.7/site-packages/neutron/quota/resource.py:293
2018-09-13 07:46:43.806 8115 DEBUG neutron.db.quota.driver [req-d257c362-16ee-4d3f-9bee-c4223833a2f6 56ccbba22b2643e1a6ebcfa193479245 10f739592bfd41b8ba0fe67d896ad296 - 0d5db1ad37e040b98d67e1c2058dd1ee 0d5db1ad37e040b98d67e1c2058dd1ee] Attempting to reserve 1 items for resource security_group_rule. Total usage: 6; quota limit: 100; headroom:94 make_reservation /usr/lib/python2.7/site-packages/neutron/db/quota/driver.py:255
2018-09-13 07:46:43.927 8115 DEBUG neutron_lib.callbacks.manager [req-d257c362-16ee-4d3f-9bee-c4223833a2f6 56ccbba22b2643e1a6ebcfa193479245 10f739592bfd41b8ba0fe67d896ad296 - 0d5db1ad37e040b98d67e1c2058dd1ee 0d5db1ad37e040b98d67e1c2058dd1ee] Notify callbacks [] for security_group_rule, before_create _notify_loop /usr/lib/python2.7/site-packages/neutron_lib/callbacks/manager.py:167
2018-09-13 07:46:44.049 8115 DEBUG neutron_lib.callbacks.manager [req-d257c362-16ee-4d3f-9bee-c4223833a2f6 56ccbba22b2643e1a6ebcfa193479245 10f739592bfd41b8ba0fe67d896ad296 - 0d5db1ad37e040b98d67e1c2058dd1ee 0d5db1ad37e040b98d67e1c2058dd1ee] Notify callbacks [] for security_group_rule, precommit_create _notify_loop /usr/lib/python2.7/site-packages/neutron_lib/callbacks/manager.py:167
2018-09-13 07:46:44.056 8115 DEBUG neutron_lib.callbacks.manager [req-d257c362-16ee-4d3f-9bee-c4223833a2f6 56ccbba22b2643e1a6ebcfa193479245 10f739592bfd41b8ba0fe67d896ad296 - 0d5db1ad37e040b98d67e1c2058dd1ee 0d5db1ad37e040b98d67e1c2058dd1ee] Notify callbacks ['neutron.plugins.ml2.ovo_rpc._ObjectChangeHandler.handle_event--9223372036854213946'] for security_group_rule, after_create _notify_loop /usr/lib/python2.7/site-packages/neutron_lib/callbacks/manager.py:167
2018-09-13 07:46:44.062 8115 DEBUG oslo_concurrency.lockutils [-] Lock "event-dispatch" acquired by "neutron.plugins.ml2.ovo_rpc.dispatch_events" :: waited 0.000s inner /usr/lib/python2.7/site-packages/oslo_concurrency/lockutils.py:270
2018-09-13 07:46:44.099 8115 DEBUG neutron.api.rpc.handlers.resources_rpc [req-d257c362-16ee-4d3f-9bee-c4223833a2f6 56ccbba22b2643e1a6ebcfa193479245 10f739592bfd41b8ba0fe67d896ad296 - - -] neutron.api.rpc.handlers.resources_rpc.ResourcesPushRpcApi method push called with arguments (<neutron_lib.context.Context object at 0x7efe06b5cd90>, [SecurityGroupRule(created_at=2018-09-13T11:46:44Z,description='',direction='ingress',ethertype='IPv4',id=baf70437-673e-44e9-9bfa-fb75964a0ddf,port_range_max=22,port_range_min=22,project_id='10f739592bfd41b8ba0fe67d896ad296',protocol='tcp',remote_group_id=<?>,remote_ip_prefix=0.0.0.0/0,revision_number=0,security_group_id=56bcb532-4f4d-4fb0-b8c6-14eb57d2196d,updated_at=2018-09-13T11:46:44Z)], 'updated') {} wrapper /usr/lib/python2.7/site-packages/oslo_log/helpers.py:66
2018-09-13 07:46:44.126 8115 DEBUG oslo_concurrency.lockutils [req-d257c362-16ee-4d3f-9bee-c4223833a2f6 56ccbba22b2643e1a6ebcfa193479245 10f739592bfd41b8ba0fe67d896ad296 - - -] Lock "event-dispatch" released by "neutron.plugins.ml2.ovo_rpc.dispatch_events" :: held 0.065s inner /usr/lib/python2.7/site-packages/oslo_concurrency/lockutils.py:282
2018-09-13 07:46:44.203 8115 DEBUG neutron.quota.resource [req-d257c362-16ee-4d3f-9bee-c4223833a2f6 56ccbba22b2643e1a6ebcfa193479245 10f739592bfd41b8ba0fe67d896ad296 - 0d5db1ad37e040b98d67e1c2058dd1ee 0d5db1ad37e040b98d67e1c2058dd1ee] Persisted dirty status for tenant:10f739592bfd41b8ba0fe67d896ad296 on resource:security_group_rule mark_dirty /usr/lib/python2.7/site-packages/neutron/quota/resource.py:207
2018-09-13 07:46:44.624 8115 DEBUG neutron_lib.callbacks.manager [req-d257c362-16ee-4d3f-9bee-c4223833a2f6 56ccbba22b2643e1a6ebcfa193479245 10f739592bfd41b8ba0fe67d896ad296 - 0d5db1ad37e040b98d67e1c2058dd1ee 0d5db1ad37e040b98d67e1c2058dd1ee] Notify callbacks [] for security_group_rule, before_response _notify_loop /usr/lib/python2.7/site-packages/neutron_lib/callbacks/manager.py:167
2018-09-13 07:46:44.629 8115 INFO neutron.wsgi [req-d257c362-16ee-4d3f-9bee-c4223833a2f6 56ccbba22b2643e1a6ebcfa193479245 10f739592bfd41b8ba0fe67d896ad296 - 0d5db1ad37e040b98d67e1c2058dd1ee 0d5db1ad37e040b98d67e1c2058dd1ee] 10.0.20.20 "POST /v2.0/security-group-rules HTTP/1.1" status: 201  len: 718 time: 0.8885572
2018-09-13 07:46:51.211 8133 DEBUG neutron_lib.callbacks.manager [req-fd82e794-a8fd-4d22-8afa-548a9ba3edcd - - - - -] Notify callbacks ['neutron.services.segments.db._update_segment_host_mapping_for_agent-8726844666900'] for agent, after_update _notify_loop /usr/lib/python2.7/site-packages/neutron_lib/callbacks/manager.py:167
2018-09-13 07:46:53.106 8124 DEBUG neutron.wsgi [-] (8124) accepted ('10.0.20.20', 56212) server /usr/lib/python2.7/site-packages/eventlet/wsgi.py:883
2018-09-13 07:46:53.114 8124 INFO neutron.wsgi [-] 10.0.20.20 "GET / HTTP/1.1" status: 200  len: 252 time: 0.0049300
2018-09-13 07:46:53.796 8124 INFO neutron.wsgi [req-1fcfe1d6-270e-4e36-8a18-41490d0a6cf9 56ccbba22b2643e1a6ebcfa193479245 10f739592bfd41b8ba0fe67d896ad296 - 0d5db1ad37e040b98d67e1c2058dd1ee 0d5db1ad37e040b98d67e1c2058dd1ee] 10.0.20.20 "GET /v2.0/security-groups HTTP/1.1" status: 200  len: 40407 time: 0.6752181
2018-09-13 07:46:55.384 8134 DEBUG neutron.db.agents_db [req-3a7165dc-1022-48c6-ad26-0840d638cc5b - - - - -] Agent healthcheck: found 5 active agents agent_health_check /usr/lib/python2.7/site-packages/neutron/db/agents_db.py:281
2018-09-13 07:46:55.700 8128 DEBUG neutron_lib.callbacks.manager [req-47675958-3233-4710-a004-be55e9e61e3b - - - - -] Notify callbacks ['neutron.services.segments.db._update_segment_host_mapping_for_agent-8726844666900'] for agent, after_update _notify_loop /usr/lib/python2.7/site-packages/neutron_lib/callbacks/manager.py:167
2018-09-13 07:46:55.755 8127 DEBUG neutron_lib.callbacks.manager [req-efe72229-b018-4142-9204-0e661c0a75dc - - - - -] Notify callbacks ['neutron.services.segments.db._update_segment_host_mapping_for_agent-8726844666900'] for agent, after_update _notify_loop /usr/lib/python2.7/site-packages/neutron_lib/callbacks/manager.py:167
2018-09-13 07:46:55.772 8126 DEBUG neutron_lib.callbacks.manager [req-601e7aad-983e-44c1-9868-bd4ca8acb035 - - - - -] Notify callbacks ['neutron.services.segments.db._update_segment_host_mapping_for_agent-8726844666900'] for agent, after_update _notify_loop /usr/lib/python2.7/site-packages/neutron_lib/callbacks/manager.py:167
2018-09-13 07:46:55.772 8129 DEBUG neutron_lib.callbacks.manager [req-1568c068-4e63-4897-8de1-4881c59fc95a - - - - -] Notify callbacks ['neutron.services.segments.db._update_segment_host_mapping_for_agent-8726844666900'] for agent, after_update _notify_loop /usr/lib/python2.7/site-packages/neutron_lib/callbacks/manager.py:167
2018-09-13 07:47:04.386 8116 DEBUG neutron.wsgi [-] (8116) accepted ('10.0.20.20', 56226) server /usr/lib/python2.7/site-packages/eventlet/wsgi.py:883
2018-09-13 07:47:04.396 8116 INFO neutron.wsgi [-] 10.0.20.20 "GET / HTTP/1.1" status: 200  len: 252 time: 0.0049429
2018-09-13 07:47:05.087 8116 INFO neutron.pecan_wsgi.hooks.translation [req-33a26eb5-ed0f-4bdd-80c8-0c35f72b7a3f 6bce0e5766c84e1a98c3cb5ccb2e3772 4cff21d35d8b43b9a2a1ce042bb4f9f9 - default default] GET failed (client error): The resource could not be found.
2018-09-13 07:47:05.090 8116 INFO neutron.wsgi [req-33a26eb5-ed0f-4bdd-80c8-0c35f72b7a3f 6bce0e5766c84e1a98c3cb5ccb2e3772 4cff21d35d8b43b9a2a1ce042bb4f9f9 - default default] 10.0.20.20 "GET /v2.0/networks/public HTTP/1.1" status: 404  len: 314 time: 0.6865890
2018-09-13 07:47:05.718 8116 DEBUG neutron.pecan_wsgi.hooks.policy_enforcement [req-e64a576d-17f8-4807-a96b-84c845a82eba 6bce0e5766c84e1a98c3cb5ccb2e3772 4cff21d35d8b43b9a2a1ce042bb4f9f9 - default default] Attributes excluded by policy engine: [u'vlan_transparent'] _exclude_attributes_by_policy /usr/lib/python2.7/site-packages/neutron/pecan_wsgi/hooks/policy_enforcement.py:256
2018-09-13 07:47:05.720 8116 DEBUG neutron.pecan_wsgi.hooks.policy_enforcement [req-e64a576d-17f8-4807-a96b-84c845a82eba 6bce0e5766c84e1a98c3cb5ccb2e3772 4cff21d35d8b43b9a2a1ce042bb4f9f9 - default default] Attributes excluded by policy engine: [u'vlan_transparent'] _exclude_attributes_by_policy /usr/lib/python2.7/site-packages/neutron/pecan_wsgi/hooks/policy_enforcement.py:256
2018-09-13 07:47:05.723 8116 INFO neutron.wsgi [req-e64a576d-17f8-4807-a96b-84c845a82eba 6bce0e5766c84e1a98c3cb5ccb2e3772 4cff21d35d8b43b9a2a1ce042bb4f9f9 - default default] 10.0.20.20 "GET /v2.0/networks HTTP/1.1" status: 200  len: 1542 time: 0.6260281
2018-09-13 07:47:13.664 8115 DEBUG neutron.wsgi [-] (8115) accepted ('10.0.20.20', 56236) server /usr/lib/python2.7/site-packages/eventlet/wsgi.py:883
2018-09-13 07:47:13.669 8115 INFO neutron.wsgi [-] 10.0.20.20 "GET / HTTP/1.1" status: 200  len: 252 time: 0.0028288
2018-09-13 07:47:14.320 8115 DEBUG neutron.api.v2.base [req-b128c5e8-e011-4b97-a868-4406f0e76b7a 56ccbba22b2643e1a6ebcfa193479245 10f739592bfd41b8ba0fe67d896ad296 - 0d5db1ad37e040b98d67e1c2058dd1ee 0d5db1ad37e040b98d67e1c2058dd1ee] Request body: {u'network': {u'name': u'tempest-private-1536839085', u'admin_state_up': True}} prepare_request_body /usr/lib/python2.7/site-packages/neutron/api/v2/base.py:695
2018-09-13 07:47:14.338 8115 DEBUG neutron.db.quota.driver [req-b128c5e8-e011-4b97-a868-4406f0e76b7a 56ccbba22b2643e1a6ebcfa193479245 10f739592bfd41b8ba0fe67d896ad296 - 0d5db1ad37e040b98d67e1c2058dd1ee 0d5db1ad37e040b98d67e1c2058dd1ee] Resources subnetpool have unlimited quota limit. It is not required to calculate headroom  make_reservation /usr/lib/python2.7/site-packages/neutron/db/quota/driver.py:223
2018-09-13 07:47:14.353 8115 DEBUG neutron.quota.resource [req-b128c5e8-e011-4b97-a868-4406f0e76b7a 56ccbba22b2643e1a6ebcfa193479245 10f739592bfd41b8ba0fe67d896ad296 - 0d5db1ad37e040b98d67e1c2058dd1ee 0d5db1ad37e040b98d67e1c2058dd1ee] Usage tracker for resource:network and tenant:10f739592bfd41b8ba0fe67d896ad296 is out of sync, need to count used quota count_used /usr/lib/python2.7/site-packages/neutron/quota/resource.py:274
2018-09-13 07:47:14.376 8115 DEBUG neutron.quota.resource [req-b128c5e8-e011-4b97-a868-4406f0e76b7a 56ccbba22b2643e1a6ebcfa193479245 10f739592bfd41b8ba0fe67d896ad296 - 0d5db1ad37e040b98d67e1c2058dd1ee 0d5db1ad37e040b98d67e1c2058dd1ee] Quota usage for network was recalculated. Used quota:0. count_used /usr/lib/python2.7/site-packages/neutron/quota/resource.py:293
2018-09-13 07:47:14.397 8115 DEBUG neutron.db.quota.driver [req-b128c5e8-e011-4b97-a868-4406f0e76b7a 56ccbba22b2643e1a6ebcfa193479245 10f739592bfd41b8ba0fe67d896ad296 - 0d5db1ad37e040b98d67e1c2058dd1ee 0d5db1ad37e040b98d67e1c2058dd1ee] Attempting to reserve 1 items for resource network. Total usage: 0; quota limit: 100; headroom:100 make_reservation /usr/lib/python2.7/site-packages/neutron/db/quota/driver.py:255
2018-09-13 07:47:14.442 8115 DEBUG neutron.pecan_wsgi.hooks.quota_enforcement [req-b128c5e8-e011-4b97-a868-4406f0e76b7a 56ccbba22b2643e1a6ebcfa193479245 10f739592bfd41b8ba0fe67d896ad296 - 0d5db1ad37e040b98d67e1c2058dd1ee 0d5db1ad37e040b98d67e1c2058dd1ee] Made reservation on behalf of 10f739592bfd41b8ba0fe67d896ad296 for: {'network': 1} before /usr/lib/python2.7/site-packages/neutron/pecan_wsgi/hooks/quota_enforcement.py:55
2018-09-13 07:47:14.454 8115 DEBUG neutron_lib.callbacks.manager [req-b128c5e8-e011-4b97-a868-4406f0e76b7a 56ccbba22b2643e1a6ebcfa193479245 10f739592bfd41b8ba0fe67d896ad296 - 0d5db1ad37e040b98d67e1c2058dd1ee 0d5db1ad37e040b98d67e1c2058dd1ee] Notify callbacks ['neutron.plugins.ml2.plugin.Ml2Plugin._ensure_default_security_group_handler-16423650'] for network, before_create _notify_loop /usr/lib/python2.7/site-packages/neutron_lib/callbacks/manager.py:167
2018-09-13 07:47:14.555 8115 DEBUG neutron.plugins.ml2.drivers.helpers [req-b128c5e8-e011-4b97-a868-4406f0e76b7a 56ccbba22b2643e1a6ebcfa193479245 10f739592bfd41b8ba0fe67d896ad296 - 0d5db1ad37e040b98d67e1c2058dd1ee 0d5db1ad37e040b98d67e1c2058dd1ee] vxlan segment allocate from pool started with {'vxlan_vni': 75}  allocate_partially_specified_segment /usr/lib/python2.7/site-packages/neutron/plugins/ml2/drivers/helpers.py:157
2018-09-13 07:47:14.563 8115 DEBUG neutron.plugins.ml2.drivers.helpers [req-b128c5e8-e011-4b97-a868-4406f0e76b7a 56ccbba22b2643e1a6ebcfa193479245 10f739592bfd41b8ba0fe67d896ad296 - 0d5db1ad37e040b98d67e1c2058dd1ee 0d5db1ad37e040b98d67e1c2058dd1ee] vxlan segment allocate from pool success with {'vxlan_vni': 75}  allocate_partially_specified_segment /usr/lib/python2.7/site-packages/neutron/plugins/ml2/drivers/helpers.py:165
2018-09-13 07:47:14.602 8115 DEBUG neutron_lib.callbacks.manager [req-b128c5e8-e011-4b97-a868-4406f0e76b7a 56ccbba22b2643e1a6ebcfa193479245 10f739592bfd41b8ba0fe67d896ad296 - 0d5db1ad37e040b98d67e1c2058dd1ee 0d5db1ad37e040b98d67e1c2058dd1ee] Notify callbacks ['neutron.services.segments.db._add_segment_host_mapping_for_segment--9223363310010108901', 'neutron.plugins.ml2.plugin.Ml2Plugin._handle_segment_change--9223372036838822318'] for segment, precommit_create _notify_loop /usr/lib/python2.7/site-packages/neutron_lib/callbacks/manager.py:167
2018-09-13 07:47:14.604 8115 INFO neutron.db.segments_db [req-b128c5e8-e011-4b97-a868-4406f0e76b7a 56ccbba22b2643e1a6ebcfa193479245 10f739592bfd41b8ba0fe67d896ad296 - 0d5db1ad37e040b98d67e1c2058dd1ee 0d5db1ad37e040b98d67e1c2058dd1ee] Added segment c0dfcfa1-f97c-4c3a-8640-f8bd39700e4c of type vxlan for network 72374b0d-7ab4-499f-aaea-8eecdcc689d0
2018-09-13 07:47:14.760 8115 DEBUG neutron_lib.callbacks.manager [req-b128c5e8-e011-4b97-a868-4406f0e76b7a 56ccbba22b2643e1a6ebcfa193479245 10f739592bfd41b8ba0fe67d896ad296 - 0d5db1ad37e040b98d67e1c2058dd1ee 0d5db1ad37e040b98d67e1c2058dd1ee] Notify callbacks ['neutron.services.auto_allocate.db._ensure_external_network_default_value_callback--9223363310010715200'] for network, precommit_create _notify_loop /usr/lib/python2.7/site-packages/neutron_lib/callbacks/manager.py:167
2018-09-13 07:47:14.843 8115 DEBUG neutron_lib.callbacks.manager [req-b128c5e8-e011-4b97-a868-4406f0e76b7a 56ccbba22b2643e1a6ebcfa193479245 10f739592bfd41b8ba0fe67d896ad296 - 0d5db1ad37e040b98d67e1c2058dd1ee 0d5db1ad37e040b98d67e1c2058dd1ee] Notify callbacks ['neutron.plugins.ml2.ovo_rpc._ObjectChangeHandler.handle_event--9223372036854214122', 'neutron.api.rpc.agentnotifiers.dhcp_rpc_agent_api.DhcpAgentNotifyAPI._native_event_send_dhcp_notification-809684'] for network, after_create _notify_loop /usr/lib/python2.7/site-packages/neutron_lib/callbacks/manager.py:167
2018-09-13 07:47:14.846 8115 DEBUG neutron.pecan_wsgi.hooks.policy_enforcement [req-b128c5e8-e011-4b97-a868-4406f0e76b7a 56ccbba22b2643e1a6ebcfa193479245 10f739592bfd41b8ba0fe67d896ad296 - 0d5db1ad37e040b98d67e1c2058dd1ee 0d5db1ad37e040b98d67e1c2058dd1ee] Attributes excluded by policy engine: [u'vlan_transparent'] _exclude_attributes_by_policy /usr/lib/python2.7/site-packages/neutron/pecan_wsgi/hooks/policy_enforcement.py:256
2018-09-13 07:47:14.847 8115 DEBUG neutron_lib.callbacks.manager [req-b128c5e8-e011-4b97-a868-4406f0e76b7a 56ccbba22b2643e1a6ebcfa193479245 10f739592bfd41b8ba0fe67d896ad296 - 0d5db1ad37e040b98d67e1c2058dd1ee 0d5db1ad37e040b98d67e1c2058dd1ee] Notify callbacks ['neutron.api.rpc.agentnotifiers.dhcp_rpc_agent_api.DhcpAgentNotifyAPI._send_dhcp_notification-809509'] for network, before_response _notify_loop /usr/lib/python2.7/site-packages/neutron_lib/callbacks/manager.py:167
2018-09-13 07:47:14.851 8115 DEBUG oslo_concurrency.lockutils [-] Lock "event-dispatch" acquired by "neutron.plugins.ml2.ovo_rpc.dispatch_events" :: waited 0.000s inner /usr/lib/python2.7/site-packages/oslo_concurrency/lockutils.py:270
2018-09-13 07:47:15.082 8115 DEBUG neutron.quota.resource [req-b128c5e8-e011-4b97-a868-4406f0e76b7a 56ccbba22b2643e1a6ebcfa193479245 10f739592bfd41b8ba0fe67d896ad296 - 0d5db1ad37e040b98d67e1c2058dd1ee 0d5db1ad37e040b98d67e1c2058dd1ee] Persisted dirty status for tenant:10f739592bfd41b8ba0fe67d896ad296 on resource:network mark_dirty /usr/lib/python2.7/site-packages/neutron/quota/resource.py:207
2018-09-13 07:47:15.109 8115 INFO neutron.wsgi [req-b128c5e8-e011-4b97-a868-4406f0e76b7a 56ccbba22b2643e1a6ebcfa193479245 10f739592bfd41b8ba0fe67d896ad296 - 0d5db1ad37e040b98d67e1c2058dd1ee 0d5db1ad37e040b98d67e1c2058dd1ee] 10.0.20.20 "POST /v2.0/networks HTTP/1.1" status: 201  len: 862 time: 1.4330599
2018-09-13 07:47:15.134 8115 DEBUG neutron.api.rpc.handlers.resources_rpc [req-b128c5e8-e011-4b97-a868-4406f0e76b7a 56ccbba22b2643e1a6ebcfa193479245 10f739592bfd41b8ba0fe67d896ad296 - - -] neutron.api.rpc.handlers.resources_rpc.ResourcesPushRpcApi method push called with arguments (<neutron_lib.context.Context object at 0x7efe067964d0>, [Network(admin_state_up=True,availability_zone_hints=[],created_at=2018-09-13T11:47:14Z,description='',dns_domain=None,id=72374b0d-7ab4-499f-aaea-8eecdcc689d0,mtu=1450,name='tempest-private-1536839085',project_id='10f739592bfd41b8ba0fe67d896ad296',qos_policy_id=None,revision_number=2,security=NetworkPortSecurity(72374b0d-7ab4-499f-aaea-8eecdcc689d0),segments=[NetworkSegment(c0dfcfa1-f97c-4c3a-8640-f8bd39700e4c)],shared=False,status='ACTIVE',updated_at=2018-09-13T11:47:14Z,vlan_transparent=<?>)], 'updated') {} wrapper /usr/lib/python2.7/site-packages/oslo_log/helpers.py:66
2018-09-13 07:47:15.144 8115 DEBUG oslo_concurrency.lockutils [req-b128c5e8-e011-4b97-a868-4406f0e76b7a 56ccbba22b2643e1a6ebcfa193479245 10f739592bfd41b8ba0fe67d896ad296 - - -] Lock "event-dispatch" released by "neutron.plugins.ml2.ovo_rpc.dispatch_events" :: held 0.293s inner /usr/lib/python2.7/site-packages/oslo_concurrency/lockutils.py:282
2018-09-13 07:47:21.203 8132 DEBUG neutron_lib.callbacks.manager [req-6a1b4cb4-6d8c-48fd-907b-783e095ae250 - - - - -] Notify callbacks ['neutron.services.segments.db._update_segment_host_mapping_for_agent-8726844666900'] for agent, after_update _notify_loop /usr/lib/python2.7/site-packages/neutron_lib/callbacks/manager.py:167
2018-09-13 07:47:23.657 8115 DEBUG neutron.wsgi [-] (8115) accepted ('10.0.20.20', 56244) server /usr/lib/python2.7/site-packages/eventlet/wsgi.py:883
2018-09-13 07:47:23.664 8115 INFO neutron.wsgi [-] 10.0.20.20 "GET / HTTP/1.1" status: 200  len: 252 time: 0.0047910
2018-09-13 07:47:24.190 8115 INFO neutron.pecan_wsgi.hooks.translation [req-919f2304-3330-4590-a6ee-357ac7b9568f 56ccbba22b2643e1a6ebcfa193479245 10f739592bfd41b8ba0fe67d896ad296 - 0d5db1ad37e040b98d67e1c2058dd1ee 0d5db1ad37e040b98d67e1c2058dd1ee] GET failed (client error): The resource could not be found.
2018-09-13 07:47:24.192 8115 DEBUG neutron.quota.resource [req-919f2304-3330-4590-a6ee-357ac7b9568f 56ccbba22b2643e1a6ebcfa193479245 10f739592bfd41b8ba0fe67d896ad296 - 0d5db1ad37e040b98d67e1c2058dd1ee 0d5db1ad37e040b98d67e1c2058dd1ee] Synchronizing usage tracker for tenant:10f739592bfd41b8ba0fe67d896ad296 on resource:network resync /usr/lib/python2.7/site-packages/neutron/quota/resource.py:245
2018-09-13 07:47:24.250 8115 DEBUG neutron.quota.resource [req-919f2304-3330-4590-a6ee-357ac7b9568f 56ccbba22b2643e1a6ebcfa193479245 10f739592bfd41b8ba0fe67d896ad296 - 0d5db1ad37e040b98d67e1c2058dd1ee 0d5db1ad37e040b98d67e1c2058dd1ee] Unset dirty status for tenant:10f739592bfd41b8ba0fe67d896ad296 on resource:network _resync /usr/lib/python2.7/site-packages/neutron/quota/resource.py:237
2018-09-13 07:47:24.254 8115 INFO neutron.wsgi [req-919f2304-3330-4590-a6ee-357ac7b9568f 56ccbba22b2643e1a6ebcfa193479245 10f739592bfd41b8ba0fe67d896ad296 - 0d5db1ad37e040b98d67e1c2058dd1ee 0d5db1ad37e040b98d67e1c2058dd1ee] 10.0.20.20 "GET /v2.0/networks/tempest-private-1536839085 HTTP/1.1" status: 404  len: 334 time: 0.5842462
2018-09-13 07:47:24.601 8115 DEBUG neutron.pecan_wsgi.hooks.policy_enforcement [req-cfaf225a-4cbe-4a7a-8db7-b6599494456b 56ccbba22b2643e1a6ebcfa193479245 10f739592bfd41b8ba0fe67d896ad296 - 0d5db1ad37e040b98d67e1c2058dd1ee 0d5db1ad37e040b98d67e1c2058dd1ee] Attributes excluded by policy engine: [u'vlan_transparent'] _exclude_attributes_by_policy /usr/lib/python2.7/site-packages/neutron/pecan_wsgi/hooks/policy_enforcement.py:256
2018-09-13 07:47:24.602 8115 DEBUG neutron.pecan_wsgi.hooks.policy_enforcement [req-cfaf225a-4cbe-4a7a-8db7-b6599494456b 56ccbba22b2643e1a6ebcfa193479245 10f739592bfd41b8ba0fe67d896ad296 - 0d5db1ad37e040b98d67e1c2058dd1ee 0d5db1ad37e040b98d67e1c2058dd1ee] Attributes excluded by policy engine: [u'vlan_transparent'] _exclude_attributes_by_policy /usr/lib/python2.7/site-packages/neutron/pecan_wsgi/hooks/policy_enforcement.py:256
2018-09-13 07:47:24.603 8115 DEBUG neutron.pecan_wsgi.hooks.policy_enforcement [req-cfaf225a-4cbe-4a7a-8db7-b6599494456b 56ccbba22b2643e1a6ebcfa193479245 10f739592bfd41b8ba0fe67d896ad296 - 0d5db1ad37e040b98d67e1c2058dd1ee 0d5db1ad37e040b98d67e1c2058dd1ee] Attributes excluded by policy engine: [u'vlan_transparent'] _exclude_attributes_by_policy /usr/lib/python2.7/site-packages/neutron/pecan_wsgi/hooks/policy_enforcement.py:256
