2018-09-13 17:58:12.602 11341 DEBUG neutron.api.rpc.callbacks.version_manager [req-239a8fdf-eea7-412f-be1f-aa9d16f3ac9d 6bce0e5766c84e1a98c3cb5ccb2e3772 4cff21d35d8b43b9a2a1ce042bb4f9f9 - - -] Version for resource type Trunk changed None to 1.1 on consumer Open vSwitch agent@localhost.localdomain _set_version /usr/lib/python2.7/site-packages/neutron/api/rpc/callbacks/version_manager.py:119
2018-09-13 17:58:12.602 11341 DEBUG neutron.api.rpc.callbacks.version_manager [req-239a8fdf-eea7-412f-be1f-aa9d16f3ac9d 6bce0e5766c84e1a98c3cb5ccb2e3772 4cff21d35d8b43b9a2a1ce042bb4f9f9 - - -] Version for resource type QosPolicy changed None to 1.6 on consumer Open vSwitch agent@localhost.localdomain _set_version /usr/lib/python2.7/site-packages/neutron/api/rpc/callbacks/version_manager.py:119
2018-09-13 17:58:12.603 11341 DEBUG neutron.api.rpc.callbacks.version_manager [req-239a8fdf-eea7-412f-be1f-aa9d16f3ac9d 6bce0e5766c84e1a98c3cb5ccb2e3772 4cff21d35d8b43b9a2a1ce042bb4f9f9 - - -] Version for resource type Port changed None to 1.1 on consumer Open vSwitch agent@localhost.localdomain _set_version /usr/lib/python2.7/site-packages/neutron/api/rpc/callbacks/version_manager.py:119
2018-09-13 17:58:12.603 11341 DEBUG neutron.api.rpc.callbacks.version_manager [req-239a8fdf-eea7-412f-be1f-aa9d16f3ac9d 6bce0e5766c84e1a98c3cb5ccb2e3772 4cff21d35d8b43b9a2a1ce042bb4f9f9 - - -] Version for resource type Log changed None to 1.0 on consumer Open vSwitch agent@localhost.localdomain _set_version /usr/lib/python2.7/site-packages/neutron/api/rpc/callbacks/version_manager.py:119
2018-09-13 17:58:12.618 11341 DEBUG oslo_concurrency.lockutils [req-239a8fdf-eea7-412f-be1f-aa9d16f3ac9d 6bce0e5766c84e1a98c3cb5ccb2e3772 4cff21d35d8b43b9a2a1ce042bb4f9f9 - - -] Lock "event-dispatch" released by "neutron.plugins.ml2.ovo_rpc.dispatch_events" :: held 0.194s inner /usr/lib/python2.7/site-packages/oslo_concurrency/lockutils.py:282
2018-09-13 17:58:12.619 11341 DEBUG neutron.db.l3_dvrscheduler_db [req-239a8fdf-eea7-412f-be1f-aa9d16f3ac9d 6bce0e5766c84e1a98c3cb5ccb2e3772 4cff21d35d8b43b9a2a1ce042bb4f9f9 - default default] No DVR routers for this DVR port d2333646-3f18-42f6-a9a3-5ff22fd69b92 on host localhost.localdomain get_dvr_routers_to_remove /usr/lib/python2.7/site-packages/neutron/db/l3_dvrscheduler_db.py:191
2018-09-13 17:58:12.625 11341 DEBUG neutron_lib.callbacks.manager [req-239a8fdf-eea7-412f-be1f-aa9d16f3ac9d 6bce0e5766c84e1a98c3cb5ccb2e3772 4cff21d35d8b43b9a2a1ce042bb4f9f9 - default default] Notify callbacks ['neutron.notifiers.nova.Notifier._send_nova_notification--9223372036854775502'] for port, before_response _notify_loop /usr/lib/python2.7/site-packages/neutron_lib/callbacks/manager.py:167
2018-09-13 17:58:12.630 11341 DEBUG oslo_concurrency.lockutils [-] Lock "notifier-6c59e814-edbc-43d4-871c-0d8d1ea4b1ae" acquired by "neutron.notifiers.batch_notifier.synced_send" :: waited 0.000s inner /usr/lib/python2.7/site-packages/oslo_concurrency/lockutils.py:270
2018-09-13 17:58:12.632 11341 DEBUG neutron.notifiers.nova [-] Sending events: [{'tag': u'd2333646-3f18-42f6-a9a3-5ff22fd69b92', 'name': 'network-vif-deleted', 'server_uuid': u'374cde8a-e826-45d6-8e27-961528894912'}] send_events /usr/lib/python2.7/site-packages/neutron/notifiers/nova.py:242
2018-09-13 17:58:12.639 11341 DEBUG novaclient.v2.client [-] REQ: curl -g -i -X POST http://10.0.20.20:8774/v2.1/4eeeddb45ad446a68ed4de7bd550932a/os-server-external-events -H "User-Agent: python-novaclient" -H "Content-Type: application/json" -H "Accept: application/json" -H "X-OpenStack-Nova-API-Version: 2.1" -H "X-Auth-Token: {SHA1}5513942e4943d835e195c5d8bb9341abfe2a674f" -d '{"events": [{"tag": "d2333646-3f18-42f6-a9a3-5ff22fd69b92", "name": "network-vif-deleted", "server_uuid": "374cde8a-e826-45d6-8e27-961528894912"}]}' _http_log_request /usr/lib/python2.7/site-packages/keystoneauth1/session.py:375
2018-09-13 17:58:12.674 11341 DEBUG neutron.quota.resource [req-239a8fdf-eea7-412f-be1f-aa9d16f3ac9d 6bce0e5766c84e1a98c3cb5ccb2e3772 4cff21d35d8b43b9a2a1ce042bb4f9f9 - default default] Persisted dirty status for tenant:b8bc6614325e49219b5447ebdc2d0a8f on resource:port mark_dirty /usr/lib/python2.7/site-packages/neutron/quota/resource.py:207
2018-09-13 17:58:12.685 11341 INFO neutron.wsgi [req-239a8fdf-eea7-412f-be1f-aa9d16f3ac9d 6bce0e5766c84e1a98c3cb5ccb2e3772 4cff21d35d8b43b9a2a1ce042bb4f9f9 - default default] 10.0.20.20 "DELETE /v2.0/ports/d2333646-3f18-42f6-a9a3-5ff22fd69b92 HTTP/1.1" status: 204  len: 173 time: 1.5987170
2018-09-13 17:58:12.769 11341 DEBUG novaclient.v2.client [-] RESP: [200] Content-Length: 183 Content-Type: application/json Openstack-Api-Version: compute 2.1 X-Openstack-Nova-Api-Version: 2.1 Vary: OpenStack-API-Version, X-OpenStack-Nova-API-Version X-Openstack-Request-Id: req-2ed24692-d20d-4d92-8813-a19ab5c4832f X-Compute-Request-Id: req-2ed24692-d20d-4d92-8813-a19ab5c4832f Date: Thu, 13 Sep 2018 21:58:12 GMT Connection: keep-alive 
RESP BODY: {"events": [{"status": "completed", "tag": "d2333646-3f18-42f6-a9a3-5ff22fd69b92", "name": "network-vif-deleted", "server_uuid": "374cde8a-e826-45d6-8e27-961528894912", "code": 200}]}
 _http_log_response /usr/lib/python2.7/site-packages/keystoneauth1/session.py:423
2018-09-13 17:58:12.770 11341 DEBUG novaclient.v2.client [-] POST call to compute for http://10.0.20.20:8774/v2.1/4eeeddb45ad446a68ed4de7bd550932a/os-server-external-events used request id req-2ed24692-d20d-4d92-8813-a19ab5c4832f request /usr/lib/python2.7/site-packages/keystoneauth1/session.py:727
2018-09-13 17:58:12.771 11341 INFO neutron.notifiers.nova [-] Nova event response: {u'status': u'completed', u'tag': u'd2333646-3f18-42f6-a9a3-5ff22fd69b92', u'name': u'network-vif-deleted', u'server_uuid': u'374cde8a-e826-45d6-8e27-961528894912', u'code': 200}
2018-09-13 17:58:14.774 11341 DEBUG oslo_concurrency.lockutils [-] Lock "notifier-6c59e814-edbc-43d4-871c-0d8d1ea4b1ae" released by "neutron.notifiers.batch_notifier.synced_send" :: held 2.144s inner /usr/lib/python2.7/site-packages/oslo_concurrency/lockutils.py:282
2018-09-13 17:58:19.247 11354 DEBUG neutron_lib.callbacks.manager [req-93c142f8-362a-47a5-924c-e1fe23adc3db - - - - -] Notify callbacks ['neutron.services.segments.db._update_segment_host_mapping_for_agent-8774996312505'] for agent, after_update _notify_loop /usr/lib/python2.7/site-packages/neutron_lib/callbacks/manager.py:167
2018-09-13 17:58:29.277 11347 DEBUG neutron_lib.callbacks.manager [req-5d790c76-13aa-4e04-b3f6-910a55e28b97 - - - - -] Notify callbacks ['neutron.services.segments.db._update_segment_host_mapping_for_agent-8774996312505'] for agent, after_update _notify_loop /usr/lib/python2.7/site-packages/neutron_lib/callbacks/manager.py:167
2018-09-13 17:58:29.433 11352 DEBUG neutron_lib.callbacks.manager [req-be31b7bc-9df9-4415-bed2-ae393d380e70 - - - - -] Notify callbacks ['neutron.services.segments.db._update_segment_host_mapping_for_agent-8774996312505'] for agent, after_update _notify_loop /usr/lib/python2.7/site-packages/neutron_lib/callbacks/manager.py:167
2018-09-13 17:58:29.563 11353 DEBUG neutron_lib.callbacks.manager [req-258ab351-800b-41c3-a32f-90943709604c - - - - -] Notify callbacks ['neutron.services.segments.db._update_segment_host_mapping_for_agent-8774996312505'] for agent, after_update _notify_loop /usr/lib/python2.7/site-packages/neutron_lib/callbacks/manager.py:167
2018-09-13 17:58:30.219 11356 DEBUG neutron.db.agents_db [req-2a97c5f2-eb4d-4ae4-aa32-a09b1dda8606 - - - - -] Agent healthcheck: found 5 active agents agent_health_check /usr/lib/python2.7/site-packages/neutron/db/agents_db.py:281
2018-09-13 17:58:39.072 11355 DEBUG neutron_lib.callbacks.manager [req-c08c2a51-2b74-4628-92b9-33eceae70aa7 - - - - -] Notify callbacks ['neutron.services.segments.db._update_segment_host_mapping_for_agent-8774996312505'] for agent, after_update _notify_loop /usr/lib/python2.7/site-packages/neutron_lib/callbacks/manager.py:167
2018-09-13 17:58:44.874 11346 DEBUG neutron.wsgi [-] (11346) accepted ('10.0.20.20', 50966) server /usr/lib/python2.7/site-packages/eventlet/wsgi.py:883
2018-09-13 17:58:44.881 11346 INFO neutron.wsgi [-] 10.0.20.20 "GET / HTTP/1.1" status: 200  len: 252 time: 0.0062978
2018-09-13 17:58:45.635 11346 INFO neutron.api.v2.resource [req-5e324137-f233-4908-b757-31cacc2eceda 6bce0e5766c84e1a98c3cb5ccb2e3772 4cff21d35d8b43b9a2a1ce042bb4f9f9 - default default] show failed (client error): The resource could not be found.
2018-09-13 17:58:45.637 11346 INFO neutron.wsgi [req-5e324137-f233-4908-b757-31cacc2eceda 6bce0e5766c84e1a98c3cb5ccb2e3772 4cff21d35d8b43b9a2a1ce042bb4f9f9 - default default] 10.0.20.20 "GET /v2.0/routers/tempest-router-1536875342 HTTP/1.1" status: 404  len: 330 time: 0.7500980
2018-09-13 17:58:45.920 11346 INFO neutron.wsgi [req-925a9e93-3c32-4d47-9c90-db79dc215f0e 6bce0e5766c84e1a98c3cb5ccb2e3772 4cff21d35d8b43b9a2a1ce042bb4f9f9 - default default] 10.0.20.20 "GET /v2.0/routers HTTP/1.1" status: 200  len: 1590 time: 0.2734690
2018-09-13 17:58:45.944 11346 DEBUG neutron.api.v2.base [req-1c21864f-77f6-4c14-b10f-d65974620135 6bce0e5766c84e1a98c3cb5ccb2e3772 4cff21d35d8b43b9a2a1ce042bb4f9f9 - default default] Request body: {u'router': {u'external_gateway_info': {}}} prepare_request_body /usr/lib/python2.7/site-packages/neutron/api/v2/base.py:695
2018-09-13 17:58:46.604 11346 DEBUG neutron_lib.callbacks.manager [req-1c21864f-77f6-4c14-b10f-d65974620135 6bce0e5766c84e1a98c3cb5ccb2e3772 4cff21d35d8b43b9a2a1ce042bb4f9f9 - default default] Notify callbacks [] for router_gateway, before_delete _notify_loop /usr/lib/python2.7/site-packages/neutron_lib/callbacks/manager.py:167
2018-09-13 17:58:46.644 11346 DEBUG neutron.plugins.ml2.plugin [req-1c21864f-77f6-4c14-b10f-d65974620135 6bce0e5766c84e1a98c3cb5ccb2e3772 4cff21d35d8b43b9a2a1ce042bb4f9f9 - default default] Deleting port b51d5929-6aff-498f-99dd-5b7759efb77d _pre_delete_port /usr/lib/python2.7/site-packages/neutron/plugins/ml2/plugin.py:1488
2018-09-13 17:58:46.645 11346 DEBUG neutron_lib.callbacks.manager [req-1c21864f-77f6-4c14-b10f-d65974620135 6bce0e5766c84e1a98c3cb5ccb2e3772 4cff21d35d8b43b9a2a1ce042bb4f9f9 - default default] Notify callbacks ['neutron.db.l3_db._prevent_l3_port_delete_callback--9223363261858488956'] for port, before_delete _notify_loop /usr/lib/python2.7/site-packages/neutron_lib/callbacks/manager.py:167
2018-09-13 17:58:47.190 11346 DEBUG neutron.plugins.ml2.db [req-1c21864f-77f6-4c14-b10f-d65974620135 6bce0e5766c84e1a98c3cb5ccb2e3772 4cff21d35d8b43b9a2a1ce042bb4f9f9 - default default] For port b51d5929-6aff-498f-99dd-5b7759efb77d, host localhost.localdomain, got binding levels [<neutron.plugins.ml2.models.PortBindingLevel[object at 7fb166eb7050] {port_id=u'b51d5929-6aff-498f-99dd-5b7759efb77d', host=u'localhost.localdomain', level=0, driver=u'openvswitch', segment_id=u'0b594b1e-02c4-40c3-86a4-6413815669aa'}>] get_binding_levels /usr/lib/python2.7/site-packages/neutron/plugins/ml2/db.py:106
2018-09-13 17:58:47.227 11346 DEBUG neutron.plugins.ml2.plugin [req-1c21864f-77f6-4c14-b10f-d65974620135 6bce0e5766c84e1a98c3cb5ccb2e3772 4cff21d35d8b43b9a2a1ce042bb4f9f9 - default default] Calling delete_port for b51d5929-6aff-498f-99dd-5b7759efb77d owned by network:router_gateway delete_port /usr/lib/python2.7/site-packages/neutron/plugins/ml2/plugin.py:1547
2018-09-13 17:58:47.677 11346 DEBUG neutron_lib.callbacks.manager [req-1c21864f-77f6-4c14-b10f-d65974620135 6bce0e5766c84e1a98c3cb5ccb2e3772 4cff21d35d8b43b9a2a1ce042bb4f9f9 - default default] Notify callbacks ['neutron.plugins.ml2.plugin.Ml2Plugin.notify_sg_on_port_change-1931934', 'neutron.api.rpc.agentnotifiers.dhcp_rpc_agent_api.DhcpAgentNotifyAPI._native_event_send_dhcp_notification-912836', 'neutron.plugins.ml2.ovo_rpc._ObjectChangeHandler.handle_event--9223372036854013628', 'neutron.db.l3_db._notify_routers_callback-8774996293727', 'neutron.db.l3_dvrscheduler_db._notify_port_delete--9223363261858987900'] for port, after_delete _notify_loop /usr/lib/python2.7/site-packages/neutron_lib/callbacks/manager.py:167
2018-09-13 17:58:47.990 11346 DEBUG oslo_concurrency.lockutils [-] Lock "event-dispatch" acquired by "neutron.plugins.ml2.ovo_rpc.dispatch_events" :: waited 0.000s inner /usr/lib/python2.7/site-packages/oslo_concurrency/lockutils.py:270
2018-09-13 17:58:48.081 11346 DEBUG neutron.api.rpc.handlers.resources_rpc [req-1c21864f-77f6-4c14-b10f-d65974620135 6bce0e5766c84e1a98c3cb5ccb2e3772 4cff21d35d8b43b9a2a1ce042bb4f9f9 - - -] neutron.api.rpc.handlers.resources_rpc.ResourcesPushRpcApi method push called with arguments (<neutron_lib.context.Context object at 0x7fb1671ee610>, [Port(admin_state_up=<?>,allowed_address_pairs=<?>,binding=<?>,binding_levels=<?>,created_at=<?>,data_plane_status=<?>,description=<?>,device_id=<?>,device_owner=<?>,dhcp_options=<?>,distributed_binding=<?>,dns=<?>,fixed_ips=<?>,id=b51d5929-6aff-498f-99dd-5b7759efb77d,mac_address=<?>,name=<?>,network_id=<?>,project_id=<?>,qos_policy_id=None,revision_number=<?>,security=<?>,security_group_ids=None,status=<?>,updated_at=<?>)], 'deleted') {} wrapper /usr/lib/python2.7/site-packages/oslo_log/helpers.py:66
2018-09-13 17:58:48.115 11346 DEBUG oslo_concurrency.lockutils [req-1c21864f-77f6-4c14-b10f-d65974620135 6bce0e5766c84e1a98c3cb5ccb2e3772 4cff21d35d8b43b9a2a1ce042bb4f9f9 - - -] Lock "event-dispatch" released by "neutron.plugins.ml2.ovo_rpc.dispatch_events" :: held 0.125s inner /usr/lib/python2.7/site-packages/oslo_concurrency/lockutils.py:282
2018-09-13 17:58:48.129 11346 DEBUG neutron_lib.callbacks.manager [req-1c21864f-77f6-4c14-b10f-d65974620135 6bce0e5766c84e1a98c3cb5ccb2e3772 4cff21d35d8b43b9a2a1ce042bb4f9f9 - default default] Notify callbacks ['neutron.services.l3_router.l3_router_plugin.L3RouterPlugin._delete_dvr_internal_ports-576384'] for router_gateway, after_delete _notify_loop /usr/lib/python2.7/site-packages/neutron_lib/callbacks/manager.py:167
2018-09-13 17:58:48.263 11346 DEBUG neutron_lib.callbacks.manager [req-1c21864f-77f6-4c14-b10f-d65974620135 6bce0e5766c84e1a98c3cb5ccb2e3772 4cff21d35d8b43b9a2a1ce042bb4f9f9 - default default] Notify callbacks ['neutron.services.l3_router.l3_router_plugin.L3RouterPlugin._validate_migration--9223372036854024071', 'neutron.services.l3_router.service_providers.driver_controller.DriverController._update_router_provider--9223372036854763696', 'neutron.services.l3_router.l3_router_plugin.L3RouterPlugin._handle_distributed_migration-576429'] for router, precommit_update _notify_loop /usr/lib/python2.7/site-packages/neutron_lib/callbacks/manager.py:167
2018-09-13 17:58:48.269 11346 DEBUG neutron_lib.callbacks.manager [req-1c21864f-77f6-4c14-b10f-d65974620135 6bce0e5766c84e1a98c3cb5ccb2e3772 4cff21d35d8b43b9a2a1ce042bb4f9f9 - default default] Notify callbacks ['neutron.services.l3_router.l3_router_plugin.L3RouterPlugin._create_snat_interfaces_after_change-576418', 'neutron.services.l3_router.l3_router_plugin.L3RouterPlugin._delete_snat_interfaces_after_change--9223372036854199382', 'neutron.services.l3_router.l3_router_plugin.L3RouterPlugin._reconfigure_ha_resources-751729'] for router, after_update _notify_loop /usr/lib/python2.7/site-packages/neutron_lib/callbacks/manager.py:167
2018-09-13 17:58:48.501 11346 DEBUG neutron.scheduler.l3_agent_scheduler [req-1c21864f-77f6-4c14-b10f-d65974620135 6bce0e5766c84e1a98c3cb5ccb2e3772 4cff21d35d8b43b9a2a1ce042bb4f9f9 - default default] Router 3220cc75-10db-41a3-90df-e7ff7b6db044 has already been hosted by L3 agent dc541052-a402-4423-8a23-121d937110f6 _get_candidates /usr/lib/python2.7/site-packages/neutron/scheduler/l3_agent_scheduler.py:141
2018-09-13 17:58:48.715 11346 DEBUG neutron.api.rpc.agentnotifiers.l3_rpc_agent_api [req-1c21864f-77f6-4c14-b10f-d65974620135 6bce0e5766c84e1a98c3cb5ccb2e3772 4cff21d35d8b43b9a2a1ce042bb4f9f9 - default default] Notify agent at l3_agent.localhost.localdomain the message routers_updated _agent_notification /usr/lib/python2.7/site-packages/neutron/api/rpc/agentnotifiers/l3_rpc_agent_api.py:69
2018-09-13 17:58:48.731 11346 DEBUG neutron.quota.resource [req-1c21864f-77f6-4c14-b10f-d65974620135 6bce0e5766c84e1a98c3cb5ccb2e3772 4cff21d35d8b43b9a2a1ce042bb4f9f9 - default default] Persisted dirty status for tenant: on resource:port mark_dirty /usr/lib/python2.7/site-packages/neutron/quota/resource.py:207
2018-09-13 17:58:48.737 11346 DEBUG neutron_lib.callbacks.manager [req-1c21864f-77f6-4c14-b10f-d65974620135 6bce0e5766c84e1a98c3cb5ccb2e3772 4cff21d35d8b43b9a2a1ce042bb4f9f9 - default default] Notify callbacks [] for router, before_response _notify_loop /usr/lib/python2.7/site-packages/neutron_lib/callbacks/manager.py:167
2018-09-13 17:58:48.742 11346 INFO neutron.wsgi [req-1c21864f-77f6-4c14-b10f-d65974620135 6bce0e5766c84e1a98c3cb5ccb2e3772 4cff21d35d8b43b9a2a1ce042bb4f9f9 - default default] 10.0.20.20 "PUT /v2.0/routers/3220cc75-10db-41a3-90df-e7ff7b6db044 HTTP/1.1" status: 200  len: 728 time: 2.8117931
2018-09-13 17:58:48.783 11356 DEBUG neutron.db.l3_hamode_db [req-5b014e05-2d0b-44e9-9eaa-d93ed5d35b59 - - - - -] neutron.services.l3_router.l3_router_plugin.L3RouterPlugin method get_ha_sync_data_for_host called with arguments (<neutron_lib.context.Context object at 0x7fb167724b50>, u'localhost.localdomain', <neutron.db.models.agent.Agent[object at 7fb167772b90] {id=u'dc541052-a402-4423-8a23-121d937110f6', agent_type=u'L3 agent', binary=u'neutron-l3-agent', topic=u'l3_agent', host=u'localhost.localdomain', availability_zone=u'nova', admin_state_up=True, created_at=datetime.datetime(2018, 8, 30, 12, 16, 29), started_at=datetime.datetime(2018, 9, 13, 21, 25, 49), heartbeat_timestamp=datetime.datetime(2018, 9, 13, 21, 58, 19), description=None, configurations=u'{"agent_mode": "legacy", "gateway_external_network_id": "", "handle_internal_only_routers": true, "routers": 2, "interfaces": 2, "floating_ips": 0, "interface_driver": "neutron.agent.linux.interface.OVSInterfaceDriver", "log_agent_heartbeats": false, "external_network_bridge": "", "ex_gw_ports": 2}', resource_versions=None, load=0}>) {'active': True, 'router_ids': ['3220cc75-10db-41a3-90df-e7ff7b6db044']} wrapper /usr/lib/python2.7/site-packages/oslo_log/helpers.py:66
2018-09-13 17:58:49.459 11349 DEBUG neutron_lib.callbacks.manager [req-f75d90d4-2285-48fd-a1c3-f4cf163f825a - - - - -] Notify callbacks ['neutron.services.segments.db._update_segment_host_mapping_for_agent-8774996312505'] for agent, after_update _notify_loop /usr/lib/python2.7/site-packages/neutron_lib/callbacks/manager.py:167
2018-09-13 17:58:49.756 11356 DEBUG neutron.db.l3_hamode_db [req-5b014e05-2d0b-44e9-9eaa-d93ed5d35b59 - - - - -] neutron.services.l3_router.l3_router_plugin.L3RouterPlugin method _process_sync_ha_data called with arguments (<neutron_lib.context.Context object at 0x7fb167724b50>, [{'status': u'ACTIVE', '_interfaces': [{'status': u'ACTIVE', 'subnets': [{'dns_nameservers': [u'8.8.4.4'], 'ipv6_ra_mode': None, 'gateway_ip': u'11.179.1.1', 'cidr': u'11.179.1.0/24', 'id': u'a4ddebe1-d3f7-4163-ad90-90bbc2c0f743', 'subnetpool_id': None}], 'binding:host_id': u'localhost.localdomain', 'description': u'', 'allowed_address_pairs': [], 'tags': [], 'extra_dhcp_opts': [], 'updated_at': '2018-09-13T21:52:39Z', 'device_owner': u'network:router_interface', 'revision_number': 7, 'port_security_enabled': False, 'binding:profile': {}, 'mtu': 1450, 'fixed_ips': [{'subnet_id': u'a4ddebe1-d3f7-4163-ad90-90bbc2c0f743', 'prefixlen': 24, 'ip_address': u'11.179.1.1'}], 'id': u'df426d48-b21a-421c-a49c-52fc4486bbc8', 'security_groups': [], 'device_id': u'3220cc75-10db-41a3-90df-e7ff7b6db044', 'name': u'', 'admin_state_up': True, 'network_id': u'6fd9ea4d-85a7-46ae-a830-497f9c91f46c', 'tenant_id': u'b8bc6614325e49219b5447ebdc2d0a8f', 'binding:vif_details': {u'port_filter': True, u'datapath_type': u'system', u'ovs_hybrid_plug': True}, 'address_scopes': {4: None, 6: None}, 'binding:vnic_type': u'normal', 'binding:vif_type': u'ovs', 'mac_address': u'fa:16:3e:f1:d1:1c', 'project_id': u'b8bc6614325e49219b5447ebdc2d0a8f', 'extra_subnets': [], 'created_at': '2018-09-13T21:52:31Z'}], 'ha_vr_id': 0, 'description': u'', 'tags': [], 'updated_at': '2018-09-13T21:58:47Z', 'revision_number': 7, 'ha': False, 'id': u'3220cc75-10db-41a3-90df-e7ff7b6db044', 'external_gateway_info': None, 'availability_zone_hints': [], 'availability_zones': [u'nova'], 'name': u'tempest-router-1536875342', 'gw_port_id': None, 'admin_state_up': True, 'tenant_id': u'b8bc6614325e49219b5447ebdc2d0a8f', 'created_at': '2018-09-13T21:52:07Z', 'distributed': False, 'flavor_id': None, 'routes': [], 'project_id': u'b8bc6614325e49219b5447ebdc2d0a8f'}], u'localhost.localdomain', False) {} wrapper /usr/lib/python2.7/site-packages/oslo_log/helpers.py:66
2018-09-13 17:58:49.772 11356 DEBUG neutron.api.rpc.handlers.l3_rpc [req-5b014e05-2d0b-44e9-9eaa-d93ed5d35b59 - - - - -] Checking router: 3220cc75-10db-41a3-90df-e7ff7b6db044 for host: localhost.localdomain _ensure_host_set_on_ports /usr/lib/python2.7/site-packages/neutron/api/rpc/handlers/l3_rpc.py:135
2018-09-13 17:58:50.849 11349 DEBUG neutron.plugins.ml2.rpc [req-c08c2a51-2b74-4628-92b9-33eceae70aa7 - - - - -] Device b51d5929-6aff-498f-99dd-5b7759efb77d no longer exists at agent ovs-agent-localhost.localdomain update_device_down /usr/lib/python2.7/site-packages/neutron/plugins/ml2/rpc.py:213
2018-09-13 17:58:50.953 11349 DEBUG neutron.plugins.ml2.plugin [req-c08c2a51-2b74-4628-92b9-33eceae70aa7 - - - - -] No Port match for: b51d5929-6aff-498f-99dd-5b7759efb77d port_bound_to_host /usr/lib/python2.7/site-packages/neutron/plugins/ml2/plugin.py:1806
2018-09-13 17:58:50.954 11349 DEBUG neutron.plugins.ml2.rpc [req-c08c2a51-2b74-4628-92b9-33eceae70aa7 - - - - -] Device b51d5929-6aff-498f-99dd-5b7759efb77d not bound to the agent host localhost.localdomain update_device_down /usr/lib/python2.7/site-packages/neutron/plugins/ml2/rpc.py:221
2018-09-13 17:58:58.110 11346 DEBUG neutron.wsgi [-] (11346) accepted ('10.0.20.20', 51424) server /usr/lib/python2.7/site-packages/eventlet/wsgi.py:883
2018-09-13 17:58:58.114 11346 INFO neutron.wsgi [-] 10.0.20.20 "GET / HTTP/1.1" status: 200  len: 252 time: 0.0025411
2018-09-13 17:58:58.754 11346 INFO neutron.api.v2.resource [req-aba4b5d9-31d9-4679-80ea-7ed9d7976c17 6bce0e5766c84e1a98c3cb5ccb2e3772 4cff21d35d8b43b9a2a1ce042bb4f9f9 - default default] show failed (client error): The resource could not be found.
2018-09-13 17:58:58.756 11346 INFO neutron.wsgi [req-aba4b5d9-31d9-4679-80ea-7ed9d7976c17 6bce0e5766c84e1a98c3cb5ccb2e3772 4cff21d35d8b43b9a2a1ce042bb4f9f9 - default default] 10.0.20.20 "GET /v2.0/routers/tempest-router-1536875342 HTTP/1.1" status: 404  len: 330 time: 0.6367722
2018-09-13 17:58:58.946 11346 INFO neutron.wsgi [req-88c7ab57-ed24-4d34-9080-e3cf57d19a7d 6bce0e5766c84e1a98c3cb5ccb2e3772 4cff21d35d8b43b9a2a1ce042bb4f9f9 - default default] 10.0.20.20 "GET /v2.0/routers HTTP/1.1" status: 200  len: 1412 time: 0.1831090
2018-09-13 17:58:59.056 11346 INFO neutron.wsgi [req-1ba039f4-0371-47ec-a07b-6d884b58c3d3 6bce0e5766c84e1a98c3cb5ccb2e3772 4cff21d35d8b43b9a2a1ce042bb4f9f9 - default default] 10.0.20.20 "GET /v2.0/ports?device_id=3220cc75-10db-41a3-90df-e7ff7b6db044 HTTP/1.1" status: 200  len: 1099 time: 0.1032209
2018-09-13 17:58:59.285 11351 DEBUG neutron_lib.callbacks.manager [req-5d790c76-13aa-4e04-b3f6-910a55e28b97 - - - - -] Notify callbacks ['neutron.services.segments.db._update_segment_host_mapping_for_agent-8774996312505'] for agent, after_update _notify_loop /usr/lib/python2.7/site-packages/neutron_lib/callbacks/manager.py:167
2018-09-13 17:58:59.431 11350 DEBUG neutron_lib.callbacks.manager [req-ec33bd47-82dc-4ecd-b070-abd31fcc98a2 - - - - -] Notify callbacks ['neutron.services.segments.db._update_segment_host_mapping_for_agent-8774996312505'] for agent, after_update _notify_loop /usr/lib/python2.7/site-packages/neutron_lib/callbacks/manager.py:167
2018-09-13 17:58:59.553 11348 DEBUG neutron_lib.callbacks.manager [req-258ab351-800b-41c3-a32f-90943709604c - - - - -] Notify callbacks ['neutron.services.segments.db._update_segment_host_mapping_for_agent-8774996312505'] for agent, after_update _notify_loop /usr/lib/python2.7/site-packages/neutron_lib/callbacks/manager.py:167
2018-09-13 17:59:05.442 11341 DEBUG neutron.wsgi [-] (11341) accepted ('10.0.20.20', 51430) server /usr/lib/python2.7/site-packages/eventlet/wsgi.py:883
2018-09-13 17:59:05.450 11341 INFO neutron.wsgi [-] 10.0.20.20 "GET / HTTP/1.1" status: 200  len: 252 time: 0.0042539
2018-09-13 17:59:06.126 11341 INFO neutron.wsgi [req-a7d6433d-d5a6-47f2-906f-d76ee4d43f50 6bce0e5766c84e1a98c3cb5ccb2e3772 4cff21d35d8b43b9a2a1ce042bb4f9f9 - default default] 10.0.20.20 "GET /v2.0/ports/df426d48-b21a-421c-a49c-52fc4486bbc8 HTTP/1.1" status: 200  len: 1096 time: 0.6711578
2018-09-13 17:59:06.284 11341 INFO neutron.api.v2.resource [req-dda8ab5d-d1ff-494e-bbf3-5c93e6088f15 6bce0e5766c84e1a98c3cb5ccb2e3772 4cff21d35d8b43b9a2a1ce042bb4f9f9 - default default] show failed (client error): The resource could not be found.
2018-09-13 17:59:06.286 11341 INFO neutron.wsgi [req-dda8ab5d-d1ff-494e-bbf3-5c93e6088f15 6bce0e5766c84e1a98c3cb5ccb2e3772 4cff21d35d8b43b9a2a1ce042bb4f9f9 - default default] 10.0.20.20 "GET /v2.0/routers/tempest-router-1536875342 HTTP/1.1" status: 404  len: 330 time: 0.1501210
2018-09-13 17:59:06.506 11341 INFO neutron.wsgi [req-6acc57ff-023c-4809-b462-55b9b06dc8cb 6bce0e5766c84e1a98c3cb5ccb2e3772 4cff21d35d8b43b9a2a1ce042bb4f9f9 - default default] 10.0.20.20 "GET /v2.0/routers HTTP/1.1" status: 200  len: 1412 time: 0.2134531
2018-09-13 17:59:07.217 11356 DEBUG neutron.db.agents_db [req-2a97c5f2-eb4d-4ae4-aa32-a09b1dda8606 - - - - -] Agent healthcheck: found 5 active agents agent_health_check /usr/lib/python2.7/site-packages/neutron/db/agents_db.py:281
2018-09-13 17:59:07.378 11341 DEBUG neutron_lib.callbacks.manager [req-909f17db-8dad-43c8-a438-7c539917dd69 6bce0e5766c84e1a98c3cb5ccb2e3772 4cff21d35d8b43b9a2a1ce042bb4f9f9 - default default] Notify callbacks [] for router_interface, before_delete _notify_loop /usr/lib/python2.7/site-packages/neutron_lib/callbacks/manager.py:167
2018-09-13 17:59:07.563 11341 DEBUG neutron.plugins.ml2.plugin [req-909f17db-8dad-43c8-a438-7c539917dd69 6bce0e5766c84e1a98c3cb5ccb2e3772 4cff21d35d8b43b9a2a1ce042bb4f9f9 - default default] Deleting port df426d48-b21a-421c-a49c-52fc4486bbc8 _pre_delete_port /usr/lib/python2.7/site-packages/neutron/plugins/ml2/plugin.py:1488
2018-09-13 17:59:07.563 11341 DEBUG neutron_lib.callbacks.manager [req-909f17db-8dad-43c8-a438-7c539917dd69 6bce0e5766c84e1a98c3cb5ccb2e3772 4cff21d35d8b43b9a2a1ce042bb4f9f9 - default default] Notify callbacks ['neutron.db.l3_db._prevent_l3_port_delete_callback--9223363261858488956'] for port, before_delete _notify_loop /usr/lib/python2.7/site-packages/neutron_lib/callbacks/manager.py:167
2018-09-13 17:59:07.895 11341 DEBUG neutron.plugins.ml2.db [req-909f17db-8dad-43c8-a438-7c539917dd69 6bce0e5766c84e1a98c3cb5ccb2e3772 4cff21d35d8b43b9a2a1ce042bb4f9f9 - default default] For port df426d48-b21a-421c-a49c-52fc4486bbc8, host localhost.localdomain, got binding levels [<neutron.plugins.ml2.models.PortBindingLevel[object at 7fb166ee7a10] {port_id=u'df426d48-b21a-421c-a49c-52fc4486bbc8', host=u'localhost.localdomain', level=0, driver=u'openvswitch', segment_id=u'a371ed1d-558b-4215-8e5d-0c03ea40b162'}>] get_binding_levels /usr/lib/python2.7/site-packages/neutron/plugins/ml2/db.py:106
2018-09-13 17:59:07.935 11341 DEBUG neutron.plugins.ml2.plugin [req-909f17db-8dad-43c8-a438-7c539917dd69 6bce0e5766c84e1a98c3cb5ccb2e3772 4cff21d35d8b43b9a2a1ce042bb4f9f9 - default default] Calling delete_port for df426d48-b21a-421c-a49c-52fc4486bbc8 owned by network:router_interface delete_port /usr/lib/python2.7/site-packages/neutron/plugins/ml2/plugin.py:1547
2018-09-13 17:59:08.265 11341 DEBUG neutron_lib.callbacks.manager [req-909f17db-8dad-43c8-a438-7c539917dd69 6bce0e5766c84e1a98c3cb5ccb2e3772 4cff21d35d8b43b9a2a1ce042bb4f9f9 - default default] Notify callbacks ['neutron.plugins.ml2.plugin.Ml2Plugin.notify_sg_on_port_change-1931934', 'neutron.api.rpc.agentnotifiers.dhcp_rpc_agent_api.DhcpAgentNotifyAPI._native_event_send_dhcp_notification-912836', 'neutron.plugins.ml2.ovo_rpc._ObjectChangeHandler.handle_event--9223372036854013628', 'neutron.db.l3_db._notify_routers_callback-8774996293727', 'neutron.db.l3_dvrscheduler_db._notify_port_delete--9223363261858987900'] for port, after_delete _notify_loop /usr/lib/python2.7/site-packages/neutron_lib/callbacks/manager.py:167
2018-09-13 17:59:08.544 11341 DEBUG oslo_concurrency.lockutils [-] Lock "event-dispatch" acquired by "neutron.plugins.ml2.ovo_rpc.dispatch_events" :: waited 0.000s inner /usr/lib/python2.7/site-packages/oslo_concurrency/lockutils.py:270
2018-09-13 17:59:08.629 11341 DEBUG neutron.api.rpc.handlers.resources_rpc [req-909f17db-8dad-43c8-a438-7c539917dd69 6bce0e5766c84e1a98c3cb5ccb2e3772 4cff21d35d8b43b9a2a1ce042bb4f9f9 - - -] neutron.api.rpc.handlers.resources_rpc.ResourcesPushRpcApi method push called with arguments (<neutron_lib.context.Context object at 0x7fb16758e710>, [Port(admin_state_up=<?>,allowed_address_pairs=<?>,binding=<?>,binding_levels=<?>,created_at=<?>,data_plane_status=<?>,description=<?>,device_id=<?>,device_owner=<?>,dhcp_options=<?>,distributed_binding=<?>,dns=<?>,fixed_ips=<?>,id=df426d48-b21a-421c-a49c-52fc4486bbc8,mac_address=<?>,name=<?>,network_id=<?>,project_id=<?>,qos_policy_id=None,revision_number=<?>,security=<?>,security_group_ids=None,status=<?>,updated_at=<?>)], 'deleted') {} wrapper /usr/lib/python2.7/site-packages/oslo_log/helpers.py:66
2018-09-13 17:59:08.636 11341 DEBUG oslo_concurrency.lockutils [req-909f17db-8dad-43c8-a438-7c539917dd69 6bce0e5766c84e1a98c3cb5ccb2e3772 4cff21d35d8b43b9a2a1ce042bb4f9f9 - - -] Lock "event-dispatch" released by "neutron.plugins.ml2.ovo_rpc.dispatch_events" :: held 0.092s inner /usr/lib/python2.7/site-packages/oslo_concurrency/lockutils.py:282
2018-09-13 17:59:08.763 11341 DEBUG neutron_lib.callbacks.manager [req-909f17db-8dad-43c8-a438-7c539917dd69 6bce0e5766c84e1a98c3cb5ccb2e3772 4cff21d35d8b43b9a2a1ce042bb4f9f9 - default default] Notify callbacks ['neutron.services.l3_router.l3_router_plugin.L3RouterPlugin._cleanup_after_interface_removal-575183', 'neutron.api.rpc.agentnotifiers.dhcp_rpc_agent_api.DhcpAgentNotifyAPI._after_router_interface_deleted--9223372036853862964'] for router_interface, after_delete _notify_loop /usr/lib/python2.7/site-packages/neutron_lib/callbacks/manager.py:167
2018-09-13 17:59:09.082 11354 DEBUG neutron_lib.callbacks.manager [req-c08c2a51-2b74-4628-92b9-33eceae70aa7 - - - - -] Notify callbacks ['neutron.services.segments.db._update_segment_host_mapping_for_agent-8774996312505'] for agent, after_update _notify_loop /usr/lib/python2.7/site-packages/neutron_lib/callbacks/manager.py:167
2018-09-13 17:59:09.315 11341 DEBUG neutron.scheduler.l3_agent_scheduler [req-909f17db-8dad-43c8-a438-7c539917dd69 6bce0e5766c84e1a98c3cb5ccb2e3772 4cff21d35d8b43b9a2a1ce042bb4f9f9 - default default] Router 3220cc75-10db-41a3-90df-e7ff7b6db044 has already been hosted by L3 agent dc541052-a402-4423-8a23-121d937110f6 _get_candidates /usr/lib/python2.7/site-packages/neutron/scheduler/l3_agent_scheduler.py:141
2018-09-13 17:59:09.538 11341 DEBUG neutron.api.rpc.agentnotifiers.l3_rpc_agent_api [req-909f17db-8dad-43c8-a438-7c539917dd69 6bce0e5766c84e1a98c3cb5ccb2e3772 4cff21d35d8b43b9a2a1ce042bb4f9f9 - default default] Notify agent at l3_agent.localhost.localdomain the message routers_updated _agent_notification /usr/lib/python2.7/site-packages/neutron/api/rpc/agentnotifiers/l3_rpc_agent_api.py:69
2018-09-13 17:59:09.571 11341 DEBUG neutron.quota.resource [req-909f17db-8dad-43c8-a438-7c539917dd69 6bce0e5766c84e1a98c3cb5ccb2e3772 4cff21d35d8b43b9a2a1ce042bb4f9f9 - default default] Persisted dirty status for tenant:b8bc6614325e49219b5447ebdc2d0a8f on resource:port mark_dirty /usr/lib/python2.7/site-packages/neutron/quota/resource.py:207
2018-09-13 17:59:09.576 11341 INFO neutron.wsgi [req-909f17db-8dad-43c8-a438-7c539917dd69 6bce0e5766c84e1a98c3cb5ccb2e3772 4cff21d35d8b43b9a2a1ce042bb4f9f9 - default default] 10.0.20.20 "PUT /v2.0/routers/3220cc75-10db-41a3-90df-e7ff7b6db044/remove_router_interface HTTP/1.1" status: 200  len: 508 time: 3.0609119
2018-09-13 17:59:09.592 11351 DEBUG neutron.db.l3_hamode_db [req-d18e048e-4f16-43ba-a2f9-0c1cb959d403 - - - - -] neutron.services.l3_router.l3_router_plugin.L3RouterPlugin method get_ha_sync_data_for_host called with arguments (<neutron_lib.context.Context object at 0x7fb167a79b50>, u'localhost.localdomain', <neutron.db.models.agent.Agent[object at 7fb167a79a90] {id=u'dc541052-a402-4423-8a23-121d937110f6', agent_type=u'L3 agent', binary=u'neutron-l3-agent', topic=u'l3_agent', host=u'localhost.localdomain', availability_zone=u'nova', admin_state_up=True, created_at=datetime.datetime(2018, 8, 30, 12, 16, 29), started_at=datetime.datetime(2018, 9, 13, 21, 25, 49), heartbeat_timestamp=datetime.datetime(2018, 9, 13, 21, 58, 49), description=None, configurations=u'{"agent_mode": "legacy", "gateway_external_network_id": "", "handle_internal_only_routers": true, "routers": 2, "interfaces": 2, "floating_ips": 0, "interface_driver": "neutron.agent.linux.interface.OVSInterfaceDriver", "log_agent_heartbeats": false, "external_network_bridge": "", "ex_gw_ports": 2}', resource_versions=None, load=0}>) {'active': True, 'router_ids': ['3220cc75-10db-41a3-90df-e7ff7b6db044']} wrapper /usr/lib/python2.7/site-packages/oslo_log/helpers.py:66
2018-09-13 17:59:09.891 11351 DEBUG neutron.db.l3_hamode_db [req-d18e048e-4f16-43ba-a2f9-0c1cb959d403 - - - - -] neutron.services.l3_router.l3_router_plugin.L3RouterPlugin method _process_sync_ha_data called with arguments (<neutron_lib.context.Context object at 0x7fb167a79b50>, [{'status': u'ACTIVE', 'ha_vr_id': 0, 'description': u'', 'tags': [], 'updated_at': '2018-09-13T21:59:08Z', 'revision_number': 8, 'ha': False, 'id': u'3220cc75-10db-41a3-90df-e7ff7b6db044', 'external_gateway_info': None, 'availability_zone_hints': [], 'availability_zones': [u'nova'], 'name': u'tempest-router-1536875342', 'gw_port_id': None, 'admin_state_up': True, 'tenant_id': u'b8bc6614325e49219b5447ebdc2d0a8f', 'created_at': '2018-09-13T21:52:07Z', 'distributed': False, 'flavor_id': None, 'routes': [], 'project_id': u'b8bc6614325e49219b5447ebdc2d0a8f'}], u'localhost.localdomain', False) {} wrapper /usr/lib/python2.7/site-packages/oslo_log/helpers.py:66
2018-09-13 17:59:09.900 11351 DEBUG neutron.api.rpc.handlers.l3_rpc [req-d18e048e-4f16-43ba-a2f9-0c1cb959d403 - - - - -] Checking router: 3220cc75-10db-41a3-90df-e7ff7b6db044 for host: localhost.localdomain _ensure_host_set_on_ports /usr/lib/python2.7/site-packages/neutron/api/rpc/handlers/l3_rpc.py:135
2018-09-13 17:59:10.875 11348 DEBUG neutron.plugins.ml2.rpc [req-c08c2a51-2b74-4628-92b9-33eceae70aa7 - - - - -] Device df426d48-b21a-421c-a49c-52fc4486bbc8 no longer exists at agent ovs-agent-localhost.localdomain update_device_down /usr/lib/python2.7/site-packages/neutron/plugins/ml2/rpc.py:213
2018-09-13 17:59:10.939 11348 DEBUG neutron.plugins.ml2.plugin [req-c08c2a51-2b74-4628-92b9-33eceae70aa7 - - - - -] No Port match for: df426d48-b21a-421c-a49c-52fc4486bbc8 port_bound_to_host /usr/lib/python2.7/site-packages/neutron/plugins/ml2/plugin.py:1806
2018-09-13 17:59:10.940 11348 DEBUG neutron.plugins.ml2.rpc [req-c08c2a51-2b74-4628-92b9-33eceae70aa7 - - - - -] Device df426d48-b21a-421c-a49c-52fc4486bbc8 not bound to the agent host localhost.localdomain update_device_down /usr/lib/python2.7/site-packages/neutron/plugins/ml2/rpc.py:221
2018-09-13 17:59:17.728 11340 DEBUG neutron.wsgi [-] (11340) accepted ('10.0.20.20', 51444) server /usr/lib/python2.7/site-packages/eventlet/wsgi.py:883
2018-09-13 17:59:17.735 11340 INFO neutron.wsgi [-] 10.0.20.20 "GET / HTTP/1.1" status: 200  len: 252 time: 0.0047011
2018-09-13 17:59:18.608 11340 INFO neutron.api.v2.resource [req-4e9a5c13-9b41-414e-8c13-168c856b976d 6bce0e5766c84e1a98c3cb5ccb2e3772 4cff21d35d8b43b9a2a1ce042bb4f9f9 - default default] show failed (client error): The resource could not be found.
2018-09-13 17:59:18.611 11340 INFO neutron.wsgi [req-4e9a5c13-9b41-414e-8c13-168c856b976d 6bce0e5766c84e1a98c3cb5ccb2e3772 4cff21d35d8b43b9a2a1ce042bb4f9f9 - default default] 10.0.20.20 "GET /v2.0/routers/tempest-router-1536875342 HTTP/1.1" status: 404  len: 330 time: 0.8717389
2018-09-13 17:59:18.893 11340 INFO neutron.wsgi [req-6652e419-22fe-42f3-8f0c-5996517191c7 6bce0e5766c84e1a98c3cb5ccb2e3772 4cff21d35d8b43b9a2a1ce042bb4f9f9 - default default] 10.0.20.20 "GET /v2.0/routers HTTP/1.1" status: 200  len: 1412 time: 0.2706621
2018-09-13 17:59:19.130 11340 DEBUG neutron_lib.callbacks.manager [req-938bc9cc-ce30-425c-9f32-22f7d642d6dd 6bce0e5766c84e1a98c3cb5ccb2e3772 4cff21d35d8b43b9a2a1ce042bb4f9f9 - default default] Notify callbacks [] for router, before_delete _notify_loop /usr/lib/python2.7/site-packages/neutron_lib/callbacks/manager.py:167
2018-09-13 17:59:19.268 11347 DEBUG neutron_lib.callbacks.manager [req-c5c5a136-73c0-4a53-bb2d-c52a5bd6829d - - - - -] Notify callbacks ['neutron.services.segments.db._update_segment_host_mapping_for_agent-8774996312505'] for agent, after_update _notify_loop /usr/lib/python2.7/site-packages/neutron_lib/callbacks/manager.py:167
2018-09-13 17:59:19.672 11340 DEBUG neutron_lib.callbacks.manager [req-938bc9cc-ce30-425c-9f32-22f7d642d6dd 6bce0e5766c84e1a98c3cb5ccb2e3772 4cff21d35d8b43b9a2a1ce042bb4f9f9 - default default] Notify callbacks ['neutron.services.l3_router.l3_router_plugin.L3RouterPlugin._release_router_vr_id--9223372036854024097', 'neutron.services.l3_router.service_providers.driver_controller.DriverController._clear_router_provider-12123'] for router, precommit_delete _notify_loop /usr/lib/python2.7/site-packages/neutron_lib/callbacks/manager.py:167
2018-09-13 17:59:19.916 11340 DEBUG neutron_lib.callbacks.manager [req-938bc9cc-ce30-425c-9f32-22f7d642d6dd 6bce0e5766c84e1a98c3cb5ccb2e3772 4cff21d35d8b43b9a2a1ce042bb4f9f9 - default default] Notify callbacks ['neutron.services.l3_router.l3_router_plugin.L3RouterPlugin._cleanup_ha_network-751658'] for router, after_delete _notify_loop /usr/lib/python2.7/site-packages/neutron_lib/callbacks/manager.py:167
2018-09-13 17:59:19.919 11340 DEBUG neutron.api.rpc.agentnotifiers.l3_rpc_agent_api [req-938bc9cc-ce30-425c-9f32-22f7d642d6dd 6bce0e5766c84e1a98c3cb5ccb2e3772 4cff21d35d8b43b9a2a1ce042bb4f9f9 - default default] Fanout notify agent at l3_agent the message router_deleted on router 3220cc75-10db-41a3-90df-e7ff7b6db044 _notification_fanout /usr/lib/python2.7/site-packages/neutron/api/rpc/agentnotifiers/l3_rpc_agent_api.py:118
2018-09-13 17:59:19.954 11340 DEBUG neutron.quota.resource [req-938bc9cc-ce30-425c-9f32-22f7d642d6dd 6bce0e5766c84e1a98c3cb5ccb2e3772 4cff21d35d8b43b9a2a1ce042bb4f9f9 - default default] Persisted dirty status for tenant:b8bc6614325e49219b5447ebdc2d0a8f on resource:router mark_dirty /usr/lib/python2.7/site-packages/neutron/quota/resource.py:207
2018-09-13 17:59:19.968 11340 DEBUG neutron_lib.callbacks.manager [req-938bc9cc-ce30-425c-9f32-22f7d642d6dd 6bce0e5766c84e1a98c3cb5ccb2e3772 4cff21d35d8b43b9a2a1ce042bb4f9f9 - default default] Notify callbacks [] for router, before_response _notify_loop /usr/lib/python2.7/site-packages/neutron_lib/callbacks/manager.py:167
2018-09-13 17:59:19.971 11340 INFO neutron.wsgi [req-938bc9cc-ce30-425c-9f32-22f7d642d6dd 6bce0e5766c84e1a98c3cb5ccb2e3772 4cff21d35d8b43b9a2a1ce042bb4f9f9 - default default] 10.0.20.20 "DELETE /v2.0/routers/3220cc75-10db-41a3-90df-e7ff7b6db044 HTTP/1.1" status: 204  len: 173 time: 1.0658090
2018-09-13 17:59:28.885 11339 DEBUG neutron.wsgi [-] (11339) accepted ('10.0.20.20', 51452) server /usr/lib/python2.7/site-packages/eventlet/wsgi.py:883
2018-09-13 17:59:28.890 11339 INFO neutron.wsgi [-] 10.0.20.20 "GET / HTTP/1.1" status: 200  len: 252 time: 0.0032959
2018-09-13 17:59:29.306 11352 DEBUG neutron_lib.callbacks.manager [req-5d790c76-13aa-4e04-b3f6-910a55e28b97 - - - - -] Notify callbacks ['neutron.services.segments.db._update_segment_host_mapping_for_agent-8774996312505'] for agent, after_update _notify_loop /usr/lib/python2.7/site-packages/neutron_lib/callbacks/manager.py:167
2018-09-13 17:59:29.475 11353 DEBUG neutron_lib.callbacks.manager [req-23e5828e-36bd-4270-b33a-886fa1f2a836 - - - - -] Notify callbacks ['neutron.services.segments.db._update_segment_host_mapping_for_agent-8774996312505'] for agent, after_update _notify_loop /usr/lib/python2.7/site-packages/neutron_lib/callbacks/manager.py:167
2018-09-13 17:59:29.566 11355 DEBUG neutron_lib.callbacks.manager [req-258ab351-800b-41c3-a32f-90943709604c - - - - -] Notify callbacks ['neutron.services.segments.db._update_segment_host_mapping_for_agent-8774996312505'] for agent, after_update _notify_loop /usr/lib/python2.7/site-packages/neutron_lib/callbacks/manager.py:167
2018-09-13 17:59:29.733 11339 INFO neutron.pecan_wsgi.hooks.translation [req-822a1fed-c2bb-4dd6-9dc2-0445bb415425 6bce0e5766c84e1a98c3cb5ccb2e3772 4cff21d35d8b43b9a2a1ce042bb4f9f9 - default default] GET failed (client error): The resource could not be found.
2018-09-13 17:59:29.737 11339 INFO neutron.wsgi [req-822a1fed-c2bb-4dd6-9dc2-0445bb415425 6bce0e5766c84e1a98c3cb5ccb2e3772 4cff21d35d8b43b9a2a1ce042bb4f9f9 - default default] 10.0.20.20 "GET /v2.0/networks/tempest-private-1536875342 HTTP/1.1" status: 404  len: 334 time: 0.8420289
2018-09-13 17:59:30.159 11339 DEBUG neutron.pecan_wsgi.hooks.policy_enforcement [req-0e980c98-573e-49c4-b0e9-246fbd95f50c 6bce0e5766c84e1a98c3cb5ccb2e3772 4cff21d35d8b43b9a2a1ce042bb4f9f9 - default default] Attributes excluded by policy engine: [u'vlan_transparent'] _exclude_attributes_by_policy /usr/lib/python2.7/site-packages/neutron/pecan_wsgi/hooks/policy_enforcement.py:256
2018-09-13 17:59:30.160 11339 DEBUG neutron.pecan_wsgi.hooks.policy_enforcement [req-0e980c98-573e-49c4-b0e9-246fbd95f50c 6bce0e5766c84e1a98c3cb5ccb2e3772 4cff21d35d8b43b9a2a1ce042bb4f9f9 - default default] Attributes excluded by policy engine: [u'vlan_transparent'] _exclude_attributes_by_policy /usr/lib/python2.7/site-packages/neutron/pecan_wsgi/hooks/policy_enforcement.py:256
2018-09-13 17:59:30.161 11339 DEBUG neutron.pecan_wsgi.hooks.policy_enforcement [req-0e980c98-573e-49c4-b0e9-246fbd95f50c 6bce0e5766c84e1a98c3cb5ccb2e3772 4cff21d35d8b43b9a2a1ce042bb4f9f9 - default default] Attributes excluded by policy engine: [u'vlan_transparent'] _exclude_attributes_by_policy /usr/lib/python2.7/site-packages/neutron/pecan_wsgi/hooks/policy_enforcement.py:256
2018-09-13 17:59:30.164 11339 INFO neutron.wsgi [req-0e980c98-573e-49c4-b0e9-246fbd95f50c 6bce0e5766c84e1a98c3cb5ccb2e3772 4cff21d35d8b43b9a2a1ce042bb4f9f9 - default default] 10.0.20.20 "GET /v2.0/networks HTTP/1.1" status: 200  len: 2214 time: 0.4177458
2018-09-13 17:59:30.376 11339 INFO neutron.wsgi [req-19f83a70-5af0-4379-a1db-1018730955b8 6bce0e5766c84e1a98c3cb5ccb2e3772 4cff21d35d8b43b9a2a1ce042bb4f9f9 - default default] 10.0.20.20 "GET /v2.0/ports?network_id=6fd9ea4d-85a7-46ae-a830-497f9c91f46c HTTP/1.1" status: 200  len: 1128 time: 0.1994190
2018-09-13 17:59:39.089 11349 DEBUG neutron_lib.callbacks.manager [req-c08c2a51-2b74-4628-92b9-33eceae70aa7 - - - - -] Notify callbacks ['neutron.services.segments.db._update_segment_host_mapping_for_agent-8774996312505'] for agent, after_update _notify_loop /usr/lib/python2.7/site-packages/neutron_lib/callbacks/manager.py:167
2018-09-13 17:59:39.102 11341 DEBUG neutron.wsgi [-] (11341) accepted ('10.0.20.20', 51460) server /usr/lib/python2.7/site-packages/eventlet/wsgi.py:883
2018-09-13 17:59:39.105 11341 INFO neutron.wsgi [-] 10.0.20.20 "GET / HTTP/1.1" status: 200  len: 252 time: 0.0018110
2018-09-13 17:59:39.853 11341 INFO neutron.wsgi [req-8e6c845e-fdde-4142-9941-1df96c465f87 6bce0e5766c84e1a98c3cb5ccb2e3772 4cff21d35d8b43b9a2a1ce042bb4f9f9 - default default] 10.0.20.20 "GET /v2.0/ports/fe801543-c510-4264-82d3-02a26df3056b HTTP/1.1" status: 200  len: 1125 time: 0.7414272
2018-09-13 17:59:40.267 11341 DEBUG neutron.plugins.ml2.plugin [req-22475200-fd27-4a0f-937d-666d39f6f1bc 6bce0e5766c84e1a98c3cb5ccb2e3772 4cff21d35d8b43b9a2a1ce042bb4f9f9 - default default] Deleting port fe801543-c510-4264-82d3-02a26df3056b _pre_delete_port /usr/lib/python2.7/site-packages/neutron/plugins/ml2/plugin.py:1488
2018-09-13 17:59:40.268 11341 DEBUG neutron_lib.callbacks.manager [req-22475200-fd27-4a0f-937d-666d39f6f1bc 6bce0e5766c84e1a98c3cb5ccb2e3772 4cff21d35d8b43b9a2a1ce042bb4f9f9 - default default] Notify callbacks ['neutron.db.l3_db._prevent_l3_port_delete_callback--9223363261858488956'] for port, before_delete _notify_loop /usr/lib/python2.7/site-packages/neutron_lib/callbacks/manager.py:167
2018-09-13 17:59:40.786 11341 DEBUG neutron.plugins.ml2.db [req-22475200-fd27-4a0f-937d-666d39f6f1bc 6bce0e5766c84e1a98c3cb5ccb2e3772 4cff21d35d8b43b9a2a1ce042bb4f9f9 - default default] For port fe801543-c510-4264-82d3-02a26df3056b, host localhost.localdomain, got binding levels [<neutron.plugins.ml2.models.PortBindingLevel[object at 7fb167496c50] {port_id=u'fe801543-c510-4264-82d3-02a26df3056b', host=u'localhost.localdomain', level=0, driver=u'openvswitch', segment_id=u'a371ed1d-558b-4215-8e5d-0c03ea40b162'}>] get_binding_levels /usr/lib/python2.7/site-packages/neutron/plugins/ml2/db.py:106
2018-09-13 17:59:40.829 11341 DEBUG neutron.plugins.ml2.plugin [req-22475200-fd27-4a0f-937d-666d39f6f1bc 6bce0e5766c84e1a98c3cb5ccb2e3772 4cff21d35d8b43b9a2a1ce042bb4f9f9 - default default] Calling delete_port for fe801543-c510-4264-82d3-02a26df3056b owned by network:dhcp delete_port /usr/lib/python2.7/site-packages/neutron/plugins/ml2/plugin.py:1547
2018-09-13 17:59:41.106 11341 DEBUG neutron_lib.callbacks.manager [req-22475200-fd27-4a0f-937d-666d39f6f1bc 6bce0e5766c84e1a98c3cb5ccb2e3772 4cff21d35d8b43b9a2a1ce042bb4f9f9 - default default] Notify callbacks ['neutron.plugins.ml2.plugin.Ml2Plugin.notify_sg_on_port_change-1931934', 'neutron.api.rpc.agentnotifiers.dhcp_rpc_agent_api.DhcpAgentNotifyAPI._native_event_send_dhcp_notification-912836', 'neutron.plugins.ml2.ovo_rpc._ObjectChangeHandler.handle_event--9223372036854013628', 'neutron.db.l3_db._notify_routers_callback-8774996293727', 'neutron.db.l3_dvrscheduler_db._notify_port_delete--9223363261858987900'] for port, after_delete _notify_loop /usr/lib/python2.7/site-packages/neutron_lib/callbacks/manager.py:167
2018-09-13 17:59:41.544 11341 DEBUG oslo_concurrency.lockutils [-] Lock "event-dispatch" acquired by "neutron.plugins.ml2.ovo_rpc.dispatch_events" :: waited 0.001s inner /usr/lib/python2.7/site-packages/oslo_concurrency/lockutils.py:270
2018-09-13 17:59:41.622 11351 DEBUG neutron.api.rpc.handlers.dhcp_rpc [req-cf27f1c6-d9d4-4228-a0d0-bff5b4a7e94a - - - - -] DHCP port deletion for 6fd9ea4d-85a7-46ae-a830-497f9c91f46c request from localhost.localdomain release_dhcp_port /usr/lib/python2.7/site-packages/neutron/api/rpc/handlers/dhcp_rpc.py:246
2018-09-13 17:59:41.746 11341 DEBUG neutron.api.rpc.handlers.resources_rpc [req-22475200-fd27-4a0f-937d-666d39f6f1bc 6bce0e5766c84e1a98c3cb5ccb2e3772 4cff21d35d8b43b9a2a1ce042bb4f9f9 - - -] neutron.api.rpc.handlers.resources_rpc.ResourcesPushRpcApi method push called with arguments (<neutron_lib.context.Context object at 0x7fb167801fd0>, [Port(admin_state_up=<?>,allowed_address_pairs=<?>,binding=<?>,binding_levels=<?>,created_at=<?>,data_plane_status=<?>,description=<?>,device_id=<?>,device_owner=<?>,dhcp_options=<?>,distributed_binding=<?>,dns=<?>,fixed_ips=<?>,id=fe801543-c510-4264-82d3-02a26df3056b,mac_address=<?>,name=<?>,network_id=<?>,project_id=<?>,qos_policy_id=None,revision_number=<?>,security=<?>,security_group_ids=None,status=<?>,updated_at=<?>)], 'deleted') {} wrapper /usr/lib/python2.7/site-packages/oslo_log/helpers.py:66
2018-09-13 17:59:41.768 11341 DEBUG neutron.db.l3_dvrscheduler_db [req-22475200-fd27-4a0f-937d-666d39f6f1bc 6bce0e5766c84e1a98c3cb5ccb2e3772 4cff21d35d8b43b9a2a1ce042bb4f9f9 - default default] No DVR routers for this DVR port fe801543-c510-4264-82d3-02a26df3056b on host localhost.localdomain get_dvr_routers_to_remove /usr/lib/python2.7/site-packages/neutron/db/l3_dvrscheduler_db.py:191
2018-09-13 17:59:41.777 11341 DEBUG neutron_lib.callbacks.manager [req-22475200-fd27-4a0f-937d-666d39f6f1bc 6bce0e5766c84e1a98c3cb5ccb2e3772 4cff21d35d8b43b9a2a1ce042bb4f9f9 - default default] Notify callbacks ['neutron.notifiers.nova.Notifier._send_nova_notification--9223372036854775502'] for port, before_response _notify_loop /usr/lib/python2.7/site-packages/neutron_lib/callbacks/manager.py:167
2018-09-13 17:59:41.783 11341 DEBUG neutron.api.rpc.callbacks.version_manager [req-22475200-fd27-4a0f-937d-666d39f6f1bc 6bce0e5766c84e1a98c3cb5ccb2e3772 4cff21d35d8b43b9a2a1ce042bb4f9f9 - - -] Version for resource type Subnet changed None to 1.0 on consumer Open vSwitch agent@localhost.localdomain _set_version /usr/lib/python2.7/site-packages/neutron/api/rpc/callbacks/version_manager.py:119
2018-09-13 17:59:41.784 11341 DEBUG neutron.api.rpc.callbacks.version_manager [req-22475200-fd27-4a0f-937d-666d39f6f1bc 6bce0e5766c84e1a98c3cb5ccb2e3772 4cff21d35d8b43b9a2a1ce042bb4f9f9 - - -] Version for resource type Network changed None to 1.0 on consumer Open vSwitch agent@localhost.localdomain _set_version /usr/lib/python2.7/site-packages/neutron/api/rpc/callbacks/version_manager.py:119
2018-09-13 17:59:41.785 11341 DEBUG neutron.api.rpc.callbacks.version_manager [req-22475200-fd27-4a0f-937d-666d39f6f1bc 6bce0e5766c84e1a98c3cb5ccb2e3772 4cff21d35d8b43b9a2a1ce042bb4f9f9 - - -] Version for resource type SubPort changed None to 1.0 on consumer Open vSwitch agent@localhost.localdomain _set_version /usr/lib/python2.7/site-packages/neutron/api/rpc/callbacks/version_manager.py:119
