2018-06-27 03:31:12.569 26119 INFO neutron.wsgi [req-73e12781-40c4-4b81-8a64-a0eac8c9106c 41f81b51431f44bd96d368d9b49cd4bd 688c18a1c85f4751b329806136ced2ee - default default] 10.0.20.22 "GET /v2.0/networks HTTP/1.1" status: 200  len: 2214 time: 0.3086100
2018-06-27 03:31:13.242 26119 DEBUG neutron.api.v2.base [req-374745d6-b6ed-45ec-b30a-589bbe967923 41f81b51431f44bd96d368d9b49cd4bd 688c18a1c85f4751b329806136ced2ee - default default] Request body: {u'floatingip': {u'floating_network_id': u'2ce34dd7-df32-4a77-980f-3c1215fa4847', u'tenant_id': u'f14f81b89b40412baac16affb8793d77'}} prepare_request_body /usr/lib/python2.7/site-packages/neutron/api/v2/base.py:695
2018-06-27 03:31:13.245 26119 INFO neutron.quota [req-374745d6-b6ed-45ec-b30a-589bbe967923 41f81b51431f44bd96d368d9b49cd4bd 688c18a1c85f4751b329806136ced2ee - default default] Loaded quota_driver: <neutron.db.quota.driver.DbQuotaDriver object at 0x7f4822d40310>.
2018-06-27 03:31:13.258 26119 DEBUG neutron.db.quota.driver [req-374745d6-b6ed-45ec-b30a-589bbe967923 41f81b51431f44bd96d368d9b49cd4bd 688c18a1c85f4751b329806136ced2ee - default default] Resources subnetpool have unlimited quota limit. It is not required to calculate headroom  make_reservation /usr/lib/python2.7/site-packages/neutron/db/quota/driver.py:223
2018-06-27 03:31:13.271 26119 DEBUG neutron.quota.resource [req-374745d6-b6ed-45ec-b30a-589bbe967923 41f81b51431f44bd96d368d9b49cd4bd 688c18a1c85f4751b329806136ced2ee - default default] Usage tracker for resource:floatingip and tenant:f14f81b89b40412baac16affb8793d77 is out of sync, need to count used quota count_used /usr/lib/python2.7/site-packages/neutron/quota/resource.py:274
2018-06-27 03:31:13.297 26119 DEBUG neutron.quota.resource [req-374745d6-b6ed-45ec-b30a-589bbe967923 41f81b51431f44bd96d368d9b49cd4bd 688c18a1c85f4751b329806136ced2ee - default default] Quota usage for floatingip was recalculated. Used quota:0. count_used /usr/lib/python2.7/site-packages/neutron/quota/resource.py:293
2018-06-27 03:31:13.351 26119 DEBUG neutron.db.quota.driver [req-374745d6-b6ed-45ec-b30a-589bbe967923 41f81b51431f44bd96d368d9b49cd4bd 688c18a1c85f4751b329806136ced2ee - default default] Attempting to reserve 1 items for resource floatingip. Total usage: 0; quota limit: 50; headroom:50 make_reservation /usr/lib/python2.7/site-packages/neutron/db/quota/driver.py:255
2018-06-27 03:31:13.699 26119 DEBUG neutron_lib.callbacks.manager [req-374745d6-b6ed-45ec-b30a-589bbe967923 41f81b51431f44bd96d368d9b49cd4bd 688c18a1c85f4751b329806136ced2ee - default default] Notify callbacks ['neutron.plugins.ml2.plugin.Ml2Plugin._ensure_default_security_group_handler--9223372036854065560'] for port, before_create _notify_loop /usr/lib/python2.7/site-packages/neutron_lib/callbacks/manager.py:167
2018-06-27 03:31:14.277 26119 DEBUG neutron.db.db_base_plugin_common [req-374745d6-b6ed-45ec-b30a-589bbe967923 41f81b51431f44bd96d368d9b49cd4bd 688c18a1c85f4751b329806136ced2ee - default default] Allocated IP 172.24.4.11 (2ce34dd7-df32-4a77-980f-3c1215fa4847/482aeca8-a24a-4c41-a222-a086cb79ba31/8077ca85-8e77-4c28-901a-0df253229f5c) _store_ip_allocation /usr/lib/python2.7/site-packages/neutron/db/db_base_plugin_common.py:122
2018-06-27 03:31:14.797 26119 DEBUG neutron_lib.callbacks.manager [req-374745d6-b6ed-45ec-b30a-589bbe967923 41f81b51431f44bd96d368d9b49cd4bd 688c18a1c85f4751b329806136ced2ee - default default] Notify callbacks [] for port, precommit_create _notify_loop /usr/lib/python2.7/site-packages/neutron_lib/callbacks/manager.py:167
2018-06-27 03:31:14.888 26119 DEBUG neutron_lib.callbacks.manager [req-374745d6-b6ed-45ec-b30a-589bbe967923 41f81b51431f44bd96d368d9b49cd4bd 688c18a1c85f4751b329806136ced2ee - default default] Notify callbacks ['neutron.api.rpc.agentnotifiers.dhcp_rpc_agent_api.DhcpAgentNotifyAPI._native_event_send_dhcp_notification-8018719', 'neutron.plugins.ml2.ovo_rpc._ObjectChangeHandler.handle_event-8123686', 'neutron.plugins.ml2.plugin.Ml2Plugin.notify_sg_on_port_change-710357', 'neutron.db.l3_dvrscheduler_db._notify_l3_agent_new_port--9223363290116559966'] for port, after_create _notify_loop /usr/lib/python2.7/site-packages/neutron_lib/callbacks/manager.py:167
2018-06-27 03:31:15.131 26119 DEBUG neutron.scheduler.dhcp_agent_scheduler [req-374745d6-b6ed-45ec-b30a-589bbe967923 41f81b51431f44bd96d368d9b49cd4bd 688c18a1c85f4751b329806136ced2ee - default default] Network 2ce34dd7-df32-4a77-980f-3c1215fa4847 is already hosted by enough agents. _get_dhcp_agents_hosting_network /usr/lib/python2.7/site-packages/neutron/scheduler/dhcp_agent_scheduler.py:243
2018-06-27 03:31:15.156 26119 DEBUG neutron.db.l3_dvrscheduler_db [req-374745d6-b6ed-45ec-b30a-589bbe967923 41f81b51431f44bd96d368d9b49cd4bd 688c18a1c85f4751b329806136ced2ee - default default] Received port after_create _notify_l3_agent_new_port /usr/lib/python2.7/site-packages/neutron/db/l3_dvrscheduler_db.py:392
2018-06-27 03:31:15.162 26119 DEBUG oslo_concurrency.lockutils [-] Lock "event-dispatch" acquired by "neutron.plugins.ml2.ovo_rpc.dispatch_events" :: waited 0.000s inner /usr/lib/python2.7/site-packages/oslo_concurrency/lockutils.py:270
2018-06-27 03:31:15.432 26119 DEBUG neutron.api.rpc.handlers.resources_rpc [req-374745d6-b6ed-45ec-b30a-589bbe967923 41f81b51431f44bd96d368d9b49cd4bd 688c18a1c85f4751b329806136ced2ee - - -] neutron.api.rpc.handlers.resources_rpc.ResourcesPushRpcApi method push called with arguments (<neutron_lib.context.Context object at 0x7f482261f250>, [Port(admin_state_up=True,allowed_address_pairs=[],binding=PortBinding,binding_levels=[],created_at=2018-06-27T01:31:14Z,data_plane_status=<?>,description='',device_id='PENDING',device_owner='network:floatingip',dhcp_options=[],distributed_binding=None,dns=None,fixed_ips=[IPAllocation],id=8077ca85-8e77-4c28-901a-0df253229f5c,mac_address=fa:16:3e:10:b0:7b,name='',network_id=2ce34dd7-df32-4a77-980f-3c1215fa4847,project_id='',qos_policy_id=None,revision_number=3,security=PortSecurity(8077ca85-8e77-4c28-901a-0df253229f5c),security_group_ids=set([]),status='N/A',updated_at=2018-06-27T01:31:14Z)], 'updated') {} wrapper /usr/lib/python2.7/site-packages/oslo_log/helpers.py:66
2018-06-27 03:31:15.465 26119 DEBUG neutron.api.rpc.callbacks.version_manager [req-374745d6-b6ed-45ec-b30a-589bbe967923 41f81b51431f44bd96d368d9b49cd4bd 688c18a1c85f4751b329806136ced2ee - - -] Version for resource type Subnet changed None to 1.0 on consumer Open vSwitch agent@localhost.localdomain _set_version /usr/lib/python2.7/site-packages/neutron/api/rpc/callbacks/version_manager.py:119
2018-06-27 03:31:15.466 26119 DEBUG neutron.api.rpc.callbacks.version_manager [req-374745d6-b6ed-45ec-b30a-589bbe967923 41f81b51431f44bd96d368d9b49cd4bd 688c18a1c85f4751b329806136ced2ee - - -] Version for resource type Network changed None to 1.0 on consumer Open vSwitch agent@localhost.localdomain _set_version /usr/lib/python2.7/site-packages/neutron/api/rpc/callbacks/version_manager.py:119
2018-06-27 03:31:15.468 26119 DEBUG neutron.api.rpc.callbacks.version_manager [req-374745d6-b6ed-45ec-b30a-589bbe967923 41f81b51431f44bd96d368d9b49cd4bd 688c18a1c85f4751b329806136ced2ee - - -] Version for resource type SubPort changed None to 1.0 on consumer Open vSwitch agent@localhost.localdomain _set_version /usr/lib/python2.7/site-packages/neutron/api/rpc/callbacks/version_manager.py:119
2018-06-27 03:31:15.469 26119 DEBUG neutron.api.rpc.callbacks.version_manager [req-374745d6-b6ed-45ec-b30a-589bbe967923 41f81b51431f44bd96d368d9b49cd4bd 688c18a1c85f4751b329806136ced2ee - - -] Version for resource type SecurityGroup changed None to 1.0 on consumer Open vSwitch agent@localhost.localdomain _set_version /usr/lib/python2.7/site-packages/neutron/api/rpc/callbacks/version_manager.py:119
2018-06-27 03:31:15.492 26119 DEBUG neutron.api.rpc.callbacks.version_manager [req-374745d6-b6ed-45ec-b30a-589bbe967923 41f81b51431f44bd96d368d9b49cd4bd 688c18a1c85f4751b329806136ced2ee - - -] Version for resource type SecurityGroupRule changed None to 1.0 on consumer Open vSwitch agent@localhost.localdomain _set_version /usr/lib/python2.7/site-packages/neutron/api/rpc/callbacks/version_manager.py:119
2018-06-27 03:31:15.493 26119 DEBUG neutron.api.rpc.callbacks.version_manager [req-374745d6-b6ed-45ec-b30a-589bbe967923 41f81b51431f44bd96d368d9b49cd4bd 688c18a1c85f4751b329806136ced2ee - - -] Version for resource type Trunk changed None to 1.1 on consumer Open vSwitch agent@localhost.localdomain _set_version /usr/lib/python2.7/site-packages/neutron/api/rpc/callbacks/version_manager.py:119
2018-06-27 03:31:15.494 26119 DEBUG neutron.api.rpc.callbacks.version_manager [req-374745d6-b6ed-45ec-b30a-589bbe967923 41f81b51431f44bd96d368d9b49cd4bd 688c18a1c85f4751b329806136ced2ee - - -] Version for resource type QosPolicy changed None to 1.6 on consumer Open vSwitch agent@localhost.localdomain _set_version /usr/lib/python2.7/site-packages/neutron/api/rpc/callbacks/version_manager.py:119
2018-06-27 03:31:15.495 26119 DEBUG neutron.api.rpc.callbacks.version_manager [req-374745d6-b6ed-45ec-b30a-589bbe967923 41f81b51431f44bd96d368d9b49cd4bd 688c18a1c85f4751b329806136ced2ee - - -] Version for resource type Port changed None to 1.1 on consumer Open vSwitch agent@localhost.localdomain _set_version /usr/lib/python2.7/site-packages/neutron/api/rpc/callbacks/version_manager.py:119
2018-06-27 03:31:15.495 26119 DEBUG neutron.api.rpc.callbacks.version_manager [req-374745d6-b6ed-45ec-b30a-589bbe967923 41f81b51431f44bd96d368d9b49cd4bd 688c18a1c85f4751b329806136ced2ee - - -] Version for resource type Log changed None to 1.0 on consumer Open vSwitch agent@localhost.localdomain _set_version /usr/lib/python2.7/site-packages/neutron/api/rpc/callbacks/version_manager.py:119
2018-06-27 03:31:15.593 26119 DEBUG oslo_concurrency.lockutils [req-374745d6-b6ed-45ec-b30a-589bbe967923 41f81b51431f44bd96d368d9b49cd4bd 688c18a1c85f4751b329806136ced2ee - - -] Lock "event-dispatch" released by "neutron.plugins.ml2.ovo_rpc.dispatch_events" :: held 0.431s inner /usr/lib/python2.7/site-packages/oslo_concurrency/lockutils.py:282
2018-06-27 03:31:15.628 26119 DEBUG neutron_lib.callbacks.manager [req-374745d6-b6ed-45ec-b30a-589bbe967923 41f81b51431f44bd96d368d9b49cd4bd 688c18a1c85f4751b329806136ced2ee - default default] Notify callbacks ['neutron.plugins.ml2.plugin.Ml2Plugin._ensure_default_security_group_handler--9223372036854065560'] for port, before_update _notify_loop /usr/lib/python2.7/site-packages/neutron_lib/callbacks/manager.py:167
2018-06-27 03:31:16.403 26119 DEBUG neutron_lib.callbacks.manager [req-374745d6-b6ed-45ec-b30a-589bbe967923 41f81b51431f44bd96d368d9b49cd4bd 688c18a1c85f4751b329806136ced2ee - default default] Notify callbacks [] for port, precommit_update _notify_loop /usr/lib/python2.7/site-packages/neutron_lib/callbacks/manager.py:167
2018-06-27 03:31:16.444 26119 DEBUG neutron_lib.callbacks.manager [req-374745d6-b6ed-45ec-b30a-589bbe967923 41f81b51431f44bd96d368d9b49cd4bd 688c18a1c85f4751b329806136ced2ee - default default] Notify callbacks ['neutron.db.l3_dvrscheduler_db._notify_l3_agent_port_update--9223363290116559951', 'neutron.api.rpc.agentnotifiers.dhcp_rpc_agent_api.DhcpAgentNotifyAPI._native_event_send_dhcp_notification-8018719', 'neutron.plugins.ml2.ovo_rpc._ObjectChangeHandler.handle_event-8123686', 'neutron.plugins.ml2.plugin.Ml2Plugin.notify_sg_on_port_change-710357', 'neutron.db.l3_hascheduler_db._notify_l3_agent_ha_port_update-8746738216453'] for port, after_update _notify_loop /usr/lib/python2.7/site-packages/neutron_lib/callbacks/manager.py:167
2018-06-27 03:31:16.869 26119 DEBUG neutron_lib.callbacks.manager [req-374745d6-b6ed-45ec-b30a-589bbe967923 41f81b51431f44bd96d368d9b49cd4bd 688c18a1c85f4751b329806136ced2ee - default default] Notify callbacks ['neutron.services.l3_router.l3_router_plugin.L3RouterPlugin._create_dvr_floating_gw_port-7872464'] for floatingip, after_update _notify_loop /usr/lib/python2.7/site-packages/neutron_lib/callbacks/manager.py:167
2018-06-27 03:31:16.879 26119 DEBUG oslo_concurrency.lockutils [-] Lock "event-dispatch" acquired by "neutron.plugins.ml2.ovo_rpc.dispatch_events" :: waited 0.000s inner /usr/lib/python2.7/site-packages/oslo_concurrency/lockutils.py:270
2018-06-27 03:31:17.047 26119 DEBUG neutron.quota.resource [req-374745d6-b6ed-45ec-b30a-589bbe967923 41f81b51431f44bd96d368d9b49cd4bd 688c18a1c85f4751b329806136ced2ee - default default] Persisted dirty status for tenant:f14f81b89b40412baac16affb8793d77 on resource:floatingip mark_dirty /usr/lib/python2.7/site-packages/neutron/quota/resource.py:207
2018-06-27 03:31:17.059 26119 DEBUG neutron.quota.resource [req-374745d6-b6ed-45ec-b30a-589bbe967923 41f81b51431f44bd96d368d9b49cd4bd 688c18a1c85f4751b329806136ced2ee - default default] Persisted dirty status for tenant: on resource:port mark_dirty /usr/lib/python2.7/site-packages/neutron/quota/resource.py:207
2018-06-27 03:31:17.077 26119 DEBUG neutron.api.rpc.handlers.resources_rpc [req-374745d6-b6ed-45ec-b30a-589bbe967923 41f81b51431f44bd96d368d9b49cd4bd 688c18a1c85f4751b329806136ced2ee - - -] neutron.api.rpc.handlers.resources_rpc.ResourcesPushRpcApi method push called with arguments (<neutron_lib.context.Context object at 0x7f48228f1e10>, [Port(admin_state_up=True,allowed_address_pairs=[],binding=PortBinding,binding_levels=[],created_at=2018-06-27T01:31:14Z,data_plane_status=<?>,description='',device_id='b4d16bf7-71d5-4ebd-b117-b54e241c79bd',device_owner='network:floatingip',dhcp_options=[],distributed_binding=None,dns=None,fixed_ips=[IPAllocation],id=8077ca85-8e77-4c28-901a-0df253229f5c,mac_address=fa:16:3e:10:b0:7b,name='',network_id=2ce34dd7-df32-4a77-980f-3c1215fa4847,project_id='',qos_policy_id=None,revision_number=4,security=PortSecurity(8077ca85-8e77-4c28-901a-0df253229f5c),security_group_ids=set([]),status='N/A',updated_at=2018-06-27T01:31:15Z)], 'updated') {} wrapper /usr/lib/python2.7/site-packages/oslo_log/helpers.py:66
2018-06-27 03:31:17.092 26119 DEBUG oslo_concurrency.lockutils [req-374745d6-b6ed-45ec-b30a-589bbe967923 41f81b51431f44bd96d368d9b49cd4bd 688c18a1c85f4751b329806136ced2ee - - -] Lock "event-dispatch" released by "neutron.plugins.ml2.ovo_rpc.dispatch_events" :: held 0.213s inner /usr/lib/python2.7/site-packages/oslo_concurrency/lockutils.py:282
2018-06-27 03:31:17.094 26119 DEBUG neutron_lib.callbacks.manager [req-374745d6-b6ed-45ec-b30a-589bbe967923 41f81b51431f44bd96d368d9b49cd4bd 688c18a1c85f4751b329806136ced2ee - default default] Notify callbacks ['neutron.notifiers.nova.Notifier._send_nova_notification--9223372036854770992'] for floatingip, before_response _notify_loop /usr/lib/python2.7/site-packages/neutron_lib/callbacks/manager.py:167
2018-06-27 03:31:17.096 26119 INFO neutron.wsgi [req-374745d6-b6ed-45ec-b30a-589bbe967923 41f81b51431f44bd96d368d9b49cd4bd 688c18a1c85f4751b329806136ced2ee - default default] 10.0.20.22 "POST /v2.0/floatingips HTTP/1.1" status: 201  len: 675 time: 3.8753600
2018-06-27 03:31:17.390 26140 DEBUG neutron_lib.callbacks.manager [req-92fa9c69-2d09-47a9-80a3-91afbf3be164 - - - - -] Notify callbacks ['neutron.services.segments.db._update_segment_host_mapping_for_agent-8746738578482'] for agent, after_update _notify_loop /usr/lib/python2.7/site-packages/neutron_lib/callbacks/manager.py:167
2018-06-27 03:31:18.515 26135 DEBUG neutron_lib.callbacks.manager [req-1d28b8c9-085b-4de3-9f25-cb71eb88f0d8 - - - - -] Notify callbacks ['neutron.services.segments.db._update_segment_host_mapping_for_agent-8746738578482'] for agent, after_update _notify_loop /usr/lib/python2.7/site-packages/neutron_lib/callbacks/manager.py:167
2018-06-27 03:31:18.523 26138 DEBUG neutron_lib.callbacks.manager [req-42b0066a-3231-475b-bbac-328baa4ed8ee - - - - -] Notify callbacks ['neutron.services.segments.db._update_segment_host_mapping_for_agent-8746738578482'] for agent, after_update _notify_loop /usr/lib/python2.7/site-packages/neutron_lib/callbacks/manager.py:167
2018-06-27 03:31:19.074 26130 DEBUG neutron_lib.callbacks.manager [req-b890360d-de0d-4e7d-9bb8-3049ba856b4e - - - - -] Notify callbacks ['neutron.services.segments.db._update_segment_host_mapping_for_agent-8746738578482'] for agent, after_update _notify_loop /usr/lib/python2.7/site-packages/neutron_lib/callbacks/manager.py:167
2018-06-27 03:31:20.001 26139 DEBUG neutron_lib.callbacks.manager [req-89a46397-5972-49d3-9316-fda8aab951f2 - - - - -] Notify callbacks ['neutron.services.segments.db._update_segment_host_mapping_for_agent-8746738578482'] for agent, after_update _notify_loop /usr/lib/python2.7/site-packages/neutron_lib/callbacks/manager.py:167
2018-06-27 03:31:29.113 26122 INFO neutron.wsgi [req-9a67bfe1-d945-4dd8-af61-71b739667582 8d51c6595f7b4b648f3775454a985b0c e3731f8202904eebb3e6658e91a6b0b5 - default default] 10.0.20.22 "GET /v2.0/ports?device_id=16284a65-36f2-4255-86d6-b81c2fa00542 HTTP/1.1" status: 200  len: 1125 time: 0.5466051
2018-06-27 03:31:29.150 26126 INFO neutron.wsgi [req-e712327f-666c-432b-84ce-47cdd7c50399 a729f7c2f57c4eb69259c53b5fc4c9a5 f14f81b89b40412baac16affb8793d77 - 386726ffc5fc4befabcbe8af3d61c9d9 386726ffc5fc4befabcbe8af3d61c9d9] 10.0.20.22 "GET /v2.0/ports?device_id=16284a65-36f2-4255-86d6-b81c2fa00542 HTTP/1.1" status: 200  len: 1125 time: 0.5086880
2018-06-27 03:31:29.247 26122 INFO neutron.wsgi [req-afd20d64-fb9e-4b80-832e-8118e6ba8e44 8d51c6595f7b4b648f3775454a985b0c e3731f8202904eebb3e6658e91a6b0b5 - default default] 10.0.20.22 "GET /v2.0/security-groups?id=f4f1c631-6438-4fd3-afbb-f5c899297650 HTTP/1.1" status: 200  len: 2118 time: 0.1268730
2018-06-27 03:31:29.270 26126 INFO neutron.wsgi [req-e8dca790-92b4-4357-b92c-dbd90fe06ccc a729f7c2f57c4eb69259c53b5fc4c9a5 f14f81b89b40412baac16affb8793d77 - 386726ffc5fc4befabcbe8af3d61c9d9 386726ffc5fc4befabcbe8af3d61c9d9] 10.0.20.22 "GET /v2.0/security-groups?id=f4f1c631-6438-4fd3-afbb-f5c899297650 HTTP/1.1" status: 200  len: 2118 time: 0.1138659
2018-06-27 03:31:29.553 26126 INFO neutron.wsgi [req-ae34ae10-bdbe-4a46-9091-c77470bcafed a729f7c2f57c4eb69259c53b5fc4c9a5 f14f81b89b40412baac16affb8793d77 - 386726ffc5fc4befabcbe8af3d61c9d9 386726ffc5fc4befabcbe8af3d61c9d9] 10.0.20.22 "GET /v2.0/ports?device_owner=compute%3Anova&device_id=16284a65-36f2-4255-86d6-b81c2fa00542 HTTP/1.1" status: 200  len: 1125 time: 0.1332879
2018-06-27 03:31:29.623 26126 INFO neutron.wsgi [req-97d07cf3-716d-4cf6-8cbb-4cbfd263d643 a729f7c2f57c4eb69259c53b5fc4c9a5 f14f81b89b40412baac16affb8793d77 - 386726ffc5fc4befabcbe8af3d61c9d9 386726ffc5fc4befabcbe8af3d61c9d9] 10.0.20.22 "GET /v2.0/floatingips?floating_ip_address=172.24.4.11 HTTP/1.1" status: 200  len: 673 time: 0.0643880
2018-06-27 03:31:29.653 26126 DEBUG neutron.api.v2.base [req-89303342-6c5f-420a-996f-589cc4d8e571 a729f7c2f57c4eb69259c53b5fc4c9a5 f14f81b89b40412baac16affb8793d77 - 386726ffc5fc4befabcbe8af3d61c9d9 386726ffc5fc4befabcbe8af3d61c9d9] Request body: {u'floatingip': {u'fixed_ip_address': u'11.161.1.12', u'port_id': u'30fffc86-2ec6-4f29-bb8d-0bd985335fc6'}} prepare_request_body /usr/lib/python2.7/site-packages/neutron/api/v2/base.py:695
2018-06-27 03:31:30.042 26126 DEBUG neutron_lib.callbacks.manager [req-89303342-6c5f-420a-996f-589cc4d8e571 a729f7c2f57c4eb69259c53b5fc4c9a5 f14f81b89b40412baac16affb8793d77 - 386726ffc5fc4befabcbe8af3d61c9d9 386726ffc5fc4befabcbe8af3d61c9d9] Notify callbacks ['neutron.services.l3_router.l3_router_plugin.L3RouterPlugin._create_dvr_floating_gw_port-7872464'] for floatingip, after_update _notify_loop /usr/lib/python2.7/site-packages/neutron_lib/callbacks/manager.py:167
2018-06-27 03:31:30.619 26126 DEBUG neutron.scheduler.l3_agent_scheduler [req-89303342-6c5f-420a-996f-589cc4d8e571 a729f7c2f57c4eb69259c53b5fc4c9a5 f14f81b89b40412baac16affb8793d77 - 386726ffc5fc4befabcbe8af3d61c9d9 386726ffc5fc4befabcbe8af3d61c9d9] Router 1c507e70-222c-4f9d-88e9-1ac4c2f12aeb has already been hosted by L3 agent 02b9079f-1e37-44d1-b612-ac2f663faf90 _get_candidates /usr/lib/python2.7/site-packages/neutron/scheduler/l3_agent_scheduler.py:141
2018-06-27 03:31:30.823 26126 DEBUG neutron.api.rpc.agentnotifiers.l3_rpc_agent_api [req-89303342-6c5f-420a-996f-589cc4d8e571 a729f7c2f57c4eb69259c53b5fc4c9a5 f14f81b89b40412baac16affb8793d77 - 386726ffc5fc4befabcbe8af3d61c9d9 386726ffc5fc4befabcbe8af3d61c9d9] Notify agent at l3_agent.localhost.localdomain the message routers_updated _agent_notification /usr/lib/python2.7/site-packages/neutron/api/rpc/agentnotifiers/l3_rpc_agent_api.py:69
2018-06-27 03:31:30.853 26126 DEBUG neutron_lib.callbacks.manager [req-89303342-6c5f-420a-996f-589cc4d8e571 a729f7c2f57c4eb69259c53b5fc4c9a5 f14f81b89b40412baac16affb8793d77 - 386726ffc5fc4befabcbe8af3d61c9d9 386726ffc5fc4befabcbe8af3d61c9d9] Notify callbacks ['neutron.notifiers.nova.Notifier._send_nova_notification--9223372036854770992'] for floatingip, before_response _notify_loop /usr/lib/python2.7/site-packages/neutron_lib/callbacks/manager.py:167
2018-06-27 03:31:30.878 26135 DEBUG neutron.db.l3_hamode_db [req-ce2ed9e3-23bf-4c7a-a9d5-57814b737ed4 - - - - -] neutron.services.l3_router.l3_router_plugin.L3RouterPlugin method get_ha_sync_data_for_host called with arguments (<neutron_lib.context.Context object at 0x7f4822e7e650>, u'localhost.localdomain', <neutron.db.models.agent.Agent[object at 7f482309d350] {id=u'02b9079f-1e37-44d1-b612-ac2f663faf90', agent_type=u'L3 agent', binary=u'neutron-l3-agent', topic=u'l3_agent', host=u'localhost.localdomain', availability_zone=u'nova', admin_state_up=True, created_at=datetime.datetime(2018, 6, 20, 16, 53, 44), started_at=datetime.datetime(2018, 6, 27, 1, 10, 18), heartbeat_timestamp=datetime.datetime(2018, 6, 27, 1, 31, 18), description=None, configurations=u'{"agent_mode": "legacy", "gateway_external_network_id": "", "handle_internal_only_routers": true, "routers": 2, "interfaces": 2, "floating_ips": 0, "interface_driver": "neutron.agent.linux.interface.OVSInterfaceDriver", "log_agent_heartbeats": false, "external_network_bridge": "", "ex_gw_ports": 2}', resource_versions=None, load=0}>) {'active': True, 'router_ids': ['1c507e70-222c-4f9d-88e9-1ac4c2f12aeb']} wrapper /usr/lib/python2.7/site-packages/oslo_log/helpers.py:66
2018-06-27 03:31:30.968 26141 DEBUG neutron.db.agents_db [req-9caad84c-78ac-4d61-ab06-88ddeb08d2dd - - - - -] Agent healthcheck: found 5 active agents agent_health_check /usr/lib/python2.7/site-packages/neutron/db/agents_db.py:281
2018-06-27 03:31:31.420 26126 INFO neutron.wsgi [req-89303342-6c5f-420a-996f-589cc4d8e571 a729f7c2f57c4eb69259c53b5fc4c9a5 f14f81b89b40412baac16affb8793d77 - 386726ffc5fc4befabcbe8af3d61c9d9 386726ffc5fc4befabcbe8af3d61c9d9] 10.0.20.22 "PUT /v2.0/floatingips/b4d16bf7-71d5-4ebd-b117-b54e241c79bd HTTP/1.1" status: 200  len: 747 time: 1.7903252
2018-06-27 03:31:31.421 26126 DEBUG oslo_concurrency.lockutils [-] Lock "notifier-b6b5ad3c-6011-4f73-b02c-227bf21cd5a7" acquired by "neutron.notifiers.batch_notifier.synced_send" :: waited 0.000s inner /usr/lib/python2.7/site-packages/oslo_concurrency/lockutils.py:270
2018-06-27 03:31:31.422 26126 DEBUG neutron.notifiers.nova [-] Sending events: [{'tag': u'30fffc86-2ec6-4f29-bb8d-0bd985335fc6', 'name': 'network-changed', 'server_uuid': u'16284a65-36f2-4255-86d6-b81c2fa00542'}] send_events /usr/lib/python2.7/site-packages/neutron/notifiers/nova.py:242
2018-06-27 03:31:31.426 26126 DEBUG novaclient.v2.client [-] REQ: curl -g -i -X POST http://10.0.20.22:8774/v2.1/e3731f8202904eebb3e6658e91a6b0b5/os-server-external-events -H "User-Agent: python-novaclient" -H "Content-Type: application/json" -H "Accept: application/json" -H "X-OpenStack-Nova-API-Version: 2.1" -H "X-Auth-Token: {SHA1}5fa4b2a23cd0fc90e2a965f69c376ba846ac77fd" -d '{"events": [{"tag": "30fffc86-2ec6-4f29-bb8d-0bd985335fc6", "name": "network-changed", "server_uuid": "16284a65-36f2-4255-86d6-b81c2fa00542"}]}' _http_log_request /usr/lib/python2.7/site-packages/keystoneauth1/session.py:375
2018-06-27 03:31:32.058 26126 INFO neutron.wsgi [req-3acdaa5a-e900-4636-a930-af4da79ba98a 8d51c6595f7b4b648f3775454a985b0c e3731f8202904eebb3e6658e91a6b0b5 - default default] 10.0.20.22 "GET /v2.0/ports?device_id=16284a65-36f2-4255-86d6-b81c2fa00542 HTTP/1.1" status: 200  len: 1125 time: 0.6288812
2018-06-27 03:31:32.120 26126 DEBUG novaclient.v2.client [-] RESP: [200] Content-Length: 179 Content-Type: application/json Openstack-Api-Version: compute 2.1 X-Openstack-Nova-Api-Version: 2.1 Vary: OpenStack-API-Version, X-OpenStack-Nova-API-Version X-Openstack-Request-Id: req-2ad766b5-dc9d-4a8c-8281-ea0306eb25a9 X-Compute-Request-Id: req-2ad766b5-dc9d-4a8c-8281-ea0306eb25a9 Date: Wed, 27 Jun 2018 01:31:32 GMT Connection: keep-alive 
RESP BODY: {"events": [{"status": "completed", "tag": "30fffc86-2ec6-4f29-bb8d-0bd985335fc6", "name": "network-changed", "server_uuid": "16284a65-36f2-4255-86d6-b81c2fa00542", "code": 200}]}
 _http_log_response /usr/lib/python2.7/site-packages/keystoneauth1/session.py:423
2018-06-27 03:31:32.121 26126 DEBUG novaclient.v2.client [-] POST call to compute for http://10.0.20.22:8774/v2.1/e3731f8202904eebb3e6658e91a6b0b5/os-server-external-events used request id req-2ad766b5-dc9d-4a8c-8281-ea0306eb25a9 request /usr/lib/python2.7/site-packages/keystoneauth1/session.py:727
2018-06-27 03:31:32.128 26135 DEBUG neutron.db.l3_hamode_db [req-ce2ed9e3-23bf-4c7a-a9d5-57814b737ed4 - - - - -] neutron.services.l3_router.l3_router_plugin.L3RouterPlugin method _process_sync_ha_data called with arguments (<neutron_lib.context.Context object at 0x7f4822e7e650>, [{'status': u'ACTIVE', '_interfaces': [{'status': u'ACTIVE', 'subnets': [{'dns_nameservers': [u'8.8.4.4'], 'ipv6_ra_mode': None, 'gateway_ip': u'11.161.1.1', 'cidr': u'11.161.1.0/24', 'id': u'5ad7d245-014f-41be-8d9c-c98d55ca1060', 'subnetpool_id': None}], 'binding:host_id': u'localhost.localdomain', 'description': u'', 'allowed_address_pairs': [], 'tags': [], 'extra_dhcp_opts': [], 'updated_at': '2018-06-27T01:30:16Z', 'device_owner': u'network:router_interface', 'revision_number': 7, 'port_security_enabled': False, 'binding:profile': {}, 'mtu': 1450, 'fixed_ips': [{'subnet_id': u'5ad7d245-014f-41be-8d9c-c98d55ca1060', 'prefixlen': 24, 'ip_address': u'11.161.1.1'}], 'id': u'4ea91fc9-fbfe-4f5e-856e-4d142825d854', 'security_groups': [], 'device_id': u'1c507e70-222c-4f9d-88e9-1ac4c2f12aeb', 'name': u'', 'admin_state_up': True, 'network_id': u'785d5e08-17dd-4504-b509-98ad1c4478af', 'tenant_id': u'f14f81b89b40412baac16affb8793d77', 'binding:vif_details': {u'port_filter': True, u'datapath_type': u'system', u'ovs_hybrid_plug': True}, 'address_scopes': {4: None, 6: None}, 'binding:vnic_type': u'normal', 'binding:vif_type': u'ovs', 'mac_address': u'fa:16:3e:32:34:5d', 'project_id': u'f14f81b89b40412baac16affb8793d77', 'extra_subnets': [], 'created_at': '2018-06-27T01:30:08Z'}], 'enable_snat': True, 'ha_vr_id': 0, 'description': u'', 'tags': [], 'gw_port': {'status': u'ACTIVE', 'subnets': [{'dns_nameservers': [], 'ipv6_ra_mode': None, 'gateway_ip': u'172.24.4.1', 'cidr': u'172.24.4.0/24', 'id': u'482aeca8-a24a-4c41-a222-a086cb79ba31', 'subnetpool_id': None}], 'binding:host_id': u'localhost.localdomain', 'description': u'', 'allowed_address_pairs': [], 'tags': [], 'extra_dhcp_opts': [], 'updated_at': '2018-06-27T01:30:28Z', 'device_owner': u'network:router_gateway', 'revision_number': 6, 'port_security_enabled': False, 'binding:profile': {}, 'mtu': 1500, 'fixed_ips': [{'subnet_id': u'482aeca8-a24a-4c41-a222-a086cb79ba31', 'prefixlen': 24, 'ip_address': u'172.24.4.12'}], 'id': u'f466efe8-7383-4b11-b3bc-0c5bcb34fdfa', 'security_groups': [], 'device_id': u'1c507e70-222c-4f9d-88e9-1ac4c2f12aeb', 'name': u'', 'admin_state_up': True, 'network_id': u'2ce34dd7-df32-4a77-980f-3c1215fa4847', 'tenant_id': u'', 'binding:vif_details': {u'port_filter': True, u'datapath_type': u'system', u'ovs_hybrid_plug': True}, 'address_scopes': {4: None, 6: None}, 'binding:vnic_type': u'normal', 'binding:vif_type': u'ovs', 'mac_address': u'fa:16:3e:2f:db:3d', 'project_id': u'', 'extra_subnets': [], 'created_at': '2018-06-27T01:30:20Z'}, 'updated_at': '2018-06-27T01:30:21Z', 'revision_number': 4, 'ha': False, 'id': u'1c507e70-222c-4f9d-88e9-1ac4c2f12aeb', 'gw_port_host': u'localhost.localdomain', 'external_gateway_info': {'network_id': u'2ce34dd7-df32-4a77-980f-3c1215fa4847', 'enable_snat': True, 'external_fixed_ips': [{'subnet_id': u'482aeca8-a24a-4c41-a222-a086cb79ba31', 'ip_address': u'172.24.4.12'}]}, 'availability_zone_hints': [], 'availability_zones': [u'nova'], 'name': u'tempest-router-1530062856', 'gw_port_id': u'f466efe8-7383-4b11-b3bc-0c5bcb34fdfa', 'admin_state_up': True, 'tenant_id': u'f14f81b89b40412baac16affb8793d77', 'created_at': '2018-06-27T01:29:48Z', 'distributed': False, 'flavor_id': None, 'routes': [], 'project_id': u'f14f81b89b40412baac16affb8793d77', '_floatingips': [{'router_id': u'1c507e70-222c-4f9d-88e9-1ac4c2f12aeb', 'status': u'DOWN', 'description': u'', 'tags': [], 'updated_at': '2018-06-27T01:31:30Z', 'dns_domain': '', 'floating_network_id': u'2ce34dd7-df32-4a77-980f-3c1215fa4847', 'fixed_ip_address': u'11.161.1.12', 'floating_ip_address': u'172.24.4.11', 'revision_number': 1, 'port_id': u'30fffc86-2ec6-4f29-bb8d-0bd985335fc6', 'id': u'b4d16bf7-71d5-4ebd-b117-b54e241c79bd', 'dns_name': '', 'created_at': '2018-06-27T01:31:15Z', 'tenant_id': u'f14f81b89b40412baac16affb8793d77', 'fixed_ip_address_scope': None, 'project_id': u'f14f81b89b40412baac16affb8793d77'}]}], u'localhost.localdomain', False) {} wrapper /usr/lib/python2.7/site-packages/oslo_log/helpers.py:66
2018-06-27 03:31:32.138 26135 DEBUG neutron.api.rpc.handlers.l3_rpc [req-ce2ed9e3-23bf-4c7a-a9d5-57814b737ed4 - - - - -] Checking router: 1c507e70-222c-4f9d-88e9-1ac4c2f12aeb for host: localhost.localdomain _ensure_host_set_on_ports /usr/lib/python2.7/site-packages/neutron/api/rpc/handlers/l3_rpc.py:135
2018-06-27 03:31:32.154 26126 INFO neutron.notifiers.nova [-] Nova event response: {u'status': u'completed', u'tag': u'30fffc86-2ec6-4f29-bb8d-0bd985335fc6', u'name': u'network-changed', u'server_uuid': u'16284a65-36f2-4255-86d6-b81c2fa00542', u'code': 200}
2018-06-27 03:31:32.223 26126 INFO neutron.wsgi [req-842e31bd-ddaf-471d-885d-9180cc1fff04 8d51c6595f7b4b648f3775454a985b0c e3731f8202904eebb3e6658e91a6b0b5 - default default] 10.0.20.22 "GET /v2.0/security-groups?id=f4f1c631-6438-4fd3-afbb-f5c899297650 HTTP/1.1" status: 200  len: 2118 time: 0.1559911
2018-06-27 03:31:32.361 26125 INFO neutron.wsgi [req-d498930e-f100-4921-b9d7-441b3618802f 8d51c6595f7b4b648f3775454a985b0c e3731f8202904eebb3e6658e91a6b0b5 - default default] 10.0.20.22 "GET /v2.0/ports?tenant_id=f14f81b89b40412baac16affb8793d77&device_id=16284a65-36f2-4255-86d6-b81c2fa00542 HTTP/1.1" status: 200  len: 1125 time: 0.1821210
2018-06-27 03:31:32.592 26138 DEBUG neutron.api.rpc.handlers.l3_rpc [req-fa0393d0-2d9f-4eec-9110-7414a7d70617 - - - - -] New status for floating IP b4d16bf7-71d5-4ebd-b117-b54e241c79bd: ACTIVE update_floatingip_statuses /usr/lib/python2.7/site-packages/neutron/api/rpc/handlers/l3_rpc.py:252
2018-06-27 03:31:32.715 26125 DEBUG neutron.pecan_wsgi.hooks.policy_enforcement [req-c1720a0a-e288-4178-961d-95d8162c508a 8d51c6595f7b4b648f3775454a985b0c e3731f8202904eebb3e6658e91a6b0b5 - default default] Attributes excluded by policy engine: [u'vlan_transparent'] _exclude_attributes_by_policy /usr/lib/python2.7/site-packages/neutron/pecan_wsgi/hooks/policy_enforcement.py:256
2018-06-27 03:31:32.718 26125 INFO neutron.wsgi [req-c1720a0a-e288-4178-961d-95d8162c508a 8d51c6595f7b4b648f3775454a985b0c e3731f8202904eebb3e6658e91a6b0b5 - default default] 10.0.20.22 "GET /v2.0/networks?id=785d5e08-17dd-4504-b509-98ad1c4478af HTTP/1.1" status: 200  len: 885 time: 0.3123181
2018-06-27 03:31:32.783 26125 INFO neutron.wsgi [req-e275b7a2-ea7d-42a6-9d36-07e7381cff85 8d51c6595f7b4b648f3775454a985b0c e3731f8202904eebb3e6658e91a6b0b5 - default default] 10.0.20.22 "GET /v2.0/floatingips?fixed_ip_address=11.161.1.12&port_id=30fffc86-2ec6-4f29-bb8d-0bd985335fc6 HTTP/1.1" status: 200  len: 752 time: 0.0558550
2018-06-27 03:31:32.938 26125 DEBUG neutron.pecan_wsgi.hooks.policy_enforcement [req-6e7c170c-67e6-40ce-8cff-afe4dc51bae8 8d51c6595f7b4b648f3775454a985b0c e3731f8202904eebb3e6658e91a6b0b5 - default default] Attributes excluded by policy engine: [u'shared'] _exclude_attributes_by_policy /usr/lib/python2.7/site-packages/neutron/pecan_wsgi/hooks/policy_enforcement.py:256
2018-06-27 03:31:32.940 26125 INFO neutron.wsgi [req-6e7c170c-67e6-40ce-8cff-afe4dc51bae8 8d51c6595f7b4b648f3775454a985b0c e3731f8202904eebb3e6658e91a6b0b5 - default default] 10.0.20.22 "GET /v2.0/subnets?id=5ad7d245-014f-41be-8d9c-c98d55ca1060 HTTP/1.1" status: 200  len: 847 time: 0.1495571
2018-06-27 03:31:33.082 26125 INFO neutron.wsgi [req-bd43f5b2-4586-4543-8476-a3d757930ca0 8d51c6595f7b4b648f3775454a985b0c e3731f8202904eebb3e6658e91a6b0b5 - default default] 10.0.20.22 "GET /v2.0/ports?network_id=785d5e08-17dd-4504-b509-98ad1c4478af&device_owner=network%3Adhcp HTTP/1.1" status: 200  len: 1128 time: 0.1348221
2018-06-27 03:31:33.106 26126 INFO neutron.wsgi [req-28998d79-8854-4b04-abe9-0dff96d84368 8d51c6595f7b4b648f3775454a985b0c e3731f8202904eebb3e6658e91a6b0b5 - default default] 10.0.20.22 "GET /v2.0/ports?tenant_id=f14f81b89b40412baac16affb8793d77&device_id=16284a65-36f2-4255-86d6-b81c2fa00542 HTTP/1.1" status: 200  len: 1125 time: 0.7213628
2018-06-27 03:31:33.292 26119 INFO neutron.wsgi [req-c0dc7e0a-3876-48fd-a005-497a43194c5c 8d51c6595f7b4b648f3775454a985b0c e3731f8202904eebb3e6658e91a6b0b5 - default default] 10.0.20.22 "GET /v2.0/ports?device_id=16284a65-36f2-4255-86d6-b81c2fa00542 HTTP/1.1" status: 200  len: 1125 time: 0.4295528
2018-06-27 03:31:33.344 26126 DEBUG neutron.pecan_wsgi.hooks.policy_enforcement [req-04a7dc51-6a22-467a-8c27-9cb925ba85bf 8d51c6595f7b4b648f3775454a985b0c e3731f8202904eebb3e6658e91a6b0b5 - default default] Attributes excluded by policy engine: [u'vlan_transparent'] _exclude_attributes_by_policy /usr/lib/python2.7/site-packages/neutron/pecan_wsgi/hooks/policy_enforcement.py:256
2018-06-27 03:31:33.350 26126 INFO neutron.wsgi [req-04a7dc51-6a22-467a-8c27-9cb925ba85bf 8d51c6595f7b4b648f3775454a985b0c e3731f8202904eebb3e6658e91a6b0b5 - default default] 10.0.20.22 "GET /v2.0/networks?id=785d5e08-17dd-4504-b509-98ad1c4478af HTTP/1.1" status: 200  len: 885 time: 0.2369471
2018-06-27 03:31:33.403 26126 INFO neutron.wsgi [req-e638a75f-626c-4fa7-937c-19046bae93e6 8d51c6595f7b4b648f3775454a985b0c e3731f8202904eebb3e6658e91a6b0b5 - default default] 10.0.20.22 "GET /v2.0/floatingips?fixed_ip_address=11.161.1.12&port_id=30fffc86-2ec6-4f29-bb8d-0bd985335fc6 HTTP/1.1" status: 200  len: 752 time: 0.0472200
2018-06-27 03:31:33.425 26119 INFO neutron.wsgi [req-43d16e9d-f750-4adc-b88d-e62b50e054d6 8d51c6595f7b4b648f3775454a985b0c e3731f8202904eebb3e6658e91a6b0b5 - default default] 10.0.20.22 "GET /v2.0/security-groups?id=f4f1c631-6438-4fd3-afbb-f5c899297650 HTTP/1.1" status: 200  len: 2118 time: 0.1192691
2018-06-27 03:31:33.553 26126 DEBUG neutron.pecan_wsgi.hooks.policy_enforcement [req-33d4c650-bfcf-4d88-931f-ef23e0aa6dc6 8d51c6595f7b4b648f3775454a985b0c e3731f8202904eebb3e6658e91a6b0b5 - default default] Attributes excluded by policy engine: [u'shared'] _exclude_attributes_by_policy /usr/lib/python2.7/site-packages/neutron/pecan_wsgi/hooks/policy_enforcement.py:256
2018-06-27 03:31:33.555 26126 INFO neutron.wsgi [req-33d4c650-bfcf-4d88-931f-ef23e0aa6dc6 8d51c6595f7b4b648f3775454a985b0c e3731f8202904eebb3e6658e91a6b0b5 - default default] 10.0.20.22 "GET /v2.0/subnets?id=5ad7d245-014f-41be-8d9c-c98d55ca1060 HTTP/1.1" status: 200  len: 847 time: 0.1461110
2018-06-27 03:31:33.713 26126 INFO neutron.wsgi [req-98f8d9c2-bd5a-40f3-a615-a6a16879ff2c 8d51c6595f7b4b648f3775454a985b0c e3731f8202904eebb3e6658e91a6b0b5 - default default] 10.0.20.22 "GET /v2.0/ports?network_id=785d5e08-17dd-4504-b509-98ad1c4478af&device_owner=network%3Adhcp HTTP/1.1" status: 200  len: 1128 time: 0.1485050
2018-06-27 03:31:34.155 26126 DEBUG oslo_concurrency.lockutils [-] Lock "notifier-b6b5ad3c-6011-4f73-b02c-227bf21cd5a7" released by "neutron.notifiers.batch_notifier.synced_send" :: held 2.733s inner /usr/lib/python2.7/site-packages/oslo_concurrency/lockutils.py:282
2018-06-27 03:31:34.805 26126 INFO neutron.wsgi [req-1fe61450-3a08-4102-8e77-0694f3621109 8d51c6595f7b4b648f3775454a985b0c e3731f8202904eebb3e6658e91a6b0b5 - default default] 10.0.20.22 "GET /v2.0/ports?device_id=16284a65-36f2-4255-86d6-b81c2fa00542 HTTP/1.1" status: 200  len: 1125 time: 0.5516341
2018-06-27 03:31:34.817 26125 INFO neutron.wsgi [req-1220d178-933a-463d-a913-dba400c1ff44 8d51c6595f7b4b648f3775454a985b0c e3731f8202904eebb3e6658e91a6b0b5 - default default] 10.0.20.22 "GET /v2.0/ports?tenant_id=688c18a1c85f4751b329806136ced2ee&device_id=06deffa3-c274-4da5-a3ab-17f1d4e0a067 HTTP/1.1" status: 200  len: 1124 time: 0.1155908
2018-06-27 03:31:34.912 26126 INFO neutron.wsgi [req-26d71f60-33a6-4d6a-bd69-5185ae82cf74 8d51c6595f7b4b648f3775454a985b0c e3731f8202904eebb3e6658e91a6b0b5 - default default] 10.0.20.22 "GET /v2.0/security-groups?id=f4f1c631-6438-4fd3-afbb-f5c899297650 HTTP/1.1" status: 200  len: 2118 time: 0.1022980
2018-06-27 03:31:35.034 26125 DEBUG neutron.pecan_wsgi.hooks.policy_enforcement [req-3257a155-f742-47ac-8885-31059c7d5f47 8d51c6595f7b4b648f3775454a985b0c e3731f8202904eebb3e6658e91a6b0b5 - default default] Attributes excluded by policy engine: [u'vlan_transparent'] _exclude_attributes_by_policy /usr/lib/python2.7/site-packages/neutron/pecan_wsgi/hooks/policy_enforcement.py:256
2018-06-27 03:31:35.038 26125 INFO neutron.wsgi [req-3257a155-f742-47ac-8885-31059c7d5f47 8d51c6595f7b4b648f3775454a985b0c e3731f8202904eebb3e6658e91a6b0b5 - default default] 10.0.20.22 "GET /v2.0/networks?id=2ce34dd7-df32-4a77-980f-3c1215fa4847 HTTP/1.1" status: 200  len: 888 time: 0.2154870
2018-06-27 03:31:35.089 26125 INFO neutron.wsgi [req-59f43e1a-6b8e-476f-9a91-67e6dd643203 8d51c6595f7b4b648f3775454a985b0c e3731f8202904eebb3e6658e91a6b0b5 - default default] 10.0.20.22 "GET /v2.0/floatingips?fixed_ip_address=172.24.4.3&port_id=34ae3945-8340-4ff1-9d1f-d0bdb80875f3 HTTP/1.1" status: 200  len: 217 time: 0.0457211
2018-06-27 03:31:35.235 26125 DEBUG neutron.pecan_wsgi.hooks.policy_enforcement [req-21621c53-86a9-4d8f-af3e-7e205b25457c 8d51c6595f7b4b648f3775454a985b0c e3731f8202904eebb3e6658e91a6b0b5 - default default] Attributes excluded by policy engine: [u'shared'] _exclude_attributes_by_policy /usr/lib/python2.7/site-packages/neutron/pecan_wsgi/hooks/policy_enforcement.py:256
2018-06-27 03:31:35.238 26125 INFO neutron.wsgi [req-21621c53-86a9-4d8f-af3e-7e205b25457c 8d51c6595f7b4b648f3775454a985b0c e3731f8202904eebb3e6658e91a6b0b5 - default default] 10.0.20.22 "GET /v2.0/subnets?id=482aeca8-a24a-4c41-a222-a086cb79ba31 HTTP/1.1" status: 200  len: 819 time: 0.1411068
2018-06-27 03:31:35.310 26125 INFO neutron.wsgi [req-fbcca542-51d9-44bf-9faa-dd4de46f8d38 8d51c6595f7b4b648f3775454a985b0c e3731f8202904eebb3e6658e91a6b0b5 - default default] 10.0.20.22 "GET /v2.0/ports?network_id=2ce34dd7-df32-4a77-980f-3c1215fa4847&device_owner=network%3Adhcp HTTP/1.1" status: 200  len: 210 time: 0.0664029
2018-06-27 03:31:36.666 26122 INFO neutron.wsgi [req-66d095eb-4583-4392-a6a4-c99610b5d7b8 8d51c6595f7b4b648f3775454a985b0c e3731f8202904eebb3e6658e91a6b0b5 - default default] 10.0.20.22 "GET /v2.0/ports?device_id=16284a65-36f2-4255-86d6-b81c2fa00542 HTTP/1.1" status: 200  len: 1125 time: 1.0923958
2018-06-27 03:31:36.794 26122 INFO neutron.wsgi [req-d43c9c47-40f9-410a-ad34-ada346a1be24 8d51c6595f7b4b648f3775454a985b0c e3731f8202904eebb3e6658e91a6b0b5 - default default] 10.0.20.22 "GET /v2.0/security-groups?id=f4f1c631-6438-4fd3-afbb-f5c899297650 HTTP/1.1" status: 200  len: 2118 time: 0.1200252
2018-06-27 03:31:39.575 26124 INFO neutron.wsgi [req-42ea8fbf-9942-4049-8c2b-88e0f4b54766 8d51c6595f7b4b648f3775454a985b0c e3731f8202904eebb3e6658e91a6b0b5 - default default] 10.0.20.22 "GET /v2.0/ports?device_id=16284a65-36f2-4255-86d6-b81c2fa00542 HTTP/1.1" status: 200  len: 1125 time: 0.6808941
2018-06-27 03:31:39.721 26124 INFO neutron.wsgi [req-baa43962-923e-4313-a9ee-ea830b9584e0 8d51c6595f7b4b648f3775454a985b0c e3731f8202904eebb3e6658e91a6b0b5 - default default] 10.0.20.22 "GET /v2.0/security-groups?id=f4f1c631-6438-4fd3-afbb-f5c899297650 HTTP/1.1" status: 200  len: 2118 time: 0.1394000
2018-06-27 03:31:45.603 26120 INFO neutron.wsgi [req-9cb56c6a-3388-43c3-894a-5c164beddd34 a729f7c2f57c4eb69259c53b5fc4c9a5 f14f81b89b40412baac16affb8793d77 - 386726ffc5fc4befabcbe8af3d61c9d9 386726ffc5fc4befabcbe8af3d61c9d9] 10.0.20.22 "GET /v2.0/ports?device_id=16284a65-36f2-4255-86d6-b81c2fa00542 HTTP/1.1" status: 200  len: 1125 time: 1.1035519
2018-06-27 03:31:45.740 26120 INFO neutron.wsgi [req-c3e1e2b1-e80c-41c7-a6f0-534ef1e044fe a729f7c2f57c4eb69259c53b5fc4c9a5 f14f81b89b40412baac16affb8793d77 - 386726ffc5fc4befabcbe8af3d61c9d9 386726ffc5fc4befabcbe8af3d61c9d9] 10.0.20.22 "GET /v2.0/security-groups?id=f4f1c631-6438-4fd3-afbb-f5c899297650 HTTP/1.1" status: 200  len: 2118 time: 0.1292350
2018-06-27 03:31:47.571 26131 DEBUG neutron_lib.callbacks.manager [req-4b3dfab9-f566-4f5d-9d35-ca99bceee4f5 - - - - -] Notify callbacks ['neutron.services.segments.db._update_segment_host_mapping_for_agent-8746738578482'] for agent, after_update _notify_loop /usr/lib/python2.7/site-packages/neutron_lib/callbacks/manager.py:167
2018-06-27 03:31:48.603 26134 DEBUG neutron_lib.callbacks.manager [req-a4e06a42-4563-4bf8-a3c8-76db3956fe61 - - - - -] Notify callbacks ['neutron.services.segments.db._update_segment_host_mapping_for_agent-8746738578482'] for agent, after_update _notify_loop /usr/lib/python2.7/site-packages/neutron_lib/callbacks/manager.py:167
2018-06-27 03:31:48.711 26137 DEBUG neutron_lib.callbacks.manager [req-42b0066a-3231-475b-bbac-328baa4ed8ee - - - - -] Notify callbacks ['neutron.services.segments.db._update_segment_host_mapping_for_agent-8746738578482'] for agent, after_update _notify_loop /usr/lib/python2.7/site-packages/neutron_lib/callbacks/manager.py:167
2018-06-27 03:31:49.136 26132 DEBUG neutron_lib.callbacks.manager [req-b890360d-de0d-4e7d-9bb8-3049ba856b4e - - - - -] Notify callbacks ['neutron.services.segments.db._update_segment_host_mapping_for_agent-8746738578482'] for agent, after_update _notify_loop /usr/lib/python2.7/site-packages/neutron_lib/callbacks/manager.py:167
2018-06-27 03:31:50.049 26140 DEBUG neutron_lib.callbacks.manager [req-89a46397-5972-49d3-9316-fda8aab951f2 - - - - -] Notify callbacks ['neutron.services.segments.db._update_segment_host_mapping_for_agent-8746738578482'] for agent, after_update _notify_loop /usr/lib/python2.7/site-packages/neutron_lib/callbacks/manager.py:167
2018-06-27 03:32:07.976 26141 DEBUG neutron.db.agents_db [req-9caad84c-78ac-4d61-ab06-88ddeb08d2dd - - - - -] Agent healthcheck: found 5 active agents agent_health_check /usr/lib/python2.7/site-packages/neutron/db/agents_db.py:281
2018-06-27 03:32:11.353 26120 INFO neutron.wsgi [req-44c3c8e1-1b27-4851-98e2-12e8bfa33c6c a729f7c2f57c4eb69259c53b5fc4c9a5 f14f81b89b40412baac16affb8793d77 - 386726ffc5fc4befabcbe8af3d61c9d9 386726ffc5fc4befabcbe8af3d61c9d9] 10.0.20.22 "GET /v2.0/ports?device_id=16284a65-36f2-4255-86d6-b81c2fa00542 HTTP/1.1" status: 200  len: 1125 time: 0.7069230
2018-06-27 03:32:11.470 26120 INFO neutron.wsgi [req-d4d32c46-9dcc-4268-b327-4ff37e56721b a729f7c2f57c4eb69259c53b5fc4c9a5 f14f81b89b40412baac16affb8793d77 - 386726ffc5fc4befabcbe8af3d61c9d9 386726ffc5fc4befabcbe8af3d61c9d9] 10.0.20.22 "GET /v2.0/security-groups?id=f4f1c631-6438-4fd3-afbb-f5c899297650 HTTP/1.1" status: 200  len: 2118 time: 0.1116240
2018-06-27 03:32:17.418 26135 DEBUG neutron_lib.callbacks.manager [req-2f6f7891-51a2-404f-a799-c4cbb8d8279f - - - - -] Notify callbacks ['neutron.services.segments.db._update_segment_host_mapping_for_agent-8746738578482'] for agent, after_update _notify_loop /usr/lib/python2.7/site-packages/neutron_lib/callbacks/manager.py:167
2018-06-27 03:32:18.573 26138 DEBUG neutron_lib.callbacks.manager [req-42b0066a-3231-475b-bbac-328baa4ed8ee - - - - -] Notify callbacks ['neutron.services.segments.db._update_segment_host_mapping_for_agent-8746738578482'] for agent, after_update _notify_loop /usr/lib/python2.7/site-packages/neutron_lib/callbacks/manager.py:167
2018-06-27 03:32:18.602 26130 DEBUG neutron_lib.callbacks.manager [req-f92902b8-c4b4-4098-8028-dde9508220e6 - - - - -] Notify callbacks ['neutron.services.segments.db._update_segment_host_mapping_for_agent-8746738578482'] for agent, after_update _notify_loop /usr/lib/python2.7/site-packages/neutron_lib/callbacks/manager.py:167
2018-06-27 03:32:19.092 26139 DEBUG neutron_lib.callbacks.manager [req-b890360d-de0d-4e7d-9bb8-3049ba856b4e - - - - -] Notify callbacks ['neutron.services.segments.db._update_segment_host_mapping_for_agent-8746738578482'] for agent, after_update _notify_loop /usr/lib/python2.7/site-packages/neutron_lib/callbacks/manager.py:167
2018-06-27 03:32:20.015 26131 DEBUG neutron_lib.callbacks.manager [req-89a46397-5972-49d3-9316-fda8aab951f2 - - - - -] Notify callbacks ['neutron.services.segments.db._update_segment_host_mapping_for_agent-8746738578482'] for agent, after_update _notify_loop /usr/lib/python2.7/site-packages/neutron_lib/callbacks/manager.py:167
2018-06-27 03:32:22.351 26126 INFO neutron.wsgi [req-cf43fe55-0a56-45ee-b925-d2d0d923f0cd a729f7c2f57c4eb69259c53b5fc4c9a5 f14f81b89b40412baac16affb8793d77 - 386726ffc5fc4befabcbe8af3d61c9d9 386726ffc5fc4befabcbe8af3d61c9d9] 10.0.20.22 "GET /v2.0/ports?device_id=16284a65-36f2-4255-86d6-b81c2fa00542 HTTP/1.1" status: 200  len: 1125 time: 0.8335690
2018-06-27 03:32:22.472 26126 INFO neutron.wsgi [req-bddee2d4-3fc9-448e-91be-e4453fde0b61 a729f7c2f57c4eb69259c53b5fc4c9a5 f14f81b89b40412baac16affb8793d77 - 386726ffc5fc4befabcbe8af3d61c9d9 386726ffc5fc4befabcbe8af3d61c9d9] 10.0.20.22 "GET /v2.0/security-groups?id=f4f1c631-6438-4fd3-afbb-f5c899297650 HTTP/1.1" status: 200  len: 2118 time: 0.1154790
2018-06-27 03:32:34.787 26125 INFO neutron.wsgi [req-59839892-c3e8-4166-9751-96fd9fe988d0 8d51c6595f7b4b648f3775454a985b0c e3731f8202904eebb3e6658e91a6b0b5 - default default] 10.0.20.22 "GET /v2.0/ports?tenant_id=f14f81b89b40412baac16affb8793d77&device_id=16284a65-36f2-4255-86d6-b81c2fa00542 HTTP/1.1" status: 200  len: 1125 time: 0.1537831
2018-06-27 03:32:35.347 26125 DEBUG neutron.pecan_wsgi.hooks.policy_enforcement [req-cb4a1142-a0d4-4875-b8c1-30be270a3ea9 8d51c6595f7b4b648f3775454a985b0c e3731f8202904eebb3e6658e91a6b0b5 - default default] Attributes excluded by policy engine: [u'vlan_transparent'] _exclude_attributes_by_policy /usr/lib/python2.7/site-packages/neutron/pecan_wsgi/hooks/policy_enforcement.py:256
2018-06-27 03:32:35.349 26125 INFO neutron.wsgi [req-cb4a1142-a0d4-4875-b8c1-30be270a3ea9 8d51c6595f7b4b648f3775454a985b0c e3731f8202904eebb3e6658e91a6b0b5 - default default] 10.0.20.22 "GET /v2.0/networks?id=785d5e08-17dd-4504-b509-98ad1c4478af HTTP/1.1" status: 200  len: 885 time: 0.5548420
2018-06-27 03:32:35.406 26125 INFO neutron.wsgi [req-13f91fc5-11ed-4316-90ec-94a2c8e87bf3 8d51c6595f7b4b648f3775454a985b0c e3731f8202904eebb3e6658e91a6b0b5 - default default] 10.0.20.22 "GET /v2.0/floatingips?fixed_ip_address=11.161.1.12&port_id=30fffc86-2ec6-4f29-bb8d-0bd985335fc6 HTTP/1.1" status: 200  len: 752 time: 0.0494161
2018-06-27 03:32:35.542 26125 DEBUG neutron.pecan_wsgi.hooks.policy_enforcement [req-3de04e52-5498-44b5-aefc-78b0b5c6ba98 8d51c6595f7b4b648f3775454a985b0c e3731f8202904eebb3e6658e91a6b0b5 - default default] Attributes excluded by policy engine: [u'shared'] _exclude_attributes_by_policy /usr/lib/python2.7/site-packages/neutron/pecan_wsgi/hooks/policy_enforcement.py:256
2018-06-27 03:32:35.544 26125 INFO neutron.wsgi [req-3de04e52-5498-44b5-aefc-78b0b5c6ba98 8d51c6595f7b4b648f3775454a985b0c e3731f8202904eebb3e6658e91a6b0b5 - default default] 10.0.20.22 "GET /v2.0/subnets?id=5ad7d245-014f-41be-8d9c-c98d55ca1060 HTTP/1.1" status: 200  len: 847 time: 0.1328568
2018-06-27 03:32:35.695 26125 INFO neutron.wsgi [req-1c1cfd61-3ddd-47ae-80cf-9a3f70fea87c 8d51c6595f7b4b648f3775454a985b0c e3731f8202904eebb3e6658e91a6b0b5 - default default] 10.0.20.22 "GET /v2.0/ports?network_id=785d5e08-17dd-4504-b509-98ad1c4478af&device_owner=network%3Adhcp HTTP/1.1" status: 200  len: 1128 time: 0.1424708
2018-06-27 03:32:36.500 26120 INFO neutron.wsgi [req-64457ee8-7707-43ce-a4ec-a7c47f65a506 a729f7c2f57c4eb69259c53b5fc4c9a5 f14f81b89b40412baac16affb8793d77 - 386726ffc5fc4befabcbe8af3d61c9d9 386726ffc5fc4befabcbe8af3d61c9d9] 10.0.20.22 "GET /v2.0/ports?device_id=16284a65-36f2-4255-86d6-b81c2fa00542 HTTP/1.1" status: 200  len: 1125 time: 0.5251229
2018-06-27 03:32:36.614 26120 INFO neutron.wsgi [req-af47a493-b097-4b09-bb22-fb0e7c84b554 a729f7c2f57c4eb69259c53b5fc4c9a5 f14f81b89b40412baac16affb8793d77 - 386726ffc5fc4befabcbe8af3d61c9d9 386726ffc5fc4befabcbe8af3d61c9d9] 10.0.20.22 "GET /v2.0/security-groups?id=f4f1c631-6438-4fd3-afbb-f5c899297650 HTTP/1.1" status: 200  len: 2118 time: 0.1081510
2018-06-27 03:32:44.973 26141 DEBUG neutron.db.agents_db [req-9caad84c-78ac-4d61-ab06-88ddeb08d2dd - - - - -] Agent healthcheck: found 5 active agents agent_health_check /usr/lib/python2.7/site-packages/neutron/db/agents_db.py:281
2018-06-27 03:32:45.396 26120 INFO neutron.wsgi [req-de708289-4efe-43e6-82b1-be47a3bfa4a4 a729f7c2f57c4eb69259c53b5fc4c9a5 f14f81b89b40412baac16affb8793d77 - 386726ffc5fc4befabcbe8af3d61c9d9 386726ffc5fc4befabcbe8af3d61c9d9] 10.0.20.22 "GET /v2.0/ports?device_id=16284a65-36f2-4255-86d6-b81c2fa00542 HTTP/1.1" status: 200  len: 1125 time: 0.5736909
2018-06-27 03:32:45.512 26120 INFO neutron.wsgi [req-1eab88d4-cd23-4791-930c-90926ba5d513 a729f7c2f57c4eb69259c53b5fc4c9a5 f14f81b89b40412baac16affb8793d77 - 386726ffc5fc4befabcbe8af3d61c9d9 386726ffc5fc4befabcbe8af3d61c9d9] 10.0.20.22 "GET /v2.0/security-groups?id=f4f1c631-6438-4fd3-afbb-f5c899297650 HTTP/1.1" status: 200  len: 2118 time: 0.1108758
