2018-06-28 00:17:26.114 5110 INFO neutron.wsgi [req-478cfd53-0f5a-4883-a56c-fad4c58e35ba 7379951a3cdf42eea63db351d92a7eca 06501acb968842beaa9e4adeed714c38 - c29aaa23aca8499d936ab28403eaaaeb c29aaa23aca8499d936ab28403eaaaeb] 10.0.20.27 "GET /v2.0/security-groups?id=c0bec835-8e3e-4bf9-9487-9514bf9a603b HTTP/1.1" status: 200  len: 2118 time: 0.1549740
2018-06-28 00:17:26.162 5112 DEBUG neutron.wsgi [-] (5112) accepted ('10.0.20.27', 55782) server /usr/lib/python2.7/site-packages/eventlet/wsgi.py:883
2018-06-28 00:17:26.707 5110 INFO neutron.wsgi [req-3d35ff6a-70b0-4b1e-b7f5-9ed6ce7c84e2 7379951a3cdf42eea63db351d92a7eca 06501acb968842beaa9e4adeed714c38 - c29aaa23aca8499d936ab28403eaaaeb c29aaa23aca8499d936ab28403eaaaeb] 10.0.20.27 "GET /v2.0/ports?device_owner=compute%3Anova&device_id=d65bf59d-6092-4ca4-abf3-28a1bc2f7e9b HTTP/1.1" status: 200  len: 1125 time: 0.4242570
2018-06-28 00:17:26.779 5110 DEBUG neutron.quota.resource [req-d04d98ca-9e59-40dc-ba7c-d41d9342f9ed 7379951a3cdf42eea63db351d92a7eca 06501acb968842beaa9e4adeed714c38 - c29aaa23aca8499d936ab28403eaaaeb c29aaa23aca8499d936ab28403eaaaeb] Synchronizing usage tracker for tenant:06501acb968842beaa9e4adeed714c38 on resource:floatingip resync /usr/lib/python2.7/site-packages/neutron/quota/resource.py:245
2018-06-28 00:17:26.871 5110 DEBUG neutron.quota.resource [req-d04d98ca-9e59-40dc-ba7c-d41d9342f9ed 7379951a3cdf42eea63db351d92a7eca 06501acb968842beaa9e4adeed714c38 - c29aaa23aca8499d936ab28403eaaaeb c29aaa23aca8499d936ab28403eaaaeb] Unset dirty status for tenant:06501acb968842beaa9e4adeed714c38 on resource:floatingip _resync /usr/lib/python2.7/site-packages/neutron/quota/resource.py:237
2018-06-28 00:17:26.875 5110 INFO neutron.wsgi [req-d04d98ca-9e59-40dc-ba7c-d41d9342f9ed 7379951a3cdf42eea63db351d92a7eca 06501acb968842beaa9e4adeed714c38 - c29aaa23aca8499d936ab28403eaaaeb c29aaa23aca8499d936ab28403eaaaeb] 10.0.20.27 "GET /v2.0/floatingips?floating_ip_address=172.24.4.2 HTTP/1.1" status: 200  len: 672 time: 0.1611481
2018-06-28 00:17:26.912 5110 DEBUG neutron.api.v2.base [req-f2a9727d-f999-4ddf-8432-c17aa9d4b78f 7379951a3cdf42eea63db351d92a7eca 06501acb968842beaa9e4adeed714c38 - c29aaa23aca8499d936ab28403eaaaeb c29aaa23aca8499d936ab28403eaaaeb] Request body: {u'floatingip': {u'fixed_ip_address': u'11.234.1.11', u'port_id': u'dd9d2194-b79e-41df-873d-6f2a5fd8a659'}} prepare_request_body /usr/lib/python2.7/site-packages/neutron/api/v2/base.py:695
2018-06-28 00:17:26.913 5112 INFO neutron.wsgi [req-2dc3656f-0ac1-4fd2-93f3-b0a1433231e2 479e046780fe410b9faee29c0cb53b35 3218dc7862004758b6a8f5b0cc5d6ad5 - default default] 10.0.20.27 "GET /v2.0/ports?device_id=d65bf59d-6092-4ca4-abf3-28a1bc2f7e9b HTTP/1.1" status: 200  len: 1125 time: 0.7482450
2018-06-28 00:17:27.139 5112 INFO neutron.wsgi [req-1abffa76-f407-46e2-804f-bffacf32c2dd 479e046780fe410b9faee29c0cb53b35 3218dc7862004758b6a8f5b0cc5d6ad5 - default default] 10.0.20.27 "GET /v2.0/security-groups?id=c0bec835-8e3e-4bf9-9487-9514bf9a603b HTTP/1.1" status: 200  len: 2118 time: 0.1737809
2018-06-28 00:17:27.468 5110 DEBUG neutron_lib.callbacks.manager [req-f2a9727d-f999-4ddf-8432-c17aa9d4b78f 7379951a3cdf42eea63db351d92a7eca 06501acb968842beaa9e4adeed714c38 - c29aaa23aca8499d936ab28403eaaaeb c29aaa23aca8499d936ab28403eaaaeb] Notify callbacks ['neutron.services.l3_router.l3_router_plugin.L3RouterPlugin._create_dvr_floating_gw_port-527572'] for floatingip, after_update _notify_loop /usr/lib/python2.7/site-packages/neutron_lib/callbacks/manager.py:167
2018-06-28 00:17:28.146 5110 DEBUG neutron.scheduler.l3_agent_scheduler [req-f2a9727d-f999-4ddf-8432-c17aa9d4b78f 7379951a3cdf42eea63db351d92a7eca 06501acb968842beaa9e4adeed714c38 - c29aaa23aca8499d936ab28403eaaaeb c29aaa23aca8499d936ab28403eaaaeb] Router 12b017fd-f651-4bcc-8546-9c4f52d0c4e9 has already been hosted by L3 agent 8a7f04c5-f50c-4882-a215-ed76ffaf1adf _get_candidates /usr/lib/python2.7/site-packages/neutron/scheduler/l3_agent_scheduler.py:141
2018-06-28 00:17:28.390 5110 DEBUG neutron.api.rpc.agentnotifiers.l3_rpc_agent_api [req-f2a9727d-f999-4ddf-8432-c17aa9d4b78f 7379951a3cdf42eea63db351d92a7eca 06501acb968842beaa9e4adeed714c38 - c29aaa23aca8499d936ab28403eaaaeb c29aaa23aca8499d936ab28403eaaaeb] Notify agent at l3_agent.localhost.localdomain the message routers_updated _agent_notification /usr/lib/python2.7/site-packages/neutron/api/rpc/agentnotifiers/l3_rpc_agent_api.py:69
2018-06-28 00:17:28.414 5110 DEBUG neutron_lib.callbacks.manager [req-f2a9727d-f999-4ddf-8432-c17aa9d4b78f 7379951a3cdf42eea63db351d92a7eca 06501acb968842beaa9e4adeed714c38 - c29aaa23aca8499d936ab28403eaaaeb c29aaa23aca8499d936ab28403eaaaeb] Notify callbacks ['neutron.notifiers.nova.Notifier._send_nova_notification--9223372036854771240'] for floatingip, before_response _notify_loop /usr/lib/python2.7/site-packages/neutron_lib/callbacks/manager.py:167
2018-06-28 00:17:28.446 5114 DEBUG neutron.db.l3_hamode_db [req-444199f0-b31f-424e-822f-ca26dad38311 - - - - -] neutron.services.l3_router.l3_router_plugin.L3RouterPlugin method get_ha_sync_data_for_host called with arguments (<neutron_lib.context.Context object at 0x7fb0652a8ed0>, u'localhost.localdomain', <neutron.db.models.agent.Agent[object at 7fb0653087d0] {id=u'8a7f04c5-f50c-4882-a215-ed76ffaf1adf', agent_type=u'L3 agent', binary=u'neutron-l3-agent', topic=u'l3_agent', host=u'localhost.localdomain', availability_zone=u'nova', admin_state_up=True, created_at=datetime.datetime(2018, 6, 7, 12, 44, 57), started_at=datetime.datetime(2018, 6, 27, 22, 5, 35), heartbeat_timestamp=datetime.datetime(2018, 6, 27, 22, 17, 5), description=None, configurations=u'{"agent_mode": "legacy", "gateway_external_network_id": "", "handle_internal_only_routers": true, "routers": 2, "interfaces": 2, "floating_ips": 0, "interface_driver": "neutron.agent.linux.interface.OVSInterfaceDriver", "log_agent_heartbeats": false, "external_network_bridge": "", "ex_gw_ports": 2}', resource_versions=None, load=0}>) {'active': True, 'router_ids': ['12b017fd-f651-4bcc-8546-9c4f52d0c4e9']} wrapper /usr/lib/python2.7/site-packages/oslo_log/helpers.py:66
2018-06-28 00:17:28.503 5110 INFO neutron.wsgi [req-f2a9727d-f999-4ddf-8432-c17aa9d4b78f 7379951a3cdf42eea63db351d92a7eca 06501acb968842beaa9e4adeed714c38 - c29aaa23aca8499d936ab28403eaaaeb c29aaa23aca8499d936ab28403eaaaeb] 10.0.20.27 "PUT /v2.0/floatingips/fea434ad-6cac-40d8-b0c7-f51d5bd88642 HTTP/1.1" status: 200  len: 746 time: 1.6187329
2018-06-28 00:17:28.504 5110 DEBUG oslo_concurrency.lockutils [-] Lock "notifier-78e15282-58a0-42b6-b0fe-ce039e038f77" acquired by "neutron.notifiers.batch_notifier.synced_send" :: waited 0.000s inner /usr/lib/python2.7/site-packages/oslo_concurrency/lockutils.py:270
2018-06-28 00:17:28.505 5110 DEBUG neutron.notifiers.nova [-] Sending events: [{'tag': u'dd9d2194-b79e-41df-873d-6f2a5fd8a659', 'name': 'network-changed', 'server_uuid': u'd65bf59d-6092-4ca4-abf3-28a1bc2f7e9b'}] send_events /usr/lib/python2.7/site-packages/neutron/notifiers/nova.py:242
2018-06-28 00:17:29.371 5114 DEBUG neutron.db.l3_hamode_db [req-444199f0-b31f-424e-822f-ca26dad38311 - - - - -] neutron.services.l3_router.l3_router_plugin.L3RouterPlugin method _process_sync_ha_data called with arguments (<neutron_lib.context.Context object at 0x7fb0652a8ed0>, [{'status': u'ACTIVE', '_interfaces': [{'status': u'ACTIVE', 'subnets': [{'dns_nameservers': [u'8.8.4.4'], 'ipv6_ra_mode': None, 'gateway_ip': u'11.234.1.1', 'cidr': u'11.234.1.0/24', 'id': u'7cbbd06c-fc9b-43e3-8dcb-f4ca4bb690c2', 'subnetpool_id': None}], 'binding:host_id': u'localhost.localdomain', 'description': u'', 'allowed_address_pairs': [], 'tags': [], 'extra_dhcp_opts': [], 'updated_at': '2018-06-27T22:15:45Z', 'device_owner': u'network:router_interface', 'revision_number': 7, 'port_security_enabled': False, 'binding:profile': {}, 'mtu': 1450, 'fixed_ips': [{'subnet_id': u'7cbbd06c-fc9b-43e3-8dcb-f4ca4bb690c2', 'prefixlen': 24, 'ip_address': u'11.234.1.1'}], 'id': u'8622dc7e-1b66-40df-a6b5-852db24aa0b7', 'security_groups': [], 'device_id': u'12b017fd-f651-4bcc-8546-9c4f52d0c4e9', 'name': u'', 'admin_state_up': True, 'network_id': u'5ca51cbb-d473-4160-8ad5-63004c7160ae', 'tenant_id': u'06501acb968842beaa9e4adeed714c38', 'binding:vif_details': {u'port_filter': True, u'datapath_type': u'system', u'ovs_hybrid_plug': True}, 'address_scopes': {4: None, 6: None}, 'binding:vnic_type': u'normal', 'binding:vif_type': u'ovs', 'mac_address': u'fa:16:3e:7a:81:40', 'project_id': u'06501acb968842beaa9e4adeed714c38', 'extra_subnets': [], 'created_at': '2018-06-27T22:15:35Z'}], 'enable_snat': True, 'ha_vr_id': 0, 'description': u'', 'tags': [], 'gw_port': {'status': u'ACTIVE', 'subnets': [{'dns_nameservers': [], 'ipv6_ra_mode': None, 'gateway_ip': u'172.24.4.1', 'cidr': u'172.24.4.0/24', 'id': u'ac2387df-a63d-4d9b-ad90-008a8600e0e1', 'subnetpool_id': None}], 'binding:host_id': u'localhost.localdomain', 'description': u'', 'allowed_address_pairs': [], 'tags': [], 'extra_dhcp_opts': [], 'updated_at': '2018-06-27T22:15:59Z', 'device_owner': u'network:router_gateway', 'revision_number': 6, 'port_security_enabled': False, 'binding:profile': {}, 'mtu': 1500, 'fixed_ips': [{'subnet_id': u'ac2387df-a63d-4d9b-ad90-008a8600e0e1', 'prefixlen': 24, 'ip_address': u'172.24.4.9'}], 'id': u'1eefc8ea-1ad3-454c-a83d-5c2d17308bad', 'security_groups': [], 'device_id': u'12b017fd-f651-4bcc-8546-9c4f52d0c4e9', 'name': u'', 'admin_state_up': True, 'network_id': u'6ca5b7c5-23c0-4771-ad3c-ae15aacd634c', 'tenant_id': u'', 'binding:vif_details': {u'port_filter': True, u'datapath_type': u'system', u'ovs_hybrid_plug': True}, 'address_scopes': {4: None, 6: None}, 'binding:vnic_type': u'normal', 'binding:vif_type': u'ovs', 'mac_address': u'fa:16:3e:34:94:59', 'project_id': u'', 'extra_subnets': [], 'created_at': '2018-06-27T22:15:50Z'}, 'updated_at': '2018-06-27T22:15:52Z', 'revision_number': 3, 'ha': False, 'id': u'12b017fd-f651-4bcc-8546-9c4f52d0c4e9', 'gw_port_host': u'localhost.localdomain', 'external_gateway_info': {'network_id': u'6ca5b7c5-23c0-4771-ad3c-ae15aacd634c', 'enable_snat': True, 'external_fixed_ips': [{'subnet_id': u'ac2387df-a63d-4d9b-ad90-008a8600e0e1', 'ip_address': u'172.24.4.9'}]}, 'availability_zone_hints': [], 'availability_zones': [u'nova'], 'name': u'tempest-router-1530137524', 'gw_port_id': u'1eefc8ea-1ad3-454c-a83d-5c2d17308bad', 'admin_state_up': True, 'tenant_id': u'06501acb968842beaa9e4adeed714c38', 'created_at': '2018-06-27T22:15:11Z', 'distributed': False, 'flavor_id': None, 'routes': [], 'project_id': u'06501acb968842beaa9e4adeed714c38', '_floatingips': [{'router_id': u'12b017fd-f651-4bcc-8546-9c4f52d0c4e9', 'status': u'DOWN', 'description': u'', 'tags': [], 'updated_at': '2018-06-27T22:17:27Z', 'dns_domain': '', 'floating_network_id': u'6ca5b7c5-23c0-4771-ad3c-ae15aacd634c', 'fixed_ip_address': u'11.234.1.11', 'floating_ip_address': u'172.24.4.2', 'revision_number': 1, 'port_id': u'dd9d2194-b79e-41df-873d-6f2a5fd8a659', 'id': u'fea434ad-6cac-40d8-b0c7-f51d5bd88642', 'dns_name': '', 'created_at': '2018-06-27T22:17:10Z', 'tenant_id': u'06501acb968842beaa9e4adeed714c38', 'fixed_ip_address_scope': None, 'project_id': u'06501acb968842beaa9e4adeed714c38'}]}], u'localhost.localdomain', False) {} wrapper /usr/lib/python2.7/site-packages/oslo_log/helpers.py:66
2018-06-28 00:17:29.388 5114 DEBUG neutron.api.rpc.handlers.l3_rpc [req-444199f0-b31f-424e-822f-ca26dad38311 - - - - -] Checking router: 12b017fd-f651-4bcc-8546-9c4f52d0c4e9 for host: localhost.localdomain _ensure_host_set_on_ports /usr/lib/python2.7/site-packages/neutron/api/rpc/handlers/l3_rpc.py:135
2018-06-28 00:17:29.804 5110 DEBUG novaclient.v2.client [-] REQ: curl -g -i -X POST http://10.0.20.27:8774/v2.1/3218dc7862004758b6a8f5b0cc5d6ad5/os-server-external-events -H "User-Agent: python-novaclient" -H "Content-Type: application/json" -H "Accept: application/json" -H "X-OpenStack-Nova-API-Version: 2.1" -H "X-Auth-Token: {SHA1}7e527395467c4a56147b5aa23ca115b8ac8908f4" -d '{"events": [{"tag": "dd9d2194-b79e-41df-873d-6f2a5fd8a659", "name": "network-changed", "server_uuid": "d65bf59d-6092-4ca4-abf3-28a1bc2f7e9b"}]}' _http_log_request /usr/lib/python2.7/site-packages/keystoneauth1/session.py:375
2018-06-28 00:17:29.807 5115 DEBUG neutron.api.rpc.handlers.l3_rpc [req-136c8a39-fd3c-4176-9e26-8d2f8e920ebc - - - - -] New status for floating IP fea434ad-6cac-40d8-b0c7-f51d5bd88642: ACTIVE update_floatingip_statuses /usr/lib/python2.7/site-packages/neutron/api/rpc/handlers/l3_rpc.py:252
2018-06-28 00:17:30.661 5110 INFO neutron.wsgi [req-aaac3aff-33e7-47a2-a4ab-68c34eac63cf 479e046780fe410b9faee29c0cb53b35 3218dc7862004758b6a8f5b0cc5d6ad5 - default default] 10.0.20.27 "GET /v2.0/ports?tenant_id=06501acb968842beaa9e4adeed714c38&device_id=d65bf59d-6092-4ca4-abf3-28a1bc2f7e9b HTTP/1.1" status: 200  len: 1125 time: 0.8040590
2018-06-28 00:17:30.884 5110 DEBUG novaclient.v2.client [-] RESP: [200] Content-Length: 179 Content-Type: application/json Openstack-Api-Version: compute 2.1 X-Openstack-Nova-Api-Version: 2.1 Vary: OpenStack-API-Version, X-OpenStack-Nova-API-Version X-Openstack-Request-Id: req-3f0eec0c-ae8e-40b3-af3f-6f406f8bc709 X-Compute-Request-Id: req-3f0eec0c-ae8e-40b3-af3f-6f406f8bc709 Date: Wed, 27 Jun 2018 22:17:30 GMT Connection: keep-alive 
RESP BODY: {"events": [{"status": "completed", "tag": "dd9d2194-b79e-41df-873d-6f2a5fd8a659", "name": "network-changed", "server_uuid": "d65bf59d-6092-4ca4-abf3-28a1bc2f7e9b", "code": 200}]}
 _http_log_response /usr/lib/python2.7/site-packages/keystoneauth1/session.py:423
2018-06-28 00:17:30.885 5110 DEBUG novaclient.v2.client [-] POST call to compute for http://10.0.20.27:8774/v2.1/3218dc7862004758b6a8f5b0cc5d6ad5/os-server-external-events used request id req-3f0eec0c-ae8e-40b3-af3f-6f406f8bc709 request /usr/lib/python2.7/site-packages/keystoneauth1/session.py:727
2018-06-28 00:17:30.916 5110 INFO neutron.notifiers.nova [-] Nova event response: {u'status': u'completed', u'tag': u'dd9d2194-b79e-41df-873d-6f2a5fd8a659', u'name': u'network-changed', u'server_uuid': u'd65bf59d-6092-4ca4-abf3-28a1bc2f7e9b', u'code': 200}
2018-06-28 00:17:31.040 5107 INFO neutron.wsgi [req-ad55c5a7-4ca4-4361-9520-43c4dd542e6d 479e046780fe410b9faee29c0cb53b35 3218dc7862004758b6a8f5b0cc5d6ad5 - default default] 10.0.20.27 "GET /v2.0/ports?tenant_id=06501acb968842beaa9e4adeed714c38&device_id=d65bf59d-6092-4ca4-abf3-28a1bc2f7e9b HTTP/1.1" status: 200  len: 1125 time: 0.2088251
2018-06-28 00:17:31.086 5110 DEBUG neutron.pecan_wsgi.hooks.policy_enforcement [req-1eadfcf8-500c-40d5-b7fa-cb2e986d953d 479e046780fe410b9faee29c0cb53b35 3218dc7862004758b6a8f5b0cc5d6ad5 - default default] Attributes excluded by policy engine: [u'vlan_transparent'] _exclude_attributes_by_policy /usr/lib/python2.7/site-packages/neutron/pecan_wsgi/hooks/policy_enforcement.py:256
2018-06-28 00:17:31.091 5110 INFO neutron.wsgi [req-1eadfcf8-500c-40d5-b7fa-cb2e986d953d 479e046780fe410b9faee29c0cb53b35 3218dc7862004758b6a8f5b0cc5d6ad5 - default default] 10.0.20.27 "GET /v2.0/networks?id=5ca51cbb-d473-4160-8ad5-63004c7160ae HTTP/1.1" status: 200  len: 885 time: 0.4182501
2018-06-28 00:17:31.163 5110 INFO neutron.wsgi [req-12f09162-b0e0-40f6-b413-f30f6953e932 479e046780fe410b9faee29c0cb53b35 3218dc7862004758b6a8f5b0cc5d6ad5 - default default] 10.0.20.27 "GET /v2.0/floatingips?fixed_ip_address=11.234.1.11&port_id=dd9d2194-b79e-41df-873d-6f2a5fd8a659 HTTP/1.1" status: 200  len: 751 time: 0.0601861
2018-06-28 00:17:31.365 5107 DEBUG neutron.pecan_wsgi.hooks.policy_enforcement [req-9e232b73-a313-4d75-a215-cf6b276f3ca7 479e046780fe410b9faee29c0cb53b35 3218dc7862004758b6a8f5b0cc5d6ad5 - default default] Attributes excluded by policy engine: [u'vlan_transparent'] _exclude_attributes_by_policy /usr/lib/python2.7/site-packages/neutron/pecan_wsgi/hooks/policy_enforcement.py:256
2018-06-28 00:17:31.369 5110 DEBUG neutron.pecan_wsgi.hooks.policy_enforcement [req-fef63cb3-52a0-463a-bb26-ecfaf383da49 479e046780fe410b9faee29c0cb53b35 3218dc7862004758b6a8f5b0cc5d6ad5 - default default] Attributes excluded by policy engine: [u'shared'] _exclude_attributes_by_policy /usr/lib/python2.7/site-packages/neutron/pecan_wsgi/hooks/policy_enforcement.py:256
2018-06-28 00:17:31.371 5107 INFO neutron.wsgi [req-9e232b73-a313-4d75-a215-cf6b276f3ca7 479e046780fe410b9faee29c0cb53b35 3218dc7862004758b6a8f5b0cc5d6ad5 - default default] 10.0.20.27 "GET /v2.0/networks?id=5ca51cbb-d473-4160-8ad5-63004c7160ae HTTP/1.1" status: 200  len: 885 time: 0.3201740
2018-06-28 00:17:31.373 5110 INFO neutron.wsgi [req-fef63cb3-52a0-463a-bb26-ecfaf383da49 479e046780fe410b9faee29c0cb53b35 3218dc7862004758b6a8f5b0cc5d6ad5 - default default] 10.0.20.27 "GET /v2.0/subnets?id=7cbbd06c-fc9b-43e3-8dcb-f4ca4bb690c2 HTTP/1.1" status: 200  len: 847 time: 0.1995718
2018-06-28 00:17:31.464 5107 INFO neutron.wsgi [req-7dba3dda-b563-4311-a450-9c14d45400d9 479e046780fe410b9faee29c0cb53b35 3218dc7862004758b6a8f5b0cc5d6ad5 - default default] 10.0.20.27 "GET /v2.0/floatingips?fixed_ip_address=11.234.1.11&port_id=dd9d2194-b79e-41df-873d-6f2a5fd8a659 HTTP/1.1" status: 200  len: 751 time: 0.0822279
2018-06-28 00:17:31.600 5110 INFO neutron.wsgi [req-d5211b59-2995-4d21-ab07-0558251fcb23 479e046780fe410b9faee29c0cb53b35 3218dc7862004758b6a8f5b0cc5d6ad5 - default default] 10.0.20.27 "GET /v2.0/ports?network_id=5ca51cbb-d473-4160-8ad5-63004c7160ae&device_owner=network%3Adhcp HTTP/1.1" status: 200  len: 1128 time: 0.2186251
2018-06-28 00:17:31.676 5107 DEBUG neutron.pecan_wsgi.hooks.policy_enforcement [req-bbd82ef6-142c-42e4-a9a1-0185e6ebb849 479e046780fe410b9faee29c0cb53b35 3218dc7862004758b6a8f5b0cc5d6ad5 - default default] Attributes excluded by policy engine: [u'shared'] _exclude_attributes_by_policy /usr/lib/python2.7/site-packages/neutron/pecan_wsgi/hooks/policy_enforcement.py:256
2018-06-28 00:17:31.679 5107 INFO neutron.wsgi [req-bbd82ef6-142c-42e4-a9a1-0185e6ebb849 479e046780fe410b9faee29c0cb53b35 3218dc7862004758b6a8f5b0cc5d6ad5 - default default] 10.0.20.27 "GET /v2.0/subnets?id=7cbbd06c-fc9b-43e3-8dcb-f4ca4bb690c2 HTTP/1.1" status: 200  len: 847 time: 0.2076881
2018-06-28 00:17:31.895 5107 INFO neutron.wsgi [req-0912c344-f5de-411c-ad1e-ae8dd4ceaa33 479e046780fe410b9faee29c0cb53b35 3218dc7862004758b6a8f5b0cc5d6ad5 - default default] 10.0.20.27 "GET /v2.0/ports?network_id=5ca51cbb-d473-4160-8ad5-63004c7160ae&device_owner=network%3Adhcp HTTP/1.1" status: 200  len: 1128 time: 0.2047400
2018-06-28 00:17:32.919 5110 DEBUG oslo_concurrency.lockutils [-] Lock "notifier-78e15282-58a0-42b6-b0fe-ce039e038f77" released by "neutron.notifiers.batch_notifier.synced_send" :: held 4.415s inner /usr/lib/python2.7/site-packages/oslo_concurrency/lockutils.py:282
2018-06-28 00:17:33.461 5112 DEBUG neutron.wsgi [-] (5112) accepted ('10.0.20.27', 55854) server /usr/lib/python2.7/site-packages/eventlet/wsgi.py:883
2018-06-28 00:17:33.630 5122 DEBUG neutron.db.agents_db [req-02e441d2-a9da-4603-b7ff-d0b017db2678 - - - - -] Agent healthcheck: found 5 active agents agent_health_check /usr/lib/python2.7/site-packages/neutron/db/agents_db.py:281
2018-06-28 00:17:33.998 5112 INFO neutron.wsgi [req-3d8b98d8-535c-4b73-b0cb-cc9d2bdc4f2d 479e046780fe410b9faee29c0cb53b35 3218dc7862004758b6a8f5b0cc5d6ad5 - default default] 10.0.20.27 "GET /v2.0/ports?device_id=d65bf59d-6092-4ca4-abf3-28a1bc2f7e9b HTTP/1.1" status: 200  len: 1125 time: 0.5348170
2018-06-28 00:17:34.249 5112 INFO neutron.wsgi [req-8d791f5c-e54b-4a8c-be14-389fde05566c 479e046780fe410b9faee29c0cb53b35 3218dc7862004758b6a8f5b0cc5d6ad5 - default default] 10.0.20.27 "GET /v2.0/security-groups?id=c0bec835-8e3e-4bf9-9487-9514bf9a603b HTTP/1.1" status: 200  len: 2118 time: 0.2129831
2018-06-28 00:17:35.288 5118 DEBUG neutron_lib.callbacks.manager [req-405e4fbb-d2f7-460f-a613-db24b8ec11eb - - - - -] Notify callbacks ['neutron.services.segments.db._update_segment_host_mapping_for_agent-8774725556786'] for agent, after_update _notify_loop /usr/lib/python2.7/site-packages/neutron_lib/callbacks/manager.py:167
2018-06-28 00:17:42.879 5109 DEBUG neutron.wsgi [-] (5109) accepted ('10.0.20.27', 55888) server /usr/lib/python2.7/site-packages/eventlet/wsgi.py:883
2018-06-28 00:17:43.329 5109 WARNING keystonemiddleware.auth_token [-] A valid token was submitted as a service token, but it was not a valid service token. This is incorrect but backwards compatible behaviour. This will be removed in future releases.
2018-06-28 00:17:43.850 5109 INFO neutron.wsgi [req-166df85d-a376-43c2-8db6-de6a010e0214 7379951a3cdf42eea63db351d92a7eca 06501acb968842beaa9e4adeed714c38 - c29aaa23aca8499d936ab28403eaaaeb c29aaa23aca8499d936ab28403eaaaeb] 10.0.20.27 "GET /v2.0/ports?device_id=d65bf59d-6092-4ca4-abf3-28a1bc2f7e9b HTTP/1.1" status: 200  len: 1125 time: 0.9678700
2018-06-28 00:17:44.030 5109 INFO neutron.wsgi [req-0267ff78-2a1b-4bf5-abda-50ce67b49404 7379951a3cdf42eea63db351d92a7eca 06501acb968842beaa9e4adeed714c38 - c29aaa23aca8499d936ab28403eaaaeb c29aaa23aca8499d936ab28403eaaaeb] 10.0.20.27 "GET /v2.0/security-groups?id=c0bec835-8e3e-4bf9-9487-9514bf9a603b HTTP/1.1" status: 200  len: 2118 time: 0.1492679
2018-06-28 00:17:53.779 5120 DEBUG neutron_lib.callbacks.manager [req-fbb0ea19-1168-42fa-9da9-d6ce15cd17e3 - - - - -] Notify callbacks ['neutron.services.segments.db._update_segment_host_mapping_for_agent-8774725556786'] for agent, after_update _notify_loop /usr/lib/python2.7/site-packages/neutron_lib/callbacks/manager.py:167
2018-06-28 00:17:53.792 5117 DEBUG neutron_lib.callbacks.manager [req-65fa78af-c10c-420b-bece-e081fb9a347e - - - - -] Notify callbacks ['neutron.services.segments.db._update_segment_host_mapping_for_agent-8774725556786'] for agent, after_update _notify_loop /usr/lib/python2.7/site-packages/neutron_lib/callbacks/manager.py:167
2018-06-28 00:17:53.814 5119 DEBUG neutron_lib.callbacks.manager [req-7dcd39a3-3913-4c1f-a0de-1341b74e3b17 - - - - -] Notify callbacks ['neutron.services.segments.db._update_segment_host_mapping_for_agent-8774725556786'] for agent, after_update _notify_loop /usr/lib/python2.7/site-packages/neutron_lib/callbacks/manager.py:167
2018-06-28 00:17:53.863 5113 DEBUG neutron_lib.callbacks.manager [req-da3ff883-12c0-437e-a891-c3fa2471d270 - - - - -] Notify callbacks ['neutron.services.segments.db._update_segment_host_mapping_for_agent-8774725556786'] for agent, after_update _notify_loop /usr/lib/python2.7/site-packages/neutron_lib/callbacks/manager.py:167
2018-06-28 00:17:56.143 5107 INFO neutron.wsgi [req-5972956f-c394-4982-b10f-24e3a0871659 479e046780fe410b9faee29c0cb53b35 3218dc7862004758b6a8f5b0cc5d6ad5 - default default] 10.0.20.27 "GET /v2.0/ports?tenant_id=06501acb968842beaa9e4adeed714c38&device_id=d65bf59d-6092-4ca4-abf3-28a1bc2f7e9b HTTP/1.1" status: 200  len: 1125 time: 0.1870022
2018-06-28 00:17:56.434 5107 DEBUG neutron.pecan_wsgi.hooks.policy_enforcement [req-6914c588-d8fd-46ca-9fe1-7423efe4a1e6 479e046780fe410b9faee29c0cb53b35 3218dc7862004758b6a8f5b0cc5d6ad5 - default default] Attributes excluded by policy engine: [u'vlan_transparent'] _exclude_attributes_by_policy /usr/lib/python2.7/site-packages/neutron/pecan_wsgi/hooks/policy_enforcement.py:256
2018-06-28 00:17:56.436 5107 INFO neutron.wsgi [req-6914c588-d8fd-46ca-9fe1-7423efe4a1e6 479e046780fe410b9faee29c0cb53b35 3218dc7862004758b6a8f5b0cc5d6ad5 - default default] 10.0.20.27 "GET /v2.0/networks?id=5ca51cbb-d473-4160-8ad5-63004c7160ae HTTP/1.1" status: 200  len: 885 time: 0.2857440
2018-06-28 00:17:56.495 5107 INFO neutron.wsgi [req-320daf28-e9ab-49ac-984d-a3f673cfb49e 479e046780fe410b9faee29c0cb53b35 3218dc7862004758b6a8f5b0cc5d6ad5 - default default] 10.0.20.27 "GET /v2.0/floatingips?fixed_ip_address=11.234.1.11&port_id=dd9d2194-b79e-41df-873d-6f2a5fd8a659 HTTP/1.1" status: 200  len: 751 time: 0.0503139
2018-06-28 00:17:56.653 5107 DEBUG neutron.pecan_wsgi.hooks.policy_enforcement [req-b24afd68-547e-44c9-b2a3-3edbbf9929c2 479e046780fe410b9faee29c0cb53b35 3218dc7862004758b6a8f5b0cc5d6ad5 - default default] Attributes excluded by policy engine: [u'shared'] _exclude_attributes_by_policy /usr/lib/python2.7/site-packages/neutron/pecan_wsgi/hooks/policy_enforcement.py:256
2018-06-28 00:17:56.656 5107 INFO neutron.wsgi [req-b24afd68-547e-44c9-b2a3-3edbbf9929c2 479e046780fe410b9faee29c0cb53b35 3218dc7862004758b6a8f5b0cc5d6ad5 - default default] 10.0.20.27 "GET /v2.0/subnets?id=7cbbd06c-fc9b-43e3-8dcb-f4ca4bb690c2 HTTP/1.1" status: 200  len: 847 time: 0.1523931
2018-06-28 00:17:56.795 5107 INFO neutron.wsgi [req-ca0b3f76-0a0b-458d-b0d4-59f1a5af8857 479e046780fe410b9faee29c0cb53b35 3218dc7862004758b6a8f5b0cc5d6ad5 - default default] 10.0.20.27 "GET /v2.0/ports?network_id=5ca51cbb-d473-4160-8ad5-63004c7160ae&device_owner=network%3Adhcp HTTP/1.1" status: 200  len: 1128 time: 0.1310749
2018-06-28 00:18:05.016 5110 INFO neutron.wsgi [req-2af48c18-ee30-49e3-a976-0a4f56e3d68c 63dd087b5b45491988c27dec9720dcdd 3218dc7862004758b6a8f5b0cc5d6ad5 - default default] 10.0.20.27 "GET /v2.0/ports?device_id=d65bf59d-6092-4ca4-abf3-28a1bc2f7e9b HTTP/1.1" status: 200  len: 1125 time: 0.6182690
2018-06-28 00:18:05.142 5110 INFO neutron.wsgi [req-36e80a09-9db6-4b42-8bec-32885553f14a 63dd087b5b45491988c27dec9720dcdd 3218dc7862004758b6a8f5b0cc5d6ad5 - default default] 10.0.20.27 "GET /v2.0/security-groups?id=c0bec835-8e3e-4bf9-9487-9514bf9a603b HTTP/1.1" status: 200  len: 2118 time: 0.1176710
2018-06-28 00:18:05.278 5114 DEBUG neutron_lib.callbacks.manager [req-7cbd6d0b-d843-418a-865b-2e8859956687 - - - - -] Notify callbacks ['neutron.services.segments.db._update_segment_host_mapping_for_agent-8774725556786'] for agent, after_update _notify_loop /usr/lib/python2.7/site-packages/neutron_lib/callbacks/manager.py:167
2018-06-28 00:18:09.871 5110 DEBUG neutron.wsgi [-] (5110) accepted ('10.0.20.27', 56040) server /usr/lib/python2.7/site-packages/eventlet/wsgi.py:883
2018-06-28 00:18:10.631 5122 DEBUG neutron.db.agents_db [req-02e441d2-a9da-4603-b7ff-d0b017db2678 - - - - -] Agent healthcheck: found 5 active agents agent_health_check /usr/lib/python2.7/site-packages/neutron/db/agents_db.py:281
2018-06-28 00:18:11.024 5110 INFO neutron.wsgi [req-047848b5-182f-4c78-8da3-91fa71afbd1a 7379951a3cdf42eea63db351d92a7eca 06501acb968842beaa9e4adeed714c38 - c29aaa23aca8499d936ab28403eaaaeb c29aaa23aca8499d936ab28403eaaaeb] 10.0.20.27 "GET /v2.0/ports?device_id=d65bf59d-6092-4ca4-abf3-28a1bc2f7e9b HTTP/1.1" status: 200  len: 1125 time: 1.1504550
2018-06-28 00:18:11.196 5110 INFO neutron.wsgi [req-c3adf071-d2aa-4055-be22-a1732f363103 7379951a3cdf42eea63db351d92a7eca 06501acb968842beaa9e4adeed714c38 - c29aaa23aca8499d936ab28403eaaaeb c29aaa23aca8499d936ab28403eaaaeb] 10.0.20.27 "GET /v2.0/security-groups?id=c0bec835-8e3e-4bf9-9487-9514bf9a603b HTTP/1.1" status: 200  len: 2118 time: 0.1336432
2018-06-28 00:18:23.786 5115 DEBUG neutron_lib.callbacks.manager [req-fbb0ea19-1168-42fa-9da9-d6ce15cd17e3 - - - - -] Notify callbacks ['neutron.services.segments.db._update_segment_host_mapping_for_agent-8774725556786'] for agent, after_update _notify_loop /usr/lib/python2.7/site-packages/neutron_lib/callbacks/manager.py:167
2018-06-28 00:18:23.799 5116 DEBUG neutron_lib.callbacks.manager [req-38e3561d-5dcf-4154-b81a-0f5b51194078 - - - - -] Notify callbacks ['neutron.services.segments.db._update_segment_host_mapping_for_agent-8774725556786'] for agent, after_update _notify_loop /usr/lib/python2.7/site-packages/neutron_lib/callbacks/manager.py:167
2018-06-28 00:18:23.814 5121 DEBUG neutron_lib.callbacks.manager [req-7dcd39a3-3913-4c1f-a0de-1341b74e3b17 - - - - -] Notify callbacks ['neutron.services.segments.db._update_segment_host_mapping_for_agent-8774725556786'] for agent, after_update _notify_loop /usr/lib/python2.7/site-packages/neutron_lib/callbacks/manager.py:167
2018-06-28 00:18:23.879 5118 DEBUG neutron_lib.callbacks.manager [req-da3ff883-12c0-437e-a891-c3fa2471d270 - - - - -] Notify callbacks ['neutron.services.segments.db._update_segment_host_mapping_for_agent-8774725556786'] for agent, after_update _notify_loop /usr/lib/python2.7/site-packages/neutron_lib/callbacks/manager.py:167
2018-06-28 00:18:25.263 5110 INFO neutron.wsgi [req-087b9d56-aa60-4335-95cd-dfa50e5f69f6 7379951a3cdf42eea63db351d92a7eca 06501acb968842beaa9e4adeed714c38 - c29aaa23aca8499d936ab28403eaaaeb c29aaa23aca8499d936ab28403eaaaeb] 10.0.20.27 "GET /v2.0/ports?device_id=d65bf59d-6092-4ca4-abf3-28a1bc2f7e9b HTTP/1.1" status: 200  len: 1125 time: 0.7264450
2018-06-28 00:18:25.423 5110 INFO neutron.wsgi [req-1fcd71f0-0592-4dee-86b1-77f15eb92462 7379951a3cdf42eea63db351d92a7eca 06501acb968842beaa9e4adeed714c38 - c29aaa23aca8499d936ab28403eaaaeb c29aaa23aca8499d936ab28403eaaaeb] 10.0.20.27 "GET /v2.0/security-groups?id=c0bec835-8e3e-4bf9-9487-9514bf9a603b HTTP/1.1" status: 200  len: 2118 time: 0.1525891
2018-06-28 00:18:35.294 5120 DEBUG neutron_lib.callbacks.manager [req-8d345fcc-e5e6-4c9b-bc81-a7ddc072fc18 - - - - -] Notify callbacks ['neutron.services.segments.db._update_segment_host_mapping_for_agent-8774725556786'] for agent, after_update _notify_loop /usr/lib/python2.7/site-packages/neutron_lib/callbacks/manager.py:167
2018-06-28 00:18:42.304 5110 INFO neutron.wsgi [req-8848dc86-ad09-4a80-ac73-b4076705fcfb 7379951a3cdf42eea63db351d92a7eca 06501acb968842beaa9e4adeed714c38 - c29aaa23aca8499d936ab28403eaaaeb c29aaa23aca8499d936ab28403eaaaeb] 10.0.20.27 "GET /v2.0/ports?device_id=d65bf59d-6092-4ca4-abf3-28a1bc2f7e9b HTTP/1.1" status: 200  len: 1125 time: 0.6847379
2018-06-28 00:18:42.445 5110 INFO neutron.wsgi [req-bad2b3d1-4a31-434e-bc73-e82ad1a9cd52 7379951a3cdf42eea63db351d92a7eca 06501acb968842beaa9e4adeed714c38 - c29aaa23aca8499d936ab28403eaaaeb c29aaa23aca8499d936ab28403eaaaeb] 10.0.20.27 "GET /v2.0/security-groups?id=c0bec835-8e3e-4bf9-9487-9514bf9a603b HTTP/1.1" status: 200  len: 2118 time: 0.1304429
2018-06-28 00:18:47.632 5122 DEBUG neutron.db.agents_db [req-02e441d2-a9da-4603-b7ff-d0b017db2678 - - - - -] Agent healthcheck: found 5 active agents agent_health_check /usr/lib/python2.7/site-packages/neutron/db/agents_db.py:281
2018-06-28 00:18:53.164 5110 DEBUG neutron.wsgi [-] (5110) accepted ('10.0.20.27', 57166) server /usr/lib/python2.7/site-packages/eventlet/wsgi.py:883
2018-06-28 00:18:53.773 5117 DEBUG neutron_lib.callbacks.manager [req-fbb0ea19-1168-42fa-9da9-d6ce15cd17e3 - - - - -] Notify callbacks ['neutron.services.segments.db._update_segment_host_mapping_for_agent-8774725556786'] for agent, after_update _notify_loop /usr/lib/python2.7/site-packages/neutron_lib/callbacks/manager.py:167
2018-06-28 00:18:53.788 5119 DEBUG neutron_lib.callbacks.manager [req-a2dbb747-6c97-4618-aadc-9e3b9f3e9700 - - - - -] Notify callbacks ['neutron.services.segments.db._update_segment_host_mapping_for_agent-8774725556786'] for agent, after_update _notify_loop /usr/lib/python2.7/site-packages/neutron_lib/callbacks/manager.py:167
2018-06-28 00:18:53.804 5113 DEBUG neutron_lib.callbacks.manager [req-7dcd39a3-3913-4c1f-a0de-1341b74e3b17 - - - - -] Notify callbacks ['neutron.services.segments.db._update_segment_host_mapping_for_agent-8774725556786'] for agent, after_update _notify_loop /usr/lib/python2.7/site-packages/neutron_lib/callbacks/manager.py:167
2018-06-28 00:18:53.854 5114 DEBUG neutron_lib.callbacks.manager [req-da3ff883-12c0-437e-a891-c3fa2471d270 - - - - -] Notify callbacks ['neutron.services.segments.db._update_segment_host_mapping_for_agent-8774725556786'] for agent, after_update _notify_loop /usr/lib/python2.7/site-packages/neutron_lib/callbacks/manager.py:167
2018-06-28 00:18:54.751 5110 INFO neutron.wsgi [req-aa57f0e1-035e-41ce-8d62-d0abc13d7274 7379951a3cdf42eea63db351d92a7eca 06501acb968842beaa9e4adeed714c38 - c29aaa23aca8499d936ab28403eaaaeb c29aaa23aca8499d936ab28403eaaaeb] 10.0.20.27 "GET /v2.0/ports?device_id=d65bf59d-6092-4ca4-abf3-28a1bc2f7e9b HTTP/1.1" status: 200  len: 1125 time: 1.5832531
2018-06-28 00:18:54.939 5110 INFO neutron.wsgi [req-d5cef7d3-492a-41f1-b3c2-b008d0808064 7379951a3cdf42eea63db351d92a7eca 06501acb968842beaa9e4adeed714c38 - c29aaa23aca8499d936ab28403eaaaeb c29aaa23aca8499d936ab28403eaaaeb] 10.0.20.27 "GET /v2.0/security-groups?id=c0bec835-8e3e-4bf9-9487-9514bf9a603b HTTP/1.1" status: 200  len: 2118 time: 0.1488459
2018-06-28 00:19:00.234 5107 INFO neutron.wsgi [req-afa2e295-6eaf-4956-b301-cf3aedcc2ef7 479e046780fe410b9faee29c0cb53b35 3218dc7862004758b6a8f5b0cc5d6ad5 - default default] 10.0.20.27 "GET /v2.0/ports?tenant_id=06501acb968842beaa9e4adeed714c38&device_id=d65bf59d-6092-4ca4-abf3-28a1bc2f7e9b HTTP/1.1" status: 200  len: 1125 time: 0.1127219
2018-06-28 00:19:00.499 5107 DEBUG neutron.pecan_wsgi.hooks.policy_enforcement [req-9b04cf52-c081-4c7f-8ae5-7fe4fea0f0d8 479e046780fe410b9faee29c0cb53b35 3218dc7862004758b6a8f5b0cc5d6ad5 - default default] Attributes excluded by policy engine: [u'vlan_transparent'] _exclude_attributes_by_policy /usr/lib/python2.7/site-packages/neutron/pecan_wsgi/hooks/policy_enforcement.py:256
2018-06-28 00:19:00.503 5107 INFO neutron.wsgi [req-9b04cf52-c081-4c7f-8ae5-7fe4fea0f0d8 479e046780fe410b9faee29c0cb53b35 3218dc7862004758b6a8f5b0cc5d6ad5 - default default] 10.0.20.27 "GET /v2.0/networks?id=5ca51cbb-d473-4160-8ad5-63004c7160ae HTTP/1.1" status: 200  len: 885 time: 0.2609949
2018-06-28 00:19:00.574 5107 INFO neutron.wsgi [req-1938c811-0804-437b-b9ba-42e3bc2f07e1 479e046780fe410b9faee29c0cb53b35 3218dc7862004758b6a8f5b0cc5d6ad5 - default default] 10.0.20.27 "GET /v2.0/floatingips?fixed_ip_address=11.234.1.11&port_id=dd9d2194-b79e-41df-873d-6f2a5fd8a659 HTTP/1.1" status: 200  len: 751 time: 0.0612919
2018-06-28 00:19:00.723 5107 DEBUG neutron.pecan_wsgi.hooks.policy_enforcement [req-5a6d37c1-3ba2-4e6e-8cea-aa81e72021e0 479e046780fe410b9faee29c0cb53b35 3218dc7862004758b6a8f5b0cc5d6ad5 - default default] Attributes excluded by policy engine: [u'shared'] _exclude_attributes_by_policy /usr/lib/python2.7/site-packages/neutron/pecan_wsgi/hooks/policy_enforcement.py:256
2018-06-28 00:19:00.725 5107 INFO neutron.wsgi [req-5a6d37c1-3ba2-4e6e-8cea-aa81e72021e0 479e046780fe410b9faee29c0cb53b35 3218dc7862004758b6a8f5b0cc5d6ad5 - default default] 10.0.20.27 "GET /v2.0/subnets?id=7cbbd06c-fc9b-43e3-8dcb-f4ca4bb690c2 HTTP/1.1" status: 200  len: 847 time: 0.1436789
2018-06-28 00:19:00.861 5107 INFO neutron.wsgi [req-a52c46f7-4715-404c-a145-edea3171a7fa 479e046780fe410b9faee29c0cb53b35 3218dc7862004758b6a8f5b0cc5d6ad5 - default default] 10.0.20.27 "GET /v2.0/ports?network_id=5ca51cbb-d473-4160-8ad5-63004c7160ae&device_owner=network%3Adhcp HTTP/1.1" status: 200  len: 1128 time: 0.1280141
2018-06-28 00:19:05.289 5115 DEBUG neutron_lib.callbacks.manager [req-9ade9fc2-037a-405f-8ede-151218d48789 - - - - -] Notify callbacks ['neutron.services.segments.db._update_segment_host_mapping_for_agent-8774725556786'] for agent, after_update _notify_loop /usr/lib/python2.7/site-packages/neutron_lib/callbacks/manager.py:167
2018-06-28 00:19:12.609 5108 INFO neutron.wsgi [req-c9dc5ecb-7eab-4070-918e-750b0b966edc 7379951a3cdf42eea63db351d92a7eca 06501acb968842beaa9e4adeed714c38 - c29aaa23aca8499d936ab28403eaaaeb c29aaa23aca8499d936ab28403eaaaeb] 10.0.20.27 "GET /v2.0/ports?device_id=d65bf59d-6092-4ca4-abf3-28a1bc2f7e9b HTTP/1.1" status: 200  len: 1125 time: 0.7267120
2018-06-28 00:19:12.747 5108 INFO neutron.wsgi [req-3ac2c6a5-04cb-4a2d-bf0b-92c58b22e447 7379951a3cdf42eea63db351d92a7eca 06501acb968842beaa9e4adeed714c38 - c29aaa23aca8499d936ab28403eaaaeb c29aaa23aca8499d936ab28403eaaaeb] 10.0.20.27 "GET /v2.0/security-groups?id=c0bec835-8e3e-4bf9-9487-9514bf9a603b HTTP/1.1" status: 200  len: 2118 time: 0.1294520
2018-06-28 00:19:17.354 5109 INFO neutron.wsgi [req-09a725e8-68c6-452a-aa28-0a0b82248900 63dd087b5b45491988c27dec9720dcdd 3218dc7862004758b6a8f5b0cc5d6ad5 - default default] 10.0.20.27 "GET /v2.0/ports?device_id=d65bf59d-6092-4ca4-abf3-28a1bc2f7e9b HTTP/1.1" status: 200  len: 1125 time: 0.6587441
2018-06-28 00:19:17.489 5109 INFO neutron.wsgi [req-ed646c67-f251-443e-ba58-16f41fe67851 63dd087b5b45491988c27dec9720dcdd 3218dc7862004758b6a8f5b0cc5d6ad5 - default default] 10.0.20.27 "GET /v2.0/security-groups?id=c0bec835-8e3e-4bf9-9487-9514bf9a603b HTTP/1.1" status: 200  len: 2118 time: 0.1249309
2018-06-28 00:19:23.813 5116 DEBUG neutron_lib.callbacks.manager [req-fbb0ea19-1168-42fa-9da9-d6ce15cd17e3 - - - - -] Notify callbacks ['neutron.services.segments.db._update_segment_host_mapping_for_agent-8774725556786'] for agent, after_update _notify_loop /usr/lib/python2.7/site-packages/neutron_lib/callbacks/manager.py:167
2018-06-28 00:19:23.837 5121 DEBUG neutron_lib.callbacks.manager [req-8a2fe67a-7bdb-4022-b099-b98559911d11 - - - - -] Notify callbacks ['neutron.services.segments.db._update_segment_host_mapping_for_agent-8774725556786'] for agent, after_update _notify_loop /usr/lib/python2.7/site-packages/neutron_lib/callbacks/manager.py:167
2018-06-28 00:19:23.863 5118 DEBUG neutron_lib.callbacks.manager [req-7dcd39a3-3913-4c1f-a0de-1341b74e3b17 - - - - -] Notify callbacks ['neutron.services.segments.db._update_segment_host_mapping_for_agent-8774725556786'] for agent, after_update _notify_loop /usr/lib/python2.7/site-packages/neutron_lib/callbacks/manager.py:167
2018-06-28 00:19:23.881 5120 DEBUG neutron_lib.callbacks.manager [req-da3ff883-12c0-437e-a891-c3fa2471d270 - - - - -] Notify callbacks ['neutron.services.segments.db._update_segment_host_mapping_for_agent-8774725556786'] for agent, after_update _notify_loop /usr/lib/python2.7/site-packages/neutron_lib/callbacks/manager.py:167
2018-06-28 00:19:24.625 5122 DEBUG neutron.db.agents_db [req-02e441d2-a9da-4603-b7ff-d0b017db2678 - - - - -] Agent healthcheck: found 5 active agents agent_health_check /usr/lib/python2.7/site-packages/neutron/db/agents_db.py:281
2018-06-28 00:19:27.623 5108 INFO neutron.wsgi [req-aaa2d14d-5d47-4f4e-bdbd-ab87cfe5a2ed 7379951a3cdf42eea63db351d92a7eca 06501acb968842beaa9e4adeed714c38 - c29aaa23aca8499d936ab28403eaaaeb c29aaa23aca8499d936ab28403eaaaeb] 10.0.20.27 "GET /v2.0/ports?device_id=d65bf59d-6092-4ca4-abf3-28a1bc2f7e9b HTTP/1.1" status: 200  len: 1125 time: 0.6579299
2018-06-28 00:19:27.722 5108 INFO neutron.wsgi [req-0f7c6ac7-b3f5-46c2-9bce-b27bfd73d202 7379951a3cdf42eea63db351d92a7eca 06501acb968842beaa9e4adeed714c38 - c29aaa23aca8499d936ab28403eaaaeb c29aaa23aca8499d936ab28403eaaaeb] 10.0.20.27 "GET /v2.0/security-groups?id=c0bec835-8e3e-4bf9-9487-9514bf9a603b HTTP/1.1" status: 200  len: 2118 time: 0.0918880
2018-06-28 00:19:35.298 5117 DEBUG neutron_lib.callbacks.manager [req-3e2d58a9-8e74-4bfa-83b6-eeb58ee0f6ff - - - - -] Notify callbacks ['neutron.services.segments.db._update_segment_host_mapping_for_agent-8774725556786'] for agent, after_update _notify_loop /usr/lib/python2.7/site-packages/neutron_lib/callbacks/manager.py:167
2018-06-28 00:19:42.599 5110 INFO neutron.wsgi [req-7d7471ec-4474-47be-819b-4e706e422b72 7379951a3cdf42eea63db351d92a7eca 06501acb968842beaa9e4adeed714c38 - c29aaa23aca8499d936ab28403eaaaeb c29aaa23aca8499d936ab28403eaaaeb] 10.0.20.27 "GET /v2.0/ports?device_id=d65bf59d-6092-4ca4-abf3-28a1bc2f7e9b HTTP/1.1" status: 200  len: 1125 time: 0.9812889
2018-06-28 00:19:42.775 5110 INFO neutron.wsgi [req-8e03e2d4-772d-4c00-bf7a-2f22e42d0b16 7379951a3cdf42eea63db351d92a7eca 06501acb968842beaa9e4adeed714c38 - c29aaa23aca8499d936ab28403eaaaeb c29aaa23aca8499d936ab28403eaaaeb] 10.0.20.27 "GET /v2.0/security-groups?id=c0bec835-8e3e-4bf9-9487-9514bf9a603b HTTP/1.1" status: 200  len: 2118 time: 0.1688089
2018-06-28 00:19:53.769 5119 DEBUG neutron_lib.callbacks.manager [req-fbb0ea19-1168-42fa-9da9-d6ce15cd17e3 - - - - -] Notify callbacks ['neutron.services.segments.db._update_segment_host_mapping_for_agent-8774725556786'] for agent, after_update _notify_loop /usr/lib/python2.7/site-packages/neutron_lib/callbacks/manager.py:167
2018-06-28 00:19:53.795 5113 DEBUG neutron_lib.callbacks.manager [req-e6193b0a-51a7-46d6-b2bd-11bc263de857 - - - - -] Notify callbacks ['neutron.services.segments.db._update_segment_host_mapping_for_agent-8774725556786'] for agent, after_update _notify_loop /usr/lib/python2.7/site-packages/neutron_lib/callbacks/manager.py:167
2018-06-28 00:19:53.808 5114 DEBUG neutron_lib.callbacks.manager [req-7dcd39a3-3913-4c1f-a0de-1341b74e3b17 - - - - -] Notify callbacks ['neutron.services.segments.db._update_segment_host_mapping_for_agent-8774725556786'] for agent, after_update _notify_loop /usr/lib/python2.7/site-packages/neutron_lib/callbacks/manager.py:167
2018-06-28 00:19:53.851 5115 DEBUG neutron_lib.callbacks.manager [req-da3ff883-12c0-437e-a891-c3fa2471d270 - - - - -] Notify callbacks ['neutron.services.segments.db._update_segment_host_mapping_for_agent-8774725556786'] for agent, after_update _notify_loop /usr/lib/python2.7/site-packages/neutron_lib/callbacks/manager.py:167
2018-06-28 00:19:56.265 5108 INFO neutron.wsgi [req-4df2c53d-90fa-4f5d-9016-70c6a788bcb4 7379951a3cdf42eea63db351d92a7eca 06501acb968842beaa9e4adeed714c38 - c29aaa23aca8499d936ab28403eaaaeb c29aaa23aca8499d936ab28403eaaaeb] 10.0.20.27 "GET /v2.0/ports?device_id=d65bf59d-6092-4ca4-abf3-28a1bc2f7e9b HTTP/1.1" status: 200  len: 1125 time: 0.6573060
2018-06-28 00:19:56.404 5108 INFO neutron.wsgi [req-bad7eafc-8c56-46bf-95df-5c767adce93b 7379951a3cdf42eea63db351d92a7eca 06501acb968842beaa9e4adeed714c38 - c29aaa23aca8499d936ab28403eaaaeb c29aaa23aca8499d936ab28403eaaaeb] 10.0.20.27 "GET /v2.0/security-groups?id=c0bec835-8e3e-4bf9-9487-9514bf9a603b HTTP/1.1" status: 200  len: 2118 time: 0.1314981
2018-06-28 00:19:57.238 5107 INFO neutron.wsgi [req-bc48b526-49cb-4820-bf04-537766c1fb30 479e046780fe410b9faee29c0cb53b35 3218dc7862004758b6a8f5b0cc5d6ad5 - default default] 10.0.20.27 "GET /v2.0/ports?tenant_id=06501acb968842beaa9e4adeed714c38&device_id=d65bf59d-6092-4ca4-abf3-28a1bc2f7e9b HTTP/1.1" status: 200  len: 1125 time: 0.1672940
2018-06-28 00:19:57.456 5107 DEBUG neutron.pecan_wsgi.hooks.policy_enforcement [req-c3037dd3-2d32-4bb0-91c7-df05050e4afd 479e046780fe410b9faee29c0cb53b35 3218dc7862004758b6a8f5b0cc5d6ad5 - default default] Attributes excluded by policy engine: [u'vlan_transparent'] _exclude_attributes_by_policy /usr/lib/python2.7/site-packages/neutron/pecan_wsgi/hooks/policy_enforcement.py:256
2018-06-28 00:19:57.459 5107 INFO neutron.wsgi [req-c3037dd3-2d32-4bb0-91c7-df05050e4afd 479e046780fe410b9faee29c0cb53b35 3218dc7862004758b6a8f5b0cc5d6ad5 - default default] 10.0.20.27 "GET /v2.0/networks?id=5ca51cbb-d473-4160-8ad5-63004c7160ae HTTP/1.1" status: 200  len: 885 time: 0.2097781
2018-06-28 00:19:57.519 5107 INFO neutron.wsgi [req-a6d299b2-70f1-4953-a7fe-bf58b91d5675 479e046780fe410b9faee29c0cb53b35 3218dc7862004758b6a8f5b0cc5d6ad5 - default default] 10.0.20.27 "GET /v2.0/floatingips?fixed_ip_address=11.234.1.11&port_id=dd9d2194-b79e-41df-873d-6f2a5fd8a659 HTTP/1.1" status: 200  len: 751 time: 0.0519259
2018-06-28 00:19:57.679 5107 DEBUG neutron.pecan_wsgi.hooks.policy_enforcement [req-f72f7bee-df3c-4766-8e25-96bd4dccce95 479e046780fe410b9faee29c0cb53b35 3218dc7862004758b6a8f5b0cc5d6ad5 - default default] Attributes excluded by policy engine: [u'shared'] _exclude_attributes_by_policy /usr/lib/python2.7/site-packages/neutron/pecan_wsgi/hooks/policy_enforcement.py:256
2018-06-28 00:19:57.682 5107 INFO neutron.wsgi [req-f72f7bee-df3c-4766-8e25-96bd4dccce95 479e046780fe410b9faee29c0cb53b35 3218dc7862004758b6a8f5b0cc5d6ad5 - default default] 10.0.20.27 "GET /v2.0/subnets?id=7cbbd06c-fc9b-43e3-8dcb-f4ca4bb690c2 HTTP/1.1" status: 200  len: 847 time: 0.1569080
2018-06-28 00:19:57.842 5107 INFO neutron.wsgi [req-640d14c2-927b-477e-aabd-8e8769a68c3d 479e046780fe410b9faee29c0cb53b35 3218dc7862004758b6a8f5b0cc5d6ad5 - default default] 10.0.20.27 "GET /v2.0/ports?network_id=5ca51cbb-d473-4160-8ad5-63004c7160ae&device_owner=network%3Adhcp HTTP/1.1" status: 200  len: 1128 time: 0.1529660
2018-06-28 00:19:58.195 5107 INFO neutron.wsgi [req-6664545b-d25c-409b-983d-258326ea228d 479e046780fe410b9faee29c0cb53b35 3218dc7862004758b6a8f5b0cc5d6ad5 - default default] 10.0.20.27 "GET /v2.0/ports?tenant_id=06501acb968842beaa9e4adeed714c38&device_id=d65bf59d-6092-4ca4-abf3-28a1bc2f7e9b HTTP/1.1" status: 200  len: 1125 time: 0.1330948
2018-06-28 00:19:58.453 5107 DEBUG neutron.pecan_wsgi.hooks.policy_enforcement [req-b1d90bce-0aa0-4f5f-9b31-49e0893b4da5 479e046780fe410b9faee29c0cb53b35 3218dc7862004758b6a8f5b0cc5d6ad5 - default default] Attributes excluded by policy engine: [u'vlan_transparent'] _exclude_attributes_by_policy /usr/lib/python2.7/site-packages/neutron/pecan_wsgi/hooks/policy_enforcement.py:256
2018-06-28 00:19:58.456 5107 INFO neutron.wsgi [req-b1d90bce-0aa0-4f5f-9b31-49e0893b4da5 479e046780fe410b9faee29c0cb53b35 3218dc7862004758b6a8f5b0cc5d6ad5 - default default] 10.0.20.27 "GET /v2.0/networks?id=5ca51cbb-d473-4160-8ad5-63004c7160ae HTTP/1.1" status: 200  len: 885 time: 0.2524860
2018-06-28 00:19:58.534 5107 INFO neutron.wsgi [req-34ff0508-524e-492d-9819-624b44d86489 479e046780fe410b9faee29c0cb53b35 3218dc7862004758b6a8f5b0cc5d6ad5 - default default] 10.0.20.27 "GET /v2.0/floatingips?fixed_ip_address=11.234.1.11&port_id=dd9d2194-b79e-41df-873d-6f2a5fd8a659 HTTP/1.1" status: 200  len: 751 time: 0.0686910
2018-06-28 00:19:58.973 5107 DEBUG neutron.pecan_wsgi.hooks.policy_enforcement [req-b90e30c0-6c51-4670-8ebc-b60f03250a77 479e046780fe410b9faee29c0cb53b35 3218dc7862004758b6a8f5b0cc5d6ad5 - default default] Attributes excluded by policy engine: [u'shared'] _exclude_attributes_by_policy /usr/lib/python2.7/site-packages/neutron/pecan_wsgi/hooks/policy_enforcement.py:256
2018-06-28 00:19:58.977 5107 INFO neutron.wsgi [req-b90e30c0-6c51-4670-8ebc-b60f03250a77 479e046780fe410b9faee29c0cb53b35 3218dc7862004758b6a8f5b0cc5d6ad5 - default default] 10.0.20.27 "GET /v2.0/subnets?id=7cbbd06c-fc9b-43e3-8dcb-f4ca4bb690c2 HTTP/1.1" status: 200  len: 847 time: 0.4316750
2018-06-28 00:19:59.158 5107 INFO neutron.wsgi [req-c78afb68-61f5-4525-91dc-edf1032ed3a2 479e046780fe410b9faee29c0cb53b35 3218dc7862004758b6a8f5b0cc5d6ad5 - default default] 10.0.20.27 "GET /v2.0/ports?network_id=5ca51cbb-d473-4160-8ad5-63004c7160ae&device_owner=network%3Adhcp HTTP/1.1" status: 200  len: 1128 time: 0.1716700
2018-06-28 00:19:59.392 5117 DEBUG neutron.plugins.ml2.rpc [req-fbb0ea19-1168-42fa-9da9-d6ce15cd17e3 - - - - -] Device dd9d2194-b79e-41df-873d-6f2a5fd8a659 no longer exists at agent ovs-agent-localhost.localdomain update_device_down /usr/lib/python2.7/site-packages/neutron/plugins/ml2/rpc.py:213
2018-06-28 00:19:59.895 5117 DEBUG neutron_lib.callbacks.manager [req-fbb0ea19-1168-42fa-9da9-d6ce15cd17e3 - - - - -] Notify callbacks ['neutron.plugins.ml2.plugin.Ml2Plugin._ensure_default_security_group_handler--9223372036852943264'] for port, before_update _notify_loop /usr/lib/python2.7/site-packages/neutron_lib/callbacks/manager.py:167
2018-06-28 00:19:59.985 5117 DEBUG neutron.plugins.ml2.db [req-fbb0ea19-1168-42fa-9da9-d6ce15cd17e3 - - - - -] For port dd9d2194-b79e-41df-873d-6f2a5fd8a659, host localhost.localdomain, got binding levels [<neutron.plugins.ml2.models.PortBindingLevel[object at 7fb06525e690] {port_id=u'dd9d2194-b79e-41df-873d-6f2a5fd8a659', host=u'localhost.localdomain', level=0, driver=u'openvswitch', segment_id=u'4753f687-a1a5-4243-978d-b1a5c7bf85f7'}>] get_binding_levels /usr/lib/python2.7/site-packages/neutron/plugins/ml2/db.py:106
2018-06-28 00:19:59.990 5117 DEBUG oslo_concurrency.lockutils [-] Lock "notifier-78e15282-58a0-42b6-b0fe-ce039e038f77" acquired by "neutron.notifiers.batch_notifier.synced_send" :: waited 0.000s inner /usr/lib/python2.7/site-packages/oslo_concurrency/lockutils.py:270
2018-06-28 00:19:59.992 5117 DEBUG neutron.notifiers.nova [-] Sending events: [{'status': 'completed', 'tag': u'dd9d2194-b79e-41df-873d-6f2a5fd8a659', 'name': 'network-vif-unplugged', 'server_uuid': u'd65bf59d-6092-4ca4-abf3-28a1bc2f7e9b'}] send_events /usr/lib/python2.7/site-packages/neutron/notifiers/nova.py:242
2018-06-28 00:20:00.034 5117 DEBUG neutron_lib.callbacks.manager [req-fbb0ea19-1168-42fa-9da9-d6ce15cd17e3 - - - - -] Notify callbacks ['neutron.db.l3_dvrscheduler_db._notify_l3_agent_port_update--9223363262129580879', 'neutron.plugins.ml2.ovo_rpc._ObjectChangeHandler.handle_event-570146', 'neutron.api.rpc.agentnotifiers.dhcp_rpc_agent_api.DhcpAgentNotifyAPI._native_event_send_dhcp_notification-683539', 'neutron.db.l3_hascheduler_db._notify_l3_agent_ha_port_update-8774725195525', 'neutron.plugins.ml2.plugin.Ml2Plugin.notify_sg_on_port_change-1832669'] for port, after_update _notify_loop /usr/lib/python2.7/site-packages/neutron_lib/callbacks/manager.py:167
2018-06-28 00:20:00.064 5117 DEBUG oslo_concurrency.lockutils [-] Lock "event-dispatch" acquired by "neutron.plugins.ml2.ovo_rpc.dispatch_events" :: waited 0.000s inner /usr/lib/python2.7/site-packages/oslo_concurrency/lockutils.py:270
2018-06-28 00:20:00.260 5117 DEBUG neutron.api.rpc.handlers.resources_rpc [req-fbb0ea19-1168-42fa-9da9-d6ce15cd17e3 - - - - -] neutron.api.rpc.handlers.resources_rpc.ResourcesPushRpcApi method push called with arguments (<neutron_lib.context.Context object at 0x7fb06525ea50>, [Port(admin_state_up=True,allowed_address_pairs=[],binding=PortBinding,binding_levels=[PortBindingLevel],created_at=2018-06-27T22:16:21Z,data_plane_status=<?>,description='',device_id='d65bf59d-6092-4ca4-abf3-28a1bc2f7e9b',device_owner='compute:nova',dhcp_options=[],distributed_binding=None,dns=None,fixed_ips=[IPAllocation],id=dd9d2194-b79e-41df-873d-6f2a5fd8a659,mac_address=fa:16:3e:57:27:f3,name='',network_id=5ca51cbb-d473-4160-8ad5-63004c7160ae,project_id='06501acb968842beaa9e4adeed714c38',qos_policy_id=None,revision_number=7,security=PortSecurity(dd9d2194-b79e-41df-873d-6f2a5fd8a659),security_group_ids=set([c0bec835-8e3e-4bf9-9487-9514bf9a603b]),status='DOWN',updated_at=2018-06-27T22:19:59Z)], 'updated') {} wrapper /usr/lib/python2.7/site-packages/oslo_log/helpers.py:66
