2018-09-28 22:52:29.481 10112 DEBUG neutron_lib.callbacks.manager [req-92083494-2d8a-4be8-be9c-3fd49f237968 c6076d0e968d46daaf0fc5019a0f8a15 bd8a53962fd64ffeab7f2932b0e688c5 - default default] Notify callbacks ['neutron.plugins.ml2.plugin.Ml2Plugin.notify_sg_on_port_change-1787032', 'neutron.api.rpc.agentnotifiers.dhcp_rpc_agent_api.DhcpAgentNotifyAPI._native_event_send_dhcp_notification-768090', 'neutron.db.l3_hascheduler_db._notify_l3_agent_ha_port_update-8788797078849', 'neutron.plugins.ml2.ovo_rpc._ObjectChangeHandler.handle_event-619031', 'neutron.db.l3_dvrscheduler_db._notify_l3_agent_port_update--9223363248057697555'] for port, after_update _notify_loop /usr/lib/python2.7/site-packages/neutron_lib/callbacks/manager.py:167
2018-09-28 22:52:29.690 10112 DEBUG neutron_lib.callbacks.manager [req-92083494-2d8a-4be8-be9c-3fd49f237968 c6076d0e968d46daaf0fc5019a0f8a15 bd8a53962fd64ffeab7f2932b0e688c5 - default default] Notify callbacks ['neutron.services.l3_router.l3_router_plugin.L3RouterPlugin._create_dvr_floating_gw_port--9223372036854002703'] for floatingip, after_update _notify_loop /usr/lib/python2.7/site-packages/neutron_lib/callbacks/manager.py:167
2018-09-28 22:52:29.698 10112 DEBUG oslo_concurrency.lockutils [-] Lock "event-dispatch" acquired by "neutron.plugins.ml2.ovo_rpc.dispatch_events" :: waited 0.000s inner /usr/lib/python2.7/site-packages/oslo_concurrency/lockutils.py:270
2018-09-28 22:52:29.885 10112 DEBUG neutron.quota.resource [req-92083494-2d8a-4be8-be9c-3fd49f237968 c6076d0e968d46daaf0fc5019a0f8a15 bd8a53962fd64ffeab7f2932b0e688c5 - default default] Persisted dirty status for tenant:2a157289deb145e092be88e63dfbb03c on resource:floatingip mark_dirty /usr/lib/python2.7/site-packages/neutron/quota/resource.py:207
2018-09-28 22:52:29.891 10112 DEBUG neutron.quota.resource [req-92083494-2d8a-4be8-be9c-3fd49f237968 c6076d0e968d46daaf0fc5019a0f8a15 bd8a53962fd64ffeab7f2932b0e688c5 - default default] Persisted dirty status for tenant: on resource:port mark_dirty /usr/lib/python2.7/site-packages/neutron/quota/resource.py:207
2018-09-28 22:52:29.919 10112 DEBUG neutron_lib.callbacks.manager [req-92083494-2d8a-4be8-be9c-3fd49f237968 c6076d0e968d46daaf0fc5019a0f8a15 bd8a53962fd64ffeab7f2932b0e688c5 - default default] Notify callbacks ['neutron.notifiers.nova.Notifier._send_nova_notification-3011'] for floatingip, before_response _notify_loop /usr/lib/python2.7/site-packages/neutron_lib/callbacks/manager.py:167
2018-09-28 22:52:29.922 10112 INFO neutron.wsgi [req-92083494-2d8a-4be8-be9c-3fd49f237968 c6076d0e968d46daaf0fc5019a0f8a15 bd8a53962fd64ffeab7f2932b0e688c5 - default default] 10.0.20.25 "POST /v2.0/floatingips HTTP/1.1" status: 201  len: 674 time: 3.0470600
2018-09-28 22:52:29.924 10112 DEBUG neutron.api.rpc.handlers.resources_rpc [req-92083494-2d8a-4be8-be9c-3fd49f237968 c6076d0e968d46daaf0fc5019a0f8a15 bd8a53962fd64ffeab7f2932b0e688c5 - - -] neutron.api.rpc.handlers.resources_rpc.ResourcesPushRpcApi method push called with arguments (<neutron_lib.context.Context object at 0x7fe4d1801c50>, [Port(admin_state_up=True,allowed_address_pairs=[],binding=PortBinding,binding_levels=[],created_at=2018-09-29T02:52:27Z,data_plane_status=<?>,description='',device_id='09f1d63a-5d7f-4ebc-9927-25335575b96f',device_owner='network:floatingip',dhcp_options=[],distributed_binding=None,dns=None,fixed_ips=[IPAllocation],id=f8ebe964-67dd-4c20-be60-e875ccbdbbb2,mac_address=fa:16:3e:a8:d2:3e,name='',network_id=40fff4bc-a326-419b-b1c1-a7aa26b2d41a,project_id='',qos_policy_id=None,revision_number=4,security=PortSecurity(f8ebe964-67dd-4c20-be60-e875ccbdbbb2),security_group_ids=set([]),status='N/A',updated_at=2018-09-29T02:52:29Z)], 'updated') {} wrapper /usr/lib/python2.7/site-packages/oslo_log/helpers.py:66
2018-09-28 22:52:29.942 10112 DEBUG oslo_concurrency.lockutils [req-92083494-2d8a-4be8-be9c-3fd49f237968 c6076d0e968d46daaf0fc5019a0f8a15 bd8a53962fd64ffeab7f2932b0e688c5 - - -] Lock "event-dispatch" released by "neutron.plugins.ml2.ovo_rpc.dispatch_events" :: held 0.245s inner /usr/lib/python2.7/site-packages/oslo_concurrency/lockutils.py:282
2018-09-28 22:52:34.659 10122 DEBUG neutron_lib.callbacks.manager [req-c39aa1d3-7cee-4a2b-88e9-b34ac33bb552 - - - - -] Notify callbacks ['neutron.services.segments.db._update_segment_host_mapping_for_agent-8788797440577'] for agent, after_update _notify_loop /usr/lib/python2.7/site-packages/neutron_lib/callbacks/manager.py:167
2018-09-28 22:52:35.721 10111 INFO neutron.wsgi [req-0236b463-4292-47ee-b864-9aa35f0b0133 bae51265fb0f4505a811a9fab7e142f1 671ea1986554476bbcaa620e00697d23 - default default] 10.0.20.25 "GET /v2.0/ports?device_id=1acf15e9-aef0-4177-b9b0-d903216fb49d HTTP/1.1" status: 200  len: 1123 time: 1.5097821
2018-09-28 22:52:35.880 10111 INFO neutron.wsgi [req-777e5229-8585-4a7f-a396-92fd344538c3 bae51265fb0f4505a811a9fab7e142f1 671ea1986554476bbcaa620e00697d23 - default default] 10.0.20.25 "GET /v2.0/security-groups?id=9123a92e-779f-41e6-bae0-ba50c818841f HTTP/1.1" status: 200  len: 2118 time: 0.1495581
2018-09-28 22:52:37.661 10124 DEBUG neutron_lib.callbacks.manager [req-486e1e06-8404-43bd-9925-effa719c49db - - - - -] Notify callbacks ['neutron.services.segments.db._update_segment_host_mapping_for_agent-8788797440577'] for agent, after_update _notify_loop /usr/lib/python2.7/site-packages/neutron_lib/callbacks/manager.py:167
2018-09-28 22:52:39.017 10123 DEBUG neutron_lib.callbacks.manager [req-a125c18f-8690-4580-92ab-9f14d930bcf9 - - - - -] Notify callbacks ['neutron.services.segments.db._update_segment_host_mapping_for_agent-8788797440577'] for agent, after_update _notify_loop /usr/lib/python2.7/site-packages/neutron_lib/callbacks/manager.py:167
2018-09-28 22:52:39.235 10134 DEBUG neutron.db.agents_db [req-2197c4aa-5d96-4829-8334-0c52dad8d06c - - - - -] Agent healthcheck: found 5 active agents agent_health_check /usr/lib/python2.7/site-packages/neutron/db/agents_db.py:281
2018-09-28 22:52:40.291 10064 INFO neutron.wsgi [req-ec079003-f2c6-4066-a123-26234343d685 6041b01c631d425d829cf96874ce50bf 671ea1986554476bbcaa620e00697d23 - default default] 10.0.20.25 "GET /v2.0/ports?device_id=1acf15e9-aef0-4177-b9b0-d903216fb49d HTTP/1.1" status: 200  len: 1123 time: 0.7340081
2018-09-28 22:52:40.410 10064 INFO neutron.wsgi [req-f7b68f21-e965-489c-83a4-211c41e5a3fd 6041b01c631d425d829cf96874ce50bf 671ea1986554476bbcaa620e00697d23 - default default] 10.0.20.25 "GET /v2.0/security-groups?id=9123a92e-779f-41e6-bae0-ba50c818841f HTTP/1.1" status: 200  len: 2118 time: 0.1118970
2018-09-28 22:52:41.522 10065 INFO neutron.wsgi [req-a8fce4da-2789-44c2-889c-1461e7dc2493 6041b01c631d425d829cf96874ce50bf 671ea1986554476bbcaa620e00697d23 - default default] 10.0.20.25 "GET /v2.0/ports?device_id=1acf15e9-aef0-4177-b9b0-d903216fb49d HTTP/1.1" status: 200  len: 1123 time: 0.6246958
2018-09-28 22:52:41.666 10065 INFO neutron.wsgi [req-57a8155c-6b0a-4ee1-8f42-a680a5b5236e 6041b01c631d425d829cf96874ce50bf 671ea1986554476bbcaa620e00697d23 - default default] 10.0.20.25 "GET /v2.0/security-groups?id=9123a92e-779f-41e6-bae0-ba50c818841f HTTP/1.1" status: 200  len: 2118 time: 0.1314390
2018-09-28 22:52:43.177 10107 DEBUG neutron.wsgi [-] (10107) accepted ('10.0.20.25', 44864) server /usr/lib/python2.7/site-packages/eventlet/wsgi.py:883
2018-09-28 22:52:43.434 10105 INFO neutron.wsgi [req-5da84932-ba21-45cf-a97c-0aaa266d5cbc 8baad81649dc4522883811cbaa1f526d 2a157289deb145e092be88e63dfbb03c - 1943f07bb38b4dfc87cb65ba8c2acc2f 1943f07bb38b4dfc87cb65ba8c2acc2f] 10.0.20.25 "GET /v2.0/ports?device_id=1acf15e9-aef0-4177-b9b0-d903216fb49d HTTP/1.1" status: 200  len: 1123 time: 1.0850379
2018-09-28 22:52:43.683 10107 WARNING keystonemiddleware.auth_token [-] A valid token was submitted as a service token, but it was not a valid service token. This is incorrect but backwards compatible behaviour. This will be removed in future releases.
2018-09-28 22:52:43.859 10105 INFO neutron.wsgi [req-b92e7daf-e001-4ef3-8002-2c880a2de66a 8baad81649dc4522883811cbaa1f526d 2a157289deb145e092be88e63dfbb03c - 1943f07bb38b4dfc87cb65ba8c2acc2f 1943f07bb38b4dfc87cb65ba8c2acc2f] 10.0.20.25 "GET /v2.0/security-groups?id=9123a92e-779f-41e6-bae0-ba50c818841f HTTP/1.1" status: 200  len: 2118 time: 0.4176421
2018-09-28 22:52:44.133 10105 INFO neutron.wsgi [req-7f837601-1718-4fe0-91e6-1db0fe1c140e 8baad81649dc4522883811cbaa1f526d 2a157289deb145e092be88e63dfbb03c - 1943f07bb38b4dfc87cb65ba8c2acc2f 1943f07bb38b4dfc87cb65ba8c2acc2f] 10.0.20.25 "GET /v2.0/ports?device_owner=compute%3Anova&device_id=1acf15e9-aef0-4177-b9b0-d903216fb49d HTTP/1.1" status: 200  len: 1123 time: 0.1059051
2018-09-28 22:52:44.231 10105 INFO neutron.wsgi [req-5f855715-a1e1-426e-b0bd-358e36238c3d 8baad81649dc4522883811cbaa1f526d 2a157289deb145e092be88e63dfbb03c - 1943f07bb38b4dfc87cb65ba8c2acc2f 1943f07bb38b4dfc87cb65ba8c2acc2f] 10.0.20.25 "GET /v2.0/floatingips?floating_ip_address=172.24.4.3 HTTP/1.1" status: 200  len: 672 time: 0.0906420
2018-09-28 22:52:44.252 10107 INFO neutron.wsgi [req-856f5e03-59b1-41d4-b714-5d290ac0bbb8 bae51265fb0f4505a811a9fab7e142f1 671ea1986554476bbcaa620e00697d23 - default default] 10.0.20.25 "GET /v2.0/ports?device_id=1acf15e9-aef0-4177-b9b0-d903216fb49d HTTP/1.1" status: 200  len: 1123 time: 1.0731390
2018-09-28 22:52:44.253 10105 DEBUG neutron.api.v2.base [req-72003d2e-e04d-4cd2-800e-9a60901eda59 8baad81649dc4522883811cbaa1f526d 2a157289deb145e092be88e63dfbb03c - 1943f07bb38b4dfc87cb65ba8c2acc2f 1943f07bb38b4dfc87cb65ba8c2acc2f] Request body: {u'floatingip': {u'fixed_ip_address': u'11.72.1.8', u'port_id': u'e96120c3-2af7-48f5-8b46-a1a8bab44526'}} prepare_request_body /usr/lib/python2.7/site-packages/neutron/api/v2/base.py:695
2018-09-28 22:52:44.356 10105 INFO neutron.wsgi [req-6a6185da-aea0-4c44-bcc6-db70a3011e7a 6041b01c631d425d829cf96874ce50bf 671ea1986554476bbcaa620e00697d23 - default default] 10.0.20.25 "GET /v2.0/ports?device_id=1acf15e9-aef0-4177-b9b0-d903216fb49d HTTP/1.1" status: 200  len: 1123 time: 0.5070360
2018-09-28 22:52:44.370 10107 INFO neutron.wsgi [req-38323abe-b04b-424e-bc3d-e1384def363f bae51265fb0f4505a811a9fab7e142f1 671ea1986554476bbcaa620e00697d23 - default default] 10.0.20.25 "GET /v2.0/security-groups?id=9123a92e-779f-41e6-bae0-ba50c818841f HTTP/1.1" status: 200  len: 2118 time: 0.1121418
2018-09-28 22:52:44.517 10105 INFO neutron.wsgi [req-c29c4077-6288-45c2-a92c-3cd20ac1faae 6041b01c631d425d829cf96874ce50bf 671ea1986554476bbcaa620e00697d23 - default default] 10.0.20.25 "GET /v2.0/security-groups?id=9123a92e-779f-41e6-bae0-ba50c818841f HTTP/1.1" status: 200  len: 2118 time: 0.1517358
2018-09-28 22:52:44.666 10105 DEBUG neutron_lib.callbacks.manager [req-72003d2e-e04d-4cd2-800e-9a60901eda59 8baad81649dc4522883811cbaa1f526d 2a157289deb145e092be88e63dfbb03c - 1943f07bb38b4dfc87cb65ba8c2acc2f 1943f07bb38b4dfc87cb65ba8c2acc2f] Notify callbacks ['neutron.services.l3_router.l3_router_plugin.L3RouterPlugin._create_dvr_floating_gw_port--9223372036854002703'] for floatingip, after_update _notify_loop /usr/lib/python2.7/site-packages/neutron_lib/callbacks/manager.py:167
2018-09-28 22:52:45.292 10105 DEBUG neutron.scheduler.l3_agent_scheduler [req-72003d2e-e04d-4cd2-800e-9a60901eda59 8baad81649dc4522883811cbaa1f526d 2a157289deb145e092be88e63dfbb03c - 1943f07bb38b4dfc87cb65ba8c2acc2f 1943f07bb38b4dfc87cb65ba8c2acc2f] Router 09cdfd4d-002f-45d9-bfc9-843c35728855 has already been hosted by L3 agent 4ac0ebe3-010d-4960-b1cd-6ee5ff761291 _get_candidates /usr/lib/python2.7/site-packages/neutron/scheduler/l3_agent_scheduler.py:141
2018-09-28 22:52:45.451 10105 DEBUG neutron.api.rpc.agentnotifiers.l3_rpc_agent_api [req-72003d2e-e04d-4cd2-800e-9a60901eda59 8baad81649dc4522883811cbaa1f526d 2a157289deb145e092be88e63dfbb03c - 1943f07bb38b4dfc87cb65ba8c2acc2f 1943f07bb38b4dfc87cb65ba8c2acc2f] Notify agent at l3_agent.localhost.localdomain the message routers_updated _agent_notification /usr/lib/python2.7/site-packages/neutron/api/rpc/agentnotifiers/l3_rpc_agent_api.py:69
2018-09-28 22:52:45.482 10105 DEBUG neutron_lib.callbacks.manager [req-72003d2e-e04d-4cd2-800e-9a60901eda59 8baad81649dc4522883811cbaa1f526d 2a157289deb145e092be88e63dfbb03c - 1943f07bb38b4dfc87cb65ba8c2acc2f 1943f07bb38b4dfc87cb65ba8c2acc2f] Notify callbacks ['neutron.notifiers.nova.Notifier._send_nova_notification-3011'] for floatingip, before_response _notify_loop /usr/lib/python2.7/site-packages/neutron_lib/callbacks/manager.py:167
2018-09-28 22:52:45.500 10125 DEBUG neutron.db.l3_hamode_db [req-1a2b11d0-dfe6-46f4-b6a7-b823b9ac3623 - - - - -] neutron.services.l3_router.l3_router_plugin.L3RouterPlugin method get_ha_sync_data_for_host called with arguments (<neutron_lib.context.Context object at 0x7fe4d18380d0>, u'localhost.localdomain', <neutron.db.models.agent.Agent[object at 7fe4d1823ad0] {id=u'4ac0ebe3-010d-4960-b1cd-6ee5ff761291', agent_type=u'L3 agent', binary=u'neutron-l3-agent', topic=u'l3_agent', host=u'localhost.localdomain', availability_zone=u'nova', admin_state_up=True, created_at=datetime.datetime(2018, 9, 11, 21, 26, 19), started_at=datetime.datetime(2018, 9, 29, 2, 30, 50), heartbeat_timestamp=datetime.datetime(2018, 9, 29, 2, 52, 20), description=None, configurations=u'{"agent_mode": "legacy", "gateway_external_network_id": "", "handle_internal_only_routers": true, "routers": 2, "interfaces": 2, "floating_ips": 0, "interface_driver": "neutron.agent.linux.interface.OVSInterfaceDriver", "log_agent_heartbeats": false, "external_network_bridge": "", "ex_gw_ports": 2}', resource_versions=None, load=0}>) {'active': True, 'router_ids': ['09cdfd4d-002f-45d9-bfc9-843c35728855']} wrapper /usr/lib/python2.7/site-packages/oslo_log/helpers.py:66
2018-09-28 22:52:45.564 10105 INFO neutron.wsgi [req-72003d2e-e04d-4cd2-800e-9a60901eda59 8baad81649dc4522883811cbaa1f526d 2a157289deb145e092be88e63dfbb03c - 1943f07bb38b4dfc87cb65ba8c2acc2f 1943f07bb38b4dfc87cb65ba8c2acc2f] 10.0.20.25 "PUT /v2.0/floatingips/09f1d63a-5d7f-4ebc-9927-25335575b96f HTTP/1.1" status: 200  len: 744 time: 1.3259768
2018-09-28 22:52:45.566 10105 DEBUG oslo_concurrency.lockutils [-] Lock "notifier-547bb86f-9794-4491-9ae5-54531a6f5814" acquired by "neutron.notifiers.batch_notifier.synced_send" :: waited 0.001s inner /usr/lib/python2.7/site-packages/oslo_concurrency/lockutils.py:270
2018-09-28 22:52:45.567 10105 DEBUG neutron.notifiers.nova [-] Sending events: [{'tag': u'e96120c3-2af7-48f5-8b46-a1a8bab44526', 'name': 'network-changed', 'server_uuid': u'1acf15e9-aef0-4177-b9b0-d903216fb49d'}] send_events /usr/lib/python2.7/site-packages/neutron/notifiers/nova.py:242
2018-09-28 22:52:46.051 10064 INFO neutron.wsgi [req-c458d9f9-df41-4ed3-ab10-61daf6a16df5 6041b01c631d425d829cf96874ce50bf 671ea1986554476bbcaa620e00697d23 - default default] 10.0.20.25 "GET /v2.0/ports?device_id=1acf15e9-aef0-4177-b9b0-d903216fb49d HTTP/1.1" status: 200  len: 1123 time: 0.5532320
2018-09-28 22:52:46.206 10064 INFO neutron.wsgi [req-5e65215f-f93b-420d-9af5-d58772365a54 6041b01c631d425d829cf96874ce50bf 671ea1986554476bbcaa620e00697d23 - default default] 10.0.20.25 "GET /v2.0/security-groups?id=9123a92e-779f-41e6-bae0-ba50c818841f HTTP/1.1" status: 200  len: 2118 time: 0.1473658
2018-09-28 22:52:46.553 10125 DEBUG neutron.db.l3_hamode_db [req-1a2b11d0-dfe6-46f4-b6a7-b823b9ac3623 - - - - -] neutron.services.l3_router.l3_router_plugin.L3RouterPlugin method _process_sync_ha_data called with arguments (<neutron_lib.context.Context object at 0x7fe4d18380d0>, [{'status': u'ACTIVE', '_interfaces': [{'status': u'ACTIVE', 'subnets': [{'dns_nameservers': [u'8.8.4.4'], 'ipv6_ra_mode': None, 'gateway_ip': u'11.72.1.1', 'cidr': u'11.72.1.0/24', 'id': u'057153ff-dd80-4a4c-ae45-1144ece3bf8e', 'subnetpool_id': None}], 'binding:host_id': u'localhost.localdomain', 'description': u'', 'allowed_address_pairs': [], 'tags': [], 'extra_dhcp_opts': [], 'updated_at': '2018-09-29T02:51:30Z', 'device_owner': u'network:router_interface', 'revision_number': 7, 'port_security_enabled': False, 'binding:profile': {}, 'mtu': 1450, 'fixed_ips': [{'subnet_id': u'057153ff-dd80-4a4c-ae45-1144ece3bf8e', 'prefixlen': 24, 'ip_address': u'11.72.1.1'}], 'id': u'2628da4f-210a-49be-a8bf-5d1b5862da18', 'security_groups': [], 'device_id': u'09cdfd4d-002f-45d9-bfc9-843c35728855', 'name': u'', 'admin_state_up': True, 'network_id': u'76101fd2-7452-4844-b988-6876cb4d6ee9', 'tenant_id': u'2a157289deb145e092be88e63dfbb03c', 'binding:vif_details': {u'port_filter': True, u'datapath_type': u'system', u'ovs_hybrid_plug': True}, 'address_scopes': {4: None, 6: None}, 'binding:vnic_type': u'normal', 'binding:vif_type': u'ovs', 'mac_address': u'fa:16:3e:c8:c9:95', 'project_id': u'2a157289deb145e092be88e63dfbb03c', 'extra_subnets': [], 'created_at': '2018-09-29T02:51:23Z'}], 'enable_snat': True, 'ha_vr_id': 0, 'description': u'', 'tags': [], 'gw_port': {'status': u'ACTIVE', 'subnets': [{'dns_nameservers': [], 'ipv6_ra_mode': None, 'gateway_ip': u'172.24.4.1', 'cidr': u'172.24.4.0/24', 'id': u'a3f065d6-c694-4228-b2c0-49725a850924', 'subnetpool_id': None}], 'binding:host_id': u'localhost.localdomain', 'description': u'', 'allowed_address_pairs': [], 'tags': [], 'extra_dhcp_opts': [], 'updated_at': '2018-09-29T02:51:45Z', 'device_owner': u'network:router_gateway', 'revision_number': 6, 'port_security_enabled': False, 'binding:profile': {}, 'mtu': 1500, 'fixed_ips': [{'subnet_id': u'a3f065d6-c694-4228-b2c0-49725a850924', 'prefixlen': 24, 'ip_address': u'172.24.4.12'}], 'id': u'e98f77f5-dbdd-4844-9cbd-fcf73fc26a62', 'security_groups': [], 'device_id': u'09cdfd4d-002f-45d9-bfc9-843c35728855', 'name': u'', 'admin_state_up': True, 'network_id': u'40fff4bc-a326-419b-b1c1-a7aa26b2d41a', 'tenant_id': u'', 'binding:vif_details': {u'port_filter': True, u'datapath_type': u'system', u'ovs_hybrid_plug': True}, 'address_scopes': {4: None, 6: None}, 'binding:vnic_type': u'normal', 'binding:vif_type': u'ovs', 'mac_address': u'fa:16:3e:53:5a:3d', 'project_id': u'', 'extra_subnets': [], 'created_at': '2018-09-29T02:51:37Z'}, 'updated_at': '2018-09-29T02:51:38Z', 'revision_number': 4, 'ha': False, 'id': u'09cdfd4d-002f-45d9-bfc9-843c35728855', 'gw_port_host': u'localhost.localdomain', 'external_gateway_info': {'network_id': u'40fff4bc-a326-419b-b1c1-a7aa26b2d41a', 'enable_snat': True, 'external_fixed_ips': [{'subnet_id': u'a3f065d6-c694-4228-b2c0-49725a850924', 'ip_address': u'172.24.4.12'}]}, 'availability_zone_hints': [], 'availability_zones': [u'nova'], 'name': u'tempest-router-1538189298', 'gw_port_id': u'e98f77f5-dbdd-4844-9cbd-fcf73fc26a62', 'admin_state_up': True, 'tenant_id': u'2a157289deb145e092be88e63dfbb03c', 'created_at': '2018-09-29T02:51:03Z', 'distributed': False, 'flavor_id': None, 'routes': [], 'project_id': u'2a157289deb145e092be88e63dfbb03c', '_floatingips': [{'router_id': u'09cdfd4d-002f-45d9-bfc9-843c35728855', 'status': u'DOWN', 'description': u'', 'tags': [], 'updated_at': '2018-09-29T02:52:44Z', 'dns_domain': '', 'floating_network_id': u'40fff4bc-a326-419b-b1c1-a7aa26b2d41a', 'fixed_ip_address': u'11.72.1.8', 'floating_ip_address': u'172.24.4.3', 'revision_number': 1, 'port_id': u'e96120c3-2af7-48f5-8b46-a1a8bab44526', 'id': u'09f1d63a-5d7f-4ebc-9927-25335575b96f', 'dns_name': '', 'created_at': '2018-09-29T02:52:28Z', 'tenant_id': u'2a157289deb145e092be88e63dfbb03c', 'fixed_ip_address_scope': None, 'project_id': u'2a157289deb145e092be88e63dfbb03c'}]}], u'localhost.localdomain', False) {} wrapper /usr/lib/python2.7/site-packages/oslo_log/helpers.py:66
2018-09-28 22:52:46.567 10125 DEBUG neutron.api.rpc.handlers.l3_rpc [req-1a2b11d0-dfe6-46f4-b6a7-b823b9ac3623 - - - - -] Checking router: 09cdfd4d-002f-45d9-bfc9-843c35728855 for host: localhost.localdomain _ensure_host_set_on_ports /usr/lib/python2.7/site-packages/neutron/api/rpc/handlers/l3_rpc.py:135
2018-09-28 22:52:46.603 10105 DEBUG novaclient.v2.client [-] REQ: curl -g -i -X POST http://10.0.20.25:8774/v2.1/671ea1986554476bbcaa620e00697d23/os-server-external-events -H "User-Agent: python-novaclient" -H "Content-Type: application/json" -H "Accept: application/json" -H "X-OpenStack-Nova-API-Version: 2.1" -H "X-Auth-Token: {SHA1}d02158507096f7d25156f1157f86b1bf21e799b5" -d '{"events": [{"tag": "e96120c3-2af7-48f5-8b46-a1a8bab44526", "name": "network-changed", "server_uuid": "1acf15e9-aef0-4177-b9b0-d903216fb49d"}]}' _http_log_request /usr/lib/python2.7/site-packages/keystoneauth1/session.py:375
2018-09-28 22:52:46.972 10130 DEBUG neutron.api.rpc.handlers.l3_rpc [req-4b1d5ff9-44ff-4eb5-bf8b-4d32c71713d7 - - - - -] New status for floating IP 09f1d63a-5d7f-4ebc-9927-25335575b96f: ACTIVE update_floatingip_statuses /usr/lib/python2.7/site-packages/neutron/api/rpc/handlers/l3_rpc.py:252
2018-09-28 22:52:47.036 10105 DEBUG novaclient.v2.client [-] RESP: [200] Content-Length: 179 Content-Type: application/json Openstack-Api-Version: compute 2.1 X-Openstack-Nova-Api-Version: 2.1 Vary: OpenStack-API-Version, X-OpenStack-Nova-API-Version X-Openstack-Request-Id: req-54a24cfd-e5c9-4ffe-a9f6-0db291902614 X-Compute-Request-Id: req-54a24cfd-e5c9-4ffe-a9f6-0db291902614 Date: Sat, 29 Sep 2018 02:52:47 GMT Connection: keep-alive 
RESP BODY: {"events": [{"status": "completed", "tag": "e96120c3-2af7-48f5-8b46-a1a8bab44526", "name": "network-changed", "server_uuid": "1acf15e9-aef0-4177-b9b0-d903216fb49d", "code": 200}]}
 _http_log_response /usr/lib/python2.7/site-packages/keystoneauth1/session.py:423
2018-09-28 22:52:47.037 10105 DEBUG novaclient.v2.client [-] POST call to compute for http://10.0.20.25:8774/v2.1/671ea1986554476bbcaa620e00697d23/os-server-external-events used request id req-54a24cfd-e5c9-4ffe-a9f6-0db291902614 request /usr/lib/python2.7/site-packages/keystoneauth1/session.py:727
2018-09-28 22:52:47.051 10105 INFO neutron.notifiers.nova [-] Nova event response: {u'status': u'completed', u'tag': u'e96120c3-2af7-48f5-8b46-a1a8bab44526', u'name': u'network-changed', u'server_uuid': u'1acf15e9-aef0-4177-b9b0-d903216fb49d', u'code': 200}
2018-09-28 22:52:47.119 10105 INFO neutron.wsgi [req-79cc119f-9907-4dda-85fb-9d8a17a8bef5 6041b01c631d425d829cf96874ce50bf 671ea1986554476bbcaa620e00697d23 - default default] 10.0.20.25 "GET /v2.0/ports?tenant_id=2a157289deb145e092be88e63dfbb03c&device_id=1acf15e9-aef0-4177-b9b0-d903216fb49d HTTP/1.1" status: 200  len: 1123 time: 0.6595681
2018-09-28 22:52:47.212 10110 INFO neutron.wsgi [req-f2249601-b465-466d-adfc-0ec180ed1e7b 6041b01c631d425d829cf96874ce50bf 671ea1986554476bbcaa620e00697d23 - default default] 10.0.20.25 "GET /v2.0/ports?tenant_id=2a157289deb145e092be88e63dfbb03c&device_id=1acf15e9-aef0-4177-b9b0-d903216fb49d HTTP/1.1" status: 200  len: 1123 time: 0.1289761
2018-09-28 22:52:47.388 10105 DEBUG neutron.pecan_wsgi.hooks.policy_enforcement [req-71a0b656-f55f-455c-a593-771255359362 6041b01c631d425d829cf96874ce50bf 671ea1986554476bbcaa620e00697d23 - default default] Attributes excluded by policy engine: [u'vlan_transparent'] _exclude_attributes_by_policy /usr/lib/python2.7/site-packages/neutron/pecan_wsgi/hooks/policy_enforcement.py:256
2018-09-28 22:52:47.392 10105 INFO neutron.wsgi [req-71a0b656-f55f-455c-a593-771255359362 6041b01c631d425d829cf96874ce50bf 671ea1986554476bbcaa620e00697d23 - default default] 10.0.20.25 "GET /v2.0/networks?id=76101fd2-7452-4844-b988-6876cb4d6ee9 HTTP/1.1" status: 200  len: 885 time: 0.2645800
2018-09-28 22:52:47.453 10105 INFO neutron.wsgi [req-356fb60b-7d8f-4029-bd1b-9ed293582bb6 6041b01c631d425d829cf96874ce50bf 671ea1986554476bbcaa620e00697d23 - default default] 10.0.20.25 "GET /v2.0/floatingips?fixed_ip_address=11.72.1.8&port_id=e96120c3-2af7-48f5-8b46-a1a8bab44526 HTTP/1.1" status: 200  len: 749 time: 0.0429420
2018-09-28 22:52:47.477 10110 DEBUG neutron.pecan_wsgi.hooks.policy_enforcement [req-116e719a-36a5-4f89-95f6-9cd8e1a173fb 6041b01c631d425d829cf96874ce50bf 671ea1986554476bbcaa620e00697d23 - default default] Attributes excluded by policy engine: [u'vlan_transparent'] _exclude_attributes_by_policy /usr/lib/python2.7/site-packages/neutron/pecan_wsgi/hooks/policy_enforcement.py:256
2018-09-28 22:52:47.480 10110 INFO neutron.wsgi [req-116e719a-36a5-4f89-95f6-9cd8e1a173fb 6041b01c631d425d829cf96874ce50bf 671ea1986554476bbcaa620e00697d23 - default default] 10.0.20.25 "GET /v2.0/networks?id=76101fd2-7452-4844-b988-6876cb4d6ee9 HTTP/1.1" status: 200  len: 885 time: 0.2576420
2018-09-28 22:52:47.534 10110 INFO neutron.wsgi [req-86a70e95-64c5-4c17-b12e-93e89ee7b29c 6041b01c631d425d829cf96874ce50bf 671ea1986554476bbcaa620e00697d23 - default default] 10.0.20.25 "GET /v2.0/floatingips?fixed_ip_address=11.72.1.8&port_id=e96120c3-2af7-48f5-8b46-a1a8bab44526 HTTP/1.1" status: 200  len: 749 time: 0.0470550
2018-09-28 22:52:47.592 10105 DEBUG neutron.pecan_wsgi.hooks.policy_enforcement [req-1a970674-9354-49b0-86c1-fdfa6349cb1e 6041b01c631d425d829cf96874ce50bf 671ea1986554476bbcaa620e00697d23 - default default] Attributes excluded by policy engine: [u'shared'] _exclude_attributes_by_policy /usr/lib/python2.7/site-packages/neutron/pecan_wsgi/hooks/policy_enforcement.py:256
2018-09-28 22:52:47.595 10105 INFO neutron.wsgi [req-1a970674-9354-49b0-86c1-fdfa6349cb1e 6041b01c631d425d829cf96874ce50bf 671ea1986554476bbcaa620e00697d23 - default default] 10.0.20.25 "GET /v2.0/subnets?id=057153ff-dd80-4a4c-ae45-1144ece3bf8e HTTP/1.1" status: 200  len: 843 time: 0.1340530
2018-09-28 22:52:47.667 10110 DEBUG neutron.pecan_wsgi.hooks.policy_enforcement [req-77865230-0586-46fa-9e40-769af70a6980 6041b01c631d425d829cf96874ce50bf 671ea1986554476bbcaa620e00697d23 - default default] Attributes excluded by policy engine: [u'shared'] _exclude_attributes_by_policy /usr/lib/python2.7/site-packages/neutron/pecan_wsgi/hooks/policy_enforcement.py:256
2018-09-28 22:52:47.670 10110 INFO neutron.wsgi [req-77865230-0586-46fa-9e40-769af70a6980 6041b01c631d425d829cf96874ce50bf 671ea1986554476bbcaa620e00697d23 - default default] 10.0.20.25 "GET /v2.0/subnets?id=057153ff-dd80-4a4c-ae45-1144ece3bf8e HTTP/1.1" status: 200  len: 843 time: 0.1303098
2018-09-28 22:52:47.747 10105 INFO neutron.wsgi [req-dcf27af0-38c2-432d-9c01-b3040bee7c19 6041b01c631d425d829cf96874ce50bf 671ea1986554476bbcaa620e00697d23 - default default] 10.0.20.25 "GET /v2.0/ports?network_id=76101fd2-7452-4844-b988-6876cb4d6ee9&device_owner=network%3Adhcp HTTP/1.1" status: 200  len: 1127 time: 0.1441889
2018-09-28 22:52:47.800 10064 INFO neutron.wsgi [req-4f0280ef-14b8-4efd-9d97-6e3de74f6f06 6041b01c631d425d829cf96874ce50bf 671ea1986554476bbcaa620e00697d23 - default default] 10.0.20.25 "GET /v2.0/ports?device_id=1acf15e9-aef0-4177-b9b0-d903216fb49d HTTP/1.1" status: 200  len: 1123 time: 0.6909389
2018-09-28 22:52:47.816 10110 INFO neutron.wsgi [req-488ffce6-00c2-46f3-8ff1-bbf179694632 6041b01c631d425d829cf96874ce50bf 671ea1986554476bbcaa620e00697d23 - default default] 10.0.20.25 "GET /v2.0/ports?network_id=76101fd2-7452-4844-b988-6876cb4d6ee9&device_owner=network%3Adhcp HTTP/1.1" status: 200  len: 1127 time: 0.1352301
2018-09-28 22:52:47.928 10064 INFO neutron.wsgi [req-3fa86f13-a397-4d4e-a518-2eecaa1bb186 6041b01c631d425d829cf96874ce50bf 671ea1986554476bbcaa620e00697d23 - default default] 10.0.20.25 "GET /v2.0/security-groups?id=9123a92e-779f-41e6-bae0-ba50c818841f HTTP/1.1" status: 200  len: 2118 time: 0.1135380
2018-09-28 22:52:49.053 10105 DEBUG oslo_concurrency.lockutils [-] Lock "notifier-547bb86f-9794-4491-9ae5-54531a6f5814" released by "neutron.notifiers.batch_notifier.synced_send" :: held 3.487s inner /usr/lib/python2.7/site-packages/oslo_concurrency/lockutils.py:282
2018-09-28 22:52:49.632 10127 DEBUG neutron_lib.callbacks.manager [req-75d877a2-1682-4651-be84-e7c89874751c - - - - -] Notify callbacks ['neutron.services.segments.db._update_segment_host_mapping_for_agent-8788797440577'] for agent, after_update _notify_loop /usr/lib/python2.7/site-packages/neutron_lib/callbacks/manager.py:167
2018-09-28 22:52:50.321 10131 DEBUG neutron_lib.callbacks.manager [req-a3f4c9e6-9311-47d5-92f3-d48c113e5fca - - - - -] Notify callbacks ['neutron.services.segments.db._update_segment_host_mapping_for_agent-8788797440577'] for agent, after_update _notify_loop /usr/lib/python2.7/site-packages/neutron_lib/callbacks/manager.py:167
2018-09-28 22:52:51.522 10110 INFO neutron.wsgi [req-b16022c3-7faa-441c-8fcd-dc0bc3dde24f 6041b01c631d425d829cf96874ce50bf 671ea1986554476bbcaa620e00697d23 - default default] 10.0.20.25 "GET /v2.0/ports?device_id=1acf15e9-aef0-4177-b9b0-d903216fb49d HTTP/1.1" status: 200  len: 1123 time: 0.6358190
2018-09-28 22:52:51.625 10110 INFO neutron.wsgi [req-24f10e87-06b1-45ca-8305-cd87d6014eb2 6041b01c631d425d829cf96874ce50bf 671ea1986554476bbcaa620e00697d23 - default default] 10.0.20.25 "GET /v2.0/security-groups?id=9123a92e-779f-41e6-bae0-ba50c818841f HTTP/1.1" status: 200  len: 2118 time: 0.0916879
2018-09-28 22:53:00.356 10111 INFO neutron.wsgi [req-9fb2aec2-fe96-438c-96a5-d25e2bc071e8 8baad81649dc4522883811cbaa1f526d 2a157289deb145e092be88e63dfbb03c - 1943f07bb38b4dfc87cb65ba8c2acc2f 1943f07bb38b4dfc87cb65ba8c2acc2f] 10.0.20.25 "GET /v2.0/ports?device_id=1acf15e9-aef0-4177-b9b0-d903216fb49d HTTP/1.1" status: 200  len: 1123 time: 0.8955989
2018-09-28 22:53:00.505 10111 INFO neutron.wsgi [req-42a09ffc-1aae-4246-abfc-497fd0486302 8baad81649dc4522883811cbaa1f526d 2a157289deb145e092be88e63dfbb03c - 1943f07bb38b4dfc87cb65ba8c2acc2f 1943f07bb38b4dfc87cb65ba8c2acc2f] 10.0.20.25 "GET /v2.0/security-groups?id=9123a92e-779f-41e6-bae0-ba50c818841f HTTP/1.1" status: 200  len: 2118 time: 0.1381640
2018-09-28 22:53:02.827 10110 INFO neutron.wsgi [req-63d58d1d-59cb-4cdb-b2cb-2384dbe6c166 6041b01c631d425d829cf96874ce50bf 671ea1986554476bbcaa620e00697d23 - default default] 10.0.20.25 "GET /v2.0/ports?tenant_id=2a157289deb145e092be88e63dfbb03c&device_id=1acf15e9-aef0-4177-b9b0-d903216fb49d HTTP/1.1" status: 200  len: 1123 time: 0.1860511
2018-09-28 22:53:03.110 10110 DEBUG neutron.pecan_wsgi.hooks.policy_enforcement [req-d685ff7d-5a46-4948-96d6-37785bfeae72 6041b01c631d425d829cf96874ce50bf 671ea1986554476bbcaa620e00697d23 - default default] Attributes excluded by policy engine: [u'vlan_transparent'] _exclude_attributes_by_policy /usr/lib/python2.7/site-packages/neutron/pecan_wsgi/hooks/policy_enforcement.py:256
2018-09-28 22:53:03.115 10110 INFO neutron.wsgi [req-d685ff7d-5a46-4948-96d6-37785bfeae72 6041b01c631d425d829cf96874ce50bf 671ea1986554476bbcaa620e00697d23 - default default] 10.0.20.25 "GET /v2.0/networks?id=76101fd2-7452-4844-b988-6876cb4d6ee9 HTTP/1.1" status: 200  len: 885 time: 0.2778571
2018-09-28 22:53:03.176 10110 INFO neutron.wsgi [req-29a3d13b-943d-4a80-b005-14f197561c0b 6041b01c631d425d829cf96874ce50bf 671ea1986554476bbcaa620e00697d23 - default default] 10.0.20.25 "GET /v2.0/floatingips?fixed_ip_address=11.72.1.8&port_id=e96120c3-2af7-48f5-8b46-a1a8bab44526 HTTP/1.1" status: 200  len: 749 time: 0.0505731
2018-09-28 22:53:03.320 10110 DEBUG neutron.pecan_wsgi.hooks.policy_enforcement [req-342683b8-cd85-4296-8e93-31d31ae8d563 6041b01c631d425d829cf96874ce50bf 671ea1986554476bbcaa620e00697d23 - default default] Attributes excluded by policy engine: [u'shared'] _exclude_attributes_by_policy /usr/lib/python2.7/site-packages/neutron/pecan_wsgi/hooks/policy_enforcement.py:256
2018-09-28 22:53:03.323 10110 INFO neutron.wsgi [req-342683b8-cd85-4296-8e93-31d31ae8d563 6041b01c631d425d829cf96874ce50bf 671ea1986554476bbcaa620e00697d23 - default default] 10.0.20.25 "GET /v2.0/subnets?id=057153ff-dd80-4a4c-ae45-1144ece3bf8e HTTP/1.1" status: 200  len: 843 time: 0.1411130
2018-09-28 22:53:03.473 10110 INFO neutron.wsgi [req-0cff1a02-6c32-4575-b16a-5798e0229abe 6041b01c631d425d829cf96874ce50bf 671ea1986554476bbcaa620e00697d23 - default default] 10.0.20.25 "GET /v2.0/ports?network_id=76101fd2-7452-4844-b988-6876cb4d6ee9&device_owner=network%3Adhcp HTTP/1.1" status: 200  len: 1127 time: 0.1419339
2018-09-28 22:53:04.689 10128 DEBUG neutron_lib.callbacks.manager [req-c39aa1d3-7cee-4a2b-88e9-b34ac33bb552 - - - - -] Notify callbacks ['neutron.services.segments.db._update_segment_host_mapping_for_agent-8788797440577'] for agent, after_update _notify_loop /usr/lib/python2.7/site-packages/neutron_lib/callbacks/manager.py:167
2018-09-28 22:53:07.829 10126 DEBUG neutron_lib.callbacks.manager [req-fc592be9-590a-4567-bd30-ffc17fa848fc - - - - -] Notify callbacks ['neutron.services.segments.db._update_segment_host_mapping_for_agent-8788797440577'] for agent, after_update _notify_loop /usr/lib/python2.7/site-packages/neutron_lib/callbacks/manager.py:167
2018-09-28 22:53:09.005 10125 DEBUG neutron_lib.callbacks.manager [req-a125c18f-8690-4580-92ab-9f14d930bcf9 - - - - -] Notify callbacks ['neutron.services.segments.db._update_segment_host_mapping_for_agent-8788797440577'] for agent, after_update _notify_loop /usr/lib/python2.7/site-packages/neutron_lib/callbacks/manager.py:167
2018-09-28 22:53:16.246 10134 DEBUG neutron.db.agents_db [req-2197c4aa-5d96-4829-8334-0c52dad8d06c - - - - -] Agent healthcheck: found 5 active agents agent_health_check /usr/lib/python2.7/site-packages/neutron/db/agents_db.py:281
2018-09-28 22:53:19.641 10130 DEBUG neutron_lib.callbacks.manager [req-75d877a2-1682-4651-be84-e7c89874751c - - - - -] Notify callbacks ['neutron.services.segments.db._update_segment_host_mapping_for_agent-8788797440577'] for agent, after_update _notify_loop /usr/lib/python2.7/site-packages/neutron_lib/callbacks/manager.py:167
2018-09-28 22:53:20.318 10122 DEBUG neutron_lib.callbacks.manager [req-819ae4a9-7833-4224-b679-265b09df6433 - - - - -] Notify callbacks ['neutron.services.segments.db._update_segment_host_mapping_for_agent-8788797440577'] for agent, after_update _notify_loop /usr/lib/python2.7/site-packages/neutron_lib/callbacks/manager.py:167
2018-09-28 22:53:21.437 10110 DEBUG neutron.quota.resource [req-3a049acf-59e1-4add-b573-b0a12eaa0f12 8baad81649dc4522883811cbaa1f526d 2a157289deb145e092be88e63dfbb03c - 1943f07bb38b4dfc87cb65ba8c2acc2f 1943f07bb38b4dfc87cb65ba8c2acc2f] Synchronizing usage tracker for tenant:2a157289deb145e092be88e63dfbb03c on resource:port resync /usr/lib/python2.7/site-packages/neutron/quota/resource.py:245
2018-09-28 22:53:21.522 10110 DEBUG neutron.quota.resource [req-3a049acf-59e1-4add-b573-b0a12eaa0f12 8baad81649dc4522883811cbaa1f526d 2a157289deb145e092be88e63dfbb03c - 1943f07bb38b4dfc87cb65ba8c2acc2f 1943f07bb38b4dfc87cb65ba8c2acc2f] Unset dirty status for tenant:2a157289deb145e092be88e63dfbb03c on resource:port _resync /usr/lib/python2.7/site-packages/neutron/quota/resource.py:237
2018-09-28 22:53:21.525 10110 INFO neutron.wsgi [req-3a049acf-59e1-4add-b573-b0a12eaa0f12 8baad81649dc4522883811cbaa1f526d 2a157289deb145e092be88e63dfbb03c - 1943f07bb38b4dfc87cb65ba8c2acc2f 1943f07bb38b4dfc87cb65ba8c2acc2f] 10.0.20.25 "GET /v2.0/ports?device_id=1acf15e9-aef0-4177-b9b0-d903216fb49d HTTP/1.1" status: 200  len: 1123 time: 1.0401790
2018-09-28 22:53:21.646 10110 INFO neutron.wsgi [req-6a5c6a29-a1a4-4f53-8212-765a5c87b44e 8baad81649dc4522883811cbaa1f526d 2a157289deb145e092be88e63dfbb03c - 1943f07bb38b4dfc87cb65ba8c2acc2f 1943f07bb38b4dfc87cb65ba8c2acc2f] 10.0.20.25 "GET /v2.0/security-groups?id=9123a92e-779f-41e6-bae0-ba50c818841f HTTP/1.1" status: 200  len: 2118 time: 0.1140871
2018-09-28 22:53:34.643 10124 DEBUG neutron_lib.callbacks.manager [req-c39aa1d3-7cee-4a2b-88e9-b34ac33bb552 - - - - -] Notify callbacks ['neutron.services.segments.db._update_segment_host_mapping_for_agent-8788797440577'] for agent, after_update _notify_loop /usr/lib/python2.7/site-packages/neutron_lib/callbacks/manager.py:167
2018-09-28 22:53:36.164 10111 INFO neutron.wsgi [req-808f743e-0573-453d-a56e-a5d53c8d0ef6 8baad81649dc4522883811cbaa1f526d 2a157289deb145e092be88e63dfbb03c - 1943f07bb38b4dfc87cb65ba8c2acc2f 1943f07bb38b4dfc87cb65ba8c2acc2f] 10.0.20.25 "GET /v2.0/ports?device_id=1acf15e9-aef0-4177-b9b0-d903216fb49d HTTP/1.1" status: 200  len: 1123 time: 0.7011540
2018-09-28 22:53:36.318 10111 INFO neutron.wsgi [req-ca0244aa-4a8d-4fdc-a5b7-a9785f5dceeb 8baad81649dc4522883811cbaa1f526d 2a157289deb145e092be88e63dfbb03c - 1943f07bb38b4dfc87cb65ba8c2acc2f 1943f07bb38b4dfc87cb65ba8c2acc2f] 10.0.20.25 "GET /v2.0/security-groups?id=9123a92e-779f-41e6-bae0-ba50c818841f HTTP/1.1" status: 200  len: 2118 time: 0.1448059
2018-09-28 22:53:37.670 10123 DEBUG neutron_lib.callbacks.manager [req-59fbd7f7-52a7-4941-b671-225b8afa23c3 - - - - -] Notify callbacks ['neutron.services.segments.db._update_segment_host_mapping_for_agent-8788797440577'] for agent, after_update _notify_loop /usr/lib/python2.7/site-packages/neutron_lib/callbacks/manager.py:167
2018-09-28 22:53:39.031 10127 DEBUG neutron_lib.callbacks.manager [req-a125c18f-8690-4580-92ab-9f14d930bcf9 - - - - -] Notify callbacks ['neutron.services.segments.db._update_segment_host_mapping_for_agent-8788797440577'] for agent, after_update _notify_loop /usr/lib/python2.7/site-packages/neutron_lib/callbacks/manager.py:167
2018-09-28 22:53:49.642 10131 DEBUG neutron_lib.callbacks.manager [req-75d877a2-1682-4651-be84-e7c89874751c - - - - -] Notify callbacks ['neutron.services.segments.db._update_segment_host_mapping_for_agent-8788797440577'] for agent, after_update _notify_loop /usr/lib/python2.7/site-packages/neutron_lib/callbacks/manager.py:167
2018-09-28 22:53:50.329 10128 DEBUG neutron_lib.callbacks.manager [req-e094facb-5490-433d-998f-8255000ed7cf - - - - -] Notify callbacks ['neutron.services.segments.db._update_segment_host_mapping_for_agent-8788797440577'] for agent, after_update _notify_loop /usr/lib/python2.7/site-packages/neutron_lib/callbacks/manager.py:167
2018-09-28 22:53:53.245 10134 DEBUG neutron.db.agents_db [req-2197c4aa-5d96-4829-8334-0c52dad8d06c - - - - -] Agent healthcheck: found 5 active agents agent_health_check /usr/lib/python2.7/site-packages/neutron/db/agents_db.py:281
2018-09-28 22:53:54.171 10109 INFO neutron.wsgi [req-e14afac1-9178-4709-b785-c25fe0b36390 8baad81649dc4522883811cbaa1f526d 2a157289deb145e092be88e63dfbb03c - 1943f07bb38b4dfc87cb65ba8c2acc2f 1943f07bb38b4dfc87cb65ba8c2acc2f] 10.0.20.25 "GET /v2.0/ports?device_id=1acf15e9-aef0-4177-b9b0-d903216fb49d HTTP/1.1" status: 200  len: 1123 time: 0.7364440
2018-09-28 22:53:54.315 10109 INFO neutron.wsgi [req-f122a10a-3a51-4678-b902-2747c493afa2 8baad81649dc4522883811cbaa1f526d 2a157289deb145e092be88e63dfbb03c - 1943f07bb38b4dfc87cb65ba8c2acc2f 1943f07bb38b4dfc87cb65ba8c2acc2f] 10.0.20.25 "GET /v2.0/security-groups?id=9123a92e-779f-41e6-bae0-ba50c818841f HTTP/1.1" status: 200  len: 2118 time: 0.1346629
2018-09-28 22:54:04.644 10126 DEBUG neutron_lib.callbacks.manager [req-c39aa1d3-7cee-4a2b-88e9-b34ac33bb552 - - - - -] Notify callbacks ['neutron.services.segments.db._update_segment_host_mapping_for_agent-8788797440577'] for agent, after_update _notify_loop /usr/lib/python2.7/site-packages/neutron_lib/callbacks/manager.py:167
2018-09-28 22:54:05.207 10107 DEBUG neutron.wsgi [-] (10107) accepted ('10.0.20.25', 46218) server /usr/lib/python2.7/site-packages/eventlet/wsgi.py:883
2018-09-28 22:54:06.038 10110 INFO neutron.wsgi [req-8ab1e8dd-cefc-4a98-a047-fdebd39852aa 6041b01c631d425d829cf96874ce50bf 671ea1986554476bbcaa620e00697d23 - default default] 10.0.20.25 "GET /v2.0/ports?tenant_id=2a157289deb145e092be88e63dfbb03c&device_id=1acf15e9-aef0-4177-b9b0-d903216fb49d HTTP/1.1" status: 200  len: 1123 time: 0.1353800
2018-09-28 22:54:06.206 10107 INFO neutron.wsgi [req-1f82862a-9160-4945-a4cc-70002350d4aa 8baad81649dc4522883811cbaa1f526d 2a157289deb145e092be88e63dfbb03c - 1943f07bb38b4dfc87cb65ba8c2acc2f 1943f07bb38b4dfc87cb65ba8c2acc2f] 10.0.20.25 "GET /v2.0/ports?device_id=1acf15e9-aef0-4177-b9b0-d903216fb49d HTTP/1.1" status: 200  len: 1123 time: 0.9962718
2018-09-28 22:54:06.341 10107 DEBUG neutron.quota.resource [req-e5e9697d-cdfa-4262-aecd-5bc909176ca0 8baad81649dc4522883811cbaa1f526d 2a157289deb145e092be88e63dfbb03c - 1943f07bb38b4dfc87cb65ba8c2acc2f 1943f07bb38b4dfc87cb65ba8c2acc2f] Synchronizing usage tracker for tenant:2a157289deb145e092be88e63dfbb03c on resource:security_group resync /usr/lib/python2.7/site-packages/neutron/quota/resource.py:245
2018-09-28 22:54:06.398 10107 DEBUG neutron.quota.resource [req-e5e9697d-cdfa-4262-aecd-5bc909176ca0 8baad81649dc4522883811cbaa1f526d 2a157289deb145e092be88e63dfbb03c - 1943f07bb38b4dfc87cb65ba8c2acc2f 1943f07bb38b4dfc87cb65ba8c2acc2f] Unset dirty status for tenant:2a157289deb145e092be88e63dfbb03c on resource:security_group _resync /usr/lib/python2.7/site-packages/neutron/quota/resource.py:237
2018-09-28 22:54:06.401 10107 INFO neutron.wsgi [req-e5e9697d-cdfa-4262-aecd-5bc909176ca0 8baad81649dc4522883811cbaa1f526d 2a157289deb145e092be88e63dfbb03c - 1943f07bb38b4dfc87cb65ba8c2acc2f 1943f07bb38b4dfc87cb65ba8c2acc2f] 10.0.20.25 "GET /v2.0/security-groups?id=9123a92e-779f-41e6-bae0-ba50c818841f HTTP/1.1" status: 200  len: 2118 time: 0.1854849
2018-09-28 22:54:06.477 10110 DEBUG neutron.pecan_wsgi.hooks.policy_enforcement [req-f33071d2-f78e-4bcb-8270-63f8efe94d3b 6041b01c631d425d829cf96874ce50bf 671ea1986554476bbcaa620e00697d23 - default default] Attributes excluded by policy engine: [u'vlan_transparent'] _exclude_attributes_by_policy /usr/lib/python2.7/site-packages/neutron/pecan_wsgi/hooks/policy_enforcement.py:256
2018-09-28 22:54:06.484 10110 INFO neutron.wsgi [req-f33071d2-f78e-4bcb-8270-63f8efe94d3b 6041b01c631d425d829cf96874ce50bf 671ea1986554476bbcaa620e00697d23 - default default] 10.0.20.25 "GET /v2.0/networks?id=76101fd2-7452-4844-b988-6876cb4d6ee9 HTTP/1.1" status: 200  len: 885 time: 0.4385049
2018-09-28 22:54:06.529 10110 INFO neutron.wsgi [req-85a39665-2666-41a8-8bc3-0f50aba4d939 6041b01c631d425d829cf96874ce50bf 671ea1986554476bbcaa620e00697d23 - default default] 10.0.20.25 "GET /v2.0/floatingips?fixed_ip_address=11.72.1.8&port_id=e96120c3-2af7-48f5-8b46-a1a8bab44526 HTTP/1.1" status: 200  len: 749 time: 0.0386589
2018-09-28 22:54:06.669 10110 DEBUG neutron.pecan_wsgi.hooks.policy_enforcement [req-4a360bcf-0fde-4fd7-8d03-cd0e452f5902 6041b01c631d425d829cf96874ce50bf 671ea1986554476bbcaa620e00697d23 - default default] Attributes excluded by policy engine: [u'shared'] _exclude_attributes_by_policy /usr/lib/python2.7/site-packages/neutron/pecan_wsgi/hooks/policy_enforcement.py:256
2018-09-28 22:54:06.671 10110 INFO neutron.wsgi [req-4a360bcf-0fde-4fd7-8d03-cd0e452f5902 6041b01c631d425d829cf96874ce50bf 671ea1986554476bbcaa620e00697d23 - default default] 10.0.20.25 "GET /v2.0/subnets?id=057153ff-dd80-4a4c-ae45-1144ece3bf8e HTTP/1.1" status: 200  len: 843 time: 0.1357648
2018-09-28 22:54:06.781 10110 INFO neutron.wsgi [req-e6ba080f-4873-4d56-b83c-ec17befdc7b8 6041b01c631d425d829cf96874ce50bf 671ea1986554476bbcaa620e00697d23 - default default] 10.0.20.25 "GET /v2.0/ports?network_id=76101fd2-7452-4844-b988-6876cb4d6ee9&device_owner=network%3Adhcp HTTP/1.1" status: 200  len: 1127 time: 0.1039400
2018-09-28 22:54:07.638 10125 DEBUG neutron_lib.callbacks.manager [req-d8106777-6dc8-429f-a8d4-91d4c2cadabc - - - - -] Notify callbacks ['neutron.services.segments.db._update_segment_host_mapping_for_agent-8788797440577'] for agent, after_update _notify_loop /usr/lib/python2.7/site-packages/neutron_lib/callbacks/manager.py:167
2018-09-28 22:54:09.050 10130 DEBUG neutron_lib.callbacks.manager [req-a125c18f-8690-4580-92ab-9f14d930bcf9 - - - - -] Notify callbacks ['neutron.services.segments.db._update_segment_host_mapping_for_agent-8788797440577'] for agent, after_update _notify_loop /usr/lib/python2.7/site-packages/neutron_lib/callbacks/manager.py:167
2018-09-28 22:54:18.456 10109 INFO neutron.wsgi [req-55ded496-066a-4761-9364-65d71f3e7d46 8baad81649dc4522883811cbaa1f526d 2a157289deb145e092be88e63dfbb03c - 1943f07bb38b4dfc87cb65ba8c2acc2f 1943f07bb38b4dfc87cb65ba8c2acc2f] 10.0.20.25 "GET /v2.0/ports?device_id=1acf15e9-aef0-4177-b9b0-d903216fb49d HTTP/1.1" status: 200  len: 1123 time: 0.6870620
2018-09-28 22:54:18.646 10109 INFO neutron.wsgi [req-6920ca86-5ad8-44e5-813c-c380ba8d8cd6 8baad81649dc4522883811cbaa1f526d 2a157289deb145e092be88e63dfbb03c - 1943f07bb38b4dfc87cb65ba8c2acc2f 1943f07bb38b4dfc87cb65ba8c2acc2f] 10.0.20.25 "GET /v2.0/security-groups?id=9123a92e-779f-41e6-bae0-ba50c818841f HTTP/1.1" status: 200  len: 2118 time: 0.1809928
2018-09-28 22:54:19.636 10122 DEBUG neutron_lib.callbacks.manager [req-75d877a2-1682-4651-be84-e7c89874751c - - - - -] Notify callbacks ['neutron.services.segments.db._update_segment_host_mapping_for_agent-8788797440577'] for agent, after_update _notify_loop /usr/lib/python2.7/site-packages/neutron_lib/callbacks/manager.py:167
2018-09-28 22:54:20.335 10124 DEBUG neutron_lib.callbacks.manager [req-9427cc32-7420-404a-b7ef-3d527b99e451 - - - - -] Notify callbacks ['neutron.services.segments.db._update_segment_host_mapping_for_agent-8788797440577'] for agent, after_update _notify_loop /usr/lib/python2.7/site-packages/neutron_lib/callbacks/manager.py:167
2018-09-28 22:54:30.248 10134 DEBUG neutron.db.agents_db [req-2197c4aa-5d96-4829-8334-0c52dad8d06c - - - - -] Agent healthcheck: found 5 active agents agent_health_check /usr/lib/python2.7/site-packages/neutron/db/agents_db.py:281
2018-09-28 22:54:31.009 10109 INFO neutron.wsgi [req-19fd835c-19e4-477d-b447-07d820db0c6c 8baad81649dc4522883811cbaa1f526d 2a157289deb145e092be88e63dfbb03c - 1943f07bb38b4dfc87cb65ba8c2acc2f 1943f07bb38b4dfc87cb65ba8c2acc2f] 10.0.20.25 "GET /v2.0/ports?device_id=1acf15e9-aef0-4177-b9b0-d903216fb49d HTTP/1.1" status: 200  len: 1123 time: 0.6146040
2018-09-28 22:54:31.144 10109 INFO neutron.wsgi [req-ce5eb859-28e5-4b12-898e-08531a7b04a2 8baad81649dc4522883811cbaa1f526d 2a157289deb145e092be88e63dfbb03c - 1943f07bb38b4dfc87cb65ba8c2acc2f 1943f07bb38b4dfc87cb65ba8c2acc2f] 10.0.20.25 "GET /v2.0/security-groups?id=9123a92e-779f-41e6-bae0-ba50c818841f HTTP/1.1" status: 200  len: 2118 time: 0.1287940
2018-09-28 22:54:34.649 10123 DEBUG neutron_lib.callbacks.manager [req-c39aa1d3-7cee-4a2b-88e9-b34ac33bb552 - - - - -] Notify callbacks ['neutron.services.segments.db._update_segment_host_mapping_for_agent-8788797440577'] for agent, after_update _notify_loop /usr/lib/python2.7/site-packages/neutron_lib/callbacks/manager.py:167
2018-09-28 22:54:37.651 10127 DEBUG neutron_lib.callbacks.manager [req-d1a32d6e-b627-4b91-b845-3650176de4cd - - - - -] Notify callbacks ['neutron.services.segments.db._update_segment_host_mapping_for_agent-8788797440577'] for agent, after_update _notify_loop /usr/lib/python2.7/site-packages/neutron_lib/callbacks/manager.py:167
2018-09-28 22:54:39.056 10131 DEBUG neutron_lib.callbacks.manager [req-a125c18f-8690-4580-92ab-9f14d930bcf9 - - - - -] Notify callbacks ['neutron.services.segments.db._update_segment_host_mapping_for_agent-8788797440577'] for agent, after_update _notify_loop /usr/lib/python2.7/site-packages/neutron_lib/callbacks/manager.py:167
2018-09-28 22:54:45.584 10109 INFO neutron.wsgi [req-58b05753-c3c2-4776-b456-87dde416ba68 8baad81649dc4522883811cbaa1f526d 2a157289deb145e092be88e63dfbb03c - 1943f07bb38b4dfc87cb65ba8c2acc2f 1943f07bb38b4dfc87cb65ba8c2acc2f] 10.0.20.25 "GET /v2.0/ports?device_id=1acf15e9-aef0-4177-b9b0-d903216fb49d HTTP/1.1" status: 200  len: 1123 time: 0.7504179
2018-09-28 22:54:45.728 10109 INFO neutron.wsgi [req-e09fffcd-eeac-42c6-8bcb-43df74762311 8baad81649dc4522883811cbaa1f526d 2a157289deb145e092be88e63dfbb03c - 1943f07bb38b4dfc87cb65ba8c2acc2f 1943f07bb38b4dfc87cb65ba8c2acc2f] 10.0.20.25 "GET /v2.0/security-groups?id=9123a92e-779f-41e6-bae0-ba50c818841f HTTP/1.1" status: 200  len: 2118 time: 0.1361330
2018-09-28 22:54:49.636 10128 DEBUG neutron_lib.callbacks.manager [req-75d877a2-1682-4651-be84-e7c89874751c - - - - -] Notify callbacks ['neutron.services.segments.db._update_segment_host_mapping_for_agent-8788797440577'] for agent, after_update _notify_loop /usr/lib/python2.7/site-packages/neutron_lib/callbacks/manager.py:167
2018-09-28 22:54:50.320 10126 DEBUG neutron_lib.callbacks.manager [req-c501af67-0db9-4b72-8959-76efe48a2b15 - - - - -] Notify callbacks ['neutron.services.segments.db._update_segment_host_mapping_for_agent-8788797440577'] for agent, after_update _notify_loop /usr/lib/python2.7/site-packages/neutron_lib/callbacks/manager.py:167
2018-09-28 22:54:57.855 10111 INFO neutron.wsgi [req-80bc5c9f-c2f9-4537-ac21-5f039c1f4434 8baad81649dc4522883811cbaa1f526d 2a157289deb145e092be88e63dfbb03c - 1943f07bb38b4dfc87cb65ba8c2acc2f 1943f07bb38b4dfc87cb65ba8c2acc2f] 10.0.20.25 "GET /v2.0/ports?device_id=1acf15e9-aef0-4177-b9b0-d903216fb49d HTTP/1.1" status: 200  len: 1123 time: 0.6125128
2018-09-28 22:54:58.387 10111 INFO neutron.wsgi [req-f3095034-c589-4c42-9721-63512497ba09 8baad81649dc4522883811cbaa1f526d 2a157289deb145e092be88e63dfbb03c - 1943f07bb38b4dfc87cb65ba8c2acc2f 1943f07bb38b4dfc87cb65ba8c2acc2f] 10.0.20.25 "GET /v2.0/security-groups?id=9123a92e-779f-41e6-bae0-ba50c818841f HTTP/1.1" status: 200  len: 2118 time: 0.5247529
2018-09-28 22:54:59.301 10110 INFO neutron.wsgi [req-60ce8cf9-c8c2-456e-8a5f-2828c3830194 6041b01c631d425d829cf96874ce50bf 671ea1986554476bbcaa620e00697d23 - default default] 10.0.20.25 "GET /v2.0/ports?tenant_id=2a157289deb145e092be88e63dfbb03c&device_id=1acf15e9-aef0-4177-b9b0-d903216fb49d HTTP/1.1" status: 200  len: 1123 time: 0.1596670
2018-09-28 22:54:59.635 10110 DEBUG neutron.pecan_wsgi.hooks.policy_enforcement [req-fc1803f1-7009-4ad0-b675-4d620306d5be 6041b01c631d425d829cf96874ce50bf 671ea1986554476bbcaa620e00697d23 - default default] Attributes excluded by policy engine: [u'vlan_transparent'] _exclude_attributes_by_policy /usr/lib/python2.7/site-packages/neutron/pecan_wsgi/hooks/policy_enforcement.py:256
2018-09-28 22:54:59.641 10110 INFO neutron.wsgi [req-fc1803f1-7009-4ad0-b675-4d620306d5be 6041b01c631d425d829cf96874ce50bf 671ea1986554476bbcaa620e00697d23 - default default] 10.0.20.25 "GET /v2.0/networks?id=76101fd2-7452-4844-b988-6876cb4d6ee9 HTTP/1.1" status: 200  len: 885 time: 0.3263991
